MemTotal:        4016004 kB
MemFree:         3236760 kB
Active:           422892 kB
Mem:          3.8G       760M       3.1G       5.7M        50M       319M

MemTotal:        4016004 kB
MemFree:         3237724 kB
Active:           422896 kB
Mem:          3.8G       760M       3.1G       5.7M        50M       319M

MemTotal:        4016004 kB
MemFree:         3237584 kB
Active:           422944 kB
Mem:          3.8G       760M       3.1G       5.7M        50M       319M

MemTotal:        4016004 kB
MemFree:         3237444 kB
Active:           422944 kB
Mem:          3.8G       760M       3.1G       5.7M        50M       319M

MemTotal:        4016004 kB
MemFree:         3237876 kB
Active:           422932 kB
Mem:          3.8G       759M       3.1G       5.7M        50M       319M

MemTotal:        4016004 kB
MemFree:         3238124 kB
Active:           422988 kB
Mem:          3.8G       759M       3.1G       5.7M        50M       319M

MemTotal:        4016004 kB
MemFree:         3238652 kB
Active:           422980 kB
Mem:          3.8G       759M       3.1G       5.7M        50M       319M

MemTotal:        4016004 kB
MemFree:         3239008 kB
Active:           422952 kB
Mem:          3.8G       758M       3.1G       5.7M        50M       319M

MemTotal:        4016004 kB
MemFree:         3238744 kB
Active:           422968 kB
Mem:          3.8G       759M       3.1G       5.7M        50M       319M

MemTotal:        4016004 kB
MemFree:         3238620 kB
Active:           422956 kB
Mem:          3.8G       759M       3.1G       5.7M        50M       319M

MemTotal:        4016004 kB
MemFree:         3238232 kB
Active:           422992 kB
Mem:          3.8G       759M       3.1G       5.7M        50M       319M

MemTotal:        4016004 kB
MemFree:         3238480 kB
Active:           422984 kB
Mem:          3.8G       759M       3.1G       5.7M        50M       319M

MemTotal:        4016004 kB
MemFree:         3238464 kB
Active:           422964 kB
Mem:          3.8G       759M       3.1G       5.7M        50M       319M

MemTotal:        4016004 kB
MemFree:         3238108 kB
Active:           422952 kB
Mem:          3.8G       759M       3.1G       5.7M        50M       319M

MemTotal:        4016004 kB
MemFree:         3238232 kB
Active:           422956 kB
Mem:          3.8G       759M       3.1G       5.7M        50M       319M

MemTotal:        4016004 kB
MemFree:         3238092 kB
Active:           422992 kB
Mem:          3.8G       759M       3.1G       5.7M        50M       319M

MemTotal:        4016004 kB
MemFree:         3238340 kB
Active:           423004 kB
Mem:          3.8G       759M       3.1G       5.7M        50M       319M

MemTotal:        4016004 kB
MemFree:         3238728 kB
Active:           423004 kB
Mem:          3.8G       759M       3.1G       5.7M        50M       319M

MemTotal:        4016004 kB
MemFree:         3238480 kB
Active:           423004 kB
Mem:          3.8G       759M       3.1G       5.7M        50M       319M

MemTotal:        4016004 kB
MemFree:         3238356 kB
Active:           423004 kB
Mem:          3.8G       759M       3.1G       5.7M        50M       319M

MemTotal:        4016004 kB
MemFree:         3238728 kB
Active:           422960 kB
Mem:          3.8G       759M       3.1G       5.7M        50M       319M

MemTotal:        4016004 kB
MemFree:         3238480 kB
Active:           423004 kB
Mem:          3.8G       759M       3.1G       5.7M        50M       319M

MemTotal:        4016004 kB
MemFree:         3238852 kB
Active:           422996 kB
Mem:          3.8G       759M       3.1G       5.7M        50M       319M

MemTotal:        4016004 kB
MemFree:         3237572 kB
Active:           420976 kB
Mem:          3.8G       759M       3.1G       5.7M        50M       319M

MemTotal:        4016004 kB
MemFree:         3238228 kB
Active:           423000 kB
Mem:          3.8G       759M       3.1G       5.7M        50M       319M

MemTotal:        4016004 kB
MemFree:         3237856 kB
Active:           423012 kB
Mem:          3.8G       759M       3.1G       5.7M        50M       319M

MemTotal:        4016004 kB
MemFree:         3238352 kB
Active:           423008 kB
Mem:          3.8G       759M       3.1G       5.7M        50M       319M

MemTotal:        4016004 kB
MemFree:         3238496 kB
Active:           422976 kB
Mem:          3.8G       759M       3.1G       5.7M        50M       319M

MemTotal:        4016004 kB
MemFree:         3238124 kB
Active:           423024 kB
Mem:          3.8G       759M       3.1G       5.7M        50M       319M

MemTotal:        4016004 kB
MemFree:         3238372 kB
Active:           422988 kB
Mem:          3.8G       759M       3.1G       5.7M        50M       319M

MemTotal:        4016004 kB
MemFree:         3238372 kB
Active:           423004 kB
Mem:          3.8G       759M       3.1G       5.7M        50M       319M

MemTotal:        4016004 kB
MemFree:         3238744 kB
Active:           422976 kB
Mem:          3.8G       758M       3.1G       5.7M        50M       319M

MemTotal:        4016004 kB
MemFree:         3238852 kB
Active:           422968 kB
Mem:          3.8G       758M       3.1G       5.7M        50M       319M

MemTotal:        4016004 kB
MemFree:         3238604 kB
Active:           423024 kB
Mem:          3.8G       759M       3.1G       5.7M        50M       319M

MemTotal:        4016004 kB
MemFree:         3238960 kB
Active:           423024 kB
Mem:          3.8G       758M       3.1G       5.7M        50M       319M

MemTotal:        4016004 kB
MemFree:         3238960 kB
Active:           422980 kB
Mem:          3.8G       758M       3.1G       5.7M        50M       319M

MemTotal:        4016004 kB
MemFree:         3239068 kB
Active:           423000 kB
Mem:          3.8G       759M       3.1G       5.7M        50M       319M

MemTotal:        4016004 kB
MemFree:         3239052 kB
Active:           423028 kB
Mem:          3.8G       758M       3.1G       5.7M        50M       319M

MemTotal:        4016004 kB
MemFree:         3238664 kB
Active:           423044 kB
Mem:          3.8G       759M       3.1G       5.7M        50M       319M

MemTotal:        4016004 kB
MemFree:         3238540 kB
Active:           422992 kB
Mem:          3.8G       759M       3.1G       5.7M        50M       319M

MemTotal:        4016004 kB
MemFree:         3238788 kB
Active:           422996 kB
Mem:          3.8G       758M       3.1G       5.7M        50M       319M

MemTotal:        4016004 kB
MemFree:         3238664 kB
Active:           423008 kB
Mem:          3.8G       759M       3.1G       5.7M        50M       319M

MemTotal:        4016004 kB
MemFree:         3238416 kB
Active:           422992 kB
Mem:          3.8G       759M       3.1G       5.7M        50M       319M

MemTotal:        4016004 kB
MemFree:         3238024 kB
Active:           421072 kB
Mem:          3.8G       759M       3.1G       5.7M        50M       319M

MemTotal:        4016004 kB
MemFree:         3237964 kB
Active:           420964 kB
Mem:          3.8G       759M       3.1G       5.7M        50M       319M

MemTotal:        4016004 kB
MemFree:         3238088 kB
Active:           420984 kB
Mem:          3.8G       759M       3.1G       5.7M        50M       319M

MemTotal:        4016004 kB
MemFree:         3237840 kB
Active:           420992 kB
Mem:          3.8G       759M       3.1G       5.7M        50M       319M

MemTotal:        4016004 kB
MemFree:         3237724 kB
Active:           423044 kB
Mem:          3.8G       759M       3.1G       5.7M        50M       319M

MemTotal:        4016004 kB
MemFree:         3237584 kB
Active:           423064 kB
Mem:          3.8G       759M       3.1G       5.7M        50M       319M

MemTotal:        4016004 kB
MemFree:         3237740 kB
Active:           423068 kB
Mem:          3.8G       759M       3.1G       5.7M        50M       319M

MemTotal:        4016004 kB
MemFree:         3237740 kB
Active:           423072 kB
Mem:          3.8G       759M       3.1G       5.7M        50M       319M

MemTotal:        4016004 kB
MemFree:         3237988 kB
Active:           423060 kB
Mem:          3.8G       759M       3.1G       5.7M        50M       319M

MemTotal:        4016004 kB
MemFree:         3238236 kB
Active:           423064 kB
Mem:          3.8G       759M       3.1G       5.7M        50M       319M

MemTotal:        4016004 kB
MemFree:         3237616 kB
Active:           423040 kB
Mem:          3.8G       760M       3.1G       5.7M        50M       319M

MemTotal:        4016004 kB
MemFree:         3237616 kB
Active:           423036 kB
Mem:          3.8G       760M       3.1G       5.7M        50M       319M

MemTotal:        4016004 kB
MemFree:         3237616 kB
Active:           423068 kB
Mem:          3.8G       760M       3.1G       5.7M        50M       319M

MemTotal:        4016004 kB
MemFree:         3237616 kB
Active:           423100 kB
Mem:          3.8G       759M       3.1G       5.7M        50M       319M

MemTotal:        4016004 kB
MemFree:         3237864 kB
Active:           423100 kB
Mem:          3.8G       759M       3.1G       5.7M        50M       319M

MemTotal:        4016004 kB
MemFree:         3238096 kB
Active:           423084 kB
Mem:          3.8G       759M       3.1G       5.7M        50M       319M

MemTotal:        4016004 kB
MemFree:         3237708 kB
Active:           423100 kB
Mem:          3.8G       759M       3.1G       5.7M        50M       319M

MemTotal:        4016004 kB
MemFree:         3237832 kB
Active:           423100 kB
Mem:          3.8G       759M       3.1G       5.7M        50M       319M

MemTotal:        4016004 kB
MemFree:         3238268 kB
Active:           423080 kB
Mem:          3.8G       759M       3.1G       5.7M        50M       319M

MemTotal:        4016004 kB
MemFree:         3238392 kB
Active:           423064 kB
Mem:          3.8G       759M       3.1G       5.7M        50M       319M

MemTotal:        4016004 kB
MemFree:         3238152 kB
Active:           423084 kB
Mem:          3.8G       759M       3.1G       5.7M        50M       319M

MemTotal:        4016004 kB
MemFree:         3238028 kB
Active:           423104 kB
Mem:          3.8G       759M       3.1G       5.7M        50M       319M

MemTotal:        4016004 kB
MemFree:         3238152 kB
Active:           423056 kB
Mem:          3.8G       759M       3.1G       5.7M        50M       319M

MemTotal:        4016004 kB
MemFree:         3238152 kB
Active:           423080 kB
Mem:          3.8G       759M       3.1G       5.7M        50M       319M

MemTotal:        4016004 kB
MemFree:         3238276 kB
Active:           423104 kB
Mem:          3.8G       759M       3.1G       5.7M        50M       319M

MemTotal:        4016004 kB
MemFree:         3238276 kB
Active:           423104 kB
Mem:          3.8G       759M       3.1G       5.7M        50M       319M

MemTotal:        4016004 kB
MemFree:         3238028 kB
Active:           423080 kB
Mem:          3.8G       759M       3.1G       5.7M        50M       319M

MemTotal:        4016004 kB
MemFree:         3238076 kB
Active:           423112 kB
Mem:          3.8G       759M       3.1G       5.7M        50M       319M

MemTotal:        4016004 kB
MemFree:         3238448 kB
Active:           423088 kB
Mem:          3.8G       759M       3.1G       5.7M        50M       319M

MemTotal:        4016004 kB
MemFree:         3238432 kB
Active:           423072 kB
Mem:          3.8G       759M       3.1G       5.7M        50M       319M

MemTotal:        4016004 kB
MemFree:         3238696 kB
Active:           423080 kB
Mem:          3.8G       758M       3.1G       5.7M        50M       319M

MemTotal:        4016004 kB
MemFree:         3238928 kB
Active:           423064 kB
Mem:          3.8G       758M       3.1G       5.7M        50M       319M

MemTotal:        4016004 kB
MemFree:         3238912 kB
Active:           423072 kB
Mem:          3.8G       758M       3.1G       5.7M        50M       319M

MemTotal:        4016004 kB
MemFree:         3238772 kB
Active:           423100 kB
Mem:          3.8G       758M       3.1G       5.7M        50M       319M

MemTotal:        4016004 kB
MemFree:         3238912 kB
Active:           423104 kB
Mem:          3.8G       758M       3.1G       5.7M        50M       319M

MemTotal:        4016004 kB
MemFree:         3238788 kB
Active:           423112 kB
Mem:          3.8G       759M       3.1G       5.7M        50M       319M

MemTotal:        4016004 kB
MemFree:         3238788 kB
Active:           423064 kB
Mem:          3.8G       759M       3.1G       5.7M        50M       319M

MemTotal:        4016004 kB
MemFree:         3238292 kB
Active:           423120 kB
Mem:          3.8G       759M       3.1G       5.7M        50M       319M

MemTotal:        4016004 kB
MemFree:         3238540 kB
Active:           423064 kB
Mem:          3.8G       759M       3.1G       5.7M        50M       319M

MemTotal:        4016004 kB
MemFree:         3236616 kB
Active:           423072 kB
Mem:          3.8G       761M       3.1G       5.7M        50M       319M

MemTotal:        4016004 kB
MemFree:         3236352 kB
Active:           425112 kB
Mem:          3.8G       761M       3.1G       5.7M        50M       319M

MemTotal:        4016004 kB
MemFree:         3236352 kB
Active:           425140 kB
Mem:          3.8G       761M       3.1G       5.7M        50M       319M

MemTotal:        4016004 kB
MemFree:         3236460 kB
Active:           425100 kB
Mem:          3.8G       761M       3.1G       5.7M        50M       319M

MemTotal:        4016004 kB
MemFree:         3236196 kB
Active:           425156 kB
Mem:          3.8G       761M       3.1G       5.7M        50M       319M

MemTotal:        4016004 kB
MemFree:         3236196 kB
Active:           425136 kB
Mem:          3.8G       761M       3.1G       5.7M        50M       319M

MemTotal:        4016004 kB
MemFree:         3235808 kB
Active:           425156 kB
Mem:          3.8G       761M       3.1G       5.7M        50M       319M

MemTotal:        4016004 kB
MemFree:         3235808 kB
Active:           425120 kB
Mem:          3.8G       761M       3.1G       5.7M        50M       319M

MemTotal:        4016004 kB
MemFree:         3236056 kB
Active:           425124 kB
Mem:          3.8G       761M       3.1G       5.7M        50M       319M

MemTotal:        4016004 kB
MemFree:         3235792 kB
Active:           425168 kB
Mem:          3.8G       761M       3.1G       5.7M        50M       319M

MemTotal:        4016004 kB
MemFree:         3235900 kB
Active:           425120 kB
Mem:          3.8G       761M       3.1G       5.7M        50M       319M

MemTotal:        4016004 kB
MemFree:         3236008 kB
Active:           425152 kB
Mem:          3.8G       761M       3.1G       5.7M        50M       319M

MemTotal:        4016004 kB
MemFree:         3236132 kB
Active:           425148 kB
Mem:          3.8G       761M       3.1G       5.7M        50M       319M

MemTotal:        4016004 kB
MemFree:         3235992 kB
Active:           425164 kB
Mem:          3.8G       762M       3.1G       5.7M        50M       319M

MemTotal:        4016004 kB
MemFree:         3235620 kB
Active:           425172 kB
Mem:          3.8G       761M       3.1G       5.7M        50M       319M

MemTotal:        4016004 kB
MemFree:         3235992 kB
Active:           425168 kB
Mem:          3.8G       761M       3.1G       5.7M        50M       319M

MemTotal:        4016004 kB
MemFree:         3235620 kB
Active:           425184 kB
Mem:          3.8G       761M       3.1G       5.7M        50M       319M

MemTotal:        4016004 kB
MemFree:         3236100 kB
Active:           425160 kB
Mem:          3.8G       761M       3.1G       5.7M        50M       319M

MemTotal:        4016004 kB
MemFree:         3236148 kB
Active:           425136 kB
Mem:          3.8G       761M       3.1G       5.7M        50M       319M

MemTotal:        4016004 kB
MemFree:         3236148 kB
Active:           425144 kB
Mem:          3.8G       761M       3.1G       5.7M        50M       319M

MemTotal:        4016004 kB
MemFree:         3234820 kB
Active:           423216 kB
Mem:          3.8G       762M       3.1G       5.7M        50M       319M

MemTotal:        4016004 kB
MemFree:         3235152 kB
Active:           423112 kB
Mem:          3.8G       762M       3.1G       5.7M        50M       319M

MemTotal:        4016004 kB
MemFree:         3235524 kB
Active:           423100 kB
Mem:          3.8G       762M       3.1G       5.7M        50M       319M

MemTotal:        4016004 kB
MemFree:         3235648 kB
Active:           423116 kB
Mem:          3.8G       762M       3.1G       5.7M        50M       319M

MemTotal:        4016004 kB
MemFree:         3235772 kB
Active:           425168 kB
Mem:          3.8G       761M       3.1G       5.7M        50M       319M

MemTotal:        4016004 kB
MemFree:         3236144 kB
Active:           425184 kB
Mem:          3.8G       761M       3.1G       5.7M        50M       319M

MemTotal:        4016004 kB
MemFree:         3236020 kB
Active:           425156 kB
Mem:          3.8G       761M       3.1G       5.7M        50M       319M

MemTotal:        4016004 kB
MemFree:         3236020 kB
Active:           425188 kB
Mem:          3.8G       761M       3.1G       5.7M        50M       319M

MemTotal:        4016004 kB
MemFree:         3235648 kB
Active:           425212 kB
Mem:          3.8G       762M       3.1G       5.7M        50M       319M

MemTotal:        4016004 kB
MemFree:         3235756 kB
Active:           425176 kB
Mem:          3.8G       762M       3.1G       5.7M        50M       319M

MemTotal:        4016004 kB
MemFree:         3235244 kB
Active:           425220 kB
Mem:          3.8G       762M       3.1G       5.7M        50M       319M

MemTotal:        4016004 kB
MemFree:         3235724 kB
Active:           425172 kB
Mem:          3.8G       761M       3.1G       5.7M        50M       319M

MemTotal:        4016004 kB
MemFree:         3235708 kB
Active:           425184 kB
Mem:          3.8G       762M       3.1G       5.7M        50M       319M

MemTotal:        4016004 kB
MemFree:         3235692 kB
Active:           425196 kB
Mem:          3.8G       761M       3.1G       5.7M        50M       319M

MemTotal:        4016004 kB
MemFree:         3235692 kB
Active:           425204 kB
Mem:          3.8G       762M       3.1G       5.7M        50M       319M

MemTotal:        4016004 kB
MemFree:         3235756 kB
Active:           425200 kB
Mem:          3.8G       761M       3.1G       5.7M        50M       319M

MemTotal:        4016004 kB
MemFree:         3235880 kB
Active:           425224 kB
Mem:          3.8G       762M       3.1G       5.7M        50M       319M

MemTotal:        4016004 kB
MemFree:         3236004 kB
Active:           425204 kB
Mem:          3.8G       761M       3.1G       5.7M        50M       319M

MemTotal:        4016004 kB
MemFree:         3236004 kB
Active:           425232 kB
Mem:          3.8G       761M       3.1G       5.7M        50M       319M

MemTotal:        4016004 kB
MemFree:         3235756 kB
Active:           425236 kB
Mem:          3.8G       761M       3.1G       5.7M        50M       319M

MemTotal:        4016004 kB
MemFree:         3235756 kB
Active:           425192 kB
Mem:          3.8G       762M       3.1G       5.7M        50M       319M

MemTotal:        4016004 kB
MemFree:         3235756 kB
Active:           425212 kB
Mem:          3.8G       761M       3.1G       5.7M        50M       319M

MemTotal:        4016004 kB
MemFree:         3235384 kB
Active:           425236 kB
Mem:          3.8G       762M       3.1G       5.7M        50M       319M

MemTotal:        4016004 kB
MemFree:         3235384 kB
Active:           425200 kB
Mem:          3.8G       762M       3.1G       5.7M        50M       319M

MemTotal:        4016004 kB
MemFree:         3234888 kB
Active:           425240 kB
Mem:          3.8G       762M       3.1G       5.7M        50M       319M

MemTotal:        4016004 kB
MemFree:         3235508 kB
Active:           425212 kB
Mem:          3.8G       762M       3.1G       5.7M        50M       319M

MemTotal:        4016004 kB
MemFree:         3236004 kB
Active:           425220 kB
Mem:          3.8G       761M       3.1G       5.7M        50M       319M

MemTotal:        4016004 kB
MemFree:         3235632 kB
Active:           425248 kB
Mem:          3.8G       761M       3.1G       5.7M        50M       319M

MemTotal:        4016004 kB
MemFree:         3235880 kB
Active:           425220 kB
Mem:          3.8G       761M       3.1G       5.7M        50M       319M

MemTotal:        4016004 kB
MemFree:         3236376 kB
Active:           425224 kB
Mem:          3.8G       761M       3.1G       5.7M        50M       319M

MemTotal:        4016004 kB
MemFree:         3235676 kB
Active:           423188 kB
Mem:          3.8G       762M       3.1G       5.7M        50M       319M

MemTotal:        4016004 kB
MemFree:         3235296 kB
Active:           425248 kB
Mem:          3.8G       762M       3.1G       5.7M        50M       319M

MemTotal:        4016004 kB
MemFree:         3235900 kB
Active:           425228 kB
Mem:          3.8G       761M       3.1G       5.7M        50M       319M

MemTotal:        4016004 kB
MemFree:         3235700 kB
Active:           425248 kB
Mem:          3.8G       761M       3.1G       5.7M        50M       319M

MemTotal:        4016004 kB
MemFree:         3235832 kB
Active:           425240 kB
Mem:          3.8G       761M       3.1G       5.7M        51M       319M

MemTotal:        4016004 kB
MemFree:         3235832 kB
Active:           425244 kB
Mem:          3.8G       761M       3.1G       5.7M        51M       319M

MemTotal:        4016004 kB
MemFree:         3236080 kB
Active:           425256 kB
Mem:          3.8G       761M       3.1G       5.7M        51M       319M

MemTotal:        4016004 kB
MemFree:         3236080 kB
Active:           425260 kB
Mem:          3.8G       761M       3.1G       5.7M        51M       319M

MemTotal:        4016004 kB
MemFree:         3235676 kB
Active:           425216 kB
Mem:          3.8G       762M       3.1G       5.7M        51M       319M

MemTotal:        4016004 kB
MemFree:         3235836 kB
Active:           425228 kB
Mem:          3.8G       762M       3.1G       5.7M        51M       319M

MemTotal:        4016004 kB
MemFree:         3235324 kB
Active:           423196 kB
Mem:          3.8G       762M       3.1G       5.7M        51M       319M

MemTotal:        4016004 kB
MemFree:         3235324 kB
Active:           423200 kB
Mem:          3.8G       762M       3.1G       5.7M        51M       319M

MemTotal:        4016004 kB
MemFree:         3235820 kB
Active:           425256 kB
Mem:          3.8G       762M       3.1G       5.7M        51M       319M

MemTotal:        4016004 kB
MemFree:         3236164 kB
Active:           425248 kB
Mem:          3.8G       761M       3.1G       5.7M        51M       319M

MemTotal:        4016004 kB
MemFree:         3236196 kB
Active:           425280 kB
Mem:          3.8G       761M       3.1G       5.7M        51M       319M

MemTotal:        4016004 kB
MemFree:         3236196 kB
Active:           425232 kB
Mem:          3.8G       761M       3.1G       5.7M        51M       319M

MemTotal:        4016004 kB
MemFree:         3235948 kB
Active:           425232 kB
Mem:          3.8G       761M       3.1G       5.7M        51M       319M

MemTotal:        4016004 kB
MemFree:         3235824 kB
Active:           425228 kB
Mem:          3.8G       761M       3.1G       5.7M        51M       319M

MemTotal:        4016004 kB
MemFree:         3236088 kB
Active:           425240 kB
Mem:          3.8G       762M       3.1G       5.7M        51M       319M

MemTotal:        4016004 kB
MemFree:         3235648 kB
Active:           423252 kB
Mem:          3.8G       762M       3.1G       5.7M        51M       319M

MemTotal:        4016004 kB
MemFree:         3235028 kB
Active:           425292 kB
Mem:          3.8G       762M       3.1G       5.7M        51M       319M

MemTotal:        4016004 kB
MemFree:         3235648 kB
Active:           425276 kB
Mem:          3.8G       762M       3.1G       5.7M        51M       319M

MemTotal:        4016004 kB
MemFree:         3235772 kB
Active:           425284 kB
Mem:          3.8G       761M       3.1G       5.7M        51M       319M

MemTotal:        4016004 kB
MemFree:         3235400 kB
Active:           425292 kB
Mem:          3.8G       762M       3.1G       5.7M        51M       319M

MemTotal:        4016004 kB
MemFree:         3235400 kB
Active:           425296 kB
Mem:          3.8G       762M       3.1G       5.7M        51M       319M

MemTotal:        4016004 kB
MemFree:         3235524 kB
Active:           425276 kB
Mem:          3.8G       762M       3.1G       5.7M        51M       319M

MemTotal:        4016004 kB
MemFree:         3235276 kB
Active:           425308 kB
Mem:          3.8G       762M       3.1G       5.7M        51M       319M

MemTotal:        4016004 kB
MemFree:         3235852 kB
Active:           425300 kB
Mem:          3.8G       761M       3.1G       5.7M        51M       319M

MemTotal:        4016004 kB
MemFree:         3235852 kB
Active:           425308 kB
Mem:          3.8G       761M       3.1G       5.7M        51M       319M

MemTotal:        4016004 kB
MemFree:         3233448 kB
Active:           425316 kB
Mem:          3.8G       763M       3.1G       5.7M        51M       319M

MemTotal:        4016004 kB
MemFree:         3233820 kB
Active:           427300 kB
Mem:          3.8G       763M       3.1G       5.7M        51M       319M

MemTotal:        4016004 kB
MemFree:         3233960 kB
Active:           427316 kB
Mem:          3.8G       763M       3.1G       5.7M        51M       319M

MemTotal:        4016004 kB
MemFree:         3234332 kB
Active:           427328 kB
Mem:          3.8G       763M       3.1G       5.7M        51M       319M

MemTotal:        4016004 kB
MemFree:         3234084 kB
Active:           427340 kB
Mem:          3.8G       763M       3.1G       5.7M        51M       319M

MemTotal:        4016004 kB
MemFree:         3233712 kB
Active:           427348 kB
Mem:          3.8G       763M       3.1G       5.7M        51M       319M

MemTotal:        4016004 kB
MemFree:         3233852 kB
Active:           427328 kB
Mem:          3.8G       763M       3.1G       5.7M        51M       319M

MemTotal:        4016004 kB
MemFree:         3233728 kB
Active:           427300 kB
Mem:          3.8G       763M       3.1G       5.7M        51M       319M

MemTotal:        4016004 kB
MemFree:         3233852 kB
Active:           427320 kB
Mem:          3.8G       763M       3.1G       5.7M        51M       319M

MemTotal:        4016004 kB
MemFree:         3233728 kB
Active:           427332 kB
Mem:          3.8G       763M       3.1G       5.7M        51M       319M

MemTotal:        4016004 kB
MemFree:         3233852 kB
Active:           427300 kB
Mem:          3.8G       763M       3.1G       5.7M        51M       319M

MemTotal:        4016004 kB
MemFree:         3233852 kB
Active:           427320 kB
Mem:          3.8G       763M       3.1G       5.7M        51M       319M

MemTotal:        4016004 kB
MemFree:         3234224 kB
Active:           427320 kB
Mem:          3.8G       763M       3.1G       5.7M        51M       319M

MemTotal:        4016004 kB
MemFree:         3234000 kB
Active:           427212 kB
Mem:          3.8G       763M       3.1G       5.7M        51M       319M

MemTotal:        4016004 kB
MemFree:         3234860 kB
Active:           427132 kB
Mem:          3.8G       762M       3.1G       5.7M        51M       319M

MemTotal:        4016004 kB
MemFree:         3234860 kB
Active:           427184 kB
Mem:          3.8G       762M       3.1G       5.7M        51M       319M

MemTotal:        4016004 kB
MemFree:         3234488 kB
Active:           427188 kB
Mem:          3.8G       763M       3.1G       5.7M        51M       319M

MemTotal:        4016004 kB
MemFree:         3234612 kB
Active:           427132 kB
Mem:          3.8G       763M       3.1G       5.7M        51M       319M

MemTotal:        4016004 kB
MemFree:         3234240 kB
Active:           427192 kB
Mem:          3.8G       763M       3.1G       5.7M        51M       319M

MemTotal:        4016004 kB
MemFree:         3234488 kB
Active:           427160 kB
Mem:          3.8G       763M       3.1G       5.7M        51M       319M

MemTotal:        4016004 kB
MemFree:         3233420 kB
Active:           425376 kB
Mem:          3.8G       764M       3.1G       5.7M        51M       319M

MemTotal:        4016004 kB
MemFree:         3234048 kB
Active:           427272 kB
Mem:          3.8G       763M       3.1G       5.7M        51M       319M

MemTotal:        4016004 kB
MemFree:         3234048 kB
Active:           427256 kB
Mem:          3.8G       763M       3.1G       5.7M        51M       319M

MemTotal:        4016004 kB
MemFree:         3233800 kB
Active:           427292 kB
Mem:          3.8G       763M       3.1G       5.7M        51M       319M

MemTotal:        4016004 kB
MemFree:         3233676 kB
Active:           427260 kB
Mem:          3.8G       763M       3.1G       5.7M        51M       319M

MemTotal:        4016004 kB
MemFree:         3233800 kB
Active:           427264 kB
Mem:          3.8G       763M       3.1G       5.7M        51M       319M

MemTotal:        4016004 kB
MemFree:         3233924 kB
Active:           427308 kB
Mem:          3.8G       763M       3.1G       5.7M        51M       319M

MemTotal:        4016004 kB
MemFree:         3233924 kB
Active:           427308 kB
Mem:          3.8G       763M       3.1G       5.7M        51M       319M

MemTotal:        4016004 kB
MemFree:         3234792 kB
Active:           427264 kB
Mem:          3.8G       762M       3.1G       5.7M        51M       319M

MemTotal:        4016004 kB
MemFree:         3234916 kB
Active:           427288 kB
Mem:          3.8G       762M       3.1G       5.7M        51M       319M

MemTotal:        4016004 kB
MemFree:         3233952 kB
Active:           425300 kB
Mem:          3.8G       763M       3.1G       5.7M        51M       319M

MemTotal:        4016004 kB
MemFree:         3234780 kB
Active:           427284 kB
Mem:          3.8G       762M       3.1G       5.7M        51M       319M

MemTotal:        4016004 kB
MemFree:         3234904 kB
Active:           427300 kB
Mem:          3.8G       762M       3.1G       5.7M        51M       319M

MemTotal:        4016004 kB
MemFree:         3235152 kB
Active:           427280 kB
Mem:          3.8G       762M       3.1G       5.7M        51M       319M

MemTotal:        4016004 kB
MemFree:         3228588 kB
Active:           432876 kB
Mem:          3.8G       769M       3.1G       5.7M        55M       319M

MemTotal:        4016004 kB
MemFree:         3225556 kB
Active:           435136 kB
Mem:          3.8G       771M       3.1G       5.7M        58M       319M

MemTotal:        4016004 kB
MemFree:         3225432 kB
Active:           435124 kB
Mem:          3.8G       771M       3.1G       5.7M        58M       319M

MemTotal:        4016004 kB
MemFree:         3225432 kB
Active:           435140 kB
Mem:          3.8G       771M       3.1G       5.7M        58M       319M

MemTotal:        4016004 kB
MemFree:         3225680 kB
Active:           435084 kB
Mem:          3.8G       771M       3.1G       5.7M        58M       319M

MemTotal:        4016004 kB
MemFree:         3225540 kB
Active:           435084 kB
Mem:          3.8G       772M       3.1G       5.7M        58M       319M

MemTotal:        4016004 kB
MemFree:         3224668 kB
Active:           435348 kB
Mem:          3.8G       772M       3.1G       5.7M        58M       319M

MemTotal:        4016004 kB
MemFree:         3224420 kB
Active:           435424 kB
Mem:          3.8G       773M       3.1G       5.7M        58M       319M

MemTotal:        4016004 kB
MemFree:         3224032 kB
Active:           435464 kB
Mem:          3.8G       773M       3.1G       5.7M        58M       319M

MemTotal:        4016004 kB
MemFree:         3223924 kB
Active:           435464 kB
Mem:          3.8G       773M       3.1G       5.7M        58M       319M

MemTotal:        4016004 kB
MemFree:         3224048 kB
Active:           435464 kB
Mem:          3.8G       773M       3.1G       5.7M        58M       319M

MemTotal:        4016004 kB
MemFree:         3224048 kB
Active:           435460 kB
Mem:          3.8G       773M       3.1G       5.7M        58M       319M

MemTotal:        4016004 kB
MemFree:         3224048 kB
Active:           435492 kB
Mem:          3.8G       773M       3.1G       5.7M        58M       319M

MemTotal:        4016004 kB
MemFree:         3223924 kB
Active:           435440 kB
Mem:          3.8G       773M       3.1G       5.7M        58M       319M

MemTotal:        4016004 kB
MemFree:         3223676 kB
Active:           435492 kB
Mem:          3.8G       773M       3.1G       5.7M        58M       319M

MemTotal:        4016004 kB
MemFree:         3223800 kB
Active:           435496 kB
Mem:          3.8G       773M       3.1G       5.7M        58M       319M

MemTotal:        4016004 kB
MemFree:         3223676 kB
Active:           435496 kB
Mem:          3.8G       773M       3.1G       5.7M        58M       319M

MemTotal:        4016004 kB
MemFree:         3223800 kB
Active:           435468 kB
Mem:          3.8G       773M       3.1G       5.7M        58M       319M

MemTotal:        4016004 kB
MemFree:         3223800 kB
Active:           435460 kB
Mem:          3.8G       773M       3.1G       5.7M        58M       319M

MemTotal:        4016004 kB
MemFree:         3223924 kB
Active:           435504 kB
Mem:          3.8G       773M       3.1G       5.7M        58M       319M

MemTotal:        4016004 kB
MemFree:         3223800 kB
Active:           435476 kB
Mem:          3.8G       773M       3.1G       5.7M        58M       319M

MemTotal:        4016004 kB
MemFree:         3223800 kB
Active:           435448 kB
Mem:          3.8G       773M       3.1G       5.7M        58M       319M

MemTotal:        4016004 kB
MemFree:         3223924 kB
Active:           435500 kB
Mem:          3.8G       773M       3.1G       5.7M        58M       319M

MemTotal:        4016004 kB
MemFree:         3224296 kB
Active:           435436 kB
Mem:          3.8G       773M       3.1G       5.7M        58M       319M

MemTotal:        4016004 kB
MemFree:         3224172 kB
Active:           435476 kB
Mem:          3.8G       773M       3.1G       5.7M        58M       319M

MemTotal:        4016004 kB
MemFree:         3223924 kB
Active:           435512 kB
Mem:          3.8G       773M       3.1G       5.7M        58M       319M

MemTotal:        4016004 kB
MemFree:         3223924 kB
Active:           435508 kB
Mem:          3.8G       773M       3.1G       5.7M        58M       319M

MemTotal:        4016004 kB
MemFree:         3223924 kB
Active:           435532 kB
Mem:          3.8G       773M       3.1G       5.7M        58M       319M

MemTotal:        4016004 kB
MemFree:         3223924 kB
Active:           435516 kB
Mem:          3.8G       773M       3.1G       5.7M        58M       319M

MemTotal:        4016004 kB
MemFree:         3223924 kB
Active:           435496 kB
Mem:          3.8G       773M       3.1G       5.7M        58M       319M

MemTotal:        4016004 kB
MemFree:         3223924 kB
Active:           435500 kB
Mem:          3.8G       773M       3.1G       5.7M        58M       319M

MemTotal:        4016004 kB
MemFree:         3223800 kB
Active:           435476 kB
Mem:          3.8G       773M       3.1G       5.7M        58M       319M

MemTotal:        4016004 kB
MemFree:         3223552 kB
Active:           435536 kB
Mem:          3.8G       773M       3.1G       5.7M        58M       319M

MemTotal:        4016004 kB
MemFree:         3223800 kB
Active:           435536 kB
Mem:          3.8G       773M       3.1G       5.7M        58M       319M

MemTotal:        4016004 kB
MemFree:         3223676 kB
Active:           435504 kB
Mem:          3.8G       773M       3.1G       5.7M        58M       319M

MemTotal:        4016004 kB
MemFree:         3223428 kB
Active:           435528 kB
Mem:          3.8G       773M       3.1G       5.7M        58M       319M

MemTotal:        4016004 kB
MemFree:         3223552 kB
Active:           435496 kB
Mem:          3.8G       773M       3.1G       5.7M        58M       319M

MemTotal:        4016004 kB
MemFree:         3223552 kB
Active:           435504 kB
Mem:          3.8G       773M       3.1G       5.7M        58M       319M

MemTotal:        4016004 kB
MemFree:         3223552 kB
Active:           435528 kB
Mem:          3.8G       774M       3.1G       5.7M        58M       319M

MemTotal:        4016004 kB
MemFree:         3223800 kB
Active:           435524 kB
Mem:          3.8G       773M       3.1G       5.7M        58M       319M

MemTotal:        4016004 kB
MemFree:         3223676 kB
Active:           435548 kB
Mem:          3.8G       773M       3.1G       5.7M        58M       319M

MemTotal:        4016004 kB
MemFree:         3223800 kB
Active:           435532 kB
Mem:          3.8G       773M       3.1G       5.7M        58M       319M

MemTotal:        4016004 kB
MemFree:         3223924 kB
Active:           435532 kB
Mem:          3.8G       773M       3.1G       5.7M        58M       319M

MemTotal:        4016004 kB
MemFree:         3223924 kB
Active:           435556 kB
Mem:          3.8G       773M       3.1G       5.7M        58M       319M

MemTotal:        4016004 kB
MemFree:         3223508 kB
Active:           433608 kB
Mem:          3.8G       774M       3.1G       5.7M        58M       319M

MemTotal:        4016004 kB
MemFree:         3223860 kB
Active:           433512 kB
Mem:          3.8G       773M       3.1G       5.7M        58M       319M

MemTotal:        4016004 kB
MemFree:         3223720 kB
Active:           435532 kB
Mem:          3.8G       773M       3.1G       5.7M        58M       319M

MemTotal:        4016004 kB
MemFree:         3223364 kB
Active:           435564 kB
Mem:          3.8G       774M       3.1G       5.7M        58M       319M

MemTotal:        4016004 kB
MemFree:         3223736 kB
Active:           435564 kB
Mem:          3.8G       773M       3.1G       5.7M        58M       319M

MemTotal:        4016004 kB
MemFree:         3223612 kB
Active:           435540 kB
Mem:          3.8G       773M       3.1G       5.7M        58M       319M

MemTotal:        4016004 kB
MemFree:         3223736 kB
Active:           435564 kB
Mem:          3.8G       773M       3.1G       5.7M        58M       319M

MemTotal:        4016004 kB
MemFree:         3223860 kB
Active:           435572 kB
Mem:          3.8G       773M       3.1G       5.7M        58M       319M

MemTotal:        4016004 kB
MemFree:         3223736 kB
Active:           435544 kB
Mem:          3.8G       773M       3.1G       5.7M        58M       319M

MemTotal:        4016004 kB
MemFree:         3221664 kB
Active:           435692 kB
Mem:          3.8G       775M       3.1G       5.7M        58M       319M

MemTotal:        4016004 kB
MemFree:         3221624 kB
Active:           435528 kB
Mem:          3.8G       775M       3.1G       5.7M        58M       319M

MemTotal:        4016004 kB
MemFree:         3221748 kB
Active:           437612 kB
Mem:          3.8G       775M       3.1G       5.7M        58M       319M

MemTotal:        4016004 kB
MemFree:         3221748 kB
Active:           437596 kB
Mem:          3.8G       775M       3.1G       5.7M        58M       319M

MemTotal:        4016004 kB
MemFree:         3221748 kB
Active:           437584 kB
Mem:          3.8G       775M       3.1G       5.7M        58M       319M

MemTotal:        4016004 kB
MemFree:         3221748 kB
Active:           437572 kB
Mem:          3.8G       775M       3.1G       5.7M        58M       319M

MemTotal:        4016004 kB
MemFree:         3221748 kB
Active:           437588 kB
Mem:          3.8G       775M       3.1G       5.7M        58M       319M

MemTotal:        4016004 kB
MemFree:         3221748 kB
Active:           437588 kB
Mem:          3.8G       775M       3.1G       5.7M        58M       319M

MemTotal:        4016004 kB
MemFree:         3221748 kB
Active:           437572 kB
Mem:          3.8G       775M       3.1G       5.7M        58M       319M

MemTotal:        4016004 kB
MemFree:         3221872 kB
Active:           437612 kB
Mem:          3.8G       775M       3.1G       5.7M        58M       319M

MemTotal:        4016004 kB
MemFree:         3221748 kB
Active:           437616 kB
Mem:          3.8G       775M       3.1G       5.7M        58M       319M

MemTotal:        4016004 kB
MemFree:         3221500 kB
Active:           437596 kB
Mem:          3.8G       775M       3.1G       5.7M        58M       319M

MemTotal:        4016004 kB
MemFree:         3221872 kB
Active:           437608 kB
Mem:          3.8G       775M       3.1G       5.7M        58M       319M

MemTotal:        4016004 kB
MemFree:         3222212 kB
Active:           437624 kB
Mem:          3.8G       775M       3.1G       5.7M        58M       319M

MemTotal:        4016004 kB
MemFree:         3222212 kB
Active:           437628 kB
Mem:          3.8G       775M       3.1G       5.7M        58M       319M

MemTotal:        4016004 kB
MemFree:         3221840 kB
Active:           437620 kB
Mem:          3.8G       775M       3.1G       5.7M        58M       319M

MemTotal:        4016004 kB
MemFree:         3221716 kB
Active:           437620 kB
Mem:          3.8G       775M       3.1G       5.7M        58M       319M

MemTotal:        4016004 kB
MemFree:         3221468 kB
Active:           437596 kB
Mem:          3.8G       776M       3.1G       5.7M        58M       319M

MemTotal:        4016004 kB
MemFree:         3221468 kB
Active:           437616 kB
Mem:          3.8G       776M       3.1G       5.7M        58M       319M

MemTotal:        4016004 kB
MemFree:         3219792 kB
Active:           437600 kB
Mem:          3.8G       777M       3.1G       5.7M        58M       319M

MemTotal:        4016004 kB
MemFree:         3219668 kB
Active:           437620 kB
Mem:          3.8G       777M       3.1G       5.7M        58M       319M

MemTotal:        4016004 kB
MemFree:         3219668 kB
Active:           439640 kB
Mem:          3.8G       777M       3.1G       5.7M        58M       319M

MemTotal:        4016004 kB
MemFree:         3219544 kB
Active:           439664 kB
Mem:          3.8G       777M       3.1G       5.7M        58M       319M

MemTotal:        4016004 kB
MemFree:         3219668 kB
Active:           439668 kB
Mem:          3.8G       777M       3.1G       5.7M        58M       319M

MemTotal:        4016004 kB
MemFree:         3219792 kB
Active:           439632 kB
Mem:          3.8G       777M       3.1G       5.7M        58M       319M

MemTotal:        4016004 kB
MemFree:         3219792 kB
Active:           439668 kB
Mem:          3.8G       777M       3.1G       5.7M        58M       319M

MemTotal:        4016004 kB
MemFree:         3219916 kB
Active:           439668 kB
Mem:          3.8G       777M       3.1G       5.7M        58M       319M

MemTotal:        4016004 kB
MemFree:         3219544 kB
Active:           439668 kB
Mem:          3.8G       777M       3.1G       5.7M        58M       319M

MemTotal:        4016004 kB
MemFree:         3219668 kB
Active:           439624 kB
Mem:          3.8G       777M       3.1G       5.7M        58M       319M

MemTotal:        4016004 kB
MemFree:         3219552 kB
Active:           437716 kB
Mem:          3.8G       777M       3.1G       5.7M        58M       319M

MemTotal:        4016004 kB
MemFree:         3219604 kB
Active:           439668 kB
Mem:          3.8G       777M       3.1G       5.7M        58M       319M

MemTotal:        4016004 kB
MemFree:         3219604 kB
Active:           439672 kB
Mem:          3.8G       777M       3.1G       5.7M        58M       319M

MemTotal:        4016004 kB
MemFree:         3219604 kB
Active:           439680 kB
Mem:          3.8G       777M       3.1G       5.7M        58M       319M

MemTotal:        4016004 kB
MemFree:         3219604 kB
Active:           439660 kB
Mem:          3.8G       777M       3.1G       5.7M        58M       319M

MemTotal:        4016004 kB
MemFree:         3219728 kB
Active:           439656 kB
Mem:          3.8G       777M       3.1G       5.7M        58M       319M

MemTotal:        4016004 kB
MemFree:         3219604 kB
Active:           439688 kB
Mem:          3.8G       777M       3.1G       5.7M        58M       319M

MemTotal:        4016004 kB
MemFree:         3219604 kB
Active:           439636 kB
Mem:          3.8G       777M       3.1G       5.7M        58M       319M

MemTotal:        4016004 kB
MemFree:         3219728 kB
Active:           439660 kB
Mem:          3.8G       777M       3.1G       5.7M        58M       319M

MemTotal:        4016004 kB
MemFree:         3219608 kB
Active:           437748 kB
Mem:          3.8G       777M       3.1G       5.7M        58M       319M

MemTotal:        4016004 kB
MemFree:         3219664 kB
Active:           439688 kB
Mem:          3.8G       777M       3.1G       5.7M        58M       319M

MemTotal:        4016004 kB
MemFree:         3219664 kB
Active:           439696 kB
Mem:          3.8G       777M       3.1G       5.7M        58M       319M

MemTotal:        4016004 kB
MemFree:         3219540 kB
Active:           439680 kB
Mem:          3.8G       777M       3.1G       5.7M        58M       319M

MemTotal:        4016004 kB
MemFree:         3219540 kB
Active:           439696 kB
Mem:          3.8G       777M       3.1G       5.7M        58M       319M

MemTotal:        4016004 kB
MemFree:         3219416 kB
Active:           439708 kB
Mem:          3.8G       778M       3.1G       5.7M        58M       319M

MemTotal:        4016004 kB
MemFree:         3219416 kB
Active:           439704 kB
Mem:          3.8G       777M       3.1G       5.7M        58M       319M

MemTotal:        4016004 kB
MemFree:         3219416 kB
Active:           439700 kB
Mem:          3.8G       777M       3.1G       5.7M        58M       319M

MemTotal:        4016004 kB
MemFree:         3219540 kB
Active:           439728 kB
Mem:          3.8G       778M       3.1G       5.7M        58M       319M

MemTotal:        4016004 kB
MemFree:         3219540 kB
Active:           439736 kB
Mem:          3.8G       778M       3.1G       5.7M        58M       319M

MemTotal:        4016004 kB
MemFree:         3217228 kB
Active:           439700 kB
Mem:          3.8G       780M       3.1G       5.7M        58M       319M

MemTotal:        4016004 kB
MemFree:         3217492 kB
Active:           441764 kB
Mem:          3.8G       779M       3.1G       5.7M        58M       319M

MemTotal:        4016004 kB
MemFree:         3217368 kB
Active:           441756 kB
Mem:          3.8G       779M       3.1G       5.7M        58M       319M

MemTotal:        4016004 kB
MemFree:         3217352 kB
Active:           441756 kB
Mem:          3.8G       779M       3.1G       5.7M        58M       319M

MemTotal:        4016004 kB
MemFree:         3217476 kB
Active:           441740 kB
Mem:          3.8G       779M       3.1G       5.7M        58M       319M

MemTotal:        4016004 kB
MemFree:         3217476 kB
Active:           441764 kB
Mem:          3.8G       779M       3.1G       5.7M        58M       319M

MemTotal:        4016004 kB
MemFree:         3217352 kB
Active:           441748 kB
Mem:          3.8G       779M       3.1G       5.7M        58M       319M

MemTotal:        4016004 kB
MemFree:         3217492 kB
Active:           441728 kB
Mem:          3.8G       779M       3.1G       5.7M        58M       319M

MemTotal:        4016004 kB
MemFree:         3217740 kB
Active:           441772 kB
Mem:          3.8G       779M       3.1G       5.7M        58M       319M

MemTotal:        4016004 kB
MemFree:         3217616 kB
Active:           441772 kB
Mem:          3.8G       779M       3.1G       5.7M        58M       319M

MemTotal:        4016004 kB
MemFree:         3217616 kB
Active:           441756 kB
Mem:          3.8G       779M       3.1G       5.7M        58M       319M

MemTotal:        4016004 kB
MemFree:         3217368 kB
Active:           441744 kB
Mem:          3.8G       780M       3.1G       5.7M        58M       319M

MemTotal:        4016004 kB
MemFree:         3217368 kB
Active:           441772 kB
Mem:          3.8G       779M       3.1G       5.7M        58M       319M

MemTotal:        4016004 kB
MemFree:         3217368 kB
Active:           441788 kB
Mem:          3.8G       779M       3.1G       5.7M        58M       319M

MemTotal:        4016004 kB
MemFree:         3217492 kB
Active:           441784 kB
Mem:          3.8G       779M       3.1G       5.7M        58M       319M

MemTotal:        4016004 kB
MemFree:         3217368 kB
Active:           441804 kB
Mem:          3.8G       779M       3.1G       5.7M        58M       319M

MemTotal:        4016004 kB
MemFree:         3217368 kB
Active:           441800 kB
Mem:          3.8G       780M       3.1G       5.7M        58M       319M

MemTotal:        4016004 kB
MemFree:         3217584 kB
Active:           441752 kB
Mem:          3.8G       779M       3.1G       5.7M        58M       319M

MemTotal:        4016004 kB
MemFree:         3217616 kB
Active:           441776 kB
Mem:          3.8G       779M       3.1G       5.7M        58M       319M

MemTotal:        4016004 kB
MemFree:         3215320 kB
Active:           443840 kB
Mem:          3.8G       781M       3.1G       5.7M        58M       319M

MemTotal:        4016004 kB
MemFree:         3215320 kB
Active:           443824 kB
Mem:          3.8G       781M       3.1G       5.7M        58M       319M

MemTotal:        4016004 kB
MemFree:         3215568 kB
Active:           443820 kB
Mem:          3.8G       781M       3.1G       5.7M        58M       319M

MemTotal:        4016004 kB
MemFree:         3215568 kB
Active:           443808 kB
Mem:          3.8G       781M       3.1G       5.7M        58M       319M

MemTotal:        4016004 kB
MemFree:         3215940 kB
Active:           443824 kB
Mem:          3.8G       781M       3.1G       5.7M        58M       319M

MemTotal:        4016004 kB
MemFree:         3215940 kB
Active:           443808 kB
Mem:          3.8G       781M       3.1G       5.7M        58M       319M

MemTotal:        4016004 kB
MemFree:         3215816 kB
Active:           443860 kB
Mem:          3.8G       781M       3.1G       5.7M        58M       319M

MemTotal:        4016004 kB
MemFree:         3215568 kB
Active:           443836 kB
Mem:          3.8G       781M       3.1G       5.7M        58M       319M

MemTotal:        4016004 kB
MemFree:         3215692 kB
Active:           443820 kB
Mem:          3.8G       781M       3.1G       5.7M        58M       319M

MemTotal:        4016004 kB
MemFree:         3213768 kB
Active:           443832 kB
Mem:          3.8G       783M       3.1G       5.7M        58M       319M

MemTotal:        4016004 kB
MemFree:         3213520 kB
Active:           445884 kB
Mem:          3.8G       783M       3.1G       5.7M        58M       319M

MemTotal:        4016004 kB
MemFree:         3213520 kB
Active:           445872 kB
Mem:          3.8G       783M       3.1G       5.7M        58M       319M

MemTotal:        4016004 kB
MemFree:         3213396 kB
Active:           445852 kB
Mem:          3.8G       784M       3.1G       5.7M        58M       319M

MemTotal:        4016004 kB
MemFree:         3213520 kB
Active:           445892 kB
Mem:          3.8G       783M       3.1G       5.7M        58M       319M

MemTotal:        4016004 kB
MemFree:         3213520 kB
Active:           445856 kB
Mem:          3.8G       783M       3.1G       5.7M        58M       319M

MemTotal:        4016004 kB
MemFree:         3213380 kB
Active:           445892 kB
Mem:          3.8G       784M       3.1G       5.7M        58M       319M

MemTotal:        4016004 kB
MemFree:         3213272 kB
Active:           445884 kB
Mem:          3.8G       783M       3.1G       5.7M        58M       319M

MemTotal:        4016004 kB
MemFree:         3213396 kB
Active:           445880 kB
Mem:          3.8G       784M       3.1G       5.7M        58M       319M

MemTotal:        4016004 kB
MemFree:         3213396 kB
Active:           445916 kB
Mem:          3.8G       784M       3.1G       5.7M        58M       319M

MemTotal:        4016004 kB
MemFree:         3213396 kB
Active:           445916 kB
Mem:          3.8G       783M       3.1G       5.7M        58M       319M

MemTotal:        4016004 kB
MemFree:         3213148 kB
Active:           445896 kB
Mem:          3.8G       783M       3.1G       5.7M        58M       319M

MemTotal:        4016004 kB
MemFree:         3213272 kB
Active:           445912 kB
Mem:          3.8G       784M       3.1G       5.7M        58M       319M

MemTotal:        4016004 kB
MemFree:         3213396 kB
Active:           445888 kB
Mem:          3.8G       783M       3.1G       5.7M        58M       319M

MemTotal:        4016004 kB
MemFree:         3213396 kB
Active:           445888 kB
Mem:          3.8G       783M       3.1G       5.7M        58M       319M

MemTotal:        4016004 kB
MemFree:         3213396 kB
Active:           445896 kB
Mem:          3.8G       783M       3.1G       5.7M        58M       319M

MemTotal:        4016004 kB
MemFree:         3213396 kB
Active:           445896 kB
Mem:          3.8G       784M       3.1G       5.7M        58M       319M

MemTotal:        4016004 kB
MemFree:         3213396 kB
Active:           445932 kB
Mem:          3.8G       783M       3.1G       5.7M        58M       319M

MemTotal:        4016004 kB
MemFree:         3213396 kB
Active:           445884 kB
Mem:          3.8G       783M       3.1G       5.7M        58M       319M

MemTotal:        4016004 kB
MemFree:         3213396 kB
Active:           445904 kB
Mem:          3.8G       784M       3.1G       5.7M        58M       319M

MemTotal:        4016004 kB
MemFree:         3213396 kB
Active:           445932 kB
Mem:          3.8G       784M       3.1G       5.7M        58M       319M

MemTotal:        4016004 kB
MemFree:         3213396 kB
Active:           445940 kB
Mem:          3.8G       784M       3.1G       5.7M        58M       319M

MemTotal:        4016004 kB
MemFree:         3213520 kB
Active:           445932 kB
Mem:          3.8G       784M       3.1G       5.7M        58M       319M

MemTotal:        4016004 kB
MemFree:         3213256 kB
Active:           445920 kB
Mem:          3.8G       783M       3.1G       5.7M        58M       319M

MemTotal:        4016004 kB
MemFree:         3213396 kB
Active:           445892 kB
Mem:          3.8G       783M       3.1G       5.7M        58M       319M

MemTotal:        4016004 kB
MemFree:         3213272 kB
Active:           445932 kB
Mem:          3.8G       784M       3.1G       5.7M        58M       319M

MemTotal:        4016004 kB
MemFree:         3213148 kB
Active:           445928 kB
Mem:          3.8G       784M       3.1G       5.7M        58M       319M

MemTotal:        4016004 kB
MemFree:         3212776 kB
Active:           445956 kB
Mem:          3.8G       784M       3.1G       5.7M        58M       319M

MemTotal:        4016004 kB
MemFree:         3213272 kB
Active:           445956 kB
Mem:          3.8G       784M       3.1G       5.7M        58M       319M

MemTotal:        4016004 kB
MemFree:         3213272 kB
Active:           445924 kB
Mem:          3.8G       784M       3.1G       5.7M        58M       319M

MemTotal:        4016004 kB
MemFree:         3213272 kB
Active:           445916 kB
Mem:          3.8G       783M       3.1G       5.7M        58M       319M

MemTotal:        4016004 kB
MemFree:         3213148 kB
Active:           445944 kB
Mem:          3.8G       784M       3.1G       5.7M        58M       319M

MemTotal:        4016004 kB
MemFree:         3213148 kB
Active:           445952 kB
Mem:          3.8G       784M       3.1G       5.7M        58M       319M

MemTotal:        4016004 kB
MemFree:         3213272 kB
Active:           445964 kB
Mem:          3.8G       784M       3.1G       5.7M        58M       319M

MemTotal:        4016004 kB
MemFree:         3213148 kB
Active:           445964 kB
Mem:          3.8G       783M       3.1G       5.7M        58M       319M

MemTotal:        4016004 kB
MemFree:         3213272 kB
Active:           445956 kB
Mem:          3.8G       783M       3.1G       5.7M        58M       319M

MemTotal:        4016004 kB
MemFree:         3213272 kB
Active:           445948 kB
Mem:          3.8G       784M       3.1G       5.7M        58M       319M

MemTotal:        4016004 kB
MemFree:         3213272 kB
Active:           445952 kB
Mem:          3.8G       784M       3.1G       5.7M        58M       319M

MemTotal:        4016004 kB
MemFree:         3213148 kB
Active:           445928 kB
Mem:          3.8G       784M       3.1G       5.7M        58M       319M

MemTotal:        4016004 kB
MemFree:         3213148 kB
Active:           445960 kB
Mem:          3.8G       784M       3.1G       5.7M        58M       319M

MemTotal:        4016004 kB
MemFree:         3213272 kB
Active:           445968 kB
Mem:          3.8G       784M       3.1G       5.7M        58M       319M

MemTotal:        4016004 kB
MemFree:         3213272 kB
Active:           445984 kB
Mem:          3.8G       783M       3.1G       5.7M        58M       319M

MemTotal:        4016004 kB
MemFree:         3213148 kB
Active:           445984 kB
Mem:          3.8G       784M       3.1G       5.7M        58M       319M

MemTotal:        4016004 kB
MemFree:         3213272 kB
Active:           445984 kB
Mem:          3.8G       783M       3.1G       5.7M        58M       319M

MemTotal:        4016004 kB
MemFree:         3213520 kB
Active:           445972 kB
Mem:          3.8G       783M       3.1G       5.7M        58M       319M

MemTotal:        4016004 kB
MemFree:         3213272 kB
Active:           445944 kB
Mem:          3.8G       784M       3.1G       5.7M        58M       319M

MemTotal:        4016004 kB
MemFree:         3213272 kB
Active:           445956 kB
Mem:          3.8G       784M       3.1G       5.7M        58M       319M

MemTotal:        4016004 kB
MemFree:         3213148 kB
Active:           445988 kB
Mem:          3.8G       783M       3.1G       5.7M        58M       319M

MemTotal:        4016004 kB
MemFree:         3213272 kB
Active:           445972 kB
Mem:          3.8G       784M       3.1G       5.7M        58M       319M

MemTotal:        4016004 kB
MemFree:         3213272 kB
Active:           445952 kB
Mem:          3.8G       784M       3.1G       5.7M        58M       319M

MemTotal:        4016004 kB
MemFree:         3213148 kB
Active:           445996 kB
Mem:          3.8G       784M       3.1G       5.7M        58M       319M

MemTotal:        4016004 kB
MemFree:         3212900 kB
Active:           446000 kB
Mem:          3.8G       784M       3.1G       5.7M        58M       319M

MemTotal:        4016004 kB
MemFree:         3213024 kB
Active:           445956 kB
Mem:          3.8G       784M       3.1G       5.7M        58M       319M

MemTotal:        4016004 kB
MemFree:         3213148 kB
Active:           446008 kB
Mem:          3.8G       784M       3.1G       5.7M        58M       319M

MemTotal:        4016004 kB
MemFree:         3212900 kB
Active:           446008 kB
Mem:          3.8G       784M       3.1G       5.7M        58M       319M

MemTotal:        4016004 kB
MemFree:         3213024 kB
Active:           446004 kB
Mem:          3.8G       784M       3.1G       5.7M        58M       319M

MemTotal:        4016004 kB
MemFree:         3213148 kB
Active:           446008 kB
Mem:          3.8G       783M       3.1G       5.7M        58M       319M

MemTotal:        4016004 kB
MemFree:         3213148 kB
Active:           445996 kB
Mem:          3.8G       783M       3.1G       5.7M        58M       319M

MemTotal:        4016004 kB
MemFree:         3213396 kB
Active:           445984 kB
Mem:          3.8G       784M       3.1G       5.7M        58M       319M

MemTotal:        4016004 kB
MemFree:         3213396 kB
Active:           446016 kB
Mem:          3.8G       783M       3.1G       5.7M        58M       319M

MemTotal:        4016004 kB
MemFree:         3213256 kB
Active:           446004 kB
Mem:          3.8G       784M       3.1G       5.7M        58M       319M

MemTotal:        4016004 kB
MemFree:         3213272 kB
Active:           446012 kB
Mem:          3.8G       783M       3.1G       5.7M        58M       319M

MemTotal:        4016004 kB
MemFree:         3213024 kB
Active:           445964 kB
Mem:          3.8G       784M       3.1G       5.7M        58M       319M

MemTotal:        4016004 kB
MemFree:         3213148 kB
Active:           445976 kB
Mem:          3.8G       784M       3.1G       5.7M        58M       319M

MemTotal:        4016004 kB
MemFree:         3212652 kB
Active:           446036 kB
Mem:          3.8G       784M       3.1G       5.7M        58M       319M

MemTotal:        4016004 kB
MemFree:         3212776 kB
Active:           446020 kB
Mem:          3.8G       784M       3.1G       5.7M        58M       319M

MemTotal:        4016004 kB
MemFree:         3212652 kB
Active:           446000 kB
Mem:          3.8G       784M       3.1G       5.7M        58M       319M

MemTotal:        4016004 kB
MemFree:         3212776 kB
Active:           445996 kB
Mem:          3.8G       784M       3.1G       5.7M        58M       319M

MemTotal:        4016004 kB
MemFree:         3212652 kB
Active:           446020 kB
Mem:          3.8G       784M       3.1G       5.7M        58M       319M

MemTotal:        4016004 kB
MemFree:         3212528 kB
Active:           446000 kB
Mem:          3.8G       784M       3.1G       5.7M        58M       319M

MemTotal:        4016004 kB
MemFree:         3212652 kB
Active:           446000 kB
Mem:          3.8G       784M       3.1G       5.7M        58M       319M

MemTotal:        4016004 kB
MemFree:         3213024 kB
Active:           446032 kB
Mem:          3.8G       784M       3.1G       5.7M        58M       319M

MemTotal:        4016004 kB
MemFree:         3213148 kB
Active:           446036 kB
Mem:          3.8G       784M       3.1G       5.7M        58M       319M

MemTotal:        4016004 kB
MemFree:         3212900 kB
Active:           446008 kB
Mem:          3.8G       784M       3.1G       5.7M        58M       319M

MemTotal:        4016004 kB
MemFree:         3213024 kB
Active:           446052 kB
Mem:          3.8G       784M       3.1G       5.7M        58M       319M

MemTotal:        4016004 kB
MemFree:         3213148 kB
Active:           446056 kB
Mem:          3.8G       784M       3.1G       5.7M        58M       319M

MemTotal:        4016004 kB
MemFree:         3213024 kB
Active:           446044 kB
Mem:          3.8G       784M       3.1G       5.7M        58M       319M

MemTotal:        4016004 kB
MemFree:         3212900 kB
Active:           446040 kB
Mem:          3.8G       784M       3.1G       5.7M        58M       319M

MemTotal:        4016004 kB
MemFree:         3213024 kB
Active:           446060 kB
Mem:          3.8G       784M       3.1G       5.7M        58M       319M

MemTotal:        4016004 kB
MemFree:         3213272 kB
Active:           446052 kB
Mem:          3.8G       784M       3.1G       5.7M        58M       319M

MemTotal:        4016004 kB
MemFree:         3213024 kB
Active:           446068 kB
Mem:          3.8G       784M       3.1G       5.7M        58M       319M

MemTotal:        4016004 kB
MemFree:         3213148 kB
Active:           446016 kB
Mem:          3.8G       784M       3.1G       5.7M        58M       319M

MemTotal:        4016004 kB
MemFree:         3213272 kB
Active:           446068 kB
Mem:          3.8G       784M       3.1G       5.7M        58M       319M

MemTotal:        4016004 kB
MemFree:         3212776 kB
Active:           446080 kB
Mem:          3.8G       784M       3.1G       5.7M        58M       319M

MemTotal:        4016004 kB
MemFree:         3213272 kB
Active:           446076 kB
Mem:          3.8G       784M       3.1G       5.7M        58M       319M

MemTotal:        4016004 kB
MemFree:         3213148 kB
Active:           446064 kB
Mem:          3.8G       784M       3.1G       5.7M        58M       319M

MemTotal:        4016004 kB
MemFree:         3213148 kB
Active:           446032 kB
Mem:          3.8G       784M       3.1G       5.7M        58M       319M

MemTotal:        4016004 kB
MemFree:         3213148 kB
Active:           446048 kB
Mem:          3.8G       784M       3.1G       5.7M        58M       319M

MemTotal:        4016004 kB
MemFree:         3213024 kB
Active:           446084 kB
Mem:          3.8G       784M       3.1G       5.7M        58M       319M

MemTotal:        4016004 kB
MemFree:         3212900 kB
Active:           446068 kB
Mem:          3.8G       784M       3.1G       5.7M        58M       319M

MemTotal:        4016004 kB
MemFree:         3212900 kB
Active:           446044 kB
Mem:          3.8G       784M       3.1G       5.7M        58M       319M

MemTotal:        4016004 kB
MemFree:         3212900 kB
Active:           446044 kB
Mem:          3.8G       784M       3.1G       5.7M        58M       319M

MemTotal:        4016004 kB
MemFree:         3213148 kB
Active:           446080 kB
Mem:          3.8G       784M       3.1G       5.7M        58M       319M

MemTotal:        4016004 kB
MemFree:         3213148 kB
Active:           446088 kB
Mem:          3.8G       784M       3.1G       5.7M        58M       319M

MemTotal:        4016004 kB
MemFree:         3213024 kB
Active:           446088 kB
Mem:          3.8G       784M       3.1G       5.7M        58M       319M

MemTotal:        4016004 kB
MemFree:         3213024 kB
Active:           446060 kB
Mem:          3.8G       784M       3.1G       5.7M        58M       319M

MemTotal:        4016004 kB
MemFree:         3213148 kB
Active:           446092 kB
Mem:          3.8G       784M       3.1G       5.7M        58M       319M

MemTotal:        4016004 kB
MemFree:         3213024 kB
Active:           446076 kB
Mem:          3.8G       784M       3.1G       5.7M        58M       319M

MemTotal:        4016004 kB
MemFree:         3212404 kB
Active:           446112 kB
Mem:          3.8G       784M       3.1G       5.7M        58M       319M

MemTotal:        4016004 kB
MemFree:         3212776 kB
Active:           446112 kB
Mem:          3.8G       784M       3.1G       5.7M        58M       319M

MemTotal:        4016004 kB
MemFree:         3212900 kB
Active:           446100 kB
Mem:          3.8G       784M       3.1G       5.7M        58M       319M

MemTotal:        4016004 kB
MemFree:         3213024 kB
Active:           446096 kB
Mem:          3.8G       784M       3.1G       5.7M        58M       319M

MemTotal:        4016004 kB
MemFree:         3213148 kB
Active:           446084 kB
Mem:          3.8G       784M       3.1G       5.7M        58M       319M

MemTotal:        4016004 kB
MemFree:         3213024 kB
Active:           446080 kB
Mem:          3.8G       784M       3.1G       5.7M        58M       319M

MemTotal:        4016004 kB
MemFree:         3212900 kB
Active:           446100 kB
Mem:          3.8G       784M       3.1G       5.7M        58M       319M

MemTotal:        4016004 kB
MemFree:         3213024 kB
Active:           446088 kB
Mem:          3.8G       784M       3.1G       5.7M        58M       319M

MemTotal:        4016004 kB
MemFree:         3212900 kB
Active:           446084 kB
Mem:          3.8G       784M       3.1G       5.7M        58M       319M

MemTotal:        4016004 kB
MemFree:         3212900 kB
Active:           446124 kB
Mem:          3.8G       784M       3.1G       5.7M        58M       319M

MemTotal:        4016004 kB
MemFree:         3212652 kB
Active:           446124 kB
Mem:          3.8G       784M       3.1G       5.7M        58M       319M

MemTotal:        4016004 kB
MemFree:         3212900 kB
Active:           446124 kB
Mem:          3.8G       784M       3.1G       5.7M        58M       319M

MemTotal:        4016004 kB
MemFree:         3212900 kB
Active:           446100 kB
Mem:          3.8G       784M       3.1G       5.7M        58M       319M

MemTotal:        4016004 kB
MemFree:         3213024 kB
Active:           446088 kB
Mem:          3.8G       784M       3.1G       5.7M        58M       319M

MemTotal:        4016004 kB
MemFree:         3212900 kB
Active:           446132 kB
Mem:          3.8G       784M       3.1G       5.7M        58M       319M

MemTotal:        4016004 kB
MemFree:         3212900 kB
Active:           446116 kB
Mem:          3.8G       784M       3.1G       5.7M        58M       319M

MemTotal:        4016004 kB
MemFree:         3212900 kB
Active:           446144 kB
Mem:          3.8G       784M       3.1G       5.7M        58M       319M

MemTotal:        4016004 kB
MemFree:         3212900 kB
Active:           446128 kB
Mem:          3.8G       784M       3.1G       5.7M        58M       319M

MemTotal:        4016004 kB
MemFree:         3212404 kB
Active:           446148 kB
Mem:          3.8G       784M       3.1G       5.7M        58M       319M

MemTotal:        4016004 kB
MemFree:         3212776 kB
Active:           446148 kB
Mem:          3.8G       784M       3.1G       5.7M        58M       319M

MemTotal:        4016004 kB
MemFree:         3212776 kB
Active:           446128 kB
Mem:          3.8G       784M       3.1G       5.7M        58M       319M

MemTotal:        4016004 kB
MemFree:         3212776 kB
Active:           446144 kB
Mem:          3.8G       784M       3.1G       5.7M        58M       319M

MemTotal:        4016004 kB
MemFree:         3212776 kB
Active:           446144 kB
Mem:          3.8G       784M       3.1G       5.7M        58M       319M

MemTotal:        4016004 kB
MemFree:         3213024 kB
Active:           446144 kB
Mem:          3.8G       784M       3.1G       5.7M        58M       319M

MemTotal:        4016004 kB
MemFree:         3212900 kB
Active:           446156 kB
Mem:          3.8G       784M       3.1G       5.7M        58M       319M

MemTotal:        4016004 kB
MemFree:         3213024 kB
Active:           446140 kB
Mem:          3.8G       784M       3.1G       5.7M        58M       319M

MemTotal:        4016004 kB
MemFree:         3212900 kB
Active:           446164 kB
Mem:          3.8G       784M       3.1G       5.7M        58M       319M

MemTotal:        4016004 kB
MemFree:         3212776 kB
Active:           446124 kB
Mem:          3.8G       784M       3.1G       5.7M        58M       319M

MemTotal:        4016004 kB
MemFree:         3212776 kB
Active:           446168 kB
Mem:          3.8G       784M       3.1G       5.7M        58M       319M

MemTotal:        4016004 kB
MemFree:         3212776 kB
Active:           446128 kB
Mem:          3.8G       784M       3.1G       5.7M        58M       319M

MemTotal:        4016004 kB
MemFree:         3212776 kB
Active:           446176 kB
Mem:          3.8G       784M       3.1G       5.7M        58M       319M

MemTotal:        4016004 kB
MemFree:         3212900 kB
Active:           446164 kB
Mem:          3.8G       784M       3.1G       5.7M        58M       319M

MemTotal:        4016004 kB
MemFree:         3212900 kB
Active:           446152 kB
Mem:          3.8G       784M       3.1G       5.7M        58M       319M

MemTotal:        4016004 kB
MemFree:         3212760 kB
Active:           446184 kB
Mem:          3.8G       784M       3.1G       5.7M        58M       319M

MemTotal:        4016004 kB
MemFree:         3213024 kB
Active:           446144 kB
Mem:          3.8G       784M       3.1G       5.7M        58M       319M

MemTotal:        4016004 kB
MemFree:         3212900 kB
Active:           446180 kB
Mem:          3.8G       784M       3.1G       5.7M        58M       319M

MemTotal:        4016004 kB
MemFree:         3212776 kB
Active:           446164 kB
Mem:          3.8G       784M       3.1G       5.7M        58M       319M

MemTotal:        4016004 kB
MemFree:         3212776 kB
Active:           446224 kB
Mem:          3.8G       784M       3.1G       5.7M        58M       319M

MemTotal:        4016004 kB
MemFree:         3212900 kB
Active:           446232 kB
Mem:          3.8G       783M       3.1G       5.7M        58M       319M

MemTotal:        4016004 kB
MemFree:         3213396 kB
Active:           446236 kB
Mem:          3.8G       784M       3.1G       5.7M        58M       319M

MemTotal:        4016004 kB
MemFree:         3213892 kB
Active:           446216 kB
Mem:          3.8G       783M       3.1G       5.7M        58M       319M

MemTotal:        4016004 kB
MemFree:         3214124 kB
Active:           446292 kB
Mem:          3.8G       783M       3.1G       5.7M        58M       319M

MemTotal:        4016004 kB
MemFree:         3214000 kB
Active:           446296 kB
Mem:          3.8G       783M       3.1G       5.7M        58M       319M

MemTotal:        4016004 kB
MemFree:         3213752 kB
Active:           446272 kB
Mem:          3.8G       783M       3.1G       5.7M        58M       319M

MemTotal:        4016004 kB
MemFree:         3213504 kB
Active:           446324 kB
Mem:          3.8G       783M       3.1G       5.7M        58M       319M

MemTotal:        4016004 kB
MemFree:         3213628 kB
Active:           446296 kB
Mem:          3.8G       783M       3.1G       5.7M        58M       319M

MemTotal:        4016004 kB
MemFree:         3213132 kB
Active:           446328 kB
Mem:          3.8G       783M       3.1G       5.7M        58M       319M

MemTotal:        4016004 kB
MemFree:         3213504 kB
Active:           446312 kB
Mem:          3.8G       783M       3.1G       5.7M        58M       319M

MemTotal:        4016004 kB
MemFree:         3213256 kB
Active:           446296 kB
Mem:          3.8G       783M       3.1G       5.7M        58M       319M

MemTotal:        4016004 kB
MemFree:         3212884 kB
Active:           446304 kB
Mem:          3.8G       784M       3.1G       5.7M        58M       319M

MemTotal:        4016004 kB
MemFree:         3212512 kB
Active:           446304 kB
Mem:          3.8G       784M       3.1G       5.7M        58M       319M

MemTotal:        4016004 kB
MemFree:         3212744 kB
Active:           446316 kB
Mem:          3.8G       784M       3.1G       5.7M        58M       319M

MemTotal:        4016004 kB
MemFree:         3213008 kB
Active:           446328 kB
Mem:          3.8G       784M       3.1G       5.7M        58M       319M

MemTotal:        4016004 kB
MemFree:         3213008 kB
Active:           446300 kB
Mem:          3.8G       784M       3.1G       5.7M        58M       319M

MemTotal:        4016004 kB
MemFree:         3213008 kB
Active:           446308 kB
Mem:          3.8G       784M       3.1G       5.7M        58M       319M

MemTotal:        4016004 kB
MemFree:         3212884 kB
Active:           446316 kB
Mem:          3.8G       784M       3.1G       5.7M        58M       319M

MemTotal:        4016004 kB
MemFree:         3213024 kB
Active:           446304 kB
Mem:          3.8G       784M       3.1G       5.7M        58M       319M

MemTotal:        4016004 kB
MemFree:         3212900 kB
Active:           446320 kB
Mem:          3.8G       784M       3.1G       5.7M        58M       319M

MemTotal:        4016004 kB
MemFree:         3213024 kB
Active:           446340 kB
Mem:          3.8G       784M       3.1G       5.7M        58M       319M

MemTotal:        4016004 kB
MemFree:         3212900 kB
Active:           446336 kB
Mem:          3.8G       784M       3.1G       5.7M        58M       319M

MemTotal:        4016004 kB
MemFree:         3213024 kB
Active:           446340 kB
Mem:          3.8G       784M       3.1G       5.7M        58M       319M

MemTotal:        4016004 kB
MemFree:         3212652 kB
Active:           446344 kB
Mem:          3.8G       784M       3.1G       5.7M        58M       319M

MemTotal:        4016004 kB
MemFree:         3212900 kB
Active:           446340 kB
Mem:          3.8G       784M       3.1G       5.7M        58M       319M

MemTotal:        4016004 kB
MemFree:         3214160 kB
Active:           446052 kB
Mem:          3.8G       782M       3.1G       5.7M        58M       319M

MemTotal:        4016004 kB
MemFree:         3213912 kB
Active:           446052 kB
Mem:          3.8G       783M       3.1G       5.7M        58M       319M

MemTotal:        4016004 kB
MemFree:         3214284 kB
Active:           446016 kB
Mem:          3.8G       782M       3.1G       5.7M        58M       319M

MemTotal:        4016004 kB
MemFree:         3214284 kB
Active:           446056 kB
Mem:          3.8G       782M       3.1G       5.7M        58M       319M

MemTotal:        4016004 kB
MemFree:         3214036 kB
Active:           446056 kB
Mem:          3.8G       783M       3.1G       5.7M        58M       319M

MemTotal:        4016004 kB
MemFree:         3214036 kB
Active:           446040 kB
Mem:          3.8G       783M       3.1G       5.7M        58M       319M

MemTotal:        4016004 kB
MemFree:         3213912 kB
Active:           446044 kB
Mem:          3.8G       783M       3.1G       5.7M        58M       319M

MemTotal:        4016004 kB
MemFree:         3213912 kB
Active:           446012 kB
Mem:          3.8G       783M       3.1G       5.7M        58M       319M

MemTotal:        4016004 kB
MemFree:         3214160 kB
Active:           446020 kB
Mem:          3.8G       783M       3.1G       5.7M        58M       319M

MemTotal:        4016004 kB
MemFree:         3214160 kB
Active:           446044 kB
Mem:          3.8G       782M       3.1G       5.7M        58M       319M

MemTotal:        4016004 kB
MemFree:         3214160 kB
Active:           446020 kB
Mem:          3.8G       783M       3.1G       5.7M        58M       319M

MemTotal:        4016004 kB
MemFree:         3213912 kB
Active:           446068 kB
Mem:          3.8G       783M       3.1G       5.7M        58M       319M

MemTotal:        4016004 kB
MemFree:         3214160 kB
Active:           446020 kB
Mem:          3.8G       783M       3.1G       5.7M        58M       319M

MemTotal:        4016004 kB
MemFree:         3214036 kB
Active:           446016 kB
Mem:          3.8G       783M       3.1G       5.7M        58M       319M

MemTotal:        4016004 kB
MemFree:         3213788 kB
Active:           446076 kB
Mem:          3.8G       783M       3.1G       5.7M        58M       319M

MemTotal:        4016004 kB
MemFree:         3214036 kB
Active:           446056 kB
Mem:          3.8G       783M       3.1G       5.7M        58M       319M

MemTotal:        4016004 kB
MemFree:         3213912 kB
Active:           446036 kB
Mem:          3.8G       783M       3.1G       5.7M        58M       319M

MemTotal:        4016004 kB
MemFree:         3213912 kB
Active:           446056 kB
Mem:          3.8G       783M       3.1G       5.7M        58M       319M

MemTotal:        4016004 kB
MemFree:         3214036 kB
Active:           446052 kB
Mem:          3.8G       783M       3.1G       5.7M        58M       319M

MemTotal:        4016004 kB
MemFree:         3214284 kB
Active:           446076 kB
Mem:          3.8G       783M       3.1G       5.7M        58M       319M

MemTotal:        4016004 kB
MemFree:         3214160 kB
Active:           446032 kB
Mem:          3.8G       783M       3.1G       5.7M        58M       319M

MemTotal:        4016004 kB
MemFree:         3213664 kB
Active:           446088 kB
Mem:          3.8G       783M       3.1G       5.7M        58M       319M

MemTotal:        4016004 kB
MemFree:         3214160 kB
Active:           446048 kB
Mem:          3.8G       783M       3.1G       5.7M        58M       319M

MemTotal:        4016004 kB
MemFree:         3214160 kB
Active:           446064 kB
Mem:          3.8G       783M       3.1G       5.7M        58M       319M

MemTotal:        4016004 kB
MemFree:         3214036 kB
Active:           446068 kB
Mem:          3.8G       783M       3.1G       5.7M        58M       319M

MemTotal:        4016004 kB
MemFree:         3214160 kB
Active:           446084 kB
Mem:          3.8G       783M       3.1G       5.7M        58M       319M

MemTotal:        4016004 kB
MemFree:         3213912 kB
Active:           446080 kB
Mem:          3.8G       783M       3.1G       5.7M        58M       319M

MemTotal:        4016004 kB
MemFree:         3214160 kB
Active:           446076 kB
Mem:          3.8G       783M       3.1G       5.7M        58M       319M

MemTotal:        4016004 kB
MemFree:         3213880 kB
Active:           446096 kB
Mem:          3.8G       782M       3.1G       5.7M        58M       319M

MemTotal:        4016004 kB
MemFree:         3214284 kB
Active:           446104 kB
Mem:          3.8G       783M       3.1G       5.7M        58M       319M

MemTotal:        4016004 kB
MemFree:         3214408 kB
Active:           446052 kB
Mem:          3.8G       782M       3.1G       5.7M        58M       319M

MemTotal:        4016004 kB
MemFree:         3213912 kB
Active:           446104 kB
Mem:          3.8G       783M       3.1G       5.7M        58M       319M

MemTotal:        4016004 kB
MemFree:         3214284 kB
Active:           446052 kB
Mem:          3.8G       782M       3.1G       5.7M        58M       319M

MemTotal:        4016004 kB
MemFree:         3214284 kB
Active:           446072 kB
Mem:          3.8G       782M       3.1G       5.7M        58M       319M

MemTotal:        4016004 kB
MemFree:         3214284 kB
Active:           446120 kB
Mem:          3.8G       783M       3.1G       5.7M        58M       319M

MemTotal:        4016004 kB
MemFree:         3213912 kB
Active:           446076 kB
Mem:          3.8G       783M       3.1G       5.7M        58M       319M

MemTotal:        4016004 kB
MemFree:         3213788 kB
Active:           446104 kB
Mem:          3.8G       783M       3.1G       5.7M        58M       319M

MemTotal:        4016004 kB
MemFree:         3213788 kB
Active:           446120 kB
Mem:          3.8G       783M       3.1G       5.7M        58M       319M

MemTotal:        4016004 kB
MemFree:         3213664 kB
Active:           446124 kB
Mem:          3.8G       783M       3.1G       5.7M        58M       319M

MemTotal:        4016004 kB
MemFree:         3213912 kB
Active:           446124 kB
Mem:          3.8G       783M       3.1G       5.7M        58M       319M

MemTotal:        4016004 kB
MemFree:         3214036 kB
Active:           446120 kB
Mem:          3.8G       783M       3.1G       5.7M        58M       319M

MemTotal:        4016004 kB
MemFree:         3213664 kB
Active:           446132 kB
Mem:          3.8G       783M       3.1G       5.7M        58M       319M

MemTotal:        4016004 kB
MemFree:         3214284 kB
Active:           446112 kB
Mem:          3.8G       782M       3.1G       5.7M        58M       319M

MemTotal:        4016004 kB
MemFree:         3214656 kB
Active:           446128 kB
Mem:          3.8G       782M       3.1G       5.7M        58M       319M

MemTotal:        4016004 kB
MemFree:         3214160 kB
Active:           446132 kB
Mem:          3.8G       782M       3.1G       5.7M        58M       319M

MemTotal:        4016004 kB
MemFree:         3214408 kB
Active:           446124 kB
Mem:          3.8G       782M       3.1G       5.7M        58M       319M

MemTotal:        4016004 kB
MemFree:         3214532 kB
Active:           446092 kB
Mem:          3.8G       782M       3.1G       5.7M        58M       319M

MemTotal:        4016004 kB
MemFree:         3214532 kB
Active:           446124 kB
Mem:          3.8G       782M       3.1G       5.7M        58M       319M

MemTotal:        4016004 kB
MemFree:         3214036 kB
Active:           446132 kB
Mem:          3.8G       783M       3.1G       5.7M        58M       319M

MemTotal:        4016004 kB
MemFree:         3213664 kB
Active:           446140 kB
Mem:          3.8G       783M       3.1G       5.7M        58M       319M

MemTotal:        4016004 kB
MemFree:         3213912 kB
Active:           446100 kB
Mem:          3.8G       783M       3.1G       5.7M        58M       319M

MemTotal:        4016004 kB
MemFree:         3214036 kB
Active:           446112 kB
Mem:          3.8G       783M       3.1G       5.7M        58M       319M

MemTotal:        4016004 kB
MemFree:         3214036 kB
Active:           446104 kB
Mem:          3.8G       783M       3.1G       5.7M        58M       319M

MemTotal:        4016004 kB
MemFree:         3213416 kB
Active:           446140 kB
Mem:          3.8G       783M       3.1G       5.7M        58M       319M

MemTotal:        4016004 kB
MemFree:         3213788 kB
Active:           446132 kB
Mem:          3.8G       783M       3.1G       5.7M        58M       319M

MemTotal:        4016004 kB
MemFree:         3213788 kB
Active:           446128 kB
Mem:          3.8G       783M       3.1G       5.7M        58M       319M

MemTotal:        4016004 kB
MemFree:         3213540 kB
Active:           446148 kB
Mem:          3.8G       783M       3.1G       5.7M        58M       319M

MemTotal:        4016004 kB
MemFree:         3213912 kB
Active:           446144 kB
Mem:          3.8G       783M       3.1G       5.7M        58M       319M

MemTotal:        4016004 kB
MemFree:         3213632 kB
Active:           446100 kB
Mem:          3.8G       784M       3.1G       5.7M        58M       319M

MemTotal:        4016004 kB
MemFree:         3213260 kB
Active:           446148 kB
Mem:          3.8G       783M       3.1G       5.7M        58M       319M

MemTotal:        4016004 kB
MemFree:         3214128 kB
Active:           446096 kB
Mem:          3.8G       783M       3.1G       5.7M        58M       319M

MemTotal:        4016004 kB
MemFree:         3214128 kB
Active:           446116 kB
Mem:          3.8G       783M       3.1G       5.7M        58M       319M

MemTotal:        4016004 kB
MemFree:         3214004 kB
Active:           446132 kB
Mem:          3.8G       783M       3.1G       5.7M        58M       319M

MemTotal:        4016004 kB
MemFree:         3213648 kB
Active:           446160 kB
Mem:          3.8G       783M       3.1G       5.7M        58M       319M

MemTotal:        4016004 kB
MemFree:         3213912 kB
Active:           446132 kB
Mem:          3.8G       783M       3.1G       5.7M        58M       319M

MemTotal:        4016004 kB
MemFree:         3214036 kB
Active:           446156 kB
Mem:          3.8G       783M       3.1G       5.7M        58M       319M

MemTotal:        4016004 kB
MemFree:         3213416 kB
Active:           446164 kB
Mem:          3.8G       783M       3.1G       5.7M        58M       319M

MemTotal:        4016004 kB
MemFree:         3213912 kB
Active:           446156 kB
Mem:          3.8G       783M       3.1G       5.7M        58M       319M

MemTotal:        4016004 kB
MemFree:         3213912 kB
Active:           446132 kB
Mem:          3.8G       783M       3.1G       5.7M        58M       319M

MemTotal:        4016004 kB
MemFree:         3214160 kB
Active:           446176 kB
Mem:          3.8G       783M       3.1G       5.7M        58M       319M

MemTotal:        4016004 kB
MemFree:         3214052 kB
Active:           446132 kB
Mem:          3.8G       783M       3.1G       5.7M        58M       319M

MemTotal:        4016004 kB
MemFree:         3214052 kB
Active:           446156 kB
Mem:          3.8G       783M       3.1G       5.7M        58M       319M

MemTotal:        4016004 kB
MemFree:         3214052 kB
Active:           446164 kB
Mem:          3.8G       783M       3.1G       5.7M        58M       319M

MemTotal:        4016004 kB
MemFree:         3214176 kB
Active:           446164 kB
Mem:          3.8G       783M       3.1G       5.7M        58M       319M

MemTotal:        4016004 kB
MemFree:         3214052 kB
Active:           446176 kB
Mem:          3.8G       783M       3.1G       5.7M        58M       319M

MemTotal:        4016004 kB
MemFree:         3214300 kB
Active:           446136 kB
Mem:          3.8G       783M       3.1G       5.7M        58M       319M

MemTotal:        4016004 kB
MemFree:         3214176 kB
Active:           446140 kB
Mem:          3.8G       783M       3.1G       5.7M        58M       319M

MemTotal:        4016004 kB
MemFree:         3213928 kB
Active:           446156 kB
Mem:          3.8G       783M       3.1G       5.7M        58M       319M

MemTotal:        4016004 kB
MemFree:         3213680 kB
Active:           446192 kB
Mem:          3.8G       783M       3.1G       5.7M        58M       319M

MemTotal:        4016004 kB
MemFree:         3213928 kB
Active:           446148 kB
Mem:          3.8G       783M       3.1G       5.7M        58M       319M

MemTotal:        4016004 kB
MemFree:         3214176 kB
Active:           446156 kB
Mem:          3.8G       783M       3.1G       5.7M        58M       319M

MemTotal:        4016004 kB
MemFree:         3213680 kB
Active:           446192 kB
Mem:          3.8G       783M       3.1G       5.7M        58M       319M

MemTotal:        4016004 kB
MemFree:         3213680 kB
Active:           446196 kB
Mem:          3.8G       783M       3.1G       5.7M        58M       319M

MemTotal:        4016004 kB
MemFree:         3213928 kB
Active:           446172 kB
Mem:          3.8G       783M       3.1G       5.7M        58M       319M

MemTotal:        4016004 kB
MemFree:         3213928 kB
Active:           446172 kB
Mem:          3.8G       783M       3.1G       5.7M        58M       319M

MemTotal:        4016004 kB
MemFree:         3214052 kB
Active:           446180 kB
Mem:          3.8G       783M       3.1G       5.7M        58M       319M

MemTotal:        4016004 kB
MemFree:         3214424 kB
Active:           446184 kB
Mem:          3.8G       783M       3.1G       5.7M        58M       319M

MemTotal:        4016004 kB
MemFree:         3214424 kB
Active:           446180 kB
Mem:          3.8G       782M       3.1G       5.7M        58M       319M

MemTotal:        4016004 kB
MemFree:         3214052 kB
Active:           446208 kB
Mem:          3.8G       783M       3.1G       5.7M        58M       319M

MemTotal:        4016004 kB
MemFree:         3213680 kB
Active:           446216 kB
Mem:          3.8G       783M       3.1G       5.7M        58M       319M

MemTotal:        4016004 kB
MemFree:         3214052 kB
Active:           446200 kB
Mem:          3.8G       783M       3.1G       5.7M        58M       319M

MemTotal:        4016004 kB
MemFree:         3214052 kB
Active:           446160 kB
Mem:          3.8G       783M       3.1G       5.7M        58M       319M

MemTotal:        4016004 kB
MemFree:         3214176 kB
Active:           446184 kB
Mem:          3.8G       783M       3.1G       5.7M        58M       319M

MemTotal:        4016004 kB
MemFree:         3213804 kB
Active:           446220 kB
Mem:          3.8G       783M       3.1G       5.7M        58M       319M

MemTotal:        4016004 kB
MemFree:         3214052 kB
Active:           446196 kB
Mem:          3.8G       783M       3.1G       5.7M        58M       319M

MemTotal:        4016004 kB
MemFree:         3214036 kB
Active:           446192 kB
Mem:          3.8G       783M       3.1G       5.7M        58M       319M

MemTotal:        4016004 kB
MemFree:         3213928 kB
Active:           446204 kB
Mem:          3.8G       782M       3.1G       5.7M        58M       319M

MemTotal:        4016004 kB
MemFree:         3213928 kB
Active:           446228 kB
Mem:          3.8G       783M       3.1G       5.7M        58M       319M

MemTotal:        4016004 kB
MemFree:         3213928 kB
Active:           446220 kB
Mem:          3.8G       783M       3.1G       5.7M        58M       319M

MemTotal:        4016004 kB
MemFree:         3214052 kB
Active:           446196 kB
Mem:          3.8G       783M       3.1G       5.7M        58M       319M

MemTotal:        4016004 kB
MemFree:         3213928 kB
Active:           446200 kB
Mem:          3.8G       783M       3.1G       5.7M        58M       319M

MemTotal:        4016004 kB
MemFree:         3213928 kB
Active:           446220 kB
Mem:          3.8G       783M       3.1G       5.7M        58M       319M

MemTotal:        4016004 kB
MemFree:         3213184 kB
Active:           446240 kB
Mem:          3.8G       783M       3.1G       5.7M        58M       319M

MemTotal:        4016004 kB
MemFree:         3213556 kB
Active:           446192 kB
Mem:          3.8G       783M       3.1G       5.7M        58M       319M

MemTotal:        4016004 kB
MemFree:         3213680 kB
Active:           446184 kB
Mem:          3.8G       783M       3.1G       5.7M        58M       319M

MemTotal:        4016004 kB
MemFree:         3213928 kB
Active:           446192 kB
Mem:          3.8G       783M       3.1G       5.7M        58M       319M

MemTotal:        4016004 kB
MemFree:         3213928 kB
Active:           446220 kB
Mem:          3.8G       783M       3.1G       5.7M        58M       319M

MemTotal:        4016004 kB
MemFree:         3214052 kB
Active:           446192 kB
Mem:          3.8G       783M       3.1G       5.7M        58M       319M

MemTotal:        4016004 kB
MemFree:         3214052 kB
Active:           446200 kB
Mem:          3.8G       783M       3.1G       5.7M        58M       319M

MemTotal:        4016004 kB
MemFree:         3213680 kB
Active:           446240 kB
Mem:          3.8G       783M       3.1G       5.7M        58M       319M

MemTotal:        4016004 kB
MemFree:         3213680 kB
Active:           446244 kB
Mem:          3.8G       783M       3.1G       5.7M        58M       319M

MemTotal:        4016004 kB
MemFree:         3214176 kB
Active:           446232 kB
Mem:          3.8G       783M       3.1G       5.7M        58M       319M

MemTotal:        4016004 kB
MemFree:         3214300 kB
Active:           446196 kB
Mem:          3.8G       783M       3.1G       5.7M        58M       319M

MemTotal:        4016004 kB
MemFree:         3213928 kB
Active:           446244 kB
Mem:          3.8G       783M       3.1G       5.7M        58M       319M

MemTotal:        4016004 kB
MemFree:         3214052 kB
Active:           446196 kB
Mem:          3.8G       783M       3.1G       5.7M        58M       319M

MemTotal:        4016004 kB
MemFree:         3213556 kB
Active:           446188 kB
Mem:          3.8G       783M       3.1G       5.7M        58M       319M

MemTotal:        4016004 kB
MemFree:         3213680 kB
Active:           446204 kB
Mem:          3.8G       783M       3.1G       5.7M        58M       319M

MemTotal:        4016004 kB
MemFree:         3213664 kB
Active:           446200 kB
Mem:          3.8G       783M       3.1G       5.7M        58M       319M

MemTotal:        4016004 kB
MemFree:         3213540 kB
Active:           446256 kB
Mem:          3.8G       783M       3.1G       5.7M        58M       319M

MemTotal:        4016004 kB
MemFree:         3213788 kB
Active:           446208 kB
Mem:          3.8G       783M       3.1G       5.7M        58M       319M

MemTotal:        4016004 kB
MemFree:         3213928 kB
Active:           446212 kB
Mem:          3.8G       783M       3.1G       5.7M        58M       319M

MemTotal:        4016004 kB
MemFree:         3214052 kB
Active:           446224 kB
Mem:          3.8G       783M       3.1G       5.7M        58M       319M

MemTotal:        4016004 kB
MemFree:         3213928 kB
Active:           446240 kB
Mem:          3.8G       783M       3.1G       5.7M        58M       319M

MemTotal:        4016004 kB
MemFree:         3213804 kB
Active:           446244 kB
Mem:          3.8G       783M       3.1G       5.7M        58M       319M

MemTotal:        4016004 kB
MemFree:         3213804 kB
Active:           446224 kB
Mem:          3.8G       783M       3.1G       5.7M        58M       319M

MemTotal:        4016004 kB
MemFree:         3213928 kB
Active:           446240 kB
Mem:          3.8G       783M       3.1G       5.7M        58M       319M

MemTotal:        4016004 kB
MemFree:         3213928 kB
Active:           446228 kB
Mem:          3.8G       783M       3.1G       5.7M        58M       319M

MemTotal:        4016004 kB
MemFree:         3213556 kB
Active:           446280 kB
Mem:          3.8G       783M       3.1G       5.7M        58M       319M

MemTotal:        4016004 kB
MemFree:         3213680 kB
Active:           446244 kB
Mem:          3.8G       783M       3.1G       5.7M        58M       319M

MemTotal:        4016004 kB
MemFree:         3213432 kB
Active:           446280 kB
Mem:          3.8G       783M       3.1G       5.7M        58M       319M

MemTotal:        4016004 kB
MemFree:         3213556 kB
Active:           446228 kB
Mem:          3.8G       783M       3.1G       5.7M        58M       319M

MemTotal:        4016004 kB
MemFree:         3213556 kB
Active:           446232 kB
Mem:          3.8G       783M       3.1G       5.7M        58M       319M

MemTotal:        4016004 kB
MemFree:         3213680 kB
Active:           446232 kB
Mem:          3.8G       783M       3.1G       5.7M        58M       319M

MemTotal:        4016004 kB
MemFree:         3213060 kB
Active:           446288 kB
Mem:          3.8G       783M       3.1G       5.7M        58M       319M

MemTotal:        4016004 kB
MemFree:         3212936 kB
Active:           446288 kB
Mem:          3.8G       783M       3.1G       5.7M        58M       319M

MemTotal:        4016004 kB
MemFree:         3213308 kB
Active:           446240 kB
Mem:          3.8G       783M       3.1G       5.7M        58M       319M

MemTotal:        4016004 kB
MemFree:         3213680 kB
Active:           446252 kB
Mem:          3.8G       783M       3.1G       5.7M        58M       319M

MemTotal:        4016004 kB
MemFree:         3213928 kB
Active:           446296 kB
Mem:          3.8G       783M       3.1G       5.7M        58M       319M

MemTotal:        4016004 kB
MemFree:         3213804 kB
Active:           446276 kB
Mem:          3.8G       783M       3.1G       5.7M        58M       319M

MemTotal:        4016004 kB
MemFree:         3213680 kB
Active:           446288 kB
Mem:          3.8G       783M       3.1G       5.7M        58M       319M

MemTotal:        4016004 kB
MemFree:         3213804 kB
Active:           446244 kB
Mem:          3.8G       783M       3.1G       5.7M        58M       319M

MemTotal:        4016004 kB
MemFree:         3213680 kB
Active:           446304 kB
Mem:          3.8G       783M       3.1G       5.7M        58M       319M

MemTotal:        4016004 kB
MemFree:         3213680 kB
Active:           446304 kB
Mem:          3.8G       783M       3.1G       5.7M        58M       319M

MemTotal:        4016004 kB
MemFree:         3213308 kB
Active:           446312 kB
