MemTotal:        4016004 kB
MemFree:         3245976 kB
Active:           415208 kB
Mem:          3.8G       752M       3.1G       5.7M        52M       321M

MemTotal:        4016004 kB
MemFree:         3245836 kB
Active:           415568 kB
Mem:          3.8G       752M       3.1G       5.7M        52M       321M

MemTotal:        4016004 kB
MemFree:         3245572 kB
Active:           415648 kB
Mem:          3.8G       752M       3.1G       5.7M        52M       321M

MemTotal:        4016004 kB
MemFree:         3245076 kB
Active:           415708 kB
Mem:          3.8G       752M       3.1G       5.7M        52M       321M

MemTotal:        4016004 kB
MemFree:         3245076 kB
Active:           415720 kB
Mem:          3.8G       752M       3.1G       5.7M        52M       321M

MemTotal:        4016004 kB
MemFree:         3245076 kB
Active:           415680 kB
Mem:          3.8G       752M       3.1G       5.7M        52M       321M

MemTotal:        4016004 kB
MemFree:         3245060 kB
Active:           415716 kB
Mem:          3.8G       753M       3.1G       5.7M        52M       321M

MemTotal:        4016004 kB
MemFree:         3245060 kB
Active:           415672 kB
Mem:          3.8G       752M       3.1G       5.7M        52M       321M

MemTotal:        4016004 kB
MemFree:         3245060 kB
Active:           415664 kB
Mem:          3.8G       752M       3.1G       5.7M        52M       321M

MemTotal:        4016004 kB
MemFree:         3245060 kB
Active:           415684 kB
Mem:          3.8G       752M       3.1G       5.7M        52M       321M

MemTotal:        4016004 kB
MemFree:         3244804 kB
Active:           415712 kB
Mem:          3.8G       753M       3.1G       5.7M        52M       321M

MemTotal:        4016004 kB
MemFree:         3245036 kB
Active:           415720 kB
Mem:          3.8G       753M       3.1G       5.7M        52M       321M

MemTotal:        4016004 kB
MemFree:         3245144 kB
Active:           415712 kB
Mem:          3.8G       753M       3.1G       5.7M        52M       321M

MemTotal:        4016004 kB
MemFree:         3245268 kB
Active:           415684 kB
Mem:          3.8G       753M       3.1G       5.7M        52M       321M

MemTotal:        4016004 kB
MemFree:         3244224 kB
Active:           413676 kB
Mem:          3.8G       753M       3.1G       5.7M        52M       321M

MemTotal:        4016004 kB
MemFree:         3244704 kB
Active:           415688 kB
Mem:          3.8G       753M       3.1G       5.7M        52M       321M

MemTotal:        4016004 kB
MemFree:         3244828 kB
Active:           415712 kB
Mem:          3.8G       753M       3.1G       5.7M        52M       321M

MemTotal:        4016004 kB
MemFree:         3244704 kB
Active:           415684 kB
Mem:          3.8G       753M       3.1G       5.7M        52M       321M

MemTotal:        4016004 kB
MemFree:         3244456 kB
Active:           415724 kB
Mem:          3.8G       753M       3.1G       5.7M        52M       321M

MemTotal:        4016004 kB
MemFree:         3244456 kB
Active:           415684 kB
Mem:          3.8G       753M       3.1G       5.7M        52M       321M

MemTotal:        4016004 kB
MemFree:         3244456 kB
Active:           415708 kB
Mem:          3.8G       753M       3.1G       5.7M        52M       321M

MemTotal:        4016004 kB
MemFree:         3244580 kB
Active:           415716 kB
Mem:          3.8G       753M       3.1G       5.7M        52M       321M

MemTotal:        4016004 kB
MemFree:         3244580 kB
Active:           415692 kB
Mem:          3.8G       753M       3.1G       5.7M        52M       321M

MemTotal:        4016004 kB
MemFree:         3244580 kB
Active:           415696 kB
Mem:          3.8G       753M       3.1G       5.7M        52M       321M

MemTotal:        4016004 kB
MemFree:         3244704 kB
Active:           415680 kB
Mem:          3.8G       753M       3.1G       5.7M        52M       321M

MemTotal:        4016004 kB
MemFree:         3244704 kB
Active:           415712 kB
Mem:          3.8G       753M       3.1G       5.7M        52M       321M

MemTotal:        4016004 kB
MemFree:         3244580 kB
Active:           415732 kB
Mem:          3.8G       753M       3.1G       5.7M        52M       321M

MemTotal:        4016004 kB
MemFree:         3244952 kB
Active:           415728 kB
Mem:          3.8G       752M       3.1G       5.7M        52M       321M

MemTotal:        4016004 kB
MemFree:         3245324 kB
Active:           415716 kB
Mem:          3.8G       752M       3.1G       5.7M        52M       321M

MemTotal:        4016004 kB
MemFree:         3245200 kB
Active:           415732 kB
Mem:          3.8G       752M       3.1G       5.7M        52M       321M

MemTotal:        4016004 kB
MemFree:         3244936 kB
Active:           415700 kB
Mem:          3.8G       753M       3.1G       5.7M        52M       321M

MemTotal:        4016004 kB
MemFree:         3244936 kB
Active:           415680 kB
Mem:          3.8G       752M       3.1G       5.7M        52M       321M

MemTotal:        4016004 kB
MemFree:         3244764 kB
Active:           415712 kB
Mem:          3.8G       753M       3.1G       5.7M        52M       321M

MemTotal:        4016004 kB
MemFree:         3244888 kB
Active:           415724 kB
Mem:          3.8G       753M       3.1G       5.7M        52M       321M

MemTotal:        4016004 kB
MemFree:         3245044 kB
Active:           415700 kB
Mem:          3.8G       752M       3.1G       5.7M        52M       321M

MemTotal:        4016004 kB
MemFree:         3245044 kB
Active:           415732 kB
Mem:          3.8G       752M       3.1G       5.7M        52M       321M

MemTotal:        4016004 kB
MemFree:         3245168 kB
Active:           415748 kB
Mem:          3.8G       752M       3.1G       5.7M        52M       321M

MemTotal:        4016004 kB
MemFree:         3245168 kB
Active:           415728 kB
Mem:          3.8G       752M       3.1G       5.7M        52M       321M

MemTotal:        4016004 kB
MemFree:         3245524 kB
Active:           415696 kB
Mem:          3.8G       752M       3.1G       5.7M        52M       321M

MemTotal:        4016004 kB
MemFree:         3245384 kB
Active:           415736 kB
Mem:          3.8G       752M       3.1G       5.7M        52M       321M

MemTotal:        4016004 kB
MemFree:         3245384 kB
Active:           415712 kB
Mem:          3.8G       752M       3.1G       5.7M        52M       321M

MemTotal:        4016004 kB
MemFree:         3244936 kB
Active:           415752 kB
Mem:          3.8G       752M       3.1G       5.7M        52M       321M

MemTotal:        4016004 kB
MemFree:         3245060 kB
Active:           415712 kB
Mem:          3.8G       752M       3.1G       5.7M        52M       321M

MemTotal:        4016004 kB
MemFree:         3242888 kB
Active:           415704 kB
Mem:          3.8G       754M       3.1G       5.7M        52M       321M

MemTotal:        4016004 kB
MemFree:         3243260 kB
Active:           417760 kB
Mem:          3.8G       754M       3.1G       5.7M        52M       321M

MemTotal:        4016004 kB
MemFree:         3243260 kB
Active:           417724 kB
Mem:          3.8G       754M       3.1G       5.7M        52M       321M

MemTotal:        4016004 kB
MemFree:         3243356 kB
Active:           417728 kB
Mem:          3.8G       754M       3.1G       5.7M        52M       321M

MemTotal:        4016004 kB
MemFree:         3243480 kB
Active:           417744 kB
Mem:          3.8G       754M       3.1G       5.7M        52M       321M

MemTotal:        4016004 kB
MemFree:         3243356 kB
Active:           417776 kB
Mem:          3.8G       754M       3.1G       5.7M        52M       321M

MemTotal:        4016004 kB
MemFree:         3243356 kB
Active:           417740 kB
Mem:          3.8G       754M       3.1G       5.7M        52M       321M

MemTotal:        4016004 kB
MemFree:         3243356 kB
Active:           417752 kB
Mem:          3.8G       754M       3.1G       5.7M        52M       321M

MemTotal:        4016004 kB
MemFree:         3242860 kB
Active:           417800 kB
Mem:          3.8G       754M       3.1G       5.7M        52M       321M

MemTotal:        4016004 kB
MemFree:         3242612 kB
Active:           417816 kB
Mem:          3.8G       755M       3.1G       5.7M        52M       321M

MemTotal:        4016004 kB
MemFree:         3241740 kB
Active:           415768 kB
Mem:          3.8G       755M       3.1G       5.7M        52M       322M

MemTotal:        4016004 kB
MemFree:         3242344 kB
Active:           417796 kB
Mem:          3.8G       755M       3.1G       5.7M        52M       322M

MemTotal:        4016004 kB
MemFree:         3242328 kB
Active:           417812 kB
Mem:          3.8G       755M       3.1G       5.7M        52M       322M

MemTotal:        4016004 kB
MemFree:         3242328 kB
Active:           417776 kB
Mem:          3.8G       755M       3.1G       5.7M        52M       322M

MemTotal:        4016004 kB
MemFree:         3242328 kB
Active:           417812 kB
Mem:          3.8G       755M       3.1G       5.7M        52M       322M

MemTotal:        4016004 kB
MemFree:         3242188 kB
Active:           417824 kB
Mem:          3.8G       755M       3.1G       5.7M        52M       322M

MemTotal:        4016004 kB
MemFree:         3242188 kB
Active:           417824 kB
Mem:          3.8G       755M       3.1G       5.7M        52M       322M

MemTotal:        4016004 kB
MemFree:         3242560 kB
Active:           417784 kB
Mem:          3.8G       755M       3.1G       5.7M        52M       322M

MemTotal:        4016004 kB
MemFree:         3242064 kB
Active:           417828 kB
Mem:          3.8G       755M       3.1G       5.7M        52M       322M

MemTotal:        4016004 kB
MemFree:         3242932 kB
Active:           417800 kB
Mem:          3.8G       754M       3.1G       5.7M        52M       322M

MemTotal:        4016004 kB
MemFree:         3242560 kB
Active:           417836 kB
Mem:          3.8G       755M       3.1G       5.7M        52M       322M

MemTotal:        4016004 kB
MemFree:         3242560 kB
Active:           417832 kB
Mem:          3.8G       755M       3.1G       5.7M        52M       322M

MemTotal:        4016004 kB
MemFree:         3242436 kB
Active:           417804 kB
Mem:          3.8G       755M       3.1G       5.7M        52M       322M

MemTotal:        4016004 kB
MemFree:         3242684 kB
Active:           417820 kB
Mem:          3.8G       755M       3.1G       5.7M        52M       322M

MemTotal:        4016004 kB
MemFree:         3242668 kB
Active:           417824 kB
Mem:          3.8G       755M       3.1G       5.7M        52M       322M

MemTotal:        4016004 kB
MemFree:         3242916 kB
Active:           417792 kB
Mem:          3.8G       755M       3.1G       5.7M        52M       322M

MemTotal:        4016004 kB
MemFree:         3243212 kB
Active:           417796 kB
Mem:          3.8G       754M       3.1G       5.7M        52M       322M

MemTotal:        4016004 kB
MemFree:         3234136 kB
Active:           425712 kB
Mem:          3.8G       763M       3.1G       5.7M        59M       321M

MemTotal:        4016004 kB
MemFree:         3234268 kB
Active:           425760 kB
Mem:          3.8G       763M       3.1G       5.7M        59M       322M

MemTotal:        4016004 kB
MemFree:         3234268 kB
Active:           425760 kB
Mem:          3.8G       763M       3.1G       5.7M        59M       322M

MemTotal:        4016004 kB
MemFree:         3233628 kB
Active:           423780 kB
Mem:          3.8G       764M       3.1G       5.7M        59M       322M

MemTotal:        4016004 kB
MemFree:         3233660 kB
Active:           425800 kB
Mem:          3.8G       763M       3.1G       5.7M        59M       322M

MemTotal:        4016004 kB
MemFree:         3233288 kB
Active:           425836 kB
Mem:          3.8G       764M       3.1G       5.7M        59M       322M

MemTotal:        4016004 kB
MemFree:         3233660 kB
Active:           425840 kB
Mem:          3.8G       764M       3.1G       5.7M        59M       322M

MemTotal:        4016004 kB
MemFree:         3233660 kB
Active:           425796 kB
Mem:          3.8G       764M       3.1G       5.7M        59M       322M

MemTotal:        4016004 kB
MemFree:         3233660 kB
Active:           425836 kB
Mem:          3.8G       764M       3.1G       5.7M        59M       322M

MemTotal:        4016004 kB
MemFree:         3233412 kB
Active:           425856 kB
Mem:          3.8G       764M       3.1G       5.7M        59M       322M

MemTotal:        4016004 kB
MemFree:         3233660 kB
Active:           425832 kB
Mem:          3.8G       764M       3.1G       5.7M        59M       322M

MemTotal:        4016004 kB
MemFree:         3233536 kB
Active:           425808 kB
Mem:          3.8G       763M       3.1G       5.7M        59M       322M

MemTotal:        4016004 kB
MemFree:         3234016 kB
Active:           425852 kB
Mem:          3.8G       763M       3.1G       5.7M        59M       322M

MemTotal:        4016004 kB
MemFree:         3232496 kB
Active:           423820 kB
Mem:          3.8G       764M       3.1G       5.7M        59M       322M

MemTotal:        4016004 kB
MemFree:         3233224 kB
Active:           425820 kB
Mem:          3.8G       764M       3.1G       5.7M        59M       322M

MemTotal:        4016004 kB
MemFree:         3232960 kB
Active:           425832 kB
Mem:          3.8G       764M       3.1G       5.7M        59M       322M

MemTotal:        4016004 kB
MemFree:         3232944 kB
Active:           425872 kB
Mem:          3.8G       765M       3.1G       5.7M        59M       322M

MemTotal:        4016004 kB
MemFree:         3232936 kB
Active:           425848 kB
Mem:          3.8G       764M       3.1G       5.7M        59M       322M

MemTotal:        4016004 kB
MemFree:         3233168 kB
Active:           425856 kB
Mem:          3.8G       764M       3.1G       5.7M        59M       322M

MemTotal:        4016004 kB
MemFree:         3233044 kB
Active:           425876 kB
Mem:          3.8G       764M       3.1G       5.7M        59M       322M

MemTotal:        4016004 kB
MemFree:         3233292 kB
Active:           425824 kB
Mem:          3.8G       764M       3.1G       5.7M        59M       322M

MemTotal:        4016004 kB
MemFree:         3233152 kB
Active:           425840 kB
Mem:          3.8G       764M       3.1G       5.7M        59M       322M

MemTotal:        4016004 kB
MemFree:         3232872 kB
Active:           423936 kB
Mem:          3.8G       764M       3.1G       5.7M        59M       322M

MemTotal:        4016004 kB
MemFree:         3232876 kB
Active:           423808 kB
Mem:          3.8G       764M       3.1G       5.7M        59M       322M

MemTotal:        4016004 kB
MemFree:         3233000 kB
Active:           425864 kB
Mem:          3.8G       764M       3.1G       5.7M        59M       322M

MemTotal:        4016004 kB
MemFree:         3233048 kB
Active:           425876 kB
Mem:          3.8G       764M       3.1G       5.7M        59M       322M

MemTotal:        4016004 kB
MemFree:         3233048 kB
Active:           425836 kB
Mem:          3.8G       764M       3.1G       5.7M        59M       322M

MemTotal:        4016004 kB
MemFree:         3232800 kB
Active:           425844 kB
Mem:          3.8G       764M       3.1G       5.7M        59M       322M

MemTotal:        4016004 kB
MemFree:         3233140 kB
Active:           425860 kB
Mem:          3.8G       764M       3.1G       5.7M        59M       322M

MemTotal:        4016004 kB
MemFree:         3233744 kB
Active:           425876 kB
Mem:          3.8G       764M       3.1G       5.7M        59M       322M

MemTotal:        4016004 kB
MemFree:         3233512 kB
Active:           425964 kB
Mem:          3.8G       764M       3.1G       5.7M        59M       322M

MemTotal:        4016004 kB
MemFree:         3189256 kB
Active:           426208 kB
Mem:          3.8G       807M       3.0G       5.7M        59M       364M

MemTotal:        4016004 kB
MemFree:         3142968 kB
Active:           428256 kB
Mem:          3.8G       853M       3.0G       5.7M        59M       408M

MemTotal:        4016004 kB
MemFree:         3097984 kB
Active:           428228 kB
Mem:          3.8G       896M       3.0G       5.7M        59M       451M

MemTotal:        4016004 kB
MemFree:         3051636 kB
Active:           428228 kB
Mem:          3.8G       941M       2.9G       5.7M        59M       495M

MemTotal:        4016004 kB
MemFree:         3006608 kB
Active:           428204 kB
Mem:          3.8G       985M       2.9G       5.7M        59M       538M

MemTotal:        4016004 kB
MemFree:         2961748 kB
Active:           428256 kB
Mem:          3.8G       1.0G       2.8G       5.7M        59M       582M

MemTotal:        4016004 kB
MemFree:         2917508 kB
Active:           428228 kB
Mem:          3.8G       1.0G       2.8G       5.7M        59M       625M

MemTotal:        4016004 kB
MemFree:         2872604 kB
Active:           428232 kB
Mem:          3.8G       1.1G       2.7G       5.7M        59M       667M

MemTotal:        4016004 kB
MemFree:         2826912 kB
Active:           428280 kB
Mem:          3.8G       1.1G       2.7G       5.7M        59M       710M

MemTotal:        4016004 kB
MemFree:         2782116 kB
Active:           428232 kB
Mem:          3.8G       1.2G       2.7G       5.7M        59M       754M

MemTotal:        4016004 kB
MemFree:         2760088 kB
Active:           428284 kB
Mem:          3.8G       1.2G       2.6G       5.7M        59M       775M

MemTotal:        4016004 kB
MemFree:         2715352 kB
Active:           428296 kB
Mem:          3.8G       1.2G       2.6G       5.7M        59M       819M

MemTotal:        4016004 kB
MemFree:         2677504 kB
Active:           428244 kB
Mem:          3.8G       1.3G       2.6G       5.7M        59M       855M

MemTotal:        4016004 kB
MemFree:         2677492 kB
Active:           428296 kB
Mem:          3.8G       1.3G       2.6G       5.7M        59M       855M

MemTotal:        4016004 kB
MemFree:         2631512 kB
Active:           428316 kB
Mem:          3.8G       1.3G       2.5G       5.7M        59M       899M

MemTotal:        4016004 kB
MemFree:         2586376 kB
Active:           428304 kB
Mem:          3.8G       1.4G       2.5G       5.7M        59M       943M

MemTotal:        4016004 kB
MemFree:         2541784 kB
Active:           428292 kB
Mem:          3.8G       1.4G       2.4G       5.7M        59M       985M

MemTotal:        4016004 kB
MemFree:         2496276 kB
Active:           428332 kB
Mem:          3.8G       1.4G       2.4G       5.7M        59M       1.0G

MemTotal:        4016004 kB
MemFree:         2450656 kB
Active:           428304 kB
Mem:          3.8G       1.5G       2.3G       5.7M        59M       1.0G

MemTotal:        4016004 kB
MemFree:         2405036 kB
Active:           428336 kB
Mem:          3.8G       1.5G       2.3G       5.7M        59M       1.1G

MemTotal:        4016004 kB
MemFree:         2359432 kB
Active:           428336 kB
Mem:          3.8G       1.6G       2.3G       5.7M        59M       1.1G

MemTotal:        4016004 kB
MemFree:         2314696 kB
Active:           428332 kB
Mem:          3.8G       1.6G       2.2G       5.7M        59M       1.2G

MemTotal:        4016004 kB
MemFree:         2269912 kB
Active:           428288 kB
Mem:          3.8G       1.7G       2.2G       5.7M        59M       1.2G

MemTotal:        4016004 kB
MemFree:         2224464 kB
Active:           428312 kB
Mem:          3.8G       1.7G       2.1G       5.7M        59M       1.3G

MemTotal:        4016004 kB
MemFree:         2221560 kB
Active:           428356 kB
Mem:          3.8G       1.7G       2.1G       5.7M        59M       1.3G

MemTotal:        4016004 kB
MemFree:         2220404 kB
Active:           428328 kB
Mem:          3.8G       1.7G       2.1G       5.7M        59M       1.3G

MemTotal:        4016004 kB
MemFree:         2220080 kB
Active:           428376 kB
Mem:          3.8G       1.7G       2.1G       5.7M        59M       1.3G

MemTotal:        4016004 kB
MemFree:         2220004 kB
Active:           428352 kB
Mem:          3.8G       1.7G       2.1G       5.7M        59M       1.3G

MemTotal:        4016004 kB
MemFree:         2211732 kB
Active:           428392 kB
Mem:          3.8G       1.7G       2.1G       5.7M        59M       1.3G

MemTotal:        4016004 kB
MemFree:         2167508 kB
Active:           428368 kB
Mem:          3.8G       1.8G       2.1G       5.7M        59M       1.3G

MemTotal:        4016004 kB
MemFree:         2123004 kB
Active:           428380 kB
Mem:          3.8G       1.8G       2.0G       5.7M        59M       1.4G

MemTotal:        4016004 kB
MemFree:         2077988 kB
Active:           426400 kB
Mem:          3.8G       1.8G       2.0G       5.7M        59M       1.4G

MemTotal:        4016004 kB
MemFree:         2033136 kB
Active:           426416 kB
Mem:          3.8G       1.9G       1.9G       5.7M        59M       1.4G

MemTotal:        4016004 kB
MemFree:         1987408 kB
Active:           428504 kB
Mem:          3.8G       1.9G       1.9G       5.7M        59M       1.5G

MemTotal:        4016004 kB
MemFree:         1943632 kB
Active:           428484 kB
Mem:          3.8G       2.0G       1.9G       5.7M        59M       1.5G

MemTotal:        4016004 kB
MemFree:         1897736 kB
Active:           428496 kB
Mem:          3.8G       2.0G       1.8G       5.7M        59M       1.6G

MemTotal:        4016004 kB
MemFree:         1852008 kB
Active:           428512 kB
Mem:          3.8G       2.1G       1.8G       5.7M        59M       1.6G

MemTotal:        4016004 kB
MemFree:         1806492 kB
Active:           428520 kB
Mem:          3.8G       2.1G       1.7G       5.7M        59M       1.7G

MemTotal:        4016004 kB
MemFree:         1767724 kB
Active:           428524 kB
Mem:          3.8G       2.1G       1.7G       5.7M        59M       1.7G

MemTotal:        4016004 kB
MemFree:         1764672 kB
Active:           428472 kB
Mem:          3.8G       2.1G       1.7G       5.7M        59M       1.7G

MemTotal:        4016004 kB
MemFree:         1756380 kB
Active:           428532 kB
Mem:          3.8G       2.2G       1.7G       5.7M        59M       1.7G

MemTotal:        4016004 kB
MemFree:         1711644 kB
Active:           428552 kB
Mem:          3.8G       2.2G       1.6G       5.7M        59M       1.7G

MemTotal:        4016004 kB
MemFree:         1667204 kB
Active:           428524 kB
Mem:          3.8G       2.2G       1.6G       5.7M        59M       1.8G

MemTotal:        4016004 kB
MemFree:         1621948 kB
Active:           428536 kB
Mem:          3.8G       2.3G       1.5G       5.7M        59M       1.8G

MemTotal:        4016004 kB
MemFree:         1576892 kB
Active:           428528 kB
Mem:          3.8G       2.3G       1.5G       5.7M        59M       1.9G

MemTotal:        4016004 kB
MemFree:         1531260 kB
Active:           428508 kB
Mem:          3.8G       2.4G       1.5G       5.7M        59M       1.9G

MemTotal:        4016004 kB
MemFree:         1486680 kB
Active:           428560 kB
Mem:          3.8G       2.4G       1.4G       5.7M        59M       2.0G

MemTotal:        4016004 kB
MemFree:         1441308 kB
Active:           428516 kB
Mem:          3.8G       2.5G       1.4G       5.7M        59M       2.0G

MemTotal:        4016004 kB
MemFree:         1395812 kB
Active:           428548 kB
Mem:          3.8G       2.5G       1.3G       5.7M        59M       2.0G

MemTotal:        4016004 kB
MemFree:         1351012 kB
Active:           428548 kB
Mem:          3.8G       2.5G       1.3G       5.7M        59M       2.1G

MemTotal:        4016004 kB
MemFree:         1305688 kB
Active:           428552 kB
Mem:          3.8G       2.6G       1.2G       5.7M        59M       2.1G

MemTotal:        4016004 kB
MemFree:         1258972 kB
Active:           429604 kB
Mem:          3.8G       2.6G       1.2G       5.7M        59M       2.2G

MemTotal:        4016004 kB
MemFree:         1230856 kB
Active:           429580 kB
Mem:          3.8G       2.7G       1.2G       5.7M        59M       2.2G

MemTotal:        4016004 kB
MemFree:         1227760 kB
Active:           429608 kB
Mem:          3.8G       2.7G       1.2G       5.7M        59M       2.2G

MemTotal:        4016004 kB
MemFree:         1227696 kB
Active:           429624 kB
Mem:          3.8G       2.7G       1.2G       5.7M        59M       2.2G

MemTotal:        4016004 kB
MemFree:         1199764 kB
Active:           429608 kB
Mem:          3.8G       2.7G       1.1G       5.7M        59M       2.2G

MemTotal:        4016004 kB
MemFree:         1154844 kB
Active:           429616 kB
Mem:          3.8G       2.7G       1.1G       5.7M        59M       2.3G

MemTotal:        4016004 kB
MemFree:         1110516 kB
Active:           429648 kB
Mem:          3.8G       2.8G       1.1G       5.7M        59M       2.3G

MemTotal:        4016004 kB
MemFree:         1064992 kB
Active:           429660 kB
Mem:          3.8G       2.8G       1.0G       5.7M        59M       2.3G

MemTotal:        4016004 kB
MemFree:         1020380 kB
Active:           429612 kB
Mem:          3.8G       2.9G       995M       5.7M        59M       2.4G

MemTotal:        4016004 kB
MemFree:          975288 kB
Active:           429640 kB
Mem:          3.8G       2.9G       951M       5.7M        59M       2.4G

MemTotal:        4016004 kB
MemFree:          930956 kB
Active:           429652 kB
Mem:          3.8G       2.9G       908M       5.7M        59M       2.5G

MemTotal:        4016004 kB
MemFree:          887104 kB
Active:           429636 kB
Mem:          3.8G       3.0G       865M       5.7M        59M       2.5G

MemTotal:        4016004 kB
MemFree:          841968 kB
Active:           429652 kB
Mem:          3.8G       3.0G       821M       5.7M        59M       2.6G

MemTotal:        4016004 kB
MemFree:          797160 kB
Active:           429636 kB
Mem:          3.8G       3.1G       777M       5.7M        59M       2.6G

MemTotal:        4016004 kB
MemFree:          751816 kB
Active:           429672 kB
Mem:          3.8G       3.1G       733M       5.7M        59M       2.6G

MemTotal:        4016004 kB
MemFree:          707576 kB
Active:           429656 kB
Mem:          3.8G       3.2G       690M       5.7M        59M       2.7G

MemTotal:        4016004 kB
MemFree:          663260 kB
Active:           429684 kB
Mem:          3.8G       3.2G       646M       5.7M        59M       2.7G

MemTotal:        4016004 kB
MemFree:          650072 kB
Active:           429696 kB
Mem:          3.8G       3.2G       634M       5.7M        59M       2.7G

MemTotal:        4016004 kB
MemFree:          614280 kB
Active:           429656 kB
Mem:          3.8G       3.2G       599M       5.7M        59M       2.8G

MemTotal:        4016004 kB
MemFree:          569636 kB
Active:           427664 kB
Mem:          3.8G       3.3G       556M       5.7M        59M       2.8G

MemTotal:        4016004 kB
MemFree:          525340 kB
Active:           429712 kB
Mem:          3.8G       3.3G       513M       5.7M        59M       2.9G

MemTotal:        4016004 kB
MemFree:          452552 kB
Active:           429696 kB
Mem:          3.8G       3.4G       441M       5.7M        59M       2.9G

MemTotal:        4016004 kB
MemFree:          407336 kB
Active:           429548 kB
Mem:          3.8G       3.4G       397M       5.7M        59M       3.0G

MemTotal:        4016004 kB
MemFree:          363236 kB
Active:           429528 kB
Mem:          3.8G       3.5G       354M       5.7M        59M       3.0G

MemTotal:        4016004 kB
MemFree:          317740 kB
Active:           429548 kB
Mem:          3.8G       3.5G       309M       5.7M        59M       3.1G

MemTotal:        4016004 kB
MemFree:          272012 kB
Active:           429524 kB
Mem:          3.8G       3.6G       265M       5.7M        59M       3.1G

MemTotal:        4016004 kB
MemFree:          227196 kB
Active:           429556 kB
Mem:          3.8G       3.6G       220M       5.7M        59M       3.1G

MemTotal:        4016004 kB
MemFree:          181376 kB
Active:           429532 kB
Mem:          3.8G       3.7G       176M       5.7M        59M       3.2G

MemTotal:        4016004 kB
MemFree:          135564 kB
Active:           429508 kB
Mem:          3.8G       3.7G       132M       5.7M        59M       3.2G

MemTotal:        4016004 kB
MemFree:          130780 kB
Active:           429560 kB
Mem:          3.8G       3.7G       127M       5.7M        59M       3.2G

MemTotal:        4016004 kB
MemFree:          107696 kB
Active:           429576 kB
Mem:          3.8G       3.7G       104M       5.7M        59M       3.2G

MemTotal:        4016004 kB
MemFree:          134576 kB
Active:           439428 kB
Mem:          3.8G       3.7G       136M       5.7M        26M       3.2G

MemTotal:        4016004 kB
MemFree:          130760 kB
Active:           485788 kB
Mem:          3.8G       3.7G       126M       5.7M        26M       3.3G

MemTotal:        4016004 kB
MemFree:          121460 kB
Active:           482344 kB
Mem:          3.8G       3.7G       118M       5.7M        26M       3.3G

MemTotal:        4016004 kB
MemFree:          124292 kB
Active:           476848 kB
Mem:          3.8G       3.7G       121M       5.7M        26M       3.3G

MemTotal:        4016004 kB
MemFree:          116232 kB
Active:           473500 kB
Mem:          3.8G       3.7G       113M       5.7M        26M       3.3G

MemTotal:        4016004 kB
MemFree:          107388 kB
Active:           469916 kB
Mem:          3.8G       3.7G       104M       5.7M        27M       3.3G

MemTotal:        4016004 kB
MemFree:          128676 kB
Active:           463544 kB
Mem:          3.8G       3.7G       125M       5.7M        27M       3.3G

MemTotal:        4016004 kB
MemFree:          132352 kB
Active:           458424 kB
Mem:          3.8G       3.7G       129M       5.7M        27M       3.3G

MemTotal:        4016004 kB
MemFree:          127328 kB
Active:           456476 kB
Mem:          3.8G       3.7G       124M       5.7M        27M       3.3G

MemTotal:        4016004 kB
MemFree:          124464 kB
Active:           456516 kB
Mem:          3.8G       3.7G       121M       5.7M        27M       3.3G

MemTotal:        4016004 kB
MemFree:          128900 kB
Active:           453588 kB
Mem:          3.8G       3.7G       126M       5.7M        27M       3.3G

MemTotal:        4016004 kB
MemFree:          120836 kB
Active:           449996 kB
Mem:          3.8G       3.7G       117M       5.7M        27M       3.3G

MemTotal:        4016004 kB
MemFree:          112636 kB
Active:           446528 kB
Mem:          3.8G       3.7G       109M       5.7M        27M       3.3G

MemTotal:        4016004 kB
MemFree:          115492 kB
Active:           441820 kB
Mem:          3.8G       3.7G       112M       5.7M        27M       3.3G

MemTotal:        4016004 kB
MemFree:          118620 kB
Active:           440028 kB
Mem:          3.8G       3.7G       115M       5.7M        27M       3.3G

MemTotal:        4016004 kB
MemFree:          124228 kB
Active:           438216 kB
Mem:          3.8G       3.7G       121M       5.7M        27M       3.3G

MemTotal:        4016004 kB
MemFree:          115576 kB
Active:           436968 kB
Mem:          3.8G       3.7G       113M       5.7M        27M       3.3G

MemTotal:        4016004 kB
MemFree:          107916 kB
Active:           435816 kB
Mem:          3.8G       3.7G       104M       5.7M        27M       3.3G

MemTotal:        4016004 kB
MemFree:          116256 kB
Active:           433728 kB
Mem:          3.8G       3.7G       113M       5.7M        27M       3.3G

MemTotal:        4016004 kB
MemFree:          108844 kB
Active:           432572 kB
Mem:          3.8G       3.7G       105M       5.7M        27M       3.3G

MemTotal:        4016004 kB
MemFree:          130696 kB
Active:           430440 kB
Mem:          3.8G       3.7G       127M       5.7M        27M       3.3G

MemTotal:        4016004 kB
MemFree:          122772 kB
Active:           427524 kB
Mem:          3.8G       3.7G       119M       5.7M        27M       3.3G

MemTotal:        4016004 kB
MemFree:          119868 kB
Active:           427536 kB
Mem:          3.8G       3.7G       117M       5.7M        27M       3.3G

MemTotal:        4016004 kB
MemFree:          124780 kB
Active:           426348 kB
Mem:          3.8G       3.7G       121M       5.7M        27M       3.3G

MemTotal:        4016004 kB
MemFree:          108876 kB
Active:           425252 kB
Mem:          3.8G       3.7G       106M       5.7M        27M       3.3G

MemTotal:        4016004 kB
MemFree:          119132 kB
Active:           424488 kB
Mem:          3.8G       3.7G       116M       5.7M        27M       3.3G

MemTotal:        4016004 kB
MemFree:          127604 kB
Active:           425136 kB
Mem:          3.8G       3.7G       124M       5.7M        27M       3.3G

MemTotal:        4016004 kB
MemFree:          118932 kB
Active:           423856 kB
Mem:          3.8G       3.7G       115M       5.7M        27M       3.3G

MemTotal:        4016004 kB
MemFree:          122184 kB
Active:           421936 kB
Mem:          3.8G       3.7G       119M       5.7M        27M       3.3G

MemTotal:        4016004 kB
MemFree:          131824 kB
Active:           419888 kB
Mem:          3.8G       3.7G       128M       5.7M        27M       3.3G

MemTotal:        4016004 kB
MemFree:          122948 kB
Active:           418736 kB
Mem:          3.8G       3.7G       120M       5.7M        27M       3.3G

MemTotal:        4016004 kB
MemFree:          109232 kB
Active:           417720 kB
Mem:          3.8G       3.7G       106M       5.7M        27M       3.3G

MemTotal:        4016004 kB
MemFree:          135304 kB
Active:           415544 kB
Mem:          3.8G       3.7G       132M       5.7M        27M       3.3G

MemTotal:        4016004 kB
MemFree:          130992 kB
Active:           414108 kB
Mem:          3.8G       3.7G       127M       5.7M        27M       3.3G

MemTotal:        4016004 kB
MemFree:          127088 kB
Active:           412612 kB
Mem:          3.8G       3.7G       123M       5.7M        27M       3.3G

MemTotal:        4016004 kB
MemFree:          131784 kB
Active:           411084 kB
Mem:          3.8G       3.7G       128M       5.7M        27M       3.3G

MemTotal:        4016004 kB
MemFree:          134408 kB
Active:           409420 kB
Mem:          3.8G       3.7G       131M       5.7M        27M       3.3G

MemTotal:        4016004 kB
MemFree:          137492 kB
Active:           407724 kB
Mem:          3.8G       3.7G       133M       5.7M        27M       3.2G

MemTotal:        4016004 kB
MemFree:          129024 kB
Active:           406620 kB
Mem:          3.8G       3.7G       125M       5.7M        27M       3.3G

MemTotal:        4016004 kB
MemFree:          119164 kB
Active:           405464 kB
Mem:          3.8G       3.7G       116M       5.7M        27M       3.3G

MemTotal:        4016004 kB
MemFree:          112136 kB
Active:           404140 kB
Mem:          3.8G       3.7G       109M       5.7M        27M       3.3G

MemTotal:        4016004 kB
MemFree:          127232 kB
Active:           402364 kB
Mem:          3.8G       3.7G       124M       5.7M        27M       3.3G

MemTotal:        4016004 kB
MemFree:          123876 kB
Active:           400860 kB
Mem:          3.8G       3.7G       120M       5.7M        27M       3.3G

MemTotal:        4016004 kB
MemFree:          105516 kB
Active:           399820 kB
Mem:          3.8G       3.7G       102M       5.7M        27M       3.3G

MemTotal:        4016004 kB
MemFree:          127592 kB
Active:           397640 kB
Mem:          3.8G       3.7G       124M       5.7M        27M       3.3G

MemTotal:        4016004 kB
MemFree:          117452 kB
Active:           396832 kB
Mem:          3.8G       3.7G       114M       5.7M        27M       3.3G

MemTotal:        4016004 kB
MemFree:          108312 kB
Active:           397708 kB
Mem:          3.8G       3.7G       105M       5.7M        27M       3.3G

MemTotal:        4016004 kB
MemFree:          124644 kB
Active:           396036 kB
Mem:          3.8G       3.7G       125M       5.7M        27M       3.3G

MemTotal:        4016004 kB
MemFree:          108788 kB
Active:           394540 kB
Mem:          3.8G       3.7G       105M       5.7M        27M       3.3G

MemTotal:        4016004 kB
MemFree:          126088 kB
Active:           392832 kB
Mem:          3.8G       3.7G       122M       5.7M        27M       3.3G

MemTotal:        4016004 kB
MemFree:          122744 kB
Active:           389148 kB
Mem:          3.8G       3.7G       119M       5.7M        27M       3.3G

MemTotal:        4016004 kB
MemFree:          113960 kB
Active:           388036 kB
Mem:          3.8G       3.7G       110M       5.7M        27M       3.3G

MemTotal:        4016004 kB
MemFree:          130700 kB
Active:           386108 kB
Mem:          3.8G       3.7G       127M       5.7M        27M       3.3G

MemTotal:        4016004 kB
MemFree:          132012 kB
Active:           384156 kB
Mem:          3.8G       3.7G       129M       5.7M        27M       3.3G

MemTotal:        4016004 kB
MemFree:          148308 kB
Active:           382152 kB
Mem:          3.8G       3.7G       144M       5.7M        27M       3.2G

MemTotal:        4016004 kB
MemFree:          121504 kB
Active:           381972 kB
Mem:          3.8G       3.7G       118M       5.7M        27M       3.3G

MemTotal:        4016004 kB
MemFree:          125780 kB
Active:           380764 kB
Mem:          3.8G       3.7G       121M       5.7M        27M       3.3G

MemTotal:        4016004 kB
MemFree:          124928 kB
Active:           380124 kB
Mem:          3.8G       3.7G       121M       5.7M        27M       3.3G

MemTotal:        4016004 kB
MemFree:          124240 kB
Active:           379568 kB
Mem:          3.8G       3.7G       120M       5.7M        27M       3.3G

MemTotal:        4016004 kB
MemFree:          115512 kB
Active:           378472 kB
Mem:          3.8G       3.7G       111M       5.7M        27M       3.3G

MemTotal:        4016004 kB
MemFree:          106496 kB
Active:           377316 kB
Mem:          3.8G       3.7G       104M       5.7M        27M       3.3G

MemTotal:        4016004 kB
MemFree:          108472 kB
Active:           375388 kB
Mem:          3.8G       3.7G       105M       5.7M        27M       3.3G

MemTotal:        4016004 kB
MemFree:          136280 kB
Active:           374116 kB
Mem:          3.8G       3.7G       132M       5.7M        27M       3.2G

MemTotal:        4016004 kB
MemFree:          127320 kB
Active:           373996 kB
Mem:          3.8G       3.7G       123M       5.7M        27M       3.3G

MemTotal:        4016004 kB
MemFree:          108956 kB
Active:           373960 kB
Mem:          3.8G       3.7G       106M       5.7M        27M       3.3G

MemTotal:        4016004 kB
MemFree:          125208 kB
Active:           373868 kB
Mem:          3.8G       3.7G       122M       5.7M        27M       3.3G

MemTotal:        4016004 kB
MemFree:          127196 kB
Active:           373700 kB
Mem:          3.8G       3.7G       124M       5.7M        27M       3.3G

MemTotal:        4016004 kB
MemFree:          108840 kB
Active:           373716 kB
Mem:          3.8G       3.7G       105M       5.7M        27M       3.3G

MemTotal:        4016004 kB
MemFree:          129156 kB
Active:           373716 kB
Mem:          3.8G       3.7G       125M       5.7M        27M       3.3G

MemTotal:        4016004 kB
MemFree:          121356 kB
Active:           373712 kB
Mem:          3.8G       3.7G       118M       5.7M        27M       3.3G

MemTotal:        4016004 kB
MemFree:          121176 kB
Active:           373728 kB
Mem:          3.8G       3.7G       118M       5.7M        27M       3.3G

MemTotal:        4016004 kB
MemFree:          121332 kB
Active:           373692 kB
Mem:          3.8G       3.7G       118M       5.7M        27M       3.3G

MemTotal:        4016004 kB
MemFree:          121396 kB
Active:           373752 kB
Mem:          3.8G       3.7G       118M       5.7M        27M       3.3G

MemTotal:        4016004 kB
MemFree:          126644 kB
Active:           373708 kB
Mem:          3.8G       3.7G       123M       5.7M        27M       3.3G

MemTotal:        4016004 kB
MemFree:          110240 kB
Active:           373724 kB
Mem:          3.8G       3.7G       106M       5.7M        27M       3.3G

MemTotal:        4016004 kB
MemFree:          125628 kB
Active:           374920 kB
Mem:          3.8G       3.7G       122M       5.7M        27M       3.3G

MemTotal:        4016004 kB
MemFree:          116344 kB
Active:           374844 kB
Mem:          3.8G       3.7G       113M       5.7M        27M       3.3G

MemTotal:        4016004 kB
MemFree:          107832 kB
Active:           374856 kB
Mem:          3.8G       3.7G       105M       5.7M        27M       3.3G

MemTotal:        4016004 kB
MemFree:          119764 kB
Active:           374856 kB
Mem:          3.8G       3.7G       116M       5.7M        27M       3.3G

MemTotal:        4016004 kB
MemFree:          111500 kB
Active:           374860 kB
Mem:          3.8G       3.7G       108M       5.7M        27M       3.3G

MemTotal:        4016004 kB
MemFree:          127316 kB
Active:           374812 kB
Mem:          3.8G       3.7G       123M       5.7M        27M       3.3G

MemTotal:        4016004 kB
MemFree:          109176 kB
Active:           374868 kB
Mem:          3.8G       3.7G       106M       5.7M        27M       3.3G

MemTotal:        4016004 kB
MemFree:          125532 kB
Active:           374832 kB
Mem:          3.8G       3.7G       122M       5.7M        27M       3.3G

MemTotal:        4016004 kB
MemFree:          105556 kB
Active:           374872 kB
Mem:          3.8G       3.7G       102M       5.7M        27M       3.3G

MemTotal:        4016004 kB
MemFree:          112564 kB
Active:           374888 kB
Mem:          3.8G       3.7G       109M       5.7M        27M       3.3G

MemTotal:        4016004 kB
MemFree:          115972 kB
Active:           374848 kB
Mem:          3.8G       3.7G       113M       5.7M        27M       3.3G

MemTotal:        4016004 kB
MemFree:          119164 kB
Active:           374892 kB
Mem:          3.8G       3.7G       116M       5.7M        27M       3.3G

MemTotal:        4016004 kB
MemFree:          110084 kB
Active:           374880 kB
Mem:          3.8G       3.7G       107M       5.7M        27M       3.3G

MemTotal:        4016004 kB
MemFree:          113884 kB
Active:           374888 kB
Mem:          3.8G       3.7G       110M       5.7M        27M       3.3G

MemTotal:        4016004 kB
MemFree:          121972 kB
Active:           374896 kB
Mem:          3.8G       3.7G       119M       5.7M        27M       3.3G

MemTotal:        4016004 kB
MemFree:          112700 kB
Active:           374896 kB
Mem:          3.8G       3.7G       110M       5.7M        27M       3.3G

MemTotal:        4016004 kB
MemFree:          120048 kB
Active:           374560 kB
Mem:          3.8G       3.7G       116M       5.7M        27M       3.3G

MemTotal:        4016004 kB
MemFree:          140132 kB
Active:           374576 kB
Mem:          3.8G       3.7G       136M       5.7M        27M       3.2G

MemTotal:        4016004 kB
MemFree:          131924 kB
Active:           374576 kB
Mem:          3.8G       3.7G       129M       5.7M        27M       3.2G

MemTotal:        4016004 kB
MemFree:          116156 kB
Active:           374584 kB
Mem:          3.8G       3.7G       112M       5.7M        27M       3.3G

MemTotal:        4016004 kB
MemFree:          136276 kB
Active:           374596 kB
Mem:          3.8G       3.7G       133M       5.7M        27M       3.2G

MemTotal:        4016004 kB
MemFree:          128208 kB
Active:           374572 kB
Mem:          3.8G       3.7G       124M       5.7M        27M       3.3G

MemTotal:        4016004 kB
MemFree:          130544 kB
Active:           374600 kB
Mem:          3.8G       3.7G       127M       5.7M        27M       3.2G

MemTotal:        4016004 kB
MemFree:          132768 kB
Active:           374600 kB
Mem:          3.8G       3.7G       129M       5.7M        27M       3.2G

MemTotal:        4016004 kB
MemFree:          151320 kB
Active:           372252 kB
Mem:          3.8G       3.7G       147M       5.7M        27M       3.2G

MemTotal:        4016004 kB
MemFree:          106492 kB
Active:           372132 kB
Mem:          3.8G       3.7G       104M       5.7M        27M       3.3G

MemTotal:        4016004 kB
MemFree:          114812 kB
Active:           372140 kB
Mem:          3.8G       3.7G       112M       5.7M        27M       3.3G

MemTotal:        4016004 kB
MemFree:          106408 kB
Active:           372140 kB
Mem:          3.8G       3.7G       103M       5.7M        27M       3.3G

MemTotal:        4016004 kB
MemFree:          124248 kB
Active:           372140 kB
Mem:          3.8G       3.7G       120M       5.7M        27M       3.3G

MemTotal:        4016004 kB
MemFree:          115396 kB
Active:           372124 kB
Mem:          3.8G       3.7G       112M       5.7M        27M       3.3G

MemTotal:        4016004 kB
MemFree:          121052 kB
Active:           372092 kB
Mem:          3.8G       3.7G       117M       5.7M        27M       3.3G

MemTotal:        4016004 kB
MemFree:          121052 kB
Active:           372120 kB
Mem:          3.8G       3.7G       118M       5.7M        27M       3.3G

MemTotal:        4016004 kB
MemFree:          120868 kB
Active:           372156 kB
Mem:          3.8G       3.7G       118M       5.7M        27M       3.3G

MemTotal:        4016004 kB
MemFree:          140088 kB
Active:           372168 kB
Mem:          3.8G       3.7G       136M       5.7M        27M       3.2G

MemTotal:        4016004 kB
MemFree:          131132 kB
Active:           372136 kB
Mem:          3.8G       3.7G       128M       5.7M        27M       3.2G

MemTotal:        4016004 kB
MemFree:          120680 kB
Active:           367956 kB
Mem:          3.8G       3.7G       117M       5.7M        27M       3.3G

MemTotal:        4016004 kB
MemFree:          129968 kB
Active:           367788 kB
Mem:          3.8G       3.7G       127M       5.7M        27M       3.2G

MemTotal:        4016004 kB
MemFree:          121900 kB
Active:           367784 kB
Mem:          3.8G       3.7G       119M       5.7M        27M       3.3G

MemTotal:        4016004 kB
MemFree:          107764 kB
Active:           367788 kB
Mem:          3.8G       3.7G       105M       5.7M        27M       3.3G

MemTotal:        4016004 kB
MemFree:          112104 kB
Active:           367824 kB
Mem:          3.8G       3.7G       109M       5.7M        27M       3.3G

MemTotal:        4016004 kB
MemFree:          127960 kB
Active:           367824 kB
Mem:          3.8G       3.7G       124M       5.7M        27M       3.3G

MemTotal:        4016004 kB
MemFree:          125664 kB
Active:           367836 kB
Mem:          3.8G       3.7G       122M       5.7M        27M       3.3G

MemTotal:        4016004 kB
MemFree:          105136 kB
Active:           367804 kB
Mem:          3.8G       3.7G       117M       5.7M        27M       3.3G

MemTotal:        4016004 kB
MemFree:          124540 kB
Active:           367820 kB
Mem:          3.8G       3.7G       121M       5.7M        27M       3.3G

MemTotal:        4016004 kB
MemFree:          104860 kB
Active:           367800 kB
Mem:          3.8G       3.7G       107M       5.7M        27M       3.3G

MemTotal:        4016004 kB
MemFree:          124844 kB
Active:           366720 kB
Mem:          3.8G       3.7G       121M       5.7M        27M       3.3G

MemTotal:        4016004 kB
MemFree:          107020 kB
Active:           366712 kB
Mem:          3.8G       3.7G       104M       5.7M        27M       3.3G

MemTotal:        4016004 kB
MemFree:          128472 kB
Active:           366752 kB
Mem:          3.8G       3.7G       125M       5.7M        27M       3.3G

MemTotal:        4016004 kB
MemFree:          119976 kB
Active:           366716 kB
Mem:          3.8G       3.7G       117M       5.7M        27M       3.3G

MemTotal:        4016004 kB
MemFree:          122096 kB
Active:           366708 kB
Mem:          3.8G       3.7G       119M       5.7M        27M       3.3G

MemTotal:        4016004 kB
MemFree:          113756 kB
Active:           366760 kB
Mem:          3.8G       3.7G       110M       5.7M        27M       3.3G

MemTotal:        4016004 kB
MemFree:          119824 kB
Active:           366748 kB
Mem:          3.8G       3.7G       117M       5.7M        27M       3.3G

MemTotal:        4016004 kB
MemFree:          113880 kB
Active:           364768 kB
Mem:          3.8G       3.7G       111M       5.7M        27M       3.3G

MemTotal:        4016004 kB
MemFree:          127940 kB
Active:           364556 kB
Mem:          3.8G       3.7G       124M       5.7M        27M       3.3G

MemTotal:        4016004 kB
MemFree:          117960 kB
Active:           364568 kB
Mem:          3.8G       3.7G       115M       5.7M        27M       3.3G

MemTotal:        4016004 kB
MemFree:          110028 kB
Active:           364584 kB
Mem:          3.8G       3.7G       107M       5.7M        27M       3.3G

MemTotal:        4016004 kB
MemFree:          126596 kB
Active:           364604 kB
Mem:          3.8G       3.7G       122M       5.7M        27M       3.3G

MemTotal:        4016004 kB
MemFree:          138200 kB
Active:           364564 kB
Mem:          3.8G       3.7G       135M       5.7M        27M       3.2G

MemTotal:        4016004 kB
MemFree:          130164 kB
Active:           364600 kB
Mem:          3.8G       3.7G       127M       5.7M        27M       3.2G

MemTotal:        4016004 kB
MemFree:          121764 kB
Active:           364568 kB
Mem:          3.8G       3.7G       119M       5.7M        27M       3.3G

MemTotal:        4016004 kB
MemFree:          130536 kB
Active:           364596 kB
Mem:          3.8G       3.7G       127M       5.7M        27M       3.2G

MemTotal:        4016004 kB
MemFree:          121428 kB
Active:           364628 kB
Mem:          3.8G       3.7G       118M       5.7M        27M       3.3G

MemTotal:        4016004 kB
MemFree:          107992 kB
Active:           357996 kB
Mem:          3.8G       3.7G       105M       5.7M        27M       3.3G

MemTotal:        4016004 kB
MemFree:          130540 kB
Active:           357872 kB
Mem:          3.8G       3.7G       127M       5.7M        27M       3.2G

MemTotal:        4016004 kB
MemFree:          128692 kB
Active:           357868 kB
Mem:          3.8G       3.7G       125M       5.7M        27M       3.2G

MemTotal:        4016004 kB
MemFree:          128460 kB
Active:           357888 kB
Mem:          3.8G       3.7G       125M       5.7M        27M       3.2G

MemTotal:        4016004 kB
MemFree:          128684 kB
Active:           357896 kB
Mem:          3.8G       3.7G       125M       5.7M        27M       3.2G

MemTotal:        4016004 kB
MemFree:          105900 kB
Active:           357936 kB
Mem:          3.8G       3.7G       103M       5.7M        27M       3.3G

MemTotal:        4016004 kB
MemFree:          122856 kB
Active:           357900 kB
Mem:          3.8G       3.7G       119M       5.7M        27M       3.3G

MemTotal:        4016004 kB
MemFree:          105928 kB
Active:           357940 kB
Mem:          3.8G       3.7G       102M       5.7M        27M       3.3G

MemTotal:        4016004 kB
MemFree:          133192 kB
Active:           357944 kB
Mem:          3.8G       3.7G       130M       5.7M        27M       3.2G

MemTotal:        4016004 kB
MemFree:          119252 kB
Active:           357912 kB
Mem:          3.8G       3.7G       115M       5.7M        27M       3.3G

MemTotal:        4016004 kB
MemFree:          110956 kB
Active:           357936 kB
Mem:          3.8G       3.7G       107M       5.7M        27M       3.3G

MemTotal:        4016004 kB
MemFree:          115216 kB
Active:           357948 kB
Mem:          3.8G       3.7G       112M       5.7M        27M       3.3G

MemTotal:        4016004 kB
MemFree:          124668 kB
Active:           357956 kB
Mem:          3.8G       3.7G       121M       5.7M        27M       3.3G

MemTotal:        4016004 kB
MemFree:          117784 kB
Active:           357960 kB
Mem:          3.8G       3.7G       114M       5.7M        27M       3.3G

MemTotal:        4016004 kB
MemFree:          112004 kB
Active:           355004 kB
Mem:          3.8G       3.7G       109M       5.7M        27M       3.3G

MemTotal:        4016004 kB
MemFree:          127020 kB
Active:           355056 kB
Mem:          3.8G       3.7G       123M       5.7M        27M       3.2G

MemTotal:        4016004 kB
MemFree:          124124 kB
Active:           355072 kB
Mem:          3.8G       3.7G       121M       5.7M        27M       3.3G

MemTotal:        4016004 kB
MemFree:          127828 kB
Active:           355080 kB
Mem:          3.8G       3.7G       124M       5.7M        27M       3.2G

MemTotal:        4016004 kB
MemFree:          112684 kB
Active:           355092 kB
Mem:          3.8G       3.7G       110M       5.7M        27M       3.3G

MemTotal:        4016004 kB
MemFree:          129260 kB
Active:           355084 kB
Mem:          3.8G       3.7G       125M       5.7M        27M       3.2G

MemTotal:        4016004 kB
MemFree:          122048 kB
Active:           355092 kB
Mem:          3.8G       3.7G       119M       5.7M        27M       3.3G

MemTotal:        4016004 kB
MemFree:          108188 kB
Active:           355100 kB
Mem:          3.8G       3.7G       105M       5.7M        27M       3.3G

MemTotal:        4016004 kB
MemFree:          130944 kB
Active:           355100 kB
Mem:          3.8G       3.7G       127M       5.7M        27M       3.2G

MemTotal:        4016004 kB
MemFree:          115524 kB
Active:           355112 kB
Mem:          3.8G       3.7G       113M       5.7M        27M       3.3G

MemTotal:        4016004 kB
MemFree:          108612 kB
Active:           355116 kB
Mem:          3.8G       3.7G       106M       5.7M        27M       3.3G

MemTotal:        4016004 kB
MemFree:          136112 kB
Active:           355120 kB
Mem:          3.8G       3.7G       132M       5.7M        27M       3.2G

MemTotal:        4016004 kB
MemFree:          112640 kB
Active:           355124 kB
Mem:          3.8G       3.7G       110M       5.7M        27M       3.3G

MemTotal:        4016004 kB
MemFree:          113088 kB
Active:           355084 kB
Mem:          3.8G       3.7G       110M       5.7M        27M       3.3G

MemTotal:        4016004 kB
MemFree:          113020 kB
Active:           355080 kB
Mem:          3.8G       3.7G       110M       5.7M        27M       3.3G

MemTotal:        4016004 kB
MemFree:          106408 kB
Active:           355140 kB
Mem:          3.8G       3.7G       103M       5.7M        27M       3.3G

MemTotal:        4016004 kB
MemFree:          136136 kB
Active:           353180 kB
Mem:          3.8G       3.7G       132M       5.7M        27M       3.2G

MemTotal:        4016004 kB
MemFree:          127496 kB
Active:           353184 kB
Mem:          3.8G       3.7G       124M       5.7M        27M       3.2G

MemTotal:        4016004 kB
MemFree:          108372 kB
Active:           353184 kB
Mem:          3.8G       3.7G       105M       5.7M        27M       3.3G

MemTotal:        4016004 kB
MemFree:          135440 kB
Active:           353192 kB
Mem:          3.8G       3.7G       132M       5.7M        27M       3.2G

MemTotal:        4016004 kB
MemFree:          135780 kB
Active:           353192 kB
Mem:          3.8G       3.7G       141M       5.7M        27M       3.2G

MemTotal:        4016004 kB
MemFree:          135916 kB
Active:           353124 kB
Mem:          3.8G       3.7G       132M       5.7M        27M       3.2G

MemTotal:        4016004 kB
MemFree:          127264 kB
Active:           353136 kB
Mem:          3.8G       3.7G       124M       5.7M        27M       3.2G

MemTotal:        4016004 kB
MemFree:          131968 kB
Active:           353156 kB
Mem:          3.8G       3.7G       128M       5.7M        27M       3.2G

MemTotal:        4016004 kB
MemFree:          112128 kB
Active:           353204 kB
Mem:          3.8G       3.7G       109M       5.7M        27M       3.3G

MemTotal:        4016004 kB
MemFree:          108072 kB
Active:           353212 kB
Mem:          3.8G       3.7G       105M       5.7M        27M       3.3G

MemTotal:        4016004 kB
MemFree:          106120 kB
Active:           353172 kB
Mem:          3.8G       3.7G       103M       5.7M        27M       3.3G

MemTotal:        4016004 kB
MemFree:          122668 kB
Active:           353240 kB
Mem:          3.8G       3.7G       119M       5.7M        27M       3.3G

MemTotal:        4016004 kB
MemFree:          113760 kB
Active:           353184 kB
Mem:          3.8G       3.7G       110M       5.7M        27M       3.3G

MemTotal:        4016004 kB
MemFree:          105328 kB
Active:           353240 kB
Mem:          3.8G       3.7G       102M       5.7M        27M       3.3G

MemTotal:        4016004 kB
MemFree:          113544 kB
Active:           350500 kB
Mem:          3.8G       3.7G       110M       5.7M        27M       3.3G

MemTotal:        4016004 kB
MemFree:          113388 kB
Active:           350480 kB
Mem:          3.8G       3.7G       120M       5.7M        27M       3.2G

MemTotal:        4016004 kB
MemFree:          112720 kB
Active:           350468 kB
Mem:          3.8G       3.7G       110M       5.7M        27M       3.3G

MemTotal:        4016004 kB
MemFree:          119204 kB
Active:           350468 kB
Mem:          3.8G       3.7G       116M       5.7M        27M       3.3G

MemTotal:        4016004 kB
MemFree:          116376 kB
Active:           350456 kB
Mem:          3.8G       3.7G       113M       5.7M        27M       3.3G

MemTotal:        4016004 kB
MemFree:          108712 kB
Active:           350496 kB
Mem:          3.8G       3.7G       106M       5.7M        27M       3.3G

MemTotal:        4016004 kB
MemFree:          128756 kB
Active:           350476 kB
Mem:          3.8G       3.7G       125M       5.7M        27M       3.2G

MemTotal:        4016004 kB
MemFree:          125120 kB
Active:           350496 kB
Mem:          3.8G       3.7G       122M       5.7M        27M       3.2G

MemTotal:        4016004 kB
MemFree:          125600 kB
Active:           350508 kB
Mem:          3.8G       3.7G       122M       5.7M        27M       3.2G

MemTotal:        4016004 kB
MemFree:          129164 kB
Active:           350516 kB
Mem:          3.8G       3.7G       126M       5.7M        27M       3.2G

MemTotal:        4016004 kB
MemFree:          123312 kB
Active:           350488 kB
Mem:          3.8G       3.7G       120M       5.7M        27M       3.2G

MemTotal:        4016004 kB
MemFree:          115364 kB
Active:           350500 kB
Mem:          3.8G       3.7G       112M       5.7M        27M       3.3G

MemTotal:        4016004 kB
MemFree:          107404 kB
Active:           350544 kB
Mem:          3.8G       3.7G       104M       5.7M        27M       3.3G

MemTotal:        4016004 kB
MemFree:          139580 kB
Active:           346444 kB
Mem:          3.8G       3.7G       136M       5.7M        27M       3.2G

MemTotal:        4016004 kB
MemFree:          131528 kB
Active:           346360 kB
Mem:          3.8G       3.7G       128M       5.7M        27M       3.2G

MemTotal:        4016004 kB
MemFree:          123028 kB
Active:           346316 kB
Mem:          3.8G       3.7G       120M       5.7M        27M       3.2G

MemTotal:        4016004 kB
MemFree:          144768 kB
Active:           346368 kB
Mem:          3.8G       3.7G       141M       5.7M        27M       3.2G

MemTotal:        4016004 kB
MemFree:          119504 kB
Active:           346336 kB
Mem:          3.8G       3.7G       116M       5.7M        27M       3.3G

MemTotal:        4016004 kB
MemFree:          109992 kB
Active:           346388 kB
Mem:          3.8G       3.7G       107M       5.7M        27M       3.3G

MemTotal:        4016004 kB
MemFree:          126576 kB
Active:           346340 kB
Mem:          3.8G       3.7G       123M       5.7M        27M       3.2G

MemTotal:        4016004 kB
MemFree:          104816 kB
Active:           346388 kB
Mem:          3.8G       3.7G       107M       5.7M        27M       3.3G

MemTotal:        4016004 kB
MemFree:          115064 kB
Active:           346388 kB
Mem:          3.8G       3.7G       111M       5.7M        27M       3.3G

MemTotal:        4016004 kB
MemFree:          107596 kB
Active:           346380 kB
Mem:          3.8G       3.7G       105M       5.7M        27M       3.3G

MemTotal:        4016004 kB
MemFree:          130916 kB
Active:           346352 kB
Mem:          3.8G       3.7G       127M       5.7M        27M       3.2G

MemTotal:        4016004 kB
MemFree:          122760 kB
Active:           346364 kB
Mem:          3.8G       3.7G       119M       5.7M        27M       3.2G

MemTotal:        4016004 kB
MemFree:          127472 kB
Active:           346092 kB
Mem:          3.8G       3.7G       124M       5.7M        27M       3.2G

MemTotal:        4016004 kB
MemFree:          127224 kB
Active:           346064 kB
Mem:          3.8G       3.7G       124M       5.7M        27M       3.2G

MemTotal:        4016004 kB
MemFree:          127224 kB
Active:           346080 kB
Mem:          3.8G       3.7G       124M       5.7M        27M       3.2G

MemTotal:        4016004 kB
MemFree:          127596 kB
Active:           346052 kB
Mem:          3.8G       3.7G       124M       5.7M        27M       3.2G

MemTotal:        4016004 kB
MemFree:          127472 kB
Active:           346068 kB
Mem:          3.8G       3.7G       124M       5.7M        27M       3.2G

MemTotal:        4016004 kB
MemFree:          126996 kB
Active:           346116 kB
Mem:          3.8G       3.7G       123M       5.7M        27M       3.2G

MemTotal:        4016004 kB
MemFree:          126996 kB
Active:           346128 kB
Mem:          3.8G       3.7G       123M       5.7M        27M       3.2G

MemTotal:        4016004 kB
MemFree:          127092 kB
Active:           346104 kB
Mem:          3.8G       3.7G       124M       5.7M        27M       3.2G

MemTotal:        4016004 kB
MemFree:          127344 kB
Active:           346108 kB
Mem:          3.8G       3.7G       124M       5.7M        27M       3.2G

MemTotal:        4016004 kB
MemFree:          127536 kB
Active:           346120 kB
Mem:          3.8G       3.7G       124M       5.7M        27M       3.2G

MemTotal:        4016004 kB
MemFree:          127536 kB
Active:           346100 kB
Mem:          3.8G       3.7G       124M       5.7M        27M       3.2G

MemTotal:        4016004 kB
MemFree:          127536 kB
Active:           346120 kB
Mem:          3.8G       3.7G       124M       5.7M        27M       3.2G

MemTotal:        4016004 kB
MemFree:          126544 kB
Active:           346148 kB
Mem:          3.8G       3.7G       123M       5.7M        27M       3.2G

MemTotal:        4016004 kB
MemFree:          126544 kB
Active:           346152 kB
Mem:          3.8G       3.7G       123M       5.7M        27M       3.2G

MemTotal:        4016004 kB
MemFree:          126668 kB
Active:           346152 kB
Mem:          3.8G       3.7G       123M       5.7M        27M       3.2G

MemTotal:        4016004 kB
MemFree:          126668 kB
Active:           346100 kB
Mem:          3.8G       3.7G       123M       5.7M        27M       3.2G

MemTotal:        4016004 kB
MemFree:          126544 kB
Active:           346096 kB
Mem:          3.8G       3.7G       123M       5.7M        27M       3.2G

MemTotal:        4016004 kB
MemFree:          126668 kB
Active:           346132 kB
Mem:          3.8G       3.7G       123M       5.7M        27M       3.2G

MemTotal:        4016004 kB
MemFree:          126544 kB
Active:           346100 kB
Mem:          3.8G       3.7G       123M       5.7M        27M       3.2G

MemTotal:        4016004 kB
MemFree:          127040 kB
Active:           346152 kB
Mem:          3.8G       3.7G       124M       5.7M        27M       3.2G

MemTotal:        4016004 kB
MemFree:          126792 kB
Active:           346164 kB
Mem:          3.8G       3.7G       124M       5.7M        27M       3.2G

MemTotal:        4016004 kB
MemFree:          127288 kB
Active:           346120 kB
Mem:          3.8G       3.7G       124M       5.7M        27M       3.2G

MemTotal:        4016004 kB
MemFree:          126420 kB
Active:           346164 kB
Mem:          3.8G       3.7G       123M       5.7M        27M       3.2G

MemTotal:        4016004 kB
MemFree:          126668 kB
Active:           346116 kB
Mem:          3.8G       3.7G       123M       5.7M        27M       3.2G

MemTotal:        4016004 kB
MemFree:          126544 kB
Active:           346136 kB
Mem:          3.8G       3.7G       123M       5.7M        27M       3.2G

MemTotal:        4016004 kB
MemFree:          126544 kB
Active:           346156 kB
Mem:          3.8G       3.7G       123M       5.7M        27M       3.2G

MemTotal:        4016004 kB
MemFree:          126420 kB
Active:           346120 kB
Mem:          3.8G       3.7G       123M       5.7M        27M       3.2G

MemTotal:        4016004 kB
MemFree:          126544 kB
Active:           346120 kB
Mem:          3.8G       3.7G       123M       5.7M        27M       3.2G

MemTotal:        4016004 kB
MemFree:          126668 kB
Active:           346168 kB
Mem:          3.8G       3.7G       123M       5.7M        27M       3.2G

MemTotal:        4016004 kB
MemFree:          126668 kB
Active:           346172 kB
Mem:          3.8G       3.7G       123M       5.7M        27M       3.2G

MemTotal:        4016004 kB
MemFree:          127040 kB
Active:           346148 kB
Mem:          3.8G       3.7G       124M       5.7M        27M       3.2G

MemTotal:        4016004 kB
MemFree:          127164 kB
Active:           346140 kB
Mem:          3.8G       3.7G       124M       5.7M        27M       3.2G

MemTotal:        4016004 kB
MemFree:          127164 kB
Active:           346136 kB
Mem:          3.8G       3.7G       124M       5.7M        27M       3.2G

MemTotal:        4016004 kB
MemFree:          126668 kB
Active:           346180 kB
Mem:          3.8G       3.7G       123M       5.7M        27M       3.2G

MemTotal:        4016004 kB
MemFree:          126916 kB
Active:           346148 kB
Mem:          3.8G       3.7G       123M       5.7M        27M       3.2G

MemTotal:        4016004 kB
MemFree:          127040 kB
Active:           346164 kB
Mem:          3.8G       3.7G       123M       5.7M        27M       3.2G

MemTotal:        4016004 kB
MemFree:          126792 kB
Active:           346128 kB
Mem:          3.8G       3.7G       123M       5.7M        27M       3.2G

MemTotal:        4016004 kB
MemFree:          126420 kB
Active:           346180 kB
Mem:          3.8G       3.7G       123M       5.7M        27M       3.2G

MemTotal:        4016004 kB
MemFree:          126668 kB
Active:           346160 kB
Mem:          3.8G       3.7G       123M       5.7M        27M       3.2G

MemTotal:        4016004 kB
MemFree:          127164 kB
Active:           346168 kB
Mem:          3.8G       3.7G       124M       5.7M        27M       3.2G

MemTotal:        4016004 kB
MemFree:          127164 kB
Active:           346156 kB
Mem:          3.8G       3.7G       124M       5.7M        27M       3.2G

MemTotal:        4016004 kB
MemFree:          126916 kB
Active:           346144 kB
Mem:          3.8G       3.7G       123M       5.7M        27M       3.2G

MemTotal:        4016004 kB
MemFree:          126668 kB
Active:           346188 kB
Mem:          3.8G       3.7G       123M       5.7M        27M       3.2G

MemTotal:        4016004 kB
MemFree:          126916 kB
Active:           346140 kB
Mem:          3.8G       3.7G       123M       5.7M        27M       3.2G

MemTotal:        4016004 kB
MemFree:          126916 kB
Active:           346140 kB
Mem:          3.8G       3.7G       123M       5.7M        27M       3.2G

MemTotal:        4016004 kB
MemFree:          126792 kB
Active:           346164 kB
Mem:          3.8G       3.7G       123M       5.7M        27M       3.2G

MemTotal:        4016004 kB
MemFree:          126792 kB
Active:           346188 kB
Mem:          3.8G       3.7G       123M       5.7M        27M       3.2G

MemTotal:        4016004 kB
MemFree:          126668 kB
Active:           346156 kB
Mem:          3.8G       3.7G       123M       5.7M        27M       3.2G

MemTotal:        4016004 kB
MemFree:          126792 kB
Active:           346172 kB
Mem:          3.8G       3.7G       123M       5.7M        27M       3.2G

MemTotal:        4016004 kB
MemFree:          126792 kB
Active:           346184 kB
Mem:          3.8G       3.7G       123M       5.7M        27M       3.2G

MemTotal:        4016004 kB
MemFree:          126296 kB
Active:           346164 kB
Mem:          3.8G       3.7G       123M       5.7M        27M       3.2G

MemTotal:        4016004 kB
MemFree:          126296 kB
Active:           346164 kB
Mem:          3.8G       3.7G       123M       5.7M        27M       3.2G

MemTotal:        4016004 kB
MemFree:          126048 kB
Active:           346208 kB
Mem:          3.8G       3.7G       123M       5.7M        27M       3.2G

MemTotal:        4016004 kB
MemFree:          127040 kB
Active:           346204 kB
Mem:          3.8G       3.7G       123M       5.7M        27M       3.2G

MemTotal:        4016004 kB
MemFree:          127040 kB
Active:           346208 kB
Mem:          3.8G       3.7G       123M       5.7M        27M       3.2G

MemTotal:        4016004 kB
MemFree:          127040 kB
Active:           346168 kB
Mem:          3.8G       3.7G       124M       5.7M        27M       3.2G

MemTotal:        4016004 kB
MemFree:          127040 kB
Active:           346176 kB
Mem:          3.8G       3.7G       123M       5.7M        27M       3.2G

MemTotal:        4016004 kB
MemFree:          126792 kB
Active:           346188 kB
Mem:          3.8G       3.7G       123M       5.7M        27M       3.2G

MemTotal:        4016004 kB
MemFree:          126420 kB
Active:           346220 kB
Mem:          3.8G       3.7G       123M       5.7M        27M       3.2G

MemTotal:        4016004 kB
MemFree:          127040 kB
Active:           346164 kB
Mem:          3.8G       3.7G       123M       5.7M        27M       3.2G

MemTotal:        4016004 kB
MemFree:          127040 kB
Active:           346200 kB
Mem:          3.8G       3.7G       124M       5.7M        27M       3.2G

MemTotal:        4016004 kB
MemFree:          126916 kB
Active:           346180 kB
Mem:          3.8G       3.7G       123M       5.7M        27M       3.2G

MemTotal:        4016004 kB
MemFree:          127164 kB
Active:           346188 kB
Mem:          3.8G       3.7G       124M       5.7M        27M       3.2G

MemTotal:        4016004 kB
MemFree:          127288 kB
Active:           346208 kB
Mem:          3.8G       3.7G       124M       5.7M        27M       3.2G

MemTotal:        4016004 kB
MemFree:          127396 kB
Active:           346228 kB
Mem:          3.8G       3.7G       124M       5.7M        27M       3.2G

MemTotal:        4016004 kB
MemFree:          127412 kB
Active:           346232 kB
Mem:          3.8G       3.7G       124M       5.7M        27M       3.2G

MemTotal:        4016004 kB
MemFree:          127412 kB
Active:           346200 kB
Mem:          3.8G       3.7G       124M       5.7M        27M       3.2G

MemTotal:        4016004 kB
MemFree:          127412 kB
Active:           346228 kB
Mem:          3.8G       3.7G       124M       5.7M        27M       3.2G

MemTotal:        4016004 kB
MemFree:          127412 kB
Active:           346196 kB
Mem:          3.8G       3.7G       124M       5.7M        27M       3.2G

MemTotal:        4016004 kB
MemFree:          127164 kB
Active:           346252 kB
Mem:          3.8G       3.7G       123M       5.7M        27M       3.2G

MemTotal:        4016004 kB
MemFree:          126916 kB
Active:           346228 kB
Mem:          3.8G       3.7G       123M       5.7M        27M       3.2G

MemTotal:        4016004 kB
MemFree:          126916 kB
Active:           346252 kB
Mem:          3.8G       3.7G       123M       5.7M        27M       3.2G

MemTotal:        4016004 kB
MemFree:          126544 kB
Active:           346264 kB
Mem:          3.8G       3.7G       123M       5.7M        27M       3.2G

MemTotal:        4016004 kB
MemFree:          126420 kB
Active:           346264 kB
Mem:          3.8G       3.7G       123M       5.7M        27M       3.2G

MemTotal:        4016004 kB
MemFree:          126776 kB
Active:           346288 kB
Mem:          3.8G       3.7G       123M       5.7M        27M       3.2G

MemTotal:        4016004 kB
MemFree:          126776 kB
Active:           346292 kB
Mem:          3.8G       3.7G       123M       5.7M        27M       3.2G

MemTotal:        4016004 kB
MemFree:          126528 kB
Active:           346296 kB
Mem:          3.8G       3.7G       123M       5.7M        27M       3.2G

MemTotal:        4016004 kB
MemFree:          126404 kB
Active:           346300 kB
Mem:          3.8G       3.7G       123M       5.7M        27M       3.2G

MemTotal:        4016004 kB
MemFree:          126388 kB
Active:           346320 kB
Mem:          3.8G       3.7G       123M       5.7M        27M       3.2G

MemTotal:        4016004 kB
MemFree:          126512 kB
Active:           346304 kB
Mem:          3.8G       3.7G       123M       5.7M        27M       3.2G

MemTotal:        4016004 kB
MemFree:          126760 kB
Active:           346320 kB
Mem:          3.8G       3.7G       123M       5.7M        27M       3.2G

MemTotal:        4016004 kB
MemFree:          126884 kB
Active:           346296 kB
Mem:          3.8G       3.7G       123M       5.7M        27M       3.2G

MemTotal:        4016004 kB
MemFree:          126760 kB
Active:           346308 kB
Mem:          3.8G       3.7G       123M       5.7M        27M       3.2G

MemTotal:        4016004 kB
MemFree:          126760 kB
Active:           346300 kB
Mem:          3.8G       3.7G       123M       5.7M        27M       3.2G

MemTotal:        4016004 kB
MemFree:          126636 kB
Active:           346316 kB
Mem:          3.8G       3.7G       123M       5.7M        27M       3.2G

MemTotal:        4016004 kB
MemFree:          126512 kB
Active:           346332 kB
Mem:          3.8G       3.7G       123M       5.7M        27M       3.2G

MemTotal:        4016004 kB
MemFree:          126512 kB
Active:           346276 kB
Mem:          3.8G       3.7G       123M       5.7M        27M       3.2G

MemTotal:        4016004 kB
MemFree:          126512 kB
Active:           346304 kB
Mem:          3.8G       3.7G       123M       5.7M        27M       3.2G

MemTotal:        4016004 kB
MemFree:          126884 kB
Active:           346340 kB
Mem:          3.8G       3.7G       123M       5.7M        27M       3.2G

MemTotal:        4016004 kB
MemFree:          126512 kB
Active:           346344 kB
Mem:          3.8G       3.7G       123M       5.7M        27M       3.2G

MemTotal:        4016004 kB
MemFree:          126884 kB
Active:           346308 kB
Mem:          3.8G       3.7G       123M       5.7M        27M       3.2G

MemTotal:        4016004 kB
MemFree:          126884 kB
Active:           346304 kB
Mem:          3.8G       3.7G       123M       5.7M        27M       3.2G

MemTotal:        4016004 kB
MemFree:          126636 kB
Active:           346340 kB
Mem:          3.8G       3.7G       123M       5.7M        27M       3.2G

MemTotal:        4016004 kB
MemFree:          126512 kB
Active:           346340 kB
Mem:          3.8G       3.7G       123M       5.7M        27M       3.2G

MemTotal:        4016004 kB
MemFree:          126528 kB
Active:           346336 kB
Mem:          3.8G       3.7G       123M       5.7M        27M       3.2G

MemTotal:        4016004 kB
MemFree:          126652 kB
Active:           346284 kB
Mem:          3.8G       3.7G       123M       5.7M        27M       3.2G

MemTotal:        4016004 kB
MemFree:          126652 kB
Active:           346292 kB
Mem:          3.8G       3.7G       123M       5.7M        27M       3.2G

MemTotal:        4016004 kB
MemFree:          126528 kB
Active:           346312 kB
Mem:          3.8G       3.7G       123M       5.7M        27M       3.2G

MemTotal:        4016004 kB
MemFree:          126776 kB
Active:           346284 kB
Mem:          3.8G       3.7G       123M       5.7M        27M       3.2G

MemTotal:        4016004 kB
MemFree:          126652 kB
Active:           346308 kB
Mem:          3.8G       3.7G       123M       5.7M        27M       3.2G

MemTotal:        4016004 kB
MemFree:          126404 kB
Active:           346344 kB
Mem:          3.8G       3.7G       123M       5.7M        27M       3.2G

MemTotal:        4016004 kB
MemFree:          126156 kB
Active:           346344 kB
Mem:          3.8G       3.7G       123M       5.7M        27M       3.2G

MemTotal:        4016004 kB
MemFree:          126652 kB
Active:           346344 kB
Mem:          3.8G       3.7G       123M       5.7M        27M       3.2G

MemTotal:        4016004 kB
MemFree:          126776 kB
Active:           346328 kB
Mem:          3.8G       3.7G       123M       5.7M        27M       3.2G

MemTotal:        4016004 kB
MemFree:          126776 kB
Active:           346300 kB
Mem:          3.8G       3.7G       123M       5.7M        27M       3.2G

MemTotal:        4016004 kB
MemFree:          126280 kB
Active:           346324 kB
Mem:          3.8G       3.7G       123M       5.7M        27M       3.2G

MemTotal:        4016004 kB
MemFree:          126652 kB
Active:           346312 kB
Mem:          3.8G       3.7G       123M       5.7M        27M       3.2G

MemTotal:        4016004 kB
MemFree:          126652 kB
Active:           346336 kB
Mem:          3.8G       3.7G       123M       5.7M        27M       3.2G

MemTotal:        4016004 kB
MemFree:          126280 kB
Active:           346352 kB
Mem:          3.8G       3.7G       123M       5.7M        27M       3.2G

MemTotal:        4016004 kB
MemFree:          126404 kB
Active:           346344 kB
Mem:          3.8G       3.7G       123M       5.7M        27M       3.2G

MemTotal:        4016004 kB
MemFree:          126528 kB
Active:           346304 kB
Mem:          3.8G       3.7G       123M       5.7M        27M       3.2G

MemTotal:        4016004 kB
MemFree:          126776 kB
Active:           346316 kB
Mem:          3.8G       3.7G       123M       5.7M        27M       3.2G

MemTotal:        4016004 kB
MemFree:          126776 kB
Active:           346336 kB
Mem:          3.8G       3.7G       123M       5.7M        27M       3.2G

MemTotal:        4016004 kB
MemFree:          126404 kB
Active:           346364 kB
Mem:          3.8G       3.7G       123M       5.7M        27M       3.2G

MemTotal:        4016004 kB
MemFree:          126404 kB
Active:           346360 kB
Mem:          3.8G       3.7G       123M       5.7M        27M       3.2G

MemTotal:        4016004 kB
MemFree:          126404 kB
Active:           346356 kB
Mem:          3.8G       3.7G       123M       5.7M        27M       3.2G

MemTotal:        4016004 kB
MemFree:          126404 kB
Active:           346324 kB
Mem:          3.8G       3.7G       123M       5.7M        27M       3.2G

MemTotal:        4016004 kB
MemFree:          126528 kB
Active:           346344 kB
Mem:          3.8G       3.7G       123M       5.7M        27M       3.2G

MemTotal:        4016004 kB
MemFree:          126032 kB
Active:           346372 kB
Mem:          3.8G       3.7G       123M       5.7M        27M       3.2G

MemTotal:        4016004 kB
MemFree:          126404 kB
Active:           346328 kB
Mem:          3.8G       3.7G       123M       5.7M        27M       3.2G

MemTotal:        4016004 kB
MemFree:          126280 kB
Active:           346380 kB
Mem:          3.8G       3.7G       123M       5.7M        27M       3.2G

MemTotal:        4016004 kB
MemFree:          126404 kB
Active:           346360 kB
Mem:          3.8G       3.7G       123M       5.7M        27M       3.2G

MemTotal:        4016004 kB
MemFree:          126528 kB
Active:           346388 kB
Mem:          3.8G       3.7G       123M       5.7M        27M       3.2G

MemTotal:        4016004 kB
MemFree:          126652 kB
Active:           346380 kB
Mem:          3.8G       3.7G       123M       5.7M        27M       3.2G

MemTotal:        4016004 kB
MemFree:          126404 kB
Active:           346348 kB
Mem:          3.8G       3.7G       123M       5.7M        27M       3.2G

MemTotal:        4016004 kB
MemFree:          126032 kB
Active:           346392 kB
Mem:          3.8G       3.7G       123M       5.7M        27M       3.2G

MemTotal:        4016004 kB
MemFree:          126404 kB
Active:           346348 kB
Mem:          3.8G       3.7G       123M       5.7M        27M       3.2G

MemTotal:        4016004 kB
MemFree:          126404 kB
Active:           346368 kB
Mem:          3.8G       3.7G       123M       5.7M        27M       3.2G

MemTotal:        4016004 kB
MemFree:          126032 kB
Active:           346404 kB
Mem:          3.8G       3.7G       122M       5.7M        27M       3.2G

MemTotal:        4016004 kB
MemFree:          126032 kB
Active:           346392 kB
Mem:          3.8G       3.7G       123M       5.7M        27M       3.2G

MemTotal:        4016004 kB
MemFree:          126156 kB
Active:           346356 kB
Mem:          3.8G       3.7G       123M       5.7M        27M       3.2G

MemTotal:        4016004 kB
MemFree:          126604 kB
Active:           346364 kB
Mem:          3.8G       3.7G       123M       5.7M        27M       3.2G

MemTotal:        4016004 kB
MemFree:          126528 kB
Active:           346360 kB
Mem:          3.8G       3.7G       123M       5.7M        27M       3.2G

MemTotal:        4016004 kB
MemFree:          126280 kB
Active:           346408 kB
Mem:          3.8G       3.7G       123M       5.7M        27M       3.2G

MemTotal:        4016004 kB
MemFree:          126404 kB
Active:           346368 kB
Mem:          3.8G       3.7G       123M       5.7M        27M       3.2G

MemTotal:        4016004 kB
MemFree:          126528 kB
Active:           346396 kB
Mem:          3.8G       3.7G       123M       5.7M        27M       3.2G

MemTotal:        4016004 kB
MemFree:          126652 kB
Active:           346364 kB
Mem:          3.8G       3.7G       123M       5.7M        27M       3.2G

MemTotal:        4016004 kB
MemFree:          126652 kB
Active:           346372 kB
Mem:          3.8G       3.7G       123M       5.7M        27M       3.2G

MemTotal:        4016004 kB
MemFree:          126528 kB
Active:           346396 kB
Mem:          3.8G       3.7G       123M       5.7M        27M       3.2G

MemTotal:        4016004 kB
MemFree:          126404 kB
Active:           346420 kB
Mem:          3.8G       3.7G       123M       5.7M        27M       3.2G

MemTotal:        4016004 kB
MemFree:          126404 kB
Active:           346392 kB
Mem:          3.8G       3.7G       123M       5.7M        27M       3.2G

MemTotal:        4016004 kB
MemFree:          126528 kB
Active:           346384 kB
Mem:          3.8G       3.7G       123M       5.7M        27M       3.2G

MemTotal:        4016004 kB
MemFree:          126528 kB
Active:           346404 kB
Mem:          3.8G       3.7G       123M       5.7M        27M       3.2G

MemTotal:        4016004 kB
MemFree:          126528 kB
Active:           346372 kB
Mem:          3.8G       3.7G       123M       5.7M        27M       3.2G

MemTotal:        4016004 kB
MemFree:          126156 kB
Active:           346428 kB
Mem:          3.8G       3.7G       122M       5.7M        27M       3.2G

MemTotal:        4016004 kB
MemFree:          126280 kB
Active:           346404 kB
Mem:          3.8G       3.7G       123M       5.7M        27M       3.2G

MemTotal:        4016004 kB
MemFree:          126156 kB
Active:           346424 kB
Mem:          3.8G       3.7G       123M       5.7M        27M       3.2G

MemTotal:        4016004 kB
MemFree:          126280 kB
Active:           346428 kB
Mem:          3.8G       3.7G       123M       5.7M        27M       3.2G

MemTotal:        4016004 kB
MemFree:          126776 kB
Active:           346412 kB
Mem:          3.8G       3.7G       123M       5.7M        27M       3.2G

MemTotal:        4016004 kB
MemFree:          126900 kB
Active:           346380 kB
Mem:          3.8G       3.7G       123M       5.7M        27M       3.2G

MemTotal:        4016004 kB
MemFree:          126032 kB
Active:           346436 kB
Mem:          3.8G       3.7G       123M       5.7M        27M       3.2G

MemTotal:        4016004 kB
MemFree:          126404 kB
Active:           346428 kB
Mem:          3.8G       3.7G       123M       5.7M        27M       3.2G

MemTotal:        4016004 kB
MemFree:          126900 kB
Active:           346412 kB
Mem:          3.8G       3.7G       123M       5.7M        27M       3.2G

MemTotal:        4016004 kB
MemFree:          126900 kB
Active:           346428 kB
Mem:          3.8G       3.7G       123M       5.7M        27M       3.2G

MemTotal:        4016004 kB
MemFree:          126900 kB
Active:           346412 kB
Mem:          3.8G       3.7G       123M       5.7M        27M       3.2G

MemTotal:        4016004 kB
MemFree:          127024 kB
Active:           346416 kB
Mem:          3.8G       3.7G       124M       5.7M        27M       3.2G

MemTotal:        4016004 kB
MemFree:          126776 kB
Active:           346436 kB
Mem:          3.8G       3.7G       123M       5.7M        27M       3.2G

MemTotal:        4016004 kB
MemFree:          126776 kB
Active:           346400 kB
Mem:          3.8G       3.7G       123M       5.7M        27M       3.2G

MemTotal:        4016004 kB
MemFree:          126900 kB
Active:           346420 kB
Mem:          3.8G       3.7G       123M       5.7M        27M       3.2G

MemTotal:        4016004 kB
MemFree:          126776 kB
Active:           346448 kB
Mem:          3.8G       3.7G       123M       5.7M        27M       3.2G

MemTotal:        4016004 kB
MemFree:          126900 kB
Active:           346448 kB
Mem:          3.8G       3.7G       123M       5.7M        27M       3.2G

MemTotal:        4016004 kB
MemFree:          126776 kB
Active:           346432 kB
Mem:          3.8G       3.7G       123M       5.7M        27M       3.2G

MemTotal:        4016004 kB
MemFree:          127024 kB
Active:           346396 kB
Mem:          3.8G       3.7G       123M       5.7M        27M       3.2G

MemTotal:        4016004 kB
MemFree:          126900 kB
Active:           346412 kB
Mem:          3.8G       3.7G       123M       5.7M        27M       3.2G

MemTotal:        4016004 kB
MemFree:          127024 kB
Active:           346452 kB
Mem:          3.8G       3.7G       124M       5.7M        27M       3.2G

MemTotal:        4016004 kB
MemFree:          127024 kB
Active:           346448 kB
Mem:          3.8G       3.7G       124M       5.7M        27M       3.2G

MemTotal:        4016004 kB
MemFree:          126776 kB
Active:           346464 kB
Mem:          3.8G       3.7G       123M       5.7M        27M       3.2G

MemTotal:        4016004 kB
MemFree:          126032 kB
Active:           346472 kB
Mem:          3.8G       3.7G       123M       5.7M        27M       3.2G

MemTotal:        4016004 kB
MemFree:          126528 kB
Active:           346432 kB
Mem:          3.8G       3.7G       123M       5.7M        27M       3.2G

MemTotal:        4016004 kB
MemFree:          126652 kB
Active:           346468 kB
Mem:          3.8G       3.7G       123M       5.7M        27M       3.2G

MemTotal:        4016004 kB
MemFree:          126528 kB
Active:           346428 kB
Mem:          3.8G       3.7G       123M       5.7M        27M       3.2G

MemTotal:        4016004 kB
MemFree:          126528 kB
Active:           346448 kB
Mem:          3.8G       3.7G       123M       5.7M        27M       3.2G

MemTotal:        4016004 kB
MemFree:          126528 kB
Active:           346476 kB
Mem:          3.8G       3.7G       123M       5.7M        27M       3.2G

MemTotal:        4016004 kB
MemFree:          126652 kB
Active:           346432 kB
Mem:          3.8G       3.7G       123M       5.7M        27M       3.2G

MemTotal:        4016004 kB
MemFree:          126652 kB
Active:           346452 kB
Mem:          3.8G       3.7G       123M       5.7M        27M       3.2G

MemTotal:        4016004 kB
MemFree:          126776 kB
Active:           346428 kB
Mem:          3.8G       3.7G       123M       5.7M        27M       3.2G

MemTotal:        4016004 kB
MemFree:          126652 kB
Active:           346452 kB
Mem:          3.8G       3.7G       123M       5.7M        27M       3.2G

MemTotal:        4016004 kB
MemFree:          126280 kB
Active:           346480 kB
Mem:          3.8G       3.7G       123M       5.7M        27M       3.2G

MemTotal:        4016004 kB
MemFree:          126652 kB
Active:           346464 kB
Mem:          3.8G       3.7G       123M       5.7M        27M       3.2G

MemTotal:        4016004 kB
MemFree:          126760 kB
Active:           346484 kB
Mem:          3.8G       3.7G       123M       5.7M        27M       3.2G

MemTotal:        4016004 kB
MemFree:          126636 kB
Active:           346440 kB
Mem:          3.8G       3.7G       123M       5.7M        27M       3.2G

MemTotal:        4016004 kB
MemFree:          126636 kB
Active:           346492 kB
Mem:          3.8G       3.7G       123M       5.7M        27M       3.2G

MemTotal:        4016004 kB
MemFree:          126388 kB
Active:           346448 kB
Mem:          3.8G       3.7G       123M       5.7M        27M       3.2G

MemTotal:        4016004 kB
MemFree:          126140 kB
Active:           346448 kB
Mem:          3.8G       3.7G       123M       5.7M        27M       3.2G

MemTotal:        4016004 kB
MemFree:          126388 kB
Active:           346456 kB
Mem:          3.8G       3.7G       123M       5.7M        27M       3.2G

MemTotal:        4016004 kB
MemFree:          126264 kB
Active:           346456 kB
Mem:          3.8G       3.7G       123M       5.7M        27M       3.2G

MemTotal:        4016004 kB
MemFree:          125892 kB
Active:           346504 kB
Mem:          3.8G       3.7G       123M       5.7M        27M       3.2G

MemTotal:        4016004 kB
MemFree:          126388 kB
Active:           346484 kB
Mem:          3.8G       3.7G       123M       5.7M        27M       3.2G

MemTotal:        4016004 kB
MemFree:          126264 kB
Active:           346456 kB
Mem:          3.8G       3.7G       123M       5.7M        27M       3.2G

MemTotal:        4016004 kB
MemFree:          126264 kB
Active:           346500 kB
Mem:          3.8G       3.7G       123M       5.7M        27M       3.2G

MemTotal:        4016004 kB
MemFree:          126264 kB
Active:           346508 kB
Mem:          3.8G       3.7G       123M       5.7M        27M       3.2G

MemTotal:        4016004 kB
MemFree:          126264 kB
Active:           346472 kB
Mem:          3.8G       3.7G       123M       5.7M        27M       3.2G

MemTotal:        4016004 kB
MemFree:          126512 kB
Active:           346472 kB
Mem:          3.8G       3.7G       123M       5.7M        27M       3.2G

MemTotal:        4016004 kB
MemFree:          126264 kB
Active:           346512 kB
Mem:          3.8G       3.7G       123M       5.7M        27M       3.2G

MemTotal:        4016004 kB
MemFree:          126388 kB
Active:           346516 kB
Mem:          3.8G       3.7G       123M       5.7M        27M       3.2G

MemTotal:        4016004 kB
MemFree:          126512 kB
Active:           346484 kB
Mem:          3.8G       3.7G       123M       5.7M        27M       3.2G

MemTotal:        4016004 kB
MemFree:          126588 kB
Active:           346500 kB
Mem:          3.8G       3.7G       123M       5.7M        27M       3.2G

MemTotal:        4016004 kB
MemFree:          126636 kB
Active:           346520 kB
Mem:          3.8G       3.7G       123M       5.7M        27M       3.2G

MemTotal:        4016004 kB
MemFree:          126604 kB
Active:           346528 kB
Mem:          3.8G       3.7G       123M       5.7M        27M       3.2G

MemTotal:        4016004 kB
MemFree:          126388 kB
Active:           346488 kB
Mem:          3.8G       3.7G       123M       5.7M        27M       3.2G

MemTotal:        4016004 kB
MemFree:          126512 kB
Active:           346520 kB
Mem:          3.8G       3.7G       123M       5.7M        27M       3.2G

MemTotal:        4016004 kB
MemFree:          126140 kB
Active:           346528 kB
Mem:          3.8G       3.7G       123M       5.7M        27M       3.2G

MemTotal:        4016004 kB
MemFree:          126140 kB
Active:           346508 kB
Mem:          3.8G       3.7G       122M       5.7M        27M       3.2G

MemTotal:        4016004 kB
MemFree:          126140 kB
Active:           346476 kB
Mem:          3.8G       3.7G       123M       5.7M        27M       3.2G

MemTotal:        4016004 kB
MemFree:          126512 kB
Active:           346496 kB
Mem:          3.8G       3.7G       123M       5.7M        27M       3.2G

MemTotal:        4016004 kB
MemFree:          126140 kB
Active:           346528 kB
Mem:          3.8G       3.7G       123M       5.7M        27M       3.2G

MemTotal:        4016004 kB
MemFree:          126016 kB
Active:           346532 kB
Mem:          3.8G       3.7G       123M       5.7M        27M       3.2G

MemTotal:        4016004 kB
MemFree:          126760 kB
Active:           346516 kB
Mem:          3.8G       3.7G       123M       5.7M        27M       3.2G

MemTotal:        4016004 kB
MemFree:          126760 kB
Active:           346496 kB
Mem:          3.8G       3.7G       123M       5.7M        27M       3.2G

MemTotal:        4016004 kB
MemFree:          126264 kB
Active:           346520 kB
Mem:          3.8G       3.7G       123M       5.7M        27M       3.2G

MemTotal:        4016004 kB
MemFree:          126388 kB
Active:           346488 kB
Mem:          3.8G       3.7G       123M       5.7M        27M       3.2G

MemTotal:        4016004 kB
MemFree:          125892 kB
Active:           346532 kB
Mem:          3.8G       3.7G       123M       5.7M        27M       3.2G

MemTotal:        4016004 kB
MemFree:          126264 kB
Active:           346484 kB
Mem:          3.8G       3.7G       123M       5.7M        27M       3.2G

MemTotal:        4016004 kB
MemFree:          126388 kB
Active:           346540 kB
Mem:          3.8G       3.7G       123M       5.7M        27M       3.2G

MemTotal:        4016004 kB
MemFree:          126140 kB
Active:           346544 kB
Mem:          3.8G       3.7G       123M       5.7M        27M       3.2G

MemTotal:        4016004 kB
MemFree:          126264 kB
Active:           346500 kB
Mem:          3.8G       3.7G       123M       5.7M        27M       3.2G

MemTotal:        4016004 kB
MemFree:          126140 kB
Active:           346524 kB
Mem:          3.8G       3.7G       123M       5.7M        27M       3.2G

MemTotal:        4016004 kB
MemFree:          126140 kB
Active:           346500 kB
Mem:          3.8G       3.7G       123M       5.7M        27M       3.2G

MemTotal:        4016004 kB
MemFree:          126140 kB
Active:           346552 kB
Mem:          3.8G       3.7G       122M       5.7M        27M       3.2G

MemTotal:        4016004 kB
MemFree:          125768 kB
Active:           346556 kB
Mem:          3.8G       3.7G       122M       5.7M        27M       3.2G

MemTotal:        4016004 kB
MemFree:          126140 kB
Active:           346536 kB
Mem:          3.8G       3.7G       123M       5.7M        27M       3.2G

MemTotal:        4016004 kB
MemFree:          126388 kB
Active:           346548 kB
Mem:          3.8G       3.7G       123M       5.7M        27M       3.2G

MemTotal:        4016004 kB
MemFree:          126512 kB
Active:           346512 kB
Mem:          3.8G       3.7G       123M       5.7M        27M       3.2G

MemTotal:        4016004 kB
MemFree:          126388 kB
Active:           346548 kB
Mem:          3.8G       3.7G       123M       5.7M        27M       3.2G

MemTotal:        4016004 kB
MemFree:          126140 kB
Active:           346568 kB
Mem:          3.8G       3.7G       123M       5.7M        27M       3.2G

MemTotal:        4016004 kB
MemFree:          126512 kB
Active:           346532 kB
Mem:          3.8G       3.7G       123M       5.7M        27M       3.2G

MemTotal:        4016004 kB
MemFree:          126388 kB
Active:           346516 kB
Mem:          3.8G       3.7G       123M       5.7M        27M       3.2G

MemTotal:        4016004 kB
MemFree:          126140 kB
Active:           346576 kB
Mem:          3.8G       3.7G       123M       5.7M        27M       3.2G

MemTotal:        4016004 kB
MemFree:          126264 kB
Active:           346524 kB
Mem:          3.8G       3.7G       123M       5.7M        27M       3.2G

MemTotal:        4016004 kB
MemFree:          126512 kB
Active:           346564 kB
Mem:          3.8G       3.7G       123M       5.7M        27M       3.2G

MemTotal:        4016004 kB
MemFree:          126388 kB
Active:           346520 kB
Mem:          3.8G       3.7G       123M       5.7M        27M       3.2G

MemTotal:        4016004 kB
MemFree:          126388 kB
Active:           346528 kB
Mem:          3.8G       3.7G       123M       5.7M        27M       3.2G

MemTotal:        4016004 kB
MemFree:          126264 kB
Active:           346580 kB
Mem:          3.8G       3.7G       123M       5.7M        27M       3.2G

MemTotal:        4016004 kB
MemFree:          126388 kB
Active:           346544 kB
Mem:          3.8G       3.7G       123M       5.7M        27M       3.2G

MemTotal:        4016004 kB
MemFree:          126140 kB
Active:           346552 kB
Mem:          3.8G       3.7G       122M       5.7M        27M       3.2G

MemTotal:        4016004 kB
MemFree:          126140 kB
Active:           346552 kB
Mem:          3.8G       3.7G       123M       5.7M        27M       3.2G

MemTotal:        4016004 kB
MemFree:          126140 kB
Active:           346556 kB
Mem:          3.8G       3.7G       123M       5.7M        27M       3.2G

MemTotal:        4016004 kB
MemFree:          125768 kB
Active:           346592 kB
Mem:          3.8G       3.7G       123M       5.7M        27M       3.2G

MemTotal:        4016004 kB
MemFree:          126636 kB
Active:           346580 kB
Mem:          3.8G       3.7G       123M       5.7M        27M       3.2G

MemTotal:        4016004 kB
MemFree:          126636 kB
Active:           346592 kB
