MemTotal:        4016004 kB
MemFree:         3260216 kB
Active:           401768 kB
Mem:          3.8G       738M       3.1G       5.7M        54M       314M

MemTotal:        4016004 kB
MemFree:         3258940 kB
Active:           403048 kB
Mem:          3.8G       739M       3.1G       5.7M        54M       315M

MemTotal:        4016004 kB
MemFree:         3258444 kB
Active:           403252 kB
Mem:          3.8G       739M       3.1G       5.7M        54M       315M

MemTotal:        4016004 kB
MemFree:         3257684 kB
Active:           403280 kB
Mem:          3.8G       740M       3.1G       5.7M        54M       315M

MemTotal:        4016004 kB
MemFree:         3258164 kB
Active:           403240 kB
Mem:          3.8G       739M       3.1G       5.7M        54M       315M

MemTotal:        4016004 kB
MemFree:         3257652 kB
Active:           403280 kB
Mem:          3.8G       740M       3.1G       5.7M        54M       315M

MemTotal:        4016004 kB
MemFree:         3257760 kB
Active:           403252 kB
Mem:          3.8G       740M       3.1G       5.7M        54M       315M

MemTotal:        4016004 kB
MemFree:         3257744 kB
Active:           403256 kB
Mem:          3.8G       740M       3.1G       5.7M        54M       315M

MemTotal:        4016004 kB
MemFree:         3257356 kB
Active:           403288 kB
Mem:          3.8G       740M       3.1G       5.7M        54M       315M

MemTotal:        4016004 kB
MemFree:         3257232 kB
Active:           403288 kB
Mem:          3.8G       740M       3.1G       5.7M        54M       315M

MemTotal:        4016004 kB
MemFree:         3257852 kB
Active:           403260 kB
Mem:          3.8G       740M       3.1G       5.7M        54M       315M

MemTotal:        4016004 kB
MemFree:         3257960 kB
Active:           403280 kB
Mem:          3.8G       740M       3.1G       5.7M        54M       315M

MemTotal:        4016004 kB
MemFree:         3258068 kB
Active:           403244 kB
Mem:          3.8G       740M       3.1G       5.7M        54M       315M

MemTotal:        4016004 kB
MemFree:         3257680 kB
Active:           403268 kB
Mem:          3.8G       740M       3.1G       5.7M        54M       315M

MemTotal:        4016004 kB
MemFree:         3257664 kB
Active:           403268 kB
Mem:          3.8G       740M       3.1G       5.7M        54M       315M

MemTotal:        4016004 kB
MemFree:         3257152 kB
Active:           403300 kB
Mem:          3.8G       740M       3.1G       5.7M        54M       315M

MemTotal:        4016004 kB
MemFree:         3256808 kB
Active:           403316 kB
Mem:          3.8G       741M       3.1G       5.7M        54M       315M

MemTotal:        4016004 kB
MemFree:         3257536 kB
Active:           403292 kB
Mem:          3.8G       740M       3.1G       5.7M        54M       315M

MemTotal:        4016004 kB
MemFree:         3257520 kB
Active:           403260 kB
Mem:          3.8G       740M       3.1G       5.7M        54M       315M

MemTotal:        4016004 kB
MemFree:         3257132 kB
Active:           403300 kB
Mem:          3.8G       740M       3.1G       5.7M        54M       315M

MemTotal:        4016004 kB
MemFree:         3257616 kB
Active:           403288 kB
Mem:          3.8G       740M       3.1G       5.7M        54M       315M

MemTotal:        4016004 kB
MemFree:         3257492 kB
Active:           403264 kB
Mem:          3.8G       740M       3.1G       5.7M        54M       315M

MemTotal:        4016004 kB
MemFree:         3257244 kB
Active:           403308 kB
Mem:          3.8G       740M       3.1G       5.7M        54M       315M

MemTotal:        4016004 kB
MemFree:         3257368 kB
Active:           403268 kB
Mem:          3.8G       741M       3.1G       5.7M        54M       315M

MemTotal:        4016004 kB
MemFree:         3257368 kB
Active:           403260 kB
Mem:          3.8G       740M       3.1G       5.7M        54M       315M

MemTotal:        4016004 kB
MemFree:         3257244 kB
Active:           403296 kB
Mem:          3.8G       740M       3.1G       5.7M        54M       315M

MemTotal:        4016004 kB
MemFree:         3256732 kB
Active:           401260 kB
Mem:          3.8G       741M       3.1G       5.7M        54M       315M

MemTotal:        4016004 kB
MemFree:         3256732 kB
Active:           403308 kB
Mem:          3.8G       741M       3.1G       5.7M        54M       315M

MemTotal:        4016004 kB
MemFree:         3257212 kB
Active:           403268 kB
Mem:          3.8G       741M       3.1G       5.7M        54M       315M

MemTotal:        4016004 kB
MemFree:         3257320 kB
Active:           403268 kB
Mem:          3.8G       740M       3.1G       5.7M        54M       315M

MemTotal:        4016004 kB
MemFree:         3257304 kB
Active:           403320 kB
Mem:          3.8G       740M       3.1G       5.7M        54M       315M

MemTotal:        4016004 kB
MemFree:         3257536 kB
Active:           403292 kB
Mem:          3.8G       740M       3.1G       5.7M        54M       315M

MemTotal:        4016004 kB
MemFree:         3257756 kB
Active:           403268 kB
Mem:          3.8G       740M       3.1G       5.7M        54M       315M

MemTotal:        4016004 kB
MemFree:         3257508 kB
Active:           403304 kB
Mem:          3.8G       740M       3.1G       5.7M        54M       315M

MemTotal:        4016004 kB
MemFree:         3257632 kB
Active:           403300 kB
Mem:          3.8G       740M       3.1G       5.7M        54M       315M

MemTotal:        4016004 kB
MemFree:         3257756 kB
Active:           403300 kB
Mem:          3.8G       740M       3.1G       5.7M        54M       315M

MemTotal:        4016004 kB
MemFree:         3256752 kB
Active:           401284 kB
Mem:          3.8G       741M       3.1G       5.7M        54M       315M

MemTotal:        4016004 kB
MemFree:         3257248 kB
Active:           403316 kB
Mem:          3.8G       741M       3.1G       5.7M        54M       315M

MemTotal:        4016004 kB
MemFree:         3257124 kB
Active:           403308 kB
Mem:          3.8G       740M       3.1G       5.7M        54M       315M

MemTotal:        4016004 kB
MemFree:         3257728 kB
Active:           403328 kB
Mem:          3.8G       740M       3.1G       5.7M        54M       315M

MemTotal:        4016004 kB
MemFree:         3257588 kB
Active:           403280 kB
Mem:          3.8G       740M       3.1G       5.7M        54M       315M

MemTotal:        4016004 kB
MemFree:         3257296 kB
Active:           403340 kB
Mem:          3.8G       740M       3.1G       5.7M        54M       315M

MemTotal:        4016004 kB
MemFree:         3257544 kB
Active:           403304 kB
Mem:          3.8G       740M       3.1G       5.7M        54M       315M

MemTotal:        4016004 kB
MemFree:         3257420 kB
Active:           403336 kB
Mem:          3.8G       741M       3.1G       5.7M        54M       315M

MemTotal:        4016004 kB
MemFree:         3257420 kB
Active:           403292 kB
Mem:          3.8G       740M       3.1G       5.7M        54M       315M

MemTotal:        4016004 kB
MemFree:         3257544 kB
Active:           403308 kB
Mem:          3.8G       741M       3.1G       5.7M        54M       315M

MemTotal:        4016004 kB
MemFree:         3255356 kB
Active:           403320 kB
Mem:          3.8G       742M       3.1G       5.7M        54M       315M

MemTotal:        4016004 kB
MemFree:         3255356 kB
Active:           405368 kB
Mem:          3.8G       742M       3.1G       5.7M        54M       315M

MemTotal:        4016004 kB
MemFree:         3255572 kB
Active:           405324 kB
Mem:          3.8G       742M       3.1G       5.7M        54M       315M

MemTotal:        4016004 kB
MemFree:         3255680 kB
Active:           405336 kB
Mem:          3.8G       742M       3.1G       5.7M        54M       315M

MemTotal:        4016004 kB
MemFree:         3255836 kB
Active:           405348 kB
Mem:          3.8G       742M       3.1G       5.7M        54M       315M

MemTotal:        4016004 kB
MemFree:         3255588 kB
Active:           405332 kB
Mem:          3.8G       742M       3.1G       5.7M        54M       315M

MemTotal:        4016004 kB
MemFree:         3255588 kB
Active:           405344 kB
Mem:          3.8G       742M       3.1G       5.7M        54M       315M

MemTotal:        4016004 kB
MemFree:         3255588 kB
Active:           405376 kB
Mem:          3.8G       742M       3.1G       5.7M        54M       315M

MemTotal:        4016004 kB
MemFree:         3255588 kB
Active:           405356 kB
Mem:          3.8G       742M       3.1G       5.7M        54M       315M

MemTotal:        4016004 kB
MemFree:         3255572 kB
Active:           405388 kB
Mem:          3.8G       742M       3.1G       5.7M        54M       315M

MemTotal:        4016004 kB
MemFree:         3255680 kB
Active:           405352 kB
Mem:          3.8G       742M       3.1G       5.7M        54M       315M

MemTotal:        4016004 kB
MemFree:         3255248 kB
Active:           405412 kB
Mem:          3.8G       742M       3.1G       5.7M        54M       315M

MemTotal:        4016004 kB
MemFree:         3255248 kB
Active:           405376 kB
Mem:          3.8G       742M       3.1G       5.7M        54M       315M

MemTotal:        4016004 kB
MemFree:         3255372 kB
Active:           405408 kB
Mem:          3.8G       742M       3.1G       5.7M        54M       315M

MemTotal:        4016004 kB
MemFree:         3255372 kB
Active:           405384 kB
Mem:          3.8G       743M       3.1G       5.7M        54M       315M

MemTotal:        4016004 kB
MemFree:         3143948 kB
Active:           405720 kB
Mem:          3.8G       852M       3.0G       5.7M        54M       422M

MemTotal:        4016004 kB
MemFree:         3105856 kB
Active:           405692 kB
Mem:          3.8G       889M       3.0G       5.7M        54M       458M

MemTotal:        4016004 kB
MemFree:         3074668 kB
Active:           405696 kB
Mem:          3.8G       919M       2.9G       5.7M        54M       489M

MemTotal:        4016004 kB
MemFree:         2959420 kB
Active:           405728 kB
Mem:          3.8G       1.0G       2.8G       5.7M        54M       600M

MemTotal:        4016004 kB
MemFree:         2846480 kB
Active:           405704 kB
Mem:          3.8G       1.1G       2.7G       5.7M        54M       708M

MemTotal:        4016004 kB
MemFree:         2797696 kB
Active:           405756 kB
Mem:          3.8G       1.2G       2.7G       5.7M        54M       755M

MemTotal:        4016004 kB
MemFree:         2770584 kB
Active:           405760 kB
Mem:          3.8G       1.2G       2.6G       5.7M        54M       782M

MemTotal:        4016004 kB
MemFree:         2699032 kB
Active:           405768 kB
Mem:          3.8G       1.3G       2.6G       5.7M        54M       850M

MemTotal:        4016004 kB
MemFree:         2694412 kB
Active:           405772 kB
Mem:          3.8G       1.3G       2.6G       5.7M        55M       855M

MemTotal:        4016004 kB
MemFree:         2693216 kB
Active:           405800 kB
Mem:          3.8G       1.3G       2.6G       5.7M        55M       855M

MemTotal:        4016004 kB
MemFree:         2692588 kB
Active:           405800 kB
Mem:          3.8G       1.3G       2.6G       5.7M        55M       856M

MemTotal:        4016004 kB
MemFree:         2692800 kB
Active:           405768 kB
Mem:          3.8G       1.3G       2.6G       5.7M        55M       856M

MemTotal:        4016004 kB
MemFree:         2595564 kB
Active:           405816 kB
Mem:          3.8G       1.4G       2.5G       5.7M        55M       949M

MemTotal:        4016004 kB
MemFree:         2460364 kB
Active:           405820 kB
Mem:          3.8G       1.5G       2.3G       5.7M        55M       1.1G

MemTotal:        4016004 kB
MemFree:         2335688 kB
Active:           405796 kB
Mem:          3.8G       1.6G       2.2G       5.7M        55M       1.2G

MemTotal:        4016004 kB
MemFree:         2335628 kB
Active:           405800 kB
Mem:          3.8G       1.6G       2.2G       5.7M        55M       1.2G

MemTotal:        4016004 kB
MemFree:         2258840 kB
Active:           405820 kB
Mem:          3.8G       1.7G       2.2G       5.7M        55M       1.2G

MemTotal:        4016004 kB
MemFree:         2238532 kB
Active:           405804 kB
Mem:          3.8G       1.7G       2.1G       5.7M        55M       1.3G

MemTotal:        4016004 kB
MemFree:         2138300 kB
Active:           405832 kB
Mem:          3.8G       1.8G       2.0G       5.7M        55M       1.4G

MemTotal:        4016004 kB
MemFree:         2136972 kB
Active:           405788 kB
Mem:          3.8G       1.8G       2.0G       5.7M        55M       1.4G

MemTotal:        4016004 kB
MemFree:         2099744 kB
Active:           405800 kB
Mem:          3.8G       1.8G       2.0G       5.7M        55M       1.4G

MemTotal:        4016004 kB
MemFree:         2038284 kB
Active:           405804 kB
Mem:          3.8G       1.9G       1.9G       5.7M        55M       1.5G

MemTotal:        4016004 kB
MemFree:         2036496 kB
Active:           405872 kB
Mem:          3.8G       1.9G       1.9G       5.7M        55M       1.5G

MemTotal:        4016004 kB
MemFree:         2035576 kB
Active:           405880 kB
Mem:          3.8G       1.9G       1.9G       5.7M        55M       1.5G

MemTotal:        4016004 kB
MemFree:         2033564 kB
Active:           405840 kB
Mem:          3.8G       1.9G       1.9G       5.7M        55M       1.5G

MemTotal:        4016004 kB
MemFree:         1990552 kB
Active:           405880 kB
Mem:          3.8G       1.9G       1.9G       5.7M        55M       1.5G

MemTotal:        4016004 kB
MemFree:         1853976 kB
Active:           405880 kB
Mem:          3.8G       2.1G       1.8G       5.7M        55M       1.6G

MemTotal:        4016004 kB
MemFree:         1727440 kB
Active:           405880 kB
Mem:          3.8G       2.2G       1.6G       5.7M        55M       1.7G

MemTotal:        4016004 kB
MemFree:         1598332 kB
Active:           405884 kB
Mem:          3.8G       2.3G       1.5G       5.7M        55M       1.9G

MemTotal:        4016004 kB
MemFree:         1485864 kB
Active:           405840 kB
Mem:          3.8G       2.4G       1.4G       5.7M        55M       2.0G

MemTotal:        4016004 kB
MemFree:         1369296 kB
Active:           405864 kB
Mem:          3.8G       2.5G       1.3G       5.7M        55M       2.1G

MemTotal:        4016004 kB
MemFree:         1318284 kB
Active:           405872 kB
Mem:          3.8G       2.6G       1.3G       5.7M        55M       2.1G

MemTotal:        4016004 kB
MemFree:         1317284 kB
Active:           405900 kB
Mem:          3.8G       2.6G       1.3G       5.7M        55M       2.1G

MemTotal:        4016004 kB
MemFree:         1317072 kB
Active:           405916 kB
Mem:          3.8G       2.6G       1.3G       5.7M        55M       2.1G

MemTotal:        4016004 kB
MemFree:         1317468 kB
Active:           405884 kB
Mem:          3.8G       2.6G       1.3G       5.7M        55M       2.1G

MemTotal:        4016004 kB
MemFree:         1317056 kB
Active:           405892 kB
Mem:          3.8G       2.6G       1.3G       5.7M        55M       2.1G

MemTotal:        4016004 kB
MemFree:         1290260 kB
Active:           405876 kB
Mem:          3.8G       2.6G       1.2G       5.7M        55M       2.2G

MemTotal:        4016004 kB
MemFree:         1289948 kB
Active:           405896 kB
Mem:          3.8G       2.6G       1.2G       5.7M        55M       2.2G

MemTotal:        4016004 kB
MemFree:         1290104 kB
Active:           405896 kB
Mem:          3.8G       2.6G       1.2G       5.7M        55M       2.2G

MemTotal:        4016004 kB
MemFree:         1287824 kB
Active:           405916 kB
Mem:          3.8G       2.6G       1.2G       5.7M        55M       2.2G

MemTotal:        4016004 kB
MemFree:         1287068 kB
Active:           405944 kB
Mem:          3.8G       2.6G       1.2G       5.7M        55M       2.2G

MemTotal:        4016004 kB
MemFree:         1163744 kB
Active:           405948 kB
Mem:          3.8G       2.7G       1.1G       5.7M        55M       2.3G

MemTotal:        4016004 kB
MemFree:         1034976 kB
Active:           405892 kB
Mem:          3.8G       2.8G       1.0G       5.7M        55M       2.4G

MemTotal:        4016004 kB
MemFree:          965096 kB
Active:           405956 kB
Mem:          3.8G       2.9G       941M       5.7M        55M       2.5G

MemTotal:        4016004 kB
MemFree:          935180 kB
Active:           405944 kB
Mem:          3.8G       2.9G       913M       5.7M        55M       2.5G

MemTotal:        4016004 kB
MemFree:          868896 kB
Active:           404016 kB
Mem:          3.8G       3.0G       848M       5.7M        55M       2.5G

MemTotal:        4016004 kB
MemFree:          751524 kB
Active:           406052 kB
Mem:          3.8G       3.1G       733M       5.7M        55M       2.7G

MemTotal:        4016004 kB
MemFree:          648736 kB
Active:           406068 kB
Mem:          3.8G       3.2G       633M       5.7M        55M       2.8G

MemTotal:        4016004 kB
MemFree:          644360 kB
Active:           406052 kB
Mem:          3.8G       3.2G       629M       5.7M        55M       2.8G

MemTotal:        4016004 kB
MemFree:          643584 kB
Active:           406068 kB
Mem:          3.8G       3.2G       628M       5.7M        55M       2.8G

MemTotal:        4016004 kB
MemFree:          623976 kB
Active:           406112 kB
Mem:          3.8G       3.2G       608M       5.7M        55M       2.8G

MemTotal:        4016004 kB
MemFree:          604220 kB
Active:           406112 kB
Mem:          3.8G       3.3G       590M       5.7M        55M       2.8G

MemTotal:        4016004 kB
MemFree:          600360 kB
Active:           406108 kB
Mem:          3.8G       3.3G       586M       5.7M        55M       2.8G

MemTotal:        4016004 kB
MemFree:          598176 kB
Active:           406128 kB
Mem:          3.8G       3.3G       584M       5.7M        55M       2.8G

MemTotal:        4016004 kB
MemFree:          596876 kB
Active:           406132 kB
Mem:          3.8G       3.3G       582M       5.7M        55M       2.8G

MemTotal:        4016004 kB
MemFree:          593784 kB
Active:           404040 kB
Mem:          3.8G       3.3G       579M       5.7M        55M       2.8G

MemTotal:        4016004 kB
MemFree:          467544 kB
Active:           406140 kB
Mem:          3.8G       3.4G       456M       5.7M        55M       2.9G

MemTotal:        4016004 kB
MemFree:          337724 kB
Active:           406140 kB
Mem:          3.8G       3.5G       329M       5.7M        55M       3.0G

MemTotal:        4016004 kB
MemFree:          248500 kB
Active:           406140 kB
Mem:          3.8G       3.6G       242M       5.7M        55M       3.1G

MemTotal:        4016004 kB
MemFree:          195052 kB
Active:           406116 kB
Mem:          3.8G       3.6G       190M       5.7M        55M       3.2G

MemTotal:        4016004 kB
MemFree:          165540 kB
Active:           406120 kB
Mem:          3.8G       3.7G       161M       5.7M        55M       3.2G

MemTotal:        4016004 kB
MemFree:          132036 kB
Active:           411320 kB
Mem:          3.8G       3.7G       125M       5.7M        20M       3.3G

MemTotal:        4016004 kB
MemFree:          115348 kB
Active:           411360 kB
Mem:          3.8G       3.7G       112M       5.7M        20M       3.3G

MemTotal:        4016004 kB
MemFree:          127120 kB
Active:           419728 kB
Mem:          3.8G       3.7G       123M       5.7M        19M       3.3G

MemTotal:        4016004 kB
MemFree:          126124 kB
Active:           419780 kB
Mem:          3.8G       3.7G       123M       5.7M        19M       3.3G

MemTotal:        4016004 kB
MemFree:          125960 kB
Active:           419732 kB
Mem:          3.8G       3.7G       122M       5.7M        19M       3.3G

MemTotal:        4016004 kB
MemFree:          123464 kB
Active:           419700 kB
Mem:          3.8G       3.7G       120M       5.7M        19M       3.3G

MemTotal:        4016004 kB
MemFree:          127844 kB
Active:           463544 kB
Mem:          3.8G       3.7G       133M       5.7M        20M       3.3G

MemTotal:        4016004 kB
MemFree:          135048 kB
Active:           454108 kB
Mem:          3.8G       3.7G       131M       5.7M        20M       3.3G

MemTotal:        4016004 kB
MemFree:          131112 kB
Active:           444780 kB
Mem:          3.8G       3.7G       128M       5.7M        20M       3.3G

MemTotal:        4016004 kB
MemFree:          150308 kB
Active:           429804 kB
Mem:          3.8G       3.7G       146M       5.7M        20M       3.3G

MemTotal:        4016004 kB
MemFree:          108652 kB
Active:           429804 kB
Mem:          3.8G       3.7G       105M       5.7M        20M       3.3G

MemTotal:        4016004 kB
MemFree:          118476 kB
Active:           421076 kB
Mem:          3.8G       3.7G       114M       5.7M        20M       3.3G

MemTotal:        4016004 kB
MemFree:          140728 kB
Active:           419064 kB
Mem:          3.8G       3.7G       137M       5.7M        20M       3.3G

MemTotal:        4016004 kB
MemFree:          136460 kB
Active:           417664 kB
Mem:          3.8G       3.7G       133M       5.7M        20M       3.3G

MemTotal:        4016004 kB
MemFree:          133944 kB
Active:           417548 kB
Mem:          3.8G       3.7G       130M       5.7M        20M       3.3G

MemTotal:        4016004 kB
MemFree:          131672 kB
Active:           417560 kB
Mem:          3.8G       3.7G       128M       5.7M        20M       3.3G

MemTotal:        4016004 kB
MemFree:          130932 kB
Active:           417560 kB
Mem:          3.8G       3.7G       127M       5.7M        20M       3.3G

MemTotal:        4016004 kB
MemFree:          128880 kB
Active:           417552 kB
Mem:          3.8G       3.7G       125M       5.7M        20M       3.3G

MemTotal:        4016004 kB
MemFree:          136024 kB
Active:           413208 kB
Mem:          3.8G       3.7G       131M       5.7M        20M       3.3G

MemTotal:        4016004 kB
MemFree:          127820 kB
Active:           410188 kB
Mem:          3.8G       3.7G       124M       5.7M        20M       3.3G

MemTotal:        4016004 kB
MemFree:          148188 kB
Active:           405860 kB
Mem:          3.8G       3.7G       144M       5.7M        20M       3.3G

MemTotal:        4016004 kB
MemFree:          127472 kB
Active:           405384 kB
Mem:          3.8G       3.7G       124M       5.7M        20M       3.3G

MemTotal:        4016004 kB
MemFree:          131476 kB
Active:           403504 kB
Mem:          3.8G       3.7G       128M       5.7M        20M       3.3G

MemTotal:        4016004 kB
MemFree:          134180 kB
Active:           400336 kB
Mem:          3.8G       3.7G       131M       5.7M        20M       3.3G

MemTotal:        4016004 kB
MemFree:          128756 kB
Active:           401236 kB
Mem:          3.8G       3.7G       125M       5.7M        20M       3.3G

MemTotal:        4016004 kB
MemFree:          127336 kB
Active:           401156 kB
Mem:          3.8G       3.7G       124M       5.7M        20M       3.3G

MemTotal:        4016004 kB
MemFree:          126072 kB
Active:           401192 kB
Mem:          3.8G       3.7G       122M       5.7M        20M       3.3G

MemTotal:        4016004 kB
MemFree:          124244 kB
Active:           401200 kB
Mem:          3.8G       3.7G       121M       5.7M        20M       3.3G

MemTotal:        4016004 kB
MemFree:          124340 kB
Active:           401156 kB
Mem:          3.8G       3.7G       121M       5.7M        20M       3.3G

MemTotal:        4016004 kB
MemFree:          129132 kB
Active:           398420 kB
Mem:          3.8G       3.7G       125M       5.7M        20M       3.3G

MemTotal:        4016004 kB
MemFree:          126528 kB
Active:           393184 kB
Mem:          3.8G       3.7G       122M       5.7M        20M       3.3G

MemTotal:        4016004 kB
MemFree:          130464 kB
Active:           389632 kB
Mem:          3.8G       3.7G       127M       5.7M        20M       3.3G

MemTotal:        4016004 kB
MemFree:          130160 kB
Active:           388336 kB
Mem:          3.8G       3.7G       126M       5.7M        20M       3.3G

MemTotal:        4016004 kB
MemFree:          107888 kB
Active:           394840 kB
Mem:          3.8G       3.7G       105M       5.7M        27M       3.3G

MemTotal:        4016004 kB
MemFree:          128944 kB
Active:           393660 kB
Mem:          3.8G       3.7G       125M       5.7M        27M       3.3G

MemTotal:        4016004 kB
MemFree:          129008 kB
Active:           391500 kB
Mem:          3.8G       3.7G       125M       5.7M        27M       3.3G

MemTotal:        4016004 kB
MemFree:          127392 kB
Active:           391400 kB
Mem:          3.8G       3.7G       124M       5.7M        27M       3.3G

MemTotal:        4016004 kB
MemFree:          126684 kB
Active:           391376 kB
Mem:          3.8G       3.7G       123M       5.7M        27M       3.3G

MemTotal:        4016004 kB
MemFree:          125624 kB
Active:           391408 kB
Mem:          3.8G       3.7G       122M       5.7M        27M       3.3G

MemTotal:        4016004 kB
MemFree:          123712 kB
Active:           391368 kB
Mem:          3.8G       3.7G       120M       5.7M        27M       3.3G

MemTotal:        4016004 kB
MemFree:          124344 kB
Active:           387832 kB
Mem:          3.8G       3.7G       120M       5.7M        27M       3.3G

MemTotal:        4016004 kB
MemFree:          127524 kB
Active:           383740 kB
Mem:          3.8G       3.7G       124M       5.7M        27M       3.3G

MemTotal:        4016004 kB
MemFree:          124604 kB
Active:           377864 kB
Mem:          3.8G       3.7G       121M       5.7M        27M       3.3G

MemTotal:        4016004 kB
MemFree:          125764 kB
Active:           376804 kB
Mem:          3.8G       3.7G       122M       5.7M        27M       3.3G

MemTotal:        4016004 kB
MemFree:          128508 kB
Active:           376704 kB
Mem:          3.8G       3.7G       125M       5.7M        27M       3.3G

MemTotal:        4016004 kB
MemFree:          109224 kB
Active:           376712 kB
Mem:          3.8G       3.7G       105M       5.7M        27M       3.3G

MemTotal:        4016004 kB
MemFree:          136056 kB
Active:           374000 kB
Mem:          3.8G       3.7G       132M       5.7M        27M       3.3G

MemTotal:        4016004 kB
MemFree:          119976 kB
Active:           372704 kB
Mem:          3.8G       3.7G       117M       5.7M        27M       3.3G

MemTotal:        4016004 kB
MemFree:          116904 kB
Active:           372708 kB
Mem:          3.8G       3.7G       113M       5.7M        27M       3.3G

MemTotal:        4016004 kB
MemFree:          115748 kB
Active:           372724 kB
Mem:          3.8G       3.7G       112M       5.7M        27M       3.3G

MemTotal:        4016004 kB
MemFree:          114836 kB
Active:           372756 kB
Mem:          3.8G       3.7G       111M       5.7M        27M       3.3G

MemTotal:        4016004 kB
MemFree:          113444 kB
Active:           372760 kB
Mem:          3.8G       3.7G       110M       5.7M        27M       3.3G

MemTotal:        4016004 kB
MemFree:          130244 kB
Active:           371472 kB
Mem:          3.8G       3.7G       126M       5.7M        27M       3.3G

MemTotal:        4016004 kB
MemFree:          133852 kB
Active:           367392 kB
Mem:          3.8G       3.7G       129M       5.7M        27M       3.3G

MemTotal:        4016004 kB
MemFree:          137252 kB
Active:           366088 kB
Mem:          3.8G       3.7G       135M       5.7M        27M       3.3G

MemTotal:        4016004 kB
MemFree:          128140 kB
Active:           366096 kB
Mem:          3.8G       3.7G       124M       5.7M        27M       3.3G

MemTotal:        4016004 kB
MemFree:          127988 kB
Active:           365928 kB
Mem:          3.8G       3.7G       124M       5.7M        27M       3.3G

MemTotal:        4016004 kB
MemFree:          122352 kB
Active:           365948 kB
Mem:          3.8G       3.7G       119M       5.7M        27M       3.3G

MemTotal:        4016004 kB
MemFree:          126152 kB
Active:           365972 kB
Mem:          3.8G       3.7G       122M       5.7M        27M       3.3G

MemTotal:        4016004 kB
MemFree:          126176 kB
Active:           365692 kB
Mem:          3.8G       3.7G       123M       5.7M        27M       3.3G

MemTotal:        4016004 kB
MemFree:          127524 kB
Active:           365664 kB
Mem:          3.8G       3.7G       124M       5.7M        27M       3.3G

MemTotal:        4016004 kB
MemFree:          124900 kB
Active:           365700 kB
Mem:          3.8G       3.7G       122M       5.7M        27M       3.3G

MemTotal:        4016004 kB
MemFree:          124112 kB
Active:           365712 kB
Mem:          3.8G       3.7G       121M       5.7M        27M       3.3G

MemTotal:        4016004 kB
MemFree:          127388 kB
Active:           365732 kB
Mem:          3.8G       3.7G       124M       5.7M        27M       3.3G

MemTotal:        4016004 kB
MemFree:          130788 kB
Active:           365692 kB
Mem:          3.8G       3.7G       126M       5.7M        27M       3.3G

MemTotal:        4016004 kB
MemFree:          123308 kB
Active:           363104 kB
Mem:          3.8G       3.7G       120M       5.7M        27M       3.3G

MemTotal:        4016004 kB
MemFree:          133632 kB
Active:           362944 kB
Mem:          3.8G       3.7G       130M       5.7M        27M       3.3G

MemTotal:        4016004 kB
MemFree:          120888 kB
Active:           362900 kB
Mem:          3.8G       3.7G       118M       5.7M        27M       3.3G

MemTotal:        4016004 kB
MemFree:          123020 kB
Active:           362960 kB
Mem:          3.8G       3.7G       119M       5.7M        27M       3.3G

MemTotal:        4016004 kB
MemFree:          132948 kB
Active:           362904 kB
Mem:          3.8G       3.7G       129M       5.7M        27M       3.3G

MemTotal:        4016004 kB
MemFree:          115304 kB
Active:           362928 kB
Mem:          3.8G       3.7G       112M       5.7M        27M       3.3G

MemTotal:        4016004 kB
MemFree:          104744 kB
Active:           362944 kB
Mem:          3.8G       3.7G       109M       5.7M        27M       3.3G

MemTotal:        4016004 kB
MemFree:          133572 kB
Active:           362928 kB
Mem:          3.8G       3.7G       130M       5.7M        27M       3.3G

MemTotal:        4016004 kB
MemFree:          132160 kB
Active:           362988 kB
Mem:          3.8G       3.7G       128M       5.7M        27M       3.3G

MemTotal:        4016004 kB
MemFree:          129760 kB
Active:           362988 kB
Mem:          3.8G       3.7G       126M       5.7M        27M       3.3G

MemTotal:        4016004 kB
MemFree:          128848 kB
Active:           362964 kB
Mem:          3.8G       3.7G       125M       5.7M        27M       3.3G

MemTotal:        4016004 kB
MemFree:          132620 kB
Active:           362992 kB
Mem:          3.8G       3.7G       129M       5.7M        27M       3.3G

MemTotal:        4016004 kB
MemFree:          128096 kB
Active:           362944 kB
Mem:          3.8G       3.7G       124M       5.7M        27M       3.3G

MemTotal:        4016004 kB
MemFree:          108660 kB
Active:           362996 kB
Mem:          3.8G       3.7G       105M       5.7M        27M       3.3G

MemTotal:        4016004 kB
MemFree:          123132 kB
Active:           362776 kB
Mem:          3.8G       3.7G       119M       5.7M        27M       3.3G

MemTotal:        4016004 kB
MemFree:          142836 kB
Active:           362820 kB
Mem:          3.8G       3.7G       139M       5.7M        27M       3.2G

MemTotal:        4016004 kB
MemFree:          138752 kB
Active:           362796 kB
Mem:          3.8G       3.7G       135M       5.7M        27M       3.3G

MemTotal:        4016004 kB
MemFree:          140620 kB
Active:           362820 kB
Mem:          3.8G       3.7G       137M       5.7M        27M       3.3G

MemTotal:        4016004 kB
MemFree:          114208 kB
Active:           362820 kB
Mem:          3.8G       3.7G       111M       5.7M        27M       3.3G

MemTotal:        4016004 kB
MemFree:          112696 kB
Active:           362820 kB
Mem:          3.8G       3.7G       110M       5.7M        27M       3.3G

MemTotal:        4016004 kB
MemFree:          111136 kB
Active:           362808 kB
Mem:          3.8G       3.7G       108M       5.7M        27M       3.3G

MemTotal:        4016004 kB
MemFree:          110052 kB
Active:           362824 kB
Mem:          3.8G       3.7G       107M       5.7M        27M       3.3G

MemTotal:        4016004 kB
MemFree:          143532 kB
Active:           360932 kB
Mem:          3.8G       3.7G       140M       5.7M        27M       3.2G

MemTotal:        4016004 kB
MemFree:          131844 kB
Active:           360828 kB
Mem:          3.8G       3.7G       128M       5.7M        27M       3.3G

MemTotal:        4016004 kB
MemFree:          112448 kB
Active:           360708 kB
Mem:          3.8G       3.7G       109M       5.7M        27M       3.3G

MemTotal:        4016004 kB
MemFree:          130320 kB
Active:           357396 kB
Mem:          3.8G       3.7G       126M       5.7M        27M       3.3G

MemTotal:        4016004 kB
MemFree:          133584 kB
Active:           357244 kB
Mem:          3.8G       3.7G       130M       5.7M        27M       3.3G

MemTotal:        4016004 kB
MemFree:          151116 kB
Active:           354948 kB
Mem:          3.8G       3.7G       147M       5.7M        27M       3.2G

MemTotal:        4016004 kB
MemFree:          145888 kB
Active:           354864 kB
Mem:          3.8G       3.7G       141M       5.7M        27M       3.2G

MemTotal:        4016004 kB
MemFree:          145236 kB
Active:           354948 kB
Mem:          3.8G       3.7G       141M       5.7M        27M       3.2G

MemTotal:        4016004 kB
MemFree:          145184 kB
Active:           354876 kB
Mem:          3.8G       3.7G       141M       5.7M        27M       3.2G

MemTotal:        4016004 kB
MemFree:          145300 kB
Active:           354988 kB
Mem:          3.8G       3.7G       142M       5.7M        27M       3.2G

MemTotal:        4016004 kB
MemFree:          143568 kB
Active:           354904 kB
Mem:          3.8G       3.7G       139M       5.7M        27M       3.2G

MemTotal:        4016004 kB
MemFree:          118932 kB
Active:           354904 kB
Mem:          3.8G       3.7G       116M       5.7M        27M       3.3G

MemTotal:        4016004 kB
MemFree:          118380 kB
Active:           354904 kB
Mem:          3.8G       3.7G       115M       5.7M        27M       3.3G

MemTotal:        4016004 kB
MemFree:          117332 kB
Active:           354924 kB
Mem:          3.8G       3.7G       114M       5.7M        27M       3.3G

MemTotal:        4016004 kB
MemFree:          117820 kB
Active:           354924 kB
Mem:          3.8G       3.7G       114M       5.7M        27M       3.3G

MemTotal:        4016004 kB
MemFree:          117292 kB
Active:           354976 kB
Mem:          3.8G       3.7G       114M       5.7M        27M       3.3G

MemTotal:        4016004 kB
MemFree:          128632 kB
Active:           355940 kB
Mem:          3.8G       3.7G       125M       5.7M        27M       3.3G

MemTotal:        4016004 kB
MemFree:          106636 kB
Active:           356352 kB
Mem:          3.8G       3.7G       104M       5.7M        27M       3.3G

MemTotal:        4016004 kB
MemFree:          140844 kB
Active:           353464 kB
Mem:          3.8G       3.7G       137M       5.7M        27M       3.2G

MemTotal:        4016004 kB
MemFree:          116840 kB
Active:           353300 kB
Mem:          3.8G       3.7G       113M       5.7M        27M       3.3G

MemTotal:        4016004 kB
MemFree:          148624 kB
Active:           353132 kB
Mem:          3.8G       3.7G       145M       5.7M        27M       3.2G

MemTotal:        4016004 kB
MemFree:          130952 kB
Active:           353200 kB
Mem:          3.8G       3.7G       127M       5.7M        27M       3.3G

MemTotal:        4016004 kB
MemFree:          107692 kB
Active:           353116 kB
Mem:          3.8G       3.7G       105M       5.7M        27M       3.3G

MemTotal:        4016004 kB
MemFree:          107196 kB
Active:           353184 kB
Mem:          3.8G       3.7G       104M       5.7M        27M       3.3G

MemTotal:        4016004 kB
MemFree:          106892 kB
Active:           353264 kB
Mem:          3.8G       3.7G       104M       5.7M        27M       3.3G

MemTotal:        4016004 kB
MemFree:          105588 kB
Active:           353212 kB
Mem:          3.8G       3.7G       102M       5.7M        27M       3.3G

MemTotal:        4016004 kB
MemFree:          127540 kB
Active:           353088 kB
Mem:          3.8G       3.7G       124M       5.7M        27M       3.3G

MemTotal:        4016004 kB
MemFree:          123732 kB
Active:           353172 kB
Mem:          3.8G       3.7G       120M       5.7M        27M       3.3G

MemTotal:        4016004 kB
MemFree:          119416 kB
Active:           350816 kB
Mem:          3.8G       3.7G       125M       5.7M        27M       3.3G

MemTotal:        4016004 kB
MemFree:          109896 kB
Active:           350892 kB
Mem:          3.8G       3.7G       107M       5.7M        27M       3.3G

MemTotal:        4016004 kB
MemFree:          105756 kB
Active:           350908 kB
Mem:          3.8G       3.7G       102M       5.7M        27M       3.3G

MemTotal:        4016004 kB
MemFree:          132368 kB
Active:           350768 kB
Mem:          3.8G       3.7G       129M       5.7M        27M       3.3G

MemTotal:        4016004 kB
MemFree:          137336 kB
Active:           350792 kB
Mem:          3.8G       3.7G       133M       5.7M        27M       3.2G

MemTotal:        4016004 kB
MemFree:          122116 kB
Active:           350800 kB
Mem:          3.8G       3.7G       119M       5.7M        27M       3.3G

MemTotal:        4016004 kB
MemFree:          130768 kB
Active:           350800 kB
Mem:          3.8G       3.7G       127M       5.7M        27M       3.3G

MemTotal:        4016004 kB
MemFree:          107388 kB
Active:           350804 kB
Mem:          3.8G       3.7G       104M       5.7M        27M       3.3G

MemTotal:        4016004 kB
MemFree:          103080 kB
Active:           350792 kB
Mem:          3.8G       3.7G       100M       5.7M        27M       3.3G

MemTotal:        4016004 kB
MemFree:          153304 kB
Active:           350268 kB
Mem:          3.8G       3.7G       149M       5.7M        27M       3.2G

MemTotal:        4016004 kB
MemFree:          152720 kB
Active:           350272 kB
Mem:          3.8G       3.7G       149M       5.7M        27M       3.2G

MemTotal:        4016004 kB
MemFree:          153160 kB
Active:           350220 kB
Mem:          3.8G       3.7G       149M       5.7M        27M       3.2G

MemTotal:        4016004 kB
MemFree:          114528 kB
Active:           350280 kB
Mem:          3.8G       3.7G       111M       5.7M        27M       3.3G

MemTotal:        4016004 kB
MemFree:          123308 kB
Active:           350280 kB
Mem:          3.8G       3.7G       120M       5.7M        27M       3.3G

MemTotal:        4016004 kB
MemFree:          128456 kB
Active:           350284 kB
Mem:          3.8G       3.7G       125M       5.7M        27M       3.3G

MemTotal:        4016004 kB
MemFree:          105612 kB
Active:           350296 kB
Mem:          3.8G       3.7G       103M       5.7M        27M       3.3G

MemTotal:        4016004 kB
MemFree:          138472 kB
Active:           350296 kB
Mem:          3.8G       3.7G       135M       5.7M        27M       3.2G

MemTotal:        4016004 kB
MemFree:          140356 kB
Active:           348696 kB
Mem:          3.8G       3.7G       137M       5.7M        27M       3.2G

MemTotal:        4016004 kB
MemFree:          128008 kB
Active:           348696 kB
Mem:          3.8G       3.7G       124M       5.7M        27M       3.3G

MemTotal:        4016004 kB
MemFree:          143640 kB
Active:           348700 kB
Mem:          3.8G       3.7G       140M       5.7M        27M       3.2G

MemTotal:        4016004 kB
MemFree:          143300 kB
Active:           348724 kB
Mem:          3.8G       3.7G       139M       5.7M        27M       3.2G

MemTotal:        4016004 kB
MemFree:          141804 kB
Active:           348736 kB
Mem:          3.8G       3.7G       138M       5.7M        27M       3.2G

MemTotal:        4016004 kB
MemFree:          141220 kB
Active:           348728 kB
Mem:          3.8G       3.7G       137M       5.7M        27M       3.2G

MemTotal:        4016004 kB
MemFree:          140392 kB
Active:           348684 kB
Mem:          3.8G       3.7G       136M       5.7M        27M       3.2G

MemTotal:        4016004 kB
MemFree:          109308 kB
Active:           348752 kB
Mem:          3.8G       3.7G       106M       5.7M        27M       3.3G

MemTotal:        4016004 kB
MemFree:          147136 kB
Active:           348752 kB
Mem:          3.8G       3.7G       143M       5.7M        27M       3.2G

MemTotal:        4016004 kB
MemFree:          114220 kB
Active:           348756 kB
Mem:          3.8G       3.7G       111M       5.7M        27M       3.3G

MemTotal:        4016004 kB
MemFree:          134232 kB
Active:           346768 kB
Mem:          3.8G       3.7G       130M       5.7M        27M       3.2G

MemTotal:        4016004 kB
MemFree:          128056 kB
Active:           346776 kB
Mem:          3.8G       3.7G       124M       5.7M        27M       3.3G

MemTotal:        4016004 kB
MemFree:          126836 kB
Active:           346776 kB
Mem:          3.8G       3.7G       123M       5.7M        27M       3.3G

MemTotal:        4016004 kB
MemFree:          105740 kB
Active:           346776 kB
Mem:          3.8G       3.7G       103M       5.7M        27M       3.3G

MemTotal:        4016004 kB
MemFree:          131460 kB
Active:           346776 kB
Mem:          3.8G       3.7G       128M       5.7M        27M       3.2G

MemTotal:        4016004 kB
MemFree:          131744 kB
Active:           346740 kB
Mem:          3.8G       3.7G       128M       5.7M        27M       3.2G

MemTotal:        4016004 kB
MemFree:          128988 kB
Active:           346792 kB
Mem:          3.8G       3.7G       125M       5.7M        27M       3.3G

MemTotal:        4016004 kB
MemFree:          128000 kB
Active:           346796 kB
Mem:          3.8G       3.7G       125M       5.7M        27M       3.3G

MemTotal:        4016004 kB
MemFree:          125832 kB
Active:           346796 kB
Mem:          3.8G       3.7G       122M       5.7M        27M       3.3G

MemTotal:        4016004 kB
MemFree:          124704 kB
Active:           346796 kB
Mem:          3.8G       3.7G       121M       5.7M        27M       3.3G

MemTotal:        4016004 kB
MemFree:          116572 kB
Active:           346808 kB
Mem:          3.8G       3.7G       113M       5.7M        27M       3.3G

MemTotal:        4016004 kB
MemFree:          115912 kB
Active:           346808 kB
Mem:          3.8G       3.7G       112M       5.7M        27M       3.3G

MemTotal:        4016004 kB
MemFree:          125660 kB
Active:           345484 kB
Mem:          3.8G       3.7G       122M       5.7M        27M       3.3G

MemTotal:        4016004 kB
MemFree:          126564 kB
Active:           345488 kB
Mem:          3.8G       3.7G       123M       5.7M        27M       3.3G

MemTotal:        4016004 kB
MemFree:          135416 kB
Active:           345488 kB
Mem:          3.8G       3.7G       131M       5.7M        27M       3.2G

MemTotal:        4016004 kB
MemFree:          115356 kB
Active:           345496 kB
Mem:          3.8G       3.7G       113M       5.7M        27M       3.3G

MemTotal:        4016004 kB
MemFree:          130808 kB
Active:           345496 kB
Mem:          3.8G       3.7G       127M       5.7M        27M       3.2G

MemTotal:        4016004 kB
MemFree:          107888 kB
Active:           345508 kB
Mem:          3.8G       3.7G       105M       5.7M        27M       3.3G

MemTotal:        4016004 kB
MemFree:          106292 kB
Active:           345520 kB
Mem:          3.8G       3.7G       103M       5.7M        27M       3.3G

MemTotal:        4016004 kB
MemFree:          105584 kB
Active:           345464 kB
Mem:          3.8G       3.7G       103M       5.7M        27M       3.3G

MemTotal:        4016004 kB
MemFree:          128248 kB
Active:           345520 kB
Mem:          3.8G       3.7G       124M       5.7M        27M       3.3G

MemTotal:        4016004 kB
MemFree:          127480 kB
Active:           345520 kB
Mem:          3.8G       3.7G       124M       5.7M        27M       3.3G

MemTotal:        4016004 kB
MemFree:          127580 kB
Active:           345528 kB
Mem:          3.8G       3.7G       124M       5.7M        27M       3.3G

MemTotal:        4016004 kB
MemFree:          133472 kB
Active:           345516 kB
Mem:          3.8G       3.7G       130M       5.7M        27M       3.2G

MemTotal:        4016004 kB
MemFree:          138584 kB
Active:           345532 kB
Mem:          3.8G       3.7G       135M       5.7M        27M       3.2G

MemTotal:        4016004 kB
MemFree:          137836 kB
Active:           345532 kB
Mem:          3.8G       3.7G       134M       5.7M        27M       3.2G

MemTotal:        4016004 kB
MemFree:          131144 kB
Active:           344992 kB
Mem:          3.8G       3.7G       127M       5.7M        27M       3.2G

MemTotal:        4016004 kB
MemFree:          122216 kB
Active:           344996 kB
Mem:          3.8G       3.7G       119M       5.7M        27M       3.3G

MemTotal:        4016004 kB
MemFree:          131828 kB
Active:           344996 kB
Mem:          3.8G       3.7G       128M       5.7M        27M       3.2G

MemTotal:        4016004 kB
MemFree:          105820 kB
Active:           344996 kB
Mem:          3.8G       3.7G       103M       5.7M        27M       3.3G

MemTotal:        4016004 kB
MemFree:          128852 kB
Active:           345012 kB
Mem:          3.8G       3.7G       125M       5.7M        27M       3.2G

MemTotal:        4016004 kB
MemFree:          127708 kB
Active:           345012 kB
Mem:          3.8G       3.7G       124M       5.7M        27M       3.2G

MemTotal:        4016004 kB
MemFree:          128704 kB
Active:           344988 kB
Mem:          3.8G       3.7G       125M       5.7M        27M       3.2G

MemTotal:        4016004 kB
MemFree:          120720 kB
Active:           345016 kB
Mem:          3.8G       3.7G       117M       5.7M        27M       3.3G

MemTotal:        4016004 kB
MemFree:          136956 kB
Active:           345016 kB
Mem:          3.8G       3.7G       133M       5.7M        27M       3.2G

MemTotal:        4016004 kB
MemFree:          126964 kB
Active:           344712 kB
Mem:          3.8G       3.7G       124M       5.7M        27M       3.3G

MemTotal:        4016004 kB
MemFree:          127088 kB
Active:           344712 kB
Mem:          3.8G       3.7G       123M       5.7M        27M       3.3G

MemTotal:        4016004 kB
MemFree:          127336 kB
Active:           344672 kB
Mem:          3.8G       3.7G       124M       5.7M        27M       3.3G

MemTotal:        4016004 kB
MemFree:          127460 kB
Active:           344692 kB
Mem:          3.8G       3.7G       124M       5.7M        27M       3.3G

MemTotal:        4016004 kB
MemFree:          127708 kB
Active:           344672 kB
Mem:          3.8G       3.7G       124M       5.7M        27M       3.3G

MemTotal:        4016004 kB
MemFree:          127832 kB
Active:           344672 kB
Mem:          3.8G       3.7G       124M       5.7M        27M       3.3G

MemTotal:        4016004 kB
MemFree:          127956 kB
Active:           344668 kB
Mem:          3.8G       3.7G       124M       5.7M        27M       3.3G

MemTotal:        4016004 kB
MemFree:          127956 kB
Active:           344672 kB
Mem:          3.8G       3.7G       124M       5.7M        27M       3.3G

MemTotal:        4016004 kB
MemFree:          127956 kB
Active:           344688 kB
Mem:          3.8G       3.7G       124M       5.7M        27M       3.3G

MemTotal:        4016004 kB
MemFree:          127956 kB
Active:           344708 kB
Mem:          3.8G       3.7G       124M       5.7M        27M       3.3G

MemTotal:        4016004 kB
MemFree:          127956 kB
Active:           344716 kB
Mem:          3.8G       3.7G       124M       5.7M        27M       3.3G

MemTotal:        4016004 kB
MemFree:          128080 kB
Active:           344680 kB
Mem:          3.8G       3.7G       124M       5.7M        27M       3.3G

MemTotal:        4016004 kB
MemFree:          127956 kB
Active:           344672 kB
Mem:          3.8G       3.7G       124M       5.7M        27M       3.3G

MemTotal:        4016004 kB
MemFree:          127956 kB
Active:           344720 kB
Mem:          3.8G       3.7G       124M       5.7M        27M       3.3G

MemTotal:        4016004 kB
MemFree:          127832 kB
Active:           344700 kB
Mem:          3.8G       3.7G       124M       5.7M        27M       3.3G

MemTotal:        4016004 kB
MemFree:          127460 kB
Active:           344744 kB
Mem:          3.8G       3.7G       124M       5.7M        27M       3.3G

MemTotal:        4016004 kB
MemFree:          127336 kB
Active:           344744 kB
Mem:          3.8G       3.7G       124M       5.7M        27M       3.3G

MemTotal:        4016004 kB
MemFree:          127708 kB
Active:           344700 kB
Mem:          3.8G       3.7G       124M       5.7M        27M       3.3G

MemTotal:        4016004 kB
MemFree:          127832 kB
Active:           344748 kB
Mem:          3.8G       3.7G       124M       5.7M        27M       3.3G

MemTotal:        4016004 kB
MemFree:          127336 kB
Active:           344756 kB
Mem:          3.8G       3.7G       124M       5.7M        27M       3.3G

MemTotal:        4016004 kB
MemFree:          127584 kB
Active:           344716 kB
Mem:          3.8G       3.7G       124M       5.7M        27M       3.3G

MemTotal:        4016004 kB
MemFree:          127832 kB
Active:           344740 kB
Mem:          3.8G       3.7G       124M       5.7M        27M       3.3G

MemTotal:        4016004 kB
MemFree:          127336 kB
Active:           344764 kB
Mem:          3.8G       3.7G       124M       5.7M        27M       3.3G

MemTotal:        4016004 kB
MemFree:          127336 kB
Active:           344764 kB
Mem:          3.8G       3.7G       124M       5.7M        27M       3.3G

MemTotal:        4016004 kB
MemFree:          127336 kB
Active:           344764 kB
Mem:          3.8G       3.7G       124M       5.7M        27M       3.3G

MemTotal:        4016004 kB
MemFree:          127584 kB
Active:           344720 kB
Mem:          3.8G       3.7G       124M       5.7M        27M       3.3G

MemTotal:        4016004 kB
MemFree:          127484 kB
Active:           344748 kB
Mem:          3.8G       3.7G       124M       5.7M        27M       3.3G

MemTotal:        4016004 kB
MemFree:          126960 kB
Active:           344772 kB
Mem:          3.8G       3.7G       123M       5.7M        27M       3.3G

MemTotal:        4016004 kB
MemFree:          127460 kB
Active:           344748 kB
Mem:          3.8G       3.7G       124M       5.7M        27M       3.3G

MemTotal:        4016004 kB
MemFree:          127336 kB
Active:           344716 kB
Mem:          3.8G       3.7G       124M       5.7M        27M       3.3G

MemTotal:        4016004 kB
MemFree:          127212 kB
Active:           344776 kB
Mem:          3.8G       3.7G       124M       5.7M        27M       3.3G

MemTotal:        4016004 kB
MemFree:          127460 kB
Active:           344768 kB
Mem:          3.8G       3.7G       124M       5.7M        27M       3.3G

MemTotal:        4016004 kB
MemFree:          127336 kB
Active:           344740 kB
Mem:          3.8G       3.7G       124M       5.7M        27M       3.3G

MemTotal:        4016004 kB
MemFree:          127088 kB
Active:           344796 kB
Mem:          3.8G       3.7G       124M       5.7M        27M       3.3G

MemTotal:        4016004 kB
MemFree:          126964 kB
Active:           344796 kB
Mem:          3.8G       3.7G       124M       5.7M        27M       3.3G

MemTotal:        4016004 kB
MemFree:          127460 kB
Active:           344768 kB
Mem:          3.8G       3.7G       124M       5.7M        27M       3.3G

MemTotal:        4016004 kB
MemFree:          127584 kB
Active:           344768 kB
Mem:          3.8G       3.7G       124M       5.7M        27M       3.3G

MemTotal:        4016004 kB
MemFree:          127584 kB
Active:           344776 kB
Mem:          3.8G       3.7G       124M       5.7M        27M       3.3G

MemTotal:        4016004 kB
MemFree:          127584 kB
Active:           344776 kB
Mem:          3.8G       3.7G       124M       5.7M        27M       3.3G

MemTotal:        4016004 kB
MemFree:          127708 kB
Active:           344788 kB
Mem:          3.8G       3.7G       124M       5.7M        27M       3.3G

MemTotal:        4016004 kB
MemFree:          127336 kB
Active:           344804 kB
Mem:          3.8G       3.7G       124M       5.7M        27M       3.3G

MemTotal:        4016004 kB
MemFree:          127584 kB
Active:           344756 kB
Mem:          3.8G       3.7G       124M       5.7M        27M       3.3G

MemTotal:        4016004 kB
MemFree:          127460 kB
Active:           344784 kB
Mem:          3.8G       3.7G       124M       5.7M        27M       3.3G

MemTotal:        4016004 kB
MemFree:          127212 kB
Active:           344812 kB
Mem:          3.8G       3.7G       124M       5.7M        27M       3.3G

MemTotal:        4016004 kB
MemFree:          127212 kB
Active:           344756 kB
Mem:          3.8G       3.7G       124M       5.7M        27M       3.3G

MemTotal:        4016004 kB
MemFree:          127088 kB
Active:           344808 kB
Mem:          3.8G       3.7G       124M       5.7M        27M       3.3G

MemTotal:        4016004 kB
MemFree:          126964 kB
Active:           344820 kB
Mem:          3.8G       3.7G       123M       5.7M        27M       3.3G

MemTotal:        4016004 kB
MemFree:          126840 kB
Active:           344836 kB
Mem:          3.8G       3.7G       123M       5.7M        27M       3.3G

MemTotal:        4016004 kB
MemFree:          127212 kB
Active:           344792 kB
Mem:          3.8G       3.7G       124M       5.7M        27M       3.3G

MemTotal:        4016004 kB
MemFree:          127212 kB
Active:           344820 kB
Mem:          3.8G       3.7G       123M       5.7M        27M       3.3G

MemTotal:        4016004 kB
MemFree:          126716 kB
Active:           344836 kB
Mem:          3.8G       3.7G       123M       5.7M        27M       3.3G

MemTotal:        4016004 kB
MemFree:          127212 kB
Active:           344800 kB
Mem:          3.8G       3.7G       124M       5.7M        27M       3.3G

MemTotal:        4016004 kB
MemFree:          127212 kB
Active:           344816 kB
Mem:          3.8G       3.7G       124M       5.7M        27M       3.3G

MemTotal:        4016004 kB
MemFree:          127460 kB
Active:           344800 kB
Mem:          3.8G       3.7G       124M       5.7M        27M       3.3G

MemTotal:        4016004 kB
MemFree:          127336 kB
Active:           344844 kB
Mem:          3.8G       3.7G       124M       5.7M        27M       3.3G

MemTotal:        4016004 kB
MemFree:          127584 kB
Active:           344804 kB
Mem:          3.8G       3.7G       124M       5.7M        27M       3.3G

MemTotal:        4016004 kB
MemFree:          127460 kB
Active:           344836 kB
Mem:          3.8G       3.7G       124M       5.7M        27M       3.3G

MemTotal:        4016004 kB
MemFree:          127212 kB
Active:           344844 kB
Mem:          3.8G       3.7G       124M       5.7M        27M       3.3G

MemTotal:        4016004 kB
MemFree:          127584 kB
Active:           344792 kB
Mem:          3.8G       3.7G       124M       5.7M        27M       3.3G

MemTotal:        4016004 kB
MemFree:          127584 kB
Active:           344820 kB
Mem:          3.8G       3.7G       124M       5.7M        27M       3.3G

MemTotal:        4016004 kB
MemFree:          127584 kB
Active:           344828 kB
Mem:          3.8G       3.7G       124M       5.7M        27M       3.3G

MemTotal:        4016004 kB
MemFree:          127212 kB
Active:           344848 kB
Mem:          3.8G       3.7G       124M       5.7M        27M       3.3G

MemTotal:        4016004 kB
MemFree:          127336 kB
Active:           344804 kB
Mem:          3.8G       3.7G       124M       5.7M        27M       3.3G

MemTotal:        4016004 kB
MemFree:          127460 kB
Active:           344828 kB
Mem:          3.8G       3.7G       124M       5.7M        27M       3.3G

MemTotal:        4016004 kB
MemFree:          127708 kB
Active:           344824 kB
Mem:          3.8G       3.7G       124M       5.7M        27M       3.3G

MemTotal:        4016004 kB
MemFree:          127708 kB
Active:           344800 kB
Mem:          3.8G       3.7G       124M       5.7M        27M       3.3G

MemTotal:        4016004 kB
MemFree:          127708 kB
Active:           344812 kB
Mem:          3.8G       3.7G       124M       5.7M        27M       3.3G

MemTotal:        4016004 kB
MemFree:          127212 kB
Active:           344864 kB
Mem:          3.8G       3.7G       124M       5.7M        27M       3.3G

MemTotal:        4016004 kB
MemFree:          127212 kB
Active:           344864 kB
Mem:          3.8G       3.7G       124M       5.7M        27M       3.3G

MemTotal:        4016004 kB
MemFree:          127336 kB
Active:           344864 kB
Mem:          3.8G       3.7G       124M       5.7M        27M       3.3G

MemTotal:        4016004 kB
MemFree:          127336 kB
Active:           344840 kB
Mem:          3.8G       3.7G       124M       5.7M        27M       3.3G

MemTotal:        4016004 kB
MemFree:          127336 kB
Active:           344816 kB
Mem:          3.8G       3.7G       124M       5.7M        27M       3.3G

MemTotal:        4016004 kB
MemFree:          127220 kB
Active:           344864 kB
Mem:          3.8G       3.7G       124M       5.7M        27M       3.3G

MemTotal:        4016004 kB
MemFree:          127592 kB
Active:           344820 kB
Mem:          3.8G       3.7G       124M       5.7M        27M       3.3G

MemTotal:        4016004 kB
MemFree:          127592 kB
Active:           344844 kB
Mem:          3.8G       3.7G       124M       5.7M        27M       3.3G

MemTotal:        4016004 kB
MemFree:          127592 kB
Active:           344860 kB
Mem:          3.8G       3.7G       124M       5.7M        27M       3.3G

MemTotal:        4016004 kB
MemFree:          127592 kB
Active:           344832 kB
Mem:          3.8G       3.7G       124M       5.7M        27M       3.3G

MemTotal:        4016004 kB
MemFree:          127592 kB
Active:           344840 kB
Mem:          3.8G       3.7G       124M       5.7M        27M       3.3G

MemTotal:        4016004 kB
MemFree:          127840 kB
Active:           344860 kB
Mem:          3.8G       3.7G       124M       5.7M        27M       3.3G

MemTotal:        4016004 kB
MemFree:          127592 kB
Active:           344820 kB
Mem:          3.8G       3.7G       124M       5.7M        27M       3.3G

MemTotal:        4016004 kB
MemFree:          127468 kB
Active:           344840 kB
Mem:          3.8G       3.7G       124M       5.7M        27M       3.3G

MemTotal:        4016004 kB
MemFree:          127592 kB
Active:           344852 kB
Mem:          3.8G       3.7G       124M       5.7M        27M       3.3G

MemTotal:        4016004 kB
MemFree:          127096 kB
Active:           344876 kB
Mem:          3.8G       3.7G       124M       5.7M        27M       3.3G

MemTotal:        4016004 kB
MemFree:          127468 kB
Active:           344840 kB
Mem:          3.8G       3.7G       124M       5.7M        27M       3.3G

MemTotal:        4016004 kB
MemFree:          127468 kB
Active:           344872 kB
Mem:          3.8G       3.7G       124M       5.7M        27M       3.3G

MemTotal:        4016004 kB
MemFree:          127096 kB
Active:           344876 kB
Mem:          3.8G       3.7G       124M       5.7M        27M       3.3G

MemTotal:        4016004 kB
MemFree:          127344 kB
Active:           344832 kB
Mem:          3.8G       3.7G       124M       5.7M        27M       3.3G

MemTotal:        4016004 kB
MemFree:          127592 kB
Active:           344872 kB
Mem:          3.8G       3.7G       124M       5.7M        27M       3.3G

MemTotal:        4016004 kB
MemFree:          127468 kB
Active:           344848 kB
Mem:          3.8G       3.7G       124M       5.7M        27M       3.3G

MemTotal:        4016004 kB
MemFree:          127468 kB
Active:           344856 kB
Mem:          3.8G       3.7G       124M       5.7M        27M       3.3G

MemTotal:        4016004 kB
MemFree:          127592 kB
Active:           344880 kB
Mem:          3.8G       3.7G       124M       5.7M        27M       3.3G

MemTotal:        4016004 kB
MemFree:          127468 kB
Active:           344860 kB
Mem:          3.8G       3.7G       124M       5.7M        27M       3.3G

MemTotal:        4016004 kB
MemFree:          127096 kB
Active:           344888 kB
Mem:          3.8G       3.7G       124M       5.7M        27M       3.3G

MemTotal:        4016004 kB
MemFree:          127468 kB
Active:           344888 kB
Mem:          3.8G       3.7G       124M       5.7M        27M       3.3G

MemTotal:        4016004 kB
MemFree:          127468 kB
Active:           344848 kB
Mem:          3.8G       3.7G       124M       5.7M        27M       3.3G

MemTotal:        4016004 kB
MemFree:          127344 kB
Active:           344868 kB
Mem:          3.8G       3.7G       124M       5.7M        27M       3.3G

MemTotal:        4016004 kB
MemFree:          127468 kB
Active:           344884 kB
Mem:          3.8G       3.7G       124M       5.7M        27M       3.3G

MemTotal:        4016004 kB
MemFree:          127468 kB
Active:           344900 kB
Mem:          3.8G       3.7G       124M       5.7M        27M       3.3G

MemTotal:        4016004 kB
MemFree:          127468 kB
Active:           344856 kB
Mem:          3.8G       3.7G       124M       5.7M        27M       3.3G

MemTotal:        4016004 kB
MemFree:          127096 kB
Active:           344908 kB
Mem:          3.8G       3.7G       124M       5.7M        27M       3.3G

MemTotal:        4016004 kB
MemFree:          127592 kB
Active:           344864 kB
Mem:          3.8G       3.7G       124M       5.7M        27M       3.3G

MemTotal:        4016004 kB
MemFree:          127468 kB
Active:           344880 kB
Mem:          3.8G       3.7G       124M       5.7M        27M       3.3G

MemTotal:        4016004 kB
MemFree:          127344 kB
Active:           344912 kB
Mem:          3.8G       3.7G       124M       5.7M        27M       3.3G

MemTotal:        4016004 kB
MemFree:          126848 kB
Active:           344924 kB
Mem:          3.8G       3.7G       123M       5.7M        27M       3.3G

MemTotal:        4016004 kB
MemFree:          126848 kB
Active:           344924 kB
Mem:          3.8G       3.7G       124M       5.7M        27M       3.3G

MemTotal:        4016004 kB
MemFree:          127344 kB
Active:           344868 kB
Mem:          3.8G       3.7G       124M       5.7M        27M       3.3G

MemTotal:        4016004 kB
MemFree:          127716 kB
Active:           344892 kB
Mem:          3.8G       3.7G       124M       5.7M        27M       3.3G

MemTotal:        4016004 kB
MemFree:          127592 kB
Active:           344892 kB
Mem:          3.8G       3.7G       124M       5.7M        27M       3.3G

MemTotal:        4016004 kB
MemFree:          127716 kB
Active:           344900 kB
Mem:          3.8G       3.7G       124M       5.7M        27M       3.3G

MemTotal:        4016004 kB
MemFree:          127096 kB
Active:           344936 kB
Mem:          3.8G       3.7G       124M       5.7M        27M       3.3G

MemTotal:        4016004 kB
MemFree:          127592 kB
Active:           344924 kB
Mem:          3.8G       3.7G       124M       5.7M        27M       3.3G

MemTotal:        4016004 kB
MemFree:          127716 kB
Active:           344932 kB
Mem:          3.8G       3.7G       124M       5.7M        27M       3.3G

MemTotal:        4016004 kB
MemFree:          127344 kB
Active:           344936 kB
Mem:          3.8G       3.7G       124M       5.7M        27M       3.3G

MemTotal:        4016004 kB
MemFree:          127592 kB
Active:           344932 kB
Mem:          3.8G       3.7G       124M       5.7M        27M       3.3G

MemTotal:        4016004 kB
MemFree:          127592 kB
Active:           344896 kB
Mem:          3.8G       3.7G       124M       5.7M        27M       3.3G

MemTotal:        4016004 kB
MemFree:          127592 kB
Active:           344888 kB
Mem:          3.8G       3.7G       124M       5.7M        27M       3.3G

MemTotal:        4016004 kB
MemFree:          127220 kB
Active:           344944 kB
Mem:          3.8G       3.7G       124M       5.7M        27M       3.3G

MemTotal:        4016004 kB
MemFree:          127096 kB
Active:           344944 kB
Mem:          3.8G       3.7G       124M       5.7M        27M       3.3G

MemTotal:        4016004 kB
MemFree:          127468 kB
Active:           344892 kB
Mem:          3.8G       3.7G       124M       5.7M        27M       3.3G

MemTotal:        4016004 kB
MemFree:          127468 kB
Active:           344904 kB
Mem:          3.8G       3.7G       124M       5.7M        27M       3.3G

MemTotal:        4016004 kB
MemFree:          126972 kB
Active:           344944 kB
Mem:          3.8G       3.7G       123M       5.7M        27M       3.3G

MemTotal:        4016004 kB
MemFree:          127344 kB
Active:           344904 kB
Mem:          3.8G       3.7G       124M       5.7M        27M       3.3G

MemTotal:        4016004 kB
MemFree:          127468 kB
Active:           344928 kB
Mem:          3.8G       3.7G       124M       5.7M        27M       3.3G

MemTotal:        4016004 kB
MemFree:          127716 kB
Active:           344912 kB
Mem:          3.8G       3.7G       124M       5.7M        27M       3.3G

MemTotal:        4016004 kB
MemFree:          127344 kB
Active:           344952 kB
Mem:          3.8G       3.7G       124M       5.7M        27M       3.3G

MemTotal:        4016004 kB
MemFree:          127840 kB
Active:           344920 kB
Mem:          3.8G       3.7G       124M       5.7M        27M       3.3G

MemTotal:        4016004 kB
MemFree:          127344 kB
Active:           344952 kB
Mem:          3.8G       3.7G       124M       5.7M        27M       3.3G

MemTotal:        4016004 kB
MemFree:          127840 kB
Active:           344920 kB
Mem:          3.8G       3.7G       124M       5.7M        27M       3.3G

MemTotal:        4016004 kB
MemFree:          127716 kB
Active:           344924 kB
Mem:          3.8G       3.7G       124M       5.7M        27M       3.3G

MemTotal:        4016004 kB
MemFree:          127840 kB
Active:           344948 kB
Mem:          3.8G       3.7G       124M       5.7M        27M       3.3G

MemTotal:        4016004 kB
MemFree:          127220 kB
Active:           344972 kB
Mem:          3.8G       3.7G       124M       5.7M        27M       3.3G

MemTotal:        4016004 kB
MemFree:          127468 kB
Active:           344940 kB
Mem:          3.8G       3.7G       124M       5.7M        27M       3.3G

MemTotal:        4016004 kB
MemFree:          127468 kB
Active:           344968 kB
Mem:          3.8G       3.7G       124M       5.7M        27M       3.3G

MemTotal:        4016004 kB
MemFree:          127096 kB
Active:           344972 kB
Mem:          3.8G       3.7G       124M       5.7M        27M       3.3G

MemTotal:        4016004 kB
MemFree:          127344 kB
Active:           344936 kB
Mem:          3.8G       3.7G       124M       5.7M        27M       3.3G

MemTotal:        4016004 kB
MemFree:          127344 kB
Active:           344928 kB
Mem:          3.8G       3.7G       124M       5.7M        27M       3.3G

MemTotal:        4016004 kB
MemFree:          127468 kB
Active:           344976 kB
Mem:          3.8G       3.7G       124M       5.7M        27M       3.3G

MemTotal:        4016004 kB
MemFree:          126724 kB
Active:           344984 kB
Mem:          3.8G       3.7G       123M       5.7M        27M       3.3G

MemTotal:        4016004 kB
MemFree:          126972 kB
Active:           344972 kB
Mem:          3.8G       3.7G       123M       5.7M        27M       3.3G

MemTotal:        4016004 kB
MemFree:          126848 kB
Active:           344964 kB
Mem:          3.8G       3.7G       123M       5.7M        27M       3.3G

MemTotal:        4016004 kB
MemFree:          127344 kB
Active:           344984 kB
Mem:          3.8G       3.7G       124M       5.7M        27M       3.3G

MemTotal:        4016004 kB
MemFree:          127096 kB
Active:           344984 kB
Mem:          3.8G       3.7G       124M       5.7M        27M       3.3G

MemTotal:        4016004 kB
MemFree:          127344 kB
Active:           344992 kB
Mem:          3.8G       3.7G       124M       5.7M        27M       3.3G

MemTotal:        4016004 kB
MemFree:          127344 kB
Active:           344964 kB
Mem:          3.8G       3.7G       124M       5.7M        27M       3.3G

MemTotal:        4016004 kB
MemFree:          127468 kB
Active:           344984 kB
Mem:          3.8G       3.7G       124M       5.7M        27M       3.3G

MemTotal:        4016004 kB
MemFree:          127468 kB
Active:           344956 kB
Mem:          3.8G       3.7G       124M       5.7M        27M       3.3G

MemTotal:        4016004 kB
MemFree:          127468 kB
Active:           344948 kB
Mem:          3.8G       3.7G       124M       5.7M        27M       3.3G

MemTotal:        4016004 kB
MemFree:          127220 kB
Active:           344980 kB
Mem:          3.8G       3.7G       124M       5.7M        27M       3.3G

MemTotal:        4016004 kB
MemFree:          127220 kB
Active:           344968 kB
Mem:          3.8G       3.7G       124M       5.7M        27M       3.3G

MemTotal:        4016004 kB
MemFree:          127220 kB
Active:           344988 kB
Mem:          3.8G       3.7G       124M       5.7M        27M       3.3G

MemTotal:        4016004 kB
MemFree:          127468 kB
Active:           344960 kB
Mem:          3.8G       3.7G       124M       5.7M        27M       3.3G

MemTotal:        4016004 kB
MemFree:          126972 kB
Active:           345016 kB
Mem:          3.8G       3.7G       123M       5.7M        27M       3.3G

MemTotal:        4016004 kB
MemFree:          126848 kB
Active:           345016 kB
Mem:          3.8G       3.7G       124M       5.7M        27M       3.3G

MemTotal:        4016004 kB
MemFree:          127344 kB
Active:           344972 kB
Mem:          3.8G       3.7G       124M       5.7M        27M       3.3G

MemTotal:        4016004 kB
MemFree:          127344 kB
Active:           344964 kB
Mem:          3.8G       3.7G       123M       5.7M        27M       3.3G

MemTotal:        4016004 kB
MemFree:          126600 kB
Active:           345020 kB
Mem:          3.8G       3.7G       123M       5.7M        27M       3.3G

MemTotal:        4016004 kB
MemFree:          126848 kB
Active:           344976 kB
Mem:          3.8G       3.7G       123M       5.7M        27M       3.3G

MemTotal:        4016004 kB
MemFree:          127344 kB
Active:           344992 kB
Mem:          3.8G       3.7G       124M       5.7M        27M       3.3G

MemTotal:        4016004 kB
MemFree:          127220 kB
Active:           345008 kB
Mem:          3.8G       3.7G       124M       5.7M        27M       3.3G

MemTotal:        4016004 kB
MemFree:          126972 kB
Active:           345032 kB
Mem:          3.8G       3.7G       124M       5.7M        27M       3.3G

MemTotal:        4016004 kB
MemFree:          127468 kB
Active:           345008 kB
Mem:          3.8G       3.7G       124M       5.7M        27M       3.3G

MemTotal:        4016004 kB
MemFree:          127468 kB
Active:           345032 kB
Mem:          3.8G       3.7G       124M       5.7M        27M       3.3G

MemTotal:        4016004 kB
MemFree:          127592 kB
Active:           345004 kB
Mem:          3.8G       3.7G       124M       5.7M        27M       3.3G

MemTotal:        4016004 kB
MemFree:          127592 kB
Active:           344984 kB
Mem:          3.8G       3.7G       124M       5.7M        27M       3.3G

MemTotal:        4016004 kB
MemFree:          127592 kB
Active:           344996 kB
Mem:          3.8G       3.7G       124M       5.7M        27M       3.3G

MemTotal:        4016004 kB
MemFree:          127220 kB
Active:           345044 kB
Mem:          3.8G       3.7G       124M       5.7M        27M       3.3G

MemTotal:        4016004 kB
MemFree:          127344 kB
Active:           345024 kB
Mem:          3.8G       3.7G       124M       5.7M        28M       3.3G

MemTotal:        4016004 kB
MemFree:          127468 kB
Active:           345040 kB
Mem:          3.8G       3.7G       124M       5.7M        28M       3.3G

MemTotal:        4016004 kB
MemFree:          127468 kB
Active:           345008 kB
Mem:          3.8G       3.7G       124M       5.7M        28M       3.3G

MemTotal:        4016004 kB
MemFree:          127344 kB
Active:           345028 kB
Mem:          3.8G       3.7G       124M       5.7M        28M       3.3G

MemTotal:        4016004 kB
MemFree:          127344 kB
Active:           345012 kB
Mem:          3.8G       3.7G       124M       5.7M        28M       3.3G

MemTotal:        4016004 kB
MemFree:          127468 kB
Active:           345048 kB
Mem:          3.8G       3.7G       124M       5.7M        28M       3.3G

MemTotal:        4016004 kB
MemFree:          127220 kB
Active:           345060 kB
Mem:          3.8G       3.7G       124M       5.7M        28M       3.3G

MemTotal:        4016004 kB
MemFree:          127220 kB
Active:           345060 kB
Mem:          3.8G       3.7G       124M       5.7M        28M       3.3G

MemTotal:        4016004 kB
MemFree:          126848 kB
Active:           345060 kB
Mem:          3.8G       3.7G       124M       5.7M        28M       3.3G

MemTotal:        4016004 kB
MemFree:          126972 kB
Active:           345028 kB
Mem:          3.8G       3.7G       123M       5.7M        28M       3.3G

MemTotal:        4016004 kB
MemFree:          127096 kB
Active:           345036 kB
Mem:          3.8G       3.7G       123M       5.7M        28M       3.3G

MemTotal:        4016004 kB
MemFree:          126724 kB
Active:           345008 kB
Mem:          3.8G       3.7G       123M       5.7M        28M       3.3G

MemTotal:        4016004 kB
MemFree:          126724 kB
Active:           345044 kB
Mem:          3.8G       3.7G       123M       5.7M        28M       3.3G

MemTotal:        4016004 kB
MemFree:          126848 kB
Active:           345032 kB
Mem:          3.8G       3.7G       123M       5.7M        28M       3.3G

MemTotal:        4016004 kB
MemFree:          127152 kB
Active:           345172 kB
Mem:          3.8G       3.7G       123M       5.7M        28M       3.3G

