MemTotal:        4016004 kB
MemFree:         3204320 kB
Active:           454368 kB
Mem:          3.8G       792M       3.1G       5.7M        62M       327M

MemTotal:        4016004 kB
MemFree:         3204800 kB
Active:           454040 kB
Mem:          3.8G       792M       3.1G       5.7M        62M       327M

MemTotal:        4016004 kB
MemFree:         3205156 kB
Active:           454172 kB
Mem:          3.8G       791M       3.1G       5.7M        62M       327M

MemTotal:        4016004 kB
MemFree:         3205404 kB
Active:           454172 kB
Mem:          3.8G       791M       3.1G       5.7M        62M       327M

MemTotal:        4016004 kB
MemFree:         3205388 kB
Active:           454156 kB
Mem:          3.8G       791M       3.1G       5.7M        62M       327M

MemTotal:        4016004 kB
MemFree:         3205372 kB
Active:           454160 kB
Mem:          3.8G       791M       3.1G       5.7M        62M       327M

MemTotal:        4016004 kB
MemFree:         3205356 kB
Active:           454140 kB
Mem:          3.8G       791M       3.1G       5.7M        62M       327M

MemTotal:        4016004 kB
MemFree:         3203340 kB
Active:           454108 kB
Mem:          3.8G       793M       3.1G       5.7M        62M       327M

MemTotal:        4016004 kB
MemFree:         3202720 kB
Active:           454164 kB
Mem:          3.8G       794M       3.1G       5.7M        62M       327M

MemTotal:        4016004 kB
MemFree:         3203200 kB
Active:           456192 kB
Mem:          3.8G       793M       3.1G       5.7M        62M       327M

MemTotal:        4016004 kB
MemFree:         3203200 kB
Active:           456192 kB
Mem:          3.8G       793M       3.1G       5.7M        62M       327M

MemTotal:        4016004 kB
MemFree:         3203324 kB
Active:           456204 kB
Mem:          3.8G       793M       3.1G       5.7M        62M       327M

MemTotal:        4016004 kB
MemFree:         3202952 kB
Active:           456212 kB
Mem:          3.8G       793M       3.1G       5.7M        62M       327M

MemTotal:        4016004 kB
MemFree:         3203448 kB
Active:           456196 kB
Mem:          3.8G       793M       3.1G       5.7M        62M       327M

MemTotal:        4016004 kB
MemFree:         3203108 kB
Active:           456216 kB
Mem:          3.8G       793M       3.1G       5.7M        62M       327M

MemTotal:        4016004 kB
MemFree:         3203480 kB
Active:           456188 kB
Mem:          3.8G       793M       3.1G       5.7M        62M       327M

MemTotal:        4016004 kB
MemFree:         3203356 kB
Active:           456172 kB
Mem:          3.8G       793M       3.1G       5.7M        62M       327M

MemTotal:        4016004 kB
MemFree:         3202592 kB
Active:           454168 kB
Mem:          3.8G       794M       3.1G       5.7M        62M       327M

MemTotal:        4016004 kB
MemFree:         3203120 kB
Active:           456196 kB
Mem:          3.8G       793M       3.1G       5.7M        62M       327M

MemTotal:        4016004 kB
MemFree:         3202872 kB
Active:           456188 kB
Mem:          3.8G       794M       3.1G       5.7M        62M       327M

MemTotal:        4016004 kB
MemFree:         3203120 kB
Active:           456176 kB
Mem:          3.8G       793M       3.1G       5.7M        62M       327M

MemTotal:        4016004 kB
MemFree:         3203120 kB
Active:           456216 kB
Mem:          3.8G       793M       3.1G       5.7M        62M       327M

MemTotal:        4016004 kB
MemFree:         3202624 kB
Active:           456224 kB
Mem:          3.8G       794M       3.1G       5.7M        62M       327M

MemTotal:        4016004 kB
MemFree:         3202996 kB
Active:           456220 kB
Mem:          3.8G       793M       3.1G       5.7M        62M       327M

MemTotal:        4016004 kB
MemFree:         3203616 kB
Active:           456212 kB
Mem:          3.8G       793M       3.1G       5.7M        62M       327M

MemTotal:        4016004 kB
MemFree:         3203476 kB
Active:           456196 kB
Mem:          3.8G       793M       3.1G       5.7M        62M       327M

MemTotal:        4016004 kB
MemFree:         3203972 kB
Active:           456192 kB
Mem:          3.8G       793M       3.1G       5.7M        62M       327M

MemTotal:        4016004 kB
MemFree:         3203084 kB
Active:           456272 kB
Mem:          3.8G       793M       3.1G       5.7M        62M       327M

MemTotal:        4016004 kB
MemFree:         3203252 kB
Active:           456180 kB
Mem:          3.8G       793M       3.1G       5.7M        62M       327M

MemTotal:        4016004 kB
MemFree:         3202988 kB
Active:           456212 kB
Mem:          3.8G       794M       3.1G       5.7M        62M       327M

MemTotal:        4016004 kB
MemFree:         3202848 kB
Active:           456200 kB
Mem:          3.8G       794M       3.1G       5.7M        62M       327M

MemTotal:        4016004 kB
MemFree:         3202972 kB
Active:           456188 kB
Mem:          3.8G       793M       3.1G       5.7M        62M       327M

MemTotal:        4016004 kB
MemFree:         3202848 kB
Active:           456204 kB
Mem:          3.8G       793M       3.1G       5.7M        62M       327M

MemTotal:        4016004 kB
MemFree:         3202956 kB
Active:           456196 kB
Mem:          3.8G       793M       3.1G       5.7M        62M       327M

MemTotal:        4016004 kB
MemFree:         3203312 kB
Active:           456200 kB
Mem:          3.8G       793M       3.1G       5.7M        62M       327M

MemTotal:        4016004 kB
MemFree:         3203188 kB
Active:           456244 kB
Mem:          3.8G       793M       3.1G       5.7M        62M       327M

MemTotal:        4016004 kB
MemFree:         3202800 kB
Active:           456260 kB
Mem:          3.8G       793M       3.1G       5.7M        62M       327M

MemTotal:        4016004 kB
MemFree:         3203156 kB
Active:           456240 kB
Mem:          3.8G       793M       3.1G       5.7M        62M       327M

MemTotal:        4016004 kB
MemFree:         3203404 kB
Active:           456260 kB
Mem:          3.8G       793M       3.1G       5.7M        62M       327M

MemTotal:        4016004 kB
MemFree:         3203140 kB
Active:           456260 kB
Mem:          3.8G       793M       3.1G       5.7M        62M       327M

MemTotal:        4016004 kB
MemFree:         3203404 kB
Active:           456228 kB
Mem:          3.8G       793M       3.1G       5.7M        62M       327M

MemTotal:        4016004 kB
MemFree:         3203032 kB
Active:           456272 kB
Mem:          3.8G       793M       3.1G       5.7M        62M       327M

MemTotal:        4016004 kB
MemFree:         3202784 kB
Active:           456280 kB
Mem:          3.8G       793M       3.1G       5.7M        62M       327M

MemTotal:        4016004 kB
MemFree:         3203280 kB
Active:           456272 kB
Mem:          3.8G       793M       3.1G       5.7M        62M       327M

MemTotal:        4016004 kB
MemFree:         3203156 kB
Active:           456240 kB
Mem:          3.8G       793M       3.1G       5.7M        62M       327M

MemTotal:        4016004 kB
MemFree:         3203280 kB
Active:           456276 kB
Mem:          3.8G       793M       3.1G       5.7M        62M       327M

MemTotal:        4016004 kB
MemFree:         3203280 kB
Active:           456260 kB
Mem:          3.8G       793M       3.1G       5.7M        62M       327M

MemTotal:        4016004 kB
MemFree:         3203404 kB
Active:           456240 kB
Mem:          3.8G       793M       3.1G       5.7M        62M       327M

MemTotal:        4016004 kB
MemFree:         3203528 kB
Active:           456248 kB
Mem:          3.8G       793M       3.1G       5.7M        62M       327M

MemTotal:        4016004 kB
MemFree:         3203776 kB
Active:           456292 kB
Mem:          3.8G       793M       3.1G       5.7M        62M       327M

MemTotal:        4016004 kB
MemFree:         3203652 kB
Active:           456280 kB
Mem:          3.8G       793M       3.1G       5.7M        62M       327M

MemTotal:        4016004 kB
MemFree:         3203536 kB
Active:           456260 kB
Mem:          3.8G       793M       3.1G       5.7M        62M       327M

MemTotal:        4016004 kB
MemFree:         3203164 kB
Active:           456312 kB
Mem:          3.8G       793M       3.1G       5.7M        62M       327M

MemTotal:        4016004 kB
MemFree:         3203288 kB
Active:           456272 kB
Mem:          3.8G       793M       3.1G       5.7M        62M       327M

MemTotal:        4016004 kB
MemFree:         3203396 kB
Active:           456300 kB
Mem:          3.8G       793M       3.1G       5.7M        62M       327M

MemTotal:        4016004 kB
MemFree:         3203256 kB
Active:           456300 kB
Mem:          3.8G       793M       3.1G       5.7M        62M       327M

MemTotal:        4016004 kB
MemFree:         3203380 kB
Active:           456288 kB
Mem:          3.8G       793M       3.1G       5.7M        62M       327M

MemTotal:        4016004 kB
MemFree:         3202144 kB
Active:           454364 kB
Mem:          3.8G       794M       3.1G       5.7M        62M       327M

MemTotal:        4016004 kB
MemFree:         3202868 kB
Active:           454280 kB
Mem:          3.8G       794M       3.1G       5.7M        62M       327M

MemTotal:        4016004 kB
MemFree:         3202992 kB
Active:           456292 kB
Mem:          3.8G       793M       3.1G       5.7M        62M       327M

MemTotal:        4016004 kB
MemFree:         3202744 kB
Active:           456336 kB
Mem:          3.8G       794M       3.1G       5.7M        62M       327M

MemTotal:        4016004 kB
MemFree:         3202868 kB
Active:           456336 kB
Mem:          3.8G       794M       3.1G       5.7M        62M       327M

MemTotal:        4016004 kB
MemFree:         3202744 kB
Active:           456328 kB
Mem:          3.8G       794M       3.1G       5.7M        62M       327M

MemTotal:        4016004 kB
MemFree:         3202996 kB
Active:           456304 kB
Mem:          3.8G       794M       3.1G       5.7M        62M       327M

MemTotal:        4016004 kB
MemFree:         3202996 kB
Active:           456296 kB
Mem:          3.8G       793M       3.1G       5.7M        62M       327M

MemTotal:        4016004 kB
MemFree:         3202872 kB
Active:           456312 kB
Mem:          3.8G       793M       3.1G       5.7M        62M       327M

MemTotal:        4016004 kB
MemFree:         3203244 kB
Active:           456296 kB
Mem:          3.8G       794M       3.1G       5.7M        62M       327M

MemTotal:        4016004 kB
MemFree:         3202500 kB
Active:           456348 kB
Mem:          3.8G       794M       3.1G       5.7M        62M       327M

MemTotal:        4016004 kB
MemFree:         3202996 kB
Active:           456312 kB
Mem:          3.8G       794M       3.1G       5.7M        62M       327M

MemTotal:        4016004 kB
MemFree:         3202996 kB
Active:           456344 kB
Mem:          3.8G       794M       3.1G       5.7M        62M       327M

MemTotal:        4016004 kB
MemFree:         3202996 kB
Active:           456324 kB
Mem:          3.8G       793M       3.1G       5.7M        62M       327M

MemTotal:        4016004 kB
MemFree:         3203120 kB
Active:           456304 kB
Mem:          3.8G       793M       3.1G       5.7M        62M       327M

MemTotal:        4016004 kB
MemFree:         3203120 kB
Active:           456296 kB
Mem:          3.8G       793M       3.1G       5.7M        62M       327M

MemTotal:        4016004 kB
MemFree:         3202872 kB
Active:           456300 kB
Mem:          3.8G       793M       3.1G       5.7M        62M       327M

MemTotal:        4016004 kB
MemFree:         3203120 kB
Active:           456300 kB
Mem:          3.8G       793M       3.1G       5.7M        62M       327M

MemTotal:        4016004 kB
MemFree:         3202964 kB
Active:           456344 kB
Mem:          3.8G       794M       3.1G       5.7M        62M       327M

MemTotal:        4016004 kB
MemFree:         3202468 kB
Active:           456356 kB
Mem:          3.8G       794M       3.1G       5.7M        62M       327M

MemTotal:        4016004 kB
MemFree:         3202716 kB
Active:           456348 kB
Mem:          3.8G       794M       3.1G       5.7M        62M       327M

MemTotal:        4016004 kB
MemFree:         3202576 kB
Active:           456340 kB
Mem:          3.8G       794M       3.1G       5.7M        62M       327M

MemTotal:        4016004 kB
MemFree:         3203180 kB
Active:           456316 kB
Mem:          3.8G       794M       3.1G       5.7M        62M       327M

MemTotal:        4016004 kB
MemFree:         3203164 kB
Active:           456304 kB
Mem:          3.8G       794M       3.1G       5.7M        62M       327M

MemTotal:        4016004 kB
MemFree:         3203040 kB
Active:           456340 kB
Mem:          3.8G       793M       3.1G       5.7M        62M       327M

MemTotal:        4016004 kB
MemFree:         3203024 kB
Active:           456320 kB
Mem:          3.8G       793M       3.1G       5.7M        62M       327M

MemTotal:        4016004 kB
MemFree:         3202760 kB
Active:           456372 kB
Mem:          3.8G       794M       3.1G       5.7M        62M       327M

MemTotal:        4016004 kB
MemFree:         3202636 kB
Active:           456372 kB
Mem:          3.8G       794M       3.1G       5.7M        62M       327M

MemTotal:        4016004 kB
MemFree:         3202992 kB
Active:           456328 kB
Mem:          3.8G       793M       3.1G       5.7M        62M       327M

MemTotal:        4016004 kB
MemFree:         3202620 kB
Active:           456372 kB
Mem:          3.8G       794M       3.1G       5.7M        62M       327M

MemTotal:        4016004 kB
MemFree:         3200572 kB
Active:           456372 kB
Mem:          3.8G       796M       3.1G       5.7M        62M       327M

MemTotal:        4016004 kB
MemFree:         3200572 kB
Active:           458392 kB
Mem:          3.8G       796M       3.1G       5.7M        62M       327M

MemTotal:        4016004 kB
MemFree:         3200572 kB
Active:           458388 kB
Mem:          3.8G       796M       3.1G       5.7M        62M       327M

MemTotal:        4016004 kB
MemFree:         3200820 kB
Active:           458408 kB
Mem:          3.8G       795M       3.1G       5.7M        62M       327M

MemTotal:        4016004 kB
MemFree:         3201192 kB
Active:           458404 kB
Mem:          3.8G       795M       3.1G       5.7M        62M       327M

MemTotal:        4016004 kB
MemFree:         3201300 kB
Active:           458380 kB
Mem:          3.8G       795M       3.1G       5.7M        62M       327M

MemTotal:        4016004 kB
MemFree:         3201348 kB
Active:           458372 kB
Mem:          3.8G       795M       3.1G       5.7M        62M       327M

MemTotal:        4016004 kB
MemFree:         3201224 kB
Active:           458356 kB
Mem:          3.8G       795M       3.1G       5.7M        62M       327M

MemTotal:        4016004 kB
MemFree:         3201348 kB
Active:           458372 kB
Mem:          3.8G       795M       3.1G       5.7M        62M       327M

MemTotal:        4016004 kB
MemFree:         3201720 kB
Active:           458360 kB
Mem:          3.8G       795M       3.1G       5.7M        62M       327M

MemTotal:        4016004 kB
MemFree:         3201100 kB
Active:           458424 kB
Mem:          3.8G       795M       3.1G       5.7M        62M       327M

MemTotal:        4016004 kB
MemFree:         3201224 kB
Active:           458388 kB
Mem:          3.8G       795M       3.1G       5.7M        62M       327M

MemTotal:        4016004 kB
MemFree:         3201472 kB
Active:           458416 kB
Mem:          3.8G       795M       3.1G       5.7M        62M       327M

MemTotal:        4016004 kB
MemFree:         3201100 kB
Active:           458424 kB
Mem:          3.8G       795M       3.1G       5.7M        62M       327M

MemTotal:        4016004 kB
MemFree:         3201100 kB
Active:           458380 kB
Mem:          3.8G       795M       3.1G       5.7M        62M       327M

MemTotal:        4016004 kB
MemFree:         3201100 kB
Active:           458416 kB
Mem:          3.8G       795M       3.1G       5.7M        62M       327M

MemTotal:        4016004 kB
MemFree:         3201100 kB
Active:           458392 kB
Mem:          3.8G       795M       3.1G       5.7M        62M       327M

MemTotal:        4016004 kB
MemFree:         3201100 kB
Active:           458416 kB
Mem:          3.8G       795M       3.1G       5.7M        62M       327M

MemTotal:        4016004 kB
MemFree:         3201208 kB
Active:           458392 kB
Mem:          3.8G       795M       3.1G       5.7M        62M       327M

MemTotal:        4016004 kB
MemFree:         3201660 kB
Active:           458384 kB
Mem:          3.8G       795M       3.1G       5.7M        62M       327M

MemTotal:        4016004 kB
MemFree:         3200624 kB
Active:           456612 kB
Mem:          3.8G       796M       3.1G       5.7M        62M       327M

MemTotal:        4016004 kB
MemFree:         3200852 kB
Active:           458400 kB
Mem:          3.8G       796M       3.1G       5.7M        62M       327M

MemTotal:        4016004 kB
MemFree:         3200728 kB
Active:           458388 kB
Mem:          3.8G       796M       3.1G       5.7M        62M       327M

MemTotal:        4016004 kB
MemFree:         3200480 kB
Active:           458440 kB
Mem:          3.8G       796M       3.1G       5.7M        62M       327M

MemTotal:        4016004 kB
MemFree:         3200852 kB
Active:           458416 kB
Mem:          3.8G       796M       3.1G       5.7M        62M       327M

MemTotal:        4016004 kB
MemFree:         3200916 kB
Active:           458396 kB
Mem:          3.8G       796M       3.1G       5.7M        62M       327M

MemTotal:        4016004 kB
MemFree:         3200668 kB
Active:           458424 kB
Mem:          3.8G       796M       3.1G       5.7M        62M       327M

MemTotal:        4016004 kB
MemFree:         3200668 kB
Active:           458392 kB
Mem:          3.8G       796M       3.1G       5.7M        62M       327M

MemTotal:        4016004 kB
MemFree:         3200544 kB
Active:           458424 kB
Mem:          3.8G       796M       3.1G       5.7M        62M       328M

MemTotal:        4016004 kB
MemFree:         3200280 kB
Active:           458392 kB
Mem:          3.8G       796M       3.1G       5.7M        62M       327M

MemTotal:        4016004 kB
MemFree:         3199836 kB
Active:           456512 kB
Mem:          3.8G       796M       3.1G       5.7M        62M       328M

MemTotal:        4016004 kB
MemFree:         3200324 kB
Active:           458412 kB
Mem:          3.8G       796M       3.1G       5.7M        62M       328M

MemTotal:        4016004 kB
MemFree:         3200184 kB
Active:           458452 kB
Mem:          3.8G       796M       3.1G       5.7M        62M       328M

MemTotal:        4016004 kB
MemFree:         3200664 kB
Active:           458424 kB
Mem:          3.8G       796M       3.1G       5.7M        62M       328M

MemTotal:        4016004 kB
MemFree:         3200524 kB
Active:           458444 kB
Mem:          3.8G       796M       3.1G       5.7M        62M       328M

MemTotal:        4016004 kB
MemFree:         3200416 kB
Active:           458464 kB
Mem:          3.8G       796M       3.1G       5.7M        62M       328M

MemTotal:        4016004 kB
MemFree:         3200788 kB
Active:           458424 kB
Mem:          3.8G       796M       3.1G       5.7M        62M       328M

MemTotal:        4016004 kB
MemFree:         3200912 kB
Active:           458424 kB
Mem:          3.8G       796M       3.1G       5.7M        62M       328M

MemTotal:        4016004 kB
MemFree:         3200540 kB
Active:           458416 kB
Mem:          3.8G       796M       3.1G       5.7M        62M       328M

MemTotal:        4016004 kB
MemFree:         3200292 kB
Active:           458468 kB
Mem:          3.8G       796M       3.1G       5.7M        62M       328M

MemTotal:        4016004 kB
MemFree:         3198740 kB
Active:           458468 kB
Mem:          3.8G       797M       3.1G       5.7M        62M       328M

MemTotal:        4016004 kB
MemFree:         3198988 kB
Active:           460472 kB
Mem:          3.8G       797M       3.1G       5.7M        62M       328M

MemTotal:        4016004 kB
MemFree:         3198864 kB
Active:           460496 kB
Mem:          3.8G       798M       3.1G       5.7M        62M       328M

MemTotal:        4016004 kB
MemFree:         3199220 kB
Active:           460488 kB
Mem:          3.8G       797M       3.1G       5.7M        62M       328M

MemTotal:        4016004 kB
MemFree:         3198832 kB
Active:           460444 kB
Mem:          3.8G       797M       3.1G       5.7M        62M       328M

MemTotal:        4016004 kB
MemFree:         3198692 kB
Active:           460452 kB
Mem:          3.8G       798M       3.1G       5.7M        62M       328M

MemTotal:        4016004 kB
MemFree:         3198676 kB
Active:           460444 kB
Mem:          3.8G       798M       3.1G       5.7M        62M       328M

MemTotal:        4016004 kB
MemFree:         3199048 kB
Active:           460476 kB
Mem:          3.8G       797M       3.1G       5.7M        62M       328M

MemTotal:        4016004 kB
MemFree:         3199032 kB
Active:           460472 kB
Mem:          3.8G       797M       3.1G       5.7M        62M       328M

MemTotal:        4016004 kB
MemFree:         3199264 kB
Active:           460476 kB
Mem:          3.8G       797M       3.1G       5.7M        62M       328M

MemTotal:        4016004 kB
MemFree:         3198412 kB
Active:           458624 kB
Mem:          3.8G       798M       3.1G       5.7M        62M       328M

MemTotal:        4016004 kB
MemFree:         3198352 kB
Active:           460596 kB
Mem:          3.8G       798M       3.1G       5.7M        62M       328M

MemTotal:        4016004 kB
MemFree:         3198088 kB
Active:           460612 kB
Mem:          3.8G       798M       3.1G       5.7M        62M       328M

MemTotal:        4016004 kB
MemFree:         3198444 kB
Active:           460556 kB
Mem:          3.8G       798M       3.1G       5.7M        62M       328M

MemTotal:        4016004 kB
MemFree:         3198716 kB
Active:           460604 kB
Mem:          3.8G       798M       3.1G       5.7M        62M       328M

MemTotal:        4016004 kB
MemFree:         3199292 kB
Active:           460596 kB
Mem:          3.8G       797M       3.1G       5.7M        62M       328M

MemTotal:        4016004 kB
MemFree:         3198920 kB
Active:           460584 kB
Mem:          3.8G       797M       3.1G       5.7M        62M       328M

MemTotal:        4016004 kB
MemFree:         3198936 kB
Active:           460576 kB
Mem:          3.8G       797M       3.1G       5.7M        62M       328M

MemTotal:        4016004 kB
MemFree:         3198936 kB
Active:           460624 kB
Mem:          3.8G       797M       3.1G       5.7M        62M       328M

MemTotal:        4016004 kB
MemFree:         3198936 kB
Active:           460592 kB
Mem:          3.8G       797M       3.1G       5.7M        62M       328M

MemTotal:        4016004 kB
MemFree:         3198968 kB
Active:           458592 kB
Mem:          3.8G       797M       3.1G       5.7M        62M       328M

MemTotal:        4016004 kB
MemFree:         3199472 kB
Active:           460624 kB
Mem:          3.8G       797M       3.1G       5.7M        62M       328M

MemTotal:        4016004 kB
MemFree:         3199472 kB
Active:           460604 kB
Mem:          3.8G       797M       3.1G       5.7M        62M       328M

MemTotal:        4016004 kB
MemFree:         3199472 kB
Active:           460616 kB
Mem:          3.8G       797M       3.1G       5.7M        62M       328M

MemTotal:        4016004 kB
MemFree:         3199596 kB
Active:           460600 kB
Mem:          3.8G       797M       3.1G       5.7M        62M       328M

MemTotal:        4016004 kB
MemFree:         3199100 kB
Active:           460640 kB
Mem:          3.8G       797M       3.1G       5.7M        62M       328M

MemTotal:        4016004 kB
MemFree:         3199100 kB
Active:           460596 kB
Mem:          3.8G       797M       3.1G       5.7M        62M       328M

MemTotal:        4016004 kB
MemFree:         3199288 kB
Active:           460592 kB
Mem:          3.8G       797M       3.1G       5.7M        62M       328M

MemTotal:        4016004 kB
MemFree:         3199040 kB
Active:           460608 kB
Mem:          3.8G       798M       3.1G       5.7M        62M       328M

MemTotal:        4016004 kB
MemFree:         3199164 kB
Active:           460648 kB
Mem:          3.8G       797M       3.1G       5.7M        62M       328M

MemTotal:        4016004 kB
MemFree:         3197396 kB
Active:           460636 kB
Mem:          3.8G       799M       3.0G       5.7M        62M       328M

MemTotal:        4016004 kB
MemFree:         3197428 kB
Active:           462652 kB
Mem:          3.8G       799M       3.0G       5.7M        62M       328M

MemTotal:        4016004 kB
MemFree:         3197320 kB
Active:           462688 kB
Mem:          3.8G       799M       3.0G       5.7M        62M       328M

MemTotal:        4016004 kB
MemFree:         3197320 kB
Active:           462664 kB
Mem:          3.8G       799M       3.0G       5.7M        62M       328M

MemTotal:        4016004 kB
MemFree:         3197444 kB
Active:           462660 kB
Mem:          3.8G       799M       3.0G       5.7M        62M       328M

MemTotal:        4016004 kB
MemFree:         3197320 kB
Active:           462664 kB
Mem:          3.8G       799M       3.0G       5.7M        62M       328M

MemTotal:        4016004 kB
MemFree:         3196948 kB
Active:           462688 kB
Mem:          3.8G       799M       3.0G       5.7M        62M       328M

MemTotal:        4016004 kB
MemFree:         3197444 kB
Active:           462680 kB
Mem:          3.8G       799M       3.0G       5.7M        62M       328M

MemTotal:        4016004 kB
MemFree:         3197444 kB
Active:           462684 kB
Mem:          3.8G       799M       3.0G       5.7M        62M       328M

MemTotal:        4016004 kB
MemFree:         3197320 kB
Active:           462652 kB
Mem:          3.8G       799M       3.0G       5.7M        62M       328M

MemTotal:        4016004 kB
MemFree:         3196824 kB
Active:           462696 kB
Mem:          3.8G       799M       3.0G       5.7M        62M       328M

MemTotal:        4016004 kB
MemFree:         3197428 kB
Active:           462676 kB
Mem:          3.8G       799M       3.0G       5.7M        62M       328M

MemTotal:        4016004 kB
MemFree:         3196932 kB
Active:           462696 kB
Mem:          3.8G       799M       3.0G       5.7M        62M       328M

MemTotal:        4016004 kB
MemFree:         3197180 kB
Active:           462648 kB
Mem:          3.8G       799M       3.0G       5.7M        62M       328M

MemTotal:        4016004 kB
MemFree:         3197180 kB
Active:           462644 kB
Mem:          3.8G       799M       3.0G       5.7M        62M       328M

MemTotal:        4016004 kB
MemFree:         3196808 kB
Active:           462700 kB
Mem:          3.8G       799M       3.0G       5.7M        62M       328M

MemTotal:        4016004 kB
MemFree:         3196932 kB
Active:           462704 kB
Mem:          3.8G       799M       3.0G       5.7M        62M       328M

MemTotal:        4016004 kB
MemFree:         3196808 kB
Active:           462708 kB
Mem:          3.8G       799M       3.0G       5.7M        62M       328M

MemTotal:        4016004 kB
MemFree:         3197056 kB
Active:           462680 kB
Mem:          3.8G       799M       3.0G       5.7M        62M       328M

MemTotal:        4016004 kB
MemFree:         3196560 kB
Active:           462708 kB
Mem:          3.8G       799M       3.0G       5.7M        62M       328M

MemTotal:        4016004 kB
MemFree:         3196772 kB
Active:           460516 kB
Mem:          3.8G       799M       3.0G       5.7M        62M       328M

MemTotal:        4016004 kB
MemFree:         3197312 kB
Active:           460484 kB
Mem:          3.8G       799M       3.0G       5.7M        62M       328M

MemTotal:        4016004 kB
MemFree:         3197312 kB
Active:           460480 kB
Mem:          3.8G       799M       3.0G       5.7M        62M       328M

MemTotal:        4016004 kB
MemFree:         3197064 kB
Active:           462548 kB
Mem:          3.8G       799M       3.0G       5.7M        62M       328M

MemTotal:        4016004 kB
MemFree:         3197560 kB
Active:           462496 kB
Mem:          3.8G       799M       3.0G       5.7M        62M       328M

MemTotal:        4016004 kB
MemFree:         3197312 kB
Active:           462548 kB
Mem:          3.8G       799M       3.0G       5.7M        62M       328M

MemTotal:        4016004 kB
MemFree:         3197064 kB
Active:           462552 kB
Mem:          3.8G       799M       3.0G       5.7M        62M       328M

MemTotal:        4016004 kB
MemFree:         3197452 kB
Active:           462496 kB
Mem:          3.8G       799M       3.0G       5.7M        62M       328M

MemTotal:        4016004 kB
MemFree:         3197452 kB
Active:           462540 kB
Mem:          3.8G       799M       3.0G       5.7M        62M       328M

MemTotal:        4016004 kB
MemFree:         3197948 kB
Active:           462540 kB
Mem:          3.8G       799M       3.0G       5.7M        62M       328M

MemTotal:        4016004 kB
MemFree:         3198004 kB
Active:           460560 kB
Mem:          3.8G       799M       3.0G       5.7M        62M       328M

MemTotal:        4016004 kB
MemFree:         3197932 kB
Active:           462524 kB
Mem:          3.8G       798M       3.0G       5.7M        62M       328M

MemTotal:        4016004 kB
MemFree:         3197932 kB
Active:           462524 kB
Mem:          3.8G       799M       3.0G       5.7M        62M       328M

MemTotal:        4016004 kB
MemFree:         3197932 kB
Active:           462536 kB
Mem:          3.8G       798M       3.0G       5.7M        62M       328M

MemTotal:        4016004 kB
MemFree:         3197808 kB
Active:           462540 kB
Mem:          3.8G       798M       3.0G       5.7M        62M       328M

MemTotal:        4016004 kB
MemFree:         3197932 kB
Active:           462544 kB
Mem:          3.8G       799M       3.0G       5.7M        62M       328M

MemTotal:        4016004 kB
MemFree:         3198056 kB
Active:           462540 kB
Mem:          3.8G       799M       3.0G       5.7M        62M       328M

MemTotal:        4016004 kB
MemFree:         3197932 kB
Active:           462524 kB
Mem:          3.8G       799M       3.0G       5.7M        62M       328M

MemTotal:        4016004 kB
MemFree:         3197932 kB
Active:           462560 kB
Mem:          3.8G       799M       3.0G       5.7M        62M       328M

MemTotal:        4016004 kB
MemFree:         3198056 kB
Active:           462564 kB
Mem:          3.8G       798M       3.0G       5.7M        62M       328M

MemTotal:        4016004 kB
MemFree:         3198048 kB
Active:           460512 kB
Mem:          3.8G       798M       3.1G       5.7M        62M       328M

MemTotal:        4016004 kB
MemFree:         3197676 kB
Active:           462584 kB
Mem:          3.8G       799M       3.0G       5.7M        62M       328M

MemTotal:        4016004 kB
MemFree:         3197552 kB
Active:           462552 kB
Mem:          3.8G       799M       3.0G       5.7M        62M       328M

MemTotal:        4016004 kB
MemFree:         3197552 kB
Active:           462560 kB
Mem:          3.8G       799M       3.0G       5.7M        62M       328M

MemTotal:        4016004 kB
MemFree:         3197924 kB
Active:           462552 kB
Mem:          3.8G       799M       3.0G       5.7M        62M       328M

MemTotal:        4016004 kB
MemFree:         3197924 kB
Active:           462544 kB
Mem:          3.8G       799M       3.0G       5.7M        62M       328M

MemTotal:        4016004 kB
MemFree:         3197552 kB
Active:           462536 kB
Mem:          3.8G       799M       3.0G       5.7M        62M       328M

MemTotal:        4016004 kB
MemFree:         3197552 kB
Active:           462580 kB
Mem:          3.8G       799M       3.0G       5.7M        62M       328M

MemTotal:        4016004 kB
MemFree:         3197552 kB
Active:           462564 kB
Mem:          3.8G       799M       3.0G       5.7M        62M       328M

MemTotal:        4016004 kB
MemFree:         3197676 kB
Active:           462568 kB
Mem:          3.8G       799M       3.0G       5.7M        62M       328M

MemTotal:        4016004 kB
MemFree:         3197552 kB
Active:           462584 kB
Mem:          3.8G       799M       3.0G       5.7M        62M       328M

MemTotal:        4016004 kB
MemFree:         3197180 kB
Active:           462552 kB
Mem:          3.8G       799M       3.0G       5.7M        62M       328M

MemTotal:        4016004 kB
MemFree:         3197552 kB
Active:           462548 kB
Mem:          3.8G       799M       3.0G       5.7M        62M       328M

MemTotal:        4016004 kB
MemFree:         3197676 kB
Active:           462572 kB
Mem:          3.8G       799M       3.0G       5.7M        62M       328M

MemTotal:        4016004 kB
MemFree:         3197056 kB
Active:           462608 kB
Mem:          3.8G       799M       3.0G       5.7M        62M       328M

MemTotal:        4016004 kB
MemFree:         3197056 kB
Active:           462588 kB
Mem:          3.8G       799M       3.0G       5.7M        62M       328M

MemTotal:        4016004 kB
MemFree:         3197148 kB
Active:           462588 kB
Mem:          3.8G       799M       3.0G       5.7M        62M       328M

MemTotal:        4016004 kB
MemFree:         3197148 kB
Active:           462604 kB
Mem:          3.8G       799M       3.0G       5.7M        62M       328M

MemTotal:        4016004 kB
MemFree:         3197148 kB
Active:           462568 kB
Mem:          3.8G       799M       3.0G       5.7M        62M       328M

MemTotal:        4016004 kB
MemFree:         3197256 kB
Active:           462568 kB
Mem:          3.8G       799M       3.0G       5.7M        62M       328M

MemTotal:        4016004 kB
MemFree:         3197132 kB
Active:           462608 kB
Mem:          3.8G       799M       3.0G       5.7M        62M       328M

MemTotal:        4016004 kB
MemFree:         3197752 kB
Active:           462612 kB
Mem:          3.8G       799M       3.0G       5.7M        62M       328M

MemTotal:        4016004 kB
MemFree:         3197504 kB
Active:           462608 kB
Mem:          3.8G       799M       3.0G       5.7M        62M       328M

MemTotal:        4016004 kB
MemFree:         3197504 kB
Active:           462580 kB
Mem:          3.8G       799M       3.0G       5.7M        62M       328M

MemTotal:        4016004 kB
MemFree:         3197380 kB
Active:           462628 kB
Mem:          3.8G       799M       3.0G       5.7M        62M       328M

MemTotal:        4016004 kB
MemFree:         3197132 kB
Active:           462632 kB
Mem:          3.8G       799M       3.0G       5.7M        62M       328M

MemTotal:        4016004 kB
MemFree:         3197504 kB
Active:           462588 kB
Mem:          3.8G       799M       3.0G       5.7M        62M       328M

MemTotal:        4016004 kB
MemFree:         3197008 kB
Active:           462632 kB
Mem:          3.8G       799M       3.0G       5.7M        62M       328M

MemTotal:        4016004 kB
MemFree:         3197380 kB
Active:           462612 kB
Mem:          3.8G       799M       3.0G       5.7M        62M       328M

MemTotal:        4016004 kB
MemFree:         3197752 kB
Active:           462600 kB
Mem:          3.8G       799M       3.0G       5.7M        62M       328M

MemTotal:        4016004 kB
MemFree:         3197656 kB
Active:           460800 kB
Mem:          3.8G       799M       3.0G       5.7M        62M       328M

MemTotal:        4016004 kB
MemFree:         3197828 kB
Active:           462632 kB
Mem:          3.8G       798M       3.0G       5.7M        62M       328M

MemTotal:        4016004 kB
MemFree:         3197332 kB
Active:           462648 kB
Mem:          3.8G       799M       3.0G       5.7M        62M       328M

MemTotal:        4016004 kB
MemFree:         3197456 kB
Active:           462632 kB
Mem:          3.8G       799M       3.0G       5.7M        62M       328M

MemTotal:        4016004 kB
MemFree:         3197208 kB
Active:           462608 kB
Mem:          3.8G       799M       3.0G       5.7M        62M       328M

MemTotal:        4016004 kB
MemFree:         3197332 kB
Active:           462600 kB
Mem:          3.8G       799M       3.0G       5.7M        62M       328M

MemTotal:        4016004 kB
MemFree:         3197084 kB
Active:           462628 kB
Mem:          3.8G       799M       3.0G       5.7M        62M       328M

MemTotal:        4016004 kB
MemFree:         3197084 kB
Active:           462656 kB
Mem:          3.8G       799M       3.0G       5.7M        62M       328M

MemTotal:        4016004 kB
MemFree:         3197580 kB
Active:           462604 kB
Mem:          3.8G       799M       3.0G       5.7M        62M       328M

MemTotal:        4016004 kB
MemFree:         3197456 kB
Active:           462648 kB
Mem:          3.8G       799M       3.0G       5.7M        62M       328M

MemTotal:        4016004 kB
MemFree:         3197580 kB
Active:           462624 kB
Mem:          3.8G       799M       3.0G       5.7M        62M       328M

MemTotal:        4016004 kB
MemFree:         3197456 kB
Active:           462628 kB
Mem:          3.8G       799M       3.0G       5.7M        62M       328M

MemTotal:        4016004 kB
MemFree:         3197456 kB
Active:           462640 kB
Mem:          3.8G       799M       3.0G       5.7M        62M       328M

MemTotal:        4016004 kB
MemFree:         3197456 kB
Active:           462628 kB
Mem:          3.8G       799M       3.0G       5.7M        62M       328M

MemTotal:        4016004 kB
MemFree:         3196836 kB
Active:           462668 kB
Mem:          3.8G       799M       3.0G       5.7M        62M       328M

MemTotal:        4016004 kB
MemFree:         3196588 kB
Active:           462620 kB
Mem:          3.8G       800M       3.0G       5.7M        62M       328M

MemTotal:        4016004 kB
MemFree:         3196712 kB
Active:           462628 kB
Mem:          3.8G       800M       3.0G       5.7M        62M       328M

MemTotal:        4016004 kB
MemFree:         3196836 kB
Active:           462668 kB
Mem:          3.8G       800M       3.0G       5.7M        62M       328M

MemTotal:        4016004 kB
MemFree:         3196340 kB
Active:           462680 kB
Mem:          3.8G       800M       3.0G       5.7M        62M       328M

MemTotal:        4016004 kB
MemFree:         3196836 kB
Active:           462624 kB
Mem:          3.8G       799M       3.0G       5.7M        62M       328M

MemTotal:        4016004 kB
MemFree:         3196836 kB
Active:           462656 kB
Mem:          3.8G       799M       3.0G       5.7M        62M       328M

MemTotal:        4016004 kB
MemFree:         3196836 kB
Active:           462684 kB
Mem:          3.8G       799M       3.0G       5.7M        62M       328M

MemTotal:        4016004 kB
MemFree:         3196960 kB
Active:           462688 kB
Mem:          3.8G       799M       3.0G       5.7M        62M       328M

MemTotal:        4016004 kB
MemFree:         3197208 kB
Active:           462664 kB
Mem:          3.8G       799M       3.0G       5.7M        62M       328M

MemTotal:        4016004 kB
MemFree:         3197704 kB
Active:           462652 kB
Mem:          3.8G       799M       3.0G       5.7M        62M       328M

MemTotal:        4016004 kB
MemFree:         3197580 kB
Active:           462648 kB
Mem:          3.8G       799M       3.0G       5.7M        62M       328M

MemTotal:        4016004 kB
MemFree:         3197704 kB
Active:           462648 kB
Mem:          3.8G       799M       3.0G       5.7M        62M       328M

MemTotal:        4016004 kB
MemFree:         3197704 kB
Active:           462688 kB
Mem:          3.8G       799M       3.0G       5.7M        62M       328M

MemTotal:        4016004 kB
MemFree:         3197332 kB
Active:           462672 kB
Mem:          3.8G       799M       3.0G       5.7M        62M       328M

MemTotal:        4016004 kB
MemFree:         3196836 kB
Active:           462704 kB
Mem:          3.8G       799M       3.0G       5.7M        62M       328M

MemTotal:        4016004 kB
MemFree:         3196992 kB
Active:           460740 kB
Mem:          3.8G       799M       3.0G       5.7M        62M       328M

MemTotal:        4016004 kB
MemFree:         3196956 kB
Active:           460616 kB
Mem:          3.8G       799M       3.0G       5.7M        62M       328M

MemTotal:        4016004 kB
MemFree:         3197204 kB
Active:           460648 kB
Mem:          3.8G       799M       3.0G       5.7M        62M       328M

MemTotal:        4016004 kB
MemFree:         3197204 kB
Active:           460640 kB
Mem:          3.8G       799M       3.0G       5.7M        62M       328M

MemTotal:        4016004 kB
MemFree:         3197204 kB
Active:           462676 kB
Mem:          3.8G       799M       3.0G       5.7M        62M       328M

MemTotal:        4016004 kB
MemFree:         3197328 kB
Active:           462664 kB
Mem:          3.8G       799M       3.0G       5.7M        62M       328M

MemTotal:        4016004 kB
MemFree:         3196956 kB
Active:           462720 kB
Mem:          3.8G       799M       3.0G       5.7M        62M       328M

MemTotal:        4016004 kB
MemFree:         3196956 kB
Active:           462700 kB
Mem:          3.8G       799M       3.0G       5.7M        62M       328M

MemTotal:        4016004 kB
MemFree:         3196956 kB
Active:           462688 kB
Mem:          3.8G       799M       3.0G       5.7M        62M       328M

MemTotal:        4016004 kB
MemFree:         3197328 kB
Active:           462692 kB
Mem:          3.8G       799M       3.0G       5.7M        62M       328M

MemTotal:        4016004 kB
MemFree:         3194908 kB
Active:           462728 kB
Mem:          3.8G       801M       3.0G       5.7M        62M       328M

MemTotal:        4016004 kB
MemFree:         3195156 kB
Active:           464748 kB
Mem:          3.8G       801M       3.0G       5.7M        62M       328M

MemTotal:        4016004 kB
MemFree:         3195280 kB
Active:           464696 kB
Mem:          3.8G       801M       3.0G       5.7M        62M       328M

MemTotal:        4016004 kB
MemFree:         3195280 kB
Active:           464740 kB
Mem:          3.8G       801M       3.0G       5.7M        62M       328M

MemTotal:        4016004 kB
MemFree:         3195404 kB
Active:           464700 kB
Mem:          3.8G       801M       3.0G       5.7M        62M       328M

MemTotal:        4016004 kB
MemFree:         3195280 kB
Active:           464748 kB
Mem:          3.8G       801M       3.0G       5.7M        62M       328M

MemTotal:        4016004 kB
MemFree:         3195404 kB
Active:           464728 kB
Mem:          3.8G       801M       3.0G       5.7M        62M       328M

MemTotal:        4016004 kB
MemFree:         3194908 kB
Active:           464728 kB
Mem:          3.8G       801M       3.0G       5.7M        62M       328M

MemTotal:        4016004 kB
MemFree:         3195032 kB
Active:           464744 kB
Mem:          3.8G       801M       3.0G       5.7M        62M       328M

MemTotal:        4016004 kB
MemFree:         3195032 kB
Active:           464736 kB
Mem:          3.8G       801M       3.0G       5.7M        62M       328M

MemTotal:        4016004 kB
MemFree:         3194908 kB
Active:           464724 kB
Mem:          3.8G       801M       3.0G       5.7M        62M       328M

MemTotal:        4016004 kB
MemFree:         3195032 kB
Active:           464756 kB
Mem:          3.8G       801M       3.0G       5.7M        62M       328M

MemTotal:        4016004 kB
MemFree:         3195280 kB
Active:           464748 kB
Mem:          3.8G       801M       3.0G       5.7M        62M       328M

MemTotal:        4016004 kB
MemFree:         3195280 kB
Active:           464728 kB
Mem:          3.8G       801M       3.0G       5.7M        62M       328M

MemTotal:        4016004 kB
MemFree:         3195280 kB
Active:           464752 kB
Mem:          3.8G       801M       3.0G       5.7M        62M       328M

MemTotal:        4016004 kB
MemFree:         3195652 kB
Active:           464744 kB
Mem:          3.8G       801M       3.0G       5.7M        62M       328M

MemTotal:        4016004 kB
MemFree:         3195652 kB
Active:           464720 kB
Mem:          3.8G       801M       3.0G       5.7M        62M       328M

MemTotal:        4016004 kB
MemFree:         3195776 kB
Active:           464756 kB
Mem:          3.8G       800M       3.0G       5.7M        62M       328M

MemTotal:        4016004 kB
MemFree:         3195280 kB
Active:           464748 kB
Mem:          3.8G       801M       3.0G       5.7M        62M       328M

MemTotal:        4016004 kB
MemFree:         3194908 kB
Active:           464772 kB
Mem:          3.8G       801M       3.0G       5.7M        62M       328M

MemTotal:        4016004 kB
MemFree:         3195200 kB
Active:           462792 kB
Mem:          3.8G       801M       3.0G       5.7M        62M       328M

MemTotal:        4016004 kB
MemFree:         3195232 kB
Active:           464732 kB
Mem:          3.8G       801M       3.0G       5.7M        62M       328M

MemTotal:        4016004 kB
MemFree:         3195232 kB
Active:           464772 kB
Mem:          3.8G       801M       3.0G       5.7M        62M       328M

MemTotal:        4016004 kB
MemFree:         3195232 kB
Active:           464776 kB
Mem:          3.8G       801M       3.0G       5.7M        62M       328M

MemTotal:        4016004 kB
MemFree:         3195232 kB
Active:           464756 kB
Mem:          3.8G       801M       3.0G       5.7M        62M       328M

MemTotal:        4016004 kB
MemFree:         3195232 kB
Active:           464764 kB
Mem:          3.8G       801M       3.0G       5.7M        62M       328M

MemTotal:        4016004 kB
MemFree:         3195308 kB
Active:           464764 kB
Mem:          3.8G       801M       3.0G       5.7M        62M       328M

MemTotal:        4016004 kB
MemFree:         3195216 kB
Active:           464764 kB
Mem:          3.8G       801M       3.0G       5.7M        62M       328M

MemTotal:        4016004 kB
MemFree:         3195216 kB
Active:           464768 kB
Mem:          3.8G       801M       3.0G       5.7M        62M       328M

MemTotal:        4016004 kB
MemFree:         3195712 kB
Active:           464756 kB
Mem:          3.8G       801M       3.0G       5.7M        62M       328M

MemTotal:        4016004 kB
MemFree:         3195340 kB
Active:           464796 kB
Mem:          3.8G       801M       3.0G       5.7M        62M       328M

MemTotal:        4016004 kB
MemFree:         3194844 kB
Active:           464804 kB
Mem:          3.8G       801M       3.0G       5.7M        62M       328M

MemTotal:        4016004 kB
MemFree:         3195712 kB
Active:           464792 kB
Mem:          3.8G       801M       3.0G       5.7M        62M       328M

MemTotal:        4016004 kB
MemFree:         3195060 kB
Active:           464940 kB
Mem:          3.8G       801M       3.0G       5.7M        62M       328M

MemTotal:        4016004 kB
MemFree:         3150508 kB
Active:           465232 kB
Mem:          3.8G       845M       3.0G       5.7M        62M       370M

MemTotal:        4016004 kB
MemFree:         3103616 kB
Active:           465308 kB
Mem:          3.8G       891M       3.0G       5.7M        62M       415M

MemTotal:        4016004 kB
MemFree:         3057036 kB
Active:           465316 kB
Mem:          3.8G       936M       2.9G       5.7M        62M       460M

MemTotal:        4016004 kB
MemFree:         3011044 kB
Active:           465288 kB
Mem:          3.8G       981M       2.9G       5.7M        62M       504M

MemTotal:        4016004 kB
MemFree:         2963952 kB
Active:           465320 kB
Mem:          3.8G       1.0G       2.8G       5.7M        62M       549M

MemTotal:        4016004 kB
MemFree:         2917308 kB
Active:           465276 kB
Mem:          3.8G       1.0G       2.8G       5.7M        62M       594M

MemTotal:        4016004 kB
MemFree:         2871224 kB
Active:           465324 kB
Mem:          3.8G       1.1G       2.7G       5.7M        62M       639M

MemTotal:        4016004 kB
MemFree:         2824692 kB
Active:           465332 kB
Mem:          3.8G       1.1G       2.7G       5.7M        62M       684M

MemTotal:        4016004 kB
MemFree:         2778056 kB
Active:           465336 kB
Mem:          3.8G       1.2G       2.6G       5.7M        62M       728M

MemTotal:        4016004 kB
MemFree:         2731752 kB
Active:           465280 kB
Mem:          3.8G       1.2G       2.6G       5.7M        62M       773M

MemTotal:        4016004 kB
MemFree:         2684816 kB
Active:           465340 kB
Mem:          3.8G       1.3G       2.6G       5.7M        62M       817M

MemTotal:        4016004 kB
MemFree:         2658984 kB
Active:           465340 kB
Mem:          3.8G       1.3G       2.5G       5.7M        62M       842M

MemTotal:        4016004 kB
MemFree:         2626428 kB
Active:           465320 kB
Mem:          3.8G       1.3G       2.5G       5.7M        62M       874M

MemTotal:        4016004 kB
MemFree:         2579856 kB
Active:           465360 kB
Mem:          3.8G       1.4G       2.5G       5.7M        62M       918M

MemTotal:        4016004 kB
MemFree:         2533440 kB
Active:           465364 kB
Mem:          3.8G       1.4G       2.4G       5.7M        62M       963M

MemTotal:        4016004 kB
MemFree:         2487116 kB
Active:           465364 kB
Mem:          3.8G       1.5G       2.4G       5.7M        62M       1.0G

MemTotal:        4016004 kB
MemFree:         2440380 kB
Active:           465364 kB
Mem:          3.8G       1.5G       2.3G       5.7M        62M       1.0G

MemTotal:        4016004 kB
MemFree:         2394356 kB
Active:           465320 kB
Mem:          3.8G       1.5G       2.3G       5.7M        62M       1.1G

MemTotal:        4016004 kB
MemFree:         2347312 kB
Active:           465400 kB
Mem:          3.8G       1.6G       2.2G       5.7M        62M       1.1G

MemTotal:        4016004 kB
MemFree:         2301396 kB
Active:           465468 kB
Mem:          3.8G       1.6G       2.2G       5.7M        62M       1.2G

MemTotal:        4016004 kB
MemFree:         2255280 kB
Active:           465276 kB
Mem:          3.8G       1.7G       2.2G       5.7M        62M       1.2G

MemTotal:        4016004 kB
MemFree:         2217892 kB
Active:           465348 kB
Mem:          3.8G       1.7G       2.1G       5.7M        62M       1.2G

MemTotal:        4016004 kB
MemFree:         2197572 kB
Active:           465392 kB
Mem:          3.8G       1.7G       2.1G       5.7M        62M       1.3G

MemTotal:        4016004 kB
MemFree:         2150248 kB
Active:           465360 kB
Mem:          3.8G       1.8G       2.1G       5.7M        62M       1.3G

MemTotal:        4016004 kB
MemFree:         2125348 kB
Active:           465408 kB
Mem:          3.8G       1.8G       2.0G       5.7M        62M       1.3G

MemTotal:        4016004 kB
MemFree:         2107660 kB
Active:           465420 kB
Mem:          3.8G       1.8G       2.0G       5.7M        62M       1.3G

MemTotal:        4016004 kB
MemFree:         2103136 kB
Active:           465388 kB
Mem:          3.8G       1.8G       2.0G       5.7M        62M       1.3G

MemTotal:        4016004 kB
MemFree:         2102924 kB
Active:           465384 kB
Mem:          3.8G       1.8G       2.0G       5.7M        62M       1.3G

MemTotal:        4016004 kB
MemFree:         2090404 kB
Active:           465396 kB
Mem:          3.8G       1.8G       2.0G       5.7M        62M       1.4G

MemTotal:        4016004 kB
MemFree:         2044056 kB
Active:           465536 kB
Mem:          3.8G       1.9G       1.9G       5.7M        62M       1.4G

MemTotal:        4016004 kB
MemFree:         1996824 kB
Active:           465420 kB
Mem:          3.8G       1.9G       1.9G       5.7M        62M       1.4G

MemTotal:        4016004 kB
MemFree:         1950848 kB
Active:           465608 kB
Mem:          3.8G       2.0G       1.9G       5.7M        62M       1.5G

MemTotal:        4016004 kB
MemFree:         1903492 kB
Active:           465452 kB
Mem:          3.8G       2.0G       1.8G       5.7M        62M       1.5G

MemTotal:        4016004 kB
MemFree:         1856896 kB
Active:           465452 kB
Mem:          3.8G       2.1G       1.8G       5.7M        62M       1.6G

MemTotal:        4016004 kB
MemFree:         1810160 kB
Active:           465452 kB
Mem:          3.8G       2.1G       1.7G       5.7M        62M       1.6G

MemTotal:        4016004 kB
MemFree:         1763708 kB
Active:           465452 kB
Mem:          3.8G       2.1G       1.7G       5.7M        62M       1.7G

MemTotal:        4016004 kB
MemFree:         1755012 kB
Active:           465484 kB
Mem:          3.8G       2.2G       1.7G       5.7M        62M       1.7G

MemTotal:        4016004 kB
MemFree:         1708524 kB
Active:           465488 kB
Mem:          3.8G       2.2G       1.6G       5.7M        62M       1.7G

MemTotal:        4016004 kB
MemFree:         1684420 kB
Active:           465492 kB
Mem:          3.8G       2.2G       1.6G       5.7M        62M       1.7G

MemTotal:        4016004 kB
MemFree:         1650736 kB
Active:           465504 kB
Mem:          3.8G       2.3G       1.6G       5.7M        62M       1.8G

MemTotal:        4016004 kB
MemFree:         1604512 kB
Active:           465504 kB
Mem:          3.8G       2.3G       1.5G       5.7M        62M       1.8G

MemTotal:        4016004 kB
MemFree:         1592092 kB
Active:           465508 kB
Mem:          3.8G       2.3G       1.5G       5.7M        62M       1.8G

MemTotal:        4016004 kB
MemFree:         1591940 kB
Active:           465524 kB
Mem:          3.8G       2.3G       1.5G       5.7M        62M       1.8G

MemTotal:        4016004 kB
MemFree:         1592256 kB
Active:           465524 kB
Mem:          3.8G       2.3G       1.5G       5.7M        62M       1.8G

MemTotal:        4016004 kB
MemFree:         1559380 kB
Active:           465536 kB
Mem:          3.8G       2.3G       1.5G       5.7M        62M       1.9G

MemTotal:        4016004 kB
MemFree:         1512228 kB
Active:           465552 kB
Mem:          3.8G       2.4G       1.4G       5.7M        62M       1.9G

MemTotal:        4016004 kB
MemFree:         1466656 kB
Active:           465552 kB
Mem:          3.8G       2.4G       1.4G       5.7M        62M       1.9G

MemTotal:        4016004 kB
MemFree:         1422152 kB
Active:           465560 kB
Mem:          3.8G       2.5G       1.4G       5.7M        62M       2.0G

MemTotal:        4016004 kB
MemFree:         1375680 kB
Active:           465560 kB
Mem:          3.8G       2.5G       1.3G       5.7M        62M       2.0G

MemTotal:        4016004 kB
MemFree:         1328464 kB
Active:           465564 kB
Mem:          3.8G       2.6G       1.3G       5.7M        62M       2.1G

MemTotal:        4016004 kB
MemFree:         1282100 kB
Active:           465536 kB
Mem:          3.8G       2.6G       1.2G       5.7M        62M       2.1G

MemTotal:        4016004 kB
MemFree:         1235996 kB
Active:           465564 kB
Mem:          3.8G       2.7G       1.2G       5.7M        62M       2.2G

MemTotal:        4016004 kB
MemFree:         1230024 kB
Active:           465572 kB
Mem:          3.8G       2.7G       1.2G       5.7M        62M       2.2G

MemTotal:        4016004 kB
MemFree:         1183660 kB
Active:           465572 kB
Mem:          3.8G       2.7G       1.1G       5.7M        62M       2.2G

MemTotal:        4016004 kB
MemFree:         1152624 kB
Active:           465572 kB
Mem:          3.8G       2.7G       1.1G       5.7M        62M       2.2G

MemTotal:        4016004 kB
MemFree:         1150348 kB
Active:           465584 kB
Mem:          3.8G       2.7G       1.1G       5.7M        62M       2.2G

MemTotal:        4016004 kB
MemFree:         1147984 kB
Active:           465556 kB
Mem:          3.8G       2.7G       1.1G       5.7M        62M       2.2G

MemTotal:        4016004 kB
MemFree:         1148400 kB
Active:           467592 kB
Mem:          3.8G       2.7G       1.1G       5.7M        62M       2.2G

MemTotal:        4016004 kB
MemFree:         1148436 kB
Active:           467580 kB
Mem:          3.8G       2.7G       1.1G       5.7M        62M       2.2G

MemTotal:        4016004 kB
MemFree:         1104136 kB
Active:           467644 kB
Mem:          3.8G       2.8G       1.1G       5.7M        62M       2.3G

MemTotal:        4016004 kB
MemFree:         1057400 kB
Active:           467628 kB
Mem:          3.8G       2.8G       1.0G       5.7M        62M       2.3G

MemTotal:        4016004 kB
MemFree:         1011284 kB
Active:           467648 kB
Mem:          3.8G       2.9G       987M       5.7M        62M       2.4G

MemTotal:        4016004 kB
MemFree:          964688 kB
Active:           467656 kB
Mem:          3.8G       2.9G       941M       5.7M        62M       2.4G

MemTotal:        4016004 kB
MemFree:          917904 kB
Active:           467656 kB
Mem:          3.8G       3.0G       896M       5.7M        62M       2.5G

MemTotal:        4016004 kB
MemFree:          870812 kB
Active:           467660 kB
Mem:          3.8G       3.0G       850M       5.7M        62M       2.5G

MemTotal:        4016004 kB
MemFree:          824324 kB
Active:           467660 kB
Mem:          3.8G       3.0G       804M       5.7M        62M       2.5G

MemTotal:        4016004 kB
MemFree:          777796 kB
Active:           467700 kB
Mem:          3.8G       3.1G       759M       5.7M        62M       2.6G

MemTotal:        4016004 kB
MemFree:          731452 kB
Active:           467680 kB
Mem:          3.8G       3.1G       714M       5.7M        62M       2.6G

MemTotal:        4016004 kB
MemFree:          684380 kB
Active:           467700 kB
Mem:          3.8G       3.2G       668M       5.7M        62M       2.7G

MemTotal:        4016004 kB
MemFree:          638280 kB
Active:           467708 kB
Mem:          3.8G       3.2G       622M       5.7M        62M       2.7G

MemTotal:        4016004 kB
MemFree:          598088 kB
Active:           467708 kB
Mem:          3.8G       3.3G       583M       5.7M        62M       2.8G

MemTotal:        4016004 kB
MemFree:          597716 kB
Active:           467712 kB
Mem:          3.8G       3.3G       583M       5.7M        62M       2.8G

MemTotal:        4016004 kB
MemFree:          554284 kB
Active:           467692 kB
Mem:          3.8G       3.3G       541M       5.7M        62M       2.8G

MemTotal:        4016004 kB
MemFree:          506948 kB
Active:           467724 kB
Mem:          3.8G       3.3G       494M       5.7M        62M       2.8G

MemTotal:        4016004 kB
MemFree:          459940 kB
Active:           467728 kB
Mem:          3.8G       3.4G       448M       5.7M        62M       2.9G

MemTotal:        4016004 kB
MemFree:          413748 kB
Active:           467672 kB
Mem:          3.8G       3.4G       403M       5.7M        62M       2.9G

MemTotal:        4016004 kB
MemFree:          366516 kB
Active:           467728 kB
Mem:          3.8G       3.5G       357M       5.7M        62M       3.0G

MemTotal:        4016004 kB
MemFree:          319160 kB
Active:           467728 kB
Mem:          3.8G       3.5G       311M       5.7M        63M       3.0G

MemTotal:        4016004 kB
MemFree:          272688 kB
Active:           467692 kB
Mem:          3.8G       3.6G       265M       5.7M        63M       3.1G

MemTotal:        4016004 kB
MemFree:          225360 kB
Active:           467744 kB
Mem:          3.8G       3.6G       219M       5.7M        63M       3.1G

MemTotal:        4016004 kB
MemFree:          178240 kB
Active:           467744 kB
Mem:          3.8G       3.7G       173M       5.7M        63M       3.2G

MemTotal:        4016004 kB
MemFree:          131736 kB
Active:           467744 kB
Mem:          3.8G       3.7G       128M       5.7M        63M       3.2G

MemTotal:        4016004 kB
MemFree:          120808 kB
Active:           464644 kB
Mem:          3.8G       3.7G       116M       5.7M        31M       3.2G

MemTotal:        4016004 kB
MemFree:          134868 kB
Active:           478076 kB
Mem:          3.8G       3.7G       131M       5.7M        29M       3.2G

MemTotal:        4016004 kB
MemFree:          118748 kB
Active:           478088 kB
Mem:          3.8G       3.7G       115M       5.7M        29M       3.2G

MemTotal:        4016004 kB
MemFree:          123352 kB
Active:           522084 kB
Mem:          3.8G       3.7G       109M       5.7M        29M       3.2G

MemTotal:        4016004 kB
MemFree:          118716 kB
Active:           522516 kB
Mem:          3.8G       3.7G       113M       5.7M        29M       3.2G

MemTotal:        4016004 kB
MemFree:          107560 kB
Active:           519168 kB
Mem:          3.8G       3.7G       104M       5.7M        29M       3.3G

MemTotal:        4016004 kB
MemFree:          126176 kB
Active:           512516 kB
Mem:          3.8G       3.7G       123M       5.7M        29M       3.2G

MemTotal:        4016004 kB
MemFree:          133240 kB
Active:           506500 kB
Mem:          3.8G       3.7G       129M       5.7M        29M       3.2G

MemTotal:        4016004 kB
MemFree:          110040 kB
Active:           504196 kB
Mem:          3.8G       3.7G       107M       5.7M        29M       3.2G

MemTotal:        4016004 kB
MemFree:          135124 kB
Active:           493512 kB
Mem:          3.8G       3.7G       131M       5.7M        29M       3.2G

MemTotal:        4016004 kB
MemFree:          138064 kB
Active:           487756 kB
Mem:          3.8G       3.7G       134M       5.7M        29M       3.2G

MemTotal:        4016004 kB
MemFree:          143692 kB
Active:           481616 kB
Mem:          3.8G       3.7G       140M       5.7M        29M       3.2G

MemTotal:        4016004 kB
MemFree:          133744 kB
Active:           478160 kB
Mem:          3.8G       3.7G       130M       5.7M        29M       3.2G

MemTotal:        4016004 kB
MemFree:          126740 kB
Active:           478040 kB
Mem:          3.8G       3.7G       123M       5.7M        29M       3.2G

MemTotal:        4016004 kB
MemFree:          133600 kB
Active:           476456 kB
Mem:          3.8G       3.7G       129M       5.7M        29M       3.2G

MemTotal:        4016004 kB
MemFree:          134360 kB
Active:           472652 kB
Mem:          3.8G       3.7G       130M       5.7M        29M       3.2G

MemTotal:        4016004 kB
MemFree:          131304 kB
Active:           470736 kB
Mem:          3.8G       3.7G       127M       5.7M        29M       3.2G

MemTotal:        4016004 kB
MemFree:          108960 kB
Active:           469968 kB
Mem:          3.8G       3.7G       106M       5.7M        29M       3.2G

MemTotal:        4016004 kB
MemFree:          134596 kB
Active:           465708 kB
Mem:          3.8G       3.7G       131M       5.7M        29M       3.2G

MemTotal:        4016004 kB
MemFree:          140268 kB
Active:           463672 kB
Mem:          3.8G       3.7G       136M       5.7M        29M       3.2G

MemTotal:        4016004 kB
MemFree:          130108 kB
Active:           462648 kB
Mem:          3.8G       3.7G       126M       5.7M        29M       3.2G

MemTotal:        4016004 kB
MemFree:          119036 kB
Active:           461500 kB
Mem:          3.8G       3.7G       116M       5.7M        29M       3.2G

MemTotal:        4016004 kB
MemFree:          125268 kB
Active:           459324 kB
Mem:          3.8G       3.7G       122M       5.7M        29M       3.2G

MemTotal:        4016004 kB
MemFree:          114452 kB
Active:           458300 kB
Mem:          3.8G       3.7G       111M       5.7M        29M       3.2G

MemTotal:        4016004 kB
MemFree:          127864 kB
Active:           456388 kB
Mem:          3.8G       3.7G       124M       5.7M        29M       3.2G

MemTotal:        4016004 kB
MemFree:          117660 kB
Active:           455244 kB
Mem:          3.8G       3.7G       115M       5.7M        29M       3.2G

MemTotal:        4016004 kB
MemFree:          116280 kB
Active:           455116 kB
Mem:          3.8G       3.7G       113M       5.7M        29M       3.2G

MemTotal:        4016004 kB
MemFree:          120312 kB
Active:           451780 kB
Mem:          3.8G       3.7G       117M       5.7M        29M       3.2G

MemTotal:        4016004 kB
MemFree:          126944 kB
Active:           449476 kB
Mem:          3.8G       3.7G       123M       5.7M        29M       3.2G

MemTotal:        4016004 kB
MemFree:          141852 kB
Active:           443444 kB
Mem:          3.8G       3.7G       138M       5.7M        29M       3.2G

MemTotal:        4016004 kB
MemFree:          131076 kB
Active:           442428 kB
Mem:          3.8G       3.7G       128M       5.7M        29M       3.2G

MemTotal:        4016004 kB
MemFree:          120216 kB
Active:           441280 kB
Mem:          3.8G       3.7G       116M       5.7M        29M       3.2G

MemTotal:        4016004 kB
MemFree:          125868 kB
Active:           439108 kB
Mem:          3.8G       3.7G       122M       5.7M        29M       3.2G

MemTotal:        4016004 kB
MemFree:          114520 kB
Active:           438084 kB
Mem:          3.8G       3.7G       111M       5.7M        29M       3.2G

MemTotal:        4016004 kB
MemFree:          104868 kB
Active:           436932 kB
Mem:          3.8G       3.7G       124M       5.7M        29M       3.2G

MemTotal:        4016004 kB
MemFree:          127500 kB
Active:           434508 kB
Mem:          3.8G       3.7G       123M       5.7M        29M       3.2G

MemTotal:        4016004 kB
MemFree:          119220 kB
Active:           432972 kB
Mem:          3.8G       3.7G       116M       5.7M        29M       3.2G

MemTotal:        4016004 kB
MemFree:          109860 kB
Active:           431820 kB
Mem:          3.8G       3.7G       106M       5.7M        29M       3.2G

MemTotal:        4016004 kB
MemFree:          114352 kB
Active:           429784 kB
Mem:          3.8G       3.7G       111M       5.7M        29M       3.2G

MemTotal:        4016004 kB
MemFree:          115076 kB
Active:           428120 kB
Mem:          3.8G       3.7G       112M       5.7M        29M       3.2G

MemTotal:        4016004 kB
MemFree:          119468 kB
Active:           426456 kB
Mem:          3.8G       3.7G       116M       5.7M        29M       3.2G

MemTotal:        4016004 kB
MemFree:          108096 kB
Active:           425432 kB
Mem:          3.8G       3.7G       105M       5.7M        29M       3.2G

MemTotal:        4016004 kB
MemFree:          133592 kB
Active:           423136 kB
Mem:          3.8G       3.7G       130M       5.7M        29M       3.2G

MemTotal:        4016004 kB
MemFree:          137708 kB
Active:           421472 kB
Mem:          3.8G       3.7G       133M       5.7M        29M       3.2G

MemTotal:        4016004 kB
MemFree:          136156 kB
Active:           421424 kB
Mem:          3.8G       3.7G       132M       5.7M        29M       3.2G

MemTotal:        4016004 kB
MemFree:          135848 kB
Active:           421456 kB
Mem:          3.8G       3.7G       132M       5.7M        29M       3.2G

MemTotal:        4016004 kB
MemFree:          135976 kB
Active:           421468 kB
Mem:          3.8G       3.7G       132M       5.7M        29M       3.2G

MemTotal:        4016004 kB
MemFree:          111780 kB
Active:           421472 kB
Mem:          3.8G       3.7G       108M       5.7M        29M       3.2G

MemTotal:        4016004 kB
MemFree:          124972 kB
Active:           419724 kB
Mem:          3.8G       3.7G       121M       5.7M        29M       3.2G

MemTotal:        4016004 kB
MemFree:          138724 kB
Active:           417916 kB
Mem:          3.8G       3.7G       135M       5.7M        29M       3.2G

MemTotal:        4016004 kB
MemFree:          128420 kB
Active:           416780 kB
Mem:          3.8G       3.7G       124M       5.7M        29M       3.2G

MemTotal:        4016004 kB
MemFree:          116876 kB
Active:           415604 kB
Mem:          3.8G       3.7G       114M       5.7M        29M       3.2G

MemTotal:        4016004 kB
MemFree:          124276 kB
Active:           413972 kB
Mem:          3.8G       3.7G       120M       5.7M        29M       3.2G

MemTotal:        4016004 kB
MemFree:          112900 kB
Active:           412820 kB
Mem:          3.8G       3.7G       110M       5.7M        29M       3.2G

MemTotal:        4016004 kB
MemFree:          126920 kB
Active:           410900 kB
Mem:          3.8G       3.7G       123M       5.7M        29M       3.2G

MemTotal:        4016004 kB
MemFree:          106976 kB
Active:           410132 kB
Mem:          3.8G       3.7G       103M       5.7M        29M       3.3G

MemTotal:        4016004 kB
MemFree:          113148 kB
Active:           408340 kB
Mem:          3.8G       3.7G       110M       5.7M        29M       3.2G

MemTotal:        4016004 kB
MemFree:          126656 kB
Active:           404604 kB
Mem:          3.8G       3.7G       123M       5.7M        29M       3.2G

MemTotal:        4016004 kB
MemFree:          132316 kB
Active:           403200 kB
Mem:          3.8G       3.7G       128M       5.7M        29M       3.2G

MemTotal:        4016004 kB
MemFree:          130004 kB
Active:           403072 kB
Mem:          3.8G       3.7G       126M       5.7M        29M       3.2G

MemTotal:        4016004 kB
MemFree:          129288 kB
Active:           403220 kB
Mem:          3.8G       3.7G       126M       5.7M        29M       3.2G

MemTotal:        4016004 kB
MemFree:          107116 kB
Active:           402600 kB
Mem:          3.8G       3.7G       104M       5.7M        29M       3.2G

MemTotal:        4016004 kB
MemFree:          121864 kB
Active:           400680 kB
Mem:          3.8G       3.7G       118M       5.7M        29M       3.2G

MemTotal:        4016004 kB
MemFree:          125208 kB
Active:           398996 kB
Mem:          3.8G       3.7G       122M       5.7M        29M       3.2G

MemTotal:        4016004 kB
MemFree:          120048 kB
Active:           396572 kB
Mem:          3.8G       3.7G       117M       5.7M        29M       3.2G

MemTotal:        4016004 kB
MemFree:          126876 kB
Active:           396576 kB
Mem:          3.8G       3.7G       123M       5.7M        29M       3.2G

MemTotal:        4016004 kB
MemFree:          109804 kB
Active:           396576 kB
Mem:          3.8G       3.7G       107M       5.7M        29M       3.2G

MemTotal:        4016004 kB
MemFree:          123460 kB
Active:           396580 kB
Mem:          3.8G       3.7G       120M       5.7M        29M       3.2G

MemTotal:        4016004 kB
MemFree:          125116 kB
Active:           396580 kB
Mem:          3.8G       3.7G       122M       5.7M        29M       3.2G

MemTotal:        4016004 kB
MemFree:          120480 kB
Active:           396588 kB
Mem:          3.8G       3.7G       117M       5.7M        29M       3.2G

MemTotal:        4016004 kB
MemFree:          127172 kB
Active:           396516 kB
Mem:          3.8G       3.7G       123M       5.7M        29M       3.2G

MemTotal:        4016004 kB
MemFree:          125308 kB
Active:           396516 kB
Mem:          3.8G       3.7G       121M       5.7M        29M       3.2G

MemTotal:        4016004 kB
MemFree:          122996 kB
Active:           396524 kB
Mem:          3.8G       3.7G       119M       5.7M        29M       3.2G

MemTotal:        4016004 kB
MemFree:          122716 kB
Active:           396512 kB
Mem:          3.8G       3.7G       119M       5.7M        29M       3.2G

MemTotal:        4016004 kB
MemFree:          122496 kB
Active:           396556 kB
Mem:          3.8G       3.7G       119M       5.7M        29M       3.2G

MemTotal:        4016004 kB
MemFree:          112548 kB
Active:           396524 kB
Mem:          3.8G       3.7G       109M       5.7M        29M       3.2G

MemTotal:        4016004 kB
MemFree:          126292 kB
Active:           396516 kB
Mem:          3.8G       3.7G       122M       5.7M        29M       3.2G

MemTotal:        4016004 kB
MemFree:          111284 kB
Active:           396564 kB
Mem:          3.8G       3.7G       108M       5.7M        29M       3.2G

MemTotal:        4016004 kB
MemFree:          124472 kB
Active:           396544 kB
Mem:          3.8G       3.7G       120M       5.7M        29M       3.2G

MemTotal:        4016004 kB
MemFree:          113188 kB
Active:           396524 kB
Mem:          3.8G       3.7G       110M       5.7M        29M       3.2G

MemTotal:        4016004 kB
MemFree:          127128 kB
Active:           396572 kB
Mem:          3.8G       3.7G       123M       5.7M        29M       3.2G

MemTotal:        4016004 kB
MemFree:          123112 kB
Active:           396572 kB
Mem:          3.8G       3.7G       119M       5.7M        29M       3.2G

MemTotal:        4016004 kB
MemFree:          123584 kB
Active:           396576 kB
Mem:          3.8G       3.7G       120M       5.7M        29M       3.2G

MemTotal:        4016004 kB
MemFree:          136316 kB
Active:           396580 kB
Mem:          3.8G       3.7G       133M       5.7M        29M       3.2G

MemTotal:        4016004 kB
MemFree:          136804 kB
Active:           395996 kB
Mem:          3.8G       3.7G       133M       5.7M        29M       3.2G

MemTotal:        4016004 kB
MemFree:          127788 kB
Active:           395952 kB
Mem:          3.8G       3.7G       124M       5.7M        29M       3.2G

MemTotal:        4016004 kB
MemFree:          115692 kB
Active:           395952 kB
Mem:          3.8G       3.7G       112M       5.7M        29M       3.2G

MemTotal:        4016004 kB
MemFree:          143580 kB
Active:           395924 kB
Mem:          3.8G       3.7G       140M       5.7M        29M       3.2G

MemTotal:        4016004 kB
MemFree:          136108 kB
Active:           395976 kB
Mem:          3.8G       3.7G       132M       5.7M        29M       3.2G

MemTotal:        4016004 kB
MemFree:          135984 kB
Active:           395948 kB
Mem:          3.8G       3.7G       132M       5.7M        29M       3.2G

MemTotal:        4016004 kB
MemFree:          111544 kB
Active:           395944 kB
Mem:          3.8G       3.7G       108M       5.7M        29M       3.2G

MemTotal:        4016004 kB
MemFree:          124056 kB
Active:           396020 kB
Mem:          3.8G       3.7G       120M       5.7M        29M       3.2G

MemTotal:        4016004 kB
MemFree:          126200 kB
Active:           396292 kB
Mem:          3.8G       3.7G       122M       5.7M        29M       3.2G

MemTotal:        4016004 kB
MemFree:          114312 kB
Active:           396040 kB
Mem:          3.8G       3.7G       111M       5.7M        29M       3.2G

MemTotal:        4016004 kB
MemFree:          127736 kB
Active:           396040 kB
Mem:          3.8G       3.7G       124M       5.7M        29M       3.2G

MemTotal:        4016004 kB
MemFree:          106708 kB
Active:           394176 kB
Mem:          3.8G       3.7G       103M       5.7M        29M       3.2G

MemTotal:        4016004 kB
MemFree:          112176 kB
Active:           394184 kB
Mem:          3.8G       3.7G       109M       5.7M        29M       3.2G

MemTotal:        4016004 kB
MemFree:          125652 kB
Active:           394184 kB
Mem:          3.8G       3.7G       122M       5.7M        29M       3.2G

MemTotal:        4016004 kB
MemFree:          120320 kB
Active:           394184 kB
Mem:          3.8G       3.7G       117M       5.7M        29M       3.2G

MemTotal:        4016004 kB
MemFree:          108544 kB
Active:           394184 kB
Mem:          3.8G       3.7G       105M       5.7M        29M       3.2G

MemTotal:        4016004 kB
MemFree:          136756 kB
Active:           394196 kB
Mem:          3.8G       3.7G       133M       5.7M        29M       3.2G

MemTotal:        4016004 kB
MemFree:          136552 kB
Active:           394160 kB
Mem:          3.8G       3.7G       133M       5.7M        29M       3.2G

MemTotal:        4016004 kB
MemFree:          135968 kB
Active:           394148 kB
Mem:          3.8G       3.7G       132M       5.7M        29M       3.2G

MemTotal:        4016004 kB
MemFree:          136636 kB
Active:           394208 kB
Mem:          3.8G       3.7G       132M       5.7M        29M       3.2G

MemTotal:        4016004 kB
MemFree:          125000 kB
Active:           394160 kB
Mem:          3.8G       3.7G       122M       5.7M        29M       3.2G

MemTotal:        4016004 kB
MemFree:          128540 kB
Active:           393208 kB
Mem:          3.8G       3.7G       124M       5.7M        29M       3.2G

MemTotal:        4016004 kB
MemFree:          129808 kB
Active:           393052 kB
Mem:          3.8G       3.7G       126M       5.7M        29M       3.2G

MemTotal:        4016004 kB
MemFree:          128704 kB
Active:           393072 kB
Mem:          3.8G       3.7G       125M       5.7M        29M       3.2G

MemTotal:        4016004 kB
MemFree:          119432 kB
Active:           393100 kB
Mem:          3.8G       3.7G       115M       5.7M        29M       3.2G

MemTotal:        4016004 kB
MemFree:          141452 kB
Active:           393092 kB
Mem:          3.8G       3.7G       138M       5.7M        29M       3.2G

MemTotal:        4016004 kB
MemFree:          108172 kB
Active:           393096 kB
Mem:          3.8G       3.7G       105M       5.7M        29M       3.2G

MemTotal:        4016004 kB
MemFree:          134748 kB
Active:           393112 kB
Mem:          3.8G       3.7G       131M       5.7M        29M       3.2G

MemTotal:        4016004 kB
MemFree:          124008 kB
Active:           393112 kB
Mem:          3.8G       3.7G       120M       5.7M        29M       3.2G

MemTotal:        4016004 kB
MemFree:          128788 kB
Active:           388308 kB
Mem:          3.8G       3.7G       125M       5.7M        29M       3.2G

MemTotal:        4016004 kB
MemFree:          119580 kB
Active:           388052 kB
Mem:          3.8G       3.7G       116M       5.7M        29M       3.2G

MemTotal:        4016004 kB
MemFree:          128716 kB
Active:           388072 kB
Mem:          3.8G       3.7G       125M       5.7M        29M       3.2G

MemTotal:        4016004 kB
MemFree:          124616 kB
Active:           388076 kB
Mem:          3.8G       3.7G       121M       5.7M        29M       3.2G

MemTotal:        4016004 kB
MemFree:          108424 kB
Active:           388084 kB
Mem:          3.8G       3.7G       105M       5.7M        29M       3.2G

MemTotal:        4016004 kB
MemFree:          132804 kB
Active:           388084 kB
Mem:          3.8G       3.7G       129M       5.7M        29M       3.2G

MemTotal:        4016004 kB
MemFree:          136464 kB
Active:           388084 kB
Mem:          3.8G       3.7G       133M       5.7M        29M       3.2G

MemTotal:        4016004 kB
MemFree:          143460 kB
Active:           388036 kB
Mem:          3.8G       3.7G       139M       5.7M        29M       3.2G

MemTotal:        4016004 kB
MemFree:          134280 kB
Active:           386140 kB
Mem:          3.8G       3.7G       130M       5.7M        29M       3.2G

MemTotal:        4016004 kB
MemFree:          135032 kB
Active:           385956 kB
Mem:          3.8G       3.7G       131M       5.7M        29M       3.2G

MemTotal:        4016004 kB
MemFree:          115584 kB
Active:           385964 kB
Mem:          3.8G       3.7G       112M       5.7M        29M       3.2G

MemTotal:        4016004 kB
MemFree:          105016 kB
Active:           386016 kB
Mem:          3.8G       3.7G       107M       5.7M        29M       3.2G

MemTotal:        4016004 kB
MemFree:          113616 kB
Active:           386016 kB
Mem:          3.8G       3.7G       110M       5.7M        29M       3.2G

MemTotal:        4016004 kB
MemFree:          108712 kB
Active:           386016 kB
Mem:          3.8G       3.7G       106M       5.7M        29M       3.2G

MemTotal:        4016004 kB
MemFree:          127528 kB
Active:           386028 kB
Mem:          3.8G       3.7G       124M       5.7M        29M       3.2G

MemTotal:        4016004 kB
MemFree:          123432 kB
Active:           386028 kB
Mem:          3.8G       3.7G       120M       5.7M        29M       3.2G

MemTotal:        4016004 kB
MemFree:          126428 kB
Active:           386032 kB
Mem:          3.8G       3.7G       122M       5.7M        29M       3.2G

MemTotal:        4016004 kB
MemFree:          121204 kB
Active:           386032 kB
Mem:          3.8G       3.7G       118M       5.7M        29M       3.2G

MemTotal:        4016004 kB
MemFree:          176176 kB
Active:           335708 kB
Mem:          3.8G       3.7G       171M       5.7M        29M       3.2G

MemTotal:        4016004 kB
MemFree:          129940 kB
Active:           335556 kB
Mem:          3.8G       3.7G       126M       5.7M        29M       3.2G

MemTotal:        4016004 kB
MemFree:          120488 kB
Active:           335576 kB
Mem:          3.8G       3.7G       116M       5.7M        29M       3.2G

MemTotal:        4016004 kB
MemFree:          110240 kB
Active:           335620 kB
Mem:          3.8G       3.7G       106M       5.7M        29M       3.2G

MemTotal:        4016004 kB
MemFree:          113576 kB
Active:           335636 kB
Mem:          3.8G       3.7G       111M       5.7M        29M       3.2G

MemTotal:        4016004 kB
MemFree:          113604 kB
Active:           335628 kB
Mem:          3.8G       3.7G       110M       5.7M        29M       3.2G

MemTotal:        4016004 kB
MemFree:          113888 kB
Active:           335592 kB
Mem:          3.8G       3.7G       111M       5.7M        29M       3.2G

MemTotal:        4016004 kB
MemFree:          120632 kB
Active:           335632 kB
Mem:          3.8G       3.7G       117M       5.7M        29M       3.2G

MemTotal:        4016004 kB
MemFree:          110456 kB
Active:           335608 kB
Mem:          3.8G       3.7G       107M       5.7M        29M       3.2G

MemTotal:        4016004 kB
MemFree:          125172 kB
Active:           335644 kB
Mem:          3.8G       3.7G       122M       5.7M        29M       3.2G

MemTotal:        4016004 kB
MemFree:          108424 kB
Active:           335652 kB
Mem:          3.8G       3.7G       105M       5.7M        29M       3.2G

MemTotal:        4016004 kB
MemFree:          135096 kB
Active:           335652 kB
Mem:          3.8G       3.7G       131M       5.7M        29M       3.2G

MemTotal:        4016004 kB
MemFree:          142424 kB
Active:           335624 kB
Mem:          3.8G       3.7G       138M       5.7M        29M       3.2G

MemTotal:        4016004 kB
MemFree:          132532 kB
Active:           334692 kB
Mem:          3.8G       3.7G       129M       5.7M        29M       3.2G

MemTotal:        4016004 kB
MemFree:          108020 kB
Active:           334576 kB
Mem:          3.8G       3.7G       104M       5.7M        29M       3.2G

MemTotal:        4016004 kB
MemFree:          117416 kB
Active:           334584 kB
Mem:          3.8G       3.7G       114M       5.7M        29M       3.2G

MemTotal:        4016004 kB
MemFree:          108168 kB
Active:           334584 kB
Mem:          3.8G       3.7G       105M       5.7M        29M       3.2G

MemTotal:        4016004 kB
MemFree:          127100 kB
Active:           334596 kB
Mem:          3.8G       3.7G       124M       5.7M        29M       3.2G

MemTotal:        4016004 kB
MemFree:          110584 kB
Active:           334596 kB
Mem:          3.8G       3.7G       108M       5.7M        29M       3.2G

MemTotal:        4016004 kB
MemFree:          126608 kB
Active:           334596 kB
Mem:          3.8G       3.7G       123M       5.7M        29M       3.2G

MemTotal:        4016004 kB
MemFree:          117368 kB
Active:           334608 kB
Mem:          3.8G       3.7G       113M       5.7M        29M       3.2G

MemTotal:        4016004 kB
MemFree:          118212 kB
Active:           334616 kB
Mem:          3.8G       3.7G       114M       5.7M        29M       3.2G

MemTotal:        4016004 kB
MemFree:          109288 kB
Active:           334576 kB
Mem:          3.8G       3.7G       106M       5.7M        29M       3.2G

MemTotal:        4016004 kB
MemFree:          123304 kB
Active:           324180 kB
Mem:          3.8G       3.7G       119M       5.7M        29M       3.2G

MemTotal:        4016004 kB
MemFree:          108148 kB
Active:           324012 kB
Mem:          3.8G       3.7G       105M       5.7M        29M       3.2G

MemTotal:        4016004 kB
MemFree:          124468 kB
Active:           324060 kB
Mem:          3.8G       3.7G       120M       5.7M        29M       3.2G

MemTotal:        4016004 kB
MemFree:          127888 kB
Active:           324020 kB
Mem:          3.8G       3.7G       124M       5.7M        29M       3.2G

MemTotal:        4016004 kB
MemFree:          124956 kB
Active:           324064 kB
Mem:          3.8G       3.7G       121M       5.7M        29M       3.2G

MemTotal:        4016004 kB
MemFree:          126348 kB
Active:           324076 kB
Mem:          3.8G       3.7G       122M       5.7M        29M       3.2G

MemTotal:        4016004 kB
MemFree:          123272 kB
Active:           324076 kB
Mem:          3.8G       3.7G       119M       5.7M        29M       3.2G

MemTotal:        4016004 kB
MemFree:          130096 kB
Active:           324084 kB
Mem:          3.8G       3.7G       133M       5.7M        29M       3.2G

MemTotal:        4016004 kB
MemFree:          128000 kB
Active:           323956 kB
Mem:          3.8G       3.7G       124M       5.7M        29M       3.2G

MemTotal:        4016004 kB
MemFree:          127532 kB
Active:           323960 kB
Mem:          3.8G       3.7G       124M       5.7M        29M       3.2G

MemTotal:        4016004 kB
MemFree:          123488 kB
Active:           323976 kB
Mem:          3.8G       3.7G       120M       5.7M        29M       3.2G

MemTotal:        4016004 kB
MemFree:          109456 kB
Active:           323976 kB
Mem:          3.8G       3.7G       106M       5.7M        29M       3.2G

MemTotal:        4016004 kB
MemFree:          126548 kB
Active:           322824 kB
Mem:          3.8G       3.7G       123M       5.7M        29M       3.2G

MemTotal:        4016004 kB
MemFree:          122304 kB
Active:           322828 kB
Mem:          3.8G       3.7G       119M       5.7M        29M       3.2G

MemTotal:        4016004 kB
MemFree:          127708 kB
Active:           322832 kB
Mem:          3.8G       3.7G       124M       5.7M        29M       3.2G

MemTotal:        4016004 kB
MemFree:          123660 kB
Active:           322832 kB
Mem:          3.8G       3.7G       120M       5.7M        29M       3.2G

MemTotal:        4016004 kB
MemFree:          126244 kB
Active:           322832 kB
Mem:          3.8G       3.7G       122M       5.7M        29M       3.2G

MemTotal:        4016004 kB
MemFree:          121172 kB
Active:           322840 kB
Mem:          3.8G       3.7G       118M       5.7M        29M       3.2G

MemTotal:        4016004 kB
MemFree:          136192 kB
Active:           322852 kB
Mem:          3.8G       3.7G       132M       5.7M        29M       3.2G

MemTotal:        4016004 kB
MemFree:          104872 kB
Active:           322856 kB
Mem:          3.8G       3.7G       107M       5.7M        29M       3.2G

MemTotal:        4016004 kB
MemFree:          107060 kB
Active:           322840 kB
Mem:          3.8G       3.7G       104M       5.7M        29M       3.2G

MemTotal:        4016004 kB
MemFree:          104864 kB
Active:           322868 kB
Mem:          3.8G       3.7G       105M       5.7M        29M       3.2G

MemTotal:        4016004 kB
MemFree:          128364 kB
Active:           322836 kB
Mem:          3.8G       3.7G       124M       5.7M        29M       3.2G

MemTotal:        4016004 kB
MemFree:          124912 kB
Active:           322820 kB
Mem:          3.8G       3.7G       121M       5.7M        29M       3.2G

MemTotal:        4016004 kB
MemFree:          114504 kB
Active:           322872 kB
Mem:          3.8G       3.7G       111M       5.7M        29M       3.2G

MemTotal:        4016004 kB
MemFree:          135432 kB
Active:           322876 kB
Mem:          3.8G       3.7G       131M       5.7M        29M       3.2G

MemTotal:        4016004 kB
MemFree:          121208 kB
Active:           319640 kB
Mem:          3.8G       3.7G       117M       5.7M        29M       3.2G

MemTotal:        4016004 kB
MemFree:          118888 kB
Active:           319772 kB
Mem:          3.8G       3.7G       115M       5.7M        29M       3.2G

MemTotal:        4016004 kB
MemFree:          109232 kB
Active:           319664 kB
Mem:          3.8G       3.7G       106M       5.7M        29M       3.2G

MemTotal:        4016004 kB
MemFree:          136192 kB
Active:           319664 kB
Mem:          3.8G       3.7G       132M       5.7M        29M       3.2G

MemTotal:        4016004 kB
MemFree:          137044 kB
Active:           319652 kB
Mem:          3.8G       3.7G       133M       5.7M        29M       3.2G

MemTotal:        4016004 kB
MemFree:          126808 kB
Active:           319664 kB
Mem:          3.8G       3.7G       123M       5.7M        29M       3.2G

MemTotal:        4016004 kB
MemFree:          115332 kB
Active:           319624 kB
Mem:          3.8G       3.7G       112M       5.7M        29M       3.2G

MemTotal:        4016004 kB
MemFree:          106048 kB
Active:           319720 kB
Mem:          3.8G       3.7G       103M       5.7M        29M       3.2G

MemTotal:        4016004 kB
MemFree:          130804 kB
Active:           319720 kB
Mem:          3.8G       3.7G       127M       5.7M        29M       3.2G

MemTotal:        4016004 kB
MemFree:          127632 kB
Active:           319720 kB
Mem:          3.8G       3.7G       124M       5.7M        29M       3.2G

MemTotal:        4016004 kB
MemFree:          123204 kB
Active:           319680 kB
Mem:          3.8G       3.7G       120M       5.7M        29M       3.2G

MemTotal:        4016004 kB
MemFree:          113112 kB
Active:           319720 kB
Mem:          3.8G       3.7G       110M       5.7M        29M       3.2G

MemTotal:        4016004 kB
MemFree:          134556 kB
Active:           319728 kB
Mem:          3.8G       3.7G       130M       5.7M        29M       3.2G

MemTotal:        4016004 kB
MemFree:          145196 kB
Active:           318736 kB
Mem:          3.8G       3.7G       141M       5.7M        29M       3.2G

MemTotal:        4016004 kB
MemFree:          122968 kB
Active:           318600 kB
Mem:          3.8G       3.7G       120M       5.7M        29M       3.2G

MemTotal:        4016004 kB
MemFree:          126484 kB
Active:           318576 kB
Mem:          3.8G       3.7G       123M       5.7M        29M       3.2G

MemTotal:        4016004 kB
MemFree:          139300 kB
Active:           318612 kB
Mem:          3.8G       3.7G       135M       5.7M        29M       3.2G

MemTotal:        4016004 kB
MemFree:          130396 kB
Active:           318604 kB
Mem:          3.8G       3.7G       127M       5.7M        29M       3.2G

MemTotal:        4016004 kB
MemFree:          117116 kB
Active:           318604 kB
Mem:          3.8G       3.7G       113M       5.7M        29M       3.2G

MemTotal:        4016004 kB
MemFree:          105848 kB
Active:           318636 kB
Mem:          3.8G       3.7G       102M       5.7M        29M       3.2G

MemTotal:        4016004 kB
MemFree:          111516 kB
Active:           318636 kB
Mem:          3.8G       3.7G       108M       5.7M        29M       3.2G

MemTotal:        4016004 kB
MemFree:          116488 kB
Active:           318636 kB
Mem:          3.8G       3.7G       113M       5.7M        29M       3.2G

MemTotal:        4016004 kB
MemFree:          118300 kB
Active:           318592 kB
Mem:          3.8G       3.7G       115M       5.7M        29M       3.2G

MemTotal:        4016004 kB
MemFree:          120868 kB
Active:           318644 kB
Mem:          3.8G       3.7G       117M       5.7M        29M       3.2G

MemTotal:        4016004 kB
MemFree:          111980 kB
Active:           318644 kB
Mem:          3.8G       3.7G       109M       5.7M        29M       3.2G

MemTotal:        4016004 kB
MemFree:          125616 kB
Active:           318608 kB
Mem:          3.8G       3.7G       122M       5.7M        29M       3.2G

MemTotal:        4016004 kB
MemFree:          126792 kB
Active:           318644 kB
Mem:          3.8G       3.7G       123M       5.7M        29M       3.2G

MemTotal:        4016004 kB
MemFree:          120624 kB
Active:           318600 kB
Mem:          3.8G       3.7G       117M       5.7M        29M       3.2G

MemTotal:        4016004 kB
MemFree:          110780 kB
Active:           318652 kB
Mem:          3.8G       3.7G       107M       5.7M        29M       3.2G

MemTotal:        4016004 kB
MemFree:          114704 kB
Active:           315796 kB
Mem:          3.8G       3.7G       112M       5.7M        29M       3.2G

MemTotal:        4016004 kB
MemFree:          126940 kB
Active:           315592 kB
Mem:          3.8G       3.7G       124M       5.7M        29M       3.2G

MemTotal:        4016004 kB
MemFree:          120904 kB
Active:           315640 kB
Mem:          3.8G       3.7G       117M       5.7M        29M       3.2G

MemTotal:        4016004 kB
MemFree:          120016 kB
Active:           315768 kB
Mem:          3.8G       3.7G       117M       5.7M        29M       3.2G

MemTotal:        4016004 kB
MemFree:          136908 kB
Active:           315504 kB
Mem:          3.8G       3.7G       133M       5.7M        29M       3.2G

MemTotal:        4016004 kB
MemFree:          137452 kB
Active:           315300 kB
Mem:          3.8G       3.7G       133M       5.7M        29M       3.2G

MemTotal:        4016004 kB
MemFree:          137452 kB
Active:           315304 kB
Mem:          3.8G       3.7G       133M       5.7M        29M       3.2G

MemTotal:        4016004 kB
MemFree:          137328 kB
Active:           315300 kB
Mem:          3.8G       3.7G       133M       5.7M        29M       3.2G

MemTotal:        4016004 kB
MemFree:          137328 kB
Active:           315348 kB
Mem:          3.8G       3.7G       133M       5.7M        29M       3.2G

MemTotal:        4016004 kB
MemFree:          137328 kB
Active:           315348 kB
Mem:          3.8G       3.7G       133M       5.7M        29M       3.2G

MemTotal:        4016004 kB
MemFree:          137328 kB
Active:           315308 kB
Mem:          3.8G       3.7G       133M       5.7M        29M       3.2G

MemTotal:        4016004 kB
MemFree:          136956 kB
Active:           315308 kB
Mem:          3.8G       3.7G       133M       5.7M        29M       3.2G

MemTotal:        4016004 kB
MemFree:          136956 kB
Active:           315316 kB
Mem:          3.8G       3.7G       133M       5.7M        29M       3.2G

MemTotal:        4016004 kB
MemFree:          136956 kB
Active:           315316 kB
Mem:          3.8G       3.7G       133M       5.7M        29M       3.2G

MemTotal:        4016004 kB
MemFree:          137080 kB
Active:           315324 kB
Mem:          3.8G       3.7G       133M       5.7M        29M       3.2G

MemTotal:        4016004 kB
MemFree:          136956 kB
Active:           315316 kB
Mem:          3.8G       3.7G       133M       5.7M        29M       3.2G

MemTotal:        4016004 kB
MemFree:          136956 kB
Active:           315324 kB
Mem:          3.8G       3.7G       133M       5.7M        29M       3.2G

MemTotal:        4016004 kB
MemFree:          136708 kB
Active:           315380 kB
Mem:          3.8G       3.7G       133M       5.7M        29M       3.2G

MemTotal:        4016004 kB
MemFree:          136832 kB
Active:           315328 kB
Mem:          3.8G       3.7G       133M       5.7M        29M       3.2G

MemTotal:        4016004 kB
MemFree:          137080 kB
Active:           315340 kB
Mem:          3.8G       3.7G       133M       5.7M        29M       3.2G

MemTotal:        4016004 kB
MemFree:          137204 kB
Active:           315324 kB
Mem:          3.8G       3.7G       133M       5.7M        29M       3.2G

MemTotal:        4016004 kB
MemFree:          137204 kB
Active:           315336 kB
Mem:          3.8G       3.7G       133M       5.7M        29M       3.2G

MemTotal:        4016004 kB
MemFree:          136832 kB
Active:           315372 kB
Mem:          3.8G       3.7G       133M       5.7M        29M       3.2G

MemTotal:        4016004 kB
MemFree:          136708 kB
Active:           315352 kB
Mem:          3.8G       3.7G       133M       5.7M        29M       3.2G

MemTotal:        4016004 kB
MemFree:          136832 kB
Active:           315344 kB
Mem:          3.8G       3.7G       133M       5.7M        29M       3.2G

MemTotal:        4016004 kB
MemFree:          136832 kB
Active:           315360 kB
Mem:          3.8G       3.7G       133M       5.7M        29M       3.2G

MemTotal:        4016004 kB
MemFree:          136832 kB
Active:           315344 kB
Mem:          3.8G       3.7G       133M       5.7M        29M       3.2G

MemTotal:        4016004 kB
MemFree:          136848 kB
Active:           315336 kB
Mem:          3.8G       3.7G       133M       5.7M        29M       3.2G

MemTotal:        4016004 kB
MemFree:          136972 kB
Active:           315336 kB
Mem:          3.8G       3.7G       133M       5.7M        29M       3.2G

MemTotal:        4016004 kB
MemFree:          136972 kB
Active:           315360 kB
Mem:          3.8G       3.7G       133M       5.7M        29M       3.2G

MemTotal:        4016004 kB
MemFree:          136940 kB
Active:           315400 kB
Mem:          3.8G       3.7G       133M       5.7M        29M       3.2G

MemTotal:        4016004 kB
MemFree:          137192 kB
Active:           315356 kB
Mem:          3.8G       3.7G       133M       5.7M        29M       3.2G

MemTotal:        4016004 kB
MemFree:          137068 kB
Active:           315344 kB
Mem:          3.8G       3.7G       133M       5.7M        29M       3.2G

MemTotal:        4016004 kB
MemFree:          136696 kB
Active:           315404 kB
Mem:          3.8G       3.7G       133M       5.7M        29M       3.2G

MemTotal:        4016004 kB
MemFree:          137068 kB
Active:           315368 kB
Mem:          3.8G       3.7G       133M       5.7M        29M       3.2G

MemTotal:        4016004 kB
MemFree:          137068 kB
Active:           315372 kB
Mem:          3.8G       3.7G       133M       5.7M        29M       3.2G

MemTotal:        4016004 kB
MemFree:          136820 kB
Active:           315360 kB
