MemTotal:        4016004 kB
MemFree:         3246008 kB
Active:           414188 kB
Mem:          3.8G       751M       3.1G       5.7M        58M       319M

MemTotal:        4016004 kB
MemFree:         3246072 kB
Active:           414300 kB
Mem:          3.8G       751M       3.1G       5.7M        58M       319M

MemTotal:        4016004 kB
MemFree:         3246552 kB
Active:           414328 kB
Mem:          3.8G       751M       3.1G       5.7M        58M       319M

MemTotal:        4016004 kB
MemFree:         3246288 kB
Active:           414348 kB
Mem:          3.8G       751M       3.1G       5.7M        58M       319M

MemTotal:        4016004 kB
MemFree:         3246024 kB
Active:           414372 kB
Mem:          3.8G       751M       3.1G       5.7M        58M       319M

MemTotal:        4016004 kB
MemFree:         3246208 kB
Active:           414348 kB
Mem:          3.8G       751M       3.1G       5.7M        58M       319M

MemTotal:        4016004 kB
MemFree:         3245680 kB
Active:           414384 kB
Mem:          3.8G       752M       3.1G       5.7M        58M       319M

MemTotal:        4016004 kB
MemFree:         3245804 kB
Active:           414384 kB
Mem:          3.8G       752M       3.1G       5.7M        58M       319M

MemTotal:        4016004 kB
MemFree:         3246176 kB
Active:           414348 kB
Mem:          3.8G       751M       3.1G       5.7M        58M       319M

MemTotal:        4016004 kB
MemFree:         3246300 kB
Active:           414380 kB
Mem:          3.8G       751M       3.1G       5.7M        58M       319M

MemTotal:        4016004 kB
MemFree:         3246424 kB
Active:           414384 kB
Mem:          3.8G       751M       3.1G       5.7M        58M       319M

MemTotal:        4016004 kB
MemFree:         3246408 kB
Active:           414372 kB
Mem:          3.8G       751M       3.1G       5.7M        58M       319M

MemTotal:        4016004 kB
MemFree:         3246408 kB
Active:           414336 kB
Mem:          3.8G       751M       3.1G       5.7M        58M       319M

MemTotal:        4016004 kB
MemFree:         3246564 kB
Active:           414344 kB
Mem:          3.8G       751M       3.1G       5.7M        58M       319M

MemTotal:        4016004 kB
MemFree:         3243864 kB
Active:           414368 kB
Mem:          3.8G       754M       3.1G       5.7M        58M       319M

MemTotal:        4016004 kB
MemFree:         3244112 kB
Active:           416364 kB
Mem:          3.8G       753M       3.1G       5.7M        58M       319M

MemTotal:        4016004 kB
MemFree:         3243740 kB
Active:           416416 kB
Mem:          3.8G       754M       3.1G       5.7M        58M       319M

MemTotal:        4016004 kB
MemFree:         3243988 kB
Active:           416372 kB
Mem:          3.8G       753M       3.1G       5.7M        58M       319M

MemTotal:        4016004 kB
MemFree:         3243988 kB
Active:           416384 kB
Mem:          3.8G       754M       3.1G       5.7M        58M       319M

MemTotal:        4016004 kB
MemFree:         3243864 kB
Active:           416392 kB
Mem:          3.8G       754M       3.1G       5.7M        58M       319M

MemTotal:        4016004 kB
MemFree:         3243988 kB
Active:           416400 kB
Mem:          3.8G       753M       3.1G       5.7M        58M       319M

MemTotal:        4016004 kB
MemFree:         3244176 kB
Active:           416380 kB
Mem:          3.8G       753M       3.1G       5.7M        58M       319M

MemTotal:        4016004 kB
MemFree:         3243680 kB
Active:           416424 kB
Mem:          3.8G       753M       3.1G       5.7M        58M       319M

MemTotal:        4016004 kB
MemFree:         3243804 kB
Active:           416424 kB
Mem:          3.8G       753M       3.1G       5.7M        58M       319M

MemTotal:        4016004 kB
MemFree:         3243492 kB
Active:           414376 kB
Mem:          3.8G       754M       3.1G       5.7M        58M       319M

MemTotal:        4016004 kB
MemFree:         3243988 kB
Active:           416384 kB
Mem:          3.8G       753M       3.1G       5.7M        58M       319M

MemTotal:        4016004 kB
MemFree:         3243600 kB
Active:           416384 kB
Mem:          3.8G       754M       3.1G       5.7M        58M       319M

MemTotal:        4016004 kB
MemFree:         3243940 kB
Active:           416408 kB
Mem:          3.8G       753M       3.1G       5.7M        58M       319M

MemTotal:        4016004 kB
MemFree:         3244296 kB
Active:           416416 kB
Mem:          3.8G       753M       3.1G       5.7M        58M       319M

MemTotal:        4016004 kB
MemFree:         3244032 kB
Active:           416432 kB
Mem:          3.8G       753M       3.1G       5.7M        58M       319M

MemTotal:        4016004 kB
MemFree:         3244032 kB
Active:           416432 kB
Mem:          3.8G       753M       3.1G       5.7M        58M       319M

MemTotal:        4016004 kB
MemFree:         3244420 kB
Active:           416376 kB
Mem:          3.8G       753M       3.1G       5.7M        58M       319M

MemTotal:        4016004 kB
MemFree:         3244296 kB
Active:           416376 kB
Mem:          3.8G       753M       3.1G       5.7M        58M       319M

MemTotal:        4016004 kB
MemFree:         3243924 kB
Active:           416432 kB
Mem:          3.8G       754M       3.1G       5.7M        58M       319M

MemTotal:        4016004 kB
MemFree:         3244172 kB
Active:           416424 kB
Mem:          3.8G       753M       3.1G       5.7M        58M       319M

MemTotal:        4016004 kB
MemFree:         3244172 kB
Active:           416436 kB
Mem:          3.8G       754M       3.1G       5.7M        58M       319M

MemTotal:        4016004 kB
MemFree:         3243800 kB
Active:           416444 kB
Mem:          3.8G       753M       3.1G       5.7M        58M       319M

MemTotal:        4016004 kB
MemFree:         3244048 kB
Active:           416408 kB
Mem:          3.8G       753M       3.1G       5.7M        58M       319M

MemTotal:        4016004 kB
MemFree:         3244032 kB
Active:           416400 kB
Mem:          3.8G       753M       3.1G       5.7M        58M       319M

MemTotal:        4016004 kB
MemFree:         3243708 kB
Active:           416444 kB
Mem:          3.8G       753M       3.1G       5.7M        58M       319M

MemTotal:        4016004 kB
MemFree:         3243584 kB
Active:           416444 kB
Mem:          3.8G       754M       3.1G       5.7M        58M       319M

MemTotal:        4016004 kB
MemFree:         3244204 kB
Active:           416436 kB
Mem:          3.8G       753M       3.1G       5.7M        58M       319M

MemTotal:        4016004 kB
MemFree:         3243956 kB
Active:           416460 kB
Mem:          3.8G       753M       3.1G       5.7M        58M       319M

MemTotal:        4016004 kB
MemFree:         3244328 kB
Active:           416420 kB
Mem:          3.8G       753M       3.1G       5.7M        58M       319M

MemTotal:        4016004 kB
MemFree:         3243440 kB
Active:           414412 kB
Mem:          3.8G       754M       3.1G       5.7M        58M       319M

MemTotal:        4016004 kB
MemFree:         3243920 kB
Active:           416456 kB
Mem:          3.8G       754M       3.1G       5.7M        58M       319M

MemTotal:        4016004 kB
MemFree:         3243904 kB
Active:           416420 kB
Mem:          3.8G       754M       3.1G       5.7M        58M       319M

MemTotal:        4016004 kB
MemFree:         3243440 kB
Active:           416460 kB
Mem:          3.8G       754M       3.1G       5.7M        58M       319M

MemTotal:        4016004 kB
MemFree:         3244060 kB
Active:           416440 kB
Mem:          3.8G       753M       3.1G       5.7M        58M       319M

MemTotal:        4016004 kB
MemFree:         3243936 kB
Active:           416468 kB
Mem:          3.8G       754M       3.1G       5.7M        58M       319M

MemTotal:        4016004 kB
MemFree:         3244308 kB
Active:           416440 kB
Mem:          3.8G       753M       3.1G       5.7M        58M       319M

MemTotal:        4016004 kB
MemFree:         3244556 kB
Active:           416428 kB
Mem:          3.8G       753M       3.1G       5.7M        58M       319M

MemTotal:        4016004 kB
MemFree:         3244060 kB
Active:           416488 kB
Mem:          3.8G       753M       3.1G       5.7M        58M       319M

MemTotal:        4016004 kB
MemFree:         3244184 kB
Active:           416488 kB
Mem:          3.8G       753M       3.1G       5.7M        58M       319M

MemTotal:        4016004 kB
MemFree:         3243560 kB
Active:           414440 kB
Mem:          3.8G       754M       3.1G       5.7M        58M       319M

MemTotal:        4016004 kB
MemFree:         3243668 kB
Active:           416488 kB
Mem:          3.8G       754M       3.1G       5.7M        58M       319M

MemTotal:        4016004 kB
MemFree:         3243420 kB
Active:           416492 kB
Mem:          3.8G       754M       3.1G       5.7M        58M       319M

MemTotal:        4016004 kB
MemFree:         3243576 kB
Active:           416492 kB
Mem:          3.8G       754M       3.1G       5.7M        58M       319M

MemTotal:        4016004 kB
MemFree:         3243824 kB
Active:           416468 kB
Mem:          3.8G       753M       3.1G       5.7M        58M       319M

MemTotal:        4016004 kB
MemFree:         3244072 kB
Active:           416468 kB
Mem:          3.8G       753M       3.1G       5.7M        58M       319M

MemTotal:        4016004 kB
MemFree:         3244196 kB
Active:           416444 kB
Mem:          3.8G       753M       3.1G       5.7M        58M       319M

MemTotal:        4016004 kB
MemFree:         3244196 kB
Active:           416456 kB
Mem:          3.8G       753M       3.1G       5.7M        58M       319M

MemTotal:        4016004 kB
MemFree:         3243576 kB
Active:           416500 kB
Mem:          3.8G       754M       3.1G       5.7M        58M       319M

MemTotal:        4016004 kB
MemFree:         3244072 kB
Active:           416448 kB
Mem:          3.8G       753M       3.1G       5.7M        58M       319M

MemTotal:        4016004 kB
MemFree:         3243792 kB
Active:           414412 kB
Mem:          3.8G       754M       3.1G       5.7M        58M       319M

MemTotal:        4016004 kB
MemFree:         3244148 kB
Active:           416464 kB
Mem:          3.8G       753M       3.1G       5.7M        58M       319M

MemTotal:        4016004 kB
MemFree:         3243808 kB
Active:           416508 kB
Mem:          3.8G       754M       3.1G       5.7M        58M       319M

MemTotal:        4016004 kB
MemFree:         3244180 kB
Active:           416492 kB
Mem:          3.8G       753M       3.1G       5.7M        58M       319M

MemTotal:        4016004 kB
MemFree:         3243684 kB
Active:           416508 kB
Mem:          3.8G       753M       3.1G       5.7M        58M       319M

MemTotal:        4016004 kB
MemFree:         3243560 kB
Active:           416508 kB
Mem:          3.8G       754M       3.1G       5.7M        58M       319M

MemTotal:        4016004 kB
MemFree:         3244056 kB
Active:           416480 kB
Mem:          3.8G       753M       3.1G       5.7M        58M       319M

MemTotal:        4016004 kB
MemFree:         3244024 kB
Active:           416500 kB
Mem:          3.8G       753M       3.1G       5.7M        58M       319M

MemTotal:        4016004 kB
MemFree:         3244164 kB
Active:           416492 kB
Mem:          3.8G       753M       3.1G       5.7M        58M       319M

MemTotal:        4016004 kB
MemFree:         3244104 kB
Active:           414452 kB
Mem:          3.8G       753M       3.1G       5.7M        58M       319M

MemTotal:        4016004 kB
MemFree:         3244152 kB
Active:           416484 kB
Mem:          3.8G       753M       3.1G       5.7M        58M       319M

MemTotal:        4016004 kB
MemFree:         3244152 kB
Active:           416492 kB
Mem:          3.8G       753M       3.1G       5.7M        58M       319M

MemTotal:        4016004 kB
MemFree:         3243408 kB
Active:           416520 kB
Mem:          3.8G       754M       3.1G       5.7M        58M       319M

MemTotal:        4016004 kB
MemFree:         3243748 kB
Active:           416480 kB
Mem:          3.8G       754M       3.1G       5.7M        58M       319M

MemTotal:        4016004 kB
MemFree:         3243252 kB
Active:           416520 kB
Mem:          3.8G       754M       3.1G       5.7M        58M       319M

MemTotal:        4016004 kB
MemFree:         3243500 kB
Active:           416520 kB
Mem:          3.8G       754M       3.1G       5.7M        58M       319M

MemTotal:        4016004 kB
MemFree:         3243732 kB
Active:           416492 kB
Mem:          3.8G       754M       3.1G       5.7M        58M       319M

MemTotal:        4016004 kB
MemFree:         3243840 kB
Active:           416500 kB
Mem:          3.8G       754M       3.1G       5.7M        58M       319M

MemTotal:        4016004 kB
MemFree:         3243996 kB
Active:           416496 kB
Mem:          3.8G       753M       3.1G       5.7M        58M       319M

MemTotal:        4016004 kB
MemFree:         3241576 kB
Active:           416508 kB
Mem:          3.8G       756M       3.1G       5.7M        58M       319M

MemTotal:        4016004 kB
MemFree:         3241700 kB
Active:           418540 kB
Mem:          3.8G       756M       3.1G       5.7M        58M       319M

MemTotal:        4016004 kB
MemFree:         3241700 kB
Active:           418548 kB
Mem:          3.8G       756M       3.1G       5.7M        58M       319M

MemTotal:        4016004 kB
MemFree:         3241452 kB
Active:           418556 kB
Mem:          3.8G       756M       3.1G       5.7M        58M       319M

MemTotal:        4016004 kB
MemFree:         3241700 kB
Active:           418560 kB
Mem:          3.8G       756M       3.1G       5.7M        58M       319M

MemTotal:        4016004 kB
MemFree:         3241808 kB
Active:           418552 kB
Mem:          3.8G       756M       3.1G       5.7M        58M       319M

MemTotal:        4016004 kB
MemFree:         3241792 kB
Active:           418540 kB
Mem:          3.8G       756M       3.1G       5.7M        58M       319M

MemTotal:        4016004 kB
MemFree:         3241864 kB
Active:           418524 kB
Mem:          3.8G       756M       3.1G       5.7M        58M       319M

MemTotal:        4016004 kB
MemFree:         3241864 kB
Active:           418536 kB
Mem:          3.8G       756M       3.1G       5.7M        58M       319M

MemTotal:        4016004 kB
MemFree:         3241368 kB
Active:           418572 kB
Mem:          3.8G       756M       3.1G       5.7M        58M       319M

MemTotal:        4016004 kB
MemFree:         3241492 kB
Active:           418572 kB
Mem:          3.8G       756M       3.1G       5.7M        58M       319M

MemTotal:        4016004 kB
MemFree:         3241740 kB
Active:           418552 kB
Mem:          3.8G       756M       3.1G       5.7M        58M       319M

MemTotal:        4016004 kB
MemFree:         3242112 kB
Active:           418556 kB
Mem:          3.8G       755M       3.1G       5.7M        58M       319M

MemTotal:        4016004 kB
MemFree:         3241972 kB
Active:           418556 kB
Mem:          3.8G       756M       3.1G       5.7M        58M       319M

MemTotal:        4016004 kB
MemFree:         3241948 kB
Active:           418556 kB
Mem:          3.8G       755M       3.1G       5.7M        58M       319M

MemTotal:        4016004 kB
MemFree:         3241684 kB
Active:           418584 kB
Mem:          3.8G       756M       3.1G       5.7M        58M       319M

MemTotal:        4016004 kB
MemFree:         3241608 kB
Active:           418584 kB
Mem:          3.8G       755M       3.1G       5.7M        58M       319M

MemTotal:        4016004 kB
MemFree:         3241948 kB
Active:           418560 kB
Mem:          3.8G       756M       3.1G       5.7M        58M       319M

MemTotal:        4016004 kB
MemFree:         3194464 kB
Active:           419136 kB
Mem:          3.8G       802M       3.0G       5.7M        58M       364M

MemTotal:        4016004 kB
MemFree:         3145256 kB
Active:           419148 kB
Mem:          3.8G       850M       3.0G       5.7M        58M       412M

MemTotal:        4016004 kB
MemFree:         3095544 kB
Active:           419140 kB
Mem:          3.8G       899M       3.0G       5.7M        58M       460M

MemTotal:        4016004 kB
MemFree:         3045336 kB
Active:           419152 kB
Mem:          3.8G       948M       2.9G       5.7M        58M       508M

MemTotal:        4016004 kB
MemFree:         2995872 kB
Active:           419160 kB
Mem:          3.8G       996M       2.9G       5.7M        58M       555M

MemTotal:        4016004 kB
MemFree:         2946408 kB
Active:           419144 kB
Mem:          3.8G       1.0G       2.8G       5.7M        58M       604M

MemTotal:        4016004 kB
MemFree:         2895828 kB
Active:           419128 kB
Mem:          3.8G       1.1G       2.8G       5.7M        58M       651M

MemTotal:        4016004 kB
MemFree:         2872104 kB
Active:           419168 kB
Mem:          3.8G       1.1G       2.7G       5.7M        58M       674M

MemTotal:        4016004 kB
MemFree:         2841684 kB
Active:           419184 kB
Mem:          3.8G       1.1G       2.7G       5.7M        58M       704M

MemTotal:        4016004 kB
MemFree:         2791228 kB
Active:           419196 kB
Mem:          3.8G       1.2G       2.7G       5.7M        58M       752M

MemTotal:        4016004 kB
MemFree:         2772348 kB
Active:           419216 kB
Mem:          3.8G       1.2G       2.6G       5.7M        58M       770M

MemTotal:        4016004 kB
MemFree:         2763896 kB
Active:           419216 kB
Mem:          3.8G       1.2G       2.6G       5.7M        58M       778M

MemTotal:        4016004 kB
MemFree:         2714000 kB
Active:           417336 kB
Mem:          3.8G       1.2G       2.6G       5.7M        58M       826M

MemTotal:        4016004 kB
MemFree:         2663960 kB
Active:           417288 kB
Mem:          3.8G       1.3G       2.5G       5.7M        58M       874M

MemTotal:        4016004 kB
MemFree:         2614652 kB
Active:           417312 kB
Mem:          3.8G       1.3G       2.5G       5.7M        58M       922M

MemTotal:        4016004 kB
MemFree:         2564568 kB
Active:           417280 kB
Mem:          3.8G       1.4G       2.4G       5.7M        58M       970M

MemTotal:        4016004 kB
MemFree:         2514112 kB
Active:           417316 kB
Mem:          3.8G       1.4G       2.4G       5.7M        58M       1.0G

MemTotal:        4016004 kB
MemFree:         2464152 kB
Active:           417328 kB
Mem:          3.8G       1.5G       2.3G       5.7M        58M       1.0G

MemTotal:        4016004 kB
MemFree:         2417432 kB
Active:           419368 kB
Mem:          3.8G       1.5G       2.3G       5.7M        58M       1.1G

MemTotal:        4016004 kB
MemFree:         2402628 kB
Active:           419388 kB
Mem:          3.8G       1.5G       2.3G       5.7M        58M       1.1G

MemTotal:        4016004 kB
MemFree:         2354280 kB
Active:           419380 kB
Mem:          3.8G       1.6G       2.2G       5.7M        58M       1.1G

MemTotal:        4016004 kB
MemFree:         2314972 kB
Active:           419412 kB
Mem:          3.8G       1.6G       2.2G       5.7M        58M       1.2G

MemTotal:        4016004 kB
MemFree:         2289336 kB
Active:           419356 kB
Mem:          3.8G       1.6G       2.2G       5.7M        58M       1.2G

MemTotal:        4016004 kB
MemFree:         2240424 kB
Active:           419372 kB
Mem:          3.8G       1.7G       2.1G       5.7M        58M       1.3G

MemTotal:        4016004 kB
MemFree:         2190560 kB
Active:           419392 kB
Mem:          3.8G       1.7G       2.1G       5.7M        58M       1.3G

MemTotal:        4016004 kB
MemFree:         2148932 kB
Active:           419392 kB
Mem:          3.8G       1.8G       2.0G       5.7M        58M       1.3G

MemTotal:        4016004 kB
MemFree:         2099128 kB
Active:           419364 kB
Mem:          3.8G       1.8G       2.0G       5.7M        58M       1.4G

MemTotal:        4016004 kB
MemFree:         2048300 kB
Active:           419404 kB
Mem:          3.8G       1.9G       2.0G       5.7M        58M       1.4G

MemTotal:        4016004 kB
MemFree:         1998712 kB
Active:           419400 kB
Mem:          3.8G       1.9G       1.9G       5.7M        58M       1.5G

MemTotal:        4016004 kB
MemFree:         1949300 kB
Active:           419404 kB
Mem:          3.8G       2.0G       1.9G       5.7M        58M       1.5G

MemTotal:        4016004 kB
MemFree:         1929072 kB
Active:           419384 kB
Mem:          3.8G       2.0G       1.8G       5.7M        58M       1.5G

MemTotal:        4016004 kB
MemFree:         1879704 kB
Active:           419376 kB
Mem:          3.8G       2.0G       1.8G       5.7M        58M       1.6G

MemTotal:        4016004 kB
MemFree:         1861968 kB
Active:           419412 kB
Mem:          3.8G       2.1G       1.8G       5.7M        58M       1.6G

MemTotal:        4016004 kB
MemFree:         1812952 kB
Active:           421476 kB
Mem:          3.8G       2.1G       1.7G       5.7M        58M       1.7G

MemTotal:        4016004 kB
MemFree:         1764040 kB
Active:           421472 kB
Mem:          3.8G       2.1G       1.7G       5.7M        58M       1.7G

MemTotal:        4016004 kB
MemFree:         1763736 kB
Active:           421464 kB
Mem:          3.8G       2.1G       1.7G       5.7M        58M       1.7G

MemTotal:        4016004 kB
MemFree:         1727420 kB
Active:           421456 kB
Mem:          3.8G       2.2G       1.6G       5.7M        58M       1.7G

MemTotal:        4016004 kB
MemFree:         1677336 kB
Active:           421476 kB
Mem:          3.8G       2.2G       1.6G       5.7M        58M       1.8G

MemTotal:        4016004 kB
MemFree:         1627252 kB
Active:           421492 kB
Mem:          3.8G       2.3G       1.6G       5.7M        58M       1.8G

MemTotal:        4016004 kB
MemFree:         1577540 kB
Active:           421504 kB
Mem:          3.8G       2.3G       1.5G       5.7M        58M       1.9G

MemTotal:        4016004 kB
MemFree:         1527580 kB
Active:           421496 kB
Mem:          3.8G       2.4G       1.5G       5.7M        58M       1.9G

MemTotal:        4016004 kB
MemFree:         1509892 kB
Active:           421484 kB
Mem:          3.8G       2.4G       1.4G       5.7M        58M       1.9G

MemTotal:        4016004 kB
MemFree:         1463668 kB
Active:           421488 kB
Mem:          3.8G       2.4G       1.4G       5.7M        58M       2.0G

MemTotal:        4016004 kB
MemFree:         1413212 kB
Active:           421496 kB
Mem:          3.8G       2.5G       1.3G       5.7M        58M       2.0G

MemTotal:        4016004 kB
MemFree:         1408948 kB
Active:           421492 kB
Mem:          3.8G       2.5G       1.3G       5.7M        58M       2.0G

MemTotal:        4016004 kB
MemFree:         1408804 kB
Active:           421540 kB
Mem:          3.8G       2.5G       1.3G       5.7M        58M       2.0G

MemTotal:        4016004 kB
MemFree:         1409004 kB
Active:           421528 kB
Mem:          3.8G       2.5G       1.3G       5.7M        58M       2.0G

MemTotal:        4016004 kB
MemFree:         1381348 kB
Active:           421540 kB
Mem:          3.8G       2.5G       1.3G       5.7M        58M       2.1G

MemTotal:        4016004 kB
MemFree:         1331420 kB
Active:           421548 kB
Mem:          3.8G       2.6G       1.3G       5.7M        58M       2.1G

MemTotal:        4016004 kB
MemFree:         1281956 kB
Active:           421556 kB
Mem:          3.8G       2.6G       1.2G       5.7M        58M       2.2G

MemTotal:        4016004 kB
MemFree:         1230072 kB
Active:           421564 kB
Mem:          3.8G       2.7G       1.2G       5.7M        58M       2.2G

MemTotal:        4016004 kB
MemFree:         1179988 kB
Active:           421512 kB
Mem:          3.8G       2.7G       1.1G       5.7M        58M       2.2G

MemTotal:        4016004 kB
MemFree:         1129656 kB
Active:           421548 kB
Mem:          3.8G       2.8G       1.1G       5.7M        58M       2.3G

MemTotal:        4016004 kB
MemFree:         1079572 kB
Active:           421536 kB
Mem:          3.8G       2.8G       1.0G       5.7M        58M       2.3G

MemTotal:        4016004 kB
MemFree:         1037508 kB
Active:           421532 kB
Mem:          3.8G       2.8G       1.0G       5.7M        58M       2.4G

MemTotal:        4016004 kB
MemFree:          996092 kB
Active:           421604 kB
Mem:          3.8G       2.9G       971M       5.7M        58M       2.4G

MemTotal:        4016004 kB
MemFree:          946192 kB
Active:           421576 kB
Mem:          3.8G       2.9G       923M       5.7M        58M       2.5G

MemTotal:        4016004 kB
MemFree:          896760 kB
Active:           421620 kB
Mem:          3.8G       3.0G       874M       5.7M        58M       2.5G

MemTotal:        4016004 kB
MemFree:          864028 kB
Active:           421644 kB
Mem:          3.8G       3.0G       843M       5.7M        58M       2.5G

MemTotal:        4016004 kB
MemFree:          814908 kB
Active:           421608 kB
Mem:          3.8G       3.1G       794M       5.7M        58M       2.6G

MemTotal:        4016004 kB
MemFree:          806124 kB
Active:           421620 kB
Mem:          3.8G       3.1G       786M       5.7M        58M       2.6G

MemTotal:        4016004 kB
MemFree:          804256 kB
Active:           421640 kB
Mem:          3.8G       3.1G       784M       5.7M        58M       2.6G

MemTotal:        4016004 kB
MemFree:          753956 kB
Active:           421680 kB
Mem:          3.8G       3.1G       735M       5.7M        58M       2.6G

MemTotal:        4016004 kB
MemFree:          704492 kB
Active:           421692 kB
Mem:          3.8G       3.2G       687M       5.7M        58M       2.7G

MemTotal:        4016004 kB
MemFree:          654284 kB
Active:           421720 kB
Mem:          3.8G       3.2G       638M       5.7M        58M       2.7G

MemTotal:        4016004 kB
MemFree:          604216 kB
Active:           421724 kB
Mem:          3.8G       3.3G       589M       5.7M        58M       2.8G

MemTotal:        4016004 kB
MemFree:          553992 kB
Active:           421692 kB
Mem:          3.8G       3.3G       539M       5.7M        58M       2.8G

MemTotal:        4016004 kB
MemFree:          503384 kB
Active:           421716 kB
Mem:          3.8G       3.4G       490M       5.7M        58M       2.9G

MemTotal:        4016004 kB
MemFree:          453148 kB
Active:           421700 kB
Mem:          3.8G       3.4G       441M       5.7M        58M       2.9G

MemTotal:        4016004 kB
MemFree:          400840 kB
Active:           423768 kB
Mem:          3.8G       3.4G       390M       5.7M        58M       3.0G

MemTotal:        4016004 kB
MemFree:          350764 kB
Active:           423772 kB
Mem:          3.8G       3.5G       341M       5.7M        58M       3.0G

MemTotal:        4016004 kB
MemFree:          318932 kB
Active:           423764 kB
Mem:          3.8G       3.5G       310M       5.7M        58M       3.1G

MemTotal:        4016004 kB
MemFree:          280988 kB
Active:           423652 kB
Mem:          3.8G       3.6G       273M       5.7M        58M       3.1G

MemTotal:        4016004 kB
MemFree:          280724 kB
Active:           423640 kB
Mem:          3.8G       3.6G       273M       5.7M        58M       3.1G

MemTotal:        4016004 kB
MemFree:          280856 kB
Active:           423696 kB
Mem:          3.8G       3.6G       274M       5.7M        58M       3.1G

MemTotal:        4016004 kB
MemFree:          280772 kB
Active:           425728 kB
Mem:          3.8G       3.6G       273M       5.7M        58M       3.1G

MemTotal:        4016004 kB
MemFree:          254700 kB
Active:           425784 kB
Mem:          3.8G       3.6G       247M       5.7M        58M       3.1G

MemTotal:        4016004 kB
MemFree:          204616 kB
Active:           425780 kB
Mem:          3.8G       3.6G       199M       5.7M        58M       3.2G

MemTotal:        4016004 kB
MemFree:          154536 kB
Active:           423852 kB
Mem:          3.8G       3.7G       149M       5.7M        58M       3.2G

MemTotal:        4016004 kB
MemFree:          128424 kB
Active:           421956 kB
Mem:          3.8G       3.7G       122M       5.7M        36M       3.3G

MemTotal:        4016004 kB
MemFree:          121272 kB
Active:           431104 kB
Mem:          3.8G       3.7G       117M       5.7M        26M       3.3G

MemTotal:        4016004 kB
MemFree:          151528 kB
Active:           482472 kB
Mem:          3.8G       3.7G       145M       5.7M        25M       3.2G

MemTotal:        4016004 kB
MemFree:          124384 kB
Active:           481548 kB
Mem:          3.8G       3.7G       120M       5.7M        25M       3.3G

MemTotal:        4016004 kB
MemFree:          128428 kB
Active:           477596 kB
Mem:          3.8G       3.7G       125M       5.7M        25M       3.3G

MemTotal:        4016004 kB
MemFree:          119312 kB
Active:           474572 kB
Mem:          3.8G       3.7G       115M       5.7M        25M       3.3G

MemTotal:        4016004 kB
MemFree:          113640 kB
Active:           471488 kB
Mem:          3.8G       3.7G       110M       5.7M        26M       3.3G

MemTotal:        4016004 kB
MemFree:          135280 kB
Active:           468184 kB
Mem:          3.8G       3.7G       131M       5.7M        26M       3.3G

MemTotal:        4016004 kB
MemFree:          116236 kB
Active:           464960 kB
Mem:          3.8G       3.7G       112M       5.7M        26M       3.3G

MemTotal:        4016004 kB
MemFree:          126964 kB
Active:           459808 kB
Mem:          3.8G       3.7G       123M       5.7M        26M       3.3G

MemTotal:        4016004 kB
MemFree:          107836 kB
Active:           456516 kB
Mem:          3.8G       3.7G       103M       5.7M        26M       3.3G

MemTotal:        4016004 kB
MemFree:          130416 kB
Active:           449756 kB
Mem:          3.8G       3.7G       125M       5.7M        26M       3.3G

MemTotal:        4016004 kB
MemFree:          105240 kB
Active:           447856 kB
Mem:          3.8G       3.7G       125M       5.7M        26M       3.3G

MemTotal:        4016004 kB
MemFree:          122876 kB
Active:           441184 kB
Mem:          3.8G       3.7G       118M       5.7M        26M       3.3G

MemTotal:        4016004 kB
MemFree:          113280 kB
Active:           438148 kB
Mem:          3.8G       3.7G       109M       5.7M        26M       3.3G

MemTotal:        4016004 kB
MemFree:          128600 kB
Active:           436100 kB
Mem:          3.8G       3.7G       125M       5.7M        26M       3.3G

MemTotal:        4016004 kB
MemFree:          115892 kB
Active:           434816 kB
Mem:          3.8G       3.7G       112M       5.7M        26M       3.3G

MemTotal:        4016004 kB
MemFree:          105492 kB
Active:           433664 kB
Mem:          3.8G       3.7G       102M       5.7M        26M       3.3G

MemTotal:        4016004 kB
MemFree:          114132 kB
Active:           433052 kB
Mem:          3.8G       3.7G       110M       5.7M        26M       3.3G

MemTotal:        4016004 kB
MemFree:          125072 kB
Active:           431368 kB
Mem:          3.8G       3.7G       121M       5.7M        26M       3.3G

MemTotal:        4016004 kB
MemFree:          135692 kB
Active:           429184 kB
Mem:          3.8G       3.7G       132M       5.7M        26M       3.3G

MemTotal:        4016004 kB
MemFree:          134828 kB
Active:           425508 kB
Mem:          3.8G       3.7G       131M       5.7M        26M       3.3G

MemTotal:        4016004 kB
MemFree:          133848 kB
Active:           423856 kB
Mem:          3.8G       3.7G       130M       5.7M        26M       3.3G

MemTotal:        4016004 kB
MemFree:          128668 kB
Active:           422072 kB
Mem:          3.8G       3.7G       124M       5.7M        26M       3.3G

MemTotal:        4016004 kB
MemFree:          126416 kB
Active:           420816 kB
Mem:          3.8G       3.7G       122M       5.7M        26M       3.3G

MemTotal:        4016004 kB
MemFree:          127940 kB
Active:           419664 kB
Mem:          3.8G       3.7G       124M       5.7M        26M       3.3G

MemTotal:        4016004 kB
MemFree:          122388 kB
Active:           418488 kB
Mem:          3.8G       3.7G       118M       5.7M        26M       3.3G

MemTotal:        4016004 kB
MemFree:          133860 kB
Active:           416592 kB
Mem:          3.8G       3.7G       128M       5.7M        26M       3.3G

MemTotal:        4016004 kB
MemFree:          120124 kB
Active:           415592 kB
Mem:          3.8G       3.7G       116M       5.7M        26M       3.3G

MemTotal:        4016004 kB
MemFree:          111500 kB
Active:           415432 kB
Mem:          3.8G       3.7G       108M       5.7M        26M       3.3G

MemTotal:        4016004 kB
MemFree:          136180 kB
Active:           413692 kB
Mem:          3.8G       3.7G       132M       5.7M        26M       3.3G

MemTotal:        4016004 kB
MemFree:          144360 kB
Active:           411660 kB
Mem:          3.8G       3.7G       141M       5.7M        26M       3.2G

MemTotal:        4016004 kB
MemFree:          136984 kB
Active:           411628 kB
Mem:          3.8G       3.7G       133M       5.7M        26M       3.3G

MemTotal:        4016004 kB
MemFree:          123744 kB
Active:           410516 kB
Mem:          3.8G       3.7G       120M       5.7M        26M       3.3G

MemTotal:        4016004 kB
MemFree:          109620 kB
Active:           409364 kB
Mem:          3.8G       3.7G       106M       5.7M        26M       3.3G

MemTotal:        4016004 kB
MemFree:          108764 kB
Active:           407700 kB
Mem:          3.8G       3.7G       105M       5.7M        26M       3.3G

MemTotal:        4016004 kB
MemFree:          108528 kB
Active:           405908 kB
Mem:          3.8G       3.7G       105M       5.7M        26M       3.3G

MemTotal:        4016004 kB
MemFree:          132348 kB
Active:           403712 kB
Mem:          3.8G       3.7G       128M       5.7M        26M       3.3G

MemTotal:        4016004 kB
MemFree:          120144 kB
Active:           402468 kB
Mem:          3.8G       3.7G       116M       5.7M        26M       3.3G

MemTotal:        4016004 kB
MemFree:          118728 kB
Active:           400812 kB
Mem:          3.8G       3.7G       115M       5.7M        26M       3.3G

MemTotal:        4016004 kB
MemFree:          117812 kB
Active:           399152 kB
Mem:          3.8G       3.7G       113M       5.7M        26M       3.3G

MemTotal:        4016004 kB
MemFree:          151268 kB
Active:           397372 kB
Mem:          3.8G       3.7G       147M       5.7M        26M       3.2G

MemTotal:        4016004 kB
MemFree:          112648 kB
Active:           397388 kB
Mem:          3.8G       3.7G       109M       5.7M        26M       3.3G

MemTotal:        4016004 kB
MemFree:          124444 kB
Active:           395596 kB
Mem:          3.8G       3.7G       120M       5.7M        26M       3.3G

MemTotal:        4016004 kB
MemFree:          138316 kB
Active:           393676 kB
Mem:          3.8G       3.7G       135M       5.7M        26M       3.2G

MemTotal:        4016004 kB
MemFree:          124828 kB
Active:           392524 kB
Mem:          3.8G       3.7G       121M       5.7M        26M       3.3G

MemTotal:        4016004 kB
MemFree:          129652 kB
Active:           390316 kB
Mem:          3.8G       3.7G       125M       5.7M        26M       3.3G

MemTotal:        4016004 kB
MemFree:          114720 kB
Active:           391404 kB
Mem:          3.8G       3.7G       110M       5.7M        26M       3.3G

MemTotal:        4016004 kB
MemFree:          125380 kB
Active:           389544 kB
Mem:          3.8G       3.7G       121M       5.7M        26M       3.3G

MemTotal:        4016004 kB
MemFree:          124480 kB
Active:           387864 kB
Mem:          3.8G       3.7G       131M       5.7M        26M       3.3G

MemTotal:        4016004 kB
MemFree:          135940 kB
Active:           385696 kB
Mem:          3.8G       3.7G       132M       5.7M        26M       3.2G

MemTotal:        4016004 kB
MemFree:          124072 kB
Active:           385096 kB
Mem:          3.8G       3.7G       143M       5.7M        26M       3.2G

MemTotal:        4016004 kB
MemFree:          133048 kB
Active:           384316 kB
Mem:          3.8G       3.7G       128M       5.7M        26M       3.3G

MemTotal:        4016004 kB
MemFree:          119104 kB
Active:           385256 kB
Mem:          3.8G       3.7G       114M       5.7M        26M       3.3G

MemTotal:        4016004 kB
MemFree:          107188 kB
Active:           384104 kB
Mem:          3.8G       3.7G       103M       5.7M        26M       3.3G

MemTotal:        4016004 kB
MemFree:          116740 kB
Active:           382412 kB
Mem:          3.8G       3.7G       112M       5.7M        26M       3.3G

MemTotal:        4016004 kB
MemFree:          128284 kB
Active:           380656 kB
Mem:          3.8G       3.7G       124M       5.7M        26M       3.3G

MemTotal:        4016004 kB
MemFree:          115044 kB
Active:           379492 kB
Mem:          3.8G       3.7G       111M       5.7M        26M       3.3G

MemTotal:        4016004 kB
MemFree:          113940 kB
Active:           377836 kB
Mem:          3.8G       3.7G       110M       5.7M        26M       3.3G

MemTotal:        4016004 kB
MemFree:          124616 kB
Active:           376052 kB
Mem:          3.8G       3.7G       120M       5.7M        26M       3.3G

MemTotal:        4016004 kB
MemFree:          134332 kB
Active:           372900 kB
Mem:          3.8G       3.7G       130M       5.7M        26M       3.3G

MemTotal:        4016004 kB
MemFree:          121576 kB
Active:           371780 kB
Mem:          3.8G       3.7G       118M       5.7M        26M       3.3G

MemTotal:        4016004 kB
MemFree:          105152 kB
Active:           371760 kB
Mem:          3.8G       3.7G       125M       5.7M        26M       3.3G

MemTotal:        4016004 kB
MemFree:          117100 kB
Active:           370640 kB
Mem:          3.8G       3.7G       113M       5.7M        26M       3.3G

MemTotal:        4016004 kB
MemFree:          113800 kB
Active:           370644 kB
Mem:          3.8G       3.7G       111M       5.7M        26M       3.3G

MemTotal:        4016004 kB
MemFree:          108776 kB
Active:           370652 kB
Mem:          3.8G       3.7G       106M       5.7M        26M       3.3G

MemTotal:        4016004 kB
MemFree:          108832 kB
Active:           370652 kB
Mem:          3.8G       3.7G       106M       5.7M        26M       3.3G

MemTotal:        4016004 kB
MemFree:          109180 kB
Active:           370628 kB
Mem:          3.8G       3.7G       105M       5.7M        26M       3.3G

MemTotal:        4016004 kB
MemFree:          108484 kB
Active:           370400 kB
Mem:          3.8G       3.7G       105M       5.7M        26M       3.3G

MemTotal:        4016004 kB
MemFree:          131300 kB
Active:           370404 kB
Mem:          3.8G       3.7G       127M       5.7M        26M       3.3G

MemTotal:        4016004 kB
MemFree:          119552 kB
Active:           370260 kB
Mem:          3.8G       3.7G       115M       5.7M        26M       3.3G

MemTotal:        4016004 kB
MemFree:          117364 kB
Active:           370244 kB
Mem:          3.8G       3.7G       114M       5.7M        26M       3.3G

MemTotal:        4016004 kB
MemFree:          116012 kB
Active:           370244 kB
Mem:          3.8G       3.7G       112M       5.7M        26M       3.3G

MemTotal:        4016004 kB
MemFree:          114520 kB
Active:           370244 kB
Mem:          3.8G       3.7G       111M       5.7M        26M       3.3G

MemTotal:        4016004 kB
MemFree:          118888 kB
Active:           370228 kB
Mem:          3.8G       3.7G       114M       5.7M        26M       3.3G

MemTotal:        4016004 kB
MemFree:          106004 kB
Active:           370212 kB
Mem:          3.8G       3.7G       102M       5.7M        26M       3.3G

MemTotal:        4016004 kB
MemFree:          134520 kB
Active:           370128 kB
Mem:          3.8G       3.7G       131M       5.7M        26M       3.3G

MemTotal:        4016004 kB
MemFree:          108440 kB
Active:           370128 kB
Mem:          3.8G       3.7G       105M       5.7M        26M       3.3G

MemTotal:        4016004 kB
MemFree:          107368 kB
Active:           370156 kB
Mem:          3.8G       3.7G       104M       5.7M        26M       3.3G

MemTotal:        4016004 kB
MemFree:          119764 kB
Active:           370136 kB
Mem:          3.8G       3.7G       116M       5.7M        26M       3.3G

MemTotal:        4016004 kB
MemFree:          132876 kB
Active:           370180 kB
Mem:          3.8G       3.7G       129M       5.7M        26M       3.3G

MemTotal:        4016004 kB
MemFree:          126296 kB
Active:           370184 kB
Mem:          3.8G       3.7G       122M       5.7M        26M       3.3G

MemTotal:        4016004 kB
MemFree:          124916 kB
Active:           370192 kB
Mem:          3.8G       3.7G       121M       5.7M        26M       3.3G

MemTotal:        4016004 kB
MemFree:          128304 kB
Active:           370196 kB
Mem:          3.8G       3.7G       124M       5.7M        26M       3.3G

MemTotal:        4016004 kB
MemFree:          114584 kB
Active:           370140 kB
Mem:          3.8G       3.7G       111M       5.7M        26M       3.3G

MemTotal:        4016004 kB
MemFree:          126360 kB
Active:           370140 kB
Mem:          3.8G       3.7G       122M       5.7M        26M       3.3G

MemTotal:        4016004 kB
MemFree:          107012 kB
Active:           370112 kB
Mem:          3.8G       3.7G       103M       5.7M        26M       3.3G

MemTotal:        4016004 kB
MemFree:          130212 kB
Active:           370140 kB
Mem:          3.8G       3.7G       126M       5.7M        26M       3.3G

MemTotal:        4016004 kB
MemFree:          128292 kB
Active:           370124 kB
Mem:          3.8G       3.7G       124M       5.7M        26M       3.3G

MemTotal:        4016004 kB
MemFree:          118976 kB
Active:           370148 kB
Mem:          3.8G       3.7G       115M       5.7M        26M       3.3G

MemTotal:        4016004 kB
MemFree:          115496 kB
Active:           370160 kB
Mem:          3.8G       3.7G       112M       5.7M        26M       3.3G

MemTotal:        4016004 kB
MemFree:          126992 kB
Active:           370132 kB
Mem:          3.8G       3.7G       123M       5.7M        26M       3.3G

MemTotal:        4016004 kB
MemFree:          133584 kB
Active:           370156 kB
Mem:          3.8G       3.7G       129M       5.7M        26M       3.2G

MemTotal:        4016004 kB
MemFree:          128220 kB
Active:           370168 kB
Mem:          3.8G       3.7G       123M       5.7M        26M       3.3G

MemTotal:        4016004 kB
MemFree:          114236 kB
Active:           370172 kB
Mem:          3.8G       3.7G       110M       5.7M        26M       3.3G

MemTotal:        4016004 kB
MemFree:          125160 kB
Active:           370176 kB
Mem:          3.8G       3.7G       120M       5.7M        26M       3.3G

MemTotal:        4016004 kB
MemFree:          105208 kB
Active:           370180 kB
Mem:          3.8G       3.7G       124M       5.7M        26M       3.3G

MemTotal:        4016004 kB
MemFree:          121836 kB
Active:           370192 kB
Mem:          3.8G       3.7G       117M       5.7M        26M       3.3G

MemTotal:        4016004 kB
MemFree:          130640 kB
Active:           365700 kB
Mem:          3.8G       3.7G       126M       5.7M        26M       3.2G

MemTotal:        4016004 kB
MemFree:          124220 kB
Active:           365592 kB
Mem:          3.8G       3.7G       119M       5.7M        26M       3.3G

MemTotal:        4016004 kB
MemFree:          108320 kB
Active:           365592 kB
Mem:          3.8G       3.7G       105M       5.7M        26M       3.3G

MemTotal:        4016004 kB
MemFree:          106832 kB
Active:           365604 kB
Mem:          3.8G       3.7G       104M       5.7M        26M       3.3G

MemTotal:        4016004 kB
MemFree:          106812 kB
Active:           365620 kB
Mem:          3.8G       3.7G       104M       5.7M        26M       3.3G

MemTotal:        4016004 kB
MemFree:          107144 kB
Active:           365588 kB
Mem:          3.8G       3.7G       104M       5.7M        26M       3.3G

MemTotal:        4016004 kB
MemFree:          128136 kB
Active:           365624 kB
Mem:          3.8G       3.7G       124M       5.7M        26M       3.3G

MemTotal:        4016004 kB
MemFree:          125520 kB
Active:           365624 kB
Mem:          3.8G       3.7G       121M       5.7M        26M       3.3G

MemTotal:        4016004 kB
MemFree:          135764 kB
Active:           365632 kB
Mem:          3.8G       3.7G       131M       5.7M        26M       3.2G

MemTotal:        4016004 kB
MemFree:          122260 kB
Active:           365632 kB
Mem:          3.8G       3.7G       118M       5.7M        26M       3.3G

MemTotal:        4016004 kB
MemFree:          120412 kB
Active:           365636 kB
Mem:          3.8G       3.7G       117M       5.7M        26M       3.3G

MemTotal:        4016004 kB
MemFree:          124640 kB
Active:           366792 kB
Mem:          3.8G       3.7G       120M       5.7M        26M       3.3G

MemTotal:        4016004 kB
MemFree:          113632 kB
Active:           364980 kB
Mem:          3.8G       3.7G       110M       5.7M        26M       3.3G

MemTotal:        4016004 kB
MemFree:          134904 kB
Active:           364856 kB
Mem:          3.8G       3.7G       130M       5.7M        26M       3.2G

MemTotal:        4016004 kB
MemFree:          136460 kB
Active:           364868 kB
Mem:          3.8G       3.7G       133M       5.7M        26M       3.2G

MemTotal:        4016004 kB
MemFree:          124260 kB
Active:           364836 kB
Mem:          3.8G       3.7G       120M       5.7M        26M       3.3G

MemTotal:        4016004 kB
MemFree:          111500 kB
Active:           364880 kB
Mem:          3.8G       3.7G       107M       5.7M        26M       3.3G

MemTotal:        4016004 kB
MemFree:          108604 kB
Active:           364880 kB
Mem:          3.8G       3.7G       105M       5.7M        26M       3.3G

MemTotal:        4016004 kB
MemFree:          108080 kB
Active:           364880 kB
Mem:          3.8G       3.7G       104M       5.7M        26M       3.3G

MemTotal:        4016004 kB
MemFree:          131156 kB
Active:           364888 kB
Mem:          3.8G       3.7G       127M       5.7M        26M       3.2G

MemTotal:        4016004 kB
MemFree:          129556 kB
Active:           364888 kB
Mem:          3.8G       3.7G       125M       5.7M        26M       3.2G

MemTotal:        4016004 kB
MemFree:          106568 kB
Active:           362764 kB
Mem:          3.8G       3.7G       102M       5.7M        26M       3.3G

MemTotal:        4016004 kB
MemFree:          124196 kB
Active:           362576 kB
Mem:          3.8G       3.7G       119M       5.7M        26M       3.3G

MemTotal:        4016004 kB
MemFree:          125808 kB
Active:           362584 kB
Mem:          3.8G       3.7G       122M       5.7M        26M       3.3G

MemTotal:        4016004 kB
MemFree:          130532 kB
Active:           362584 kB
Mem:          3.8G       3.7G       126M       5.7M        26M       3.2G

MemTotal:        4016004 kB
MemFree:          117960 kB
Active:           362596 kB
Mem:          3.8G       3.7G       114M       5.7M        26M       3.3G

MemTotal:        4016004 kB
MemFree:          109336 kB
Active:           362596 kB
Mem:          3.8G       3.7G       106M       5.7M        26M       3.3G

MemTotal:        4016004 kB
MemFree:          106408 kB
Active:           362624 kB
Mem:          3.8G       3.7G       103M       5.7M        26M       3.3G

MemTotal:        4016004 kB
MemFree:          106284 kB
Active:           362592 kB
Mem:          3.8G       3.7G       103M       5.7M        26M       3.3G

MemTotal:        4016004 kB
MemFree:          106412 kB
Active:           362624 kB
Mem:          3.8G       3.7G       103M       5.7M        26M       3.3G

MemTotal:        4016004 kB
MemFree:          126820 kB
Active:           362632 kB
Mem:          3.8G       3.7G       123M       5.7M        26M       3.2G

MemTotal:        4016004 kB
MemFree:          143876 kB
Active:           362632 kB
Mem:          3.8G       3.7G       140M       5.7M        26M       3.2G

MemTotal:        4016004 kB
MemFree:          130992 kB
Active:           362632 kB
Mem:          3.8G       3.7G       126M       5.7M        26M       3.2G

MemTotal:        4016004 kB
MemFree:          117720 kB
Active:           362644 kB
Mem:          3.8G       3.7G       113M       5.7M        26M       3.3G

MemTotal:        4016004 kB
MemFree:          116976 kB
Active:           361896 kB
Mem:          3.8G       3.7G       113M       5.7M        26M       3.3G

MemTotal:        4016004 kB
MemFree:          128644 kB
Active:           361896 kB
Mem:          3.8G       3.7G       124M       5.7M        26M       3.2G

MemTotal:        4016004 kB
MemFree:          115016 kB
Active:           361900 kB
Mem:          3.8G       3.7G       110M       5.7M        26M       3.3G

MemTotal:        4016004 kB
MemFree:          121388 kB
Active:           361900 kB
Mem:          3.8G       3.7G       118M       5.7M        26M       3.3G

MemTotal:        4016004 kB
MemFree:          123016 kB
Active:           361908 kB
Mem:          3.8G       3.7G       120M       5.7M        26M       3.3G

MemTotal:        4016004 kB
MemFree:          121296 kB
Active:           361884 kB
Mem:          3.8G       3.7G       117M       5.7M        26M       3.3G

MemTotal:        4016004 kB
MemFree:          126176 kB
Active:           361924 kB
Mem:          3.8G       3.7G       122M       5.7M        26M       3.2G

MemTotal:        4016004 kB
MemFree:          119724 kB
Active:           361928 kB
Mem:          3.8G       3.7G       115M       5.7M        26M       3.3G

MemTotal:        4016004 kB
MemFree:          113880 kB
Active:           361928 kB
Mem:          3.8G       3.7G       110M       5.7M        26M       3.3G

MemTotal:        4016004 kB
MemFree:          125176 kB
Active:           361936 kB
Mem:          3.8G       3.7G       121M       5.7M        26M       3.2G

MemTotal:        4016004 kB
MemFree:          106340 kB
Active:           361936 kB
Mem:          3.8G       3.7G       121M       5.7M        26M       3.2G

MemTotal:        4016004 kB
MemFree:          107348 kB
Active:           353480 kB
Mem:          3.8G       3.7G       103M       5.7M        26M       3.3G

MemTotal:        4016004 kB
MemFree:          134424 kB
Active:           353492 kB
Mem:          3.8G       3.7G       130M       5.7M        26M       3.2G

MemTotal:        4016004 kB
MemFree:          122068 kB
Active:           353500 kB
Mem:          3.8G       3.7G       119M       5.7M        26M       3.3G

MemTotal:        4016004 kB
MemFree:          120012 kB
Active:           353500 kB
Mem:          3.8G       3.7G       116M       5.7M        26M       3.3G

MemTotal:        4016004 kB
MemFree:          113252 kB
Active:           353500 kB
Mem:          3.8G       3.7G       110M       5.7M        26M       3.3G

MemTotal:        4016004 kB
MemFree:          117280 kB
Active:           353512 kB
Mem:          3.8G       3.7G       114M       5.7M        26M       3.3G

MemTotal:        4016004 kB
MemFree:          115032 kB
Active:           353516 kB
Mem:          3.8G       3.7G       112M       5.7M        26M       3.3G

MemTotal:        4016004 kB
MemFree:          126236 kB
Active:           353500 kB
Mem:          3.8G       3.7G       122M       5.7M        26M       3.2G

MemTotal:        4016004 kB
MemFree:          106524 kB
Active:           353472 kB
Mem:          3.8G       3.7G       102M       5.7M        26M       3.3G

MemTotal:        4016004 kB
MemFree:          129228 kB
Active:           353400 kB
Mem:          3.8G       3.7G       125M       5.7M        26M       3.2G

MemTotal:        4016004 kB
MemFree:          107476 kB
Active:           353388 kB
Mem:          3.8G       3.7G       124M       5.7M        26M       3.2G

MemTotal:        4016004 kB
MemFree:          123132 kB
Active:           352060 kB
Mem:          3.8G       3.7G       119M       5.7M        26M       3.3G

MemTotal:        4016004 kB
MemFree:          134304 kB
Active:           352044 kB
Mem:          3.8G       3.7G       130M       5.7M        26M       3.2G

MemTotal:        4016004 kB
MemFree:          122072 kB
Active:           352012 kB
Mem:          3.8G       3.7G       118M       5.7M        26M       3.3G

MemTotal:        4016004 kB
MemFree:          124816 kB
Active:           352040 kB
Mem:          3.8G       3.7G       120M       5.7M        26M       3.2G

MemTotal:        4016004 kB
MemFree:          135064 kB
Active:           352024 kB
Mem:          3.8G       3.7G       131M       5.7M        26M       3.2G

MemTotal:        4016004 kB
MemFree:          121228 kB
Active:           352060 kB
Mem:          3.8G       3.7G       118M       5.7M        26M       3.3G

MemTotal:        4016004 kB
MemFree:          120876 kB
Active:           352072 kB
Mem:          3.8G       3.7G       117M       5.7M        26M       3.3G

MemTotal:        4016004 kB
MemFree:          120548 kB
Active:           352052 kB
Mem:          3.8G       3.7G       117M       5.7M        26M       3.3G

MemTotal:        4016004 kB
MemFree:          121900 kB
Active:           352056 kB
Mem:          3.8G       3.7G       118M       5.7M        26M       3.3G

MemTotal:        4016004 kB
MemFree:          126856 kB
Active:           352056 kB
Mem:          3.8G       3.7G       122M       5.7M        26M       3.2G

MemTotal:        4016004 kB
MemFree:          120824 kB
Active:           352084 kB
Mem:          3.8G       3.7G       117M       5.7M        26M       3.3G

MemTotal:        4016004 kB
MemFree:          107692 kB
Active:           352088 kB
Mem:          3.8G       3.7G       104M       5.7M        26M       3.3G

MemTotal:        4016004 kB
MemFree:          105348 kB
Active:           354140 kB
Mem:          3.8G       3.7G       125M       5.7M        26M       3.2G

MemTotal:        4016004 kB
MemFree:          122968 kB
Active:           353372 kB
Mem:          3.8G       3.7G       118M       5.7M        26M       3.3G

MemTotal:        4016004 kB
MemFree:          121244 kB
Active:           353228 kB
Mem:          3.8G       3.7G       116M       5.7M        26M       3.3G

MemTotal:        4016004 kB
MemFree:          137068 kB
Active:           350252 kB
Mem:          3.8G       3.7G       133M       5.7M        26M       3.2G

MemTotal:        4016004 kB
MemFree:          124264 kB
Active:           350200 kB
Mem:          3.8G       3.7G       120M       5.7M        26M       3.2G

MemTotal:        4016004 kB
MemFree:          104868 kB
Active:           350192 kB
Mem:          3.8G       3.7G       124M       5.7M        26M       3.2G

MemTotal:        4016004 kB
MemFree:          119420 kB
Active:           350188 kB
Mem:          3.8G       3.7G       115M       5.7M        26M       3.3G

MemTotal:        4016004 kB
MemFree:          119804 kB
Active:           350212 kB
Mem:          3.8G       3.7G       116M       5.7M        26M       3.3G

MemTotal:        4016004 kB
MemFree:          119640 kB
Active:           350192 kB
Mem:          3.8G       3.7G       116M       5.7M        26M       3.3G

MemTotal:        4016004 kB
MemFree:          119936 kB
Active:           350228 kB
Mem:          3.8G       3.7G       117M       5.7M        26M       3.3G

MemTotal:        4016004 kB
MemFree:          132312 kB
Active:           350232 kB
Mem:          3.8G       3.7G       127M       5.7M        26M       3.2G

MemTotal:        4016004 kB
MemFree:          136540 kB
Active:           350232 kB
Mem:          3.8G       3.7G       132M       5.7M        26M       3.2G

MemTotal:        4016004 kB
MemFree:          122944 kB
Active:           350232 kB
Mem:          3.8G       3.7G       118M       5.7M        26M       3.2G

MemTotal:        4016004 kB
MemFree:          127752 kB
Active:           350240 kB
Mem:          3.8G       3.7G       123M       5.7M        26M       3.2G

MemTotal:        4016004 kB
MemFree:          120612 kB
Active:           350244 kB
Mem:          3.8G       3.7G       117M       5.7M        26M       3.3G

MemTotal:        4016004 kB
MemFree:          124924 kB
Active:           350244 kB
Mem:          3.8G       3.7G       121M       5.7M        26M       3.2G

MemTotal:        4016004 kB
MemFree:          124852 kB
Active:           350248 kB
Mem:          3.8G       3.7G       120M       5.7M        26M       3.2G

MemTotal:        4016004 kB
MemFree:          122696 kB
Active:           350248 kB
Mem:          3.8G       3.7G       118M       5.7M        26M       3.2G

MemTotal:        4016004 kB
MemFree:          108788 kB
Active:           350256 kB
Mem:          3.8G       3.7G       105M       5.7M        26M       3.3G

MemTotal:        4016004 kB
MemFree:          112476 kB
Active:           350268 kB
Mem:          3.8G       3.7G       108M       5.7M        26M       3.3G

MemTotal:        4016004 kB
MemFree:          119148 kB
Active:           349560 kB
Mem:          3.8G       3.7G       116M       5.7M        26M       3.3G

MemTotal:        4016004 kB
MemFree:          134240 kB
Active:           349572 kB
Mem:          3.8G       3.7G       130M       5.7M        26M       3.2G

MemTotal:        4016004 kB
MemFree:          131140 kB
Active:           349576 kB
Mem:          3.8G       3.7G       127M       5.7M        26M       3.2G

MemTotal:        4016004 kB
MemFree:          131244 kB
Active:           349576 kB
Mem:          3.8G       3.7G       128M       5.7M        26M       3.2G

MemTotal:        4016004 kB
MemFree:          143656 kB
Active:           349588 kB
Mem:          3.8G       3.7G       139M       5.7M        26M       3.2G

MemTotal:        4016004 kB
MemFree:          131160 kB
Active:           349592 kB
Mem:          3.8G       3.7G       126M       5.7M        26M       3.2G

MemTotal:        4016004 kB
MemFree:          117532 kB
Active:           349592 kB
Mem:          3.8G       3.7G       114M       5.7M        26M       3.3G

MemTotal:        4016004 kB
MemFree:          116428 kB
Active:           349596 kB
Mem:          3.8G       3.7G       112M       5.7M        26M       3.3G

MemTotal:        4016004 kB
MemFree:          120036 kB
Active:           349608 kB
Mem:          3.8G       3.7G       116M       5.7M        26M       3.3G

MemTotal:        4016004 kB
MemFree:          106896 kB
Active:           349608 kB
Mem:          3.8G       3.7G       103M       5.7M        26M       3.3G

MemTotal:        4016004 kB
MemFree:          130964 kB
Active:           349480 kB
Mem:          3.8G       3.7G       127M       5.7M        26M       3.2G

MemTotal:        4016004 kB
MemFree:          106328 kB
Active:           349480 kB
Mem:          3.8G       3.7G       103M       5.7M        26M       3.3G

MemTotal:        4016004 kB
MemFree:          128212 kB
Active:           349492 kB
Mem:          3.8G       3.7G       125M       5.7M        26M       3.2G

MemTotal:        4016004 kB
MemFree:          128164 kB
Active:           349492 kB
Mem:          3.8G       3.7G       125M       5.7M        26M       3.2G

MemTotal:        4016004 kB
MemFree:          128228 kB
Active:           349472 kB
Mem:          3.8G       3.7G       125M       5.7M        26M       3.2G

MemTotal:        4016004 kB
MemFree:          125000 kB
Active:           349484 kB
Mem:          3.8G       3.7G       121M       5.7M        26M       3.2G

MemTotal:        4016004 kB
MemFree:          105544 kB
Active:           349484 kB
Mem:          3.8G       3.7G       125M       5.7M        26M       3.2G

MemTotal:        4016004 kB
MemFree:          122668 kB
Active:           349492 kB
Mem:          3.8G       3.7G       118M       5.7M        26M       3.2G

MemTotal:        4016004 kB
MemFree:          133468 kB
Active:           349468 kB
Mem:          3.8G       3.7G       129M       5.7M        26M       3.2G

MemTotal:        4016004 kB
MemFree:          121080 kB
Active:           349492 kB
Mem:          3.8G       3.7G       117M       5.7M        26M       3.2G

MemTotal:        4016004 kB
MemFree:          105076 kB
Active:           349272 kB
Mem:          3.8G       3.7G       102M       5.7M        26M       3.3G

MemTotal:        4016004 kB
MemFree:          128760 kB
Active:           349292 kB
Mem:          3.8G       3.7G       125M       5.7M        26M       3.2G

MemTotal:        4016004 kB
MemFree:          128760 kB
Active:           349296 kB
Mem:          3.8G       3.7G       125M       5.7M        26M       3.2G

MemTotal:        4016004 kB
MemFree:          129380 kB
Active:           349296 kB
Mem:          3.8G       3.7G       126M       5.7M        26M       3.2G

MemTotal:        4016004 kB
MemFree:          129256 kB
Active:           349292 kB
Mem:          3.8G       3.7G       126M       5.7M        26M       3.2G

MemTotal:        4016004 kB
MemFree:          129380 kB
Active:           349300 kB
Mem:          3.8G       3.7G       126M       5.7M        26M       3.2G

MemTotal:        4016004 kB
MemFree:          129380 kB
Active:           349292 kB
Mem:          3.8G       3.7G       126M       5.7M        26M       3.2G

MemTotal:        4016004 kB
MemFree:          129380 kB
Active:           349296 kB
Mem:          3.8G       3.7G       126M       5.7M        26M       3.2G

MemTotal:        4016004 kB
MemFree:          129256 kB
Active:           349316 kB
Mem:          3.8G       3.7G       126M       5.7M        26M       3.2G

MemTotal:        4016004 kB
MemFree:          129380 kB
Active:           349276 kB
Mem:          3.8G       3.7G       126M       5.7M        26M       3.2G

MemTotal:        4016004 kB
MemFree:          129256 kB
Active:           349288 kB
Mem:          3.8G       3.7G       126M       5.7M        26M       3.2G

MemTotal:        4016004 kB
MemFree:          129008 kB
Active:           349324 kB
Mem:          3.8G       3.7G       126M       5.7M        26M       3.2G

MemTotal:        4016004 kB
MemFree:          129256 kB
Active:           349288 kB
Mem:          3.8G       3.7G       126M       5.7M        26M       3.2G

MemTotal:        4016004 kB
MemFree:          129116 kB
Active:           349328 kB
Mem:          3.8G       3.7G       126M       5.7M        26M       3.2G

MemTotal:        4016004 kB
MemFree:          129256 kB
Active:           349328 kB
Mem:          3.8G       3.7G       126M       5.7M        26M       3.2G

MemTotal:        4016004 kB
MemFree:          129256 kB
Active:           349304 kB
Mem:          3.8G       3.7G       126M       5.7M        26M       3.2G

MemTotal:        4016004 kB
MemFree:          129132 kB
Active:           349344 kB
Mem:          3.8G       3.7G       126M       5.7M        26M       3.2G

MemTotal:        4016004 kB
MemFree:          129132 kB
Active:           349344 kB
Mem:          3.8G       3.7G       126M       5.7M        26M       3.2G

MemTotal:        4016004 kB
MemFree:          129256 kB
Active:           349344 kB
Mem:          3.8G       3.7G       126M       5.7M        26M       3.2G

MemTotal:        4016004 kB
MemFree:          129008 kB
Active:           349308 kB
Mem:          3.8G       3.7G       126M       5.7M        26M       3.2G

MemTotal:        4016004 kB
MemFree:          128812 kB
Active:           349328 kB
Mem:          3.8G       3.7G       125M       5.7M        26M       3.2G

MemTotal:        4016004 kB
MemFree:          128812 kB
Active:           349320 kB
Mem:          3.8G       3.7G       125M       5.7M        26M       3.2G

MemTotal:        4016004 kB
MemFree:          128940 kB
Active:           349348 kB
Mem:          3.8G       3.7G       125M       5.7M        26M       3.2G

MemTotal:        4016004 kB
MemFree:          129224 kB
Active:           349324 kB
Mem:          3.8G       3.7G       126M       5.7M        26M       3.2G

MemTotal:        4016004 kB
MemFree:          129472 kB
Active:           349340 kB
Mem:          3.8G       3.7G       126M       5.7M        26M       3.2G

MemTotal:        4016004 kB
MemFree:          129224 kB
Active:           349336 kB
Mem:          3.8G       3.7G       126M       5.7M        26M       3.2G

MemTotal:        4016004 kB
MemFree:          129224 kB
Active:           349360 kB
Mem:          3.8G       3.7G       126M       5.7M        26M       3.2G

MemTotal:        4016004 kB
MemFree:          129348 kB
Active:           349336 kB
Mem:          3.8G       3.7G       126M       5.7M        26M       3.2G

MemTotal:        4016004 kB
MemFree:          129100 kB
Active:           349380 kB
Mem:          3.8G       3.7G       126M       5.7M        26M       3.2G

MemTotal:        4016004 kB
MemFree:          129348 kB
Active:           349364 kB
Mem:          3.8G       3.7G       126M       5.7M        26M       3.2G

MemTotal:        4016004 kB
MemFree:          128356 kB
Active:           349384 kB
Mem:          3.8G       3.7G       125M       5.7M        26M       3.2G

MemTotal:        4016004 kB
MemFree:          128232 kB
Active:           349384 kB
Mem:          3.8G       3.7G       125M       5.7M        26M       3.2G

MemTotal:        4016004 kB
MemFree:          128604 kB
Active:           349372 kB
Mem:          3.8G       3.7G       125M       5.7M        26M       3.2G

MemTotal:        4016004 kB
MemFree:          129100 kB
Active:           349364 kB
Mem:          3.8G       3.7G       126M       5.7M        26M       3.2G

MemTotal:        4016004 kB
MemFree:          129224 kB
Active:           349376 kB
Mem:          3.8G       3.7G       126M       5.7M        26M       3.2G

MemTotal:        4016004 kB
MemFree:          129224 kB
Active:           349368 kB
Mem:          3.8G       3.7G       125M       5.7M        26M       3.2G

MemTotal:        4016004 kB
MemFree:          129224 kB
Active:           349360 kB
Mem:          3.8G       3.7G       126M       5.7M        26M       3.2G

MemTotal:        4016004 kB
MemFree:          129100 kB
Active:           349348 kB
Mem:          3.8G       3.7G       126M       5.7M        26M       3.2G

MemTotal:        4016004 kB
MemFree:          129100 kB
Active:           349360 kB
Mem:          3.8G       3.7G       125M       5.7M        26M       3.2G

MemTotal:        4016004 kB
MemFree:          129100 kB
Active:           349400 kB
Mem:          3.8G       3.7G       125M       5.7M        26M       3.2G

MemTotal:        4016004 kB
MemFree:          129100 kB
Active:           349348 kB
Mem:          3.8G       3.7G       125M       5.7M        26M       3.2G

MemTotal:        4016004 kB
MemFree:          129224 kB
Active:           349392 kB
Mem:          3.8G       3.7G       126M       5.7M        26M       3.2G

MemTotal:        4016004 kB
MemFree:          128728 kB
Active:           349400 kB
Mem:          3.8G       3.7G       125M       5.7M        26M       3.2G

MemTotal:        4016004 kB
MemFree:          129100 kB
Active:           349392 kB
Mem:          3.8G       3.7G       125M       5.7M        26M       3.2G

MemTotal:        4016004 kB
MemFree:          129100 kB
Active:           349396 kB
Mem:          3.8G       3.7G       125M       5.7M        26M       3.2G

MemTotal:        4016004 kB
MemFree:          128604 kB
Active:           349412 kB
Mem:          3.8G       3.7G       125M       5.7M        26M       3.2G

MemTotal:        4016004 kB
MemFree:          129100 kB
Active:           349380 kB
Mem:          3.8G       3.7G       126M       5.7M        26M       3.2G

MemTotal:        4016004 kB
MemFree:          129224 kB
Active:           349408 kB
Mem:          3.8G       3.7G       125M       5.7M        26M       3.2G

MemTotal:        4016004 kB
MemFree:          129100 kB
Active:           349388 kB
Mem:          3.8G       3.7G       125M       5.7M        26M       3.2G

MemTotal:        4016004 kB
MemFree:          129100 kB
Active:           349420 kB
Mem:          3.8G       3.7G       126M       5.7M        26M       3.2G

MemTotal:        4016004 kB
MemFree:          129100 kB
Active:           349396 kB
Mem:          3.8G       3.7G       126M       5.7M        26M       3.2G

MemTotal:        4016004 kB
MemFree:          128976 kB
Active:           349392 kB
Mem:          3.8G       3.7G       125M       5.7M        26M       3.2G

MemTotal:        4016004 kB
MemFree:          128976 kB
Active:           349424 kB
Mem:          3.8G       3.7G       125M       5.7M        26M       3.2G

MemTotal:        4016004 kB
MemFree:          128976 kB
Active:           349388 kB
Mem:          3.8G       3.7G       125M       5.7M        26M       3.2G

MemTotal:        4016004 kB
MemFree:          129100 kB
Active:           349400 kB
Mem:          3.8G       3.7G       125M       5.7M        26M       3.2G

MemTotal:        4016004 kB
MemFree:          128604 kB
Active:           349432 kB
Mem:          3.8G       3.7G       125M       5.7M        26M       3.2G

MemTotal:        4016004 kB
MemFree:          128852 kB
Active:           349412 kB
Mem:          3.8G       3.7G       125M       5.7M        26M       3.2G

MemTotal:        4016004 kB
MemFree:          128604 kB
Active:           349428 kB
Mem:          3.8G       3.7G       125M       5.7M        26M       3.2G

MemTotal:        4016004 kB
MemFree:          128852 kB
Active:           349408 kB
Mem:          3.8G       3.7G       126M       5.7M        26M       3.2G

MemTotal:        4016004 kB
MemFree:          128976 kB
Active:           349416 kB
Mem:          3.8G       3.7G       125M       5.7M        26M       3.2G

MemTotal:        4016004 kB
MemFree:          128604 kB
Active:           349448 kB
Mem:          3.8G       3.7G       125M       5.7M        26M       3.2G

MemTotal:        4016004 kB
MemFree:          128976 kB
Active:           349420 kB
Mem:          3.8G       3.7G       125M       5.7M        26M       3.2G

MemTotal:        4016004 kB
MemFree:          128976 kB
Active:           349448 kB
Mem:          3.8G       3.7G       125M       5.7M        26M       3.2G

MemTotal:        4016004 kB
MemFree:          128852 kB
Active:           349412 kB
Mem:          3.8G       3.7G       125M       5.7M        26M       3.2G

MemTotal:        4016004 kB
MemFree:          128232 kB
Active:           349448 kB
Mem:          3.8G       3.7G       125M       5.7M        26M       3.2G

MemTotal:        4016004 kB
MemFree:          128480 kB
Active:           349432 kB
Mem:          3.8G       3.7G       125M       5.7M        26M       3.2G

MemTotal:        4016004 kB
MemFree:          128604 kB
Active:           349460 kB
Mem:          3.8G       3.7G       125M       5.7M        26M       3.2G

MemTotal:        4016004 kB
MemFree:          128976 kB
Active:           349464 kB
Mem:          3.8G       3.7G       125M       5.7M        26M       3.2G

MemTotal:        4016004 kB
MemFree:          128852 kB
Active:           349428 kB
Mem:          3.8G       3.7G       125M       5.7M        26M       3.2G

MemTotal:        4016004 kB
MemFree:          128604 kB
Active:           349464 kB
Mem:          3.8G       3.7G       125M       5.7M        26M       3.2G

MemTotal:        4016004 kB
MemFree:          128976 kB
Active:           349436 kB
Mem:          3.8G       3.7G       125M       5.7M        26M       3.2G

MemTotal:        4016004 kB
MemFree:          128976 kB
Active:           349432 kB
Mem:          3.8G       3.7G       125M       5.7M        26M       3.2G

MemTotal:        4016004 kB
MemFree:          128852 kB
Active:           349496 kB
Mem:          3.8G       3.7G       125M       5.7M        26M       3.2G

MemTotal:        4016004 kB
MemFree:          129092 kB
Active:           349556 kB
Mem:          3.8G       3.7G       125M       5.7M        26M       3.2G

MemTotal:        4016004 kB
MemFree:          128968 kB
Active:           349536 kB
Mem:          3.8G       3.7G       125M       5.7M        26M       3.2G

MemTotal:        4016004 kB
MemFree:          128968 kB
Active:           349556 kB
Mem:          3.8G       3.7G       125M       5.7M        26M       3.2G

MemTotal:        4016004 kB
MemFree:          128968 kB
Active:           349536 kB
Mem:          3.8G       3.7G       125M       5.7M        26M       3.2G

MemTotal:        4016004 kB
MemFree:          128720 kB
Active:           349564 kB
Mem:          3.8G       3.7G       125M       5.7M        26M       3.2G

MemTotal:        4016004 kB
MemFree:          128472 kB
Active:           349568 kB
Mem:          3.8G       3.7G       125M       5.7M        26M       3.2G

MemTotal:        4016004 kB
MemFree:          129092 kB
Active:           349548 kB
Mem:          3.8G       3.7G       125M       5.7M        26M       3.2G

MemTotal:        4016004 kB
MemFree:          128968 kB
Active:           349552 kB
Mem:          3.8G       3.7G       125M       5.7M        26M       3.2G

MemTotal:        4016004 kB
MemFree:          128968 kB
Active:           349568 kB
Mem:          3.8G       3.7G       125M       5.7M        26M       3.2G

MemTotal:        4016004 kB
MemFree:          128844 kB
Active:           349536 kB
Mem:          3.8G       3.7G       125M       5.7M        26M       3.2G

MemTotal:        4016004 kB
MemFree:          128844 kB
Active:           349568 kB
Mem:          3.8G       3.7G       125M       5.7M        26M       3.2G

MemTotal:        4016004 kB
MemFree:          128968 kB
Active:           349568 kB
Mem:          3.8G       3.7G       125M       5.7M        26M       3.2G

MemTotal:        4016004 kB
MemFree:          128844 kB
Active:           349576 kB
Mem:          3.8G       3.7G       125M       5.7M        26M       3.2G

MemTotal:        4016004 kB
MemFree:          128844 kB
Active:           349528 kB
Mem:          3.8G       3.7G       125M       5.7M        26M       3.2G

MemTotal:        4016004 kB
MemFree:          128720 kB
Active:           349576 kB
Mem:          3.8G       3.7G       125M       5.7M        26M       3.2G

MemTotal:        4016004 kB
MemFree:          130720 kB
Active:           347540 kB
Mem:          3.8G       3.7G       127M       5.7M        26M       3.2G

MemTotal:        4016004 kB
MemFree:          130844 kB
Active:           347496 kB
Mem:          3.8G       3.7G       127M       5.7M        26M       3.2G

MemTotal:        4016004 kB
MemFree:          130844 kB
Active:           347524 kB
Mem:          3.8G       3.7G       127M       5.7M        26M       3.2G

MemTotal:        4016004 kB
MemFree:          130844 kB
Active:           347560 kB
Mem:          3.8G       3.7G       127M       5.7M        26M       3.2G

MemTotal:        4016004 kB
MemFree:          130844 kB
Active:           347556 kB
Mem:          3.8G       3.7G       127M       5.7M        26M       3.2G

MemTotal:        4016004 kB
MemFree:          130844 kB
Active:           347516 kB
Mem:          3.8G       3.7G       127M       5.7M        26M       3.2G

MemTotal:        4016004 kB
MemFree:          130968 kB
Active:           347524 kB
Mem:          3.8G       3.7G       127M       5.7M        26M       3.2G

MemTotal:        4016004 kB
MemFree:          130968 kB
Active:           347540 kB
Mem:          3.8G       3.7G       127M       5.7M        26M       3.2G

MemTotal:        4016004 kB
MemFree:          130968 kB
Active:           347532 kB
Mem:          3.8G       3.7G       127M       5.7M        26M       3.2G

MemTotal:        4016004 kB
MemFree:          130720 kB
Active:           347540 kB
Mem:          3.8G       3.7G       127M       5.7M        26M       3.2G

MemTotal:        4016004 kB
MemFree:          130720 kB
Active:           347568 kB
Mem:          3.8G       3.7G       127M       5.7M        26M       3.2G

MemTotal:        4016004 kB
MemFree:          130596 kB
Active:           347552 kB
Mem:          3.8G       3.7G       127M       5.7M        26M       3.2G

MemTotal:        4016004 kB
MemFree:          130720 kB
Active:           347564 kB
Mem:          3.8G       3.7G       127M       5.7M        26M       3.2G

MemTotal:        4016004 kB
MemFree:          130720 kB
Active:           347568 kB
Mem:          3.8G       3.7G       127M       5.7M        26M       3.2G

MemTotal:        4016004 kB
MemFree:          130720 kB
Active:           347520 kB
Mem:          3.8G       3.7G       127M       5.7M        26M       3.2G

MemTotal:        4016004 kB
MemFree:          130720 kB
Active:           347548 kB
Mem:          3.8G       3.7G       127M       5.7M        26M       3.2G

MemTotal:        4016004 kB
MemFree:          130596 kB
Active:           347564 kB
Mem:          3.8G       3.7G       127M       5.7M        26M       3.2G

MemTotal:        4016004 kB
MemFree:          130720 kB
Active:           347560 kB
Mem:          3.8G       3.7G       127M       5.7M        26M       3.2G

MemTotal:        4016004 kB
MemFree:          130720 kB
Active:           347592 kB
Mem:          3.8G       3.7G       127M       5.7M        26M       3.2G

MemTotal:        4016004 kB
MemFree:          130844 kB
Active:           347576 kB
Mem:          3.8G       3.7G       127M       5.7M        26M       3.2G

MemTotal:        4016004 kB
MemFree:          130720 kB
Active:           347568 kB
Mem:          3.8G       3.7G       127M       5.7M        26M       3.2G

MemTotal:        4016004 kB
MemFree:          130844 kB
Active:           347536 kB
Mem:          3.8G       3.7G       127M       5.7M        26M       3.2G

MemTotal:        4016004 kB
MemFree:          130720 kB
Active:           347572 kB
Mem:          3.8G       3.7G       127M       5.7M        26M       3.2G

MemTotal:        4016004 kB
MemFree:          130844 kB
Active:           347560 kB
Mem:          3.8G       3.7G       127M       5.7M        26M       3.2G

MemTotal:        4016004 kB
MemFree:          130844 kB
Active:           347588 kB
Mem:          3.8G       3.7G       127M       5.7M        26M       3.2G

MemTotal:        4016004 kB
MemFree:          130224 kB
Active:           347608 kB
Mem:          3.8G       3.7G       127M       5.7M        26M       3.2G

MemTotal:        4016004 kB
MemFree:          130968 kB
Active:           347608 kB
Mem:          3.8G       3.7G       127M       5.7M        26M       3.2G

MemTotal:        4016004 kB
MemFree:          130968 kB
Active:           347600 kB
Mem:          3.8G       3.7G       127M       5.7M        26M       3.2G

MemTotal:        4016004 kB
MemFree:          130844 kB
Active:           347608 kB
Mem:          3.8G       3.7G       127M       5.7M        26M       3.2G

MemTotal:        4016004 kB
MemFree:          130728 kB
Active:           347600 kB
Mem:          3.8G       3.7G       127M       5.7M        26M       3.2G

MemTotal:        4016004 kB
MemFree:          130728 kB
Active:           347580 kB
Mem:          3.8G       3.7G       127M       5.7M        26M       3.2G

MemTotal:        4016004 kB
MemFree:          130852 kB
Active:           347616 kB
Mem:          3.8G       3.7G       127M       5.7M        26M       3.2G

MemTotal:        4016004 kB
MemFree:          130852 kB
Active:           347616 kB
Mem:          3.8G       3.7G       127M       5.7M        26M       3.2G

MemTotal:        4016004 kB
MemFree:          130852 kB
Active:           347624 kB
Mem:          3.8G       3.7G       127M       5.7M        26M       3.2G

MemTotal:        4016004 kB
MemFree:          130852 kB
Active:           347604 kB
Mem:          3.8G       3.7G       127M       5.7M        26M       3.2G

MemTotal:        4016004 kB
MemFree:          130852 kB
Active:           347596 kB
Mem:          3.8G       3.7G       127M       5.7M        26M       3.2G

MemTotal:        4016004 kB
MemFree:          130728 kB
Active:           347632 kB
Mem:          3.8G       3.7G       127M       5.7M        26M       3.2G

MemTotal:        4016004 kB
MemFree:          130728 kB
Active:           347604 kB
Mem:          3.8G       3.7G       127M       5.7M        26M       3.2G

MemTotal:        4016004 kB
MemFree:          130604 kB
Active:           347636 kB
Mem:          3.8G       3.7G       127M       5.7M        26M       3.2G

MemTotal:        4016004 kB
MemFree:          130728 kB
Active:           347616 kB
Mem:          3.8G       3.7G       127M       5.7M        26M       3.2G

MemTotal:        4016004 kB
MemFree:          130480 kB
Active:           347640 kB
Mem:          3.8G       3.7G       127M       5.7M        26M       3.2G

MemTotal:        4016004 kB
MemFree:          130728 kB
Active:           347640 kB
Mem:          3.8G       3.7G       127M       5.7M        26M       3.2G

MemTotal:        4016004 kB
MemFree:          130728 kB
Active:           347640 kB
Mem:          3.8G       3.7G       127M       5.7M        26M       3.2G

MemTotal:        4016004 kB
MemFree:          130340 kB
Active:           347904 kB
Mem:          3.8G       3.7G       126M       5.7M        26M       3.2G

MemTotal:        4016004 kB
MemFree:          129364 kB
Active:           347772 kB
Mem:          3.8G       3.7G       126M       5.7M        26M       3.2G

MemTotal:        4016004 kB
MemFree:          129984 kB
Active:           347772 kB
Mem:          3.8G       3.7G       126M       5.7M        26M       3.2G

MemTotal:        4016004 kB
MemFree:          129860 kB
Active:           347748 kB
Mem:          3.8G       3.7G       126M       5.7M        26M       3.2G

MemTotal:        4016004 kB
MemFree:          129860 kB
Active:           347760 kB
Mem:          3.8G       3.7G       126M       5.7M        26M       3.2G

MemTotal:        4016004 kB
MemFree:          129860 kB
Active:           347772 kB
Mem:          3.8G       3.7G       126M       5.7M        26M       3.2G

MemTotal:        4016004 kB
MemFree:          129860 kB
Active:           347772 kB
Mem:          3.8G       3.7G       126M       5.7M        26M       3.2G

MemTotal:        4016004 kB
MemFree:          129984 kB
Active:           347724 kB
Mem:          3.8G       3.7G       126M       5.7M        26M       3.2G

MemTotal:        4016004 kB
MemFree:          130108 kB
Active:           347752 kB
Mem:          3.8G       3.7G       126M       5.7M        26M       3.2G

MemTotal:        4016004 kB
MemFree:          130108 kB
Active:           347760 kB
Mem:          3.8G       3.7G       127M       5.7M        26M       3.2G

MemTotal:        4016004 kB
MemFree:          129984 kB
Active:           347772 kB
Mem:          3.8G       3.7G       126M       5.7M        26M       3.2G

MemTotal:        4016004 kB
MemFree:          130108 kB
Active:           347780 kB
Mem:          3.8G       3.7G       127M       5.7M        26M       3.2G

MemTotal:        4016004 kB
MemFree:          130232 kB
Active:           347776 kB
Mem:          3.8G       3.7G       127M       5.7M        26M       3.2G

MemTotal:        4016004 kB
MemFree:          129984 kB
Active:           347788 kB
Mem:          3.8G       3.7G       126M       5.7M        26M       3.2G

MemTotal:        4016004 kB
MemFree:          129984 kB
Active:           347788 kB
Mem:          3.8G       3.7G       126M       5.7M        26M       3.2G

MemTotal:        4016004 kB
MemFree:          130108 kB
Active:           347736 kB
Mem:          3.8G       3.7G       126M       5.7M        26M       3.2G

MemTotal:        4016004 kB
MemFree:          130108 kB
Active:           347780 kB
Mem:          3.8G       3.7G       126M       5.7M        26M       3.2G

MemTotal:        4016004 kB
MemFree:          130232 kB
Active:           347788 kB
Mem:          3.8G       3.7G       127M       5.7M        26M       3.2G

MemTotal:        4016004 kB
MemFree:          129984 kB
Active:           347752 kB
Mem:          3.8G       3.7G       126M       5.7M        26M       3.2G

MemTotal:        4016004 kB
MemFree:          130108 kB
Active:           347756 kB
Mem:          3.8G       3.7G       127M       5.7M        26M       3.2G

MemTotal:        4016004 kB
MemFree:          130232 kB
Active:           347788 kB
Mem:          3.8G       3.7G       126M       5.7M        26M       3.2G

MemTotal:        4016004 kB
MemFree:          130108 kB
Active:           347796 kB
Mem:          3.8G       3.7G       127M       5.7M        26M       3.2G

MemTotal:        4016004 kB
MemFree:          127936 kB
Active:           347804 kB
Mem:          3.8G       3.7G       124M       5.7M        26M       3.2G

MemTotal:        4016004 kB
MemFree:          128060 kB
Active:           347740 kB
Mem:          3.8G       3.7G       124M       5.7M        26M       3.2G

MemTotal:        4016004 kB
MemFree:          128184 kB
Active:           347764 kB
Mem:          3.8G       3.7G       125M       5.7M        26M       3.2G

MemTotal:        4016004 kB
MemFree:          128308 kB
Active:           347780 kB
Mem:          3.8G       3.7G       125M       5.7M        26M       3.2G

MemTotal:        4016004 kB
MemFree:          127688 kB
Active:           347788 kB
Mem:          3.8G       3.7G       124M       5.7M        26M       3.2G

MemTotal:        4016004 kB
MemFree:          128060 kB
Active:           347772 kB
Mem:          3.8G       3.7G       125M       5.7M        26M       3.2G

MemTotal:        4016004 kB
MemFree:          128060 kB
Active:           347760 kB
Mem:          3.8G       3.7G       125M       5.7M        26M       3.2G

MemTotal:        4016004 kB
MemFree:          128060 kB
Active:           347756 kB
Mem:          3.8G       3.7G       125M       5.7M        26M       3.2G

MemTotal:        4016004 kB
MemFree:          128044 kB
Active:           347772 kB
Mem:          3.8G       3.7G       124M       5.7M        26M       3.2G

MemTotal:        4016004 kB
MemFree:          127316 kB
Active:           347800 kB
Mem:          3.8G       3.7G       124M       5.7M        26M       3.2G

MemTotal:        4016004 kB
MemFree:          127564 kB
Active:           347756 kB
Mem:          3.8G       3.7G       124M       5.7M        26M       3.2G

MemTotal:        4016004 kB
MemFree:          127440 kB
Active:           347788 kB
Mem:          3.8G       3.7G       124M       5.7M        26M       3.2G

MemTotal:        4016004 kB
MemFree:          128060 kB
Active:           347808 kB
Mem:          3.8G       3.7G       124M       5.7M        26M       3.2G

MemTotal:        4016004 kB
MemFree:          128060 kB
Active:           347772 kB
Mem:          3.8G       3.7G       124M       5.7M        26M       3.2G

MemTotal:        4016004 kB
MemFree:          127564 kB
Active:           347812 kB
Mem:          3.8G       3.7G       124M       5.7M        26M       3.2G

MemTotal:        4016004 kB
MemFree:          127936 kB
Active:           347784 kB
Mem:          3.8G       3.7G       124M       5.7M        26M       3.2G

MemTotal:        4016004 kB
MemFree:          128060 kB
Active:           347820 kB
Mem:          3.8G       3.7G       124M       5.7M        26M       3.2G

MemTotal:        4016004 kB
MemFree:          127936 kB
Active:           347784 kB
Mem:          3.8G       3.7G       124M       5.7M        26M       3.2G

MemTotal:        4016004 kB
MemFree:          127936 kB
Active:           347816 kB
Mem:          3.8G       3.7G       124M       5.7M        26M       3.2G

MemTotal:        4016004 kB
MemFree:          127936 kB
Active:           347784 kB
Mem:          3.8G       3.7G       124M       5.7M        26M       3.2G

MemTotal:        4016004 kB
MemFree:          127812 kB
Active:           347812 kB
Mem:          3.8G       3.7G       124M       5.7M        26M       3.2G

MemTotal:        4016004 kB
MemFree:          127936 kB
Active:           347812 kB
Mem:          3.8G       3.7G       124M       5.7M        26M       3.2G

MemTotal:        4016004 kB
MemFree:          127564 kB
Active:           347828 kB
Mem:          3.8G       3.7G       124M       5.7M        26M       3.2G

MemTotal:        4016004 kB
MemFree:          127812 kB
Active:           347824 kB
Mem:          3.8G       3.7G       124M       5.7M        26M       3.2G

MemTotal:        4016004 kB
MemFree:          127812 kB
Active:           347820 kB
Mem:          3.8G       3.7G       124M       5.7M        26M       3.2G

MemTotal:        4016004 kB
MemFree:          127812 kB
Active:           347828 kB
Mem:          3.8G       3.7G       124M       5.7M        26M       3.2G

MemTotal:        4016004 kB
MemFree:          127812 kB
Active:           347816 kB
Mem:          3.8G       3.7G       124M       5.7M        26M       3.2G

MemTotal:        4016004 kB
MemFree:          127904 kB
Active:           347820 kB
Mem:          3.8G       3.7G       124M       5.7M        26M       3.2G

MemTotal:        4016004 kB
MemFree:          127936 kB
Active:           347840 kB
Mem:          3.8G       3.7G       124M       5.7M        26M       3.2G

MemTotal:        4016004 kB
MemFree:          127812 kB
Active:           347788 kB
Mem:          3.8G       3.7G       124M       5.7M        26M       3.2G

MemTotal:        4016004 kB
MemFree:          127812 kB
Active:           347816 kB
Mem:          3.8G       3.7G       124M       5.7M        26M       3.2G

MemTotal:        4016004 kB
MemFree:          127440 kB
Active:           347860 kB
Mem:          3.8G       3.7G       124M       5.7M        26M       3.2G

MemTotal:        4016004 kB
MemFree:          127812 kB
Active:           347840 kB
Mem:          3.8G       3.7G       124M       5.7M        26M       3.2G

MemTotal:        4016004 kB
MemFree:          127688 kB
Active:           347820 kB
Mem:          3.8G       3.7G       124M       5.7M        26M       3.2G

MemTotal:        4016004 kB
MemFree:          127812 kB
Active:           347860 kB
Mem:          3.8G       3.7G       124M       5.7M        26M       3.2G

MemTotal:        4016004 kB
MemFree:          128680 kB
Active:           349768 kB
Mem:          3.8G       3.7G       125M       5.7M        26M       3.2G

MemTotal:        4016004 kB
MemFree:          128700 kB
Active:           349592 kB
Mem:          3.8G       3.7G       125M       5.7M        26M       3.2G

MemTotal:        4016004 kB
MemFree:          128832 kB
Active:           349596 kB
Mem:          3.8G       3.7G       125M       5.7M        26M       3.2G

MemTotal:        4016004 kB
MemFree:          128832 kB
Active:           349580 kB
Mem:          3.8G       3.7G       125M       5.7M        26M       3.2G

MemTotal:        4016004 kB
MemFree:          128708 kB
Active:           349584 kB
Mem:          3.8G       3.7G       125M       5.7M        26M       3.2G

MemTotal:        4016004 kB
MemFree:          128708 kB
Active:           349576 kB
Mem:          3.8G       3.7G       125M       5.7M        26M       3.2G

MemTotal:        4016004 kB
MemFree:          128212 kB
Active:           349600 kB
Mem:          3.8G       3.7G       125M       5.7M        26M       3.2G

MemTotal:        4016004 kB
MemFree:          128460 kB
Active:           349592 kB
Mem:          3.8G       3.7G       125M       5.7M        26M       3.2G

MemTotal:        4016004 kB
MemFree:          128584 kB
Active:           349552 kB
Mem:          3.8G       3.7G       125M       5.7M        26M       3.2G

MemTotal:        4016004 kB
MemFree:          128584 kB
Active:           349612 kB
Mem:          3.8G       3.7G       125M       5.7M        26M       3.2G

MemTotal:        4016004 kB
MemFree:          128956 kB
Active:           349592 kB
Mem:          3.8G       3.7G       125M       5.7M        26M       3.2G

MemTotal:        4016004 kB
MemFree:          128584 kB
Active:           349612 kB
Mem:          3.8G       3.7G       125M       5.7M        26M       3.2G

MemTotal:        4016004 kB
MemFree:          128956 kB
Active:           349572 kB
Mem:          3.8G       3.7G       125M       5.7M        26M       3.2G

MemTotal:        4016004 kB
MemFree:          128652 kB
Active:           349620 kB
Mem:          3.8G       3.7G       125M       5.7M        26M       3.2G

MemTotal:        4016004 kB
MemFree:          129024 kB
Active:           349568 kB
Mem:          3.8G       3.7G       126M       5.7M        26M       3.2G

MemTotal:        4016004 kB
MemFree:          129148 kB
Active:           349592 kB
Mem:          3.8G       3.7G       126M       5.7M        26M       3.2G

MemTotal:        4016004 kB
MemFree:          128900 kB
Active:           349588 kB
Mem:          3.8G       3.7G       125M       5.7M        26M       3.2G

MemTotal:        4016004 kB
MemFree:          128776 kB
Active:           349620 kB
Mem:          3.8G       3.7G       125M       5.7M        26M       3.2G

MemTotal:        4016004 kB
MemFree:          129148 kB
Active:           349604 kB
Mem:          3.8G       3.7G       126M       5.7M        26M       3.2G

MemTotal:        4016004 kB
MemFree:          129148 kB
Active:           349580 kB
Mem:          3.8G       3.7G       126M       5.7M        26M       3.2G

MemTotal:        4016004 kB
MemFree:          128900 kB
Active:           349620 kB
Mem:          3.8G       3.7G       125M       5.7M        26M       3.2G

MemTotal:        4016004 kB
MemFree:          128900 kB
Active:           349628 kB
Mem:          3.8G       3.7G       126M       5.7M        26M       3.2G

MemTotal:        4016004 kB
MemFree:          129520 kB
Active:           349612 kB
Mem:          3.8G       3.7G       126M       5.7M        26M       3.2G

MemTotal:        4016004 kB
MemFree:          129272 kB
Active:           349628 kB
Mem:          3.8G       3.7G       126M       5.7M        26M       3.2G

MemTotal:        4016004 kB
MemFree:          129520 kB
Active:           349624 kB
Mem:          3.8G       3.7G       126M       5.7M        26M       3.2G

MemTotal:        4016004 kB
MemFree:          129520 kB
Active:           349576 kB
Mem:          3.8G       3.7G       126M       5.7M        26M       3.2G

MemTotal:        4016004 kB
MemFree:          129520 kB
Active:           349588 kB
Mem:          3.8G       3.7G       126M       5.7M        26M       3.2G

MemTotal:        4016004 kB
MemFree:          129396 kB
Active:           349636 kB
Mem:          3.8G       3.7G       126M       5.7M        26M       3.2G

MemTotal:        4016004 kB
MemFree:          129396 kB
Active:           349616 kB
Mem:          3.8G       3.7G       126M       5.7M        26M       3.2G

MemTotal:        4016004 kB
MemFree:          129520 kB
Active:           349632 kB
Mem:          3.8G       3.7G       126M       5.7M        26M       3.2G

MemTotal:        4016004 kB
MemFree:          129524 kB
Active:           349612 kB
Mem:          3.8G       3.7G       126M       5.7M        26M       3.2G

MemTotal:        4016004 kB
MemFree:          129400 kB
Active:           349608 kB
Mem:          3.8G       3.7G       126M       5.7M        26M       3.2G

MemTotal:        4016004 kB
MemFree:          129152 kB
Active:           349640 kB
Mem:          3.8G       3.7G       126M       5.7M        26M       3.2G

MemTotal:        4016004 kB
MemFree:          129028 kB
Active:           349644 kB
Mem:          3.8G       3.7G       126M       5.7M        26M       3.2G

MemTotal:        4016004 kB
MemFree:          129028 kB
Active:           349656 kB
Mem:          3.8G       3.7G       125M       5.7M        26M       3.2G

MemTotal:        4016004 kB
MemFree:          128624 kB
Active:           349660 kB
Mem:          3.8G       3.7G       125M       5.7M        26M       3.2G

MemTotal:        4016004 kB
MemFree:          129028 kB
Active:           349668 kB
Mem:          3.8G       3.7G       125M       5.7M        26M       3.2G

MemTotal:        4016004 kB
MemFree:          129524 kB
Active:           349640 kB
Mem:          3.8G       3.7G       126M       5.7M        26M       3.2G

MemTotal:        4016004 kB
MemFree:          129524 kB
Active:           349628 kB
Mem:          3.8G       3.7G       125M       5.7M        26M       3.2G

MemTotal:        4016004 kB
MemFree:          129028 kB
Active:           349660 kB
Mem:          3.8G       3.7G       126M       5.7M        26M       3.2G

MemTotal:        4016004 kB
MemFree:          129152 kB
Active:           349668 kB
Mem:          3.8G       3.7G       126M       5.7M        26M       3.2G

MemTotal:        4016004 kB
MemFree:          129400 kB
Active:           349636 kB
Mem:          3.8G       3.7G       126M       5.7M        26M       3.2G

MemTotal:        4016004 kB
MemFree:          129152 kB
Active:           349668 kB
Mem:          3.8G       3.7G       126M       5.7M        26M       3.2G

MemTotal:        4016004 kB
MemFree:          128904 kB
Active:           349668 kB
Mem:          3.8G       3.7G       125M       5.7M        26M       3.2G

MemTotal:        4016004 kB
MemFree:          129028 kB
Active:           349644 kB
Mem:          3.8G       3.7G       125M       5.7M        26M       3.2G

MemTotal:        4016004 kB
MemFree:          128780 kB
Active:           349668 kB
Mem:          3.8G       3.7G       126M       5.7M        26M       3.2G

MemTotal:        4016004 kB
MemFree:          128904 kB
Active:           349680 kB
Mem:          3.8G       3.7G       125M       5.7M        26M       3.2G

MemTotal:        4016004 kB
MemFree:          128780 kB
Active:           349680 kB
Mem:          3.8G       3.7G       125M       5.7M        26M       3.2G

MemTotal:        4016004 kB
MemFree:          129152 kB
Active:           349656 kB
Mem:          3.8G       3.7G       126M       5.7M        26M       3.2G

MemTotal:        4016004 kB
MemFree:          129152 kB
Active:           349644 kB
Mem:          3.8G       3.7G       125M       5.7M        26M       3.2G

MemTotal:        4016004 kB
MemFree:          129152 kB
Active:           349636 kB
Mem:          3.8G       3.7G       126M       5.7M        26M       3.2G

MemTotal:        4016004 kB
MemFree:          129400 kB
Active:           349644 kB
Mem:          3.8G       3.7G       126M       5.7M        26M       3.2G

MemTotal:        4016004 kB
MemFree:          129400 kB
Active:           349696 kB
Mem:          3.8G       3.7G       126M       5.7M        26M       3.2G

MemTotal:        4016004 kB
MemFree:          129772 kB
Active:           349656 kB
Mem:          3.8G       3.7G       126M       5.7M        26M       3.2G

MemTotal:        4016004 kB
MemFree:          129648 kB
Active:           349652 kB
