MemTotal:        4016004 kB
MemFree:         3236996 kB
Active:           424664 kB
Mem:          3.8G       761M       3.1G       5.7M        52M       321M

MemTotal:        4016004 kB
MemFree:         3236344 kB
Active:           424948 kB
Mem:          3.8G       761M       3.1G       5.7M        52M       321M

MemTotal:        4016004 kB
MemFree:         3235956 kB
Active:           425060 kB
Mem:          3.8G       761M       3.1G       5.7M        52M       321M

MemTotal:        4016004 kB
MemFree:         3235956 kB
Active:           425052 kB
Mem:          3.8G       761M       3.1G       5.7M        52M       321M

MemTotal:        4016004 kB
MemFree:         3235800 kB
Active:           425044 kB
Mem:          3.8G       761M       3.1G       5.7M        52M       321M

MemTotal:        4016004 kB
MemFree:         3236032 kB
Active:           425084 kB
Mem:          3.8G       761M       3.1G       5.7M        52M       321M

MemTotal:        4016004 kB
MemFree:         3235824 kB
Active:           425036 kB
Mem:          3.8G       762M       3.1G       5.7M        52M       321M

MemTotal:        4016004 kB
MemFree:         3235808 kB
Active:           425068 kB
Mem:          3.8G       762M       3.1G       5.7M        52M       321M

MemTotal:        4016004 kB
MemFree:         3236412 kB
Active:           425060 kB
Mem:          3.8G       761M       3.1G       5.7M        52M       321M

MemTotal:        4016004 kB
MemFree:         3236288 kB
Active:           425052 kB
Mem:          3.8G       761M       3.1G       5.7M        52M       321M

MemTotal:        4016004 kB
MemFree:         3235528 kB
Active:           425096 kB
Mem:          3.8G       761M       3.1G       5.7M        52M       321M

MemTotal:        4016004 kB
MemFree:         3235652 kB
Active:           425080 kB
Mem:          3.8G       762M       3.1G       5.7M        52M       321M

MemTotal:        4016004 kB
MemFree:         3235328 kB
Active:           425096 kB
Mem:          3.8G       762M       3.1G       5.7M        52M       321M

MemTotal:        4016004 kB
MemFree:         3235808 kB
Active:           425068 kB
Mem:          3.8G       761M       3.1G       5.7M        52M       321M

MemTotal:        4016004 kB
MemFree:         3235792 kB
Active:           425048 kB
Mem:          3.8G       762M       3.1G       5.7M        52M       321M

MemTotal:        4016004 kB
MemFree:         3235792 kB
Active:           425092 kB
Mem:          3.8G       761M       3.1G       5.7M        52M       321M

MemTotal:        4016004 kB
MemFree:         3235916 kB
Active:           425080 kB
Mem:          3.8G       761M       3.1G       5.7M        52M       321M

MemTotal:        4016004 kB
MemFree:         3235900 kB
Active:           425060 kB
Mem:          3.8G       761M       3.1G       5.7M        52M       321M

MemTotal:        4016004 kB
MemFree:         3235900 kB
Active:           425048 kB
Mem:          3.8G       761M       3.1G       5.7M        52M       321M

MemTotal:        4016004 kB
MemFree:         3236024 kB
Active:           425096 kB
Mem:          3.8G       761M       3.1G       5.7M        52M       321M

MemTotal:        4016004 kB
MemFree:         3235512 kB
Active:           425108 kB
Mem:          3.8G       762M       3.1G       5.7M        52M       321M

MemTotal:        4016004 kB
MemFree:         3235760 kB
Active:           425068 kB
Mem:          3.8G       761M       3.1G       5.7M        52M       321M

MemTotal:        4016004 kB
MemFree:         3235992 kB
Active:           425092 kB
Mem:          3.8G       761M       3.1G       5.7M        52M       321M

MemTotal:        4016004 kB
MemFree:         3235744 kB
Active:           425080 kB
Mem:          3.8G       762M       3.1G       5.7M        52M       321M

MemTotal:        4016004 kB
MemFree:         3235992 kB
Active:           425072 kB
Mem:          3.8G       761M       3.1G       5.7M        52M       321M

MemTotal:        4016004 kB
MemFree:         3235976 kB
Active:           425072 kB
Mem:          3.8G       761M       3.1G       5.7M        52M       321M

MemTotal:        4016004 kB
MemFree:         3236100 kB
Active:           425052 kB
Mem:          3.8G       761M       3.1G       5.7M        52M       321M

MemTotal:        4016004 kB
MemFree:         3235728 kB
Active:           425096 kB
Mem:          3.8G       762M       3.1G       5.7M        52M       321M

MemTotal:        4016004 kB
MemFree:         3235340 kB
Active:           425076 kB
Mem:          3.8G       762M       3.1G       5.7M        52M       321M

MemTotal:        4016004 kB
MemFree:         3235464 kB
Active:           425064 kB
Mem:          3.8G       762M       3.1G       5.7M        52M       321M

MemTotal:        4016004 kB
MemFree:         3235092 kB
Active:           425116 kB
Mem:          3.8G       762M       3.1G       5.7M        52M       321M

MemTotal:        4016004 kB
MemFree:         3235092 kB
Active:           425116 kB
Mem:          3.8G       762M       3.1G       5.7M        52M       321M

MemTotal:        4016004 kB
MemFree:         3235464 kB
Active:           425116 kB
Mem:          3.8G       762M       3.1G       5.7M        52M       321M

MemTotal:        4016004 kB
MemFree:         3235248 kB
Active:           425096 kB
Mem:          3.8G       761M       3.1G       5.7M        52M       321M

MemTotal:        4016004 kB
MemFree:         3235744 kB
Active:           425116 kB
Mem:          3.8G       761M       3.1G       5.7M        52M       321M

MemTotal:        4016004 kB
MemFree:         3235744 kB
Active:           425080 kB
Mem:          3.8G       762M       3.1G       5.7M        52M       321M

MemTotal:        4016004 kB
MemFree:         3235744 kB
Active:           425072 kB
Mem:          3.8G       761M       3.1G       5.7M        52M       321M

MemTotal:        4016004 kB
MemFree:         3235744 kB
Active:           425104 kB
Mem:          3.8G       762M       3.1G       5.7M        52M       321M

MemTotal:        4016004 kB
MemFree:         3235620 kB
Active:           425104 kB
Mem:          3.8G       762M       3.1G       5.7M        52M       321M

MemTotal:        4016004 kB
MemFree:         3235548 kB
Active:           425124 kB
Mem:          3.8G       762M       3.1G       5.7M        52M       321M

MemTotal:        4016004 kB
MemFree:         3235548 kB
Active:           425080 kB
Mem:          3.8G       762M       3.1G       5.7M        52M       321M

MemTotal:        4016004 kB
MemFree:         3235672 kB
Active:           425072 kB
Mem:          3.8G       762M       3.1G       5.7M        52M       321M

MemTotal:        4016004 kB
MemFree:         3235304 kB
Active:           423212 kB
Mem:          3.8G       761M       3.1G       5.7M        52M       321M

MemTotal:        4016004 kB
MemFree:         3235960 kB
Active:           425100 kB
Mem:          3.8G       761M       3.1G       5.7M        52M       321M

MemTotal:        4016004 kB
MemFree:         3235836 kB
Active:           425124 kB
Mem:          3.8G       761M       3.1G       5.7M        52M       321M

MemTotal:        4016004 kB
MemFree:         3235944 kB
Active:           425100 kB
Mem:          3.8G       761M       3.1G       5.7M        52M       321M

MemTotal:        4016004 kB
MemFree:         3235680 kB
Active:           425136 kB
Mem:          3.8G       761M       3.1G       5.7M        52M       321M

MemTotal:        4016004 kB
MemFree:         3235928 kB
Active:           425084 kB
Mem:          3.8G       761M       3.1G       5.7M        52M       321M

MemTotal:        4016004 kB
MemFree:         3236144 kB
Active:           425116 kB
Mem:          3.8G       761M       3.1G       5.7M        52M       321M

MemTotal:        4016004 kB
MemFree:         3236128 kB
Active:           425128 kB
Mem:          3.8G       761M       3.1G       5.7M        52M       321M

MemTotal:        4016004 kB
MemFree:         3235756 kB
Active:           425092 kB
Mem:          3.8G       762M       3.1G       5.7M        52M       321M

MemTotal:        4016004 kB
MemFree:         3235120 kB
Active:           425148 kB
Mem:          3.8G       762M       3.1G       5.7M        52M       321M

MemTotal:        4016004 kB
MemFree:         3235352 kB
Active:           425132 kB
Mem:          3.8G       762M       3.1G       5.7M        52M       321M

MemTotal:        4016004 kB
MemFree:         3235956 kB
Active:           425148 kB
Mem:          3.8G       762M       3.1G       5.7M        52M       321M

MemTotal:        4016004 kB
MemFree:         3235212 kB
Active:           425164 kB
Mem:          3.8G       762M       3.1G       5.7M        52M       321M

MemTotal:        4016004 kB
MemFree:         3235444 kB
Active:           425116 kB
Mem:          3.8G       762M       3.1G       5.7M        52M       321M

MemTotal:        4016004 kB
MemFree:         3235800 kB
Active:           425144 kB
Mem:          3.8G       761M       3.1G       5.7M        52M       321M

MemTotal:        4016004 kB
MemFree:         3235660 kB
Active:           425168 kB
Mem:          3.8G       762M       3.1G       5.7M        52M       321M

MemTotal:        4016004 kB
MemFree:         3235660 kB
Active:           425148 kB
Mem:          3.8G       762M       3.1G       5.7M        52M       321M

MemTotal:        4016004 kB
MemFree:         3235660 kB
Active:           425148 kB
Mem:          3.8G       762M       3.1G       5.7M        52M       321M

MemTotal:        4016004 kB
MemFree:         3235288 kB
Active:           425176 kB
Mem:          3.8G       762M       3.1G       5.7M        52M       321M

MemTotal:        4016004 kB
MemFree:         3235288 kB
Active:           425176 kB
Mem:          3.8G       762M       3.1G       5.7M        52M       321M

MemTotal:        4016004 kB
MemFree:         3235232 kB
Active:           423248 kB
Mem:          3.8G       762M       3.1G       5.7M        52M       321M

MemTotal:        4016004 kB
MemFree:         3235516 kB
Active:           423084 kB
Mem:          3.8G       762M       3.1G       5.7M        52M       321M

MemTotal:        4016004 kB
MemFree:         3235516 kB
Active:           425156 kB
Mem:          3.8G       762M       3.1G       5.7M        52M       321M

MemTotal:        4016004 kB
MemFree:         3235516 kB
Active:           425184 kB
Mem:          3.8G       762M       3.1G       5.7M        52M       321M

MemTotal:        4016004 kB
MemFree:         3235624 kB
Active:           425176 kB
Mem:          3.8G       762M       3.1G       5.7M        52M       321M

MemTotal:        4016004 kB
MemFree:         3235236 kB
Active:           425196 kB
Mem:          3.8G       762M       3.1G       5.7M        52M       321M

MemTotal:        4016004 kB
MemFree:         3235236 kB
Active:           425196 kB
Mem:          3.8G       762M       3.1G       5.7M        52M       321M

MemTotal:        4016004 kB
MemFree:         3235160 kB
Active:           425160 kB
Mem:          3.8G       762M       3.1G       5.7M        52M       321M

MemTotal:        4016004 kB
MemFree:         3235284 kB
Active:           425148 kB
Mem:          3.8G       762M       3.1G       5.7M        52M       321M

MemTotal:        4016004 kB
MemFree:         3235656 kB
Active:           425180 kB
Mem:          3.8G       762M       3.1G       5.7M        52M       321M

MemTotal:        4016004 kB
MemFree:         3235520 kB
Active:           423192 kB
Mem:          3.8G       762M       3.1G       5.7M        52M       321M

MemTotal:        4016004 kB
MemFree:         3235528 kB
Active:           423144 kB
Mem:          3.8G       762M       3.1G       5.7M        52M       321M

MemTotal:        4016004 kB
MemFree:         3235760 kB
Active:           425152 kB
Mem:          3.8G       761M       3.1G       5.7M        52M       321M

MemTotal:        4016004 kB
MemFree:         3236100 kB
Active:           425172 kB
Mem:          3.8G       761M       3.1G       5.7M        52M       321M

MemTotal:        4016004 kB
MemFree:         3235900 kB
Active:           425176 kB
Mem:          3.8G       762M       3.1G       5.7M        52M       321M

MemTotal:        4016004 kB
MemFree:         3235900 kB
Active:           425204 kB
Mem:          3.8G       761M       3.1G       5.7M        52M       321M

MemTotal:        4016004 kB
MemFree:         3235948 kB
Active:           425164 kB
Mem:          3.8G       761M       3.1G       5.7M        52M       321M

MemTotal:        4016004 kB
MemFree:         3235824 kB
Active:           425184 kB
Mem:          3.8G       761M       3.1G       5.7M        52M       321M

MemTotal:        4016004 kB
MemFree:         3235824 kB
Active:           425156 kB
Mem:          3.8G       761M       3.1G       5.7M        52M       321M

MemTotal:        4016004 kB
MemFree:         3235824 kB
Active:           425180 kB
Mem:          3.8G       761M       3.1G       5.7M        52M       321M

MemTotal:        4016004 kB
MemFree:         3235452 kB
Active:           425208 kB
Mem:          3.8G       761M       3.1G       5.7M        52M       321M

MemTotal:        4016004 kB
MemFree:         3235824 kB
Active:           425164 kB
Mem:          3.8G       761M       3.1G       5.7M        52M       321M

MemTotal:        4016004 kB
MemFree:         3235948 kB
Active:           425204 kB
Mem:          3.8G       762M       3.1G       5.7M        52M       321M

MemTotal:        4016004 kB
MemFree:         3235576 kB
Active:           425220 kB
Mem:          3.8G       762M       3.1G       5.7M        52M       321M

MemTotal:        4016004 kB
MemFree:         3235080 kB
Active:           425224 kB
Mem:          3.8G       762M       3.1G       5.7M        52M       321M

MemTotal:        4016004 kB
MemFree:         3235452 kB
Active:           425180 kB
Mem:          3.8G       762M       3.1G       5.7M        52M       321M

MemTotal:        4016004 kB
MemFree:         3235080 kB
Active:           425236 kB
Mem:          3.8G       762M       3.1G       5.7M        52M       321M

MemTotal:        4016004 kB
MemFree:         3234956 kB
Active:           425240 kB
Mem:          3.8G       762M       3.1G       5.7M        52M       321M

MemTotal:        4016004 kB
MemFree:         3235252 kB
Active:           425208 kB
Mem:          3.8G       762M       3.1G       5.7M        52M       321M

MemTotal:        4016004 kB
MemFree:         3233080 kB
Active:           425228 kB
Mem:          3.8G       764M       3.1G       5.7M        52M       321M

MemTotal:        4016004 kB
MemFree:         3233452 kB
Active:           427216 kB
Mem:          3.8G       764M       3.1G       5.7M        52M       321M

MemTotal:        4016004 kB
MemFree:         3232956 kB
Active:           427268 kB
Mem:          3.8G       764M       3.1G       5.7M        52M       321M

MemTotal:        4016004 kB
MemFree:         3233700 kB
Active:           427232 kB
Mem:          3.8G       763M       3.1G       5.7M        52M       321M

MemTotal:        4016004 kB
MemFree:         3234072 kB
Active:           427252 kB
Mem:          3.8G       763M       3.1G       5.7M        52M       321M

MemTotal:        4016004 kB
MemFree:         3233452 kB
Active:           427268 kB
Mem:          3.8G       764M       3.1G       5.7M        52M       321M

MemTotal:        4016004 kB
MemFree:         3233576 kB
Active:           427224 kB
Mem:          3.8G       764M       3.1G       5.7M        52M       321M

MemTotal:        4016004 kB
MemFree:         3233484 kB
Active:           427276 kB
Mem:          3.8G       764M       3.1G       5.7M        52M       321M

MemTotal:        4016004 kB
MemFree:         3233236 kB
Active:           427248 kB
Mem:          3.8G       764M       3.1G       5.7M        52M       321M

MemTotal:        4016004 kB
MemFree:         3233204 kB
Active:           427400 kB
Mem:          3.8G       764M       3.1G       5.7M        52M       321M

MemTotal:        4016004 kB
MemFree:         3192280 kB
Active:           427620 kB
Mem:          3.8G       804M       3.0G       5.7M        52M       361M

MemTotal:        4016004 kB
MemFree:         3148288 kB
Active:           427644 kB
Mem:          3.8G       847M       3.0G       5.7M        52M       403M

MemTotal:        4016004 kB
MemFree:         3105412 kB
Active:           427656 kB
Mem:          3.8G       889M       3.0G       5.7M        52M       445M

MemTotal:        4016004 kB
MemFree:         3063032 kB
Active:           427696 kB
Mem:          3.8G       930M       2.9G       5.7M        52M       485M

MemTotal:        4016004 kB
MemFree:         3019644 kB
Active:           427672 kB
Mem:          3.8G       973M       2.9G       5.7M        52M       527M

MemTotal:        4016004 kB
MemFree:         2976720 kB
Active:           427704 kB
Mem:          3.8G       1.0G       2.8G       5.7M        52M       568M

MemTotal:        4016004 kB
MemFree:         2932464 kB
Active:           427756 kB
Mem:          3.8G       1.0G       2.8G       5.7M        52M       610M

MemTotal:        4016004 kB
MemFree:         2888908 kB
Active:           427788 kB
Mem:          3.8G       1.1G       2.8G       5.7M        52M       652M

MemTotal:        4016004 kB
MemFree:         2878860 kB
Active:           427804 kB
Mem:          3.8G       1.1G       2.7G       5.7M        52M       663M

MemTotal:        4016004 kB
MemFree:         2837892 kB
Active:           427824 kB
Mem:          3.8G       1.1G       2.7G       5.7M        52M       702M

MemTotal:        4016004 kB
MemFree:         2791884 kB
Active:           429848 kB
Mem:          3.8G       1.2G       2.7G       5.7M        52M       744M

MemTotal:        4016004 kB
MemFree:         2776476 kB
Active:           429896 kB
Mem:          3.8G       1.2G       2.6G       5.7M        52M       759M

MemTotal:        4016004 kB
MemFree:         2774596 kB
Active:           429916 kB
Mem:          3.8G       1.2G       2.6G       5.7M        52M       760M

MemTotal:        4016004 kB
MemFree:         2773884 kB
Active:           429932 kB
Mem:          3.8G       1.2G       2.6G       5.7M        52M       761M

MemTotal:        4016004 kB
MemFree:         2773016 kB
Active:           429968 kB
Mem:          3.8G       1.2G       2.6G       5.7M        52M       762M

MemTotal:        4016004 kB
MemFree:         2732252 kB
Active:           429996 kB
Mem:          3.8G       1.2G       2.6G       5.7M        52M       801M

MemTotal:        4016004 kB
MemFree:         2688864 kB
Active:           430012 kB
Mem:          3.8G       1.3G       2.6G       5.7M        52M       843M

MemTotal:        4016004 kB
MemFree:         2646500 kB
Active:           430020 kB
Mem:          3.8G       1.3G       2.5G       5.7M        52M       884M

MemTotal:        4016004 kB
MemFree:         2604336 kB
Active:           430004 kB
Mem:          3.8G       1.3G       2.5G       5.7M        52M       926M

MemTotal:        4016004 kB
MemFree:         2561832 kB
Active:           430068 kB
Mem:          3.8G       1.4G       2.4G       5.7M        52M       967M

MemTotal:        4016004 kB
MemFree:         2516956 kB
Active:           428132 kB
Mem:          3.8G       1.4G       2.4G       5.7M        52M       1.0G

MemTotal:        4016004 kB
MemFree:         2473824 kB
Active:           430228 kB
Mem:          3.8G       1.5G       2.4G       5.7M        52M       1.0G

MemTotal:        4016004 kB
MemFree:         2430452 kB
Active:           430248 kB
Mem:          3.8G       1.5G       2.3G       5.7M        52M       1.1G

MemTotal:        4016004 kB
MemFree:         2386892 kB
Active:           430276 kB
Mem:          3.8G       1.6G       2.3G       5.7M        52M       1.1G

MemTotal:        4016004 kB
MemFree:         2344048 kB
Active:           430268 kB
Mem:          3.8G       1.6G       2.2G       5.7M        52M       1.1G

MemTotal:        4016004 kB
MemFree:         2320176 kB
Active:           430268 kB
Mem:          3.8G       1.6G       2.2G       5.7M        52M       1.2G

MemTotal:        4016004 kB
MemFree:         2319776 kB
Active:           430284 kB
Mem:          3.8G       1.6G       2.2G       5.7M        52M       1.2G

MemTotal:        4016004 kB
MemFree:         2281468 kB
Active:           430344 kB
Mem:          3.8G       1.7G       2.2G       5.7M        52M       1.2G

MemTotal:        4016004 kB
MemFree:         2238856 kB
Active:           430364 kB
Mem:          3.8G       1.7G       2.1G       5.7M        52M       1.2G

MemTotal:        4016004 kB
MemFree:         2195752 kB
Active:           430388 kB
Mem:          3.8G       1.7G       2.1G       5.7M        52M       1.3G

MemTotal:        4016004 kB
MemFree:         2151876 kB
Active:           428396 kB
Mem:          3.8G       1.8G       2.1G       5.7M        52M       1.3G

MemTotal:        4016004 kB
MemFree:         2109372 kB
Active:           430408 kB
Mem:          3.8G       1.8G       2.0G       5.7M        52M       1.4G

MemTotal:        4016004 kB
MemFree:         2065876 kB
Active:           430464 kB
Mem:          3.8G       1.9G       2.0G       5.7M        52M       1.4G

MemTotal:        4016004 kB
MemFree:         2024116 kB
Active:           430444 kB
Mem:          3.8G       1.9G       1.9G       5.7M        52M       1.4G

MemTotal:        4016004 kB
MemFree:         1981240 kB
Active:           430460 kB
Mem:          3.8G       1.9G       1.9G       5.7M        52M       1.5G

MemTotal:        4016004 kB
MemFree:         1937496 kB
Active:           430528 kB
Mem:          3.8G       2.0G       1.8G       5.7M        52M       1.5G

MemTotal:        4016004 kB
MemFree:         1893844 kB
Active:           430540 kB
Mem:          3.8G       2.0G       1.8G       5.7M        52M       1.6G

MemTotal:        4016004 kB
MemFree:         1870988 kB
Active:           430588 kB
Mem:          3.8G       2.0G       1.8G       5.7M        52M       1.6G

MemTotal:        4016004 kB
MemFree:         1863336 kB
Active:           430600 kB
Mem:          3.8G       2.1G       1.8G       5.7M        52M       1.6G

MemTotal:        4016004 kB
MemFree:         1820184 kB
Active:           430612 kB
Mem:          3.8G       2.1G       1.7G       5.7M        52M       1.6G

MemTotal:        4016004 kB
MemFree:         1777052 kB
Active:           430640 kB
Mem:          3.8G       2.1G       1.7G       5.7M        52M       1.7G

MemTotal:        4016004 kB
MemFree:         1734288 kB
Active:           430672 kB
Mem:          3.8G       2.2G       1.7G       5.7M        52M       1.7G

MemTotal:        4016004 kB
MemFree:         1691444 kB
Active:           430704 kB
Mem:          3.8G       2.2G       1.6G       5.7M        52M       1.8G

MemTotal:        4016004 kB
MemFree:         1648324 kB
Active:           430728 kB
Mem:          3.8G       2.3G       1.6G       5.7M        52M       1.8G

MemTotal:        4016004 kB
MemFree:         1604892 kB
Active:           430704 kB
Mem:          3.8G       2.3G       1.5G       5.7M        52M       1.8G

MemTotal:        4016004 kB
MemFree:         1561396 kB
Active:           430716 kB
Mem:          3.8G       2.3G       1.5G       5.7M        53M       1.9G

MemTotal:        4016004 kB
MemFree:         1518396 kB
Active:           430784 kB
Mem:          3.8G       2.4G       1.4G       5.7M        53M       1.9G

MemTotal:        4016004 kB
MemFree:         1476032 kB
Active:           430788 kB
Mem:          3.8G       2.4G       1.4G       5.7M        53M       2.0G

MemTotal:        4016004 kB
MemFree:         1432784 kB
Active:           430808 kB
Mem:          3.8G       2.5G       1.4G       5.7M        53M       2.0G

MemTotal:        4016004 kB
MemFree:         1422544 kB
Active:           430860 kB
Mem:          3.8G       2.5G       1.4G       5.7M        53M       2.0G

MemTotal:        4016004 kB
MemFree:         1379928 kB
Active:           430832 kB
Mem:          3.8G       2.5G       1.3G       5.7M        53M       2.1G

MemTotal:        4016004 kB
MemFree:         1336932 kB
Active:           430876 kB
Mem:          3.8G       2.6G       1.3G       5.7M        53M       2.1G

MemTotal:        4016004 kB
MemFree:         1250956 kB
Active:           430948 kB
Mem:          3.8G       2.6G       1.2G       5.7M        53M       2.2G

MemTotal:        4016004 kB
MemFree:         1207460 kB
Active:           430988 kB
Mem:          3.8G       2.7G       1.2G       5.7M        53M       2.2G

MemTotal:        4016004 kB
MemFree:         1164848 kB
Active:           431008 kB
Mem:          3.8G       2.7G       1.1G       5.7M        53M       2.3G

MemTotal:        4016004 kB
MemFree:         1122220 kB
Active:           430996 kB
Mem:          3.8G       2.8G       1.1G       5.7M        53M       2.3G

MemTotal:        4016004 kB
MemFree:         1078476 kB
Active:           431036 kB
Mem:          3.8G       2.8G       1.0G       5.7M        53M       2.3G

MemTotal:        4016004 kB
MemFree:         1034856 kB
Active:           431104 kB
Mem:          3.8G       2.8G       1.0G       5.7M        53M       2.4G

MemTotal:        4016004 kB
MemFree:          991992 kB
Active:           431216 kB
Mem:          3.8G       2.9G       968M       5.7M        53M       2.4G

MemTotal:        4016004 kB
MemFree:          990088 kB
Active:           431144 kB
Mem:          3.8G       2.9G       966M       5.7M        53M       2.4G

MemTotal:        4016004 kB
MemFree:          989996 kB
Active:           431184 kB
Mem:          3.8G       2.9G       966M       5.7M        53M       2.4G

MemTotal:        4016004 kB
MemFree:          983228 kB
Active:           431172 kB
Mem:          3.8G       2.9G       959M       5.7M        53M       2.4G

MemTotal:        4016004 kB
MemFree:          940024 kB
Active:           431224 kB
Mem:          3.8G       2.9G       918M       5.7M        53M       2.5G

MemTotal:        4016004 kB
MemFree:          897664 kB
Active:           431216 kB
Mem:          3.8G       3.0G       876M       5.7M        53M       2.5G

MemTotal:        4016004 kB
MemFree:          855036 kB
Active:           431240 kB
Mem:          3.8G       3.0G       834M       5.7M        53M       2.5G

MemTotal:        4016004 kB
MemFree:          812780 kB
Active:           431268 kB
Mem:          3.8G       3.1G       793M       5.7M        53M       2.6G

MemTotal:        4016004 kB
MemFree:          769780 kB
Active:           431300 kB
Mem:          3.8G       3.1G       751M       5.7M        53M       2.6G

MemTotal:        4016004 kB
MemFree:          728500 kB
Active:           431344 kB
Mem:          3.8G       3.1G       711M       5.7M        53M       2.7G

MemTotal:        4016004 kB
MemFree:          684952 kB
Active:           429356 kB
Mem:          3.8G       3.2G       668M       5.7M        53M       2.7G

MemTotal:        4016004 kB
MemFree:          641972 kB
Active:           429296 kB
Mem:          3.8G       3.2G       626M       5.7M        53M       2.7G

MemTotal:        4016004 kB
MemFree:          620776 kB
Active:           431404 kB
Mem:          3.8G       3.2G       605M       5.7M        53M       2.8G

MemTotal:        4016004 kB
MemFree:          578600 kB
Active:           431264 kB
Mem:          3.8G       3.3G       565M       5.7M        53M       2.8G

MemTotal:        4016004 kB
MemFree:          553360 kB
Active:           431232 kB
Mem:          3.8G       3.3G       540M       5.7M        53M       2.8G

MemTotal:        4016004 kB
MemFree:          552496 kB
Active:           431236 kB
Mem:          3.8G       3.3G       539M       5.7M        53M       2.8G

MemTotal:        4016004 kB
MemFree:          551844 kB
Active:           431288 kB
Mem:          3.8G       3.3G       538M       5.7M        53M       2.8G

MemTotal:        4016004 kB
MemFree:          548928 kB
Active:           431320 kB
Mem:          3.8G       3.3G       536M       5.7M        53M       2.8G

MemTotal:        4016004 kB
MemFree:          524300 kB
Active:           431356 kB
Mem:          3.8G       3.3G       511M       5.7M        53M       2.9G

MemTotal:        4016004 kB
MemFree:          481176 kB
Active:           431352 kB
Mem:          3.8G       3.4G       469M       5.7M        53M       2.9G

MemTotal:        4016004 kB
MemFree:          437832 kB
Active:           429360 kB
Mem:          3.8G       3.4G       426M       5.7M        53M       2.9G

MemTotal:        4016004 kB
MemFree:          394296 kB
Active:           431428 kB
Mem:          3.8G       3.5G       384M       5.7M        53M       3.0G

MemTotal:        4016004 kB
MemFree:          351636 kB
Active:           431396 kB
Mem:          3.8G       3.5G       343M       5.7M        53M       3.0G

MemTotal:        4016004 kB
MemFree:          308620 kB
Active:           431448 kB
Mem:          3.8G       3.5G       301M       5.7M        53M       3.1G

MemTotal:        4016004 kB
MemFree:          265480 kB
Active:           431508 kB
Mem:          3.8G       3.6G       258M       5.7M        53M       3.1G

MemTotal:        4016004 kB
MemFree:          222340 kB
Active:           431516 kB
Mem:          3.8G       3.6G       217M       5.7M        53M       3.1G

MemTotal:        4016004 kB
MemFree:          179828 kB
Active:           431512 kB
Mem:          3.8G       3.7G       175M       5.7M        53M       3.2G

MemTotal:        4016004 kB
MemFree:          137008 kB
Active:           431608 kB
Mem:          3.8G       3.7G       133M       5.7M        53M       3.2G

MemTotal:        4016004 kB
MemFree:          120516 kB
Active:           431632 kB
Mem:          3.8G       3.7G       117M       5.7M        53M       3.2G

MemTotal:        4016004 kB
MemFree:          131012 kB
Active:           438232 kB
Mem:          3.8G       3.7G       126M       5.7M        21M       3.3G

MemTotal:        4016004 kB
MemFree:          129412 kB
Active:           438784 kB
Mem:          3.8G       3.7G       125M       5.7M        21M       3.3G

MemTotal:        4016004 kB
MemFree:          127740 kB
Active:           438972 kB
Mem:          3.8G       3.7G       124M       5.7M        21M       3.3G

MemTotal:        4016004 kB
MemFree:          113620 kB
Active:           439032 kB
Mem:          3.8G       3.7G       110M       5.7M        21M       3.3G

MemTotal:        4016004 kB
MemFree:          162684 kB
Active:           489976 kB
Mem:          3.8G       3.7G       151M       5.7M        21M       3.2G

MemTotal:        4016004 kB
MemFree:          111456 kB
Active:           489980 kB
Mem:          3.8G       3.7G       108M       5.7M        21M       3.3G

MemTotal:        4016004 kB
MemFree:          128404 kB
Active:           484780 kB
Mem:          3.8G       3.7G       125M       5.7M        21M       3.3G

MemTotal:        4016004 kB
MemFree:          108288 kB
Active:           480800 kB
Mem:          3.8G       3.7G       105M       5.7M        21M       3.3G

MemTotal:        4016004 kB
MemFree:          126576 kB
Active:           475580 kB
Mem:          3.8G       3.7G       123M       5.7M        21M       3.3G

MemTotal:        4016004 kB
MemFree:          114404 kB
Active:           472420 kB
Mem:          3.8G       3.7G       110M       5.7M        21M       3.3G

MemTotal:        4016004 kB
MemFree:          106544 kB
Active:           468992 kB
Mem:          3.8G       3.7G       104M       5.7M        21M       3.3G

MemTotal:        4016004 kB
MemFree:          117020 kB
Active:           465564 kB
Mem:          3.8G       3.7G       113M       5.7M        21M       3.3G

MemTotal:        4016004 kB
MemFree:          136664 kB
Active:           460716 kB
Mem:          3.8G       3.7G       133M       5.7M        21M       3.3G

MemTotal:        4016004 kB
MemFree:          128740 kB
Active:           458044 kB
Mem:          3.8G       3.7G       125M       5.7M        21M       3.3G

MemTotal:        4016004 kB
MemFree:          122848 kB
Active:           457896 kB
Mem:          3.8G       3.7G       119M       5.7M        21M       3.3G

MemTotal:        4016004 kB
MemFree:          116144 kB
Active:           454624 kB
Mem:          3.8G       3.7G       113M       5.7M        21M       3.3G

MemTotal:        4016004 kB
MemFree:          126040 kB
Active:           449884 kB
Mem:          3.8G       3.7G       124M       5.7M        21M       3.3G

MemTotal:        4016004 kB
MemFree:          124820 kB
Active:           446844 kB
Mem:          3.8G       3.7G       121M       5.7M        21M       3.3G

MemTotal:        4016004 kB
MemFree:          107876 kB
Active:           445992 kB
Mem:          3.8G       3.7G       104M       5.7M        21M       3.3G

MemTotal:        4016004 kB
MemFree:          126696 kB
Active:           442196 kB
Mem:          3.8G       3.7G       123M       5.7M        21M       3.3G

MemTotal:        4016004 kB
MemFree:          125640 kB
Active:           440876 kB
Mem:          3.8G       3.7G       121M       5.7M        21M       3.3G

MemTotal:        4016004 kB
MemFree:          106724 kB
Active:           440296 kB
Mem:          3.8G       3.7G       104M       5.7M        21M       3.3G

MemTotal:        4016004 kB
MemFree:          132168 kB
Active:           437980 kB
Mem:          3.8G       3.7G       133M       5.7M        21M       3.3G

MemTotal:        4016004 kB
MemFree:          125940 kB
Active:           436896 kB
Mem:          3.8G       3.7G       122M       5.7M        21M       3.3G

MemTotal:        4016004 kB
MemFree:          111920 kB
Active:           435852 kB
Mem:          3.8G       3.7G       109M       5.7M        21M       3.3G

MemTotal:        4016004 kB
MemFree:          105096 kB
Active:           434764 kB
Mem:          3.8G       3.7G       102M       5.7M        21M       3.3G

MemTotal:        4016004 kB
MemFree:          128368 kB
Active:           433764 kB
Mem:          3.8G       3.7G       124M       5.7M        21M       3.3G

MemTotal:        4016004 kB
MemFree:          122992 kB
Active:           430748 kB
Mem:          3.8G       3.7G       119M       5.7M        21M       3.3G

MemTotal:        4016004 kB
MemFree:          107284 kB
Active:           430056 kB
Mem:          3.8G       3.7G       103M       5.7M        21M       3.3G

MemTotal:        4016004 kB
MemFree:          136276 kB
Active:           427752 kB
Mem:          3.8G       3.7G       132M       5.7M        21M       3.3G

MemTotal:        4016004 kB
MemFree:          123012 kB
Active:           426656 kB
Mem:          3.8G       3.7G       119M       5.7M        21M       3.3G

MemTotal:        4016004 kB
MemFree:          108692 kB
Active:           425876 kB
Mem:          3.8G       3.7G       105M       5.7M        21M       3.3G

MemTotal:        4016004 kB
MemFree:          126216 kB
Active:           421996 kB
Mem:          3.8G       3.7G       123M       5.7M        21M       3.3G

MemTotal:        4016004 kB
MemFree:          126044 kB
Active:           420436 kB
Mem:          3.8G       3.7G       122M       5.7M        21M       3.3G

MemTotal:        4016004 kB
MemFree:          109340 kB
Active:           419708 kB
Mem:          3.8G       3.7G       106M       5.7M        21M       3.3G

MemTotal:        4016004 kB
MemFree:          126996 kB
Active:           418000 kB
Mem:          3.8G       3.7G       124M       5.7M        21M       3.3G

MemTotal:        4016004 kB
MemFree:          123300 kB
Active:           416736 kB
Mem:          3.8G       3.7G       120M       5.7M        21M       3.3G

MemTotal:        4016004 kB
MemFree:          111088 kB
Active:           415604 kB
Mem:          3.8G       3.7G       108M       5.7M        21M       3.3G

MemTotal:        4016004 kB
MemFree:          128680 kB
Active:           411880 kB
Mem:          3.8G       3.7G       125M       5.7M        21M       3.3G

MemTotal:        4016004 kB
MemFree:          110300 kB
Active:           411084 kB
Mem:          3.8G       3.7G       107M       5.7M        21M       3.3G

MemTotal:        4016004 kB
MemFree:          114760 kB
Active:           410316 kB
Mem:          3.8G       3.7G       112M       5.7M        21M       3.3G

MemTotal:        4016004 kB
MemFree:          108348 kB
Active:           408372 kB
Mem:          3.8G       3.7G       105M       5.7M        21M       3.3G

MemTotal:        4016004 kB
MemFree:          125800 kB
Active:           406736 kB
Mem:          3.8G       3.7G       122M       5.7M        21M       3.3G

MemTotal:        4016004 kB
MemFree:          124928 kB
Active:           405072 kB
Mem:          3.8G       3.7G       121M       5.7M        22M       3.3G

MemTotal:        4016004 kB
MemFree:          129916 kB
Active:           403148 kB
Mem:          3.8G       3.7G       126M       5.7M        22M       3.3G

MemTotal:        4016004 kB
MemFree:          125716 kB
Active:           402552 kB
Mem:          3.8G       3.7G       123M       5.7M        22M       3.3G

MemTotal:        4016004 kB
MemFree:          106344 kB
Active:           399176 kB
Mem:          3.8G       3.7G       103M       5.7M        22M       3.3G

MemTotal:        4016004 kB
MemFree:          118244 kB
Active:           397116 kB
Mem:          3.8G       3.7G       114M       5.7M        22M       3.3G

MemTotal:        4016004 kB
MemFree:          111528 kB
Active:           395988 kB
Mem:          3.8G       3.7G       108M       5.7M        22M       3.3G

MemTotal:        4016004 kB
MemFree:          104572 kB
Active:           392928 kB
Mem:          3.8G       3.7G       101M       5.7M        22M       3.3G

MemTotal:        4016004 kB
MemFree:          118360 kB
Active:           391580 kB
Mem:          3.8G       3.7G       115M       5.7M        22M       3.3G

MemTotal:        4016004 kB
MemFree:          111824 kB
Active:           390432 kB
Mem:          3.8G       3.7G       109M       5.7M        22M       3.3G

MemTotal:        4016004 kB
MemFree:          105020 kB
Active:           389264 kB
Mem:          3.8G       3.7G       102M       5.7M        22M       3.3G

MemTotal:        4016004 kB
MemFree:          128820 kB
Active:           387136 kB
Mem:          3.8G       3.7G       125M       5.7M        22M       3.3G

MemTotal:        4016004 kB
MemFree:          127392 kB
Active:           383708 kB
Mem:          3.8G       3.7G       124M       5.7M        22M       3.3G

MemTotal:        4016004 kB
MemFree:          112384 kB
Active:           382564 kB
Mem:          3.8G       3.7G       109M       5.7M        22M       3.3G

MemTotal:        4016004 kB
MemFree:          130008 kB
Active:           380964 kB
Mem:          3.8G       3.7G       126M       5.7M        22M       3.3G

MemTotal:        4016004 kB
MemFree:          123680 kB
Active:           379684 kB
Mem:          3.8G       3.7G       120M       5.7M        22M       3.3G

MemTotal:        4016004 kB
MemFree:          135284 kB
Active:           378028 kB
Mem:          3.8G       3.7G       131M       5.7M        22M       3.2G

MemTotal:        4016004 kB
MemFree:          128100 kB
Active:           377036 kB
Mem:          3.8G       3.7G       125M       5.7M        22M       3.3G

MemTotal:        4016004 kB
MemFree:          115416 kB
Active:           376084 kB
Mem:          3.8G       3.7G       112M       5.7M        22M       3.3G

MemTotal:        4016004 kB
MemFree:          108772 kB
Active:           374796 kB
Mem:          3.8G       3.7G       105M       5.7M        22M       3.3G

MemTotal:        4016004 kB
MemFree:          132904 kB
Active:           373784 kB
Mem:          3.8G       3.7G       129M       5.7M        22M       3.2G

MemTotal:        4016004 kB
MemFree:          132892 kB
Active:           372040 kB
Mem:          3.8G       3.7G       129M       5.7M        22M       3.2G

MemTotal:        4016004 kB
MemFree:          139272 kB
Active:           372032 kB
Mem:          3.8G       3.7G       136M       5.7M        22M       3.2G

MemTotal:        4016004 kB
MemFree:          132304 kB
Active:           371932 kB
Mem:          3.8G       3.7G       128M       5.7M        22M       3.2G

MemTotal:        4016004 kB
MemFree:          126236 kB
Active:           371984 kB
Mem:          3.8G       3.7G       123M       5.7M        22M       3.3G

MemTotal:        4016004 kB
MemFree:          108864 kB
Active:           371844 kB
Mem:          3.8G       3.7G       106M       5.7M        22M       3.3G

MemTotal:        4016004 kB
MemFree:          127700 kB
Active:           371896 kB
Mem:          3.8G       3.7G       124M       5.7M        22M       3.3G

MemTotal:        4016004 kB
MemFree:          120448 kB
Active:           371888 kB
Mem:          3.8G       3.7G       117M       5.7M        22M       3.3G

MemTotal:        4016004 kB
MemFree:          122712 kB
Active:           371804 kB
Mem:          3.8G       3.7G       119M       5.7M        22M       3.3G

MemTotal:        4016004 kB
MemFree:          116528 kB
Active:           371852 kB
Mem:          3.8G       3.7G       113M       5.7M        22M       3.3G

MemTotal:        4016004 kB
MemFree:          119944 kB
Active:           371872 kB
Mem:          3.8G       3.7G       117M       5.7M        22M       3.3G

MemTotal:        4016004 kB
MemFree:          113568 kB
Active:           371840 kB
Mem:          3.8G       3.7G       111M       5.7M        22M       3.3G

MemTotal:        4016004 kB
MemFree:          107444 kB
Active:           371856 kB
Mem:          3.8G       3.7G       104M       5.7M        22M       3.3G

MemTotal:        4016004 kB
MemFree:          128096 kB
Active:           371916 kB
Mem:          3.8G       3.7G       124M       5.7M        22M       3.3G

MemTotal:        4016004 kB
MemFree:          111404 kB
Active:           371916 kB
Mem:          3.8G       3.7G       108M       5.7M        22M       3.3G

MemTotal:        4016004 kB
MemFree:          128824 kB
Active:           371900 kB
Mem:          3.8G       3.7G       125M       5.7M        22M       3.3G

MemTotal:        4016004 kB
MemFree:          126328 kB
Active:           371964 kB
Mem:          3.8G       3.7G       123M       5.7M        22M       3.3G

MemTotal:        4016004 kB
MemFree:          108884 kB
Active:           371956 kB
Mem:          3.8G       3.7G       106M       5.7M        22M       3.3G

MemTotal:        4016004 kB
MemFree:          127292 kB
Active:           372004 kB
Mem:          3.8G       3.7G       123M       5.7M        22M       3.3G

MemTotal:        4016004 kB
MemFree:          121628 kB
Active:           372004 kB
Mem:          3.8G       3.7G       118M       5.7M        22M       3.3G

MemTotal:        4016004 kB
MemFree:          105744 kB
Active:           372048 kB
Mem:          3.8G       3.7G       103M       5.7M        22M       3.3G

MemTotal:        4016004 kB
MemFree:          124068 kB
Active:           372068 kB
Mem:          3.8G       3.7G       120M       5.7M        22M       3.3G

MemTotal:        4016004 kB
MemFree:          126284 kB
Active:           372088 kB
Mem:          3.8G       3.7G       123M       5.7M        22M       3.3G

MemTotal:        4016004 kB
MemFree:          117776 kB
Active:           372092 kB
Mem:          3.8G       3.7G       114M       5.7M        22M       3.3G

MemTotal:        4016004 kB
MemFree:          126272 kB
Active:           373548 kB
Mem:          3.8G       3.7G       123M       5.7M        22M       3.3G

MemTotal:        4016004 kB
MemFree:          123016 kB
Active:           373316 kB
Mem:          3.8G       3.7G       120M       5.7M        22M       3.3G

MemTotal:        4016004 kB
MemFree:          111152 kB
Active:           373336 kB
Mem:          3.8G       3.7G       108M       5.7M        22M       3.3G

MemTotal:        4016004 kB
MemFree:          126580 kB
Active:           373364 kB
Mem:          3.8G       3.7G       123M       5.7M        23M       3.3G

MemTotal:        4016004 kB
MemFree:          123760 kB
Active:           373212 kB
Mem:          3.8G       3.7G       121M       5.7M        23M       3.3G

MemTotal:        4016004 kB
MemFree:          129076 kB
Active:           373108 kB
Mem:          3.8G       3.7G       126M       5.7M        23M       3.2G

MemTotal:        4016004 kB
MemFree:          141644 kB
Active:           373108 kB
Mem:          3.8G       3.7G       138M       5.7M        23M       3.2G

MemTotal:        4016004 kB
MemFree:          134524 kB
Active:           373148 kB
Mem:          3.8G       3.7G       131M       5.7M        23M       3.2G

MemTotal:        4016004 kB
MemFree:          128884 kB
Active:           373156 kB
Mem:          3.8G       3.7G       125M       5.7M        23M       3.2G

MemTotal:        4016004 kB
MemFree:          125732 kB
Active:           373188 kB
Mem:          3.8G       3.7G       122M       5.7M        23M       3.3G

MemTotal:        4016004 kB
MemFree:          125296 kB
Active:           373188 kB
Mem:          3.8G       3.7G       122M       5.7M        23M       3.3G

MemTotal:        4016004 kB
MemFree:          125552 kB
Active:           373180 kB
Mem:          3.8G       3.7G       122M       5.7M        23M       3.3G

MemTotal:        4016004 kB
MemFree:          104708 kB
Active:           373144 kB
Mem:          3.8G       3.7G       108M       5.7M        23M       3.3G

MemTotal:        4016004 kB
MemFree:          128272 kB
Active:           373092 kB
Mem:          3.8G       3.7G       125M       5.7M        23M       3.2G

MemTotal:        4016004 kB
MemFree:          135444 kB
Active:           373104 kB
Mem:          3.8G       3.7G       132M       5.7M        23M       3.2G

MemTotal:        4016004 kB
MemFree:          128116 kB
Active:           373112 kB
Mem:          3.8G       3.7G       124M       5.7M        23M       3.2G

MemTotal:        4016004 kB
MemFree:          138348 kB
Active:           370360 kB
Mem:          3.8G       3.7G       135M       5.7M        23M       3.2G

MemTotal:        4016004 kB
MemFree:          131716 kB
Active:           370304 kB
Mem:          3.8G       3.7G       128M       5.7M        23M       3.2G

MemTotal:        4016004 kB
MemFree:          124824 kB
Active:           370316 kB
Mem:          3.8G       3.7G       121M       5.7M        23M       3.3G

MemTotal:        4016004 kB
MemFree:          135256 kB
Active:           370336 kB
Mem:          3.8G       3.7G       131M       5.7M        23M       3.2G

MemTotal:        4016004 kB
MemFree:          114148 kB
Active:           371672 kB
Mem:          3.8G       3.7G       111M       5.7M        23M       3.3G

MemTotal:        4016004 kB
MemFree:          118100 kB
Active:           371556 kB
Mem:          3.8G       3.7G       114M       5.7M        23M       3.3G

MemTotal:        4016004 kB
MemFree:          110812 kB
Active:           371580 kB
Mem:          3.8G       3.7G       108M       5.7M        23M       3.3G

MemTotal:        4016004 kB
MemFree:          138112 kB
Active:           371472 kB
Mem:          3.8G       3.7G       134M       5.7M        23M       3.2G

MemTotal:        4016004 kB
MemFree:          128160 kB
Active:           371488 kB
Mem:          3.8G       3.7G       124M       5.7M        23M       3.2G

MemTotal:        4016004 kB
MemFree:          106168 kB
Active:           367552 kB
Mem:          3.8G       3.7G       103M       5.7M        23M       3.3G

MemTotal:        4016004 kB
MemFree:          115996 kB
Active:           367572 kB
Mem:          3.8G       3.7G       112M       5.7M        23M       3.3G

MemTotal:        4016004 kB
MemFree:          118344 kB
Active:           367548 kB
Mem:          3.8G       3.7G       115M       5.7M        23M       3.3G

MemTotal:        4016004 kB
MemFree:          125308 kB
Active:           367584 kB
Mem:          3.8G       3.7G       122M       5.7M        23M       3.2G

MemTotal:        4016004 kB
MemFree:          132052 kB
Active:           367644 kB
Mem:          3.8G       3.7G       128M       5.7M        23M       3.2G

MemTotal:        4016004 kB
MemFree:          124544 kB
Active:           367624 kB
Mem:          3.8G       3.7G       121M       5.7M        23M       3.2G

MemTotal:        4016004 kB
MemFree:          118096 kB
Active:           367696 kB
Mem:          3.8G       3.7G       115M       5.7M        23M       3.3G

MemTotal:        4016004 kB
MemFree:          145920 kB
Active:           367664 kB
Mem:          3.8G       3.7G       142M       5.7M        23M       3.2G

MemTotal:        4016004 kB
MemFree:          129192 kB
Active:           366508 kB
Mem:          3.8G       3.7G       126M       5.7M        23M       3.2G

MemTotal:        4016004 kB
MemFree:          128760 kB
Active:           366356 kB
Mem:          3.8G       3.7G       125M       5.7M        23M       3.2G

MemTotal:        4016004 kB
MemFree:          112520 kB
Active:           366344 kB
Mem:          3.8G       3.7G       109M       5.7M        23M       3.3G

MemTotal:        4016004 kB
MemFree:          107612 kB
Active:           366360 kB
Mem:          3.8G       3.7G       104M       5.7M        23M       3.3G

MemTotal:        4016004 kB
MemFree:          111156 kB
Active:           366432 kB
Mem:          3.8G       3.7G       108M       5.7M        23M       3.3G

MemTotal:        4016004 kB
MemFree:          121896 kB
Active:           366468 kB
Mem:          3.8G       3.7G       119M       5.7M        23M       3.2G

MemTotal:        4016004 kB
MemFree:          115140 kB
Active:           366488 kB
Mem:          3.8G       3.7G       112M       5.7M        23M       3.3G

MemTotal:        4016004 kB
MemFree:          106184 kB
Active:           367644 kB
Mem:          3.8G       3.7G       103M       5.7M        23M       3.3G

MemTotal:        4016004 kB
MemFree:          113544 kB
Active:           367616 kB
Mem:          3.8G       3.7G       111M       5.7M        23M       3.3G

MemTotal:        4016004 kB
MemFree:          131304 kB
Active:           367688 kB
Mem:          3.8G       3.7G       128M       5.7M        23M       3.2G

MemTotal:        4016004 kB
MemFree:          125892 kB
Active:           366168 kB
Mem:          3.8G       3.7G       123M       5.7M        23M       3.2G

MemTotal:        4016004 kB
MemFree:          119320 kB
Active:           366192 kB
Mem:          3.8G       3.7G       116M       5.7M        23M       3.2G

MemTotal:        4016004 kB
MemFree:          112628 kB
Active:           366228 kB
Mem:          3.8G       3.7G       110M       5.7M        23M       3.3G

MemTotal:        4016004 kB
MemFree:          128408 kB
Active:           366248 kB
Mem:          3.8G       3.7G       125M       5.7M        23M       3.2G

MemTotal:        4016004 kB
MemFree:          128656 kB
Active:           366236 kB
Mem:          3.8G       3.7G       125M       5.7M        23M       3.2G

MemTotal:        4016004 kB
MemFree:          106244 kB
Active:           366288 kB
Mem:          3.8G       3.7G       103M       5.7M        23M       3.3G

MemTotal:        4016004 kB
MemFree:          135600 kB
Active:           366304 kB
Mem:          3.8G       3.7G       132M       5.7M        23M       3.2G

MemTotal:        4016004 kB
MemFree:          105228 kB
Active:           366328 kB
Mem:          3.8G       3.7G       107M       5.7M        23M       3.3G

MemTotal:        4016004 kB
MemFree:          115316 kB
Active:           366228 kB
Mem:          3.8G       3.7G       112M       5.7M        23M       3.3G

MemTotal:        4016004 kB
MemFree:          108896 kB
Active:           366236 kB
Mem:          3.8G       3.7G       106M       5.7M        23M       3.3G

MemTotal:        4016004 kB
MemFree:          138884 kB
Active:           366232 kB
Mem:          3.8G       3.7G       134M       5.7M        23M       3.2G

MemTotal:        4016004 kB
MemFree:          128896 kB
Active:           359640 kB
Mem:          3.8G       3.7G       125M       5.7M        24M       3.2G

MemTotal:        4016004 kB
MemFree:          130448 kB
Active:           359588 kB
Mem:          3.8G       3.7G       127M       5.7M        24M       3.2G

MemTotal:        4016004 kB
MemFree:          123764 kB
Active:           359608 kB
Mem:          3.8G       3.7G       121M       5.7M        24M       3.2G

MemTotal:        4016004 kB
MemFree:          131792 kB
Active:           359628 kB
Mem:          3.8G       3.7G       128M       5.7M        24M       3.2G

MemTotal:        4016004 kB
MemFree:          137832 kB
Active:           359660 kB
Mem:          3.8G       3.7G       134M       5.7M        24M       3.2G

MemTotal:        4016004 kB
MemFree:          121468 kB
Active:           359636 kB
Mem:          3.8G       3.7G       118M       5.7M        24M       3.2G

MemTotal:        4016004 kB
MemFree:          127912 kB
Active:           359684 kB
Mem:          3.8G       3.7G       125M       5.7M        24M       3.2G

MemTotal:        4016004 kB
MemFree:          121748 kB
Active:           359716 kB
Mem:          3.8G       3.7G       118M       5.7M        24M       3.2G

MemTotal:        4016004 kB
MemFree:          126504 kB
Active:           359740 kB
Mem:          3.8G       3.7G       123M       5.7M        24M       3.2G

MemTotal:        4016004 kB
MemFree:          138628 kB
Active:           359764 kB
Mem:          3.8G       3.7G       135M       5.7M        24M       3.2G

MemTotal:        4016004 kB
MemFree:          132588 kB
Active:           359780 kB
Mem:          3.8G       3.7G       129M       5.7M        24M       3.2G

MemTotal:        4016004 kB
MemFree:          120364 kB
Active:           359756 kB
Mem:          3.8G       3.7G       116M       5.7M        24M       3.2G

MemTotal:        4016004 kB
MemFree:          113808 kB
Active:           359836 kB
Mem:          3.8G       3.7G       111M       5.7M        24M       3.3G

MemTotal:        4016004 kB
MemFree:          128628 kB
Active:           356736 kB
Mem:          3.8G       3.7G       124M       5.7M        24M       3.2G

MemTotal:        4016004 kB
MemFree:          122216 kB
Active:           356764 kB
Mem:          3.8G       3.7G       118M       5.7M        24M       3.2G

MemTotal:        4016004 kB
MemFree:          106248 kB
Active:           357020 kB
Mem:          3.8G       3.7G       103M       5.7M        24M       3.3G

MemTotal:        4016004 kB
MemFree:          135200 kB
Active:           358944 kB
Mem:          3.8G       3.7G       132M       5.7M        24M       3.2G

MemTotal:        4016004 kB
MemFree:          125556 kB
Active:           358928 kB
Mem:          3.8G       3.7G       122M       5.7M        24M       3.2G

MemTotal:        4016004 kB
MemFree:          119228 kB
Active:           358988 kB
Mem:          3.8G       3.7G       115M       5.7M        24M       3.2G

MemTotal:        4016004 kB
MemFree:          111840 kB
Active:           358876 kB
Mem:          3.8G       3.7G       108M       5.7M        24M       3.3G

MemTotal:        4016004 kB
MemFree:          123660 kB
Active:           358724 kB
Mem:          3.8G       3.7G       120M       5.7M        24M       3.2G

MemTotal:        4016004 kB
MemFree:          122516 kB
Active:           358796 kB
Mem:          3.8G       3.7G       119M       5.7M        24M       3.2G

MemTotal:        4016004 kB
MemFree:          115472 kB
Active:           358824 kB
Mem:          3.8G       3.7G       112M       5.7M        24M       3.3G

MemTotal:        4016004 kB
MemFree:          118604 kB
Active:           358852 kB
Mem:          3.8G       3.7G       116M       5.7M        24M       3.2G

MemTotal:        4016004 kB
MemFree:          126316 kB
Active:           358872 kB
Mem:          3.8G       3.7G       123M       5.7M        24M       3.2G

MemTotal:        4016004 kB
MemFree:          123136 kB
Active:           356932 kB
Mem:          3.8G       3.7G       119M       5.7M        24M       3.2G

MemTotal:        4016004 kB
MemFree:          122080 kB
Active:           356852 kB
Mem:          3.8G       3.7G       118M       5.7M        24M       3.2G

MemTotal:        4016004 kB
MemFree:          115192 kB
Active:           356868 kB
Mem:          3.8G       3.7G       112M       5.7M        24M       3.2G

MemTotal:        4016004 kB
MemFree:          126880 kB
Active:           356904 kB
Mem:          3.8G       3.7G       123M       5.7M        24M       3.2G

MemTotal:        4016004 kB
MemFree:          125148 kB
Active:           356920 kB
Mem:          3.8G       3.7G       122M       5.7M        24M       3.2G

MemTotal:        4016004 kB
MemFree:          112344 kB
Active:           356936 kB
Mem:          3.8G       3.7G       109M       5.7M        24M       3.3G

MemTotal:        4016004 kB
MemFree:          106092 kB
Active:           356908 kB
Mem:          3.8G       3.7G       103M       5.7M        24M       3.3G

MemTotal:        4016004 kB
MemFree:          116724 kB
Active:           356928 kB
Mem:          3.8G       3.7G       114M       5.7M        24M       3.2G

MemTotal:        4016004 kB
MemFree:          110008 kB
Active:           357000 kB
Mem:          3.8G       3.7G       107M       5.7M        24M       3.3G

MemTotal:        4016004 kB
MemFree:          128872 kB
Active:           357040 kB
Mem:          3.8G       3.7G       125M       5.7M        24M       3.2G

MemTotal:        4016004 kB
MemFree:          127928 kB
Active:           357032 kB
Mem:          3.8G       3.7G       124M       5.7M        24M       3.2G

MemTotal:        4016004 kB
MemFree:          113868 kB
Active:           357080 kB
Mem:          3.8G       3.7G       111M       5.7M        24M       3.3G

MemTotal:        4016004 kB
MemFree:          106160 kB
Active:           357120 kB
Mem:          3.8G       3.7G       102M       5.7M        24M       3.3G

MemTotal:        4016004 kB
MemFree:          116168 kB
Active:           357120 kB
Mem:          3.8G       3.7G       112M       5.7M        24M       3.2G

MemTotal:        4016004 kB
MemFree:          137148 kB
Active:           354920 kB
Mem:          3.8G       3.7G       133M       5.7M        24M       3.2G

MemTotal:        4016004 kB
MemFree:          125540 kB
Active:           354728 kB
Mem:          3.8G       3.7G       122M       5.7M        24M       3.2G

MemTotal:        4016004 kB
MemFree:          137652 kB
Active:           354692 kB
Mem:          3.8G       3.7G       134M       5.7M        24M       3.2G

MemTotal:        4016004 kB
MemFree:          132480 kB
Active:           354748 kB
Mem:          3.8G       3.7G       128M       5.7M        24M       3.2G

MemTotal:        4016004 kB
MemFree:          125764 kB
Active:           354788 kB
Mem:          3.8G       3.7G       122M       5.7M        24M       3.2G

MemTotal:        4016004 kB
MemFree:          130256 kB
Active:           354776 kB
Mem:          3.8G       3.7G       126M       5.7M        24M       3.2G

MemTotal:        4016004 kB
MemFree:          134004 kB
Active:           354816 kB
Mem:          3.8G       3.7G       131M       5.7M        24M       3.2G

MemTotal:        4016004 kB
MemFree:          127336 kB
Active:           354816 kB
Mem:          3.8G       3.7G       123M       5.7M        24M       3.2G

MemTotal:        4016004 kB
MemFree:          120668 kB
Active:           354844 kB
Mem:          3.8G       3.7G       117M       5.7M        25M       3.2G

MemTotal:        4016004 kB
MemFree:          108924 kB
Active:           354908 kB
Mem:          3.8G       3.7G       106M       5.7M        25M       3.3G

MemTotal:        4016004 kB
MemFree:          126336 kB
Active:           354888 kB
Mem:          3.8G       3.7G       123M       5.7M        25M       3.2G

MemTotal:        4016004 kB
MemFree:          124852 kB
Active:           354956 kB
Mem:          3.8G       3.7G       121M       5.7M        25M       3.2G

MemTotal:        4016004 kB
MemFree:          127452 kB
Active:           354976 kB
Mem:          3.8G       3.7G       124M       5.7M        25M       3.2G

MemTotal:        4016004 kB
MemFree:          122712 kB
Active:           354984 kB
Mem:          3.8G       3.7G       119M       5.7M        25M       3.2G

MemTotal:        4016004 kB
MemFree:          113352 kB
Active:           355016 kB
Mem:          3.8G       3.7G       110M       5.7M        25M       3.2G

MemTotal:        4016004 kB
MemFree:          112608 kB
Active:           355040 kB
Mem:          3.8G       3.7G       110M       5.7M        25M       3.2G

MemTotal:        4016004 kB
MemFree:          105328 kB
Active:           355056 kB
Mem:          3.8G       3.7G       102M       5.7M        25M       3.3G

MemTotal:        4016004 kB
MemFree:          113112 kB
Active:           352124 kB
Mem:          3.8G       3.7G       110M       5.7M        25M       3.2G

MemTotal:        4016004 kB
MemFree:          125044 kB
Active:           352140 kB
Mem:          3.8G       3.7G       121M       5.7M        25M       3.2G

MemTotal:        4016004 kB
MemFree:          118624 kB
Active:           352148 kB
Mem:          3.8G       3.7G       115M       5.7M        25M       3.2G

MemTotal:        4016004 kB
MemFree:          111832 kB
Active:           352176 kB
Mem:          3.8G       3.7G       109M       5.7M        25M       3.2G

MemTotal:        4016004 kB
MemFree:          104884 kB
Active:           352220 kB
Mem:          3.8G       3.7G       102M       5.7M        25M       3.3G

MemTotal:        4016004 kB
MemFree:          128916 kB
Active:           352200 kB
Mem:          3.8G       3.7G       125M       5.7M        25M       3.2G

MemTotal:        4016004 kB
MemFree:          115852 kB
Active:           352212 kB
Mem:          3.8G       3.7G       113M       5.7M        25M       3.2G

MemTotal:        4016004 kB
MemFree:          124764 kB
Active:           352280 kB
Mem:          3.8G       3.7G       121M       5.7M        25M       3.2G

MemTotal:        4016004 kB
MemFree:          124672 kB
Active:           352292 kB
Mem:          3.8G       3.7G       121M       5.7M        25M       3.2G

MemTotal:        4016004 kB
MemFree:          135276 kB
Active:           352308 kB
Mem:          3.8G       3.7G       131M       5.7M        25M       3.2G

MemTotal:        4016004 kB
MemFree:          135220 kB
Active:           352300 kB
Mem:          3.8G       3.7G       131M       5.7M        25M       3.2G

MemTotal:        4016004 kB
MemFree:          128100 kB
Active:           352352 kB
Mem:          3.8G       3.7G       124M       5.7M        25M       3.2G

MemTotal:        4016004 kB
MemFree:          127484 kB
Active:           352320 kB
Mem:          3.8G       3.7G       123M       5.7M        25M       3.2G

MemTotal:        4016004 kB
MemFree:          122800 kB
Active:           352284 kB
Mem:          3.8G       3.7G       119M       5.7M        25M       3.2G

MemTotal:        4016004 kB
MemFree:          122708 kB
Active:           352064 kB
Mem:          3.8G       3.7G       119M       5.7M        25M       3.2G

MemTotal:        4016004 kB
MemFree:          122460 kB
Active:           352100 kB
Mem:          3.8G       3.7G       119M       5.7M        25M       3.2G

MemTotal:        4016004 kB
MemFree:          122460 kB
Active:           352052 kB
Mem:          3.8G       3.7G       119M       5.7M        25M       3.2G

MemTotal:        4016004 kB
MemFree:          122088 kB
Active:           352112 kB
Mem:          3.8G       3.7G       119M       5.7M        25M       3.2G

MemTotal:        4016004 kB
MemFree:          122584 kB
Active:           352084 kB
Mem:          3.8G       3.7G       119M       5.7M        25M       3.2G

MemTotal:        4016004 kB
MemFree:          122708 kB
Active:           352088 kB
Mem:          3.8G       3.7G       119M       5.7M        25M       3.2G

MemTotal:        4016004 kB
MemFree:          122460 kB
Active:           352128 kB
Mem:          3.8G       3.7G       119M       5.7M        25M       3.2G

MemTotal:        4016004 kB
MemFree:          122584 kB
Active:           352092 kB
Mem:          3.8G       3.7G       119M       5.7M        25M       3.2G

MemTotal:        4016004 kB
MemFree:          123080 kB
Active:           352108 kB
Mem:          3.8G       3.7G       120M       5.7M        25M       3.2G

MemTotal:        4016004 kB
MemFree:          122708 kB
Active:           352076 kB
Mem:          3.8G       3.7G       119M       5.7M        25M       3.2G

MemTotal:        4016004 kB
MemFree:          122584 kB
Active:           352128 kB
Mem:          3.8G       3.7G       119M       5.7M        25M       3.2G

MemTotal:        4016004 kB
MemFree:          122956 kB
Active:           352120 kB
Mem:          3.8G       3.7G       119M       5.7M        25M       3.2G

MemTotal:        4016004 kB
MemFree:          122832 kB
Active:           352100 kB
Mem:          3.8G       3.7G       119M       5.7M        25M       3.2G

MemTotal:        4016004 kB
MemFree:          122832 kB
Active:           352084 kB
Mem:          3.8G       3.7G       119M       5.7M        25M       3.2G

MemTotal:        4016004 kB
MemFree:          122832 kB
Active:           352080 kB
Mem:          3.8G       3.7G       119M       5.7M        25M       3.2G

MemTotal:        4016004 kB
MemFree:          123080 kB
Active:           352092 kB
Mem:          3.8G       3.7G       119M       5.7M        25M       3.2G

MemTotal:        4016004 kB
MemFree:          123204 kB
Active:           352112 kB
Mem:          3.8G       3.7G       120M       5.7M        25M       3.2G

MemTotal:        4016004 kB
MemFree:          123080 kB
Active:           352124 kB
Mem:          3.8G       3.7G       120M       5.7M        25M       3.2G

MemTotal:        4016004 kB
MemFree:          122584 kB
Active:           352144 kB
Mem:          3.8G       3.7G       119M       5.7M        25M       3.2G

MemTotal:        4016004 kB
MemFree:          122336 kB
Active:           352144 kB
Mem:          3.8G       3.7G       119M       5.7M        25M       3.2G

MemTotal:        4016004 kB
MemFree:          122832 kB
Active:           352128 kB
Mem:          3.8G       3.7G       119M       5.7M        25M       3.2G

MemTotal:        4016004 kB
MemFree:          122336 kB
Active:           352144 kB
Mem:          3.8G       3.7G       119M       5.7M        25M       3.2G

MemTotal:        4016004 kB
MemFree:          122088 kB
Active:           352152 kB
Mem:          3.8G       3.7G       119M       5.7M        25M       3.2G

MemTotal:        4016004 kB
MemFree:          122212 kB
Active:           352128 kB
Mem:          3.8G       3.7G       119M       5.7M        25M       3.2G

MemTotal:        4016004 kB
MemFree:          122336 kB
Active:           352108 kB
Mem:          3.8G       3.7G       119M       5.7M        25M       3.2G

MemTotal:        4016004 kB
MemFree:          122260 kB
Active:           352164 kB
Mem:          3.8G       3.7G       119M       5.7M        25M       3.2G

MemTotal:        4016004 kB
MemFree:          122512 kB
Active:           352108 kB
Mem:          3.8G       3.7G       119M       5.7M        25M       3.2G

MemTotal:        4016004 kB
MemFree:          122052 kB
Active:           352164 kB
Mem:          3.8G       3.7G       119M       5.7M        25M       3.2G

MemTotal:        4016004 kB
MemFree:          122300 kB
Active:           352160 kB
Mem:          3.8G       3.7G       119M       5.7M        25M       3.2G

MemTotal:        4016004 kB
MemFree:          122424 kB
Active:           352120 kB
Mem:          3.8G       3.7G       119M       5.7M        25M       3.2G

MemTotal:        4016004 kB
MemFree:          122176 kB
Active:           352168 kB
Mem:          3.8G       3.7G       119M       5.7M        25M       3.2G

MemTotal:        4016004 kB
MemFree:          122672 kB
Active:           352120 kB
Mem:          3.8G       3.7G       119M       5.7M        25M       3.2G

MemTotal:        4016004 kB
MemFree:          122548 kB
Active:           352160 kB
Mem:          3.8G       3.7G       119M       5.7M        25M       3.2G

MemTotal:        4016004 kB
MemFree:          122548 kB
Active:           352124 kB
Mem:          3.8G       3.7G       119M       5.7M        25M       3.2G

MemTotal:        4016004 kB
MemFree:          122672 kB
Active:           352144 kB
Mem:          3.8G       3.7G       119M       5.7M        25M       3.2G

MemTotal:        4016004 kB
MemFree:          122796 kB
Active:           352156 kB
Mem:          3.8G       3.7G       119M       5.7M        25M       3.2G

MemTotal:        4016004 kB
MemFree:          123028 kB
Active:           352164 kB
Mem:          3.8G       3.7G       119M       5.7M        25M       3.2G

MemTotal:        4016004 kB
MemFree:          122300 kB
Active:           352188 kB
Mem:          3.8G       3.7G       119M       5.7M        25M       3.2G

MemTotal:        4016004 kB
MemFree:          122176 kB
Active:           352188 kB
Mem:          3.8G       3.7G       119M       5.7M        25M       3.2G

MemTotal:        4016004 kB
MemFree:          122424 kB
Active:           352144 kB
Mem:          3.8G       3.7G       119M       5.7M        25M       3.2G

MemTotal:        4016004 kB
MemFree:          122424 kB
Active:           352168 kB
Mem:          3.8G       3.7G       119M       5.7M        25M       3.2G

MemTotal:        4016004 kB
MemFree:          122176 kB
Active:           352204 kB
Mem:          3.8G       3.7G       119M       5.7M        25M       3.2G

MemTotal:        4016004 kB
MemFree:          122548 kB
Active:           352172 kB
Mem:          3.8G       3.7G       119M       5.7M        25M       3.2G

MemTotal:        4016004 kB
MemFree:          122672 kB
Active:           352200 kB
Mem:          3.8G       3.7G       119M       5.7M        25M       3.2G

MemTotal:        4016004 kB
MemFree:          122548 kB
Active:           352200 kB
Mem:          3.8G       3.7G       119M       5.7M        25M       3.2G

MemTotal:        4016004 kB
MemFree:          122672 kB
Active:           352152 kB
Mem:          3.8G       3.7G       119M       5.7M        25M       3.2G

MemTotal:        4016004 kB
MemFree:          122548 kB
Active:           352204 kB
Mem:          3.8G       3.7G       119M       5.7M        25M       3.2G

MemTotal:        4016004 kB
MemFree:          122672 kB
Active:           352152 kB
Mem:          3.8G       3.7G       119M       5.7M        25M       3.2G

MemTotal:        4016004 kB
MemFree:          122672 kB
Active:           352156 kB
Mem:          3.8G       3.7G       119M       5.7M        25M       3.2G

MemTotal:        4016004 kB
MemFree:          119728 kB
Active:           354736 kB
Mem:          3.8G       3.7G       116M       5.7M        27M       3.2G

MemTotal:        4016004 kB
MemFree:          119556 kB
Active:           354444 kB
Mem:          3.8G       3.7G       116M       5.7M        27M       3.2G

MemTotal:        4016004 kB
MemFree:          119556 kB
Active:           354452 kB
Mem:          3.8G       3.7G       116M       5.7M        27M       3.2G

MemTotal:        4016004 kB
MemFree:          119804 kB
Active:           354456 kB
Mem:          3.8G       3.7G       116M       5.7M        27M       3.2G

MemTotal:        4016004 kB
MemFree:          119680 kB
Active:           354456 kB
Mem:          3.8G       3.7G       116M       5.7M        27M       3.2G

MemTotal:        4016004 kB
MemFree:          119804 kB
Active:           354472 kB
Mem:          3.8G       3.7G       116M       5.7M        27M       3.2G

MemTotal:        4016004 kB
MemFree:          119680 kB
Active:           354504 kB
Mem:          3.8G       3.7G       117M       5.7M        27M       3.2G

MemTotal:        4016004 kB
MemFree:          119308 kB
Active:           354516 kB
Mem:          3.8G       3.7G       116M       5.7M        27M       3.2G

MemTotal:        4016004 kB
MemFree:          119804 kB
Active:           354508 kB
Mem:          3.8G       3.7G       117M       5.7M        27M       3.2G

MemTotal:        4016004 kB
MemFree:          119804 kB
Active:           354480 kB
Mem:          3.8G       3.7G       116M       5.7M        27M       3.2G

MemTotal:        4016004 kB
MemFree:          119804 kB
Active:           354488 kB
Mem:          3.8G       3.7G       117M       5.7M        27M       3.2G

MemTotal:        4016004 kB
MemFree:          119928 kB
Active:           354464 kB
Mem:          3.8G       3.7G       117M       5.7M        27M       3.2G

MemTotal:        4016004 kB
MemFree:          119928 kB
Active:           354504 kB
Mem:          3.8G       3.7G       116M       5.7M        27M       3.2G

MemTotal:        4016004 kB
MemFree:          120036 kB
Active:           354484 kB
Mem:          3.8G       3.7G       117M       5.7M        27M       3.2G

MemTotal:        4016004 kB
MemFree:          119912 kB
Active:           354508 kB
Mem:          3.8G       3.7G       117M       5.7M        27M       3.2G

MemTotal:        4016004 kB
MemFree:          119912 kB
Active:           354472 kB
Mem:          3.8G       3.7G       117M       5.7M        27M       3.2G

MemTotal:        4016004 kB
MemFree:          119912 kB
Active:           354496 kB
Mem:          3.8G       3.7G       116M       5.7M        27M       3.2G

MemTotal:        4016004 kB
MemFree:          119648 kB
Active:           354560 kB
Mem:          3.8G       3.7G       116M       5.7M        27M       3.2G

MemTotal:        4016004 kB
MemFree:          119400 kB
Active:           354568 kB
Mem:          3.8G       3.7G       116M       5.7M        27M       3.2G

MemTotal:        4016004 kB
MemFree:          120020 kB
Active:           354536 kB
Mem:          3.8G       3.7G       117M       5.7M        27M       3.2G

MemTotal:        4016004 kB
MemFree:          119508 kB
Active:           354788 kB
Mem:          3.8G       3.7G       116M       5.7M        27M       3.2G

MemTotal:        4016004 kB
MemFree:          119260 kB
Active:           354628 kB
Mem:          3.8G       3.7G       116M       5.7M        27M       3.2G

MemTotal:        4016004 kB
MemFree:          119136 kB
Active:           354600 kB
Mem:          3.8G       3.7G       116M       5.7M        27M       3.2G

MemTotal:        4016004 kB
MemFree:          118764 kB
Active:           354632 kB
Mem:          3.8G       3.7G       116M       5.7M        27M       3.2G

MemTotal:        4016004 kB
MemFree:          119384 kB
Active:           354624 kB
Mem:          3.8G       3.7G       116M       5.7M        27M       3.2G

MemTotal:        4016004 kB
MemFree:          119508 kB
Active:           354604 kB
Mem:          3.8G       3.7G       116M       5.7M        27M       3.2G

MemTotal:        4016004 kB
MemFree:          119384 kB
Active:           354636 kB
Mem:          3.8G       3.7G       116M       5.7M        27M       3.2G

MemTotal:        4016004 kB
MemFree:          119384 kB
Active:           354640 kB
Mem:          3.8G       3.7G       116M       5.7M        27M       3.2G

MemTotal:        4016004 kB
MemFree:          119508 kB
Active:           354632 kB
Mem:          3.8G       3.7G       116M       5.7M        27M       3.2G

MemTotal:        4016004 kB
MemFree:          119632 kB
Active:           354600 kB
Mem:          3.8G       3.7G       116M       5.7M        27M       3.2G

MemTotal:        4016004 kB
MemFree:          120004 kB
Active:           354628 kB
Mem:          3.8G       3.7G       117M       5.7M        27M       3.2G

MemTotal:        4016004 kB
MemFree:          119632 kB
Active:           354592 kB
Mem:          3.8G       3.7G       116M       5.7M        27M       3.2G

MemTotal:        4016004 kB
MemFree:          119260 kB
Active:           354640 kB
Mem:          3.8G       3.7G       116M       5.7M        27M       3.2G

MemTotal:        4016004 kB
MemFree:          119384 kB
Active:           354624 kB
Mem:          3.8G       3.7G       116M       5.7M        27M       3.2G

MemTotal:        4016004 kB
MemFree:          119384 kB
Active:           354596 kB
Mem:          3.8G       3.7G       116M       5.7M        27M       3.2G

MemTotal:        4016004 kB
MemFree:          119012 kB
Active:           354648 kB
Mem:          3.8G       3.7G       116M       5.7M        27M       3.2G

MemTotal:        4016004 kB
MemFree:          119012 kB
Active:           354648 kB
Mem:          3.8G       3.7G       116M       5.7M        27M       3.2G

MemTotal:        4016004 kB
MemFree:          119400 kB
Active:           354616 kB
Mem:          3.8G       3.7G       116M       5.7M        27M       3.2G

MemTotal:        4016004 kB
MemFree:          119524 kB
Active:           354636 kB
Mem:          3.8G       3.7G       116M       5.7M        27M       3.2G

MemTotal:        4016004 kB
MemFree:          119152 kB
Active:           354652 kB
Mem:          3.8G       3.7G       116M       5.7M        27M       3.2G

MemTotal:        4016004 kB
MemFree:          119276 kB
Active:           354596 kB
Mem:          3.8G       3.7G       116M       5.7M        27M       3.2G

MemTotal:        4016004 kB
MemFree:          119276 kB
Active:           354620 kB
Mem:          3.8G       3.7G       116M       5.7M        27M       3.2G

MemTotal:        4016004 kB
MemFree:          119276 kB
Active:           354608 kB
Mem:          3.8G       3.7G       116M       5.7M        27M       3.2G

MemTotal:        4016004 kB
MemFree:          119400 kB
Active:           354628 kB
Mem:          3.8G       3.7G       116M       5.7M        27M       3.2G

MemTotal:        4016004 kB
MemFree:          119648 kB
Active:           354660 kB
Mem:          3.8G       3.7G       116M       5.7M        27M       3.2G

MemTotal:        4016004 kB
MemFree:          119276 kB
Active:           354664 kB
Mem:          3.8G       3.7G       116M       5.7M        27M       3.2G

MemTotal:        4016004 kB
MemFree:          119772 kB
Active:           354624 kB
Mem:          3.8G       3.7G       116M       5.7M        27M       3.2G

MemTotal:        4016004 kB
MemFree:          119896 kB
Active:           354644 kB
Mem:          3.8G       3.7G       116M       5.7M        27M       3.2G

MemTotal:        4016004 kB
MemFree:          119772 kB
Active:           354616 kB
Mem:          3.8G       3.7G       116M       5.7M        27M       3.2G

MemTotal:        4016004 kB
MemFree:          119400 kB
Active:           354632 kB
Mem:          3.8G       3.7G       116M       5.7M        27M       3.2G

MemTotal:        4016004 kB
MemFree:          119400 kB
Active:           354660 kB
Mem:          3.8G       3.7G       116M       5.7M        27M       3.2G

MemTotal:        4016004 kB
MemFree:          119276 kB
Active:           354664 kB
Mem:          3.8G       3.7G       116M       5.7M        27M       3.2G

MemTotal:        4016004 kB
MemFree:          119756 kB
Active:           354636 kB
Mem:          3.8G       3.7G       116M       5.7M        27M       3.2G

MemTotal:        4016004 kB
MemFree:          119648 kB
Active:           354628 kB
Mem:          3.8G       3.7G       116M       5.7M        27M       3.2G

MemTotal:        4016004 kB
MemFree:          119896 kB
Active:           354656 kB
Mem:          3.8G       3.7G       116M       5.7M        27M       3.2G

MemTotal:        4016004 kB
MemFree:          119772 kB
Active:           354648 kB
Mem:          3.8G       3.7G       116M       5.7M        27M       3.2G

MemTotal:        4016004 kB
MemFree:          119400 kB
Active:           354684 kB
Mem:          3.8G       3.7G       116M       5.7M        27M       3.2G

MemTotal:        4016004 kB
MemFree:          119772 kB
Active:           354644 kB
Mem:          3.8G       3.7G       116M       5.7M        27M       3.2G

MemTotal:        4016004 kB
MemFree:          119896 kB
Active:           354664 kB
Mem:          3.8G       3.7G       116M       5.7M        27M       3.2G

MemTotal:        4016004 kB
MemFree:          119896 kB
Active:           354644 kB
Mem:          3.8G       3.7G       117M       5.7M        27M       3.2G

MemTotal:        4016004 kB
MemFree:          119648 kB
Active:           354696 kB
Mem:          3.8G       3.7G       116M       5.7M        27M       3.2G

MemTotal:        4016004 kB
MemFree:          119896 kB
Active:           354660 kB
Mem:          3.8G       3.7G       116M       5.7M        27M       3.2G

MemTotal:        4016004 kB
MemFree:          119772 kB
Active:           354668 kB
Mem:          3.8G       3.7G       117M       5.7M        27M       3.2G

MemTotal:        4016004 kB
MemFree:          120020 kB
Active:           354684 kB
Mem:          3.8G       3.7G       117M       5.7M        27M       3.2G

MemTotal:        4016004 kB
MemFree:          119896 kB
Active:           354656 kB
Mem:          3.8G       3.7G       117M       5.7M        27M       3.2G

MemTotal:        4016004 kB
MemFree:          120020 kB
Active:           354656 kB
Mem:          3.8G       3.7G       116M       5.7M        27M       3.2G

MemTotal:        4016004 kB
MemFree:          119896 kB
Active:           354668 kB
Mem:          3.8G       3.7G       117M       5.7M        27M       3.2G

MemTotal:        4016004 kB
MemFree:          119772 kB
Active:           354680 kB
Mem:          3.8G       3.7G       116M       5.7M        27M       3.2G

MemTotal:        4016004 kB
MemFree:          119772 kB
Active:           354672 kB
Mem:          3.8G       3.7G       116M       5.7M        27M       3.2G

MemTotal:        4016004 kB
MemFree:          119648 kB
Active:           354684 kB
Mem:          3.8G       3.7G       116M       5.7M        27M       3.2G

MemTotal:        4016004 kB
MemFree:          119524 kB
Active:           354712 kB
Mem:          3.8G       3.7G       116M       5.7M        27M       3.2G

MemTotal:        4016004 kB
MemFree:          119152 kB
Active:           354720 kB
Mem:          3.8G       3.7G       116M       5.7M        27M       3.2G

MemTotal:        4016004 kB
MemFree:          119276 kB
Active:           354724 kB
Mem:          3.8G       3.7G       116M       5.7M        27M       3.2G

MemTotal:        4016004 kB
MemFree:          119648 kB
Active:           354684 kB
Mem:          3.8G       3.7G       116M       5.7M        27M       3.2G

MemTotal:        4016004 kB
MemFree:          119400 kB
Active:           354724 kB
Mem:          3.8G       3.7G       116M       5.7M        27M       3.2G

MemTotal:        4016004 kB
MemFree:          119896 kB
Active:           354708 kB
Mem:          3.8G       3.7G       116M       5.7M        27M       3.2G

MemTotal:        4016004 kB
MemFree:          119772 kB
Active:           354672 kB
Mem:          3.8G       3.7G       116M       5.7M        27M       3.2G

MemTotal:        4016004 kB
MemFree:          119896 kB
Active:           354724 kB
Mem:          3.8G       3.7G       116M       5.7M        27M       3.2G

MemTotal:        4016004 kB
MemFree:          119772 kB
Active:           354704 kB
Mem:          3.8G       3.7G       116M       5.7M        27M       3.2G

MemTotal:        4016004 kB
MemFree:          119524 kB
Active:           354724 kB
Mem:          3.8G       3.7G       116M       5.7M        27M       3.2G

MemTotal:        4016004 kB
MemFree:          119400 kB
Active:           354684 kB
Mem:          3.8G       3.7G       116M       5.7M        27M       3.2G

MemTotal:        4016004 kB
MemFree:          119400 kB
Active:           354728 kB
Mem:          3.8G       3.7G       116M       5.7M        27M       3.2G

MemTotal:        4016004 kB
MemFree:          119400 kB
Active:           354680 kB
Mem:          3.8G       3.7G       116M       5.7M        27M       3.2G

MemTotal:        4016004 kB
MemFree:          119028 kB
Active:           354736 kB
Mem:          3.8G       3.7G       116M       5.7M        27M       3.2G

MemTotal:        4016004 kB
MemFree:          118904 kB
Active:           354736 kB
Mem:          3.8G       3.7G       116M       5.7M        27M       3.2G

MemTotal:        4016004 kB
MemFree:          119648 kB
Active:           354736 kB
Mem:          3.8G       3.7G       116M       5.7M        27M       3.2G

MemTotal:        4016004 kB
MemFree:          119772 kB
Active:           354696 kB
Mem:          3.8G       3.7G       116M       5.7M        27M       3.2G

MemTotal:        4016004 kB
MemFree:          119400 kB
Active:           354744 kB
Mem:          3.8G       3.7G       116M       5.7M        27M       3.2G

MemTotal:        4016004 kB
MemFree:          119276 kB
Active:           354716 kB
Mem:          3.8G       3.7G       116M       5.7M        27M       3.2G

MemTotal:        4016004 kB
MemFree:          119524 kB
Active:           354692 kB
Mem:          3.8G       3.7G       116M       5.7M        27M       3.2G

MemTotal:        4016004 kB
MemFree:          119400 kB
Active:           354728 kB
Mem:          3.8G       3.7G       116M       5.7M        27M       3.2G

MemTotal:        4016004 kB
MemFree:          119524 kB
Active:           354712 kB
Mem:          3.8G       3.7G       116M       5.7M        27M       3.2G

MemTotal:        4016004 kB
MemFree:          119400 kB
Active:           354704 kB
Mem:          3.8G       3.7G       116M       5.7M        27M       3.2G

MemTotal:        4016004 kB
MemFree:          119524 kB
Active:           354736 kB
Mem:          3.8G       3.7G       116M       5.7M        27M       3.2G

MemTotal:        4016004 kB
MemFree:          119152 kB
Active:           354752 kB
Mem:          3.8G       3.7G       116M       5.7M        27M       3.2G

MemTotal:        4016004 kB
MemFree:          119276 kB
Active:           354748 kB
Mem:          3.8G       3.7G       116M       5.7M        27M       3.2G

MemTotal:        4016004 kB
MemFree:          119400 kB
Active:           354724 kB
Mem:          3.8G       3.7G       116M       5.7M        27M       3.2G

MemTotal:        4016004 kB
MemFree:          119648 kB
Active:           354728 kB
Mem:          3.8G       3.7G       116M       5.7M        27M       3.2G

MemTotal:        4016004 kB
MemFree:          119524 kB
Active:           354740 kB
Mem:          3.8G       3.7G       116M       5.7M        27M       3.2G

MemTotal:        4016004 kB
MemFree:          119400 kB
Active:           354736 kB
Mem:          3.8G       3.7G       116M       5.7M        27M       3.2G

MemTotal:        4016004 kB
MemFree:          119524 kB
Active:           354720 kB
Mem:          3.8G       3.7G       116M       5.7M        27M       3.2G

MemTotal:        4016004 kB
MemFree:          119648 kB
Active:           354756 kB
Mem:          3.8G       3.7G       116M       5.7M        27M       3.2G

MemTotal:        4016004 kB
MemFree:          119276 kB
Active:           354740 kB
Mem:          3.8G       3.7G       116M       5.7M        27M       3.2G

MemTotal:        4016004 kB
MemFree:          119028 kB
Active:           354772 kB
Mem:          3.8G       3.7G       116M       5.7M        27M       3.2G

MemTotal:        4016004 kB
MemFree:          119400 kB
Active:           354752 kB
Mem:          3.8G       3.7G       116M       5.7M        27M       3.2G

MemTotal:        4016004 kB
MemFree:          119648 kB
Active:           354728 kB
Mem:          3.8G       3.7G       116M       5.7M        27M       3.2G

MemTotal:        4016004 kB
MemFree:          119524 kB
Active:           354780 kB
Mem:          3.8G       3.7G       116M       5.7M        27M       3.2G

MemTotal:        4016004 kB
MemFree:          119524 kB
Active:           354736 kB
Mem:          3.8G       3.7G       116M       5.7M        27M       3.2G

MemTotal:        4016004 kB
MemFree:          119524 kB
Active:           354776 kB
Mem:          3.8G       3.7G       116M       5.7M        27M       3.2G

MemTotal:        4016004 kB
MemFree:          119524 kB
Active:           354748 kB
Mem:          3.8G       3.7G       116M       5.7M        27M       3.2G

MemTotal:        4016004 kB
MemFree:          118780 kB
Active:           354796 kB
Mem:          3.8G       3.7G       115M       5.7M        27M       3.2G

MemTotal:        4016004 kB
MemFree:          119276 kB
Active:           354760 kB
Mem:          3.8G       3.7G       116M       5.7M        27M       3.2G

MemTotal:        4016004 kB
MemFree:          119152 kB
Active:           354776 kB
Mem:          3.8G       3.7G       116M       5.7M        27M       3.2G

MemTotal:        4016004 kB
MemFree:          119648 kB
Active:           354740 kB
Mem:          3.8G       3.7G       116M       5.7M        27M       3.2G

MemTotal:        4016004 kB
MemFree:          119524 kB
Active:           354760 kB
Mem:          3.8G       3.7G       116M       5.7M        27M       3.2G

MemTotal:        4016004 kB
MemFree:          119772 kB
Active:           354792 kB
Mem:          3.8G       3.7G       116M       5.7M        27M       3.2G

MemTotal:        4016004 kB
MemFree:          119772 kB
Active:           354792 kB
Mem:          3.8G       3.7G       116M       5.7M        27M       3.2G

MemTotal:        4016004 kB
MemFree:          119400 kB
Active:           354796 kB
Mem:          3.8G       3.7G       116M       5.7M        27M       3.2G

MemTotal:        4016004 kB
MemFree:          119524 kB
Active:           354780 kB
Mem:          3.8G       3.7G       116M       5.7M        27M       3.2G

MemTotal:        4016004 kB
MemFree:          118872 kB
Active:           354972 kB
Mem:          3.8G       3.7G       116M       5.7M        27M       3.2G

MemTotal:        4016004 kB
MemFree:          118904 kB
Active:           354832 kB
Mem:          3.8G       3.7G       116M       5.7M        27M       3.2G

MemTotal:        4016004 kB
MemFree:          118732 kB
Active:           354828 kB
Mem:          3.8G       3.7G       116M       5.7M        27M       3.2G

MemTotal:        4016004 kB
MemFree:          118284 kB
Active:           354884 kB
Mem:          3.8G       3.7G       115M       5.7M        27M       3.2G

MemTotal:        4016004 kB
MemFree:          118656 kB
Active:           354840 kB
Mem:          3.8G       3.7G       115M       5.7M        27M       3.2G

MemTotal:        4016004 kB
MemFree:          118780 kB
Active:           354860 kB
Mem:          3.8G       3.7G       115M       5.7M        27M       3.2G

MemTotal:        4016004 kB
MemFree:          118656 kB
Active:           354876 kB
Mem:          3.8G       3.7G       115M       5.7M        27M       3.2G

MemTotal:        4016004 kB
MemFree:          118656 kB
Active:           354844 kB
Mem:          3.8G       3.7G       115M       5.7M        27M       3.2G

MemTotal:        4016004 kB
MemFree:          118284 kB
Active:           354892 kB
Mem:          3.8G       3.7G       115M       5.7M        27M       3.2G

MemTotal:        4016004 kB
MemFree:          118780 kB
Active:           354872 kB
Mem:          3.8G       3.7G       115M       5.7M        27M       3.2G

MemTotal:        4016004 kB
MemFree:          118904 kB
Active:           354896 kB
Mem:          3.8G       3.7G       116M       5.7M        27M       3.2G

MemTotal:        4016004 kB
MemFree:          118780 kB
Active:           354840 kB
Mem:          3.8G       3.7G       116M       5.7M        27M       3.2G

MemTotal:        4016004 kB
MemFree:          118284 kB
Active:           354896 kB
Mem:          3.8G       3.7G       115M       5.7M        27M       3.2G

MemTotal:        4016004 kB
MemFree:          118904 kB
Active:           354848 kB
Mem:          3.8G       3.7G       116M       5.7M        27M       3.2G

MemTotal:        4016004 kB
MemFree:          119044 kB
Active:           354892 kB
Mem:          3.8G       3.7G       116M       5.7M        27M       3.2G

MemTotal:        4016004 kB
MemFree:          119168 kB
Active:           354848 kB
Mem:          3.8G       3.7G       116M       5.7M        27M       3.2G

MemTotal:        4016004 kB
MemFree:          119176 kB
Active:           354856 kB
Mem:          3.8G       3.7G       116M       5.7M        27M       3.2G

MemTotal:        4016004 kB
MemFree:          119424 kB
Active:           354892 kB
Mem:          3.8G       3.7G       116M       5.7M        27M       3.2G

MemTotal:        4016004 kB
MemFree:          119424 kB
Active:           354852 kB
Mem:          3.8G       3.7G       116M       5.7M        27M       3.2G

MemTotal:        4016004 kB
MemFree:          119424 kB
Active:           354868 kB
Mem:          3.8G       3.7G       116M       5.7M        27M       3.2G

MemTotal:        4016004 kB
MemFree:          119548 kB
Active:           354868 kB
Mem:          3.8G       3.7G       117M       5.7M        27M       3.2G

MemTotal:        4016004 kB
MemFree:          119920 kB
Active:           354868 kB
Mem:          3.8G       3.7G       116M       5.7M        27M       3.2G

MemTotal:        4016004 kB
MemFree:          119796 kB
Active:           354904 kB
Mem:          3.8G       3.7G       117M       5.7M        27M       3.2G

MemTotal:        4016004 kB
MemFree:          119672 kB
Active:           354900 kB
Mem:          3.8G       3.7G       116M       5.7M        27M       3.2G

MemTotal:        4016004 kB
MemFree:          119424 kB
Active:           354872 kB
Mem:          3.8G       3.7G       116M       5.7M        27M       3.2G

MemTotal:        4016004 kB
MemFree:          119548 kB
Active:           354912 kB
Mem:          3.8G       3.7G       116M       5.7M        27M       3.2G

MemTotal:        4016004 kB
MemFree:          119176 kB
Active:           354912 kB
Mem:          3.8G       3.7G       116M       5.7M        27M       3.2G

MemTotal:        4016004 kB
MemFree:          119672 kB
Active:           354864 kB
Mem:          3.8G       3.7G       116M       5.7M        27M       3.2G

MemTotal:        4016004 kB
MemFree:          119052 kB
Active:           354916 kB
Mem:          3.8G       3.7G       116M       5.7M        27M       3.2G

MemTotal:        4016004 kB
MemFree:          119176 kB
Active:           354892 kB
Mem:          3.8G       3.7G       116M       5.7M        27M       3.2G

MemTotal:        4016004 kB
MemFree:          119176 kB
Active:           354912 kB
Mem:          3.8G       3.7G       116M       5.7M        27M       3.2G

MemTotal:        4016004 kB
MemFree:          118820 kB
Active:           354920 kB
Mem:          3.8G       3.7G       116M       5.7M        27M       3.2G

MemTotal:        4016004 kB
MemFree:          119192 kB
Active:           354896 kB
Mem:          3.8G       3.7G       116M       5.7M        27M       3.2G

MemTotal:        4016004 kB
MemFree:          119440 kB
Active:           354864 kB
Mem:          3.8G       3.7G       116M       5.7M        27M       3.2G

MemTotal:        4016004 kB
MemFree:          119564 kB
Active:           354916 kB
Mem:          3.8G       3.7G       116M       5.7M        27M       3.2G

MemTotal:        4016004 kB
MemFree:          119068 kB
Active:           354904 kB
Mem:          3.8G       3.7G       116M       5.7M        27M       3.2G

MemTotal:        4016004 kB
MemFree:          119192 kB
Active:           354884 kB
Mem:          3.8G       3.7G       116M       5.7M        27M       3.2G

MemTotal:        4016004 kB
MemFree:          119192 kB
Active:           354920 kB
Mem:          3.8G       3.7G       116M       5.7M        27M       3.2G

MemTotal:        4016004 kB
MemFree:          119192 kB
Active:           354888 kB
Mem:          3.8G       3.7G       116M       5.7M        27M       3.2G

MemTotal:        4016004 kB
MemFree:          118572 kB
Active:           354936 kB
Mem:          3.8G       3.7G       116M       5.7M        27M       3.2G

MemTotal:        4016004 kB
MemFree:          118944 kB
Active:           354936 kB
Mem:          3.8G       3.7G       116M       5.7M        27M       3.2G

MemTotal:        4016004 kB
MemFree:          118820 kB
Active:           354892 kB
Mem:          3.8G       3.7G       116M       5.7M        27M       3.2G

MemTotal:        4016004 kB
MemFree:          118944 kB
Active:           354912 kB
Mem:          3.8G       3.7G       115M       5.7M        27M       3.2G

MemTotal:        4016004 kB
MemFree:          118944 kB
Active:           354924 kB
Mem:          3.8G       3.7G       116M       5.7M        27M       3.2G

MemTotal:        4016004 kB
MemFree:          119068 kB
Active:           354956 kB
Mem:          3.8G       3.7G       116M       5.7M        27M       3.2G

MemTotal:        4016004 kB
MemFree:          118944 kB
Active:           354956 kB
Mem:          3.8G       3.7G       116M       5.7M        27M       3.2G

MemTotal:        4016004 kB
MemFree:          119192 kB
Active:           354940 kB
Mem:          3.8G       3.7G       116M       5.7M        27M       3.2G

MemTotal:        4016004 kB
MemFree:          119316 kB
Active:           354916 kB
Mem:          3.8G       3.7G       116M       5.7M        27M       3.2G

MemTotal:        4016004 kB
MemFree:          119316 kB
Active:           354948 kB
Mem:          3.8G       3.7G       116M       5.7M        27M       3.2G

MemTotal:        4016004 kB
MemFree:          119316 kB
Active:           354928 kB
Mem:          3.8G       3.7G       116M       5.7M        27M       3.2G

MemTotal:        4016004 kB
MemFree:          119316 kB
Active:           354916 kB
Mem:          3.8G       3.7G       116M       5.7M        27M       3.2G

MemTotal:        4016004 kB
MemFree:          119316 kB
Active:           354936 kB
Mem:          3.8G       3.7G       116M       5.7M        27M       3.2G

MemTotal:        4016004 kB
MemFree:          119068 kB
Active:           354956 kB
Mem:          3.8G       3.7G       116M       5.7M        27M       3.2G

MemTotal:        4016004 kB
MemFree:          118696 kB
Active:           354964 kB
Mem:          3.8G       3.7G       116M       5.7M        27M       3.2G

MemTotal:        4016004 kB
MemFree:          118944 kB
Active:           354928 kB
Mem:          3.8G       3.7G       116M       5.7M        27M       3.2G

MemTotal:        4016004 kB
MemFree:          119068 kB
Active:           354960 kB
Mem:          3.8G       3.7G       116M       5.7M        27M       3.2G

MemTotal:        4016004 kB
MemFree:          118944 kB
Active:           354944 kB
Mem:          3.8G       3.7G       116M       5.7M        27M       3.2G

MemTotal:        4016004 kB
MemFree:          118820 kB
Active:           354952 kB
Mem:          3.8G       3.7G       116M       5.7M        27M       3.2G

MemTotal:        4016004 kB
MemFree:          119316 kB
Active:           354972 kB
Mem:          3.8G       3.7G       116M       5.7M        27M       3.2G

MemTotal:        4016004 kB
MemFree:          119068 kB
Active:           354968 kB
Mem:          3.8G       3.7G       116M       5.7M        27M       3.2G

MemTotal:        4016004 kB
MemFree:          118696 kB
Active:           354984 kB
Mem:          3.8G       3.7G       115M       5.7M        27M       3.2G

MemTotal:        4016004 kB
MemFree:          118324 kB
Active:           354988 kB
Mem:          3.8G       3.7G       115M       5.7M        27M       3.2G

MemTotal:        4016004 kB
MemFree:          118448 kB
Active:           354960 kB
