MemTotal:        4016004 kB
MemFree:         3236792 kB
Active:           421740 kB
Mem:          3.8G       760M       3.1G       5.7M        62M       314M

MemTotal:        4016004 kB
MemFree:         3236828 kB
Active:           421784 kB
Mem:          3.8G       761M       3.1G       5.7M        62M       314M

MemTotal:        4016004 kB
MemFree:         3236952 kB
Active:           421816 kB
Mem:          3.8G       760M       3.1G       5.7M        62M       314M

MemTotal:        4016004 kB
MemFree:         3236712 kB
Active:           421856 kB
Mem:          3.8G       761M       3.1G       5.7M        62M       314M

MemTotal:        4016004 kB
MemFree:         3237192 kB
Active:           421820 kB
Mem:          3.8G       760M       3.1G       5.7M        62M       314M

MemTotal:        4016004 kB
MemFree:         3237176 kB
Active:           421856 kB
Mem:          3.8G       760M       3.1G       5.7M        62M       314M

MemTotal:        4016004 kB
MemFree:         3237160 kB
Active:           421808 kB
Mem:          3.8G       760M       3.1G       5.7M        62M       314M

MemTotal:        4016004 kB
MemFree:         3236708 kB
Active:           421868 kB
Mem:          3.8G       761M       3.1G       5.7M        62M       314M

MemTotal:        4016004 kB
MemFree:         3237064 kB
Active:           421828 kB
Mem:          3.8G       760M       3.1G       5.7M        62M       314M

MemTotal:        4016004 kB
MemFree:         3237048 kB
Active:           421840 kB
Mem:          3.8G       760M       3.1G       5.7M        62M       314M

MemTotal:        4016004 kB
MemFree:         3237204 kB
Active:           421860 kB
Mem:          3.8G       760M       3.1G       5.7M        62M       314M

MemTotal:        4016004 kB
MemFree:         3236956 kB
Active:           421872 kB
Mem:          3.8G       760M       3.1G       5.7M        62M       314M

MemTotal:        4016004 kB
MemFree:         3236956 kB
Active:           421872 kB
Mem:          3.8G       760M       3.1G       5.7M        62M       314M

MemTotal:        4016004 kB
MemFree:         3237328 kB
Active:           421820 kB
Mem:          3.8G       760M       3.1G       5.7M        62M       314M

MemTotal:        4016004 kB
MemFree:         3236956 kB
Active:           421876 kB
Mem:          3.8G       760M       3.1G       5.7M        62M       314M

MemTotal:        4016004 kB
MemFree:         3237328 kB
Active:           421844 kB
Mem:          3.8G       760M       3.1G       5.7M        62M       314M

MemTotal:        4016004 kB
MemFree:         3235312 kB
Active:           421852 kB
Mem:          3.8G       762M       3.1G       5.7M        62M       314M

MemTotal:        4016004 kB
MemFree:         3235436 kB
Active:           423848 kB
Mem:          3.8G       762M       3.1G       5.7M        62M       314M

MemTotal:        4016004 kB
MemFree:         3234800 kB
Active:           423900 kB
Mem:          3.8G       762M       3.1G       5.7M        62M       314M

MemTotal:        4016004 kB
MemFree:         3234552 kB
Active:           423900 kB
Mem:          3.8G       762M       3.1G       5.7M        62M       314M

MemTotal:        4016004 kB
MemFree:         3235052 kB
Active:           423880 kB
Mem:          3.8G       762M       3.1G       5.7M        62M       314M

MemTotal:        4016004 kB
MemFree:         3234928 kB
Active:           423896 kB
Mem:          3.8G       762M       3.1G       5.7M        62M       314M

MemTotal:        4016004 kB
MemFree:         3234432 kB
Active:           423908 kB
Mem:          3.8G       763M       3.1G       5.7M        62M       314M

MemTotal:        4016004 kB
MemFree:         3234912 kB
Active:           423852 kB
Mem:          3.8G       762M       3.1G       5.7M        62M       314M

MemTotal:        4016004 kB
MemFree:         3235384 kB
Active:           423884 kB
Mem:          3.8G       762M       3.1G       5.7M        62M       314M

MemTotal:        4016004 kB
MemFree:         3234996 kB
Active:           423908 kB
Mem:          3.8G       762M       3.1G       5.7M        62M       314M

MemTotal:        4016004 kB
MemFree:         3234668 kB
Active:           421812 kB
Mem:          3.8G       762M       3.1G       5.7M        62M       314M

MemTotal:        4016004 kB
MemFree:         3235396 kB
Active:           423880 kB
Mem:          3.8G       762M       3.1G       5.7M        62M       314M

MemTotal:        4016004 kB
MemFree:         3235256 kB
Active:           423892 kB
Mem:          3.8G       762M       3.1G       5.7M        62M       314M

MemTotal:        4016004 kB
MemFree:         3234868 kB
Active:           423924 kB
Mem:          3.8G       762M       3.1G       5.7M        62M       314M

MemTotal:        4016004 kB
MemFree:         3235224 kB
Active:           423880 kB
Mem:          3.8G       762M       3.1G       5.7M        62M       314M

MemTotal:        4016004 kB
MemFree:         3234960 kB
Active:           423924 kB
Mem:          3.8G       762M       3.1G       5.7M        62M       314M

MemTotal:        4016004 kB
MemFree:         3234820 kB
Active:           423876 kB
Mem:          3.8G       762M       3.1G       5.7M        62M       314M

MemTotal:        4016004 kB
MemFree:         3234928 kB
Active:           423888 kB
Mem:          3.8G       763M       3.1G       5.7M        62M       314M

MemTotal:        4016004 kB
MemFree:         3234788 kB
Active:           423932 kB
Mem:          3.8G       762M       3.1G       5.7M        62M       314M

MemTotal:        4016004 kB
MemFree:         3235144 kB
Active:           423884 kB
Mem:          3.8G       762M       3.1G       5.7M        62M       314M

MemTotal:        4016004 kB
MemFree:         3235060 kB
Active:           422004 kB
Mem:          3.8G       762M       3.1G       5.7M        62M       314M

MemTotal:        4016004 kB
MemFree:         3235264 kB
Active:           424060 kB
Mem:          3.8G       762M       3.1G       5.7M        62M       314M

MemTotal:        4016004 kB
MemFree:         3234768 kB
Active:           424064 kB
Mem:          3.8G       762M       3.1G       5.7M        62M       314M

MemTotal:        4016004 kB
MemFree:         3234396 kB
Active:           424064 kB
Mem:          3.8G       763M       3.1G       5.7M        62M       314M

MemTotal:        4016004 kB
MemFree:         3234768 kB
Active:           424020 kB
Mem:          3.8G       762M       3.1G       5.7M        62M       314M

MemTotal:        4016004 kB
MemFree:         3234644 kB
Active:           424072 kB
Mem:          3.8G       763M       3.1G       5.7M        62M       314M

MemTotal:        4016004 kB
MemFree:         3235016 kB
Active:           424016 kB
Mem:          3.8G       762M       3.1G       5.7M        62M       314M

MemTotal:        4016004 kB
MemFree:         3235140 kB
Active:           424028 kB
Mem:          3.8G       762M       3.1G       5.7M        62M       314M

MemTotal:        4016004 kB
MemFree:         3234892 kB
Active:           424028 kB
Mem:          3.8G       763M       3.1G       5.7M        62M       314M

MemTotal:        4016004 kB
MemFree:         3234892 kB
Active:           424028 kB
Mem:          3.8G       762M       3.1G       5.7M        62M       314M

MemTotal:        4016004 kB
MemFree:         3234520 kB
Active:           424064 kB
Mem:          3.8G       763M       3.1G       5.7M        62M       314M

MemTotal:        4016004 kB
MemFree:         3234520 kB
Active:           424072 kB
Mem:          3.8G       762M       3.1G       5.7M        62M       314M

MemTotal:        4016004 kB
MemFree:         3234768 kB
Active:           424084 kB
Mem:          3.8G       762M       3.1G       5.7M        62M       314M

MemTotal:        4016004 kB
MemFree:         3235140 kB
Active:           424068 kB
Mem:          3.8G       762M       3.1G       5.7M        62M       314M

MemTotal:        4016004 kB
MemFree:         3235204 kB
Active:           424040 kB
Mem:          3.8G       762M       3.1G       5.7M        62M       314M

MemTotal:        4016004 kB
MemFree:         3235204 kB
Active:           424052 kB
Mem:          3.8G       763M       3.1G       5.7M        62M       314M

MemTotal:        4016004 kB
MemFree:         3234956 kB
Active:           424056 kB
Mem:          3.8G       762M       3.1G       5.7M        62M       314M

MemTotal:        4016004 kB
MemFree:         3234708 kB
Active:           424108 kB
Mem:          3.8G       763M       3.1G       5.7M        62M       314M

MemTotal:        4016004 kB
MemFree:         3234708 kB
Active:           424060 kB
Mem:          3.8G       763M       3.1G       5.7M        62M       314M

MemTotal:        4016004 kB
MemFree:         3234212 kB
Active:           424108 kB
Mem:          3.8G       763M       3.1G       5.7M        62M       314M

MemTotal:        4016004 kB
MemFree:         3235188 kB
Active:           424060 kB
Mem:          3.8G       762M       3.1G       5.7M        62M       314M

MemTotal:        4016004 kB
MemFree:         3234924 kB
Active:           424060 kB
Mem:          3.8G       762M       3.1G       5.7M        62M       314M

MemTotal:        4016004 kB
MemFree:         3234660 kB
Active:           424120 kB
Mem:          3.8G       763M       3.1G       5.7M        62M       314M

MemTotal:        4016004 kB
MemFree:         3234908 kB
Active:           424108 kB
Mem:          3.8G       762M       3.1G       5.7M        62M       314M

MemTotal:        4016004 kB
MemFree:         3234892 kB
Active:           424084 kB
Mem:          3.8G       762M       3.1G       5.7M        62M       314M

MemTotal:        4016004 kB
MemFree:         3119844 kB
Active:           424636 kB
Mem:          3.8G       875M       3.0G       5.7M        62M       426M

MemTotal:        4016004 kB
MemFree:         3007128 kB
Active:           424648 kB
Mem:          3.8G       985M       2.9G       5.7M        62M       534M

MemTotal:        4016004 kB
MemFree:         2889304 kB
Active:           424652 kB
Mem:          3.8G       1.1G       2.8G       5.7M        62M       648M

MemTotal:        4016004 kB
MemFree:         2881700 kB
Active:           424656 kB
Mem:          3.8G       1.1G       2.7G       5.7M        62M       654M

MemTotal:        4016004 kB
MemFree:         2814856 kB
Active:           424652 kB
Mem:          3.8G       1.1G       2.7G       5.7M        62M       719M

MemTotal:        4016004 kB
MemFree:         2779824 kB
Active:           424852 kB
Mem:          3.8G       1.2G       2.7G       5.7M        62M       752M

MemTotal:        4016004 kB
MemFree:         2682536 kB
Active:           424848 kB
Mem:          3.8G       1.3G       2.6G       5.7M        62M       846M

MemTotal:        4016004 kB
MemFree:         2682148 kB
Active:           424856 kB
Mem:          3.8G       1.3G       2.6G       5.7M        62M       846M

MemTotal:        4016004 kB
MemFree:         2682260 kB
Active:           424864 kB
Mem:          3.8G       1.3G       2.6G       5.7M        62M       846M

MemTotal:        4016004 kB
MemFree:         2679636 kB
Active:           424864 kB
Mem:          3.8G       1.3G       2.6G       5.7M        62M       848M

MemTotal:        4016004 kB
MemFree:         2678844 kB
Active:           424868 kB
Mem:          3.8G       1.3G       2.6G       5.7M        62M       849M

MemTotal:        4016004 kB
MemFree:         2666352 kB
Active:           424872 kB
Mem:          3.8G       1.3G       2.5G       5.7M        62M       861M

MemTotal:        4016004 kB
MemFree:         2555664 kB
Active:           424876 kB
Mem:          3.8G       1.4G       2.4G       5.7M        62M       968M

MemTotal:        4016004 kB
MemFree:         2422060 kB
Active:           424908 kB
Mem:          3.8G       1.5G       2.3G       5.7M        62M       1.1G

MemTotal:        4016004 kB
MemFree:         2329832 kB
Active:           424908 kB
Mem:          3.8G       1.6G       2.2G       5.7M        62M       1.2G

MemTotal:        4016004 kB
MemFree:         2320804 kB
Active:           424912 kB
Mem:          3.8G       1.6G       2.2G       5.7M        62M       1.2G

MemTotal:        4016004 kB
MemFree:         2228284 kB
Active:           424904 kB
Mem:          3.8G       1.7G       2.1G       5.7M        62M       1.3G

MemTotal:        4016004 kB
MemFree:         2226160 kB
Active:           424896 kB
Mem:          3.8G       1.7G       2.1G       5.7M        62M       1.3G

MemTotal:        4016004 kB
MemFree:         2129924 kB
Active:           424892 kB
Mem:          3.8G       1.8G       2.0G       5.7M        62M       1.3G

MemTotal:        4016004 kB
MemFree:         2128684 kB
Active:           424892 kB
Mem:          3.8G       1.8G       2.0G       5.7M        62M       1.3G

MemTotal:        4016004 kB
MemFree:         2030492 kB
Active:           424896 kB
Mem:          3.8G       1.9G       1.9G       5.7M        62M       1.4G

MemTotal:        4016004 kB
MemFree:         2029608 kB
Active:           424924 kB
Mem:          3.8G       1.9G       1.9G       5.7M        62M       1.4G

MemTotal:        4016004 kB
MemFree:         2029520 kB
Active:           424936 kB
Mem:          3.8G       1.9G       1.9G       5.7M        62M       1.4G

MemTotal:        4016004 kB
MemFree:         2029444 kB
Active:           424984 kB
Mem:          3.8G       1.9G       1.9G       5.7M        62M       1.4G

MemTotal:        4016004 kB
MemFree:         2029308 kB
Active:           424948 kB
Mem:          3.8G       1.9G       1.9G       5.7M        62M       1.4G

MemTotal:        4016004 kB
MemFree:         1968812 kB
Active:           424968 kB
Mem:          3.8G       2.0G       1.9G       5.7M        62M       1.5G

MemTotal:        4016004 kB
MemFree:         1833488 kB
Active:           424944 kB
Mem:          3.8G       2.1G       1.7G       5.7M        62M       1.6G

MemTotal:        4016004 kB
MemFree:         1706288 kB
Active:           424968 kB
Mem:          3.8G       2.2G       1.6G       5.7M        62M       1.7G

MemTotal:        4016004 kB
MemFree:         1677448 kB
Active:           424984 kB
Mem:          3.8G       2.2G       1.6G       5.7M        62M       1.8G

MemTotal:        4016004 kB
MemFree:         1607324 kB
Active:           424980 kB
Mem:          3.8G       2.3G       1.5G       5.7M        62M       1.8G

MemTotal:        4016004 kB
MemFree:         1586028 kB
Active:           424992 kB
Mem:          3.8G       2.3G       1.5G       5.7M        62M       1.9G

MemTotal:        4016004 kB
MemFree:         1504468 kB
Active:           424980 kB
Mem:          3.8G       2.4G       1.4G       5.7M        62M       1.9G

MemTotal:        4016004 kB
MemFree:         1494068 kB
Active:           424976 kB
Mem:          3.8G       2.4G       1.4G       5.7M        62M       1.9G

MemTotal:        4016004 kB
MemFree:         1420084 kB
Active:           424996 kB
Mem:          3.8G       2.5G       1.4G       5.7M        62M       2.0G

MemTotal:        4016004 kB
MemFree:         1418796 kB
Active:           425016 kB
Mem:          3.8G       2.5G       1.4G       5.7M        62M       2.0G

MemTotal:        4016004 kB
MemFree:         1417896 kB
Active:           425016 kB
Mem:          3.8G       2.5G       1.4G       5.7M        62M       2.0G

MemTotal:        4016004 kB
MemFree:         1416880 kB
Active:           425008 kB
Mem:          3.8G       2.5G       1.4G       5.7M        62M       2.0G

MemTotal:        4016004 kB
MemFree:         1415100 kB
Active:           425020 kB
Mem:          3.8G       2.5G       1.3G       5.7M        62M       2.0G

MemTotal:        4016004 kB
MemFree:         1336284 kB
Active:           425036 kB
Mem:          3.8G       2.6G       1.3G       5.7M        62M       2.1G

MemTotal:        4016004 kB
MemFree:         1202820 kB
Active:           424992 kB
Mem:          3.8G       2.7G       1.1G       5.7M        62M       2.2G

MemTotal:        4016004 kB
MemFree:         1075060 kB
Active:           424996 kB
Mem:          3.8G       2.8G       1.0G       5.7M        62M       2.3G

MemTotal:        4016004 kB
MemFree:         1068460 kB
Active:           425016 kB
Mem:          3.8G       2.8G       1.0G       5.7M        62M       2.3G

MemTotal:        4016004 kB
MemFree:          985652 kB
Active:           425024 kB
Mem:          3.8G       2.9G       962M       5.7M        62M       2.4G

MemTotal:        4016004 kB
MemFree:          982228 kB
Active:           425024 kB
Mem:          3.8G       2.9G       958M       5.7M        62M       2.4G

MemTotal:        4016004 kB
MemFree:          903052 kB
Active:           425048 kB
Mem:          3.8G       3.0G       881M       5.7M        62M       2.5G

MemTotal:        4016004 kB
MemFree:          901552 kB
Active:           425360 kB
Mem:          3.8G       3.0G       880M       5.7M        62M       2.5G

MemTotal:        4016004 kB
MemFree:          900736 kB
Active:           425220 kB
Mem:          3.8G       3.0G       879M       5.7M        62M       2.5G

MemTotal:        4016004 kB
MemFree:          899060 kB
Active:           425156 kB
Mem:          3.8G       3.0G       877M       5.7M        62M       2.5G

MemTotal:        4016004 kB
MemFree:          898660 kB
Active:           425108 kB
Mem:          3.8G       3.0G       877M       5.7M        62M       2.5G

MemTotal:        4016004 kB
MemFree:          804548 kB
Active:           425132 kB
Mem:          3.8G       3.1G       784M       5.7M        62M       2.6G

MemTotal:        4016004 kB
MemFree:          671176 kB
Active:           425132 kB
Mem:          3.8G       3.2G       654M       5.7M        62M       2.7G

MemTotal:        4016004 kB
MemFree:          553272 kB
Active:           425128 kB
Mem:          3.8G       3.3G       539M       5.7M        62M       2.8G

MemTotal:        4016004 kB
MemFree:          549288 kB
Active:           425148 kB
Mem:          3.8G       3.3G       535M       5.7M        62M       2.8G

MemTotal:        4016004 kB
MemFree:          479344 kB
Active:           425180 kB
Mem:          3.8G       3.4G       467M       5.7M        62M       2.9G

MemTotal:        4016004 kB
MemFree:          422780 kB
Active:           425184 kB
Mem:          3.8G       3.4G       412M       5.7M        62M       2.9G

MemTotal:        4016004 kB
MemFree:          400480 kB
Active:           425328 kB
Mem:          3.8G       3.4G       390M       5.7M        62M       3.0G

MemTotal:        4016004 kB
MemFree:          329756 kB
Active:           425228 kB
Mem:          3.8G       3.5G       321M       5.7M        62M       3.0G

MemTotal:        4016004 kB
MemFree:          284480 kB
Active:           425244 kB
Mem:          3.8G       3.6G       277M       5.7M        62M       3.1G

MemTotal:        4016004 kB
MemFree:          254496 kB
Active:           425268 kB
Mem:          3.8G       3.6G       248M       5.7M        62M       3.1G

MemTotal:        4016004 kB
MemFree:          253588 kB
Active:           425288 kB
Mem:          3.8G       3.6G       247M       5.7M        62M       3.1G

MemTotal:        4016004 kB
MemFree:          253172 kB
Active:           425272 kB
Mem:          3.8G       3.6G       246M       5.7M        62M       3.1G

MemTotal:        4016004 kB
MemFree:          252664 kB
Active:           425304 kB
Mem:          3.8G       3.6G       246M       5.7M        62M       3.1G

MemTotal:        4016004 kB
MemFree:          229768 kB
Active:           425320 kB
Mem:          3.8G       3.6G       223M       5.7M        62M       3.1G

MemTotal:        4016004 kB
MemFree:          126556 kB
Active:           423512 kB
Mem:          3.8G       3.7G       132M       5.7M        27M       3.3G

MemTotal:        4016004 kB
MemFree:          134784 kB
Active:           487036 kB
Mem:          3.8G       3.7G       131M       5.7M        27M       3.3G

MemTotal:        4016004 kB
MemFree:          108052 kB
Active:           482448 kB
Mem:          3.8G       3.7G       128M       5.7M        27M       3.3G

MemTotal:        4016004 kB
MemFree:          134624 kB
Active:           459208 kB
Mem:          3.8G       3.7G       131M       5.7M        27M       3.3G

MemTotal:        4016004 kB
MemFree:          126676 kB
Active:           457288 kB
Mem:          3.8G       3.7G       123M       5.7M        27M       3.3G

MemTotal:        4016004 kB
MemFree:          136356 kB
Active:           452604 kB
Mem:          3.8G       3.7G       133M       5.7M        27M       3.3G

MemTotal:        4016004 kB
MemFree:          134104 kB
Active:           452572 kB
Mem:          3.8G       3.7G       130M       5.7M        27M       3.3G

MemTotal:        4016004 kB
MemFree:          133344 kB
Active:           452596 kB
Mem:          3.8G       3.7G       129M       5.7M        27M       3.3G

MemTotal:        4016004 kB
MemFree:          132248 kB
Active:           452600 kB
Mem:          3.8G       3.7G       128M       5.7M        27M       3.3G

MemTotal:        4016004 kB
MemFree:          131544 kB
Active:           441432 kB
Mem:          3.8G       3.7G       128M       5.7M        27M       3.3G

MemTotal:        4016004 kB
MemFree:          129044 kB
Active:           437204 kB
Mem:          3.8G       3.7G       125M       5.7M        27M       3.3G

MemTotal:        4016004 kB
MemFree:          130988 kB
Active:           432220 kB
Mem:          3.8G       3.7G       127M       5.7M        27M       3.3G

MemTotal:        4016004 kB
MemFree:          125484 kB
Active:           430308 kB
Mem:          3.8G       3.7G       122M       5.7M        27M       3.3G

MemTotal:        4016004 kB
MemFree:          127576 kB
Active:           428636 kB
Mem:          3.8G       3.7G       123M       5.7M        27M       3.3G

MemTotal:        4016004 kB
MemFree:          118172 kB
Active:           428008 kB
Mem:          3.8G       3.7G       115M       5.7M        27M       3.3G

MemTotal:        4016004 kB
MemFree:          106224 kB
Active:           426344 kB
Mem:          3.8G       3.7G       102M       5.7M        27M       3.3G

MemTotal:        4016004 kB
MemFree:          143212 kB
Active:           423016 kB
Mem:          3.8G       3.7G       139M       5.7M        27M       3.2G

MemTotal:        4016004 kB
MemFree:          142720 kB
Active:           423020 kB
Mem:          3.8G       3.7G       139M       5.7M        27M       3.2G

MemTotal:        4016004 kB
MemFree:          141704 kB
Active:           423040 kB
Mem:          3.8G       3.7G       138M       5.7M        27M       3.2G

MemTotal:        4016004 kB
MemFree:          140872 kB
Active:           423048 kB
Mem:          3.8G       3.7G       136M       5.7M        27M       3.2G

MemTotal:        4016004 kB
MemFree:          140680 kB
Active:           423056 kB
Mem:          3.8G       3.7G       137M       5.7M        27M       3.2G

MemTotal:        4016004 kB
MemFree:          117044 kB
Active:           419240 kB
Mem:          3.8G       3.7G       113M       5.7M        27M       3.3G

MemTotal:        4016004 kB
MemFree:          124552 kB
Active:           413080 kB
Mem:          3.8G       3.7G       120M       5.7M        27M       3.3G

MemTotal:        4016004 kB
MemFree:          141268 kB
Active:           409448 kB
Mem:          3.8G       3.7G       137M       5.7M        27M       3.2G

MemTotal:        4016004 kB
MemFree:          115132 kB
Active:           409328 kB
Mem:          3.8G       3.7G       112M       5.7M        27M       3.3G

MemTotal:        4016004 kB
MemFree:          136304 kB
Active:           406128 kB
Mem:          3.8G       3.7G       132M       5.7M        27M       3.3G

MemTotal:        4016004 kB
MemFree:          126876 kB
Active:           405636 kB
Mem:          3.8G       3.7G       123M       5.7M        27M       3.3G

MemTotal:        4016004 kB
MemFree:          114124 kB
Active:           405264 kB
Mem:          3.8G       3.7G       110M       5.7M        27M       3.3G

MemTotal:        4016004 kB
MemFree:          142648 kB
Active:           402588 kB
Mem:          3.8G       3.7G       139M       5.7M        27M       3.2G

MemTotal:        4016004 kB
MemFree:          142280 kB
Active:           402608 kB
Mem:          3.8G       3.7G       138M       5.7M        27M       3.2G

MemTotal:        4016004 kB
MemFree:          132976 kB
Active:           401824 kB
Mem:          3.8G       3.7G       129M       5.7M        27M       3.3G

MemTotal:        4016004 kB
MemFree:          119824 kB
Active:           398116 kB
Mem:          3.8G       3.7G       116M       5.7M        27M       3.3G

MemTotal:        4016004 kB
MemFree:          132308 kB
Active:           392060 kB
Mem:          3.8G       3.7G       139M       5.7M        27M       3.2G

MemTotal:        4016004 kB
MemFree:          126968 kB
Active:           388636 kB
Mem:          3.8G       3.7G       123M       5.7M        27M       3.3G

MemTotal:        4016004 kB
MemFree:          151192 kB
Active:           386684 kB
Mem:          3.8G       3.7G       147M       5.7M        27M       3.2G

MemTotal:        4016004 kB
MemFree:          150080 kB
Active:           386684 kB
Mem:          3.8G       3.7G       146M       5.7M        27M       3.2G

MemTotal:        4016004 kB
MemFree:          149780 kB
Active:           386700 kB
Mem:          3.8G       3.7G       146M       5.7M        27M       3.2G

MemTotal:        4016004 kB
MemFree:          149800 kB
Active:           386708 kB
Mem:          3.8G       3.7G       146M       5.7M        27M       3.2G

MemTotal:        4016004 kB
MemFree:          150148 kB
Active:           386732 kB
Mem:          3.8G       3.7G       146M       5.7M        27M       3.2G

MemTotal:        4016004 kB
MemFree:          149716 kB
Active:           386732 kB
Mem:          3.8G       3.7G       145M       5.7M        27M       3.2G

MemTotal:        4016004 kB
MemFree:          125848 kB
Active:           387428 kB
Mem:          3.8G       3.7G       122M       5.7M        27M       3.3G

MemTotal:        4016004 kB
MemFree:          128180 kB
Active:           384228 kB
Mem:          3.8G       3.7G       124M       5.7M        27M       3.3G

MemTotal:        4016004 kB
MemFree:          137960 kB
Active:           382448 kB
Mem:          3.8G       3.7G       134M       5.7M        27M       3.2G

MemTotal:        4016004 kB
MemFree:          137532 kB
Active:           382480 kB
Mem:          3.8G       3.7G       134M       5.7M        27M       3.2G

MemTotal:        4016004 kB
MemFree:          135456 kB
Active:           382456 kB
Mem:          3.8G       3.7G       131M       5.7M        27M       3.2G

MemTotal:        4016004 kB
MemFree:          134616 kB
Active:           382452 kB
Mem:          3.8G       3.7G       131M       5.7M        27M       3.2G

MemTotal:        4016004 kB
MemFree:          124808 kB
Active:           381944 kB
Mem:          3.8G       3.7G       121M       5.7M        27M       3.3G

MemTotal:        4016004 kB
MemFree:          129964 kB
Active:           377356 kB
Mem:          3.8G       3.7G       126M       5.7M        27M       3.3G

MemTotal:        4016004 kB
MemFree:          139984 kB
Active:           372636 kB
Mem:          3.8G       3.7G       135M       5.7M        27M       3.2G

MemTotal:        4016004 kB
MemFree:          136620 kB
Active:           370976 kB
Mem:          3.8G       3.7G       133M       5.7M        27M       3.2G

MemTotal:        4016004 kB
MemFree:          111788 kB
Active:           371036 kB
Mem:          3.8G       3.7G       108M       5.7M        27M       3.3G

MemTotal:        4016004 kB
MemFree:          123124 kB
Active:           370792 kB
Mem:          3.8G       3.7G       120M       5.7M        27M       3.3G

MemTotal:        4016004 kB
MemFree:          132984 kB
Active:           370148 kB
Mem:          3.8G       3.7G       129M       5.7M        27M       3.2G

MemTotal:        4016004 kB
MemFree:          128700 kB
Active:           370148 kB
Mem:          3.8G       3.7G       125M       5.7M        27M       3.3G

MemTotal:        4016004 kB
MemFree:          128080 kB
Active:           370116 kB
Mem:          3.8G       3.7G       124M       5.7M        27M       3.3G

MemTotal:        4016004 kB
MemFree:          125908 kB
Active:           370168 kB
Mem:          3.8G       3.7G       123M       5.7M        27M       3.3G

MemTotal:        4016004 kB
MemFree:          125264 kB
Active:           370124 kB
Mem:          3.8G       3.7G       122M       5.7M        27M       3.3G

MemTotal:        4016004 kB
MemFree:          124212 kB
Active:           370116 kB
Mem:          3.8G       3.7G       121M       5.7M        27M       3.3G

MemTotal:        4016004 kB
MemFree:          115404 kB
Active:           370140 kB
Mem:          3.8G       3.7G       112M       5.7M        27M       3.3G

MemTotal:        4016004 kB
MemFree:          122556 kB
Active:           370128 kB
Mem:          3.8G       3.7G       119M       5.7M        27M       3.3G

MemTotal:        4016004 kB
MemFree:          125016 kB
Active:           368556 kB
Mem:          3.8G       3.7G       121M       5.7M        27M       3.3G

MemTotal:        4016004 kB
MemFree:          132440 kB
Active:           368316 kB
Mem:          3.8G       3.7G       128M       5.7M        27M       3.2G

MemTotal:        4016004 kB
MemFree:          125532 kB
Active:           368200 kB
Mem:          3.8G       3.7G       122M       5.7M        27M       3.3G

MemTotal:        4016004 kB
MemFree:          123496 kB
Active:           368208 kB
Mem:          3.8G       3.7G       120M       5.7M        27M       3.3G

MemTotal:        4016004 kB
MemFree:          128220 kB
Active:           368244 kB
Mem:          3.8G       3.7G       138M       5.7M        27M       3.2G

MemTotal:        4016004 kB
MemFree:          126180 kB
Active:           368260 kB
Mem:          3.8G       3.7G       123M       5.7M        27M       3.3G

MemTotal:        4016004 kB
MemFree:          142072 kB
Active:           368260 kB
Mem:          3.8G       3.7G       138M       5.7M        27M       3.2G

MemTotal:        4016004 kB
MemFree:          142276 kB
Active:           368276 kB
Mem:          3.8G       3.7G       138M       5.7M        27M       3.2G

MemTotal:        4016004 kB
MemFree:          140720 kB
Active:           368280 kB
Mem:          3.8G       3.7G       137M       5.7M        27M       3.2G

MemTotal:        4016004 kB
MemFree:          139884 kB
Active:           368284 kB
Mem:          3.8G       3.7G       136M       5.7M        27M       3.2G

MemTotal:        4016004 kB
MemFree:          137172 kB
Active:           367116 kB
Mem:          3.8G       3.7G       133M       5.7M        27M       3.2G

MemTotal:        4016004 kB
MemFree:          127452 kB
Active:           367072 kB
Mem:          3.8G       3.7G       123M       5.7M        27M       3.3G

MemTotal:        4016004 kB
MemFree:          141676 kB
Active:           366404 kB
Mem:          3.8G       3.7G       137M       5.7M        27M       3.2G

MemTotal:        4016004 kB
MemFree:          144652 kB
Active:           366408 kB
Mem:          3.8G       3.7G       140M       5.7M        27M       3.2G

MemTotal:        4016004 kB
MemFree:          143652 kB
Active:           364876 kB
Mem:          3.8G       3.7G       139M       5.7M        27M       3.2G

MemTotal:        4016004 kB
MemFree:          126284 kB
Active:           364724 kB
Mem:          3.8G       3.7G       122M       5.7M        27M       3.3G

MemTotal:        4016004 kB
MemFree:          149688 kB
Active:           364724 kB
Mem:          3.8G       3.7G       145M       5.7M        27M       3.2G

MemTotal:        4016004 kB
MemFree:          146880 kB
Active:           364728 kB
Mem:          3.8G       3.7G       143M       5.7M        27M       3.2G

MemTotal:        4016004 kB
MemFree:          145456 kB
Active:           364756 kB
Mem:          3.8G       3.7G       141M       5.7M        27M       3.2G

MemTotal:        4016004 kB
MemFree:          144568 kB
Active:           364756 kB
Mem:          3.8G       3.7G       140M       5.7M        27M       3.2G

MemTotal:        4016004 kB
MemFree:          142296 kB
Active:           366804 kB
Mem:          3.8G       3.7G       138M       5.7M        27M       3.2G

MemTotal:        4016004 kB
MemFree:          141372 kB
Active:           366796 kB
Mem:          3.8G       3.7G       137M       5.7M        27M       3.2G

MemTotal:        4016004 kB
MemFree:          140496 kB
Active:           366800 kB
Mem:          3.8G       3.7G       136M       5.7M        27M       3.2G

MemTotal:        4016004 kB
MemFree:          140128 kB
Active:           366808 kB
Mem:          3.8G       3.7G       136M       5.7M        27M       3.2G

MemTotal:        4016004 kB
MemFree:          140288 kB
Active:           366812 kB
Mem:          3.8G       3.7G       137M       5.7M        27M       3.2G

MemTotal:        4016004 kB
MemFree:          144364 kB
Active:           365788 kB
Mem:          3.8G       3.7G       140M       5.7M        27M       3.2G

MemTotal:        4016004 kB
MemFree:          127488 kB
Active:           363744 kB
Mem:          3.8G       3.7G       124M       5.7M        27M       3.2G

MemTotal:        4016004 kB
MemFree:          145224 kB
Active:           363572 kB
Mem:          3.8G       3.7G       142M       5.7M        27M       3.2G

MemTotal:        4016004 kB
MemFree:          117012 kB
Active:           363580 kB
Mem:          3.8G       3.7G       114M       5.7M        27M       3.3G

MemTotal:        4016004 kB
MemFree:          147736 kB
Active:           363580 kB
Mem:          3.8G       3.7G       144M       5.7M        27M       3.2G

MemTotal:        4016004 kB
MemFree:          124240 kB
Active:           363580 kB
Mem:          3.8G       3.7G       121M       5.7M        27M       3.3G

MemTotal:        4016004 kB
MemFree:          140636 kB
Active:           363000 kB
Mem:          3.8G       3.7G       137M       5.7M        27M       3.2G

MemTotal:        4016004 kB
MemFree:          106496 kB
Active:           362856 kB
Mem:          3.8G       3.7G       103M       5.7M        27M       3.3G

MemTotal:        4016004 kB
MemFree:          106124 kB
Active:           362860 kB
Mem:          3.8G       3.7G       103M       5.7M        27M       3.3G

MemTotal:        4016004 kB
MemFree:          106220 kB
Active:           362872 kB
Mem:          3.8G       3.7G       103M       5.7M        27M       3.3G

MemTotal:        4016004 kB
MemFree:          105320 kB
Active:           362880 kB
Mem:          3.8G       3.7G       102M       5.7M        27M       3.3G

MemTotal:        4016004 kB
MemFree:          127012 kB
Active:           362892 kB
Mem:          3.8G       3.7G       123M       5.7M        27M       3.2G

MemTotal:        4016004 kB
MemFree:          138584 kB
Active:           362896 kB
Mem:          3.8G       3.7G       134M       5.7M        27M       3.2G

MemTotal:        4016004 kB
MemFree:          129952 kB
Active:           362900 kB
Mem:          3.8G       3.7G       126M       5.7M        27M       3.2G

MemTotal:        4016004 kB
MemFree:          132356 kB
Active:           360364 kB
Mem:          3.8G       3.7G       128M       5.7M        27M       3.2G

MemTotal:        4016004 kB
MemFree:          133564 kB
Active:           360256 kB
Mem:          3.8G       3.7G       129M       5.7M        27M       3.2G

MemTotal:        4016004 kB
MemFree:          142128 kB
Active:           360256 kB
Mem:          3.8G       3.7G       138M       5.7M        27M       3.2G

MemTotal:        4016004 kB
MemFree:          132312 kB
Active:           360256 kB
Mem:          3.8G       3.7G       128M       5.7M        27M       3.2G

MemTotal:        4016004 kB
MemFree:          105404 kB
Active:           360256 kB
Mem:          3.8G       3.7G       102M       5.7M        27M       3.3G

MemTotal:        4016004 kB
MemFree:          131084 kB
Active:           360148 kB
Mem:          3.8G       3.7G       127M       5.7M        27M       3.2G

MemTotal:        4016004 kB
MemFree:          135412 kB
Active:           360152 kB
Mem:          3.8G       3.7G       132M       5.7M        27M       3.2G

MemTotal:        4016004 kB
MemFree:          133932 kB
Active:           360164 kB
Mem:          3.8G       3.7G       130M       5.7M        27M       3.2G

MemTotal:        4016004 kB
MemFree:          132820 kB
Active:           360164 kB
Mem:          3.8G       3.7G       129M       5.7M        27M       3.2G

MemTotal:        4016004 kB
MemFree:          131916 kB
Active:           360164 kB
Mem:          3.8G       3.7G       128M       5.7M        27M       3.2G

MemTotal:        4016004 kB
MemFree:          124232 kB
Active:           360164 kB
Mem:          3.8G       3.7G       121M       5.7M        27M       3.3G

MemTotal:        4016004 kB
MemFree:          142648 kB
Active:           358464 kB
Mem:          3.8G       3.7G       138M       5.7M        27M       3.2G

MemTotal:        4016004 kB
MemFree:          137164 kB
Active:           358404 kB
Mem:          3.8G       3.7G       133M       5.7M        27M       3.2G

MemTotal:        4016004 kB
MemFree:          152144 kB
Active:           358408 kB
Mem:          3.8G       3.7G       148M       5.7M        27M       3.2G

MemTotal:        4016004 kB
MemFree:          119328 kB
Active:           358408 kB
Mem:          3.8G       3.7G       116M       5.7M        27M       3.3G

MemTotal:        4016004 kB
MemFree:          127112 kB
Active:           358420 kB
Mem:          3.8G       3.7G       123M       5.7M        27M       3.2G

MemTotal:        4016004 kB
MemFree:          106568 kB
Active:           358428 kB
Mem:          3.8G       3.7G       103M       5.7M        27M       3.3G

MemTotal:        4016004 kB
MemFree:          141404 kB
Active:           358432 kB
Mem:          3.8G       3.7G       137M       5.7M        27M       3.2G

MemTotal:        4016004 kB
MemFree:          141032 kB
Active:           358440 kB
Mem:          3.8G       3.7G       137M       5.7M        27M       3.2G

MemTotal:        4016004 kB
MemFree:          140336 kB
Active:           358440 kB
Mem:          3.8G       3.7G       136M       5.7M        27M       3.2G

MemTotal:        4016004 kB
MemFree:          139616 kB
Active:           358440 kB
Mem:          3.8G       3.7G       136M       5.7M        27M       3.2G

MemTotal:        4016004 kB
MemFree:          124944 kB
Active:           358448 kB
Mem:          3.8G       3.7G       121M       5.7M        27M       3.2G

MemTotal:        4016004 kB
MemFree:          117052 kB
Active:           355472 kB
Mem:          3.8G       3.7G       113M       5.7M        27M       3.3G

MemTotal:        4016004 kB
MemFree:          137132 kB
Active:           355472 kB
Mem:          3.8G       3.7G       133M       5.7M        27M       3.2G

MemTotal:        4016004 kB
MemFree:          126384 kB
Active:           355476 kB
Mem:          3.8G       3.7G       122M       5.7M        27M       3.2G

MemTotal:        4016004 kB
MemFree:          129808 kB
Active:           355476 kB
Mem:          3.8G       3.7G       126M       5.7M        27M       3.2G

MemTotal:        4016004 kB
MemFree:          129020 kB
Active:           355500 kB
Mem:          3.8G       3.7G       125M       5.7M        27M       3.2G

MemTotal:        4016004 kB
MemFree:          140884 kB
Active:           353476 kB
Mem:          3.8G       3.7G       137M       5.7M        27M       3.2G

MemTotal:        4016004 kB
MemFree:          126400 kB
Active:           353432 kB
Mem:          3.8G       3.7G       122M       5.7M        27M       3.2G

MemTotal:        4016004 kB
MemFree:          141928 kB
Active:           353432 kB
Mem:          3.8G       3.7G       138M       5.7M        27M       3.2G

MemTotal:        4016004 kB
MemFree:          141516 kB
Active:           353444 kB
Mem:          3.8G       3.7G       137M       5.7M        27M       3.2G

MemTotal:        4016004 kB
MemFree:          140836 kB
Active:           353444 kB
Mem:          3.8G       3.7G       137M       5.7M        27M       3.2G

MemTotal:        4016004 kB
MemFree:          141068 kB
Active:           353448 kB
Mem:          3.8G       3.7G       137M       5.7M        27M       3.2G

MemTotal:        4016004 kB
MemFree:          126484 kB
Active:           353452 kB
Mem:          3.8G       3.7G       122M       5.7M        27M       3.2G

MemTotal:        4016004 kB
MemFree:          116804 kB
Active:           353456 kB
Mem:          3.8G       3.7G       113M       5.7M        27M       3.3G

MemTotal:        4016004 kB
MemFree:          130560 kB
Active:           353456 kB
Mem:          3.8G       3.7G       126M       5.7M        27M       3.2G

MemTotal:        4016004 kB
MemFree:          127072 kB
Active:           353468 kB
Mem:          3.8G       3.7G       123M       5.7M        27M       3.2G

MemTotal:        4016004 kB
MemFree:          138892 kB
Active:           351540 kB
Mem:          3.8G       3.7G       134M       5.7M        27M       3.2G

MemTotal:        4016004 kB
MemFree:          131180 kB
Active:           351488 kB
Mem:          3.8G       3.7G       127M       5.7M        27M       3.2G

MemTotal:        4016004 kB
MemFree:          149128 kB
Active:           351488 kB
Mem:          3.8G       3.7G       145M       5.7M        27M       3.2G

MemTotal:        4016004 kB
MemFree:          148416 kB
Active:           351524 kB
Mem:          3.8G       3.7G       144M       5.7M        27M       3.2G

MemTotal:        4016004 kB
MemFree:          147064 kB
Active:           351532 kB
Mem:          3.8G       3.7G       143M       5.7M        27M       3.2G

MemTotal:        4016004 kB
MemFree:          147176 kB
Active:           351536 kB
Mem:          3.8G       3.7G       143M       5.7M        27M       3.2G

MemTotal:        4016004 kB
MemFree:          147208 kB
Active:           351536 kB
Mem:          3.8G       3.7G       143M       5.7M        27M       3.2G

MemTotal:        4016004 kB
MemFree:          134488 kB
Active:           351536 kB
Mem:          3.8G       3.7G       131M       5.7M        27M       3.2G

MemTotal:        4016004 kB
MemFree:          131996 kB
Active:           351552 kB
Mem:          3.8G       3.7G       128M       5.7M        27M       3.2G

MemTotal:        4016004 kB
MemFree:          130976 kB
Active:           351552 kB
Mem:          3.8G       3.7G       127M       5.7M        27M       3.2G

MemTotal:        4016004 kB
MemFree:          128964 kB
Active:           351552 kB
Mem:          3.8G       3.7G       125M       5.7M        27M       3.2G

MemTotal:        4016004 kB
MemFree:          132348 kB
Active:           351556 kB
Mem:          3.8G       3.7G       128M       5.7M        27M       3.2G

MemTotal:        4016004 kB
MemFree:          115624 kB
Active:           351560 kB
Mem:          3.8G       3.7G       112M       5.7M        27M       3.3G

MemTotal:        4016004 kB
MemFree:          124096 kB
Active:           351996 kB
Mem:          3.8G       3.7G       120M       5.7M        27M       3.2G

MemTotal:        4016004 kB
MemFree:          129160 kB
Active:           351844 kB
Mem:          3.8G       3.7G       125M       5.7M        27M       3.2G

MemTotal:        4016004 kB
MemFree:          129152 kB
Active:           351844 kB
Mem:          3.8G       3.7G       125M       5.7M        27M       3.2G

MemTotal:        4016004 kB
MemFree:          105592 kB
Active:           351844 kB
Mem:          3.8G       3.7G       102M       5.7M        27M       3.3G

MemTotal:        4016004 kB
MemFree:          139632 kB
Active:           351848 kB
Mem:          3.8G       3.7G       135M       5.7M        27M       3.2G

MemTotal:        4016004 kB
MemFree:          130416 kB
Active:           351848 kB
Mem:          3.8G       3.7G       126M       5.7M        27M       3.2G

MemTotal:        4016004 kB
MemFree:          129624 kB
Active:           351860 kB
Mem:          3.8G       3.7G       126M       5.7M        27M       3.2G

MemTotal:        4016004 kB
MemFree:          129596 kB
Active:           351864 kB
Mem:          3.8G       3.7G       126M       5.7M        27M       3.2G

MemTotal:        4016004 kB
MemFree:          129788 kB
Active:           351864 kB
Mem:          3.8G       3.7G       126M       5.7M        27M       3.2G

MemTotal:        4016004 kB
MemFree:          114076 kB
Active:           351868 kB
Mem:          3.8G       3.7G       111M       5.7M        27M       3.3G

MemTotal:        4016004 kB
MemFree:          132248 kB
Active:           351868 kB
Mem:          3.8G       3.7G       128M       5.7M        27M       3.2G

MemTotal:        4016004 kB
MemFree:          132628 kB
Active:           351868 kB
Mem:          3.8G       3.7G       128M       5.7M        27M       3.2G

MemTotal:        4016004 kB
MemFree:          125092 kB
Active:           351888 kB
Mem:          3.8G       3.7G       121M       5.7M        27M       3.2G

MemTotal:        4016004 kB
MemFree:          110892 kB
Active:           351888 kB
Mem:          3.8G       3.7G       107M       5.7M        27M       3.3G

MemTotal:        4016004 kB
MemFree:          124448 kB
Active:           350848 kB
Mem:          3.8G       3.7G       121M       5.7M        27M       3.2G

MemTotal:        4016004 kB
MemFree:          136732 kB
Active:           350852 kB
Mem:          3.8G       3.7G       133M       5.7M        27M       3.2G

MemTotal:        4016004 kB
MemFree:          136176 kB
Active:           350856 kB
Mem:          3.8G       3.7G       132M       5.7M        27M       3.2G

MemTotal:        4016004 kB
MemFree:          136272 kB
Active:           350860 kB
Mem:          3.8G       3.7G       132M       5.7M        27M       3.2G

MemTotal:        4016004 kB
MemFree:          135900 kB
Active:           350996 kB
Mem:          3.8G       3.7G       132M       5.7M        27M       3.2G

MemTotal:        4016004 kB
MemFree:          118100 kB
Active:           351940 kB
Mem:          3.8G       3.7G       115M       5.7M        27M       3.2G

MemTotal:        4016004 kB
MemFree:          118132 kB
Active:           351876 kB
Mem:          3.8G       3.7G       115M       5.7M        27M       3.2G

MemTotal:        4016004 kB
MemFree:          118132 kB
Active:           351876 kB
Mem:          3.8G       3.7G       115M       5.7M        27M       3.2G

MemTotal:        4016004 kB
MemFree:          118008 kB
Active:           351876 kB
Mem:          3.8G       3.7G       114M       5.7M        27M       3.2G

MemTotal:        4016004 kB
MemFree:          117760 kB
Active:           351884 kB
Mem:          3.8G       3.7G       115M       5.7M        27M       3.2G

MemTotal:        4016004 kB
MemFree:          117760 kB
Active:           351884 kB
Mem:          3.8G       3.7G       115M       5.7M        27M       3.2G

MemTotal:        4016004 kB
MemFree:          117760 kB
Active:           351884 kB
Mem:          3.8G       3.7G       115M       5.7M        27M       3.2G

MemTotal:        4016004 kB
MemFree:          117636 kB
Active:           351884 kB
Mem:          3.8G       3.7G       114M       5.7M        27M       3.2G

MemTotal:        4016004 kB
MemFree:          117636 kB
Active:           351884 kB
Mem:          3.8G       3.7G       114M       5.7M        27M       3.2G

MemTotal:        4016004 kB
MemFree:          117628 kB
Active:           350880 kB
Mem:          3.8G       3.7G       114M       5.7M        27M       3.2G

MemTotal:        4016004 kB
MemFree:          117632 kB
Active:           352796 kB
Mem:          3.8G       3.7G       115M       5.7M        27M       3.2G

MemTotal:        4016004 kB
MemFree:          117880 kB
Active:           352796 kB
Mem:          3.8G       3.7G       115M       5.7M        27M       3.2G

MemTotal:        4016004 kB
MemFree:          117880 kB
Active:           352796 kB
Mem:          3.8G       3.7G       115M       5.7M        27M       3.2G

MemTotal:        4016004 kB
MemFree:          117756 kB
Active:           352800 kB
Mem:          3.8G       3.7G       114M       5.7M        27M       3.2G

MemTotal:        4016004 kB
MemFree:          117756 kB
Active:           352800 kB
Mem:          3.8G       3.7G       114M       5.7M        27M       3.2G

MemTotal:        4016004 kB
MemFree:          117440 kB
Active:           352592 kB
Mem:          3.8G       3.7G       114M       5.7M        27M       3.2G

MemTotal:        4016004 kB
MemFree:          117316 kB
Active:           352584 kB
Mem:          3.8G       3.7G       114M       5.7M        27M       3.2G

MemTotal:        4016004 kB
MemFree:          117316 kB
Active:           352592 kB
Mem:          3.8G       3.7G       114M       5.7M        27M       3.2G

MemTotal:        4016004 kB
MemFree:          117564 kB
Active:           352596 kB
Mem:          3.8G       3.7G       114M       5.7M        27M       3.2G

MemTotal:        4016004 kB
MemFree:          117440 kB
Active:           352568 kB
Mem:          3.8G       3.7G       114M       5.7M        27M       3.2G

MemTotal:        4016004 kB
MemFree:          116820 kB
Active:           352604 kB
Mem:          3.8G       3.7G       114M       5.7M        27M       3.2G

MemTotal:        4016004 kB
MemFree:          117192 kB
Active:           352556 kB
Mem:          3.8G       3.7G       114M       5.7M        27M       3.2G

MemTotal:        4016004 kB
MemFree:          117192 kB
Active:           352572 kB
Mem:          3.8G       3.7G       114M       5.7M        27M       3.2G

MemTotal:        4016004 kB
MemFree:          116820 kB
Active:           352620 kB
Mem:          3.8G       3.7G       114M       5.7M        27M       3.2G

MemTotal:        4016004 kB
MemFree:          116448 kB
Active:           352624 kB
Mem:          3.8G       3.7G       113M       5.7M        27M       3.2G

MemTotal:        4016004 kB
MemFree:          116448 kB
Active:           352624 kB
Mem:          3.8G       3.7G       113M       5.7M        27M       3.2G

MemTotal:        4016004 kB
MemFree:          116696 kB
Active:           352624 kB
Mem:          3.8G       3.7G       113M       5.7M        27M       3.2G

MemTotal:        4016004 kB
MemFree:          116588 kB
Active:           352628 kB
Mem:          3.8G       3.7G       113M       5.7M        27M       3.2G

MemTotal:        4016004 kB
MemFree:          116740 kB
Active:           352580 kB
Mem:          3.8G       3.7G       114M       5.7M        27M       3.2G

MemTotal:        4016004 kB
MemFree:          116836 kB
Active:           352580 kB
Mem:          3.8G       3.7G       114M       5.7M        27M       3.2G

MemTotal:        4016004 kB
MemFree:          116960 kB
Active:           352596 kB
Mem:          3.8G       3.7G       113M       5.7M        27M       3.2G

MemTotal:        4016004 kB
MemFree:          116464 kB
Active:           352628 kB
Mem:          3.8G       3.7G       113M       5.7M        27M       3.2G

MemTotal:        4016004 kB
MemFree:          116588 kB
Active:           352628 kB
Mem:          3.8G       3.7G       113M       5.7M        27M       3.2G

MemTotal:        4016004 kB
MemFree:          117084 kB
Active:           352628 kB
Mem:          3.8G       3.7G       114M       5.7M        27M       3.2G

MemTotal:        4016004 kB
MemFree:          117084 kB
Active:           352632 kB
Mem:          3.8G       3.7G       114M       5.7M        27M       3.2G

MemTotal:        4016004 kB
MemFree:          117580 kB
Active:           352588 kB
Mem:          3.8G       3.7G       114M       5.7M        27M       3.2G

MemTotal:        4016004 kB
MemFree:          117580 kB
Active:           352632 kB
Mem:          3.8G       3.7G       114M       5.7M        27M       3.2G

MemTotal:        4016004 kB
MemFree:          117456 kB
Active:           352584 kB
Mem:          3.8G       3.7G       114M       5.7M        27M       3.2G

MemTotal:        4016004 kB
MemFree:          117084 kB
Active:           352644 kB
Mem:          3.8G       3.7G       114M       5.7M        27M       3.2G

MemTotal:        4016004 kB
MemFree:          115532 kB
Active:           352636 kB
Mem:          3.8G       3.7G       112M       5.7M        27M       3.2G

MemTotal:        4016004 kB
MemFree:          114912 kB
Active:           354684 kB
Mem:          3.8G       3.7G       112M       5.7M        27M       3.2G

MemTotal:        4016004 kB
MemFree:          115408 kB
Active:           354652 kB
Mem:          3.8G       3.7G       112M       5.7M        27M       3.2G

MemTotal:        4016004 kB
MemFree:          114540 kB
Active:           354684 kB
Mem:          3.8G       3.7G       111M       5.7M        27M       3.2G

MemTotal:        4016004 kB
MemFree:          114912 kB
Active:           354628 kB
Mem:          3.8G       3.7G       112M       5.7M        27M       3.2G

MemTotal:        4016004 kB
MemFree:          114788 kB
Active:           354676 kB
Mem:          3.8G       3.7G       112M       5.7M        27M       3.2G

MemTotal:        4016004 kB
MemFree:          114912 kB
Active:           354628 kB
Mem:          3.8G       3.7G       112M       5.7M        27M       3.2G

MemTotal:        4016004 kB
MemFree:          114664 kB
Active:           354636 kB
Mem:          3.8G       3.7G       112M       5.7M        27M       3.2G

MemTotal:        4016004 kB
MemFree:          114292 kB
Active:           354692 kB
Mem:          3.8G       3.7G       111M       5.7M        27M       3.2G

MemTotal:        4016004 kB
MemFree:          114912 kB
Active:           354676 kB
Mem:          3.8G       3.7G       112M       5.7M        27M       3.2G

MemTotal:        4016004 kB
MemFree:          112864 kB
Active:           354636 kB
Mem:          3.8G       3.7G       110M       5.7M        27M       3.2G

MemTotal:        4016004 kB
MemFree:          113236 kB
Active:           356676 kB
Mem:          3.8G       3.7G       110M       5.7M        27M       3.2G

MemTotal:        4016004 kB
MemFree:          112864 kB
Active:           356720 kB
Mem:          3.8G       3.7G       110M       5.7M        27M       3.2G

MemTotal:        4016004 kB
MemFree:          113112 kB
Active:           356724 kB
Mem:          3.8G       3.7G       110M       5.7M        27M       3.2G

MemTotal:        4016004 kB
MemFree:          113732 kB
Active:           356732 kB
Mem:          3.8G       3.7G       110M       5.7M        27M       3.2G

MemTotal:        4016004 kB
MemFree:          113236 kB
Active:           356744 kB
Mem:          3.8G       3.7G       110M       5.7M        27M       3.2G

MemTotal:        4016004 kB
MemFree:          113608 kB
Active:           356708 kB
Mem:          3.8G       3.7G       110M       5.7M        27M       3.2G

MemTotal:        4016004 kB
MemFree:          113608 kB
Active:           356728 kB
Mem:          3.8G       3.7G       110M       5.7M        27M       3.2G

MemTotal:        4016004 kB
MemFree:          113608 kB
Active:           356696 kB
Mem:          3.8G       3.7G       110M       5.7M        27M       3.2G

MemTotal:        4016004 kB
MemFree:          113856 kB
Active:           356704 kB
Mem:          3.8G       3.7G       110M       5.7M        27M       3.2G

MemTotal:        4016004 kB
MemFree:          113484 kB
Active:           356728 kB
Mem:          3.8G       3.7G       110M       5.7M        27M       3.2G

MemTotal:        4016004 kB
MemFree:          113516 kB
Active:           356748 kB
Mem:          3.8G       3.7G       111M       5.7M        27M       3.2G

MemTotal:        4016004 kB
MemFree:          113516 kB
Active:           356704 kB
Mem:          3.8G       3.7G       110M       5.7M        27M       3.2G

MemTotal:        4016004 kB
MemFree:          113392 kB
Active:           356712 kB
Mem:          3.8G       3.7G       110M       5.7M        27M       3.2G

MemTotal:        4016004 kB
MemFree:          113392 kB
Active:           356700 kB
Mem:          3.8G       3.7G       110M       5.7M        27M       3.2G

MemTotal:        4016004 kB
MemFree:          113144 kB
Active:           356704 kB
Mem:          3.8G       3.7G       110M       5.7M        27M       3.2G

MemTotal:        4016004 kB
MemFree:          113268 kB
Active:           356712 kB
Mem:          3.8G       3.7G       110M       5.7M        27M       3.2G

MemTotal:        4016004 kB
MemFree:          113268 kB
Active:           356704 kB
Mem:          3.8G       3.7G       110M       5.7M        27M       3.2G

MemTotal:        4016004 kB
MemFree:          113268 kB
Active:           356712 kB
Mem:          3.8G       3.7G       110M       5.7M        27M       3.2G

MemTotal:        4016004 kB
MemFree:          113020 kB
Active:           356756 kB
Mem:          3.8G       3.7G       110M       5.7M        27M       3.2G

MemTotal:        4016004 kB
MemFree:          113020 kB
Active:           356756 kB
Mem:          3.8G       3.7G       110M       5.7M        27M       3.2G

MemTotal:        4016004 kB
MemFree:          113392 kB
Active:           356752 kB
Mem:          3.8G       3.7G       110M       5.7M        27M       3.2G

MemTotal:        4016004 kB
MemFree:          113516 kB
Active:           356708 kB
Mem:          3.8G       3.7G       110M       5.7M        27M       3.2G

MemTotal:        4016004 kB
MemFree:          113392 kB
Active:           356740 kB
Mem:          3.8G       3.7G       110M       5.7M        27M       3.2G

MemTotal:        4016004 kB
MemFree:          113020 kB
Active:           356764 kB
Mem:          3.8G       3.7G       110M       5.7M        27M       3.2G

MemTotal:        4016004 kB
MemFree:          113392 kB
Active:           356728 kB
Mem:          3.8G       3.7G       110M       5.7M        27M       3.2G

MemTotal:        4016004 kB
MemFree:          113144 kB
Active:           356772 kB
Mem:          3.8G       3.7G       110M       5.7M        27M       3.2G

MemTotal:        4016004 kB
MemFree:          113392 kB
Active:           356740 kB
Mem:          3.8G       3.7G       110M       5.7M        27M       3.2G

MemTotal:        4016004 kB
MemFree:          113020 kB
Active:           356772 kB
Mem:          3.8G       3.7G       110M       5.7M        27M       3.2G

MemTotal:        4016004 kB
MemFree:          113392 kB
Active:           356720 kB
Mem:          3.8G       3.7G       110M       5.7M        27M       3.2G

MemTotal:        4016004 kB
MemFree:          111344 kB
Active:           356720 kB
Mem:          3.8G       3.7G       108M       5.7M        27M       3.2G

MemTotal:        4016004 kB
MemFree:          110972 kB
Active:           358796 kB
Mem:          3.8G       3.7G       108M       5.7M        27M       3.2G

MemTotal:        4016004 kB
MemFree:          111220 kB
Active:           358756 kB
Mem:          3.8G       3.7G       108M       5.7M        27M       3.2G

MemTotal:        4016004 kB
MemFree:          111344 kB
Active:           358756 kB
Mem:          3.8G       3.7G       108M       5.7M        27M       3.2G

MemTotal:        4016004 kB
MemFree:          111468 kB
Active:           358760 kB
Mem:          3.8G       3.7G       108M       5.7M        27M       3.2G

MemTotal:        4016004 kB
MemFree:          111468 kB
Active:           358748 kB
Mem:          3.8G       3.7G       108M       5.7M        27M       3.2G

MemTotal:        4016004 kB
MemFree:          111344 kB
Active:           358772 kB
Mem:          3.8G       3.7G       108M       5.7M        27M       3.2G

MemTotal:        4016004 kB
MemFree:          111468 kB
Active:           358772 kB
Mem:          3.8G       3.7G       108M       5.7M        27M       3.2G

MemTotal:        4016004 kB
MemFree:          111344 kB
Active:           358768 kB
Mem:          3.8G       3.7G       108M       5.7M        27M       3.2G

MemTotal:        4016004 kB
MemFree:          111344 kB
Active:           358800 kB
Mem:          3.8G       3.7G       108M       5.7M        27M       3.2G

MemTotal:        4016004 kB
MemFree:          111344 kB
Active:           358796 kB
Mem:          3.8G       3.7G       108M       5.7M        27M       3.2G

MemTotal:        4016004 kB
MemFree:          111468 kB
Active:           358756 kB
Mem:          3.8G       3.7G       108M       5.7M        27M       3.2G

MemTotal:        4016004 kB
MemFree:          111468 kB
Active:           358752 kB
Mem:          3.8G       3.7G       108M       5.7M        27M       3.2G

MemTotal:        4016004 kB
MemFree:          111468 kB
Active:           358760 kB
Mem:          3.8G       3.7G       108M       5.7M        27M       3.2G

MemTotal:        4016004 kB
MemFree:          111468 kB
Active:           358768 kB
Mem:          3.8G       3.7G       108M       5.7M        27M       3.2G

MemTotal:        4016004 kB
MemFree:          111220 kB
Active:           358764 kB
Mem:          3.8G       3.7G       108M       5.7M        27M       3.2G

MemTotal:        4016004 kB
MemFree:          111344 kB
Active:           358772 kB
Mem:          3.8G       3.7G       108M       5.7M        27M       3.2G

MemTotal:        4016004 kB
MemFree:          111344 kB
Active:           358784 kB
Mem:          3.8G       3.7G       108M       5.7M        27M       3.2G

MemTotal:        4016004 kB
MemFree:          111188 kB
Active:           358800 kB
Mem:          3.8G       3.7G       108M       5.7M        27M       3.2G

MemTotal:        4016004 kB
MemFree:          111204 kB
Active:           358768 kB
Mem:          3.8G       3.7G       108M       5.7M        27M       3.2G

MemTotal:        4016004 kB
MemFree:          110352 kB
Active:           358820 kB
Mem:          3.8G       3.7G       108M       5.7M        27M       3.2G

MemTotal:        4016004 kB
MemFree:          110476 kB
Active:           358820 kB
Mem:          3.8G       3.7G       108M       5.7M        27M       3.2G

MemTotal:        4016004 kB
MemFree:          110740 kB
Active:           358768 kB
Mem:          3.8G       3.7G       108M       5.7M        28M       3.2G

MemTotal:        4016004 kB
MemFree:          110740 kB
Active:           358828 kB
Mem:          3.8G       3.7G       108M       5.7M        28M       3.2G

MemTotal:        4016004 kB
MemFree:          110740 kB
Active:           358784 kB
Mem:          3.8G       3.7G       108M       5.7M        28M       3.2G

MemTotal:        4016004 kB
MemFree:          110848 kB
Active:           358792 kB
Mem:          3.8G       3.7G       108M       5.7M        28M       3.2G

MemTotal:        4016004 kB
MemFree:          111112 kB
Active:           358820 kB
Mem:          3.8G       3.7G       108M       5.7M        28M       3.2G

MemTotal:        4016004 kB
MemFree:          110956 kB
Active:           358796 kB
Mem:          3.8G       3.7G       108M       5.7M        28M       3.2G

MemTotal:        4016004 kB
MemFree:          110848 kB
Active:           358828 kB
Mem:          3.8G       3.7G       108M       5.7M        28M       3.2G

MemTotal:        4016004 kB
MemFree:          111096 kB
Active:           358824 kB
Mem:          3.8G       3.7G       108M       5.7M        28M       3.2G

MemTotal:        4016004 kB
MemFree:          109080 kB
Active:           358836 kB
Mem:          3.8G       3.7G       106M       5.7M        28M       3.2G

MemTotal:        4016004 kB
MemFree:          109048 kB
Active:           360880 kB
Mem:          3.8G       3.7G       106M       5.7M        28M       3.2G

MemTotal:        4016004 kB
MemFree:          109064 kB
Active:           360832 kB
Mem:          3.8G       3.7G       106M       5.7M        28M       3.2G

MemTotal:        4016004 kB
MemFree:          108940 kB
Active:           360944 kB
Mem:          3.8G       3.7G       106M       5.7M        28M       3.2G

MemTotal:        4016004 kB
MemFree:          109048 kB
Active:           360932 kB
Mem:          3.8G       3.7G       106M       5.7M        28M       3.2G

MemTotal:        4016004 kB
MemFree:          109032 kB
Active:           360844 kB
Mem:          3.8G       3.7G       106M       5.7M        28M       3.2G

MemTotal:        4016004 kB
MemFree:          108940 kB
Active:           360852 kB
Mem:          3.8G       3.7G       106M       5.7M        28M       3.2G

MemTotal:        4016004 kB
MemFree:          108552 kB
Active:           361016 kB
Mem:          3.8G       3.7G       106M       5.7M        28M       3.2G

MemTotal:        4016004 kB
MemFree:          109156 kB
Active:           360884 kB
Mem:          3.8G       3.7G       106M       5.7M        28M       3.2G

MemTotal:        4016004 kB
MemFree:          108972 kB
Active:           360968 kB
Mem:          3.8G       3.7G       106M       5.7M        28M       3.2G

MemTotal:        4016004 kB
MemFree:          109152 kB
Active:           360964 kB
Mem:          3.8G       3.7G       106M       5.7M        28M       3.2G

MemTotal:        4016004 kB
MemFree:          108352 kB
Active:           360960 kB
Mem:          3.8G       3.7G       105M       5.7M        28M       3.2G

MemTotal:        4016004 kB
MemFree:          108304 kB
Active:           360892 kB
Mem:          3.8G       3.7G       106M       5.7M        28M       3.2G

MemTotal:        4016004 kB
MemFree:          108552 kB
Active:           360856 kB
Mem:          3.8G       3.7G       105M       5.7M        28M       3.2G

MemTotal:        4016004 kB
MemFree:          108676 kB
Active:           361012 kB
Mem:          3.8G       3.7G       106M       5.7M        28M       3.2G

MemTotal:        4016004 kB
MemFree:          108908 kB
Active:           360844 kB
Mem:          3.8G       3.7G       106M       5.7M        28M       3.2G

MemTotal:        4016004 kB
MemFree:          108568 kB
Active:           361032 kB
Mem:          3.8G       3.7G       106M       5.7M        28M       3.2G

MemTotal:        4016004 kB
MemFree:          109032 kB
Active:           360760 kB
Mem:          3.8G       3.7G       106M       5.7M        28M       3.2G

MemTotal:        4016004 kB
MemFree:          108428 kB
Active:           360976 kB
Mem:          3.8G       3.7G       106M       5.7M        28M       3.2G

MemTotal:        4016004 kB
MemFree:          109032 kB
Active:           360732 kB
Mem:          3.8G       3.7G       106M       5.7M        28M       3.2G

MemTotal:        4016004 kB
MemFree:          109032 kB
Active:           360812 kB
Mem:          3.8G       3.7G       106M       5.7M        28M       3.2G

MemTotal:        4016004 kB
MemFree:          108708 kB
Active:           360964 kB
Mem:          3.8G       3.7G       106M       5.7M        28M       3.2G

MemTotal:        4016004 kB
MemFree:          109220 kB
Active:           360748 kB
Mem:          3.8G       3.7G       106M       5.7M        28M       3.2G

MemTotal:        4016004 kB
MemFree:          109360 kB
Active:           360868 kB
Mem:          3.8G       3.7G       106M       5.7M        28M       3.2G

MemTotal:        4016004 kB
MemFree:          109112 kB
Active:           360892 kB
Mem:          3.8G       3.7G       106M       5.7M        28M       3.2G

MemTotal:        4016004 kB
MemFree:          108740 kB
Active:           360908 kB
Mem:          3.8G       3.7G       106M       5.7M        28M       3.2G

MemTotal:        4016004 kB
MemFree:          108740 kB
Active:           360908 kB
Mem:          3.8G       3.7G       106M       5.7M        28M       3.2G

MemTotal:        4016004 kB
MemFree:          109236 kB
Active:           360876 kB
Mem:          3.8G       3.7G       106M       5.7M        28M       3.2G

MemTotal:        4016004 kB
MemFree:          109484 kB
Active:           360908 kB
Mem:          3.8G       3.7G       106M       5.7M        28M       3.2G

MemTotal:        4016004 kB
MemFree:          109484 kB
Active:           360884 kB
Mem:          3.8G       3.7G       106M       5.7M        28M       3.2G

MemTotal:        4016004 kB
MemFree:          109360 kB
Active:           360888 kB
Mem:          3.8G       3.7G       106M       5.7M        28M       3.2G

MemTotal:        4016004 kB
MemFree:          109360 kB
Active:           360912 kB
Mem:          3.8G       3.7G       106M       5.7M        28M       3.2G

MemTotal:        4016004 kB
MemFree:          108988 kB
Active:           360920 kB
Mem:          3.8G       3.7G       106M       5.7M        28M       3.2G

MemTotal:        4016004 kB
MemFree:          109484 kB
Active:           360880 kB
Mem:          3.8G       3.7G       106M       5.7M        28M       3.2G

MemTotal:        4016004 kB
MemFree:          109360 kB
Active:           360900 kB
Mem:          3.8G       3.7G       106M       5.7M        28M       3.2G

MemTotal:        4016004 kB
MemFree:          108988 kB
Active:           360928 kB
Mem:          3.8G       3.7G       106M       5.7M        28M       3.2G

MemTotal:        4016004 kB
MemFree:          108616 kB
Active:           360928 kB
Mem:          3.8G       3.7G       105M       5.7M        28M       3.2G

MemTotal:        4016004 kB
MemFree:          108616 kB
Active:           360884 kB
Mem:          3.8G       3.7G       106M       5.7M        28M       3.2G

MemTotal:        4016004 kB
MemFree:          108740 kB
Active:           360892 kB
Mem:          3.8G       3.7G       106M       5.7M        28M       3.2G

MemTotal:        4016004 kB
MemFree:          108864 kB
Active:           360932 kB
Mem:          3.8G       3.7G       106M       5.7M        28M       3.2G

MemTotal:        4016004 kB
MemFree:          108740 kB
Active:           360936 kB
Mem:          3.8G       3.7G       106M       5.7M        28M       3.2G

MemTotal:        4016004 kB
MemFree:          109112 kB
Active:           360904 kB
Mem:          3.8G       3.7G       106M       5.7M        28M       3.2G

MemTotal:        4016004 kB
MemFree:          109112 kB
Active:           360908 kB
Mem:          3.8G       3.7G       106M       5.7M        28M       3.2G

MemTotal:        4016004 kB
MemFree:          109112 kB
Active:           360884 kB
Mem:          3.8G       3.7G       106M       5.7M        28M       3.2G

MemTotal:        4016004 kB
MemFree:          109236 kB
Active:           360888 kB
Mem:          3.8G       3.7G       106M       5.7M        28M       3.2G

MemTotal:        4016004 kB
MemFree:          108368 kB
Active:           360940 kB
Mem:          3.8G       3.7G       105M       5.7M        28M       3.2G

MemTotal:        4016004 kB
MemFree:          108244 kB
Active:           360944 kB
Mem:          3.8G       3.7G       105M       5.7M        28M       3.2G

MemTotal:        4016004 kB
MemFree:          108988 kB
Active:           360912 kB
Mem:          3.8G       3.7G       106M       5.7M        28M       3.2G

MemTotal:        4016004 kB
MemFree:          109128 kB
Active:           360932 kB
Mem:          3.8G       3.7G       106M       5.7M        28M       3.2G

MemTotal:        4016004 kB
MemFree:          109004 kB
Active:           360904 kB
Mem:          3.8G       3.7G       106M       5.7M        28M       3.2G

MemTotal:        4016004 kB
MemFree:          108756 kB
Active:           360956 kB
Mem:          3.8G       3.7G       106M       5.7M        28M       3.2G

MemTotal:        4016004 kB
MemFree:          109128 kB
Active:           360920 kB
Mem:          3.8G       3.7G       106M       5.7M        28M       3.2G

MemTotal:        4016004 kB
MemFree:          108880 kB
Active:           360960 kB
Mem:          3.8G       3.7G       106M       5.7M        28M       3.2G

MemTotal:        4016004 kB
MemFree:          108632 kB
Active:           360960 kB
Mem:          3.8G       3.7G       106M       5.7M        28M       3.2G

MemTotal:        4016004 kB
MemFree:          108756 kB
Active:           360952 kB
Mem:          3.8G       3.7G       106M       5.7M        28M       3.2G

MemTotal:        4016004 kB
MemFree:          108384 kB
Active:           360952 kB
Mem:          3.8G       3.7G       105M       5.7M        28M       3.2G

MemTotal:        4016004 kB
MemFree:          107888 kB
Active:           360980 kB
Mem:          3.8G       3.7G       105M       5.7M        28M       3.2G

MemTotal:        4016004 kB
MemFree:          108260 kB
Active:           360936 kB
Mem:          3.8G       3.7G       105M       5.7M        28M       3.2G

MemTotal:        4016004 kB
MemFree:          108384 kB
Active:           360932 kB
Mem:          3.8G       3.7G       106M       5.7M        28M       3.2G

MemTotal:        4016004 kB
MemFree:          108880 kB
Active:           360988 kB
Mem:          3.8G       3.7G       106M       5.7M        28M       3.2G

MemTotal:        4016004 kB
MemFree:          109004 kB
Active:           360980 kB
Mem:          3.8G       3.7G       106M       5.7M        28M       3.2G

MemTotal:        4016004 kB
MemFree:          108756 kB
Active:           360952 kB
Mem:          3.8G       3.7G       106M       5.7M        28M       3.2G

MemTotal:        4016004 kB
MemFree:          108384 kB
Active:           360992 kB
Mem:          3.8G       3.7G       106M       5.7M        28M       3.2G

MemTotal:        4016004 kB
MemFree:          108384 kB
Active:           360992 kB
Mem:          3.8G       3.7G       106M       5.7M        28M       3.2G

MemTotal:        4016004 kB
MemFree:          108756 kB
Active:           360948 kB
Mem:          3.8G       3.7G       106M       5.7M        28M       3.2G

MemTotal:        4016004 kB
MemFree:          108756 kB
Active:           360972 kB
Mem:          3.8G       3.7G       106M       5.7M        28M       3.2G

MemTotal:        4016004 kB
MemFree:          108384 kB
Active:           360996 kB
Mem:          3.8G       3.7G       106M       5.7M        28M       3.2G

MemTotal:        4016004 kB
MemFree:          108508 kB
Active:           360960 kB
Mem:          3.8G       3.7G       105M       5.7M        28M       3.2G

MemTotal:        4016004 kB
MemFree:          108384 kB
Active:           360944 kB
Mem:          3.8G       3.7G       105M       5.7M        28M       3.2G

MemTotal:        4016004 kB
MemFree:          107888 kB
Active:           360996 kB
Mem:          3.8G       3.7G       105M       5.7M        28M       3.2G

MemTotal:        4016004 kB
MemFree:          108384 kB
Active:           360952 kB
Mem:          3.8G       3.7G       105M       5.7M        28M       3.2G

MemTotal:        4016004 kB
MemFree:          108384 kB
Active:           360988 kB
Mem:          3.8G       3.7G       105M       5.7M        28M       3.2G

MemTotal:        4016004 kB
MemFree:          108384 kB
Active:           361000 kB
Mem:          3.8G       3.7G       105M       5.7M        28M       3.2G

MemTotal:        4016004 kB
MemFree:          108384 kB
Active:           361008 kB
Mem:          3.8G       3.7G       105M       5.7M        28M       3.2G

MemTotal:        4016004 kB
MemFree:          108136 kB
Active:           361040 kB
Mem:          3.8G       3.7G       105M       5.7M        28M       3.2G

MemTotal:        4016004 kB
MemFree:          108880 kB
Active:           361024 kB
Mem:          3.8G       3.7G       106M       5.7M        28M       3.2G

MemTotal:        4016004 kB
MemFree:          108384 kB
Active:           361040 kB
Mem:          3.8G       3.7G       105M       5.7M        28M       3.2G

MemTotal:        4016004 kB
MemFree:          108864 kB
Active:           361004 kB
Mem:          3.8G       3.7G       106M       5.7M        28M       3.2G

MemTotal:        4016004 kB
MemFree:          108368 kB
Active:           361060 kB
Mem:          3.8G       3.7G       105M       5.7M        28M       3.2G

