MemTotal:        4016004 kB
MemFree:         3246316 kB
Active:           415312 kB
Mem:          3.8G       751M       3.1G       5.7M        50M       319M

MemTotal:        4016004 kB
MemFree:         3246356 kB
Active:           415288 kB
Mem:          3.8G       751M       3.1G       5.7M        50M       319M

MemTotal:        4016004 kB
MemFree:         3246820 kB
Active:           415312 kB
Mem:          3.8G       751M       3.1G       5.7M        50M       319M

MemTotal:        4016004 kB
MemFree:         3247192 kB
Active:           415360 kB
Mem:          3.8G       750M       3.1G       5.7M        50M       319M

MemTotal:        4016004 kB
MemFree:         3246680 kB
Active:           415360 kB
Mem:          3.8G       751M       3.1G       5.7M        50M       319M

MemTotal:        4016004 kB
MemFree:         3246748 kB
Active:           415356 kB
Mem:          3.8G       751M       3.1G       5.7M        50M       319M

MemTotal:        4016004 kB
MemFree:         3246236 kB
Active:           415368 kB
Mem:          3.8G       751M       3.1G       5.7M        50M       319M

MemTotal:        4016004 kB
MemFree:         3246980 kB
Active:           415332 kB
Mem:          3.8G       750M       3.1G       5.7M        50M       319M

MemTotal:        4016004 kB
MemFree:         3246856 kB
Active:           415340 kB
Mem:          3.8G       751M       3.1G       5.7M        50M       319M

MemTotal:        4016004 kB
MemFree:         3246468 kB
Active:           415368 kB
Mem:          3.8G       751M       3.1G       5.7M        50M       319M

MemTotal:        4016004 kB
MemFree:         3246576 kB
Active:           415368 kB
Mem:          3.8G       751M       3.1G       5.7M        50M       319M

MemTotal:        4016004 kB
MemFree:         3246064 kB
Active:           415368 kB
Mem:          3.8G       752M       3.1G       5.7M        50M       319M

MemTotal:        4016004 kB
MemFree:         3245940 kB
Active:           415372 kB
Mem:          3.8G       752M       3.1G       5.7M        50M       319M

MemTotal:        4016004 kB
MemFree:         3245816 kB
Active:           415372 kB
Mem:          3.8G       752M       3.1G       5.7M        50M       319M

MemTotal:        4016004 kB
MemFree:         3246328 kB
Active:           415376 kB
Mem:          3.8G       751M       3.1G       5.7M        50M       319M

MemTotal:        4016004 kB
MemFree:         3246372 kB
Active:           413304 kB
Mem:          3.8G       751M       3.1G       5.7M        50M       319M

MemTotal:        4016004 kB
MemFree:         3246356 kB
Active:           415344 kB
Mem:          3.8G       751M       3.1G       5.7M        50M       319M

MemTotal:        4016004 kB
MemFree:         3245956 kB
Active:           415376 kB
Mem:          3.8G       752M       3.1G       5.7M        50M       319M

MemTotal:        4016004 kB
MemFree:         3246576 kB
Active:           415364 kB
Mem:          3.8G       751M       3.1G       5.7M        50M       319M

MemTotal:        4016004 kB
MemFree:         3246452 kB
Active:           415376 kB
Mem:          3.8G       751M       3.1G       5.7M        50M       319M

MemTotal:        4016004 kB
MemFree:         3246328 kB
Active:           415376 kB
Mem:          3.8G       751M       3.1G       5.7M        50M       319M

MemTotal:        4016004 kB
MemFree:         3246700 kB
Active:           415332 kB
Mem:          3.8G       751M       3.1G       5.7M        50M       319M

MemTotal:        4016004 kB
MemFree:         3246328 kB
Active:           415388 kB
Mem:          3.8G       751M       3.1G       5.7M        50M       319M

MemTotal:        4016004 kB
MemFree:         3246808 kB
Active:           415344 kB
Mem:          3.8G       751M       3.1G       5.7M        50M       319M

MemTotal:        4016004 kB
MemFree:         3246296 kB
Active:           415388 kB
Mem:          3.8G       751M       3.1G       5.7M        50M       319M

MemTotal:        4016004 kB
MemFree:         3246544 kB
Active:           415364 kB
Mem:          3.8G       751M       3.1G       5.7M        50M       319M

MemTotal:        4016004 kB
MemFree:         3246668 kB
Active:           415376 kB
Mem:          3.8G       751M       3.1G       5.7M        50M       319M

MemTotal:        4016004 kB
MemFree:         3246652 kB
Active:           415340 kB
Mem:          3.8G       751M       3.1G       5.7M        50M       319M

MemTotal:        4016004 kB
MemFree:         3246512 kB
Active:           415396 kB
Mem:          3.8G       751M       3.1G       5.7M        50M       319M

MemTotal:        4016004 kB
MemFree:         3246248 kB
Active:           415396 kB
Mem:          3.8G       751M       3.1G       5.7M        50M       319M

MemTotal:        4016004 kB
MemFree:         3246108 kB
Active:           415360 kB
Mem:          3.8G       751M       3.1G       5.7M        50M       319M

MemTotal:        4016004 kB
MemFree:         3246172 kB
Active:           415376 kB
Mem:          3.8G       751M       3.1G       5.7M        50M       319M

MemTotal:        4016004 kB
MemFree:         3246048 kB
Active:           415396 kB
Mem:          3.8G       751M       3.1G       5.7M        50M       319M

MemTotal:        4016004 kB
MemFree:         3245808 kB
Active:           415396 kB
Mem:          3.8G       752M       3.1G       5.7M        50M       319M

MemTotal:        4016004 kB
MemFree:         3245984 kB
Active:           413392 kB
Mem:          3.8G       751M       3.1G       5.7M        50M       319M

MemTotal:        4016004 kB
MemFree:         3246240 kB
Active:           415396 kB
Mem:          3.8G       751M       3.1G       5.7M        50M       319M

MemTotal:        4016004 kB
MemFree:         3246240 kB
Active:           415416 kB
Mem:          3.8G       751M       3.1G       5.7M        50M       319M

MemTotal:        4016004 kB
MemFree:         3246612 kB
Active:           415392 kB
Mem:          3.8G       751M       3.1G       5.7M        50M       319M

MemTotal:        4016004 kB
MemFree:         3246736 kB
Active:           415392 kB
Mem:          3.8G       751M       3.1G       5.7M        50M       319M

MemTotal:        4016004 kB
MemFree:         3246224 kB
Active:           415420 kB
Mem:          3.8G       751M       3.1G       5.7M        50M       319M

MemTotal:        4016004 kB
MemFree:         3246472 kB
Active:           415400 kB
Mem:          3.8G       751M       3.1G       5.7M        50M       319M

MemTotal:        4016004 kB
MemFree:         3246704 kB
Active:           415384 kB
Mem:          3.8G       751M       3.1G       5.7M        50M       319M

MemTotal:        4016004 kB
MemFree:         3246564 kB
Active:           415372 kB
Mem:          3.8G       751M       3.1G       5.7M        50M       319M

MemTotal:        4016004 kB
MemFree:         3246628 kB
Active:           415428 kB
Mem:          3.8G       751M       3.1G       5.7M        50M       319M

MemTotal:        4016004 kB
MemFree:         3246132 kB
Active:           415432 kB
Mem:          3.8G       751M       3.1G       5.7M        50M       319M

MemTotal:        4016004 kB
MemFree:         3246628 kB
Active:           415420 kB
Mem:          3.8G       751M       3.1G       5.7M        50M       319M

MemTotal:        4016004 kB
MemFree:         3246752 kB
Active:           415404 kB
Mem:          3.8G       751M       3.1G       5.7M        50M       319M

MemTotal:        4016004 kB
MemFree:         3246256 kB
Active:           415436 kB
Mem:          3.8G       751M       3.1G       5.7M        50M       319M

MemTotal:        4016004 kB
MemFree:         3246380 kB
Active:           415436 kB
Mem:          3.8G       751M       3.1G       5.7M        50M       319M

MemTotal:        4016004 kB
MemFree:         3246628 kB
Active:           415404 kB
Mem:          3.8G       751M       3.1G       5.7M        50M       319M

MemTotal:        4016004 kB
MemFree:         3246628 kB
Active:           415400 kB
Mem:          3.8G       751M       3.1G       5.7M        50M       319M

MemTotal:        4016004 kB
MemFree:         3246628 kB
Active:           415436 kB
Mem:          3.8G       751M       3.1G       5.7M        50M       319M

MemTotal:        4016004 kB
MemFree:         3246752 kB
Active:           415432 kB
Mem:          3.8G       751M       3.1G       5.7M        50M       319M

MemTotal:        4016004 kB
MemFree:         3246628 kB
Active:           415420 kB
Mem:          3.8G       751M       3.1G       5.7M        50M       319M

MemTotal:        4016004 kB
MemFree:         3246292 kB
Active:           413528 kB
Mem:          3.8G       751M       3.1G       5.7M        50M       319M

MemTotal:        4016004 kB
MemFree:         3246160 kB
Active:           415472 kB
Mem:          3.8G       751M       3.1G       5.7M        50M       319M

MemTotal:        4016004 kB
MemFree:         3246516 kB
Active:           415468 kB
Mem:          3.8G       751M       3.1G       5.7M        50M       319M

MemTotal:        4016004 kB
MemFree:         3246068 kB
Active:           415476 kB
Mem:          3.8G       751M       3.1G       5.7M        50M       319M

MemTotal:        4016004 kB
MemFree:         3246688 kB
Active:           415476 kB
Mem:          3.8G       751M       3.1G       5.7M        50M       319M

MemTotal:        4016004 kB
MemFree:         3246688 kB
Active:           415472 kB
Mem:          3.8G       751M       3.1G       5.7M        50M       319M

MemTotal:        4016004 kB
MemFree:         3246564 kB
Active:           415460 kB
Mem:          3.8G       751M       3.1G       5.7M        50M       319M

MemTotal:        4016004 kB
MemFree:         3246316 kB
Active:           415484 kB
Mem:          3.8G       751M       3.1G       5.7M        50M       319M

MemTotal:        4016004 kB
MemFree:         3246564 kB
Active:           415480 kB
Mem:          3.8G       751M       3.1G       5.7M        50M       319M

MemTotal:        4016004 kB
MemFree:         3246688 kB
Active:           415472 kB
Mem:          3.8G       751M       3.1G       5.7M        50M       319M

MemTotal:        4016004 kB
MemFree:         3246236 kB
Active:           413592 kB
Mem:          3.8G       751M       3.1G       5.7M        50M       319M

MemTotal:        4016004 kB
MemFree:         3246468 kB
Active:           415484 kB
Mem:          3.8G       751M       3.1G       5.7M        50M       319M

MemTotal:        4016004 kB
MemFree:         3246452 kB
Active:           415436 kB
Mem:          3.8G       751M       3.1G       5.7M        50M       319M

MemTotal:        4016004 kB
MemFree:         3246436 kB
Active:           415456 kB
Mem:          3.8G       751M       3.1G       5.7M        50M       319M

MemTotal:        4016004 kB
MemFree:         3246360 kB
Active:           415464 kB
Mem:          3.8G       751M       3.1G       5.7M        50M       319M

MemTotal:        4016004 kB
MemFree:         3246328 kB
Active:           415472 kB
Mem:          3.8G       751M       3.1G       5.7M        50M       319M

MemTotal:        4016004 kB
MemFree:         3246360 kB
Active:           415464 kB
Mem:          3.8G       751M       3.1G       5.7M        50M       319M

MemTotal:        4016004 kB
MemFree:         3246484 kB
Active:           415452 kB
Mem:          3.8G       751M       3.1G       5.7M        50M       319M

MemTotal:        4016004 kB
MemFree:         3246360 kB
Active:           415444 kB
Mem:          3.8G       751M       3.1G       5.7M        50M       319M

MemTotal:        4016004 kB
MemFree:         3246236 kB
Active:           415444 kB
Mem:          3.8G       751M       3.1G       5.7M        50M       319M

MemTotal:        4016004 kB
MemFree:         3246360 kB
Active:           415484 kB
Mem:          3.8G       751M       3.1G       5.7M        50M       319M

MemTotal:        4016004 kB
MemFree:         3245848 kB
Active:           415504 kB
Mem:          3.8G       752M       3.1G       5.7M        50M       319M

MemTotal:        4016004 kB
MemFree:         3246220 kB
Active:           415496 kB
Mem:          3.8G       751M       3.1G       5.7M        50M       319M

MemTotal:        4016004 kB
MemFree:         3246204 kB
Active:           415500 kB
Mem:          3.8G       751M       3.1G       5.7M        50M       319M

MemTotal:        4016004 kB
MemFree:         3245956 kB
Active:           415504 kB
Mem:          3.8G       751M       3.1G       5.7M        50M       319M

MemTotal:        4016004 kB
MemFree:         3246436 kB
Active:           415492 kB
Mem:          3.8G       751M       3.1G       5.7M        50M       319M

MemTotal:        4016004 kB
MemFree:         3246376 kB
Active:           415484 kB
Mem:          3.8G       751M       3.1G       5.7M        50M       319M

MemTotal:        4016004 kB
MemFree:         3246376 kB
Active:           415464 kB
Mem:          3.8G       751M       3.1G       5.7M        50M       319M

MemTotal:        4016004 kB
MemFree:         3245880 kB
Active:           415508 kB
Mem:          3.8G       751M       3.1G       5.7M        50M       319M

MemTotal:        4016004 kB
MemFree:         3246376 kB
Active:           415508 kB
Mem:          3.8G       751M       3.1G       5.7M        50M       319M

MemTotal:        4016004 kB
MemFree:         3246004 kB
Active:           415516 kB
Mem:          3.8G       751M       3.1G       5.7M        50M       319M

MemTotal:        4016004 kB
MemFree:         3246252 kB
Active:           415508 kB
Mem:          3.8G       751M       3.1G       5.7M        50M       319M

MemTotal:        4016004 kB
MemFree:         3246360 kB
Active:           415512 kB
Mem:          3.8G       751M       3.1G       5.7M        50M       319M

MemTotal:        4016004 kB
MemFree:         3245972 kB
Active:           415524 kB
Mem:          3.8G       751M       3.1G       5.7M        50M       319M

MemTotal:        4016004 kB
MemFree:         3246328 kB
Active:           415504 kB
Mem:          3.8G       751M       3.1G       5.7M        50M       319M

MemTotal:        4016004 kB
MemFree:         3246312 kB
Active:           415488 kB
Mem:          3.8G       751M       3.1G       5.7M        50M       319M

MemTotal:        4016004 kB
MemFree:         3246360 kB
Active:           415488 kB
Mem:          3.8G       751M       3.1G       5.7M        50M       319M

MemTotal:        4016004 kB
MemFree:         3246484 kB
Active:           415532 kB
Mem:          3.8G       751M       3.1G       5.7M        50M       319M

MemTotal:        4016004 kB
MemFree:         3246484 kB
Active:           415476 kB
Mem:          3.8G       751M       3.1G       5.7M        50M       319M

MemTotal:        4016004 kB
MemFree:         3246360 kB
Active:           415500 kB
Mem:          3.8G       751M       3.1G       5.7M        50M       319M

MemTotal:        4016004 kB
MemFree:         3245988 kB
Active:           415532 kB
Mem:          3.8G       751M       3.1G       5.7M        50M       319M

MemTotal:        4016004 kB
MemFree:         3246236 kB
Active:           415500 kB
Mem:          3.8G       751M       3.1G       5.7M        50M       319M

MemTotal:        4016004 kB
MemFree:         3246360 kB
Active:           415508 kB
Mem:          3.8G       751M       3.1G       5.7M        50M       319M

MemTotal:        4016004 kB
MemFree:         3245864 kB
Active:           415544 kB
Mem:          3.8G       751M       3.1G       5.7M        50M       319M

MemTotal:        4016004 kB
MemFree:         3245864 kB
Active:           415544 kB
Mem:          3.8G       751M       3.1G       5.7M        50M       319M

MemTotal:        4016004 kB
MemFree:         3246112 kB
Active:           415496 kB
Mem:          3.8G       751M       3.1G       5.7M        50M       319M

MemTotal:        4016004 kB
MemFree:         3246220 kB
Active:           415492 kB
Mem:          3.8G       751M       3.1G       5.7M        50M       319M

MemTotal:        4016004 kB
MemFree:         3246204 kB
Active:           415500 kB
Mem:          3.8G       751M       3.1G       5.7M        50M       319M

MemTotal:        4016004 kB
MemFree:         3246188 kB
Active:           415516 kB
Mem:          3.8G       751M       3.1G       5.7M        50M       319M

MemTotal:        4016004 kB
MemFree:         3245756 kB
Active:           413632 kB
Mem:          3.8G       752M       3.1G       5.7M        50M       319M

MemTotal:        4016004 kB
MemFree:         3246140 kB
Active:           415616 kB
Mem:          3.8G       751M       3.1G       5.7M        50M       319M

MemTotal:        4016004 kB
MemFree:         3245768 kB
Active:           415656 kB
Mem:          3.8G       752M       3.1G       5.7M        50M       319M

MemTotal:        4016004 kB
MemFree:         3246140 kB
Active:           415644 kB
Mem:          3.8G       751M       3.1G       5.7M        50M       319M

MemTotal:        4016004 kB
MemFree:         3245768 kB
Active:           415656 kB
Mem:          3.8G       751M       3.1G       5.7M        50M       319M

MemTotal:        4016004 kB
MemFree:         3245628 kB
Active:           415656 kB
Mem:          3.8G       752M       3.1G       5.7M        50M       319M

MemTotal:        4016004 kB
MemFree:         3245984 kB
Active:           415608 kB
Mem:          3.8G       752M       3.1G       5.7M        50M       319M

MemTotal:        4016004 kB
MemFree:         3245968 kB
Active:           415652 kB
Mem:          3.8G       752M       3.1G       5.7M        50M       319M

MemTotal:        4016004 kB
MemFree:         3245580 kB
Active:           415668 kB
Mem:          3.8G       752M       3.1G       5.7M        50M       319M

MemTotal:        4016004 kB
MemFree:         3245704 kB
Active:           415612 kB
Mem:          3.8G       752M       3.1G       5.7M        50M       319M

MemTotal:        4016004 kB
MemFree:         3245324 kB
Active:           413668 kB
Mem:          3.8G       752M       3.1G       5.7M        50M       319M

MemTotal:        4016004 kB
MemFree:         3245536 kB
Active:           415680 kB
Mem:          3.8G       752M       3.1G       5.7M        50M       319M

MemTotal:        4016004 kB
MemFree:         3245164 kB
Active:           415680 kB
Mem:          3.8G       752M       3.1G       5.7M        50M       319M

MemTotal:        4016004 kB
MemFree:         3245536 kB
Active:           415668 kB
Mem:          3.8G       752M       3.1G       5.7M        50M       319M

MemTotal:        4016004 kB
MemFree:         3245660 kB
Active:           415676 kB
Mem:          3.8G       752M       3.1G       5.7M        50M       319M

MemTotal:        4016004 kB
MemFree:         3245660 kB
Active:           415636 kB
Mem:          3.8G       752M       3.1G       5.7M        50M       319M

MemTotal:        4016004 kB
MemFree:         3245288 kB
Active:           415696 kB
Mem:          3.8G       752M       3.1G       5.7M        50M       319M

MemTotal:        4016004 kB
MemFree:         3246032 kB
Active:           415676 kB
Mem:          3.8G       752M       3.1G       5.7M        50M       319M

MemTotal:        4016004 kB
MemFree:         3245784 kB
Active:           415696 kB
Mem:          3.8G       752M       3.1G       5.7M        50M       319M

MemTotal:        4016004 kB
MemFree:         3246124 kB
Active:           415684 kB
Mem:          3.8G       752M       3.1G       5.7M        50M       319M

MemTotal:        4016004 kB
MemFree:         3246108 kB
Active:           415692 kB
Mem:          3.8G       751M       3.1G       5.7M        50M       319M

MemTotal:        4016004 kB
MemFree:         3246092 kB
Active:           415684 kB
Mem:          3.8G       752M       3.1G       5.7M        50M       319M

MemTotal:        4016004 kB
MemFree:         3245968 kB
Active:           415644 kB
Mem:          3.8G       752M       3.1G       5.7M        50M       319M

MemTotal:        4016004 kB
MemFree:         3245968 kB
Active:           415688 kB
Mem:          3.8G       751M       3.1G       5.7M        50M       319M

MemTotal:        4016004 kB
MemFree:         3246076 kB
Active:           415644 kB
Mem:          3.8G       752M       3.1G       5.7M        50M       319M

MemTotal:        4016004 kB
MemFree:         3245936 kB
Active:           415668 kB
Mem:          3.8G       751M       3.1G       5.7M        50M       319M

MemTotal:        4016004 kB
MemFree:         3245596 kB
Active:           415708 kB
Mem:          3.8G       752M       3.1G       5.7M        50M       319M

MemTotal:        4016004 kB
MemFree:         3245968 kB
Active:           415684 kB
Mem:          3.8G       752M       3.1G       5.7M        50M       319M

MemTotal:        4016004 kB
MemFree:         3245968 kB
Active:           415672 kB
Mem:          3.8G       752M       3.1G       5.7M        50M       319M

MemTotal:        4016004 kB
MemFree:         3246092 kB
Active:           415676 kB
Mem:          3.8G       751M       3.1G       5.7M        50M       319M

MemTotal:        4016004 kB
MemFree:         3245968 kB
Active:           415664 kB
Mem:          3.8G       752M       3.1G       5.7M        50M       319M

MemTotal:        4016004 kB
MemFree:         3245844 kB
Active:           415672 kB
Mem:          3.8G       752M       3.1G       5.7M        50M       319M

MemTotal:        4016004 kB
MemFree:         3245844 kB
Active:           415668 kB
Mem:          3.8G       752M       3.1G       5.7M        50M       319M

MemTotal:        4016004 kB
MemFree:         3245720 kB
Active:           415676 kB
Mem:          3.8G       752M       3.1G       5.7M        50M       319M

MemTotal:        4016004 kB
MemFree:         3245440 kB
Active:           415724 kB
Mem:          3.8G       752M       3.1G       5.7M        50M       319M

MemTotal:        4016004 kB
MemFree:         3245596 kB
Active:           415704 kB
Mem:          3.8G       752M       3.1G       5.7M        50M       319M

MemTotal:        4016004 kB
MemFree:         3245348 kB
Active:           415732 kB
Mem:          3.8G       752M       3.1G       5.7M        50M       319M

MemTotal:        4016004 kB
MemFree:         3245596 kB
Active:           415704 kB
Mem:          3.8G       752M       3.1G       5.7M        50M       319M

MemTotal:        4016004 kB
MemFree:         3245596 kB
Active:           415712 kB
Mem:          3.8G       752M       3.1G       5.7M        50M       319M

MemTotal:        4016004 kB
MemFree:         3245600 kB
Active:           415708 kB
Mem:          3.8G       752M       3.1G       5.7M        50M       319M

MemTotal:        4016004 kB
MemFree:         3245228 kB
Active:           415740 kB
Mem:          3.8G       752M       3.1G       5.7M        50M       319M

MemTotal:        4016004 kB
MemFree:         3245352 kB
Active:           415744 kB
Mem:          3.8G       752M       3.1G       5.7M        50M       319M

MemTotal:        4016004 kB
MemFree:         3245228 kB
Active:           415744 kB
Mem:          3.8G       752M       3.1G       5.7M        50M       319M

MemTotal:        4016004 kB
MemFree:         3245740 kB
Active:           415740 kB
Mem:          3.8G       752M       3.1G       5.7M        50M       319M

MemTotal:        4016004 kB
MemFree:         3245944 kB
Active:           415724 kB
Mem:          3.8G       752M       3.1G       5.7M        50M       319M

MemTotal:        4016004 kB
MemFree:         3245912 kB
Active:           415696 kB
Mem:          3.8G       752M       3.1G       5.7M        50M       319M

MemTotal:        4016004 kB
MemFree:         3246268 kB
Active:           415736 kB
Mem:          3.8G       751M       3.1G       5.7M        50M       319M

MemTotal:        4016004 kB
MemFree:         3246376 kB
Active:           415732 kB
Mem:          3.8G       751M       3.1G       5.7M        50M       319M

MemTotal:        4016004 kB
MemFree:         3245988 kB
Active:           415760 kB
Mem:          3.8G       751M       3.1G       5.7M        50M       319M

MemTotal:        4016004 kB
MemFree:         3246112 kB
Active:           415720 kB
Mem:          3.8G       751M       3.1G       5.7M        50M       319M

MemTotal:        4016004 kB
MemFree:         3245676 kB
Active:           413672 kB
Mem:          3.8G       752M       3.1G       5.7M        50M       319M

MemTotal:        4016004 kB
MemFree:         3245800 kB
Active:           415764 kB
Mem:          3.8G       752M       3.1G       5.7M        50M       319M

MemTotal:        4016004 kB
MemFree:         3245816 kB
Active:           415740 kB
Mem:          3.8G       752M       3.1G       5.7M        50M       319M

MemTotal:        4016004 kB
MemFree:         3245816 kB
Active:           415752 kB
Mem:          3.8G       752M       3.1G       5.7M        50M       319M

MemTotal:        4016004 kB
MemFree:         3245692 kB
Active:           415784 kB
Mem:          3.8G       752M       3.1G       5.7M        50M       319M

MemTotal:        4016004 kB
MemFree:         3245568 kB
Active:           415784 kB
Mem:          3.8G       752M       3.1G       5.7M        50M       319M

MemTotal:        4016004 kB
MemFree:         3246064 kB
Active:           415768 kB
Mem:          3.8G       752M       3.1G       5.7M        50M       319M

MemTotal:        4016004 kB
MemFree:         3246004 kB
Active:           415764 kB
Mem:          3.8G       751M       3.1G       5.7M        50M       319M

MemTotal:        4016004 kB
MemFree:         3246176 kB
Active:           415756 kB
Mem:          3.8G       751M       3.1G       5.7M        50M       319M

MemTotal:        4016004 kB
MemFree:         3246132 kB
Active:           415772 kB
Mem:          3.8G       751M       3.1G       5.7M        50M       319M

MemTotal:        4016004 kB
MemFree:         3246136 kB
Active:           413728 kB
Mem:          3.8G       752M       3.1G       5.7M        50M       319M

MemTotal:        4016004 kB
MemFree:         3246028 kB
Active:           413712 kB
Mem:          3.8G       751M       3.1G       5.7M        50M       319M

MemTotal:        4016004 kB
MemFree:         3245656 kB
Active:           415796 kB
Mem:          3.8G       752M       3.1G       5.7M        50M       319M

MemTotal:        4016004 kB
MemFree:         3245780 kB
Active:           415768 kB
Mem:          3.8G       752M       3.1G       5.7M        50M       319M

MemTotal:        4016004 kB
MemFree:         3245904 kB
Active:           415760 kB
Mem:          3.8G       752M       3.1G       5.7M        50M       319M

MemTotal:        4016004 kB
MemFree:         3246400 kB
Active:           415748 kB
Mem:          3.8G       751M       3.1G       5.7M        50M       319M

MemTotal:        4016004 kB
MemFree:         3246284 kB
Active:           415764 kB
Mem:          3.8G       751M       3.1G       5.7M        50M       319M

MemTotal:        4016004 kB
MemFree:         3246160 kB
Active:           415748 kB
Mem:          3.8G       751M       3.1G       5.7M        50M       319M

MemTotal:        4016004 kB
MemFree:         3246284 kB
Active:           415796 kB
Mem:          3.8G       752M       3.1G       5.7M        50M       319M

MemTotal:        4016004 kB
MemFree:         3245548 kB
Active:           413856 kB
Mem:          3.8G       752M       3.1G       5.7M        50M       319M

MemTotal:        4016004 kB
MemFree:         3245648 kB
Active:           415808 kB
Mem:          3.8G       752M       3.1G       5.7M        50M       319M

MemTotal:        4016004 kB
MemFree:         3246144 kB
Active:           415800 kB
Mem:          3.8G       751M       3.1G       5.7M        50M       319M

MemTotal:        4016004 kB
MemFree:         3245664 kB
Active:           415644 kB
Mem:          3.8G       752M       3.1G       5.7M        50M       319M

MemTotal:        4016004 kB
MemFree:         3246160 kB
Active:           415616 kB
Mem:          3.8G       752M       3.1G       5.7M        50M       319M

MemTotal:        4016004 kB
MemFree:         3245928 kB
Active:           415636 kB
Mem:          3.8G       752M       3.1G       5.7M        50M       319M

MemTotal:        4016004 kB
MemFree:         3246300 kB
Active:           415624 kB
Mem:          3.8G       751M       3.1G       5.7M        50M       319M

MemTotal:        4016004 kB
MemFree:         3246052 kB
Active:           415652 kB
Mem:          3.8G       751M       3.1G       5.7M        50M       319M

MemTotal:        4016004 kB
MemFree:         3246424 kB
Active:           415628 kB
Mem:          3.8G       751M       3.1G       5.7M        50M       319M

MemTotal:        4016004 kB
MemFree:         3246300 kB
Active:           415628 kB
Mem:          3.8G       751M       3.1G       5.7M        50M       319M

MemTotal:        4016004 kB
MemFree:         3245764 kB
Active:           413608 kB
Mem:          3.8G       752M       3.1G       5.7M        50M       319M

MemTotal:        4016004 kB
MemFree:         3246048 kB
Active:           415644 kB
Mem:          3.8G       752M       3.1G       5.7M        50M       319M

MemTotal:        4016004 kB
MemFree:         3246172 kB
Active:           415644 kB
Mem:          3.8G       752M       3.1G       5.7M        50M       319M

MemTotal:        4016004 kB
MemFree:         3246420 kB
Active:           415636 kB
Mem:          3.8G       751M       3.1G       5.7M        50M       319M

MemTotal:        4016004 kB
MemFree:         3246544 kB
Active:           415656 kB
Mem:          3.8G       751M       3.1G       5.7M        50M       319M

MemTotal:        4016004 kB
MemFree:         3246668 kB
Active:           415616 kB
Mem:          3.8G       751M       3.1G       5.7M        50M       319M

MemTotal:        4016004 kB
MemFree:         3246420 kB
Active:           415616 kB
Mem:          3.8G       751M       3.1G       5.7M        50M       319M

MemTotal:        4016004 kB
MemFree:         3246420 kB
Active:           415632 kB
Mem:          3.8G       751M       3.1G       5.7M        50M       319M

MemTotal:        4016004 kB
MemFree:         3246420 kB
Active:           415636 kB
Mem:          3.8G       751M       3.1G       5.7M        50M       319M

MemTotal:        4016004 kB
MemFree:         3246296 kB
Active:           415672 kB
Mem:          3.8G       751M       3.1G       5.7M        50M       319M

MemTotal:        4016004 kB
MemFree:         3246296 kB
Active:           415616 kB
Mem:          3.8G       751M       3.1G       5.7M        50M       319M

MemTotal:        4016004 kB
MemFree:         3246420 kB
Active:           415624 kB
Mem:          3.8G       751M       3.1G       5.7M        50M       319M

MemTotal:        4016004 kB
MemFree:         3246668 kB
Active:           415680 kB
Mem:          3.8G       751M       3.1G       5.7M        50M       319M

MemTotal:        4016004 kB
MemFree:         3246296 kB
Active:           415708 kB
Mem:          3.8G       751M       3.1G       5.7M        50M       319M

MemTotal:        4016004 kB
MemFree:         3246792 kB
Active:           415684 kB
Mem:          3.8G       751M       3.1G       5.7M        50M       319M

MemTotal:        4016004 kB
MemFree:         3246668 kB
Active:           415672 kB
Mem:          3.8G       751M       3.1G       5.7M        50M       319M

MemTotal:        4016004 kB
MemFree:         3246172 kB
Active:           415720 kB
Mem:          3.8G       751M       3.1G       5.7M        50M       319M

MemTotal:        4016004 kB
MemFree:         3246792 kB
Active:           415664 kB
Mem:          3.8G       751M       3.1G       5.7M        50M       319M

MemTotal:        4016004 kB
MemFree:         3245924 kB
Active:           415720 kB
Mem:          3.8G       752M       3.1G       5.7M        50M       319M

MemTotal:        4016004 kB
MemFree:         3245924 kB
Active:           415664 kB
Mem:          3.8G       752M       3.1G       5.7M        50M       319M

MemTotal:        4016004 kB
MemFree:         3245924 kB
Active:           415716 kB
Mem:          3.8G       751M       3.1G       5.7M        50M       319M

MemTotal:        4016004 kB
MemFree:         3246420 kB
Active:           415692 kB
Mem:          3.8G       751M       3.1G       5.7M        50M       319M

MemTotal:        4016004 kB
MemFree:         3245784 kB
Active:           415732 kB
Mem:          3.8G       751M       3.1G       5.7M        50M       319M

MemTotal:        4016004 kB
MemFree:         3245924 kB
Active:           415732 kB
Mem:          3.8G       751M       3.1G       5.7M        50M       319M

MemTotal:        4016004 kB
MemFree:         3245924 kB
Active:           415736 kB
Mem:          3.8G       752M       3.1G       5.7M        50M       319M

MemTotal:        4016004 kB
MemFree:         3245800 kB
Active:           415740 kB
Mem:          3.8G       752M       3.1G       5.7M        50M       319M

MemTotal:        4016004 kB
MemFree:         3245800 kB
Active:           415744 kB
Mem:          3.8G       752M       3.1G       5.7M        50M       319M

MemTotal:        4016004 kB
MemFree:         3245924 kB
Active:           415736 kB
Mem:          3.8G       752M       3.1G       5.7M        50M       319M

MemTotal:        4016004 kB
MemFree:         3245924 kB
Active:           415712 kB
Mem:          3.8G       752M       3.1G       5.7M        50M       319M

MemTotal:        4016004 kB
MemFree:         3246296 kB
Active:           415720 kB
Mem:          3.8G       751M       3.1G       5.7M        50M       319M

MemTotal:        4016004 kB
MemFree:         3246296 kB
Active:           415724 kB
Mem:          3.8G       751M       3.1G       5.7M        50M       319M

MemTotal:        4016004 kB
MemFree:         3246296 kB
Active:           415708 kB
Mem:          3.8G       751M       3.1G       5.7M        50M       319M

MemTotal:        4016004 kB
MemFree:         3246420 kB
Active:           415752 kB
Mem:          3.8G       751M       3.1G       5.7M        50M       319M

MemTotal:        4016004 kB
MemFree:         3246280 kB
Active:           415748 kB
Mem:          3.8G       751M       3.1G       5.7M        50M       319M

MemTotal:        4016004 kB
MemFree:         3246280 kB
Active:           415744 kB
Mem:          3.8G       751M       3.1G       5.7M        50M       319M

MemTotal:        4016004 kB
MemFree:         3245784 kB
Active:           415756 kB
Mem:          3.8G       752M       3.1G       5.7M        50M       319M

MemTotal:        4016004 kB
MemFree:         3246032 kB
Active:           415740 kB
Mem:          3.8G       752M       3.1G       5.7M        50M       319M

MemTotal:        4016004 kB
MemFree:         3246156 kB
Active:           415740 kB
Mem:          3.8G       751M       3.1G       5.7M        50M       319M

MemTotal:        4016004 kB
MemFree:         3246652 kB
Active:           415732 kB
Mem:          3.8G       751M       3.1G       5.7M        50M       319M

MemTotal:        4016004 kB
MemFree:         3246404 kB
Active:           415768 kB
Mem:          3.8G       751M       3.1G       5.7M        50M       319M

MemTotal:        4016004 kB
MemFree:         3245720 kB
Active:           413740 kB
Mem:          3.8G       752M       3.1G       5.7M        50M       319M

MemTotal:        4016004 kB
MemFree:         3246092 kB
Active:           415764 kB
Mem:          3.8G       751M       3.1G       5.7M        50M       319M

MemTotal:        4016004 kB
MemFree:         3245720 kB
Active:           415808 kB
Mem:          3.8G       752M       3.1G       5.7M        50M       319M

MemTotal:        4016004 kB
MemFree:         3245596 kB
Active:           415792 kB
Mem:          3.8G       752M       3.1G       5.7M        50M       319M

MemTotal:        4016004 kB
MemFree:         3245720 kB
Active:           415800 kB
Mem:          3.8G       752M       3.1G       5.7M        50M       319M

MemTotal:        4016004 kB
MemFree:         3245968 kB
Active:           415768 kB
Mem:          3.8G       752M       3.1G       5.7M        50M       319M

MemTotal:        4016004 kB
MemFree:         3245472 kB
Active:           415808 kB
Mem:          3.8G       752M       3.1G       5.7M        50M       319M

MemTotal:        4016004 kB
MemFree:         3245472 kB
Active:           415808 kB
Mem:          3.8G       752M       3.1G       5.7M        50M       319M

MemTotal:        4016004 kB
MemFree:         3245720 kB
Active:           415788 kB
Mem:          3.8G       752M       3.1G       5.7M        50M       319M

MemTotal:        4016004 kB
MemFree:         3245968 kB
Active:           415792 kB
Mem:          3.8G       751M       3.1G       5.7M        50M       319M

MemTotal:        4016004 kB
MemFree:         3245716 kB
Active:           413752 kB
Mem:          3.8G       752M       3.1G       5.7M        50M       319M

MemTotal:        4016004 kB
MemFree:         3245468 kB
Active:           415832 kB
Mem:          3.8G       752M       3.1G       5.7M        50M       319M

MemTotal:        4016004 kB
MemFree:         3246104 kB
Active:           415784 kB
Mem:          3.8G       751M       3.1G       5.7M        50M       319M

MemTotal:        4016004 kB
MemFree:         3246104 kB
Active:           415788 kB
Mem:          3.8G       751M       3.1G       5.7M        50M       319M

MemTotal:        4016004 kB
MemFree:         3245980 kB
Active:           415800 kB
Mem:          3.8G       752M       3.1G       5.7M        50M       319M

MemTotal:        4016004 kB
MemFree:         3246228 kB
Active:           415808 kB
Mem:          3.8G       751M       3.1G       5.7M        50M       319M

MemTotal:        4016004 kB
MemFree:         3245856 kB
Active:           415844 kB
Mem:          3.8G       751M       3.1G       5.7M        50M       319M

MemTotal:        4016004 kB
MemFree:         3246228 kB
Active:           415804 kB
Mem:          3.8G       751M       3.1G       5.7M        50M       319M

MemTotal:        4016004 kB
MemFree:         3246104 kB
Active:           415812 kB
Mem:          3.8G       751M       3.1G       5.7M        50M       319M

MemTotal:        4016004 kB
MemFree:         3245980 kB
Active:           415844 kB
Mem:          3.8G       751M       3.1G       5.7M        50M       319M

MemTotal:        4016004 kB
MemFree:         3245856 kB
Active:           415844 kB
Mem:          3.8G       751M       3.1G       5.7M        50M       319M

MemTotal:        4016004 kB
MemFree:         3245856 kB
Active:           415820 kB
Mem:          3.8G       752M       3.1G       5.7M        50M       319M

MemTotal:        4016004 kB
MemFree:         3245608 kB
Active:           415852 kB
Mem:          3.8G       752M       3.1G       5.7M        50M       319M

MemTotal:        4016004 kB
MemFree:         3245732 kB
Active:           415856 kB
Mem:          3.8G       752M       3.1G       5.7M        50M       319M

MemTotal:        4016004 kB
MemFree:         3245608 kB
Active:           415860 kB
Mem:          3.8G       752M       3.1G       5.7M        50M       319M

MemTotal:        4016004 kB
MemFree:         3245608 kB
Active:           415816 kB
Mem:          3.8G       752M       3.1G       5.7M        50M       319M

MemTotal:        4016004 kB
MemFree:         3245484 kB
Active:           415860 kB
Mem:          3.8G       752M       3.1G       5.7M        50M       319M

MemTotal:        4016004 kB
MemFree:         3245980 kB
Active:           415812 kB
Mem:          3.8G       752M       3.1G       5.7M        50M       319M

MemTotal:        4016004 kB
MemFree:         3245980 kB
Active:           415832 kB
Mem:          3.8G       752M       3.1G       5.7M        50M       319M

MemTotal:        4016004 kB
MemFree:         3245980 kB
Active:           415816 kB
Mem:          3.8G       751M       3.1G       5.7M        50M       319M

MemTotal:        4016004 kB
MemFree:         3246104 kB
Active:           415864 kB
Mem:          3.8G       751M       3.1G       5.7M        50M       319M

MemTotal:        4016004 kB
MemFree:         3245980 kB
Active:           415864 kB
Mem:          3.8G       751M       3.1G       5.7M        50M       319M

MemTotal:        4016004 kB
MemFree:         3246352 kB
Active:           415856 kB
Mem:          3.8G       751M       3.1G       5.7M        50M       319M

MemTotal:        4016004 kB
MemFree:         3245980 kB
Active:           415872 kB
Mem:          3.8G       751M       3.1G       5.7M        50M       319M

MemTotal:        4016004 kB
MemFree:         3245980 kB
Active:           415876 kB
Mem:          3.8G       751M       3.1G       5.7M        50M       319M

MemTotal:        4016004 kB
MemFree:         3246228 kB
Active:           415852 kB
Mem:          3.8G       751M       3.1G       5.7M        50M       319M

MemTotal:        4016004 kB
MemFree:         3246352 kB
Active:           415872 kB
Mem:          3.8G       751M       3.1G       5.7M        50M       319M

MemTotal:        4016004 kB
MemFree:         3245856 kB
Active:           415880 kB
Mem:          3.8G       751M       3.1G       5.7M        50M       319M

MemTotal:        4016004 kB
MemFree:         3246104 kB
Active:           415884 kB
Mem:          3.8G       751M       3.1G       5.7M        50M       319M

MemTotal:        4016004 kB
MemFree:         3244056 kB
Active:           415880 kB
Mem:          3.8G       753M       3.1G       5.7M        50M       319M

MemTotal:        4016004 kB
MemFree:         3243932 kB
Active:           415856 kB
Mem:          3.8G       753M       3.1G       5.7M        50M       319M

MemTotal:        4016004 kB
MemFree:         3243932 kB
Active:           417888 kB
Mem:          3.8G       754M       3.1G       5.7M        50M       319M

MemTotal:        4016004 kB
MemFree:         3243560 kB
Active:           417920 kB
Mem:          3.8G       754M       3.1G       5.7M        50M       319M

MemTotal:        4016004 kB
MemFree:         3243932 kB
Active:           417864 kB
Mem:          3.8G       753M       3.1G       5.7M        50M       319M

MemTotal:        4016004 kB
MemFree:         3244304 kB
Active:           417912 kB
Mem:          3.8G       753M       3.1G       5.7M        50M       319M

MemTotal:        4016004 kB
MemFree:         3243808 kB
Active:           417920 kB
Mem:          3.8G       753M       3.1G       5.7M        50M       319M

MemTotal:        4016004 kB
MemFree:         3244180 kB
Active:           417916 kB
Mem:          3.8G       753M       3.1G       5.7M        50M       319M

MemTotal:        4016004 kB
MemFree:         3243932 kB
Active:           417896 kB
Mem:          3.8G       753M       3.1G       5.7M        50M       319M

MemTotal:        4016004 kB
MemFree:         3244180 kB
Active:           417892 kB
Mem:          3.8G       753M       3.1G       5.7M        50M       319M

MemTotal:        4016004 kB
MemFree:         3243544 kB
Active:           417928 kB
Mem:          3.8G       754M       3.1G       5.7M        50M       319M

MemTotal:        4016004 kB
MemFree:         3243560 kB
Active:           417928 kB
Mem:          3.8G       754M       3.1G       5.7M        50M       319M

MemTotal:        4016004 kB
MemFree:         3244056 kB
Active:           417932 kB
Mem:          3.8G       753M       3.1G       5.7M        50M       319M

MemTotal:        4016004 kB
MemFree:         3244180 kB
Active:           417912 kB
Mem:          3.8G       753M       3.1G       5.7M        50M       319M

MemTotal:        4016004 kB
MemFree:         3244304 kB
Active:           417916 kB
Mem:          3.8G       753M       3.1G       5.7M        50M       319M

MemTotal:        4016004 kB
MemFree:         3243808 kB
Active:           417940 kB
Mem:          3.8G       753M       3.1G       5.7M        50M       319M

MemTotal:        4016004 kB
MemFree:         3243932 kB
Active:           417912 kB
Mem:          3.8G       753M       3.1G       5.7M        50M       319M

MemTotal:        4016004 kB
MemFree:         3244056 kB
Active:           417900 kB
Mem:          3.8G       753M       3.1G       5.7M        50M       319M

MemTotal:        4016004 kB
MemFree:         3244056 kB
Active:           417904 kB
Mem:          3.8G       753M       3.1G       5.7M        50M       319M

MemTotal:        4016004 kB
MemFree:         3243932 kB
Active:           417944 kB
Mem:          3.8G       754M       3.1G       5.7M        50M       319M

MemTotal:        4016004 kB
MemFree:         3243684 kB
Active:           417904 kB
Mem:          3.8G       754M       3.1G       5.7M        50M       319M

MemTotal:        4016004 kB
MemFree:         3243684 kB
Active:           417940 kB
Mem:          3.8G       754M       3.1G       5.7M        50M       319M

MemTotal:        4016004 kB
MemFree:         3244056 kB
Active:           417932 kB
Mem:          3.8G       754M       3.1G       5.7M        50M       319M

MemTotal:        4016004 kB
MemFree:         3243808 kB
Active:           417952 kB
Mem:          3.8G       754M       3.1G       5.7M        50M       319M

MemTotal:        4016004 kB
MemFree:         3244304 kB
Active:           417920 kB
Mem:          3.8G       753M       3.1G       5.7M        50M       319M

MemTotal:        4016004 kB
MemFree:         3244304 kB
Active:           417916 kB
Mem:          3.8G       753M       3.1G       5.7M        50M       319M

MemTotal:        4016004 kB
MemFree:         3243932 kB
Active:           417952 kB
Mem:          3.8G       753M       3.1G       5.7M        50M       319M

MemTotal:        4016004 kB
MemFree:         3244056 kB
Active:           417932 kB
Mem:          3.8G       753M       3.1G       5.7M        50M       319M

MemTotal:        4016004 kB
MemFree:         3244180 kB
Active:           417932 kB
Mem:          3.8G       753M       3.1G       5.7M        50M       319M

MemTotal:        4016004 kB
MemFree:         3244180 kB
Active:           417932 kB
Mem:          3.8G       753M       3.1G       5.7M        50M       319M

MemTotal:        4016004 kB
MemFree:         3243560 kB
Active:           417976 kB
Mem:          3.8G       754M       3.1G       5.7M        50M       319M

MemTotal:        4016004 kB
MemFree:         3243560 kB
Active:           417944 kB
Mem:          3.8G       754M       3.1G       5.7M        50M       319M

MemTotal:        4016004 kB
MemFree:         3243932 kB
Active:           417936 kB
Mem:          3.8G       754M       3.1G       5.7M        50M       319M

MemTotal:        4016004 kB
MemFree:         3243428 kB
Active:           417984 kB
Mem:          3.8G       754M       3.1G       5.7M        50M       319M

MemTotal:        4016004 kB
MemFree:         3243552 kB
Active:           417960 kB
Mem:          3.8G       754M       3.1G       5.7M        50M       319M

MemTotal:        4016004 kB
MemFree:         3243676 kB
Active:           417980 kB
Mem:          3.8G       754M       3.1G       5.7M        50M       319M

MemTotal:        4016004 kB
MemFree:         3243304 kB
Active:           417984 kB
Mem:          3.8G       754M       3.1G       5.7M        50M       319M

MemTotal:        4016004 kB
MemFree:         3243180 kB
Active:           417984 kB
Mem:          3.8G       754M       3.1G       5.7M        50M       319M

MemTotal:        4016004 kB
MemFree:         3243676 kB
Active:           417972 kB
Mem:          3.8G       754M       3.1G       5.7M        50M       319M

MemTotal:        4016004 kB
MemFree:         3243908 kB
Active:           418088 kB
Mem:          3.8G       754M       3.1G       5.7M        50M       319M

MemTotal:        4016004 kB
MemFree:         3204240 kB
Active:           418340 kB
Mem:          3.8G       793M       3.1G       5.7M        50M       359M

MemTotal:        4016004 kB
MemFree:         3159876 kB
Active:           418364 kB
Mem:          3.8G       836M       3.0G       5.7M        50M       401M

MemTotal:        4016004 kB
MemFree:         3116256 kB
Active:           418384 kB
Mem:          3.8G       878M       3.0G       5.7M        50M       443M

MemTotal:        4016004 kB
MemFree:         3072000 kB
Active:           418404 kB
Mem:          3.8G       922M       2.9G       5.7M        50M       485M

MemTotal:        4016004 kB
MemFree:         3028132 kB
Active:           418428 kB
Mem:          3.8G       964M       2.9G       5.7M        50M       527M

MemTotal:        4016004 kB
MemFree:         2983892 kB
Active:           418464 kB
Mem:          3.8G       1.0G       2.8G       5.7M        50M       570M

MemTotal:        4016004 kB
MemFree:         2940520 kB
Active:           418484 kB
Mem:          3.8G       1.0G       2.8G       5.7M        50M       611M

MemTotal:        4016004 kB
MemFree:         2913440 kB
Active:           418504 kB
Mem:          3.8G       1.1G       2.8G       5.7M        51M       637M

MemTotal:        4016004 kB
MemFree:         2889624 kB
Active:           418516 kB
Mem:          3.8G       1.1G       2.8G       5.7M        51M       661M

MemTotal:        4016004 kB
MemFree:         2845756 kB
Active:           418544 kB
Mem:          3.8G       1.1G       2.7G       5.7M        51M       703M

MemTotal:        4016004 kB
MemFree:         2800896 kB
Active:           418616 kB
Mem:          3.8G       1.2G       2.7G       5.7M        51M       746M

MemTotal:        4016004 kB
MemFree:         2756436 kB
Active:           418636 kB
Mem:          3.8G       1.2G       2.6G       5.7M        51M       788M

MemTotal:        4016004 kB
MemFree:         2712632 kB
Active:           418644 kB
Mem:          3.8G       1.2G       2.6G       5.7M        51M       830M

MemTotal:        4016004 kB
MemFree:         2690760 kB
Active:           418624 kB
Mem:          3.8G       1.3G       2.6G       5.7M        51M       851M

MemTotal:        4016004 kB
MemFree:         2687112 kB
Active:           418688 kB
Mem:          3.8G       1.3G       2.6G       5.7M        51M       854M

MemTotal:        4016004 kB
MemFree:         2659240 kB
Active:           418708 kB
Mem:          3.8G       1.3G       2.5G       5.7M        51M       882M

MemTotal:        4016004 kB
MemFree:         2615064 kB
Active:           418720 kB
Mem:          3.8G       1.3G       2.5G       5.7M        51M       924M

MemTotal:        4016004 kB
MemFree:         2571108 kB
Active:           418744 kB
Mem:          3.8G       1.4G       2.5G       5.7M        51M       966M

MemTotal:        4016004 kB
MemFree:         2526344 kB
Active:           418788 kB
Mem:          3.8G       1.4G       2.4G       5.7M        51M       1.0G

MemTotal:        4016004 kB
MemFree:         2483468 kB
Active:           418764 kB
Mem:          3.8G       1.5G       2.4G       5.7M        51M       1.0G

MemTotal:        4016004 kB
MemFree:         2440344 kB
Active:           418840 kB
Mem:          3.8G       1.5G       2.3G       5.7M        51M       1.1G

MemTotal:        4016004 kB
MemFree:         2395856 kB
Active:           418868 kB
Mem:          3.8G       1.5G       2.3G       5.7M        51M       1.1G

MemTotal:        4016004 kB
MemFree:         2351492 kB
Active:           418864 kB
Mem:          3.8G       1.6G       2.2G       5.7M        51M       1.1G

MemTotal:        4016004 kB
MemFree:         2307252 kB
Active:           418872 kB
Mem:          3.8G       1.6G       2.2G       5.7M        51M       1.2G

MemTotal:        4016004 kB
MemFree:         2263808 kB
Active:           418888 kB
Mem:          3.8G       1.7G       2.2G       5.7M        51M       1.2G

MemTotal:        4016004 kB
MemFree:         2234152 kB
Active:           418952 kB
Mem:          3.8G       1.7G       2.1G       5.7M        51M       1.3G

MemTotal:        4016004 kB
MemFree:         2209016 kB
Active:           418948 kB
Mem:          3.8G       1.7G       2.1G       5.7M        51M       1.3G

MemTotal:        4016004 kB
MemFree:         2165584 kB
Active:           418996 kB
Mem:          3.8G       1.8G       2.1G       5.7M        51M       1.3G

MemTotal:        4016004 kB
MemFree:         2121580 kB
Active:           418996 kB
Mem:          3.8G       1.8G       2.0G       5.7M        51M       1.4G

MemTotal:        4016004 kB
MemFree:         2077112 kB
Active:           419048 kB
Mem:          3.8G       1.8G       2.0G       5.7M        51M       1.4G

MemTotal:        4016004 kB
MemFree:         2032720 kB
Active:           419068 kB
Mem:          3.8G       1.9G       1.9G       5.7M        51M       1.4G

MemTotal:        4016004 kB
MemFree:         1988364 kB
Active:           419088 kB
Mem:          3.8G       1.9G       1.9G       5.7M        51M       1.5G

MemTotal:        4016004 kB
MemFree:         1943876 kB
Active:           419124 kB
Mem:          3.8G       2.0G       1.9G       5.7M        51M       1.5G

MemTotal:        4016004 kB
MemFree:         1899884 kB
Active:           419144 kB
Mem:          3.8G       2.0G       1.8G       5.7M        51M       1.6G

MemTotal:        4016004 kB
MemFree:         1879132 kB
Active:           419164 kB
Mem:          3.8G       2.0G       1.8G       5.7M        51M       1.6G

MemTotal:        4016004 kB
MemFree:         1857044 kB
Active:           419176 kB
Mem:          3.8G       2.1G       1.8G       5.7M        51M       1.6G

MemTotal:        4016004 kB
MemFree:         1813548 kB
Active:           419156 kB
Mem:          3.8G       2.1G       1.7G       5.7M        51M       1.7G

MemTotal:        4016004 kB
MemFree:         1778608 kB
Active:           419172 kB
Mem:          3.8G       2.1G       1.7G       5.7M        51M       1.7G

MemTotal:        4016004 kB
MemFree:         1771820 kB
Active:           419260 kB
Mem:          3.8G       2.1G       1.7G       5.7M        51M       1.7G

MemTotal:        4016004 kB
MemFree:         1727744 kB
Active:           419280 kB
Mem:          3.8G       2.2G       1.6G       5.7M        51M       1.7G

MemTotal:        4016004 kB
MemFree:         1683956 kB
Active:           419304 kB
Mem:          3.8G       2.2G       1.6G       5.7M        51M       1.8G

MemTotal:        4016004 kB
MemFree:         1641280 kB
Active:           419328 kB
Mem:          3.8G       2.3G       1.6G       5.7M        51M       1.8G

MemTotal:        4016004 kB
MemFree:         1596544 kB
Active:           419348 kB
Mem:          3.8G       2.3G       1.5G       5.7M        51M       1.9G

MemTotal:        4016004 kB
MemFree:         1552924 kB
Active:           419372 kB
Mem:          3.8G       2.3G       1.5G       5.7M        51M       1.9G

MemTotal:        4016004 kB
MemFree:         1510056 kB
Active:           419352 kB
Mem:          3.8G       2.4G       1.4G       5.7M        51M       1.9G

MemTotal:        4016004 kB
MemFree:         1466560 kB
Active:           419424 kB
Mem:          3.8G       2.4G       1.4G       5.7M        51M       2.0G

MemTotal:        4016004 kB
MemFree:         1426912 kB
Active:           424532 kB
Mem:          3.8G       2.5G       1.4G       5.7M        55M       2.0G

MemTotal:        4016004 kB
MemFree:         1385448 kB
Active:           426404 kB
Mem:          3.8G       2.5G       1.3G       5.7M        57M       2.1G

MemTotal:        4016004 kB
MemFree:         1338620 kB
Active:           426636 kB
Mem:          3.8G       2.6G       1.3G       5.7M        57M       2.1G

MemTotal:        4016004 kB
MemFree:         1314616 kB
Active:           426376 kB
Mem:          3.8G       2.6G       1.3G       5.7M        58M       2.1G

MemTotal:        4016004 kB
MemFree:         1314204 kB
Active:           426392 kB
Mem:          3.8G       2.6G       1.3G       5.7M        58M       2.1G

MemTotal:        4016004 kB
MemFree:         1314720 kB
Active:           426364 kB
Mem:          3.8G       2.6G       1.3G       5.7M        58M       2.1G

MemTotal:        4016004 kB
MemFree:         1314724 kB
Active:           426404 kB
Mem:          3.8G       2.6G       1.3G       5.7M        58M       2.1G

MemTotal:        4016004 kB
MemFree:         1295028 kB
Active:           426412 kB
Mem:          3.8G       2.6G       1.2G       5.7M        58M       2.1G

MemTotal:        4016004 kB
MemFree:         1250912 kB
Active:           426376 kB
Mem:          3.8G       2.6G       1.2G       5.7M        58M       2.2G

MemTotal:        4016004 kB
MemFree:         1204068 kB
Active:           426420 kB
Mem:          3.8G       2.7G       1.1G       5.7M        58M       2.2G

MemTotal:        4016004 kB
MemFree:         1159704 kB
Active:           426372 kB
Mem:          3.8G       2.7G       1.1G       5.7M        58M       2.3G

MemTotal:        4016004 kB
MemFree:         1115324 kB
Active:           426420 kB
Mem:          3.8G       2.8G       1.1G       5.7M        58M       2.3G

MemTotal:        4016004 kB
MemFree:         1067720 kB
Active:           426428 kB
Mem:          3.8G       2.8G       1.0G       5.7M        58M       2.3G

MemTotal:        4016004 kB
MemFree:         1020488 kB
Active:           426436 kB
Mem:          3.8G       2.9G       996M       5.7M        58M       2.4G

MemTotal:        4016004 kB
MemFree:          991244 kB
Active:           426436 kB
Mem:          3.8G       2.9G       967M       5.7M        58M       2.4G

MemTotal:        4016004 kB
MemFree:          990912 kB
Active:           426436 kB
Mem:          3.8G       2.9G       967M       5.7M        58M       2.4G

MemTotal:        4016004 kB
MemFree:          991040 kB
Active:           426444 kB
Mem:          3.8G       2.9G       967M       5.7M        58M       2.4G

MemTotal:        4016004 kB
MemFree:          949840 kB
Active:           426484 kB
Mem:          3.8G       2.9G       927M       5.7M        58M       2.5G

MemTotal:        4016004 kB
MemFree:          904684 kB
Active:           426576 kB
Mem:          3.8G       3.0G       883M       5.7M        58M       2.5G

MemTotal:        4016004 kB
MemFree:          857624 kB
Active:           426576 kB
Mem:          3.8G       3.0G       837M       5.7M        58M       2.5G

MemTotal:        4016004 kB
MemFree:          811028 kB
Active:           426576 kB
Mem:          3.8G       3.1G       791M       5.7M        58M       2.6G

MemTotal:        4016004 kB
MemFree:          766416 kB
Active:           426576 kB
Mem:          3.8G       3.1G       747M       5.7M        58M       2.6G

MemTotal:        4016004 kB
MemFree:          719804 kB
Active:           426588 kB
Mem:          3.8G       3.1G       702M       5.7M        58M       2.7G

MemTotal:        4016004 kB
MemFree:          672696 kB
Active:           426588 kB
Mem:          3.8G       3.2G       656M       5.7M        58M       2.7G

MemTotal:        4016004 kB
MemFree:          627028 kB
Active:           426588 kB
Mem:          3.8G       3.2G       612M       5.7M        58M       2.8G

MemTotal:        4016004 kB
MemFree:          580496 kB
Active:           426588 kB
Mem:          3.8G       3.3G       566M       5.7M        58M       2.8G

MemTotal:        4016004 kB
MemFree:          548780 kB
Active:           426588 kB
Mem:          3.8G       3.3G       535M       5.7M        58M       2.8G

MemTotal:        4016004 kB
MemFree:          501428 kB
Active:           426624 kB
Mem:          3.8G       3.4G       489M       5.7M        58M       2.9G

MemTotal:        4016004 kB
MemFree:          455360 kB
Active:           426580 kB
Mem:          3.8G       3.4G       444M       5.7M        58M       2.9G

MemTotal:        4016004 kB
MemFree:          409928 kB
Active:           426600 kB
Mem:          3.8G       3.4G       400M       5.7M        58M       3.0G

MemTotal:        4016004 kB
MemFree:          363752 kB
Active:           426624 kB
Mem:          3.8G       3.5G       355M       5.7M        58M       3.0G

MemTotal:        4016004 kB
MemFree:          316040 kB
Active:           426624 kB
Mem:          3.8G       3.5G       308M       5.7M        58M       3.1G

MemTotal:        4016004 kB
MemFree:          269568 kB
Active:           426616 kB
Mem:          3.8G       3.6G       262M       5.7M        58M       3.1G

MemTotal:        4016004 kB
MemFree:          224196 kB
Active:           426612 kB
Mem:          3.8G       3.6G       218M       5.7M        58M       3.1G

MemTotal:        4016004 kB
MemFree:          179460 kB
Active:           426616 kB
Mem:          3.8G       3.7G       174M       5.7M        58M       3.2G

MemTotal:        4016004 kB
MemFree:          135240 kB
Active:           426632 kB
Mem:          3.8G       3.7G       131M       5.7M        58M       3.2G

MemTotal:        4016004 kB
MemFree:          125996 kB
Active:           424144 kB
Mem:          3.8G       3.7G       140M       5.7M        25M       3.2G

MemTotal:        4016004 kB
MemFree:          104772 kB
Active:           440360 kB
Mem:          3.8G       3.7G       110M       5.7M        25M       3.3G

MemTotal:        4016004 kB
MemFree:          120528 kB
Active:           469136 kB
Mem:          3.8G       3.7G       117M       5.7M        25M       3.3G

MemTotal:        4016004 kB
MemFree:          104484 kB
Active:           469304 kB
Mem:          3.8G       3.7G       103M       5.7M        25M       3.3G

MemTotal:        4016004 kB
MemFree:          139000 kB
Active:           486732 kB
Mem:          3.8G       3.7G       124M       5.7M        25M       3.3G

MemTotal:        4016004 kB
MemFree:          121808 kB
Active:           478304 kB
Mem:          3.8G       3.7G       118M       5.7M        25M       3.3G

MemTotal:        4016004 kB
MemFree:          128036 kB
Active:           470584 kB
Mem:          3.8G       3.7G       124M       5.7M        25M       3.3G

MemTotal:        4016004 kB
MemFree:          120376 kB
Active:           467128 kB
Mem:          3.8G       3.7G       117M       5.7M        25M       3.3G

MemTotal:        4016004 kB
MemFree:          109228 kB
Active:           461720 kB
Mem:          3.8G       3.7G       106M       5.7M        25M       3.3G

MemTotal:        4016004 kB
MemFree:          115084 kB
Active:           455960 kB
Mem:          3.8G       3.7G       112M       5.7M        25M       3.3G

MemTotal:        4016004 kB
MemFree:          124888 kB
Active:           450972 kB
Mem:          3.8G       3.7G       122M       5.7M        25M       3.3G

MemTotal:        4016004 kB
MemFree:          116252 kB
Active:           448668 kB
Mem:          3.8G       3.7G       113M       5.7M        25M       3.3G

MemTotal:        4016004 kB
MemFree:          107840 kB
Active:           447516 kB
Mem:          3.8G       3.7G       104M       5.7M        25M       3.3G

MemTotal:        4016004 kB
MemFree:          110376 kB
Active:           443792 kB
Mem:          3.8G       3.7G       107M       5.7M        25M       3.3G

MemTotal:        4016004 kB
MemFree:          125364 kB
Active:           443048 kB
Mem:          3.8G       3.7G       122M       5.7M        25M       3.3G

MemTotal:        4016004 kB
MemFree:          107468 kB
Active:           443064 kB
Mem:          3.8G       3.7G       104M       5.7M        25M       3.3G

MemTotal:        4016004 kB
MemFree:          134532 kB
Active:           440892 kB
Mem:          3.8G       3.7G       131M       5.7M        25M       3.3G

MemTotal:        4016004 kB
MemFree:          126024 kB
Active:           439740 kB
Mem:          3.8G       3.7G       123M       5.7M        25M       3.3G

MemTotal:        4016004 kB
MemFree:          109524 kB
Active:           436716 kB
Mem:          3.8G       3.7G       106M       5.7M        25M       3.3G

MemTotal:        4016004 kB
MemFree:          126348 kB
Active:           435060 kB
Mem:          3.8G       3.7G       122M       5.7M        25M       3.3G

MemTotal:        4016004 kB
MemFree:          121560 kB
Active:           433400 kB
Mem:          3.8G       3.7G       118M       5.7M        25M       3.3G

MemTotal:        4016004 kB
MemFree:          107112 kB
Active:           432376 kB
Mem:          3.8G       3.7G       104M       5.7M        25M       3.3G

MemTotal:        4016004 kB
MemFree:          128384 kB
Active:           428360 kB
Mem:          3.8G       3.7G       125M       5.7M        25M       3.3G

MemTotal:        4016004 kB
MemFree:          120060 kB
Active:           427208 kB
Mem:          3.8G       3.7G       117M       5.7M        25M       3.3G

MemTotal:        4016004 kB
MemFree:          124276 kB
Active:           425276 kB
Mem:          3.8G       3.7G       120M       5.7M        25M       3.3G

MemTotal:        4016004 kB
MemFree:          113648 kB
Active:           424016 kB
Mem:          3.8G       3.7G       110M       5.7M        25M       3.3G

MemTotal:        4016004 kB
MemFree:          130640 kB
Active:           422352 kB
Mem:          3.8G       3.7G       127M       5.7M        25M       3.3G

MemTotal:        4016004 kB
MemFree:          108156 kB
Active:           422224 kB
Mem:          3.8G       3.7G       105M       5.7M        25M       3.3G

MemTotal:        4016004 kB
MemFree:          107196 kB
Active:           422240 kB
Mem:          3.8G       3.7G       104M       5.7M        25M       3.3G

MemTotal:        4016004 kB
MemFree:          107464 kB
Active:           422248 kB
Mem:          3.8G       3.7G       104M       5.7M        25M       3.3G

MemTotal:        4016004 kB
MemFree:          107624 kB
Active:           422240 kB
Mem:          3.8G       3.7G       104M       5.7M        25M       3.3G

MemTotal:        4016004 kB
MemFree:          116196 kB
Active:           421236 kB
Mem:          3.8G       3.7G       112M       5.7M        25M       3.3G

MemTotal:        4016004 kB
MemFree:          106788 kB
Active:           419960 kB
Mem:          3.8G       3.7G       104M       5.7M        25M       3.3G

MemTotal:        4016004 kB
MemFree:          112148 kB
Active:           418168 kB
Mem:          3.8G       3.7G       109M       5.7M        25M       3.3G

MemTotal:        4016004 kB
MemFree:          128188 kB
Active:           414576 kB
Mem:          3.8G       3.7G       125M       5.7M        25M       3.3G

MemTotal:        4016004 kB
MemFree:          110556 kB
Active:           414064 kB
Mem:          3.8G       3.7G       107M       5.7M        25M       3.3G

MemTotal:        4016004 kB
MemFree:          109780 kB
Active:           414068 kB
Mem:          3.8G       3.7G       106M       5.7M        25M       3.3G

MemTotal:        4016004 kB
MemFree:          107132 kB
Active:           414312 kB
Mem:          3.8G       3.7G       104M       5.7M        25M       3.3G

MemTotal:        4016004 kB
MemFree:          127976 kB
Active:           412204 kB
Mem:          3.8G       3.7G       124M       5.7M        25M       3.3G

MemTotal:        4016004 kB
MemFree:          132056 kB
Active:           410680 kB
Mem:          3.8G       3.7G       128M       5.7M        25M       3.3G

MemTotal:        4016004 kB
MemFree:          133952 kB
Active:           406808 kB
Mem:          3.8G       3.7G       131M       5.7M        25M       3.3G

MemTotal:        4016004 kB
MemFree:          125684 kB
Active:           405548 kB
Mem:          3.8G       3.7G       122M       5.7M        25M       3.3G

MemTotal:        4016004 kB
MemFree:          129884 kB
Active:           403884 kB
Mem:          3.8G       3.7G       126M       5.7M        25M       3.3G

MemTotal:        4016004 kB
MemFree:          133440 kB
Active:           400216 kB
Mem:          3.8G       3.7G       130M       5.7M        25M       3.3G

MemTotal:        4016004 kB
MemFree:          138184 kB
Active:           396336 kB
Mem:          3.8G       3.7G       135M       5.7M        25M       3.3G

MemTotal:        4016004 kB
MemFree:          129612 kB
Active:           395312 kB
Mem:          3.8G       3.7G       126M       5.7M        25M       3.3G

MemTotal:        4016004 kB
MemFree:          121692 kB
Active:           394176 kB
Mem:          3.8G       3.7G       118M       5.7M        25M       3.3G

MemTotal:        4016004 kB
MemFree:          134276 kB
Active:           392212 kB
Mem:          3.8G       3.7G       130M       5.7M        25M       3.3G

MemTotal:        4016004 kB
MemFree:          109796 kB
Active:           392108 kB
Mem:          3.8G       3.7G       106M       5.7M        25M       3.3G

MemTotal:        4016004 kB
MemFree:          117236 kB
Active:           390228 kB
Mem:          3.8G       3.7G       114M       5.7M        25M       3.3G

MemTotal:        4016004 kB
MemFree:          107644 kB
Active:           389076 kB
Mem:          3.8G       3.7G       105M       5.7M        25M       3.3G

MemTotal:        4016004 kB
MemFree:          135340 kB
Active:           384784 kB
Mem:          3.8G       3.7G       132M       5.7M        25M       3.3G

MemTotal:        4016004 kB
MemFree:          127008 kB
Active:           383252 kB
Mem:          3.8G       3.7G       123M       5.7M        25M       3.3G

MemTotal:        4016004 kB
MemFree:          128528 kB
Active:           381332 kB
Mem:          3.8G       3.7G       125M       5.7M        25M       3.3G

MemTotal:        4016004 kB
MemFree:          120328 kB
Active:           380320 kB
Mem:          3.8G       3.7G       117M       5.7M        25M       3.3G

MemTotal:        4016004 kB
MemFree:          110196 kB
Active:           379168 kB
Mem:          3.8G       3.7G       107M       5.7M        25M       3.3G

MemTotal:        4016004 kB
MemFree:          127696 kB
Active:           377212 kB
Mem:          3.8G       3.7G       124M       5.7M        25M       3.3G

MemTotal:        4016004 kB
MemFree:          112924 kB
Active:           376180 kB
Mem:          3.8G       3.7G       110M       5.7M        25M       3.3G

MemTotal:        4016004 kB
MemFree:          124632 kB
Active:           375676 kB
Mem:          3.8G       3.7G       121M       5.7M        25M       3.3G

MemTotal:        4016004 kB
MemFree:          127216 kB
Active:           374048 kB
Mem:          3.8G       3.7G       124M       5.7M        25M       3.3G

MemTotal:        4016004 kB
MemFree:          129224 kB
Active:           372408 kB
Mem:          3.8G       3.7G       125M       5.7M        25M       3.3G

MemTotal:        4016004 kB
MemFree:          137900 kB
Active:           370748 kB
Mem:          3.8G       3.7G       134M       5.7M        25M       3.2G

MemTotal:        4016004 kB
MemFree:          130496 kB
Active:           370748 kB
Mem:          3.8G       3.7G       126M       5.7M        25M       3.3G

MemTotal:        4016004 kB
MemFree:          120176 kB
Active:           370624 kB
Mem:          3.8G       3.7G       116M       5.7M        25M       3.3G

MemTotal:        4016004 kB
MemFree:          123520 kB
Active:           370624 kB
Mem:          3.8G       3.7G       120M       5.7M        25M       3.3G

MemTotal:        4016004 kB
MemFree:          131488 kB
Active:           370628 kB
Mem:          3.8G       3.7G       128M       5.7M        25M       3.3G

MemTotal:        4016004 kB
MemFree:          123952 kB
Active:           370636 kB
Mem:          3.8G       3.7G       120M       5.7M        25M       3.3G

MemTotal:        4016004 kB
MemFree:          109968 kB
Active:           370636 kB
Mem:          3.8G       3.7G       106M       5.7M        25M       3.3G

MemTotal:        4016004 kB
MemFree:          125776 kB
Active:           370624 kB
Mem:          3.8G       3.7G       122M       5.7M        25M       3.3G

MemTotal:        4016004 kB
MemFree:          124096 kB
Active:           370648 kB
Mem:          3.8G       3.7G       120M       5.7M        25M       3.3G

MemTotal:        4016004 kB
MemFree:          126544 kB
Active:           370656 kB
Mem:          3.8G       3.7G       123M       5.7M        25M       3.3G

MemTotal:        4016004 kB
MemFree:          105560 kB
Active:           370656 kB
Mem:          3.8G       3.7G       102M       5.7M        25M       3.3G

MemTotal:        4016004 kB
MemFree:          121892 kB
Active:           370508 kB
Mem:          3.8G       3.7G       119M       5.7M        25M       3.3G

MemTotal:        4016004 kB
MemFree:          121816 kB
Active:           370508 kB
Mem:          3.8G       3.7G       118M       5.7M        25M       3.3G

MemTotal:        4016004 kB
MemFree:          130856 kB
Active:           370528 kB
Mem:          3.8G       3.7G       127M       5.7M        25M       3.3G

MemTotal:        4016004 kB
MemFree:          124296 kB
Active:           370532 kB
Mem:          3.8G       3.7G       120M       5.7M        25M       3.3G

MemTotal:        4016004 kB
MemFree:          106900 kB
Active:           370488 kB
Mem:          3.8G       3.7G       103M       5.7M        25M       3.3G

MemTotal:        4016004 kB
MemFree:          128736 kB
Active:           370536 kB
Mem:          3.8G       3.7G       125M       5.7M        25M       3.3G

MemTotal:        4016004 kB
MemFree:          119796 kB
Active:           370548 kB
Mem:          3.8G       3.7G       116M       5.7M        25M       3.3G

MemTotal:        4016004 kB
MemFree:          120912 kB
Active:           370496 kB
Mem:          3.8G       3.7G       118M       5.7M        25M       3.3G

MemTotal:        4016004 kB
MemFree:          112552 kB
Active:           370440 kB
Mem:          3.8G       3.7G       109M       5.7M        25M       3.3G

MemTotal:        4016004 kB
MemFree:          115820 kB
Active:           370440 kB
Mem:          3.8G       3.7G       112M       5.7M        26M       3.3G

MemTotal:        4016004 kB
MemFree:          107448 kB
Active:           370476 kB
Mem:          3.8G       3.7G       104M       5.7M        26M       3.3G

MemTotal:        4016004 kB
MemFree:          135900 kB
Active:           370476 kB
Mem:          3.8G       3.7G       132M       5.7M        26M       3.3G

MemTotal:        4016004 kB
MemFree:          127192 kB
Active:           370748 kB
Mem:          3.8G       3.7G       123M       5.7M        26M       3.3G

MemTotal:        4016004 kB
MemFree:          117148 kB
Active:           370404 kB
Mem:          3.8G       3.7G       113M       5.7M        26M       3.3G

MemTotal:        4016004 kB
MemFree:          128204 kB
Active:           370404 kB
Mem:          3.8G       3.7G       124M       5.7M        26M       3.3G

MemTotal:        4016004 kB
MemFree:          127956 kB
Active:           370296 kB
Mem:          3.8G       3.7G       124M       5.7M        26M       3.3G

MemTotal:        4016004 kB
MemFree:          125464 kB
Active:           370348 kB
Mem:          3.8G       3.7G       122M       5.7M        26M       3.3G

MemTotal:        4016004 kB
MemFree:          110780 kB
Active:           370320 kB
Mem:          3.8G       3.7G       107M       5.7M        26M       3.3G

MemTotal:        4016004 kB
MemFree:          127240 kB
Active:           370360 kB
Mem:          3.8G       3.7G       123M       5.7M        26M       3.3G

MemTotal:        4016004 kB
MemFree:          127384 kB
Active:           370332 kB
Mem:          3.8G       3.7G       123M       5.7M        26M       3.3G

MemTotal:        4016004 kB
MemFree:          122876 kB
Active:           370360 kB
Mem:          3.8G       3.7G       119M       5.7M        26M       3.3G

MemTotal:        4016004 kB
MemFree:          126452 kB
Active:           370360 kB
Mem:          3.8G       3.7G       123M       5.7M        26M       3.3G

MemTotal:        4016004 kB
MemFree:          123512 kB
Active:           370360 kB
Mem:          3.8G       3.7G       120M       5.7M        26M       3.3G

MemTotal:        4016004 kB
MemFree:          127632 kB
Active:           370312 kB
Mem:          3.8G       3.7G       124M       5.7M        26M       3.3G

MemTotal:        4016004 kB
MemFree:          125572 kB
Active:           370356 kB
Mem:          3.8G       3.7G       122M       5.7M        26M       3.3G

MemTotal:        4016004 kB
MemFree:          126544 kB
Active:           370356 kB
Mem:          3.8G       3.7G       123M       5.7M        26M       3.3G

MemTotal:        4016004 kB
MemFree:          122012 kB
Active:           370348 kB
Mem:          3.8G       3.7G       119M       5.7M        26M       3.3G

MemTotal:        4016004 kB
MemFree:          126344 kB
Active:           370348 kB
Mem:          3.8G       3.7G       122M       5.7M        26M       3.3G

MemTotal:        4016004 kB
MemFree:          124800 kB
Active:           370352 kB
Mem:          3.8G       3.7G       121M       5.7M        26M       3.3G

MemTotal:        4016004 kB
MemFree:          127544 kB
Active:           370352 kB
Mem:          3.8G       3.7G       124M       5.7M        26M       3.3G

MemTotal:        4016004 kB
MemFree:          117424 kB
Active:           366440 kB
Mem:          3.8G       3.7G       125M       5.7M        26M       3.3G

MemTotal:        4016004 kB
MemFree:          125592 kB
Active:           366396 kB
Mem:          3.8G       3.7G       122M       5.7M        26M       3.3G

MemTotal:        4016004 kB
MemFree:          122388 kB
Active:           366456 kB
Mem:          3.8G       3.7G       126M       5.7M        26M       3.3G

MemTotal:        4016004 kB
MemFree:          126748 kB
Active:           366328 kB
Mem:          3.8G       3.7G       123M       5.7M        26M       3.3G

MemTotal:        4016004 kB
MemFree:          112228 kB
Active:           366328 kB
Mem:          3.8G       3.7G       109M       5.7M        26M       3.3G

MemTotal:        4016004 kB
MemFree:          127940 kB
Active:           366304 kB
Mem:          3.8G       3.7G       124M       5.7M        26M       3.3G

MemTotal:        4016004 kB
MemFree:          119784 kB
Active:           366328 kB
Mem:          3.8G       3.7G       116M       5.7M        26M       3.3G

MemTotal:        4016004 kB
MemFree:          132456 kB
Active:           363268 kB
Mem:          3.8G       3.7G       129M       5.7M        26M       3.3G

MemTotal:        4016004 kB
MemFree:          123868 kB
Active:           363032 kB
Mem:          3.8G       3.7G       120M       5.7M        26M       3.3G

MemTotal:        4016004 kB
MemFree:          128564 kB
Active:           363032 kB
Mem:          3.8G       3.7G       125M       5.7M        26M       3.3G

MemTotal:        4016004 kB
MemFree:          120368 kB
Active:           363032 kB
Mem:          3.8G       3.7G       117M       5.7M        26M       3.3G

MemTotal:        4016004 kB
MemFree:          112612 kB
Active:           363032 kB
Mem:          3.8G       3.7G       109M       5.7M        26M       3.3G

MemTotal:        4016004 kB
MemFree:          132876 kB
Active:           363040 kB
Mem:          3.8G       3.7G       129M       5.7M        26M       3.3G

MemTotal:        4016004 kB
MemFree:          121732 kB
Active:           363044 kB
Mem:          3.8G       3.7G       119M       5.7M        26M       3.3G

MemTotal:        4016004 kB
MemFree:          136236 kB
Active:           363044 kB
Mem:          3.8G       3.7G       132M       5.7M        26M       3.2G

MemTotal:        4016004 kB
MemFree:          128072 kB
Active:           363036 kB
Mem:          3.8G       3.7G       124M       5.7M        26M       3.3G

MemTotal:        4016004 kB
MemFree:          127968 kB
Active:           361156 kB
Mem:          3.8G       3.7G       124M       5.7M        26M       3.3G

MemTotal:        4016004 kB
MemFree:          117856 kB
Active:           360980 kB
Mem:          3.8G       3.7G       115M       5.7M        26M       3.3G

MemTotal:        4016004 kB
MemFree:          120468 kB
Active:           360980 kB
Mem:          3.8G       3.7G       117M       5.7M        26M       3.3G

MemTotal:        4016004 kB
MemFree:          124412 kB
Active:           360984 kB
Mem:          3.8G       3.7G       121M       5.7M        26M       3.3G

MemTotal:        4016004 kB
MemFree:          116056 kB
Active:           360988 kB
Mem:          3.8G       3.7G       112M       5.7M        26M       3.3G

MemTotal:        4016004 kB
MemFree:          107360 kB
Active:           360940 kB
Mem:          3.8G       3.7G       104M       5.7M        26M       3.3G

MemTotal:        4016004 kB
MemFree:          129604 kB
Active:           360996 kB
Mem:          3.8G       3.7G       126M       5.7M        26M       3.3G

MemTotal:        4016004 kB
MemFree:          110224 kB
Active:           360996 kB
Mem:          3.8G       3.7G       106M       5.7M        26M       3.3G

MemTotal:        4016004 kB
MemFree:          126708 kB
Active:           360960 kB
Mem:          3.8G       3.7G       123M       5.7M        26M       3.3G

MemTotal:        4016004 kB
MemFree:          128552 kB
Active:           360288 kB
Mem:          3.8G       3.7G       125M       5.7M        26M       3.3G

MemTotal:        4016004 kB
MemFree:          127548 kB
Active:           360224 kB
Mem:          3.8G       3.7G       124M       5.7M        26M       3.3G

MemTotal:        4016004 kB
MemFree:          108320 kB
Active:           360224 kB
Mem:          3.8G       3.7G       105M       5.7M        26M       3.3G

MemTotal:        4016004 kB
MemFree:          129008 kB
Active:           360228 kB
Mem:          3.8G       3.7G       125M       5.7M        26M       3.3G

MemTotal:        4016004 kB
MemFree:          108412 kB
Active:           360228 kB
Mem:          3.8G       3.7G       105M       5.7M        26M       3.3G

MemTotal:        4016004 kB
MemFree:          125104 kB
Active:           360228 kB
Mem:          3.8G       3.7G       121M       5.7M        26M       3.3G

MemTotal:        4016004 kB
MemFree:          109312 kB
Active:           360236 kB
Mem:          3.8G       3.7G       106M       5.7M        26M       3.3G

MemTotal:        4016004 kB
MemFree:          131396 kB
Active:           360240 kB
Mem:          3.8G       3.7G       127M       5.7M        26M       3.2G

MemTotal:        4016004 kB
MemFree:          117760 kB
Active:           360240 kB
Mem:          3.8G       3.7G       114M       5.7M        26M       3.3G

MemTotal:        4016004 kB
MemFree:          109856 kB
Active:           360244 kB
Mem:          3.8G       3.7G       107M       5.7M        26M       3.3G

MemTotal:        4016004 kB
MemFree:          119732 kB
Active:           360244 kB
Mem:          3.8G       3.7G       116M       5.7M        26M       3.3G

MemTotal:        4016004 kB
MemFree:          119840 kB
Active:           352560 kB
Mem:          3.8G       3.7G       116M       5.7M        26M       3.3G

MemTotal:        4016004 kB
MemFree:          116876 kB
Active:           352560 kB
Mem:          3.8G       3.7G       114M       5.7M        26M       3.3G

MemTotal:        4016004 kB
MemFree:          110456 kB
Active:           352560 kB
Mem:          3.8G       3.7G       107M       5.7M        26M       3.3G

MemTotal:        4016004 kB
MemFree:          120704 kB
Active:           352560 kB
Mem:          3.8G       3.7G       117M       5.7M        26M       3.3G

MemTotal:        4016004 kB
MemFree:          112736 kB
Active:           352560 kB
Mem:          3.8G       3.7G       109M       5.7M        26M       3.3G

MemTotal:        4016004 kB
MemFree:          127836 kB
Active:           352572 kB
Mem:          3.8G       3.7G       124M       5.7M        26M       3.3G

MemTotal:        4016004 kB
MemFree:          119932 kB
Active:           352572 kB
Mem:          3.8G       3.7G       116M       5.7M        26M       3.3G

MemTotal:        4016004 kB
MemFree:          128152 kB
Active:           352572 kB
Mem:          3.8G       3.7G       125M       5.7M        26M       3.3G

MemTotal:        4016004 kB
MemFree:          125968 kB
Active:           352572 kB
Mem:          3.8G       3.7G       122M       5.7M        26M       3.3G

MemTotal:        4016004 kB
MemFree:          106624 kB
Active:           352572 kB
Mem:          3.8G       3.7G       103M       5.7M        26M       3.3G

MemTotal:        4016004 kB
MemFree:          128604 kB
Active:           351340 kB
Mem:          3.8G       3.7G       125M       5.7M        26M       3.3G

MemTotal:        4016004 kB
MemFree:          121012 kB
Active:           351232 kB
Mem:          3.8G       3.7G       118M       5.7M        26M       3.3G

MemTotal:        4016004 kB
MemFree:          112360 kB
Active:           351232 kB
Mem:          3.8G       3.7G       109M       5.7M        26M       3.3G

MemTotal:        4016004 kB
MemFree:          122664 kB
Active:           351228 kB
Mem:          3.8G       3.7G       119M       5.7M        26M       3.3G

MemTotal:        4016004 kB
MemFree:          114012 kB
Active:           351232 kB
Mem:          3.8G       3.7G       110M       5.7M        26M       3.3G

MemTotal:        4016004 kB
MemFree:          105632 kB
Active:           351240 kB
Mem:          3.8G       3.7G       102M       5.7M        26M       3.3G

MemTotal:        4016004 kB
MemFree:          116992 kB
Active:           351240 kB
Mem:          3.8G       3.7G       114M       5.7M        26M       3.3G

MemTotal:        4016004 kB
MemFree:          108308 kB
Active:           351232 kB
Mem:          3.8G       3.7G       105M       5.7M        26M       3.3G

MemTotal:        4016004 kB
MemFree:          125028 kB
Active:           351244 kB
Mem:          3.8G       3.7G       121M       5.7M        26M       3.3G

MemTotal:        4016004 kB
MemFree:          129460 kB
Active:           351248 kB
Mem:          3.8G       3.7G       126M       5.7M        26M       3.2G

MemTotal:        4016004 kB
MemFree:          129136 kB
Active:           351252 kB
Mem:          3.8G       3.7G       126M       5.7M        26M       3.2G

MemTotal:        4016004 kB
MemFree:          129792 kB
Active:           351200 kB
Mem:          3.8G       3.7G       126M       5.7M        26M       3.2G

MemTotal:        4016004 kB
MemFree:          123048 kB
Active:           351196 kB
Mem:          3.8G       3.7G       119M       5.7M        26M       3.3G

MemTotal:        4016004 kB
MemFree:          125568 kB
Active:           351256 kB
Mem:          3.8G       3.7G       122M       5.7M        26M       3.3G

MemTotal:        4016004 kB
MemFree:          135028 kB
Active:           351260 kB
Mem:          3.8G       3.7G       131M       5.7M        26M       3.2G

MemTotal:        4016004 kB
MemFree:          125576 kB
Active:           351268 kB
Mem:          3.8G       3.7G       122M       5.7M        26M       3.3G

MemTotal:        4016004 kB
MemFree:          107452 kB
Active:           349320 kB
Mem:          3.8G       3.7G       104M       5.7M        26M       3.3G

MemTotal:        4016004 kB
MemFree:          135224 kB
Active:           349320 kB
Mem:          3.8G       3.7G       131M       5.7M        26M       3.2G

MemTotal:        4016004 kB
MemFree:          125180 kB
Active:           349320 kB
Mem:          3.8G       3.7G       121M       5.7M        26M       3.3G

MemTotal:        4016004 kB
MemFree:          128620 kB
Active:           349320 kB
Mem:          3.8G       3.7G       124M       5.7M        26M       3.3G

MemTotal:        4016004 kB
MemFree:          121152 kB
Active:           349320 kB
Mem:          3.8G       3.7G       118M       5.7M        26M       3.3G

MemTotal:        4016004 kB
MemFree:          106224 kB
Active:           349332 kB
Mem:          3.8G       3.7G       104M       5.7M        26M       3.3G

MemTotal:        4016004 kB
MemFree:          128556 kB
Active:           349344 kB
Mem:          3.8G       3.7G       124M       5.7M        26M       3.3G

MemTotal:        4016004 kB
MemFree:          119724 kB
Active:           349300 kB
Mem:          3.8G       3.7G       116M       5.7M        26M       3.3G

MemTotal:        4016004 kB
MemFree:          130360 kB
Active:           349340 kB
Mem:          3.8G       3.7G       126M       5.7M        26M       3.2G

MemTotal:        4016004 kB
MemFree:          130240 kB
Active:           349312 kB
Mem:          3.8G       3.7G       127M       5.7M        26M       3.2G

MemTotal:        4016004 kB
MemFree:          129900 kB
Active:           349352 kB
Mem:          3.8G       3.7G       126M       5.7M        26M       3.2G

MemTotal:        4016004 kB
MemFree:          130128 kB
Active:           349344 kB
Mem:          3.8G       3.7G       126M       5.7M        26M       3.2G

MemTotal:        4016004 kB
MemFree:          127876 kB
Active:           349352 kB
Mem:          3.8G       3.7G       124M       5.7M        26M       3.3G

MemTotal:        4016004 kB
MemFree:          119472 kB
Active:           349356 kB
Mem:          3.8G       3.7G       116M       5.7M        26M       3.3G

MemTotal:        4016004 kB
MemFree:          123068 kB
Active:           349364 kB
Mem:          3.8G       3.7G       119M       5.7M        26M       3.3G

MemTotal:        4016004 kB
MemFree:          131024 kB
Active:           349364 kB
Mem:          3.8G       3.7G       127M       5.7M        26M       3.2G

MemTotal:        4016004 kB
MemFree:          123536 kB
Active:           349364 kB
Mem:          3.8G       3.7G       120M       5.7M        26M       3.3G

MemTotal:        4016004 kB
MemFree:          107936 kB
Active:           349368 kB
Mem:          3.8G       3.7G       105M       5.7M        26M       3.3G

MemTotal:        4016004 kB
MemFree:          127644 kB
Active:           347416 kB
Mem:          3.8G       3.7G       123M       5.7M        26M       3.3G

MemTotal:        4016004 kB
MemFree:          117752 kB
Active:           347276 kB
Mem:          3.8G       3.7G       115M       5.7M        26M       3.3G

MemTotal:        4016004 kB
MemFree:          108504 kB
Active:           347300 kB
Mem:          3.8G       3.7G       105M       5.7M        26M       3.3G

MemTotal:        4016004 kB
MemFree:          118060 kB
Active:           347272 kB
Mem:          3.8G       3.7G       114M       5.7M        26M       3.3G

MemTotal:        4016004 kB
MemFree:          108908 kB
Active:           347296 kB
Mem:          3.8G       3.7G       106M       5.7M        26M       3.3G

MemTotal:        4016004 kB
MemFree:          129020 kB
Active:           347312 kB
Mem:          3.8G       3.7G       125M       5.7M        26M       3.2G

MemTotal:        4016004 kB
MemFree:          128988 kB
Active:           347260 kB
Mem:          3.8G       3.7G       125M       5.7M        26M       3.2G

MemTotal:        4016004 kB
MemFree:          129120 kB
Active:           347304 kB
Mem:          3.8G       3.7G       126M       5.7M        26M       3.2G

MemTotal:        4016004 kB
MemFree:          129244 kB
Active:           347300 kB
Mem:          3.8G       3.7G       126M       5.7M        26M       3.2G

MemTotal:        4016004 kB
MemFree:          126156 kB
Active:           347308 kB
Mem:          3.8G       3.7G       123M       5.7M        26M       3.3G

MemTotal:        4016004 kB
MemFree:          119212 kB
Active:           347320 kB
Mem:          3.8G       3.7G       115M       5.7M        26M       3.3G

MemTotal:        4016004 kB
MemFree:          128020 kB
Active:           347288 kB
Mem:          3.8G       3.7G       124M       5.7M        26M       3.2G

MemTotal:        4016004 kB
MemFree:          124476 kB
Active:           347332 kB
Mem:          3.8G       3.7G       121M       5.7M        26M       3.3G

MemTotal:        4016004 kB
MemFree:          105160 kB
Active:           347316 kB
Mem:          3.8G       3.7G       110M       5.7M        26M       3.3G

MemTotal:        4016004 kB
MemFree:          126432 kB
Active:           347284 kB
Mem:          3.8G       3.7G       123M       5.7M        26M       3.2G

MemTotal:        4016004 kB
MemFree:          118484 kB
Active:           347332 kB
Mem:          3.8G       3.7G       115M       5.7M        26M       3.3G

MemTotal:        4016004 kB
MemFree:          109692 kB
Active:           347324 kB
Mem:          3.8G       3.7G       106M       5.7M        26M       3.3G

MemTotal:        4016004 kB
MemFree:          119036 kB
Active:           347344 kB
Mem:          3.8G       3.7G       115M       5.7M        26M       3.3G

MemTotal:        4016004 kB
MemFree:          109600 kB
Active:           347344 kB
Mem:          3.8G       3.7G       106M       5.7M        26M       3.3G

MemTotal:        4016004 kB
MemFree:          128016 kB
Active:           347344 kB
Mem:          3.8G       3.7G       125M       5.7M        26M       3.2G

MemTotal:        4016004 kB
MemFree:          131908 kB
Active:           346988 kB
Mem:          3.8G       3.7G       128M       5.7M        26M       3.2G

MemTotal:        4016004 kB
MemFree:          131400 kB
Active:           346772 kB
Mem:          3.8G       3.7G       128M       5.7M        26M       3.2G

MemTotal:        4016004 kB
MemFree:          131536 kB
Active:           346720 kB
Mem:          3.8G       3.7G       128M       5.7M        26M       3.2G

MemTotal:        4016004 kB
MemFree:          131760 kB
Active:           346724 kB
Mem:          3.8G       3.7G       128M       5.7M        26M       3.2G

MemTotal:        4016004 kB
MemFree:          131888 kB
Active:           346732 kB
Mem:          3.8G       3.7G       128M       5.7M        26M       3.2G

MemTotal:        4016004 kB
MemFree:          132012 kB
Active:           346724 kB
Mem:          3.8G       3.7G       128M       5.7M        26M       3.2G

MemTotal:        4016004 kB
MemFree:          131516 kB
Active:           346780 kB
Mem:          3.8G       3.7G       128M       5.7M        26M       3.2G

MemTotal:        4016004 kB
MemFree:          131392 kB
Active:           346784 kB
Mem:          3.8G       3.7G       128M       5.7M        26M       3.2G

MemTotal:        4016004 kB
MemFree:          131764 kB
Active:           346768 kB
Mem:          3.8G       3.7G       128M       5.7M        26M       3.2G

MemTotal:        4016004 kB
MemFree:          131392 kB
Active:           346784 kB
Mem:          3.8G       3.7G       128M       5.7M        26M       3.2G

MemTotal:        4016004 kB
MemFree:          131640 kB
Active:           346744 kB
Mem:          3.8G       3.7G       128M       5.7M        26M       3.2G

MemTotal:        4016004 kB
MemFree:          131640 kB
Active:           346728 kB
Mem:          3.8G       3.7G       128M       5.7M        26M       3.2G

MemTotal:        4016004 kB
MemFree:          131516 kB
Active:           346764 kB
Mem:          3.8G       3.7G       128M       5.7M        26M       3.2G

MemTotal:        4016004 kB
MemFree:          131888 kB
Active:           346744 kB
Mem:          3.8G       3.7G       128M       5.7M        26M       3.2G

MemTotal:        4016004 kB
MemFree:          131888 kB
Active:           346784 kB
Mem:          3.8G       3.7G       128M       5.7M        26M       3.2G

MemTotal:        4016004 kB
MemFree:          131516 kB
Active:           346788 kB
Mem:          3.8G       3.7G       128M       5.7M        26M       3.2G

MemTotal:        4016004 kB
MemFree:          131268 kB
Active:           346800 kB
Mem:          3.8G       3.7G       128M       5.7M        26M       3.2G

MemTotal:        4016004 kB
MemFree:          131392 kB
Active:           346768 kB
Mem:          3.8G       3.7G       128M       5.7M        26M       3.2G

MemTotal:        4016004 kB
MemFree:          131516 kB
Active:           346756 kB
Mem:          3.8G       3.7G       128M       5.7M        26M       3.2G

MemTotal:        4016004 kB
MemFree:          131268 kB
Active:           346788 kB
Mem:          3.8G       3.7G       128M       5.7M        26M       3.2G

MemTotal:        4016004 kB
MemFree:          131392 kB
Active:           346792 kB
Mem:          3.8G       3.7G       128M       5.7M        26M       3.2G

MemTotal:        4016004 kB
MemFree:          131392 kB
Active:           346776 kB
Mem:          3.8G       3.7G       128M       5.7M        26M       3.2G

MemTotal:        4016004 kB
MemFree:          131392 kB
Active:           346812 kB
Mem:          3.8G       3.7G       128M       5.7M        26M       3.2G

MemTotal:        4016004 kB
MemFree:          131268 kB
Active:           346812 kB
Mem:          3.8G       3.7G       128M       5.7M        26M       3.2G

MemTotal:        4016004 kB
MemFree:          131764 kB
Active:           346784 kB
Mem:          3.8G       3.7G       128M       5.7M        26M       3.2G

MemTotal:        4016004 kB
MemFree:          131400 kB
Active:           346824 kB
Mem:          3.8G       3.7G       128M       5.7M        26M       3.2G

MemTotal:        4016004 kB
MemFree:          131772 kB
Active:           346808 kB
Mem:          3.8G       3.7G       128M       5.7M        26M       3.2G

MemTotal:        4016004 kB
MemFree:          131896 kB
Active:           346800 kB
Mem:          3.8G       3.7G       128M       5.7M        26M       3.2G

MemTotal:        4016004 kB
MemFree:          131772 kB
Active:           346800 kB
Mem:          3.8G       3.7G       128M       5.7M        26M       3.2G

MemTotal:        4016004 kB
MemFree:          131896 kB
Active:           346788 kB
Mem:          3.8G       3.7G       128M       5.7M        26M       3.2G

MemTotal:        4016004 kB
MemFree:          131276 kB
Active:           346832 kB
Mem:          3.8G       3.7G       128M       5.7M        26M       3.2G

MemTotal:        4016004 kB
MemFree:          131276 kB
Active:           346788 kB
Mem:          3.8G       3.7G       128M       5.7M        26M       3.2G

MemTotal:        4016004 kB
MemFree:          131524 kB
Active:           346828 kB
Mem:          3.8G       3.7G       128M       5.7M        26M       3.2G

MemTotal:        4016004 kB
MemFree:          131772 kB
Active:           346820 kB
Mem:          3.8G       3.7G       128M       5.7M        26M       3.2G

MemTotal:        4016004 kB
MemFree:          131532 kB
Active:           346800 kB
Mem:          3.8G       3.7G       128M       5.7M        26M       3.2G

MemTotal:        4016004 kB
MemFree:          131656 kB
Active:           346828 kB
Mem:          3.8G       3.7G       128M       5.7M        26M       3.2G

MemTotal:        4016004 kB
MemFree:          131780 kB
Active:           346836 kB
Mem:          3.8G       3.7G       128M       5.7M        26M       3.2G

MemTotal:        4016004 kB
MemFree:          131284 kB
Active:           346844 kB
Mem:          3.8G       3.7G       128M       5.7M        26M       3.2G

MemTotal:        4016004 kB
MemFree:          131408 kB
Active:           346848 kB
Mem:          3.8G       3.7G       128M       5.7M        26M       3.2G

MemTotal:        4016004 kB
MemFree:          131656 kB
Active:           346824 kB
Mem:          3.8G       3.7G       128M       5.7M        26M       3.2G

MemTotal:        4016004 kB
MemFree:          131656 kB
Active:           346836 kB
Mem:          3.8G       3.7G       128M       5.7M        26M       3.2G

MemTotal:        4016004 kB
MemFree:          131160 kB
Active:           346856 kB
Mem:          3.8G       3.7G       128M       5.7M        26M       3.2G

MemTotal:        4016004 kB
MemFree:          131532 kB
Active:           346812 kB
Mem:          3.8G       3.7G       128M       5.7M        26M       3.2G

MemTotal:        4016004 kB
MemFree:          131780 kB
Active:           346832 kB
