MemTotal:        4016004 kB
MemFree:         3255888 kB
Active:           407388 kB
Mem:          3.8G       742M       3.1G       5.7M        55M       313M

MemTotal:        4016004 kB
MemFree:         3256128 kB
Active:           407192 kB
Mem:          3.8G       742M       3.1G       5.7M        55M       313M

MemTotal:        4016004 kB
MemFree:         3255988 kB
Active:           407292 kB
Mem:          3.8G       741M       3.1G       5.7M        55M       313M

MemTotal:        4016004 kB
MemFree:         3256360 kB
Active:           407268 kB
Mem:          3.8G       741M       3.1G       5.7M        55M       313M

MemTotal:        4016004 kB
MemFree:         3256484 kB
Active:           407288 kB
Mem:          3.8G       741M       3.1G       5.7M        55M       313M

MemTotal:        4016004 kB
MemFree:         3255988 kB
Active:           407296 kB
Mem:          3.8G       742M       3.1G       5.7M        55M       313M

MemTotal:        4016004 kB
MemFree:         3255824 kB
Active:           407304 kB
Mem:          3.8G       742M       3.1G       5.7M        55M       313M

MemTotal:        4016004 kB
MemFree:         3256304 kB
Active:           407288 kB
Mem:          3.8G       741M       3.1G       5.7M        55M       313M

MemTotal:        4016004 kB
MemFree:         3256800 kB
Active:           407280 kB
Mem:          3.8G       741M       3.1G       5.7M        55M       313M

MemTotal:        4016004 kB
MemFree:         3256428 kB
Active:           407304 kB
Mem:          3.8G       741M       3.1G       5.7M        55M       313M

MemTotal:        4016004 kB
MemFree:         3256428 kB
Active:           407304 kB
Mem:          3.8G       741M       3.1G       5.7M        55M       313M

MemTotal:        4016004 kB
MemFree:         3256692 kB
Active:           407284 kB
Mem:          3.8G       741M       3.1G       5.7M        55M       313M

MemTotal:        4016004 kB
MemFree:         3256816 kB
Active:           407260 kB
Mem:          3.8G       741M       3.1G       5.7M        55M       313M

MemTotal:        4016004 kB
MemFree:         3256412 kB
Active:           407304 kB
Mem:          3.8G       741M       3.1G       5.7M        55M       313M

MemTotal:        4016004 kB
MemFree:         3256660 kB
Active:           407264 kB
Mem:          3.8G       741M       3.1G       5.7M        55M       313M

MemTotal:        4016004 kB
MemFree:         3256784 kB
Active:           407300 kB
Mem:          3.8G       741M       3.1G       5.7M        55M       313M

MemTotal:        4016004 kB
MemFree:         3256196 kB
Active:           407308 kB
Mem:          3.8G       742M       3.1G       5.7M        55M       313M

MemTotal:        4016004 kB
MemFree:         3256460 kB
Active:           407284 kB
Mem:          3.8G       741M       3.1G       5.7M        55M       313M

MemTotal:        4016004 kB
MemFree:         3255964 kB
Active:           407308 kB
Mem:          3.8G       742M       3.1G       5.7M        55M       313M

MemTotal:        4016004 kB
MemFree:         3256584 kB
Active:           407292 kB
Mem:          3.8G       741M       3.1G       5.7M        55M       313M

MemTotal:        4016004 kB
MemFree:         3256460 kB
Active:           407316 kB
Mem:          3.8G       741M       3.1G       5.7M        55M       313M

MemTotal:        4016004 kB
MemFree:         3256924 kB
Active:           407292 kB
Mem:          3.8G       741M       3.1G       5.7M        55M       313M

MemTotal:        4016004 kB
MemFree:         3256908 kB
Active:           407264 kB
Mem:          3.8G       741M       3.1G       5.7M        55M       313M

MemTotal:        4016004 kB
MemFree:         3256644 kB
Active:           407288 kB
Mem:          3.8G       741M       3.1G       5.7M        55M       313M

MemTotal:        4016004 kB
MemFree:         3256628 kB
Active:           407300 kB
Mem:          3.8G       741M       3.1G       5.7M        55M       313M

MemTotal:        4016004 kB
MemFree:         3256736 kB
Active:           407320 kB
Mem:          3.8G       741M       3.1G       5.7M        55M       313M

MemTotal:        4016004 kB
MemFree:         3256224 kB
Active:           407320 kB
Mem:          3.8G       741M       3.1G       5.7M        55M       313M

MemTotal:        4016004 kB
MemFree:         3256580 kB
Active:           407304 kB
Mem:          3.8G       741M       3.1G       5.7M        55M       313M

MemTotal:        4016004 kB
MemFree:         3256340 kB
Active:           407292 kB
Mem:          3.8G       742M       3.1G       5.7M        55M       313M

MemTotal:        4016004 kB
MemFree:         3256348 kB
Active:           407284 kB
Mem:          3.8G       742M       3.1G       5.7M        55M       313M

MemTotal:        4016004 kB
MemFree:         3255960 kB
Active:           407328 kB
Mem:          3.8G       742M       3.1G       5.7M        55M       313M

MemTotal:        4016004 kB
MemFree:         3256348 kB
Active:           407284 kB
Mem:          3.8G       741M       3.1G       5.7M        55M       313M

MemTotal:        4016004 kB
MemFree:         3256100 kB
Active:           407328 kB
Mem:          3.8G       741M       3.1G       5.7M        55M       313M

MemTotal:        4016004 kB
MemFree:         3256348 kB
Active:           407312 kB
Mem:          3.8G       742M       3.1G       5.7M        55M       313M

MemTotal:        4016004 kB
MemFree:         3256084 kB
Active:           407348 kB
Mem:          3.8G       742M       3.1G       5.7M        55M       313M

MemTotal:        4016004 kB
MemFree:         3256596 kB
Active:           407296 kB
Mem:          3.8G       741M       3.1G       5.7M        55M       313M

MemTotal:        4016004 kB
MemFree:         3255820 kB
Active:           407352 kB
Mem:          3.8G       742M       3.1G       5.7M        55M       313M

MemTotal:        4016004 kB
MemFree:         3256148 kB
Active:           407296 kB
Mem:          3.8G       741M       3.1G       5.7M        55M       313M

MemTotal:        4016004 kB
MemFree:         3256396 kB
Active:           407348 kB
Mem:          3.8G       741M       3.1G       5.7M        55M       313M

MemTotal:        4016004 kB
MemFree:         3255868 kB
Active:           407352 kB
Mem:          3.8G       742M       3.1G       5.7M        55M       313M

MemTotal:        4016004 kB
MemFree:         3255604 kB
Active:           407356 kB
Mem:          3.8G       742M       3.1G       5.7M        55M       313M

MemTotal:        4016004 kB
MemFree:         3256100 kB
Active:           407312 kB
Mem:          3.8G       742M       3.1G       5.7M        55M       313M

MemTotal:        4016004 kB
MemFree:         3256116 kB
Active:           407336 kB
Mem:          3.8G       741M       3.1G       5.7M        55M       313M

MemTotal:        4016004 kB
MemFree:         3255976 kB
Active:           407364 kB
Mem:          3.8G       742M       3.1G       5.7M        55M       313M

MemTotal:        4016004 kB
MemFree:         3255976 kB
Active:           407364 kB
Mem:          3.8G       742M       3.1G       5.7M        55M       313M

MemTotal:        4016004 kB
MemFree:         3256612 kB
Active:           407316 kB
Mem:          3.8G       741M       3.1G       5.7M        55M       313M

MemTotal:        4016004 kB
MemFree:         3256612 kB
Active:           407340 kB
Mem:          3.8G       741M       3.1G       5.7M        55M       313M

MemTotal:        4016004 kB
MemFree:         3253912 kB
Active:           407372 kB
Mem:          3.8G       743M       3.1G       5.7M        55M       313M

MemTotal:        4016004 kB
MemFree:         3254520 kB
Active:           409384 kB
Mem:          3.8G       743M       3.1G       5.7M        55M       313M

MemTotal:        4016004 kB
MemFree:         3254504 kB
Active:           409364 kB
Mem:          3.8G       743M       3.1G       5.7M        55M       313M

MemTotal:        4016004 kB
MemFree:         3253852 kB
Active:           409524 kB
Mem:          3.8G       744M       3.1G       5.7M        55M       313M

MemTotal:        4016004 kB
MemFree:         3253712 kB
Active:           409400 kB
Mem:          3.8G       744M       3.1G       5.7M        55M       313M

MemTotal:        4016004 kB
MemFree:         3254192 kB
Active:           409376 kB
Mem:          3.8G       743M       3.1G       5.7M        55M       313M

MemTotal:        4016004 kB
MemFree:         3254068 kB
Active:           409568 kB
Mem:          3.8G       743M       3.1G       5.7M        55M       313M

MemTotal:        4016004 kB
MemFree:         3254068 kB
Active:           409564 kB
Mem:          3.8G       744M       3.1G       5.7M        55M       313M

MemTotal:        4016004 kB
MemFree:         3254424 kB
Active:           409392 kB
Mem:          3.8G       743M       3.1G       5.7M        55M       313M

MemTotal:        4016004 kB
MemFree:         3254052 kB
Active:           409432 kB
Mem:          3.8G       743M       3.1G       5.7M        55M       313M

MemTotal:        4016004 kB
MemFree:         3253928 kB
Active:           409432 kB
Mem:          3.8G       744M       3.1G       5.7M        55M       313M

MemTotal:        4016004 kB
MemFree:         3254144 kB
Active:           409432 kB
Mem:          3.8G       744M       3.1G       5.7M        55M       313M

MemTotal:        4016004 kB
MemFree:         3253912 kB
Active:           409396 kB
Mem:          3.8G       744M       3.1G       5.7M        55M       313M

MemTotal:        4016004 kB
MemFree:         3253772 kB
Active:           409652 kB
Mem:          3.8G       744M       3.1G       5.7M        55M       313M

MemTotal:        4016004 kB
MemFree:         3146920 kB
Active:           409936 kB
Mem:          3.8G       849M       3.0G       5.7M        55M       417M

MemTotal:        4016004 kB
MemFree:         3056396 kB
Active:           409960 kB
Mem:          3.8G       937M       2.9G       5.7M        55M       503M

MemTotal:        4016004 kB
MemFree:         3055028 kB
Active:           409952 kB
Mem:          3.8G       938M       2.9G       5.7M        55M       504M

MemTotal:        4016004 kB
MemFree:         3016888 kB
Active:           409988 kB
Mem:          3.8G       975M       2.9G       5.7M        55M       541M

MemTotal:        4016004 kB
MemFree:         2887128 kB
Active:           409964 kB
Mem:          3.8G       1.1G       2.8G       5.7M        55M       666M

MemTotal:        4016004 kB
MemFree:         2775124 kB
Active:           409992 kB
Mem:          3.8G       1.2G       2.6G       5.7M        55M       774M

MemTotal:        4016004 kB
MemFree:         2701688 kB
Active:           409956 kB
Mem:          3.8G       1.3G       2.6G       5.7M        55M       844M

MemTotal:        4016004 kB
MemFree:         2699512 kB
Active:           409964 kB
Mem:          3.8G       1.3G       2.6G       5.7M        55M       846M

MemTotal:        4016004 kB
MemFree:         2662000 kB
Active:           409976 kB
Mem:          3.8G       1.3G       2.5G       5.7M        55M       883M

MemTotal:        4016004 kB
MemFree:         2602916 kB
Active:           409876 kB
Mem:          3.8G       1.3G       2.5G       5.7M        55M       939M

MemTotal:        4016004 kB
MemFree:         2600408 kB
Active:           409892 kB
Mem:          3.8G       1.4G       2.5G       5.7M        55M       941M

MemTotal:        4016004 kB
MemFree:         2599420 kB
Active:           409896 kB
Mem:          3.8G       1.4G       2.5G       5.7M        55M       942M

MemTotal:        4016004 kB
MemFree:         2598356 kB
Active:           409992 kB
Mem:          3.8G       1.4G       2.5G       5.7M        55M       943M

MemTotal:        4016004 kB
MemFree:         2481496 kB
Active:           410048 kB
Mem:          3.8G       1.5G       2.4G       5.7M        55M       1.0G

MemTotal:        4016004 kB
MemFree:         2354480 kB
Active:           410060 kB
Mem:          3.8G       1.6G       2.2G       5.7M        55M       1.2G

MemTotal:        4016004 kB
MemFree:         2248608 kB
Active:           410064 kB
Mem:          3.8G       1.7G       2.1G       5.7M        55M       1.3G

MemTotal:        4016004 kB
MemFree:         2245920 kB
Active:           410068 kB
Mem:          3.8G       1.7G       2.1G       5.7M        55M       1.3G

MemTotal:        4016004 kB
MemFree:         2234624 kB
Active:           410060 kB
Mem:          3.8G       1.7G       2.1G       5.7M        55M       1.3G

MemTotal:        4016004 kB
MemFree:         2148000 kB
Active:           410068 kB
Mem:          3.8G       1.8G       2.0G       5.7M        55M       1.3G

MemTotal:        4016004 kB
MemFree:         2139952 kB
Active:           410068 kB
Mem:          3.8G       1.8G       2.0G       5.7M        55M       1.4G

MemTotal:        4016004 kB
MemFree:         2048160 kB
Active:           410092 kB
Mem:          3.8G       1.9G       2.0G       5.7M        55M       1.4G

MemTotal:        4016004 kB
MemFree:         2046700 kB
Active:           410116 kB
Mem:          3.8G       1.9G       2.0G       5.7M        55M       1.4G

MemTotal:        4016004 kB
MemFree:         2045956 kB
Active:           410136 kB
Mem:          3.8G       1.9G       2.0G       5.7M        55M       1.4G

MemTotal:        4016004 kB
MemFree:         2044336 kB
Active:           410136 kB
Mem:          3.8G       1.9G       1.9G       5.7M        55M       1.4G

MemTotal:        4016004 kB
MemFree:         2044016 kB
Active:           410088 kB
Mem:          3.8G       1.9G       1.9G       5.7M        55M       1.4G

MemTotal:        4016004 kB
MemFree:         1954188 kB
Active:           410136 kB
Mem:          3.8G       2.0G       1.9G       5.7M        55M       1.5G

MemTotal:        4016004 kB
MemFree:         1821948 kB
Active:           410140 kB
Mem:          3.8G       2.1G       1.7G       5.7M        55M       1.7G

MemTotal:        4016004 kB
MemFree:         1694948 kB
Active:           410140 kB
Mem:          3.8G       2.2G       1.6G       5.7M        55M       1.8G

MemTotal:        4016004 kB
MemFree:         1565452 kB
Active:           410140 kB
Mem:          3.8G       2.3G       1.5G       5.7M        55M       1.9G

MemTotal:        4016004 kB
MemFree:         1457456 kB
Active:           410140 kB
Mem:          3.8G       2.4G       1.4G       5.7M        55M       2.0G

MemTotal:        4016004 kB
MemFree:         1336160 kB
Active:           410140 kB
Mem:          3.8G       2.6G       1.3G       5.7M        55M       2.1G

MemTotal:        4016004 kB
MemFree:         1333496 kB
Active:           410156 kB
Mem:          3.8G       2.6G       1.3G       5.7M        55M       2.1G

MemTotal:        4016004 kB
MemFree:         1332748 kB
Active:           410156 kB
Mem:          3.8G       2.6G       1.3G       5.7M        55M       2.1G

MemTotal:        4016004 kB
MemFree:         1332844 kB
Active:           410108 kB
Mem:          3.8G       2.6G       1.3G       5.7M        55M       2.1G

MemTotal:        4016004 kB
MemFree:         1333100 kB
Active:           410152 kB
Mem:          3.8G       2.6G       1.3G       5.7M        55M       2.1G

MemTotal:        4016004 kB
MemFree:         1332080 kB
Active:           410164 kB
Mem:          3.8G       2.6G       1.3G       5.7M        55M       2.1G

MemTotal:        4016004 kB
MemFree:         1295036 kB
Active:           408192 kB
Mem:          3.8G       2.6G       1.2G       5.7M        55M       2.1G

MemTotal:        4016004 kB
MemFree:         1292952 kB
Active:           410264 kB
Mem:          3.8G       2.6G       1.2G       5.7M        55M       2.1G

MemTotal:        4016004 kB
MemFree:         1291280 kB
Active:           410264 kB
Mem:          3.8G       2.6G       1.2G       5.7M        55M       2.1G

MemTotal:        4016004 kB
MemFree:         1290740 kB
Active:           410264 kB
Mem:          3.8G       2.6G       1.2G       5.7M        55M       2.2G

MemTotal:        4016004 kB
MemFree:         1236368 kB
Active:           410260 kB
Mem:          3.8G       2.7G       1.2G       5.7M        55M       2.2G

MemTotal:        4016004 kB
MemFree:         1109848 kB
Active:           410264 kB
Mem:          3.8G       2.8G       1.1G       5.7M        55M       2.3G

MemTotal:        4016004 kB
MemFree:         1010144 kB
Active:           410268 kB
Mem:          3.8G       2.9G       986M       5.7M        55M       2.4G

MemTotal:        4016004 kB
MemFree:          939868 kB
Active:           410292 kB
Mem:          3.8G       2.9G       917M       5.7M        55M       2.5G

MemTotal:        4016004 kB
MemFree:          937668 kB
Active:           410292 kB
Mem:          3.8G       2.9G       915M       5.7M        55M       2.5G

MemTotal:        4016004 kB
MemFree:          856064 kB
Active:           410236 kB
Mem:          3.8G       3.0G       835M       5.7M        55M       2.6G

MemTotal:        4016004 kB
MemFree:          840100 kB
Active:           408244 kB
Mem:          3.8G       3.0G       820M       5.7M        55M       2.6G

MemTotal:        4016004 kB
MemFree:          770116 kB
Active:           410292 kB
Mem:          3.8G       3.1G       751M       5.7M        55M       2.6G

MemTotal:        4016004 kB
MemFree:          742144 kB
Active:           410300 kB
Mem:          3.8G       3.1G       724M       5.7M        55M       2.7G

MemTotal:        4016004 kB
MemFree:          739760 kB
Active:           410328 kB
Mem:          3.8G       3.1G       722M       5.7M        55M       2.7G

MemTotal:        4016004 kB
MemFree:          738680 kB
Active:           410320 kB
Mem:          3.8G       3.1G       721M       5.7M        55M       2.7G

MemTotal:        4016004 kB
MemFree:          737196 kB
Active:           410336 kB
Mem:          3.8G       3.1G       719M       5.7M        55M       2.7G

MemTotal:        4016004 kB
MemFree:          687084 kB
Active:           410344 kB
Mem:          3.8G       3.2G       670M       5.7M        55M       2.7G

MemTotal:        4016004 kB
MemFree:          557960 kB
Active:           410352 kB
Mem:          3.8G       3.3G       544M       5.7M        55M       2.8G

MemTotal:        4016004 kB
MemFree:          429208 kB
Active:           410352 kB
Mem:          3.8G       3.4G       418M       5.7M        55M       3.0G

MemTotal:        4016004 kB
MemFree:          306672 kB
Active:           410356 kB
Mem:          3.8G       3.5G       298M       5.7M        55M       3.1G

MemTotal:        4016004 kB
MemFree:          189716 kB
Active:           410360 kB
Mem:          3.8G       3.6G       185M       5.7M        55M       3.2G

MemTotal:        4016004 kB
MemFree:          119000 kB
Active:           410392 kB
Mem:          3.8G       3.7G       115M       5.7M        55M       3.3G

MemTotal:        4016004 kB
MemFree:          117048 kB
Active:           410392 kB
Mem:          3.8G       3.7G       114M       5.7M        55M       3.3G

MemTotal:        4016004 kB
MemFree:          116184 kB
Active:           410396 kB
Mem:          3.8G       3.7G       113M       5.7M        55M       3.3G

MemTotal:        4016004 kB
MemFree:          114944 kB
Active:           410392 kB
Mem:          3.8G       3.7G       111M       5.7M        55M       3.3G

MemTotal:        4016004 kB
MemFree:          131584 kB
Active:           415496 kB
Mem:          3.8G       3.7G       128M       5.7M        20M       3.3G

MemTotal:        4016004 kB
MemFree:          130988 kB
Active:           415616 kB
Mem:          3.8G       3.7G       127M       5.7M        20M       3.3G

MemTotal:        4016004 kB
MemFree:          131132 kB
Active:           415548 kB
Mem:          3.8G       3.7G       127M       5.7M        20M       3.3G

MemTotal:        4016004 kB
MemFree:          130436 kB
Active:           415544 kB
Mem:          3.8G       3.7G       127M       5.7M        20M       3.3G

MemTotal:        4016004 kB
MemFree:          116404 kB
Active:           443488 kB
Mem:          3.8G       3.7G       144M       5.7M        20M       3.3G

MemTotal:        4016004 kB
MemFree:          145520 kB
Active:           461012 kB
Mem:          3.8G       3.7G       129M       5.7M        20M       3.3G

MemTotal:        4016004 kB
MemFree:          131640 kB
Active:           440068 kB
Mem:          3.8G       3.7G       128M       5.7M        20M       3.3G

MemTotal:        4016004 kB
MemFree:          132212 kB
Active:           439324 kB
Mem:          3.8G       3.7G       129M       5.7M        20M       3.3G

MemTotal:        4016004 kB
MemFree:          135876 kB
Active:           431008 kB
Mem:          3.8G       3.7G       132M       5.7M        20M       3.3G

MemTotal:        4016004 kB
MemFree:          126968 kB
Active:           426996 kB
Mem:          3.8G       3.7G       123M       5.7M        20M       3.3G

MemTotal:        4016004 kB
MemFree:          127192 kB
Active:           425332 kB
Mem:          3.8G       3.7G       123M       5.7M        20M       3.3G

MemTotal:        4016004 kB
MemFree:          133452 kB
Active:           423688 kB
Mem:          3.8G       3.7G       130M       5.7M        20M       3.3G

MemTotal:        4016004 kB
MemFree:          132496 kB
Active:           423540 kB
Mem:          3.8G       3.7G       128M       5.7M        20M       3.3G

MemTotal:        4016004 kB
MemFree:          131628 kB
Active:           423532 kB
Mem:          3.8G       3.7G       128M       5.7M        20M       3.3G

MemTotal:        4016004 kB
MemFree:          130100 kB
Active:           423572 kB
Mem:          3.8G       3.7G       126M       5.7M        20M       3.3G

MemTotal:        4016004 kB
MemFree:          129536 kB
Active:           423580 kB
Mem:          3.8G       3.7G       126M       5.7M        20M       3.3G

MemTotal:        4016004 kB
MemFree:          122652 kB
Active:           419864 kB
Mem:          3.8G       3.7G       119M       5.7M        20M       3.3G

MemTotal:        4016004 kB
MemFree:          113264 kB
Active:           416796 kB
Mem:          3.8G       3.7G       110M       5.7M        20M       3.3G

MemTotal:        4016004 kB
MemFree:          125888 kB
Active:           411808 kB
Mem:          3.8G       3.7G       122M       5.7M        20M       3.3G

MemTotal:        4016004 kB
MemFree:          133984 kB
Active:           409384 kB
Mem:          3.8G       3.7G       130M       5.7M        20M       3.3G

MemTotal:        4016004 kB
MemFree:          123576 kB
Active:           408872 kB
Mem:          3.8G       3.7G       120M       5.7M        20M       3.3G

MemTotal:        4016004 kB
MemFree:          136188 kB
Active:           406832 kB
Mem:          3.8G       3.7G       132M       5.7M        20M       3.3G

MemTotal:        4016004 kB
MemFree:          145040 kB
Active:           405564 kB
Mem:          3.8G       3.7G       141M       5.7M        20M       3.3G

MemTotal:        4016004 kB
MemFree:          136808 kB
Active:           403400 kB
Mem:          3.8G       3.7G       133M       5.7M        20M       3.3G

MemTotal:        4016004 kB
MemFree:          135868 kB
Active:           405340 kB
Mem:          3.8G       3.7G       132M       5.7M        20M       3.3G

MemTotal:        4016004 kB
MemFree:          134160 kB
Active:           405348 kB
Mem:          3.8G       3.7G       130M       5.7M        20M       3.3G

MemTotal:        4016004 kB
MemFree:          133668 kB
Active:           405348 kB
Mem:          3.8G       3.7G       130M       5.7M        20M       3.3G

MemTotal:        4016004 kB
MemFree:          132744 kB
Active:           405308 kB
Mem:          3.8G       3.7G       129M       5.7M        20M       3.3G

MemTotal:        4016004 kB
MemFree:          140624 kB
Active:           402796 kB
Mem:          3.8G       3.7G       136M       5.7M        20M       3.3G

MemTotal:        4016004 kB
MemFree:          137964 kB
Active:           397680 kB
Mem:          3.8G       3.7G       134M       5.7M        20M       3.3G

MemTotal:        4016004 kB
MemFree:          140584 kB
Active:           394232 kB
Mem:          3.8G       3.7G       137M       5.7M        20M       3.3G

MemTotal:        4016004 kB
MemFree:          140212 kB
Active:           393088 kB
Mem:          3.8G       3.7G       136M       5.7M        20M       3.3G

MemTotal:        4016004 kB
MemFree:          132404 kB
Active:           390800 kB
Mem:          3.8G       3.7G       129M       5.7M        20M       3.3G

MemTotal:        4016004 kB
MemFree:          130380 kB
Active:           390672 kB
Mem:          3.8G       3.7G       126M       5.7M        20M       3.3G

MemTotal:        4016004 kB
MemFree:          134284 kB
Active:           385692 kB
Mem:          3.8G       3.7G       130M       5.7M        20M       3.3G

MemTotal:        4016004 kB
MemFree:          125016 kB
Active:           382464 kB
Mem:          3.8G       3.7G       121M       5.7M        20M       3.3G

MemTotal:        4016004 kB
MemFree:          125588 kB
Active:           378380 kB
Mem:          3.8G       3.7G       122M       5.7M        20M       3.3G

MemTotal:        4016004 kB
MemFree:          117628 kB
Active:           374540 kB
Mem:          3.8G       3.7G       114M       5.7M        20M       3.3G

MemTotal:        4016004 kB
MemFree:          105144 kB
Active:           371980 kB
Mem:          3.8G       3.7G       102M       5.7M        20M       3.3G

MemTotal:        4016004 kB
MemFree:          150232 kB
Active:           368012 kB
Mem:          3.8G       3.7G       146M       5.7M        20M       3.3G

MemTotal:        4016004 kB
MemFree:          149620 kB
Active:           368000 kB
Mem:          3.8G       3.7G       145M       5.7M        20M       3.3G

MemTotal:        4016004 kB
MemFree:          148688 kB
Active:           368020 kB
Mem:          3.8G       3.7G       144M       5.7M        20M       3.3G

MemTotal:        4016004 kB
MemFree:          148764 kB
Active:           367984 kB
Mem:          3.8G       3.7G       145M       5.7M        20M       3.3G

MemTotal:        4016004 kB
MemFree:          148132 kB
Active:           366144 kB
Mem:          3.8G       3.7G       144M       5.7M        20M       3.3G

MemTotal:        4016004 kB
MemFree:          146700 kB
Active:           368180 kB
Mem:          3.8G       3.7G       143M       5.7M        20M       3.3G

MemTotal:        4016004 kB
MemFree:          146256 kB
Active:           368004 kB
Mem:          3.8G       3.7G       142M       5.7M        20M       3.3G

MemTotal:        4016004 kB
MemFree:          127672 kB
Active:           365496 kB
Mem:          3.8G       3.7G       124M       5.7M        20M       3.3G

MemTotal:        4016004 kB
MemFree:          128424 kB
Active:           363456 kB
Mem:          3.8G       3.7G       125M       5.7M        20M       3.3G

MemTotal:        4016004 kB
MemFree:          127576 kB
Active:           363332 kB
Mem:          3.8G       3.7G       124M       5.7M        20M       3.3G

MemTotal:        4016004 kB
MemFree:          125992 kB
Active:           363296 kB
Mem:          3.8G       3.7G       123M       5.7M        20M       3.3G

MemTotal:        4016004 kB
MemFree:          124816 kB
Active:           363324 kB
Mem:          3.8G       3.7G       121M       5.7M        20M       3.3G

MemTotal:        4016004 kB
MemFree:          127492 kB
Active:           362832 kB
Mem:          3.8G       3.7G       124M       5.7M        20M       3.3G

MemTotal:        4016004 kB
MemFree:          131620 kB
Active:           359388 kB
Mem:          3.8G       3.7G       128M       5.7M        20M       3.3G

MemTotal:        4016004 kB
MemFree:          126260 kB
Active:           358620 kB
Mem:          3.8G       3.7G       122M       5.7M        20M       3.3G

MemTotal:        4016004 kB
MemFree:          119864 kB
Active:           358620 kB
Mem:          3.8G       3.7G       116M       5.7M        20M       3.3G

MemTotal:        4016004 kB
MemFree:          128536 kB
Active:           358632 kB
Mem:          3.8G       3.7G       125M       5.7M        20M       3.3G

MemTotal:        4016004 kB
MemFree:          130900 kB
Active:           358632 kB
Mem:          3.8G       3.7G       127M       5.7M        20M       3.3G

MemTotal:        4016004 kB
MemFree:          141796 kB
Active:           355408 kB
Mem:          3.8G       3.7G       138M       5.7M        20M       3.3G

MemTotal:        4016004 kB
MemFree:          131704 kB
Active:           355300 kB
Mem:          3.8G       3.7G       128M       5.7M        20M       3.3G

MemTotal:        4016004 kB
MemFree:          137604 kB
Active:           355300 kB
Mem:          3.8G       3.7G       133M       5.7M        20M       3.3G

MemTotal:        4016004 kB
MemFree:          149520 kB
Active:           355084 kB
Mem:          3.8G       3.7G       145M       5.7M        20M       3.3G

MemTotal:        4016004 kB
MemFree:          147936 kB
Active:           355084 kB
Mem:          3.8G       3.7G       143M       5.7M        20M       3.3G

MemTotal:        4016004 kB
MemFree:          147088 kB
Active:           355048 kB
Mem:          3.8G       3.7G       143M       5.7M        20M       3.3G

MemTotal:        4016004 kB
MemFree:          142516 kB
Active:           353108 kB
Mem:          3.8G       3.7G       139M       5.7M        20M       3.3G

MemTotal:        4016004 kB
MemFree:          142144 kB
Active:           355132 kB
Mem:          3.8G       3.7G       138M       5.7M        20M       3.3G

MemTotal:        4016004 kB
MemFree:          141404 kB
Active:           355084 kB
Mem:          3.8G       3.7G       137M       5.7M        20M       3.3G

MemTotal:        4016004 kB
MemFree:          139828 kB
Active:           355140 kB
Mem:          3.8G       3.7G       136M       5.7M        20M       3.3G

MemTotal:        4016004 kB
MemFree:          138248 kB
Active:           355108 kB
Mem:          3.8G       3.7G       134M       5.7M        20M       3.3G

MemTotal:        4016004 kB
MemFree:          137260 kB
Active:           355136 kB
Mem:          3.8G       3.7G       133M       5.7M        20M       3.3G

MemTotal:        4016004 kB
MemFree:          137020 kB
Active:           355096 kB
Mem:          3.8G       3.7G       133M       5.7M        20M       3.3G

MemTotal:        4016004 kB
MemFree:          127344 kB
Active:           355148 kB
Mem:          3.8G       3.7G       123M       5.7M        20M       3.3G

MemTotal:        4016004 kB
MemFree:          129216 kB
Active:           355152 kB
Mem:          3.8G       3.7G       125M       5.7M        20M       3.3G

MemTotal:        4016004 kB
MemFree:          112488 kB
Active:           355084 kB
Mem:          3.8G       3.7G       109M       5.7M        20M       3.3G

MemTotal:        4016004 kB
MemFree:          124484 kB
Active:           356640 kB
Mem:          3.8G       3.7G       121M       5.7M        20M       3.3G

MemTotal:        4016004 kB
MemFree:          112232 kB
Active:           356616 kB
Mem:          3.8G       3.7G       109M       5.7M        20M       3.3G

MemTotal:        4016004 kB
MemFree:          138816 kB
Active:           356024 kB
Mem:          3.8G       3.7G       135M       5.7M        20M       3.3G

MemTotal:        4016004 kB
MemFree:          146888 kB
Active:           355828 kB
Mem:          3.8G       3.7G       143M       5.7M        20M       3.3G

MemTotal:        4016004 kB
MemFree:          121284 kB
Active:           355780 kB
Mem:          3.8G       3.7G       117M       5.7M        20M       3.3G

MemTotal:        4016004 kB
MemFree:          113404 kB
Active:           355844 kB
Mem:          3.8G       3.7G       110M       5.7M        20M       3.3G

MemTotal:        4016004 kB
MemFree:          111992 kB
Active:           355852 kB
Mem:          3.8G       3.7G       108M       5.7M        20M       3.3G

MemTotal:        4016004 kB
MemFree:          111664 kB
Active:           355812 kB
Mem:          3.8G       3.7G       108M       5.7M        20M       3.3G

MemTotal:        4016004 kB
MemFree:          129408 kB
Active:           355868 kB
Mem:          3.8G       3.7G       126M       5.7M        20M       3.3G

MemTotal:        4016004 kB
MemFree:          125172 kB
Active:           355868 kB
Mem:          3.8G       3.7G       121M       5.7M        20M       3.3G

MemTotal:        4016004 kB
MemFree:          126208 kB
Active:           353504 kB
Mem:          3.8G       3.7G       122M       5.7M        20M       3.3G

MemTotal:        4016004 kB
MemFree:          134604 kB
Active:           353328 kB
Mem:          3.8G       3.7G       130M       5.7M        20M       3.3G

MemTotal:        4016004 kB
MemFree:          115396 kB
Active:           353376 kB
Mem:          3.8G       3.7G       112M       5.7M        20M       3.3G

MemTotal:        4016004 kB
MemFree:          112544 kB
Active:           353340 kB
Mem:          3.8G       3.7G       109M       5.7M        20M       3.3G

MemTotal:        4016004 kB
MemFree:          129860 kB
Active:           353284 kB
Mem:          3.8G       3.7G       126M       5.7M        20M       3.3G

MemTotal:        4016004 kB
MemFree:          120112 kB
Active:           353308 kB
Mem:          3.8G       3.7G       116M       5.7M        20M       3.3G

MemTotal:        4016004 kB
MemFree:          127852 kB
Active:           353348 kB
Mem:          3.8G       3.7G       124M       5.7M        20M       3.3G

MemTotal:        4016004 kB
MemFree:          127716 kB
Active:           353212 kB
Mem:          3.8G       3.7G       124M       5.7M        20M       3.3G

MemTotal:        4016004 kB
MemFree:          127320 kB
Active:           353220 kB
Mem:          3.8G       3.7G       124M       5.7M        20M       3.3G

MemTotal:        4016004 kB
MemFree:          124640 kB
Active:           353220 kB
Mem:          3.8G       3.7G       121M       5.7M        20M       3.3G

MemTotal:        4016004 kB
MemFree:          123764 kB
Active:           354696 kB
Mem:          3.8G       3.7G       120M       5.7M        20M       3.3G

MemTotal:        4016004 kB
MemFree:          116932 kB
Active:           354724 kB
Mem:          3.8G       3.7G       113M       5.7M        20M       3.3G

MemTotal:        4016004 kB
MemFree:          136992 kB
Active:           352572 kB
Mem:          3.8G       3.7G       133M       5.7M        20M       3.3G

MemTotal:        4016004 kB
MemFree:          133336 kB
Active:           352444 kB
Mem:          3.8G       3.7G       129M       5.7M        20M       3.3G

MemTotal:        4016004 kB
MemFree:          137692 kB
Active:           350004 kB
Mem:          3.8G       3.7G       134M       5.7M        20M       3.3G

MemTotal:        4016004 kB
MemFree:          119012 kB
Active:           349764 kB
Mem:          3.8G       3.7G       115M       5.7M        20M       3.3G

MemTotal:        4016004 kB
MemFree:          131312 kB
Active:           349816 kB
Mem:          3.8G       3.7G       128M       5.7M        20M       3.3G

MemTotal:        4016004 kB
MemFree:          118412 kB
Active:           349812 kB
Mem:          3.8G       3.7G       115M       5.7M        20M       3.3G

MemTotal:        4016004 kB
MemFree:          143996 kB
Active:           349832 kB
Mem:          3.8G       3.7G       140M       5.7M        20M       3.2G

MemTotal:        4016004 kB
MemFree:          110280 kB
Active:           349828 kB
Mem:          3.8G       3.7G       107M       5.7M        20M       3.3G

MemTotal:        4016004 kB
MemFree:          108884 kB
Active:           347908 kB
Mem:          3.8G       3.7G       106M       5.7M        20M       3.3G

MemTotal:        4016004 kB
MemFree:          109416 kB
Active:           349888 kB
Mem:          3.8G       3.7G       106M       5.7M        20M       3.3G

MemTotal:        4016004 kB
MemFree:          106944 kB
Active:           349924 kB
Mem:          3.8G       3.7G       104M       5.7M        20M       3.3G

MemTotal:        4016004 kB
MemFree:          124192 kB
Active:           349880 kB
Mem:          3.8G       3.7G       120M       5.7M        20M       3.3G

MemTotal:        4016004 kB
MemFree:          132992 kB
Active:           349332 kB
Mem:          3.8G       3.7G       130M       5.7M        20M       3.3G

MemTotal:        4016004 kB
MemFree:          134504 kB
Active:           349172 kB
Mem:          3.8G       3.7G       130M       5.7M        20M       3.3G

MemTotal:        4016004 kB
MemFree:          127872 kB
Active:           349180 kB
Mem:          3.8G       3.7G       124M       5.7M        20M       3.3G

MemTotal:        4016004 kB
MemFree:          125472 kB
Active:           349184 kB
Mem:          3.8G       3.7G       122M       5.7M        20M       3.3G

MemTotal:        4016004 kB
MemFree:          111948 kB
Active:           349184 kB
Mem:          3.8G       3.7G       109M       5.7M        20M       3.3G

MemTotal:        4016004 kB
MemFree:          122428 kB
Active:           347604 kB
Mem:          3.8G       3.7G       118M       5.7M        20M       3.3G

MemTotal:        4016004 kB
MemFree:          120264 kB
Active:           346776 kB
Mem:          3.8G       3.7G       117M       5.7M        20M       3.3G

MemTotal:        4016004 kB
MemFree:          127676 kB
Active:           348832 kB
Mem:          3.8G       3.7G       124M       5.7M        20M       3.3G

MemTotal:        4016004 kB
MemFree:          126756 kB
Active:           348708 kB
Mem:          3.8G       3.7G       123M       5.7M        20M       3.3G

MemTotal:        4016004 kB
MemFree:          124220 kB
Active:           348716 kB
Mem:          3.8G       3.7G       120M       5.7M        20M       3.3G

MemTotal:        4016004 kB
MemFree:          123696 kB
Active:           348664 kB
Mem:          3.8G       3.7G       120M       5.7M        20M       3.3G

MemTotal:        4016004 kB
MemFree:          122200 kB
Active:           348720 kB
Mem:          3.8G       3.7G       119M       5.7M        20M       3.3G

MemTotal:        4016004 kB
MemFree:          131824 kB
Active:           348700 kB
Mem:          3.8G       3.7G       128M       5.7M        20M       3.3G

MemTotal:        4016004 kB
MemFree:          124624 kB
Active:           348544 kB
Mem:          3.8G       3.7G       121M       5.7M        20M       3.3G

MemTotal:        4016004 kB
MemFree:          132040 kB
Active:           348600 kB
Mem:          3.8G       3.7G       128M       5.7M        20M       3.3G

MemTotal:        4016004 kB
MemFree:          131884 kB
Active:           345984 kB
Mem:          3.8G       3.7G       128M       5.7M        20M       3.3G

MemTotal:        4016004 kB
MemFree:          113708 kB
Active:           345776 kB
Mem:          3.8G       3.7G       110M       5.7M        20M       3.3G

MemTotal:        4016004 kB
MemFree:          113952 kB
Active:           345780 kB
Mem:          3.8G       3.7G       110M       5.7M        20M       3.3G

MemTotal:        4016004 kB
MemFree:          127440 kB
Active:           345788 kB
Mem:          3.8G       3.7G       123M       5.7M        20M       3.3G

MemTotal:        4016004 kB
MemFree:          132724 kB
Active:           345796 kB
Mem:          3.8G       3.7G       129M       5.7M        20M       3.3G

MemTotal:        4016004 kB
MemFree:          122400 kB
Active:           345800 kB
Mem:          3.8G       3.7G       119M       5.7M        20M       3.3G

MemTotal:        4016004 kB
MemFree:          122228 kB
Active:           345788 kB
Mem:          3.8G       3.7G       119M       5.7M        20M       3.3G

MemTotal:        4016004 kB
MemFree:          120864 kB
Active:           345796 kB
Mem:          3.8G       3.7G       117M       5.7M        20M       3.3G

MemTotal:        4016004 kB
MemFree:          121056 kB
Active:           345756 kB
Mem:          3.8G       3.7G       118M       5.7M        20M       3.3G

MemTotal:        4016004 kB
MemFree:          117776 kB
Active:           345808 kB
Mem:          3.8G       3.7G       114M       5.7M        20M       3.3G

MemTotal:        4016004 kB
MemFree:          124556 kB
Active:           345820 kB
Mem:          3.8G       3.7G       121M       5.7M        20M       3.3G

MemTotal:        4016004 kB
MemFree:          126104 kB
Active:           342968 kB
Mem:          3.8G       3.7G       122M       5.7M        20M       3.3G

MemTotal:        4016004 kB
MemFree:          109712 kB
Active:           343856 kB
Mem:          3.8G       3.7G       106M       5.7M        20M       3.3G

MemTotal:        4016004 kB
MemFree:          142112 kB
Active:           343868 kB
Mem:          3.8G       3.7G       138M       5.7M        20M       3.2G

MemTotal:        4016004 kB
MemFree:          137032 kB
Active:           343824 kB
Mem:          3.8G       3.7G       133M       5.7M        20M       3.3G

MemTotal:        4016004 kB
MemFree:          105792 kB
Active:           344100 kB
Mem:          3.8G       3.7G       102M       5.7M        20M       3.3G

MemTotal:        4016004 kB
MemFree:          128040 kB
Active:           343880 kB
Mem:          3.8G       3.7G       124M       5.7M        20M       3.3G

MemTotal:        4016004 kB
MemFree:          127008 kB
Active:           343908 kB
Mem:          3.8G       3.7G       124M       5.7M        20M       3.3G

MemTotal:        4016004 kB
MemFree:          126228 kB
Active:           343920 kB
Mem:          3.8G       3.7G       123M       5.7M        20M       3.3G

MemTotal:        4016004 kB
MemFree:          124896 kB
Active:           343920 kB
Mem:          3.8G       3.7G       121M       5.7M        20M       3.3G

MemTotal:        4016004 kB
MemFree:          128512 kB
Active:           343924 kB
Mem:          3.8G       3.7G       125M       5.7M        20M       3.3G

MemTotal:        4016004 kB
MemFree:          112352 kB
Active:           343932 kB
Mem:          3.8G       3.7G       122M       5.7M        20M       3.3G

MemTotal:        4016004 kB
MemFree:          122872 kB
Active:           341168 kB
Mem:          3.8G       3.7G       131M       5.7M        20M       3.3G

MemTotal:        4016004 kB
MemFree:          131732 kB
Active:           340980 kB
Mem:          3.8G       3.7G       128M       5.7M        20M       3.3G

MemTotal:        4016004 kB
MemFree:          123240 kB
Active:           340980 kB
Mem:          3.8G       3.7G       120M       5.7M        20M       3.3G

MemTotal:        4016004 kB
MemFree:          126792 kB
Active:           340992 kB
Mem:          3.8G       3.7G       123M       5.7M        20M       3.3G

MemTotal:        4016004 kB
MemFree:          127504 kB
Active:           340936 kB
Mem:          3.8G       3.7G       124M       5.7M        20M       3.3G

MemTotal:        4016004 kB
MemFree:          133440 kB
Active:           340992 kB
Mem:          3.8G       3.7G       129M       5.7M        20M       3.3G

MemTotal:        4016004 kB
MemFree:          107628 kB
Active:           341000 kB
Mem:          3.8G       3.7G       104M       5.7M        20M       3.3G

MemTotal:        4016004 kB
MemFree:          107064 kB
Active:           340996 kB
Mem:          3.8G       3.7G       104M       5.7M        20M       3.3G

MemTotal:        4016004 kB
MemFree:          107196 kB
Active:           340980 kB
Mem:          3.8G       3.7G       104M       5.7M        20M       3.3G

MemTotal:        4016004 kB
MemFree:          106124 kB
Active:           340988 kB
Mem:          3.8G       3.7G       103M       5.7M        20M       3.3G

MemTotal:        4016004 kB
MemFree:          104824 kB
Active:           340992 kB
Mem:          3.8G       3.7G       107M       5.7M        20M       3.3G

MemTotal:        4016004 kB
MemFree:          115708 kB
Active:           340992 kB
Mem:          3.8G       3.7G       113M       5.7M        20M       3.3G

MemTotal:        4016004 kB
MemFree:          124900 kB
Active:           336636 kB
Mem:          3.8G       3.7G       121M       5.7M        20M       3.3G

MemTotal:        4016004 kB
MemFree:          133516 kB
Active:           336532 kB
Mem:          3.8G       3.7G       130M       5.7M        20M       3.3G

MemTotal:        4016004 kB
MemFree:          129980 kB
Active:           336532 kB
Mem:          3.8G       3.7G       126M       5.7M        20M       3.3G

MemTotal:        4016004 kB
MemFree:          136084 kB
Active:           336532 kB
Mem:          3.8G       3.7G       132M       5.7M        20M       3.3G

MemTotal:        4016004 kB
MemFree:          146992 kB
Active:           336532 kB
Mem:          3.8G       3.7G       142M       5.7M        20M       3.2G

MemTotal:        4016004 kB
MemFree:          145672 kB
Active:           336544 kB
Mem:          3.8G       3.7G       142M       5.7M        20M       3.2G

MemTotal:        4016004 kB
MemFree:          145836 kB
Active:           336540 kB
Mem:          3.8G       3.7G       141M       5.7M        20M       3.2G

MemTotal:        4016004 kB
MemFree:          145648 kB
Active:           336240 kB
Mem:          3.8G       3.7G       141M       5.7M        20M       3.2G

MemTotal:        4016004 kB
MemFree:          146004 kB
Active:           338144 kB
Mem:          3.8G       3.7G       142M       5.7M        20M       3.2G

MemTotal:        4016004 kB
MemFree:          130444 kB
Active:           338164 kB
Mem:          3.8G       3.7G       127M       5.7M        20M       3.3G

MemTotal:        4016004 kB
MemFree:          128940 kB
Active:           338160 kB
Mem:          3.8G       3.7G       125M       5.7M        20M       3.3G

MemTotal:        4016004 kB
MemFree:          127500 kB
Active:           338152 kB
Mem:          3.8G       3.7G       124M       5.7M        20M       3.3G

MemTotal:        4016004 kB
MemFree:          126112 kB
Active:           338208 kB
Mem:          3.8G       3.7G       123M       5.7M        20M       3.3G

MemTotal:        4016004 kB
MemFree:          109784 kB
Active:           338208 kB
Mem:          3.8G       3.7G       106M       5.7M        20M       3.3G

MemTotal:        4016004 kB
MemFree:          123236 kB
Active:           336808 kB
Mem:          3.8G       3.7G       119M       5.7M        20M       3.3G

MemTotal:        4016004 kB
MemFree:          122840 kB
Active:           336384 kB
Mem:          3.8G       3.7G       119M       5.7M        20M       3.3G

MemTotal:        4016004 kB
MemFree:          123384 kB
Active:           336184 kB
Mem:          3.8G       3.7G       120M       5.7M        20M       3.3G

MemTotal:        4016004 kB
MemFree:          123384 kB
Active:           336184 kB
Mem:          3.8G       3.7G       120M       5.7M        20M       3.3G

MemTotal:        4016004 kB
MemFree:          123260 kB
Active:           336244 kB
Mem:          3.8G       3.7G       120M       5.7M        20M       3.3G

MemTotal:        4016004 kB
MemFree:          123136 kB
Active:           336240 kB
Mem:          3.8G       3.7G       120M       5.7M        20M       3.3G

MemTotal:        4016004 kB
MemFree:          122764 kB
Active:           336248 kB
Mem:          3.8G       3.7G       119M       5.7M        20M       3.3G

MemTotal:        4016004 kB
MemFree:          123012 kB
Active:           336192 kB
Mem:          3.8G       3.7G       120M       5.7M        20M       3.3G

MemTotal:        4016004 kB
MemFree:          123508 kB
Active:           336212 kB
Mem:          3.8G       3.7G       120M       5.7M        20M       3.3G

MemTotal:        4016004 kB
MemFree:          123508 kB
Active:           336208 kB
Mem:          3.8G       3.7G       120M       5.7M        20M       3.3G

MemTotal:        4016004 kB
MemFree:          123136 kB
Active:           336248 kB
Mem:          3.8G       3.7G       120M       5.7M        20M       3.3G

MemTotal:        4016004 kB
MemFree:          123384 kB
Active:           336208 kB
Mem:          3.8G       3.7G       120M       5.7M        20M       3.3G

MemTotal:        4016004 kB
MemFree:          123384 kB
Active:           336240 kB
Mem:          3.8G       3.7G       120M       5.7M        20M       3.3G

MemTotal:        4016004 kB
MemFree:          123492 kB
Active:           336192 kB
Mem:          3.8G       3.7G       120M       5.7M        20M       3.3G

MemTotal:        4016004 kB
MemFree:          123104 kB
Active:           336244 kB
Mem:          3.8G       3.7G       119M       5.7M        20M       3.3G

MemTotal:        4016004 kB
MemFree:          123104 kB
Active:           336244 kB
Mem:          3.8G       3.7G       119M       5.7M        20M       3.3G

MemTotal:        4016004 kB
MemFree:          123260 kB
Active:           336248 kB
Mem:          3.8G       3.7G       120M       5.7M        20M       3.3G

MemTotal:        4016004 kB
MemFree:          123136 kB
Active:           336244 kB
Mem:          3.8G       3.7G       120M       5.7M        20M       3.3G

MemTotal:        4016004 kB
MemFree:          123664 kB
Active:           336012 kB
Mem:          3.8G       3.7G       120M       5.7M        20M       3.3G

MemTotal:        4016004 kB
MemFree:          123416 kB
Active:           336004 kB
Mem:          3.8G       3.7G       120M       5.7M        20M       3.3G

MemTotal:        4016004 kB
MemFree:          123508 kB
Active:           336044 kB
Mem:          3.8G       3.7G       120M       5.7M        20M       3.3G

MemTotal:        4016004 kB
MemFree:          122780 kB
Active:           336196 kB
Mem:          3.8G       3.7G       120M       5.7M        20M       3.3G

MemTotal:        4016004 kB
MemFree:          123384 kB
Active:           336020 kB
Mem:          3.8G       3.7G       120M       5.7M        20M       3.3G

MemTotal:        4016004 kB
MemFree:          123060 kB
Active:           336056 kB
Mem:          3.8G       3.7G       120M       5.7M        20M       3.3G

MemTotal:        4016004 kB
MemFree:          123136 kB
Active:           336136 kB
Mem:          3.8G       3.7G       120M       5.7M        20M       3.3G

MemTotal:        4016004 kB
MemFree:          122920 kB
Active:           336076 kB
Mem:          3.8G       3.7G       120M       5.7M        20M       3.3G

MemTotal:        4016004 kB
MemFree:          122688 kB
Active:           336080 kB
Mem:          3.8G       3.7G       119M       5.7M        20M       3.3G

MemTotal:        4016004 kB
MemFree:          122888 kB
Active:           336164 kB
Mem:          3.8G       3.7G       120M       5.7M        20M       3.3G

MemTotal:        4016004 kB
MemFree:          123088 kB
Active:           336108 kB
Mem:          3.8G       3.7G       120M       5.7M        20M       3.3G

MemTotal:        4016004 kB
MemFree:          122940 kB
Active:           336208 kB
Mem:          3.8G       3.7G       120M       5.7M        20M       3.3G

MemTotal:        4016004 kB
MemFree:          123136 kB
Active:           336144 kB
Mem:          3.8G       3.7G       120M       5.7M        20M       3.3G

MemTotal:        4016004 kB
MemFree:          123176 kB
Active:           336116 kB
Mem:          3.8G       3.7G       120M       5.7M        20M       3.3G

MemTotal:        4016004 kB
MemFree:          123132 kB
Active:           336156 kB
Mem:          3.8G       3.7G       120M       5.7M        20M       3.3G

MemTotal:        4016004 kB
MemFree:          121432 kB
Active:           336024 kB
Mem:          3.8G       3.7G       118M       5.7M        20M       3.3G

MemTotal:        4016004 kB
MemFree:          121432 kB
Active:           338112 kB
Mem:          3.8G       3.7G       118M       5.7M        20M       3.3G

MemTotal:        4016004 kB
MemFree:          121432 kB
Active:           338072 kB
Mem:          3.8G       3.7G       118M       5.7M        20M       3.3G

MemTotal:        4016004 kB
MemFree:          120828 kB
Active:           338128 kB
Mem:          3.8G       3.7G       118M       5.7M        20M       3.3G

MemTotal:        4016004 kB
MemFree:          121316 kB
Active:           337972 kB
Mem:          3.8G       3.7G       118M       5.7M        20M       3.3G

MemTotal:        4016004 kB
MemFree:          121316 kB
Active:           338088 kB
Mem:          3.8G       3.7G       118M       5.7M        20M       3.3G

MemTotal:        4016004 kB
MemFree:          121192 kB
Active:           337988 kB
Mem:          3.8G       3.7G       118M       5.7M        20M       3.3G

MemTotal:        4016004 kB
MemFree:          121332 kB
Active:           338068 kB
Mem:          3.8G       3.7G       118M       5.7M        20M       3.3G

MemTotal:        4016004 kB
MemFree:          121580 kB
Active:           338000 kB
Mem:          3.8G       3.7G       118M       5.7M        20M       3.3G

MemTotal:        4016004 kB
MemFree:          120976 kB
Active:           338264 kB
Mem:          3.8G       3.7G       118M       5.7M        20M       3.3G

MemTotal:        4016004 kB
MemFree:          121580 kB
Active:           338000 kB
Mem:          3.8G       3.7G       118M       5.7M        20M       3.3G

MemTotal:        4016004 kB
MemFree:          121132 kB
Active:           338128 kB
Mem:          3.8G       3.7G       118M       5.7M        20M       3.3G

MemTotal:        4016004 kB
MemFree:          120884 kB
Active:           338152 kB
Mem:          3.8G       3.7G       118M       5.7M        20M       3.3G

MemTotal:        4016004 kB
MemFree:          120884 kB
Active:           338152 kB
Mem:          3.8G       3.7G       117M       5.7M        20M       3.3G

MemTotal:        4016004 kB
MemFree:          120760 kB
Active:           338120 kB
Mem:          3.8G       3.7G       118M       5.7M        20M       3.3G

MemTotal:        4016004 kB
MemFree:          120884 kB
Active:           338128 kB
Mem:          3.8G       3.7G       118M       5.7M        20M       3.3G

MemTotal:        4016004 kB
MemFree:          121132 kB
Active:           338144 kB
Mem:          3.8G       3.7G       118M       5.7M        20M       3.3G

MemTotal:        4016004 kB
MemFree:          121132 kB
Active:           338112 kB
Mem:          3.8G       3.7G       118M       5.7M        20M       3.3G

MemTotal:        4016004 kB
MemFree:          121380 kB
Active:           338136 kB
Mem:          3.8G       3.7G       118M       5.7M        20M       3.3G

MemTotal:        4016004 kB
MemFree:          120760 kB
Active:           338168 kB
Mem:          3.8G       3.7G       118M       5.7M        20M       3.3G

MemTotal:        4016004 kB
MemFree:          120884 kB
Active:           338172 kB
Mem:          3.8G       3.7G       118M       5.7M        20M       3.3G

MemTotal:        4016004 kB
MemFree:          120760 kB
Active:           338180 kB
Mem:          3.8G       3.7G       117M       5.7M        20M       3.3G

MemTotal:        4016004 kB
MemFree:          120388 kB
Active:           338156 kB
Mem:          3.8G       3.7G       117M       5.7M        20M       3.3G

MemTotal:        4016004 kB
MemFree:          120264 kB
Active:           338180 kB
Mem:          3.8G       3.7G       117M       5.7M        20M       3.3G

MemTotal:        4016004 kB
MemFree:          120760 kB
Active:           338144 kB
Mem:          3.8G       3.7G       117M       5.7M        20M       3.3G

MemTotal:        4016004 kB
MemFree:          121008 kB
Active:           338180 kB
Mem:          3.8G       3.7G       117M       5.7M        20M       3.3G

MemTotal:        4016004 kB
MemFree:          121008 kB
Active:           338136 kB
Mem:          3.8G       3.7G       118M       5.7M        20M       3.3G

MemTotal:        4016004 kB
MemFree:          121008 kB
Active:           338168 kB
Mem:          3.8G       3.7G       118M       5.7M        20M       3.3G

MemTotal:        4016004 kB
MemFree:          121008 kB
Active:           338164 kB
Mem:          3.8G       3.7G       118M       5.7M        20M       3.3G

MemTotal:        4016004 kB
MemFree:          121008 kB
Active:           338180 kB
Mem:          3.8G       3.7G       118M       5.7M        20M       3.3G

MemTotal:        4016004 kB
MemFree:          120388 kB
Active:           338188 kB
Mem:          3.8G       3.7G       117M       5.7M        20M       3.3G

MemTotal:        4016004 kB
MemFree:          120140 kB
Active:           338188 kB
Mem:          3.8G       3.7G       117M       5.7M        20M       3.3G

MemTotal:        4016004 kB
MemFree:          120636 kB
Active:           338140 kB
Mem:          3.8G       3.7G       117M       5.7M        20M       3.3G

MemTotal:        4016004 kB
MemFree:          120636 kB
Active:           338188 kB
Mem:          3.8G       3.7G       117M       5.7M        20M       3.3G

MemTotal:        4016004 kB
MemFree:          121008 kB
Active:           338156 kB
Mem:          3.8G       3.7G       118M       5.7M        20M       3.3G

MemTotal:        4016004 kB
MemFree:          121008 kB
Active:           338184 kB
Mem:          3.8G       3.7G       118M       5.7M        20M       3.3G

MemTotal:        4016004 kB
MemFree:          121008 kB
Active:           338144 kB
Mem:          3.8G       3.7G       118M       5.7M        20M       3.3G

MemTotal:        4016004 kB
MemFree:          120512 kB
Active:           338196 kB
Mem:          3.8G       3.7G       117M       5.7M        20M       3.3G

MemTotal:        4016004 kB
MemFree:          120760 kB
Active:           338140 kB
Mem:          3.8G       3.7G       117M       5.7M        20M       3.3G

MemTotal:        4016004 kB
MemFree:          120264 kB
Active:           338196 kB
Mem:          3.8G       3.7G       117M       5.7M        20M       3.3G

MemTotal:        4016004 kB
MemFree:          120760 kB
Active:           338172 kB
Mem:          3.8G       3.7G       117M       5.7M        20M       3.3G

MemTotal:        4016004 kB
MemFree:          120884 kB
Active:           338160 kB
Mem:          3.8G       3.7G       117M       5.7M        20M       3.3G

MemTotal:        4016004 kB
MemFree:          120760 kB
Active:           338192 kB
Mem:          3.8G       3.7G       117M       5.7M        20M       3.3G

MemTotal:        4016004 kB
MemFree:          121008 kB
Active:           338188 kB
Mem:          3.8G       3.7G       118M       5.7M        20M       3.3G

MemTotal:        4016004 kB
MemFree:          120388 kB
Active:           338208 kB
Mem:          3.8G       3.7G       117M       5.7M        20M       3.3G

MemTotal:        4016004 kB
MemFree:          120760 kB
Active:           338172 kB
Mem:          3.8G       3.7G       117M       5.7M        20M       3.3G

MemTotal:        4016004 kB
MemFree:          121008 kB
Active:           338204 kB
Mem:          3.8G       3.7G       117M       5.7M        20M       3.3G

MemTotal:        4016004 kB
MemFree:          120388 kB
Active:           338208 kB
Mem:          3.8G       3.7G       117M       5.7M        20M       3.3G

MemTotal:        4016004 kB
MemFree:          120264 kB
Active:           338208 kB
Mem:          3.8G       3.7G       117M       5.7M        20M       3.3G

MemTotal:        4016004 kB
MemFree:          120388 kB
Active:           338152 kB
Mem:          3.8G       3.7G       117M       5.7M        20M       3.3G

MemTotal:        4016004 kB
MemFree:          120760 kB
Active:           338164 kB
Mem:          3.8G       3.7G       117M       5.7M        20M       3.3G

MemTotal:        4016004 kB
MemFree:          120388 kB
Active:           338212 kB
Mem:          3.8G       3.7G       117M       5.7M        20M       3.3G

MemTotal:        4016004 kB
MemFree:          120388 kB
Active:           338212 kB
Mem:          3.8G       3.7G       117M       5.7M        20M       3.3G

MemTotal:        4016004 kB
MemFree:          120512 kB
Active:           338212 kB
Mem:          3.8G       3.7G       117M       5.7M        20M       3.3G

MemTotal:        4016004 kB
MemFree:          121132 kB
Active:           338208 kB
Mem:          3.8G       3.7G       117M       5.7M        20M       3.3G

MemTotal:        4016004 kB
MemFree:          120884 kB
Active:           338172 kB
Mem:          3.8G       3.7G       117M       5.7M        20M       3.3G

MemTotal:        4016004 kB
MemFree:          121132 kB
Active:           338212 kB
Mem:          3.8G       3.7G       118M       5.7M        20M       3.3G

MemTotal:        4016004 kB
MemFree:          121008 kB
Active:           338204 kB
Mem:          3.8G       3.7G       118M       5.7M        20M       3.3G

MemTotal:        4016004 kB
MemFree:          121008 kB
Active:           338176 kB
Mem:          3.8G       3.7G       117M       5.7M        20M       3.3G

MemTotal:        4016004 kB
MemFree:          120512 kB
Active:           338220 kB
Mem:          3.8G       3.7G       117M       5.7M        20M       3.3G

MemTotal:        4016004 kB
MemFree:          121132 kB
Active:           338176 kB
Mem:          3.8G       3.7G       118M       5.7M        20M       3.3G

MemTotal:        4016004 kB
MemFree:          120636 kB
Active:           338220 kB
Mem:          3.8G       3.7G       117M       5.7M        20M       3.3G

MemTotal:        4016004 kB
MemFree:          120512 kB
Active:           338228 kB
Mem:          3.8G       3.7G       117M       5.7M        20M       3.3G

MemTotal:        4016004 kB
MemFree:          121008 kB
Active:           338224 kB
Mem:          3.8G       3.7G       118M       5.7M        20M       3.3G

MemTotal:        4016004 kB
MemFree:          120760 kB
Active:           338232 kB
Mem:          3.8G       3.7G       117M       5.7M        20M       3.3G

MemTotal:        4016004 kB
MemFree:          120636 kB
Active:           338232 kB
Mem:          3.8G       3.7G       118M       5.7M        20M       3.3G

MemTotal:        4016004 kB
MemFree:          121008 kB
Active:           338196 kB
Mem:          3.8G       3.7G       118M       5.7M        20M       3.3G

MemTotal:        4016004 kB
MemFree:          120760 kB
Active:           338228 kB
Mem:          3.8G       3.7G       117M       5.7M        20M       3.3G

MemTotal:        4016004 kB
MemFree:          120388 kB
Active:           338236 kB
Mem:          3.8G       3.7G       117M       5.7M        20M       3.3G

MemTotal:        4016004 kB
MemFree:          120388 kB
Active:           338248 kB
Mem:          3.8G       3.7G       117M       5.7M        20M       3.3G

MemTotal:        4016004 kB
MemFree:          120884 kB
Active:           338216 kB
Mem:          3.8G       3.7G       118M       5.7M        20M       3.3G

MemTotal:        4016004 kB
MemFree:          120884 kB
Active:           338196 kB
Mem:          3.8G       3.7G       117M       5.7M        20M       3.3G

MemTotal:        4016004 kB
MemFree:          120512 kB
Active:           338248 kB
Mem:          3.8G       3.7G       117M       5.7M        20M       3.3G

MemTotal:        4016004 kB
MemFree:          120520 kB
Active:           338220 kB
Mem:          3.8G       3.7G       117M       5.7M        20M       3.3G

MemTotal:        4016004 kB
MemFree:          120396 kB
Active:           338240 kB
Mem:          3.8G       3.7G       117M       5.7M        20M       3.3G

MemTotal:        4016004 kB
MemFree:          120892 kB
Active:           338208 kB
Mem:          3.8G       3.7G       118M       5.7M        20M       3.3G

MemTotal:        4016004 kB
MemFree:          120892 kB
Active:           338232 kB
Mem:          3.8G       3.7G       118M       5.7M        20M       3.3G

MemTotal:        4016004 kB
MemFree:          121140 kB
Active:           338232 kB
Mem:          3.8G       3.7G       118M       5.7M        20M       3.3G

MemTotal:        4016004 kB
MemFree:          121140 kB
Active:           338256 kB
Mem:          3.8G       3.7G       118M       5.7M        20M       3.3G

MemTotal:        4016004 kB
MemFree:          120892 kB
Active:           338240 kB
Mem:          3.8G       3.7G       118M       5.7M        20M       3.3G

MemTotal:        4016004 kB
MemFree:          120644 kB
Active:           338272 kB
Mem:          3.8G       3.7G       117M       5.7M        20M       3.3G

MemTotal:        4016004 kB
MemFree:          120768 kB
Active:           338228 kB
Mem:          3.8G       3.7G       117M       5.7M        20M       3.3G

MemTotal:        4016004 kB
MemFree:          120148 kB
Active:           338272 kB
Mem:          3.8G       3.7G       117M       5.7M        20M       3.3G

MemTotal:        4016004 kB
MemFree:          120768 kB
Active:           338232 kB
Mem:          3.8G       3.7G       118M       5.7M        20M       3.3G

MemTotal:        4016004 kB
MemFree:          120768 kB
Active:           338244 kB
Mem:          3.8G       3.7G       117M       5.7M        20M       3.3G

MemTotal:        4016004 kB
MemFree:          120396 kB
Active:           338272 kB
Mem:          3.8G       3.7G       117M       5.7M        20M       3.3G

MemTotal:        4016004 kB
MemFree:          120768 kB
Active:           338228 kB
Mem:          3.8G       3.7G       117M       5.7M        20M       3.3G

MemTotal:        4016004 kB
MemFree:          120768 kB
Active:           338248 kB
Mem:          3.8G       3.7G       117M       5.7M        20M       3.3G

MemTotal:        4016004 kB
MemFree:          120768 kB
Active:           338216 kB
Mem:          3.8G       3.7G       118M       5.7M        20M       3.3G

MemTotal:        4016004 kB
MemFree:          120520 kB
Active:           338284 kB
Mem:          3.8G       3.7G       117M       5.7M        20M       3.3G

MemTotal:        4016004 kB
MemFree:          118224 kB
Active:           338264 kB
Mem:          3.8G       3.7G       115M       5.7M        20M       3.3G

MemTotal:        4016004 kB
MemFree:          118720 kB
Active:           340272 kB
Mem:          3.8G       3.7G       115M       5.7M        20M       3.3G

MemTotal:        4016004 kB
MemFree:          118968 kB
Active:           340272 kB
Mem:          3.8G       3.7G       116M       5.7M        20M       3.3G

MemTotal:        4016004 kB
MemFree:          119092 kB
Active:           340296 kB
Mem:          3.8G       3.7G       116M       5.7M        20M       3.3G

MemTotal:        4016004 kB
MemFree:          119092 kB
Active:           340280 kB
Mem:          3.8G       3.7G       116M       5.7M        20M       3.3G

MemTotal:        4016004 kB
MemFree:          119092 kB
Active:           340316 kB
Mem:          3.8G       3.7G       116M       5.7M        20M       3.3G

MemTotal:        4016004 kB
MemFree:          118596 kB
Active:           340320 kB
Mem:          3.8G       3.7G       115M       5.7M        20M       3.3G

MemTotal:        4016004 kB
MemFree:          118720 kB
Active:           340308 kB
Mem:          3.8G       3.7G       115M       5.7M        20M       3.3G

MemTotal:        4016004 kB
MemFree:          118720 kB
Active:           340292 kB
Mem:          3.8G       3.7G       115M       5.7M        20M       3.3G

MemTotal:        4016004 kB
MemFree:          119092 kB
Active:           340264 kB
Mem:          3.8G       3.7G       116M       5.7M        20M       3.3G

MemTotal:        4016004 kB
MemFree:          119092 kB
Active:           340268 kB
Mem:          3.8G       3.7G       116M       5.7M        20M       3.3G

MemTotal:        4016004 kB
MemFree:          119216 kB
Active:           340304 kB
Mem:          3.8G       3.7G       116M       5.7M        20M       3.3G

MemTotal:        4016004 kB
MemFree:          119092 kB
Active:           340292 kB
Mem:          3.8G       3.7G       116M       5.7M        20M       3.3G

MemTotal:        4016004 kB
MemFree:          118844 kB
Active:           340324 kB
Mem:          3.8G       3.7G       116M       5.7M        20M       3.3G

MemTotal:        4016004 kB
MemFree:          119216 kB
Active:           340296 kB
Mem:          3.8G       3.7G       116M       5.7M        20M       3.3G

MemTotal:        4016004 kB
MemFree:          118968 kB
Active:           340276 kB
Mem:          3.8G       3.7G       116M       5.7M        20M       3.3G

MemTotal:        4016004 kB
MemFree:          118472 kB
Active:           340332 kB
Mem:          3.8G       3.7G       115M       5.7M        20M       3.3G

MemTotal:        4016004 kB
MemFree:          118348 kB
Active:           340332 kB
Mem:          3.8G       3.7G       115M       5.7M        20M       3.3G

MemTotal:        4016004 kB
MemFree:          118224 kB
Active:           340332 kB
Mem:          3.8G       3.7G       115M       5.7M        20M       3.3G

MemTotal:        4016004 kB
MemFree:          118596 kB
Active:           340308 kB
Mem:          3.8G       3.7G       115M       5.7M        20M       3.3G

MemTotal:        4016004 kB
MemFree:          118224 kB
Active:           340340 kB
Mem:          3.8G       3.7G       115M       5.7M        20M       3.3G

MemTotal:        4016004 kB
MemFree:          118100 kB
Active:           340340 kB
Mem:          3.8G       3.7G       115M       5.7M        20M       3.3G

MemTotal:        4016004 kB
MemFree:          118472 kB
Active:           340332 kB
Mem:          3.8G       3.7G       115M       5.7M        20M       3.3G

MemTotal:        4016004 kB
MemFree:          118100 kB
Active:           340340 kB
Mem:          3.8G       3.7G       115M       5.7M        20M       3.3G

MemTotal:        4016004 kB
MemFree:          118348 kB
Active:           340340 kB
Mem:          3.8G       3.7G       115M       5.7M        20M       3.3G

MemTotal:        4016004 kB
MemFree:          118596 kB
Active:           340320 kB
Mem:          3.8G       3.7G       115M       5.7M        20M       3.3G

MemTotal:        4016004 kB
MemFree:          118968 kB
Active:           340288 kB
Mem:          3.8G       3.7G       116M       5.7M        20M       3.3G

MemTotal:        4016004 kB
MemFree:          118596 kB
Active:           340344 kB
Mem:          3.8G       3.7G       115M       5.7M        20M       3.3G

MemTotal:        4016004 kB
MemFree:          118720 kB
Active:           340308 kB
Mem:          3.8G       3.7G       115M       5.7M        20M       3.3G

MemTotal:        4016004 kB
MemFree:          118844 kB
Active:           340332 kB
Mem:          3.8G       3.7G       116M       5.7M        20M       3.3G

MemTotal:        4016004 kB
MemFree:          118596 kB
Active:           340348 kB
Mem:          3.8G       3.7G       115M       5.7M        20M       3.3G

MemTotal:        4016004 kB
MemFree:          118968 kB
Active:           340316 kB
Mem:          3.8G       3.7G       115M       5.7M        20M       3.3G

MemTotal:        4016004 kB
MemFree:          118968 kB
Active:           340300 kB
Mem:          3.8G       3.7G       116M       5.7M        20M       3.3G

MemTotal:        4016004 kB
MemFree:          115748 kB
Active:           342532 kB
Mem:          3.8G       3.7G       112M       5.7M        22M       3.3G

MemTotal:        4016004 kB
MemFree:          108240 kB
Active:           348108 kB
Mem:          3.8G       3.7G       105M       5.7M        28M       3.3G

MemTotal:        4016004 kB
MemFree:          108736 kB
Active:           348088 kB
Mem:          3.8G       3.7G       105M       5.7M        28M       3.3G

MemTotal:        4016004 kB
MemFree:          108612 kB
Active:           348064 kB
Mem:          3.8G       3.7G       106M       5.7M        28M       3.3G

MemTotal:        4016004 kB
MemFree:          108364 kB
Active:           348112 kB
Mem:          3.8G       3.7G       105M       5.7M        28M       3.3G

MemTotal:        4016004 kB
MemFree:          108612 kB
Active:           348096 kB
Mem:          3.8G       3.7G       105M       5.7M        28M       3.3G

MemTotal:        4016004 kB
MemFree:          108612 kB
Active:           348076 kB
Mem:          3.8G       3.7G       106M       5.7M        28M       3.3G

MemTotal:        4016004 kB
MemFree:          108364 kB
Active:           348128 kB
Mem:          3.8G       3.7G       105M       5.7M        28M       3.3G

MemTotal:        4016004 kB
MemFree:          108736 kB
Active:           348128 kB
Mem:          3.8G       3.7G       106M       5.7M        28M       3.3G

MemTotal:        4016004 kB
MemFree:          108984 kB
Active:           348096 kB
Mem:          3.8G       3.7G       106M       5.7M        28M       3.3G

MemTotal:        4016004 kB
MemFree:          109108 kB
Active:           348076 kB
Mem:          3.8G       3.7G       106M       5.7M        28M       3.3G

MemTotal:        4016004 kB
MemFree:          108612 kB
Active:           348088 kB
Mem:          3.8G       3.7G       106M       5.7M        28M       3.3G

MemTotal:        4016004 kB
MemFree:          108116 kB
Active:           348136 kB
Mem:          3.8G       3.7G       105M       5.7M        28M       3.3G

MemTotal:        4016004 kB
MemFree:          108612 kB
Active:           348116 kB
Mem:          3.8G       3.7G       105M       5.7M        28M       3.3G

MemTotal:        4016004 kB
MemFree:          108116 kB
Active:           348148 kB
Mem:          3.8G       3.7G       105M       5.7M        28M       3.3G

MemTotal:        4016004 kB
MemFree:          108612 kB
Active:           348112 kB
Mem:          3.8G       3.7G       106M       5.7M        28M       3.3G

MemTotal:        4016004 kB
MemFree:          108736 kB
Active:           348092 kB
Mem:          3.8G       3.7G       105M       5.7M        28M       3.3G

MemTotal:        4016004 kB
MemFree:          108620 kB
Active:           348104 kB
Mem:          3.8G       3.7G       106M       5.7M        28M       3.3G

MemTotal:        4016004 kB
MemFree:          108248 kB
Active:           348152 kB
Mem:          3.8G       3.7G       105M       5.7M        28M       3.3G

MemTotal:        4016004 kB
MemFree:          108248 kB
Active:           348108 kB
Mem:          3.8G       3.7G       105M       5.7M        28M       3.3G

MemTotal:        4016004 kB
MemFree:          108248 kB
Active:           348132 kB
Mem:          3.8G       3.7G       105M       5.7M        28M       3.3G

MemTotal:        4016004 kB
MemFree:          107876 kB
Active:           348152 kB
Mem:          3.8G       3.7G       105M       5.7M        28M       3.3G

MemTotal:        4016004 kB
MemFree:          108744 kB
Active:           348148 kB
Mem:          3.8G       3.7G       106M       5.7M        28M       3.3G

MemTotal:        4016004 kB
MemFree:          108868 kB
Active:           348108 kB
Mem:          3.8G       3.7G       106M       5.7M        28M       3.3G

MemTotal:        4016004 kB
MemFree:          108868 kB
Active:           348140 kB
Mem:          3.8G       3.7G       106M       5.7M        28M       3.3G

MemTotal:        4016004 kB
MemFree:          108496 kB
Active:           348164 kB
Mem:          3.8G       3.7G       106M       5.7M        28M       3.3G

MemTotal:        4016004 kB
MemFree:          108744 kB
Active:           348136 kB
Mem:          3.8G       3.7G       105M       5.7M        28M       3.3G

MemTotal:        4016004 kB
MemFree:          108620 kB
Active:           348128 kB
Mem:          3.8G       3.7G       106M       5.7M        28M       3.3G

MemTotal:        4016004 kB
MemFree:          108744 kB
Active:           348156 kB
Mem:          3.8G       3.7G       106M       5.7M        28M       3.3G

MemTotal:        4016004 kB
MemFree:          108016 kB
Active:           348296 kB
Mem:          3.8G       3.7G       105M       5.7M        28M       3.3G

MemTotal:        4016004 kB
MemFree:          108388 kB
Active:           348308 kB
Mem:          3.8G       3.7G       105M       5.7M        28M       3.3G

MemTotal:        4016004 kB
MemFree:          108248 kB
Active:           348388 kB
Mem:          3.8G       3.7G       105M       5.7M        28M       3.3G

