MemTotal:        4016004 kB
MemFree:         3240104 kB
Active:           418464 kB
Mem:          3.8G       757M       3.1G       5.7M        62M       314M

MemTotal:        4016004 kB
MemFree:         3240868 kB
Active:           418288 kB
Mem:          3.8G       757M       3.1G       5.7M        62M       314M

MemTotal:        4016004 kB
MemFree:         3240728 kB
Active:           418344 kB
Mem:          3.8G       756M       3.1G       5.7M        62M       314M

MemTotal:        4016004 kB
MemFree:         3240712 kB
Active:           418360 kB
Mem:          3.8G       756M       3.1G       5.7M        62M       314M

MemTotal:        4016004 kB
MemFree:         3240696 kB
Active:           418304 kB
Mem:          3.8G       757M       3.1G       5.7M        62M       314M

MemTotal:        4016004 kB
MemFree:         3240928 kB
Active:           418308 kB
Mem:          3.8G       757M       3.1G       5.7M        62M       314M

MemTotal:        4016004 kB
MemFree:         3240756 kB
Active:           418364 kB
Mem:          3.8G       757M       3.1G       5.7M        62M       314M

MemTotal:        4016004 kB
MemFree:         3240616 kB
Active:           418324 kB
Mem:          3.8G       757M       3.1G       5.7M        62M       314M

MemTotal:        4016004 kB
MemFree:         3240476 kB
Active:           418336 kB
Mem:          3.8G       757M       3.1G       5.7M        62M       314M

MemTotal:        4016004 kB
MemFree:         3240708 kB
Active:           418324 kB
Mem:          3.8G       757M       3.1G       5.7M        62M       314M

MemTotal:        4016004 kB
MemFree:         3240444 kB
Active:           418368 kB
Mem:          3.8G       757M       3.1G       5.7M        62M       314M

MemTotal:        4016004 kB
MemFree:         3240304 kB
Active:           418352 kB
Mem:          3.8G       757M       3.1G       5.7M        62M       314M

MemTotal:        4016004 kB
MemFree:         3240412 kB
Active:           418336 kB
Mem:          3.8G       757M       3.1G       5.7M        62M       314M

MemTotal:        4016004 kB
MemFree:         3240272 kB
Active:           418324 kB
Mem:          3.8G       757M       3.1G       5.7M        62M       314M

MemTotal:        4016004 kB
MemFree:         3240228 kB
Active:           418380 kB
Mem:          3.8G       757M       3.1G       5.7M        62M       314M

MemTotal:        4016004 kB
MemFree:         3240236 kB
Active:           418380 kB
Mem:          3.8G       757M       3.1G       5.7M        62M       314M

MemTotal:        4016004 kB
MemFree:         3240472 kB
Active:           416500 kB
Mem:          3.8G       757M       3.1G       5.7M        62M       314M

MemTotal:        4016004 kB
MemFree:         3240824 kB
Active:           418340 kB
Mem:          3.8G       757M       3.1G       5.7M        62M       314M

MemTotal:        4016004 kB
MemFree:         3240204 kB
Active:           418392 kB
Mem:          3.8G       757M       3.1G       5.7M        62M       314M

MemTotal:        4016004 kB
MemFree:         3240576 kB
Active:           418360 kB
Mem:          3.8G       757M       3.1G       5.7M        62M       314M

MemTotal:        4016004 kB
MemFree:         3240452 kB
Active:           418344 kB
Mem:          3.8G       757M       3.1G       5.7M        62M       314M

MemTotal:        4016004 kB
MemFree:         3240312 kB
Active:           418400 kB
Mem:          3.8G       757M       3.1G       5.7M        62M       314M

MemTotal:        4016004 kB
MemFree:         3240560 kB
Active:           418380 kB
Mem:          3.8G       757M       3.1G       5.7M        62M       314M

MemTotal:        4016004 kB
MemFree:         3240668 kB
Active:           418392 kB
Mem:          3.8G       757M       3.1G       5.7M        62M       314M

MemTotal:        4016004 kB
MemFree:         3240652 kB
Active:           418384 kB
Mem:          3.8G       757M       3.1G       5.7M        62M       314M

MemTotal:        4016004 kB
MemFree:         3240512 kB
Active:           418364 kB
Mem:          3.8G       757M       3.1G       5.7M        62M       314M

MemTotal:        4016004 kB
MemFree:         3238668 kB
Active:           418360 kB
Mem:          3.8G       758M       3.1G       5.7M        62M       314M

MemTotal:        4016004 kB
MemFree:         3238544 kB
Active:           420424 kB
Mem:          3.8G       759M       3.1G       5.7M        62M       314M

MemTotal:        4016004 kB
MemFree:         3238792 kB
Active:           420412 kB
Mem:          3.8G       759M       3.1G       5.7M        62M       314M

MemTotal:        4016004 kB
MemFree:         3238792 kB
Active:           420396 kB
Mem:          3.8G       758M       3.1G       5.7M        62M       314M

MemTotal:        4016004 kB
MemFree:         3238792 kB
Active:           420384 kB
Mem:          3.8G       759M       3.1G       5.7M        62M       314M

MemTotal:        4016004 kB
MemFree:         3238172 kB
Active:           420432 kB
Mem:          3.8G       759M       3.1G       5.7M        62M       314M

MemTotal:        4016004 kB
MemFree:         3238668 kB
Active:           420408 kB
Mem:          3.8G       759M       3.1G       5.7M        62M       314M

MemTotal:        4016004 kB
MemFree:         3238652 kB
Active:           420384 kB
Mem:          3.8G       759M       3.1G       5.7M        62M       314M

MemTotal:        4016004 kB
MemFree:         3238388 kB
Active:           420440 kB
Mem:          3.8G       759M       3.1G       5.7M        62M       314M

MemTotal:        4016004 kB
MemFree:         3238248 kB
Active:           420444 kB
Mem:          3.8G       759M       3.1G       5.7M        62M       314M

MemTotal:        4016004 kB
MemFree:         3238372 kB
Active:           420400 kB
Mem:          3.8G       759M       3.1G       5.7M        62M       314M

MemTotal:        4016004 kB
MemFree:         3238232 kB
Active:           420440 kB
Mem:          3.8G       759M       3.1G       5.7M        62M       314M

MemTotal:        4016004 kB
MemFree:         3238340 kB
Active:           420408 kB
Mem:          3.8G       759M       3.1G       5.7M        62M       314M

MemTotal:        4016004 kB
MemFree:         3237828 kB
Active:           420448 kB
Mem:          3.8G       759M       3.1G       5.7M        62M       314M

MemTotal:        4016004 kB
MemFree:         3238200 kB
Active:           420432 kB
Mem:          3.8G       759M       3.1G       5.7M        62M       314M

MemTotal:        4016004 kB
MemFree:         3237800 kB
Active:           420456 kB
Mem:          3.8G       759M       3.1G       5.7M        62M       314M

MemTotal:        4016004 kB
MemFree:         3237800 kB
Active:           420460 kB
Mem:          3.8G       759M       3.1G       5.7M        62M       314M

MemTotal:        4016004 kB
MemFree:         3238172 kB
Active:           420432 kB
Mem:          3.8G       759M       3.1G       5.7M        62M       314M

MemTotal:        4016004 kB
MemFree:         3238420 kB
Active:           420408 kB
Mem:          3.8G       759M       3.1G       5.7M        62M       314M

MemTotal:        4016004 kB
MemFree:         3238048 kB
Active:           420460 kB
Mem:          3.8G       759M       3.1G       5.7M        62M       314M

MemTotal:        4016004 kB
MemFree:         3238544 kB
Active:           420432 kB
Mem:          3.8G       759M       3.1G       5.7M        62M       314M

MemTotal:        4016004 kB
MemFree:         3238544 kB
Active:           420448 kB
Mem:          3.8G       759M       3.1G       5.7M        62M       314M

MemTotal:        4016004 kB
MemFree:         3238048 kB
Active:           420468 kB
Mem:          3.8G       759M       3.1G       5.7M        62M       314M

MemTotal:        4016004 kB
MemFree:         3238404 kB
Active:           420444 kB
Mem:          3.8G       759M       3.1G       5.7M        62M       314M

MemTotal:        4016004 kB
MemFree:         3238264 kB
Active:           420416 kB
Mem:          3.8G       759M       3.1G       5.7M        62M       314M

MemTotal:        4016004 kB
MemFree:         3238496 kB
Active:           420456 kB
Mem:          3.8G       759M       3.1G       5.7M        62M       314M

MemTotal:        4016004 kB
MemFree:         3237860 kB
Active:           420492 kB
Mem:          3.8G       759M       3.1G       5.7M        62M       314M

MemTotal:        4016004 kB
MemFree:         3237968 kB
Active:           420484 kB
Mem:          3.8G       759M       3.1G       5.7M        62M       314M

MemTotal:        4016004 kB
MemFree:         3238064 kB
Active:           420468 kB
Mem:          3.8G       759M       3.1G       5.7M        62M       314M

MemTotal:        4016004 kB
MemFree:         3238312 kB
Active:           420464 kB
Mem:          3.8G       759M       3.1G       5.7M        62M       314M

MemTotal:        4016004 kB
MemFree:         3238436 kB
Active:           420492 kB
Mem:          3.8G       759M       3.1G       5.7M        62M       314M

MemTotal:        4016004 kB
MemFree:         3238312 kB
Active:           420484 kB
Mem:          3.8G       759M       3.1G       5.7M        62M       314M

MemTotal:        4016004 kB
MemFree:         3238072 kB
Active:           420504 kB
Mem:          3.8G       759M       3.1G       5.7M        62M       314M

MemTotal:        4016004 kB
MemFree:         3238444 kB
Active:           420484 kB
Mem:          3.8G       759M       3.1G       5.7M        62M       314M

MemTotal:        4016004 kB
MemFree:         3237932 kB
Active:           420504 kB
Mem:          3.8G       759M       3.1G       5.7M        62M       314M

MemTotal:        4016004 kB
MemFree:         3238040 kB
Active:           420464 kB
Mem:          3.8G       759M       3.1G       5.7M        62M       314M

MemTotal:        4016004 kB
MemFree:         3238164 kB
Active:           420452 kB
Mem:          3.8G       759M       3.1G       5.7M        62M       314M

MemTotal:        4016004 kB
MemFree:         3238396 kB
Active:           420476 kB
Mem:          3.8G       759M       3.1G       5.7M        62M       314M

MemTotal:        4016004 kB
MemFree:         3238504 kB
Active:           420464 kB
Mem:          3.8G       759M       3.1G       5.7M        62M       314M

MemTotal:        4016004 kB
MemFree:         3238116 kB
Active:           420512 kB
Mem:          3.8G       759M       3.1G       5.7M        62M       314M

MemTotal:        4016004 kB
MemFree:         3238612 kB
Active:           420484 kB
Mem:          3.8G       759M       3.1G       5.7M        62M       314M

MemTotal:        4016004 kB
MemFree:         3238596 kB
Active:           420460 kB
Mem:          3.8G       759M       3.1G       5.7M        62M       314M

MemTotal:        4016004 kB
MemFree:         3238660 kB
Active:           420492 kB
Mem:          3.8G       759M       3.1G       5.7M        62M       314M

MemTotal:        4016004 kB
MemFree:         3238660 kB
Active:           420480 kB
Mem:          3.8G       759M       3.1G       5.7M        62M       314M

MemTotal:        4016004 kB
MemFree:         3238660 kB
Active:           420508 kB
Mem:          3.8G       759M       3.1G       5.7M        62M       314M

MemTotal:        4016004 kB
MemFree:         3238660 kB
Active:           420500 kB
Mem:          3.8G       759M       3.1G       5.7M        62M       314M

MemTotal:        4016004 kB
MemFree:         3238536 kB
Active:           420512 kB
Mem:          3.8G       759M       3.1G       5.7M        62M       314M

MemTotal:        4016004 kB
MemFree:         3238040 kB
Active:           420516 kB
Mem:          3.8G       759M       3.1G       5.7M        62M       314M

MemTotal:        4016004 kB
MemFree:         3238536 kB
Active:           420476 kB
Mem:          3.8G       759M       3.1G       5.7M        62M       314M

MemTotal:        4016004 kB
MemFree:         3238660 kB
Active:           420504 kB
Mem:          3.8G       759M       3.1G       5.7M        62M       314M

MemTotal:        4016004 kB
MemFree:         3235868 kB
Active:           420524 kB
Mem:          3.8G       761M       3.1G       5.7M        62M       314M

MemTotal:        4016004 kB
MemFree:         3236116 kB
Active:           422528 kB
Mem:          3.8G       761M       3.1G       5.7M        62M       314M

MemTotal:        4016004 kB
MemFree:         3235992 kB
Active:           422500 kB
Mem:          3.8G       761M       3.1G       5.7M        62M       314M

MemTotal:        4016004 kB
MemFree:         3235976 kB
Active:           422548 kB
Mem:          3.8G       761M       3.1G       5.7M        62M       314M

MemTotal:        4016004 kB
MemFree:         3235836 kB
Active:           422548 kB
Mem:          3.8G       761M       3.1G       5.7M        62M       314M

MemTotal:        4016004 kB
MemFree:         3236208 kB
Active:           422524 kB
Mem:          3.8G       761M       3.1G       5.7M        62M       314M

MemTotal:        4016004 kB
MemFree:         3236068 kB
Active:           422508 kB
Mem:          3.8G       761M       3.1G       5.7M        62M       314M

MemTotal:        4016004 kB
MemFree:         3235804 kB
Active:           422568 kB
Mem:          3.8G       761M       3.1G       5.7M        62M       314M

MemTotal:        4016004 kB
MemFree:         3235804 kB
Active:           422568 kB
Mem:          3.8G       761M       3.1G       5.7M        62M       314M

MemTotal:        4016004 kB
MemFree:         3236504 kB
Active:           422556 kB
Mem:          3.8G       761M       3.1G       5.7M        62M       314M

MemTotal:        4016004 kB
MemFree:         3236504 kB
Active:           422540 kB
Mem:          3.8G       761M       3.1G       5.7M        62M       314M

MemTotal:        4016004 kB
MemFree:         3236008 kB
Active:           422568 kB
Mem:          3.8G       761M       3.1G       5.7M        62M       314M

MemTotal:        4016004 kB
MemFree:         3236256 kB
Active:           422548 kB
Mem:          3.8G       761M       3.1G       5.7M        62M       314M

MemTotal:        4016004 kB
MemFree:         3236256 kB
Active:           422536 kB
Mem:          3.8G       761M       3.1G       5.7M        62M       314M

MemTotal:        4016004 kB
MemFree:         3236380 kB
Active:           422540 kB
Mem:          3.8G       761M       3.1G       5.7M        62M       314M

MemTotal:        4016004 kB
MemFree:         3236380 kB
Active:           422576 kB
Mem:          3.8G       761M       3.1G       5.7M        62M       314M

MemTotal:        4016004 kB
MemFree:         3236488 kB
Active:           422556 kB
Mem:          3.8G       761M       3.1G       5.7M        62M       314M

MemTotal:        4016004 kB
MemFree:         3235976 kB
Active:           422576 kB
Mem:          3.8G       761M       3.1G       5.7M        62M       314M

MemTotal:        4016004 kB
MemFree:         3235728 kB
Active:           422532 kB
Mem:          3.8G       762M       3.1G       5.7M        62M       314M

MemTotal:        4016004 kB
MemFree:         3235712 kB
Active:           422532 kB
Mem:          3.8G       762M       3.1G       5.7M        62M       314M

MemTotal:        4016004 kB
MemFree:         3235816 kB
Active:           420576 kB
Mem:          3.8G       761M       3.1G       5.7M        62M       314M

MemTotal:        4016004 kB
MemFree:         3235552 kB
Active:           422632 kB
Mem:          3.8G       762M       3.1G       5.7M        62M       314M

MemTotal:        4016004 kB
MemFree:         3236112 kB
Active:           422584 kB
Mem:          3.8G       761M       3.1G       5.7M        62M       314M

MemTotal:        4016004 kB
MemFree:         3236112 kB
Active:           422608 kB
Mem:          3.8G       761M       3.1G       5.7M        62M       314M

MemTotal:        4016004 kB
MemFree:         3235616 kB
Active:           422632 kB
Mem:          3.8G       762M       3.1G       5.7M        62M       314M

MemTotal:        4016004 kB
MemFree:         3235864 kB
Active:           422612 kB
Mem:          3.8G       761M       3.1G       5.7M        62M       314M

MemTotal:        4016004 kB
MemFree:         3235740 kB
Active:           422584 kB
Mem:          3.8G       762M       3.1G       5.7M        62M       314M

MemTotal:        4016004 kB
MemFree:         3235616 kB
Active:           422640 kB
Mem:          3.8G       762M       3.1G       5.7M        62M       314M

MemTotal:        4016004 kB
MemFree:         3235616 kB
Active:           422604 kB
Mem:          3.8G       762M       3.1G       5.7M        62M       314M

MemTotal:        4016004 kB
MemFree:         3235616 kB
Active:           422588 kB
Mem:          3.8G       762M       3.1G       5.7M        62M       314M

MemTotal:        4016004 kB
MemFree:         3235604 kB
Active:           420644 kB
Mem:          3.8G       762M       3.1G       5.7M        62M       314M

MemTotal:        4016004 kB
MemFree:         3235464 kB
Active:           422636 kB
Mem:          3.8G       762M       3.1G       5.7M        62M       314M

MemTotal:        4016004 kB
MemFree:         3235448 kB
Active:           422604 kB
Mem:          3.8G       762M       3.1G       5.7M        62M       314M

MemTotal:        4016004 kB
MemFree:         3235432 kB
Active:           422624 kB
Mem:          3.8G       762M       3.1G       5.7M        62M       314M

MemTotal:        4016004 kB
MemFree:         3235416 kB
Active:           422596 kB
Mem:          3.8G       762M       3.1G       5.7M        62M       314M

MemTotal:        4016004 kB
MemFree:         3235000 kB
Active:           422656 kB
Mem:          3.8G       762M       3.1G       5.7M        62M       314M

MemTotal:        4016004 kB
MemFree:         3235372 kB
Active:           422628 kB
Mem:          3.8G       762M       3.1G       5.7M        62M       314M

MemTotal:        4016004 kB
MemFree:         3235124 kB
Active:           422656 kB
Mem:          3.8G       762M       3.1G       5.7M        62M       314M

MemTotal:        4016004 kB
MemFree:         3235124 kB
Active:           422656 kB
Mem:          3.8G       762M       3.1G       5.7M        62M       314M

MemTotal:        4016004 kB
MemFree:         3235496 kB
Active:           422624 kB
Mem:          3.8G       762M       3.1G       5.7M        62M       314M

MemTotal:        4016004 kB
MemFree:         3235544 kB
Active:           422636 kB
Mem:          3.8G       762M       3.1G       5.7M        62M       314M

MemTotal:        4016004 kB
MemFree:         3235172 kB
Active:           422668 kB
Mem:          3.8G       762M       3.1G       5.7M        62M       314M

MemTotal:        4016004 kB
MemFree:         3235544 kB
Active:           422664 kB
Mem:          3.8G       762M       3.1G       5.7M        62M       314M

MemTotal:        4016004 kB
MemFree:         3235544 kB
Active:           422652 kB
Mem:          3.8G       762M       3.1G       5.7M        62M       314M

MemTotal:        4016004 kB
MemFree:         3235528 kB
Active:           422668 kB
Mem:          3.8G       762M       3.1G       5.7M        62M       314M

MemTotal:        4016004 kB
MemFree:         3235884 kB
Active:           422648 kB
Mem:          3.8G       761M       3.1G       5.7M        62M       314M

MemTotal:        4016004 kB
MemFree:         3235868 kB
Active:           422640 kB
Mem:          3.8G       761M       3.1G       5.7M        62M       314M

MemTotal:        4016004 kB
MemFree:         3235852 kB
Active:           422628 kB
Mem:          3.8G       761M       3.1G       5.7M        62M       314M

MemTotal:        4016004 kB
MemFree:         3235340 kB
Active:           422676 kB
Mem:          3.8G       762M       3.1G       5.7M        62M       314M

MemTotal:        4016004 kB
MemFree:         3235944 kB
Active:           422640 kB
Mem:          3.8G       761M       3.1G       5.7M        62M       314M

MemTotal:        4016004 kB
MemFree:         3235804 kB
Active:           422628 kB
Mem:          3.8G       762M       3.1G       5.7M        62M       314M

MemTotal:        4016004 kB
MemFree:         3235664 kB
Active:           422660 kB
Mem:          3.8G       762M       3.1G       5.7M        62M       314M

MemTotal:        4016004 kB
MemFree:         3235216 kB
Active:           422688 kB
Mem:          3.8G       762M       3.1G       5.7M        62M       314M

MemTotal:        4016004 kB
MemFree:         3235464 kB
Active:           422656 kB
Mem:          3.8G       762M       3.1G       5.7M        62M       314M

MemTotal:        4016004 kB
MemFree:         3235588 kB
Active:           422684 kB
Mem:          3.8G       762M       3.1G       5.7M        62M       314M

MemTotal:        4016004 kB
MemFree:         3235836 kB
Active:           422652 kB
Mem:          3.8G       761M       3.1G       5.7M        62M       314M

MemTotal:        4016004 kB
MemFree:         3235588 kB
Active:           422688 kB
Mem:          3.8G       761M       3.1G       5.7M        62M       314M

MemTotal:        4016004 kB
MemFree:         3235960 kB
Active:           422664 kB
Mem:          3.8G       761M       3.1G       5.7M        62M       314M

MemTotal:        4016004 kB
MemFree:         3235960 kB
Active:           422636 kB
Mem:          3.8G       761M       3.1G       5.7M        62M       314M

MemTotal:        4016004 kB
MemFree:         3235836 kB
Active:           422684 kB
Mem:          3.8G       762M       3.1G       5.7M        62M       314M

MemTotal:        4016004 kB
MemFree:         3235588 kB
Active:           422700 kB
Mem:          3.8G       762M       3.1G       5.7M        62M       314M

MemTotal:        4016004 kB
MemFree:         3235464 kB
Active:           422676 kB
Mem:          3.8G       762M       3.1G       5.7M        62M       314M

MemTotal:        4016004 kB
MemFree:         3235588 kB
Active:           422668 kB
Mem:          3.8G       762M       3.1G       5.7M        62M       314M

MemTotal:        4016004 kB
MemFree:         3235448 kB
Active:           422704 kB
Mem:          3.8G       761M       3.1G       5.7M        62M       314M

MemTotal:        4016004 kB
MemFree:         3235804 kB
Active:           422692 kB
Mem:          3.8G       762M       3.1G       5.7M        62M       314M

MemTotal:        4016004 kB
MemFree:         3235416 kB
Active:           422712 kB
Mem:          3.8G       762M       3.1G       5.7M        62M       314M

MemTotal:        4016004 kB
MemFree:         3235664 kB
Active:           422668 kB
Mem:          3.8G       762M       3.1G       5.7M        62M       314M

MemTotal:        4016004 kB
MemFree:         3235884 kB
Active:           422704 kB
Mem:          3.8G       761M       3.1G       5.7M        62M       314M

MemTotal:        4016004 kB
MemFree:         3235512 kB
Active:           422712 kB
Mem:          3.8G       762M       3.1G       5.7M        62M       314M

MemTotal:        4016004 kB
MemFree:         3235760 kB
Active:           422700 kB
Mem:          3.8G       762M       3.1G       5.7M        62M       314M

MemTotal:        4016004 kB
MemFree:         3233712 kB
Active:           422696 kB
Mem:          3.8G       763M       3.1G       5.7M        62M       314M

MemTotal:        4016004 kB
MemFree:         3233960 kB
Active:           424692 kB
Mem:          3.8G       763M       3.1G       5.7M        62M       314M

MemTotal:        4016004 kB
MemFree:         3233588 kB
Active:           424748 kB
Mem:          3.8G       763M       3.1G       5.7M        62M       314M

MemTotal:        4016004 kB
MemFree:         3233836 kB
Active:           424744 kB
Mem:          3.8G       763M       3.1G       5.7M        62M       314M

MemTotal:        4016004 kB
MemFree:         3233820 kB
Active:           424720 kB
Mem:          3.8G       763M       3.1G       5.7M        62M       314M

MemTotal:        4016004 kB
MemFree:         3233308 kB
Active:           424752 kB
Mem:          3.8G       764M       3.1G       5.7M        62M       314M

MemTotal:        4016004 kB
MemFree:         3233516 kB
Active:           424756 kB
Mem:          3.8G       764M       3.1G       5.7M        62M       314M

MemTotal:        4016004 kB
MemFree:         3233020 kB
Active:           424768 kB
Mem:          3.8G       764M       3.1G       5.7M        62M       314M

MemTotal:        4016004 kB
MemFree:         3233516 kB
Active:           424736 kB
Mem:          3.8G       764M       3.1G       5.7M        62M       314M

MemTotal:        4016004 kB
MemFree:         3233516 kB
Active:           424760 kB
Mem:          3.8G       763M       3.1G       5.7M        62M       314M

MemTotal:        4016004 kB
MemFree:         3233444 kB
Active:           422920 kB
Mem:          3.8G       764M       3.1G       5.7M        62M       314M

MemTotal:        4016004 kB
MemFree:         3233888 kB
Active:           424756 kB
Mem:          3.8G       763M       3.1G       5.7M        62M       314M

MemTotal:        4016004 kB
MemFree:         3233888 kB
Active:           424748 kB
Mem:          3.8G       763M       3.1G       5.7M        62M       314M

MemTotal:        4016004 kB
MemFree:         3233640 kB
Active:           424792 kB
Mem:          3.8G       764M       3.1G       5.7M        62M       314M

MemTotal:        4016004 kB
MemFree:         3233516 kB
Active:           424792 kB
Mem:          3.8G       764M       3.1G       5.7M        62M       314M

MemTotal:        4016004 kB
MemFree:         3233888 kB
Active:           424764 kB
Mem:          3.8G       764M       3.1G       5.7M        62M       314M

MemTotal:        4016004 kB
MemFree:         3233872 kB
Active:           424768 kB
Mem:          3.8G       763M       3.1G       5.7M        62M       314M

MemTotal:        4016004 kB
MemFree:         3233252 kB
Active:           424792 kB
Mem:          3.8G       764M       3.1G       5.7M        62M       314M

MemTotal:        4016004 kB
MemFree:         3233828 kB
Active:           424776 kB
Mem:          3.8G       763M       3.1G       5.7M        62M       314M

MemTotal:        4016004 kB
MemFree:         3233720 kB
Active:           424764 kB
Mem:          3.8G       763M       3.1G       5.7M        62M       314M

MemTotal:        4016004 kB
MemFree:         3233844 kB
Active:           424740 kB
Mem:          3.8G       763M       3.1G       5.7M        62M       314M

MemTotal:        4016004 kB
MemFree:         3233720 kB
Active:           424780 kB
Mem:          3.8G       763M       3.1G       5.7M        62M       314M

MemTotal:        4016004 kB
MemFree:         3233860 kB
Active:           424780 kB
Mem:          3.8G       763M       3.1G       5.7M        62M       314M

MemTotal:        4016004 kB
MemFree:         3234232 kB
Active:           424756 kB
Mem:          3.8G       763M       3.1G       5.7M        62M       314M

MemTotal:        4016004 kB
MemFree:         3234108 kB
Active:           424748 kB
Mem:          3.8G       763M       3.1G       5.7M        62M       314M

MemTotal:        4016004 kB
MemFree:         3233984 kB
Active:           424788 kB
Mem:          3.8G       763M       3.1G       5.7M        62M       314M

MemTotal:        4016004 kB
MemFree:         3233860 kB
Active:           424808 kB
Mem:          3.8G       763M       3.1G       5.7M        62M       314M

MemTotal:        4016004 kB
MemFree:         3233612 kB
Active:           424808 kB
Mem:          3.8G       764M       3.1G       5.7M        62M       314M

MemTotal:        4016004 kB
MemFree:         3233984 kB
Active:           424776 kB
Mem:          3.8G       763M       3.1G       5.7M        62M       314M

MemTotal:        4016004 kB
MemFree:         3233736 kB
Active:           424812 kB
Mem:          3.8G       763M       3.1G       5.7M        62M       314M

MemTotal:        4016004 kB
MemFree:         3232184 kB
Active:           424764 kB
Mem:          3.8G       765M       3.1G       5.7M        62M       314M

MemTotal:        4016004 kB
MemFree:         3232184 kB
Active:           426840 kB
Mem:          3.8G       765M       3.1G       5.7M        62M       314M

MemTotal:        4016004 kB
MemFree:         3232060 kB
Active:           426828 kB
Mem:          3.8G       765M       3.1G       5.7M        62M       314M

MemTotal:        4016004 kB
MemFree:         3231580 kB
Active:           426676 kB
Mem:          3.8G       766M       3.1G       5.7M        62M       314M

MemTotal:        4016004 kB
MemFree:         3231580 kB
Active:           426624 kB
Mem:          3.8G       766M       3.1G       5.7M        62M       314M

MemTotal:        4016004 kB
MemFree:         3231332 kB
Active:           426680 kB
Mem:          3.8G       766M       3.1G       5.7M        62M       314M

MemTotal:        4016004 kB
MemFree:         3231704 kB
Active:           426652 kB
Mem:          3.8G       765M       3.1G       5.7M        62M       314M

MemTotal:        4016004 kB
MemFree:         3231332 kB
Active:           426684 kB
Mem:          3.8G       766M       3.1G       5.7M        62M       314M

MemTotal:        4016004 kB
MemFree:         3231704 kB
Active:           426636 kB
Mem:          3.8G       765M       3.1G       5.7M        62M       314M

MemTotal:        4016004 kB
MemFree:         3232076 kB
Active:           426628 kB
Mem:          3.8G       765M       3.1G       5.7M        62M       314M

MemTotal:        4016004 kB
MemFree:         3232116 kB
Active:           424740 kB
Mem:          3.8G       765M       3.1G       5.7M        62M       314M

MemTotal:        4016004 kB
MemFree:         3232372 kB
Active:           426644 kB
Mem:          3.8G       765M       3.1G       5.7M        62M       314M

MemTotal:        4016004 kB
MemFree:         3232372 kB
Active:           426688 kB
Mem:          3.8G       765M       3.1G       5.7M        62M       314M

MemTotal:        4016004 kB
MemFree:         3232372 kB
Active:           426672 kB
Mem:          3.8G       765M       3.1G       5.7M        62M       314M

MemTotal:        4016004 kB
MemFree:         3231876 kB
Active:           426692 kB
Mem:          3.8G       765M       3.1G       5.7M        62M       314M

MemTotal:        4016004 kB
MemFree:         3232248 kB
Active:           426672 kB
Mem:          3.8G       765M       3.1G       5.7M        62M       314M

MemTotal:        4016004 kB
MemFree:         3232124 kB
Active:           426668 kB
Mem:          3.8G       765M       3.1G       5.7M        62M       314M

MemTotal:        4016004 kB
MemFree:         3232248 kB
Active:           426660 kB
Mem:          3.8G       765M       3.1G       5.7M        62M       314M

MemTotal:        4016004 kB
MemFree:         3231628 kB
Active:           426708 kB
Mem:          3.8G       765M       3.1G       5.7M        62M       314M

MemTotal:        4016004 kB
MemFree:         3232000 kB
Active:           426680 kB
Mem:          3.8G       765M       3.1G       5.7M        62M       314M

MemTotal:        4016004 kB
MemFree:         3231976 kB
Active:           424724 kB
Mem:          3.8G       765M       3.1G       5.7M        62M       314M

MemTotal:        4016004 kB
MemFree:         3232480 kB
Active:           426664 kB
Mem:          3.8G       765M       3.1G       5.7M        62M       314M

MemTotal:        4016004 kB
MemFree:         3232480 kB
Active:           426660 kB
Mem:          3.8G       765M       3.1G       5.7M        62M       314M

MemTotal:        4016004 kB
MemFree:         3232604 kB
Active:           426676 kB
Mem:          3.8G       765M       3.1G       5.7M        62M       314M

MemTotal:        4016004 kB
MemFree:         3232108 kB
Active:           426720 kB
Mem:          3.8G       765M       3.1G       5.7M        62M       314M

MemTotal:        4016004 kB
MemFree:         3232232 kB
Active:           426696 kB
Mem:          3.8G       765M       3.1G       5.7M        62M       314M

MemTotal:        4016004 kB
MemFree:         3232356 kB
Active:           426724 kB
Mem:          3.8G       765M       3.1G       5.7M        62M       314M

MemTotal:        4016004 kB
MemFree:         3232356 kB
Active:           426692 kB
Mem:          3.8G       765M       3.1G       5.7M        62M       314M

MemTotal:        4016004 kB
MemFree:         3232108 kB
Active:           426728 kB
Mem:          3.8G       765M       3.1G       5.7M        62M       314M

MemTotal:        4016004 kB
MemFree:         3232480 kB
Active:           426696 kB
Mem:          3.8G       765M       3.1G       5.7M        62M       314M

MemTotal:        4016004 kB
MemFree:         3230060 kB
Active:           426800 kB
Mem:          3.8G       767M       3.1G       5.7M        62M       314M

MemTotal:        4016004 kB
MemFree:         3229748 kB
Active:           428772 kB
Mem:          3.8G       767M       3.1G       5.7M        62M       314M

MemTotal:        4016004 kB
MemFree:         3229996 kB
Active:           428768 kB
Mem:          3.8G       767M       3.1G       5.7M        62M       314M

MemTotal:        4016004 kB
MemFree:         3230120 kB
Active:           428760 kB
Mem:          3.8G       767M       3.1G       5.7M        62M       314M

MemTotal:        4016004 kB
MemFree:         3229748 kB
Active:           428776 kB
Mem:          3.8G       767M       3.1G       5.7M        62M       314M

MemTotal:        4016004 kB
MemFree:         3230120 kB
Active:           428744 kB
Mem:          3.8G       767M       3.1G       5.7M        62M       314M

MemTotal:        4016004 kB
MemFree:         3230120 kB
Active:           428732 kB
Mem:          3.8G       767M       3.1G       5.7M        62M       314M

MemTotal:        4016004 kB
MemFree:         3229872 kB
Active:           428784 kB
Mem:          3.8G       767M       3.1G       5.7M        62M       314M

MemTotal:        4016004 kB
MemFree:         3230368 kB
Active:           428744 kB
Mem:          3.8G       767M       3.1G       5.7M        62M       314M

MemTotal:        4016004 kB
MemFree:         3230368 kB
Active:           428740 kB
Mem:          3.8G       767M       3.1G       5.7M        62M       314M

MemTotal:        4016004 kB
MemFree:         3230244 kB
Active:           428736 kB
Mem:          3.8G       767M       3.1G       5.7M        62M       314M

MemTotal:        4016004 kB
MemFree:         3229872 kB
Active:           428784 kB
Mem:          3.8G       767M       3.1G       5.7M        62M       314M

MemTotal:        4016004 kB
MemFree:         3230120 kB
Active:           428760 kB
Mem:          3.8G       767M       3.1G       5.7M        62M       314M

MemTotal:        4016004 kB
MemFree:         3229996 kB
Active:           428744 kB
Mem:          3.8G       767M       3.1G       5.7M        62M       314M

MemTotal:        4016004 kB
MemFree:         3230244 kB
Active:           428784 kB
Mem:          3.8G       767M       3.1G       5.7M        62M       314M

MemTotal:        4016004 kB
MemFree:         3230244 kB
Active:           428768 kB
Mem:          3.8G       767M       3.1G       5.7M        62M       314M

MemTotal:        4016004 kB
MemFree:         3230244 kB
Active:           428784 kB
Mem:          3.8G       767M       3.1G       5.7M        62M       314M

MemTotal:        4016004 kB
MemFree:         3230120 kB
Active:           428752 kB
Mem:          3.8G       767M       3.1G       5.7M        62M       314M

MemTotal:        4016004 kB
MemFree:         3230244 kB
Active:           428780 kB
Mem:          3.8G       767M       3.1G       5.7M        62M       314M

MemTotal:        4016004 kB
MemFree:         3229872 kB
Active:           428800 kB
Mem:          3.8G       767M       3.1G       5.7M        62M       314M

MemTotal:        4016004 kB
MemFree:         3230244 kB
Active:           428756 kB
Mem:          3.8G       767M       3.1G       5.7M        62M       314M

MemTotal:        4016004 kB
MemFree:         3230492 kB
Active:           428784 kB
Mem:          3.8G       767M       3.1G       5.7M        62M       314M

MemTotal:        4016004 kB
MemFree:         3230120 kB
Active:           428808 kB
Mem:          3.8G       767M       3.1G       5.7M        62M       314M

MemTotal:        4016004 kB
MemFree:         3230368 kB
Active:           428772 kB
Mem:          3.8G       767M       3.1G       5.7M        62M       314M

MemTotal:        4016004 kB
MemFree:         3230244 kB
Active:           428804 kB
Mem:          3.8G       767M       3.1G       5.7M        62M       314M

MemTotal:        4016004 kB
MemFree:         3230244 kB
Active:           428784 kB
Mem:          3.8G       767M       3.1G       5.7M        62M       314M

MemTotal:        4016004 kB
MemFree:         3230492 kB
Active:           428768 kB
Mem:          3.8G       767M       3.1G       5.7M        62M       314M

MemTotal:        4016004 kB
MemFree:         3230368 kB
Active:           428764 kB
Mem:          3.8G       767M       3.1G       5.7M        62M       314M

MemTotal:        4016004 kB
MemFree:         3230492 kB
Active:           428772 kB
Mem:          3.8G       767M       3.1G       5.7M        62M       314M

MemTotal:        4016004 kB
MemFree:         3230244 kB
Active:           428756 kB
Mem:          3.8G       767M       3.1G       5.7M        62M       314M

MemTotal:        4016004 kB
MemFree:         3230048 kB
Active:           426816 kB
Mem:          3.8G       767M       3.1G       5.7M        62M       314M

MemTotal:        4016004 kB
MemFree:         3229560 kB
Active:           428836 kB
Mem:          3.8G       767M       3.1G       5.7M        62M       314M

MemTotal:        4016004 kB
MemFree:         3229808 kB
Active:           428820 kB
Mem:          3.8G       767M       3.1G       5.7M        62M       314M

MemTotal:        4016004 kB
MemFree:         3229932 kB
Active:           428804 kB
Mem:          3.8G       767M       3.1G       5.7M        62M       314M

MemTotal:        4016004 kB
MemFree:         3230180 kB
Active:           428792 kB
Mem:          3.8G       767M       3.1G       5.7M        62M       314M

MemTotal:        4016004 kB
MemFree:         3229684 kB
Active:           428836 kB
Mem:          3.8G       767M       3.1G       5.7M        62M       314M

MemTotal:        4016004 kB
MemFree:         3230180 kB
Active:           428820 kB
Mem:          3.8G       767M       3.1G       5.7M        62M       314M

MemTotal:        4016004 kB
MemFree:         3229932 kB
Active:           428800 kB
Mem:          3.8G       767M       3.1G       5.7M        62M       314M

MemTotal:        4016004 kB
MemFree:         3229560 kB
Active:           428848 kB
Mem:          3.8G       768M       3.1G       5.7M        62M       314M

MemTotal:        4016004 kB
MemFree:         3230056 kB
Active:           428824 kB
Mem:          3.8G       767M       3.1G       5.7M        62M       314M

MemTotal:        4016004 kB
MemFree:         3230296 kB
Active:           426916 kB
Mem:          3.8G       767M       3.1G       5.7M        62M       314M

MemTotal:        4016004 kB
MemFree:         3230052 kB
Active:           428856 kB
Mem:          3.8G       767M       3.1G       5.7M        62M       314M

MemTotal:        4016004 kB
MemFree:         3229680 kB
Active:           428864 kB
Mem:          3.8G       767M       3.1G       5.7M        62M       314M

MemTotal:        4016004 kB
MemFree:         3230052 kB
Active:           428828 kB
Mem:          3.8G       767M       3.1G       5.7M        62M       314M

MemTotal:        4016004 kB
MemFree:         3230052 kB
Active:           428860 kB
Mem:          3.8G       767M       3.1G       5.7M        62M       314M

MemTotal:        4016004 kB
MemFree:         3230176 kB
Active:           428836 kB
Mem:          3.8G       767M       3.1G       5.7M        62M       314M

MemTotal:        4016004 kB
MemFree:         3229556 kB
Active:           428868 kB
Mem:          3.8G       768M       3.1G       5.7M        62M       314M

MemTotal:        4016004 kB
MemFree:         3229928 kB
Active:           428832 kB
Mem:          3.8G       767M       3.1G       5.7M        62M       314M

MemTotal:        4016004 kB
MemFree:         3229804 kB
Active:           428864 kB
Mem:          3.8G       767M       3.1G       5.7M        62M       314M

MemTotal:        4016004 kB
MemFree:         3230176 kB
Active:           428840 kB
Mem:          3.8G       767M       3.1G       5.7M        62M       314M

MemTotal:        4016004 kB
MemFree:         3230300 kB
Active:           428868 kB
Mem:          3.8G       767M       3.1G       5.7M        62M       314M

MemTotal:        4016004 kB
MemFree:         3230424 kB
Active:           428840 kB
Mem:          3.8G       767M       3.1G       5.7M        62M       314M

MemTotal:        4016004 kB
MemFree:         3230300 kB
Active:           428868 kB
Mem:          3.8G       767M       3.1G       5.7M        62M       314M

MemTotal:        4016004 kB
MemFree:         3230424 kB
Active:           428844 kB
Mem:          3.8G       767M       3.1G       5.7M        62M       314M

MemTotal:        4016004 kB
MemFree:         3230300 kB
Active:           428840 kB
Mem:          3.8G       767M       3.1G       5.7M        62M       314M

MemTotal:        4016004 kB
MemFree:         3229680 kB
Active:           428888 kB
Mem:          3.8G       767M       3.1G       5.7M        62M       314M

MemTotal:        4016004 kB
MemFree:         3229804 kB
Active:           428864 kB
Mem:          3.8G       767M       3.1G       5.7M        62M       314M

MemTotal:        4016004 kB
MemFree:         3229556 kB
Active:           428892 kB
Mem:          3.8G       768M       3.1G       5.7M        62M       314M

MemTotal:        4016004 kB
MemFree:         3229432 kB
Active:           428856 kB
Mem:          3.8G       768M       3.1G       5.7M        62M       314M

MemTotal:        4016004 kB
MemFree:         3229060 kB
Active:           428900 kB
Mem:          3.8G       768M       3.1G       5.7M        62M       314M

MemTotal:        4016004 kB
MemFree:         3229556 kB
Active:           428872 kB
Mem:          3.8G       768M       3.1G       5.7M        62M       314M

MemTotal:        4016004 kB
MemFree:         3229556 kB
Active:           428844 kB
Mem:          3.8G       767M       3.1G       5.7M        62M       314M

MemTotal:        4016004 kB
MemFree:         3229060 kB
Active:           428900 kB
Mem:          3.8G       768M       3.1G       5.7M        62M       314M

MemTotal:        4016004 kB
MemFree:         3229432 kB
Active:           428876 kB
Mem:          3.8G       767M       3.1G       5.7M        62M       314M

MemTotal:        4016004 kB
MemFree:         3229912 kB
Active:           428852 kB
Mem:          3.8G       767M       3.1G       5.7M        62M       314M

MemTotal:        4016004 kB
MemFree:         3229912 kB
Active:           428876 kB
Mem:          3.8G       767M       3.1G       5.7M        62M       314M

MemTotal:        4016004 kB
MemFree:         3229540 kB
Active:           428900 kB
Mem:          3.8G       768M       3.1G       5.7M        62M       314M

MemTotal:        4016004 kB
MemFree:         3229664 kB
Active:           428872 kB
Mem:          3.8G       767M       3.1G       5.7M        62M       314M

MemTotal:        4016004 kB
MemFree:         3229664 kB
Active:           428900 kB
Mem:          3.8G       767M       3.1G       5.7M        62M       314M

MemTotal:        4016004 kB
MemFree:         3229540 kB
Active:           428880 kB
Mem:          3.8G       768M       3.1G       5.7M        62M       314M

MemTotal:        4016004 kB
MemFree:         3227244 kB
Active:           428912 kB
Mem:          3.8G       770M       3.1G       5.7M        62M       314M

MemTotal:        4016004 kB
MemFree:         3227616 kB
Active:           430916 kB
Mem:          3.8G       770M       3.1G       5.7M        62M       314M

MemTotal:        4016004 kB
MemFree:         3227492 kB
Active:           430900 kB
Mem:          3.8G       770M       3.1G       5.7M        62M       314M

MemTotal:        4016004 kB
MemFree:         3227120 kB
Active:           430948 kB
Mem:          3.8G       770M       3.1G       5.7M        62M       314M

MemTotal:        4016004 kB
MemFree:         3227492 kB
Active:           430916 kB
Mem:          3.8G       770M       3.1G       5.7M        62M       314M

MemTotal:        4016004 kB
MemFree:         3227368 kB
Active:           430900 kB
Mem:          3.8G       770M       3.1G       5.7M        62M       314M

MemTotal:        4016004 kB
MemFree:         3226996 kB
Active:           430948 kB
Mem:          3.8G       770M       3.1G       5.7M        62M       314M

MemTotal:        4016004 kB
MemFree:         3227616 kB
Active:           430920 kB
Mem:          3.8G       770M       3.1G       5.7M        62M       314M

MemTotal:        4016004 kB
MemFree:         3227492 kB
Active:           430892 kB
Mem:          3.8G       770M       3.1G       5.7M        62M       314M

MemTotal:        4016004 kB
MemFree:         3227244 kB
Active:           430948 kB
Mem:          3.8G       770M       3.1G       5.7M        62M       314M

MemTotal:        4016004 kB
MemFree:         3227368 kB
Active:           430948 kB
Mem:          3.8G       770M       3.1G       5.7M        62M       314M

MemTotal:        4016004 kB
MemFree:         3227616 kB
Active:           430916 kB
Mem:          3.8G       770M       3.1G       5.7M        62M       314M

MemTotal:        4016004 kB
MemFree:         3227616 kB
Active:           430940 kB
Mem:          3.8G       770M       3.1G       5.7M        62M       314M

MemTotal:        4016004 kB
MemFree:         3227368 kB
Active:           430952 kB
Mem:          3.8G       770M       3.1G       5.7M        62M       314M

MemTotal:        4016004 kB
MemFree:         3227368 kB
Active:           430952 kB
Mem:          3.8G       769M       3.1G       5.7M        62M       314M

MemTotal:        4016004 kB
MemFree:         3227616 kB
Active:           430936 kB
Mem:          3.8G       770M       3.1G       5.7M        62M       314M

MemTotal:        4016004 kB
MemFree:         3227244 kB
Active:           430972 kB
Mem:          3.8G       770M       3.1G       5.7M        62M       314M

MemTotal:        4016004 kB
MemFree:         3227616 kB
Active:           430944 kB
Mem:          3.8G       769M       3.1G       5.7M        62M       314M

MemTotal:        4016004 kB
MemFree:         3227996 kB
Active:           430936 kB
Mem:          3.8G       769M       3.1G       5.7M        62M       314M

MemTotal:        4016004 kB
MemFree:         3227500 kB
Active:           430980 kB
Mem:          3.8G       770M       3.1G       5.7M        62M       314M

MemTotal:        4016004 kB
MemFree:         3227872 kB
Active:           430928 kB
Mem:          3.8G       769M       3.1G       5.7M        62M       314M

MemTotal:        4016004 kB
MemFree:         3227748 kB
Active:           430972 kB
Mem:          3.8G       769M       3.1G       5.7M        62M       314M

MemTotal:        4016004 kB
MemFree:         3227872 kB
Active:           430956 kB
Mem:          3.8G       769M       3.1G       5.7M        62M       314M

MemTotal:        4016004 kB
MemFree:         3227872 kB
Active:           430928 kB
Mem:          3.8G       769M       3.1G       5.7M        62M       314M

MemTotal:        4016004 kB
MemFree:         3227376 kB
Active:           430980 kB
Mem:          3.8G       769M       3.1G       5.7M        62M       314M

MemTotal:        4016004 kB
MemFree:         3186576 kB
Active:           431308 kB
Mem:          3.8G       810M       3.0G       5.7M        62M       354M

MemTotal:        4016004 kB
MemFree:         3143328 kB
Active:           431308 kB
Mem:          3.8G       852M       3.0G       5.7M        62M       396M

MemTotal:        4016004 kB
MemFree:         3100080 kB
Active:           431276 kB
Mem:          3.8G       894M       3.0G       5.7M        62M       437M

MemTotal:        4016004 kB
MemFree:         3056336 kB
Active:           431316 kB
Mem:          3.8G       937M       2.9G       5.7M        62M       480M

MemTotal:        4016004 kB
MemFree:         3012964 kB
Active:           431320 kB
Mem:          3.8G       980M       2.9G       5.7M        62M       521M

MemTotal:        4016004 kB
MemFree:         2967732 kB
Active:           431320 kB
Mem:          3.8G       1.0G       2.8G       5.7M        62M       564M

MemTotal:        4016004 kB
MemFree:         2924740 kB
Active:           431332 kB
Mem:          3.8G       1.0G       2.8G       5.7M        62M       606M

MemTotal:        4016004 kB
MemFree:         2881496 kB
Active:           431332 kB
Mem:          3.8G       1.1G       2.7G       5.7M        62M       648M

MemTotal:        4016004 kB
MemFree:         2837876 kB
Active:           431336 kB
Mem:          3.8G       1.1G       2.7G       5.7M        62M       690M

MemTotal:        4016004 kB
MemFree:         2793620 kB
Active:           431340 kB
Mem:          3.8G       1.2G       2.7G       5.7M        62M       732M

MemTotal:        4016004 kB
MemFree:         2749724 kB
Active:           431352 kB
Mem:          3.8G       1.2G       2.6G       5.7M        62M       774M

MemTotal:        4016004 kB
MemFree:         2706200 kB
Active:           431352 kB
Mem:          3.8G       1.2G       2.6G       5.7M        62M       817M

MemTotal:        4016004 kB
MemFree:         2674100 kB
Active:           431304 kB
Mem:          3.8G       1.3G       2.5G       5.7M        62M       847M

MemTotal:        4016004 kB
MemFree:         2655180 kB
Active:           431360 kB
Mem:          3.8G       1.3G       2.5G       5.7M        62M       865M

MemTotal:        4016004 kB
MemFree:         2610116 kB
Active:           431380 kB
Mem:          3.8G       1.3G       2.5G       5.7M        62M       908M

MemTotal:        4016004 kB
MemFree:         2565880 kB
Active:           431384 kB
Mem:          3.8G       1.4G       2.4G       5.7M        62M       951M

MemTotal:        4016004 kB
MemFree:         2522172 kB
Active:           431384 kB
Mem:          3.8G       1.4G       2.4G       5.7M        62M       993M

MemTotal:        4016004 kB
MemFree:         2478152 kB
Active:           431392 kB
Mem:          3.8G       1.5G       2.4G       5.7M        62M       1.0G

MemTotal:        4016004 kB
MemFree:         2434020 kB
Active:           431352 kB
Mem:          3.8G       1.5G       2.3G       5.7M        62M       1.1G

MemTotal:        4016004 kB
MemFree:         2389532 kB
Active:           431340 kB
Mem:          3.8G       1.6G       2.3G       5.7M        62M       1.1G

MemTotal:        4016004 kB
MemFree:         2345044 kB
Active:           431376 kB
Mem:          3.8G       1.6G       2.2G       5.7M        62M       1.1G

MemTotal:        4016004 kB
MemFree:         2319188 kB
Active:           431396 kB
Mem:          3.8G       1.6G       2.2G       5.7M        62M       1.2G

MemTotal:        4016004 kB
MemFree:         2292884 kB
Active:           431416 kB
Mem:          3.8G       1.6G       2.2G       5.7M        62M       1.2G

MemTotal:        4016004 kB
MemFree:         2249080 kB
Active:           431372 kB
Mem:          3.8G       1.7G       2.1G       5.7M        62M       1.2G

MemTotal:        4016004 kB
MemFree:         2218388 kB
Active:           431416 kB
Mem:          3.8G       1.7G       2.1G       5.7M        62M       1.3G

MemTotal:        4016004 kB
MemFree:         2210928 kB
Active:           431420 kB
Mem:          3.8G       1.7G       2.1G       5.7M        62M       1.3G

MemTotal:        4016004 kB
MemFree:         2167804 kB
Active:           431428 kB
Mem:          3.8G       1.8G       2.1G       5.7M        62M       1.3G

MemTotal:        4016004 kB
MemFree:         2126288 kB
Active:           431424 kB
Mem:          3.8G       1.8G       2.0G       5.7M        62M       1.3G

MemTotal:        4016004 kB
MemFree:         2082548 kB
Active:           431436 kB
Mem:          3.8G       1.8G       2.0G       5.7M        62M       1.4G

MemTotal:        4016004 kB
MemFree:         2038992 kB
Active:           431436 kB
Mem:          3.8G       1.9G       1.9G       5.7M        62M       1.4G

MemTotal:        4016004 kB
MemFree:         1996860 kB
Active:           431428 kB
Mem:          3.8G       1.9G       1.9G       5.7M        62M       1.5G

MemTotal:        4016004 kB
MemFree:         1951256 kB
Active:           431452 kB
Mem:          3.8G       2.0G       1.9G       5.7M        62M       1.5G

MemTotal:        4016004 kB
MemFree:         1908132 kB
Active:           431460 kB
Mem:          3.8G       2.0G       1.8G       5.7M        62M       1.5G

MemTotal:        4016004 kB
MemFree:         1866124 kB
Active:           431460 kB
Mem:          3.8G       2.1G       1.8G       5.7M        62M       1.6G

MemTotal:        4016004 kB
MemFree:         1838888 kB
Active:           431476 kB
Mem:          3.8G       2.1G       1.8G       5.7M        62M       1.6G

MemTotal:        4016004 kB
MemFree:         1795912 kB
Active:           431476 kB
Mem:          3.8G       2.1G       1.7G       5.7M        62M       1.7G

MemTotal:        4016004 kB
MemFree:         1765716 kB
Active:           431472 kB
Mem:          3.8G       2.1G       1.7G       5.7M        62M       1.7G

MemTotal:        4016004 kB
MemFree:         1762764 kB
Active:           431484 kB
Mem:          3.8G       2.1G       1.7G       5.7M        62M       1.7G

MemTotal:        4016004 kB
MemFree:         1734188 kB
Active:           431508 kB
Mem:          3.8G       2.2G       1.7G       5.7M        62M       1.7G

MemTotal:        4016004 kB
MemFree:         1690112 kB
Active:           431508 kB
Mem:          3.8G       2.2G       1.6G       5.7M        62M       1.8G

MemTotal:        4016004 kB
MemFree:         1645968 kB
Active:           431508 kB
Mem:          3.8G       2.3G       1.6G       5.7M        62M       1.8G

MemTotal:        4016004 kB
MemFree:         1601480 kB
Active:           431464 kB
Mem:          3.8G       2.3G       1.5G       5.7M        62M       1.8G

MemTotal:        4016004 kB
MemFree:         1558356 kB
Active:           431520 kB
Mem:          3.8G       2.3G       1.5G       5.7M        62M       1.9G

MemTotal:        4016004 kB
MemFree:         1514868 kB
Active:           431516 kB
Mem:          3.8G       2.4G       1.4G       5.7M        62M       1.9G

MemTotal:        4016004 kB
MemFree:         1470132 kB
Active:           431528 kB
Mem:          3.8G       2.4G       1.4G       5.7M        62M       2.0G

MemTotal:        4016004 kB
MemFree:         1425396 kB
Active:           431512 kB
Mem:          3.8G       2.5G       1.4G       5.7M        62M       2.0G

MemTotal:        4016004 kB
MemFree:         1381860 kB
Active:           431536 kB
Mem:          3.8G       2.5G       1.3G       5.7M        62M       2.0G

MemTotal:        4016004 kB
MemFree:         1338832 kB
Active:           431544 kB
Mem:          3.8G       2.6G       1.3G       5.7M        62M       2.1G

MemTotal:        4016004 kB
MemFree:         1310344 kB
Active:           431544 kB
Mem:          3.8G       2.6G       1.2G       5.7M        62M       2.1G

MemTotal:        4016004 kB
MemFree:         1297740 kB
Active:           431548 kB
Mem:          3.8G       2.6G       1.2G       5.7M        62M       2.1G

MemTotal:        4016004 kB
MemFree:         1254060 kB
Active:           431544 kB
Mem:          3.8G       2.6G       1.2G       5.7M        62M       2.2G

MemTotal:        4016004 kB
MemFree:         1210644 kB
Active:           431556 kB
Mem:          3.8G       2.7G       1.2G       5.7M        62M       2.2G

MemTotal:        4016004 kB
MemFree:         1165856 kB
Active:           431560 kB
Mem:          3.8G       2.7G       1.1G       5.7M        62M       2.2G

MemTotal:        4016004 kB
MemFree:         1123044 kB
Active:           431560 kB
Mem:          3.8G       2.8G       1.1G       5.7M        62M       2.3G

MemTotal:        4016004 kB
MemFree:         1079672 kB
Active:           431512 kB
Mem:          3.8G       2.8G       1.0G       5.7M        62M       2.3G

MemTotal:        4016004 kB
MemFree:         1036284 kB
Active:           431552 kB
Mem:          3.8G       2.8G       1.0G       5.7M        62M       2.4G

MemTotal:        4016004 kB
MemFree:          993036 kB
Active:           431564 kB
Mem:          3.8G       2.9G       969M       5.7M        62M       2.4G

MemTotal:        4016004 kB
MemFree:          948160 kB
Active:           431572 kB
Mem:          3.8G       2.9G       925M       5.7M        62M       2.4G

MemTotal:        4016004 kB
MemFree:          904984 kB
Active:           431584 kB
Mem:          3.8G       3.0G       883M       5.7M        62M       2.5G

MemTotal:        4016004 kB
MemFree:          861476 kB
Active:           431588 kB
Mem:          3.8G       3.0G       840M       5.7M        62M       2.5G

MemTotal:        4016004 kB
MemFree:          817092 kB
Active:           431592 kB
Mem:          3.8G       3.1G       797M       5.7M        62M       2.6G

MemTotal:        4016004 kB
MemFree:          794432 kB
Active:           431600 kB
Mem:          3.8G       3.1G       775M       5.7M        62M       2.6G

MemTotal:        4016004 kB
MemFree:          750384 kB
Active:           431612 kB
Mem:          3.8G       3.1G       732M       5.7M        62M       2.6G

MemTotal:        4016004 kB
MemFree:          705816 kB
Active:           431628 kB
Mem:          3.8G       3.2G       689M       5.7M        62M       2.7G

MemTotal:        4016004 kB
MemFree:          662756 kB
Active:           431628 kB
Mem:          3.8G       3.2G       647M       5.7M        62M       2.7G

MemTotal:        4016004 kB
MemFree:          616716 kB
Active:           433660 kB
Mem:          3.8G       3.2G       602M       5.7M        62M       2.8G

MemTotal:        4016004 kB
MemFree:          574096 kB
Active:           433656 kB
Mem:          3.8G       3.3G       560M       5.7M        62M       2.8G

MemTotal:        4016004 kB
MemFree:          530212 kB
Active:           433664 kB
Mem:          3.8G       3.3G       517M       5.7M        62M       2.8G

MemTotal:        4016004 kB
MemFree:          487092 kB
Active:           433676 kB
Mem:          3.8G       3.4G       475M       5.7M        62M       2.9G

MemTotal:        4016004 kB
MemFree:          442884 kB
Active:           433676 kB
Mem:          3.8G       3.4G       432M       5.7M        62M       2.9G

MemTotal:        4016004 kB
MemFree:          398940 kB
Active:           433624 kB
Mem:          3.8G       3.4G       389M       5.7M        62M       3.0G

MemTotal:        4016004 kB
MemFree:          355204 kB
Active:           433676 kB
Mem:          3.8G       3.5G       346M       5.7M        62M       3.0G

MemTotal:        4016004 kB
MemFree:          327604 kB
Active:           433684 kB
Mem:          3.8G       3.5G       319M       5.7M        62M       3.0G

MemTotal:        4016004 kB
MemFree:          283832 kB
Active:           433700 kB
Mem:          3.8G       3.6G       276M       5.7M        62M       3.1G

MemTotal:        4016004 kB
MemFree:          255300 kB
Active:           433700 kB
Mem:          3.8G       3.6G       248M       5.7M        62M       3.1G

MemTotal:        4016004 kB
MemFree:          242176 kB
Active:           433684 kB
Mem:          3.8G       3.6G       236M       5.7M        62M       3.1G

MemTotal:        4016004 kB
MemFree:          199564 kB
Active:           433716 kB
Mem:          3.8G       3.6G       194M       5.7M        62M       3.2G

MemTotal:        4016004 kB
MemFree:          155420 kB
Active:           433716 kB
Mem:          3.8G       3.7G       151M       5.7M        62M       3.2G

MemTotal:        4016004 kB
MemFree:          110812 kB
Active:           433720 kB
Mem:          3.8G       3.7G       108M       5.7M        62M       3.2G

MemTotal:        4016004 kB
MemFree:          120684 kB
Active:           438360 kB
Mem:          3.8G       3.7G       116M       5.7M        28M       3.3G

MemTotal:        4016004 kB
MemFree:          114140 kB
Active:           447896 kB
Mem:          3.8G       3.7G       110M       5.7M        27M       3.3G

MemTotal:        4016004 kB
MemFree:          163268 kB
Active:           492380 kB
Mem:          3.8G       3.7G       158M       5.7M        27M       3.2G

MemTotal:        4016004 kB
MemFree:          119512 kB
Active:           492452 kB
Mem:          3.8G       3.7G       116M       5.7M        27M       3.3G

MemTotal:        4016004 kB
MemFree:          110840 kB
Active:           489092 kB
Mem:          3.8G       3.7G       107M       5.7M        27M       3.3G

MemTotal:        4016004 kB
MemFree:          129284 kB
Active:           483844 kB
Mem:          3.8G       3.7G       125M       5.7M        27M       3.3G

MemTotal:        4016004 kB
MemFree:          110200 kB
Active:           482564 kB
Mem:          3.8G       3.7G       107M       5.7M        27M       3.3G

MemTotal:        4016004 kB
MemFree:          129164 kB
Active:           478608 kB
Mem:          3.8G       3.7G       125M       5.7M        27M       3.3G

MemTotal:        4016004 kB
MemFree:          119608 kB
Active:           475164 kB
Mem:          3.8G       3.7G       116M       5.7M        27M       3.3G

MemTotal:        4016004 kB
MemFree:          109644 kB
Active:           475036 kB
Mem:          3.8G       3.7G       106M       5.7M        27M       3.3G

MemTotal:        4016004 kB
MemFree:          120484 kB
Active:           465380 kB
Mem:          3.8G       3.7G       117M       5.7M        27M       3.3G

MemTotal:        4016004 kB
MemFree:          127832 kB
Active:           459608 kB
Mem:          3.8G       3.7G       125M       5.7M        27M       3.3G

MemTotal:        4016004 kB
MemFree:          132960 kB
Active:           453984 kB
Mem:          3.8G       3.7G       129M       5.7M        27M       3.2G

MemTotal:        4016004 kB
MemFree:          143416 kB
Active:           451824 kB
Mem:          3.8G       3.7G       139M       5.7M        27M       3.2G

MemTotal:        4016004 kB
MemFree:          134580 kB
Active:           450804 kB
Mem:          3.8G       3.7G       130M       5.7M        27M       3.2G

MemTotal:        4016004 kB
MemFree:          127488 kB
Active:           449604 kB
Mem:          3.8G       3.7G       124M       5.7M        27M       3.3G

MemTotal:        4016004 kB
MemFree:          128992 kB
Active:           447712 kB
Mem:          3.8G       3.7G       125M       5.7M        27M       3.3G

MemTotal:        4016004 kB
MemFree:          122216 kB
Active:           446668 kB
Mem:          3.8G       3.7G       119M       5.7M        27M       3.3G

MemTotal:        4016004 kB
MemFree:          127900 kB
Active:           444744 kB
Mem:          3.8G       3.7G       124M       5.7M        27M       3.3G

MemTotal:        4016004 kB
MemFree:          133716 kB
Active:           443108 kB
Mem:          3.8G       3.7G       129M       5.7M        27M       3.2G

MemTotal:        4016004 kB
MemFree:          126196 kB
Active:           443012 kB
Mem:          3.8G       3.7G       122M       5.7M        27M       3.3G

MemTotal:        4016004 kB
MemFree:          117052 kB
Active:           439832 kB
Mem:          3.8G       3.7G       113M       5.7M        27M       3.3G

MemTotal:        4016004 kB
MemFree:          118320 kB
Active:           438684 kB
Mem:          3.8G       3.7G       115M       5.7M        27M       3.3G

MemTotal:        4016004 kB
MemFree:          114724 kB
Active:           438696 kB
Mem:          3.8G       3.7G       111M       5.7M        27M       3.3G

MemTotal:        4016004 kB
MemFree:          122920 kB
Active:           437300 kB
Mem:          3.8G       3.7G       119M       5.7M        27M       3.3G

MemTotal:        4016004 kB
MemFree:          115532 kB
Active:           436148 kB
Mem:          3.8G       3.7G       112M       5.7M        27M       3.3G

MemTotal:        4016004 kB
MemFree:          108064 kB
Active:           434868 kB
Mem:          3.8G       3.7G       105M       5.7M        27M       3.3G

MemTotal:        4016004 kB
MemFree:          125160 kB
Active:           432948 kB
Mem:          3.8G       3.7G       122M       5.7M        27M       3.3G

MemTotal:        4016004 kB
MemFree:          106372 kB
Active:           432188 kB
Mem:          3.8G       3.7G       103M       5.7M        27M       3.3G

MemTotal:        4016004 kB
MemFree:          136264 kB
Active:           428044 kB
Mem:          3.8G       3.7G       132M       5.7M        27M       3.2G

MemTotal:        4016004 kB
MemFree:          129324 kB
Active:           426892 kB
Mem:          3.8G       3.7G       126M       5.7M        27M       3.2G

MemTotal:        4016004 kB
MemFree:          111632 kB
Active:           426220 kB
Mem:          3.8G       3.7G       108M       5.7M        27M       3.3G

MemTotal:        4016004 kB
MemFree:          117008 kB
Active:           424968 kB
Mem:          3.8G       3.7G       114M       5.7M        27M       3.3G

MemTotal:        4016004 kB
MemFree:          120200 kB
Active:           421032 kB
Mem:          3.8G       3.7G       116M       5.7M        27M       3.3G

MemTotal:        4016004 kB
MemFree:          111116 kB
Active:           421032 kB
Mem:          3.8G       3.7G       108M       5.7M        27M       3.3G

MemTotal:        4016004 kB
MemFree:          126708 kB
Active:           420536 kB
Mem:          3.8G       3.7G       123M       5.7M        27M       3.3G

MemTotal:        4016004 kB
MemFree:          106368 kB
Active:           419400 kB
Mem:          3.8G       3.7G       103M       5.7M        27M       3.3G

MemTotal:        4016004 kB
MemFree:          113468 kB
Active:           417480 kB
Mem:          3.8G       3.7G       110M       5.7M        27M       3.3G

MemTotal:        4016004 kB
MemFree:          106900 kB
Active:           416332 kB
Mem:          3.8G       3.7G       104M       5.7M        27M       3.3G

MemTotal:        4016004 kB
MemFree:          125248 kB
Active:           414672 kB
Mem:          3.8G       3.7G       131M       5.7M        27M       3.2G

MemTotal:        4016004 kB
MemFree:          110368 kB
Active:           413112 kB
Mem:          3.8G       3.7G       107M       5.7M        27M       3.3G

MemTotal:        4016004 kB
MemFree:          128068 kB
Active:           411472 kB
Mem:          3.8G       3.7G       124M       5.7M        27M       3.2G

MemTotal:        4016004 kB
MemFree:          126048 kB
Active:           409880 kB
Mem:          3.8G       3.7G       122M       5.7M        27M       3.3G

MemTotal:        4016004 kB
MemFree:          107060 kB
Active:           409304 kB
Mem:          3.8G       3.7G       104M       5.7M        27M       3.3G

MemTotal:        4016004 kB
MemFree:          135192 kB
Active:           407000 kB
Mem:          3.8G       3.7G       132M       5.7M        27M       3.2G

MemTotal:        4016004 kB
MemFree:          128688 kB
Active:           403904 kB
Mem:          3.8G       3.7G       125M       5.7M        27M       3.2G

MemTotal:        4016004 kB
MemFree:          122296 kB
Active:           403264 kB
Mem:          3.8G       3.7G       119M       5.7M        27M       3.3G

MemTotal:        4016004 kB
MemFree:          125164 kB
Active:           402372 kB
Mem:          3.8G       3.7G       122M       5.7M        27M       3.3G

MemTotal:        4016004 kB
MemFree:          119468 kB
Active:           401236 kB
Mem:          3.8G       3.7G       115M       5.7M        27M       3.3G

MemTotal:        4016004 kB
MemFree:          106592 kB
Active:           398936 kB
Mem:          3.8G       3.7G       103M       5.7M        27M       3.3G

MemTotal:        4016004 kB
MemFree:          135960 kB
Active:           396768 kB
Mem:          3.8G       3.7G       132M       5.7M        27M       3.2G

MemTotal:        4016004 kB
MemFree:          107588 kB
Active:           395872 kB
Mem:          3.8G       3.7G       104M       5.7M        27M       3.3G

MemTotal:        4016004 kB
MemFree:          135528 kB
Active:           393704 kB
Mem:          3.8G       3.7G       132M       5.7M        27M       3.2G

MemTotal:        4016004 kB
MemFree:          128640 kB
Active:           392552 kB
Mem:          3.8G       3.7G       125M       5.7M        27M       3.2G

MemTotal:        4016004 kB
MemFree:          124560 kB
Active:           391656 kB
Mem:          3.8G       3.7G       121M       5.7M        27M       3.3G

MemTotal:        4016004 kB
MemFree:          114204 kB
Active:           388660 kB
Mem:          3.8G       3.7G       111M       5.7M        27M       3.3G

MemTotal:        4016004 kB
MemFree:          107852 kB
Active:           387380 kB
Mem:          3.8G       3.7G       105M       5.7M        27M       3.3G

MemTotal:        4016004 kB
MemFree:          126928 kB
Active:           386752 kB
Mem:          3.8G       3.7G       123M       5.7M        27M       3.2G

MemTotal:        4016004 kB
MemFree:          119324 kB
Active:           385612 kB
Mem:          3.8G       3.7G       116M       5.7M        27M       3.3G

MemTotal:        4016004 kB
MemFree:          112624 kB
Active:           384460 kB
Mem:          3.8G       3.7G       109M       5.7M        27M       3.3G

MemTotal:        4016004 kB
MemFree:          116084 kB
Active:           382540 kB
Mem:          3.8G       3.7G       112M       5.7M        27M       3.3G

MemTotal:        4016004 kB
MemFree:          125740 kB
Active:           380496 kB
Mem:          3.8G       3.7G       122M       5.7M        27M       3.3G

MemTotal:        4016004 kB
MemFree:          117540 kB
Active:           379352 kB
Mem:          3.8G       3.7G       114M       5.7M        27M       3.3G

MemTotal:        4016004 kB
MemFree:          111992 kB
Active:           378200 kB
Mem:          3.8G       3.7G       108M       5.7M        27M       3.3G

MemTotal:        4016004 kB
MemFree:          116112 kB
Active:           376412 kB
Mem:          3.8G       3.7G       113M       5.7M        27M       3.3G

MemTotal:        4016004 kB
MemFree:          126412 kB
Active:           374492 kB
Mem:          3.8G       3.7G       123M       5.7M        27M       3.2G

MemTotal:        4016004 kB
MemFree:          108140 kB
Active:           373572 kB
Mem:          3.8G       3.7G       105M       5.7M        27M       3.3G

MemTotal:        4016004 kB
MemFree:          119376 kB
Active:           373556 kB
Mem:          3.8G       3.7G       116M       5.7M        27M       3.3G

MemTotal:        4016004 kB
MemFree:          122560 kB
Active:           373032 kB
Mem:          3.8G       3.7G       119M       5.7M        27M       3.3G

MemTotal:        4016004 kB
MemFree:          109500 kB
Active:           372812 kB
Mem:          3.8G       3.7G       106M       5.7M        27M       3.3G

MemTotal:        4016004 kB
MemFree:          131368 kB
Active:           372824 kB
Mem:          3.8G       3.7G       128M       5.7M        27M       3.2G

MemTotal:        4016004 kB
MemFree:          134724 kB
Active:           372832 kB
Mem:          3.8G       3.7G       131M       5.7M        27M       3.2G

MemTotal:        4016004 kB
MemFree:          120184 kB
Active:           372836 kB
Mem:          3.8G       3.7G       117M       5.7M        27M       3.3G

MemTotal:        4016004 kB
MemFree:          112508 kB
Active:           372840 kB
Mem:          3.8G       3.7G       109M       5.7M        27M       3.3G

MemTotal:        4016004 kB
MemFree:          135756 kB
Active:           372840 kB
Mem:          3.8G       3.7G       132M       5.7M        27M       3.2G

MemTotal:        4016004 kB
MemFree:          116396 kB
Active:           372848 kB
Mem:          3.8G       3.7G       113M       5.7M        27M       3.3G

MemTotal:        4016004 kB
MemFree:          113096 kB
Active:           370816 kB
Mem:          3.8G       3.7G       109M       5.7M        27M       3.3G

MemTotal:        4016004 kB
MemFree:          120440 kB
Active:           370828 kB
Mem:          3.8G       3.7G       117M       5.7M        27M       3.3G

MemTotal:        4016004 kB
MemFree:          112764 kB
Active:           370828 kB
Mem:          3.8G       3.7G       110M       5.7M        27M       3.3G

MemTotal:        4016004 kB
MemFree:          105072 kB
Active:           370832 kB
Mem:          3.8G       3.7G       105M       5.7M        27M       3.3G

MemTotal:        4016004 kB
MemFree:          109040 kB
Active:           370836 kB
Mem:          3.8G       3.7G       106M       5.7M        27M       3.3G

MemTotal:        4016004 kB
MemFree:          106032 kB
Active:           370860 kB
Mem:          3.8G       3.7G       103M       5.7M        27M       3.3G

MemTotal:        4016004 kB
MemFree:          135420 kB
Active:           370868 kB
Mem:          3.8G       3.7G       131M       5.7M        27M       3.2G

MemTotal:        4016004 kB
MemFree:          117624 kB
Active:           370880 kB
Mem:          3.8G       3.7G       114M       5.7M        27M       3.3G

MemTotal:        4016004 kB
MemFree:          112240 kB
Active:           370892 kB
Mem:          3.8G       3.7G       109M       5.7M        27M       3.3G

MemTotal:        4016004 kB
MemFree:          105156 kB
Active:           370896 kB
Mem:          3.8G       3.7G       102M       5.7M        27M       3.3G

MemTotal:        4016004 kB
MemFree:          115964 kB
Active:           370896 kB
Mem:          3.8G       3.7G       112M       5.7M        27M       3.3G

MemTotal:        4016004 kB
MemFree:          108432 kB
Active:           370900 kB
Mem:          3.8G       3.7G       105M       5.7M        27M       3.3G

MemTotal:        4016004 kB
MemFree:          125720 kB
Active:           370904 kB
Mem:          3.8G       3.7G       122M       5.7M        27M       3.2G

MemTotal:        4016004 kB
MemFree:          106940 kB
Active:           370904 kB
Mem:          3.8G       3.7G       103M       5.7M        27M       3.3G

MemTotal:        4016004 kB
MemFree:          112780 kB
Active:           370904 kB
Mem:          3.8G       3.7G       109M       5.7M        27M       3.3G

MemTotal:        4016004 kB
MemFree:          106236 kB
Active:           370904 kB
Mem:          3.8G       3.7G       103M       5.7M        27M       3.3G

MemTotal:        4016004 kB
MemFree:          134640 kB
Active:           370380 kB
Mem:          3.8G       3.7G       131M       5.7M        27M       3.2G

MemTotal:        4016004 kB
MemFree:          109696 kB
Active:           370376 kB
Mem:          3.8G       3.7G       106M       5.7M        27M       3.3G

MemTotal:        4016004 kB
MemFree:          127420 kB
Active:           370380 kB
Mem:          3.8G       3.7G       123M       5.7M        27M       3.2G

MemTotal:        4016004 kB
MemFree:          135300 kB
Active:           370380 kB
Mem:          3.8G       3.7G       131M       5.7M        27M       3.2G

MemTotal:        4016004 kB
MemFree:          131180 kB
Active:           370392 kB
Mem:          3.8G       3.7G       128M       5.7M        27M       3.2G

MemTotal:        4016004 kB
MemFree:          131544 kB
Active:           370392 kB
Mem:          3.8G       3.7G       128M       5.7M        27M       3.2G

MemTotal:        4016004 kB
MemFree:          132120 kB
Active:           370388 kB
Mem:          3.8G       3.7G       129M       5.7M        27M       3.2G

MemTotal:        4016004 kB
MemFree:          120688 kB
Active:           370380 kB
Mem:          3.8G       3.7G       117M       5.7M        27M       3.3G

MemTotal:        4016004 kB
MemFree:          109792 kB
Active:           370592 kB
Mem:          3.8G       3.7G       106M       5.7M        28M       3.3G

MemTotal:        4016004 kB
MemFree:          127536 kB
Active:           370368 kB
Mem:          3.8G       3.7G       124M       5.7M        28M       3.2G

MemTotal:        4016004 kB
MemFree:          117816 kB
Active:           370316 kB
Mem:          3.8G       3.7G       115M       5.7M        28M       3.3G

MemTotal:        4016004 kB
MemFree:          113240 kB
Active:           368728 kB
Mem:          3.8G       3.7G       110M       5.7M        28M       3.3G

MemTotal:        4016004 kB
MemFree:          106448 kB
Active:           368728 kB
Mem:          3.8G       3.7G       103M       5.7M        28M       3.3G

MemTotal:        4016004 kB
MemFree:          135604 kB
Active:           368732 kB
Mem:          3.8G       3.7G       132M       5.7M        28M       3.2G

MemTotal:        4016004 kB
MemFree:          106132 kB
Active:           368716 kB
Mem:          3.8G       3.7G       103M       5.7M        28M       3.3G

MemTotal:        4016004 kB
MemFree:          112548 kB
Active:           368740 kB
Mem:          3.8G       3.7G       109M       5.7M        28M       3.3G

MemTotal:        4016004 kB
MemFree:          105168 kB
Active:           368708 kB
Mem:          3.8G       3.7G       101M       5.7M        28M       3.3G

MemTotal:        4016004 kB
MemFree:          120980 kB
Active:           368752 kB
Mem:          3.8G       3.7G       117M       5.7M        28M       3.3G

MemTotal:        4016004 kB
MemFree:          126536 kB
Active:           368752 kB
Mem:          3.8G       3.7G       123M       5.7M        28M       3.2G

MemTotal:        4016004 kB
MemFree:          124304 kB
Active:           368760 kB
Mem:          3.8G       3.7G       121M       5.7M        28M       3.2G

MemTotal:        4016004 kB
MemFree:          116332 kB
Active:           368772 kB
Mem:          3.8G       3.7G       113M       5.7M        28M       3.3G

MemTotal:        4016004 kB
MemFree:          126488 kB
Active:           367496 kB
Mem:          3.8G       3.7G       123M       5.7M        28M       3.2G

MemTotal:        4016004 kB
MemFree:          119340 kB
Active:           367496 kB
Mem:          3.8G       3.7G       116M       5.7M        28M       3.3G

MemTotal:        4016004 kB
MemFree:          113296 kB
Active:           367496 kB
Mem:          3.8G       3.7G       110M       5.7M        28M       3.3G

MemTotal:        4016004 kB
MemFree:          130096 kB
Active:           367496 kB
Mem:          3.8G       3.7G       126M       5.7M        28M       3.2G

MemTotal:        4016004 kB
MemFree:          120732 kB
Active:           367480 kB
Mem:          3.8G       3.7G       118M       5.7M        28M       3.3G

MemTotal:        4016004 kB
MemFree:          126152 kB
Active:           367504 kB
Mem:          3.8G       3.7G       122M       5.7M        28M       3.2G

MemTotal:        4016004 kB
MemFree:          136348 kB
Active:           367504 kB
Mem:          3.8G       3.7G       133M       5.7M        28M       3.2G

MemTotal:        4016004 kB
MemFree:          134532 kB
Active:           367496 kB
Mem:          3.8G       3.7G       131M       5.7M        28M       3.2G

MemTotal:        4016004 kB
MemFree:          126884 kB
Active:           366780 kB
Mem:          3.8G       3.7G       124M       5.7M        28M       3.2G

MemTotal:        4016004 kB
MemFree:          138852 kB
Active:           366648 kB
Mem:          3.8G       3.7G       135M       5.7M        28M       3.2G

MemTotal:        4016004 kB
MemFree:          132700 kB
Active:           366648 kB
Mem:          3.8G       3.7G       129M       5.7M        28M       3.2G

MemTotal:        4016004 kB
MemFree:          120772 kB
Active:           366648 kB
Mem:          3.8G       3.7G       117M       5.7M        28M       3.3G

MemTotal:        4016004 kB
MemFree:          120104 kB
Active:           366668 kB
Mem:          3.8G       3.7G       117M       5.7M        28M       3.3G

MemTotal:        4016004 kB
MemFree:          114356 kB
Active:           366664 kB
Mem:          3.8G       3.7G       110M       5.7M        28M       3.3G

MemTotal:        4016004 kB
MemFree:          105548 kB
Active:           366688 kB
Mem:          3.8G       3.7G       102M       5.7M        28M       3.3G

MemTotal:        4016004 kB
MemFree:          135320 kB
Active:           366688 kB
Mem:          3.8G       3.7G       131M       5.7M        28M       3.2G

MemTotal:        4016004 kB
MemFree:          108040 kB
Active:           366688 kB
Mem:          3.8G       3.7G       104M       5.7M        28M       3.3G

MemTotal:        4016004 kB
MemFree:          125016 kB
Active:           366640 kB
Mem:          3.8G       3.7G       121M       5.7M        28M       3.2G

MemTotal:        4016004 kB
MemFree:          123756 kB
Active:           366700 kB
Mem:          3.8G       3.7G       121M       5.7M        28M       3.2G

MemTotal:        4016004 kB
MemFree:          108512 kB
Active:           364068 kB
Mem:          3.8G       3.7G       104M       5.7M        28M       3.3G

MemTotal:        4016004 kB
MemFree:          125840 kB
Active:           364048 kB
Mem:          3.8G       3.7G       122M       5.7M        28M       3.2G

MemTotal:        4016004 kB
MemFree:          131644 kB
Active:           364100 kB
Mem:          3.8G       3.7G       128M       5.7M        28M       3.2G

MemTotal:        4016004 kB
MemFree:          132528 kB
Active:           364116 kB
Mem:          3.8G       3.7G       129M       5.7M        28M       3.2G

MemTotal:        4016004 kB
MemFree:          138932 kB
Active:           364096 kB
Mem:          3.8G       3.7G       135M       5.7M        28M       3.2G

MemTotal:        4016004 kB
MemFree:          138384 kB
Active:           364132 kB
Mem:          3.8G       3.7G       135M       5.7M        28M       3.2G

MemTotal:        4016004 kB
MemFree:          105636 kB
Active:           364120 kB
Mem:          3.8G       3.7G       102M       5.7M        28M       3.3G

MemTotal:        4016004 kB
MemFree:          135676 kB
Active:           364144 kB
Mem:          3.8G       3.7G       132M       5.7M        28M       3.2G

MemTotal:        4016004 kB
MemFree:          133672 kB
Active:           364144 kB
Mem:          3.8G       3.7G       130M       5.7M        28M       3.2G

MemTotal:        4016004 kB
MemFree:          131504 kB
Active:           364148 kB
Mem:          3.8G       3.7G       127M       5.7M        28M       3.2G

MemTotal:        4016004 kB
MemFree:          132492 kB
Active:           362596 kB
Mem:          3.8G       3.7G       129M       5.7M        28M       3.2G

MemTotal:        4016004 kB
MemFree:          125508 kB
Active:           362324 kB
Mem:          3.8G       3.7G       122M       5.7M        28M       3.2G

MemTotal:        4016004 kB
MemFree:          117552 kB
Active:           362320 kB
Mem:          3.8G       3.7G       114M       5.7M        28M       3.3G

MemTotal:        4016004 kB
MemFree:          110472 kB
Active:           362376 kB
Mem:          3.8G       3.7G       107M       5.7M        28M       3.3G

MemTotal:        4016004 kB
MemFree:          127380 kB
Active:           362388 kB
Mem:          3.8G       3.7G       123M       5.7M        28M       3.2G

MemTotal:        4016004 kB
MemFree:          125244 kB
Active:           362388 kB
Mem:          3.8G       3.7G       122M       5.7M        28M       3.2G

MemTotal:        4016004 kB
MemFree:          122384 kB
Active:           362400 kB
Mem:          3.8G       3.7G       119M       5.7M        28M       3.2G

MemTotal:        4016004 kB
MemFree:          142588 kB
Active:           362388 kB
Mem:          3.8G       3.7G       139M       5.7M        28M       3.2G

MemTotal:        4016004 kB
MemFree:          142460 kB
Active:           362404 kB
Mem:          3.8G       3.7G       139M       5.7M        28M       3.2G

MemTotal:        4016004 kB
MemFree:          142464 kB
Active:           362376 kB
Mem:          3.8G       3.7G       139M       5.7M        28M       3.2G

MemTotal:        4016004 kB
MemFree:          136836 kB
Active:           362404 kB
Mem:          3.8G       3.7G       133M       5.7M        28M       3.2G

MemTotal:        4016004 kB
MemFree:          127884 kB
Active:           362376 kB
Mem:          3.8G       3.7G       124M       5.7M        28M       3.2G

MemTotal:        4016004 kB
MemFree:          122112 kB
Active:           362420 kB
Mem:          3.8G       3.7G       118M       5.7M        28M       3.2G

MemTotal:        4016004 kB
MemFree:          125304 kB
Active:           362420 kB
Mem:          3.8G       3.7G       121M       5.7M        28M       3.2G

MemTotal:        4016004 kB
MemFree:          138392 kB
Active:           359788 kB
Mem:          3.8G       3.7G       134M       5.7M        28M       3.2G

MemTotal:        4016004 kB
MemFree:          131396 kB
Active:           359600 kB
Mem:          3.8G       3.7G       128M       5.7M        28M       3.2G

MemTotal:        4016004 kB
MemFree:          124332 kB
Active:           359604 kB
Mem:          3.8G       3.7G       121M       5.7M        28M       3.2G

MemTotal:        4016004 kB
MemFree:          117764 kB
Active:           359604 kB
Mem:          3.8G       3.7G       115M       5.7M        28M       3.3G

MemTotal:        4016004 kB
MemFree:          112332 kB
Active:           359608 kB
Mem:          3.8G       3.7G       108M       5.7M        28M       3.3G

MemTotal:        4016004 kB
MemFree:          120104 kB
Active:           359616 kB
Mem:          3.8G       3.7G       116M       5.7M        28M       3.2G

MemTotal:        4016004 kB
MemFree:          112236 kB
Active:           359616 kB
Mem:          3.8G       3.7G       109M       5.7M        28M       3.3G

MemTotal:        4016004 kB
MemFree:          111528 kB
Active:           359616 kB
Mem:          3.8G       3.7G       108M       5.7M        28M       3.3G

MemTotal:        4016004 kB
MemFree:          107048 kB
Active:           359628 kB
Mem:          3.8G       3.7G       104M       5.7M        28M       3.3G

MemTotal:        4016004 kB
MemFree:          111208 kB
Active:           359640 kB
Mem:          3.8G       3.7G       108M       5.7M        28M       3.3G

MemTotal:        4016004 kB
MemFree:          117656 kB
Active:           359644 kB
Mem:          3.8G       3.7G       114M       5.7M        28M       3.3G

MemTotal:        4016004 kB
MemFree:          108776 kB
Active:           359656 kB
Mem:          3.8G       3.7G       105M       5.7M        28M       3.3G

MemTotal:        4016004 kB
MemFree:          116432 kB
Active:           357044 kB
Mem:          3.8G       3.7G       113M       5.7M        28M       3.3G

MemTotal:        4016004 kB
MemFree:          108028 kB
Active:           357044 kB
Mem:          3.8G       3.7G       105M       5.7M        28M       3.3G

MemTotal:        4016004 kB
MemFree:          125968 kB
Active:           357052 kB
Mem:          3.8G       3.7G       122M       5.7M        28M       3.2G

MemTotal:        4016004 kB
MemFree:          107448 kB
Active:           357056 kB
Mem:          3.8G       3.7G       104M       5.7M        28M       3.3G

MemTotal:        4016004 kB
MemFree:          112652 kB
Active:           357056 kB
Mem:          3.8G       3.7G       109M       5.7M        28M       3.3G

MemTotal:        4016004 kB
MemFree:          122076 kB
Active:           357056 kB
Mem:          3.8G       3.7G       119M       5.7M        28M       3.2G

MemTotal:        4016004 kB
MemFree:          142092 kB
Active:           357060 kB
Mem:          3.8G       3.7G       138M       5.7M        28M       3.2G

MemTotal:        4016004 kB
MemFree:          141408 kB
Active:           357068 kB
Mem:          3.8G       3.7G       138M       5.7M        28M       3.2G

MemTotal:        4016004 kB
MemFree:          138068 kB
Active:           357092 kB
Mem:          3.8G       3.7G       134M       5.7M        28M       3.2G

MemTotal:        4016004 kB
MemFree:          130988 kB
Active:           357104 kB
Mem:          3.8G       3.7G       127M       5.7M        28M       3.2G

MemTotal:        4016004 kB
MemFree:          134152 kB
Active:           357104 kB
Mem:          3.8G       3.7G       130M       5.7M        28M       3.2G

MemTotal:        4016004 kB
MemFree:          117104 kB
Active:           357068 kB
Mem:          3.8G       3.7G       113M       5.7M        28M       3.3G

MemTotal:        4016004 kB
MemFree:          108808 kB
Active:           357112 kB
Mem:          3.8G       3.7G       106M       5.7M        28M       3.3G

MemTotal:        4016004 kB
MemFree:          120384 kB
Active:           354900 kB
Mem:          3.8G       3.7G       117M       5.7M        28M       3.2G

MemTotal:        4016004 kB
MemFree:          113388 kB
Active:           354900 kB
Mem:          3.8G       3.7G       110M       5.7M        28M       3.3G

MemTotal:        4016004 kB
MemFree:          106492 kB
Active:           354888 kB
Mem:          3.8G       3.7G       104M       5.7M        28M       3.3G

MemTotal:        4016004 kB
MemFree:          117820 kB
Active:           354900 kB
Mem:          3.8G       3.7G       115M       5.7M        28M       3.2G

MemTotal:        4016004 kB
MemFree:          111600 kB
Active:           354912 kB
Mem:          3.8G       3.7G       108M       5.7M        28M       3.3G

MemTotal:        4016004 kB
MemFree:          128580 kB
Active:           354912 kB
Mem:          3.8G       3.7G       125M       5.7M        28M       3.2G

MemTotal:        4016004 kB
MemFree:          111368 kB
Active:           354912 kB
Mem:          3.8G       3.7G       108M       5.7M        28M       3.3G

MemTotal:        4016004 kB
MemFree:          104856 kB
Active:           354928 kB
Mem:          3.8G       3.7G       106M       5.7M        28M       3.3G

MemTotal:        4016004 kB
MemFree:          133860 kB
Active:           354948 kB
Mem:          3.8G       3.7G       130M       5.7M        28M       3.2G

MemTotal:        4016004 kB
MemFree:          127972 kB
Active:           354952 kB
Mem:          3.8G       3.7G       123M       5.7M        28M       3.2G

MemTotal:        4016004 kB
MemFree:          127888 kB
Active:           354948 kB
Mem:          3.8G       3.7G       124M       5.7M        28M       3.2G

MemTotal:        4016004 kB
MemFree:          120084 kB
Active:           354952 kB
Mem:          3.8G       3.7G       117M       5.7M        28M       3.2G

MemTotal:        4016004 kB
MemFree:          124332 kB
Active:           354956 kB
Mem:          3.8G       3.7G       121M       5.7M        28M       3.2G

MemTotal:        4016004 kB
MemFree:          142208 kB
Active:           354956 kB
Mem:          3.8G       3.7G       138M       5.7M        28M       3.2G

MemTotal:        4016004 kB
MemFree:          135536 kB
Active:           354964 kB
Mem:          3.8G       3.7G       131M       5.7M        28M       3.2G

MemTotal:        4016004 kB
MemFree:          117704 kB
Active:           354968 kB
Mem:          3.8G       3.7G       114M       5.7M        28M       3.2G

MemTotal:        4016004 kB
MemFree:          109428 kB
Active:           354076 kB
Mem:          3.8G       3.7G       106M       5.7M        28M       3.3G

MemTotal:        4016004 kB
MemFree:          118176 kB
Active:           354076 kB
Mem:          3.8G       3.7G       115M       5.7M        28M       3.2G

MemTotal:        4016004 kB
MemFree:          109800 kB
Active:           354076 kB
Mem:          3.8G       3.7G       107M       5.7M        28M       3.3G

MemTotal:        4016004 kB
MemFree:          125564 kB
Active:           354084 kB
Mem:          3.8G       3.7G       122M       5.7M        28M       3.2G

MemTotal:        4016004 kB
MemFree:          112940 kB
Active:           354080 kB
Mem:          3.8G       3.7G       109M       5.7M        28M       3.3G

MemTotal:        4016004 kB
MemFree:          128316 kB
Active:           354112 kB
Mem:          3.8G       3.7G       125M       5.7M        28M       3.2G

MemTotal:        4016004 kB
MemFree:          126472 kB
Active:           354108 kB
Mem:          3.8G       3.7G       123M       5.7M        28M       3.2G

MemTotal:        4016004 kB
MemFree:          107212 kB
Active:           354112 kB
Mem:          3.8G       3.7G       104M       5.7M        28M       3.3G

MemTotal:        4016004 kB
MemFree:          135008 kB
Active:           354120 kB
Mem:          3.8G       3.7G       131M       5.7M        28M       3.2G

MemTotal:        4016004 kB
MemFree:          123476 kB
Active:           354120 kB
Mem:          3.8G       3.7G       119M       5.7M        28M       3.2G

MemTotal:        4016004 kB
MemFree:          114692 kB
Active:           354120 kB
Mem:          3.8G       3.7G       112M       5.7M        28M       3.3G

MemTotal:        4016004 kB
MemFree:          119812 kB
Active:           354120 kB
Mem:          3.8G       3.7G       116M       5.7M        28M       3.2G

MemTotal:        4016004 kB
MemFree:          125992 kB
Active:           354120 kB
Mem:          3.8G       3.7G       122M       5.7M        28M       3.2G

MemTotal:        4016004 kB
MemFree:          131676 kB
Active:           354124 kB
Mem:          3.8G       3.7G       128M       5.7M        28M       3.2G

MemTotal:        4016004 kB
MemFree:          137376 kB
Active:           354128 kB
Mem:          3.8G       3.7G       134M       5.7M        28M       3.2G

MemTotal:        4016004 kB
MemFree:          141844 kB
Active:           354128 kB
Mem:          3.8G       3.7G       138M       5.7M        28M       3.2G

MemTotal:        4016004 kB
MemFree:          123176 kB
Active:           354128 kB
Mem:          3.8G       3.7G       120M       5.7M        28M       3.2G

MemTotal:        4016004 kB
MemFree:          122960 kB
Active:           354076 kB
Mem:          3.8G       3.7G       120M       5.7M        28M       3.2G

MemTotal:        4016004 kB
MemFree:          123056 kB
Active:           354092 kB
Mem:          3.8G       3.7G       120M       5.7M        28M       3.2G

MemTotal:        4016004 kB
MemFree:          123044 kB
Active:           354148 kB
Mem:          3.8G       3.7G       120M       5.7M        28M       3.2G

MemTotal:        4016004 kB
MemFree:          136720 kB
Active:           353392 kB
Mem:          3.8G       3.7G       133M       5.7M        28M       3.2G

MemTotal:        4016004 kB
MemFree:          127680 kB
Active:           353288 kB
Mem:          3.8G       3.7G       124M       5.7M        28M       3.2G

MemTotal:        4016004 kB
MemFree:          133912 kB
Active:           352980 kB
Mem:          3.8G       3.7G       130M       5.7M        28M       3.2G

MemTotal:        4016004 kB
MemFree:          134036 kB
Active:           352956 kB
Mem:          3.8G       3.7G       130M       5.7M        28M       3.2G

MemTotal:        4016004 kB
MemFree:          134160 kB
Active:           352956 kB
Mem:          3.8G       3.7G       131M       5.7M        28M       3.2G

MemTotal:        4016004 kB
MemFree:          134284 kB
Active:           352940 kB
Mem:          3.8G       3.7G       131M       5.7M        28M       3.2G

MemTotal:        4016004 kB
MemFree:          133912 kB
Active:           352996 kB
Mem:          3.8G       3.7G       130M       5.7M        28M       3.2G

MemTotal:        4016004 kB
MemFree:          133912 kB
Active:           352996 kB
Mem:          3.8G       3.7G       130M       5.7M        28M       3.2G

MemTotal:        4016004 kB
MemFree:          134036 kB
Active:           352996 kB
Mem:          3.8G       3.7G       130M       5.7M        28M       3.2G

MemTotal:        4016004 kB
MemFree:          134284 kB
Active:           352956 kB
Mem:          3.8G       3.7G       131M       5.7M        28M       3.2G

MemTotal:        4016004 kB
MemFree:          134408 kB
Active:           352952 kB
Mem:          3.8G       3.7G       131M       5.7M        28M       3.2G

MemTotal:        4016004 kB
MemFree:          134004 kB
Active:           353052 kB
Mem:          3.8G       3.7G       131M       5.7M        28M       3.2G

MemTotal:        4016004 kB
MemFree:          134408 kB
Active:           352988 kB
Mem:          3.8G       3.7G       131M       5.7M        28M       3.2G

MemTotal:        4016004 kB
MemFree:          134408 kB
Active:           352960 kB
Mem:          3.8G       3.7G       131M       5.7M        28M       3.2G

MemTotal:        4016004 kB
MemFree:          134284 kB
Active:           352996 kB
Mem:          3.8G       3.7G       131M       5.7M        28M       3.2G

MemTotal:        4016004 kB
MemFree:          134408 kB
Active:           352980 kB
Mem:          3.8G       3.7G       131M       5.7M        28M       3.2G

MemTotal:        4016004 kB
MemFree:          134408 kB
Active:           352964 kB
Mem:          3.8G       3.7G       131M       5.7M        28M       3.2G

MemTotal:        4016004 kB
MemFree:          134284 kB
Active:           353012 kB
Mem:          3.8G       3.7G       131M       5.7M        28M       3.2G

MemTotal:        4016004 kB
MemFree:          134408 kB
Active:           352992 kB
Mem:          3.8G       3.7G       131M       5.7M        28M       3.2G

MemTotal:        4016004 kB
MemFree:          134284 kB
Active:           352992 kB
Mem:          3.8G       3.7G       131M       5.7M        28M       3.2G

MemTotal:        4016004 kB
MemFree:          133912 kB
Active:           353024 kB
Mem:          3.8G       3.7G       130M       5.7M        28M       3.2G

MemTotal:        4016004 kB
MemFree:          133912 kB
Active:           353016 kB
Mem:          3.8G       3.7G       130M       5.7M        28M       3.2G

MemTotal:        4016004 kB
MemFree:          134036 kB
Active:           352996 kB
Mem:          3.8G       3.7G       131M       5.7M        28M       3.2G

MemTotal:        4016004 kB
MemFree:          133664 kB
Active:           353032 kB
Mem:          3.8G       3.7G       130M       5.7M        28M       3.2G

MemTotal:        4016004 kB
MemFree:          133912 kB
Active:           353012 kB
Mem:          3.8G       3.7G       130M       5.7M        28M       3.2G

MemTotal:        4016004 kB
MemFree:          134044 kB
Active:           353008 kB
Mem:          3.8G       3.7G       130M       5.7M        28M       3.2G

MemTotal:        4016004 kB
MemFree:          134292 kB
Active:           353032 kB
Mem:          3.8G       3.7G       131M       5.7M        28M       3.2G

MemTotal:        4016004 kB
MemFree:          133920 kB
Active:           353040 kB
Mem:          3.8G       3.7G       131M       5.7M        28M       3.2G

MemTotal:        4016004 kB
MemFree:          134292 kB
Active:           353032 kB
Mem:          3.8G       3.7G       131M       5.7M        28M       3.2G

MemTotal:        4016004 kB
MemFree:          134416 kB
Active:           353012 kB
Mem:          3.8G       3.7G       131M       5.7M        28M       3.2G

MemTotal:        4016004 kB
MemFree:          134044 kB
Active:           353048 kB
Mem:          3.8G       3.7G       130M       5.7M        28M       3.2G

MemTotal:        4016004 kB
MemFree:          134448 kB
Active:           353016 kB
