MemTotal:        4016004 kB
MemFree:         3237832 kB
Active:           422592 kB
Mem:          3.8G       760M       3.1G       5.7M        55M       317M

MemTotal:        4016004 kB
MemFree:         3237596 kB
Active:           422812 kB
Mem:          3.8G       760M       3.1G       5.7M        55M       317M

MemTotal:        4016004 kB
MemFree:         3237828 kB
Active:           422884 kB
Mem:          3.8G       759M       3.1G       5.7M        55M       317M

MemTotal:        4016004 kB
MemFree:         3237812 kB
Active:           422836 kB
Mem:          3.8G       760M       3.1G       5.7M        55M       317M

MemTotal:        4016004 kB
MemFree:         3237548 kB
Active:           422888 kB
Mem:          3.8G       760M       3.1G       5.7M        55M       317M

MemTotal:        4016004 kB
MemFree:         3237796 kB
Active:           422832 kB
Mem:          3.8G       760M       3.1G       5.7M        55M       317M

MemTotal:        4016004 kB
MemFree:         3237904 kB
Active:           422836 kB
Mem:          3.8G       759M       3.1G       5.7M        55M       317M

MemTotal:        4016004 kB
MemFree:         3237740 kB
Active:           422896 kB
Mem:          3.8G       759M       3.1G       5.7M        55M       317M

MemTotal:        4016004 kB
MemFree:         3237864 kB
Active:           422896 kB
Mem:          3.8G       760M       3.1G       5.7M        55M       317M

MemTotal:        4016004 kB
MemFree:         3238220 kB
Active:           422892 kB
Mem:          3.8G       759M       3.1G       5.7M        55M       317M

MemTotal:        4016004 kB
MemFree:         3238204 kB
Active:           422888 kB
Mem:          3.8G       759M       3.1G       5.7M        55M       317M

MemTotal:        4016004 kB
MemFree:         3238312 kB
Active:           422896 kB
Mem:          3.8G       759M       3.1G       5.7M        55M       317M

MemTotal:        4016004 kB
MemFree:         3238296 kB
Active:           422848 kB
Mem:          3.8G       759M       3.1G       5.7M        55M       317M

MemTotal:        4016004 kB
MemFree:         3238328 kB
Active:           422848 kB
Mem:          3.8G       759M       3.1G       5.7M        55M       317M

MemTotal:        4016004 kB
MemFree:         3238080 kB
Active:           422908 kB
Mem:          3.8G       759M       3.1G       5.7M        55M       317M

MemTotal:        4016004 kB
MemFree:         3238096 kB
Active:           422908 kB
Mem:          3.8G       759M       3.1G       5.7M        55M       317M

MemTotal:        4016004 kB
MemFree:         3238012 kB
Active:           422908 kB
Mem:          3.8G       759M       3.1G       5.7M        55M       317M

MemTotal:        4016004 kB
MemFree:         3237640 kB
Active:           422908 kB
Mem:          3.8G       760M       3.1G       5.7M        55M       317M

MemTotal:        4016004 kB
MemFree:         3237640 kB
Active:           422900 kB
Mem:          3.8G       759M       3.1G       5.7M        55M       317M

MemTotal:        4016004 kB
MemFree:         3237640 kB
Active:           422896 kB
Mem:          3.8G       760M       3.1G       5.7M        55M       317M

MemTotal:        4016004 kB
MemFree:         3237844 kB
Active:           422912 kB
Mem:          3.8G       760M       3.1G       5.7M        55M       317M

MemTotal:        4016004 kB
MemFree:         3237472 kB
Active:           422916 kB
Mem:          3.8G       760M       3.1G       5.7M        55M       317M

MemTotal:        4016004 kB
MemFree:         3237844 kB
Active:           422916 kB
Mem:          3.8G       760M       3.1G       5.7M        55M       317M

MemTotal:        4016004 kB
MemFree:         3238092 kB
Active:           422904 kB
Mem:          3.8G       759M       3.1G       5.7M        55M       317M

MemTotal:        4016004 kB
MemFree:         3238216 kB
Active:           422904 kB
Mem:          3.8G       759M       3.1G       5.7M        55M       317M

MemTotal:        4016004 kB
MemFree:         3238200 kB
Active:           422904 kB
Mem:          3.8G       759M       3.1G       5.7M        55M       317M

MemTotal:        4016004 kB
MemFree:         3238184 kB
Active:           422908 kB
Mem:          3.8G       759M       3.1G       5.7M        55M       317M

MemTotal:        4016004 kB
MemFree:         3238200 kB
Active:           422912 kB
Mem:          3.8G       759M       3.1G       5.7M        55M       317M

MemTotal:        4016004 kB
MemFree:         3237952 kB
Active:           422928 kB
Mem:          3.8G       759M       3.1G       5.7M        55M       317M

MemTotal:        4016004 kB
MemFree:         3238324 kB
Active:           422920 kB
Mem:          3.8G       759M       3.1G       5.7M        55M       317M

MemTotal:        4016004 kB
MemFree:         3238200 kB
Active:           422876 kB
Mem:          3.8G       759M       3.1G       5.7M        55M       317M

MemTotal:        4016004 kB
MemFree:         3237704 kB
Active:           422928 kB
Mem:          3.8G       759M       3.1G       5.7M        55M       317M

MemTotal:        4016004 kB
MemFree:         3238184 kB
Active:           422880 kB
Mem:          3.8G       759M       3.1G       5.7M        55M       317M

MemTotal:        4016004 kB
MemFree:         3238216 kB
Active:           422896 kB
Mem:          3.8G       759M       3.1G       5.7M        55M       317M

MemTotal:        4016004 kB
MemFree:         3238216 kB
Active:           422896 kB
Mem:          3.8G       759M       3.1G       5.7M        55M       317M

MemTotal:        4016004 kB
MemFree:         3238092 kB
Active:           422936 kB
Mem:          3.8G       759M       3.1G       5.7M        55M       317M

MemTotal:        4016004 kB
MemFree:         3238340 kB
Active:           422924 kB
Mem:          3.8G       759M       3.1G       5.7M        55M       317M

MemTotal:        4016004 kB
MemFree:         3238184 kB
Active:           422884 kB
Mem:          3.8G       759M       3.1G       5.7M        55M       317M

MemTotal:        4016004 kB
MemFree:         3238200 kB
Active:           422912 kB
Mem:          3.8G       759M       3.1G       5.7M        55M       317M

MemTotal:        4016004 kB
MemFree:         3238076 kB
Active:           422924 kB
Mem:          3.8G       759M       3.1G       5.7M        55M       317M

MemTotal:        4016004 kB
MemFree:         3237828 kB
Active:           422944 kB
Mem:          3.8G       760M       3.1G       5.7M        55M       317M

MemTotal:        4016004 kB
MemFree:         3238200 kB
Active:           422944 kB
Mem:          3.8G       759M       3.1G       5.7M        55M       317M

MemTotal:        4016004 kB
MemFree:         3237828 kB
Active:           422964 kB
Mem:          3.8G       759M       3.1G       5.7M        55M       317M

MemTotal:        4016004 kB
MemFree:         3237812 kB
Active:           422964 kB
Mem:          3.8G       759M       3.1G       5.7M        55M       317M

MemTotal:        4016004 kB
MemFree:         3238184 kB
Active:           422944 kB
Mem:          3.8G       759M       3.1G       5.7M        55M       317M

MemTotal:        4016004 kB
MemFree:         3237704 kB
Active:           422964 kB
Mem:          3.8G       759M       3.1G       5.7M        55M       317M

MemTotal:        4016004 kB
MemFree:         3237828 kB
Active:           422964 kB
Mem:          3.8G       759M       3.1G       5.7M        55M       317M

MemTotal:        4016004 kB
MemFree:         3238200 kB
Active:           422952 kB
Mem:          3.8G       759M       3.1G       5.7M        55M       317M

MemTotal:        4016004 kB
MemFree:         3238200 kB
Active:           422948 kB
Mem:          3.8G       759M       3.1G       5.7M        55M       317M

MemTotal:        4016004 kB
MemFree:         3237688 kB
Active:           422976 kB
Mem:          3.8G       760M       3.1G       5.7M        55M       317M

MemTotal:        4016004 kB
MemFree:         3237844 kB
Active:           422964 kB
Mem:          3.8G       759M       3.1G       5.7M        55M       317M

MemTotal:        4016004 kB
MemFree:         3237968 kB
Active:           422964 kB
Mem:          3.8G       759M       3.1G       5.7M        55M       317M

MemTotal:        4016004 kB
MemFree:         3237472 kB
Active:           422992 kB
Mem:          3.8G       760M       3.1G       5.7M        55M       317M

MemTotal:        4016004 kB
MemFree:         3237720 kB
Active:           422936 kB
Mem:          3.8G       760M       3.1G       5.7M        55M       317M

MemTotal:        4016004 kB
MemFree:         3237440 kB
Active:           422992 kB
Mem:          3.8G       760M       3.1G       5.7M        55M       317M

MemTotal:        4016004 kB
MemFree:         3237720 kB
Active:           422988 kB
Mem:          3.8G       760M       3.1G       5.7M        55M       317M

MemTotal:        4016004 kB
MemFree:         3237720 kB
Active:           422996 kB
Mem:          3.8G       760M       3.1G       5.7M        55M       317M

MemTotal:        4016004 kB
MemFree:         3237532 kB
Active:           420948 kB
Mem:          3.8G       760M       3.1G       5.7M        55M       317M

MemTotal:        4016004 kB
MemFree:         3237656 kB
Active:           422972 kB
Mem:          3.8G       760M       3.1G       5.7M        55M       317M

MemTotal:        4016004 kB
MemFree:         3237656 kB
Active:           422968 kB
Mem:          3.8G       760M       3.1G       5.7M        55M       317M

MemTotal:        4016004 kB
MemFree:         3237268 kB
Active:           423004 kB
Mem:          3.8G       760M       3.1G       5.7M        55M       317M

MemTotal:        4016004 kB
MemFree:         3120760 kB
Active:           423364 kB
Mem:          3.8G       874M       3.0G       5.7M        55M       430M

MemTotal:        4016004 kB
MemFree:         3008036 kB
Active:           423464 kB
Mem:          3.8G       984M       2.9G       5.7M        55M       539M

MemTotal:        4016004 kB
MemFree:         2887716 kB
Active:           423464 kB
Mem:          3.8G       1.1G       2.8G       5.7M        55M       654M

MemTotal:        4016004 kB
MemFree:         2881500 kB
Active:           423472 kB
Mem:          3.8G       1.1G       2.7G       5.7M        55M       660M

MemTotal:        4016004 kB
MemFree:         2820844 kB
Active:           423464 kB
Mem:          3.8G       1.1G       2.7G       5.7M        55M       718M

MemTotal:        4016004 kB
MemFree:         2782900 kB
Active:           423440 kB
Mem:          3.8G       1.2G       2.7G       5.7M        55M       755M

MemTotal:        4016004 kB
MemFree:         2736516 kB
Active:           423444 kB
Mem:          3.8G       1.2G       2.6G       5.7M        55M       799M

MemTotal:        4016004 kB
MemFree:         2683072 kB
Active:           423484 kB
Mem:          3.8G       1.3G       2.6G       5.7M        55M       851M

MemTotal:        4016004 kB
MemFree:         2681492 kB
Active:           423452 kB
Mem:          3.8G       1.3G       2.6G       5.7M        55M       852M

MemTotal:        4016004 kB
MemFree:         2680356 kB
Active:           423500 kB
Mem:          3.8G       1.3G       2.6G       5.7M        55M       853M

MemTotal:        4016004 kB
MemFree:         2678372 kB
Active:           423528 kB
Mem:          3.8G       1.3G       2.6G       5.7M        55M       854M

MemTotal:        4016004 kB
MemFree:         2676716 kB
Active:           423524 kB
Mem:          3.8G       1.3G       2.6G       5.7M        55M       856M

MemTotal:        4016004 kB
MemFree:         2572676 kB
Active:           423528 kB
Mem:          3.8G       1.4G       2.5G       5.7M        55M       957M

MemTotal:        4016004 kB
MemFree:         2438312 kB
Active:           423528 kB
Mem:          3.8G       1.5G       2.3G       5.7M        55M       1.1G

MemTotal:        4016004 kB
MemFree:         2324084 kB
Active:           423528 kB
Mem:          3.8G       1.6G       2.2G       5.7M        55M       1.2G

MemTotal:        4016004 kB
MemFree:         2323972 kB
Active:           423480 kB
Mem:          3.8G       1.6G       2.2G       5.7M        55M       1.2G

MemTotal:        4016004 kB
MemFree:         2230284 kB
Active:           421496 kB
Mem:          3.8G       1.7G       2.1G       5.7M        55M       1.3G

MemTotal:        4016004 kB
MemFree:         2226308 kB
Active:           423544 kB
Mem:          3.8G       1.7G       2.1G       5.7M        55M       1.3G

MemTotal:        4016004 kB
MemFree:         2128272 kB
Active:           423564 kB
Mem:          3.8G       1.8G       2.0G       5.7M        55M       1.4G

MemTotal:        4016004 kB
MemFree:         2127308 kB
Active:           423508 kB
Mem:          3.8G       1.8G       2.0G       5.7M        55M       1.4G

MemTotal:        4016004 kB
MemFree:         2081984 kB
Active:           423520 kB
Mem:          3.8G       1.8G       2.0G       5.7M        55M       1.4G

MemTotal:        4016004 kB
MemFree:         2026356 kB
Active:           423576 kB
Mem:          3.8G       1.9G       1.9G       5.7M        55M       1.4G

MemTotal:        4016004 kB
MemFree:         2025456 kB
Active:           423588 kB
Mem:          3.8G       1.9G       1.9G       5.7M        55M       1.4G

MemTotal:        4016004 kB
MemFree:         2023640 kB
Active:           423592 kB
Mem:          3.8G       1.9G       1.9G       5.7M        55M       1.4G

MemTotal:        4016004 kB
MemFree:         2022392 kB
Active:           423604 kB
Mem:          3.8G       1.9G       1.9G       5.7M        55M       1.5G

MemTotal:        4016004 kB
MemFree:         2013100 kB
Active:           423580 kB
Mem:          3.8G       1.9G       1.9G       5.7M        55M       1.5G

MemTotal:        4016004 kB
MemFree:         1876508 kB
Active:           421556 kB
Mem:          3.8G       2.0G       1.8G       5.7M        55M       1.6G

MemTotal:        4016004 kB
MemFree:         1761676 kB
Active:           423604 kB
Mem:          3.8G       2.2G       1.7G       5.7M        55M       1.7G

MemTotal:        4016004 kB
MemFree:         1672392 kB
Active:           423612 kB
Mem:          3.8G       2.2G       1.6G       5.7M        55M       1.8G

MemTotal:        4016004 kB
MemFree:         1586268 kB
Active:           423616 kB
Mem:          3.8G       2.3G       1.5G       5.7M        55M       1.9G

MemTotal:        4016004 kB
MemFree:         1571976 kB
Active:           423596 kB
Mem:          3.8G       2.3G       1.5G       5.7M        55M       1.9G

MemTotal:        4016004 kB
MemFree:         1567164 kB
Active:           423600 kB
Mem:          3.8G       2.3G       1.5G       5.7M        55M       1.9G

MemTotal:        4016004 kB
MemFree:         1471996 kB
Active:           423624 kB
Mem:          3.8G       2.4G       1.4G       5.7M        55M       2.0G

MemTotal:        4016004 kB
MemFree:         1470156 kB
Active:           423632 kB
Mem:          3.8G       2.4G       1.4G       5.7M        55M       2.0G

MemTotal:        4016004 kB
MemFree:         1405100 kB
Active:           423612 kB
Mem:          3.8G       2.5G       1.3G       5.7M        55M       2.0G

MemTotal:        4016004 kB
MemFree:         1373268 kB
Active:           423596 kB
Mem:          3.8G       2.5G       1.3G       5.7M        55M       2.1G

MemTotal:        4016004 kB
MemFree:         1371960 kB
Active:           421584 kB
Mem:          3.8G       2.5G       1.3G       5.7M        55M       2.1G

MemTotal:        4016004 kB
MemFree:         1370132 kB
Active:           423652 kB
Mem:          3.8G       2.5G       1.3G       5.7M        55M       2.1G

MemTotal:        4016004 kB
MemFree:         1369084 kB
Active:           423660 kB
Mem:          3.8G       2.5G       1.3G       5.7M        55M       2.1G

MemTotal:        4016004 kB
MemFree:         1340348 kB
Active:           423664 kB
Mem:          3.8G       2.6G       1.3G       5.7M        55M       2.1G

MemTotal:        4016004 kB
MemFree:         1207864 kB
Active:           423668 kB
Mem:          3.8G       2.7G       1.2G       5.7M        55M       2.2G

MemTotal:        4016004 kB
MemFree:         1080212 kB
Active:           423668 kB
Mem:          3.8G       2.8G       1.0G       5.7M        55M       2.3G

MemTotal:        4016004 kB
MemFree:          994672 kB
Active:           423668 kB
Mem:          3.8G       2.9G       971M       5.7M        55M       2.4G

MemTotal:        4016004 kB
MemFree:          984256 kB
Active:           423696 kB
Mem:          3.8G       2.9G       960M       5.7M        55M       2.4G

MemTotal:        4016004 kB
MemFree:          930428 kB
Active:           423672 kB
Mem:          3.8G       2.9G       908M       5.7M        55M       2.5G

MemTotal:        4016004 kB
MemFree:          928436 kB
Active:           423692 kB
Mem:          3.8G       2.9G       906M       5.7M        55M       2.5G

MemTotal:        4016004 kB
MemFree:          868696 kB
Active:           421788 kB
Mem:          3.8G       3.0G       848M       5.7M        55M       2.5G

MemTotal:        4016004 kB
MemFree:          756384 kB
Active:           423820 kB
Mem:          3.8G       3.1G       738M       5.7M        55M       2.6G

MemTotal:        4016004 kB
MemFree:          695604 kB
Active:           423816 kB
Mem:          3.8G       3.2G       678M       5.7M        55M       2.7G

MemTotal:        4016004 kB
MemFree:          692688 kB
Active:           423684 kB
Mem:          3.8G       3.2G       676M       5.7M        55M       2.7G

MemTotal:        4016004 kB
MemFree:          691648 kB
Active:           423696 kB
Mem:          3.8G       3.2G       675M       5.7M        55M       2.7G

MemTotal:        4016004 kB
MemFree:          595712 kB
Active:           423732 kB
Mem:          3.8G       3.3G       581M       5.7M        55M       2.8G

MemTotal:        4016004 kB
MemFree:          576956 kB
Active:           423704 kB
Mem:          3.8G       3.3G       563M       5.7M        55M       2.8G

MemTotal:        4016004 kB
MemFree:          502284 kB
Active:           423724 kB
Mem:          3.8G       3.4G       490M       5.7M        55M       2.9G

MemTotal:        4016004 kB
MemFree:          486836 kB
Active:           423756 kB
Mem:          3.8G       3.4G       475M       5.7M        55M       2.9G

MemTotal:        4016004 kB
MemFree:          484680 kB
Active:           423772 kB
Mem:          3.8G       3.4G       473M       5.7M        55M       2.9G

MemTotal:        4016004 kB
MemFree:          483144 kB
Active:           423800 kB
Mem:          3.8G       3.4G       471M       5.7M        55M       2.9G

MemTotal:        4016004 kB
MemFree:          482160 kB
Active:           423784 kB
Mem:          3.8G       3.4G       470M       5.7M        55M       2.9G

MemTotal:        4016004 kB
MemFree:          421940 kB
Active:           423772 kB
Mem:          3.8G       3.4G       411M       5.7M        55M       3.0G

MemTotal:        4016004 kB
MemFree:          296848 kB
Active:           423900 kB
Mem:          3.8G       3.5G       289M       5.7M        55M       3.1G

MemTotal:        4016004 kB
MemFree:          180976 kB
Active:           423872 kB
Mem:          3.8G       3.7G       176M       5.7M        55M       3.2G

MemTotal:        4016004 kB
MemFree:          132552 kB
Active:           423796 kB
Mem:          3.8G       3.7G       129M       5.7M        55M       3.2G

MemTotal:        4016004 kB
MemFree:          128788 kB
Active:           425700 kB
Mem:          3.8G       3.7G       118M       5.7M        20M       3.3G

MemTotal:        4016004 kB
MemFree:          120628 kB
Active:           436252 kB
Mem:          3.8G       3.7G       117M       5.7M        20M       3.3G

MemTotal:        4016004 kB
MemFree:          129692 kB
Active:           482228 kB
Mem:          3.8G       3.7G       125M       5.7M        20M       3.3G

MemTotal:        4016004 kB
MemFree:          126388 kB
Active:           482448 kB
Mem:          3.8G       3.7G       123M       5.7M        20M       3.3G

MemTotal:        4016004 kB
MemFree:          125508 kB
Active:           482404 kB
Mem:          3.8G       3.7G       122M       5.7M        20M       3.3G

MemTotal:        4016004 kB
MemFree:          122628 kB
Active:           472084 kB
Mem:          3.8G       3.7G       119M       5.7M        20M       3.3G

MemTotal:        4016004 kB
MemFree:          137884 kB
Active:           449980 kB
Mem:          3.8G       3.7G       134M       5.7M        20M       3.3G

MemTotal:        4016004 kB
MemFree:          126092 kB
Active:           439228 kB
Mem:          3.8G       3.7G       122M       5.7M        20M       3.3G

MemTotal:        4016004 kB
MemFree:          121936 kB
Active:           432400 kB
Mem:          3.8G       3.7G       118M       5.7M        20M       3.3G

MemTotal:        4016004 kB
MemFree:          144368 kB
Active:           427408 kB
Mem:          3.8G       3.7G       140M       5.7M        20M       3.2G

MemTotal:        4016004 kB
MemFree:          149720 kB
Active:           425232 kB
Mem:          3.8G       3.7G       146M       5.7M        20M       3.2G

MemTotal:        4016004 kB
MemFree:          148228 kB
Active:           425120 kB
Mem:          3.8G       3.7G       144M       5.7M        20M       3.2G

MemTotal:        4016004 kB
MemFree:          148100 kB
Active:           425132 kB
Mem:          3.8G       3.7G       144M       5.7M        20M       3.2G

MemTotal:        4016004 kB
MemFree:          147824 kB
Active:           425136 kB
Mem:          3.8G       3.7G       144M       5.7M        20M       3.2G

MemTotal:        4016004 kB
MemFree:          148000 kB
Active:           425104 kB
Mem:          3.8G       3.7G       144M       5.7M        20M       3.2G

MemTotal:        4016004 kB
MemFree:          146144 kB
Active:           425140 kB
Mem:          3.8G       3.7G       142M       5.7M        20M       3.2G

MemTotal:        4016004 kB
MemFree:          130872 kB
Active:           423992 kB
Mem:          3.8G       3.7G       127M       5.7M        20M       3.3G

MemTotal:        4016004 kB
MemFree:          131084 kB
Active:           423984 kB
Mem:          3.8G       3.7G       128M       5.7M        20M       3.3G

MemTotal:        4016004 kB
MemFree:          131832 kB
Active:           423984 kB
Mem:          3.8G       3.7G       128M       5.7M        20M       3.3G

MemTotal:        4016004 kB
MemFree:          131900 kB
Active:           423988 kB
Mem:          3.8G       3.7G       128M       5.7M        20M       3.3G

MemTotal:        4016004 kB
MemFree:          130060 kB
Active:           423996 kB
Mem:          3.8G       3.7G       126M       5.7M        20M       3.3G

MemTotal:        4016004 kB
MemFree:          127300 kB
Active:           420596 kB
Mem:          3.8G       3.7G       123M       5.7M        20M       3.3G

MemTotal:        4016004 kB
MemFree:          117168 kB
Active:           416760 kB
Mem:          3.8G       3.7G       113M       5.7M        20M       3.3G

MemTotal:        4016004 kB
MemFree:          137196 kB
Active:           411648 kB
Mem:          3.8G       3.7G       134M       5.7M        20M       3.3G

MemTotal:        4016004 kB
MemFree:          137980 kB
Active:           410496 kB
Mem:          3.8G       3.7G       134M       5.7M        20M       3.3G

MemTotal:        4016004 kB
MemFree:          117160 kB
Active:           409928 kB
Mem:          3.8G       3.7G       114M       5.7M        20M       3.3G

MemTotal:        4016004 kB
MemFree:          134484 kB
Active:           407040 kB
Mem:          3.8G       3.7G       131M       5.7M        20M       3.3G

MemTotal:        4016004 kB
MemFree:          134132 kB
Active:           406920 kB
Mem:          3.8G       3.7G       130M       5.7M        20M       3.3G

MemTotal:        4016004 kB
MemFree:          116400 kB
Active:           403640 kB
Mem:          3.8G       3.7G       112M       5.7M        20M       3.3G

MemTotal:        4016004 kB
MemFree:          132812 kB
Active:           402404 kB
Mem:          3.8G       3.7G       129M       5.7M        20M       3.3G

MemTotal:        4016004 kB
MemFree:          131528 kB
Active:           402420 kB
Mem:          3.8G       3.7G       128M       5.7M        20M       3.3G

MemTotal:        4016004 kB
MemFree:          129628 kB
Active:           400548 kB
Mem:          3.8G       3.7G       126M       5.7M        20M       3.3G

MemTotal:        4016004 kB
MemFree:          128696 kB
Active:           402500 kB
Mem:          3.8G       3.7G       125M       5.7M        20M       3.3G

MemTotal:        4016004 kB
MemFree:          122796 kB
Active:           402504 kB
Mem:          3.8G       3.7G       119M       5.7M        20M       3.3G

MemTotal:        4016004 kB
MemFree:          134704 kB
Active:           396460 kB
Mem:          3.8G       3.7G       131M       5.7M        20M       3.3G

MemTotal:        4016004 kB
MemFree:          124116 kB
Active:           393004 kB
Mem:          3.8G       3.7G       120M       5.7M        20M       3.3G

MemTotal:        4016004 kB
MemFree:          120228 kB
Active:           389036 kB
Mem:          3.8G       3.7G       117M       5.7M        20M       3.3G

MemTotal:        4016004 kB
MemFree:          143260 kB
Active:           388396 kB
Mem:          3.8G       3.7G       139M       5.7M        20M       3.2G

MemTotal:        4016004 kB
MemFree:          131296 kB
Active:           387372 kB
Mem:          3.8G       3.7G       128M       5.7M        20M       3.3G

MemTotal:        4016004 kB
MemFree:          140632 kB
Active:           385472 kB
Mem:          3.8G       3.7G       142M       5.7M        20M       3.2G

MemTotal:        4016004 kB
MemFree:          144504 kB
Active:           383808 kB
Mem:          3.8G       3.7G       141M       5.7M        20M       3.2G

MemTotal:        4016004 kB
MemFree:          141112 kB
Active:           385872 kB
Mem:          3.8G       3.7G       137M       5.7M        20M       3.2G

MemTotal:        4016004 kB
MemFree:          139780 kB
Active:           385836 kB
Mem:          3.8G       3.7G       136M       5.7M        20M       3.2G

MemTotal:        4016004 kB
MemFree:          140064 kB
Active:           385832 kB
Mem:          3.8G       3.7G       136M       5.7M        20M       3.2G

MemTotal:        4016004 kB
MemFree:          139804 kB
Active:           385856 kB
Mem:          3.8G       3.7G       136M       5.7M        20M       3.2G

MemTotal:        4016004 kB
MemFree:          124188 kB
Active:           384448 kB
Mem:          3.8G       3.7G       120M       5.7M        20M       3.3G

MemTotal:        4016004 kB
MemFree:          114740 kB
Active:           380356 kB
Mem:          3.8G       3.7G       120M       5.7M        20M       3.3G

MemTotal:        4016004 kB
MemFree:          134096 kB
Active:           375108 kB
Mem:          3.8G       3.7G       130M       5.7M        20M       3.3G

MemTotal:        4016004 kB
MemFree:          138556 kB
Active:           372420 kB
Mem:          3.8G       3.7G       135M       5.7M        20M       3.3G

MemTotal:        4016004 kB
MemFree:          118092 kB
Active:           371908 kB
Mem:          3.8G       3.7G       124M       5.7M        20M       3.3G

MemTotal:        4016004 kB
MemFree:          138348 kB
Active:           369488 kB
Mem:          3.8G       3.7G       135M       5.7M        20M       3.3G

MemTotal:        4016004 kB
MemFree:          139968 kB
Active:           368180 kB
Mem:          3.8G       3.7G       136M       5.7M        20M       3.2G

MemTotal:        4016004 kB
MemFree:          133872 kB
Active:           369140 kB
Mem:          3.8G       3.7G       130M       5.7M        20M       3.3G

MemTotal:        4016004 kB
MemFree:          133216 kB
Active:           369016 kB
Mem:          3.8G       3.7G       130M       5.7M        20M       3.3G

MemTotal:        4016004 kB
MemFree:          134028 kB
Active:           369036 kB
Mem:          3.8G       3.7G       130M       5.7M        20M       3.3G

MemTotal:        4016004 kB
MemFree:          131128 kB
Active:           369056 kB
Mem:          3.8G       3.7G       127M       5.7M        20M       3.3G

MemTotal:        4016004 kB
MemFree:          124664 kB
Active:           368544 kB
Mem:          3.8G       3.7G       121M       5.7M        20M       3.3G

MemTotal:        4016004 kB
MemFree:          124836 kB
Active:           365652 kB
Mem:          3.8G       3.7G       121M       5.7M        20M       3.3G

MemTotal:        4016004 kB
MemFree:          131128 kB
Active:           365492 kB
Mem:          3.8G       3.7G       128M       5.7M        20M       3.3G

MemTotal:        4016004 kB
MemFree:          117292 kB
Active:           365492 kB
Mem:          3.8G       3.7G       113M       5.7M        20M       3.3G

MemTotal:        4016004 kB
MemFree:          134168 kB
Active:           365420 kB
Mem:          3.8G       3.7G       130M       5.7M        20M       3.3G

MemTotal:        4016004 kB
MemFree:          123672 kB
Active:           365368 kB
Mem:          3.8G       3.7G       120M       5.7M        20M       3.3G

MemTotal:        4016004 kB
MemFree:          133916 kB
Active:           365420 kB
Mem:          3.8G       3.7G       131M       5.7M        20M       3.3G

MemTotal:        4016004 kB
MemFree:          140360 kB
Active:           365380 kB
Mem:          3.8G       3.7G       137M       5.7M        20M       3.2G

MemTotal:        4016004 kB
MemFree:          129744 kB
Active:           365436 kB
Mem:          3.8G       3.7G       126M       5.7M        20M       3.3G

MemTotal:        4016004 kB
MemFree:          142392 kB
Active:           365440 kB
Mem:          3.8G       3.7G       139M       5.7M        20M       3.2G

MemTotal:        4016004 kB
MemFree:          141784 kB
Active:           365452 kB
Mem:          3.8G       3.7G       138M       5.7M        20M       3.2G

MemTotal:        4016004 kB
MemFree:          139428 kB
Active:           365452 kB
Mem:          3.8G       3.7G       135M       5.7M        20M       3.2G

MemTotal:        4016004 kB
MemFree:          138844 kB
Active:           365420 kB
Mem:          3.8G       3.7G       135M       5.7M        20M       3.2G

MemTotal:        4016004 kB
MemFree:          136988 kB
Active:           365440 kB
Mem:          3.8G       3.7G       133M       5.7M        20M       3.3G

MemTotal:        4016004 kB
MemFree:          125564 kB
Active:           365464 kB
Mem:          3.8G       3.7G       122M       5.7M        20M       3.3G

MemTotal:        4016004 kB
MemFree:          137548 kB
Active:           365464 kB
Mem:          3.8G       3.7G       133M       5.7M        20M       3.3G

MemTotal:        4016004 kB
MemFree:          107520 kB
Active:           365464 kB
Mem:          3.8G       3.7G       104M       5.7M        20M       3.3G

MemTotal:        4016004 kB
MemFree:          137492 kB
Active:           365092 kB
Mem:          3.8G       3.7G       134M       5.7M        20M       3.2G

MemTotal:        4016004 kB
MemFree:          135004 kB
Active:           365092 kB
Mem:          3.8G       3.7G       131M       5.7M        20M       3.3G

MemTotal:        4016004 kB
MemFree:          146360 kB
Active:           365108 kB
Mem:          3.8G       3.7G       143M       5.7M        20M       3.2G

MemTotal:        4016004 kB
MemFree:          121672 kB
Active:           365116 kB
Mem:          3.8G       3.7G       118M       5.7M        20M       3.3G

MemTotal:        4016004 kB
MemFree:          112152 kB
Active:           365120 kB
Mem:          3.8G       3.7G       109M       5.7M        20M       3.3G

MemTotal:        4016004 kB
MemFree:          109884 kB
Active:           365132 kB
Mem:          3.8G       3.7G       107M       5.7M        20M       3.3G

MemTotal:        4016004 kB
MemFree:          108864 kB
Active:           365120 kB
Mem:          3.8G       3.7G       106M       5.7M        20M       3.3G

MemTotal:        4016004 kB
MemFree:          108992 kB
Active:           365116 kB
Mem:          3.8G       3.7G       106M       5.7M        20M       3.3G

MemTotal:        4016004 kB
MemFree:          109992 kB
Active:           364944 kB
Mem:          3.8G       3.7G       107M       5.7M        20M       3.3G

MemTotal:        4016004 kB
MemFree:          144716 kB
Active:           363504 kB
Mem:          3.8G       3.7G       140M       5.7M        20M       3.2G

MemTotal:        4016004 kB
MemFree:          137340 kB
Active:           363376 kB
Mem:          3.8G       3.7G       133M       5.7M        20M       3.2G

MemTotal:        4016004 kB
MemFree:          138796 kB
Active:           363380 kB
Mem:          3.8G       3.7G       135M       5.7M        20M       3.2G

MemTotal:        4016004 kB
MemFree:          125396 kB
Active:           363340 kB
Mem:          3.8G       3.7G       122M       5.7M        20M       3.3G

MemTotal:        4016004 kB
MemFree:          119336 kB
Active:           363404 kB
Mem:          3.8G       3.7G       115M       5.7M        20M       3.3G

MemTotal:        4016004 kB
MemFree:          135884 kB
Active:           357904 kB
Mem:          3.8G       3.7G       132M       5.7M        20M       3.2G

MemTotal:        4016004 kB
MemFree:          128720 kB
Active:           357904 kB
Mem:          3.8G       3.7G       124M       5.7M        20M       3.3G

MemTotal:        4016004 kB
MemFree:          142832 kB
Active:           357904 kB
Mem:          3.8G       3.7G       139M       5.7M        20M       3.2G

MemTotal:        4016004 kB
MemFree:          141944 kB
Active:           357916 kB
Mem:          3.8G       3.7G       138M       5.7M        20M       3.2G

MemTotal:        4016004 kB
MemFree:          142504 kB
Active:           355908 kB
Mem:          3.8G       3.7G       138M       5.7M        20M       3.2G

MemTotal:        4016004 kB
MemFree:          142564 kB
Active:           357864 kB
Mem:          3.8G       3.7G       139M       5.7M        20M       3.2G

MemTotal:        4016004 kB
MemFree:          142692 kB
Active:           357872 kB
Mem:          3.8G       3.7G       138M       5.7M        20M       3.2G

MemTotal:        4016004 kB
MemFree:          108100 kB
Active:           357920 kB
Mem:          3.8G       3.7G       104M       5.7M        20M       3.3G

MemTotal:        4016004 kB
MemFree:          104848 kB
Active:           357924 kB
Mem:          3.8G       3.7G       103M       5.7M        20M       3.3G

MemTotal:        4016004 kB
MemFree:          116000 kB
Active:           356512 kB
Mem:          3.8G       3.7G       113M       5.7M        20M       3.3G

MemTotal:        4016004 kB
MemFree:          129700 kB
Active:           356524 kB
Mem:          3.8G       3.7G       126M       5.7M        20M       3.3G

MemTotal:        4016004 kB
MemFree:          126812 kB
Active:           356528 kB
Mem:          3.8G       3.7G       123M       5.7M        20M       3.3G

MemTotal:        4016004 kB
MemFree:          140476 kB
Active:           356532 kB
Mem:          3.8G       3.7G       137M       5.7M        20M       3.2G

MemTotal:        4016004 kB
MemFree:          131344 kB
Active:           356532 kB
Mem:          3.8G       3.7G       128M       5.7M        20M       3.3G

MemTotal:        4016004 kB
MemFree:          109904 kB
Active:           356500 kB
Mem:          3.8G       3.7G       107M       5.7M        20M       3.3G

MemTotal:        4016004 kB
MemFree:          127536 kB
Active:           352148 kB
Mem:          3.8G       3.7G       124M       5.7M        20M       3.3G

MemTotal:        4016004 kB
MemFree:          126452 kB
Active:           352132 kB
Mem:          3.8G       3.7G       123M       5.7M        20M       3.3G

MemTotal:        4016004 kB
MemFree:          124532 kB
Active:           352136 kB
Mem:          3.8G       3.7G       121M       5.7M        20M       3.3G

MemTotal:        4016004 kB
MemFree:          123700 kB
Active:           352160 kB
Mem:          3.8G       3.7G       120M       5.7M        20M       3.3G

MemTotal:        4016004 kB
MemFree:          119960 kB
Active:           352172 kB
Mem:          3.8G       3.7G       117M       5.7M        20M       3.3G

MemTotal:        4016004 kB
MemFree:          127836 kB
Active:           352180 kB
Mem:          3.8G       3.7G       124M       5.7M        20M       3.3G

MemTotal:        4016004 kB
MemFree:          139600 kB
Active:           352180 kB
Mem:          3.8G       3.7G       136M       5.7M        20M       3.2G

MemTotal:        4016004 kB
MemFree:          137184 kB
Active:           352180 kB
Mem:          3.8G       3.7G       133M       5.7M        20M       3.2G

MemTotal:        4016004 kB
MemFree:          133040 kB
Active:           348008 kB
Mem:          3.8G       3.7G       129M       5.7M        20M       3.2G

MemTotal:        4016004 kB
MemFree:          127260 kB
Active:           348008 kB
Mem:          3.8G       3.7G       124M       5.7M        20M       3.3G

MemTotal:        4016004 kB
MemFree:          129224 kB
Active:           348016 kB
Mem:          3.8G       3.7G       126M       5.7M        20M       3.3G

MemTotal:        4016004 kB
MemFree:          107072 kB
Active:           348020 kB
Mem:          3.8G       3.7G       104M       5.7M        20M       3.3G

MemTotal:        4016004 kB
MemFree:          137784 kB
Active:           348036 kB
Mem:          3.8G       3.7G       134M       5.7M        20M       3.2G

MemTotal:        4016004 kB
MemFree:          136692 kB
Active:           348044 kB
Mem:          3.8G       3.7G       133M       5.7M        20M       3.2G

MemTotal:        4016004 kB
MemFree:          135860 kB
Active:           348044 kB
Mem:          3.8G       3.7G       132M       5.7M        20M       3.2G

MemTotal:        4016004 kB
MemFree:          133772 kB
Active:           348044 kB
Mem:          3.8G       3.7G       130M       5.7M        20M       3.2G

MemTotal:        4016004 kB
MemFree:          136336 kB
Active:           348048 kB
Mem:          3.8G       3.7G       133M       5.7M        20M       3.2G

MemTotal:        4016004 kB
MemFree:          124868 kB
Active:           348052 kB
Mem:          3.8G       3.7G       121M       5.7M        20M       3.3G

MemTotal:        4016004 kB
MemFree:          130452 kB
Active:           346716 kB
Mem:          3.8G       3.7G       127M       5.7M        20M       3.3G

MemTotal:        4016004 kB
MemFree:          136604 kB
Active:           346720 kB
Mem:          3.8G       3.7G       132M       5.7M        20M       3.2G

MemTotal:        4016004 kB
MemFree:          104488 kB
Active:           346696 kB
Mem:          3.8G       3.7G       106M       5.7M        20M       3.3G

MemTotal:        4016004 kB
MemFree:          133472 kB
Active:           346728 kB
Mem:          3.8G       3.7G       130M       5.7M        20M       3.2G

MemTotal:        4016004 kB
MemFree:          118808 kB
Active:           346732 kB
Mem:          3.8G       3.7G       116M       5.7M        20M       3.3G

MemTotal:        4016004 kB
MemFree:          125600 kB
Active:           346732 kB
Mem:          3.8G       3.7G       121M       5.7M        20M       3.3G

MemTotal:        4016004 kB
MemFree:          135100 kB
Active:           346748 kB
Mem:          3.8G       3.7G       131M       5.7M        20M       3.2G

MemTotal:        4016004 kB
MemFree:          135008 kB
Active:           346704 kB
Mem:          3.8G       3.7G       131M       5.7M        20M       3.2G

MemTotal:        4016004 kB
MemFree:          134648 kB
Active:           346744 kB
Mem:          3.8G       3.7G       131M       5.7M        20M       3.2G

MemTotal:        4016004 kB
MemFree:          133648 kB
Active:           346776 kB
Mem:          3.8G       3.7G       130M       5.7M        20M       3.2G

MemTotal:        4016004 kB
MemFree:          105036 kB
Active:           346724 kB
Mem:          3.8G       3.7G       106M       5.7M        20M       3.3G

MemTotal:        4016004 kB
MemFree:          125584 kB
Active:           346360 kB
Mem:          3.8G       3.7G       122M       5.7M        20M       3.3G

MemTotal:        4016004 kB
MemFree:          133332 kB
Active:           346220 kB
Mem:          3.8G       3.7G       130M       5.7M        20M       3.2G

MemTotal:        4016004 kB
MemFree:          122328 kB
Active:           346232 kB
Mem:          3.8G       3.7G       118M       5.7M        20M       3.3G

MemTotal:        4016004 kB
MemFree:          150820 kB
Active:           346244 kB
Mem:          3.8G       3.7G       147M       5.7M        20M       3.2G

MemTotal:        4016004 kB
MemFree:          137540 kB
Active:           346244 kB
Mem:          3.8G       3.7G       134M       5.7M        20M       3.2G

MemTotal:        4016004 kB
MemFree:          136324 kB
Active:           346200 kB
Mem:          3.8G       3.7G       132M       5.7M        20M       3.2G

MemTotal:        4016004 kB
MemFree:          136372 kB
Active:           344080 kB
Mem:          3.8G       3.7G       132M       5.7M        20M       3.2G

MemTotal:        4016004 kB
MemFree:          134836 kB
Active:           344084 kB
Mem:          3.8G       3.7G       131M       5.7M        20M       3.2G

MemTotal:        4016004 kB
MemFree:          133384 kB
Active:           344116 kB
Mem:          3.8G       3.7G       129M       5.7M        20M       3.2G

MemTotal:        4016004 kB
MemFree:          131532 kB
Active:           344080 kB
Mem:          3.8G       3.7G       128M       5.7M        20M       3.2G

MemTotal:        4016004 kB
MemFree:          128188 kB
Active:           344096 kB
Mem:          3.8G       3.7G       124M       5.7M        20M       3.2G

MemTotal:        4016004 kB
MemFree:          127352 kB
Active:           346140 kB
Mem:          3.8G       3.7G       124M       5.7M        20M       3.3G

MemTotal:        4016004 kB
MemFree:          145884 kB
Active:           345376 kB
Mem:          3.8G       3.7G       141M       5.7M        20M       3.2G

MemTotal:        4016004 kB
MemFree:          140776 kB
Active:           345380 kB
Mem:          3.8G       3.7G       137M       5.7M        20M       3.2G

MemTotal:        4016004 kB
MemFree:          137780 kB
Active:           345380 kB
Mem:          3.8G       3.7G       134M       5.7M        20M       3.2G

MemTotal:        4016004 kB
MemFree:          127244 kB
Active:           341872 kB
Mem:          3.8G       3.7G       124M       5.7M        20M       3.2G

MemTotal:        4016004 kB
MemFree:          120212 kB
Active:           341740 kB
Mem:          3.8G       3.7G       117M       5.7M        20M       3.3G

MemTotal:        4016004 kB
MemFree:          149532 kB
Active:           341740 kB
Mem:          3.8G       3.7G       146M       5.7M        20M       3.2G

MemTotal:        4016004 kB
MemFree:          147276 kB
Active:           341752 kB
Mem:          3.8G       3.7G       143M       5.7M        20M       3.2G

MemTotal:        4016004 kB
MemFree:          147000 kB
Active:           341740 kB
Mem:          3.8G       3.7G       143M       5.7M        20M       3.2G

MemTotal:        4016004 kB
MemFree:          147036 kB
Active:           341736 kB
Mem:          3.8G       3.7G       143M       5.7M        20M       3.2G

MemTotal:        4016004 kB
MemFree:          147224 kB
Active:           341748 kB
Mem:          3.8G       3.7G       143M       5.7M        20M       3.2G

MemTotal:        4016004 kB
MemFree:          146100 kB
Active:           341712 kB
Mem:          3.8G       3.7G       142M       5.7M        20M       3.2G

MemTotal:        4016004 kB
MemFree:          134052 kB
Active:           341772 kB
Mem:          3.8G       3.7G       130M       5.7M        20M       3.2G

MemTotal:        4016004 kB
MemFree:          132712 kB
Active:           341772 kB
Mem:          3.8G       3.7G       129M       5.7M        20M       3.2G

MemTotal:        4016004 kB
MemFree:          132280 kB
Active:           341780 kB
Mem:          3.8G       3.7G       128M       5.7M        20M       3.2G

MemTotal:        4016004 kB
MemFree:          130900 kB
Active:           341800 kB
Mem:          3.8G       3.7G       127M       5.7M        20M       3.2G

MemTotal:        4016004 kB
MemFree:          126292 kB
Active:           341776 kB
Mem:          3.8G       3.7G       122M       5.7M        20M       3.2G

MemTotal:        4016004 kB
MemFree:          135308 kB
Active:           341804 kB
Mem:          3.8G       3.7G       131M       5.7M        20M       3.2G

MemTotal:        4016004 kB
MemFree:          112472 kB
Active:           341804 kB
Mem:          3.8G       3.7G       109M       5.7M        20M       3.3G

MemTotal:        4016004 kB
MemFree:          129324 kB
Active:           341664 kB
Mem:          3.8G       3.7G       125M       5.7M        20M       3.2G

MemTotal:        4016004 kB
MemFree:          120384 kB
Active:           341560 kB
Mem:          3.8G       3.7G       117M       5.7M        20M       3.3G

MemTotal:        4016004 kB
MemFree:          129160 kB
Active:           341612 kB
Mem:          3.8G       3.7G       125M       5.7M        20M       3.2G

MemTotal:        4016004 kB
MemFree:          120972 kB
Active:           341620 kB
Mem:          3.8G       3.7G       118M       5.7M        20M       3.3G

MemTotal:        4016004 kB
MemFree:          131908 kB
Active:           341644 kB
Mem:          3.8G       3.7G       128M       5.7M        20M       3.2G

MemTotal:        4016004 kB
MemFree:          134280 kB
Active:           341664 kB
Mem:          3.8G       3.7G       131M       5.7M        20M       3.2G

MemTotal:        4016004 kB
MemFree:          133492 kB
Active:           341704 kB
Mem:          3.8G       3.7G       130M       5.7M        20M       3.2G

MemTotal:        4016004 kB
MemFree:          132448 kB
Active:           341716 kB
Mem:          3.8G       3.7G       129M       5.7M        20M       3.2G

MemTotal:        4016004 kB
MemFree:          131584 kB
Active:           341716 kB
Mem:          3.8G       3.7G       128M       5.7M        20M       3.2G

MemTotal:        4016004 kB
MemFree:          130568 kB
Active:           341720 kB
Mem:          3.8G       3.7G       127M       5.7M        20M       3.2G

MemTotal:        4016004 kB
MemFree:          131124 kB
Active:           341788 kB
Mem:          3.8G       3.7G       127M       5.7M        20M       3.2G

MemTotal:        4016004 kB
MemFree:          124664 kB
Active:           341824 kB
Mem:          3.8G       3.7G       121M       5.7M        20M       3.2G

MemTotal:        4016004 kB
MemFree:          116556 kB
Active:           349192 kB
Mem:          3.8G       3.7G       113M       5.7M        28M       3.2G

MemTotal:        4016004 kB
MemFree:          116908 kB
Active:           348940 kB
Mem:          3.8G       3.7G       114M       5.7M        28M       3.2G

MemTotal:        4016004 kB
MemFree:          116660 kB
Active:           348988 kB
Mem:          3.8G       3.7G       113M       5.7M        28M       3.2G

MemTotal:        4016004 kB
MemFree:          117280 kB
Active:           348992 kB
Mem:          3.8G       3.7G       114M       5.7M        28M       3.2G

MemTotal:        4016004 kB
MemFree:          116908 kB
Active:           348996 kB
Mem:          3.8G       3.7G       114M       5.7M        28M       3.2G

MemTotal:        4016004 kB
MemFree:          117032 kB
Active:           348996 kB
Mem:          3.8G       3.7G       114M       5.7M        28M       3.2G

MemTotal:        4016004 kB
MemFree:          117404 kB
Active:           348948 kB
Mem:          3.8G       3.7G       114M       5.7M        28M       3.2G

MemTotal:        4016004 kB
MemFree:          117404 kB
Active:           348980 kB
Mem:          3.8G       3.7G       114M       5.7M        28M       3.2G

MemTotal:        4016004 kB
MemFree:          117156 kB
Active:           348996 kB
Mem:          3.8G       3.7G       114M       5.7M        28M       3.2G

MemTotal:        4016004 kB
MemFree:          117404 kB
Active:           348988 kB
Mem:          3.8G       3.7G       114M       5.7M        28M       3.2G

MemTotal:        4016004 kB
MemFree:          117528 kB
Active:           348980 kB
Mem:          3.8G       3.7G       114M       5.7M        28M       3.2G

MemTotal:        4016004 kB
MemFree:          116908 kB
Active:           348952 kB
Mem:          3.8G       3.7G       114M       5.7M        28M       3.2G

MemTotal:        4016004 kB
MemFree:          117156 kB
Active:           349008 kB
Mem:          3.8G       3.7G       114M       5.7M        28M       3.2G

MemTotal:        4016004 kB
MemFree:          117404 kB
Active:           348984 kB
Mem:          3.8G       3.7G       114M       5.7M        28M       3.2G

MemTotal:        4016004 kB
MemFree:          117652 kB
Active:           348972 kB
Mem:          3.8G       3.7G       114M       5.7M        28M       3.2G

MemTotal:        4016004 kB
MemFree:          117776 kB
Active:           348972 kB
Mem:          3.8G       3.7G       115M       5.7M        28M       3.2G

MemTotal:        4016004 kB
MemFree:          117528 kB
Active:           349012 kB
Mem:          3.8G       3.7G       114M       5.7M        28M       3.2G

MemTotal:        4016004 kB
MemFree:          117776 kB
Active:           348960 kB
Mem:          3.8G       3.7G       115M       5.7M        28M       3.2G

MemTotal:        4016004 kB
MemFree:          115356 kB
Active:           349012 kB
Mem:          3.8G       3.7G       112M       5.7M        28M       3.2G

MemTotal:        4016004 kB
MemFree:          115604 kB
Active:           351044 kB
Mem:          3.8G       3.7G       112M       5.7M        28M       3.2G

MemTotal:        4016004 kB
MemFree:          115356 kB
Active:           351080 kB
Mem:          3.8G       3.7G       112M       5.7M        28M       3.2G

MemTotal:        4016004 kB
MemFree:          115604 kB
Active:           351060 kB
Mem:          3.8G       3.7G       112M       5.7M        28M       3.2G

MemTotal:        4016004 kB
MemFree:          115232 kB
Active:           351080 kB
Mem:          3.8G       3.7G       112M       5.7M        28M       3.2G

MemTotal:        4016004 kB
MemFree:          115356 kB
Active:           351084 kB
Mem:          3.8G       3.7G       112M       5.7M        28M       3.2G

MemTotal:        4016004 kB
MemFree:          115604 kB
Active:           351064 kB
Mem:          3.8G       3.7G       112M       5.7M        28M       3.2G

MemTotal:        4016004 kB
MemFree:          115480 kB
Active:           351060 kB
Mem:          3.8G       3.7G       112M       5.7M        28M       3.2G

MemTotal:        4016004 kB
MemFree:          115232 kB
Active:           351084 kB
Mem:          3.8G       3.7G       112M       5.7M        28M       3.2G

MemTotal:        4016004 kB
MemFree:          115356 kB
Active:           351052 kB
Mem:          3.8G       3.7G       112M       5.7M        28M       3.2G

MemTotal:        4016004 kB
MemFree:          115488 kB
Active:           351048 kB
Mem:          3.8G       3.7G       112M       5.7M        28M       3.2G

MemTotal:        4016004 kB
MemFree:          115200 kB
Active:           351084 kB
Mem:          3.8G       3.7G       112M       5.7M        28M       3.2G

MemTotal:        4016004 kB
MemFree:          114664 kB
Active:           351096 kB
Mem:          3.8G       3.7G       112M       5.7M        28M       3.2G

MemTotal:        4016004 kB
MemFree:          115188 kB
Active:           351096 kB
Mem:          3.8G       3.7G       112M       5.7M        28M       3.2G

MemTotal:        4016004 kB
MemFree:          114944 kB
Active:           351104 kB
Mem:          3.8G       3.7G       112M       5.7M        28M       3.2G

MemTotal:        4016004 kB
MemFree:          115164 kB
Active:           351076 kB
Mem:          3.8G       3.7G       112M       5.7M        28M       3.2G

MemTotal:        4016004 kB
MemFree:          115288 kB
Active:           351080 kB
Mem:          3.8G       3.7G       112M       5.7M        28M       3.2G

MemTotal:        4016004 kB
MemFree:          115288 kB
Active:           351072 kB
Mem:          3.8G       3.7G       112M       5.7M        28M       3.2G

MemTotal:        4016004 kB
MemFree:          115040 kB
Active:           351128 kB
Mem:          3.8G       3.7G       112M       5.7M        28M       3.2G

MemTotal:        4016004 kB
MemFree:          115164 kB
Active:           351096 kB
Mem:          3.8G       3.7G       112M       5.7M        28M       3.2G

MemTotal:        4016004 kB
MemFree:          115164 kB
Active:           351092 kB
Mem:          3.8G       3.7G       112M       5.7M        28M       3.2G

MemTotal:        4016004 kB
MemFree:          115288 kB
Active:           351128 kB
Mem:          3.8G       3.7G       112M       5.7M        28M       3.2G

MemTotal:        4016004 kB
MemFree:          115412 kB
Active:           351124 kB
Mem:          3.8G       3.7G       112M       5.7M        28M       3.2G

MemTotal:        4016004 kB
MemFree:          115412 kB
Active:           351132 kB
Mem:          3.8G       3.7G       112M       5.7M        28M       3.2G

MemTotal:        4016004 kB
MemFree:          115412 kB
Active:           351120 kB
Mem:          3.8G       3.7G       112M       5.7M        28M       3.2G

MemTotal:        4016004 kB
MemFree:          115412 kB
Active:           351108 kB
Mem:          3.8G       3.7G       112M       5.7M        28M       3.2G

MemTotal:        4016004 kB
MemFree:          115164 kB
Active:           351132 kB
Mem:          3.8G       3.7G       112M       5.7M        28M       3.2G

MemTotal:        4016004 kB
MemFree:          115288 kB
Active:           351120 kB
Mem:          3.8G       3.7G       112M       5.7M        28M       3.2G

MemTotal:        4016004 kB
MemFree:          114792 kB
Active:           351140 kB
Mem:          3.8G       3.7G       112M       5.7M        28M       3.2G

MemTotal:        4016004 kB
MemFree:          114916 kB
Active:           351140 kB
Mem:          3.8G       3.7G       112M       5.7M        28M       3.2G

MemTotal:        4016004 kB
MemFree:          115412 kB
Active:           351128 kB
Mem:          3.8G       3.7G       112M       5.7M        28M       3.2G

MemTotal:        4016004 kB
MemFree:          115536 kB
Active:           351116 kB
Mem:          3.8G       3.7G       112M       5.7M        28M       3.2G

MemTotal:        4016004 kB
MemFree:          115164 kB
Active:           351156 kB
Mem:          3.8G       3.7G       112M       5.7M        28M       3.2G

MemTotal:        4016004 kB
MemFree:          115412 kB
Active:           351156 kB
Mem:          3.8G       3.7G       112M       5.7M        28M       3.2G

MemTotal:        4016004 kB
MemFree:          115412 kB
Active:           351156 kB
Mem:          3.8G       3.7G       112M       5.7M        28M       3.2G

MemTotal:        4016004 kB
MemFree:          115412 kB
Active:           351112 kB
Mem:          3.8G       3.7G       112M       5.7M        28M       3.2G

MemTotal:        4016004 kB
MemFree:          115164 kB
Active:           351164 kB
Mem:          3.8G       3.7G       112M       5.7M        28M       3.2G

MemTotal:        4016004 kB
MemFree:          115660 kB
Active:           351116 kB
Mem:          3.8G       3.7G       113M       5.7M        28M       3.2G

MemTotal:        4016004 kB
MemFree:          115784 kB
Active:           351128 kB
Mem:          3.8G       3.7G       112M       5.7M        28M       3.2G

MemTotal:        4016004 kB
MemFree:          115412 kB
Active:           351164 kB
Mem:          3.8G       3.7G       112M       5.7M        28M       3.2G

MemTotal:        4016004 kB
MemFree:          115784 kB
Active:           351108 kB
Mem:          3.8G       3.7G       113M       5.7M        28M       3.2G

MemTotal:        4016004 kB
MemFree:          115784 kB
Active:           351116 kB
Mem:          3.8G       3.7G       113M       5.7M        28M       3.2G

MemTotal:        4016004 kB
MemFree:          115660 kB
Active:           351108 kB
Mem:          3.8G       3.7G       112M       5.7M        28M       3.2G

MemTotal:        4016004 kB
MemFree:          115412 kB
Active:           351168 kB
Mem:          3.8G       3.7G       112M       5.7M        28M       3.2G

MemTotal:        4016004 kB
MemFree:          115536 kB
Active:           351156 kB
Mem:          3.8G       3.7G       112M       5.7M        28M       3.2G

MemTotal:        4016004 kB
MemFree:          115660 kB
Active:           351156 kB
Mem:          3.8G       3.7G       112M       5.7M        28M       3.2G

MemTotal:        4016004 kB
MemFree:          115164 kB
Active:           351172 kB
Mem:          3.8G       3.7G       112M       5.7M        28M       3.2G

MemTotal:        4016004 kB
MemFree:          114916 kB
Active:           351172 kB
Mem:          3.8G       3.7G       112M       5.7M        28M       3.2G

MemTotal:        4016004 kB
MemFree:          115040 kB
Active:           351148 kB
Mem:          3.8G       3.7G       112M       5.7M        28M       3.2G

MemTotal:        4016004 kB
MemFree:          115040 kB
Active:           351160 kB
Mem:          3.8G       3.7G       112M       5.7M        28M       3.2G

MemTotal:        4016004 kB
MemFree:          115164 kB
Active:           351168 kB
Mem:          3.8G       3.7G       112M       5.7M        28M       3.2G

MemTotal:        4016004 kB
MemFree:          114544 kB
Active:           351188 kB
Mem:          3.8G       3.7G       112M       5.7M        28M       3.2G

MemTotal:        4016004 kB
MemFree:          114668 kB
Active:           351188 kB
Mem:          3.8G       3.7G       112M       5.7M        28M       3.2G

MemTotal:        4016004 kB
MemFree:          114668 kB
Active:           351188 kB
Mem:          3.8G       3.7G       111M       5.7M        28M       3.2G

MemTotal:        4016004 kB
MemFree:          114916 kB
Active:           351176 kB
Mem:          3.8G       3.7G       112M       5.7M        28M       3.2G

MemTotal:        4016004 kB
MemFree:          115040 kB
Active:           351136 kB
Mem:          3.8G       3.7G       112M       5.7M        28M       3.2G

MemTotal:        4016004 kB
MemFree:          115412 kB
Active:           351148 kB
Mem:          3.8G       3.7G       112M       5.7M        28M       3.2G

MemTotal:        4016004 kB
MemFree:          115288 kB
Active:           351196 kB
Mem:          3.8G       3.7G       112M       5.7M        28M       3.2G

MemTotal:        4016004 kB
MemFree:          115288 kB
Active:           351180 kB
Mem:          3.8G       3.7G       112M       5.7M        28M       3.2G

MemTotal:        4016004 kB
MemFree:          115412 kB
Active:           351160 kB
Mem:          3.8G       3.7G       112M       5.7M        28M       3.2G

MemTotal:        4016004 kB
MemFree:          115412 kB
Active:           351144 kB
Mem:          3.8G       3.7G       112M       5.7M        28M       3.2G

MemTotal:        4016004 kB
MemFree:          115536 kB
Active:           351144 kB
Mem:          3.8G       3.7G       112M       5.7M        28M       3.2G

MemTotal:        4016004 kB
MemFree:          115412 kB
Active:           351180 kB
Mem:          3.8G       3.7G       112M       5.7M        28M       3.2G

MemTotal:        4016004 kB
MemFree:          115660 kB
Active:           351168 kB
Mem:          3.8G       3.7G       112M       5.7M        28M       3.2G

MemTotal:        4016004 kB
MemFree:          114916 kB
Active:           351200 kB
Mem:          3.8G       3.7G       112M       5.7M        28M       3.2G

MemTotal:        4016004 kB
MemFree:          114668 kB
Active:           351200 kB
Mem:          3.8G       3.7G       111M       5.7M        28M       3.2G

MemTotal:        4016004 kB
MemFree:          115164 kB
Active:           351176 kB
Mem:          3.8G       3.7G       111M       5.7M        28M       3.2G

MemTotal:        4016004 kB
MemFree:          114544 kB
Active:           351208 kB
Mem:          3.8G       3.7G       111M       5.7M        28M       3.2G

MemTotal:        4016004 kB
MemFree:          114792 kB
Active:           351196 kB
Mem:          3.8G       3.7G       111M       5.7M        28M       3.2G

MemTotal:        4016004 kB
MemFree:          114420 kB
Active:           351208 kB
Mem:          3.8G       3.7G       111M       5.7M        28M       3.2G

MemTotal:        4016004 kB
MemFree:          114420 kB
Active:           351208 kB
Mem:          3.8G       3.7G       111M       5.7M        28M       3.2G

MemTotal:        4016004 kB
MemFree:          114916 kB
Active:           351188 kB
Mem:          3.8G       3.7G       111M       5.7M        28M       3.2G

MemTotal:        4016004 kB
MemFree:          114792 kB
Active:           351172 kB
Mem:          3.8G       3.7G       112M       5.7M        28M       3.2G

MemTotal:        4016004 kB
MemFree:          115288 kB
Active:           351168 kB
Mem:          3.8G       3.7G       112M       5.7M        28M       3.2G

MemTotal:        4016004 kB
MemFree:          114916 kB
Active:           351212 kB
Mem:          3.8G       3.7G       112M       5.7M        28M       3.2G

MemTotal:        4016004 kB
MemFree:          114916 kB
Active:           351188 kB
Mem:          3.8G       3.7G       112M       5.7M        28M       3.2G

MemTotal:        4016004 kB
MemFree:          115164 kB
Active:           351160 kB
Mem:          3.8G       3.7G       112M       5.7M        28M       3.2G

MemTotal:        4016004 kB
MemFree:          115164 kB
Active:           351208 kB
Mem:          3.8G       3.7G       112M       5.7M        28M       3.2G

MemTotal:        4016004 kB
MemFree:          115164 kB
Active:           351192 kB
Mem:          3.8G       3.7G       112M       5.7M        28M       3.2G

MemTotal:        4016004 kB
MemFree:          115288 kB
Active:           351176 kB
Mem:          3.8G       3.7G       112M       5.7M        28M       3.2G

MemTotal:        4016004 kB
MemFree:          115288 kB
Active:           351176 kB
Mem:          3.8G       3.7G       112M       5.7M        28M       3.2G

MemTotal:        4016004 kB
MemFree:          114916 kB
Active:           351228 kB
Mem:          3.8G       3.7G       112M       5.7M        28M       3.2G

MemTotal:        4016004 kB
MemFree:          114544 kB
Active:           351228 kB
Mem:          3.8G       3.7G       112M       5.7M        28M       3.2G

MemTotal:        4016004 kB
MemFree:          115040 kB
Active:           351212 kB
Mem:          3.8G       3.7G       112M       5.7M        28M       3.2G

MemTotal:        4016004 kB
MemFree:          114544 kB
Active:           351232 kB
Mem:          3.8G       3.7G       111M       5.7M        28M       3.2G

MemTotal:        4016004 kB
MemFree:          115040 kB
Active:           351188 kB
Mem:          3.8G       3.7G       112M       5.7M        28M       3.2G

MemTotal:        4016004 kB
MemFree:          115040 kB
Active:           351184 kB
Mem:          3.8G       3.7G       112M       5.7M        28M       3.2G

MemTotal:        4016004 kB
MemFree:          115288 kB
Active:           351220 kB
Mem:          3.8G       3.7G       112M       5.7M        28M       3.2G

MemTotal:        4016004 kB
MemFree:          115288 kB
Active:           351204 kB
Mem:          3.8G       3.7G       112M       5.7M        28M       3.2G

MemTotal:        4016004 kB
MemFree:          115412 kB
Active:           351240 kB
Mem:          3.8G       3.7G       112M       5.7M        28M       3.2G

MemTotal:        4016004 kB
MemFree:          115008 kB
Active:           351348 kB
Mem:          3.8G       3.7G       112M       5.7M        28M       3.2G

MemTotal:        4016004 kB
MemFree:          115040 kB
Active:           351244 kB
Mem:          3.8G       3.7G       112M       5.7M        28M       3.2G

MemTotal:        4016004 kB
MemFree:          114916 kB
Active:           351244 kB
Mem:          3.8G       3.7G       111M       5.7M        28M       3.2G

MemTotal:        4016004 kB
MemFree:          115040 kB
Active:           351272 kB
Mem:          3.8G       3.7G       112M       5.7M        28M       3.2G

MemTotal:        4016004 kB
MemFree:          114916 kB
Active:           351276 kB
Mem:          3.8G       3.7G       112M       5.7M        28M       3.2G

MemTotal:        4016004 kB
MemFree:          115040 kB
Active:           351276 kB
Mem:          3.8G       3.7G       112M       5.7M        28M       3.2G

MemTotal:        4016004 kB
MemFree:          114544 kB
Active:           351308 kB
Mem:          3.8G       3.7G       112M       5.7M        28M       3.2G

MemTotal:        4016004 kB
MemFree:          115164 kB
Active:           351256 kB
Mem:          3.8G       3.7G       112M       5.7M        28M       3.2G

MemTotal:        4016004 kB
MemFree:          114792 kB
Active:           351308 kB
Mem:          3.8G       3.7G       112M       5.7M        28M       3.2G

MemTotal:        4016004 kB
MemFree:          115288 kB
Active:           351300 kB
Mem:          3.8G       3.7G       112M       5.7M        28M       3.2G

MemTotal:        4016004 kB
MemFree:          115288 kB
Active:           351304 kB
Mem:          3.8G       3.7G       112M       5.7M        28M       3.2G

MemTotal:        4016004 kB
MemFree:          115040 kB
Active:           351252 kB
Mem:          3.8G       3.7G       112M       5.7M        28M       3.2G

MemTotal:        4016004 kB
MemFree:          114792 kB
Active:           351316 kB
Mem:          3.8G       3.7G       112M       5.7M        28M       3.2G

MemTotal:        4016004 kB
MemFree:          114792 kB
Active:           351316 kB
Mem:          3.8G       3.7G       111M       5.7M        28M       3.2G

MemTotal:        4016004 kB
MemFree:          114916 kB
Active:           351272 kB
Mem:          3.8G       3.7G       112M       5.7M        28M       3.2G

MemTotal:        4016004 kB
MemFree:          114668 kB
Active:           351316 kB
Mem:          3.8G       3.7G       111M       5.7M        28M       3.2G

MemTotal:        4016004 kB
MemFree:          114916 kB
Active:           351276 kB
Mem:          3.8G       3.7G       111M       5.7M        28M       3.2G

MemTotal:        4016004 kB
MemFree:          114544 kB
Active:           351324 kB
Mem:          3.8G       3.7G       112M       5.7M        28M       3.2G

MemTotal:        4016004 kB
MemFree:          115164 kB
Active:           351304 kB
Mem:          3.8G       3.7G       112M       5.7M        28M       3.2G

MemTotal:        4016004 kB
MemFree:          114668 kB
Active:           351324 kB
Mem:          3.8G       3.7G       112M       5.7M        28M       3.2G

MemTotal:        4016004 kB
MemFree:          114792 kB
Active:           351324 kB
Mem:          3.8G       3.7G       112M       5.7M        28M       3.2G

MemTotal:        4016004 kB
MemFree:          115164 kB
Active:           351320 kB
Mem:          3.8G       3.7G       112M       5.7M        28M       3.2G

MemTotal:        4016004 kB
MemFree:          115288 kB
Active:           351276 kB
Mem:          3.8G       3.7G       112M       5.7M        28M       3.2G

MemTotal:        4016004 kB
MemFree:          115412 kB
Active:           351288 kB
Mem:          3.8G       3.7G       112M       5.7M        28M       3.2G

MemTotal:        4016004 kB
MemFree:          115412 kB
Active:           351296 kB
Mem:          3.8G       3.7G       112M       5.7M        28M       3.2G

MemTotal:        4016004 kB
MemFree:          115412 kB
Active:           351304 kB
Mem:          3.8G       3.7G       112M       5.7M        28M       3.2G

MemTotal:        4016004 kB
MemFree:          114916 kB
Active:           351344 kB
Mem:          3.8G       3.7G       112M       5.7M        28M       3.2G

MemTotal:        4016004 kB
MemFree:          114544 kB
Active:           351344 kB
Mem:          3.8G       3.7G       111M       5.7M        28M       3.2G

MemTotal:        4016004 kB
MemFree:          115288 kB
Active:           351288 kB
Mem:          3.8G       3.7G       112M       5.7M        28M       3.2G

MemTotal:        4016004 kB
MemFree:          115288 kB
Active:           351304 kB
Mem:          3.8G       3.7G       112M       5.7M        28M       3.2G

MemTotal:        4016004 kB
MemFree:          114916 kB
Active:           351344 kB
Mem:          3.8G       3.7G       112M       5.7M        28M       3.2G

MemTotal:        4016004 kB
MemFree:          115040 kB
Active:           351340 kB
Mem:          3.8G       3.7G       112M       5.7M        28M       3.2G

MemTotal:        4016004 kB
MemFree:          114916 kB
Active:           351344 kB
Mem:          3.8G       3.7G       112M       5.7M        28M       3.2G

MemTotal:        4016004 kB
MemFree:          114668 kB
Active:           351352 kB
Mem:          3.8G       3.7G       111M       5.7M        28M       3.2G

MemTotal:        4016004 kB
MemFree:          114668 kB
Active:           351324 kB
Mem:          3.8G       3.7G       111M       5.7M        28M       3.2G

MemTotal:        4016004 kB
MemFree:          114544 kB
Active:           351336 kB
Mem:          3.8G       3.7G       111M       5.7M        28M       3.2G

MemTotal:        4016004 kB
MemFree:          114296 kB
Active:           351352 kB
Mem:          3.8G       3.7G       111M       5.7M        28M       3.2G

MemTotal:        4016004 kB
MemFree:          114420 kB
Active:           351352 kB
Mem:          3.8G       3.7G       111M       5.7M        28M       3.2G

MemTotal:        4016004 kB
MemFree:          114420 kB
Active:           351308 kB
Mem:          3.8G       3.7G       111M       5.7M        28M       3.2G

MemTotal:        4016004 kB
MemFree:          114544 kB
Active:           351320 kB
Mem:          3.8G       3.7G       112M       5.7M        28M       3.2G

MemTotal:        4016004 kB
MemFree:          114668 kB
Active:           351360 kB
Mem:          3.8G       3.7G       112M       5.7M        28M       3.2G

MemTotal:        4016004 kB
MemFree:          115164 kB
Active:           351356 kB
Mem:          3.8G       3.7G       112M       5.7M        28M       3.2G

MemTotal:        4016004 kB
MemFree:          115164 kB
Active:           351328 kB
Mem:          3.8G       3.7G       112M       5.7M        28M       3.2G

MemTotal:        4016004 kB
MemFree:          114792 kB
Active:           351364 kB
Mem:          3.8G       3.7G       112M       5.7M        28M       3.2G

MemTotal:        4016004 kB
MemFree:          115164 kB
Active:           351360 kB
Mem:          3.8G       3.7G       112M       5.7M        28M       3.2G

MemTotal:        4016004 kB
MemFree:          114792 kB
Active:           351372 kB
Mem:          3.8G       3.7G       112M       5.7M        28M       3.2G

MemTotal:        4016004 kB
MemFree:          114792 kB
Active:           351352 kB
Mem:          3.8G       3.7G       112M       5.7M        28M       3.2G

MemTotal:        4016004 kB
MemFree:          114916 kB
Active:           351352 kB
Mem:          3.8G       3.7G       112M       5.7M        28M       3.2G

MemTotal:        4016004 kB
MemFree:          114668 kB
Active:           351376 kB
Mem:          3.8G       3.7G       111M       5.7M        28M       3.2G

MemTotal:        4016004 kB
MemFree:          114792 kB
Active:           351340 kB
Mem:          3.8G       3.7G       111M       5.7M        28M       3.2G

MemTotal:        4016004 kB
MemFree:          114420 kB
Active:           351380 kB
Mem:          3.8G       3.7G       111M       5.7M        28M       3.2G

MemTotal:        4016004 kB
MemFree:          114916 kB
Active:           351384 kB
Mem:          3.8G       3.7G       112M       5.7M        28M       3.2G

MemTotal:        4016004 kB
MemFree:          114916 kB
Active:           351332 kB
Mem:          3.8G       3.7G       112M       5.7M        28M       3.2G

MemTotal:        4016004 kB
MemFree:          114916 kB
Active:           351336 kB
Mem:          3.8G       3.7G       112M       5.7M        28M       3.2G

MemTotal:        4016004 kB
MemFree:          114544 kB
Active:           351392 kB
Mem:          3.8G       3.7G       112M       5.7M        28M       3.2G

MemTotal:        4016004 kB
MemFree:          114420 kB
Active:           351392 kB
Mem:          3.8G       3.7G       111M       5.7M        28M       3.2G

MemTotal:        4016004 kB
MemFree:          114792 kB
Active:           351360 kB
Mem:          3.8G       3.7G       112M       5.7M        28M       3.2G

MemTotal:        4016004 kB
MemFree:          115040 kB
Active:           351372 kB
Mem:          3.8G       3.7G       112M       5.7M        28M       3.2G

MemTotal:        4016004 kB
MemFree:          115288 kB
Active:           351396 kB
Mem:          3.8G       3.7G       112M       5.7M        28M       3.2G

MemTotal:        4016004 kB
MemFree:          114668 kB
Active:           351408 kB
Mem:          3.8G       3.7G       111M       5.7M        28M       3.2G

MemTotal:        4016004 kB
MemFree:          114916 kB
Active:           351352 kB
Mem:          3.8G       3.7G       112M       5.7M        28M       3.2G

MemTotal:        4016004 kB
MemFree:          114420 kB
Active:           351412 kB
Mem:          3.8G       3.7G       111M       5.7M        28M       3.2G

MemTotal:        4016004 kB
MemFree:          114420 kB
Active:           351412 kB
Mem:          3.8G       3.7G       111M       5.7M        28M       3.2G

MemTotal:        4016004 kB
MemFree:          114668 kB
Active:           351408 kB
Mem:          3.8G       3.7G       112M       5.7M        28M       3.2G

MemTotal:        4016004 kB
MemFree:          114296 kB
Active:           351420 kB
Mem:          3.8G       3.7G       111M       5.7M        28M       3.2G

MemTotal:        4016004 kB
MemFree:          114668 kB
Active:           351408 kB
Mem:          3.8G       3.7G       112M       5.7M        28M       3.2G

MemTotal:        4016004 kB
MemFree:          115164 kB
Active:           351412 kB
Mem:          3.8G       3.7G       112M       5.7M        28M       3.2G

MemTotal:        4016004 kB
MemFree:          115164 kB
Active:           351392 kB
Mem:          3.8G       3.7G       112M       5.7M        28M       3.2G

MemTotal:        4016004 kB
MemFree:          114792 kB
Active:           351376 kB
Mem:          3.8G       3.7G       111M       5.7M        28M       3.2G

MemTotal:        4016004 kB
MemFree:          114668 kB
Active:           351420 kB
Mem:          3.8G       3.7G       111M       5.7M        28M       3.2G

MemTotal:        4016004 kB
MemFree:          113924 kB
Active:           351424 kB
Mem:          3.8G       3.7G       111M       5.7M        28M       3.2G

MemTotal:        4016004 kB
MemFree:          114420 kB
Active:           351384 kB
Mem:          3.8G       3.7G       111M       5.7M        28M       3.2G

MemTotal:        4016004 kB
MemFree:          114172 kB
Active:           351424 kB
Mem:          3.8G       3.7G       111M       5.7M        28M       3.2G

MemTotal:        4016004 kB
MemFree:          114172 kB
Active:           351432 kB
Mem:          3.8G       3.7G       111M       5.7M        28M       3.2G

MemTotal:        4016004 kB
MemFree:          114172 kB
Active:           351668 kB
Mem:          3.8G       3.7G       111M       5.7M        28M       3.2G

MemTotal:        4016004 kB
MemFree:          114544 kB
Active:           351584 kB
Mem:          3.8G       3.7G       112M       5.7M        28M       3.2G

