MemTotal:        4016004 kB
MemFree:         3224092 kB
Active:           435920 kB
Mem:          3.8G       773M       3.1G       5.7M        59M       321M

MemTotal:        4016004 kB
MemFree:         3223672 kB
Active:           436428 kB
Mem:          3.8G       773M       3.1G       5.7M        59M       321M

MemTotal:        4016004 kB
MemFree:         3223052 kB
Active:           436552 kB
Mem:          3.8G       774M       3.1G       5.7M        59M       321M

MemTotal:        4016004 kB
MemFree:         3223052 kB
Active:           436540 kB
Mem:          3.8G       774M       3.1G       5.7M        59M       321M

MemTotal:        4016004 kB
MemFree:         3223052 kB
Active:           436516 kB
Mem:          3.8G       774M       3.1G       5.7M        59M       321M

MemTotal:        4016004 kB
MemFree:         3223284 kB
Active:           436544 kB
Mem:          3.8G       774M       3.1G       5.7M        59M       321M

MemTotal:        4016004 kB
MemFree:         3223020 kB
Active:           436560 kB
Mem:          3.8G       773M       3.1G       5.7M        59M       321M

MemTotal:        4016004 kB
MemFree:         3223640 kB
Active:           436540 kB
Mem:          3.8G       773M       3.1G       5.7M        59M       321M

MemTotal:        4016004 kB
MemFree:         3223748 kB
Active:           436520 kB
Mem:          3.8G       773M       3.1G       5.7M        59M       321M

MemTotal:        4016004 kB
MemFree:         3223252 kB
Active:           436564 kB
Mem:          3.8G       774M       3.1G       5.7M        59M       321M

MemTotal:        4016004 kB
MemFree:         3223624 kB
Active:           436532 kB
Mem:          3.8G       773M       3.1G       5.7M        59M       321M

MemTotal:        4016004 kB
MemFree:         3223732 kB
Active:           436560 kB
Mem:          3.8G       773M       3.1G       5.7M        59M       321M

MemTotal:        4016004 kB
MemFree:         3224212 kB
Active:           436548 kB
Mem:          3.8G       773M       3.1G       5.7M        59M       321M

MemTotal:        4016004 kB
MemFree:         3224304 kB
Active:           436524 kB
Mem:          3.8G       773M       3.1G       5.7M        59M       321M

MemTotal:        4016004 kB
MemFree:         3224336 kB
Active:           436544 kB
Mem:          3.8G       772M       3.1G       5.7M        59M       321M

MemTotal:        4016004 kB
MemFree:         3224304 kB
Active:           436552 kB
Mem:          3.8G       773M       3.1G       5.7M        59M       321M

MemTotal:        4016004 kB
MemFree:         3224476 kB
Active:           436564 kB
Mem:          3.8G       773M       3.1G       5.7M        59M       321M

MemTotal:        4016004 kB
MemFree:         3223980 kB
Active:           436548 kB
Mem:          3.8G       773M       3.1G       5.7M        59M       321M

MemTotal:        4016004 kB
MemFree:         3224088 kB
Active:           436552 kB
Mem:          3.8G       773M       3.1G       5.7M        59M       321M

MemTotal:        4016004 kB
MemFree:         3223500 kB
Active:           436584 kB
Mem:          3.8G       773M       3.1G       5.7M        59M       321M

MemTotal:        4016004 kB
MemFree:         3223500 kB
Active:           436584 kB
Mem:          3.8G       774M       3.1G       5.7M        59M       321M

MemTotal:        4016004 kB
MemFree:         3223500 kB
Active:           436576 kB
Mem:          3.8G       774M       3.1G       5.7M        59M       321M

MemTotal:        4016004 kB
MemFree:         3223252 kB
Active:           436532 kB
Mem:          3.8G       773M       3.1G       5.7M        59M       321M

MemTotal:        4016004 kB
MemFree:         3223500 kB
Active:           436580 kB
Mem:          3.8G       774M       3.1G       5.7M        59M       321M

MemTotal:        4016004 kB
MemFree:         3223500 kB
Active:           436564 kB
Mem:          3.8G       773M       3.1G       5.7M        59M       321M

MemTotal:        4016004 kB
MemFree:         3223376 kB
Active:           436556 kB
Mem:          3.8G       774M       3.1G       5.7M        59M       321M

MemTotal:        4016004 kB
MemFree:         3223500 kB
Active:           436540 kB
Mem:          3.8G       774M       3.1G       5.7M        59M       321M

MemTotal:        4016004 kB
MemFree:         3223484 kB
Active:           436580 kB
Mem:          3.8G       773M       3.1G       5.7M        59M       321M

MemTotal:        4016004 kB
MemFree:         3223484 kB
Active:           436568 kB
Mem:          3.8G       773M       3.1G       5.7M        59M       321M

MemTotal:        4016004 kB
MemFree:         3223856 kB
Active:           436536 kB
Mem:          3.8G       773M       3.1G       5.7M        59M       321M

MemTotal:        4016004 kB
MemFree:         3223856 kB
Active:           436584 kB
Mem:          3.8G       773M       3.1G       5.7M        59M       321M

MemTotal:        4016004 kB
MemFree:         3223764 kB
Active:           436548 kB
Mem:          3.8G       773M       3.1G       5.7M        59M       321M

MemTotal:        4016004 kB
MemFree:         3223764 kB
Active:           436576 kB
Mem:          3.8G       773M       3.1G       5.7M        59M       321M

MemTotal:        4016004 kB
MemFree:         3221344 kB
Active:           436556 kB
Mem:          3.8G       776M       3.1G       5.7M        59M       321M

MemTotal:        4016004 kB
MemFree:         3221468 kB
Active:           438616 kB
Mem:          3.8G       775M       3.1G       5.7M        59M       321M

MemTotal:        4016004 kB
MemFree:         3221716 kB
Active:           438580 kB
Mem:          3.8G       775M       3.1G       5.7M        59M       321M

MemTotal:        4016004 kB
MemFree:         3221840 kB
Active:           438612 kB
Mem:          3.8G       775M       3.1G       5.7M        59M       321M

MemTotal:        4016004 kB
MemFree:         3221592 kB
Active:           438580 kB
Mem:          3.8G       775M       3.1G       5.7M        59M       321M

MemTotal:        4016004 kB
MemFree:         3221592 kB
Active:           438612 kB
Mem:          3.8G       775M       3.1G       5.7M        59M       321M

MemTotal:        4016004 kB
MemFree:         3221840 kB
Active:           438600 kB
Mem:          3.8G       775M       3.1G       5.7M        59M       321M

MemTotal:        4016004 kB
MemFree:         3221948 kB
Active:           438624 kB
Mem:          3.8G       775M       3.1G       5.7M        59M       321M

MemTotal:        4016004 kB
MemFree:         3221576 kB
Active:           438600 kB
Mem:          3.8G       775M       3.1G       5.7M        59M       321M

MemTotal:        4016004 kB
MemFree:         3221436 kB
Active:           438624 kB
Mem:          3.8G       775M       3.1G       5.7M        59M       321M

MemTotal:        4016004 kB
MemFree:         3220532 kB
Active:           436620 kB
Mem:          3.8G       776M       3.1G       5.7M        59M       321M

MemTotal:        4016004 kB
MemFree:         3220996 kB
Active:           438588 kB
Mem:          3.8G       776M       3.1G       5.7M        59M       321M

MemTotal:        4016004 kB
MemFree:         3221476 kB
Active:           438592 kB
Mem:          3.8G       775M       3.1G       5.7M        59M       321M

MemTotal:        4016004 kB
MemFree:         3221212 kB
Active:           438612 kB
Mem:          3.8G       776M       3.1G       5.7M        59M       321M

MemTotal:        4016004 kB
MemFree:         3220964 kB
Active:           438612 kB
Mem:          3.8G       776M       3.1G       5.7M        59M       321M

MemTotal:        4016004 kB
MemFree:         3221088 kB
Active:           438608 kB
Mem:          3.8G       776M       3.1G       5.7M        59M       321M

MemTotal:        4016004 kB
MemFree:         3221168 kB
Active:           438620 kB
Mem:          3.8G       776M       3.1G       5.7M        59M       321M

MemTotal:        4016004 kB
MemFree:         3221416 kB
Active:           438620 kB
Mem:          3.8G       776M       3.1G       5.7M        59M       321M

MemTotal:        4016004 kB
MemFree:         3221416 kB
Active:           438616 kB
Mem:          3.8G       775M       3.1G       5.7M        59M       321M

MemTotal:        4016004 kB
MemFree:         3221788 kB
Active:           438652 kB
Mem:          3.8G       775M       3.1G       5.7M        59M       321M

MemTotal:        4016004 kB
MemFree:         3222284 kB
Active:           438624 kB
Mem:          3.8G       775M       3.1G       5.7M        59M       321M

MemTotal:        4016004 kB
MemFree:         3222276 kB
Active:           438664 kB
Mem:          3.8G       775M       3.1G       5.7M        59M       321M

MemTotal:        4016004 kB
MemFree:         3222276 kB
Active:           438612 kB
Mem:          3.8G       775M       3.1G       5.7M        59M       321M

MemTotal:        4016004 kB
MemFree:         3222152 kB
Active:           438652 kB
Mem:          3.8G       775M       3.1G       5.7M        59M       321M

MemTotal:        4016004 kB
MemFree:         3221780 kB
Active:           438656 kB
Mem:          3.8G       775M       3.1G       5.7M        59M       321M

MemTotal:        4016004 kB
MemFree:         3221828 kB
Active:           438676 kB
Mem:          3.8G       775M       3.1G       5.7M        59M       321M

MemTotal:        4016004 kB
MemFree:         3222076 kB
Active:           438656 kB
Mem:          3.8G       775M       3.1G       5.7M        59M       321M

MemTotal:        4016004 kB
MemFree:         3221952 kB
Active:           438636 kB
Mem:          3.8G       775M       3.1G       5.7M        59M       321M

MemTotal:        4016004 kB
MemFree:         3221704 kB
Active:           438668 kB
Mem:          3.8G       775M       3.1G       5.7M        59M       321M

MemTotal:        4016004 kB
MemFree:         3222076 kB
Active:           438644 kB
Mem:          3.8G       775M       3.1G       5.7M        59M       321M

MemTotal:        4016004 kB
MemFree:         3220548 kB
Active:           436872 kB
Mem:          3.8G       776M       3.1G       5.7M        59M       321M

MemTotal:        4016004 kB
MemFree:         3220656 kB
Active:           438792 kB
Mem:          3.8G       776M       3.1G       5.7M        59M       321M

MemTotal:        4016004 kB
MemFree:         3220888 kB
Active:           438820 kB
Mem:          3.8G       776M       3.1G       5.7M        59M       321M

MemTotal:        4016004 kB
MemFree:         3221492 kB
Active:           438780 kB
Mem:          3.8G       776M       3.1G       5.7M        59M       321M

MemTotal:        4016004 kB
MemFree:         3221616 kB
Active:           438804 kB
Mem:          3.8G       776M       3.1G       5.7M        59M       321M

MemTotal:        4016004 kB
MemFree:         3221352 kB
Active:           438812 kB
Mem:          3.8G       775M       3.1G       5.7M        59M       321M

MemTotal:        4016004 kB
MemFree:         3221600 kB
Active:           438788 kB
Mem:          3.8G       775M       3.1G       5.7M        59M       321M

MemTotal:        4016004 kB
MemFree:         3221336 kB
Active:           438832 kB
Mem:          3.8G       775M       3.1G       5.7M        59M       321M

MemTotal:        4016004 kB
MemFree:         3221444 kB
Active:           438788 kB
Mem:          3.8G       776M       3.1G       5.7M        59M       321M

MemTotal:        4016004 kB
MemFree:         3221428 kB
Active:           438820 kB
Mem:          3.8G       776M       3.1G       5.7M        59M       321M

MemTotal:        4016004 kB
MemFree:         3219380 kB
Active:           438776 kB
Mem:          3.8G       777M       3.1G       5.7M        59M       321M

MemTotal:        4016004 kB
MemFree:         3219132 kB
Active:           440808 kB
Mem:          3.8G       778M       3.1G       5.7M        59M       321M

MemTotal:        4016004 kB
MemFree:         3218868 kB
Active:           440856 kB
Mem:          3.8G       778M       3.1G       5.7M        59M       321M

MemTotal:        4016004 kB
MemFree:         3219612 kB
Active:           440808 kB
Mem:          3.8G       778M       3.1G       5.7M        59M       321M

MemTotal:        4016004 kB
MemFree:         3219488 kB
Active:           440836 kB
Mem:          3.8G       777M       3.1G       5.7M        59M       321M

MemTotal:        4016004 kB
MemFree:         3219472 kB
Active:           440852 kB
Mem:          3.8G       778M       3.1G       5.7M        59M       321M

MemTotal:        4016004 kB
MemFree:         3219472 kB
Active:           440816 kB
Mem:          3.8G       777M       3.1G       5.7M        59M       321M

MemTotal:        4016004 kB
MemFree:         3219440 kB
Active:           440820 kB
Mem:          3.8G       777M       3.1G       5.7M        59M       321M

MemTotal:        4016004 kB
MemFree:         3219192 kB
Active:           440864 kB
Mem:          3.8G       777M       3.1G       5.7M        59M       321M

MemTotal:        4016004 kB
MemFree:         3219516 kB
Active:           440828 kB
Mem:          3.8G       778M       3.1G       5.7M        59M       321M

MemTotal:        4016004 kB
MemFree:         3218508 kB
Active:           438840 kB
Mem:          3.8G       778M       3.1G       5.7M        59M       321M

MemTotal:        4016004 kB
MemFree:         3219112 kB
Active:           440860 kB
Mem:          3.8G       778M       3.1G       5.7M        59M       321M

MemTotal:        4016004 kB
MemFree:         3219484 kB
Active:           440852 kB
Mem:          3.8G       777M       3.1G       5.7M        59M       321M

MemTotal:        4016004 kB
MemFree:         3219344 kB
Active:           440884 kB
Mem:          3.8G       777M       3.1G       5.7M        59M       321M

MemTotal:        4016004 kB
MemFree:         3218848 kB
Active:           440856 kB
Mem:          3.8G       778M       3.1G       5.7M        59M       321M

MemTotal:        4016004 kB
MemFree:         3218724 kB
Active:           440888 kB
Mem:          3.8G       778M       3.1G       5.7M        59M       321M

MemTotal:        4016004 kB
MemFree:         3218832 kB
Active:           440848 kB
Mem:          3.8G       778M       3.1G       5.7M        59M       321M

MemTotal:        4016004 kB
MemFree:         3218816 kB
Active:           440868 kB
Mem:          3.8G       778M       3.1G       5.7M        59M       321M

MemTotal:        4016004 kB
MemFree:         3218848 kB
Active:           440904 kB
Mem:          3.8G       778M       3.1G       5.7M        59M       321M

MemTotal:        4016004 kB
MemFree:         3218244 kB
Active:           438984 kB
Mem:          3.8G       778M       3.1G       5.7M        59M       321M

MemTotal:        4016004 kB
MemFree:         3218428 kB
Active:           440908 kB
Mem:          3.8G       778M       3.1G       5.7M        59M       321M

MemTotal:        4016004 kB
MemFree:         3218304 kB
Active:           440908 kB
Mem:          3.8G       778M       3.1G       5.7M        59M       321M

MemTotal:        4016004 kB
MemFree:         3218800 kB
Active:           440884 kB
Mem:          3.8G       778M       3.1G       5.7M        59M       321M

MemTotal:        4016004 kB
MemFree:         3219048 kB
Active:           440904 kB
Mem:          3.8G       778M       3.1G       5.7M        59M       321M

MemTotal:        4016004 kB
MemFree:         3219048 kB
Active:           440896 kB
Mem:          3.8G       778M       3.1G       5.7M        59M       321M

MemTotal:        4016004 kB
MemFree:         3219296 kB
Active:           440892 kB
Mem:          3.8G       778M       3.1G       5.7M        59M       321M

MemTotal:        4016004 kB
MemFree:         3218800 kB
Active:           440920 kB
Mem:          3.8G       778M       3.1G       5.7M        59M       321M

MemTotal:        4016004 kB
MemFree:         3219016 kB
Active:           441040 kB
Mem:          3.8G       778M       3.1G       5.7M        59M       321M

MemTotal:        4016004 kB
MemFree:         3175504 kB
Active:           441240 kB
Mem:          3.8G       820M       3.0G       5.7M        59M       363M

MemTotal:        4016004 kB
MemFree:         3130632 kB
Active:           439216 kB
Mem:          3.8G       865M       3.0G       5.7M        59M       407M

MemTotal:        4016004 kB
MemFree:         3084620 kB
Active:           441216 kB
Mem:          3.8G       909M       2.9G       5.7M        59M       451M

MemTotal:        4016004 kB
MemFree:         3038892 kB
Active:           441244 kB
Mem:          3.8G       954M       2.9G       5.7M        59M       495M

MemTotal:        4016004 kB
MemFree:         2994280 kB
Active:           441248 kB
Mem:          3.8G       997M       2.9G       5.7M        59M       538M

MemTotal:        4016004 kB
MemFree:         2948412 kB
Active:           441252 kB
Mem:          3.8G       1.0G       2.8G       5.7M        59M       582M

MemTotal:        4016004 kB
MemFree:         2903800 kB
Active:           441252 kB
Mem:          3.8G       1.1G       2.8G       5.7M        59M       625M

MemTotal:        4016004 kB
MemFree:         2857868 kB
Active:           441244 kB
Mem:          3.8G       1.1G       2.7G       5.7M        59M       670M

MemTotal:        4016004 kB
MemFree:         2812680 kB
Active:           441196 kB
Mem:          3.8G       1.1G       2.7G       5.7M        59M       713M

MemTotal:        4016004 kB
MemFree:         2767172 kB
Active:           441212 kB
Mem:          3.8G       1.2G       2.6G       5.7M        59M       756M

MemTotal:        4016004 kB
MemFree:         2721900 kB
Active:           441264 kB
Mem:          3.8G       1.2G       2.6G       5.7M        59M       800M

MemTotal:        4016004 kB
MemFree:         2676100 kB
Active:           439360 kB
Mem:          3.8G       1.3G       2.6G       5.7M        59M       843M

MemTotal:        4016004 kB
MemFree:         2666076 kB
Active:           441236 kB
Mem:          3.8G       1.3G       2.5G       5.7M        59M       853M

MemTotal:        4016004 kB
MemFree:         2665056 kB
Active:           441284 kB
Mem:          3.8G       1.3G       2.5G       5.7M        59M       854M

MemTotal:        4016004 kB
MemFree:         2662584 kB
Active:           441336 kB
Mem:          3.8G       1.3G       2.5G       5.7M        59M       856M

MemTotal:        4016004 kB
MemFree:         2620004 kB
Active:           441296 kB
Mem:          3.8G       1.3G       2.5G       5.7M        59M       898M

MemTotal:        4016004 kB
MemFree:         2574544 kB
Active:           441348 kB
Mem:          3.8G       1.4G       2.5G       5.7M        59M       942M

MemTotal:        4016004 kB
MemFree:         2529544 kB
Active:           441324 kB
Mem:          3.8G       1.4G       2.4G       5.7M        59M       985M

MemTotal:        4016004 kB
MemFree:         2483660 kB
Active:           441368 kB
Mem:          3.8G       1.5G       2.4G       5.7M        59M       1.0G

MemTotal:        4016004 kB
MemFree:         2439420 kB
Active:           441324 kB
Mem:          3.8G       1.5G       2.3G       5.7M        59M       1.0G

MemTotal:        4016004 kB
MemFree:         2394280 kB
Active:           441356 kB
Mem:          3.8G       1.5G       2.3G       5.7M        59M       1.1G

MemTotal:        4016004 kB
MemFree:         2348056 kB
Active:           441380 kB
Mem:          3.8G       1.6G       2.2G       5.7M        59M       1.1G

MemTotal:        4016004 kB
MemFree:         2310528 kB
Active:           441352 kB
Mem:          3.8G       1.6G       2.2G       5.7M        59M       1.2G

MemTotal:        4016004 kB
MemFree:         2278656 kB
Active:           441388 kB
Mem:          3.8G       1.7G       2.2G       5.7M        59M       1.2G

MemTotal:        4016004 kB
MemFree:         2232900 kB
Active:           441388 kB
Mem:          3.8G       1.7G       2.1G       5.7M        59M       1.2G

MemTotal:        4016004 kB
MemFree:         2210184 kB
Active:           441348 kB
Mem:          3.8G       1.7G       2.1G       5.7M        59M       1.3G

MemTotal:        4016004 kB
MemFree:         2210076 kB
Active:           441388 kB
Mem:          3.8G       1.7G       2.1G       5.7M        59M       1.3G

MemTotal:        4016004 kB
MemFree:         2209740 kB
Active:           441388 kB
Mem:          3.8G       1.7G       2.1G       5.7M        59M       1.3G

MemTotal:        4016004 kB
MemFree:         2178516 kB
Active:           441440 kB
Mem:          3.8G       1.8G       2.1G       5.7M        59M       1.3G

MemTotal:        4016004 kB
MemFree:         2134448 kB
Active:           441400 kB
Mem:          3.8G       1.8G       2.0G       5.7M        59M       1.3G

MemTotal:        4016004 kB
MemFree:         2088380 kB
Active:           441428 kB
Mem:          3.8G       1.8G       2.0G       5.7M        59M       1.4G

MemTotal:        4016004 kB
MemFree:         2040728 kB
Active:           441452 kB
Mem:          3.8G       1.9G       1.9G       5.7M        59M       1.4G

MemTotal:        4016004 kB
MemFree:         1995356 kB
Active:           443436 kB
Mem:          3.8G       1.9G       1.9G       5.7M        59M       1.5G

MemTotal:        4016004 kB
MemFree:         1950712 kB
Active:           443468 kB
Mem:          3.8G       2.0G       1.9G       5.7M        59M       1.5G

MemTotal:        4016004 kB
MemFree:         1904596 kB
Active:           443436 kB
Mem:          3.8G       2.0G       1.8G       5.7M        59M       1.5G

MemTotal:        4016004 kB
MemFree:         1859412 kB
Active:           443488 kB
Mem:          3.8G       2.1G       1.8G       5.7M        59M       1.6G

MemTotal:        4016004 kB
MemFree:         1849560 kB
Active:           443500 kB
Mem:          3.8G       2.1G       1.8G       5.7M        59M       1.6G

MemTotal:        4016004 kB
MemFree:         1804840 kB
Active:           443484 kB
Mem:          3.8G       2.1G       1.7G       5.7M        59M       1.6G

MemTotal:        4016004 kB
MemFree:         1761096 kB
Active:           443504 kB
Mem:          3.8G       2.2G       1.7G       5.7M        59M       1.7G

MemTotal:        4016004 kB
MemFree:         1759172 kB
Active:           443548 kB
Mem:          3.8G       2.2G       1.7G       5.7M        59M       1.7G

MemTotal:        4016004 kB
MemFree:         1757344 kB
Active:           443580 kB
Mem:          3.8G       2.2G       1.7G       5.7M        59M       1.7G

MemTotal:        4016004 kB
MemFree:         1748140 kB
Active:           441636 kB
Mem:          3.8G       2.2G       1.7G       5.7M        59M       1.7G

MemTotal:        4016004 kB
MemFree:         1704264 kB
Active:           443632 kB
Mem:          3.8G       2.2G       1.6G       5.7M        59M       1.7G

MemTotal:        4016004 kB
MemFree:         1658400 kB
Active:           443640 kB
Mem:          3.8G       2.2G       1.6G       5.7M        59M       1.8G

MemTotal:        4016004 kB
MemFree:         1613556 kB
Active:           443644 kB
Mem:          3.8G       2.3G       1.5G       5.7M        59M       1.8G

MemTotal:        4016004 kB
MemFree:         1569460 kB
Active:           443620 kB
Mem:          3.8G       2.3G       1.5G       5.7M        59M       1.9G

MemTotal:        4016004 kB
MemFree:         1524104 kB
Active:           443596 kB
Mem:          3.8G       2.4G       1.5G       5.7M        59M       1.9G

MemTotal:        4016004 kB
MemFree:         1477524 kB
Active:           443656 kB
Mem:          3.8G       2.4G       1.4G       5.7M        59M       1.9G

MemTotal:        4016004 kB
MemFree:         1432216 kB
Active:           443600 kB
Mem:          3.8G       2.5G       1.4G       5.7M        59M       2.0G

MemTotal:        4016004 kB
MemFree:         1387444 kB
Active:           443648 kB
Mem:          3.8G       2.5G       1.3G       5.7M        59M       2.0G

MemTotal:        4016004 kB
MemFree:         1342184 kB
Active:           443664 kB
Mem:          3.8G       2.6G       1.3G       5.7M        59M       2.1G

MemTotal:        4016004 kB
MemFree:         1295724 kB
Active:           443652 kB
Mem:          3.8G       2.6G       1.2G       5.7M        59M       2.1G

MemTotal:        4016004 kB
MemFree:         1250540 kB
Active:           445672 kB
Mem:          3.8G       2.6G       1.2G       5.7M        59M       2.2G

MemTotal:        4016004 kB
MemFree:         1234964 kB
Active:           445736 kB
Mem:          3.8G       2.7G       1.2G       5.7M        59M       2.2G

MemTotal:        4016004 kB
MemFree:         1208984 kB
Active:           445756 kB
Mem:          3.8G       2.7G       1.2G       5.7M        59M       2.2G

MemTotal:        4016004 kB
MemFree:         1163972 kB
Active:           445728 kB
Mem:          3.8G       2.7G       1.1G       5.7M        59M       2.2G

MemTotal:        4016004 kB
MemFree:         1118500 kB
Active:           445756 kB
Mem:          3.8G       2.8G       1.1G       5.7M        59M       2.3G

MemTotal:        4016004 kB
MemFree:         1072744 kB
Active:           445756 kB
Mem:          3.8G       2.8G       1.0G       5.7M        59M       2.3G

MemTotal:        4016004 kB
MemFree:         1028008 kB
Active:           445756 kB
Mem:          3.8G       2.9G       1.0G       5.7M        59M       2.4G

MemTotal:        4016004 kB
MemFree:          982388 kB
Active:           445764 kB
Mem:          3.8G       2.9G       958M       5.7M        59M       2.4G

MemTotal:        4016004 kB
MemFree:          936900 kB
Active:           443740 kB
Mem:          3.8G       2.9G       914M       5.7M        59M       2.5G

MemTotal:        4016004 kB
MemFree:          892328 kB
Active:           445812 kB
Mem:          3.8G       3.0G       871M       5.7M        59M       2.5G

MemTotal:        4016004 kB
MemFree:          847740 kB
Active:           445812 kB
Mem:          3.8G       3.0G       827M       5.7M        59M       2.5G

MemTotal:        4016004 kB
MemFree:          802868 kB
Active:           445784 kB
Mem:          3.8G       3.1G       783M       5.7M        59M       2.6G

MemTotal:        4016004 kB
MemFree:          757544 kB
Active:           445820 kB
Mem:          3.8G       3.1G       739M       5.7M        59M       2.6G

MemTotal:        4016004 kB
MemFree:          711620 kB
Active:           445828 kB
Mem:          3.8G       3.2G       694M       5.7M        59M       2.7G

MemTotal:        4016004 kB
MemFree:          666292 kB
Active:           445812 kB
Mem:          3.8G       3.2G       650M       5.7M        59M       2.7G

MemTotal:        4016004 kB
MemFree:          622332 kB
Active:           445828 kB
Mem:          3.8G       3.2G       607M       5.7M        59M       2.8G

MemTotal:        4016004 kB
MemFree:          576824 kB
Active:           445820 kB
Mem:          3.8G       3.3G       563M       5.7M        59M       2.8G

MemTotal:        4016004 kB
MemFree:          532096 kB
Active:           445844 kB
Mem:          3.8G       3.3G       519M       5.7M        59M       2.8G

MemTotal:        4016004 kB
MemFree:          486120 kB
Active:           443832 kB
Mem:          3.8G       3.4G       473M       5.7M        59M       2.9G

MemTotal:        4016004 kB
MemFree:          440856 kB
Active:           445892 kB
Mem:          3.8G       3.4G       430M       5.7M        59M       2.9G

MemTotal:        4016004 kB
MemFree:          395872 kB
Active:           445892 kB
Mem:          3.8G       3.5G       386M       5.7M        59M       3.0G

MemTotal:        4016004 kB
MemFree:          351260 kB
Active:           445896 kB
Mem:          3.8G       3.5G       342M       5.7M        59M       3.0G

MemTotal:        4016004 kB
MemFree:          307016 kB
Active:           445736 kB
Mem:          3.8G       3.5G       299M       5.7M        59M       3.0G

MemTotal:        4016004 kB
MemFree:          261476 kB
Active:           445684 kB
Mem:          3.8G       3.6G       255M       5.7M        59M       3.1G

MemTotal:        4016004 kB
MemFree:          216848 kB
Active:           445736 kB
Mem:          3.8G       3.6G       210M       5.7M        59M       3.1G

MemTotal:        4016004 kB
MemFree:          175352 kB
Active:           445736 kB
Mem:          3.8G       3.7G       171M       5.7M        59M       3.2G

MemTotal:        4016004 kB
MemFree:          172284 kB
Active:           445764 kB
Mem:          3.8G       3.7G       168M       5.7M        59M       3.2G

MemTotal:        4016004 kB
MemFree:          126540 kB
Active:           445788 kB
Mem:          3.8G       3.7G       123M       5.7M        59M       3.2G

MemTotal:        4016004 kB
MemFree:          118804 kB
Active:           441220 kB
Mem:          3.8G       3.7G       120M       5.7M        27M       3.3G

MemTotal:        4016004 kB
MemFree:          106704 kB
Active:           469992 kB
Mem:          3.8G       3.7G       102M       5.7M        26M       3.3G

MemTotal:        4016004 kB
MemFree:          133380 kB
Active:           499228 kB
Mem:          3.8G       3.7G       128M       5.7M        26M       3.2G

MemTotal:        4016004 kB
MemFree:          133424 kB
Active:           491416 kB
Mem:          3.8G       3.7G       130M       5.7M        26M       3.2G

MemTotal:        4016004 kB
MemFree:          143276 kB
Active:           485288 kB
Mem:          3.8G       3.7G       139M       5.7M        26M       3.2G

MemTotal:        4016004 kB
MemFree:          134216 kB
Active:           479984 kB
Mem:          3.8G       3.7G       130M       5.7M        26M       3.2G

MemTotal:        4016004 kB
MemFree:          125220 kB
Active:           476544 kB
Mem:          3.8G       3.7G       122M       5.7M        26M       3.2G

MemTotal:        4016004 kB
MemFree:          131624 kB
Active:           470700 kB
Mem:          3.8G       3.7G       128M       5.7M        26M       3.2G

MemTotal:        4016004 kB
MemFree:          141720 kB
Active:           465836 kB
Mem:          3.8G       3.7G       138M       5.7M        26M       3.2G

MemTotal:        4016004 kB
MemFree:          127832 kB
Active:           465708 kB
Mem:          3.8G       3.7G       124M       5.7M        26M       3.2G

MemTotal:        4016004 kB
MemFree:          107944 kB
Active:           465664 kB
Mem:          3.8G       3.7G       105M       5.7M        26M       3.3G

MemTotal:        4016004 kB
MemFree:          125752 kB
Active:           456032 kB
Mem:          3.8G       3.7G       122M       5.7M        26M       3.2G

MemTotal:        4016004 kB
MemFree:          133940 kB
Active:           451816 kB
Mem:          3.8G       3.7G       130M       5.7M        26M       3.2G

MemTotal:        4016004 kB
MemFree:          141492 kB
Active:           449896 kB
Mem:          3.8G       3.7G       138M       5.7M        26M       3.2G

MemTotal:        4016004 kB
MemFree:          133004 kB
Active:           448628 kB
Mem:          3.8G       3.7G       130M       5.7M        26M       3.2G

MemTotal:        4016004 kB
MemFree:          126196 kB
Active:           447484 kB
Mem:          3.8G       3.7G       123M       5.7M        26M       3.2G

MemTotal:        4016004 kB
MemFree:          130520 kB
Active:           445564 kB
Mem:          3.8G       3.7G       126M       5.7M        26M       3.2G

MemTotal:        4016004 kB
MemFree:          133504 kB
Active:           443852 kB
Mem:          3.8G       3.7G       130M       5.7M        26M       3.2G

MemTotal:        4016004 kB
MemFree:          126096 kB
Active:           442620 kB
Mem:          3.8G       3.7G       123M       5.7M        26M       3.2G

MemTotal:        4016004 kB
MemFree:          117312 kB
Active:           439288 kB
Mem:          3.8G       3.7G       114M       5.7M        26M       3.3G

MemTotal:        4016004 kB
MemFree:          131344 kB
Active:           433436 kB
Mem:          3.8G       3.7G       128M       5.7M        26M       3.2G

MemTotal:        4016004 kB
MemFree:          130736 kB
Active:           432284 kB
Mem:          3.8G       3.7G       127M       5.7M        26M       3.2G

MemTotal:        4016004 kB
MemFree:          127052 kB
Active:           432284 kB
Mem:          3.8G       3.7G       124M       5.7M        26M       3.2G

MemTotal:        4016004 kB
MemFree:          121384 kB
Active:           431252 kB
Mem:          3.8G       3.7G       118M       5.7M        26M       3.3G

MemTotal:        4016004 kB
MemFree:          113284 kB
Active:           430112 kB
Mem:          3.8G       3.7G       110M       5.7M        26M       3.3G

MemTotal:        4016004 kB
MemFree:          129268 kB
Active:           426260 kB
Mem:          3.8G       3.7G       126M       5.7M        26M       3.2G

MemTotal:        4016004 kB
MemFree:          134176 kB
Active:           424216 kB
Mem:          3.8G       3.7G       130M       5.7M        26M       3.2G

MemTotal:        4016004 kB
MemFree:          114304 kB
Active:           423452 kB
Mem:          3.8G       3.7G       111M       5.7M        26M       3.3G

MemTotal:        4016004 kB
MemFree:          105408 kB
Active:           422432 kB
Mem:          3.8G       3.7G       102M       5.7M        26M       3.3G

MemTotal:        4016004 kB
MemFree:          134128 kB
Active:           418164 kB
Mem:          3.8G       3.7G       131M       5.7M        26M       3.2G

MemTotal:        4016004 kB
MemFree:          138288 kB
Active:           416504 kB
Mem:          3.8G       3.7G       134M       5.7M        26M       3.2G

MemTotal:        4016004 kB
MemFree:          129288 kB
Active:           415356 kB
Mem:          3.8G       3.7G       126M       5.7M        26M       3.2G

MemTotal:        4016004 kB
MemFree:          120304 kB
Active:           414204 kB
Mem:          3.8G       3.7G       116M       5.7M        26M       3.3G

MemTotal:        4016004 kB
MemFree:          134880 kB
Active:           412028 kB
Mem:          3.8G       3.7G       131M       5.7M        26M       3.2G

MemTotal:        4016004 kB
MemFree:          129920 kB
Active:           412028 kB
Mem:          3.8G       3.7G       127M       5.7M        26M       3.2G

MemTotal:        4016004 kB
MemFree:          132160 kB
Active:           410996 kB
Mem:          3.8G       3.7G       128M       5.7M        26M       3.2G

MemTotal:        4016004 kB
MemFree:          136164 kB
Active:           409080 kB
Mem:          3.8G       3.7G       132M       5.7M        26M       3.2G

MemTotal:        4016004 kB
MemFree:          141280 kB
Active:           407816 kB
Mem:          3.8G       3.7G       138M       5.7M        26M       3.2G

MemTotal:        4016004 kB
MemFree:          125920 kB
Active:           406672 kB
Mem:          3.8G       3.7G       122M       5.7M        26M       3.2G

MemTotal:        4016004 kB
MemFree:          128096 kB
Active:           404756 kB
Mem:          3.8G       3.7G       125M       5.7M        26M       3.2G

MemTotal:        4016004 kB
MemFree:          130768 kB
Active:           403108 kB
Mem:          3.8G       3.7G       127M       5.7M        26M       3.2G

MemTotal:        4016004 kB
MemFree:          127808 kB
Active:           401448 kB
Mem:          3.8G       3.7G       124M       5.7M        26M       3.2G

MemTotal:        4016004 kB
MemFree:          118552 kB
Active:           400296 kB
Mem:          3.8G       3.7G       115M       5.7M        26M       3.3G

MemTotal:        4016004 kB
MemFree:          120904 kB
Active:           398376 kB
Mem:          3.8G       3.7G       118M       5.7M        26M       3.3G

MemTotal:        4016004 kB
MemFree:          138788 kB
Active:           396348 kB
Mem:          3.8G       3.7G       135M       5.7M        26M       3.2G

MemTotal:        4016004 kB
MemFree:          129844 kB
Active:           395196 kB
Mem:          3.8G       3.7G       126M       5.7M        26M       3.2G

MemTotal:        4016004 kB
MemFree:          116888 kB
Active:           395196 kB
Mem:          3.8G       3.7G       113M       5.7M        26M       3.3G

MemTotal:        4016004 kB
MemFree:          112932 kB
Active:           393628 kB
Mem:          3.8G       3.7G       109M       5.7M        26M       3.3G

MemTotal:        4016004 kB
MemFree:          126044 kB
Active:           393872 kB
Mem:          3.8G       3.7G       122M       5.7M        26M       3.2G

MemTotal:        4016004 kB
MemFree:          127148 kB
Active:           392108 kB
Mem:          3.8G       3.7G       124M       5.7M        26M       3.2G

MemTotal:        4016004 kB
MemFree:          123972 kB
Active:           390448 kB
Mem:          3.8G       3.7G       120M       5.7M        26M       3.2G

MemTotal:        4016004 kB
MemFree:          126232 kB
Active:           386480 kB
Mem:          3.8G       3.7G       122M       5.7M        26M       3.2G

MemTotal:        4016004 kB
MemFree:          134056 kB
Active:           384700 kB
Mem:          3.8G       3.7G       130M       5.7M        26M       3.2G

MemTotal:        4016004 kB
MemFree:          139984 kB
Active:           383292 kB
Mem:          3.8G       3.7G       136M       5.7M        26M       3.2G

MemTotal:        4016004 kB
MemFree:          111392 kB
Active:           383140 kB
Mem:          3.8G       3.7G       108M       5.7M        26M       3.3G

MemTotal:        4016004 kB
MemFree:          128572 kB
Active:           382156 kB
Mem:          3.8G       3.7G       125M       5.7M        26M       3.2G

MemTotal:        4016004 kB
MemFree:          122776 kB
Active:           382164 kB
Mem:          3.8G       3.7G       119M       5.7M        26M       3.2G

MemTotal:        4016004 kB
MemFree:          105380 kB
Active:           382124 kB
Mem:          3.8G       3.7G       102M       5.7M        26M       3.3G

MemTotal:        4016004 kB
MemFree:          117116 kB
Active:           384232 kB
Mem:          3.8G       3.7G       114M       5.7M        26M       3.2G

MemTotal:        4016004 kB
MemFree:          126548 kB
Active:           383316 kB
Mem:          3.8G       3.7G       123M       5.7M        26M       3.2G

MemTotal:        4016004 kB
MemFree:          123860 kB
Active:           383316 kB
Mem:          3.8G       3.7G       120M       5.7M        26M       3.2G

MemTotal:        4016004 kB
MemFree:          127272 kB
Active:           383316 kB
Mem:          3.8G       3.7G       124M       5.7M        26M       3.2G

MemTotal:        4016004 kB
MemFree:          106656 kB
Active:           383320 kB
Mem:          3.8G       3.7G       103M       5.7M        26M       3.3G

MemTotal:        4016004 kB
MemFree:          120928 kB
Active:           383276 kB
Mem:          3.8G       3.7G       117M       5.7M        26M       3.2G

MemTotal:        4016004 kB
MemFree:          106820 kB
Active:           383168 kB
Mem:          3.8G       3.7G       104M       5.7M        26M       3.3G

MemTotal:        4016004 kB
MemFree:          135356 kB
Active:           383200 kB
Mem:          3.8G       3.7G       132M       5.7M        26M       3.2G

MemTotal:        4016004 kB
MemFree:          129524 kB
Active:           383208 kB
Mem:          3.8G       3.7G       134M       5.7M        26M       3.2G

MemTotal:        4016004 kB
MemFree:          127848 kB
Active:           382932 kB
Mem:          3.8G       3.7G       124M       5.7M        26M       3.2G

MemTotal:        4016004 kB
MemFree:          127972 kB
Active:           381820 kB
Mem:          3.8G       3.7G       124M       5.7M        26M       3.2G

MemTotal:        4016004 kB
MemFree:          107852 kB
Active:           385948 kB
Mem:          3.8G       3.7G       105M       5.7M        26M       3.3G

MemTotal:        4016004 kB
MemFree:          110528 kB
Active:           384552 kB
Mem:          3.8G       3.7G       107M       5.7M        26M       3.3G

MemTotal:        4016004 kB
MemFree:          127116 kB
Active:           383748 kB
Mem:          3.8G       3.7G       123M       5.7M        26M       3.2G

MemTotal:        4016004 kB
MemFree:          112780 kB
Active:           383760 kB
Mem:          3.8G       3.7G       109M       5.7M        26M       3.3G

MemTotal:        4016004 kB
MemFree:          108968 kB
Active:           383744 kB
Mem:          3.8G       3.7G       106M       5.7M        26M       3.3G

MemTotal:        4016004 kB
MemFree:          135816 kB
Active:           383708 kB
Mem:          3.8G       3.7G       132M       5.7M        26M       3.2G

MemTotal:        4016004 kB
MemFree:          127432 kB
Active:           383704 kB
Mem:          3.8G       3.7G       124M       5.7M        26M       3.2G

MemTotal:        4016004 kB
MemFree:          105396 kB
Active:           383704 kB
Mem:          3.8G       3.7G       102M       5.7M        26M       3.3G

MemTotal:        4016004 kB
MemFree:          109020 kB
Active:           383584 kB
Mem:          3.8G       3.7G       105M       5.7M        26M       3.3G

MemTotal:        4016004 kB
MemFree:          125664 kB
Active:           383592 kB
Mem:          3.8G       3.7G       121M       5.7M        27M       3.2G

MemTotal:        4016004 kB
MemFree:          127832 kB
Active:           383556 kB
Mem:          3.8G       3.7G       124M       5.7M        27M       3.2G

MemTotal:        4016004 kB
MemFree:          114932 kB
Active:           383604 kB
Mem:          3.8G       3.7G       112M       5.7M        27M       3.2G

MemTotal:        4016004 kB
MemFree:          127340 kB
Active:           383584 kB
Mem:          3.8G       3.7G       124M       5.7M        27M       3.2G

MemTotal:        4016004 kB
MemFree:          124788 kB
Active:           383600 kB
Mem:          3.8G       3.7G       121M       5.7M        27M       3.2G

MemTotal:        4016004 kB
MemFree:          108512 kB
Active:           383556 kB
Mem:          3.8G       3.7G       106M       5.7M        27M       3.3G

MemTotal:        4016004 kB
MemFree:          125376 kB
Active:           383604 kB
Mem:          3.8G       3.7G       122M       5.7M        27M       3.2G

MemTotal:        4016004 kB
MemFree:          122544 kB
Active:           383608 kB
Mem:          3.8G       3.7G       119M       5.7M        27M       3.2G

MemTotal:        4016004 kB
MemFree:          113124 kB
Active:           383608 kB
Mem:          3.8G       3.7G       110M       5.7M        27M       3.3G

MemTotal:        4016004 kB
MemFree:          116424 kB
Active:           383608 kB
Mem:          3.8G       3.7G       113M       5.7M        27M       3.2G

MemTotal:        4016004 kB
MemFree:          131392 kB
Active:           383572 kB
Mem:          3.8G       3.7G       128M       5.7M        27M       3.2G

MemTotal:        4016004 kB
MemFree:          148668 kB
Active:           383596 kB
Mem:          3.8G       3.7G       144M       5.7M        27M       3.2G

MemTotal:        4016004 kB
MemFree:          126652 kB
Active:           383492 kB
Mem:          3.8G       3.7G       123M       5.7M        27M       3.2G

MemTotal:        4016004 kB
MemFree:          130260 kB
Active:           383496 kB
Mem:          3.8G       3.7G       127M       5.7M        27M       3.2G

MemTotal:        4016004 kB
MemFree:          118124 kB
Active:           383496 kB
Mem:          3.8G       3.7G       115M       5.7M        27M       3.2G

MemTotal:        4016004 kB
MemFree:          118700 kB
Active:           383480 kB
Mem:          3.8G       3.7G       115M       5.7M        27M       3.2G

MemTotal:        4016004 kB
MemFree:          118864 kB
Active:           383488 kB
Mem:          3.8G       3.7G       116M       5.7M        27M       3.2G

MemTotal:        4016004 kB
MemFree:          119552 kB
Active:           383528 kB
Mem:          3.8G       3.7G       116M       5.7M        27M       3.2G

MemTotal:        4016004 kB
MemFree:          110076 kB
Active:           383548 kB
Mem:          3.8G       3.7G       107M       5.7M        27M       3.3G

MemTotal:        4016004 kB
MemFree:          125820 kB
Active:           383552 kB
Mem:          3.8G       3.7G       122M       5.7M        27M       3.2G

MemTotal:        4016004 kB
MemFree:          138624 kB
Active:           385088 kB
Mem:          3.8G       3.7G       135M       5.7M        27M       3.2G

MemTotal:        4016004 kB
MemFree:          142092 kB
Active:           385060 kB
Mem:          3.8G       3.7G       138M       5.7M        27M       3.2G

MemTotal:        4016004 kB
MemFree:          132528 kB
Active:           381336 kB
Mem:          3.8G       3.7G       128M       5.7M        27M       3.2G

MemTotal:        4016004 kB
MemFree:          135192 kB
Active:           381136 kB
Mem:          3.8G       3.7G       132M       5.7M        27M       3.2G

MemTotal:        4016004 kB
MemFree:          107276 kB
Active:           381092 kB
Mem:          3.8G       3.7G       104M       5.7M        27M       3.3G

MemTotal:        4016004 kB
MemFree:          134500 kB
Active:           381096 kB
Mem:          3.8G       3.7G       131M       5.7M        27M       3.2G

MemTotal:        4016004 kB
MemFree:          127392 kB
Active:           381112 kB
Mem:          3.8G       3.7G       124M       5.7M        27M       3.2G

MemTotal:        4016004 kB
MemFree:          119124 kB
Active:           381144 kB
Mem:          3.8G       3.7G       115M       5.7M        27M       3.2G

MemTotal:        4016004 kB
MemFree:          123656 kB
Active:           381088 kB
Mem:          3.8G       3.7G       120M       5.7M        27M       3.2G

MemTotal:        4016004 kB
MemFree:          128440 kB
Active:           381160 kB
Mem:          3.8G       3.7G       125M       5.7M        27M       3.2G

MemTotal:        4016004 kB
MemFree:          127288 kB
Active:           381160 kB
Mem:          3.8G       3.7G       132M       5.7M        27M       3.2G

MemTotal:        4016004 kB
MemFree:          143116 kB
Active:           378040 kB
Mem:          3.8G       3.7G       139M       5.7M        27M       3.2G

MemTotal:        4016004 kB
MemFree:          108924 kB
Active:           378004 kB
Mem:          3.8G       3.7G       106M       5.7M        27M       3.2G

MemTotal:        4016004 kB
MemFree:          130164 kB
Active:           378012 kB
Mem:          3.8G       3.7G       126M       5.7M        27M       3.2G

MemTotal:        4016004 kB
MemFree:          120820 kB
Active:           377996 kB
Mem:          3.8G       3.7G       117M       5.7M        27M       3.2G

MemTotal:        4016004 kB
MemFree:          124824 kB
Active:           378024 kB
Mem:          3.8G       3.7G       121M       5.7M        27M       3.2G

MemTotal:        4016004 kB
MemFree:          115252 kB
Active:           378016 kB
Mem:          3.8G       3.7G       112M       5.7M        27M       3.2G

MemTotal:        4016004 kB
MemFree:          117920 kB
Active:           378072 kB
Mem:          3.8G       3.7G       114M       5.7M        27M       3.2G

MemTotal:        4016004 kB
MemFree:          125684 kB
Active:           378072 kB
Mem:          3.8G       3.7G       123M       5.7M        27M       3.2G

MemTotal:        4016004 kB
MemFree:          113336 kB
Active:           378040 kB
Mem:          3.8G       3.7G       110M       5.7M        27M       3.2G

MemTotal:        4016004 kB
MemFree:          112936 kB
Active:           378080 kB
Mem:          3.8G       3.7G       110M       5.7M        27M       3.2G

MemTotal:        4016004 kB
MemFree:          110848 kB
Active:           376656 kB
Mem:          3.8G       3.7G       108M       5.7M        27M       3.2G

MemTotal:        4016004 kB
MemFree:          127436 kB
Active:           376452 kB
Mem:          3.8G       3.7G       124M       5.7M        27M       3.2G

MemTotal:        4016004 kB
MemFree:          123508 kB
Active:           376416 kB
Mem:          3.8G       3.7G       120M       5.7M        27M       3.2G

MemTotal:        4016004 kB
MemFree:          127832 kB
Active:           376440 kB
Mem:          3.8G       3.7G       124M       5.7M        27M       3.2G

MemTotal:        4016004 kB
MemFree:          124224 kB
Active:           376460 kB
Mem:          3.8G       3.7G       121M       5.7M        27M       3.2G

MemTotal:        4016004 kB
MemFree:          105812 kB
Active:           376336 kB
Mem:          3.8G       3.7G       103M       5.7M        27M       3.3G

MemTotal:        4016004 kB
MemFree:          132688 kB
Active:           376336 kB
Mem:          3.8G       3.7G       129M       5.7M        27M       3.2G

MemTotal:        4016004 kB
MemFree:          117176 kB
Active:           376332 kB
Mem:          3.8G       3.7G       114M       5.7M        27M       3.2G

MemTotal:        4016004 kB
MemFree:          127148 kB
Active:           375288 kB
Mem:          3.8G       3.7G       123M       5.7M        27M       3.2G

MemTotal:        4016004 kB
MemFree:          121948 kB
Active:           375336 kB
Mem:          3.8G       3.7G       118M       5.7M        27M       3.2G

MemTotal:        4016004 kB
MemFree:          129556 kB
Active:           375180 kB
Mem:          3.8G       3.7G       126M       5.7M        27M       3.2G

MemTotal:        4016004 kB
MemFree:          129692 kB
Active:           375216 kB
Mem:          3.8G       3.7G       126M       5.7M        27M       3.2G

MemTotal:        4016004 kB
MemFree:          115940 kB
Active:           375108 kB
Mem:          3.8G       3.7G       113M       5.7M        27M       3.2G

MemTotal:        4016004 kB
MemFree:          107712 kB
Active:           375060 kB
Mem:          3.8G       3.7G       104M       5.7M        27M       3.2G

MemTotal:        4016004 kB
MemFree:          135120 kB
Active:           375120 kB
Mem:          3.8G       3.7G       131M       5.7M        27M       3.2G

MemTotal:        4016004 kB
MemFree:          126060 kB
Active:           375096 kB
Mem:          3.8G       3.7G       122M       5.7M        27M       3.2G

MemTotal:        4016004 kB
MemFree:          127576 kB
Active:           375128 kB
Mem:          3.8G       3.7G       124M       5.7M        27M       3.2G

MemTotal:        4016004 kB
MemFree:          105204 kB
Active:           375128 kB
Mem:          3.8G       3.7G       102M       5.7M        27M       3.3G

MemTotal:        4016004 kB
MemFree:          126988 kB
Active:           375132 kB
Mem:          3.8G       3.7G       123M       5.7M        27M       3.2G

MemTotal:        4016004 kB
MemFree:          112064 kB
Active:           375140 kB
Mem:          3.8G       3.7G       109M       5.7M        27M       3.2G

MemTotal:        4016004 kB
MemFree:          126004 kB
Active:           365096 kB
Mem:          3.8G       3.7G       122M       5.7M        27M       3.2G

MemTotal:        4016004 kB
MemFree:          134220 kB
Active:           365108 kB
Mem:          3.8G       3.7G       131M       5.7M        27M       3.2G

MemTotal:        4016004 kB
MemFree:          122052 kB
Active:           365076 kB
Mem:          3.8G       3.7G       118M       5.7M        27M       3.2G

MemTotal:        4016004 kB
MemFree:          112628 kB
Active:           365088 kB
Mem:          3.8G       3.7G       109M       5.7M        27M       3.2G

MemTotal:        4016004 kB
MemFree:          112204 kB
Active:           365080 kB
Mem:          3.8G       3.7G       109M       5.7M        27M       3.2G

MemTotal:        4016004 kB
MemFree:          127336 kB
Active:           365124 kB
Mem:          3.8G       3.7G       124M       5.7M        27M       3.2G

MemTotal:        4016004 kB
MemFree:          104780 kB
Active:           365124 kB
Mem:          3.8G       3.7G       107M       5.7M        27M       3.2G

MemTotal:        4016004 kB
MemFree:          114852 kB
Active:           365000 kB
Mem:          3.8G       3.7G       112M       5.7M        27M       3.2G

MemTotal:        4016004 kB
MemFree:          108060 kB
Active:           365000 kB
Mem:          3.8G       3.7G       105M       5.7M        27M       3.2G

MemTotal:        4016004 kB
MemFree:          129628 kB
Active:           365008 kB
Mem:          3.8G       3.7G       126M       5.7M        27M       3.2G

MemTotal:        4016004 kB
MemFree:          116020 kB
Active:           365008 kB
Mem:          3.8G       3.7G       113M       5.7M        27M       3.2G

MemTotal:        4016004 kB
MemFree:          107056 kB
Active:           365008 kB
Mem:          3.8G       3.7G       104M       5.7M        27M       3.2G

MemTotal:        4016004 kB
MemFree:          119920 kB
Active:           363916 kB
Mem:          3.8G       3.7G       116M       5.7M        27M       3.2G

MemTotal:        4016004 kB
MemFree:          116104 kB
Active:           363936 kB
Mem:          3.8G       3.7G       113M       5.7M        27M       3.2G

MemTotal:        4016004 kB
MemFree:          121612 kB
Active:           363980 kB
Mem:          3.8G       3.7G       118M       5.7M        27M       3.2G

MemTotal:        4016004 kB
MemFree:          113552 kB
Active:           363980 kB
Mem:          3.8G       3.7G       111M       5.7M        27M       3.2G

MemTotal:        4016004 kB
MemFree:          130652 kB
Active:           363932 kB
Mem:          3.8G       3.7G       127M       5.7M        27M       3.2G

MemTotal:        4016004 kB
MemFree:          122496 kB
Active:           363992 kB
Mem:          3.8G       3.7G       119M       5.7M        27M       3.2G

MemTotal:        4016004 kB
MemFree:          124508 kB
Active:           363968 kB
Mem:          3.8G       3.7G       121M       5.7M        27M       3.2G

MemTotal:        4016004 kB
MemFree:          116228 kB
Active:           363976 kB
Mem:          3.8G       3.7G       112M       5.7M        27M       3.2G

MemTotal:        4016004 kB
MemFree:          108568 kB
Active:           363988 kB
Mem:          3.8G       3.7G       105M       5.7M        27M       3.2G

MemTotal:        4016004 kB
MemFree:          129364 kB
Active:           363948 kB
Mem:          3.8G       3.7G       126M       5.7M        27M       3.2G

MemTotal:        4016004 kB
MemFree:          126848 kB
Active:           363976 kB
Mem:          3.8G       3.7G       123M       5.7M        27M       3.2G

MemTotal:        4016004 kB
MemFree:          128600 kB
Active:           364020 kB
Mem:          3.8G       3.7G       125M       5.7M        27M       3.2G

MemTotal:        4016004 kB
MemFree:          133508 kB
Active:           363996 kB
Mem:          3.8G       3.7G       130M       5.7M        27M       3.2G

MemTotal:        4016004 kB
MemFree:          110944 kB
Active:           364032 kB
Mem:          3.8G       3.7G       108M       5.7M        27M       3.2G

MemTotal:        4016004 kB
MemFree:          105956 kB
Active:           362104 kB
Mem:          3.8G       3.7G       102M       5.7M        27M       3.3G

MemTotal:        4016004 kB
MemFree:          107692 kB
Active:           361976 kB
Mem:          3.8G       3.7G       104M       5.7M        27M       3.2G

MemTotal:        4016004 kB
MemFree:          112856 kB
Active:           361976 kB
Mem:          3.8G       3.7G       110M       5.7M        27M       3.2G

MemTotal:        4016004 kB
MemFree:          128684 kB
Active:           361984 kB
Mem:          3.8G       3.7G       124M       5.7M        27M       3.2G

MemTotal:        4016004 kB
MemFree:          125196 kB
Active:           361952 kB
Mem:          3.8G       3.7G       121M       5.7M        27M       3.2G

MemTotal:        4016004 kB
MemFree:          106224 kB
Active:           361984 kB
Mem:          3.8G       3.7G       103M       5.7M        27M       3.2G

MemTotal:        4016004 kB
MemFree:          133180 kB
Active:           361984 kB
Mem:          3.8G       3.7G       130M       5.7M        27M       3.2G

MemTotal:        4016004 kB
MemFree:          124224 kB
Active:           361984 kB
Mem:          3.8G       3.7G       121M       5.7M        27M       3.2G

MemTotal:        4016004 kB
MemFree:          135148 kB
Active:           361936 kB
Mem:          3.8G       3.7G       131M       5.7M        27M       3.2G

MemTotal:        4016004 kB
MemFree:          135380 kB
Active:           361988 kB
Mem:          3.8G       3.7G       131M       5.7M        27M       3.2G

MemTotal:        4016004 kB
MemFree:          129612 kB
Active:           362016 kB
Mem:          3.8G       3.7G       125M       5.7M        27M       3.2G

MemTotal:        4016004 kB
MemFree:          119464 kB
Active:           361968 kB
Mem:          3.8G       3.7G       116M       5.7M        27M       3.2G

MemTotal:        4016004 kB
MemFree:          130256 kB
Active:           362016 kB
Mem:          3.8G       3.7G       127M       5.7M        27M       3.2G

MemTotal:        4016004 kB
MemFree:          127072 kB
Active:           362024 kB
Mem:          3.8G       3.7G       123M       5.7M        27M       3.2G

MemTotal:        4016004 kB
MemFree:          129456 kB
Active:           362028 kB
Mem:          3.8G       3.7G       126M       5.7M        27M       3.2G

MemTotal:        4016004 kB
MemFree:          139236 kB
Active:           361976 kB
Mem:          3.8G       3.7G       136M       5.7M        27M       3.2G

MemTotal:        4016004 kB
MemFree:          134572 kB
Active:           358964 kB
Mem:          3.8G       3.7G       131M       5.7M        27M       3.2G

MemTotal:        4016004 kB
MemFree:          139388 kB
Active:           358844 kB
Mem:          3.8G       3.7G       136M       5.7M        27M       3.2G

MemTotal:        4016004 kB
MemFree:          140316 kB
Active:           358860 kB
Mem:          3.8G       3.7G       137M       5.7M        27M       3.2G

MemTotal:        4016004 kB
MemFree:          132800 kB
Active:           358816 kB
Mem:          3.8G       3.7G       129M       5.7M        27M       3.2G

MemTotal:        4016004 kB
MemFree:          124612 kB
Active:           358868 kB
Mem:          3.8G       3.7G       121M       5.7M        27M       3.2G

MemTotal:        4016004 kB
MemFree:          106996 kB
Active:           358868 kB
Mem:          3.8G       3.7G       104M       5.7M        27M       3.2G

MemTotal:        4016004 kB
MemFree:          106576 kB
Active:           358816 kB
Mem:          3.8G       3.7G       103M       5.7M        27M       3.2G

MemTotal:        4016004 kB
MemFree:          133172 kB
Active:           358900 kB
Mem:          3.8G       3.7G       129M       5.7M        27M       3.2G

MemTotal:        4016004 kB
MemFree:          124732 kB
Active:           358900 kB
Mem:          3.8G       3.7G       121M       5.7M        27M       3.2G

MemTotal:        4016004 kB
MemFree:          117096 kB
Active:           358868 kB
Mem:          3.8G       3.7G       114M       5.7M        27M       3.2G

MemTotal:        4016004 kB
MemFree:          108840 kB
Active:           358884 kB
Mem:          3.8G       3.7G       106M       5.7M        27M       3.2G

MemTotal:        4016004 kB
MemFree:          114036 kB
Active:           358904 kB
Mem:          3.8G       3.7G       110M       5.7M        27M       3.2G

MemTotal:        4016004 kB
MemFree:          128104 kB
Active:           358916 kB
Mem:          3.8G       3.7G       124M       5.7M        27M       3.2G

MemTotal:        4016004 kB
MemFree:          109272 kB
Active:           358864 kB
Mem:          3.8G       3.7G       106M       5.7M        27M       3.2G

MemTotal:        4016004 kB
MemFree:          112492 kB
Active:           358880 kB
Mem:          3.8G       3.7G       109M       5.7M        27M       3.2G

MemTotal:        4016004 kB
MemFree:          122444 kB
Active:           358928 kB
Mem:          3.8G       3.7G       119M       5.7M        27M       3.2G

MemTotal:        4016004 kB
MemFree:          125552 kB
Active:           358884 kB
Mem:          3.8G       3.7G       121M       5.7M        27M       3.2G

MemTotal:        4016004 kB
MemFree:          110160 kB
Active:           358888 kB
Mem:          3.8G       3.7G       107M       5.7M        27M       3.2G

MemTotal:        4016004 kB
MemFree:          127592 kB
Active:           356052 kB
Mem:          3.8G       3.7G       124M       5.7M        27M       3.2G

MemTotal:        4016004 kB
MemFree:          119692 kB
Active:           355852 kB
Mem:          3.8G       3.7G       116M       5.7M        27M       3.2G

MemTotal:        4016004 kB
MemFree:          111000 kB
Active:           355884 kB
Mem:          3.8G       3.7G       118M       5.7M        27M       3.2G

MemTotal:        4016004 kB
MemFree:          127212 kB
Active:           355852 kB
Mem:          3.8G       3.7G       123M       5.7M        27M       3.2G

MemTotal:        4016004 kB
MemFree:          119724 kB
Active:           355568 kB
Mem:          3.8G       3.7G       116M       5.7M        27M       3.2G

MemTotal:        4016004 kB
MemFree:          119228 kB
Active:           355576 kB
Mem:          3.8G       3.7G       116M       5.7M        27M       3.2G

MemTotal:        4016004 kB
MemFree:          119228 kB
Active:           355576 kB
Mem:          3.8G       3.7G       116M       5.7M        27M       3.2G

MemTotal:        4016004 kB
MemFree:          119352 kB
Active:           355540 kB
Mem:          3.8G       3.7G       116M       5.7M        27M       3.2G

MemTotal:        4016004 kB
MemFree:          119476 kB
Active:           355584 kB
Mem:          3.8G       3.7G       116M       5.7M        27M       3.2G

MemTotal:        4016004 kB
MemFree:          119104 kB
Active:           355600 kB
Mem:          3.8G       3.7G       116M       5.7M        27M       3.2G

MemTotal:        4016004 kB
MemFree:          118980 kB
Active:           355600 kB
Mem:          3.8G       3.7G       116M       5.7M        27M       3.2G

MemTotal:        4016004 kB
MemFree:          119476 kB
Active:           355584 kB
Mem:          3.8G       3.7G       116M       5.7M        27M       3.2G

MemTotal:        4016004 kB
MemFree:          119600 kB
Active:           355596 kB
Mem:          3.8G       3.7G       116M       5.7M        27M       3.2G

MemTotal:        4016004 kB
MemFree:          119352 kB
Active:           355580 kB
Mem:          3.8G       3.7G       116M       5.7M        27M       3.2G

MemTotal:        4016004 kB
MemFree:          120096 kB
Active:           355572 kB
Mem:          3.8G       3.7G       117M       5.7M        27M       3.2G

MemTotal:        4016004 kB
MemFree:          119848 kB
Active:           355548 kB
Mem:          3.8G       3.7G       117M       5.7M        27M       3.2G

MemTotal:        4016004 kB
MemFree:          120096 kB
Active:           355572 kB
Mem:          3.8G       3.7G       116M       5.7M        27M       3.2G

MemTotal:        4016004 kB
MemFree:          119848 kB
Active:           355588 kB
Mem:          3.8G       3.7G       117M       5.7M        27M       3.2G

MemTotal:        4016004 kB
MemFree:          119848 kB
Active:           355604 kB
Mem:          3.8G       3.7G       116M       5.7M        27M       3.2G

MemTotal:        4016004 kB
MemFree:          119848 kB
Active:           355576 kB
Mem:          3.8G       3.7G       116M       5.7M        27M       3.2G

MemTotal:        4016004 kB
MemFree:          119600 kB
Active:           355612 kB
Mem:          3.8G       3.7G       117M       5.7M        27M       3.2G

MemTotal:        4016004 kB
MemFree:          120096 kB
Active:           355560 kB
Mem:          3.8G       3.7G       117M       5.7M        27M       3.2G

MemTotal:        4016004 kB
MemFree:          119848 kB
Active:           355592 kB
Mem:          3.8G       3.7G       116M       5.7M        27M       3.2G

MemTotal:        4016004 kB
MemFree:          119600 kB
Active:           355572 kB
Mem:          3.8G       3.7G       116M       5.7M        27M       3.2G

MemTotal:        4016004 kB
MemFree:          119600 kB
Active:           355596 kB
Mem:          3.8G       3.7G       116M       5.7M        27M       3.2G

MemTotal:        4016004 kB
MemFree:          119476 kB
Active:           355600 kB
Mem:          3.8G       3.7G       116M       5.7M        27M       3.2G

MemTotal:        4016004 kB
MemFree:          119476 kB
Active:           355576 kB
Mem:          3.8G       3.7G       116M       5.7M        27M       3.2G

MemTotal:        4016004 kB
MemFree:          119600 kB
Active:           355604 kB
Mem:          3.8G       3.7G       116M       5.7M        27M       3.2G

MemTotal:        4016004 kB
MemFree:          119104 kB
Active:           355632 kB
Mem:          3.8G       3.7G       116M       5.7M        27M       3.2G

MemTotal:        4016004 kB
MemFree:          119600 kB
Active:           355584 kB
Mem:          3.8G       3.7G       116M       5.7M        27M       3.2G

MemTotal:        4016004 kB
MemFree:          119192 kB
Active:           355644 kB
Mem:          3.8G       3.7G       116M       5.7M        27M       3.2G

MemTotal:        4016004 kB
MemFree:          119132 kB
Active:           355644 kB
Mem:          3.8G       3.7G       116M       5.7M        27M       3.2G

MemTotal:        4016004 kB
MemFree:          119664 kB
Active:           355608 kB
Mem:          3.8G       3.7G       116M       5.7M        27M       3.2G

MemTotal:        4016004 kB
MemFree:          119540 kB
Active:           355636 kB
Mem:          3.8G       3.7G       116M       5.7M        27M       3.2G

MemTotal:        4016004 kB
MemFree:          119788 kB
Active:           355604 kB
Mem:          3.8G       3.7G       116M       5.7M        27M       3.2G

MemTotal:        4016004 kB
MemFree:          119540 kB
Active:           355660 kB
Mem:          3.8G       3.7G       116M       5.7M        27M       3.2G

MemTotal:        4016004 kB
MemFree:          119664 kB
Active:           355648 kB
Mem:          3.8G       3.7G       116M       5.7M        27M       3.2G

MemTotal:        4016004 kB
MemFree:          119540 kB
Active:           355660 kB
Mem:          3.8G       3.7G       116M       5.7M        27M       3.2G

MemTotal:        4016004 kB
MemFree:          119540 kB
Active:           355620 kB
Mem:          3.8G       3.7G       116M       5.7M        27M       3.2G

MemTotal:        4016004 kB
MemFree:          119788 kB
Active:           355640 kB
Mem:          3.8G       3.7G       116M       5.7M        27M       3.2G

MemTotal:        4016004 kB
MemFree:          119416 kB
Active:           355660 kB
Mem:          3.8G       3.7G       116M       5.7M        27M       3.2G

MemTotal:        4016004 kB
MemFree:          119168 kB
Active:           355664 kB
Mem:          3.8G       3.7G       116M       5.7M        27M       3.2G

MemTotal:        4016004 kB
MemFree:          119664 kB
Active:           355640 kB
Mem:          3.8G       3.7G       116M       5.7M        27M       3.2G

MemTotal:        4016004 kB
MemFree:          119416 kB
Active:           355616 kB
Mem:          3.8G       3.7G       116M       5.7M        27M       3.2G

MemTotal:        4016004 kB
MemFree:          119540 kB
Active:           355656 kB
Mem:          3.8G       3.7G       116M       5.7M        27M       3.2G

MemTotal:        4016004 kB
MemFree:          119540 kB
Active:           355668 kB
Mem:          3.8G       3.7G       116M       5.7M        27M       3.2G

MemTotal:        4016004 kB
MemFree:          119664 kB
Active:           355620 kB
Mem:          3.8G       3.7G       116M       5.7M        27M       3.2G

MemTotal:        4016004 kB
MemFree:          119664 kB
Active:           355636 kB
Mem:          3.8G       3.7G       116M       5.7M        27M       3.2G

MemTotal:        4016004 kB
MemFree:          119664 kB
Active:           355664 kB
Mem:          3.8G       3.7G       116M       5.7M        27M       3.2G

MemTotal:        4016004 kB
MemFree:          119664 kB
Active:           355640 kB
Mem:          3.8G       3.7G       116M       5.7M        27M       3.2G

MemTotal:        4016004 kB
MemFree:          119664 kB
Active:           355656 kB
Mem:          3.8G       3.7G       116M       5.7M        27M       3.2G

MemTotal:        4016004 kB
MemFree:          119664 kB
Active:           355628 kB
Mem:          3.8G       3.7G       116M       5.7M        27M       3.2G

MemTotal:        4016004 kB
MemFree:          119788 kB
Active:           355664 kB
Mem:          3.8G       3.7G       116M       5.7M        27M       3.2G

MemTotal:        4016004 kB
MemFree:          119788 kB
Active:           355656 kB
Mem:          3.8G       3.7G       116M       5.7M        27M       3.2G

MemTotal:        4016004 kB
MemFree:          119292 kB
Active:           355672 kB
Mem:          3.8G       3.7G       116M       5.7M        27M       3.2G

MemTotal:        4016004 kB
MemFree:          119168 kB
Active:           355676 kB
Mem:          3.8G       3.7G       116M       5.7M        27M       3.2G

MemTotal:        4016004 kB
MemFree:          119664 kB
Active:           355656 kB
Mem:          3.8G       3.7G       116M       5.7M        27M       3.2G

MemTotal:        4016004 kB
MemFree:          119912 kB
Active:           355640 kB
Mem:          3.8G       3.7G       117M       5.7M        27M       3.2G

MemTotal:        4016004 kB
MemFree:          119540 kB
Active:           355672 kB
Mem:          3.8G       3.7G       116M       5.7M        27M       3.2G

MemTotal:        4016004 kB
MemFree:          119168 kB
Active:           355636 kB
Mem:          3.8G       3.7G       116M       5.7M        27M       3.2G

MemTotal:        4016004 kB
MemFree:          119416 kB
Active:           355660 kB
Mem:          3.8G       3.7G       116M       5.7M        27M       3.2G

MemTotal:        4016004 kB
MemFree:          119416 kB
Active:           355652 kB
Mem:          3.8G       3.7G       116M       5.7M        27M       3.2G

MemTotal:        4016004 kB
MemFree:          119540 kB
Active:           355688 kB
Mem:          3.8G       3.7G       116M       5.7M        27M       3.2G

MemTotal:        4016004 kB
MemFree:          119292 kB
Active:           355660 kB
Mem:          3.8G       3.7G       116M       5.7M        27M       3.2G

MemTotal:        4016004 kB
MemFree:          119664 kB
Active:           355648 kB
Mem:          3.8G       3.7G       117M       5.7M        27M       3.2G

MemTotal:        4016004 kB
MemFree:          119664 kB
Active:           355672 kB
Mem:          3.8G       3.7G       116M       5.7M        27M       3.2G

MemTotal:        4016004 kB
MemFree:          119168 kB
Active:           355704 kB
Mem:          3.8G       3.7G       116M       5.7M        27M       3.2G

MemTotal:        4016004 kB
MemFree:          119540 kB
Active:           355688 kB
Mem:          3.8G       3.7G       116M       5.7M        27M       3.2G

MemTotal:        4016004 kB
MemFree:          119740 kB
Active:           355664 kB
Mem:          3.8G       3.7G       116M       5.7M        27M       3.2G

MemTotal:        4016004 kB
MemFree:          119292 kB
Active:           355700 kB
Mem:          3.8G       3.7G       116M       5.7M        27M       3.2G

MemTotal:        4016004 kB
MemFree:          119168 kB
Active:           355716 kB
Mem:          3.8G       3.7G       116M       5.7M        27M       3.2G

MemTotal:        4016004 kB
MemFree:          119416 kB
Active:           355680 kB
Mem:          3.8G       3.7G       116M       5.7M        27M       3.2G

MemTotal:        4016004 kB
MemFree:          119416 kB
Active:           355700 kB
Mem:          3.8G       3.7G       116M       5.7M        27M       3.2G

MemTotal:        4016004 kB
MemFree:          119788 kB
Active:           355692 kB
Mem:          3.8G       3.7G       116M       5.7M        27M       3.2G

MemTotal:        4016004 kB
MemFree:          119540 kB
Active:           355724 kB
Mem:          3.8G       3.7G       116M       5.7M        27M       3.2G

MemTotal:        4016004 kB
MemFree:          117740 kB
Active:           355712 kB
Mem:          3.8G       3.7G       115M       5.7M        27M       3.2G

MemTotal:        4016004 kB
MemFree:          117492 kB
Active:           355704 kB
Mem:          3.8G       3.7G       115M       5.7M        27M       3.2G

MemTotal:        4016004 kB
MemFree:          117864 kB
Active:           357736 kB
Mem:          3.8G       3.7G       114M       5.7M        27M       3.2G

MemTotal:        4016004 kB
MemFree:          117492 kB
Active:           357756 kB
Mem:          3.8G       3.7G       114M       5.7M        27M       3.2G

MemTotal:        4016004 kB
MemFree:          117492 kB
Active:           357756 kB
Mem:          3.8G       3.7G       114M       5.7M        27M       3.2G

MemTotal:        4016004 kB
MemFree:          117740 kB
Active:           357736 kB
Mem:          3.8G       3.7G       115M       5.7M        27M       3.2G

MemTotal:        4016004 kB
MemFree:          117492 kB
Active:           357760 kB
Mem:          3.8G       3.7G       115M       5.7M        27M       3.2G

MemTotal:        4016004 kB
MemFree:          117740 kB
Active:           357748 kB
Mem:          3.8G       3.7G       115M       5.7M        27M       3.2G

MemTotal:        4016004 kB
MemFree:          117864 kB
Active:           357724 kB
Mem:          3.8G       3.7G       114M       5.7M        27M       3.2G

MemTotal:        4016004 kB
MemFree:          117740 kB
Active:           357768 kB
Mem:          3.8G       3.7G       115M       5.7M        27M       3.2G

MemTotal:        4016004 kB
MemFree:          117492 kB
Active:           357772 kB
Mem:          3.8G       3.7G       114M       5.7M        27M       3.2G

MemTotal:        4016004 kB
MemFree:          117244 kB
Active:           357772 kB
Mem:          3.8G       3.7G       114M       5.7M        27M       3.2G

MemTotal:        4016004 kB
MemFree:          117368 kB
Active:           357760 kB
Mem:          3.8G       3.7G       114M       5.7M        27M       3.2G

MemTotal:        4016004 kB
MemFree:          117492 kB
Active:           357716 kB
Mem:          3.8G       3.7G       114M       5.7M        27M       3.2G

MemTotal:        4016004 kB
MemFree:          117244 kB
Active:           357796 kB
Mem:          3.8G       3.7G       114M       5.7M        27M       3.2G

MemTotal:        4016004 kB
MemFree:          117244 kB
Active:           357788 kB
Mem:          3.8G       3.7G       114M       5.7M        27M       3.2G

MemTotal:        4016004 kB
MemFree:          117368 kB
Active:           357760 kB
Mem:          3.8G       3.7G       114M       5.7M        27M       3.2G

MemTotal:        4016004 kB
MemFree:          117104 kB
Active:           357864 kB
Mem:          3.8G       3.7G       114M       5.7M        27M       3.2G

MemTotal:        4016004 kB
MemFree:          117104 kB
Active:           357864 kB
Mem:          3.8G       3.7G       114M       5.7M        27M       3.2G

MemTotal:        4016004 kB
MemFree:          116484 kB
Active:           357864 kB
Mem:          3.8G       3.7G       113M       5.7M        27M       3.2G

MemTotal:        4016004 kB
MemFree:          116872 kB
Active:           357852 kB
Mem:          3.8G       3.7G       113M       5.7M        27M       3.2G

MemTotal:        4016004 kB
MemFree:          117120 kB
Active:           357868 kB
Mem:          3.8G       3.7G       114M       5.7M        27M       3.2G

MemTotal:        4016004 kB
MemFree:          117244 kB
Active:           357856 kB
Mem:          3.8G       3.7G       114M       5.7M        27M       3.2G

MemTotal:        4016004 kB
MemFree:          117368 kB
Active:           357840 kB
Mem:          3.8G       3.7G       114M       5.7M        27M       3.2G

MemTotal:        4016004 kB
MemFree:          117368 kB
Active:           357872 kB
Mem:          3.8G       3.7G       114M       5.7M        27M       3.2G

MemTotal:        4016004 kB
MemFree:          117492 kB
Active:           357856 kB
Mem:          3.8G       3.7G       114M       5.7M        27M       3.2G

MemTotal:        4016004 kB
MemFree:          117244 kB
Active:           357836 kB
Mem:          3.8G       3.7G       114M       5.7M        27M       3.2G

MemTotal:        4016004 kB
MemFree:          117120 kB
Active:           357856 kB
Mem:          3.8G       3.7G       114M       5.7M        27M       3.2G

MemTotal:        4016004 kB
MemFree:          117244 kB
Active:           357828 kB
Mem:          3.8G       3.7G       114M       5.7M        27M       3.2G

MemTotal:        4016004 kB
MemFree:          117120 kB
Active:           357848 kB
Mem:          3.8G       3.7G       114M       5.7M        27M       3.2G

MemTotal:        4016004 kB
MemFree:          117368 kB
Active:           357856 kB
Mem:          3.8G       3.7G       114M       5.7M        27M       3.2G

MemTotal:        4016004 kB
MemFree:          117368 kB
Active:           357852 kB
Mem:          3.8G       3.7G       114M       5.7M        27M       3.2G

MemTotal:        4016004 kB
MemFree:          117368 kB
Active:           357868 kB
Mem:          3.8G       3.7G       114M       5.7M        27M       3.2G

MemTotal:        4016004 kB
MemFree:          117384 kB
Active:           357812 kB
Mem:          3.8G       3.7G       114M       5.7M        27M       3.2G

MemTotal:        4016004 kB
MemFree:          117384 kB
Active:           357872 kB
Mem:          3.8G       3.7G       114M       5.7M        27M       3.2G

MemTotal:        4016004 kB
MemFree:          117756 kB
Active:           357844 kB
Mem:          3.8G       3.7G       114M       5.7M        27M       3.2G

MemTotal:        4016004 kB
MemFree:          117632 kB
Active:           357832 kB
Mem:          3.8G       3.7G       114M       5.7M        27M       3.2G

MemTotal:        4016004 kB
MemFree:          117756 kB
Active:           357856 kB
Mem:          3.8G       3.7G       114M       5.7M        27M       3.2G

MemTotal:        4016004 kB
MemFree:          117632 kB
Active:           357876 kB
Mem:          3.8G       3.7G       114M       5.7M        27M       3.2G

MemTotal:        4016004 kB
MemFree:          117632 kB
Active:           357832 kB
Mem:          3.8G       3.7G       114M       5.7M        27M       3.2G

MemTotal:        4016004 kB
MemFree:          117756 kB
Active:           357836 kB
Mem:          3.8G       3.7G       115M       5.7M        27M       3.2G

MemTotal:        4016004 kB
MemFree:          117756 kB
Active:           357832 kB
Mem:          3.8G       3.7G       115M       5.7M        27M       3.2G

MemTotal:        4016004 kB
MemFree:          117384 kB
Active:           357880 kB
Mem:          3.8G       3.7G       114M       5.7M        27M       3.2G

MemTotal:        4016004 kB
MemFree:          117384 kB
Active:           357856 kB
Mem:          3.8G       3.7G       114M       5.7M        27M       3.2G

MemTotal:        4016004 kB
MemFree:          117508 kB
Active:           357888 kB
Mem:          3.8G       3.7G       114M       5.7M        27M       3.2G

MemTotal:        4016004 kB
MemFree:          117508 kB
Active:           357860 kB
Mem:          3.8G       3.7G       114M       5.7M        27M       3.2G

MemTotal:        4016004 kB
MemFree:          117508 kB
Active:           357848 kB
Mem:          3.8G       3.7G       114M       5.7M        27M       3.2G

MemTotal:        4016004 kB
MemFree:          117260 kB
Active:           357888 kB
Mem:          3.8G       3.7G       114M       5.7M        27M       3.2G

MemTotal:        4016004 kB
MemFree:          117384 kB
Active:           357848 kB
Mem:          3.8G       3.7G       114M       5.7M        27M       3.2G

MemTotal:        4016004 kB
MemFree:          117012 kB
Active:           357896 kB
Mem:          3.8G       3.7G       114M       5.7M        27M       3.2G

MemTotal:        4016004 kB
MemFree:          117260 kB
Active:           357864 kB
Mem:          3.8G       3.7G       114M       5.7M        27M       3.2G

MemTotal:        4016004 kB
MemFree:          116764 kB
Active:           357900 kB
Mem:          3.8G       3.7G       114M       5.7M        27M       3.2G

MemTotal:        4016004 kB
MemFree:          117384 kB
Active:           357900 kB
Mem:          3.8G       3.7G       114M       5.7M        27M       3.2G

MemTotal:        4016004 kB
MemFree:          117384 kB
Active:           357860 kB
Mem:          3.8G       3.7G       114M       5.7M        27M       3.2G

MemTotal:        4016004 kB
MemFree:          117260 kB
Active:           357864 kB
Mem:          3.8G       3.7G       114M       5.7M        27M       3.2G

MemTotal:        4016004 kB
MemFree:          117508 kB
Active:           357892 kB
Mem:          3.8G       3.7G       114M       5.7M        27M       3.2G

MemTotal:        4016004 kB
MemFree:          117632 kB
Active:           357888 kB
Mem:          3.8G       3.7G       114M       5.7M        27M       3.2G

MemTotal:        4016004 kB
MemFree:          117632 kB
Active:           357888 kB
Mem:          3.8G       3.7G       114M       5.7M        27M       3.2G

MemTotal:        4016004 kB
MemFree:          117708 kB
Active:           357900 kB
Mem:          3.8G       3.7G       114M       5.7M        27M       3.2G

MemTotal:        4016004 kB
MemFree:          117508 kB
Active:           357900 kB
Mem:          3.8G       3.7G       114M       5.7M        27M       3.2G

MemTotal:        4016004 kB
MemFree:          117508 kB
Active:           357912 kB
Mem:          3.8G       3.7G       114M       5.7M        27M       3.2G

MemTotal:        4016004 kB
MemFree:          117632 kB
Active:           357872 kB
Mem:          3.8G       3.7G       114M       5.7M        27M       3.2G

MemTotal:        4016004 kB
MemFree:          117384 kB
Active:           357880 kB
Mem:          3.8G       3.7G       114M       5.7M        27M       3.2G

MemTotal:        4016004 kB
MemFree:          117508 kB
Active:           357916 kB
Mem:          3.8G       3.7G       114M       5.7M        27M       3.2G

MemTotal:        4016004 kB
MemFree:          117632 kB
Active:           357896 kB
Mem:          3.8G       3.7G       114M       5.7M        27M       3.2G

MemTotal:        4016004 kB
MemFree:          117508 kB
Active:           357920 kB
Mem:          3.8G       3.7G       114M       5.7M        27M       3.2G

MemTotal:        4016004 kB
MemFree:          117508 kB
Active:           357876 kB
Mem:          3.8G       3.7G       114M       5.7M        27M       3.2G

MemTotal:        4016004 kB
MemFree:          117508 kB
Active:           357916 kB
Mem:          3.8G       3.7G       114M       5.7M        27M       3.2G

MemTotal:        4016004 kB
MemFree:          117260 kB
Active:           357948 kB
Mem:          3.8G       3.7G       114M       5.7M        27M       3.2G

MemTotal:        4016004 kB
MemFree:          116856 kB
Active:           358400 kB
Mem:          3.8G       3.7G       113M       5.7M        27M       3.2G

MemTotal:        4016004 kB
MemFree:          116020 kB
Active:           358060 kB
Mem:          3.8G       3.7G       113M       5.7M        27M       3.2G

MemTotal:        4016004 kB
MemFree:          116144 kB
Active:           358008 kB
Mem:          3.8G       3.7G       113M       5.7M        27M       3.2G

MemTotal:        4016004 kB
MemFree:          116144 kB
Active:           358016 kB
Mem:          3.8G       3.7G       113M       5.7M        27M       3.2G

MemTotal:        4016004 kB
MemFree:          116268 kB
Active:           358044 kB
Mem:          3.8G       3.7G       113M       5.7M        27M       3.2G

MemTotal:        4016004 kB
MemFree:          115896 kB
Active:           358064 kB
Mem:          3.8G       3.7G       113M       5.7M        27M       3.2G

MemTotal:        4016004 kB
MemFree:          116020 kB
Active:           358064 kB
Mem:          3.8G       3.7G       113M       5.7M        27M       3.2G

MemTotal:        4016004 kB
MemFree:          116392 kB
Active:           358052 kB
Mem:          3.8G       3.7G       113M       5.7M        27M       3.2G

MemTotal:        4016004 kB
MemFree:          116268 kB
Active:           358064 kB
Mem:          3.8G       3.7G       113M       5.7M        27M       3.2G

MemTotal:        4016004 kB
MemFree:          116392 kB
Active:           358032 kB
Mem:          3.8G       3.7G       113M       5.7M        27M       3.2G

MemTotal:        4016004 kB
MemFree:          116516 kB
Active:           358060 kB
Mem:          3.8G       3.7G       113M       5.7M        27M       3.2G

MemTotal:        4016004 kB
MemFree:          116268 kB
Active:           358068 kB
Mem:          3.8G       3.7G       113M       5.7M        27M       3.2G

MemTotal:        4016004 kB
MemFree:          116268 kB
Active:           358048 kB
Mem:          3.8G       3.7G       113M       5.7M        27M       3.2G

MemTotal:        4016004 kB
MemFree:          116268 kB
Active:           358028 kB
Mem:          3.8G       3.7G       113M       5.7M        27M       3.2G

MemTotal:        4016004 kB
MemFree:          116392 kB
Active:           358024 kB
Mem:          3.8G       3.7G       113M       5.7M        27M       3.2G

MemTotal:        4016004 kB
MemFree:          116392 kB
Active:           358024 kB
Mem:          3.8G       3.7G       113M       5.7M        27M       3.2G

MemTotal:        4016004 kB
MemFree:          116268 kB
Active:           358052 kB
Mem:          3.8G       3.7G       113M       5.7M        27M       3.2G

MemTotal:        4016004 kB
MemFree:          116020 kB
Active:           358072 kB
Mem:          3.8G       3.7G       113M       5.7M        27M       3.2G

MemTotal:        4016004 kB
MemFree:          116392 kB
Active:           358044 kB
Mem:          3.8G       3.7G       113M       5.7M        27M       3.2G

MemTotal:        4016004 kB
MemFree:          116268 kB
Active:           358076 kB
Mem:          3.8G       3.7G       113M       5.7M        27M       3.2G

MemTotal:        4016004 kB
MemFree:          116268 kB
Active:           358028 kB
Mem:          3.8G       3.7G       113M       5.7M        27M       3.2G

MemTotal:        4016004 kB
MemFree:          116268 kB
Active:           358056 kB
Mem:          3.8G       3.7G       113M       5.7M        27M       3.2G

MemTotal:        4016004 kB
MemFree:          116516 kB
Active:           358044 kB
Mem:          3.8G       3.7G       113M       5.7M        27M       3.2G

MemTotal:        4016004 kB
MemFree:          116516 kB
Active:           358044 kB
Mem:          3.8G       3.7G       113M       5.7M        27M       3.2G

MemTotal:        4016004 kB
MemFree:          116516 kB
Active:           358096 kB
Mem:          3.8G       3.7G       114M       5.7M        27M       3.2G

MemTotal:        4016004 kB
MemFree:          116764 kB
Active:           358100 kB
Mem:          3.8G       3.7G       114M       5.7M        27M       3.2G

MemTotal:        4016004 kB
MemFree:          117260 kB
Active:           358060 kB
Mem:          3.8G       3.7G       114M       5.7M        27M       3.2G

MemTotal:        4016004 kB
MemFree:          117260 kB
Active:           358092 kB
Mem:          3.8G       3.7G       114M       5.7M        27M       3.2G

MemTotal:        4016004 kB
MemFree:          117384 kB
Active:           358076 kB
Mem:          3.8G       3.7G       114M       5.7M        27M       3.2G

MemTotal:        4016004 kB
MemFree:          117012 kB
Active:           358076 kB
Mem:          3.8G       3.7G       113M       5.7M        27M       3.2G

MemTotal:        4016004 kB
MemFree:          116764 kB
Active:           358080 kB
Mem:          3.8G       3.7G       114M       5.7M        27M       3.2G

MemTotal:        4016004 kB
MemFree:          116764 kB
Active:           358108 kB
Mem:          3.8G       3.7G       114M       5.7M        27M       3.2G

MemTotal:        4016004 kB
MemFree:          116764 kB
Active:           358072 kB
Mem:          3.8G       3.7G       113M       5.7M        27M       3.2G

MemTotal:        4016004 kB
MemFree:          116764 kB
Active:           358096 kB
Mem:          3.8G       3.7G       113M       5.7M        27M       3.2G

MemTotal:        4016004 kB
MemFree:          116640 kB
Active:           358072 kB
Mem:          3.8G       3.7G       113M       5.7M        27M       3.2G

MemTotal:        4016004 kB
MemFree:          116764 kB
Active:           358076 kB
Mem:          3.8G       3.7G       113M       5.7M        27M       3.2G

MemTotal:        4016004 kB
MemFree:          116268 kB
Active:           358124 kB
Mem:          3.8G       3.7G       113M       5.7M        27M       3.2G

MemTotal:        4016004 kB
MemFree:          116764 kB
Active:           358108 kB
Mem:          3.8G       3.7G       114M       5.7M        27M       3.2G

MemTotal:        4016004 kB
MemFree:          117136 kB
Active:           358084 kB
Mem:          3.8G       3.7G       113M       5.7M        27M       3.2G

MemTotal:        4016004 kB
MemFree:          116268 kB
Active:           358124 kB
Mem:          3.8G       3.7G       113M       5.7M        27M       3.2G

MemTotal:        4016004 kB
MemFree:          116640 kB
Active:           358096 kB
Mem:          3.8G       3.7G       114M       5.7M        27M       3.2G

MemTotal:        4016004 kB
MemFree:          117012 kB
Active:           358088 kB
Mem:          3.8G       3.7G       114M       5.7M        27M       3.2G

MemTotal:        4016004 kB
MemFree:          117136 kB
Active:           358112 kB
Mem:          3.8G       3.7G       114M       5.7M        27M       3.2G

MemTotal:        4016004 kB
MemFree:          117012 kB
Active:           358076 kB
Mem:          3.8G       3.7G       114M       5.7M        27M       3.2G

MemTotal:        4016004 kB
MemFree:          116640 kB
Active:           358112 kB
Mem:          3.8G       3.7G       113M       5.7M        27M       3.2G

MemTotal:        4016004 kB
MemFree:          117012 kB
Active:           358064 kB
Mem:          3.8G       3.7G       114M       5.7M        27M       3.2G

MemTotal:        4016004 kB
MemFree:          116640 kB
Active:           358116 kB
Mem:          3.8G       3.7G       113M       5.7M        27M       3.2G

MemTotal:        4016004 kB
MemFree:          116392 kB
Active:           358140 kB
Mem:          3.8G       3.7G       113M       5.7M        27M       3.2G

MemTotal:        4016004 kB
MemFree:          116144 kB
Active:           358140 kB
Mem:          3.8G       3.7G       113M       5.7M        27M       3.2G

MemTotal:        4016004 kB
MemFree:          116888 kB
Active:           358128 kB
Mem:          3.8G       3.7G       114M       5.7M        27M       3.2G

MemTotal:        4016004 kB
MemFree:          116764 kB
Active:           358120 kB
Mem:          3.8G       3.7G       114M       5.7M        27M       3.2G

MemTotal:        4016004 kB
MemFree:          116640 kB
Active:           358128 kB
Mem:          3.8G       3.7G       113M       5.7M        27M       3.2G

MemTotal:        4016004 kB
MemFree:          116268 kB
Active:           358152 kB
Mem:          3.8G       3.7G       113M       5.7M        27M       3.2G

MemTotal:        4016004 kB
MemFree:          116764 kB
Active:           358144 kB
Mem:          3.8G       3.7G       114M       5.7M        27M       3.2G

MemTotal:        4016004 kB
MemFree:          116748 kB
Active:           358096 kB
Mem:          3.8G       3.7G       114M       5.7M        27M       3.2G

MemTotal:        4016004 kB
MemFree:          116128 kB
Active:           358152 kB
Mem:          3.8G       3.7G       113M       5.7M        27M       3.2G

MemTotal:        4016004 kB
MemFree:          116500 kB
Active:           358152 kB
Mem:          3.8G       3.7G       113M       5.7M        27M       3.2G

MemTotal:        4016004 kB
MemFree:          116360 kB
Active:           358144 kB
Mem:          3.8G       3.7G       113M       5.7M        27M       3.2G

MemTotal:        4016004 kB
MemFree:          116484 kB
Active:           358164 kB
Mem:          3.8G       3.7G       113M       5.7M        27M       3.2G

MemTotal:        4016004 kB
MemFree:          116376 kB
Active:           358116 kB
Mem:          3.8G       3.7G       113M       5.7M        27M       3.2G

MemTotal:        4016004 kB
MemFree:          116376 kB
Active:           358140 kB
Mem:          3.8G       3.7G       113M       5.7M        27M       3.2G

MemTotal:        4016004 kB
MemFree:          116376 kB
Active:           358160 kB
Mem:          3.8G       3.7G       113M       5.7M        27M       3.2G

MemTotal:        4016004 kB
MemFree:          116376 kB
Active:           358132 kB
Mem:          3.8G       3.7G       113M       5.7M        27M       3.2G

MemTotal:        4016004 kB
MemFree:          116624 kB
Active:           358156 kB
Mem:          3.8G       3.7G       114M       5.7M        27M       3.2G

MemTotal:        4016004 kB
MemFree:          116872 kB
Active:           358172 kB
Mem:          3.8G       3.7G       114M       5.7M        27M       3.2G

MemTotal:        4016004 kB
MemFree:          117120 kB
Active:           358108 kB
Mem:          3.8G       3.7G       114M       5.7M        27M       3.2G

MemTotal:        4016004 kB
MemFree:          117368 kB
Active:           358148 kB
Mem:          3.8G       3.7G       114M       5.7M        27M       3.2G

MemTotal:        4016004 kB
MemFree:          117616 kB
Active:           358144 kB
Mem:          3.8G       3.7G       114M       5.7M        27M       3.2G

MemTotal:        4016004 kB
MemFree:          116624 kB
Active:           358172 kB
Mem:          3.8G       3.7G       114M       5.7M        27M       3.2G

MemTotal:        4016004 kB
MemFree:          116996 kB
Active:           358132 kB
Mem:          3.8G       3.7G       114M       5.7M        27M       3.2G

MemTotal:        4016004 kB
MemFree:          117120 kB
Active:           358132 kB
Mem:          3.8G       3.7G       114M       5.7M        27M       3.2G

MemTotal:        4016004 kB
MemFree:          116996 kB
Active:           358164 kB
Mem:          3.8G       3.7G       114M       5.7M        27M       3.2G

MemTotal:        4016004 kB
MemFree:          116624 kB
Active:           358164 kB
Mem:          3.8G       3.7G       113M       5.7M        27M       3.2G

MemTotal:        4016004 kB
MemFree:          116128 kB
Active:           358184 kB
Mem:          3.8G       3.7G       113M       5.7M        27M       3.2G

MemTotal:        4016004 kB
MemFree:          116252 kB
Active:           358136 kB
Mem:          3.8G       3.7G       113M       5.7M        27M       3.2G

MemTotal:        4016004 kB
MemFree:          116748 kB
Active:           358164 kB
Mem:          3.8G       3.7G       113M       5.7M        27M       3.2G

MemTotal:        4016004 kB
MemFree:          116624 kB
Active:           358156 kB
Mem:          3.8G       3.7G       113M       5.7M        27M       3.2G

MemTotal:        4016004 kB
MemFree:          116376 kB
Active:           358192 kB
Mem:          3.8G       3.7G       113M       5.7M        27M       3.2G

MemTotal:        4016004 kB
MemFree:          116624 kB
Active:           358156 kB
Mem:          3.8G       3.7G       113M       5.7M        27M       3.2G

MemTotal:        4016004 kB
MemFree:          116748 kB
Active:           358168 kB
Mem:          3.8G       3.7G       113M       5.7M        27M       3.2G

MemTotal:        4016004 kB
MemFree:          116252 kB
Active:           358200 kB
Mem:          3.8G       3.7G       113M       5.7M        27M       3.2G

MemTotal:        4016004 kB
MemFree:          116128 kB
Active:           358180 kB
Mem:          3.8G       3.7G       113M       5.7M        27M       3.2G

MemTotal:        4016004 kB
MemFree:          116128 kB
Active:           358192 kB
Mem:          3.8G       3.7G       113M       5.7M        27M       3.2G

MemTotal:        4016004 kB
MemFree:          116252 kB
Active:           358204 kB
Mem:          3.8G       3.7G       113M       5.7M        27M       3.2G

MemTotal:        4016004 kB
MemFree:          116252 kB
Active:           358164 kB
Mem:          3.8G       3.7G       113M       5.7M        27M       3.2G

MemTotal:        4016004 kB
MemFree:          116252 kB
Active:           358196 kB
Mem:          3.8G       3.7G       113M       5.7M        27M       3.2G

MemTotal:        4016004 kB
MemFree:          116252 kB
Active:           358164 kB
Mem:          3.8G       3.7G       113M       5.7M        27M       3.2G

MemTotal:        4016004 kB
MemFree:          116376 kB
Active:           358192 kB
Mem:          3.8G       3.7G       113M       5.7M        27M       3.2G

MemTotal:        4016004 kB
MemFree:          116252 kB
Active:           358188 kB
Mem:          3.8G       3.7G       113M       5.7M        27M       3.2G

MemTotal:        4016004 kB
MemFree:          116748 kB
Active:           358164 kB
Mem:          3.8G       3.7G       113M       5.7M        27M       3.2G

MemTotal:        4016004 kB
MemFree:          116872 kB
Active:           358192 kB
Mem:          3.8G       3.7G       113M       5.7M        27M       3.2G

MemTotal:        4016004 kB
MemFree:          116872 kB
Active:           358196 kB
Mem:          3.8G       3.7G       113M       5.7M        27M       3.2G

MemTotal:        4016004 kB
MemFree:          117244 kB
Active:           358172 kB
Mem:          3.8G       3.7G       114M       5.7M        27M       3.2G

MemTotal:        4016004 kB
MemFree:          116996 kB
Active:           358224 kB
Mem:          3.8G       3.7G       114M       5.7M        27M       3.2G

MemTotal:        4016004 kB
MemFree:          116872 kB
Active:           358204 kB
Mem:          3.8G       3.7G       114M       5.7M        27M       3.2G

MemTotal:        4016004 kB
MemFree:          116996 kB
Active:           358168 kB
Mem:          3.8G       3.7G       114M       5.7M        27M       3.2G

MemTotal:        4016004 kB
MemFree:          116872 kB
Active:           358176 kB
Mem:          3.8G       3.7G       114M       5.7M        27M       3.2G

MemTotal:        4016004 kB
MemFree:          116872 kB
Active:           358216 kB
Mem:          3.8G       3.7G       114M       5.7M        27M       3.2G

MemTotal:        4016004 kB
MemFree:          116872 kB
Active:           358188 kB
Mem:          3.8G       3.7G       113M       5.7M        27M       3.2G

MemTotal:        4016004 kB
MemFree:          116996 kB
Active:           358192 kB
Mem:          3.8G       3.7G       114M       5.7M        27M       3.2G

MemTotal:        4016004 kB
MemFree:          116996 kB
Active:           358188 kB
Mem:          3.8G       3.7G       114M       5.7M        27M       3.2G

MemTotal:        4016004 kB
MemFree:          116996 kB
Active:           358208 kB
Mem:          3.8G       3.7G       114M       5.7M        27M       3.2G

MemTotal:        4016004 kB
MemFree:          116872 kB
Active:           358232 kB
Mem:          3.8G       3.7G       114M       5.7M        27M       3.2G

MemTotal:        4016004 kB
MemFree:          116872 kB
Active:           358200 kB
Mem:          3.8G       3.7G       114M       5.7M        27M       3.2G

MemTotal:        4016004 kB
MemFree:          116500 kB
Active:           358252 kB
