MemTotal:        4016004 kB
MemFree:         3237720 kB
Active:           424584 kB
Mem:          3.8G       760M       3.1G       5.7M        51M       321M

MemTotal:        4016004 kB
MemFree:         3236448 kB
Active:           425084 kB
Mem:          3.8G       761M       3.1G       5.7M        51M       321M

MemTotal:        4016004 kB
MemFree:         3235812 kB
Active:           425168 kB
Mem:          3.8G       761M       3.1G       5.7M        51M       321M

MemTotal:        4016004 kB
MemFree:         3236292 kB
Active:           425160 kB
Mem:          3.8G       761M       3.1G       5.7M        51M       321M

MemTotal:        4016004 kB
MemFree:         3236292 kB
Active:           425128 kB
Mem:          3.8G       761M       3.1G       5.7M        51M       321M

MemTotal:        4016004 kB
MemFree:         3236400 kB
Active:           425156 kB
Mem:          3.8G       761M       3.1G       5.7M        51M       321M

MemTotal:        4016004 kB
MemFree:         3236384 kB
Active:           425132 kB
Mem:          3.8G       760M       3.1G       5.7M        51M       321M

MemTotal:        4016004 kB
MemFree:         3236368 kB
Active:           425120 kB
Mem:          3.8G       761M       3.1G       5.7M        51M       321M

MemTotal:        4016004 kB
MemFree:         3236368 kB
Active:           425148 kB
Mem:          3.8G       761M       3.1G       5.7M        51M       321M

MemTotal:        4016004 kB
MemFree:         3236228 kB
Active:           425152 kB
Mem:          3.8G       761M       3.1G       5.7M        51M       321M

MemTotal:        4016004 kB
MemFree:         3236228 kB
Active:           425136 kB
Mem:          3.8G       761M       3.1G       5.7M        51M       321M

MemTotal:        4016004 kB
MemFree:         3235948 kB
Active:           425180 kB
Mem:          3.8G       761M       3.1G       5.7M        51M       321M

MemTotal:        4016004 kB
MemFree:         3236196 kB
Active:           425176 kB
Mem:          3.8G       761M       3.1G       5.7M        51M       321M

MemTotal:        4016004 kB
MemFree:         3235388 kB
Active:           423140 kB
Mem:          3.8G       762M       3.1G       5.7M        51M       321M

MemTotal:        4016004 kB
MemFree:         3234908 kB
Active:           425196 kB
Mem:          3.8G       762M       3.1G       5.7M        51M       321M

MemTotal:        4016004 kB
MemFree:         3235512 kB
Active:           425184 kB
Mem:          3.8G       762M       3.1G       5.7M        51M       321M

MemTotal:        4016004 kB
MemFree:         3235372 kB
Active:           425156 kB
Mem:          3.8G       762M       3.1G       5.7M        51M       321M

MemTotal:        4016004 kB
MemFree:         3235372 kB
Active:           425144 kB
Mem:          3.8G       762M       3.1G       5.7M        51M       321M

MemTotal:        4016004 kB
MemFree:         3235232 kB
Active:           425184 kB
Mem:          3.8G       762M       3.1G       5.7M        51M       321M

MemTotal:        4016004 kB
MemFree:         3235232 kB
Active:           425172 kB
Mem:          3.8G       762M       3.1G       5.7M        51M       321M

MemTotal:        4016004 kB
MemFree:         3234860 kB
Active:           425168 kB
Mem:          3.8G       762M       3.1G       5.7M        51M       321M

MemTotal:        4016004 kB
MemFree:         3235232 kB
Active:           425152 kB
Mem:          3.8G       762M       3.1G       5.7M        51M       321M

MemTotal:        4016004 kB
MemFree:         3235356 kB
Active:           425188 kB
Mem:          3.8G       762M       3.1G       5.7M        51M       321M

MemTotal:        4016004 kB
MemFree:         3233740 kB
Active:           425156 kB
Mem:          3.8G       764M       3.1G       5.7M        51M       321M

MemTotal:        4016004 kB
MemFree:         3233740 kB
Active:           427188 kB
Mem:          3.8G       764M       3.1G       5.7M        51M       321M

MemTotal:        4016004 kB
MemFree:         3233616 kB
Active:           427208 kB
Mem:          3.8G       764M       3.1G       5.7M        51M       321M

MemTotal:        4016004 kB
MemFree:         3233740 kB
Active:           427188 kB
Mem:          3.8G       763M       3.1G       5.7M        51M       321M

MemTotal:        4016004 kB
MemFree:         3233988 kB
Active:           427196 kB
Mem:          3.8G       763M       3.1G       5.7M        51M       321M

MemTotal:        4016004 kB
MemFree:         3233988 kB
Active:           427228 kB
Mem:          3.8G       763M       3.1G       5.7M        51M       321M

MemTotal:        4016004 kB
MemFree:         3233988 kB
Active:           427220 kB
Mem:          3.8G       763M       3.1G       5.7M        51M       321M

MemTotal:        4016004 kB
MemFree:         3233988 kB
Active:           427192 kB
Mem:          3.8G       763M       3.1G       5.7M        51M       321M

MemTotal:        4016004 kB
MemFree:         3233740 kB
Active:           427248 kB
Mem:          3.8G       763M       3.1G       5.7M        51M       321M

MemTotal:        4016004 kB
MemFree:         3233600 kB
Active:           427248 kB
Mem:          3.8G       763M       3.1G       5.7M        51M       321M

MemTotal:        4016004 kB
MemFree:         3233396 kB
Active:           425200 kB
Mem:          3.8G       764M       3.1G       5.7M        51M       321M

MemTotal:        4016004 kB
MemFree:         3233752 kB
Active:           427220 kB
Mem:          3.8G       763M       3.1G       5.7M        51M       321M

MemTotal:        4016004 kB
MemFree:         3233876 kB
Active:           427252 kB
Mem:          3.8G       764M       3.1G       5.7M        51M       321M

MemTotal:        4016004 kB
MemFree:         3233628 kB
Active:           427216 kB
Mem:          3.8G       764M       3.1G       5.7M        51M       321M

MemTotal:        4016004 kB
MemFree:         3233256 kB
Active:           427248 kB
Mem:          3.8G       764M       3.1G       5.7M        51M       321M

MemTotal:        4016004 kB
MemFree:         3233256 kB
Active:           427216 kB
Mem:          3.8G       764M       3.1G       5.7M        51M       321M

MemTotal:        4016004 kB
MemFree:         3233132 kB
Active:           427212 kB
Mem:          3.8G       764M       3.1G       5.7M        51M       321M

MemTotal:        4016004 kB
MemFree:         3233380 kB
Active:           427232 kB
Mem:          3.8G       764M       3.1G       5.7M        51M       321M

MemTotal:        4016004 kB
MemFree:         3232992 kB
Active:           427272 kB
Mem:          3.8G       764M       3.1G       5.7M        51M       321M

MemTotal:        4016004 kB
MemFree:         3233348 kB
Active:           427240 kB
Mem:          3.8G       764M       3.1G       5.7M        51M       321M

MemTotal:        4016004 kB
MemFree:         3232272 kB
Active:           425224 kB
Mem:          3.8G       765M       3.1G       5.7M        51M       321M

MemTotal:        4016004 kB
MemFree:         3232768 kB
Active:           427268 kB
Mem:          3.8G       764M       3.1G       5.7M        51M       321M

MemTotal:        4016004 kB
MemFree:         3232892 kB
Active:           427228 kB
Mem:          3.8G       764M       3.1G       5.7M        51M       321M

MemTotal:        4016004 kB
MemFree:         3232832 kB
Active:           427252 kB
Mem:          3.8G       764M       3.1G       5.7M        51M       321M

MemTotal:        4016004 kB
MemFree:         3233080 kB
Active:           427252 kB
Mem:          3.8G       764M       3.1G       5.7M        51M       321M

MemTotal:        4016004 kB
MemFree:         3232956 kB
Active:           427260 kB
Mem:          3.8G       764M       3.1G       5.7M        51M       321M

MemTotal:        4016004 kB
MemFree:         3233328 kB
Active:           427288 kB
Mem:          3.8G       764M       3.1G       5.7M        51M       321M

MemTotal:        4016004 kB
MemFree:         3233328 kB
Active:           427240 kB
Mem:          3.8G       764M       3.1G       5.7M        51M       321M

MemTotal:        4016004 kB
MemFree:         3233452 kB
Active:           427268 kB
Mem:          3.8G       764M       3.1G       5.7M        51M       321M

MemTotal:        4016004 kB
MemFree:         3233452 kB
Active:           427276 kB
Mem:          3.8G       764M       3.1G       5.7M        51M       321M

MemTotal:        4016004 kB
MemFree:         3233452 kB
Active:           427268 kB
Mem:          3.8G       764M       3.1G       5.7M        51M       321M

MemTotal:        4016004 kB
MemFree:         3233576 kB
Active:           427308 kB
Mem:          3.8G       764M       3.1G       5.7M        51M       321M

MemTotal:        4016004 kB
MemFree:         3233576 kB
Active:           427296 kB
Mem:          3.8G       764M       3.1G       5.7M        51M       321M

MemTotal:        4016004 kB
MemFree:         3233576 kB
Active:           427268 kB
Mem:          3.8G       764M       3.1G       5.7M        51M       321M

MemTotal:        4016004 kB
MemFree:         3233700 kB
Active:           427276 kB
Mem:          3.8G       764M       3.1G       5.7M        51M       321M

MemTotal:        4016004 kB
MemFree:         3233380 kB
Active:           427324 kB
Mem:          3.8G       764M       3.1G       5.7M        51M       321M

MemTotal:        4016004 kB
MemFree:         3233628 kB
Active:           427276 kB
Mem:          3.8G       763M       3.1G       5.7M        51M       321M

MemTotal:        4016004 kB
MemFree:         3233380 kB
Active:           427324 kB
Mem:          3.8G       764M       3.1G       5.7M        51M       321M

MemTotal:        4016004 kB
MemFree:         3233380 kB
Active:           427272 kB
Mem:          3.8G       764M       3.1G       5.7M        51M       321M

MemTotal:        4016004 kB
MemFree:         3233364 kB
Active:           427304 kB
Mem:          3.8G       764M       3.1G       5.7M        51M       321M

MemTotal:        4016004 kB
MemFree:         3232788 kB
Active:           425280 kB
Mem:          3.8G       764M       3.1G       5.7M        51M       321M

MemTotal:        4016004 kB
MemFree:         3233036 kB
Active:           427328 kB
Mem:          3.8G       764M       3.1G       5.7M        51M       321M

MemTotal:        4016004 kB
MemFree:         3232788 kB
Active:           427336 kB
Mem:          3.8G       764M       3.1G       5.7M        51M       321M

MemTotal:        4016004 kB
MemFree:         3233392 kB
Active:           427324 kB
Mem:          3.8G       764M       3.1G       5.7M        51M       321M

MemTotal:        4016004 kB
MemFree:         3233640 kB
Active:           427284 kB
Mem:          3.8G       764M       3.1G       5.7M        51M       321M

MemTotal:        4016004 kB
MemFree:         3233004 kB
Active:           427292 kB
Mem:          3.8G       764M       3.1G       5.7M        51M       321M

MemTotal:        4016004 kB
MemFree:         3233004 kB
Active:           427336 kB
Mem:          3.8G       764M       3.1G       5.7M        51M       321M

MemTotal:        4016004 kB
MemFree:         3233484 kB
Active:           427332 kB
Mem:          3.8G       764M       3.1G       5.7M        51M       321M

MemTotal:        4016004 kB
MemFree:         3233344 kB
Active:           427312 kB
Mem:          3.8G       764M       3.1G       5.7M        51M       321M

MemTotal:        4016004 kB
MemFree:         3233328 kB
Active:           427280 kB
Mem:          3.8G       764M       3.1G       5.7M        51M       321M

MemTotal:        4016004 kB
MemFree:         3233452 kB
Active:           427308 kB
Mem:          3.8G       764M       3.1G       5.7M        51M       321M

MemTotal:        4016004 kB
MemFree:         3233764 kB
Active:           427296 kB
Mem:          3.8G       764M       3.1G       5.7M        51M       321M

MemTotal:        4016004 kB
MemFree:         3233640 kB
Active:           427332 kB
Mem:          3.8G       764M       3.1G       5.7M        51M       321M

MemTotal:        4016004 kB
MemFree:         3233592 kB
Active:           427336 kB
Mem:          3.8G       763M       3.1G       5.7M        51M       321M

MemTotal:        4016004 kB
MemFree:         3233516 kB
Active:           427292 kB
Mem:          3.8G       764M       3.1G       5.7M        51M       321M

MemTotal:        4016004 kB
MemFree:         3233764 kB
Active:           427332 kB
Mem:          3.8G       764M       3.1G       5.7M        51M       321M

MemTotal:        4016004 kB
MemFree:         3233640 kB
Active:           427300 kB
Mem:          3.8G       763M       3.1G       5.7M        51M       321M

MemTotal:        4016004 kB
MemFree:         3233748 kB
Active:           427328 kB
Mem:          3.8G       764M       3.1G       5.7M        51M       321M

MemTotal:        4016004 kB
MemFree:         3233688 kB
Active:           427340 kB
Mem:          3.8G       764M       3.1G       5.7M        51M       321M

MemTotal:        4016004 kB
MemFree:         3233564 kB
Active:           427292 kB
Mem:          3.8G       764M       3.1G       5.7M        51M       321M

MemTotal:        4016004 kB
MemFree:         3233688 kB
Active:           427352 kB
Mem:          3.8G       764M       3.1G       5.7M        51M       321M

MemTotal:        4016004 kB
MemFree:         3233440 kB
Active:           427332 kB
Mem:          3.8G       764M       3.1G       5.7M        51M       321M

MemTotal:        4016004 kB
MemFree:         3233672 kB
Active:           427304 kB
Mem:          3.8G       764M       3.1G       5.7M        51M       321M

MemTotal:        4016004 kB
MemFree:         3233392 kB
Active:           427328 kB
Mem:          3.8G       764M       3.1G       5.7M        51M       321M

MemTotal:        4016004 kB
MemFree:         3233624 kB
Active:           427300 kB
Mem:          3.8G       764M       3.1G       5.7M        51M       321M

MemTotal:        4016004 kB
MemFree:         3233516 kB
Active:           427316 kB
Mem:          3.8G       764M       3.1G       5.7M        51M       321M

MemTotal:        4016004 kB
MemFree:         3233516 kB
Active:           427336 kB
Mem:          3.8G       764M       3.1G       5.7M        51M       321M

MemTotal:        4016004 kB
MemFree:         3233888 kB
Active:           427304 kB
Mem:          3.8G       763M       3.1G       5.7M        51M       321M

MemTotal:        4016004 kB
MemFree:         3234012 kB
Active:           427348 kB
Mem:          3.8G       763M       3.1G       5.7M        51M       321M

MemTotal:        4016004 kB
MemFree:         3233376 kB
Active:           425384 kB
Mem:          3.8G       764M       3.1G       5.7M        51M       321M

MemTotal:        4016004 kB
MemFree:         3233748 kB
Active:           427424 kB
Mem:          3.8G       763M       3.1G       5.7M        51M       321M

MemTotal:        4016004 kB
MemFree:         3234244 kB
Active:           427376 kB
Mem:          3.8G       763M       3.1G       5.7M        51M       321M

MemTotal:        4016004 kB
MemFree:         3234104 kB
Active:           427408 kB
Mem:          3.8G       763M       3.1G       5.7M        51M       321M

MemTotal:        4016004 kB
MemFree:         3233656 kB
Active:           427440 kB
Mem:          3.8G       763M       3.1G       5.7M        51M       321M

MemTotal:        4016004 kB
MemFree:         3233780 kB
Active:           427400 kB
Mem:          3.8G       763M       3.1G       5.7M        51M       321M

MemTotal:        4016004 kB
MemFree:         3233780 kB
Active:           427408 kB
Mem:          3.8G       763M       3.1G       5.7M        51M       321M

MemTotal:        4016004 kB
MemFree:         3233284 kB
Active:           427416 kB
Mem:          3.8G       764M       3.1G       5.7M        51M       321M

MemTotal:        4016004 kB
MemFree:         3233144 kB
Active:           427556 kB
Mem:          3.8G       764M       3.1G       5.7M        51M       321M

MemTotal:        4016004 kB
MemFree:         3192748 kB
Active:           427788 kB
Mem:          3.8G       804M       3.0G       5.7M        52M       361M

MemTotal:        4016004 kB
MemFree:         3152360 kB
Active:           425848 kB
Mem:          3.8G       843M       3.0G       5.7M        52M       400M

MemTotal:        4016004 kB
MemFree:         3137356 kB
Active:           427856 kB
Mem:          3.8G       858M       3.0G       5.7M        52M       414M

MemTotal:        4016004 kB
MemFree:         3095068 kB
Active:           427932 kB
Mem:          3.8G       899M       3.0G       5.7M        52M       455M

MemTotal:        4016004 kB
MemFree:         3051680 kB
Active:           427920 kB
Mem:          3.8G       942M       2.9G       5.7M        52M       497M

MemTotal:        4016004 kB
MemFree:         3009300 kB
Active:           427968 kB
Mem:          3.8G       983M       2.9G       5.7M        52M       537M

MemTotal:        4016004 kB
MemFree:         2965432 kB
Active:           427952 kB
Mem:          3.8G       1.0G       2.8G       5.7M        52M       579M

MemTotal:        4016004 kB
MemFree:         2922912 kB
Active:           428032 kB
Mem:          3.8G       1.0G       2.8G       5.7M        52M       621M

MemTotal:        4016004 kB
MemFree:         2879664 kB
Active:           428008 kB
Mem:          3.8G       1.1G       2.7G       5.7M        52M       662M

MemTotal:        4016004 kB
MemFree:         2836276 kB
Active:           428036 kB
Mem:          3.8G       1.1G       2.7G       5.7M        52M       704M

MemTotal:        4016004 kB
MemFree:         2798052 kB
Active:           428040 kB
Mem:          3.8G       1.2G       2.7G       5.7M        52M       741M

MemTotal:        4016004 kB
MemFree:         2779884 kB
Active:           428104 kB
Mem:          3.8G       1.2G       2.7G       5.7M        52M       758M

MemTotal:        4016004 kB
MemFree:         2736280 kB
Active:           428096 kB
Mem:          3.8G       1.2G       2.6G       5.7M        52M       800M

MemTotal:        4016004 kB
MemFree:         2699108 kB
Active:           428116 kB
Mem:          3.8G       1.3G       2.6G       5.7M        52M       835M

MemTotal:        4016004 kB
MemFree:         2697712 kB
Active:           428160 kB
Mem:          3.8G       1.3G       2.6G       5.7M        52M       837M

MemTotal:        4016004 kB
MemFree:         2696408 kB
Active:           428212 kB
Mem:          3.8G       1.3G       2.6G       5.7M        52M       838M

MemTotal:        4016004 kB
MemFree:         2663596 kB
Active:           428248 kB
Mem:          3.8G       1.3G       2.5G       5.7M        52M       870M

MemTotal:        4016004 kB
MemFree:         2620844 kB
Active:           428272 kB
Mem:          3.8G       1.3G       2.5G       5.7M        52M       911M

MemTotal:        4016004 kB
MemFree:         2577676 kB
Active:           428264 kB
Mem:          3.8G       1.4G       2.5G       5.7M        52M       952M

MemTotal:        4016004 kB
MemFree:         2536660 kB
Active:           428308 kB
Mem:          3.8G       1.4G       2.4G       5.7M        52M       992M

MemTotal:        4016004 kB
MemFree:         2493660 kB
Active:           428336 kB
Mem:          3.8G       1.5G       2.4G       5.7M        52M       1.0G

MemTotal:        4016004 kB
MemFree:         2449652 kB
Active:           428312 kB
Mem:          3.8G       1.5G       2.3G       5.7M        52M       1.1G

MemTotal:        4016004 kB
MemFree:         2407380 kB
Active:           428384 kB
Mem:          3.8G       1.5G       2.3G       5.7M        52M       1.1G

MemTotal:        4016004 kB
MemFree:         2363992 kB
Active:           428388 kB
Mem:          3.8G       1.6G       2.3G       5.7M        52M       1.1G

MemTotal:        4016004 kB
MemFree:         2320480 kB
Active:           428428 kB
Mem:          3.8G       1.6G       2.2G       5.7M        52M       1.2G

MemTotal:        4016004 kB
MemFree:         2277696 kB
Active:           428408 kB
Mem:          3.8G       1.7G       2.2G       5.7M        52M       1.2G

MemTotal:        4016004 kB
MemFree:         2242064 kB
Active:           428424 kB
Mem:          3.8G       1.7G       2.1G       5.7M        52M       1.2G

MemTotal:        4016004 kB
MemFree:         2240128 kB
Active:           428500 kB
Mem:          3.8G       1.7G       2.1G       5.7M        52M       1.2G

MemTotal:        4016004 kB
MemFree:         2203184 kB
Active:           428516 kB
Mem:          3.8G       1.7G       2.1G       5.7M        52M       1.3G

MemTotal:        4016004 kB
MemFree:         2159968 kB
Active:           428496 kB
Mem:          3.8G       1.8G       2.1G       5.7M        52M       1.3G

MemTotal:        4016004 kB
MemFree:         2117256 kB
Active:           428520 kB
Mem:          3.8G       1.8G       2.0G       5.7M        52M       1.4G

MemTotal:        4016004 kB
MemFree:         2074152 kB
Active:           426488 kB
Mem:          3.8G       1.9G       2.0G       5.7M        52M       1.4G

MemTotal:        4016004 kB
MemFree:         2032004 kB
Active:           428536 kB
Mem:          3.8G       1.9G       1.9G       5.7M        52M       1.4G

MemTotal:        4016004 kB
MemFree:         1989004 kB
Active:           428572 kB
Mem:          3.8G       1.9G       1.9G       5.7M        52M       1.5G

MemTotal:        4016004 kB
MemFree:         1945632 kB
Active:           428632 kB
Mem:          3.8G       2.0G       1.9G       5.7M        52M       1.5G

MemTotal:        4016004 kB
MemFree:         1902136 kB
Active:           428644 kB
Mem:          3.8G       2.0G       1.8G       5.7M        52M       1.6G

MemTotal:        4016004 kB
MemFree:         1886572 kB
Active:           428704 kB
Mem:          3.8G       2.0G       1.8G       5.7M        52M       1.6G

MemTotal:        4016004 kB
MemFree:         1849604 kB
Active:           428688 kB
Mem:          3.8G       2.1G       1.8G       5.7M        52M       1.6G

MemTotal:        4016004 kB
MemFree:         1806712 kB
Active:           428692 kB
Mem:          3.8G       2.1G       1.7G       5.7M        52M       1.7G

MemTotal:        4016004 kB
MemFree:         1792200 kB
Active:           428724 kB
Mem:          3.8G       2.1G       1.7G       5.7M        52M       1.7G

MemTotal:        4016004 kB
MemFree:         1746704 kB
Active:           426828 kB
Mem:          3.8G       2.2G       1.7G       5.7M        52M       1.7G

MemTotal:        4016004 kB
MemFree:         1704888 kB
Active:           426764 kB
Mem:          3.8G       2.2G       1.6G       5.7M        52M       1.7G

MemTotal:        4016004 kB
MemFree:         1662652 kB
Active:           428820 kB
Mem:          3.8G       2.2G       1.6G       5.7M        52M       1.8G

MemTotal:        4016004 kB
MemFree:         1619852 kB
Active:           428820 kB
Mem:          3.8G       2.3G       1.5G       5.7M        52M       1.8G

MemTotal:        4016004 kB
MemFree:         1576792 kB
Active:           428864 kB
Mem:          3.8G       2.3G       1.5G       5.7M        52M       1.9G

MemTotal:        4016004 kB
MemFree:         1533812 kB
Active:           428900 kB
Mem:          3.8G       2.4G       1.5G       5.7M        52M       1.9G

MemTotal:        4016004 kB
MemFree:         1490936 kB
Active:           428916 kB
Mem:          3.8G       2.4G       1.4G       5.7M        52M       1.9G

MemTotal:        4016004 kB
MemFree:         1447936 kB
Active:           428944 kB
Mem:          3.8G       2.4G       1.4G       5.7M        52M       2.0G

MemTotal:        4016004 kB
MemFree:         1405168 kB
Active:           428988 kB
Mem:          3.8G       2.5G       1.3G       5.7M        52M       2.0G

MemTotal:        4016004 kB
MemFree:         1361828 kB
Active:           428992 kB
Mem:          3.8G       2.5G       1.3G       5.7M        52M       2.1G

MemTotal:        4016004 kB
MemFree:         1347592 kB
Active:           429052 kB
Mem:          3.8G       2.5G       1.3G       5.7M        53M       2.1G

MemTotal:        4016004 kB
MemFree:         1304488 kB
Active:           429024 kB
Mem:          3.8G       2.6G       1.2G       5.7M        53M       2.1G

MemTotal:        4016004 kB
MemFree:         1261228 kB
Active:           429056 kB
Mem:          3.8G       2.6G       1.2G       5.7M        53M       2.2G

MemTotal:        4016004 kB
MemFree:         1218944 kB
Active:           429116 kB
Mem:          3.8G       2.7G       1.2G       5.7M        53M       2.2G

MemTotal:        4016004 kB
MemFree:         1175572 kB
Active:           429104 kB
Mem:          3.8G       2.7G       1.1G       5.7M        53M       2.2G

MemTotal:        4016004 kB
MemFree:         1132448 kB
Active:           429144 kB
Mem:          3.8G       2.8G       1.1G       5.7M        53M       2.3G

MemTotal:        4016004 kB
MemFree:         1090084 kB
Active:           429180 kB
Mem:          3.8G       2.8G       1.0G       5.7M        53M       2.3G

MemTotal:        4016004 kB
MemFree:         1046712 kB
Active:           429172 kB
Mem:          3.8G       2.8G       1.0G       5.7M        53M       2.4G

MemTotal:        4016004 kB
MemFree:         1003420 kB
Active:           429208 kB
Mem:          3.8G       2.9G       978M       5.7M        53M       2.4G

MemTotal:        4016004 kB
MemFree:          987284 kB
Active:           429292 kB
Mem:          3.8G       2.9G       963M       5.7M        53M       2.4G

MemTotal:        4016004 kB
MemFree:          944396 kB
Active:           429268 kB
Mem:          3.8G       2.9G       921M       5.7M        53M       2.5G

MemTotal:        4016004 kB
MemFree:          901516 kB
Active:           429316 kB
Mem:          3.8G       3.0G       880M       5.7M        53M       2.5G

MemTotal:        4016004 kB
MemFree:          857716 kB
Active:           429364 kB
Mem:          3.8G       3.0G       837M       5.7M        53M       2.5G

MemTotal:        4016004 kB
MemFree:          814780 kB
Active:           429360 kB
Mem:          3.8G       3.1G       794M       5.7M        53M       2.6G

MemTotal:        4016004 kB
MemFree:          772540 kB
Active:           429420 kB
Mem:          3.8G       3.1G       754M       5.7M        53M       2.6G

MemTotal:        4016004 kB
MemFree:          729852 kB
Active:           429420 kB
Mem:          3.8G       3.1G       711M       5.7M        53M       2.7G

MemTotal:        4016004 kB
MemFree:          686108 kB
Active:           429472 kB
Mem:          3.8G       3.2G       669M       5.7M        53M       2.7G

MemTotal:        4016004 kB
MemFree:          642860 kB
Active:           429504 kB
Mem:          3.8G       3.2G       627M       5.7M        53M       2.7G

MemTotal:        4016004 kB
MemFree:          599200 kB
Active:           429472 kB
Mem:          3.8G       3.3G       584M       5.7M        53M       2.8G

MemTotal:        4016004 kB
MemFree:          555552 kB
Active:           429532 kB
Mem:          3.8G       3.3G       542M       5.7M        53M       2.8G

MemTotal:        4016004 kB
MemFree:          535180 kB
Active:           429544 kB
Mem:          3.8G       3.3G       522M       5.7M        53M       2.8G

MemTotal:        4016004 kB
MemFree:          491376 kB
Active:           429580 kB
Mem:          3.8G       3.4G       479M       5.7M        53M       2.9G

MemTotal:        4016004 kB
MemFree:          470860 kB
Active:           429596 kB
Mem:          3.8G       3.4G       459M       5.7M        53M       2.9G

MemTotal:        4016004 kB
MemFree:          428264 kB
Active:           429608 kB
Mem:          3.8G       3.4G       418M       5.7M        53M       2.9G

MemTotal:        4016004 kB
MemFree:          388876 kB
Active:           429492 kB
Mem:          3.8G       3.5G       379M       5.7M        53M       3.0G

MemTotal:        4016004 kB
MemFree:          386548 kB
Active:           429508 kB
Mem:          3.8G       3.5G       377M       5.7M        53M       3.0G

MemTotal:        4016004 kB
MemFree:          385512 kB
Active:           429524 kB
Mem:          3.8G       3.5G       376M       5.7M        53M       3.0G

MemTotal:        4016004 kB
MemFree:          382420 kB
Active:           429552 kB
Mem:          3.8G       3.5G       373M       5.7M        53M       3.0G

MemTotal:        4016004 kB
MemFree:          360020 kB
Active:           429608 kB
Mem:          3.8G       3.5G       351M       5.7M        53M       3.0G

MemTotal:        4016004 kB
MemFree:          317224 kB
Active:           429596 kB
Mem:          3.8G       3.5G       309M       5.7M        53M       3.1G

MemTotal:        4016004 kB
MemFree:          274720 kB
Active:           429644 kB
Mem:          3.8G       3.6G       267M       5.7M        53M       3.1G

MemTotal:        4016004 kB
MemFree:          232340 kB
Active:           429672 kB
Mem:          3.8G       3.6G       226M       5.7M        53M       3.1G

MemTotal:        4016004 kB
MemFree:          189464 kB
Active:           429684 kB
Mem:          3.8G       3.6G       184M       5.7M        53M       3.2G

MemTotal:        4016004 kB
MemFree:          145596 kB
Active:           429684 kB
Mem:          3.8G       3.7G       141M       5.7M        53M       3.2G

MemTotal:        4016004 kB
MemFree:          126832 kB
Active:           427948 kB
Mem:          3.8G       3.7G       122M       5.7M        31M       3.3G

MemTotal:        4016004 kB
MemFree:          110328 kB
Active:           433264 kB
Mem:          3.8G       3.7G       107M       5.7M        21M       3.3G

MemTotal:        4016004 kB
MemFree:          121640 kB
Active:           441400 kB
Mem:          3.8G       3.7G       102M       5.7M        20M       3.3G

MemTotal:        4016004 kB
MemFree:          110568 kB
Active:           487152 kB
Mem:          3.8G       3.7G       107M       5.7M        20M       3.3G

MemTotal:        4016004 kB
MemFree:          124988 kB
Active:           487444 kB
Mem:          3.8G       3.7G       120M       5.7M        20M       3.3G

MemTotal:        4016004 kB
MemFree:          117392 kB
Active:           483728 kB
Mem:          3.8G       3.7G       114M       5.7M        21M       3.3G

MemTotal:        4016004 kB
MemFree:          111600 kB
Active:           478344 kB
Mem:          3.8G       3.7G       108M       5.7M        21M       3.3G

MemTotal:        4016004 kB
MemFree:          106116 kB
Active:           474912 kB
Mem:          3.8G       3.7G       103M       5.7M        21M       3.3G

MemTotal:        4016004 kB
MemFree:          125096 kB
Active:           467632 kB
Mem:          3.8G       3.7G       129M       5.7M        21M       3.3G

MemTotal:        4016004 kB
MemFree:          150012 kB
Active:           461096 kB
Mem:          3.8G       3.7G       145M       5.7M        21M       3.2G

MemTotal:        4016004 kB
MemFree:          108252 kB
Active:           461008 kB
Mem:          3.8G       3.7G       105M       5.7M        21M       3.3G

MemTotal:        4016004 kB
MemFree:          126644 kB
Active:           453488 kB
Mem:          3.8G       3.7G       123M       5.7M        21M       3.3G

MemTotal:        4016004 kB
MemFree:          120968 kB
Active:           450172 kB
Mem:          3.8G       3.7G       118M       5.7M        21M       3.3G

MemTotal:        4016004 kB
MemFree:          118036 kB
Active:           444832 kB
Mem:          3.8G       3.7G       115M       5.7M        21M       3.3G

MemTotal:        4016004 kB
MemFree:          132248 kB
Active:           443128 kB
Mem:          3.8G       3.7G       129M       5.7M        21M       3.3G

MemTotal:        4016004 kB
MemFree:          117516 kB
Active:           443104 kB
Mem:          3.8G       3.7G       114M       5.7M        21M       3.3G

MemTotal:        4016004 kB
MemFree:          113116 kB
Active:           442076 kB
Mem:          3.8G       3.7G       110M       5.7M        21M       3.3G

MemTotal:        4016004 kB
MemFree:          119960 kB
Active:           440188 kB
Mem:          3.8G       3.7G       116M       5.7M        21M       3.3G

MemTotal:        4016004 kB
MemFree:          113732 kB
Active:           439068 kB
Mem:          3.8G       3.7G       110M       5.7M        21M       3.3G

MemTotal:        4016004 kB
MemFree:          106568 kB
Active:           437944 kB
Mem:          3.8G       3.7G       103M       5.7M        21M       3.3G

MemTotal:        4016004 kB
MemFree:          131568 kB
Active:           435864 kB
Mem:          3.8G       3.7G       132M       5.7M        21M       3.3G

MemTotal:        4016004 kB
MemFree:          105880 kB
Active:           435168 kB
Mem:          3.8G       3.7G       103M       5.7M        21M       3.3G

MemTotal:        4016004 kB
MemFree:          128952 kB
Active:           433148 kB
Mem:          3.8G       3.7G       126M       5.7M        21M       3.3G

MemTotal:        4016004 kB
MemFree:          123172 kB
Active:           431764 kB
Mem:          3.8G       3.7G       120M       5.7M        21M       3.3G

MemTotal:        4016004 kB
MemFree:          110492 kB
Active:           430768 kB
Mem:          3.8G       3.7G       107M       5.7M        21M       3.3G

MemTotal:        4016004 kB
MemFree:          127260 kB
Active:           427188 kB
Mem:          3.8G       3.7G       124M       5.7M        21M       3.3G

MemTotal:        4016004 kB
MemFree:          129432 kB
Active:           426052 kB
Mem:          3.8G       3.7G       126M       5.7M        21M       3.3G

MemTotal:        4016004 kB
MemFree:          125568 kB
Active:           423500 kB
Mem:          3.8G       3.7G       122M       5.7M        21M       3.3G

MemTotal:        4016004 kB
MemFree:          125272 kB
Active:           421876 kB
Mem:          3.8G       3.7G       121M       5.7M        21M       3.3G

MemTotal:        4016004 kB
MemFree:          106860 kB
Active:           421244 kB
Mem:          3.8G       3.7G       104M       5.7M        21M       3.3G

MemTotal:        4016004 kB
MemFree:          125828 kB
Active:           419588 kB
Mem:          3.8G       3.7G       122M       5.7M        21M       3.3G

MemTotal:        4016004 kB
MemFree:          124684 kB
Active:           417988 kB
Mem:          3.8G       3.7G       121M       5.7M        21M       3.3G

MemTotal:        4016004 kB
MemFree:          112064 kB
Active:           416956 kB
Mem:          3.8G       3.7G       109M       5.7M        21M       3.3G

MemTotal:        4016004 kB
MemFree:          134980 kB
Active:           413376 kB
Mem:          3.8G       3.7G       131M       5.7M        21M       3.3G

MemTotal:        4016004 kB
MemFree:          121668 kB
Active:           414428 kB
Mem:          3.8G       3.7G       119M       5.7M        21M       3.3G

MemTotal:        4016004 kB
MemFree:          110148 kB
Active:           413248 kB
Mem:          3.8G       3.7G       107M       5.7M        21M       3.3G

MemTotal:        4016004 kB
MemFree:          127376 kB
Active:           411660 kB
Mem:          3.8G       3.7G       123M       5.7M        21M       3.3G

MemTotal:        4016004 kB
MemFree:          123940 kB
Active:           410268 kB
Mem:          3.8G       3.7G       120M       5.7M        21M       3.3G

MemTotal:        4016004 kB
MemFree:          104660 kB
Active:           409380 kB
Mem:          3.8G       3.7G       108M       5.7M        21M       3.3G

MemTotal:        4016004 kB
MemFree:          125324 kB
Active:           407400 kB
Mem:          3.8G       3.7G       122M       5.7M        21M       3.3G

MemTotal:        4016004 kB
MemFree:          108072 kB
Active:           406624 kB
Mem:          3.8G       3.7G       105M       5.7M        21M       3.3G

MemTotal:        4016004 kB
MemFree:          125400 kB
Active:           405012 kB
Mem:          3.8G       3.7G       122M       5.7M        21M       3.3G

MemTotal:        4016004 kB
MemFree:          124436 kB
Active:           403372 kB
Mem:          3.8G       3.7G       121M       5.7M        21M       3.3G

MemTotal:        4016004 kB
MemFree:          130376 kB
Active:           402372 kB
Mem:          3.8G       3.7G       127M       5.7M        21M       3.3G

MemTotal:        4016004 kB
MemFree:          131956 kB
Active:           401368 kB
Mem:          3.8G       3.7G       128M       5.7M        21M       3.3G

MemTotal:        4016004 kB
MemFree:          125040 kB
Active:           400244 kB
Mem:          3.8G       3.7G       121M       5.7M        21M       3.3G

MemTotal:        4016004 kB
MemFree:          119148 kB
Active:           398984 kB
Mem:          3.8G       3.7G       116M       5.7M        21M       3.3G

MemTotal:        4016004 kB
MemFree:          112664 kB
Active:           397812 kB
Mem:          3.8G       3.7G       109M       5.7M        21M       3.3G

MemTotal:        4016004 kB
MemFree:          128808 kB
Active:           396960 kB
Mem:          3.8G       3.7G       125M       5.7M        21M       3.3G

MemTotal:        4016004 kB
MemFree:          125968 kB
Active:           396976 kB
Mem:          3.8G       3.7G       122M       5.7M        21M       3.3G

MemTotal:        4016004 kB
MemFree:          113364 kB
Active:           396068 kB
Mem:          3.8G       3.7G       110M       5.7M        21M       3.3G

MemTotal:        4016004 kB
MemFree:          107632 kB
Active:           394828 kB
Mem:          3.8G       3.7G       104M       5.7M        21M       3.3G

MemTotal:        4016004 kB
MemFree:          121212 kB
Active:           391056 kB
Mem:          3.8G       3.7G       118M       5.7M        21M       3.3G

MemTotal:        4016004 kB
MemFree:          115564 kB
Active:           389928 kB
Mem:          3.8G       3.7G       112M       5.7M        21M       3.3G

MemTotal:        4016004 kB
MemFree:          110064 kB
Active:           388844 kB
Mem:          3.8G       3.7G       107M       5.7M        22M       3.3G

MemTotal:        4016004 kB
MemFree:          114060 kB
Active:           386904 kB
Mem:          3.8G       3.7G       111M       5.7M        22M       3.3G

MemTotal:        4016004 kB
MemFree:          132696 kB
Active:           385152 kB
Mem:          3.8G       3.7G       129M       5.7M        22M       3.3G

MemTotal:        4016004 kB
MemFree:          125512 kB
Active:           384044 kB
Mem:          3.8G       3.7G       122M       5.7M        22M       3.3G

MemTotal:        4016004 kB
MemFree:          133312 kB
Active:           382908 kB
Mem:          3.8G       3.7G       130M       5.7M        22M       3.3G

MemTotal:        4016004 kB
MemFree:          131264 kB
Active:           381792 kB
Mem:          3.8G       3.7G       128M       5.7M        22M       3.3G

MemTotal:        4016004 kB
MemFree:          131944 kB
Active:           381644 kB
Mem:          3.8G       3.7G       128M       5.7M        22M       3.3G

MemTotal:        4016004 kB
MemFree:          142200 kB
Active:           379620 kB
Mem:          3.8G       3.7G       138M       5.7M        22M       3.2G

MemTotal:        4016004 kB
MemFree:          134548 kB
Active:           378652 kB
Mem:          3.8G       3.7G       131M       5.7M        22M       3.2G

MemTotal:        4016004 kB
MemFree:          139120 kB
Active:           376740 kB
Mem:          3.8G       3.7G       135M       5.7M        22M       3.2G

MemTotal:        4016004 kB
MemFree:          132524 kB
Active:           375644 kB
Mem:          3.8G       3.7G       129M       5.7M        22M       3.3G

MemTotal:        4016004 kB
MemFree:          104772 kB
Active:           374732 kB
Mem:          3.8G       3.7G       102M       5.7M        22M       3.3G

MemTotal:        4016004 kB
MemFree:          122784 kB
Active:           370972 kB
Mem:          3.8G       3.7G       119M       5.7M        22M       3.3G

MemTotal:        4016004 kB
MemFree:          115176 kB
Active:           370580 kB
Mem:          3.8G       3.7G       112M       5.7M        22M       3.3G

MemTotal:        4016004 kB
MemFree:          121872 kB
Active:           370488 kB
Mem:          3.8G       3.7G       119M       5.7M        22M       3.3G

MemTotal:        4016004 kB
MemFree:          128216 kB
Active:           370524 kB
Mem:          3.8G       3.7G       124M       5.7M        22M       3.3G

MemTotal:        4016004 kB
MemFree:          121196 kB
Active:           370544 kB
Mem:          3.8G       3.7G       118M       5.7M        22M       3.3G

MemTotal:        4016004 kB
MemFree:          115416 kB
Active:           370572 kB
Mem:          3.8G       3.7G       112M       5.7M        22M       3.3G

MemTotal:        4016004 kB
MemFree:          112564 kB
Active:           370604 kB
Mem:          3.8G       3.7G       110M       5.7M        22M       3.3G

MemTotal:        4016004 kB
MemFree:          107948 kB
Active:           370508 kB
Mem:          3.8G       3.7G       105M       5.7M        22M       3.3G

MemTotal:        4016004 kB
MemFree:          123692 kB
Active:           370440 kB
Mem:          3.8G       3.7G       120M       5.7M        22M       3.3G

MemTotal:        4016004 kB
MemFree:          116932 kB
Active:           370480 kB
Mem:          3.8G       3.7G       114M       5.7M        22M       3.3G

MemTotal:        4016004 kB
MemFree:          110512 kB
Active:           370528 kB
Mem:          3.8G       3.7G       107M       5.7M        22M       3.3G

MemTotal:        4016004 kB
MemFree:          114116 kB
Active:           370556 kB
Mem:          3.8G       3.7G       111M       5.7M        22M       3.3G

MemTotal:        4016004 kB
MemFree:          123780 kB
Active:           370452 kB
Mem:          3.8G       3.7G       120M       5.7M        22M       3.3G

MemTotal:        4016004 kB
MemFree:          117900 kB
Active:           370436 kB
Mem:          3.8G       3.7G       114M       5.7M        22M       3.3G

MemTotal:        4016004 kB
MemFree:          111328 kB
Active:           370508 kB
Mem:          3.8G       3.7G       108M       5.7M        22M       3.3G

MemTotal:        4016004 kB
MemFree:          127616 kB
Active:           370420 kB
Mem:          3.8G       3.7G       125M       5.7M        22M       3.3G

MemTotal:        4016004 kB
MemFree:          128432 kB
Active:           370428 kB
Mem:          3.8G       3.7G       125M       5.7M        22M       3.3G

MemTotal:        4016004 kB
MemFree:          123580 kB
Active:           370448 kB
Mem:          3.8G       3.7G       120M       5.7M        22M       3.3G

MemTotal:        4016004 kB
MemFree:          126308 kB
Active:           370476 kB
Mem:          3.8G       3.7G       122M       5.7M        22M       3.3G

MemTotal:        4016004 kB
MemFree:          122184 kB
Active:           370496 kB
Mem:          3.8G       3.7G       119M       5.7M        22M       3.3G

MemTotal:        4016004 kB
MemFree:          109320 kB
Active:           370528 kB
Mem:          3.8G       3.7G       106M       5.7M        22M       3.3G

MemTotal:        4016004 kB
MemFree:          127180 kB
Active:           370516 kB
Mem:          3.8G       3.7G       124M       5.7M        22M       3.3G

MemTotal:        4016004 kB
MemFree:          120108 kB
Active:           370540 kB
Mem:          3.8G       3.7G       116M       5.7M        22M       3.3G

MemTotal:        4016004 kB
MemFree:          112696 kB
Active:           370584 kB
Mem:          3.8G       3.7G       110M       5.7M        22M       3.3G

MemTotal:        4016004 kB
MemFree:          124244 kB
Active:           370608 kB
Mem:          3.8G       3.7G       121M       5.7M        22M       3.3G

MemTotal:        4016004 kB
MemFree:          129852 kB
Active:           370644 kB
Mem:          3.8G       3.7G       126M       5.7M        22M       3.3G

MemTotal:        4016004 kB
MemFree:          128576 kB
Active:           369468 kB
Mem:          3.8G       3.7G       125M       5.7M        22M       3.3G

MemTotal:        4016004 kB
MemFree:          128208 kB
Active:           370772 kB
Mem:          3.8G       3.7G       125M       5.7M        22M       3.3G

MemTotal:        4016004 kB
MemFree:          122876 kB
Active:           370620 kB
Mem:          3.8G       3.7G       120M       5.7M        22M       3.3G

MemTotal:        4016004 kB
MemFree:          121540 kB
Active:           370644 kB
Mem:          3.8G       3.7G       118M       5.7M        22M       3.3G

MemTotal:        4016004 kB
MemFree:          125596 kB
Active:           370684 kB
Mem:          3.8G       3.7G       121M       5.7M        22M       3.3G

MemTotal:        4016004 kB
MemFree:          118652 kB
Active:           370704 kB
Mem:          3.8G       3.7G       115M       5.7M        22M       3.3G

MemTotal:        4016004 kB
MemFree:          123276 kB
Active:           370724 kB
Mem:          3.8G       3.7G       120M       5.7M        22M       3.3G

MemTotal:        4016004 kB
MemFree:          116144 kB
Active:           370752 kB
Mem:          3.8G       3.7G       113M       5.7M        22M       3.3G

MemTotal:        4016004 kB
MemFree:          109848 kB
Active:           370724 kB
Mem:          3.8G       3.7G       107M       5.7M        22M       3.3G

MemTotal:        4016004 kB
MemFree:          127764 kB
Active:           370744 kB
Mem:          3.8G       3.7G       124M       5.7M        22M       3.3G

MemTotal:        4016004 kB
MemFree:          126428 kB
Active:           370816 kB
Mem:          3.8G       3.7G       123M       5.7M        22M       3.3G

MemTotal:        4016004 kB
MemFree:          122580 kB
Active:           370796 kB
Mem:          3.8G       3.7G       119M       5.7M        23M       3.3G

MemTotal:        4016004 kB
MemFree:          105684 kB
Active:           370836 kB
Mem:          3.8G       3.7G       103M       5.7M        23M       3.3G

MemTotal:        4016004 kB
MemFree:          113944 kB
Active:           367064 kB
Mem:          3.8G       3.7G       111M       5.7M        23M       3.3G

MemTotal:        4016004 kB
MemFree:          114084 kB
Active:           367028 kB
Mem:          3.8G       3.7G       111M       5.7M        23M       3.3G

MemTotal:        4016004 kB
MemFree:          131472 kB
Active:           367092 kB
Mem:          3.8G       3.7G       128M       5.7M        23M       3.2G

MemTotal:        4016004 kB
MemFree:          112940 kB
Active:           367108 kB
Mem:          3.8G       3.7G       110M       5.7M        23M       3.3G

MemTotal:        4016004 kB
MemFree:          141364 kB
Active:           367148 kB
Mem:          3.8G       3.7G       137M       5.7M        23M       3.2G

MemTotal:        4016004 kB
MemFree:          135720 kB
Active:           367152 kB
Mem:          3.8G       3.7G       131M       5.7M        23M       3.2G

MemTotal:        4016004 kB
MemFree:          128336 kB
Active:           367196 kB
Mem:          3.8G       3.7G       125M       5.7M        23M       3.3G

MemTotal:        4016004 kB
MemFree:          121320 kB
Active:           367216 kB
Mem:          3.8G       3.7G       118M       5.7M        23M       3.3G

MemTotal:        4016004 kB
MemFree:          116804 kB
Active:           367244 kB
Mem:          3.8G       3.7G       113M       5.7M        23M       3.3G

MemTotal:        4016004 kB
MemFree:          137464 kB
Active:           363932 kB
Mem:          3.8G       3.7G       134M       5.7M        23M       3.2G

MemTotal:        4016004 kB
MemFree:          135540 kB
Active:           363824 kB
Mem:          3.8G       3.7G       132M       5.7M        23M       3.2G

MemTotal:        4016004 kB
MemFree:          122668 kB
Active:           363800 kB
Mem:          3.8G       3.7G       119M       5.7M        23M       3.3G

MemTotal:        4016004 kB
MemFree:          117244 kB
Active:           363836 kB
Mem:          3.8G       3.7G       114M       5.7M        23M       3.3G

MemTotal:        4016004 kB
MemFree:          117348 kB
Active:           363856 kB
Mem:          3.8G       3.7G       114M       5.7M        23M       3.3G

MemTotal:        4016004 kB
MemFree:          126896 kB
Active:           363912 kB
Mem:          3.8G       3.7G       124M       5.7M        23M       3.3G

MemTotal:        4016004 kB
MemFree:          119748 kB
Active:           363916 kB
Mem:          3.8G       3.7G       116M       5.7M        23M       3.3G

MemTotal:        4016004 kB
MemFree:          114476 kB
Active:           363960 kB
Mem:          3.8G       3.7G       110M       5.7M        23M       3.3G

MemTotal:        4016004 kB
MemFree:          124292 kB
Active:           363980 kB
Mem:          3.8G       3.7G       121M       5.7M        23M       3.3G

MemTotal:        4016004 kB
MemFree:          118392 kB
Active:           363968 kB
Mem:          3.8G       3.7G       115M       5.7M        23M       3.3G

MemTotal:        4016004 kB
MemFree:          112780 kB
Active:           362300 kB
Mem:          3.8G       3.7G       110M       5.7M        23M       3.3G

MemTotal:        4016004 kB
MemFree:          118352 kB
Active:           362132 kB
Mem:          3.8G       3.7G       115M       5.7M        23M       3.3G

MemTotal:        4016004 kB
MemFree:          112708 kB
Active:           362168 kB
Mem:          3.8G       3.7G       109M       5.7M        23M       3.3G

MemTotal:        4016004 kB
MemFree:          106152 kB
Active:           362200 kB
Mem:          3.8G       3.7G       103M       5.7M        23M       3.3G

MemTotal:        4016004 kB
MemFree:          124924 kB
Active:           362232 kB
Mem:          3.8G       3.7G       121M       5.7M        23M       3.3G

MemTotal:        4016004 kB
MemFree:          126548 kB
Active:           362208 kB
Mem:          3.8G       3.7G       123M       5.7M        23M       3.3G

MemTotal:        4016004 kB
MemFree:          130412 kB
Active:           362240 kB
Mem:          3.8G       3.7G       127M       5.7M        23M       3.2G

MemTotal:        4016004 kB
MemFree:          123692 kB
Active:           362300 kB
Mem:          3.8G       3.7G       120M       5.7M        23M       3.3G

MemTotal:        4016004 kB
MemFree:          136820 kB
Active:           362292 kB
Mem:          3.8G       3.7G       133M       5.7M        23M       3.2G

MemTotal:        4016004 kB
MemFree:          132340 kB
Active:           362288 kB
Mem:          3.8G       3.7G       128M       5.7M        23M       3.2G

MemTotal:        4016004 kB
MemFree:          119644 kB
Active:           361276 kB
Mem:          3.8G       3.7G       116M       5.7M        23M       3.3G

MemTotal:        4016004 kB
MemFree:          112684 kB
Active:           361160 kB
Mem:          3.8G       3.7G       110M       5.7M        23M       3.3G

MemTotal:        4016004 kB
MemFree:          118152 kB
Active:           361200 kB
Mem:          3.8G       3.7G       115M       5.7M        23M       3.3G

MemTotal:        4016004 kB
MemFree:          110556 kB
Active:           361224 kB
Mem:          3.8G       3.7G       107M       5.7M        23M       3.3G

MemTotal:        4016004 kB
MemFree:          139348 kB
Active:           361264 kB
Mem:          3.8G       3.7G       135M       5.7M        23M       3.2G

MemTotal:        4016004 kB
MemFree:          132760 kB
Active:           361272 kB
Mem:          3.8G       3.7G       129M       5.7M        23M       3.2G

MemTotal:        4016004 kB
MemFree:          125516 kB
Active:           361324 kB
Mem:          3.8G       3.7G       122M       5.7M        23M       3.3G

MemTotal:        4016004 kB
MemFree:          144240 kB
Active:           361344 kB
Mem:          3.8G       3.7G       140M       5.7M        23M       3.2G

MemTotal:        4016004 kB
MemFree:          128080 kB
Active:           361360 kB
Mem:          3.8G       3.7G       133M       5.7M        23M       3.2G

MemTotal:        4016004 kB
MemFree:          130840 kB
Active:           361384 kB
Mem:          3.8G       3.7G       127M       5.7M        23M       3.2G

MemTotal:        4016004 kB
MemFree:          127284 kB
Active:           361364 kB
Mem:          3.8G       3.7G       123M       5.7M        23M       3.2G

MemTotal:        4016004 kB
MemFree:          120612 kB
Active:           361388 kB
Mem:          3.8G       3.7G       118M       5.7M        23M       3.3G

MemTotal:        4016004 kB
MemFree:          124428 kB
Active:           351636 kB
Mem:          3.8G       3.7G       120M       5.7M        23M       3.3G

MemTotal:        4016004 kB
MemFree:          111744 kB
Active:           351564 kB
Mem:          3.8G       3.7G       108M       5.7M        23M       3.3G

MemTotal:        4016004 kB
MemFree:          135508 kB
Active:           351572 kB
Mem:          3.8G       3.7G       132M       5.7M        23M       3.2G

MemTotal:        4016004 kB
MemFree:          128328 kB
Active:           351576 kB
Mem:          3.8G       3.7G       125M       5.7M        23M       3.2G

MemTotal:        4016004 kB
MemFree:          129428 kB
Active:           351648 kB
Mem:          3.8G       3.7G       126M       5.7M        24M       3.2G

MemTotal:        4016004 kB
MemFree:          122044 kB
Active:           351676 kB
Mem:          3.8G       3.7G       119M       5.7M        24M       3.3G

MemTotal:        4016004 kB
MemFree:          123500 kB
Active:           353752 kB
Mem:          3.8G       3.7G       120M       5.7M        24M       3.2G

MemTotal:        4016004 kB
MemFree:          123656 kB
Active:           353724 kB
Mem:          3.8G       3.7G       120M       5.7M        24M       3.2G

MemTotal:        4016004 kB
MemFree:          122824 kB
Active:           353768 kB
Mem:          3.8G       3.7G       119M       5.7M        24M       3.2G

MemTotal:        4016004 kB
MemFree:          123324 kB
Active:           353744 kB
Mem:          3.8G       3.7G       120M       5.7M        24M       3.2G

MemTotal:        4016004 kB
MemFree:          110320 kB
Active:           353788 kB
Mem:          3.8G       3.7G       107M       5.7M        24M       3.3G

MemTotal:        4016004 kB
MemFree:          128012 kB
Active:           353808 kB
Mem:          3.8G       3.7G       124M       5.7M        24M       3.2G

MemTotal:        4016004 kB
MemFree:          121272 kB
Active:           353836 kB
Mem:          3.8G       3.7G       118M       5.7M        24M       3.3G

MemTotal:        4016004 kB
MemFree:          108828 kB
Active:           354932 kB
Mem:          3.8G       3.7G       105M       5.7M        24M       3.3G

MemTotal:        4016004 kB
MemFree:          125068 kB
Active:           355180 kB
Mem:          3.8G       3.7G       121M       5.7M        24M       3.2G

MemTotal:        4016004 kB
MemFree:          108228 kB
Active:           354248 kB
Mem:          3.8G       3.7G       105M       5.7M        24M       3.3G

MemTotal:        4016004 kB
MemFree:          130100 kB
Active:           354268 kB
Mem:          3.8G       3.7G       126M       5.7M        25M       3.2G

MemTotal:        4016004 kB
MemFree:          123388 kB
Active:           354520 kB
Mem:          3.8G       3.7G       119M       5.7M        25M       3.2G

MemTotal:        4016004 kB
MemFree:          113496 kB
Active:           354820 kB
Mem:          3.8G       3.7G       110M       5.7M        25M       3.3G

MemTotal:        4016004 kB
MemFree:          112100 kB
Active:           355076 kB
Mem:          3.8G       3.7G       109M       5.7M        25M       3.3G

MemTotal:        4016004 kB
MemFree:          130196 kB
Active:           356696 kB
Mem:          3.8G       3.7G       127M       5.7M        27M       3.2G

MemTotal:        4016004 kB
MemFree:          134644 kB
Active:           356712 kB
Mem:          3.8G       3.7G       131M       5.7M        27M       3.2G

MemTotal:        4016004 kB
MemFree:          147576 kB
Active:           355884 kB
Mem:          3.8G       3.7G       144M       5.7M        27M       3.2G

MemTotal:        4016004 kB
MemFree:          127700 kB
Active:           355884 kB
Mem:          3.8G       3.7G       124M       5.7M        27M       3.2G

MemTotal:        4016004 kB
MemFree:          125660 kB
Active:           355844 kB
Mem:          3.8G       3.7G       122M       5.7M        27M       3.2G

MemTotal:        4016004 kB
MemFree:          105396 kB
Active:           355888 kB
Mem:          3.8G       3.7G       102M       5.7M        27M       3.3G

MemTotal:        4016004 kB
MemFree:          128372 kB
Active:           355888 kB
Mem:          3.8G       3.7G       125M       5.7M        27M       3.2G

MemTotal:        4016004 kB
MemFree:          113636 kB
Active:           355844 kB
Mem:          3.8G       3.7G       111M       5.7M        27M       3.3G

MemTotal:        4016004 kB
MemFree:          107000 kB
Active:           354084 kB
Mem:          3.8G       3.7G       104M       5.7M        27M       3.3G

MemTotal:        4016004 kB
MemFree:          126972 kB
Active:           354124 kB
Mem:          3.8G       3.7G       123M       5.7M        27M       3.2G

MemTotal:        4016004 kB
MemFree:          136168 kB
Active:           354088 kB
Mem:          3.8G       3.7G       133M       5.7M        27M       3.2G

MemTotal:        4016004 kB
MemFree:          120616 kB
Active:           354140 kB
Mem:          3.8G       3.7G       117M       5.7M        27M       3.2G

MemTotal:        4016004 kB
MemFree:          112444 kB
Active:           354156 kB
Mem:          3.8G       3.7G       109M       5.7M        27M       3.3G

MemTotal:        4016004 kB
MemFree:          127448 kB
Active:           354156 kB
Mem:          3.8G       3.7G       124M       5.7M        27M       3.2G

MemTotal:        4016004 kB
MemFree:          109740 kB
Active:           354156 kB
Mem:          3.8G       3.7G       107M       5.7M        27M       3.3G

MemTotal:        4016004 kB
MemFree:          125844 kB
Active:           354148 kB
Mem:          3.8G       3.7G       122M       5.7M        27M       3.2G

MemTotal:        4016004 kB
MemFree:          124252 kB
Active:           354168 kB
Mem:          3.8G       3.7G       121M       5.7M        27M       3.2G

MemTotal:        4016004 kB
MemFree:          113904 kB
Active:           354168 kB
Mem:          3.8G       3.7G       111M       5.7M        27M       3.3G

MemTotal:        4016004 kB
MemFree:          118676 kB
Active:           354156 kB
Mem:          3.8G       3.7G       116M       5.7M        27M       3.2G

MemTotal:        4016004 kB
MemFree:          122000 kB
Active:           354168 kB
Mem:          3.8G       3.7G       118M       5.7M        27M       3.2G

MemTotal:        4016004 kB
MemFree:          114540 kB
Active:           354180 kB
Mem:          3.8G       3.7G       112M       5.7M        27M       3.3G

MemTotal:        4016004 kB
MemFree:          114528 kB
Active:           354192 kB
Mem:          3.8G       3.7G       111M       5.7M        27M       3.3G

MemTotal:        4016004 kB
MemFree:          114624 kB
Active:           354188 kB
Mem:          3.8G       3.7G       112M       5.7M        27M       3.3G

MemTotal:        4016004 kB
MemFree:          106532 kB
Active:           354204 kB
Mem:          3.8G       3.7G       103M       5.7M        27M       3.3G

MemTotal:        4016004 kB
MemFree:          110516 kB
Active:           349788 kB
Mem:          3.8G       3.7G       107M       5.7M        27M       3.3G

MemTotal:        4016004 kB
MemFree:          118356 kB
Active:           349812 kB
Mem:          3.8G       3.7G       115M       5.7M        27M       3.2G

MemTotal:        4016004 kB
MemFree:          111068 kB
Active:           349768 kB
Mem:          3.8G       3.7G       108M       5.7M        27M       3.3G

MemTotal:        4016004 kB
MemFree:          133924 kB
Active:           349804 kB
Mem:          3.8G       3.7G       130M       5.7M        27M       3.2G

MemTotal:        4016004 kB
MemFree:          135992 kB
Active:           349808 kB
Mem:          3.8G       3.7G       132M       5.7M        27M       3.2G

MemTotal:        4016004 kB
MemFree:          127732 kB
Active:           349776 kB
Mem:          3.8G       3.7G       124M       5.7M        27M       3.2G

MemTotal:        4016004 kB
MemFree:          107072 kB
Active:           349804 kB
Mem:          3.8G       3.7G       104M       5.7M        27M       3.3G

MemTotal:        4016004 kB
MemFree:          134824 kB
Active:           349808 kB
Mem:          3.8G       3.7G       131M       5.7M        27M       3.2G

MemTotal:        4016004 kB
MemFree:          107252 kB
Active:           349804 kB
Mem:          3.8G       3.7G       104M       5.7M        27M       3.3G

MemTotal:        4016004 kB
MemFree:          116432 kB
Active:           349820 kB
Mem:          3.8G       3.7G       113M       5.7M        27M       3.2G

MemTotal:        4016004 kB
MemFree:          119592 kB
Active:           349840 kB
Mem:          3.8G       3.7G       116M       5.7M        27M       3.2G

MemTotal:        4016004 kB
MemFree:          129128 kB
Active:           349844 kB
Mem:          3.8G       3.7G       126M       5.7M        27M       3.2G

MemTotal:        4016004 kB
MemFree:          122172 kB
Active:           349832 kB
Mem:          3.8G       3.7G       119M       5.7M        27M       3.2G

MemTotal:        4016004 kB
MemFree:          114432 kB
Active:           349796 kB
Mem:          3.8G       3.7G       111M       5.7M        27M       3.3G

MemTotal:        4016004 kB
MemFree:          124628 kB
Active:           349844 kB
Mem:          3.8G       3.7G       120M       5.7M        27M       3.2G

MemTotal:        4016004 kB
MemFree:          117076 kB
Active:           349804 kB
Mem:          3.8G       3.7G       114M       5.7M        27M       3.2G

MemTotal:        4016004 kB
MemFree:          109168 kB
Active:           349852 kB
Mem:          3.8G       3.7G       105M       5.7M        27M       3.3G

MemTotal:        4016004 kB
MemFree:          118628 kB
Active:           347832 kB
Mem:          3.8G       3.7G       115M       5.7M        27M       3.2G

MemTotal:        4016004 kB
MemFree:          110860 kB
Active:           347836 kB
Mem:          3.8G       3.7G       108M       5.7M        27M       3.3G

MemTotal:        4016004 kB
MemFree:          109496 kB
Active:           347848 kB
Mem:          3.8G       3.7G       106M       5.7M        27M       3.3G

MemTotal:        4016004 kB
MemFree:          107600 kB
Active:           347692 kB
Mem:          3.8G       3.7G       104M       5.7M        27M       3.3G

MemTotal:        4016004 kB
MemFree:          107640 kB
Active:           347588 kB
Mem:          3.8G       3.7G       105M       5.7M        27M       3.3G

MemTotal:        4016004 kB
MemFree:          107792 kB
Active:           347532 kB
Mem:          3.8G       3.7G       105M       5.7M        27M       3.3G

MemTotal:        4016004 kB
MemFree:          107956 kB
Active:           347552 kB
Mem:          3.8G       3.7G       105M       5.7M        27M       3.3G

MemTotal:        4016004 kB
MemFree:          107832 kB
Active:           347520 kB
Mem:          3.8G       3.7G       105M       5.7M        27M       3.3G

MemTotal:        4016004 kB
MemFree:          108204 kB
Active:           347532 kB
Mem:          3.8G       3.7G       105M       5.7M        27M       3.3G

MemTotal:        4016004 kB
MemFree:          108080 kB
Active:           347548 kB
Mem:          3.8G       3.7G       105M       5.7M        27M       3.3G

MemTotal:        4016004 kB
MemFree:          108080 kB
Active:           347524 kB
Mem:          3.8G       3.7G       105M       5.7M        27M       3.3G

MemTotal:        4016004 kB
MemFree:          107832 kB
Active:           347576 kB
Mem:          3.8G       3.7G       105M       5.7M        27M       3.3G

MemTotal:        4016004 kB
MemFree:          108080 kB
Active:           347572 kB
Mem:          3.8G       3.7G       105M       5.7M        27M       3.3G

MemTotal:        4016004 kB
MemFree:          108080 kB
Active:           347556 kB
Mem:          3.8G       3.7G       105M       5.7M        27M       3.3G

MemTotal:        4016004 kB
MemFree:          108204 kB
Active:           347560 kB
Mem:          3.8G       3.7G       105M       5.7M        27M       3.3G

MemTotal:        4016004 kB
MemFree:          107832 kB
Active:           347580 kB
Mem:          3.8G       3.7G       105M       5.7M        27M       3.3G

MemTotal:        4016004 kB
MemFree:          108080 kB
Active:           347536 kB
Mem:          3.8G       3.7G       105M       5.7M        27M       3.3G

MemTotal:        4016004 kB
MemFree:          108080 kB
Active:           347556 kB
Mem:          3.8G       3.7G       105M       5.7M        27M       3.3G

MemTotal:        4016004 kB
MemFree:          107708 kB
Active:           347588 kB
Mem:          3.8G       3.7G       105M       5.7M        27M       3.3G

MemTotal:        4016004 kB
MemFree:          108080 kB
Active:           347556 kB
Mem:          3.8G       3.7G       105M       5.7M        27M       3.3G

MemTotal:        4016004 kB
MemFree:          108080 kB
Active:           347552 kB
Mem:          3.8G       3.7G       105M       5.7M        27M       3.3G

MemTotal:        4016004 kB
MemFree:          107708 kB
Active:           347588 kB
Mem:          3.8G       3.7G       105M       5.7M        27M       3.3G

MemTotal:        4016004 kB
MemFree:          107708 kB
Active:           347592 kB
Mem:          3.8G       3.7G       105M       5.7M        27M       3.3G

MemTotal:        4016004 kB
MemFree:          108080 kB
Active:           347580 kB
Mem:          3.8G       3.7G       105M       5.7M        27M       3.3G

MemTotal:        4016004 kB
MemFree:          107956 kB
Active:           347588 kB
Mem:          3.8G       3.7G       105M       5.7M        27M       3.3G

MemTotal:        4016004 kB
MemFree:          107956 kB
Active:           347588 kB
Mem:          3.8G       3.7G       105M       5.7M        27M       3.3G

MemTotal:        4016004 kB
MemFree:          108080 kB
Active:           347552 kB
Mem:          3.8G       3.7G       105M       5.7M        27M       3.3G

MemTotal:        4016004 kB
MemFree:          108080 kB
Active:           347568 kB
Mem:          3.8G       3.7G       105M       5.7M        27M       3.3G

MemTotal:        4016004 kB
MemFree:          108204 kB
Active:           347548 kB
Mem:          3.8G       3.7G       105M       5.7M        27M       3.3G

MemTotal:        4016004 kB
MemFree:          108204 kB
Active:           347576 kB
Mem:          3.8G       3.7G       105M       5.7M        27M       3.3G

MemTotal:        4016004 kB
MemFree:          108080 kB
Active:           347548 kB
Mem:          3.8G       3.7G       105M       5.7M        27M       3.3G

MemTotal:        4016004 kB
MemFree:          108080 kB
Active:           347580 kB
Mem:          3.8G       3.7G       105M       5.7M        27M       3.3G

MemTotal:        4016004 kB
MemFree:          107956 kB
Active:           347572 kB
Mem:          3.8G       3.7G       105M       5.7M        27M       3.3G

MemTotal:        4016004 kB
MemFree:          108080 kB
Active:           347560 kB
Mem:          3.8G       3.7G       105M       5.7M        27M       3.3G

MemTotal:        4016004 kB
MemFree:          107708 kB
Active:           347588 kB
Mem:          3.8G       3.7G       105M       5.7M        27M       3.3G

MemTotal:        4016004 kB
MemFree:          107940 kB
Active:           347572 kB
Mem:          3.8G       3.7G       105M       5.7M        27M       3.3G

MemTotal:        4016004 kB
MemFree:          107956 kB
Active:           347548 kB
Mem:          3.8G       3.7G       105M       5.7M        27M       3.3G

MemTotal:        4016004 kB
MemFree:          107832 kB
Active:           347560 kB
Mem:          3.8G       3.7G       105M       5.7M        27M       3.3G

MemTotal:        4016004 kB
MemFree:          107460 kB
Active:           347608 kB
Mem:          3.8G       3.7G       105M       5.7M        27M       3.3G

MemTotal:        4016004 kB
MemFree:          107956 kB
Active:           347576 kB
Mem:          3.8G       3.7G       105M       5.7M        27M       3.3G

MemTotal:        4016004 kB
MemFree:          107708 kB
Active:           347612 kB
Mem:          3.8G       3.7G       105M       5.7M        27M       3.3G

MemTotal:        4016004 kB
MemFree:          107584 kB
Active:           347616 kB
Mem:          3.8G       3.7G       105M       5.7M        27M       3.3G

MemTotal:        4016004 kB
MemFree:          107956 kB
Active:           347584 kB
Mem:          3.8G       3.7G       105M       5.7M        27M       3.3G

MemTotal:        4016004 kB
MemFree:          107832 kB
Active:           347580 kB
Mem:          3.8G       3.7G       105M       5.7M        27M       3.3G

MemTotal:        4016004 kB
MemFree:          107956 kB
Active:           347608 kB
Mem:          3.8G       3.7G       105M       5.7M        27M       3.3G

MemTotal:        4016004 kB
MemFree:          108080 kB
Active:           347592 kB
Mem:          3.8G       3.7G       105M       5.7M        27M       3.3G

MemTotal:        4016004 kB
MemFree:          108080 kB
Active:           347580 kB
Mem:          3.8G       3.7G       105M       5.7M        27M       3.3G

MemTotal:        4016004 kB
MemFree:          107832 kB
Active:           347584 kB
Mem:          3.8G       3.7G       105M       5.7M        27M       3.3G

MemTotal:        4016004 kB
MemFree:          107832 kB
Active:           347620 kB
Mem:          3.8G       3.7G       105M       5.7M        27M       3.3G

MemTotal:        4016004 kB
MemFree:          107832 kB
Active:           347608 kB
Mem:          3.8G       3.7G       105M       5.7M        27M       3.3G

MemTotal:        4016004 kB
MemFree:          107832 kB
Active:           347584 kB
Mem:          3.8G       3.7G       105M       5.7M        27M       3.3G

MemTotal:        4016004 kB
MemFree:          107460 kB
Active:           347640 kB
Mem:          3.8G       3.7G       105M       5.7M        27M       3.3G

MemTotal:        4016004 kB
MemFree:          107956 kB
Active:           347592 kB
Mem:          3.8G       3.7G       105M       5.7M        27M       3.3G

MemTotal:        4016004 kB
MemFree:          108080 kB
Active:           347608 kB
Mem:          3.8G       3.7G       105M       5.7M        27M       3.3G

MemTotal:        4016004 kB
MemFree:          108080 kB
Active:           347624 kB
Mem:          3.8G       3.7G       105M       5.7M        27M       3.3G

MemTotal:        4016004 kB
MemFree:          107956 kB
Active:           347600 kB
Mem:          3.8G       3.7G       105M       5.7M        27M       3.3G

MemTotal:        4016004 kB
MemFree:          108080 kB
Active:           347624 kB
Mem:          3.8G       3.7G       105M       5.7M        27M       3.3G

MemTotal:        4016004 kB
MemFree:          108204 kB
Active:           347596 kB
Mem:          3.8G       3.7G       105M       5.7M        27M       3.3G

MemTotal:        4016004 kB
MemFree:          108204 kB
Active:           347648 kB
Mem:          3.8G       3.7G       105M       5.7M        27M       3.3G

MemTotal:        4016004 kB
MemFree:          108204 kB
Active:           347616 kB
Mem:          3.8G       3.7G       105M       5.7M        27M       3.3G

MemTotal:        4016004 kB
MemFree:          108204 kB
Active:           347640 kB
Mem:          3.8G       3.7G       105M       5.7M        27M       3.3G

MemTotal:        4016004 kB
MemFree:          108204 kB
Active:           347628 kB
Mem:          3.8G       3.7G       105M       5.7M        27M       3.3G

MemTotal:        4016004 kB
MemFree:          108452 kB
Active:           347656 kB
Mem:          3.8G       3.7G       105M       5.7M        27M       3.3G

MemTotal:        4016004 kB
MemFree:          107832 kB
Active:           347616 kB
Mem:          3.8G       3.7G       105M       5.7M        27M       3.3G

MemTotal:        4016004 kB
MemFree:          107832 kB
Active:           347636 kB
Mem:          3.8G       3.7G       105M       5.7M        27M       3.3G

MemTotal:        4016004 kB
MemFree:          107956 kB
Active:           347604 kB
Mem:          3.8G       3.7G       105M       5.7M        27M       3.3G

MemTotal:        4016004 kB
MemFree:          107956 kB
Active:           347608 kB
Mem:          3.8G       3.7G       105M       5.7M        27M       3.3G

MemTotal:        4016004 kB
MemFree:          107956 kB
Active:           347648 kB
Mem:          3.8G       3.7G       105M       5.7M        27M       3.3G

MemTotal:        4016004 kB
MemFree:          107708 kB
Active:           347672 kB
Mem:          3.8G       3.7G       105M       5.7M        27M       3.3G

MemTotal:        4016004 kB
MemFree:          108204 kB
Active:           347668 kB
Mem:          3.8G       3.7G       105M       5.7M        27M       3.3G

MemTotal:        4016004 kB
MemFree:          108080 kB
Active:           347656 kB
Mem:          3.8G       3.7G       105M       5.7M        27M       3.3G

MemTotal:        4016004 kB
MemFree:          108204 kB
Active:           347628 kB
Mem:          3.8G       3.7G       105M       5.7M        27M       3.3G

MemTotal:        4016004 kB
MemFree:          108080 kB
Active:           347652 kB
Mem:          3.8G       3.7G       105M       5.7M        27M       3.3G

MemTotal:        4016004 kB
MemFree:          107708 kB
Active:           347688 kB
Mem:          3.8G       3.7G       104M       5.7M        27M       3.3G

MemTotal:        4016004 kB
MemFree:          107832 kB
Active:           347680 kB
Mem:          3.8G       3.7G       105M       5.7M        27M       3.3G

MemTotal:        4016004 kB
MemFree:          107832 kB
Active:           347704 kB
Mem:          3.8G       3.7G       105M       5.7M        27M       3.3G

MemTotal:        4016004 kB
MemFree:          107956 kB
Active:           347848 kB
Mem:          3.8G       3.7G       104M       5.7M        27M       3.3G

MemTotal:        4016004 kB
MemFree:          107816 kB
Active:           347732 kB
Mem:          3.8G       3.7G       105M       5.7M        27M       3.3G

MemTotal:        4016004 kB
MemFree:          107444 kB
Active:           347744 kB
Mem:          3.8G       3.7G       105M       5.7M        27M       3.3G

MemTotal:        4016004 kB
MemFree:          107816 kB
Active:           347744 kB
Mem:          3.8G       3.7G       104M       5.7M        27M       3.3G

MemTotal:        4016004 kB
MemFree:          107692 kB
Active:           347744 kB
Mem:          3.8G       3.7G       105M       5.7M        27M       3.3G

MemTotal:        4016004 kB
MemFree:          107692 kB
Active:           347716 kB
Mem:          3.8G       3.7G       105M       5.7M        27M       3.3G

MemTotal:        4016004 kB
MemFree:          107692 kB
Active:           347696 kB
Mem:          3.8G       3.7G       105M       5.7M        27M       3.3G

MemTotal:        4016004 kB
MemFree:          107196 kB
Active:           347756 kB
Mem:          3.8G       3.7G       104M       5.7M        27M       3.3G

MemTotal:        4016004 kB
MemFree:          107816 kB
Active:           347716 kB
Mem:          3.8G       3.7G       105M       5.7M        27M       3.3G

MemTotal:        4016004 kB
MemFree:          107816 kB
Active:           347744 kB
Mem:          3.8G       3.7G       105M       5.7M        27M       3.3G

MemTotal:        4016004 kB
MemFree:          107940 kB
Active:           347744 kB
Mem:          3.8G       3.7G       105M       5.7M        27M       3.3G

MemTotal:        4016004 kB
MemFree:          107816 kB
Active:           347712 kB
Mem:          3.8G       3.7G       105M       5.7M        27M       3.3G

MemTotal:        4016004 kB
MemFree:          107816 kB
Active:           347732 kB
Mem:          3.8G       3.7G       105M       5.7M        27M       3.3G

MemTotal:        4016004 kB
MemFree:          107940 kB
Active:           347748 kB
Mem:          3.8G       3.7G       105M       5.7M        27M       3.3G

MemTotal:        4016004 kB
MemFree:          107568 kB
Active:           347760 kB
Mem:          3.8G       3.7G       105M       5.7M        27M       3.3G

MemTotal:        4016004 kB
MemFree:          107196 kB
Active:           347764 kB
Mem:          3.8G       3.7G       104M       5.7M        27M       3.3G

MemTotal:        4016004 kB
MemFree:          107692 kB
Active:           347748 kB
Mem:          3.8G       3.7G       105M       5.7M        27M       3.3G

MemTotal:        4016004 kB
MemFree:          107708 kB
Active:           347748 kB
Mem:          3.8G       3.7G       105M       5.7M        27M       3.3G

MemTotal:        4016004 kB
MemFree:          107708 kB
Active:           347756 kB
Mem:          3.8G       3.7G       105M       5.7M        27M       3.3G

MemTotal:        4016004 kB
MemFree:          107708 kB
Active:           347752 kB
Mem:          3.8G       3.7G       105M       5.7M        27M       3.3G

MemTotal:        4016004 kB
MemFree:          107708 kB
Active:           347720 kB
Mem:          3.8G       3.7G       105M       5.7M        27M       3.3G

MemTotal:        4016004 kB
MemFree:          107832 kB
Active:           347740 kB
Mem:          3.8G       3.7G       105M       5.7M        27M       3.3G

MemTotal:        4016004 kB
MemFree:          107832 kB
Active:           347752 kB
Mem:          3.8G       3.7G       105M       5.7M        27M       3.3G

MemTotal:        4016004 kB
MemFree:          107708 kB
Active:           347764 kB
Mem:          3.8G       3.7G       105M       5.7M        27M       3.3G

MemTotal:        4016004 kB
MemFree:          107708 kB
Active:           347768 kB
Mem:          3.8G       3.7G       105M       5.7M        27M       3.3G

MemTotal:        4016004 kB
MemFree:          107708 kB
Active:           347720 kB
Mem:          3.8G       3.7G       105M       5.7M        27M       3.3G

MemTotal:        4016004 kB
MemFree:          107708 kB
Active:           347720 kB
Mem:          3.8G       3.7G       105M       5.7M        27M       3.3G

MemTotal:        4016004 kB
MemFree:          107800 kB
Active:           347760 kB
Mem:          3.8G       3.7G       105M       5.7M        27M       3.3G

MemTotal:        4016004 kB
MemFree:          107660 kB
Active:           347768 kB
Mem:          3.8G       3.7G       105M       5.7M        27M       3.3G

MemTotal:        4016004 kB
MemFree:          107832 kB
Active:           347732 kB
Mem:          3.8G       3.7G       105M       5.7M        27M       3.3G

MemTotal:        4016004 kB
MemFree:          107460 kB
Active:           347780 kB
Mem:          3.8G       3.7G       105M       5.7M        27M       3.3G

MemTotal:        4016004 kB
MemFree:          107832 kB
Active:           347772 kB
Mem:          3.8G       3.7G       105M       5.7M        27M       3.3G

MemTotal:        4016004 kB
MemFree:          107956 kB
Active:           347740 kB
Mem:          3.8G       3.7G       105M       5.7M        27M       3.3G

MemTotal:        4016004 kB
MemFree:          107832 kB
Active:           347772 kB
Mem:          3.8G       3.7G       105M       5.7M        27M       3.3G

MemTotal:        4016004 kB
MemFree:          107460 kB
Active:           347788 kB
Mem:          3.8G       3.7G       105M       5.7M        27M       3.3G

MemTotal:        4016004 kB
MemFree:          107832 kB
Active:           347748 kB
Mem:          3.8G       3.7G       105M       5.7M        27M       3.3G

MemTotal:        4016004 kB
MemFree:          107832 kB
Active:           347736 kB
Mem:          3.8G       3.7G       105M       5.7M        27M       3.3G

MemTotal:        4016004 kB
MemFree:          107832 kB
Active:           347776 kB
Mem:          3.8G       3.7G       105M       5.7M        27M       3.3G

MemTotal:        4016004 kB
MemFree:          107460 kB
Active:           347792 kB
Mem:          3.8G       3.7G       105M       5.7M        27M       3.3G

MemTotal:        4016004 kB
MemFree:          108080 kB
Active:           347740 kB
Mem:          3.8G       3.7G       105M       5.7M        27M       3.3G

MemTotal:        4016004 kB
MemFree:          108204 kB
Active:           347756 kB
Mem:          3.8G       3.7G       105M       5.7M        27M       3.3G

MemTotal:        4016004 kB
MemFree:          108204 kB
Active:           347764 kB
Mem:          3.8G       3.7G       105M       5.7M        27M       3.3G

MemTotal:        4016004 kB
MemFree:          107832 kB
Active:           347776 kB
Mem:          3.8G       3.7G       105M       5.7M        27M       3.3G

MemTotal:        4016004 kB
MemFree:          107708 kB
Active:           347760 kB
Mem:          3.8G       3.7G       105M       5.7M        27M       3.3G

MemTotal:        4016004 kB
MemFree:          107708 kB
Active:           347764 kB
Mem:          3.8G       3.7G       105M       5.7M        27M       3.3G

MemTotal:        4016004 kB
MemFree:          107584 kB
Active:           347784 kB
Mem:          3.8G       3.7G       105M       5.7M        27M       3.3G

MemTotal:        4016004 kB
MemFree:          107832 kB
Active:           347808 kB
Mem:          3.8G       3.7G       105M       5.7M        27M       3.3G

MemTotal:        4016004 kB
MemFree:          107708 kB
Active:           347760 kB
Mem:          3.8G       3.7G       105M       5.7M        27M       3.3G

MemTotal:        4016004 kB
MemFree:          107832 kB
Active:           347784 kB
Mem:          3.8G       3.7G       105M       5.7M        27M       3.3G

MemTotal:        4016004 kB
MemFree:          107336 kB
Active:           347828 kB
Mem:          3.8G       3.7G       105M       5.7M        27M       3.3G

MemTotal:        4016004 kB
MemFree:          107584 kB
Active:           347828 kB
Mem:          3.8G       3.7G       105M       5.7M        27M       3.3G

MemTotal:        4016004 kB
MemFree:          107708 kB
Active:           347804 kB
Mem:          3.8G       3.7G       105M       5.7M        27M       3.3G

MemTotal:        4016004 kB
MemFree:          107584 kB
Active:           347824 kB
Mem:          3.8G       3.7G       105M       5.7M        27M       3.3G

MemTotal:        4016004 kB
MemFree:          107708 kB
Active:           347824 kB
Mem:          3.8G       3.7G       105M       5.7M        27M       3.3G

MemTotal:        4016004 kB
MemFree:          107832 kB
Active:           347828 kB
Mem:          3.8G       3.7G       105M       5.7M        27M       3.3G

MemTotal:        4016004 kB
MemFree:          107708 kB
Active:           347808 kB
Mem:          3.8G       3.7G       105M       5.7M        27M       3.3G

MemTotal:        4016004 kB
MemFree:          107708 kB
Active:           347780 kB
Mem:          3.8G       3.7G       105M       5.7M        27M       3.3G

MemTotal:        4016004 kB
MemFree:          107708 kB
Active:           347792 kB
Mem:          3.8G       3.7G       105M       5.7M        27M       3.3G

MemTotal:        4016004 kB
MemFree:          107212 kB
Active:           347844 kB
Mem:          3.8G       3.7G       104M       5.7M        27M       3.3G

MemTotal:        4016004 kB
MemFree:          107212 kB
Active:           347844 kB
Mem:          3.8G       3.7G       104M       5.7M        27M       3.3G

MemTotal:        4016004 kB
MemFree:          107708 kB
Active:           347800 kB
Mem:          3.8G       3.7G       105M       5.7M        27M       3.3G

MemTotal:        4016004 kB
MemFree:          107708 kB
Active:           347816 kB
Mem:          3.8G       3.7G       105M       5.7M        27M       3.3G

MemTotal:        4016004 kB
MemFree:          107212 kB
Active:           347844 kB
Mem:          3.8G       3.7G       104M       5.7M        27M       3.3G

MemTotal:        4016004 kB
MemFree:          107088 kB
Active:           347844 kB
Mem:          3.8G       3.7G       104M       5.7M        27M       3.3G

MemTotal:        4016004 kB
MemFree:          107584 kB
Active:           347840 kB
Mem:          3.8G       3.7G       104M       5.7M        27M       3.3G

MemTotal:        4016004 kB
MemFree:          107212 kB
Active:           347848 kB
Mem:          3.8G       3.7G       104M       5.7M        27M       3.3G

MemTotal:        4016004 kB
MemFree:          107832 kB
Active:           347840 kB
Mem:          3.8G       3.7G       104M       5.7M        27M       3.3G

MemTotal:        4016004 kB
MemFree:          107708 kB
Active:           347848 kB
Mem:          3.8G       3.7G       105M       5.7M        27M       3.3G

MemTotal:        4016004 kB
MemFree:          107708 kB
Active:           347836 kB
Mem:          3.8G       3.7G       105M       5.7M        27M       3.3G

MemTotal:        4016004 kB
MemFree:          107584 kB
Active:           347820 kB
Mem:          3.8G       3.7G       105M       5.7M        27M       3.3G

MemTotal:        4016004 kB
MemFree:          107584 kB
Active:           347848 kB
Mem:          3.8G       3.7G       105M       5.7M        27M       3.3G

MemTotal:        4016004 kB
MemFree:          107708 kB
Active:           347812 kB
Mem:          3.8G       3.7G       105M       5.7M        27M       3.3G

MemTotal:        4016004 kB
MemFree:          107212 kB
Active:           347860 kB
Mem:          3.8G       3.7G       104M       5.7M        27M       3.3G

MemTotal:        4016004 kB
MemFree:          107212 kB
Active:           347860 kB
Mem:          3.8G       3.7G       104M       5.7M        27M       3.3G

MemTotal:        4016004 kB
MemFree:          107708 kB
Active:           347808 kB
Mem:          3.8G       3.7G       105M       5.7M        27M       3.3G

MemTotal:        4016004 kB
MemFree:          107708 kB
Active:           347856 kB
Mem:          3.8G       3.7G       105M       5.7M        27M       3.3G

MemTotal:        4016004 kB
MemFree:          107708 kB
Active:           347848 kB
Mem:          3.8G       3.7G       105M       5.7M        27M       3.3G

MemTotal:        4016004 kB
MemFree:          107708 kB
Active:           347820 kB
Mem:          3.8G       3.7G       105M       5.7M        27M       3.3G

MemTotal:        4016004 kB
MemFree:          107832 kB
Active:           347852 kB
Mem:          3.8G       3.7G       105M       5.7M        27M       3.3G

MemTotal:        4016004 kB
MemFree:          107832 kB
Active:           347816 kB
Mem:          3.8G       3.7G       105M       5.7M        27M       3.3G

MemTotal:        4016004 kB
MemFree:          107584 kB
Active:           347876 kB
Mem:          3.8G       3.7G       105M       5.7M        27M       3.3G

MemTotal:        4016004 kB
MemFree:          107708 kB
Active:           347824 kB
Mem:          3.8G       3.7G       104M       5.7M        27M       3.3G

MemTotal:        4016004 kB
MemFree:          107212 kB
Active:           347836 kB
Mem:          3.8G       3.7G       104M       5.7M        27M       3.3G

MemTotal:        4016004 kB
MemFree:          107460 kB
Active:           347868 kB
Mem:          3.8G       3.7G       104M       5.7M        27M       3.3G

MemTotal:        4016004 kB
MemFree:          107460 kB
Active:           347856 kB
Mem:          3.8G       3.7G       104M       5.7M        27M       3.3G

MemTotal:        4016004 kB
MemFree:          107088 kB
Active:           347888 kB
Mem:          3.8G       3.7G       104M       5.7M        27M       3.3G

MemTotal:        4016004 kB
MemFree:          107460 kB
Active:           347832 kB
Mem:          3.8G       3.7G       104M       5.7M        27M       3.3G

MemTotal:        4016004 kB
MemFree:          107708 kB
Active:           347876 kB
Mem:          3.8G       3.7G       105M       5.7M        27M       3.3G

MemTotal:        4016004 kB
MemFree:          107708 kB
Active:           347864 kB
Mem:          3.8G       3.7G       105M       5.7M        27M       3.3G

MemTotal:        4016004 kB
MemFree:          107460 kB
Active:           347892 kB
Mem:          3.8G       3.7G       105M       5.7M        27M       3.3G

MemTotal:        4016004 kB
MemFree:          107336 kB
Active:           347892 kB
Mem:          3.8G       3.7G       104M       5.7M        27M       3.3G

MemTotal:        4016004 kB
MemFree:          107584 kB
Active:           347868 kB
Mem:          3.8G       3.7G       105M       5.7M        27M       3.3G

MemTotal:        4016004 kB
MemFree:          107460 kB
Active:           347872 kB
Mem:          3.8G       3.7G       104M       5.7M        27M       3.3G

MemTotal:        4016004 kB
MemFree:          107460 kB
Active:           347888 kB
Mem:          3.8G       3.7G       104M       5.7M        27M       3.3G

MemTotal:        4016004 kB
MemFree:          107320 kB
Active:           347860 kB
Mem:          3.8G       3.7G       104M       5.7M        27M       3.3G

MemTotal:        4016004 kB
MemFree:          107460 kB
Active:           347864 kB
Mem:          3.8G       3.7G       104M       5.7M        27M       3.3G

MemTotal:        4016004 kB
MemFree:          107460 kB
Active:           347888 kB
Mem:          3.8G       3.7G       104M       5.7M        27M       3.3G

MemTotal:        4016004 kB
MemFree:          107584 kB
Active:           347852 kB
Mem:          3.8G       3.7G       104M       5.7M        27M       3.3G

MemTotal:        4016004 kB
MemFree:          107584 kB
Active:           347864 kB
Mem:          3.8G       3.7G       105M       5.7M        27M       3.3G

MemTotal:        4016004 kB
MemFree:          107460 kB
Active:           347872 kB
Mem:          3.8G       3.7G       104M       5.7M        27M       3.3G

MemTotal:        4016004 kB
MemFree:          107336 kB
Active:           347888 kB
Mem:          3.8G       3.7G       105M       5.7M        27M       3.3G

MemTotal:        4016004 kB
MemFree:          107336 kB
Active:           347916 kB
Mem:          3.8G       3.7G       104M       5.7M        27M       3.3G

MemTotal:        4016004 kB
MemFree:          107584 kB
Active:           347888 kB
Mem:          3.8G       3.7G       105M       5.7M        27M       3.3G

MemTotal:        4016004 kB
MemFree:          107708 kB
Active:           347860 kB
Mem:          3.8G       3.7G       105M       5.7M        27M       3.3G

MemTotal:        4016004 kB
MemFree:          107584 kB
Active:           347872 kB
Mem:          3.8G       3.7G       104M       5.7M        27M       3.3G

MemTotal:        4016004 kB
MemFree:          107584 kB
Active:           347908 kB
Mem:          3.8G       3.7G       105M       5.7M        27M       3.3G

MemTotal:        4016004 kB
MemFree:          107584 kB
Active:           347916 kB
Mem:          3.8G       3.7G       104M       5.7M        27M       3.3G

MemTotal:        4016004 kB
MemFree:          107460 kB
Active:           347912 kB
Mem:          3.8G       3.7G       104M       5.7M        27M       3.3G

MemTotal:        4016004 kB
MemFree:          107460 kB
Active:           347888 kB
Mem:          3.8G       3.7G       104M       5.7M        27M       3.3G

MemTotal:        4016004 kB
MemFree:          107584 kB
Active:           347920 kB
Mem:          3.8G       3.7G       104M       5.7M        27M       3.3G

MemTotal:        4016004 kB
MemFree:          107212 kB
Active:           347896 kB
Mem:          3.8G       3.7G       104M       5.7M        27M       3.3G

MemTotal:        4016004 kB
MemFree:          107460 kB
Active:           347880 kB
Mem:          3.8G       3.7G       104M       5.7M        27M       3.3G

MemTotal:        4016004 kB
MemFree:          107336 kB
Active:           347888 kB
Mem:          3.8G       3.7G       104M       5.7M        27M       3.3G

MemTotal:        4016004 kB
MemFree:          107212 kB
Active:           347908 kB
Mem:          3.8G       3.7G       104M       5.7M        27M       3.3G

MemTotal:        4016004 kB
MemFree:          106964 kB
Active:           347944 kB
Mem:          3.8G       3.7G       104M       5.7M        27M       3.3G

MemTotal:        4016004 kB
MemFree:          107336 kB
Active:           347928 kB
Mem:          3.8G       3.7G       104M       5.7M        27M       3.3G

MemTotal:        4016004 kB
MemFree:          107460 kB
Active:           347900 kB
Mem:          3.8G       3.7G       104M       5.7M        27M       3.3G

MemTotal:        4016004 kB
MemFree:          107460 kB
Active:           347940 kB
Mem:          3.8G       3.7G       104M       5.7M        27M       3.3G

MemTotal:        4016004 kB
MemFree:          107460 kB
Active:           347908 kB
Mem:          3.8G       3.7G       104M       5.7M        27M       3.3G

MemTotal:        4016004 kB
MemFree:          107460 kB
Active:           347944 kB
Mem:          3.8G       3.7G       104M       5.7M        27M       3.3G

MemTotal:        4016004 kB
MemFree:          106964 kB
Active:           347952 kB
Mem:          3.8G       3.7G       104M       5.7M        27M       3.3G

MemTotal:        4016004 kB
MemFree:          107088 kB
Active:           347952 kB
Mem:          3.8G       3.7G       104M       5.7M        27M       3.3G

MemTotal:        4016004 kB
MemFree:          107460 kB
Active:           347920 kB
Mem:          3.8G       3.7G       104M       5.7M        27M       3.3G

MemTotal:        4016004 kB
MemFree:          107584 kB
Active:           347928 kB
Mem:          3.8G       3.7G       105M       5.7M        27M       3.3G

MemTotal:        4016004 kB
MemFree:          107336 kB
Active:           347952 kB
Mem:          3.8G       3.7G       104M       5.7M        27M       3.3G

MemTotal:        4016004 kB
MemFree:          107708 kB
Active:           347932 kB
Mem:          3.8G       3.7G       105M       5.7M        27M       3.3G

MemTotal:        4016004 kB
MemFree:          107708 kB
Active:           347944 kB
Mem:          3.8G       3.7G       105M       5.7M        27M       3.3G

MemTotal:        4016004 kB
MemFree:          107708 kB
Active:           347928 kB
Mem:          3.8G       3.7G       105M       5.7M        27M       3.3G

MemTotal:        4016004 kB
MemFree:          107832 kB
Active:           347944 kB
Mem:          3.8G       3.7G       105M       5.7M        27M       3.3G

MemTotal:        4016004 kB
MemFree:          107336 kB
Active:           347956 kB
Mem:          3.8G       3.7G       104M       5.7M        27M       3.3G

MemTotal:        4016004 kB
MemFree:          107460 kB
Active:           347900 kB
Mem:          3.8G       3.7G       104M       5.7M        27M       3.3G

MemTotal:        4016004 kB
MemFree:          107460 kB
Active:           347944 kB
Mem:          3.8G       3.7G       104M       5.7M        27M       3.3G

MemTotal:        4016004 kB
MemFree:          107584 kB
Active:           347916 kB
Mem:          3.8G       3.7G       104M       5.7M        27M       3.3G

MemTotal:        4016004 kB
MemFree:          107584 kB
Active:           347952 kB
Mem:          3.8G       3.7G       104M       5.7M        27M       3.3G

MemTotal:        4016004 kB
MemFree:          107708 kB
Active:           347964 kB
Mem:          3.8G       3.7G       105M       5.7M        27M       3.3G

MemTotal:        4016004 kB
MemFree:          107708 kB
Active:           347936 kB
Mem:          3.8G       3.7G       104M       5.7M        27M       3.3G

MemTotal:        4016004 kB
MemFree:          107708 kB
Active:           347916 kB
Mem:          3.8G       3.7G       105M       5.7M        27M       3.3G

MemTotal:        4016004 kB
MemFree:          107584 kB
Active:           347936 kB
Mem:          3.8G       3.7G       105M       5.7M        27M       3.3G

MemTotal:        4016004 kB
MemFree:          107708 kB
Active:           347968 kB
Mem:          3.8G       3.7G       105M       5.7M        27M       3.3G

MemTotal:        4016004 kB
MemFree:          107584 kB
Active:           347944 kB
Mem:          3.8G       3.7G       104M       5.7M        27M       3.3G

MemTotal:        4016004 kB
MemFree:          107584 kB
Active:           347964 kB
Mem:          3.8G       3.7G       104M       5.7M        27M       3.3G

MemTotal:        4016004 kB
MemFree:          107088 kB
Active:           347992 kB
Mem:          3.8G       3.7G       104M       5.7M        27M       3.3G

MemTotal:        4016004 kB
MemFree:          107460 kB
Active:           347944 kB
Mem:          3.8G       3.7G       104M       5.7M        27M       3.3G

MemTotal:        4016004 kB
MemFree:          107336 kB
Active:           347972 kB
Mem:          3.8G       3.7G       104M       5.7M        27M       3.3G

MemTotal:        4016004 kB
MemFree:          107584 kB
Active:           347968 kB
Mem:          3.8G       3.7G       104M       5.7M        27M       3.3G

MemTotal:        4016004 kB
MemFree:          107460 kB
Active:           347964 kB
Mem:          3.8G       3.7G       104M       5.7M        27M       3.3G

MemTotal:        4016004 kB
MemFree:          107584 kB
Active:           347984 kB
Mem:          3.8G       3.7G       105M       5.7M        27M       3.3G

MemTotal:        4016004 kB
MemFree:          107708 kB
Active:           347992 kB
Mem:          3.8G       3.7G       104M       5.7M        27M       3.3G

MemTotal:        4016004 kB
MemFree:          107460 kB
Active:           347984 kB
Mem:          3.8G       3.7G       104M       5.7M        27M       3.3G

MemTotal:        4016004 kB
MemFree:          107460 kB
Active:           347960 kB
Mem:          3.8G       3.7G       104M       5.7M        27M       3.3G

MemTotal:        4016004 kB
MemFree:          107584 kB
Active:           347984 kB
Mem:          3.8G       3.7G       104M       5.7M        27M       3.3G

MemTotal:        4016004 kB
MemFree:          107460 kB
Active:           347972 kB
Mem:          3.8G       3.7G       104M       5.7M        27M       3.3G

MemTotal:        4016004 kB
MemFree:          107212 kB
Active:           348004 kB
Mem:          3.8G       3.7G       104M       5.7M        27M       3.3G

MemTotal:        4016004 kB
MemFree:          107088 kB
Active:           348004 kB
Mem:          3.8G       3.7G       104M       5.7M        27M       3.3G

MemTotal:        4016004 kB
MemFree:          107584 kB
Active:           348008 kB
Mem:          3.8G       3.7G       104M       5.7M        27M       3.3G

MemTotal:        4016004 kB
MemFree:          107460 kB
Active:           347964 kB
Mem:          3.8G       3.7G       104M       5.7M        27M       3.3G

MemTotal:        4016004 kB
MemFree:          107336 kB
Active:           348008 kB
Mem:          3.8G       3.7G       104M       5.7M        27M       3.3G

MemTotal:        4016004 kB
MemFree:          107088 kB
Active:           348016 kB
Mem:          3.8G       3.7G       104M       5.7M        27M       3.3G

MemTotal:        4016004 kB
MemFree:          107460 kB
Active:           347992 kB
Mem:          3.8G       3.7G       104M       5.7M        27M       3.3G

MemTotal:        4016004 kB
MemFree:          107584 kB
Active:           347968 kB
Mem:          3.8G       3.7G       104M       5.7M        27M       3.3G

MemTotal:        4016004 kB
MemFree:          107460 kB
Active:           347992 kB
