MemTotal:        4016004 kB
MemFree:         3219388 kB
Active:           439696 kB
Mem:          3.8G       777M       3.1G       5.7M        55M       320M

MemTotal:        4016004 kB
MemFree:         3220472 kB
Active:           439592 kB
Mem:          3.8G       776M       3.1G       5.7M        55M       320M

MemTotal:        4016004 kB
MemFree:         3220704 kB
Active:           439692 kB
Mem:          3.8G       776M       3.1G       5.7M        55M       320M

MemTotal:        4016004 kB
MemFree:         3220812 kB
Active:           439684 kB
Mem:          3.8G       776M       3.1G       5.7M        55M       320M

MemTotal:        4016004 kB
MemFree:         3220440 kB
Active:           439692 kB
Mem:          3.8G       777M       3.1G       5.7M        55M       320M

MemTotal:        4016004 kB
MemFree:         3220192 kB
Active:           439680 kB
Mem:          3.8G       776M       3.1G       5.7M        55M       320M

MemTotal:        4016004 kB
MemFree:         3220316 kB
Active:           439716 kB
Mem:          3.8G       777M       3.1G       5.7M        55M       320M

MemTotal:        4016004 kB
MemFree:         3220316 kB
Active:           439692 kB
Mem:          3.8G       777M       3.1G       5.7M        55M       320M

MemTotal:        4016004 kB
MemFree:         3220068 kB
Active:           439728 kB
Mem:          3.8G       777M       3.1G       5.7M        55M       320M

MemTotal:        4016004 kB
MemFree:         3219696 kB
Active:           439736 kB
Mem:          3.8G       777M       3.1G       5.7M        55M       320M

MemTotal:        4016004 kB
MemFree:         3220176 kB
Active:           439692 kB
Mem:          3.8G       777M       3.1G       5.7M        55M       320M

MemTotal:        4016004 kB
MemFree:         3220144 kB
Active:           439728 kB
Mem:          3.8G       777M       3.1G       5.7M        55M       320M

MemTotal:        4016004 kB
MemFree:         3219632 kB
Active:           439736 kB
Mem:          3.8G       777M       3.1G       5.7M        55M       320M

MemTotal:        4016004 kB
MemFree:         3219864 kB
Active:           439680 kB
Mem:          3.8G       777M       3.1G       5.7M        55M       320M

MemTotal:        4016004 kB
MemFree:         3219476 kB
Active:           439744 kB
Mem:          3.8G       777M       3.1G       5.7M        55M       320M

MemTotal:        4016004 kB
MemFree:         3222052 kB
Active:           437816 kB
Mem:          3.8G       775M       3.1G       5.7M        55M       320M

MemTotal:        4016004 kB
MemFree:         3222080 kB
Active:           437708 kB
Mem:          3.8G       775M       3.1G       5.7M        55M       320M

MemTotal:        4016004 kB
MemFree:         3222064 kB
Active:           437676 kB
Mem:          3.8G       775M       3.1G       5.7M        55M       320M

MemTotal:        4016004 kB
MemFree:         3222112 kB
Active:           437676 kB
Mem:          3.8G       775M       3.1G       5.7M        55M       320M

MemTotal:        4016004 kB
MemFree:         3222112 kB
Active:           437716 kB
Mem:          3.8G       775M       3.1G       5.7M        55M       320M

MemTotal:        4016004 kB
MemFree:         3221988 kB
Active:           437688 kB
Mem:          3.8G       775M       3.1G       5.7M        55M       320M

MemTotal:        4016004 kB
MemFree:         3221740 kB
Active:           437728 kB
Mem:          3.8G       775M       3.1G       5.7M        55M       320M

MemTotal:        4016004 kB
MemFree:         3221864 kB
Active:           437684 kB
Mem:          3.8G       775M       3.1G       5.7M        55M       320M

MemTotal:        4016004 kB
MemFree:         3221740 kB
Active:           437704 kB
Mem:          3.8G       775M       3.1G       5.7M        55M       320M

MemTotal:        4016004 kB
MemFree:         3221740 kB
Active:           437720 kB
Mem:          3.8G       775M       3.1G       5.7M        55M       320M

MemTotal:        4016004 kB
MemFree:         3222112 kB
Active:           437696 kB
Mem:          3.8G       775M       3.1G       5.7M        55M       320M

MemTotal:        4016004 kB
MemFree:         3219940 kB
Active:           437700 kB
Mem:          3.8G       777M       3.1G       5.7M        55M       320M

MemTotal:        4016004 kB
MemFree:         3219816 kB
Active:           439708 kB
Mem:          3.8G       777M       3.1G       5.7M        55M       320M

MemTotal:        4016004 kB
MemFree:         3220064 kB
Active:           439740 kB
Mem:          3.8G       777M       3.1G       5.7M        55M       320M

MemTotal:        4016004 kB
MemFree:         3219816 kB
Active:           439752 kB
Mem:          3.8G       777M       3.1G       5.7M        55M       320M

MemTotal:        4016004 kB
MemFree:         3219676 kB
Active:           439732 kB
Mem:          3.8G       777M       3.1G       5.7M        55M       320M

MemTotal:        4016004 kB
MemFree:         3219676 kB
Active:           439712 kB
Mem:          3.8G       777M       3.1G       5.7M        55M       320M

MemTotal:        4016004 kB
MemFree:         3219908 kB
Active:           439744 kB
Mem:          3.8G       777M       3.1G       5.7M        55M       320M

MemTotal:        4016004 kB
MemFree:         3219768 kB
Active:           439764 kB
Mem:          3.8G       777M       3.1G       5.7M        55M       320M

MemTotal:        4016004 kB
MemFree:         3219876 kB
Active:           439744 kB
Mem:          3.8G       777M       3.1G       5.7M        55M       320M

MemTotal:        4016004 kB
MemFree:         3219860 kB
Active:           439720 kB
Mem:          3.8G       777M       3.1G       5.7M        55M       320M

MemTotal:        4016004 kB
MemFree:         3220328 kB
Active:           439748 kB
Mem:          3.8G       777M       3.1G       5.7M        55M       320M

MemTotal:        4016004 kB
MemFree:         3220080 kB
Active:           439768 kB
Mem:          3.8G       777M       3.1G       5.7M        55M       320M

MemTotal:        4016004 kB
MemFree:         3220080 kB
Active:           439732 kB
Mem:          3.8G       777M       3.1G       5.7M        55M       320M

MemTotal:        4016004 kB
MemFree:         3219956 kB
Active:           439768 kB
Mem:          3.8G       777M       3.1G       5.7M        55M       320M

MemTotal:        4016004 kB
MemFree:         3219956 kB
Active:           439760 kB
Mem:          3.8G       777M       3.1G       5.7M        55M       320M

MemTotal:        4016004 kB
MemFree:         3219956 kB
Active:           439736 kB
Mem:          3.8G       777M       3.1G       5.7M        55M       320M

MemTotal:        4016004 kB
MemFree:         3220204 kB
Active:           439748 kB
Mem:          3.8G       777M       3.1G       5.7M        55M       320M

MemTotal:        4016004 kB
MemFree:         3220204 kB
Active:           439784 kB
Mem:          3.8G       777M       3.1G       5.7M        55M       320M

MemTotal:        4016004 kB
MemFree:         3220172 kB
Active:           439748 kB
Mem:          3.8G       777M       3.1G       5.7M        55M       320M

MemTotal:        4016004 kB
MemFree:         3220376 kB
Active:           439764 kB
Mem:          3.8G       777M       3.1G       5.7M        55M       320M

MemTotal:        4016004 kB
MemFree:         3220128 kB
Active:           439780 kB
Mem:          3.8G       776M       3.1G       5.7M        55M       320M

MemTotal:        4016004 kB
MemFree:         3220376 kB
Active:           439792 kB
Mem:          3.8G       776M       3.1G       5.7M        55M       320M

MemTotal:        4016004 kB
MemFree:         3220500 kB
Active:           439804 kB
Mem:          3.8G       776M       3.1G       5.7M        55M       320M

MemTotal:        4016004 kB
MemFree:         3220624 kB
Active:           439808 kB
Mem:          3.8G       776M       3.1G       5.7M        55M       320M

MemTotal:        4016004 kB
MemFree:         3220252 kB
Active:           439812 kB
Mem:          3.8G       777M       3.1G       5.7M        55M       320M

MemTotal:        4016004 kB
MemFree:         3220252 kB
Active:           439776 kB
Mem:          3.8G       777M       3.1G       5.7M        55M       320M

MemTotal:        4016004 kB
MemFree:         3220004 kB
Active:           439804 kB
Mem:          3.8G       777M       3.1G       5.7M        55M       320M

MemTotal:        4016004 kB
MemFree:         3220128 kB
Active:           439812 kB
Mem:          3.8G       777M       3.1G       5.7M        55M       320M

MemTotal:        4016004 kB
MemFree:         3219880 kB
Active:           439776 kB
Mem:          3.8G       777M       3.1G       5.7M        55M       320M

MemTotal:        4016004 kB
MemFree:         3219848 kB
Active:           439808 kB
Mem:          3.8G       777M       3.1G       5.7M        55M       320M

MemTotal:        4016004 kB
MemFree:         3217800 kB
Active:           439768 kB
Mem:          3.8G       779M       3.1G       5.7M        55M       320M

MemTotal:        4016004 kB
MemFree:         3217552 kB
Active:           439808 kB
Mem:          3.8G       779M       3.1G       5.7M        55M       320M

MemTotal:        4016004 kB
MemFree:         3217536 kB
Active:           441840 kB
Mem:          3.8G       779M       3.1G       5.7M        55M       320M

MemTotal:        4016004 kB
MemFree:         3217644 kB
Active:           441836 kB
Mem:          3.8G       779M       3.1G       5.7M        55M       320M

MemTotal:        4016004 kB
MemFree:         3217628 kB
Active:           441820 kB
Mem:          3.8G       779M       3.1G       5.7M        55M       320M

MemTotal:        4016004 kB
MemFree:         3217364 kB
Active:           441864 kB
Mem:          3.8G       779M       3.1G       5.7M        55M       320M

MemTotal:        4016004 kB
MemFree:         3217596 kB
Active:           441808 kB
Mem:          3.8G       779M       3.1G       5.7M        55M       320M

MemTotal:        4016004 kB
MemFree:         3217580 kB
Active:           441832 kB
Mem:          3.8G       779M       3.1G       5.7M        55M       320M

MemTotal:        4016004 kB
MemFree:         3217316 kB
Active:           441868 kB
Mem:          3.8G       779M       3.1G       5.7M        55M       320M

MemTotal:        4016004 kB
MemFree:         3217688 kB
Active:           441840 kB
Mem:          3.8G       779M       3.1G       5.7M        55M       320M

MemTotal:        4016004 kB
MemFree:         3215624 kB
Active:           441812 kB
Mem:          3.8G       781M       3.1G       5.7M        55M       320M

MemTotal:        4016004 kB
MemFree:         3215608 kB
Active:           443896 kB
Mem:          3.8G       781M       3.1G       5.7M        55M       320M

MemTotal:        4016004 kB
MemFree:         3214972 kB
Active:           443868 kB
Mem:          3.8G       781M       3.1G       5.7M        55M       320M

MemTotal:        4016004 kB
MemFree:         3215328 kB
Active:           443888 kB
Mem:          3.8G       782M       3.1G       5.7M        55M       320M

MemTotal:        4016004 kB
MemFree:         3215188 kB
Active:           443868 kB
Mem:          3.8G       782M       3.1G       5.7M        55M       320M

MemTotal:        4016004 kB
MemFree:         3214676 kB
Active:           443900 kB
Mem:          3.8G       782M       3.1G       5.7M        55M       320M

MemTotal:        4016004 kB
MemFree:         3215048 kB
Active:           443860 kB
Mem:          3.8G       782M       3.1G       5.7M        55M       320M

MemTotal:        4016004 kB
MemFree:         3214924 kB
Active:           443892 kB
Mem:          3.8G       782M       3.1G       5.7M        55M       320M

MemTotal:        4016004 kB
MemFree:         3214800 kB
Active:           443900 kB
Mem:          3.8G       782M       3.1G       5.7M        55M       320M

MemTotal:        4016004 kB
MemFree:         3215156 kB
Active:           443896 kB
Mem:          3.8G       782M       3.1G       5.7M        55M       320M

MemTotal:        4016004 kB
MemFree:         3215140 kB
Active:           443872 kB
Mem:          3.8G       782M       3.1G       5.7M        55M       320M

MemTotal:        4016004 kB
MemFree:         3215512 kB
Active:           443884 kB
Mem:          3.8G       781M       3.1G       5.7M        55M       320M

MemTotal:        4016004 kB
MemFree:         3215388 kB
Active:           443880 kB
Mem:          3.8G       781M       3.1G       5.7M        55M       320M

MemTotal:        4016004 kB
MemFree:         3215496 kB
Active:           443856 kB
Mem:          3.8G       781M       3.1G       5.7M        55M       320M

MemTotal:        4016004 kB
MemFree:         3215356 kB
Active:           443880 kB
Mem:          3.8G       781M       3.1G       5.7M        55M       320M

MemTotal:        4016004 kB
MemFree:         3215464 kB
Active:           443884 kB
Mem:          3.8G       781M       3.1G       5.7M        55M       320M

MemTotal:        4016004 kB
MemFree:         3215668 kB
Active:           443912 kB
Mem:          3.8G       781M       3.1G       5.7M        55M       320M

MemTotal:        4016004 kB
MemFree:         3215420 kB
Active:           443872 kB
Mem:          3.8G       781M       3.1G       5.7M        55M       320M

MemTotal:        4016004 kB
MemFree:         3215936 kB
Active:           443876 kB
Mem:          3.8G       781M       3.1G       5.7M        55M       320M

MemTotal:        4016004 kB
MemFree:         3215812 kB
Active:           443924 kB
Mem:          3.8G       781M       3.1G       5.7M        55M       320M

MemTotal:        4016004 kB
MemFree:         3215252 kB
Active:           441884 kB
Mem:          3.8G       781M       3.1G       5.7M        55M       320M

MemTotal:        4016004 kB
MemFree:         3215748 kB
Active:           443908 kB
Mem:          3.8G       781M       3.1G       5.7M        55M       320M

MemTotal:        4016004 kB
MemFree:         3215500 kB
Active:           443900 kB
Mem:          3.8G       781M       3.1G       5.7M        55M       320M

MemTotal:        4016004 kB
MemFree:         3215624 kB
Active:           443908 kB
Mem:          3.8G       781M       3.1G       5.7M        55M       320M

MemTotal:        4016004 kB
MemFree:         3215872 kB
Active:           443932 kB
Mem:          3.8G       781M       3.1G       5.7M        55M       320M

MemTotal:        4016004 kB
MemFree:         3215252 kB
Active:           443940 kB
Mem:          3.8G       782M       3.1G       5.7M        55M       320M

MemTotal:        4016004 kB
MemFree:         3215128 kB
Active:           443940 kB
Mem:          3.8G       781M       3.1G       5.7M        55M       320M

MemTotal:        4016004 kB
MemFree:         3215872 kB
Active:           443920 kB
Mem:          3.8G       781M       3.1G       5.7M        55M       320M

MemTotal:        4016004 kB
MemFree:         3215748 kB
Active:           443896 kB
Mem:          3.8G       781M       3.1G       5.7M        55M       320M

MemTotal:        4016004 kB
MemFree:         3215500 kB
Active:           443944 kB
Mem:          3.8G       781M       3.1G       5.7M        55M       320M

MemTotal:        4016004 kB
MemFree:         3213700 kB
Active:           443868 kB
Mem:          3.8G       783M       3.1G       5.7M        55M       320M

MemTotal:        4016004 kB
MemFree:         3213700 kB
Active:           445932 kB
Mem:          3.8G       783M       3.1G       5.7M        55M       320M

MemTotal:        4016004 kB
MemFree:         3213328 kB
Active:           445984 kB
Mem:          3.8G       784M       3.1G       5.7M        55M       320M

MemTotal:        4016004 kB
MemFree:         3212832 kB
Active:           445984 kB
Mem:          3.8G       784M       3.1G       5.7M        55M       320M

MemTotal:        4016004 kB
MemFree:         3213048 kB
Active:           446212 kB
Mem:          3.8G       784M       3.1G       5.7M        55M       320M

MemTotal:        4016004 kB
MemFree:         3108424 kB
Active:           447212 kB
Mem:          3.8G       888M       3.0G       5.7M        55M       422M

MemTotal:        4016004 kB
MemFree:         3000892 kB
Active:           447268 kB
Mem:          3.8G       992M       2.9G       5.7M        55M       525M

MemTotal:        4016004 kB
MemFree:         2864048 kB
Active:           447272 kB
Mem:          3.8G       1.1G       2.7G       5.7M        55M       658M

MemTotal:        4016004 kB
MemFree:         2739652 kB
Active:           447312 kB
Mem:          3.8G       1.2G       2.6G       5.7M        55M       777M

MemTotal:        4016004 kB
MemFree:         2615380 kB
Active:           447320 kB
Mem:          3.8G       1.3G       2.5G       5.7M        55M       896M

MemTotal:        4016004 kB
MemFree:         2605332 kB
Active:           447356 kB
Mem:          3.8G       1.3G       2.5G       5.7M        55M       903M

MemTotal:        4016004 kB
MemFree:         2600648 kB
Active:           447376 kB
Mem:          3.8G       1.3G       2.5G       5.7M        55M       907M

MemTotal:        4016004 kB
MemFree:         2597656 kB
Active:           447372 kB
Mem:          3.8G       1.4G       2.5G       5.7M        55M       910M

MemTotal:        4016004 kB
MemFree:         2576320 kB
Active:           447388 kB
Mem:          3.8G       1.4G       2.5G       5.7M        55M       933M

MemTotal:        4016004 kB
MemFree:         2528944 kB
Active:           447428 kB
Mem:          3.8G       1.4G       2.4G       5.7M        55M       976M

MemTotal:        4016004 kB
MemFree:         2528572 kB
Active:           447440 kB
Mem:          3.8G       1.4G       2.4G       5.7M        55M       976M

MemTotal:        4016004 kB
MemFree:         2520088 kB
Active:           447472 kB
Mem:          3.8G       1.4G       2.4G       5.7M        55M       984M

MemTotal:        4016004 kB
MemFree:         2518632 kB
Active:           447488 kB
Mem:          3.8G       1.4G       2.4G       5.7M        55M       986M

MemTotal:        4016004 kB
MemFree:         2515024 kB
Active:           447488 kB
Mem:          3.8G       1.4G       2.4G       5.7M        55M       990M

MemTotal:        4016004 kB
MemFree:         2406940 kB
Active:           447444 kB
Mem:          3.8G       1.5G       2.3G       5.7M        55M       1.1G

MemTotal:        4016004 kB
MemFree:         2294788 kB
Active:           449496 kB
Mem:          3.8G       1.6G       2.2G       5.7M        55M       1.2G

MemTotal:        4016004 kB
MemFree:         2236748 kB
Active:           449524 kB
Mem:          3.8G       1.7G       2.1G       5.7M        55M       1.2G

MemTotal:        4016004 kB
MemFree:         2194804 kB
Active:           449480 kB
Mem:          3.8G       1.7G       2.1G       5.7M        55M       1.3G

MemTotal:        4016004 kB
MemFree:         2144100 kB
Active:           449536 kB
Mem:          3.8G       1.8G       2.0G       5.7M        55M       1.3G

MemTotal:        4016004 kB
MemFree:         2090404 kB
Active:           449504 kB
Mem:          3.8G       1.8G       2.0G       5.7M        55M       1.4G

MemTotal:        4016004 kB
MemFree:         2086096 kB
Active:           449516 kB
Mem:          3.8G       1.8G       2.0G       5.7M        55M       1.4G

MemTotal:        4016004 kB
MemFree:         1998928 kB
Active:           449564 kB
Mem:          3.8G       1.9G       1.9G       5.7M        55M       1.4G

MemTotal:        4016004 kB
MemFree:         1997060 kB
Active:           449544 kB
Mem:          3.8G       1.9G       1.9G       5.7M        55M       1.5G

MemTotal:        4016004 kB
MemFree:         1992936 kB
Active:           449564 kB
Mem:          3.8G       1.9G       1.9G       5.7M        55M       1.5G

MemTotal:        4016004 kB
MemFree:         1988552 kB
Active:           449572 kB
Mem:          3.8G       1.9G       1.9G       5.7M        55M       1.5G

MemTotal:        4016004 kB
MemFree:         1987220 kB
Active:           449556 kB
Mem:          3.8G       1.9G       1.9G       5.7M        55M       1.5G

MemTotal:        4016004 kB
MemFree:         1912404 kB
Active:           449580 kB
Mem:          3.8G       2.0G       1.8G       5.7M        55M       1.5G

MemTotal:        4016004 kB
MemFree:         1793976 kB
Active:           449548 kB
Mem:          3.8G       2.1G       1.7G       5.7M        55M       1.6G

MemTotal:        4016004 kB
MemFree:         1684988 kB
Active:           449560 kB
Mem:          3.8G       2.2G       1.6G       5.7M        55M       1.7G

MemTotal:        4016004 kB
MemFree:         1647720 kB
Active:           449588 kB
Mem:          3.8G       2.3G       1.6G       5.7M        55M       1.8G

MemTotal:        4016004 kB
MemFree:         1644312 kB
Active:           449584 kB
Mem:          3.8G       2.3G       1.6G       5.7M        55M       1.8G

MemTotal:        4016004 kB
MemFree:         1556764 kB
Active:           449592 kB
Mem:          3.8G       2.3G       1.5G       5.7M        55M       1.9G

MemTotal:        4016004 kB
MemFree:         1500272 kB
Active:           449600 kB
Mem:          3.8G       2.4G       1.4G       5.7M        55M       1.9G

MemTotal:        4016004 kB
MemFree:         1497656 kB
Active:           449592 kB
Mem:          3.8G       2.4G       1.4G       5.7M        55M       1.9G

MemTotal:        4016004 kB
MemFree:         1426416 kB
Active:           449568 kB
Mem:          3.8G       2.5G       1.4G       5.7M        55M       2.0G

MemTotal:        4016004 kB
MemFree:         1360512 kB
Active:           447572 kB
Mem:          3.8G       2.5G       1.3G       5.7M        55M       2.0G

MemTotal:        4016004 kB
MemFree:         1360016 kB
Active:           449584 kB
Mem:          3.8G       2.5G       1.3G       5.7M        55M       2.1G

MemTotal:        4016004 kB
MemFree:         1353840 kB
Active:           449716 kB
Mem:          3.8G       2.5G       1.3G       5.7M        55M       2.1G

MemTotal:        4016004 kB
MemFree:         1349208 kB
Active:           449616 kB
Mem:          3.8G       2.5G       1.3G       5.7M        55M       2.1G

MemTotal:        4016004 kB
MemFree:         1341108 kB
Active:           449600 kB
Mem:          3.8G       2.6G       1.3G       5.7M        55M       2.1G

MemTotal:        4016004 kB
MemFree:         1229996 kB
Active:           449624 kB
Mem:          3.8G       2.7G       1.2G       5.7M        55M       2.2G

MemTotal:        4016004 kB
MemFree:         1141392 kB
Active:           449616 kB
Mem:          3.8G       2.7G       1.1G       5.7M        55M       2.3G

MemTotal:        4016004 kB
MemFree:         1021336 kB
Active:           449652 kB
Mem:          3.8G       2.9G       996M       5.7M        55M       2.4G

MemTotal:        4016004 kB
MemFree:          894196 kB
Active:           449656 kB
Mem:          3.8G       3.0G       870M       5.7M        55M       2.5G

MemTotal:        4016004 kB
MemFree:          778000 kB
Active:           449632 kB
Mem:          3.8G       3.1G       758M       5.7M        55M       2.6G

MemTotal:        4016004 kB
MemFree:          667384 kB
Active:           449608 kB
Mem:          3.8G       3.2G       649M       5.7M        55M       2.7G

MemTotal:        4016004 kB
MemFree:          642784 kB
Active:           449628 kB
Mem:          3.8G       3.2G       627M       5.7M        55M       2.7G

MemTotal:        4016004 kB
MemFree:          624384 kB
Active:           449648 kB
Mem:          3.8G       3.2G       606M       5.7M        55M       2.7G

MemTotal:        4016004 kB
MemFree:          509908 kB
Active:           449708 kB
Mem:          3.8G       3.3G       497M       5.7M        55M       2.8G

MemTotal:        4016004 kB
MemFree:          507840 kB
Active:           449700 kB
Mem:          3.8G       3.3G       495M       5.7M        55M       2.9G

MemTotal:        4016004 kB
MemFree:          504248 kB
Active:           449732 kB
Mem:          3.8G       3.4G       490M       5.7M        55M       2.9G

MemTotal:        4016004 kB
MemFree:          499604 kB
Active:           449720 kB
Mem:          3.8G       3.4G       487M       5.7M        55M       2.9G

MemTotal:        4016004 kB
MemFree:          499356 kB
Active:           449756 kB
Mem:          3.8G       3.4G       487M       5.7M        55M       2.9G

MemTotal:        4016004 kB
MemFree:          498740 kB
Active:           449748 kB
Mem:          3.8G       3.4G       487M       5.7M        55M       2.9G

MemTotal:        4016004 kB
MemFree:          499000 kB
Active:           449952 kB
Mem:          3.8G       3.4G       487M       5.7M        55M       2.9G

MemTotal:        4016004 kB
MemFree:          491504 kB
Active:           449792 kB
Mem:          3.8G       3.4G       479M       5.7M        55M       2.9G

MemTotal:        4016004 kB
MemFree:          488404 kB
Active:           449800 kB
Mem:          3.8G       3.4G       476M       5.7M        55M       2.9G

MemTotal:        4016004 kB
MemFree:          469872 kB
Active:           449824 kB
Mem:          3.8G       3.4G       455M       5.7M        55M       2.9G

MemTotal:        4016004 kB
MemFree:          337632 kB
Active:           449836 kB
Mem:          3.8G       3.5G       327M       5.7M        55M       3.0G

MemTotal:        4016004 kB
MemFree:          212616 kB
Active:           449800 kB
Mem:          3.8G       3.6G       207M       5.7M        55M       3.1G

MemTotal:        4016004 kB
MemFree:          126428 kB
Active:           448052 kB
Mem:          3.8G       3.7G       143M       5.7M        20M       3.2G

MemTotal:        4016004 kB
MemFree:          144080 kB
Active:           468476 kB
Mem:          3.8G       3.7G       139M       5.7M        20M       3.2G

MemTotal:        4016004 kB
MemFree:          114408 kB
Active:           466692 kB
Mem:          3.8G       3.7G       109M       5.7M        20M       3.3G

MemTotal:        4016004 kB
MemFree:          132008 kB
Active:           459140 kB
Mem:          3.8G       3.7G       137M       5.7M        20M       3.2G

MemTotal:        4016004 kB
MemFree:          133752 kB
Active:           455296 kB
Mem:          3.8G       3.7G       129M       5.7M        20M       3.2G

MemTotal:        4016004 kB
MemFree:          129664 kB
Active:           455356 kB
Mem:          3.8G       3.7G       126M       5.7M        20M       3.2G

MemTotal:        4016004 kB
MemFree:          126844 kB
Active:           455380 kB
Mem:          3.8G       3.7G       123M       5.7M        20M       3.2G

MemTotal:        4016004 kB
MemFree:          123932 kB
Active:           455360 kB
Mem:          3.8G       3.7G       120M       5.7M        20M       3.2G

MemTotal:        4016004 kB
MemFree:          118868 kB
Active:           455380 kB
Mem:          3.8G       3.7G       116M       5.7M        20M       3.2G

MemTotal:        4016004 kB
MemFree:          135588 kB
Active:           451892 kB
Mem:          3.8G       3.7G       132M       5.7M        20M       3.2G

MemTotal:        4016004 kB
MemFree:          107176 kB
Active:           453916 kB
Mem:          3.8G       3.7G       116M       5.7M        20M       3.2G

MemTotal:        4016004 kB
MemFree:          135740 kB
Active:           452524 kB
Mem:          3.8G       3.7G       132M       5.7M        20M       3.2G

MemTotal:        4016004 kB
MemFree:          130668 kB
Active:           450356 kB
Mem:          3.8G       3.7G       125M       5.7M        20M       3.2G

MemTotal:        4016004 kB
MemFree:          114560 kB
Active:           450040 kB
Mem:          3.8G       3.7G       109M       5.7M        20M       3.3G

MemTotal:        4016004 kB
MemFree:          133328 kB
Active:           447624 kB
Mem:          3.8G       3.7G       130M       5.7M        20M       3.2G

MemTotal:        4016004 kB
MemFree:          132240 kB
Active:           447628 kB
Mem:          3.8G       3.7G       129M       5.7M        20M       3.2G

MemTotal:        4016004 kB
MemFree:          125656 kB
Active:           447680 kB
Mem:          3.8G       3.7G       122M       5.7M        20M       3.2G

MemTotal:        4016004 kB
MemFree:          119644 kB
Active:           447676 kB
Mem:          3.8G       3.7G       116M       5.7M        20M       3.2G

MemTotal:        4016004 kB
MemFree:          116424 kB
Active:           447660 kB
Mem:          3.8G       3.7G       113M       5.7M        20M       3.3G

MemTotal:        4016004 kB
MemFree:          138048 kB
Active:           443352 kB
Mem:          3.8G       3.7G       134M       5.7M        20M       3.2G

MemTotal:        4016004 kB
MemFree:          136588 kB
Active:           441716 kB
Mem:          3.8G       3.7G       132M       5.7M        20M       3.2G

MemTotal:        4016004 kB
MemFree:          138692 kB
Active:           434904 kB
Mem:          3.8G       3.7G       134M       5.7M        20M       3.2G

MemTotal:        4016004 kB
MemFree:          134432 kB
Active:           434944 kB
Mem:          3.8G       3.7G       129M       5.7M        20M       3.2G

MemTotal:        4016004 kB
MemFree:          133656 kB
Active:           431468 kB
Mem:          3.8G       3.7G       134M       5.7M        20M       3.2G

MemTotal:        4016004 kB
MemFree:          132144 kB
Active:           431216 kB
Mem:          3.8G       3.7G       128M       5.7M        20M       3.2G

MemTotal:        4016004 kB
MemFree:          125876 kB
Active:           430788 kB
Mem:          3.8G       3.7G       121M       5.7M        20M       3.2G

MemTotal:        4016004 kB
MemFree:          107804 kB
Active:           429012 kB
Mem:          3.8G       3.7G       105M       5.7M        20M       3.3G

MemTotal:        4016004 kB
MemFree:          124632 kB
Active:           428436 kB
Mem:          3.8G       3.7G       121M       5.7M        20M       3.2G

MemTotal:        4016004 kB
MemFree:          121316 kB
Active:           428456 kB
Mem:          3.8G       3.7G       118M       5.7M        20M       3.2G

MemTotal:        4016004 kB
MemFree:          116312 kB
Active:           428460 kB
Mem:          3.8G       3.7G       113M       5.7M        20M       3.2G

MemTotal:        4016004 kB
MemFree:          115188 kB
Active:           428440 kB
Mem:          3.8G       3.7G       112M       5.7M        20M       3.3G

MemTotal:        4016004 kB
MemFree:          137884 kB
Active:           424388 kB
Mem:          3.8G       3.7G       133M       5.7M        20M       3.2G

MemTotal:        4016004 kB
MemFree:          135692 kB
Active:           421612 kB
Mem:          3.8G       3.7G       134M       5.7M        20M       3.2G

MemTotal:        4016004 kB
MemFree:          106512 kB
Active:           416700 kB
Mem:          3.8G       3.7G       124M       5.7M        20M       3.2G

MemTotal:        4016004 kB
MemFree:          126776 kB
Active:           413620 kB
Mem:          3.8G       3.7G       123M       5.7M        20M       3.2G

MemTotal:        4016004 kB
MemFree:          123444 kB
Active:           413656 kB
Mem:          3.8G       3.7G       120M       5.7M        20M       3.2G

MemTotal:        4016004 kB
MemFree:          137672 kB
Active:           409832 kB
Mem:          3.8G       3.7G       134M       5.7M        20M       3.2G

MemTotal:        4016004 kB
MemFree:          137824 kB
Active:           409792 kB
Mem:          3.8G       3.7G       134M       5.7M        20M       3.2G

MemTotal:        4016004 kB
MemFree:          126192 kB
Active:           409572 kB
Mem:          3.8G       3.7G       122M       5.7M        20M       3.2G

MemTotal:        4016004 kB
MemFree:          130584 kB
Active:           407580 kB
Mem:          3.8G       3.7G       127M       5.7M        20M       3.2G

MemTotal:        4016004 kB
MemFree:          127972 kB
Active:           407640 kB
Mem:          3.8G       3.7G       124M       5.7M        20M       3.2G

MemTotal:        4016004 kB
MemFree:          124440 kB
Active:           407512 kB
Mem:          3.8G       3.7G       121M       5.7M        20M       3.2G

MemTotal:        4016004 kB
MemFree:          122336 kB
Active:           407544 kB
Mem:          3.8G       3.7G       119M       5.7M        20M       3.2G

MemTotal:        4016004 kB
MemFree:          121972 kB
Active:           407592 kB
Mem:          3.8G       3.7G       115M       5.7M        20M       3.2G

MemTotal:        4016004 kB
MemFree:          125920 kB
Active:           404624 kB
Mem:          3.8G       3.7G       121M       5.7M        20M       3.2G

MemTotal:        4016004 kB
MemFree:          124012 kB
Active:           399584 kB
Mem:          3.8G       3.7G       119M       5.7M        20M       3.2G

MemTotal:        4016004 kB
MemFree:          128896 kB
Active:           395992 kB
Mem:          3.8G       3.7G       123M       5.7M        20M       3.2G

MemTotal:        4016004 kB
MemFree:          142468 kB
Active:           395024 kB
Mem:          3.8G       3.7G       138M       5.7M        20M       3.2G

MemTotal:        4016004 kB
MemFree:          123064 kB
Active:           393760 kB
Mem:          3.8G       3.7G       117M       5.7M        20M       3.2G

MemTotal:        4016004 kB
MemFree:          114732 kB
Active:           391372 kB
Mem:          3.8G       3.7G       110M       5.7M        20M       3.3G

MemTotal:        4016004 kB
MemFree:          124596 kB
Active:           389848 kB
Mem:          3.8G       3.7G       119M       5.7M        20M       3.2G

MemTotal:        4016004 kB
MemFree:          138572 kB
Active:           388440 kB
Mem:          3.8G       3.7G       135M       5.7M        20M       3.2G

MemTotal:        4016004 kB
MemFree:          135208 kB
Active:           388416 kB
Mem:          3.8G       3.7G       131M       5.7M        20M       3.2G

MemTotal:        4016004 kB
MemFree:          132788 kB
Active:           388444 kB
Mem:          3.8G       3.7G       129M       5.7M        20M       3.2G

MemTotal:        4016004 kB
MemFree:          132388 kB
Active:           388440 kB
Mem:          3.8G       3.7G       129M       5.7M        20M       3.2G

MemTotal:        4016004 kB
MemFree:          129980 kB
Active:           388428 kB
Mem:          3.8G       3.7G       126M       5.7M        20M       3.2G

MemTotal:        4016004 kB
MemFree:          136780 kB
Active:           382796 kB
Mem:          3.8G       3.7G       132M       5.7M        20M       3.2G

MemTotal:        4016004 kB
MemFree:          128276 kB
Active:           378884 kB
Mem:          3.8G       3.7G       133M       5.7M        20M       3.2G

MemTotal:        4016004 kB
MemFree:          107992 kB
Active:           377860 kB
Mem:          3.8G       3.7G       103M       5.7M        20M       3.3G

MemTotal:        4016004 kB
MemFree:          133532 kB
Active:           376920 kB
Mem:          3.8G       3.7G       130M       5.7M        20M       3.2G

MemTotal:        4016004 kB
MemFree:          116668 kB
Active:           376884 kB
Mem:          3.8G       3.7G       111M       5.7M        20M       3.3G

MemTotal:        4016004 kB
MemFree:          129964 kB
Active:           376896 kB
Mem:          3.8G       3.7G       124M       5.7M        20M       3.2G

MemTotal:        4016004 kB
MemFree:          134020 kB
Active:           376928 kB
Mem:          3.8G       3.7G       130M       5.7M        20M       3.2G

MemTotal:        4016004 kB
MemFree:          135336 kB
Active:           376916 kB
Mem:          3.8G       3.7G       132M       5.7M        20M       3.2G

MemTotal:        4016004 kB
MemFree:          135480 kB
Active:           376968 kB
Mem:          3.8G       3.7G       132M       5.7M        20M       3.2G

MemTotal:        4016004 kB
MemFree:          132540 kB
Active:           376948 kB
Mem:          3.8G       3.7G       129M       5.7M        20M       3.2G

MemTotal:        4016004 kB
MemFree:          129300 kB
Active:           376980 kB
Mem:          3.8G       3.7G       126M       5.7M        20M       3.2G

MemTotal:        4016004 kB
MemFree:          126388 kB
Active:           376980 kB
Mem:          3.8G       3.7G       122M       5.7M        20M       3.2G

MemTotal:        4016004 kB
MemFree:          119332 kB
Active:           376952 kB
Mem:          3.8G       3.7G       114M       5.7M        20M       3.2G

MemTotal:        4016004 kB
MemFree:          120612 kB
Active:           376956 kB
Mem:          3.8G       3.7G       115M       5.7M        20M       3.2G

MemTotal:        4016004 kB
MemFree:          140724 kB
Active:           376652 kB
Mem:          3.8G       3.7G       134M       5.7M        20M       3.2G

MemTotal:        4016004 kB
MemFree:          140888 kB
Active:           376164 kB
Mem:          3.8G       3.7G       137M       5.7M        20M       3.2G

MemTotal:        4016004 kB
MemFree:          124800 kB
Active:           376176 kB
Mem:          3.8G       3.7G       130M       5.7M        20M       3.2G

MemTotal:        4016004 kB
MemFree:          131240 kB
Active:           376272 kB
Mem:          3.8G       3.7G       128M       5.7M        20M       3.2G

MemTotal:        4016004 kB
MemFree:          119324 kB
Active:           376196 kB
Mem:          3.8G       3.7G       114M       5.7M        20M       3.2G

MemTotal:        4016004 kB
MemFree:          108976 kB
Active:           376216 kB
Mem:          3.8G       3.7G       106M       5.7M        20M       3.3G

MemTotal:        4016004 kB
MemFree:          127252 kB
Active:           376232 kB
Mem:          3.8G       3.7G       123M       5.7M        20M       3.2G

MemTotal:        4016004 kB
MemFree:          137172 kB
Active:           375976 kB
Mem:          3.8G       3.7G       134M       5.7M        20M       3.2G

MemTotal:        4016004 kB
MemFree:          135544 kB
Active:           376652 kB
Mem:          3.8G       3.7G       132M       5.7M        20M       3.2G

MemTotal:        4016004 kB
MemFree:          135576 kB
Active:           378668 kB
Mem:          3.8G       3.7G       132M       5.7M        20M       3.2G

MemTotal:        4016004 kB
MemFree:          135488 kB
Active:           378672 kB
Mem:          3.8G       3.7G       132M       5.7M        20M       3.2G

MemTotal:        4016004 kB
MemFree:          132244 kB
Active:           378668 kB
Mem:          3.8G       3.7G       128M       5.7M        20M       3.2G

MemTotal:        4016004 kB
MemFree:          133368 kB
Active:           376500 kB
Mem:          3.8G       3.7G       136M       5.7M        20M       3.2G

MemTotal:        4016004 kB
MemFree:          142240 kB
Active:           376284 kB
Mem:          3.8G       3.7G       136M       5.7M        20M       3.2G

MemTotal:        4016004 kB
MemFree:          118676 kB
Active:           373232 kB
Mem:          3.8G       3.7G       137M       5.7M        20M       3.2G

MemTotal:        4016004 kB
MemFree:          118812 kB
Active:           373136 kB
Mem:          3.8G       3.7G       115M       5.7M        20M       3.2G

MemTotal:        4016004 kB
MemFree:          137696 kB
Active:           373140 kB
Mem:          3.8G       3.7G       134M       5.7M        20M       3.2G

MemTotal:        4016004 kB
MemFree:          116900 kB
Active:           373132 kB
Mem:          3.8G       3.7G       111M       5.7M        20M       3.2G

MemTotal:        4016004 kB
MemFree:          131536 kB
Active:           371088 kB
Mem:          3.8G       3.7G       128M       5.7M        20M       3.2G

MemTotal:        4016004 kB
MemFree:          129224 kB
Active:           371848 kB
Mem:          3.8G       3.7G       125M       5.7M        20M       3.2G

MemTotal:        4016004 kB
MemFree:          119224 kB
Active:           371456 kB
Mem:          3.8G       3.7G       113M       5.7M        20M       3.2G

MemTotal:        4016004 kB
MemFree:          135344 kB
Active:           371164 kB
Mem:          3.8G       3.7G       132M       5.7M        20M       3.2G

MemTotal:        4016004 kB
MemFree:          132864 kB
Active:           371152 kB
Mem:          3.8G       3.7G       129M       5.7M        20M       3.2G

MemTotal:        4016004 kB
MemFree:          131968 kB
Active:           371152 kB
Mem:          3.8G       3.7G       128M       5.7M        20M       3.2G

MemTotal:        4016004 kB
MemFree:          131044 kB
Active:           371152 kB
Mem:          3.8G       3.7G       127M       5.7M        20M       3.2G

MemTotal:        4016004 kB
MemFree:          131684 kB
Active:           370460 kB
Mem:          3.8G       3.7G       127M       5.7M        20M       3.2G

MemTotal:        4016004 kB
MemFree:          135044 kB
Active:           370448 kB
Mem:          3.8G       3.7G       130M       5.7M        20M       3.2G

MemTotal:        4016004 kB
MemFree:          127652 kB
Active:           370476 kB
Mem:          3.8G       3.7G       122M       5.7M        20M       3.2G

MemTotal:        4016004 kB
MemFree:          147736 kB
Active:           367556 kB
Mem:          3.8G       3.7G       144M       5.7M        20M       3.2G

MemTotal:        4016004 kB
MemFree:          143832 kB
Active:           367568 kB
Mem:          3.8G       3.7G       140M       5.7M        20M       3.2G

MemTotal:        4016004 kB
MemFree:          108700 kB
Active:           367580 kB
Mem:          3.8G       3.7G       104M       5.7M        20M       3.3G

MemTotal:        4016004 kB
MemFree:          132816 kB
Active:           367568 kB
Mem:          3.8G       3.7G       129M       5.7M        20M       3.2G

MemTotal:        4016004 kB
MemFree:          146212 kB
Active:           367604 kB
Mem:          3.8G       3.7G       142M       5.7M        20M       3.2G

MemTotal:        4016004 kB
MemFree:          144788 kB
Active:           367616 kB
Mem:          3.8G       3.7G       141M       5.7M        20M       3.2G

MemTotal:        4016004 kB
MemFree:          144044 kB
Active:           367620 kB
Mem:          3.8G       3.7G       140M       5.7M        20M       3.2G

MemTotal:        4016004 kB
MemFree:          142532 kB
Active:           367620 kB
Mem:          3.8G       3.7G       139M       5.7M        20M       3.2G

MemTotal:        4016004 kB
MemFree:          133324 kB
Active:           367600 kB
Mem:          3.8G       3.7G       126M       5.7M        20M       3.2G

MemTotal:        4016004 kB
MemFree:          135968 kB
Active:           367036 kB
Mem:          3.8G       3.7G       130M       5.7M        20M       3.2G

MemTotal:        4016004 kB
MemFree:          134952 kB
Active:           366908 kB
Mem:          3.8G       3.7G       129M       5.7M        20M       3.2G

MemTotal:        4016004 kB
MemFree:          134900 kB
Active:           366908 kB
Mem:          3.8G       3.7G       129M       5.7M        20M       3.2G

MemTotal:        4016004 kB
MemFree:          130152 kB
Active:           366908 kB
Mem:          3.8G       3.7G       126M       5.7M        20M       3.2G

MemTotal:        4016004 kB
MemFree:          135696 kB
Active:           366916 kB
Mem:          3.8G       3.7G       132M       5.7M        20M       3.2G

MemTotal:        4016004 kB
MemFree:          128060 kB
Active:           366916 kB
Mem:          3.8G       3.7G       124M       5.7M        20M       3.2G

MemTotal:        4016004 kB
MemFree:          129916 kB
Active:           359260 kB
Mem:          3.8G       3.7G       126M       5.7M        20M       3.2G

MemTotal:        4016004 kB
MemFree:          128768 kB
Active:           359068 kB
Mem:          3.8G       3.7G       125M       5.7M        20M       3.2G

MemTotal:        4016004 kB
MemFree:          127500 kB
Active:           359092 kB
Mem:          3.8G       3.7G       124M       5.7M        20M       3.2G

MemTotal:        4016004 kB
MemFree:          127564 kB
Active:           359072 kB
Mem:          3.8G       3.7G       124M       5.7M        20M       3.2G

MemTotal:        4016004 kB
MemFree:          125988 kB
Active:           359108 kB
Mem:          3.8G       3.7G       123M       5.7M        20M       3.2G

MemTotal:        4016004 kB
MemFree:          134356 kB
Active:           359108 kB
Mem:          3.8G       3.7G       129M       5.7M        20M       3.2G

MemTotal:        4016004 kB
MemFree:          114848 kB
Active:           359108 kB
Mem:          3.8G       3.7G       109M       5.7M        20M       3.2G

MemTotal:        4016004 kB
MemFree:          128828 kB
Active:           357180 kB
Mem:          3.8G       3.7G       124M       5.7M        20M       3.2G

MemTotal:        4016004 kB
MemFree:          130124 kB
Active:           356956 kB
Mem:          3.8G       3.7G       125M       5.7M        20M       3.2G

MemTotal:        4016004 kB
MemFree:          130228 kB
Active:           356964 kB
Mem:          3.8G       3.7G       124M       5.7M        20M       3.2G

MemTotal:        4016004 kB
MemFree:          137168 kB
Active:           356980 kB
Mem:          3.8G       3.7G       133M       5.7M        20M       3.2G

MemTotal:        4016004 kB
MemFree:          128500 kB
Active:           357036 kB
Mem:          3.8G       3.7G       122M       5.7M        20M       3.2G

MemTotal:        4016004 kB
MemFree:          132852 kB
Active:           357036 kB
Mem:          3.8G       3.7G       129M       5.7M        20M       3.2G

MemTotal:        4016004 kB
MemFree:          104820 kB
Active:           357036 kB
Mem:          3.8G       3.7G       125M       5.7M        20M       3.2G

MemTotal:        4016004 kB
MemFree:          128340 kB
Active:           357052 kB
Mem:          3.8G       3.7G       125M       5.7M        20M       3.2G

MemTotal:        4016004 kB
MemFree:          126476 kB
Active:           357052 kB
Mem:          3.8G       3.7G       123M       5.7M        20M       3.2G

MemTotal:        4016004 kB
MemFree:          125936 kB
Active:           357116 kB
Mem:          3.8G       3.7G       120M       5.7M        20M       3.2G

MemTotal:        4016004 kB
MemFree:          120068 kB
Active:           357100 kB
Mem:          3.8G       3.7G       136M       5.7M        20M       3.2G

MemTotal:        4016004 kB
MemFree:          127448 kB
Active:           354376 kB
Mem:          3.8G       3.7G       124M       5.7M        20M       3.2G

MemTotal:        4016004 kB
MemFree:          122804 kB
Active:           354160 kB
Mem:          3.8G       3.7G       117M       5.7M        20M       3.2G

MemTotal:        4016004 kB
MemFree:          117432 kB
Active:           354372 kB
Mem:          3.8G       3.7G       112M       5.7M        20M       3.2G

MemTotal:        4016004 kB
MemFree:          123904 kB
Active:           354436 kB
Mem:          3.8G       3.7G       119M       5.7M        20M       3.2G

MemTotal:        4016004 kB
MemFree:          112208 kB
Active:           354276 kB
Mem:          3.8G       3.7G       107M       5.7M        20M       3.2G

MemTotal:        4016004 kB
MemFree:          147492 kB
Active:           352280 kB
Mem:          3.8G       3.7G       143M       5.7M        20M       3.2G

MemTotal:        4016004 kB
MemFree:          144680 kB
Active:           352112 kB
Mem:          3.8G       3.7G       141M       5.7M        20M       3.2G

MemTotal:        4016004 kB
MemFree:          143232 kB
Active:           350804 kB
Mem:          3.8G       3.7G       138M       5.7M        20M       3.2G

MemTotal:        4016004 kB
MemFree:          140544 kB
Active:           353032 kB
Mem:          3.8G       3.7G       137M       5.7M        20M       3.2G

MemTotal:        4016004 kB
MemFree:          140260 kB
Active:           353092 kB
Mem:          3.8G       3.7G       137M       5.7M        20M       3.2G

MemTotal:        4016004 kB
MemFree:          138956 kB
Active:           353092 kB
Mem:          3.8G       3.7G       135M       5.7M        20M       3.2G

MemTotal:        4016004 kB
MemFree:          138804 kB
Active:           353112 kB
Mem:          3.8G       3.7G       135M       5.7M        20M       3.2G

MemTotal:        4016004 kB
MemFree:          139116 kB
Active:           353028 kB
Mem:          3.8G       3.7G       135M       5.7M        20M       3.2G

MemTotal:        4016004 kB
MemFree:          117556 kB
Active:           352436 kB
Mem:          3.8G       3.7G       113M       5.7M        20M       3.2G

MemTotal:        4016004 kB
MemFree:          106256 kB
Active:           351912 kB
Mem:          3.8G       3.7G       124M       5.7M        20M       3.2G

MemTotal:        4016004 kB
MemFree:          130496 kB
Active:           351692 kB
Mem:          3.8G       3.7G       125M       5.7M        20M       3.2G

MemTotal:        4016004 kB
MemFree:          134592 kB
Active:           351400 kB
Mem:          3.8G       3.7G       131M       5.7M        20M       3.2G

MemTotal:        4016004 kB
MemFree:          134972 kB
Active:           351608 kB
Mem:          3.8G       3.7G       129M       5.7M        20M       3.2G

MemTotal:        4016004 kB
MemFree:          118908 kB
Active:           351688 kB
Mem:          3.8G       3.7G       114M       5.7M        20M       3.2G

MemTotal:        4016004 kB
MemFree:          123196 kB
Active:           348552 kB
Mem:          3.8G       3.7G       118M       5.7M        20M       3.2G

MemTotal:        4016004 kB
MemFree:          128512 kB
Active:           348404 kB
Mem:          3.8G       3.7G       125M       5.7M        20M       3.2G

MemTotal:        4016004 kB
MemFree:          127992 kB
Active:           348312 kB
Mem:          3.8G       3.7G       124M       5.7M        20M       3.2G

MemTotal:        4016004 kB
MemFree:          127860 kB
Active:           348320 kB
Mem:          3.8G       3.7G       124M       5.7M        20M       3.2G

MemTotal:        4016004 kB
MemFree:          127912 kB
Active:           348320 kB
Mem:          3.8G       3.7G       124M       5.7M        20M       3.2G

MemTotal:        4016004 kB
MemFree:          121808 kB
Active:           348328 kB
Mem:          3.8G       3.7G       116M       5.7M        20M       3.2G

MemTotal:        4016004 kB
MemFree:          134664 kB
Active:           348632 kB
Mem:          3.8G       3.7G       129M       5.7M        20M       3.2G

MemTotal:        4016004 kB
MemFree:          128036 kB
Active:           348328 kB
Mem:          3.8G       3.7G       127M       5.7M        20M       3.2G

MemTotal:        4016004 kB
MemFree:          138768 kB
Active:           348520 kB
Mem:          3.8G       3.7G       133M       5.7M        20M       3.2G

MemTotal:        4016004 kB
MemFree:          122252 kB
Active:           350360 kB
Mem:          3.8G       3.7G       117M       5.7M        20M       3.2G

MemTotal:        4016004 kB
MemFree:          127208 kB
Active:           350304 kB
Mem:          3.8G       3.7G       121M       5.7M        20M       3.2G

MemTotal:        4016004 kB
MemFree:          148140 kB
Active:           350228 kB
Mem:          3.8G       3.7G       144M       5.7M        20M       3.2G

MemTotal:        4016004 kB
MemFree:          146892 kB
Active:           350152 kB
Mem:          3.8G       3.7G       143M       5.7M        20M       3.2G

MemTotal:        4016004 kB
MemFree:          146352 kB
Active:           350260 kB
Mem:          3.8G       3.7G       142M       5.7M        20M       3.2G

MemTotal:        4016004 kB
MemFree:          146512 kB
Active:           350260 kB
Mem:          3.8G       3.7G       143M       5.7M        20M       3.2G

MemTotal:        4016004 kB
MemFree:          144752 kB
Active:           350316 kB
Mem:          3.8G       3.7G       139M       5.7M        20M       3.2G

MemTotal:        4016004 kB
MemFree:          143124 kB
Active:           350304 kB
Mem:          3.8G       3.7G       139M       5.7M        20M       3.2G

MemTotal:        4016004 kB
MemFree:          141020 kB
Active:           350340 kB
Mem:          3.8G       3.7G       137M       5.7M        20M       3.2G

MemTotal:        4016004 kB
MemFree:          139288 kB
Active:           347376 kB
Mem:          3.8G       3.7G       135M       5.7M        20M       3.2G

MemTotal:        4016004 kB
MemFree:          131932 kB
Active:           349436 kB
Mem:          3.8G       3.7G       126M       5.7M        20M       3.2G

MemTotal:        4016004 kB
MemFree:          135132 kB
Active:           349052 kB
Mem:          3.8G       3.7G       130M       5.7M        20M       3.2G

MemTotal:        4016004 kB
MemFree:          130448 kB
Active:           349780 kB
Mem:          3.8G       3.7G       127M       5.7M        20M       3.2G

MemTotal:        4016004 kB
MemFree:          130200 kB
Active:           349744 kB
Mem:          3.8G       3.7G       127M       5.7M        20M       3.2G

MemTotal:        4016004 kB
MemFree:          130324 kB
Active:           349736 kB
Mem:          3.8G       3.7G       127M       5.7M        20M       3.2G

MemTotal:        4016004 kB
MemFree:          130200 kB
Active:           349780 kB
Mem:          3.8G       3.7G       126M       5.7M        20M       3.2G

MemTotal:        4016004 kB
MemFree:          130200 kB
Active:           349772 kB
Mem:          3.8G       3.7G       126M       5.7M        20M       3.2G

MemTotal:        4016004 kB
MemFree:          129580 kB
Active:           349744 kB
Mem:          3.8G       3.7G       126M       5.7M        20M       3.2G

MemTotal:        4016004 kB
MemFree:          129580 kB
Active:           349768 kB
Mem:          3.8G       3.7G       126M       5.7M        20M       3.2G

MemTotal:        4016004 kB
MemFree:          129564 kB
Active:           347716 kB
Mem:          3.8G       3.7G       126M       5.7M        20M       3.2G

MemTotal:        4016004 kB
MemFree:          129564 kB
Active:           349752 kB
Mem:          3.8G       3.7G       126M       5.7M        20M       3.2G

MemTotal:        4016004 kB
MemFree:          129440 kB
Active:           349752 kB
Mem:          3.8G       3.7G       126M       5.7M        20M       3.2G

MemTotal:        4016004 kB
MemFree:          129564 kB
Active:           349780 kB
Mem:          3.8G       3.7G       126M       5.7M        20M       3.2G

MemTotal:        4016004 kB
MemFree:          129564 kB
Active:           349784 kB
Mem:          3.8G       3.7G       126M       5.7M        20M       3.2G

MemTotal:        4016004 kB
MemFree:          129440 kB
Active:           349780 kB
Mem:          3.8G       3.7G       126M       5.7M        20M       3.2G

MemTotal:        4016004 kB
MemFree:          129316 kB
Active:           349800 kB
Mem:          3.8G       3.7G       126M       5.7M        20M       3.2G

MemTotal:        4016004 kB
MemFree:          129316 kB
Active:           349800 kB
Mem:          3.8G       3.7G       126M       5.7M        20M       3.2G

MemTotal:        4016004 kB
MemFree:          129440 kB
Active:           349804 kB
Mem:          3.8G       3.7G       126M       5.7M        20M       3.2G

MemTotal:        4016004 kB
MemFree:          129068 kB
Active:           349812 kB
Mem:          3.8G       3.7G       126M       5.7M        20M       3.2G

MemTotal:        4016004 kB
MemFree:          129440 kB
Active:           349788 kB
Mem:          3.8G       3.7G       126M       5.7M        20M       3.2G

MemTotal:        4016004 kB
MemFree:          129440 kB
Active:           349796 kB
Mem:          3.8G       3.7G       126M       5.7M        20M       3.2G

MemTotal:        4016004 kB
MemFree:          129564 kB
Active:           349768 kB
Mem:          3.8G       3.7G       126M       5.7M        20M       3.2G

MemTotal:        4016004 kB
MemFree:          129564 kB
Active:           349776 kB
Mem:          3.8G       3.7G       126M       5.7M        20M       3.2G

MemTotal:        4016004 kB
MemFree:          129688 kB
Active:           349812 kB
Mem:          3.8G       3.7G       126M       5.7M        20M       3.2G

MemTotal:        4016004 kB
MemFree:          129564 kB
Active:           349784 kB
Mem:          3.8G       3.7G       126M       5.7M        20M       3.2G

MemTotal:        4016004 kB
MemFree:          129564 kB
Active:           349792 kB
Mem:          3.8G       3.7G       126M       5.7M        20M       3.2G

MemTotal:        4016004 kB
MemFree:          129564 kB
Active:           349784 kB
Mem:          3.8G       3.7G       126M       5.7M        20M       3.2G

MemTotal:        4016004 kB
MemFree:          129564 kB
Active:           349788 kB
Mem:          3.8G       3.7G       126M       5.7M        20M       3.2G

MemTotal:        4016004 kB
MemFree:          129276 kB
Active:           349804 kB
Mem:          3.8G       3.7G       126M       5.7M        20M       3.2G

MemTotal:        4016004 kB
MemFree:          127544 kB
Active:           349752 kB
Mem:          3.8G       3.7G       124M       5.7M        20M       3.2G

MemTotal:        4016004 kB
MemFree:          127484 kB
Active:           349752 kB
Mem:          3.8G       3.7G       124M       5.7M        20M       3.2G

MemTotal:        4016004 kB
MemFree:          127608 kB
Active:           351792 kB
Mem:          3.8G       3.7G       124M       5.7M        20M       3.2G

MemTotal:        4016004 kB
MemFree:          127360 kB
Active:           351792 kB
Mem:          3.8G       3.7G       124M       5.7M        20M       3.2G

MemTotal:        4016004 kB
MemFree:          127484 kB
Active:           351836 kB
Mem:          3.8G       3.7G       124M       5.7M        20M       3.2G

MemTotal:        4016004 kB
MemFree:          127360 kB
Active:           351852 kB
Mem:          3.8G       3.7G       124M       5.7M        20M       3.2G

MemTotal:        4016004 kB
MemFree:          127608 kB
Active:           351852 kB
Mem:          3.8G       3.7G       124M       5.7M        20M       3.2G

MemTotal:        4016004 kB
MemFree:          127360 kB
Active:           351848 kB
Mem:          3.8G       3.7G       124M       5.7M        20M       3.2G

MemTotal:        4016004 kB
MemFree:          127360 kB
Active:           351852 kB
Mem:          3.8G       3.7G       124M       5.7M        20M       3.2G

MemTotal:        4016004 kB
MemFree:          127484 kB
Active:           351844 kB
Mem:          3.8G       3.7G       124M       5.7M        20M       3.2G

MemTotal:        4016004 kB
MemFree:          127360 kB
Active:           351852 kB
Mem:          3.8G       3.7G       124M       5.7M        20M       3.2G

MemTotal:        4016004 kB
MemFree:          127360 kB
Active:           351808 kB
Mem:          3.8G       3.7G       124M       5.7M        20M       3.2G

MemTotal:        4016004 kB
MemFree:          127360 kB
Active:           351860 kB
Mem:          3.8G       3.7G       124M       5.7M        20M       3.2G

MemTotal:        4016004 kB
MemFree:          127360 kB
Active:           351808 kB
Mem:          3.8G       3.7G       124M       5.7M        20M       3.2G

MemTotal:        4016004 kB
MemFree:          127360 kB
Active:           351824 kB
Mem:          3.8G       3.7G       124M       5.7M        20M       3.2G

MemTotal:        4016004 kB
MemFree:          126988 kB
Active:           351876 kB
Mem:          3.8G       3.7G       124M       5.7M        20M       3.2G

MemTotal:        4016004 kB
MemFree:          127360 kB
Active:           351820 kB
Mem:          3.8G       3.7G       124M       5.7M        20M       3.2G

MemTotal:        4016004 kB
MemFree:          127236 kB
Active:           351876 kB
Mem:          3.8G       3.7G       124M       5.7M        20M       3.2G

MemTotal:        4016004 kB
MemFree:          127236 kB
Active:           351848 kB
Mem:          3.8G       3.7G       124M       5.7M        20M       3.2G

MemTotal:        4016004 kB
MemFree:          127236 kB
Active:           351832 kB
Mem:          3.8G       3.7G       124M       5.7M        20M       3.2G

MemTotal:        4016004 kB
MemFree:          127356 kB
Active:           350152 kB
Mem:          3.8G       3.7G       124M       5.7M        20M       3.2G

MemTotal:        4016004 kB
MemFree:          127356 kB
Active:           352204 kB
Mem:          3.8G       3.7G       124M       5.7M        20M       3.2G

MemTotal:        4016004 kB
MemFree:          127604 kB
Active:           352212 kB
Mem:          3.8G       3.7G       124M       5.7M        20M       3.2G

MemTotal:        4016004 kB
MemFree:          127480 kB
Active:           352200 kB
Mem:          3.8G       3.7G       124M       5.7M        20M       3.2G

MemTotal:        4016004 kB
MemFree:          127480 kB
Active:           352192 kB
Mem:          3.8G       3.7G       124M       5.7M        20M       3.2G

MemTotal:        4016004 kB
MemFree:          127108 kB
Active:           352240 kB
Mem:          3.8G       3.7G       124M       5.7M        20M       3.2G

MemTotal:        4016004 kB
MemFree:          127356 kB
Active:           352240 kB
Mem:          3.8G       3.7G       124M       5.7M        20M       3.2G

MemTotal:        4016004 kB
MemFree:          127232 kB
Active:           352220 kB
Mem:          3.8G       3.7G       124M       5.7M        20M       3.2G

MemTotal:        4016004 kB
MemFree:          127356 kB
Active:           352212 kB
Mem:          3.8G       3.7G       124M       5.7M        20M       3.2G

MemTotal:        4016004 kB
MemFree:          127356 kB
Active:           352216 kB
Mem:          3.8G       3.7G       124M       5.7M        20M       3.2G

MemTotal:        4016004 kB
MemFree:          125432 kB
Active:           352204 kB
Mem:          3.8G       3.7G       122M       5.7M        20M       3.2G

MemTotal:        4016004 kB
MemFree:          125060 kB
Active:           354268 kB
Mem:          3.8G       3.7G       122M       5.7M        20M       3.2G

MemTotal:        4016004 kB
MemFree:          125432 kB
Active:           354240 kB
Mem:          3.8G       3.7G       122M       5.7M        20M       3.2G

MemTotal:        4016004 kB
MemFree:          125308 kB
Active:           354224 kB
Mem:          3.8G       3.7G       122M       5.7M        20M       3.2G

MemTotal:        4016004 kB
MemFree:          125184 kB
Active:           354232 kB
Mem:          3.8G       3.7G       122M       5.7M        20M       3.2G

MemTotal:        4016004 kB
MemFree:          125060 kB
Active:           354276 kB
Mem:          3.8G       3.7G       121M       5.7M        20M       3.2G

MemTotal:        4016004 kB
MemFree:          125308 kB
Active:           354280 kB
Mem:          3.8G       3.7G       122M       5.7M        20M       3.2G

MemTotal:        4016004 kB
MemFree:          126052 kB
Active:           354260 kB
Mem:          3.8G       3.7G       122M       5.7M        20M       3.2G

MemTotal:        4016004 kB
MemFree:          125928 kB
Active:           354228 kB
Mem:          3.8G       3.7G       122M       5.7M        20M       3.2G

MemTotal:        4016004 kB
MemFree:          125432 kB
Active:           354272 kB
Mem:          3.8G       3.7G       122M       5.7M        20M       3.2G

MemTotal:        4016004 kB
MemFree:          125432 kB
Active:           354268 kB
Mem:          3.8G       3.7G       122M       5.7M        20M       3.2G

MemTotal:        4016004 kB
MemFree:          125432 kB
Active:           354260 kB
Mem:          3.8G       3.7G       122M       5.7M        20M       3.2G

MemTotal:        4016004 kB
MemFree:          125308 kB
Active:           354276 kB
Mem:          3.8G       3.7G       122M       5.7M        20M       3.2G

MemTotal:        4016004 kB
MemFree:          125556 kB
Active:           354248 kB
Mem:          3.8G       3.7G       122M       5.7M        20M       3.2G

MemTotal:        4016004 kB
MemFree:          125432 kB
Active:           354244 kB
Mem:          3.8G       3.7G       122M       5.7M        20M       3.2G

MemTotal:        4016004 kB
MemFree:          125432 kB
Active:           354288 kB
Mem:          3.8G       3.7G       122M       5.7M        20M       3.2G

MemTotal:        4016004 kB
MemFree:          125556 kB
Active:           354268 kB
Mem:          3.8G       3.7G       122M       5.7M        20M       3.2G

MemTotal:        4016004 kB
MemFree:          125432 kB
Active:           354244 kB
Mem:          3.8G       3.7G       122M       5.7M        20M       3.2G

MemTotal:        4016004 kB
MemFree:          125432 kB
Active:           354296 kB
Mem:          3.8G       3.7G       122M       5.7M        20M       3.2G

MemTotal:        4016004 kB
MemFree:          125432 kB
Active:           354300 kB
Mem:          3.8G       3.7G       122M       5.7M        20M       3.2G

MemTotal:        4016004 kB
MemFree:          125432 kB
Active:           354288 kB
Mem:          3.8G       3.7G       122M       5.7M        20M       3.2G

MemTotal:        4016004 kB
MemFree:          125804 kB
Active:           354272 kB
Mem:          3.8G       3.7G       122M       5.7M        20M       3.2G

MemTotal:        4016004 kB
MemFree:          125928 kB
Active:           354244 kB
Mem:          3.8G       3.7G       122M       5.7M        20M       3.2G

MemTotal:        4016004 kB
MemFree:          125680 kB
Active:           354300 kB
Mem:          3.8G       3.7G       122M       5.7M        20M       3.2G

MemTotal:        4016004 kB
MemFree:          125928 kB
Active:           354296 kB
Mem:          3.8G       3.7G       122M       5.7M        20M       3.2G

MemTotal:        4016004 kB
MemFree:          125432 kB
Active:           354308 kB
Mem:          3.8G       3.7G       122M       5.7M        20M       3.2G

MemTotal:        4016004 kB
MemFree:          125432 kB
Active:           354264 kB
Mem:          3.8G       3.7G       122M       5.7M        20M       3.2G

MemTotal:        4016004 kB
MemFree:          125308 kB
Active:           354304 kB
Mem:          3.8G       3.7G       122M       5.7M        20M       3.2G

MemTotal:        4016004 kB
MemFree:          125308 kB
Active:           354280 kB
Mem:          3.8G       3.7G       122M       5.7M        20M       3.2G

MemTotal:        4016004 kB
MemFree:          125308 kB
Active:           354288 kB
Mem:          3.8G       3.7G       122M       5.7M        20M       3.2G

MemTotal:        4016004 kB
MemFree:          125308 kB
Active:           354292 kB
Mem:          3.8G       3.7G       122M       5.7M        20M       3.2G

MemTotal:        4016004 kB
MemFree:          125308 kB
Active:           354308 kB
Mem:          3.8G       3.7G       122M       5.7M        20M       3.2G

MemTotal:        4016004 kB
MemFree:          125308 kB
Active:           354292 kB
Mem:          3.8G       3.7G       122M       5.7M        20M       3.2G

MemTotal:        4016004 kB
MemFree:          124936 kB
Active:           354332 kB
Mem:          3.8G       3.7G       122M       5.7M        20M       3.2G

MemTotal:        4016004 kB
MemFree:          125184 kB
Active:           354332 kB
Mem:          3.8G       3.7G       122M       5.7M        20M       3.2G

MemTotal:        4016004 kB
MemFree:          125308 kB
Active:           354332 kB
Mem:          3.8G       3.7G       122M       5.7M        20M       3.2G

MemTotal:        4016004 kB
MemFree:          125184 kB
Active:           354324 kB
Mem:          3.8G       3.7G       122M       5.7M        20M       3.2G

MemTotal:        4016004 kB
MemFree:          125184 kB
Active:           354332 kB
Mem:          3.8G       3.7G       122M       5.7M        20M       3.2G

MemTotal:        4016004 kB
MemFree:          125432 kB
Active:           354284 kB
Mem:          3.8G       3.7G       122M       5.7M        20M       3.2G

MemTotal:        4016004 kB
MemFree:          125308 kB
Active:           354292 kB
Mem:          3.8G       3.7G       122M       5.7M        20M       3.2G

MemTotal:        4016004 kB
MemFree:          125060 kB
Active:           354312 kB
Mem:          3.8G       3.7G       122M       5.7M        20M       3.2G

MemTotal:        4016004 kB
MemFree:          125060 kB
Active:           354332 kB
Mem:          3.8G       3.7G       122M       5.7M        20M       3.2G

MemTotal:        4016004 kB
MemFree:          125184 kB
Active:           354332 kB
Mem:          3.8G       3.7G       122M       5.7M        20M       3.2G

MemTotal:        4016004 kB
MemFree:          125184 kB
Active:           354296 kB
Mem:          3.8G       3.7G       122M       5.7M        20M       3.2G

MemTotal:        4016004 kB
MemFree:          125308 kB
Active:           354324 kB
Mem:          3.8G       3.7G       122M       5.7M        20M       3.2G

MemTotal:        4016004 kB
MemFree:          125184 kB
Active:           354320 kB
Mem:          3.8G       3.7G       122M       5.7M        20M       3.2G

MemTotal:        4016004 kB
MemFree:          125060 kB
Active:           354340 kB
Mem:          3.8G       3.7G       122M       5.7M        20M       3.2G

MemTotal:        4016004 kB
MemFree:          125308 kB
Active:           354340 kB
Mem:          3.8G       3.7G       122M       5.7M        20M       3.2G

MemTotal:        4016004 kB
MemFree:          125308 kB
Active:           354344 kB
Mem:          3.8G       3.7G       122M       5.7M        20M       3.2G

MemTotal:        4016004 kB
MemFree:          125308 kB
Active:           354308 kB
Mem:          3.8G       3.7G       122M       5.7M        20M       3.2G

MemTotal:        4016004 kB
MemFree:          125432 kB
Active:           354312 kB
Mem:          3.8G       3.7G       122M       5.7M        20M       3.2G

MemTotal:        4016004 kB
MemFree:          125184 kB
Active:           354348 kB
Mem:          3.8G       3.7G       122M       5.7M        20M       3.2G

MemTotal:        4016004 kB
MemFree:          125184 kB
Active:           354312 kB
Mem:          3.8G       3.7G       122M       5.7M        20M       3.2G

MemTotal:        4016004 kB
MemFree:          124812 kB
Active:           354356 kB
Mem:          3.8G       3.7G       122M       5.7M        20M       3.2G

MemTotal:        4016004 kB
MemFree:          125060 kB
Active:           354304 kB
Mem:          3.8G       3.7G       122M       5.7M        20M       3.2G

MemTotal:        4016004 kB
MemFree:          125060 kB
Active:           354336 kB
Mem:          3.8G       3.7G       122M       5.7M        20M       3.2G

MemTotal:        4016004 kB
MemFree:          125200 kB
Active:           354332 kB
Mem:          3.8G       3.7G       122M       5.7M        20M       3.2G

MemTotal:        4016004 kB
MemFree:          124704 kB
Active:           354360 kB
Mem:          3.8G       3.7G       122M       5.7M        20M       3.2G

MemTotal:        4016004 kB
MemFree:          124952 kB
Active:           354328 kB
Mem:          3.8G       3.7G       122M       5.7M        20M       3.2G

MemTotal:        4016004 kB
MemFree:          124828 kB
Active:           354340 kB
Mem:          3.8G       3.7G       122M       5.7M        20M       3.2G

MemTotal:        4016004 kB
MemFree:          123152 kB
Active:           354348 kB
Mem:          3.8G       3.7G       120M       5.7M        20M       3.2G

MemTotal:        4016004 kB
MemFree:          123152 kB
Active:           356364 kB
Mem:          3.8G       3.7G       120M       5.7M        20M       3.2G

MemTotal:        4016004 kB
MemFree:          123152 kB
Active:           356388 kB
Mem:          3.8G       3.7G       120M       5.7M        20M       3.2G

MemTotal:        4016004 kB
MemFree:          123028 kB
Active:           356400 kB
Mem:          3.8G       3.7G       120M       5.7M        20M       3.2G

MemTotal:        4016004 kB
MemFree:          123152 kB
Active:           356372 kB
Mem:          3.8G       3.7G       120M       5.7M        20M       3.2G

MemTotal:        4016004 kB
MemFree:          123276 kB
Active:           356376 kB
Mem:          3.8G       3.7G       120M       5.7M        20M       3.2G

MemTotal:        4016004 kB
MemFree:          123152 kB
Active:           356372 kB
Mem:          3.8G       3.7G       120M       5.7M        20M       3.2G

MemTotal:        4016004 kB
MemFree:          123152 kB
Active:           356380 kB
Mem:          3.8G       3.7G       120M       5.7M        20M       3.2G

MemTotal:        4016004 kB
MemFree:          123152 kB
Active:           356380 kB
Mem:          3.8G       3.7G       120M       5.7M        20M       3.2G

MemTotal:        4016004 kB
MemFree:          123152 kB
Active:           356396 kB
Mem:          3.8G       3.7G       120M       5.7M        20M       3.2G

MemTotal:        4016004 kB
MemFree:          123152 kB
Active:           356352 kB
Mem:          3.8G       3.7G       120M       5.7M        20M       3.2G

MemTotal:        4016004 kB
MemFree:          122656 kB
Active:           356416 kB
Mem:          3.8G       3.7G       119M       5.7M        20M       3.2G

MemTotal:        4016004 kB
MemFree:          123028 kB
Active:           356424 kB
Mem:          3.8G       3.7G       120M       5.7M        20M       3.2G

MemTotal:        4016004 kB
MemFree:          123028 kB
Active:           356384 kB
Mem:          3.8G       3.7G       120M       5.7M        20M       3.2G

MemTotal:        4016004 kB
MemFree:          123028 kB
Active:           356400 kB
Mem:          3.8G       3.7G       120M       5.7M        20M       3.2G

MemTotal:        4016004 kB
MemFree:          123400 kB
Active:           356420 kB
Mem:          3.8G       3.7G       120M       5.7M        20M       3.2G

MemTotal:        4016004 kB
MemFree:          123400 kB
Active:           356372 kB
Mem:          3.8G       3.7G       120M       5.7M        20M       3.2G

MemTotal:        4016004 kB
MemFree:          123152 kB
Active:           356432 kB
Mem:          3.8G       3.7G       120M       5.7M        20M       3.2G

MemTotal:        4016004 kB
MemFree:          123152 kB
Active:           356424 kB
Mem:          3.8G       3.7G       120M       5.7M        20M       3.2G

MemTotal:        4016004 kB
MemFree:          123276 kB
Active:           356424 kB
Mem:          3.8G       3.7G       120M       5.7M        20M       3.2G

MemTotal:        4016004 kB
MemFree:          123152 kB
Active:           356392 kB
Mem:          3.8G       3.7G       120M       5.7M        20M       3.2G

MemTotal:        4016004 kB
MemFree:          123152 kB
Active:           356384 kB
Mem:          3.8G       3.7G       120M       5.7M        20M       3.2G

MemTotal:        4016004 kB
MemFree:          123276 kB
Active:           356416 kB
Mem:          3.8G       3.7G       120M       5.7M        20M       3.2G

MemTotal:        4016004 kB
MemFree:          123152 kB
Active:           356468 kB
Mem:          3.8G       3.7G       120M       5.7M        20M       3.2G

MemTotal:        4016004 kB
MemFree:          123152 kB
Active:           356452 kB
Mem:          3.8G       3.7G       120M       5.7M        20M       3.2G

MemTotal:        4016004 kB
MemFree:          123152 kB
Active:           356496 kB
Mem:          3.8G       3.7G       119M       5.7M        20M       3.2G

MemTotal:        4016004 kB
MemFree:          122764 kB
Active:           356516 kB
Mem:          3.8G       3.7G       119M       5.7M        20M       3.2G

MemTotal:        4016004 kB
MemFree:          122268 kB
Active:           356516 kB
Mem:          3.8G       3.7G       119M       5.7M        20M       3.2G

MemTotal:        4016004 kB
MemFree:          122640 kB
Active:           356512 kB
Mem:          3.8G       3.7G       119M       5.7M        20M       3.2G

MemTotal:        4016004 kB
MemFree:          122392 kB
Active:           356496 kB
Mem:          3.8G       3.7G       119M       5.7M        20M       3.2G

MemTotal:        4016004 kB
MemFree:          122764 kB
Active:           356488 kB
Mem:          3.8G       3.7G       120M       5.7M        20M       3.2G

MemTotal:        4016004 kB
MemFree:          122764 kB
Active:           356504 kB
Mem:          3.8G       3.7G       119M       5.7M        20M       3.2G

MemTotal:        4016004 kB
MemFree:          122888 kB
Active:           356504 kB
Mem:          3.8G       3.7G       120M       5.7M        20M       3.2G

MemTotal:        4016004 kB
MemFree:          123012 kB
Active:           356468 kB
Mem:          3.8G       3.7G       120M       5.7M        20M       3.2G

MemTotal:        4016004 kB
MemFree:          123012 kB
Active:           356524 kB
Mem:          3.8G       3.7G       120M       5.7M        20M       3.2G

MemTotal:        4016004 kB
MemFree:          122996 kB
Active:           356692 kB
Mem:          3.8G       3.7G       119M       5.7M        20M       3.2G

MemTotal:        4016004 kB
MemFree:          122484 kB
Active:           356572 kB
Mem:          3.8G       3.7G       119M       5.7M        20M       3.2G

MemTotal:        4016004 kB
MemFree:          121864 kB
Active:           356572 kB
Mem:          3.8G       3.7G       119M       5.7M        20M       3.2G

MemTotal:        4016004 kB
MemFree:          122484 kB
Active:           356592 kB
Mem:          3.8G       3.7G       119M       5.7M        20M       3.2G

MemTotal:        4016004 kB
MemFree:          122360 kB
Active:           356552 kB
Mem:          3.8G       3.7G       119M       5.7M        20M       3.2G

MemTotal:        4016004 kB
MemFree:          122360 kB
Active:           356544 kB
Mem:          3.8G       3.7G       119M       5.7M        21M       3.2G

MemTotal:        4016004 kB
MemFree:          122236 kB
Active:           356580 kB
Mem:          3.8G       3.7G       119M       5.7M        21M       3.2G

MemTotal:        4016004 kB
MemFree:          122748 kB
Active:           356592 kB
Mem:          3.8G       3.7G       119M       5.7M        21M       3.2G

MemTotal:        4016004 kB
MemFree:          122872 kB
Active:           356576 kB
Mem:          3.8G       3.7G       119M       5.7M        21M       3.2G

MemTotal:        4016004 kB
MemFree:          123368 kB
Active:           356580 kB
Mem:          3.8G       3.7G       119M       5.7M        21M       3.2G

MemTotal:        4016004 kB
MemFree:          122872 kB
Active:           356548 kB
Mem:          3.8G       3.7G       119M       5.7M        21M       3.2G

MemTotal:        4016004 kB
MemFree:          122500 kB
Active:           356560 kB
Mem:          3.8G       3.7G       119M       5.7M        21M       3.2G

MemTotal:        4016004 kB
MemFree:          122624 kB
Active:           356552 kB
Mem:          3.8G       3.7G       119M       5.7M        21M       3.2G

MemTotal:        4016004 kB
MemFree:          122624 kB
Active:           356600 kB
Mem:          3.8G       3.7G       119M       5.7M        21M       3.2G

MemTotal:        4016004 kB
MemFree:          122500 kB
Active:           356580 kB
Mem:          3.8G       3.7G       119M       5.7M        21M       3.2G

MemTotal:        4016004 kB
MemFree:          122500 kB
Active:           356600 kB
Mem:          3.8G       3.7G       119M       5.7M        21M       3.2G

MemTotal:        4016004 kB
MemFree:          122624 kB
Active:           356596 kB
Mem:          3.8G       3.7G       119M       5.7M        21M       3.2G

MemTotal:        4016004 kB
MemFree:          122500 kB
Active:           356556 kB
Mem:          3.8G       3.7G       119M       5.7M        21M       3.2G

MemTotal:        4016004 kB
MemFree:          122500 kB
Active:           356552 kB
Mem:          3.8G       3.7G       119M       5.7M        21M       3.2G

MemTotal:        4016004 kB
MemFree:          122624 kB
Active:           356580 kB
Mem:          3.8G       3.7G       119M       5.7M        21M       3.2G

MemTotal:        4016004 kB
MemFree:          122376 kB
Active:           356576 kB
Mem:          3.8G       3.7G       119M       5.7M        21M       3.2G

MemTotal:        4016004 kB
MemFree:          122376 kB
Active:           356584 kB
Mem:          3.8G       3.7G       119M       5.7M        21M       3.2G

MemTotal:        4016004 kB
MemFree:          122376 kB
Active:           356596 kB
Mem:          3.8G       3.7G       119M       5.7M        21M       3.2G

MemTotal:        4016004 kB
MemFree:          122252 kB
Active:           356612 kB
Mem:          3.8G       3.7G       119M       5.7M        21M       3.2G

MemTotal:        4016004 kB
MemFree:          122500 kB
Active:           356612 kB
Mem:          3.8G       3.7G       119M       5.7M        21M       3.2G

MemTotal:        4016004 kB
MemFree:          123120 kB
Active:           356596 kB
Mem:          3.8G       3.7G       120M       5.7M        21M       3.2G

MemTotal:        4016004 kB
MemFree:          122748 kB
Active:           356604 kB
Mem:          3.8G       3.7G       119M       5.7M        21M       3.2G

MemTotal:        4016004 kB
MemFree:          122748 kB
Active:           356632 kB
Mem:          3.8G       3.7G       119M       5.7M        21M       3.2G

MemTotal:        4016004 kB
MemFree:          122748 kB
Active:           356628 kB
Mem:          3.8G       3.7G       119M       5.7M        21M       3.2G

MemTotal:        4016004 kB
MemFree:          122748 kB
Active:           356588 kB
Mem:          3.8G       3.7G       119M       5.7M        21M       3.2G

MemTotal:        4016004 kB
MemFree:          122500 kB
Active:           356584 kB
Mem:          3.8G       3.7G       119M       5.7M        21M       3.2G

MemTotal:        4016004 kB
MemFree:          122500 kB
Active:           356576 kB
Mem:          3.8G       3.7G       119M       5.7M        21M       3.2G

MemTotal:        4016004 kB
MemFree:          122252 kB
Active:           356612 kB
Mem:          3.8G       3.7G       119M       5.7M        21M       3.2G

MemTotal:        4016004 kB
MemFree:          122376 kB
Active:           356616 kB
Mem:          3.8G       3.7G       119M       5.7M        21M       3.2G

MemTotal:        4016004 kB
MemFree:          122500 kB
Active:           356652 kB
Mem:          3.8G       3.7G       119M       5.7M        21M       3.2G

MemTotal:        4016004 kB
MemFree:          122624 kB
Active:           356616 kB
Mem:          3.8G       3.7G       119M       5.7M        21M       3.2G

MemTotal:        4016004 kB
MemFree:          122252 kB
Active:           356612 kB
Mem:          3.8G       3.7G       119M       5.7M        21M       3.2G

MemTotal:        4016004 kB
MemFree:          122252 kB
Active:           356616 kB
Mem:          3.8G       3.7G       119M       5.7M        21M       3.2G

MemTotal:        4016004 kB
MemFree:          122252 kB
Active:           356620 kB
Mem:          3.8G       3.7G       119M       5.7M        21M       3.2G

MemTotal:        4016004 kB
MemFree:          122252 kB
Active:           356652 kB
Mem:          3.8G       3.7G       119M       5.7M        21M       3.2G

MemTotal:        4016004 kB
MemFree:          122004 kB
Active:           356628 kB
Mem:          3.8G       3.7G       119M       5.7M        21M       3.2G

MemTotal:        4016004 kB
MemFree:          122128 kB
Active:           356632 kB
Mem:          3.8G       3.7G       119M       5.7M        21M       3.2G

MemTotal:        4016004 kB
MemFree:          122252 kB
Active:           356628 kB
Mem:          3.8G       3.7G       119M       5.7M        21M       3.2G

MemTotal:        4016004 kB
MemFree:          122252 kB
Active:           356608 kB
Mem:          3.8G       3.7G       119M       5.7M        21M       3.2G

MemTotal:        4016004 kB
MemFree:          122376 kB
Active:           356664 kB
Mem:          3.8G       3.7G       119M       5.7M        21M       3.2G

MemTotal:        4016004 kB
MemFree:          122500 kB
Active:           356656 kB
Mem:          3.8G       3.7G       119M       5.7M        21M       3.2G

MemTotal:        4016004 kB
MemFree:          122624 kB
Active:           356656 kB
Mem:          3.8G       3.7G       119M       5.7M        21M       3.2G

MemTotal:        4016004 kB
MemFree:          122624 kB
Active:           356664 kB
Mem:          3.8G       3.7G       119M       5.7M        21M       3.2G

MemTotal:        4016004 kB
MemFree:          122252 kB
Active:           356672 kB
Mem:          3.8G       3.7G       119M       5.7M        21M       3.2G

MemTotal:        4016004 kB
MemFree:          122128 kB
Active:           356672 kB
Mem:          3.8G       3.7G       119M       5.7M        21M       3.2G

MemTotal:        4016004 kB
MemFree:          122376 kB
Active:           356632 kB
Mem:          3.8G       3.7G       119M       5.7M        21M       3.2G

MemTotal:        4016004 kB
MemFree:          122376 kB
Active:           356648 kB
Mem:          3.8G       3.7G       119M       5.7M        21M       3.2G

MemTotal:        4016004 kB
MemFree:          122128 kB
Active:           356640 kB
Mem:          3.8G       3.7G       119M       5.7M        21M       3.2G

MemTotal:        4016004 kB
MemFree:          122128 kB
Active:           356644 kB
Mem:          3.8G       3.7G       119M       5.7M        21M       3.2G

MemTotal:        4016004 kB
MemFree:          122128 kB
Active:           356668 kB
Mem:          3.8G       3.7G       119M       5.7M        21M       3.2G

MemTotal:        4016004 kB
MemFree:          122128 kB
Active:           356664 kB
Mem:          3.8G       3.7G       119M       5.7M        21M       3.2G

MemTotal:        4016004 kB
MemFree:          122252 kB
Active:           356668 kB
Mem:          3.8G       3.7G       119M       5.7M        21M       3.2G

MemTotal:        4016004 kB
MemFree:          122128 kB
Active:           356676 kB
Mem:          3.8G       3.7G       119M       5.7M        21M       3.2G

MemTotal:        4016004 kB
MemFree:          122376 kB
Active:           356680 kB
Mem:          3.8G       3.7G       119M       5.7M        21M       3.2G

MemTotal:        4016004 kB
MemFree:          122360 kB
Active:           356676 kB
Mem:          3.8G       3.7G       119M       5.7M        21M       3.2G

MemTotal:        4016004 kB
MemFree:          122360 kB
Active:           356684 kB
Mem:          3.8G       3.7G       119M       5.7M        21M       3.2G

MemTotal:        4016004 kB
MemFree:          122236 kB
Active:           356656 kB
Mem:          3.8G       3.7G       119M       5.7M        21M       3.2G

MemTotal:        4016004 kB
MemFree:          122360 kB
Active:           356656 kB
Mem:          3.8G       3.7G       119M       5.7M        21M       3.2G

MemTotal:        4016004 kB
MemFree:          122236 kB
Active:           356640 kB
Mem:          3.8G       3.7G       119M       5.7M        21M       3.2G

MemTotal:        4016004 kB
MemFree:          122236 kB
Active:           356700 kB
Mem:          3.8G       3.7G       119M       5.7M        21M       3.2G

MemTotal:        4016004 kB
MemFree:          122236 kB
Active:           356660 kB
Mem:          3.8G       3.7G       119M       5.7M        21M       3.2G

MemTotal:        4016004 kB
MemFree:          122112 kB
Active:           356688 kB
Mem:          3.8G       3.7G       119M       5.7M        21M       3.2G

MemTotal:        4016004 kB
MemFree:          122360 kB
Active:           356700 kB
Mem:          3.8G       3.7G       119M       5.7M        21M       3.2G

MemTotal:        4016004 kB
MemFree:          122360 kB
Active:           356676 kB
Mem:          3.8G       3.7G       119M       5.7M        21M       3.2G

MemTotal:        4016004 kB
MemFree:          122236 kB
Active:           356700 kB
Mem:          3.8G       3.7G       119M       5.7M        21M       3.2G

MemTotal:        4016004 kB
MemFree:          122360 kB
Active:           356696 kB
Mem:          3.8G       3.7G       119M       5.7M        21M       3.2G

MemTotal:        4016004 kB
MemFree:          121988 kB
Active:           356708 kB
Mem:          3.8G       3.7G       119M       5.7M        21M       3.2G

MemTotal:        4016004 kB
MemFree:          122236 kB
Active:           356712 kB
Mem:          3.8G       3.7G       119M       5.7M        21M       3.2G

MemTotal:        4016004 kB
MemFree:          122236 kB
Active:           356712 kB
Mem:          3.8G       3.7G       119M       5.7M        21M       3.2G

MemTotal:        4016004 kB
MemFree:          122236 kB
Active:           356716 kB
Mem:          3.8G       3.7G       119M       5.7M        21M       3.2G

MemTotal:        4016004 kB
MemFree:          122236 kB
Active:           356672 kB
Mem:          3.8G       3.7G       119M       5.7M        21M       3.2G

MemTotal:        4016004 kB
MemFree:          122236 kB
Active:           356720 kB
Mem:          3.8G       3.7G       119M       5.7M        21M       3.2G

MemTotal:        4016004 kB
MemFree:          122236 kB
Active:           356716 kB
Mem:          3.8G       3.7G       119M       5.7M        21M       3.2G

MemTotal:        4016004 kB
MemFree:          122236 kB
Active:           356704 kB
Mem:          3.8G       3.7G       119M       5.7M        21M       3.2G

MemTotal:        4016004 kB
MemFree:          122360 kB
Active:           356668 kB
Mem:          3.8G       3.7G       119M       5.7M        21M       3.2G

MemTotal:        4016004 kB
MemFree:          122360 kB
Active:           356692 kB
Mem:          3.8G       3.7G       119M       5.7M        21M       3.2G

MemTotal:        4016004 kB
MemFree:          122236 kB
Active:           356676 kB
Mem:          3.8G       3.7G       119M       5.7M        21M       3.2G

MemTotal:        4016004 kB
MemFree:          122236 kB
Active:           356676 kB
Mem:          3.8G       3.7G       119M       5.7M        21M       3.2G

MemTotal:        4016004 kB
MemFree:          121864 kB
Active:           356728 kB
Mem:          3.8G       3.7G       119M       5.7M        21M       3.2G

MemTotal:        4016004 kB
MemFree:          122236 kB
Active:           356720 kB
Mem:          3.8G       3.7G       119M       5.7M        21M       3.2G

MemTotal:        4016004 kB
MemFree:          120188 kB
Active:           356696 kB
Mem:          3.8G       3.7G       117M       5.7M        21M       3.2G

MemTotal:        4016004 kB
MemFree:          119692 kB
Active:           356720 kB
Mem:          3.8G       3.7G       116M       5.7M        21M       3.2G

MemTotal:        4016004 kB
MemFree:          119940 kB
Active:           358744 kB
Mem:          3.8G       3.7G       116M       5.7M        21M       3.2G

MemTotal:        4016004 kB
MemFree:          119816 kB
Active:           358736 kB
Mem:          3.8G       3.7G       117M       5.7M        21M       3.2G

MemTotal:        4016004 kB
MemFree:          120064 kB
Active:           358768 kB
Mem:          3.8G       3.7G       117M       5.7M        21M       3.2G

MemTotal:        4016004 kB
MemFree:          119816 kB
Active:           358764 kB
Mem:          3.8G       3.7G       117M       5.7M        21M       3.2G

MemTotal:        4016004 kB
MemFree:          120564 kB
Active:           358756 kB
Mem:          3.8G       3.7G       117M       5.7M        21M       3.2G

MemTotal:        4016004 kB
MemFree:          120068 kB
Active:           358780 kB
Mem:          3.8G       3.7G       117M       5.7M        21M       3.2G

MemTotal:        4016004 kB
MemFree:          120440 kB
Active:           358732 kB
Mem:          3.8G       3.7G       117M       5.7M        21M       3.2G

MemTotal:        4016004 kB
MemFree:          120316 kB
Active:           358780 kB
Mem:          3.8G       3.7G       117M       5.7M        21M       3.2G

MemTotal:        4016004 kB
MemFree:          120192 kB
Active:           358728 kB
Mem:          3.8G       3.7G       117M       5.7M        21M       3.2G

MemTotal:        4016004 kB
MemFree:          120068 kB
Active:           358780 kB
Mem:          3.8G       3.7G       117M       5.7M        21M       3.2G

MemTotal:        4016004 kB
MemFree:          120812 kB
Active:           358772 kB
Mem:          3.8G       3.7G       118M       5.7M        21M       3.2G

MemTotal:        4016004 kB
MemFree:          120688 kB
Active:           358764 kB
Mem:          3.8G       3.7G       117M       5.7M        21M       3.2G

MemTotal:        4016004 kB
MemFree:          120440 kB
Active:           358760 kB
Mem:          3.8G       3.7G       117M       5.7M        21M       3.2G

MemTotal:        4016004 kB
MemFree:          120564 kB
Active:           358732 kB
Mem:          3.8G       3.7G       117M       5.7M        21M       3.2G

MemTotal:        4016004 kB
MemFree:          120440 kB
Active:           358784 kB
Mem:          3.8G       3.7G       117M       5.7M        21M       3.2G

MemTotal:        4016004 kB
MemFree:          120564 kB
Active:           358788 kB
Mem:          3.8G       3.7G       117M       5.7M        21M       3.2G

MemTotal:        4016004 kB
MemFree:          119944 kB
Active:           358800 kB
Mem:          3.8G       3.7G       117M       5.7M        21M       3.2G

MemTotal:        4016004 kB
MemFree:          120564 kB
Active:           358788 kB
Mem:          3.8G       3.7G       117M       5.7M        21M       3.2G

MemTotal:        4016004 kB
MemFree:          120564 kB
Active:           358772 kB
Mem:          3.8G       3.7G       117M       5.7M        21M       3.2G

MemTotal:        4016004 kB
MemFree:          120316 kB
Active:           358800 kB
Mem:          3.8G       3.7G       117M       5.7M        21M       3.2G

MemTotal:        4016004 kB
MemFree:          120192 kB
Active:           358796 kB
Mem:          3.8G       3.7G       117M       5.7M        21M       3.2G

MemTotal:        4016004 kB
MemFree:          120316 kB
Active:           358752 kB
Mem:          3.8G       3.7G       117M       5.7M        21M       3.2G

MemTotal:        4016004 kB
MemFree:          121228 kB
Active:           358388 kB
Mem:          3.8G       3.7G       118M       5.7M        21M       3.2G

MemTotal:        4016004 kB
MemFree:          121352 kB
Active:           358364 kB
Mem:          3.8G       3.7G       118M       5.7M        21M       3.2G

MemTotal:        4016004 kB
MemFree:          121476 kB
Active:           358376 kB
Mem:          3.8G       3.7G       118M       5.7M        21M       3.2G

MemTotal:        4016004 kB
MemFree:          121600 kB
Active:           358376 kB
Mem:          3.8G       3.7G       118M       5.7M        21M       3.2G

MemTotal:        4016004 kB
MemFree:          121600 kB
Active:           358332 kB
Mem:          3.8G       3.7G       118M       5.7M        21M       3.2G

MemTotal:        4016004 kB
MemFree:          121652 kB
Active:           358340 kB
Mem:          3.8G       3.7G       118M       5.7M        21M       3.2G

MemTotal:        4016004 kB
MemFree:          121900 kB
Active:           358356 kB
Mem:          3.8G       3.7G       119M       5.7M        21M       3.2G

MemTotal:        4016004 kB
MemFree:          121900 kB
Active:           358356 kB
Mem:          3.8G       3.7G       118M       5.7M        21M       3.2G

MemTotal:        4016004 kB
MemFree:          121900 kB
Active:           358392 kB
Mem:          3.8G       3.7G       118M       5.7M        21M       3.2G

MemTotal:        4016004 kB
MemFree:          121776 kB
Active:           358388 kB
Mem:          3.8G       3.7G       118M       5.7M        21M       3.2G

MemTotal:        4016004 kB
MemFree:          121900 kB
Active:           358400 kB
Mem:          3.8G       3.7G       118M       5.7M        21M       3.2G

MemTotal:        4016004 kB
MemFree:          121280 kB
Active:           358408 kB
Mem:          3.8G       3.7G       118M       5.7M        21M       3.2G

MemTotal:        4016004 kB
MemFree:          121156 kB
Active:           358408 kB
Mem:          3.8G       3.7G       118M       5.7M        21M       3.2G

MemTotal:        4016004 kB
MemFree:          121528 kB
Active:           358388 kB
Mem:          3.8G       3.7G       118M       5.7M        21M       3.2G

MemTotal:        4016004 kB
MemFree:          122024 kB
Active:           358404 kB
Mem:          3.8G       3.7G       119M       5.7M        21M       3.2G

MemTotal:        4016004 kB
MemFree:          122148 kB
Active:           358388 kB
Mem:          3.8G       3.7G       119M       5.7M        21M       3.2G

MemTotal:        4016004 kB
MemFree:          122024 kB
Active:           358392 kB
Mem:          3.8G       3.7G       119M       5.7M        21M       3.2G

MemTotal:        4016004 kB
MemFree:          122024 kB
Active:           358376 kB
Mem:          3.8G       3.7G       119M       5.7M        21M       3.2G

MemTotal:        4016004 kB
MemFree:          121776 kB
Active:           358428 kB
Mem:          3.8G       3.7G       119M       5.7M        21M       3.2G

MemTotal:        4016004 kB
MemFree:          122148 kB
Active:           358396 kB
Mem:          3.8G       3.7G       119M       5.7M        21M       3.2G

MemTotal:        4016004 kB
MemFree:          122148 kB
Active:           358404 kB
Mem:          3.8G       3.7G       119M       5.7M        21M       3.2G

MemTotal:        4016004 kB
MemFree:          121776 kB
Active:           358432 kB
Mem:          3.8G       3.7G       119M       5.7M        21M       3.2G

MemTotal:        4016004 kB
MemFree:          122272 kB
Active:           358392 kB
Mem:          3.8G       3.7G       119M       5.7M        21M       3.2G

MemTotal:        4016004 kB
MemFree:          122148 kB
Active:           358432 kB
Mem:          3.8G       3.7G       119M       5.7M        21M       3.2G

MemTotal:        4016004 kB
MemFree:          122396 kB
Active:           358428 kB
Mem:          3.8G       3.7G       119M       5.7M        21M       3.2G

MemTotal:        4016004 kB
MemFree:          122272 kB
Active:           358412 kB
Mem:          3.8G       3.7G       119M       5.7M        21M       3.2G

MemTotal:        4016004 kB
MemFree:          122272 kB
Active:           358412 kB
Mem:          3.8G       3.7G       119M       5.7M        21M       3.2G

MemTotal:        4016004 kB
MemFree:          122148 kB
Active:           358428 kB
Mem:          3.8G       3.7G       119M       5.7M        21M       3.2G

MemTotal:        4016004 kB
MemFree:          121776 kB
Active:           358444 kB
Mem:          3.8G       3.7G       119M       5.7M        21M       3.2G

MemTotal:        4016004 kB
MemFree:          121652 kB
Active:           358420 kB
Mem:          3.8G       3.7G       118M       5.7M        21M       3.2G

MemTotal:        4016004 kB
MemFree:          121652 kB
Active:           358428 kB
Mem:          3.8G       3.7G       118M       5.7M        21M       3.2G

MemTotal:        4016004 kB
MemFree:          121776 kB
Active:           358400 kB
Mem:          3.8G       3.7G       118M       5.7M        21M       3.2G

MemTotal:        4016004 kB
MemFree:          121916 kB
Active:           358420 kB
Mem:          3.8G       3.7G       119M       5.7M        21M       3.2G

MemTotal:        4016004 kB
MemFree:          121668 kB
Active:           358456 kB
Mem:          3.8G       3.7G       119M       5.7M        21M       3.2G

MemTotal:        4016004 kB
MemFree:          122040 kB
Active:           358440 kB
Mem:          3.8G       3.7G       119M       5.7M        21M       3.2G

MemTotal:        4016004 kB
MemFree:          121792 kB
Active:           358460 kB
