MemTotal:        4016004 kB
MemFree:         3208436 kB
Active:           452840 kB
Mem:          3.8G       789M       3.1G       5.7M        60M       323M

MemTotal:        4016004 kB
MemFree:         3208244 kB
Active:           453228 kB
Mem:          3.8G       789M       3.1G       5.7M        60M       324M

MemTotal:        4016004 kB
MemFree:         3207980 kB
Active:           453276 kB
Mem:          3.8G       789M       3.1G       5.7M        60M       324M

MemTotal:        4016004 kB
MemFree:         3207964 kB
Active:           453288 kB
Mem:          3.8G       789M       3.1G       5.7M        60M       324M

MemTotal:        4016004 kB
MemFree:         3207948 kB
Active:           453296 kB
Mem:          3.8G       789M       3.1G       5.7M        60M       324M

MemTotal:        4016004 kB
MemFree:         3207328 kB
Active:           453308 kB
Mem:          3.8G       789M       3.1G       5.7M        60M       324M

MemTotal:        4016004 kB
MemFree:         3207328 kB
Active:           453312 kB
Mem:          3.8G       789M       3.1G       5.7M        60M       324M

MemTotal:        4016004 kB
MemFree:         3207312 kB
Active:           453296 kB
Mem:          3.8G       789M       3.1G       5.7M        60M       324M

MemTotal:        4016004 kB
MemFree:         3207420 kB
Active:           453332 kB
Mem:          3.8G       789M       3.1G       5.7M        60M       324M

MemTotal:        4016004 kB
MemFree:         3207792 kB
Active:           453276 kB
Mem:          3.8G       789M       3.1G       5.7M        60M       324M

MemTotal:        4016004 kB
MemFree:         3207776 kB
Active:           453324 kB
Mem:          3.8G       789M       3.1G       5.7M        60M       324M

MemTotal:        4016004 kB
MemFree:         3207776 kB
Active:           453284 kB
Mem:          3.8G       789M       3.1G       5.7M        60M       324M

MemTotal:        4016004 kB
MemFree:         3207760 kB
Active:           453300 kB
Mem:          3.8G       789M       3.1G       5.7M        60M       324M

MemTotal:        4016004 kB
MemFree:         3208964 kB
Active:           449328 kB
Mem:          3.8G       787M       3.1G       5.7M        60M       324M

MemTotal:        4016004 kB
MemFree:         3209256 kB
Active:           451312 kB
Mem:          3.8G       787M       3.1G       5.7M        60M       324M

MemTotal:        4016004 kB
MemFree:         3209488 kB
Active:           451300 kB
Mem:          3.8G       787M       3.1G       5.7M        60M       324M

MemTotal:        4016004 kB
MemFree:         3209488 kB
Active:           451260 kB
Mem:          3.8G       787M       3.1G       5.7M        60M       324M

MemTotal:        4016004 kB
MemFree:         3209472 kB
Active:           451292 kB
Mem:          3.8G       787M       3.1G       5.7M        60M       324M

MemTotal:        4016004 kB
MemFree:         3209100 kB
Active:           451312 kB
Mem:          3.8G       787M       3.1G       5.7M        60M       324M

MemTotal:        4016004 kB
MemFree:         3209208 kB
Active:           451296 kB
Mem:          3.8G       788M       3.1G       5.7M        60M       324M

MemTotal:        4016004 kB
MemFree:         3209208 kB
Active:           451304 kB
Mem:          3.8G       788M       3.1G       5.7M        60M       324M

MemTotal:        4016004 kB
MemFree:         3208820 kB
Active:           451320 kB
Mem:          3.8G       787M       3.1G       5.7M        60M       324M

MemTotal:        4016004 kB
MemFree:         3209548 kB
Active:           451296 kB
Mem:          3.8G       787M       3.1G       5.7M        60M       324M

MemTotal:        4016004 kB
MemFree:         3208912 kB
Active:           451320 kB
Mem:          3.8G       787M       3.1G       5.7M        60M       324M

MemTotal:        4016004 kB
MemFree:         3209144 kB
Active:           451316 kB
Mem:          3.8G       787M       3.1G       5.7M        60M       324M

MemTotal:        4016004 kB
MemFree:         3209284 kB
Active:           451316 kB
Mem:          3.8G       787M       3.1G       5.7M        60M       324M

MemTotal:        4016004 kB
MemFree:         3209408 kB
Active:           451316 kB
Mem:          3.8G       787M       3.1G       5.7M        60M       324M

MemTotal:        4016004 kB
MemFree:         3209408 kB
Active:           451300 kB
Mem:          3.8G       787M       3.1G       5.7M        60M       324M

MemTotal:        4016004 kB
MemFree:         3209160 kB
Active:           451344 kB
Mem:          3.8G       787M       3.1G       5.7M        60M       324M

MemTotal:        4016004 kB
MemFree:         3209656 kB
Active:           451320 kB
Mem:          3.8G       787M       3.1G       5.7M        60M       324M

MemTotal:        4016004 kB
MemFree:         3209408 kB
Active:           451316 kB
Mem:          3.8G       787M       3.1G       5.7M        60M       324M

MemTotal:        4016004 kB
MemFree:         3209644 kB
Active:           451296 kB
Mem:          3.8G       787M       3.1G       5.7M        60M       324M

MemTotal:        4016004 kB
MemFree:         3210016 kB
Active:           451308 kB
Mem:          3.8G       787M       3.1G       5.7M        60M       324M

MemTotal:        4016004 kB
MemFree:         3207844 kB
Active:           451308 kB
Mem:          3.8G       789M       3.1G       5.7M        60M       324M

MemTotal:        4016004 kB
MemFree:         3207844 kB
Active:           453368 kB
Mem:          3.8G       789M       3.1G       5.7M        60M       324M

MemTotal:        4016004 kB
MemFree:         3207844 kB
Active:           453368 kB
Mem:          3.8G       789M       3.1G       5.7M        60M       324M

MemTotal:        4016004 kB
MemFree:         3208092 kB
Active:           453348 kB
Mem:          3.8G       789M       3.1G       5.7M        60M       324M

MemTotal:        4016004 kB
MemFree:         3207968 kB
Active:           453368 kB
Mem:          3.8G       789M       3.1G       5.7M        60M       324M

MemTotal:        4016004 kB
MemFree:         3207968 kB
Active:           453376 kB
Mem:          3.8G       788M       3.1G       5.7M        60M       324M

MemTotal:        4016004 kB
MemFree:         3207968 kB
Active:           453332 kB
Mem:          3.8G       789M       3.1G       5.7M        60M       324M

MemTotal:        4016004 kB
MemFree:         3207720 kB
Active:           453368 kB
Mem:          3.8G       789M       3.1G       5.7M        60M       324M

MemTotal:        4016004 kB
MemFree:         3207844 kB
Active:           453356 kB
Mem:          3.8G       789M       3.1G       5.7M        60M       324M

MemTotal:        4016004 kB
MemFree:         3207844 kB
Active:           453384 kB
Mem:          3.8G       789M       3.1G       5.7M        60M       324M

MemTotal:        4016004 kB
MemFree:         3207892 kB
Active:           453392 kB
Mem:          3.8G       789M       3.1G       5.7M        60M       324M

MemTotal:        4016004 kB
MemFree:         3208016 kB
Active:           453352 kB
Mem:          3.8G       789M       3.1G       5.7M        60M       324M

MemTotal:        4016004 kB
MemFree:         3208264 kB
Active:           453384 kB
Mem:          3.8G       789M       3.1G       5.7M        60M       324M

MemTotal:        4016004 kB
MemFree:         3207752 kB
Active:           453392 kB
Mem:          3.8G       789M       3.1G       5.7M        60M       324M

MemTotal:        4016004 kB
MemFree:         3207364 kB
Active:           453364 kB
Mem:          3.8G       789M       3.1G       5.7M        60M       324M

MemTotal:        4016004 kB
MemFree:         3207612 kB
Active:           453368 kB
Mem:          3.8G       789M       3.1G       5.7M        60M       324M

MemTotal:        4016004 kB
MemFree:         3207364 kB
Active:           453360 kB
Mem:          3.8G       789M       3.1G       5.7M        60M       324M

MemTotal:        4016004 kB
MemFree:         3206868 kB
Active:           453408 kB
Mem:          3.8G       789M       3.1G       5.7M        60M       324M

MemTotal:        4016004 kB
MemFree:         3207100 kB
Active:           453352 kB
Mem:          3.8G       790M       3.1G       5.7M        60M       324M

MemTotal:        4016004 kB
MemFree:         3207084 kB
Active:           453396 kB
Mem:          3.8G       789M       3.1G       5.7M        60M       324M

MemTotal:        4016004 kB
MemFree:         3205136 kB
Active:           453480 kB
Mem:          3.8G       792M       3.1G       5.7M        60M       324M

MemTotal:        4016004 kB
MemFree:         3204732 kB
Active:           455416 kB
Mem:          3.8G       791M       3.1G       5.7M        60M       324M

MemTotal:        4016004 kB
MemFree:         3205236 kB
Active:           455420 kB
Mem:          3.8G       792M       3.1G       5.7M        60M       324M

MemTotal:        4016004 kB
MemFree:         3204972 kB
Active:           455428 kB
Mem:          3.8G       791M       3.1G       5.7M        60M       324M

MemTotal:        4016004 kB
MemFree:         3204708 kB
Active:           455420 kB
Mem:          3.8G       792M       3.1G       5.7M        60M       324M

MemTotal:        4016004 kB
MemFree:         3204692 kB
Active:           455428 kB
Mem:          3.8G       792M       3.1G       5.7M        60M       324M

MemTotal:        4016004 kB
MemFree:         3204724 kB
Active:           455428 kB
Mem:          3.8G       792M       3.1G       5.7M        60M       324M

MemTotal:        4016004 kB
MemFree:         3205344 kB
Active:           455440 kB
Mem:          3.8G       791M       3.1G       5.7M        60M       324M

MemTotal:        4016004 kB
MemFree:         3204848 kB
Active:           455476 kB
Mem:          3.8G       792M       3.1G       5.7M        60M       324M

MemTotal:        4016004 kB
MemFree:         3205468 kB
Active:           455468 kB
Mem:          3.8G       791M       3.1G       5.7M        60M       324M

MemTotal:        4016004 kB
MemFree:         3204928 kB
Active:           453524 kB
Mem:          3.8G       791M       3.1G       5.7M        60M       324M

MemTotal:        4016004 kB
MemFree:         3205528 kB
Active:           455436 kB
Mem:          3.8G       791M       3.1G       5.7M        60M       324M

MemTotal:        4016004 kB
MemFree:         3205528 kB
Active:           455444 kB
Mem:          3.8G       791M       3.1G       5.7M        60M       324M

MemTotal:        4016004 kB
MemFree:         3205592 kB
Active:           455436 kB
Mem:          3.8G       791M       3.1G       5.7M        60M       324M

MemTotal:        4016004 kB
MemFree:         3205468 kB
Active:           455480 kB
Mem:          3.8G       791M       3.1G       5.7M        60M       324M

MemTotal:        4016004 kB
MemFree:         3205468 kB
Active:           455436 kB
Mem:          3.8G       791M       3.1G       5.7M        60M       324M

MemTotal:        4016004 kB
MemFree:         3205592 kB
Active:           455436 kB
Mem:          3.8G       791M       3.1G       5.7M        60M       324M

MemTotal:        4016004 kB
MemFree:         3205592 kB
Active:           455464 kB
Mem:          3.8G       791M       3.1G       5.7M        60M       324M

MemTotal:        4016004 kB
MemFree:         3205964 kB
Active:           455452 kB
Mem:          3.8G       791M       3.1G       5.7M        60M       324M

MemTotal:        4016004 kB
MemFree:         3205840 kB
Active:           455436 kB
Mem:          3.8G       791M       3.1G       5.7M        60M       324M

MemTotal:        4016004 kB
MemFree:         3205716 kB
Active:           455432 kB
Mem:          3.8G       791M       3.1G       5.7M        60M       324M

MemTotal:        4016004 kB
MemFree:         3205344 kB
Active:           455488 kB
Mem:          3.8G       791M       3.1G       5.7M        60M       324M

MemTotal:        4016004 kB
MemFree:         3205220 kB
Active:           455488 kB
Mem:          3.8G       791M       3.1G       5.7M        60M       324M

MemTotal:        4016004 kB
MemFree:         3205592 kB
Active:           455472 kB
Mem:          3.8G       791M       3.1G       5.7M        60M       324M

MemTotal:        4016004 kB
MemFree:         3205592 kB
Active:           455464 kB
Mem:          3.8G       791M       3.1G       5.7M        60M       324M

MemTotal:        4016004 kB
MemFree:         3205592 kB
Active:           455452 kB
Mem:          3.8G       791M       3.1G       5.7M        60M       324M

MemTotal:        4016004 kB
MemFree:         3205592 kB
Active:           455492 kB
Mem:          3.8G       791M       3.1G       5.7M        60M       324M

MemTotal:        4016004 kB
MemFree:         3205592 kB
Active:           455440 kB
Mem:          3.8G       791M       3.1G       5.7M        60M       324M

MemTotal:        4016004 kB
MemFree:         3205344 kB
Active:           455496 kB
Mem:          3.8G       791M       3.1G       5.7M        60M       324M

MemTotal:        4016004 kB
MemFree:         3205344 kB
Active:           455496 kB
Mem:          3.8G       791M       3.1G       5.7M        60M       324M

MemTotal:        4016004 kB
MemFree:         3205748 kB
Active:           455468 kB
Mem:          3.8G       791M       3.1G       5.7M        60M       324M

MemTotal:        4016004 kB
MemFree:         3205872 kB
Active:           455460 kB
Mem:          3.8G       791M       3.1G       5.7M        60M       324M

MemTotal:        4016004 kB
MemFree:         3206120 kB
Active:           455456 kB
Mem:          3.8G       791M       3.1G       5.7M        60M       324M

MemTotal:        4016004 kB
MemFree:         3206120 kB
Active:           455504 kB
Mem:          3.8G       791M       3.1G       5.7M        60M       324M

MemTotal:        4016004 kB
MemFree:         3205748 kB
Active:           455508 kB
Mem:          3.8G       791M       3.1G       5.7M        60M       324M

MemTotal:        4016004 kB
MemFree:         3205872 kB
Active:           455504 kB
Mem:          3.8G       791M       3.1G       5.7M        60M       324M

MemTotal:        4016004 kB
MemFree:         3206120 kB
Active:           455504 kB
Mem:          3.8G       791M       3.1G       5.7M        60M       324M

MemTotal:        4016004 kB
MemFree:         3205980 kB
Active:           455464 kB
Mem:          3.8G       791M       3.1G       5.7M        60M       324M

MemTotal:        4016004 kB
MemFree:         3205732 kB
Active:           455496 kB
Mem:          3.8G       791M       3.1G       5.7M        60M       324M

MemTotal:        4016004 kB
MemFree:         3205856 kB
Active:           455484 kB
Mem:          3.8G       791M       3.1G       5.7M        60M       324M

MemTotal:        4016004 kB
MemFree:         3206104 kB
Active:           455488 kB
Mem:          3.8G       791M       3.1G       5.7M        60M       324M

MemTotal:        4016004 kB
MemFree:         3205980 kB
Active:           455484 kB
Mem:          3.8G       791M       3.1G       5.7M        60M       324M

MemTotal:        4016004 kB
MemFree:         3205468 kB
Active:           455520 kB
Mem:          3.8G       791M       3.1G       5.7M        60M       324M

MemTotal:        4016004 kB
MemFree:         3205452 kB
Active:           455504 kB
Mem:          3.8G       791M       3.1G       5.7M        60M       324M

MemTotal:        4016004 kB
MemFree:         3205700 kB
Active:           455504 kB
Mem:          3.8G       791M       3.1G       5.7M        60M       324M

MemTotal:        4016004 kB
MemFree:         3205452 kB
Active:           455500 kB
Mem:          3.8G       791M       3.1G       5.7M        60M       324M

MemTotal:        4016004 kB
MemFree:         3204940 kB
Active:           455540 kB
Mem:          3.8G       791M       3.1G       5.7M        60M       324M

MemTotal:        4016004 kB
MemFree:         3205032 kB
Active:           455824 kB
Mem:          3.8G       791M       3.1G       5.7M        60M       324M

MemTotal:        4016004 kB
MemFree:         3157236 kB
Active:           457524 kB
Mem:          3.8G       840M       3.0G       5.7M        60M       367M

MemTotal:        4016004 kB
MemFree:         3109072 kB
Active:           458236 kB
Mem:          3.8G       887M       3.0G       5.7M        60M       413M

MemTotal:        4016004 kB
MemFree:         3063080 kB
Active:           458156 kB
Mem:          3.8G       932M       2.9G       5.7M        60M       457M

MemTotal:        4016004 kB
MemFree:         3016128 kB
Active:           458204 kB
Mem:          3.8G       978M       2.9G       5.7M        60M       502M

MemTotal:        4016004 kB
MemFree:         2968648 kB
Active:           458188 kB
Mem:          3.8G       1.0G       2.8G       5.7M        60M       546M

MemTotal:        4016004 kB
MemFree:         2922548 kB
Active:           458236 kB
Mem:          3.8G       1.0G       2.8G       5.7M        60M       592M

MemTotal:        4016004 kB
MemFree:         2874944 kB
Active:           458120 kB
Mem:          3.8G       1.1G       2.7G       5.7M        60M       638M

MemTotal:        4016004 kB
MemFree:         2829644 kB
Active:           458164 kB
Mem:          3.8G       1.1G       2.7G       5.7M        60M       681M

MemTotal:        4016004 kB
MemFree:         2781188 kB
Active:           458212 kB
Mem:          3.8G       1.2G       2.7G       5.7M        60M       727M

MemTotal:        4016004 kB
MemFree:         2736080 kB
Active:           458220 kB
Mem:          3.8G       1.2G       2.6G       5.7M        60M       771M

MemTotal:        4016004 kB
MemFree:         2689528 kB
Active:           458152 kB
Mem:          3.8G       1.3G       2.6G       5.7M        60M       814M

MemTotal:        4016004 kB
MemFree:         2668804 kB
Active:           458152 kB
Mem:          3.8G       1.3G       2.5G       5.7M        60M       836M

MemTotal:        4016004 kB
MemFree:         2622232 kB
Active:           458200 kB
Mem:          3.8G       1.3G       2.5G       5.7M        60M       881M

MemTotal:        4016004 kB
MemFree:         2575468 kB
Active:           458212 kB
Mem:          3.8G       1.4G       2.5G       5.7M        60M       925M

MemTotal:        4016004 kB
MemFree:         2529836 kB
Active:           458212 kB
Mem:          3.8G       1.4G       2.4G       5.7M        60M       969M

MemTotal:        4016004 kB
MemFree:         2482976 kB
Active:           458216 kB
Mem:          3.8G       1.5G       2.4G       5.7M        60M       1.0G

MemTotal:        4016004 kB
MemFree:         2436256 kB
Active:           458216 kB
Mem:          3.8G       1.5G       2.3G       5.7M        60M       1.0G

MemTotal:        4016004 kB
MemFree:         2389984 kB
Active:           458256 kB
Mem:          3.8G       1.6G       2.3G       5.7M        60M       1.1G

MemTotal:        4016004 kB
MemFree:         2342684 kB
Active:           458316 kB
Mem:          3.8G       1.6G       2.2G       5.7M        60M       1.1G

MemTotal:        4016004 kB
MemFree:         2295908 kB
Active:           458320 kB
Mem:          3.8G       1.6G       2.2G       5.7M        60M       1.2G

MemTotal:        4016004 kB
MemFree:         2250076 kB
Active:           458328 kB
Mem:          3.8G       1.7G       2.1G       5.7M        60M       1.2G

MemTotal:        4016004 kB
MemFree:         2203320 kB
Active:           458268 kB
Mem:          3.8G       1.7G       2.1G       5.7M        60M       1.3G

MemTotal:        4016004 kB
MemFree:         2156288 kB
Active:           456308 kB
Mem:          3.8G       1.8G       2.1G       5.7M        60M       1.3G

MemTotal:        4016004 kB
MemFree:         2110144 kB
Active:           458272 kB
Mem:          3.8G       1.8G       2.0G       5.7M        60M       1.3G

MemTotal:        4016004 kB
MemFree:         2064076 kB
Active:           458276 kB
Mem:          3.8G       1.9G       2.0G       5.7M        60M       1.4G

MemTotal:        4016004 kB
MemFree:         2016472 kB
Active:           458276 kB
Mem:          3.8G       1.9G       1.9G       5.7M        60M       1.4G

MemTotal:        4016004 kB
MemFree:         1999012 kB
Active:           458352 kB
Mem:          3.8G       1.9G       1.9G       5.7M        60M       1.4G

MemTotal:        4016004 kB
MemFree:         1989396 kB
Active:           458316 kB
Mem:          3.8G       1.9G       1.9G       5.7M        60M       1.5G

MemTotal:        4016004 kB
MemFree:         1943252 kB
Active:           458524 kB
Mem:          3.8G       2.0G       1.9G       5.7M        60M       1.5G

MemTotal:        4016004 kB
MemFree:         1895576 kB
Active:           458396 kB
Mem:          3.8G       2.0G       1.8G       5.7M        60M       1.5G

MemTotal:        4016004 kB
MemFree:         1849308 kB
Active:           458324 kB
Mem:          3.8G       2.1G       1.8G       5.7M        60M       1.6G

MemTotal:        4016004 kB
MemFree:         1802696 kB
Active:           458372 kB
Mem:          3.8G       2.1G       1.7G       5.7M        60M       1.6G

MemTotal:        4016004 kB
MemFree:         1754192 kB
Active:           458372 kB
Mem:          3.8G       2.2G       1.7G       5.7M        60M       1.7G

MemTotal:        4016004 kB
MemFree:         1707332 kB
Active:           458428 kB
Mem:          3.8G       2.2G       1.6G       5.7M        60M       1.7G

MemTotal:        4016004 kB
MemFree:         1661728 kB
Active:           458344 kB
Mem:          3.8G       2.2G       1.6G       5.7M        60M       1.8G

MemTotal:        4016004 kB
MemFree:         1615148 kB
Active:           458300 kB
Mem:          3.8G       2.3G       1.5G       5.7M        60M       1.8G

MemTotal:        4016004 kB
MemFree:         1567856 kB
Active:           458332 kB
Mem:          3.8G       2.3G       1.5G       5.7M        60M       1.8G

MemTotal:        4016004 kB
MemFree:         1560104 kB
Active:           458340 kB
Mem:          3.8G       2.3G       1.5G       5.7M        60M       1.9G

MemTotal:        4016004 kB
MemFree:         1553184 kB
Active:           458436 kB
Mem:          3.8G       2.4G       1.5G       5.7M        60M       1.9G

MemTotal:        4016004 kB
MemFree:         1507132 kB
Active:           458320 kB
Mem:          3.8G       2.4G       1.4G       5.7M        60M       1.9G

MemTotal:        4016004 kB
MemFree:         1460520 kB
Active:           458316 kB
Mem:          3.8G       2.4G       1.4G       5.7M        60M       1.9G

MemTotal:        4016004 kB
MemFree:         1414676 kB
Active:           458328 kB
Mem:          3.8G       2.5G       1.3G       5.7M        60M       2.0G

MemTotal:        4016004 kB
MemFree:         1396292 kB
Active:           458340 kB
Mem:          3.8G       2.5G       1.3G       5.7M        60M       2.0G

MemTotal:        4016004 kB
MemFree:         1349840 kB
Active:           458340 kB
Mem:          3.8G       2.5G       1.3G       5.7M        60M       2.1G

MemTotal:        4016004 kB
MemFree:         1302832 kB
Active:           458360 kB
Mem:          3.8G       2.6G       1.2G       5.7M        60M       2.1G

MemTotal:        4016004 kB
MemFree:         1256608 kB
Active:           458360 kB
Mem:          3.8G       2.6G       1.2G       5.7M        60M       2.1G

MemTotal:        4016004 kB
MemFree:         1210264 kB
Active:           458360 kB
Mem:          3.8G       2.7G       1.2G       5.7M        60M       2.2G

MemTotal:        4016004 kB
MemFree:         1163204 kB
Active:           458368 kB
Mem:          3.8G       2.7G       1.1G       5.7M        60M       2.2G

MemTotal:        4016004 kB
MemFree:         1116344 kB
Active:           458372 kB
Mem:          3.8G       2.8G       1.1G       5.7M        60M       2.3G

MemTotal:        4016004 kB
MemFree:         1069624 kB
Active:           458372 kB
Mem:          3.8G       2.8G       1.0G       5.7M        60M       2.3G

MemTotal:        4016004 kB
MemFree:         1024716 kB
Active:           458376 kB
Mem:          3.8G       2.9G       998M       5.7M        60M       2.4G

MemTotal:        4016004 kB
MemFree:          976772 kB
Active:           458416 kB
Mem:          3.8G       2.9G       952M       5.7M        60M       2.4G

MemTotal:        4016004 kB
MemFree:          931408 kB
Active:           458432 kB
Mem:          3.8G       2.9G       905M       5.7M        60M       2.4G

MemTotal:        4016004 kB
MemFree:          885060 kB
Active:           458452 kB
Mem:          3.8G       3.0G       863M       5.7M        60M       2.5G

MemTotal:        4016004 kB
MemFree:          837272 kB
Active:           458464 kB
Mem:          3.8G       3.0G       816M       5.7M        60M       2.5G

MemTotal:        4016004 kB
MemFree:          792104 kB
Active:           460500 kB
Mem:          3.8G       3.1G       771M       5.7M        60M       2.6G

MemTotal:        4016004 kB
MemFree:          745120 kB
Active:           460504 kB
Mem:          3.8G       3.1G       725M       5.7M        60M       2.6G

MemTotal:        4016004 kB
MemFree:          710244 kB
Active:           460512 kB
Mem:          3.8G       3.2G       693M       5.7M        60M       2.7G

MemTotal:        4016004 kB
MemFree:          710248 kB
Active:           460516 kB
Mem:          3.8G       3.2G       693M       5.7M        60M       2.7G

MemTotal:        4016004 kB
MemFree:          710284 kB
Active:           460516 kB
Mem:          3.8G       3.2G       693M       5.7M        60M       2.7G

MemTotal:        4016004 kB
MemFree:          669752 kB
Active:           460560 kB
Mem:          3.8G       3.2G       652M       5.7M        60M       2.7G

MemTotal:        4016004 kB
MemFree:          623172 kB
Active:           460560 kB
Mem:          3.8G       3.2G       606M       5.7M        60M       2.7G

MemTotal:        4016004 kB
MemFree:          576868 kB
Active:           458512 kB
Mem:          3.8G       3.3G       561M       5.7M        60M       2.8G

MemTotal:        4016004 kB
MemFree:          529900 kB
Active:           458516 kB
Mem:          3.8G       3.3G       515M       5.7M        60M       2.8G

MemTotal:        4016004 kB
MemFree:          483800 kB
Active:           458516 kB
Mem:          3.8G       3.4G       470M       5.7M        60M       2.9G

MemTotal:        4016004 kB
MemFree:          437064 kB
Active:           458528 kB
Mem:          3.8G       3.4G       425M       5.7M        60M       2.9G

MemTotal:        4016004 kB
MemFree:          390220 kB
Active:           458528 kB
Mem:          3.8G       3.5G       379M       5.7M        60M       3.0G

MemTotal:        4016004 kB
MemFree:          345696 kB
Active:           458544 kB
Mem:          3.8G       3.5G       335M       5.7M        60M       3.0G

MemTotal:        4016004 kB
MemFree:          298360 kB
Active:           458568 kB
Mem:          3.8G       3.5G       289M       5.7M        60M       3.0G

MemTotal:        4016004 kB
MemFree:          252060 kB
Active:           458576 kB
Mem:          3.8G       3.6G       244M       5.7M        60M       3.1G

MemTotal:        4016004 kB
MemFree:          205340 kB
Active:           458584 kB
Mem:          3.8G       3.6G       199M       5.7M        60M       3.1G

MemTotal:        4016004 kB
MemFree:          158536 kB
Active:           458612 kB
Mem:          3.8G       3.7G       152M       5.7M        60M       3.2G

MemTotal:        4016004 kB
MemFree:          113332 kB
Active:           458648 kB
Mem:          3.8G       3.7G       108M       5.7M        60M       3.2G

MemTotal:        4016004 kB
MemFree:          135004 kB
Active:           468824 kB
Mem:          3.8G       3.7G       107M       5.7M        27M       3.2G

MemTotal:        4016004 kB
MemFree:          174788 kB
Active:           519980 kB
Mem:          3.8G       3.7G       167M       5.7M        27M       3.2G

MemTotal:        4016004 kB
MemFree:          129216 kB
Active:           520052 kB
Mem:          3.8G       3.7G       123M       5.7M        27M       3.2G

MemTotal:        4016004 kB
MemFree:          131476 kB
Active:           516212 kB
Mem:          3.8G       3.7G       125M       5.7M        27M       3.2G

MemTotal:        4016004 kB
MemFree:          121924 kB
Active:           510724 kB
Mem:          3.8G       3.7G       117M       5.7M        27M       3.2G

MemTotal:        4016004 kB
MemFree:          123712 kB
Active:           501536 kB
Mem:          3.8G       3.7G       119M       5.7M        27M       3.2G

MemTotal:        4016004 kB
MemFree:          137344 kB
Active:           492288 kB
Mem:          3.8G       3.7G       132M       5.7M        27M       3.2G

MemTotal:        4016004 kB
MemFree:          133360 kB
Active:           487552 kB
Mem:          3.8G       3.7G       129M       5.7M        27M       3.2G

MemTotal:        4016004 kB
MemFree:          145584 kB
Active:           480212 kB
Mem:          3.8G       3.7G       141M       5.7M        27M       3.2G

MemTotal:        4016004 kB
MemFree:          124840 kB
Active:           478348 kB
Mem:          3.8G       3.7G       131M       5.7M        27M       3.2G

MemTotal:        4016004 kB
MemFree:          107356 kB
Active:           473996 kB
Mem:          3.8G       3.7G       103M       5.7M        27M       3.3G

MemTotal:        4016004 kB
MemFree:          133160 kB
Active:           467220 kB
Mem:          3.8G       3.7G       128M       5.7M        27M       3.2G

MemTotal:        4016004 kB
MemFree:          134620 kB
Active:           461452 kB
Mem:          3.8G       3.7G       129M       5.7M        27M       3.2G

MemTotal:        4016004 kB
MemFree:          139772 kB
Active:           455192 kB
Mem:          3.8G       3.7G       134M       5.7M        27M       3.2G

MemTotal:        4016004 kB
MemFree:          130472 kB
Active:           453792 kB
Mem:          3.8G       3.7G       149M       5.7M        27M       3.2G

MemTotal:        4016004 kB
MemFree:          108616 kB
Active:           453024 kB
Mem:          3.8G       3.7G       104M       5.7M        27M       3.3G

MemTotal:        4016004 kB
MemFree:          122304 kB
Active:           451108 kB
Mem:          3.8G       3.7G       118M       5.7M        27M       3.2G

MemTotal:        4016004 kB
MemFree:          138812 kB
Active:           449192 kB
Mem:          3.8G       3.7G       133M       5.7M        27M       3.2G

MemTotal:        4016004 kB
MemFree:          141312 kB
Active:           449304 kB
Mem:          3.8G       3.7G       135M       5.7M        27M       3.2G

MemTotal:        4016004 kB
MemFree:          143236 kB
Active:           447980 kB
Mem:          3.8G       3.7G       138M       5.7M        27M       3.2G

MemTotal:        4016004 kB
MemFree:          134708 kB
Active:           446836 kB
Mem:          3.8G       3.7G       129M       5.7M        27M       3.2G

MemTotal:        4016004 kB
MemFree:          141136 kB
Active:           442732 kB
Mem:          3.8G       3.7G       135M       5.7M        27M       3.2G

MemTotal:        4016004 kB
MemFree:          131400 kB
Active:           443768 kB
Mem:          3.8G       3.7G       126M       5.7M        27M       3.2G

MemTotal:        4016004 kB
MemFree:          121080 kB
Active:           442620 kB
Mem:          3.8G       3.7G       115M       5.7M        27M       3.2G

MemTotal:        4016004 kB
MemFree:          122852 kB
Active:           440832 kB
Mem:          3.8G       3.7G       117M       5.7M        27M       3.2G

MemTotal:        4016004 kB
MemFree:          125392 kB
Active:           439680 kB
Mem:          3.8G       3.7G       119M       5.7M        27M       3.2G

MemTotal:        4016004 kB
MemFree:          127292 kB
Active:           438272 kB
Mem:          3.8G       3.7G       122M       5.7M        27M       3.2G

MemTotal:        4016004 kB
MemFree:          105344 kB
Active:           438276 kB
Mem:          3.8G       3.7G       102M       5.7M        27M       3.3G

MemTotal:        4016004 kB
MemFree:          103456 kB
Active:           438288 kB
Mem:          3.8G       3.7G       101M       5.7M        27M       3.3G

MemTotal:        4016004 kB
MemFree:          103644 kB
Active:           438296 kB
Mem:          3.8G       3.7G       101M       5.7M        27M       3.3G

MemTotal:        4016004 kB
MemFree:          124212 kB
Active:           439708 kB
Mem:          3.8G       3.7G       119M       5.7M        27M       3.2G

MemTotal:        4016004 kB
MemFree:          115988 kB
Active:           437528 kB
Mem:          3.8G       3.7G       111M       5.7M        27M       3.2G

MemTotal:        4016004 kB
MemFree:          129036 kB
Active:           435236 kB
Mem:          3.8G       3.7G       124M       5.7M        27M       3.2G

MemTotal:        4016004 kB
MemFree:          130536 kB
Active:           433960 kB
Mem:          3.8G       3.7G       126M       5.7M        27M       3.2G

MemTotal:        4016004 kB
MemFree:          133028 kB
Active:           432696 kB
Mem:          3.8G       3.7G       128M       5.7M        27M       3.2G

MemTotal:        4016004 kB
MemFree:          135148 kB
Active:           431416 kB
Mem:          3.8G       3.7G       129M       5.7M        27M       3.2G

MemTotal:        4016004 kB
MemFree:          136896 kB
Active:           430136 kB
Mem:          3.8G       3.7G       132M       5.7M        27M       3.2G

MemTotal:        4016004 kB
MemFree:          140696 kB
Active:           428856 kB
Mem:          3.8G       3.7G       135M       5.7M        27M       3.2G

MemTotal:        4016004 kB
MemFree:          135876 kB
Active:           427836 kB
Mem:          3.8G       3.7G       132M       5.7M        27M       3.2G

MemTotal:        4016004 kB
MemFree:          136216 kB
Active:           427704 kB
Mem:          3.8G       3.7G       133M       5.7M        27M       3.2G

MemTotal:        4016004 kB
MemFree:          110432 kB
Active:           427712 kB
Mem:          3.8G       3.7G       105M       5.7M        27M       3.2G

MemTotal:        4016004 kB
MemFree:          124192 kB
Active:           426056 kB
Mem:          3.8G       3.7G       131M       5.7M        27M       3.2G

MemTotal:        4016004 kB
MemFree:          138248 kB
Active:           423884 kB
Mem:          3.8G       3.7G       138M       5.7M        27M       3.2G

MemTotal:        4016004 kB
MemFree:          105232 kB
Active:           423372 kB
Mem:          3.8G       3.7G       102M       5.7M        27M       3.2G

MemTotal:        4016004 kB
MemFree:          105140 kB
Active:           423368 kB
Mem:          3.8G       3.7G       102M       5.7M        27M       3.2G

MemTotal:        4016004 kB
MemFree:          105300 kB
Active:           423384 kB
Mem:          3.8G       3.7G       102M       5.7M        27M       3.2G

MemTotal:        4016004 kB
MemFree:          116304 kB
Active:           422108 kB
Mem:          3.8G       3.7G       111M       5.7M        27M       3.2G

MemTotal:        4016004 kB
MemFree:          129976 kB
Active:           418108 kB
Mem:          3.8G       3.7G       125M       5.7M        27M       3.2G

MemTotal:        4016004 kB
MemFree:          119760 kB
Active:           416960 kB
Mem:          3.8G       3.7G       114M       5.7M        27M       3.2G

MemTotal:        4016004 kB
MemFree:          122176 kB
Active:           415672 kB
Mem:          3.8G       3.7G       117M       5.7M        27M       3.2G

MemTotal:        4016004 kB
MemFree:          131984 kB
Active:           413640 kB
Mem:          3.8G       3.7G       126M       5.7M        27M       3.2G

MemTotal:        4016004 kB
MemFree:          140184 kB
Active:           411336 kB
Mem:          3.8G       3.7G       136M       5.7M        27M       3.2G

MemTotal:        4016004 kB
MemFree:          143524 kB
Active:           410056 kB
Mem:          3.8G       3.7G       143M       5.7M        27M       3.2G

MemTotal:        4016004 kB
MemFree:          127440 kB
Active:           409160 kB
Mem:          3.8G       3.7G       123M       5.7M        27M       3.2G

MemTotal:        4016004 kB
MemFree:          130704 kB
Active:           407488 kB
Mem:          3.8G       3.7G       127M       5.7M        27M       3.2G

MemTotal:        4016004 kB
MemFree:          108596 kB
Active:           407512 kB
Mem:          3.8G       3.7G       103M       5.7M        27M       3.2G

MemTotal:        4016004 kB
MemFree:          134400 kB
Active:           405340 kB
Mem:          3.8G       3.7G       129M       5.7M        27M       3.2G

MemTotal:        4016004 kB
MemFree:          122800 kB
Active:           404192 kB
Mem:          3.8G       3.7G       130M       5.7M        27M       3.2G

MemTotal:        4016004 kB
MemFree:          105084 kB
Active:           401800 kB
Mem:          3.8G       3.7G       123M       5.7M        27M       3.2G

MemTotal:        4016004 kB
MemFree:          128188 kB
Active:           399836 kB
Mem:          3.8G       3.7G       125M       5.7M        27M       3.2G

MemTotal:        4016004 kB
MemFree:          127996 kB
Active:           399720 kB
Mem:          3.8G       3.7G       124M       5.7M        27M       3.2G

MemTotal:        4016004 kB
MemFree:          128720 kB
Active:           399692 kB
Mem:          3.8G       3.7G       125M       5.7M        27M       3.2G

MemTotal:        4016004 kB
MemFree:          120668 kB
Active:           396684 kB
Mem:          3.8G       3.7G       114M       5.7M        27M       3.2G

MemTotal:        4016004 kB
MemFree:          110900 kB
Active:           395408 kB
Mem:          3.8G       3.7G       105M       5.7M        27M       3.2G

MemTotal:        4016004 kB
MemFree:          116740 kB
Active:           393488 kB
Mem:          3.8G       3.7G       112M       5.7M        27M       3.2G

MemTotal:        4016004 kB
MemFree:          119868 kB
Active:           390052 kB
Mem:          3.8G       3.7G       115M       5.7M        27M       3.2G

MemTotal:        4016004 kB
MemFree:          109216 kB
Active:           389924 kB
Mem:          3.8G       3.7G       105M       5.7M        27M       3.2G

MemTotal:        4016004 kB
MemFree:          123800 kB
Active:           389796 kB
Mem:          3.8G       3.7G       128M       5.7M        27M       3.2G

MemTotal:        4016004 kB
MemFree:          112380 kB
Active:           392144 kB
Mem:          3.8G       3.7G       108M       5.7M        27M       3.2G

MemTotal:        4016004 kB
MemFree:          124588 kB
Active:           390076 kB
Mem:          3.8G       3.7G       121M       5.7M        27M       3.2G

MemTotal:        4016004 kB
MemFree:          133668 kB
Active:           389788 kB
Mem:          3.8G       3.7G       128M       5.7M        27M       3.2G

MemTotal:        4016004 kB
MemFree:          123264 kB
Active:           389704 kB
Mem:          3.8G       3.7G       118M       5.7M        27M       3.2G

MemTotal:        4016004 kB
MemFree:          130856 kB
Active:           389704 kB
Mem:          3.8G       3.7G       127M       5.7M        27M       3.2G

MemTotal:        4016004 kB
MemFree:          131248 kB
Active:           389688 kB
Mem:          3.8G       3.7G       127M       5.7M        27M       3.2G

MemTotal:        4016004 kB
MemFree:          141504 kB
Active:           389724 kB
Mem:          3.8G       3.7G       138M       5.7M        27M       3.2G

MemTotal:        4016004 kB
MemFree:          141396 kB
Active:           389656 kB
Mem:          3.8G       3.7G       138M       5.7M        27M       3.2G

MemTotal:        4016004 kB
MemFree:          141928 kB
Active:           389624 kB
Mem:          3.8G       3.7G       138M       5.7M        27M       3.2G

MemTotal:        4016004 kB
MemFree:          111052 kB
Active:           389632 kB
Mem:          3.8G       3.7G       105M       5.7M        27M       3.2G

MemTotal:        4016004 kB
MemFree:          113912 kB
Active:           389568 kB
Mem:          3.8G       3.7G       108M       5.7M        27M       3.2G

MemTotal:        4016004 kB
MemFree:          132012 kB
Active:           388892 kB
Mem:          3.8G       3.7G       126M       5.7M        27M       3.2G

MemTotal:        4016004 kB
MemFree:          114164 kB
Active:           389000 kB
Mem:          3.8G       3.7G       107M       5.7M        27M       3.2G

MemTotal:        4016004 kB
MemFree:          127856 kB
Active:           393412 kB
Mem:          3.8G       3.7G       123M       5.7M        27M       3.2G

MemTotal:        4016004 kB
MemFree:          131620 kB
Active:           396724 kB
Mem:          3.8G       3.7G       125M       5.7M        27M       3.2G

MemTotal:        4016004 kB
MemFree:          120640 kB
Active:           397628 kB
Mem:          3.8G       3.7G       116M       5.7M        27M       3.2G

MemTotal:        4016004 kB
MemFree:          126048 kB
Active:           397484 kB
Mem:          3.8G       3.7G       119M       5.7M        27M       3.2G

MemTotal:        4016004 kB
MemFree:          120672 kB
Active:           404088 kB
Mem:          3.8G       3.7G       115M       5.7M        27M       3.2G

MemTotal:        4016004 kB
MemFree:          107144 kB
Active:           404036 kB
Mem:          3.8G       3.7G       103M       5.7M        28M       3.2G

MemTotal:        4016004 kB
MemFree:          131188 kB
Active:           403228 kB
Mem:          3.8G       3.7G       127M       5.7M        28M       3.2G

MemTotal:        4016004 kB
MemFree:          144392 kB
Active:           403240 kB
Mem:          3.8G       3.7G       139M       5.7M        28M       3.2G

MemTotal:        4016004 kB
MemFree:          105612 kB
Active:           405152 kB
Mem:          3.8G       3.7G       103M       5.7M        28M       3.2G

MemTotal:        4016004 kB
MemFree:          105364 kB
Active:           405120 kB
Mem:          3.8G       3.7G       102M       5.7M        28M       3.2G

MemTotal:        4016004 kB
MemFree:          106176 kB
Active:           404464 kB
Mem:          3.8G       3.7G       103M       5.7M        28M       3.2G

MemTotal:        4016004 kB
MemFree:          128780 kB
Active:           395132 kB
Mem:          3.8G       3.7G       123M       5.7M        28M       3.2G

MemTotal:        4016004 kB
MemFree:          118784 kB
Active:           394788 kB
Mem:          3.8G       3.7G       112M       5.8M        28M       3.2G

MemTotal:        4016004 kB
MemFree:          106320 kB
Active:           395528 kB
Mem:          3.8G       3.7G       102M       5.8M        28M       3.2G

MemTotal:        4016004 kB
MemFree:          114556 kB
Active:           395352 kB
Mem:          3.8G       3.7G       108M       5.8M        28M       3.2G

MemTotal:        4016004 kB
MemFree:          124816 kB
Active:           395328 kB
Mem:          3.8G       3.7G       119M       5.8M        28M       3.2G

MemTotal:        4016004 kB
MemFree:          120628 kB
Active:           395292 kB
Mem:          3.8G       3.7G       116M       5.8M        28M       3.2G

MemTotal:        4016004 kB
MemFree:          116596 kB
Active:           395352 kB
Mem:          3.8G       3.7G       111M       5.8M        28M       3.2G

MemTotal:        4016004 kB
MemFree:          112532 kB
Active:           395364 kB
Mem:          3.8G       3.7G       108M       5.8M        28M       3.2G

MemTotal:        4016004 kB
MemFree:          133500 kB
Active:           392864 kB
Mem:          3.8G       3.7G       130M       5.8M        28M       3.2G

MemTotal:        4016004 kB
MemFree:          123832 kB
Active:           392872 kB
Mem:          3.8G       3.7G       118M       5.8M        28M       3.2G

MemTotal:        4016004 kB
MemFree:          134464 kB
Active:           392880 kB
Mem:          3.8G       3.7G       130M       5.8M        28M       3.2G

MemTotal:        4016004 kB
MemFree:          131516 kB
Active:           392884 kB
Mem:          3.8G       3.7G       126M       5.8M        28M       3.2G

MemTotal:        4016004 kB
MemFree:          127096 kB
Active:           392884 kB
Mem:          3.8G       3.7G       122M       5.8M        28M       3.2G

MemTotal:        4016004 kB
MemFree:          122448 kB
Active:           392860 kB
Mem:          3.8G       3.7G       119M       5.8M        28M       3.2G

MemTotal:        4016004 kB
MemFree:          136908 kB
Active:           392904 kB
Mem:          3.8G       3.7G       132M       5.8M        28M       3.2G

MemTotal:        4016004 kB
MemFree:          126616 kB
Active:           392904 kB
Mem:          3.8G       3.7G       145M       5.8M        28M       3.2G

MemTotal:        4016004 kB
MemFree:          108140 kB
Active:           392904 kB
Mem:          3.8G       3.7G       104M       5.8M        28M       3.2G

MemTotal:        4016004 kB
MemFree:          105492 kB
Active:           392904 kB
Mem:          3.8G       3.7G       124M       5.8M        28M       3.2G

MemTotal:        4016004 kB
MemFree:          117564 kB
Active:           392908 kB
Mem:          3.8G       3.7G       113M       5.8M        28M       3.2G

MemTotal:        4016004 kB
MemFree:          120408 kB
Active:           388960 kB
Mem:          3.8G       3.7G       115M       5.8M        28M       3.2G

MemTotal:        4016004 kB
MemFree:          116000 kB
Active:           388964 kB
Mem:          3.8G       3.7G       110M       5.8M        28M       3.2G

MemTotal:        4016004 kB
MemFree:          123456 kB
Active:           388964 kB
Mem:          3.8G       3.7G       118M       5.8M        28M       3.2G

MemTotal:        4016004 kB
MemFree:          126844 kB
Active:           388932 kB
Mem:          3.8G       3.7G       123M       5.8M        28M       3.2G

MemTotal:        4016004 kB
MemFree:          124540 kB
Active:           388976 kB
Mem:          3.8G       3.7G       130M       5.8M        28M       3.2G

MemTotal:        4016004 kB
MemFree:          104768 kB
Active:           388980 kB
Mem:          3.8G       3.7G       124M       5.8M        28M       3.2G

MemTotal:        4016004 kB
MemFree:          107684 kB
Active:           388976 kB
Mem:          3.8G       3.7G       103M       5.8M        28M       3.2G

MemTotal:        4016004 kB
MemFree:          108112 kB
Active:           389976 kB
Mem:          3.8G       3.7G       103M       5.8M        28M       3.2G

MemTotal:        4016004 kB
MemFree:          120932 kB
Active:           389972 kB
Mem:          3.8G       3.7G       118M       5.8M        28M       3.2G

MemTotal:        4016004 kB
MemFree:          118056 kB
Active:           389976 kB
Mem:          3.8G       3.7G       113M       5.8M        28M       3.2G

MemTotal:        4016004 kB
MemFree:          128780 kB
Active:           389984 kB
Mem:          3.8G       3.7G       124M       5.8M        28M       3.2G

MemTotal:        4016004 kB
MemFree:          127460 kB
Active:           389988 kB
Mem:          3.8G       3.7G       122M       5.8M        28M       3.2G

MemTotal:        4016004 kB
MemFree:          125768 kB
Active:           389988 kB
Mem:          3.8G       3.7G       121M       5.8M        28M       3.2G

MemTotal:        4016004 kB
MemFree:          117860 kB
Active:           391512 kB
Mem:          3.8G       3.7G       114M       5.8M        28M       3.2G

MemTotal:        4016004 kB
MemFree:          133404 kB
Active:           391400 kB
Mem:          3.8G       3.7G       128M       5.8M        28M       3.2G

MemTotal:        4016004 kB
MemFree:          132316 kB
Active:           391388 kB
Mem:          3.8G       3.7G       128M       5.8M        28M       3.2G

MemTotal:        4016004 kB
MemFree:          110832 kB
Active:           391404 kB
Mem:          3.8G       3.7G       106M       5.8M        28M       3.2G

MemTotal:        4016004 kB
MemFree:          107248 kB
Active:           391288 kB
Mem:          3.8G       3.7G       103M       5.8M        28M       3.2G

MemTotal:        4016004 kB
MemFree:          116304 kB
Active:           391288 kB
Mem:          3.8G       3.7G       113M       5.8M        28M       3.2G

MemTotal:        4016004 kB
MemFree:          115528 kB
Active:           391292 kB
Mem:          3.8G       3.7G       112M       5.8M        28M       3.2G

MemTotal:        4016004 kB
MemFree:          110144 kB
Active:           391400 kB
Mem:          3.8G       3.7G       106M       5.8M        28M       3.2G

MemTotal:        4016004 kB
MemFree:          115116 kB
Active:           391316 kB
Mem:          3.8G       3.7G       110M       5.8M        28M       3.2G

MemTotal:        4016004 kB
MemFree:          124384 kB
Active:           389448 kB
Mem:          3.8G       3.7G       119M       5.8M        28M       3.2G

MemTotal:        4016004 kB
MemFree:          119824 kB
Active:           389476 kB
Mem:          3.8G       3.7G       116M       5.8M        28M       3.2G

MemTotal:        4016004 kB
MemFree:          115528 kB
Active:           389496 kB
Mem:          3.8G       3.7G       110M       5.8M        28M       3.2G

MemTotal:        4016004 kB
MemFree:          111216 kB
Active:           389500 kB
Mem:          3.8G       3.7G       105M       5.8M        28M       3.2G

MemTotal:        4016004 kB
MemFree:          105664 kB
Active:           389500 kB
Mem:          3.8G       3.7G       121M       5.8M        28M       3.2G

MemTotal:        4016004 kB
MemFree:          134724 kB
Active:           389500 kB
Mem:          3.8G       3.7G       129M       5.8M        28M       3.2G

MemTotal:        4016004 kB
MemFree:          128384 kB
Active:           389500 kB
Mem:          3.8G       3.7G       123M       5.8M        28M       3.2G

MemTotal:        4016004 kB
MemFree:          144088 kB
Active:           389508 kB
Mem:          3.8G       3.7G       139M       5.8M        28M       3.2G

MemTotal:        4016004 kB
MemFree:          127820 kB
Active:           389608 kB
Mem:          3.8G       3.7G       124M       5.8M        28M       3.2G

MemTotal:        4016004 kB
MemFree:          114100 kB
Active:           389596 kB
Mem:          3.8G       3.7G       109M       5.8M        28M       3.2G

MemTotal:        4016004 kB
MemFree:          133520 kB
Active:           388616 kB
Mem:          3.8G       3.7G       128M       5.8M        28M       3.2G

MemTotal:        4016004 kB
MemFree:          131212 kB
Active:           388464 kB
Mem:          3.8G       3.7G       126M       5.8M        28M       3.2G

MemTotal:        4016004 kB
MemFree:          114940 kB
Active:           388460 kB
Mem:          3.8G       3.7G       111M       5.8M        28M       3.2G

MemTotal:        4016004 kB
MemFree:          113036 kB
Active:           388460 kB
Mem:          3.8G       3.7G       108M       5.8M        28M       3.2G

MemTotal:        4016004 kB
MemFree:          107872 kB
Active:           388452 kB
Mem:          3.8G       3.7G       104M       5.8M        28M       3.2G

MemTotal:        4016004 kB
MemFree:          123400 kB
Active:           388460 kB
Mem:          3.8G       3.7G       118M       5.8M        28M       3.2G

MemTotal:        4016004 kB
MemFree:          121088 kB
Active:           388460 kB
Mem:          3.8G       3.7G       117M       5.8M        28M       3.2G

MemTotal:        4016004 kB
MemFree:          118900 kB
Active:           388464 kB
Mem:          3.8G       3.7G       114M       5.8M        28M       3.2G

MemTotal:        4016004 kB
MemFree:          119276 kB
Active:           388492 kB
Mem:          3.8G       3.7G       115M       5.8M        28M       3.2G

MemTotal:        4016004 kB
MemFree:          118484 kB
Active:           388496 kB
Mem:          3.8G       3.7G       113M       5.8M        28M       3.2G

MemTotal:        4016004 kB
MemFree:          126816 kB
Active:           388500 kB
Mem:          3.8G       3.7G       123M       5.8M        28M       3.2G

MemTotal:        4016004 kB
MemFree:          127724 kB
Active:           388512 kB
Mem:          3.8G       3.7G       123M       5.8M        28M       3.2G

MemTotal:        4016004 kB
MemFree:          134716 kB
Active:           388516 kB
Mem:          3.8G       3.7G       130M       5.8M        28M       3.2G

MemTotal:        4016004 kB
MemFree:          128008 kB
Active:           385644 kB
Mem:          3.8G       3.7G       125M       5.8M        28M       3.2G

MemTotal:        4016004 kB
MemFree:          133636 kB
Active:           385644 kB
Mem:          3.8G       3.7G       129M       5.8M        28M       3.2G

MemTotal:        4016004 kB
MemFree:          128952 kB
Active:           385652 kB
Mem:          3.8G       3.7G       124M       5.8M        28M       3.2G

MemTotal:        4016004 kB
MemFree:          119944 kB
Active:           385660 kB
Mem:          3.8G       3.7G       115M       5.8M        28M       3.2G

MemTotal:        4016004 kB
MemFree:          116004 kB
Active:           385672 kB
Mem:          3.8G       3.7G       112M       5.8M        28M       3.2G

MemTotal:        4016004 kB
MemFree:          130540 kB
Active:           385664 kB
Mem:          3.8G       3.7G       125M       5.8M        28M       3.2G

MemTotal:        4016004 kB
MemFree:          126120 kB
Active:           385668 kB
Mem:          3.8G       3.7G       121M       5.8M        28M       3.2G

MemTotal:        4016004 kB
MemFree:          123312 kB
Active:           385668 kB
Mem:          3.8G       3.7G       118M       5.8M        28M       3.2G

MemTotal:        4016004 kB
MemFree:          119064 kB
Active:           385672 kB
Mem:          3.8G       3.7G       115M       5.8M        28M       3.2G

MemTotal:        4016004 kB
MemFree:          109888 kB
Active:           385692 kB
Mem:          3.8G       3.7G       107M       5.8M        28M       3.2G

MemTotal:        4016004 kB
MemFree:          133016 kB
Active:           385676 kB
Mem:          3.8G       3.7G       129M       5.8M        28M       3.2G

MemTotal:        4016004 kB
MemFree:          132400 kB
Active:           385672 kB
Mem:          3.8G       3.7G       129M       5.8M        28M       3.2G

MemTotal:        4016004 kB
MemFree:          129260 kB
Active:           385676 kB
Mem:          3.8G       3.7G       124M       5.8M        28M       3.2G

MemTotal:        4016004 kB
MemFree:          122376 kB
Active:           385680 kB
Mem:          3.8G       3.7G       117M       5.8M        28M       3.2G

MemTotal:        4016004 kB
MemFree:          119444 kB
Active:           385724 kB
Mem:          3.8G       3.7G       114M       5.8M        28M       3.2G

MemTotal:        4016004 kB
MemFree:          116204 kB
Active:           385280 kB
Mem:          3.8G       3.7G       111M       5.8M        28M       3.2G

MemTotal:        4016004 kB
MemFree:          135684 kB
Active:           385296 kB
Mem:          3.8G       3.7G       130M       5.8M        28M       3.2G

MemTotal:        4016004 kB
MemFree:          128724 kB
Active:           385288 kB
Mem:          3.8G       3.7G       123M       5.8M        28M       3.2G

MemTotal:        4016004 kB
MemFree:          125324 kB
Active:           385296 kB
Mem:          3.8G       3.7G       120M       5.8M        28M       3.2G

MemTotal:        4016004 kB
MemFree:          132932 kB
Active:           385284 kB
Mem:          3.8G       3.7G       128M       5.8M        28M       3.2G

MemTotal:        4016004 kB
MemFree:          144492 kB
Active:           385352 kB
Mem:          3.8G       3.7G       140M       5.8M        28M       3.2G

MemTotal:        4016004 kB
MemFree:          110140 kB
Active:           385348 kB
Mem:          3.8G       3.7G       125M       5.8M        28M       3.2G

MemTotal:        4016004 kB
MemFree:          125572 kB
Active:           385360 kB
Mem:          3.8G       3.7G       125M       5.8M        28M       3.2G

MemTotal:        4016004 kB
MemFree:          127944 kB
Active:           385364 kB
Mem:          3.8G       3.7G       123M       5.8M        28M       3.2G

MemTotal:        4016004 kB
MemFree:          134716 kB
Active:           385372 kB
Mem:          3.8G       3.7G       131M       5.8M        28M       3.2G

MemTotal:        4016004 kB
MemFree:          109664 kB
Active:           385372 kB
Mem:          3.8G       3.7G       107M       5.8M        28M       3.2G

MemTotal:        4016004 kB
MemFree:          105668 kB
Active:           385392 kB
Mem:          3.8G       3.7G       102M       5.8M        28M       3.2G

MemTotal:        4016004 kB
MemFree:          110812 kB
Active:           385392 kB
Mem:          3.8G       3.7G       106M       5.8M        28M       3.2G

MemTotal:        4016004 kB
MemFree:          107328 kB
Active:           385400 kB
Mem:          3.8G       3.7G       103M       5.8M        28M       3.2G

MemTotal:        4016004 kB
MemFree:          118232 kB
Active:           382372 kB
Mem:          3.8G       3.7G       113M       5.8M        28M       3.2G

MemTotal:        4016004 kB
MemFree:          113300 kB
Active:           382376 kB
Mem:          3.8G       3.7G       109M       5.8M        28M       3.2G

MemTotal:        4016004 kB
MemFree:          109360 kB
Active:           382384 kB
Mem:          3.8G       3.7G       105M       5.8M        28M       3.2G

MemTotal:        4016004 kB
MemFree:          122424 kB
Active:           382388 kB
Mem:          3.8G       3.7G       118M       5.8M        28M       3.2G

MemTotal:        4016004 kB
MemFree:          117864 kB
Active:           382388 kB
Mem:          3.8G       3.7G       113M       5.8M        28M       3.2G

MemTotal:        4016004 kB
MemFree:          113676 kB
Active:           382388 kB
Mem:          3.8G       3.7G       110M       5.8M        28M       3.2G

MemTotal:        4016004 kB
MemFree:          110464 kB
Active:           382392 kB
Mem:          3.8G       3.7G       107M       5.8M        28M       3.2G

MemTotal:        4016004 kB
MemFree:          106368 kB
Active:           382400 kB
Mem:          3.8G       3.7G       102M       5.8M        28M       3.2G

MemTotal:        4016004 kB
MemFree:          126284 kB
Active:           382400 kB
Mem:          3.8G       3.7G       121M       5.8M        28M       3.2G

MemTotal:        4016004 kB
MemFree:          123364 kB
Active:           382400 kB
Mem:          3.8G       3.7G       120M       5.8M        28M       3.2G

MemTotal:        4016004 kB
MemFree:          135428 kB
Active:           382396 kB
Mem:          3.8G       3.7G       130M       5.8M        28M       3.2G

MemTotal:        4016004 kB
MemFree:          131584 kB
Active:           382412 kB
Mem:          3.8G       3.7G       127M       5.8M        28M       3.2G

MemTotal:        4016004 kB
MemFree:          127964 kB
Active:           382412 kB
Mem:          3.8G       3.7G       125M       5.8M        28M       3.2G

MemTotal:        4016004 kB
MemFree:          137464 kB
Active:           382380 kB
Mem:          3.8G       3.7G       132M       5.8M        28M       3.2G

MemTotal:        4016004 kB
MemFree:          133152 kB
Active:           382396 kB
Mem:          3.8G       3.7G       129M       5.8M        28M       3.2G

MemTotal:        4016004 kB
MemFree:          131788 kB
Active:           379708 kB
Mem:          3.8G       3.7G       126M       5.8M        28M       3.2G

MemTotal:        4016004 kB
MemFree:          145612 kB
Active:           379708 kB
Mem:          3.8G       3.7G       141M       5.8M        28M       3.2G

MemTotal:        4016004 kB
MemFree:          104828 kB
Active:           379716 kB
Mem:          3.8G       3.7G       124M       5.8M        28M       3.2G

MemTotal:        4016004 kB
MemFree:          127624 kB
Active:           380996 kB
Mem:          3.8G       3.7G       123M       5.8M        28M       3.2G

MemTotal:        4016004 kB
MemFree:          131060 kB
Active:           380996 kB
Mem:          3.8G       3.7G       127M       5.8M        28M       3.2G

MemTotal:        4016004 kB
MemFree:          131920 kB
Active:           380880 kB
Mem:          3.8G       3.7G       127M       5.8M        28M       3.2G

MemTotal:        4016004 kB
MemFree:          104868 kB
Active:           380880 kB
Mem:          3.8G       3.7G       102M       5.8M        28M       3.2G

MemTotal:        4016004 kB
MemFree:          104776 kB
Active:           380876 kB
Mem:          3.8G       3.7G       102M       5.8M        28M       3.2G

MemTotal:        4016004 kB
MemFree:          129332 kB
Active:           380848 kB
Mem:          3.8G       3.7G       126M       5.8M        28M       3.2G

MemTotal:        4016004 kB
MemFree:          127060 kB
Active:           380864 kB
Mem:          3.8G       3.7G       122M       5.8M        28M       3.2G

MemTotal:        4016004 kB
MemFree:          125152 kB
Active:           380900 kB
Mem:          3.8G       3.7G       120M       5.8M        28M       3.2G

MemTotal:        4016004 kB
MemFree:          116516 kB
Active:           380900 kB
Mem:          3.8G       3.7G       112M       5.8M        28M       3.2G

MemTotal:        4016004 kB
MemFree:          115692 kB
Active:           380900 kB
Mem:          3.8G       3.7G       112M       5.8M        28M       3.2G

MemTotal:        4016004 kB
MemFree:          136072 kB
Active:           380908 kB
Mem:          3.8G       3.7G       130M       5.8M        28M       3.2G

MemTotal:        4016004 kB
MemFree:          134768 kB
Active:           380912 kB
Mem:          3.8G       3.7G       130M       5.8M        28M       3.2G

MemTotal:        4016004 kB
MemFree:          133680 kB
Active:           380912 kB
Mem:          3.8G       3.7G       129M       5.8M        28M       3.2G

MemTotal:        4016004 kB
MemFree:          132732 kB
Active:           380912 kB
Mem:          3.8G       3.7G       128M       5.8M        28M       3.2G

MemTotal:        4016004 kB
MemFree:          130512 kB
Active:           380912 kB
Mem:          3.8G       3.7G       125M       5.8M        28M       3.2G

MemTotal:        4016004 kB
MemFree:          128324 kB
Active:           380920 kB
Mem:          3.8G       3.7G       124M       5.8M        28M       3.2G

MemTotal:        4016004 kB
MemFree:          128368 kB
Active:           380924 kB
Mem:          3.8G       3.7G       123M       5.8M        28M       3.2G

MemTotal:        4016004 kB
MemFree:          128540 kB
Active:           378168 kB
Mem:          3.8G       3.7G       125M       5.8M        28M       3.2G

MemTotal:        4016004 kB
MemFree:          105000 kB
Active:           378180 kB
Mem:          3.8G       3.7G       122M       5.8M        28M       3.2G

MemTotal:        4016004 kB
MemFree:          127232 kB
Active:           378052 kB
Mem:          3.8G       3.7G       124M       5.8M        28M       3.2G

MemTotal:        4016004 kB
MemFree:          127540 kB
Active:           378048 kB
Mem:          3.8G       3.7G       124M       5.8M        28M       3.2G

MemTotal:        4016004 kB
MemFree:          105088 kB
Active:           378028 kB
Mem:          3.8G       3.7G       123M       5.8M        28M       3.2G

MemTotal:        4016004 kB
MemFree:          129356 kB
Active:           378068 kB
Mem:          3.8G       3.7G       124M       5.8M        28M       3.2G

MemTotal:        4016004 kB
MemFree:          105532 kB
Active:           378068 kB
Mem:          3.8G       3.7G       124M       5.8M        28M       3.2G

MemTotal:        4016004 kB
MemFree:          125524 kB
Active:           378068 kB
Mem:          3.8G       3.7G       121M       5.8M        28M       3.2G

MemTotal:        4016004 kB
MemFree:          113772 kB
Active:           378048 kB
Mem:          3.8G       3.7G       109M       5.8M        28M       3.2G

MemTotal:        4016004 kB
MemFree:          108592 kB
Active:           378080 kB
Mem:          3.8G       3.7G       104M       5.8M        28M       3.2G

MemTotal:        4016004 kB
MemFree:          105284 kB
Active:           378052 kB
Mem:          3.8G       3.7G       123M       5.8M        28M       3.2G

MemTotal:        4016004 kB
MemFree:          114928 kB
Active:           378052 kB
Mem:          3.8G       3.7G       110M       5.8M        28M       3.2G

MemTotal:        4016004 kB
MemFree:          107628 kB
Active:           377776 kB
Mem:          3.8G       3.7G       105M       5.8M        28M       3.2G

MemTotal:        4016004 kB
MemFree:          107628 kB
Active:           377752 kB
Mem:          3.8G       3.7G       105M       5.8M        28M       3.2G

MemTotal:        4016004 kB
MemFree:          107504 kB
Active:           377776 kB
Mem:          3.8G       3.7G       104M       5.8M        28M       3.2G

MemTotal:        4016004 kB
MemFree:          107752 kB
Active:           377768 kB
Mem:          3.8G       3.7G       104M       5.8M        28M       3.2G

MemTotal:        4016004 kB
MemFree:          107184 kB
Active:           377764 kB
Mem:          3.8G       3.7G       104M       5.8M        28M       3.2G

MemTotal:        4016004 kB
MemFree:          107056 kB
Active:           377760 kB
Mem:          3.8G       3.7G       104M       5.8M        28M       3.2G

MemTotal:        4016004 kB
MemFree:          107148 kB
Active:           375744 kB
Mem:          3.8G       3.7G       104M       5.8M        28M       3.2G

MemTotal:        4016004 kB
MemFree:          107152 kB
Active:           375732 kB
Mem:          3.8G       3.7G       104M       5.8M        28M       3.2G

MemTotal:        4016004 kB
MemFree:          107376 kB
Active:           375756 kB
Mem:          3.8G       3.7G       104M       5.8M        28M       3.2G

MemTotal:        4016004 kB
MemFree:          107128 kB
Active:           375780 kB
Mem:          3.8G       3.7G       104M       5.8M        28M       3.2G

MemTotal:        4016004 kB
MemFree:          107500 kB
Active:           375772 kB
Mem:          3.8G       3.7G       104M       5.8M        28M       3.2G

MemTotal:        4016004 kB
MemFree:          107376 kB
Active:           375776 kB
Mem:          3.8G       3.7G       104M       5.8M        28M       3.2G

MemTotal:        4016004 kB
MemFree:          107500 kB
Active:           375784 kB
Mem:          3.8G       3.7G       104M       5.8M        28M       3.2G

MemTotal:        4016004 kB
MemFree:          107128 kB
Active:           375788 kB
Mem:          3.8G       3.7G       104M       5.8M        28M       3.2G

MemTotal:        4016004 kB
MemFree:          107376 kB
Active:           375776 kB
Mem:          3.8G       3.7G       104M       5.8M        28M       3.2G

MemTotal:        4016004 kB
MemFree:          107376 kB
Active:           375776 kB
Mem:          3.8G       3.7G       104M       5.8M        28M       3.2G

MemTotal:        4016004 kB
MemFree:          107128 kB
Active:           375788 kB
Mem:          3.8G       3.7G       104M       5.8M        28M       3.2G

MemTotal:        4016004 kB
MemFree:          107500 kB
Active:           375752 kB
Mem:          3.8G       3.7G       104M       5.8M        28M       3.2G

MemTotal:        4016004 kB
MemFree:          107376 kB
Active:           375760 kB
Mem:          3.8G       3.7G       104M       5.8M        28M       3.2G

MemTotal:        4016004 kB
MemFree:          107376 kB
Active:           375776 kB
Mem:          3.8G       3.7G       104M       5.8M        28M       3.2G

MemTotal:        4016004 kB
MemFree:          107376 kB
Active:           375748 kB
Mem:          3.8G       3.7G       104M       5.8M        28M       3.2G

MemTotal:        4016004 kB
MemFree:          107500 kB
Active:           375764 kB
Mem:          3.8G       3.7G       104M       5.8M        28M       3.2G

MemTotal:        4016004 kB
MemFree:          107376 kB
Active:           375764 kB
Mem:          3.8G       3.7G       104M       5.8M        28M       3.2G

MemTotal:        4016004 kB
MemFree:          107376 kB
Active:           375764 kB
Mem:          3.8G       3.7G       104M       5.8M        28M       3.2G

MemTotal:        4016004 kB
MemFree:          107376 kB
Active:           375800 kB
Mem:          3.8G       3.7G       104M       5.8M        28M       3.2G

MemTotal:        4016004 kB
MemFree:          107376 kB
Active:           375752 kB
Mem:          3.8G       3.7G       104M       5.8M        28M       3.2G

MemTotal:        4016004 kB
MemFree:          105204 kB
Active:           375800 kB
Mem:          3.8G       3.7G       102M       5.8M        28M       3.2G

MemTotal:        4016004 kB
MemFree:          105452 kB
Active:           375768 kB
Mem:          3.8G       3.7G       102M       5.8M        28M       3.2G

MemTotal:        4016004 kB
MemFree:          105452 kB
Active:           375800 kB
Mem:          3.8G       3.7G       102M       5.8M        28M       3.2G

MemTotal:        4016004 kB
MemFree:          105328 kB
Active:           375776 kB
Mem:          3.8G       3.7G       102M       5.8M        28M       3.2G

MemTotal:        4016004 kB
MemFree:          105328 kB
Active:           375772 kB
Mem:          3.8G       3.7G       102M       5.8M        28M       3.2G

MemTotal:        4016004 kB
MemFree:          105328 kB
Active:           375776 kB
Mem:          3.8G       3.7G       102M       5.8M        28M       3.2G

MemTotal:        4016004 kB
MemFree:          105328 kB
Active:           375776 kB
Mem:          3.8G       3.7G       102M       5.8M        28M       3.2G

MemTotal:        4016004 kB
MemFree:          105204 kB
Active:           375808 kB
Mem:          3.8G       3.7G       102M       5.8M        28M       3.2G

MemTotal:        4016004 kB
MemFree:          105328 kB
Active:           375776 kB
Mem:          3.8G       3.7G       102M       5.8M        28M       3.2G

MemTotal:        4016004 kB
MemFree:          105452 kB
Active:           375784 kB
Mem:          3.8G       3.7G       102M       5.8M        28M       3.2G

MemTotal:        4016004 kB
MemFree:          105452 kB
Active:           375792 kB
Mem:          3.8G       3.7G       102M       5.8M        28M       3.2G

MemTotal:        4016004 kB
MemFree:          105328 kB
Active:           375816 kB
Mem:          3.8G       3.7G       102M       5.8M        28M       3.2G

MemTotal:        4016004 kB
MemFree:          105328 kB
Active:           375796 kB
Mem:          3.8G       3.7G       102M       5.8M        28M       3.2G

MemTotal:        4016004 kB
MemFree:          105452 kB
Active:           375792 kB
Mem:          3.8G       3.7G       102M       5.8M        28M       3.2G

MemTotal:        4016004 kB
MemFree:          105328 kB
Active:           375792 kB
Mem:          3.8G       3.7G       102M       5.8M        28M       3.2G

MemTotal:        4016004 kB
MemFree:          105328 kB
Active:           375820 kB
Mem:          3.8G       3.7G       102M       5.8M        28M       3.2G

MemTotal:        4016004 kB
MemFree:          105328 kB
Active:           375784 kB
Mem:          3.8G       3.7G       102M       5.8M        28M       3.2G

MemTotal:        4016004 kB
MemFree:          105328 kB
Active:           375804 kB
Mem:          3.8G       3.7G       102M       5.8M        28M       3.2G

MemTotal:        4016004 kB
MemFree:          104956 kB
Active:           375836 kB
Mem:          3.8G       3.7G       102M       5.8M        28M       3.2G

MemTotal:        4016004 kB
MemFree:          105452 kB
Active:           375816 kB
Mem:          3.8G       3.7G       102M       5.8M        28M       3.2G

MemTotal:        4016004 kB
MemFree:          105328 kB
Active:           375820 kB
Mem:          3.8G       3.7G       102M       5.8M        28M       3.2G

MemTotal:        4016004 kB
MemFree:          105204 kB
Active:           375808 kB
Mem:          3.8G       3.7G       102M       5.8M        28M       3.2G

MemTotal:        4016004 kB
MemFree:          105328 kB
Active:           375804 kB
Mem:          3.8G       3.7G       102M       5.8M        28M       3.2G

MemTotal:        4016004 kB
MemFree:          105328 kB
Active:           375844 kB
Mem:          3.8G       3.7G       102M       5.8M        28M       3.2G

MemTotal:        4016004 kB
MemFree:          105204 kB
Active:           375812 kB
Mem:          3.8G       3.7G       102M       5.8M        28M       3.2G

MemTotal:        4016004 kB
MemFree:          105328 kB
Active:           375816 kB
Mem:          3.8G       3.7G       102M       5.8M        28M       3.2G

MemTotal:        4016004 kB
MemFree:          128764 kB
Active:           375852 kB
Mem:          3.8G       3.7G       125M       5.8M        28M       3.2G

MemTotal:        4016004 kB
MemFree:          129260 kB
Active:           375828 kB
Mem:          3.8G       3.7G       125M       5.8M        28M       3.2G

MemTotal:        4016004 kB
MemFree:          129260 kB
Active:           375820 kB
Mem:          3.8G       3.7G       125M       5.8M        28M       3.2G

MemTotal:        4016004 kB
MemFree:          129012 kB
Active:           375840 kB
Mem:          3.8G       3.7G       125M       5.8M        28M       3.2G

MemTotal:        4016004 kB
MemFree:          129384 kB
Active:           375840 kB
Mem:          3.8G       3.7G       126M       5.8M        28M       3.2G

MemTotal:        4016004 kB
MemFree:          129384 kB
Active:           375832 kB
Mem:          3.8G       3.7G       126M       5.8M        28M       3.2G

MemTotal:        4016004 kB
MemFree:          129384 kB
Active:           375844 kB
Mem:          3.8G       3.7G       126M       5.8M        28M       3.2G

MemTotal:        4016004 kB
MemFree:          129508 kB
Active:           375824 kB
Mem:          3.8G       3.7G       126M       5.8M        28M       3.2G

MemTotal:        4016004 kB
MemFree:          129508 kB
Active:           375852 kB
Mem:          3.8G       3.7G       126M       5.8M        28M       3.2G

MemTotal:        4016004 kB
MemFree:          129508 kB
Active:           375860 kB
Mem:          3.8G       3.7G       126M       5.8M        28M       3.2G

MemTotal:        4016004 kB
MemFree:          129508 kB
Active:           375868 kB
Mem:          3.8G       3.7G       126M       5.8M        28M       3.2G

MemTotal:        4016004 kB
MemFree:          129508 kB
Active:           375840 kB
Mem:          3.8G       3.7G       125M       5.8M        28M       3.2G

MemTotal:        4016004 kB
MemFree:          129632 kB
Active:           375852 kB
Mem:          3.8G       3.7G       126M       5.8M        28M       3.2G

MemTotal:        4016004 kB
MemFree:          129508 kB
Active:           375844 kB
Mem:          3.8G       3.7G       126M       5.8M        28M       3.2G

MemTotal:        4016004 kB
MemFree:          129508 kB
Active:           375844 kB
Mem:          3.8G       3.7G       126M       5.8M        28M       3.2G

MemTotal:        4016004 kB
MemFree:          129508 kB
Active:           375844 kB
Mem:          3.8G       3.7G       126M       5.8M        28M       3.2G

MemTotal:        4016004 kB
MemFree:          129508 kB
Active:           375844 kB
Mem:          3.8G       3.7G       126M       5.8M        28M       3.2G

MemTotal:        4016004 kB
MemFree:          129136 kB
Active:           380000 kB
Mem:          3.8G       3.7G       126M       5.8M        28M       3.2G

MemTotal:        4016004 kB
MemFree:          129260 kB
Active:           379968 kB
Mem:          3.8G       3.7G       126M       5.8M        28M       3.2G

MemTotal:        4016004 kB
MemFree:          129260 kB
Active:           379976 kB
Mem:          3.8G       3.7G       126M       5.8M        28M       3.2G

MemTotal:        4016004 kB
MemFree:          129244 kB
Active:           380064 kB
Mem:          3.8G       3.7G       126M       5.8M        28M       3.2G

MemTotal:        4016004 kB
MemFree:          129492 kB
Active:           380040 kB
Mem:          3.8G       3.7G       126M       5.8M        28M       3.2G

MemTotal:        4016004 kB
MemFree:          129244 kB
Active:           380064 kB
Mem:          3.8G       3.7G       125M       5.8M        28M       3.2G

MemTotal:        4016004 kB
MemFree:          129244 kB
Active:           380044 kB
Mem:          3.8G       3.7G       126M       5.8M        28M       3.2G

MemTotal:        4016004 kB
MemFree:          129120 kB
Active:           380028 kB
Mem:          3.8G       3.7G       125M       5.8M        28M       3.2G

MemTotal:        4016004 kB
MemFree:          129244 kB
Active:           380056 kB
Mem:          3.8G       3.7G       125M       5.8M        28M       3.2G

MemTotal:        4016004 kB
MemFree:          129244 kB
Active:           380056 kB
Mem:          3.8G       3.7G       125M       5.8M        28M       3.2G

MemTotal:        4016004 kB
MemFree:          129244 kB
Active:           380044 kB
Mem:          3.8G       3.7G       125M       5.8M        28M       3.2G

MemTotal:        4016004 kB
MemFree:          128872 kB
Active:           380076 kB
Mem:          3.8G       3.7G       125M       5.8M        28M       3.2G

MemTotal:        4016004 kB
MemFree:          128500 kB
Active:           380076 kB
Mem:          3.8G       3.7G       125M       5.8M        28M       3.2G

MemTotal:        4016004 kB
MemFree:          128624 kB
Active:           380076 kB
Mem:          3.8G       3.7G       125M       5.8M        28M       3.2G

MemTotal:        4016004 kB
MemFree:          129120 kB
Active:           380064 kB
Mem:          3.8G       3.7G       126M       5.8M        28M       3.2G

MemTotal:        4016004 kB
MemFree:          129492 kB
Active:           380048 kB
Mem:          3.8G       3.7G       126M       5.8M        28M       3.2G

MemTotal:        4016004 kB
MemFree:          129492 kB
Active:           380064 kB
Mem:          3.8G       3.7G       126M       5.8M        28M       3.2G

MemTotal:        4016004 kB
MemFree:          129492 kB
Active:           380064 kB
Mem:          3.8G       3.7G       126M       5.8M        28M       3.2G

MemTotal:        4016004 kB
MemFree:          129368 kB
Active:           380052 kB
Mem:          3.8G       3.7G       126M       5.8M        28M       3.2G

MemTotal:        4016004 kB
MemFree:          129508 kB
Active:           380048 kB
Mem:          3.8G       3.7G       126M       5.8M        28M       3.2G

MemTotal:        4016004 kB
MemFree:          129508 kB
Active:           380056 kB
Mem:          3.8G       3.7G       126M       5.8M        28M       3.2G

MemTotal:        4016004 kB
MemFree:          129384 kB
Active:           380040 kB
Mem:          3.8G       3.7G       126M       5.8M        28M       3.2G

MemTotal:        4016004 kB
MemFree:          129260 kB
Active:           380036 kB
Mem:          3.8G       3.7G       126M       5.8M        28M       3.2G

MemTotal:        4016004 kB
MemFree:          129136 kB
Active:           380040 kB
Mem:          3.8G       3.7G       126M       5.8M        28M       3.2G

MemTotal:        4016004 kB
MemFree:          129012 kB
Active:           380064 kB
Mem:          3.8G       3.7G       125M       5.8M        28M       3.2G

MemTotal:        4016004 kB
MemFree:          129136 kB
Active:           380060 kB
Mem:          3.8G       3.7G       126M       5.8M        28M       3.2G

MemTotal:        4016004 kB
MemFree:          129136 kB
Active:           380068 kB
Mem:          3.8G       3.7G       126M       5.8M        28M       3.2G

MemTotal:        4016004 kB
MemFree:          129136 kB
Active:           380064 kB
Mem:          3.8G       3.7G       126M       5.8M        28M       3.2G

MemTotal:        4016004 kB
MemFree:          129136 kB
Active:           380060 kB
Mem:          3.8G       3.7G       126M       5.8M        28M       3.2G

MemTotal:        4016004 kB
MemFree:          129384 kB
Active:           380072 kB
Mem:          3.8G       3.7G       126M       5.8M        28M       3.2G

MemTotal:        4016004 kB
MemFree:          129136 kB
Active:           380052 kB
Mem:          3.8G       3.7G       126M       5.8M        28M       3.2G

MemTotal:        4016004 kB
MemFree:          129260 kB
Active:           380088 kB
Mem:          3.8G       3.7G       126M       5.8M        28M       3.2G

MemTotal:        4016004 kB
MemFree:          129136 kB
Active:           380104 kB
Mem:          3.8G       3.7G       126M       5.8M        28M       3.2G

MemTotal:        4016004 kB
MemFree:          129508 kB
Active:           380088 kB
Mem:          3.8G       3.7G       126M       5.8M        28M       3.2G

MemTotal:        4016004 kB
MemFree:          129508 kB
Active:           380088 kB
Mem:          3.8G       3.7G       126M       5.8M        28M       3.2G

MemTotal:        4016004 kB
MemFree:          129508 kB
Active:           380084 kB
Mem:          3.8G       3.7G       126M       5.8M        28M       3.2G

MemTotal:        4016004 kB
MemFree:          129508 kB
Active:           380096 kB
Mem:          3.8G       3.7G       126M       5.8M        28M       3.2G

MemTotal:        4016004 kB
MemFree:          129384 kB
Active:           380120 kB
Mem:          3.8G       3.7G       126M       5.8M        28M       3.2G

MemTotal:        4016004 kB
MemFree:          129384 kB
Active:           380092 kB
Mem:          3.8G       3.7G       126M       5.8M        28M       3.2G

MemTotal:        4016004 kB
MemFree:          129384 kB
Active:           380092 kB
Mem:          3.8G       3.7G       126M       5.8M        28M       3.2G

MemTotal:        4016004 kB
MemFree:          128600 kB
Active:           380384 kB
Mem:          3.8G       3.7G       125M       5.8M        28M       3.2G

MemTotal:        4016004 kB
MemFree:          128516 kB
Active:           380224 kB
Mem:          3.8G       3.7G       125M       5.8M        28M       3.2G

MemTotal:        4016004 kB
MemFree:          128516 kB
Active:           380232 kB
Mem:          3.8G       3.7G       125M       5.8M        28M       3.2G

MemTotal:        4016004 kB
MemFree:          128516 kB
Active:           380240 kB
Mem:          3.8G       3.7G       125M       5.8M        28M       3.2G

MemTotal:        4016004 kB
MemFree:          129136 kB
Active:           380244 kB
Mem:          3.8G       3.7G       126M       5.8M        28M       3.2G

MemTotal:        4016004 kB
MemFree:          129012 kB
Active:           380244 kB
Mem:          3.8G       3.7G       125M       5.8M        28M       3.2G

MemTotal:        4016004 kB
MemFree:          129136 kB
Active:           380244 kB
Mem:          3.8G       3.7G       126M       5.8M        28M       3.2G

MemTotal:        4016004 kB
MemFree:          129012 kB
Active:           380244 kB
Mem:          3.8G       3.7G       126M       5.8M        28M       3.2G

MemTotal:        4016004 kB
MemFree:          129136 kB
Active:           380244 kB
Mem:          3.8G       3.7G       126M       5.8M        28M       3.2G

MemTotal:        4016004 kB
MemFree:          129136 kB
Active:           380248 kB
Mem:          3.8G       3.7G       126M       5.8M        28M       3.2G

MemTotal:        4016004 kB
MemFree:          129136 kB
Active:           380248 kB
Mem:          3.8G       3.7G       126M       5.8M        28M       3.2G

MemTotal:        4016004 kB
MemFree:          129136 kB
Active:           380252 kB
Mem:          3.8G       3.7G       126M       5.8M        28M       3.2G

MemTotal:        4016004 kB
MemFree:          129012 kB
Active:           380252 kB
Mem:          3.8G       3.7G       125M       5.8M        28M       3.2G

MemTotal:        4016004 kB
MemFree:          129012 kB
Active:           380252 kB
Mem:          3.8G       3.7G       125M       5.8M        28M       3.2G

MemTotal:        4016004 kB
MemFree:          128888 kB
Active:           380252 kB
Mem:          3.8G       3.7G       125M       5.8M        28M       3.2G

MemTotal:        4016004 kB
MemFree:          129012 kB
Active:           380252 kB
Mem:          3.8G       3.7G       126M       5.8M        28M       3.2G

MemTotal:        4016004 kB
MemFree:          129012 kB
Active:           380252 kB
Mem:          3.8G       3.7G       126M       5.8M        28M       3.2G

MemTotal:        4016004 kB
MemFree:          126964 kB
Active:           380236 kB
Mem:          3.8G       3.7G       123M       5.8M        28M       3.2G

MemTotal:        4016004 kB
MemFree:          126964 kB
Active:           380236 kB
Mem:          3.8G       3.7G       123M       5.8M        28M       3.2G

MemTotal:        4016004 kB
MemFree:          126964 kB
Active:           380236 kB
Mem:          3.8G       3.7G       123M       5.8M        28M       3.2G

MemTotal:        4016004 kB
MemFree:          126964 kB
Active:           380236 kB
Mem:          3.8G       3.7G       123M       5.8M        28M       3.2G

MemTotal:        4016004 kB
MemFree:          126964 kB
Active:           380236 kB
Mem:          3.8G       3.7G       123M       5.8M        28M       3.2G

MemTotal:        4016004 kB
MemFree:          126840 kB
Active:           380236 kB
Mem:          3.8G       3.7G       123M       5.8M        28M       3.2G

MemTotal:        4016004 kB
MemFree:          126840 kB
Active:           380240 kB
Mem:          3.8G       3.7G       123M       5.8M        28M       3.2G

MemTotal:        4016004 kB
MemFree:          126964 kB
Active:           380240 kB
Mem:          3.8G       3.7G       123M       5.8M        28M       3.2G

MemTotal:        4016004 kB
MemFree:          126964 kB
Active:           380248 kB
Mem:          3.8G       3.7G       123M       5.8M        28M       3.2G

MemTotal:        4016004 kB
MemFree:          126964 kB
Active:           380248 kB
Mem:          3.8G       3.7G       123M       5.8M        28M       3.2G

MemTotal:        4016004 kB
MemFree:          126964 kB
Active:           380248 kB
Mem:          3.8G       3.7G       123M       5.8M        28M       3.2G

MemTotal:        4016004 kB
MemFree:          126964 kB
Active:           380248 kB
Mem:          3.8G       3.7G       123M       5.8M        28M       3.2G

MemTotal:        4016004 kB
MemFree:          126964 kB
Active:           380248 kB
Mem:          3.8G       3.7G       123M       5.8M        28M       3.2G

MemTotal:        4016004 kB
MemFree:          126840 kB
Active:           380248 kB
Mem:          3.8G       3.7G       123M       5.8M        28M       3.2G

MemTotal:        4016004 kB
MemFree:          126840 kB
Active:           380256 kB
Mem:          3.8G       3.7G       123M       5.8M        28M       3.2G

MemTotal:        4016004 kB
MemFree:          126840 kB
Active:           380264 kB
Mem:          3.8G       3.7G       123M       5.8M        28M       3.2G

MemTotal:        4016004 kB
MemFree:          126840 kB
Active:           380264 kB
Mem:          3.8G       3.7G       123M       5.8M        28M       3.2G

MemTotal:        4016004 kB
MemFree:          126964 kB
Active:           380264 kB
Mem:          3.8G       3.7G       123M       5.8M        28M       3.2G

MemTotal:        4016004 kB
MemFree:          126964 kB
Active:           380264 kB
Mem:          3.8G       3.7G       123M       5.8M        28M       3.2G

MemTotal:        4016004 kB
MemFree:          126964 kB
Active:           380268 kB
Mem:          3.8G       3.7G       123M       5.8M        28M       3.2G

MemTotal:        4016004 kB
MemFree:          126840 kB
Active:           380276 kB
Mem:          3.8G       3.7G       123M       5.8M        28M       3.2G

MemTotal:        4016004 kB
MemFree:          126964 kB
Active:           380276 kB
Mem:          3.8G       3.7G       123M       5.8M        28M       3.2G

MemTotal:        4016004 kB
MemFree:          127088 kB
Active:           380276 kB
Mem:          3.8G       3.7G       124M       5.8M        28M       3.2G

MemTotal:        4016004 kB
MemFree:          126964 kB
Active:           380284 kB
Mem:          3.8G       3.7G       123M       5.8M        28M       3.2G

MemTotal:        4016004 kB
MemFree:          126716 kB
Active:           380284 kB
Mem:          3.8G       3.7G       123M       5.8M        28M       3.2G

MemTotal:        4016004 kB
MemFree:          126716 kB
Active:           380288 kB
Mem:          3.8G       3.7G       123M       5.8M        28M       3.2G

MemTotal:        4016004 kB
MemFree:          126716 kB
Active:           380288 kB
Mem:          3.8G       3.7G       123M       5.8M        28M       3.2G

MemTotal:        4016004 kB
MemFree:          126608 kB
Active:           380288 kB
Mem:          3.8G       3.7G       123M       5.8M        28M       3.2G

MemTotal:        4016004 kB
MemFree:          126608 kB
Active:           380296 kB
Mem:          3.8G       3.7G       123M       5.8M        28M       3.2G

MemTotal:        4016004 kB
MemFree:          126608 kB
Active:           380296 kB
Mem:          3.8G       3.7G       123M       5.8M        28M       3.2G

MemTotal:        4016004 kB
MemFree:          126732 kB
Active:           380296 kB
Mem:          3.8G       3.7G       123M       5.8M        28M       3.2G

MemTotal:        4016004 kB
MemFree:          126608 kB
Active:           380296 kB
Mem:          3.8G       3.7G       123M       5.8M        28M       3.2G

MemTotal:        4016004 kB
MemFree:          126608 kB
Active:           380296 kB
Mem:          3.8G       3.7G       123M       5.8M        28M       3.2G

MemTotal:        4016004 kB
MemFree:          126732 kB
Active:           380300 kB
Mem:          3.8G       3.7G       123M       5.8M        28M       3.2G

MemTotal:        4016004 kB
MemFree:          126608 kB
Active:           380300 kB
Mem:          3.8G       3.7G       123M       5.8M        28M       3.2G

MemTotal:        4016004 kB
MemFree:          126608 kB
Active:           380300 kB
Mem:          3.8G       3.7G       123M       5.8M        28M       3.2G

MemTotal:        4016004 kB
MemFree:          126608 kB
Active:           380308 kB
Mem:          3.8G       3.7G       123M       5.8M        28M       3.2G

MemTotal:        4016004 kB
MemFree:          126608 kB
Active:           380312 kB
Mem:          3.8G       3.7G       123M       5.8M        28M       3.2G

MemTotal:        4016004 kB
MemFree:          126732 kB
Active:           380312 kB
Mem:          3.8G       3.7G       123M       5.8M        28M       3.2G

MemTotal:        4016004 kB
MemFree:          126608 kB
Active:           380300 kB
Mem:          3.8G       3.7G       123M       5.8M        28M       3.2G

MemTotal:        4016004 kB
MemFree:          126356 kB
Active:           380880 kB
Mem:          3.8G       3.7G       123M       5.8M        28M       3.2G

MemTotal:        4016004 kB
MemFree:          126356 kB
Active:           380880 kB
Mem:          3.8G       3.7G       123M       5.8M        28M       3.2G

MemTotal:        4016004 kB
MemFree:          126604 kB
Active:           380892 kB
Mem:          3.8G       3.7G       123M       5.8M        28M       3.2G

MemTotal:        4016004 kB
MemFree:          126356 kB
Active:           380892 kB
Mem:          3.8G       3.7G       123M       5.8M        28M       3.2G

MemTotal:        4016004 kB
MemFree:          126356 kB
Active:           380896 kB
Mem:          3.8G       3.7G       123M       5.8M        28M       3.2G

MemTotal:        4016004 kB
MemFree:          126356 kB
Active:           380896 kB
Mem:          3.8G       3.7G       123M       5.8M        28M       3.2G

MemTotal:        4016004 kB
MemFree:          126480 kB
Active:           380896 kB
Mem:          3.8G       3.7G       123M       5.8M        28M       3.2G

MemTotal:        4016004 kB
MemFree:          126232 kB
Active:           380904 kB
Mem:          3.8G       3.7G       123M       5.8M        28M       3.2G

MemTotal:        4016004 kB
MemFree:          126356 kB
Active:           380904 kB
Mem:          3.8G       3.7G       123M       5.8M        28M       3.2G

MemTotal:        4016004 kB
MemFree:          126356 kB
Active:           380908 kB
Mem:          3.8G       3.7G       123M       5.8M        28M       3.2G

MemTotal:        4016004 kB
MemFree:          126356 kB
Active:           380908 kB
Mem:          3.8G       3.7G       123M       5.8M        28M       3.2G

MemTotal:        4016004 kB
MemFree:          126356 kB
Active:           380908 kB
Mem:          3.8G       3.7G       123M       5.8M        28M       3.2G

MemTotal:        4016004 kB
MemFree:          126356 kB
Active:           380908 kB
Mem:          3.8G       3.7G       123M       5.8M        28M       3.2G

MemTotal:        4016004 kB
MemFree:          126232 kB
Active:           380908 kB
Mem:          3.8G       3.7G       123M       5.8M        28M       3.2G

MemTotal:        4016004 kB
MemFree:          126356 kB
Active:           380908 kB
Mem:          3.8G       3.7G       123M       5.8M        28M       3.2G

MemTotal:        4016004 kB
MemFree:          126356 kB
Active:           380916 kB
Mem:          3.8G       3.7G       123M       5.8M        28M       3.2G

MemTotal:        4016004 kB
MemFree:          126232 kB
Active:           380916 kB
Mem:          3.8G       3.7G       123M       5.8M        28M       3.2G

MemTotal:        4016004 kB
MemFree:          126232 kB
Active:           380916 kB
Mem:          3.8G       3.7G       123M       5.8M        28M       3.2G

MemTotal:        4016004 kB
MemFree:          126232 kB
Active:           380916 kB
Mem:          3.8G       3.7G       123M       5.8M        28M       3.2G

MemTotal:        4016004 kB
MemFree:          126232 kB
Active:           380916 kB
Mem:          3.8G       3.7G       123M       5.8M        28M       3.2G

MemTotal:        4016004 kB
MemFree:          126416 kB
Active:           382476 kB
Mem:          3.8G       3.7G       123M       5.8M        28M       3.2G

MemTotal:        4016004 kB
MemFree:          126416 kB
Active:           382476 kB
Mem:          3.8G       3.7G       123M       5.8M        28M       3.2G

MemTotal:        4016004 kB
MemFree:          126292 kB
Active:           382476 kB
Mem:          3.8G       3.7G       123M       5.8M        28M       3.2G

MemTotal:        4016004 kB
MemFree:          126416 kB
Active:           382480 kB
Mem:          3.8G       3.7G       123M       5.8M        28M       3.2G

MemTotal:        4016004 kB
MemFree:          126416 kB
Active:           382480 kB
Mem:          3.8G       3.7G       123M       5.8M        28M       3.2G

MemTotal:        4016004 kB
MemFree:          126292 kB
Active:           382480 kB
Mem:          3.8G       3.7G       123M       5.8M        28M       3.2G

MemTotal:        4016004 kB
MemFree:          126292 kB
Active:           382480 kB
Mem:          3.8G       3.7G       123M       5.8M        28M       3.2G

MemTotal:        4016004 kB
MemFree:          126292 kB
Active:           382480 kB
Mem:          3.8G       3.7G       123M       5.8M        28M       3.2G

MemTotal:        4016004 kB
MemFree:          126292 kB
Active:           382480 kB
Mem:          3.8G       3.7G       123M       5.8M        28M       3.2G

MemTotal:        4016004 kB
MemFree:          126540 kB
Active:           382484 kB
Mem:          3.8G       3.7G       123M       5.8M        28M       3.2G

MemTotal:        4016004 kB
MemFree:          126292 kB
Active:           382492 kB
Mem:          3.8G       3.7G       123M       5.8M        28M       3.2G

MemTotal:        4016004 kB
MemFree:          126292 kB
Active:           382492 kB
Mem:          3.8G       3.7G       123M       5.8M        28M       3.2G

MemTotal:        4016004 kB
MemFree:          126044 kB
Active:           382496 kB
Mem:          3.8G       3.7G       123M       5.8M        28M       3.2G

MemTotal:        4016004 kB
MemFree:          126292 kB
Active:           382496 kB
Mem:          3.8G       3.7G       123M       5.8M        28M       3.2G

MemTotal:        4016004 kB
MemFree:          126416 kB
Active:           382496 kB
Mem:          3.8G       3.7G       123M       5.8M        28M       3.2G

MemTotal:        4016004 kB
MemFree:          126416 kB
Active:           382504 kB
Mem:          3.8G       3.7G       123M       5.8M        28M       3.2G

MemTotal:        4016004 kB
MemFree:          126416 kB
Active:           382512 kB
Mem:          3.8G       3.7G       123M       5.8M        28M       3.2G

MemTotal:        4016004 kB
MemFree:          126416 kB
Active:           382516 kB
Mem:          3.8G       3.7G       123M       5.8M        28M       3.2G

MemTotal:        4016004 kB
MemFree:          126292 kB
Active:           382516 kB
Mem:          3.8G       3.7G       123M       5.8M        28M       3.2G

MemTotal:        4016004 kB
MemFree:          126416 kB
Active:           382516 kB
Mem:          3.8G       3.7G       123M       5.8M        28M       3.2G

MemTotal:        4016004 kB
MemFree:          126540 kB
Active:           382516 kB
Mem:          3.8G       3.7G       123M       5.8M        28M       3.2G

MemTotal:        4016004 kB
MemFree:          126416 kB
Active:           382516 kB
Mem:          3.8G       3.7G       123M       5.8M        28M       3.2G

MemTotal:        4016004 kB
MemFree:          126416 kB
Active:           382524 kB
Mem:          3.8G       3.7G       123M       5.8M        28M       3.2G

MemTotal:        4016004 kB
MemFree:          126416 kB
Active:           382524 kB
Mem:          3.8G       3.7G       123M       5.8M        28M       3.2G

MemTotal:        4016004 kB
MemFree:          126416 kB
Active:           382524 kB
Mem:          3.8G       3.7G       123M       5.8M        28M       3.2G

MemTotal:        4016004 kB
MemFree:          126416 kB
Active:           382524 kB
Mem:          3.8G       3.7G       123M       5.8M        28M       3.2G

MemTotal:        4016004 kB
MemFree:          126416 kB
Active:           382524 kB
Mem:          3.8G       3.7G       123M       5.8M        28M       3.2G

MemTotal:        4016004 kB
MemFree:          126416 kB
Active:           382524 kB
Mem:          3.8G       3.7G       123M       5.8M        28M       3.2G

MemTotal:        4016004 kB
MemFree:          126416 kB
Active:           382532 kB
Mem:          3.8G       3.7G       123M       5.8M        28M       3.2G

MemTotal:        4016004 kB
MemFree:          126416 kB
Active:           382532 kB
Mem:          3.8G       3.7G       123M       5.8M        28M       3.2G

MemTotal:        4016004 kB
MemFree:          126416 kB
Active:           382536 kB
Mem:          3.8G       3.7G       123M       5.8M        28M       3.2G

MemTotal:        4016004 kB
MemFree:          126292 kB
Active:           382540 kB
Mem:          3.8G       3.7G       123M       5.8M        28M       3.2G

MemTotal:        4016004 kB
MemFree:          126292 kB
Active:           382540 kB
Mem:          3.8G       3.7G       123M       5.8M        28M       3.2G

MemTotal:        4016004 kB
MemFree:          126292 kB
Active:           382540 kB
Mem:          3.8G       3.7G       123M       5.8M        28M       3.2G

MemTotal:        4016004 kB
MemFree:          126416 kB
Active:           382548 kB
Mem:          3.8G       3.7G       123M       5.8M        28M       3.2G

MemTotal:        4016004 kB
MemFree:          126416 kB
Active:           382548 kB
Mem:          3.8G       3.7G       123M       5.8M        28M       3.2G

MemTotal:        4016004 kB
MemFree:          126416 kB
Active:           382548 kB
