MemTotal:        4016004 kB
MemFree:         3232748 kB
Active:           428804 kB
Mem:          3.8G       764M       3.1G       5.7M        55M       319M

MemTotal:        4016004 kB
MemFree:         3233120 kB
Active:           428804 kB
Mem:          3.8G       764M       3.1G       5.7M        55M       319M

MemTotal:        4016004 kB
MemFree:         3233540 kB
Active:           428872 kB
Mem:          3.8G       763M       3.1G       5.7M        55M       319M

MemTotal:        4016004 kB
MemFree:         3233772 kB
Active:           428868 kB
Mem:          3.8G       763M       3.1G       5.7M        55M       319M

MemTotal:        4016004 kB
MemFree:         3233880 kB
Active:           428820 kB
Mem:          3.8G       763M       3.1G       5.7M        55M       319M

MemTotal:        4016004 kB
MemFree:         3233864 kB
Active:           428840 kB
Mem:          3.8G       764M       3.1G       5.7M        55M       319M

MemTotal:        4016004 kB
MemFree:         3233848 kB
Active:           428856 kB
Mem:          3.8G       764M       3.1G       5.7M        55M       319M

MemTotal:        4016004 kB
MemFree:         3233288 kB
Active:           428884 kB
Mem:          3.8G       764M       3.1G       5.7M        55M       319M

MemTotal:        4016004 kB
MemFree:         3233148 kB
Active:           428884 kB
Mem:          3.8G       764M       3.1G       5.7M        55M       319M

MemTotal:        4016004 kB
MemFree:         3233040 kB
Active:           428884 kB
Mem:          3.8G       764M       3.1G       5.7M        55M       319M

MemTotal:        4016004 kB
MemFree:         3233412 kB
Active:           428848 kB
Mem:          3.8G       763M       3.1G       5.7M        55M       319M

MemTotal:        4016004 kB
MemFree:         3233288 kB
Active:           428884 kB
Mem:          3.8G       764M       3.1G       5.7M        55M       319M

MemTotal:        4016004 kB
MemFree:         3233784 kB
Active:           428888 kB
Mem:          3.8G       763M       3.1G       5.7M        55M       319M

MemTotal:        4016004 kB
MemFree:         3233660 kB
Active:           428840 kB
Mem:          3.8G       763M       3.1G       5.7M        55M       319M

MemTotal:        4016004 kB
MemFree:         3233288 kB
Active:           428892 kB
Mem:          3.8G       764M       3.1G       5.7M        55M       319M

MemTotal:        4016004 kB
MemFree:         3233188 kB
Active:           426868 kB
Mem:          3.8G       764M       3.1G       5.7M        55M       319M

MemTotal:        4016004 kB
MemFree:         3232912 kB
Active:           428892 kB
Mem:          3.8G       764M       3.1G       5.7M        55M       319M

MemTotal:        4016004 kB
MemFree:         3233536 kB
Active:           428848 kB
Mem:          3.8G       763M       3.1G       5.7M        55M       319M

MemTotal:        4016004 kB
MemFree:         3233412 kB
Active:           428892 kB
Mem:          3.8G       763M       3.1G       5.7M        55M       319M

MemTotal:        4016004 kB
MemFree:         3233660 kB
Active:           428856 kB
Mem:          3.8G       763M       3.1G       5.7M        55M       319M

MemTotal:        4016004 kB
MemFree:         3233644 kB
Active:           428852 kB
Mem:          3.8G       763M       3.1G       5.7M        55M       319M

MemTotal:        4016004 kB
MemFree:         3233256 kB
Active:           428912 kB
Mem:          3.8G       764M       3.1G       5.7M        55M       319M

MemTotal:        4016004 kB
MemFree:         3233736 kB
Active:           428864 kB
Mem:          3.8G       764M       3.1G       5.7M        55M       319M

MemTotal:        4016004 kB
MemFree:         3233332 kB
Active:           428860 kB
Mem:          3.8G       764M       3.1G       5.7M        55M       319M

MemTotal:        4016004 kB
MemFree:         3233332 kB
Active:           428868 kB
Mem:          3.8G       764M       3.1G       5.7M        55M       319M

MemTotal:        4016004 kB
MemFree:         3232852 kB
Active:           428912 kB
Mem:          3.8G       764M       3.1G       5.7M        55M       319M

MemTotal:        4016004 kB
MemFree:         3233348 kB
Active:           428876 kB
Mem:          3.8G       764M       3.1G       5.7M        55M       319M

MemTotal:        4016004 kB
MemFree:         3233224 kB
Active:           428868 kB
Mem:          3.8G       764M       3.1G       5.7M        55M       319M

MemTotal:        4016004 kB
MemFree:         3232852 kB
Active:           428924 kB
Mem:          3.8G       764M       3.1G       5.7M        55M       319M

MemTotal:        4016004 kB
MemFree:         3233100 kB
Active:           428876 kB
Mem:          3.8G       764M       3.1G       5.7M        55M       319M

MemTotal:        4016004 kB
MemFree:         3233100 kB
Active:           428880 kB
Mem:          3.8G       764M       3.1G       5.7M        55M       319M

MemTotal:        4016004 kB
MemFree:         3233108 kB
Active:           428880 kB
Mem:          3.8G       764M       3.1G       5.7M        55M       319M

MemTotal:        4016004 kB
MemFree:         3233232 kB
Active:           428924 kB
Mem:          3.8G       764M       3.1G       5.7M        55M       319M

MemTotal:        4016004 kB
MemFree:         3233092 kB
Active:           428924 kB
Mem:          3.8G       764M       3.1G       5.7M        55M       319M

MemTotal:        4016004 kB
MemFree:         3233108 kB
Active:           428884 kB
Mem:          3.8G       764M       3.1G       5.7M        55M       319M

MemTotal:        4016004 kB
MemFree:         3233016 kB
Active:           427092 kB
Mem:          3.8G       764M       3.1G       5.7M        55M       319M

MemTotal:        4016004 kB
MemFree:         3232780 kB
Active:           428928 kB
Mem:          3.8G       764M       3.1G       5.7M        55M       319M

MemTotal:        4016004 kB
MemFree:         3233108 kB
Active:           428892 kB
Mem:          3.8G       764M       3.1G       5.7M        55M       319M

MemTotal:        4016004 kB
MemFree:         3233108 kB
Active:           428892 kB
Mem:          3.8G       764M       3.1G       5.7M        55M       319M

MemTotal:        4016004 kB
MemFree:         3232720 kB
Active:           428948 kB
Mem:          3.8G       764M       3.1G       5.7M        55M       319M

MemTotal:        4016004 kB
MemFree:         3232844 kB
Active:           428948 kB
Mem:          3.8G       764M       3.1G       5.7M        55M       319M

MemTotal:        4016004 kB
MemFree:         3233340 kB
Active:           428940 kB
Mem:          3.8G       764M       3.1G       5.7M        55M       319M

MemTotal:        4016004 kB
MemFree:         3233572 kB
Active:           428920 kB
Mem:          3.8G       764M       3.1G       5.7M        55M       319M

MemTotal:        4016004 kB
MemFree:         3233044 kB
Active:           428964 kB
Mem:          3.8G       764M       3.1G       5.7M        55M       319M

MemTotal:        4016004 kB
MemFree:         3233416 kB
Active:           428940 kB
Mem:          3.8G       764M       3.1G       5.7M        55M       319M

MemTotal:        4016004 kB
MemFree:         3231444 kB
Active:           428932 kB
Mem:          3.8G       766M       3.1G       5.7M        55M       319M

MemTotal:        4016004 kB
MemFree:         3231120 kB
Active:           430988 kB
Mem:          3.8G       766M       3.1G       5.7M        55M       319M

MemTotal:        4016004 kB
MemFree:         3231136 kB
Active:           430932 kB
Mem:          3.8G       766M       3.1G       5.7M        55M       319M

MemTotal:        4016004 kB
MemFree:         3231012 kB
Active:           430992 kB
Mem:          3.8G       766M       3.1G       5.7M        55M       319M

MemTotal:        4016004 kB
MemFree:         3231260 kB
Active:           430988 kB
Mem:          3.8G       766M       3.1G       5.7M        55M       319M

MemTotal:        4016004 kB
MemFree:         3231508 kB
Active:           430976 kB
Mem:          3.8G       766M       3.1G       5.7M        55M       319M

MemTotal:        4016004 kB
MemFree:         3231492 kB
Active:           430948 kB
Mem:          3.8G       766M       3.1G       5.7M        55M       319M

MemTotal:        4016004 kB
MemFree:         3231012 kB
Active:           431172 kB
Mem:          3.8G       766M       3.1G       5.7M        55M       319M

MemTotal:        4016004 kB
MemFree:         3230980 kB
Active:           431024 kB
Mem:          3.8G       766M       3.1G       5.7M        55M       319M

MemTotal:        4016004 kB
MemFree:         3231212 kB
Active:           430968 kB
Mem:          3.8G       766M       3.1G       5.7M        55M       319M

MemTotal:        4016004 kB
MemFree:         3231448 kB
Active:           431104 kB
Mem:          3.8G       766M       3.1G       5.7M        55M       319M

MemTotal:        4016004 kB
MemFree:         3231540 kB
Active:           431000 kB
Mem:          3.8G       766M       3.1G       5.7M        55M       319M

MemTotal:        4016004 kB
MemFree:         3231432 kB
Active:           431000 kB
Mem:          3.8G       766M       3.1G       5.7M        55M       319M

MemTotal:        4016004 kB
MemFree:         3231292 kB
Active:           431148 kB
Mem:          3.8G       766M       3.1G       5.7M        55M       319M

MemTotal:        4016004 kB
MemFree:         3231012 kB
Active:           431036 kB
Mem:          3.8G       766M       3.1G       5.7M        55M       319M

MemTotal:        4016004 kB
MemFree:         3231228 kB
Active:           431004 kB
Mem:          3.8G       766M       3.1G       5.7M        55M       319M

MemTotal:        4016004 kB
MemFree:         3231244 kB
Active:           431152 kB
Mem:          3.8G       766M       3.1G       5.7M        55M       319M

MemTotal:        4016004 kB
MemFree:         3230948 kB
Active:           431036 kB
Mem:          3.8G       766M       3.1G       5.7M        55M       319M

MemTotal:        4016004 kB
MemFree:         3231188 kB
Active:           431236 kB
Mem:          3.8G       766M       3.1G       5.7M        55M       319M

MemTotal:        4016004 kB
MemFree:         3230792 kB
Active:           431044 kB
Mem:          3.8G       766M       3.1G       5.7M        55M       319M

MemTotal:        4016004 kB
MemFree:         3231336 kB
Active:           431108 kB
Mem:          3.8G       766M       3.1G       5.7M        55M       319M

MemTotal:        4016004 kB
MemFree:         3231384 kB
Active:           431136 kB
Mem:          3.8G       766M       3.1G       5.7M        55M       319M

MemTotal:        4016004 kB
MemFree:         3231232 kB
Active:           431088 kB
Mem:          3.8G       766M       3.1G       5.7M        55M       319M

MemTotal:        4016004 kB
MemFree:         3231460 kB
Active:           430992 kB
Mem:          3.8G       766M       3.1G       5.7M        55M       319M

MemTotal:        4016004 kB
MemFree:         3231460 kB
Active:           430992 kB
Mem:          3.8G       766M       3.1G       5.7M        55M       319M

MemTotal:        4016004 kB
MemFree:         3231568 kB
Active:           431040 kB
Mem:          3.8G       766M       3.1G       5.7M        55M       319M

MemTotal:        4016004 kB
MemFree:         3231428 kB
Active:           430956 kB
Mem:          3.8G       766M       3.1G       5.7M        55M       319M

MemTotal:        4016004 kB
MemFree:         3231412 kB
Active:           430992 kB
Mem:          3.8G       766M       3.1G       5.7M        55M       319M

MemTotal:        4016004 kB
MemFree:         3230808 kB
Active:           431172 kB
Mem:          3.8G       766M       3.1G       5.7M        55M       319M

MemTotal:        4016004 kB
MemFree:         3231164 kB
Active:           431028 kB
Mem:          3.8G       766M       3.1G       5.7M        55M       319M

MemTotal:        4016004 kB
MemFree:         3228856 kB
Active:           431172 kB
Mem:          3.8G       768M       3.1G       5.7M        55M       319M

MemTotal:        4016004 kB
MemFree:         3228824 kB
Active:           433084 kB
Mem:          3.8G       768M       3.1G       5.7M        55M       319M

MemTotal:        4016004 kB
MemFree:         3229180 kB
Active:           432956 kB
Mem:          3.8G       768M       3.1G       5.7M        55M       319M

MemTotal:        4016004 kB
MemFree:         3228856 kB
Active:           433080 kB
Mem:          3.8G       768M       3.1G       5.7M        55M       319M

MemTotal:        4016004 kB
MemFree:         3228732 kB
Active:           433080 kB
Mem:          3.8G       768M       3.1G       5.7M        55M       319M

MemTotal:        4016004 kB
MemFree:         3229088 kB
Active:           433056 kB
Mem:          3.8G       768M       3.1G       5.7M        55M       319M

MemTotal:        4016004 kB
MemFree:         3228700 kB
Active:           433084 kB
Mem:          3.8G       768M       3.1G       5.7M        55M       319M

MemTotal:        4016004 kB
MemFree:         3228808 kB
Active:           433044 kB
Mem:          3.8G       768M       3.1G       5.7M        55M       319M

MemTotal:        4016004 kB
MemFree:         3228840 kB
Active:           433040 kB
Mem:          3.8G       768M       3.1G       5.7M        55M       319M

MemTotal:        4016004 kB
MemFree:         3228716 kB
Active:           433072 kB
Mem:          3.8G       768M       3.1G       5.7M        55M       319M

MemTotal:        4016004 kB
MemFree:         3228652 kB
Active:           431028 kB
Mem:          3.8G       768M       3.1G       5.7M        55M       319M

MemTotal:        4016004 kB
MemFree:         3228280 kB
Active:           433112 kB
Mem:          3.8G       769M       3.1G       5.7M        55M       319M

MemTotal:        4016004 kB
MemFree:         3228404 kB
Active:           433112 kB
Mem:          3.8G       769M       3.1G       5.7M        55M       319M

MemTotal:        4016004 kB
MemFree:         3228652 kB
Active:           433056 kB
Mem:          3.8G       768M       3.1G       5.7M        55M       319M

MemTotal:        4016004 kB
MemFree:         3229008 kB
Active:           433068 kB
Mem:          3.8G       768M       3.1G       5.7M        55M       319M

MemTotal:        4016004 kB
MemFree:         3228992 kB
Active:           433112 kB
Mem:          3.8G       768M       3.1G       5.7M        55M       319M

MemTotal:        4016004 kB
MemFree:         3228932 kB
Active:           433120 kB
Mem:          3.8G       768M       3.1G       5.7M        55M       319M

MemTotal:        4016004 kB
MemFree:         3229304 kB
Active:           433116 kB
Mem:          3.8G       768M       3.1G       5.7M        55M       319M

MemTotal:        4016004 kB
MemFree:         3228808 kB
Active:           433120 kB
Mem:          3.8G       768M       3.1G       5.7M        55M       319M

MemTotal:        4016004 kB
MemFree:         3229056 kB
Active:           433064 kB
Mem:          3.8G       768M       3.1G       5.7M        55M       319M

MemTotal:        4016004 kB
MemFree:         3228792 kB
Active:           433120 kB
Mem:          3.8G       768M       3.1G       5.7M        55M       319M

MemTotal:        4016004 kB
MemFree:         3228652 kB
Active:           433128 kB
Mem:          3.8G       768M       3.1G       5.7M        55M       319M

MemTotal:        4016004 kB
MemFree:         3228992 kB
Active:           433108 kB
Mem:          3.8G       768M       3.1G       5.7M        55M       319M

MemTotal:        4016004 kB
MemFree:         3228604 kB
Active:           433132 kB
Mem:          3.8G       768M       3.1G       5.7M        55M       319M

MemTotal:        4016004 kB
MemFree:         3228960 kB
Active:           433116 kB
Mem:          3.8G       768M       3.1G       5.7M        55M       319M

MemTotal:        4016004 kB
MemFree:         3228308 kB
Active:           433556 kB
Mem:          3.8G       768M       3.1G       5.7M        55M       319M

MemTotal:        4016004 kB
MemFree:         3126356 kB
Active:           434428 kB
Mem:          3.8G       870M       3.0G       5.7M        55M       418M

MemTotal:        4016004 kB
MemFree:         3032404 kB
Active:           434500 kB
Mem:          3.8G       963M       2.9G       5.7M        55M       510M

MemTotal:        4016004 kB
MemFree:         2898056 kB
Active:           434492 kB
Mem:          3.8G       1.1G       2.8G       5.7M        55M       637M

MemTotal:        4016004 kB
MemFree:         2772024 kB
Active:           434508 kB
Mem:          3.8G       1.2G       2.6G       5.7M        55M       759M

MemTotal:        4016004 kB
MemFree:         2656136 kB
Active:           434520 kB
Mem:          3.8G       1.3G       2.5G       5.7M        55M       869M

MemTotal:        4016004 kB
MemFree:         2639512 kB
Active:           434528 kB
Mem:          3.8G       1.3G       2.5G       5.7M        55M       885M

MemTotal:        4016004 kB
MemFree:         2633156 kB
Active:           434576 kB
Mem:          3.8G       1.3G       2.5G       5.7M        55M       891M

MemTotal:        4016004 kB
MemFree:         2630620 kB
Active:           434592 kB
Mem:          3.8G       1.3G       2.5G       5.7M        55M       894M

MemTotal:        4016004 kB
MemFree:         2627004 kB
Active:           434580 kB
Mem:          3.8G       1.3G       2.5G       5.7M        55M       897M

MemTotal:        4016004 kB
MemFree:         2624604 kB
Active:           434592 kB
Mem:          3.8G       1.3G       2.5G       5.7M        55M       900M

MemTotal:        4016004 kB
MemFree:         2562340 kB
Active:           434552 kB
Mem:          3.8G       1.4G       2.4G       5.7M        55M       961M

MemTotal:        4016004 kB
MemFree:         2453476 kB
Active:           434588 kB
Mem:          3.8G       1.5G       2.3G       5.7M        55M       1.0G

MemTotal:        4016004 kB
MemFree:         2430696 kB
Active:           434624 kB
Mem:          3.8G       1.5G       2.3G       5.7M        55M       1.1G

MemTotal:        4016004 kB
MemFree:         2428232 kB
Active:           434648 kB
Mem:          3.8G       1.5G       2.3G       5.7M        55M       1.1G

MemTotal:        4016004 kB
MemFree:         2424712 kB
Active:           432612 kB
Mem:          3.8G       1.5G       2.3G       5.7M        55M       1.1G

MemTotal:        4016004 kB
MemFree:         2421384 kB
Active:           432612 kB
Mem:          3.8G       1.5G       2.3G       5.7M        55M       1.1G

MemTotal:        4016004 kB
MemFree:         2419228 kB
Active:           432612 kB
Mem:          3.8G       1.5G       2.3G       5.7M        55M       1.1G

MemTotal:        4016004 kB
MemFree:         2367704 kB
Active:           432620 kB
Mem:          3.8G       1.6G       2.3G       5.7M        55M       1.1G

MemTotal:        4016004 kB
MemFree:         2245912 kB
Active:           434668 kB
Mem:          3.8G       1.7G       2.1G       5.7M        55M       1.2G

MemTotal:        4016004 kB
MemFree:         2117160 kB
Active:           434668 kB
Mem:          3.8G       1.8G       2.0G       5.7M        55M       1.4G

MemTotal:        4016004 kB
MemFree:         2054148 kB
Active:           434672 kB
Mem:          3.8G       1.9G       2.0G       5.7M        55M       1.4G

MemTotal:        4016004 kB
MemFree:         1985804 kB
Active:           434692 kB
Mem:          3.8G       1.9G       1.9G       5.7M        55M       1.5G

MemTotal:        4016004 kB
MemFree:         1980148 kB
Active:           434696 kB
Mem:          3.8G       1.9G       1.9G       5.7M        55M       1.5G

MemTotal:        4016004 kB
MemFree:         1923024 kB
Active:           434696 kB
Mem:          3.8G       2.0G       1.8G       5.7M        55M       1.5G

MemTotal:        4016004 kB
MemFree:         1919984 kB
Active:           434696 kB
Mem:          3.8G       2.0G       1.8G       5.7M        55M       1.5G

MemTotal:        4016004 kB
MemFree:         1889420 kB
Active:           434700 kB
Mem:          3.8G       2.0G       1.8G       5.7M        55M       1.6G

MemTotal:        4016004 kB
MemFree:         1784896 kB
Active:           434696 kB
Mem:          3.8G       2.1G       1.7G       5.7M        55M       1.7G

MemTotal:        4016004 kB
MemFree:         1651788 kB
Active:           434680 kB
Mem:          3.8G       2.3G       1.6G       5.7M        55M       1.8G

MemTotal:        4016004 kB
MemFree:         1524664 kB
Active:           434660 kB
Mem:          3.8G       2.4G       1.5G       5.7M        55M       1.9G

MemTotal:        4016004 kB
MemFree:         1404880 kB
Active:           434700 kB
Mem:          3.8G       2.5G       1.3G       5.7M        55M       2.0G

MemTotal:        4016004 kB
MemFree:         1400716 kB
Active:           434724 kB
Mem:          3.8G       2.5G       1.3G       5.7M        55M       2.0G

MemTotal:        4016004 kB
MemFree:         1397316 kB
Active:           434732 kB
Mem:          3.8G       2.5G       1.3G       5.7M        55M       2.0G

MemTotal:        4016004 kB
MemFree:         1397420 kB
Active:           434712 kB
Mem:          3.8G       2.5G       1.3G       5.7M        55M       2.0G

MemTotal:        4016004 kB
MemFree:         1397628 kB
Active:           434724 kB
Mem:          3.8G       2.5G       1.3G       5.7M        55M       2.0G

MemTotal:        4016004 kB
MemFree:         1385740 kB
Active:           434744 kB
Mem:          3.8G       2.5G       1.3G       5.7M        55M       2.0G

MemTotal:        4016004 kB
MemFree:         1382528 kB
Active:           434764 kB
Mem:          3.8G       2.5G       1.3G       5.7M        55M       2.0G

MemTotal:        4016004 kB
MemFree:         1379296 kB
Active:           434764 kB
Mem:          3.8G       2.5G       1.3G       5.7M        55M       2.0G

MemTotal:        4016004 kB
MemFree:         1378616 kB
Active:           434764 kB
Mem:          3.8G       2.5G       1.3G       5.7M        55M       2.0G

MemTotal:        4016004 kB
MemFree:         1379024 kB
Active:           434768 kB
Mem:          3.8G       2.5G       1.3G       5.7M        55M       2.0G

MemTotal:        4016004 kB
MemFree:         1291400 kB
Active:           434772 kB
Mem:          3.8G       2.6G       1.2G       5.7M        55M       2.1G

MemTotal:        4016004 kB
MemFree:         1174832 kB
Active:           434772 kB
Mem:          3.8G       2.7G       1.1G       5.7M        55M       2.2G

MemTotal:        4016004 kB
MemFree:         1062852 kB
Active:           434776 kB
Mem:          3.8G       2.8G       1.0G       5.7M        55M       2.3G

MemTotal:        4016004 kB
MemFree:         1045872 kB
Active:           434776 kB
Mem:          3.8G       2.8G       1.0G       5.7M        55M       2.4G

MemTotal:        4016004 kB
MemFree:          950884 kB
Active:           434788 kB
Mem:          3.8G       2.9G       925M       5.7M        55M       2.5G

MemTotal:        4016004 kB
MemFree:          846128 kB
Active:           434792 kB
Mem:          3.8G       3.0G       824M       5.7M        55M       2.5G

MemTotal:        4016004 kB
MemFree:          714880 kB
Active:           434792 kB
Mem:          3.8G       3.2G       695M       5.7M        55M       2.7G

MemTotal:        4016004 kB
MemFree:          598448 kB
Active:           434792 kB
Mem:          3.8G       3.3G       584M       5.7M        55M       2.8G

MemTotal:        4016004 kB
MemFree:          595748 kB
Active:           434816 kB
Mem:          3.8G       3.3G       581M       5.7M        55M       2.8G

MemTotal:        4016004 kB
MemFree:          588720 kB
Active:           434860 kB
Mem:          3.8G       3.3G       574M       5.7M        55M       2.8G

MemTotal:        4016004 kB
MemFree:          585708 kB
Active:           434876 kB
Mem:          3.8G       3.3G       571M       5.7M        55M       2.8G

MemTotal:        4016004 kB
MemFree:          582520 kB
Active:           434884 kB
Mem:          3.8G       3.3G       568M       5.7M        55M       2.8G

MemTotal:        4016004 kB
MemFree:          579312 kB
Active:           434888 kB
Mem:          3.8G       3.3G       565M       5.7M        55M       2.8G

MemTotal:        4016004 kB
MemFree:          557816 kB
Active:           434888 kB
Mem:          3.8G       3.3G       542M       5.7M        55M       2.8G

MemTotal:        4016004 kB
MemFree:          528396 kB
Active:           434900 kB
Mem:          3.8G       3.3G       515M       5.7M        55M       2.8G

MemTotal:        4016004 kB
MemFree:          525856 kB
Active:           434912 kB
Mem:          3.8G       3.3G       513M       5.7M        55M       2.8G

MemTotal:        4016004 kB
MemFree:          519192 kB
Active:           434948 kB
Mem:          3.8G       3.3G       506M       5.7M        55M       2.9G

MemTotal:        4016004 kB
MemFree:          516328 kB
Active:           434956 kB
Mem:          3.8G       3.3G       503M       5.7M        55M       2.9G

MemTotal:        4016004 kB
MemFree:          447196 kB
Active:           434956 kB
Mem:          3.8G       3.4G       433M       5.7M        55M       2.9G

MemTotal:        4016004 kB
MemFree:          337216 kB
Active:           434964 kB
Mem:          3.8G       3.5G       326M       5.7M        55M       3.0G

MemTotal:        4016004 kB
MemFree:          221764 kB
Active:           434964 kB
Mem:          3.8G       3.6G       214M       5.7M        55M       3.1G

MemTotal:        4016004 kB
MemFree:          179624 kB
Active:           434908 kB
Mem:          3.8G       3.7G       173M       5.7M        55M       3.2G

MemTotal:        4016004 kB
MemFree:          126792 kB
Active:           446404 kB
Mem:          3.8G       3.7G       116M       5.7M        20M       3.3G

MemTotal:        4016004 kB
MemFree:          116272 kB
Active:           485468 kB
Mem:          3.8G       3.7G       110M       5.7M        20M       3.3G

MemTotal:        4016004 kB
MemFree:          109932 kB
Active:           485728 kB
Mem:          3.8G       3.7G       107M       5.7M        20M       3.3G

MemTotal:        4016004 kB
MemFree:          113128 kB
Active:           480264 kB
Mem:          3.8G       3.7G       108M       5.7M        20M       3.3G

MemTotal:        4016004 kB
MemFree:          129084 kB
Active:           478232 kB
Mem:          3.8G       3.7G       125M       5.7M        20M       3.3G

MemTotal:        4016004 kB
MemFree:          122428 kB
Active:           478308 kB
Mem:          3.8G       3.7G       119M       5.7M        20M       3.3G

MemTotal:        4016004 kB
MemFree:          119840 kB
Active:           478324 kB
Mem:          3.8G       3.7G       116M       5.7M        20M       3.3G

MemTotal:        4016004 kB
MemFree:          116404 kB
Active:           478304 kB
Mem:          3.8G       3.7G       113M       5.7M        20M       3.3G

MemTotal:        4016004 kB
MemFree:          122240 kB
Active:           475024 kB
Mem:          3.8G       3.7G       116M       5.7M        20M       3.3G

MemTotal:        4016004 kB
MemFree:          136496 kB
Active:           459028 kB
Mem:          3.8G       3.7G       137M       5.7M        20M       3.2G

MemTotal:        4016004 kB
MemFree:          139404 kB
Active:           448908 kB
Mem:          3.8G       3.7G       136M       5.7M        20M       3.2G

MemTotal:        4016004 kB
MemFree:          132800 kB
Active:           438128 kB
Mem:          3.8G       3.7G       126M       5.7M        20M       3.3G

MemTotal:        4016004 kB
MemFree:          140748 kB
Active:           435120 kB
Mem:          3.8G       3.7G       136M       5.7M        20M       3.2G

MemTotal:        4016004 kB
MemFree:          126544 kB
Active:           427400 kB
Mem:          3.8G       3.7G       121M       5.7M        20M       3.3G

MemTotal:        4016004 kB
MemFree:          150032 kB
Active:           423032 kB
Mem:          3.8G       3.7G       146M       5.7M        20M       3.2G

MemTotal:        4016004 kB
MemFree:          141284 kB
Active:           422788 kB
Mem:          3.8G       3.7G       137M       5.7M        20M       3.2G

MemTotal:        4016004 kB
MemFree:          136188 kB
Active:           422768 kB
Mem:          3.8G       3.7G       132M       5.7M        20M       3.2G

MemTotal:        4016004 kB
MemFree:          132832 kB
Active:           422808 kB
Mem:          3.8G       3.7G       129M       5.7M        20M       3.3G

MemTotal:        4016004 kB
MemFree:          129856 kB
Active:           422800 kB
Mem:          3.8G       3.7G       125M       5.7M        20M       3.3G

MemTotal:        4016004 kB
MemFree:          125504 kB
Active:           422812 kB
Mem:          3.8G       3.7G       122M       5.7M        20M       3.3G

MemTotal:        4016004 kB
MemFree:          129140 kB
Active:           421788 kB
Mem:          3.8G       3.7G       126M       5.7M        20M       3.3G

MemTotal:        4016004 kB
MemFree:          124856 kB
Active:           415700 kB
Mem:          3.8G       3.7G       121M       5.7M        20M       3.3G

MemTotal:        4016004 kB
MemFree:          121908 kB
Active:           421692 kB
Mem:          3.8G       3.7G       118M       5.7M        20M       3.3G

MemTotal:        4016004 kB
MemFree:          118404 kB
Active:           421660 kB
Mem:          3.8G       3.7G       115M       5.7M        20M       3.3G

MemTotal:        4016004 kB
MemFree:          114608 kB
Active:           421684 kB
Mem:          3.8G       3.7G       111M       5.7M        20M       3.3G

MemTotal:        4016004 kB
MemFree:          127964 kB
Active:           419268 kB
Mem:          3.8G       3.7G       121M       5.7M        20M       3.3G

MemTotal:        4016004 kB
MemFree:          135824 kB
Active:           414532 kB
Mem:          3.8G       3.7G       129M       5.7M        20M       3.3G

MemTotal:        4016004 kB
MemFree:          110460 kB
Active:           411972 kB
Mem:          3.8G       3.7G       104M       5.7M        20M       3.3G

MemTotal:        4016004 kB
MemFree:          131008 kB
Active:           410820 kB
Mem:          3.8G       3.7G       127M       5.7M        20M       3.3G

MemTotal:        4016004 kB
MemFree:          122216 kB
Active:           409520 kB
Mem:          3.8G       3.7G       116M       5.7M        20M       3.3G

MemTotal:        4016004 kB
MemFree:          115216 kB
Active:           408384 kB
Mem:          3.8G       3.7G       111M       5.7M        20M       3.3G

MemTotal:        4016004 kB
MemFree:          108368 kB
Active:           408516 kB
Mem:          3.8G       3.7G       103M       5.7M        20M       3.3G

MemTotal:        4016004 kB
MemFree:          133180 kB
Active:           404048 kB
Mem:          3.8G       3.7G       127M       5.7M        20M       3.3G

MemTotal:        4016004 kB
MemFree:          128152 kB
Active:           395920 kB
Mem:          3.8G       3.7G       123M       5.7M        20M       3.3G

MemTotal:        4016004 kB
MemFree:          139832 kB
Active:           391312 kB
Mem:          3.8G       3.7G       136M       5.7M        20M       3.2G

MemTotal:        4016004 kB
MemFree:          133388 kB
Active:           391308 kB
Mem:          3.8G       3.7G       129M       5.7M        20M       3.2G

MemTotal:        4016004 kB
MemFree:          130088 kB
Active:           391324 kB
Mem:          3.8G       3.7G       126M       5.7M        20M       3.3G

MemTotal:        4016004 kB
MemFree:          127112 kB
Active:           391344 kB
Mem:          3.8G       3.7G       123M       5.7M        20M       3.3G

MemTotal:        4016004 kB
MemFree:          123640 kB
Active:           391316 kB
Mem:          3.8G       3.7G       120M       5.7M        20M       3.3G

MemTotal:        4016004 kB
MemFree:          120464 kB
Active:           391344 kB
Mem:          3.8G       3.7G       117M       5.7M        20M       3.3G

MemTotal:        4016004 kB
MemFree:          120468 kB
Active:           391292 kB
Mem:          3.8G       3.7G       117M       5.7M        20M       3.3G

MemTotal:        4016004 kB
MemFree:          141168 kB
Active:           392116 kB
Mem:          3.8G       3.7G       136M       5.7M        20M       3.2G

MemTotal:        4016004 kB
MemFree:          123924 kB
Active:           388128 kB
Mem:          3.8G       3.7G       119M       5.7M        20M       3.3G

MemTotal:        4016004 kB
MemFree:          121292 kB
Active:           387496 kB
Mem:          3.8G       3.7G       117M       5.7M        20M       3.3G

MemTotal:        4016004 kB
MemFree:          117224 kB
Active:           387464 kB
Mem:          3.8G       3.7G       111M       5.7M        20M       3.3G

MemTotal:        4016004 kB
MemFree:          138488 kB
Active:           384860 kB
Mem:          3.8G       3.7G       133M       5.7M        20M       3.2G

MemTotal:        4016004 kB
MemFree:          133484 kB
Active:           381388 kB
Mem:          3.8G       3.7G       127M       5.7M        20M       3.3G

MemTotal:        4016004 kB
MemFree:          127120 kB
Active:           376940 kB
Mem:          3.8G       3.7G       121M       5.7M        20M       3.3G

MemTotal:        4016004 kB
MemFree:          117876 kB
Active:           372972 kB
Mem:          3.8G       3.7G       137M       5.7M        20M       3.2G

MemTotal:        4016004 kB
MemFree:          142584 kB
Active:           372412 kB
Mem:          3.8G       3.7G       139M       5.7M        20M       3.2G

MemTotal:        4016004 kB
MemFree:          138140 kB
Active:           372460 kB
Mem:          3.8G       3.7G       134M       5.7M        20M       3.2G

MemTotal:        4016004 kB
MemFree:          134100 kB
Active:           372452 kB
Mem:          3.8G       3.7G       130M       5.7M        20M       3.2G

MemTotal:        4016004 kB
MemFree:          131688 kB
Active:           372436 kB
Mem:          3.8G       3.7G       127M       5.7M        20M       3.2G

MemTotal:        4016004 kB
MemFree:          126216 kB
Active:           372476 kB
Mem:          3.8G       3.7G       121M       5.7M        20M       3.3G

MemTotal:        4016004 kB
MemFree:          108784 kB
Active:           372456 kB
Mem:          3.8G       3.7G       105M       5.7M        20M       3.3G

MemTotal:        4016004 kB
MemFree:          108116 kB
Active:           372476 kB
Mem:          3.8G       3.7G       105M       5.7M        20M       3.3G

MemTotal:        4016004 kB
MemFree:          108176 kB
Active:           372484 kB
Mem:          3.8G       3.7G       105M       5.7M        20M       3.3G

MemTotal:        4016004 kB
MemFree:          108268 kB
Active:           372500 kB
Mem:          3.8G       3.7G       105M       5.7M        20M       3.3G

MemTotal:        4016004 kB
MemFree:          130864 kB
Active:           372388 kB
Mem:          3.8G       3.7G       137M       5.7M        20M       3.2G

MemTotal:        4016004 kB
MemFree:          129256 kB
Active:           372312 kB
Mem:          3.8G       3.7G       122M       5.7M        20M       3.3G

MemTotal:        4016004 kB
MemFree:          130508 kB
Active:           369964 kB
Mem:          3.8G       3.7G       126M       5.7M        20M       3.3G

MemTotal:        4016004 kB
MemFree:          148504 kB
Active:           369712 kB
Mem:          3.8G       3.7G       145M       5.7M        20M       3.2G

MemTotal:        4016004 kB
MemFree:          132832 kB
Active:           371660 kB
Mem:          3.8G       3.7G       127M       5.7M        20M       3.2G

MemTotal:        4016004 kB
MemFree:          127948 kB
Active:           369760 kB
Mem:          3.8G       3.7G       123M       5.7M        20M       3.3G

MemTotal:        4016004 kB
MemFree:          146152 kB
Active:           369628 kB
Mem:          3.8G       3.7G       143M       5.7M        20M       3.2G

MemTotal:        4016004 kB
MemFree:          126776 kB
Active:           369588 kB
Mem:          3.8G       3.7G       123M       5.7M        20M       3.3G

MemTotal:        4016004 kB
MemFree:          111448 kB
Active:           369500 kB
Mem:          3.8G       3.7G       129M       5.7M        20M       3.2G

MemTotal:        4016004 kB
MemFree:          121724 kB
Active:           369512 kB
Mem:          3.8G       3.7G       116M       5.7M        20M       3.3G

MemTotal:        4016004 kB
MemFree:          128380 kB
Active:           369512 kB
Mem:          3.8G       3.7G       125M       5.7M        20M       3.3G

MemTotal:        4016004 kB
MemFree:          126036 kB
Active:           369528 kB
Mem:          3.8G       3.7G       123M       5.7M        20M       3.3G

MemTotal:        4016004 kB
MemFree:          121856 kB
Active:           369536 kB
Mem:          3.8G       3.7G       118M       5.7M        20M       3.3G

MemTotal:        4016004 kB
MemFree:          120132 kB
Active:           367752 kB
Mem:          3.8G       3.7G       117M       5.7M        20M       3.3G

MemTotal:        4016004 kB
MemFree:          120736 kB
Active:           369588 kB
Mem:          3.8G       3.7G       117M       5.7M        20M       3.3G

MemTotal:        4016004 kB
MemFree:          121268 kB
Active:           369596 kB
Mem:          3.8G       3.7G       118M       5.7M        20M       3.3G

MemTotal:        4016004 kB
MemFree:          112948 kB
Active:           369760 kB
Mem:          3.8G       3.7G       108M       5.7M        20M       3.3G

MemTotal:        4016004 kB
MemFree:          137280 kB
Active:           369640 kB
Mem:          3.8G       3.7G       131M       5.7M        20M       3.2G

MemTotal:        4016004 kB
MemFree:          135848 kB
Active:           368692 kB
Mem:          3.8G       3.7G       132M       5.7M        20M       3.2G

MemTotal:        4016004 kB
MemFree:          131396 kB
Active:           368584 kB
Mem:          3.8G       3.7G       128M       5.7M        20M       3.2G

MemTotal:        4016004 kB
MemFree:          127396 kB
Active:           368588 kB
Mem:          3.8G       3.7G       124M       5.7M        20M       3.3G

MemTotal:        4016004 kB
MemFree:          131184 kB
Active:           368564 kB
Mem:          3.8G       3.7G       125M       5.7M        20M       3.3G

MemTotal:        4016004 kB
MemFree:          131720 kB
Active:           368600 kB
Mem:          3.8G       3.7G       125M       5.7M        20M       3.3G

MemTotal:        4016004 kB
MemFree:          128624 kB
Active:           367120 kB
Mem:          3.8G       3.7G       125M       5.7M        20M       3.2G

MemTotal:        4016004 kB
MemFree:          125580 kB
Active:           368124 kB
Mem:          3.8G       3.7G       122M       5.7M        20M       3.3G

MemTotal:        4016004 kB
MemFree:          105884 kB
Active:           368144 kB
Mem:          3.8G       3.7G       103M       5.7M        20M       3.3G

MemTotal:        4016004 kB
MemFree:          127808 kB
Active:           368188 kB
Mem:          3.8G       3.7G       124M       5.7M        20M       3.2G

MemTotal:        4016004 kB
MemFree:          126480 kB
Active:           368168 kB
Mem:          3.8G       3.7G       123M       5.7M        20M       3.3G

MemTotal:        4016004 kB
MemFree:          124016 kB
Active:           368148 kB
Mem:          3.8G       3.7G       120M       5.7M        20M       3.3G

MemTotal:        4016004 kB
MemFree:          127984 kB
Active:           368164 kB
Mem:          3.8G       3.7G       122M       5.7M        20M       3.3G

MemTotal:        4016004 kB
MemFree:          124128 kB
Active:           368212 kB
Mem:          3.8G       3.7G       118M       5.7M        20M       3.3G

MemTotal:        4016004 kB
MemFree:          135776 kB
Active:           366236 kB
Mem:          3.8G       3.7G       130M       5.7M        20M       3.2G

MemTotal:        4016004 kB
MemFree:          132748 kB
Active:           365944 kB
Mem:          3.8G       3.7G       129M       5.7M        20M       3.2G

MemTotal:        4016004 kB
MemFree:          143940 kB
Active:           365736 kB
Mem:          3.8G       3.7G       140M       5.7M        20M       3.2G

MemTotal:        4016004 kB
MemFree:          143104 kB
Active:           365772 kB
Mem:          3.8G       3.7G       139M       5.7M        20M       3.2G

MemTotal:        4016004 kB
MemFree:          132524 kB
Active:           365772 kB
Mem:          3.8G       3.7G       129M       5.7M        20M       3.2G

MemTotal:        4016004 kB
MemFree:          140372 kB
Active:           365092 kB
Mem:          3.8G       3.7G       137M       5.7M        20M       3.2G

MemTotal:        4016004 kB
MemFree:          139488 kB
Active:           364940 kB
Mem:          3.8G       3.7G       136M       5.7M        20M       3.2G

MemTotal:        4016004 kB
MemFree:          138348 kB
Active:           364940 kB
Mem:          3.8G       3.7G       134M       5.7M        20M       3.2G

MemTotal:        4016004 kB
MemFree:          137640 kB
Active:           364916 kB
Mem:          3.8G       3.7G       133M       5.7M        20M       3.2G

MemTotal:        4016004 kB
MemFree:          137056 kB
Active:           364892 kB
Mem:          3.8G       3.7G       133M       5.7M        20M       3.2G

MemTotal:        4016004 kB
MemFree:          114228 kB
Active:           364952 kB
Mem:          3.8G       3.7G       109M       5.7M        20M       3.3G

MemTotal:        4016004 kB
MemFree:          119192 kB
Active:           364956 kB
Mem:          3.8G       3.7G       114M       5.7M        20M       3.3G

MemTotal:        4016004 kB
MemFree:          127740 kB
Active:           362608 kB
Mem:          3.8G       3.7G       123M       5.7M        20M       3.2G

MemTotal:        4016004 kB
MemFree:          120324 kB
Active:           362356 kB
Mem:          3.8G       3.7G       116M       5.7M        20M       3.3G

MemTotal:        4016004 kB
MemFree:          130356 kB
Active:           362120 kB
Mem:          3.8G       3.7G       126M       5.7M        20M       3.2G

MemTotal:        4016004 kB
MemFree:          119480 kB
Active:           362128 kB
Mem:          3.8G       3.7G       114M       5.7M        20M       3.3G

MemTotal:        4016004 kB
MemFree:          123872 kB
Active:           362128 kB
Mem:          3.8G       3.7G       118M       5.7M        20M       3.3G

MemTotal:        4016004 kB
MemFree:          130452 kB
Active:           362112 kB
Mem:          3.8G       3.7G       127M       5.7M        20M       3.2G

MemTotal:        4016004 kB
MemFree:          130652 kB
Active:           362136 kB
Mem:          3.8G       3.7G       127M       5.7M        20M       3.2G

MemTotal:        4016004 kB
MemFree:          130900 kB
Active:           362144 kB
Mem:          3.8G       3.7G       128M       5.7M        20M       3.2G

MemTotal:        4016004 kB
MemFree:          130964 kB
Active:           362156 kB
Mem:          3.8G       3.7G       128M       5.7M        20M       3.2G

MemTotal:        4016004 kB
MemFree:          129328 kB
Active:           362108 kB
Mem:          3.8G       3.7G       125M       5.7M        20M       3.2G

MemTotal:        4016004 kB
MemFree:          128432 kB
Active:           362128 kB
Mem:          3.8G       3.7G       125M       5.7M        20M       3.2G

MemTotal:        4016004 kB
MemFree:          132472 kB
Active:           355716 kB
Mem:          3.8G       3.7G       126M       5.7M        20M       3.2G

MemTotal:        4016004 kB
MemFree:          123916 kB
Active:           355528 kB
Mem:          3.8G       3.7G       119M       5.7M        20M       3.3G

MemTotal:        4016004 kB
MemFree:          116116 kB
Active:           355536 kB
Mem:          3.8G       3.7G       110M       5.7M        20M       3.3G

MemTotal:        4016004 kB
MemFree:          137084 kB
Active:           355536 kB
Mem:          3.8G       3.7G       134M       5.7M        20M       3.2G

MemTotal:        4016004 kB
MemFree:          135320 kB
Active:           354080 kB
Mem:          3.8G       3.7G       132M       5.7M        20M       3.2G

MemTotal:        4016004 kB
MemFree:          116008 kB
Active:           353844 kB
Mem:          3.8G       3.7G       111M       5.7M        20M       3.3G

MemTotal:        4016004 kB
MemFree:          116036 kB
Active:           353844 kB
Mem:          3.8G       3.7G       108M       5.7M        20M       3.3G

MemTotal:        4016004 kB
MemFree:          132928 kB
Active:           353860 kB
Mem:          3.8G       3.7G       129M       5.7M        20M       3.2G

MemTotal:        4016004 kB
MemFree:          135128 kB
Active:           353832 kB
Mem:          3.8G       3.7G       132M       5.7M        20M       3.2G

MemTotal:        4016004 kB
MemFree:          133748 kB
Active:           353816 kB
Mem:          3.8G       3.7G       130M       5.7M        20M       3.2G

MemTotal:        4016004 kB
MemFree:          132432 kB
Active:           353872 kB
Mem:          3.8G       3.7G       129M       5.7M        20M       3.2G

MemTotal:        4016004 kB
MemFree:          132156 kB
Active:           353868 kB
Mem:          3.8G       3.7G       128M       5.7M        20M       3.2G

MemTotal:        4016004 kB
MemFree:          114016 kB
Active:           353872 kB
Mem:          3.8G       3.7G       108M       5.7M        20M       3.3G

MemTotal:        4016004 kB
MemFree:          131948 kB
Active:           353880 kB
Mem:          3.8G       3.7G       126M       5.7M        20M       3.2G

MemTotal:        4016004 kB
MemFree:          119044 kB
Active:           351800 kB
Mem:          3.8G       3.7G       114M       5.7M        20M       3.3G

MemTotal:        4016004 kB
MemFree:          131916 kB
Active:           351652 kB
Mem:          3.8G       3.7G       129M       5.7M        20M       3.2G

MemTotal:        4016004 kB
MemFree:          114436 kB
Active:           351676 kB
Mem:          3.8G       3.7G       111M       5.7M        20M       3.3G

MemTotal:        4016004 kB
MemFree:          131156 kB
Active:           351680 kB
Mem:          3.8G       3.7G       124M       5.7M        20M       3.2G

MemTotal:        4016004 kB
MemFree:          129460 kB
Active:           351696 kB
Mem:          3.8G       3.7G       125M       5.7M        20M       3.2G

MemTotal:        4016004 kB
MemFree:          139536 kB
Active:           351828 kB
Mem:          3.8G       3.7G       135M       5.7M        20M       3.2G

MemTotal:        4016004 kB
MemFree:          105324 kB
Active:           351696 kB
Mem:          3.8G       3.7G       102M       5.7M        20M       3.3G

MemTotal:        4016004 kB
MemFree:          128508 kB
Active:           351648 kB
Mem:          3.8G       3.7G       125M       5.7M        20M       3.2G

MemTotal:        4016004 kB
MemFree:          127428 kB
Active:           351708 kB
Mem:          3.8G       3.7G       124M       5.7M        20M       3.2G

MemTotal:        4016004 kB
MemFree:          127276 kB
Active:           351708 kB
Mem:          3.8G       3.7G       124M       5.7M        20M       3.2G

MemTotal:        4016004 kB
MemFree:          112016 kB
Active:           351668 kB
Mem:          3.8G       3.7G       105M       5.7M        20M       3.3G

MemTotal:        4016004 kB
MemFree:          126500 kB
Active:           349232 kB
Mem:          3.8G       3.7G       121M       5.7M        20M       3.2G

MemTotal:        4016004 kB
MemFree:          109912 kB
Active:           349076 kB
Mem:          3.8G       3.7G       104M       5.7M        20M       3.3G

MemTotal:        4016004 kB
MemFree:          141676 kB
Active:           349076 kB
Mem:          3.8G       3.7G       138M       5.7M        20M       3.2G

MemTotal:        4016004 kB
MemFree:          127424 kB
Active:           349060 kB
Mem:          3.8G       3.7G       124M       5.7M        20M       3.2G

MemTotal:        4016004 kB
MemFree:          125628 kB
Active:           349060 kB
Mem:          3.8G       3.7G       124M       5.7M        20M       3.2G

MemTotal:        4016004 kB
MemFree:          122904 kB
Active:           348964 kB
Mem:          3.8G       3.7G       117M       5.7M        20M       3.3G

MemTotal:        4016004 kB
MemFree:          127648 kB
Active:           348956 kB
Mem:          3.8G       3.7G       124M       5.7M        20M       3.2G

MemTotal:        4016004 kB
MemFree:          131212 kB
Active:           345592 kB
Mem:          3.8G       3.7G       128M       5.7M        20M       3.2G

MemTotal:        4016004 kB
MemFree:          131760 kB
Active:           345428 kB
Mem:          3.8G       3.7G       128M       5.7M        20M       3.2G

MemTotal:        4016004 kB
MemFree:          131796 kB
Active:           345564 kB
Mem:          3.8G       3.7G       128M       5.7M        20M       3.2G

MemTotal:        4016004 kB
MemFree:          130004 kB
Active:           345412 kB
Mem:          3.8G       3.7G       126M       5.7M        20M       3.2G

MemTotal:        4016004 kB
MemFree:          132452 kB
Active:           345404 kB
Mem:          3.8G       3.7G       126M       5.7M        20M       3.2G

MemTotal:        4016004 kB
MemFree:          133684 kB
Active:           345448 kB
Mem:          3.8G       3.7G       136M       5.7M        20M       3.2G

MemTotal:        4016004 kB
MemFree:          114968 kB
Active:           345588 kB
Mem:          3.8G       3.7G       110M       5.7M        20M       3.3G

MemTotal:        4016004 kB
MemFree:          140476 kB
Active:           345548 kB
Mem:          3.8G       3.7G       137M       5.7M        20M       3.2G

MemTotal:        4016004 kB
MemFree:          110200 kB
Active:           345468 kB
Mem:          3.8G       3.7G       105M       5.7M        20M       3.3G

MemTotal:        4016004 kB
MemFree:          134456 kB
Active:           345412 kB
Mem:          3.8G       3.7G       130M       5.7M        20M       3.2G

MemTotal:        4016004 kB
MemFree:          125192 kB
Active:           343280 kB
Mem:          3.8G       3.7G       122M       5.7M        20M       3.2G

MemTotal:        4016004 kB
MemFree:          138200 kB
Active:           343160 kB
Mem:          3.8G       3.7G       134M       5.7M        20M       3.2G

MemTotal:        4016004 kB
MemFree:          107600 kB
Active:           343176 kB
Mem:          3.8G       3.7G       105M       5.7M        20M       3.3G

MemTotal:        4016004 kB
MemFree:          106668 kB
Active:           343136 kB
Mem:          3.8G       3.7G       103M       5.7M        20M       3.3G

MemTotal:        4016004 kB
MemFree:          128324 kB
Active:           343152 kB
Mem:          3.8G       3.7G       125M       5.7M        20M       3.2G

MemTotal:        4016004 kB
MemFree:          128388 kB
Active:           343148 kB
Mem:          3.8G       3.7G       125M       5.7M        20M       3.2G

MemTotal:        4016004 kB
MemFree:          123024 kB
Active:           343296 kB
Mem:          3.8G       3.7G       116M       5.7M        20M       3.3G

MemTotal:        4016004 kB
MemFree:          119520 kB
Active:           343348 kB
Mem:          3.8G       3.7G       114M       5.7M        20M       3.3G

MemTotal:        4016004 kB
MemFree:          123552 kB
Active:           343108 kB
Mem:          3.8G       3.7G       118M       5.7M        20M       3.2G

MemTotal:        4016004 kB
MemFree:          112224 kB
Active:           343336 kB
Mem:          3.8G       3.7G       109M       5.7M        20M       3.3G

MemTotal:        4016004 kB
MemFree:          136404 kB
Active:           343156 kB
Mem:          3.8G       3.7G       132M       5.7M        20M       3.2G

MemTotal:        4016004 kB
MemFree:          128352 kB
Active:           343316 kB
Mem:          3.8G       3.7G       124M       5.7M        20M       3.2G

MemTotal:        4016004 kB
MemFree:          112436 kB
Active:           343184 kB
Mem:          3.8G       3.7G       109M       5.7M        20M       3.3G

MemTotal:        4016004 kB
MemFree:          122380 kB
Active:           343268 kB
Mem:          3.8G       3.7G       116M       5.7M        20M       3.2G

MemTotal:        4016004 kB
MemFree:          138568 kB
Active:           343152 kB
Mem:          3.8G       3.7G       135M       5.7M        20M       3.2G

MemTotal:        4016004 kB
MemFree:          136728 kB
Active:           343140 kB
Mem:          3.8G       3.7G       133M       5.7M        20M       3.2G

MemTotal:        4016004 kB
MemFree:          136244 kB
Active:           343276 kB
Mem:          3.8G       3.7G       132M       5.7M        20M       3.2G

MemTotal:        4016004 kB
MemFree:          133840 kB
Active:           343284 kB
Mem:          3.8G       3.7G       130M       5.7M        20M       3.2G

MemTotal:        4016004 kB
MemFree:          126572 kB
Active:           345440 kB
Mem:          3.8G       3.7G       131M       5.7M        20M       3.2G

MemTotal:        4016004 kB
MemFree:          131784 kB
Active:           345188 kB
Mem:          3.8G       3.7G       129M       5.7M        20M       3.2G

MemTotal:        4016004 kB
MemFree:          132072 kB
Active:           344900 kB
Mem:          3.8G       3.7G       129M       5.7M        20M       3.2G

MemTotal:        4016004 kB
MemFree:          132676 kB
Active:           345008 kB
Mem:          3.8G       3.7G       129M       5.7M        20M       3.2G

MemTotal:        4016004 kB
MemFree:          132940 kB
Active:           344900 kB
Mem:          3.8G       3.7G       129M       5.7M        20M       3.2G

MemTotal:        4016004 kB
MemFree:          132800 kB
Active:           345016 kB
Mem:          3.8G       3.7G       129M       5.7M        20M       3.2G

MemTotal:        4016004 kB
MemFree:          132848 kB
Active:           344888 kB
Mem:          3.8G       3.7G       129M       5.7M        20M       3.2G

MemTotal:        4016004 kB
MemFree:          132848 kB
Active:           344984 kB
Mem:          3.8G       3.7G       129M       5.7M        20M       3.2G

MemTotal:        4016004 kB
MemFree:          132872 kB
Active:           345000 kB
Mem:          3.8G       3.7G       129M       5.7M        20M       3.2G

MemTotal:        4016004 kB
MemFree:          132800 kB
Active:           344884 kB
Mem:          3.8G       3.7G       129M       5.7M        20M       3.2G

MemTotal:        4016004 kB
MemFree:          132924 kB
Active:           344912 kB
Mem:          3.8G       3.7G       129M       5.7M        20M       3.2G

MemTotal:        4016004 kB
MemFree:          132552 kB
Active:           345020 kB
Mem:          3.8G       3.7G       129M       5.7M        20M       3.2G

MemTotal:        4016004 kB
MemFree:          132352 kB
Active:           344908 kB
Mem:          3.8G       3.7G       129M       5.7M        20M       3.2G

MemTotal:        4016004 kB
MemFree:          132424 kB
Active:           344900 kB
Mem:          3.8G       3.7G       129M       5.7M        20M       3.2G

MemTotal:        4016004 kB
MemFree:          132352 kB
Active:           345152 kB
Mem:          3.8G       3.7G       129M       5.7M        20M       3.2G

MemTotal:        4016004 kB
MemFree:          132476 kB
Active:           345044 kB
Mem:          3.8G       3.7G       129M       5.7M        20M       3.2G

MemTotal:        4016004 kB
MemFree:          132180 kB
Active:           345036 kB
Mem:          3.8G       3.7G       129M       5.7M        20M       3.2G

MemTotal:        4016004 kB
MemFree:          132476 kB
Active:           345016 kB
Mem:          3.8G       3.7G       129M       5.7M        20M       3.2G

MemTotal:        4016004 kB
MemFree:          132536 kB
Active:           344916 kB
Mem:          3.8G       3.7G       129M       5.7M        20M       3.2G

MemTotal:        4016004 kB
MemFree:          130536 kB
Active:           344880 kB
Mem:          3.8G       3.7G       127M       5.7M        20M       3.2G

MemTotal:        4016004 kB
MemFree:          130996 kB
Active:           346960 kB
Mem:          3.8G       3.7G       127M       5.7M        20M       3.2G

MemTotal:        4016004 kB
MemFree:          130628 kB
Active:           347080 kB
Mem:          3.8G       3.7G       127M       5.7M        20M       3.2G

MemTotal:        4016004 kB
MemFree:          130924 kB
Active:           346936 kB
Mem:          3.8G       3.7G       127M       5.7M        20M       3.2G

MemTotal:        4016004 kB
MemFree:          130924 kB
Active:           346932 kB
Mem:          3.8G       3.7G       127M       5.7M        20M       3.2G

MemTotal:        4016004 kB
MemFree:          130996 kB
Active:           346956 kB
Mem:          3.8G       3.7G       127M       5.7M        20M       3.2G

MemTotal:        4016004 kB
MemFree:          130776 kB
Active:           346932 kB
Mem:          3.8G       3.7G       127M       5.7M        20M       3.2G

MemTotal:        4016004 kB
MemFree:          130876 kB
Active:           347028 kB
Mem:          3.8G       3.7G       127M       5.7M        20M       3.2G

MemTotal:        4016004 kB
MemFree:          130504 kB
Active:           347052 kB
Mem:          3.8G       3.7G       127M       5.7M        20M       3.2G

MemTotal:        4016004 kB
MemFree:          130676 kB
Active:           347008 kB
Mem:          3.8G       3.7G       127M       5.7M        20M       3.2G

MemTotal:        4016004 kB
MemFree:          130732 kB
Active:           347072 kB
Mem:          3.8G       3.7G       127M       5.7M        20M       3.2G

MemTotal:        4016004 kB
MemFree:          130748 kB
Active:           347120 kB
Mem:          3.8G       3.7G       127M       5.7M        20M       3.2G

MemTotal:        4016004 kB
MemFree:          130872 kB
Active:           346924 kB
Mem:          3.8G       3.7G       127M       5.7M        20M       3.2G

MemTotal:        4016004 kB
MemFree:          130944 kB
Active:           346984 kB
Mem:          3.8G       3.7G       127M       5.7M        20M       3.2G

MemTotal:        4016004 kB
MemFree:          130920 kB
Active:           346972 kB
Mem:          3.8G       3.7G       127M       5.7M        20M       3.2G

MemTotal:        4016004 kB
MemFree:          130832 kB
Active:           346936 kB
Mem:          3.8G       3.7G       127M       5.7M        20M       3.2G

MemTotal:        4016004 kB
MemFree:          130808 kB
Active:           346960 kB
Mem:          3.8G       3.7G       127M       5.7M        20M       3.2G

MemTotal:        4016004 kB
MemFree:          130452 kB
Active:           347112 kB
Mem:          3.8G       3.7G       127M       5.7M        20M       3.2G

MemTotal:        4016004 kB
MemFree:          130680 kB
Active:           347084 kB
Mem:          3.8G       3.7G       127M       5.7M        20M       3.2G

MemTotal:        4016004 kB
MemFree:          130448 kB
Active:           346988 kB
Mem:          3.8G       3.7G       127M       5.7M        20M       3.2G

MemTotal:        4016004 kB
MemFree:          130696 kB
Active:           346952 kB
Mem:          3.8G       3.7G       127M       5.7M        20M       3.2G

MemTotal:        4016004 kB
MemFree:          130548 kB
Active:           346980 kB
Mem:          3.8G       3.7G       127M       5.7M        20M       3.2G

MemTotal:        4016004 kB
MemFree:          130604 kB
Active:           347076 kB
Mem:          3.8G       3.7G       127M       5.7M        20M       3.2G

MemTotal:        4016004 kB
MemFree:          130392 kB
Active:           347220 kB
Mem:          3.8G       3.7G       127M       5.7M        20M       3.2G

MemTotal:        4016004 kB
MemFree:          130328 kB
Active:           346992 kB
Mem:          3.8G       3.7G       127M       5.7M        20M       3.2G

MemTotal:        4016004 kB
MemFree:          130452 kB
Active:           347012 kB
Mem:          3.8G       3.7G       127M       5.7M        20M       3.2G

MemTotal:        4016004 kB
MemFree:          130648 kB
Active:           347076 kB
Mem:          3.8G       3.7G       127M       5.7M        20M       3.2G

MemTotal:        4016004 kB
MemFree:          130796 kB
Active:           347100 kB
Mem:          3.8G       3.7G       127M       5.7M        20M       3.2G

MemTotal:        4016004 kB
MemFree:          130160 kB
Active:           347148 kB
Mem:          3.8G       3.7G       127M       5.7M        20M       3.2G

MemTotal:        4016004 kB
MemFree:          130904 kB
Active:           347052 kB
Mem:          3.8G       3.7G       127M       5.7M        20M       3.2G

MemTotal:        4016004 kB
MemFree:          130880 kB
Active:           347096 kB
Mem:          3.8G       3.7G       127M       5.7M        20M       3.2G

MemTotal:        4016004 kB
MemFree:          130484 kB
Active:           347132 kB
Mem:          3.8G       3.7G       127M       5.7M        20M       3.2G

MemTotal:        4016004 kB
MemFree:          130684 kB
Active:           347164 kB
Mem:          3.8G       3.7G       127M       5.7M        20M       3.2G

MemTotal:        4016004 kB
MemFree:          130488 kB
Active:           347076 kB
Mem:          3.8G       3.7G       127M       5.7M        20M       3.2G

MemTotal:        4016004 kB
MemFree:          130984 kB
Active:           347068 kB
Mem:          3.8G       3.7G       127M       5.7M        20M       3.2G

MemTotal:        4016004 kB
MemFree:          130956 kB
Active:           347116 kB
Mem:          3.8G       3.7G       127M       5.7M        20M       3.2G

MemTotal:        4016004 kB
MemFree:          130904 kB
Active:           347120 kB
Mem:          3.8G       3.7G       127M       5.7M        20M       3.2G

MemTotal:        4016004 kB
MemFree:          130904 kB
Active:           347144 kB
Mem:          3.8G       3.7G       127M       5.7M        20M       3.2G

MemTotal:        4016004 kB
MemFree:          130904 kB
Active:           347144 kB
Mem:          3.8G       3.7G       127M       5.7M        20M       3.2G

MemTotal:        4016004 kB
MemFree:          130904 kB
Active:           347084 kB
Mem:          3.8G       3.7G       127M       5.7M        20M       3.2G

MemTotal:        4016004 kB
MemFree:          130488 kB
Active:           346960 kB
Mem:          3.8G       3.7G       127M       5.7M        20M       3.2G

MemTotal:        4016004 kB
MemFree:          130116 kB
Active:           347028 kB
Mem:          3.8G       3.7G       127M       5.7M        20M       3.2G

MemTotal:        4016004 kB
MemFree:          130488 kB
Active:           346972 kB
Mem:          3.8G       3.7G       127M       5.7M        20M       3.2G

MemTotal:        4016004 kB
MemFree:          130984 kB
Active:           346988 kB
Mem:          3.8G       3.7G       127M       5.7M        20M       3.2G

MemTotal:        4016004 kB
MemFree:          130860 kB
Active:           347024 kB
Mem:          3.8G       3.7G       127M       5.7M        20M       3.2G

MemTotal:        4016004 kB
MemFree:          130488 kB
Active:           347032 kB
Mem:          3.8G       3.7G       127M       5.7M        20M       3.2G

MemTotal:        4016004 kB
MemFree:          130860 kB
Active:           346980 kB
Mem:          3.8G       3.7G       127M       5.7M        20M       3.2G

MemTotal:        4016004 kB
MemFree:          130860 kB
Active:           347004 kB
Mem:          3.8G       3.7G       127M       5.7M        20M       3.2G

MemTotal:        4016004 kB
MemFree:          130860 kB
Active:           347024 kB
Mem:          3.8G       3.7G       127M       5.7M        20M       3.2G

MemTotal:        4016004 kB
MemFree:          130860 kB
Active:           347036 kB
Mem:          3.8G       3.7G       127M       5.7M        20M       3.2G

MemTotal:        4016004 kB
MemFree:          129804 kB
Active:           344996 kB
Mem:          3.8G       3.7G       127M       5.7M        20M       3.2G

MemTotal:        4016004 kB
MemFree:          130300 kB
Active:           347004 kB
Mem:          3.8G       3.7G       127M       5.7M        20M       3.2G

MemTotal:        4016004 kB
MemFree:          130548 kB
Active:           347000 kB
Mem:          3.8G       3.7G       127M       5.7M        20M       3.2G

MemTotal:        4016004 kB
MemFree:          130176 kB
Active:           347052 kB
Mem:          3.8G       3.7G       127M       5.7M        20M       3.2G

MemTotal:        4016004 kB
MemFree:          130424 kB
Active:           347016 kB
Mem:          3.8G       3.7G       127M       5.7M        20M       3.2G

MemTotal:        4016004 kB
MemFree:          130424 kB
Active:           347036 kB
Mem:          3.8G       3.7G       127M       5.7M        20M       3.2G

MemTotal:        4016004 kB
MemFree:          130176 kB
Active:           347060 kB
Mem:          3.8G       3.7G       127M       5.7M        20M       3.2G

MemTotal:        4016004 kB
MemFree:          130796 kB
Active:           347052 kB
Mem:          3.8G       3.7G       127M       5.7M        20M       3.2G

MemTotal:        4016004 kB
MemFree:          130300 kB
Active:           347060 kB
Mem:          3.8G       3.7G       127M       5.7M        20M       3.2G

MemTotal:        4016004 kB
MemFree:          131044 kB
Active:           347048 kB
Mem:          3.8G       3.7G       127M       5.7M        20M       3.2G

MemTotal:        4016004 kB
MemFree:          128872 kB
Active:           347060 kB
Mem:          3.8G       3.7G       125M       5.7M        20M       3.2G

MemTotal:        4016004 kB
MemFree:          128996 kB
Active:           349072 kB
Mem:          3.8G       3.7G       125M       5.7M        20M       3.2G

MemTotal:        4016004 kB
MemFree:          128996 kB
Active:           349096 kB
Mem:          3.8G       3.7G       125M       5.7M        20M       3.2G

MemTotal:        4016004 kB
MemFree:          128872 kB
Active:           349092 kB
Mem:          3.8G       3.7G       125M       5.7M        20M       3.2G

MemTotal:        4016004 kB
MemFree:          128748 kB
Active:           349112 kB
Mem:          3.8G       3.7G       125M       5.7M        20M       3.2G

MemTotal:        4016004 kB
MemFree:          128624 kB
Active:           349076 kB
Mem:          3.8G       3.7G       125M       5.7M        20M       3.2G

MemTotal:        4016004 kB
MemFree:          128872 kB
Active:           349084 kB
Mem:          3.8G       3.7G       125M       5.7M        20M       3.2G

MemTotal:        4016004 kB
MemFree:          128996 kB
Active:           349100 kB
Mem:          3.8G       3.7G       125M       5.7M        20M       3.2G

MemTotal:        4016004 kB
MemFree:          128872 kB
Active:           349088 kB
Mem:          3.8G       3.7G       125M       5.7M        20M       3.2G

MemTotal:        4016004 kB
MemFree:          128996 kB
Active:           349112 kB
Mem:          3.8G       3.7G       125M       5.7M        20M       3.2G

MemTotal:        4016004 kB
MemFree:          128872 kB
Active:           349112 kB
Mem:          3.8G       3.7G       125M       5.7M        20M       3.2G

MemTotal:        4016004 kB
MemFree:          128500 kB
Active:           349124 kB
Mem:          3.8G       3.7G       125M       5.7M        20M       3.2G

MemTotal:        4016004 kB
MemFree:          128624 kB
Active:           349068 kB
Mem:          3.8G       3.7G       125M       5.7M        20M       3.2G

MemTotal:        4016004 kB
MemFree:          128500 kB
Active:           349084 kB
Mem:          3.8G       3.7G       125M       5.7M        20M       3.2G

MemTotal:        4016004 kB
MemFree:          128500 kB
Active:           349100 kB
Mem:          3.8G       3.7G       125M       5.7M        20M       3.2G

MemTotal:        4016004 kB
MemFree:          128748 kB
Active:           349124 kB
Mem:          3.8G       3.7G       125M       5.7M        20M       3.2G

MemTotal:        4016004 kB
MemFree:          128748 kB
Active:           349132 kB
Mem:          3.8G       3.7G       125M       5.7M        20M       3.2G

MemTotal:        4016004 kB
MemFree:          128748 kB
Active:           349132 kB
Mem:          3.8G       3.7G       125M       5.7M        20M       3.2G

MemTotal:        4016004 kB
MemFree:          128624 kB
Active:           349092 kB
Mem:          3.8G       3.7G       125M       5.7M        20M       3.2G

MemTotal:        4016004 kB
MemFree:          128748 kB
Active:           349120 kB
Mem:          3.8G       3.7G       125M       5.7M        20M       3.2G

MemTotal:        4016004 kB
MemFree:          128624 kB
Active:           349124 kB
Mem:          3.8G       3.7G       125M       5.7M        20M       3.2G

MemTotal:        4016004 kB
MemFree:          128872 kB
Active:           349128 kB
Mem:          3.8G       3.7G       125M       5.7M        20M       3.2G

MemTotal:        4016004 kB
MemFree:          128872 kB
Active:           349100 kB
Mem:          3.8G       3.7G       125M       5.7M        20M       3.2G

MemTotal:        4016004 kB
MemFree:          128500 kB
Active:           349144 kB
Mem:          3.8G       3.7G       125M       5.7M        20M       3.2G

MemTotal:        4016004 kB
MemFree:          128500 kB
Active:           349108 kB
Mem:          3.8G       3.7G       125M       5.7M        20M       3.2G

MemTotal:        4016004 kB
MemFree:          128376 kB
Active:           349104 kB
Mem:          3.8G       3.7G       125M       5.7M        20M       3.2G

MemTotal:        4016004 kB
MemFree:          128004 kB
Active:           349144 kB
Mem:          3.8G       3.7G       125M       5.7M        20M       3.2G

MemTotal:        4016004 kB
MemFree:          128500 kB
Active:           349140 kB
Mem:          3.8G       3.7G       125M       5.7M        20M       3.2G

MemTotal:        4016004 kB
MemFree:          128500 kB
Active:           349148 kB
Mem:          3.8G       3.7G       125M       5.7M        20M       3.2G

MemTotal:        4016004 kB
MemFree:          128748 kB
Active:           349128 kB
Mem:          3.8G       3.7G       125M       5.7M        20M       3.2G

MemTotal:        4016004 kB
MemFree:          128748 kB
Active:           349156 kB
Mem:          3.8G       3.7G       125M       5.7M        20M       3.2G

MemTotal:        4016004 kB
MemFree:          128748 kB
Active:           349152 kB
Mem:          3.8G       3.7G       125M       5.7M        20M       3.2G

MemTotal:        4016004 kB
MemFree:          128872 kB
Active:           349144 kB
Mem:          3.8G       3.7G       125M       5.7M        20M       3.2G

MemTotal:        4016004 kB
MemFree:          128872 kB
Active:           349152 kB
Mem:          3.8G       3.7G       125M       5.7M        20M       3.2G

MemTotal:        4016004 kB
MemFree:          128872 kB
Active:           349132 kB
Mem:          3.8G       3.7G       125M       5.7M        20M       3.2G

MemTotal:        4016004 kB
MemFree:          128748 kB
Active:           349164 kB
Mem:          3.8G       3.7G       125M       5.7M        20M       3.2G

MemTotal:        4016004 kB
MemFree:          129012 kB
Active:           349136 kB
Mem:          3.8G       3.7G       125M       5.7M        20M       3.2G

MemTotal:        4016004 kB
MemFree:          128764 kB
Active:           349124 kB
Mem:          3.8G       3.7G       125M       5.7M        20M       3.2G

MemTotal:        4016004 kB
MemFree:          128268 kB
Active:           349176 kB
Mem:          3.8G       3.7G       125M       5.7M        20M       3.2G

MemTotal:        4016004 kB
MemFree:          128640 kB
Active:           349176 kB
Mem:          3.8G       3.7G       125M       5.7M        20M       3.2G

MemTotal:        4016004 kB
MemFree:          128640 kB
Active:           349148 kB
Mem:          3.8G       3.7G       125M       5.7M        20M       3.2G

MemTotal:        4016004 kB
MemFree:          128640 kB
Active:           349144 kB
Mem:          3.8G       3.7G       125M       5.7M        20M       3.2G

MemTotal:        4016004 kB
MemFree:          128764 kB
Active:           349144 kB
Mem:          3.8G       3.7G       125M       5.7M        20M       3.2G

MemTotal:        4016004 kB
MemFree:          128764 kB
Active:           349180 kB
Mem:          3.8G       3.7G       125M       5.7M        20M       3.2G

MemTotal:        4016004 kB
MemFree:          128640 kB
Active:           349136 kB
Mem:          3.8G       3.7G       125M       5.7M        20M       3.2G

MemTotal:        4016004 kB
MemFree:          128640 kB
Active:           349152 kB
Mem:          3.8G       3.7G       125M       5.7M        20M       3.2G

MemTotal:        4016004 kB
MemFree:          128764 kB
Active:           349184 kB
Mem:          3.8G       3.7G       125M       5.7M        20M       3.2G

MemTotal:        4016004 kB
MemFree:          128888 kB
Active:           349152 kB
Mem:          3.8G       3.7G       125M       5.7M        20M       3.2G

MemTotal:        4016004 kB
MemFree:          128764 kB
Active:           349160 kB
Mem:          3.8G       3.7G       125M       5.7M        20M       3.2G

MemTotal:        4016004 kB
MemFree:          128516 kB
Active:           349204 kB
Mem:          3.8G       3.7G       125M       5.7M        20M       3.2G

MemTotal:        4016004 kB
MemFree:          128764 kB
Active:           349188 kB
Mem:          3.8G       3.7G       125M       5.7M        20M       3.2G

MemTotal:        4016004 kB
MemFree:          128392 kB
Active:           349204 kB
Mem:          3.8G       3.7G       125M       5.7M        20M       3.2G

MemTotal:        4016004 kB
MemFree:          128764 kB
Active:           349180 kB
Mem:          3.8G       3.7G       125M       5.7M        20M       3.2G

MemTotal:        4016004 kB
MemFree:          128764 kB
Active:           349184 kB
Mem:          3.8G       3.7G       125M       5.7M        20M       3.2G

MemTotal:        4016004 kB
MemFree:          128640 kB
Active:           349208 kB
Mem:          3.8G       3.7G       125M       5.7M        20M       3.2G

MemTotal:        4016004 kB
MemFree:          128640 kB
Active:           349212 kB
Mem:          3.8G       3.7G       125M       5.7M        20M       3.2G

MemTotal:        4016004 kB
MemFree:          128640 kB
Active:           349160 kB
Mem:          3.8G       3.7G       125M       5.7M        20M       3.2G

MemTotal:        4016004 kB
MemFree:          128764 kB
Active:           349204 kB
Mem:          3.8G       3.7G       125M       5.7M        20M       3.2G

MemTotal:        4016004 kB
MemFree:          128640 kB
Active:           349200 kB
Mem:          3.8G       3.7G       125M       5.7M        20M       3.2G

MemTotal:        4016004 kB
MemFree:          128640 kB
Active:           349200 kB
Mem:          3.8G       3.7G       125M       5.7M        20M       3.2G

MemTotal:        4016004 kB
MemFree:          128144 kB
Active:           349220 kB
Mem:          3.8G       3.7G       125M       5.7M        20M       3.2G

MemTotal:        4016004 kB
MemFree:          128268 kB
Active:           349220 kB
Mem:          3.8G       3.7G       125M       5.7M        20M       3.2G

MemTotal:        4016004 kB
MemFree:          128640 kB
Active:           349212 kB
Mem:          3.8G       3.7G       125M       5.7M        20M       3.2G

MemTotal:        4016004 kB
MemFree:          128764 kB
Active:           349220 kB
Mem:          3.8G       3.7G       125M       5.7M        20M       3.2G

MemTotal:        4016004 kB
MemFree:          128640 kB
Active:           349244 kB
Mem:          3.8G       3.7G       125M       5.7M        21M       3.2G

MemTotal:        4016004 kB
MemFree:          127772 kB
Active:           349276 kB
Mem:          3.8G       3.7G       124M       5.7M        21M       3.2G

MemTotal:        4016004 kB
MemFree:          127632 kB
Active:           349296 kB
Mem:          3.8G       3.7G       124M       5.7M        21M       3.2G

MemTotal:        4016004 kB
MemFree:          128500 kB
Active:           349268 kB
Mem:          3.8G       3.7G       125M       5.7M        21M       3.2G

MemTotal:        4016004 kB
MemFree:          127880 kB
Active:           349256 kB
Mem:          3.8G       3.7G       124M       5.7M        21M       3.2G

MemTotal:        4016004 kB
MemFree:          127880 kB
Active:           349280 kB
Mem:          3.8G       3.7G       125M       5.7M        21M       3.2G

MemTotal:        4016004 kB
MemFree:          128500 kB
Active:           349248 kB
Mem:          3.8G       3.7G       125M       5.7M        21M       3.2G

MemTotal:        4016004 kB
MemFree:          128376 kB
Active:           349300 kB
Mem:          3.8G       3.7G       125M       5.7M        21M       3.2G

MemTotal:        4016004 kB
MemFree:          128500 kB
Active:           349292 kB
Mem:          3.8G       3.7G       125M       5.7M        21M       3.2G

MemTotal:        4016004 kB
MemFree:          128500 kB
Active:           349292 kB
Mem:          3.8G       3.7G       125M       5.7M        21M       3.2G

MemTotal:        4016004 kB
MemFree:          128624 kB
Active:           349268 kB
Mem:          3.8G       3.7G       125M       5.7M        21M       3.2G

MemTotal:        4016004 kB
MemFree:          128624 kB
Active:           349308 kB
Mem:          3.8G       3.7G       125M       5.7M        21M       3.2G

MemTotal:        4016004 kB
MemFree:          128500 kB
Active:           349292 kB
Mem:          3.8G       3.7G       125M       5.7M        21M       3.2G

MemTotal:        4016004 kB
MemFree:          128624 kB
Active:           349300 kB
Mem:          3.8G       3.7G       125M       5.7M        21M       3.2G

MemTotal:        4016004 kB
MemFree:          128500 kB
Active:           349312 kB
Mem:          3.8G       3.7G       125M       5.7M        21M       3.2G

MemTotal:        4016004 kB
MemFree:          128376 kB
Active:           349308 kB
Mem:          3.8G       3.7G       125M       5.7M        21M       3.2G

MemTotal:        4016004 kB
MemFree:          128376 kB
Active:           349316 kB
Mem:          3.8G       3.7G       125M       5.7M        21M       3.2G

MemTotal:        4016004 kB
MemFree:          128500 kB
Active:           349284 kB
Mem:          3.8G       3.7G       125M       5.7M        21M       3.2G

MemTotal:        4016004 kB
MemFree:          128392 kB
Active:           349268 kB
Mem:          3.8G       3.7G       125M       5.7M        21M       3.2G

MemTotal:        4016004 kB
MemFree:          128268 kB
Active:           349308 kB
Mem:          3.8G       3.7G       125M       5.7M        21M       3.2G

MemTotal:        4016004 kB
MemFree:          128268 kB
Active:           349276 kB
Mem:          3.8G       3.7G       125M       5.7M        21M       3.2G

MemTotal:        4016004 kB
MemFree:          128268 kB
Active:           349272 kB
Mem:          3.8G       3.7G       125M       5.7M        21M       3.2G

MemTotal:        4016004 kB
MemFree:          129136 kB
Active:           349300 kB
Mem:          3.8G       3.7G       126M       5.7M        21M       3.2G

MemTotal:        4016004 kB
MemFree:          129632 kB
Active:           349312 kB
Mem:          3.8G       3.7G       126M       5.7M        21M       3.2G

MemTotal:        4016004 kB
MemFree:          129508 kB
Active:           349296 kB
Mem:          3.8G       3.7G       126M       5.7M        21M       3.2G

MemTotal:        4016004 kB
MemFree:          129384 kB
Active:           349312 kB
Mem:          3.8G       3.7G       126M       5.7M        21M       3.2G

MemTotal:        4016004 kB
MemFree:          129260 kB
Active:           349284 kB
Mem:          3.8G       3.7G       126M       5.7M        21M       3.2G

MemTotal:        4016004 kB
MemFree:          129384 kB
Active:           349324 kB
Mem:          3.8G       3.7G       126M       5.7M        21M       3.2G

MemTotal:        4016004 kB
MemFree:          129384 kB
Active:           349316 kB
Mem:          3.8G       3.7G       126M       5.7M        21M       3.2G

MemTotal:        4016004 kB
MemFree:          129384 kB
Active:           349284 kB
Mem:          3.8G       3.7G       126M       5.7M        21M       3.2G

MemTotal:        4016004 kB
MemFree:          129384 kB
Active:           349316 kB
Mem:          3.8G       3.7G       126M       5.7M        21M       3.2G

MemTotal:        4016004 kB
MemFree:          129384 kB
Active:           349308 kB
Mem:          3.8G       3.7G       126M       5.7M        21M       3.2G

MemTotal:        4016004 kB
MemFree:          129384 kB
Active:           349316 kB
Mem:          3.8G       3.7G       126M       5.7M        21M       3.2G

MemTotal:        4016004 kB
MemFree:          129384 kB
Active:           349340 kB
Mem:          3.8G       3.7G       126M       5.7M        21M       3.2G

MemTotal:        4016004 kB
MemFree:          129384 kB
Active:           349296 kB
Mem:          3.8G       3.7G       126M       5.7M        21M       3.2G

MemTotal:        4016004 kB
MemFree:          129384 kB
Active:           349332 kB
Mem:          3.8G       3.7G       126M       5.7M        21M       3.2G

MemTotal:        4016004 kB
MemFree:          129508 kB
Active:           349340 kB
Mem:          3.8G       3.7G       126M       5.7M        21M       3.2G

MemTotal:        4016004 kB
MemFree:          129384 kB
Active:           349300 kB
Mem:          3.8G       3.7G       126M       5.7M        21M       3.2G

MemTotal:        4016004 kB
MemFree:          129384 kB
Active:           349292 kB
Mem:          3.8G       3.7G       126M       5.7M        21M       3.2G

MemTotal:        4016004 kB
MemFree:          129384 kB
Active:           349324 kB
Mem:          3.8G       3.7G       126M       5.7M        21M       3.2G

MemTotal:        4016004 kB
MemFree:          129384 kB
Active:           349356 kB
Mem:          3.8G       3.7G       126M       5.7M        21M       3.2G

MemTotal:        4016004 kB
MemFree:          129260 kB
Active:           349356 kB
Mem:          3.8G       3.7G       126M       5.7M        21M       3.2G

MemTotal:        4016004 kB
MemFree:          129384 kB
Active:           349332 kB
Mem:          3.8G       3.7G       126M       5.7M        21M       3.2G

MemTotal:        4016004 kB
MemFree:          129260 kB
Active:           349316 kB
Mem:          3.8G       3.7G       126M       5.7M        21M       3.2G

MemTotal:        4016004 kB
MemFree:          129260 kB
Active:           349356 kB
Mem:          3.8G       3.7G       126M       5.7M        21M       3.2G

MemTotal:        4016004 kB
MemFree:          129260 kB
Active:           349344 kB
Mem:          3.8G       3.7G       126M       5.7M        21M       3.2G

MemTotal:        4016004 kB
MemFree:          128888 kB
Active:           349368 kB
Mem:          3.8G       3.7G       126M       5.7M        21M       3.2G

MemTotal:        4016004 kB
MemFree:          128888 kB
Active:           349368 kB
Mem:          3.8G       3.7G       125M       5.7M        21M       3.2G

MemTotal:        4016004 kB
MemFree:          128764 kB
Active:           349368 kB
Mem:          3.8G       3.7G       125M       5.7M        21M       3.2G

MemTotal:        4016004 kB
MemFree:          128888 kB
Active:           349328 kB
Mem:          3.8G       3.7G       125M       5.7M        21M       3.2G

MemTotal:        4016004 kB
MemFree:          128888 kB
Active:           349364 kB
Mem:          3.8G       3.7G       125M       5.7M        21M       3.2G

MemTotal:        4016004 kB
MemFree:          128516 kB
Active:           349372 kB
Mem:          3.8G       3.7G       125M       5.7M        21M       3.2G

MemTotal:        4016004 kB
MemFree:          128888 kB
Active:           349344 kB
Mem:          3.8G       3.7G       125M       5.7M        21M       3.2G

MemTotal:        4016004 kB
MemFree:          129012 kB
Active:           349344 kB
Mem:          3.8G       3.7G       126M       5.7M        21M       3.2G

MemTotal:        4016004 kB
MemFree:          128640 kB
Active:           349372 kB
Mem:          3.8G       3.7G       125M       5.7M        21M       3.2G

MemTotal:        4016004 kB
MemFree:          129012 kB
Active:           349376 kB
Mem:          3.8G       3.7G       125M       5.7M        21M       3.2G

MemTotal:        4016004 kB
MemFree:          129136 kB
Active:           349360 kB
Mem:          3.8G       3.7G       126M       5.7M        21M       3.2G

MemTotal:        4016004 kB
MemFree:          129260 kB
Active:           349332 kB
Mem:          3.8G       3.7G       126M       5.7M        21M       3.2G

MemTotal:        4016004 kB
MemFree:          129136 kB
Active:           349372 kB
Mem:          3.8G       3.7G       126M       5.7M        21M       3.2G

MemTotal:        4016004 kB
MemFree:          129260 kB
Active:           349380 kB
Mem:          3.8G       3.7G       126M       5.7M        21M       3.2G

MemTotal:        4016004 kB
MemFree:          129260 kB
Active:           349372 kB
Mem:          3.8G       3.7G       126M       5.7M        21M       3.2G

MemTotal:        4016004 kB
MemFree:          128020 kB
Active:           349504 kB
Mem:          3.8G       3.7G       124M       5.7M        21M       3.2G

MemTotal:        4016004 kB
MemFree:          127524 kB
Active:           349504 kB
Mem:          3.8G       3.7G       124M       5.7M        21M       3.2G

MemTotal:        4016004 kB
MemFree:          127648 kB
Active:           349492 kB
Mem:          3.8G       3.7G       124M       5.7M        21M       3.2G

MemTotal:        4016004 kB
MemFree:          127276 kB
Active:           349508 kB
Mem:          3.8G       3.7G       124M       5.7M        21M       3.2G

MemTotal:        4016004 kB
MemFree:          128144 kB
Active:           349484 kB
Mem:          3.8G       3.7G       125M       5.7M        21M       3.2G

MemTotal:        4016004 kB
MemFree:          128268 kB
Active:           349508 kB
Mem:          3.8G       3.7G       125M       5.7M        21M       3.2G

MemTotal:        4016004 kB
MemFree:          128268 kB
Active:           349476 kB
Mem:          3.8G       3.7G       125M       5.7M        21M       3.2G

MemTotal:        4016004 kB
MemFree:          128268 kB
Active:           349508 kB
Mem:          3.8G       3.7G       125M       5.7M        21M       3.2G

MemTotal:        4016004 kB
MemFree:          128268 kB
Active:           349472 kB
Mem:          3.8G       3.7G       125M       5.7M        21M       3.2G

MemTotal:        4016004 kB
MemFree:          128268 kB
Active:           349480 kB
Mem:          3.8G       3.7G       125M       5.7M        21M       3.2G

MemTotal:        4016004 kB
MemFree:          127772 kB
Active:           349524 kB
Mem:          3.8G       3.7G       125M       5.7M        21M       3.2G

MemTotal:        4016004 kB
MemFree:          128144 kB
Active:           349500 kB
Mem:          3.8G       3.7G       125M       5.7M        21M       3.2G

MemTotal:        4016004 kB
MemFree:          128020 kB
Active:           349480 kB
Mem:          3.8G       3.7G       125M       5.7M        21M       3.2G

MemTotal:        4016004 kB
MemFree:          128020 kB
Active:           349516 kB
Mem:          3.8G       3.7G       125M       5.7M        21M       3.2G

MemTotal:        4016004 kB
MemFree:          128268 kB
Active:           349480 kB
Mem:          3.8G       3.7G       125M       5.7M        21M       3.2G

MemTotal:        4016004 kB
MemFree:          128268 kB
Active:           349536 kB
Mem:          3.8G       3.7G       125M       5.7M        21M       3.2G

MemTotal:        4016004 kB
MemFree:          128392 kB
Active:           349536 kB
Mem:          3.8G       3.7G       125M       5.7M        21M       3.2G

MemTotal:        4016004 kB
MemFree:          128268 kB
Active:           349512 kB
Mem:          3.8G       3.7G       125M       5.7M        21M       3.2G

MemTotal:        4016004 kB
MemFree:          128268 kB
Active:           349536 kB
Mem:          3.8G       3.7G       125M       5.7M        21M       3.2G

MemTotal:        4016004 kB
MemFree:          128144 kB
Active:           349524 kB
Mem:          3.8G       3.7G       125M       5.7M        21M       3.2G

MemTotal:        4016004 kB
MemFree:          128144 kB
Active:           349532 kB
Mem:          3.8G       3.7G       125M       5.7M        21M       3.2G

MemTotal:        4016004 kB
MemFree:          127896 kB
Active:           349540 kB
Mem:          3.8G       3.7G       124M       5.7M        21M       3.2G

MemTotal:        4016004 kB
MemFree:          127896 kB
Active:           349548 kB
Mem:          3.8G       3.7G       124M       5.7M        21M       3.2G

MemTotal:        4016004 kB
MemFree:          127524 kB
Active:           349548 kB
Mem:          3.8G       3.7G       124M       5.7M        21M       3.2G

MemTotal:        4016004 kB
MemFree:          128020 kB
Active:           349520 kB
Mem:          3.8G       3.7G       124M       5.7M        21M       3.2G

MemTotal:        4016004 kB
MemFree:          127896 kB
Active:           349532 kB
Mem:          3.8G       3.7G       124M       5.7M        21M       3.2G

MemTotal:        4016004 kB
MemFree:          127896 kB
Active:           349544 kB
Mem:          3.8G       3.7G       124M       5.7M        21M       3.2G

MemTotal:        4016004 kB
MemFree:          128144 kB
Active:           349512 kB
Mem:          3.8G       3.7G       125M       5.7M        21M       3.2G

MemTotal:        4016004 kB
MemFree:          127896 kB
Active:           349552 kB
Mem:          3.8G       3.7G       125M       5.7M        21M       3.2G

MemTotal:        4016004 kB
MemFree:          128268 kB
Active:           349540 kB
Mem:          3.8G       3.7G       125M       5.7M        21M       3.2G

MemTotal:        4016004 kB
MemFree:          128268 kB
Active:           349552 kB
Mem:          3.8G       3.7G       125M       5.7M        21M       3.2G

MemTotal:        4016004 kB
MemFree:          128144 kB
Active:           349556 kB
Mem:          3.8G       3.7G       125M       5.7M        21M       3.2G

MemTotal:        4016004 kB
MemFree:          128144 kB
Active:           349528 kB
Mem:          3.8G       3.7G       125M       5.7M        21M       3.2G

MemTotal:        4016004 kB
MemFree:          128144 kB
Active:           349556 kB
Mem:          3.8G       3.7G       125M       5.7M        21M       3.2G

MemTotal:        4016004 kB
MemFree:          128144 kB
Active:           349556 kB
Mem:          3.8G       3.7G       125M       5.7M        21M       3.2G

MemTotal:        4016004 kB
MemFree:          127896 kB
Active:           349576 kB
Mem:          3.8G       3.7G       124M       5.7M        21M       3.2G

MemTotal:        4016004 kB
MemFree:          127772 kB
Active:           349532 kB
Mem:          3.8G       3.7G       124M       5.7M        21M       3.2G

MemTotal:        4016004 kB
MemFree:          127772 kB
Active:           349552 kB
Mem:          3.8G       3.7G       124M       5.7M        21M       3.2G

MemTotal:        4016004 kB
MemFree:          128144 kB
Active:           349584 kB
Mem:          3.8G       3.7G       125M       5.7M        21M       3.2G

MemTotal:        4016004 kB
MemFree:          128020 kB
Active:           349556 kB
Mem:          3.8G       3.7G       125M       5.7M        21M       3.2G

MemTotal:        4016004 kB
MemFree:          128020 kB
Active:           349568 kB
Mem:          3.8G       3.7G       125M       5.7M        21M       3.2G

MemTotal:        4016004 kB
MemFree:          128020 kB
Active:           349568 kB
Mem:          3.8G       3.7G       125M       5.7M        21M       3.2G

MemTotal:        4016004 kB
MemFree:          128144 kB
Active:           349592 kB
Mem:          3.8G       3.7G       125M       5.7M        21M       3.2G

MemTotal:        4016004 kB
MemFree:          128144 kB
Active:           349596 kB
Mem:          3.8G       3.7G       125M       5.7M        21M       3.2G

MemTotal:        4016004 kB
MemFree:          128144 kB
Active:           349572 kB
Mem:          3.8G       3.7G       125M       5.7M        21M       3.2G

MemTotal:        4016004 kB
MemFree:          128144 kB
Active:           349596 kB
Mem:          3.8G       3.7G       125M       5.7M        21M       3.2G

MemTotal:        4016004 kB
MemFree:          128144 kB
Active:           349564 kB
Mem:          3.8G       3.7G       125M       5.7M        21M       3.2G

MemTotal:        4016004 kB
MemFree:          128020 kB
Active:           349600 kB
Mem:          3.8G       3.7G       125M       5.7M        21M       3.2G

MemTotal:        4016004 kB
MemFree:          128144 kB
Active:           349568 kB
Mem:          3.8G       3.7G       124M       5.7M        21M       3.2G

MemTotal:        4016004 kB
MemFree:          128020 kB
Active:           349604 kB
Mem:          3.8G       3.7G       125M       5.7M        21M       3.2G

MemTotal:        4016004 kB
MemFree:          128020 kB
Active:           349584 kB
Mem:          3.8G       3.7G       125M       5.7M        21M       3.2G

MemTotal:        4016004 kB
MemFree:          128020 kB
Active:           349608 kB
Mem:          3.8G       3.7G       125M       5.7M        21M       3.2G

MemTotal:        4016004 kB
MemFree:          128144 kB
Active:           349604 kB
Mem:          3.8G       3.7G       125M       5.7M        21M       3.2G

MemTotal:        4016004 kB
MemFree:          127772 kB
Active:           349608 kB
Mem:          3.8G       3.7G       125M       5.7M        21M       3.2G

MemTotal:        4016004 kB
MemFree:          127896 kB
Active:           349608 kB
Mem:          3.8G       3.7G       124M       5.7M        21M       3.2G

MemTotal:        4016004 kB
MemFree:          127772 kB
Active:           349560 kB
Mem:          3.8G       3.7G       124M       5.7M        21M       3.2G

MemTotal:        4016004 kB
MemFree:          127772 kB
Active:           349588 kB
Mem:          3.8G       3.7G       124M       5.7M        21M       3.2G

MemTotal:        4016004 kB
MemFree:          127772 kB
Active:           349608 kB
Mem:          3.8G       3.7G       124M       5.7M        21M       3.2G

MemTotal:        4016004 kB
MemFree:          127772 kB
Active:           349608 kB
Mem:          3.8G       3.7G       124M       5.7M        21M       3.2G

MemTotal:        4016004 kB
MemFree:          128268 kB
Active:           349436 kB
Mem:          3.8G       3.7G       125M       5.7M        21M       3.2G

MemTotal:        4016004 kB
MemFree:          129048 kB
Active:           349160 kB
Mem:          3.8G       3.7G       126M       5.7M        21M       3.2G

MemTotal:        4016004 kB
MemFree:          129172 kB
Active:           349156 kB
Mem:          3.8G       3.7G       126M       5.7M        21M       3.2G

MemTotal:        4016004 kB
MemFree:          128800 kB
Active:           349204 kB
Mem:          3.8G       3.7G       126M       5.7M        21M       3.2G

MemTotal:        4016004 kB
MemFree:          128800 kB
Active:           349164 kB
Mem:          3.8G       3.7G       125M       5.7M        21M       3.2G

MemTotal:        4016004 kB
MemFree:          128800 kB
Active:           349216 kB
Mem:          3.8G       3.7G       125M       5.7M        21M       3.2G

MemTotal:        4016004 kB
MemFree:          128428 kB
Active:           349220 kB
Mem:          3.8G       3.7G       125M       5.7M        21M       3.2G

MemTotal:        4016004 kB
MemFree:          128676 kB
Active:           349164 kB
Mem:          3.8G       3.7G       125M       5.7M        21M       3.2G

MemTotal:        4016004 kB
MemFree:          128692 kB
Active:           349204 kB
Mem:          3.8G       3.7G       125M       5.7M        21M       3.2G

MemTotal:        4016004 kB
MemFree:          128320 kB
Active:           349220 kB
Mem:          3.8G       3.7G       125M       5.7M        21M       3.2G

MemTotal:        4016004 kB
MemFree:          128320 kB
Active:           349228 kB
Mem:          3.8G       3.7G       125M       5.7M        21M       3.2G

MemTotal:        4016004 kB
MemFree:          128692 kB
Active:           349184 kB
Mem:          3.8G       3.7G       125M       5.7M        21M       3.2G

MemTotal:        4016004 kB
MemFree:          128560 kB
Active:           349240 kB
Mem:          3.8G       3.7G       125M       5.7M        21M       3.2G

MemTotal:        4016004 kB
MemFree:          128808 kB
Active:           349196 kB
Mem:          3.8G       3.7G       125M       5.7M        21M       3.2G

MemTotal:        4016004 kB
MemFree:          128932 kB
Active:           349224 kB
Mem:          3.8G       3.7G       125M       5.7M        21M       3.2G

MemTotal:        4016004 kB
MemFree:          128856 kB
Active:           349212 kB
Mem:          3.8G       3.7G       125M       5.7M        21M       3.2G

MemTotal:        4016004 kB
MemFree:          128484 kB
Active:           349240 kB
Mem:          3.8G       3.7G       125M       5.7M        21M       3.2G

MemTotal:        4016004 kB
MemFree:          128856 kB
Active:           349224 kB
Mem:          3.8G       3.7G       125M       5.7M        21M       3.2G

MemTotal:        4016004 kB
MemFree:          129104 kB
Active:           349204 kB
Mem:          3.8G       3.7G       125M       5.7M        21M       3.2G

MemTotal:        4016004 kB
MemFree:          128608 kB
Active:           349248 kB
Mem:          3.8G       3.7G       125M       5.7M        21M       3.2G

MemTotal:        4016004 kB
MemFree:          128988 kB
Active:           349232 kB
Mem:          3.8G       3.7G       125M       5.7M        21M       3.2G

MemTotal:        4016004 kB
MemFree:          128740 kB
Active:           349248 kB
Mem:          3.8G       3.7G       125M       5.7M        21M       3.2G

MemTotal:        4016004 kB
MemFree:          129112 kB
Active:           349236 kB
Mem:          3.8G       3.7G       126M       5.7M        21M       3.2G

MemTotal:        4016004 kB
MemFree:          128740 kB
Active:           349256 kB
Mem:          3.8G       3.7G       125M       5.7M        21M       3.2G

MemTotal:        4016004 kB
MemFree:          129112 kB
Active:           349244 kB
Mem:          3.8G       3.7G       126M       5.7M        21M       3.2G

MemTotal:        4016004 kB
MemFree:          129112 kB
Active:           349220 kB
Mem:          3.8G       3.7G       125M       5.7M        21M       3.2G

MemTotal:        4016004 kB
MemFree:          128616 kB
Active:           349264 kB
Mem:          3.8G       3.7G       125M       5.7M        21M       3.2G

MemTotal:        4016004 kB
MemFree:          128740 kB
Active:           349260 kB
Mem:          3.8G       3.7G       125M       5.7M        21M       3.2G

MemTotal:        4016004 kB
MemFree:          128368 kB
Active:           349264 kB
Mem:          3.8G       3.7G       125M       5.7M        21M       3.2G

MemTotal:        4016004 kB
MemFree:          128988 kB
Active:           349220 kB
Mem:          3.8G       3.7G       125M       5.7M        21M       3.2G

MemTotal:        4016004 kB
MemFree:          128616 kB
Active:           349272 kB
Mem:          3.8G       3.7G       125M       5.7M        21M       3.2G

MemTotal:        4016004 kB
MemFree:          129236 kB
Active:           349236 kB
