MemTotal:        4016004 kB
MemFree:         3225952 kB
Active:           433972 kB
Mem:          3.8G       772M       3.1G       5.7M        59M       321M

MemTotal:        4016004 kB
MemFree:         3225556 kB
Active:           434356 kB
Mem:          3.8G       772M       3.1G       5.7M        59M       321M

MemTotal:        4016004 kB
MemFree:         3225168 kB
Active:           434464 kB
Mem:          3.8G       772M       3.1G       5.7M        59M       321M

MemTotal:        4016004 kB
MemFree:         3224532 kB
Active:           434468 kB
Mem:          3.8G       773M       3.1G       5.7M        59M       321M

MemTotal:        4016004 kB
MemFree:         3222732 kB
Active:           434388 kB
Mem:          3.8G       774M       3.1G       5.7M        59M       321M

MemTotal:        4016004 kB
MemFree:         3223088 kB
Active:           436448 kB
Mem:          3.8G       774M       3.1G       5.7M        59M       321M

MemTotal:        4016004 kB
MemFree:         3223196 kB
Active:           436456 kB
Mem:          3.8G       774M       3.1G       5.7M        59M       321M

MemTotal:        4016004 kB
MemFree:         3223180 kB
Active:           436464 kB
Mem:          3.8G       774M       3.1G       5.7M        59M       321M

MemTotal:        4016004 kB
MemFree:         3222916 kB
Active:           436464 kB
Mem:          3.8G       774M       3.1G       5.7M        59M       321M

MemTotal:        4016004 kB
MemFree:         3222668 kB
Active:           436520 kB
Mem:          3.8G       774M       3.1G       5.7M        59M       321M

MemTotal:        4016004 kB
MemFree:         3223040 kB
Active:           436508 kB
Mem:          3.8G       774M       3.1G       5.7M        59M       321M

MemTotal:        4016004 kB
MemFree:         3222916 kB
Active:           436508 kB
Mem:          3.8G       774M       3.1G       5.7M        59M       321M

MemTotal:        4016004 kB
MemFree:         3223164 kB
Active:           436512 kB
Mem:          3.8G       774M       3.1G       5.7M        59M       321M

MemTotal:        4016004 kB
MemFree:         3222992 kB
Active:           436500 kB
Mem:          3.8G       774M       3.1G       5.7M        59M       321M

MemTotal:        4016004 kB
MemFree:         3223084 kB
Active:           434468 kB
Mem:          3.8G       774M       3.1G       5.7M        59M       321M

MemTotal:        4016004 kB
MemFree:         3223068 kB
Active:           436528 kB
Mem:          3.8G       774M       3.1G       5.7M        59M       321M

MemTotal:        4016004 kB
MemFree:         3222960 kB
Active:           436524 kB
Mem:          3.8G       774M       3.1G       5.7M        59M       321M

MemTotal:        4016004 kB
MemFree:         3222556 kB
Active:           436532 kB
Mem:          3.8G       774M       3.1G       5.7M        59M       321M

MemTotal:        4016004 kB
MemFree:         3222712 kB
Active:           436520 kB
Mem:          3.8G       774M       3.1G       5.7M        59M       321M

MemTotal:        4016004 kB
MemFree:         3222736 kB
Active:           436556 kB
Mem:          3.8G       774M       3.1G       5.7M        59M       321M

MemTotal:        4016004 kB
MemFree:         3222488 kB
Active:           436556 kB
Mem:          3.8G       774M       3.1G       5.7M        59M       321M

MemTotal:        4016004 kB
MemFree:         3222488 kB
Active:           436564 kB
Mem:          3.8G       774M       3.1G       5.7M        59M       321M

MemTotal:        4016004 kB
MemFree:         3222364 kB
Active:           436564 kB
Mem:          3.8G       774M       3.1G       5.7M        59M       321M

MemTotal:        4016004 kB
MemFree:         3222364 kB
Active:           436524 kB
Mem:          3.8G       775M       3.1G       5.7M        59M       321M

MemTotal:        4016004 kB
MemFree:         3222116 kB
Active:           436564 kB
Mem:          3.8G       774M       3.1G       5.7M        59M       321M

MemTotal:        4016004 kB
MemFree:         3222736 kB
Active:           436528 kB
Mem:          3.8G       774M       3.1G       5.7M        59M       321M

MemTotal:        4016004 kB
MemFree:         3222612 kB
Active:           436520 kB
Mem:          3.8G       774M       3.1G       5.7M        59M       321M

MemTotal:        4016004 kB
MemFree:         3222364 kB
Active:           436564 kB
Mem:          3.8G       774M       3.1G       5.7M        59M       321M

MemTotal:        4016004 kB
MemFree:         3222720 kB
Active:           436540 kB
Mem:          3.8G       774M       3.1G       5.7M        59M       321M

MemTotal:        4016004 kB
MemFree:         3222596 kB
Active:           436564 kB
Mem:          3.8G       774M       3.1G       5.7M        59M       321M

MemTotal:        4016004 kB
MemFree:         3222332 kB
Active:           436576 kB
Mem:          3.8G       774M       3.1G       5.7M        59M       321M

MemTotal:        4016004 kB
MemFree:         3222084 kB
Active:           436576 kB
Mem:          3.8G       775M       3.1G       5.7M        59M       321M

MemTotal:        4016004 kB
MemFree:         3222440 kB
Active:           436532 kB
Mem:          3.8G       775M       3.1G       5.7M        59M       321M

MemTotal:        4016004 kB
MemFree:         3222356 kB
Active:           436568 kB
Mem:          3.8G       774M       3.1G       5.7M        59M       321M

MemTotal:        4016004 kB
MemFree:         3222356 kB
Active:           436584 kB
Mem:          3.8G       774M       3.1G       5.7M        59M       321M

MemTotal:        4016004 kB
MemFree:         3222712 kB
Active:           436540 kB
Mem:          3.8G       774M       3.1G       5.7M        59M       321M

MemTotal:        4016004 kB
MemFree:         3222944 kB
Active:           436564 kB
Mem:          3.8G       774M       3.1G       5.7M        59M       321M

MemTotal:        4016004 kB
MemFree:         3222696 kB
Active:           436584 kB
Mem:          3.8G       774M       3.1G       5.7M        59M       321M

MemTotal:        4016004 kB
MemFree:         3222432 kB
Active:           436584 kB
Mem:          3.8G       774M       3.1G       5.7M        59M       321M

MemTotal:        4016004 kB
MemFree:         3222804 kB
Active:           436552 kB
Mem:          3.8G       774M       3.1G       5.7M        59M       321M

MemTotal:        4016004 kB
MemFree:         3222636 kB
Active:           436596 kB
Mem:          3.8G       774M       3.1G       5.7M        59M       321M

MemTotal:        4016004 kB
MemFree:         3222884 kB
Active:           436576 kB
Mem:          3.8G       774M       3.1G       5.7M        59M       321M

MemTotal:        4016004 kB
MemFree:         3223008 kB
Active:           436556 kB
Mem:          3.8G       774M       3.1G       5.7M        59M       321M

MemTotal:        4016004 kB
MemFree:         3220836 kB
Active:           436600 kB
Mem:          3.8G       776M       3.1G       5.7M        59M       321M

MemTotal:        4016004 kB
MemFree:         3220588 kB
Active:           438588 kB
Mem:          3.8G       776M       3.1G       5.7M        59M       321M

MemTotal:        4016004 kB
MemFree:         3220684 kB
Active:           438588 kB
Mem:          3.8G       776M       3.1G       5.7M        59M       321M

MemTotal:        4016004 kB
MemFree:         3220560 kB
Active:           438612 kB
Mem:          3.8G       776M       3.1G       5.7M        59M       321M

MemTotal:        4016004 kB
MemFree:         3220808 kB
Active:           438584 kB
Mem:          3.8G       776M       3.1G       5.7M        59M       321M

MemTotal:        4016004 kB
MemFree:         3220916 kB
Active:           438608 kB
Mem:          3.8G       776M       3.1G       5.7M        59M       321M

MemTotal:        4016004 kB
MemFree:         3220792 kB
Active:           438600 kB
Mem:          3.8G       776M       3.1G       5.7M        59M       321M

MemTotal:        4016004 kB
MemFree:         3220900 kB
Active:           438628 kB
Mem:          3.8G       776M       3.1G       5.7M        59M       321M

MemTotal:        4016004 kB
MemFree:         3220760 kB
Active:           438620 kB
Mem:          3.8G       776M       3.1G       5.7M        59M       321M

MemTotal:        4016004 kB
MemFree:         3220620 kB
Active:           438632 kB
Mem:          3.8G       776M       3.1G       5.7M        59M       321M

MemTotal:        4016004 kB
MemFree:         3220744 kB
Active:           438616 kB
Mem:          3.8G       776M       3.1G       5.7M        59M       321M

MemTotal:        4016004 kB
MemFree:         3220092 kB
Active:           438660 kB
Mem:          3.8G       776M       3.1G       5.7M        59M       321M

MemTotal:        4016004 kB
MemFree:         3220604 kB
Active:           438640 kB
Mem:          3.8G       776M       3.1G       5.7M        59M       321M

MemTotal:        4016004 kB
MemFree:         3220480 kB
Active:           438612 kB
Mem:          3.8G       776M       3.1G       5.7M        59M       321M

MemTotal:        4016004 kB
MemFree:         3220744 kB
Active:           438616 kB
Mem:          3.8G       776M       3.1G       5.7M        59M       321M

MemTotal:        4016004 kB
MemFree:         3220620 kB
Active:           438672 kB
Mem:          3.8G       776M       3.1G       5.7M        59M       321M

MemTotal:        4016004 kB
MemFree:         3220744 kB
Active:           438636 kB
Mem:          3.8G       776M       3.1G       5.7M        59M       321M

MemTotal:        4016004 kB
MemFree:         3220620 kB
Active:           438672 kB
Mem:          3.8G       776M       3.1G       5.7M        59M       321M

MemTotal:        4016004 kB
MemFree:         3220744 kB
Active:           438640 kB
Mem:          3.8G       776M       3.1G       5.7M        59M       321M

MemTotal:        4016004 kB
MemFree:         3220604 kB
Active:           438664 kB
Mem:          3.8G       776M       3.1G       5.7M        59M       321M

MemTotal:        4016004 kB
MemFree:         3220792 kB
Active:           438652 kB
Mem:          3.8G       776M       3.1G       5.7M        59M       321M

MemTotal:        4016004 kB
MemFree:         3220792 kB
Active:           438640 kB
Mem:          3.8G       776M       3.1G       5.7M        59M       321M

MemTotal:        4016004 kB
MemFree:         3220544 kB
Active:           438680 kB
Mem:          3.8G       776M       3.1G       5.7M        59M       321M

MemTotal:        4016004 kB
MemFree:         3220776 kB
Active:           438628 kB
Mem:          3.8G       776M       3.1G       5.7M        59M       321M

MemTotal:        4016004 kB
MemFree:         3220512 kB
Active:           438648 kB
Mem:          3.8G       777M       3.1G       5.7M        59M       321M

MemTotal:        4016004 kB
MemFree:         3220496 kB
Active:           438676 kB
Mem:          3.8G       777M       3.1G       5.7M        59M       321M

MemTotal:        4016004 kB
MemFree:         3220388 kB
Active:           438652 kB
Mem:          3.8G       777M       3.1G       5.7M        59M       321M

MemTotal:        4016004 kB
MemFree:         3220512 kB
Active:           438676 kB
Mem:          3.8G       776M       3.1G       5.7M        59M       321M

MemTotal:        4016004 kB
MemFree:         3220636 kB
Active:           438660 kB
Mem:          3.8G       776M       3.1G       5.7M        59M       321M

MemTotal:        4016004 kB
MemFree:         3220512 kB
Active:           438664 kB
Mem:          3.8G       776M       3.1G       5.7M        59M       321M

MemTotal:        4016004 kB
MemFree:         3220388 kB
Active:           438648 kB
Mem:          3.8G       776M       3.1G       5.7M        59M       321M

MemTotal:        4016004 kB
MemFree:         3220512 kB
Active:           438628 kB
Mem:          3.8G       776M       3.1G       5.7M        59M       321M

MemTotal:        4016004 kB
MemFree:         3220512 kB
Active:           438684 kB
Mem:          3.8G       776M       3.1G       5.7M        59M       321M

MemTotal:        4016004 kB
MemFree:         3221256 kB
Active:           438660 kB
Mem:          3.8G       776M       3.1G       5.7M        59M       321M

MemTotal:        4016004 kB
MemFree:         3221132 kB
Active:           438648 kB
Mem:          3.8G       776M       3.1G       5.7M        59M       321M

MemTotal:        4016004 kB
MemFree:         3221256 kB
Active:           438636 kB
Mem:          3.8G       776M       3.1G       5.7M        59M       321M

MemTotal:        4016004 kB
MemFree:         3220884 kB
Active:           438692 kB
Mem:          3.8G       776M       3.1G       5.7M        59M       321M

MemTotal:        4016004 kB
MemFree:         3221256 kB
Active:           438636 kB
Mem:          3.8G       776M       3.1G       5.7M        59M       321M

MemTotal:        4016004 kB
MemFree:         3221256 kB
Active:           438680 kB
Mem:          3.8G       776M       3.1G       5.7M        59M       321M

MemTotal:        4016004 kB
MemFree:         3221008 kB
Active:           438684 kB
Mem:          3.8G       775M       3.1G       5.7M        59M       321M

MemTotal:        4016004 kB
MemFree:         3221248 kB
Active:           436612 kB
Mem:          3.8G       776M       3.1G       5.7M        59M       321M

MemTotal:        4016004 kB
MemFree:         3221356 kB
Active:           438640 kB
Mem:          3.8G       776M       3.1G       5.7M        59M       321M

MemTotal:        4016004 kB
MemFree:         3221480 kB
Active:           438676 kB
Mem:          3.8G       775M       3.1G       5.7M        59M       321M

MemTotal:        4016004 kB
MemFree:         3221232 kB
Active:           438680 kB
Mem:          3.8G       776M       3.1G       5.7M        59M       321M

MemTotal:        4016004 kB
MemFree:         3221356 kB
Active:           438688 kB
Mem:          3.8G       776M       3.1G       5.7M        59M       321M

MemTotal:        4016004 kB
MemFree:         3221232 kB
Active:           438664 kB
Mem:          3.8G       776M       3.1G       5.7M        59M       321M

MemTotal:        4016004 kB
MemFree:         3221092 kB
Active:           438700 kB
Mem:          3.8G       776M       3.1G       5.7M        59M       321M

MemTotal:        4016004 kB
MemFree:         3220720 kB
Active:           438688 kB
Mem:          3.8G       776M       3.1G       5.7M        59M       321M

MemTotal:        4016004 kB
MemFree:         3220456 kB
Active:           438716 kB
Mem:          3.8G       776M       3.1G       5.7M        59M       321M

MemTotal:        4016004 kB
MemFree:         3221060 kB
Active:           438696 kB
Mem:          3.8G       776M       3.1G       5.7M        59M       321M

MemTotal:        4016004 kB
MemFree:         3220656 kB
Active:           436624 kB
Mem:          3.8G       776M       3.1G       5.7M        59M       321M

MemTotal:        4016004 kB
MemFree:         3220780 kB
Active:           438700 kB
Mem:          3.8G       776M       3.1G       5.7M        59M       321M

MemTotal:        4016004 kB
MemFree:         3220764 kB
Active:           438672 kB
Mem:          3.8G       776M       3.1G       5.7M        59M       321M

MemTotal:        4016004 kB
MemFree:         3220268 kB
Active:           438728 kB
Mem:          3.8G       777M       3.1G       5.7M        59M       321M

MemTotal:        4016004 kB
MemFree:         3220764 kB
Active:           438684 kB
Mem:          3.8G       776M       3.1G       5.7M        59M       321M

MemTotal:        4016004 kB
MemFree:         3220764 kB
Active:           438700 kB
Mem:          3.8G       776M       3.1G       5.7M        59M       321M

MemTotal:        4016004 kB
MemFree:         3220764 kB
Active:           438716 kB
Mem:          3.8G       776M       3.1G       5.7M        59M       321M

MemTotal:        4016004 kB
MemFree:         3220360 kB
Active:           438928 kB
Mem:          3.8G       777M       3.1G       5.7M        59M       321M

MemTotal:        4016004 kB
MemFree:         3177080 kB
Active:           439020 kB
Mem:          3.8G       819M       3.0G       5.7M        59M       363M

MemTotal:        4016004 kB
MemFree:         3132208 kB
Active:           437080 kB
Mem:          3.8G       863M       3.0G       5.7M        59M       407M

MemTotal:        4016004 kB
MemFree:         3086980 kB
Active:           439012 kB
Mem:          3.8G       907M       2.9G       5.7M        59M       451M

MemTotal:        4016004 kB
MemFree:         3042616 kB
Active:           439032 kB
Mem:          3.8G       951M       2.9G       5.7M        59M       495M

MemTotal:        4016004 kB
MemFree:         2997508 kB
Active:           439068 kB
Mem:          3.8G       994M       2.9G       5.7M        59M       537M

MemTotal:        4016004 kB
MemFree:         2951408 kB
Active:           439068 kB
Mem:          3.8G       1.0G       2.8G       5.7M        59M       581M

MemTotal:        4016004 kB
MemFree:         2905504 kB
Active:           439076 kB
Mem:          3.8G       1.1G       2.8G       5.7M        59M       624M

MemTotal:        4016004 kB
MemFree:         2859968 kB
Active:           439056 kB
Mem:          3.8G       1.1G       2.7G       5.7M        59M       668M

MemTotal:        4016004 kB
MemFree:         2815388 kB
Active:           439032 kB
Mem:          3.8G       1.1G       2.7G       5.7M        59M       712M

MemTotal:        4016004 kB
MemFree:         2770604 kB
Active:           439076 kB
Mem:          3.8G       1.2G       2.6G       5.7M        59M       755M

MemTotal:        4016004 kB
MemFree:         2725168 kB
Active:           439080 kB
Mem:          3.8G       1.2G       2.6G       5.7M        59M       798M

MemTotal:        4016004 kB
MemFree:         2678200 kB
Active:           439056 kB
Mem:          3.8G       1.3G       2.6G       5.7M        59M       842M

MemTotal:        4016004 kB
MemFree:         2665892 kB
Active:           441072 kB
Mem:          3.8G       1.3G       2.5G       5.7M        59M       853M

MemTotal:        4016004 kB
MemFree:         2664588 kB
Active:           441116 kB
Mem:          3.8G       1.3G       2.5G       5.7M        59M       854M

MemTotal:        4016004 kB
MemFree:         2661932 kB
Active:           441184 kB
Mem:          3.8G       1.3G       2.5G       5.7M        59M       856M

MemTotal:        4016004 kB
MemFree:         2620916 kB
Active:           441192 kB
Mem:          3.8G       1.3G       2.5G       5.7M        59M       896M

MemTotal:        4016004 kB
MemFree:         2575872 kB
Active:           441196 kB
Mem:          3.8G       1.4G       2.5G       5.7M        59M       940M

MemTotal:        4016004 kB
MemFree:         2530892 kB
Active:           441196 kB
Mem:          3.8G       1.4G       2.4G       5.7M        59M       983M

MemTotal:        4016004 kB
MemFree:         2486700 kB
Active:           441188 kB
Mem:          3.8G       1.5G       2.4G       5.7M        59M       1.0G

MemTotal:        4016004 kB
MemFree:         2441096 kB
Active:           441184 kB
Mem:          3.8G       1.5G       2.3G       5.7M        59M       1.0G

MemTotal:        4016004 kB
MemFree:         2396468 kB
Active:           441208 kB
Mem:          3.8G       1.5G       2.3G       5.7M        59M       1.1G

MemTotal:        4016004 kB
MemFree:         2351808 kB
Active:           441200 kB
Mem:          3.8G       1.6G       2.2G       5.7M        59M       1.1G

MemTotal:        4016004 kB
MemFree:         2309972 kB
Active:           441216 kB
Mem:          3.8G       1.6G       2.2G       5.7M        59M       1.2G

MemTotal:        4016004 kB
MemFree:         2280240 kB
Active:           441228 kB
Mem:          3.8G       1.7G       2.2G       5.7M        59M       1.2G

MemTotal:        4016004 kB
MemFree:         2235644 kB
Active:           441232 kB
Mem:          3.8G       1.7G       2.1G       5.7M        59M       1.2G

MemTotal:        4016004 kB
MemFree:         2208716 kB
Active:           441212 kB
Mem:          3.8G       1.7G       2.1G       5.7M        59M       1.3G

MemTotal:        4016004 kB
MemFree:         2208252 kB
Active:           441240 kB
Mem:          3.8G       1.7G       2.1G       5.7M        59M       1.3G

MemTotal:        4016004 kB
MemFree:         2208076 kB
Active:           441208 kB
Mem:          3.8G       1.7G       2.1G       5.7M        59M       1.3G

MemTotal:        4016004 kB
MemFree:         2205876 kB
Active:           441272 kB
Mem:          3.8G       1.7G       2.1G       5.7M        59M       1.3G

MemTotal:        4016004 kB
MemFree:         2166832 kB
Active:           441288 kB
Mem:          3.8G       1.8G       2.1G       5.7M        59M       1.3G

MemTotal:        4016004 kB
MemFree:         2122716 kB
Active:           441256 kB
Mem:          3.8G       1.8G       2.0G       5.7M        59M       1.3G

MemTotal:        4016004 kB
MemFree:         2077468 kB
Active:           441296 kB
Mem:          3.8G       1.8G       2.0G       5.7M        59M       1.4G

MemTotal:        4016004 kB
MemFree:         2031492 kB
Active:           441272 kB
Mem:          3.8G       1.9G       1.9G       5.7M        59M       1.4G

MemTotal:        4016004 kB
MemFree:         1987252 kB
Active:           441296 kB
Mem:          3.8G       1.9G       1.9G       5.7M        59M       1.5G

MemTotal:        4016004 kB
MemFree:         1943136 kB
Active:           441268 kB
Mem:          3.8G       2.0G       1.9G       5.7M        59M       1.5G

MemTotal:        4016004 kB
MemFree:         1897780 kB
Active:           441300 kB
Mem:          3.8G       2.0G       1.8G       5.7M        59M       1.6G

MemTotal:        4016004 kB
MemFree:         1854036 kB
Active:           441312 kB
Mem:          3.8G       2.1G       1.8G       5.7M        59M       1.6G

MemTotal:        4016004 kB
MemFree:         1842532 kB
Active:           441304 kB
Mem:          3.8G       2.1G       1.8G       5.7M        59M       1.6G

MemTotal:        4016004 kB
MemFree:         1797504 kB
Active:           441308 kB
Mem:          3.8G       2.1G       1.7G       5.7M        59M       1.6G

MemTotal:        4016004 kB
MemFree:         1753512 kB
Active:           441344 kB
Mem:          3.8G       2.2G       1.7G       5.7M        59M       1.7G

MemTotal:        4016004 kB
MemFree:         1752532 kB
Active:           441380 kB
Mem:          3.8G       2.2G       1.7G       5.7M        59M       1.7G

MemTotal:        4016004 kB
MemFree:         1747940 kB
Active:           441380 kB
Mem:          3.8G       2.2G       1.7G       5.7M        59M       1.7G

MemTotal:        4016004 kB
MemFree:         1745552 kB
Active:           443448 kB
Mem:          3.8G       2.2G       1.7G       5.7M        59M       1.7G

MemTotal:        4016004 kB
MemFree:         1724192 kB
Active:           443472 kB
Mem:          3.8G       2.2G       1.6G       5.7M        59M       1.7G

MemTotal:        4016004 kB
MemFree:         1679820 kB
Active:           443472 kB
Mem:          3.8G       2.2G       1.6G       5.7M        59M       1.8G

MemTotal:        4016004 kB
MemFree:         1634108 kB
Active:           443444 kB
Mem:          3.8G       2.3G       1.6G       5.7M        59M       1.8G

MemTotal:        4016004 kB
MemFree:         1590444 kB
Active:           443480 kB
Mem:          3.8G       2.3G       1.5G       5.7M        59M       1.8G

MemTotal:        4016004 kB
MemFree:         1545072 kB
Active:           443460 kB
Mem:          3.8G       2.4G       1.5G       5.7M        59M       1.9G

MemTotal:        4016004 kB
MemFree:         1500088 kB
Active:           443452 kB
Mem:          3.8G       2.4G       1.4G       5.7M        59M       1.9G

MemTotal:        4016004 kB
MemFree:         1454732 kB
Active:           443432 kB
Mem:          3.8G       2.4G       1.4G       5.7M        59M       2.0G

MemTotal:        4016004 kB
MemFree:         1410740 kB
Active:           443424 kB
Mem:          3.8G       2.5G       1.3G       5.7M        59M       2.0G

MemTotal:        4016004 kB
MemFree:         1396164 kB
Active:           443460 kB
Mem:          3.8G       2.5G       1.3G       5.7M        59M       2.0G

MemTotal:        4016004 kB
MemFree:         1353136 kB
Active:           443516 kB
Mem:          3.8G       2.5G       1.3G       5.7M        59M       2.1G

MemTotal:        4016004 kB
MemFree:         1312108 kB
Active:           443516 kB
Mem:          3.8G       2.6G       1.3G       5.7M        59M       2.1G

MemTotal:        4016004 kB
MemFree:         1294228 kB
Active:           443504 kB
Mem:          3.8G       2.6G       1.2G       5.7M        59M       2.1G

MemTotal:        4016004 kB
MemFree:         1249040 kB
Active:           443500 kB
Mem:          3.8G       2.6G       1.2G       5.7M        59M       2.2G

MemTotal:        4016004 kB
MemFree:         1204260 kB
Active:           443484 kB
Mem:          3.8G       2.7G       1.1G       5.7M        59M       2.2G

MemTotal:        4016004 kB
MemFree:         1159392 kB
Active:           443480 kB
Mem:          3.8G       2.7G       1.1G       5.7M        59M       2.2G

MemTotal:        4016004 kB
MemFree:         1114116 kB
Active:           443500 kB
Mem:          3.8G       2.8G       1.1G       5.7M        59M       2.3G

MemTotal:        4016004 kB
MemFree:         1068868 kB
Active:           443508 kB
Mem:          3.8G       2.8G       1.0G       5.7M        59M       2.3G

MemTotal:        4016004 kB
MemFree:         1024520 kB
Active:           443536 kB
Mem:          3.8G       2.9G       1.0G       5.7M        59M       2.4G

MemTotal:        4016004 kB
MemFree:          978560 kB
Active:           443548 kB
Mem:          3.8G       2.9G       955M       5.7M        59M       2.4G

MemTotal:        4016004 kB
MemFree:          933932 kB
Active:           443552 kB
Mem:          3.8G       2.9G       911M       5.7M        59M       2.5G

MemTotal:        4016004 kB
MemFree:          890284 kB
Active:           443532 kB
Mem:          3.8G       3.0G       869M       5.7M        59M       2.5G

MemTotal:        4016004 kB
MemFree:          844832 kB
Active:           443560 kB
Mem:          3.8G       3.0G       824M       5.7M        59M       2.5G

MemTotal:        4016004 kB
MemFree:          799132 kB
Active:           443532 kB
Mem:          3.8G       3.1G       780M       5.7M        59M       2.6G

MemTotal:        4016004 kB
MemFree:          754588 kB
Active:           443548 kB
Mem:          3.8G       3.1G       737M       5.7M        59M       2.6G

MemTotal:        4016004 kB
MemFree:          710348 kB
Active:           443548 kB
Mem:          3.8G       3.2G       693M       5.7M        59M       2.7G

MemTotal:        4016004 kB
MemFree:          664752 kB
Active:           443540 kB
Mem:          3.8G       3.2G       648M       5.7M        59M       2.7G

MemTotal:        4016004 kB
MemFree:          620184 kB
Active:           443544 kB
Mem:          3.8G       3.2G       605M       5.7M        59M       2.8G

MemTotal:        4016004 kB
MemFree:          575684 kB
Active:           443548 kB
Mem:          3.8G       3.3G       562M       5.7M        59M       2.8G

MemTotal:        4016004 kB
MemFree:          531588 kB
Active:           443604 kB
Mem:          3.8G       3.3G       519M       5.7M        59M       2.8G

MemTotal:        4016004 kB
MemFree:          486392 kB
Active:           443576 kB
Mem:          3.8G       3.4G       475M       5.7M        59M       2.9G

MemTotal:        4016004 kB
MemFree:          441424 kB
Active:           443456 kB
Mem:          3.8G       3.4G       430M       5.7M        59M       2.9G

MemTotal:        4016004 kB
MemFree:          396688 kB
Active:           443408 kB
Mem:          3.8G       3.5G       386M       5.7M        59M       3.0G

MemTotal:        4016004 kB
MemFree:          351440 kB
Active:           443420 kB
Mem:          3.8G       3.5G       343M       5.7M        59M       3.0G

MemTotal:        4016004 kB
MemFree:          306332 kB
Active:           443420 kB
Mem:          3.8G       3.5G       299M       5.7M        59M       3.0G

MemTotal:        4016004 kB
MemFree:          262092 kB
Active:           443440 kB
Mem:          3.8G       3.6G       255M       5.7M        59M       3.1G

MemTotal:        4016004 kB
MemFree:          216520 kB
Active:           443420 kB
Mem:          3.8G       3.6G       211M       5.7M        59M       3.1G

MemTotal:        4016004 kB
MemFree:          170668 kB
Active:           443464 kB
Mem:          3.8G       3.7G       166M       5.7M        59M       3.2G

MemTotal:        4016004 kB
MemFree:          167072 kB
Active:           441556 kB
Mem:          3.8G       3.7G       163M       5.7M        59M       3.2G

MemTotal:        4016004 kB
MemFree:          121860 kB
Active:           443556 kB
Mem:          3.8G       3.7G       118M       5.7M        59M       3.2G

MemTotal:        4016004 kB
MemFree:          129448 kB
Active:           445304 kB
Mem:          3.8G       3.7G       123M       5.7M        27M       3.2G

MemTotal:        4016004 kB
MemFree:          152032 kB
Active:           501912 kB
Mem:          3.8G       3.7G       147M       5.7M        27M       3.2G

MemTotal:        4016004 kB
MemFree:          104856 kB
Active:           502120 kB
Mem:          3.8G       3.7G       102M       5.7M        27M       3.3G

MemTotal:        4016004 kB
MemFree:          121376 kB
Active:           496876 kB
Mem:          3.8G       3.7G       118M       5.7M        27M       3.3G

MemTotal:        4016004 kB
MemFree:          113436 kB
Active:           493404 kB
Mem:          3.8G       3.7G       110M       5.7M        27M       3.3G

MemTotal:        4016004 kB
MemFree:          130264 kB
Active:           485928 kB
Mem:          3.8G       3.7G       126M       5.7M        27M       3.2G

MemTotal:        4016004 kB
MemFree:          114776 kB
Active:           482896 kB
Mem:          3.8G       3.7G       112M       5.7M        27M       3.3G

MemTotal:        4016004 kB
MemFree:          106952 kB
Active:           477580 kB
Mem:          3.8G       3.7G       104M       5.7M        27M       3.3G

MemTotal:        4016004 kB
MemFree:          124956 kB
Active:           474208 kB
Mem:          3.8G       3.7G       125M       5.7M        27M       3.2G

MemTotal:        4016004 kB
MemFree:          123952 kB
Active:           472544 kB
Mem:          3.8G       3.7G       121M       5.7M        27M       3.3G

MemTotal:        4016004 kB
MemFree:          127256 kB
Active:           469452 kB
Mem:          3.8G       3.7G       124M       5.7M        27M       3.2G

MemTotal:        4016004 kB
MemFree:          134800 kB
Active:           463616 kB
Mem:          3.8G       3.7G       131M       5.7M        27M       3.2G

MemTotal:        4016004 kB
MemFree:          144648 kB
Active:           461956 kB
Mem:          3.8G       3.7G       140M       5.7M        27M       3.2G

MemTotal:        4016004 kB
MemFree:          135088 kB
Active:           460808 kB
Mem:          3.8G       3.7G       131M       5.7M        27M       3.2G

MemTotal:        4016004 kB
MemFree:          126604 kB
Active:           459408 kB
Mem:          3.8G       3.7G       127M       5.7M        27M       3.2G

MemTotal:        4016004 kB
MemFree:          105924 kB
Active:           458748 kB
Mem:          3.8G       3.7G       103M       5.7M        27M       3.3G

MemTotal:        4016004 kB
MemFree:          134452 kB
Active:           456408 kB
Mem:          3.8G       3.7G       131M       5.7M        27M       3.2G

MemTotal:        4016004 kB
MemFree:          128088 kB
Active:           457080 kB
Mem:          3.8G       3.7G       125M       5.7M        27M       3.2G

MemTotal:        4016004 kB
MemFree:          125616 kB
Active:           455544 kB
Mem:          3.8G       3.7G       122M       5.7M        27M       3.2G

MemTotal:        4016004 kB
MemFree:          123064 kB
Active:           453876 kB
Mem:          3.8G       3.7G       119M       5.7M        27M       3.2G

MemTotal:        4016004 kB
MemFree:          125200 kB
Active:           451968 kB
Mem:          3.8G       3.7G       122M       5.7M        27M       3.2G

MemTotal:        4016004 kB
MemFree:          124012 kB
Active:           451328 kB
Mem:          3.8G       3.7G       121M       5.7M        27M       3.2G

MemTotal:        4016004 kB
MemFree:          115644 kB
Active:           451304 kB
Mem:          3.8G       3.7G       112M       5.7M        27M       3.3G

MemTotal:        4016004 kB
MemFree:          145568 kB
Active:           449184 kB
Mem:          3.8G       3.7G       142M       5.7M        27M       3.2G

MemTotal:        4016004 kB
MemFree:          127216 kB
Active:           446480 kB
Mem:          3.8G       3.7G       123M       5.7M        27M       3.2G

MemTotal:        4016004 kB
MemFree:          130880 kB
Active:           444828 kB
Mem:          3.8G       3.7G       127M       5.7M        27M       3.2G

MemTotal:        4016004 kB
MemFree:          116172 kB
Active:           443804 kB
Mem:          3.8G       3.7G       113M       5.7M        27M       3.3G

MemTotal:        4016004 kB
MemFree:          107520 kB
Active:           442652 kB
Mem:          3.8G       3.7G       105M       5.7M        27M       3.3G

MemTotal:        4016004 kB
MemFree:          125156 kB
Active:           440732 kB
Mem:          3.8G       3.7G       121M       5.7M        27M       3.2G

MemTotal:        4016004 kB
MemFree:          116100 kB
Active:           439556 kB
Mem:          3.8G       3.7G       113M       5.7M        27M       3.3G

MemTotal:        4016004 kB
MemFree:          120436 kB
Active:           437664 kB
Mem:          3.8G       3.7G       117M       5.7M        27M       3.3G

MemTotal:        4016004 kB
MemFree:          124264 kB
Active:           436132 kB
Mem:          3.8G       3.7G       121M       5.7M        27M       3.2G

MemTotal:        4016004 kB
MemFree:          127484 kB
Active:           432308 kB
Mem:          3.8G       3.7G       124M       5.7M        27M       3.2G

MemTotal:        4016004 kB
MemFree:          139376 kB
Active:           428404 kB
Mem:          3.8G       3.7G       135M       5.7M        27M       3.2G

MemTotal:        4016004 kB
MemFree:          131584 kB
Active:           427264 kB
Mem:          3.8G       3.7G       128M       5.7M        27M       3.2G

MemTotal:        4016004 kB
MemFree:          123748 kB
Active:           425984 kB
Mem:          3.8G       3.7G       121M       5.7M        27M       3.2G

MemTotal:        4016004 kB
MemFree:          115752 kB
Active:           424836 kB
Mem:          3.8G       3.7G       113M       5.7M        27M       3.3G

MemTotal:        4016004 kB
MemFree:          126924 kB
Active:           423152 kB
Mem:          3.8G       3.7G       123M       5.7M        27M       3.2G

MemTotal:        4016004 kB
MemFree:          117652 kB
Active:           422032 kB
Mem:          3.8G       3.7G       114M       5.7M        27M       3.3G

MemTotal:        4016004 kB
MemFree:          109248 kB
Active:           420892 kB
Mem:          3.8G       3.7G       106M       5.7M        27M       3.3G

MemTotal:        4016004 kB
MemFree:          118684 kB
Active:           419228 kB
Mem:          3.8G       3.7G       116M       5.7M        27M       3.3G

MemTotal:        4016004 kB
MemFree:          111368 kB
Active:           416060 kB
Mem:          3.8G       3.7G       108M       5.7M        27M       3.3G

MemTotal:        4016004 kB
MemFree:          126896 kB
Active:           414408 kB
Mem:          3.8G       3.7G       123M       5.7M        27M       3.2G

MemTotal:        4016004 kB
MemFree:          111808 kB
Active:           413220 kB
Mem:          3.8G       3.7G       109M       5.7M        27M       3.3G

MemTotal:        4016004 kB
MemFree:          110408 kB
Active:           412112 kB
Mem:          3.8G       3.7G       107M       5.7M        27M       3.3G

MemTotal:        4016004 kB
MemFree:          120264 kB
Active:           411072 kB
Mem:          3.8G       3.7G       117M       5.7M        27M       3.3G

MemTotal:        4016004 kB
MemFree:          111000 kB
Active:           409948 kB
Mem:          3.8G       3.7G       108M       5.7M        27M       3.3G

MemTotal:        4016004 kB
MemFree:          117752 kB
Active:           407212 kB
Mem:          3.8G       3.7G       114M       5.7M        27M       3.3G

MemTotal:        4016004 kB
MemFree:          109232 kB
Active:           407088 kB
Mem:          3.8G       3.7G       106M       5.7M        27M       3.3G

MemTotal:        4016004 kB
MemFree:          129880 kB
Active:           405044 kB
Mem:          3.8G       3.7G       126M       5.7M        27M       3.2G

MemTotal:        4016004 kB
MemFree:          120660 kB
Active:           403892 kB
Mem:          3.8G       3.7G       117M       5.7M        27M       3.3G

MemTotal:        4016004 kB
MemFree:          132456 kB
Active:           401844 kB
Mem:          3.8G       3.7G       129M       5.7M        27M       3.2G

MemTotal:        4016004 kB
MemFree:          123872 kB
Active:           400820 kB
Mem:          3.8G       3.7G       120M       5.7M        27M       3.2G

MemTotal:        4016004 kB
MemFree:          124860 kB
Active:           399808 kB
Mem:          3.8G       3.7G       121M       5.7M        27M       3.2G

MemTotal:        4016004 kB
MemFree:          117572 kB
Active:           398540 kB
Mem:          3.8G       3.7G       114M       5.7M        27M       3.3G

MemTotal:        4016004 kB
MemFree:          127092 kB
Active:           396748 kB
Mem:          3.8G       3.7G       123M       5.7M        27M       3.2G

MemTotal:        4016004 kB
MemFree:          144824 kB
Active:           395068 kB
Mem:          3.8G       3.7G       141M       5.7M        27M       3.2G

MemTotal:        4016004 kB
MemFree:          115964 kB
Active:           394940 kB
Mem:          3.8G       3.7G       112M       5.7M        27M       3.3G

MemTotal:        4016004 kB
MemFree:          106432 kB
Active:           393820 kB
Mem:          3.8G       3.7G       104M       5.7M        27M       3.3G

MemTotal:        4016004 kB
MemFree:          127056 kB
Active:           389564 kB
Mem:          3.8G       3.7G       124M       5.7M        27M       3.2G

MemTotal:        4016004 kB
MemFree:          136140 kB
Active:           385696 kB
Mem:          3.8G       3.7G       132M       5.7M        27M       3.2G

MemTotal:        4016004 kB
MemFree:          140884 kB
Active:           384072 kB
Mem:          3.8G       3.7G       137M       5.7M        27M       3.2G

MemTotal:        4016004 kB
MemFree:          131008 kB
Active:           382940 kB
Mem:          3.8G       3.7G       133M       5.7M        27M       3.2G

MemTotal:        4016004 kB
MemFree:          134216 kB
Active:           381276 kB
Mem:          3.8G       3.7G       130M       5.7M        27M       3.2G

MemTotal:        4016004 kB
MemFree:          136060 kB
Active:           380608 kB
Mem:          3.8G       3.7G       132M       5.7M        27M       3.2G

MemTotal:        4016004 kB
MemFree:          106280 kB
Active:           380456 kB
Mem:          3.8G       3.7G       103M       5.7M        27M       3.3G

MemTotal:        4016004 kB
MemFree:          113464 kB
Active:           380488 kB
Mem:          3.8G       3.7G       110M       5.7M        27M       3.3G

MemTotal:        4016004 kB
MemFree:          128516 kB
Active:           380064 kB
Mem:          3.8G       3.7G       125M       5.7M        27M       3.2G

MemTotal:        4016004 kB
MemFree:          123852 kB
Active:           380068 kB
Mem:          3.8G       3.7G       120M       5.7M        27M       3.2G

MemTotal:        4016004 kB
MemFree:          108528 kB
Active:           380076 kB
Mem:          3.8G       3.7G       105M       5.7M        27M       3.3G

MemTotal:        4016004 kB
MemFree:          124684 kB
Active:           380024 kB
Mem:          3.8G       3.7G       126M       5.7M        27M       3.2G

MemTotal:        4016004 kB
MemFree:          123204 kB
Active:           380076 kB
Mem:          3.8G       3.7G       120M       5.7M        27M       3.2G

MemTotal:        4016004 kB
MemFree:          126232 kB
Active:           379964 kB
Mem:          3.8G       3.7G       122M       5.7M        27M       3.2G

MemTotal:        4016004 kB
MemFree:          137072 kB
Active:           379952 kB
Mem:          3.8G       3.7G       133M       5.7M        27M       3.2G

MemTotal:        4016004 kB
MemFree:          128020 kB
Active:           379972 kB
Mem:          3.8G       3.7G       124M       5.7M        27M       3.2G

MemTotal:        4016004 kB
MemFree:          119740 kB
Active:           379952 kB
Mem:          3.8G       3.7G       117M       5.7M        27M       3.2G

MemTotal:        4016004 kB
MemFree:          122080 kB
Active:           380000 kB
Mem:          3.8G       3.7G       118M       5.7M        27M       3.2G

MemTotal:        4016004 kB
MemFree:          126912 kB
Active:           382032 kB
Mem:          3.8G       3.7G       122M       5.7M        27M       3.2G

MemTotal:        4016004 kB
MemFree:          134800 kB
Active:           381996 kB
Mem:          3.8G       3.7G       130M       5.7M        27M       3.2G

MemTotal:        4016004 kB
MemFree:          120124 kB
Active:           382032 kB
Mem:          3.8G       3.7G       117M       5.7M        27M       3.2G

MemTotal:        4016004 kB
MemFree:          124464 kB
Active:           382068 kB
Mem:          3.8G       3.7G       120M       5.7M        27M       3.2G

MemTotal:        4016004 kB
MemFree:          108780 kB
Active:           382072 kB
Mem:          3.8G       3.7G       106M       5.7M        27M       3.3G

MemTotal:        4016004 kB
MemFree:          125072 kB
Active:           382048 kB
Mem:          3.8G       3.7G       122M       5.7M        27M       3.2G

MemTotal:        4016004 kB
MemFree:          126916 kB
Active:           382056 kB
Mem:          3.8G       3.7G       123M       5.7M        27M       3.2G

MemTotal:        4016004 kB
MemFree:          129444 kB
Active:           382080 kB
Mem:          3.8G       3.7G       126M       5.7M        27M       3.2G

MemTotal:        4016004 kB
MemFree:          128960 kB
Active:           382080 kB
Mem:          3.8G       3.7G       126M       5.7M        27M       3.2G

MemTotal:        4016004 kB
MemFree:          120572 kB
Active:           381960 kB
Mem:          3.8G       3.7G       117M       5.7M        27M       3.2G

MemTotal:        4016004 kB
MemFree:          124552 kB
Active:           381968 kB
Mem:          3.8G       3.7G       121M       5.7M        27M       3.2G

MemTotal:        4016004 kB
MemFree:          134160 kB
Active:           381940 kB
Mem:          3.8G       3.7G       130M       5.7M        27M       3.2G

MemTotal:        4016004 kB
MemFree:          125848 kB
Active:           381964 kB
Mem:          3.8G       3.7G       122M       5.7M        27M       3.2G

MemTotal:        4016004 kB
MemFree:          125836 kB
Active:           381940 kB
Mem:          3.8G       3.7G       122M       5.7M        27M       3.2G

MemTotal:        4016004 kB
MemFree:          134672 kB
Active:           381960 kB
Mem:          3.8G       3.7G       131M       5.7M        27M       3.2G

MemTotal:        4016004 kB
MemFree:          137184 kB
Active:           382000 kB
Mem:          3.8G       3.7G       133M       5.7M        27M       3.2G

MemTotal:        4016004 kB
MemFree:          128508 kB
Active:           382000 kB
Mem:          3.8G       3.7G       125M       5.7M        27M       3.2G

MemTotal:        4016004 kB
MemFree:          111940 kB
Active:           379244 kB
Mem:          3.8G       3.7G       108M       5.7M        27M       3.3G

MemTotal:        4016004 kB
MemFree:          125336 kB
Active:           379164 kB
Mem:          3.8G       3.7G       121M       5.7M        27M       3.2G

MemTotal:        4016004 kB
MemFree:          105116 kB
Active:           380464 kB
Mem:          3.8G       3.7G       111M       5.7M        27M       3.2G

MemTotal:        4016004 kB
MemFree:          105892 kB
Active:           380216 kB
Mem:          3.8G       3.7G       103M       5.7M        27M       3.3G

MemTotal:        4016004 kB
MemFree:          116920 kB
Active:           380180 kB
Mem:          3.8G       3.7G       114M       5.7M        27M       3.2G

MemTotal:        4016004 kB
MemFree:          109440 kB
Active:           380176 kB
Mem:          3.8G       3.7G       106M       5.7M        27M       3.3G

MemTotal:        4016004 kB
MemFree:          124676 kB
Active:           380228 kB
Mem:          3.8G       3.7G       122M       5.7M        27M       3.2G

MemTotal:        4016004 kB
MemFree:          117484 kB
Active:           380188 kB
Mem:          3.8G       3.7G       114M       5.7M        27M       3.2G

MemTotal:        4016004 kB
MemFree:          118196 kB
Active:           380184 kB
Mem:          3.8G       3.7G       115M       5.7M        27M       3.2G

MemTotal:        4016004 kB
MemFree:          127824 kB
Active:           380212 kB
Mem:          3.8G       3.7G       124M       5.7M        27M       3.2G

MemTotal:        4016004 kB
MemFree:          112236 kB
Active:           376060 kB
Mem:          3.8G       3.7G       109M       5.7M        27M       3.2G

MemTotal:        4016004 kB
MemFree:          124216 kB
Active:           375960 kB
Mem:          3.8G       3.7G       125M       5.7M        27M       3.2G

MemTotal:        4016004 kB
MemFree:          125456 kB
Active:           375916 kB
Mem:          3.8G       3.7G       122M       5.7M        27M       3.2G

MemTotal:        4016004 kB
MemFree:          106380 kB
Active:           375932 kB
Mem:          3.8G       3.7G       103M       5.7M        27M       3.3G

MemTotal:        4016004 kB
MemFree:          132152 kB
Active:           375920 kB
Mem:          3.8G       3.7G       129M       5.7M        27M       3.2G

MemTotal:        4016004 kB
MemFree:          117960 kB
Active:           375924 kB
Mem:          3.8G       3.7G       115M       5.7M        27M       3.2G

MemTotal:        4016004 kB
MemFree:          109308 kB
Active:           375968 kB
Mem:          3.8G       3.7G       106M       5.7M        27M       3.3G

MemTotal:        4016004 kB
MemFree:          125196 kB
Active:           375956 kB
Mem:          3.8G       3.7G       122M       5.7M        27M       3.2G

MemTotal:        4016004 kB
MemFree:          119264 kB
Active:           375288 kB
Mem:          3.8G       3.7G       116M       5.7M        27M       3.2G

MemTotal:        4016004 kB
MemFree:          131556 kB
Active:           375132 kB
Mem:          3.8G       3.7G       128M       5.7M        27M       3.2G

MemTotal:        4016004 kB
MemFree:          111896 kB
Active:           375096 kB
Mem:          3.8G       3.7G       109M       5.7M        27M       3.2G

MemTotal:        4016004 kB
MemFree:          127828 kB
Active:           375160 kB
Mem:          3.8G       3.7G       124M       5.7M        27M       3.2G

MemTotal:        4016004 kB
MemFree:          124600 kB
Active:           375140 kB
Mem:          3.8G       3.7G       121M       5.7M        27M       3.2G

MemTotal:        4016004 kB
MemFree:          106196 kB
Active:           375132 kB
Mem:          3.8G       3.7G       104M       5.7M        27M       3.3G

MemTotal:        4016004 kB
MemFree:          127904 kB
Active:           375148 kB
Mem:          3.8G       3.7G       124M       5.7M        27M       3.2G

MemTotal:        4016004 kB
MemFree:          119504 kB
Active:           375112 kB
Mem:          3.8G       3.7G       116M       5.7M        27M       3.2G

MemTotal:        4016004 kB
MemFree:          111348 kB
Active:           375152 kB
Mem:          3.8G       3.7G       108M       5.7M        27M       3.2G

MemTotal:        4016004 kB
MemFree:          122260 kB
Active:           373000 kB
Mem:          3.8G       3.7G       119M       5.7M        27M       3.2G

MemTotal:        4016004 kB
MemFree:          113564 kB
Active:           373060 kB
Mem:          3.8G       3.7G       110M       5.7M        27M       3.2G

MemTotal:        4016004 kB
MemFree:          105212 kB
Active:           373064 kB
Mem:          3.8G       3.7G       108M       5.7M        27M       3.2G

MemTotal:        4016004 kB
MemFree:          113148 kB
Active:           373064 kB
Mem:          3.8G       3.7G       110M       5.7M        27M       3.2G

MemTotal:        4016004 kB
MemFree:          106436 kB
Active:           373076 kB
Mem:          3.8G       3.7G       103M       5.7M        27M       3.3G

MemTotal:        4016004 kB
MemFree:          142108 kB
Active:           373088 kB
Mem:          3.8G       3.7G       138M       5.7M        27M       3.2G

MemTotal:        4016004 kB
MemFree:          133516 kB
Active:           373076 kB
Mem:          3.8G       3.7G       130M       5.7M        27M       3.2G

MemTotal:        4016004 kB
MemFree:          123536 kB
Active:           373100 kB
Mem:          3.8G       3.7G       120M       5.7M        27M       3.2G

MemTotal:        4016004 kB
MemFree:          132476 kB
Active:           373096 kB
Mem:          3.8G       3.7G       128M       5.7M        27M       3.2G

MemTotal:        4016004 kB
MemFree:          125020 kB
Active:           373076 kB
Mem:          3.8G       3.7G       121M       5.7M        27M       3.2G

MemTotal:        4016004 kB
MemFree:          109220 kB
Active:           373104 kB
Mem:          3.8G       3.7G       106M       5.7M        27M       3.2G

MemTotal:        4016004 kB
MemFree:          127300 kB
Active:           365496 kB
Mem:          3.8G       3.7G       124M       5.7M        27M       3.2G

MemTotal:        4016004 kB
MemFree:          126912 kB
Active:           365500 kB
Mem:          3.8G       3.7G       123M       5.7M        27M       3.2G

MemTotal:        4016004 kB
MemFree:          124756 kB
Active:           365500 kB
Mem:          3.8G       3.7G       121M       5.7M        27M       3.2G

MemTotal:        4016004 kB
MemFree:          127996 kB
Active:           365476 kB
Mem:          3.8G       3.7G       125M       5.7M        27M       3.2G

MemTotal:        4016004 kB
MemFree:          125932 kB
Active:           367148 kB
Mem:          3.8G       3.7G       123M       5.7M        27M       3.2G

MemTotal:        4016004 kB
MemFree:          130452 kB
Active:           366908 kB
Mem:          3.8G       3.7G       126M       5.7M        27M       3.2G

MemTotal:        4016004 kB
MemFree:          115064 kB
Active:           366912 kB
Mem:          3.8G       3.7G       112M       5.7M        27M       3.2G

MemTotal:        4016004 kB
MemFree:          107800 kB
Active:           366868 kB
Mem:          3.8G       3.7G       105M       5.7M        27M       3.2G

MemTotal:        4016004 kB
MemFree:          120852 kB
Active:           366900 kB
Mem:          3.8G       3.7G       117M       5.7M        27M       3.2G

MemTotal:        4016004 kB
MemFree:          111580 kB
Active:           366908 kB
Mem:          3.8G       3.7G       108M       5.7M        27M       3.2G

MemTotal:        4016004 kB
MemFree:          127388 kB
Active:           366912 kB
Mem:          3.8G       3.7G       124M       5.7M        27M       3.2G

MemTotal:        4016004 kB
MemFree:          130164 kB
Active:           364552 kB
Mem:          3.8G       3.7G       126M       5.7M        27M       3.2G

MemTotal:        4016004 kB
MemFree:          127384 kB
Active:           364388 kB
Mem:          3.8G       3.7G       124M       5.7M        27M       3.2G

MemTotal:        4016004 kB
MemFree:          111836 kB
Active:           364376 kB
Mem:          3.8G       3.7G       109M       5.7M        27M       3.2G

MemTotal:        4016004 kB
MemFree:          108160 kB
Active:           365400 kB
Mem:          3.8G       3.7G       105M       5.7M        27M       3.2G

MemTotal:        4016004 kB
MemFree:          125880 kB
Active:           365408 kB
Mem:          3.8G       3.7G       122M       5.7M        27M       3.2G

MemTotal:        4016004 kB
MemFree:          118084 kB
Active:           365408 kB
Mem:          3.8G       3.7G       115M       5.7M        27M       3.2G

MemTotal:        4016004 kB
MemFree:          109120 kB
Active:           365368 kB
Mem:          3.8G       3.7G       106M       5.7M        27M       3.2G

MemTotal:        4016004 kB
MemFree:          117676 kB
Active:           365416 kB
Mem:          3.8G       3.7G       115M       5.7M        27M       3.2G

MemTotal:        4016004 kB
MemFree:          110184 kB
Active:           365416 kB
Mem:          3.8G       3.7G       107M       5.7M        27M       3.2G

MemTotal:        4016004 kB
MemFree:          127088 kB
Active:           365384 kB
Mem:          3.8G       3.7G       123M       5.7M        27M       3.2G

MemTotal:        4016004 kB
MemFree:          117824 kB
Active:           365416 kB
Mem:          3.8G       3.7G       115M       5.7M        27M       3.2G

MemTotal:        4016004 kB
MemFree:          109488 kB
Active:           365432 kB
Mem:          3.8G       3.7G       106M       5.7M        27M       3.2G

MemTotal:        4016004 kB
MemFree:          117904 kB
Active:           365432 kB
Mem:          3.8G       3.7G       114M       5.7M        27M       3.2G

MemTotal:        4016004 kB
MemFree:          116688 kB
Active:           363364 kB
Mem:          3.8G       3.7G       113M       5.7M        27M       3.2G

MemTotal:        4016004 kB
MemFree:          125252 kB
Active:           363376 kB
Mem:          3.8G       3.7G       122M       5.7M        27M       3.2G

MemTotal:        4016004 kB
MemFree:          116548 kB
Active:           363384 kB
Mem:          3.8G       3.7G       113M       5.7M        27M       3.2G

MemTotal:        4016004 kB
MemFree:          109016 kB
Active:           363396 kB
Mem:          3.8G       3.7G       106M       5.7M        27M       3.2G

MemTotal:        4016004 kB
MemFree:          113228 kB
Active:           363404 kB
Mem:          3.8G       3.7G       110M       5.7M        27M       3.2G

MemTotal:        4016004 kB
MemFree:          122764 kB
Active:           363408 kB
Mem:          3.8G       3.7G       119M       5.7M        27M       3.2G

MemTotal:        4016004 kB
MemFree:          114452 kB
Active:           363380 kB
Mem:          3.8G       3.7G       111M       5.7M        27M       3.2G

MemTotal:        4016004 kB
MemFree:          106560 kB
Active:           363400 kB
Mem:          3.8G       3.7G       103M       5.7M        27M       3.2G

MemTotal:        4016004 kB
MemFree:          114460 kB
Active:           365468 kB
Mem:          3.8G       3.7G       111M       5.7M        27M       3.2G

MemTotal:        4016004 kB
MemFree:          106164 kB
Active:           364552 kB
Mem:          3.8G       3.7G       103M       5.7M        27M       3.2G

MemTotal:        4016004 kB
MemFree:          135240 kB
Active:           364424 kB
Mem:          3.8G       3.7G       132M       5.7M        27M       3.2G

MemTotal:        4016004 kB
MemFree:          105644 kB
Active:           364432 kB
Mem:          3.8G       3.7G       103M       5.7M        27M       3.2G

MemTotal:        4016004 kB
MemFree:          108236 kB
Active:           364420 kB
Mem:          3.8G       3.7G       105M       5.7M        27M       3.2G

MemTotal:        4016004 kB
MemFree:          128680 kB
Active:           361396 kB
Mem:          3.8G       3.7G       125M       5.7M        27M       3.2G

MemTotal:        4016004 kB
MemFree:          132724 kB
Active:           361372 kB
Mem:          3.8G       3.7G       129M       5.7M        27M       3.2G

MemTotal:        4016004 kB
MemFree:          129736 kB
Active:           361392 kB
Mem:          3.8G       3.7G       126M       5.7M        27M       3.2G

MemTotal:        4016004 kB
MemFree:          129860 kB
Active:           361360 kB
Mem:          3.8G       3.7G       126M       5.7M        27M       3.2G

MemTotal:        4016004 kB
MemFree:          128536 kB
Active:           361392 kB
Mem:          3.8G       3.7G       125M       5.7M        27M       3.2G

MemTotal:        4016004 kB
MemFree:          126328 kB
Active:           361372 kB
Mem:          3.8G       3.7G       123M       5.7M        27M       3.2G

MemTotal:        4016004 kB
MemFree:          119280 kB
Active:           361412 kB
Mem:          3.8G       3.7G       116M       5.7M        27M       3.2G

MemTotal:        4016004 kB
MemFree:          109692 kB
Active:           361412 kB
Mem:          3.8G       3.7G       107M       5.7M        27M       3.2G

MemTotal:        4016004 kB
MemFree:          113528 kB
Active:           361384 kB
Mem:          3.8G       3.7G       111M       5.7M        27M       3.2G

MemTotal:        4016004 kB
MemFree:          119096 kB
Active:           361424 kB
Mem:          3.8G       3.7G       115M       5.7M        27M       3.2G

MemTotal:        4016004 kB
MemFree:          126356 kB
Active:           361380 kB
Mem:          3.8G       3.7G       123M       5.7M        27M       3.2G

MemTotal:        4016004 kB
MemFree:          117900 kB
Active:           361420 kB
Mem:          3.8G       3.7G       115M       5.7M        27M       3.2G

MemTotal:        4016004 kB
MemFree:          118780 kB
Active:           361404 kB
Mem:          3.8G       3.7G       116M       5.7M        27M       3.2G

MemTotal:        4016004 kB
MemFree:          109540 kB
Active:           361436 kB
Mem:          3.8G       3.7G       106M       5.7M        27M       3.2G

MemTotal:        4016004 kB
MemFree:          111956 kB
Active:           361436 kB
Mem:          3.8G       3.7G       109M       5.7M        27M       3.2G

MemTotal:        4016004 kB
MemFree:          130080 kB
Active:           361436 kB
Mem:          3.8G       3.7G       127M       5.7M        27M       3.2G

MemTotal:        4016004 kB
MemFree:          118684 kB
Active:           363504 kB
Mem:          3.8G       3.7G       115M       5.7M        27M       3.2G

MemTotal:        4016004 kB
MemFree:          120556 kB
Active:           362460 kB
Mem:          3.8G       3.7G       117M       5.7M        27M       3.2G

MemTotal:        4016004 kB
MemFree:          129208 kB
Active:           362452 kB
Mem:          3.8G       3.7G       125M       5.7M        27M       3.2G

MemTotal:        4016004 kB
MemFree:          120092 kB
Active:           362488 kB
Mem:          3.8G       3.7G       117M       5.7M        27M       3.2G

MemTotal:        4016004 kB
MemFree:          115892 kB
Active:           360060 kB
Mem:          3.8G       3.7G       112M       5.7M        27M       3.2G

MemTotal:        4016004 kB
MemFree:          118896 kB
Active:           360088 kB
Mem:          3.8G       3.7G       115M       5.7M        27M       3.2G

MemTotal:        4016004 kB
MemFree:          122132 kB
Active:           360088 kB
Mem:          3.8G       3.7G       119M       5.7M        27M       3.2G

MemTotal:        4016004 kB
MemFree:          125136 kB
Active:           360096 kB
Mem:          3.8G       3.7G       122M       5.7M        27M       3.2G

MemTotal:        4016004 kB
MemFree:          117616 kB
Active:           360096 kB
Mem:          3.8G       3.7G       115M       5.7M        27M       3.2G

MemTotal:        4016004 kB
MemFree:          109492 kB
Active:           360108 kB
Mem:          3.8G       3.7G       106M       5.7M        27M       3.2G

MemTotal:        4016004 kB
MemFree:          110308 kB
Active:           360112 kB
Mem:          3.8G       3.7G       108M       5.7M        27M       3.2G

MemTotal:        4016004 kB
MemFree:          119348 kB
Active:           360124 kB
Mem:          3.8G       3.7G       116M       5.7M        27M       3.2G

MemTotal:        4016004 kB
MemFree:          112296 kB
Active:           360128 kB
Mem:          3.8G       3.7G       109M       5.7M        27M       3.2G

MemTotal:        4016004 kB
MemFree:          111336 kB
Active:           360128 kB
Mem:          3.8G       3.7G       108M       5.7M        27M       3.2G

MemTotal:        4016004 kB
MemFree:          126148 kB
Active:           360132 kB
Mem:          3.8G       3.7G       123M       5.7M        27M       3.2G

MemTotal:        4016004 kB
MemFree:          126216 kB
Active:           360100 kB
Mem:          3.8G       3.7G       132M       5.7M        27M       3.2G

MemTotal:        4016004 kB
MemFree:          127224 kB
Active:           360116 kB
Mem:          3.8G       3.7G       123M       5.7M        27M       3.2G

MemTotal:        4016004 kB
MemFree:          111736 kB
Active:           359828 kB
Mem:          3.8G       3.7G       109M       5.7M        27M       3.2G

MemTotal:        4016004 kB
MemFree:          111364 kB
Active:           359828 kB
Mem:          3.8G       3.7G       108M       5.7M        27M       3.2G

MemTotal:        4016004 kB
MemFree:          111364 kB
Active:           359796 kB
Mem:          3.8G       3.7G       108M       5.7M        27M       3.2G

MemTotal:        4016004 kB
MemFree:          111364 kB
Active:           359816 kB
Mem:          3.8G       3.7G       108M       5.7M        27M       3.2G

MemTotal:        4016004 kB
MemFree:          111240 kB
Active:           359788 kB
Mem:          3.8G       3.7G       108M       5.7M        27M       3.2G

MemTotal:        4016004 kB
MemFree:          111364 kB
Active:           359772 kB
Mem:          3.8G       3.7G       108M       5.7M        27M       3.2G

MemTotal:        4016004 kB
MemFree:          110868 kB
Active:           359832 kB
Mem:          3.8G       3.7G       108M       5.7M        27M       3.2G

MemTotal:        4016004 kB
MemFree:          110992 kB
Active:           359836 kB
Mem:          3.8G       3.7G       108M       5.7M        27M       3.2G

MemTotal:        4016004 kB
MemFree:          111488 kB
Active:           359816 kB
Mem:          3.8G       3.7G       108M       5.7M        27M       3.2G

MemTotal:        4016004 kB
MemFree:          111612 kB
Active:           359792 kB
Mem:          3.8G       3.7G       108M       5.7M        27M       3.2G

MemTotal:        4016004 kB
MemFree:          111612 kB
Active:           359824 kB
Mem:          3.8G       3.7G       108M       5.7M        27M       3.2G

MemTotal:        4016004 kB
MemFree:          111364 kB
Active:           359812 kB
Mem:          3.8G       3.7G       108M       5.7M        27M       3.2G

MemTotal:        4016004 kB
MemFree:          111240 kB
Active:           359848 kB
Mem:          3.8G       3.7G       108M       5.7M        27M       3.2G

MemTotal:        4016004 kB
MemFree:          111612 kB
Active:           359816 kB
Mem:          3.8G       3.7G       109M       5.7M        27M       3.2G

MemTotal:        4016004 kB
MemFree:          111240 kB
Active:           359848 kB
Mem:          3.8G       3.7G       108M       5.7M        27M       3.2G

MemTotal:        4016004 kB
MemFree:          111364 kB
Active:           359816 kB
Mem:          3.8G       3.7G       108M       5.7M        27M       3.2G

MemTotal:        4016004 kB
MemFree:          111116 kB
Active:           359856 kB
Mem:          3.8G       3.7G       108M       5.7M        27M       3.2G

MemTotal:        4016004 kB
MemFree:          111116 kB
Active:           359852 kB
Mem:          3.8G       3.7G       108M       5.7M        27M       3.2G

MemTotal:        4016004 kB
MemFree:          111116 kB
Active:           359812 kB
Mem:          3.8G       3.7G       108M       5.7M        27M       3.2G

MemTotal:        4016004 kB
MemFree:          111488 kB
Active:           359828 kB
Mem:          3.8G       3.7G       108M       5.7M        27M       3.2G

MemTotal:        4016004 kB
MemFree:          111612 kB
Active:           359832 kB
Mem:          3.8G       3.7G       108M       5.7M        27M       3.2G

MemTotal:        4016004 kB
MemFree:          111612 kB
Active:           359812 kB
Mem:          3.8G       3.7G       109M       5.7M        27M       3.2G

MemTotal:        4016004 kB
MemFree:          111612 kB
Active:           359856 kB
Mem:          3.8G       3.7G       109M       5.7M        27M       3.2G

MemTotal:        4016004 kB
MemFree:          111488 kB
Active:           359808 kB
Mem:          3.8G       3.7G       108M       5.7M        27M       3.2G

MemTotal:        4016004 kB
MemFree:          110828 kB
Active:           359872 kB
Mem:          3.8G       3.7G       108M       5.7M        27M       3.2G

MemTotal:        4016004 kB
MemFree:          110984 kB
Active:           359872 kB
Mem:          3.8G       3.7G       108M       5.7M        27M       3.2G

MemTotal:        4016004 kB
MemFree:          111360 kB
Active:           359840 kB
Mem:          3.8G       3.7G       108M       5.7M        27M       3.2G

MemTotal:        4016004 kB
MemFree:          111644 kB
Active:           359820 kB
Mem:          3.8G       3.7G       109M       5.7M        27M       3.2G

MemTotal:        4016004 kB
MemFree:          112016 kB
Active:           359828 kB
Mem:          3.8G       3.7G       109M       5.7M        27M       3.2G

MemTotal:        4016004 kB
MemFree:          112140 kB
Active:           359860 kB
Mem:          3.8G       3.7G       109M       5.7M        27M       3.2G

MemTotal:        4016004 kB
MemFree:          112140 kB
Active:           359880 kB
Mem:          3.8G       3.7G       109M       5.7M        27M       3.2G

MemTotal:        4016004 kB
MemFree:          111768 kB
Active:           359892 kB
Mem:          3.8G       3.7G       109M       5.7M        27M       3.2G

MemTotal:        4016004 kB
MemFree:          111768 kB
Active:           359872 kB
Mem:          3.8G       3.7G       109M       5.7M        27M       3.2G

MemTotal:        4016004 kB
MemFree:          111768 kB
Active:           359852 kB
Mem:          3.8G       3.7G       109M       5.7M        27M       3.2G

MemTotal:        4016004 kB
MemFree:          111892 kB
Active:           359864 kB
Mem:          3.8G       3.7G       109M       5.7M        27M       3.2G

MemTotal:        4016004 kB
MemFree:          111644 kB
Active:           359892 kB
Mem:          3.8G       3.7G       108M       5.7M        27M       3.2G

MemTotal:        4016004 kB
MemFree:          112140 kB
Active:           359844 kB
Mem:          3.8G       3.7G       109M       5.7M        27M       3.2G

MemTotal:        4016004 kB
MemFree:          112016 kB
Active:           359856 kB
Mem:          3.8G       3.7G       109M       5.7M        27M       3.2G

MemTotal:        4016004 kB
MemFree:          111520 kB
Active:           359876 kB
Mem:          3.8G       3.7G       108M       5.7M        27M       3.2G

MemTotal:        4016004 kB
MemFree:          111644 kB
Active:           359868 kB
Mem:          3.8G       3.7G       109M       5.7M        27M       3.2G

MemTotal:        4016004 kB
MemFree:          111768 kB
Active:           359848 kB
Mem:          3.8G       3.7G       109M       5.7M        27M       3.2G

MemTotal:        4016004 kB
MemFree:          111644 kB
Active:           359852 kB
Mem:          3.8G       3.7G       109M       5.7M        27M       3.2G

MemTotal:        4016004 kB
MemFree:          111520 kB
Active:           359900 kB
Mem:          3.8G       3.7G       108M       5.7M        27M       3.2G

MemTotal:        4016004 kB
MemFree:          111504 kB
Active:           359856 kB
Mem:          3.8G       3.7G       108M       5.7M        27M       3.2G

MemTotal:        4016004 kB
MemFree:          111348 kB
Active:           359844 kB
Mem:          3.8G       3.7G       108M       5.7M        27M       3.2G

MemTotal:        4016004 kB
MemFree:          111504 kB
Active:           359904 kB
Mem:          3.8G       3.7G       109M       5.7M        27M       3.2G

MemTotal:        4016004 kB
MemFree:          111892 kB
Active:           359888 kB
Mem:          3.8G       3.7G       109M       5.7M        27M       3.2G

MemTotal:        4016004 kB
MemFree:          111768 kB
Active:           359884 kB
Mem:          3.8G       3.7G       109M       5.7M        27M       3.2G

MemTotal:        4016004 kB
MemFree:          111396 kB
Active:           359904 kB
Mem:          3.8G       3.7G       108M       5.7M        27M       3.2G

MemTotal:        4016004 kB
MemFree:          111644 kB
Active:           359908 kB
Mem:          3.8G       3.7G       109M       5.7M        27M       3.2G

MemTotal:        4016004 kB
MemFree:          111644 kB
Active:           359900 kB
Mem:          3.8G       3.7G       108M       5.7M        27M       3.2G

MemTotal:        4016004 kB
MemFree:          111520 kB
Active:           359892 kB
Mem:          3.8G       3.7G       108M       5.7M        27M       3.2G

MemTotal:        4016004 kB
MemFree:          111520 kB
Active:           359868 kB
Mem:          3.8G       3.7G       108M       5.7M        27M       3.2G

MemTotal:        4016004 kB
MemFree:          111768 kB
Active:           359916 kB
Mem:          3.8G       3.7G       109M       5.7M        27M       3.2G

MemTotal:        4016004 kB
MemFree:          111768 kB
Active:           359904 kB
Mem:          3.8G       3.7G       109M       5.7M        27M       3.2G

MemTotal:        4016004 kB
MemFree:          111396 kB
Active:           359924 kB
Mem:          3.8G       3.7G       108M       5.7M        27M       3.2G

MemTotal:        4016004 kB
MemFree:          111892 kB
Active:           359912 kB
Mem:          3.8G       3.7G       109M       5.7M        27M       3.2G

MemTotal:        4016004 kB
MemFree:          112016 kB
Active:           359888 kB
Mem:          3.8G       3.7G       109M       5.7M        27M       3.2G

MemTotal:        4016004 kB
MemFree:          111644 kB
Active:           359936 kB
Mem:          3.8G       3.7G       109M       5.7M        27M       3.2G

MemTotal:        4016004 kB
MemFree:          111892 kB
Active:           359900 kB
Mem:          3.8G       3.7G       109M       5.7M        27M       3.2G

MemTotal:        4016004 kB
MemFree:          111892 kB
Active:           359892 kB
Mem:          3.8G       3.7G       109M       5.7M        27M       3.2G

MemTotal:        4016004 kB
MemFree:          111644 kB
Active:           359936 kB
Mem:          3.8G       3.7G       108M       5.7M        27M       3.2G

MemTotal:        4016004 kB
MemFree:          111892 kB
Active:           359892 kB
Mem:          3.8G       3.7G       109M       5.7M        27M       3.2G

MemTotal:        4016004 kB
MemFree:          111768 kB
Active:           359928 kB
Mem:          3.8G       3.7G       109M       5.7M        27M       3.2G

MemTotal:        4016004 kB
MemFree:          111892 kB
Active:           359908 kB
Mem:          3.8G       3.7G       109M       5.7M        27M       3.2G

MemTotal:        4016004 kB
MemFree:          111520 kB
Active:           359948 kB
Mem:          3.8G       3.7G       108M       5.7M        27M       3.2G

MemTotal:        4016004 kB
MemFree:          111520 kB
Active:           359908 kB
Mem:          3.8G       3.7G       108M       5.7M        27M       3.2G

MemTotal:        4016004 kB
MemFree:          111520 kB
Active:           359904 kB
Mem:          3.8G       3.7G       108M       5.7M        27M       3.2G

MemTotal:        4016004 kB
MemFree:          110776 kB
Active:           359952 kB
Mem:          3.8G       3.7G       108M       5.7M        27M       3.2G

MemTotal:        4016004 kB
MemFree:          110900 kB
Active:           359932 kB
Mem:          3.8G       3.7G       108M       5.7M        27M       3.2G

MemTotal:        4016004 kB
MemFree:          111148 kB
Active:           359956 kB
Mem:          3.8G       3.7G       108M       5.7M        27M       3.2G

MemTotal:        4016004 kB
MemFree:          111644 kB
Active:           359944 kB
Mem:          3.8G       3.7G       108M       5.7M        27M       3.2G

MemTotal:        4016004 kB
MemFree:          111272 kB
Active:           359964 kB
Mem:          3.8G       3.7G       108M       5.7M        27M       3.2G

MemTotal:        4016004 kB
MemFree:          111396 kB
Active:           359964 kB
Mem:          3.8G       3.7G       109M       5.7M        27M       3.2G

MemTotal:        4016004 kB
MemFree:          111892 kB
Active:           359952 kB
Mem:          3.8G       3.7G       109M       5.7M        27M       3.2G

MemTotal:        4016004 kB
MemFree:          111768 kB
Active:           359932 kB
Mem:          3.8G       3.7G       109M       5.7M        27M       3.2G

MemTotal:        4016004 kB
MemFree:          111272 kB
Active:           359976 kB
Mem:          3.8G       3.7G       108M       5.7M        27M       3.2G

MemTotal:        4016004 kB
MemFree:          111520 kB
Active:           359968 kB
Mem:          3.8G       3.7G       108M       5.7M        27M       3.2G

MemTotal:        4016004 kB
MemFree:          111520 kB
Active:           359948 kB
Mem:          3.8G       3.7G       108M       5.7M        27M       3.2G

MemTotal:        4016004 kB
MemFree:          111892 kB
Active:           359932 kB
Mem:          3.8G       3.7G       109M       5.7M        27M       3.2G

MemTotal:        4016004 kB
MemFree:          111644 kB
Active:           359968 kB
Mem:          3.8G       3.7G       109M       5.7M        27M       3.2G

MemTotal:        4016004 kB
MemFree:          112016 kB
Active:           359940 kB
Mem:          3.8G       3.7G       109M       5.7M        27M       3.2G

MemTotal:        4016004 kB
MemFree:          111892 kB
Active:           359964 kB
Mem:          3.8G       3.7G       109M       5.7M        27M       3.2G

MemTotal:        4016004 kB
MemFree:          111644 kB
Active:           359980 kB
Mem:          3.8G       3.7G       109M       5.7M        27M       3.2G

MemTotal:        4016004 kB
MemFree:          111892 kB
Active:           359988 kB
Mem:          3.8G       3.7G       109M       5.7M        27M       3.2G

MemTotal:        4016004 kB
MemFree:          111768 kB
Active:           359964 kB
Mem:          3.8G       3.7G       108M       5.7M        27M       3.2G

MemTotal:        4016004 kB
MemFree:          111272 kB
Active:           360264 kB
Mem:          3.8G       3.7G       108M       5.7M        27M       3.2G

MemTotal:        4016004 kB
MemFree:          111132 kB
Active:           360068 kB
Mem:          3.8G       3.7G       108M       5.7M        27M       3.2G

MemTotal:        4016004 kB
MemFree:          111132 kB
Active:           360044 kB
Mem:          3.8G       3.7G       108M       5.7M        27M       3.2G

MemTotal:        4016004 kB
MemFree:          111256 kB
Active:           360024 kB
Mem:          3.8G       3.7G       108M       5.7M        27M       3.2G

MemTotal:        4016004 kB
MemFree:          111256 kB
Active:           360068 kB
Mem:          3.8G       3.7G       108M       5.7M        27M       3.2G

MemTotal:        4016004 kB
MemFree:          110884 kB
Active:           360076 kB
Mem:          3.8G       3.7G       108M       5.7M        27M       3.2G

MemTotal:        4016004 kB
MemFree:          111380 kB
Active:           360032 kB
Mem:          3.8G       3.7G       108M       5.7M        27M       3.2G

MemTotal:        4016004 kB
MemFree:          111256 kB
Active:           360032 kB
Mem:          3.8G       3.7G       108M       5.7M        27M       3.2G

MemTotal:        4016004 kB
MemFree:          111132 kB
Active:           360048 kB
Mem:          3.8G       3.7G       108M       5.7M        27M       3.2G

MemTotal:        4016004 kB
MemFree:          111132 kB
Active:           360036 kB
Mem:          3.8G       3.7G       108M       5.7M        27M       3.2G

MemTotal:        4016004 kB
MemFree:          111256 kB
Active:           360028 kB
Mem:          3.8G       3.7G       108M       5.7M        27M       3.2G

MemTotal:        4016004 kB
MemFree:          110884 kB
Active:           360028 kB
Mem:          3.8G       3.7G       108M       5.7M        27M       3.2G

MemTotal:        4016004 kB
MemFree:          111256 kB
Active:           360032 kB
Mem:          3.8G       3.7G       108M       5.7M        27M       3.2G

MemTotal:        4016004 kB
MemFree:          111256 kB
Active:           360064 kB
Mem:          3.8G       3.7G       108M       5.7M        27M       3.2G

MemTotal:        4016004 kB
MemFree:          110884 kB
Active:           360080 kB
Mem:          3.8G       3.7G       108M       5.7M        27M       3.2G

MemTotal:        4016004 kB
MemFree:          110884 kB
Active:           360044 kB
Mem:          3.8G       3.7G       108M       5.7M        27M       3.2G

MemTotal:        4016004 kB
MemFree:          111504 kB
Active:           360076 kB
Mem:          3.8G       3.7G       108M       5.7M        27M       3.2G

MemTotal:        4016004 kB
MemFree:          111148 kB
Active:           360048 kB
Mem:          3.8G       3.7G       108M       5.7M        27M       3.2G

MemTotal:        4016004 kB
MemFree:          110132 kB
Active:           360220 kB
Mem:          3.8G       3.7G       107M       5.7M        27M       3.2G

MemTotal:        4016004 kB
MemFree:          110404 kB
Active:           360176 kB
Mem:          3.8G       3.7G       107M       5.7M        27M       3.2G

MemTotal:        4016004 kB
MemFree:          110280 kB
Active:           360132 kB
Mem:          3.8G       3.7G       107M       5.7M        27M       3.2G

MemTotal:        4016004 kB
MemFree:          110032 kB
Active:           360188 kB
Mem:          3.8G       3.7G       107M       5.7M        27M       3.2G

MemTotal:        4016004 kB
MemFree:          110280 kB
Active:           360184 kB
Mem:          3.8G       3.7G       107M       5.7M        27M       3.2G

MemTotal:        4016004 kB
MemFree:          110528 kB
Active:           360144 kB
Mem:          3.8G       3.7G       107M       5.7M        27M       3.2G

MemTotal:        4016004 kB
MemFree:          110776 kB
Active:           360176 kB
Mem:          3.8G       3.7G       108M       5.7M        27M       3.2G

MemTotal:        4016004 kB
MemFree:          110992 kB
Active:           360152 kB
Mem:          3.8G       3.7G       108M       5.7M        27M       3.2G

MemTotal:        4016004 kB
MemFree:          110900 kB
Active:           360176 kB
Mem:          3.8G       3.7G       108M       5.7M        27M       3.2G

MemTotal:        4016004 kB
MemFree:          110636 kB
Active:           360140 kB
Mem:          3.8G       3.7G       108M       5.7M        27M       3.2G

MemTotal:        4016004 kB
MemFree:          110776 kB
Active:           360160 kB
Mem:          3.8G       3.7G       108M       5.7M        27M       3.2G

MemTotal:        4016004 kB
MemFree:          110776 kB
Active:           360200 kB
Mem:          3.8G       3.7G       107M       5.7M        27M       3.2G

MemTotal:        4016004 kB
MemFree:          111024 kB
Active:           360192 kB
Mem:          3.8G       3.7G       108M       5.7M        27M       3.2G

MemTotal:        4016004 kB
MemFree:          111148 kB
Active:           360196 kB
Mem:          3.8G       3.7G       108M       5.7M        27M       3.2G

MemTotal:        4016004 kB
MemFree:          111024 kB
Active:           360204 kB
Mem:          3.8G       3.7G       108M       5.7M        27M       3.2G

MemTotal:        4016004 kB
MemFree:          111520 kB
Active:           360196 kB
Mem:          3.8G       3.7G       108M       5.7M        27M       3.2G

MemTotal:        4016004 kB
MemFree:          111396 kB
Active:           360168 kB
Mem:          3.8G       3.7G       108M       5.7M        27M       3.2G

MemTotal:        4016004 kB
MemFree:          110900 kB
Active:           360208 kB
Mem:          3.8G       3.7G       108M       5.7M        27M       3.2G

MemTotal:        4016004 kB
MemFree:          111272 kB
Active:           360156 kB
Mem:          3.8G       3.7G       108M       5.7M        27M       3.2G

MemTotal:        4016004 kB
MemFree:          111148 kB
Active:           360176 kB
Mem:          3.8G       3.7G       108M       5.7M        27M       3.2G

MemTotal:        4016004 kB
MemFree:          111272 kB
Active:           360196 kB
Mem:          3.8G       3.7G       108M       5.7M        27M       3.2G

MemTotal:        4016004 kB
MemFree:          111272 kB
Active:           360168 kB
Mem:          3.8G       3.7G       108M       5.7M        27M       3.2G

MemTotal:        4016004 kB
MemFree:          111148 kB
Active:           360192 kB
Mem:          3.8G       3.7G       108M       5.7M        27M       3.2G

MemTotal:        4016004 kB
MemFree:          111148 kB
Active:           360200 kB
Mem:          3.8G       3.7G       108M       5.7M        27M       3.2G

MemTotal:        4016004 kB
MemFree:          111272 kB
Active:           360196 kB
Mem:          3.8G       3.7G       108M       5.7M        27M       3.2G

MemTotal:        4016004 kB
MemFree:          111272 kB
Active:           360176 kB
Mem:          3.8G       3.7G       108M       5.7M        27M       3.2G

MemTotal:        4016004 kB
MemFree:          111272 kB
Active:           360212 kB
Mem:          3.8G       3.7G       108M       5.7M        27M       3.2G

MemTotal:        4016004 kB
MemFree:          111024 kB
Active:           360232 kB
Mem:          3.8G       3.7G       108M       5.7M        27M       3.2G

MemTotal:        4016004 kB
MemFree:          111148 kB
Active:           360212 kB
Mem:          3.8G       3.7G       108M       5.7M        27M       3.2G

MemTotal:        4016004 kB
MemFree:          111148 kB
Active:           360196 kB
Mem:          3.8G       3.7G       108M       5.7M        27M       3.2G

MemTotal:        4016004 kB
MemFree:          110776 kB
Active:           360248 kB
Mem:          3.8G       3.7G       108M       5.7M        27M       3.2G

MemTotal:        4016004 kB
MemFree:          110776 kB
Active:           360192 kB
Mem:          3.8G       3.7G       108M       5.7M        27M       3.2G

MemTotal:        4016004 kB
MemFree:          111024 kB
Active:           360220 kB
Mem:          3.8G       3.7G       108M       5.7M        27M       3.2G

MemTotal:        4016004 kB
MemFree:          110900 kB
Active:           360204 kB
Mem:          3.8G       3.7G       108M       5.7M        27M       3.2G

MemTotal:        4016004 kB
MemFree:          111024 kB
Active:           360232 kB
Mem:          3.8G       3.7G       108M       5.7M        27M       3.2G

MemTotal:        4016004 kB
MemFree:          110652 kB
Active:           360256 kB
Mem:          3.8G       3.7G       108M       5.7M        27M       3.2G

MemTotal:        4016004 kB
MemFree:          111024 kB
Active:           360220 kB
Mem:          3.8G       3.7G       108M       5.7M        27M       3.2G

MemTotal:        4016004 kB
MemFree:          110900 kB
Active:           360232 kB
Mem:          3.8G       3.7G       108M       5.7M        27M       3.2G

MemTotal:        4016004 kB
MemFree:          110652 kB
Active:           360260 kB
Mem:          3.8G       3.7G       108M       5.7M        27M       3.2G

MemTotal:        4016004 kB
MemFree:          110280 kB
Active:           360260 kB
Mem:          3.8G       3.7G       107M       5.7M        27M       3.2G

MemTotal:        4016004 kB
MemFree:          110900 kB
Active:           360204 kB
Mem:          3.8G       3.7G       108M       5.7M        27M       3.2G

MemTotal:        4016004 kB
MemFree:          110776 kB
Active:           360224 kB
Mem:          3.8G       3.7G       108M       5.7M        27M       3.2G

MemTotal:        4016004 kB
MemFree:          110900 kB
Active:           360216 kB
Mem:          3.8G       3.7G       108M       5.7M        27M       3.2G

MemTotal:        4016004 kB
MemFree:          110900 kB
Active:           360268 kB
Mem:          3.8G       3.7G       108M       5.7M        27M       3.2G

MemTotal:        4016004 kB
MemFree:          110900 kB
Active:           360252 kB
Mem:          3.8G       3.7G       108M       5.7M        27M       3.2G

MemTotal:        4016004 kB
MemFree:          111024 kB
Active:           360264 kB
Mem:          3.8G       3.7G       108M       5.7M        27M       3.2G

MemTotal:        4016004 kB
MemFree:          110900 kB
Active:           360228 kB
Mem:          3.8G       3.7G       107M       5.7M        27M       3.2G

MemTotal:        4016004 kB
MemFree:          110776 kB
Active:           360224 kB
Mem:          3.8G       3.7G       108M       5.7M        27M       3.2G

MemTotal:        4016004 kB
MemFree:          110900 kB
Active:           360232 kB
Mem:          3.8G       3.7G       108M       5.7M        27M       3.2G

MemTotal:        4016004 kB
MemFree:          111272 kB
Active:           360220 kB
Mem:          3.8G       3.7G       108M       5.7M        27M       3.2G

MemTotal:        4016004 kB
MemFree:          111272 kB
Active:           360248 kB
Mem:          3.8G       3.7G       108M       5.7M        27M       3.2G

MemTotal:        4016004 kB
MemFree:          111272 kB
Active:           360268 kB
Mem:          3.8G       3.7G       108M       5.7M        27M       3.2G

MemTotal:        4016004 kB
MemFree:          110776 kB
Active:           360280 kB
Mem:          3.8G       3.7G       108M       5.7M        27M       3.2G

MemTotal:        4016004 kB
MemFree:          111024 kB
Active:           360240 kB
Mem:          3.8G       3.7G       108M       5.7M        27M       3.2G

MemTotal:        4016004 kB
MemFree:          111148 kB
Active:           360228 kB
Mem:          3.8G       3.7G       108M       5.7M        27M       3.2G

MemTotal:        4016004 kB
MemFree:          110776 kB
Active:           360256 kB
Mem:          3.8G       3.7G       108M       5.7M        27M       3.2G

MemTotal:        4016004 kB
MemFree:          110776 kB
Active:           360276 kB
Mem:          3.8G       3.7G       108M       5.7M        27M       3.2G

MemTotal:        4016004 kB
MemFree:          110776 kB
Active:           360256 kB
Mem:          3.8G       3.7G       108M       5.7M        27M       3.2G

MemTotal:        4016004 kB
MemFree:          110900 kB
Active:           360268 kB
Mem:          3.8G       3.7G       108M       5.7M        27M       3.2G

MemTotal:        4016004 kB
MemFree:          110776 kB
Active:           360256 kB
Mem:          3.8G       3.7G       108M       5.7M        27M       3.2G

MemTotal:        4016004 kB
MemFree:          111024 kB
Active:           360252 kB
Mem:          3.8G       3.7G       108M       5.7M        27M       3.2G

MemTotal:        4016004 kB
MemFree:          111024 kB
Active:           360240 kB
Mem:          3.8G       3.7G       108M       5.7M        27M       3.2G

MemTotal:        4016004 kB
MemFree:          111024 kB
Active:           360280 kB
Mem:          3.8G       3.7G       108M       5.7M        27M       3.2G

MemTotal:        4016004 kB
MemFree:          111024 kB
Active:           360272 kB
Mem:          3.8G       3.7G       108M       5.7M        27M       3.2G

MemTotal:        4016004 kB
MemFree:          111272 kB
Active:           360268 kB
Mem:          3.8G       3.7G       108M       5.7M        27M       3.2G

MemTotal:        4016004 kB
MemFree:          111148 kB
Active:           360260 kB
Mem:          3.8G       3.7G       108M       5.7M        27M       3.2G

MemTotal:        4016004 kB
MemFree:          111396 kB
Active:           360264 kB
Mem:          3.8G       3.7G       108M       5.7M        27M       3.2G

MemTotal:        4016004 kB
MemFree:          111148 kB
Active:           360296 kB
Mem:          3.8G       3.7G       108M       5.7M        27M       3.2G

MemTotal:        4016004 kB
MemFree:          111396 kB
Active:           360292 kB
Mem:          3.8G       3.7G       108M       5.7M        27M       3.2G

MemTotal:        4016004 kB
MemFree:          110900 kB
Active:           360312 kB
Mem:          3.8G       3.7G       108M       5.7M        27M       3.2G

MemTotal:        4016004 kB
MemFree:          111024 kB
Active:           360296 kB
Mem:          3.8G       3.7G       108M       5.7M        27M       3.2G

MemTotal:        4016004 kB
MemFree:          111024 kB
Active:           360280 kB
Mem:          3.8G       3.7G       108M       5.7M        27M       3.2G

MemTotal:        4016004 kB
MemFree:          110528 kB
Active:           360304 kB
Mem:          3.8G       3.7G       107M       5.7M        27M       3.2G

MemTotal:        4016004 kB
MemFree:          110156 kB
Active:           360320 kB
Mem:          3.8G       3.7G       107M       5.7M        27M       3.2G

MemTotal:        4016004 kB
MemFree:          110512 kB
Active:           360268 kB
Mem:          3.8G       3.7G       107M       5.7M        27M       3.2G

MemTotal:        4016004 kB
MemFree:          110264 kB
Active:           360292 kB
Mem:          3.8G       3.7G       107M       5.7M        27M       3.2G

MemTotal:        4016004 kB
MemFree:          110404 kB
Active:           360264 kB
Mem:          3.8G       3.7G       107M       5.7M        27M       3.2G

MemTotal:        4016004 kB
MemFree:          110404 kB
Active:           360292 kB
Mem:          3.8G       3.7G       107M       5.7M        27M       3.2G

MemTotal:        4016004 kB
MemFree:          110528 kB
Active:           360284 kB
Mem:          3.8G       3.7G       107M       5.7M        27M       3.2G

MemTotal:        4016004 kB
MemFree:          110156 kB
Active:           360332 kB
Mem:          3.8G       3.7G       107M       5.7M        27M       3.2G

MemTotal:        4016004 kB
MemFree:          110404 kB
Active:           360300 kB
Mem:          3.8G       3.7G       107M       5.7M        27M       3.2G

MemTotal:        4016004 kB
MemFree:          110652 kB
Active:           360284 kB
Mem:          3.8G       3.7G       107M       5.7M        27M       3.2G

MemTotal:        4016004 kB
MemFree:          110776 kB
Active:           360316 kB
Mem:          3.8G       3.7G       107M       5.7M        27M       3.2G

MemTotal:        4016004 kB
MemFree:          110776 kB
Active:           360324 kB
Mem:          3.8G       3.7G       108M       5.7M        27M       3.2G

MemTotal:        4016004 kB
MemFree:          110652 kB
Active:           360308 kB
Mem:          3.8G       3.7G       108M       5.7M        27M       3.2G

MemTotal:        4016004 kB
MemFree:          110528 kB
Active:           360340 kB
Mem:          3.8G       3.7G       107M       5.7M        27M       3.2G

MemTotal:        4016004 kB
MemFree:          110280 kB
Active:           360344 kB
Mem:          3.8G       3.7G       107M       5.7M        27M       3.2G

MemTotal:        4016004 kB
MemFree:          110652 kB
Active:           360340 kB
Mem:          3.8G       3.7G       107M       5.7M        27M       3.2G

MemTotal:        4016004 kB
MemFree:          110404 kB
Active:           360300 kB
Mem:          3.8G       3.7G       107M       5.7M        27M       3.2G

MemTotal:        4016004 kB
MemFree:          110404 kB
Active:           360344 kB
Mem:          3.8G       3.7G       107M       5.7M        27M       3.2G

MemTotal:        4016004 kB
MemFree:          110528 kB
Active:           360296 kB
Mem:          3.8G       3.7G       107M       5.7M        27M       3.2G

MemTotal:        4016004 kB
MemFree:          110652 kB
Active:           360308 kB
Mem:          3.8G       3.7G       108M       5.7M        27M       3.2G

MemTotal:        4016004 kB
MemFree:          110652 kB
Active:           360364 kB
Mem:          3.8G       3.7G       107M       5.7M        27M       3.2G

MemTotal:        4016004 kB
MemFree:          110296 kB
Active:           360364 kB
Mem:          3.8G       3.7G       107M       5.7M        27M       3.2G

MemTotal:        4016004 kB
MemFree:          110668 kB
Active:           360352 kB
Mem:          3.8G       3.7G       108M       5.7M        27M       3.2G

MemTotal:        4016004 kB
MemFree:          110048 kB
Active:           360364 kB
Mem:          3.8G       3.7G       107M       5.7M        27M       3.2G

MemTotal:        4016004 kB
MemFree:          110544 kB
Active:           360308 kB
Mem:          3.8G       3.7G       107M       5.7M        27M       3.2G

MemTotal:        4016004 kB
MemFree:          110420 kB
Active:           360352 kB
Mem:          3.8G       3.7G       107M       5.7M        27M       3.2G

MemTotal:        4016004 kB
MemFree:          110792 kB
Active:           360364 kB
Mem:          3.8G       3.7G       107M       5.7M        27M       3.2G

MemTotal:        4016004 kB
MemFree:          110668 kB
Active:           360364 kB
Mem:          3.8G       3.7G       108M       5.7M        27M       3.2G

MemTotal:        4016004 kB
MemFree:          110916 kB
Active:           360348 kB
Mem:          3.8G       3.7G       108M       5.7M        27M       3.2G

MemTotal:        4016004 kB
MemFree:          111288 kB
Active:           360348 kB
Mem:          3.8G       3.7G       108M       5.7M        27M       3.2G

MemTotal:        4016004 kB
MemFree:          111412 kB
Active:           360348 kB
Mem:          3.8G       3.7G       108M       5.7M        27M       3.2G

MemTotal:        4016004 kB
MemFree:          111040 kB
Active:           360328 kB
Mem:          3.8G       3.7G       108M       5.7M        27M       3.2G

MemTotal:        4016004 kB
MemFree:          111040 kB
Active:           360336 kB
Mem:          3.8G       3.7G       108M       5.7M        27M       3.2G

MemTotal:        4016004 kB
MemFree:          111040 kB
Active:           360372 kB
Mem:          3.8G       3.7G       108M       5.7M        27M       3.2G

MemTotal:        4016004 kB
MemFree:          111040 kB
Active:           360332 kB
Mem:          3.8G       3.7G       108M       5.7M        27M       3.2G

MemTotal:        4016004 kB
MemFree:          110668 kB
Active:           360360 kB
Mem:          3.8G       3.7G       107M       5.7M        27M       3.2G

MemTotal:        4016004 kB
MemFree:          110792 kB
Active:           360376 kB
Mem:          3.8G       3.7G       108M       5.7M        27M       3.2G

MemTotal:        4016004 kB
MemFree:          110668 kB
Active:           360372 kB
Mem:          3.8G       3.7G       108M       5.7M        27M       3.2G

MemTotal:        4016004 kB
MemFree:          110668 kB
Active:           360352 kB
Mem:          3.8G       3.7G       108M       5.7M        27M       3.2G

MemTotal:        4016004 kB
MemFree:          110296 kB
Active:           360384 kB
Mem:          3.8G       3.7G       107M       5.7M        27M       3.2G

MemTotal:        4016004 kB
MemFree:          110296 kB
Active:           360388 kB
Mem:          3.8G       3.7G       107M       5.7M        27M       3.2G

MemTotal:        4016004 kB
MemFree:          110668 kB
Active:           360356 kB
Mem:          3.8G       3.7G       108M       5.7M        27M       3.2G

MemTotal:        4016004 kB
MemFree:          110296 kB
Active:           360396 kB
Mem:          3.8G       3.7G       107M       5.7M        27M       3.2G

MemTotal:        4016004 kB
MemFree:          110296 kB
Active:           360400 kB
Mem:          3.8G       3.7G       107M       5.7M        27M       3.2G

MemTotal:        4016004 kB
MemFree:          110296 kB
Active:           360364 kB
Mem:          3.8G       3.7G       107M       5.7M        27M       3.2G

MemTotal:        4016004 kB
MemFree:          110544 kB
Active:           360396 kB
Mem:          3.8G       3.7G       107M       5.7M        27M       3.2G

MemTotal:        4016004 kB
MemFree:          110296 kB
Active:           360408 kB
Mem:          3.8G       3.7G       107M       5.7M        27M       3.2G

MemTotal:        4016004 kB
MemFree:          110420 kB
Active:           360384 kB
Mem:          3.8G       3.7G       107M       5.7M        27M       3.2G

MemTotal:        4016004 kB
MemFree:          110544 kB
Active:           360364 kB
Mem:          3.8G       3.7G       107M       5.7M        27M       3.2G

MemTotal:        4016004 kB
MemFree:          110668 kB
Active:           360396 kB
Mem:          3.8G       3.7G       107M       5.7M        27M       3.2G

MemTotal:        4016004 kB
MemFree:          110668 kB
Active:           360392 kB
Mem:          3.8G       3.7G       108M       5.7M        27M       3.2G

MemTotal:        4016004 kB
MemFree:          110668 kB
Active:           360392 kB
Mem:          3.8G       3.7G       108M       5.7M        27M       3.2G

MemTotal:        4016004 kB
MemFree:          110792 kB
Active:           360376 kB
Mem:          3.8G       3.7G       108M       5.7M        27M       3.2G

MemTotal:        4016004 kB
MemFree:          110792 kB
Active:           360400 kB
Mem:          3.8G       3.7G       108M       5.7M        27M       3.2G

MemTotal:        4016004 kB
MemFree:          110420 kB
Active:           360420 kB
Mem:          3.8G       3.7G       108M       5.7M        27M       3.2G

MemTotal:        4016004 kB
MemFree:          110668 kB
Active:           360380 kB
Mem:          3.8G       3.7G       108M       5.7M        27M       3.2G

MemTotal:        4016004 kB
MemFree:          110668 kB
Active:           360420 kB
Mem:          3.8G       3.7G       108M       5.7M        27M       3.2G

MemTotal:        4016004 kB
MemFree:          110668 kB
Active:           360424 kB
Mem:          3.8G       3.7G       108M       5.7M        27M       3.2G

MemTotal:        4016004 kB
MemFree:          110668 kB
Active:           360400 kB
Mem:          3.8G       3.7G       108M       5.7M        27M       3.2G

MemTotal:        4016004 kB
MemFree:          110792 kB
Active:           360424 kB
Mem:          3.8G       3.7G       108M       5.7M        27M       3.2G

MemTotal:        4016004 kB
MemFree:          110296 kB
Active:           360420 kB
Mem:          3.8G       3.7G       107M       5.7M        27M       3.2G

MemTotal:        4016004 kB
MemFree:          110296 kB
Active:           360392 kB
Mem:          3.8G       3.7G       107M       5.7M        27M       3.2G

MemTotal:        4016004 kB
MemFree:          110420 kB
Active:           360420 kB
Mem:          3.8G       3.7G       107M       5.7M        27M       3.2G

MemTotal:        4016004 kB
MemFree:          110544 kB
Active:           360408 kB
Mem:          3.8G       3.7G       107M       5.7M        27M       3.2G

MemTotal:        4016004 kB
MemFree:          110544 kB
Active:           360428 kB
Mem:          3.8G       3.7G       107M       5.7M        27M       3.2G

MemTotal:        4016004 kB
MemFree:          110668 kB
Active:           360400 kB
Mem:          3.8G       3.7G       107M       5.7M        27M       3.2G

MemTotal:        4016004 kB
MemFree:          110544 kB
Active:           360428 kB
Mem:          3.8G       3.7G       107M       5.7M        27M       3.2G

MemTotal:        4016004 kB
MemFree:          110544 kB
Active:           360400 kB
