MemTotal:        4016004 kB
MemFree:         3210448 kB
Active:           452652 kB
Mem:          3.8G       787M       3.1G       5.7M        55M       327M

MemTotal:        4016004 kB
MemFree:         3209592 kB
Active:           453248 kB
Mem:          3.8G       787M       3.1G       5.7M        55M       327M

MemTotal:        4016004 kB
MemFree:         3209716 kB
Active:           453284 kB
Mem:          3.8G       787M       3.1G       5.7M        55M       327M

MemTotal:        4016004 kB
MemFree:         3210072 kB
Active:           453296 kB
Mem:          3.8G       787M       3.1G       5.7M        55M       327M

MemTotal:        4016004 kB
MemFree:         3209684 kB
Active:           453336 kB
Mem:          3.8G       787M       3.1G       5.7M        55M       327M

MemTotal:        4016004 kB
MemFree:         3209932 kB
Active:           453340 kB
Mem:          3.8G       787M       3.1G       5.7M        55M       327M

MemTotal:        4016004 kB
MemFree:         3209684 kB
Active:           453312 kB
Mem:          3.8G       787M       3.1G       5.7M        55M       327M

MemTotal:        4016004 kB
MemFree:         3209560 kB
Active:           453344 kB
Mem:          3.8G       787M       3.1G       5.7M        55M       327M

MemTotal:        4016004 kB
MemFree:         3209560 kB
Active:           453348 kB
Mem:          3.8G       787M       3.1G       5.7M        55M       327M

MemTotal:        4016004 kB
MemFree:         3209544 kB
Active:           453300 kB
Mem:          3.8G       787M       3.1G       5.7M        55M       327M

MemTotal:        4016004 kB
MemFree:         3209032 kB
Active:           453352 kB
Mem:          3.8G       787M       3.1G       5.7M        55M       327M

MemTotal:        4016004 kB
MemFree:         3209404 kB
Active:           453304 kB
Mem:          3.8G       787M       3.1G       5.7M        55M       327M

MemTotal:        4016004 kB
MemFree:         3209140 kB
Active:           453352 kB
Mem:          3.8G       787M       3.1G       5.7M        55M       327M

MemTotal:        4016004 kB
MemFree:         3209420 kB
Active:           453344 kB
Mem:          3.8G       787M       3.1G       5.7M        55M       327M

MemTotal:        4016004 kB
MemFree:         3209700 kB
Active:           453356 kB
Mem:          3.8G       787M       3.1G       5.7M        55M       327M

MemTotal:        4016004 kB
MemFree:         3210072 kB
Active:           453308 kB
Mem:          3.8G       787M       3.1G       5.7M        55M       327M

MemTotal:        4016004 kB
MemFree:         3210072 kB
Active:           453320 kB
Mem:          3.8G       787M       3.1G       5.7M        55M       327M

MemTotal:        4016004 kB
MemFree:         3210196 kB
Active:           453344 kB
Mem:          3.8G       787M       3.1G       5.7M        55M       327M

MemTotal:        4016004 kB
MemFree:         3209948 kB
Active:           453300 kB
Mem:          3.8G       787M       3.1G       5.7M        55M       327M

MemTotal:        4016004 kB
MemFree:         3209824 kB
Active:           453324 kB
Mem:          3.8G       787M       3.1G       5.7M        55M       327M

MemTotal:        4016004 kB
MemFree:         3209824 kB
Active:           453320 kB
Mem:          3.8G       787M       3.1G       5.7M        55M       327M

MemTotal:        4016004 kB
MemFree:         3210196 kB
Active:           453352 kB
Mem:          3.8G       786M       3.1G       5.7M        55M       327M

MemTotal:        4016004 kB
MemFree:         3209948 kB
Active:           453364 kB
Mem:          3.8G       787M       3.1G       5.7M        55M       327M

MemTotal:        4016004 kB
MemFree:         3209948 kB
Active:           453336 kB
Mem:          3.8G       787M       3.1G       5.7M        55M       327M

MemTotal:        4016004 kB
MemFree:         3209932 kB
Active:           453352 kB
Mem:          3.8G       787M       3.1G       5.7M        55M       327M

MemTotal:        4016004 kB
MemFree:         3209932 kB
Active:           453348 kB
Mem:          3.8G       787M       3.1G       5.7M        55M       327M

MemTotal:        4016004 kB
MemFree:         3209932 kB
Active:           453364 kB
Mem:          3.8G       787M       3.1G       5.7M        55M       327M

MemTotal:        4016004 kB
MemFree:         3210040 kB
Active:           453320 kB
Mem:          3.8G       787M       3.1G       5.7M        55M       327M

MemTotal:        4016004 kB
MemFree:         3209916 kB
Active:           453336 kB
Mem:          3.8G       787M       3.1G       5.7M        55M       327M

MemTotal:        4016004 kB
MemFree:         3210164 kB
Active:           453344 kB
Mem:          3.8G       786M       3.1G       5.7M        55M       327M

MemTotal:        4016004 kB
MemFree:         3210148 kB
Active:           453344 kB
Mem:          3.8G       786M       3.1G       5.7M        55M       327M

MemTotal:        4016004 kB
MemFree:         3210148 kB
Active:           453360 kB
Mem:          3.8G       786M       3.1G       5.7M        55M       327M

MemTotal:        4016004 kB
MemFree:         3210148 kB
Active:           453316 kB
Mem:          3.8G       786M       3.1G       5.7M        55M       327M

MemTotal:        4016004 kB
MemFree:         3209948 kB
Active:           453376 kB
Mem:          3.8G       786M       3.1G       5.7M        55M       327M

MemTotal:        4016004 kB
MemFree:         3210444 kB
Active:           453364 kB
Mem:          3.8G       786M       3.1G       5.7M        55M       327M

MemTotal:        4016004 kB
MemFree:         3210444 kB
Active:           453332 kB
Mem:          3.8G       787M       3.1G       5.7M        55M       327M

MemTotal:        4016004 kB
MemFree:         3209948 kB
Active:           453388 kB
Mem:          3.8G       786M       3.1G       5.7M        55M       327M

MemTotal:        4016004 kB
MemFree:         3210320 kB
Active:           453360 kB
Mem:          3.8G       786M       3.1G       5.7M        55M       327M

MemTotal:        4016004 kB
MemFree:         3210320 kB
Active:           453384 kB
Mem:          3.8G       786M       3.1G       5.7M        55M       327M

MemTotal:        4016004 kB
MemFree:         3209824 kB
Active:           453340 kB
Mem:          3.8G       787M       3.1G       5.7M        55M       327M

MemTotal:        4016004 kB
MemFree:         3208956 kB
Active:           453400 kB
Mem:          3.8G       787M       3.1G       5.7M        55M       327M

MemTotal:        4016004 kB
MemFree:         3209452 kB
Active:           453360 kB
Mem:          3.8G       787M       3.1G       5.7M        55M       327M

MemTotal:        4016004 kB
MemFree:         3209560 kB
Active:           453364 kB
Mem:          3.8G       787M       3.1G       5.7M        55M       327M

MemTotal:        4016004 kB
MemFree:         3209444 kB
Active:           453392 kB
Mem:          3.8G       787M       3.1G       5.7M        55M       327M

MemTotal:        4016004 kB
MemFree:         3209568 kB
Active:           453368 kB
Mem:          3.8G       787M       3.1G       5.7M        55M       327M

MemTotal:        4016004 kB
MemFree:         3209304 kB
Active:           453412 kB
Mem:          3.8G       787M       3.1G       5.7M        55M       327M

MemTotal:        4016004 kB
MemFree:         3209304 kB
Active:           453412 kB
Mem:          3.8G       787M       3.1G       5.7M        55M       327M

MemTotal:        4016004 kB
MemFree:         3209800 kB
Active:           453392 kB
Mem:          3.8G       787M       3.1G       5.7M        55M       327M

MemTotal:        4016004 kB
MemFree:         3209784 kB
Active:           453412 kB
Mem:          3.8G       787M       3.1G       5.7M        55M       327M

MemTotal:        4016004 kB
MemFree:         3209396 kB
Active:           453424 kB
Mem:          3.8G       787M       3.1G       5.7M        55M       327M

MemTotal:        4016004 kB
MemFree:         3209752 kB
Active:           453392 kB
Mem:          3.8G       787M       3.1G       5.7M        55M       327M

MemTotal:        4016004 kB
MemFree:         3209612 kB
Active:           453388 kB
Mem:          3.8G       787M       3.1G       5.7M        55M       327M

MemTotal:        4016004 kB
MemFree:         3209720 kB
Active:           453404 kB
Mem:          3.8G       787M       3.1G       5.7M        55M       327M

MemTotal:        4016004 kB
MemFree:         3207088 kB
Active:           453544 kB
Mem:          3.8G       789M       3.1G       5.7M        55M       327M

MemTotal:        4016004 kB
MemFree:         3207344 kB
Active:           455416 kB
Mem:          3.8G       789M       3.1G       5.7M        55M       327M

MemTotal:        4016004 kB
MemFree:         3207220 kB
Active:           455420 kB
Mem:          3.8G       789M       3.1G       5.7M        55M       327M

MemTotal:        4016004 kB
MemFree:         3207220 kB
Active:           455444 kB
Mem:          3.8G       789M       3.1G       5.7M        55M       327M

MemTotal:        4016004 kB
MemFree:         3206972 kB
Active:           455468 kB
Mem:          3.8G       789M       3.1G       5.7M        55M       327M

MemTotal:        4016004 kB
MemFree:         3207096 kB
Active:           455476 kB
Mem:          3.8G       789M       3.1G       5.7M        55M       327M

MemTotal:        4016004 kB
MemFree:         3207592 kB
Active:           455468 kB
Mem:          3.8G       789M       3.1G       5.7M        55M       327M

MemTotal:        4016004 kB
MemFree:         3207436 kB
Active:           455568 kB
Mem:          3.8G       789M       3.1G       5.7M        55M       327M

MemTotal:        4016004 kB
MemFree:         3096416 kB
Active:           455988 kB
Mem:          3.8G       898M       3.0G       5.7M        55M       434M

MemTotal:        4016004 kB
MemFree:         2983444 kB
Active:           455992 kB
Mem:          3.8G       1.0G       2.8G       5.7M        55M       543M

MemTotal:        4016004 kB
MemFree:         2864556 kB
Active:           456020 kB
Mem:          3.8G       1.1G       2.7G       5.7M        55M       657M

MemTotal:        4016004 kB
MemFree:         2863748 kB
Active:           456024 kB
Mem:          3.8G       1.1G       2.7G       5.7M        55M       657M

MemTotal:        4016004 kB
MemFree:         2862136 kB
Active:           456032 kB
Mem:          3.8G       1.1G       2.7G       5.7M        55M       659M

MemTotal:        4016004 kB
MemFree:         2857240 kB
Active:           456032 kB
Mem:          3.8G       1.1G       2.7G       5.7M        55M       664M

MemTotal:        4016004 kB
MemFree:         2791024 kB
Active:           456044 kB
Mem:          3.8G       1.2G       2.7G       5.7M        55M       728M

MemTotal:        4016004 kB
MemFree:         2678192 kB
Active:           456044 kB
Mem:          3.8G       1.3G       2.6G       5.7M        55M       836M

MemTotal:        4016004 kB
MemFree:         2580100 kB
Active:           456044 kB
Mem:          3.8G       1.4G       2.5G       5.7M        55M       930M

MemTotal:        4016004 kB
MemFree:         2579320 kB
Active:           456044 kB
Mem:          3.8G       1.4G       2.5G       5.7M        55M       931M

MemTotal:        4016004 kB
MemFree:         2578724 kB
Active:           456008 kB
Mem:          3.8G       1.4G       2.5G       5.7M        55M       931M

MemTotal:        4016004 kB
MemFree:         2578820 kB
Active:           456016 kB
Mem:          3.8G       1.4G       2.5G       5.7M        55M       931M

MemTotal:        4016004 kB
MemFree:         2578188 kB
Active:           454164 kB
Mem:          3.8G       1.4G       2.5G       5.7M        55M       931M

MemTotal:        4016004 kB
MemFree:         2493136 kB
Active:           456076 kB
Mem:          3.8G       1.5G       2.4G       5.7M        55M       1.0G

MemTotal:        4016004 kB
MemFree:         2361656 kB
Active:           456080 kB
Mem:          3.8G       1.6G       2.3G       5.7M        55M       1.1G

MemTotal:        4016004 kB
MemFree:         2244080 kB
Active:           456088 kB
Mem:          3.8G       1.7G       2.1G       5.7M        55M       1.2G

MemTotal:        4016004 kB
MemFree:         2228828 kB
Active:           456096 kB
Mem:          3.8G       1.7G       2.1G       5.7M        55M       1.2G

MemTotal:        4016004 kB
MemFree:         2142272 kB
Active:           456104 kB
Mem:          3.8G       1.8G       2.0G       5.7M        55M       1.3G

MemTotal:        4016004 kB
MemFree:         2135852 kB
Active:           456108 kB
Mem:          3.8G       1.8G       2.0G       5.7M        55M       1.3G

MemTotal:        4016004 kB
MemFree:         2046360 kB
Active:           456108 kB
Mem:          3.8G       1.9G       2.0G       5.7M        55M       1.4G

MemTotal:        4016004 kB
MemFree:         2046444 kB
Active:           456108 kB
Mem:          3.8G       1.9G       2.0G       5.7M        55M       1.4G

MemTotal:        4016004 kB
MemFree:         2045952 kB
Active:           456132 kB
Mem:          3.8G       1.9G       2.0G       5.7M        55M       1.4G

MemTotal:        4016004 kB
MemFree:         2044124 kB
Active:           456164 kB
Mem:          3.8G       1.9G       1.9G       5.7M        55M       1.4G

MemTotal:        4016004 kB
MemFree:         2043504 kB
Active:           456128 kB
Mem:          3.8G       1.9G       1.9G       5.7M        55M       1.4G

MemTotal:        4016004 kB
MemFree:         1946408 kB
Active:           456164 kB
Mem:          3.8G       2.0G       1.9G       5.7M        55M       1.5G

MemTotal:        4016004 kB
MemFree:         1810696 kB
Active:           456128 kB
Mem:          3.8G       2.1G       1.7G       5.7M        55M       1.6G

MemTotal:        4016004 kB
MemFree:         1683324 kB
Active:           456168 kB
Mem:          3.8G       2.2G       1.6G       5.7M        55M       1.8G

MemTotal:        4016004 kB
MemFree:         1553952 kB
Active:           456168 kB
Mem:          3.8G       2.3G       1.5G       5.7M        55M       1.9G

MemTotal:        4016004 kB
MemFree:         1440856 kB
Active:           456168 kB
Mem:          3.8G       2.5G       1.4G       5.7M        55M       2.0G

MemTotal:        4016004 kB
MemFree:         1352748 kB
Active:           456168 kB
Mem:          3.8G       2.5G       1.3G       5.7M        55M       2.1G

MemTotal:        4016004 kB
MemFree:         1350096 kB
Active:           456184 kB
Mem:          3.8G       2.5G       1.3G       5.7M        55M       2.1G

MemTotal:        4016004 kB
MemFree:         1349756 kB
Active:           456144 kB
Mem:          3.8G       2.5G       1.3G       5.7M        55M       2.1G

MemTotal:        4016004 kB
MemFree:         1349184 kB
Active:           454152 kB
Mem:          3.8G       2.5G       1.3G       5.7M        55M       2.1G

MemTotal:        4016004 kB
MemFree:         1349696 kB
Active:           456144 kB
Mem:          3.8G       2.5G       1.3G       5.7M        55M       2.1G

MemTotal:        4016004 kB
MemFree:         1347476 kB
Active:           456204 kB
Mem:          3.8G       2.5G       1.3G       5.7M        55M       2.1G

MemTotal:        4016004 kB
MemFree:         1295472 kB
Active:           456204 kB
Mem:          3.8G       2.6G       1.2G       5.7M        55M       2.1G

MemTotal:        4016004 kB
MemFree:         1295032 kB
Active:           456220 kB
Mem:          3.8G       2.6G       1.2G       5.7M        55M       2.1G

MemTotal:        4016004 kB
MemFree:         1294880 kB
Active:           456192 kB
Mem:          3.8G       2.6G       1.2G       5.7M        55M       2.1G

MemTotal:        4016004 kB
MemFree:         1293024 kB
Active:           456228 kB
Mem:          3.8G       2.6G       1.2G       5.7M        55M       2.1G

MemTotal:        4016004 kB
MemFree:         1291292 kB
Active:           456228 kB
Mem:          3.8G       2.6G       1.2G       5.7M        55M       2.1G

MemTotal:        4016004 kB
MemFree:         1159472 kB
Active:           456228 kB
Mem:          3.8G       2.7G       1.1G       5.7M        55M       2.2G

MemTotal:        4016004 kB
MemFree:         1044888 kB
Active:           456228 kB
Mem:          3.8G       2.8G       1.0G       5.7M        55M       2.4G

MemTotal:        4016004 kB
MemFree:          944348 kB
Active:           456240 kB
Mem:          3.8G       2.9G       921M       5.7M        55M       2.4G

MemTotal:        4016004 kB
MemFree:          924512 kB
Active:           456228 kB
Mem:          3.8G       2.9G       902M       5.7M        55M       2.5G

MemTotal:        4016004 kB
MemFree:          815268 kB
Active:           456248 kB
Mem:          3.8G       3.1G       795M       5.7M        55M       2.6G

MemTotal:        4016004 kB
MemFree:          695212 kB
Active:           456208 kB
Mem:          3.8G       3.2G       678M       5.7M        55M       2.7G

MemTotal:        4016004 kB
MemFree:          602500 kB
Active:           456272 kB
Mem:          3.8G       3.3G       588M       5.7M        55M       2.8G

MemTotal:        4016004 kB
MemFree:          600688 kB
Active:           456292 kB
Mem:          3.8G       3.3G       586M       5.7M        55M       2.8G

MemTotal:        4016004 kB
MemFree:          599452 kB
Active:           456292 kB
Mem:          3.8G       3.3G       585M       5.7M        55M       2.8G

MemTotal:        4016004 kB
MemFree:          598588 kB
Active:           456292 kB
Mem:          3.8G       3.3G       584M       5.7M        55M       2.8G

MemTotal:        4016004 kB
MemFree:          597648 kB
Active:           456296 kB
Mem:          3.8G       3.3G       583M       5.7M        55M       2.8G

MemTotal:        4016004 kB
MemFree:          520568 kB
Active:           456296 kB
Mem:          3.8G       3.3G       508M       5.7M        55M       2.8G

MemTotal:        4016004 kB
MemFree:          517140 kB
Active:           454604 kB
Mem:          3.8G       3.3G       505M       5.7M        56M       2.8G

MemTotal:        4016004 kB
MemFree:          515340 kB
Active:           456432 kB
Mem:          3.8G       3.3G       503M       5.7M        56M       2.8G

MemTotal:        4016004 kB
MemFree:          514552 kB
Active:           456432 kB
Mem:          3.8G       3.3G       502M       5.7M        56M       2.8G

MemTotal:        4016004 kB
MemFree:          513660 kB
Active:           456432 kB
Mem:          3.8G       3.3G       501M       5.7M        56M       2.8G

MemTotal:        4016004 kB
MemFree:          408736 kB
Active:           456428 kB
Mem:          3.8G       3.4G       398M       5.7M        56M       2.9G

MemTotal:        4016004 kB
MemFree:          280356 kB
Active:           456444 kB
Mem:          3.8G       3.6G       274M       5.7M        56M       3.1G

MemTotal:        4016004 kB
MemFree:          167740 kB
Active:           456444 kB
Mem:          3.8G       3.7G       163M       5.7M        56M       3.2G

MemTotal:        4016004 kB
MemFree:          141960 kB
Active:           477116 kB
Mem:          3.8G       3.7G       146M       5.7M        22M       3.2G

MemTotal:        4016004 kB
MemFree:          149608 kB
Active:           473392 kB
Mem:          3.8G       3.7G       145M       5.7M        22M       3.2G

MemTotal:        4016004 kB
MemFree:          147720 kB
Active:           473396 kB
Mem:          3.8G       3.7G       144M       5.7M        22M       3.2G

MemTotal:        4016004 kB
MemFree:          147076 kB
Active:           473396 kB
Mem:          3.8G       3.7G       143M       5.7M        22M       3.2G

MemTotal:        4016004 kB
MemFree:          146120 kB
Active:           473396 kB
Mem:          3.8G       3.7G       142M       5.7M        22M       3.2G

MemTotal:        4016004 kB
MemFree:          141888 kB
Active:           473400 kB
Mem:          3.8G       3.7G       138M       5.7M        22M       3.2G

MemTotal:        4016004 kB
MemFree:          141344 kB
Active:           473416 kB
Mem:          3.8G       3.7G       138M       5.7M        22M       3.2G

MemTotal:        4016004 kB
MemFree:          141884 kB
Active:           473424 kB
Mem:          3.8G       3.7G       138M       5.7M        22M       3.2G

MemTotal:        4016004 kB
MemFree:          142076 kB
Active:           473408 kB
Mem:          3.8G       3.7G       138M       5.7M        22M       3.2G

MemTotal:        4016004 kB
MemFree:          126980 kB
Active:           473432 kB
Mem:          3.8G       3.7G       124M       5.7M        22M       3.2G

MemTotal:        4016004 kB
MemFree:          120600 kB
Active:           469208 kB
Mem:          3.8G       3.7G       121M       5.7M        22M       3.2G

MemTotal:        4016004 kB
MemFree:          127628 kB
Active:           460120 kB
Mem:          3.8G       3.7G       124M       5.7M        22M       3.2G

MemTotal:        4016004 kB
MemFree:          140492 kB
Active:           456180 kB
Mem:          3.8G       3.7G       136M       5.7M        22M       3.2G

MemTotal:        4016004 kB
MemFree:          139656 kB
Active:           456180 kB
Mem:          3.8G       3.7G       136M       5.7M        22M       3.2G

MemTotal:        4016004 kB
MemFree:          136228 kB
Active:           453880 kB
Mem:          3.8G       3.7G       132M       5.7M        22M       3.2G

MemTotal:        4016004 kB
MemFree:          121836 kB
Active:           453368 kB
Mem:          3.8G       3.7G       119M       5.7M        22M       3.2G

MemTotal:        4016004 kB
MemFree:          111940 kB
Active:           452108 kB
Mem:          3.8G       3.7G       109M       5.7M        22M       3.3G

MemTotal:        4016004 kB
MemFree:          122300 kB
Active:           450196 kB
Mem:          3.8G       3.7G       119M       5.7M        22M       3.2G

MemTotal:        4016004 kB
MemFree:          123492 kB
Active:           449952 kB
Mem:          3.8G       3.7G       120M       5.7M        22M       3.2G

MemTotal:        4016004 kB
MemFree:          122888 kB
Active:           449932 kB
Mem:          3.8G       3.7G       120M       5.7M        22M       3.2G

MemTotal:        4016004 kB
MemFree:          121776 kB
Active:           449956 kB
Mem:          3.8G       3.7G       118M       5.7M        22M       3.2G

MemTotal:        4016004 kB
MemFree:          121220 kB
Active:           449952 kB
Mem:          3.8G       3.7G       118M       5.7M        22M       3.3G

MemTotal:        4016004 kB
MemFree:          140232 kB
Active:           449172 kB
Mem:          3.8G       3.7G       136M       5.7M        22M       3.2G

MemTotal:        4016004 kB
MemFree:          138068 kB
Active:           444820 kB
Mem:          3.8G       3.7G       134M       5.7M        22M       3.2G

MemTotal:        4016004 kB
MemFree:          133784 kB
Active:           437812 kB
Mem:          3.8G       3.7G       130M       5.7M        22M       3.2G

MemTotal:        4016004 kB
MemFree:          127756 kB
Active:           435256 kB
Mem:          3.8G       3.7G       124M       5.7M        22M       3.2G

MemTotal:        4016004 kB
MemFree:          118308 kB
Active:           434488 kB
Mem:          3.8G       3.7G       126M       5.7M        22M       3.2G

MemTotal:        4016004 kB
MemFree:          140912 kB
Active:           431936 kB
Mem:          3.8G       3.7G       137M       5.7M        22M       3.2G

MemTotal:        4016004 kB
MemFree:          134612 kB
Active:           430804 kB
Mem:          3.8G       3.7G       131M       5.7M        22M       3.2G

MemTotal:        4016004 kB
MemFree:          134244 kB
Active:           430816 kB
Mem:          3.8G       3.7G       130M       5.7M        22M       3.2G

MemTotal:        4016004 kB
MemFree:          134400 kB
Active:           430816 kB
Mem:          3.8G       3.7G       130M       5.7M        22M       3.2G

MemTotal:        4016004 kB
MemFree:          134004 kB
Active:           430824 kB
Mem:          3.8G       3.7G       130M       5.7M        22M       3.2G

MemTotal:        4016004 kB
MemFree:          117864 kB
Active:           431032 kB
Mem:          3.8G       3.7G       114M       5.7M        22M       3.3G

MemTotal:        4016004 kB
MemFree:          140952 kB
Active:           423484 kB
Mem:          3.8G       3.7G       137M       5.7M        22M       3.2G

MemTotal:        4016004 kB
MemFree:          122120 kB
Active:           420284 kB
Mem:          3.8G       3.7G       118M       5.7M        22M       3.2G

MemTotal:        4016004 kB
MemFree:          131760 kB
Active:           415404 kB
Mem:          3.8G       3.7G       128M       5.7M        22M       3.2G

MemTotal:        4016004 kB
MemFree:          134084 kB
Active:           414260 kB
Mem:          3.8G       3.7G       130M       5.7M        22M       3.2G

MemTotal:        4016004 kB
MemFree:          131632 kB
Active:           412852 kB
Mem:          3.8G       3.7G       128M       5.7M        22M       3.2G

MemTotal:        4016004 kB
MemFree:          129136 kB
Active:           411708 kB
Mem:          3.8G       3.7G       125M       5.7M        22M       3.2G

MemTotal:        4016004 kB
MemFree:          126772 kB
Active:           410312 kB
Mem:          3.8G       3.7G       123M       5.7M        22M       3.2G

MemTotal:        4016004 kB
MemFree:          132988 kB
Active:           409032 kB
Mem:          3.8G       3.7G       130M       5.7M        22M       3.2G

MemTotal:        4016004 kB
MemFree:          131916 kB
Active:           409044 kB
Mem:          3.8G       3.7G       128M       5.7M        22M       3.2G

MemTotal:        4016004 kB
MemFree:          129996 kB
Active:           409044 kB
Mem:          3.8G       3.7G       126M       5.7M        22M       3.2G

MemTotal:        4016004 kB
MemFree:          129228 kB
Active:           409044 kB
Mem:          3.8G       3.7G       125M       5.7M        22M       3.2G

MemTotal:        4016004 kB
MemFree:          109064 kB
Active:           409012 kB
Mem:          3.8G       3.7G       106M       5.7M        22M       3.3G

MemTotal:        4016004 kB
MemFree:          115256 kB
Active:           403660 kB
Mem:          3.8G       3.7G       112M       5.7M        22M       3.3G

MemTotal:        4016004 kB
MemFree:          130564 kB
Active:           399824 kB
Mem:          3.8G       3.7G       127M       5.7M        22M       3.2G

MemTotal:        4016004 kB
MemFree:          132240 kB
Active:           394576 kB
Mem:          3.8G       3.7G       129M       5.7M        22M       3.2G

MemTotal:        4016004 kB
MemFree:          114620 kB
Active:           394576 kB
Mem:          3.8G       3.7G       111M       5.7M        22M       3.3G

MemTotal:        4016004 kB
MemFree:          128848 kB
Active:           392408 kB
Mem:          3.8G       3.7G       125M       5.7M        22M       3.2G

MemTotal:        4016004 kB
MemFree:          110276 kB
Active:           391268 kB
Mem:          3.8G       3.7G       107M       5.7M        22M       3.3G

MemTotal:        4016004 kB
MemFree:          144836 kB
Active:           389092 kB
Mem:          3.8G       3.7G       140M       5.7M        22M       3.2G

MemTotal:        4016004 kB
MemFree:          109688 kB
Active:           389092 kB
Mem:          3.8G       3.7G       106M       5.7M        22M       3.3G

MemTotal:        4016004 kB
MemFree:          108364 kB
Active:           389108 kB
Mem:          3.8G       3.7G       105M       5.7M        22M       3.3G

MemTotal:        4016004 kB
MemFree:          108024 kB
Active:           389116 kB
Mem:          3.8G       3.7G       105M       5.7M        22M       3.3G

MemTotal:        4016004 kB
MemFree:          108480 kB
Active:           389116 kB
Mem:          3.8G       3.7G       105M       5.7M        22M       3.3G

MemTotal:        4016004 kB
MemFree:          106648 kB
Active:           388860 kB
Mem:          3.8G       3.7G       116M       5.7M        22M       3.3G

MemTotal:        4016004 kB
MemFree:          130188 kB
Active:           387968 kB
Mem:          3.8G       3.7G       127M       5.7M        22M       3.2G

MemTotal:        4016004 kB
MemFree:          118264 kB
Active:           387664 kB
Mem:          3.8G       3.7G       114M       5.7M        22M       3.3G

MemTotal:        4016004 kB
MemFree:          123296 kB
Active:           387672 kB
Mem:          3.8G       3.7G       119M       5.7M        22M       3.2G

MemTotal:        4016004 kB
MemFree:          131996 kB
Active:           387676 kB
Mem:          3.8G       3.7G       128M       5.7M        22M       3.2G

MemTotal:        4016004 kB
MemFree:          137532 kB
Active:           387588 kB
Mem:          3.8G       3.7G       134M       5.7M        22M       3.2G

MemTotal:        4016004 kB
MemFree:          135424 kB
Active:           388588 kB
Mem:          3.8G       3.7G       131M       5.7M        22M       3.2G

MemTotal:        4016004 kB
MemFree:          111232 kB
Active:           388568 kB
Mem:          3.8G       3.7G       107M       5.7M        22M       3.3G

MemTotal:        4016004 kB
MemFree:          128512 kB
Active:           388592 kB
Mem:          3.8G       3.7G       125M       5.7M        22M       3.2G

MemTotal:        4016004 kB
MemFree:          128544 kB
Active:           388616 kB
Mem:          3.8G       3.7G       125M       5.7M        22M       3.2G

MemTotal:        4016004 kB
MemFree:          125096 kB
Active:           388620 kB
Mem:          3.8G       3.7G       121M       5.7M        22M       3.2G

MemTotal:        4016004 kB
MemFree:          119168 kB
Active:           388592 kB
Mem:          3.8G       3.7G       116M       5.7M        22M       3.2G

MemTotal:        4016004 kB
MemFree:          115836 kB
Active:           388620 kB
Mem:          3.8G       3.7G       113M       5.7M        22M       3.3G

MemTotal:        4016004 kB
MemFree:          109024 kB
Active:           388556 kB
Mem:          3.8G       3.7G       105M       5.7M        22M       3.3G

MemTotal:        4016004 kB
MemFree:          147272 kB
Active:           388556 kB
Mem:          3.8G       3.7G       143M       5.7M        22M       3.2G

MemTotal:        4016004 kB
MemFree:          111296 kB
Active:           388528 kB
Mem:          3.8G       3.7G       108M       5.7M        22M       3.3G

MemTotal:        4016004 kB
MemFree:          110968 kB
Active:           388572 kB
Mem:          3.8G       3.7G       108M       5.7M        22M       3.3G

MemTotal:        4016004 kB
MemFree:          129928 kB
Active:           388380 kB
Mem:          3.8G       3.7G       125M       5.7M        22M       3.2G

MemTotal:        4016004 kB
MemFree:          125556 kB
Active:           388424 kB
Mem:          3.8G       3.7G       122M       5.7M        22M       3.2G

MemTotal:        4016004 kB
MemFree:          124412 kB
Active:           388404 kB
Mem:          3.8G       3.7G       121M       5.7M        22M       3.2G

MemTotal:        4016004 kB
MemFree:          142860 kB
Active:           388428 kB
Mem:          3.8G       3.7G       139M       5.7M        22M       3.2G

MemTotal:        4016004 kB
MemFree:          140876 kB
Active:           388392 kB
Mem:          3.8G       3.7G       137M       5.7M        22M       3.2G

MemTotal:        4016004 kB
MemFree:          139824 kB
Active:           388408 kB
Mem:          3.8G       3.7G       136M       5.7M        22M       3.2G

MemTotal:        4016004 kB
MemFree:          138900 kB
Active:           388408 kB
Mem:          3.8G       3.7G       135M       5.7M        22M       3.2G

MemTotal:        4016004 kB
MemFree:          123684 kB
Active:           388448 kB
Mem:          3.8G       3.7G       120M       5.7M        22M       3.2G

MemTotal:        4016004 kB
MemFree:          122004 kB
Active:           388456 kB
Mem:          3.8G       3.7G       119M       5.7M        22M       3.2G

MemTotal:        4016004 kB
MemFree:          140672 kB
Active:           383700 kB
Mem:          3.8G       3.7G       137M       5.7M        22M       3.2G

MemTotal:        4016004 kB
MemFree:          123732 kB
Active:           383712 kB
Mem:          3.8G       3.7G       120M       5.7M        22M       3.2G

MemTotal:        4016004 kB
MemFree:          132040 kB
Active:           383712 kB
Mem:          3.8G       3.7G       128M       5.7M        22M       3.2G

MemTotal:        4016004 kB
MemFree:          127496 kB
Active:           383720 kB
Mem:          3.8G       3.7G       124M       5.7M        22M       3.2G

MemTotal:        4016004 kB
MemFree:          130768 kB
Active:           383692 kB
Mem:          3.8G       3.7G       127M       5.7M        22M       3.2G

MemTotal:        4016004 kB
MemFree:          130864 kB
Active:           381428 kB
Mem:          3.8G       3.7G       127M       5.7M        22M       3.2G

MemTotal:        4016004 kB
MemFree:          127344 kB
Active:           381416 kB
Mem:          3.8G       3.7G       124M       5.7M        22M       3.2G

MemTotal:        4016004 kB
MemFree:          125548 kB
Active:           381420 kB
Mem:          3.8G       3.7G       122M       5.7M        22M       3.2G

MemTotal:        4016004 kB
MemFree:          124668 kB
Active:           381448 kB
Mem:          3.8G       3.7G       121M       5.7M        22M       3.2G

MemTotal:        4016004 kB
MemFree:          123680 kB
Active:           381436 kB
Mem:          3.8G       3.7G       120M       5.7M        22M       3.2G

MemTotal:        4016004 kB
MemFree:          122196 kB
Active:           381460 kB
Mem:          3.8G       3.7G       119M       5.7M        22M       3.2G

MemTotal:        4016004 kB
MemFree:          129048 kB
Active:           381464 kB
Mem:          3.8G       3.7G       125M       5.7M        22M       3.2G

MemTotal:        4016004 kB
MemFree:          107244 kB
Active:           381464 kB
Mem:          3.8G       3.7G       104M       5.7M        22M       3.3G

MemTotal:        4016004 kB
MemFree:          111064 kB
Active:           380672 kB
Mem:          3.8G       3.7G       107M       5.7M        22M       3.3G

MemTotal:        4016004 kB
MemFree:          129504 kB
Active:           380680 kB
Mem:          3.8G       3.7G       125M       5.7M        22M       3.2G

MemTotal:        4016004 kB
MemFree:          127096 kB
Active:           380680 kB
Mem:          3.8G       3.7G       123M       5.7M        22M       3.2G

MemTotal:        4016004 kB
MemFree:          107268 kB
Active:           380680 kB
Mem:          3.8G       3.7G       104M       5.7M        22M       3.3G

MemTotal:        4016004 kB
MemFree:          116988 kB
Active:           380684 kB
Mem:          3.8G       3.7G       114M       5.7M        22M       3.2G

MemTotal:        4016004 kB
MemFree:          134576 kB
Active:           380688 kB
Mem:          3.8G       3.7G       131M       5.7M        22M       3.2G

MemTotal:        4016004 kB
MemFree:          134528 kB
Active:           380664 kB
Mem:          3.8G       3.7G       130M       5.7M        22M       3.2G

MemTotal:        4016004 kB
MemFree:          131504 kB
Active:           382752 kB
Mem:          3.8G       3.7G       128M       5.7M        22M       3.2G

MemTotal:        4016004 kB
MemFree:          118956 kB
Active:           382248 kB
Mem:          3.8G       3.7G       116M       5.7M        22M       3.2G

MemTotal:        4016004 kB
MemFree:          110068 kB
Active:           380060 kB
Mem:          3.8G       3.7G       107M       5.7M        22M       3.3G

MemTotal:        4016004 kB
MemFree:          120368 kB
Active:           379964 kB
Mem:          3.8G       3.7G       116M       5.7M        22M       3.2G

MemTotal:        4016004 kB
MemFree:          133784 kB
Active:           379788 kB
Mem:          3.8G       3.7G       130M       5.7M        22M       3.2G

MemTotal:        4016004 kB
MemFree:          121908 kB
Active:           379812 kB
Mem:          3.8G       3.7G       118M       5.7M        22M       3.2G

MemTotal:        4016004 kB
MemFree:          127136 kB
Active:           379796 kB
Mem:          3.8G       3.7G       123M       5.7M        22M       3.2G

MemTotal:        4016004 kB
MemFree:          108000 kB
Active:           379844 kB
Mem:          3.8G       3.7G       105M       5.7M        22M       3.3G

MemTotal:        4016004 kB
MemFree:          129884 kB
Active:           367968 kB
Mem:          3.8G       3.7G       126M       5.7M        22M       3.2G

MemTotal:        4016004 kB
MemFree:          140916 kB
Active:           367824 kB
Mem:          3.8G       3.7G       137M       5.7M        22M       3.2G

MemTotal:        4016004 kB
MemFree:          140396 kB
Active:           367832 kB
Mem:          3.8G       3.7G       136M       5.7M        22M       3.2G

MemTotal:        4016004 kB
MemFree:          139372 kB
Active:           367816 kB
Mem:          3.8G       3.7G       135M       5.7M        22M       3.2G

MemTotal:        4016004 kB
MemFree:          137268 kB
Active:           367844 kB
Mem:          3.8G       3.7G       134M       5.7M        22M       3.2G

MemTotal:        4016004 kB
MemFree:          136216 kB
Active:           367844 kB
Mem:          3.8G       3.7G       132M       5.7M        22M       3.2G

MemTotal:        4016004 kB
MemFree:          109560 kB
Active:           367796 kB
Mem:          3.8G       3.7G       106M       5.7M        22M       3.3G

MemTotal:        4016004 kB
MemFree:          114800 kB
Active:           367852 kB
Mem:          3.8G       3.7G       111M       5.7M        22M       3.2G

MemTotal:        4016004 kB
MemFree:          135816 kB
Active:           367852 kB
Mem:          3.8G       3.7G       132M       5.7M        22M       3.2G

MemTotal:        4016004 kB
MemFree:          137744 kB
Active:           364912 kB
Mem:          3.8G       3.7G       134M       5.7M        22M       3.2G

MemTotal:        4016004 kB
MemFree:          104956 kB
Active:           364792 kB
Mem:          3.8G       3.7G       106M       5.7M        22M       3.2G

MemTotal:        4016004 kB
MemFree:          133108 kB
Active:           366328 kB
Mem:          3.8G       3.7G       129M       5.7M        22M       3.2G

MemTotal:        4016004 kB
MemFree:          141228 kB
Active:           366232 kB
Mem:          3.8G       3.7G       137M       5.7M        22M       3.2G

MemTotal:        4016004 kB
MemFree:          115764 kB
Active:           366068 kB
Mem:          3.8G       3.7G       113M       5.7M        22M       3.2G

MemTotal:        4016004 kB
MemFree:          132968 kB
Active:           365980 kB
Mem:          3.8G       3.7G       129M       5.7M        22M       3.2G

MemTotal:        4016004 kB
MemFree:          126504 kB
Active:           365936 kB
Mem:          3.8G       3.7G       123M       5.7M        22M       3.2G

MemTotal:        4016004 kB
MemFree:          124484 kB
Active:           365984 kB
Mem:          3.8G       3.7G       121M       5.7M        22M       3.2G

MemTotal:        4016004 kB
MemFree:          123428 kB
Active:           365952 kB
Mem:          3.8G       3.7G       120M       5.7M        22M       3.2G

MemTotal:        4016004 kB
MemFree:          122628 kB
Active:           366000 kB
Mem:          3.8G       3.7G       119M       5.7M        22M       3.2G

MemTotal:        4016004 kB
MemFree:          132116 kB
Active:           366004 kB
Mem:          3.8G       3.7G       128M       5.7M        22M       3.2G

MemTotal:        4016004 kB
MemFree:          131212 kB
Active:           364388 kB
Mem:          3.8G       3.7G       127M       5.7M        22M       3.2G

MemTotal:        4016004 kB
MemFree:          140248 kB
Active:           364288 kB
Mem:          3.8G       3.7G       136M       5.7M        22M       3.2G

MemTotal:        4016004 kB
MemFree:          128036 kB
Active:           364272 kB
Mem:          3.8G       3.7G       124M       5.7M        22M       3.2G

MemTotal:        4016004 kB
MemFree:          142548 kB
Active:           364256 kB
Mem:          3.8G       3.7G       139M       5.7M        22M       3.2G

MemTotal:        4016004 kB
MemFree:          139292 kB
Active:           364268 kB
Mem:          3.8G       3.7G       135M       5.7M        22M       3.2G

MemTotal:        4016004 kB
MemFree:          136648 kB
Active:           364284 kB
Mem:          3.8G       3.7G       133M       5.7M        22M       3.2G

MemTotal:        4016004 kB
MemFree:          132372 kB
Active:           364272 kB
Mem:          3.8G       3.7G       128M       5.7M        22M       3.2G

MemTotal:        4016004 kB
MemFree:          125208 kB
Active:           364304 kB
Mem:          3.8G       3.7G       122M       5.7M        22M       3.2G

MemTotal:        4016004 kB
MemFree:          122964 kB
Active:           364328 kB
Mem:          3.8G       3.7G       119M       5.7M        22M       3.2G

MemTotal:        4016004 kB
MemFree:          121108 kB
Active:           364348 kB
Mem:          3.8G       3.7G       118M       5.7M        22M       3.2G

MemTotal:        4016004 kB
MemFree:          120480 kB
Active:           364308 kB
Mem:          3.8G       3.7G       117M       5.7M        22M       3.2G

MemTotal:        4016004 kB
MemFree:          118388 kB
Active:           364360 kB
Mem:          3.8G       3.7G       115M       5.7M        22M       3.2G

MemTotal:        4016004 kB
MemFree:          134816 kB
Active:           359940 kB
Mem:          3.8G       3.7G       130M       5.7M        22M       3.2G

MemTotal:        4016004 kB
MemFree:          118820 kB
Active:           359824 kB
Mem:          3.8G       3.7G       116M       5.7M        22M       3.2G

MemTotal:        4016004 kB
MemFree:          126332 kB
Active:           359884 kB
Mem:          3.8G       3.7G       122M       5.7M        22M       3.2G

MemTotal:        4016004 kB
MemFree:          137104 kB
Active:           359884 kB
Mem:          3.8G       3.7G       133M       5.7M        22M       3.2G

MemTotal:        4016004 kB
MemFree:          126408 kB
Active:           359884 kB
Mem:          3.8G       3.7G       123M       5.7M        22M       3.2G

MemTotal:        4016004 kB
MemFree:          142876 kB
Active:           359884 kB
Mem:          3.8G       3.7G       139M       5.7M        22M       3.2G

MemTotal:        4016004 kB
MemFree:          138904 kB
Active:           359864 kB
Mem:          3.8G       3.7G       135M       5.7M        22M       3.2G

MemTotal:        4016004 kB
MemFree:          113896 kB
Active:           359960 kB
Mem:          3.8G       3.7G       111M       5.7M        22M       3.2G

MemTotal:        4016004 kB
MemFree:          111464 kB
Active:           360048 kB
Mem:          3.8G       3.7G       108M       5.7M        22M       3.2G

MemTotal:        4016004 kB
MemFree:          108772 kB
Active:           359876 kB
Mem:          3.8G       3.7G       106M       5.7M        22M       3.2G

MemTotal:        4016004 kB
MemFree:          106852 kB
Active:           361900 kB
Mem:          3.8G       3.7G       104M       5.7M        22M       3.2G

MemTotal:        4016004 kB
MemFree:          106488 kB
Active:           361900 kB
Mem:          3.8G       3.7G       103M       5.7M        22M       3.2G

MemTotal:        4016004 kB
MemFree:          124204 kB
Active:           315496 kB
Mem:          3.8G       3.7G       121M       5.7M        22M       3.2G

MemTotal:        4016004 kB
MemFree:          125088 kB
Active:           315496 kB
Mem:          3.8G       3.7G       121M       5.7M        22M       3.2G

MemTotal:        4016004 kB
MemFree:          128488 kB
Active:           315496 kB
Mem:          3.8G       3.7G       125M       5.7M        22M       3.2G

MemTotal:        4016004 kB
MemFree:          131812 kB
Active:           315512 kB
Mem:          3.8G       3.7G       128M       5.7M        22M       3.2G

MemTotal:        4016004 kB
MemFree:          153560 kB
Active:           315512 kB
Mem:          3.8G       3.7G       149M       5.7M        22M       3.2G

MemTotal:        4016004 kB
MemFree:          133672 kB
Active:           315512 kB
Mem:          3.8G       3.7G       130M       5.7M        23M       3.2G

MemTotal:        4016004 kB
MemFree:          140668 kB
Active:           315520 kB
Mem:          3.8G       3.7G       136M       5.7M        23M       3.2G

MemTotal:        4016004 kB
MemFree:          133256 kB
Active:           316032 kB
Mem:          3.8G       3.7G       130M       5.7M        23M       3.2G

MemTotal:        4016004 kB
MemFree:          131300 kB
Active:           316044 kB
Mem:          3.8G       3.7G       128M       5.7M        23M       3.2G

MemTotal:        4016004 kB
MemFree:          130992 kB
Active:           316012 kB
Mem:          3.8G       3.7G       127M       5.7M        23M       3.2G

MemTotal:        4016004 kB
MemFree:          128780 kB
Active:           316048 kB
Mem:          3.8G       3.7G       125M       5.7M        23M       3.2G

MemTotal:        4016004 kB
MemFree:          127948 kB
Active:           316008 kB
Mem:          3.8G       3.7G       124M       5.7M        23M       3.2G

MemTotal:        4016004 kB
MemFree:          145124 kB
Active:           315680 kB
Mem:          3.8G       3.7G       141M       5.7M        23M       3.2G

MemTotal:        4016004 kB
MemFree:          130128 kB
Active:           311604 kB
Mem:          3.8G       3.7G       128M       5.7M        23M       3.2G

MemTotal:        4016004 kB
MemFree:          132940 kB
Active:           311608 kB
Mem:          3.8G       3.7G       139M       5.7M        23M       3.2G

MemTotal:        4016004 kB
MemFree:          139384 kB
Active:           311612 kB
Mem:          3.8G       3.7G       135M       5.7M        23M       3.2G

MemTotal:        4016004 kB
MemFree:          122272 kB
Active:           311620 kB
Mem:          3.8G       3.7G       118M       5.7M        23M       3.2G

MemTotal:        4016004 kB
MemFree:          131604 kB
Active:           312880 kB
Mem:          3.8G       3.7G       128M       5.7M        23M       3.2G

MemTotal:        4016004 kB
MemFree:          117904 kB
Active:           312568 kB
Mem:          3.8G       3.7G       114M       5.7M        23M       3.2G

MemTotal:        4016004 kB
MemFree:          118028 kB
Active:           312552 kB
Mem:          3.8G       3.7G       115M       5.7M        23M       3.2G

MemTotal:        4016004 kB
MemFree:          118028 kB
Active:           312568 kB
Mem:          3.8G       3.7G       115M       5.7M        23M       3.2G

MemTotal:        4016004 kB
MemFree:          118276 kB
Active:           312520 kB
Mem:          3.8G       3.7G       115M       5.7M        23M       3.2G

MemTotal:        4016004 kB
MemFree:          117512 kB
Active:           312576 kB
Mem:          3.8G       3.7G       114M       5.7M        23M       3.2G

MemTotal:        4016004 kB
MemFree:          117368 kB
Active:           312580 kB
Mem:          3.8G       3.7G       114M       5.7M        23M       3.2G

MemTotal:        4016004 kB
MemFree:          117312 kB
Active:           312588 kB
Mem:          3.8G       3.7G       114M       5.7M        23M       3.2G

MemTotal:        4016004 kB
MemFree:          117992 kB
Active:           312556 kB
Mem:          3.8G       3.7G       115M       5.7M        23M       3.2G

MemTotal:        4016004 kB
MemFree:          117996 kB
Active:           312580 kB
Mem:          3.8G       3.7G       114M       5.7M        23M       3.2G

MemTotal:        4016004 kB
MemFree:          115824 kB
Active:           312588 kB
Mem:          3.8G       3.7G       112M       5.7M        23M       3.2G

MemTotal:        4016004 kB
MemFree:          115576 kB
Active:           314644 kB
Mem:          3.8G       3.7G       113M       5.7M        23M       3.2G

MemTotal:        4016004 kB
MemFree:          116072 kB
Active:           314592 kB
Mem:          3.8G       3.7G       112M       5.7M        23M       3.2G

MemTotal:        4016004 kB
MemFree:          116072 kB
Active:           314600 kB
Mem:          3.8G       3.7G       113M       5.7M        23M       3.2G

MemTotal:        4016004 kB
MemFree:          116196 kB
Active:           314588 kB
Mem:          3.8G       3.7G       113M       5.7M        23M       3.2G

MemTotal:        4016004 kB
MemFree:          115824 kB
Active:           314648 kB
Mem:          3.8G       3.7G       113M       5.7M        23M       3.2G

MemTotal:        4016004 kB
MemFree:          116072 kB
Active:           314596 kB
Mem:          3.8G       3.7G       113M       5.7M        23M       3.2G

MemTotal:        4016004 kB
MemFree:          116244 kB
Active:           314444 kB
Mem:          3.8G       3.7G       113M       5.7M        23M       3.2G

MemTotal:        4016004 kB
MemFree:          115624 kB
Active:           314420 kB
Mem:          3.8G       3.7G       112M       5.7M        23M       3.2G

MemTotal:        4016004 kB
MemFree:          115252 kB
Active:           314404 kB
Mem:          3.8G       3.7G       112M       5.7M        23M       3.2G

MemTotal:        4016004 kB
MemFree:          114996 kB
Active:           312672 kB
Mem:          3.8G       3.7G       112M       5.7M        23M       3.2G

MemTotal:        4016004 kB
MemFree:          114748 kB
Active:           312720 kB
Mem:          3.8G       3.7G       112M       5.7M        23M       3.2G

MemTotal:        4016004 kB
MemFree:          115120 kB
Active:           314768 kB
Mem:          3.8G       3.7G       112M       5.7M        23M       3.2G

MemTotal:        4016004 kB
MemFree:          115616 kB
Active:           314776 kB
Mem:          3.8G       3.7G       112M       5.7M        23M       3.2G

MemTotal:        4016004 kB
MemFree:          115492 kB
Active:           314764 kB
Mem:          3.8G       3.7G       112M       5.7M        23M       3.2G

MemTotal:        4016004 kB
MemFree:          115492 kB
Active:           314768 kB
Mem:          3.8G       3.7G       112M       5.7M        23M       3.2G

MemTotal:        4016004 kB
MemFree:          115864 kB
Active:           314780 kB
Mem:          3.8G       3.7G       113M       5.7M        23M       3.2G

MemTotal:        4016004 kB
MemFree:          116112 kB
Active:           314784 kB
Mem:          3.8G       3.7G       113M       5.7M        23M       3.2G

MemTotal:        4016004 kB
MemFree:          115988 kB
Active:           314768 kB
Mem:          3.8G       3.7G       113M       5.7M        23M       3.2G

MemTotal:        4016004 kB
MemFree:          115740 kB
Active:           314740 kB
Mem:          3.8G       3.7G       112M       5.7M        23M       3.2G

MemTotal:        4016004 kB
MemFree:          115724 kB
Active:           312712 kB
Mem:          3.8G       3.7G       113M       5.7M        23M       3.2G

MemTotal:        4016004 kB
MemFree:          115848 kB
Active:           314760 kB
Mem:          3.8G       3.7G       113M       5.7M        23M       3.2G

MemTotal:        4016004 kB
MemFree:          115476 kB
Active:           314792 kB
Mem:          3.8G       3.7G       113M       5.7M        23M       3.2G

MemTotal:        4016004 kB
MemFree:          115972 kB
Active:           314752 kB
Mem:          3.8G       3.7G       113M       5.7M        23M       3.2G

MemTotal:        4016004 kB
MemFree:          115972 kB
Active:           314748 kB
Mem:          3.8G       3.7G       113M       5.7M        23M       3.2G

MemTotal:        4016004 kB
MemFree:          115972 kB
Active:           314748 kB
Mem:          3.8G       3.7G       113M       5.7M        23M       3.2G

MemTotal:        4016004 kB
MemFree:          115600 kB
Active:           314800 kB
Mem:          3.8G       3.7G       112M       5.7M        23M       3.2G

MemTotal:        4016004 kB
MemFree:          115724 kB
Active:           314764 kB
Mem:          3.8G       3.7G       112M       5.7M        23M       3.2G

MemTotal:        4016004 kB
MemFree:          115724 kB
Active:           314760 kB
Mem:          3.8G       3.7G       112M       5.7M        23M       3.2G

MemTotal:        4016004 kB
MemFree:          115600 kB
Active:           314756 kB
Mem:          3.8G       3.7G       112M       5.7M        23M       3.2G

MemTotal:        4016004 kB
MemFree:          115656 kB
Active:           312736 kB
Mem:          3.8G       3.7G       112M       5.7M        23M       3.2G

MemTotal:        4016004 kB
MemFree:          115796 kB
Active:           312748 kB
Mem:          3.8G       3.7G       113M       5.7M        23M       3.2G

MemTotal:        4016004 kB
MemFree:          115424 kB
Active:           314768 kB
Mem:          3.8G       3.7G       112M       5.7M        23M       3.2G

MemTotal:        4016004 kB
MemFree:          115424 kB
Active:           314824 kB
Mem:          3.8G       3.7G       112M       5.7M        23M       3.2G

MemTotal:        4016004 kB
MemFree:          115548 kB
Active:           314796 kB
Mem:          3.8G       3.7G       112M       5.7M        23M       3.2G

MemTotal:        4016004 kB
MemFree:          115548 kB
Active:           314792 kB
Mem:          3.8G       3.7G       112M       5.7M        23M       3.2G

MemTotal:        4016004 kB
MemFree:          115176 kB
Active:           314824 kB
Mem:          3.8G       3.7G       112M       5.7M        23M       3.2G

MemTotal:        4016004 kB
MemFree:          115176 kB
Active:           314772 kB
Mem:          3.8G       3.7G       112M       5.7M        23M       3.2G

MemTotal:        4016004 kB
MemFree:          115300 kB
Active:           314772 kB
Mem:          3.8G       3.7G       112M       5.7M        23M       3.2G

MemTotal:        4016004 kB
MemFree:          115672 kB
Active:           314824 kB
Mem:          3.8G       3.7G       112M       5.7M        23M       3.2G

MemTotal:        4016004 kB
MemFree:          115424 kB
Active:           314800 kB
Mem:          3.8G       3.7G       112M       5.7M        23M       3.2G

MemTotal:        4016004 kB
MemFree:          115300 kB
Active:           314828 kB
Mem:          3.8G       3.7G       112M       5.7M        23M       3.2G

MemTotal:        4016004 kB
MemFree:          115052 kB
Active:           314788 kB
Mem:          3.8G       3.7G       112M       5.7M        23M       3.2G

MemTotal:        4016004 kB
MemFree:          115176 kB
Active:           314828 kB
Mem:          3.8G       3.7G       112M       5.7M        23M       3.2G

MemTotal:        4016004 kB
MemFree:          115176 kB
Active:           314820 kB
Mem:          3.8G       3.7G       112M       5.7M        23M       3.2G

MemTotal:        4016004 kB
MemFree:          115300 kB
Active:           314816 kB
Mem:          3.8G       3.7G       112M       5.7M        23M       3.2G

MemTotal:        4016004 kB
MemFree:          115300 kB
Active:           314820 kB
Mem:          3.8G       3.7G       112M       5.7M        23M       3.2G

MemTotal:        4016004 kB
MemFree:          115424 kB
Active:           314788 kB
Mem:          3.8G       3.7G       112M       5.7M        23M       3.2G

MemTotal:        4016004 kB
MemFree:          115424 kB
Active:           314792 kB
Mem:          3.8G       3.7G       112M       5.7M        23M       3.2G

MemTotal:        4016004 kB
MemFree:          115208 kB
Active:           314852 kB
Mem:          3.8G       3.7G       112M       5.7M        23M       3.2G

MemTotal:        4016004 kB
MemFree:          115828 kB
Active:           314820 kB
Mem:          3.8G       3.7G       113M       5.7M        23M       3.2G

MemTotal:        4016004 kB
MemFree:          115828 kB
Active:           314844 kB
Mem:          3.8G       3.7G       113M       5.7M        23M       3.2G

MemTotal:        4016004 kB
MemFree:          115704 kB
Active:           314848 kB
Mem:          3.8G       3.7G       113M       5.7M        23M       3.2G

MemTotal:        4016004 kB
MemFree:          115456 kB
Active:           314860 kB
Mem:          3.8G       3.7G       112M       5.7M        23M       3.2G

MemTotal:        4016004 kB
MemFree:          115828 kB
Active:           314816 kB
Mem:          3.8G       3.7G       112M       5.7M        23M       3.2G

MemTotal:        4016004 kB
MemFree:          115704 kB
Active:           314812 kB
Mem:          3.8G       3.7G       112M       5.7M        23M       3.2G

MemTotal:        4016004 kB
MemFree:          115828 kB
Active:           314804 kB
Mem:          3.8G       3.7G       112M       5.7M        23M       3.2G

MemTotal:        4016004 kB
MemFree:          115456 kB
Active:           314860 kB
Mem:          3.8G       3.7G       112M       5.7M        23M       3.2G

MemTotal:        4016004 kB
MemFree:          115456 kB
Active:           314856 kB
Mem:          3.8G       3.7G       112M       5.7M        23M       3.2G

MemTotal:        4016004 kB
MemFree:          115828 kB
Active:           314848 kB
Mem:          3.8G       3.7G       113M       5.7M        23M       3.2G

MemTotal:        4016004 kB
MemFree:          115516 kB
Active:           314564 kB
Mem:          3.8G       3.7G       112M       5.7M        23M       3.2G

MemTotal:        4016004 kB
MemFree:          115268 kB
Active:           314568 kB
Mem:          3.8G       3.7G       112M       5.7M        23M       3.2G

MemTotal:        4016004 kB
MemFree:          115640 kB
Active:           314548 kB
Mem:          3.8G       3.7G       112M       5.7M        23M       3.2G

MemTotal:        4016004 kB
MemFree:          115516 kB
Active:           316612 kB
Mem:          3.8G       3.7G       112M       5.7M        23M       3.2G

MemTotal:        4016004 kB
MemFree:          115888 kB
Active:           316564 kB
Mem:          3.8G       3.7G       112M       5.7M        23M       3.2G

MemTotal:        4016004 kB
MemFree:          115392 kB
Active:           316624 kB
Mem:          3.8G       3.7G       112M       5.7M        23M       3.2G

MemTotal:        4016004 kB
MemFree:          115268 kB
Active:           316628 kB
Mem:          3.8G       3.7G       112M       5.7M        23M       3.2G

MemTotal:        4016004 kB
MemFree:          115640 kB
Active:           316588 kB
Mem:          3.8G       3.7G       112M       5.7M        23M       3.2G

MemTotal:        4016004 kB
MemFree:          115144 kB
Active:           316628 kB
Mem:          3.8G       3.7G       112M       5.7M        23M       3.2G

MemTotal:        4016004 kB
MemFree:          115516 kB
Active:           316620 kB
Mem:          3.8G       3.7G       112M       5.7M        23M       3.2G

MemTotal:        4016004 kB
MemFree:          115380 kB
Active:           316120 kB
Mem:          3.8G       3.7G       112M       5.7M        23M       3.2G

MemTotal:        4016004 kB
MemFree:          115504 kB
Active:           318192 kB
Mem:          3.8G       3.7G       112M       5.7M        23M       3.2G

MemTotal:        4016004 kB
MemFree:          115380 kB
Active:           318168 kB
Mem:          3.8G       3.7G       112M       5.7M        23M       3.2G

MemTotal:        4016004 kB
MemFree:          115628 kB
Active:           318204 kB
Mem:          3.8G       3.7G       112M       5.7M        23M       3.2G

MemTotal:        4016004 kB
MemFree:          115256 kB
Active:           318220 kB
Mem:          3.8G       3.7G       112M       5.7M        23M       3.2G

MemTotal:        4016004 kB
MemFree:          115380 kB
Active:           318212 kB
Mem:          3.8G       3.7G       112M       5.7M        23M       3.2G

MemTotal:        4016004 kB
MemFree:          115504 kB
Active:           318228 kB
Mem:          3.8G       3.7G       112M       5.7M        23M       3.2G

MemTotal:        4016004 kB
MemFree:          115504 kB
Active:           318216 kB
Mem:          3.8G       3.7G       112M       5.7M        23M       3.2G

MemTotal:        4016004 kB
MemFree:          114884 kB
Active:           318228 kB
Mem:          3.8G       3.7G       112M       5.7M        23M       3.2G

MemTotal:        4016004 kB
MemFree:          115256 kB
Active:           318184 kB
Mem:          3.8G       3.7G       112M       5.7M        23M       3.2G

MemTotal:        4016004 kB
MemFree:          115128 kB
Active:           316140 kB
Mem:          3.8G       3.7G       112M       5.7M        23M       3.2G

MemTotal:        4016004 kB
MemFree:          115252 kB
Active:           318188 kB
Mem:          3.8G       3.7G       112M       5.7M        23M       3.2G

MemTotal:        4016004 kB
MemFree:          115376 kB
Active:           318184 kB
Mem:          3.8G       3.7G       112M       5.7M        23M       3.2G

MemTotal:        4016004 kB
MemFree:          115500 kB
Active:           318232 kB
Mem:          3.8G       3.7G       112M       5.7M        23M       3.2G

MemTotal:        4016004 kB
MemFree:          115748 kB
Active:           318180 kB
Mem:          3.8G       3.7G       112M       5.7M        23M       3.2G

MemTotal:        4016004 kB
MemFree:          115872 kB
Active:           318212 kB
Mem:          3.8G       3.7G       113M       5.7M        23M       3.2G

MemTotal:        4016004 kB
MemFree:          115872 kB
Active:           318232 kB
Mem:          3.8G       3.7G       113M       5.7M        23M       3.2G

MemTotal:        4016004 kB
MemFree:          115872 kB
Active:           318224 kB
Mem:          3.8G       3.7G       113M       5.7M        23M       3.2G

MemTotal:        4016004 kB
MemFree:          115500 kB
Active:           318240 kB
Mem:          3.8G       3.7G       112M       5.7M        23M       3.2G

MemTotal:        4016004 kB
MemFree:          115872 kB
Active:           318224 kB
Mem:          3.8G       3.7G       113M       5.7M        23M       3.2G

MemTotal:        4016004 kB
MemFree:          115996 kB
Active:           318216 kB
Mem:          3.8G       3.7G       113M       5.7M        23M       3.2G

MemTotal:        4016004 kB
MemFree:          115996 kB
Active:           318212 kB
Mem:          3.8G       3.7G       113M       5.7M        23M       3.2G

MemTotal:        4016004 kB
MemFree:          115376 kB
Active:           318204 kB
Mem:          3.8G       3.7G       112M       5.7M        23M       3.2G

MemTotal:        4016004 kB
MemFree:          115500 kB
Active:           318252 kB
Mem:          3.8G       3.7G       112M       5.7M        23M       3.2G

MemTotal:        4016004 kB
MemFree:          115872 kB
Active:           318240 kB
Mem:          3.8G       3.7G       112M       5.7M        23M       3.2G

MemTotal:        4016004 kB
MemFree:          115748 kB
Active:           318252 kB
Mem:          3.8G       3.7G       113M       5.7M        23M       3.2G

MemTotal:        4016004 kB
MemFree:          115376 kB
Active:           318208 kB
Mem:          3.8G       3.7G       112M       5.7M        23M       3.2G

MemTotal:        4016004 kB
MemFree:          115500 kB
Active:           318260 kB
Mem:          3.8G       3.7G       112M       5.7M        23M       3.2G

MemTotal:        4016004 kB
MemFree:          115624 kB
Active:           318260 kB
Mem:          3.8G       3.7G       112M       5.7M        23M       3.2G

MemTotal:        4016004 kB
MemFree:          115624 kB
Active:           318268 kB
Mem:          3.8G       3.7G       112M       5.7M        23M       3.2G

MemTotal:        4016004 kB
MemFree:          115624 kB
Active:           318260 kB
Mem:          3.8G       3.7G       112M       5.7M        23M       3.2G

MemTotal:        4016004 kB
MemFree:          115624 kB
Active:           318244 kB
Mem:          3.8G       3.7G       112M       5.7M        23M       3.2G

MemTotal:        4016004 kB
MemFree:          115500 kB
Active:           318232 kB
Mem:          3.8G       3.7G       112M       5.7M        23M       3.2G

MemTotal:        4016004 kB
MemFree:          115500 kB
Active:           318240 kB
Mem:          3.8G       3.7G       112M       5.7M        23M       3.2G

MemTotal:        4016004 kB
MemFree:          115500 kB
Active:           318252 kB
Mem:          3.8G       3.7G       112M       5.7M        23M       3.2G

MemTotal:        4016004 kB
MemFree:          115144 kB
Active:           318284 kB
Mem:          3.8G       3.7G       112M       5.7M        23M       3.2G

MemTotal:        4016004 kB
MemFree:          115392 kB
Active:           318280 kB
Mem:          3.8G       3.7G       112M       5.7M        23M       3.2G

MemTotal:        4016004 kB
MemFree:          115144 kB
Active:           318284 kB
Mem:          3.8G       3.7G       112M       5.7M        23M       3.2G

MemTotal:        4016004 kB
MemFree:          115640 kB
Active:           318240 kB
Mem:          3.8G       3.7G       112M       5.7M        23M       3.2G

MemTotal:        4016004 kB
MemFree:          115516 kB
Active:           318252 kB
Mem:          3.8G       3.7G       112M       5.7M        23M       3.2G

MemTotal:        4016004 kB
MemFree:          113344 kB
Active:           318268 kB
Mem:          3.8G       3.7G       110M       5.7M        23M       3.2G

MemTotal:        4016004 kB
MemFree:          113840 kB
Active:           320280 kB
Mem:          3.8G       3.7G       111M       5.7M        23M       3.2G

MemTotal:        4016004 kB
MemFree:          113468 kB
Active:           320316 kB
Mem:          3.8G       3.7G       110M       5.7M        23M       3.2G

MemTotal:        4016004 kB
MemFree:          113592 kB
Active:           320264 kB
Mem:          3.8G       3.7G       110M       5.7M        23M       3.2G

MemTotal:        4016004 kB
MemFree:          113592 kB
Active:           320284 kB
Mem:          3.8G       3.7G       110M       5.7M        23M       3.2G

MemTotal:        4016004 kB
MemFree:          113592 kB
Active:           320276 kB
Mem:          3.8G       3.7G       110M       5.7M        23M       3.2G

MemTotal:        4016004 kB
MemFree:          113344 kB
Active:           320324 kB
Mem:          3.8G       3.7G       110M       5.7M        23M       3.2G

MemTotal:        4016004 kB
MemFree:          113468 kB
Active:           320280 kB
Mem:          3.8G       3.7G       111M       5.7M        23M       3.2G

MemTotal:        4016004 kB
MemFree:          113840 kB
Active:           320292 kB
Mem:          3.8G       3.7G       111M       5.7M        23M       3.2G

MemTotal:        4016004 kB
MemFree:          113344 kB
Active:           320332 kB
Mem:          3.8G       3.7G       110M       5.7M        23M       3.2G

MemTotal:        4016004 kB
MemFree:          113468 kB
Active:           320312 kB
Mem:          3.8G       3.7G       110M       5.7M        23M       3.2G

MemTotal:        4016004 kB
MemFree:          113468 kB
Active:           320332 kB
Mem:          3.8G       3.7G       110M       5.7M        23M       3.2G

MemTotal:        4016004 kB
MemFree:          113468 kB
Active:           320292 kB
Mem:          3.8G       3.7G       110M       5.7M        23M       3.2G

MemTotal:        4016004 kB
MemFree:          112848 kB
Active:           320332 kB
Mem:          3.8G       3.7G       110M       5.7M        23M       3.2G

MemTotal:        4016004 kB
MemFree:          112848 kB
Active:           320324 kB
Mem:          3.8G       3.7G       110M       5.7M        23M       3.2G

MemTotal:        4016004 kB
MemFree:          112848 kB
Active:           320296 kB
Mem:          3.8G       3.7G       109M       5.7M        23M       3.2G

MemTotal:        4016004 kB
MemFree:          112724 kB
Active:           320288 kB
Mem:          3.8G       3.7G       109M       5.7M        23M       3.2G

MemTotal:        4016004 kB
MemFree:          112600 kB
Active:           320288 kB
Mem:          3.8G       3.7G       109M       5.7M        23M       3.2G

MemTotal:        4016004 kB
MemFree:          112600 kB
Active:           320344 kB
Mem:          3.8G       3.7G       109M       5.7M        23M       3.2G

MemTotal:        4016004 kB
MemFree:          112600 kB
Active:           320308 kB
Mem:          3.8G       3.7G       110M       5.7M        23M       3.2G

MemTotal:        4016004 kB
MemFree:          110180 kB
Active:           320328 kB
Mem:          3.8G       3.7G       107M       5.7M        23M       3.2G

MemTotal:        4016004 kB
MemFree:          110800 kB
Active:           322344 kB
Mem:          3.8G       3.7G       108M       5.7M        23M       3.2G

MemTotal:        4016004 kB
MemFree:          110924 kB
Active:           322340 kB
Mem:          3.8G       3.7G       108M       5.7M        23M       3.2G

MemTotal:        4016004 kB
MemFree:          110924 kB
Active:           322344 kB
Mem:          3.8G       3.7G       108M       5.7M        23M       3.2G

MemTotal:        4016004 kB
MemFree:          110676 kB
Active:           322352 kB
Mem:          3.8G       3.7G       107M       5.7M        23M       3.2G

MemTotal:        4016004 kB
MemFree:          110676 kB
Active:           322368 kB
Mem:          3.8G       3.7G       107M       5.7M        23M       3.2G

MemTotal:        4016004 kB
MemFree:          110676 kB
Active:           322332 kB
Mem:          3.8G       3.7G       107M       5.7M        23M       3.2G

MemTotal:        4016004 kB
MemFree:          110552 kB
Active:           322360 kB
Mem:          3.8G       3.7G       108M       5.7M        23M       3.2G

MemTotal:        4016004 kB
MemFree:          110552 kB
Active:           322376 kB
Mem:          3.8G       3.7G       108M       5.7M        23M       3.2G

MemTotal:        4016004 kB
MemFree:          110676 kB
Active:           322376 kB
Mem:          3.8G       3.7G       108M       5.7M        23M       3.2G

MemTotal:        4016004 kB
MemFree:          110800 kB
Active:           322384 kB
Mem:          3.8G       3.7G       108M       5.7M        23M       3.2G

MemTotal:        4016004 kB
MemFree:          110924 kB
Active:           322352 kB
Mem:          3.8G       3.7G       108M       5.7M        23M       3.2G

MemTotal:        4016004 kB
MemFree:          110924 kB
Active:           322348 kB
Mem:          3.8G       3.7G       108M       5.7M        23M       3.2G

MemTotal:        4016004 kB
MemFree:          110924 kB
Active:           322368 kB
Mem:          3.8G       3.7G       108M       5.7M        23M       3.2G

MemTotal:        4016004 kB
MemFree:          110924 kB
Active:           322364 kB
Mem:          3.8G       3.7G       108M       5.7M        23M       3.2G

MemTotal:        4016004 kB
MemFree:          110924 kB
Active:           322376 kB
Mem:          3.8G       3.7G       108M       5.7M        23M       3.2G

MemTotal:        4016004 kB
MemFree:          111048 kB
Active:           322376 kB
Mem:          3.8G       3.7G       108M       5.7M        23M       3.2G

MemTotal:        4016004 kB
MemFree:          110924 kB
Active:           322352 kB
Mem:          3.8G       3.7G       108M       5.7M        23M       3.2G

MemTotal:        4016004 kB
MemFree:          111048 kB
Active:           322364 kB
Mem:          3.8G       3.7G       108M       5.7M        23M       3.2G

MemTotal:        4016004 kB
MemFree:          110676 kB
Active:           322376 kB
Mem:          3.8G       3.7G       108M       5.7M        23M       3.2G

MemTotal:        4016004 kB
MemFree:          110800 kB
Active:           322384 kB
Mem:          3.8G       3.7G       108M       5.7M        23M       3.2G

MemTotal:        4016004 kB
MemFree:          110800 kB
Active:           322416 kB
Mem:          3.8G       3.7G       107M       5.7M        23M       3.2G

MemTotal:        4016004 kB
MemFree:          110676 kB
Active:           322408 kB
Mem:          3.8G       3.7G       108M       5.7M        23M       3.2G

MemTotal:        4016004 kB
MemFree:          110800 kB
Active:           322368 kB
Mem:          3.8G       3.7G       108M       5.7M        23M       3.2G

MemTotal:        4016004 kB
MemFree:          110800 kB
Active:           322388 kB
Mem:          3.8G       3.7G       108M       5.7M        23M       3.2G

MemTotal:        4016004 kB
MemFree:          110552 kB
Active:           322396 kB
Mem:          3.8G       3.7G       107M       5.7M        23M       3.2G

MemTotal:        4016004 kB
MemFree:          110800 kB
Active:           322420 kB
Mem:          3.8G       3.7G       108M       5.7M        23M       3.2G

MemTotal:        4016004 kB
MemFree:          110924 kB
Active:           322428 kB
Mem:          3.8G       3.7G       108M       5.7M        23M       3.2G

MemTotal:        4016004 kB
MemFree:          110428 kB
Active:           322436 kB
Mem:          3.8G       3.7G       107M       5.7M        23M       3.2G

MemTotal:        4016004 kB
MemFree:          110428 kB
Active:           322440 kB
Mem:          3.8G       3.7G       108M       5.7M        23M       3.2G

MemTotal:        4016004 kB
MemFree:          110800 kB
Active:           322396 kB
Mem:          3.8G       3.7G       108M       5.7M        23M       3.2G

MemTotal:        4016004 kB
MemFree:          110428 kB
Active:           322448 kB
Mem:          3.8G       3.7G       107M       5.7M        23M       3.2G

MemTotal:        4016004 kB
MemFree:          110676 kB
Active:           322436 kB
Mem:          3.8G       3.7G       108M       5.7M        23M       3.2G

MemTotal:        4016004 kB
MemFree:          110800 kB
Active:           322404 kB
Mem:          3.8G       3.7G       108M       5.7M        23M       3.2G

MemTotal:        4016004 kB
MemFree:          110924 kB
Active:           322436 kB
Mem:          3.8G       3.7G       108M       5.7M        23M       3.2G

MemTotal:        4016004 kB
MemFree:          110428 kB
Active:           322464 kB
Mem:          3.8G       3.7G       108M       5.7M        23M       3.2G

MemTotal:        4016004 kB
MemFree:          110552 kB
Active:           322420 kB
Mem:          3.8G       3.7G       108M       5.7M        23M       3.2G

MemTotal:        4016004 kB
MemFree:          110800 kB
Active:           322448 kB
Mem:          3.8G       3.7G       108M       5.7M        23M       3.2G

MemTotal:        4016004 kB
MemFree:          110304 kB
Active:           322464 kB
Mem:          3.8G       3.7G       107M       5.7M        23M       3.2G

MemTotal:        4016004 kB
MemFree:          110676 kB
Active:           322460 kB
Mem:          3.8G       3.7G       108M       5.7M        23M       3.2G

MemTotal:        4016004 kB
MemFree:          110800 kB
Active:           322452 kB
Mem:          3.8G       3.7G       108M       5.7M        23M       3.2G

MemTotal:        4016004 kB
MemFree:          110800 kB
Active:           322416 kB
Mem:          3.8G       3.7G       108M       5.7M        23M       3.2G

MemTotal:        4016004 kB
MemFree:          110676 kB
Active:           322444 kB
Mem:          3.8G       3.7G       108M       5.7M        23M       3.2G

MemTotal:        4016004 kB
MemFree:          110676 kB
Active:           322488 kB
Mem:          3.8G       3.7G       107M       5.7M        23M       3.2G

MemTotal:        4016004 kB
MemFree:          110676 kB
Active:           322436 kB
Mem:          3.8G       3.7G       108M       5.7M        23M       3.2G

MemTotal:        4016004 kB
MemFree:          110552 kB
Active:           322484 kB
Mem:          3.8G       3.7G       107M       5.7M        23M       3.2G

MemTotal:        4016004 kB
MemFree:          110536 kB
Active:           322476 kB
Mem:          3.8G       3.7G       107M       5.7M        23M       3.2G

MemTotal:        4016004 kB
MemFree:          110660 kB
Active:           322484 kB
Mem:          3.8G       3.7G       107M       5.7M        23M       3.2G

MemTotal:        4016004 kB
MemFree:          110660 kB
Active:           322496 kB
Mem:          3.8G       3.7G       107M       5.7M        23M       3.2G

