MemTotal:        4016004 kB
MemFree:         3245336 kB
Active:           417468 kB
Mem:          3.8G       752M       3.1G       5.7M        50M       318M

MemTotal:        4016004 kB
MemFree:         3245428 kB
Active:           417296 kB
Mem:          3.8G       752M       3.1G       5.7M        50M       318M

MemTotal:        4016004 kB
MemFree:         3245752 kB
Active:           417336 kB
Mem:          3.8G       752M       3.1G       5.7M        50M       318M

MemTotal:        4016004 kB
MemFree:         3246032 kB
Active:           417356 kB
Mem:          3.8G       751M       3.1G       5.7M        50M       318M

MemTotal:        4016004 kB
MemFree:         3246108 kB
Active:           417340 kB
Mem:          3.8G       752M       3.1G       5.7M        50M       318M

MemTotal:        4016004 kB
MemFree:         3245828 kB
Active:           417336 kB
Mem:          3.8G       752M       3.1G       5.7M        50M       318M

MemTotal:        4016004 kB
MemFree:         3246184 kB
Active:           417376 kB
Mem:          3.8G       751M       3.1G       5.7M        50M       318M

MemTotal:        4016004 kB
MemFree:         3245796 kB
Active:           417380 kB
Mem:          3.8G       752M       3.1G       5.7M        50M       318M

MemTotal:        4016004 kB
MemFree:         3246044 kB
Active:           417332 kB
Mem:          3.8G       751M       3.1G       5.7M        50M       318M

MemTotal:        4016004 kB
MemFree:         3246028 kB
Active:           417336 kB
Mem:          3.8G       752M       3.1G       5.7M        50M       318M

MemTotal:        4016004 kB
MemFree:         3245888 kB
Active:           417364 kB
Mem:          3.8G       752M       3.1G       5.7M        50M       318M

MemTotal:        4016004 kB
MemFree:         3245996 kB
Active:           417352 kB
Mem:          3.8G       752M       3.1G       5.7M        50M       318M

MemTotal:        4016004 kB
MemFree:         3245484 kB
Active:           417384 kB
Mem:          3.8G       752M       3.1G       5.7M        50M       318M

MemTotal:        4016004 kB
MemFree:         3245980 kB
Active:           417352 kB
Mem:          3.8G       752M       3.1G       5.7M        50M       318M

MemTotal:        4016004 kB
MemFree:         3245904 kB
Active:           417388 kB
Mem:          3.8G       752M       3.1G       5.7M        50M       319M

MemTotal:        4016004 kB
MemFree:         3245780 kB
Active:           417384 kB
Mem:          3.8G       752M       3.1G       5.7M        50M       319M

MemTotal:        4016004 kB
MemFree:         3245904 kB
Active:           417332 kB
Mem:          3.8G       752M       3.1G       5.7M        50M       319M

MemTotal:        4016004 kB
MemFree:         3245904 kB
Active:           417364 kB
Mem:          3.8G       752M       3.1G       5.7M        50M       319M

MemTotal:        4016004 kB
MemFree:         3245532 kB
Active:           417388 kB
Mem:          3.8G       752M       3.1G       5.7M        50M       319M

MemTotal:        4016004 kB
MemFree:         3245656 kB
Active:           417388 kB
Mem:          3.8G       752M       3.1G       5.7M        50M       318M

MemTotal:        4016004 kB
MemFree:         3245160 kB
Active:           417396 kB
Mem:          3.8G       752M       3.1G       5.7M        50M       319M

MemTotal:        4016004 kB
MemFree:         3245284 kB
Active:           417396 kB
Mem:          3.8G       752M       3.1G       5.7M        50M       319M

MemTotal:        4016004 kB
MemFree:         3245532 kB
Active:           417344 kB
Mem:          3.8G       752M       3.1G       5.7M        50M       319M

MemTotal:        4016004 kB
MemFree:         3245144 kB
Active:           417396 kB
Mem:          3.8G       752M       3.1G       5.7M        50M       319M

MemTotal:        4016004 kB
MemFree:         3245004 kB
Active:           417396 kB
Mem:          3.8G       752M       3.1G       5.7M        50M       319M

MemTotal:        4016004 kB
MemFree:         3245252 kB
Active:           417396 kB
Mem:          3.8G       752M       3.1G       5.7M        50M       319M

MemTotal:        4016004 kB
MemFree:         3244988 kB
Active:           417396 kB
Mem:          3.8G       752M       3.1G       5.7M        50M       319M

MemTotal:        4016004 kB
MemFree:         3245116 kB
Active:           417396 kB
Mem:          3.8G       752M       3.1G       5.7M        50M       319M

MemTotal:        4016004 kB
MemFree:         3245612 kB
Active:           417392 kB
Mem:          3.8G       752M       3.1G       5.7M        50M       319M

MemTotal:        4016004 kB
MemFree:         3245612 kB
Active:           417384 kB
Mem:          3.8G       752M       3.1G       5.7M        50M       319M

MemTotal:        4016004 kB
MemFree:         3245612 kB
Active:           417348 kB
Mem:          3.8G       752M       3.1G       5.7M        50M       319M

MemTotal:        4016004 kB
MemFree:         3245596 kB
Active:           417340 kB
Mem:          3.8G       752M       3.1G       5.7M        50M       319M

MemTotal:        4016004 kB
MemFree:         3245580 kB
Active:           417352 kB
Mem:          3.8G       752M       3.1G       5.7M        50M       319M

MemTotal:        4016004 kB
MemFree:         3245564 kB
Active:           417392 kB
Mem:          3.8G       752M       3.1G       5.7M        50M       319M

MemTotal:        4016004 kB
MemFree:         3245484 kB
Active:           415364 kB
Mem:          3.8G       752M       3.1G       5.7M        50M       319M

MemTotal:        4016004 kB
MemFree:         3245964 kB
Active:           417396 kB
Mem:          3.8G       752M       3.1G       5.7M        50M       319M

MemTotal:        4016004 kB
MemFree:         3245700 kB
Active:           417408 kB
Mem:          3.8G       752M       3.1G       5.7M        50M       319M

MemTotal:        4016004 kB
MemFree:         3245840 kB
Active:           417392 kB
Mem:          3.8G       752M       3.1G       5.7M        50M       319M

MemTotal:        4016004 kB
MemFree:         3245964 kB
Active:           417392 kB
Mem:          3.8G       751M       3.1G       5.7M        50M       319M

MemTotal:        4016004 kB
MemFree:         3245964 kB
Active:           417408 kB
Mem:          3.8G       751M       3.1G       5.7M        50M       319M

MemTotal:        4016004 kB
MemFree:         3245964 kB
Active:           417380 kB
Mem:          3.8G       752M       3.1G       5.7M        50M       319M

MemTotal:        4016004 kB
MemFree:         3245344 kB
Active:           417436 kB
Mem:          3.8G       752M       3.1G       5.7M        50M       319M

MemTotal:        4016004 kB
MemFree:         3245344 kB
Active:           417440 kB
Mem:          3.8G       752M       3.1G       5.7M        50M       319M

MemTotal:        4016004 kB
MemFree:         3245096 kB
Active:           417440 kB
Mem:          3.8G       752M       3.1G       5.7M        50M       319M

MemTotal:        4016004 kB
MemFree:         3245096 kB
Active:           417396 kB
Mem:          3.8G       752M       3.1G       5.7M        50M       319M

MemTotal:        4016004 kB
MemFree:         3244848 kB
Active:           417440 kB
Mem:          3.8G       752M       3.1G       5.7M        50M       319M

MemTotal:        4016004 kB
MemFree:         3245220 kB
Active:           417420 kB
Mem:          3.8G       752M       3.1G       5.7M        50M       319M

MemTotal:        4016004 kB
MemFree:         3245080 kB
Active:           417432 kB
Mem:          3.8G       752M       3.1G       5.7M        50M       319M

MemTotal:        4016004 kB
MemFree:         3245204 kB
Active:           417424 kB
Mem:          3.8G       752M       3.1G       5.7M        50M       319M

MemTotal:        4016004 kB
MemFree:         3245796 kB
Active:           417408 kB
Mem:          3.8G       752M       3.1G       5.7M        50M       319M

MemTotal:        4016004 kB
MemFree:         3245920 kB
Active:           417408 kB
Mem:          3.8G       752M       3.1G       5.7M        50M       319M

MemTotal:        4016004 kB
MemFree:         3245796 kB
Active:           417424 kB
Mem:          3.8G       752M       3.1G       5.7M        50M       319M

MemTotal:        4016004 kB
MemFree:         3245424 kB
Active:           417472 kB
Mem:          3.8G       752M       3.1G       5.7M        50M       319M

MemTotal:        4016004 kB
MemFree:         3245592 kB
Active:           415464 kB
Mem:          3.8G       752M       3.1G       5.7M        50M       319M

MemTotal:        4016004 kB
MemFree:         3245576 kB
Active:           417420 kB
Mem:          3.8G       752M       3.1G       5.7M        50M       319M

MemTotal:        4016004 kB
MemFree:         3245436 kB
Active:           417424 kB
Mem:          3.8G       752M       3.1G       5.7M        50M       319M

MemTotal:        4016004 kB
MemFree:         3245048 kB
Active:           417484 kB
Mem:          3.8G       752M       3.1G       5.7M        50M       319M

MemTotal:        4016004 kB
MemFree:         3245156 kB
Active:           417484 kB
Mem:          3.8G       752M       3.1G       5.7M        50M       319M

MemTotal:        4016004 kB
MemFree:         3245388 kB
Active:           417460 kB
Mem:          3.8G       752M       3.1G       5.7M        50M       319M

MemTotal:        4016004 kB
MemFree:         3245620 kB
Active:           417440 kB
Mem:          3.8G       752M       3.1G       5.7M        50M       319M

MemTotal:        4016004 kB
MemFree:         3245264 kB
Active:           417484 kB
Mem:          3.8G       752M       3.1G       5.7M        50M       319M

MemTotal:        4016004 kB
MemFree:         3245636 kB
Active:           417468 kB
Mem:          3.8G       752M       3.1G       5.7M        50M       319M

MemTotal:        4016004 kB
MemFree:         3245636 kB
Active:           417460 kB
Mem:          3.8G       752M       3.1G       5.7M        50M       319M

MemTotal:        4016004 kB
MemFree:         3245116 kB
Active:           415568 kB
Mem:          3.8G       752M       3.1G       5.7M        50M       319M

MemTotal:        4016004 kB
MemFree:         3245076 kB
Active:           417492 kB
Mem:          3.8G       752M       3.1G       5.7M        50M       319M

MemTotal:        4016004 kB
MemFree:         3245200 kB
Active:           417476 kB
Mem:          3.8G       752M       3.1G       5.7M        50M       319M

MemTotal:        4016004 kB
MemFree:         3245324 kB
Active:           417464 kB
Mem:          3.8G       752M       3.1G       5.7M        50M       319M

MemTotal:        4016004 kB
MemFree:         3245076 kB
Active:           417492 kB
Mem:          3.8G       752M       3.1G       5.7M        50M       319M

MemTotal:        4016004 kB
MemFree:         3245572 kB
Active:           417460 kB
Mem:          3.8G       752M       3.1G       5.7M        50M       319M

MemTotal:        4016004 kB
MemFree:         3245200 kB
Active:           417492 kB
Mem:          3.8G       752M       3.1G       5.7M        50M       319M

MemTotal:        4016004 kB
MemFree:         3244936 kB
Active:           417496 kB
Mem:          3.8G       752M       3.1G       5.7M        50M       319M

MemTotal:        4016004 kB
MemFree:         3245184 kB
Active:           417488 kB
Mem:          3.8G       752M       3.1G       5.7M        50M       319M

MemTotal:        4016004 kB
MemFree:         3245528 kB
Active:           417464 kB
Mem:          3.8G       752M       3.1G       5.7M        50M       319M

MemTotal:        4016004 kB
MemFree:         3245280 kB
Active:           417496 kB
Mem:          3.8G       752M       3.1G       5.7M        50M       319M

MemTotal:        4016004 kB
MemFree:         3245776 kB
Active:           417464 kB
Mem:          3.8G       752M       3.1G       5.7M        50M       319M

MemTotal:        4016004 kB
MemFree:         3245776 kB
Active:           417492 kB
Mem:          3.8G       752M       3.1G       5.7M        50M       319M

MemTotal:        4016004 kB
MemFree:         3245264 kB
Active:           417504 kB
Mem:          3.8G       752M       3.1G       5.7M        50M       319M

MemTotal:        4016004 kB
MemFree:         3245496 kB
Active:           417492 kB
Mem:          3.8G       752M       3.1G       5.7M        50M       319M

MemTotal:        4016004 kB
MemFree:         3245480 kB
Active:           417464 kB
Mem:          3.8G       752M       3.1G       5.7M        50M       319M

MemTotal:        4016004 kB
MemFree:         3245588 kB
Active:           417460 kB
Mem:          3.8G       752M       3.1G       5.7M        50M       319M

MemTotal:        4016004 kB
MemFree:         3244828 kB
Active:           417504 kB
Mem:          3.8G       752M       3.1G       5.7M        50M       319M

MemTotal:        4016004 kB
MemFree:         3245184 kB
Active:           417472 kB
Mem:          3.8G       753M       3.1G       5.7M        50M       319M

MemTotal:        4016004 kB
MemFree:         3244836 kB
Active:           417508 kB
Mem:          3.8G       752M       3.1G       5.7M        50M       319M

MemTotal:        4016004 kB
MemFree:         3244896 kB
Active:           415552 kB
Mem:          3.8G       753M       3.1G       5.7M        50M       319M

MemTotal:        4016004 kB
MemFree:         3244524 kB
Active:           417648 kB
Mem:          3.8G       753M       3.1G       5.7M        50M       319M

MemTotal:        4016004 kB
MemFree:         3245144 kB
Active:           417640 kB
Mem:          3.8G       752M       3.1G       5.7M        50M       319M

MemTotal:        4016004 kB
MemFree:         3245144 kB
Active:           417604 kB
Mem:          3.8G       752M       3.1G       5.7M        50M       319M

MemTotal:        4016004 kB
MemFree:         3245268 kB
Active:           417600 kB
Mem:          3.8G       752M       3.1G       5.7M        50M       319M

MemTotal:        4016004 kB
MemFree:         3245640 kB
Active:           417632 kB
Mem:          3.8G       752M       3.1G       5.7M        50M       319M

MemTotal:        4016004 kB
MemFree:         3245640 kB
Active:           417612 kB
Mem:          3.8G       752M       3.1G       5.7M        50M       319M

MemTotal:        4016004 kB
MemFree:         3245748 kB
Active:           417640 kB
Mem:          3.8G       752M       3.1G       5.7M        50M       319M

MemTotal:        4016004 kB
MemFree:         3245484 kB
Active:           417644 kB
Mem:          3.8G       752M       3.1G       5.7M        50M       319M

MemTotal:        4016004 kB
MemFree:         3245344 kB
Active:           417620 kB
Mem:          3.8G       752M       3.1G       5.7M        50M       319M

MemTotal:        4016004 kB
MemFree:         3244724 kB
Active:           415764 kB
Mem:          3.8G       752M       3.1G       5.7M        50M       319M

MemTotal:        4016004 kB
MemFree:         3244476 kB
Active:           417812 kB
Mem:          3.8G       753M       3.1G       5.7M        50M       319M

MemTotal:        4016004 kB
MemFree:         3244724 kB
Active:           417804 kB
Mem:          3.8G       753M       3.1G       5.7M        50M       319M

MemTotal:        4016004 kB
MemFree:         3244600 kB
Active:           417808 kB
Mem:          3.8G       753M       3.1G       5.7M        50M       319M

MemTotal:        4016004 kB
MemFree:         3245220 kB
Active:           417764 kB
Mem:          3.8G       753M       3.1G       5.7M        50M       319M

MemTotal:        4016004 kB
MemFree:         3244600 kB
Active:           417824 kB
Mem:          3.8G       753M       3.1G       5.7M        50M       319M

MemTotal:        4016004 kB
MemFree:         3245096 kB
Active:           417808 kB
Mem:          3.8G       753M       3.1G       5.7M        50M       319M

MemTotal:        4016004 kB
MemFree:         3245080 kB
Active:           417792 kB
Mem:          3.8G       752M       3.1G       5.7M        50M       319M

MemTotal:        4016004 kB
MemFree:         3244568 kB
Active:           417824 kB
Mem:          3.8G       753M       3.1G       5.7M        50M       319M

MemTotal:        4016004 kB
MemFree:         3245144 kB
Active:           417820 kB
Mem:          3.8G       753M       3.1G       5.7M        50M       319M

MemTotal:        4016004 kB
MemFree:         3245268 kB
Active:           417796 kB
Mem:          3.8G       752M       3.1G       5.7M        50M       319M

MemTotal:        4016004 kB
MemFree:         3245268 kB
Active:           417816 kB
Mem:          3.8G       752M       3.1G       5.7M        50M       319M

MemTotal:        4016004 kB
MemFree:         3244648 kB
Active:           417836 kB
Mem:          3.8G       753M       3.1G       5.7M        50M       319M

MemTotal:        4016004 kB
MemFree:         3244896 kB
Active:           417808 kB
Mem:          3.8G       753M       3.1G       5.7M        50M       319M

MemTotal:        4016004 kB
MemFree:         3244756 kB
Active:           417804 kB
Mem:          3.8G       753M       3.1G       5.7M        50M       319M

MemTotal:        4016004 kB
MemFree:         3244368 kB
Active:           417836 kB
Mem:          3.8G       753M       3.1G       5.7M        50M       319M

MemTotal:        4016004 kB
MemFree:         3244616 kB
Active:           417816 kB
Mem:          3.8G       753M       3.1G       5.7M        50M       319M

MemTotal:        4016004 kB
MemFree:         3244848 kB
Active:           417816 kB
Mem:          3.8G       753M       3.1G       5.7M        50M       319M

MemTotal:        4016004 kB
MemFree:         3244708 kB
Active:           417848 kB
Mem:          3.8G       753M       3.1G       5.7M        50M       319M

MemTotal:        4016004 kB
MemFree:         3244676 kB
Active:           415852 kB
Mem:          3.8G       752M       3.1G       5.7M        50M       319M

MemTotal:        4016004 kB
MemFree:         3245108 kB
Active:           417812 kB
Mem:          3.8G       752M       3.1G       5.7M        50M       319M

MemTotal:        4016004 kB
MemFree:         3245108 kB
Active:           417824 kB
Mem:          3.8G       753M       3.1G       5.7M        50M       319M

MemTotal:        4016004 kB
MemFree:         3245232 kB
Active:           417812 kB
Mem:          3.8G       752M       3.1G       5.7M        50M       319M

MemTotal:        4016004 kB
MemFree:         3244860 kB
Active:           417852 kB
Mem:          3.8G       753M       3.1G       5.7M        50M       319M

MemTotal:        4016004 kB
MemFree:         3244736 kB
Active:           417860 kB
Mem:          3.8G       753M       3.1G       5.7M        50M       319M

MemTotal:        4016004 kB
MemFree:         3244612 kB
Active:           417852 kB
Mem:          3.8G       753M       3.1G       5.7M        50M       319M

MemTotal:        4016004 kB
MemFree:         3244612 kB
Active:           417860 kB
Mem:          3.8G       753M       3.1G       5.7M        50M       319M

MemTotal:        4016004 kB
MemFree:         3245092 kB
Active:           417844 kB
Mem:          3.8G       752M       3.1G       5.7M        50M       319M

MemTotal:        4016004 kB
MemFree:         3245076 kB
Active:           417808 kB
Mem:          3.8G       752M       3.1G       5.7M        50M       319M

MemTotal:        4016004 kB
MemFree:         3245040 kB
Active:           415816 kB
Mem:          3.8G       752M       3.1G       5.7M        50M       319M

MemTotal:        4016004 kB
MemFree:         3244768 kB
Active:           417864 kB
Mem:          3.8G       753M       3.1G       5.7M        50M       319M

MemTotal:        4016004 kB
MemFree:         3245016 kB
Active:           417828 kB
Mem:          3.8G       752M       3.1G       5.7M        50M       319M

MemTotal:        4016004 kB
MemFree:         3245016 kB
Active:           417832 kB
Mem:          3.8G       752M       3.1G       5.7M        50M       319M

MemTotal:        4016004 kB
MemFree:         3245016 kB
Active:           417860 kB
Mem:          3.8G       753M       3.1G       5.7M        50M       319M

MemTotal:        4016004 kB
MemFree:         3244984 kB
Active:           417828 kB
Mem:          3.8G       752M       3.1G       5.7M        50M       319M

MemTotal:        4016004 kB
MemFree:         3245092 kB
Active:           417824 kB
Mem:          3.8G       752M       3.1G       5.7M        50M       319M

MemTotal:        4016004 kB
MemFree:         3244952 kB
Active:           417864 kB
Mem:          3.8G       753M       3.1G       5.7M        50M       319M

MemTotal:        4016004 kB
MemFree:         3244936 kB
Active:           417836 kB
Mem:          3.8G       752M       3.1G       5.7M        50M       319M

MemTotal:        4016004 kB
MemFree:         3244488 kB
Active:           417876 kB
Mem:          3.8G       753M       3.1G       5.7M        50M       319M

MemTotal:        4016004 kB
MemFree:         3244540 kB
Active:           415828 kB
Mem:          3.8G       753M       3.1G       5.7M        50M       319M

MemTotal:        4016004 kB
MemFree:         3244848 kB
Active:           417868 kB
Mem:          3.8G       753M       3.1G       5.7M        50M       319M

MemTotal:        4016004 kB
MemFree:         3244724 kB
Active:           417820 kB
Mem:          3.8G       753M       3.1G       5.7M        50M       319M

MemTotal:        4016004 kB
MemFree:         3244972 kB
Active:           417868 kB
Mem:          3.8G       752M       3.1G       5.7M        50M       319M

MemTotal:        4016004 kB
MemFree:         3244972 kB
Active:           417836 kB
Mem:          3.8G       752M       3.1G       5.7M        50M       319M

MemTotal:        4016004 kB
MemFree:         3244908 kB
Active:           417888 kB
Mem:          3.8G       753M       3.1G       5.7M        50M       319M

MemTotal:        4016004 kB
MemFree:         3244692 kB
Active:           417896 kB
Mem:          3.8G       753M       3.1G       5.7M        50M       319M

MemTotal:        4016004 kB
MemFree:         3244800 kB
Active:           417880 kB
Mem:          3.8G       753M       3.1G       5.7M        50M       319M

MemTotal:        4016004 kB
MemFree:         3244800 kB
Active:           417844 kB
Mem:          3.8G       753M       3.1G       5.7M        50M       319M

MemTotal:        4016004 kB
MemFree:         3244492 kB
Active:           417900 kB
Mem:          3.8G       753M       3.1G       5.7M        50M       319M

MemTotal:        4016004 kB
MemFree:         3244864 kB
Active:           417872 kB
Mem:          3.8G       753M       3.1G       5.7M        50M       319M

MemTotal:        4016004 kB
MemFree:         3244988 kB
Active:           417880 kB
Mem:          3.8G       752M       3.1G       5.7M        50M       319M

MemTotal:        4016004 kB
MemFree:         3244988 kB
Active:           417892 kB
Mem:          3.8G       752M       3.1G       5.7M        50M       319M

MemTotal:        4016004 kB
MemFree:         3244988 kB
Active:           417852 kB
Mem:          3.8G       753M       3.1G       5.7M        50M       319M

MemTotal:        4016004 kB
MemFree:         3245080 kB
Active:           417856 kB
Mem:          3.8G       753M       3.1G       5.7M        50M       319M

MemTotal:        4016004 kB
MemFree:         3245208 kB
Active:           417884 kB
Mem:          3.8G       752M       3.1G       5.7M        50M       319M

MemTotal:        4016004 kB
MemFree:         3245412 kB
Active:           417888 kB
Mem:          3.8G       752M       3.1G       5.7M        50M       319M

MemTotal:        4016004 kB
MemFree:         3245164 kB
Active:           417856 kB
Mem:          3.8G       752M       3.1G       5.7M        50M       319M

MemTotal:        4016004 kB
MemFree:         3245304 kB
Active:           417880 kB
Mem:          3.8G       752M       3.1G       5.7M        50M       319M

MemTotal:        4016004 kB
MemFree:         3245304 kB
Active:           417916 kB
Mem:          3.8G       752M       3.1G       5.7M        50M       319M

MemTotal:        4016004 kB
MemFree:         3244932 kB
Active:           417928 kB
Mem:          3.8G       753M       3.1G       5.7M        50M       319M

MemTotal:        4016004 kB
MemFree:         3245180 kB
Active:           417904 kB
Mem:          3.8G       752M       3.1G       5.7M        50M       319M

MemTotal:        4016004 kB
MemFree:         3245196 kB
Active:           417920 kB
Mem:          3.8G       753M       3.1G       5.7M        50M       319M

MemTotal:        4016004 kB
MemFree:         3244576 kB
Active:           417936 kB
Mem:          3.8G       753M       3.1G       5.7M        50M       319M

MemTotal:        4016004 kB
MemFree:         3245072 kB
Active:           417924 kB
Mem:          3.8G       752M       3.1G       5.7M        50M       319M

MemTotal:        4016004 kB
MemFree:         3244948 kB
Active:           417920 kB
Mem:          3.8G       752M       3.1G       5.7M        50M       319M

MemTotal:        4016004 kB
MemFree:         3244948 kB
Active:           417892 kB
Mem:          3.8G       752M       3.1G       5.7M        50M       319M

MemTotal:        4016004 kB
MemFree:         3244452 kB
Active:           417944 kB
Mem:          3.8G       753M       3.1G       5.7M        50M       319M

MemTotal:        4016004 kB
MemFree:         3244484 kB
Active:           417944 kB
Mem:          3.8G       753M       3.1G       5.7M        50M       319M

MemTotal:        4016004 kB
MemFree:         3245104 kB
Active:           417936 kB
Mem:          3.8G       753M       3.1G       5.7M        50M       319M

MemTotal:        4016004 kB
MemFree:         3245120 kB
Active:           417912 kB
Mem:          3.8G       752M       3.1G       5.7M        50M       319M

MemTotal:        4016004 kB
MemFree:         3245260 kB
Active:           417908 kB
Mem:          3.8G       752M       3.1G       5.7M        50M       319M

MemTotal:        4016004 kB
MemFree:         3244764 kB
Active:           417944 kB
Mem:          3.8G       752M       3.1G       5.7M        50M       319M

MemTotal:        4016004 kB
MemFree:         3245012 kB
Active:           417932 kB
Mem:          3.8G       752M       3.1G       5.7M        50M       319M

MemTotal:        4016004 kB
MemFree:         3245012 kB
Active:           417936 kB
Mem:          3.8G       752M       3.1G       5.7M        50M       319M

MemTotal:        4016004 kB
MemFree:         3244640 kB
Active:           417952 kB
Mem:          3.8G       752M       3.1G       5.7M        50M       319M

MemTotal:        4016004 kB
MemFree:         3244764 kB
Active:           417944 kB
Mem:          3.8G       753M       3.1G       5.7M        50M       319M

MemTotal:        4016004 kB
MemFree:         3244888 kB
Active:           417944 kB
Mem:          3.8G       753M       3.1G       5.7M        50M       319M

MemTotal:        4016004 kB
MemFree:         3244392 kB
Active:           417952 kB
Mem:          3.8G       753M       3.1G       5.7M        50M       319M

MemTotal:        4016004 kB
MemFree:         3244640 kB
Active:           417952 kB
Mem:          3.8G       753M       3.1G       5.7M        50M       319M

MemTotal:        4016004 kB
MemFree:         3245136 kB
Active:           417924 kB
Mem:          3.8G       752M       3.1G       5.7M        50M       319M

MemTotal:        4016004 kB
MemFree:         3245276 kB
Active:           417912 kB
Mem:          3.8G       752M       3.1G       5.7M        50M       319M

MemTotal:        4016004 kB
MemFree:         3245648 kB
Active:           417912 kB
Mem:          3.8G       752M       3.1G       5.7M        50M       319M

MemTotal:        4016004 kB
MemFree:         3245540 kB
Active:           417792 kB
Mem:          3.8G       752M       3.1G       5.7M        50M       319M

MemTotal:        4016004 kB
MemFree:         3245928 kB
Active:           417780 kB
Mem:          3.8G       751M       3.1G       5.7M        50M       319M

MemTotal:        4016004 kB
MemFree:         3245928 kB
Active:           417768 kB
Mem:          3.8G       751M       3.1G       5.7M        50M       319M

MemTotal:        4016004 kB
MemFree:         3245680 kB
Active:           417792 kB
Mem:          3.8G       752M       3.1G       5.7M        50M       319M

MemTotal:        4016004 kB
MemFree:         3244812 kB
Active:           417800 kB
Mem:          3.8G       753M       3.1G       5.7M        50M       319M

MemTotal:        4016004 kB
MemFree:         3244936 kB
Active:           417784 kB
Mem:          3.8G       752M       3.1G       5.7M        50M       319M

MemTotal:        4016004 kB
MemFree:         3245184 kB
Active:           415824 kB
Mem:          3.8G       752M       3.1G       5.7M        50M       319M

MemTotal:        4016004 kB
MemFree:         3245492 kB
Active:           417756 kB
Mem:          3.8G       752M       3.1G       5.7M        50M       319M

MemTotal:        4016004 kB
MemFree:         3245120 kB
Active:           417808 kB
Mem:          3.8G       752M       3.1G       5.7M        50M       319M

MemTotal:        4016004 kB
MemFree:         3245616 kB
Active:           417792 kB
Mem:          3.8G       752M       3.1G       5.7M        50M       319M

MemTotal:        4016004 kB
MemFree:         3245492 kB
Active:           417764 kB
Mem:          3.8G       752M       3.1G       5.7M        50M       319M

MemTotal:        4016004 kB
MemFree:         3245740 kB
Active:           417792 kB
Mem:          3.8G       752M       3.1G       5.7M        50M       319M

MemTotal:        4016004 kB
MemFree:         3245244 kB
Active:           417816 kB
Mem:          3.8G       752M       3.1G       5.7M        50M       319M

MemTotal:        4016004 kB
MemFree:         3245492 kB
Active:           417788 kB
Mem:          3.8G       752M       3.1G       5.7M        50M       319M

MemTotal:        4016004 kB
MemFree:         3245492 kB
Active:           417784 kB
Mem:          3.8G       752M       3.1G       5.7M        50M       319M

MemTotal:        4016004 kB
MemFree:         3244996 kB
Active:           417816 kB
Mem:          3.8G       752M       3.1G       5.7M        50M       319M

MemTotal:        4016004 kB
MemFree:         3245244 kB
Active:           417772 kB
Mem:          3.8G       752M       3.1G       5.7M        50M       319M

MemTotal:        4016004 kB
MemFree:         3245492 kB
Active:           417804 kB
Mem:          3.8G       752M       3.1G       5.7M        50M       319M

MemTotal:        4016004 kB
MemFree:         3245492 kB
Active:           417820 kB
Mem:          3.8G       752M       3.1G       5.7M        50M       319M

MemTotal:        4016004 kB
MemFree:         3245368 kB
Active:           417832 kB
Mem:          3.8G       752M       3.1G       5.7M        50M       319M

MemTotal:        4016004 kB
MemFree:         3245368 kB
Active:           417820 kB
Mem:          3.8G       752M       3.1G       5.7M        50M       319M

MemTotal:        4016004 kB
MemFree:         3244872 kB
Active:           417832 kB
Mem:          3.8G       753M       3.1G       5.7M        50M       319M

MemTotal:        4016004 kB
MemFree:         3244872 kB
Active:           417796 kB
Mem:          3.8G       753M       3.1G       5.7M        50M       319M

MemTotal:        4016004 kB
MemFree:         3244996 kB
Active:           417820 kB
Mem:          3.8G       752M       3.1G       5.7M        50M       319M

MemTotal:        4016004 kB
MemFree:         3244500 kB
Active:           417840 kB
Mem:          3.8G       753M       3.1G       5.7M        50M       319M

MemTotal:        4016004 kB
MemFree:         3244500 kB
Active:           417840 kB
Mem:          3.8G       753M       3.1G       5.7M        50M       319M

MemTotal:        4016004 kB
MemFree:         3244728 kB
Active:           415828 kB
Mem:          3.8G       753M       3.1G       5.7M        50M       319M

MemTotal:        4016004 kB
MemFree:         3244976 kB
Active:           417836 kB
Mem:          3.8G       753M       3.1G       5.7M        50M       319M

MemTotal:        4016004 kB
MemFree:         3245364 kB
Active:           417792 kB
Mem:          3.8G       752M       3.1G       5.7M        50M       319M

MemTotal:        4016004 kB
MemFree:         3245440 kB
Active:           417820 kB
Mem:          3.8G       752M       3.1G       5.7M        50M       319M

MemTotal:        4016004 kB
MemFree:         3245488 kB
Active:           417820 kB
Mem:          3.8G       752M       3.1G       5.7M        50M       319M

MemTotal:        4016004 kB
MemFree:         3245612 kB
Active:           417804 kB
Mem:          3.8G       752M       3.1G       5.7M        50M       319M

MemTotal:        4016004 kB
MemFree:         3245488 kB
Active:           417800 kB
Mem:          3.8G       752M       3.1G       5.7M        50M       319M

MemTotal:        4016004 kB
MemFree:         3245488 kB
Active:           417832 kB
Mem:          3.8G       752M       3.1G       5.7M        50M       319M

MemTotal:        4016004 kB
MemFree:         3245240 kB
Active:           417828 kB
Mem:          3.8G       752M       3.1G       5.7M        50M       319M

MemTotal:        4016004 kB
MemFree:         3245364 kB
Active:           417864 kB
Mem:          3.8G       752M       3.1G       5.7M        50M       319M

MemTotal:        4016004 kB
MemFree:         3244372 kB
Active:           417868 kB
Mem:          3.8G       753M       3.1G       5.7M        50M       319M

MemTotal:        4016004 kB
MemFree:         3244976 kB
Active:           417852 kB
Mem:          3.8G       752M       3.1G       5.7M        50M       319M

MemTotal:        4016004 kB
MemFree:         3244992 kB
Active:           417840 kB
Mem:          3.8G       752M       3.1G       5.7M        50M       319M

MemTotal:        4016004 kB
MemFree:         3244992 kB
Active:           417860 kB
Mem:          3.8G       752M       3.1G       5.7M        50M       319M

MemTotal:        4016004 kB
MemFree:         3244992 kB
Active:           417840 kB
Mem:          3.8G       752M       3.1G       5.7M        50M       319M

MemTotal:        4016004 kB
MemFree:         3244620 kB
Active:           417876 kB
Mem:          3.8G       753M       3.1G       5.7M        50M       319M

MemTotal:        4016004 kB
MemFree:         3245364 kB
Active:           417856 kB
Mem:          3.8G       752M       3.1G       5.7M        50M       319M

MemTotal:        4016004 kB
MemFree:         3245488 kB
Active:           417868 kB
Mem:          3.8G       752M       3.1G       5.7M        50M       319M

MemTotal:        4016004 kB
MemFree:         3245116 kB
Active:           417876 kB
Mem:          3.8G       752M       3.1G       5.7M        50M       319M

MemTotal:        4016004 kB
MemFree:         3244992 kB
Active:           417848 kB
Mem:          3.8G       752M       3.1G       5.7M        50M       319M

MemTotal:        4016004 kB
MemFree:         3244496 kB
Active:           417884 kB
Mem:          3.8G       753M       3.1G       5.7M        50M       319M

MemTotal:        4016004 kB
MemFree:         3244992 kB
Active:           417880 kB
Mem:          3.8G       752M       3.1G       5.7M        50M       319M

MemTotal:        4016004 kB
MemFree:         3245116 kB
Active:           417864 kB
Mem:          3.8G       752M       3.1G       5.7M        50M       319M

MemTotal:        4016004 kB
MemFree:         3245240 kB
Active:           417852 kB
Mem:          3.8G       752M       3.1G       5.7M        50M       319M

MemTotal:        4016004 kB
MemFree:         3244868 kB
Active:           417888 kB
Mem:          3.8G       753M       3.1G       5.7M        50M       319M

MemTotal:        4016004 kB
MemFree:         3244744 kB
Active:           417888 kB
Mem:          3.8G       753M       3.1G       5.7M        50M       319M

MemTotal:        4016004 kB
MemFree:         3244496 kB
Active:           417888 kB
Mem:          3.8G       753M       3.1G       5.7M        50M       319M

MemTotal:        4016004 kB
MemFree:         3244868 kB
Active:           417896 kB
Mem:          3.8G       753M       3.1G       5.7M        50M       319M

MemTotal:        4016004 kB
MemFree:         3245116 kB
Active:           417868 kB
Mem:          3.8G       752M       3.1G       5.7M        50M       319M

MemTotal:        4016004 kB
MemFree:         3245240 kB
Active:           417876 kB
Mem:          3.8G       752M       3.1G       5.7M        50M       319M

MemTotal:        4016004 kB
MemFree:         3245364 kB
Active:           417852 kB
Mem:          3.8G       752M       3.1G       5.7M        50M       319M

MemTotal:        4016004 kB
MemFree:         3245364 kB
Active:           417852 kB
Mem:          3.8G       752M       3.1G       5.7M        50M       319M

MemTotal:        4016004 kB
MemFree:         3245364 kB
Active:           417880 kB
Mem:          3.8G       752M       3.1G       5.7M        50M       319M

MemTotal:        4016004 kB
MemFree:         3245488 kB
Active:           417860 kB
Mem:          3.8G       752M       3.1G       5.7M        50M       319M

MemTotal:        4016004 kB
MemFree:         3245240 kB
Active:           417872 kB
Mem:          3.8G       752M       3.1G       5.7M        50M       319M

MemTotal:        4016004 kB
MemFree:         3245488 kB
Active:           417888 kB
Mem:          3.8G       752M       3.1G       5.7M        50M       319M

MemTotal:        4016004 kB
MemFree:         3244992 kB
Active:           417912 kB
Mem:          3.8G       752M       3.1G       5.7M        50M       319M

MemTotal:        4016004 kB
MemFree:         3245364 kB
Active:           417896 kB
Mem:          3.8G       752M       3.1G       5.7M        50M       319M

MemTotal:        4016004 kB
MemFree:         3245364 kB
Active:           417860 kB
Mem:          3.8G       752M       3.1G       5.7M        50M       319M

MemTotal:        4016004 kB
MemFree:         3244744 kB
Active:           417912 kB
Mem:          3.8G       752M       3.1G       5.7M        50M       319M

MemTotal:        4016004 kB
MemFree:         3245240 kB
Active:           417876 kB
Mem:          3.8G       752M       3.1G       5.7M        50M       319M

MemTotal:        4016004 kB
MemFree:         3245364 kB
Active:           417888 kB
Mem:          3.8G       752M       3.1G       5.7M        50M       319M

MemTotal:        4016004 kB
MemFree:         3245240 kB
Active:           417872 kB
Mem:          3.8G       752M       3.1G       5.7M        50M       319M

MemTotal:        4016004 kB
MemFree:         3245240 kB
Active:           417876 kB
Mem:          3.8G       752M       3.1G       5.7M        50M       319M

MemTotal:        4016004 kB
MemFree:         3244868 kB
Active:           417924 kB
Mem:          3.8G       752M       3.1G       5.7M        50M       319M

MemTotal:        4016004 kB
MemFree:         3245364 kB
Active:           417912 kB
Mem:          3.8G       752M       3.1G       5.7M        50M       319M

MemTotal:        4016004 kB
MemFree:         3245488 kB
Active:           417920 kB
Mem:          3.8G       752M       3.1G       5.7M        50M       319M

MemTotal:        4016004 kB
MemFree:         3245116 kB
Active:           417928 kB
Mem:          3.8G       752M       3.1G       5.7M        50M       319M

MemTotal:        4016004 kB
MemFree:         3245364 kB
Active:           417900 kB
Mem:          3.8G       752M       3.1G       5.7M        50M       319M

MemTotal:        4016004 kB
MemFree:         3244620 kB
Active:           417936 kB
Mem:          3.8G       753M       3.1G       5.7M        50M       319M

MemTotal:        4016004 kB
MemFree:         3244744 kB
Active:           417936 kB
Mem:          3.8G       753M       3.1G       5.7M        50M       319M

MemTotal:        4016004 kB
MemFree:         3245116 kB
Active:           417900 kB
Mem:          3.8G       752M       3.1G       5.7M        50M       319M

MemTotal:        4016004 kB
MemFree:         3245240 kB
Active:           417916 kB
Mem:          3.8G       752M       3.1G       5.7M        50M       319M

MemTotal:        4016004 kB
MemFree:         3244868 kB
Active:           417936 kB
Mem:          3.8G       753M       3.1G       5.7M        50M       319M

MemTotal:        4016004 kB
MemFree:         3245240 kB
Active:           417892 kB
Mem:          3.8G       752M       3.1G       5.7M        50M       319M

MemTotal:        4016004 kB
MemFree:         3245240 kB
Active:           417932 kB
Mem:          3.8G       752M       3.1G       5.7M        50M       319M

MemTotal:        4016004 kB
MemFree:         3244868 kB
Active:           417944 kB
Mem:          3.8G       753M       3.1G       5.7M        50M       319M

MemTotal:        4016004 kB
MemFree:         3244744 kB
Active:           417948 kB
Mem:          3.8G       753M       3.1G       5.7M        50M       319M

MemTotal:        4016004 kB
MemFree:         3245116 kB
Active:           417948 kB
Mem:          3.8G       753M       3.1G       5.7M        50M       319M

MemTotal:        4016004 kB
MemFree:         3245012 kB
Active:           415984 kB
Mem:          3.8G       752M       3.1G       5.7M        50M       319M

MemTotal:        4016004 kB
MemFree:         3245292 kB
Active:           417948 kB
Mem:          3.8G       752M       3.1G       5.7M        50M       319M

MemTotal:        4016004 kB
MemFree:         3244548 kB
Active:           418004 kB
Mem:          3.8G       753M       3.1G       5.7M        50M       319M

MemTotal:        4016004 kB
MemFree:         3244920 kB
Active:           417996 kB
Mem:          3.8G       753M       3.1G       5.7M        50M       319M

MemTotal:        4016004 kB
MemFree:         3244796 kB
Active:           418004 kB
Mem:          3.8G       753M       3.1G       5.7M        50M       319M

MemTotal:        4016004 kB
MemFree:         3245292 kB
Active:           417980 kB
Mem:          3.8G       752M       3.1G       5.7M        50M       319M

MemTotal:        4016004 kB
MemFree:         3244920 kB
Active:           418020 kB
Mem:          3.8G       753M       3.1G       5.7M        50M       319M

MemTotal:        4016004 kB
MemFree:         3245292 kB
Active:           418004 kB
Mem:          3.8G       752M       3.1G       5.7M        50M       319M

MemTotal:        4016004 kB
MemFree:         3245292 kB
Active:           418004 kB
Mem:          3.8G       752M       3.1G       5.7M        50M       319M

MemTotal:        4016004 kB
MemFree:         3244780 kB
Active:           418020 kB
Mem:          3.8G       752M       3.1G       5.7M        50M       319M

MemTotal:        4016004 kB
MemFree:         3235468 kB
Active:           423992 kB
Mem:          3.8G       762M       3.1G       5.7M        58M       319M

MemTotal:        4016004 kB
MemFree:         3235208 kB
Active:           423888 kB
Mem:          3.8G       762M       3.1G       5.7M        58M       319M

MemTotal:        4016004 kB
MemFree:         3235100 kB
Active:           425904 kB
Mem:          3.8G       762M       3.1G       5.7M        58M       319M

MemTotal:        4016004 kB
MemFree:         3235348 kB
Active:           425896 kB
Mem:          3.8G       762M       3.1G       5.7M        58M       319M

MemTotal:        4016004 kB
MemFree:         3235348 kB
Active:           425932 kB
Mem:          3.8G       762M       3.1G       5.7M        58M       319M

MemTotal:        4016004 kB
MemFree:         3234852 kB
Active:           425944 kB
Mem:          3.8G       762M       3.1G       5.7M        58M       319M

MemTotal:        4016004 kB
MemFree:         3235224 kB
Active:           425908 kB
Mem:          3.8G       762M       3.1G       5.7M        58M       319M

MemTotal:        4016004 kB
MemFree:         3235968 kB
Active:           425944 kB
Mem:          3.8G       761M       3.1G       5.7M        58M       319M

MemTotal:        4016004 kB
MemFree:         3235844 kB
Active:           425904 kB
Mem:          3.8G       761M       3.1G       5.7M        58M       319M

MemTotal:        4016004 kB
MemFree:         3235224 kB
Active:           425960 kB
Mem:          3.8G       762M       3.1G       5.7M        58M       319M

MemTotal:        4016004 kB
MemFree:         3235596 kB
Active:           425960 kB
Mem:          3.8G       762M       3.1G       5.7M        58M       319M

MemTotal:        4016004 kB
MemFree:         3235596 kB
Active:           425944 kB
Mem:          3.8G       762M       3.1G       5.7M        58M       319M

MemTotal:        4016004 kB
MemFree:         3235224 kB
Active:           425960 kB
Mem:          3.8G       762M       3.1G       5.7M        58M       319M

MemTotal:        4016004 kB
MemFree:         3235596 kB
Active:           425940 kB
Mem:          3.8G       762M       3.1G       5.7M        58M       319M

MemTotal:        4016004 kB
MemFree:         3235224 kB
Active:           425968 kB
Mem:          3.8G       762M       3.1G       5.7M        58M       319M

MemTotal:        4016004 kB
MemFree:         3235720 kB
Active:           425928 kB
Mem:          3.8G       762M       3.1G       5.7M        58M       319M

MemTotal:        4016004 kB
MemFree:         3235720 kB
Active:           425936 kB
Mem:          3.8G       762M       3.1G       5.7M        58M       319M

MemTotal:        4016004 kB
MemFree:         3235968 kB
Active:           425916 kB
Mem:          3.8G       761M       3.1G       5.7M        58M       319M

MemTotal:        4016004 kB
MemFree:         3236092 kB
Active:           425968 kB
Mem:          3.8G       761M       3.1G       5.7M        58M       319M

MemTotal:        4016004 kB
MemFree:         3235968 kB
Active:           425940 kB
Mem:          3.8G       761M       3.1G       5.7M        58M       319M

MemTotal:        4016004 kB
MemFree:         3235596 kB
Active:           425988 kB
Mem:          3.8G       762M       3.1G       5.7M        58M       319M

MemTotal:        4016004 kB
MemFree:         3235596 kB
Active:           425992 kB
Mem:          3.8G       761M       3.1G       5.7M        58M       319M

MemTotal:        4016004 kB
MemFree:         3235968 kB
Active:           425952 kB
Mem:          3.8G       761M       3.1G       5.7M        58M       319M

MemTotal:        4016004 kB
MemFree:         3235596 kB
Active:           425992 kB
Mem:          3.8G       762M       3.1G       5.7M        58M       319M

MemTotal:        4016004 kB
MemFree:         3235472 kB
Active:           426000 kB
Mem:          3.8G       762M       3.1G       5.7M        58M       319M

MemTotal:        4016004 kB
MemFree:         3235852 kB
Active:           425964 kB
Mem:          3.8G       761M       3.1G       5.7M        58M       319M

MemTotal:        4016004 kB
MemFree:         3235852 kB
Active:           425960 kB
Mem:          3.8G       761M       3.1G       5.7M        58M       319M

MemTotal:        4016004 kB
MemFree:         3235604 kB
Active:           425980 kB
Mem:          3.8G       761M       3.1G       5.7M        58M       319M

MemTotal:        4016004 kB
MemFree:         3235480 kB
Active:           426000 kB
Mem:          3.8G       761M       3.1G       5.7M        58M       319M

MemTotal:        4016004 kB
MemFree:         3235728 kB
Active:           425988 kB
Mem:          3.8G       761M       3.1G       5.7M        58M       319M

MemTotal:        4016004 kB
MemFree:         3235480 kB
Active:           426000 kB
Mem:          3.8G       762M       3.1G       5.7M        58M       319M

MemTotal:        4016004 kB
MemFree:         3191472 kB
Active:           426228 kB
Mem:          3.8G       805M       3.0G       5.7M        58M       361M

MemTotal:        4016004 kB
MemFree:         3147480 kB
Active:           426228 kB
Mem:          3.8G       848M       3.0G       5.7M        58M       404M

MemTotal:        4016004 kB
MemFree:         3102604 kB
Active:           426204 kB
Mem:          3.8G       892M       3.0G       5.7M        58M       447M

MemTotal:        4016004 kB
MemFree:         3062428 kB
Active:           426228 kB
Mem:          3.8G       931M       2.9G       5.7M        58M       486M

MemTotal:        4016004 kB
MemFree:         3016380 kB
Active:           426268 kB
Mem:          3.8G       976M       2.9G       5.7M        58M       530M

MemTotal:        4016004 kB
MemFree:         2971328 kB
Active:           426268 kB
Mem:          3.8G       1.0G       2.8G       5.7M        58M       574M

MemTotal:        4016004 kB
MemFree:         2925480 kB
Active:           426216 kB
Mem:          3.8G       1.0G       2.8G       5.7M        58M       618M

MemTotal:        4016004 kB
MemFree:         2879876 kB
Active:           426268 kB
Mem:          3.8G       1.1G       2.7G       5.7M        58M       661M

MemTotal:        4016004 kB
MemFree:         2833264 kB
Active:           426268 kB
Mem:          3.8G       1.1G       2.7G       5.7M        58M       706M

MemTotal:        4016004 kB
MemFree:         2787488 kB
Active:           428300 kB
Mem:          3.8G       1.2G       2.7G       5.7M        58M       749M

MemTotal:        4016004 kB
MemFree:         2740364 kB
Active:           428272 kB
Mem:          3.8G       1.2G       2.6G       5.7M        58M       794M

MemTotal:        4016004 kB
MemFree:         2694016 kB
Active:           428300 kB
Mem:          3.8G       1.3G       2.6G       5.7M        58M       839M

MemTotal:        4016004 kB
MemFree:         2648940 kB
Active:           428272 kB
Mem:          3.8G       1.3G       2.5G       5.7M        58M       882M

MemTotal:        4016004 kB
MemFree:         2606780 kB
Active:           428324 kB
Mem:          3.8G       1.3G       2.5G       5.7M        58M       923M

MemTotal:        4016004 kB
MemFree:         2603264 kB
Active:           428348 kB
Mem:          3.8G       1.3G       2.5G       5.7M        58M       925M

MemTotal:        4016004 kB
MemFree:         2601900 kB
Active:           428344 kB
Mem:          3.8G       1.3G       2.5G       5.7M        58M       926M

MemTotal:        4016004 kB
MemFree:         2575316 kB
Active:           428344 kB
Mem:          3.8G       1.4G       2.5G       5.7M        58M       952M

MemTotal:        4016004 kB
MemFree:         2530636 kB
Active:           428388 kB
Mem:          3.8G       1.4G       2.4G       5.7M        58M       995M

MemTotal:        4016004 kB
MemFree:         2484228 kB
Active:           428392 kB
Mem:          3.8G       1.5G       2.4G       5.7M        58M       1.0G

MemTotal:        4016004 kB
MemFree:         2439988 kB
Active:           428400 kB
Mem:          3.8G       1.5G       2.3G       5.7M        58M       1.1G

MemTotal:        4016004 kB
MemFree:         2395872 kB
Active:           428400 kB
Mem:          3.8G       1.5G       2.3G       5.7M        58M       1.1G

MemTotal:        4016004 kB
MemFree:         2351508 kB
Active:           428388 kB
Mem:          3.8G       1.6G       2.2G       5.7M        58M       1.1G

MemTotal:        4016004 kB
MemFree:         2305532 kB
Active:           428392 kB
Mem:          3.8G       1.6G       2.2G       5.7M        58M       1.2G

MemTotal:        4016004 kB
MemFree:         2258284 kB
Active:           428400 kB
Mem:          3.8G       1.7G       2.2G       5.7M        58M       1.2G

MemTotal:        4016004 kB
MemFree:         2212804 kB
Active:           428408 kB
Mem:          3.8G       1.7G       2.1G       5.7M        58M       1.3G

MemTotal:        4016004 kB
MemFree:         2166204 kB
Active:           428408 kB
Mem:          3.8G       1.8G       2.1G       5.7M        58M       1.3G

MemTotal:        4016004 kB
MemFree:         2148180 kB
Active:           428372 kB
Mem:          3.8G       1.8G       2.0G       5.7M        58M       1.3G

MemTotal:        4016004 kB
MemFree:         2146628 kB
Active:           428424 kB
Mem:          3.8G       1.8G       2.0G       5.7M        58M       1.3G

MemTotal:        4016004 kB
MemFree:         2144120 kB
Active:           428440 kB
Mem:          3.8G       1.8G       2.0G       5.7M        58M       1.3G

MemTotal:        4016004 kB
MemFree:         2101956 kB
Active:           430504 kB
Mem:          3.8G       1.8G       2.0G       5.7M        58M       1.4G

MemTotal:        4016004 kB
MemFree:         2057676 kB
Active:           430500 kB
Mem:          3.8G       1.9G       2.0G       5.7M        58M       1.4G

MemTotal:        4016004 kB
MemFree:         2010972 kB
Active:           430512 kB
Mem:          3.8G       1.9G       1.9G       5.7M        58M       1.5G

MemTotal:        4016004 kB
MemFree:         1965104 kB
Active:           430512 kB
Mem:          3.8G       2.0G       1.9G       5.7M        58M       1.5G

MemTotal:        4016004 kB
MemFree:         1919624 kB
Active:           430516 kB
Mem:          3.8G       2.0G       1.8G       5.7M        58M       1.5G

MemTotal:        4016004 kB
MemFree:         1875632 kB
Active:           430488 kB
Mem:          3.8G       2.0G       1.8G       5.7M        58M       1.6G

MemTotal:        4016004 kB
MemFree:         1830756 kB
Active:           430476 kB
Mem:          3.8G       2.1G       1.7G       5.7M        58M       1.6G

MemTotal:        4016004 kB
MemFree:         1790988 kB
Active:           430512 kB
Mem:          3.8G       2.1G       1.7G       5.7M        58M       1.7G

MemTotal:        4016004 kB
MemFree:         1757320 kB
Active:           430488 kB
Mem:          3.8G       2.2G       1.7G       5.7M        58M       1.7G

MemTotal:        4016004 kB
MemFree:         1711004 kB
Active:           430536 kB
Mem:          3.8G       2.2G       1.6G       5.7M        58M       1.7G

MemTotal:        4016004 kB
MemFree:         1698260 kB
Active:           430556 kB
Mem:          3.8G       2.2G       1.6G       5.7M        58M       1.8G

MemTotal:        4016004 kB
MemFree:         1696084 kB
Active:           430596 kB
Mem:          3.8G       2.2G       1.6G       5.7M        58M       1.8G

MemTotal:        4016004 kB
MemFree:         1688172 kB
Active:           430620 kB
Mem:          3.8G       2.2G       1.6G       5.7M        58M       1.8G

MemTotal:        4016004 kB
MemFree:         1641532 kB
Active:           430620 kB
Mem:          3.8G       2.3G       1.6G       5.7M        58M       1.8G

MemTotal:        4016004 kB
MemFree:         1597884 kB
Active:           430620 kB
Mem:          3.8G       2.3G       1.5G       5.7M        58M       1.8G

MemTotal:        4016004 kB
MemFree:         1551520 kB
Active:           430636 kB
Mem:          3.8G       2.4G       1.5G       5.7M        58M       1.9G

MemTotal:        4016004 kB
MemFree:         1506412 kB
Active:           430644 kB
Mem:          3.8G       2.4G       1.4G       5.7M        58M       1.9G

MemTotal:        4016004 kB
MemFree:         1461056 kB
Active:           430632 kB
Mem:          3.8G       2.4G       1.4G       5.7M        58M       2.0G

MemTotal:        4016004 kB
MemFree:         1416320 kB
Active:           430592 kB
Mem:          3.8G       2.5G       1.4G       5.7M        58M       2.0G

MemTotal:        4016004 kB
MemFree:         1372932 kB
Active:           430644 kB
Mem:          3.8G       2.5G       1.3G       5.7M        58M       2.1G

MemTotal:        4016004 kB
MemFree:         1327296 kB
Active:           430652 kB
Mem:          3.8G       2.6G       1.3G       5.7M        58M       2.1G

MemTotal:        4016004 kB
MemFree:         1282436 kB
Active:           430652 kB
Mem:          3.8G       2.6G       1.2G       5.7M        58M       2.1G

MemTotal:        4016004 kB
MemFree:         1238180 kB
Active:           430652 kB
Mem:          3.8G       2.6G       1.2G       5.7M        58M       2.2G

MemTotal:        4016004 kB
MemFree:         1193664 kB
Active:           430652 kB
Mem:          3.8G       2.7G       1.1G       5.7M        58M       2.2G

MemTotal:        4016004 kB
MemFree:         1176288 kB
Active:           430652 kB
Mem:          3.8G       2.7G       1.1G       5.7M        58M       2.2G

MemTotal:        4016004 kB
MemFree:         1174644 kB
Active:           430700 kB
Mem:          3.8G       2.7G       1.1G       5.7M        58M       2.2G

MemTotal:        4016004 kB
MemFree:         1171968 kB
Active:           430712 kB
Mem:          3.8G       2.7G       1.1G       5.7M        58M       2.2G

MemTotal:        4016004 kB
MemFree:         1169824 kB
Active:           430740 kB
Mem:          3.8G       2.7G       1.1G       5.7M        58M       2.2G

MemTotal:        4016004 kB
MemFree:         1125708 kB
Active:           430772 kB
Mem:          3.8G       2.8G       1.1G       5.7M        58M       2.3G

MemTotal:        4016004 kB
MemFree:         1081624 kB
Active:           430760 kB
Mem:          3.8G       2.8G       1.0G       5.7M        58M       2.3G

MemTotal:        4016004 kB
MemFree:         1035152 kB
Active:           430788 kB
Mem:          3.8G       2.8G       1.0G       5.7M        58M       2.4G

MemTotal:        4016004 kB
MemFree:          990292 kB
Active:           430788 kB
Mem:          3.8G       2.9G       966M       5.7M        58M       2.4G

MemTotal:        4016004 kB
MemFree:          943200 kB
Active:           430772 kB
Mem:          3.8G       2.9G       920M       5.7M        58M       2.5G

MemTotal:        4016004 kB
MemFree:          899456 kB
Active:           430792 kB
Mem:          3.8G       3.0G       877M       5.7M        58M       2.5G

MemTotal:        4016004 kB
MemFree:          853712 kB
Active:           430792 kB
Mem:          3.8G       3.0G       833M       5.7M        58M       2.5G

MemTotal:        4016004 kB
MemFree:          808464 kB
Active:           430804 kB
Mem:          3.8G       3.1G       789M       5.7M        58M       2.6G

MemTotal:        4016004 kB
MemFree:          764248 kB
Active:           430828 kB
Mem:          3.8G       3.1G       745M       5.7M        58M       2.6G

MemTotal:        4016004 kB
MemFree:          743636 kB
Active:           430816 kB
Mem:          3.8G       3.1G       726M       5.7M        58M       2.6G

MemTotal:        4016004 kB
MemFree:          705396 kB
Active:           430800 kB
Mem:          3.8G       3.2G       688M       5.7M        58M       2.7G

MemTotal:        4016004 kB
MemFree:          666544 kB
Active:           432904 kB
Mem:          3.8G       3.2G       650M       5.7M        58M       2.7G

MemTotal:        4016004 kB
MemFree:          659668 kB
Active:           432832 kB
Mem:          3.8G       3.2G       644M       5.7M        58M       2.7G

MemTotal:        4016004 kB
MemFree:          627840 kB
Active:           432892 kB
Mem:          3.8G       3.2G       612M       5.7M        58M       2.8G

MemTotal:        4016004 kB
MemFree:          598484 kB
Active:           432924 kB
Mem:          3.8G       3.3G       584M       5.7M        58M       2.8G

MemTotal:        4016004 kB
MemFree:          555332 kB
Active:           432900 kB
Mem:          3.8G       3.3G       541M       5.7M        58M       2.8G

MemTotal:        4016004 kB
MemFree:          510848 kB
Active:           432928 kB
Mem:          3.8G       3.3G       498M       5.7M        58M       2.9G

MemTotal:        4016004 kB
MemFree:          466344 kB
Active:           432880 kB
Mem:          3.8G       3.4G       455M       5.7M        58M       2.9G

MemTotal:        4016004 kB
MemFree:          421732 kB
Active:           432904 kB
Mem:          3.8G       3.4G       412M       5.7M        58M       2.9G

MemTotal:        4016004 kB
MemFree:          374516 kB
Active:           432936 kB
Mem:          3.8G       3.5G       365M       5.7M        58M       3.0G

MemTotal:        4016004 kB
MemFree:          330028 kB
Active:           432912 kB
Mem:          3.8G       3.5G       322M       5.7M        58M       3.0G

MemTotal:        4016004 kB
MemFree:          283680 kB
Active:           432936 kB
Mem:          3.8G       3.6G       277M       5.7M        58M       3.1G

MemTotal:        4016004 kB
MemFree:          239888 kB
Active:           432944 kB
Mem:          3.8G       3.6G       234M       5.7M        58M       3.1G

MemTotal:        4016004 kB
MemFree:          193168 kB
Active:           432944 kB
Mem:          3.8G       3.6G       188M       5.7M        58M       3.2G

MemTotal:        4016004 kB
MemFree:          147572 kB
Active:           432944 kB
Mem:          3.8G       3.7G       144M       5.7M        58M       3.2G

MemTotal:        4016004 kB
MemFree:          139212 kB
Active:           432888 kB
Mem:          3.8G       3.7G       135M       5.7M        58M       3.2G

MemTotal:        4016004 kB
MemFree:          138264 kB
Active:           432960 kB
Mem:          3.8G       3.7G       134M       5.7M        58M       3.2G

MemTotal:        4016004 kB
MemFree:          137956 kB
Active:           432960 kB
Mem:          3.8G       3.7G       134M       5.7M        58M       3.2G

MemTotal:        4016004 kB
MemFree:          138648 kB
Active:           432932 kB
Mem:          3.8G       3.7G       135M       5.7M        58M       3.2G

MemTotal:        4016004 kB
MemFree:          105276 kB
Active:           432932 kB
Mem:          3.8G       3.7G       102M       5.7M        58M       3.2G

MemTotal:        4016004 kB
MemFree:          109148 kB
Active:           439368 kB
Mem:          3.8G       3.7G       106M       5.7M        25M       3.3G

MemTotal:        4016004 kB
MemFree:          116600 kB
Active:           454868 kB
Mem:          3.8G       3.7G       113M       5.7M        25M       3.3G

MemTotal:        4016004 kB
MemFree:          131080 kB
Active:           491944 kB
Mem:          3.8G       3.7G       126M       5.7M        25M       3.3G

MemTotal:        4016004 kB
MemFree:          138464 kB
Active:           483796 kB
Mem:          3.8G       3.7G       134M       5.7M        25M       3.2G

MemTotal:        4016004 kB
MemFree:          129688 kB
Active:           480468 kB
Mem:          3.8G       3.7G       126M       5.7M        25M       3.3G

MemTotal:        4016004 kB
MemFree:          120704 kB
Active:           477012 kB
Mem:          3.8G       3.7G       117M       5.7M        25M       3.3G

MemTotal:        4016004 kB
MemFree:          122704 kB
Active:           465680 kB
Mem:          3.8G       3.7G       119M       5.7M        25M       3.3G

MemTotal:        4016004 kB
MemFree:          114844 kB
Active:           460204 kB
Mem:          3.8G       3.7G       111M       5.7M        25M       3.3G

MemTotal:        4016004 kB
MemFree:          128556 kB
Active:           454704 kB
Mem:          3.8G       3.7G       125M       5.7M        25M       3.3G

MemTotal:        4016004 kB
MemFree:          135440 kB
Active:           448688 kB
Mem:          3.8G       3.7G       133M       5.7M        25M       3.2G

MemTotal:        4016004 kB
MemFree:          128940 kB
Active:           444720 kB
Mem:          3.8G       3.7G       125M       5.7M        25M       3.3G

MemTotal:        4016004 kB
MemFree:          121376 kB
Active:           444744 kB
Mem:          3.8G       3.7G       118M       5.7M        25M       3.3G

MemTotal:        4016004 kB
MemFree:          120572 kB
Active:           444748 kB
Mem:          3.8G       3.7G       117M       5.7M        25M       3.3G

MemTotal:        4016004 kB
MemFree:          133472 kB
Active:           439576 kB
Mem:          3.8G       3.7G       129M       5.7M        25M       3.3G

MemTotal:        4016004 kB
MemFree:          123292 kB
Active:           438428 kB
Mem:          3.8G       3.7G       119M       5.7M        25M       3.3G

MemTotal:        4016004 kB
MemFree:          127412 kB
Active:           436776 kB
Mem:          3.8G       3.7G       123M       5.7M        25M       3.3G

MemTotal:        4016004 kB
MemFree:          118992 kB
Active:           435624 kB
Mem:          3.8G       3.7G       115M       5.7M        25M       3.3G

MemTotal:        4016004 kB
MemFree:          108480 kB
Active:           434472 kB
Mem:          3.8G       3.7G       105M       5.7M        25M       3.3G

MemTotal:        4016004 kB
MemFree:          124916 kB
Active:           432808 kB
Mem:          3.8G       3.7G       121M       5.7M        25M       3.3G

MemTotal:        4016004 kB
MemFree:          127424 kB
Active:           431144 kB
Mem:          3.8G       3.7G       124M       5.7M        25M       3.3G

MemTotal:        4016004 kB
MemFree:          105432 kB
Active:           429992 kB
Mem:          3.8G       3.7G       102M       5.7M        25M       3.3G

MemTotal:        4016004 kB
MemFree:          115340 kB
Active:           428336 kB
Mem:          3.8G       3.7G       112M       5.7M        25M       3.3G

MemTotal:        4016004 kB
MemFree:          107268 kB
Active:           427184 kB
Mem:          3.8G       3.7G       104M       5.7M        25M       3.3G

MemTotal:        4016004 kB
MemFree:          125460 kB
Active:           425264 kB
Mem:          3.8G       3.7G       122M       5.7M        25M       3.3G

MemTotal:        4016004 kB
MemFree:          109048 kB
Active:           425248 kB
Mem:          3.8G       3.7G       105M       5.7M        25M       3.3G

MemTotal:        4016004 kB
MemFree:          134928 kB
Active:           421032 kB
Mem:          3.8G       3.7G       131M       5.7M        25M       3.2G

MemTotal:        4016004 kB
MemFree:          125680 kB
Active:           420012 kB
Mem:          3.8G       3.7G       122M       5.7M        25M       3.3G

MemTotal:        4016004 kB
MemFree:          127480 kB
Active:           416056 kB
Mem:          3.8G       3.7G       123M       5.7M        25M       3.3G

MemTotal:        4016004 kB
MemFree:          126500 kB
Active:           414012 kB
Mem:          3.8G       3.7G       123M       5.7M        25M       3.3G

MemTotal:        4016004 kB
MemFree:          106508 kB
Active:           413372 kB
Mem:          3.8G       3.7G       103M       5.7M        25M       3.3G

MemTotal:        4016004 kB
MemFree:          129560 kB
Active:           409144 kB
Mem:          3.8G       3.7G       125M       5.7M        25M       3.3G

MemTotal:        4016004 kB
MemFree:          124824 kB
Active:           407756 kB
Mem:          3.8G       3.7G       121M       5.7M        25M       3.3G

MemTotal:        4016004 kB
MemFree:          106896 kB
Active:           406360 kB
Mem:          3.8G       3.7G       103M       5.7M        25M       3.3G

MemTotal:        4016004 kB
MemFree:          112164 kB
Active:           404440 kB
Mem:          3.8G       3.7G       109M       5.7M        25M       3.3G

MemTotal:        4016004 kB
MemFree:          128504 kB
Active:           402776 kB
Mem:          3.8G       3.7G       125M       5.7M        25M       3.3G

MemTotal:        4016004 kB
MemFree:          126240 kB
Active:           401112 kB
Mem:          3.8G       3.7G       123M       5.7M        25M       3.3G

MemTotal:        4016004 kB
MemFree:          106500 kB
Active:           400332 kB
Mem:          3.8G       3.7G       103M       5.7M        25M       3.3G

MemTotal:        4016004 kB
MemFree:          134700 kB
Active:           396044 kB
Mem:          3.8G       3.7G       131M       5.7M        25M       3.2G

MemTotal:        4016004 kB
MemFree:          126884 kB
Active:           394728 kB
Mem:          3.8G       3.7G       125M       5.7M        25M       3.3G

MemTotal:        4016004 kB
MemFree:          130200 kB
Active:           393100 kB
Mem:          3.8G       3.7G       126M       5.7M        25M       3.3G

MemTotal:        4016004 kB
MemFree:          136688 kB
Active:           391308 kB
Mem:          3.8G       3.7G       133M       5.7M        25M       3.2G

MemTotal:        4016004 kB
MemFree:          128904 kB
Active:           390040 kB
Mem:          3.8G       3.7G       125M       5.7M        25M       3.3G

MemTotal:        4016004 kB
MemFree:          109416 kB
Active:           389276 kB
Mem:          3.8G       3.7G       106M       5.7M        25M       3.3G

MemTotal:        4016004 kB
MemFree:          105756 kB
Active:           388636 kB
Mem:          3.8G       3.7G       103M       5.7M        25M       3.3G

MemTotal:        4016004 kB
MemFree:          108172 kB
Active:           386728 kB
Mem:          3.8G       3.7G       105M       5.7M        25M       3.3G

MemTotal:        4016004 kB
MemFree:          114564 kB
Active:           384812 kB
Mem:          3.8G       3.7G       112M       5.7M        25M       3.3G

MemTotal:        4016004 kB
MemFree:          107568 kB
Active:           383664 kB
Mem:          3.8G       3.7G       104M       5.7M        25M       3.3G

MemTotal:        4016004 kB
MemFree:          128108 kB
Active:           381744 kB
Mem:          3.8G       3.7G       124M       5.7M        25M       3.3G

MemTotal:        4016004 kB
MemFree:          110496 kB
Active:           381364 kB
Mem:          3.8G       3.7G       107M       5.7M        25M       3.3G

MemTotal:        4016004 kB
MemFree:          127692 kB
Active:           379708 kB
Mem:          3.8G       3.7G       124M       5.7M        25M       3.3G

MemTotal:        4016004 kB
MemFree:          118848 kB
Active:           378560 kB
Mem:          3.8G       3.7G       115M       5.7M        25M       3.3G

MemTotal:        4016004 kB
MemFree:          110784 kB
Active:           377284 kB
Mem:          3.8G       3.7G       107M       5.7M        25M       3.3G

MemTotal:        4016004 kB
MemFree:          113696 kB
Active:           375620 kB
Mem:          3.8G       3.7G       110M       5.7M        25M       3.3G

MemTotal:        4016004 kB
MemFree:          121016 kB
Active:           373700 kB
Mem:          3.8G       3.7G       117M       5.7M        25M       3.3G

MemTotal:        4016004 kB
MemFree:          111608 kB
Active:           372812 kB
Mem:          3.8G       3.7G       109M       5.7M        25M       3.3G

MemTotal:        4016004 kB
MemFree:          128532 kB
Active:           372824 kB
Mem:          3.8G       3.7G       125M       5.7M        25M       3.3G

MemTotal:        4016004 kB
MemFree:          114964 kB
Active:           372792 kB
Mem:          3.8G       3.7G       112M       5.7M        25M       3.3G

MemTotal:        4016004 kB
MemFree:          106836 kB
Active:           372836 kB
Mem:          3.8G       3.7G       104M       5.7M        25M       3.3G

MemTotal:        4016004 kB
MemFree:          134812 kB
Active:           372820 kB
Mem:          3.8G       3.7G       131M       5.7M        25M       3.2G

MemTotal:        4016004 kB
MemFree:          118168 kB
Active:           372788 kB
Mem:          3.8G       3.7G       115M       5.7M        25M       3.3G

MemTotal:        4016004 kB
MemFree:          108592 kB
Active:           372856 kB
Mem:          3.8G       3.7G       106M       5.7M        25M       3.3G

MemTotal:        4016004 kB
MemFree:          125004 kB
Active:           372860 kB
Mem:          3.8G       3.7G       121M       5.7M        25M       3.3G

MemTotal:        4016004 kB
MemFree:          127504 kB
Active:           372744 kB
Mem:          3.8G       3.7G       124M       5.7M        25M       3.3G

MemTotal:        4016004 kB
MemFree:          127536 kB
Active:           372752 kB
Mem:          3.8G       3.7G       124M       5.7M        25M       3.3G

MemTotal:        4016004 kB
MemFree:          123580 kB
Active:           372752 kB
Mem:          3.8G       3.7G       120M       5.7M        25M       3.3G

MemTotal:        4016004 kB
MemFree:          126420 kB
Active:           372764 kB
Mem:          3.8G       3.7G       123M       5.7M        25M       3.3G

MemTotal:        4016004 kB
MemFree:          122220 kB
Active:           372764 kB
Mem:          3.8G       3.7G       119M       5.7M        25M       3.3G

MemTotal:        4016004 kB
MemFree:          126628 kB
Active:           372764 kB
Mem:          3.8G       3.7G       123M       5.7M        25M       3.3G

MemTotal:        4016004 kB
MemFree:          123712 kB
Active:           372772 kB
Mem:          3.8G       3.7G       120M       5.7M        25M       3.3G

MemTotal:        4016004 kB
MemFree:          107428 kB
Active:           372648 kB
Mem:          3.8G       3.7G       104M       5.7M        25M       3.3G

MemTotal:        4016004 kB
MemFree:          124228 kB
Active:           372664 kB
Mem:          3.8G       3.7G       121M       5.7M        25M       3.3G

MemTotal:        4016004 kB
MemFree:          115716 kB
Active:           372628 kB
Mem:          3.8G       3.7G       112M       5.7M        25M       3.3G

MemTotal:        4016004 kB
MemFree:          107900 kB
Active:           372672 kB
Mem:          3.8G       3.7G       105M       5.7M        25M       3.3G

MemTotal:        4016004 kB
MemFree:          113484 kB
Active:           372676 kB
Mem:          3.8G       3.7G       110M       5.7M        25M       3.3G

MemTotal:        4016004 kB
MemFree:          119360 kB
Active:           372676 kB
Mem:          3.8G       3.7G       116M       5.7M        25M       3.3G

MemTotal:        4016004 kB
MemFree:          110944 kB
Active:           372680 kB
Mem:          3.8G       3.7G       107M       5.7M        25M       3.3G

MemTotal:        4016004 kB
MemFree:          126568 kB
Active:           372684 kB
Mem:          3.8G       3.7G       123M       5.7M        25M       3.3G

MemTotal:        4016004 kB
MemFree:          128264 kB
Active:           372644 kB
Mem:          3.8G       3.7G       125M       5.7M        25M       3.3G

MemTotal:        4016004 kB
MemFree:          106256 kB
Active:           372688 kB
Mem:          3.8G       3.7G       103M       5.7M        25M       3.3G

MemTotal:        4016004 kB
MemFree:          127316 kB
Active:           372688 kB
Mem:          3.8G       3.7G       124M       5.7M        25M       3.3G

MemTotal:        4016004 kB
MemFree:          108808 kB
Active:           372644 kB
Mem:          3.8G       3.7G       105M       5.7M        25M       3.3G

MemTotal:        4016004 kB
MemFree:          124028 kB
Active:           372720 kB
Mem:          3.8G       3.7G       120M       5.7M        25M       3.3G

MemTotal:        4016004 kB
MemFree:          116600 kB
Active:           372672 kB
Mem:          3.8G       3.7G       113M       5.7M        25M       3.3G

MemTotal:        4016004 kB
MemFree:          107024 kB
Active:           372680 kB
Mem:          3.8G       3.7G       104M       5.7M        25M       3.3G

MemTotal:        4016004 kB
MemFree:          118776 kB
Active:           372724 kB
Mem:          3.8G       3.7G       115M       5.7M        25M       3.3G

MemTotal:        4016004 kB
MemFree:          108760 kB
Active:           372716 kB
Mem:          3.8G       3.7G       105M       5.7M        25M       3.3G

MemTotal:        4016004 kB
MemFree:          123280 kB
Active:           372748 kB
Mem:          3.8G       3.7G       119M       5.7M        25M       3.3G

MemTotal:        4016004 kB
MemFree:          108428 kB
Active:           372748 kB
Mem:          3.8G       3.7G       105M       5.7M        25M       3.3G

MemTotal:        4016004 kB
MemFree:          129224 kB
Active:           372704 kB
Mem:          3.8G       3.7G       125M       5.7M        25M       3.3G

MemTotal:        4016004 kB
MemFree:          114684 kB
Active:           372748 kB
Mem:          3.8G       3.7G       111M       5.7M        25M       3.3G

MemTotal:        4016004 kB
MemFree:          105824 kB
Active:           372748 kB
Mem:          3.8G       3.7G       102M       5.7M        25M       3.3G

MemTotal:        4016004 kB
MemFree:          122708 kB
Active:           372620 kB
Mem:          3.8G       3.7G       119M       5.7M        25M       3.3G

MemTotal:        4016004 kB
MemFree:          132456 kB
Active:           372632 kB
Mem:          3.8G       3.7G       129M       5.7M        25M       3.2G

MemTotal:        4016004 kB
MemFree:          129424 kB
Active:           372640 kB
Mem:          3.8G       3.7G       126M       5.7M        25M       3.2G

MemTotal:        4016004 kB
MemFree:          141832 kB
Active:           372640 kB
Mem:          3.8G       3.7G       138M       5.7M        25M       3.2G

MemTotal:        4016004 kB
MemFree:          134696 kB
Active:           372640 kB
Mem:          3.8G       3.7G       131M       5.7M        25M       3.2G

MemTotal:        4016004 kB
MemFree:          126064 kB
Active:           372632 kB
Mem:          3.8G       3.7G       122M       5.7M        25M       3.3G

MemTotal:        4016004 kB
MemFree:          130104 kB
Active:           372652 kB
Mem:          3.8G       3.7G       126M       5.7M        25M       3.2G

MemTotal:        4016004 kB
MemFree:          134100 kB
Active:           372652 kB
Mem:          3.8G       3.7G       130M       5.7M        25M       3.2G

MemTotal:        4016004 kB
MemFree:          137428 kB
Active:           372596 kB
Mem:          3.8G       3.7G       133M       5.7M        25M       3.2G

MemTotal:        4016004 kB
MemFree:          129828 kB
Active:           372660 kB
Mem:          3.8G       3.7G       126M       5.7M        25M       3.2G

MemTotal:        4016004 kB
MemFree:          121532 kB
Active:           372652 kB
Mem:          3.8G       3.7G       118M       5.7M        25M       3.3G

MemTotal:        4016004 kB
MemFree:          128280 kB
Active:           365472 kB
Mem:          3.8G       3.7G       125M       5.7M        25M       3.3G

MemTotal:        4016004 kB
MemFree:          120780 kB
Active:           365496 kB
Mem:          3.8G       3.7G       117M       5.7M        25M       3.3G

MemTotal:        4016004 kB
MemFree:          135928 kB
Active:           365512 kB
Mem:          3.8G       3.7G       132M       5.7M        25M       3.2G

MemTotal:        4016004 kB
MemFree:          135000 kB
Active:           365524 kB
Mem:          3.8G       3.7G       131M       5.7M        25M       3.2G

MemTotal:        4016004 kB
MemFree:          138656 kB
Active:           365532 kB
Mem:          3.8G       3.7G       135M       5.7M        25M       3.2G

MemTotal:        4016004 kB
MemFree:          142564 kB
Active:           365532 kB
Mem:          3.8G       3.7G       139M       5.7M        25M       3.2G

MemTotal:        4016004 kB
MemFree:          125860 kB
Active:           365532 kB
Mem:          3.8G       3.7G       122M       5.7M        25M       3.3G

MemTotal:        4016004 kB
MemFree:          123948 kB
Active:           365532 kB
Mem:          3.8G       3.7G       120M       5.7M        25M       3.3G

MemTotal:        4016004 kB
MemFree:          106352 kB
Active:           365536 kB
Mem:          3.8G       3.7G       103M       5.7M        25M       3.3G

MemTotal:        4016004 kB
MemFree:          128240 kB
Active:           365544 kB
Mem:          3.8G       3.7G       125M       5.7M        25M       3.2G

MemTotal:        4016004 kB
MemFree:          114016 kB
Active:           365544 kB
Mem:          3.8G       3.7G       110M       5.7M        25M       3.3G

MemTotal:        4016004 kB
MemFree:          114464 kB
Active:           365084 kB
Mem:          3.8G       3.7G       111M       5.7M        25M       3.3G

MemTotal:        4016004 kB
MemFree:          118808 kB
Active:           365108 kB
Mem:          3.8G       3.7G       116M       5.7M        25M       3.3G

MemTotal:        4016004 kB
MemFree:          111112 kB
Active:           365116 kB
Mem:          3.8G       3.7G       108M       5.7M        25M       3.3G

MemTotal:        4016004 kB
MemFree:          104900 kB
Active:           365116 kB
Mem:          3.8G       3.7G       107M       5.7M        25M       3.3G

MemTotal:        4016004 kB
MemFree:          113672 kB
Active:           364960 kB
Mem:          3.8G       3.7G       110M       5.7M        25M       3.3G

MemTotal:        4016004 kB
MemFree:          124792 kB
Active:           365008 kB
Mem:          3.8G       3.7G       124M       5.7M        25M       3.2G

MemTotal:        4016004 kB
MemFree:          125444 kB
Active:           365012 kB
Mem:          3.8G       3.7G       122M       5.7M        25M       3.3G

MemTotal:        4016004 kB
MemFree:          107856 kB
Active:           365016 kB
Mem:          3.8G       3.7G       105M       5.7M        25M       3.3G

MemTotal:        4016004 kB
MemFree:          124912 kB
Active:           365020 kB
Mem:          3.8G       3.7G       121M       5.7M        25M       3.3G

MemTotal:        4016004 kB
MemFree:          126072 kB
Active:           362820 kB
Mem:          3.8G       3.7G       122M       5.7M        25M       3.3G

MemTotal:        4016004 kB
MemFree:          133828 kB
Active:           362696 kB
Mem:          3.8G       3.7G       130M       5.7M        25M       3.2G

MemTotal:        4016004 kB
MemFree:          126612 kB
Active:           362704 kB
Mem:          3.8G       3.7G       123M       5.7M        25M       3.3G

MemTotal:        4016004 kB
MemFree:          119224 kB
Active:           362712 kB
Mem:          3.8G       3.7G       115M       5.7M        25M       3.3G

MemTotal:        4016004 kB
MemFree:          132936 kB
Active:           362712 kB
Mem:          3.8G       3.7G       129M       5.7M        25M       3.2G

MemTotal:        4016004 kB
MemFree:          127724 kB
Active:           362724 kB
Mem:          3.8G       3.7G       124M       5.7M        25M       3.2G

MemTotal:        4016004 kB
MemFree:          110696 kB
Active:           362724 kB
Mem:          3.8G       3.7G       107M       5.7M        25M       3.3G

MemTotal:        4016004 kB
MemFree:          114696 kB
Active:           362680 kB
Mem:          3.8G       3.7G       112M       5.7M        25M       3.3G

MemTotal:        4016004 kB
MemFree:          105636 kB
Active:           362744 kB
Mem:          3.8G       3.7G       102M       5.7M        25M       3.3G

MemTotal:        4016004 kB
MemFree:          111736 kB
Active:           362748 kB
Mem:          3.8G       3.7G       108M       5.7M        25M       3.3G

MemTotal:        4016004 kB
MemFree:          128444 kB
Active:           362748 kB
Mem:          3.8G       3.7G       124M       5.7M        25M       3.2G

MemTotal:        4016004 kB
MemFree:          124108 kB
Active:           362752 kB
Mem:          3.8G       3.7G       120M       5.7M        25M       3.3G

MemTotal:        4016004 kB
MemFree:          110364 kB
Active:           358104 kB
Mem:          3.8G       3.7G       107M       5.7M        25M       3.3G

MemTotal:        4016004 kB
MemFree:          125504 kB
Active:           357888 kB
Mem:          3.8G       3.7G       122M       5.7M        25M       3.3G

MemTotal:        4016004 kB
MemFree:          110276 kB
Active:           357888 kB
Mem:          3.8G       3.7G       107M       5.7M        25M       3.3G

MemTotal:        4016004 kB
MemFree:          126492 kB
Active:           357888 kB
Mem:          3.8G       3.7G       122M       5.7M        25M       3.2G

MemTotal:        4016004 kB
MemFree:          122404 kB
Active:           357892 kB
Mem:          3.8G       3.7G       119M       5.7M        25M       3.3G

MemTotal:        4016004 kB
MemFree:          129228 kB
Active:           357880 kB
Mem:          3.8G       3.7G       125M       5.7M        25M       3.2G

MemTotal:        4016004 kB
MemFree:          127420 kB
Active:           357884 kB
Mem:          3.8G       3.7G       123M       5.7M        25M       3.2G

MemTotal:        4016004 kB
MemFree:          127264 kB
Active:           357924 kB
Mem:          3.8G       3.7G       123M       5.7M        25M       3.2G

MemTotal:        4016004 kB
MemFree:          106616 kB
Active:           357884 kB
Mem:          3.8G       3.7G       104M       5.7M        25M       3.3G

MemTotal:        4016004 kB
MemFree:          135352 kB
Active:           357920 kB
Mem:          3.8G       3.7G       131M       5.7M        25M       3.2G

MemTotal:        4016004 kB
MemFree:          125188 kB
Active:           357924 kB
Mem:          3.8G       3.7G       122M       5.7M        25M       3.2G

MemTotal:        4016004 kB
MemFree:          127736 kB
Active:           357932 kB
Mem:          3.8G       3.7G       124M       5.7M        25M       3.2G

MemTotal:        4016004 kB
MemFree:          134120 kB
Active:           354372 kB
Mem:          3.8G       3.7G       131M       5.7M        25M       3.2G

MemTotal:        4016004 kB
MemFree:          127328 kB
Active:           354372 kB
Mem:          3.8G       3.7G       124M       5.7M        25M       3.2G

MemTotal:        4016004 kB
MemFree:          118552 kB
Active:           354372 kB
Mem:          3.8G       3.7G       115M       5.7M        25M       3.3G

MemTotal:        4016004 kB
MemFree:          124412 kB
Active:           354372 kB
Mem:          3.8G       3.7G       121M       5.7M        25M       3.3G

MemTotal:        4016004 kB
MemFree:          104924 kB
Active:           354380 kB
Mem:          3.8G       3.7G       112M       5.7M        25M       3.3G

MemTotal:        4016004 kB
MemFree:          121596 kB
Active:           354384 kB
Mem:          3.8G       3.7G       118M       5.7M        25M       3.3G

MemTotal:        4016004 kB
MemFree:          129704 kB
Active:           354400 kB
Mem:          3.8G       3.7G       126M       5.7M        25M       3.2G

MemTotal:        4016004 kB
MemFree:          132864 kB
Active:           354380 kB
Mem:          3.8G       3.7G       129M       5.7M        25M       3.2G

MemTotal:        4016004 kB
MemFree:          125180 kB
Active:           354400 kB
Mem:          3.8G       3.7G       122M       5.7M        25M       3.2G

MemTotal:        4016004 kB
MemFree:          115460 kB
Active:           354408 kB
Mem:          3.8G       3.7G       112M       5.7M        25M       3.3G

MemTotal:        4016004 kB
MemFree:          104808 kB
Active:           354408 kB
Mem:          3.8G       3.7G       102M       5.7M        25M       3.3G

MemTotal:        4016004 kB
MemFree:          113764 kB
Active:           354396 kB
Mem:          3.8G       3.7G       110M       5.7M        25M       3.3G

MemTotal:        4016004 kB
MemFree:          104740 kB
Active:           354400 kB
Mem:          3.8G       3.7G       102M       5.7M        25M       3.3G

MemTotal:        4016004 kB
MemFree:          134452 kB
Active:           353044 kB
Mem:          3.8G       3.7G       130M       5.7M        25M       3.2G

MemTotal:        4016004 kB
MemFree:          134160 kB
Active:           353056 kB
Mem:          3.8G       3.7G       130M       5.7M        25M       3.2G

MemTotal:        4016004 kB
MemFree:          106012 kB
Active:           353056 kB
Mem:          3.8G       3.7G       103M       5.7M        25M       3.3G

MemTotal:        4016004 kB
MemFree:          105252 kB
Active:           353036 kB
Mem:          3.8G       3.7G       102M       5.7M        25M       3.3G

MemTotal:        4016004 kB
MemFree:          125080 kB
Active:           353072 kB
Mem:          3.8G       3.7G       121M       5.7M        25M       3.2G

MemTotal:        4016004 kB
MemFree:          128404 kB
Active:           353076 kB
Mem:          3.8G       3.7G       124M       5.7M        25M       3.2G

MemTotal:        4016004 kB
MemFree:          131976 kB
Active:           353044 kB
Mem:          3.8G       3.7G       128M       5.7M        25M       3.2G

MemTotal:        4016004 kB
MemFree:          140056 kB
Active:           353084 kB
Mem:          3.8G       3.7G       136M       5.7M        25M       3.2G

MemTotal:        4016004 kB
MemFree:          132812 kB
Active:           353088 kB
Mem:          3.8G       3.7G       129M       5.7M        25M       3.2G

MemTotal:        4016004 kB
MemFree:          124056 kB
Active:           353088 kB
Mem:          3.8G       3.7G       120M       5.7M        25M       3.2G

MemTotal:        4016004 kB
MemFree:          128048 kB
Active:           353088 kB
Mem:          3.8G       3.7G       124M       5.7M        25M       3.2G

MemTotal:        4016004 kB
MemFree:          132200 kB
Active:           353096 kB
Mem:          3.8G       3.7G       128M       5.7M        25M       3.2G

MemTotal:        4016004 kB
MemFree:          133696 kB
Active:           353096 kB
Mem:          3.8G       3.7G       130M       5.7M        25M       3.2G

MemTotal:        4016004 kB
MemFree:          127668 kB
Active:           353048 kB
Mem:          3.8G       3.7G       124M       5.7M        25M       3.2G

MemTotal:        4016004 kB
MemFree:          123308 kB
Active:           349968 kB
Mem:          3.8G       3.7G       120M       5.7M        25M       3.2G

MemTotal:        4016004 kB
MemFree:          106760 kB
Active:           349856 kB
Mem:          3.8G       3.7G       104M       5.7M        25M       3.3G

MemTotal:        4016004 kB
MemFree:          106544 kB
Active:           349864 kB
Mem:          3.8G       3.7G       103M       5.7M        25M       3.3G

MemTotal:        4016004 kB
MemFree:          106976 kB
Active:           349816 kB
Mem:          3.8G       3.7G       104M       5.7M        25M       3.3G

MemTotal:        4016004 kB
MemFree:          104980 kB
Active:           349876 kB
Mem:          3.8G       3.7G       102M       5.7M        25M       3.3G

MemTotal:        4016004 kB
MemFree:          107132 kB
Active:           349876 kB
Mem:          3.8G       3.7G       104M       5.7M        25M       3.3G

MemTotal:        4016004 kB
MemFree:          126372 kB
Active:           349880 kB
Mem:          3.8G       3.7G       122M       5.7M        25M       3.2G

MemTotal:        4016004 kB
MemFree:          118716 kB
Active:           349888 kB
Mem:          3.8G       3.7G       116M       5.7M        25M       3.3G

MemTotal:        4016004 kB
MemFree:          122644 kB
Active:           349900 kB
Mem:          3.8G       3.7G       119M       5.7M        25M       3.2G

MemTotal:        4016004 kB
MemFree:          113856 kB
Active:           349900 kB
Mem:          3.8G       3.7G       110M       5.7M        25M       3.3G

MemTotal:        4016004 kB
MemFree:          106984 kB
Active:           349900 kB
Mem:          3.8G       3.7G       104M       5.7M        25M       3.3G

MemTotal:        4016004 kB
MemFree:          116512 kB
Active:           349900 kB
Mem:          3.8G       3.7G       113M       5.7M        25M       3.3G

MemTotal:        4016004 kB
MemFree:          125300 kB
Active:           349900 kB
Mem:          3.8G       3.7G       122M       5.7M        25M       3.2G

MemTotal:        4016004 kB
MemFree:          107568 kB
Active:           349868 kB
Mem:          3.8G       3.7G       104M       5.7M        25M       3.3G

MemTotal:        4016004 kB
MemFree:          128172 kB
Active:           349908 kB
Mem:          3.8G       3.7G       124M       5.7M        25M       3.2G

MemTotal:        4016004 kB
MemFree:          124684 kB
Active:           349924 kB
Mem:          3.8G       3.7G       121M       5.7M        25M       3.2G

MemTotal:        4016004 kB
MemFree:          121900 kB
Active:           349936 kB
Mem:          3.8G       3.7G       118M       5.7M        25M       3.2G

MemTotal:        4016004 kB
MemFree:          105680 kB
Active:           349936 kB
Mem:          3.8G       3.7G       102M       5.7M        25M       3.3G

MemTotal:        4016004 kB
MemFree:          134936 kB
Active:           349940 kB
Mem:          3.8G       3.7G       131M       5.7M        25M       3.2G

MemTotal:        4016004 kB
MemFree:          139204 kB
Active:           349648 kB
Mem:          3.8G       3.7G       135M       5.7M        25M       3.2G

MemTotal:        4016004 kB
MemFree:          131048 kB
Active:           349492 kB
Mem:          3.8G       3.7G       127M       5.7M        25M       3.2G

MemTotal:        4016004 kB
MemFree:          111096 kB
Active:           349496 kB
Mem:          3.8G       3.7G       107M       5.7M        25M       3.3G

MemTotal:        4016004 kB
MemFree:          114720 kB
Active:           349496 kB
Mem:          3.8G       3.7G       112M       5.7M        25M       3.3G

MemTotal:        4016004 kB
MemFree:          121040 kB
Active:           349504 kB
Mem:          3.8G       3.7G       125M       5.7M        25M       3.2G

MemTotal:        4016004 kB
MemFree:          127156 kB
Active:           349504 kB
Mem:          3.8G       3.7G       124M       5.7M        25M       3.2G

MemTotal:        4016004 kB
MemFree:          110124 kB
Active:           349504 kB
Mem:          3.8G       3.7G       107M       5.7M        25M       3.3G

MemTotal:        4016004 kB
MemFree:          128000 kB
Active:           349504 kB
Mem:          3.8G       3.7G       125M       5.7M        25M       3.2G

MemTotal:        4016004 kB
MemFree:          120928 kB
Active:           349504 kB
Mem:          3.8G       3.7G       118M       5.7M        25M       3.2G

MemTotal:        4016004 kB
MemFree:          125720 kB
Active:           349520 kB
Mem:          3.8G       3.7G       121M       5.7M        25M       3.2G

MemTotal:        4016004 kB
MemFree:          112316 kB
Active:           349396 kB
Mem:          3.8G       3.7G       109M       5.7M        25M       3.3G

MemTotal:        4016004 kB
MemFree:          112304 kB
Active:           349280 kB
Mem:          3.8G       3.7G       109M       5.7M        26M       3.3G

MemTotal:        4016004 kB
MemFree:          112400 kB
Active:           349264 kB
Mem:          3.8G       3.7G       109M       5.7M        26M       3.3G

MemTotal:        4016004 kB
MemFree:          112152 kB
Active:           349304 kB
Mem:          3.8G       3.7G       109M       5.7M        26M       3.3G

MemTotal:        4016004 kB
MemFree:          111904 kB
Active:           349284 kB
Mem:          3.8G       3.7G       109M       5.7M        26M       3.3G

MemTotal:        4016004 kB
MemFree:          111532 kB
Active:           349316 kB
Mem:          3.8G       3.7G       108M       5.7M        26M       3.3G

MemTotal:        4016004 kB
MemFree:          112028 kB
Active:           349292 kB
Mem:          3.8G       3.7G       109M       5.7M        26M       3.3G

MemTotal:        4016004 kB
MemFree:          111532 kB
Active:           349316 kB
Mem:          3.8G       3.7G       109M       5.7M        26M       3.3G

MemTotal:        4016004 kB
MemFree:          111904 kB
Active:           349284 kB
Mem:          3.8G       3.7G       109M       5.7M        26M       3.3G

MemTotal:        4016004 kB
MemFree:          111904 kB
Active:           349304 kB
Mem:          3.8G       3.7G       109M       5.7M        26M       3.3G

MemTotal:        4016004 kB
MemFree:          111532 kB
Active:           349316 kB
Mem:          3.8G       3.7G       108M       5.7M        26M       3.3G

MemTotal:        4016004 kB
MemFree:          111532 kB
Active:           349324 kB
Mem:          3.8G       3.7G       108M       5.7M        26M       3.3G

MemTotal:        4016004 kB
MemFree:          111408 kB
Active:           349324 kB
Mem:          3.8G       3.7G       108M       5.7M        26M       3.3G

MemTotal:        4016004 kB
MemFree:          111904 kB
Active:           349296 kB
Mem:          3.8G       3.7G       109M       5.7M        26M       3.3G

MemTotal:        4016004 kB
MemFree:          111532 kB
Active:           349332 kB
Mem:          3.8G       3.7G       108M       5.7M        26M       3.3G

MemTotal:        4016004 kB
MemFree:          111532 kB
Active:           349332 kB
Mem:          3.8G       3.7G       108M       5.7M        26M       3.3G

MemTotal:        4016004 kB
MemFree:          111532 kB
Active:           349332 kB
Mem:          3.8G       3.7G       108M       5.7M        26M       3.3G

MemTotal:        4016004 kB
MemFree:          111904 kB
Active:           349328 kB
Mem:          3.8G       3.7G       109M       5.7M        26M       3.3G

MemTotal:        4016004 kB
MemFree:          111780 kB
Active:           349336 kB
Mem:          3.8G       3.7G       109M       5.7M        26M       3.3G

MemTotal:        4016004 kB
MemFree:          111780 kB
Active:           349312 kB
Mem:          3.8G       3.7G       109M       5.7M        26M       3.3G

MemTotal:        4016004 kB
MemFree:          111780 kB
Active:           349292 kB
Mem:          3.8G       3.7G       109M       5.7M        26M       3.3G

MemTotal:        4016004 kB
MemFree:          111780 kB
Active:           349304 kB
Mem:          3.8G       3.7G       108M       5.7M        26M       3.3G

MemTotal:        4016004 kB
MemFree:          111408 kB
Active:           349352 kB
Mem:          3.8G       3.7G       108M       5.7M        26M       3.3G

MemTotal:        4016004 kB
MemFree:          111904 kB
Active:           349328 kB
Mem:          3.8G       3.7G       109M       5.7M        26M       3.3G

MemTotal:        4016004 kB
MemFree:          111904 kB
Active:           349296 kB
Mem:          3.8G       3.7G       109M       5.7M        26M       3.3G

MemTotal:        4016004 kB
MemFree:          111904 kB
Active:           349344 kB
Mem:          3.8G       3.7G       109M       5.7M        26M       3.3G

MemTotal:        4016004 kB
MemFree:          111532 kB
Active:           349360 kB
Mem:          3.8G       3.7G       108M       5.7M        26M       3.3G

MemTotal:        4016004 kB
MemFree:          111780 kB
Active:           349340 kB
Mem:          3.8G       3.7G       109M       5.7M        26M       3.3G

MemTotal:        4016004 kB
MemFree:          111688 kB
Active:           349364 kB
Mem:          3.8G       3.7G       109M       5.7M        26M       3.3G

MemTotal:        4016004 kB
MemFree:          111844 kB
Active:           349332 kB
Mem:          3.8G       3.7G       109M       5.7M        26M       3.3G

MemTotal:        4016004 kB
MemFree:          111844 kB
Active:           349356 kB
Mem:          3.8G       3.7G       109M       5.7M        26M       3.3G

MemTotal:        4016004 kB
MemFree:          111348 kB
Active:           349380 kB
Mem:          3.8G       3.7G       109M       5.7M        26M       3.3G

MemTotal:        4016004 kB
MemFree:          111844 kB
Active:           349352 kB
Mem:          3.8G       3.7G       108M       5.7M        26M       3.3G

MemTotal:        4016004 kB
MemFree:          111596 kB
Active:           349388 kB
Mem:          3.8G       3.7G       108M       5.7M        26M       3.3G

MemTotal:        4016004 kB
MemFree:          111472 kB
Active:           349396 kB
Mem:          3.8G       3.7G       109M       5.7M        26M       3.3G

MemTotal:        4016004 kB
MemFree:          111720 kB
Active:           349384 kB
Mem:          3.8G       3.7G       109M       5.7M        26M       3.3G

MemTotal:        4016004 kB
MemFree:          111844 kB
Active:           349392 kB
Mem:          3.8G       3.7G       109M       5.7M        26M       3.3G

MemTotal:        4016004 kB
MemFree:          111596 kB
Active:           349396 kB
Mem:          3.8G       3.7G       109M       5.7M        26M       3.3G

MemTotal:        4016004 kB
MemFree:          111968 kB
Active:           349360 kB
