MemTotal:        4016004 kB
MemFree:         3235308 kB
Active:           423888 kB
Mem:          3.8G       762M       3.1G       5.7M        55M       319M

MemTotal:        4016004 kB
MemFree:         3236044 kB
Active:           423692 kB
Mem:          3.8G       761M       3.1G       5.7M        55M       319M

MemTotal:        4016004 kB
MemFree:         3235920 kB
Active:           423768 kB
Mem:          3.8G       761M       3.1G       5.7M        55M       319M

MemTotal:        4016004 kB
MemFree:         3236308 kB
Active:           423712 kB
Mem:          3.8G       761M       3.1G       5.7M        55M       319M

MemTotal:        4016004 kB
MemFree:         3236292 kB
Active:           423768 kB
Mem:          3.8G       761M       3.1G       5.7M        55M       319M

MemTotal:        4016004 kB
MemFree:         3236524 kB
Active:           423768 kB
Mem:          3.8G       761M       3.1G       5.7M        55M       319M

MemTotal:        4016004 kB
MemFree:         3234644 kB
Active:           423760 kB
Mem:          3.8G       763M       3.1G       5.7M        55M       319M

MemTotal:        4016004 kB
MemFree:         3234628 kB
Active:           425768 kB
Mem:          3.8G       763M       3.1G       5.7M        55M       319M

MemTotal:        4016004 kB
MemFree:         3234612 kB
Active:           425784 kB
Mem:          3.8G       763M       3.1G       5.7M        55M       319M

MemTotal:        4016004 kB
MemFree:         3234472 kB
Active:           425744 kB
Mem:          3.8G       763M       3.1G       5.7M        55M       319M

MemTotal:        4016004 kB
MemFree:         3234580 kB
Active:           425748 kB
Mem:          3.8G       763M       3.1G       5.7M        55M       319M

MemTotal:        4016004 kB
MemFree:         3234440 kB
Active:           425764 kB
Mem:          3.8G       763M       3.1G       5.7M        55M       319M

MemTotal:        4016004 kB
MemFree:         3234548 kB
Active:           425768 kB
Mem:          3.8G       763M       3.1G       5.7M        55M       319M

MemTotal:        4016004 kB
MemFree:         3234284 kB
Active:           425800 kB
Mem:          3.8G       763M       3.1G       5.7M        55M       319M

MemTotal:        4016004 kB
MemFree:         3234516 kB
Active:           425748 kB
Mem:          3.8G       763M       3.1G       5.7M        55M       319M

MemTotal:        4016004 kB
MemFree:         3234128 kB
Active:           425804 kB
Mem:          3.8G       763M       3.1G       5.7M        55M       319M

MemTotal:        4016004 kB
MemFree:         3234032 kB
Active:           424024 kB
Mem:          3.8G       763M       3.1G       5.7M        55M       319M

MemTotal:        4016004 kB
MemFree:         3233536 kB
Active:           425912 kB
Mem:          3.8G       764M       3.1G       5.7M        55M       319M

MemTotal:        4016004 kB
MemFree:         3234280 kB
Active:           425896 kB
Mem:          3.8G       763M       3.1G       5.7M        55M       319M

MemTotal:        4016004 kB
MemFree:         3234280 kB
Active:           425896 kB
Mem:          3.8G       763M       3.1G       5.7M        55M       319M

MemTotal:        4016004 kB
MemFree:         3234280 kB
Active:           425888 kB
Mem:          3.8G       763M       3.1G       5.7M        55M       319M

MemTotal:        4016004 kB
MemFree:         3234280 kB
Active:           425880 kB
Mem:          3.8G       763M       3.1G       5.7M        55M       319M

MemTotal:        4016004 kB
MemFree:         3234032 kB
Active:           425880 kB
Mem:          3.8G       763M       3.1G       5.7M        55M       319M

MemTotal:        4016004 kB
MemFree:         3233660 kB
Active:           425924 kB
Mem:          3.8G       763M       3.1G       5.7M        55M       319M

MemTotal:        4016004 kB
MemFree:         3233784 kB
Active:           425924 kB
Mem:          3.8G       763M       3.1G       5.7M        55M       319M

MemTotal:        4016004 kB
MemFree:         3234016 kB
Active:           425912 kB
Mem:          3.8G       763M       3.1G       5.7M        55M       319M

MemTotal:        4016004 kB
MemFree:         3233628 kB
Active:           423924 kB
Mem:          3.8G       763M       3.1G       5.7M        55M       319M

MemTotal:        4016004 kB
MemFree:         3233792 kB
Active:           425924 kB
Mem:          3.8G       763M       3.1G       5.7M        55M       319M

MemTotal:        4016004 kB
MemFree:         3234040 kB
Active:           425920 kB
Mem:          3.8G       763M       3.1G       5.7M        55M       319M

MemTotal:        4016004 kB
MemFree:         3234540 kB
Active:           425872 kB
Mem:          3.8G       763M       3.1G       5.7M        55M       319M

MemTotal:        4016004 kB
MemFree:         3234044 kB
Active:           425912 kB
Mem:          3.8G       763M       3.1G       5.7M        55M       319M

MemTotal:        4016004 kB
MemFree:         3234044 kB
Active:           425932 kB
Mem:          3.8G       763M       3.1G       5.7M        55M       319M

MemTotal:        4016004 kB
MemFree:         3234416 kB
Active:           425928 kB
Mem:          3.8G       763M       3.1G       5.7M        55M       319M

MemTotal:        4016004 kB
MemFree:         3234044 kB
Active:           425944 kB
Mem:          3.8G       763M       3.1G       5.7M        55M       319M

MemTotal:        4016004 kB
MemFree:         3234292 kB
Active:           425936 kB
Mem:          3.8G       763M       3.1G       5.7M        55M       319M

MemTotal:        4016004 kB
MemFree:         3234152 kB
Active:           425924 kB
Mem:          3.8G       764M       3.1G       5.7M        55M       319M

MemTotal:        4016004 kB
MemFree:         3233640 kB
Active:           425956 kB
Mem:          3.8G       764M       3.1G       5.7M        55M       319M

MemTotal:        4016004 kB
MemFree:         3234120 kB
Active:           425952 kB
Mem:          3.8G       763M       3.1G       5.7M        55M       319M

MemTotal:        4016004 kB
MemFree:         3234120 kB
Active:           425908 kB
Mem:          3.8G       763M       3.1G       5.7M        55M       319M

MemTotal:        4016004 kB
MemFree:         3234228 kB
Active:           425948 kB
Mem:          3.8G       763M       3.1G       5.7M        55M       319M

MemTotal:        4016004 kB
MemFree:         3234292 kB
Active:           425932 kB
Mem:          3.8G       763M       3.1G       5.7M        55M       319M

MemTotal:        4016004 kB
MemFree:         3233920 kB
Active:           425964 kB
Mem:          3.8G       763M       3.1G       5.7M        55M       319M

MemTotal:        4016004 kB
MemFree:         3233920 kB
Active:           425932 kB
Mem:          3.8G       763M       3.1G       5.7M        55M       319M

MemTotal:        4016004 kB
MemFree:         3233548 kB
Active:           425968 kB
Mem:          3.8G       763M       3.1G       5.7M        55M       319M

MemTotal:        4016004 kB
MemFree:         3233780 kB
Active:           425960 kB
Mem:          3.8G       763M       3.1G       5.7M        55M       319M

MemTotal:        4016004 kB
MemFree:         3234012 kB
Active:           425932 kB
Mem:          3.8G       763M       3.1G       5.7M        55M       319M

MemTotal:        4016004 kB
MemFree:         3233996 kB
Active:           425956 kB
Mem:          3.8G       763M       3.1G       5.7M        55M       319M

MemTotal:        4016004 kB
MemFree:         3233872 kB
Active:           425968 kB
Mem:          3.8G       763M       3.1G       5.7M        55M       319M

MemTotal:        4016004 kB
MemFree:         3233872 kB
Active:           425948 kB
Mem:          3.8G       763M       3.1G       5.7M        55M       319M

MemTotal:        4016004 kB
MemFree:         3234104 kB
Active:           425928 kB
Mem:          3.8G       763M       3.1G       5.7M        55M       319M

MemTotal:        4016004 kB
MemFree:         3233840 kB
Active:           425980 kB
Mem:          3.8G       763M       3.1G       5.7M        55M       319M

MemTotal:        4016004 kB
MemFree:         3233948 kB
Active:           425980 kB
Mem:          3.8G       763M       3.1G       5.7M        55M       319M

MemTotal:        4016004 kB
MemFree:         3234416 kB
Active:           426000 kB
Mem:          3.8G       763M       3.1G       5.7M        55M       319M

MemTotal:        4016004 kB
MemFree:         3234044 kB
Active:           426000 kB
Mem:          3.8G       763M       3.1G       5.7M        55M       319M

MemTotal:        4016004 kB
MemFree:         3234044 kB
Active:           426000 kB
Mem:          3.8G       763M       3.1G       5.7M        55M       319M

MemTotal:        4016004 kB
MemFree:         3234292 kB
Active:           425980 kB
Mem:          3.8G       763M       3.1G       5.7M        55M       319M

MemTotal:        4016004 kB
MemFree:         3234416 kB
Active:           425964 kB
Mem:          3.8G       763M       3.1G       5.7M        55M       319M

MemTotal:        4016004 kB
MemFree:         3234416 kB
Active:           425960 kB
Mem:          3.8G       763M       3.1G       5.7M        55M       319M

MemTotal:        4016004 kB
MemFree:         3233796 kB
Active:           426012 kB
Mem:          3.8G       763M       3.1G       5.7M        55M       319M

MemTotal:        4016004 kB
MemFree:         3233796 kB
Active:           425964 kB
Mem:          3.8G       763M       3.1G       5.7M        55M       319M

MemTotal:        4016004 kB
MemFree:         3233672 kB
Active:           426012 kB
Mem:          3.8G       763M       3.1G       5.7M        55M       319M

MemTotal:        4016004 kB
MemFree:         3234028 kB
Active:           425996 kB
Mem:          3.8G       763M       3.1G       5.7M        55M       319M

MemTotal:        4016004 kB
MemFree:         3234028 kB
Active:           426000 kB
Mem:          3.8G       763M       3.1G       5.7M        55M       319M

MemTotal:        4016004 kB
MemFree:         3233640 kB
Active:           426012 kB
Mem:          3.8G       764M       3.1G       5.7M        55M       319M

MemTotal:        4016004 kB
MemFree:         3233252 kB
Active:           426020 kB
Mem:          3.8G       764M       3.1G       5.7M        55M       319M

MemTotal:        4016004 kB
MemFree:         3233608 kB
Active:           425968 kB
Mem:          3.8G       764M       3.1G       5.7M        55M       319M

MemTotal:        4016004 kB
MemFree:         3234104 kB
Active:           426008 kB
Mem:          3.8G       763M       3.1G       5.7M        55M       319M

MemTotal:        4016004 kB
MemFree:         3233980 kB
Active:           426020 kB
Mem:          3.8G       763M       3.1G       5.7M        55M       319M

MemTotal:        4016004 kB
MemFree:         3234292 kB
Active:           425968 kB
Mem:          3.8G       763M       3.1G       5.7M        55M       319M

MemTotal:        4016004 kB
MemFree:         3234416 kB
Active:           426000 kB
Mem:          3.8G       763M       3.1G       5.7M        55M       319M

MemTotal:        4016004 kB
MemFree:         3234416 kB
Active:           425972 kB
Mem:          3.8G       763M       3.1G       5.7M        55M       319M

MemTotal:        4016004 kB
MemFree:         3234292 kB
Active:           426012 kB
Mem:          3.8G       763M       3.1G       5.7M        55M       319M

MemTotal:        4016004 kB
MemFree:         3234416 kB
Active:           426008 kB
Mem:          3.8G       763M       3.1G       5.7M        55M       319M

MemTotal:        4016004 kB
MemFree:         3234260 kB
Active:           426000 kB
Mem:          3.8G       763M       3.1G       5.7M        55M       319M

MemTotal:        4016004 kB
MemFree:         3234244 kB
Active:           425972 kB
Mem:          3.8G       763M       3.1G       5.7M        55M       319M

MemTotal:        4016004 kB
MemFree:         3233980 kB
Active:           425972 kB
Mem:          3.8G       763M       3.1G       5.7M        55M       319M

MemTotal:        4016004 kB
MemFree:         3233760 kB
Active:           424168 kB
Mem:          3.8G       764M       3.1G       5.7M        55M       319M

MemTotal:        4016004 kB
MemFree:         3233840 kB
Active:           426024 kB
Mem:          3.8G       763M       3.1G       5.7M        55M       319M

MemTotal:        4016004 kB
MemFree:         3230436 kB
Active:           429304 kB
Mem:          3.8G       767M       3.1G       5.7M        58M       319M

MemTotal:        4016004 kB
MemFree:         3225052 kB
Active:           433848 kB
Mem:          3.8G       772M       3.1G       5.7M        63M       319M

MemTotal:        4016004 kB
MemFree:         3225548 kB
Active:           433840 kB
Mem:          3.8G       771M       3.1G       5.7M        63M       319M

MemTotal:        4016004 kB
MemFree:         3225672 kB
Active:           433828 kB
Mem:          3.8G       771M       3.1G       5.7M        63M       319M

MemTotal:        4016004 kB
MemFree:         3225052 kB
Active:           433856 kB
Mem:          3.8G       772M       3.1G       5.7M        63M       319M

MemTotal:        4016004 kB
MemFree:         3225052 kB
Active:           433864 kB
Mem:          3.8G       772M       3.1G       5.7M        63M       319M

MemTotal:        4016004 kB
MemFree:         3225408 kB
Active:           433844 kB
Mem:          3.8G       772M       3.1G       5.7M        63M       319M

MemTotal:        4016004 kB
MemFree:         3224524 kB
Active:           433872 kB
Mem:          3.8G       772M       3.1G       5.7M        63M       319M

MemTotal:        4016004 kB
MemFree:         3222956 kB
Active:           433824 kB
Mem:          3.8G       774M       3.1G       5.7M        63M       319M

MemTotal:        4016004 kB
MemFree:         3222508 kB
Active:           435896 kB
Mem:          3.8G       774M       3.1G       5.7M        63M       319M

MemTotal:        4016004 kB
MemFree:         3222384 kB
Active:           435896 kB
Mem:          3.8G       775M       3.1G       5.7M        63M       319M

MemTotal:        4016004 kB
MemFree:         3222880 kB
Active:           435860 kB
Mem:          3.8G       774M       3.1G       5.7M        63M       319M

MemTotal:        4016004 kB
MemFree:         3222756 kB
Active:           435852 kB
Mem:          3.8G       774M       3.1G       5.7M        63M       319M

MemTotal:        4016004 kB
MemFree:         3222880 kB
Active:           435900 kB
Mem:          3.8G       774M       3.1G       5.7M        63M       319M

MemTotal:        4016004 kB
MemFree:         3223004 kB
Active:           435852 kB
Mem:          3.8G       774M       3.1G       5.7M        63M       319M

MemTotal:        4016004 kB
MemFree:         3223004 kB
Active:           435860 kB
Mem:          3.8G       774M       3.1G       5.7M        63M       319M

MemTotal:        4016004 kB
MemFree:         3222864 kB
Active:           435852 kB
Mem:          3.8G       774M       3.1G       5.7M        63M       319M

MemTotal:        4016004 kB
MemFree:         3222848 kB
Active:           435900 kB
Mem:          3.8G       774M       3.1G       5.7M        63M       319M

MemTotal:        4016004 kB
MemFree:         3222068 kB
Active:           434064 kB
Mem:          3.8G       775M       3.1G       5.7M        63M       319M

MemTotal:        4016004 kB
MemFree:         3222552 kB
Active:           435896 kB
Mem:          3.8G       775M       3.1G       5.7M        63M       319M

MemTotal:        4016004 kB
MemFree:         3221932 kB
Active:           435920 kB
Mem:          3.8G       775M       3.1G       5.7M        63M       319M

MemTotal:        4016004 kB
MemFree:         3222676 kB
Active:           435892 kB
Mem:          3.8G       774M       3.1G       5.7M        63M       319M

MemTotal:        4016004 kB
MemFree:         3222488 kB
Active:           436160 kB
Mem:          3.8G       775M       3.1G       5.7M        63M       319M

MemTotal:        4016004 kB
MemFree:         3178524 kB
Active:           437084 kB
Mem:          3.8G       818M       3.0G       5.7M        63M       362M

MemTotal:        4016004 kB
MemFree:         3133168 kB
Active:           437092 kB
Mem:          3.8G       863M       3.0G       5.7M        63M       406M

MemTotal:        4016004 kB
MemFree:         3086292 kB
Active:           437092 kB
Mem:          3.8G       908M       2.9G       5.7M        63M       450M

MemTotal:        4016004 kB
MemFree:         3039928 kB
Active:           437100 kB
Mem:          3.8G       953M       2.9G       5.7M        63M       495M

MemTotal:        4016004 kB
MemFree:         2993580 kB
Active:           437100 kB
Mem:          3.8G       999M       2.9G       5.7M        63M       540M

MemTotal:        4016004 kB
MemFree:         2946968 kB
Active:           437100 kB
Mem:          3.8G       1.0G       2.8G       5.7M        63M       584M

MemTotal:        4016004 kB
MemFree:         2900496 kB
Active:           437108 kB
Mem:          3.8G       1.1G       2.8G       5.7M        63M       629M

MemTotal:        4016004 kB
MemFree:         2853528 kB
Active:           437108 kB
Mem:          3.8G       1.1G       2.7G       5.7M        63M       673M

MemTotal:        4016004 kB
MemFree:         2808048 kB
Active:           437112 kB
Mem:          3.8G       1.2G       2.7G       5.7M        63M       718M

MemTotal:        4016004 kB
MemFree:         2760428 kB
Active:           437120 kB
Mem:          3.8G       1.2G       2.6G       5.7M        63M       763M

MemTotal:        4016004 kB
MemFree:         2714400 kB
Active:           437124 kB
Mem:          3.8G       1.2G       2.6G       5.7M        63M       808M

MemTotal:        4016004 kB
MemFree:         2685556 kB
Active:           437132 kB
Mem:          3.8G       1.3G       2.6G       5.7M        63M       835M

MemTotal:        4016004 kB
MemFree:         2639688 kB
Active:           437132 kB
Mem:          3.8G       1.3G       2.5G       5.7M        63M       880M

MemTotal:        4016004 kB
MemFree:         2592952 kB
Active:           437132 kB
Mem:          3.8G       1.4G       2.5G       5.7M        63M       924M

MemTotal:        4016004 kB
MemFree:         2547328 kB
Active:           437140 kB
Mem:          3.8G       1.4G       2.4G       5.7M        63M       968M

MemTotal:        4016004 kB
MemFree:         2501152 kB
Active:           437160 kB
Mem:          3.8G       1.4G       2.4G       5.7M        63M       1.0G

MemTotal:        4016004 kB
MemFree:         2481500 kB
Active:           437136 kB
Mem:          3.8G       1.5G       2.4G       5.7M        63M       1.0G

MemTotal:        4016004 kB
MemFree:         2436028 kB
Active:           437192 kB
Mem:          3.8G       1.5G       2.3G       5.7M        63M       1.1G

MemTotal:        4016004 kB
MemFree:         2389928 kB
Active:           437192 kB
Mem:          3.8G       1.6G       2.3G       5.7M        63M       1.1G

MemTotal:        4016004 kB
MemFree:         2343072 kB
Active:           437168 kB
Mem:          3.8G       1.6G       2.2G       5.7M        63M       1.1G

MemTotal:        4016004 kB
MemFree:         2296816 kB
Active:           437184 kB
Mem:          3.8G       1.6G       2.2G       5.7M        63M       1.2G

MemTotal:        4016004 kB
MemFree:         2250080 kB
Active:           437192 kB
Mem:          3.8G       1.7G       2.1G       5.7M        63M       1.2G

MemTotal:        4016004 kB
MemFree:         2203080 kB
Active:           437184 kB
Mem:          3.8G       1.7G       2.1G       5.7M        63M       1.3G

MemTotal:        4016004 kB
MemFree:         2157088 kB
Active:           437172 kB
Mem:          3.8G       1.8G       2.1G       5.7M        63M       1.3G

MemTotal:        4016004 kB
MemFree:         2111404 kB
Active:           437172 kB
Mem:          3.8G       1.8G       2.0G       5.7M        63M       1.4G

MemTotal:        4016004 kB
MemFree:         2064848 kB
Active:           437256 kB
Mem:          3.8G       1.9G       2.0G       5.7M        63M       1.4G

MemTotal:        4016004 kB
MemFree:         2064416 kB
Active:           437216 kB
Mem:          3.8G       1.9G       2.0G       5.7M        63M       1.4G

MemTotal:        4016004 kB
MemFree:         2046440 kB
Active:           437212 kB
Mem:          3.8G       1.9G       2.0G       5.7M        63M       1.4G

MemTotal:        4016004 kB
MemFree:         2000512 kB
Active:           437212 kB
Mem:          3.8G       1.9G       1.9G       5.7M        63M       1.5G

MemTotal:        4016004 kB
MemFree:         1953652 kB
Active:           437232 kB
Mem:          3.8G       2.0G       1.9G       5.7M        63M       1.5G

MemTotal:        4016004 kB
MemFree:         1908924 kB
Active:           437232 kB
Mem:          3.8G       2.0G       1.8G       5.7M        63M       1.5G

MemTotal:        4016004 kB
MemFree:         1874140 kB
Active:           437248 kB
Mem:          3.8G       2.0G       1.8G       5.7M        63M       1.6G

MemTotal:        4016004 kB
MemFree:         1826864 kB
Active:           437252 kB
Mem:          3.8G       2.1G       1.7G       5.7M        63M       1.6G

MemTotal:        4016004 kB
MemFree:         1781276 kB
Active:           437252 kB
Mem:          3.8G       2.1G       1.7G       5.7M        63M       1.7G

MemTotal:        4016004 kB
MemFree:         1735008 kB
Active:           437260 kB
Mem:          3.8G       2.2G       1.7G       5.7M        63M       1.7G

MemTotal:        4016004 kB
MemFree:         1687436 kB
Active:           437332 kB
Mem:          3.8G       2.2G       1.6G       5.7M        63M       1.8G

MemTotal:        4016004 kB
MemFree:         1642708 kB
Active:           437272 kB
Mem:          3.8G       2.3G       1.6G       5.7M        63M       1.8G

MemTotal:        4016004 kB
MemFree:         1596468 kB
Active:           437272 kB
Mem:          3.8G       2.3G       1.5G       5.7M        63M       1.8G

MemTotal:        4016004 kB
MemFree:         1550244 kB
Active:           437276 kB
Mem:          3.8G       2.4G       1.5G       5.7M        63M       1.9G

MemTotal:        4016004 kB
MemFree:         1503384 kB
Active:           437276 kB
Mem:          3.8G       2.4G       1.4G       5.7M        63M       1.9G

MemTotal:        4016004 kB
MemFree:         1457616 kB
Active:           437280 kB
Mem:          3.8G       2.4G       1.4G       5.7M        63M       2.0G

MemTotal:        4016004 kB
MemFree:         1416200 kB
Active:           437296 kB
Mem:          3.8G       2.5G       1.4G       5.7M        63M       2.0G

MemTotal:        4016004 kB
MemFree:         1370476 kB
Active:           437296 kB
Mem:          3.8G       2.5G       1.3G       5.7M        63M       2.1G

MemTotal:        4016004 kB
MemFree:         1324504 kB
Active:           437296 kB
Mem:          3.8G       2.6G       1.3G       5.7M        63M       2.1G

MemTotal:        4016004 kB
MemFree:         1278456 kB
Active:           437300 kB
Mem:          3.8G       2.6G       1.2G       5.7M        63M       2.1G

MemTotal:        4016004 kB
MemFree:         1228548 kB
Active:           437340 kB
Mem:          3.8G       2.7G       1.2G       5.7M        63M       2.2G

MemTotal:        4016004 kB
MemFree:         1181880 kB
Active:           437284 kB
Mem:          3.8G       2.7G       1.1G       5.7M        63M       2.2G

MemTotal:        4016004 kB
MemFree:         1136204 kB
Active:           437300 kB
Mem:          3.8G       2.7G       1.1G       5.7M        63M       2.3G

MemTotal:        4016004 kB
MemFree:         1089616 kB
Active:           437304 kB
Mem:          3.8G       2.8G       1.0G       5.7M        63M       2.3G

MemTotal:        4016004 kB
MemFree:         1043224 kB
Active:           437328 kB
Mem:          3.8G       2.8G       1.0G       5.7M        63M       2.4G

MemTotal:        4016004 kB
MemFree:          996148 kB
Active:           437328 kB
Mem:          3.8G       2.9G       972M       5.7M        63M       2.4G

MemTotal:        4016004 kB
MemFree:          965188 kB
Active:           437332 kB
Mem:          3.8G       2.9G       942M       5.7M        63M       2.4G

MemTotal:        4016004 kB
MemFree:          919336 kB
Active:           437344 kB
Mem:          3.8G       3.0G       897M       5.7M        63M       2.5G

MemTotal:        4016004 kB
MemFree:          872848 kB
Active:           437344 kB
Mem:          3.8G       3.0G       851M       5.7M        63M       2.5G

MemTotal:        4016004 kB
MemFree:          826004 kB
Active:           437348 kB
Mem:          3.8G       3.0G       806M       5.7M        63M       2.6G

MemTotal:        4016004 kB
MemFree:          780260 kB
Active:           437348 kB
Mem:          3.8G       3.1G       761M       5.7M        63M       2.6G

MemTotal:        4016004 kB
MemFree:          767156 kB
Active:           437364 kB
Mem:          3.8G       3.1G       748M       5.7M        63M       2.6G

MemTotal:        4016004 kB
MemFree:          766980 kB
Active:           437376 kB
Mem:          3.8G       3.1G       749M       5.7M        63M       2.6G

MemTotal:        4016004 kB
MemFree:          767076 kB
Active:           437376 kB
Mem:          3.8G       3.1G       749M       5.7M        63M       2.6G

MemTotal:        4016004 kB
MemFree:          753100 kB
Active:           437376 kB
Mem:          3.8G       3.1G       735M       5.7M        63M       2.6G

MemTotal:        4016004 kB
MemFree:          707372 kB
Active:           437380 kB
Mem:          3.8G       3.2G       690M       5.7M        63M       2.7G

MemTotal:        4016004 kB
MemFree:          660512 kB
Active:           437380 kB
Mem:          3.8G       3.2G       644M       5.7M        63M       2.7G

MemTotal:        4016004 kB
MemFree:          614276 kB
Active:           437388 kB
Mem:          3.8G       3.2G       599M       5.7M        63M       2.8G

MemTotal:        4016004 kB
MemFree:          567528 kB
Active:           437392 kB
Mem:          3.8G       3.3G       553M       5.7M        63M       2.8G

MemTotal:        4016004 kB
MemFree:          520872 kB
Active:           437392 kB
Mem:          3.8G       3.3G       508M       5.7M        63M       2.8G

MemTotal:        4016004 kB
MemFree:          475128 kB
Active:           437396 kB
Mem:          3.8G       3.4G       463M       5.7M        63M       2.9G

MemTotal:        4016004 kB
MemFree:          428268 kB
Active:           437396 kB
Mem:          3.8G       3.4G       417M       5.7M        63M       2.9G

MemTotal:        4016004 kB
MemFree:          381424 kB
Active:           437404 kB
Mem:          3.8G       3.5G       371M       5.7M        63M       3.0G

MemTotal:        4016004 kB
MemFree:          335696 kB
Active:           437404 kB
Mem:          3.8G       3.5G       327M       5.7M        63M       3.0G

MemTotal:        4016004 kB
MemFree:          288852 kB
Active:           437408 kB
Mem:          3.8G       3.6G       281M       5.7M        63M       3.1G

MemTotal:        4016004 kB
MemFree:          242708 kB
Active:           437416 kB
Mem:          3.8G       3.6G       236M       5.7M        63M       3.1G

MemTotal:        4016004 kB
MemFree:          195512 kB
Active:           437416 kB
Mem:          3.8G       3.6G       190M       5.7M        63M       3.2G

MemTotal:        4016004 kB
MemFree:          180008 kB
Active:           437416 kB
Mem:          3.8G       3.7G       175M       5.7M        63M       3.2G

MemTotal:        4016004 kB
MemFree:          160480 kB
Active:           437424 kB
Mem:          3.8G       3.7G       156M       5.7M        63M       3.2G

MemTotal:        4016004 kB
MemFree:          114740 kB
Active:           437428 kB
Mem:          3.8G       3.7G       111M       5.7M        63M       3.2G

MemTotal:        4016004 kB
MemFree:          122204 kB
Active:           445528 kB
Mem:          3.8G       3.7G       132M       5.7M        28M       3.2G

MemTotal:        4016004 kB
MemFree:          159308 kB
Active:           497576 kB
Mem:          3.8G       3.7G       141M       5.7M        28M       3.2G

MemTotal:        4016004 kB
MemFree:          144264 kB
Active:           497572 kB
Mem:          3.8G       3.7G       140M       5.7M        28M       3.2G

MemTotal:        4016004 kB
MemFree:          144360 kB
Active:           497544 kB
Mem:          3.8G       3.7G       140M       5.7M        28M       3.2G

MemTotal:        4016004 kB
MemFree:          144612 kB
Active:           497548 kB
Mem:          3.8G       3.7G       141M       5.7M        28M       3.2G

MemTotal:        4016004 kB
MemFree:          124808 kB
Active:           499460 kB
Mem:          3.8G       3.7G       121M       5.7M        28M       3.3G

MemTotal:        4016004 kB
MemFree:          138732 kB
Active:           495804 kB
Mem:          3.8G       3.7G       133M       5.7M        28M       3.2G

MemTotal:        4016004 kB
MemFree:          128840 kB
Active:           492360 kB
Mem:          3.8G       3.7G       124M       5.7M        28M       3.3G

MemTotal:        4016004 kB
MemFree:          130356 kB
Active:           487248 kB
Mem:          3.8G       3.7G       126M       5.7M        28M       3.2G

MemTotal:        4016004 kB
MemFree:          137560 kB
Active:           482384 kB
Mem:          3.8G       3.7G       134M       5.7M        28M       3.2G

MemTotal:        4016004 kB
MemFree:          128288 kB
Active:           472936 kB
Mem:          3.8G       3.7G       125M       5.7M        28M       3.3G

MemTotal:        4016004 kB
MemFree:          118628 kB
Active:           467604 kB
Mem:          3.8G       3.7G       115M       5.7M        28M       3.3G

MemTotal:        4016004 kB
MemFree:          129764 kB
Active:           461460 kB
Mem:          3.8G       3.7G       126M       5.7M        28M       3.2G

MemTotal:        4016004 kB
MemFree:          129840 kB
Active:           460196 kB
Mem:          3.8G       3.7G       126M       5.7M        28M       3.2G

MemTotal:        4016004 kB
MemFree:          120208 kB
Active:           459044 kB
Mem:          3.8G       3.7G       116M       5.7M        28M       3.3G

MemTotal:        4016004 kB
MemFree:          126536 kB
Active:           456996 kB
Mem:          3.8G       3.7G       122M       5.7M        28M       3.3G

MemTotal:        4016004 kB
MemFree:          116696 kB
Active:           455852 kB
Mem:          3.8G       3.7G       113M       5.7M        28M       3.3G

MemTotal:        4016004 kB
MemFree:          108504 kB
Active:           454572 kB
Mem:          3.8G       3.7G       105M       5.7M        28M       3.3G

MemTotal:        4016004 kB
MemFree:          113464 kB
Active:           452664 kB
Mem:          3.8G       3.7G       109M       5.7M        28M       3.3G

MemTotal:        4016004 kB
MemFree:          114800 kB
Active:           451388 kB
Mem:          3.8G       3.7G       111M       5.7M        28M       3.3G

MemTotal:        4016004 kB
MemFree:          126116 kB
Active:           449732 kB
Mem:          3.8G       3.7G       122M       5.7M        28M       3.2G

MemTotal:        4016004 kB
MemFree:          127312 kB
Active:           449712 kB
Mem:          3.8G       3.7G       123M       5.7M        28M       3.2G

MemTotal:        4016004 kB
MemFree:          124576 kB
Active:           448048 kB
Mem:          3.8G       3.7G       121M       5.7M        28M       3.3G

MemTotal:        4016004 kB
MemFree:          126544 kB
Active:           444832 kB
Mem:          3.8G       3.7G       123M       5.7M        28M       3.2G

MemTotal:        4016004 kB
MemFree:          122916 kB
Active:           443300 kB
Mem:          3.8G       3.7G       119M       5.7M        28M       3.3G

MemTotal:        4016004 kB
MemFree:          124376 kB
Active:           442028 kB
Mem:          3.8G       3.7G       121M       5.7M        28M       3.3G

MemTotal:        4016004 kB
MemFree:          127016 kB
Active:           440364 kB
Mem:          3.8G       3.7G       123M       5.7M        28M       3.2G

MemTotal:        4016004 kB
MemFree:          105300 kB
Active:           439724 kB
Mem:          3.8G       3.7G       125M       5.7M        28M       3.2G

MemTotal:        4016004 kB
MemFree:          121944 kB
Active:           435732 kB
Mem:          3.8G       3.7G       118M       5.7M        28M       3.3G

MemTotal:        4016004 kB
MemFree:          126512 kB
Active:           434208 kB
Mem:          3.8G       3.7G       123M       5.7M        28M       3.2G

MemTotal:        4016004 kB
MemFree:          121032 kB
Active:           430712 kB
Mem:          3.8G       3.7G       117M       5.7M        28M       3.3G

MemTotal:        4016004 kB
MemFree:          105392 kB
Active:           429508 kB
Mem:          3.8G       3.7G       102M       5.7M        28M       3.3G

MemTotal:        4016004 kB
MemFree:          125664 kB
Active:           427336 kB
Mem:          3.8G       3.7G       121M       5.7M        28M       3.2G

MemTotal:        4016004 kB
MemFree:          126424 kB
Active:           425416 kB
Mem:          3.8G       3.7G       123M       5.7M        28M       3.2G

MemTotal:        4016004 kB
MemFree:          126520 kB
Active:           424392 kB
Mem:          3.8G       3.7G       122M       5.7M        28M       3.2G

MemTotal:        4016004 kB
MemFree:          116664 kB
Active:           423248 kB
Mem:          3.8G       3.7G       112M       5.7M        28M       3.3G

MemTotal:        4016004 kB
MemFree:          107128 kB
Active:           422096 kB
Mem:          3.8G       3.7G       103M       5.7M        28M       3.3G

MemTotal:        4016004 kB
MemFree:          108644 kB
Active:           420432 kB
Mem:          3.8G       3.7G       105M       5.7M        28M       3.3G

MemTotal:        4016004 kB
MemFree:          122876 kB
Active:           416720 kB
Mem:          3.8G       3.7G       119M       5.7M        28M       3.3G

MemTotal:        4016004 kB
MemFree:          121464 kB
Active:           417620 kB
Mem:          3.8G       3.7G       118M       5.7M        28M       3.3G

MemTotal:        4016004 kB
MemFree:          112036 kB
Active:           416080 kB
Mem:          3.8G       3.7G       108M       5.7M        28M       3.3G

MemTotal:        4016004 kB
MemFree:          124464 kB
Active:           414344 kB
Mem:          3.8G       3.7G       121M       5.7M        28M       3.2G

MemTotal:        4016004 kB
MemFree:          109752 kB
Active:           413448 kB
Mem:          3.8G       3.7G       106M       5.7M        28M       3.3G

MemTotal:        4016004 kB
MemFree:          135056 kB
Active:           411024 kB
Mem:          3.8G       3.7G       131M       5.7M        28M       3.2G

MemTotal:        4016004 kB
MemFree:          127084 kB
Active:           410392 kB
Mem:          3.8G       3.7G       124M       5.7M        28M       3.2G

MemTotal:        4016004 kB
MemFree:          127388 kB
Active:           410268 kB
Mem:          3.8G       3.7G       124M       5.7M        28M       3.2G

MemTotal:        4016004 kB
MemFree:          125040 kB
Active:           410416 kB
Mem:          3.8G       3.7G       121M       5.7M        28M       3.2G

MemTotal:        4016004 kB
MemFree:          109644 kB
Active:           409256 kB
Mem:          3.8G       3.7G       106M       5.7M        28M       3.3G

MemTotal:        4016004 kB
MemFree:          129840 kB
Active:           407208 kB
Mem:          3.8G       3.7G       126M       5.7M        28M       3.2G

MemTotal:        4016004 kB
MemFree:          120072 kB
Active:           406056 kB
Mem:          3.8G       3.7G       116M       5.7M        28M       3.3G

MemTotal:        4016004 kB
MemFree:          120952 kB
Active:           404144 kB
Mem:          3.8G       3.7G       117M       5.7M        28M       3.3G

MemTotal:        4016004 kB
MemFree:          111184 kB
Active:           402992 kB
Mem:          3.8G       3.7G       107M       5.7M        28M       3.3G

MemTotal:        4016004 kB
MemFree:          125084 kB
Active:           401200 kB
Mem:          3.8G       3.7G       121M       5.7M        28M       3.2G

MemTotal:        4016004 kB
MemFree:          115532 kB
Active:           400048 kB
Mem:          3.8G       3.7G       112M       5.7M        28M       3.3G

MemTotal:        4016004 kB
MemFree:          123232 kB
Active:           398272 kB
Mem:          3.8G       3.7G       120M       5.7M        28M       3.3G

MemTotal:        4016004 kB
MemFree:          114660 kB
Active:           397260 kB
Mem:          3.8G       3.7G       110M       5.7M        28M       3.3G

MemTotal:        4016004 kB
MemFree:          127764 kB
Active:           395476 kB
Mem:          3.8G       3.7G       124M       5.7M        28M       3.2G

MemTotal:        4016004 kB
MemFree:          104684 kB
Active:           394068 kB
Mem:          3.8G       3.7G       124M       5.7M        28M       3.2G

MemTotal:        4016004 kB
MemFree:          119988 kB
Active:           390280 kB
Mem:          3.8G       3.7G       116M       5.7M        28M       3.3G

MemTotal:        4016004 kB
MemFree:          128956 kB
Active:           389256 kB
Mem:          3.8G       3.7G       125M       5.7M        28M       3.2G

MemTotal:        4016004 kB
MemFree:          105760 kB
Active:           388628 kB
Mem:          3.8G       3.7G       125M       5.7M        28M       3.2G

MemTotal:        4016004 kB
MemFree:          124884 kB
Active:           386452 kB
Mem:          3.8G       3.7G       121M       5.7M        28M       3.2G

MemTotal:        4016004 kB
MemFree:          108920 kB
Active:           385300 kB
Mem:          3.8G       3.7G       105M       5.7M        28M       3.3G

MemTotal:        4016004 kB
MemFree:          128648 kB
Active:           383124 kB
Mem:          3.8G       3.7G       125M       5.7M        28M       3.2G

MemTotal:        4016004 kB
MemFree:          127132 kB
Active:           382616 kB
Mem:          3.8G       3.7G       123M       5.7M        28M       3.2G

MemTotal:        4016004 kB
MemFree:          117920 kB
Active:           382500 kB
Mem:          3.8G       3.7G       114M       5.7M        28M       3.3G

MemTotal:        4016004 kB
MemFree:          108976 kB
Active:           379416 kB
Mem:          3.8G       3.7G       105M       5.7M        28M       3.3G

MemTotal:        4016004 kB
MemFree:          123352 kB
Active:           379288 kB
Mem:          3.8G       3.7G       119M       5.7M        28M       3.3G

MemTotal:        4016004 kB
MemFree:          126788 kB
Active:           376792 kB
Mem:          3.8G       3.7G       123M       5.7M        28M       3.2G

MemTotal:        4016004 kB
MemFree:          122732 kB
Active:           376576 kB
Mem:          3.8G       3.7G       119M       5.7M        28M       3.3G

MemTotal:        4016004 kB
MemFree:          116084 kB
Active:           376452 kB
Mem:          3.8G       3.7G       112M       5.7M        28M       3.3G

MemTotal:        4016004 kB
MemFree:          115720 kB
Active:           376308 kB
Mem:          3.8G       3.7G       113M       5.7M        28M       3.3G

MemTotal:        4016004 kB
MemFree:          107384 kB
Active:           376308 kB
Mem:          3.8G       3.7G       104M       5.7M        28M       3.3G

MemTotal:        4016004 kB
MemFree:          116500 kB
Active:           375804 kB
Mem:          3.8G       3.7G       113M       5.7M        28M       3.3G

MemTotal:        4016004 kB
MemFree:          124648 kB
Active:           375804 kB
Mem:          3.8G       3.7G       121M       5.7M        28M       3.2G

MemTotal:        4016004 kB
MemFree:          126088 kB
Active:           375676 kB
Mem:          3.8G       3.7G       122M       5.7M        28M       3.2G

MemTotal:        4016004 kB
MemFree:          128044 kB
Active:           375684 kB
Mem:          3.8G       3.7G       124M       5.7M        28M       3.2G

MemTotal:        4016004 kB
MemFree:          124720 kB
Active:           375596 kB
Mem:          3.8G       3.7G       121M       5.7M        28M       3.2G

MemTotal:        4016004 kB
MemFree:          126444 kB
Active:           375596 kB
Mem:          3.8G       3.7G       122M       5.7M        28M       3.2G

MemTotal:        4016004 kB
MemFree:          122520 kB
Active:           376760 kB
Mem:          3.8G       3.7G       119M       5.7M        28M       3.2G

MemTotal:        4016004 kB
MemFree:          117560 kB
Active:           376764 kB
Mem:          3.8G       3.7G       114M       5.7M        28M       3.3G

MemTotal:        4016004 kB
MemFree:          120108 kB
Active:           376768 kB
Mem:          3.8G       3.7G       117M       5.7M        28M       3.3G

MemTotal:        4016004 kB
MemFree:          134748 kB
Active:           376772 kB
Mem:          3.8G       3.7G       131M       5.7M        28M       3.2G

MemTotal:        4016004 kB
MemFree:          125172 kB
Active:           376776 kB
Mem:          3.8G       3.7G       121M       5.7M        28M       3.2G

MemTotal:        4016004 kB
MemFree:          125864 kB
Active:           376320 kB
Mem:          3.8G       3.7G       122M       5.7M        28M       3.2G

MemTotal:        4016004 kB
MemFree:          122868 kB
Active:           376332 kB
Mem:          3.8G       3.7G       119M       5.7M        28M       3.2G

MemTotal:        4016004 kB
MemFree:          122252 kB
Active:           376344 kB
Mem:          3.8G       3.7G       119M       5.7M        28M       3.2G

MemTotal:        4016004 kB
MemFree:          120008 kB
Active:           376468 kB
Mem:          3.8G       3.7G       116M       5.7M        28M       3.3G

MemTotal:        4016004 kB
MemFree:          134820 kB
Active:           376352 kB
Mem:          3.8G       3.7G       131M       5.7M        28M       3.2G

MemTotal:        4016004 kB
MemFree:          125812 kB
Active:           376352 kB
Mem:          3.8G       3.7G       121M       5.7M        28M       3.2G

MemTotal:        4016004 kB
MemFree:          109704 kB
Active:           376352 kB
Mem:          3.8G       3.7G       105M       5.7M        28M       3.3G

MemTotal:        4016004 kB
MemFree:          123620 kB
Active:           376360 kB
Mem:          3.8G       3.7G       120M       5.7M        28M       3.2G

MemTotal:        4016004 kB
MemFree:          126824 kB
Active:           375544 kB
Mem:          3.8G       3.7G       123M       5.7M        28M       3.2G

MemTotal:        4016004 kB
MemFree:          122328 kB
Active:           375440 kB
Mem:          3.8G       3.7G       119M       5.7M        28M       3.2G

MemTotal:        4016004 kB
MemFree:          125004 kB
Active:           375440 kB
Mem:          3.8G       3.7G       121M       5.7M        28M       3.2G

MemTotal:        4016004 kB
MemFree:          105716 kB
Active:           375440 kB
Mem:          3.8G       3.7G       102M       5.7M        28M       3.3G

MemTotal:        4016004 kB
MemFree:          105252 kB
Active:           375460 kB
Mem:          3.8G       3.7G       102M       5.7M        28M       3.3G

MemTotal:        4016004 kB
MemFree:          130908 kB
Active:           375460 kB
Mem:          3.8G       3.7G       127M       5.7M        28M       3.2G

MemTotal:        4016004 kB
MemFree:          122024 kB
Active:           375468 kB
Mem:          3.8G       3.7G       118M       5.7M        28M       3.2G

MemTotal:        4016004 kB
MemFree:          124688 kB
Active:           375168 kB
Mem:          3.8G       3.7G       121M       5.7M        28M       3.2G

MemTotal:        4016004 kB
MemFree:          130524 kB
Active:           375168 kB
Mem:          3.8G       3.7G       127M       5.7M        28M       3.2G

MemTotal:        4016004 kB
MemFree:          137244 kB
Active:           373080 kB
Mem:          3.8G       3.7G       133M       5.7M        28M       3.2G

MemTotal:        4016004 kB
MemFree:          127676 kB
Active:           373116 kB
Mem:          3.8G       3.7G       123M       5.7M        28M       3.2G

MemTotal:        4016004 kB
MemFree:          106336 kB
Active:           373116 kB
Mem:          3.8G       3.7G       102M       5.7M        28M       3.3G

MemTotal:        4016004 kB
MemFree:          114644 kB
Active:           373116 kB
Mem:          3.8G       3.7G       111M       5.7M        28M       3.3G

MemTotal:        4016004 kB
MemFree:          104800 kB
Active:           373116 kB
Mem:          3.8G       3.7G       124M       5.7M        28M       3.2G

MemTotal:        4016004 kB
MemFree:          125660 kB
Active:           373124 kB
Mem:          3.8G       3.7G       121M       5.7M        28M       3.2G

MemTotal:        4016004 kB
MemFree:          127740 kB
Active:           373124 kB
Mem:          3.8G       3.7G       123M       5.7M        28M       3.2G

MemTotal:        4016004 kB
MemFree:          123964 kB
Active:           373124 kB
Mem:          3.8G       3.7G       120M       5.7M        28M       3.2G

MemTotal:        4016004 kB
MemFree:          127400 kB
Active:           372680 kB
Mem:          3.8G       3.7G       123M       5.7M        28M       3.2G

MemTotal:        4016004 kB
MemFree:          127368 kB
Active:           372520 kB
Mem:          3.8G       3.7G       124M       5.7M        28M       3.2G

MemTotal:        4016004 kB
MemFree:          126196 kB
Active:           372524 kB
Mem:          3.8G       3.7G       122M       5.7M        28M       3.2G

MemTotal:        4016004 kB
MemFree:          135300 kB
Active:           372532 kB
Mem:          3.8G       3.7G       131M       5.7M        28M       3.2G

MemTotal:        4016004 kB
MemFree:          132668 kB
Active:           372536 kB
Mem:          3.8G       3.7G       129M       5.7M        28M       3.2G

MemTotal:        4016004 kB
MemFree:          118244 kB
Active:           372548 kB
Mem:          3.8G       3.7G       115M       5.7M        28M       3.3G

MemTotal:        4016004 kB
MemFree:          125100 kB
Active:           372560 kB
Mem:          3.8G       3.7G       121M       5.7M        28M       3.2G

MemTotal:        4016004 kB
MemFree:          124936 kB
Active:           372564 kB
Mem:          3.8G       3.7G       122M       5.7M        28M       3.2G

MemTotal:        4016004 kB
MemFree:          120912 kB
Active:           372568 kB
Mem:          3.8G       3.7G       117M       5.7M        28M       3.2G

MemTotal:        4016004 kB
MemFree:          110772 kB
Active:           372568 kB
Mem:          3.8G       3.7G       107M       5.7M        28M       3.3G

MemTotal:        4016004 kB
MemFree:          125624 kB
Active:           372568 kB
Mem:          3.8G       3.7G       122M       5.7M        28M       3.2G

MemTotal:        4016004 kB
MemFree:          134856 kB
Active:           370840 kB
Mem:          3.8G       3.7G       130M       5.7M        28M       3.2G

MemTotal:        4016004 kB
MemFree:          137364 kB
Active:           370848 kB
Mem:          3.8G       3.7G       133M       5.7M        28M       3.2G

MemTotal:        4016004 kB
MemFree:          139236 kB
Active:           370848 kB
Mem:          3.8G       3.7G       135M       5.7M        28M       3.2G

MemTotal:        4016004 kB
MemFree:          135104 kB
Active:           370848 kB
Mem:          3.8G       3.7G       131M       5.7M        28M       3.2G

MemTotal:        4016004 kB
MemFree:          129880 kB
Active:           370852 kB
Mem:          3.8G       3.7G       126M       5.7M        28M       3.2G

MemTotal:        4016004 kB
MemFree:          119520 kB
Active:           370856 kB
Mem:          3.8G       3.7G       116M       5.7M        28M       3.2G

MemTotal:        4016004 kB
MemFree:          118872 kB
Active:           370868 kB
Mem:          3.8G       3.7G       116M       5.7M        28M       3.2G

MemTotal:        4016004 kB
MemFree:          118968 kB
Active:           370872 kB
Mem:          3.8G       3.7G       115M       5.7M        28M       3.2G

MemTotal:        4016004 kB
MemFree:          118816 kB
Active:           370876 kB
Mem:          3.8G       3.7G       116M       5.7M        28M       3.2G

MemTotal:        4016004 kB
MemFree:          107472 kB
Active:           370876 kB
Mem:          3.8G       3.7G       104M       5.7M        28M       3.3G

MemTotal:        4016004 kB
MemFree:          131476 kB
Active:           370876 kB
Mem:          3.8G       3.7G       127M       5.7M        28M       3.2G

MemTotal:        4016004 kB
MemFree:          116004 kB
Active:           370884 kB
Mem:          3.8G       3.7G       112M       5.7M        28M       3.3G

MemTotal:        4016004 kB
MemFree:          107368 kB
Active:           369400 kB
Mem:          3.8G       3.7G       104M       5.7M        28M       3.3G

MemTotal:        4016004 kB
MemFree:          115688 kB
Active:           369252 kB
Mem:          3.8G       3.7G       112M       5.7M        28M       3.3G

MemTotal:        4016004 kB
MemFree:          106292 kB
Active:           369256 kB
Mem:          3.8G       3.7G       103M       5.7M        28M       3.3G

MemTotal:        4016004 kB
MemFree:          132964 kB
Active:           369256 kB
Mem:          3.8G       3.7G       129M       5.7M        28M       3.2G

MemTotal:        4016004 kB
MemFree:          130388 kB
Active:           369264 kB
Mem:          3.8G       3.7G       127M       5.7M        28M       3.2G

MemTotal:        4016004 kB
MemFree:          137752 kB
Active:           369272 kB
Mem:          3.8G       3.7G       134M       5.7M        28M       3.2G

MemTotal:        4016004 kB
MemFree:          108624 kB
Active:           369280 kB
Mem:          3.8G       3.7G       105M       5.7M        28M       3.3G

MemTotal:        4016004 kB
MemFree:          116432 kB
Active:           369288 kB
Mem:          3.8G       3.7G       112M       5.7M        28M       3.3G

MemTotal:        4016004 kB
MemFree:          106960 kB
Active:           362812 kB
Mem:          3.8G       3.7G       104M       5.7M        28M       3.3G

MemTotal:        4016004 kB
MemFree:          124304 kB
Active:           362732 kB
Mem:          3.8G       3.7G       121M       5.7M        28M       3.2G

MemTotal:        4016004 kB
MemFree:          109104 kB
Active:           364280 kB
Mem:          3.8G       3.7G       106M       5.7M        28M       3.3G

MemTotal:        4016004 kB
MemFree:          134908 kB
Active:           364028 kB
Mem:          3.8G       3.7G       131M       5.7M        28M       3.2G

MemTotal:        4016004 kB
MemFree:          137124 kB
Active:           364028 kB
Mem:          3.8G       3.7G       133M       5.7M        28M       3.2G

MemTotal:        4016004 kB
MemFree:          128960 kB
Active:           364028 kB
Mem:          3.8G       3.7G       124M       5.7M        28M       3.2G

MemTotal:        4016004 kB
MemFree:          107288 kB
Active:           364036 kB
Mem:          3.8G       3.7G       103M       5.7M        28M       3.3G

MemTotal:        4016004 kB
MemFree:          133216 kB
Active:           364036 kB
Mem:          3.8G       3.7G       129M       5.7M        28M       3.2G

MemTotal:        4016004 kB
MemFree:          125888 kB
Active:           364036 kB
Mem:          3.8G       3.7G       122M       5.7M        28M       3.2G

MemTotal:        4016004 kB
MemFree:          130228 kB
Active:           361416 kB
Mem:          3.8G       3.7G       126M       5.7M        28M       3.2G

MemTotal:        4016004 kB
MemFree:          121120 kB
Active:           361208 kB
Mem:          3.8G       3.7G       117M       5.7M        28M       3.2G

MemTotal:        4016004 kB
MemFree:          111920 kB
Active:           361228 kB
Mem:          3.8G       3.7G       108M       5.7M        28M       3.3G

MemTotal:        4016004 kB
MemFree:          140716 kB
Active:           361228 kB
Mem:          3.8G       3.7G       137M       5.7M        28M       3.2G

MemTotal:        4016004 kB
MemFree:          125388 kB
Active:           361232 kB
Mem:          3.8G       3.7G       121M       5.7M        28M       3.2G

MemTotal:        4016004 kB
MemFree:          116280 kB
Active:           361248 kB
Mem:          3.8G       3.7G       112M       5.7M        28M       3.2G

MemTotal:        4016004 kB
MemFree:          128556 kB
Active:           361248 kB
Mem:          3.8G       3.7G       125M       5.7M        28M       3.2G

MemTotal:        4016004 kB
MemFree:          122824 kB
Active:           361256 kB
Mem:          3.8G       3.7G       119M       5.7M        28M       3.2G

MemTotal:        4016004 kB
MemFree:          113448 kB
Active:           361260 kB
Mem:          3.8G       3.7G       110M       5.7M        28M       3.3G

MemTotal:        4016004 kB
MemFree:          127708 kB
Active:           361260 kB
Mem:          3.8G       3.7G       124M       5.7M        28M       3.2G

MemTotal:        4016004 kB
MemFree:          126412 kB
Active:           361260 kB
Mem:          3.8G       3.7G       123M       5.7M        28M       3.2G

MemTotal:        4016004 kB
MemFree:          122680 kB
Active:           361260 kB
Mem:          3.8G       3.7G       119M       5.7M        28M       3.2G

MemTotal:        4016004 kB
MemFree:          136608 kB
Active:           358972 kB
Mem:          3.8G       3.7G       133M       5.7M        28M       3.2G

MemTotal:        4016004 kB
MemFree:          128192 kB
Active:           358856 kB
Mem:          3.8G       3.7G       125M       5.7M        28M       3.2G

MemTotal:        4016004 kB
MemFree:          125132 kB
Active:           358860 kB
Mem:          3.8G       3.7G       121M       5.7M        28M       3.2G

MemTotal:        4016004 kB
MemFree:          123560 kB
Active:           358864 kB
Mem:          3.8G       3.7G       120M       5.7M        28M       3.2G

MemTotal:        4016004 kB
MemFree:          127952 kB
Active:           358888 kB
Mem:          3.8G       3.7G       124M       5.7M        28M       3.2G

MemTotal:        4016004 kB
MemFree:          127520 kB
Active:           358904 kB
Mem:          3.8G       3.7G       124M       5.7M        28M       3.2G

MemTotal:        4016004 kB
MemFree:          125416 kB
Active:           358904 kB
Mem:          3.8G       3.7G       121M       5.7M        28M       3.2G

MemTotal:        4016004 kB
MemFree:          109748 kB
Active:           358912 kB
Mem:          3.8G       3.7G       106M       5.7M        28M       3.3G

MemTotal:        4016004 kB
MemFree:          124532 kB
Active:           358920 kB
Mem:          3.8G       3.7G       125M       5.7M        28M       3.2G

MemTotal:        4016004 kB
MemFree:          120840 kB
Active:           358924 kB
Mem:          3.8G       3.7G       117M       5.7M        28M       3.2G

MemTotal:        4016004 kB
MemFree:          110808 kB
Active:           358932 kB
Mem:          3.8G       3.7G       107M       5.7M        28M       3.3G

MemTotal:        4016004 kB
MemFree:          113068 kB
Active:           358932 kB
Mem:          3.8G       3.7G       109M       5.7M        28M       3.3G

MemTotal:        4016004 kB
MemFree:          114816 kB
Active:           358932 kB
Mem:          3.8G       3.7G       111M       5.7M        28M       3.2G

MemTotal:        4016004 kB
MemFree:          123276 kB
Active:           358932 kB
Mem:          3.8G       3.7G       119M       5.7M        28M       3.2G

MemTotal:        4016004 kB
MemFree:          112276 kB
Active:           358932 kB
Mem:          3.8G       3.7G       109M       5.7M        28M       3.3G

MemTotal:        4016004 kB
MemFree:          129824 kB
Active:           356764 kB
Mem:          3.8G       3.7G       127M       5.7M        28M       3.2G

MemTotal:        4016004 kB
MemFree:          126328 kB
Active:           356628 kB
Mem:          3.8G       3.7G       123M       5.7M        28M       3.2G

MemTotal:        4016004 kB
MemFree:          123244 kB
Active:           356636 kB
Mem:          3.8G       3.7G       120M       5.7M        28M       3.2G

MemTotal:        4016004 kB
MemFree:          114340 kB
Active:           356636 kB
Mem:          3.8G       3.7G       111M       5.7M        28M       3.2G

MemTotal:        4016004 kB
MemFree:          134972 kB
Active:           356636 kB
Mem:          3.8G       3.7G       131M       5.7M        29M       3.2G

MemTotal:        4016004 kB
MemFree:          126260 kB
Active:           356644 kB
Mem:          3.8G       3.7G       122M       5.7M        29M       3.2G

MemTotal:        4016004 kB
MemFree:          128644 kB
Active:           356644 kB
Mem:          3.8G       3.7G       124M       5.7M        29M       3.2G

MemTotal:        4016004 kB
MemFree:          129084 kB
Active:           356644 kB
Mem:          3.8G       3.7G       125M       5.7M        29M       3.2G

MemTotal:        4016004 kB
MemFree:          108820 kB
Active:           356644 kB
Mem:          3.8G       3.7G       105M       5.7M        29M       3.3G

MemTotal:        4016004 kB
MemFree:          135228 kB
Active:           356648 kB
Mem:          3.8G       3.7G       131M       5.7M        29M       3.2G

MemTotal:        4016004 kB
MemFree:          142960 kB
Active:           356656 kB
Mem:          3.8G       3.7G       139M       5.7M        29M       3.2G

MemTotal:        4016004 kB
MemFree:          121408 kB
Active:           356656 kB
Mem:          3.8G       3.7G       118M       5.7M        29M       3.2G

MemTotal:        4016004 kB
MemFree:          114128 kB
Active:           356632 kB
Mem:          3.8G       3.7G       110M       5.7M        29M       3.2G

MemTotal:        4016004 kB
MemFree:          105168 kB
Active:           356688 kB
Mem:          3.8G       3.7G       102M       5.7M        29M       3.3G

MemTotal:        4016004 kB
MemFree:          129844 kB
Active:           352152 kB
Mem:          3.8G       3.7G       126M       5.7M        29M       3.2G

MemTotal:        4016004 kB
MemFree:          108040 kB
Active:           352148 kB
Mem:          3.8G       3.7G       104M       5.7M        29M       3.3G

MemTotal:        4016004 kB
MemFree:          117524 kB
Active:           352160 kB
Mem:          3.8G       3.7G       113M       5.7M        29M       3.2G

MemTotal:        4016004 kB
MemFree:          107384 kB
Active:           352160 kB
Mem:          3.8G       3.7G       104M       5.7M        29M       3.3G

MemTotal:        4016004 kB
MemFree:          134428 kB
Active:           352160 kB
Mem:          3.8G       3.7G       131M       5.7M        29M       3.2G

MemTotal:        4016004 kB
MemFree:          125216 kB
Active:           352160 kB
Mem:          3.8G       3.7G       121M       5.7M        29M       3.2G

MemTotal:        4016004 kB
MemFree:          127672 kB
Active:           352168 kB
Mem:          3.8G       3.7G       123M       5.7M        29M       3.2G

MemTotal:        4016004 kB
MemFree:          105108 kB
Active:           352168 kB
Mem:          3.8G       3.7G       105M       5.7M        29M       3.3G

MemTotal:        4016004 kB
MemFree:          126248 kB
Active:           352172 kB
Mem:          3.8G       3.7G       122M       5.7M        29M       3.2G

MemTotal:        4016004 kB
MemFree:          122056 kB
Active:           352172 kB
Mem:          3.8G       3.7G       118M       5.7M        29M       3.2G

MemTotal:        4016004 kB
MemFree:          128220 kB
Active:           352148 kB
Mem:          3.8G       3.7G       124M       5.7M        29M       3.2G

MemTotal:        4016004 kB
MemFree:          127508 kB
Active:           352176 kB
Mem:          3.8G       3.7G       124M       5.7M        29M       3.2G

MemTotal:        4016004 kB
MemFree:          127508 kB
Active:           352160 kB
Mem:          3.8G       3.7G       124M       5.7M        29M       3.2G

MemTotal:        4016004 kB
MemFree:          127732 kB
Active:           352140 kB
Mem:          3.8G       3.7G       124M       5.7M        29M       3.2G

MemTotal:        4016004 kB
MemFree:          122972 kB
Active:           352192 kB
Mem:          3.8G       3.7G       119M       5.7M        29M       3.2G

MemTotal:        4016004 kB
MemFree:          124860 kB
Active:           352196 kB
Mem:          3.8G       3.7G       121M       5.7M        29M       3.2G

MemTotal:        4016004 kB
MemFree:          133320 kB
Active:           352204 kB
Mem:          3.8G       3.7G       129M       5.7M        29M       3.2G

MemTotal:        4016004 kB
MemFree:          129400 kB
Active:           351784 kB
Mem:          3.8G       3.7G       125M       5.7M        29M       3.2G

MemTotal:        4016004 kB
MemFree:          130808 kB
Active:           351608 kB
Mem:          3.8G       3.7G       127M       5.7M        29M       3.2G

MemTotal:        4016004 kB
MemFree:          110236 kB
Active:           351608 kB
Mem:          3.8G       3.7G       107M       5.7M        29M       3.3G

MemTotal:        4016004 kB
MemFree:          125112 kB
Active:           351608 kB
Mem:          3.8G       3.7G       121M       5.7M        29M       3.2G

MemTotal:        4016004 kB
MemFree:          108500 kB
Active:           351616 kB
Mem:          3.8G       3.7G       104M       5.7M        29M       3.3G

MemTotal:        4016004 kB
MemFree:          110848 kB
Active:           351628 kB
Mem:          3.8G       3.7G       107M       5.7M        29M       3.3G

MemTotal:        4016004 kB
MemFree:          117036 kB
Active:           351632 kB
Mem:          3.8G       3.7G       114M       5.7M        29M       3.2G

MemTotal:        4016004 kB
MemFree:          108840 kB
Active:           351632 kB
Mem:          3.8G       3.7G       105M       5.7M        29M       3.3G

MemTotal:        4016004 kB
MemFree:          134552 kB
Active:           351632 kB
Mem:          3.8G       3.7G       131M       5.7M        29M       3.2G

MemTotal:        4016004 kB
MemFree:          114016 kB
Active:           351444 kB
Mem:          3.8G       3.7G       111M       5.7M        29M       3.2G

MemTotal:        4016004 kB
MemFree:          113924 kB
Active:           351296 kB
Mem:          3.8G       3.7G       111M       5.7M        29M       3.2G

MemTotal:        4016004 kB
MemFree:          113924 kB
Active:           351340 kB
Mem:          3.8G       3.7G       110M       5.7M        29M       3.2G

MemTotal:        4016004 kB
MemFree:          114048 kB
Active:           351308 kB
Mem:          3.8G       3.7G       111M       5.7M        29M       3.2G

MemTotal:        4016004 kB
MemFree:          113972 kB
Active:           351332 kB
Mem:          3.8G       3.7G       111M       5.7M        29M       3.2G

MemTotal:        4016004 kB
MemFree:          113636 kB
Active:           351308 kB
Mem:          3.8G       3.7G       110M       5.7M        29M       3.2G

MemTotal:        4016004 kB
MemFree:          113496 kB
Active:           351356 kB
Mem:          3.8G       3.7G       110M       5.7M        29M       3.2G

MemTotal:        4016004 kB
MemFree:          113564 kB
Active:           351320 kB
Mem:          3.8G       3.7G       110M       5.7M        29M       3.2G

MemTotal:        4016004 kB
MemFree:          113848 kB
Active:           351368 kB
Mem:          3.8G       3.7G       111M       5.7M        29M       3.2G

MemTotal:        4016004 kB
MemFree:          113880 kB
Active:           351348 kB
Mem:          3.8G       3.7G       111M       5.7M        29M       3.2G

MemTotal:        4016004 kB
MemFree:          114004 kB
Active:           351320 kB
Mem:          3.8G       3.7G       111M       5.7M        29M       3.2G

MemTotal:        4016004 kB
MemFree:          114004 kB
Active:           351356 kB
Mem:          3.8G       3.7G       111M       5.7M        29M       3.2G

MemTotal:        4016004 kB
MemFree:          113880 kB
Active:           351360 kB
Mem:          3.8G       3.7G       111M       5.7M        29M       3.2G

MemTotal:        4016004 kB
MemFree:          113880 kB
Active:           351352 kB
Mem:          3.8G       3.7G       111M       5.7M        29M       3.2G

MemTotal:        4016004 kB
MemFree:          114100 kB
Active:           351372 kB
Mem:          3.8G       3.7G       111M       5.7M        29M       3.2G

MemTotal:        4016004 kB
MemFree:          113976 kB
Active:           351340 kB
Mem:          3.8G       3.7G       111M       5.7M        29M       3.2G

MemTotal:        4016004 kB
MemFree:          113976 kB
Active:           351324 kB
Mem:          3.8G       3.7G       111M       5.7M        29M       3.2G

MemTotal:        4016004 kB
MemFree:          113976 kB
Active:           351376 kB
Mem:          3.8G       3.7G       111M       5.7M        29M       3.2G

MemTotal:        4016004 kB
MemFree:          114100 kB
Active:           351360 kB
Mem:          3.8G       3.7G       111M       5.7M        29M       3.2G

MemTotal:        4016004 kB
MemFree:          114224 kB
Active:           351360 kB
Mem:          3.8G       3.7G       111M       5.7M        29M       3.2G

MemTotal:        4016004 kB
MemFree:          114224 kB
Active:           351344 kB
Mem:          3.8G       3.7G       111M       5.7M        29M       3.2G

MemTotal:        4016004 kB
MemFree:          114100 kB
Active:           351352 kB
Mem:          3.8G       3.7G       111M       5.7M        29M       3.2G

MemTotal:        4016004 kB
MemFree:          114224 kB
Active:           351340 kB
Mem:          3.8G       3.7G       111M       5.7M        29M       3.2G

MemTotal:        4016004 kB
MemFree:          114224 kB
Active:           351380 kB
Mem:          3.8G       3.7G       111M       5.7M        29M       3.2G

MemTotal:        4016004 kB
MemFree:          114100 kB
Active:           351384 kB
Mem:          3.8G       3.7G       111M       5.7M        29M       3.2G

MemTotal:        4016004 kB
MemFree:          114224 kB
Active:           351388 kB
Mem:          3.8G       3.7G       111M       5.7M        29M       3.2G

MemTotal:        4016004 kB
MemFree:          114100 kB
Active:           351388 kB
Mem:          3.8G       3.7G       111M       5.7M        29M       3.2G

MemTotal:        4016004 kB
MemFree:          114116 kB
Active:           351348 kB
Mem:          3.8G       3.7G       111M       5.7M        29M       3.2G

MemTotal:        4016004 kB
MemFree:          114240 kB
Active:           351392 kB
Mem:          3.8G       3.7G       111M       5.7M        29M       3.2G

MemTotal:        4016004 kB
MemFree:          114364 kB
Active:           351400 kB
Mem:          3.8G       3.7G       111M       5.7M        29M       3.2G

MemTotal:        4016004 kB
MemFree:          114364 kB
Active:           351396 kB
Mem:          3.8G       3.7G       111M       5.7M        29M       3.2G

MemTotal:        4016004 kB
MemFree:          114240 kB
Active:           351404 kB
Mem:          3.8G       3.7G       111M       5.7M        29M       3.2G

MemTotal:        4016004 kB
MemFree:          114364 kB
Active:           351400 kB
Mem:          3.8G       3.7G       111M       5.7M        29M       3.2G

MemTotal:        4016004 kB
MemFree:          114240 kB
Active:           351356 kB
Mem:          3.8G       3.7G       111M       5.7M        29M       3.2G

MemTotal:        4016004 kB
MemFree:          114240 kB
Active:           351404 kB
Mem:          3.8G       3.7G       111M       5.7M        29M       3.2G

MemTotal:        4016004 kB
MemFree:          114240 kB
Active:           351396 kB
Mem:          3.8G       3.7G       111M       5.7M        29M       3.2G

MemTotal:        4016004 kB
MemFree:          114240 kB
Active:           351408 kB
Mem:          3.8G       3.7G       111M       5.7M        29M       3.2G

MemTotal:        4016004 kB
MemFree:          114116 kB
Active:           351396 kB
Mem:          3.8G       3.7G       111M       5.7M        29M       3.2G

MemTotal:        4016004 kB
MemFree:          114240 kB
Active:           351400 kB
Mem:          3.8G       3.7G       111M       5.7M        29M       3.2G

MemTotal:        4016004 kB
MemFree:          114116 kB
Active:           351408 kB
Mem:          3.8G       3.7G       111M       5.7M        29M       3.2G

MemTotal:        4016004 kB
MemFree:          114116 kB
Active:           351404 kB
Mem:          3.8G       3.7G       111M       5.7M        29M       3.2G

MemTotal:        4016004 kB
MemFree:          114116 kB
Active:           351380 kB
Mem:          3.8G       3.7G       111M       5.7M        29M       3.2G

MemTotal:        4016004 kB
MemFree:          114116 kB
Active:           351380 kB
Mem:          3.8G       3.7G       111M       5.7M        29M       3.2G

MemTotal:        4016004 kB
MemFree:          114116 kB
Active:           351380 kB
Mem:          3.8G       3.7G       111M       5.7M        29M       3.2G

MemTotal:        4016004 kB
MemFree:          114116 kB
Active:           351428 kB
Mem:          3.8G       3.7G       111M       5.7M        29M       3.2G

MemTotal:        4016004 kB
MemFree:          114116 kB
Active:           351420 kB
Mem:          3.8G       3.7G       111M       5.7M        29M       3.2G

MemTotal:        4016004 kB
MemFree:          114116 kB
Active:           351436 kB
Mem:          3.8G       3.7G       111M       5.7M        29M       3.2G

MemTotal:        4016004 kB
MemFree:          114116 kB
Active:           351384 kB
Mem:          3.8G       3.7G       111M       5.7M        29M       3.2G

MemTotal:        4016004 kB
MemFree:          113992 kB
Active:           351436 kB
Mem:          3.8G       3.7G       111M       5.7M        29M       3.2G

MemTotal:        4016004 kB
MemFree:          114116 kB
Active:           351432 kB
Mem:          3.8G       3.7G       111M       5.7M        29M       3.2G

MemTotal:        4016004 kB
MemFree:          114116 kB
Active:           351432 kB
Mem:          3.8G       3.7G       111M       5.7M        29M       3.2G

MemTotal:        4016004 kB
MemFree:          114116 kB
Active:           351416 kB
Mem:          3.8G       3.7G       111M       5.7M        29M       3.2G

MemTotal:        4016004 kB
MemFree:          114116 kB
Active:           351404 kB
Mem:          3.8G       3.7G       111M       5.7M        29M       3.2G

MemTotal:        4016004 kB
MemFree:          114116 kB
Active:           351436 kB
Mem:          3.8G       3.7G       111M       5.7M        29M       3.2G

MemTotal:        4016004 kB
MemFree:          113992 kB
Active:           351428 kB
Mem:          3.8G       3.7G       111M       5.7M        29M       3.2G

MemTotal:        4016004 kB
MemFree:          114240 kB
Active:           351408 kB
Mem:          3.8G       3.7G       111M       5.7M        29M       3.2G

MemTotal:        4016004 kB
MemFree:          113992 kB
Active:           351412 kB
Mem:          3.8G       3.7G       111M       5.7M        29M       3.2G

MemTotal:        4016004 kB
MemFree:          114240 kB
Active:           351428 kB
Mem:          3.8G       3.7G       111M       5.7M        29M       3.2G

MemTotal:        4016004 kB
MemFree:          114116 kB
Active:           351436 kB
Mem:          3.8G       3.7G       111M       5.7M        29M       3.2G

MemTotal:        4016004 kB
MemFree:          114116 kB
Active:           351424 kB
Mem:          3.8G       3.7G       111M       5.7M        29M       3.2G

MemTotal:        4016004 kB
MemFree:          113992 kB
Active:           351416 kB
Mem:          3.8G       3.7G       111M       5.7M        29M       3.2G

MemTotal:        4016004 kB
MemFree:          114116 kB
Active:           351420 kB
Mem:          3.8G       3.7G       111M       5.7M        29M       3.2G

MemTotal:        4016004 kB
MemFree:          114116 kB
Active:           351416 kB
Mem:          3.8G       3.7G       111M       5.7M        29M       3.2G

MemTotal:        4016004 kB
MemFree:          114116 kB
Active:           351468 kB
Mem:          3.8G       3.7G       111M       5.7M        29M       3.2G

MemTotal:        4016004 kB
MemFree:          114116 kB
Active:           351448 kB
Mem:          3.8G       3.7G       111M       5.7M        29M       3.2G

MemTotal:        4016004 kB
MemFree:          113992 kB
Active:           351444 kB
Mem:          3.8G       3.7G       111M       5.7M        29M       3.2G

MemTotal:        4016004 kB
MemFree:          113992 kB
Active:           351428 kB
Mem:          3.8G       3.7G       111M       5.7M        29M       3.2G

MemTotal:        4016004 kB
MemFree:          113992 kB
Active:           351464 kB
Mem:          3.8G       3.7G       111M       5.7M        29M       3.2G

MemTotal:        4016004 kB
MemFree:          114100 kB
Active:           351444 kB
Mem:          3.8G       3.7G       111M       5.7M        29M       3.2G

MemTotal:        4016004 kB
MemFree:          113976 kB
Active:           351436 kB
Mem:          3.8G       3.7G       111M       5.7M        29M       3.2G

MemTotal:        4016004 kB
MemFree:          113976 kB
Active:           351436 kB
Mem:          3.8G       3.7G       111M       5.7M        29M       3.2G

MemTotal:        4016004 kB
MemFree:          114224 kB
Active:           351432 kB
Mem:          3.8G       3.7G       111M       5.7M        29M       3.2G

MemTotal:        4016004 kB
MemFree:          114100 kB
Active:           351428 kB
Mem:          3.8G       3.7G       111M       5.7M        29M       3.2G

MemTotal:        4016004 kB
MemFree:          114100 kB
Active:           351424 kB
Mem:          3.8G       3.7G       111M       5.7M        29M       3.2G

MemTotal:        4016004 kB
MemFree:          113976 kB
Active:           351464 kB
Mem:          3.8G       3.7G       111M       5.7M        29M       3.2G

MemTotal:        4016004 kB
MemFree:          113976 kB
Active:           351452 kB
Mem:          3.8G       3.7G       111M       5.7M        29M       3.2G

MemTotal:        4016004 kB
MemFree:          113976 kB
Active:           351488 kB
Mem:          3.8G       3.7G       111M       5.7M        29M       3.2G

MemTotal:        4016004 kB
MemFree:          114100 kB
Active:           351476 kB
Mem:          3.8G       3.7G       111M       5.7M        29M       3.2G

MemTotal:        4016004 kB
MemFree:          113976 kB
Active:           351500 kB
Mem:          3.8G       3.7G       111M       5.7M        29M       3.2G

MemTotal:        4016004 kB
MemFree:          113976 kB
Active:           351456 kB
Mem:          3.8G       3.7G       111M       5.7M        29M       3.2G

MemTotal:        4016004 kB
MemFree:          113976 kB
Active:           351492 kB
Mem:          3.8G       3.7G       111M       5.7M        29M       3.2G

MemTotal:        4016004 kB
MemFree:          114100 kB
Active:           351492 kB
Mem:          3.8G       3.7G       111M       5.7M        29M       3.2G

MemTotal:        4016004 kB
MemFree:          114224 kB
Active:           351488 kB
Mem:          3.8G       3.7G       111M       5.7M        29M       3.2G

MemTotal:        4016004 kB
MemFree:          114224 kB
Active:           351488 kB
Mem:          3.8G       3.7G       111M       5.7M        29M       3.2G

MemTotal:        4016004 kB
MemFree:          114100 kB
Active:           351472 kB
Mem:          3.8G       3.7G       111M       5.7M        29M       3.2G

MemTotal:        4016004 kB
MemFree:          113976 kB
Active:           351504 kB
Mem:          3.8G       3.7G       111M       5.7M        29M       3.2G

MemTotal:        4016004 kB
MemFree:          113976 kB
Active:           351508 kB
Mem:          3.8G       3.7G       111M       5.7M        29M       3.2G

MemTotal:        4016004 kB
MemFree:          113728 kB
Active:           351484 kB
Mem:          3.8G       3.7G       111M       5.7M        29M       3.2G

MemTotal:        4016004 kB
MemFree:          113728 kB
Active:           351676 kB
Mem:          3.8G       3.7G       110M       5.7M        29M       3.2G

MemTotal:        4016004 kB
MemFree:          113540 kB
Active:           351580 kB
Mem:          3.8G       3.7G       110M       5.7M        29M       3.2G

MemTotal:        4016004 kB
MemFree:          113540 kB
Active:           351572 kB
Mem:          3.8G       3.7G       110M       5.7M        29M       3.2G

MemTotal:        4016004 kB
MemFree:          113556 kB
Active:           351592 kB
Mem:          3.8G       3.7G       110M       5.7M        29M       3.2G

MemTotal:        4016004 kB
MemFree:          113556 kB
Active:           351588 kB
Mem:          3.8G       3.7G       111M       5.7M        29M       3.2G

MemTotal:        4016004 kB
MemFree:          113680 kB
Active:           351592 kB
Mem:          3.8G       3.7G       111M       5.7M        29M       3.2G

MemTotal:        4016004 kB
MemFree:          113680 kB
Active:           351600 kB
Mem:          3.8G       3.7G       110M       5.7M        29M       3.2G

MemTotal:        4016004 kB
MemFree:          113556 kB
Active:           351592 kB
Mem:          3.8G       3.7G       110M       5.7M        29M       3.2G

MemTotal:        4016004 kB
MemFree:          113680 kB
Active:           351596 kB
Mem:          3.8G       3.7G       110M       5.7M        29M       3.2G

MemTotal:        4016004 kB
MemFree:          113556 kB
Active:           351572 kB
Mem:          3.8G       3.7G       110M       5.7M        29M       3.2G

MemTotal:        4016004 kB
MemFree:          113556 kB
Active:           351604 kB
Mem:          3.8G       3.7G       110M       5.7M        29M       3.2G

MemTotal:        4016004 kB
MemFree:          113680 kB
Active:           351464 kB
Mem:          3.8G       3.7G       110M       5.7M        29M       3.2G

MemTotal:        4016004 kB
MemFree:          113556 kB
Active:           351408 kB
Mem:          3.8G       3.7G       110M       5.7M        29M       3.2G

MemTotal:        4016004 kB
MemFree:          113804 kB
Active:           351580 kB
Mem:          3.8G       3.7G       110M       5.7M        29M       3.2G

MemTotal:        4016004 kB
MemFree:          113680 kB
Active:           351572 kB
Mem:          3.8G       3.7G       110M       5.7M        29M       3.2G

MemTotal:        4016004 kB
MemFree:          113680 kB
Active:           351480 kB
Mem:          3.8G       3.7G       110M       5.7M        29M       3.2G

MemTotal:        4016004 kB
MemFree:          113804 kB
Active:           351468 kB
Mem:          3.8G       3.7G       110M       5.7M        29M       3.2G

MemTotal:        4016004 kB
MemFree:          113820 kB
Active:           351596 kB
Mem:          3.8G       3.7G       110M       5.7M        29M       3.2G

MemTotal:        4016004 kB
MemFree:          113620 kB
Active:           351608 kB
Mem:          3.8G       3.7G       110M       5.7M        29M       3.2G

MemTotal:        4016004 kB
MemFree:          113496 kB
Active:           351716 kB
Mem:          3.8G       3.7G       111M       5.7M        29M       3.2G

MemTotal:        4016004 kB
MemFree:          113496 kB
Active:           351688 kB
Mem:          3.8G       3.7G       110M       5.7M        29M       3.2G

MemTotal:        4016004 kB
MemFree:          113744 kB
Active:           351628 kB
Mem:          3.8G       3.7G       110M       5.7M        29M       3.2G

MemTotal:        4016004 kB
MemFree:          113620 kB
Active:           351600 kB
Mem:          3.8G       3.7G       111M       5.7M        29M       3.2G

MemTotal:        4016004 kB
MemFree:          113520 kB
Active:           351732 kB
Mem:          3.8G       3.7G       111M       5.7M        29M       3.2G

MemTotal:        4016004 kB
MemFree:          113668 kB
Active:           351636 kB
Mem:          3.8G       3.7G       111M       5.7M        29M       3.2G

MemTotal:        4016004 kB
MemFree:          113592 kB
Active:           351772 kB
Mem:          3.8G       3.7G       110M       5.7M        29M       3.2G

MemTotal:        4016004 kB
MemFree:          113740 kB
Active:           351748 kB
Mem:          3.8G       3.7G       110M       5.7M        29M       3.2G

MemTotal:        4016004 kB
MemFree:          113616 kB
Active:           351688 kB
Mem:          3.8G       3.7G       110M       5.7M        29M       3.2G

MemTotal:        4016004 kB
MemFree:          113616 kB
Active:           351756 kB
Mem:          3.8G       3.7G       110M       5.7M        29M       3.2G

MemTotal:        4016004 kB
MemFree:          113372 kB
Active:           351652 kB
Mem:          3.8G       3.7G       110M       5.7M        29M       3.2G

MemTotal:        4016004 kB
MemFree:          113620 kB
Active:           351612 kB
Mem:          3.8G       3.7G       110M       5.7M        29M       3.2G

MemTotal:        4016004 kB
MemFree:          113620 kB
Active:           351636 kB
Mem:          3.8G       3.7G       111M       5.7M        29M       3.2G

MemTotal:        4016004 kB
MemFree:          113620 kB
Active:           351620 kB
Mem:          3.8G       3.7G       110M       5.7M        29M       3.2G

MemTotal:        4016004 kB
MemFree:          113744 kB
Active:           351604 kB
Mem:          3.8G       3.7G       111M       5.7M        29M       3.2G

MemTotal:        4016004 kB
MemFree:          113868 kB
Active:           351632 kB
Mem:          3.8G       3.7G       110M       5.7M        29M       3.2G

MemTotal:        4016004 kB
MemFree:          113744 kB
Active:           351612 kB
Mem:          3.8G       3.7G       111M       5.7M        29M       3.2G

MemTotal:        4016004 kB
MemFree:          113744 kB
Active:           351608 kB
Mem:          3.8G       3.7G       110M       5.7M        29M       3.2G

MemTotal:        4016004 kB
MemFree:          113372 kB
Active:           351644 kB
Mem:          3.8G       3.7G       110M       5.7M        29M       3.2G

MemTotal:        4016004 kB
MemFree:          113496 kB
Active:           351652 kB
Mem:          3.8G       3.7G       110M       5.7M        29M       3.2G

MemTotal:        4016004 kB
MemFree:          113372 kB
Active:           351640 kB
Mem:          3.8G       3.7G       110M       5.7M        29M       3.2G

MemTotal:        4016004 kB
MemFree:          113620 kB
Active:           351656 kB
Mem:          3.8G       3.7G       110M       5.7M        29M       3.2G

MemTotal:        4016004 kB
MemFree:          113744 kB
Active:           351660 kB
Mem:          3.8G       3.7G       110M       5.7M        29M       3.2G

MemTotal:        4016004 kB
MemFree:          113744 kB
Active:           351656 kB
Mem:          3.8G       3.7G       111M       5.7M        29M       3.2G

MemTotal:        4016004 kB
MemFree:          113744 kB
Active:           351660 kB
Mem:          3.8G       3.7G       110M       5.7M        29M       3.2G

MemTotal:        4016004 kB
MemFree:          113744 kB
Active:           351664 kB
Mem:          3.8G       3.7G       110M       5.7M        29M       3.2G

MemTotal:        4016004 kB
MemFree:          113620 kB
Active:           351660 kB
Mem:          3.8G       3.7G       110M       5.7M        29M       3.2G

MemTotal:        4016004 kB
MemFree:          113620 kB
Active:           351644 kB
Mem:          3.8G       3.7G       110M       5.7M        29M       3.2G

MemTotal:        4016004 kB
MemFree:          113620 kB
Active:           351680 kB
Mem:          3.8G       3.7G       110M       5.7M        29M       3.2G

MemTotal:        4016004 kB
MemFree:          113496 kB
Active:           351660 kB
Mem:          3.8G       3.7G       110M       5.7M        29M       3.2G

MemTotal:        4016004 kB
MemFree:          113620 kB
Active:           351648 kB
Mem:          3.8G       3.7G       110M       5.7M        29M       3.2G

MemTotal:        4016004 kB
MemFree:          113496 kB
Active:           351680 kB
Mem:          3.8G       3.7G       110M       5.7M        29M       3.2G

MemTotal:        4016004 kB
MemFree:          113372 kB
Active:           351676 kB
Mem:          3.8G       3.7G       110M       5.7M        29M       3.2G

MemTotal:        4016004 kB
MemFree:          113496 kB
Active:           351696 kB
Mem:          3.8G       3.7G       110M       5.7M        29M       3.2G

MemTotal:        4016004 kB
MemFree:          113372 kB
Active:           351676 kB
Mem:          3.8G       3.7G       110M       5.7M        29M       3.2G

MemTotal:        4016004 kB
MemFree:          113496 kB
Active:           351668 kB
Mem:          3.8G       3.7G       110M       5.7M        29M       3.2G

MemTotal:        4016004 kB
MemFree:          113620 kB
Active:           351648 kB
Mem:          3.8G       3.7G       110M       5.7M        29M       3.2G

MemTotal:        4016004 kB
MemFree:          113620 kB
Active:           351644 kB
Mem:          3.8G       3.7G       111M       5.7M        29M       3.2G

MemTotal:        4016004 kB
MemFree:          113620 kB
Active:           351640 kB
Mem:          3.8G       3.7G       110M       5.7M        29M       3.2G

MemTotal:        4016004 kB
MemFree:          113496 kB
Active:           351648 kB
Mem:          3.8G       3.7G       110M       5.7M        29M       3.2G

MemTotal:        4016004 kB
MemFree:          113620 kB
Active:           351656 kB
Mem:          3.8G       3.7G       110M       5.7M        29M       3.2G

MemTotal:        4016004 kB
MemFree:          113744 kB
Active:           351700 kB
Mem:          3.8G       3.7G       110M       5.7M        29M       3.2G

MemTotal:        4016004 kB
MemFree:          113620 kB
Active:           351672 kB
Mem:          3.8G       3.7G       110M       5.7M        29M       3.2G

MemTotal:        4016004 kB
MemFree:          113496 kB
Active:           351664 kB
Mem:          3.8G       3.7G       110M       5.7M        29M       3.2G

MemTotal:        4016004 kB
MemFree:          113496 kB
Active:           351700 kB
Mem:          3.8G       3.7G       110M       5.7M        29M       3.2G

MemTotal:        4016004 kB
MemFree:          113620 kB
Active:           351672 kB
Mem:          3.8G       3.7G       111M       5.7M        29M       3.2G

MemTotal:        4016004 kB
MemFree:          113372 kB
Active:           351660 kB
Mem:          3.8G       3.7G       110M       5.7M        29M       3.2G

MemTotal:        4016004 kB
MemFree:          113372 kB
Active:           351708 kB
Mem:          3.8G       3.7G       110M       5.7M        29M       3.2G

MemTotal:        4016004 kB
MemFree:          113496 kB
Active:           351724 kB
Mem:          3.8G       3.7G       110M       5.7M        29M       3.2G

MemTotal:        4016004 kB
MemFree:          113496 kB
Active:           351672 kB
Mem:          3.8G       3.7G       110M       5.7M        29M       3.2G

MemTotal:        4016004 kB
MemFree:          113496 kB
Active:           351712 kB
Mem:          3.8G       3.7G       110M       5.7M        29M       3.2G

MemTotal:        4016004 kB
MemFree:          113372 kB
Active:           351716 kB
Mem:          3.8G       3.7G       110M       5.7M        29M       3.2G

MemTotal:        4016004 kB
MemFree:          113124 kB
Active:           351672 kB
Mem:          3.8G       3.7G       110M       5.7M        29M       3.2G

MemTotal:        4016004 kB
MemFree:          113124 kB
Active:           351728 kB
Mem:          3.8G       3.7G       110M       5.7M        29M       3.2G

MemTotal:        4016004 kB
MemFree:          113248 kB
Active:           351724 kB
Mem:          3.8G       3.7G       110M       5.7M        29M       3.2G

MemTotal:        4016004 kB
MemFree:          113248 kB
Active:           351708 kB
Mem:          3.8G       3.7G       110M       5.7M        29M       3.2G

MemTotal:        4016004 kB
MemFree:          113372 kB
Active:           351700 kB
Mem:          3.8G       3.7G       110M       5.7M        29M       3.2G

MemTotal:        4016004 kB
MemFree:          113620 kB
Active:           351740 kB
Mem:          3.8G       3.7G       110M       5.7M        29M       3.2G

MemTotal:        4016004 kB
MemFree:          113496 kB
Active:           351748 kB
Mem:          3.8G       3.7G       110M       5.7M        29M       3.2G

MemTotal:        4016004 kB
MemFree:          113496 kB
Active:           351704 kB
Mem:          3.8G       3.7G       110M       5.7M        29M       3.2G

MemTotal:        4016004 kB
MemFree:          113620 kB
Active:           351696 kB
Mem:          3.8G       3.7G       110M       5.7M        29M       3.2G

MemTotal:        4016004 kB
MemFree:          113496 kB
Active:           351708 kB
Mem:          3.8G       3.7G       110M       5.7M        29M       3.2G

MemTotal:        4016004 kB
MemFree:          113372 kB
Active:           351708 kB
Mem:          3.8G       3.7G       110M       5.7M        29M       3.2G

MemTotal:        4016004 kB
MemFree:          113496 kB
Active:           351696 kB
Mem:          3.8G       3.7G       110M       5.7M        29M       3.2G

MemTotal:        4016004 kB
MemFree:          113496 kB
Active:           351740 kB
Mem:          3.8G       3.7G       110M       5.7M        29M       3.2G

MemTotal:        4016004 kB
MemFree:          113496 kB
Active:           351720 kB
Mem:          3.8G       3.7G       110M       5.7M        29M       3.2G

MemTotal:        4016004 kB
MemFree:          113124 kB
Active:           351752 kB
Mem:          3.8G       3.7G       110M       5.7M        29M       3.2G

MemTotal:        4016004 kB
MemFree:          113372 kB
Active:           351728 kB
Mem:          3.8G       3.7G       110M       5.7M        29M       3.2G

MemTotal:        4016004 kB
MemFree:          113372 kB
Active:           351712 kB
Mem:          3.8G       3.7G       110M       5.7M        29M       3.2G

MemTotal:        4016004 kB
MemFree:          113248 kB
Active:           351748 kB
Mem:          3.8G       3.7G       110M       5.7M        29M       3.2G

MemTotal:        4016004 kB
MemFree:          113372 kB
Active:           351740 kB
Mem:          3.8G       3.7G       110M       5.7M        29M       3.2G

MemTotal:        4016004 kB
MemFree:          113372 kB
Active:           351724 kB
Mem:          3.8G       3.7G       110M       5.7M        29M       3.2G

MemTotal:        4016004 kB
MemFree:          113496 kB
Active:           351700 kB
Mem:          3.8G       3.7G       110M       5.7M        29M       3.2G

MemTotal:        4016004 kB
MemFree:          113496 kB
Active:           351708 kB
Mem:          3.8G       3.7G       110M       5.7M        29M       3.2G

MemTotal:        4016004 kB
MemFree:          113496 kB
Active:           351752 kB
Mem:          3.8G       3.7G       110M       5.7M        29M       3.2G

MemTotal:        4016004 kB
MemFree:          113496 kB
Active:           351736 kB
Mem:          3.8G       3.7G       110M       5.7M        29M       3.2G

MemTotal:        4016004 kB
MemFree:          113372 kB
Active:           351748 kB
Mem:          3.8G       3.7G       110M       5.7M        29M       3.2G

MemTotal:        4016004 kB
MemFree:          113372 kB
Active:           351736 kB
Mem:          3.8G       3.7G       110M       5.7M        29M       3.2G

MemTotal:        4016004 kB
MemFree:          113372 kB
Active:           351776 kB
Mem:          3.8G       3.7G       110M       5.7M        29M       3.2G

MemTotal:        4016004 kB
MemFree:          113372 kB
Active:           351732 kB
Mem:          3.8G       3.7G       110M       5.7M        29M       3.2G

MemTotal:        4016004 kB
MemFree:          113496 kB
Active:           351724 kB
Mem:          3.8G       3.7G       110M       5.7M        29M       3.2G

MemTotal:        4016004 kB
MemFree:          113496 kB
Active:           351772 kB
Mem:          3.8G       3.7G       110M       5.7M        29M       3.2G

MemTotal:        4016004 kB
MemFree:          113496 kB
Active:           351752 kB
Mem:          3.8G       3.7G       110M       5.7M        29M       3.2G

MemTotal:        4016004 kB
MemFree:          113372 kB
Active:           351732 kB
Mem:          3.8G       3.7G       110M       5.7M        29M       3.2G

MemTotal:        4016004 kB
MemFree:          113372 kB
Active:           351736 kB
Mem:          3.8G       3.7G       110M       5.7M        29M       3.2G

MemTotal:        4016004 kB
MemFree:          113372 kB
Active:           351768 kB
Mem:          3.8G       3.7G       110M       5.7M        29M       3.2G

MemTotal:        4016004 kB
MemFree:          113372 kB
Active:           351756 kB
Mem:          3.8G       3.7G       110M       5.7M        29M       3.2G

MemTotal:        4016004 kB
MemFree:          113496 kB
Active:           351748 kB
Mem:          3.8G       3.7G       110M       5.7M        29M       3.2G

MemTotal:        4016004 kB
MemFree:          113372 kB
Active:           351776 kB
Mem:          3.8G       3.7G       110M       5.7M        29M       3.2G

MemTotal:        4016004 kB
MemFree:          113480 kB
Active:           351748 kB
Mem:          3.8G       3.7G       110M       5.7M        29M       3.2G

MemTotal:        4016004 kB
MemFree:          113480 kB
Active:           351788 kB
Mem:          3.8G       3.7G       110M       5.7M        29M       3.2G

MemTotal:        4016004 kB
MemFree:          113356 kB
Active:           351760 kB
Mem:          3.8G       3.7G       110M       5.7M        29M       3.2G

MemTotal:        4016004 kB
MemFree:          113480 kB
Active:           351748 kB
Mem:          3.8G       3.7G       110M       5.7M        29M       3.2G

MemTotal:        4016004 kB
MemFree:          113356 kB
Active:           351796 kB
Mem:          3.8G       3.7G       110M       5.7M        29M       3.2G

MemTotal:        4016004 kB
MemFree:          113356 kB
Active:           351740 kB
Mem:          3.8G       3.7G       110M       5.7M        29M       3.2G

MemTotal:        4016004 kB
MemFree:          113356 kB
Active:           351784 kB
Mem:          3.8G       3.7G       110M       5.7M        29M       3.2G

MemTotal:        4016004 kB
MemFree:          113480 kB
Active:           351764 kB
Mem:          3.8G       3.7G       110M       5.7M        29M       3.2G

MemTotal:        4016004 kB
MemFree:          113480 kB
Active:           351756 kB
Mem:          3.8G       3.7G       110M       5.7M        29M       3.2G

MemTotal:        4016004 kB
MemFree:          113356 kB
Active:           351744 kB
Mem:          3.8G       3.7G       110M       5.7M        29M       3.2G

MemTotal:        4016004 kB
MemFree:          113356 kB
Active:           351788 kB
Mem:          3.8G       3.7G       110M       5.7M        29M       3.2G

MemTotal:        4016004 kB
MemFree:          113356 kB
Active:           351756 kB
Mem:          3.8G       3.7G       110M       5.7M        29M       3.2G

MemTotal:        4016004 kB
MemFree:          113652 kB
Active:           351576 kB
Mem:          3.8G       3.7G       110M       5.7M        29M       3.2G

MemTotal:        4016004 kB
MemFree:          113900 kB
Active:           351548 kB
Mem:          3.8G       3.7G       111M       5.7M        29M       3.2G

MemTotal:        4016004 kB
MemFree:          113404 kB
Active:           351600 kB
Mem:          3.8G       3.7G       110M       5.7M        29M       3.2G

MemTotal:        4016004 kB
MemFree:          113404 kB
Active:           351584 kB
Mem:          3.8G       3.7G       110M       5.7M        29M       3.2G

MemTotal:        4016004 kB
MemFree:          113156 kB
Active:           351560 kB
Mem:          3.8G       3.7G       110M       5.7M        29M       3.2G

MemTotal:        4016004 kB
MemFree:          113156 kB
Active:           351544 kB
Mem:          3.8G       3.7G       110M       5.7M        29M       3.2G

MemTotal:        4016004 kB
MemFree:          112908 kB
Active:           351608 kB
Mem:          3.8G       3.7G       110M       5.7M        29M       3.2G

MemTotal:        4016004 kB
MemFree:          113280 kB
Active:           351580 kB
Mem:          3.8G       3.7G       110M       5.7M        29M       3.2G

MemTotal:        4016004 kB
MemFree:          113404 kB
Active:           351592 kB
Mem:          3.8G       3.7G       110M       5.7M        29M       3.2G

MemTotal:        4016004 kB
MemFree:          113404 kB
Active:           351620 kB
Mem:          3.8G       3.7G       110M       5.7M        29M       3.2G

MemTotal:        4016004 kB
MemFree:          113404 kB
Active:           351620 kB
Mem:          3.8G       3.7G       110M       5.7M        29M       3.2G

MemTotal:        4016004 kB
MemFree:          113404 kB
Active:           351620 kB
Mem:          3.8G       3.7G       110M       5.7M        29M       3.2G

MemTotal:        4016004 kB
MemFree:          113528 kB
Active:           351600 kB
Mem:          3.8G       3.7G       110M       5.7M        29M       3.2G

MemTotal:        4016004 kB
MemFree:          113528 kB
Active:           351576 kB
Mem:          3.8G       3.7G       110M       5.7M        29M       3.2G

MemTotal:        4016004 kB
MemFree:          113032 kB
Active:           351628 kB
Mem:          3.8G       3.7G       110M       5.7M        29M       3.2G

MemTotal:        4016004 kB
MemFree:          113404 kB
Active:           351620 kB
Mem:          3.8G       3.7G       110M       5.7M        29M       3.2G

MemTotal:        4016004 kB
MemFree:          113420 kB
Active:           351628 kB
Mem:          3.8G       3.7G       110M       5.7M        29M       3.2G

MemTotal:        4016004 kB
MemFree:          113296 kB
Active:           351628 kB
Mem:          3.8G       3.7G       110M       5.7M        29M       3.2G

MemTotal:        4016004 kB
MemFree:          113668 kB
Active:           351612 kB
Mem:          3.8G       3.7G       110M       5.7M        29M       3.2G

MemTotal:        4016004 kB
MemFree:          113544 kB
Active:           351584 kB
Mem:          3.8G       3.7G       111M       5.7M        29M       3.2G

MemTotal:        4016004 kB
MemFree:          113792 kB
Active:           351624 kB
Mem:          3.8G       3.7G       111M       5.7M        29M       3.2G

MemTotal:        4016004 kB
MemFree:          113296 kB
Active:           351636 kB
Mem:          3.8G       3.7G       110M       5.7M        29M       3.2G

MemTotal:        4016004 kB
MemFree:          113800 kB
Active:           351588 kB
Mem:          3.8G       3.7G       111M       5.7M        29M       3.2G

MemTotal:        4016004 kB
MemFree:          113924 kB
Active:           351628 kB
Mem:          3.8G       3.7G       111M       5.7M        29M       3.2G

MemTotal:        4016004 kB
MemFree:          113924 kB
Active:           351624 kB
Mem:          3.8G       3.7G       110M       5.7M        29M       3.2G

MemTotal:        4016004 kB
MemFree:          113428 kB
Active:           351636 kB
Mem:          3.8G       3.7G       110M       5.7M        29M       3.2G

MemTotal:        4016004 kB
MemFree:          113428 kB
Active:           351624 kB
Mem:          3.8G       3.7G       110M       5.7M        29M       3.2G

MemTotal:        4016004 kB
MemFree:          112932 kB
Active:           351652 kB
Mem:          3.8G       3.7G       110M       5.7M        29M       3.2G

MemTotal:        4016004 kB
MemFree:          113552 kB
Active:           351596 kB
