MemTotal:        4016004 kB
MemFree:         3236364 kB
Active:           425024 kB
Mem:          3.8G       761M       3.1G       5.7M        52M       322M

MemTotal:        4016004 kB
MemFree:         3235836 kB
Active:           425448 kB
Mem:          3.8G       762M       3.1G       5.7M        52M       322M

MemTotal:        4016004 kB
MemFree:         3235804 kB
Active:           425524 kB
Mem:          3.8G       762M       3.1G       5.7M        52M       322M

MemTotal:        4016004 kB
MemFree:         3235416 kB
Active:           425500 kB
Mem:          3.8G       762M       3.1G       5.7M        52M       322M

MemTotal:        4016004 kB
MemFree:         3235540 kB
Active:           425540 kB
Mem:          3.8G       762M       3.1G       5.7M        52M       322M

MemTotal:        4016004 kB
MemFree:         3235276 kB
Active:           425516 kB
Mem:          3.8G       762M       3.1G       5.7M        52M       322M

MemTotal:        4016004 kB
MemFree:         3234748 kB
Active:           425540 kB
Mem:          3.8G       762M       3.1G       5.7M        52M       322M

MemTotal:        4016004 kB
MemFree:         3234624 kB
Active:           425532 kB
Mem:          3.8G       763M       3.1G       5.7M        52M       322M

MemTotal:        4016004 kB
MemFree:         3234732 kB
Active:           425540 kB
Mem:          3.8G       763M       3.1G       5.7M        52M       322M

MemTotal:        4016004 kB
MemFree:         3234856 kB
Active:           425548 kB
Mem:          3.8G       762M       3.1G       5.7M        52M       322M

MemTotal:        4016004 kB
MemFree:         3234716 kB
Active:           425552 kB
Mem:          3.8G       762M       3.1G       5.7M        52M       322M

MemTotal:        4016004 kB
MemFree:         3235072 kB
Active:           425512 kB
Mem:          3.8G       762M       3.1G       5.7M        52M       322M

MemTotal:        4016004 kB
MemFree:         3235444 kB
Active:           425524 kB
Mem:          3.8G       762M       3.1G       5.7M        52M       322M

MemTotal:        4016004 kB
MemFree:         3233536 kB
Active:           425524 kB
Mem:          3.8G       764M       3.1G       5.7M        52M       322M

MemTotal:        4016004 kB
MemFree:         3233444 kB
Active:           427560 kB
Mem:          3.8G       764M       3.1G       5.7M        52M       322M

MemTotal:        4016004 kB
MemFree:         3233568 kB
Active:           427528 kB
Mem:          3.8G       764M       3.1G       5.7M        52M       322M

MemTotal:        4016004 kB
MemFree:         3233568 kB
Active:           427528 kB
Mem:          3.8G       764M       3.1G       5.7M        52M       322M

MemTotal:        4016004 kB
MemFree:         3233568 kB
Active:           427540 kB
Mem:          3.8G       764M       3.1G       5.7M        52M       322M

MemTotal:        4016004 kB
MemFree:         3233444 kB
Active:           427560 kB
Mem:          3.8G       764M       3.1G       5.7M        52M       322M

MemTotal:        4016004 kB
MemFree:         3233072 kB
Active:           427580 kB
Mem:          3.8G       764M       3.1G       5.7M        52M       322M

MemTotal:        4016004 kB
MemFree:         3233692 kB
Active:           427560 kB
Mem:          3.8G       763M       3.1G       5.7M        52M       322M

MemTotal:        4016004 kB
MemFree:         3233816 kB
Active:           427568 kB
Mem:          3.8G       763M       3.1G       5.7M        52M       322M

MemTotal:        4016004 kB
MemFree:         3233692 kB
Active:           427568 kB
Mem:          3.8G       764M       3.1G       5.7M        52M       322M

MemTotal:        4016004 kB
MemFree:         3232636 kB
Active:           425568 kB
Mem:          3.8G       764M       3.1G       5.7M        52M       322M

MemTotal:        4016004 kB
MemFree:         3233380 kB
Active:           427560 kB
Mem:          3.8G       764M       3.1G       5.7M        52M       322M

MemTotal:        4016004 kB
MemFree:         3233380 kB
Active:           427596 kB
Mem:          3.8G       764M       3.1G       5.7M        52M       322M

MemTotal:        4016004 kB
MemFree:         3233240 kB
Active:           427588 kB
Mem:          3.8G       764M       3.1G       5.7M        52M       322M

MemTotal:        4016004 kB
MemFree:         3232480 kB
Active:           427616 kB
Mem:          3.8G       764M       3.1G       5.7M        52M       322M

MemTotal:        4016004 kB
MemFree:         3233100 kB
Active:           427596 kB
Mem:          3.8G       764M       3.1G       5.7M        52M       322M

MemTotal:        4016004 kB
MemFree:         3233100 kB
Active:           427568 kB
Mem:          3.8G       764M       3.1G       5.7M        52M       322M

MemTotal:        4016004 kB
MemFree:         3233224 kB
Active:           427608 kB
Mem:          3.8G       764M       3.1G       5.7M        52M       322M

MemTotal:        4016004 kB
MemFree:         3233348 kB
Active:           427604 kB
Mem:          3.8G       764M       3.1G       5.7M        52M       322M

MemTotal:        4016004 kB
MemFree:         3233224 kB
Active:           427596 kB
Mem:          3.8G       764M       3.1G       5.7M        52M       322M

MemTotal:        4016004 kB
MemFree:         3233348 kB
Active:           427592 kB
Mem:          3.8G       764M       3.1G       5.7M        52M       322M

MemTotal:        4016004 kB
MemFree:         3233844 kB
Active:           427584 kB
Mem:          3.8G       764M       3.1G       5.7M        52M       322M

MemTotal:        4016004 kB
MemFree:         3233348 kB
Active:           427580 kB
Mem:          3.8G       763M       3.1G       5.7M        52M       322M

MemTotal:        4016004 kB
MemFree:         3233704 kB
Active:           427624 kB
Mem:          3.8G       764M       3.1G       5.7M        52M       322M

MemTotal:        4016004 kB
MemFree:         3233580 kB
Active:           427616 kB
Mem:          3.8G       764M       3.1G       5.7M        52M       322M

MemTotal:        4016004 kB
MemFree:         3233332 kB
Active:           427596 kB
Mem:          3.8G       764M       3.1G       5.7M        52M       322M

MemTotal:        4016004 kB
MemFree:         3232836 kB
Active:           427632 kB
Mem:          3.8G       764M       3.1G       5.7M        52M       322M

MemTotal:        4016004 kB
MemFree:         3233208 kB
Active:           427624 kB
Mem:          3.8G       764M       3.1G       5.7M        52M       322M

MemTotal:        4016004 kB
MemFree:         3232836 kB
Active:           427640 kB
Mem:          3.8G       764M       3.1G       5.7M        52M       322M

MemTotal:        4016004 kB
MemFree:         3233332 kB
Active:           427636 kB
Mem:          3.8G       764M       3.1G       5.7M        52M       322M

MemTotal:        4016004 kB
MemFree:         3233208 kB
Active:           427616 kB
Mem:          3.8G       764M       3.1G       5.7M        52M       322M

MemTotal:        4016004 kB
MemFree:         3232836 kB
Active:           427648 kB
Mem:          3.8G       764M       3.1G       5.7M        52M       322M

MemTotal:        4016004 kB
MemFree:         3233208 kB
Active:           427648 kB
Mem:          3.8G       764M       3.1G       5.7M        52M       322M

MemTotal:        4016004 kB
MemFree:         3233456 kB
Active:           427624 kB
Mem:          3.8G       764M       3.1G       5.7M        52M       322M

MemTotal:        4016004 kB
MemFree:         3233504 kB
Active:           427604 kB
Mem:          3.8G       764M       3.1G       5.7M        52M       322M

MemTotal:        4016004 kB
MemFree:         3233504 kB
Active:           427640 kB
Mem:          3.8G       764M       3.1G       5.7M        52M       322M

MemTotal:        4016004 kB
MemFree:         3233256 kB
Active:           427644 kB
Mem:          3.8G       764M       3.1G       5.7M        52M       322M

MemTotal:        4016004 kB
MemFree:         3233380 kB
Active:           427628 kB
Mem:          3.8G       764M       3.1G       5.7M        52M       322M

MemTotal:        4016004 kB
MemFree:         3233504 kB
Active:           427608 kB
Mem:          3.8G       764M       3.1G       5.7M        52M       322M

MemTotal:        4016004 kB
MemFree:         3233504 kB
Active:           427632 kB
Mem:          3.8G       764M       3.1G       5.7M        52M       322M

MemTotal:        4016004 kB
MemFree:         3233504 kB
Active:           427628 kB
Mem:          3.8G       764M       3.1G       5.7M        52M       322M

MemTotal:        4016004 kB
MemFree:         3233628 kB
Active:           427664 kB
Mem:          3.8G       764M       3.1G       5.7M        52M       322M

MemTotal:        4016004 kB
MemFree:         3233628 kB
Active:           427668 kB
Mem:          3.8G       764M       3.1G       5.7M        52M       322M

MemTotal:        4016004 kB
MemFree:         3233628 kB
Active:           427644 kB
Mem:          3.8G       764M       3.1G       5.7M        52M       322M

MemTotal:        4016004 kB
MemFree:         3233336 kB
Active:           427680 kB
Mem:          3.8G       764M       3.1G       5.7M        52M       322M

MemTotal:        4016004 kB
MemFree:         3233212 kB
Active:           427664 kB
Mem:          3.8G       764M       3.1G       5.7M        52M       322M

MemTotal:        4016004 kB
MemFree:         3233336 kB
Active:           427652 kB
Mem:          3.8G       764M       3.1G       5.7M        52M       322M

MemTotal:        4016004 kB
MemFree:         3233212 kB
Active:           427680 kB
Mem:          3.8G       764M       3.1G       5.7M        52M       322M

MemTotal:        4016004 kB
MemFree:         3233584 kB
Active:           427684 kB
Mem:          3.8G       764M       3.1G       5.7M        52M       322M

MemTotal:        4016004 kB
MemFree:         3233568 kB
Active:           427684 kB
Mem:          3.8G       763M       3.1G       5.7M        52M       322M

MemTotal:        4016004 kB
MemFree:         3233676 kB
Active:           427676 kB
Mem:          3.8G       763M       3.1G       5.7M        52M       322M

MemTotal:        4016004 kB
MemFree:         3233660 kB
Active:           427664 kB
Mem:          3.8G       763M       3.1G       5.7M        52M       322M

MemTotal:        4016004 kB
MemFree:         3233396 kB
Active:           427652 kB
Mem:          3.8G       764M       3.1G       5.7M        52M       322M

MemTotal:        4016004 kB
MemFree:         3233660 kB
Active:           427696 kB
Mem:          3.8G       764M       3.1G       5.7M        52M       322M

MemTotal:        4016004 kB
MemFree:         3233164 kB
Active:           427700 kB
Mem:          3.8G       764M       3.1G       5.7M        52M       322M

MemTotal:        4016004 kB
MemFree:         3233412 kB
Active:           427644 kB
Mem:          3.8G       764M       3.1G       5.7M        52M       322M

MemTotal:        4016004 kB
MemFree:         3233536 kB
Active:           427648 kB
Mem:          3.8G       764M       3.1G       5.7M        52M       322M

MemTotal:        4016004 kB
MemFree:         3233164 kB
Active:           427664 kB
Mem:          3.8G       764M       3.1G       5.7M        52M       322M

MemTotal:        4016004 kB
MemFree:         3233164 kB
Active:           427696 kB
Mem:          3.8G       764M       3.1G       5.7M        52M       322M

MemTotal:        4016004 kB
MemFree:         3233288 kB
Active:           427684 kB
Mem:          3.8G       764M       3.1G       5.7M        52M       322M

MemTotal:        4016004 kB
MemFree:         3233148 kB
Active:           427676 kB
Mem:          3.8G       764M       3.1G       5.7M        52M       322M

MemTotal:        4016004 kB
MemFree:         3232900 kB
Active:           427704 kB
Mem:          3.8G       764M       3.1G       5.7M        52M       322M

MemTotal:        4016004 kB
MemFree:         3232916 kB
Active:           427672 kB
Mem:          3.8G       764M       3.1G       5.7M        52M       322M

MemTotal:        4016004 kB
MemFree:         3232868 kB
Active:           427668 kB
Mem:          3.8G       764M       3.1G       5.7M        52M       322M

MemTotal:        4016004 kB
MemFree:         3233164 kB
Active:           427708 kB
Mem:          3.8G       764M       3.1G       5.7M        52M       322M

MemTotal:        4016004 kB
MemFree:         3233164 kB
Active:           427680 kB
Mem:          3.8G       764M       3.1G       5.7M        52M       322M

MemTotal:        4016004 kB
MemFree:         3233288 kB
Active:           427656 kB
Mem:          3.8G       764M       3.1G       5.7M        52M       322M

MemTotal:        4016004 kB
MemFree:         3233412 kB
Active:           427700 kB
Mem:          3.8G       764M       3.1G       5.7M        52M       322M

MemTotal:        4016004 kB
MemFree:         3233396 kB
Active:           427688 kB
Mem:          3.8G       764M       3.1G       5.7M        52M       322M

MemTotal:        4016004 kB
MemFree:         3231348 kB
Active:           427688 kB
Mem:          3.8G       766M       3.1G       5.7M        52M       322M

MemTotal:        4016004 kB
MemFree:         3231348 kB
Active:           429752 kB
Mem:          3.8G       766M       3.1G       5.7M        52M       322M

MemTotal:        4016004 kB
MemFree:         3230728 kB
Active:           429752 kB
Mem:          3.8G       766M       3.1G       5.7M        52M       322M

MemTotal:        4016004 kB
MemFree:         3231348 kB
Active:           429696 kB
Mem:          3.8G       766M       3.1G       5.7M        52M       322M

MemTotal:        4016004 kB
MemFree:         3231224 kB
Active:           429740 kB
Mem:          3.8G       766M       3.1G       5.7M        52M       322M

MemTotal:        4016004 kB
MemFree:         3230852 kB
Active:           429752 kB
Mem:          3.8G       766M       3.1G       5.7M        52M       322M

MemTotal:        4016004 kB
MemFree:         3231100 kB
Active:           429744 kB
Mem:          3.8G       766M       3.1G       5.7M        52M       322M

MemTotal:        4016004 kB
MemFree:         3231100 kB
Active:           429756 kB
Mem:          3.8G       766M       3.1G       5.7M        52M       322M

MemTotal:        4016004 kB
MemFree:         3230976 kB
Active:           429740 kB
Mem:          3.8G       766M       3.1G       5.7M        52M       322M

MemTotal:        4016004 kB
MemFree:         3230580 kB
Active:           427700 kB
Mem:          3.8G       767M       3.1G       5.7M        52M       322M

MemTotal:        4016004 kB
MemFree:         3230740 kB
Active:           427668 kB
Mem:          3.8G       767M       3.1G       5.7M        52M       322M

MemTotal:        4016004 kB
MemFree:         3230864 kB
Active:           429724 kB
Mem:          3.8G       766M       3.1G       5.7M        52M       322M

MemTotal:        4016004 kB
MemFree:         3230724 kB
Active:           429768 kB
Mem:          3.8G       766M       3.1G       5.7M        52M       322M

MemTotal:        4016004 kB
MemFree:         3230476 kB
Active:           429760 kB
Mem:          3.8G       766M       3.1G       5.7M        52M       322M

MemTotal:        4016004 kB
MemFree:         3231204 kB
Active:           429740 kB
Mem:          3.8G       766M       3.1G       5.7M        52M       322M

MemTotal:        4016004 kB
MemFree:         3231204 kB
Active:           429780 kB
Mem:          3.8G       766M       3.1G       5.7M        52M       322M

MemTotal:        4016004 kB
MemFree:         3231328 kB
Active:           429768 kB
Mem:          3.8G       766M       3.1G       5.7M        52M       322M

MemTotal:        4016004 kB
MemFree:         3230816 kB
Active:           429780 kB
Mem:          3.8G       766M       3.1G       5.7M        52M       322M

MemTotal:        4016004 kB
MemFree:         3231172 kB
Active:           429772 kB
Mem:          3.8G       766M       3.1G       5.7M        52M       322M

MemTotal:        4016004 kB
MemFree:         2818820 kB
Active:           439968 kB
Mem:          3.8G       1.1G       2.7G       5.7M        52M       707M

MemTotal:        4016004 kB
MemFree:         2774180 kB
Active:           440204 kB
Mem:          3.8G       1.2G       2.6G       5.7M        52M       750M

MemTotal:        4016004 kB
MemFree:         2728164 kB
Active:           440380 kB
Mem:          3.8G       1.2G       2.6G       5.7M        52M       793M

MemTotal:        4016004 kB
MemFree:         2682448 kB
Active:           440556 kB
Mem:          3.8G       1.3G       2.6G       5.7M        52M       836M

MemTotal:        4016004 kB
MemFree:         2635776 kB
Active:           440740 kB
Mem:          3.8G       1.3G       2.5G       5.7M        52M       880M

MemTotal:        4016004 kB
MemFree:         2603444 kB
Active:           440896 kB
Mem:          3.8G       1.3G       2.5G       5.7M        52M       911M

MemTotal:        4016004 kB
MemFree:         2562120 kB
Active:           440940 kB
Mem:          3.8G       1.4G       2.4G       5.7M        52M       950M

MemTotal:        4016004 kB
MemFree:         2521892 kB
Active:           441180 kB
Mem:          3.8G       1.4G       2.4G       5.7M        52M       989M

MemTotal:        4016004 kB
MemFree:         2476896 kB
Active:           441320 kB
Mem:          3.8G       1.5G       2.4G       5.7M        52M       1.0G

MemTotal:        4016004 kB
MemFree:         2425796 kB
Active:           441540 kB
Mem:          3.8G       1.5G       2.3G       5.7M        52M       1.1G

MemTotal:        4016004 kB
MemFree:         2383720 kB
Active:           441792 kB
Mem:          3.8G       1.6G       2.3G       5.7M        52M       1.1G

MemTotal:        4016004 kB
MemFree:         2344720 kB
Active:           441892 kB
Mem:          3.8G       1.6G       2.2G       5.7M        52M       1.1G

MemTotal:        4016004 kB
MemFree:         2302848 kB
Active:           442040 kB
Mem:          3.8G       1.6G       2.2G       5.7M        52M       1.2G

MemTotal:        4016004 kB
MemFree:         2260908 kB
Active:           442196 kB
Mem:          3.8G       1.7G       2.2G       5.7M        52M       1.2G

MemTotal:        4016004 kB
MemFree:         2195352 kB
Active:           442524 kB
Mem:          3.8G       1.7G       2.1G       5.7M        52M       1.3G

MemTotal:        4016004 kB
MemFree:         2152560 kB
Active:           442684 kB
Mem:          3.8G       1.8G       2.1G       5.7M        52M       1.3G

MemTotal:        4016004 kB
MemFree:         2145540 kB
Active:           442772 kB
Mem:          3.8G       1.8G       2.0G       5.7M        52M       1.3G

MemTotal:        4016004 kB
MemFree:         2144752 kB
Active:           442772 kB
Mem:          3.8G       1.8G       2.0G       5.7M        52M       1.3G

MemTotal:        4016004 kB
MemFree:         2144928 kB
Active:           442724 kB
Mem:          3.8G       1.8G       2.0G       5.7M        52M       1.3G

MemTotal:        4016004 kB
MemFree:         2003388 kB
Active:           441244 kB
Mem:          3.8G       1.9G       1.9G       5.7M        52M       1.4G

MemTotal:        4016004 kB
MemFree:         1934500 kB
Active:           443540 kB
Mem:          3.8G       2.0G       1.8G       5.7M        52M       1.5G

MemTotal:        4016004 kB
MemFree:         1907248 kB
Active:           443704 kB
Mem:          3.8G       2.0G       1.8G       5.7M        52M       1.5G

MemTotal:        4016004 kB
MemFree:         1892184 kB
Active:           443768 kB
Mem:          3.8G       2.0G       1.8G       5.7M        52M       1.5G

MemTotal:        4016004 kB
MemFree:         1873016 kB
Active:           443796 kB
Mem:          3.8G       2.0G       1.8G       5.7M        52M       1.6G

MemTotal:        4016004 kB
MemFree:         1728784 kB
Active:           444104 kB
Mem:          3.8G       2.2G       1.6G       5.7M        52M       1.7G

MemTotal:        4016004 kB
MemFree:         1682324 kB
Active:           444488 kB
Mem:          3.8G       2.2G       1.6G       5.7M        52M       1.7G

MemTotal:        4016004 kB
MemFree:         1657532 kB
Active:           444648 kB
Mem:          3.8G       2.2G       1.6G       5.7M        52M       1.8G

MemTotal:        4016004 kB
MemFree:         1614904 kB
Active:           444684 kB
Mem:          3.8G       2.3G       1.5G       5.7M        52M       1.8G

MemTotal:        4016004 kB
MemFree:         1580168 kB
Active:           444900 kB
Mem:          3.8G       2.3G       1.5G       5.7M        52M       1.8G

MemTotal:        4016004 kB
MemFree:         1544520 kB
Active:           445100 kB
Mem:          3.8G       2.4G       1.5G       5.7M        52M       1.9G

MemTotal:        4016004 kB
MemFree:         1473216 kB
Active:           445164 kB
Mem:          3.8G       2.4G       1.4G       5.7M        52M       1.9G

MemTotal:        4016004 kB
MemFree:         1421720 kB
Active:           445468 kB
Mem:          3.8G       2.5G       1.4G       5.7M        52M       2.0G

MemTotal:        4016004 kB
MemFree:         1399460 kB
Active:           445664 kB
Mem:          3.8G       2.5G       1.3G       5.7M        52M       2.0G

MemTotal:        4016004 kB
MemFree:         1378524 kB
Active:           445744 kB
Mem:          3.8G       2.5G       1.3G       5.7M        52M       2.0G

MemTotal:        4016004 kB
MemFree:         1349028 kB
Active:           445788 kB
Mem:          3.8G       2.5G       1.3G       5.7M        52M       2.1G

MemTotal:        4016004 kB
MemFree:         1257116 kB
Active:           445924 kB
Mem:          3.8G       2.6G       1.2G       5.7M        52M       2.1G

MemTotal:        4016004 kB
MemFree:         1195144 kB
Active:           446380 kB
Mem:          3.8G       2.7G       1.1G       5.7M        52M       2.2G

MemTotal:        4016004 kB
MemFree:         1159600 kB
Active:           446644 kB
Mem:          3.8G       2.7G       1.1G       5.7M        52M       2.2G

MemTotal:        4016004 kB
MemFree:         1126708 kB
Active:           446784 kB
Mem:          3.8G       2.8G       1.1G       5.7M        52M       2.3G

MemTotal:        4016004 kB
MemFree:         1088968 kB
Active:           448980 kB
Mem:          3.8G       2.8G       1.0G       5.7M        52M       2.3G

MemTotal:        4016004 kB
MemFree:         1030192 kB
Active:           449200 kB
Mem:          3.8G       2.8G       1.0G       5.7M        52M       2.3G

MemTotal:        4016004 kB
MemFree:          977512 kB
Active:           449408 kB
Mem:          3.8G       2.9G       954M       5.7M        52M       2.4G

MemTotal:        4016004 kB
MemFree:          944204 kB
Active:           449552 kB
Mem:          3.8G       2.9G       921M       5.7M        52M       2.4G

MemTotal:        4016004 kB
MemFree:          943644 kB
Active:           449540 kB
Mem:          3.8G       2.9G       921M       5.7M        52M       2.4G

MemTotal:        4016004 kB
MemFree:          904564 kB
Active:           449692 kB
Mem:          3.8G       3.0G       882M       5.7M        52M       2.5G

MemTotal:        4016004 kB
MemFree:          830336 kB
Active:           449984 kB
Mem:          3.8G       3.0G       810M       5.7M        52M       2.5G

MemTotal:        4016004 kB
MemFree:          766276 kB
Active:           450192 kB
Mem:          3.8G       3.1G       747M       5.7M        52M       2.6G

MemTotal:        4016004 kB
MemFree:          715680 kB
Active:           450432 kB
Mem:          3.8G       3.1G       698M       5.7M        52M       2.6G

MemTotal:        4016004 kB
MemFree:          675068 kB
Active:           450584 kB
Mem:          3.8G       3.2G       658M       5.7M        52M       2.7G

MemTotal:        4016004 kB
MemFree:          632588 kB
Active:           450776 kB
Mem:          3.8G       3.2G       617M       5.7M        52M       2.7G

MemTotal:        4016004 kB
MemFree:          617180 kB
Active:           450796 kB
Mem:          3.8G       3.2G       602M       5.7M        52M       2.7G

MemTotal:        4016004 kB
MemFree:          595084 kB
Active:           450912 kB
Mem:          3.8G       3.3G       580M       5.7M        52M       2.8G

MemTotal:        4016004 kB
MemFree:          491052 kB
Active:           451180 kB
Mem:          3.8G       3.4G       478M       5.7M        52M       2.8G

MemTotal:        4016004 kB
MemFree:          432528 kB
Active:           451488 kB
Mem:          3.8G       3.4G       422M       5.7M        52M       2.9G

MemTotal:        4016004 kB
MemFree:          390196 kB
Active:           451680 kB
Mem:          3.8G       3.5G       380M       5.7M        52M       2.9G

MemTotal:        4016004 kB
MemFree:          357552 kB
Active:           451800 kB
Mem:          3.8G       3.5G       348M       5.7M        52M       3.0G

MemTotal:        4016004 kB
MemFree:          323240 kB
Active:           451928 kB
Mem:          3.8G       3.5G       315M       5.7M        52M       3.0G

MemTotal:        4016004 kB
MemFree:          270792 kB
Active:           452088 kB
Mem:          3.8G       3.6G       263M       5.7M        52M       3.1G

MemTotal:        4016004 kB
MemFree:          211764 kB
Active:           452464 kB
Mem:          3.8G       3.6G       206M       5.7M        52M       3.1G

MemTotal:        4016004 kB
MemFree:          172008 kB
Active:           452604 kB
Mem:          3.8G       3.7G       167M       5.7M        52M       3.1G

MemTotal:        4016004 kB
MemFree:          171148 kB
Active:           452620 kB
Mem:          3.8G       3.7G       166M       5.7M        52M       3.1G

MemTotal:        4016004 kB
MemFree:          143980 kB
Active:           452664 kB
Mem:          3.8G       3.7G       140M       5.7M        52M       3.2G

MemTotal:        4016004 kB
MemFree:          110720 kB
Active:           449584 kB
Mem:          3.8G       3.7G       131M       5.7M        19M       3.2G

MemTotal:        4016004 kB
MemFree:          149100 kB
Active:           514664 kB
Mem:          3.8G       3.7G       130M       5.7M        19M       3.2G

MemTotal:        4016004 kB
MemFree:          130808 kB
Active:           491268 kB
Mem:          3.8G       3.7G       127M       5.7M        19M       3.2G

MemTotal:        4016004 kB
MemFree:          139340 kB
Active:           480416 kB
Mem:          3.8G       3.7G       135M       5.7M        19M       3.2G

MemTotal:        4016004 kB
MemFree:          112636 kB
Active:           476112 kB
Mem:          3.8G       3.7G       109M       5.7M        19M       3.2G

MemTotal:        4016004 kB
MemFree:          112216 kB
Active:           472760 kB
Mem:          3.8G       3.7G       109M       5.7M        19M       3.2G

MemTotal:        4016004 kB
MemFree:          125148 kB
Active:           470540 kB
Mem:          3.8G       3.7G       121M       5.7M        19M       3.2G

MemTotal:        4016004 kB
MemFree:          128000 kB
Active:           467404 kB
Mem:          3.8G       3.7G       124M       5.7M        19M       3.2G

MemTotal:        4016004 kB
MemFree:          125892 kB
Active:           464720 kB
Mem:          3.8G       3.7G       122M       5.7M        19M       3.2G

MemTotal:        4016004 kB
MemFree:          116616 kB
Active:           463872 kB
Mem:          3.8G       3.7G       113M       5.7M        19M       3.2G

MemTotal:        4016004 kB
MemFree:          108860 kB
Active:           462896 kB
Mem:          3.8G       3.7G       105M       5.7M        19M       3.2G

MemTotal:        4016004 kB
MemFree:          127476 kB
Active:           461796 kB
Mem:          3.8G       3.7G       123M       5.7M        19M       3.2G

MemTotal:        4016004 kB
MemFree:          113772 kB
Active:           461840 kB
Mem:          3.8G       3.7G       111M       5.7M        19M       3.2G

MemTotal:        4016004 kB
MemFree:          104848 kB
Active:           463256 kB
Mem:          3.8G       3.7G       106M       5.7M        19M       3.2G

MemTotal:        4016004 kB
MemFree:          107952 kB
Active:           459620 kB
Mem:          3.8G       3.7G       104M       5.7M        19M       3.2G

MemTotal:        4016004 kB
MemFree:          123680 kB
Active:           457608 kB
Mem:          3.8G       3.7G       120M       5.7M        19M       3.2G

MemTotal:        4016004 kB
MemFree:          128764 kB
Active:           456880 kB
Mem:          3.8G       3.7G       125M       5.7M        19M       3.2G

MemTotal:        4016004 kB
MemFree:          124316 kB
Active:           456028 kB
Mem:          3.8G       3.7G       120M       5.7M        19M       3.2G

MemTotal:        4016004 kB
MemFree:          127424 kB
Active:           452372 kB
Mem:          3.8G       3.7G       123M       5.7M        19M       3.2G

MemTotal:        4016004 kB
MemFree:          113896 kB
Active:           451060 kB
Mem:          3.8G       3.7G       110M       5.7M        19M       3.2G

MemTotal:        4016004 kB
MemFree:          123936 kB
Active:           447056 kB
Mem:          3.8G       3.7G       120M       5.7M        19M       3.2G

MemTotal:        4016004 kB
MemFree:          111280 kB
Active:           447028 kB
Mem:          3.8G       3.7G       108M       5.7M        19M       3.2G

MemTotal:        4016004 kB
MemFree:          110508 kB
Active:           449052 kB
Mem:          3.8G       3.7G       107M       5.7M        19M       3.2G

MemTotal:        4016004 kB
MemFree:          161852 kB
Active:           446208 kB
Mem:          3.8G       3.7G       157M       5.7M        19M       3.2G

MemTotal:        4016004 kB
MemFree:          136652 kB
Active:           445336 kB
Mem:          3.8G       3.7G       132M       5.7M        19M       3.2G

MemTotal:        4016004 kB
MemFree:          115460 kB
Active:           444320 kB
Mem:          3.8G       3.7G       112M       5.7M        19M       3.2G

MemTotal:        4016004 kB
MemFree:          130692 kB
Active:           442368 kB
Mem:          3.8G       3.7G       126M       5.7M        19M       3.2G

MemTotal:        4016004 kB
MemFree:          134556 kB
Active:           438684 kB
Mem:          3.8G       3.7G       131M       5.7M        19M       3.2G

MemTotal:        4016004 kB
MemFree:          121928 kB
Active:           438208 kB
Mem:          3.8G       3.7G       118M       5.7M        19M       3.2G

MemTotal:        4016004 kB
MemFree:          133828 kB
Active:           436668 kB
Mem:          3.8G       3.7G       130M       5.7M        19M       3.2G

MemTotal:        4016004 kB
MemFree:          127680 kB
Active:           436272 kB
Mem:          3.8G       3.7G       123M       5.7M        19M       3.2G

MemTotal:        4016004 kB
MemFree:          124052 kB
Active:           433300 kB
Mem:          3.8G       3.7G       120M       5.7M        19M       3.2G

MemTotal:        4016004 kB
MemFree:          117684 kB
Active:           431864 kB
Mem:          3.8G       3.7G       114M       5.7M        19M       3.2G

MemTotal:        4016004 kB
MemFree:          125496 kB
Active:           430472 kB
Mem:          3.8G       3.7G       122M       5.7M        19M       3.2G

MemTotal:        4016004 kB
MemFree:          119560 kB
Active:           429948 kB
Mem:          3.8G       3.7G       116M       5.7M        19M       3.2G

MemTotal:        4016004 kB
MemFree:          116620 kB
Active:           429052 kB
Mem:          3.8G       3.7G       113M       5.7M        19M       3.2G

MemTotal:        4016004 kB
MemFree:          126732 kB
Active:           427072 kB
Mem:          3.8G       3.7G       123M       5.7M        19M       3.2G

MemTotal:        4016004 kB
MemFree:          108976 kB
Active:           426132 kB
Mem:          3.8G       3.7G       104M       5.7M        19M       3.2G

MemTotal:        4016004 kB
MemFree:          112632 kB
Active:           425124 kB
Mem:          3.8G       3.7G       109M       5.7M        19M       3.2G

MemTotal:        4016004 kB
MemFree:          120552 kB
Active:           423384 kB
Mem:          3.8G       3.7G       116M       5.7M        19M       3.2G

MemTotal:        4016004 kB
MemFree:          113092 kB
Active:           421948 kB
Mem:          3.8G       3.7G       109M       5.7M        19M       3.2G

MemTotal:        4016004 kB
MemFree:          108600 kB
Active:           420552 kB
Mem:          3.8G       3.7G       105M       5.7M        19M       3.2G

MemTotal:        4016004 kB
MemFree:          124964 kB
Active:           419084 kB
Mem:          3.8G       3.7G       121M       5.7M        19M       3.2G

MemTotal:        4016004 kB
MemFree:          122776 kB
Active:           417648 kB
Mem:          3.8G       3.7G       110M       5.7M        19M       3.2G

MemTotal:        4016004 kB
MemFree:          117120 kB
Active:           414420 kB
Mem:          3.8G       3.7G       113M       5.7M        19M       3.2G

MemTotal:        4016004 kB
MemFree:          130084 kB
Active:           412468 kB
Mem:          3.8G       3.7G       126M       5.7M        19M       3.2G

MemTotal:        4016004 kB
MemFree:          121176 kB
Active:           411500 kB
Mem:          3.8G       3.7G       117M       5.7M        19M       3.2G

MemTotal:        4016004 kB
MemFree:          127684 kB
Active:           410036 kB
Mem:          3.8G       3.7G       124M       5.7M        19M       3.2G

MemTotal:        4016004 kB
MemFree:          139060 kB
Active:           408244 kB
Mem:          3.8G       3.7G       135M       5.7M        19M       3.2G

MemTotal:        4016004 kB
MemFree:          110028 kB
Active:           407968 kB
Mem:          3.8G       3.7G       106M       5.7M        19M       3.2G

MemTotal:        4016004 kB
MemFree:          127360 kB
Active:           406096 kB
Mem:          3.8G       3.7G       123M       5.7M        19M       3.2G

MemTotal:        4016004 kB
MemFree:          132804 kB
Active:           404248 kB
Mem:          3.8G       3.7G       129M       5.7M        19M       3.2G

MemTotal:        4016004 kB
MemFree:          135196 kB
Active:           402408 kB
Mem:          3.8G       3.7G       131M       5.7M        19M       3.2G

MemTotal:        4016004 kB
MemFree:          112496 kB
Active:           402128 kB
Mem:          3.8G       3.7G       117M       5.7M        19M       3.2G

MemTotal:        4016004 kB
MemFree:          111136 kB
Active:           401432 kB
Mem:          3.8G       3.7G       107M       5.7M        19M       3.2G

MemTotal:        4016004 kB
MemFree:          127892 kB
Active:           396940 kB
Mem:          3.8G       3.7G       124M       5.7M        19M       3.2G

MemTotal:        4016004 kB
MemFree:          113808 kB
Active:           397044 kB
Mem:          3.8G       3.7G       109M       5.7M        19M       3.2G

MemTotal:        4016004 kB
MemFree:          126028 kB
Active:           397292 kB
Mem:          3.8G       3.7G       122M       5.7M        19M       3.2G

MemTotal:        4016004 kB
MemFree:          114744 kB
Active:           397512 kB
Mem:          3.8G       3.7G       111M       5.7M        19M       3.2G

MemTotal:        4016004 kB
MemFree:          137172 kB
Active:           399696 kB
Mem:          3.8G       3.7G       133M       5.7M        19M       3.2G

MemTotal:        4016004 kB
MemFree:          127408 kB
Active:           399788 kB
Mem:          3.8G       3.7G       124M       5.7M        19M       3.2G

MemTotal:        4016004 kB
MemFree:          126304 kB
Active:           399928 kB
Mem:          3.8G       3.7G       122M       5.7M        19M       3.2G

MemTotal:        4016004 kB
MemFree:          105728 kB
Active:           400092 kB
Mem:          3.8G       3.7G       102M       5.7M        19M       3.2G

MemTotal:        4016004 kB
MemFree:          118868 kB
Active:           400252 kB
Mem:          3.8G       3.7G       115M       5.7M        19M       3.2G

MemTotal:        4016004 kB
MemFree:          120280 kB
Active:           400448 kB
Mem:          3.8G       3.7G       116M       5.7M        19M       3.2G

MemTotal:        4016004 kB
MemFree:          128792 kB
Active:           400536 kB
Mem:          3.8G       3.7G       125M       5.7M        19M       3.2G

MemTotal:        4016004 kB
MemFree:          108992 kB
Active:           400732 kB
Mem:          3.8G       3.7G       106M       5.7M        19M       3.2G

MemTotal:        4016004 kB
MemFree:          125936 kB
Active:           400908 kB
Mem:          3.8G       3.7G       122M       5.7M        19M       3.2G

MemTotal:        4016004 kB
MemFree:          109396 kB
Active:           401128 kB
Mem:          3.8G       3.7G       106M       5.7M        19M       3.2G

MemTotal:        4016004 kB
MemFree:          108152 kB
Active:           401216 kB
Mem:          3.8G       3.7G       105M       5.7M        19M       3.2G

MemTotal:        4016004 kB
MemFree:          123896 kB
Active:           401284 kB
Mem:          3.8G       3.7G       129M       5.7M        19M       3.2G

MemTotal:        4016004 kB
MemFree:          128668 kB
Active:           401584 kB
Mem:          3.8G       3.7G       125M       5.7M        19M       3.2G

MemTotal:        4016004 kB
MemFree:          152504 kB
Active:           401900 kB
Mem:          3.8G       3.7G       148M       5.7M        19M       3.2G

MemTotal:        4016004 kB
MemFree:          126340 kB
Active:           402092 kB
Mem:          3.8G       3.7G       122M       5.7M        19M       3.2G

MemTotal:        4016004 kB
MemFree:          126364 kB
Active:           402284 kB
Mem:          3.8G       3.7G       122M       5.7M        19M       3.2G

MemTotal:        4016004 kB
MemFree:          110528 kB
Active:           402436 kB
Mem:          3.8G       3.7G       107M       5.7M        19M       3.2G

MemTotal:        4016004 kB
MemFree:          108932 kB
Active:           402620 kB
Mem:          3.8G       3.7G       105M       5.7M        19M       3.2G

MemTotal:        4016004 kB
MemFree:          122964 kB
Active:           402796 kB
Mem:          3.8G       3.7G       119M       5.7M        19M       3.2G

MemTotal:        4016004 kB
MemFree:          115264 kB
Active:           402960 kB
Mem:          3.8G       3.7G       112M       5.7M        19M       3.2G

MemTotal:        4016004 kB
MemFree:          126580 kB
Active:           405180 kB
Mem:          3.8G       3.7G       122M       5.7M        19M       3.2G

MemTotal:        4016004 kB
MemFree:          106628 kB
Active:           405360 kB
Mem:          3.8G       3.7G       103M       5.7M        19M       3.2G

MemTotal:        4016004 kB
MemFree:          105580 kB
Active:           405360 kB
Mem:          3.8G       3.7G       102M       5.7M        19M       3.2G

MemTotal:        4016004 kB
MemFree:          121368 kB
Active:           405484 kB
Mem:          3.8G       3.7G       117M       5.7M        19M       3.2G

MemTotal:        4016004 kB
MemFree:          107584 kB
Active:           405740 kB
Mem:          3.8G       3.7G       104M       5.7M        19M       3.2G

MemTotal:        4016004 kB
MemFree:          128336 kB
Active:           401292 kB
Mem:          3.8G       3.7G       124M       5.7M        19M       3.2G

MemTotal:        4016004 kB
MemFree:          121080 kB
Active:           401516 kB
Mem:          3.8G       3.7G       117M       5.7M        19M       3.2G

MemTotal:        4016004 kB
MemFree:          106708 kB
Active:           401716 kB
Mem:          3.8G       3.7G       103M       5.7M        19M       3.2G

MemTotal:        4016004 kB
MemFree:          112812 kB
Active:           401872 kB
Mem:          3.8G       3.7G       109M       5.7M        19M       3.2G

MemTotal:        4016004 kB
MemFree:          137120 kB
Active:           401996 kB
Mem:          3.8G       3.7G       133M       5.7M        19M       3.2G

MemTotal:        4016004 kB
MemFree:          104928 kB
Active:           402108 kB
Mem:          3.8G       3.7G       108M       5.7M        19M       3.2G

MemTotal:        4016004 kB
MemFree:          130524 kB
Active:           402312 kB
Mem:          3.8G       3.7G       126M       5.7M        19M       3.2G

MemTotal:        4016004 kB
MemFree:          133256 kB
Active:           400068 kB
Mem:          3.8G       3.7G       129M       5.7M        19M       3.2G

MemTotal:        4016004 kB
MemFree:          134868 kB
Active:           400296 kB
Mem:          3.8G       3.7G       131M       5.7M        19M       3.2G

MemTotal:        4016004 kB
MemFree:          133816 kB
Active:           400288 kB
Mem:          3.8G       3.7G       130M       5.7M        19M       3.2G

MemTotal:        4016004 kB
MemFree:          118804 kB
Active:           400448 kB
Mem:          3.8G       3.7G       115M       5.7M        20M       3.2G

MemTotal:        4016004 kB
MemFree:          127336 kB
Active:           400720 kB
Mem:          3.8G       3.7G       123M       5.7M        20M       3.2G

MemTotal:        4016004 kB
MemFree:          109280 kB
Active:           400960 kB
Mem:          3.8G       3.7G       105M       5.7M        20M       3.2G

MemTotal:        4016004 kB
MemFree:          127020 kB
Active:           401188 kB
Mem:          3.8G       3.7G       123M       5.7M        20M       3.2G

MemTotal:        4016004 kB
MemFree:          121492 kB
Active:           402780 kB
Mem:          3.8G       3.7G       124M       5.7M        20M       3.2G

MemTotal:        4016004 kB
MemFree:          106696 kB
Active:           402064 kB
Mem:          3.8G       3.7G       103M       5.7M        20M       3.2G

MemTotal:        4016004 kB
MemFree:          115688 kB
Active:           400556 kB
Mem:          3.8G       3.7G       112M       5.7M        20M       3.2G

MemTotal:        4016004 kB
MemFree:          128888 kB
Active:           400660 kB
Mem:          3.8G       3.7G       125M       5.7M        20M       3.2G

MemTotal:        4016004 kB
MemFree:          124032 kB
Active:           400888 kB
Mem:          3.8G       3.7G       120M       5.7M        20M       3.2G

MemTotal:        4016004 kB
MemFree:          108856 kB
Active:           401024 kB
Mem:          3.8G       3.7G       105M       5.7M        20M       3.2G

MemTotal:        4016004 kB
MemFree:          107044 kB
Active:           401164 kB
Mem:          3.8G       3.7G       104M       5.7M        20M       3.2G

MemTotal:        4016004 kB
MemFree:          124100 kB
Active:           401308 kB
Mem:          3.8G       3.7G       120M       5.7M        20M       3.2G

MemTotal:        4016004 kB
MemFree:          128808 kB
Active:           401692 kB
Mem:          3.8G       3.7G       125M       5.7M        20M       3.2G

MemTotal:        4016004 kB
MemFree:          130680 kB
Active:           400768 kB
Mem:          3.8G       3.7G       127M       5.7M        20M       3.2G

MemTotal:        4016004 kB
MemFree:          120628 kB
Active:           400784 kB
Mem:          3.8G       3.7G       117M       5.7M        20M       3.2G

MemTotal:        4016004 kB
MemFree:          119128 kB
Active:           400792 kB
Mem:          3.8G       3.7G       115M       5.7M        20M       3.2G

MemTotal:        4016004 kB
MemFree:          132436 kB
Active:           401000 kB
Mem:          3.8G       3.7G       128M       5.7M        20M       3.2G

MemTotal:        4016004 kB
MemFree:          116132 kB
Active:           401220 kB
Mem:          3.8G       3.7G       112M       5.7M        20M       3.2G

MemTotal:        4016004 kB
MemFree:          108552 kB
Active:           401420 kB
Mem:          3.8G       3.7G       105M       5.7M        20M       3.2G

MemTotal:        4016004 kB
MemFree:          120644 kB
Active:           401536 kB
Mem:          3.8G       3.7G       117M       5.7M        20M       3.2G

MemTotal:        4016004 kB
MemFree:          136420 kB
Active:           401644 kB
Mem:          3.8G       3.7G       132M       5.7M        20M       3.2G

MemTotal:        4016004 kB
MemFree:          125140 kB
Active:           401788 kB
Mem:          3.8G       3.7G       121M       5.7M        20M       3.2G

MemTotal:        4016004 kB
MemFree:          125364 kB
Active:           391500 kB
Mem:          3.8G       3.7G       121M       5.7M        20M       3.2G

MemTotal:        4016004 kB
MemFree:          129992 kB
Active:           391556 kB
Mem:          3.8G       3.7G       126M       5.7M        20M       3.2G

MemTotal:        4016004 kB
MemFree:          129708 kB
Active:           391580 kB
Mem:          3.8G       3.7G       126M       5.7M        20M       3.2G

MemTotal:        4016004 kB
MemFree:          106096 kB
Active:           391548 kB
Mem:          3.8G       3.7G       102M       5.7M        20M       3.2G

MemTotal:        4016004 kB
MemFree:          123744 kB
Active:           392012 kB
Mem:          3.8G       3.7G       120M       5.7M        20M       3.2G

MemTotal:        4016004 kB
MemFree:          124692 kB
Active:           392236 kB
Mem:          3.8G       3.7G       121M       5.7M        20M       3.2G

MemTotal:        4016004 kB
MemFree:          132432 kB
Active:           392444 kB
Mem:          3.8G       3.7G       128M       5.7M        20M       3.2G

MemTotal:        4016004 kB
MemFree:          146232 kB
Active:           392636 kB
Mem:          3.8G       3.7G       141M       5.7M        20M       3.2G

MemTotal:        4016004 kB
MemFree:          118908 kB
Active:           392892 kB
Mem:          3.8G       3.7G       115M       5.7M        20M       3.2G

MemTotal:        4016004 kB
MemFree:          125684 kB
Active:           393548 kB
Mem:          3.8G       3.7G       121M       5.7M        20M       3.2G

MemTotal:        4016004 kB
MemFree:          114940 kB
Active:           392704 kB
Mem:          3.8G       3.7G       111M       5.7M        20M       3.2G

MemTotal:        4016004 kB
MemFree:          119316 kB
Active:           392812 kB
Mem:          3.8G       3.7G       116M       5.7M        20M       3.2G

MemTotal:        4016004 kB
MemFree:          142356 kB
Active:           393628 kB
Mem:          3.8G       3.7G       138M       5.7M        20M       3.2G

MemTotal:        4016004 kB
MemFree:          108976 kB
Active:           393868 kB
Mem:          3.8G       3.7G       106M       5.7M        20M       3.2G

MemTotal:        4016004 kB
MemFree:          107988 kB
Active:           393896 kB
Mem:          3.8G       3.7G       105M       5.7M        20M       3.2G

MemTotal:        4016004 kB
MemFree:          120972 kB
Active:           394060 kB
Mem:          3.8G       3.7G       123M       5.7M        20M       3.2G

MemTotal:        4016004 kB
MemFree:          145532 kB
Active:           394272 kB
Mem:          3.8G       3.7G       141M       5.7M        20M       3.2G

MemTotal:        4016004 kB
MemFree:          105920 kB
Active:           394456 kB
Mem:          3.8G       3.7G       103M       5.7M        20M       3.2G

MemTotal:        4016004 kB
MemFree:          121020 kB
Active:           394620 kB
Mem:          3.8G       3.7G       117M       5.7M        20M       3.2G

MemTotal:        4016004 kB
MemFree:          142784 kB
Active:           392828 kB
Mem:          3.8G       3.7G       138M       5.7M        20M       3.2G

MemTotal:        4016004 kB
MemFree:          107272 kB
Active:           392984 kB
Mem:          3.8G       3.7G       104M       5.7M        20M       3.2G

MemTotal:        4016004 kB
MemFree:          124380 kB
Active:           393148 kB
Mem:          3.8G       3.7G       120M       5.7M        20M       3.2G

MemTotal:        4016004 kB
MemFree:          122180 kB
Active:           393380 kB
Mem:          3.8G       3.7G       119M       5.7M        20M       3.2G

MemTotal:        4016004 kB
MemFree:          126952 kB
Active:           395748 kB
Mem:          3.8G       3.7G       122M       5.7M        20M       3.2G

MemTotal:        4016004 kB
MemFree:          119956 kB
Active:           395556 kB
Mem:          3.8G       3.7G       116M       5.7M        20M       3.2G

MemTotal:        4016004 kB
MemFree:          127020 kB
Active:           395644 kB
Mem:          3.8G       3.7G       123M       5.7M        20M       3.2G

MemTotal:        4016004 kB
MemFree:          111228 kB
Active:           395668 kB
Mem:          3.8G       3.7G       108M       5.7M        20M       3.2G

MemTotal:        4016004 kB
MemFree:          119844 kB
Active:           395764 kB
Mem:          3.8G       3.7G       116M       5.7M        20M       3.2G

MemTotal:        4016004 kB
MemFree:          140532 kB
Active:           395844 kB
Mem:          3.8G       3.7G       136M       5.7M        20M       3.2G

MemTotal:        4016004 kB
MemFree:          124812 kB
Active:           396284 kB
Mem:          3.8G       3.7G       121M       5.7M        20M       3.2G

MemTotal:        4016004 kB
MemFree:          117196 kB
Active:           396756 kB
Mem:          3.8G       3.7G       113M       5.7M        20M       3.2G

MemTotal:        4016004 kB
MemFree:          121460 kB
Active:           401000 kB
Mem:          3.8G       3.7G       118M       5.7M        27M       3.2G

MemTotal:        4016004 kB
MemFree:          133564 kB
Active:           401168 kB
Mem:          3.8G       3.7G       129M       5.7M        27M       3.2G

MemTotal:        4016004 kB
MemFree:          132140 kB
Active:           401188 kB
Mem:          3.8G       3.7G       128M       5.7M        27M       3.2G

MemTotal:        4016004 kB
MemFree:          132204 kB
Active:           401204 kB
Mem:          3.8G       3.7G       129M       5.7M        27M       3.2G

MemTotal:        4016004 kB
MemFree:          119636 kB
Active:           401416 kB
Mem:          3.8G       3.7G       116M       5.7M        27M       3.2G

MemTotal:        4016004 kB
MemFree:          145540 kB
Active:           401716 kB
Mem:          3.8G       3.7G       141M       5.7M        27M       3.2G

MemTotal:        4016004 kB
MemFree:          130156 kB
Active:           401976 kB
Mem:          3.8G       3.7G       126M       5.7M        27M       3.2G

MemTotal:        4016004 kB
MemFree:          119432 kB
Active:           402188 kB
Mem:          3.8G       3.7G       116M       5.7M        27M       3.2G

MemTotal:        4016004 kB
MemFree:          110608 kB
Active:           402364 kB
Mem:          3.8G       3.7G       107M       5.7M        27M       3.2G

MemTotal:        4016004 kB
MemFree:          122548 kB
Active:           402464 kB
Mem:          3.8G       3.7G       119M       5.7M        27M       3.2G

MemTotal:        4016004 kB
MemFree:          123008 kB
Active:           402672 kB
Mem:          3.8G       3.7G       119M       5.7M        27M       3.2G

MemTotal:        4016004 kB
MemFree:          123320 kB
Active:           402824 kB
Mem:          3.8G       3.7G       119M       5.7M        27M       3.2G

MemTotal:        4016004 kB
MemFree:          126008 kB
Active:           402964 kB
Mem:          3.8G       3.7G       122M       5.7M        27M       3.2G

MemTotal:        4016004 kB
MemFree:          122764 kB
Active:           403200 kB
Mem:          3.8G       3.7G       119M       5.7M        27M       3.2G

MemTotal:        4016004 kB
MemFree:          133612 kB
Active:           403380 kB
Mem:          3.8G       3.7G       130M       5.7M        27M       3.2G

MemTotal:        4016004 kB
MemFree:          126256 kB
Active:           403484 kB
Mem:          3.8G       3.7G       122M       5.7M        27M       3.2G

MemTotal:        4016004 kB
MemFree:          107136 kB
Active:           403572 kB
Mem:          3.8G       3.7G       104M       5.7M        27M       3.2G

MemTotal:        4016004 kB
MemFree:          128188 kB
Active:           401140 kB
Mem:          3.8G       3.7G       124M       5.7M        27M       3.2G

MemTotal:        4016004 kB
MemFree:          127520 kB
Active:           401288 kB
Mem:          3.8G       3.7G       123M       5.7M        27M       3.2G

MemTotal:        4016004 kB
MemFree:          116136 kB
Active:           401536 kB
Mem:          3.8G       3.7G       112M       5.7M        27M       3.2G

MemTotal:        4016004 kB
MemFree:          110868 kB
Active:           401648 kB
Mem:          3.8G       3.7G       108M       5.7M        27M       3.2G

MemTotal:        4016004 kB
MemFree:          110472 kB
Active:           401652 kB
Mem:          3.8G       3.7G       107M       5.7M        27M       3.2G

MemTotal:        4016004 kB
MemFree:          130300 kB
Active:           401832 kB
Mem:          3.8G       3.7G       126M       5.7M        27M       3.2G

MemTotal:        4016004 kB
MemFree:          137760 kB
Active:           402124 kB
Mem:          3.8G       3.7G       133M       5.7M        27M       3.2G

MemTotal:        4016004 kB
MemFree:          145724 kB
Active:           402360 kB
Mem:          3.8G       3.7G       142M       5.7M        27M       3.2G

MemTotal:        4016004 kB
MemFree:          133348 kB
Active:           402548 kB
Mem:          3.8G       3.7G       129M       5.7M        27M       3.2G

MemTotal:        4016004 kB
MemFree:          115420 kB
Active:           402740 kB
Mem:          3.8G       3.7G       112M       5.7M        27M       3.2G

MemTotal:        4016004 kB
MemFree:          105632 kB
Active:           402852 kB
Mem:          3.8G       3.7G       103M       5.7M        27M       3.2G

MemTotal:        4016004 kB
MemFree:          111864 kB
Active:           402908 kB
Mem:          3.8G       3.7G       109M       5.7M        27M       3.2G

MemTotal:        4016004 kB
MemFree:          113052 kB
Active:           402936 kB
Mem:          3.8G       3.7G       110M       5.7M        27M       3.2G

MemTotal:        4016004 kB
MemFree:          134548 kB
Active:           403176 kB
Mem:          3.8G       3.7G       131M       5.7M        27M       3.2G

MemTotal:        4016004 kB
MemFree:          116736 kB
Active:           403664 kB
Mem:          3.8G       3.7G       113M       5.7M        27M       3.2G

MemTotal:        4016004 kB
MemFree:          110320 kB
Active:           403828 kB
Mem:          3.8G       3.7G       107M       5.7M        27M       3.2G

MemTotal:        4016004 kB
MemFree:          108364 kB
Active:           403800 kB
Mem:          3.8G       3.7G       105M       5.7M        27M       3.2G

MemTotal:        4016004 kB
MemFree:          130300 kB
Active:           403488 kB
Mem:          3.8G       3.7G       126M       5.7M        27M       3.2G

MemTotal:        4016004 kB
MemFree:          121748 kB
Active:           403648 kB
Mem:          3.8G       3.7G       118M       5.7M        27M       3.2G

MemTotal:        4016004 kB
MemFree:          118148 kB
Active:           403828 kB
Mem:          3.8G       3.7G       115M       5.7M        27M       3.2G

MemTotal:        4016004 kB
MemFree:          130484 kB
Active:           404048 kB
Mem:          3.8G       3.7G       126M       5.7M        27M       3.2G

MemTotal:        4016004 kB
MemFree:          118224 kB
Active:           404212 kB
Mem:          3.8G       3.7G       115M       5.7M        27M       3.2G

MemTotal:        4016004 kB
MemFree:          129144 kB
Active:           404416 kB
Mem:          3.8G       3.7G       125M       5.7M        27M       3.2G

MemTotal:        4016004 kB
MemFree:          136136 kB
Active:           404568 kB
Mem:          3.8G       3.7G       132M       5.7M        27M       3.2G

MemTotal:        4016004 kB
MemFree:          110180 kB
Active:           404772 kB
Mem:          3.8G       3.7G       106M       5.7M        27M       3.2G

MemTotal:        4016004 kB
MemFree:          134096 kB
Active:           405004 kB
Mem:          3.8G       3.7G       131M       5.7M        27M       3.2G

MemTotal:        4016004 kB
MemFree:          119244 kB
Active:           405164 kB
Mem:          3.8G       3.7G       115M       5.7M        27M       3.2G

MemTotal:        4016004 kB
MemFree:          128856 kB
Active:           405276 kB
Mem:          3.8G       3.7G       125M       5.7M        27M       3.2G

MemTotal:        4016004 kB
MemFree:          125088 kB
Active:           405428 kB
Mem:          3.8G       3.7G       121M       5.7M        27M       3.2G

MemTotal:        4016004 kB
MemFree:          126240 kB
Active:           405660 kB
Mem:          3.8G       3.7G       122M       5.7M        27M       3.2G

MemTotal:        4016004 kB
MemFree:          126788 kB
Active:           405840 kB
Mem:          3.8G       3.7G       123M       5.7M        27M       3.2G

MemTotal:        4016004 kB
MemFree:          109236 kB
Active:           405984 kB
Mem:          3.8G       3.7G       106M       5.7M        27M       3.2G

MemTotal:        4016004 kB
MemFree:          122132 kB
Active:           405268 kB
Mem:          3.8G       3.7G       119M       5.7M        27M       3.2G

MemTotal:        4016004 kB
MemFree:          108492 kB
Active:           406720 kB
Mem:          3.8G       3.7G       104M       5.7M        27M       3.2G

MemTotal:        4016004 kB
MemFree:          133724 kB
Active:           407040 kB
Mem:          3.8G       3.7G       129M       5.7M        27M       3.2G

MemTotal:        4016004 kB
MemFree:          130960 kB
Active:           407180 kB
Mem:          3.8G       3.7G       127M       5.7M        27M       3.2G

MemTotal:        4016004 kB
MemFree:          125416 kB
Active:           407216 kB
Mem:          3.8G       3.7G       121M       5.7M        27M       3.2G

MemTotal:        4016004 kB
MemFree:          127784 kB
Active:           407512 kB
Mem:          3.8G       3.7G       124M       5.7M        27M       3.2G

MemTotal:        4016004 kB
MemFree:          140056 kB
Active:           407680 kB
Mem:          3.8G       3.7G       136M       5.7M        27M       3.2G

MemTotal:        4016004 kB
MemFree:          140580 kB
Active:           407840 kB
Mem:          3.8G       3.7G       136M       5.7M        27M       3.2G

MemTotal:        4016004 kB
MemFree:          125480 kB
Active:           408020 kB
Mem:          3.8G       3.7G       121M       5.7M        27M       3.2G

MemTotal:        4016004 kB
MemFree:          134920 kB
Active:           408172 kB
Mem:          3.8G       3.7G       132M       5.7M        27M       3.2G

MemTotal:        4016004 kB
MemFree:          135480 kB
Active:           408136 kB
Mem:          3.8G       3.7G       132M       5.7M        27M       3.2G

MemTotal:        4016004 kB
MemFree:          156716 kB
Active:           408140 kB
Mem:          3.8G       3.7G       152M       5.7M        27M       3.2G

MemTotal:        4016004 kB
MemFree:          134692 kB
Active:           408512 kB
Mem:          3.8G       3.7G       131M       5.7M        27M       3.2G

MemTotal:        4016004 kB
MemFree:          115392 kB
Active:           408788 kB
Mem:          3.8G       3.7G       112M       5.7M        27M       3.2G

MemTotal:        4016004 kB
MemFree:          119876 kB
Active:           409052 kB
Mem:          3.8G       3.7G       116M       5.7M        27M       3.2G

MemTotal:        4016004 kB
MemFree:          122200 kB
Active:           409224 kB
Mem:          3.8G       3.7G       119M       5.7M        27M       3.2G

MemTotal:        4016004 kB
MemFree:          124476 kB
Active:           409464 kB
Mem:          3.8G       3.7G       121M       5.7M        27M       3.2G

MemTotal:        4016004 kB
MemFree:          111472 kB
Active:           409696 kB
Mem:          3.8G       3.7G       107M       5.7M        27M       3.2G

MemTotal:        4016004 kB
MemFree:          107964 kB
Active:           409896 kB
Mem:          3.8G       3.7G       105M       5.7M        27M       3.2G

MemTotal:        4016004 kB
MemFree:          122800 kB
Active:           409896 kB
Mem:          3.8G       3.7G       119M       5.7M        27M       3.2G

MemTotal:        4016004 kB
MemFree:          135056 kB
Active:           410008 kB
Mem:          3.8G       3.7G       131M       5.7M        27M       3.2G

MemTotal:        4016004 kB
MemFree:          111984 kB
Active:           410356 kB
Mem:          3.8G       3.7G       108M       5.7M        27M       3.2G

MemTotal:        4016004 kB
MemFree:          139060 kB
Active:           410656 kB
Mem:          3.8G       3.7G       135M       5.7M        27M       3.2G

MemTotal:        4016004 kB
MemFree:          132568 kB
Active:           410824 kB
Mem:          3.8G       3.7G       129M       5.7M        27M       3.2G

MemTotal:        4016004 kB
MemFree:          106636 kB
Active:           411000 kB
Mem:          3.8G       3.7G       103M       5.7M        27M       3.2G

MemTotal:        4016004 kB
MemFree:          142984 kB
Active:           411156 kB
Mem:          3.8G       3.7G       139M       5.7M        27M       3.2G

MemTotal:        4016004 kB
MemFree:          125084 kB
Active:           411332 kB
Mem:          3.8G       3.7G       122M       5.7M        27M       3.2G

MemTotal:        4016004 kB
MemFree:          110112 kB
Active:           411492 kB
Mem:          3.8G       3.7G       119M       5.7M        27M       3.2G

MemTotal:        4016004 kB
MemFree:          137484 kB
Active:           411688 kB
Mem:          3.8G       3.7G       133M       5.7M        27M       3.2G

MemTotal:        4016004 kB
MemFree:          118140 kB
Active:           411776 kB
Mem:          3.8G       3.7G       114M       5.7M        27M       3.2G

MemTotal:        4016004 kB
MemFree:          109372 kB
Active:           411756 kB
Mem:          3.8G       3.7G       106M       5.7M        27M       3.2G

MemTotal:        4016004 kB
MemFree:          130904 kB
Active:           411920 kB
Mem:          3.8G       3.7G       127M       5.7M        27M       3.2G

MemTotal:        4016004 kB
MemFree:          136908 kB
Active:           412308 kB
Mem:          3.8G       3.7G       132M       5.7M        27M       3.2G

MemTotal:        4016004 kB
MemFree:          149352 kB
Active:           412584 kB
Mem:          3.8G       3.7G       145M       5.7M        27M       3.2G

MemTotal:        4016004 kB
MemFree:          116628 kB
Active:           412676 kB
Mem:          3.8G       3.7G       113M       5.7M        27M       3.2G

MemTotal:        4016004 kB
MemFree:          125332 kB
Active:           412856 kB
Mem:          3.8G       3.7G       121M       5.7M        27M       3.2G

MemTotal:        4016004 kB
MemFree:          142464 kB
Active:           412988 kB
Mem:          3.8G       3.7G       138M       5.7M        27M       3.2G

MemTotal:        4016004 kB
MemFree:          122616 kB
Active:           413224 kB
Mem:          3.8G       3.7G       119M       5.7M        27M       3.2G

MemTotal:        4016004 kB
MemFree:          124028 kB
Active:           413448 kB
Mem:          3.8G       3.7G       120M       5.7M        27M       3.2G

MemTotal:        4016004 kB
MemFree:          126536 kB
Active:           413612 kB
Mem:          3.8G       3.7G       123M       5.7M        27M       3.2G

MemTotal:        4016004 kB
MemFree:          142516 kB
Active:           413732 kB
Mem:          3.8G       3.7G       138M       5.7M        27M       3.2G

MemTotal:        4016004 kB
MemFree:          109504 kB
Active:           413860 kB
Mem:          3.8G       3.7G       106M       5.7M        27M       3.2G

MemTotal:        4016004 kB
MemFree:          118128 kB
Active:           413996 kB
Mem:          3.8G       3.7G       114M       5.7M        27M       3.2G

MemTotal:        4016004 kB
MemFree:          104756 kB
Active:           414240 kB
Mem:          3.8G       3.7G       106M       5.7M        27M       3.2G

MemTotal:        4016004 kB
MemFree:          126704 kB
Active:           414332 kB
Mem:          3.8G       3.7G       123M       5.7M        27M       3.2G

MemTotal:        4016004 kB
MemFree:          131540 kB
Active:           414480 kB
Mem:          3.8G       3.7G       128M       5.7M        27M       3.2G

MemTotal:        4016004 kB
MemFree:          107992 kB
Active:           414572 kB
Mem:          3.8G       3.7G       105M       5.7M        27M       3.2G

MemTotal:        4016004 kB
MemFree:          114968 kB
Active:           414696 kB
Mem:          3.8G       3.7G       112M       5.7M        27M       3.2G

MemTotal:        4016004 kB
MemFree:          120816 kB
Active:           414884 kB
Mem:          3.8G       3.7G       117M       5.7M        27M       3.2G

MemTotal:        4016004 kB
MemFree:          108212 kB
Active:           415152 kB
Mem:          3.8G       3.7G       104M       5.7M        27M       3.2G

MemTotal:        4016004 kB
MemFree:          114748 kB
Active:           415380 kB
Mem:          3.8G       3.7G       111M       5.7M        27M       3.2G

MemTotal:        4016004 kB
MemFree:          114268 kB
Active:           415528 kB
Mem:          3.8G       3.7G       111M       5.7M        27M       3.2G

MemTotal:        4016004 kB
MemFree:          112548 kB
Active:           415664 kB
Mem:          3.8G       3.7G       109M       5.7M        27M       3.2G

MemTotal:        4016004 kB
MemFree:          105840 kB
Active:           415800 kB
Mem:          3.8G       3.7G       102M       5.7M        27M       3.2G

MemTotal:        4016004 kB
MemFree:          131816 kB
Active:           416028 kB
Mem:          3.8G       3.7G       128M       5.7M        27M       3.2G

MemTotal:        4016004 kB
MemFree:          105204 kB
Active:           416232 kB
Mem:          3.8G       3.7G       102M       5.7M        27M       3.2G

MemTotal:        4016004 kB
MemFree:          121652 kB
Active:           416360 kB
Mem:          3.8G       3.7G       115M       5.7M        27M       3.2G

MemTotal:        4016004 kB
MemFree:          141432 kB
Active:           416472 kB
Mem:          3.8G       3.7G       136M       5.7M        27M       3.2G

MemTotal:        4016004 kB
MemFree:          147392 kB
Active:           416720 kB
Mem:          3.8G       3.7G       143M       5.7M        27M       3.2G

MemTotal:        4016004 kB
MemFree:          132572 kB
Active:           416920 kB
Mem:          3.8G       3.7G       129M       5.7M        27M       3.2G

MemTotal:        4016004 kB
MemFree:          114748 kB
Active:           417092 kB
Mem:          3.8G       3.7G       111M       5.7M        27M       3.2G

MemTotal:        4016004 kB
MemFree:          107420 kB
Active:           417268 kB
Mem:          3.8G       3.7G       104M       5.7M        27M       3.2G

MemTotal:        4016004 kB
MemFree:          105936 kB
Active:           417344 kB
Mem:          3.8G       3.7G       103M       5.7M        27M       3.2G

MemTotal:        4016004 kB
MemFree:          109620 kB
Active:           417452 kB
Mem:          3.8G       3.7G       106M       5.7M        27M       3.2G

MemTotal:        4016004 kB
MemFree:          119824 kB
Active:           417672 kB
Mem:          3.8G       3.7G       122M       5.7M        27M       3.2G

MemTotal:        4016004 kB
MemFree:          107828 kB
Active:           417892 kB
Mem:          3.8G       3.7G       104M       5.7M        27M       3.2G

MemTotal:        4016004 kB
MemFree:          127036 kB
Active:           418112 kB
Mem:          3.8G       3.7G       123M       5.7M        27M       3.2G

MemTotal:        4016004 kB
MemFree:          107972 kB
Active:           418292 kB
Mem:          3.8G       3.7G       105M       5.7M        27M       3.2G

MemTotal:        4016004 kB
MemFree:          121004 kB
Active:           418452 kB
Mem:          3.8G       3.7G       117M       5.7M        27M       3.2G

MemTotal:        4016004 kB
MemFree:          105400 kB
Active:           418480 kB
Mem:          3.8G       3.7G       102M       5.7M        27M       3.2G

MemTotal:        4016004 kB
MemFree:          107888 kB
Active:           418596 kB
Mem:          3.8G       3.7G       105M       5.7M        27M       3.2G

MemTotal:        4016004 kB
MemFree:          131960 kB
Active:           418892 kB
Mem:          3.8G       3.7G       128M       5.7M        27M       3.2G

MemTotal:        4016004 kB
MemFree:          136564 kB
Active:           419240 kB
Mem:          3.8G       3.7G       133M       5.7M        27M       3.2G

MemTotal:        4016004 kB
MemFree:          126600 kB
Active:           419392 kB
Mem:          3.8G       3.7G       123M       5.7M        27M       3.2G

MemTotal:        4016004 kB
MemFree:          123300 kB
Active:           419392 kB
Mem:          3.8G       3.7G       120M       5.7M        27M       3.2G

MemTotal:        4016004 kB
MemFree:          139912 kB
Active:           419448 kB
Mem:          3.8G       3.7G       136M       5.7M        27M       3.2G

MemTotal:        4016004 kB
MemFree:          125524 kB
Active:           419772 kB
Mem:          3.8G       3.7G       121M       5.7M        27M       3.2G

MemTotal:        4016004 kB
MemFree:          105024 kB
Active:           420084 kB
Mem:          3.8G       3.7G       102M       5.7M        27M       3.2G

MemTotal:        4016004 kB
MemFree:          107656 kB
Active:           420248 kB
Mem:          3.8G       3.7G       105M       5.7M        27M       3.2G

MemTotal:        4016004 kB
MemFree:          120456 kB
Active:           420420 kB
Mem:          3.8G       3.7G       117M       5.7M        27M       3.2G

MemTotal:        4016004 kB
MemFree:          109600 kB
Active:           420604 kB
Mem:          3.8G       3.7G       106M       5.7M        27M       3.2G

MemTotal:        4016004 kB
MemFree:          126144 kB
Active:           420752 kB
Mem:          3.8G       3.7G       122M       5.7M        27M       3.2G

MemTotal:        4016004 kB
MemFree:          127916 kB
Active:           420904 kB
Mem:          3.8G       3.7G       124M       5.7M        27M       3.2G

MemTotal:        4016004 kB
MemFree:          130888 kB
Active:           421100 kB
Mem:          3.8G       3.7G       127M       5.7M        27M       3.2G

MemTotal:        4016004 kB
MemFree:          122544 kB
Active:           421624 kB
Mem:          3.8G       3.7G       119M       5.7M        28M       3.2G

MemTotal:        4016004 kB
MemFree:          108224 kB
Active:           421860 kB
Mem:          3.8G       3.7G       105M       5.7M        28M       3.2G

MemTotal:        4016004 kB
MemFree:          142244 kB
Active:           422104 kB
Mem:          3.8G       3.7G       138M       5.7M        28M       3.2G

MemTotal:        4016004 kB
MemFree:          149392 kB
Active:           422300 kB
Mem:          3.8G       3.7G       145M       5.7M        28M       3.2G

MemTotal:        4016004 kB
MemFree:          105688 kB
Active:           422484 kB
Mem:          3.8G       3.7G       102M       5.7M        28M       3.2G

MemTotal:        4016004 kB
MemFree:          128100 kB
Active:           422636 kB
Mem:          3.8G       3.7G       124M       5.7M        28M       3.2G

MemTotal:        4016004 kB
MemFree:          129484 kB
Active:           422760 kB
Mem:          3.8G       3.7G       126M       5.7M        28M       3.2G

MemTotal:        4016004 kB
MemFree:          127224 kB
Active:           422900 kB
Mem:          3.8G       3.7G       123M       5.7M        28M       3.2G

MemTotal:        4016004 kB
MemFree:          131624 kB
Active:           423136 kB
Mem:          3.8G       3.7G       127M       5.7M        28M       3.2G

MemTotal:        4016004 kB
MemFree:          127592 kB
Active:           423332 kB
Mem:          3.8G       3.7G       124M       5.7M        28M       3.2G

MemTotal:        4016004 kB
MemFree:          127728 kB
Active:           423508 kB
Mem:          3.8G       3.7G       123M       5.7M        28M       3.2G

MemTotal:        4016004 kB
MemFree:          128748 kB
Active:           423680 kB
Mem:          3.8G       3.7G       125M       5.7M        28M       3.2G

MemTotal:        4016004 kB
MemFree:          138352 kB
Active:           423992 kB
Mem:          3.8G       3.7G       134M       5.7M        28M       3.2G

MemTotal:        4016004 kB
MemFree:          110728 kB
Active:           424376 kB
Mem:          3.8G       3.7G       107M       5.7M        28M       3.2G

MemTotal:        4016004 kB
MemFree:          125816 kB
Active:           424540 kB
Mem:          3.8G       3.7G       122M       5.7M        28M       3.2G

MemTotal:        4016004 kB
MemFree:          133260 kB
Active:           424704 kB
Mem:          3.8G       3.7G       129M       5.7M        28M       3.2G

MemTotal:        4016004 kB
MemFree:          121080 kB
Active:           424856 kB
Mem:          3.8G       3.7G       117M       5.7M        28M       3.2G

MemTotal:        4016004 kB
MemFree:          129020 kB
Active:           425388 kB
Mem:          3.8G       3.7G       125M       5.7M        28M       3.2G

MemTotal:        4016004 kB
MemFree:          112280 kB
Active:           425560 kB
Mem:          3.8G       3.7G       109M       5.7M        28M       3.2G

MemTotal:        4016004 kB
MemFree:          124584 kB
Active:           425728 kB
Mem:          3.8G       3.7G       120M       5.7M        28M       3.2G

MemTotal:        4016004 kB
MemFree:          133440 kB
Active:           425900 kB
Mem:          3.8G       3.7G       130M       5.7M        28M       3.2G

MemTotal:        4016004 kB
MemFree:          127900 kB
Active:           426096 kB
Mem:          3.8G       3.7G       124M       5.7M        28M       3.2G

MemTotal:        4016004 kB
MemFree:          133272 kB
Active:           426256 kB
Mem:          3.8G       3.7G       130M       5.7M        28M       3.2G

MemTotal:        4016004 kB
MemFree:          126292 kB
Active:           426324 kB
Mem:          3.8G       3.7G       122M       5.7M        28M       3.2G

MemTotal:        4016004 kB
MemFree:          106688 kB
Active:           426344 kB
Mem:          3.8G       3.7G       104M       5.7M        28M       3.2G

MemTotal:        4016004 kB
MemFree:          129920 kB
Active:           426596 kB
Mem:          3.8G       3.7G       126M       5.7M        28M       3.2G

MemTotal:        4016004 kB
MemFree:          127280 kB
Active:           426992 kB
Mem:          3.8G       3.7G       123M       5.7M        28M       3.2G

MemTotal:        4016004 kB
MemFree:          122984 kB
Active:           427132 kB
Mem:          3.8G       3.7G       119M       5.7M        28M       3.2G

MemTotal:        4016004 kB
MemFree:          118380 kB
Active:           427200 kB
Mem:          3.8G       3.7G       115M       5.7M        28M       3.2G

MemTotal:        4016004 kB
MemFree:          117792 kB
Active:           427156 kB
Mem:          3.8G       3.7G       115M       5.7M        28M       3.2G

MemTotal:        4016004 kB
MemFree:          152492 kB
Active:           427176 kB
Mem:          3.8G       3.7G       148M       5.7M        28M       3.1G

MemTotal:        4016004 kB
MemFree:          133200 kB
Active:           427668 kB
Mem:          3.8G       3.7G       129M       5.7M        28M       3.2G

MemTotal:        4016004 kB
MemFree:          145136 kB
Active:           427952 kB
Mem:          3.8G       3.7G       141M       5.7M        28M       3.2G

MemTotal:        4016004 kB
MemFree:          109240 kB
Active:           428144 kB
Mem:          3.8G       3.7G       106M       5.7M        28M       3.2G

MemTotal:        4016004 kB
MemFree:          131328 kB
Active:           428300 kB
Mem:          3.8G       3.7G       127M       5.7M        28M       3.2G

MemTotal:        4016004 kB
MemFree:          142660 kB
Active:           428472 kB
Mem:          3.8G       3.7G       139M       5.7M        28M       3.2G

MemTotal:        4016004 kB
MemFree:          125856 kB
Active:           428648 kB
Mem:          3.8G       3.7G       123M       5.7M        28M       3.2G

MemTotal:        4016004 kB
MemFree:          115044 kB
Active:           428772 kB
Mem:          3.8G       3.7G       111M       5.7M        28M       3.2G

MemTotal:        4016004 kB
MemFree:          112844 kB
Active:           428912 kB
Mem:          3.8G       3.7G       109M       5.7M        28M       3.2G

MemTotal:        4016004 kB
MemFree:          112832 kB
Active:           429148 kB
Mem:          3.8G       3.7G       110M       5.7M        28M       3.2G

MemTotal:        4016004 kB
MemFree:          118284 kB
Active:           429320 kB
Mem:          3.8G       3.7G       115M       5.7M        28M       3.2G

MemTotal:        4016004 kB
MemFree:          107288 kB
Active:           429492 kB
Mem:          3.8G       3.7G       113M       5.7M        28M       3.2G

MemTotal:        4016004 kB
MemFree:          105560 kB
Active:           429620 kB
Mem:          3.8G       3.7G       102M       5.7M        28M       3.2G

MemTotal:        4016004 kB
MemFree:          128032 kB
Active:           429768 kB
Mem:          3.8G       3.7G       124M       5.7M        28M       3.2G

MemTotal:        4016004 kB
MemFree:          125096 kB
Active:           429964 kB
Mem:          3.8G       3.7G       121M       5.7M        28M       3.2G

MemTotal:        4016004 kB
MemFree:          124880 kB
Active:           430176 kB
Mem:          3.8G       3.7G       121M       5.7M        28M       3.2G

MemTotal:        4016004 kB
MemFree:          131672 kB
Active:           430324 kB
Mem:          3.8G       3.7G       128M       5.7M        28M       3.2G

MemTotal:        4016004 kB
MemFree:          111108 kB
Active:           430396 kB
Mem:          3.8G       3.7G       107M       5.7M        28M       3.2G

MemTotal:        4016004 kB
MemFree:          145732 kB
Active:           430456 kB
Mem:          3.8G       3.7G       144M       5.7M        28M       3.1G

MemTotal:        4016004 kB
MemFree:          118300 kB
Active:           430704 kB
Mem:          3.8G       3.7G       114M       5.7M        28M       3.2G

MemTotal:        4016004 kB
MemFree:          132960 kB
Active:           430964 kB
Mem:          3.8G       3.7G       129M       5.7M        28M       3.2G

MemTotal:        4016004 kB
MemFree:          140716 kB
Active:           431168 kB
Mem:          3.8G       3.7G       133M       5.7M        28M       3.2G

MemTotal:        4016004 kB
MemFree:          134908 kB
Active:           431312 kB
Mem:          3.8G       3.7G       131M       5.7M        28M       3.2G

MemTotal:        4016004 kB
MemFree:          125440 kB
Active:           431428 kB
Mem:          3.8G       3.7G       121M       5.7M        28M       3.2G

MemTotal:        4016004 kB
MemFree:          118232 kB
Active:           431564 kB
Mem:          3.8G       3.7G       114M       5.7M        28M       3.2G

MemTotal:        4016004 kB
MemFree:          126600 kB
Active:           431756 kB
Mem:          3.8G       3.7G       123M       5.7M        28M       3.2G

MemTotal:        4016004 kB
MemFree:          113976 kB
Active:           431972 kB
Mem:          3.8G       3.7G       110M       5.7M        28M       3.2G

MemTotal:        4016004 kB
MemFree:          113140 kB
Active:           432124 kB
Mem:          3.8G       3.7G       110M       5.7M        28M       3.2G

MemTotal:        4016004 kB
MemFree:          110800 kB
Active:           432100 kB
Mem:          3.8G       3.7G       106M       5.7M        28M       3.2G

MemTotal:        4016004 kB
MemFree:          123832 kB
Active:           432384 kB
Mem:          3.8G       3.7G       120M       5.7M        28M       3.2G

MemTotal:        4016004 kB
MemFree:          143216 kB
Active:           432660 kB
Mem:          3.8G       3.7G       139M       5.7M        28M       3.2G

MemTotal:        4016004 kB
MemFree:          124908 kB
Active:           432888 kB
Mem:          3.8G       3.7G       121M       5.7M        28M       3.2G

MemTotal:        4016004 kB
MemFree:          117008 kB
Active:           433072 kB
Mem:          3.8G       3.7G       113M       5.7M        28M       3.2G

MemTotal:        4016004 kB
MemFree:          117220 kB
Active:           433232 kB
Mem:          3.8G       3.7G       113M       5.7M        28M       3.2G

MemTotal:        4016004 kB
MemFree:          106640 kB
Active:           433368 kB
Mem:          3.8G       3.7G       103M       5.7M        28M       3.2G

MemTotal:        4016004 kB
MemFree:          123144 kB
Active:           433588 kB
Mem:          3.8G       3.7G       121M       5.7M        28M       3.2G

MemTotal:        4016004 kB
MemFree:          126608 kB
Active:           433764 kB
Mem:          3.8G       3.7G       123M       5.7M        28M       3.2G

MemTotal:        4016004 kB
MemFree:          110772 kB
Active:           433936 kB
Mem:          3.8G       3.7G       107M       5.7M        28M       3.2G

MemTotal:        4016004 kB
MemFree:          115628 kB
Active:           434060 kB
Mem:          3.8G       3.7G       112M       5.7M        28M       3.2G

MemTotal:        4016004 kB
MemFree:          107400 kB
Active:           434540 kB
Mem:          3.8G       3.7G       104M       5.7M        28M       3.2G

MemTotal:        4016004 kB
MemFree:          144868 kB
Active:           434764 kB
Mem:          3.8G       3.7G       140M       5.7M        28M       3.1G

MemTotal:        4016004 kB
MemFree:          105300 kB
Active:           434924 kB
Mem:          3.8G       3.7G       102M       5.7M        28M       3.2G

MemTotal:        4016004 kB
MemFree:          112372 kB
Active:           435000 kB
Mem:          3.8G       3.7G       109M       5.7M        28M       3.2G

MemTotal:        4016004 kB
MemFree:          126128 kB
Active:           435060 kB
Mem:          3.8G       3.7G       117M       5.7M        28M       3.2G

MemTotal:        4016004 kB
MemFree:          105112 kB
Active:           435364 kB
Mem:          3.8G       3.7G       122M       5.7M        28M       3.2G

MemTotal:        4016004 kB
MemFree:          113744 kB
Active:           435652 kB
Mem:          3.8G       3.7G       110M       5.7M        28M       3.2G

MemTotal:        4016004 kB
MemFree:          115040 kB
Active:           435880 kB
Mem:          3.8G       3.7G       112M       5.7M        28M       3.2G

MemTotal:        4016004 kB
MemFree:          129628 kB
Active:           435920 kB
Mem:          3.8G       3.7G       126M       5.7M        28M       3.2G

MemTotal:        4016004 kB
MemFree:          106664 kB
Active:           436048 kB
Mem:          3.8G       3.7G       104M       5.7M        28M       3.2G

MemTotal:        4016004 kB
MemFree:          121896 kB
Active:           436148 kB
Mem:          3.8G       3.7G       118M       5.7M        28M       3.2G

MemTotal:        4016004 kB
MemFree:          126716 kB
Active:           436444 kB
Mem:          3.8G       3.7G       123M       5.7M        28M       3.2G

MemTotal:        4016004 kB
MemFree:          106516 kB
Active:           436692 kB
Mem:          3.8G       3.7G       103M       5.7M        28M       3.2G

MemTotal:        4016004 kB
MemFree:          122336 kB
Active:           436844 kB
Mem:          3.8G       3.7G       119M       5.7M        28M       3.2G

MemTotal:        4016004 kB
MemFree:          114452 kB
Active:           437048 kB
Mem:          3.8G       3.7G       111M       5.7M        28M       3.2G

MemTotal:        4016004 kB
MemFree:          122680 kB
Active:           437212 kB
Mem:          3.8G       3.7G       119M       5.7M        28M       3.2G

MemTotal:        4016004 kB
MemFree:          123828 kB
Active:           437384 kB
Mem:          3.8G       3.7G       125M       5.7M        28M       3.2G

MemTotal:        4016004 kB
MemFree:          133192 kB
Active:           437436 kB
Mem:          3.8G       3.7G       129M       5.7M        28M       3.2G

MemTotal:        4016004 kB
MemFree:          125876 kB
Active:           437512 kB
Mem:          3.8G       3.7G       122M       5.7M        28M       3.2G

MemTotal:        4016004 kB
MemFree:          125324 kB
Active:           437700 kB
Mem:          3.8G       3.7G       121M       5.7M        28M       3.2G

MemTotal:        4016004 kB
MemFree:          127916 kB
Active:           437812 kB
Mem:          3.8G       3.7G       124M       5.7M        28M       3.2G

MemTotal:        4016004 kB
MemFree:          121732 kB
Active:           437928 kB
Mem:          3.8G       3.7G       118M       5.7M        28M       3.2G

MemTotal:        4016004 kB
MemFree:          117492 kB
Active:           438168 kB
Mem:          3.8G       3.7G       114M       5.7M        28M       3.2G

MemTotal:        4016004 kB
MemFree:          126116 kB
Active:           438404 kB
Mem:          3.8G       3.7G       122M       5.7M        28M       3.2G

MemTotal:        4016004 kB
MemFree:          125596 kB
Active:           438604 kB
Mem:          3.8G       3.7G       122M       5.7M        28M       3.2G

MemTotal:        4016004 kB
MemFree:          122956 kB
Active:           438788 kB
Mem:          3.8G       3.7G       119M       5.7M        28M       3.2G

MemTotal:        4016004 kB
MemFree:          117952 kB
Active:           438992 kB
Mem:          3.8G       3.7G       114M       5.7M        28M       3.2G

MemTotal:        4016004 kB
MemFree:          124404 kB
Active:           439280 kB
Mem:          3.8G       3.7G       120M       5.7M        28M       3.2G

MemTotal:        4016004 kB
MemFree:          140180 kB
Active:           439428 kB
Mem:          3.8G       3.7G       136M       5.7M        28M       3.2G

MemTotal:        4016004 kB
MemFree:          111500 kB
Active:           439536 kB
Mem:          3.8G       3.7G       108M       5.7M        28M       3.2G

MemTotal:        4016004 kB
MemFree:          122696 kB
Active:           439636 kB
Mem:          3.8G       3.7G       119M       5.7M        28M       3.2G

MemTotal:        4016004 kB
MemFree:          133760 kB
Active:           439852 kB
Mem:          3.8G       3.7G       130M       5.7M        28M       3.2G

MemTotal:        4016004 kB
MemFree:          128144 kB
Active:           440092 kB
Mem:          3.8G       3.7G       124M       5.7M        28M       3.2G

MemTotal:        4016004 kB
MemFree:          115016 kB
Active:           440336 kB
Mem:          3.8G       3.7G       111M       5.7M        28M       3.2G

MemTotal:        4016004 kB
MemFree:          142404 kB
Active:           440608 kB
Mem:          3.8G       3.7G       138M       5.7M        28M       3.1G

MemTotal:        4016004 kB
MemFree:          108012 kB
Active:           440736 kB
Mem:          3.8G       3.7G       104M       5.7M        28M       3.2G

MemTotal:        4016004 kB
MemFree:          131092 kB
Active:           440976 kB
Mem:          3.8G       3.7G       127M       5.7M        28M       3.2G

MemTotal:        4016004 kB
MemFree:          125844 kB
Active:           441188 kB
Mem:          3.8G       3.7G       122M       5.7M        28M       3.2G

MemTotal:        4016004 kB
MemFree:          128352 kB
Active:           441364 kB
Mem:          3.8G       3.7G       125M       5.7M        28M       3.2G

MemTotal:        4016004 kB
MemFree:          105180 kB
Active:           441452 kB
Mem:          3.8G       3.7G       102M       5.7M        28M       3.2G

MemTotal:        4016004 kB
MemFree:          114764 kB
Active:           441552 kB
Mem:          3.8G       3.7G       111M       5.7M        28M       3.2G

MemTotal:        4016004 kB
MemFree:          111080 kB
Active:           441676 kB
Mem:          3.8G       3.7G       107M       5.7M        28M       3.2G

MemTotal:        4016004 kB
MemFree:          142516 kB
Active:           441988 kB
Mem:          3.8G       3.7G       138M       5.7M        28M       3.1G

MemTotal:        4016004 kB
MemFree:          129536 kB
Active:           442236 kB
Mem:          3.8G       3.7G       126M       5.7M        28M       3.2G

MemTotal:        4016004 kB
MemFree:          106008 kB
Active:           442356 kB
Mem:          3.8G       3.7G       103M       5.7M        28M       3.2G

MemTotal:        4016004 kB
MemFree:          129324 kB
Active:           442424 kB
Mem:          3.8G       3.7G       125M       5.7M        28M       3.2G

MemTotal:        4016004 kB
MemFree:          127276 kB
Active:           442548 kB
Mem:          3.8G       3.7G       124M       5.7M        28M       3.2G

MemTotal:        4016004 kB
MemFree:          104888 kB
Active:           442892 kB
Mem:          3.8G       3.7G       108M       5.7M        28M       3.2G

MemTotal:        4016004 kB
MemFree:          126800 kB
Active:           443156 kB
Mem:          3.8G       3.7G       123M       5.7M        28M       3.2G

MemTotal:        4016004 kB
MemFree:          129552 kB
Active:           443360 kB
Mem:          3.8G       3.7G       126M       5.7M        28M       3.2G

MemTotal:        4016004 kB
MemFree:          113224 kB
Active:           443512 kB
Mem:          3.8G       3.7G       110M       5.7M        28M       3.2G

MemTotal:        4016004 kB
MemFree:          110804 kB
Active:           443664 kB
Mem:          3.8G       3.7G       107M       5.7M        28M       3.2G

MemTotal:        4016004 kB
MemFree:          106476 kB
Active:           443824 kB
Mem:          3.8G       3.7G       103M       5.7M        28M       3.2G

MemTotal:        4016004 kB
MemFree:         3236540 kB
Active:           351872 kB
Mem:          3.8G       761M       3.1G       5.7M        28M       321M

MemTotal:        4016004 kB
MemFree:         3236728 kB
Active:           351872 kB
Mem:          3.8G       760M       3.1G       5.7M        28M       321M

MemTotal:        4016004 kB
MemFree:         3322096 kB
Active:           351784 kB
Mem:          3.8G       677M       3.2G       5.7M        28M       241M

MemTotal:        4016004 kB
MemFree:         3384896 kB
Active:           351136 kB
Mem:          3.8G       616M       3.2G       5.7M        28M       182M

MemTotal:        4016004 kB
MemFree:         3385392 kB
Active:           351108 kB
Mem:          3.8G       615M       3.2G       5.7M        28M       183M

MemTotal:        4016004 kB
MemFree:         3385516 kB
Active:           351092 kB
Mem:          3.8G       615M       3.2G       5.7M        28M       183M

MemTotal:        4016004 kB
MemFree:         3386012 kB
Active:           351128 kB
Mem:          3.8G       615M       3.2G       5.7M        28M       183M

MemTotal:        4016004 kB
MemFree:         3386260 kB
Active:           351096 kB
Mem:          3.8G       615M       3.2G       5.7M        28M       182M

MemTotal:        4016004 kB
MemFree:         3386260 kB
Active:           351108 kB
Mem:          3.8G       614M       3.2G       5.7M        28M       183M

MemTotal:        4016004 kB
MemFree:         3386260 kB
Active:           351104 kB
Mem:          3.8G       614M       3.2G       5.7M        28M       183M

MemTotal:        4016004 kB
MemFree:         3386260 kB
Active:           351144 kB
Mem:          3.8G       614M       3.2G       5.7M        28M       183M

MemTotal:        4016004 kB
MemFree:         3386260 kB
Active:           351120 kB
Mem:          3.8G       615M       3.2G       5.7M        28M       183M

MemTotal:        4016004 kB
MemFree:         3386120 kB
Active:           351116 kB
Mem:          3.8G       615M       3.2G       5.7M        28M       183M

MemTotal:        4016004 kB
MemFree:         3386012 kB
Active:           351096 kB
Mem:          3.8G       615M       3.2G       5.7M        28M       183M

MemTotal:        4016004 kB
MemFree:         3386136 kB
Active:           351116 kB
Mem:          3.8G       615M       3.2G       5.7M        28M       183M

MemTotal:        4016004 kB
MemFree:         3385640 kB
Active:           351160 kB
Mem:          3.8G       615M       3.2G       5.7M        28M       183M

MemTotal:        4016004 kB
MemFree:         3386136 kB
Active:           351148 kB
Mem:          3.8G       615M       3.2G       5.7M        28M       183M

MemTotal:        4016004 kB
MemFree:         3386012 kB
Active:           351160 kB
Mem:          3.8G       615M       3.2G       5.7M        28M       183M

MemTotal:        4016004 kB
MemFree:         3385516 kB
Active:           351168 kB
Mem:          3.8G       615M       3.2G       5.7M        28M       183M

MemTotal:        4016004 kB
MemFree:         3386012 kB
Active:           351128 kB
Mem:          3.8G       615M       3.2G       5.7M        28M       183M

MemTotal:        4016004 kB
MemFree:         3386012 kB
Active:           351120 kB
Mem:          3.8G       615M       3.2G       5.7M        28M       183M

MemTotal:        4016004 kB
MemFree:         3386012 kB
Active:           351156 kB
Mem:          3.8G       615M       3.2G       5.7M        28M       183M

MemTotal:        4016004 kB
MemFree:         3386136 kB
Active:           351140 kB
Mem:          3.8G       615M       3.2G       5.7M        28M       183M

MemTotal:        4016004 kB
MemFree:         3385888 kB
Active:           351120 kB
Mem:          3.8G       615M       3.2G       5.7M        28M       183M

MemTotal:        4016004 kB
MemFree:         3386136 kB
Active:           351168 kB
Mem:          3.8G       615M       3.2G       5.7M        28M       183M

MemTotal:        4016004 kB
MemFree:         3385640 kB
Active:           351176 kB
Mem:          3.8G       615M       3.2G       5.7M        28M       183M

MemTotal:        4016004 kB
MemFree:         3386136 kB
Active:           351140 kB
Mem:          3.8G       615M       3.2G       5.7M        28M       183M

MemTotal:        4016004 kB
MemFree:         3386012 kB
Active:           351136 kB
Mem:          3.8G       615M       3.2G       5.7M        28M       183M

MemTotal:        4016004 kB
MemFree:         3385268 kB
Active:           351176 kB
Mem:          3.8G       615M       3.2G       5.7M        28M       183M

MemTotal:        4016004 kB
MemFree:         3385640 kB
Active:           351148 kB
Mem:          3.8G       615M       3.2G       5.7M        28M       183M

MemTotal:        4016004 kB
MemFree:         3385640 kB
Active:           351144 kB
Mem:          3.8G       615M       3.2G       5.7M        28M       183M

MemTotal:        4016004 kB
MemFree:         3386136 kB
Active:           351148 kB
Mem:          3.8G       615M       3.2G       5.7M        28M       183M

MemTotal:        4016004 kB
MemFree:         3386136 kB
Active:           351180 kB
Mem:          3.8G       615M       3.2G       5.7M        28M       183M

MemTotal:        4016004 kB
MemFree:         3386136 kB
Active:           351160 kB
Mem:          3.8G       615M       3.2G       5.7M        28M       183M

MemTotal:        4016004 kB
MemFree:         3386260 kB
Active:           351148 kB
Mem:          3.8G       614M       3.2G       5.7M        28M       183M

MemTotal:        4016004 kB
MemFree:         3385888 kB
Active:           351180 kB
Mem:          3.8G       615M       3.2G       5.7M        28M       183M

MemTotal:        4016004 kB
MemFree:         3386384 kB
Active:           351164 kB
Mem:          3.8G       614M       3.2G       5.7M        28M       183M

MemTotal:        4016004 kB
MemFree:         3386732 kB
Active:           351192 kB
Mem:          3.8G       614M       3.2G       5.7M        28M       183M

MemTotal:        4016004 kB
MemFree:         3386608 kB
Active:           351184 kB
Mem:          3.8G       614M       3.2G       5.7M        28M       183M

MemTotal:        4016004 kB
MemFree:         3386484 kB
Active:           351180 kB
Mem:          3.8G       614M       3.2G       5.7M        28M       183M

MemTotal:        4016004 kB
MemFree:         3386236 kB
Active:           351176 kB
Mem:          3.8G       615M       3.2G       5.7M        28M       183M

MemTotal:        4016004 kB
MemFree:         3386236 kB
Active:           351160 kB
Mem:          3.8G       615M       3.2G       5.7M        28M       183M

MemTotal:        4016004 kB
MemFree:         3385864 kB
Active:           351148 kB
Mem:          3.8G       615M       3.2G       5.7M        28M       183M

MemTotal:        4016004 kB
MemFree:         3385492 kB
Active:           351208 kB
Mem:          3.8G       615M       3.2G       5.7M        28M       183M

MemTotal:        4016004 kB
MemFree:         3386112 kB
Active:           351160 kB
Mem:          3.8G       615M       3.2G       5.7M        28M       183M

MemTotal:        4016004 kB
MemFree:         3386608 kB
Active:           351184 kB
Mem:          3.8G       614M       3.2G       5.7M        28M       183M

MemTotal:        4016004 kB
MemFree:         3386484 kB
Active:           351172 kB
Mem:          3.8G       614M       3.2G       5.7M        28M       183M

MemTotal:        4016004 kB
MemFree:         3386112 kB
Active:           351216 kB
Mem:          3.8G       614M       3.2G       5.7M        28M       183M

MemTotal:        4016004 kB
MemFree:         3385988 kB
Active:           351196 kB
Mem:          3.8G       615M       3.2G       5.7M        28M       183M

MemTotal:        4016004 kB
MemFree:         3386112 kB
Active:           351212 kB
Mem:          3.8G       615M       3.2G       5.7M        28M       183M

MemTotal:        4016004 kB
MemFree:         3385740 kB
Active:           351224 kB
Mem:          3.8G       615M       3.2G       5.7M        28M       183M

MemTotal:        4016004 kB
MemFree:         3386112 kB
Active:           351168 kB
Mem:          3.8G       615M       3.2G       5.7M        28M       183M

MemTotal:        4016004 kB
MemFree:         3386112 kB
Active:           351212 kB
Mem:          3.8G       615M       3.2G       5.7M        28M       183M

MemTotal:        4016004 kB
MemFree:         3386236 kB
Active:           351200 kB
Mem:          3.8G       615M       3.2G       5.7M        28M       183M

MemTotal:        4016004 kB
MemFree:         3386112 kB
Active:           351212 kB
Mem:          3.8G       615M       3.2G       5.7M        28M       183M

MemTotal:        4016004 kB
MemFree:         3385988 kB
Active:           351196 kB
Mem:          3.8G       615M       3.2G       5.7M        28M       183M

MemTotal:        4016004 kB
MemFree:         3385864 kB
Active:           351232 kB
Mem:          3.8G       615M       3.2G       5.7M        28M       183M

MemTotal:        4016004 kB
MemFree:         3386112 kB
Active:           351228 kB
Mem:          3.8G       615M       3.2G       5.7M        28M       183M

MemTotal:        4016004 kB
MemFree:         3385864 kB
Active:           351220 kB
Mem:          3.8G       615M       3.2G       5.7M        28M       183M

MemTotal:        4016004 kB
MemFree:         3385864 kB
Active:           351216 kB
Mem:          3.8G       615M       3.2G       5.7M        28M       183M

MemTotal:        4016004 kB
MemFree:         3385988 kB
Active:           351204 kB
Mem:          3.8G       615M       3.2G       5.7M        28M       183M

MemTotal:        4016004 kB
MemFree:         3385988 kB
Active:           351240 kB
Mem:          3.8G       615M       3.2G       5.7M        28M       183M

MemTotal:        4016004 kB
MemFree:         3385988 kB
Active:           351208 kB
Mem:          3.8G       615M       3.2G       5.7M        28M       183M

MemTotal:        4016004 kB
MemFree:         3385864 kB
Active:           351248 kB
