MemTotal:        4016004 kB
MemFree:         3218580 kB
Active:           444348 kB
Mem:          3.8G       779M       3.1G       5.7M        55M       326M

MemTotal:        4016004 kB
MemFree:         3218332 kB
Active:           444428 kB
Mem:          3.8G       778M       3.1G       5.7M        55M       326M

MemTotal:        4016004 kB
MemFree:         3219060 kB
Active:           444536 kB
Mem:          3.8G       778M       3.1G       5.7M        55M       326M

MemTotal:        4016004 kB
MemFree:         3219140 kB
Active:           444552 kB
Mem:          3.8G       778M       3.1G       5.7M        55M       326M

MemTotal:        4016004 kB
MemFree:         3218644 kB
Active:           444564 kB
Mem:          3.8G       778M       3.1G       5.7M        55M       326M

MemTotal:        4016004 kB
MemFree:         3218396 kB
Active:           444564 kB
Mem:          3.8G       778M       3.1G       5.7M        55M       326M

MemTotal:        4016004 kB
MemFree:         3218892 kB
Active:           444516 kB
Mem:          3.8G       778M       3.1G       5.7M        55M       326M

MemTotal:        4016004 kB
MemFree:         3218892 kB
Active:           444556 kB
Mem:          3.8G       778M       3.1G       5.7M        55M       326M

MemTotal:        4016004 kB
MemFree:         3218644 kB
Active:           444568 kB
Mem:          3.8G       778M       3.1G       5.7M        55M       326M

MemTotal:        4016004 kB
MemFree:         3219016 kB
Active:           444564 kB
Mem:          3.8G       778M       3.1G       5.7M        55M       326M

MemTotal:        4016004 kB
MemFree:         3219016 kB
Active:           444544 kB
Mem:          3.8G       778M       3.1G       5.7M        55M       326M

MemTotal:        4016004 kB
MemFree:         3219388 kB
Active:           444532 kB
Mem:          3.8G       778M       3.1G       5.7M        55M       326M

MemTotal:        4016004 kB
MemFree:         3219140 kB
Active:           444540 kB
Mem:          3.8G       778M       3.1G       5.7M        55M       326M

MemTotal:        4016004 kB
MemFree:         3219140 kB
Active:           444532 kB
Mem:          3.8G       778M       3.1G       5.7M        55M       326M

MemTotal:        4016004 kB
MemFree:         3218456 kB
Active:           442576 kB
Mem:          3.8G       778M       3.1G       5.7M        55M       326M

MemTotal:        4016004 kB
MemFree:         3218736 kB
Active:           444612 kB
Mem:          3.8G       778M       3.1G       5.7M        55M       326M

MemTotal:        4016004 kB
MemFree:         3218860 kB
Active:           444612 kB
Mem:          3.8G       778M       3.1G       5.7M        55M       326M

MemTotal:        4016004 kB
MemFree:         3218844 kB
Active:           444620 kB
Mem:          3.8G       778M       3.1G       5.7M        55M       326M

MemTotal:        4016004 kB
MemFree:         3218660 kB
Active:           444640 kB
Mem:          3.8G       778M       3.1G       5.7M        55M       326M

MemTotal:        4016004 kB
MemFree:         3218660 kB
Active:           444620 kB
Mem:          3.8G       778M       3.1G       5.7M        55M       326M

MemTotal:        4016004 kB
MemFree:         3219156 kB
Active:           444604 kB
Mem:          3.8G       778M       3.1G       5.7M        55M       326M

MemTotal:        4016004 kB
MemFree:         3218784 kB
Active:           444648 kB
Mem:          3.8G       778M       3.1G       5.7M        55M       326M

MemTotal:        4016004 kB
MemFree:         3219032 kB
Active:           444608 kB
Mem:          3.8G       778M       3.1G       5.7M        55M       326M

MemTotal:        4016004 kB
MemFree:         3219156 kB
Active:           444604 kB
Mem:          3.8G       778M       3.1G       5.7M        55M       326M

MemTotal:        4016004 kB
MemFree:         3217232 kB
Active:           444608 kB
Mem:          3.8G       780M       3.1G       5.7M        55M       326M

MemTotal:        4016004 kB
MemFree:         3217480 kB
Active:           446664 kB
Mem:          3.8G       780M       3.1G       5.7M        55M       326M

MemTotal:        4016004 kB
MemFree:         3216240 kB
Active:           446680 kB
Mem:          3.8G       780M       3.1G       5.7M        55M       326M

MemTotal:        4016004 kB
MemFree:         3216736 kB
Active:           446640 kB
Mem:          3.8G       780M       3.1G       5.7M        55M       326M

MemTotal:        4016004 kB
MemFree:         3216596 kB
Active:           446636 kB
Mem:          3.8G       780M       3.1G       5.7M        55M       326M

MemTotal:        4016004 kB
MemFree:         3216348 kB
Active:           446652 kB
Mem:          3.8G       780M       3.1G       5.7M        55M       326M

MemTotal:        4016004 kB
MemFree:         3216208 kB
Active:           446668 kB
Mem:          3.8G       781M       3.1G       5.7M        55M       326M

MemTotal:        4016004 kB
MemFree:         3216564 kB
Active:           446628 kB
Mem:          3.8G       780M       3.1G       5.7M        55M       326M

MemTotal:        4016004 kB
MemFree:         3216936 kB
Active:           446640 kB
Mem:          3.8G       780M       3.1G       5.7M        55M       326M

MemTotal:        4016004 kB
MemFree:         3217060 kB
Active:           446644 kB
Mem:          3.8G       780M       3.1G       5.7M        55M       326M

MemTotal:        4016004 kB
MemFree:         3217060 kB
Active:           446664 kB
Mem:          3.8G       780M       3.1G       5.7M        55M       326M

MemTotal:        4016004 kB
MemFree:         3217556 kB
Active:           446652 kB
Mem:          3.8G       779M       3.1G       5.7M        55M       326M

MemTotal:        4016004 kB
MemFree:         3217292 kB
Active:           446688 kB
Mem:          3.8G       779M       3.1G       5.7M        55M       326M

MemTotal:        4016004 kB
MemFree:         3217276 kB
Active:           446660 kB
Mem:          3.8G       779M       3.1G       5.7M        55M       326M

MemTotal:        4016004 kB
MemFree:         3217136 kB
Active:           446684 kB
Mem:          3.8G       780M       3.1G       5.7M        55M       326M

MemTotal:        4016004 kB
MemFree:         3217244 kB
Active:           446648 kB
Mem:          3.8G       780M       3.1G       5.7M        55M       326M

MemTotal:        4016004 kB
MemFree:         3216856 kB
Active:           446712 kB
Mem:          3.8G       780M       3.1G       5.7M        55M       326M

MemTotal:        4016004 kB
MemFree:         3216964 kB
Active:           446720 kB
Mem:          3.8G       780M       3.1G       5.7M        55M       326M

MemTotal:        4016004 kB
MemFree:         3217072 kB
Active:           446680 kB
Mem:          3.8G       780M       3.1G       5.7M        55M       326M

MemTotal:        4016004 kB
MemFree:         3217196 kB
Active:           446712 kB
Mem:          3.8G       780M       3.1G       5.7M        55M       326M

MemTotal:        4016004 kB
MemFree:         3216676 kB
Active:           444672 kB
Mem:          3.8G       780M       3.1G       5.7M        55M       326M

MemTotal:        4016004 kB
MemFree:         3216784 kB
Active:           444632 kB
Mem:          3.8G       780M       3.1G       5.7M        55M       326M

MemTotal:        4016004 kB
MemFree:         3216660 kB
Active:           446684 kB
Mem:          3.8G       780M       3.1G       5.7M        55M       326M

MemTotal:        4016004 kB
MemFree:         3216768 kB
Active:           446688 kB
Mem:          3.8G       780M       3.1G       5.7M        55M       326M

MemTotal:        4016004 kB
MemFree:         3217248 kB
Active:           446704 kB
Mem:          3.8G       780M       3.1G       5.7M        55M       326M

MemTotal:        4016004 kB
MemFree:         3217232 kB
Active:           446744 kB
Mem:          3.8G       780M       3.1G       5.7M        55M       326M

MemTotal:        4016004 kB
MemFree:         3217140 kB
Active:           446724 kB
Mem:          3.8G       780M       3.1G       5.7M        55M       326M

MemTotal:        4016004 kB
MemFree:         3217140 kB
Active:           446696 kB
Mem:          3.8G       780M       3.1G       5.7M        55M       326M

MemTotal:        4016004 kB
MemFree:         3216644 kB
Active:           446764 kB
Mem:          3.8G       780M       3.1G       5.7M        55M       326M

MemTotal:        4016004 kB
MemFree:         3217016 kB
Active:           446732 kB
Mem:          3.8G       780M       3.1G       5.7M        55M       326M

MemTotal:        4016004 kB
MemFree:         3216580 kB
Active:           446748 kB
Mem:          3.8G       780M       3.1G       5.7M        55M       326M

MemTotal:        4016004 kB
MemFree:         3216704 kB
Active:           446720 kB
Mem:          3.8G       780M       3.1G       5.7M        55M       326M

MemTotal:        4016004 kB
MemFree:         3216704 kB
Active:           446752 kB
Mem:          3.8G       780M       3.1G       5.7M        55M       326M

MemTotal:        4016004 kB
MemFree:         3216828 kB
Active:           446740 kB
Mem:          3.8G       780M       3.1G       5.7M        55M       326M

MemTotal:        4016004 kB
MemFree:         3216828 kB
Active:           446764 kB
Mem:          3.8G       780M       3.1G       5.7M        55M       326M

MemTotal:        4016004 kB
MemFree:         3216952 kB
Active:           446724 kB
Mem:          3.8G       780M       3.1G       5.7M        55M       326M

MemTotal:        4016004 kB
MemFree:         3216672 kB
Active:           446760 kB
Mem:          3.8G       780M       3.1G       5.7M        55M       326M

MemTotal:        4016004 kB
MemFree:         3105928 kB
Active:           447488 kB
Mem:          3.8G       890M       3.0G       5.7M        55M       434M

MemTotal:        4016004 kB
MemFree:         2991808 kB
Active:           447484 kB
Mem:          3.8G       1.0G       2.9G       5.7M        55M       544M

MemTotal:        4016004 kB
MemFree:         2885824 kB
Active:           447500 kB
Mem:          3.8G       1.1G       2.8G       5.7M        55M       643M

MemTotal:        4016004 kB
MemFree:         2885464 kB
Active:           447512 kB
Mem:          3.8G       1.1G       2.8G       5.7M        55M       644M

MemTotal:        4016004 kB
MemFree:         2861984 kB
Active:           447492 kB
Mem:          3.8G       1.1G       2.7G       5.7M        55M       670M

MemTotal:        4016004 kB
MemFree:         2814136 kB
Active:           447548 kB
Mem:          3.8G       1.1G       2.7G       5.7M        55M       715M

MemTotal:        4016004 kB
MemFree:         2701288 kB
Active:           447524 kB
Mem:          3.8G       1.3G       2.6G       5.7M        55M       823M

MemTotal:        4016004 kB
MemFree:         2663540 kB
Active:           447556 kB
Mem:          3.8G       1.3G       2.5G       5.7M        55M       858M

MemTotal:        4016004 kB
MemFree:         2624496 kB
Active:           447512 kB
Mem:          3.8G       1.3G       2.5G       5.7M        55M       896M

MemTotal:        4016004 kB
MemFree:         2563648 kB
Active:           447548 kB
Mem:          3.8G       1.4G       2.4G       5.7M        55M       953M

MemTotal:        4016004 kB
MemFree:         2563524 kB
Active:           447552 kB
Mem:          3.8G       1.4G       2.4G       5.7M        55M       953M

MemTotal:        4016004 kB
MemFree:         2562236 kB
Active:           447732 kB
Mem:          3.8G       1.4G       2.4G       5.7M        55M       954M

MemTotal:        4016004 kB
MemFree:         2560268 kB
Active:           447728 kB
Mem:          3.8G       1.4G       2.4G       5.7M        55M       956M

MemTotal:        4016004 kB
MemFree:         2555980 kB
Active:           447728 kB
Mem:          3.8G       1.4G       2.4G       5.7M        55M       963M

MemTotal:        4016004 kB
MemFree:         2421292 kB
Active:           447772 kB
Mem:          3.8G       1.5G       2.3G       5.7M        55M       1.1G

MemTotal:        4016004 kB
MemFree:         2311064 kB
Active:           447764 kB
Mem:          3.8G       1.6G       2.2G       5.7M        55M       1.2G

MemTotal:        4016004 kB
MemFree:         2212352 kB
Active:           447760 kB
Mem:          3.8G       1.7G       2.1G       5.7M        55M       1.3G

MemTotal:        4016004 kB
MemFree:         2211236 kB
Active:           447792 kB
Mem:          3.8G       1.7G       2.1G       5.7M        55M       1.3G

MemTotal:        4016004 kB
MemFree:         2112492 kB
Active:           447800 kB
Mem:          3.8G       1.8G       2.0G       5.7M        55M       1.4G

MemTotal:        4016004 kB
MemFree:         2111284 kB
Active:           447792 kB
Mem:          3.8G       1.8G       2.0G       5.7M        55M       1.4G

MemTotal:        4016004 kB
MemFree:         2033208 kB
Active:           447804 kB
Mem:          3.8G       1.9G       1.9G       5.7M        55M       1.4G

MemTotal:        4016004 kB
MemFree:         2011704 kB
Active:           447820 kB
Mem:          3.8G       1.9G       1.9G       5.7M        55M       1.4G

MemTotal:        4016004 kB
MemFree:         1935404 kB
Active:           447932 kB
Mem:          3.8G       2.0G       1.8G       5.7M        55M       1.5G

MemTotal:        4016004 kB
MemFree:         1913132 kB
Active:           447840 kB
Mem:          3.8G       2.0G       1.8G       5.7M        55M       1.5G

MemTotal:        4016004 kB
MemFree:         1912940 kB
Active:           447856 kB
Mem:          3.8G       2.0G       1.8G       5.7M        55M       1.5G

MemTotal:        4016004 kB
MemFree:         1911592 kB
Active:           447816 kB
Mem:          3.8G       2.0G       1.8G       5.7M        55M       1.5G

MemTotal:        4016004 kB
MemFree:         1911780 kB
Active:           447868 kB
Mem:          3.8G       2.0G       1.8G       5.7M        55M       1.5G

MemTotal:        4016004 kB
MemFree:         1871376 kB
Active:           447856 kB
Mem:          3.8G       2.0G       1.8G       5.7M        55M       1.6G

MemTotal:        4016004 kB
MemFree:         1741384 kB
Active:           447876 kB
Mem:          3.8G       2.2G       1.7G       5.7M        55M       1.7G

MemTotal:        4016004 kB
MemFree:         1613748 kB
Active:           447876 kB
Mem:          3.8G       2.3G       1.5G       5.7M        55M       1.8G

MemTotal:        4016004 kB
MemFree:         1563352 kB
Active:           447876 kB
Mem:          3.8G       2.3G       1.5G       5.7M        55M       1.9G

MemTotal:        4016004 kB
MemFree:         1514168 kB
Active:           447872 kB
Mem:          3.8G       2.4G       1.4G       5.7M        55M       1.9G

MemTotal:        4016004 kB
MemFree:         1472128 kB
Active:           447872 kB
Mem:          3.8G       2.4G       1.4G       5.7M        55M       2.0G

MemTotal:        4016004 kB
MemFree:         1426184 kB
Active:           447884 kB
Mem:          3.8G       2.5G       1.4G       5.7M        55M       2.0G

MemTotal:        4016004 kB
MemFree:         1380904 kB
Active:           447872 kB
Mem:          3.8G       2.5G       1.3G       5.7M        55M       2.0G

MemTotal:        4016004 kB
MemFree:         1327628 kB
Active:           447856 kB
Mem:          3.8G       2.6G       1.3G       5.7M        55M       2.1G

MemTotal:        4016004 kB
MemFree:         1289720 kB
Active:           447892 kB
Mem:          3.8G       2.6G       1.2G       5.7M        55M       2.1G

MemTotal:        4016004 kB
MemFree:         1287544 kB
Active:           447888 kB
Mem:          3.8G       2.6G       1.2G       5.7M        55M       2.1G

MemTotal:        4016004 kB
MemFree:         1285964 kB
Active:           447904 kB
Mem:          3.8G       2.6G       1.2G       5.7M        55M       2.1G

MemTotal:        4016004 kB
MemFree:         1285132 kB
Active:           447896 kB
Mem:          3.8G       2.6G       1.2G       5.7M        55M       2.1G

MemTotal:        4016004 kB
MemFree:         1216840 kB
Active:           447860 kB
Mem:          3.8G       2.7G       1.2G       5.7M        55M       2.2G

MemTotal:        4016004 kB
MemFree:         1139584 kB
Active:           447920 kB
Mem:          3.8G       2.7G       1.1G       5.7M        55M       2.3G

MemTotal:        4016004 kB
MemFree:         1011752 kB
Active:           446168 kB
Mem:          3.8G       2.9G       986M       5.7M        55M       2.4G

MemTotal:        4016004 kB
MemFree:          938948 kB
Active:           448028 kB
Mem:          3.8G       2.9G       916M       5.7M        55M       2.5G

MemTotal:        4016004 kB
MemFree:          879052 kB
Active:           448052 kB
Mem:          3.8G       3.0G       855M       5.7M        55M       2.5G

MemTotal:        4016004 kB
MemFree:          774528 kB
Active:           448064 kB
Mem:          3.8G       3.1G       754M       5.7M        55M       2.6G

MemTotal:        4016004 kB
MemFree:          746316 kB
Active:           448068 kB
Mem:          3.8G       3.1G       728M       5.7M        55M       2.6G

MemTotal:        4016004 kB
MemFree:          740952 kB
Active:           448084 kB
Mem:          3.8G       3.1G       723M       5.7M        55M       2.6G

MemTotal:        4016004 kB
MemFree:          740044 kB
Active:           448080 kB
Mem:          3.8G       3.1G       722M       5.7M        55M       2.6G

MemTotal:        4016004 kB
MemFree:          738928 kB
Active:           448076 kB
Mem:          3.8G       3.1G       721M       5.7M        55M       2.6G

MemTotal:        4016004 kB
MemFree:          737676 kB
Active:           448100 kB
Mem:          3.8G       3.1G       720M       5.7M        55M       2.6G

MemTotal:        4016004 kB
MemFree:          737772 kB
Active:           448072 kB
Mem:          3.8G       3.1G       720M       5.7M        55M       2.6G

MemTotal:        4016004 kB
MemFree:          654732 kB
Active:           446240 kB
Mem:          3.8G       3.2G       636M       5.7M        55M       2.7G

MemTotal:        4016004 kB
MemFree:          523876 kB
Active:           448104 kB
Mem:          3.8G       3.3G       510M       5.7M        55M       2.8G

MemTotal:        4016004 kB
MemFree:          396364 kB
Active:           448100 kB
Mem:          3.8G       3.5G       385M       5.7M        55M       3.0G

MemTotal:        4016004 kB
MemFree:          383252 kB
Active:           448116 kB
Mem:          3.8G       3.5G       372M       5.7M        55M       3.0G

MemTotal:        4016004 kB
MemFree:          318348 kB
Active:           448152 kB
Mem:          3.8G       3.5G       310M       5.7M        55M       3.0G

MemTotal:        4016004 kB
MemFree:          270032 kB
Active:           448132 kB
Mem:          3.8G       3.6G       262M       5.7M        55M       3.1G

MemTotal:        4016004 kB
MemFree:          243228 kB
Active:           448164 kB
Mem:          3.8G       3.6G       237M       5.7M        55M       3.1G

MemTotal:        4016004 kB
MemFree:          168572 kB
Active:           448164 kB
Mem:          3.8G       3.7G       164M       5.7M        55M       3.2G

MemTotal:        4016004 kB
MemFree:          166456 kB
Active:           448184 kB
Mem:          3.8G       3.7G       162M       5.7M        55M       3.2G

MemTotal:        4016004 kB
MemFree:          166300 kB
Active:           448152 kB
Mem:          3.8G       3.7G       162M       5.7M        55M       3.2G

MemTotal:        4016004 kB
MemFree:          166264 kB
Active:           446196 kB
Mem:          3.8G       3.7G       162M       5.7M        55M       3.2G

MemTotal:        4016004 kB
MemFree:          166428 kB
Active:           448176 kB
Mem:          3.8G       3.7G       162M       5.7M        55M       3.2G

MemTotal:        4016004 kB
MemFree:          133116 kB
Active:           460312 kB
Mem:          3.8G       3.7G       127M       5.7M        22M       3.2G

MemTotal:        4016004 kB
MemFree:          153140 kB
Active:           468696 kB
Mem:          3.8G       3.7G       136M       5.7M        22M       3.2G

MemTotal:        4016004 kB
MemFree:          139556 kB
Active:           463292 kB
Mem:          3.8G       3.7G       136M       5.7M        22M       3.2G

MemTotal:        4016004 kB
MemFree:          121700 kB
Active:           463360 kB
Mem:          3.8G       3.7G       117M       5.7M        22M       3.3G

MemTotal:        4016004 kB
MemFree:          137892 kB
Active:           459400 kB
Mem:          3.8G       3.7G       134M       5.7M        22M       3.2G

MemTotal:        4016004 kB
MemFree:          142800 kB
Active:           457088 kB
Mem:          3.8G       3.7G       139M       5.7M        22M       3.2G

MemTotal:        4016004 kB
MemFree:          141604 kB
Active:           455448 kB
Mem:          3.8G       3.7G       138M       5.7M        22M       3.2G

MemTotal:        4016004 kB
MemFree:          140400 kB
Active:           457460 kB
Mem:          3.8G       3.7G       137M       5.7M        22M       3.2G

MemTotal:        4016004 kB
MemFree:          139596 kB
Active:           457468 kB
Mem:          3.8G       3.7G       136M       5.7M        22M       3.2G

MemTotal:        4016004 kB
MemFree:          138752 kB
Active:           457484 kB
Mem:          3.8G       3.7G       135M       5.7M        22M       3.2G

MemTotal:        4016004 kB
MemFree:          137352 kB
Active:           454432 kB
Mem:          3.8G       3.7G       132M       5.7M        22M       3.2G

MemTotal:        4016004 kB
MemFree:          134072 kB
Active:           448148 kB
Mem:          3.8G       3.7G       129M       5.7M        22M       3.2G

MemTotal:        4016004 kB
MemFree:          143488 kB
Active:           444052 kB
Mem:          3.8G       3.7G       138M       5.7M        22M       3.2G

MemTotal:        4016004 kB
MemFree:          129336 kB
Active:           444064 kB
Mem:          3.8G       3.7G       125M       5.7M        22M       3.2G

MemTotal:        4016004 kB
MemFree:          130168 kB
Active:           441508 kB
Mem:          3.8G       3.7G       127M       5.7M        22M       3.2G

MemTotal:        4016004 kB
MemFree:          122680 kB
Active:           440996 kB
Mem:          3.8G       3.7G       117M       5.7M        22M       3.3G

MemTotal:        4016004 kB
MemFree:          132904 kB
Active:           437772 kB
Mem:          3.8G       3.7G       129M       5.7M        22M       3.2G

MemTotal:        4016004 kB
MemFree:          148508 kB
Active:           436704 kB
Mem:          3.8G       3.7G       145M       5.7M        22M       3.2G

MemTotal:        4016004 kB
MemFree:          149368 kB
Active:           436708 kB
Mem:          3.8G       3.7G       145M       5.7M        22M       3.2G

MemTotal:        4016004 kB
MemFree:          148036 kB
Active:           436732 kB
Mem:          3.8G       3.7G       144M       5.7M        22M       3.2G

MemTotal:        4016004 kB
MemFree:          147332 kB
Active:           436736 kB
Mem:          3.8G       3.7G       143M       5.7M        22M       3.2G

MemTotal:        4016004 kB
MemFree:          147932 kB
Active:           436736 kB
Mem:          3.8G       3.7G       144M       5.7M        22M       3.2G

MemTotal:        4016004 kB
MemFree:          134180 kB
Active:           434968 kB
Mem:          3.8G       3.7G       127M       5.7M        22M       3.2G

MemTotal:        4016004 kB
MemFree:          122484 kB
Active:           431516 kB
Mem:          3.8G       3.7G       118M       5.7M        22M       3.3G

MemTotal:        4016004 kB
MemFree:          135140 kB
Active:           428060 kB
Mem:          3.8G       3.7G       129M       5.7M        22M       3.2G

MemTotal:        4016004 kB
MemFree:          135616 kB
Active:           427048 kB
Mem:          3.8G       3.7G       131M       5.7M        22M       3.2G

MemTotal:        4016004 kB
MemFree:          117916 kB
Active:           427020 kB
Mem:          3.8G       3.7G       112M       5.7M        22M       3.3G

MemTotal:        4016004 kB
MemFree:          131700 kB
Active:           425268 kB
Mem:          3.8G       3.7G       128M       5.7M        22M       3.2G

MemTotal:        4016004 kB
MemFree:          130956 kB
Active:           425140 kB
Mem:          3.8G       3.7G       127M       5.7M        22M       3.2G

MemTotal:        4016004 kB
MemFree:          132460 kB
Active:           423832 kB
Mem:          3.8G       3.7G       126M       5.7M        22M       3.2G

MemTotal:        4016004 kB
MemFree:          135040 kB
Active:           420172 kB
Mem:          3.8G       3.7G       131M       5.7M        22M       3.2G

MemTotal:        4016004 kB
MemFree:          135588 kB
Active:           420128 kB
Mem:          3.8G       3.7G       132M       5.7M        22M       3.2G

MemTotal:        4016004 kB
MemFree:          135804 kB
Active:           420192 kB
Mem:          3.8G       3.7G       132M       5.7M        22M       3.2G

MemTotal:        4016004 kB
MemFree:          135680 kB
Active:           420180 kB
Mem:          3.8G       3.7G       132M       5.7M        22M       3.2G

MemTotal:        4016004 kB
MemFree:          135936 kB
Active:           420156 kB
Mem:          3.8G       3.7G       132M       5.7M        22M       3.2G

MemTotal:        4016004 kB
MemFree:          125988 kB
Active:           417640 kB
Mem:          3.8G       3.7G       120M       5.7M        22M       3.3G

MemTotal:        4016004 kB
MemFree:          128856 kB
Active:           412156 kB
Mem:          3.8G       3.7G       123M       5.7M        22M       3.2G

MemTotal:        4016004 kB
MemFree:          134856 kB
Active:           410944 kB
Mem:          3.8G       3.7G       129M       5.7M        22M       3.2G

MemTotal:        4016004 kB
MemFree:          140808 kB
Active:           410432 kB
Mem:          3.8G       3.7G       137M       5.7M        22M       3.2G

MemTotal:        4016004 kB
MemFree:          129752 kB
Active:           408904 kB
Mem:          3.8G       3.7G       126M       5.7M        22M       3.2G

MemTotal:        4016004 kB
MemFree:          128416 kB
Active:           406988 kB
Mem:          3.8G       3.7G       123M       5.7M        22M       3.2G

MemTotal:        4016004 kB
MemFree:          132632 kB
Active:           406492 kB
Mem:          3.8G       3.7G       127M       5.7M        22M       3.2G

MemTotal:        4016004 kB
MemFree:          135096 kB
Active:           404452 kB
Mem:          3.8G       3.7G       131M       5.7M        22M       3.2G

MemTotal:        4016004 kB
MemFree:          134148 kB
Active:           404296 kB
Mem:          3.8G       3.7G       130M       5.7M        22M       3.2G

MemTotal:        4016004 kB
MemFree:          132320 kB
Active:           404336 kB
Mem:          3.8G       3.7G       129M       5.7M        22M       3.2G

MemTotal:        4016004 kB
MemFree:          131536 kB
Active:           404332 kB
Mem:          3.8G       3.7G       128M       5.7M        22M       3.2G

MemTotal:        4016004 kB
MemFree:          139616 kB
Active:           403040 kB
Mem:          3.8G       3.7G       136M       5.7M        22M       3.2G

MemTotal:        4016004 kB
MemFree:          140516 kB
Active:           398176 kB
Mem:          3.8G       3.7G       135M       5.7M        22M       3.2G

MemTotal:        4016004 kB
MemFree:          136260 kB
Active:           395244 kB
Mem:          3.8G       3.7G       130M       5.7M        22M       3.2G

MemTotal:        4016004 kB
MemFree:          104912 kB
Active:           393684 kB
Mem:          3.8G       3.7G       125M       5.7M        22M       3.2G

MemTotal:        4016004 kB
MemFree:          120668 kB
Active:           392408 kB
Mem:          3.8G       3.7G       138M       5.7M        22M       3.2G

MemTotal:        4016004 kB
MemFree:          118828 kB
Active:           391292 kB
Mem:          3.8G       3.7G       116M       5.7M        22M       3.3G

MemTotal:        4016004 kB
MemFree:          136652 kB
Active:           388996 kB
Mem:          3.8G       3.7G       133M       5.7M        22M       3.2G

MemTotal:        4016004 kB
MemFree:          125840 kB
Active:           388368 kB
Mem:          3.8G       3.7G       120M       5.7M        22M       3.3G

MemTotal:        4016004 kB
MemFree:          131084 kB
Active:           387080 kB
Mem:          3.8G       3.7G       128M       5.7M        22M       3.2G

MemTotal:        4016004 kB
MemFree:          129048 kB
Active:           387104 kB
Mem:          3.8G       3.7G       125M       5.7M        22M       3.2G

MemTotal:        4016004 kB
MemFree:          128056 kB
Active:           387104 kB
Mem:          3.8G       3.7G       124M       5.7M        22M       3.2G

MemTotal:        4016004 kB
MemFree:          126892 kB
Active:           387080 kB
Mem:          3.8G       3.7G       123M       5.7M        22M       3.2G

MemTotal:        4016004 kB
MemFree:          140700 kB
Active:           384640 kB
Mem:          3.8G       3.7G       134M       5.7M        22M       3.2G

MemTotal:        4016004 kB
MemFree:          116992 kB
Active:           384640 kB
Mem:          3.8G       3.7G       135M       5.7M        22M       3.2G

MemTotal:        4016004 kB
MemFree:          137956 kB
Active:           384560 kB
Mem:          3.8G       3.7G       134M       5.7M        22M       3.2G

MemTotal:        4016004 kB
MemFree:          134140 kB
Active:           384560 kB
Mem:          3.8G       3.7G       130M       5.7M        22M       3.2G

MemTotal:        4016004 kB
MemFree:          131876 kB
Active:           384556 kB
Mem:          3.8G       3.7G       129M       5.7M        22M       3.2G

MemTotal:        4016004 kB
MemFree:          121548 kB
Active:           384552 kB
Mem:          3.8G       3.7G       118M       5.7M        22M       3.3G

MemTotal:        4016004 kB
MemFree:          135184 kB
Active:           384592 kB
Mem:          3.8G       3.7G       130M       5.7M        22M       3.2G

MemTotal:        4016004 kB
MemFree:          127100 kB
Active:           384592 kB
Mem:          3.8G       3.7G       124M       5.7M        22M       3.2G

MemTotal:        4016004 kB
MemFree:          124956 kB
Active:           384604 kB
Mem:          3.8G       3.7G       122M       5.7M        22M       3.2G

MemTotal:        4016004 kB
MemFree:          124124 kB
Active:           384572 kB
Mem:          3.8G       3.7G       120M       5.7M        22M       3.2G

MemTotal:        4016004 kB
MemFree:          123508 kB
Active:           384596 kB
Mem:          3.8G       3.7G       120M       5.7M        22M       3.2G

MemTotal:        4016004 kB
MemFree:          134684 kB
Active:           384492 kB
Mem:          3.8G       3.7G       128M       5.7M        22M       3.2G

MemTotal:        4016004 kB
MemFree:          119872 kB
Active:           384388 kB
Mem:          3.8G       3.7G       124M       5.7M        22M       3.2G

MemTotal:        4016004 kB
MemFree:          130604 kB
Active:           384680 kB
Mem:          3.8G       3.7G       126M       5.7M        22M       3.2G

MemTotal:        4016004 kB
MemFree:          129564 kB
Active:           384436 kB
Mem:          3.8G       3.7G       123M       5.7M        22M       3.2G

MemTotal:        4016004 kB
MemFree:          117020 kB
Active:           384220 kB
Mem:          3.8G       3.7G       114M       5.7M        22M       3.3G

MemTotal:        4016004 kB
MemFree:          126828 kB
Active:           384240 kB
Mem:          3.8G       3.7G       126M       5.7M        22M       3.2G

MemTotal:        4016004 kB
MemFree:          106500 kB
Active:           384144 kB
Mem:          3.8G       3.7G       103M       5.7M        22M       3.3G

MemTotal:        4016004 kB
MemFree:          129968 kB
Active:           384120 kB
Mem:          3.8G       3.7G       127M       5.7M        22M       3.2G

MemTotal:        4016004 kB
MemFree:          134116 kB
Active:           384104 kB
Mem:          3.8G       3.7G       130M       5.7M        22M       3.2G

MemTotal:        4016004 kB
MemFree:          133244 kB
Active:           384164 kB
Mem:          3.8G       3.7G       129M       5.7M        22M       3.2G

MemTotal:        4016004 kB
MemFree:          132780 kB
Active:           384132 kB
Mem:          3.8G       3.7G       129M       5.7M        22M       3.2G

MemTotal:        4016004 kB
MemFree:          132104 kB
Active:           384160 kB
Mem:          3.8G       3.7G       129M       5.7M        22M       3.2G

MemTotal:        4016004 kB
MemFree:          123128 kB
Active:           384176 kB
Mem:          3.8G       3.7G       118M       5.7M        22M       3.2G

MemTotal:        4016004 kB
MemFree:          125624 kB
Active:           378452 kB
Mem:          3.8G       3.7G       120M       5.7M        22M       3.2G

MemTotal:        4016004 kB
MemFree:          130012 kB
Active:           378464 kB
Mem:          3.8G       3.7G       125M       5.7M        22M       3.2G

MemTotal:        4016004 kB
MemFree:          123032 kB
Active:           378464 kB
Mem:          3.8G       3.7G       120M       5.7M        22M       3.2G

MemTotal:        4016004 kB
MemFree:          134976 kB
Active:           377684 kB
Mem:          3.8G       3.7G       127M       5.7M        22M       3.2G

MemTotal:        4016004 kB
MemFree:          129712 kB
Active:           377628 kB
Mem:          3.8G       3.7G       124M       5.7M        22M       3.2G

MemTotal:        4016004 kB
MemFree:          136012 kB
Active:           377628 kB
Mem:          3.8G       3.7G       130M       5.7M        22M       3.2G

MemTotal:        4016004 kB
MemFree:          150492 kB
Active:           375892 kB
Mem:          3.8G       3.7G       147M       5.7M        22M       3.2G

MemTotal:        4016004 kB
MemFree:          149556 kB
Active:           375884 kB
Mem:          3.8G       3.7G       146M       5.7M        22M       3.2G

MemTotal:        4016004 kB
MemFree:          148748 kB
Active:           375880 kB
Mem:          3.8G       3.7G       145M       5.7M        22M       3.2G

MemTotal:        4016004 kB
MemFree:          147292 kB
Active:           375892 kB
Mem:          3.8G       3.7G       143M       5.7M        22M       3.2G

MemTotal:        4016004 kB
MemFree:          145168 kB
Active:           375884 kB
Mem:          3.8G       3.7G       141M       5.7M        22M       3.2G

MemTotal:        4016004 kB
MemFree:          145292 kB
Active:           375860 kB
Mem:          3.8G       3.7G       141M       5.7M        22M       3.2G

MemTotal:        4016004 kB
MemFree:          145076 kB
Active:           375876 kB
Mem:          3.8G       3.7G       141M       5.7M        22M       3.2G

MemTotal:        4016004 kB
MemFree:          145080 kB
Active:           375876 kB
Mem:          3.8G       3.7G       141M       5.7M        22M       3.2G

MemTotal:        4016004 kB
MemFree:          142200 kB
Active:           379660 kB
Mem:          3.8G       3.7G       138M       5.7M        22M       3.2G

MemTotal:        4016004 kB
MemFree:          128060 kB
Active:           379912 kB
Mem:          3.8G       3.7G       133M       5.7M        22M       3.2G

MemTotal:        4016004 kB
MemFree:          120768 kB
Active:           377212 kB
Mem:          3.8G       3.7G       115M       5.7M        22M       3.2G

MemTotal:        4016004 kB
MemFree:          118140 kB
Active:           375824 kB
Mem:          3.8G       3.7G       113M       5.7M        22M       3.3G

MemTotal:        4016004 kB
MemFree:          144420 kB
Active:           374376 kB
Mem:          3.8G       3.7G       140M       5.7M        22M       3.2G

MemTotal:        4016004 kB
MemFree:          122676 kB
Active:           374372 kB
Mem:          3.8G       3.7G       117M       5.7M        22M       3.2G

MemTotal:        4016004 kB
MemFree:          140508 kB
Active:           374428 kB
Mem:          3.8G       3.7G       137M       5.7M        22M       3.2G

MemTotal:        4016004 kB
MemFree:          117304 kB
Active:           374412 kB
Mem:          3.8G       3.7G       135M       5.7M        22M       3.2G

MemTotal:        4016004 kB
MemFree:          133032 kB
Active:           374396 kB
Mem:          3.8G       3.7G       129M       5.7M        22M       3.2G

MemTotal:        4016004 kB
MemFree:          142188 kB
Active:           374440 kB
Mem:          3.8G       3.7G       139M       5.7M        22M       3.2G

MemTotal:        4016004 kB
MemFree:          142168 kB
Active:           375152 kB
Mem:          3.8G       3.7G       138M       5.7M        22M       3.2G

MemTotal:        4016004 kB
MemFree:          140940 kB
Active:           375172 kB
Mem:          3.8G       3.7G       137M       5.7M        22M       3.2G

MemTotal:        4016004 kB
MemFree:          140200 kB
Active:           377220 kB
Mem:          3.8G       3.7G       136M       5.7M        22M       3.2G

MemTotal:        4016004 kB
MemFree:          140392 kB
Active:           377224 kB
Mem:          3.8G       3.7G       136M       5.7M        22M       3.2G

MemTotal:        4016004 kB
MemFree:          116360 kB
Active:           374540 kB
Mem:          3.8G       3.7G       111M       5.7M        22M       3.3G

MemTotal:        4016004 kB
MemFree:          107164 kB
Active:           361908 kB
Mem:          3.8G       3.7G       102M       5.7M        22M       3.3G

MemTotal:        4016004 kB
MemFree:          126096 kB
Active:           361652 kB
Mem:          3.8G       3.7G       120M       5.7M        22M       3.2G

MemTotal:        4016004 kB
MemFree:          133672 kB
Active:           361652 kB
Mem:          3.8G       3.7G       130M       5.7M        22M       3.2G

MemTotal:        4016004 kB
MemFree:          125068 kB
Active:           361660 kB
Mem:          3.8G       3.7G       119M       5.7M        22M       3.2G

MemTotal:        4016004 kB
MemFree:          135048 kB
Active:           361660 kB
Mem:          3.8G       3.7G       132M       5.7M        22M       3.2G

MemTotal:        4016004 kB
MemFree:          123100 kB
Active:           359440 kB
Mem:          3.8G       3.7G       120M       5.7M        22M       3.2G

MemTotal:        4016004 kB
MemFree:          110252 kB
Active:           361352 kB
Mem:          3.8G       3.7G       104M       5.7M        22M       3.3G

MemTotal:        4016004 kB
MemFree:          131476 kB
Active:           357916 kB
Mem:          3.8G       3.7G       128M       5.7M        22M       3.2G

MemTotal:        4016004 kB
MemFree:          130360 kB
Active:           357932 kB
Mem:          3.8G       3.7G       127M       5.7M        22M       3.2G

MemTotal:        4016004 kB
MemFree:          130580 kB
Active:           357944 kB
Mem:          3.8G       3.7G       127M       5.7M        22M       3.2G

MemTotal:        4016004 kB
MemFree:          130180 kB
Active:           357932 kB
Mem:          3.8G       3.7G       127M       5.7M        22M       3.2G

MemTotal:        4016004 kB
MemFree:          123056 kB
Active:           357924 kB
Mem:          3.8G       3.7G       119M       5.7M        22M       3.2G

MemTotal:        4016004 kB
MemFree:          120196 kB
Active:           357824 kB
Mem:          3.8G       3.7G       137M       5.7M        22M       3.2G

MemTotal:        4016004 kB
MemFree:          114112 kB
Active:           357672 kB
Mem:          3.8G       3.7G       109M       5.7M        22M       3.3G

MemTotal:        4016004 kB
MemFree:          118660 kB
Active:           357668 kB
Mem:          3.8G       3.7G       113M       5.7M        22M       3.2G

MemTotal:        4016004 kB
MemFree:          131844 kB
Active:           354968 kB
Mem:          3.8G       3.7G       126M       5.7M        22M       3.2G

MemTotal:        4016004 kB
MemFree:          123868 kB
Active:           354968 kB
Mem:          3.8G       3.7G       140M       5.7M        22M       3.2G

MemTotal:        4016004 kB
MemFree:          148236 kB
Active:           354928 kB
Mem:          3.8G       3.7G       144M       5.7M        22M       3.2G

MemTotal:        4016004 kB
MemFree:          146988 kB
Active:           354948 kB
Mem:          3.8G       3.7G       143M       5.7M        22M       3.2G

MemTotal:        4016004 kB
MemFree:          146832 kB
Active:           354980 kB
Mem:          3.8G       3.7G       143M       5.7M        22M       3.2G

MemTotal:        4016004 kB
MemFree:          146556 kB
Active:           354960 kB
Mem:          3.8G       3.7G       143M       5.7M        22M       3.2G

MemTotal:        4016004 kB
MemFree:          146560 kB
Active:           354952 kB
Mem:          3.8G       3.7G       143M       5.7M        22M       3.2G

MemTotal:        4016004 kB
MemFree:          115956 kB
Active:           354996 kB
Mem:          3.8G       3.7G       112M       5.7M        22M       3.2G

MemTotal:        4016004 kB
MemFree:          114900 kB
Active:           355008 kB
Mem:          3.8G       3.7G       111M       5.7M        22M       3.2G

MemTotal:        4016004 kB
MemFree:          114560 kB
Active:           355000 kB
Mem:          3.8G       3.7G       111M       5.7M        22M       3.2G

MemTotal:        4016004 kB
MemFree:          114144 kB
Active:           355028 kB
Mem:          3.8G       3.7G       111M       5.7M        22M       3.2G

MemTotal:        4016004 kB
MemFree:          114212 kB
Active:           354992 kB
Mem:          3.8G       3.7G       111M       5.7M        22M       3.2G

MemTotal:        4016004 kB
MemFree:          129340 kB
Active:           355040 kB
Mem:          3.8G       3.7G       124M       5.7M        22M       3.2G

MemTotal:        4016004 kB
MemFree:          117520 kB
Active:           355040 kB
Mem:          3.8G       3.7G       112M       5.7M        22M       3.2G

MemTotal:        4016004 kB
MemFree:          144764 kB
Active:           351916 kB
Mem:          3.8G       3.7G       139M       5.7M        22M       3.2G

MemTotal:        4016004 kB
MemFree:          112460 kB
Active:           351920 kB
Mem:          3.8G       3.7G       109M       5.7M        22M       3.3G

MemTotal:        4016004 kB
MemFree:          144464 kB
Active:           351928 kB
Mem:          3.8G       3.7G       140M       5.7M        22M       3.2G

MemTotal:        4016004 kB
MemFree:          117492 kB
Active:           351928 kB
Mem:          3.8G       3.7G       112M       5.7M        22M       3.2G

MemTotal:        4016004 kB
MemFree:          142692 kB
Active:           351928 kB
Mem:          3.8G       3.7G       139M       5.7M        22M       3.2G

MemTotal:        4016004 kB
MemFree:          138840 kB
Active:           351928 kB
Mem:          3.8G       3.7G       135M       5.7M        22M       3.2G

MemTotal:        4016004 kB
MemFree:          138380 kB
Active:           351888 kB
Mem:          3.8G       3.7G       135M       5.7M        22M       3.2G

MemTotal:        4016004 kB
MemFree:          138532 kB
Active:           351880 kB
Mem:          3.8G       3.7G       135M       5.7M        22M       3.2G

MemTotal:        4016004 kB
MemFree:          138660 kB
Active:           353940 kB
Mem:          3.8G       3.7G       135M       5.7M        22M       3.2G

MemTotal:        4016004 kB
MemFree:          138228 kB
Active:           353916 kB
Mem:          3.8G       3.7G       135M       5.7M        22M       3.2G

MemTotal:        4016004 kB
MemFree:          134588 kB
Active:           353188 kB
Mem:          3.8G       3.7G       128M       5.7M        22M       3.2G

MemTotal:        4016004 kB
MemFree:          142236 kB
Active:           353060 kB
Mem:          3.8G       3.7G       136M       5.7M        22M       3.2G

MemTotal:        4016004 kB
MemFree:          119128 kB
Active:           306252 kB
Mem:          3.8G       3.7G       114M       5.7M        22M       3.2G

MemTotal:        4016004 kB
MemFree:          127860 kB
Active:           306272 kB
Mem:          3.8G       3.7G       122M       5.7M        22M       3.2G

MemTotal:        4016004 kB
MemFree:          111108 kB
Active:           306272 kB
Mem:          3.8G       3.7G       108M       5.7M        22M       3.3G

MemTotal:        4016004 kB
MemFree:          130912 kB
Active:           306272 kB
Mem:          3.8G       3.7G       127M       5.7M        22M       3.2G

MemTotal:        4016004 kB
MemFree:          129216 kB
Active:           305956 kB
Mem:          3.8G       3.7G       126M       5.7M        22M       3.2G

MemTotal:        4016004 kB
MemFree:          129852 kB
Active:           307996 kB
Mem:          3.8G       3.7G       126M       5.7M        22M       3.2G

MemTotal:        4016004 kB
MemFree:          128116 kB
Active:           308024 kB
Mem:          3.8G       3.7G       125M       5.7M        22M       3.2G

MemTotal:        4016004 kB
MemFree:          127436 kB
Active:           308024 kB
Mem:          3.8G       3.7G       124M       5.7M        22M       3.2G

MemTotal:        4016004 kB
MemFree:          116776 kB
Active:           308024 kB
Mem:          3.8G       3.7G       111M       5.7M        22M       3.2G

MemTotal:        4016004 kB
MemFree:          139832 kB
Active:           306872 kB
Mem:          3.8G       3.7G       134M       5.7M        22M       3.2G

MemTotal:        4016004 kB
MemFree:          141996 kB
Active:           306872 kB
Mem:          3.8G       3.7G       138M       5.7M        22M       3.2G

MemTotal:        4016004 kB
MemFree:          140196 kB
Active:           306884 kB
Mem:          3.8G       3.7G       135M       5.7M        22M       3.2G

MemTotal:        4016004 kB
MemFree:          122348 kB
Active:           306888 kB
Mem:          3.8G       3.7G       117M       5.7M        22M       3.2G

MemTotal:        4016004 kB
MemFree:          109512 kB
Active:           306888 kB
Mem:          3.8G       3.7G       104M       5.7M        22M       3.3G

MemTotal:        4016004 kB
MemFree:          137760 kB
Active:           303176 kB
Mem:          3.8G       3.7G       134M       5.7M        22M       3.2G

MemTotal:        4016004 kB
MemFree:          122788 kB
Active:           304920 kB
Mem:          3.8G       3.7G       119M       5.7M        22M       3.2G

MemTotal:        4016004 kB
MemFree:          122664 kB
Active:           304920 kB
Mem:          3.8G       3.7G       119M       5.7M        22M       3.2G

MemTotal:        4016004 kB
MemFree:          122912 kB
Active:           304916 kB
Mem:          3.8G       3.7G       120M       5.7M        22M       3.2G

MemTotal:        4016004 kB
MemFree:          122788 kB
Active:           304884 kB
Mem:          3.8G       3.7G       120M       5.7M        22M       3.2G

MemTotal:        4016004 kB
MemFree:          122852 kB
Active:           304908 kB
Mem:          3.8G       3.7G       120M       5.7M        22M       3.2G

MemTotal:        4016004 kB
MemFree:          122712 kB
Active:           304916 kB
Mem:          3.8G       3.7G       119M       5.7M        22M       3.2G

MemTotal:        4016004 kB
MemFree:          122632 kB
Active:           304920 kB
Mem:          3.8G       3.7G       119M       5.7M        22M       3.2G

MemTotal:        4016004 kB
MemFree:          122916 kB
Active:           304940 kB
Mem:          3.8G       3.7G       120M       5.7M        22M       3.2G

MemTotal:        4016004 kB
MemFree:          123012 kB
Active:           304932 kB
Mem:          3.8G       3.7G       120M       5.7M        22M       3.2G

MemTotal:        4016004 kB
MemFree:          121088 kB
Active:           304892 kB
Mem:          3.8G       3.7G       118M       5.7M        22M       3.2G

MemTotal:        4016004 kB
MemFree:          121212 kB
Active:           304916 kB
Mem:          3.8G       3.7G       118M       5.7M        22M       3.2G

MemTotal:        4016004 kB
MemFree:          121212 kB
Active:           306952 kB
Mem:          3.8G       3.7G       118M       5.7M        22M       3.2G

MemTotal:        4016004 kB
MemFree:          121336 kB
Active:           306968 kB
Mem:          3.8G       3.7G       118M       5.7M        22M       3.2G

MemTotal:        4016004 kB
MemFree:          121088 kB
Active:           306952 kB
Mem:          3.8G       3.7G       118M       5.7M        22M       3.2G

MemTotal:        4016004 kB
MemFree:          121212 kB
Active:           306936 kB
Mem:          3.8G       3.7G       118M       5.7M        22M       3.2G

MemTotal:        4016004 kB
MemFree:          121212 kB
Active:           306936 kB
Mem:          3.8G       3.7G       118M       5.7M        22M       3.2G

MemTotal:        4016004 kB
MemFree:          122116 kB
Active:           306572 kB
Mem:          3.8G       3.7G       119M       5.7M        22M       3.2G

MemTotal:        4016004 kB
MemFree:          121992 kB
Active:           306572 kB
Mem:          3.8G       3.7G       119M       5.7M        22M       3.2G

MemTotal:        4016004 kB
MemFree:          122240 kB
Active:           306536 kB
Mem:          3.8G       3.7G       119M       5.7M        22M       3.2G

MemTotal:        4016004 kB
MemFree:          122488 kB
Active:           306528 kB
Mem:          3.8G       3.7G       119M       5.7M        22M       3.2G

MemTotal:        4016004 kB
MemFree:          122116 kB
Active:           306576 kB
Mem:          3.8G       3.7G       119M       5.7M        22M       3.2G

MemTotal:        4016004 kB
MemFree:          122612 kB
Active:           306536 kB
Mem:          3.8G       3.7G       119M       5.7M        22M       3.2G

MemTotal:        4016004 kB
MemFree:          122612 kB
Active:           306536 kB
Mem:          3.8G       3.7G       119M       5.7M        22M       3.2G

MemTotal:        4016004 kB
MemFree:          122984 kB
Active:           306532 kB
Mem:          3.8G       3.7G       119M       5.7M        22M       3.2G

MemTotal:        4016004 kB
MemFree:          122612 kB
Active:           306596 kB
Mem:          3.8G       3.7G       120M       5.7M        22M       3.2G

MemTotal:        4016004 kB
MemFree:          123108 kB
Active:           306580 kB
Mem:          3.8G       3.7G       120M       5.7M        22M       3.2G

MemTotal:        4016004 kB
MemFree:          123108 kB
Active:           306552 kB
Mem:          3.8G       3.7G       120M       5.7M        22M       3.2G

MemTotal:        4016004 kB
MemFree:          123108 kB
Active:           306580 kB
Mem:          3.8G       3.7G       120M       5.7M        22M       3.2G

MemTotal:        4016004 kB
MemFree:          122488 kB
Active:           306600 kB
Mem:          3.8G       3.7G       119M       5.7M        22M       3.2G

MemTotal:        4016004 kB
MemFree:          122984 kB
Active:           306592 kB
Mem:          3.8G       3.7G       119M       5.7M        22M       3.2G

MemTotal:        4016004 kB
MemFree:          122612 kB
Active:           306600 kB
Mem:          3.8G       3.7G       119M       5.7M        22M       3.2G

MemTotal:        4016004 kB
MemFree:          122612 kB
Active:           306600 kB
Mem:          3.8G       3.7G       120M       5.7M        22M       3.2G

MemTotal:        4016004 kB
MemFree:          122612 kB
Active:           306600 kB
Mem:          3.8G       3.7G       120M       5.7M        22M       3.2G

MemTotal:        4016004 kB
MemFree:          122984 kB
Active:           306568 kB
Mem:          3.8G       3.7G       120M       5.7M        22M       3.2G

MemTotal:        4016004 kB
MemFree:          123356 kB
Active:           306600 kB
Mem:          3.8G       3.7G       120M       5.7M        22M       3.2G

MemTotal:        4016004 kB
MemFree:          123356 kB
Active:           306604 kB
Mem:          3.8G       3.7G       120M       5.7M        22M       3.2G

MemTotal:        4016004 kB
MemFree:          123480 kB
Active:           306576 kB
Mem:          3.8G       3.7G       120M       5.7M        22M       3.2G

MemTotal:        4016004 kB
MemFree:          123108 kB
Active:           306612 kB
Mem:          3.8G       3.7G       120M       5.7M        22M       3.2G

MemTotal:        4016004 kB
MemFree:          122984 kB
Active:           306616 kB
Mem:          3.8G       3.7G       120M       5.7M        22M       3.2G

MemTotal:        4016004 kB
MemFree:          120688 kB
Active:           306592 kB
Mem:          3.8G       3.7G       118M       5.7M        22M       3.2G

MemTotal:        4016004 kB
MemFree:          121060 kB
Active:           308628 kB
Mem:          3.8G       3.7G       118M       5.7M        22M       3.2G

MemTotal:        4016004 kB
MemFree:          121308 kB
Active:           308608 kB
Mem:          3.8G       3.7G       118M       5.7M        22M       3.2G

MemTotal:        4016004 kB
MemFree:          120688 kB
Active:           308652 kB
Mem:          3.8G       3.7G       117M       5.7M        22M       3.2G

MemTotal:        4016004 kB
MemFree:          120688 kB
Active:           308644 kB
Mem:          3.8G       3.7G       118M       5.7M        22M       3.2G

MemTotal:        4016004 kB
MemFree:          121032 kB
Active:           308656 kB
Mem:          3.8G       3.7G       118M       5.7M        22M       3.2G

MemTotal:        4016004 kB
MemFree:          121032 kB
Active:           308608 kB
Mem:          3.8G       3.7G       118M       5.7M        22M       3.2G

MemTotal:        4016004 kB
MemFree:          120908 kB
Active:           308600 kB
Mem:          3.8G       3.7G       118M       5.7M        22M       3.2G

MemTotal:        4016004 kB
MemFree:          121144 kB
Active:           308628 kB
Mem:          3.8G       3.7G       118M       5.7M        22M       3.2G

MemTotal:        4016004 kB
MemFree:          121268 kB
Active:           308636 kB
Mem:          3.8G       3.7G       118M       5.7M        22M       3.2G

MemTotal:        4016004 kB
MemFree:          120772 kB
Active:           308660 kB
Mem:          3.8G       3.7G       117M       5.7M        22M       3.2G

MemTotal:        4016004 kB
MemFree:          120896 kB
Active:           308660 kB
Mem:          3.8G       3.7G       118M       5.7M        22M       3.2G

MemTotal:        4016004 kB
MemFree:          121020 kB
Active:           308664 kB
Mem:          3.8G       3.7G       118M       5.7M        22M       3.2G

MemTotal:        4016004 kB
MemFree:          121392 kB
Active:           308628 kB
Mem:          3.8G       3.7G       118M       5.7M        22M       3.2G

MemTotal:        4016004 kB
MemFree:          121516 kB
Active:           308636 kB
Mem:          3.8G       3.7G       118M       5.7M        22M       3.2G

MemTotal:        4016004 kB
MemFree:          121392 kB
Active:           308632 kB
Mem:          3.8G       3.7G       118M       5.7M        22M       3.2G

MemTotal:        4016004 kB
MemFree:          121020 kB
Active:           308668 kB
Mem:          3.8G       3.7G       118M       5.7M        22M       3.2G

MemTotal:        4016004 kB
MemFree:          121144 kB
Active:           308644 kB
Mem:          3.8G       3.7G       118M       5.7M        22M       3.2G

MemTotal:        4016004 kB
MemFree:          121144 kB
Active:           308660 kB
Mem:          3.8G       3.7G       118M       5.7M        22M       3.2G

MemTotal:        4016004 kB
MemFree:          120648 kB
Active:           308692 kB
Mem:          3.8G       3.7G       117M       5.7M        22M       3.2G

MemTotal:        4016004 kB
MemFree:          120648 kB
Active:           308648 kB
Mem:          3.8G       3.7G       117M       5.7M        22M       3.2G

MemTotal:        4016004 kB
MemFree:          120648 kB
Active:           308668 kB
Mem:          3.8G       3.7G       117M       5.7M        22M       3.2G

MemTotal:        4016004 kB
MemFree:          121020 kB
Active:           308668 kB
Mem:          3.8G       3.7G       118M       5.7M        22M       3.2G

MemTotal:        4016004 kB
MemFree:          120648 kB
Active:           308692 kB
Mem:          3.8G       3.7G       117M       5.7M        22M       3.2G

MemTotal:        4016004 kB
MemFree:          120648 kB
Active:           308672 kB
Mem:          3.8G       3.7G       117M       5.7M        22M       3.2G

MemTotal:        4016004 kB
MemFree:          120896 kB
Active:           308660 kB
Mem:          3.8G       3.7G       117M       5.7M        22M       3.2G

MemTotal:        4016004 kB
MemFree:          120400 kB
Active:           308692 kB
Mem:          3.8G       3.7G       117M       5.7M        22M       3.2G

MemTotal:        4016004 kB
MemFree:          120772 kB
Active:           308644 kB
Mem:          3.8G       3.7G       117M       5.7M        22M       3.2G

MemTotal:        4016004 kB
MemFree:          121268 kB
Active:           308684 kB
Mem:          3.8G       3.7G       118M       5.7M        22M       3.2G

MemTotal:        4016004 kB
MemFree:          121392 kB
Active:           308684 kB
Mem:          3.8G       3.7G       118M       5.7M        22M       3.2G

MemTotal:        4016004 kB
MemFree:          120956 kB
Active:           306652 kB
Mem:          3.8G       3.7G       118M       5.7M        22M       3.2G

MemTotal:        4016004 kB
MemFree:          120832 kB
Active:           308652 kB
Mem:          3.8G       3.7G       118M       5.7M        22M       3.2G

MemTotal:        4016004 kB
MemFree:          121080 kB
Active:           308644 kB
Mem:          3.8G       3.7G       118M       5.7M        22M       3.2G

MemTotal:        4016004 kB
MemFree:          121080 kB
Active:           308680 kB
Mem:          3.8G       3.7G       118M       5.7M        22M       3.2G

MemTotal:        4016004 kB
MemFree:          120584 kB
Active:           308708 kB
Mem:          3.8G       3.7G       117M       5.7M        22M       3.2G

MemTotal:        4016004 kB
MemFree:          120956 kB
Active:           308672 kB
Mem:          3.8G       3.7G       118M       5.7M        22M       3.2G

MemTotal:        4016004 kB
MemFree:          121204 kB
Active:           308672 kB
Mem:          3.8G       3.7G       118M       5.7M        22M       3.2G

MemTotal:        4016004 kB
MemFree:          121204 kB
Active:           308664 kB
Mem:          3.8G       3.7G       118M       5.7M        22M       3.2G

MemTotal:        4016004 kB
MemFree:          120832 kB
Active:           308716 kB
Mem:          3.8G       3.7G       118M       5.7M        22M       3.2G

MemTotal:        4016004 kB
MemFree:          121328 kB
Active:           308660 kB
Mem:          3.8G       3.7G       118M       5.7M        22M       3.2G

MemTotal:        4016004 kB
MemFree:          121328 kB
Active:           308692 kB
Mem:          3.8G       3.7G       118M       5.7M        22M       3.2G

MemTotal:        4016004 kB
MemFree:          121328 kB
Active:           308688 kB
Mem:          3.8G       3.7G       118M       5.7M        22M       3.2G

MemTotal:        4016004 kB
MemFree:          121452 kB
Active:           308664 kB
Mem:          3.8G       3.7G       118M       5.7M        22M       3.2G

MemTotal:        4016004 kB
MemFree:          121328 kB
Active:           308676 kB
Mem:          3.8G       3.7G       118M       5.7M        22M       3.2G

MemTotal:        4016004 kB
MemFree:          120956 kB
Active:           308692 kB
Mem:          3.8G       3.7G       118M       5.7M        22M       3.2G

MemTotal:        4016004 kB
MemFree:          120708 kB
Active:           308712 kB
Mem:          3.8G       3.7G       117M       5.7M        22M       3.2G

MemTotal:        4016004 kB
MemFree:          120600 kB
Active:           308720 kB
Mem:          3.8G       3.7G       117M       5.7M        22M       3.2G

MemTotal:        4016004 kB
MemFree:          120848 kB
Active:           308664 kB
Mem:          3.8G       3.7G       117M       5.7M        22M       3.2G

MemTotal:        4016004 kB
MemFree:          120848 kB
Active:           308720 kB
Mem:          3.8G       3.7G       118M       5.7M        22M       3.2G

MemTotal:        4016004 kB
MemFree:          121220 kB
Active:           308692 kB
Mem:          3.8G       3.7G       118M       5.7M        22M       3.2G

MemTotal:        4016004 kB
MemFree:          121220 kB
Active:           308712 kB
Mem:          3.8G       3.7G       118M       5.7M        22M       3.2G

MemTotal:        4016004 kB
MemFree:          121096 kB
Active:           308688 kB
Mem:          3.8G       3.7G       118M       5.7M        22M       3.2G

MemTotal:        4016004 kB
MemFree:          121096 kB
Active:           308676 kB
Mem:          3.8G       3.7G       118M       5.7M        22M       3.2G

MemTotal:        4016004 kB
MemFree:          120972 kB
Active:           308680 kB
Mem:          3.8G       3.7G       118M       5.7M        22M       3.2G

MemTotal:        4016004 kB
MemFree:          121220 kB
Active:           308724 kB
Mem:          3.8G       3.7G       118M       5.7M        22M       3.2G

MemTotal:        4016004 kB
MemFree:          121344 kB
Active:           308676 kB
Mem:          3.8G       3.7G       118M       5.7M        22M       3.2G

MemTotal:        4016004 kB
MemFree:          121344 kB
Active:           308672 kB
Mem:          3.8G       3.7G       118M       5.7M        22M       3.2G

MemTotal:        4016004 kB
MemFree:          121344 kB
Active:           308724 kB
Mem:          3.8G       3.7G       118M       5.7M        22M       3.2G

MemTotal:        4016004 kB
MemFree:          120972 kB
Active:           308732 kB
Mem:          3.8G       3.7G       118M       5.7M        22M       3.2G

MemTotal:        4016004 kB
MemFree:          121220 kB
Active:           308724 kB
Mem:          3.8G       3.7G       118M       5.7M        22M       3.2G

MemTotal:        4016004 kB
MemFree:          121220 kB
Active:           308676 kB
Mem:          3.8G       3.7G       118M       5.7M        22M       3.2G

MemTotal:        4016004 kB
MemFree:          121344 kB
Active:           308680 kB
Mem:          3.8G       3.7G       118M       5.7M        22M       3.2G

MemTotal:        4016004 kB
MemFree:          121344 kB
Active:           308700 kB
Mem:          3.8G       3.7G       118M       5.7M        22M       3.2G

MemTotal:        4016004 kB
MemFree:          121344 kB
Active:           308688 kB
Mem:          3.8G       3.7G       118M       5.7M        22M       3.2G

MemTotal:        4016004 kB
MemFree:          121096 kB
Active:           308748 kB
Mem:          3.8G       3.7G       118M       5.7M        22M       3.2G

MemTotal:        4016004 kB
MemFree:          121468 kB
Active:           308696 kB
Mem:          3.8G       3.7G       118M       5.7M        22M       3.2G

MemTotal:        4016004 kB
MemFree:          121220 kB
Active:           308748 kB
Mem:          3.8G       3.7G       118M       5.7M        22M       3.2G

MemTotal:        4016004 kB
MemFree:          121220 kB
Active:           308720 kB
Mem:          3.8G       3.7G       118M       5.7M        22M       3.2G

MemTotal:        4016004 kB
MemFree:          120848 kB
Active:           308756 kB
Mem:          3.8G       3.7G       117M       5.7M        22M       3.2G

MemTotal:        4016004 kB
MemFree:          120848 kB
Active:           308720 kB
Mem:          3.8G       3.7G       118M       5.7M        22M       3.2G

MemTotal:        4016004 kB
MemFree:          121096 kB
Active:           308736 kB
Mem:          3.8G       3.7G       118M       5.7M        22M       3.2G

MemTotal:        4016004 kB
MemFree:          121220 kB
Active:           308704 kB
Mem:          3.8G       3.7G       118M       5.7M        22M       3.2G

MemTotal:        4016004 kB
MemFree:          120972 kB
Active:           308736 kB
Mem:          3.8G       3.7G       117M       5.7M        22M       3.2G

MemTotal:        4016004 kB
MemFree:          120848 kB
Active:           308744 kB
Mem:          3.8G       3.7G       117M       5.7M        22M       3.2G

MemTotal:        4016004 kB
MemFree:          120848 kB
Active:           308768 kB
Mem:          3.8G       3.7G       118M       5.7M        22M       3.2G

MemTotal:        4016004 kB
MemFree:          120848 kB
Active:           308768 kB
Mem:          3.8G       3.7G       118M       5.7M        22M       3.2G

MemTotal:        4016004 kB
MemFree:          120972 kB
Active:           308768 kB
Mem:          3.8G       3.7G       118M       5.7M        22M       3.2G

MemTotal:        4016004 kB
MemFree:          121096 kB
Active:           308736 kB
Mem:          3.8G       3.7G       118M       5.7M        22M       3.2G

MemTotal:        4016004 kB
MemFree:          121096 kB
Active:           308772 kB
Mem:          3.8G       3.7G       118M       5.7M        22M       3.2G

MemTotal:        4016004 kB
MemFree:          120972 kB
Active:           308744 kB
Mem:          3.8G       3.7G       117M       5.7M        22M       3.2G

MemTotal:        4016004 kB
MemFree:          120228 kB
Active:           308772 kB
Mem:          3.8G       3.7G       117M       5.7M        22M       3.2G

MemTotal:        4016004 kB
MemFree:          120228 kB
Active:           308776 kB
Mem:          3.8G       3.7G       117M       5.7M        22M       3.2G

MemTotal:        4016004 kB
MemFree:          120228 kB
Active:           308744 kB
Mem:          3.8G       3.7G       117M       5.7M        22M       3.2G

MemTotal:        4016004 kB
MemFree:          120600 kB
Active:           308748 kB
Mem:          3.8G       3.7G       117M       5.7M        22M       3.2G

MemTotal:        4016004 kB
MemFree:          120600 kB
Active:           308752 kB
Mem:          3.8G       3.7G       117M       5.7M        22M       3.2G

MemTotal:        4016004 kB
MemFree:          120724 kB
Active:           308756 kB
Mem:          3.8G       3.7G       117M       5.7M        22M       3.2G

MemTotal:        4016004 kB
MemFree:          120724 kB
Active:           308756 kB
Mem:          3.8G       3.7G       117M       5.7M        22M       3.2G

MemTotal:        4016004 kB
MemFree:          120724 kB
Active:           308736 kB
Mem:          3.8G       3.7G       117M       5.7M        22M       3.2G

MemTotal:        4016004 kB
MemFree:          120724 kB
Active:           308752 kB
Mem:          3.8G       3.7G       117M       5.7M        22M       3.2G

MemTotal:        4016004 kB
MemFree:          120724 kB
Active:           308768 kB
Mem:          3.8G       3.7G       117M       5.7M        22M       3.2G

MemTotal:        4016004 kB
MemFree:          120352 kB
Active:           308796 kB
Mem:          3.8G       3.7G       117M       5.7M        22M       3.2G

MemTotal:        4016004 kB
MemFree:          120848 kB
Active:           308764 kB
Mem:          3.8G       3.7G       118M       5.7M        22M       3.2G

MemTotal:        4016004 kB
MemFree:          121220 kB
Active:           308788 kB
Mem:          3.8G       3.7G       118M       5.7M        22M       3.2G

MemTotal:        4016004 kB
MemFree:          121220 kB
Active:           308776 kB
Mem:          3.8G       3.7G       118M       5.7M        22M       3.2G

MemTotal:        4016004 kB
MemFree:          121220 kB
Active:           308792 kB
Mem:          3.8G       3.7G       118M       5.7M        22M       3.2G

MemTotal:        4016004 kB
MemFree:          121220 kB
Active:           308768 kB
Mem:          3.8G       3.7G       118M       5.7M        22M       3.2G

MemTotal:        4016004 kB
MemFree:          120972 kB
Active:           308780 kB
Mem:          3.8G       3.7G       118M       5.7M        22M       3.2G

MemTotal:        4016004 kB
MemFree:          120724 kB
Active:           308772 kB
Mem:          3.8G       3.7G       117M       5.7M        22M       3.2G

MemTotal:        4016004 kB
MemFree:          120848 kB
Active:           308792 kB
Mem:          3.8G       3.7G       117M       5.7M        22M       3.2G

MemTotal:        4016004 kB
MemFree:          120724 kB
Active:           308776 kB
Mem:          3.8G       3.7G       117M       5.7M        22M       3.2G

MemTotal:        4016004 kB
MemFree:          120476 kB
Active:           308764 kB
Mem:          3.8G       3.7G       117M       5.7M        22M       3.2G

MemTotal:        4016004 kB
MemFree:          120724 kB
Active:           308784 kB
Mem:          3.8G       3.7G       117M       5.7M        22M       3.2G

MemTotal:        4016004 kB
MemFree:          120600 kB
Active:           308768 kB
Mem:          3.8G       3.7G       117M       5.7M        22M       3.2G

MemTotal:        4016004 kB
MemFree:          120600 kB
Active:           308796 kB
Mem:          3.8G       3.7G       117M       5.7M        22M       3.2G

MemTotal:        4016004 kB
MemFree:          120600 kB
Active:           308776 kB
Mem:          3.8G       3.7G       117M       5.7M        22M       3.2G

MemTotal:        4016004 kB
MemFree:          120476 kB
Active:           308788 kB
Mem:          3.8G       3.7G       117M       5.7M        22M       3.2G

MemTotal:        4016004 kB
MemFree:          120848 kB
Active:           308812 kB
Mem:          3.8G       3.7G       118M       5.7M        22M       3.2G

MemTotal:        4016004 kB
MemFree:          120848 kB
Active:           308816 kB
Mem:          3.8G       3.7G       118M       5.7M        22M       3.2G

MemTotal:        4016004 kB
MemFree:          121096 kB
Active:           308808 kB
Mem:          3.8G       3.7G       118M       5.7M        22M       3.2G

MemTotal:        4016004 kB
MemFree:          121096 kB
Active:           308816 kB
Mem:          3.8G       3.7G       118M       5.7M        22M       3.2G

MemTotal:        4016004 kB
MemFree:          120848 kB
Active:           308812 kB
Mem:          3.8G       3.7G       118M       5.7M        22M       3.2G

MemTotal:        4016004 kB
MemFree:          120600 kB
Active:           308804 kB
Mem:          3.8G       3.7G       118M       5.7M        22M       3.2G

MemTotal:        4016004 kB
MemFree:          120972 kB
Active:           308828 kB
Mem:          3.8G       3.7G       118M       5.7M        22M       3.2G

MemTotal:        4016004 kB
MemFree:          120600 kB
Active:           308844 kB
Mem:          3.8G       3.7G       117M       5.7M        22M       3.2G

MemTotal:        4016004 kB
MemFree:          120600 kB
Active:           308844 kB
Mem:          3.8G       3.7G       117M       5.7M        22M       3.2G

MemTotal:        4016004 kB
MemFree:          120352 kB
Active:           308800 kB
Mem:          3.8G       3.7G       117M       5.7M        22M       3.2G

MemTotal:        4016004 kB
MemFree:          120476 kB
Active:           308832 kB
Mem:          3.8G       3.7G       117M       5.7M        22M       3.2G

MemTotal:        4016004 kB
MemFree:          120476 kB
Active:           308816 kB
Mem:          3.8G       3.7G       118M       5.7M        22M       3.2G

MemTotal:        4016004 kB
MemFree:          120724 kB
Active:           308832 kB
Mem:          3.8G       3.7G       117M       5.7M        22M       3.2G

MemTotal:        4016004 kB
MemFree:          120848 kB
Active:           308828 kB
Mem:          3.8G       3.7G       118M       5.7M        22M       3.2G

MemTotal:        4016004 kB
MemFree:          120848 kB
Active:           308808 kB
Mem:          3.8G       3.7G       117M       5.7M        22M       3.2G

MemTotal:        4016004 kB
MemFree:          121096 kB
Active:           308828 kB
Mem:          3.8G       3.7G       118M       5.7M        22M       3.2G

MemTotal:        4016004 kB
MemFree:          121096 kB
Active:           308852 kB
Mem:          3.8G       3.7G       118M       5.7M        22M       3.2G

MemTotal:        4016004 kB
MemFree:          121096 kB
Active:           308840 kB
Mem:          3.8G       3.7G       118M       5.7M        22M       3.2G

MemTotal:        4016004 kB
MemFree:          120600 kB
Active:           308868 kB
Mem:          3.8G       3.7G       118M       5.7M        22M       3.2G

MemTotal:        4016004 kB
MemFree:          121096 kB
Active:           308824 kB
Mem:          3.8G       3.7G       118M       5.7M        22M       3.2G

MemTotal:        4016004 kB
MemFree:          121096 kB
Active:           308832 kB
Mem:          3.8G       3.7G       118M       5.7M        22M       3.2G

MemTotal:        4016004 kB
MemFree:          120724 kB
Active:           308876 kB
Mem:          3.8G       3.7G       118M       5.7M        22M       3.2G

MemTotal:        4016004 kB
MemFree:          120724 kB
Active:           308824 kB
Mem:          3.8G       3.7G       117M       5.7M        22M       3.2G

MemTotal:        4016004 kB
MemFree:          120848 kB
Active:           308840 kB
Mem:          3.8G       3.7G       118M       5.7M        22M       3.2G

MemTotal:        4016004 kB
MemFree:          120972 kB
Active:           308860 kB
Mem:          3.8G       3.7G       118M       5.7M        22M       3.2G

MemTotal:        4016004 kB
MemFree:          120724 kB
Active:           308888 kB
Mem:          3.8G       3.7G       118M       5.7M        22M       3.2G

MemTotal:        4016004 kB
MemFree:          120848 kB
Active:           308856 kB
Mem:          3.8G       3.7G       117M       5.7M        22M       3.2G

MemTotal:        4016004 kB
MemFree:          120724 kB
Active:           308840 kB
Mem:          3.8G       3.7G       117M       5.7M        22M       3.2G

MemTotal:        4016004 kB
MemFree:          120848 kB
Active:           308852 kB
Mem:          3.8G       3.7G       117M       5.7M        22M       3.2G

MemTotal:        4016004 kB
MemFree:          121096 kB
Active:           308840 kB
Mem:          3.8G       3.7G       118M       5.7M        22M       3.2G

MemTotal:        4016004 kB
MemFree:          120972 kB
Active:           308872 kB
Mem:          3.8G       3.7G       118M       5.7M        22M       3.2G

MemTotal:        4016004 kB
MemFree:          121096 kB
Active:           308844 kB
Mem:          3.8G       3.7G       118M       5.7M        22M       3.2G

MemTotal:        4016004 kB
MemFree:          121096 kB
Active:           308860 kB
Mem:          3.8G       3.7G       118M       5.7M        22M       3.2G

MemTotal:        4016004 kB
MemFree:          120724 kB
Active:           308900 kB
Mem:          3.8G       3.7G       118M       5.7M        22M       3.2G

MemTotal:        4016004 kB
MemFree:          121096 kB
Active:           308896 kB
Mem:          3.8G       3.7G       118M       5.7M        22M       3.2G

MemTotal:        4016004 kB
MemFree:          120848 kB
Active:           308876 kB
Mem:          3.8G       3.7G       117M       5.7M        22M       3.2G

MemTotal:        4016004 kB
MemFree:          120848 kB
Active:           308880 kB
Mem:          3.8G       3.7G       117M       5.7M        22M       3.2G

MemTotal:        4016004 kB
MemFree:          120848 kB
Active:           308856 kB
Mem:          3.8G       3.7G       118M       5.7M        22M       3.2G

MemTotal:        4016004 kB
MemFree:          120476 kB
Active:           308920 kB
Mem:          3.8G       3.7G       117M       5.7M        22M       3.2G

MemTotal:        4016004 kB
MemFree:          120476 kB
Active:           308888 kB
Mem:          3.8G       3.7G       117M       5.7M        22M       3.2G

MemTotal:        4016004 kB
MemFree:          120600 kB
Active:           308892 kB
Mem:          3.8G       3.7G       117M       5.7M        22M       3.2G

MemTotal:        4016004 kB
MemFree:          120212 kB
Active:           308948 kB
Mem:          3.8G       3.7G       117M       5.7M        22M       3.2G

MemTotal:        4016004 kB
MemFree:          120956 kB
Active:           308912 kB
Mem:          3.8G       3.7G       117M       5.7M        22M       3.2G

