MemTotal:        4016004 kB
MemFree:         3208824 kB
Active:           450444 kB
Mem:          3.8G       788M       3.1G       5.7M        54M       327M

MemTotal:        4016004 kB
MemFree:         3208436 kB
Active:           450808 kB
Mem:          3.8G       788M       3.1G       5.7M        54M       327M

MemTotal:        4016004 kB
MemFree:         3208420 kB
Active:           450920 kB
Mem:          3.8G       788M       3.1G       5.7M        54M       327M

MemTotal:        4016004 kB
MemFree:         3207908 kB
Active:           450916 kB
Mem:          3.8G       789M       3.1G       5.7M        54M       327M

MemTotal:        4016004 kB
MemFree:         3205472 kB
Active:           450896 kB
Mem:          3.8G       791M       3.1G       5.7M        54M       327M

MemTotal:        4016004 kB
MemFree:         3205580 kB
Active:           452892 kB
Mem:          3.8G       791M       3.1G       5.7M        54M       327M

MemTotal:        4016004 kB
MemFree:         3205580 kB
Active:           452920 kB
Mem:          3.8G       791M       3.1G       5.7M        54M       327M

MemTotal:        4016004 kB
MemFree:         3205316 kB
Active:           452952 kB
Mem:          3.8G       791M       3.1G       5.7M        54M       327M

MemTotal:        4016004 kB
MemFree:         3205208 kB
Active:           452956 kB
Mem:          3.8G       791M       3.1G       5.7M        54M       327M

MemTotal:        4016004 kB
MemFree:         3205208 kB
Active:           452928 kB
Mem:          3.8G       791M       3.1G       5.7M        54M       327M

MemTotal:        4016004 kB
MemFree:         3205084 kB
Active:           452960 kB
Mem:          3.8G       791M       3.1G       5.7M        54M       327M

MemTotal:        4016004 kB
MemFree:         3204836 kB
Active:           452936 kB
Mem:          3.8G       792M       3.1G       5.7M        54M       327M

MemTotal:        4016004 kB
MemFree:         3204712 kB
Active:           452916 kB
Mem:          3.8G       792M       3.1G       5.7M        54M       327M

MemTotal:        4016004 kB
MemFree:         3204340 kB
Active:           452960 kB
Mem:          3.8G       792M       3.1G       5.7M        54M       327M

MemTotal:        4016004 kB
MemFree:         3204804 kB
Active:           452964 kB
Mem:          3.8G       792M       3.1G       5.7M        54M       327M

MemTotal:        4016004 kB
MemFree:         3204556 kB
Active:           452964 kB
Mem:          3.8G       792M       3.1G       5.7M        54M       327M

MemTotal:        4016004 kB
MemFree:         3205052 kB
Active:           452928 kB
Mem:          3.8G       792M       3.1G       5.7M        54M       327M

MemTotal:        4016004 kB
MemFree:         3204788 kB
Active:           452964 kB
Mem:          3.8G       792M       3.1G       5.7M        54M       327M

MemTotal:        4016004 kB
MemFree:         3205020 kB
Active:           452964 kB
Mem:          3.8G       791M       3.1G       5.7M        54M       327M

MemTotal:        4016004 kB
MemFree:         3205128 kB
Active:           452912 kB
Mem:          3.8G       792M       3.1G       5.7M        54M       327M

MemTotal:        4016004 kB
MemFree:         3204756 kB
Active:           452972 kB
Mem:          3.8G       791M       3.1G       5.7M        54M       327M

MemTotal:        4016004 kB
MemFree:         3204880 kB
Active:           452972 kB
Mem:          3.8G       791M       3.1G       5.7M        54M       327M

MemTotal:        4016004 kB
MemFree:         3205360 kB
Active:           452932 kB
Mem:          3.8G       791M       3.1G       5.7M        54M       327M

MemTotal:        4016004 kB
MemFree:         3205344 kB
Active:           452936 kB
Mem:          3.8G       791M       3.1G       5.7M        54M       327M

MemTotal:        4016004 kB
MemFree:         3205396 kB
Active:           450876 kB
Mem:          3.8G       791M       3.1G       5.7M        54M       327M

MemTotal:        4016004 kB
MemFree:         3205380 kB
Active:           452952 kB
Mem:          3.8G       791M       3.1G       5.7M        54M       327M

MemTotal:        4016004 kB
MemFree:         3205008 kB
Active:           452972 kB
Mem:          3.8G       791M       3.1G       5.7M        54M       327M

MemTotal:        4016004 kB
MemFree:         3205380 kB
Active:           452956 kB
Mem:          3.8G       791M       3.1G       5.7M        54M       327M

MemTotal:        4016004 kB
MemFree:         3204884 kB
Active:           452972 kB
Mem:          3.8G       792M       3.1G       5.7M        54M       327M

MemTotal:        4016004 kB
MemFree:         3205008 kB
Active:           452964 kB
Mem:          3.8G       792M       3.1G       5.7M        54M       327M

MemTotal:        4016004 kB
MemFree:         3205116 kB
Active:           452936 kB
Mem:          3.8G       791M       3.1G       5.7M        54M       327M

MemTotal:        4016004 kB
MemFree:         3204728 kB
Active:           452984 kB
Mem:          3.8G       792M       3.1G       5.7M        54M       327M

MemTotal:        4016004 kB
MemFree:         3205208 kB
Active:           452944 kB
Mem:          3.8G       791M       3.1G       5.7M        54M       327M

MemTotal:        4016004 kB
MemFree:         3204712 kB
Active:           452984 kB
Mem:          3.8G       792M       3.1G       5.7M        54M       327M

MemTotal:        4016004 kB
MemFree:         3204508 kB
Active:           450952 kB
Mem:          3.8G       792M       3.1G       5.7M        54M       327M

MemTotal:        4016004 kB
MemFree:         3205004 kB
Active:           453004 kB
Mem:          3.8G       792M       3.1G       5.7M        54M       327M

MemTotal:        4016004 kB
MemFree:         3204740 kB
Active:           453008 kB
Mem:          3.8G       792M       3.1G       5.7M        54M       327M

MemTotal:        4016004 kB
MemFree:         3204864 kB
Active:           452952 kB
Mem:          3.8G       791M       3.1G       5.7M        54M       327M

MemTotal:        4016004 kB
MemFree:         3204896 kB
Active:           453012 kB
Mem:          3.8G       791M       3.1G       5.7M        54M       327M

MemTotal:        4016004 kB
MemFree:         3205020 kB
Active:           452984 kB
Mem:          3.8G       791M       3.1G       5.7M        54M       327M

MemTotal:        4016004 kB
MemFree:         3205020 kB
Active:           452996 kB
Mem:          3.8G       791M       3.1G       5.7M        54M       327M

MemTotal:        4016004 kB
MemFree:         3204896 kB
Active:           453008 kB
Mem:          3.8G       792M       3.1G       5.7M        54M       327M

MemTotal:        4016004 kB
MemFree:         3205020 kB
Active:           452976 kB
Mem:          3.8G       792M       3.1G       5.7M        54M       327M

MemTotal:        4016004 kB
MemFree:         3205144 kB
Active:           453004 kB
Mem:          3.8G       792M       3.1G       5.7M        54M       327M

MemTotal:        4016004 kB
MemFree:         3204896 kB
Active:           453024 kB
Mem:          3.8G       792M       3.1G       5.7M        54M       327M

MemTotal:        4016004 kB
MemFree:         3204772 kB
Active:           452984 kB
Mem:          3.8G       792M       3.1G       5.7M        54M       327M

MemTotal:        4016004 kB
MemFree:         3205304 kB
Active:           453016 kB
Mem:          3.8G       791M       3.1G       5.7M        54M       327M

MemTotal:        4016004 kB
MemFree:         3205180 kB
Active:           452992 kB
Mem:          3.8G       791M       3.1G       5.7M        54M       327M

MemTotal:        4016004 kB
MemFree:         3205180 kB
Active:           453008 kB
Mem:          3.8G       791M       3.1G       5.7M        54M       327M

MemTotal:        4016004 kB
MemFree:         3205428 kB
Active:           453004 kB
Mem:          3.8G       791M       3.1G       5.7M        54M       327M

MemTotal:        4016004 kB
MemFree:         3205428 kB
Active:           453044 kB
Mem:          3.8G       791M       3.1G       5.7M        54M       327M

MemTotal:        4016004 kB
MemFree:         3205056 kB
Active:           453044 kB
Mem:          3.8G       791M       3.1G       5.7M        54M       327M

MemTotal:        4016004 kB
MemFree:         3205288 kB
Active:           453020 kB
Mem:          3.8G       791M       3.1G       5.7M        54M       327M

MemTotal:        4016004 kB
MemFree:         3205148 kB
Active:           453008 kB
Mem:          3.8G       791M       3.1G       5.7M        54M       327M

MemTotal:        4016004 kB
MemFree:         3205084 kB
Active:           450988 kB
Mem:          3.8G       791M       3.1G       5.7M        54M       327M

MemTotal:        4016004 kB
MemFree:         3205456 kB
Active:           451020 kB
Mem:          3.8G       791M       3.1G       5.7M        54M       327M

MemTotal:        4016004 kB
MemFree:         3205332 kB
Active:           450984 kB
Mem:          3.8G       791M       3.1G       5.7M        54M       327M

MemTotal:        4016004 kB
MemFree:         3205456 kB
Active:           453072 kB
Mem:          3.8G       791M       3.1G       5.7M        54M       327M

MemTotal:        4016004 kB
MemFree:         3205192 kB
Active:           453080 kB
Mem:          3.8G       791M       3.1G       5.7M        54M       327M

MemTotal:        4016004 kB
MemFree:         3205548 kB
Active:           453068 kB
Mem:          3.8G       791M       3.1G       5.7M        54M       327M

MemTotal:        4016004 kB
MemFree:         3205532 kB
Active:           453060 kB
Mem:          3.8G       791M       3.1G       5.7M        54M       327M

MemTotal:        4016004 kB
MemFree:         3205532 kB
Active:           453032 kB
Mem:          3.8G       791M       3.1G       5.7M        54M       327M

MemTotal:        4016004 kB
MemFree:         3205656 kB
Active:           453088 kB
Mem:          3.8G       791M       3.1G       5.7M        54M       327M

MemTotal:        4016004 kB
MemFree:         3205516 kB
Active:           453048 kB
Mem:          3.8G       791M       3.1G       5.7M        54M       327M

MemTotal:        4016004 kB
MemFree:         3205576 kB
Active:           451048 kB
Mem:          3.8G       791M       3.1G       5.7M        54M       327M

MemTotal:        4016004 kB
MemFree:         3205452 kB
Active:           453088 kB
Mem:          3.8G       791M       3.1G       5.7M        54M       327M

MemTotal:        4016004 kB
MemFree:         3205560 kB
Active:           453060 kB
Mem:          3.8G       791M       3.1G       5.7M        54M       327M

MemTotal:        4016004 kB
MemFree:         3204800 kB
Active:           453108 kB
Mem:          3.8G       792M       3.1G       5.7M        54M       327M

MemTotal:        4016004 kB
MemFree:         3205032 kB
Active:           453080 kB
Mem:          3.8G       792M       3.1G       5.7M        54M       327M

MemTotal:        4016004 kB
MemFree:         3204892 kB
Active:           453092 kB
Mem:          3.8G       792M       3.1G       5.7M        54M       327M

MemTotal:        4016004 kB
MemFree:         3205248 kB
Active:           453104 kB
Mem:          3.8G       791M       3.1G       5.7M        54M       327M

MemTotal:        4016004 kB
MemFree:         3205000 kB
Active:           453096 kB
Mem:          3.8G       791M       3.1G       5.7M        54M       327M

MemTotal:        4016004 kB
MemFree:         3204752 kB
Active:           453112 kB
Mem:          3.8G       792M       3.1G       5.7M        54M       327M

MemTotal:        4016004 kB
MemFree:         3204736 kB
Active:           453072 kB
Mem:          3.8G       792M       3.1G       5.7M        54M       327M

MemTotal:        4016004 kB
MemFree:         3204844 kB
Active:           453088 kB
Mem:          3.8G       792M       3.1G       5.7M        54M       327M

MemTotal:        4016004 kB
MemFree:         3204704 kB
Active:           453112 kB
Mem:          3.8G       792M       3.1G       5.7M        54M       327M

MemTotal:        4016004 kB
MemFree:         3204676 kB
Active:           453100 kB
Mem:          3.8G       792M       3.1G       5.7M        54M       327M

MemTotal:        4016004 kB
MemFree:         3204800 kB
Active:           453080 kB
Mem:          3.8G       792M       3.1G       5.7M        54M       327M

MemTotal:        4016004 kB
MemFree:         3204676 kB
Active:           453124 kB
Mem:          3.8G       792M       3.1G       5.7M        54M       327M

MemTotal:        4016004 kB
MemFree:         3205048 kB
Active:           453100 kB
Mem:          3.8G       791M       3.1G       5.7M        54M       327M

MemTotal:        4016004 kB
MemFree:         3204924 kB
Active:           453068 kB
Mem:          3.8G       792M       3.1G       5.7M        54M       327M

MemTotal:        4016004 kB
MemFree:         3204896 kB
Active:           453124 kB
Mem:          3.8G       791M       3.1G       5.7M        54M       327M

MemTotal:        4016004 kB
MemFree:         3204896 kB
Active:           453124 kB
Mem:          3.8G       791M       3.1G       5.7M        54M       327M

MemTotal:        4016004 kB
MemFree:         3205144 kB
Active:           453116 kB
Mem:          3.8G       791M       3.1G       5.7M        54M       327M

MemTotal:        4016004 kB
MemFree:         3205324 kB
Active:           451048 kB
Mem:          3.8G       791M       3.1G       5.7M        54M       327M

MemTotal:        4016004 kB
MemFree:         3205324 kB
Active:           453084 kB
Mem:          3.8G       791M       3.1G       5.7M        54M       327M

MemTotal:        4016004 kB
MemFree:         3205324 kB
Active:           453092 kB
Mem:          3.8G       791M       3.1G       5.7M        54M       327M

MemTotal:        4016004 kB
MemFree:         3205448 kB
Active:           453124 kB
Mem:          3.8G       791M       3.1G       5.7M        54M       327M

MemTotal:        4016004 kB
MemFree:         3205060 kB
Active:           453136 kB
Mem:          3.8G       791M       3.1G       5.7M        54M       327M

MemTotal:        4016004 kB
MemFree:         3205308 kB
Active:           453100 kB
Mem:          3.8G       791M       3.1G       5.7M        54M       327M

MemTotal:        4016004 kB
MemFree:         3204796 kB
Active:           453148 kB
Mem:          3.8G       792M       3.1G       5.7M        54M       327M

MemTotal:        4016004 kB
MemFree:         3204656 kB
Active:           453128 kB
Mem:          3.8G       792M       3.1G       5.7M        54M       327M

MemTotal:        4016004 kB
MemFree:         3204532 kB
Active:           453148 kB
Mem:          3.8G       792M       3.1G       5.7M        54M       327M

MemTotal:        4016004 kB
MemFree:         3204656 kB
Active:           453132 kB
Mem:          3.8G       792M       3.1G       5.7M        54M       327M

MemTotal:        4016004 kB
MemFree:         3202592 kB
Active:           453100 kB
Mem:          3.8G       794M       3.1G       5.7M        54M       327M

MemTotal:        4016004 kB
MemFree:         3202328 kB
Active:           455188 kB
Mem:          3.8G       794M       3.1G       5.7M        54M       327M

MemTotal:        4016004 kB
MemFree:         3202452 kB
Active:           455184 kB
Mem:          3.8G       794M       3.1G       5.7M        54M       327M

MemTotal:        4016004 kB
MemFree:         3202436 kB
Active:           455196 kB
Mem:          3.8G       794M       3.1G       5.7M        54M       327M

MemTotal:        4016004 kB
MemFree:         3202668 kB
Active:           455176 kB
Mem:          3.8G       794M       3.1G       5.7M        54M       327M

MemTotal:        4016004 kB
MemFree:         3202792 kB
Active:           455168 kB
Mem:          3.8G       793M       3.1G       5.7M        54M       327M

MemTotal:        4016004 kB
MemFree:         3202776 kB
Active:           455188 kB
Mem:          3.8G       794M       3.1G       5.7M        54M       327M

MemTotal:        4016004 kB
MemFree:         3160876 kB
Active:           455716 kB
Mem:          3.8G       835M       3.0G       5.7M        54M       368M

MemTotal:        4016004 kB
MemFree:         3115664 kB
Active:           455740 kB
Mem:          3.8G       879M       3.0G       5.7M        55M       411M

MemTotal:        4016004 kB
MemFree:         3071068 kB
Active:           455768 kB
Mem:          3.8G       923M       2.9G       5.7M        55M       454M

MemTotal:        4016004 kB
MemFree:         3026332 kB
Active:           455792 kB
Mem:          3.8G       966M       2.9G       5.7M        55M       497M

MemTotal:        4016004 kB
MemFree:         2981348 kB
Active:           455812 kB
Mem:          3.8G       1.0G       2.8G       5.7M        55M       539M

MemTotal:        4016004 kB
MemFree:         2936860 kB
Active:           455836 kB
Mem:          3.8G       1.0G       2.8G       5.7M        55M       582M

MemTotal:        4016004 kB
MemFree:         2892868 kB
Active:           455864 kB
Mem:          3.8G       1.1G       2.8G       5.7M        55M       625M

MemTotal:        4016004 kB
MemFree:         2847868 kB
Active:           455888 kB
Mem:          3.8G       1.1G       2.7G       5.7M        55M       668M

MemTotal:        4016004 kB
MemFree:         2803220 kB
Active:           455908 kB
Mem:          3.8G       1.2G       2.7G       5.7M        55M       711M

MemTotal:        4016004 kB
MemFree:         2758332 kB
Active:           455940 kB
Mem:          3.8G       1.2G       2.6G       5.7M        55M       754M

MemTotal:        4016004 kB
MemFree:         2713752 kB
Active:           455968 kB
Mem:          3.8G       1.2G       2.6G       5.7M        55M       797M

MemTotal:        4016004 kB
MemFree:         2701572 kB
Active:           455980 kB
Mem:          3.8G       1.3G       2.6G       5.7M        55M       809M

MemTotal:        4016004 kB
MemFree:         2656944 kB
Active:           456016 kB
Mem:          3.8G       1.3G       2.5G       5.7M        55M       852M

MemTotal:        4016004 kB
MemFree:         2610412 kB
Active:           458056 kB
Mem:          3.8G       1.3G       2.5G       5.7M        55M       895M

MemTotal:        4016004 kB
MemFree:         2566168 kB
Active:           458080 kB
Mem:          3.8G       1.4G       2.4G       5.7M        55M       938M

MemTotal:        4016004 kB
MemFree:         2521412 kB
Active:           458108 kB
Mem:          3.8G       1.4G       2.4G       5.7M        55M       981M

MemTotal:        4016004 kB
MemFree:         2476040 kB
Active:           458080 kB
Mem:          3.8G       1.5G       2.4G       5.7M        55M       1.0G

MemTotal:        4016004 kB
MemFree:         2432172 kB
Active:           458156 kB
Mem:          3.8G       1.5G       2.3G       5.7M        55M       1.0G

MemTotal:        4016004 kB
MemFree:         2387544 kB
Active:           458180 kB
Mem:          3.8G       1.6G       2.3G       5.7M        55M       1.1G

MemTotal:        4016004 kB
MemFree:         2355736 kB
Active:           458204 kB
Mem:          3.8G       1.6G       2.2G       5.7M        55M       1.1G

MemTotal:        4016004 kB
MemFree:         2330564 kB
Active:           458220 kB
Mem:          3.8G       1.6G       2.2G       5.7M        55M       1.1G

MemTotal:        4016004 kB
MemFree:         2285272 kB
Active:           458252 kB
Mem:          3.8G       1.7G       2.2G       5.7M        55M       1.2G

MemTotal:        4016004 kB
MemFree:         2255828 kB
Active:           458272 kB
Mem:          3.8G       1.7G       2.2G       5.7M        55M       1.2G

MemTotal:        4016004 kB
MemFree:         2254804 kB
Active:           458272 kB
Mem:          3.8G       1.7G       2.2G       5.7M        55M       1.2G

MemTotal:        4016004 kB
MemFree:         2247660 kB
Active:           458256 kB
Mem:          3.8G       1.7G       2.1G       5.7M        55M       1.2G

MemTotal:        4016004 kB
MemFree:         2202348 kB
Active:           458324 kB
Mem:          3.8G       1.7G       2.1G       5.7M        55M       1.3G

MemTotal:        4016004 kB
MemFree:         2201640 kB
Active:           458312 kB
Mem:          3.8G       1.7G       2.1G       5.7M        55M       1.3G

MemTotal:        4016004 kB
MemFree:         2160116 kB
Active:           458352 kB
Mem:          3.8G       1.8G       2.1G       5.7M        55M       1.3G

MemTotal:        4016004 kB
MemFree:         2115752 kB
Active:           458372 kB
Mem:          3.8G       1.8G       2.0G       5.7M        55M       1.3G

MemTotal:        4016004 kB
MemFree:         2071140 kB
Active:           458396 kB
Mem:          3.8G       1.9G       2.0G       5.7M        55M       1.4G

MemTotal:        4016004 kB
MemFree:         2026620 kB
Active:           458416 kB
Mem:          3.8G       1.9G       1.9G       5.7M        55M       1.4G

MemTotal:        4016004 kB
MemFree:         1982256 kB
Active:           458440 kB
Mem:          3.8G       1.9G       1.9G       5.7M        55M       1.5G

MemTotal:        4016004 kB
MemFree:         1938140 kB
Active:           458468 kB
Mem:          3.8G       2.0G       1.8G       5.7M        55M       1.5G

MemTotal:        4016004 kB
MemFree:         1893136 kB
Active:           458488 kB
Mem:          3.8G       2.0G       1.8G       5.7M        55M       1.5G

MemTotal:        4016004 kB
MemFree:         1848308 kB
Active:           458500 kB
Mem:          3.8G       2.1G       1.8G       5.7M        55M       1.6G

MemTotal:        4016004 kB
MemFree:         1805372 kB
Active:           458536 kB
Mem:          3.8G       2.1G       1.7G       5.7M        55M       1.6G

MemTotal:        4016004 kB
MemFree:         1797652 kB
Active:           458564 kB
Mem:          3.8G       2.1G       1.7G       5.7M        55M       1.6G

MemTotal:        4016004 kB
MemFree:         1753104 kB
Active:           458596 kB
Mem:          3.8G       2.2G       1.7G       5.7M        55M       1.7G

MemTotal:        4016004 kB
MemFree:         1708784 kB
Active:           458616 kB
Mem:          3.8G       2.2G       1.6G       5.7M        55M       1.7G

MemTotal:        4016004 kB
MemFree:         1663652 kB
Active:           458640 kB
Mem:          3.8G       2.2G       1.6G       5.7M        55M       1.8G

MemTotal:        4016004 kB
MemFree:         1619476 kB
Active:           458664 kB
Mem:          3.8G       2.3G       1.5G       5.7M        55M       1.8G

MemTotal:        4016004 kB
MemFree:         1575220 kB
Active:           458684 kB
Mem:          3.8G       2.3G       1.5G       5.7M        55M       1.8G

MemTotal:        4016004 kB
MemFree:         1530220 kB
Active:           458716 kB
Mem:          3.8G       2.4G       1.5G       5.7M        55M       1.9G

MemTotal:        4016004 kB
MemFree:         1485712 kB
Active:           458788 kB
Mem:          3.8G       2.4G       1.4G       5.7M        55M       1.9G

MemTotal:        4016004 kB
MemFree:         1440956 kB
Active:           458844 kB
Mem:          3.8G       2.5G       1.4G       5.7M        55M       2.0G

MemTotal:        4016004 kB
MemFree:         1396152 kB
Active:           458836 kB
Mem:          3.8G       2.5G       1.3G       5.7M        55M       2.0G

MemTotal:        4016004 kB
MemFree:         1351600 kB
Active:           458900 kB
Mem:          3.8G       2.5G       1.3G       5.7M        55M       2.1G

MemTotal:        4016004 kB
MemFree:         1306828 kB
Active:           458884 kB
Mem:          3.8G       2.6G       1.2G       5.7M        55M       2.1G

MemTotal:        4016004 kB
MemFree:         1271212 kB
Active:           458936 kB
Mem:          3.8G       2.6G       1.2G       5.7M        55M       2.1G

MemTotal:        4016004 kB
MemFree:         1268500 kB
Active:           458972 kB
Mem:          3.8G       2.6G       1.2G       5.7M        55M       2.1G

MemTotal:        4016004 kB
MemFree:         1230284 kB
Active:           459000 kB
Mem:          3.8G       2.7G       1.2G       5.7M        56M       2.2G

MemTotal:        4016004 kB
MemFree:         1213196 kB
Active:           459016 kB
Mem:          3.8G       2.7G       1.2G       5.7M        56M       2.2G

MemTotal:        4016004 kB
MemFree:         1212832 kB
Active:           459024 kB
Mem:          3.8G       2.7G       1.2G       5.7M        56M       2.2G

MemTotal:        4016004 kB
MemFree:         1170784 kB
Active:           459044 kB
Mem:          3.8G       2.7G       1.1G       5.7M        56M       2.2G

MemTotal:        4016004 kB
MemFree:         1125924 kB
Active:           459068 kB
Mem:          3.8G       2.8G       1.1G       5.7M        56M       2.3G

MemTotal:        4016004 kB
MemFree:         1081064 kB
Active:           459060 kB
Mem:          3.8G       2.8G       1.0G       5.7M        56M       2.3G

MemTotal:        4016004 kB
MemFree:         1036064 kB
Active:           459116 kB
Mem:          3.8G       2.8G       1.0G       5.7M        56M       2.4G

MemTotal:        4016004 kB
MemFree:          991700 kB
Active:           459092 kB
Mem:          3.8G       2.9G       968M       5.7M        56M       2.4G

MemTotal:        4016004 kB
MemFree:          946840 kB
Active:           459112 kB
Mem:          3.8G       2.9G       924M       5.7M        56M       2.4G

MemTotal:        4016004 kB
MemFree:          902424 kB
Active:           459196 kB
Mem:          3.8G       3.0G       881M       5.7M        56M       2.5G

MemTotal:        4016004 kB
MemFree:          857404 kB
Active:           459216 kB
Mem:          3.8G       3.0G       837M       5.7M        56M       2.5G

MemTotal:        4016004 kB
MemFree:          812416 kB
Active:           459248 kB
Mem:          3.8G       3.1G       793M       5.7M        56M       2.6G

MemTotal:        4016004 kB
MemFree:          766864 kB
Active:           459280 kB
Mem:          3.8G       3.1G       748M       5.7M        56M       2.6G

MemTotal:        4016004 kB
MemFree:          723068 kB
Active:           459304 kB
Mem:          3.8G       3.1G       705M       5.7M        56M       2.6G

MemTotal:        4016004 kB
MemFree:          677640 kB
Active:           459328 kB
Mem:          3.8G       3.2G       661M       5.7M        56M       2.7G

MemTotal:        4016004 kB
MemFree:          633500 kB
Active:           459300 kB
Mem:          3.8G       3.2G       618M       5.7M        56M       2.7G

MemTotal:        4016004 kB
MemFree:          588372 kB
Active:           459376 kB
Mem:          3.8G       3.3G       573M       5.7M        56M       2.8G

MemTotal:        4016004 kB
MemFree:          543744 kB
Active:           459404 kB
Mem:          3.8G       3.3G       531M       5.7M        56M       2.8G

MemTotal:        4016004 kB
MemFree:          499256 kB
Active:           459424 kB
Mem:          3.8G       3.4G       487M       5.7M        56M       2.9G

MemTotal:        4016004 kB
MemFree:          454272 kB
Active:           459448 kB
Mem:          3.8G       3.4G       443M       5.7M        56M       2.9G

MemTotal:        4016004 kB
MemFree:          410264 kB
Active:           459480 kB
Mem:          3.8G       3.4G       400M       5.7M        56M       2.9G

MemTotal:        4016004 kB
MemFree:          366056 kB
Active:           459504 kB
Mem:          3.8G       3.5G       356M       5.7M        56M       3.0G

MemTotal:        4016004 kB
MemFree:          322048 kB
Active:           459532 kB
Mem:          3.8G       3.5G       314M       5.7M        56M       3.0G

MemTotal:        4016004 kB
MemFree:          288380 kB
Active:           459552 kB
Mem:          3.8G       3.6G       281M       5.7M        56M       3.1G

MemTotal:        4016004 kB
MemFree:          266432 kB
Active:           459572 kB
Mem:          3.8G       3.6G       259M       5.7M        56M       3.1G

MemTotal:        4016004 kB
MemFree:          221760 kB
Active:           459592 kB
Mem:          3.8G       3.6G       216M       5.7M        56M       3.1G

MemTotal:        4016004 kB
MemFree:          205704 kB
Active:           459460 kB
Mem:          3.8G       3.6G       200M       5.7M        56M       3.1G

MemTotal:        4016004 kB
MemFree:          205756 kB
Active:           459408 kB
Mem:          3.8G       3.6G       200M       5.7M        56M       3.1G

MemTotal:        4016004 kB
MemFree:          162000 kB
Active:           459444 kB
Mem:          3.8G       3.7G       157M       5.7M        56M       3.2G

MemTotal:        4016004 kB
MemFree:          117016 kB
Active:           459480 kB
Mem:          3.8G       3.7G       114M       5.7M        56M       3.2G

MemTotal:        4016004 kB
MemFree:          107744 kB
Active:           456660 kB
Mem:          3.8G       3.7G       103M       5.7M        24M       3.3G

MemTotal:        4016004 kB
MemFree:          108516 kB
Active:           467228 kB
Mem:          3.8G       3.7G       104M       5.7M        23M       3.3G

MemTotal:        4016004 kB
MemFree:          155064 kB
Active:           518596 kB
Mem:          3.8G       3.7G       151M       5.7M        23M       3.2G

MemTotal:        4016004 kB
MemFree:          113036 kB
Active:           518668 kB
Mem:          3.8G       3.7G       110M       5.7M        23M       3.3G

MemTotal:        4016004 kB
MemFree:          116228 kB
Active:           515248 kB
Mem:          3.8G       3.7G       113M       5.7M        23M       3.2G

MemTotal:        4016004 kB
MemFree:          124704 kB
Active:           509128 kB
Mem:          3.8G       3.7G       121M       5.7M        23M       3.2G

MemTotal:        4016004 kB
MemFree:          120072 kB
Active:           509136 kB
Mem:          3.8G       3.7G       117M       5.7M        23M       3.2G

MemTotal:        4016004 kB
MemFree:          119860 kB
Active:           509148 kB
Mem:          3.8G       3.7G       116M       5.7M        23M       3.2G

MemTotal:        4016004 kB
MemFree:          118764 kB
Active:           509152 kB
Mem:          3.8G       3.7G       115M       5.7M        23M       3.2G

MemTotal:        4016004 kB
MemFree:          110576 kB
Active:           505712 kB
Mem:          3.8G       3.7G       107M       5.7M        23M       3.3G

MemTotal:        4016004 kB
MemFree:          118340 kB
Active:           499592 kB
Mem:          3.8G       3.7G       115M       5.7M        23M       3.2G

MemTotal:        4016004 kB
MemFree:          110432 kB
Active:           496164 kB
Mem:          3.8G       3.7G       107M       5.7M        23M       3.3G

MemTotal:        4016004 kB
MemFree:          125456 kB
Active:           490944 kB
Mem:          3.8G       3.7G       122M       5.7M        23M       3.2G

MemTotal:        4016004 kB
MemFree:          128040 kB
Active:           485204 kB
Mem:          3.8G       3.7G       124M       5.7M        23M       3.2G

MemTotal:        4016004 kB
MemFree:          113476 kB
Active:           481644 kB
Mem:          3.8G       3.7G       110M       5.7M        23M       3.3G

MemTotal:        4016004 kB
MemFree:          128644 kB
Active:           476420 kB
Mem:          3.8G       3.7G       125M       5.7M        23M       3.2G

MemTotal:        4016004 kB
MemFree:          107312 kB
Active:           474392 kB
Mem:          3.8G       3.7G       104M       5.7M        23M       3.3G

MemTotal:        4016004 kB
MemFree:          123912 kB
Active:           469904 kB
Mem:          3.8G       3.7G       120M       5.7M        23M       3.2G

MemTotal:        4016004 kB
MemFree:          105448 kB
Active:           468916 kB
Mem:          3.8G       3.7G       102M       5.7M        23M       3.3G

MemTotal:        4016004 kB
MemFree:          127172 kB
Active:           466000 kB
Mem:          3.8G       3.7G       124M       5.7M        23M       3.2G

MemTotal:        4016004 kB
MemFree:          113664 kB
Active:           465964 kB
Mem:          3.8G       3.7G       110M       5.7M        23M       3.2G

MemTotal:        4016004 kB
MemFree:          104924 kB
Active:           464884 kB
Mem:          3.8G       3.7G       106M       5.7M        23M       3.3G

MemTotal:        4016004 kB
MemFree:          125132 kB
Active:           462728 kB
Mem:          3.8G       3.7G       122M       5.7M        23M       3.2G

MemTotal:        4016004 kB
MemFree:          109080 kB
Active:           459752 kB
Mem:          3.8G       3.7G       106M       5.7M        23M       3.3G

MemTotal:        4016004 kB
MemFree:          136096 kB
Active:           455668 kB
Mem:          3.8G       3.7G       132M       5.7M        23M       3.2G

MemTotal:        4016004 kB
MemFree:          149948 kB
Active:           453520 kB
Mem:          3.8G       3.7G       146M       5.7M        23M       3.2G

MemTotal:        4016004 kB
MemFree:          105288 kB
Active:           453540 kB
Mem:          3.8G       3.7G       102M       5.7M        23M       3.3G

MemTotal:        4016004 kB
MemFree:          131396 kB
Active:           451392 kB
Mem:          3.8G       3.7G       128M       5.7M        23M       3.2G

MemTotal:        4016004 kB
MemFree:          127172 kB
Active:           449888 kB
Mem:          3.8G       3.7G       124M       5.7M        23M       3.2G

MemTotal:        4016004 kB
MemFree:          119584 kB
Active:           448628 kB
Mem:          3.8G       3.7G       115M       5.7M        23M       3.2G

MemTotal:        4016004 kB
MemFree:          126996 kB
Active:           446604 kB
Mem:          3.8G       3.7G       123M       5.7M        23M       3.2G

MemTotal:        4016004 kB
MemFree:          119244 kB
Active:           445472 kB
Mem:          3.8G       3.7G       116M       5.7M        23M       3.2G

MemTotal:        4016004 kB
MemFree:          107344 kB
Active:           445484 kB
Mem:          3.8G       3.7G       104M       5.7M        23M       3.3G

MemTotal:        4016004 kB
MemFree:          146092 kB
Active:           440884 kB
Mem:          3.8G       3.7G       142M       5.7M        23M       3.2G

MemTotal:        4016004 kB
MemFree:          145940 kB
Active:           440836 kB
Mem:          3.8G       3.7G       142M       5.7M        23M       3.2G

MemTotal:        4016004 kB
MemFree:          145884 kB
Active:           440888 kB
Mem:          3.8G       3.7G       142M       5.7M        23M       3.2G

MemTotal:        4016004 kB
MemFree:          117152 kB
Active:           440896 kB
Mem:          3.8G       3.7G       114M       5.7M        23M       3.2G

MemTotal:        4016004 kB
MemFree:          108020 kB
Active:           439768 kB
Mem:          3.8G       3.7G       105M       5.7M        23M       3.3G

MemTotal:        4016004 kB
MemFree:          115612 kB
Active:           437756 kB
Mem:          3.8G       3.7G       112M       5.7M        23M       3.2G

MemTotal:        4016004 kB
MemFree:          105828 kB
Active:           436620 kB
Mem:          3.8G       3.7G       103M       5.7M        23M       3.3G

MemTotal:        4016004 kB
MemFree:          132860 kB
Active:           434476 kB
Mem:          3.8G       3.7G       129M       5.7M        23M       3.2G

MemTotal:        4016004 kB
MemFree:          135444 kB
Active:           432324 kB
Mem:          3.8G       3.7G       132M       5.7M        23M       3.2G

MemTotal:        4016004 kB
MemFree:          108500 kB
Active:           431320 kB
Mem:          3.8G       3.7G       105M       5.7M        23M       3.3G

MemTotal:        4016004 kB
MemFree:          128600 kB
Active:           428264 kB
Mem:          3.8G       3.7G       125M       5.7M        23M       3.2G

MemTotal:        4016004 kB
MemFree:          110312 kB
Active:           427388 kB
Mem:          3.8G       3.7G       107M       5.7M        23M       3.3G

MemTotal:        4016004 kB
MemFree:          125644 kB
Active:           425748 kB
Mem:          3.8G       3.7G       122M       5.7M        24M       3.2G

MemTotal:        4016004 kB
MemFree:          122328 kB
Active:           423976 kB
Mem:          3.8G       3.7G       119M       5.7M        24M       3.2G

MemTotal:        4016004 kB
MemFree:          111800 kB
Active:           423992 kB
Mem:          3.8G       3.7G       108M       5.7M        24M       3.2G

MemTotal:        4016004 kB
MemFree:          127936 kB
Active:           422356 kB
Mem:          3.8G       3.7G       124M       5.7M        24M       3.2G

MemTotal:        4016004 kB
MemFree:          119100 kB
Active:           421104 kB
Mem:          3.8G       3.7G       116M       5.7M        24M       3.2G

MemTotal:        4016004 kB
MemFree:          131776 kB
Active:           419204 kB
Mem:          3.8G       3.7G       128M       5.7M        24M       3.2G

MemTotal:        4016004 kB
MemFree:          130588 kB
Active:           418332 kB
Mem:          3.8G       3.7G       127M       5.7M        24M       3.2G

MemTotal:        4016004 kB
MemFree:          120816 kB
Active:           418152 kB
Mem:          3.8G       3.7G       117M       5.7M        24M       3.2G

MemTotal:        4016004 kB
MemFree:          106492 kB
Active:           420216 kB
Mem:          3.8G       3.7G       103M       5.7M        24M       3.3G

MemTotal:        4016004 kB
MemFree:          105968 kB
Active:           420220 kB
Mem:          3.8G       3.7G       103M       5.7M        24M       3.3G

MemTotal:        4016004 kB
MemFree:          126556 kB
Active:           419828 kB
Mem:          3.8G       3.7G       123M       5.7M        24M       3.2G

MemTotal:        4016004 kB
MemFree:          118200 kB
Active:           418448 kB
Mem:          3.8G       3.7G       115M       5.7M        24M       3.2G

MemTotal:        4016004 kB
MemFree:          109752 kB
Active:           417320 kB
Mem:          3.8G       3.7G       107M       5.7M        24M       3.2G

MemTotal:        4016004 kB
MemFree:          125436 kB
Active:           413616 kB
Mem:          3.8G       3.7G       122M       5.7M        24M       3.2G

MemTotal:        4016004 kB
MemFree:          105128 kB
Active:           412584 kB
Mem:          3.8G       3.7G       104M       5.7M        24M       3.3G

MemTotal:        4016004 kB
MemFree:          114176 kB
Active:           410980 kB
Mem:          3.8G       3.7G       111M       5.7M        24M       3.2G

MemTotal:        4016004 kB
MemFree:          105152 kB
Active:           409848 kB
Mem:          3.8G       3.7G       124M       5.7M        24M       3.2G

MemTotal:        4016004 kB
MemFree:          133344 kB
Active:           407696 kB
Mem:          3.8G       3.7G       129M       5.7M        24M       3.2G

MemTotal:        4016004 kB
MemFree:          121376 kB
Active:           407584 kB
Mem:          3.8G       3.7G       118M       5.7M        24M       3.2G

MemTotal:        4016004 kB
MemFree:          122372 kB
Active:           404436 kB
Mem:          3.8G       3.7G       119M       5.7M        24M       3.2G

MemTotal:        4016004 kB
MemFree:          107580 kB
Active:           403436 kB
Mem:          3.8G       3.7G       105M       5.7M        24M       3.3G

MemTotal:        4016004 kB
MemFree:          113964 kB
Active:           402312 kB
Mem:          3.8G       3.7G       111M       5.7M        24M       3.2G

MemTotal:        4016004 kB
MemFree:          105220 kB
Active:           401184 kB
Mem:          3.8G       3.7G       102M       5.7M        24M       3.3G

MemTotal:        4016004 kB
MemFree:          126916 kB
Active:           400560 kB
Mem:          3.8G       3.7G       123M       5.7M        24M       3.2G

MemTotal:        4016004 kB
MemFree:          126424 kB
Active:           400564 kB
Mem:          3.8G       3.7G       123M       5.7M        24M       3.2G

MemTotal:        4016004 kB
MemFree:          114908 kB
Active:           400576 kB
Mem:          3.8G       3.7G       111M       5.7M        24M       3.2G

MemTotal:        4016004 kB
MemFree:          105356 kB
Active:           395504 kB
Mem:          3.8G       3.7G       102M       5.7M        24M       3.3G

MemTotal:        4016004 kB
MemFree:          114348 kB
Active:           393476 kB
Mem:          3.8G       3.7G       111M       5.7M        24M       3.2G

MemTotal:        4016004 kB
MemFree:          105572 kB
Active:           390380 kB
Mem:          3.8G       3.7G       102M       5.7M        24M       3.3G

MemTotal:        4016004 kB
MemFree:          132620 kB
Active:           390020 kB
Mem:          3.8G       3.7G       129M       5.7M        24M       3.2G

MemTotal:        4016004 kB
MemFree:          137988 kB
Active:           389980 kB
Mem:          3.8G       3.7G       134M       5.7M        24M       3.2G

MemTotal:        4016004 kB
MemFree:          147564 kB
Active:           390008 kB
Mem:          3.8G       3.7G       143M       5.7M        24M       3.2G

MemTotal:        4016004 kB
MemFree:          126448 kB
Active:           390028 kB
Mem:          3.8G       3.7G       123M       5.7M        24M       3.2G

MemTotal:        4016004 kB
MemFree:          129300 kB
Active:           390052 kB
Mem:          3.8G       3.7G       125M       5.7M        24M       3.2G

MemTotal:        4016004 kB
MemFree:          120604 kB
Active:           390076 kB
Mem:          3.8G       3.7G       117M       5.7M        24M       3.2G

MemTotal:        4016004 kB
MemFree:          117428 kB
Active:           390104 kB
Mem:          3.8G       3.7G       115M       5.7M        24M       3.2G

MemTotal:        4016004 kB
MemFree:          109412 kB
Active:           390144 kB
Mem:          3.8G       3.7G       107M       5.7M        24M       3.2G

MemTotal:        4016004 kB
MemFree:          123704 kB
Active:           390072 kB
Mem:          3.8G       3.7G       120M       5.7M        24M       3.2G

MemTotal:        4016004 kB
MemFree:          128276 kB
Active:           391364 kB
Mem:          3.8G       3.7G       125M       5.7M        24M       3.2G

MemTotal:        4016004 kB
MemFree:          135820 kB
Active:           391252 kB
Mem:          3.8G       3.7G       132M       5.7M        24M       3.2G

MemTotal:        4016004 kB
MemFree:          136352 kB
Active:           391252 kB
Mem:          3.8G       3.7G       132M       5.7M        24M       3.2G

MemTotal:        4016004 kB
MemFree:          118280 kB
Active:           391260 kB
Mem:          3.8G       3.7G       114M       5.7M        24M       3.2G

MemTotal:        4016004 kB
MemFree:          108496 kB
Active:           391280 kB
Mem:          3.8G       3.7G       105M       5.7M        24M       3.2G

MemTotal:        4016004 kB
MemFree:          135392 kB
Active:           391304 kB
Mem:          3.8G       3.7G       131M       5.7M        24M       3.2G

MemTotal:        4016004 kB
MemFree:          132996 kB
Active:           391332 kB
Mem:          3.8G       3.7G       129M       5.7M        24M       3.2G

MemTotal:        4016004 kB
MemFree:          129964 kB
Active:           391356 kB
Mem:          3.8G       3.7G       126M       5.7M        24M       3.2G

MemTotal:        4016004 kB
MemFree:          133032 kB
Active:           391376 kB
Mem:          3.8G       3.7G       130M       5.7M        24M       3.2G

MemTotal:        4016004 kB
MemFree:          124408 kB
Active:           391396 kB
Mem:          3.8G       3.7G       120M       5.7M        24M       3.2G

MemTotal:        4016004 kB
MemFree:          126800 kB
Active:           391624 kB
Mem:          3.8G       3.7G       123M       5.7M        24M       3.2G

MemTotal:        4016004 kB
MemFree:          116112 kB
Active:           391516 kB
Mem:          3.8G       3.7G       113M       5.7M        24M       3.2G

MemTotal:        4016004 kB
MemFree:          107288 kB
Active:           391420 kB
Mem:          3.8G       3.7G       104M       5.7M        24M       3.2G

MemTotal:        4016004 kB
MemFree:          128256 kB
Active:           391444 kB
Mem:          3.8G       3.7G       125M       5.7M        24M       3.2G

MemTotal:        4016004 kB
MemFree:          125108 kB
Active:           391480 kB
Mem:          3.8G       3.7G       122M       5.7M        24M       3.2G

MemTotal:        4016004 kB
MemFree:          130568 kB
Active:           391356 kB
Mem:          3.8G       3.7G       127M       5.7M        24M       3.2G

MemTotal:        4016004 kB
MemFree:          130776 kB
Active:           391220 kB
Mem:          3.8G       3.7G       127M       5.7M        24M       3.2G

MemTotal:        4016004 kB
MemFree:          130836 kB
Active:           391240 kB
Mem:          3.8G       3.7G       127M       5.7M        24M       3.2G

MemTotal:        4016004 kB
MemFree:          106060 kB
Active:           391264 kB
Mem:          3.8G       3.7G       103M       5.7M        24M       3.2G

MemTotal:        4016004 kB
MemFree:          125944 kB
Active:           391288 kB
Mem:          3.8G       3.7G       122M       5.7M        25M       3.2G

MemTotal:        4016004 kB
MemFree:          111016 kB
Active:           390640 kB
Mem:          3.8G       3.7G       108M       5.7M        25M       3.2G

MemTotal:        4016004 kB
MemFree:          119352 kB
Active:           390408 kB
Mem:          3.8G       3.7G       116M       5.7M        25M       3.2G

MemTotal:        4016004 kB
MemFree:          113180 kB
Active:           390308 kB
Mem:          3.8G       3.7G       110M       5.7M        25M       3.2G

MemTotal:        4016004 kB
MemFree:          130676 kB
Active:           390332 kB
Mem:          3.8G       3.7G       127M       5.7M        25M       3.2G

MemTotal:        4016004 kB
MemFree:          139508 kB
Active:           390232 kB
Mem:          3.8G       3.7G       135M       5.7M        25M       3.2G

MemTotal:        4016004 kB
MemFree:          141672 kB
Active:           390160 kB
Mem:          3.8G       3.7G       137M       5.7M        25M       3.2G

MemTotal:        4016004 kB
MemFree:          118144 kB
Active:           390192 kB
Mem:          3.8G       3.7G       115M       5.7M        25M       3.2G

MemTotal:        4016004 kB
MemFree:          110920 kB
Active:           390220 kB
Mem:          3.8G       3.7G       107M       5.7M        25M       3.2G

MemTotal:        4016004 kB
MemFree:          111724 kB
Active:           390244 kB
Mem:          3.8G       3.7G       108M       5.7M        25M       3.2G

MemTotal:        4016004 kB
MemFree:          127572 kB
Active:           390268 kB
Mem:          3.8G       3.7G       124M       5.7M        25M       3.2G

MemTotal:        4016004 kB
MemFree:          144876 kB
Active:           390364 kB
Mem:          3.8G       3.7G       140M       5.7M        25M       3.2G

MemTotal:        4016004 kB
MemFree:          130288 kB
Active:           390384 kB
Mem:          3.8G       3.7G       126M       5.7M        25M       3.2G

MemTotal:        4016004 kB
MemFree:          129692 kB
Active:           390364 kB
Mem:          3.8G       3.7G       126M       5.7M        25M       3.2G

MemTotal:        4016004 kB
MemFree:          129884 kB
Active:           390348 kB
Mem:          3.8G       3.7G       126M       5.7M        25M       3.2G

MemTotal:        4016004 kB
MemFree:          114140 kB
Active:           390348 kB
Mem:          3.8G       3.7G       111M       5.7M        25M       3.2G

MemTotal:        4016004 kB
MemFree:          128188 kB
Active:           390412 kB
Mem:          3.8G       3.7G       124M       5.7M        25M       3.2G

MemTotal:        4016004 kB
MemFree:          138028 kB
Active:           385792 kB
Mem:          3.8G       3.7G       134M       5.7M        25M       3.2G

MemTotal:        4016004 kB
MemFree:          128848 kB
Active:           385680 kB
Mem:          3.8G       3.7G       125M       5.7M        25M       3.2G

MemTotal:        4016004 kB
MemFree:          121264 kB
Active:           385700 kB
Mem:          3.8G       3.7G       117M       5.7M        25M       3.2G

MemTotal:        4016004 kB
MemFree:          137788 kB
Active:           385724 kB
Mem:          3.8G       3.7G       134M       5.7M        25M       3.2G

MemTotal:        4016004 kB
MemFree:          129884 kB
Active:           385744 kB
Mem:          3.8G       3.7G       126M       5.7M        25M       3.2G

MemTotal:        4016004 kB
MemFree:          132016 kB
Active:           385644 kB
Mem:          3.8G       3.7G       128M       5.7M        25M       3.2G

MemTotal:        4016004 kB
MemFree:          122636 kB
Active:           385672 kB
Mem:          3.8G       3.7G       119M       5.7M        25M       3.2G

MemTotal:        4016004 kB
MemFree:          113688 kB
Active:           385692 kB
Mem:          3.8G       3.7G       111M       5.7M        25M       3.2G

MemTotal:        4016004 kB
MemFree:          105100 kB
Active:           385716 kB
Mem:          3.8G       3.7G       102M       5.7M        25M       3.2G

MemTotal:        4016004 kB
MemFree:          127496 kB
Active:           383740 kB
Mem:          3.8G       3.7G       124M       5.7M        25M       3.2G

MemTotal:        4016004 kB
MemFree:          129420 kB
Active:           383768 kB
Mem:          3.8G       3.7G       126M       5.7M        25M       3.2G

MemTotal:        4016004 kB
MemFree:          114260 kB
Active:           383776 kB
Mem:          3.8G       3.7G       111M       5.7M        25M       3.2G

MemTotal:        4016004 kB
MemFree:          105164 kB
Active:           383812 kB
Mem:          3.8G       3.7G       102M       5.7M        25M       3.2G

MemTotal:        4016004 kB
MemFree:          132852 kB
Active:           383836 kB
Mem:          3.8G       3.7G       129M       5.7M        25M       3.2G

MemTotal:        4016004 kB
MemFree:          124376 kB
Active:           383856 kB
Mem:          3.8G       3.7G       121M       5.7M        25M       3.2G

MemTotal:        4016004 kB
MemFree:          106364 kB
Active:           383880 kB
Mem:          3.8G       3.7G       102M       5.7M        25M       3.2G

MemTotal:        4016004 kB
MemFree:          108980 kB
Active:           383908 kB
Mem:          3.8G       3.7G       106M       5.7M        25M       3.2G

MemTotal:        4016004 kB
MemFree:          116324 kB
Active:           383932 kB
Mem:          3.8G       3.7G       113M       5.7M        25M       3.2G

MemTotal:        4016004 kB
MemFree:          108960 kB
Active:           381692 kB
Mem:          3.8G       3.7G       106M       5.7M        25M       3.2G

MemTotal:        4016004 kB
MemFree:          124796 kB
Active:           381708 kB
Mem:          3.8G       3.7G       121M       5.7M        25M       3.2G

MemTotal:        4016004 kB
MemFree:          116748 kB
Active:           381732 kB
Mem:          3.8G       3.7G       113M       5.7M        25M       3.2G

MemTotal:        4016004 kB
MemFree:          124604 kB
Active:           381760 kB
Mem:          3.8G       3.7G       121M       5.7M        25M       3.2G

MemTotal:        4016004 kB
MemFree:          127316 kB
Active:           381796 kB
Mem:          3.8G       3.7G       124M       5.7M        25M       3.2G

MemTotal:        4016004 kB
MemFree:          125632 kB
Active:           381812 kB
Mem:          3.8G       3.7G       122M       5.7M        25M       3.2G

MemTotal:        4016004 kB
MemFree:          117088 kB
Active:           381836 kB
Mem:          3.8G       3.7G       114M       5.7M        25M       3.2G

MemTotal:        4016004 kB
MemFree:          126188 kB
Active:           381856 kB
Mem:          3.8G       3.7G       122M       5.7M        25M       3.2G

MemTotal:        4016004 kB
MemFree:          126304 kB
Active:           381868 kB
Mem:          3.8G       3.7G       123M       5.7M        25M       3.2G

MemTotal:        4016004 kB
MemFree:          134720 kB
Active:           381896 kB
Mem:          3.8G       3.7G       131M       5.7M        25M       3.2G

MemTotal:        4016004 kB
MemFree:          141516 kB
Active:           380824 kB
Mem:          3.8G       3.7G       138M       5.7M        25M       3.2G

MemTotal:        4016004 kB
MemFree:          133084 kB
Active:           380676 kB
Mem:          3.8G       3.7G       129M       5.7M        25M       3.2G

MemTotal:        4016004 kB
MemFree:          124584 kB
Active:           380748 kB
Mem:          3.8G       3.7G       121M       5.7M        25M       3.2G

MemTotal:        4016004 kB
MemFree:          109384 kB
Active:           380776 kB
Mem:          3.8G       3.7G       106M       5.7M        25M       3.2G

MemTotal:        4016004 kB
MemFree:          130920 kB
Active:           380808 kB
Mem:          3.8G       3.7G       127M       5.7M        25M       3.2G

MemTotal:        4016004 kB
MemFree:          107684 kB
Active:           380828 kB
Mem:          3.8G       3.7G       104M       5.7M        25M       3.2G

MemTotal:        4016004 kB
MemFree:          112004 kB
Active:           380844 kB
Mem:          3.8G       3.7G       109M       5.7M        26M       3.2G

MemTotal:        4016004 kB
MemFree:          131776 kB
Active:           380868 kB
Mem:          3.8G       3.7G       128M       5.7M        26M       3.2G

MemTotal:        4016004 kB
MemFree:          130996 kB
Active:           380872 kB
Mem:          3.8G       3.7G       127M       5.7M        26M       3.2G

MemTotal:        4016004 kB
MemFree:          125872 kB
Active:           380868 kB
Mem:          3.8G       3.7G       122M       5.7M        26M       3.2G

MemTotal:        4016004 kB
MemFree:          117628 kB
Active:           380892 kB
Mem:          3.8G       3.7G       114M       5.7M        26M       3.2G

MemTotal:        4016004 kB
MemFree:          108656 kB
Active:           380916 kB
Mem:          3.8G       3.7G       106M       5.7M        26M       3.2G

MemTotal:        4016004 kB
MemFree:          111972 kB
Active:           369856 kB
Mem:          3.8G       3.7G       108M       5.7M        26M       3.2G

MemTotal:        4016004 kB
MemFree:          130104 kB
Active:           369884 kB
Mem:          3.8G       3.7G       126M       5.7M        26M       3.2G

MemTotal:        4016004 kB
MemFree:          145856 kB
Active:           369908 kB
Mem:          3.8G       3.7G       142M       5.7M        26M       3.2G

MemTotal:        4016004 kB
MemFree:          125656 kB
Active:           369912 kB
Mem:          3.8G       3.7G       122M       5.7M        26M       3.2G

MemTotal:        4016004 kB
MemFree:          109048 kB
Active:           369952 kB
Mem:          3.8G       3.7G       106M       5.7M        26M       3.2G

MemTotal:        4016004 kB
MemFree:          118252 kB
Active:           369988 kB
Mem:          3.8G       3.7G       115M       5.7M        26M       3.2G

MemTotal:        4016004 kB
MemFree:          108728 kB
Active:           370012 kB
Mem:          3.8G       3.7G       105M       5.7M        26M       3.2G

MemTotal:        4016004 kB
MemFree:          123968 kB
Active:           370040 kB
Mem:          3.8G       3.7G       120M       5.7M        26M       3.2G

MemTotal:        4016004 kB
MemFree:          128588 kB
Active:           370064 kB
Mem:          3.8G       3.7G       125M       5.7M        26M       3.2G

MemTotal:        4016004 kB
MemFree:          120016 kB
Active:           370084 kB
Mem:          3.8G       3.7G       116M       5.7M        26M       3.2G

MemTotal:        4016004 kB
MemFree:          111472 kB
Active:           370104 kB
Mem:          3.8G       3.7G       108M       5.7M        26M       3.2G

MemTotal:        4016004 kB
MemFree:          116460 kB
Active:           370136 kB
Mem:          3.8G       3.7G       113M       5.7M        26M       3.2G

MemTotal:        4016004 kB
MemFree:          128644 kB
Active:           368124 kB
Mem:          3.8G       3.7G       125M       5.7M        26M       3.2G

MemTotal:        4016004 kB
MemFree:          144808 kB
Active:           368104 kB
Mem:          3.8G       3.7G       141M       5.7M        26M       3.2G

MemTotal:        4016004 kB
MemFree:          124280 kB
Active:           368168 kB
Mem:          3.8G       3.7G       121M       5.7M        26M       3.2G

MemTotal:        4016004 kB
MemFree:          127852 kB
Active:           368184 kB
Mem:          3.8G       3.7G       124M       5.7M        26M       3.2G

MemTotal:        4016004 kB
MemFree:          125380 kB
Active:           368220 kB
Mem:          3.8G       3.7G       122M       5.7M        26M       3.2G

MemTotal:        4016004 kB
MemFree:          133868 kB
Active:           368240 kB
Mem:          3.8G       3.7G       130M       5.7M        26M       3.2G

MemTotal:        4016004 kB
MemFree:          130508 kB
Active:           368260 kB
Mem:          3.8G       3.7G       127M       5.7M        26M       3.2G

MemTotal:        4016004 kB
MemFree:          129036 kB
Active:           368280 kB
Mem:          3.8G       3.7G       125M       5.7M        26M       3.2G

MemTotal:        4016004 kB
MemFree:          136616 kB
Active:           368304 kB
Mem:          3.8G       3.7G       133M       5.7M        26M       3.2G

MemTotal:        4016004 kB
MemFree:          132368 kB
Active:           368260 kB
Mem:          3.8G       3.7G       129M       5.7M        26M       3.2G

MemTotal:        4016004 kB
MemFree:          133816 kB
Active:           368332 kB
Mem:          3.8G       3.7G       130M       5.7M        26M       3.2G

MemTotal:        4016004 kB
MemFree:          139372 kB
Active:           368328 kB
Mem:          3.8G       3.7G       136M       5.7M        26M       3.2G

MemTotal:        4016004 kB
MemFree:          131888 kB
Active:           368368 kB
Mem:          3.8G       3.7G       139M       5.7M        26M       3.2G

MemTotal:        4016004 kB
MemFree:          138612 kB
Active:           365488 kB
Mem:          3.8G       3.7G       135M       5.7M        26M       3.2G

MemTotal:        4016004 kB
MemFree:          105192 kB
Active:           365332 kB
Mem:          3.8G       3.7G       102M       5.7M        26M       3.2G

MemTotal:        4016004 kB
MemFree:          108320 kB
Active:           365368 kB
Mem:          3.8G       3.7G       105M       5.7M        26M       3.2G

MemTotal:        4016004 kB
MemFree:          123784 kB
Active:           365392 kB
Mem:          3.8G       3.7G       120M       5.7M        26M       3.2G

MemTotal:        4016004 kB
MemFree:          127280 kB
Active:           365412 kB
Mem:          3.8G       3.7G       123M       5.7M        26M       3.2G

MemTotal:        4016004 kB
MemFree:          126816 kB
Active:           365416 kB
Mem:          3.8G       3.7G       123M       5.7M        26M       3.2G

MemTotal:        4016004 kB
MemFree:          106632 kB
Active:           365436 kB
Mem:          3.8G       3.7G       103M       5.7M        26M       3.2G

MemTotal:        4016004 kB
MemFree:          133944 kB
Active:           365480 kB
Mem:          3.8G       3.7G       130M       5.7M        26M       3.2G

MemTotal:        4016004 kB
MemFree:          106416 kB
Active:           365500 kB
Mem:          3.8G       3.7G       103M       5.7M        26M       3.2G

MemTotal:        4016004 kB
MemFree:          134284 kB
Active:           365520 kB
Mem:          3.8G       3.7G       131M       5.7M        26M       3.2G

MemTotal:        4016004 kB
MemFree:          126360 kB
Active:           365544 kB
Mem:          3.8G       3.7G       122M       5.7M        26M       3.2G

MemTotal:        4016004 kB
MemFree:          130848 kB
Active:           365572 kB
Mem:          3.8G       3.7G       127M       5.7M        26M       3.2G

MemTotal:        4016004 kB
MemFree:          134140 kB
Active:           365592 kB
Mem:          3.8G       3.7G       130M       5.7M        26M       3.2G

MemTotal:        4016004 kB
MemFree:          139864 kB
Active:           365620 kB
Mem:          3.8G       3.7G       136M       5.7M        26M       3.2G

MemTotal:        4016004 kB
MemFree:          131600 kB
Active:           365640 kB
Mem:          3.8G       3.7G       128M       5.7M        26M       3.2G

MemTotal:        4016004 kB
MemFree:          127592 kB
Active:           362480 kB
Mem:          3.8G       3.7G       124M       5.7M        26M       3.2G

MemTotal:        4016004 kB
MemFree:          132784 kB
Active:           362412 kB
Mem:          3.8G       3.7G       129M       5.7M        26M       3.2G

MemTotal:        4016004 kB
MemFree:          122580 kB
Active:           362432 kB
Mem:          3.8G       3.7G       119M       5.7M        26M       3.2G

MemTotal:        4016004 kB
MemFree:          134740 kB
Active:           362456 kB
Mem:          3.8G       3.7G       131M       5.7M        26M       3.2G

MemTotal:        4016004 kB
MemFree:          108180 kB
Active:           362484 kB
Mem:          3.8G       3.7G       105M       5.7M        26M       3.2G

MemTotal:        4016004 kB
MemFree:          135388 kB
Active:           362504 kB
Mem:          3.8G       3.7G       132M       5.7M        26M       3.2G

MemTotal:        4016004 kB
MemFree:          151652 kB
Active:           362532 kB
Mem:          3.8G       3.7G       147M       5.7M        27M       3.2G

MemTotal:        4016004 kB
MemFree:          106676 kB
Active:           362556 kB
Mem:          3.8G       3.7G       104M       5.7M        27M       3.2G

MemTotal:        4016004 kB
MemFree:          134368 kB
Active:           362576 kB
Mem:          3.8G       3.7G       131M       5.7M        27M       3.2G

MemTotal:        4016004 kB
MemFree:          125868 kB
Active:           362600 kB
Mem:          3.8G       3.7G       122M       5.7M        27M       3.2G

MemTotal:        4016004 kB
MemFree:          128476 kB
Active:           362620 kB
Mem:          3.8G       3.7G       125M       5.7M        27M       3.2G

MemTotal:        4016004 kB
MemFree:          107052 kB
Active:           362656 kB
Mem:          3.8G       3.7G       104M       5.7M        27M       3.2G

MemTotal:        4016004 kB
MemFree:          127696 kB
Active:           362676 kB
Mem:          3.8G       3.7G       124M       5.7M        27M       3.2G

MemTotal:        4016004 kB
MemFree:          126120 kB
Active:           361660 kB
Mem:          3.8G       3.7G       123M       5.7M        27M       3.2G

MemTotal:        4016004 kB
MemFree:          106456 kB
Active:           363636 kB
Mem:          3.8G       3.7G       103M       5.7M        27M       3.2G

MemTotal:        4016004 kB
MemFree:          135416 kB
Active:           361048 kB
Mem:          3.8G       3.7G       132M       5.7M        27M       3.2G

MemTotal:        4016004 kB
MemFree:          135920 kB
Active:           361024 kB
Mem:          3.8G       3.7G       132M       5.7M        27M       3.2G

MemTotal:        4016004 kB
MemFree:          130920 kB
Active:           361060 kB
Mem:          3.8G       3.7G       127M       5.7M        27M       3.2G

MemTotal:        4016004 kB
MemFree:          113884 kB
Active:           359428 kB
Mem:          3.8G       3.7G       110M       5.7M        27M       3.2G

MemTotal:        4016004 kB
MemFree:          128824 kB
Active:           359232 kB
Mem:          3.8G       3.7G       125M       5.7M        27M       3.2G

MemTotal:        4016004 kB
MemFree:          121364 kB
Active:           359228 kB
Mem:          3.8G       3.7G       118M       5.7M        27M       3.2G

MemTotal:        4016004 kB
MemFree:          112092 kB
Active:           359284 kB
Mem:          3.8G       3.7G       109M       5.7M        27M       3.2G

MemTotal:        4016004 kB
MemFree:          127560 kB
Active:           359304 kB
Mem:          3.8G       3.7G       124M       5.7M        27M       3.2G

MemTotal:        4016004 kB
MemFree:          124764 kB
Active:           359328 kB
Mem:          3.8G       3.7G       121M       5.7M        27M       3.2G

MemTotal:        4016004 kB
MemFree:          121860 kB
Active:           359356 kB
Mem:          3.8G       3.7G       118M       5.7M        27M       3.2G

MemTotal:        4016004 kB
MemFree:          134948 kB
Active:           359384 kB
Mem:          3.8G       3.7G       131M       5.7M        27M       3.2G

MemTotal:        4016004 kB
MemFree:          134840 kB
Active:           359364 kB
Mem:          3.8G       3.7G       131M       5.7M        27M       3.2G

MemTotal:        4016004 kB
MemFree:          134720 kB
Active:           359408 kB
Mem:          3.8G       3.7G       131M       5.7M        27M       3.2G

MemTotal:        4016004 kB
MemFree:          123776 kB
Active:           359360 kB
Mem:          3.8G       3.7G       120M       5.7M        27M       3.2G

MemTotal:        4016004 kB
MemFree:          114132 kB
Active:           359428 kB
Mem:          3.8G       3.7G       111M       5.7M        27M       3.2G

MemTotal:        4016004 kB
MemFree:          106612 kB
Active:           359448 kB
Mem:          3.8G       3.7G       103M       5.7M        27M       3.2G

MemTotal:        4016004 kB
MemFree:          122264 kB
Active:           359472 kB
Mem:          3.8G       3.7G       119M       5.7M        27M       3.2G

MemTotal:        4016004 kB
MemFree:          142868 kB
Active:           359500 kB
Mem:          3.8G       3.7G       139M       5.7M        27M       3.2G

MemTotal:        4016004 kB
MemFree:          118756 kB
Active:           359372 kB
Mem:          3.8G       3.7G       116M       5.7M        27M       3.2G

MemTotal:        4016004 kB
MemFree:          118912 kB
Active:           359172 kB
Mem:          3.8G       3.7G       115M       5.7M        27M       3.2G

MemTotal:        4016004 kB
MemFree:          118912 kB
Active:           359208 kB
Mem:          3.8G       3.7G       115M       5.7M        27M       3.2G

MemTotal:        4016004 kB
MemFree:          118912 kB
Active:           359216 kB
Mem:          3.8G       3.7G       115M       5.7M        27M       3.2G

MemTotal:        4016004 kB
MemFree:          118912 kB
Active:           359180 kB
Mem:          3.8G       3.7G       115M       5.7M        27M       3.2G

MemTotal:        4016004 kB
MemFree:          118664 kB
Active:           359188 kB
Mem:          3.8G       3.7G       115M       5.7M        27M       3.2G

MemTotal:        4016004 kB
MemFree:          118664 kB
Active:           359192 kB
Mem:          3.8G       3.7G       115M       5.7M        27M       3.2G

MemTotal:        4016004 kB
MemFree:          118664 kB
Active:           359188 kB
Mem:          3.8G       3.7G       115M       5.7M        27M       3.2G

MemTotal:        4016004 kB
MemFree:          118664 kB
Active:           359224 kB
Mem:          3.8G       3.7G       115M       5.7M        27M       3.2G

MemTotal:        4016004 kB
MemFree:          118788 kB
Active:           359228 kB
Mem:          3.8G       3.7G       115M       5.7M        27M       3.2G

MemTotal:        4016004 kB
MemFree:          118788 kB
Active:           359172 kB
Mem:          3.8G       3.7G       115M       5.7M        27M       3.2G

MemTotal:        4016004 kB
MemFree:          118664 kB
Active:           359176 kB
Mem:          3.8G       3.7G       115M       5.7M        27M       3.2G

MemTotal:        4016004 kB
MemFree:          118664 kB
Active:           359216 kB
Mem:          3.8G       3.7G       115M       5.7M        27M       3.2G

MemTotal:        4016004 kB
MemFree:          118664 kB
Active:           359220 kB
Mem:          3.8G       3.7G       115M       5.7M        27M       3.2G

MemTotal:        4016004 kB
MemFree:          118788 kB
Active:           359176 kB
Mem:          3.8G       3.7G       115M       5.7M        27M       3.2G

MemTotal:        4016004 kB
MemFree:          118788 kB
Active:           359232 kB
Mem:          3.8G       3.7G       115M       5.7M        27M       3.2G

MemTotal:        4016004 kB
MemFree:          118664 kB
Active:           359236 kB
Mem:          3.8G       3.7G       115M       5.7M        27M       3.2G

MemTotal:        4016004 kB
MemFree:          118664 kB
Active:           359192 kB
Mem:          3.8G       3.7G       115M       5.7M        27M       3.2G

MemTotal:        4016004 kB
MemFree:          118540 kB
Active:           359196 kB
Mem:          3.8G       3.7G       115M       5.7M        27M       3.2G

MemTotal:        4016004 kB
MemFree:          118664 kB
Active:           359196 kB
Mem:          3.8G       3.7G       115M       5.7M        27M       3.2G

MemTotal:        4016004 kB
MemFree:          118664 kB
Active:           359204 kB
Mem:          3.8G       3.7G       115M       5.7M        27M       3.2G

MemTotal:        4016004 kB
MemFree:          118664 kB
Active:           359224 kB
Mem:          3.8G       3.7G       115M       5.7M        27M       3.2G

MemTotal:        4016004 kB
MemFree:          118664 kB
Active:           359248 kB
Mem:          3.8G       3.7G       115M       5.7M        27M       3.2G

MemTotal:        4016004 kB
MemFree:          118540 kB
Active:           359252 kB
Mem:          3.8G       3.7G       115M       5.7M        27M       3.2G

MemTotal:        4016004 kB
MemFree:          118540 kB
Active:           359208 kB
Mem:          3.8G       3.7G       115M       5.7M        27M       3.2G

MemTotal:        4016004 kB
MemFree:          118372 kB
Active:           359252 kB
Mem:          3.8G       3.7G       115M       5.7M        27M       3.2G

MemTotal:        4016004 kB
MemFree:          118432 kB
Active:           359256 kB
Mem:          3.8G       3.7G       115M       5.7M        27M       3.2G

MemTotal:        4016004 kB
MemFree:          118128 kB
Active:           359268 kB
Mem:          3.8G       3.7G       115M       5.7M        27M       3.2G

MemTotal:        4016004 kB
MemFree:          118472 kB
Active:           359260 kB
Mem:          3.8G       3.7G       115M       5.7M        27M       3.2G

MemTotal:        4016004 kB
MemFree:          118596 kB
Active:           359220 kB
Mem:          3.8G       3.7G       115M       5.7M        27M       3.2G

MemTotal:        4016004 kB
MemFree:          118720 kB
Active:           359248 kB
Mem:          3.8G       3.7G       115M       5.7M        27M       3.2G

MemTotal:        4016004 kB
MemFree:          118596 kB
Active:           359220 kB
Mem:          3.8G       3.7G       115M       5.7M        27M       3.2G

MemTotal:        4016004 kB
MemFree:          115168 kB
Active:           361472 kB
Mem:          3.8G       3.7G       112M       5.7M        29M       3.2G

MemTotal:        4016004 kB
MemFree:          115588 kB
Active:           361528 kB
Mem:          3.8G       3.7G       112M       5.7M        29M       3.2G

MemTotal:        4016004 kB
MemFree:          115588 kB
Active:           361516 kB
Mem:          3.8G       3.7G       112M       5.7M        29M       3.2G

MemTotal:        4016004 kB
MemFree:          115092 kB
Active:           361576 kB
Mem:          3.8G       3.7G       112M       5.7M        29M       3.2G

MemTotal:        4016004 kB
MemFree:          115588 kB
Active:           361536 kB
Mem:          3.8G       3.7G       112M       5.7M        29M       3.2G

MemTotal:        4016004 kB
MemFree:          115612 kB
Active:           361532 kB
Mem:          3.8G       3.7G       112M       5.7M        29M       3.2G

MemTotal:        4016004 kB
MemFree:          115488 kB
Active:           361540 kB
Mem:          3.8G       3.7G       112M       5.7M        29M       3.2G

MemTotal:        4016004 kB
MemFree:          115488 kB
Active:           361540 kB
Mem:          3.8G       3.7G       112M       5.7M        29M       3.2G

MemTotal:        4016004 kB
MemFree:          113440 kB
Active:           361552 kB
Mem:          3.8G       3.7G       110M       5.7M        29M       3.2G

MemTotal:        4016004 kB
MemFree:          113564 kB
Active:           363572 kB
Mem:          3.8G       3.7G       110M       5.7M        29M       3.2G

MemTotal:        4016004 kB
MemFree:          113564 kB
Active:           363620 kB
Mem:          3.8G       3.7G       110M       5.7M        29M       3.2G

MemTotal:        4016004 kB
MemFree:          113440 kB
Active:           363632 kB
Mem:          3.8G       3.7G       110M       5.7M        29M       3.2G

MemTotal:        4016004 kB
MemFree:          113564 kB
Active:           363584 kB
Mem:          3.8G       3.7G       110M       5.7M        29M       3.2G

MemTotal:        4016004 kB
MemFree:          113564 kB
Active:           363600 kB
Mem:          3.8G       3.7G       110M       5.7M        29M       3.2G

MemTotal:        4016004 kB
MemFree:          113564 kB
Active:           363584 kB
Mem:          3.8G       3.7G       110M       5.7M        29M       3.2G

MemTotal:        4016004 kB
MemFree:          113572 kB
Active:           363632 kB
Mem:          3.8G       3.7G       110M       5.7M        29M       3.2G

MemTotal:        4016004 kB
MemFree:          113448 kB
Active:           363596 kB
Mem:          3.8G       3.7G       110M       5.7M        29M       3.2G

MemTotal:        4016004 kB
MemFree:          113448 kB
Active:           363600 kB
Mem:          3.8G       3.7G       110M       5.7M        29M       3.2G

MemTotal:        4016004 kB
MemFree:          113448 kB
Active:           363640 kB
Mem:          3.8G       3.7G       110M       5.7M        29M       3.2G

MemTotal:        4016004 kB
MemFree:          113448 kB
Active:           363612 kB
Mem:          3.8G       3.7G       110M       5.7M        29M       3.2G

MemTotal:        4016004 kB
MemFree:          113076 kB
Active:           363664 kB
Mem:          3.8G       3.7G       110M       5.7M        29M       3.2G

MemTotal:        4016004 kB
MemFree:          113200 kB
Active:           363660 kB
Mem:          3.8G       3.7G       110M       5.7M        29M       3.2G

MemTotal:        4016004 kB
MemFree:          113572 kB
Active:           363612 kB
Mem:          3.8G       3.7G       110M       5.7M        29M       3.2G

MemTotal:        4016004 kB
MemFree:          113572 kB
Active:           363656 kB
Mem:          3.8G       3.7G       110M       5.7M        29M       3.2G

MemTotal:        4016004 kB
MemFree:          113448 kB
Active:           363660 kB
Mem:          3.8G       3.7G       110M       5.7M        29M       3.2G

MemTotal:        4016004 kB
MemFree:          113448 kB
Active:           363612 kB
Mem:          3.8G       3.7G       110M       5.7M        29M       3.2G

MemTotal:        4016004 kB
MemFree:          113076 kB
Active:           363676 kB
Mem:          3.8G       3.7G       110M       5.7M        29M       3.2G

MemTotal:        4016004 kB
MemFree:          113448 kB
Active:           363628 kB
Mem:          3.8G       3.7G       110M       5.7M        29M       3.2G

MemTotal:        4016004 kB
MemFree:          113448 kB
Active:           363636 kB
Mem:          3.8G       3.7G       110M       5.7M        29M       3.2G

MemTotal:        4016004 kB
MemFree:          113572 kB
Active:           363624 kB
Mem:          3.8G       3.7G       110M       5.7M        29M       3.2G

MemTotal:        4016004 kB
MemFree:          113448 kB
Active:           363644 kB
Mem:          3.8G       3.7G       110M       5.7M        29M       3.2G

MemTotal:        4016004 kB
MemFree:          113448 kB
Active:           363624 kB
Mem:          3.8G       3.7G       110M       5.7M        29M       3.2G

MemTotal:        4016004 kB
MemFree:          113324 kB
Active:           363664 kB
Mem:          3.8G       3.7G       110M       5.7M        29M       3.2G

MemTotal:        4016004 kB
MemFree:          113324 kB
Active:           363676 kB
Mem:          3.8G       3.7G       110M       5.7M        29M       3.2G

MemTotal:        4016004 kB
MemFree:          112952 kB
Active:           363716 kB
Mem:          3.8G       3.7G       110M       5.7M        29M       3.2G

MemTotal:        4016004 kB
MemFree:          113432 kB
Active:           363684 kB
Mem:          3.8G       3.7G       110M       5.7M        29M       3.2G

MemTotal:        4016004 kB
MemFree:          113308 kB
Active:           363696 kB
Mem:          3.8G       3.7G       110M       5.7M        29M       3.2G

MemTotal:        4016004 kB
MemFree:          113308 kB
Active:           363732 kB
Mem:          3.8G       3.7G       110M       5.7M        29M       3.2G

MemTotal:        4016004 kB
MemFree:          113308 kB
Active:           363708 kB
Mem:          3.8G       3.7G       110M       5.7M        29M       3.2G

MemTotal:        4016004 kB
MemFree:          113308 kB
Active:           363728 kB
Mem:          3.8G       3.7G       110M       5.7M        29M       3.2G

MemTotal:        4016004 kB
MemFree:          113308 kB
Active:           363692 kB
Mem:          3.8G       3.7G       110M       5.7M        29M       3.2G

MemTotal:        4016004 kB
MemFree:          113308 kB
Active:           363688 kB
Mem:          3.8G       3.7G       110M       5.7M        29M       3.2G

MemTotal:        4016004 kB
MemFree:          113308 kB
Active:           363736 kB
Mem:          3.8G       3.7G       110M       5.7M        29M       3.2G

MemTotal:        4016004 kB
MemFree:          113060 kB
Active:           363744 kB
Mem:          3.8G       3.7G       110M       5.7M        29M       3.2G

MemTotal:        4016004 kB
MemFree:          113308 kB
Active:           363732 kB
Mem:          3.8G       3.7G       110M       5.7M        29M       3.2G

MemTotal:        4016004 kB
MemFree:          113308 kB
Active:           363700 kB
Mem:          3.8G       3.7G       110M       5.7M        29M       3.2G

MemTotal:        4016004 kB
MemFree:          113308 kB
Active:           363704 kB
Mem:          3.8G       3.7G       110M       5.7M        29M       3.2G

MemTotal:        4016004 kB
MemFree:          112936 kB
Active:           363756 kB
Mem:          3.8G       3.7G       110M       5.7M        29M       3.2G

MemTotal:        4016004 kB
MemFree:          113308 kB
Active:           363708 kB
Mem:          3.8G       3.7G       110M       5.7M        29M       3.2G

MemTotal:        4016004 kB
MemFree:          113184 kB
Active:           363700 kB
Mem:          3.8G       3.7G       110M       5.7M        29M       3.2G

MemTotal:        4016004 kB
MemFree:          113308 kB
Active:           363748 kB
Mem:          3.8G       3.7G       110M       5.7M        29M       3.2G

MemTotal:        4016004 kB
MemFree:          113324 kB
Active:           363740 kB
Mem:          3.8G       3.7G       110M       5.7M        29M       3.2G

MemTotal:        4016004 kB
MemFree:          113200 kB
Active:           363696 kB
Mem:          3.8G       3.7G       110M       5.7M        29M       3.2G

MemTotal:        4016004 kB
MemFree:          113324 kB
Active:           363740 kB
Mem:          3.8G       3.7G       110M       5.7M        29M       3.2G

MemTotal:        4016004 kB
MemFree:          113324 kB
Active:           363704 kB
Mem:          3.8G       3.7G       110M       5.7M        29M       3.2G

MemTotal:        4016004 kB
MemFree:          113200 kB
Active:           363760 kB
Mem:          3.8G       3.7G       110M       5.7M        29M       3.2G

MemTotal:        4016004 kB
MemFree:          113200 kB
Active:           363740 kB
Mem:          3.8G       3.7G       110M       5.7M        29M       3.2G

MemTotal:        4016004 kB
MemFree:          113200 kB
Active:           363716 kB
Mem:          3.8G       3.7G       110M       5.7M        29M       3.2G

MemTotal:        4016004 kB
MemFree:          113200 kB
Active:           363760 kB
Mem:          3.8G       3.7G       110M       5.7M        29M       3.2G

MemTotal:        4016004 kB
MemFree:          113324 kB
Active:           363760 kB
Mem:          3.8G       3.7G       110M       5.7M        29M       3.2G

MemTotal:        4016004 kB
MemFree:          113200 kB
Active:           363760 kB
Mem:          3.8G       3.7G       110M       5.7M        29M       3.2G

MemTotal:        4016004 kB
MemFree:          112828 kB
Active:           363780 kB
Mem:          3.8G       3.7G       110M       5.7M        29M       3.2G

MemTotal:        4016004 kB
MemFree:          112952 kB
Active:           363724 kB
Mem:          3.8G       3.7G       110M       5.7M        29M       3.2G

MemTotal:        4016004 kB
MemFree:          113324 kB
Active:           363760 kB
Mem:          3.8G       3.7G       110M       5.7M        29M       3.2G

MemTotal:        4016004 kB
MemFree:          113324 kB
Active:           363724 kB
Mem:          3.8G       3.7G       110M       5.7M        29M       3.2G

MemTotal:        4016004 kB
MemFree:          113324 kB
Active:           363728 kB
Mem:          3.8G       3.7G       110M       5.7M        29M       3.2G

MemTotal:        4016004 kB
MemFree:          113324 kB
Active:           363728 kB
Mem:          3.8G       3.7G       110M       5.7M        29M       3.2G

MemTotal:        4016004 kB
MemFree:          113200 kB
Active:           363744 kB
Mem:          3.8G       3.7G       110M       5.7M        29M       3.2G

MemTotal:        4016004 kB
MemFree:          113200 kB
Active:           363744 kB
Mem:          3.8G       3.7G       110M       5.7M        29M       3.2G

MemTotal:        4016004 kB
MemFree:          112828 kB
Active:           363788 kB
Mem:          3.8G       3.7G       110M       5.7M        29M       3.2G

MemTotal:        4016004 kB
MemFree:          113324 kB
Active:           363784 kB
Mem:          3.8G       3.7G       110M       5.7M        29M       3.2G

MemTotal:        4016004 kB
MemFree:          113200 kB
Active:           363776 kB
Mem:          3.8G       3.7G       110M       5.7M        29M       3.2G

MemTotal:        4016004 kB
MemFree:          113076 kB
Active:           363744 kB
Mem:          3.8G       3.7G       110M       5.7M        29M       3.2G

MemTotal:        4016004 kB
MemFree:          112828 kB
Active:           363800 kB
Mem:          3.8G       3.7G       110M       5.7M        29M       3.2G

MemTotal:        4016004 kB
MemFree:          113200 kB
Active:           363764 kB
Mem:          3.8G       3.7G       110M       5.7M        29M       3.2G

MemTotal:        4016004 kB
MemFree:          112952 kB
Active:           363804 kB
Mem:          3.8G       3.7G       110M       5.7M        29M       3.2G

MemTotal:        4016004 kB
MemFree:          113076 kB
Active:           363752 kB
Mem:          3.8G       3.7G       110M       5.7M        29M       3.2G

MemTotal:        4016004 kB
MemFree:          113200 kB
Active:           363772 kB
Mem:          3.8G       3.7G       110M       5.7M        29M       3.2G

MemTotal:        4016004 kB
MemFree:          113200 kB
Active:           363760 kB
Mem:          3.8G       3.7G       110M       5.7M        29M       3.2G

MemTotal:        4016004 kB
MemFree:          113200 kB
Active:           363764 kB
Mem:          3.8G       3.7G       110M       5.7M        29M       3.2G

MemTotal:        4016004 kB
MemFree:          112952 kB
Active:           363812 kB
Mem:          3.8G       3.7G       110M       5.7M        29M       3.2G

MemTotal:        4016004 kB
MemFree:          113076 kB
Active:           363800 kB
Mem:          3.8G       3.7G       110M       5.7M        29M       3.2G

MemTotal:        4016004 kB
MemFree:          113200 kB
Active:           363780 kB
Mem:          3.8G       3.7G       110M       5.7M        29M       3.2G

MemTotal:        4016004 kB
MemFree:          113200 kB
Active:           363760 kB
Mem:          3.8G       3.7G       110M       5.7M        29M       3.2G

MemTotal:        4016004 kB
MemFree:          113200 kB
Active:           363772 kB
Mem:          3.8G       3.7G       110M       5.7M        29M       3.2G

MemTotal:        4016004 kB
MemFree:          112828 kB
Active:           363816 kB
Mem:          3.8G       3.7G       110M       5.7M        29M       3.2G

MemTotal:        4016004 kB
MemFree:          113200 kB
Active:           363776 kB
Mem:          3.8G       3.7G       110M       5.7M        29M       3.2G

MemTotal:        4016004 kB
MemFree:          113200 kB
Active:           363772 kB
Mem:          3.8G       3.7G       110M       5.7M        29M       3.2G

MemTotal:        4016004 kB
MemFree:          113200 kB
Active:           363772 kB
Mem:          3.8G       3.7G       110M       5.7M        29M       3.2G

MemTotal:        4016004 kB
MemFree:          113200 kB
Active:           363800 kB
Mem:          3.8G       3.7G       110M       5.7M        29M       3.2G

MemTotal:        4016004 kB
MemFree:          113200 kB
Active:           363768 kB
Mem:          3.8G       3.7G       110M       5.7M        29M       3.2G

MemTotal:        4016004 kB
MemFree:          113200 kB
Active:           363820 kB
Mem:          3.8G       3.7G       110M       5.7M        29M       3.2G

MemTotal:        4016004 kB
MemFree:          113200 kB
Active:           363800 kB
Mem:          3.8G       3.7G       110M       5.7M        29M       3.2G

MemTotal:        4016004 kB
MemFree:          113200 kB
Active:           363816 kB
Mem:          3.8G       3.7G       110M       5.7M        29M       3.2G

MemTotal:        4016004 kB
MemFree:          113200 kB
Active:           363788 kB
Mem:          3.8G       3.7G       110M       5.7M        29M       3.2G

MemTotal:        4016004 kB
MemFree:          113076 kB
Active:           363824 kB
Mem:          3.8G       3.7G       110M       5.7M        29M       3.2G

MemTotal:        4016004 kB
MemFree:          112828 kB
Active:           363840 kB
Mem:          3.8G       3.7G       110M       5.7M        29M       3.2G

MemTotal:        4016004 kB
MemFree:          113076 kB
Active:           363840 kB
Mem:          3.8G       3.7G       110M       5.7M        29M       3.2G

MemTotal:        4016004 kB
MemFree:          113200 kB
Active:           363832 kB
Mem:          3.8G       3.7G       110M       5.7M        29M       3.2G

MemTotal:        4016004 kB
MemFree:          112828 kB
Active:           363840 kB
Mem:          3.8G       3.7G       110M       5.7M        29M       3.2G

MemTotal:        4016004 kB
MemFree:          112828 kB
Active:           363840 kB
Mem:          3.8G       3.7G       110M       5.7M        29M       3.2G

MemTotal:        4016004 kB
MemFree:          113200 kB
Active:           363836 kB
Mem:          3.8G       3.7G       110M       5.7M        29M       3.2G

MemTotal:        4016004 kB
MemFree:          113200 kB
Active:           363808 kB
Mem:          3.8G       3.7G       110M       5.7M        29M       3.2G

MemTotal:        4016004 kB
MemFree:          113076 kB
Active:           363848 kB
Mem:          3.8G       3.7G       110M       5.7M        29M       3.2G

MemTotal:        4016004 kB
MemFree:          112828 kB
Active:           363856 kB
Mem:          3.8G       3.7G       110M       5.7M        29M       3.2G

MemTotal:        4016004 kB
MemFree:          113076 kB
Active:           363808 kB
Mem:          3.8G       3.7G       110M       5.7M        29M       3.2G

MemTotal:        4016004 kB
MemFree:          113076 kB
Active:           363856 kB
Mem:          3.8G       3.7G       110M       5.7M        29M       3.2G

MemTotal:        4016004 kB
MemFree:          113076 kB
Active:           363848 kB
Mem:          3.8G       3.7G       110M       5.7M        29M       3.2G

MemTotal:        4016004 kB
MemFree:          113200 kB
Active:           363820 kB
Mem:          3.8G       3.7G       110M       5.7M        29M       3.2G

MemTotal:        4016004 kB
MemFree:          113200 kB
Active:           363820 kB
Mem:          3.8G       3.7G       110M       5.7M        29M       3.2G

MemTotal:        4016004 kB
MemFree:          113200 kB
Active:           363852 kB
Mem:          3.8G       3.7G       110M       5.7M        29M       3.2G

MemTotal:        4016004 kB
MemFree:          113076 kB
Active:           363816 kB
Mem:          3.8G       3.7G       110M       5.7M        29M       3.2G

MemTotal:        4016004 kB
MemFree:          113200 kB
Active:           363864 kB
Mem:          3.8G       3.7G       110M       5.7M        29M       3.2G

MemTotal:        4016004 kB
MemFree:          113076 kB
Active:           363816 kB
Mem:          3.8G       3.7G       110M       5.7M        29M       3.2G

MemTotal:        4016004 kB
MemFree:          113200 kB
Active:           363868 kB
Mem:          3.8G       3.7G       110M       5.7M        29M       3.2G

MemTotal:        4016004 kB
MemFree:          113200 kB
Active:           363848 kB
Mem:          3.8G       3.7G       110M       5.7M        29M       3.2G

MemTotal:        4016004 kB
MemFree:          112828 kB
Active:           363880 kB
Mem:          3.8G       3.7G       110M       5.7M        29M       3.2G

MemTotal:        4016004 kB
MemFree:          113200 kB
Active:           363836 kB
Mem:          3.8G       3.7G       110M       5.7M        29M       3.2G

MemTotal:        4016004 kB
MemFree:          113076 kB
Active:           363872 kB
Mem:          3.8G       3.7G       110M       5.7M        29M       3.2G

MemTotal:        4016004 kB
MemFree:          113200 kB
Active:           363836 kB
Mem:          3.8G       3.7G       110M       5.7M        29M       3.2G

MemTotal:        4016004 kB
MemFree:          113200 kB
Active:           363880 kB
Mem:          3.8G       3.7G       110M       5.7M        29M       3.2G

MemTotal:        4016004 kB
MemFree:          113200 kB
Active:           363836 kB
Mem:          3.8G       3.7G       110M       5.7M        29M       3.2G

MemTotal:        4016004 kB
MemFree:          113200 kB
Active:           363880 kB
Mem:          3.8G       3.7G       110M       5.7M        29M       3.2G

MemTotal:        4016004 kB
MemFree:          113200 kB
Active:           363836 kB
Mem:          3.8G       3.7G       110M       5.7M        29M       3.2G

MemTotal:        4016004 kB
MemFree:          113200 kB
Active:           363840 kB
Mem:          3.8G       3.7G       110M       5.7M        29M       3.2G

MemTotal:        4016004 kB
MemFree:          113076 kB
Active:           363840 kB
Mem:          3.8G       3.7G       109M       5.7M        29M       3.2G

MemTotal:        4016004 kB
MemFree:          112952 kB
Active:           363892 kB
Mem:          3.8G       3.7G       110M       5.7M        29M       3.2G

MemTotal:        4016004 kB
MemFree:          112704 kB
Active:           363896 kB
Mem:          3.8G       3.7G       110M       5.7M        29M       3.2G

MemTotal:        4016004 kB
MemFree:          113200 kB
Active:           363844 kB
Mem:          3.8G       3.7G       110M       5.7M        29M       3.2G

MemTotal:        4016004 kB
MemFree:          113076 kB
Active:           363900 kB
Mem:          3.8G       3.7G       110M       5.7M        29M       3.2G

MemTotal:        4016004 kB
MemFree:          113076 kB
Active:           363896 kB
Mem:          3.8G       3.7G       109M       5.7M        29M       3.2G

MemTotal:        4016004 kB
MemFree:          112704 kB
Active:           363908 kB
Mem:          3.8G       3.7G       110M       5.7M        29M       3.2G

MemTotal:        4016004 kB
MemFree:          113200 kB
Active:           363860 kB
Mem:          3.8G       3.7G       110M       5.7M        29M       3.2G

MemTotal:        4016004 kB
MemFree:          113200 kB
Active:           363852 kB
Mem:          3.8G       3.7G       110M       5.7M        29M       3.2G

MemTotal:        4016004 kB
MemFree:          113076 kB
Active:           363852 kB
Mem:          3.8G       3.7G       110M       5.7M        29M       3.2G

MemTotal:        4016004 kB
MemFree:          112704 kB
Active:           363916 kB
Mem:          3.8G       3.7G       110M       5.7M        29M       3.2G

MemTotal:        4016004 kB
MemFree:          112828 kB
Active:           363864 kB
Mem:          3.8G       3.7G       109M       5.7M        29M       3.2G

MemTotal:        4016004 kB
MemFree:          113076 kB
Active:           363864 kB
Mem:          3.8G       3.7G       110M       5.7M        29M       3.2G

MemTotal:        4016004 kB
MemFree:          112952 kB
Active:           363916 kB
Mem:          3.8G       3.7G       110M       5.7M        29M       3.2G

MemTotal:        4016004 kB
MemFree:          112704 kB
Active:           363920 kB
Mem:          3.8G       3.7G       110M       5.7M        29M       3.2G

MemTotal:        4016004 kB
MemFree:          112828 kB
Active:           363912 kB
Mem:          3.8G       3.7G       110M       5.7M        29M       3.2G

MemTotal:        4016004 kB
MemFree:          113076 kB
Active:           363916 kB
Mem:          3.8G       3.7G       110M       5.7M        29M       3.2G

MemTotal:        4016004 kB
MemFree:          113076 kB
Active:           363920 kB
Mem:          3.8G       3.7G       110M       5.7M        29M       3.2G

MemTotal:        4016004 kB
MemFree:          112704 kB
Active:           363928 kB
Mem:          3.8G       3.7G       110M       5.7M        29M       3.2G

MemTotal:        4016004 kB
MemFree:          112828 kB
Active:           363920 kB
Mem:          3.8G       3.7G       109M       5.7M        29M       3.2G

MemTotal:        4016004 kB
MemFree:          113076 kB
Active:           363892 kB
Mem:          3.8G       3.7G       110M       5.7M        29M       3.2G

MemTotal:        4016004 kB
MemFree:          113076 kB
Active:           363916 kB
Mem:          3.8G       3.7G       109M       5.7M        29M       3.2G

MemTotal:        4016004 kB
MemFree:          112952 kB
Active:           363872 kB
Mem:          3.8G       3.7G       110M       5.7M        29M       3.2G

MemTotal:        4016004 kB
MemFree:          113076 kB
Active:           363904 kB
Mem:          3.8G       3.7G       110M       5.7M        29M       3.2G

MemTotal:        4016004 kB
MemFree:          113076 kB
Active:           363920 kB
Mem:          3.8G       3.7G       110M       5.7M        29M       3.2G

MemTotal:        4016004 kB
MemFree:          113076 kB
Active:           363876 kB
Mem:          3.8G       3.7G       109M       5.7M        29M       3.2G

MemTotal:        4016004 kB
MemFree:          112704 kB
Active:           363932 kB
Mem:          3.8G       3.7G       110M       5.7M        29M       3.2G

MemTotal:        4016004 kB
MemFree:          113076 kB
Active:           363880 kB
Mem:          3.8G       3.7G       109M       5.7M        29M       3.2G

MemTotal:        4016004 kB
MemFree:          112580 kB
Active:           363932 kB
Mem:          3.8G       3.7G       109M       5.7M        29M       3.2G

MemTotal:        4016004 kB
MemFree:          112952 kB
Active:           363876 kB
Mem:          3.8G       3.7G       110M       5.7M        29M       3.2G

MemTotal:        4016004 kB
MemFree:          113076 kB
Active:           363928 kB
Mem:          3.8G       3.7G       110M       5.7M        29M       3.2G

MemTotal:        4016004 kB
MemFree:          112876 kB
Active:           363740 kB
Mem:          3.8G       3.7G       109M       5.7M        29M       3.2G

MemTotal:        4016004 kB
MemFree:          113000 kB
Active:           363700 kB
Mem:          3.8G       3.7G       110M       5.7M        29M       3.2G

MemTotal:        4016004 kB
MemFree:          113248 kB
Active:           363724 kB
Mem:          3.8G       3.7G       110M       5.7M        29M       3.2G

MemTotal:        4016004 kB
MemFree:          113248 kB
Active:           363696 kB
Mem:          3.8G       3.7G       110M       5.7M        29M       3.2G

MemTotal:        4016004 kB
MemFree:          112876 kB
Active:           363748 kB
Mem:          3.8G       3.7G       110M       5.7M        29M       3.2G

MemTotal:        4016004 kB
MemFree:          113124 kB
Active:           363716 kB
Mem:          3.8G       3.7G       110M       5.7M        29M       3.2G

MemTotal:        4016004 kB
MemFree:          113372 kB
Active:           363744 kB
Mem:          3.8G       3.7G       110M       5.7M        29M       3.2G

MemTotal:        4016004 kB
MemFree:          113248 kB
Active:           363736 kB
Mem:          3.8G       3.7G       110M       5.7M        29M       3.2G

MemTotal:        4016004 kB
MemFree:          113000 kB
Active:           363768 kB
Mem:          3.8G       3.7G       110M       5.7M        29M       3.2G

MemTotal:        4016004 kB
MemFree:          113248 kB
Active:           363720 kB
Mem:          3.8G       3.7G       110M       5.7M        29M       3.2G

MemTotal:        4016004 kB
MemFree:          113248 kB
Active:           363760 kB
Mem:          3.8G       3.7G       110M       5.7M        29M       3.2G

MemTotal:        4016004 kB
MemFree:          113248 kB
Active:           363720 kB
Mem:          3.8G       3.7G       110M       5.7M        29M       3.2G

MemTotal:        4016004 kB
MemFree:          113248 kB
Active:           363724 kB
Mem:          3.8G       3.7G       110M       5.7M        29M       3.2G

MemTotal:        4016004 kB
MemFree:          112876 kB
Active:           363768 kB
Mem:          3.8G       3.7G       110M       5.7M        29M       3.2G

MemTotal:        4016004 kB
MemFree:          113376 kB
Active:           363728 kB
Mem:          3.8G       3.7G       110M       5.7M        29M       3.2G

MemTotal:        4016004 kB
MemFree:          113004 kB
Active:           363776 kB
Mem:          3.8G       3.7G       110M       5.7M        29M       3.2G

MemTotal:        4016004 kB
MemFree:          113128 kB
Active:           363776 kB
Mem:          3.8G       3.7G       110M       5.7M        29M       3.2G

MemTotal:        4016004 kB
MemFree:          113624 kB
Active:           363720 kB
Mem:          3.8G       3.7G       110M       5.7M        29M       3.2G

MemTotal:        4016004 kB
MemFree:          113500 kB
Active:           363748 kB
Mem:          3.8G       3.7G       110M       5.7M        29M       3.2G

MemTotal:        4016004 kB
MemFree:          113376 kB
Active:           363736 kB
Mem:          3.8G       3.7G       110M       5.7M        29M       3.2G

MemTotal:        4016004 kB
MemFree:          113252 kB
Active:           363784 kB
Mem:          3.8G       3.7G       110M       5.7M        29M       3.2G

MemTotal:        4016004 kB
MemFree:          113408 kB
Active:           363740 kB
Mem:          3.8G       3.7G       110M       5.7M        29M       3.2G

MemTotal:        4016004 kB
MemFree:          112912 kB
Active:           363780 kB
Mem:          3.8G       3.7G       109M       5.7M        29M       3.2G

MemTotal:        4016004 kB
MemFree:          112664 kB
Active:           363760 kB
Mem:          3.8G       3.7G       110M       5.7M        29M       3.2G

MemTotal:        4016004 kB
MemFree:          112416 kB
Active:           363800 kB
Mem:          3.8G       3.7G       110M       5.7M        29M       3.2G

MemTotal:        4016004 kB
MemFree:          112664 kB
Active:           363776 kB
Mem:          3.8G       3.7G       110M       5.7M        29M       3.2G

MemTotal:        4016004 kB
MemFree:          112788 kB
Active:           363764 kB
Mem:          3.8G       3.7G       110M       5.7M        29M       3.2G

MemTotal:        4016004 kB
MemFree:          112912 kB
Active:           363748 kB
