MemTotal:        4016004 kB
MemFree:         3211776 kB
Active:           449336 kB
Mem:          3.8G       785M       3.1G       5.7M        56M       328M

MemTotal:        4016004 kB
MemFree:         3212156 kB
Active:           449204 kB
Mem:          3.8G       785M       3.1G       5.7M        56M       328M

MemTotal:        4016004 kB
MemFree:         3212156 kB
Active:           449280 kB
Mem:          3.8G       785M       3.1G       5.7M        56M       328M

MemTotal:        4016004 kB
MemFree:         3212140 kB
Active:           449272 kB
Mem:          3.8G       785M       3.1G       5.7M        56M       328M

MemTotal:        4016004 kB
MemFree:         3211768 kB
Active:           449288 kB
Mem:          3.8G       785M       3.1G       5.7M        56M       328M

MemTotal:        4016004 kB
MemFree:         3211768 kB
Active:           449248 kB
Mem:          3.8G       785M       3.1G       5.7M        56M       328M

MemTotal:        4016004 kB
MemFree:         3211272 kB
Active:           449292 kB
Mem:          3.8G       785M       3.1G       5.7M        56M       328M

MemTotal:        4016004 kB
MemFree:         3212264 kB
Active:           449288 kB
Mem:          3.8G       785M       3.1G       5.7M        56M       328M

MemTotal:        4016004 kB
MemFree:         3212140 kB
Active:           449252 kB
Mem:          3.8G       785M       3.1G       5.7M        56M       328M

MemTotal:        4016004 kB
MemFree:         3212140 kB
Active:           449248 kB
Mem:          3.8G       785M       3.1G       5.7M        56M       328M

MemTotal:        4016004 kB
MemFree:         3212016 kB
Active:           449288 kB
Mem:          3.8G       785M       3.1G       5.7M        56M       328M

MemTotal:        4016004 kB
MemFree:         3212140 kB
Active:           449268 kB
Mem:          3.8G       785M       3.1G       5.7M        56M       328M

MemTotal:        4016004 kB
MemFree:         3212140 kB
Active:           449272 kB
Mem:          3.8G       785M       3.1G       5.7M        56M       328M

MemTotal:        4016004 kB
MemFree:         3212156 kB
Active:           449276 kB
Mem:          3.8G       784M       3.1G       5.7M        56M       328M

MemTotal:        4016004 kB
MemFree:         3212100 kB
Active:           447452 kB
Mem:          3.8G       785M       3.1G       5.7M        56M       328M

MemTotal:        4016004 kB
MemFree:         3212248 kB
Active:           449264 kB
Mem:          3.8G       785M       3.1G       5.7M        56M       328M

MemTotal:        4016004 kB
MemFree:         3212248 kB
Active:           449272 kB
Mem:          3.8G       785M       3.1G       5.7M        56M       328M

MemTotal:        4016004 kB
MemFree:         3211612 kB
Active:           449312 kB
Mem:          3.8G       785M       3.1G       5.7M        56M       328M

MemTotal:        4016004 kB
MemFree:         3211768 kB
Active:           449260 kB
Mem:          3.8G       785M       3.1G       5.7M        56M       328M

MemTotal:        4016004 kB
MemFree:         3211892 kB
Active:           449260 kB
Mem:          3.8G       785M       3.1G       5.7M        56M       328M

MemTotal:        4016004 kB
MemFree:         3211892 kB
Active:           449308 kB
Mem:          3.8G       785M       3.1G       5.7M        56M       328M

MemTotal:        4016004 kB
MemFree:         3211892 kB
Active:           449312 kB
Mem:          3.8G       785M       3.1G       5.7M        56M       328M

MemTotal:        4016004 kB
MemFree:         3211860 kB
Active:           449308 kB
Mem:          3.8G       785M       3.1G       5.7M        56M       328M

MemTotal:        4016004 kB
MemFree:         3211844 kB
Active:           449304 kB
Mem:          3.8G       785M       3.1G       5.7M        56M       328M

MemTotal:        4016004 kB
MemFree:         3211776 kB
Active:           447468 kB
Mem:          3.8G       785M       3.1G       5.7M        56M       328M

MemTotal:        4016004 kB
MemFree:         3212152 kB
Active:           447264 kB
Mem:          3.8G       785M       3.1G       5.7M        56M       328M

MemTotal:        4016004 kB
MemFree:         3212028 kB
Active:           447252 kB
Mem:          3.8G       785M       3.1G       5.7M        56M       328M

MemTotal:        4016004 kB
MemFree:         3211640 kB
Active:           449336 kB
Mem:          3.8G       785M       3.1G       5.7M        56M       328M

MemTotal:        4016004 kB
MemFree:         3211640 kB
Active:           449344 kB
Mem:          3.8G       785M       3.1G       5.7M        56M       328M

MemTotal:        4016004 kB
MemFree:         3212012 kB
Active:           449320 kB
Mem:          3.8G       785M       3.1G       5.7M        56M       328M

MemTotal:        4016004 kB
MemFree:         3212012 kB
Active:           449288 kB
Mem:          3.8G       785M       3.1G       5.7M        56M       328M

MemTotal:        4016004 kB
MemFree:         3212012 kB
Active:           449288 kB
Mem:          3.8G       785M       3.1G       5.7M        56M       328M

MemTotal:        4016004 kB
MemFree:         3212168 kB
Active:           449340 kB
Mem:          3.8G       785M       3.1G       5.7M        56M       328M

MemTotal:        4016004 kB
MemFree:         3212416 kB
Active:           449328 kB
Mem:          3.8G       784M       3.1G       5.7M        56M       328M

MemTotal:        4016004 kB
MemFree:         3212416 kB
Active:           449324 kB
Mem:          3.8G       784M       3.1G       5.7M        56M       328M

MemTotal:        4016004 kB
MemFree:         3212292 kB
Active:           449368 kB
Mem:          3.8G       784M       3.1G       5.7M        56M       328M

MemTotal:        4016004 kB
MemFree:         3212292 kB
Active:           449336 kB
Mem:          3.8G       784M       3.1G       5.7M        56M       328M

MemTotal:        4016004 kB
MemFree:         3212292 kB
Active:           449336 kB
Mem:          3.8G       784M       3.1G       5.7M        56M       328M

MemTotal:        4016004 kB
MemFree:         3212168 kB
Active:           449336 kB
Mem:          3.8G       784M       3.1G       5.7M        56M       328M

MemTotal:        4016004 kB
MemFree:         3212276 kB
Active:           449332 kB
Mem:          3.8G       785M       3.1G       5.7M        56M       328M

MemTotal:        4016004 kB
MemFree:         3212152 kB
Active:           449340 kB
Mem:          3.8G       785M       3.1G       5.7M        56M       328M

MemTotal:        4016004 kB
MemFree:         3211640 kB
Active:           449332 kB
Mem:          3.8G       785M       3.1G       5.7M        56M       328M

MemTotal:        4016004 kB
MemFree:         3211624 kB
Active:           449392 kB
Mem:          3.8G       785M       3.1G       5.7M        56M       328M

MemTotal:        4016004 kB
MemFree:         3211732 kB
Active:           449360 kB
Mem:          3.8G       785M       3.1G       5.7M        56M       328M

MemTotal:        4016004 kB
MemFree:         3210988 kB
Active:           447468 kB
Mem:          3.8G       785M       3.1G       5.7M        56M       328M

MemTotal:        4016004 kB
MemFree:         3211576 kB
Active:           449380 kB
Mem:          3.8G       785M       3.1G       5.7M        56M       328M

MemTotal:        4016004 kB
MemFree:         3211700 kB
Active:           449372 kB
Mem:          3.8G       785M       3.1G       5.7M        56M       328M

MemTotal:        4016004 kB
MemFree:         3211824 kB
Active:           449392 kB
Mem:          3.8G       785M       3.1G       5.7M        56M       328M

MemTotal:        4016004 kB
MemFree:         3211824 kB
Active:           449368 kB
Mem:          3.8G       785M       3.1G       5.7M        56M       328M

MemTotal:        4016004 kB
MemFree:         3211700 kB
Active:           449348 kB
Mem:          3.8G       785M       3.1G       5.7M        56M       328M

MemTotal:        4016004 kB
MemFree:         3211700 kB
Active:           449380 kB
Mem:          3.8G       785M       3.1G       5.7M        56M       328M

MemTotal:        4016004 kB
MemFree:         3211948 kB
Active:           449356 kB
Mem:          3.8G       785M       3.1G       5.7M        56M       328M

MemTotal:        4016004 kB
MemFree:         3211824 kB
Active:           449392 kB
Mem:          3.8G       785M       3.1G       5.7M        56M       328M

MemTotal:        4016004 kB
MemFree:         3211996 kB
Active:           449384 kB
Mem:          3.8G       785M       3.1G       5.7M        56M       328M

MemTotal:        4016004 kB
MemFree:         3211872 kB
Active:           449396 kB
Mem:          3.8G       785M       3.1G       5.7M        56M       328M

MemTotal:        4016004 kB
MemFree:         3211624 kB
Active:           449404 kB
Mem:          3.8G       785M       3.1G       5.7M        56M       328M

MemTotal:        4016004 kB
MemFree:         3211748 kB
Active:           449412 kB
Mem:          3.8G       785M       3.1G       5.7M        56M       328M

MemTotal:        4016004 kB
MemFree:         3211732 kB
Active:           449368 kB
Mem:          3.8G       785M       3.1G       5.7M        56M       328M

MemTotal:        4016004 kB
MemFree:         3211640 kB
Active:           449388 kB
Mem:          3.8G       785M       3.1G       5.7M        56M       328M

MemTotal:        4016004 kB
MemFree:         3211764 kB
Active:           449380 kB
Mem:          3.8G       785M       3.1G       5.7M        56M       328M

MemTotal:        4016004 kB
MemFree:         3211764 kB
Active:           449376 kB
Mem:          3.8G       785M       3.1G       5.7M        56M       328M

MemTotal:        4016004 kB
MemFree:         3211624 kB
Active:           449436 kB
Mem:          3.8G       785M       3.1G       5.7M        56M       328M

MemTotal:        4016004 kB
MemFree:         3211608 kB
Active:           449384 kB
Mem:          3.8G       785M       3.1G       5.7M        56M       328M

MemTotal:        4016004 kB
MemFree:         3211484 kB
Active:           449428 kB
Mem:          3.8G       785M       3.1G       5.7M        56M       328M

MemTotal:        4016004 kB
MemFree:         3211564 kB
Active:           447432 kB
Mem:          3.8G       785M       3.1G       5.7M        56M       328M

MemTotal:        4016004 kB
MemFree:         3211104 kB
Active:           449444 kB
Mem:          3.8G       785M       3.1G       5.7M        56M       328M

MemTotal:        4016004 kB
MemFree:         3211352 kB
Active:           449444 kB
Mem:          3.8G       785M       3.1G       5.7M        56M       328M

MemTotal:        4016004 kB
MemFree:         3211848 kB
Active:           449388 kB
Mem:          3.8G       785M       3.1G       5.7M        56M       328M

MemTotal:        4016004 kB
MemFree:         3211848 kB
Active:           449432 kB
Mem:          3.8G       785M       3.1G       5.7M        56M       328M

MemTotal:        4016004 kB
MemFree:         3212080 kB
Active:           449432 kB
Mem:          3.8G       785M       3.1G       5.7M        56M       328M

MemTotal:        4016004 kB
MemFree:         3212204 kB
Active:           449416 kB
Mem:          3.8G       785M       3.1G       5.7M        56M       328M

MemTotal:        4016004 kB
MemFree:         3211708 kB
Active:           449448 kB
Mem:          3.8G       785M       3.1G       5.7M        56M       328M

MemTotal:        4016004 kB
MemFree:         3211832 kB
Active:           449444 kB
Mem:          3.8G       785M       3.1G       5.7M        56M       328M

MemTotal:        4016004 kB
MemFree:         3211460 kB
Active:           449448 kB
Mem:          3.8G       785M       3.1G       5.7M        56M       328M

MemTotal:        4016004 kB
MemFree:         3211956 kB
Active:           449404 kB
Mem:          3.8G       785M       3.1G       5.7M        56M       328M

MemTotal:        4016004 kB
MemFree:         3211584 kB
Active:           449448 kB
Mem:          3.8G       785M       3.1G       5.7M        56M       328M

MemTotal:        4016004 kB
MemFree:         3211832 kB
Active:           449400 kB
Mem:          3.8G       785M       3.1G       5.7M        56M       328M

MemTotal:        4016004 kB
MemFree:         3211832 kB
Active:           449444 kB
Mem:          3.8G       785M       3.1G       5.7M        56M       328M

MemTotal:        4016004 kB
MemFree:         3211336 kB
Active:           449456 kB
Mem:          3.8G       785M       3.1G       5.7M        56M       328M

MemTotal:        4016004 kB
MemFree:         3211336 kB
Active:           449456 kB
Mem:          3.8G       785M       3.1G       5.7M        56M       328M

MemTotal:        4016004 kB
MemFree:         3211460 kB
Active:           449416 kB
Mem:          3.8G       785M       3.1G       5.7M        56M       328M

MemTotal:        4016004 kB
MemFree:         3211460 kB
Active:           449408 kB
Mem:          3.8G       785M       3.1G       5.7M        56M       328M

MemTotal:        4016004 kB
MemFree:         3211196 kB
Active:           449460 kB
Mem:          3.8G       785M       3.1G       5.7M        56M       328M

MemTotal:        4016004 kB
MemFree:         3211568 kB
Active:           449460 kB
Mem:          3.8G       785M       3.1G       5.7M        56M       328M

MemTotal:        4016004 kB
MemFree:         3211492 kB
Active:           449416 kB
Mem:          3.8G       785M       3.1G       5.7M        56M       328M

MemTotal:        4016004 kB
MemFree:         3211616 kB
Active:           449464 kB
Mem:          3.8G       785M       3.1G       5.7M        56M       328M

MemTotal:        4016004 kB
MemFree:         3211988 kB
Active:           449432 kB
Mem:          3.8G       785M       3.1G       5.7M        56M       328M

MemTotal:        4016004 kB
MemFree:         3211492 kB
Active:           449476 kB
Mem:          3.8G       785M       3.1G       5.7M        56M       328M

MemTotal:        4016004 kB
MemFree:         3211740 kB
Active:           449480 kB
Mem:          3.8G       785M       3.1G       5.7M        56M       328M

MemTotal:        4016004 kB
MemFree:         3211740 kB
Active:           449432 kB
Mem:          3.8G       785M       3.1G       5.7M        56M       328M

MemTotal:        4016004 kB
MemFree:         3211988 kB
Active:           449428 kB
Mem:          3.8G       785M       3.1G       5.7M        56M       328M

MemTotal:        4016004 kB
MemFree:         3211692 kB
Active:           449480 kB
Mem:          3.8G       785M       3.1G       5.7M        56M       328M

MemTotal:        4016004 kB
MemFree:         3211864 kB
Active:           449484 kB
Mem:          3.8G       785M       3.1G       5.7M        56M       328M

MemTotal:        4016004 kB
MemFree:         3211864 kB
Active:           449432 kB
Mem:          3.8G       785M       3.1G       5.7M        56M       328M

MemTotal:        4016004 kB
MemFree:         3209444 kB
Active:           449440 kB
Mem:          3.8G       787M       3.1G       5.7M        56M       328M

MemTotal:        4016004 kB
MemFree:         3209692 kB
Active:           451456 kB
Mem:          3.8G       787M       3.1G       5.7M        56M       328M

MemTotal:        4016004 kB
MemFree:         3209816 kB
Active:           451452 kB
Mem:          3.8G       787M       3.1G       5.7M        56M       328M

MemTotal:        4016004 kB
MemFree:         3209800 kB
Active:           451500 kB
Mem:          3.8G       787M       3.1G       5.7M        56M       328M

MemTotal:        4016004 kB
MemFree:         3209908 kB
Active:           451468 kB
Mem:          3.8G       787M       3.1G       5.7M        56M       328M

MemTotal:        4016004 kB
MemFree:         3209908 kB
Active:           451496 kB
Mem:          3.8G       787M       3.1G       5.7M        56M       328M

MemTotal:        4016004 kB
MemFree:         3210016 kB
Active:           451488 kB
Mem:          3.8G       787M       3.1G       5.7M        56M       328M

MemTotal:        4016004 kB
MemFree:         3209768 kB
Active:           451520 kB
Mem:          3.8G       787M       3.1G       5.7M        56M       328M

MemTotal:        4016004 kB
MemFree:         3209628 kB
Active:           451480 kB
Mem:          3.8G       787M       3.1G       5.7M        56M       328M

MemTotal:        4016004 kB
MemFree:         3209612 kB
Active:           451508 kB
Mem:          3.8G       787M       3.1G       5.7M        56M       328M

MemTotal:        4016004 kB
MemFree:         3208976 kB
Active:           451528 kB
Mem:          3.8G       787M       3.1G       5.7M        56M       328M

MemTotal:        4016004 kB
MemFree:         3209084 kB
Active:           451480 kB
Mem:          3.8G       788M       3.1G       5.7M        56M       328M

MemTotal:        4016004 kB
MemFree:         3209084 kB
Active:           451500 kB
Mem:          3.8G       787M       3.1G       5.7M        56M       328M

MemTotal:        4016004 kB
MemFree:         3208944 kB
Active:           451492 kB
Mem:          3.8G       788M       3.1G       5.7M        56M       328M

MemTotal:        4016004 kB
MemFree:         3209192 kB
Active:           451484 kB
Mem:          3.8G       788M       3.1G       5.7M        56M       328M

MemTotal:        4016004 kB
MemFree:         3209192 kB
Active:           451508 kB
Mem:          3.8G       787M       3.1G       5.7M        56M       328M

MemTotal:        4016004 kB
MemFree:         3209548 kB
Active:           451500 kB
Mem:          3.8G       787M       3.1G       5.7M        56M       328M

MemTotal:        4016004 kB
MemFree:         3209300 kB
Active:           451544 kB
Mem:          3.8G       787M       3.1G       5.7M        56M       328M

MemTotal:        4016004 kB
MemFree:         3209548 kB
Active:           451520 kB
Mem:          3.8G       787M       3.1G       5.7M        56M       328M

MemTotal:        4016004 kB
MemFree:         3209780 kB
Active:           451512 kB
Mem:          3.8G       787M       3.1G       5.7M        56M       328M

MemTotal:        4016004 kB
MemFree:         3209552 kB
Active:           449568 kB
Mem:          3.8G       788M       3.1G       5.7M        56M       328M

MemTotal:        4016004 kB
MemFree:         3208884 kB
Active:           449568 kB
Mem:          3.8G       788M       3.1G       5.7M        56M       328M

MemTotal:        4016004 kB
MemFree:         3209116 kB
Active:           451608 kB
Mem:          3.8G       788M       3.1G       5.7M        56M       328M

MemTotal:        4016004 kB
MemFree:         3209472 kB
Active:           451624 kB
Mem:          3.8G       787M       3.1G       5.7M        56M       328M

MemTotal:        4016004 kB
MemFree:         3209100 kB
Active:           451632 kB
Mem:          3.8G       787M       3.1G       5.7M        56M       328M

MemTotal:        4016004 kB
MemFree:         3209224 kB
Active:           451628 kB
Mem:          3.8G       787M       3.1G       5.7M        56M       328M

MemTotal:        4016004 kB
MemFree:         3208976 kB
Active:           451616 kB
Mem:          3.8G       788M       3.1G       5.7M        56M       328M

MemTotal:        4016004 kB
MemFree:         3208976 kB
Active:           451628 kB
Mem:          3.8G       788M       3.1G       5.7M        56M       328M

MemTotal:        4016004 kB
MemFree:         3208604 kB
Active:           451656 kB
Mem:          3.8G       788M       3.1G       5.7M        56M       328M

MemTotal:        4016004 kB
MemFree:         3209224 kB
Active:           451640 kB
Mem:          3.8G       787M       3.1G       5.7M        56M       328M

MemTotal:        4016004 kB
MemFree:         3209272 kB
Active:           449584 kB
Mem:          3.8G       787M       3.1G       5.7M        56M       328M

MemTotal:        4016004 kB
MemFree:         3209776 kB
Active:           451620 kB
Mem:          3.8G       787M       3.1G       5.7M        56M       328M

MemTotal:        4016004 kB
MemFree:         3209280 kB
Active:           451660 kB
Mem:          3.8G       787M       3.1G       5.7M        56M       328M

MemTotal:        4016004 kB
MemFree:         3209528 kB
Active:           451648 kB
Mem:          3.8G       787M       3.1G       5.7M        56M       328M

MemTotal:        4016004 kB
MemFree:         3209652 kB
Active:           451632 kB
Mem:          3.8G       787M       3.1G       5.7M        56M       328M

MemTotal:        4016004 kB
MemFree:         3208908 kB
Active:           451668 kB
Mem:          3.8G       787M       3.1G       5.7M        56M       328M

MemTotal:        4016004 kB
MemFree:         3209280 kB
Active:           451620 kB
Mem:          3.8G       788M       3.1G       5.7M        56M       328M

MemTotal:        4016004 kB
MemFree:         3209156 kB
Active:           451624 kB
Mem:          3.8G       787M       3.1G       5.7M        56M       328M

MemTotal:        4016004 kB
MemFree:         3208908 kB
Active:           451668 kB
Mem:          3.8G       787M       3.1G       5.7M        56M       328M

MemTotal:        4016004 kB
MemFree:         3209032 kB
Active:           451632 kB
Mem:          3.8G       788M       3.1G       5.7M        56M       328M

MemTotal:        4016004 kB
MemFree:         3209456 kB
Active:           451624 kB
Mem:          3.8G       787M       3.1G       5.7M        56M       328M

MemTotal:        4016004 kB
MemFree:         3209208 kB
Active:           451656 kB
Mem:          3.8G       787M       3.1G       5.7M        56M       328M

MemTotal:        4016004 kB
MemFree:         3209332 kB
Active:           451652 kB
Mem:          3.8G       787M       3.1G       5.7M        56M       328M

MemTotal:        4016004 kB
MemFree:         3209672 kB
Active:           451680 kB
Mem:          3.8G       787M       3.1G       5.7M        56M       328M

MemTotal:        4016004 kB
MemFree:         3209920 kB
Active:           451668 kB
Mem:          3.8G       787M       3.1G       5.7M        56M       328M

MemTotal:        4016004 kB
MemFree:         3209300 kB
Active:           451692 kB
Mem:          3.8G       787M       3.1G       5.7M        56M       328M

MemTotal:        4016004 kB
MemFree:         3209656 kB
Active:           451672 kB
Mem:          3.8G       787M       3.1G       5.7M        56M       328M

MemTotal:        4016004 kB
MemFree:         3209640 kB
Active:           451660 kB
Mem:          3.8G       787M       3.1G       5.7M        56M       328M

MemTotal:        4016004 kB
MemFree:         3209128 kB
Active:           451688 kB
Mem:          3.8G       787M       3.1G       5.7M        56M       328M

MemTotal:        4016004 kB
MemFree:         3209004 kB
Active:           451688 kB
Mem:          3.8G       788M       3.1G       5.7M        56M       328M

MemTotal:        4016004 kB
MemFree:         3208988 kB
Active:           451684 kB
Mem:          3.8G       788M       3.1G       5.7M        56M       328M

MemTotal:        4016004 kB
MemFree:         3208848 kB
Active:           451676 kB
Mem:          3.8G       788M       3.1G       5.7M        56M       328M

MemTotal:        4016004 kB
MemFree:         3209096 kB
Active:           451700 kB
Mem:          3.8G       788M       3.1G       5.7M        56M       328M

MemTotal:        4016004 kB
MemFree:         3209080 kB
Active:           451680 kB
Mem:          3.8G       788M       3.1G       5.7M        56M       328M

MemTotal:        4016004 kB
MemFree:         3209188 kB
Active:           451664 kB
Mem:          3.8G       787M       3.1G       5.7M        56M       328M

MemTotal:        4016004 kB
MemFree:         3209600 kB
Active:           451696 kB
Mem:          3.8G       787M       3.1G       5.7M        56M       328M

MemTotal:        4016004 kB
MemFree:         3209476 kB
Active:           451680 kB
Mem:          3.8G       787M       3.1G       5.7M        56M       328M

MemTotal:        4016004 kB
MemFree:         3209228 kB
Active:           451708 kB
Mem:          3.8G       787M       3.1G       5.7M        56M       328M

MemTotal:        4016004 kB
MemFree:         3209476 kB
Active:           451672 kB
Mem:          3.8G       787M       3.1G       5.7M        56M       328M

MemTotal:        4016004 kB
MemFree:         3209476 kB
Active:           451708 kB
Mem:          3.8G       787M       3.1G       5.7M        56M       328M

MemTotal:        4016004 kB
MemFree:         3209848 kB
Active:           451716 kB
Mem:          3.8G       787M       3.1G       5.7M        56M       328M

MemTotal:        4016004 kB
MemFree:         3209848 kB
Active:           451696 kB
Mem:          3.8G       787M       3.1G       5.7M        56M       328M

MemTotal:        4016004 kB
MemFree:         3209772 kB
Active:           451716 kB
Mem:          3.8G       787M       3.1G       5.7M        56M       328M

MemTotal:        4016004 kB
MemFree:         3209772 kB
Active:           451716 kB
Mem:          3.8G       787M       3.1G       5.7M        56M       328M

MemTotal:        4016004 kB
MemFree:         3209772 kB
Active:           451712 kB
Mem:          3.8G       787M       3.1G       5.7M        56M       328M

MemTotal:        4016004 kB
MemFree:         3209772 kB
Active:           451700 kB
Mem:          3.8G       787M       3.1G       5.7M        56M       328M

MemTotal:        4016004 kB
MemFree:         3209772 kB
Active:           451700 kB
Mem:          3.8G       787M       3.1G       5.7M        56M       328M

MemTotal:        4016004 kB
MemFree:         3209680 kB
Active:           451692 kB
Mem:          3.8G       787M       3.1G       5.7M        56M       328M

MemTotal:        4016004 kB
MemFree:         3209712 kB
Active:           451704 kB
Mem:          3.8G       787M       3.1G       5.7M        56M       328M

MemTotal:        4016004 kB
MemFree:         3209712 kB
Active:           451740 kB
Mem:          3.8G       787M       3.1G       5.7M        56M       328M

MemTotal:        4016004 kB
MemFree:         3209464 kB
Active:           451720 kB
Mem:          3.8G       787M       3.1G       5.7M        56M       328M

MemTotal:        4016004 kB
MemFree:         3209604 kB
Active:           451716 kB
Mem:          3.8G       787M       3.1G       5.7M        56M       328M

MemTotal:        4016004 kB
MemFree:         3209480 kB
Active:           451704 kB
Mem:          3.8G       787M       3.1G       5.7M        56M       328M

MemTotal:        4016004 kB
MemFree:         3209604 kB
Active:           451704 kB
Mem:          3.8G       787M       3.1G       5.7M        56M       328M

MemTotal:        4016004 kB
MemFree:         3209728 kB
Active:           451704 kB
Mem:          3.8G       787M       3.1G       5.7M        56M       328M

MemTotal:        4016004 kB
MemFree:         3209480 kB
Active:           451740 kB
Mem:          3.8G       787M       3.1G       5.7M        56M       328M

MemTotal:        4016004 kB
MemFree:         3209604 kB
Active:           451736 kB
Mem:          3.8G       787M       3.1G       5.7M        56M       328M

MemTotal:        4016004 kB
MemFree:         3209604 kB
Active:           451736 kB
Mem:          3.8G       787M       3.1G       5.7M        56M       328M

MemTotal:        4016004 kB
MemFree:         3209496 kB
Active:           451756 kB
Mem:          3.8G       787M       3.1G       5.7M        56M       328M

MemTotal:        4016004 kB
MemFree:         3209620 kB
Active:           451764 kB
Mem:          3.8G       787M       3.1G       5.7M        56M       328M

MemTotal:        4016004 kB
MemFree:         3209456 kB
Active:           449776 kB
Mem:          3.8G       787M       3.1G       5.7M        56M       328M

MemTotal:        4016004 kB
MemFree:         3209352 kB
Active:           451736 kB
Mem:          3.8G       787M       3.1G       5.7M        56M       328M

MemTotal:        4016004 kB
MemFree:         3209476 kB
Active:           451752 kB
Mem:          3.8G       787M       3.1G       5.7M        56M       328M

MemTotal:        4016004 kB
MemFree:         3209584 kB
Active:           451548 kB
Mem:          3.8G       787M       3.1G       5.7M        56M       328M

MemTotal:        4016004 kB
MemFree:         3209848 kB
Active:           451560 kB
Mem:          3.8G       787M       3.1G       5.7M        56M       328M

MemTotal:        4016004 kB
MemFree:         3209476 kB
Active:           451612 kB
Mem:          3.8G       787M       3.1G       5.7M        56M       328M

MemTotal:        4016004 kB
MemFree:         3209352 kB
Active:           451600 kB
Mem:          3.8G       787M       3.1G       5.7M        56M       328M

MemTotal:        4016004 kB
MemFree:         3209368 kB
Active:           451584 kB
Mem:          3.8G       787M       3.1G       5.7M        56M       328M

MemTotal:        4016004 kB
MemFree:         3209492 kB
Active:           451568 kB
Mem:          3.8G       787M       3.1G       5.7M        56M       328M

MemTotal:        4016004 kB
MemFree:         3209368 kB
Active:           451616 kB
Mem:          3.8G       787M       3.1G       5.7M        56M       328M

MemTotal:        4016004 kB
MemFree:         3207196 kB
Active:           451612 kB
Mem:          3.8G       789M       3.1G       5.7M        56M       328M

MemTotal:        4016004 kB
MemFree:         3207708 kB
Active:           453636 kB
Mem:          3.8G       789M       3.1G       5.7M        56M       328M

MemTotal:        4016004 kB
MemFree:         3207708 kB
Active:           453596 kB
Mem:          3.8G       789M       3.1G       5.7M        56M       328M

MemTotal:        4016004 kB
MemFree:         3207584 kB
Active:           453640 kB
Mem:          3.8G       789M       3.1G       5.7M        56M       328M

MemTotal:        4016004 kB
MemFree:         3207832 kB
Active:           453636 kB
Mem:          3.8G       789M       3.1G       5.7M        56M       328M

MemTotal:        4016004 kB
MemFree:         3208080 kB
Active:           453632 kB
Mem:          3.8G       788M       3.1G       5.7M        56M       328M

MemTotal:        4016004 kB
MemFree:         3207708 kB
Active:           453632 kB
Mem:          3.8G       789M       3.1G       5.7M        56M       328M

MemTotal:        4016004 kB
MemFree:         3207460 kB
Active:           453652 kB
Mem:          3.8G       789M       3.1G       5.7M        56M       328M

MemTotal:        4016004 kB
MemFree:         3207832 kB
Active:           453628 kB
Mem:          3.8G       789M       3.1G       5.7M        56M       328M

MemTotal:        4016004 kB
MemFree:         3207212 kB
Active:           453664 kB
Mem:          3.8G       789M       3.1G       5.7M        56M       328M

MemTotal:        4016004 kB
MemFree:         3207460 kB
Active:           453668 kB
Mem:          3.8G       789M       3.1G       5.7M        56M       328M

MemTotal:        4016004 kB
MemFree:         3207460 kB
Active:           453652 kB
Mem:          3.8G       789M       3.1G       5.7M        56M       328M

MemTotal:        4016004 kB
MemFree:         3207708 kB
Active:           453668 kB
Mem:          3.8G       789M       3.1G       5.7M        56M       328M

MemTotal:        4016004 kB
MemFree:         3207832 kB
Active:           453624 kB
Mem:          3.8G       789M       3.1G       5.7M        56M       328M

MemTotal:        4016004 kB
MemFree:         3207708 kB
Active:           453612 kB
Mem:          3.8G       789M       3.1G       5.7M        56M       328M

MemTotal:        4016004 kB
MemFree:         3207832 kB
Active:           453644 kB
Mem:          3.8G       789M       3.1G       5.7M        56M       328M

MemTotal:        4016004 kB
MemFree:         3207832 kB
Active:           453640 kB
Mem:          3.8G       789M       3.1G       5.7M        56M       328M

MemTotal:        4016004 kB
MemFree:         3207584 kB
Active:           453684 kB
Mem:          3.8G       789M       3.1G       5.7M        56M       328M

MemTotal:        4016004 kB
MemFree:         3207956 kB
Active:           453648 kB
Mem:          3.8G       789M       3.1G       5.7M        56M       328M

MemTotal:        4016004 kB
MemFree:         3207956 kB
Active:           453676 kB
Mem:          3.8G       789M       3.1G       5.7M        56M       328M

MemTotal:        4016004 kB
MemFree:         3207580 kB
Active:           451780 kB
Mem:          3.8G       788M       3.1G       5.7M        56M       328M

MemTotal:        4016004 kB
MemFree:         3207764 kB
Active:           453648 kB
Mem:          3.8G       789M       3.1G       5.7M        56M       328M

MemTotal:        4016004 kB
MemFree:         3207268 kB
Active:           453700 kB
Mem:          3.8G       789M       3.1G       5.7M        56M       328M

MemTotal:        4016004 kB
MemFree:         3207888 kB
Active:           453684 kB
Mem:          3.8G       789M       3.1G       5.7M        56M       328M

MemTotal:        4016004 kB
MemFree:         3207764 kB
Active:           453684 kB
Mem:          3.8G       789M       3.1G       5.7M        56M       328M

MemTotal:        4016004 kB
MemFree:         3207888 kB
Active:           453680 kB
Mem:          3.8G       789M       3.1G       5.7M        56M       328M

MemTotal:        4016004 kB
MemFree:         3208136 kB
Active:           453688 kB
Mem:          3.8G       788M       3.1G       5.7M        56M       328M

MemTotal:        4016004 kB
MemFree:         3208136 kB
Active:           453684 kB
Mem:          3.8G       789M       3.1G       5.7M        56M       328M

MemTotal:        4016004 kB
MemFree:         3208136 kB
Active:           453716 kB
Mem:          3.8G       788M       3.1G       5.7M        56M       328M

MemTotal:        4016004 kB
MemFree:         3207888 kB
Active:           453676 kB
Mem:          3.8G       789M       3.1G       5.7M        56M       328M

MemTotal:        4016004 kB
MemFree:         3207688 kB
Active:           451744 kB
Mem:          3.8G       789M       3.1G       5.7M        56M       328M

MemTotal:        4016004 kB
MemFree:         3207748 kB
Active:           453720 kB
Mem:          3.8G       789M       3.1G       5.7M        56M       328M

MemTotal:        4016004 kB
MemFree:         3207872 kB
Active:           453668 kB
Mem:          3.8G       789M       3.1G       5.7M        56M       328M

MemTotal:        4016004 kB
MemFree:         3207500 kB
Active:           453680 kB
Mem:          3.8G       789M       3.1G       5.7M        56M       328M

MemTotal:        4016004 kB
MemFree:         3207500 kB
Active:           453724 kB
Mem:          3.8G       789M       3.1G       5.7M        56M       328M

MemTotal:        4016004 kB
MemFree:         3207624 kB
Active:           453684 kB
Mem:          3.8G       789M       3.1G       5.7M        56M       328M

MemTotal:        4016004 kB
MemFree:         3207748 kB
Active:           453712 kB
Mem:          3.8G       789M       3.1G       5.7M        56M       328M

MemTotal:        4016004 kB
MemFree:         3207500 kB
Active:           453736 kB
Mem:          3.8G       789M       3.1G       5.7M        56M       328M

MemTotal:        4016004 kB
MemFree:         3207748 kB
Active:           453732 kB
Mem:          3.8G       789M       3.1G       5.7M        56M       328M

MemTotal:        4016004 kB
MemFree:         3207732 kB
Active:           453716 kB
Mem:          3.8G       789M       3.1G       5.7M        56M       328M

MemTotal:        4016004 kB
MemFree:         3207804 kB
Active:           451740 kB
Mem:          3.8G       789M       3.1G       5.7M        56M       328M

MemTotal:        4016004 kB
MemFree:         3207536 kB
Active:           453736 kB
Mem:          3.8G       789M       3.1G       5.7M        56M       328M

MemTotal:        4016004 kB
MemFree:         3207536 kB
Active:           453720 kB
Mem:          3.8G       789M       3.1G       5.7M        56M       328M

MemTotal:        4016004 kB
MemFree:         3207660 kB
Active:           453688 kB
Mem:          3.8G       789M       3.1G       5.7M        56M       328M

MemTotal:        4016004 kB
MemFree:         3207660 kB
Active:           453732 kB
Mem:          3.8G       789M       3.1G       5.7M        56M       328M

MemTotal:        4016004 kB
MemFree:         3207676 kB
Active:           453712 kB
Mem:          3.8G       789M       3.1G       5.7M        56M       328M

MemTotal:        4016004 kB
MemFree:         3207800 kB
Active:           453700 kB
Mem:          3.8G       789M       3.1G       5.7M        56M       328M

MemTotal:        4016004 kB
MemFree:         3208048 kB
Active:           453692 kB
Mem:          3.8G       789M       3.1G       5.7M        56M       328M

MemTotal:        4016004 kB
MemFree:         3207800 kB
Active:           453732 kB
Mem:          3.8G       789M       3.1G       5.7M        56M       328M

MemTotal:        4016004 kB
MemFree:         3207784 kB
Active:           453736 kB
Mem:          3.8G       789M       3.1G       5.7M        56M       328M

MemTotal:        4016004 kB
MemFree:         3205488 kB
Active:           453696 kB
Mem:          3.8G       791M       3.1G       5.7M        56M       328M

MemTotal:        4016004 kB
MemFree:         3205488 kB
Active:           455720 kB
Mem:          3.8G       791M       3.1G       5.7M        56M       328M

MemTotal:        4016004 kB
MemFree:         3205736 kB
Active:           455776 kB
Mem:          3.8G       791M       3.1G       5.7M        56M       328M

MemTotal:        4016004 kB
MemFree:         3205488 kB
Active:           455752 kB
Mem:          3.8G       791M       3.1G       5.7M        56M       328M

MemTotal:        4016004 kB
MemFree:         3205116 kB
Active:           455736 kB
Mem:          3.8G       791M       3.1G       5.7M        56M       328M

MemTotal:        4016004 kB
MemFree:         3205488 kB
Active:           455732 kB
Mem:          3.8G       791M       3.1G       5.7M        56M       328M

MemTotal:        4016004 kB
MemFree:         3205612 kB
Active:           455740 kB
Mem:          3.8G       791M       3.1G       5.7M        56M       328M

MemTotal:        4016004 kB
MemFree:         3205364 kB
Active:           455788 kB
Mem:          3.8G       791M       3.1G       5.7M        56M       328M

MemTotal:        4016004 kB
MemFree:         3205860 kB
Active:           455740 kB
Mem:          3.8G       791M       3.1G       5.7M        56M       328M

MemTotal:        4016004 kB
MemFree:         3205860 kB
Active:           455748 kB
Mem:          3.8G       791M       3.1G       5.7M        56M       328M

MemTotal:        4016004 kB
MemFree:         3205860 kB
Active:           455760 kB
Mem:          3.8G       791M       3.1G       5.7M        56M       328M

MemTotal:        4016004 kB
MemFree:         3205860 kB
Active:           455780 kB
Mem:          3.8G       791M       3.1G       5.7M        56M       328M

MemTotal:        4016004 kB
MemFree:         3206108 kB
Active:           455784 kB
Mem:          3.8G       790M       3.1G       5.7M        56M       328M

MemTotal:        4016004 kB
MemFree:         3206480 kB
Active:           455788 kB
Mem:          3.8G       790M       3.1G       5.7M        56M       328M

MemTotal:        4016004 kB
MemFree:         3206604 kB
Active:           455784 kB
Mem:          3.8G       790M       3.1G       5.7M        56M       328M

MemTotal:        4016004 kB
MemFree:         3206480 kB
Active:           455780 kB
Mem:          3.8G       790M       3.1G       5.7M        56M       328M

MemTotal:        4016004 kB
MemFree:         3206356 kB
Active:           455768 kB
Mem:          3.8G       790M       3.1G       5.7M        56M       328M

MemTotal:        4016004 kB
MemFree:         3206356 kB
Active:           455748 kB
Mem:          3.8G       790M       3.1G       5.7M        56M       328M

MemTotal:        4016004 kB
MemFree:         3206356 kB
Active:           455784 kB
Mem:          3.8G       790M       3.1G       5.7M        56M       328M

MemTotal:        4016004 kB
MemFree:         3206480 kB
Active:           455772 kB
Mem:          3.8G       790M       3.1G       5.7M        56M       328M

MemTotal:        4016004 kB
MemFree:         3206388 kB
Active:           453800 kB
Mem:          3.8G       790M       3.1G       5.7M        56M       328M

MemTotal:        4016004 kB
MemFree:         3206416 kB
Active:           455808 kB
Mem:          3.8G       790M       3.1G       5.7M        56M       328M

MemTotal:        4016004 kB
MemFree:         3206416 kB
Active:           455788 kB
Mem:          3.8G       790M       3.1G       5.7M        56M       328M

MemTotal:        4016004 kB
MemFree:         3206292 kB
Active:           455768 kB
Mem:          3.8G       790M       3.1G       5.7M        56M       328M

MemTotal:        4016004 kB
MemFree:         3206540 kB
Active:           455804 kB
Mem:          3.8G       790M       3.1G       5.7M        56M       328M

MemTotal:        4016004 kB
MemFree:         3206044 kB
Active:           455832 kB
Mem:          3.8G       790M       3.1G       5.7M        56M       328M

MemTotal:        4016004 kB
MemFree:         3205796 kB
Active:           455832 kB
Mem:          3.8G       790M       3.1G       5.7M        56M       328M

MemTotal:        4016004 kB
MemFree:         3206168 kB
Active:           455788 kB
Mem:          3.8G       790M       3.1G       5.7M        56M       328M

MemTotal:        4016004 kB
MemFree:         3206044 kB
Active:           455780 kB
Mem:          3.8G       790M       3.1G       5.7M        56M       328M

MemTotal:        4016004 kB
MemFree:         3205548 kB
Active:           455840 kB
Mem:          3.8G       791M       3.1G       5.7M        56M       328M

MemTotal:        4016004 kB
MemFree:         3205796 kB
Active:           455796 kB
Mem:          3.8G       791M       3.1G       5.7M        56M       328M

MemTotal:        4016004 kB
MemFree:         3205672 kB
Active:           455840 kB
Mem:          3.8G       791M       3.1G       5.7M        56M       328M

MemTotal:        4016004 kB
MemFree:         3205672 kB
Active:           455844 kB
Mem:          3.8G       791M       3.1G       5.7M        56M       328M

MemTotal:        4016004 kB
MemFree:         3205548 kB
Active:           455848 kB
Mem:          3.8G       791M       3.1G       5.7M        56M       328M

MemTotal:        4016004 kB
MemFree:         3205672 kB
Active:           455796 kB
Mem:          3.8G       791M       3.1G       5.7M        56M       328M

MemTotal:        4016004 kB
MemFree:         3205672 kB
Active:           455800 kB
Mem:          3.8G       791M       3.1G       5.7M        56M       328M

MemTotal:        4016004 kB
MemFree:         3205424 kB
Active:           455816 kB
Mem:          3.8G       791M       3.1G       5.7M        56M       328M

MemTotal:        4016004 kB
MemFree:         3205176 kB
Active:           455808 kB
Mem:          3.8G       791M       3.1G       5.7M        56M       328M

MemTotal:        4016004 kB
MemFree:         3205548 kB
Active:           455796 kB
Mem:          3.8G       791M       3.1G       5.7M        56M       328M

MemTotal:        4016004 kB
MemFree:         3205796 kB
Active:           455824 kB
Mem:          3.8G       791M       3.1G       5.7M        56M       328M

MemTotal:        4016004 kB
MemFree:         3203872 kB
Active:           455816 kB
Mem:          3.8G       793M       3.1G       5.7M        56M       328M

MemTotal:        4016004 kB
MemFree:         3203996 kB
Active:           457836 kB
Mem:          3.8G       793M       3.1G       5.7M        56M       328M

MemTotal:        4016004 kB
MemFree:         3203500 kB
Active:           457884 kB
Mem:          3.8G       793M       3.1G       5.7M        56M       328M

MemTotal:        4016004 kB
MemFree:         3203872 kB
Active:           457860 kB
Mem:          3.8G       793M       3.1G       5.7M        56M       328M

MemTotal:        4016004 kB
MemFree:         3203872 kB
Active:           457848 kB
Mem:          3.8G       793M       3.1G       5.7M        56M       328M

MemTotal:        4016004 kB
MemFree:         3203500 kB
Active:           457892 kB
Mem:          3.8G       793M       3.1G       5.7M        56M       328M

MemTotal:        4016004 kB
MemFree:         3203128 kB
Active:           457844 kB
Mem:          3.8G       793M       3.1G       5.7M        56M       328M

MemTotal:        4016004 kB
MemFree:         3203128 kB
Active:           457892 kB
Mem:          3.8G       793M       3.1G       5.7M        56M       328M

MemTotal:        4016004 kB
MemFree:         3203748 kB
Active:           457888 kB
Mem:          3.8G       793M       3.1G       5.7M        56M       328M

MemTotal:        4016004 kB
MemFree:         3203376 kB
Active:           457896 kB
Mem:          3.8G       793M       3.1G       5.7M        56M       328M

MemTotal:        4016004 kB
MemFree:         3203252 kB
Active:           457896 kB
Mem:          3.8G       793M       3.1G       5.7M        56M       328M

MemTotal:        4016004 kB
MemFree:         3203748 kB
Active:           457860 kB
Mem:          3.8G       793M       3.1G       5.7M        56M       328M

MemTotal:        4016004 kB
MemFree:         3203872 kB
Active:           457888 kB
Mem:          3.8G       793M       3.1G       5.7M        56M       328M

MemTotal:        4016004 kB
MemFree:         3203624 kB
Active:           457876 kB
Mem:          3.8G       793M       3.1G       5.7M        56M       328M

MemTotal:        4016004 kB
MemFree:         3203748 kB
Active:           457880 kB
Mem:          3.8G       793M       3.1G       5.7M        56M       328M

MemTotal:        4016004 kB
MemFree:         3203500 kB
Active:           457860 kB
Mem:          3.8G       793M       3.1G       5.7M        56M       328M

MemTotal:        4016004 kB
MemFree:         3203376 kB
Active:           457880 kB
Mem:          3.8G       793M       3.1G       5.7M        56M       328M

MemTotal:        4016004 kB
MemFree:         3203500 kB
Active:           457888 kB
Mem:          3.8G       793M       3.1G       5.7M        56M       328M

MemTotal:        4016004 kB
MemFree:         3203376 kB
Active:           457908 kB
Mem:          3.8G       793M       3.1G       5.7M        56M       328M

MemTotal:        4016004 kB
MemFree:         3203128 kB
Active:           457920 kB
Mem:          3.8G       793M       3.1G       5.7M        56M       328M

MemTotal:        4016004 kB
MemFree:         3201700 kB
Active:           457916 kB
Mem:          3.8G       795M       3.1G       5.7M        56M       328M

MemTotal:        4016004 kB
MemFree:         3201948 kB
Active:           459932 kB
Mem:          3.8G       795M       3.1G       5.7M        56M       328M

MemTotal:        4016004 kB
MemFree:         3201948 kB
Active:           459944 kB
Mem:          3.8G       794M       3.1G       5.7M        56M       328M

MemTotal:        4016004 kB
MemFree:         3201452 kB
Active:           459952 kB
Mem:          3.8G       795M       3.1G       5.7M        56M       328M

MemTotal:        4016004 kB
MemFree:         3201708 kB
Active:           459916 kB
Mem:          3.8G       795M       3.1G       5.7M        56M       328M

MemTotal:        4016004 kB
MemFree:         3201584 kB
Active:           459924 kB
Mem:          3.8G       795M       3.1G       5.7M        56M       328M

MemTotal:        4016004 kB
MemFree:         3201336 kB
Active:           459952 kB
Mem:          3.8G       795M       3.1G       5.7M        56M       328M

MemTotal:        4016004 kB
MemFree:         3160844 kB
Active:           460272 kB
Mem:          3.8G       835M       3.0G       5.7M        56M       367M

MemTotal:        4016004 kB
MemFree:         3118868 kB
Active:           460312 kB
Mem:          3.8G       876M       3.0G       5.7M        56M       408M

MemTotal:        4016004 kB
MemFree:         3076488 kB
Active:           460332 kB
Mem:          3.8G       917M       2.9G       5.7M        56M       449M

MemTotal:        4016004 kB
MemFree:         3034976 kB
Active:           460328 kB
Mem:          3.8G       958M       2.9G       5.7M        56M       489M

MemTotal:        4016004 kB
MemFree:         2992596 kB
Active:           460376 kB
Mem:          3.8G       999M       2.9G       5.7M        56M       531M

MemTotal:        4016004 kB
MemFree:         2949720 kB
Active:           460384 kB
Mem:          3.8G       1.0G       2.8G       5.7M        56M       571M

MemTotal:        4016004 kB
MemFree:         2907092 kB
Active:           460372 kB
Mem:          3.8G       1.1G       2.8G       5.7M        56M       612M

MemTotal:        4016004 kB
MemFree:         2864340 kB
Active:           460420 kB
Mem:          3.8G       1.1G       2.7G       5.7M        56M       653M

MemTotal:        4016004 kB
MemFree:         2822364 kB
Active:           460464 kB
Mem:          3.8G       1.1G       2.7G       5.7M        56M       693M

MemTotal:        4016004 kB
MemFree:         2779304 kB
Active:           460464 kB
Mem:          3.8G       1.2G       2.7G       5.7M        56M       734M

MemTotal:        4016004 kB
MemFree:         2736864 kB
Active:           460472 kB
Mem:          3.8G       1.2G       2.6G       5.7M        56M       775M

MemTotal:        4016004 kB
MemFree:         2693520 kB
Active:           460552 kB
Mem:          3.8G       1.3G       2.6G       5.7M        56M       816M

MemTotal:        4016004 kB
MemFree:         2651888 kB
Active:           460556 kB
Mem:          3.8G       1.3G       2.5G       5.7M        56M       857M

MemTotal:        4016004 kB
MemFree:         2643744 kB
Active:           460564 kB
Mem:          3.8G       1.3G       2.5G       5.7M        56M       865M

MemTotal:        4016004 kB
MemFree:         2601044 kB
Active:           460588 kB
Mem:          3.8G       1.3G       2.5G       5.7M        56M       905M

MemTotal:        4016004 kB
MemFree:         2558844 kB
Active:           460624 kB
Mem:          3.8G       1.4G       2.4G       5.7M        56M       946M

MemTotal:        4016004 kB
MemFree:         2516648 kB
Active:           460668 kB
Mem:          3.8G       1.4G       2.4G       5.7M        56M       986M

MemTotal:        4016004 kB
MemFree:         2474304 kB
Active:           460664 kB
Mem:          3.8G       1.5G       2.4G       5.7M        56M       1.0G

MemTotal:        4016004 kB
MemFree:         2432296 kB
Active:           460676 kB
Mem:          3.8G       1.5G       2.3G       5.7M        56M       1.0G

MemTotal:        4016004 kB
MemFree:         2389668 kB
Active:           460700 kB
Mem:          3.8G       1.6G       2.3G       5.7M        56M       1.1G

MemTotal:        4016004 kB
MemFree:         2347412 kB
Active:           460724 kB
Mem:          3.8G       1.6G       2.2G       5.7M        56M       1.1G

MemTotal:        4016004 kB
MemFree:         2304660 kB
Active:           460744 kB
Mem:          3.8G       1.6G       2.2G       5.7M        56M       1.2G

MemTotal:        4016004 kB
MemFree:         2296584 kB
Active:           460796 kB
Mem:          3.8G       1.6G       2.2G       5.7M        56M       1.2G

MemTotal:        4016004 kB
MemFree:         2255492 kB
Active:           460796 kB
Mem:          3.8G       1.7G       2.2G       5.7M        56M       1.2G

MemTotal:        4016004 kB
MemFree:         2212616 kB
Active:           460800 kB
Mem:          3.8G       1.7G       2.1G       5.7M        56M       1.2G

MemTotal:        4016004 kB
MemFree:         2195056 kB
Active:           460864 kB
Mem:          3.8G       1.7G       2.1G       5.7M        56M       1.3G

MemTotal:        4016004 kB
MemFree:         2194684 kB
Active:           460840 kB
Mem:          3.8G       1.7G       2.1G       5.7M        56M       1.3G

MemTotal:        4016004 kB
MemFree:         2194564 kB
Active:           460876 kB
Mem:          3.8G       1.7G       2.1G       5.7M        56M       1.3G

MemTotal:        4016004 kB
MemFree:         2178744 kB
Active:           460872 kB
Mem:          3.8G       1.8G       2.1G       5.7M        56M       1.3G

MemTotal:        4016004 kB
MemFree:         2136644 kB
Active:           460892 kB
Mem:          3.8G       1.8G       2.0G       5.7M        56M       1.3G

MemTotal:        4016004 kB
MemFree:         2093892 kB
Active:           460896 kB
Mem:          3.8G       1.8G       2.0G       5.7M        56M       1.4G

MemTotal:        4016004 kB
MemFree:         2051636 kB
Active:           460920 kB
Mem:          3.8G       1.9G       2.0G       5.7M        56M       1.4G

MemTotal:        4016004 kB
MemFree:         2009256 kB
Active:           460980 kB
Mem:          3.8G       1.9G       1.9G       5.7M        56M       1.4G

MemTotal:        4016004 kB
MemFree:         1966380 kB
Active:           460996 kB
Mem:          3.8G       2.0G       1.9G       5.7M        56M       1.5G

MemTotal:        4016004 kB
MemFree:         1924868 kB
Active:           460976 kB
Mem:          3.8G       2.0G       1.8G       5.7M        56M       1.5G

MemTotal:        4016004 kB
MemFree:         1881992 kB
Active:           461000 kB
Mem:          3.8G       2.0G       1.8G       5.7M        56M       1.6G

MemTotal:        4016004 kB
MemFree:         1844960 kB
Active:           461064 kB
Mem:          3.8G       2.1G       1.8G       5.7M        57M       1.6G

MemTotal:        4016004 kB
MemFree:         1815784 kB
Active:           461080 kB
Mem:          3.8G       2.1G       1.7G       5.7M        57M       1.6G

MemTotal:        4016004 kB
MemFree:         1773376 kB
Active:           461080 kB
Mem:          3.8G       2.1G       1.7G       5.7M        57M       1.7G

MemTotal:        4016004 kB
MemFree:         1745040 kB
Active:           461096 kB
Mem:          3.8G       2.2G       1.7G       5.7M        57M       1.7G

MemTotal:        4016004 kB
MemFree:         1741432 kB
Active:           461160 kB
Mem:          3.8G       2.2G       1.7G       5.7M        57M       1.7G

MemTotal:        4016004 kB
MemFree:         1714568 kB
Active:           461180 kB
Mem:          3.8G       2.2G       1.6G       5.7M        57M       1.7G

MemTotal:        4016004 kB
MemFree:         1671788 kB
Active:           461180 kB
Mem:          3.8G       2.2G       1.6G       5.7M        57M       1.8G

MemTotal:        4016004 kB
MemFree:         1629448 kB
Active:           461220 kB
Mem:          3.8G       2.3G       1.6G       5.7M        57M       1.8G

MemTotal:        4016004 kB
MemFree:         1587720 kB
Active:           461228 kB
Mem:          3.8G       2.3G       1.5G       5.7M        57M       1.8G

MemTotal:        4016004 kB
MemFree:         1544472 kB
Active:           461264 kB
Mem:          3.8G       2.4G       1.5G       5.7M        57M       1.9G

MemTotal:        4016004 kB
MemFree:         1501968 kB
Active:           461296 kB
Mem:          3.8G       2.4G       1.4G       5.7M        57M       1.9G

MemTotal:        4016004 kB
MemFree:         1459588 kB
Active:           461320 kB
Mem:          3.8G       2.4G       1.4G       5.7M        57M       2.0G

MemTotal:        4016004 kB
MemFree:         1417348 kB
Active:           461328 kB
Mem:          3.8G       2.5G       1.4G       5.7M        57M       2.0G

MemTotal:        4016004 kB
MemFree:         1374348 kB
Active:           461376 kB
Mem:          3.8G       2.5G       1.3G       5.7M        57M       2.0G

MemTotal:        4016004 kB
MemFree:         1332376 kB
Active:           461376 kB
Mem:          3.8G       2.6G       1.3G       5.7M        57M       2.1G

MemTotal:        4016004 kB
MemFree:         1300300 kB
Active:           461352 kB
Mem:          3.8G       2.6G       1.2G       5.7M        57M       2.1G

MemTotal:        4016004 kB
MemFree:         1293124 kB
Active:           461396 kB
Mem:          3.8G       2.6G       1.2G       5.7M        57M       2.1G

MemTotal:        4016004 kB
MemFree:         1250372 kB
Active:           461400 kB
Mem:          3.8G       2.6G       1.2G       5.7M        57M       2.2G

MemTotal:        4016004 kB
MemFree:         1208308 kB
Active:           461436 kB
Mem:          3.8G       2.7G       1.2G       5.7M        57M       2.2G

MemTotal:        4016004 kB
MemFree:         1166272 kB
Active:           461440 kB
Mem:          3.8G       2.7G       1.1G       5.7M        57M       2.2G

MemTotal:        4016004 kB
MemFree:         1123616 kB
Active:           461480 kB
Mem:          3.8G       2.8G       1.1G       5.7M        57M       2.3G

MemTotal:        4016004 kB
MemFree:         1081360 kB
Active:           461492 kB
Mem:          3.8G       2.8G       1.0G       5.7M        57M       2.3G

MemTotal:        4016004 kB
MemFree:         1038608 kB
Active:           461508 kB
Mem:          3.8G       2.8G       1.0G       5.7M        57M       2.4G

MemTotal:        4016004 kB
MemFree:          996848 kB
Active:           461560 kB
Mem:          3.8G       2.9G       972M       5.7M        57M       2.4G

MemTotal:        4016004 kB
MemFree:          954468 kB
Active:           461584 kB
Mem:          3.8G       2.9G       931M       5.7M        57M       2.4G

MemTotal:        4016004 kB
MemFree:          931292 kB
Active:           461636 kB
Mem:          3.8G       2.9G       908M       5.7M        57M       2.5G

MemTotal:        4016004 kB
MemFree:          896620 kB
Active:           461652 kB
Mem:          3.8G       3.0G       875M       5.7M        57M       2.5G

MemTotal:        4016004 kB
MemFree:          854208 kB
Active:           461668 kB
Mem:          3.8G       3.0G       834M       5.7M        57M       2.5G

MemTotal:        4016004 kB
MemFree:          811580 kB
Active:           461676 kB
Mem:          3.8G       3.1G       792M       5.7M        57M       2.6G

MemTotal:        4016004 kB
MemFree:          768820 kB
Active:           461708 kB
Mem:          3.8G       3.1G       750M       5.7M        57M       2.6G

MemTotal:        4016004 kB
MemFree:          726324 kB
Active:           461720 kB
Mem:          3.8G       3.1G       709M       5.7M        57M       2.6G

MemTotal:        4016004 kB
MemFree:          683604 kB
Active:           461776 kB
Mem:          3.8G       3.2G       667M       5.7M        57M       2.7G

MemTotal:        4016004 kB
MemFree:          640748 kB
Active:           461824 kB
Mem:          3.8G       3.2G       625M       5.7M        57M       2.7G

MemTotal:        4016004 kB
MemFree:          598616 kB
Active:           461832 kB
Mem:          3.8G       3.3G       584M       5.7M        57M       2.8G

MemTotal:        4016004 kB
MemFree:          556236 kB
Active:           461832 kB
Mem:          3.8G       3.3G       542M       5.7M        57M       2.8G

MemTotal:        4016004 kB
MemFree:          514708 kB
Active:           461832 kB
Mem:          3.8G       3.3G       502M       5.7M        57M       2.8G

MemTotal:        4016004 kB
MemFree:          471460 kB
Active:           461924 kB
Mem:          3.8G       3.4G       459M       5.7M        57M       2.9G

MemTotal:        4016004 kB
MemFree:          430012 kB
Active:           461932 kB
Mem:          3.8G       3.4G       419M       5.7M        57M       2.9G

MemTotal:        4016004 kB
MemFree:          386700 kB
Active:           461968 kB
Mem:          3.8G       3.5G       377M       5.7M        57M       3.0G

MemTotal:        4016004 kB
MemFree:          345548 kB
Active:           461968 kB
Mem:          3.8G       3.5G       337M       5.7M        57M       3.0G

MemTotal:        4016004 kB
MemFree:          302468 kB
Active:           462004 kB
Mem:          3.8G       3.5G       295M       5.7M        57M       3.0G

MemTotal:        4016004 kB
MemFree:          274492 kB
Active:           462024 kB
Mem:          3.8G       3.6G       267M       5.7M        57M       3.1G

MemTotal:        4016004 kB
MemFree:          253812 kB
Active:           462032 kB
Mem:          3.8G       3.6G       247M       5.7M        57M       3.1G

MemTotal:        4016004 kB
MemFree:          210612 kB
Active:           462076 kB
Mem:          3.8G       3.6G       205M       5.7M        57M       3.1G

MemTotal:        4016004 kB
MemFree:          168884 kB
Active:           462076 kB
Mem:          3.8G       3.7G       164M       5.7M        57M       3.2G

MemTotal:        4016004 kB
MemFree:          126140 kB
Active:           462120 kB
Mem:          3.8G       3.7G       122M       5.7M        57M       3.2G

MemTotal:        4016004 kB
MemFree:          120688 kB
Active:           459092 kB
Mem:          3.8G       3.7G       115M       5.7M        24M       3.2G

MemTotal:        4016004 kB
MemFree:          111692 kB
Active:           471964 kB
Mem:          3.8G       3.7G       109M       5.7M        24M       3.3G

MemTotal:        4016004 kB
MemFree:          105604 kB
Active:           488536 kB
Mem:          3.8G       3.7G       134M       5.7M        24M       3.2G

MemTotal:        4016004 kB
MemFree:          117840 kB
Active:           524592 kB
Mem:          3.8G       3.7G       113M       5.7M        24M       3.2G

MemTotal:        4016004 kB
MemFree:          111972 kB
Active:           521164 kB
Mem:          3.8G       3.7G       108M       5.7M        24M       3.3G

MemTotal:        4016004 kB
MemFree:          134996 kB
Active:           514792 kB
Mem:          3.8G       3.7G       131M       5.7M        24M       3.2G

MemTotal:        4016004 kB
MemFree:          128436 kB
Active:           511376 kB
Mem:          3.8G       3.7G       125M       5.7M        24M       3.2G

MemTotal:        4016004 kB
MemFree:          129376 kB
Active:           505876 kB
Mem:          3.8G       3.7G       126M       5.7M        24M       3.2G

MemTotal:        4016004 kB
MemFree:          118252 kB
Active:           505872 kB
Mem:          3.8G       3.7G       115M       5.7M        24M       3.2G

MemTotal:        4016004 kB
MemFree:          125736 kB
Active:           502604 kB
Mem:          3.8G       3.7G       122M       5.7M        24M       3.2G

MemTotal:        4016004 kB
MemFree:          142716 kB
Active:           497384 kB
Mem:          3.8G       3.7G       138M       5.7M        24M       3.2G

MemTotal:        4016004 kB
MemFree:          124524 kB
Active:           495364 kB
Mem:          3.8G       3.7G       121M       5.7M        24M       3.2G

MemTotal:        4016004 kB
MemFree:          136100 kB
Active:           489112 kB
Mem:          3.8G       3.7G       132M       5.7M        24M       3.2G

MemTotal:        4016004 kB
MemFree:          134884 kB
Active:           484648 kB
Mem:          3.8G       3.7G       131M       5.7M        24M       3.2G

MemTotal:        4016004 kB
MemFree:          126652 kB
Active:           478432 kB
Mem:          3.8G       3.7G       123M       5.7M        24M       3.2G

MemTotal:        4016004 kB
MemFree:          106168 kB
Active:           472468 kB
Mem:          3.8G       3.7G       103M       5.7M        24M       3.3G

MemTotal:        4016004 kB
MemFree:          128876 kB
Active:           467308 kB
Mem:          3.8G       3.7G       126M       5.7M        24M       3.2G

MemTotal:        4016004 kB
MemFree:          142592 kB
Active:           465252 kB
Mem:          3.8G       3.7G       138M       5.7M        24M       3.2G

MemTotal:        4016004 kB
MemFree:          135164 kB
Active:           464108 kB
Mem:          3.8G       3.7G       132M       5.7M        24M       3.2G

MemTotal:        4016004 kB
MemFree:          116040 kB
Active:           463276 kB
Mem:          3.8G       3.7G       113M       5.7M        24M       3.2G

MemTotal:        4016004 kB
MemFree:          120012 kB
Active:           459796 kB
Mem:          3.8G       3.7G       117M       5.7M        24M       3.2G

MemTotal:        4016004 kB
MemFree:          117208 kB
Active:           459812 kB
Mem:          3.8G       3.7G       114M       5.7M        24M       3.2G

MemTotal:        4016004 kB
MemFree:          127312 kB
Active:           458800 kB
Mem:          3.8G       3.7G       124M       5.7M        24M       3.2G

MemTotal:        4016004 kB
MemFree:          120244 kB
Active:           457680 kB
Mem:          3.8G       3.7G       117M       5.7M        24M       3.2G

MemTotal:        4016004 kB
MemFree:          124036 kB
Active:           453976 kB
Mem:          3.8G       3.7G       120M       5.7M        25M       3.2G

MemTotal:        4016004 kB
MemFree:          130976 kB
Active:           452080 kB
Mem:          3.8G       3.7G       127M       5.7M        25M       3.2G

MemTotal:        4016004 kB
MemFree:          143908 kB
Active:           448360 kB
Mem:          3.8G       3.7G       139M       5.7M        25M       3.2G

MemTotal:        4016004 kB
MemFree:          123340 kB
Active:           447792 kB
Mem:          3.8G       3.7G       120M       5.7M        25M       3.2G

MemTotal:        4016004 kB
MemFree:          127896 kB
Active:           446148 kB
Mem:          3.8G       3.7G       125M       5.7M        25M       3.2G

MemTotal:        4016004 kB
MemFree:          134628 kB
Active:           444228 kB
Mem:          3.8G       3.7G       131M       5.7M        25M       3.2G

MemTotal:        4016004 kB
MemFree:          129456 kB
Active:           442868 kB
Mem:          3.8G       3.7G       130M       5.7M        25M       3.2G

MemTotal:        4016004 kB
MemFree:          127888 kB
Active:           441228 kB
Mem:          3.8G       3.7G       124M       5.7M        25M       3.2G

MemTotal:        4016004 kB
MemFree:          132308 kB
Active:           439720 kB
Mem:          3.8G       3.7G       129M       5.7M        25M       3.2G

MemTotal:        4016004 kB
MemFree:          136228 kB
Active:           437820 kB
Mem:          3.8G       3.7G       133M       5.7M        25M       3.2G

MemTotal:        4016004 kB
MemFree:          132160 kB
Active:           437648 kB
Mem:          3.8G       3.7G       128M       5.7M        25M       3.2G

MemTotal:        4016004 kB
MemFree:          130980 kB
Active:           437712 kB
Mem:          3.8G       3.7G       128M       5.7M        25M       3.2G

MemTotal:        4016004 kB
MemFree:          131572 kB
Active:           437680 kB
Mem:          3.8G       3.7G       128M       5.7M        25M       3.2G

MemTotal:        4016004 kB
MemFree:          131452 kB
Active:           437684 kB
Mem:          3.8G       3.7G       128M       5.7M        25M       3.2G

MemTotal:        4016004 kB
MemFree:          106656 kB
Active:           437720 kB
Mem:          3.8G       3.7G       104M       5.7M        25M       3.3G

MemTotal:        4016004 kB
MemFree:          127188 kB
Active:           435576 kB
Mem:          3.8G       3.7G       124M       5.7M        25M       3.2G

MemTotal:        4016004 kB
MemFree:          120920 kB
Active:           434572 kB
Mem:          3.8G       3.7G       118M       5.7M        25M       3.2G

MemTotal:        4016004 kB
MemFree:          108116 kB
Active:           433576 kB
Mem:          3.8G       3.7G       105M       5.7M        25M       3.3G

MemTotal:        4016004 kB
MemFree:          126524 kB
Active:           431804 kB
Mem:          3.8G       3.7G       123M       5.7M        25M       3.2G

MemTotal:        4016004 kB
MemFree:          127020 kB
Active:           430288 kB
Mem:          3.8G       3.7G       123M       5.7M        25M       3.2G

MemTotal:        4016004 kB
MemFree:          108768 kB
Active:           429612 kB
Mem:          3.8G       3.7G       105M       5.7M        25M       3.3G

MemTotal:        4016004 kB
MemFree:          125896 kB
Active:           427900 kB
Mem:          3.8G       3.7G       122M       5.7M        25M       3.2G

MemTotal:        4016004 kB
MemFree:          125248 kB
Active:           426340 kB
Mem:          3.8G       3.7G       121M       5.7M        25M       3.2G

MemTotal:        4016004 kB
MemFree:          106708 kB
Active:           425736 kB
Mem:          3.8G       3.7G       104M       5.7M        25M       3.3G

MemTotal:        4016004 kB
MemFree:          124848 kB
Active:           423992 kB
Mem:          3.8G       3.7G       127M       5.7M        25M       3.2G

MemTotal:        4016004 kB
MemFree:          105784 kB
Active:           423364 kB
Mem:          3.8G       3.7G       103M       5.7M        25M       3.3G

MemTotal:        4016004 kB
MemFree:          129684 kB
Active:           422380 kB
Mem:          3.8G       3.7G       126M       5.7M        25M       3.2G

MemTotal:        4016004 kB
MemFree:          130396 kB
Active:           422252 kB
Mem:          3.8G       3.7G       127M       5.7M        25M       3.2G

MemTotal:        4016004 kB
MemFree:          129936 kB
Active:           422248 kB
Mem:          3.8G       3.7G       126M       5.7M        25M       3.2G

MemTotal:        4016004 kB
MemFree:          121864 kB
Active:           422256 kB
Mem:          3.8G       3.7G       118M       5.7M        25M       3.2G

MemTotal:        4016004 kB
MemFree:          115792 kB
Active:           419308 kB
Mem:          3.8G       3.7G       112M       5.7M        25M       3.2G

MemTotal:        4016004 kB
MemFree:          109440 kB
Active:           418052 kB
Mem:          3.8G       3.7G       106M       5.7M        25M       3.3G

MemTotal:        4016004 kB
MemFree:          114140 kB
Active:           414276 kB
Mem:          3.8G       3.7G       111M       5.7M        25M       3.2G

MemTotal:        4016004 kB
MemFree:          132780 kB
Active:           412408 kB
Mem:          3.8G       3.7G       129M       5.7M        25M       3.2G

MemTotal:        4016004 kB
MemFree:          124964 kB
Active:           411280 kB
Mem:          3.8G       3.7G       122M       5.7M        25M       3.2G

MemTotal:        4016004 kB
MemFree:          129984 kB
Active:           409348 kB
Mem:          3.8G       3.7G       126M       5.7M        25M       3.2G

MemTotal:        4016004 kB
MemFree:          123668 kB
Active:           408216 kB
Mem:          3.8G       3.7G       120M       5.7M        25M       3.2G

MemTotal:        4016004 kB
MemFree:          127708 kB
Active:           407132 kB
Mem:          3.8G       3.7G       124M       5.7M        25M       3.2G

MemTotal:        4016004 kB
MemFree:          126436 kB
Active:           406004 kB
Mem:          3.8G       3.7G       123M       5.7M        25M       3.2G

MemTotal:        4016004 kB
MemFree:          138320 kB
Active:           404328 kB
Mem:          3.8G       3.7G       134M       5.7M        25M       3.2G

MemTotal:        4016004 kB
MemFree:          122500 kB
Active:           401328 kB
Mem:          3.8G       3.7G       121M       5.7M        25M       3.2G

MemTotal:        4016004 kB
MemFree:          118440 kB
Active:           400560 kB
Mem:          3.8G       3.7G       115M       5.7M        25M       3.2G

MemTotal:        4016004 kB
MemFree:          117696 kB
Active:           400592 kB
Mem:          3.8G       3.7G       115M       5.7M        25M       3.2G

MemTotal:        4016004 kB
MemFree:          106904 kB
Active:           400556 kB
Mem:          3.8G       3.7G       103M       5.7M        25M       3.3G

MemTotal:        4016004 kB
MemFree:          135440 kB
Active:           398448 kB
Mem:          3.8G       3.7G       132M       5.7M        25M       3.2G

MemTotal:        4016004 kB
MemFree:          135448 kB
Active:           396780 kB
Mem:          3.8G       3.7G       132M       5.7M        25M       3.2G

MemTotal:        4016004 kB
MemFree:          133612 kB
Active:           395420 kB
Mem:          3.8G       3.7G       130M       5.7M        25M       3.2G

MemTotal:        4016004 kB
MemFree:          106000 kB
Active:           394488 kB
Mem:          3.8G       3.7G       102M       5.7M        25M       3.3G

MemTotal:        4016004 kB
MemFree:          109764 kB
Active:           392920 kB
Mem:          3.8G       3.7G       107M       5.7M        25M       3.3G

MemTotal:        4016004 kB
MemFree:          121036 kB
Active:           392904 kB
Mem:          3.8G       3.7G       118M       5.7M        25M       3.2G

MemTotal:        4016004 kB
MemFree:          115140 kB
Active:           392916 kB
Mem:          3.8G       3.7G       112M       5.7M        25M       3.2G

MemTotal:        4016004 kB
MemFree:          110464 kB
Active:           392812 kB
Mem:          3.8G       3.7G       107M       5.7M        25M       3.3G

MemTotal:        4016004 kB
MemFree:          127044 kB
Active:           392892 kB
Mem:          3.8G       3.7G       123M       5.7M        25M       3.2G

MemTotal:        4016004 kB
MemFree:          107616 kB
Active:           392796 kB
Mem:          3.8G       3.7G       104M       5.7M        25M       3.3G

MemTotal:        4016004 kB
MemFree:          128796 kB
Active:           392816 kB
Mem:          3.8G       3.7G       125M       5.7M        25M       3.2G

MemTotal:        4016004 kB
MemFree:          114116 kB
Active:           392784 kB
Mem:          3.8G       3.7G       110M       5.7M        25M       3.2G

MemTotal:        4016004 kB
MemFree:          132044 kB
Active:           392852 kB
Mem:          3.8G       3.7G       128M       5.7M        25M       3.2G

MemTotal:        4016004 kB
MemFree:          125792 kB
Active:           392856 kB
Mem:          3.8G       3.7G       122M       5.7M        26M       3.2G

MemTotal:        4016004 kB
MemFree:          128412 kB
Active:           393068 kB
Mem:          3.8G       3.7G       125M       5.7M        26M       3.2G

MemTotal:        4016004 kB
MemFree:          122484 kB
Active:           392820 kB
Mem:          3.8G       3.7G       119M       5.7M        26M       3.2G

MemTotal:        4016004 kB
MemFree:          134248 kB
Active:           392788 kB
Mem:          3.8G       3.7G       130M       5.7M        26M       3.2G

MemTotal:        4016004 kB
MemFree:          127844 kB
Active:           392836 kB
Mem:          3.8G       3.7G       124M       5.7M        26M       3.2G

MemTotal:        4016004 kB
MemFree:          120780 kB
Active:           392880 kB
Mem:          3.8G       3.7G       118M       5.7M        26M       3.2G

MemTotal:        4016004 kB
MemFree:          113816 kB
Active:           392908 kB
Mem:          3.8G       3.7G       111M       5.7M        26M       3.2G

MemTotal:        4016004 kB
MemFree:          120312 kB
Active:           392932 kB
Mem:          3.8G       3.7G       117M       5.7M        26M       3.2G

MemTotal:        4016004 kB
MemFree:          113816 kB
Active:           392876 kB
Mem:          3.8G       3.7G       111M       5.7M        26M       3.2G

MemTotal:        4016004 kB
MemFree:          107392 kB
Active:           392908 kB
Mem:          3.8G       3.7G       104M       5.7M        26M       3.3G

MemTotal:        4016004 kB
MemFree:          127480 kB
Active:           392920 kB
Mem:          3.8G       3.7G       124M       5.7M        26M       3.2G

MemTotal:        4016004 kB
MemFree:          118912 kB
Active:           393072 kB
Mem:          3.8G       3.7G       116M       5.7M        26M       3.2G

MemTotal:        4016004 kB
MemFree:          113052 kB
Active:           393120 kB
Mem:          3.8G       3.7G       110M       5.7M        26M       3.2G

MemTotal:        4016004 kB
MemFree:          105084 kB
Active:           393152 kB
Mem:          3.8G       3.7G       102M       5.7M        26M       3.3G

MemTotal:        4016004 kB
MemFree:          111924 kB
Active:           393876 kB
Mem:          3.8G       3.7G       108M       5.7M        26M       3.2G

MemTotal:        4016004 kB
MemFree:          105280 kB
Active:           396228 kB
Mem:          3.8G       3.7G       102M       5.7M        28M       3.3G

MemTotal:        4016004 kB
MemFree:          120556 kB
Active:           396156 kB
Mem:          3.8G       3.7G       117M       5.7M        28M       3.2G

MemTotal:        4016004 kB
MemFree:          105624 kB
Active:           396192 kB
Mem:          3.8G       3.7G       103M       5.7M        29M       3.2G

MemTotal:        4016004 kB
MemFree:          133096 kB
Active:           396504 kB
Mem:          3.8G       3.7G       129M       5.7M        29M       3.2G

MemTotal:        4016004 kB
MemFree:          135200 kB
Active:           396824 kB
Mem:          3.8G       3.7G       132M       5.7M        29M       3.2G

MemTotal:        4016004 kB
MemFree:          128140 kB
Active:           396912 kB
Mem:          3.8G       3.7G       124M       5.7M        29M       3.2G

MemTotal:        4016004 kB
MemFree:          133160 kB
Active:           397004 kB
Mem:          3.8G       3.7G       130M       5.7M        30M       3.2G

MemTotal:        4016004 kB
MemFree:          136988 kB
Active:           397700 kB
Mem:          3.8G       3.7G       133M       5.7M        30M       3.2G

MemTotal:        4016004 kB
MemFree:          124676 kB
Active:           397012 kB
Mem:          3.8G       3.7G       121M       5.7M        30M       3.2G

MemTotal:        4016004 kB
MemFree:          140496 kB
Active:           397028 kB
Mem:          3.8G       3.7G       136M       5.7M        30M       3.2G

MemTotal:        4016004 kB
MemFree:          132196 kB
Active:           396972 kB
Mem:          3.8G       3.7G       129M       5.7M        30M       3.2G

MemTotal:        4016004 kB
MemFree:          140744 kB
Active:           396924 kB
Mem:          3.8G       3.7G       137M       5.7M        30M       3.2G

MemTotal:        4016004 kB
MemFree:          132260 kB
Active:           396936 kB
Mem:          3.8G       3.7G       129M       5.7M        30M       3.2G

MemTotal:        4016004 kB
MemFree:          106876 kB
Active:           396984 kB
Mem:          3.8G       3.7G       104M       5.7M        30M       3.2G

MemTotal:        4016004 kB
MemFree:          133884 kB
Active:           396984 kB
Mem:          3.8G       3.7G       130M       5.7M        30M       3.2G

MemTotal:        4016004 kB
MemFree:          125872 kB
Active:           396976 kB
Mem:          3.8G       3.7G       122M       5.7M        30M       3.2G

MemTotal:        4016004 kB
MemFree:          116076 kB
Active:           391680 kB
Mem:          3.8G       3.7G       113M       5.7M        30M       3.2G

MemTotal:        4016004 kB
MemFree:          107536 kB
Active:           391656 kB
Mem:          3.8G       3.7G       105M       5.7M        30M       3.2G

MemTotal:        4016004 kB
MemFree:          112380 kB
Active:           391700 kB
Mem:          3.8G       3.7G       109M       5.7M        30M       3.2G

MemTotal:        4016004 kB
MemFree:          124536 kB
Active:           391704 kB
Mem:          3.8G       3.7G       121M       5.7M        30M       3.2G

MemTotal:        4016004 kB
MemFree:          124184 kB
Active:           391700 kB
Mem:          3.8G       3.7G       121M       5.7M        30M       3.2G

MemTotal:        4016004 kB
MemFree:          127628 kB
Active:           391696 kB
Mem:          3.8G       3.7G       124M       5.7M        30M       3.2G

MemTotal:        4016004 kB
MemFree:          118680 kB
Active:           391716 kB
Mem:          3.8G       3.7G       116M       5.7M        30M       3.2G

MemTotal:        4016004 kB
MemFree:          127896 kB
Active:           391692 kB
Mem:          3.8G       3.7G       125M       5.7M        30M       3.2G

MemTotal:        4016004 kB
MemFree:          125104 kB
Active:           391692 kB
Mem:          3.8G       3.7G       122M       5.7M        30M       3.2G

MemTotal:        4016004 kB
MemFree:          110920 kB
Active:           391696 kB
Mem:          3.8G       3.7G       108M       5.7M        30M       3.2G

MemTotal:        4016004 kB
MemFree:          133344 kB
Active:           389976 kB
Mem:          3.8G       3.7G       129M       5.7M        30M       3.2G

MemTotal:        4016004 kB
MemFree:          125860 kB
Active:           389964 kB
Mem:          3.8G       3.7G       122M       5.7M        30M       3.2G

MemTotal:        4016004 kB
MemFree:          124344 kB
Active:           389964 kB
Mem:          3.8G       3.7G       121M       5.7M        30M       3.2G

MemTotal:        4016004 kB
MemFree:          116044 kB
Active:           389980 kB
Mem:          3.8G       3.7G       112M       5.7M        30M       3.2G

MemTotal:        4016004 kB
MemFree:          108744 kB
Active:           389988 kB
Mem:          3.8G       3.7G       106M       5.7M        30M       3.2G

MemTotal:        4016004 kB
MemFree:          112436 kB
Active:           390004 kB
Mem:          3.8G       3.7G       109M       5.7M        30M       3.2G

MemTotal:        4016004 kB
MemFree:          142672 kB
Active:           390004 kB
Mem:          3.8G       3.7G       139M       5.7M        30M       3.2G

MemTotal:        4016004 kB
MemFree:          121648 kB
Active:           389996 kB
Mem:          3.8G       3.7G       119M       5.7M        30M       3.2G

MemTotal:        4016004 kB
MemFree:          124916 kB
Active:           390028 kB
Mem:          3.8G       3.7G       121M       5.7M        30M       3.2G

MemTotal:        4016004 kB
MemFree:          132516 kB
Active:           388144 kB
Mem:          3.8G       3.7G       129M       5.7M        30M       3.2G

MemTotal:        4016004 kB
MemFree:          123296 kB
Active:           388056 kB
Mem:          3.8G       3.7G       120M       5.7M        30M       3.2G

MemTotal:        4016004 kB
MemFree:          109336 kB
Active:           388052 kB
Mem:          3.8G       3.7G       106M       5.7M        30M       3.2G

MemTotal:        4016004 kB
MemFree:          125580 kB
Active:           388044 kB
Mem:          3.8G       3.7G       122M       5.7M        30M       3.2G

MemTotal:        4016004 kB
MemFree:          122216 kB
Active:           388040 kB
Mem:          3.8G       3.7G       118M       5.7M        30M       3.2G

MemTotal:        4016004 kB
MemFree:          112952 kB
Active:           388068 kB
Mem:          3.8G       3.7G       110M       5.7M        30M       3.2G

MemTotal:        4016004 kB
MemFree:          129052 kB
Active:           388052 kB
Mem:          3.8G       3.7G       125M       5.7M        30M       3.2G

MemTotal:        4016004 kB
MemFree:          123356 kB
Active:           388056 kB
Mem:          3.8G       3.7G       120M       5.7M        30M       3.2G

MemTotal:        4016004 kB
MemFree:          117448 kB
Active:           388056 kB
Mem:          3.8G       3.7G       114M       5.7M        30M       3.2G

MemTotal:        4016004 kB
MemFree:          114996 kB
Active:           387100 kB
Mem:          3.8G       3.7G       111M       5.7M        30M       3.2G

MemTotal:        4016004 kB
MemFree:          114308 kB
Active:           387008 kB
Mem:          3.8G       3.7G       111M       5.7M        30M       3.2G

MemTotal:        4016004 kB
MemFree:          113412 kB
Active:           387048 kB
Mem:          3.8G       3.7G       110M       5.7M        30M       3.2G

MemTotal:        4016004 kB
MemFree:          108304 kB
Active:           387016 kB
Mem:          3.8G       3.7G       105M       5.7M        30M       3.2G

MemTotal:        4016004 kB
MemFree:          129828 kB
Active:           386996 kB
Mem:          3.8G       3.7G       126M       5.7M        30M       3.2G

MemTotal:        4016004 kB
MemFree:          108208 kB
Active:           387056 kB
Mem:          3.8G       3.7G       105M       5.7M        30M       3.2G

MemTotal:        4016004 kB
MemFree:          124364 kB
Active:           387056 kB
Mem:          3.8G       3.7G       122M       5.7M        30M       3.2G

MemTotal:        4016004 kB
MemFree:          130896 kB
Active:           387060 kB
Mem:          3.8G       3.7G       127M       5.7M        30M       3.2G

MemTotal:        4016004 kB
MemFree:          127632 kB
Active:           387048 kB
Mem:          3.8G       3.7G       124M       5.7M        30M       3.2G

MemTotal:        4016004 kB
MemFree:          131896 kB
Active:           387028 kB
Mem:          3.8G       3.7G       128M       5.7M        30M       3.2G

MemTotal:        4016004 kB
MemFree:          122384 kB
Active:           387060 kB
Mem:          3.8G       3.7G       119M       5.7M        30M       3.2G

MemTotal:        4016004 kB
MemFree:          138316 kB
Active:           373544 kB
Mem:          3.8G       3.7G       134M       5.7M        30M       3.2G

MemTotal:        4016004 kB
MemFree:          135932 kB
Active:           373348 kB
Mem:          3.8G       3.7G       132M       5.7M        30M       3.2G

MemTotal:        4016004 kB
MemFree:          126584 kB
Active:           373372 kB
Mem:          3.8G       3.7G       123M       5.7M        30M       3.2G

MemTotal:        4016004 kB
MemFree:          127668 kB
Active:           373336 kB
Mem:          3.8G       3.7G       124M       5.7M        30M       3.2G

MemTotal:        4016004 kB
MemFree:          116540 kB
Active:           373376 kB
Mem:          3.8G       3.7G       113M       5.7M        30M       3.2G

MemTotal:        4016004 kB
MemFree:          126600 kB
Active:           373384 kB
Mem:          3.8G       3.7G       123M       5.7M        30M       3.2G

MemTotal:        4016004 kB
MemFree:          118300 kB
Active:           373384 kB
Mem:          3.8G       3.7G       115M       5.7M        30M       3.2G

MemTotal:        4016004 kB
MemFree:          110364 kB
Active:           373404 kB
Mem:          3.8G       3.7G       107M       5.7M        30M       3.2G

MemTotal:        4016004 kB
MemFree:          117944 kB
Active:           373400 kB
Mem:          3.8G       3.7G       115M       5.7M        30M       3.2G

MemTotal:        4016004 kB
MemFree:          110232 kB
Active:           373400 kB
Mem:          3.8G       3.7G       107M       5.7M        30M       3.2G

MemTotal:        4016004 kB
MemFree:          126644 kB
Active:           373380 kB
Mem:          3.8G       3.7G       123M       5.7M        30M       3.2G

MemTotal:        4016004 kB
MemFree:          126240 kB
Active:           373368 kB
Mem:          3.8G       3.7G       122M       5.7M        30M       3.2G

MemTotal:        4016004 kB
MemFree:          125280 kB
Active:           371456 kB
Mem:          3.8G       3.7G       122M       5.7M        30M       3.2G

MemTotal:        4016004 kB
MemFree:          107600 kB
Active:           371348 kB
Mem:          3.8G       3.7G       104M       5.7M        30M       3.2G

MemTotal:        4016004 kB
MemFree:          135700 kB
Active:           371352 kB
Mem:          3.8G       3.7G       132M       5.7M        30M       3.2G

MemTotal:        4016004 kB
MemFree:          109084 kB
Active:           371344 kB
Mem:          3.8G       3.7G       106M       5.7M        30M       3.2G

MemTotal:        4016004 kB
MemFree:          128364 kB
Active:           371344 kB
Mem:          3.8G       3.7G       124M       5.7M        30M       3.2G

MemTotal:        4016004 kB
MemFree:          131604 kB
Active:           371420 kB
Mem:          3.8G       3.7G       128M       5.7M        30M       3.2G

MemTotal:        4016004 kB
MemFree:          122620 kB
Active:           371404 kB
Mem:          3.8G       3.7G       119M       5.7M        30M       3.2G

MemTotal:        4016004 kB
MemFree:          126740 kB
Active:           371396 kB
Mem:          3.8G       3.7G       123M       5.7M        30M       3.2G

MemTotal:        4016004 kB
MemFree:          131844 kB
Active:           371380 kB
Mem:          3.8G       3.7G       128M       5.7M        30M       3.2G

MemTotal:        4016004 kB
MemFree:          135772 kB
Active:           371424 kB
Mem:          3.8G       3.7G       132M       5.7M        30M       3.2G

MemTotal:        4016004 kB
MemFree:          151344 kB
Active:           371428 kB
Mem:          3.8G       3.7G       148M       5.7M        30M       3.2G

MemTotal:        4016004 kB
MemFree:          106940 kB
Active:           371432 kB
Mem:          3.8G       3.7G       104M       5.7M        30M       3.2G

MemTotal:        4016004 kB
MemFree:          118060 kB
Active:           368364 kB
Mem:          3.8G       3.7G       115M       5.7M        30M       3.2G

MemTotal:        4016004 kB
MemFree:          111248 kB
Active:           368376 kB
Mem:          3.8G       3.7G       108M       5.7M        30M       3.2G

MemTotal:        4016004 kB
MemFree:          118800 kB
Active:           368376 kB
Mem:          3.8G       3.7G       116M       5.7M        30M       3.2G

MemTotal:        4016004 kB
MemFree:          109472 kB
Active:           368352 kB
Mem:          3.8G       3.7G       106M       5.7M        30M       3.2G

MemTotal:        4016004 kB
MemFree:          126908 kB
Active:           368396 kB
Mem:          3.8G       3.7G       124M       5.7M        30M       3.2G

MemTotal:        4016004 kB
MemFree:          118400 kB
Active:           368376 kB
Mem:          3.8G       3.7G       115M       5.7M        30M       3.2G

MemTotal:        4016004 kB
MemFree:          110564 kB
Active:           368368 kB
Mem:          3.8G       3.7G       107M       5.7M        30M       3.2G

MemTotal:        4016004 kB
MemFree:          116604 kB
Active:           368400 kB
Mem:          3.8G       3.7G       113M       5.7M        30M       3.2G

MemTotal:        4016004 kB
MemFree:          108160 kB
Active:           368408 kB
Mem:          3.8G       3.7G       105M       5.7M        30M       3.2G

MemTotal:        4016004 kB
MemFree:          135964 kB
Active:           368408 kB
Mem:          3.8G       3.7G       132M       5.7M        30M       3.2G

MemTotal:        4016004 kB
MemFree:          139900 kB
Active:           368396 kB
Mem:          3.8G       3.7G       136M       5.7M        30M       3.2G

MemTotal:        4016004 kB
MemFree:          132136 kB
Active:           368368 kB
Mem:          3.8G       3.7G       128M       5.7M        30M       3.2G

MemTotal:        4016004 kB
MemFree:          137856 kB
Active:           366160 kB
Mem:          3.8G       3.7G       134M       5.7M        30M       3.2G

MemTotal:        4016004 kB
MemFree:          129076 kB
Active:           366108 kB
Mem:          3.8G       3.7G       125M       5.7M        30M       3.2G

MemTotal:        4016004 kB
MemFree:          132040 kB
Active:           366108 kB
Mem:          3.8G       3.7G       128M       5.7M        30M       3.2G

MemTotal:        4016004 kB
MemFree:          126560 kB
Active:           366088 kB
Mem:          3.8G       3.7G       122M       5.7M        30M       3.2G

MemTotal:        4016004 kB
MemFree:          111512 kB
Active:           366120 kB
Mem:          3.8G       3.7G       109M       5.7M        30M       3.2G

MemTotal:        4016004 kB
MemFree:          127588 kB
Active:           366124 kB
Mem:          3.8G       3.7G       124M       5.7M        30M       3.2G

MemTotal:        4016004 kB
MemFree:          125352 kB
Active:           366128 kB
Mem:          3.8G       3.7G       122M       5.7M        30M       3.2G

MemTotal:        4016004 kB
MemFree:          105144 kB
Active:           366132 kB
Mem:          3.8G       3.7G       102M       5.7M        30M       3.2G

MemTotal:        4016004 kB
MemFree:          133028 kB
Active:           366132 kB
Mem:          3.8G       3.7G       129M       5.7M        30M       3.2G

MemTotal:        4016004 kB
MemFree:          124128 kB
Active:           366132 kB
Mem:          3.8G       3.7G       121M       5.7M        30M       3.2G

MemTotal:        4016004 kB
MemFree:          127460 kB
Active:           366132 kB
Mem:          3.8G       3.7G       123M       5.7M        30M       3.2G

MemTotal:        4016004 kB
MemFree:          128852 kB
Active:           366140 kB
Mem:          3.8G       3.7G       126M       5.7M        30M       3.2G

MemTotal:        4016004 kB
MemFree:          127412 kB
Active:           366152 kB
Mem:          3.8G       3.7G       123M       5.7M        30M       3.2G

MemTotal:        4016004 kB
MemFree:          125460 kB
Active:           366136 kB
Mem:          3.8G       3.7G       122M       5.7M        30M       3.2G

MemTotal:        4016004 kB
MemFree:          119492 kB
Active:           366156 kB
Mem:          3.8G       3.7G       116M       5.7M        30M       3.2G

MemTotal:        4016004 kB
MemFree:          110452 kB
Active:           366120 kB
Mem:          3.8G       3.7G       107M       5.7M        30M       3.2G

MemTotal:        4016004 kB
MemFree:          125512 kB
Active:           363668 kB
Mem:          3.8G       3.7G       122M       5.7M        30M       3.2G

MemTotal:        4016004 kB
MemFree:          116584 kB
Active:           363384 kB
Mem:          3.8G       3.7G       113M       5.7M        30M       3.2G

MemTotal:        4016004 kB
MemFree:          108184 kB
Active:           363432 kB
Mem:          3.8G       3.7G       105M       5.7M        30M       3.2G

MemTotal:        4016004 kB
MemFree:          118820 kB
Active:           363436 kB
Mem:          3.8G       3.7G       116M       5.7M        30M       3.2G

MemTotal:        4016004 kB
MemFree:          110592 kB
Active:           363420 kB
Mem:          3.8G       3.7G       108M       5.7M        30M       3.2G

MemTotal:        4016004 kB
MemFree:          127160 kB
Active:           363400 kB
Mem:          3.8G       3.7G       123M       5.7M        30M       3.2G

MemTotal:        4016004 kB
MemFree:          126840 kB
Active:           363424 kB
Mem:          3.8G       3.7G       124M       5.7M        30M       3.2G

MemTotal:        4016004 kB
MemFree:          123556 kB
Active:           363424 kB
Mem:          3.8G       3.7G       120M       5.7M        30M       3.2G

MemTotal:        4016004 kB
MemFree:          105992 kB
Active:           363420 kB
Mem:          3.8G       3.7G       103M       5.7M        30M       3.2G

MemTotal:        4016004 kB
MemFree:          126500 kB
Active:           363460 kB
Mem:          3.8G       3.7G       123M       5.7M        30M       3.2G

MemTotal:        4016004 kB
MemFree:          126500 kB
Active:           363460 kB
Mem:          3.8G       3.7G       123M       5.7M        30M       3.2G

MemTotal:        4016004 kB
MemFree:          126596 kB
Active:           363468 kB
Mem:          3.8G       3.7G       123M       5.7M        30M       3.2G

MemTotal:        4016004 kB
MemFree:          112848 kB
Active:           363476 kB
Mem:          3.8G       3.7G       109M       5.7M        30M       3.2G

MemTotal:        4016004 kB
MemFree:          130936 kB
Active:           363464 kB
Mem:          3.8G       3.7G       127M       5.7M        30M       3.2G

MemTotal:        4016004 kB
MemFree:          122844 kB
Active:           363484 kB
Mem:          3.8G       3.7G       119M       5.7M        30M       3.2G

MemTotal:        4016004 kB
MemFree:          125012 kB
Active:           363440 kB
Mem:          3.8G       3.7G       121M       5.7M        30M       3.2G

MemTotal:        4016004 kB
MemFree:          115764 kB
Active:           363492 kB
Mem:          3.8G       3.7G       113M       5.7M        30M       3.2G

MemTotal:        4016004 kB
MemFree:          117912 kB
Active:           363484 kB
Mem:          3.8G       3.7G       115M       5.7M        30M       3.2G

MemTotal:        4016004 kB
MemFree:          134212 kB
Active:           363352 kB
Mem:          3.8G       3.7G       131M       5.7M        30M       3.2G

MemTotal:        4016004 kB
MemFree:          134000 kB
Active:           363192 kB
Mem:          3.8G       3.7G       130M       5.7M        30M       3.2G

MemTotal:        4016004 kB
MemFree:          134248 kB
Active:           363188 kB
Mem:          3.8G       3.7G       131M       5.7M        31M       3.2G

MemTotal:        4016004 kB
MemFree:          134496 kB
Active:           363188 kB
Mem:          3.8G       3.7G       131M       5.7M        31M       3.2G

MemTotal:        4016004 kB
MemFree:          134372 kB
Active:           363176 kB
Mem:          3.8G       3.7G       131M       5.7M        31M       3.2G

MemTotal:        4016004 kB
MemFree:          134744 kB
Active:           363176 kB
Mem:          3.8G       3.7G       131M       5.7M        31M       3.2G

MemTotal:        4016004 kB
MemFree:          134868 kB
Active:           363160 kB
Mem:          3.8G       3.7G       131M       5.7M        31M       3.2G

MemTotal:        4016004 kB
MemFree:          134372 kB
Active:           363216 kB
Mem:          3.8G       3.7G       131M       5.7M        31M       3.2G

MemTotal:        4016004 kB
MemFree:          134620 kB
Active:           363192 kB
Mem:          3.8G       3.7G       131M       5.7M        31M       3.2G

MemTotal:        4016004 kB
MemFree:          134744 kB
Active:           363188 kB
Mem:          3.8G       3.7G       131M       5.7M        31M       3.2G

MemTotal:        4016004 kB
MemFree:          134744 kB
Active:           363188 kB
Mem:          3.8G       3.7G       131M       5.7M        31M       3.2G

MemTotal:        4016004 kB
MemFree:          134620 kB
Active:           363176 kB
Mem:          3.8G       3.7G       131M       5.7M        31M       3.2G

MemTotal:        4016004 kB
MemFree:          134620 kB
Active:           363220 kB
Mem:          3.8G       3.7G       131M       5.7M        31M       3.2G

MemTotal:        4016004 kB
MemFree:          134620 kB
Active:           363208 kB
Mem:          3.8G       3.7G       131M       5.7M        31M       3.2G

MemTotal:        4016004 kB
MemFree:          134620 kB
Active:           363168 kB
Mem:          3.8G       3.7G       131M       5.7M        31M       3.2G

MemTotal:        4016004 kB
MemFree:          134992 kB
Active:           363216 kB
Mem:          3.8G       3.7G       131M       5.7M        31M       3.2G

MemTotal:        4016004 kB
MemFree:          134868 kB
Active:           363212 kB
Mem:          3.8G       3.7G       131M       5.7M        31M       3.2G

MemTotal:        4016004 kB
MemFree:          134372 kB
Active:           363228 kB
Mem:          3.8G       3.7G       131M       5.7M        31M       3.2G

MemTotal:        4016004 kB
MemFree:          134248 kB
Active:           363236 kB
Mem:          3.8G       3.7G       131M       5.7M        31M       3.2G

MemTotal:        4016004 kB
MemFree:          134372 kB
Active:           363216 kB
Mem:          3.8G       3.7G       131M       5.7M        31M       3.2G

MemTotal:        4016004 kB
MemFree:          134636 kB
Active:           363200 kB
Mem:          3.8G       3.7G       131M       5.7M        31M       3.2G

MemTotal:        4016004 kB
MemFree:          134264 kB
Active:           363240 kB
Mem:          3.8G       3.7G       131M       5.7M        31M       3.2G

MemTotal:        4016004 kB
MemFree:          134512 kB
Active:           363212 kB
Mem:          3.8G       3.7G       131M       5.7M        31M       3.2G

MemTotal:        4016004 kB
MemFree:          134884 kB
Active:           363208 kB
Mem:          3.8G       3.7G       131M       5.7M        31M       3.2G

MemTotal:        4016004 kB
MemFree:          133920 kB
Active:           363248 kB
