MemTotal:        4016004 kB
MemFree:         3223028 kB
Active:           437124 kB
Mem:          3.8G       774M       3.1G       5.7M        55M       322M

MemTotal:        4016004 kB
MemFree:         3223536 kB
Active:           436804 kB
Mem:          3.8G       773M       3.1G       5.7M        55M       322M

MemTotal:        4016004 kB
MemFree:         3223520 kB
Active:           436852 kB
Mem:          3.8G       773M       3.1G       5.7M        55M       322M

MemTotal:        4016004 kB
MemFree:         3223628 kB
Active:           436840 kB
Mem:          3.8G       773M       3.1G       5.7M        55M       322M

MemTotal:        4016004 kB
MemFree:         3223240 kB
Active:           436892 kB
Mem:          3.8G       773M       3.1G       5.7M        55M       322M

MemTotal:        4016004 kB
MemFree:         3223100 kB
Active:           436892 kB
Mem:          3.8G       774M       3.1G       5.7M        55M       322M

MemTotal:        4016004 kB
MemFree:         3223284 kB
Active:           436856 kB
Mem:          3.8G       774M       3.1G       5.7M        55M       322M

MemTotal:        4016004 kB
MemFree:         3223376 kB
Active:           436884 kB
Mem:          3.8G       774M       3.1G       5.7M        55M       322M

MemTotal:        4016004 kB
MemFree:         3223236 kB
Active:           436868 kB
Mem:          3.8G       774M       3.1G       5.7M        55M       322M

MemTotal:        4016004 kB
MemFree:         3223220 kB
Active:           436888 kB
Mem:          3.8G       774M       3.1G       5.7M        55M       322M

MemTotal:        4016004 kB
MemFree:         3223204 kB
Active:           436868 kB
Mem:          3.8G       774M       3.1G       5.7M        55M       322M

MemTotal:        4016004 kB
MemFree:         3223484 kB
Active:           436904 kB
Mem:          3.8G       774M       3.1G       5.7M        55M       322M

MemTotal:        4016004 kB
MemFree:         3223484 kB
Active:           436876 kB
Mem:          3.8G       774M       3.1G       5.7M        55M       322M

MemTotal:        4016004 kB
MemFree:         3223608 kB
Active:           436856 kB
Mem:          3.8G       773M       3.1G       5.7M        55M       322M

MemTotal:        4016004 kB
MemFree:         3223360 kB
Active:           436880 kB
Mem:          3.8G       773M       3.1G       5.7M        55M       322M

MemTotal:        4016004 kB
MemFree:         3223004 kB
Active:           436908 kB
Mem:          3.8G       774M       3.1G       5.7M        55M       322M

MemTotal:        4016004 kB
MemFree:         3223516 kB
Active:           436884 kB
Mem:          3.8G       773M       3.1G       5.7M        55M       322M

MemTotal:        4016004 kB
MemFree:         3223392 kB
Active:           436852 kB
Mem:          3.8G       774M       3.1G       5.7M        55M       322M

MemTotal:        4016004 kB
MemFree:         3223144 kB
Active:           436908 kB
Mem:          3.8G       774M       3.1G       5.7M        55M       322M

MemTotal:        4016004 kB
MemFree:         3223380 kB
Active:           436900 kB
Mem:          3.8G       774M       3.1G       5.7M        55M       322M

MemTotal:        4016004 kB
MemFree:         3223504 kB
Active:           436868 kB
Mem:          3.8G       774M       3.1G       5.7M        55M       322M

MemTotal:        4016004 kB
MemFree:         3223612 kB
Active:           436904 kB
Mem:          3.8G       774M       3.1G       5.7M        55M       322M

MemTotal:        4016004 kB
MemFree:         3223100 kB
Active:           436916 kB
Mem:          3.8G       774M       3.1G       5.7M        55M       322M

MemTotal:        4016004 kB
MemFree:         3223224 kB
Active:           436900 kB
Mem:          3.8G       774M       3.1G       5.7M        55M       322M

MemTotal:        4016004 kB
MemFree:         3223208 kB
Active:           436868 kB
Mem:          3.8G       774M       3.1G       5.7M        55M       322M

MemTotal:        4016004 kB
MemFree:         3223192 kB
Active:           436868 kB
Mem:          3.8G       774M       3.1G       5.7M        55M       322M

MemTotal:        4016004 kB
MemFree:         3223300 kB
Active:           436900 kB
Mem:          3.8G       774M       3.1G       5.7M        55M       322M

MemTotal:        4016004 kB
MemFree:         3223160 kB
Active:           436912 kB
Mem:          3.8G       773M       3.1G       5.7M        55M       322M

MemTotal:        4016004 kB
MemFree:         3223640 kB
Active:           436872 kB
Mem:          3.8G       773M       3.1G       5.7M        55M       322M

MemTotal:        4016004 kB
MemFree:         3223144 kB
Active:           436928 kB
Mem:          3.8G       774M       3.1G       5.7M        55M       322M

MemTotal:        4016004 kB
MemFree:         3223516 kB
Active:           436884 kB
Mem:          3.8G       773M       3.1G       5.7M        55M       322M

MemTotal:        4016004 kB
MemFree:         3223392 kB
Active:           436928 kB
Mem:          3.8G       774M       3.1G       5.7M        55M       322M

MemTotal:        4016004 kB
MemFree:         3223144 kB
Active:           436928 kB
Mem:          3.8G       774M       3.1G       5.7M        55M       322M

MemTotal:        4016004 kB
MemFree:         3222896 kB
Active:           436928 kB
Mem:          3.8G       774M       3.1G       5.7M        55M       322M

MemTotal:        4016004 kB
MemFree:         3223268 kB
Active:           436932 kB
Mem:          3.8G       774M       3.1G       5.7M        55M       322M

MemTotal:        4016004 kB
MemFree:         3223268 kB
Active:           436912 kB
Mem:          3.8G       774M       3.1G       5.7M        55M       322M

MemTotal:        4016004 kB
MemFree:         3221220 kB
Active:           436900 kB
Mem:          3.8G       776M       3.1G       5.7M        55M       322M

MemTotal:        4016004 kB
MemFree:         3220584 kB
Active:           438964 kB
Mem:          3.8G       776M       3.1G       5.7M        55M       322M

MemTotal:        4016004 kB
MemFree:         3221192 kB
Active:           438948 kB
Mem:          3.8G       776M       3.1G       5.7M        55M       322M

MemTotal:        4016004 kB
MemFree:         3220696 kB
Active:           438968 kB
Mem:          3.8G       776M       3.1G       5.7M        55M       322M

MemTotal:        4016004 kB
MemFree:         3220696 kB
Active:           438968 kB
Mem:          3.8G       776M       3.1G       5.7M        55M       322M

MemTotal:        4016004 kB
MemFree:         3221176 kB
Active:           438932 kB
Mem:          3.8G       776M       3.1G       5.7M        55M       322M

MemTotal:        4016004 kB
MemFree:         3221160 kB
Active:           438944 kB
Mem:          3.8G       776M       3.1G       5.7M        55M       322M

MemTotal:        4016004 kB
MemFree:         3221144 kB
Active:           438980 kB
Mem:          3.8G       776M       3.1G       5.7M        55M       322M

MemTotal:        4016004 kB
MemFree:         3221484 kB
Active:           438956 kB
Mem:          3.8G       776M       3.1G       5.7M        55M       322M

MemTotal:        4016004 kB
MemFree:         3221376 kB
Active:           438960 kB
Mem:          3.8G       776M       3.1G       5.7M        55M       322M

MemTotal:        4016004 kB
MemFree:         3221376 kB
Active:           438980 kB
Mem:          3.8G       775M       3.1G       5.7M        55M       322M

MemTotal:        4016004 kB
MemFree:         3221004 kB
Active:           438980 kB
Mem:          3.8G       776M       3.1G       5.7M        55M       322M

MemTotal:        4016004 kB
MemFree:         3221376 kB
Active:           438988 kB
Mem:          3.8G       776M       3.1G       5.7M        55M       322M

MemTotal:        4016004 kB
MemFree:         3221376 kB
Active:           438952 kB
Mem:          3.8G       775M       3.1G       5.7M        55M       322M

MemTotal:        4016004 kB
MemFree:         3221252 kB
Active:           438964 kB
Mem:          3.8G       776M       3.1G       5.7M        55M       322M

MemTotal:        4016004 kB
MemFree:         3221376 kB
Active:           438968 kB
Mem:          3.8G       776M       3.1G       5.7M        55M       322M

MemTotal:        4016004 kB
MemFree:         3221300 kB
Active:           438968 kB
Mem:          3.8G       776M       3.1G       5.7M        55M       322M

MemTotal:        4016004 kB
MemFree:         3220680 kB
Active:           439012 kB
Mem:          3.8G       776M       3.1G       5.7M        55M       322M

MemTotal:        4016004 kB
MemFree:         3220928 kB
Active:           438992 kB
Mem:          3.8G       776M       3.1G       5.7M        55M       322M

MemTotal:        4016004 kB
MemFree:         3221176 kB
Active:           438968 kB
Mem:          3.8G       776M       3.1G       5.7M        55M       322M

MemTotal:        4016004 kB
MemFree:         3221096 kB
Active:           436940 kB
Mem:          3.8G       776M       3.1G       5.7M        55M       322M

MemTotal:        4016004 kB
MemFree:         3220708 kB
Active:           439028 kB
Mem:          3.8G       776M       3.1G       5.7M        55M       322M

MemTotal:        4016004 kB
MemFree:         3220692 kB
Active:           439024 kB
Mem:          3.8G       776M       3.1G       5.7M        55M       322M

MemTotal:        4016004 kB
MemFree:         3220940 kB
Active:           439020 kB
Mem:          3.8G       776M       3.1G       5.7M        55M       322M

MemTotal:        4016004 kB
MemFree:         3220940 kB
Active:           439012 kB
Mem:          3.8G       776M       3.1G       5.7M        55M       322M

MemTotal:        4016004 kB
MemFree:         3221064 kB
Active:           439024 kB
Mem:          3.8G       776M       3.1G       5.7M        55M       322M

MemTotal:        4016004 kB
MemFree:         3221436 kB
Active:           438992 kB
Mem:          3.8G       776M       3.1G       5.7M        55M       322M

MemTotal:        4016004 kB
MemFree:         3221064 kB
Active:           438980 kB
Mem:          3.8G       776M       3.1G       5.7M        55M       322M

MemTotal:        4016004 kB
MemFree:         3220692 kB
Active:           439044 kB
Mem:          3.8G       776M       3.1G       5.7M        55M       322M

MemTotal:        4016004 kB
MemFree:         3220816 kB
Active:           439020 kB
Mem:          3.8G       776M       3.1G       5.7M        55M       322M

MemTotal:        4016004 kB
MemFree:         3221064 kB
Active:           438992 kB
Mem:          3.8G       776M       3.1G       5.7M        55M       322M

MemTotal:        4016004 kB
MemFree:         3221220 kB
Active:           439012 kB
Mem:          3.8G       776M       3.1G       5.7M        55M       322M

MemTotal:        4016004 kB
MemFree:         3220724 kB
Active:           439044 kB
Mem:          3.8G       776M       3.1G       5.7M        55M       322M

MemTotal:        4016004 kB
MemFree:         3220972 kB
Active:           438992 kB
Mem:          3.8G       776M       3.1G       5.7M        55M       322M

MemTotal:        4016004 kB
MemFree:         3220972 kB
Active:           439008 kB
Mem:          3.8G       776M       3.1G       5.7M        55M       322M

MemTotal:        4016004 kB
MemFree:         3220832 kB
Active:           439020 kB
Mem:          3.8G       776M       3.1G       5.7M        55M       322M

MemTotal:        4016004 kB
MemFree:         3220816 kB
Active:           439040 kB
Mem:          3.8G       776M       3.1G       5.7M        55M       322M

MemTotal:        4016004 kB
MemFree:         3220940 kB
Active:           438988 kB
Mem:          3.8G       776M       3.1G       5.7M        55M       322M

MemTotal:        4016004 kB
MemFree:         3221048 kB
Active:           439008 kB
Mem:          3.8G       776M       3.1G       5.7M        55M       322M

MemTotal:        4016004 kB
MemFree:         3220692 kB
Active:           439048 kB
Mem:          3.8G       776M       3.1G       5.7M        55M       322M

MemTotal:        4016004 kB
MemFree:         3220752 kB
Active:           436976 kB
Mem:          3.8G       777M       3.1G       5.7M        55M       322M

MemTotal:        4016004 kB
MemFree:         3220752 kB
Active:           439036 kB
Mem:          3.8G       776M       3.1G       5.7M        55M       322M

MemTotal:        4016004 kB
MemFree:         3220752 kB
Active:           439000 kB
Mem:          3.8G       776M       3.1G       5.7M        55M       322M

MemTotal:        4016004 kB
MemFree:         3220256 kB
Active:           439056 kB
Mem:          3.8G       776M       3.1G       5.7M        55M       322M

MemTotal:        4016004 kB
MemFree:         3220752 kB
Active:           439012 kB
Mem:          3.8G       776M       3.1G       5.7M        55M       322M

MemTotal:        4016004 kB
MemFree:         3220752 kB
Active:           439020 kB
Mem:          3.8G       776M       3.1G       5.7M        55M       322M

MemTotal:        4016004 kB
MemFree:         3221232 kB
Active:           439040 kB
Mem:          3.8G       776M       3.1G       5.7M        55M       322M

MemTotal:        4016004 kB
MemFree:         3220784 kB
Active:           439076 kB
Mem:          3.8G       776M       3.1G       5.7M        55M       322M

MemTotal:        4016004 kB
MemFree:         3220660 kB
Active:           439076 kB
Mem:          3.8G       776M       3.1G       5.7M        55M       322M

MemTotal:        4016004 kB
MemFree:         3220784 kB
Active:           439060 kB
Mem:          3.8G       776M       3.1G       5.7M        55M       322M

MemTotal:        4016004 kB
MemFree:         3220348 kB
Active:           437040 kB
Mem:          3.8G       777M       3.1G       5.7M        55M       322M

MemTotal:        4016004 kB
MemFree:         3220596 kB
Active:           439064 kB
Mem:          3.8G       776M       3.1G       5.7M        55M       322M

MemTotal:        4016004 kB
MemFree:         3220440 kB
Active:           439048 kB
Mem:          3.8G       776M       3.1G       5.7M        55M       322M

MemTotal:        4016004 kB
MemFree:         3220672 kB
Active:           439088 kB
Mem:          3.8G       776M       3.1G       5.7M        55M       322M

MemTotal:        4016004 kB
MemFree:         3220408 kB
Active:           439096 kB
Mem:          3.8G       776M       3.1G       5.7M        55M       322M

MemTotal:        4016004 kB
MemFree:         3221028 kB
Active:           439088 kB
Mem:          3.8G       776M       3.1G       5.7M        55M       322M

MemTotal:        4016004 kB
MemFree:         3220812 kB
Active:           439104 kB
Mem:          3.8G       776M       3.1G       5.7M        55M       322M

MemTotal:        4016004 kB
MemFree:         3220812 kB
Active:           439060 kB
Mem:          3.8G       776M       3.1G       5.7M        55M       322M

MemTotal:        4016004 kB
MemFree:         3220812 kB
Active:           439092 kB
Mem:          3.8G       776M       3.1G       5.7M        55M       322M

MemTotal:        4016004 kB
MemFree:         3220936 kB
Active:           439056 kB
Mem:          3.8G       776M       3.1G       5.7M        55M       322M

MemTotal:        4016004 kB
MemFree:         3220936 kB
Active:           439072 kB
Mem:          3.8G       776M       3.1G       5.7M        55M       322M

MemTotal:        4016004 kB
MemFree:         3220316 kB
Active:           439116 kB
Mem:          3.8G       777M       3.1G       5.7M        55M       322M

MemTotal:        4016004 kB
MemFree:         3220672 kB
Active:           439104 kB
Mem:          3.8G       777M       3.1G       5.7M        55M       322M

MemTotal:        4016004 kB
MemFree:         3220596 kB
Active:           439064 kB
Mem:          3.8G       777M       3.1G       5.7M        55M       322M

MemTotal:        4016004 kB
MemFree:         3220392 kB
Active:           439376 kB
Mem:          3.8G       776M       3.1G       5.7M        55M       322M

MemTotal:        4016004 kB
MemFree:         3118992 kB
Active:           440344 kB
Mem:          3.8G       876M       3.0G       5.7M        55M       420M

MemTotal:        4016004 kB
MemFree:         3111816 kB
Active:           440508 kB
Mem:          3.8G       883M       3.0G       5.7M        55M       426M

MemTotal:        4016004 kB
MemFree:         3006472 kB
Active:           440512 kB
Mem:          3.8G       988M       2.9G       5.7M        55M       530M

MemTotal:        4016004 kB
MemFree:         2869148 kB
Active:           440548 kB
Mem:          3.8G       1.1G       2.7G       5.7M        55M       661M

MemTotal:        4016004 kB
MemFree:         2762356 kB
Active:           440536 kB
Mem:          3.8G       1.2G       2.6G       5.7M        55M       761M

MemTotal:        4016004 kB
MemFree:         2758460 kB
Active:           438508 kB
Mem:          3.8G       1.2G       2.6G       5.7M        55M       764M

MemTotal:        4016004 kB
MemFree:         2748900 kB
Active:           440528 kB
Mem:          3.8G       1.2G       2.6G       5.7M        55M       778M

MemTotal:        4016004 kB
MemFree:         2619156 kB
Active:           440568 kB
Mem:          3.8G       1.3G       2.5G       5.7M        55M       900M

MemTotal:        4016004 kB
MemFree:         2512276 kB
Active:           440556 kB
Mem:          3.8G       1.4G       2.4G       5.7M        55M       1.0G

MemTotal:        4016004 kB
MemFree:         2385756 kB
Active:           440556 kB
Mem:          3.8G       1.6G       2.3G       5.7M        55M       1.1G

MemTotal:        4016004 kB
MemFree:         2282736 kB
Active:           440568 kB
Mem:          3.8G       1.7G       2.2G       5.7M        55M       1.2G

MemTotal:        4016004 kB
MemFree:         2277800 kB
Active:           440608 kB
Mem:          3.8G       1.7G       2.2G       5.7M        55M       1.2G

MemTotal:        4016004 kB
MemFree:         2277524 kB
Active:           440624 kB
Mem:          3.8G       1.7G       2.2G       5.7M        55M       1.2G

MemTotal:        4016004 kB
MemFree:         2270744 kB
Active:           440652 kB
Mem:          3.8G       1.7G       2.2G       5.7M        55M       1.2G

MemTotal:        4016004 kB
MemFree:         2265764 kB
Active:           440672 kB
Mem:          3.8G       1.7G       2.2G       5.7M        55M       1.2G

MemTotal:        4016004 kB
MemFree:         2261372 kB
Active:           440672 kB
Mem:          3.8G       1.7G       2.2G       5.7M        55M       1.2G

MemTotal:        4016004 kB
MemFree:         2257884 kB
Active:           440684 kB
Mem:          3.8G       1.7G       2.2G       5.7M        55M       1.2G

MemTotal:        4016004 kB
MemFree:         2255932 kB
Active:           440684 kB
Mem:          3.8G       1.7G       2.2G       5.7M        55M       1.2G

MemTotal:        4016004 kB
MemFree:         2256028 kB
Active:           440668 kB
Mem:          3.8G       1.7G       2.2G       5.7M        55M       1.2G

MemTotal:        4016004 kB
MemFree:         2253276 kB
Active:           440648 kB
Mem:          3.8G       1.7G       2.1G       5.7M        55M       1.2G

MemTotal:        4016004 kB
MemFree:         2187616 kB
Active:           440692 kB
Mem:          3.8G       1.7G       2.1G       5.7M        55M       1.3G

MemTotal:        4016004 kB
MemFree:         2063848 kB
Active:           440692 kB
Mem:          3.8G       1.9G       2.0G       5.7M        55M       1.4G

MemTotal:        4016004 kB
MemFree:         1960704 kB
Active:           440692 kB
Mem:          3.8G       2.0G       1.9G       5.7M        55M       1.5G

MemTotal:        4016004 kB
MemFree:         1846020 kB
Active:           440700 kB
Mem:          3.8G       2.1G       1.8G       5.7M        55M       1.6G

MemTotal:        4016004 kB
MemFree:         1714028 kB
Active:           440704 kB
Mem:          3.8G       2.2G       1.6G       5.7M        55M       1.7G

MemTotal:        4016004 kB
MemFree:         1586640 kB
Active:           440708 kB
Mem:          3.8G       2.3G       1.5G       5.7M        55M       1.8G

MemTotal:        4016004 kB
MemFree:         1540876 kB
Active:           440716 kB
Mem:          3.8G       2.4G       1.5G       5.7M        55M       1.9G

MemTotal:        4016004 kB
MemFree:         1539388 kB
Active:           440680 kB
Mem:          3.8G       2.4G       1.5G       5.7M        55M       1.9G

MemTotal:        4016004 kB
MemFree:         1539532 kB
Active:           440728 kB
Mem:          3.8G       2.4G       1.5G       5.7M        55M       1.9G

MemTotal:        4016004 kB
MemFree:         1533512 kB
Active:           440744 kB
Mem:          3.8G       2.4G       1.5G       5.7M        55M       1.9G

MemTotal:        4016004 kB
MemFree:         1530212 kB
Active:           440744 kB
Mem:          3.8G       2.4G       1.5G       5.7M        55M       1.9G

MemTotal:        4016004 kB
MemFree:         1508376 kB
Active:           440720 kB
Mem:          3.8G       2.4G       1.4G       5.7M        55M       1.9G

MemTotal:        4016004 kB
MemFree:         1483432 kB
Active:           440728 kB
Mem:          3.8G       2.4G       1.4G       5.7M        55M       1.9G

MemTotal:        4016004 kB
MemFree:         1483416 kB
Active:           440732 kB
Mem:          3.8G       2.4G       1.4G       5.7M        55M       1.9G

MemTotal:        4016004 kB
MemFree:         1483544 kB
Active:           440744 kB
Mem:          3.8G       2.4G       1.4G       5.7M        55M       1.9G

MemTotal:        4016004 kB
MemFree:         1475248 kB
Active:           440752 kB
Mem:          3.8G       2.4G       1.4G       5.7M        55M       2.0G

MemTotal:        4016004 kB
MemFree:         1408392 kB
Active:           440756 kB
Mem:          3.8G       2.5G       1.3G       5.7M        55M       2.0G

MemTotal:        4016004 kB
MemFree:         1304240 kB
Active:           442796 kB
Mem:          3.8G       2.6G       1.2G       5.7M        55M       2.1G

MemTotal:        4016004 kB
MemFree:         1183688 kB
Active:           442812 kB
Mem:          3.8G       2.7G       1.1G       5.7M        55M       2.2G

MemTotal:        4016004 kB
MemFree:         1054440 kB
Active:           442816 kB
Mem:          3.8G       2.8G       1.0G       5.7M        55M       2.3G

MemTotal:        4016004 kB
MemFree:          928432 kB
Active:           442816 kB
Mem:          3.8G       2.9G       905M       5.7M        55M       2.5G

MemTotal:        4016004 kB
MemFree:          810360 kB
Active:           442772 kB
Mem:          3.8G       3.1G       787M       5.7M        55M       2.6G

MemTotal:        4016004 kB
MemFree:          772980 kB
Active:           442780 kB
Mem:          3.8G       3.1G       754M       5.7M        55M       2.6G

MemTotal:        4016004 kB
MemFree:          773200 kB
Active:           442820 kB
Mem:          3.8G       3.1G       754M       5.7M        55M       2.6G

MemTotal:        4016004 kB
MemFree:          771252 kB
Active:           442808 kB
Mem:          3.8G       3.1G       753M       5.7M        55M       2.6G

MemTotal:        4016004 kB
MemFree:          762956 kB
Active:           440840 kB
Mem:          3.8G       3.1G       745M       5.7M        55M       2.6G

MemTotal:        4016004 kB
MemFree:          760152 kB
Active:           442888 kB
Mem:          3.8G       3.1G       742M       5.7M        55M       2.6G

MemTotal:        4016004 kB
MemFree:          739556 kB
Active:           442860 kB
Mem:          3.8G       3.1G       719M       5.7M        55M       2.6G

MemTotal:        4016004 kB
MemFree:          667476 kB
Active:           442888 kB
Mem:          3.8G       3.2G       651M       5.7M        55M       2.7G

MemTotal:        4016004 kB
MemFree:          661820 kB
Active:           442924 kB
Mem:          3.8G       3.2G       646M       5.7M        55M       2.7G

MemTotal:        4016004 kB
MemFree:          659436 kB
Active:           442916 kB
Mem:          3.8G       3.2G       643M       5.7M        55M       2.7G

MemTotal:        4016004 kB
MemFree:          657736 kB
Active:           442916 kB
Mem:          3.8G       3.2G       642M       5.7M        55M       2.7G

MemTotal:        4016004 kB
MemFree:          652612 kB
Active:           442940 kB
Mem:          3.8G       3.2G       637M       5.7M        55M       2.7G

MemTotal:        4016004 kB
MemFree:          623752 kB
Active:           442956 kB
Mem:          3.8G       3.2G       606M       5.7M        55M       2.8G

MemTotal:        4016004 kB
MemFree:          494380 kB
Active:           442932 kB
Mem:          3.8G       3.4G       479M       5.7M        55M       2.9G

MemTotal:        4016004 kB
MemFree:          385632 kB
Active:           440928 kB
Mem:          3.8G       3.5G       373M       5.7M        55M       3.0G

MemTotal:        4016004 kB
MemFree:          264088 kB
Active:           440928 kB
Mem:          3.8G       3.6G       255M       5.7M        55M       3.1G

MemTotal:        4016004 kB
MemFree:          130360 kB
Active:           440928 kB
Mem:          3.8G       3.7G       125M       5.7M        55M       3.2G

MemTotal:        4016004 kB
MemFree:          155604 kB
Active:           458928 kB
Mem:          3.8G       3.7G       141M       5.7M        20M       3.2G

MemTotal:        4016004 kB
MemFree:          144620 kB
Active:           458984 kB
Mem:          3.8G       3.7G       141M       5.7M        20M       3.2G

MemTotal:        4016004 kB
MemFree:          142860 kB
Active:           459060 kB
Mem:          3.8G       3.7G       139M       5.7M        20M       3.2G

MemTotal:        4016004 kB
MemFree:          138108 kB
Active:           459036 kB
Mem:          3.8G       3.7G       134M       5.7M        20M       3.2G

MemTotal:        4016004 kB
MemFree:          112600 kB
Active:           485008 kB
Mem:          3.8G       3.7G       128M       5.7M        20M       3.2G

MemTotal:        4016004 kB
MemFree:          127300 kB
Active:           482980 kB
Mem:          3.8G       3.7G       124M       5.7M        20M       3.3G

MemTotal:        4016004 kB
MemFree:          124716 kB
Active:           480956 kB
Mem:          3.8G       3.7G       121M       5.7M        20M       3.3G

MemTotal:        4016004 kB
MemFree:          121500 kB
Active:           483060 kB
Mem:          3.8G       3.7G       118M       5.7M        20M       3.3G

MemTotal:        4016004 kB
MemFree:          120232 kB
Active:           479780 kB
Mem:          3.8G       3.7G       115M       5.7M        20M       3.3G

MemTotal:        4016004 kB
MemFree:          140808 kB
Active:           463648 kB
Mem:          3.8G       3.7G       137M       5.7M        20M       3.2G

MemTotal:        4016004 kB
MemFree:          127548 kB
Active:           463580 kB
Mem:          3.8G       3.7G       121M       5.7M        20M       3.3G

MemTotal:        4016004 kB
MemFree:          140056 kB
Active:           457700 kB
Mem:          3.8G       3.7G       136M       5.7M        20M       3.2G

MemTotal:        4016004 kB
MemFree:          134912 kB
Active:           455560 kB
Mem:          3.8G       3.7G       128M       5.7M        20M       3.2G

MemTotal:        4016004 kB
MemFree:          126984 kB
Active:           450232 kB
Mem:          3.8G       3.7G       123M       5.7M        20M       3.2G

MemTotal:        4016004 kB
MemFree:          125532 kB
Active:           450124 kB
Mem:          3.8G       3.7G       122M       5.7M        20M       3.3G

MemTotal:        4016004 kB
MemFree:          119660 kB
Active:           450152 kB
Mem:          3.8G       3.7G       116M       5.7M        20M       3.3G

MemTotal:        4016004 kB
MemFree:          115576 kB
Active:           446068 kB
Mem:          3.8G       3.7G       122M       5.7M        20M       3.2G

MemTotal:        4016004 kB
MemFree:          122780 kB
Active:           447636 kB
Mem:          3.8G       3.7G       119M       5.7M        20M       3.3G

MemTotal:        4016004 kB
MemFree:          106676 kB
Active:           447140 kB
Mem:          3.8G       3.7G       117M       5.7M        20M       3.3G

MemTotal:        4016004 kB
MemFree:          125464 kB
Active:           446240 kB
Mem:          3.8G       3.7G       122M       5.7M        20M       3.2G

MemTotal:        4016004 kB
MemFree:          124968 kB
Active:           446244 kB
Mem:          3.8G       3.7G       122M       5.7M        20M       3.2G

MemTotal:        4016004 kB
MemFree:          121964 kB
Active:           446408 kB
Mem:          3.8G       3.7G       119M       5.7M        20M       3.3G

MemTotal:        4016004 kB
MemFree:          127136 kB
Active:           445852 kB
Mem:          3.8G       3.7G       122M       5.7M        20M       3.2G

MemTotal:        4016004 kB
MemFree:          130404 kB
Active:           437656 kB
Mem:          3.8G       3.7G       127M       5.7M        20M       3.2G

MemTotal:        4016004 kB
MemFree:          127040 kB
Active:           435836 kB
Mem:          3.8G       3.7G       124M       5.7M        20M       3.2G

MemTotal:        4016004 kB
MemFree:          124612 kB
Active:           435612 kB
Mem:          3.8G       3.7G       121M       5.7M        20M       3.3G

MemTotal:        4016004 kB
MemFree:          124520 kB
Active:           434364 kB
Mem:          3.8G       3.7G       120M       5.7M        20M       3.3G

MemTotal:        4016004 kB
MemFree:          129812 kB
Active:           430092 kB
Mem:          3.8G       3.7G       127M       5.7M        20M       3.2G

MemTotal:        4016004 kB
MemFree:          127332 kB
Active:           429588 kB
Mem:          3.8G       3.7G       124M       5.7M        20M       3.2G

MemTotal:        4016004 kB
MemFree:          117624 kB
Active:           427384 kB
Mem:          3.8G       3.7G       113M       5.7M        20M       3.3G

MemTotal:        4016004 kB
MemFree:          105080 kB
Active:           426544 kB
Mem:          3.8G       3.7G       125M       5.7M        20M       3.2G

MemTotal:        4016004 kB
MemFree:          126800 kB
Active:           425904 kB
Mem:          3.8G       3.7G       123M       5.7M        20M       3.2G

MemTotal:        4016004 kB
MemFree:          122076 kB
Active:           425864 kB
Mem:          3.8G       3.7G       118M       5.7M        20M       3.3G

MemTotal:        4016004 kB
MemFree:          118928 kB
Active:           425876 kB
Mem:          3.8G       3.7G       115M       5.7M        20M       3.3G

MemTotal:        4016004 kB
MemFree:          118504 kB
Active:           423888 kB
Mem:          3.8G       3.7G       115M       5.7M        20M       3.3G

MemTotal:        4016004 kB
MemFree:          126124 kB
Active:           420948 kB
Mem:          3.8G       3.7G       133M       5.7M        20M       3.2G

MemTotal:        4016004 kB
MemFree:          135644 kB
Active:           416824 kB
Mem:          3.8G       3.7G       130M       5.7M        20M       3.2G

MemTotal:        4016004 kB
MemFree:          132832 kB
Active:           410400 kB
Mem:          3.8G       3.7G       139M       5.7M        20M       3.2G

MemTotal:        4016004 kB
MemFree:          140636 kB
Active:           409808 kB
Mem:          3.8G       3.7G       137M       5.7M        20M       3.2G

MemTotal:        4016004 kB
MemFree:          126924 kB
Active:           409304 kB
Mem:          3.8G       3.7G       120M       5.7M        20M       3.3G

MemTotal:        4016004 kB
MemFree:          133748 kB
Active:           405084 kB
Mem:          3.8G       3.7G       130M       5.7M        20M       3.2G

MemTotal:        4016004 kB
MemFree:          127380 kB
Active:           405092 kB
Mem:          3.8G       3.7G       124M       5.7M        20M       3.2G

MemTotal:        4016004 kB
MemFree:          136096 kB
Active:           403428 kB
Mem:          3.8G       3.7G       130M       5.7M        20M       3.2G

MemTotal:        4016004 kB
MemFree:          140492 kB
Active:           402152 kB
Mem:          3.8G       3.7G       136M       5.7M        20M       3.2G

MemTotal:        4016004 kB
MemFree:          138264 kB
Active:           402156 kB
Mem:          3.8G       3.7G       134M       5.7M        20M       3.2G

MemTotal:        4016004 kB
MemFree:          131796 kB
Active:           402180 kB
Mem:          3.8G       3.7G       128M       5.7M        20M       3.2G

MemTotal:        4016004 kB
MemFree:          128448 kB
Active:           402152 kB
Mem:          3.8G       3.7G       125M       5.7M        20M       3.2G

MemTotal:        4016004 kB
MemFree:          123520 kB
Active:           401108 kB
Mem:          3.8G       3.7G       116M       5.7M        20M       3.3G

MemTotal:        4016004 kB
MemFree:          120272 kB
Active:           397712 kB
Mem:          3.8G       3.7G       125M       5.7M        20M       3.2G

MemTotal:        4016004 kB
MemFree:          131068 kB
Active:           393344 kB
Mem:          3.8G       3.7G       127M       5.7M        20M       3.2G

MemTotal:        4016004 kB
MemFree:          121240 kB
Active:           389916 kB
Mem:          3.8G       3.7G       116M       5.7M        20M       3.3G

MemTotal:        4016004 kB
MemFree:          130812 kB
Active:           388904 kB
Mem:          3.8G       3.7G       127M       5.7M        20M       3.2G

MemTotal:        4016004 kB
MemFree:          130652 kB
Active:           386472 kB
Mem:          3.8G       3.7G       125M       5.7M        20M       3.2G

MemTotal:        4016004 kB
MemFree:          126608 kB
Active:           383272 kB
Mem:          3.8G       3.7G       123M       5.7M        20M       3.2G

MemTotal:        4016004 kB
MemFree:          123756 kB
Active:           381004 kB
Mem:          3.8G       3.7G       121M       5.7M        20M       3.2G

MemTotal:        4016004 kB
MemFree:          124148 kB
Active:           385048 kB
Mem:          3.8G       3.7G       121M       5.7M        20M       3.2G

MemTotal:        4016004 kB
MemFree:          120124 kB
Active:           385024 kB
Mem:          3.8G       3.7G       116M       5.7M        20M       3.3G

MemTotal:        4016004 kB
MemFree:          107172 kB
Active:           381984 kB
Mem:          3.8G       3.7G       104M       5.7M        20M       3.3G

MemTotal:        4016004 kB
MemFree:          105004 kB
Active:           381988 kB
Mem:          3.8G       3.7G       102M       5.7M        20M       3.3G

MemTotal:        4016004 kB
MemFree:          124940 kB
Active:           381356 kB
Mem:          3.8G       3.7G       121M       5.7M        20M       3.2G

MemTotal:        4016004 kB
MemFree:          124884 kB
Active:           381336 kB
Mem:          3.8G       3.7G       122M       5.7M        20M       3.2G

MemTotal:        4016004 kB
MemFree:          125512 kB
Active:           381336 kB
Mem:          3.8G       3.7G       122M       5.7M        20M       3.2G

MemTotal:        4016004 kB
MemFree:          123992 kB
Active:           377832 kB
Mem:          3.8G       3.7G       124M       5.7M        20M       3.2G

MemTotal:        4016004 kB
MemFree:          136916 kB
Active:           374944 kB
Mem:          3.8G       3.7G       131M       5.7M        20M       3.2G

MemTotal:        4016004 kB
MemFree:          134624 kB
Active:           374952 kB
Mem:          3.8G       3.7G       131M       5.7M        20M       3.2G

MemTotal:        4016004 kB
MemFree:          134552 kB
Active:           376852 kB
Mem:          3.8G       3.7G       131M       5.7M        20M       3.2G

MemTotal:        4016004 kB
MemFree:          118060 kB
Active:           375948 kB
Mem:          3.8G       3.7G       133M       5.7M        20M       3.2G

MemTotal:        4016004 kB
MemFree:          139168 kB
Active:           375824 kB
Mem:          3.8G       3.7G       136M       5.7M        20M       3.2G

MemTotal:        4016004 kB
MemFree:          114204 kB
Active:           375832 kB
Mem:          3.8G       3.7G       110M       5.7M        20M       3.3G

MemTotal:        4016004 kB
MemFree:          110808 kB
Active:           375832 kB
Mem:          3.8G       3.7G       107M       5.7M        20M       3.3G

MemTotal:        4016004 kB
MemFree:          143608 kB
Active:           375820 kB
Mem:          3.8G       3.7G       139M       5.7M        20M       3.2G

MemTotal:        4016004 kB
MemFree:          141832 kB
Active:           375852 kB
Mem:          3.8G       3.7G       138M       5.7M        20M       3.2G

MemTotal:        4016004 kB
MemFree:          139756 kB
Active:           375808 kB
Mem:          3.8G       3.7G       136M       5.7M        20M       3.2G

MemTotal:        4016004 kB
MemFree:          138612 kB
Active:           375852 kB
Mem:          3.8G       3.7G       135M       5.7M        20M       3.2G

MemTotal:        4016004 kB
MemFree:          135684 kB
Active:           375856 kB
Mem:          3.8G       3.7G       129M       5.7M        20M       3.2G

MemTotal:        4016004 kB
MemFree:          136936 kB
Active:           375836 kB
Mem:          3.8G       3.7G       130M       5.7M        20M       3.2G

MemTotal:        4016004 kB
MemFree:          142316 kB
Active:           375840 kB
Mem:          3.8G       3.7G       136M       5.7M        20M       3.2G

MemTotal:        4016004 kB
MemFree:          124368 kB
Active:           375844 kB
Mem:          3.8G       3.7G       121M       5.7M        20M       3.2G

MemTotal:        4016004 kB
MemFree:          142116 kB
Active:           374856 kB
Mem:          3.8G       3.7G       139M       5.7M        20M       3.2G

MemTotal:        4016004 kB
MemFree:          136056 kB
Active:           374868 kB
Mem:          3.8G       3.7G       131M       5.7M        20M       3.2G

MemTotal:        4016004 kB
MemFree:          138564 kB
Active:           374868 kB
Mem:          3.8G       3.7G       132M       5.7M        20M       3.2G

MemTotal:        4016004 kB
MemFree:          137468 kB
Active:           374880 kB
Mem:          3.8G       3.7G       134M       5.7M        20M       3.2G

MemTotal:        4016004 kB
MemFree:          136716 kB
Active:           374888 kB
Mem:          3.8G       3.7G       133M       5.7M        20M       3.2G

MemTotal:        4016004 kB
MemFree:          134640 kB
Active:           374888 kB
Mem:          3.8G       3.7G       131M       5.7M        20M       3.2G

MemTotal:        4016004 kB
MemFree:          133776 kB
Active:           374872 kB
Mem:          3.8G       3.7G       130M       5.7M        20M       3.2G

MemTotal:        4016004 kB
MemFree:          133068 kB
Active:           374892 kB
Mem:          3.8G       3.7G       129M       5.7M        20M       3.2G

MemTotal:        4016004 kB
MemFree:          105568 kB
Active:           374900 kB
Mem:          3.8G       3.7G       124M       5.7M        20M       3.2G

MemTotal:        4016004 kB
MemFree:          136684 kB
Active:           371628 kB
Mem:          3.8G       3.7G       132M       5.7M        20M       3.2G

MemTotal:        4016004 kB
MemFree:          138380 kB
Active:           371640 kB
Mem:          3.8G       3.7G       132M       5.7M        20M       3.2G

MemTotal:        4016004 kB
MemFree:          111400 kB
Active:           371628 kB
Mem:          3.8G       3.7G       108M       5.7M        20M       3.3G

MemTotal:        4016004 kB
MemFree:          109880 kB
Active:           371640 kB
Mem:          3.8G       3.7G       107M       5.7M        21M       3.3G

MemTotal:        4016004 kB
MemFree:          134832 kB
Active:           371512 kB
Mem:          3.8G       3.7G       127M       5.7M        21M       3.2G

MemTotal:        4016004 kB
MemFree:          141352 kB
Active:           371504 kB
Mem:          3.8G       3.7G       137M       5.7M        21M       3.2G

MemTotal:        4016004 kB
MemFree:          106684 kB
Active:           371516 kB
Mem:          3.8G       3.7G       103M       5.7M        21M       3.3G

MemTotal:        4016004 kB
MemFree:          127672 kB
Active:           370840 kB
Mem:          3.8G       3.7G       124M       5.7M        21M       3.2G

MemTotal:        4016004 kB
MemFree:          139676 kB
Active:           371836 kB
Mem:          3.8G       3.7G       136M       5.7M        21M       3.2G

MemTotal:        4016004 kB
MemFree:          138968 kB
Active:           371864 kB
Mem:          3.8G       3.7G       136M       5.7M        21M       3.2G

MemTotal:        4016004 kB
MemFree:          116320 kB
Active:           371236 kB
Mem:          3.8G       3.7G       132M       5.7M        21M       3.2G

MemTotal:        4016004 kB
MemFree:          136312 kB
Active:           369032 kB
Mem:          3.8G       3.7G       131M       5.7M        21M       3.2G

MemTotal:        4016004 kB
MemFree:          117608 kB
Active:           368884 kB
Mem:          3.8G       3.7G       113M       5.7M        21M       3.3G

MemTotal:        4016004 kB
MemFree:          121840 kB
Active:           368908 kB
Mem:          3.8G       3.7G       118M       5.7M        21M       3.2G

MemTotal:        4016004 kB
MemFree:          128788 kB
Active:           368928 kB
Mem:          3.8G       3.7G       125M       5.7M        21M       3.2G

MemTotal:        4016004 kB
MemFree:          113380 kB
Active:           368932 kB
Mem:          3.8G       3.7G       109M       5.7M        21M       3.3G

MemTotal:        4016004 kB
MemFree:          150336 kB
Active:           367412 kB
Mem:          3.8G       3.7G       146M       5.7M        21M       3.2G

MemTotal:        4016004 kB
MemFree:          144008 kB
Active:           369056 kB
Mem:          3.8G       3.7G       140M       5.7M        21M       3.2G

MemTotal:        4016004 kB
MemFree:          120364 kB
Active:           369032 kB
Mem:          3.8G       3.7G       116M       5.7M        21M       3.2G

MemTotal:        4016004 kB
MemFree:          118768 kB
Active:           369072 kB
Mem:          3.8G       3.7G       115M       5.7M        21M       3.2G

MemTotal:        4016004 kB
MemFree:          118968 kB
Active:           369056 kB
Mem:          3.8G       3.7G       116M       5.7M        21M       3.2G

MemTotal:        4016004 kB
MemFree:          116796 kB
Active:           369076 kB
Mem:          3.8G       3.7G       114M       5.7M        21M       3.2G

MemTotal:        4016004 kB
MemFree:          115836 kB
Active:           369088 kB
Mem:          3.8G       3.7G       112M       5.7M        21M       3.3G

MemTotal:        4016004 kB
MemFree:          136056 kB
Active:           369088 kB
Mem:          3.8G       3.7G       130M       5.7M        21M       3.2G

MemTotal:        4016004 kB
MemFree:          130956 kB
Active:           369100 kB
Mem:          3.8G       3.7G       125M       5.7M        21M       3.2G

MemTotal:        4016004 kB
MemFree:          147060 kB
Active:           362216 kB
Mem:          3.8G       3.7G       142M       5.7M        21M       3.2G

MemTotal:        4016004 kB
MemFree:          133032 kB
Active:           362216 kB
Mem:          3.8G       3.7G       126M       5.7M        21M       3.2G

MemTotal:        4016004 kB
MemFree:          107084 kB
Active:           362216 kB
Mem:          3.8G       3.7G       104M       5.7M        21M       3.3G

MemTotal:        4016004 kB
MemFree:          120832 kB
Active:           362220 kB
Mem:          3.8G       3.7G       117M       5.7M        21M       3.2G

MemTotal:        4016004 kB
MemFree:          113160 kB
Active:           362220 kB
Mem:          3.8G       3.7G       109M       5.7M        21M       3.3G

MemTotal:        4016004 kB
MemFree:          143512 kB
Active:           362240 kB
Mem:          3.8G       3.7G       140M       5.7M        21M       3.2G

MemTotal:        4016004 kB
MemFree:          117128 kB
Active:           362240 kB
Mem:          3.8G       3.7G       114M       5.7M        21M       3.2G

MemTotal:        4016004 kB
MemFree:          116380 kB
Active:           362244 kB
Mem:          3.8G       3.7G       113M       5.7M        21M       3.2G

MemTotal:        4016004 kB
MemFree:          115264 kB
Active:           362244 kB
Mem:          3.8G       3.7G       112M       5.7M        21M       3.2G

MemTotal:        4016004 kB
MemFree:          114448 kB
Active:           362196 kB
Mem:          3.8G       3.7G       111M       5.7M        21M       3.2G

MemTotal:        4016004 kB
MemFree:          114052 kB
Active:           362252 kB
Mem:          3.8G       3.7G       111M       5.7M        21M       3.2G

MemTotal:        4016004 kB
MemFree:          128432 kB
Active:           357908 kB
Mem:          3.8G       3.7G       123M       5.7M        21M       3.2G

MemTotal:        4016004 kB
MemFree:          106128 kB
Active:           359080 kB
Mem:          3.8G       3.7G       123M       5.7M        21M       3.2G

MemTotal:        4016004 kB
MemFree:          137084 kB
Active:           358008 kB
Mem:          3.8G       3.7G       131M       5.7M        21M       3.2G

MemTotal:        4016004 kB
MemFree:          147340 kB
Active:           357880 kB
Mem:          3.8G       3.7G       144M       5.7M        21M       3.2G

MemTotal:        4016004 kB
MemFree:          136324 kB
Active:           355860 kB
Mem:          3.8G       3.7G       132M       5.7M        21M       3.2G

MemTotal:        4016004 kB
MemFree:          126816 kB
Active:           355892 kB
Mem:          3.8G       3.7G       122M       5.7M        21M       3.2G

MemTotal:        4016004 kB
MemFree:          136732 kB
Active:           355932 kB
Mem:          3.8G       3.7G       133M       5.7M        21M       3.2G

MemTotal:        4016004 kB
MemFree:          136772 kB
Active:           355928 kB
Mem:          3.8G       3.7G       133M       5.7M        21M       3.2G

MemTotal:        4016004 kB
MemFree:          135196 kB
Active:           355944 kB
Mem:          3.8G       3.7G       132M       5.7M        21M       3.2G

MemTotal:        4016004 kB
MemFree:          134812 kB
Active:           355948 kB
Mem:          3.8G       3.7G       131M       5.7M        21M       3.2G

MemTotal:        4016004 kB
MemFree:          132956 kB
Active:           355952 kB
Mem:          3.8G       3.7G       129M       5.7M        21M       3.2G

MemTotal:        4016004 kB
MemFree:          132260 kB
Active:           355948 kB
Mem:          3.8G       3.7G       124M       5.7M        21M       3.2G

MemTotal:        4016004 kB
MemFree:          130840 kB
Active:           355948 kB
Mem:          3.8G       3.7G       125M       5.7M        21M       3.2G

MemTotal:        4016004 kB
MemFree:          144476 kB
Active:           353212 kB
Mem:          3.8G       3.7G       139M       5.7M        21M       3.2G

MemTotal:        4016004 kB
MemFree:          135544 kB
Active:           353100 kB
Mem:          3.8G       3.7G       131M       5.7M        21M       3.2G

MemTotal:        4016004 kB
MemFree:          137532 kB
Active:           353112 kB
Mem:          3.8G       3.7G       134M       5.7M        21M       3.2G

MemTotal:        4016004 kB
MemFree:          146600 kB
Active:           353084 kB
Mem:          3.8G       3.7G       142M       5.7M        21M       3.2G

MemTotal:        4016004 kB
MemFree:          128312 kB
Active:           353116 kB
Mem:          3.8G       3.7G       122M       5.7M        21M       3.2G

MemTotal:        4016004 kB
MemFree:          150784 kB
Active:           353120 kB
Mem:          3.8G       3.7G       147M       5.7M        21M       3.2G

MemTotal:        4016004 kB
MemFree:          126100 kB
Active:           353128 kB
Mem:          3.8G       3.7G       123M       5.7M        21M       3.2G

MemTotal:        4016004 kB
MemFree:          124208 kB
Active:           353144 kB
Mem:          3.8G       3.7G       121M       5.7M        21M       3.2G

MemTotal:        4016004 kB
MemFree:          123064 kB
Active:           353124 kB
Mem:          3.8G       3.7G       120M       5.7M        21M       3.2G

MemTotal:        4016004 kB
MemFree:          122108 kB
Active:           353148 kB
Mem:          3.8G       3.7G       119M       5.7M        21M       3.2G

MemTotal:        4016004 kB
MemFree:          134460 kB
Active:           353116 kB
Mem:          3.8G       3.7G       129M       5.7M        21M       3.2G

MemTotal:        4016004 kB
MemFree:          110060 kB
Active:           353136 kB
Mem:          3.8G       3.7G       104M       5.7M        21M       3.3G

MemTotal:        4016004 kB
MemFree:          137228 kB
Active:           349704 kB
Mem:          3.8G       3.7G       133M       5.7M        21M       3.2G

MemTotal:        4016004 kB
MemFree:          120560 kB
Active:           349704 kB
Mem:          3.8G       3.7G       114M       5.7M        21M       3.2G

MemTotal:        4016004 kB
MemFree:          148088 kB
Active:           349688 kB
Mem:          3.8G       3.7G       144M       5.7M        21M       3.2G

MemTotal:        4016004 kB
MemFree:          133964 kB
Active:           349728 kB
Mem:          3.8G       3.7G       130M       5.7M        21M       3.2G

MemTotal:        4016004 kB
MemFree:          130540 kB
Active:           349708 kB
Mem:          3.8G       3.7G       127M       5.7M        21M       3.2G

MemTotal:        4016004 kB
MemFree:          107512 kB
Active:           349740 kB
Mem:          3.8G       3.7G       104M       5.7M        21M       3.3G

MemTotal:        4016004 kB
MemFree:          104092 kB
Active:           349748 kB
Mem:          3.8G       3.7G       101M       5.7M        21M       3.3G

MemTotal:        4016004 kB
MemFree:          103032 kB
Active:           349740 kB
Mem:          3.8G       3.7G       100M       5.7M        21M       3.3G

MemTotal:        4016004 kB
MemFree:          151116 kB
Active:           349740 kB
Mem:          3.8G       3.7G       147M       5.7M        21M       3.2G

MemTotal:        4016004 kB
MemFree:          127804 kB
Active:           351792 kB
Mem:          3.8G       3.7G       124M       5.7M        21M       3.2G

MemTotal:        4016004 kB
MemFree:          130052 kB
Active:           350900 kB
Mem:          3.8G       3.7G       125M       5.7M        21M       3.2G

MemTotal:        4016004 kB
MemFree:          120252 kB
Active:           350284 kB
Mem:          3.8G       3.7G       114M       5.7M        21M       3.2G

MemTotal:        4016004 kB
MemFree:          138564 kB
Active:           350300 kB
Mem:          3.8G       3.7G       133M       5.7M        21M       3.2G

MemTotal:        4016004 kB
MemFree:          140956 kB
Active:           350312 kB
Mem:          3.8G       3.7G       137M       5.7M        21M       3.2G

MemTotal:        4016004 kB
MemFree:          144356 kB
Active:           350312 kB
Mem:          3.8G       3.7G       140M       5.7M        21M       3.2G

MemTotal:        4016004 kB
MemFree:          135708 kB
Active:           350320 kB
Mem:          3.8G       3.7G       131M       5.7M        21M       3.2G

MemTotal:        4016004 kB
MemFree:          144324 kB
Active:           350320 kB
Mem:          3.8G       3.7G       140M       5.7M        21M       3.2G

MemTotal:        4016004 kB
MemFree:          119312 kB
Active:           350320 kB
Mem:          3.8G       3.7G       116M       5.7M        21M       3.2G

MemTotal:        4016004 kB
MemFree:          117804 kB
Active:           350332 kB
Mem:          3.8G       3.7G       115M       5.7M        21M       3.2G

MemTotal:        4016004 kB
MemFree:          117320 kB
Active:           350328 kB
Mem:          3.8G       3.7G       114M       5.7M        21M       3.2G

MemTotal:        4016004 kB
MemFree:          117084 kB
Active:           350332 kB
Mem:          3.8G       3.7G       114M       5.7M        21M       3.2G

MemTotal:        4016004 kB
MemFree:          117708 kB
Active:           350332 kB
Mem:          3.8G       3.7G       114M       5.7M        21M       3.2G

MemTotal:        4016004 kB
MemFree:          126948 kB
Active:           350336 kB
Mem:          3.8G       3.7G       122M       5.7M        21M       3.2G

MemTotal:        4016004 kB
MemFree:          132656 kB
Active:           349220 kB
Mem:          3.8G       3.7G       138M       5.7M        21M       3.2G

MemTotal:        4016004 kB
MemFree:          132152 kB
Active:           349084 kB
Mem:          3.8G       3.7G       126M       5.7M        21M       3.2G

MemTotal:        4016004 kB
MemFree:          111368 kB
Active:           348796 kB
Mem:          3.8G       3.7G       109M       5.7M        21M       3.2G

MemTotal:        4016004 kB
MemFree:          111524 kB
Active:           348776 kB
Mem:          3.8G       3.7G       108M       5.7M        21M       3.2G

MemTotal:        4016004 kB
MemFree:          111524 kB
Active:           348796 kB
Mem:          3.8G       3.7G       108M       5.7M        21M       3.2G

MemTotal:        4016004 kB
MemFree:          111400 kB
Active:           348780 kB
Mem:          3.8G       3.7G       108M       5.7M        21M       3.2G

MemTotal:        4016004 kB
MemFree:          111604 kB
Active:           348792 kB
Mem:          3.8G       3.7G       108M       5.7M        21M       3.2G

MemTotal:        4016004 kB
MemFree:          111196 kB
Active:           348808 kB
Mem:          3.8G       3.7G       108M       5.7M        21M       3.2G

MemTotal:        4016004 kB
MemFree:          110544 kB
Active:           348828 kB
Mem:          3.8G       3.7G       108M       5.7M        21M       3.2G

MemTotal:        4016004 kB
MemFree:          111012 kB
Active:           348824 kB
Mem:          3.8G       3.7G       108M       5.7M        21M       3.2G

MemTotal:        4016004 kB
MemFree:          111172 kB
Active:           348824 kB
Mem:          3.8G       3.7G       108M       5.7M        21M       3.2G

MemTotal:        4016004 kB
MemFree:          111672 kB
Active:           348824 kB
Mem:          3.8G       3.7G       109M       5.7M        21M       3.2G

MemTotal:        4016004 kB
MemFree:          111548 kB
Active:           348832 kB
Mem:          3.8G       3.7G       109M       5.7M        21M       3.2G

MemTotal:        4016004 kB
MemFree:          111920 kB
Active:           348832 kB
Mem:          3.8G       3.7G       109M       5.7M        21M       3.2G

MemTotal:        4016004 kB
MemFree:          111920 kB
Active:           348808 kB
Mem:          3.8G       3.7G       109M       5.7M        21M       3.2G

MemTotal:        4016004 kB
MemFree:          111796 kB
Active:           348848 kB
Mem:          3.8G       3.7G       109M       5.7M        21M       3.2G

MemTotal:        4016004 kB
MemFree:          111796 kB
Active:           348832 kB
Mem:          3.8G       3.7G       109M       5.7M        21M       3.2G

MemTotal:        4016004 kB
MemFree:          111300 kB
Active:           348856 kB
Mem:          3.8G       3.7G       108M       5.7M        21M       3.2G

MemTotal:        4016004 kB
MemFree:          111796 kB
Active:           348856 kB
Mem:          3.8G       3.7G       108M       5.7M        21M       3.2G

MemTotal:        4016004 kB
MemFree:          111672 kB
Active:           348844 kB
Mem:          3.8G       3.7G       109M       5.7M        21M       3.2G

MemTotal:        4016004 kB
MemFree:          111920 kB
Active:           348848 kB
Mem:          3.8G       3.7G       109M       5.7M        21M       3.2G

MemTotal:        4016004 kB
MemFree:          111796 kB
Active:           348864 kB
Mem:          3.8G       3.7G       109M       5.7M        21M       3.2G

MemTotal:        4016004 kB
MemFree:          111796 kB
Active:           348860 kB
Mem:          3.8G       3.7G       108M       5.7M        21M       3.2G

MemTotal:        4016004 kB
MemFree:          111796 kB
Active:           348852 kB
Mem:          3.8G       3.7G       109M       5.7M        21M       3.2G

MemTotal:        4016004 kB
MemFree:          111796 kB
Active:           348860 kB
Mem:          3.8G       3.7G       109M       5.7M        21M       3.2G

MemTotal:        4016004 kB
MemFree:          111424 kB
Active:           348864 kB
Mem:          3.8G       3.7G       109M       5.7M        21M       3.2G

MemTotal:        4016004 kB
MemFree:          111672 kB
Active:           348848 kB
Mem:          3.8G       3.7G       109M       5.7M        21M       3.2G

MemTotal:        4016004 kB
MemFree:          111920 kB
Active:           348824 kB
Mem:          3.8G       3.7G       109M       5.7M        21M       3.2G

MemTotal:        4016004 kB
MemFree:          111796 kB
Active:           348864 kB
Mem:          3.8G       3.7G       109M       5.7M        21M       3.2G

MemTotal:        4016004 kB
MemFree:          111672 kB
Active:           348836 kB
Mem:          3.8G       3.7G       109M       5.7M        21M       3.2G

MemTotal:        4016004 kB
MemFree:          111796 kB
Active:           348852 kB
Mem:          3.8G       3.7G       109M       5.7M        21M       3.2G

MemTotal:        4016004 kB
MemFree:          111796 kB
Active:           348832 kB
Mem:          3.8G       3.7G       109M       5.7M        21M       3.2G

MemTotal:        4016004 kB
MemFree:          111672 kB
Active:           348864 kB
Mem:          3.8G       3.7G       109M       5.7M        21M       3.2G

MemTotal:        4016004 kB
MemFree:          111424 kB
Active:           348872 kB
Mem:          3.8G       3.7G       108M       5.7M        21M       3.2G

MemTotal:        4016004 kB
MemFree:          111796 kB
Active:           348872 kB
Mem:          3.8G       3.7G       109M       5.7M        21M       3.2G

MemTotal:        4016004 kB
MemFree:          111796 kB
Active:           348856 kB
Mem:          3.8G       3.7G       109M       5.7M        21M       3.2G

MemTotal:        4016004 kB
MemFree:          111672 kB
Active:           348852 kB
Mem:          3.8G       3.7G       109M       5.7M        21M       3.2G

MemTotal:        4016004 kB
MemFree:          111672 kB
Active:           348868 kB
Mem:          3.8G       3.7G       109M       5.7M        21M       3.2G

MemTotal:        4016004 kB
MemFree:          111672 kB
Active:           348872 kB
Mem:          3.8G       3.7G       109M       5.7M        21M       3.2G

MemTotal:        4016004 kB
MemFree:          111796 kB
Active:           348864 kB
Mem:          3.8G       3.7G       109M       5.7M        21M       3.2G

MemTotal:        4016004 kB
MemFree:          111796 kB
Active:           348848 kB
Mem:          3.8G       3.7G       109M       5.7M        21M       3.2G

MemTotal:        4016004 kB
MemFree:          111300 kB
Active:           348884 kB
Mem:          3.8G       3.7G       108M       5.7M        21M       3.2G

MemTotal:        4016004 kB
MemFree:          111300 kB
Active:           348884 kB
Mem:          3.8G       3.7G       108M       5.7M        21M       3.2G

MemTotal:        4016004 kB
MemFree:          109624 kB
Active:           348848 kB
Mem:          3.8G       3.7G       107M       5.7M        21M       3.2G

MemTotal:        4016004 kB
MemFree:          109624 kB
Active:           350928 kB
Mem:          3.8G       3.7G       107M       5.7M        21M       3.2G

MemTotal:        4016004 kB
MemFree:          109624 kB
Active:           350908 kB
Mem:          3.8G       3.7G       107M       5.7M        21M       3.2G

MemTotal:        4016004 kB
MemFree:          109624 kB
Active:           350932 kB
Mem:          3.8G       3.7G       107M       5.7M        21M       3.2G

MemTotal:        4016004 kB
MemFree:          109748 kB
Active:           350932 kB
Mem:          3.8G       3.7G       107M       5.7M        21M       3.2G

MemTotal:        4016004 kB
MemFree:          109624 kB
Active:           350924 kB
Mem:          3.8G       3.7G       107M       5.7M        21M       3.2G

MemTotal:        4016004 kB
MemFree:          109624 kB
Active:           350932 kB
Mem:          3.8G       3.7G       107M       5.7M        21M       3.2G

MemTotal:        4016004 kB
MemFree:          109500 kB
Active:           350924 kB
Mem:          3.8G       3.7G       106M       5.7M        21M       3.2G

MemTotal:        4016004 kB
MemFree:          109500 kB
Active:           350908 kB
Mem:          3.8G       3.7G       106M       5.7M        21M       3.2G

MemTotal:        4016004 kB
MemFree:          109624 kB
Active:           350936 kB
Mem:          3.8G       3.7G       106M       5.7M        21M       3.2G

MemTotal:        4016004 kB
MemFree:          109748 kB
Active:           350944 kB
Mem:          3.8G       3.7G       106M       5.7M        21M       3.2G

MemTotal:        4016004 kB
MemFree:          109624 kB
Active:           350920 kB
Mem:          3.8G       3.7G       107M       5.7M        21M       3.2G

MemTotal:        4016004 kB
MemFree:          109720 kB
Active:           350928 kB
Mem:          3.8G       3.7G       106M       5.7M        21M       3.2G

MemTotal:        4016004 kB
MemFree:          109720 kB
Active:           350924 kB
Mem:          3.8G       3.7G       106M       5.7M        21M       3.2G

MemTotal:        4016004 kB
MemFree:          109844 kB
Active:           350924 kB
Mem:          3.8G       3.7G       106M       5.7M        21M       3.2G

MemTotal:        4016004 kB
MemFree:          109720 kB
Active:           350916 kB
Mem:          3.8G       3.7G       107M       5.7M        21M       3.2G

MemTotal:        4016004 kB
MemFree:          109720 kB
Active:           350928 kB
Mem:          3.8G       3.7G       106M       5.7M        21M       3.2G

MemTotal:        4016004 kB
MemFree:          109596 kB
Active:           350936 kB
Mem:          3.8G       3.7G       107M       5.7M        21M       3.2G

MemTotal:        4016004 kB
MemFree:          109720 kB
Active:           350948 kB
Mem:          3.8G       3.7G       107M       5.7M        21M       3.2G

MemTotal:        4016004 kB
MemFree:          109596 kB
Active:           350932 kB
Mem:          3.8G       3.7G       107M       5.7M        21M       3.2G

MemTotal:        4016004 kB
MemFree:          109720 kB
Active:           350924 kB
Mem:          3.8G       3.7G       106M       5.7M        21M       3.2G

MemTotal:        4016004 kB
MemFree:          109720 kB
Active:           350964 kB
Mem:          3.8G       3.7G       106M       5.7M        21M       3.2G

MemTotal:        4016004 kB
MemFree:          109720 kB
Active:           350932 kB
Mem:          3.8G       3.7G       107M       5.7M        21M       3.2G

MemTotal:        4016004 kB
MemFree:          109720 kB
Active:           350908 kB
Mem:          3.8G       3.7G       107M       5.7M        21M       3.2G

MemTotal:        4016004 kB
MemFree:          109224 kB
Active:           350964 kB
Mem:          3.8G       3.7G       106M       5.7M        21M       3.2G

MemTotal:        4016004 kB
MemFree:          109596 kB
Active:           350968 kB
Mem:          3.8G       3.7G       107M       5.7M        21M       3.2G

MemTotal:        4016004 kB
MemFree:          109720 kB
Active:           350936 kB
Mem:          3.8G       3.7G       107M       5.7M        21M       3.2G

MemTotal:        4016004 kB
MemFree:          109224 kB
Active:           350972 kB
Mem:          3.8G       3.7G       106M       5.7M        21M       3.2G

MemTotal:        4016004 kB
MemFree:          109596 kB
Active:           350972 kB
Mem:          3.8G       3.7G       107M       5.7M        21M       3.2G

MemTotal:        4016004 kB
MemFree:          109596 kB
Active:           350960 kB
Mem:          3.8G       3.7G       107M       5.7M        21M       3.2G

MemTotal:        4016004 kB
MemFree:          109348 kB
Active:           350976 kB
Mem:          3.8G       3.7G       106M       5.7M        21M       3.2G

MemTotal:        4016004 kB
MemFree:          109720 kB
Active:           350976 kB
Mem:          3.8G       3.7G       107M       5.7M        21M       3.2G

MemTotal:        4016004 kB
MemFree:          109720 kB
Active:           350980 kB
Mem:          3.8G       3.7G       107M       5.7M        21M       3.2G

MemTotal:        4016004 kB
MemFree:          109720 kB
Active:           350976 kB
Mem:          3.8G       3.7G       106M       5.7M        21M       3.2G

MemTotal:        4016004 kB
MemFree:          109596 kB
Active:           350976 kB
Mem:          3.8G       3.7G       107M       5.7M        21M       3.2G

MemTotal:        4016004 kB
MemFree:          109596 kB
Active:           350952 kB
Mem:          3.8G       3.7G       107M       5.7M        21M       3.2G

MemTotal:        4016004 kB
MemFree:          109596 kB
Active:           350948 kB
Mem:          3.8G       3.7G       107M       5.7M        21M       3.2G

MemTotal:        4016004 kB
MemFree:          109596 kB
Active:           350976 kB
Mem:          3.8G       3.7G       106M       5.7M        21M       3.2G

MemTotal:        4016004 kB
MemFree:          109224 kB
Active:           350988 kB
Mem:          3.8G       3.7G       106M       5.7M        21M       3.2G

MemTotal:        4016004 kB
MemFree:          109596 kB
Active:           350980 kB
Mem:          3.8G       3.7G       107M       5.7M        21M       3.2G

MemTotal:        4016004 kB
MemFree:          109596 kB
Active:           350960 kB
Mem:          3.8G       3.7G       107M       5.7M        21M       3.2G

MemTotal:        4016004 kB
MemFree:          109596 kB
Active:           350948 kB
Mem:          3.8G       3.7G       107M       5.7M        21M       3.2G

MemTotal:        4016004 kB
MemFree:          109596 kB
Active:           350964 kB
Mem:          3.8G       3.7G       107M       5.7M        21M       3.2G

MemTotal:        4016004 kB
MemFree:          109596 kB
Active:           350936 kB
Mem:          3.8G       3.7G       107M       5.7M        21M       3.2G

MemTotal:        4016004 kB
MemFree:          109596 kB
Active:           350976 kB
Mem:          3.8G       3.7G       106M       5.7M        21M       3.2G

MemTotal:        4016004 kB
MemFree:          109596 kB
Active:           350968 kB
Mem:          3.8G       3.7G       106M       5.7M        21M       3.2G

MemTotal:        4016004 kB
MemFree:          109720 kB
Active:           350948 kB
Mem:          3.8G       3.7G       106M       5.7M        21M       3.2G

MemTotal:        4016004 kB
MemFree:          109596 kB
Active:           350996 kB
Mem:          3.8G       3.7G       106M       5.7M        21M       3.2G

MemTotal:        4016004 kB
MemFree:          109596 kB
Active:           350996 kB
Mem:          3.8G       3.7G       106M       5.7M        21M       3.2G

MemTotal:        4016004 kB
MemFree:          109348 kB
Active:           351004 kB
Mem:          3.8G       3.7G       106M       5.7M        21M       3.2G

MemTotal:        4016004 kB
MemFree:          109596 kB
Active:           350992 kB
Mem:          3.8G       3.7G       107M       5.7M        21M       3.2G

MemTotal:        4016004 kB
MemFree:          109596 kB
Active:           351004 kB
Mem:          3.8G       3.7G       107M       5.7M        21M       3.2G

MemTotal:        4016004 kB
MemFree:          109596 kB
Active:           351004 kB
Mem:          3.8G       3.7G       107M       5.7M        21M       3.2G

MemTotal:        4016004 kB
MemFree:          109596 kB
Active:           350964 kB
Mem:          3.8G       3.7G       107M       5.7M        21M       3.2G

MemTotal:        4016004 kB
MemFree:          109596 kB
Active:           350948 kB
Mem:          3.8G       3.7G       106M       5.7M        21M       3.2G

MemTotal:        4016004 kB
MemFree:          109472 kB
Active:           351004 kB
Mem:          3.8G       3.7G       106M       5.7M        21M       3.2G

MemTotal:        4016004 kB
MemFree:          109472 kB
Active:           350980 kB
Mem:          3.8G       3.7G       106M       5.7M        21M       3.2G

MemTotal:        4016004 kB
MemFree:          109472 kB
Active:           351012 kB
Mem:          3.8G       3.7G       106M       5.7M        21M       3.2G

MemTotal:        4016004 kB
MemFree:          109472 kB
Active:           351004 kB
Mem:          3.8G       3.7G       107M       5.7M        21M       3.2G

MemTotal:        4016004 kB
MemFree:          109472 kB
Active:           350996 kB
Mem:          3.8G       3.7G       106M       5.7M        21M       3.2G

MemTotal:        4016004 kB
MemFree:          109472 kB
Active:           351000 kB
Mem:          3.8G       3.7G       106M       5.7M        21M       3.2G

MemTotal:        4016004 kB
MemFree:          109472 kB
Active:           350976 kB
Mem:          3.8G       3.7G       106M       5.7M        21M       3.2G

MemTotal:        4016004 kB
MemFree:          109596 kB
Active:           351008 kB
Mem:          3.8G       3.7G       107M       5.7M        21M       3.2G

MemTotal:        4016004 kB
MemFree:          109596 kB
Active:           351016 kB
Mem:          3.8G       3.7G       107M       5.7M        21M       3.2G

MemTotal:        4016004 kB
MemFree:          109472 kB
Active:           351004 kB
Mem:          3.8G       3.7G       106M       5.7M        21M       3.2G

MemTotal:        4016004 kB
MemFree:          109472 kB
Active:           351016 kB
Mem:          3.8G       3.7G       106M       5.7M        21M       3.2G

MemTotal:        4016004 kB
MemFree:          109596 kB
Active:           351024 kB
Mem:          3.8G       3.7G       106M       5.7M        21M       3.2G

MemTotal:        4016004 kB
MemFree:          109472 kB
Active:           351012 kB
Mem:          3.8G       3.7G       106M       5.7M        21M       3.2G

MemTotal:        4016004 kB
MemFree:          109472 kB
Active:           351000 kB
Mem:          3.8G       3.7G       106M       5.7M        21M       3.2G

MemTotal:        4016004 kB
MemFree:          109596 kB
Active:           351028 kB
Mem:          3.8G       3.7G       106M       5.7M        21M       3.2G

MemTotal:        4016004 kB
MemFree:          109596 kB
Active:           351012 kB
Mem:          3.8G       3.7G       107M       5.7M        21M       3.2G

MemTotal:        4016004 kB
MemFree:          109100 kB
Active:           351032 kB
Mem:          3.8G       3.7G       106M       5.7M        21M       3.2G

MemTotal:        4016004 kB
MemFree:          109100 kB
Active:           351032 kB
Mem:          3.8G       3.7G       106M       5.7M        21M       3.2G

MemTotal:        4016004 kB
MemFree:          109472 kB
Active:           351032 kB
Mem:          3.8G       3.7G       106M       5.7M        21M       3.2G

MemTotal:        4016004 kB
MemFree:          109472 kB
Active:           351036 kB
Mem:          3.8G       3.7G       106M       5.7M        21M       3.2G

MemTotal:        4016004 kB
MemFree:          109472 kB
Active:           351024 kB
Mem:          3.8G       3.7G       106M       5.7M        21M       3.2G

MemTotal:        4016004 kB
MemFree:          109472 kB
Active:           351040 kB
Mem:          3.8G       3.7G       106M       5.7M        21M       3.2G

MemTotal:        4016004 kB
MemFree:          109472 kB
Active:           351032 kB
Mem:          3.8G       3.7G       106M       5.7M        21M       3.2G

MemTotal:        4016004 kB
MemFree:          109488 kB
Active:           351012 kB
Mem:          3.8G       3.7G       106M       5.7M        21M       3.2G

MemTotal:        4016004 kB
MemFree:          109488 kB
Active:           351048 kB
Mem:          3.8G       3.7G       106M       5.7M        21M       3.2G

MemTotal:        4016004 kB
MemFree:          109488 kB
Active:           351016 kB
Mem:          3.8G       3.7G       106M       5.7M        21M       3.2G

MemTotal:        4016004 kB
MemFree:          109364 kB
Active:           351044 kB
Mem:          3.8G       3.7G       106M       5.7M        21M       3.2G

MemTotal:        4016004 kB
MemFree:          109116 kB
Active:           351064 kB
Mem:          3.8G       3.7G       106M       5.7M        21M       3.2G

MemTotal:        4016004 kB
MemFree:          109488 kB
Active:           351028 kB
Mem:          3.8G       3.7G       106M       5.7M        21M       3.2G

MemTotal:        4016004 kB
MemFree:          108992 kB
Active:           351072 kB
Mem:          3.8G       3.7G       106M       5.7M        21M       3.2G

MemTotal:        4016004 kB
MemFree:          109364 kB
Active:           351032 kB
Mem:          3.8G       3.7G       106M       5.7M        21M       3.2G

MemTotal:        4016004 kB
MemFree:          109240 kB
Active:           351052 kB
Mem:          3.8G       3.7G       106M       5.7M        21M       3.2G

MemTotal:        4016004 kB
MemFree:          109488 kB
Active:           351040 kB
Mem:          3.8G       3.7G       106M       5.7M        21M       3.2G

MemTotal:        4016004 kB
MemFree:          109364 kB
Active:           351064 kB
Mem:          3.8G       3.7G       106M       5.7M        21M       3.2G

MemTotal:        4016004 kB
MemFree:          109364 kB
Active:           351060 kB
Mem:          3.8G       3.7G       106M       5.7M        21M       3.2G

MemTotal:        4016004 kB
MemFree:          108992 kB
Active:           351084 kB
Mem:          3.8G       3.7G       106M       5.7M        21M       3.2G

MemTotal:        4016004 kB
MemFree:          109488 kB
Active:           351068 kB
Mem:          3.8G       3.7G       106M       5.7M        21M       3.2G

MemTotal:        4016004 kB
MemFree:          109364 kB
Active:           351072 kB
Mem:          3.8G       3.7G       106M       5.7M        21M       3.2G

MemTotal:        4016004 kB
MemFree:          109348 kB
Active:           351056 kB
Mem:          3.8G       3.7G       106M       5.7M        21M       3.2G

MemTotal:        4016004 kB
MemFree:          108976 kB
Active:           351088 kB
Mem:          3.8G       3.7G       106M       5.7M        21M       3.2G

MemTotal:        4016004 kB
MemFree:          109348 kB
Active:           351088 kB
Mem:          3.8G       3.7G       106M       5.7M        21M       3.2G

MemTotal:        4016004 kB
MemFree:          109348 kB
Active:           351080 kB
Mem:          3.8G       3.7G       106M       5.7M        21M       3.2G

MemTotal:        4016004 kB
MemFree:          109348 kB
Active:           351076 kB
Mem:          3.8G       3.7G       106M       5.7M        21M       3.2G

MemTotal:        4016004 kB
MemFree:          109348 kB
Active:           351084 kB
Mem:          3.8G       3.7G       106M       5.7M        21M       3.2G

MemTotal:        4016004 kB
MemFree:          108852 kB
Active:           351100 kB
Mem:          3.8G       3.7G       106M       5.7M        21M       3.2G

MemTotal:        4016004 kB
MemFree:          109348 kB
Active:           351072 kB
Mem:          3.8G       3.7G       106M       5.7M        21M       3.2G

MemTotal:        4016004 kB
MemFree:          109348 kB
Active:           351084 kB
Mem:          3.8G       3.7G       106M       5.7M        21M       3.2G

MemTotal:        4016004 kB
MemFree:          108852 kB
Active:           351100 kB
Mem:          3.8G       3.7G       106M       5.7M        21M       3.2G

MemTotal:        4016004 kB
MemFree:          108976 kB
Active:           351100 kB
Mem:          3.8G       3.7G       106M       5.7M        21M       3.2G

MemTotal:        4016004 kB
MemFree:          109224 kB
Active:           351152 kB
Mem:          3.8G       3.7G       106M       5.7M        21M       3.2G

MemTotal:        4016004 kB
MemFree:          109224 kB
Active:           351104 kB
Mem:          3.8G       3.7G       106M       5.7M        21M       3.2G

MemTotal:        4016004 kB
MemFree:          109348 kB
Active:           351152 kB
Mem:          3.8G       3.7G       106M       5.7M        21M       3.2G

MemTotal:        4016004 kB
MemFree:          109084 kB
Active:           351176 kB
Mem:          3.8G       3.7G       106M       5.7M        21M       3.2G

MemTotal:        4016004 kB
MemFree:          109208 kB
Active:           351160 kB
Mem:          3.8G       3.7G       106M       5.7M        21M       3.2G

MemTotal:        4016004 kB
MemFree:          109208 kB
Active:           351168 kB
Mem:          3.8G       3.7G       106M       5.7M        21M       3.2G

MemTotal:        4016004 kB
MemFree:          108960 kB
Active:           351184 kB
Mem:          3.8G       3.7G       106M       5.7M        21M       3.2G

MemTotal:        4016004 kB
MemFree:          109208 kB
Active:           351164 kB
Mem:          3.8G       3.7G       106M       5.7M        21M       3.2G

MemTotal:        4016004 kB
MemFree:          109208 kB
Active:           351184 kB
Mem:          3.8G       3.7G       106M       5.7M        21M       3.2G

MemTotal:        4016004 kB
MemFree:          109084 kB
Active:           351180 kB
Mem:          3.8G       3.7G       106M       5.7M        21M       3.2G

MemTotal:        4016004 kB
MemFree:          109208 kB
Active:           351172 kB
Mem:          3.8G       3.7G       106M       5.7M        21M       3.2G

MemTotal:        4016004 kB
MemFree:          109208 kB
Active:           351164 kB
Mem:          3.8G       3.7G       106M       5.7M        21M       3.2G

MemTotal:        4016004 kB
MemFree:          109084 kB
Active:           351184 kB
Mem:          3.8G       3.7G       106M       5.7M        21M       3.2G

MemTotal:        4016004 kB
MemFree:          109208 kB
Active:           351172 kB
Mem:          3.8G       3.7G       106M       5.7M        21M       3.2G

MemTotal:        4016004 kB
MemFree:          109208 kB
Active:           351144 kB
Mem:          3.8G       3.7G       106M       5.7M        21M       3.2G

MemTotal:        4016004 kB
MemFree:          109208 kB
Active:           351172 kB
Mem:          3.8G       3.7G       106M       5.7M        21M       3.2G

MemTotal:        4016004 kB
MemFree:          109084 kB
Active:           351180 kB
Mem:          3.8G       3.7G       106M       5.7M        21M       3.2G

MemTotal:        4016004 kB
MemFree:          109208 kB
Active:           351180 kB
Mem:          3.8G       3.7G       106M       5.7M        21M       3.2G

MemTotal:        4016004 kB
MemFree:          109208 kB
Active:           351200 kB
Mem:          3.8G       3.7G       106M       5.7M        21M       3.2G

MemTotal:        4016004 kB
MemFree:          109348 kB
Active:           351192 kB
Mem:          3.8G       3.7G       106M       5.7M        21M       3.2G

MemTotal:        4016004 kB
MemFree:          109224 kB
Active:           351188 kB
Mem:          3.8G       3.7G       106M       5.7M        21M       3.2G

MemTotal:        4016004 kB
MemFree:          109224 kB
Active:           351172 kB
Mem:          3.8G       3.7G       106M       5.7M        21M       3.2G

MemTotal:        4016004 kB
MemFree:          109224 kB
Active:           351208 kB
Mem:          3.8G       3.7G       106M       5.7M        21M       3.2G

MemTotal:        4016004 kB
MemFree:          109224 kB
Active:           351192 kB
Mem:          3.8G       3.7G       106M       5.7M        21M       3.2G

MemTotal:        4016004 kB
MemFree:          109224 kB
Active:           351192 kB
Mem:          3.8G       3.7G       106M       5.7M        21M       3.2G

MemTotal:        4016004 kB
MemFree:          109224 kB
Active:           351204 kB
Mem:          3.8G       3.7G       106M       5.7M        21M       3.2G

MemTotal:        4016004 kB
MemFree:          108728 kB
Active:           351208 kB
Mem:          3.8G       3.7G       106M       5.7M        21M       3.2G

MemTotal:        4016004 kB
MemFree:          109100 kB
Active:           351208 kB
Mem:          3.8G       3.7G       106M       5.7M        21M       3.2G

MemTotal:        4016004 kB
MemFree:          109100 kB
Active:           351212 kB
Mem:          3.8G       3.7G       106M       5.7M        21M       3.2G

MemTotal:        4016004 kB
MemFree:          109224 kB
Active:           351208 kB
Mem:          3.8G       3.7G       106M       5.7M        21M       3.2G

MemTotal:        4016004 kB
MemFree:          109224 kB
Active:           351196 kB
Mem:          3.8G       3.7G       106M       5.7M        21M       3.2G

MemTotal:        4016004 kB
MemFree:          109100 kB
Active:           351188 kB
Mem:          3.8G       3.7G       106M       5.7M        21M       3.2G

MemTotal:        4016004 kB
MemFree:          109100 kB
Active:           351208 kB
Mem:          3.8G       3.7G       106M       5.7M        21M       3.2G

MemTotal:        4016004 kB
MemFree:          109224 kB
Active:           351188 kB
Mem:          3.8G       3.7G       106M       5.7M        21M       3.2G

MemTotal:        4016004 kB
MemFree:          109224 kB
Active:           351228 kB
Mem:          3.8G       3.7G       106M       5.7M        21M       3.2G

MemTotal:        4016004 kB
MemFree:          109100 kB
Active:           351196 kB
Mem:          3.8G       3.7G       106M       5.7M        21M       3.2G

MemTotal:        4016004 kB
MemFree:          109100 kB
Active:           351228 kB
Mem:          3.8G       3.7G       106M       5.7M        21M       3.2G

MemTotal:        4016004 kB
MemFree:          109224 kB
Active:           351220 kB
Mem:          3.8G       3.7G       106M       5.7M        21M       3.2G

MemTotal:        4016004 kB
MemFree:          109100 kB
Active:           351208 kB
Mem:          3.8G       3.7G       106M       5.7M        21M       3.2G

MemTotal:        4016004 kB
MemFree:          109100 kB
Active:           351216 kB
Mem:          3.8G       3.7G       106M       5.7M        21M       3.2G

MemTotal:        4016004 kB
MemFree:          109100 kB
Active:           351228 kB
Mem:          3.8G       3.7G       106M       5.7M        21M       3.2G

MemTotal:        4016004 kB
MemFree:          108976 kB
Active:           351240 kB
Mem:          3.8G       3.7G       106M       5.7M        21M       3.2G

MemTotal:        4016004 kB
MemFree:          109100 kB
Active:           351232 kB
Mem:          3.8G       3.7G       106M       5.7M        21M       3.2G

MemTotal:        4016004 kB
MemFree:          109224 kB
Active:           351204 kB
Mem:          3.8G       3.7G       106M       5.7M        21M       3.2G

MemTotal:        4016004 kB
MemFree:          109100 kB
Active:           351216 kB
Mem:          3.8G       3.7G       106M       5.7M        21M       3.2G

MemTotal:        4016004 kB
MemFree:          109100 kB
Active:           351240 kB
Mem:          3.8G       3.7G       106M       5.7M        21M       3.2G

MemTotal:        4016004 kB
MemFree:          108604 kB
Active:           351232 kB
Mem:          3.8G       3.7G       106M       5.7M        21M       3.2G

MemTotal:        4016004 kB
MemFree:          108480 kB
Active:           351252 kB
Mem:          3.8G       3.7G       106M       5.7M        21M       3.2G

MemTotal:        4016004 kB
MemFree:          108852 kB
Active:           351220 kB
Mem:          3.8G       3.7G       106M       5.7M        21M       3.2G

MemTotal:        4016004 kB
MemFree:          108852 kB
Active:           351232 kB
Mem:          3.8G       3.7G       106M       5.7M        21M       3.2G

MemTotal:        4016004 kB
MemFree:          108976 kB
Active:           351252 kB
Mem:          3.8G       3.7G       106M       5.7M        21M       3.2G

MemTotal:        4016004 kB
MemFree:          108852 kB
Active:           351224 kB
Mem:          3.8G       3.7G       106M       5.7M        21M       3.2G

MemTotal:        4016004 kB
MemFree:          108976 kB
Active:           351248 kB
Mem:          3.8G       3.7G       106M       5.7M        21M       3.2G

MemTotal:        4016004 kB
MemFree:          108976 kB
Active:           351220 kB
Mem:          3.8G       3.7G       106M       5.7M        21M       3.2G

MemTotal:        4016004 kB
MemFree:          108976 kB
Active:           351244 kB
Mem:          3.8G       3.7G       106M       5.7M        21M       3.2G

MemTotal:        4016004 kB
MemFree:          108852 kB
Active:           351228 kB
Mem:          3.8G       3.7G       106M       5.7M        21M       3.2G

MemTotal:        4016004 kB
MemFree:          108852 kB
Active:           351260 kB
Mem:          3.8G       3.7G       106M       5.7M        21M       3.2G

MemTotal:        4016004 kB
MemFree:          108976 kB
Active:           351264 kB
Mem:          3.8G       3.7G       106M       5.7M        21M       3.2G

MemTotal:        4016004 kB
MemFree:          108852 kB
Active:           351268 kB
Mem:          3.8G       3.7G       106M       5.7M        21M       3.2G

MemTotal:        4016004 kB
MemFree:          108852 kB
Active:           351260 kB
Mem:          3.8G       3.7G       106M       5.7M        21M       3.2G

MemTotal:        4016004 kB
MemFree:          108976 kB
Active:           351244 kB
Mem:          3.8G       3.7G       106M       5.7M        21M       3.2G

MemTotal:        4016004 kB
MemFree:          108976 kB
Active:           351228 kB
Mem:          3.8G       3.7G       106M       5.7M        21M       3.2G

MemTotal:        4016004 kB
MemFree:          108976 kB
Active:           351256 kB
Mem:          3.8G       3.7G       106M       5.7M        21M       3.2G

MemTotal:        4016004 kB
MemFree:          108976 kB
Active:           351276 kB
Mem:          3.8G       3.7G       106M       5.7M        21M       3.2G

MemTotal:        4016004 kB
MemFree:          108976 kB
Active:           351268 kB
Mem:          3.8G       3.7G       106M       5.7M        21M       3.2G

MemTotal:        4016004 kB
MemFree:          108976 kB
Active:           351248 kB
Mem:          3.8G       3.7G       106M       5.7M        21M       3.2G

MemTotal:        4016004 kB
MemFree:          108604 kB
Active:           351280 kB
Mem:          3.8G       3.7G       106M       5.7M        21M       3.2G

MemTotal:        4016004 kB
MemFree:          109100 kB
Active:           351268 kB
Mem:          3.8G       3.7G       106M       5.7M        21M       3.2G

MemTotal:        4016004 kB
MemFree:          108976 kB
Active:           351252 kB
Mem:          3.8G       3.7G       106M       5.7M        21M       3.2G

MemTotal:        4016004 kB
MemFree:          108852 kB
Active:           351280 kB
Mem:          3.8G       3.7G       106M       5.7M        21M       3.2G

MemTotal:        4016004 kB
MemFree:          108976 kB
Active:           351264 kB
Mem:          3.8G       3.7G       106M       5.7M        21M       3.2G

MemTotal:        4016004 kB
MemFree:          108976 kB
Active:           351252 kB
Mem:          3.8G       3.7G       106M       5.7M        21M       3.2G

MemTotal:        4016004 kB
MemFree:          108976 kB
Active:           351256 kB
Mem:          3.8G       3.7G       106M       5.7M        21M       3.2G

MemTotal:        4016004 kB
MemFree:          108976 kB
Active:           351296 kB
Mem:          3.8G       3.7G       106M       5.7M        21M       3.2G

MemTotal:        4016004 kB
MemFree:          108976 kB
Active:           351280 kB
Mem:          3.8G       3.7G       106M       5.7M        21M       3.2G

MemTotal:        4016004 kB
MemFree:          108976 kB
Active:           351296 kB
Mem:          3.8G       3.7G       106M       5.7M        21M       3.2G

MemTotal:        4016004 kB
MemFree:          108976 kB
Active:           351276 kB
Mem:          3.8G       3.7G       106M       5.7M        21M       3.2G

MemTotal:        4016004 kB
MemFree:          108852 kB
Active:           351292 kB
Mem:          3.8G       3.7G       106M       5.7M        21M       3.2G

MemTotal:        4016004 kB
MemFree:          108976 kB
Active:           351284 kB
Mem:          3.8G       3.7G       106M       5.7M        21M       3.2G

MemTotal:        4016004 kB
MemFree:          108976 kB
Active:           351308 kB
Mem:          3.8G       3.7G       106M       5.7M        21M       3.2G

MemTotal:        4016004 kB
MemFree:          108976 kB
Active:           351308 kB
Mem:          3.8G       3.7G       106M       5.7M        21M       3.2G

MemTotal:        4016004 kB
MemFree:          108852 kB
Active:           351288 kB
Mem:          3.8G       3.7G       106M       5.7M        21M       3.2G

MemTotal:        4016004 kB
MemFree:          108852 kB
Active:           351300 kB
Mem:          3.8G       3.7G       106M       5.7M        21M       3.2G

MemTotal:        4016004 kB
MemFree:          108976 kB
Active:           351284 kB
Mem:          3.8G       3.7G       106M       5.7M        21M       3.2G

MemTotal:        4016004 kB
MemFree:          108976 kB
Active:           351280 kB
Mem:          3.8G       3.7G       106M       5.7M        21M       3.2G

MemTotal:        4016004 kB
MemFree:          108852 kB
Active:           351312 kB
Mem:          3.8G       3.7G       106M       5.7M        21M       3.2G

MemTotal:        4016004 kB
MemFree:          108976 kB
Active:           351280 kB
Mem:          3.8G       3.7G       106M       5.7M        21M       3.2G

MemTotal:        4016004 kB
MemFree:          108976 kB
Active:           351280 kB
Mem:          3.8G       3.7G       106M       5.7M        21M       3.2G

MemTotal:        4016004 kB
MemFree:          108976 kB
Active:           351320 kB
Mem:          3.8G       3.7G       106M       5.7M        21M       3.2G

MemTotal:        4016004 kB
MemFree:          108852 kB
Active:           351308 kB
Mem:          3.8G       3.7G       106M       5.7M        21M       3.2G

MemTotal:        4016004 kB
MemFree:          108356 kB
Active:           351324 kB
Mem:          3.8G       3.7G       106M       5.7M        21M       3.2G

MemTotal:        4016004 kB
MemFree:          108976 kB
Active:           351304 kB
Mem:          3.8G       3.7G       106M       5.7M        21M       3.2G

MemTotal:        4016004 kB
MemFree:          108852 kB
Active:           351328 kB
Mem:          3.8G       3.7G       106M       5.7M        21M       3.2G

MemTotal:        4016004 kB
MemFree:          108852 kB
Active:           351328 kB
Mem:          3.8G       3.7G       106M       5.7M        21M       3.2G

MemTotal:        4016004 kB
MemFree:          108852 kB
Active:           351328 kB
Mem:          3.8G       3.7G       106M       5.7M        21M       3.2G

MemTotal:        4016004 kB
MemFree:          108976 kB
Active:           351324 kB
Mem:          3.8G       3.7G       106M       5.7M        21M       3.2G

MemTotal:        4016004 kB
MemFree:          108976 kB
Active:           351316 kB
Mem:          3.8G       3.7G       106M       5.7M        21M       3.2G

MemTotal:        4016004 kB
MemFree:          108852 kB
Active:           351332 kB
Mem:          3.8G       3.7G       106M       5.7M        21M       3.2G

MemTotal:        4016004 kB
MemFree:          108976 kB
Active:           351336 kB
Mem:          3.8G       3.7G       106M       5.7M        21M       3.2G

MemTotal:        4016004 kB
MemFree:          108852 kB
Active:           351316 kB
Mem:          3.8G       3.7G       106M       5.7M        21M       3.2G

MemTotal:        4016004 kB
MemFree:          108852 kB
Active:           351344 kB
Mem:          3.8G       3.7G       106M       5.7M        21M       3.2G

MemTotal:        4016004 kB
MemFree:          108356 kB
Active:           351348 kB
Mem:          3.8G       3.7G       106M       5.7M        21M       3.2G

MemTotal:        4016004 kB
MemFree:          108852 kB
Active:           351348 kB
Mem:          3.8G       3.7G       106M       5.7M        21M       3.2G

MemTotal:        4016004 kB
MemFree:          108480 kB
Active:           351348 kB
Mem:          3.8G       3.7G       106M       5.7M        21M       3.2G

MemTotal:        4016004 kB
MemFree:          108852 kB
Active:           351320 kB
Mem:          3.8G       3.7G       106M       5.7M        21M       3.2G

MemTotal:        4016004 kB
MemFree:          108852 kB
Active:           351356 kB
Mem:          3.8G       3.7G       106M       5.7M        21M       3.2G

MemTotal:        4016004 kB
MemFree:          108480 kB
Active:           351348 kB
Mem:          3.8G       3.7G       105M       5.7M        21M       3.2G

MemTotal:        4016004 kB
MemFree:          108480 kB
Active:           351328 kB
Mem:          3.8G       3.7G       105M       5.7M        21M       3.2G

MemTotal:        4016004 kB
MemFree:          108356 kB
Active:           351316 kB
Mem:          3.8G       3.7G       105M       5.7M        21M       3.2G

MemTotal:        4016004 kB
MemFree:          108480 kB
Active:           351352 kB
Mem:          3.8G       3.7G       105M       5.7M        21M       3.2G

MemTotal:        4016004 kB
MemFree:          108604 kB
Active:           351340 kB
Mem:          3.8G       3.7G       105M       5.7M        21M       3.2G

MemTotal:        4016004 kB
MemFree:          108480 kB
Active:           351348 kB
Mem:          3.8G       3.7G       105M       5.7M        21M       3.2G

MemTotal:        4016004 kB
MemFree:          108480 kB
Active:           351320 kB
Mem:          3.8G       3.7G       105M       5.7M        21M       3.2G

MemTotal:        4016004 kB
MemFree:          108232 kB
Active:           351336 kB
Mem:          3.8G       3.7G       105M       5.7M        21M       3.2G

MemTotal:        4016004 kB
MemFree:          108356 kB
Active:           351332 kB
Mem:          3.8G       3.7G       105M       5.7M        21M       3.2G

MemTotal:        4016004 kB
MemFree:          108356 kB
Active:           351368 kB
Mem:          3.8G       3.7G       105M       5.7M        21M       3.2G

MemTotal:        4016004 kB
MemFree:          108480 kB
Active:           351368 kB
Mem:          3.8G       3.7G       105M       5.7M        21M       3.2G

MemTotal:        4016004 kB
MemFree:          108480 kB
Active:           351348 kB
Mem:          3.8G       3.7G       105M       5.7M        21M       3.2G

MemTotal:        4016004 kB
MemFree:          108480 kB
Active:           351348 kB
Mem:          3.8G       3.7G       105M       5.7M        21M       3.2G

MemTotal:        4016004 kB
MemFree:          108480 kB
Active:           351340 kB
Mem:          3.8G       3.7G       105M       5.7M        21M       3.2G

MemTotal:        4016004 kB
MemFree:          109072 kB
Active:           351024 kB
Mem:          3.8G       3.7G       106M       5.7M        21M       3.2G

MemTotal:        4016004 kB
MemFree:          109640 kB
Active:           350912 kB
Mem:          3.8G       3.7G       107M       5.7M        21M       3.2G

MemTotal:        4016004 kB
MemFree:          109268 kB
Active:           350924 kB
Mem:          3.8G       3.7G       106M       5.7M        21M       3.2G

MemTotal:        4016004 kB
MemFree:          109640 kB
Active:           350880 kB
Mem:          3.8G       3.7G       107M       5.7M        21M       3.2G

MemTotal:        4016004 kB
MemFree:          109640 kB
Active:           350920 kB
Mem:          3.8G       3.7G       107M       5.7M        21M       3.2G

MemTotal:        4016004 kB
MemFree:          109764 kB
Active:           350884 kB
Mem:          3.8G       3.7G       107M       5.7M        21M       3.2G

MemTotal:        4016004 kB
MemFree:          109268 kB
Active:           350940 kB
Mem:          3.8G       3.7G       106M       5.7M        21M       3.2G

MemTotal:        4016004 kB
MemFree:          109392 kB
Active:           350940 kB
Mem:          3.8G       3.7G       107M       5.7M        21M       3.2G

MemTotal:        4016004 kB
MemFree:          109888 kB
Active:           350924 kB
Mem:          3.8G       3.7G       107M       5.7M        21M       3.2G

MemTotal:        4016004 kB
MemFree:          109392 kB
Active:           350940 kB
Mem:          3.8G       3.7G       106M       5.7M        21M       3.2G

MemTotal:        4016004 kB
MemFree:          109764 kB
Active:           350928 kB
Mem:          3.8G       3.7G       106M       5.7M        21M       3.2G

MemTotal:        4016004 kB
MemFree:          109764 kB
Active:           350904 kB
Mem:          3.8G       3.7G       106M       5.7M        21M       3.2G

MemTotal:        4016004 kB
MemFree:          109888 kB
Active:           350908 kB
Mem:          3.8G       3.7G       106M       5.7M        21M       3.2G

MemTotal:        4016004 kB
MemFree:          109764 kB
Active:           350952 kB
Mem:          3.8G       3.7G       107M       5.7M        21M       3.2G

MemTotal:        4016004 kB
MemFree:          109392 kB
Active:           350960 kB
Mem:          3.8G       3.7G       106M       5.7M        21M       3.2G

MemTotal:        4016004 kB
MemFree:          109764 kB
Active:           350920 kB
Mem:          3.8G       3.7G       107M       5.7M        21M       3.2G

MemTotal:        4016004 kB
MemFree:          109764 kB
Active:           350940 kB
Mem:          3.8G       3.7G       107M       5.7M        21M       3.2G

MemTotal:        4016004 kB
MemFree:          109640 kB
Active:           350952 kB
Mem:          3.8G       3.7G       107M       5.7M        21M       3.2G

MemTotal:        4016004 kB
MemFree:          109640 kB
Active:           350952 kB
Mem:          3.8G       3.7G       107M       5.7M        21M       3.2G

MemTotal:        4016004 kB
MemFree:          109640 kB
Active:           350932 kB
Mem:          3.8G       3.7G       107M       5.7M        21M       3.2G

MemTotal:        4016004 kB
MemFree:          109268 kB
Active:           350968 kB
Mem:          3.8G       3.7G       106M       5.7M        21M       3.2G

MemTotal:        4016004 kB
MemFree:          109764 kB
Active:           350912 kB
Mem:          3.8G       3.7G       106M       5.7M        21M       3.2G

MemTotal:        4016004 kB
MemFree:          109640 kB
Active:           350920 kB
Mem:          3.8G       3.7G       107M       5.7M        21M       3.2G

MemTotal:        4016004 kB
MemFree:          109392 kB
Active:           350976 kB
Mem:          3.8G       3.7G       106M       5.7M        21M       3.2G

MemTotal:        4016004 kB
MemFree:          109764 kB
Active:           350940 kB
Mem:          3.8G       3.7G       106M       5.7M        21M       3.2G

MemTotal:        4016004 kB
MemFree:          109764 kB
Active:           350976 kB
Mem:          3.8G       3.7G       106M       5.7M        21M       3.2G

MemTotal:        4016004 kB
MemFree:          109764 kB
Active:           350924 kB
Mem:          3.8G       3.7G       106M       5.7M        21M       3.2G

MemTotal:        4016004 kB
MemFree:          109516 kB
Active:           350984 kB
Mem:          3.8G       3.7G       106M       5.7M        21M       3.2G

MemTotal:        4016004 kB
MemFree:          109640 kB
Active:           350972 kB
Mem:          3.8G       3.7G       107M       5.7M        21M       3.2G

MemTotal:        4016004 kB
MemFree:          109640 kB
Active:           350948 kB
Mem:          3.8G       3.7G       106M       5.7M        21M       3.2G

MemTotal:        4016004 kB
MemFree:          109268 kB
Active:           350992 kB
Mem:          3.8G       3.7G       106M       5.7M        21M       3.2G

MemTotal:        4016004 kB
MemFree:          109392 kB
Active:           350992 kB
