MemTotal:        4016004 kB
MemFree:         3235396 kB
Active:           425228 kB
Mem:          3.8G       762M       3.1G       5.7M        55M       319M

MemTotal:        4016004 kB
MemFree:         3235512 kB
Active:           425844 kB
Mem:          3.8G       762M       3.1G       5.7M        55M       319M

MemTotal:        4016004 kB
MemFree:         3234644 kB
Active:           425928 kB
Mem:          3.8G       763M       3.1G       5.7M        55M       319M

MemTotal:        4016004 kB
MemFree:         3234628 kB
Active:           425940 kB
Mem:          3.8G       763M       3.1G       5.7M        55M       319M

MemTotal:        4016004 kB
MemFree:         3234736 kB
Active:           425948 kB
Mem:          3.8G       763M       3.1G       5.7M        55M       319M

MemTotal:        4016004 kB
MemFree:         3234844 kB
Active:           425932 kB
Mem:          3.8G       762M       3.1G       5.7M        55M       319M

MemTotal:        4016004 kB
MemFree:         3232780 kB
Active:           425888 kB
Mem:          3.8G       764M       3.1G       5.7M        55M       319M

MemTotal:        4016004 kB
MemFree:         3232764 kB
Active:           425916 kB
Mem:          3.8G       765M       3.1G       5.7M        55M       319M

MemTotal:        4016004 kB
MemFree:         3232376 kB
Active:           425932 kB
Mem:          3.8G       764M       3.1G       5.7M        55M       319M

MemTotal:        4016004 kB
MemFree:         3232732 kB
Active:           427972 kB
Mem:          3.8G       764M       3.1G       5.7M        55M       319M

MemTotal:        4016004 kB
MemFree:         3232716 kB
Active:           427984 kB
Mem:          3.8G       765M       3.1G       5.7M        55M       319M

MemTotal:        4016004 kB
MemFree:         3232576 kB
Active:           427952 kB
Mem:          3.8G       765M       3.1G       5.7M        55M       319M

MemTotal:        4016004 kB
MemFree:         3232328 kB
Active:           427960 kB
Mem:          3.8G       765M       3.1G       5.7M        55M       319M

MemTotal:        4016004 kB
MemFree:         3232824 kB
Active:           427956 kB
Mem:          3.8G       764M       3.1G       5.7M        55M       319M

MemTotal:        4016004 kB
MemFree:         3232560 kB
Active:           427948 kB
Mem:          3.8G       765M       3.1G       5.7M        55M       319M

MemTotal:        4016004 kB
MemFree:         3232544 kB
Active:           427980 kB
Mem:          3.8G       765M       3.1G       5.7M        55M       319M

MemTotal:        4016004 kB
MemFree:         3232188 kB
Active:           427988 kB
Mem:          3.8G       765M       3.1G       5.7M        55M       319M

MemTotal:        4016004 kB
MemFree:         3232172 kB
Active:           427976 kB
Mem:          3.8G       765M       3.1G       5.7M        55M       319M

MemTotal:        4016004 kB
MemFree:         3232032 kB
Active:           427948 kB
Mem:          3.8G       765M       3.1G       5.7M        55M       319M

MemTotal:        4016004 kB
MemFree:         3231892 kB
Active:           427988 kB
Mem:          3.8G       765M       3.1G       5.7M        55M       319M

MemTotal:        4016004 kB
MemFree:         3231396 kB
Active:           427996 kB
Mem:          3.8G       766M       3.1G       5.7M        55M       319M

MemTotal:        4016004 kB
MemFree:         3231628 kB
Active:           427964 kB
Mem:          3.8G       765M       3.1G       5.7M        55M       319M

MemTotal:        4016004 kB
MemFree:         3232108 kB
Active:           427952 kB
Mem:          3.8G       765M       3.1G       5.7M        55M       319M

MemTotal:        4016004 kB
MemFree:         3231860 kB
Active:           427952 kB
Mem:          3.8G       765M       3.1G       5.7M        55M       319M

MemTotal:        4016004 kB
MemFree:         3231596 kB
Active:           427968 kB
Mem:          3.8G       766M       3.1G       5.7M        55M       319M

MemTotal:        4016004 kB
MemFree:         3231720 kB
Active:           427956 kB
Mem:          3.8G       766M       3.1G       5.7M        55M       319M

MemTotal:        4016004 kB
MemFree:         3231020 kB
Active:           425956 kB
Mem:          3.8G       766M       3.1G       5.7M        55M       319M

MemTotal:        4016004 kB
MemFree:         3230756 kB
Active:           425956 kB
Mem:          3.8G       766M       3.1G       5.7M        55M       319M

MemTotal:        4016004 kB
MemFree:         3231376 kB
Active:           428000 kB
Mem:          3.8G       766M       3.1G       5.7M        55M       319M

MemTotal:        4016004 kB
MemFree:         3231500 kB
Active:           427988 kB
Mem:          3.8G       765M       3.1G       5.7M        55M       319M

MemTotal:        4016004 kB
MemFree:         3231856 kB
Active:           427956 kB
Mem:          3.8G       765M       3.1G       5.7M        55M       319M

MemTotal:        4016004 kB
MemFree:         3231532 kB
Active:           428016 kB
Mem:          3.8G       765M       3.1G       5.7M        55M       319M

MemTotal:        4016004 kB
MemFree:         3232028 kB
Active:           427964 kB
Mem:          3.8G       765M       3.1G       5.7M        55M       319M

MemTotal:        4016004 kB
MemFree:         3232028 kB
Active:           428000 kB
Mem:          3.8G       765M       3.1G       5.7M        55M       319M

MemTotal:        4016004 kB
MemFree:         3231904 kB
Active:           427996 kB
Mem:          3.8G       765M       3.1G       5.7M        55M       319M

MemTotal:        4016004 kB
MemFree:         3232096 kB
Active:           428000 kB
Mem:          3.8G       765M       3.1G       5.7M        55M       319M

MemTotal:        4016004 kB
MemFree:         3231596 kB
Active:           425980 kB
Mem:          3.8G       765M       3.1G       5.7M        55M       319M

MemTotal:        4016004 kB
MemFree:         3232216 kB
Active:           427984 kB
Mem:          3.8G       765M       3.1G       5.7M        55M       319M

MemTotal:        4016004 kB
MemFree:         3232216 kB
Active:           428016 kB
Mem:          3.8G       765M       3.1G       5.7M        55M       319M

MemTotal:        4016004 kB
MemFree:         3232216 kB
Active:           427992 kB
Mem:          3.8G       765M       3.1G       5.7M        55M       319M

MemTotal:        4016004 kB
MemFree:         3232340 kB
Active:           428024 kB
Mem:          3.8G       765M       3.1G       5.7M        55M       319M

MemTotal:        4016004 kB
MemFree:         3232340 kB
Active:           428000 kB
Mem:          3.8G       765M       3.1G       5.7M        55M       319M

MemTotal:        4016004 kB
MemFree:         3232340 kB
Active:           428024 kB
Mem:          3.8G       765M       3.1G       5.7M        55M       319M

MemTotal:        4016004 kB
MemFree:         3232340 kB
Active:           427988 kB
Mem:          3.8G       765M       3.1G       5.7M        55M       319M

MemTotal:        4016004 kB
MemFree:         3232464 kB
Active:           428016 kB
Mem:          3.8G       765M       3.1G       5.7M        55M       319M

MemTotal:        4016004 kB
MemFree:         3231596 kB
Active:           428044 kB
Mem:          3.8G       766M       3.1G       5.7M        55M       319M

MemTotal:        4016004 kB
MemFree:         3231704 kB
Active:           428028 kB
Mem:          3.8G       765M       3.1G       5.7M        55M       319M

MemTotal:        4016004 kB
MemFree:         3231688 kB
Active:           428040 kB
Mem:          3.8G       765M       3.1G       5.7M        55M       319M

MemTotal:        4016004 kB
MemFree:         3231812 kB
Active:           428048 kB
Mem:          3.8G       765M       3.1G       5.7M        55M       319M

MemTotal:        4016004 kB
MemFree:         3232060 kB
Active:           428008 kB
Mem:          3.8G       765M       3.1G       5.7M        55M       319M

MemTotal:        4016004 kB
MemFree:         3231920 kB
Active:           428000 kB
Mem:          3.8G       765M       3.1G       5.7M        55M       319M

MemTotal:        4016004 kB
MemFree:         3231780 kB
Active:           428012 kB
Mem:          3.8G       765M       3.1G       5.7M        55M       319M

MemTotal:        4016004 kB
MemFree:         3231640 kB
Active:           428072 kB
Mem:          3.8G       765M       3.1G       5.7M        55M       319M

MemTotal:        4016004 kB
MemFree:         3232136 kB
Active:           428032 kB
Mem:          3.8G       765M       3.1G       5.7M        55M       319M

MemTotal:        4016004 kB
MemFree:         3231888 kB
Active:           428036 kB
Mem:          3.8G       765M       3.1G       5.7M        55M       319M

MemTotal:        4016004 kB
MemFree:         3231624 kB
Active:           428076 kB
Mem:          3.8G       765M       3.1G       5.7M        55M       319M

MemTotal:        4016004 kB
MemFree:         3231996 kB
Active:           428024 kB
Mem:          3.8G       765M       3.1G       5.7M        55M       319M

MemTotal:        4016004 kB
MemFree:         3232120 kB
Active:           428064 kB
Mem:          3.8G       765M       3.1G       5.7M        55M       319M

MemTotal:        4016004 kB
MemFree:         3231872 kB
Active:           428072 kB
Mem:          3.8G       765M       3.1G       5.7M        55M       319M

MemTotal:        4016004 kB
MemFree:         3231872 kB
Active:           428036 kB
Mem:          3.8G       765M       3.1G       5.7M        55M       319M

MemTotal:        4016004 kB
MemFree:         3231964 kB
Active:           428184 kB
Mem:          3.8G       765M       3.1G       5.7M        55M       319M

MemTotal:        4016004 kB
MemFree:         3115796 kB
Active:           428656 kB
Mem:          3.8G       879M       3.0G       5.7M        55M       432M

MemTotal:        4016004 kB
MemFree:         3003320 kB
Active:           428684 kB
Mem:          3.8G       988M       2.9G       5.7M        55M       539M

MemTotal:        4016004 kB
MemFree:         2884628 kB
Active:           428692 kB
Mem:          3.8G       1.1G       2.7G       5.7M        55M       655M

MemTotal:        4016004 kB
MemFree:         2876300 kB
Active:           428732 kB
Mem:          3.8G       1.1G       2.7G       5.7M        55M       662M

MemTotal:        4016004 kB
MemFree:         2810080 kB
Active:           428744 kB
Mem:          3.8G       1.2G       2.7G       5.7M        55M       726M

MemTotal:        4016004 kB
MemFree:         2773940 kB
Active:           428736 kB
Mem:          3.8G       1.2G       2.6G       5.7M        55M       758M

MemTotal:        4016004 kB
MemFree:         2727164 kB
Active:           430788 kB
Mem:          3.8G       1.2G       2.6G       5.7M        55M       804M

MemTotal:        4016004 kB
MemFree:         2676604 kB
Active:           430796 kB
Mem:          3.8G       1.3G       2.6G       5.7M        55M       852M

MemTotal:        4016004 kB
MemFree:         2676008 kB
Active:           430812 kB
Mem:          3.8G       1.3G       2.6G       5.7M        55M       852M

MemTotal:        4016004 kB
MemFree:         2675752 kB
Active:           430832 kB
Mem:          3.8G       1.3G       2.6G       5.7M        55M       852M

MemTotal:        4016004 kB
MemFree:         2675144 kB
Active:           430856 kB
Mem:          3.8G       1.3G       2.6G       5.7M        55M       853M

MemTotal:        4016004 kB
MemFree:         2634968 kB
Active:           430864 kB
Mem:          3.8G       1.3G       2.5G       5.7M        55M       892M

MemTotal:        4016004 kB
MemFree:         2513688 kB
Active:           430872 kB
Mem:          3.8G       1.4G       2.4G       5.7M        55M       1.0G

MemTotal:        4016004 kB
MemFree:         2381944 kB
Active:           430872 kB
Mem:          3.8G       1.6G       2.3G       5.7M        55M       1.1G

MemTotal:        4016004 kB
MemFree:         2321976 kB
Active:           430872 kB
Mem:          3.8G       1.6G       2.2G       5.7M        55M       1.2G

MemTotal:        4016004 kB
MemFree:         2293456 kB
Active:           430872 kB
Mem:          3.8G       1.6G       2.2G       5.7M        55M       1.2G

MemTotal:        4016004 kB
MemFree:         2222956 kB
Active:           430872 kB
Mem:          3.8G       1.7G       2.1G       5.7M        55M       1.3G

MemTotal:        4016004 kB
MemFree:         2207316 kB
Active:           430880 kB
Mem:          3.8G       1.7G       2.1G       5.7M        55M       1.3G

MemTotal:        4016004 kB
MemFree:         2122360 kB
Active:           430888 kB
Mem:          3.8G       1.8G       2.0G       5.7M        55M       1.4G

MemTotal:        4016004 kB
MemFree:         2117372 kB
Active:           430888 kB
Mem:          3.8G       1.8G       2.0G       5.7M        55M       1.4G

MemTotal:        4016004 kB
MemFree:         2023968 kB
Active:           430888 kB
Mem:          3.8G       1.9G       1.9G       5.7M        55M       1.4G

MemTotal:        4016004 kB
MemFree:         2022096 kB
Active:           430924 kB
Mem:          3.8G       1.9G       1.9G       5.7M        55M       1.4G

MemTotal:        4016004 kB
MemFree:         2022128 kB
Active:           430928 kB
Mem:          3.8G       1.9G       1.9G       5.7M        55M       1.4G

MemTotal:        4016004 kB
MemFree:         2022380 kB
Active:           430928 kB
Mem:          3.8G       1.9G       1.9G       5.7M        55M       1.4G

MemTotal:        4016004 kB
MemFree:         2021860 kB
Active:           430932 kB
Mem:          3.8G       1.9G       1.9G       5.7M        55M       1.4G

MemTotal:        4016004 kB
MemFree:         1897140 kB
Active:           430936 kB
Mem:          3.8G       2.0G       1.8G       5.7M        55M       1.6G

MemTotal:        4016004 kB
MemFree:         1766280 kB
Active:           430940 kB
Mem:          3.8G       2.1G       1.7G       5.7M        55M       1.7G

MemTotal:        4016004 kB
MemFree:         1670568 kB
Active:           430948 kB
Mem:          3.8G       2.2G       1.6G       5.7M        55M       1.8G

MemTotal:        4016004 kB
MemFree:         1668296 kB
Active:           430948 kB
Mem:          3.8G       2.2G       1.6G       5.7M        55M       1.8G

MemTotal:        4016004 kB
MemFree:         1571680 kB
Active:           430952 kB
Mem:          3.8G       2.3G       1.5G       5.7M        55M       1.9G

MemTotal:        4016004 kB
MemFree:         1570452 kB
Active:           430964 kB
Mem:          3.8G       2.3G       1.5G       5.7M        55M       1.9G

MemTotal:        4016004 kB
MemFree:         1471196 kB
Active:           430964 kB
Mem:          3.8G       2.4G       1.4G       5.7M        55M       2.0G

MemTotal:        4016004 kB
MemFree:         1470792 kB
Active:           430964 kB
Mem:          3.8G       2.4G       1.4G       5.7M        55M       2.0G

MemTotal:        4016004 kB
MemFree:         1399148 kB
Active:           430968 kB
Mem:          3.8G       2.5G       1.3G       5.7M        55M       2.0G

MemTotal:        4016004 kB
MemFree:         1372004 kB
Active:           430968 kB
Mem:          3.8G       2.5G       1.3G       5.7M        55M       2.1G

MemTotal:        4016004 kB
MemFree:         1369560 kB
Active:           428936 kB
Mem:          3.8G       2.5G       1.3G       5.7M        55M       2.1G

MemTotal:        4016004 kB
MemFree:         1367796 kB
Active:           430992 kB
Mem:          3.8G       2.5G       1.3G       5.7M        55M       2.1G

MemTotal:        4016004 kB
MemFree:         1343308 kB
Active:           430992 kB
Mem:          3.8G       2.5G       1.3G       5.7M        55M       2.1G

MemTotal:        4016004 kB
MemFree:         1286672 kB
Active:           430996 kB
Mem:          3.8G       2.6G       1.2G       5.7M        55M       2.1G

MemTotal:        4016004 kB
MemFree:         1156432 kB
Active:           431000 kB
Mem:          3.8G       2.7G       1.1G       5.7M        55M       2.3G

MemTotal:        4016004 kB
MemFree:         1027804 kB
Active:           431000 kB
Mem:          3.8G       2.9G       1.0G       5.7M        55M       2.4G

MemTotal:        4016004 kB
MemFree:          986980 kB
Active:           431012 kB
Mem:          3.8G       2.9G       963M       5.7M        55M       2.4G

MemTotal:        4016004 kB
MemFree:          942820 kB
Active:           431008 kB
Mem:          3.8G       2.9G       919M       5.7M        55M       2.5G

MemTotal:        4016004 kB
MemFree:          834576 kB
Active:           431032 kB
Mem:          3.8G       3.0G       814M       5.7M        55M       2.6G

MemTotal:        4016004 kB
MemFree:          712520 kB
Active:           431032 kB
Mem:          3.8G       3.2G       695M       5.7M        55M       2.7G

MemTotal:        4016004 kB
MemFree:          579860 kB
Active:           431040 kB
Mem:          3.8G       3.3G       565M       5.7M        55M       2.8G

MemTotal:        4016004 kB
MemFree:          542940 kB
Active:           431084 kB
Mem:          3.8G       3.3G       529M       5.7M        55M       2.8G

MemTotal:        4016004 kB
MemFree:          541852 kB
Active:           431096 kB
Mem:          3.8G       3.3G       529M       5.7M        55M       2.8G

MemTotal:        4016004 kB
MemFree:          541728 kB
Active:           431096 kB
Mem:          3.8G       3.3G       529M       5.7M        55M       2.8G

MemTotal:        4016004 kB
MemFree:          541952 kB
Active:           431100 kB
Mem:          3.8G       3.3G       529M       5.7M        55M       2.8G

MemTotal:        4016004 kB
MemFree:          540160 kB
Active:           431120 kB
Mem:          3.8G       3.3G       527M       5.7M        55M       2.8G

MemTotal:        4016004 kB
MemFree:          504388 kB
Active:           431120 kB
Mem:          3.8G       3.3G       491M       5.7M        55M       2.9G

MemTotal:        4016004 kB
MemFree:          503628 kB
Active:           431124 kB
Mem:          3.8G       3.3G       491M       5.7M        55M       2.9G

MemTotal:        4016004 kB
MemFree:          503568 kB
Active:           431160 kB
Mem:          3.8G       3.3G       491M       5.7M        55M       2.9G

MemTotal:        4016004 kB
MemFree:          502576 kB
Active:           431176 kB
Mem:          3.8G       3.4G       490M       5.7M        55M       2.9G

MemTotal:        4016004 kB
MemFree:          483124 kB
Active:           431188 kB
Mem:          3.8G       3.4G       471M       5.7M        55M       2.9G

MemTotal:        4016004 kB
MemFree:          354916 kB
Active:           431196 kB
Mem:          3.8G       3.5G       345M       5.7M        55M       3.0G

MemTotal:        4016004 kB
MemFree:          241712 kB
Active:           431196 kB
Mem:          3.8G       3.6G       235M       5.7M        55M       3.1G

MemTotal:        4016004 kB
MemFree:          115812 kB
Active:           431196 kB
Mem:          3.8G       3.7G       112M       5.7M        55M       3.2G

MemTotal:        4016004 kB
MemFree:          139368 kB
Active:           432536 kB
Mem:          3.8G       3.7G       133M       5.7M        20M       3.3G

MemTotal:        4016004 kB
MemFree:          111840 kB
Active:           432668 kB
Mem:          3.8G       3.7G       107M       5.7M        20M       3.3G

MemTotal:        4016004 kB
MemFree:          132592 kB
Active:           464048 kB
Mem:          3.8G       3.7G       121M       5.7M        20M       3.3G

MemTotal:        4016004 kB
MemFree:          128280 kB
Active:           489732 kB
Mem:          3.8G       3.7G       118M       5.7M        20M       3.3G

MemTotal:        4016004 kB
MemFree:          120976 kB
Active:           489732 kB
Mem:          3.8G       3.7G       118M       5.7M        20M       3.3G

MemTotal:        4016004 kB
MemFree:          120420 kB
Active:           489616 kB
Mem:          3.8G       3.7G       117M       5.7M        20M       3.3G

MemTotal:        4016004 kB
MemFree:          118712 kB
Active:           487600 kB
Mem:          3.8G       3.7G       115M       5.7M        20M       3.3G

MemTotal:        4016004 kB
MemFree:          117688 kB
Active:           487636 kB
Mem:          3.8G       3.7G       114M       5.7M        20M       3.3G

MemTotal:        4016004 kB
MemFree:          140176 kB
Active:           484032 kB
Mem:          3.8G       3.7G       135M       5.7M        20M       3.2G

MemTotal:        4016004 kB
MemFree:          138052 kB
Active:           469664 kB
Mem:          3.8G       3.7G       133M       5.7M        20M       3.3G

MemTotal:        4016004 kB
MemFree:          127272 kB
Active:           461680 kB
Mem:          3.8G       3.7G       124M       5.7M        20M       3.3G

MemTotal:        4016004 kB
MemFree:          131080 kB
Active:           454300 kB
Mem:          3.8G       3.7G       126M       5.7M        20M       3.3G

MemTotal:        4016004 kB
MemFree:          127800 kB
Active:           449164 kB
Mem:          3.8G       3.7G       124M       5.7M        20M       3.3G

MemTotal:        4016004 kB
MemFree:          125876 kB
Active:           447252 kB
Mem:          3.8G       3.7G       122M       5.7M        20M       3.3G

MemTotal:        4016004 kB
MemFree:          123092 kB
Active:           442320 kB
Mem:          3.8G       3.7G       119M       5.7M        20M       3.3G

MemTotal:        4016004 kB
MemFree:          143168 kB
Active:           438608 kB
Mem:          3.8G       3.7G       139M       5.7M        20M       3.2G

MemTotal:        4016004 kB
MemFree:          110088 kB
Active:           439324 kB
Mem:          3.8G       3.7G       107M       5.7M        20M       3.3G

MemTotal:        4016004 kB
MemFree:          140316 kB
Active:           433780 kB
Mem:          3.8G       3.7G       136M       5.7M        20M       3.2G

MemTotal:        4016004 kB
MemFree:          138456 kB
Active:           433800 kB
Mem:          3.8G       3.7G       135M       5.7M        20M       3.2G

MemTotal:        4016004 kB
MemFree:          137276 kB
Active:           433804 kB
Mem:          3.8G       3.7G       134M       5.7M        20M       3.3G

MemTotal:        4016004 kB
MemFree:          136224 kB
Active:           433816 kB
Mem:          3.8G       3.7G       133M       5.7M        20M       3.3G

MemTotal:        4016004 kB
MemFree:          107068 kB
Active:           432532 kB
Mem:          3.8G       3.7G       104M       5.7M        20M       3.3G

MemTotal:        4016004 kB
MemFree:          128132 kB
Active:           431004 kB
Mem:          3.8G       3.7G       124M       5.7M        20M       3.3G

MemTotal:        4016004 kB
MemFree:          137708 kB
Active:           426528 kB
Mem:          3.8G       3.7G       132M       5.7M        20M       3.3G

MemTotal:        4016004 kB
MemFree:          125324 kB
Active:           422432 kB
Mem:          3.8G       3.7G       120M       5.7M        20M       3.3G

MemTotal:        4016004 kB
MemFree:          136296 kB
Active:           421164 kB
Mem:          3.8G       3.7G       132M       5.7M        20M       3.3G

MemTotal:        4016004 kB
MemFree:          136512 kB
Active:           417820 kB
Mem:          3.8G       3.7G       132M       5.7M        20M       3.2G

MemTotal:        4016004 kB
MemFree:          121536 kB
Active:           417332 kB
Mem:          3.8G       3.7G       118M       5.7M        20M       3.3G

MemTotal:        4016004 kB
MemFree:          113148 kB
Active:           414324 kB
Mem:          3.8G       3.7G       110M       5.7M        20M       3.3G

MemTotal:        4016004 kB
MemFree:          134744 kB
Active:           413044 kB
Mem:          3.8G       3.7G       131M       5.7M        20M       3.3G

MemTotal:        4016004 kB
MemFree:          132220 kB
Active:           413056 kB
Mem:          3.8G       3.7G       129M       5.7M        20M       3.3G

MemTotal:        4016004 kB
MemFree:          130844 kB
Active:           413052 kB
Mem:          3.8G       3.7G       127M       5.7M        20M       3.3G

MemTotal:        4016004 kB
MemFree:          130820 kB
Active:           413064 kB
Mem:          3.8G       3.7G       127M       5.7M        20M       3.3G

MemTotal:        4016004 kB
MemFree:          138980 kB
Active:           411512 kB
Mem:          3.8G       3.7G       135M       5.7M        20M       3.2G

MemTotal:        4016004 kB
MemFree:          135376 kB
Active:           408440 kB
Mem:          3.8G       3.7G       131M       5.7M        20M       3.3G

MemTotal:        4016004 kB
MemFree:          127632 kB
Active:           402500 kB
Mem:          3.8G       3.7G       123M       5.7M        20M       3.3G

MemTotal:        4016004 kB
MemFree:          136308 kB
Active:           400708 kB
Mem:          3.8G       3.7G       132M       5.7M        20M       3.2G

MemTotal:        4016004 kB
MemFree:          133876 kB
Active:           399428 kB
Mem:          3.8G       3.7G       129M       5.7M        20M       3.3G

MemTotal:        4016004 kB
MemFree:          130340 kB
Active:           397916 kB
Mem:          3.8G       3.7G       126M       5.7M        20M       3.3G

MemTotal:        4016004 kB
MemFree:          133212 kB
Active:           395228 kB
Mem:          3.8G       3.7G       130M       5.7M        20M       3.3G

MemTotal:        4016004 kB
MemFree:          120164 kB
Active:           395100 kB
Mem:          3.8G       3.7G       116M       5.7M        20M       3.3G

MemTotal:        4016004 kB
MemFree:          142524 kB
Active:           393312 kB
Mem:          3.8G       3.7G       139M       5.7M        20M       3.2G

MemTotal:        4016004 kB
MemFree:          141732 kB
Active:           393328 kB
Mem:          3.8G       3.7G       138M       5.7M        20M       3.2G

MemTotal:        4016004 kB
MemFree:          141576 kB
Active:           393332 kB
Mem:          3.8G       3.7G       138M       5.7M        20M       3.2G

MemTotal:        4016004 kB
MemFree:          141652 kB
Active:           393336 kB
Mem:          3.8G       3.7G       138M       5.7M        20M       3.2G

MemTotal:        4016004 kB
MemFree:          131280 kB
Active:           391036 kB
Mem:          3.8G       3.7G       127M       5.7M        20M       3.3G

MemTotal:        4016004 kB
MemFree:          118220 kB
Active:           388220 kB
Mem:          3.8G       3.7G       125M       5.7M        20M       3.3G

MemTotal:        4016004 kB
MemFree:          137384 kB
Active:           382588 kB
Mem:          3.8G       3.7G       133M       5.7M        20M       3.2G

MemTotal:        4016004 kB
MemFree:          110768 kB
Active:           379816 kB
Mem:          3.8G       3.7G       107M       5.7M        20M       3.3G

MemTotal:        4016004 kB
MemFree:          119692 kB
Active:           377520 kB
Mem:          3.8G       3.7G       115M       5.7M        20M       3.3G

MemTotal:        4016004 kB
MemFree:          133732 kB
Active:           376092 kB
Mem:          3.8G       3.7G       129M       5.7M        20M       3.3G

MemTotal:        4016004 kB
MemFree:          125344 kB
Active:           373808 kB
Mem:          3.8G       3.7G       122M       5.7M        20M       3.3G

MemTotal:        4016004 kB
MemFree:          143060 kB
Active:           373008 kB
Mem:          3.8G       3.7G       139M       5.7M        20M       3.2G

MemTotal:        4016004 kB
MemFree:          127536 kB
Active:           372536 kB
Mem:          3.8G       3.7G       124M       5.7M        20M       3.3G

MemTotal:        4016004 kB
MemFree:          126800 kB
Active:           372416 kB
Mem:          3.8G       3.7G       123M       5.7M        20M       3.3G

MemTotal:        4016004 kB
MemFree:          125816 kB
Active:           372440 kB
Mem:          3.8G       3.7G       122M       5.7M        20M       3.3G

MemTotal:        4016004 kB
MemFree:          124408 kB
Active:           371888 kB
Mem:          3.8G       3.7G       121M       5.7M        20M       3.3G

MemTotal:        4016004 kB
MemFree:          113320 kB
Active:           373936 kB
Mem:          3.8G       3.7G       109M       5.7M        20M       3.3G

MemTotal:        4016004 kB
MemFree:          123388 kB
Active:           370872 kB
Mem:          3.8G       3.7G       120M       5.7M        20M       3.3G

MemTotal:        4016004 kB
MemFree:          137424 kB
Active:           367260 kB
Mem:          3.8G       3.7G       132M       5.7M        20M       3.2G

MemTotal:        4016004 kB
MemFree:          138648 kB
Active:           366880 kB
Mem:          3.8G       3.7G       134M       5.7M        20M       3.2G

MemTotal:        4016004 kB
MemFree:          122616 kB
Active:           366876 kB
Mem:          3.8G       3.7G       118M       5.7M        20M       3.3G

MemTotal:        4016004 kB
MemFree:          142708 kB
Active:           366876 kB
Mem:          3.8G       3.7G       138M       5.7M        20M       3.2G

MemTotal:        4016004 kB
MemFree:          130604 kB
Active:           366592 kB
Mem:          3.8G       3.7G       126M       5.7M        20M       3.3G

MemTotal:        4016004 kB
MemFree:          123680 kB
Active:           366488 kB
Mem:          3.8G       3.7G       119M       5.7M        20M       3.3G

MemTotal:        4016004 kB
MemFree:          131632 kB
Active:           366440 kB
Mem:          3.8G       3.7G       128M       5.7M        20M       3.3G

MemTotal:        4016004 kB
MemFree:          130300 kB
Active:           366568 kB
Mem:          3.8G       3.7G       127M       5.7M        20M       3.3G

MemTotal:        4016004 kB
MemFree:          129464 kB
Active:           366564 kB
Mem:          3.8G       3.7G       126M       5.7M        20M       3.3G

MemTotal:        4016004 kB
MemFree:          129316 kB
Active:           366576 kB
Mem:          3.8G       3.7G       126M       5.7M        20M       3.3G

MemTotal:        4016004 kB
MemFree:          129324 kB
Active:           365556 kB
Mem:          3.8G       3.7G       125M       5.7M        20M       3.3G

MemTotal:        4016004 kB
MemFree:          109276 kB
Active:           365556 kB
Mem:          3.8G       3.7G       124M       5.7M        20M       3.3G

MemTotal:        4016004 kB
MemFree:          130648 kB
Active:           365556 kB
Mem:          3.8G       3.7G       126M       5.7M        20M       3.3G

MemTotal:        4016004 kB
MemFree:          118088 kB
Active:           365556 kB
Mem:          3.8G       3.7G       114M       5.7M        20M       3.3G

MemTotal:        4016004 kB
MemFree:          140388 kB
Active:           365548 kB
Mem:          3.8G       3.7G       136M       5.7M        20M       3.2G

MemTotal:        4016004 kB
MemFree:          124288 kB
Active:           365528 kB
Mem:          3.8G       3.7G       119M       5.7M        20M       3.3G

MemTotal:        4016004 kB
MemFree:          115192 kB
Active:           365576 kB
Mem:          3.8G       3.7G       111M       5.7M        20M       3.3G

MemTotal:        4016004 kB
MemFree:          124916 kB
Active:           364448 kB
Mem:          3.8G       3.7G       121M       5.7M        20M       3.3G

MemTotal:        4016004 kB
MemFree:          138504 kB
Active:           364460 kB
Mem:          3.8G       3.7G       135M       5.7M        20M       3.2G

MemTotal:        4016004 kB
MemFree:          136732 kB
Active:           364464 kB
Mem:          3.8G       3.7G       133M       5.7M        20M       3.2G

MemTotal:        4016004 kB
MemFree:          136076 kB
Active:           364472 kB
Mem:          3.8G       3.7G       132M       5.7M        20M       3.2G

MemTotal:        4016004 kB
MemFree:          136236 kB
Active:           364472 kB
Mem:          3.8G       3.7G       133M       5.7M        20M       3.2G

MemTotal:        4016004 kB
MemFree:          128404 kB
Active:           364472 kB
Mem:          3.8G       3.7G       124M       5.7M        20M       3.3G

MemTotal:        4016004 kB
MemFree:          122708 kB
Active:           364484 kB
Mem:          3.8G       3.7G       119M       5.7M        20M       3.3G

MemTotal:        4016004 kB
MemFree:          128512 kB
Active:           363028 kB
Mem:          3.8G       3.7G       134M       5.7M        20M       3.2G

MemTotal:        4016004 kB
MemFree:          133056 kB
Active:           362892 kB
Mem:          3.8G       3.7G       129M       5.7M        20M       3.2G

MemTotal:        4016004 kB
MemFree:          144012 kB
Active:           362892 kB
Mem:          3.8G       3.7G       140M       5.7M        20M       3.2G

MemTotal:        4016004 kB
MemFree:          108624 kB
Active:           362904 kB
Mem:          3.8G       3.7G       104M       5.7M        20M       3.3G

MemTotal:        4016004 kB
MemFree:          135776 kB
Active:           361332 kB
Mem:          3.8G       3.7G       132M       5.7M        20M       3.2G

MemTotal:        4016004 kB
MemFree:          106324 kB
Active:           361284 kB
Mem:          3.8G       3.7G       103M       5.7M        20M       3.3G

MemTotal:        4016004 kB
MemFree:          136336 kB
Active:           361256 kB
Mem:          3.8G       3.7G       133M       5.7M        20M       3.2G

MemTotal:        4016004 kB
MemFree:          135588 kB
Active:           361280 kB
Mem:          3.8G       3.7G       132M       5.7M        20M       3.2G

MemTotal:        4016004 kB
MemFree:          134292 kB
Active:           361304 kB
Mem:          3.8G       3.7G       131M       5.7M        20M       3.2G

MemTotal:        4016004 kB
MemFree:          134324 kB
Active:           361304 kB
Mem:          3.8G       3.7G       131M       5.7M        20M       3.2G

MemTotal:        4016004 kB
MemFree:          123680 kB
Active:           361316 kB
Mem:          3.8G       3.7G       120M       5.7M        20M       3.3G

MemTotal:        4016004 kB
MemFree:          130816 kB
Active:           361316 kB
Mem:          3.8G       3.7G       127M       5.7M        20M       3.3G

MemTotal:        4016004 kB
MemFree:          120564 kB
Active:           360180 kB
Mem:          3.8G       3.7G       117M       5.7M        20M       3.3G

MemTotal:        4016004 kB
MemFree:          128356 kB
Active:           360136 kB
Mem:          3.8G       3.7G       125M       5.7M        20M       3.3G

MemTotal:        4016004 kB
MemFree:          126788 kB
Active:           360152 kB
Mem:          3.8G       3.7G       122M       5.7M        20M       3.3G

MemTotal:        4016004 kB
MemFree:          136124 kB
Active:           360160 kB
Mem:          3.8G       3.7G       132M       5.7M        20M       3.2G

MemTotal:        4016004 kB
MemFree:          110536 kB
Active:           360156 kB
Mem:          3.8G       3.7G       106M       5.7M        20M       3.3G

MemTotal:        4016004 kB
MemFree:          127848 kB
Active:           360164 kB
Mem:          3.8G       3.7G       124M       5.7M        20M       3.3G

MemTotal:        4016004 kB
MemFree:          126080 kB
Active:           360180 kB
Mem:          3.8G       3.7G       122M       5.7M        20M       3.3G

MemTotal:        4016004 kB
MemFree:          125112 kB
Active:           360184 kB
Mem:          3.8G       3.7G       121M       5.7M        20M       3.3G

MemTotal:        4016004 kB
MemFree:          125004 kB
Active:           360184 kB
Mem:          3.8G       3.7G       122M       5.7M        20M       3.3G

MemTotal:        4016004 kB
MemFree:          125132 kB
Active:           360188 kB
Mem:          3.8G       3.7G       122M       5.7M        20M       3.3G

MemTotal:        4016004 kB
MemFree:          119528 kB
Active:           358116 kB
Mem:          3.8G       3.7G       115M       5.7M        20M       3.3G

MemTotal:        4016004 kB
MemFree:          121828 kB
Active:           357992 kB
Mem:          3.8G       3.7G       117M       5.7M        20M       3.3G

MemTotal:        4016004 kB
MemFree:          132080 kB
Active:           357992 kB
Mem:          3.8G       3.7G       128M       5.7M        20M       3.2G

MemTotal:        4016004 kB
MemFree:          108936 kB
Active:           358004 kB
Mem:          3.8G       3.7G       105M       5.7M        20M       3.3G

MemTotal:        4016004 kB
MemFree:          121184 kB
Active:           351832 kB
Mem:          3.8G       3.7G       117M       5.7M        20M       3.3G

MemTotal:        4016004 kB
MemFree:          134052 kB
Active:           351832 kB
Mem:          3.8G       3.7G       130M       5.7M        20M       3.2G

MemTotal:        4016004 kB
MemFree:          106204 kB
Active:           351836 kB
Mem:          3.8G       3.7G       102M       5.7M        20M       3.3G

MemTotal:        4016004 kB
MemFree:          133976 kB
Active:           351836 kB
Mem:          3.8G       3.7G       130M       5.7M        20M       3.2G

MemTotal:        4016004 kB
MemFree:          132344 kB
Active:           351848 kB
Mem:          3.8G       3.7G       128M       5.7M        20M       3.2G

MemTotal:        4016004 kB
MemFree:          132128 kB
Active:           351864 kB
Mem:          3.8G       3.7G       129M       5.7M        20M       3.2G

MemTotal:        4016004 kB
MemFree:          132412 kB
Active:           351864 kB
Mem:          3.8G       3.7G       129M       5.7M        20M       3.2G

MemTotal:        4016004 kB
MemFree:          109300 kB
Active:           351372 kB
Mem:          3.8G       3.7G       106M       5.7M        20M       3.3G

MemTotal:        4016004 kB
MemFree:          109092 kB
Active:           351248 kB
Mem:          3.8G       3.7G       106M       5.7M        20M       3.3G

MemTotal:        4016004 kB
MemFree:          139480 kB
Active:           348040 kB
Mem:          3.8G       3.7G       135M       5.7M        20M       3.2G

MemTotal:        4016004 kB
MemFree:          139488 kB
Active:           347912 kB
Mem:          3.8G       3.7G       136M       5.7M        20M       3.2G

MemTotal:        4016004 kB
MemFree:          132380 kB
Active:           347912 kB
Mem:          3.8G       3.7G       127M       5.7M        20M       3.2G

MemTotal:        4016004 kB
MemFree:          137120 kB
Active:           347912 kB
Mem:          3.8G       3.7G       133M       5.7M        20M       3.2G

MemTotal:        4016004 kB
MemFree:          136776 kB
Active:           347908 kB
Mem:          3.8G       3.7G       132M       5.7M        20M       3.2G

MemTotal:        4016004 kB
MemFree:          125272 kB
Active:           347904 kB
Mem:          3.8G       3.7G       121M       5.7M        20M       3.3G

MemTotal:        4016004 kB
MemFree:          126280 kB
Active:           347924 kB
Mem:          3.8G       3.7G       123M       5.7M        20M       3.3G

MemTotal:        4016004 kB
MemFree:          125360 kB
Active:           347948 kB
Mem:          3.8G       3.7G       122M       5.7M        20M       3.3G

MemTotal:        4016004 kB
MemFree:          124120 kB
Active:           347960 kB
Mem:          3.8G       3.7G       121M       5.7M        20M       3.3G

MemTotal:        4016004 kB
MemFree:          124216 kB
Active:           347956 kB
Mem:          3.8G       3.7G       120M       5.7M        20M       3.3G

MemTotal:        4016004 kB
MemFree:          112776 kB
Active:           347664 kB
Mem:          3.8G       3.7G       110M       5.7M        20M       3.3G

MemTotal:        4016004 kB
MemFree:          128196 kB
Active:           347480 kB
Mem:          3.8G       3.7G       122M       5.7M        20M       3.3G

MemTotal:        4016004 kB
MemFree:          129892 kB
Active:           347484 kB
Mem:          3.8G       3.7G       125M       5.7M        20M       3.2G

MemTotal:        4016004 kB
MemFree:          120424 kB
Active:           347484 kB
Mem:          3.8G       3.7G       116M       5.7M        20M       3.3G

MemTotal:        4016004 kB
MemFree:          142988 kB
Active:           347484 kB
Mem:          3.8G       3.7G       139M       5.7M        20M       3.2G

MemTotal:        4016004 kB
MemFree:          123836 kB
Active:           347484 kB
Mem:          3.8G       3.7G       120M       5.7M        20M       3.3G

MemTotal:        4016004 kB
MemFree:          142348 kB
Active:           344724 kB
Mem:          3.8G       3.7G       139M       5.7M        20M       3.2G

MemTotal:        4016004 kB
MemFree:          124260 kB
Active:           344588 kB
Mem:          3.8G       3.7G       120M       5.7M        20M       3.3G

MemTotal:        4016004 kB
MemFree:          117156 kB
Active:           344588 kB
Mem:          3.8G       3.7G       113M       5.7M        20M       3.3G

MemTotal:        4016004 kB
MemFree:          115536 kB
Active:           344592 kB
Mem:          3.8G       3.7G       113M       5.7M        20M       3.3G

MemTotal:        4016004 kB
MemFree:          114824 kB
Active:           344596 kB
Mem:          3.8G       3.7G       111M       5.7M        20M       3.3G

MemTotal:        4016004 kB
MemFree:          113064 kB
Active:           344768 kB
Mem:          3.8G       3.7G       110M       5.7M        20M       3.3G

MemTotal:        4016004 kB
MemFree:          136248 kB
Active:           344600 kB
Mem:          3.8G       3.7G       131M       5.7M        20M       3.2G

MemTotal:        4016004 kB
MemFree:          124024 kB
Active:           344600 kB
Mem:          3.8G       3.7G       120M       5.7M        20M       3.3G

MemTotal:        4016004 kB
MemFree:          139300 kB
Active:           344600 kB
Mem:          3.8G       3.7G       135M       5.7M        20M       3.2G

MemTotal:        4016004 kB
MemFree:          110484 kB
Active:           344616 kB
Mem:          3.8G       3.7G       107M       5.7M        20M       3.3G

MemTotal:        4016004 kB
MemFree:          136664 kB
Active:           341224 kB
Mem:          3.8G       3.7G       133M       5.7M        20M       3.2G

MemTotal:        4016004 kB
MemFree:          140052 kB
Active:           341096 kB
Mem:          3.8G       3.7G       136M       5.7M        20M       3.2G

MemTotal:        4016004 kB
MemFree:          117112 kB
Active:           342984 kB
Mem:          3.8G       3.7G       113M       5.7M        20M       3.3G

MemTotal:        4016004 kB
MemFree:          110008 kB
Active:           342948 kB
Mem:          3.8G       3.7G       106M       5.7M        20M       3.3G

MemTotal:        4016004 kB
MemFree:          108636 kB
Active:           342960 kB
Mem:          3.8G       3.7G       105M       5.7M        20M       3.3G

MemTotal:        4016004 kB
MemFree:          108460 kB
Active:           342960 kB
Mem:          3.8G       3.7G       105M       5.7M        20M       3.3G

MemTotal:        4016004 kB
MemFree:          108528 kB
Active:           342964 kB
Mem:          3.8G       3.7G       105M       5.7M        20M       3.3G

MemTotal:        4016004 kB
MemFree:          137808 kB
Active:           340148 kB
Mem:          3.8G       3.7G       133M       5.7M        20M       3.2G

MemTotal:        4016004 kB
MemFree:          122780 kB
Active:           340152 kB
Mem:          3.8G       3.7G       118M       5.7M        20M       3.3G

MemTotal:        4016004 kB
MemFree:          119076 kB
Active:           340152 kB
Mem:          3.8G       3.7G       134M       5.7M        20M       3.2G

MemTotal:        4016004 kB
MemFree:          118412 kB
Active:           340024 kB
Mem:          3.8G       3.7G       114M       5.7M        21M       3.3G

MemTotal:        4016004 kB
MemFree:          138096 kB
Active:           338572 kB
Mem:          3.8G       3.7G       134M       5.7M        21M       3.2G

MemTotal:        4016004 kB
MemFree:          145228 kB
Active:           338400 kB
Mem:          3.8G       3.7G       142M       5.7M        21M       3.2G

MemTotal:        4016004 kB
MemFree:          129364 kB
Active:           338408 kB
Mem:          3.8G       3.7G       125M       5.7M        21M       3.2G

MemTotal:        4016004 kB
MemFree:          119044 kB
Active:           338416 kB
Mem:          3.8G       3.7G       116M       5.7M        21M       3.3G

MemTotal:        4016004 kB
MemFree:          118708 kB
Active:           338428 kB
Mem:          3.8G       3.7G       115M       5.7M        21M       3.3G

MemTotal:        4016004 kB
MemFree:          118628 kB
Active:           338432 kB
Mem:          3.8G       3.7G       115M       5.7M        21M       3.3G

MemTotal:        4016004 kB
MemFree:          118820 kB
Active:           338432 kB
Mem:          3.8G       3.7G       116M       5.7M        21M       3.3G

MemTotal:        4016004 kB
MemFree:          132364 kB
Active:           338436 kB
Mem:          3.8G       3.7G       127M       5.7M        21M       3.2G

MemTotal:        4016004 kB
MemFree:          125588 kB
Active:           338436 kB
Mem:          3.8G       3.7G       121M       5.7M        21M       3.2G

MemTotal:        4016004 kB
MemFree:          109640 kB
Active:           338436 kB
Mem:          3.8G       3.7G       106M       5.7M        21M       3.3G

MemTotal:        4016004 kB
MemFree:          136972 kB
Active:           338444 kB
Mem:          3.8G       3.7G       133M       5.7M        21M       3.2G

MemTotal:        4016004 kB
MemFree:          138888 kB
Active:           338444 kB
Mem:          3.8G       3.7G       133M       5.7M        21M       3.2G

MemTotal:        4016004 kB
MemFree:          111336 kB
Active:           338444 kB
Mem:          3.8G       3.7G       108M       5.7M        21M       3.3G

MemTotal:        4016004 kB
MemFree:          110604 kB
Active:           338444 kB
Mem:          3.8G       3.7G       108M       5.7M        21M       3.3G

MemTotal:        4016004 kB
MemFree:          144952 kB
Active:           338452 kB
Mem:          3.8G       3.7G       141M       5.7M        21M       3.2G

MemTotal:        4016004 kB
MemFree:          144648 kB
Active:           338408 kB
Mem:          3.8G       3.7G       141M       5.7M        21M       3.2G

MemTotal:        4016004 kB
MemFree:          144280 kB
Active:           338408 kB
Mem:          3.8G       3.7G       140M       5.7M        21M       3.2G

MemTotal:        4016004 kB
MemFree:          126140 kB
Active:           338416 kB
Mem:          3.8G       3.7G       122M       5.7M        21M       3.2G

MemTotal:        4016004 kB
MemFree:          135732 kB
Active:           338416 kB
Mem:          3.8G       3.7G       131M       5.7M        21M       3.2G

MemTotal:        4016004 kB
MemFree:          134896 kB
Active:           338108 kB
Mem:          3.8G       3.7G       131M       5.7M        21M       3.2G

MemTotal:        4016004 kB
MemFree:          134772 kB
Active:           338120 kB
Mem:          3.8G       3.7G       131M       5.7M        21M       3.2G

MemTotal:        4016004 kB
MemFree:          134772 kB
Active:           338120 kB
Mem:          3.8G       3.7G       131M       5.7M        21M       3.2G

MemTotal:        4016004 kB
MemFree:          134524 kB
Active:           338120 kB
Mem:          3.8G       3.7G       131M       5.7M        21M       3.2G

MemTotal:        4016004 kB
MemFree:          134524 kB
Active:           338120 kB
Mem:          3.8G       3.7G       131M       5.7M        21M       3.2G

MemTotal:        4016004 kB
MemFree:          134400 kB
Active:           338120 kB
Mem:          3.8G       3.7G       131M       5.7M        21M       3.2G

MemTotal:        4016004 kB
MemFree:          134524 kB
Active:           338120 kB
Mem:          3.8G       3.7G       131M       5.7M        21M       3.2G

MemTotal:        4016004 kB
MemFree:          134400 kB
Active:           338120 kB
Mem:          3.8G       3.7G       131M       5.7M        21M       3.2G

MemTotal:        4016004 kB
MemFree:          134400 kB
Active:           338120 kB
Mem:          3.8G       3.7G       131M       5.7M        21M       3.2G

MemTotal:        4016004 kB
MemFree:          134400 kB
Active:           338120 kB
Mem:          3.8G       3.7G       131M       5.7M        21M       3.2G

MemTotal:        4016004 kB
MemFree:          134400 kB
Active:           338120 kB
Mem:          3.8G       3.7G       131M       5.7M        21M       3.2G

MemTotal:        4016004 kB
MemFree:          132352 kB
Active:           338092 kB
Mem:          3.8G       3.7G       129M       5.7M        21M       3.2G

MemTotal:        4016004 kB
MemFree:          132352 kB
Active:           338104 kB
Mem:          3.8G       3.7G       129M       5.7M        21M       3.2G

MemTotal:        4016004 kB
MemFree:          132476 kB
Active:           338104 kB
Mem:          3.8G       3.7G       129M       5.7M        21M       3.2G

MemTotal:        4016004 kB
MemFree:          132476 kB
Active:           338108 kB
Mem:          3.8G       3.7G       129M       5.7M        21M       3.2G

MemTotal:        4016004 kB
MemFree:          132476 kB
Active:           338108 kB
Mem:          3.8G       3.7G       129M       5.7M        21M       3.2G

MemTotal:        4016004 kB
MemFree:          133052 kB
Active:           339888 kB
Mem:          3.8G       3.7G       130M       5.7M        21M       3.2G

MemTotal:        4016004 kB
MemFree:          133176 kB
Active:           339864 kB
Mem:          3.8G       3.7G       130M       5.7M        21M       3.2G

MemTotal:        4016004 kB
MemFree:          132928 kB
Active:           339888 kB
Mem:          3.8G       3.7G       129M       5.7M        21M       3.2G

MemTotal:        4016004 kB
MemFree:          132928 kB
Active:           339888 kB
Mem:          3.8G       3.7G       129M       5.7M        21M       3.2G

MemTotal:        4016004 kB
MemFree:          132680 kB
Active:           339900 kB
Mem:          3.8G       3.7G       129M       5.7M        21M       3.2G

MemTotal:        4016004 kB
MemFree:          132680 kB
Active:           339900 kB
Mem:          3.8G       3.7G       129M       5.7M        21M       3.2G

MemTotal:        4016004 kB
MemFree:          133176 kB
Active:           339876 kB
Mem:          3.8G       3.7G       130M       5.7M        21M       3.2G

MemTotal:        4016004 kB
MemFree:          133300 kB
Active:           339876 kB
Mem:          3.8G       3.7G       130M       5.7M        21M       3.2G

MemTotal:        4016004 kB
MemFree:          133548 kB
Active:           339860 kB
Mem:          3.8G       3.7G       130M       5.7M        21M       3.2G

MemTotal:        4016004 kB
MemFree:          133352 kB
Active:           339916 kB
Mem:          3.8G       3.7G       130M       5.7M        21M       3.2G

MemTotal:        4016004 kB
MemFree:          133724 kB
Active:           339904 kB
Mem:          3.8G       3.7G       130M       5.7M        21M       3.2G

MemTotal:        4016004 kB
MemFree:          133476 kB
Active:           339884 kB
Mem:          3.8G       3.7G       130M       5.7M        21M       3.2G

MemTotal:        4016004 kB
MemFree:          133848 kB
Active:           339916 kB
Mem:          3.8G       3.7G       130M       5.7M        21M       3.2G

MemTotal:        4016004 kB
MemFree:          133724 kB
Active:           339916 kB
Mem:          3.8G       3.7G       130M       5.7M        21M       3.2G

MemTotal:        4016004 kB
MemFree:          133724 kB
Active:           339864 kB
Mem:          3.8G       3.7G       130M       5.7M        21M       3.2G

MemTotal:        4016004 kB
MemFree:          133164 kB
Active:           339728 kB
Mem:          3.8G       3.7G       130M       5.7M        21M       3.2G

MemTotal:        4016004 kB
MemFree:          133660 kB
Active:           339700 kB
Mem:          3.8G       3.7G       130M       5.7M        21M       3.2G

MemTotal:        4016004 kB
MemFree:          133660 kB
Active:           339728 kB
Mem:          3.8G       3.7G       130M       5.7M        21M       3.2G

MemTotal:        4016004 kB
MemFree:          133600 kB
Active:           341748 kB
Mem:          3.8G       3.7G       130M       5.7M        21M       3.2G

MemTotal:        4016004 kB
MemFree:          133228 kB
Active:           341792 kB
Mem:          3.8G       3.7G       130M       5.7M        21M       3.2G

MemTotal:        4016004 kB
MemFree:          133848 kB
Active:           341752 kB
Mem:          3.8G       3.7G       130M       5.7M        21M       3.2G

MemTotal:        4016004 kB
MemFree:          133848 kB
Active:           341780 kB
Mem:          3.8G       3.7G       130M       5.7M        21M       3.2G

MemTotal:        4016004 kB
MemFree:          133848 kB
Active:           341804 kB
Mem:          3.8G       3.7G       130M       5.7M        21M       3.2G

MemTotal:        4016004 kB
MemFree:          133724 kB
Active:           341784 kB
Mem:          3.8G       3.7G       130M       5.7M        21M       3.2G

MemTotal:        4016004 kB
MemFree:          133848 kB
Active:           341796 kB
Mem:          3.8G       3.7G       130M       5.7M        21M       3.2G

MemTotal:        4016004 kB
MemFree:          133972 kB
Active:           341808 kB
Mem:          3.8G       3.7G       130M       5.7M        21M       3.2G

MemTotal:        4016004 kB
MemFree:          133724 kB
Active:           341804 kB
Mem:          3.8G       3.7G       130M       5.7M        21M       3.2G

MemTotal:        4016004 kB
MemFree:          133848 kB
Active:           341772 kB
Mem:          3.8G       3.7G       130M       5.7M        21M       3.2G

MemTotal:        4016004 kB
MemFree:          133600 kB
Active:           341792 kB
Mem:          3.8G       3.7G       130M       5.7M        21M       3.2G

MemTotal:        4016004 kB
MemFree:          133228 kB
Active:           341816 kB
Mem:          3.8G       3.7G       130M       5.7M        21M       3.2G

MemTotal:        4016004 kB
MemFree:          134220 kB
Active:           341780 kB
Mem:          3.8G       3.7G       130M       5.7M        21M       3.2G

MemTotal:        4016004 kB
MemFree:          134220 kB
Active:           341804 kB
Mem:          3.8G       3.7G       130M       5.7M        21M       3.2G

MemTotal:        4016004 kB
MemFree:          133848 kB
Active:           341816 kB
Mem:          3.8G       3.7G       130M       5.7M        21M       3.2G

MemTotal:        4016004 kB
MemFree:          133724 kB
Active:           341800 kB
Mem:          3.8G       3.7G       130M       5.7M        21M       3.2G

MemTotal:        4016004 kB
MemFree:          133476 kB
Active:           341768 kB
Mem:          3.8G       3.7G       130M       5.7M        21M       3.2G

MemTotal:        4016004 kB
MemFree:          131676 kB
Active:           341768 kB
Mem:          3.8G       3.7G       128M       5.7M        21M       3.2G

MemTotal:        4016004 kB
MemFree:          131676 kB
Active:           343836 kB
Mem:          3.8G       3.7G       128M       5.7M        21M       3.2G

MemTotal:        4016004 kB
MemFree:          131212 kB
Active:           343856 kB
Mem:          3.8G       3.7G       128M       5.7M        21M       3.2G

MemTotal:        4016004 kB
MemFree:          131708 kB
Active:           343824 kB
Mem:          3.8G       3.7G       128M       5.7M        21M       3.2G

MemTotal:        4016004 kB
MemFree:          131832 kB
Active:           343808 kB
Mem:          3.8G       3.7G       128M       5.7M        21M       3.2G

MemTotal:        4016004 kB
MemFree:          131460 kB
Active:           343864 kB
Mem:          3.8G       3.7G       128M       5.7M        21M       3.2G

MemTotal:        4016004 kB
MemFree:          131584 kB
Active:           343820 kB
Mem:          3.8G       3.7G       128M       5.7M        21M       3.2G

MemTotal:        4016004 kB
MemFree:          131584 kB
Active:           343852 kB
Mem:          3.8G       3.7G       128M       5.7M        21M       3.2G

MemTotal:        4016004 kB
MemFree:          131584 kB
Active:           343808 kB
Mem:          3.8G       3.7G       128M       5.7M        21M       3.2G

MemTotal:        4016004 kB
MemFree:          131336 kB
Active:           343832 kB
Mem:          3.8G       3.7G       128M       5.7M        21M       3.2G

MemTotal:        4016004 kB
MemFree:          129536 kB
Active:           343800 kB
Mem:          3.8G       3.7G       126M       5.7M        21M       3.2G

MemTotal:        4016004 kB
MemFree:          129908 kB
Active:           343832 kB
Mem:          3.8G       3.7G       126M       5.7M        21M       3.2G

MemTotal:        4016004 kB
MemFree:          129908 kB
Active:           343800 kB
Mem:          3.8G       3.7G       126M       5.7M        21M       3.2G

MemTotal:        4016004 kB
MemFree:          129908 kB
Active:           345860 kB
Mem:          3.8G       3.7G       126M       5.7M        21M       3.2G

MemTotal:        4016004 kB
MemFree:          129908 kB
Active:           345880 kB
Mem:          3.8G       3.7G       126M       5.7M        21M       3.2G

MemTotal:        4016004 kB
MemFree:          129536 kB
Active:           345896 kB
Mem:          3.8G       3.7G       126M       5.7M        21M       3.2G

MemTotal:        4016004 kB
MemFree:          130032 kB
Active:           345868 kB
Mem:          3.8G       3.7G       126M       5.7M        21M       3.2G

MemTotal:        4016004 kB
MemFree:          130032 kB
Active:           345900 kB
Mem:          3.8G       3.7G       126M       5.7M        21M       3.2G

MemTotal:        4016004 kB
MemFree:          130032 kB
Active:           345844 kB
Mem:          3.8G       3.7G       127M       5.7M        21M       3.2G

MemTotal:        4016004 kB
MemFree:          130032 kB
Active:           345896 kB
Mem:          3.8G       3.7G       126M       5.7M        21M       3.2G

MemTotal:        4016004 kB
MemFree:          130280 kB
Active:           345852 kB
Mem:          3.8G       3.7G       127M       5.7M        21M       3.2G

MemTotal:        4016004 kB
MemFree:          130280 kB
Active:           345888 kB
Mem:          3.8G       3.7G       127M       5.7M        21M       3.2G

MemTotal:        4016004 kB
MemFree:          130404 kB
Active:           345864 kB
Mem:          3.8G       3.7G       127M       5.7M        21M       3.2G

MemTotal:        4016004 kB
MemFree:          130280 kB
Active:           345896 kB
Mem:          3.8G       3.7G       127M       5.7M        21M       3.2G

MemTotal:        4016004 kB
MemFree:          130280 kB
Active:           345864 kB
Mem:          3.8G       3.7G       127M       5.7M        21M       3.2G

MemTotal:        4016004 kB
MemFree:          129784 kB
Active:           345912 kB
Mem:          3.8G       3.7G       126M       5.7M        21M       3.2G

MemTotal:        4016004 kB
MemFree:          129784 kB
Active:           345868 kB
Mem:          3.8G       3.7G       126M       5.7M        21M       3.2G

MemTotal:        4016004 kB
MemFree:          130156 kB
Active:           345908 kB
Mem:          3.8G       3.7G       127M       5.7M        21M       3.2G

MemTotal:        4016004 kB
MemFree:          130032 kB
Active:           345880 kB
Mem:          3.8G       3.7G       126M       5.7M        21M       3.2G

MemTotal:        4016004 kB
MemFree:          129908 kB
Active:           345892 kB
Mem:          3.8G       3.7G       126M       5.7M        21M       3.2G

MemTotal:        4016004 kB
MemFree:          129908 kB
Active:           345888 kB
Mem:          3.8G       3.7G       126M       5.7M        21M       3.2G

MemTotal:        4016004 kB
MemFree:          130156 kB
Active:           345868 kB
Mem:          3.8G       3.7G       126M       5.7M        21M       3.2G

MemTotal:        4016004 kB
MemFree:          130032 kB
Active:           345920 kB
Mem:          3.8G       3.7G       126M       5.7M        21M       3.2G

MemTotal:        4016004 kB
MemFree:          129784 kB
Active:           345880 kB
Mem:          3.8G       3.7G       126M       5.7M        21M       3.2G

MemTotal:        4016004 kB
MemFree:          129784 kB
Active:           345896 kB
Mem:          3.8G       3.7G       126M       5.7M        21M       3.2G

MemTotal:        4016004 kB
MemFree:          130032 kB
Active:           345904 kB
Mem:          3.8G       3.7G       126M       5.7M        21M       3.2G

MemTotal:        4016004 kB
MemFree:          130032 kB
Active:           345920 kB
Mem:          3.8G       3.7G       126M       5.7M        21M       3.2G

MemTotal:        4016004 kB
MemFree:          130032 kB
Active:           345880 kB
Mem:          3.8G       3.7G       126M       5.7M        21M       3.2G

MemTotal:        4016004 kB
MemFree:          130032 kB
Active:           345900 kB
Mem:          3.8G       3.7G       126M       5.7M        21M       3.2G

MemTotal:        4016004 kB
MemFree:          129536 kB
Active:           345928 kB
Mem:          3.8G       3.7G       126M       5.7M        21M       3.2G

MemTotal:        4016004 kB
MemFree:          129660 kB
Active:           345892 kB
Mem:          3.8G       3.7G       126M       5.7M        21M       3.2G

MemTotal:        4016004 kB
MemFree:          129784 kB
Active:           345912 kB
Mem:          3.8G       3.7G       126M       5.7M        21M       3.2G

MemTotal:        4016004 kB
MemFree:          129816 kB
Active:           345872 kB
Mem:          3.8G       3.7G       126M       5.7M        21M       3.2G

MemTotal:        4016004 kB
MemFree:          129692 kB
Active:           345896 kB
Mem:          3.8G       3.7G       126M       5.7M        21M       3.2G

MemTotal:        4016004 kB
MemFree:          129320 kB
Active:           345932 kB
Mem:          3.8G       3.7G       126M       5.7M        21M       3.2G

MemTotal:        4016004 kB
MemFree:          129816 kB
Active:           345920 kB
Mem:          3.8G       3.7G       126M       5.7M        21M       3.2G

MemTotal:        4016004 kB
MemFree:          129940 kB
Active:           345880 kB
Mem:          3.8G       3.7G       126M       5.7M        21M       3.2G

MemTotal:        4016004 kB
MemFree:          129940 kB
Active:           345936 kB
Mem:          3.8G       3.7G       126M       5.7M        21M       3.2G

MemTotal:        4016004 kB
MemFree:          130064 kB
Active:           345912 kB
Mem:          3.8G       3.7G       127M       5.7M        21M       3.2G

MemTotal:        4016004 kB
MemFree:          130436 kB
Active:           345936 kB
Mem:          3.8G       3.7G       127M       5.7M        21M       3.2G

MemTotal:        4016004 kB
MemFree:          129876 kB
Active:           343908 kB
Mem:          3.8G       3.7G       126M       5.7M        21M       3.2G

MemTotal:        4016004 kB
MemFree:          130124 kB
Active:           345904 kB
Mem:          3.8G       3.7G       126M       5.7M        21M       3.2G

MemTotal:        4016004 kB
MemFree:          130124 kB
Active:           345960 kB
Mem:          3.8G       3.7G       126M       5.7M        21M       3.2G

MemTotal:        4016004 kB
MemFree:          129876 kB
Active:           345964 kB
Mem:          3.8G       3.7G       126M       5.7M        21M       3.2G

MemTotal:        4016004 kB
MemFree:          130124 kB
Active:           345948 kB
Mem:          3.8G       3.7G       126M       5.7M        21M       3.2G

MemTotal:        4016004 kB
MemFree:          130000 kB
Active:           345908 kB
Mem:          3.8G       3.7G       126M       5.7M        21M       3.2G

MemTotal:        4016004 kB
MemFree:          129504 kB
Active:           345940 kB
Mem:          3.8G       3.7G       126M       5.7M        21M       3.2G

MemTotal:        4016004 kB
MemFree:          129380 kB
Active:           345952 kB
Mem:          3.8G       3.7G       126M       5.7M        21M       3.2G

MemTotal:        4016004 kB
MemFree:          129380 kB
Active:           345948 kB
Mem:          3.8G       3.7G       126M       5.7M        21M       3.2G

MemTotal:        4016004 kB
MemFree:          129752 kB
Active:           345956 kB
Mem:          3.8G       3.7G       126M       5.7M        21M       3.2G

MemTotal:        4016004 kB
MemFree:          129628 kB
Active:           345940 kB
Mem:          3.8G       3.7G       126M       5.7M        21M       3.2G

MemTotal:        4016004 kB
MemFree:          129644 kB
Active:           345940 kB
Mem:          3.8G       3.7G       126M       5.7M        21M       3.2G

MemTotal:        4016004 kB
MemFree:          130264 kB
Active:           345984 kB
Mem:          3.8G       3.7G       127M       5.7M        21M       3.2G

MemTotal:        4016004 kB
MemFree:          130264 kB
Active:           345940 kB
Mem:          3.8G       3.7G       127M       5.7M        21M       3.2G

MemTotal:        4016004 kB
MemFree:          130016 kB
Active:           345940 kB
Mem:          3.8G       3.7G       127M       5.7M        21M       3.2G

MemTotal:        4016004 kB
MemFree:          129768 kB
Active:           345952 kB
Mem:          3.8G       3.7G       126M       5.7M        21M       3.2G

MemTotal:        4016004 kB
MemFree:          130016 kB
Active:           345968 kB
Mem:          3.8G       3.7G       126M       5.7M        21M       3.2G

MemTotal:        4016004 kB
MemFree:          129520 kB
Active:           345992 kB
Mem:          3.8G       3.7G       126M       5.7M        21M       3.2G

MemTotal:        4016004 kB
MemFree:          129892 kB
Active:           345944 kB
Mem:          3.8G       3.7G       126M       5.7M        21M       3.2G

MemTotal:        4016004 kB
MemFree:          130016 kB
Active:           345972 kB
Mem:          3.8G       3.7G       127M       5.7M        21M       3.2G

MemTotal:        4016004 kB
MemFree:          130016 kB
Active:           345984 kB
Mem:          3.8G       3.7G       126M       5.7M        21M       3.2G

MemTotal:        4016004 kB
MemFree:          129768 kB
Active:           346000 kB
Mem:          3.8G       3.7G       126M       5.7M        21M       3.2G

MemTotal:        4016004 kB
MemFree:          129768 kB
Active:           345952 kB
Mem:          3.8G       3.7G       126M       5.7M        21M       3.2G

MemTotal:        4016004 kB
MemFree:          129892 kB
Active:           345996 kB
Mem:          3.8G       3.7G       126M       5.7M        21M       3.2G

MemTotal:        4016004 kB
MemFree:          129768 kB
Active:           345960 kB
Mem:          3.8G       3.7G       126M       5.7M        21M       3.2G

MemTotal:        4016004 kB
MemFree:          129520 kB
Active:           346008 kB
Mem:          3.8G       3.7G       126M       5.7M        21M       3.2G

MemTotal:        4016004 kB
MemFree:          129768 kB
Active:           345964 kB
Mem:          3.8G       3.7G       126M       5.7M        21M       3.2G

MemTotal:        4016004 kB
MemFree:          129768 kB
Active:           346000 kB
Mem:          3.8G       3.7G       126M       5.7M        21M       3.2G

MemTotal:        4016004 kB
MemFree:          129644 kB
Active:           346000 kB
Mem:          3.8G       3.7G       126M       5.7M        21M       3.2G

MemTotal:        4016004 kB
MemFree:          130264 kB
Active:           345968 kB
Mem:          3.8G       3.7G       127M       5.7M        21M       3.2G

MemTotal:        4016004 kB
MemFree:          130388 kB
Active:           345956 kB
Mem:          3.8G       3.7G       127M       5.7M        21M       3.2G

MemTotal:        4016004 kB
MemFree:          129892 kB
Active:           346008 kB
Mem:          3.8G       3.7G       126M       5.7M        21M       3.2G

MemTotal:        4016004 kB
MemFree:          130016 kB
Active:           345956 kB
Mem:          3.8G       3.7G       126M       5.7M        21M       3.2G

MemTotal:        4016004 kB
MemFree:          130140 kB
Active:           345984 kB
Mem:          3.8G       3.7G       126M       5.7M        21M       3.2G

MemTotal:        4016004 kB
MemFree:          130140 kB
Active:           346012 kB
Mem:          3.8G       3.7G       126M       5.7M        21M       3.2G

MemTotal:        4016004 kB
MemFree:          130140 kB
Active:           345992 kB
Mem:          3.8G       3.7G       127M       5.7M        21M       3.2G

MemTotal:        4016004 kB
MemFree:          129768 kB
Active:           345992 kB
Mem:          3.8G       3.7G       126M       5.7M        21M       3.2G

MemTotal:        4016004 kB
MemFree:          129768 kB
Active:           346012 kB
Mem:          3.8G       3.7G       126M       5.7M        21M       3.2G

MemTotal:        4016004 kB
MemFree:          129644 kB
Active:           345972 kB
Mem:          3.8G       3.7G       126M       5.7M        21M       3.2G

MemTotal:        4016004 kB
MemFree:          129768 kB
Active:           345992 kB
Mem:          3.8G       3.7G       126M       5.7M        21M       3.2G

MemTotal:        4016004 kB
MemFree:          130016 kB
Active:           346016 kB
Mem:          3.8G       3.7G       126M       5.7M        21M       3.2G

MemTotal:        4016004 kB
MemFree:          129892 kB
Active:           346028 kB
Mem:          3.8G       3.7G       126M       5.7M        21M       3.2G

MemTotal:        4016004 kB
MemFree:          129892 kB
Active:           346028 kB
Mem:          3.8G       3.7G       126M       5.7M        21M       3.2G

MemTotal:        4016004 kB
MemFree:          129644 kB
Active:           346028 kB
Mem:          3.8G       3.7G       126M       5.7M        21M       3.2G

MemTotal:        4016004 kB
MemFree:          129892 kB
Active:           345980 kB
Mem:          3.8G       3.7G       126M       5.7M        21M       3.2G

MemTotal:        4016004 kB
MemFree:          129644 kB
Active:           346028 kB
Mem:          3.8G       3.7G       126M       5.7M        21M       3.2G

MemTotal:        4016004 kB
MemFree:          130016 kB
Active:           346012 kB
Mem:          3.8G       3.7G       126M       5.7M        21M       3.2G

MemTotal:        4016004 kB
MemFree:          129892 kB
Active:           345984 kB
Mem:          3.8G       3.7G       126M       5.7M        21M       3.2G

MemTotal:        4016004 kB
MemFree:          129520 kB
Active:           346044 kB
Mem:          3.8G       3.7G       126M       5.7M        21M       3.2G

MemTotal:        4016004 kB
MemFree:          129768 kB
Active:           345988 kB
Mem:          3.8G       3.7G       126M       5.7M        21M       3.2G

MemTotal:        4016004 kB
MemFree:          129768 kB
Active:           346012 kB
Mem:          3.8G       3.7G       126M       5.7M        21M       3.2G

MemTotal:        4016004 kB
MemFree:          129768 kB
Active:           346040 kB
Mem:          3.8G       3.7G       126M       5.7M        21M       3.2G

MemTotal:        4016004 kB
MemFree:          130140 kB
Active:           346004 kB
Mem:          3.8G       3.7G       127M       5.7M        21M       3.2G

MemTotal:        4016004 kB
MemFree:          129768 kB
Active:           346032 kB
Mem:          3.8G       3.7G       126M       5.7M        21M       3.2G

MemTotal:        4016004 kB
MemFree:          129892 kB
Active:           346004 kB
Mem:          3.8G       3.7G       126M       5.7M        21M       3.2G

MemTotal:        4016004 kB
MemFree:          129892 kB
Active:           346040 kB
Mem:          3.8G       3.7G       126M       5.7M        21M       3.2G

MemTotal:        4016004 kB
MemFree:          129892 kB
Active:           346008 kB
Mem:          3.8G       3.7G       126M       5.7M        21M       3.2G

MemTotal:        4016004 kB
MemFree:          129644 kB
Active:           346060 kB
Mem:          3.8G       3.7G       126M       5.7M        21M       3.2G

MemTotal:        4016004 kB
MemFree:          130016 kB
Active:           346064 kB
Mem:          3.8G       3.7G       126M       5.7M        21M       3.2G

MemTotal:        4016004 kB
MemFree:          129768 kB
Active:           346040 kB
Mem:          3.8G       3.7G       126M       5.7M        21M       3.2G

MemTotal:        4016004 kB
MemFree:          129892 kB
Active:           346064 kB
Mem:          3.8G       3.7G       126M       5.7M        21M       3.2G

MemTotal:        4016004 kB
MemFree:          130140 kB
Active:           346032 kB
Mem:          3.8G       3.7G       126M       5.7M        21M       3.2G

MemTotal:        4016004 kB
MemFree:          129644 kB
Active:           346024 kB
Mem:          3.8G       3.7G       126M       5.7M        21M       3.2G

MemTotal:        4016004 kB
MemFree:          129148 kB
Active:           346072 kB
Mem:          3.8G       3.7G       126M       5.7M        21M       3.2G

MemTotal:        4016004 kB
MemFree:          129768 kB
Active:           346032 kB
Mem:          3.8G       3.7G       126M       5.7M        21M       3.2G

MemTotal:        4016004 kB
MemFree:          129768 kB
Active:           346068 kB
Mem:          3.8G       3.7G       126M       5.7M        21M       3.2G

MemTotal:        4016004 kB
MemFree:          129768 kB
Active:           346036 kB
Mem:          3.8G       3.7G       126M       5.7M        21M       3.2G

MemTotal:        4016004 kB
MemFree:          130140 kB
Active:           346076 kB
Mem:          3.8G       3.7G       126M       5.7M        21M       3.2G

MemTotal:        4016004 kB
MemFree:          130140 kB
Active:           346048 kB
Mem:          3.8G       3.7G       126M       5.7M        21M       3.2G

MemTotal:        4016004 kB
MemFree:          129892 kB
Active:           346076 kB
Mem:          3.8G       3.7G       126M       5.7M        21M       3.2G

MemTotal:        4016004 kB
MemFree:          130016 kB
Active:           346068 kB
Mem:          3.8G       3.7G       126M       5.7M        21M       3.2G

MemTotal:        4016004 kB
MemFree:          129644 kB
Active:           346088 kB
Mem:          3.8G       3.7G       126M       5.7M        21M       3.2G

MemTotal:        4016004 kB
MemFree:          129768 kB
Active:           346076 kB
Mem:          3.8G       3.7G       126M       5.7M        21M       3.2G

MemTotal:        4016004 kB
MemFree:          129520 kB
Active:           346088 kB
Mem:          3.8G       3.7G       126M       5.7M        21M       3.2G

MemTotal:        4016004 kB
MemFree:          129892 kB
Active:           346072 kB
Mem:          3.8G       3.7G       127M       5.7M        21M       3.2G

MemTotal:        4016004 kB
MemFree:          130140 kB
Active:           346056 kB
Mem:          3.8G       3.7G       126M       5.7M        21M       3.2G

MemTotal:        4016004 kB
MemFree:          129644 kB
Active:           346100 kB
Mem:          3.8G       3.7G       126M       5.7M        21M       3.2G

MemTotal:        4016004 kB
MemFree:          129892 kB
Active:           346056 kB
Mem:          3.8G       3.7G       126M       5.7M        21M       3.2G

MemTotal:        4016004 kB
MemFree:          130016 kB
Active:           346088 kB
Mem:          3.8G       3.7G       127M       5.7M        21M       3.2G

MemTotal:        4016004 kB
MemFree:          129892 kB
Active:           346060 kB
Mem:          3.8G       3.7G       126M       5.7M        21M       3.2G

MemTotal:        4016004 kB
MemFree:          129644 kB
Active:           346100 kB
Mem:          3.8G       3.7G       126M       5.7M        21M       3.2G

MemTotal:        4016004 kB
MemFree:          129272 kB
Active:           346100 kB
Mem:          3.8G       3.7G       126M       5.7M        21M       3.2G

MemTotal:        4016004 kB
MemFree:          129768 kB
Active:           346076 kB
Mem:          3.8G       3.7G       126M       5.7M        21M       3.2G

MemTotal:        4016004 kB
MemFree:          129832 kB
Active:           346276 kB
Mem:          3.8G       3.7G       126M       5.7M        21M       3.2G

MemTotal:        4016004 kB
MemFree:          129708 kB
Active:           346236 kB
Mem:          3.8G       3.7G       126M       5.7M        21M       3.2G

