MemTotal:        4016004 kB
MemFree:         3224940 kB
Active:           437564 kB
Mem:          3.8G       772M       3.1G       5.7M        52M       323M

MemTotal:        4016004 kB
MemFree:         3225248 kB
Active:           437728 kB
Mem:          3.8G       772M       3.1G       5.7M        52M       323M

MemTotal:        4016004 kB
MemFree:         3224892 kB
Active:           437836 kB
Mem:          3.8G       772M       3.1G       5.7M        52M       323M

MemTotal:        4016004 kB
MemFree:         3224752 kB
Active:           437800 kB
Mem:          3.8G       772M       3.1G       5.7M        52M       323M

MemTotal:        4016004 kB
MemFree:         3224488 kB
Active:           437856 kB
Mem:          3.8G       772M       3.1G       5.7M        52M       323M

MemTotal:        4016004 kB
MemFree:         3224240 kB
Active:           437812 kB
Mem:          3.8G       773M       3.1G       5.7M        52M       323M

MemTotal:        4016004 kB
MemFree:         3224348 kB
Active:           437820 kB
Mem:          3.8G       773M       3.1G       5.7M        52M       323M

MemTotal:        4016004 kB
MemFree:         3224224 kB
Active:           437856 kB
Mem:          3.8G       773M       3.1G       5.7M        52M       323M

MemTotal:        4016004 kB
MemFree:         3223976 kB
Active:           437880 kB
Mem:          3.8G       773M       3.1G       5.7M        52M       323M

MemTotal:        4016004 kB
MemFree:         3224224 kB
Active:           437824 kB
Mem:          3.8G       773M       3.1G       5.7M        52M       323M

MemTotal:        4016004 kB
MemFree:         3223960 kB
Active:           437868 kB
Mem:          3.8G       773M       3.1G       5.7M        52M       323M

MemTotal:        4016004 kB
MemFree:         3224208 kB
Active:           437860 kB
Mem:          3.8G       773M       3.1G       5.7M        52M       323M

MemTotal:        4016004 kB
MemFree:         3224084 kB
Active:           437832 kB
Mem:          3.8G       773M       3.1G       5.7M        52M       323M

MemTotal:        4016004 kB
MemFree:         3224604 kB
Active:           437884 kB
Mem:          3.8G       772M       3.1G       5.7M        52M       323M

MemTotal:        4016004 kB
MemFree:         3224604 kB
Active:           437848 kB
Mem:          3.8G       772M       3.1G       5.7M        52M       323M

MemTotal:        4016004 kB
MemFree:         3224480 kB
Active:           437856 kB
Mem:          3.8G       772M       3.1G       5.7M        52M       323M

MemTotal:        4016004 kB
MemFree:         3224108 kB
Active:           437840 kB
Mem:          3.8G       773M       3.1G       5.7M        52M       323M

MemTotal:        4016004 kB
MemFree:         3224108 kB
Active:           437852 kB
Mem:          3.8G       773M       3.1G       5.7M        52M       323M

MemTotal:        4016004 kB
MemFree:         3223984 kB
Active:           437888 kB
Mem:          3.8G       773M       3.1G       5.7M        52M       323M

MemTotal:        4016004 kB
MemFree:         3223860 kB
Active:           437888 kB
Mem:          3.8G       773M       3.1G       5.7M        52M       323M

MemTotal:        4016004 kB
MemFree:         3224480 kB
Active:           437860 kB
Mem:          3.8G       772M       3.1G       5.7M        52M       323M

MemTotal:        4016004 kB
MemFree:         3224604 kB
Active:           437856 kB
Mem:          3.8G       772M       3.1G       5.7M        52M       323M

MemTotal:        4016004 kB
MemFree:         3222416 kB
Active:           437892 kB
Mem:          3.8G       775M       3.1G       5.7M        52M       323M

MemTotal:        4016004 kB
MemFree:         3222772 kB
Active:           437840 kB
Mem:          3.8G       774M       3.1G       5.7M        52M       323M

MemTotal:        4016004 kB
MemFree:         3222632 kB
Active:           439920 kB
Mem:          3.8G       774M       3.1G       5.7M        52M       323M

MemTotal:        4016004 kB
MemFree:         3222184 kB
Active:           439932 kB
Mem:          3.8G       774M       3.1G       5.7M        52M       323M

MemTotal:        4016004 kB
MemFree:         3222432 kB
Active:           439892 kB
Mem:          3.8G       774M       3.1G       5.7M        52M       323M

MemTotal:        4016004 kB
MemFree:         3222556 kB
Active:           439904 kB
Mem:          3.8G       775M       3.1G       5.7M        52M       323M

MemTotal:        4016004 kB
MemFree:         3222432 kB
Active:           439912 kB
Mem:          3.8G       775M       3.1G       5.7M        52M       323M

MemTotal:        4016004 kB
MemFree:         3222556 kB
Active:           439944 kB
Mem:          3.8G       774M       3.1G       5.7M        52M       323M

MemTotal:        4016004 kB
MemFree:         3222540 kB
Active:           439896 kB
Mem:          3.8G       775M       3.1G       5.7M        52M       323M

MemTotal:        4016004 kB
MemFree:         3222400 kB
Active:           439896 kB
Mem:          3.8G       775M       3.1G       5.7M        52M       323M

MemTotal:        4016004 kB
MemFree:         3221228 kB
Active:           438084 kB
Mem:          3.8G       775M       3.1G       5.7M        52M       323M

MemTotal:        4016004 kB
MemFree:         3221872 kB
Active:           439948 kB
Mem:          3.8G       775M       3.1G       5.7M        52M       323M

MemTotal:        4016004 kB
MemFree:         3221872 kB
Active:           439912 kB
Mem:          3.8G       775M       3.1G       5.7M        52M       323M

MemTotal:        4016004 kB
MemFree:         3221872 kB
Active:           439956 kB
Mem:          3.8G       775M       3.1G       5.7M        52M       323M

MemTotal:        4016004 kB
MemFree:         3222120 kB
Active:           439940 kB
Mem:          3.8G       775M       3.1G       5.7M        52M       323M

MemTotal:        4016004 kB
MemFree:         3222616 kB
Active:           439916 kB
Mem:          3.8G       774M       3.1G       5.7M        52M       323M

MemTotal:        4016004 kB
MemFree:         3222244 kB
Active:           439916 kB
Mem:          3.8G       775M       3.1G       5.7M        52M       323M

MemTotal:        4016004 kB
MemFree:         3222104 kB
Active:           439960 kB
Mem:          3.8G       775M       3.1G       5.7M        52M       323M

MemTotal:        4016004 kB
MemFree:         3221856 kB
Active:           439964 kB
Mem:          3.8G       775M       3.1G       5.7M        52M       323M

MemTotal:        4016004 kB
MemFree:         3221732 kB
Active:           439920 kB
Mem:          3.8G       775M       3.1G       5.7M        52M       323M

MemTotal:        4016004 kB
MemFree:         3219808 kB
Active:           439956 kB
Mem:          3.8G       777M       3.1G       5.7M        52M       323M

MemTotal:        4016004 kB
MemFree:         3219544 kB
Active:           442008 kB
Mem:          3.8G       777M       3.1G       5.7M        52M       323M

MemTotal:        4016004 kB
MemFree:         3220040 kB
Active:           441968 kB
Mem:          3.8G       777M       3.1G       5.7M        52M       323M

MemTotal:        4016004 kB
MemFree:         3219964 kB
Active:           441976 kB
Mem:          3.8G       777M       3.1G       5.7M        52M       323M

MemTotal:        4016004 kB
MemFree:         3220336 kB
Active:           442000 kB
Mem:          3.8G       777M       3.1G       5.7M        52M       323M

MemTotal:        4016004 kB
MemFree:         3220460 kB
Active:           441968 kB
Mem:          3.8G       777M       3.1G       5.7M        52M       323M

MemTotal:        4016004 kB
MemFree:         3220460 kB
Active:           441980 kB
Mem:          3.8G       776M       3.1G       5.7M        52M       323M

MemTotal:        4016004 kB
MemFree:         3219964 kB
Active:           442024 kB
Mem:          3.8G       777M       3.1G       5.7M        52M       323M

MemTotal:        4016004 kB
MemFree:         3219716 kB
Active:           442024 kB
Mem:          3.8G       777M       3.1G       5.7M        52M       323M

MemTotal:        4016004 kB
MemFree:         3220120 kB
Active:           441968 kB
Mem:          3.8G       777M       3.1G       5.7M        52M       323M

MemTotal:        4016004 kB
MemFree:         3219088 kB
Active:           440060 kB
Mem:          3.8G       777M       3.1G       5.7M        52M       323M

MemTotal:        4016004 kB
MemFree:         3219864 kB
Active:           442024 kB
Mem:          3.8G       777M       3.1G       5.7M        52M       323M

MemTotal:        4016004 kB
MemFree:         3219740 kB
Active:           441996 kB
Mem:          3.8G       777M       3.1G       5.7M        52M       323M

MemTotal:        4016004 kB
MemFree:         3219988 kB
Active:           442032 kB
Mem:          3.8G       777M       3.1G       5.7M        52M       323M

MemTotal:        4016004 kB
MemFree:         3219740 kB
Active:           442008 kB
Mem:          3.8G       777M       3.1G       5.7M        52M       323M

MemTotal:        4016004 kB
MemFree:         3220112 kB
Active:           442008 kB
Mem:          3.8G       777M       3.1G       5.7M        52M       323M

MemTotal:        4016004 kB
MemFree:         3220360 kB
Active:           442040 kB
Mem:          3.8G       777M       3.1G       5.7M        52M       323M

MemTotal:        4016004 kB
MemFree:         3220484 kB
Active:           442012 kB
Mem:          3.8G       777M       3.1G       5.7M        52M       323M

MemTotal:        4016004 kB
MemFree:         3220360 kB
Active:           442040 kB
Mem:          3.8G       777M       3.1G       5.7M        52M       323M

MemTotal:        4016004 kB
MemFree:         3220236 kB
Active:           442040 kB
Mem:          3.8G       777M       3.1G       5.7M        52M       323M

MemTotal:        4016004 kB
MemFree:         3220236 kB
Active:           442052 kB
Mem:          3.8G       776M       3.1G       5.7M        52M       323M

MemTotal:        4016004 kB
MemFree:         3220360 kB
Active:           442052 kB
Mem:          3.8G       777M       3.1G       5.7M        52M       323M

MemTotal:        4016004 kB
MemFree:         3220112 kB
Active:           442024 kB
Mem:          3.8G       777M       3.1G       5.7M        52M       323M

MemTotal:        4016004 kB
MemFree:         3220112 kB
Active:           442012 kB
Mem:          3.8G       777M       3.1G       5.7M        52M       323M

MemTotal:        4016004 kB
MemFree:         3220236 kB
Active:           442032 kB
Mem:          3.8G       777M       3.1G       5.7M        52M       323M

MemTotal:        4016004 kB
MemFree:         3220236 kB
Active:           442048 kB
Mem:          3.8G       777M       3.1G       5.7M        52M       323M

MemTotal:        4016004 kB
MemFree:         3220376 kB
Active:           442012 kB
Mem:          3.8G       776M       3.1G       5.7M        52M       323M

MemTotal:        4016004 kB
MemFree:         3220252 kB
Active:           442016 kB
Mem:          3.8G       777M       3.1G       5.7M        52M       323M

MemTotal:        4016004 kB
MemFree:         3220128 kB
Active:           442032 kB
Mem:          3.8G       776M       3.1G       5.7M        52M       323M

MemTotal:        4016004 kB
MemFree:         3220376 kB
Active:           442044 kB
Mem:          3.8G       776M       3.1G       5.7M        52M       323M

MemTotal:        4016004 kB
MemFree:         3220376 kB
Active:           442012 kB
Mem:          3.8G       776M       3.1G       5.7M        52M       323M

MemTotal:        4016004 kB
MemFree:         3220004 kB
Active:           442064 kB
Mem:          3.8G       777M       3.1G       5.7M        52M       323M

MemTotal:        4016004 kB
MemFree:         3220376 kB
Active:           442052 kB
Mem:          3.8G       777M       3.1G       5.7M        52M       323M

MemTotal:        4016004 kB
MemFree:         3220376 kB
Active:           442056 kB
Mem:          3.8G       777M       3.1G       5.7M        52M       323M

MemTotal:        4016004 kB
MemFree:         3220608 kB
Active:           442020 kB
Mem:          3.8G       776M       3.1G       5.7M        52M       323M

MemTotal:        4016004 kB
MemFree:         3220468 kB
Active:           442072 kB
Mem:          3.8G       777M       3.1G       5.7M        52M       323M

MemTotal:        4016004 kB
MemFree:         3220452 kB
Active:           442016 kB
Mem:          3.8G       777M       3.1G       5.7M        52M       323M

MemTotal:        4016004 kB
MemFree:         3220312 kB
Active:           442028 kB
Mem:          3.8G       777M       3.1G       5.7M        52M       323M

MemTotal:        4016004 kB
MemFree:         3220296 kB
Active:           442044 kB
Mem:          3.8G       777M       3.1G       5.7M        52M       323M

MemTotal:        4016004 kB
MemFree:         3220156 kB
Active:           442060 kB
Mem:          3.8G       777M       3.1G       5.7M        52M       323M

MemTotal:        4016004 kB
MemFree:         3220140 kB
Active:           442072 kB
Mem:          3.8G       777M       3.1G       5.7M        52M       323M

MemTotal:        4016004 kB
MemFree:         3220496 kB
Active:           442040 kB
Mem:          3.8G       777M       3.1G       5.7M        52M       323M

MemTotal:        4016004 kB
MemFree:         3220480 kB
Active:           442068 kB
Mem:          3.8G       776M       3.1G       5.7M        52M       323M

MemTotal:        4016004 kB
MemFree:         3220528 kB
Active:           442036 kB
Mem:          3.8G       776M       3.1G       5.7M        52M       323M

MemTotal:        4016004 kB
MemFree:         3220280 kB
Active:           442064 kB
Mem:          3.8G       777M       3.1G       5.7M        52M       323M

MemTotal:        4016004 kB
MemFree:         3220280 kB
Active:           442052 kB
Mem:          3.8G       777M       3.1G       5.7M        52M       323M

MemTotal:        4016004 kB
MemFree:         3220156 kB
Active:           442044 kB
Mem:          3.8G       777M       3.1G       5.7M        52M       323M

MemTotal:        4016004 kB
MemFree:         3220280 kB
Active:           442072 kB
Mem:          3.8G       777M       3.1G       5.7M        52M       323M

MemTotal:        4016004 kB
MemFree:         3220032 kB
Active:           442096 kB
Mem:          3.8G       777M       3.1G       5.7M        52M       323M

MemTotal:        4016004 kB
MemFree:         3220032 kB
Active:           442096 kB
Mem:          3.8G       777M       3.1G       5.7M        52M       323M

MemTotal:        4016004 kB
MemFree:         3218232 kB
Active:           442048 kB
Mem:          3.8G       779M       3.1G       5.7M        52M       323M

MemTotal:        4016004 kB
MemFree:         3218356 kB
Active:           444068 kB
Mem:          3.8G       778M       3.1G       5.7M        52M       323M

MemTotal:        4016004 kB
MemFree:         3218480 kB
Active:           444100 kB
Mem:          3.8G       778M       3.1G       5.7M        52M       323M

MemTotal:        4016004 kB
MemFree:         3218356 kB
Active:           444092 kB
Mem:          3.8G       778M       3.1G       5.7M        52M       323M

MemTotal:        4016004 kB
MemFree:         3218480 kB
Active:           444100 kB
Mem:          3.8G       778M       3.1G       5.7M        52M       323M

MemTotal:        4016004 kB
MemFree:         3218108 kB
Active:           444132 kB
Mem:          3.8G       779M       3.1G       5.7M        52M       323M

MemTotal:        4016004 kB
MemFree:         3217860 kB
Active:           444132 kB
Mem:          3.8G       779M       3.1G       5.7M        52M       323M

MemTotal:        4016004 kB
MemFree:         3218356 kB
Active:           444100 kB
Mem:          3.8G       779M       3.1G       5.7M        52M       323M

MemTotal:        4016004 kB
MemFree:         3218200 kB
Active:           444360 kB
Mem:          3.8G       779M       3.1G       5.7M        52M       323M

MemTotal:        4016004 kB
MemFree:         3176468 kB
Active:           445092 kB
Mem:          3.8G       820M       3.0G       5.7M        52M       363M

MemTotal:        4016004 kB
MemFree:         3133004 kB
Active:           445116 kB
Mem:          3.8G       863M       3.0G       5.7M        52M       406M

MemTotal:        4016004 kB
MemFree:         3088624 kB
Active:           445144 kB
Mem:          3.8G       906M       2.9G       5.7M        52M       448M

MemTotal:        4016004 kB
MemFree:         3045500 kB
Active:           445172 kB
Mem:          3.8G       948M       2.9G       5.7M        52M       490M

MemTotal:        4016004 kB
MemFree:         3000888 kB
Active:           445192 kB
Mem:          3.8G       991M       2.9G       5.7M        52M       532M

MemTotal:        4016004 kB
MemFree:         2958384 kB
Active:           445212 kB
Mem:          3.8G       1.0G       2.8G       5.7M        52M       574M

MemTotal:        4016004 kB
MemFree:         2915384 kB
Active:           445244 kB
Mem:          3.8G       1.1G       2.8G       5.7M        52M       615M

MemTotal:        4016004 kB
MemFree:         2870772 kB
Active:           445264 kB
Mem:          3.8G       1.1G       2.7G       5.7M        53M       658M

MemTotal:        4016004 kB
MemFree:         2825176 kB
Active:           445304 kB
Mem:          3.8G       1.1G       2.7G       5.7M        53M       701M

MemTotal:        4016004 kB
MemFree:         2781108 kB
Active:           445328 kB
Mem:          3.8G       1.2G       2.7G       5.7M        53M       743M

MemTotal:        4016004 kB
MemFree:         2738796 kB
Active:           445348 kB
Mem:          3.8G       1.2G       2.6G       5.7M        53M       785M

MemTotal:        4016004 kB
MemFree:         2692432 kB
Active:           445376 kB
Mem:          3.8G       1.3G       2.6G       5.7M        53M       827M

MemTotal:        4016004 kB
MemFree:         2649168 kB
Active:           447424 kB
Mem:          3.8G       1.3G       2.5G       5.7M        53M       869M

MemTotal:        4016004 kB
MemFree:         2605772 kB
Active:           447448 kB
Mem:          3.8G       1.3G       2.5G       5.7M        53M       911M

MemTotal:        4016004 kB
MemFree:         2562152 kB
Active:           447472 kB
Mem:          3.8G       1.4G       2.4G       5.7M        53M       952M

MemTotal:        4016004 kB
MemFree:         2517812 kB
Active:           447520 kB
Mem:          3.8G       1.4G       2.4G       5.7M        53M       994M

MemTotal:        4016004 kB
MemFree:         2516880 kB
Active:           447524 kB
Mem:          3.8G       1.4G       2.4G       5.7M        53M       995M

MemTotal:        4016004 kB
MemFree:         2516980 kB
Active:           447488 kB
Mem:          3.8G       1.4G       2.4G       5.7M        53M       995M

MemTotal:        4016004 kB
MemFree:         2481968 kB
Active:           447552 kB
Mem:          3.8G       1.5G       2.4G       5.7M        53M       1.0G

MemTotal:        4016004 kB
MemFree:         2438348 kB
Active:           447564 kB
Mem:          3.8G       1.5G       2.3G       5.7M        53M       1.0G

MemTotal:        4016004 kB
MemFree:         2393736 kB
Active:           447592 kB
Mem:          3.8G       1.5G       2.3G       5.7M        53M       1.1G

MemTotal:        4016004 kB
MemFree:         2351416 kB
Active:           447756 kB
Mem:          3.8G       1.6G       2.2G       5.7M        53M       1.1G

MemTotal:        4016004 kB
MemFree:         2306804 kB
Active:           447660 kB
Mem:          3.8G       1.6G       2.2G       5.7M        53M       1.2G

MemTotal:        4016004 kB
MemFree:         2261680 kB
Active:           447680 kB
Mem:          3.8G       1.7G       2.2G       5.7M        53M       1.2G

MemTotal:        4016004 kB
MemFree:         2218184 kB
Active:           447644 kB
Mem:          3.8G       1.7G       2.1G       5.7M        53M       1.3G

MemTotal:        4016004 kB
MemFree:         2177260 kB
Active:           447664 kB
Mem:          3.8G       1.8G       2.1G       5.7M        53M       1.3G

MemTotal:        4016004 kB
MemFree:         2162844 kB
Active:           447692 kB
Mem:          3.8G       1.8G       2.1G       5.7M        53M       1.3G

MemTotal:        4016004 kB
MemFree:         2119352 kB
Active:           447776 kB
Mem:          3.8G       1.8G       2.0G       5.7M        53M       1.3G

MemTotal:        4016004 kB
MemFree:         2075948 kB
Active:           447792 kB
Mem:          3.8G       1.9G       2.0G       5.7M        53M       1.4G

MemTotal:        4016004 kB
MemFree:         2031848 kB
Active:           447836 kB
Mem:          3.8G       1.9G       1.9G       5.7M        53M       1.4G

MemTotal:        4016004 kB
MemFree:         1989600 kB
Active:           447864 kB
Mem:          3.8G       1.9G       1.9G       5.7M        53M       1.5G

MemTotal:        4016004 kB
MemFree:         1956448 kB
Active:           445904 kB
Mem:          3.8G       2.0G       1.9G       5.7M        53M       1.5G

MemTotal:        4016004 kB
MemFree:         1929496 kB
Active:           447932 kB
Mem:          3.8G       2.0G       1.8G       5.7M        53M       1.5G

MemTotal:        4016004 kB
MemFree:         1885472 kB
Active:           447956 kB
Mem:          3.8G       2.0G       1.8G       5.7M        53M       1.6G

MemTotal:        4016004 kB
MemFree:         1842224 kB
Active:           447980 kB
Mem:          3.8G       2.1G       1.8G       5.7M        53M       1.6G

MemTotal:        4016004 kB
MemFree:         1800968 kB
Active:           448008 kB
Mem:          3.8G       2.1G       1.7G       5.7M        53M       1.6G

MemTotal:        4016004 kB
MemFree:         1757472 kB
Active:           448028 kB
Mem:          3.8G       2.2G       1.7G       5.7M        53M       1.7G

MemTotal:        4016004 kB
MemFree:         1711480 kB
Active:           448032 kB
Mem:          3.8G       2.2G       1.6G       5.7M        53M       1.7G

MemTotal:        4016004 kB
MemFree:         1667736 kB
Active:           448080 kB
Mem:          3.8G       2.2G       1.6G       5.7M        53M       1.8G

MemTotal:        4016004 kB
MemFree:         1624116 kB
Active:           448104 kB
Mem:          3.8G       2.3G       1.5G       5.7M        53M       1.8G

MemTotal:        4016004 kB
MemFree:         1582072 kB
Active:           448120 kB
Mem:          3.8G       2.3G       1.5G       5.7M        53M       1.9G

MemTotal:        4016004 kB
MemFree:         1537584 kB
Active:           448116 kB
Mem:          3.8G       2.4G       1.5G       5.7M        53M       1.9G

MemTotal:        4016004 kB
MemFree:         1499644 kB
Active:           448176 kB
Mem:          3.8G       2.4G       1.4G       5.7M        53M       1.9G

MemTotal:        4016004 kB
MemFree:         1453312 kB
Active:           448224 kB
Mem:          3.8G       2.4G       1.4G       5.7M        53M       2.0G

MemTotal:        4016004 kB
MemFree:         1410048 kB
Active:           448252 kB
Mem:          3.8G       2.5G       1.3G       5.7M        53M       2.0G

MemTotal:        4016004 kB
MemFree:         1365624 kB
Active:           448280 kB
Mem:          3.8G       2.5G       1.3G       5.7M        53M       2.1G

MemTotal:        4016004 kB
MemFree:         1321328 kB
Active:           448332 kB
Mem:          3.8G       2.6G       1.3G       5.7M        53M       2.1G

MemTotal:        4016004 kB
MemFree:         1297700 kB
Active:           448388 kB
Mem:          3.8G       2.6G       1.2G       5.7M        53M       2.1G

MemTotal:        4016004 kB
MemFree:         1265120 kB
Active:           448440 kB
Mem:          3.8G       2.6G       1.2G       5.7M        53M       2.1G

MemTotal:        4016004 kB
MemFree:         1220984 kB
Active:           448472 kB
Mem:          3.8G       2.7G       1.2G       5.7M        53M       2.2G

MemTotal:        4016004 kB
MemFree:         1175896 kB
Active:           448496 kB
Mem:          3.8G       2.7G       1.1G       5.7M        54M       2.2G

MemTotal:        4016004 kB
MemFree:         1132152 kB
Active:           448520 kB
Mem:          3.8G       2.8G       1.1G       5.7M        54M       2.3G

MemTotal:        4016004 kB
MemFree:         1087944 kB
Active:           448548 kB
Mem:          3.8G       2.8G       1.0G       5.7M        54M       2.3G

MemTotal:        4016004 kB
MemFree:         1044308 kB
Active:           448568 kB
Mem:          3.8G       2.8G       1.0G       5.7M        54M       2.4G

MemTotal:        4016004 kB
MemFree:         1002052 kB
Active:           448596 kB
Mem:          3.8G       2.9G       978M       5.7M        54M       2.4G

MemTotal:        4016004 kB
MemFree:          959456 kB
Active:           448616 kB
Mem:          3.8G       2.9G       935M       5.7M        54M       2.4G

MemTotal:        4016004 kB
MemFree:          914488 kB
Active:           448644 kB
Mem:          3.8G       3.0G       892M       5.7M        54M       2.5G

MemTotal:        4016004 kB
MemFree:          870172 kB
Active:           448672 kB
Mem:          3.8G       3.0G       849M       5.7M        54M       2.5G

MemTotal:        4016004 kB
MemFree:          828364 kB
Active:           448700 kB
Mem:          3.8G       3.0G       807M       5.7M        54M       2.6G

MemTotal:        4016004 kB
MemFree:          784916 kB
Active:           448736 kB
Mem:          3.8G       3.1G       766M       5.7M        54M       2.6G

MemTotal:        4016004 kB
MemFree:          739616 kB
Active:           448756 kB
Mem:          3.8G       3.1G       720M       5.7M        54M       2.6G

MemTotal:        4016004 kB
MemFree:          694792 kB
Active:           446924 kB
Mem:          3.8G       3.2G       678M       5.7M        54M       2.7G

MemTotal:        4016004 kB
MemFree:          652528 kB
Active:           448908 kB
Mem:          3.8G       3.2G       636M       5.7M        54M       2.7G

MemTotal:        4016004 kB
MemFree:          607284 kB
Active:           448936 kB
Mem:          3.8G       3.3G       592M       5.7M        54M       2.8G

MemTotal:        4016004 kB
MemFree:          563904 kB
Active:           448964 kB
Mem:          3.8G       3.3G       550M       5.7M        54M       2.8G

MemTotal:        4016004 kB
MemFree:          520028 kB
Active:           448984 kB
Mem:          3.8G       3.3G       507M       5.7M        54M       2.8G

MemTotal:        4016004 kB
MemFree:          477664 kB
Active:           449004 kB
Mem:          3.8G       3.4G       465M       5.7M        54M       2.9G

MemTotal:        4016004 kB
MemFree:          434788 kB
Active:           449028 kB
Mem:          3.8G       3.4G       423M       5.7M        54M       2.9G

MemTotal:        4016004 kB
MemFree:          391416 kB
Active:           449056 kB
Mem:          3.8G       3.5G       381M       5.7M        54M       3.0G

MemTotal:        4016004 kB
MemFree:          345788 kB
Active:           449092 kB
Mem:          3.8G       3.5G       337M       5.7M        54M       3.0G

MemTotal:        4016004 kB
MemFree:          303008 kB
Active:           449112 kB
Mem:          3.8G       3.5G       295M       5.7M        54M       3.1G

MemTotal:        4016004 kB
MemFree:          257504 kB
Active:           451176 kB
Mem:          3.8G       3.6G       251M       5.7M        54M       3.1G

MemTotal:        4016004 kB
MemFree:          213424 kB
Active:           451180 kB
Mem:          3.8G       3.6G       207M       5.7M        54M       3.1G

MemTotal:        4016004 kB
MemFree:          169720 kB
Active:           451212 kB
Mem:          3.8G       3.7G       165M       5.7M        54M       3.2G

MemTotal:        4016004 kB
MemFree:          125556 kB
Active:           451232 kB
Mem:          3.8G       3.7G       122M       5.7M        54M       3.2G

MemTotal:        4016004 kB
MemFree:          117344 kB
Active:           448040 kB
Mem:          3.8G       3.7G       128M       5.7M        21M       3.2G

MemTotal:        4016004 kB
MemFree:          130024 kB
Active:           503340 kB
Mem:          3.8G       3.7G       125M       5.7M        21M       3.2G

MemTotal:        4016004 kB
MemFree:          116984 kB
Active:           505512 kB
Mem:          3.8G       3.7G       113M       5.7M        21M       3.3G

MemTotal:        4016004 kB
MemFree:          109404 kB
Active:           502324 kB
Mem:          3.8G       3.7G       106M       5.7M        21M       3.3G

MemTotal:        4016004 kB
MemFree:          127240 kB
Active:           497112 kB
Mem:          3.8G       3.7G       123M       5.7M        21M       3.2G

MemTotal:        4016004 kB
MemFree:          106252 kB
Active:           493168 kB
Mem:          3.8G       3.7G       103M       5.7M        21M       3.3G

MemTotal:        4016004 kB
MemFree:          128612 kB
Active:           486664 kB
Mem:          3.8G       3.7G       125M       5.7M        21M       3.2G

MemTotal:        4016004 kB
MemFree:          133440 kB
Active:           481700 kB
Mem:          3.8G       3.7G       130M       5.7M        21M       3.2G

MemTotal:        4016004 kB
MemFree:          131220 kB
Active:           476860 kB
Mem:          3.8G       3.7G       139M       5.7M        21M       3.2G

MemTotal:        4016004 kB
MemFree:          111916 kB
Active:           475212 kB
Mem:          3.8G       3.7G       109M       5.7M        21M       3.3G

MemTotal:        4016004 kB
MemFree:          129960 kB
Active:           469860 kB
Mem:          3.8G       3.7G       126M       5.7M        21M       3.2G

MemTotal:        4016004 kB
MemFree:          109900 kB
Active:           467704 kB
Mem:          3.8G       3.7G       106M       5.7M        21M       3.3G

MemTotal:        4016004 kB
MemFree:          108796 kB
Active:           463408 kB
Mem:          3.8G       3.7G       116M       5.7M        21M       3.3G

MemTotal:        4016004 kB
MemFree:          124644 kB
Active:           458960 kB
Mem:          3.8G       3.7G       121M       5.7M        21M       3.2G

MemTotal:        4016004 kB
MemFree:          107160 kB
Active:           458340 kB
Mem:          3.8G       3.7G       102M       5.7M        21M       3.3G

MemTotal:        4016004 kB
MemFree:          127388 kB
Active:           456056 kB
Mem:          3.8G       3.7G       123M       5.7M        22M       3.2G

MemTotal:        4016004 kB
MemFree:          143748 kB
Active:           454032 kB
Mem:          3.8G       3.7G       139M       5.7M        22M       3.2G

MemTotal:        4016004 kB
MemFree:          125080 kB
Active:           453424 kB
Mem:          3.8G       3.7G       127M       5.7M        22M       3.2G

MemTotal:        4016004 kB
MemFree:          129248 kB
Active:           447588 kB
Mem:          3.8G       3.7G       125M       5.7M        22M       3.2G

MemTotal:        4016004 kB
MemFree:          140808 kB
Active:           445952 kB
Mem:          3.8G       3.7G       137M       5.7M        22M       3.2G

MemTotal:        4016004 kB
MemFree:          127204 kB
Active:           444816 kB
Mem:          3.8G       3.7G       123M       5.7M        22M       3.2G

MemTotal:        4016004 kB
MemFree:          130876 kB
Active:           443316 kB
Mem:          3.8G       3.7G       127M       5.7M        22M       3.2G

MemTotal:        4016004 kB
MemFree:          131416 kB
Active:           441556 kB
Mem:          3.8G       3.7G       128M       5.7M        22M       3.2G

MemTotal:        4016004 kB
MemFree:          123760 kB
Active:           436320 kB
Mem:          3.8G       3.7G       120M       5.7M        22M       3.2G

MemTotal:        4016004 kB
MemFree:          128748 kB
Active:           434424 kB
Mem:          3.8G       3.7G       124M       5.7M        22M       3.2G

MemTotal:        4016004 kB
MemFree:          131316 kB
Active:           432652 kB
Mem:          3.8G       3.7G       127M       5.7M        22M       3.2G

MemTotal:        4016004 kB
MemFree:          109180 kB
Active:           435924 kB
Mem:          3.8G       3.7G       106M       5.7M        22M       3.3G

MemTotal:        4016004 kB
MemFree:          126212 kB
Active:           433004 kB
Mem:          3.8G       3.7G       122M       5.7M        22M       3.2G

MemTotal:        4016004 kB
MemFree:          106036 kB
Active:           431356 kB
Mem:          3.8G       3.7G       102M       5.7M        22M       3.3G

MemTotal:        4016004 kB
MemFree:          127412 kB
Active:           429216 kB
Mem:          3.8G       3.7G       124M       5.7M        22M       3.2G

MemTotal:        4016004 kB
MemFree:          124408 kB
Active:           427832 kB
Mem:          3.8G       3.7G       121M       5.7M        22M       3.2G

MemTotal:        4016004 kB
MemFree:          123396 kB
Active:           426192 kB
Mem:          3.8G       3.7G       120M       5.7M        22M       3.2G

MemTotal:        4016004 kB
MemFree:          116480 kB
Active:           425072 kB
Mem:          3.8G       3.7G       113M       5.7M        22M       3.3G

MemTotal:        4016004 kB
MemFree:          114384 kB
Active:           423560 kB
Mem:          3.8G       3.7G       111M       5.7M        22M       3.3G

MemTotal:        4016004 kB
MemFree:          149388 kB
Active:           421152 kB
Mem:          3.8G       3.7G       146M       5.7M        22M       3.2G

MemTotal:        4016004 kB
MemFree:          106224 kB
Active:           421180 kB
Mem:          3.8G       3.7G       103M       5.7M        22M       3.3G

MemTotal:        4016004 kB
MemFree:          137408 kB
Active:           417524 kB
Mem:          3.8G       3.7G       133M       5.7M        22M       3.2G

MemTotal:        4016004 kB
MemFree:          130700 kB
Active:           414668 kB
Mem:          3.8G       3.7G       127M       5.7M        22M       3.2G

MemTotal:        4016004 kB
MemFree:          127544 kB
Active:           413152 kB
Mem:          3.8G       3.7G       124M       5.7M        22M       3.2G

MemTotal:        4016004 kB
MemFree:          107656 kB
Active:           411768 kB
Mem:          3.8G       3.7G       104M       5.7M        22M       3.3G

MemTotal:        4016004 kB
MemFree:          128296 kB
Active:           409624 kB
Mem:          3.8G       3.7G       124M       5.7M        22M       3.2G

MemTotal:        4016004 kB
MemFree:          110880 kB
Active:           408756 kB
Mem:          3.8G       3.7G       107M       5.7M        22M       3.3G

MemTotal:        4016004 kB
MemFree:          126664 kB
Active:           406856 kB
Mem:          3.8G       3.7G       123M       5.7M        22M       3.2G

MemTotal:        4016004 kB
MemFree:          114340 kB
Active:           405600 kB
Mem:          3.8G       3.7G       111M       5.7M        22M       3.3G

MemTotal:        4016004 kB
MemFree:          124388 kB
Active:           404100 kB
Mem:          3.8G       3.7G       120M       5.7M        22M       3.2G

MemTotal:        4016004 kB
MemFree:          117132 kB
Active:           402840 kB
Mem:          3.8G       3.7G       113M       5.7M        22M       3.3G

MemTotal:        4016004 kB
MemFree:          119252 kB
Active:           403696 kB
Mem:          3.8G       3.7G       115M       5.7M        22M       3.3G

MemTotal:        4016004 kB
MemFree:          128260 kB
Active:           401672 kB
Mem:          3.8G       3.7G       124M       5.7M        22M       3.2G

MemTotal:        4016004 kB
MemFree:          121096 kB
Active:           400548 kB
Mem:          3.8G       3.7G       117M       5.7M        22M       3.2G

MemTotal:        4016004 kB
MemFree:          113252 kB
Active:           399412 kB
Mem:          3.8G       3.7G       110M       5.7M        22M       3.3G

MemTotal:        4016004 kB
MemFree:          105716 kB
Active:           396348 kB
Mem:          3.8G       3.7G       103M       5.7M        22M       3.3G

MemTotal:        4016004 kB
MemFree:          109076 kB
Active:           394448 kB
Mem:          3.8G       3.7G       106M       5.7M        22M       3.3G

MemTotal:        4016004 kB
MemFree:          118524 kB
Active:           392432 kB
Mem:          3.8G       3.7G       114M       5.7M        22M       3.2G

MemTotal:        4016004 kB
MemFree:          110400 kB
Active:           391056 kB
Mem:          3.8G       3.7G       107M       5.7M        22M       3.3G

MemTotal:        4016004 kB
MemFree:          126600 kB
Active:           389416 kB
Mem:          3.8G       3.7G       123M       5.7M        22M       3.2G

MemTotal:        4016004 kB
MemFree:          128520 kB
Active:           387388 kB
Mem:          3.8G       3.7G       125M       5.7M        22M       3.2G

MemTotal:        4016004 kB
MemFree:          104992 kB
Active:           386908 kB
Mem:          3.8G       3.7G       102M       5.7M        22M       3.3G

MemTotal:        4016004 kB
MemFree:          109280 kB
Active:           386164 kB
Mem:          3.8G       3.7G       106M       5.7M        22M       3.3G

MemTotal:        4016004 kB
MemFree:          126292 kB
Active:           384396 kB
Mem:          3.8G       3.7G       123M       5.7M        22M       3.2G

MemTotal:        4016004 kB
MemFree:          107816 kB
Active:           384416 kB
Mem:          3.8G       3.7G       104M       5.7M        22M       3.3G

MemTotal:        4016004 kB
MemFree:          134656 kB
Active:           384316 kB
Mem:          3.8G       3.7G       131M       5.7M        23M       3.2G

MemTotal:        4016004 kB
MemFree:          124920 kB
Active:           384340 kB
Mem:          3.8G       3.7G       120M       5.7M        23M       3.2G

MemTotal:        4016004 kB
MemFree:          105908 kB
Active:           384364 kB
Mem:          3.8G       3.7G       103M       5.7M        23M       3.3G

MemTotal:        4016004 kB
MemFree:          134024 kB
Active:           384080 kB
Mem:          3.8G       3.7G       130M       5.7M        23M       3.2G

MemTotal:        4016004 kB
MemFree:          124956 kB
Active:           384104 kB
Mem:          3.8G       3.7G       121M       5.7M        23M       3.2G

MemTotal:        4016004 kB
MemFree:          119796 kB
Active:           384128 kB
Mem:          3.8G       3.7G       125M       5.7M        23M       3.2G

MemTotal:        4016004 kB
MemFree:          123648 kB
Active:           384144 kB
Mem:          3.8G       3.7G       120M       5.7M        23M       3.2G

MemTotal:        4016004 kB
MemFree:          105728 kB
Active:           384180 kB
Mem:          3.8G       3.7G       102M       5.7M        23M       3.3G

MemTotal:        4016004 kB
MemFree:          132756 kB
Active:           384208 kB
Mem:          3.8G       3.7G       129M       5.7M        23M       3.2G

MemTotal:        4016004 kB
MemFree:          124964 kB
Active:           384124 kB
Mem:          3.8G       3.7G       121M       5.7M        23M       3.2G

MemTotal:        4016004 kB
MemFree:          128464 kB
Active:           384148 kB
Mem:          3.8G       3.7G       124M       5.7M        23M       3.2G

MemTotal:        4016004 kB
MemFree:          130452 kB
Active:           384172 kB
Mem:          3.8G       3.7G       126M       5.7M        23M       3.2G

MemTotal:        4016004 kB
MemFree:          108004 kB
Active:           384200 kB
Mem:          3.8G       3.7G       105M       5.7M        23M       3.3G

MemTotal:        4016004 kB
MemFree:          105320 kB
Active:           384340 kB
Mem:          3.8G       3.7G       102M       5.7M        23M       3.3G

MemTotal:        4016004 kB
MemFree:          110248 kB
Active:           384228 kB
Mem:          3.8G       3.7G       107M       5.7M        23M       3.3G

MemTotal:        4016004 kB
MemFree:          126456 kB
Active:           384248 kB
Mem:          3.8G       3.7G       123M       5.7M        23M       3.2G

MemTotal:        4016004 kB
MemFree:          124296 kB
Active:           384268 kB
Mem:          3.8G       3.7G       121M       5.7M        23M       3.2G

MemTotal:        4016004 kB
MemFree:          111908 kB
Active:           384296 kB
Mem:          3.8G       3.7G       107M       5.7M        23M       3.3G

MemTotal:        4016004 kB
MemFree:          105632 kB
Active:           384316 kB
Mem:          3.8G       3.7G       102M       5.7M        23M       3.3G

MemTotal:        4016004 kB
MemFree:          141176 kB
Active:           384340 kB
Mem:          3.8G       3.7G       137M       5.7M        23M       3.2G

MemTotal:        4016004 kB
MemFree:          130828 kB
Active:           384364 kB
Mem:          3.8G       3.7G       127M       5.7M        23M       3.2G

MemTotal:        4016004 kB
MemFree:          113864 kB
Active:           384400 kB
Mem:          3.8G       3.7G       111M       5.7M        23M       3.3G

MemTotal:        4016004 kB
MemFree:          113648 kB
Active:           384400 kB
Mem:          3.8G       3.7G       111M       5.7M        23M       3.3G

MemTotal:        4016004 kB
MemFree:          135148 kB
Active:           384420 kB
Mem:          3.8G       3.7G       131M       5.7M        23M       3.2G

MemTotal:        4016004 kB
MemFree:          150072 kB
Active:           384136 kB
Mem:          3.8G       3.7G       146M       5.7M        23M       3.2G

MemTotal:        4016004 kB
MemFree:          106840 kB
Active:           384152 kB
Mem:          3.8G       3.7G       104M       5.7M        23M       3.3G

MemTotal:        4016004 kB
MemFree:          117532 kB
Active:           384056 kB
Mem:          3.8G       3.7G       114M       5.7M        23M       3.2G

MemTotal:        4016004 kB
MemFree:          111736 kB
Active:           384088 kB
Mem:          3.8G       3.7G       108M       5.7M        23M       3.3G

MemTotal:        4016004 kB
MemFree:          126932 kB
Active:           383808 kB
Mem:          3.8G       3.7G       123M       5.7M        23M       3.2G

MemTotal:        4016004 kB
MemFree:          106064 kB
Active:           383824 kB
Mem:          3.8G       3.7G       103M       5.7M        23M       3.3G

MemTotal:        4016004 kB
MemFree:          124220 kB
Active:           383848 kB
Mem:          3.8G       3.7G       120M       5.7M        23M       3.2G

MemTotal:        4016004 kB
MemFree:          110348 kB
Active:           383872 kB
Mem:          3.8G       3.7G       107M       5.7M        23M       3.3G

MemTotal:        4016004 kB
MemFree:          127744 kB
Active:           383900 kB
Mem:          3.8G       3.7G       125M       5.7M        23M       3.2G

MemTotal:        4016004 kB
MemFree:          125912 kB
Active:           381576 kB
Mem:          3.8G       3.7G       122M       5.7M        23M       3.2G

MemTotal:        4016004 kB
MemFree:          107364 kB
Active:           381444 kB
Mem:          3.8G       3.7G       105M       5.7M        23M       3.3G

MemTotal:        4016004 kB
MemFree:          130564 kB
Active:           381432 kB
Mem:          3.8G       3.7G       132M       5.7M        23M       3.2G

MemTotal:        4016004 kB
MemFree:          122816 kB
Active:           381472 kB
Mem:          3.8G       3.7G       119M       5.7M        23M       3.2G

MemTotal:        4016004 kB
MemFree:          109112 kB
Active:           381480 kB
Mem:          3.8G       3.7G       106M       5.7M        23M       3.3G

MemTotal:        4016004 kB
MemFree:          127360 kB
Active:           381548 kB
Mem:          3.8G       3.7G       123M       5.7M        23M       3.2G

MemTotal:        4016004 kB
MemFree:          113060 kB
Active:           381572 kB
Mem:          3.8G       3.7G       110M       5.7M        23M       3.3G

MemTotal:        4016004 kB
MemFree:          110316 kB
Active:           381564 kB
Mem:          3.8G       3.7G       107M       5.7M        23M       3.3G

MemTotal:        4016004 kB
MemFree:          110504 kB
Active:           381544 kB
Mem:          3.8G       3.7G       107M       5.7M        23M       3.3G

MemTotal:        4016004 kB
MemFree:          110632 kB
Active:           381576 kB
Mem:          3.8G       3.7G       108M       5.7M        23M       3.3G

MemTotal:        4016004 kB
MemFree:          107848 kB
Active:           381620 kB
Mem:          3.8G       3.7G       105M       5.7M        23M       3.3G

MemTotal:        4016004 kB
MemFree:          132012 kB
Active:           381600 kB
Mem:          3.8G       3.7G       128M       5.7M        23M       3.2G

MemTotal:        4016004 kB
MemFree:          122460 kB
Active:           377136 kB
Mem:          3.8G       3.7G       119M       5.7M        23M       3.2G

MemTotal:        4016004 kB
MemFree:          115204 kB
Active:           377084 kB
Mem:          3.8G       3.7G       112M       5.7M        23M       3.2G

MemTotal:        4016004 kB
MemFree:          119924 kB
Active:           377068 kB
Mem:          3.8G       3.7G       116M       5.7M        23M       3.2G

MemTotal:        4016004 kB
MemFree:          111912 kB
Active:           377132 kB
Mem:          3.8G       3.7G       109M       5.7M        23M       3.3G

MemTotal:        4016004 kB
MemFree:          106004 kB
Active:           377152 kB
Mem:          3.8G       3.7G       103M       5.7M        23M       3.3G

MemTotal:        4016004 kB
MemFree:          129968 kB
Active:           377144 kB
Mem:          3.8G       3.7G       126M       5.7M        23M       3.2G

MemTotal:        4016004 kB
MemFree:          128404 kB
Active:           377188 kB
Mem:          3.8G       3.7G       124M       5.7M        24M       3.2G

MemTotal:        4016004 kB
MemFree:          126884 kB
Active:           377180 kB
Mem:          3.8G       3.7G       123M       5.7M        24M       3.2G

MemTotal:        4016004 kB
MemFree:          110868 kB
Active:           377248 kB
Mem:          3.8G       3.7G       108M       5.7M        24M       3.3G

MemTotal:        4016004 kB
MemFree:          112472 kB
Active:           377636 kB
Mem:          3.8G       3.7G       109M       5.7M        24M       3.2G

MemTotal:        4016004 kB
MemFree:          114112 kB
Active:           379168 kB
Mem:          3.8G       3.7G       110M       5.7M        24M       3.2G

MemTotal:        4016004 kB
MemFree:          106808 kB
Active:           378424 kB
Mem:          3.8G       3.7G       103M       5.7M        24M       3.3G

MemTotal:        4016004 kB
MemFree:          136260 kB
Active:           378444 kB
Mem:          3.8G       3.7G       133M       5.7M        24M       3.2G

MemTotal:        4016004 kB
MemFree:          105944 kB
Active:           378456 kB
Mem:          3.8G       3.7G       103M       5.7M        24M       3.3G

MemTotal:        4016004 kB
MemFree:          115708 kB
Active:           378492 kB
Mem:          3.8G       3.7G       112M       5.7M        24M       3.2G

MemTotal:        4016004 kB
MemFree:          108668 kB
Active:           378516 kB
Mem:          3.8G       3.7G       105M       5.7M        24M       3.3G

MemTotal:        4016004 kB
MemFree:          126064 kB
Active:           378496 kB
Mem:          3.8G       3.7G       123M       5.7M        24M       3.2G

MemTotal:        4016004 kB
MemFree:          127608 kB
Active:           378560 kB
Mem:          3.8G       3.7G       124M       5.7M        24M       3.2G

MemTotal:        4016004 kB
MemFree:          130360 kB
Active:           376780 kB
Mem:          3.8G       3.7G       127M       5.7M        24M       3.2G

MemTotal:        4016004 kB
MemFree:          124204 kB
Active:           375020 kB
Mem:          3.8G       3.7G       120M       5.7M        24M       3.2G

MemTotal:        4016004 kB
MemFree:          135536 kB
Active:           376628 kB
Mem:          3.8G       3.7G       131M       5.7M        24M       3.2G

MemTotal:        4016004 kB
MemFree:          108828 kB
Active:           376628 kB
Mem:          3.8G       3.7G       106M       5.7M        24M       3.2G

MemTotal:        4016004 kB
MemFree:          118564 kB
Active:           376668 kB
Mem:          3.8G       3.7G       115M       5.7M        24M       3.2G

MemTotal:        4016004 kB
MemFree:          120832 kB
Active:           376568 kB
Mem:          3.8G       3.7G       118M       5.7M        24M       3.2G

MemTotal:        4016004 kB
MemFree:          129128 kB
Active:           376816 kB
Mem:          3.8G       3.7G       125M       5.7M        24M       3.2G

MemTotal:        4016004 kB
MemFree:          133404 kB
Active:           376620 kB
Mem:          3.8G       3.7G       129M       5.7M        24M       3.2G

MemTotal:        4016004 kB
MemFree:          144648 kB
Active:           376596 kB
Mem:          3.8G       3.7G       140M       5.7M        24M       3.2G

MemTotal:        4016004 kB
MemFree:          134360 kB
Active:           367760 kB
Mem:          3.8G       3.7G       130M       5.7M        24M       3.2G

MemTotal:        4016004 kB
MemFree:          127624 kB
Active:           367728 kB
Mem:          3.8G       3.7G       124M       5.7M        24M       3.2G

MemTotal:        4016004 kB
MemFree:          111964 kB
Active:           369832 kB
Mem:          3.8G       3.7G       109M       5.7M        24M       3.2G

MemTotal:        4016004 kB
MemFree:          105060 kB
Active:           369072 kB
Mem:          3.8G       3.7G       102M       5.7M        24M       3.2G

MemTotal:        4016004 kB
MemFree:          107148 kB
Active:           368964 kB
Mem:          3.8G       3.7G       104M       5.7M        24M       3.2G

MemTotal:        4016004 kB
MemFree:          124208 kB
Active:           368996 kB
Mem:          3.8G       3.7G       120M       5.7M        24M       3.2G

MemTotal:        4016004 kB
MemFree:          105816 kB
Active:           369016 kB
Mem:          3.8G       3.7G       103M       5.7M        24M       3.2G

MemTotal:        4016004 kB
MemFree:          135076 kB
Active:           368996 kB
Mem:          3.8G       3.7G       131M       5.7M        24M       3.2G

MemTotal:        4016004 kB
MemFree:          130176 kB
Active:           368952 kB
Mem:          3.8G       3.7G       127M       5.7M        24M       3.2G

MemTotal:        4016004 kB
MemFree:          134848 kB
Active:           369044 kB
Mem:          3.8G       3.7G       131M       5.7M        24M       3.2G

MemTotal:        4016004 kB
MemFree:          127200 kB
Active:           369840 kB
Mem:          3.8G       3.7G       123M       5.7M        24M       3.2G

MemTotal:        4016004 kB
MemFree:          133444 kB
Active:           370064 kB
Mem:          3.8G       3.7G       130M       5.7M        25M       3.2G

MemTotal:        4016004 kB
MemFree:          128128 kB
Active:           367592 kB
Mem:          3.8G       3.7G       124M       5.7M        25M       3.2G

MemTotal:        4016004 kB
MemFree:          120804 kB
Active:           367532 kB
Mem:          3.8G       3.7G       117M       5.7M        25M       3.2G

MemTotal:        4016004 kB
MemFree:          105780 kB
Active:           367928 kB
Mem:          3.8G       3.7G       103M       5.7M        25M       3.2G

MemTotal:        4016004 kB
MemFree:          133268 kB
Active:           368052 kB
Mem:          3.8G       3.7G       130M       5.7M        26M       3.2G

MemTotal:        4016004 kB
MemFree:          138912 kB
Active:           368332 kB
Mem:          3.8G       3.7G       135M       5.7M        26M       3.2G

MemTotal:        4016004 kB
MemFree:          124000 kB
Active:           370096 kB
Mem:          3.8G       3.7G       120M       5.7M        27M       3.2G

MemTotal:        4016004 kB
MemFree:          110304 kB
Active:           369608 kB
Mem:          3.8G       3.7G       107M       5.7M        27M       3.2G

MemTotal:        4016004 kB
MemFree:          106008 kB
Active:           369404 kB
Mem:          3.8G       3.7G       103M       5.7M        27M       3.2G

MemTotal:        4016004 kB
MemFree:          106644 kB
Active:           369388 kB
Mem:          3.8G       3.7G       104M       5.7M        27M       3.2G

MemTotal:        4016004 kB
MemFree:          118808 kB
Active:           369368 kB
Mem:          3.8G       3.7G       115M       5.7M        27M       3.2G

MemTotal:        4016004 kB
MemFree:          126748 kB
Active:           370956 kB
Mem:          3.8G       3.7G       123M       5.7M        27M       3.2G

MemTotal:        4016004 kB
MemFree:          117232 kB
Active:           370932 kB
Mem:          3.8G       3.7G       114M       5.7M        27M       3.2G

MemTotal:        4016004 kB
MemFree:          109176 kB
Active:           370896 kB
Mem:          3.8G       3.7G       106M       5.7M        27M       3.2G

MemTotal:        4016004 kB
MemFree:          124836 kB
Active:           370896 kB
Mem:          3.8G       3.7G       121M       5.7M        27M       3.2G

MemTotal:        4016004 kB
MemFree:          118936 kB
Active:           369340 kB
Mem:          3.8G       3.7G       116M       5.7M        27M       3.2G

MemTotal:        4016004 kB
MemFree:          111396 kB
Active:           369080 kB
Mem:          3.8G       3.7G       108M       5.7M        27M       3.2G

MemTotal:        4016004 kB
MemFree:          126216 kB
Active:           369092 kB
Mem:          3.8G       3.7G       122M       5.7M        27M       3.2G

MemTotal:        4016004 kB
MemFree:          119736 kB
Active:           369064 kB
Mem:          3.8G       3.7G       116M       5.7M        27M       3.2G

MemTotal:        4016004 kB
MemFree:          111388 kB
Active:           369220 kB
Mem:          3.8G       3.7G       108M       5.7M        27M       3.2G

MemTotal:        4016004 kB
MemFree:          129972 kB
Active:           369216 kB
Mem:          3.8G       3.7G       126M       5.7M        27M       3.2G

MemTotal:        4016004 kB
MemFree:          116208 kB
Active:           369220 kB
Mem:          3.8G       3.7G       112M       5.7M        27M       3.2G

MemTotal:        4016004 kB
MemFree:          108108 kB
Active:           369092 kB
Mem:          3.8G       3.7G       105M       5.7M        27M       3.2G

MemTotal:        4016004 kB
MemFree:          135140 kB
Active:           369120 kB
Mem:          3.8G       3.7G       131M       5.7M        27M       3.2G

MemTotal:        4016004 kB
MemFree:          127388 kB
Active:           369120 kB
Mem:          3.8G       3.7G       123M       5.7M        27M       3.2G

MemTotal:        4016004 kB
MemFree:          105920 kB
Active:           369116 kB
Mem:          3.8G       3.7G       103M       5.7M        27M       3.2G

MemTotal:        4016004 kB
MemFree:          127908 kB
Active:           369012 kB
Mem:          3.8G       3.7G       124M       5.7M        27M       3.2G

MemTotal:        4016004 kB
MemFree:          134520 kB
Active:           369076 kB
Mem:          3.8G       3.7G       131M       5.7M        27M       3.2G

MemTotal:        4016004 kB
MemFree:          104940 kB
Active:           369264 kB
Mem:          3.8G       3.7G       118M       5.7M        28M       3.2G

MemTotal:        4016004 kB
MemFree:          120176 kB
Active:           365968 kB
Mem:          3.8G       3.7G       117M       5.7M        28M       3.2G

MemTotal:        4016004 kB
MemFree:          105016 kB
Active:           365720 kB
Mem:          3.8G       3.7G       102M       5.7M        28M       3.2G

MemTotal:        4016004 kB
MemFree:          107928 kB
Active:           365696 kB
Mem:          3.8G       3.7G       105M       5.7M        28M       3.2G

MemTotal:        4016004 kB
MemFree:          109616 kB
Active:           365708 kB
Mem:          3.8G       3.7G       106M       5.7M        28M       3.2G

MemTotal:        4016004 kB
MemFree:          124616 kB
Active:           365672 kB
Mem:          3.8G       3.7G       121M       5.7M        28M       3.2G

MemTotal:        4016004 kB
MemFree:          135380 kB
Active:           365736 kB
Mem:          3.8G       3.7G       131M       5.7M        28M       3.2G

MemTotal:        4016004 kB
MemFree:          131176 kB
Active:           365736 kB
Mem:          3.8G       3.7G       128M       5.7M        28M       3.2G

MemTotal:        4016004 kB
MemFree:          130040 kB
Active:           365736 kB
Mem:          3.8G       3.7G       126M       5.7M        28M       3.2G

MemTotal:        4016004 kB
MemFree:          121532 kB
Active:           365736 kB
Mem:          3.8G       3.7G       118M       5.7M        28M       3.2G

MemTotal:        4016004 kB
MemFree:          124048 kB
Active:           365736 kB
Mem:          3.8G       3.7G       120M       5.7M        28M       3.2G

MemTotal:        4016004 kB
MemFree:          115472 kB
Active:           365736 kB
Mem:          3.8G       3.7G       112M       5.7M        28M       3.2G

MemTotal:        4016004 kB
MemFree:          120080 kB
Active:           365824 kB
Mem:          3.8G       3.7G       117M       5.7M        28M       3.2G

MemTotal:        4016004 kB
MemFree:          111988 kB
Active:           365732 kB
Mem:          3.8G       3.7G       109M       5.7M        28M       3.2G

MemTotal:        4016004 kB
MemFree:          122388 kB
Active:           365760 kB
Mem:          3.8G       3.7G       119M       5.7M        28M       3.2G

MemTotal:        4016004 kB
MemFree:          125460 kB
Active:           365780 kB
Mem:          3.8G       3.7G       122M       5.7M        28M       3.2G

MemTotal:        4016004 kB
MemFree:          122768 kB
Active:           365748 kB
Mem:          3.8G       3.7G       120M       5.7M        28M       3.2G

MemTotal:        4016004 kB
MemFree:          111904 kB
Active:           363132 kB
Mem:          3.8G       3.7G       109M       5.7M        28M       3.2G

MemTotal:        4016004 kB
MemFree:          128596 kB
Active:           363000 kB
Mem:          3.8G       3.7G       124M       5.7M        28M       3.2G

MemTotal:        4016004 kB
MemFree:          122796 kB
Active:           363028 kB
Mem:          3.8G       3.7G       119M       5.7M        28M       3.2G

MemTotal:        4016004 kB
MemFree:          126744 kB
Active:           362992 kB
Mem:          3.8G       3.7G       123M       5.7M        28M       3.2G

MemTotal:        4016004 kB
MemFree:          125660 kB
Active:           362964 kB
Mem:          3.8G       3.7G       122M       5.7M        28M       3.2G

MemTotal:        4016004 kB
MemFree:          106948 kB
Active:           363132 kB
Mem:          3.8G       3.7G       104M       5.7M        28M       3.2G

MemTotal:        4016004 kB
MemFree:          134828 kB
Active:           363016 kB
Mem:          3.8G       3.7G       131M       5.7M        28M       3.2G

MemTotal:        4016004 kB
MemFree:          135460 kB
Active:           362892 kB
Mem:          3.8G       3.7G       132M       5.7M        28M       3.2G

MemTotal:        4016004 kB
MemFree:          133544 kB
Active:           362928 kB
Mem:          3.8G       3.7G       130M       5.7M        28M       3.2G

MemTotal:        4016004 kB
MemFree:          133844 kB
Active:           363060 kB
Mem:          3.8G       3.7G       130M       5.7M        28M       3.2G

MemTotal:        4016004 kB
MemFree:          133432 kB
Active:           363060 kB
Mem:          3.8G       3.7G       130M       5.7M        28M       3.2G

MemTotal:        4016004 kB
MemFree:          120016 kB
Active:           363028 kB
Mem:          3.8G       3.7G       117M       5.7M        28M       3.2G

MemTotal:        4016004 kB
MemFree:          105684 kB
Active:           363056 kB
Mem:          3.8G       3.7G       102M       5.7M        28M       3.2G

MemTotal:        4016004 kB
MemFree:          127436 kB
Active:           363064 kB
Mem:          3.8G       3.7G       124M       5.7M        28M       3.2G

MemTotal:        4016004 kB
MemFree:          119144 kB
Active:           363048 kB
Mem:          3.8G       3.7G       116M       5.7M        28M       3.2G

MemTotal:        4016004 kB
MemFree:          111024 kB
Active:           363036 kB
Mem:          3.8G       3.7G       108M       5.7M        28M       3.2G

MemTotal:        4016004 kB
MemFree:          114892 kB
Active:           363032 kB
Mem:          3.8G       3.7G       111M       5.7M        28M       3.2G

MemTotal:        4016004 kB
MemFree:          106412 kB
Active:           363076 kB
Mem:          3.8G       3.7G       103M       5.7M        28M       3.2G

MemTotal:        4016004 kB
MemFree:          135308 kB
Active:           363076 kB
Mem:          3.8G       3.7G       131M       5.7M        28M       3.2G

MemTotal:        4016004 kB
MemFree:          111968 kB
Active:           362904 kB
Mem:          3.8G       3.7G       108M       5.7M        28M       3.2G

MemTotal:        4016004 kB
MemFree:          111512 kB
Active:           362748 kB
Mem:          3.8G       3.7G       108M       5.7M        28M       3.2G

MemTotal:        4016004 kB
MemFree:          111264 kB
Active:           362752 kB
Mem:          3.8G       3.7G       108M       5.7M        28M       3.2G

MemTotal:        4016004 kB
MemFree:          111388 kB
Active:           362760 kB
Mem:          3.8G       3.7G       108M       5.7M        28M       3.2G

MemTotal:        4016004 kB
MemFree:          110980 kB
Active:           362744 kB
Mem:          3.8G       3.7G       108M       5.7M        28M       3.2G

MemTotal:        4016004 kB
MemFree:          111224 kB
Active:           362792 kB
Mem:          3.8G       3.7G       108M       5.7M        28M       3.2G

MemTotal:        4016004 kB
MemFree:          111252 kB
Active:           362776 kB
Mem:          3.8G       3.7G       108M       5.7M        28M       3.2G

MemTotal:        4016004 kB
MemFree:          111224 kB
Active:           362804 kB
Mem:          3.8G       3.7G       108M       5.7M        28M       3.2G

MemTotal:        4016004 kB
MemFree:          110980 kB
Active:           362816 kB
Mem:          3.8G       3.7G       108M       5.7M        28M       3.2G

MemTotal:        4016004 kB
MemFree:          111076 kB
Active:           362760 kB
Mem:          3.8G       3.7G       108M       5.7M        28M       3.2G

MemTotal:        4016004 kB
MemFree:          111696 kB
Active:           362764 kB
Mem:          3.8G       3.7G       108M       5.7M        28M       3.2G

MemTotal:        4016004 kB
MemFree:          111572 kB
Active:           362792 kB
Mem:          3.8G       3.7G       108M       5.7M        28M       3.2G

MemTotal:        4016004 kB
MemFree:          111572 kB
Active:           362812 kB
Mem:          3.8G       3.7G       108M       5.7M        28M       3.2G

MemTotal:        4016004 kB
MemFree:          111572 kB
Active:           362792 kB
Mem:          3.8G       3.7G       108M       5.7M        28M       3.2G

MemTotal:        4016004 kB
MemFree:          111448 kB
Active:           362820 kB
Mem:          3.8G       3.7G       108M       5.7M        28M       3.2G

MemTotal:        4016004 kB
MemFree:          111200 kB
Active:           362836 kB
Mem:          3.8G       3.7G       108M       5.7M        28M       3.2G

MemTotal:        4016004 kB
MemFree:          111324 kB
Active:           362808 kB
Mem:          3.8G       3.7G       108M       5.7M        28M       3.2G

MemTotal:        4016004 kB
MemFree:          111324 kB
Active:           362824 kB
Mem:          3.8G       3.7G       108M       5.7M        28M       3.2G

MemTotal:        4016004 kB
MemFree:          110704 kB
Active:           362840 kB
Mem:          3.8G       3.7G       108M       5.7M        28M       3.2G

MemTotal:        4016004 kB
MemFree:          110580 kB
Active:           362844 kB
Mem:          3.8G       3.7G       108M       5.7M        28M       3.2G

MemTotal:        4016004 kB
MemFree:          111200 kB
Active:           362816 kB
Mem:          3.8G       3.7G       108M       5.7M        28M       3.2G

MemTotal:        4016004 kB
MemFree:          110704 kB
Active:           362848 kB
Mem:          3.8G       3.7G       108M       5.7M        28M       3.2G

MemTotal:        4016004 kB
MemFree:          111076 kB
Active:           362840 kB
Mem:          3.8G       3.7G       108M       5.7M        28M       3.2G

MemTotal:        4016004 kB
MemFree:          111200 kB
Active:           362820 kB
Mem:          3.8G       3.7G       108M       5.7M        28M       3.2G

MemTotal:        4016004 kB
MemFree:          111200 kB
Active:           362836 kB
Mem:          3.8G       3.7G       108M       5.7M        28M       3.2G

MemTotal:        4016004 kB
MemFree:          111076 kB
Active:           362800 kB
Mem:          3.8G       3.7G       108M       5.7M        28M       3.2G

MemTotal:        4016004 kB
MemFree:          110828 kB
Active:           362856 kB
Mem:          3.8G       3.7G       108M       5.7M        28M       3.2G

MemTotal:        4016004 kB
MemFree:          111076 kB
Active:           362804 kB
Mem:          3.8G       3.7G       108M       5.7M        28M       3.2G

MemTotal:        4016004 kB
MemFree:          111076 kB
Active:           362852 kB
Mem:          3.8G       3.7G       108M       5.7M        28M       3.2G

MemTotal:        4016004 kB
MemFree:          111200 kB
Active:           362804 kB
Mem:          3.8G       3.7G       108M       5.7M        28M       3.2G

MemTotal:        4016004 kB
MemFree:          111076 kB
Active:           362804 kB
Mem:          3.8G       3.7G       108M       5.7M        28M       3.2G

MemTotal:        4016004 kB
MemFree:          111076 kB
Active:           362828 kB
Mem:          3.8G       3.7G       108M       5.7M        28M       3.2G

MemTotal:        4016004 kB
MemFree:          111076 kB
Active:           362828 kB
Mem:          3.8G       3.7G       108M       5.7M        28M       3.2G

MemTotal:        4016004 kB
MemFree:          110704 kB
Active:           362864 kB
Mem:          3.8G       3.7G       108M       5.7M        28M       3.2G

MemTotal:        4016004 kB
MemFree:          111076 kB
Active:           362840 kB
Mem:          3.8G       3.7G       108M       5.7M        28M       3.2G

MemTotal:        4016004 kB
MemFree:          111324 kB
Active:           362816 kB
Mem:          3.8G       3.7G       108M       5.7M        28M       3.2G

MemTotal:        4016004 kB
MemFree:          110828 kB
Active:           362844 kB
Mem:          3.8G       3.7G       108M       5.7M        28M       3.2G

MemTotal:        4016004 kB
MemFree:          110952 kB
Active:           362868 kB
Mem:          3.8G       3.7G       108M       5.7M        28M       3.2G

MemTotal:        4016004 kB
MemFree:          110828 kB
Active:           362852 kB
Mem:          3.8G       3.7G       108M       5.7M        28M       3.2G

MemTotal:        4016004 kB
MemFree:          110580 kB
Active:           362872 kB
Mem:          3.8G       3.7G       108M       5.7M        28M       3.2G

MemTotal:        4016004 kB
MemFree:          110704 kB
Active:           362872 kB
Mem:          3.8G       3.7G       108M       5.7M        28M       3.2G

MemTotal:        4016004 kB
MemFree:          110952 kB
Active:           362824 kB
Mem:          3.8G       3.7G       108M       5.7M        28M       3.2G

MemTotal:        4016004 kB
MemFree:          110580 kB
Active:           362872 kB
Mem:          3.8G       3.7G       108M       5.7M        28M       3.2G

MemTotal:        4016004 kB
MemFree:          110952 kB
Active:           362856 kB
Mem:          3.8G       3.7G       108M       5.7M        28M       3.2G

MemTotal:        4016004 kB
MemFree:          110952 kB
Active:           362836 kB
Mem:          3.8G       3.7G       108M       5.7M        28M       3.2G

MemTotal:        4016004 kB
MemFree:          111076 kB
Active:           362856 kB
Mem:          3.8G       3.7G       108M       5.7M        28M       3.2G

MemTotal:        4016004 kB
MemFree:          110952 kB
Active:           362852 kB
Mem:          3.8G       3.7G       108M       5.7M        28M       3.2G

MemTotal:        4016004 kB
MemFree:          110952 kB
Active:           362824 kB
Mem:          3.8G       3.7G       108M       5.7M        28M       3.2G

MemTotal:        4016004 kB
MemFree:          110952 kB
Active:           362852 kB
Mem:          3.8G       3.7G       108M       5.7M        28M       3.2G

MemTotal:        4016004 kB
MemFree:          110952 kB
Active:           362856 kB
Mem:          3.8G       3.7G       108M       5.7M        28M       3.2G

MemTotal:        4016004 kB
MemFree:          110952 kB
Active:           362868 kB
Mem:          3.8G       3.7G       108M       5.7M        28M       3.2G

MemTotal:        4016004 kB
MemFree:          110936 kB
Active:           362844 kB
Mem:          3.8G       3.7G       108M       5.7M        28M       3.2G

MemTotal:        4016004 kB
MemFree:          110936 kB
Active:           362880 kB
Mem:          3.8G       3.7G       108M       5.7M        28M       3.2G

MemTotal:        4016004 kB
MemFree:          110936 kB
Active:           362836 kB
Mem:          3.8G       3.7G       108M       5.7M        28M       3.2G

MemTotal:        4016004 kB
MemFree:          110564 kB
Active:           362892 kB
Mem:          3.8G       3.7G       108M       5.7M        28M       3.2G

MemTotal:        4016004 kB
MemFree:          110936 kB
Active:           362880 kB
Mem:          3.8G       3.7G       108M       5.7M        28M       3.2G

MemTotal:        4016004 kB
MemFree:          110564 kB
Active:           362892 kB
Mem:          3.8G       3.7G       108M       5.7M        28M       3.2G

MemTotal:        4016004 kB
MemFree:          110936 kB
Active:           362856 kB
Mem:          3.8G       3.7G       108M       5.7M        28M       3.2G

MemTotal:        4016004 kB
MemFree:          110936 kB
Active:           362848 kB
Mem:          3.8G       3.7G       108M       5.7M        28M       3.2G

MemTotal:        4016004 kB
MemFree:          110936 kB
Active:           362880 kB
Mem:          3.8G       3.7G       108M       5.7M        28M       3.2G

MemTotal:        4016004 kB
MemFree:          110936 kB
Active:           362840 kB
Mem:          3.8G       3.7G       108M       5.7M        28M       3.2G

MemTotal:        4016004 kB
MemFree:          110688 kB
Active:           362892 kB
Mem:          3.8G       3.7G       108M       5.7M        28M       3.2G

MemTotal:        4016004 kB
MemFree:          110936 kB
Active:           362864 kB
Mem:          3.8G       3.7G       108M       5.7M        28M       3.2G

MemTotal:        4016004 kB
MemFree:          110688 kB
Active:           362900 kB
Mem:          3.8G       3.7G       108M       5.7M        28M       3.2G

MemTotal:        4016004 kB
MemFree:          111184 kB
Active:           362852 kB
Mem:          3.8G       3.7G       108M       5.7M        28M       3.2G

MemTotal:        4016004 kB
MemFree:          111184 kB
Active:           362860 kB
Mem:          3.8G       3.7G       108M       5.7M        28M       3.2G

MemTotal:        4016004 kB
MemFree:          110936 kB
Active:           362900 kB
Mem:          3.8G       3.7G       108M       5.7M        28M       3.2G

MemTotal:        4016004 kB
MemFree:          110936 kB
Active:           362908 kB
Mem:          3.8G       3.7G       108M       5.7M        28M       3.2G

MemTotal:        4016004 kB
MemFree:          110936 kB
Active:           362880 kB
Mem:          3.8G       3.7G       108M       5.7M        28M       3.2G

MemTotal:        4016004 kB
MemFree:          110936 kB
Active:           362892 kB
Mem:          3.8G       3.7G       108M       5.7M        28M       3.2G

MemTotal:        4016004 kB
MemFree:          110936 kB
Active:           362884 kB
Mem:          3.8G       3.7G       108M       5.7M        28M       3.2G

MemTotal:        4016004 kB
MemFree:          111060 kB
Active:           362904 kB
Mem:          3.8G       3.7G       108M       5.7M        28M       3.2G

MemTotal:        4016004 kB
MemFree:          110936 kB
Active:           362884 kB
Mem:          3.8G       3.7G       108M       5.7M        28M       3.2G

MemTotal:        4016004 kB
MemFree:          110564 kB
Active:           362936 kB
Mem:          3.8G       3.7G       108M       5.7M        28M       3.2G

MemTotal:        4016004 kB
MemFree:          110440 kB
Active:           362940 kB
Mem:          3.8G       3.7G       107M       5.7M        28M       3.2G

MemTotal:        4016004 kB
MemFree:          110812 kB
Active:           362932 kB
Mem:          3.8G       3.7G       108M       5.7M        28M       3.2G

MemTotal:        4016004 kB
MemFree:          110812 kB
Active:           362920 kB
Mem:          3.8G       3.7G       108M       5.7M        28M       3.2G

MemTotal:        4016004 kB
MemFree:          110564 kB
Active:           362940 kB
Mem:          3.8G       3.7G       108M       5.7M        28M       3.2G

MemTotal:        4016004 kB
MemFree:          110936 kB
Active:           362908 kB
Mem:          3.8G       3.7G       108M       5.7M        28M       3.2G

MemTotal:        4016004 kB
MemFree:          110936 kB
Active:           362896 kB
Mem:          3.8G       3.7G       108M       5.7M        28M       3.2G

MemTotal:        4016004 kB
MemFree:          110936 kB
Active:           362948 kB
Mem:          3.8G       3.7G       108M       5.7M        28M       3.2G

MemTotal:        4016004 kB
MemFree:          111060 kB
Active:           362940 kB
Mem:          3.8G       3.7G       108M       5.7M        28M       3.2G

MemTotal:        4016004 kB
MemFree:          110812 kB
Active:           362932 kB
Mem:          3.8G       3.7G       108M       5.7M        28M       3.2G

MemTotal:        4016004 kB
MemFree:          110812 kB
Active:           362908 kB
Mem:          3.8G       3.7G       108M       5.7M        28M       3.2G

MemTotal:        4016004 kB
MemFree:          110688 kB
Active:           362928 kB
Mem:          3.8G       3.7G       107M       5.7M        28M       3.2G

MemTotal:        4016004 kB
MemFree:          110192 kB
Active:           362964 kB
Mem:          3.8G       3.7G       107M       5.7M        28M       3.2G

MemTotal:        4016004 kB
MemFree:          110688 kB
Active:           362924 kB
Mem:          3.8G       3.7G       108M       5.7M        28M       3.2G

MemTotal:        4016004 kB
MemFree:          110688 kB
Active:           362948 kB
Mem:          3.8G       3.7G       108M       5.7M        28M       3.2G

MemTotal:        4016004 kB
MemFree:          110688 kB
Active:           362960 kB
Mem:          3.8G       3.7G       108M       5.7M        28M       3.2G

MemTotal:        4016004 kB
MemFree:          110688 kB
Active:           362936 kB
Mem:          3.8G       3.7G       108M       5.7M        28M       3.2G

MemTotal:        4016004 kB
MemFree:          110316 kB
Active:           362968 kB
Mem:          3.8G       3.7G       108M       5.7M        28M       3.2G

MemTotal:        4016004 kB
MemFree:          110688 kB
Active:           362964 kB
Mem:          3.8G       3.7G       108M       5.7M        28M       3.2G

MemTotal:        4016004 kB
MemFree:          110068 kB
Active:           363000 kB
Mem:          3.8G       3.7G       107M       5.7M        28M       3.2G

MemTotal:        4016004 kB
MemFree:          110300 kB
Active:           363108 kB
Mem:          3.8G       3.7G       107M       5.7M        28M       3.2G

MemTotal:        4016004 kB
MemFree:          110176 kB
Active:           363052 kB
Mem:          3.8G       3.7G       107M       5.7M        28M       3.2G

MemTotal:        4016004 kB
MemFree:          110548 kB
Active:           363044 kB
Mem:          3.8G       3.7G       107M       5.7M        28M       3.2G

MemTotal:        4016004 kB
MemFree:          110548 kB
Active:           363012 kB
Mem:          3.8G       3.7G       107M       5.7M        28M       3.2G

MemTotal:        4016004 kB
MemFree:          110548 kB
Active:           363048 kB
Mem:          3.8G       3.7G       107M       5.7M        28M       3.2G

MemTotal:        4016004 kB
MemFree:          110424 kB
Active:           363024 kB
Mem:          3.8G       3.7G       107M       5.7M        28M       3.2G

MemTotal:        4016004 kB
MemFree:          110672 kB
Active:           363036 kB
Mem:          3.8G       3.7G       107M       5.7M        28M       3.2G

MemTotal:        4016004 kB
MemFree:          110548 kB
Active:           363012 kB
Mem:          3.8G       3.7G       107M       5.7M        28M       3.2G

MemTotal:        4016004 kB
MemFree:          110548 kB
Active:           363036 kB
Mem:          3.8G       3.7G       107M       5.7M        28M       3.2G

MemTotal:        4016004 kB
MemFree:          110548 kB
Active:           363052 kB
Mem:          3.8G       3.7G       107M       5.7M        28M       3.2G

MemTotal:        4016004 kB
MemFree:          110548 kB
Active:           363048 kB
Mem:          3.8G       3.7G       107M       5.7M        28M       3.2G

MemTotal:        4016004 kB
MemFree:          110424 kB
Active:           363040 kB
Mem:          3.8G       3.7G       107M       5.7M        28M       3.2G

MemTotal:        4016004 kB
MemFree:          110052 kB
Active:           363064 kB
Mem:          3.8G       3.7G       107M       5.7M        28M       3.2G

MemTotal:        4016004 kB
MemFree:          110672 kB
Active:           363044 kB
Mem:          3.8G       3.7G       107M       5.7M        28M       3.2G

MemTotal:        4016004 kB
MemFree:          110540 kB
Active:           363044 kB
Mem:          3.8G       3.7G       107M       5.7M        28M       3.2G

MemTotal:        4016004 kB
MemFree:          110680 kB
Active:           363052 kB
Mem:          3.8G       3.7G       107M       5.7M        28M       3.2G

MemTotal:        4016004 kB
MemFree:          110184 kB
Active:           363076 kB
Mem:          3.8G       3.7G       107M       5.7M        28M       3.2G

MemTotal:        4016004 kB
MemFree:          110696 kB
Active:           363024 kB
Mem:          3.8G       3.7G       108M       5.7M        28M       3.2G

MemTotal:        4016004 kB
MemFree:          110572 kB
Active:           363020 kB
Mem:          3.8G       3.7G       108M       5.7M        28M       3.2G

MemTotal:        4016004 kB
MemFree:          110696 kB
Active:           363044 kB
Mem:          3.8G       3.7G       108M       5.7M        28M       3.2G

MemTotal:        4016004 kB
MemFree:          110696 kB
Active:           363048 kB
Mem:          3.8G       3.7G       108M       5.7M        28M       3.2G

MemTotal:        4016004 kB
MemFree:          110696 kB
Active:           363068 kB
Mem:          3.8G       3.7G       107M       5.7M        28M       3.2G

MemTotal:        4016004 kB
MemFree:          110820 kB
Active:           363044 kB
Mem:          3.8G       3.7G       108M       5.7M        28M       3.2G

MemTotal:        4016004 kB
MemFree:          110308 kB
Active:           363084 kB
Mem:          3.8G       3.7G       107M       5.7M        28M       3.2G

MemTotal:        4016004 kB
MemFree:          110432 kB
Active:           363076 kB
Mem:          3.8G       3.7G       107M       5.7M        28M       3.2G

MemTotal:        4016004 kB
MemFree:          110416 kB
Active:           363036 kB
Mem:          3.8G       3.7G       107M       5.7M        28M       3.2G

MemTotal:        4016004 kB
MemFree:          110540 kB
Active:           363076 kB
Mem:          3.8G       3.7G       108M       5.7M        28M       3.2G

MemTotal:        4016004 kB
MemFree:          110556 kB
Active:           363036 kB
Mem:          3.8G       3.7G       108M       5.7M        28M       3.2G

MemTotal:        4016004 kB
MemFree:          110556 kB
Active:           363188 kB
Mem:          3.8G       3.7G       108M       5.7M        28M       3.2G

MemTotal:        4016004 kB
MemFree:          110184 kB
Active:           363088 kB
Mem:          3.8G       3.7G       107M       5.7M        28M       3.2G

MemTotal:        4016004 kB
MemFree:          110416 kB
Active:           363084 kB
Mem:          3.8G       3.7G       107M       5.7M        28M       3.2G

MemTotal:        4016004 kB
MemFree:          110200 kB
Active:           363168 kB
Mem:          3.8G       3.7G       107M       5.7M        28M       3.2G

MemTotal:        4016004 kB
MemFree:          109920 kB
Active:           363212 kB
Mem:          3.8G       3.7G       107M       5.7M        28M       3.2G

MemTotal:        4016004 kB
MemFree:          110464 kB
Active:           363216 kB
Mem:          3.8G       3.7G       108M       5.7M        28M       3.2G

MemTotal:        4016004 kB
MemFree:          110644 kB
Active:           363160 kB
Mem:          3.8G       3.7G       108M       5.7M        28M       3.2G

MemTotal:        4016004 kB
MemFree:          110876 kB
Active:           363148 kB
Mem:          3.8G       3.7G       108M       5.7M        28M       3.2G

MemTotal:        4016004 kB
MemFree:          110464 kB
Active:           363224 kB
Mem:          3.8G       3.7G       107M       5.7M        28M       3.2G

MemTotal:        4016004 kB
MemFree:          110572 kB
Active:           363052 kB
Mem:          3.8G       3.7G       107M       5.7M        28M       3.2G

MemTotal:        4016004 kB
MemFree:          110432 kB
Active:           363068 kB
Mem:          3.8G       3.7G       107M       5.7M        28M       3.2G

MemTotal:        4016004 kB
MemFree:          110168 kB
Active:           363064 kB
Mem:          3.8G       3.7G       107M       5.7M        28M       3.2G

MemTotal:        4016004 kB
MemFree:          110648 kB
Active:           363052 kB
Mem:          3.8G       3.7G       107M       5.7M        28M       3.2G

MemTotal:        4016004 kB
MemFree:          110648 kB
Active:           362980 kB
Mem:          3.8G       3.7G       108M       5.7M        28M       3.2G

MemTotal:        4016004 kB
MemFree:          110648 kB
Active:           363000 kB
Mem:          3.8G       3.7G       108M       5.7M        28M       3.2G

MemTotal:        4016004 kB
MemFree:          110168 kB
Active:           363252 kB
Mem:          3.8G       3.7G       107M       5.7M        28M       3.2G

MemTotal:        4016004 kB
MemFree:          110184 kB
Active:           363124 kB
Mem:          3.8G       3.7G       107M       5.7M        28M       3.2G

MemTotal:        4016004 kB
MemFree:          110648 kB
Active:           362988 kB
Mem:          3.8G       3.7G       107M       5.7M        28M       3.2G

MemTotal:        4016004 kB
MemFree:          110524 kB
Active:           363024 kB
Mem:          3.8G       3.7G       108M       5.7M        28M       3.2G

MemTotal:        4016004 kB
MemFree:          110456 kB
Active:           363172 kB
Mem:          3.8G       3.7G       107M       5.7M        28M       3.2G

MemTotal:        4016004 kB
MemFree:          110308 kB
Active:           363128 kB
Mem:          3.8G       3.7G       108M       5.7M        28M       3.2G

MemTotal:        4016004 kB
MemFree:          110200 kB
Active:           363128 kB
Mem:          3.8G       3.7G       107M       5.7M        28M       3.2G

MemTotal:        4016004 kB
MemFree:          110184 kB
Active:           363136 kB
Mem:          3.8G       3.7G       107M       5.7M        28M       3.2G

MemTotal:        4016004 kB
MemFree:          110424 kB
Active:           363236 kB
Mem:          3.8G       3.7G       108M       5.7M        28M       3.2G

MemTotal:        4016004 kB
MemFree:          110572 kB
Active:           363256 kB
Mem:          3.8G       3.7G       108M       5.7M        28M       3.2G

MemTotal:        4016004 kB
MemFree:          110596 kB
Active:           363192 kB
Mem:          3.8G       3.7G       108M       5.7M        28M       3.2G

MemTotal:        4016004 kB
MemFree:          110448 kB
Active:           363220 kB
Mem:          3.8G       3.7G       108M       5.7M        28M       3.2G

MemTotal:        4016004 kB
MemFree:          110644 kB
Active:           363252 kB
Mem:          3.8G       3.7G       107M       5.7M        28M       3.2G

MemTotal:        4016004 kB
MemFree:          110464 kB
Active:           363220 kB
Mem:          3.8G       3.7G       107M       5.7M        28M       3.2G

MemTotal:        4016004 kB
MemFree:          110448 kB
Active:           363144 kB
Mem:          3.8G       3.7G       107M       5.7M        28M       3.2G

MemTotal:        4016004 kB
MemFree:          110572 kB
Active:           363104 kB
Mem:          3.8G       3.7G       108M       5.7M        28M       3.2G

MemTotal:        4016004 kB
MemFree:          110572 kB
Active:           363116 kB
Mem:          3.8G       3.7G       107M       5.7M        28M       3.2G

MemTotal:        4016004 kB
MemFree:          110696 kB
Active:           363140 kB
Mem:          3.8G       3.7G       108M       5.7M        28M       3.2G

MemTotal:        4016004 kB
MemFree:          110696 kB
Active:           363144 kB
Mem:          3.8G       3.7G       108M       5.7M        28M       3.2G

MemTotal:        4016004 kB
MemFree:          110696 kB
Active:           363100 kB
Mem:          3.8G       3.7G       108M       5.7M        28M       3.2G

MemTotal:        4016004 kB
MemFree:          110696 kB
Active:           363140 kB
Mem:          3.8G       3.7G       107M       5.7M        28M       3.2G

MemTotal:        4016004 kB
MemFree:          110184 kB
Active:           363156 kB
Mem:          3.8G       3.7G       107M       5.7M        28M       3.2G

MemTotal:        4016004 kB
MemFree:          110524 kB
Active:           362988 kB
Mem:          3.8G       3.7G       107M       5.7M        28M       3.2G

MemTotal:        4016004 kB
MemFree:          110648 kB
Active:           363024 kB
Mem:          3.8G       3.7G       107M       5.7M        28M       3.2G

MemTotal:        4016004 kB
MemFree:          110168 kB
Active:           363268 kB
Mem:          3.8G       3.7G       107M       5.7M        28M       3.2G

MemTotal:        4016004 kB
MemFree:          110308 kB
Active:           363024 kB
Mem:          3.8G       3.7G       107M       5.7M        28M       3.2G

MemTotal:        4016004 kB
MemFree:          110572 kB
Active:           363156 kB
Mem:          3.8G       3.7G       107M       5.7M        28M       3.2G

MemTotal:        4016004 kB
MemFree:          110076 kB
Active:           363160 kB
Mem:          3.8G       3.7G       107M       5.7M        28M       3.2G

MemTotal:        4016004 kB
MemFree:          110332 kB
Active:           363124 kB
Mem:          3.8G       3.7G       107M       5.7M        28M       3.2G

MemTotal:        4016004 kB
MemFree:          110456 kB
Active:           363144 kB
Mem:          3.8G       3.7G       107M       5.7M        28M       3.2G

MemTotal:        4016004 kB
MemFree:          110580 kB
Active:           363124 kB
Mem:          3.8G       3.7G       107M       5.7M        28M       3.2G

MemTotal:        4016004 kB
MemFree:          110456 kB
Active:           363164 kB
Mem:          3.8G       3.7G       107M       5.7M        28M       3.2G

MemTotal:        4016004 kB
MemFree:          110580 kB
Active:           363128 kB
Mem:          3.8G       3.7G       107M       5.7M        28M       3.2G

MemTotal:        4016004 kB
MemFree:          110580 kB
Active:           363136 kB
Mem:          3.8G       3.7G       108M       5.7M        28M       3.2G

MemTotal:        4016004 kB
MemFree:          110580 kB
Active:           363172 kB
Mem:          3.8G       3.7G       107M       5.7M        28M       3.2G

MemTotal:        4016004 kB
MemFree:          110084 kB
Active:           363188 kB
Mem:          3.8G       3.7G       107M       5.7M        28M       3.2G

MemTotal:        4016004 kB
MemFree:          110456 kB
Active:           363176 kB
Mem:          3.8G       3.7G       107M       5.7M        28M       3.2G

MemTotal:        4016004 kB
MemFree:          110456 kB
Active:           363152 kB
Mem:          3.8G       3.7G       107M       5.7M        28M       3.2G

MemTotal:        4016004 kB
MemFree:          109960 kB
Active:           363188 kB
Mem:          3.8G       3.7G       107M       5.7M        28M       3.2G

MemTotal:        4016004 kB
MemFree:          110084 kB
Active:           363188 kB
Mem:          3.8G       3.7G       107M       5.7M        28M       3.2G

MemTotal:        4016004 kB
MemFree:          110580 kB
Active:           363156 kB
Mem:          3.8G       3.7G       108M       5.7M        28M       3.2G

MemTotal:        4016004 kB
MemFree:          110208 kB
Active:           363168 kB
Mem:          3.8G       3.7G       107M       5.7M        28M       3.2G

MemTotal:        4016004 kB
MemFree:          110332 kB
Active:           363192 kB
Mem:          3.8G       3.7G       107M       5.7M        28M       3.2G

MemTotal:        4016004 kB
MemFree:          110348 kB
Active:           363152 kB
Mem:          3.8G       3.7G       107M       5.7M        28M       3.2G

MemTotal:        4016004 kB
MemFree:          110348 kB
Active:           363160 kB
Mem:          3.8G       3.7G       107M       5.7M        28M       3.2G

MemTotal:        4016004 kB
MemFree:          110348 kB
Active:           363180 kB
Mem:          3.8G       3.7G       107M       5.7M        28M       3.2G

MemTotal:        4016004 kB
MemFree:          110472 kB
Active:           363148 kB
Mem:          3.8G       3.7G       107M       5.7M        28M       3.2G

MemTotal:        4016004 kB
MemFree:          110348 kB
Active:           363172 kB
Mem:          3.8G       3.7G       107M       5.7M        28M       3.2G

MemTotal:        4016004 kB
MemFree:          110224 kB
Active:           363196 kB
Mem:          3.8G       3.7G       107M       5.7M        28M       3.2G

MemTotal:        4016004 kB
MemFree:          110472 kB
Active:           363184 kB
Mem:          3.8G       3.7G       107M       5.7M        28M       3.2G

MemTotal:        4016004 kB
MemFree:          110472 kB
Active:           363184 kB
Mem:          3.8G       3.7G       107M       5.7M        28M       3.2G

MemTotal:        4016004 kB
MemFree:          110472 kB
Active:           363196 kB
Mem:          3.8G       3.7G       107M       5.7M        28M       3.2G

MemTotal:        4016004 kB
MemFree:          110100 kB
Active:           363212 kB
Mem:          3.8G       3.7G       107M       5.7M        28M       3.2G

MemTotal:        4016004 kB
MemFree:          109976 kB
Active:           363212 kB
Mem:          3.8G       3.7G       107M       5.7M        28M       3.2G

MemTotal:        4016004 kB
MemFree:          110472 kB
Active:           363176 kB
Mem:          3.8G       3.7G       107M       5.7M        28M       3.2G

MemTotal:        4016004 kB
MemFree:          110472 kB
Active:           363164 kB
Mem:          3.8G       3.7G       107M       5.7M        28M       3.2G

MemTotal:        4016004 kB
MemFree:          110116 kB
Active:           363220 kB
Mem:          3.8G       3.7G       107M       5.7M        28M       3.2G

MemTotal:        4016004 kB
MemFree:          110488 kB
Active:           363196 kB
Mem:          3.8G       3.7G       107M       5.7M        28M       3.2G

MemTotal:        4016004 kB
MemFree:          110488 kB
Active:           363168 kB
Mem:          3.8G       3.7G       107M       5.7M        28M       3.2G

MemTotal:        4016004 kB
MemFree:          110612 kB
Active:           363224 kB
Mem:          3.8G       3.7G       108M       5.7M        28M       3.2G

MemTotal:        4016004 kB
MemFree:          110612 kB
Active:           363208 kB
Mem:          3.8G       3.7G       107M       5.7M        28M       3.2G

MemTotal:        4016004 kB
MemFree:          110612 kB
Active:           363200 kB
Mem:          3.8G       3.7G       108M       5.7M        28M       3.2G

MemTotal:        4016004 kB
MemFree:          110240 kB
Active:           363236 kB
Mem:          3.8G       3.7G       107M       5.7M        28M       3.2G

MemTotal:        4016004 kB
MemFree:          110364 kB
Active:           363212 kB
Mem:          3.8G       3.7G       107M       5.7M        28M       3.2G

MemTotal:        4016004 kB
MemFree:          110364 kB
Active:           363204 kB
Mem:          3.8G       3.7G       107M       5.7M        28M       3.2G

MemTotal:        4016004 kB
MemFree:          110488 kB
Active:           363224 kB
Mem:          3.8G       3.7G       107M       5.7M        28M       3.2G

MemTotal:        4016004 kB
MemFree:          110488 kB
Active:           363192 kB
Mem:          3.8G       3.7G       107M       5.7M        28M       3.2G

MemTotal:        4016004 kB
MemFree:          110488 kB
Active:           363224 kB
Mem:          3.8G       3.7G       107M       5.7M        28M       3.2G

MemTotal:        4016004 kB
MemFree:          110488 kB
Active:           363232 kB
Mem:          3.8G       3.7G       107M       5.7M        28M       3.2G

MemTotal:        4016004 kB
MemFree:          110488 kB
Active:           363244 kB
Mem:          3.8G       3.7G       107M       5.7M        28M       3.2G

MemTotal:        4016004 kB
MemFree:          110612 kB
Active:           363204 kB
Mem:          3.8G       3.7G       108M       5.7M        28M       3.2G

MemTotal:        4016004 kB
MemFree:          110488 kB
Active:           363228 kB
Mem:          3.8G       3.7G       107M       5.7M        28M       3.2G

MemTotal:        4016004 kB
MemFree:          110364 kB
Active:           363204 kB
Mem:          3.8G       3.7G       107M       5.7M        28M       3.2G

MemTotal:        4016004 kB
MemFree:          110364 kB
Active:           363232 kB
Mem:          3.8G       3.7G       107M       5.7M        28M       3.2G

MemTotal:        4016004 kB
MemFree:          110240 kB
Active:           363244 kB
Mem:          3.8G       3.7G       107M       5.7M        28M       3.2G

MemTotal:        4016004 kB
MemFree:          110240 kB
Active:           363232 kB
Mem:          3.8G       3.7G       107M       5.7M        28M       3.2G

MemTotal:        4016004 kB
MemFree:          110240 kB
Active:           363236 kB
Mem:          3.8G       3.7G       107M       5.7M        28M       3.2G

MemTotal:        4016004 kB
MemFree:          110364 kB
Active:           363248 kB
Mem:          3.8G       3.7G       108M       5.7M        28M       3.2G

MemTotal:        4016004 kB
MemFree:          110488 kB
Active:           363256 kB
Mem:          3.8G       3.7G       107M       5.7M        28M       3.2G

MemTotal:        4016004 kB
MemFree:          110612 kB
Active:           363208 kB
Mem:          3.8G       3.7G       108M       5.7M        28M       3.2G

MemTotal:        4016004 kB
MemFree:          110612 kB
Active:           363248 kB
Mem:          3.8G       3.7G       107M       5.7M        28M       3.2G

MemTotal:        4016004 kB
MemFree:          110612 kB
Active:           363236 kB
Mem:          3.8G       3.7G       108M       5.7M        28M       3.2G

MemTotal:        4016004 kB
MemFree:          110612 kB
Active:           363248 kB
Mem:          3.8G       3.7G       108M       5.7M        28M       3.2G

MemTotal:        4016004 kB
MemFree:          110240 kB
Active:           363264 kB
Mem:          3.8G       3.7G       107M       5.7M        28M       3.2G

MemTotal:        4016004 kB
MemFree:          110488 kB
Active:           363272 kB
Mem:          3.8G       3.7G       107M       5.7M        28M       3.2G

MemTotal:        4016004 kB
MemFree:          110612 kB
Active:           363236 kB
Mem:          3.8G       3.7G       107M       5.7M        28M       3.2G

MemTotal:        4016004 kB
MemFree:          109992 kB
Active:           363272 kB
Mem:          3.8G       3.7G       107M       5.7M        28M       3.2G

MemTotal:        4016004 kB
MemFree:          110364 kB
Active:           363272 kB
Mem:          3.8G       3.7G       107M       5.7M        28M       3.2G

MemTotal:        4016004 kB
MemFree:          110364 kB
Active:           363224 kB
Mem:          3.8G       3.7G       107M       5.7M        28M       3.2G

MemTotal:        4016004 kB
MemFree:          110364 kB
Active:           363272 kB
Mem:          3.8G       3.7G       107M       5.7M        28M       3.2G

MemTotal:        4016004 kB
MemFree:          109992 kB
Active:           363292 kB
Mem:          3.8G       3.7G       107M       5.7M        28M       3.2G

MemTotal:        4016004 kB
MemFree:          110488 kB
Active:           363240 kB
Mem:          3.8G       3.7G       107M       5.7M        28M       3.2G

MemTotal:        4016004 kB
MemFree:          110488 kB
Active:           363272 kB
Mem:          3.8G       3.7G       107M       5.7M        28M       3.2G

MemTotal:        4016004 kB
MemFree:          110488 kB
Active:           363288 kB
Mem:          3.8G       3.7G       107M       5.7M        28M       3.2G

MemTotal:        4016004 kB
MemFree:          110488 kB
Active:           363296 kB
Mem:          3.8G       3.7G       107M       5.7M        28M       3.2G

MemTotal:        4016004 kB
MemFree:          110116 kB
Active:           363308 kB
Mem:          3.8G       3.7G       107M       5.7M        28M       3.2G

MemTotal:        4016004 kB
MemFree:          110240 kB
Active:           363272 kB
Mem:          3.8G       3.7G       107M       5.7M        28M       3.2G

MemTotal:        4016004 kB
MemFree:          110364 kB
Active:           363308 kB
Mem:          3.8G       3.7G       107M       5.7M        28M       3.2G

MemTotal:        4016004 kB
MemFree:          110116 kB
Active:           363256 kB
Mem:          3.8G       3.7G       107M       5.7M        28M       3.2G

MemTotal:        4016004 kB
MemFree:          110116 kB
Active:           363260 kB
Mem:          3.8G       3.7G       107M       5.7M        28M       3.2G

MemTotal:        4016004 kB
MemFree:          110240 kB
Active:           363280 kB
Mem:          3.8G       3.7G       107M       5.7M        28M       3.2G

MemTotal:        4016004 kB
MemFree:          110240 kB
Active:           363288 kB
Mem:          3.8G       3.7G       107M       5.7M        28M       3.2G

MemTotal:        4016004 kB
MemFree:          110116 kB
Active:           363300 kB
Mem:          3.8G       3.7G       107M       5.7M        28M       3.2G

MemTotal:        4016004 kB
MemFree:          110364 kB
Active:           363316 kB
Mem:          3.8G       3.7G       107M       5.7M        28M       3.2G

MemTotal:        4016004 kB
MemFree:          110364 kB
Active:           363268 kB
Mem:          3.8G       3.7G       107M       5.7M        28M       3.2G

MemTotal:        4016004 kB
MemFree:          110488 kB
Active:           363304 kB
Mem:          3.8G       3.7G       107M       5.7M        28M       3.2G

MemTotal:        4016004 kB
MemFree:          110612 kB
Active:           363316 kB
Mem:          3.8G       3.7G       107M       5.7M        28M       3.2G

MemTotal:        4016004 kB
MemFree:          110364 kB
Active:           363280 kB
Mem:          3.8G       3.7G       107M       5.7M        28M       3.2G

MemTotal:        4016004 kB
MemFree:          110488 kB
Active:           363316 kB
Mem:          3.8G       3.7G       107M       5.7M        28M       3.2G

MemTotal:        4016004 kB
MemFree:          110488 kB
Active:           363284 kB
