MemTotal:        4016004 kB
MemFree:         3211700 kB
Active:           450016 kB
Mem:          3.8G       785M       3.1G       5.7M        54M       327M

MemTotal:        4016004 kB
MemFree:         3211576 kB
Active:           449704 kB
Mem:          3.8G       785M       3.1G       5.7M        54M       327M

MemTotal:        4016004 kB
MemFree:         3212072 kB
Active:           449756 kB
Mem:          3.8G       785M       3.1G       5.7M        54M       327M

MemTotal:        4016004 kB
MemFree:         3211932 kB
Active:           449780 kB
Mem:          3.8G       785M       3.1G       5.7M        54M       327M

MemTotal:        4016004 kB
MemFree:         3212488 kB
Active:           447736 kB
Mem:          3.8G       784M       3.1G       5.7M        54M       327M

MemTotal:        4016004 kB
MemFree:         3212284 kB
Active:           449752 kB
Mem:          3.8G       784M       3.1G       5.7M        54M       327M

MemTotal:        4016004 kB
MemFree:         3211880 kB
Active:           449804 kB
Mem:          3.8G       785M       3.1G       5.7M        54M       327M

MemTotal:        4016004 kB
MemFree:         3212128 kB
Active:           449772 kB
Mem:          3.8G       785M       3.1G       5.7M        54M       327M

MemTotal:        4016004 kB
MemFree:         3212112 kB
Active:           449760 kB
Mem:          3.8G       785M       3.1G       5.7M        54M       327M

MemTotal:        4016004 kB
MemFree:         3212220 kB
Active:           449760 kB
Mem:          3.8G       785M       3.1G       5.7M        54M       327M

MemTotal:        4016004 kB
MemFree:         3211832 kB
Active:           449808 kB
Mem:          3.8G       785M       3.1G       5.7M        54M       327M

MemTotal:        4016004 kB
MemFree:         3211584 kB
Active:           449808 kB
Mem:          3.8G       785M       3.1G       5.7M        54M       327M

MemTotal:        4016004 kB
MemFree:         3211956 kB
Active:           449784 kB
Mem:          3.8G       785M       3.1G       5.7M        54M       327M

MemTotal:        4016004 kB
MemFree:         3211956 kB
Active:           449756 kB
Mem:          3.8G       785M       3.1G       5.7M        54M       327M

MemTotal:        4016004 kB
MemFree:         3211600 kB
Active:           449812 kB
Mem:          3.8G       785M       3.1G       5.7M        54M       327M

MemTotal:        4016004 kB
MemFree:         3212112 kB
Active:           449768 kB
Mem:          3.8G       785M       3.1G       5.7M        54M       327M

MemTotal:        4016004 kB
MemFree:         3212360 kB
Active:           449784 kB
Mem:          3.8G       785M       3.1G       5.7M        54M       327M

MemTotal:        4016004 kB
MemFree:         3212112 kB
Active:           449756 kB
Mem:          3.8G       785M       3.1G       5.7M        54M       327M

MemTotal:        4016004 kB
MemFree:         3212236 kB
Active:           449784 kB
Mem:          3.8G       784M       3.1G       5.7M        54M       327M

MemTotal:        4016004 kB
MemFree:         3212236 kB
Active:           449808 kB
Mem:          3.8G       784M       3.1G       5.7M        54M       327M

MemTotal:        4016004 kB
MemFree:         3212332 kB
Active:           449788 kB
Mem:          3.8G       784M       3.1G       5.7M        54M       327M

MemTotal:        4016004 kB
MemFree:         3212084 kB
Active:           449800 kB
Mem:          3.8G       785M       3.1G       5.7M        54M       327M

MemTotal:        4016004 kB
MemFree:         3211836 kB
Active:           449820 kB
Mem:          3.8G       785M       3.1G       5.7M        54M       327M

MemTotal:        4016004 kB
MemFree:         3212208 kB
Active:           449804 kB
Mem:          3.8G       785M       3.1G       5.7M        54M       327M

MemTotal:        4016004 kB
MemFree:         3211704 kB
Active:           447772 kB
Mem:          3.8G       785M       3.1G       5.7M        54M       327M

MemTotal:        4016004 kB
MemFree:         3212060 kB
Active:           449816 kB
Mem:          3.8G       785M       3.1G       5.7M        54M       327M

MemTotal:        4016004 kB
MemFree:         3212044 kB
Active:           449768 kB
Mem:          3.8G       785M       3.1G       5.7M        54M       327M

MemTotal:        4016004 kB
MemFree:         3211904 kB
Active:           449776 kB
Mem:          3.8G       785M       3.1G       5.7M        54M       327M

MemTotal:        4016004 kB
MemFree:         3211640 kB
Active:           449836 kB
Mem:          3.8G       785M       3.1G       5.7M        54M       327M

MemTotal:        4016004 kB
MemFree:         3211996 kB
Active:           449784 kB
Mem:          3.8G       785M       3.1G       5.7M        54M       327M

MemTotal:        4016004 kB
MemFree:         3211608 kB
Active:           449836 kB
Mem:          3.8G       785M       3.1G       5.7M        54M       327M

MemTotal:        4016004 kB
MemFree:         3211376 kB
Active:           449836 kB
Mem:          3.8G       785M       3.1G       5.7M        54M       327M

MemTotal:        4016004 kB
MemFree:         3211748 kB
Active:           449788 kB
Mem:          3.8G       785M       3.1G       5.7M        54M       327M

MemTotal:        4016004 kB
MemFree:         3212120 kB
Active:           449792 kB
Mem:          3.8G       785M       3.1G       5.7M        54M       327M

MemTotal:        4016004 kB
MemFree:         3211808 kB
Active:           447760 kB
Mem:          3.8G       785M       3.1G       5.7M        54M       327M

MemTotal:        4016004 kB
MemFree:         3212056 kB
Active:           449804 kB
Mem:          3.8G       785M       3.1G       5.7M        54M       327M

MemTotal:        4016004 kB
MemFree:         3211932 kB
Active:           449808 kB
Mem:          3.8G       785M       3.1G       5.7M        54M       327M

MemTotal:        4016004 kB
MemFree:         3211684 kB
Active:           449860 kB
Mem:          3.8G       785M       3.1G       5.7M        54M       327M

MemTotal:        4016004 kB
MemFree:         3212056 kB
Active:           449820 kB
Mem:          3.8G       785M       3.1G       5.7M        54M       327M

MemTotal:        4016004 kB
MemFree:         3212120 kB
Active:           449832 kB
Mem:          3.8G       785M       3.1G       5.7M        55M       327M

MemTotal:        4016004 kB
MemFree:         3211748 kB
Active:           449872 kB
Mem:          3.8G       785M       3.1G       5.7M        55M       327M

MemTotal:        4016004 kB
MemFree:         3211624 kB
Active:           449864 kB
Mem:          3.8G       785M       3.1G       5.7M        55M       327M

MemTotal:        4016004 kB
MemFree:         3211748 kB
Active:           449868 kB
Mem:          3.8G       785M       3.1G       5.7M        55M       327M

MemTotal:        4016004 kB
MemFree:         3211748 kB
Active:           449832 kB
Mem:          3.8G       785M       3.1G       5.7M        55M       327M

MemTotal:        4016004 kB
MemFree:         3211592 kB
Active:           449872 kB
Mem:          3.8G       785M       3.1G       5.7M        55M       327M

MemTotal:        4016004 kB
MemFree:         3211376 kB
Active:           449880 kB
Mem:          3.8G       785M       3.1G       5.7M        55M       327M

MemTotal:        4016004 kB
MemFree:         3211252 kB
Active:           449880 kB
Mem:          3.8G       786M       3.1G       5.7M        55M       327M

MemTotal:        4016004 kB
MemFree:         3211748 kB
Active:           449868 kB
Mem:          3.8G       785M       3.1G       5.7M        55M       327M

MemTotal:        4016004 kB
MemFree:         3211500 kB
Active:           449864 kB
Mem:          3.8G       785M       3.1G       5.7M        55M       327M

MemTotal:        4016004 kB
MemFree:         3211136 kB
Active:           449892 kB
Mem:          3.8G       785M       3.1G       5.7M        55M       327M

MemTotal:        4016004 kB
MemFree:         3211508 kB
Active:           449880 kB
Mem:          3.8G       785M       3.1G       5.7M        55M       327M

MemTotal:        4016004 kB
MemFree:         3211492 kB
Active:           449892 kB
Mem:          3.8G       785M       3.1G       5.7M        55M       327M

MemTotal:        4016004 kB
MemFree:         3211104 kB
Active:           449912 kB
Mem:          3.8G       785M       3.1G       5.7M        55M       327M

MemTotal:        4016004 kB
MemFree:         3211616 kB
Active:           449860 kB
Mem:          3.8G       785M       3.1G       5.7M        55M       327M

MemTotal:        4016004 kB
MemFree:         3211512 kB
Active:           449880 kB
Mem:          3.8G       785M       3.1G       5.7M        55M       327M

MemTotal:        4016004 kB
MemFree:         3211760 kB
Active:           449924 kB
Mem:          3.8G       785M       3.1G       5.7M        55M       327M

MemTotal:        4016004 kB
MemFree:         3211636 kB
Active:           449908 kB
Mem:          3.8G       785M       3.1G       5.7M        55M       327M

MemTotal:        4016004 kB
MemFree:         3211868 kB
Active:           449880 kB
Mem:          3.8G       785M       3.1G       5.7M        55M       327M

MemTotal:        4016004 kB
MemFree:         3211528 kB
Active:           449936 kB
Mem:          3.8G       785M       3.1G       5.7M        55M       327M

MemTotal:        4016004 kB
MemFree:         3211280 kB
Active:           449936 kB
Mem:          3.8G       785M       3.1G       5.7M        55M       327M

MemTotal:        4016004 kB
MemFree:         3211776 kB
Active:           449920 kB
Mem:          3.8G       785M       3.1G       5.7M        55M       327M

MemTotal:        4016004 kB
MemFree:         3211512 kB
Active:           449936 kB
Mem:          3.8G       785M       3.1G       5.7M        55M       327M

MemTotal:        4016004 kB
MemFree:         3211496 kB
Active:           449916 kB
Mem:          3.8G       785M       3.1G       5.7M        55M       327M

MemTotal:        4016004 kB
MemFree:         3211480 kB
Active:           449900 kB
Mem:          3.8G       785M       3.1G       5.7M        55M       327M

MemTotal:        4016004 kB
MemFree:         3211708 kB
Active:           447864 kB
Mem:          3.8G       785M       3.1G       5.7M        55M       327M

MemTotal:        4016004 kB
MemFree:         3211692 kB
Active:           449944 kB
Mem:          3.8G       785M       3.1G       5.7M        55M       327M

MemTotal:        4016004 kB
MemFree:         3211676 kB
Active:           449920 kB
Mem:          3.8G       785M       3.1G       5.7M        55M       327M

MemTotal:        4016004 kB
MemFree:         3211288 kB
Active:           449944 kB
Mem:          3.8G       785M       3.1G       5.7M        55M       327M

MemTotal:        4016004 kB
MemFree:         3211660 kB
Active:           449944 kB
Mem:          3.8G       785M       3.1G       5.7M        55M       327M

MemTotal:        4016004 kB
MemFree:         3211428 kB
Active:           449952 kB
Mem:          3.8G       785M       3.1G       5.7M        55M       327M

MemTotal:        4016004 kB
MemFree:         3211552 kB
Active:           449932 kB
Mem:          3.8G       785M       3.1G       5.7M        55M       327M

MemTotal:        4016004 kB
MemFree:         3211552 kB
Active:           449896 kB
Mem:          3.8G       785M       3.1G       5.7M        55M       327M

MemTotal:        4016004 kB
MemFree:         3211552 kB
Active:           449956 kB
Mem:          3.8G       785M       3.1G       5.7M        55M       327M

MemTotal:        4016004 kB
MemFree:         3211676 kB
Active:           449948 kB
Mem:          3.8G       785M       3.1G       5.7M        55M       327M

MemTotal:        4016004 kB
MemFree:         3211180 kB
Active:           449956 kB
Mem:          3.8G       785M       3.1G       5.7M        55M       327M

MemTotal:        4016004 kB
MemFree:         3211676 kB
Active:           449956 kB
Mem:          3.8G       785M       3.1G       5.7M        55M       327M

MemTotal:        4016004 kB
MemFree:         3211304 kB
Active:           449964 kB
Mem:          3.8G       785M       3.1G       5.7M        55M       327M

MemTotal:        4016004 kB
MemFree:         3211552 kB
Active:           449952 kB
Mem:          3.8G       785M       3.1G       5.7M        55M       327M

MemTotal:        4016004 kB
MemFree:         3212052 kB
Active:           449960 kB
Mem:          3.8G       785M       3.1G       5.7M        55M       327M

MemTotal:        4016004 kB
MemFree:         3211804 kB
Active:           449960 kB
Mem:          3.8G       785M       3.1G       5.7M        55M       327M

MemTotal:        4016004 kB
MemFree:         3211416 kB
Active:           449964 kB
Mem:          3.8G       785M       3.1G       5.7M        55M       327M

MemTotal:        4016004 kB
MemFree:         3211416 kB
Active:           449928 kB
Mem:          3.8G       785M       3.1G       5.7M        55M       327M

MemTotal:        4016004 kB
MemFree:         3211524 kB
Active:           449924 kB
Mem:          3.8G       785M       3.1G       5.7M        55M       327M

MemTotal:        4016004 kB
MemFree:         3211508 kB
Active:           449920 kB
Mem:          3.8G       785M       3.1G       5.7M        55M       327M

MemTotal:        4016004 kB
MemFree:         3211232 kB
Active:           447968 kB
Mem:          3.8G       785M       3.1G       5.7M        55M       327M

MemTotal:        4016004 kB
MemFree:         3211340 kB
Active:           450024 kB
Mem:          3.8G       785M       3.1G       5.7M        55M       327M

MemTotal:        4016004 kB
MemFree:         3211340 kB
Active:           450032 kB
Mem:          3.8G       785M       3.1G       5.7M        55M       327M

MemTotal:        4016004 kB
MemFree:         3210968 kB
Active:           450072 kB
Mem:          3.8G       785M       3.1G       5.7M        55M       327M

MemTotal:        4016004 kB
MemFree:         3210968 kB
Active:           450072 kB
Mem:          3.8G       786M       3.1G       5.7M        55M       327M

MemTotal:        4016004 kB
MemFree:         3211340 kB
Active:           450072 kB
Mem:          3.8G       785M       3.1G       5.7M        55M       327M

MemTotal:        4016004 kB
MemFree:         3211340 kB
Active:           450028 kB
Mem:          3.8G       785M       3.1G       5.7M        55M       327M

MemTotal:        4016004 kB
MemFree:         3211340 kB
Active:           450084 kB
Mem:          3.8G       785M       3.1G       5.7M        55M       327M

MemTotal:        4016004 kB
MemFree:         3211388 kB
Active:           450040 kB
Mem:          3.8G       785M       3.1G       5.7M        55M       327M

MemTotal:        4016004 kB
MemFree:         3211140 kB
Active:           450084 kB
Mem:          3.8G       785M       3.1G       5.7M        55M       327M

MemTotal:        4016004 kB
MemFree:         3211320 kB
Active:           447988 kB
Mem:          3.8G       785M       3.1G       5.7M        55M       327M

MemTotal:        4016004 kB
MemFree:         3211444 kB
Active:           450064 kB
Mem:          3.8G       785M       3.1G       5.7M        55M       327M

MemTotal:        4016004 kB
MemFree:         3211304 kB
Active:           450072 kB
Mem:          3.8G       785M       3.1G       5.7M        55M       327M

MemTotal:        4016004 kB
MemFree:         3211536 kB
Active:           450092 kB
Mem:          3.8G       785M       3.1G       5.7M        55M       327M

MemTotal:        4016004 kB
MemFree:         3211428 kB
Active:           450092 kB
Mem:          3.8G       785M       3.1G       5.7M        55M       327M

MemTotal:        4016004 kB
MemFree:         3211552 kB
Active:           450084 kB
Mem:          3.8G       785M       3.1G       5.7M        55M       327M

MemTotal:        4016004 kB
MemFree:         3211024 kB
Active:           450396 kB
Mem:          3.8G       786M       3.1G       5.7M        55M       327M

MemTotal:        4016004 kB
MemFree:         3172376 kB
Active:           451072 kB
Mem:          3.8G       824M       3.0G       5.7M        55M       365M

MemTotal:        4016004 kB
MemFree:         3128648 kB
Active:           451120 kB
Mem:          3.8G       866M       3.0G       5.7M        55M       407M

MemTotal:        4016004 kB
MemFree:         3084888 kB
Active:           451136 kB
Mem:          3.8G       909M       2.9G       5.7M        55M       449M

MemTotal:        4016004 kB
MemFree:         3042400 kB
Active:           451164 kB
Mem:          3.8G       951M       2.9G       5.7M        55M       490M

MemTotal:        4016004 kB
MemFree:         2998160 kB
Active:           451188 kB
Mem:          3.8G       994M       2.9G       5.7M        55M       533M

MemTotal:        4016004 kB
MemFree:         2954540 kB
Active:           451212 kB
Mem:          3.8G       1.0G       2.8G       5.7M        55M       574M

MemTotal:        4016004 kB
MemFree:         2912780 kB
Active:           451236 kB
Mem:          3.8G       1.1G       2.8G       5.7M        55M       614M

MemTotal:        4016004 kB
MemFree:         2869904 kB
Active:           451256 kB
Mem:          3.8G       1.1G       2.7G       5.7M        55M       655M

MemTotal:        4016004 kB
MemFree:         2826516 kB
Active:           451280 kB
Mem:          3.8G       1.1G       2.7G       5.7M        55M       697M

MemTotal:        4016004 kB
MemFree:         2784028 kB
Active:           451300 kB
Mem:          3.8G       1.2G       2.7G       5.7M        55M       739M

MemTotal:        4016004 kB
MemFree:         2740780 kB
Active:           451336 kB
Mem:          3.8G       1.2G       2.6G       5.7M        55M       779M

MemTotal:        4016004 kB
MemFree:         2696856 kB
Active:           451360 kB
Mem:          3.8G       1.3G       2.6G       5.7M        55M       821M

MemTotal:        4016004 kB
MemFree:         2654388 kB
Active:           451384 kB
Mem:          3.8G       1.3G       2.5G       5.7M        55M       862M

MemTotal:        4016004 kB
MemFree:         2612628 kB
Active:           451404 kB
Mem:          3.8G       1.3G       2.5G       5.7M        55M       902M

MemTotal:        4016004 kB
MemFree:         2569668 kB
Active:           451428 kB
Mem:          3.8G       1.4G       2.5G       5.7M        55M       943M

MemTotal:        4016004 kB
MemFree:         2529212 kB
Active:           451396 kB
Mem:          3.8G       1.4G       2.4G       5.7M        55M       983M

MemTotal:        4016004 kB
MemFree:         2488116 kB
Active:           451484 kB
Mem:          3.8G       1.5G       2.4G       5.7M        55M       1.0G

MemTotal:        4016004 kB
MemFree:         2446204 kB
Active:           451504 kB
Mem:          3.8G       1.5G       2.3G       5.7M        55M       1.0G

MemTotal:        4016004 kB
MemFree:         2402088 kB
Active:           451544 kB
Mem:          3.8G       1.5G       2.3G       5.7M        55M       1.1G

MemTotal:        4016004 kB
MemFree:         2359944 kB
Active:           451568 kB
Mem:          3.8G       1.6G       2.3G       5.7M        55M       1.1G

MemTotal:        4016004 kB
MemFree:         2316856 kB
Active:           451592 kB
Mem:          3.8G       1.6G       2.2G       5.7M        55M       1.2G

MemTotal:        4016004 kB
MemFree:         2272864 kB
Active:           451616 kB
Mem:          3.8G       1.7G       2.2G       5.7M        55M       1.2G

MemTotal:        4016004 kB
MemFree:         2229832 kB
Active:           451640 kB
Mem:          3.8G       1.7G       2.1G       5.7M        55M       1.2G

MemTotal:        4016004 kB
MemFree:         2186636 kB
Active:           451660 kB
Mem:          3.8G       1.7G       2.1G       5.7M        55M       1.3G

MemTotal:        4016004 kB
MemFree:         2142412 kB
Active:           451684 kB
Mem:          3.8G       1.8G       2.0G       5.7M        55M       1.3G

MemTotal:        4016004 kB
MemFree:         2100884 kB
Active:           451704 kB
Mem:          3.8G       1.8G       2.0G       5.7M        55M       1.4G

MemTotal:        4016004 kB
MemFree:         2057460 kB
Active:           451736 kB
Mem:          3.8G       1.9G       2.0G       5.7M        55M       1.4G

MemTotal:        4016004 kB
MemFree:         2014124 kB
Active:           451768 kB
Mem:          3.8G       1.9G       1.9G       5.7M        55M       1.4G

MemTotal:        4016004 kB
MemFree:         1971036 kB
Active:           451788 kB
Mem:          3.8G       2.0G       1.9G       5.7M        55M       1.5G

MemTotal:        4016004 kB
MemFree:         1927308 kB
Active:           451808 kB
Mem:          3.8G       2.0G       1.8G       5.7M        55M       1.5G

MemTotal:        4016004 kB
MemFree:         1884488 kB
Active:           451840 kB
Mem:          3.8G       2.0G       1.8G       5.7M        55M       1.6G

MemTotal:        4016004 kB
MemFree:         1855176 kB
Active:           451868 kB
Mem:          3.8G       2.1G       1.8G       5.7M        55M       1.6G

MemTotal:        4016004 kB
MemFree:         1812088 kB
Active:           451888 kB
Mem:          3.8G       2.1G       1.7G       5.7M        55M       1.6G

MemTotal:        4016004 kB
MemFree:         1768648 kB
Active:           451912 kB
Mem:          3.8G       2.1G       1.7G       5.7M        55M       1.7G

MemTotal:        4016004 kB
MemFree:         1725176 kB
Active:           451936 kB
Mem:          3.8G       2.2G       1.6G       5.7M        55M       1.7G

MemTotal:        4016004 kB
MemFree:         1681388 kB
Active:           451960 kB
Mem:          3.8G       2.2G       1.6G       5.7M        55M       1.8G

MemTotal:        4016004 kB
MemFree:         1640036 kB
Active:           451984 kB
Mem:          3.8G       2.3G       1.6G       5.7M        55M       1.8G

MemTotal:        4016004 kB
MemFree:         1596416 kB
Active:           452016 kB
Mem:          3.8G       2.3G       1.5G       5.7M        55M       1.8G

MemTotal:        4016004 kB
MemFree:         1553044 kB
Active:           452036 kB
Mem:          3.8G       2.3G       1.5G       5.7M        55M       1.9G

MemTotal:        4016004 kB
MemFree:         1511656 kB
Active:           452056 kB
Mem:          3.8G       2.4G       1.4G       5.7M        55M       1.9G

MemTotal:        4016004 kB
MemFree:         1468532 kB
Active:           452080 kB
Mem:          3.8G       2.4G       1.4G       5.7M        55M       2.0G

MemTotal:        4016004 kB
MemFree:         1425408 kB
Active:           452048 kB
Mem:          3.8G       2.5G       1.4G       5.7M        56M       2.0G

MemTotal:        4016004 kB
MemFree:         1380952 kB
Active:           452136 kB
Mem:          3.8G       2.5G       1.3G       5.7M        56M       2.0G

MemTotal:        4016004 kB
MemFree:         1338192 kB
Active:           452160 kB
Mem:          3.8G       2.6G       1.3G       5.7M        56M       2.1G

MemTotal:        4016004 kB
MemFree:         1294132 kB
Active:           452188 kB
Mem:          3.8G       2.6G       1.2G       5.7M        56M       2.1G

MemTotal:        4016004 kB
MemFree:         1250576 kB
Active:           452208 kB
Mem:          3.8G       2.6G       1.2G       5.7M        56M       2.2G

MemTotal:        4016004 kB
MemFree:         1208096 kB
Active:           452236 kB
Mem:          3.8G       2.7G       1.2G       5.7M        56M       2.2G

MemTotal:        4016004 kB
MemFree:         1165904 kB
Active:           452260 kB
Mem:          3.8G       2.7G       1.1G       5.7M        56M       2.2G

MemTotal:        4016004 kB
MemFree:         1123556 kB
Active:           452296 kB
Mem:          3.8G       2.8G       1.1G       5.7M        56M       2.3G

MemTotal:        4016004 kB
MemFree:         1080836 kB
Active:           452320 kB
Mem:          3.8G       2.8G       1.0G       5.7M        56M       2.3G

MemTotal:        4016004 kB
MemFree:         1036828 kB
Active:           452364 kB
Mem:          3.8G       2.8G       1.0G       5.7M        56M       2.4G

MemTotal:        4016004 kB
MemFree:          992836 kB
Active:           452388 kB
Mem:          3.8G       2.9G       969M       5.7M        56M       2.4G

MemTotal:        4016004 kB
MemFree:          949220 kB
Active:           452412 kB
Mem:          3.8G       2.9G       926M       5.7M        56M       2.4G

MemTotal:        4016004 kB
MemFree:          907808 kB
Active:           452440 kB
Mem:          3.8G       3.0G       886M       5.7M        56M       2.5G

MemTotal:        4016004 kB
MemFree:          865244 kB
Active:           452460 kB
Mem:          3.8G       3.0G       844M       5.7M        56M       2.5G

MemTotal:        4016004 kB
MemFree:          823608 kB
Active:           452476 kB
Mem:          3.8G       3.0G       802M       5.7M        56M       2.6G

MemTotal:        4016004 kB
MemFree:          778112 kB
Active:           452504 kB
Mem:          3.8G       3.1G       759M       5.7M        56M       2.6G

MemTotal:        4016004 kB
MemFree:          736244 kB
Active:           452536 kB
Mem:          3.8G       3.1G       718M       5.7M        56M       2.6G

MemTotal:        4016004 kB
MemFree:          693472 kB
Active:           452556 kB
Mem:          3.8G       3.2G       676M       5.7M        56M       2.7G

MemTotal:        4016004 kB
MemFree:          650792 kB
Active:           452588 kB
Mem:          3.8G       3.2G       635M       5.7M        56M       2.7G

MemTotal:        4016004 kB
MemFree:          607264 kB
Active:           452608 kB
Mem:          3.8G       3.3G       592M       5.7M        56M       2.8G

MemTotal:        4016004 kB
MemFree:          564420 kB
Active:           452600 kB
Mem:          3.8G       3.3G       550M       5.7M        56M       2.8G

MemTotal:        4016004 kB
MemFree:          522044 kB
Active:           452656 kB
Mem:          3.8G       3.3G       509M       5.7M        56M       2.8G

MemTotal:        4016004 kB
MemFree:          478712 kB
Active:           452692 kB
Mem:          3.8G       3.4G       467M       5.7M        56M       2.9G

MemTotal:        4016004 kB
MemFree:          435952 kB
Active:           452712 kB
Mem:          3.8G       3.4G       425M       5.7M        56M       2.9G

MemTotal:        4016004 kB
MemFree:          393144 kB
Active:           452732 kB
Mem:          3.8G       3.5G       383M       5.7M        56M       3.0G

MemTotal:        4016004 kB
MemFree:          351184 kB
Active:           452764 kB
Mem:          3.8G       3.5G       342M       5.7M        56M       3.0G

MemTotal:        4016004 kB
MemFree:          308424 kB
Active:           452784 kB
Mem:          3.8G       3.5G       300M       5.7M        56M       3.0G

MemTotal:        4016004 kB
MemFree:          265672 kB
Active:           452808 kB
Mem:          3.8G       3.6G       258M       5.7M        56M       3.1G

MemTotal:        4016004 kB
MemFree:          223788 kB
Active:           452832 kB
Mem:          3.8G       3.6G       218M       5.7M        56M       3.1G

MemTotal:        4016004 kB
MemFree:          179656 kB
Active:           452852 kB
Mem:          3.8G       3.7G       175M       5.7M        56M       3.2G

MemTotal:        4016004 kB
MemFree:          137252 kB
Active:           452880 kB
Mem:          3.8G       3.7G       132M       5.7M        56M       3.2G

MemTotal:        4016004 kB
MemFree:          145412 kB
Active:           456376 kB
Mem:          3.8G       3.7G       141M       5.7M        23M       3.2G

MemTotal:        4016004 kB
MemFree:          139612 kB
Active:           466524 kB
Mem:          3.8G       3.7G       117M       5.7M        23M       3.3G

MemTotal:        4016004 kB
MemFree:          119012 kB
Active:           507000 kB
Mem:          3.8G       3.7G       116M       5.7M        23M       3.3G

MemTotal:        4016004 kB
MemFree:          118480 kB
Active:           512560 kB
Mem:          3.8G       3.7G       115M       5.7M        23M       3.3G

MemTotal:        4016004 kB
MemFree:          110808 kB
Active:           508388 kB
Mem:          3.8G       3.7G       104M       5.7M        23M       3.3G

MemTotal:        4016004 kB
MemFree:          114308 kB
Active:           501776 kB
Mem:          3.8G       3.7G       111M       5.7M        23M       3.3G

MemTotal:        4016004 kB
MemFree:          107356 kB
Active:           496432 kB
Mem:          3.8G       3.7G       104M       5.7M        23M       3.3G

MemTotal:        4016004 kB
MemFree:          124192 kB
Active:           491208 kB
Mem:          3.8G       3.7G       121M       5.7M        23M       3.2G

MemTotal:        4016004 kB
MemFree:          119120 kB
Active:           486236 kB
Mem:          3.8G       3.7G       124M       5.7M        23M       3.2G

MemTotal:        4016004 kB
MemFree:          124216 kB
Active:           482428 kB
Mem:          3.8G       3.7G       119M       5.7M        23M       3.3G

MemTotal:        4016004 kB
MemFree:          116304 kB
Active:           479020 kB
Mem:          3.8G       3.7G       113M       5.7M        23M       3.3G

MemTotal:        4016004 kB
MemFree:          115132 kB
Active:           474236 kB
Mem:          3.8G       3.7G       112M       5.7M        23M       3.3G

MemTotal:        4016004 kB
MemFree:          107504 kB
Active:           470980 kB
Mem:          3.8G       3.7G       104M       5.7M        23M       3.3G

MemTotal:        4016004 kB
MemFree:          120428 kB
Active:           464860 kB
Mem:          3.8G       3.7G       116M       5.7M        23M       3.3G

MemTotal:        4016004 kB
MemFree:          111948 kB
Active:           462332 kB
Mem:          3.8G       3.7G       108M       5.7M        23M       3.3G

MemTotal:        4016004 kB
MemFree:          106572 kB
Active:           461196 kB
Mem:          3.8G       3.7G       103M       5.7M        23M       3.3G

MemTotal:        4016004 kB
MemFree:          114396 kB
Active:           459176 kB
Mem:          3.8G       3.7G       111M       5.7M        23M       3.3G

MemTotal:        4016004 kB
MemFree:          119696 kB
Active:           455464 kB
Mem:          3.8G       3.7G       116M       5.7M        23M       3.3G

MemTotal:        4016004 kB
MemFree:          112736 kB
Active:           454456 kB
Mem:          3.8G       3.7G       109M       5.7M        23M       3.3G

MemTotal:        4016004 kB
MemFree:          106400 kB
Active:           453336 kB
Mem:          3.8G       3.7G       102M       5.7M        23M       3.3G

MemTotal:        4016004 kB
MemFree:          134364 kB
Active:           453100 kB
Mem:          3.8G       3.7G       131M       5.7M        23M       3.2G

MemTotal:        4016004 kB
MemFree:          128160 kB
Active:           451948 kB
Mem:          3.8G       3.7G       124M       5.7M        23M       3.2G

MemTotal:        4016004 kB
MemFree:          120516 kB
Active:           450820 kB
Mem:          3.8G       3.7G       117M       5.7M        23M       3.3G

MemTotal:        4016004 kB
MemFree:          125116 kB
Active:           445028 kB
Mem:          3.8G       3.7G       121M       5.7M        23M       3.2G

MemTotal:        4016004 kB
MemFree:          135620 kB
Active:           440908 kB
Mem:          3.8G       3.7G       132M       5.7M        23M       3.2G

MemTotal:        4016004 kB
MemFree:          128932 kB
Active:           439916 kB
Mem:          3.8G       3.7G       125M       5.7M        23M       3.2G

MemTotal:        4016004 kB
MemFree:          121248 kB
Active:           438784 kB
Mem:          3.8G       3.7G       118M       5.7M        23M       3.2G

MemTotal:        4016004 kB
MemFree:          132580 kB
Active:           434816 kB
Mem:          3.8G       3.7G       129M       5.7M        23M       3.2G

MemTotal:        4016004 kB
MemFree:          126304 kB
Active:           433684 kB
Mem:          3.8G       3.7G       122M       5.7M        23M       3.2G

MemTotal:        4016004 kB
MemFree:          119192 kB
Active:           432560 kB
Mem:          3.8G       3.7G       115M       5.7M        23M       3.3G

MemTotal:        4016004 kB
MemFree:          112852 kB
Active:           431432 kB
Mem:          3.8G       3.7G       109M       5.7M        23M       3.3G

MemTotal:        4016004 kB
MemFree:          105852 kB
Active:           430300 kB
Mem:          3.8G       3.7G       103M       5.7M        23M       3.3G

MemTotal:        4016004 kB
MemFree:          135072 kB
Active:           428028 kB
Mem:          3.8G       3.7G       131M       5.7M        23M       3.2G

MemTotal:        4016004 kB
MemFree:          140860 kB
Active:           424228 kB
Mem:          3.8G       3.7G       137M       5.7M        23M       3.2G

MemTotal:        4016004 kB
MemFree:          134948 kB
Active:           422968 kB
Mem:          3.8G       3.7G       131M       5.7M        24M       3.2G

MemTotal:        4016004 kB
MemFree:          128692 kB
Active:           421836 kB
Mem:          3.8G       3.7G       124M       5.7M        24M       3.2G

MemTotal:        4016004 kB
MemFree:          115700 kB
Active:           420704 kB
Mem:          3.8G       3.7G       112M       5.7M        24M       3.3G

MemTotal:        4016004 kB
MemFree:          109788 kB
Active:           419720 kB
Mem:          3.8G       3.7G       106M       5.7M        24M       3.3G

MemTotal:        4016004 kB
MemFree:          126456 kB
Active:           418088 kB
Mem:          3.8G       3.7G       123M       5.7M        24M       3.2G

MemTotal:        4016004 kB
MemFree:          106944 kB
Active:           417296 kB
Mem:          3.8G       3.7G       104M       5.7M        24M       3.3G

MemTotal:        4016004 kB
MemFree:          110052 kB
Active:           417740 kB
Mem:          3.8G       3.7G       106M       5.7M        24M       3.3G

MemTotal:        4016004 kB
MemFree:          128140 kB
Active:           416084 kB
Mem:          3.8G       3.7G       125M       5.7M        24M       3.2G

MemTotal:        4016004 kB
MemFree:          128420 kB
Active:           414316 kB
Mem:          3.8G       3.7G       125M       5.7M        24M       3.2G

MemTotal:        4016004 kB
MemFree:          121252 kB
Active:           413312 kB
Mem:          3.8G       3.7G       117M       5.7M        24M       3.2G

MemTotal:        4016004 kB
MemFree:          114740 kB
Active:           412196 kB
Mem:          3.8G       3.7G       111M       5.7M        24M       3.3G

MemTotal:        4016004 kB
MemFree:          119444 kB
Active:           410308 kB
Mem:          3.8G       3.7G       115M       5.7M        24M       3.2G

MemTotal:        4016004 kB
MemFree:          127540 kB
Active:           409692 kB
Mem:          3.8G       3.7G       124M       5.7M        24M       3.2G

MemTotal:        4016004 kB
MemFree:          129084 kB
Active:           408636 kB
Mem:          3.8G       3.7G       125M       5.7M        24M       3.2G

MemTotal:        4016004 kB
MemFree:          122340 kB
Active:           407424 kB
Mem:          3.8G       3.7G       118M       5.7M        24M       3.2G

MemTotal:        4016004 kB
MemFree:          132536 kB
Active:           403484 kB
Mem:          3.8G       3.7G       128M       5.7M        24M       3.2G

MemTotal:        4016004 kB
MemFree:          123916 kB
Active:           402332 kB
Mem:          3.8G       3.7G       120M       5.7M        24M       3.2G

MemTotal:        4016004 kB
MemFree:          111404 kB
Active:           401204 kB
Mem:          3.8G       3.7G       108M       5.7M        24M       3.3G

MemTotal:        4016004 kB
MemFree:          134196 kB
Active:           399092 kB
Mem:          3.8G       3.7G       130M       5.7M        24M       3.2G

MemTotal:        4016004 kB
MemFree:          126284 kB
Active:           398028 kB
Mem:          3.8G       3.7G       122M       5.7M        24M       3.2G

MemTotal:        4016004 kB
MemFree:          108920 kB
Active:           397472 kB
Mem:          3.8G       3.7G       105M       5.7M        24M       3.3G

MemTotal:        4016004 kB
MemFree:          123748 kB
Active:           395512 kB
Mem:          3.8G       3.7G       120M       5.7M        24M       3.2G

MemTotal:        4016004 kB
MemFree:          130164 kB
Active:           394040 kB
Mem:          3.8G       3.7G       126M       5.7M        24M       3.2G

MemTotal:        4016004 kB
MemFree:          110872 kB
Active:           393400 kB
Mem:          3.8G       3.7G       107M       5.7M        24M       3.3G

MemTotal:        4016004 kB
MemFree:          127648 kB
Active:           389512 kB
Mem:          3.8G       3.7G       124M       5.7M        24M       3.2G

MemTotal:        4016004 kB
MemFree:          126848 kB
Active:           389600 kB
Mem:          3.8G       3.7G       123M       5.7M        24M       3.2G

MemTotal:        4016004 kB
MemFree:          131896 kB
Active:           389620 kB
Mem:          3.8G       3.7G       128M       5.7M        24M       3.2G

MemTotal:        4016004 kB
MemFree:          118840 kB
Active:           389628 kB
Mem:          3.8G       3.7G       115M       5.7M        24M       3.2G

MemTotal:        4016004 kB
MemFree:          113372 kB
Active:           389524 kB
Mem:          3.8G       3.7G       110M       5.7M        24M       3.3G

MemTotal:        4016004 kB
MemFree:          106084 kB
Active:           389548 kB
Mem:          3.8G       3.7G       103M       5.7M        24M       3.3G

MemTotal:        4016004 kB
MemFree:          123484 kB
Active:           389648 kB
Mem:          3.8G       3.7G       130M       5.7M        24M       3.2G

MemTotal:        4016004 kB
MemFree:          152528 kB
Active:           389584 kB
Mem:          3.8G       3.7G       148M       5.7M        24M       3.2G

MemTotal:        4016004 kB
MemFree:          109844 kB
Active:           389680 kB
Mem:          3.8G       3.7G       106M       5.7M        24M       3.3G

MemTotal:        4016004 kB
MemFree:          126880 kB
Active:           389548 kB
Mem:          3.8G       3.7G       122M       5.7M        24M       3.2G

MemTotal:        4016004 kB
MemFree:          131368 kB
Active:           389592 kB
Mem:          3.8G       3.7G       127M       5.7M        24M       3.2G

MemTotal:        4016004 kB
MemFree:          123628 kB
Active:           389480 kB
Mem:          3.8G       3.7G       120M       5.7M        24M       3.2G

MemTotal:        4016004 kB
MemFree:          106120 kB
Active:           389496 kB
Mem:          3.8G       3.7G       102M       5.7M        24M       3.3G

MemTotal:        4016004 kB
MemFree:          143324 kB
Active:           389528 kB
Mem:          3.8G       3.7G       139M       5.7M        24M       3.2G

MemTotal:        4016004 kB
MemFree:          143208 kB
Active:           389376 kB
Mem:          3.8G       3.7G       139M       5.7M        24M       3.2G

MemTotal:        4016004 kB
MemFree:          143324 kB
Active:           389692 kB
Mem:          3.8G       3.7G       139M       5.7M        24M       3.2G

MemTotal:        4016004 kB
MemFree:          123488 kB
Active:           389604 kB
Mem:          3.8G       3.7G       119M       5.7M        24M       3.2G

MemTotal:        4016004 kB
MemFree:          118248 kB
Active:           389448 kB
Mem:          3.8G       3.7G       115M       5.7M        24M       3.2G

MemTotal:        4016004 kB
MemFree:          128584 kB
Active:           389496 kB
Mem:          3.8G       3.7G       125M       5.7M        24M       3.2G

MemTotal:        4016004 kB
MemFree:          120784 kB
Active:           389540 kB
Mem:          3.8G       3.7G       117M       5.7M        24M       3.2G

MemTotal:        4016004 kB
MemFree:          114132 kB
Active:           389632 kB
Mem:          3.8G       3.7G       110M       5.7M        24M       3.3G

MemTotal:        4016004 kB
MemFree:          123196 kB
Active:           389660 kB
Mem:          3.8G       3.7G       120M       5.7M        24M       3.2G

MemTotal:        4016004 kB
MemFree:          118032 kB
Active:           389680 kB
Mem:          3.8G       3.7G       113M       5.7M        24M       3.2G

MemTotal:        4016004 kB
MemFree:          110000 kB
Active:           389712 kB
Mem:          3.8G       3.7G       106M       5.7M        24M       3.3G

MemTotal:        4016004 kB
MemFree:          119448 kB
Active:           389532 kB
Mem:          3.8G       3.7G       116M       5.7M        25M       3.2G

MemTotal:        4016004 kB
MemFree:          113560 kB
Active:           389460 kB
Mem:          3.8G       3.7G       110M       5.7M        25M       3.3G

MemTotal:        4016004 kB
MemFree:          105916 kB
Active:           389332 kB
Mem:          3.8G       3.7G       102M       5.7M        25M       3.3G

MemTotal:        4016004 kB
MemFree:          115824 kB
Active:           389348 kB
Mem:          3.8G       3.7G       113M       5.7M        25M       3.2G

MemTotal:        4016004 kB
MemFree:          127632 kB
Active:           389088 kB
Mem:          3.8G       3.7G       124M       5.7M        25M       3.2G

MemTotal:        4016004 kB
MemFree:          133032 kB
Active:           389080 kB
Mem:          3.8G       3.7G       129M       5.7M        25M       3.2G

MemTotal:        4016004 kB
MemFree:          128248 kB
Active:           389140 kB
Mem:          3.8G       3.7G       125M       5.7M        25M       3.2G

MemTotal:        4016004 kB
MemFree:          134312 kB
Active:           389160 kB
Mem:          3.8G       3.7G       130M       5.7M        25M       3.2G

MemTotal:        4016004 kB
MemFree:          125972 kB
Active:           390552 kB
Mem:          3.8G       3.7G       123M       5.7M        25M       3.2G

MemTotal:        4016004 kB
MemFree:          131368 kB
Active:           390152 kB
Mem:          3.8G       3.7G       128M       5.7M        25M       3.2G

MemTotal:        4016004 kB
MemFree:          135612 kB
Active:           390180 kB
Mem:          3.8G       3.7G       132M       5.7M        25M       3.2G

MemTotal:        4016004 kB
MemFree:          135268 kB
Active:           390200 kB
Mem:          3.8G       3.7G       131M       5.7M        25M       3.2G

MemTotal:        4016004 kB
MemFree:          135252 kB
Active:           390164 kB
Mem:          3.8G       3.7G       132M       5.7M        25M       3.2G

MemTotal:        4016004 kB
MemFree:          112384 kB
Active:           390240 kB
Mem:          3.8G       3.7G       109M       5.7M        25M       3.3G

MemTotal:        4016004 kB
MemFree:          123216 kB
Active:           390276 kB
Mem:          3.8G       3.7G       120M       5.7M        25M       3.2G

MemTotal:        4016004 kB
MemFree:          112116 kB
Active:           390296 kB
Mem:          3.8G       3.7G       109M       5.7M        25M       3.2G

MemTotal:        4016004 kB
MemFree:          126020 kB
Active:           390308 kB
Mem:          3.8G       3.7G       122M       5.7M        25M       3.2G

MemTotal:        4016004 kB
MemFree:          109016 kB
Active:           390324 kB
Mem:          3.8G       3.7G       106M       5.7M        25M       3.3G

MemTotal:        4016004 kB
MemFree:          115000 kB
Active:           390344 kB
Mem:          3.8G       3.7G       112M       5.7M        25M       3.2G

MemTotal:        4016004 kB
MemFree:          128544 kB
Active:           385184 kB
Mem:          3.8G       3.7G       125M       5.7M        25M       3.2G

MemTotal:        4016004 kB
MemFree:          127600 kB
Active:           385216 kB
Mem:          3.8G       3.7G       124M       5.7M        25M       3.2G

MemTotal:        4016004 kB
MemFree:          135192 kB
Active:           385236 kB
Mem:          3.8G       3.7G       132M       5.7M        25M       3.2G

MemTotal:        4016004 kB
MemFree:          120356 kB
Active:           385204 kB
Mem:          3.8G       3.7G       116M       5.7M        25M       3.2G

MemTotal:        4016004 kB
MemFree:          111704 kB
Active:           385276 kB
Mem:          3.8G       3.7G       109M       5.7M        25M       3.2G

MemTotal:        4016004 kB
MemFree:          105904 kB
Active:           385296 kB
Mem:          3.8G       3.7G       103M       5.7M        25M       3.3G

MemTotal:        4016004 kB
MemFree:          113588 kB
Active:           385320 kB
Mem:          3.8G       3.7G       110M       5.7M        25M       3.2G

MemTotal:        4016004 kB
MemFree:          105836 kB
Active:           385344 kB
Mem:          3.8G       3.7G       103M       5.7M        25M       3.3G

MemTotal:        4016004 kB
MemFree:          107600 kB
Active:           383648 kB
Mem:          3.8G       3.7G       105M       5.7M        25M       3.3G

MemTotal:        4016004 kB
MemFree:          125736 kB
Active:           383696 kB
Mem:          3.8G       3.7G       122M       5.7M        25M       3.2G

MemTotal:        4016004 kB
MemFree:          121300 kB
Active:           383732 kB
Mem:          3.8G       3.7G       118M       5.7M        25M       3.2G

MemTotal:        4016004 kB
MemFree:          127072 kB
Active:           383700 kB
Mem:          3.8G       3.7G       124M       5.7M        25M       3.2G

MemTotal:        4016004 kB
MemFree:          127252 kB
Active:           383720 kB
Mem:          3.8G       3.7G       124M       5.7M        25M       3.2G

MemTotal:        4016004 kB
MemFree:          121304 kB
Active:           383796 kB
Mem:          3.8G       3.7G       118M       5.7M        25M       3.2G

MemTotal:        4016004 kB
MemFree:          135812 kB
Active:           383816 kB
Mem:          3.8G       3.7G       132M       5.7M        25M       3.2G

MemTotal:        4016004 kB
MemFree:          131780 kB
Active:           383840 kB
Mem:          3.8G       3.7G       128M       5.7M        25M       3.2G

MemTotal:        4016004 kB
MemFree:          125608 kB
Active:           383872 kB
Mem:          3.8G       3.7G       122M       5.7M        25M       3.2G

MemTotal:        4016004 kB
MemFree:          141028 kB
Active:           381608 kB
Mem:          3.8G       3.7G       137M       5.7M        25M       3.2G

MemTotal:        4016004 kB
MemFree:          134480 kB
Active:           381628 kB
Mem:          3.8G       3.7G       130M       5.7M        25M       3.2G

MemTotal:        4016004 kB
MemFree:          112600 kB
Active:           383664 kB
Mem:          3.8G       3.7G       109M       5.7M        25M       3.2G

MemTotal:        4016004 kB
MemFree:          107288 kB
Active:           381892 kB
Mem:          3.8G       3.7G       104M       5.7M        25M       3.3G

MemTotal:        4016004 kB
MemFree:          125020 kB
Active:           381864 kB
Mem:          3.8G       3.7G       121M       5.7M        25M       3.2G

MemTotal:        4016004 kB
MemFree:          127652 kB
Active:           381808 kB
Mem:          3.8G       3.7G       124M       5.7M        25M       3.2G

MemTotal:        4016004 kB
MemFree:          133260 kB
Active:           381828 kB
Mem:          3.8G       3.7G       129M       5.7M        25M       3.2G

MemTotal:        4016004 kB
MemFree:          140600 kB
Active:           381848 kB
Mem:          3.8G       3.7G       137M       5.7M        25M       3.2G

MemTotal:        4016004 kB
MemFree:          135072 kB
Active:           381864 kB
Mem:          3.8G       3.7G       131M       5.7M        25M       3.2G

MemTotal:        4016004 kB
MemFree:          129328 kB
Active:           381896 kB
Mem:          3.8G       3.7G       126M       5.7M        25M       3.2G

MemTotal:        4016004 kB
MemFree:          133328 kB
Active:           381204 kB
Mem:          3.8G       3.7G       130M       5.7M        25M       3.2G

MemTotal:        4016004 kB
MemFree:          128916 kB
Active:           381224 kB
Mem:          3.8G       3.7G       125M       5.7M        25M       3.2G

MemTotal:        4016004 kB
MemFree:          133780 kB
Active:           381244 kB
Mem:          3.8G       3.7G       130M       5.7M        26M       3.2G

MemTotal:        4016004 kB
MemFree:          128352 kB
Active:           381276 kB
Mem:          3.8G       3.7G       124M       5.7M        26M       3.2G

MemTotal:        4016004 kB
MemFree:          133096 kB
Active:           381312 kB
Mem:          3.8G       3.7G       129M       5.7M        26M       3.2G

MemTotal:        4016004 kB
MemFree:          143764 kB
Active:           381332 kB
Mem:          3.8G       3.7G       140M       5.7M        26M       3.2G

MemTotal:        4016004 kB
MemFree:          126772 kB
Active:           381332 kB
Mem:          3.8G       3.7G       124M       5.7M        26M       3.2G

MemTotal:        4016004 kB
MemFree:          115928 kB
Active:           381372 kB
Mem:          3.8G       3.7G       112M       5.7M        26M       3.2G

MemTotal:        4016004 kB
MemFree:          135304 kB
Active:           381380 kB
Mem:          3.8G       3.7G       131M       5.7M        26M       3.2G

MemTotal:        4016004 kB
MemFree:          134276 kB
Active:           381676 kB
Mem:          3.8G       3.7G       131M       5.7M        26M       3.2G

MemTotal:        4016004 kB
MemFree:          122664 kB
Active:           381412 kB
Mem:          3.8G       3.7G       119M       5.7M        26M       3.2G

MemTotal:        4016004 kB
MemFree:          111300 kB
Active:           381432 kB
Mem:          3.8G       3.7G       108M       5.7M        26M       3.2G

MemTotal:        4016004 kB
MemFree:          127684 kB
Active:           369500 kB
Mem:          3.8G       3.7G       124M       5.7M        26M       3.2G

MemTotal:        4016004 kB
MemFree:          127348 kB
Active:           369472 kB
Mem:          3.8G       3.7G       124M       5.7M        26M       3.2G

MemTotal:        4016004 kB
MemFree:          127120 kB
Active:           369492 kB
Mem:          3.8G       3.7G       124M       5.7M        26M       3.2G

MemTotal:        4016004 kB
MemFree:          113848 kB
Active:           369516 kB
Mem:          3.8G       3.7G       111M       5.7M        26M       3.2G

MemTotal:        4016004 kB
MemFree:          126132 kB
Active:           369536 kB
Mem:          3.8G       3.7G       123M       5.7M        26M       3.2G

MemTotal:        4016004 kB
MemFree:          122848 kB
Active:           369540 kB
Mem:          3.8G       3.7G       119M       5.7M        26M       3.2G

MemTotal:        4016004 kB
MemFree:          109116 kB
Active:           369588 kB
Mem:          3.8G       3.7G       106M       5.7M        26M       3.2G

MemTotal:        4016004 kB
MemFree:          127156 kB
Active:           369620 kB
Mem:          3.8G       3.7G       124M       5.7M        26M       3.2G

MemTotal:        4016004 kB
MemFree:          107744 kB
Active:           369640 kB
Mem:          3.8G       3.7G       104M       5.7M        26M       3.2G

MemTotal:        4016004 kB
MemFree:          125876 kB
Active:           369660 kB
Mem:          3.8G       3.7G       122M       5.7M        26M       3.2G

MemTotal:        4016004 kB
MemFree:          129232 kB
Active:           369684 kB
Mem:          3.8G       3.7G       125M       5.7M        26M       3.2G

MemTotal:        4016004 kB
MemFree:          125732 kB
Active:           369704 kB
Mem:          3.8G       3.7G       122M       5.7M        26M       3.2G

MemTotal:        4016004 kB
MemFree:          114504 kB
Active:           367852 kB
Mem:          3.8G       3.7G       111M       5.7M        26M       3.2G

MemTotal:        4016004 kB
MemFree:          108688 kB
Active:           367872 kB
Mem:          3.8G       3.7G       106M       5.7M        26M       3.2G

MemTotal:        4016004 kB
MemFree:          121864 kB
Active:           367892 kB
Mem:          3.8G       3.7G       118M       5.7M        26M       3.2G

MemTotal:        4016004 kB
MemFree:          116080 kB
Active:           367912 kB
Mem:          3.8G       3.7G       112M       5.7M        26M       3.2G

MemTotal:        4016004 kB
MemFree:          109660 kB
Active:           367944 kB
Mem:          3.8G       3.7G       106M       5.7M        26M       3.2G

MemTotal:        4016004 kB
MemFree:          105100 kB
Active:           367968 kB
Mem:          3.8G       3.7G       102M       5.7M        26M       3.3G

MemTotal:        4016004 kB
MemFree:          134504 kB
Active:           367860 kB
Mem:          3.8G       3.7G       131M       5.7M        26M       3.2G

MemTotal:        4016004 kB
MemFree:          127848 kB
Active:           369008 kB
Mem:          3.8G       3.7G       124M       5.7M        26M       3.2G

MemTotal:        4016004 kB
MemFree:          132428 kB
Active:           369032 kB
Mem:          3.8G       3.7G       129M       5.7M        26M       3.2G

MemTotal:        4016004 kB
MemFree:          138824 kB
Active:           369076 kB
Mem:          3.8G       3.7G       140M       5.7M        26M       3.2G

MemTotal:        4016004 kB
MemFree:          131888 kB
Active:           369092 kB
Mem:          3.8G       3.7G       127M       5.7M        26M       3.2G

MemTotal:        4016004 kB
MemFree:          125088 kB
Active:           369112 kB
Mem:          3.8G       3.7G       122M       5.7M        26M       3.2G

MemTotal:        4016004 kB
MemFree:          112884 kB
Active:           369132 kB
Mem:          3.8G       3.7G       110M       5.7M        26M       3.2G

MemTotal:        4016004 kB
MemFree:          109776 kB
Active:           365056 kB
Mem:          3.8G       3.7G       116M       5.7M        26M       3.2G

MemTotal:        4016004 kB
MemFree:          128776 kB
Active:           365088 kB
Mem:          3.8G       3.7G       126M       5.7M        26M       3.2G

MemTotal:        4016004 kB
MemFree:          117024 kB
Active:           365108 kB
Mem:          3.8G       3.7G       113M       5.7M        26M       3.2G

MemTotal:        4016004 kB
MemFree:          110604 kB
Active:           365128 kB
Mem:          3.8G       3.7G       108M       5.7M        26M       3.2G

MemTotal:        4016004 kB
MemFree:          121932 kB
Active:           365156 kB
Mem:          3.8G       3.7G       119M       5.7M        26M       3.2G

MemTotal:        4016004 kB
MemFree:          116364 kB
Active:           365184 kB
Mem:          3.8G       3.7G       113M       5.7M        26M       3.2G

MemTotal:        4016004 kB
MemFree:          112612 kB
Active:           365208 kB
Mem:          3.8G       3.7G       108M       5.7M        26M       3.2G

MemTotal:        4016004 kB
MemFree:          118328 kB
Active:           365236 kB
Mem:          3.8G       3.7G       115M       5.7M        26M       3.2G

MemTotal:        4016004 kB
MemFree:          125684 kB
Active:           365264 kB
Mem:          3.8G       3.7G       122M       5.7M        26M       3.2G

MemTotal:        4016004 kB
MemFree:          125036 kB
Active:           365264 kB
Mem:          3.8G       3.7G       121M       5.7M        26M       3.2G

MemTotal:        4016004 kB
MemFree:          119272 kB
Active:           365304 kB
Mem:          3.8G       3.7G       115M       5.7M        26M       3.2G

MemTotal:        4016004 kB
MemFree:          114296 kB
Active:           365324 kB
Mem:          3.8G       3.7G       110M       5.7M        26M       3.2G

MemTotal:        4016004 kB
MemFree:          108720 kB
Active:           365348 kB
Mem:          3.8G       3.7G       105M       5.7M        26M       3.2G

MemTotal:        4016004 kB
MemFree:          120016 kB
Active:           365372 kB
Mem:          3.8G       3.7G       116M       5.7M        26M       3.2G

MemTotal:        4016004 kB
MemFree:          113612 kB
Active:           365392 kB
Mem:          3.8G       3.7G       110M       5.7M        26M       3.2G

MemTotal:        4016004 kB
MemFree:          111224 kB
Active:           363328 kB
Mem:          3.8G       3.7G       108M       5.7M        26M       3.2G

MemTotal:        4016004 kB
MemFree:          106696 kB
Active:           363348 kB
Mem:          3.8G       3.7G       103M       5.7M        27M       3.2G

MemTotal:        4016004 kB
MemFree:          131924 kB
Active:           363364 kB
Mem:          3.8G       3.7G       133M       5.7M        27M       3.2G

MemTotal:        4016004 kB
MemFree:          108984 kB
Active:           363384 kB
Mem:          3.8G       3.7G       105M       5.7M        27M       3.2G

MemTotal:        4016004 kB
MemFree:          127976 kB
Active:           363412 kB
Mem:          3.8G       3.7G       124M       5.7M        27M       3.2G

MemTotal:        4016004 kB
MemFree:          128972 kB
Active:           363432 kB
Mem:          3.8G       3.7G       125M       5.7M        27M       3.2G

MemTotal:        4016004 kB
MemFree:          115876 kB
Active:           363456 kB
Mem:          3.8G       3.7G       113M       5.7M        27M       3.2G

MemTotal:        4016004 kB
MemFree:          112384 kB
Active:           363480 kB
Mem:          3.8G       3.7G       109M       5.7M        27M       3.2G

MemTotal:        4016004 kB
MemFree:          119176 kB
Active:           363504 kB
Mem:          3.8G       3.7G       116M       5.7M        27M       3.2G

MemTotal:        4016004 kB
MemFree:          114496 kB
Active:           363528 kB
Mem:          3.8G       3.7G       111M       5.7M        27M       3.2G

MemTotal:        4016004 kB
MemFree:          108420 kB
Active:           363556 kB
Mem:          3.8G       3.7G       105M       5.7M        27M       3.2G

MemTotal:        4016004 kB
MemFree:          129280 kB
Active:           363540 kB
Mem:          3.8G       3.7G       125M       5.7M        27M       3.2G

MemTotal:        4016004 kB
MemFree:          122736 kB
Active:           363600 kB
Mem:          3.8G       3.7G       119M       5.7M        27M       3.2G

MemTotal:        4016004 kB
MemFree:          118548 kB
Active:           363620 kB
Mem:          3.8G       3.7G       115M       5.7M        27M       3.2G

MemTotal:        4016004 kB
MemFree:          113244 kB
Active:           363640 kB
Mem:          3.8G       3.7G       110M       5.7M        27M       3.2G

MemTotal:        4016004 kB
MemFree:          107880 kB
Active:           363660 kB
Mem:          3.8G       3.7G       105M       5.7M        27M       3.2G

MemTotal:        4016004 kB
MemFree:          130676 kB
Active:           359508 kB
Mem:          3.8G       3.7G       127M       5.7M        27M       3.2G

MemTotal:        4016004 kB
MemFree:          134920 kB
Active:           359540 kB
Mem:          3.8G       3.7G       131M       5.7M        27M       3.2G

MemTotal:        4016004 kB
MemFree:          129884 kB
Active:           359504 kB
Mem:          3.8G       3.7G       126M       5.7M        27M       3.2G

MemTotal:        4016004 kB
MemFree:          124612 kB
Active:           359564 kB
Mem:          3.8G       3.7G       120M       5.7M        27M       3.2G

MemTotal:        4016004 kB
MemFree:          112928 kB
Active:           359588 kB
Mem:          3.8G       3.7G       110M       5.7M        27M       3.2G

MemTotal:        4016004 kB
MemFree:          106968 kB
Active:           359704 kB
Mem:          3.8G       3.7G       103M       5.7M        27M       3.2G

MemTotal:        4016004 kB
MemFree:          129972 kB
Active:           359640 kB
Mem:          3.8G       3.7G       127M       5.7M        27M       3.2G

MemTotal:        4016004 kB
MemFree:          126920 kB
Active:           359652 kB
Mem:          3.8G       3.7G       123M       5.7M        27M       3.2G

MemTotal:        4016004 kB
MemFree:          121384 kB
Active:           359668 kB
Mem:          3.8G       3.7G       118M       5.7M        27M       3.2G

MemTotal:        4016004 kB
MemFree:          115460 kB
Active:           359672 kB
Mem:          3.8G       3.7G       112M       5.7M        27M       3.2G

MemTotal:        4016004 kB
MemFree:          127740 kB
Active:           359732 kB
Mem:          3.8G       3.7G       124M       5.7M        27M       3.2G

MemTotal:        4016004 kB
MemFree:          127132 kB
Active:           359752 kB
Mem:          3.8G       3.7G       123M       5.7M        27M       3.2G

MemTotal:        4016004 kB
MemFree:          114244 kB
Active:           359772 kB
Mem:          3.8G       3.7G       111M       5.7M        27M       3.2G

MemTotal:        4016004 kB
MemFree:          108024 kB
Active:           359472 kB
Mem:          3.8G       3.7G       105M       5.7M        27M       3.2G

MemTotal:        4016004 kB
MemFree:          108148 kB
Active:           359444 kB
Mem:          3.8G       3.7G       105M       5.7M        27M       3.2G

MemTotal:        4016004 kB
MemFree:          108148 kB
Active:           359472 kB
Mem:          3.8G       3.7G       105M       5.7M        27M       3.2G

MemTotal:        4016004 kB
MemFree:          107776 kB
Active:           359480 kB
Mem:          3.8G       3.7G       105M       5.7M        27M       3.2G

MemTotal:        4016004 kB
MemFree:          107948 kB
Active:           359480 kB
Mem:          3.8G       3.7G       105M       5.7M        27M       3.2G

MemTotal:        4016004 kB
MemFree:          107620 kB
Active:           359492 kB
Mem:          3.8G       3.7G       104M       5.7M        27M       3.2G

MemTotal:        4016004 kB
MemFree:          107840 kB
Active:           359488 kB
Mem:          3.8G       3.7G       105M       5.7M        27M       3.2G

MemTotal:        4016004 kB
MemFree:          108052 kB
Active:           359496 kB
Mem:          3.8G       3.7G       105M       5.7M        27M       3.2G

MemTotal:        4016004 kB
MemFree:          107748 kB
Active:           359496 kB
Mem:          3.8G       3.7G       105M       5.7M        27M       3.2G

MemTotal:        4016004 kB
MemFree:          107872 kB
Active:           359480 kB
Mem:          3.8G       3.7G       105M       5.7M        27M       3.2G

MemTotal:        4016004 kB
MemFree:          107624 kB
Active:           359504 kB
Mem:          3.8G       3.7G       105M       5.7M        27M       3.2G

MemTotal:        4016004 kB
MemFree:          107748 kB
Active:           359508 kB
Mem:          3.8G       3.7G       105M       5.7M        27M       3.2G

MemTotal:        4016004 kB
MemFree:          108120 kB
Active:           359496 kB
Mem:          3.8G       3.7G       105M       5.7M        27M       3.2G

MemTotal:        4016004 kB
MemFree:          107748 kB
Active:           359512 kB
Mem:          3.8G       3.7G       105M       5.7M        27M       3.2G

MemTotal:        4016004 kB
MemFree:          107624 kB
Active:           359512 kB
Mem:          3.8G       3.7G       105M       5.7M        27M       3.2G

MemTotal:        4016004 kB
MemFree:          108120 kB
Active:           359496 kB
Mem:          3.8G       3.7G       105M       5.7M        27M       3.2G

MemTotal:        4016004 kB
MemFree:          108120 kB
Active:           359504 kB
Mem:          3.8G       3.7G       105M       5.7M        27M       3.2G

MemTotal:        4016004 kB
MemFree:          107624 kB
Active:           359520 kB
Mem:          3.8G       3.7G       105M       5.7M        27M       3.2G

MemTotal:        4016004 kB
MemFree:          107996 kB
Active:           359480 kB
Mem:          3.8G       3.7G       105M       5.7M        27M       3.2G

MemTotal:        4016004 kB
MemFree:          107996 kB
Active:           359484 kB
Mem:          3.8G       3.7G       105M       5.7M        27M       3.2G

MemTotal:        4016004 kB
MemFree:          107684 kB
Active:           357624 kB
Mem:          3.8G       3.7G       105M       5.7M        27M       3.2G

MemTotal:        4016004 kB
MemFree:          107436 kB
Active:           359716 kB
Mem:          3.8G       3.7G       105M       5.7M        27M       3.2G

MemTotal:        4016004 kB
MemFree:          107808 kB
Active:           359680 kB
Mem:          3.8G       3.7G       105M       5.7M        27M       3.2G

MemTotal:        4016004 kB
MemFree:          107684 kB
Active:           359688 kB
Mem:          3.8G       3.7G       104M       5.7M        27M       3.2G

MemTotal:        4016004 kB
MemFree:          107560 kB
Active:           359684 kB
Mem:          3.8G       3.7G       104M       5.7M        27M       3.2G

MemTotal:        4016004 kB
MemFree:          107312 kB
Active:           359720 kB
Mem:          3.8G       3.7G       104M       5.7M        27M       3.2G

MemTotal:        4016004 kB
MemFree:          107684 kB
Active:           359688 kB
Mem:          3.8G       3.7G       105M       5.7M        27M       3.2G

MemTotal:        4016004 kB
MemFree:          128356 kB
Active:           361812 kB
Mem:          3.8G       3.7G       125M       5.7M        29M       3.2G

MemTotal:        4016004 kB
MemFree:          128452 kB
Active:           361632 kB
Mem:          3.8G       3.7G       125M       5.7M        29M       3.2G

MemTotal:        4016004 kB
MemFree:          128824 kB
Active:           361588 kB
Mem:          3.8G       3.7G       126M       5.7M        29M       3.2G

MemTotal:        4016004 kB
MemFree:          129320 kB
Active:           361632 kB
Mem:          3.8G       3.7G       126M       5.7M        29M       3.2G

MemTotal:        4016004 kB
MemFree:          129072 kB
Active:           361632 kB
Mem:          3.8G       3.7G       126M       5.7M        29M       3.2G

MemTotal:        4016004 kB
MemFree:          129320 kB
Active:           361632 kB
Mem:          3.8G       3.7G       126M       5.7M        29M       3.2G

MemTotal:        4016004 kB
MemFree:          129320 kB
Active:           361588 kB
Mem:          3.8G       3.7G       126M       5.7M        29M       3.2G

MemTotal:        4016004 kB
MemFree:          129320 kB
Active:           361600 kB
Mem:          3.8G       3.7G       126M       5.7M        29M       3.2G

MemTotal:        4016004 kB
MemFree:          128824 kB
Active:           361648 kB
Mem:          3.8G       3.7G       126M       5.7M        29M       3.2G

MemTotal:        4016004 kB
MemFree:          129072 kB
Active:           361644 kB
Mem:          3.8G       3.7G       126M       5.7M        29M       3.2G

MemTotal:        4016004 kB
MemFree:          129568 kB
Active:           361648 kB
Mem:          3.8G       3.7G       126M       5.7M        29M       3.2G

MemTotal:        4016004 kB
MemFree:          129072 kB
Active:           361648 kB
Mem:          3.8G       3.7G       126M       5.7M        29M       3.2G

MemTotal:        4016004 kB
MemFree:          129320 kB
Active:           361652 kB
Mem:          3.8G       3.7G       126M       5.7M        29M       3.2G

MemTotal:        4016004 kB
MemFree:          129320 kB
Active:           361612 kB
Mem:          3.8G       3.7G       126M       5.7M        29M       3.2G

MemTotal:        4016004 kB
MemFree:          129444 kB
Active:           361616 kB
Mem:          3.8G       3.7G       126M       5.7M        29M       3.2G

MemTotal:        4016004 kB
MemFree:          129444 kB
Active:           361608 kB
Mem:          3.8G       3.7G       126M       5.7M        29M       3.2G

MemTotal:        4016004 kB
MemFree:          129320 kB
Active:           361636 kB
Mem:          3.8G       3.7G       126M       5.7M        29M       3.2G

MemTotal:        4016004 kB
MemFree:          129444 kB
Active:           361640 kB
Mem:          3.8G       3.7G       126M       5.7M        29M       3.2G

MemTotal:        4016004 kB
MemFree:          129444 kB
Active:           361608 kB
Mem:          3.8G       3.7G       126M       5.7M        29M       3.2G

MemTotal:        4016004 kB
MemFree:          128824 kB
Active:           361664 kB
Mem:          3.8G       3.7G       126M       5.7M        29M       3.2G

MemTotal:        4016004 kB
MemFree:          129320 kB
Active:           361636 kB
Mem:          3.8G       3.7G       126M       5.7M        29M       3.2G

MemTotal:        4016004 kB
MemFree:          129196 kB
Active:           361636 kB
Mem:          3.8G       3.7G       126M       5.7M        29M       3.2G

MemTotal:        4016004 kB
MemFree:          129320 kB
Active:           361644 kB
Mem:          3.8G       3.7G       126M       5.7M        29M       3.2G

MemTotal:        4016004 kB
MemFree:          129320 kB
Active:           361652 kB
Mem:          3.8G       3.7G       126M       5.7M        29M       3.2G

MemTotal:        4016004 kB
MemFree:          128948 kB
Active:           361676 kB
Mem:          3.8G       3.7G       125M       5.7M        29M       3.2G

MemTotal:        4016004 kB
MemFree:          129072 kB
Active:           361652 kB
Mem:          3.8G       3.7G       125M       5.7M        29M       3.2G

MemTotal:        4016004 kB
MemFree:          128576 kB
Active:           361684 kB
Mem:          3.8G       3.7G       125M       5.7M        29M       3.2G

MemTotal:        4016004 kB
MemFree:          128948 kB
Active:           361676 kB
Mem:          3.8G       3.7G       125M       5.7M        29M       3.2G

MemTotal:        4016004 kB
MemFree:          128576 kB
Active:           361684 kB
Mem:          3.8G       3.7G       125M       5.7M        29M       3.2G

MemTotal:        4016004 kB
MemFree:          129072 kB
Active:           361656 kB
Mem:          3.8G       3.7G       125M       5.7M        29M       3.2G

MemTotal:        4016004 kB
MemFree:          129196 kB
Active:           361644 kB
Mem:          3.8G       3.7G       126M       5.7M        29M       3.2G

MemTotal:        4016004 kB
MemFree:          129196 kB
Active:           361648 kB
Mem:          3.8G       3.7G       125M       5.7M        29M       3.2G

MemTotal:        4016004 kB
MemFree:          128700 kB
Active:           361688 kB
Mem:          3.8G       3.7G       125M       5.7M        29M       3.2G

MemTotal:        4016004 kB
MemFree:          128824 kB
Active:           361680 kB
Mem:          3.8G       3.7G       125M       5.7M        29M       3.2G

MemTotal:        4016004 kB
MemFree:          128824 kB
Active:           361684 kB
Mem:          3.8G       3.7G       125M       5.7M        29M       3.2G

MemTotal:        4016004 kB
MemFree:          128328 kB
Active:           361700 kB
Mem:          3.8G       3.7G       125M       5.7M        29M       3.2G

MemTotal:        4016004 kB
MemFree:          128824 kB
Active:           361652 kB
Mem:          3.8G       3.7G       125M       5.7M        29M       3.2G

MemTotal:        4016004 kB
MemFree:          128452 kB
Active:           361700 kB
Mem:          3.8G       3.7G       125M       5.7M        29M       3.2G

MemTotal:        4016004 kB
MemFree:          128824 kB
Active:           361696 kB
Mem:          3.8G       3.7G       125M       5.7M        29M       3.2G

MemTotal:        4016004 kB
MemFree:          128452 kB
Active:           361704 kB
Mem:          3.8G       3.7G       125M       5.7M        29M       3.2G

MemTotal:        4016004 kB
MemFree:          128700 kB
Active:           361712 kB
Mem:          3.8G       3.7G       125M       5.7M        29M       3.2G

MemTotal:        4016004 kB
MemFree:          128700 kB
Active:           361680 kB
Mem:          3.8G       3.7G       125M       5.7M        29M       3.2G

MemTotal:        4016004 kB
MemFree:          129072 kB
Active:           361692 kB
Mem:          3.8G       3.7G       125M       5.7M        29M       3.2G

MemTotal:        4016004 kB
MemFree:          128824 kB
Active:           361716 kB
Mem:          3.8G       3.7G       126M       5.7M        29M       3.2G

MemTotal:        4016004 kB
MemFree:          129320 kB
Active:           361668 kB
Mem:          3.8G       3.7G       126M       5.7M        29M       3.2G

MemTotal:        4016004 kB
MemFree:          129196 kB
Active:           361720 kB
Mem:          3.8G       3.7G       126M       5.7M        29M       3.2G

MemTotal:        4016004 kB
MemFree:          129196 kB
Active:           361716 kB
Mem:          3.8G       3.7G       126M       5.7M        29M       3.2G

MemTotal:        4016004 kB
MemFree:          129196 kB
Active:           361712 kB
Mem:          3.8G       3.7G       126M       5.7M        29M       3.2G

MemTotal:        4016004 kB
MemFree:          129320 kB
Active:           361708 kB
Mem:          3.8G       3.7G       126M       5.7M        29M       3.2G

MemTotal:        4016004 kB
MemFree:          128824 kB
Active:           361732 kB
Mem:          3.8G       3.7G       125M       5.7M        29M       3.2G

MemTotal:        4016004 kB
MemFree:          129072 kB
Active:           361732 kB
Mem:          3.8G       3.7G       125M       5.7M        29M       3.2G

MemTotal:        4016004 kB
MemFree:          129196 kB
Active:           361720 kB
Mem:          3.8G       3.7G       126M       5.7M        29M       3.2G

MemTotal:        4016004 kB
MemFree:          128948 kB
Active:           361744 kB
Mem:          3.8G       3.7G       126M       5.7M        29M       3.2G

MemTotal:        4016004 kB
MemFree:          128964 kB
Active:           361744 kB
Mem:          3.8G       3.7G       125M       5.7M        29M       3.2G

MemTotal:        4016004 kB
MemFree:          129088 kB
Active:           361720 kB
Mem:          3.8G       3.7G       126M       5.7M        29M       3.2G

MemTotal:        4016004 kB
MemFree:          129088 kB
Active:           361740 kB
Mem:          3.8G       3.7G       126M       5.7M        29M       3.2G

MemTotal:        4016004 kB
MemFree:          128840 kB
Active:           361748 kB
Mem:          3.8G       3.7G       125M       5.7M        29M       3.2G

MemTotal:        4016004 kB
MemFree:          129088 kB
Active:           361692 kB
Mem:          3.8G       3.7G       126M       5.7M        29M       3.2G

MemTotal:        4016004 kB
MemFree:          129088 kB
Active:           361708 kB
Mem:          3.8G       3.7G       126M       5.7M        29M       3.2G

MemTotal:        4016004 kB
MemFree:          128964 kB
Active:           361756 kB
Mem:          3.8G       3.7G       125M       5.7M        29M       3.2G

MemTotal:        4016004 kB
MemFree:          129088 kB
Active:           361740 kB
Mem:          3.8G       3.7G       126M       5.7M        29M       3.2G

MemTotal:        4016004 kB
MemFree:          129212 kB
Active:           361752 kB
Mem:          3.8G       3.7G       125M       5.7M        29M       3.2G

MemTotal:        4016004 kB
MemFree:          128716 kB
Active:           361712 kB
Mem:          3.8G       3.7G       125M       5.7M        29M       3.2G

MemTotal:        4016004 kB
MemFree:          128468 kB
Active:           361760 kB
Mem:          3.8G       3.7G       125M       5.7M        29M       3.2G

MemTotal:        4016004 kB
MemFree:          128592 kB
Active:           361720 kB
Mem:          3.8G       3.7G       125M       5.7M        29M       3.2G

MemTotal:        4016004 kB
MemFree:          128724 kB
Active:           361744 kB
Mem:          3.8G       3.7G       125M       5.7M        29M       3.2G

MemTotal:        4016004 kB
MemFree:          128600 kB
Active:           361752 kB
Mem:          3.8G       3.7G       125M       5.7M        29M       3.2G

MemTotal:        4016004 kB
MemFree:          128352 kB
Active:           361792 kB
Mem:          3.8G       3.7G       125M       5.7M        29M       3.2G

MemTotal:        4016004 kB
MemFree:          128724 kB
Active:           361740 kB
Mem:          3.8G       3.7G       125M       5.7M        29M       3.2G

MemTotal:        4016004 kB
MemFree:          128708 kB
Active:           361808 kB
Mem:          3.8G       3.7G       125M       5.7M        29M       3.2G

MemTotal:        4016004 kB
MemFree:          128584 kB
Active:           361808 kB
Mem:          3.8G       3.7G       125M       5.7M        29M       3.2G

MemTotal:        4016004 kB
MemFree:          128336 kB
Active:           361808 kB
Mem:          3.8G       3.7G       125M       5.7M        29M       3.2G

MemTotal:        4016004 kB
MemFree:          128832 kB
Active:           361764 kB
Mem:          3.8G       3.7G       125M       5.7M        29M       3.2G

MemTotal:        4016004 kB
MemFree:          128832 kB
Active:           361768 kB
Mem:          3.8G       3.7G       125M       5.7M        29M       3.2G

MemTotal:        4016004 kB
MemFree:          128832 kB
Active:           361816 kB
Mem:          3.8G       3.7G       125M       5.7M        29M       3.2G

MemTotal:        4016004 kB
MemFree:          128956 kB
Active:           361760 kB
Mem:          3.8G       3.7G       125M       5.7M        29M       3.2G

MemTotal:        4016004 kB
MemFree:          128956 kB
Active:           361812 kB
Mem:          3.8G       3.7G       125M       5.7M        29M       3.2G

MemTotal:        4016004 kB
MemFree:          128336 kB
Active:           361820 kB
Mem:          3.8G       3.7G       125M       5.7M        29M       3.2G

MemTotal:        4016004 kB
MemFree:          128584 kB
Active:           361816 kB
Mem:          3.8G       3.7G       125M       5.7M        29M       3.2G

MemTotal:        4016004 kB
MemFree:          128584 kB
Active:           361780 kB
Mem:          3.8G       3.7G       125M       5.7M        29M       3.2G

MemTotal:        4016004 kB
MemFree:          128336 kB
Active:           361824 kB
Mem:          3.8G       3.7G       125M       5.7M        29M       3.2G

MemTotal:        4016004 kB
MemFree:          128460 kB
Active:           361768 kB
Mem:          3.8G       3.7G       125M       5.7M        29M       3.2G

MemTotal:        4016004 kB
MemFree:          128336 kB
Active:           361792 kB
Mem:          3.8G       3.7G       125M       5.7M        29M       3.2G

MemTotal:        4016004 kB
MemFree:          128460 kB
Active:           361804 kB
Mem:          3.8G       3.7G       125M       5.7M        29M       3.2G

MemTotal:        4016004 kB
MemFree:          128832 kB
Active:           361776 kB
Mem:          3.8G       3.7G       125M       5.7M        29M       3.2G

MemTotal:        4016004 kB
MemFree:          128848 kB
Active:           361772 kB
Mem:          3.8G       3.7G       125M       5.7M        29M       3.2G

MemTotal:        4016004 kB
MemFree:          128848 kB
Active:           361776 kB
Mem:          3.8G       3.7G       125M       5.7M        29M       3.2G

MemTotal:        4016004 kB
MemFree:          128972 kB
Active:           361780 kB
Mem:          3.8G       3.7G       125M       5.7M        29M       3.2G

MemTotal:        4016004 kB
MemFree:          128600 kB
Active:           361828 kB
Mem:          3.8G       3.7G       125M       5.7M        29M       3.2G

MemTotal:        4016004 kB
MemFree:          128848 kB
Active:           361820 kB
Mem:          3.8G       3.7G       125M       5.7M        29M       3.2G

MemTotal:        4016004 kB
MemFree:          128848 kB
Active:           361792 kB
Mem:          3.8G       3.7G       125M       5.7M        29M       3.2G

MemTotal:        4016004 kB
MemFree:          128352 kB
Active:           361840 kB
Mem:          3.8G       3.7G       125M       5.7M        29M       3.2G

MemTotal:        4016004 kB
MemFree:          128104 kB
Active:           361840 kB
Mem:          3.8G       3.7G       125M       5.7M        29M       3.2G

MemTotal:        4016004 kB
MemFree:          128228 kB
Active:           361832 kB
Mem:          3.8G       3.7G       125M       5.7M        29M       3.2G

MemTotal:        4016004 kB
MemFree:          128476 kB
Active:           361824 kB
Mem:          3.8G       3.7G       125M       5.7M        29M       3.2G

MemTotal:        4016004 kB
MemFree:          128724 kB
Active:           361792 kB
Mem:          3.8G       3.7G       125M       5.7M        29M       3.2G

MemTotal:        4016004 kB
MemFree:          128848 kB
Active:           361816 kB
Mem:          3.8G       3.7G       125M       5.7M        29M       3.2G

MemTotal:        4016004 kB
MemFree:          128352 kB
Active:           361856 kB
Mem:          3.8G       3.7G       125M       5.7M        29M       3.2G

MemTotal:        4016004 kB
MemFree:          128724 kB
Active:           361844 kB
Mem:          3.8G       3.7G       125M       5.7M        29M       3.2G

MemTotal:        4016004 kB
MemFree:          128724 kB
Active:           361804 kB
Mem:          3.8G       3.7G       125M       5.7M        29M       3.2G

MemTotal:        4016004 kB
MemFree:          128724 kB
Active:           361856 kB
Mem:          3.8G       3.7G       125M       5.7M        29M       3.2G

MemTotal:        4016004 kB
MemFree:          128104 kB
Active:           361860 kB
Mem:          3.8G       3.7G       125M       5.7M        29M       3.2G

MemTotal:        4016004 kB
MemFree:          128600 kB
Active:           361808 kB
Mem:          3.8G       3.7G       125M       5.7M        29M       3.2G

MemTotal:        4016004 kB
MemFree:          128724 kB
Active:           361856 kB
Mem:          3.8G       3.7G       125M       5.7M        29M       3.2G

MemTotal:        4016004 kB
MemFree:          128228 kB
Active:           361864 kB
Mem:          3.8G       3.7G       125M       5.7M        29M       3.2G

MemTotal:        4016004 kB
MemFree:          128600 kB
Active:           361848 kB
Mem:          3.8G       3.7G       125M       5.7M        29M       3.2G

MemTotal:        4016004 kB
MemFree:          128724 kB
Active:           361836 kB
Mem:          3.8G       3.7G       125M       5.7M        29M       3.2G

MemTotal:        4016004 kB
MemFree:          128724 kB
Active:           361828 kB
Mem:          3.8G       3.7G       125M       5.7M        29M       3.2G

MemTotal:        4016004 kB
MemFree:          128600 kB
Active:           361836 kB
Mem:          3.8G       3.7G       125M       5.7M        29M       3.2G

MemTotal:        4016004 kB
MemFree:          127980 kB
Active:           361876 kB
Mem:          3.8G       3.7G       124M       5.7M        29M       3.2G

MemTotal:        4016004 kB
MemFree:          128352 kB
Active:           361828 kB
Mem:          3.8G       3.7G       125M       5.7M        29M       3.2G

MemTotal:        4016004 kB
MemFree:          128352 kB
Active:           361840 kB
Mem:          3.8G       3.7G       125M       5.7M        29M       3.2G

MemTotal:        4016004 kB
MemFree:          128228 kB
Active:           361880 kB
Mem:          3.8G       3.7G       125M       5.7M        29M       3.2G

MemTotal:        4016004 kB
MemFree:          128228 kB
Active:           361880 kB
Mem:          3.8G       3.7G       125M       5.7M        29M       3.2G

MemTotal:        4016004 kB
MemFree:          128600 kB
Active:           361840 kB
Mem:          3.8G       3.7G       125M       5.7M        29M       3.2G

MemTotal:        4016004 kB
MemFree:          128104 kB
Active:           361888 kB
Mem:          3.8G       3.7G       125M       5.7M        29M       3.2G

MemTotal:        4016004 kB
MemFree:          128228 kB
Active:           361888 kB
Mem:          3.8G       3.7G       125M       5.7M        29M       3.2G

MemTotal:        4016004 kB
MemFree:          128600 kB
Active:           361836 kB
Mem:          3.8G       3.7G       125M       5.7M        29M       3.2G

MemTotal:        4016004 kB
MemFree:          128104 kB
Active:           361892 kB
Mem:          3.8G       3.7G       124M       5.7M        29M       3.2G

MemTotal:        4016004 kB
MemFree:          128228 kB
Active:           361856 kB
Mem:          3.8G       3.7G       125M       5.7M        29M       3.2G

MemTotal:        4016004 kB
MemFree:          128228 kB
Active:           361848 kB
Mem:          3.8G       3.7G       125M       5.7M        29M       3.2G

MemTotal:        4016004 kB
MemFree:          128600 kB
Active:           361848 kB
Mem:          3.8G       3.7G       125M       5.7M        29M       3.2G

MemTotal:        4016004 kB
MemFree:          128104 kB
Active:           361892 kB
Mem:          3.8G       3.7G       125M       5.7M        29M       3.2G

MemTotal:        4016004 kB
MemFree:          128228 kB
Active:           361900 kB
Mem:          3.8G       3.7G       125M       5.7M        29M       3.2G

MemTotal:        4016004 kB
MemFree:          128476 kB
Active:           361896 kB
Mem:          3.8G       3.7G       125M       5.7M        29M       3.2G

MemTotal:        4016004 kB
MemFree:          128476 kB
Active:           361860 kB
Mem:          3.8G       3.7G       125M       5.7M        29M       3.2G

MemTotal:        4016004 kB
MemFree:          128228 kB
Active:           361900 kB
Mem:          3.8G       3.7G       125M       5.7M        29M       3.2G

MemTotal:        4016004 kB
MemFree:          128352 kB
Active:           361848 kB
Mem:          3.8G       3.7G       125M       5.7M        29M       3.2G

MemTotal:        4016004 kB
MemFree:          127856 kB
Active:           361900 kB
Mem:          3.8G       3.7G       124M       5.7M        29M       3.2G

MemTotal:        4016004 kB
MemFree:          127980 kB
Active:           361908 kB
Mem:          3.8G       3.7G       124M       5.7M        29M       3.2G

MemTotal:        4016004 kB
MemFree:          128104 kB
Active:           361900 kB
Mem:          3.8G       3.7G       124M       5.7M        29M       3.2G

MemTotal:        4016004 kB
MemFree:          128104 kB
Active:           361856 kB
Mem:          3.8G       3.7G       125M       5.7M        29M       3.2G

MemTotal:        4016004 kB
MemFree:          127856 kB
Active:           361912 kB
Mem:          3.8G       3.7G       125M       5.7M        29M       3.2G

MemTotal:        4016004 kB
MemFree:          128228 kB
Active:           361912 kB
Mem:          3.8G       3.7G       125M       5.7M        29M       3.2G

MemTotal:        4016004 kB
MemFree:          128104 kB
Active:           361868 kB
Mem:          3.8G       3.7G       124M       5.7M        29M       3.2G

MemTotal:        4016004 kB
MemFree:          128352 kB
Active:           361860 kB
Mem:          3.8G       3.7G       125M       5.7M        29M       3.2G

MemTotal:        4016004 kB
MemFree:          128104 kB
Active:           361912 kB
Mem:          3.8G       3.7G       125M       5.7M        29M       3.2G

MemTotal:        4016004 kB
MemFree:          128476 kB
Active:           361884 kB
Mem:          3.8G       3.7G       125M       5.7M        29M       3.2G

MemTotal:        4016004 kB
MemFree:          128476 kB
Active:           361884 kB
Mem:          3.8G       3.7G       125M       5.7M        29M       3.2G

MemTotal:        4016004 kB
MemFree:          128600 kB
Active:           361900 kB
Mem:          3.8G       3.7G       125M       5.7M        29M       3.2G

MemTotal:        4016004 kB
MemFree:          128104 kB
Active:           361928 kB
Mem:          3.8G       3.7G       125M       5.7M        29M       3.2G

MemTotal:        4016004 kB
MemFree:          128476 kB
Active:           361884 kB
Mem:          3.8G       3.7G       125M       5.7M        29M       3.2G

MemTotal:        4016004 kB
MemFree:          128476 kB
Active:           361880 kB
Mem:          3.8G       3.7G       125M       5.7M        29M       3.2G

MemTotal:        4016004 kB
MemFree:          128600 kB
Active:           361900 kB
Mem:          3.8G       3.7G       125M       5.7M        29M       3.2G

MemTotal:        4016004 kB
MemFree:          128724 kB
Active:           361916 kB
Mem:          3.8G       3.7G       125M       5.7M        29M       3.2G

MemTotal:        4016004 kB
MemFree:          128600 kB
Active:           361924 kB
Mem:          3.8G       3.7G       125M       5.7M        29M       3.2G

MemTotal:        4016004 kB
MemFree:          128600 kB
Active:           361924 kB
Mem:          3.8G       3.7G       125M       5.7M        29M       3.2G

MemTotal:        4016004 kB
MemFree:          127980 kB
Active:           361944 kB
Mem:          3.8G       3.7G       125M       5.7M        29M       3.2G

MemTotal:        4016004 kB
MemFree:          128476 kB
Active:           361944 kB
Mem:          3.8G       3.7G       125M       5.7M        29M       3.2G

MemTotal:        4016004 kB
MemFree:          128600 kB
Active:           361912 kB
Mem:          3.8G       3.7G       125M       5.7M        29M       3.2G

MemTotal:        4016004 kB
MemFree:          128476 kB
Active:           361936 kB
Mem:          3.8G       3.7G       125M       5.7M        29M       3.2G

MemTotal:        4016004 kB
MemFree:          128600 kB
Active:           361932 kB
Mem:          3.8G       3.7G       125M       5.7M        29M       3.2G

MemTotal:        4016004 kB
MemFree:          128600 kB
Active:           361932 kB
Mem:          3.8G       3.7G       125M       5.7M        29M       3.2G

MemTotal:        4016004 kB
MemFree:          128228 kB
Active:           361952 kB
Mem:          3.8G       3.7G       125M       5.7M        29M       3.2G

MemTotal:        4016004 kB
MemFree:          128600 kB
Active:           361936 kB
Mem:          3.8G       3.7G       125M       5.7M        29M       3.2G

MemTotal:        4016004 kB
MemFree:          128476 kB
Active:           361928 kB
Mem:          3.8G       3.7G       125M       5.7M        29M       3.2G

MemTotal:        4016004 kB
MemFree:          128104 kB
Active:           361956 kB
Mem:          3.8G       3.7G       125M       5.7M        29M       3.2G

MemTotal:        4016004 kB
MemFree:          128600 kB
Active:           361912 kB
Mem:          3.8G       3.7G       125M       5.7M        29M       3.2G

MemTotal:        4016004 kB
MemFree:          128848 kB
Active:           361928 kB
Mem:          3.8G       3.7G       125M       5.7M        29M       3.2G

MemTotal:        4016004 kB
MemFree:          128848 kB
Active:           361920 kB
Mem:          3.8G       3.7G       125M       5.7M        29M       3.2G

MemTotal:        4016004 kB
MemFree:          128600 kB
Active:           361968 kB
Mem:          3.8G       3.7G       125M       5.7M        29M       3.2G

MemTotal:        4016004 kB
MemFree:          128352 kB
Active:           361960 kB
Mem:          3.8G       3.7G       125M       5.7M        29M       3.2G

MemTotal:        4016004 kB
MemFree:          128228 kB
Active:           361920 kB
Mem:          3.8G       3.7G       125M       5.7M        29M       3.2G

MemTotal:        4016004 kB
MemFree:          128104 kB
Active:           361968 kB
Mem:          3.8G       3.7G       125M       5.7M        29M       3.2G

MemTotal:        4016004 kB
MemFree:          128228 kB
Active:           361952 kB
Mem:          3.8G       3.7G       125M       5.7M        29M       3.2G

MemTotal:        4016004 kB
MemFree:          128228 kB
Active:           361956 kB
Mem:          3.8G       3.7G       125M       5.7M        29M       3.2G

MemTotal:        4016004 kB
MemFree:          128352 kB
Active:           361960 kB
Mem:          3.8G       3.7G       125M       5.7M        29M       3.2G

MemTotal:        4016004 kB
MemFree:          127856 kB
Active:           361980 kB
Mem:          3.8G       3.7G       125M       5.7M        29M       3.2G

MemTotal:        4016004 kB
MemFree:          127732 kB
Active:           361980 kB
Mem:          3.8G       3.7G       125M       5.7M        29M       3.2G

MemTotal:        4016004 kB
MemFree:          128352 kB
Active:           361976 kB
Mem:          3.8G       3.7G       125M       5.7M        29M       3.2G

MemTotal:        4016004 kB
MemFree:          128600 kB
Active:           361940 kB
Mem:          3.8G       3.7G       125M       5.7M        29M       3.2G

MemTotal:        4016004 kB
MemFree:          128476 kB
Active:           361948 kB
Mem:          3.8G       3.7G       125M       5.7M        29M       3.2G

MemTotal:        4016004 kB
MemFree:          128724 kB
Active:           361964 kB
Mem:          3.8G       3.7G       125M       5.7M        29M       3.2G

MemTotal:        4016004 kB
MemFree:          128848 kB
Active:           361976 kB
Mem:          3.8G       3.7G       125M       5.7M        29M       3.2G

MemTotal:        4016004 kB
MemFree:          128104 kB
Active:           361992 kB
Mem:          3.8G       3.7G       125M       5.7M        29M       3.2G

MemTotal:        4016004 kB
MemFree:          128104 kB
Active:           361992 kB
Mem:          3.8G       3.7G       125M       5.7M        29M       3.2G

MemTotal:        4016004 kB
MemFree:          128600 kB
Active:           361936 kB
Mem:          3.8G       3.7G       125M       5.7M        29M       3.2G

MemTotal:        4016004 kB
MemFree:          128228 kB
Active:           361992 kB
Mem:          3.8G       3.7G       125M       5.7M        29M       3.2G

MemTotal:        4016004 kB
MemFree:          128476 kB
Active:           361948 kB
Mem:          3.8G       3.7G       125M       5.7M        29M       3.2G

MemTotal:        4016004 kB
MemFree:          128476 kB
Active:           362000 kB
Mem:          3.8G       3.7G       125M       5.7M        29M       3.2G

MemTotal:        4016004 kB
MemFree:          128600 kB
Active:           361984 kB
Mem:          3.8G       3.7G       125M       5.7M        29M       3.2G

MemTotal:        4016004 kB
MemFree:          128476 kB
Active:           361996 kB
Mem:          3.8G       3.7G       125M       5.7M        29M       3.2G

MemTotal:        4016004 kB
MemFree:          128228 kB
Active:           362000 kB
Mem:          3.8G       3.7G       125M       5.7M        29M       3.2G

MemTotal:        4016004 kB
MemFree:          128848 kB
Active:           361992 kB
Mem:          3.8G       3.7G       125M       5.7M        29M       3.2G

MemTotal:        4016004 kB
MemFree:          128848 kB
Active:           361988 kB
Mem:          3.8G       3.7G       125M       5.7M        29M       3.2G

MemTotal:        4016004 kB
MemFree:          128476 kB
Active:           362008 kB
Mem:          3.8G       3.7G       125M       5.7M        29M       3.2G

MemTotal:        4016004 kB
MemFree:          128848 kB
Active:           361964 kB
Mem:          3.8G       3.7G       125M       5.7M        29M       3.2G

MemTotal:        4016004 kB
MemFree:          128848 kB
Active:           361972 kB
Mem:          3.8G       3.7G       125M       5.7M        29M       3.2G

MemTotal:        4016004 kB
MemFree:          128848 kB
Active:           361992 kB
Mem:          3.8G       3.7G       125M       5.7M        29M       3.2G

MemTotal:        4016004 kB
MemFree:          128228 kB
Active:           362012 kB
Mem:          3.8G       3.7G       125M       5.7M        29M       3.2G

MemTotal:        4016004 kB
MemFree:          128228 kB
Active:           362000 kB
Mem:          3.8G       3.7G       125M       5.7M        29M       3.2G

MemTotal:        4016004 kB
MemFree:          128228 kB
Active:           361964 kB
Mem:          3.8G       3.7G       125M       5.7M        29M       3.2G

MemTotal:        4016004 kB
MemFree:          127856 kB
Active:           362024 kB
Mem:          3.8G       3.7G       125M       5.7M        29M       3.2G

MemTotal:        4016004 kB
MemFree:          128228 kB
Active:           361972 kB
Mem:          3.8G       3.7G       125M       5.7M        29M       3.2G

MemTotal:        4016004 kB
MemFree:          127980 kB
Active:           362028 kB
Mem:          3.8G       3.7G       124M       5.7M        29M       3.2G

MemTotal:        4016004 kB
MemFree:          128352 kB
Active:           362024 kB
Mem:          3.8G       3.7G       125M       5.7M        29M       3.2G

MemTotal:        4016004 kB
MemFree:          128724 kB
Active:           361984 kB
Mem:          3.8G       3.7G       125M       5.7M        29M       3.2G

MemTotal:        4016004 kB
MemFree:          128724 kB
Active:           362004 kB
Mem:          3.8G       3.7G       125M       5.7M        29M       3.2G

MemTotal:        4016004 kB
MemFree:          128352 kB
Active:           362036 kB
Mem:          3.8G       3.7G       125M       5.7M        29M       3.2G

MemTotal:        4016004 kB
MemFree:          127980 kB
Active:           362044 kB
Mem:          3.8G       3.7G       125M       5.7M        29M       3.2G

MemTotal:        4016004 kB
MemFree:          127980 kB
Active:           362000 kB
Mem:          3.8G       3.7G       125M       5.7M        29M       3.2G

MemTotal:        4016004 kB
MemFree:          127732 kB
Active:           362048 kB
Mem:          3.8G       3.7G       124M       5.7M        29M       3.2G

MemTotal:        4016004 kB
MemFree:          127980 kB
Active:           362016 kB
Mem:          3.8G       3.7G       125M       5.7M        29M       3.2G

MemTotal:        4016004 kB
MemFree:          127980 kB
Active:           362020 kB
Mem:          3.8G       3.7G       124M       5.7M        29M       3.2G

MemTotal:        4016004 kB
MemFree:          128352 kB
Active:           362032 kB
Mem:          3.8G       3.7G       125M       5.7M        29M       3.2G

MemTotal:        4016004 kB
MemFree:          127980 kB
Active:           362048 kB
Mem:          3.8G       3.7G       125M       5.7M        29M       3.2G

MemTotal:        4016004 kB
MemFree:          127980 kB
Active:           362056 kB
Mem:          3.8G       3.7G       125M       5.7M        29M       3.2G

MemTotal:        4016004 kB
MemFree:          127856 kB
Active:           362056 kB
Mem:          3.8G       3.7G       125M       5.7M        29M       3.2G

MemTotal:        4016004 kB
MemFree:          127980 kB
Active:           362056 kB
Mem:          3.8G       3.7G       124M       5.7M        29M       3.2G

MemTotal:        4016004 kB
MemFree:          128352 kB
Active:           362040 kB
Mem:          3.8G       3.7G       125M       5.7M        29M       3.2G

MemTotal:        4016004 kB
MemFree:          128352 kB
Active:           362000 kB
Mem:          3.8G       3.7G       125M       5.7M        29M       3.2G

MemTotal:        4016004 kB
MemFree:          128352 kB
Active:           362052 kB
Mem:          3.8G       3.7G       125M       5.7M        29M       3.2G

MemTotal:        4016004 kB
MemFree:          127980 kB
Active:           362064 kB
Mem:          3.8G       3.7G       125M       5.7M        29M       3.2G

MemTotal:        4016004 kB
MemFree:          128476 kB
Active:           362032 kB
Mem:          3.8G       3.7G       125M       5.7M        29M       3.2G

MemTotal:        4016004 kB
MemFree:          128352 kB
Active:           362028 kB
Mem:          3.8G       3.7G       124M       5.7M        29M       3.2G

MemTotal:        4016004 kB
MemFree:          128228 kB
Active:           362036 kB
Mem:          3.8G       3.7G       125M       5.7M        29M       3.2G

MemTotal:        4016004 kB
MemFree:          128104 kB
Active:           362072 kB
Mem:          3.8G       3.7G       125M       5.7M        29M       3.2G

MemTotal:        4016004 kB
MemFree:          127980 kB
Active:           362080 kB
Mem:          3.8G       3.7G       125M       5.7M        29M       3.2G

MemTotal:        4016004 kB
MemFree:          127856 kB
Active:           362080 kB
Mem:          3.8G       3.7G       125M       5.7M        29M       3.2G

MemTotal:        4016004 kB
MemFree:          128476 kB
Active:           362032 kB
