MemTotal:        4016004 kB
MemFree:         3211008 kB
Active:           447308 kB
Mem:          3.8G       785M       3.1G       5.7M        54M       327M

MemTotal:        4016004 kB
MemFree:         3211352 kB
Active:           447460 kB
Mem:          3.8G       785M       3.1G       5.7M        54M       327M

MemTotal:        4016004 kB
MemFree:         3211320 kB
Active:           447564 kB
Mem:          3.8G       785M       3.1G       5.7M        54M       327M

MemTotal:        4016004 kB
MemFree:         3210840 kB
Active:           447612 kB
Mem:          3.8G       785M       3.1G       5.7M        54M       327M

MemTotal:        4016004 kB
MemFree:         3211104 kB
Active:           447608 kB
Mem:          3.8G       786M       3.1G       5.7M        54M       327M

MemTotal:        4016004 kB
MemFree:         3211088 kB
Active:           447600 kB
Mem:          3.8G       786M       3.1G       5.7M        54M       327M

MemTotal:        4016004 kB
MemFree:         3211460 kB
Active:           447632 kB
Mem:          3.8G       785M       3.1G       5.7M        54M       327M

MemTotal:        4016004 kB
MemFree:         3211568 kB
Active:           447652 kB
Mem:          3.8G       785M       3.1G       5.7M        54M       327M

MemTotal:        4016004 kB
MemFree:         3211552 kB
Active:           447612 kB
Mem:          3.8G       785M       3.1G       5.7M        54M       327M

MemTotal:        4016004 kB
MemFree:         3211180 kB
Active:           447660 kB
Mem:          3.8G       785M       3.1G       5.7M        54M       327M

MemTotal:        4016004 kB
MemFree:         3211412 kB
Active:           447660 kB
Mem:          3.8G       785M       3.1G       5.7M        54M       327M

MemTotal:        4016004 kB
MemFree:         3211644 kB
Active:           447612 kB
Mem:          3.8G       785M       3.1G       5.7M        54M       327M

MemTotal:        4016004 kB
MemFree:         3211512 kB
Active:           447664 kB
Mem:          3.8G       785M       3.1G       5.7M        54M       327M

MemTotal:        4016004 kB
MemFree:         3211760 kB
Active:           447616 kB
Mem:          3.8G       785M       3.1G       5.7M        54M       327M

MemTotal:        4016004 kB
MemFree:         3211636 kB
Active:           447660 kB
Mem:          3.8G       785M       3.1G       5.7M        54M       327M

MemTotal:        4016004 kB
MemFree:         3210704 kB
Active:           445652 kB
Mem:          3.8G       786M       3.1G       5.7M        54M       327M

MemTotal:        4016004 kB
MemFree:         3211556 kB
Active:           447672 kB
Mem:          3.8G       785M       3.1G       5.7M        54M       327M

MemTotal:        4016004 kB
MemFree:         3211852 kB
Active:           447644 kB
Mem:          3.8G       785M       3.1G       5.7M        54M       327M

MemTotal:        4016004 kB
MemFree:         3211976 kB
Active:           447644 kB
Mem:          3.8G       785M       3.1G       5.7M        54M       327M

MemTotal:        4016004 kB
MemFree:         3211728 kB
Active:           447680 kB
Mem:          3.8G       785M       3.1G       5.7M        54M       327M

MemTotal:        4016004 kB
MemFree:         3211356 kB
Active:           447708 kB
Mem:          3.8G       785M       3.1G       5.7M        54M       327M

MemTotal:        4016004 kB
MemFree:         3211852 kB
Active:           447700 kB
Mem:          3.8G       785M       3.1G       5.7M        54M       327M

MemTotal:        4016004 kB
MemFree:         3211108 kB
Active:           447708 kB
Mem:          3.8G       786M       3.1G       5.7M        54M       327M

MemTotal:        4016004 kB
MemFree:         3211356 kB
Active:           447672 kB
Mem:          3.8G       786M       3.1G       5.7M        54M       327M

MemTotal:        4016004 kB
MemFree:         3211480 kB
Active:           447692 kB
Mem:          3.8G       785M       3.1G       5.7M        54M       327M

MemTotal:        4016004 kB
MemFree:         3210920 kB
Active:           445672 kB
Mem:          3.8G       785M       3.1G       5.7M        54M       327M

MemTotal:        4016004 kB
MemFree:         3211400 kB
Active:           447688 kB
Mem:          3.8G       785M       3.1G       5.7M        54M       327M

MemTotal:        4016004 kB
MemFree:         3211012 kB
Active:           447728 kB
Mem:          3.8G       785M       3.1G       5.7M        54M       327M

MemTotal:        4016004 kB
MemFree:         3211260 kB
Active:           447700 kB
Mem:          3.8G       785M       3.1G       5.7M        54M       327M

MemTotal:        4016004 kB
MemFree:         3211260 kB
Active:           447720 kB
Mem:          3.8G       785M       3.1G       5.7M        54M       327M

MemTotal:        4016004 kB
MemFree:         3211508 kB
Active:           447724 kB
Mem:          3.8G       785M       3.1G       5.7M        54M       327M

MemTotal:        4016004 kB
MemFree:         3211368 kB
Active:           447708 kB
Mem:          3.8G       785M       3.1G       5.7M        54M       327M

MemTotal:        4016004 kB
MemFree:         3211492 kB
Active:           447712 kB
Mem:          3.8G       785M       3.1G       5.7M        54M       327M

MemTotal:        4016004 kB
MemFree:         3211740 kB
Active:           447732 kB
Mem:          3.8G       785M       3.1G       5.7M        54M       327M

MemTotal:        4016004 kB
MemFree:         3211724 kB
Active:           447692 kB
Mem:          3.8G       785M       3.1G       5.7M        54M       327M

MemTotal:        4016004 kB
MemFree:         3211144 kB
Active:           445700 kB
Mem:          3.8G       786M       3.1G       5.7M        54M       327M

MemTotal:        4016004 kB
MemFree:         3211252 kB
Active:           447716 kB
Mem:          3.8G       786M       3.1G       5.7M        54M       327M

MemTotal:        4016004 kB
MemFree:         3211236 kB
Active:           447732 kB
Mem:          3.8G       786M       3.1G       5.7M        54M       327M

MemTotal:        4016004 kB
MemFree:         3211220 kB
Active:           447704 kB
Mem:          3.8G       785M       3.1G       5.7M        54M       327M

MemTotal:        4016004 kB
MemFree:         3211344 kB
Active:           447740 kB
Mem:          3.8G       785M       3.1G       5.7M        54M       327M

MemTotal:        4016004 kB
MemFree:         3211328 kB
Active:           447704 kB
Mem:          3.8G       785M       3.1G       5.7M        54M       327M

MemTotal:        4016004 kB
MemFree:         3211204 kB
Active:           447752 kB
Mem:          3.8G       785M       3.1G       5.7M        54M       327M

MemTotal:        4016004 kB
MemFree:         3210940 kB
Active:           447720 kB
Mem:          3.8G       786M       3.1G       5.7M        54M       327M

MemTotal:        4016004 kB
MemFree:         3211048 kB
Active:           447740 kB
Mem:          3.8G       786M       3.1G       5.7M        54M       327M

MemTotal:        4016004 kB
MemFree:         3210908 kB
Active:           447716 kB
Mem:          3.8G       786M       3.1G       5.7M        54M       327M

MemTotal:        4016004 kB
MemFree:         3210456 kB
Active:           445724 kB
Mem:          3.8G       786M       3.1G       5.7M        54M       327M

MemTotal:        4016004 kB
MemFree:         3201800 kB
Active:           455572 kB
Mem:          3.8G       795M       3.1G       5.7M        62M       327M

MemTotal:        4016004 kB
MemFree:         3202032 kB
Active:           455528 kB
Mem:          3.8G       795M       3.1G       5.7M        62M       327M

MemTotal:        4016004 kB
MemFree:         3201784 kB
Active:           455580 kB
Mem:          3.8G       795M       3.1G       5.7M        62M       327M

MemTotal:        4016004 kB
MemFree:         3202156 kB
Active:           455572 kB
Mem:          3.8G       794M       3.1G       5.7M        62M       327M

MemTotal:        4016004 kB
MemFree:         3201612 kB
Active:           455584 kB
Mem:          3.8G       795M       3.1G       5.7M        62M       327M

MemTotal:        4016004 kB
MemFree:         3202108 kB
Active:           455556 kB
Mem:          3.8G       794M       3.1G       5.7M        62M       327M

MemTotal:        4016004 kB
MemFree:         3202108 kB
Active:           455576 kB
Mem:          3.8G       794M       3.1G       5.7M        62M       327M

MemTotal:        4016004 kB
MemFree:         3202108 kB
Active:           455596 kB
Mem:          3.8G       794M       3.1G       5.7M        62M       327M

MemTotal:        4016004 kB
MemFree:         3202604 kB
Active:           455556 kB
Mem:          3.8G       794M       3.1G       5.7M        62M       327M

MemTotal:        4016004 kB
MemFree:         3202604 kB
Active:           455580 kB
Mem:          3.8G       794M       3.1G       5.7M        62M       327M

MemTotal:        4016004 kB
MemFree:         3202216 kB
Active:           455604 kB
Mem:          3.8G       794M       3.1G       5.7M        62M       327M

MemTotal:        4016004 kB
MemFree:         3202960 kB
Active:           455596 kB
Mem:          3.8G       793M       3.1G       5.7M        62M       327M

MemTotal:        4016004 kB
MemFree:         3202820 kB
Active:           455572 kB
Mem:          3.8G       794M       3.1G       5.7M        62M       327M

MemTotal:        4016004 kB
MemFree:         3202804 kB
Active:           455548 kB
Mem:          3.8G       794M       3.1G       5.7M        62M       327M

MemTotal:        4016004 kB
MemFree:         3202044 kB
Active:           455564 kB
Mem:          3.8G       795M       3.1G       5.7M        62M       327M

MemTotal:        4016004 kB
MemFree:         3202276 kB
Active:           455584 kB
Mem:          3.8G       794M       3.1G       5.7M        62M       327M

MemTotal:        4016004 kB
MemFree:         3202012 kB
Active:           455588 kB
Mem:          3.8G       794M       3.1G       5.7M        62M       327M

MemTotal:        4016004 kB
MemFree:         3202616 kB
Active:           455612 kB
Mem:          3.8G       794M       3.1G       5.7M        62M       327M

MemTotal:        4016004 kB
MemFree:         3202228 kB
Active:           455572 kB
Mem:          3.8G       794M       3.1G       5.7M        62M       327M

MemTotal:        4016004 kB
MemFree:         3200288 kB
Active:           455600 kB
Mem:          3.8G       796M       3.1G       5.7M        62M       327M

MemTotal:        4016004 kB
MemFree:         3200892 kB
Active:           457596 kB
Mem:          3.8G       796M       3.1G       5.7M        62M       327M

MemTotal:        4016004 kB
MemFree:         3200396 kB
Active:           457608 kB
Mem:          3.8G       796M       3.1G       5.7M        62M       327M

MemTotal:        4016004 kB
MemFree:         3200396 kB
Active:           457632 kB
Mem:          3.8G       796M       3.1G       5.7M        62M       327M

MemTotal:        4016004 kB
MemFree:         3200380 kB
Active:           457592 kB
Mem:          3.8G       796M       3.1G       5.7M        62M       327M

MemTotal:        4016004 kB
MemFree:         3199744 kB
Active:           457652 kB
Mem:          3.8G       796M       3.1G       5.7M        62M       327M

MemTotal:        4016004 kB
MemFree:         3200116 kB
Active:           457648 kB
Mem:          3.8G       796M       3.1G       5.7M        62M       327M

MemTotal:        4016004 kB
MemFree:         3199728 kB
Active:           457596 kB
Mem:          3.8G       797M       3.1G       5.7M        62M       327M

MemTotal:        4016004 kB
MemFree:         3200100 kB
Active:           457640 kB
Mem:          3.8G       796M       3.1G       5.7M        62M       327M

MemTotal:        4016004 kB
MemFree:         3200224 kB
Active:           457608 kB
Mem:          3.8G       796M       3.1G       5.7M        62M       327M

MemTotal:        4016004 kB
MemFree:         3200196 kB
Active:           457640 kB
Mem:          3.8G       796M       3.1G       5.7M        62M       327M

MemTotal:        4016004 kB
MemFree:         3200196 kB
Active:           457616 kB
Mem:          3.8G       796M       3.1G       5.7M        62M       327M

MemTotal:        4016004 kB
MemFree:         3200072 kB
Active:           457632 kB
Mem:          3.8G       796M       3.1G       5.7M        62M       327M

MemTotal:        4016004 kB
MemFree:         3199700 kB
Active:           457656 kB
Mem:          3.8G       796M       3.1G       5.7M        62M       327M

MemTotal:        4016004 kB
MemFree:         3199948 kB
Active:           457612 kB
Mem:          3.8G       796M       3.1G       5.7M        62M       327M

MemTotal:        4016004 kB
MemFree:         3200196 kB
Active:           457624 kB
Mem:          3.8G       796M       3.1G       5.7M        62M       327M

MemTotal:        4016004 kB
MemFree:         3200196 kB
Active:           457624 kB
Mem:          3.8G       796M       3.1G       5.7M        62M       327M

MemTotal:        4016004 kB
MemFree:         3199684 kB
Active:           457616 kB
Mem:          3.8G       797M       3.1G       5.7M        62M       327M

MemTotal:        4016004 kB
MemFree:         3199668 kB
Active:           457612 kB
Mem:          3.8G       797M       3.1G       5.7M        62M       327M

MemTotal:        4016004 kB
MemFree:         3199652 kB
Active:           457656 kB
Mem:          3.8G       797M       3.1G       5.7M        62M       327M

MemTotal:        4016004 kB
MemFree:         3199652 kB
Active:           457624 kB
Mem:          3.8G       797M       3.1G       5.7M        62M       327M

MemTotal:        4016004 kB
MemFree:         3199404 kB
Active:           457672 kB
Mem:          3.8G       797M       3.1G       5.7M        62M       327M

MemTotal:        4016004 kB
MemFree:         3199140 kB
Active:           457680 kB
Mem:          3.8G       797M       3.1G       5.7M        62M       327M

MemTotal:        4016004 kB
MemFree:         3199868 kB
Active:           457636 kB
Mem:          3.8G       797M       3.1G       5.7M        62M       327M

MemTotal:        4016004 kB
MemFree:         3199852 kB
Active:           457652 kB
Mem:          3.8G       797M       3.1G       5.7M        62M       327M

MemTotal:        4016004 kB
MemFree:         3199976 kB
Active:           457676 kB
Mem:          3.8G       796M       3.1G       5.7M        62M       327M

MemTotal:        4016004 kB
MemFree:         3200208 kB
Active:           457688 kB
Mem:          3.8G       796M       3.1G       5.7M        62M       327M

MemTotal:        4016004 kB
MemFree:         3200208 kB
Active:           457664 kB
Mem:          3.8G       796M       3.1G       5.7M        62M       327M

MemTotal:        4016004 kB
MemFree:         3199960 kB
Active:           457656 kB
Mem:          3.8G       796M       3.1G       5.7M        62M       327M

MemTotal:        4016004 kB
MemFree:         3200068 kB
Active:           457680 kB
Mem:          3.8G       796M       3.1G       5.7M        62M       327M

MemTotal:        4016004 kB
MemFree:         3200396 kB
Active:           457636 kB
Mem:          3.8G       796M       3.1G       5.7M        62M       327M

MemTotal:        4016004 kB
MemFree:         3200148 kB
Active:           457640 kB
Mem:          3.8G       796M       3.1G       5.7M        62M       327M

MemTotal:        4016004 kB
MemFree:         3200148 kB
Active:           457688 kB
Mem:          3.8G       796M       3.1G       5.7M        62M       327M

MemTotal:        4016004 kB
MemFree:         3200272 kB
Active:           457652 kB
Mem:          3.8G       796M       3.1G       5.7M        62M       327M

MemTotal:        4016004 kB
MemFree:         3200396 kB
Active:           457688 kB
Mem:          3.8G       796M       3.1G       5.7M        62M       327M

MemTotal:        4016004 kB
MemFree:         3200148 kB
Active:           457676 kB
Mem:          3.8G       796M       3.1G       5.7M        62M       327M

MemTotal:        4016004 kB
MemFree:         3200024 kB
Active:           457660 kB
Mem:          3.8G       796M       3.1G       5.7M        62M       327M

MemTotal:        4016004 kB
MemFree:         3200148 kB
Active:           457684 kB
Mem:          3.8G       796M       3.1G       5.7M        62M       327M

MemTotal:        4016004 kB
MemFree:         3199652 kB
Active:           457676 kB
Mem:          3.8G       797M       3.1G       5.7M        62M       327M

MemTotal:        4016004 kB
MemFree:         3200148 kB
Active:           457704 kB
Mem:          3.8G       796M       3.1G       5.7M        62M       327M

MemTotal:        4016004 kB
MemFree:         3200024 kB
Active:           457716 kB
Mem:          3.8G       796M       3.1G       5.7M        62M       327M

MemTotal:        4016004 kB
MemFree:         3200132 kB
Active:           457688 kB
Mem:          3.8G       796M       3.1G       5.7M        62M       327M

MemTotal:        4016004 kB
MemFree:         3200008 kB
Active:           457672 kB
Mem:          3.8G       796M       3.1G       5.7M        62M       327M

MemTotal:        4016004 kB
MemFree:         3200008 kB
Active:           457716 kB
Mem:          3.8G       796M       3.1G       5.7M        62M       327M

MemTotal:        4016004 kB
MemFree:         3200364 kB
Active:           457660 kB
Mem:          3.8G       796M       3.1G       5.7M        62M       327M

MemTotal:        4016004 kB
MemFree:         3200472 kB
Active:           457684 kB
Mem:          3.8G       796M       3.1G       5.7M        62M       327M

MemTotal:        4016004 kB
MemFree:         3200720 kB
Active:           457704 kB
Mem:          3.8G       796M       3.1G       5.7M        62M       327M

MemTotal:        4016004 kB
MemFree:         3200224 kB
Active:           457712 kB
Mem:          3.8G       796M       3.1G       5.7M        62M       327M

MemTotal:        4016004 kB
MemFree:         3200348 kB
Active:           457720 kB
Mem:          3.8G       796M       3.1G       5.7M        62M       327M

MemTotal:        4016004 kB
MemFree:         3200100 kB
Active:           457728 kB
Mem:          3.8G       796M       3.1G       5.7M        62M       327M

MemTotal:        4016004 kB
MemFree:         3200224 kB
Active:           457692 kB
Mem:          3.8G       796M       3.1G       5.7M        62M       327M

MemTotal:        4016004 kB
MemFree:         3200100 kB
Active:           457716 kB
Mem:          3.8G       796M       3.1G       5.7M        62M       327M

MemTotal:        4016004 kB
MemFree:         3199960 kB
Active:           457688 kB
Mem:          3.8G       796M       3.1G       5.7M        62M       327M

MemTotal:        4016004 kB
MemFree:         3199696 kB
Active:           457736 kB
Mem:          3.8G       796M       3.1G       5.7M        62M       327M

MemTotal:        4016004 kB
MemFree:         3199820 kB
Active:           457740 kB
Mem:          3.8G       796M       3.1G       5.7M        62M       327M

MemTotal:        4016004 kB
MemFree:         3200068 kB
Active:           457720 kB
Mem:          3.8G       796M       3.1G       5.7M        62M       327M

MemTotal:        4016004 kB
MemFree:         3199804 kB
Active:           457740 kB
Mem:          3.8G       797M       3.1G       5.7M        62M       327M

MemTotal:        4016004 kB
MemFree:         3199604 kB
Active:           457744 kB
Mem:          3.8G       797M       3.1G       5.7M        62M       327M

MemTotal:        4016004 kB
MemFree:         3199232 kB
Active:           457744 kB
Mem:          3.8G       797M       3.1G       5.7M        62M       327M

MemTotal:        4016004 kB
MemFree:         3199480 kB
Active:           457716 kB
Mem:          3.8G       797M       3.1G       5.7M        62M       327M

MemTotal:        4016004 kB
MemFree:         3200100 kB
Active:           457736 kB
Mem:          3.8G       796M       3.1G       5.7M        62M       327M

MemTotal:        4016004 kB
MemFree:         3200224 kB
Active:           457748 kB
Mem:          3.8G       796M       3.1G       5.7M        62M       327M

MemTotal:        4016004 kB
MemFree:         3200224 kB
Active:           457720 kB
Mem:          3.8G       796M       3.1G       5.7M        62M       327M

MemTotal:        4016004 kB
MemFree:         3200224 kB
Active:           457740 kB
Mem:          3.8G       796M       3.1G       5.7M        62M       327M

MemTotal:        4016004 kB
MemFree:         3200152 kB
Active:           457756 kB
Mem:          3.8G       796M       3.1G       5.7M        62M       327M

MemTotal:        4016004 kB
MemFree:         3200400 kB
Active:           457704 kB
Mem:          3.8G       796M       3.1G       5.7M        62M       327M

MemTotal:        4016004 kB
MemFree:         3200400 kB
Active:           457756 kB
Mem:          3.8G       796M       3.1G       5.7M        62M       327M

MemTotal:        4016004 kB
MemFree:         3199904 kB
Active:           457756 kB
Mem:          3.8G       796M       3.1G       5.7M        62M       327M

MemTotal:        4016004 kB
MemFree:         3199904 kB
Active:           457748 kB
Mem:          3.8G       797M       3.1G       5.7M        62M       327M

MemTotal:        4016004 kB
MemFree:         3200524 kB
Active:           457712 kB
Mem:          3.8G       796M       3.1G       5.7M        62M       327M

MemTotal:        4016004 kB
MemFree:         3200028 kB
Active:           457760 kB
Mem:          3.8G       796M       3.1G       5.7M        62M       327M

MemTotal:        4016004 kB
MemFree:         3200276 kB
Active:           457768 kB
Mem:          3.8G       796M       3.1G       5.7M        62M       327M

MemTotal:        4016004 kB
MemFree:         3199780 kB
Active:           457768 kB
Mem:          3.8G       796M       3.1G       5.7M        62M       327M

MemTotal:        4016004 kB
MemFree:         3200136 kB
Active:           457744 kB
Mem:          3.8G       796M       3.1G       5.7M        62M       327M

MemTotal:        4016004 kB
MemFree:         3199764 kB
Active:           457780 kB
Mem:          3.8G       796M       3.1G       5.7M        62M       327M

MemTotal:        4016004 kB
MemFree:         3199888 kB
Active:           457736 kB
Mem:          3.8G       796M       3.1G       5.7M        62M       327M

MemTotal:        4016004 kB
MemFree:         3200260 kB
Active:           457728 kB
Mem:          3.8G       797M       3.1G       5.7M        62M       327M

MemTotal:        4016004 kB
MemFree:         3199640 kB
Active:           457784 kB
Mem:          3.8G       796M       3.1G       5.7M        62M       327M

MemTotal:        4016004 kB
MemFree:         3199640 kB
Active:           457788 kB
Mem:          3.8G       796M       3.1G       5.7M        62M       327M

MemTotal:        4016004 kB
MemFree:         3200012 kB
Active:           457772 kB
Mem:          3.8G       796M       3.1G       5.7M        62M       327M

MemTotal:        4016004 kB
MemFree:         3197948 kB
Active:           457728 kB
Mem:          3.8G       798M       3.0G       5.7M        62M       327M

MemTotal:        4016004 kB
MemFree:         3197684 kB
Active:           459816 kB
Mem:          3.8G       798M       3.0G       5.7M        62M       327M

MemTotal:        4016004 kB
MemFree:         3198428 kB
Active:           459768 kB
Mem:          3.8G       798M       3.1G       5.7M        62M       327M

MemTotal:        4016004 kB
MemFree:         3198928 kB
Active:           459804 kB
Mem:          3.8G       797M       3.1G       5.7M        62M       327M

MemTotal:        4016004 kB
MemFree:         3198696 kB
Active:           459820 kB
Mem:          3.8G       798M       3.1G       5.7M        62M       327M

MemTotal:        4016004 kB
MemFree:         3198572 kB
Active:           459784 kB
Mem:          3.8G       798M       3.1G       5.7M        62M       327M

MemTotal:        4016004 kB
MemFree:         3198696 kB
Active:           459804 kB
Mem:          3.8G       798M       3.1G       5.7M        62M       327M

MemTotal:        4016004 kB
MemFree:         3198808 kB
Active:           459780 kB
Mem:          3.8G       798M       3.1G       5.7M        62M       327M

MemTotal:        4016004 kB
MemFree:         3198560 kB
Active:           459788 kB
Mem:          3.8G       798M       3.1G       5.7M        62M       327M

MemTotal:        4016004 kB
MemFree:         3198064 kB
Active:           459840 kB
Mem:          3.8G       798M       3.1G       5.7M        62M       327M

MemTotal:        4016004 kB
MemFree:         3197992 kB
Active:           457760 kB
Mem:          3.8G       798M       3.0G       5.7M        62M       327M

MemTotal:        4016004 kB
MemFree:         3197852 kB
Active:           457784 kB
Mem:          3.8G       798M       3.0G       5.7M        62M       327M

MemTotal:        4016004 kB
MemFree:         3197976 kB
Active:           459788 kB
Mem:          3.8G       798M       3.0G       5.7M        62M       327M

MemTotal:        4016004 kB
MemFree:         3197976 kB
Active:           459820 kB
Mem:          3.8G       798M       3.0G       5.7M        62M       327M

MemTotal:        4016004 kB
MemFree:         3198116 kB
Active:           459792 kB
Mem:          3.8G       798M       3.0G       5.7M        62M       327M

MemTotal:        4016004 kB
MemFree:         3198116 kB
Active:           459820 kB
Mem:          3.8G       798M       3.0G       5.7M        62M       327M

MemTotal:        4016004 kB
MemFree:         3198116 kB
Active:           459840 kB
Mem:          3.8G       798M       3.0G       5.7M        62M       327M

MemTotal:        4016004 kB
MemFree:         3198180 kB
Active:           459816 kB
Mem:          3.8G       798M       3.1G       5.7M        62M       327M

MemTotal:        4016004 kB
MemFree:         3198304 kB
Active:           459800 kB
Mem:          3.8G       798M       3.1G       5.7M        62M       327M

MemTotal:        4016004 kB
MemFree:         3198304 kB
Active:           459808 kB
Mem:          3.8G       798M       3.1G       5.7M        62M       327M

MemTotal:        4016004 kB
MemFree:         3198056 kB
Active:           459824 kB
Mem:          3.8G       798M       3.0G       5.7M        62M       327M

MemTotal:        4016004 kB
MemFree:         3198180 kB
Active:           459860 kB
Mem:          3.8G       798M       3.0G       5.7M        62M       327M

MemTotal:        4016004 kB
MemFree:         3198180 kB
Active:           459832 kB
Mem:          3.8G       798M       3.0G       5.7M        62M       327M

MemTotal:        4016004 kB
MemFree:         3198180 kB
Active:           459840 kB
Mem:          3.8G       798M       3.1G       5.7M        62M       327M

MemTotal:        4016004 kB
MemFree:         3198428 kB
Active:           459856 kB
Mem:          3.8G       798M       3.1G       5.7M        62M       327M

MemTotal:        4016004 kB
MemFree:         3197932 kB
Active:           459860 kB
Mem:          3.8G       798M       3.0G       5.7M        62M       327M

MemTotal:        4016004 kB
MemFree:         3197916 kB
Active:           459840 kB
Mem:          3.8G       798M       3.1G       5.7M        62M       327M

MemTotal:        4016004 kB
MemFree:         3198164 kB
Active:           459860 kB
Mem:          3.8G       798M       3.0G       5.7M        62M       327M

MemTotal:        4016004 kB
MemFree:         3198164 kB
Active:           459868 kB
Mem:          3.8G       798M       3.0G       5.7M        62M       327M

MemTotal:        4016004 kB
MemFree:         3198180 kB
Active:           459844 kB
Mem:          3.8G       798M       3.0G       5.7M        62M       327M

MemTotal:        4016004 kB
MemFree:         3197492 kB
Active:           457824 kB
Mem:          3.8G       799M       3.0G       5.7M        62M       327M

MemTotal:        4016004 kB
MemFree:         3198236 kB
Active:           457772 kB
Mem:          3.8G       798M       3.1G       5.7M        62M       327M

MemTotal:        4016004 kB
MemFree:         3197988 kB
Active:           459872 kB
Mem:          3.8G       798M       3.0G       5.7M        62M       327M

MemTotal:        4016004 kB
MemFree:         3198252 kB
Active:           459700 kB
Mem:          3.8G       798M       3.0G       5.7M        62M       327M

MemTotal:        4016004 kB
MemFree:         3198392 kB
Active:           459680 kB
Mem:          3.8G       798M       3.1G       5.7M        62M       327M

MemTotal:        4016004 kB
MemFree:         3198516 kB
Active:           459692 kB
Mem:          3.8G       798M       3.1G       5.7M        62M       327M

MemTotal:        4016004 kB
MemFree:         3198392 kB
Active:           459704 kB
Mem:          3.8G       798M       3.1G       5.7M        62M       327M

MemTotal:        4016004 kB
MemFree:         3198640 kB
Active:           459664 kB
Mem:          3.8G       798M       3.1G       5.7M        62M       327M

MemTotal:        4016004 kB
MemFree:         3198640 kB
Active:           459664 kB
Mem:          3.8G       798M       3.1G       5.7M        62M       327M

MemTotal:        4016004 kB
MemFree:         3198764 kB
Active:           459684 kB
Mem:          3.8G       798M       3.1G       5.7M        62M       327M

MemTotal:        4016004 kB
MemFree:         3198268 kB
Active:           459716 kB
Mem:          3.8G       798M       3.1G       5.7M        62M       327M

MemTotal:        4016004 kB
MemFree:         3198888 kB
Active:           459684 kB
Mem:          3.8G       798M       3.1G       5.7M        62M       327M

MemTotal:        4016004 kB
MemFree:         3198764 kB
Active:           459688 kB
Mem:          3.8G       797M       3.1G       5.7M        62M       327M

MemTotal:        4016004 kB
MemFree:         3198764 kB
Active:           459696 kB
Mem:          3.8G       798M       3.1G       5.7M        62M       327M

MemTotal:        4016004 kB
MemFree:         3198888 kB
Active:           459704 kB
Mem:          3.8G       797M       3.1G       5.7M        62M       327M

MemTotal:        4016004 kB
MemFree:         3198888 kB
Active:           459688 kB
Mem:          3.8G       797M       3.1G       5.7M        62M       327M

MemTotal:        4016004 kB
MemFree:         3198904 kB
Active:           459700 kB
Mem:          3.8G       798M       3.1G       5.7M        62M       327M

MemTotal:        4016004 kB
MemFree:         3198780 kB
Active:           459692 kB
Mem:          3.8G       798M       3.1G       5.7M        62M       327M

MemTotal:        4016004 kB
MemFree:         3198780 kB
Active:           459696 kB
Mem:          3.8G       798M       3.1G       5.7M        62M       327M

MemTotal:        4016004 kB
MemFree:         3198408 kB
Active:           459740 kB
Mem:          3.8G       798M       3.1G       5.7M        62M       327M

MemTotal:        4016004 kB
MemFree:         3198656 kB
Active:           459712 kB
Mem:          3.8G       798M       3.1G       5.7M        62M       327M

MemTotal:        4016004 kB
MemFree:         3198524 kB
Active:           459732 kB
Mem:          3.8G       798M       3.1G       5.7M        62M       327M

MemTotal:        4016004 kB
MemFree:         3198524 kB
Active:           459708 kB
Mem:          3.8G       798M       3.1G       5.7M        62M       327M

MemTotal:        4016004 kB
MemFree:         3198524 kB
Active:           459700 kB
Mem:          3.8G       798M       3.1G       5.7M        62M       327M

MemTotal:        4016004 kB
MemFree:         3198400 kB
Active:           459728 kB
Mem:          3.8G       798M       3.1G       5.7M        62M       327M

MemTotal:        4016004 kB
MemFree:         3198524 kB
Active:           459708 kB
Mem:          3.8G       798M       3.1G       5.7M        62M       327M

MemTotal:        4016004 kB
MemFree:         3198152 kB
Active:           459756 kB
Mem:          3.8G       798M       3.1G       5.7M        62M       327M

MemTotal:        4016004 kB
MemFree:         3198772 kB
Active:           459712 kB
Mem:          3.8G       798M       3.1G       5.7M        62M       327M

MemTotal:        4016004 kB
MemFree:         3198772 kB
Active:           459728 kB
Mem:          3.8G       798M       3.1G       5.7M        62M       327M

MemTotal:        4016004 kB
MemFree:         3198896 kB
Active:           459756 kB
Mem:          3.8G       798M       3.1G       5.7M        62M       327M

MemTotal:        4016004 kB
MemFree:         3197716 kB
Active:           457724 kB
Mem:          3.8G       798M       3.0G       5.7M        62M       327M

MemTotal:        4016004 kB
MemFree:         3198088 kB
Active:           457716 kB
Mem:          3.8G       798M       3.0G       5.7M        62M       327M

MemTotal:        4016004 kB
MemFree:         3197964 kB
Active:           457720 kB
Mem:          3.8G       798M       3.0G       5.7M        62M       327M

MemTotal:        4016004 kB
MemFree:         3197964 kB
Active:           457692 kB
Mem:          3.8G       798M       3.0G       5.7M        62M       327M

MemTotal:        4016004 kB
MemFree:         3197700 kB
Active:           459764 kB
Mem:          3.8G       798M       3.0G       5.7M        62M       327M

MemTotal:        4016004 kB
MemFree:         3198196 kB
Active:           459740 kB
Mem:          3.8G       798M       3.1G       5.7M        62M       327M

MemTotal:        4016004 kB
MemFree:         3198196 kB
Active:           459760 kB
Mem:          3.8G       798M       3.1G       5.7M        62M       327M

MemTotal:        4016004 kB
MemFree:         3197700 kB
Active:           459796 kB
Mem:          3.8G       798M       3.0G       5.7M        62M       327M

MemTotal:        4016004 kB
MemFree:         3197948 kB
Active:           459760 kB
Mem:          3.8G       798M       3.0G       5.7M        62M       327M

MemTotal:        4016004 kB
MemFree:         3197576 kB
Active:           459804 kB
Mem:          3.8G       798M       3.0G       5.7M        62M       327M

MemTotal:        4016004 kB
MemFree:         3197368 kB
Active:           457804 kB
Mem:          3.8G       799M       3.0G       5.7M        62M       327M

MemTotal:        4016004 kB
MemFree:         3197476 kB
Active:           459852 kB
Mem:          3.8G       799M       3.0G       5.7M        62M       327M

MemTotal:        4016004 kB
MemFree:         3197832 kB
Active:           459820 kB
Mem:          3.8G       799M       3.0G       5.7M        62M       327M

MemTotal:        4016004 kB
MemFree:         3197956 kB
Active:           459836 kB
Mem:          3.8G       798M       3.1G       5.7M        62M       327M

MemTotal:        4016004 kB
MemFree:         3198576 kB
Active:           459804 kB
Mem:          3.8G       798M       3.1G       5.7M        62M       327M

MemTotal:        4016004 kB
MemFree:         3198576 kB
Active:           459848 kB
Mem:          3.8G       798M       3.1G       5.7M        62M       327M

MemTotal:        4016004 kB
MemFree:         3197956 kB
Active:           459860 kB
Mem:          3.8G       798M       3.1G       5.7M        62M       327M

MemTotal:        4016004 kB
MemFree:         3198484 kB
Active:           459836 kB
Mem:          3.8G       798M       3.1G       5.7M        62M       327M

MemTotal:        4016004 kB
MemFree:         3198484 kB
Active:           459848 kB
Mem:          3.8G       798M       3.1G       5.7M        62M       327M

MemTotal:        4016004 kB
MemFree:         3198360 kB
Active:           459852 kB
Mem:          3.8G       798M       3.1G       5.7M        62M       327M

MemTotal:        4016004 kB
MemFree:         3197232 kB
Active:           459952 kB
Mem:          3.8G       799M       3.0G       5.7M        62M       327M

MemTotal:        4016004 kB
MemFree:         3197464 kB
Active:           459952 kB
Mem:          3.8G       799M       3.0G       5.7M        62M       327M

MemTotal:        4016004 kB
MemFree:         3197696 kB
Active:           459952 kB
Mem:          3.8G       799M       3.0G       5.7M        62M       327M

MemTotal:        4016004 kB
MemFree:         3197928 kB
Active:           459932 kB
Mem:          3.8G       799M       3.0G       5.7M        62M       327M

MemTotal:        4016004 kB
MemFree:         3198084 kB
Active:           459952 kB
Mem:          3.8G       799M       3.0G       5.7M        62M       327M

MemTotal:        4016004 kB
MemFree:         3197464 kB
Active:           459960 kB
Mem:          3.8G       798M       3.0G       5.7M        62M       327M

MemTotal:        4016004 kB
MemFree:         3198084 kB
Active:           459944 kB
Mem:          3.8G       798M       3.0G       5.7M        62M       327M

MemTotal:        4016004 kB
MemFree:         3198084 kB
Active:           459916 kB
Mem:          3.8G       798M       3.0G       5.7M        62M       327M

MemTotal:        4016004 kB
MemFree:         3198208 kB
Active:           459904 kB
Mem:          3.8G       798M       3.1G       5.7M        62M       327M

MemTotal:        4016004 kB
MemFree:         3197728 kB
Active:           459964 kB
Mem:          3.8G       798M       3.0G       5.7M        62M       327M

MemTotal:        4016004 kB
MemFree:         3197852 kB
Active:           459956 kB
Mem:          3.8G       798M       3.0G       5.7M        62M       327M

MemTotal:        4016004 kB
MemFree:         3197976 kB
Active:           459952 kB
Mem:          3.8G       798M       3.0G       5.7M        62M       327M

MemTotal:        4016004 kB
MemFree:         3197356 kB
Active:           459972 kB
Mem:          3.8G       799M       3.0G       5.7M        62M       327M

MemTotal:        4016004 kB
MemFree:         3198224 kB
Active:           459952 kB
Mem:          3.8G       798M       3.1G       5.7M        62M       327M

MemTotal:        4016004 kB
MemFree:         3198720 kB
Active:           459956 kB
Mem:          3.8G       798M       3.1G       5.7M        62M       327M

MemTotal:        4016004 kB
MemFree:         3198720 kB
Active:           459968 kB
Mem:          3.8G       798M       3.1G       5.7M        62M       327M

MemTotal:        4016004 kB
MemFree:         3198720 kB
Active:           459964 kB
Mem:          3.8G       798M       3.1G       5.7M        62M       327M

MemTotal:        4016004 kB
MemFree:         3198348 kB
Active:           459968 kB
Mem:          3.8G       798M       3.1G       5.7M        62M       327M

MemTotal:        4016004 kB
MemFree:         3198348 kB
Active:           459972 kB
Mem:          3.8G       798M       3.1G       5.7M        62M       327M

MemTotal:        4016004 kB
MemFree:         3198348 kB
Active:           459972 kB
Mem:          3.8G       798M       3.1G       5.7M        62M       327M

MemTotal:        4016004 kB
MemFree:         3198472 kB
Active:           459964 kB
Mem:          3.8G       798M       3.1G       5.7M        62M       327M

MemTotal:        4016004 kB
MemFree:         3198472 kB
Active:           459964 kB
Mem:          3.8G       798M       3.0G       5.7M        62M       327M

MemTotal:        4016004 kB
MemFree:         3198596 kB
Active:           459956 kB
Mem:          3.8G       798M       3.1G       5.7M        62M       327M

MemTotal:        4016004 kB
MemFree:         3198844 kB
Active:           459964 kB
Mem:          3.8G       797M       3.1G       5.7M        62M       327M

MemTotal:        4016004 kB
MemFree:         3198720 kB
Active:           459956 kB
Mem:          3.8G       798M       3.1G       5.7M        62M       327M

MemTotal:        4016004 kB
MemFree:         3198720 kB
Active:           459936 kB
Mem:          3.8G       798M       3.1G       5.7M        62M       327M

MemTotal:        4016004 kB
MemFree:         3198348 kB
Active:           459996 kB
Mem:          3.8G       798M       3.1G       5.7M        62M       327M

MemTotal:        4016004 kB
MemFree:         3198224 kB
Active:           459948 kB
Mem:          3.8G       798M       3.0G       5.7M        62M       327M

MemTotal:        4016004 kB
MemFree:         3197852 kB
Active:           459996 kB
Mem:          3.8G       799M       3.0G       5.7M        62M       327M

MemTotal:        4016004 kB
MemFree:         3197976 kB
Active:           459952 kB
Mem:          3.8G       799M       3.0G       5.7M        62M       327M

MemTotal:        4016004 kB
MemFree:         3197416 kB
Active:           457968 kB
Mem:          3.8G       799M       3.0G       5.7M        62M       327M

MemTotal:        4016004 kB
MemFree:         3197912 kB
Active:           457944 kB
Mem:          3.8G       798M       3.0G       5.7M        62M       327M

MemTotal:        4016004 kB
MemFree:         3197912 kB
Active:           457952 kB
Mem:          3.8G       798M       3.0G       5.7M        62M       327M

MemTotal:        4016004 kB
MemFree:         3197912 kB
Active:           457968 kB
Mem:          3.8G       799M       3.0G       5.7M        62M       327M

MemTotal:        4016004 kB
MemFree:         3197292 kB
Active:           460024 kB
Mem:          3.8G       799M       3.0G       5.7M        62M       327M

MemTotal:        4016004 kB
MemFree:         3197788 kB
Active:           459972 kB
Mem:          3.8G       799M       3.0G       5.7M        62M       327M

MemTotal:        4016004 kB
MemFree:         3197788 kB
Active:           460008 kB
Mem:          3.8G       798M       3.0G       5.7M        62M       327M

MemTotal:        4016004 kB
MemFree:         3197912 kB
Active:           460012 kB
Mem:          3.8G       798M       3.0G       5.7M        62M       327M

MemTotal:        4016004 kB
MemFree:         3197912 kB
Active:           460036 kB
Mem:          3.8G       798M       3.0G       5.7M        62M       327M

MemTotal:        4016004 kB
MemFree:         3198408 kB
Active:           460036 kB
Mem:          3.8G       798M       3.1G       5.7M        62M       327M

MemTotal:        4016004 kB
MemFree:         3197972 kB
Active:           457948 kB
Mem:          3.8G       798M       3.0G       5.7M        62M       327M

MemTotal:        4016004 kB
MemFree:         3197848 kB
Active:           460020 kB
Mem:          3.8G       798M       3.0G       5.7M        62M       327M

MemTotal:        4016004 kB
MemFree:         3198112 kB
Active:           459992 kB
Mem:          3.8G       798M       3.0G       5.7M        62M       327M

MemTotal:        4016004 kB
MemFree:         3198112 kB
Active:           459992 kB
Mem:          3.8G       798M       3.0G       5.7M        62M       327M

MemTotal:        4016004 kB
MemFree:         3197864 kB
Active:           460004 kB
Mem:          3.8G       799M       3.0G       5.7M        62M       327M

MemTotal:        4016004 kB
MemFree:         3197988 kB
Active:           460020 kB
Mem:          3.8G       798M       3.0G       5.7M        62M       327M

MemTotal:        4016004 kB
MemFree:         3197616 kB
Active:           460044 kB
Mem:          3.8G       799M       3.0G       5.7M        62M       327M

MemTotal:        4016004 kB
MemFree:         3198112 kB
Active:           460004 kB
Mem:          3.8G       799M       3.0G       5.7M        62M       327M

MemTotal:        4016004 kB
MemFree:         3197988 kB
Active:           460016 kB
Mem:          3.8G       798M       3.0G       5.7M        62M       327M

MemTotal:        4016004 kB
MemFree:         3197616 kB
Active:           460056 kB
Mem:          3.8G       798M       3.0G       5.7M        62M       327M

MemTotal:        4016004 kB
MemFree:         3197616 kB
Active:           460056 kB
Mem:          3.8G       799M       3.0G       5.7M        62M       327M

MemTotal:        4016004 kB
MemFree:         3198236 kB
Active:           460012 kB
Mem:          3.8G       798M       3.0G       5.7M        62M       327M

MemTotal:        4016004 kB
MemFree:         3197724 kB
Active:           460064 kB
Mem:          3.8G       798M       3.0G       5.7M        62M       327M

MemTotal:        4016004 kB
MemFree:         3198096 kB
Active:           460008 kB
Mem:          3.8G       798M       3.0G       5.7M        62M       327M

MemTotal:        4016004 kB
MemFree:         3197972 kB
Active:           460060 kB
Mem:          3.8G       798M       3.0G       5.7M        62M       327M

MemTotal:        4016004 kB
MemFree:         3198096 kB
Active:           460048 kB
Mem:          3.8G       798M       3.0G       5.7M        62M       327M

MemTotal:        4016004 kB
MemFree:         3198096 kB
Active:           460072 kB
Mem:          3.8G       798M       3.1G       5.7M        62M       327M

MemTotal:        4016004 kB
MemFree:         3198592 kB
Active:           460032 kB
Mem:          3.8G       798M       3.1G       5.7M        62M       327M

MemTotal:        4016004 kB
MemFree:         3198576 kB
Active:           460060 kB
Mem:          3.8G       798M       3.1G       5.7M        62M       327M

MemTotal:        4016004 kB
MemFree:         3198576 kB
Active:           460020 kB
Mem:          3.8G       798M       3.1G       5.7M        62M       327M

MemTotal:        4016004 kB
MemFree:         3198452 kB
Active:           460060 kB
Mem:          3.8G       798M       3.1G       5.7M        62M       327M

MemTotal:        4016004 kB
MemFree:         3198576 kB
Active:           460072 kB
Mem:          3.8G       798M       3.1G       5.7M        62M       327M

MemTotal:        4016004 kB
MemFree:         3198220 kB
Active:           460072 kB
Mem:          3.8G       798M       3.0G       5.7M        62M       327M

MemTotal:        4016004 kB
MemFree:         3198220 kB
Active:           460064 kB
Mem:          3.8G       798M       3.0G       5.7M        62M       327M

MemTotal:        4016004 kB
MemFree:         3198220 kB
Active:           460068 kB
Mem:          3.8G       798M       3.1G       5.7M        62M       327M

MemTotal:        4016004 kB
MemFree:         3198592 kB
Active:           460040 kB
Mem:          3.8G       798M       3.1G       5.7M        62M       327M

MemTotal:        4016004 kB
MemFree:         3198360 kB
Active:           460096 kB
Mem:          3.8G       798M       3.1G       5.7M        62M       327M

MemTotal:        4016004 kB
MemFree:         3197988 kB
Active:           460096 kB
Mem:          3.8G       798M       3.0G       5.7M        62M       327M

MemTotal:        4016004 kB
MemFree:         3198360 kB
Active:           460052 kB
Mem:          3.8G       798M       3.1G       5.7M        62M       327M

MemTotal:        4016004 kB
MemFree:         3197988 kB
Active:           460104 kB
Mem:          3.8G       798M       3.1G       5.7M        62M       327M

MemTotal:        4016004 kB
MemFree:         3196188 kB
Active:           460024 kB
Mem:          3.8G       800M       3.0G       5.7M        62M       327M

MemTotal:        4016004 kB
MemFree:         3196684 kB
Active:           460048 kB
Mem:          3.8G       800M       3.0G       5.7M        62M       327M

MemTotal:        4016004 kB
MemFree:         3196684 kB
Active:           462112 kB
Mem:          3.8G       800M       3.0G       5.7M        62M       327M

MemTotal:        4016004 kB
MemFree:         3196312 kB
Active:           462112 kB
Mem:          3.8G       800M       3.0G       5.7M        62M       327M

MemTotal:        4016004 kB
MemFree:         3196312 kB
Active:           462092 kB
Mem:          3.8G       800M       3.0G       5.7M        62M       327M

MemTotal:        4016004 kB
MemFree:         3196140 kB
Active:           462272 kB
Mem:          3.8G       800M       3.0G       5.7M        62M       327M

MemTotal:        4016004 kB
MemFree:         3152704 kB
Active:           462640 kB
Mem:          3.8G       843M       3.0G       5.7M        62M       369M

MemTotal:        4016004 kB
MemFree:         3106232 kB
Active:           462648 kB
Mem:          3.8G       888M       3.0G       5.7M        62M       414M

MemTotal:        4016004 kB
MemFree:         3059868 kB
Active:           462652 kB
Mem:          3.8G       934M       2.9G       5.7M        62M       458M

MemTotal:        4016004 kB
MemFree:         3013396 kB
Active:           462652 kB
Mem:          3.8G       979M       2.9G       5.7M        62M       503M

MemTotal:        4016004 kB
MemFree:         2966428 kB
Active:           462656 kB
Mem:          3.8G       1.0G       2.8G       5.7M        62M       548M

MemTotal:        4016004 kB
MemFree:         2919800 kB
Active:           462664 kB
Mem:          3.8G       1.0G       2.8G       5.7M        62M       593M

MemTotal:        4016004 kB
MemFree:         2873328 kB
Active:           462664 kB
Mem:          3.8G       1.1G       2.7G       5.7M        62M       638M

MemTotal:        4016004 kB
MemFree:         2826832 kB
Active:           462668 kB
Mem:          3.8G       1.1G       2.7G       5.7M        62M       682M

MemTotal:        4016004 kB
MemFree:         2780176 kB
Active:           462668 kB
Mem:          3.8G       1.2G       2.7G       5.7M        62M       728M

MemTotal:        4016004 kB
MemFree:         2733624 kB
Active:           462676 kB
Mem:          3.8G       1.2G       2.6G       5.7M        62M       772M

MemTotal:        4016004 kB
MemFree:         2708376 kB
Active:           462676 kB
Mem:          3.8G       1.2G       2.6G       5.7M        62M       797M

MemTotal:        4016004 kB
MemFree:         2662348 kB
Active:           462684 kB
Mem:          3.8G       1.3G       2.5G       5.7M        62M       841M

MemTotal:        4016004 kB
MemFree:         2647428 kB
Active:           462688 kB
Mem:          3.8G       1.3G       2.5G       5.7M        62M       854M

MemTotal:        4016004 kB
MemFree:         2601512 kB
Active:           462700 kB
Mem:          3.8G       1.3G       2.5G       5.7M        62M       899M

MemTotal:        4016004 kB
MemFree:         2552856 kB
Active:           464728 kB
Mem:          3.8G       1.4G       2.4G       5.7M        62M       944M

MemTotal:        4016004 kB
MemFree:         2548180 kB
Active:           464732 kB
Mem:          3.8G       1.4G       2.4G       5.7M        62M       949M

MemTotal:        4016004 kB
MemFree:         2504040 kB
Active:           464740 kB
Mem:          3.8G       1.4G       2.4G       5.7M        62M       992M

MemTotal:        4016004 kB
MemFree:         2457056 kB
Active:           464712 kB
Mem:          3.8G       1.5G       2.3G       5.7M        62M       1.0G

MemTotal:        4016004 kB
MemFree:         2410832 kB
Active:           464740 kB
Mem:          3.8G       1.5G       2.3G       5.7M        62M       1.1G

MemTotal:        4016004 kB
MemFree:         2363616 kB
Active:           464740 kB
Mem:          3.8G       1.6G       2.3G       5.7M        62M       1.1G

MemTotal:        4016004 kB
MemFree:         2318120 kB
Active:           464752 kB
Mem:          3.8G       1.6G       2.2G       5.7M        62M       1.1G

MemTotal:        4016004 kB
MemFree:         2289844 kB
Active:           464752 kB
Mem:          3.8G       1.6G       2.2G       5.7M        62M       1.2G

MemTotal:        4016004 kB
MemFree:         2243140 kB
Active:           464764 kB
Mem:          3.8G       1.7G       2.1G       5.7M        62M       1.2G

MemTotal:        4016004 kB
MemFree:         2217516 kB
Active:           464764 kB
Mem:          3.8G       1.7G       2.1G       5.7M        62M       1.2G

MemTotal:        4016004 kB
MemFree:         2209148 kB
Active:           466804 kB
Mem:          3.8G       1.7G       2.1G       5.7M        62M       1.2G

MemTotal:        4016004 kB
MemFree:         2204668 kB
Active:           466816 kB
Mem:          3.8G       1.7G       2.1G       5.7M        62M       1.2G

MemTotal:        4016004 kB
MemFree:         2204176 kB
Active:           466788 kB
Mem:          3.8G       1.7G       2.1G       5.7M        62M       1.2G

MemTotal:        4016004 kB
MemFree:         2175892 kB
Active:           466824 kB
Mem:          3.8G       1.8G       2.1G       5.7M        62M       1.3G

MemTotal:        4016004 kB
MemFree:         2129652 kB
Active:           466828 kB
Mem:          3.8G       1.8G       2.0G       5.7M        62M       1.3G

MemTotal:        4016004 kB
MemFree:         2082560 kB
Active:           466832 kB
Mem:          3.8G       1.8G       2.0G       5.7M        62M       1.4G

MemTotal:        4016004 kB
MemFree:         2036924 kB
Active:           466840 kB
Mem:          3.8G       1.9G       1.9G       5.7M        62M       1.4G

MemTotal:        4016004 kB
MemFree:         1989832 kB
Active:           466844 kB
Mem:          3.8G       1.9G       1.9G       5.7M        62M       1.4G

MemTotal:        4016004 kB
MemFree:         1943856 kB
Active:           466824 kB
Mem:          3.8G       2.0G       1.9G       5.7M        62M       1.5G

MemTotal:        4016004 kB
MemFree:         1896624 kB
Active:           466844 kB
Mem:          3.8G       2.0G       1.8G       5.7M        62M       1.5G

MemTotal:        4016004 kB
MemFree:         1851548 kB
Active:           466864 kB
Mem:          3.8G       2.1G       1.8G       5.7M        62M       1.6G

MemTotal:        4016004 kB
MemFree:         1838836 kB
Active:           466888 kB
Mem:          3.8G       2.1G       1.8G       5.7M        62M       1.6G

MemTotal:        4016004 kB
MemFree:         1791188 kB
Active:           466896 kB
Mem:          3.8G       2.1G       1.7G       5.7M        62M       1.6G

MemTotal:        4016004 kB
MemFree:         1770220 kB
Active:           466904 kB
Mem:          3.8G       2.1G       1.7G       5.7M        62M       1.7G

MemTotal:        4016004 kB
MemFree:         1762012 kB
Active:           466912 kB
Mem:          3.8G       2.1G       1.7G       5.7M        62M       1.7G

MemTotal:        4016004 kB
MemFree:         1715720 kB
Active:           466900 kB
Mem:          3.8G       2.2G       1.6G       5.7M        62M       1.7G

MemTotal:        4016004 kB
MemFree:         1668636 kB
Active:           466932 kB
Mem:          3.8G       2.2G       1.6G       5.7M        62M       1.8G

MemTotal:        4016004 kB
MemFree:         1622460 kB
Active:           466900 kB
Mem:          3.8G       2.3G       1.5G       5.7M        62M       1.8G

MemTotal:        4016004 kB
MemFree:         1575104 kB
Active:           466944 kB
Mem:          3.8G       2.3G       1.5G       5.7M        62M       1.8G

MemTotal:        4016004 kB
MemFree:         1528012 kB
Active:           466948 kB
Mem:          3.8G       2.4G       1.5G       5.7M        62M       1.9G

MemTotal:        4016004 kB
MemFree:         1479600 kB
Active:           468944 kB
Mem:          3.8G       2.4G       1.4G       5.7M        62M       1.9G

MemTotal:        4016004 kB
MemFree:         1433128 kB
Active:           468980 kB
Mem:          3.8G       2.5G       1.4G       5.7M        62M       2.0G

MemTotal:        4016004 kB
MemFree:         1386976 kB
Active:           468992 kB
Mem:          3.8G       2.5G       1.3G       5.7M        62M       2.0G

MemTotal:        4016004 kB
MemFree:         1339640 kB
Active:           468992 kB
Mem:          3.8G       2.6G       1.3G       5.7M        62M       2.1G

MemTotal:        4016004 kB
MemFree:         1293088 kB
Active:           468992 kB
Mem:          3.8G       2.6G       1.2G       5.7M        62M       2.1G

MemTotal:        4016004 kB
MemFree:         1246712 kB
Active:           468992 kB
Mem:          3.8G       2.6G       1.2G       5.7M        62M       2.1G

MemTotal:        4016004 kB
MemFree:         1235600 kB
Active:           469004 kB
Mem:          3.8G       2.7G       1.2G       5.7M        62M       2.2G

MemTotal:        4016004 kB
MemFree:         1235408 kB
Active:           469016 kB
Mem:          3.8G       2.7G       1.2G       5.7M        62M       2.2G

MemTotal:        4016004 kB
MemFree:         1235692 kB
Active:           468984 kB
Mem:          3.8G       2.7G       1.2G       5.7M        62M       2.2G

MemTotal:        4016004 kB
MemFree:         1225304 kB
Active:           469020 kB
Mem:          3.8G       2.7G       1.2G       5.7M        62M       2.2G

MemTotal:        4016004 kB
MemFree:         1178508 kB
Active:           469024 kB
Mem:          3.8G       2.7G       1.1G       5.7M        62M       2.2G

MemTotal:        4016004 kB
MemFree:         1131152 kB
Active:           469024 kB
Mem:          3.8G       2.8G       1.1G       5.7M        62M       2.3G

MemTotal:        4016004 kB
MemFree:         1085548 kB
Active:           468992 kB
Mem:          3.8G       2.8G       1.0G       5.7M        62M       2.3G

MemTotal:        4016004 kB
MemFree:         1038316 kB
Active:           468992 kB
Mem:          3.8G       2.8G       1.0G       5.7M        62M       2.3G

MemTotal:        4016004 kB
MemFree:          991720 kB
Active:           469012 kB
Mem:          3.8G       2.9G       968M       5.7M        62M       2.4G

MemTotal:        4016004 kB
MemFree:          944844 kB
Active:           469036 kB
Mem:          3.8G       2.9G       922M       5.7M        62M       2.4G

MemTotal:        4016004 kB
MemFree:          898000 kB
Active:           469036 kB
Mem:          3.8G       3.0G       876M       5.7M        62M       2.5G

MemTotal:        4016004 kB
MemFree:          881920 kB
Active:           469040 kB
Mem:          3.8G       3.0G       860M       5.7M        62M       2.5G

MemTotal:        4016004 kB
MemFree:          834768 kB
Active:           469048 kB
Mem:          3.8G       3.0G       815M       5.7M        62M       2.5G

MemTotal:        4016004 kB
MemFree:          795788 kB
Active:           469048 kB
Mem:          3.8G       3.1G       776M       5.7M        62M       2.6G

MemTotal:        4016004 kB
MemFree:          774716 kB
Active:           469052 kB
Mem:          3.8G       3.1G       756M       5.7M        62M       2.6G

MemTotal:        4016004 kB
MemFree:          770252 kB
Active:           469076 kB
Mem:          3.8G       3.1G       751M       5.7M        62M       2.6G

MemTotal:        4016004 kB
MemFree:          734272 kB
Active:           469116 kB
Mem:          3.8G       3.1G       716M       5.7M        62M       2.6G

MemTotal:        4016004 kB
MemFree:          733932 kB
Active:           469088 kB
Mem:          3.8G       3.1G       716M       5.7M        62M       2.6G

MemTotal:        4016004 kB
MemFree:          697412 kB
Active:           469128 kB
Mem:          3.8G       3.2G       680M       5.7M        62M       2.7G

MemTotal:        4016004 kB
MemFree:          651048 kB
Active:           469152 kB
Mem:          3.8G       3.2G       635M       5.7M        62M       2.7G

MemTotal:        4016004 kB
MemFree:          604204 kB
Active:           469180 kB
Mem:          3.8G       3.3G       589M       5.7M        62M       2.7G

MemTotal:        4016004 kB
MemFree:          557236 kB
Active:           469168 kB
Mem:          3.8G       3.3G       543M       5.7M        62M       2.8G

MemTotal:        4016004 kB
MemFree:          510376 kB
Active:           469180 kB
Mem:          3.8G       3.3G       498M       5.7M        62M       2.8G

MemTotal:        4016004 kB
MemFree:          463160 kB
Active:           469180 kB
Mem:          3.8G       3.4G       451M       5.7M        62M       2.9G

MemTotal:        4016004 kB
MemFree:          416052 kB
Active:           469192 kB
Mem:          3.8G       3.4G       405M       5.7M        62M       2.9G

MemTotal:        4016004 kB
MemFree:          370208 kB
Active:           469200 kB
Mem:          3.8G       3.5G       361M       5.7M        62M       3.0G

MemTotal:        4016004 kB
MemFree:          323364 kB
Active:           469208 kB
Mem:          3.8G       3.5G       315M       5.7M        62M       3.0G

MemTotal:        4016004 kB
MemFree:          276960 kB
Active:           469208 kB
Mem:          3.8G       3.6G       269M       5.7M        62M       3.1G

MemTotal:        4016004 kB
MemFree:          228956 kB
Active:           469232 kB
Mem:          3.8G       3.6G       223M       5.7M        62M       3.1G

MemTotal:        4016004 kB
MemFree:          182452 kB
Active:           469240 kB
Mem:          3.8G       3.7G       177M       5.7M        62M       3.1G

MemTotal:        4016004 kB
MemFree:          135444 kB
Active:           469240 kB
Mem:          3.8G       3.7G       132M       5.7M        62M       3.2G

MemTotal:        4016004 kB
MemFree:          112372 kB
Active:           467064 kB
Mem:          3.8G       3.7G       127M       5.7M        29M       3.2G

MemTotal:        4016004 kB
MemFree:          119856 kB
Active:           477024 kB
Mem:          3.8G       3.7G       116M       5.7M        29M       3.2G

MemTotal:        4016004 kB
MemFree:          118672 kB
Active:           522936 kB
Mem:          3.8G       3.7G       114M       5.7M        29M       3.2G

MemTotal:        4016004 kB
MemFree:          115476 kB
Active:           525796 kB
Mem:          3.8G       3.7G       110M       5.7M        29M       3.2G

MemTotal:        4016004 kB
MemFree:          105088 kB
Active:           522352 kB
Mem:          3.8G       3.7G       102M       5.7M        29M       3.2G

MemTotal:        4016004 kB
MemFree:          121044 kB
Active:           516864 kB
Mem:          3.8G       3.7G       117M       5.7M        29M       3.2G

MemTotal:        4016004 kB
MemFree:          109712 kB
Active:           513232 kB
Mem:          3.8G       3.7G       106M       5.7M        29M       3.2G

MemTotal:        4016004 kB
MemFree:          120912 kB
Active:           511064 kB
Mem:          3.8G       3.7G       117M       5.7M        29M       3.2G

MemTotal:        4016004 kB
MemFree:          109844 kB
Active:           507660 kB
Mem:          3.8G       3.7G       107M       5.7M        29M       3.2G

MemTotal:        4016004 kB
MemFree:          131184 kB
Active:           504588 kB
Mem:          3.8G       3.7G       128M       5.7M        29M       3.2G

MemTotal:        4016004 kB
MemFree:          129288 kB
Active:           504612 kB
Mem:          3.8G       3.7G       126M       5.7M        29M       3.2G

MemTotal:        4016004 kB
MemFree:          128844 kB
Active:           504632 kB
Mem:          3.8G       3.7G       125M       5.7M        29M       3.2G

MemTotal:        4016004 kB
MemFree:          108888 kB
Active:           502868 kB
Mem:          3.8G       3.7G       105M       5.7M        29M       3.2G

MemTotal:        4016004 kB
MemFree:          133952 kB
Active:           495956 kB
Mem:          3.8G       3.7G       130M       5.7M        29M       3.2G

MemTotal:        4016004 kB
MemFree:          134544 kB
Active:           488188 kB
Mem:          3.8G       3.7G       131M       5.7M        29M       3.2G

MemTotal:        4016004 kB
MemFree:          123940 kB
Active:           482784 kB
Mem:          3.8G       3.7G       120M       5.7M        29M       3.2G

MemTotal:        4016004 kB
MemFree:          112960 kB
Active:           478972 kB
Mem:          3.8G       3.7G       110M       5.7M        29M       3.2G

MemTotal:        4016004 kB
MemFree:          126124 kB
Active:           475228 kB
Mem:          3.8G       3.7G       123M       5.7M        29M       3.2G

MemTotal:        4016004 kB
MemFree:          122176 kB
Active:           473820 kB
Mem:          3.8G       3.7G       119M       5.7M        29M       3.2G

MemTotal:        4016004 kB
MemFree:          129008 kB
Active:           472684 kB
Mem:          3.8G       3.7G       125M       5.7M        29M       3.2G

MemTotal:        4016004 kB
MemFree:          135908 kB
Active:           471668 kB
Mem:          3.8G       3.7G       132M       5.7M        29M       3.2G

MemTotal:        4016004 kB
MemFree:          141936 kB
Active:           469492 kB
Mem:          3.8G       3.7G       138M       5.7M        29M       3.2G

MemTotal:        4016004 kB
MemFree:          129312 kB
Active:           469500 kB
Mem:          3.8G       3.7G       125M       5.7M        29M       3.2G

MemTotal:        4016004 kB
MemFree:          144988 kB
Active:           463428 kB
Mem:          3.8G       3.7G       140M       5.7M        29M       3.2G

MemTotal:        4016004 kB
MemFree:          131012 kB
Active:           463440 kB
Mem:          3.8G       3.7G       127M       5.7M        29M       3.2G

MemTotal:        4016004 kB
MemFree:          127956 kB
Active:           463452 kB
Mem:          3.8G       3.7G       124M       5.7M        29M       3.2G

MemTotal:        4016004 kB
MemFree:          118572 kB
Active:           462312 kB
Mem:          3.8G       3.7G       115M       5.7M        29M       3.2G

MemTotal:        4016004 kB
MemFree:          116248 kB
Active:           462312 kB
Mem:          3.8G       3.7G       113M       5.7M        29M       3.2G

MemTotal:        4016004 kB
MemFree:          127392 kB
Active:           460400 kB
Mem:          3.8G       3.7G       123M       5.7M        29M       3.2G

MemTotal:        4016004 kB
MemFree:          116384 kB
Active:           459120 kB
Mem:          3.8G       3.7G       113M       5.7M        29M       3.2G

MemTotal:        4016004 kB
MemFree:          105128 kB
Active:           457968 kB
Mem:          3.8G       3.7G       102M       5.7M        29M       3.2G

MemTotal:        4016004 kB
MemFree:          111340 kB
Active:           455796 kB
Mem:          3.8G       3.7G       108M       5.7M        29M       3.2G

MemTotal:        4016004 kB
MemFree:          124332 kB
Active:           454144 kB
Mem:          3.8G       3.7G       121M       5.7M        29M       3.2G

MemTotal:        4016004 kB
MemFree:          144360 kB
Active:           449692 kB
Mem:          3.8G       3.7G       140M       5.7M        29M       3.2G

MemTotal:        4016004 kB
MemFree:          127056 kB
Active:           448672 kB
Mem:          3.8G       3.7G       123M       5.7M        29M       3.2G

MemTotal:        4016004 kB
MemFree:          130136 kB
Active:           447136 kB
Mem:          3.8G       3.7G       126M       5.7M        29M       3.2G

MemTotal:        4016004 kB
MemFree:          125908 kB
Active:           447020 kB
Mem:          3.8G       3.7G       122M       5.7M        29M       3.2G

MemTotal:        4016004 kB
MemFree:          125044 kB
Active:           447032 kB
Mem:          3.8G       3.7G       122M       5.7M        29M       3.2G

MemTotal:        4016004 kB
MemFree:          125296 kB
Active:           446980 kB
Mem:          3.8G       3.7G       122M       5.7M        29M       3.2G

MemTotal:        4016004 kB
MemFree:          106548 kB
Active:           447008 kB
Mem:          3.8G       3.7G       103M       5.7M        29M       3.2G

MemTotal:        4016004 kB
MemFree:          130888 kB
Active:           440784 kB
Mem:          3.8G       3.7G       127M       5.7M        29M       3.2G

MemTotal:        4016004 kB
MemFree:          135728 kB
Active:           438736 kB
Mem:          3.8G       3.7G       132M       5.7M        29M       3.2G

MemTotal:        4016004 kB
MemFree:          125580 kB
Active:           437712 kB
Mem:          3.8G       3.7G       122M       5.7M        29M       3.2G

MemTotal:        4016004 kB
MemFree:          114868 kB
Active:           434476 kB
Mem:          3.8G       3.7G       112M       5.7M        29M       3.2G

MemTotal:        4016004 kB
MemFree:          116532 kB
Active:           432684 kB
Mem:          3.8G       3.7G       113M       5.7M        29M       3.2G

MemTotal:        4016004 kB
MemFree:          105676 kB
Active:           431532 kB
Mem:          3.8G       3.7G       103M       5.7M        29M       3.2G

MemTotal:        4016004 kB
MemFree:          109408 kB
Active:           427648 kB
Mem:          3.8G       3.7G       106M       5.7M        29M       3.2G

MemTotal:        4016004 kB
MemFree:          134864 kB
Active:           423504 kB
Mem:          3.8G       3.7G       131M       5.7M        29M       3.2G

MemTotal:        4016004 kB
MemFree:          125100 kB
Active:           422356 kB
Mem:          3.8G       3.7G       121M       5.7M        29M       3.2G

MemTotal:        4016004 kB
MemFree:          139712 kB
Active:           420568 kB
Mem:          3.8G       3.7G       136M       5.7M        29M       3.2G

MemTotal:        4016004 kB
MemFree:          138044 kB
Active:           420524 kB
Mem:          3.8G       3.7G       134M       5.7M        29M       3.2G

MemTotal:        4016004 kB
MemFree:          137384 kB
Active:           420540 kB
Mem:          3.8G       3.7G       134M       5.7M        29M       3.2G

MemTotal:        4016004 kB
MemFree:          134148 kB
Active:           420604 kB
Mem:          3.8G       3.7G       130M       5.7M        29M       3.2G

MemTotal:        4016004 kB
MemFree:          118064 kB
Active:           420580 kB
Mem:          3.8G       3.7G       114M       5.7M        29M       3.2G

MemTotal:        4016004 kB
MemFree:          105972 kB
Active:           419460 kB
Mem:          3.8G       3.7G       102M       5.7M        29M       3.2G

MemTotal:        4016004 kB
MemFree:          113160 kB
Active:           417796 kB
Mem:          3.8G       3.7G       110M       5.7M        29M       3.2G

MemTotal:        4016004 kB
MemFree:          126712 kB
Active:           414100 kB
Mem:          3.8G       3.7G       123M       5.7M        29M       3.2G

MemTotal:        4016004 kB
MemFree:          121544 kB
Active:           412568 kB
Mem:          3.8G       3.7G       118M       5.7M        29M       3.2G

MemTotal:        4016004 kB
MemFree:          104876 kB
Active:           411420 kB
Mem:          3.8G       3.7G       106M       5.7M        29M       3.2G

MemTotal:        4016004 kB
MemFree:          124512 kB
Active:           409376 kB
Mem:          3.8G       3.7G       121M       5.7M        29M       3.2G

MemTotal:        4016004 kB
MemFree:          125864 kB
Active:           408096 kB
Mem:          3.8G       3.7G       122M       5.7M        29M       3.2G

MemTotal:        4016004 kB
MemFree:          119864 kB
Active:           406436 kB
Mem:          3.8G       3.7G       116M       5.7M        29M       3.2G

MemTotal:        4016004 kB
MemFree:          128752 kB
Active:           405552 kB
Mem:          3.8G       3.7G       125M       5.7M        29M       3.2G

MemTotal:        4016004 kB
MemFree:          125312 kB
Active:           404540 kB
Mem:          3.8G       3.7G       121M       5.7M        29M       3.2G

MemTotal:        4016004 kB
MemFree:          125620 kB
Active:           403260 kB
Mem:          3.8G       3.7G       122M       5.7M        29M       3.2G

MemTotal:        4016004 kB
MemFree:          121516 kB
Active:           401724 kB
Mem:          3.8G       3.7G       118M       5.7M        29M       3.2G

MemTotal:        4016004 kB
MemFree:          124404 kB
Active:           400192 kB
Mem:          3.8G       3.7G       121M       5.7M        29M       3.2G

MemTotal:        4016004 kB
MemFree:          119404 kB
Active:           398528 kB
Mem:          3.8G       3.7G       116M       5.7M        29M       3.2G

MemTotal:        4016004 kB
MemFree:          126568 kB
Active:           397260 kB
Mem:          3.8G       3.7G       123M       5.7M        29M       3.2G

MemTotal:        4016004 kB
MemFree:          118352 kB
Active:           397132 kB
Mem:          3.8G       3.7G       115M       5.7M        29M       3.2G

MemTotal:        4016004 kB
MemFree:          108704 kB
Active:           397004 kB
Mem:          3.8G       3.7G       105M       5.7M        29M       3.2G

MemTotal:        4016004 kB
MemFree:          118184 kB
Active:           396892 kB
Mem:          3.8G       3.7G       114M       5.7M        29M       3.2G

MemTotal:        4016004 kB
MemFree:          131976 kB
Active:           396892 kB
Mem:          3.8G       3.7G       128M       5.7M        29M       3.2G

MemTotal:        4016004 kB
MemFree:          124532 kB
Active:           396908 kB
Mem:          3.8G       3.7G       121M       5.7M        29M       3.2G

MemTotal:        4016004 kB
MemFree:          112468 kB
Active:           396884 kB
Mem:          3.8G       3.7G       109M       5.7M        29M       3.2G

MemTotal:        4016004 kB
MemFree:          125496 kB
Active:           396924 kB
Mem:          3.8G       3.7G       122M       5.7M        29M       3.2G

MemTotal:        4016004 kB
MemFree:          126864 kB
Active:           396924 kB
Mem:          3.8G       3.7G       123M       5.7M        29M       3.2G

MemTotal:        4016004 kB
MemFree:          120076 kB
Active:           396924 kB
Mem:          3.8G       3.7G       116M       5.7M        29M       3.2G

MemTotal:        4016004 kB
MemFree:          108440 kB
Active:           396824 kB
Mem:          3.8G       3.7G       105M       5.7M        29M       3.2G

MemTotal:        4016004 kB
MemFree:          118000 kB
Active:           396824 kB
Mem:          3.8G       3.7G       114M       5.7M        29M       3.2G

MemTotal:        4016004 kB
MemFree:          106652 kB
Active:           396824 kB
Mem:          3.8G       3.7G       104M       5.7M        29M       3.2G

MemTotal:        4016004 kB
MemFree:          125700 kB
Active:           396824 kB
Mem:          3.8G       3.7G       122M       5.7M        29M       3.2G

MemTotal:        4016004 kB
MemFree:          114436 kB
Active:           396832 kB
Mem:          3.8G       3.7G       111M       5.7M        29M       3.2G

MemTotal:        4016004 kB
MemFree:          138064 kB
Active:           396836 kB
Mem:          3.8G       3.7G       134M       5.7M        29M       3.2G

MemTotal:        4016004 kB
MemFree:          138260 kB
Active:           396848 kB
Mem:          3.8G       3.7G       134M       5.7M        29M       3.2G

MemTotal:        4016004 kB
MemFree:          124736 kB
Active:           396832 kB
Mem:          3.8G       3.7G       121M       5.7M        29M       3.2G

MemTotal:        4016004 kB
MemFree:          125508 kB
Active:           396844 kB
Mem:          3.8G       3.7G       122M       5.7M        29M       3.2G

MemTotal:        4016004 kB
MemFree:          115016 kB
Active:           396844 kB
Mem:          3.8G       3.7G       112M       5.7M        29M       3.2G

MemTotal:        4016004 kB
MemFree:          114544 kB
Active:           396844 kB
Mem:          3.8G       3.7G       111M       5.7M        29M       3.2G

MemTotal:        4016004 kB
MemFree:          128168 kB
Active:           396816 kB
Mem:          3.8G       3.7G       124M       5.7M        29M       3.2G

MemTotal:        4016004 kB
MemFree:          117588 kB
Active:           396836 kB
Mem:          3.8G       3.7G       114M       5.7M        29M       3.2G

MemTotal:        4016004 kB
MemFree:          107120 kB
Active:           396844 kB
Mem:          3.8G       3.7G       104M       5.7M        29M       3.2G

MemTotal:        4016004 kB
MemFree:          114092 kB
Active:           396708 kB
Mem:          3.8G       3.7G       110M       5.7M        29M       3.2G

MemTotal:        4016004 kB
MemFree:          127232 kB
Active:           396708 kB
Mem:          3.8G       3.7G       124M       5.7M        29M       3.2G

MemTotal:        4016004 kB
MemFree:          121360 kB
Active:           396712 kB
Mem:          3.8G       3.7G       118M       5.7M        29M       3.2G

MemTotal:        4016004 kB
MemFree:          125404 kB
Active:           396712 kB
Mem:          3.8G       3.7G       122M       5.7M        29M       3.2G

MemTotal:        4016004 kB
MemFree:          117884 kB
Active:           396756 kB
Mem:          3.8G       3.7G       114M       5.7M        29M       3.2G

MemTotal:        4016004 kB
MemFree:          130792 kB
Active:           396760 kB
Mem:          3.8G       3.7G       127M       5.7M        29M       3.2G

MemTotal:        4016004 kB
MemFree:          134668 kB
Active:           396768 kB
Mem:          3.8G       3.7G       131M       5.7M        29M       3.2G

MemTotal:        4016004 kB
MemFree:          118584 kB
Active:           396508 kB
Mem:          3.8G       3.7G       115M       5.7M        29M       3.2G

MemTotal:        4016004 kB
MemFree:          107204 kB
Active:           396328 kB
Mem:          3.8G       3.7G       104M       5.7M        29M       3.2G

MemTotal:        4016004 kB
MemFree:          126092 kB
Active:           396480 kB
Mem:          3.8G       3.7G       123M       5.7M        29M       3.2G

MemTotal:        4016004 kB
MemFree:          126044 kB
Active:           396380 kB
Mem:          3.8G       3.7G       122M       5.7M        29M       3.2G

MemTotal:        4016004 kB
MemFree:          133068 kB
Active:           396380 kB
Mem:          3.8G       3.7G       129M       5.7M        29M       3.2G

MemTotal:        4016004 kB
MemFree:          122760 kB
Active:           396372 kB
Mem:          3.8G       3.7G       119M       5.7M        29M       3.2G

MemTotal:        4016004 kB
MemFree:          126428 kB
Active:           396384 kB
Mem:          3.8G       3.7G       123M       5.7M        29M       3.2G

MemTotal:        4016004 kB
MemFree:          118352 kB
Active:           390232 kB
Mem:          3.8G       3.7G       115M       5.7M        29M       3.2G

MemTotal:        4016004 kB
MemFree:          125784 kB
Active:           390140 kB
Mem:          3.8G       3.7G       122M       5.7M        29M       3.2G

MemTotal:        4016004 kB
MemFree:          121112 kB
Active:           390148 kB
Mem:          3.8G       3.7G       118M       5.7M        29M       3.2G

MemTotal:        4016004 kB
MemFree:          126740 kB
Active:           390152 kB
Mem:          3.8G       3.7G       123M       5.7M        29M       3.2G

MemTotal:        4016004 kB
MemFree:          131708 kB
Active:           390172 kB
Mem:          3.8G       3.7G       128M       5.7M        29M       3.2G

MemTotal:        4016004 kB
MemFree:          121088 kB
Active:           390172 kB
Mem:          3.8G       3.7G       118M       5.7M        29M       3.2G

MemTotal:        4016004 kB
MemFree:          120976 kB
Active:           390172 kB
Mem:          3.8G       3.7G       118M       5.7M        29M       3.2G

MemTotal:        4016004 kB
MemFree:          110512 kB
Active:           390172 kB
Mem:          3.8G       3.7G       107M       5.7M        29M       3.2G

MemTotal:        4016004 kB
MemFree:          112416 kB
Active:           390172 kB
Mem:          3.8G       3.7G       109M       5.7M        29M       3.2G

MemTotal:        4016004 kB
MemFree:          115816 kB
Active:           389480 kB
Mem:          3.8G       3.7G       112M       5.7M        29M       3.2G

MemTotal:        4016004 kB
MemFree:          105172 kB
Active:           389484 kB
Mem:          3.8G       3.7G       106M       5.7M        29M       3.2G

MemTotal:        4016004 kB
MemFree:          124400 kB
Active:           389364 kB
Mem:          3.8G       3.7G       120M       5.7M        29M       3.2G

MemTotal:        4016004 kB
MemFree:          126632 kB
Active:           389364 kB
Mem:          3.8G       3.7G       123M       5.7M        29M       3.2G

MemTotal:        4016004 kB
MemFree:          121192 kB
Active:           389364 kB
Mem:          3.8G       3.7G       118M       5.7M        29M       3.2G

MemTotal:        4016004 kB
MemFree:          115620 kB
Active:           389364 kB
Mem:          3.8G       3.7G       112M       5.7M        29M       3.2G

MemTotal:        4016004 kB
MemFree:          107072 kB
Active:           389368 kB
Mem:          3.8G       3.7G       104M       5.7M        29M       3.2G

MemTotal:        4016004 kB
MemFree:          123080 kB
Active:           389384 kB
Mem:          3.8G       3.7G       120M       5.7M        29M       3.2G

MemTotal:        4016004 kB
MemFree:          127376 kB
Active:           387276 kB
Mem:          3.8G       3.7G       123M       5.7M        29M       3.2G

MemTotal:        4016004 kB
MemFree:          122172 kB
Active:           387144 kB
Mem:          3.8G       3.7G       119M       5.7M        29M       3.2G

MemTotal:        4016004 kB
MemFree:          135676 kB
Active:           387144 kB
Mem:          3.8G       3.7G       131M       5.7M        29M       3.2G

MemTotal:        4016004 kB
MemFree:          118540 kB
Active:           387144 kB
Mem:          3.8G       3.7G       115M       5.7M        29M       3.2G

MemTotal:        4016004 kB
MemFree:          107420 kB
Active:           387144 kB
Mem:          3.8G       3.7G       104M       5.7M        29M       3.2G

MemTotal:        4016004 kB
MemFree:          126764 kB
Active:           387148 kB
Mem:          3.8G       3.7G       123M       5.7M        29M       3.2G

MemTotal:        4016004 kB
MemFree:          109292 kB
Active:           387156 kB
Mem:          3.8G       3.7G       106M       5.7M        29M       3.2G

MemTotal:        4016004 kB
MemFree:          128448 kB
Active:           387164 kB
Mem:          3.8G       3.7G       124M       5.7M        29M       3.2G

MemTotal:        4016004 kB
MemFree:          135604 kB
Active:           386632 kB
Mem:          3.8G       3.7G       132M       5.7M        29M       3.2G

MemTotal:        4016004 kB
MemFree:          104944 kB
Active:           386472 kB
Mem:          3.8G       3.7G       125M       5.7M        29M       3.2G

MemTotal:        4016004 kB
MemFree:          106012 kB
Active:           386476 kB
Mem:          3.8G       3.7G       103M       5.7M        29M       3.2G

MemTotal:        4016004 kB
MemFree:          115156 kB
Active:           386484 kB
Mem:          3.8G       3.7G       111M       5.7M        29M       3.2G

MemTotal:        4016004 kB
MemFree:          110472 kB
Active:           386500 kB
Mem:          3.8G       3.7G       107M       5.7M        29M       3.2G

MemTotal:        4016004 kB
MemFree:          110136 kB
Active:           386476 kB
Mem:          3.8G       3.7G       107M       5.7M        29M       3.2G

MemTotal:        4016004 kB
MemFree:          105880 kB
Active:           386488 kB
Mem:          3.8G       3.7G       103M       5.7M        29M       3.2G

MemTotal:        4016004 kB
MemFree:          130912 kB
Active:           386512 kB
Mem:          3.8G       3.7G       127M       5.7M        29M       3.2G

MemTotal:        4016004 kB
MemFree:          120056 kB
Active:           386464 kB
Mem:          3.8G       3.7G       116M       5.7M        29M       3.2G

MemTotal:        4016004 kB
MemFree:          109964 kB
Active:           386476 kB
Mem:          3.8G       3.7G       107M       5.7M        29M       3.2G

MemTotal:        4016004 kB
MemFree:          110432 kB
Active:           386488 kB
Mem:          3.8G       3.7G       107M       5.7M        29M       3.2G

MemTotal:        4016004 kB
MemFree:          124132 kB
Active:           386508 kB
Mem:          3.8G       3.7G       120M       5.7M        29M       3.2G

MemTotal:        4016004 kB
MemFree:          125160 kB
Active:           375424 kB
Mem:          3.8G       3.7G       121M       5.7M        29M       3.2G

MemTotal:        4016004 kB
MemFree:          132456 kB
Active:           375280 kB
Mem:          3.8G       3.7G       129M       5.7M        29M       3.2G

MemTotal:        4016004 kB
MemFree:          111232 kB
Active:           375280 kB
Mem:          3.8G       3.7G       108M       5.7M        29M       3.2G

MemTotal:        4016004 kB
MemFree:          107080 kB
Active:           375352 kB
Mem:          3.8G       3.7G       104M       5.7M        29M       3.2G

MemTotal:        4016004 kB
MemFree:          131824 kB
Active:           375308 kB
Mem:          3.8G       3.7G       128M       5.7M        29M       3.2G

MemTotal:        4016004 kB
MemFree:          133740 kB
Active:           375308 kB
Mem:          3.8G       3.7G       130M       5.7M        29M       3.2G

MemTotal:        4016004 kB
MemFree:          141504 kB
Active:           375308 kB
Mem:          3.8G       3.7G       137M       5.7M        29M       3.2G

MemTotal:        4016004 kB
MemFree:          130332 kB
Active:           375312 kB
Mem:          3.8G       3.7G       127M       5.7M        29M       3.2G

MemTotal:        4016004 kB
MemFree:          120944 kB
Active:           375336 kB
Mem:          3.8G       3.7G       117M       5.7M        29M       3.2G

MemTotal:        4016004 kB
MemFree:          127668 kB
Active:           375344 kB
Mem:          3.8G       3.7G       124M       5.7M        29M       3.2G

MemTotal:        4016004 kB
MemFree:          115644 kB
Active:           375352 kB
Mem:          3.8G       3.7G       112M       5.7M        29M       3.2G

MemTotal:        4016004 kB
MemFree:          123464 kB
Active:           375364 kB
Mem:          3.8G       3.7G       120M       5.7M        29M       3.2G

MemTotal:        4016004 kB
MemFree:          132508 kB
Active:           373440 kB
Mem:          3.8G       3.7G       128M       5.7M        29M       3.2G

MemTotal:        4016004 kB
MemFree:          107868 kB
Active:           373336 kB
Mem:          3.8G       3.7G       105M       5.7M        29M       3.2G

MemTotal:        4016004 kB
MemFree:          109952 kB
Active:           373368 kB
Mem:          3.8G       3.7G       106M       5.7M        29M       3.2G

MemTotal:        4016004 kB
MemFree:          120312 kB
Active:           373372 kB
Mem:          3.8G       3.7G       116M       5.7M        29M       3.2G

MemTotal:        4016004 kB
MemFree:          120920 kB
Active:           373356 kB
Mem:          3.8G       3.7G       117M       5.7M        29M       3.2G

MemTotal:        4016004 kB
MemFree:          124384 kB
Active:           373376 kB
Mem:          3.8G       3.7G       121M       5.7M        29M       3.2G

MemTotal:        4016004 kB
MemFree:          128260 kB
Active:           373388 kB
Mem:          3.8G       3.7G       124M       5.7M        29M       3.2G

MemTotal:        4016004 kB
MemFree:          123108 kB
Active:           373344 kB
Mem:          3.8G       3.7G       119M       5.7M        29M       3.2G

MemTotal:        4016004 kB
MemFree:          127296 kB
Active:           373360 kB
Mem:          3.8G       3.7G       123M       5.7M        29M       3.2G

MemTotal:        4016004 kB
MemFree:          123024 kB
Active:           373380 kB
Mem:          3.8G       3.7G       119M       5.7M        29M       3.2G

MemTotal:        4016004 kB
MemFree:          125088 kB
Active:           373348 kB
Mem:          3.8G       3.7G       122M       5.7M        29M       3.2G

MemTotal:        4016004 kB
MemFree:          118504 kB
Active:           373408 kB
Mem:          3.8G       3.7G       115M       5.7M        29M       3.2G

MemTotal:        4016004 kB
MemFree:          117776 kB
Active:           373408 kB
Mem:          3.8G       3.7G       114M       5.7M        29M       3.2G

MemTotal:        4016004 kB
MemFree:          124484 kB
Active:           370188 kB
Mem:          3.8G       3.7G       121M       5.7M        29M       3.2G

MemTotal:        4016004 kB
MemFree:          120008 kB
Active:           370192 kB
Mem:          3.8G       3.7G       116M       5.7M        29M       3.2G

MemTotal:        4016004 kB
MemFree:          126664 kB
Active:           370204 kB
Mem:          3.8G       3.7G       123M       5.7M        29M       3.2G

MemTotal:        4016004 kB
MemFree:          121840 kB
Active:           370204 kB
Mem:          3.8G       3.7G       118M       5.7M        29M       3.2G

MemTotal:        4016004 kB
MemFree:          133540 kB
Active:           370108 kB
Mem:          3.8G       3.7G       129M       5.7M        29M       3.2G

MemTotal:        4016004 kB
MemFree:          122720 kB
Active:           370216 kB
Mem:          3.8G       3.7G       119M       5.7M        29M       3.2G

MemTotal:        4016004 kB
MemFree:          124420 kB
Active:           370204 kB
Mem:          3.8G       3.7G       120M       5.7M        29M       3.2G

MemTotal:        4016004 kB
MemFree:          108312 kB
Active:           370216 kB
Mem:          3.8G       3.7G       105M       5.7M        29M       3.2G

MemTotal:        4016004 kB
MemFree:          126308 kB
Active:           370224 kB
Mem:          3.8G       3.7G       123M       5.7M        29M       3.2G

MemTotal:        4016004 kB
MemFree:          115624 kB
Active:           370224 kB
Mem:          3.8G       3.7G       113M       5.7M        29M       3.2G

MemTotal:        4016004 kB
MemFree:          116024 kB
Active:           370224 kB
Mem:          3.8G       3.7G       113M       5.7M        29M       3.2G

MemTotal:        4016004 kB
MemFree:          118964 kB
Active:           370224 kB
Mem:          3.8G       3.7G       115M       5.7M        29M       3.2G

MemTotal:        4016004 kB
MemFree:          125220 kB
Active:           367544 kB
Mem:          3.8G       3.7G       121M       5.7M        29M       3.2G

MemTotal:        4016004 kB
MemFree:          109272 kB
Active:           367424 kB
Mem:          3.8G       3.7G       106M       5.7M        29M       3.2G

MemTotal:        4016004 kB
MemFree:          126988 kB
Active:           367436 kB
Mem:          3.8G       3.7G       123M       5.7M        29M       3.2G

MemTotal:        4016004 kB
MemFree:          123264 kB
Active:           367440 kB
Mem:          3.8G       3.7G       119M       5.7M        29M       3.2G

MemTotal:        4016004 kB
MemFree:          122620 kB
Active:           367440 kB
Mem:          3.8G       3.7G       120M       5.7M        29M       3.2G

MemTotal:        4016004 kB
MemFree:          105928 kB
Active:           367440 kB
Mem:          3.8G       3.7G       103M       5.7M        29M       3.2G

MemTotal:        4016004 kB
MemFree:          125792 kB
Active:           367452 kB
Mem:          3.8G       3.7G       122M       5.7M        29M       3.2G

MemTotal:        4016004 kB
MemFree:          132024 kB
Active:           367460 kB
Mem:          3.8G       3.7G       129M       5.7M        29M       3.2G

MemTotal:        4016004 kB
MemFree:          132812 kB
Active:           367460 kB
Mem:          3.8G       3.7G       129M       5.7M        29M       3.2G

MemTotal:        4016004 kB
MemFree:          123504 kB
Active:           367412 kB
Mem:          3.8G       3.7G       120M       5.7M        29M       3.2G

MemTotal:        4016004 kB
MemFree:          111776 kB
Active:           367460 kB
Mem:          3.8G       3.7G       108M       5.7M        29M       3.2G

MemTotal:        4016004 kB
MemFree:          115352 kB
Active:           367460 kB
Mem:          3.8G       3.7G       112M       5.7M        29M       3.2G

MemTotal:        4016004 kB
MemFree:          126180 kB
Active:           367468 kB
Mem:          3.8G       3.7G       123M       5.7M        29M       3.2G

MemTotal:        4016004 kB
MemFree:          111152 kB
Active:           367484 kB
Mem:          3.8G       3.7G       108M       5.7M        29M       3.2G

MemTotal:        4016004 kB
MemFree:          125304 kB
Active:           367496 kB
Mem:          3.8G       3.7G       122M       5.7M        29M       3.2G

MemTotal:        4016004 kB
MemFree:          126508 kB
Active:           367496 kB
Mem:          3.8G       3.7G       123M       5.7M        29M       3.2G

MemTotal:        4016004 kB
MemFree:          129284 kB
Active:           365576 kB
Mem:          3.8G       3.7G       126M       5.7M        29M       3.2G

MemTotal:        4016004 kB
MemFree:          119760 kB
Active:           365372 kB
Mem:          3.8G       3.7G       116M       5.7M        29M       3.2G

MemTotal:        4016004 kB
MemFree:          126464 kB
Active:           365376 kB
Mem:          3.8G       3.7G       123M       5.7M        29M       3.2G

MemTotal:        4016004 kB
MemFree:          121376 kB
Active:           365404 kB
Mem:          3.8G       3.7G       118M       5.7M        29M       3.2G

MemTotal:        4016004 kB
MemFree:          136668 kB
Active:           365388 kB
Mem:          3.8G       3.7G       133M       5.7M        29M       3.2G

MemTotal:        4016004 kB
MemFree:          127248 kB
Active:           365412 kB
Mem:          3.8G       3.7G       123M       5.7M        29M       3.2G

MemTotal:        4016004 kB
MemFree:          127904 kB
Active:           365412 kB
Mem:          3.8G       3.7G       124M       5.7M        29M       3.2G

MemTotal:        4016004 kB
MemFree:          122656 kB
Active:           365412 kB
Mem:          3.8G       3.7G       119M       5.7M        29M       3.2G

MemTotal:        4016004 kB
MemFree:          107236 kB
Active:           365400 kB
Mem:          3.8G       3.7G       104M       5.7M        29M       3.2G

MemTotal:        4016004 kB
MemFree:          104928 kB
Active:           365412 kB
Mem:          3.8G       3.7G       102M       5.7M        29M       3.2G

MemTotal:        4016004 kB
MemFree:          123744 kB
Active:           365300 kB
Mem:          3.8G       3.7G       121M       5.7M        29M       3.2G

MemTotal:        4016004 kB
MemFree:          107112 kB
Active:           365288 kB
Mem:          3.8G       3.7G       104M       5.7M        29M       3.2G

MemTotal:        4016004 kB
MemFree:          134444 kB
Active:           365268 kB
Mem:          3.8G       3.7G       130M       5.7M        29M       3.2G

MemTotal:        4016004 kB
MemFree:          116836 kB
Active:           365316 kB
Mem:          3.8G       3.7G       113M       5.7M        29M       3.2G

MemTotal:        4016004 kB
MemFree:          128556 kB
Active:           365168 kB
Mem:          3.8G       3.7G       125M       5.7M        29M       3.2G

MemTotal:        4016004 kB
MemFree:          128256 kB
Active:           365004 kB
Mem:          3.8G       3.7G       125M       5.7M        29M       3.2G

MemTotal:        4016004 kB
MemFree:          128504 kB
Active:           364968 kB
Mem:          3.8G       3.7G       125M       5.7M        29M       3.2G

MemTotal:        4016004 kB
MemFree:          128256 kB
Active:           365016 kB
Mem:          3.8G       3.7G       125M       5.7M        29M       3.2G

MemTotal:        4016004 kB
MemFree:          128628 kB
Active:           364996 kB
Mem:          3.8G       3.7G       125M       5.7M        29M       3.2G

MemTotal:        4016004 kB
MemFree:          128132 kB
Active:           365016 kB
Mem:          3.8G       3.7G       125M       5.7M        29M       3.2G

MemTotal:        4016004 kB
MemFree:          128504 kB
Active:           364968 kB
Mem:          3.8G       3.7G       125M       5.7M        29M       3.2G

MemTotal:        4016004 kB
MemFree:          128752 kB
Active:           365004 kB
Mem:          3.8G       3.7G       125M       5.7M        29M       3.2G

MemTotal:        4016004 kB
MemFree:          128752 kB
Active:           364984 kB
Mem:          3.8G       3.7G       125M       5.7M        29M       3.2G

MemTotal:        4016004 kB
MemFree:          128628 kB
Active:           365000 kB
Mem:          3.8G       3.7G       125M       5.7M        29M       3.2G

MemTotal:        4016004 kB
MemFree:          128628 kB
Active:           364984 kB
Mem:          3.8G       3.7G       125M       5.7M        29M       3.2G

MemTotal:        4016004 kB
MemFree:          128752 kB
Active:           364976 kB
Mem:          3.8G       3.7G       125M       5.7M        29M       3.2G

MemTotal:        4016004 kB
MemFree:          128628 kB
Active:           364980 kB
Mem:          3.8G       3.7G       125M       5.7M        29M       3.2G

MemTotal:        4016004 kB
MemFree:          128380 kB
Active:           365032 kB
Mem:          3.8G       3.7G       125M       5.7M        29M       3.2G

MemTotal:        4016004 kB
MemFree:          128504 kB
Active:           364988 kB
Mem:          3.8G       3.7G       125M       5.7M        29M       3.2G

MemTotal:        4016004 kB
MemFree:          128628 kB
Active:           365020 kB
Mem:          3.8G       3.7G       125M       5.7M        29M       3.2G

MemTotal:        4016004 kB
MemFree:          128492 kB
Active:           365032 kB
Mem:          3.8G       3.7G       125M       5.7M        29M       3.2G

MemTotal:        4016004 kB
MemFree:          128460 kB
Active:           365016 kB
Mem:          3.8G       3.7G       125M       5.7M        29M       3.2G

MemTotal:        4016004 kB
MemFree:          129052 kB
Active:           365000 kB
Mem:          3.8G       3.7G       125M       5.7M        29M       3.2G

MemTotal:        4016004 kB
MemFree:          128928 kB
Active:           365028 kB
Mem:          3.8G       3.7G       125M       5.7M        29M       3.2G

MemTotal:        4016004 kB
MemFree:          128680 kB
Active:           365048 kB
Mem:          3.8G       3.7G       125M       5.7M        29M       3.2G

MemTotal:        4016004 kB
MemFree:          128928 kB
Active:           365024 kB
Mem:          3.8G       3.7G       125M       5.7M        29M       3.2G

MemTotal:        4016004 kB
MemFree:          128928 kB
Active:           364996 kB
Mem:          3.8G       3.7G       125M       5.7M        30M       3.2G

MemTotal:        4016004 kB
MemFree:          129052 kB
Active:           365032 kB
Mem:          3.8G       3.7G       125M       5.7M        30M       3.2G

MemTotal:        4016004 kB
MemFree:          128680 kB
Active:           365056 kB
Mem:          3.8G       3.7G       125M       5.7M        30M       3.2G

MemTotal:        4016004 kB
MemFree:          128928 kB
Active:           365036 kB
Mem:          3.8G       3.7G       125M       5.7M        30M       3.2G

MemTotal:        4016004 kB
MemFree:          128928 kB
Active:           365008 kB
Mem:          3.8G       3.7G       125M       5.7M        30M       3.2G

MemTotal:        4016004 kB
MemFree:          129052 kB
Active:           365036 kB
Mem:          3.8G       3.7G       125M       5.7M        30M       3.2G

MemTotal:        4016004 kB
MemFree:          128556 kB
Active:           365060 kB
Mem:          3.8G       3.7G       125M       5.7M        30M       3.2G

MemTotal:        4016004 kB
MemFree:          128804 kB
Active:           365020 kB
Mem:          3.8G       3.7G       125M       5.7M        30M       3.2G

MemTotal:        4016004 kB
MemFree:          128680 kB
Active:           365068 kB
Mem:          3.8G       3.7G       125M       5.7M        30M       3.2G

MemTotal:        4016004 kB
MemFree:          129036 kB
Active:           365052 kB
Mem:          3.8G       3.7G       125M       5.7M        30M       3.2G

MemTotal:        4016004 kB
MemFree:          128540 kB
Active:           365072 kB
Mem:          3.8G       3.7G       125M       5.7M        30M       3.2G

MemTotal:        4016004 kB
MemFree:          128540 kB
Active:           365032 kB
Mem:          3.8G       3.7G       125M       5.7M        30M       3.2G

MemTotal:        4016004 kB
MemFree:          128416 kB
Active:           365036 kB
Mem:          3.8G       3.7G       125M       5.7M        30M       3.2G

MemTotal:        4016004 kB
MemFree:          128292 kB
Active:           365080 kB
Mem:          3.8G       3.7G       125M       5.7M        30M       3.2G

MemTotal:        4016004 kB
MemFree:          128416 kB
Active:           365080 kB
