MemTotal:        4016004 kB
MemFree:         3233708 kB
Active:           427912 kB
Mem:          3.8G       764M       3.1G       5.7M        52M       322M

MemTotal:        4016004 kB
MemFree:         3232684 kB
Active:           428312 kB
Mem:          3.8G       765M       3.1G       5.7M        52M       322M

MemTotal:        4016004 kB
MemFree:         3232048 kB
Active:           428376 kB
Mem:          3.8G       765M       3.1G       5.7M        52M       322M

MemTotal:        4016004 kB
MemFree:         3232092 kB
Active:           426356 kB
Mem:          3.8G       765M       3.1G       5.7M        52M       322M

MemTotal:        4016004 kB
MemFree:         3231952 kB
Active:           426352 kB
Mem:          3.8G       765M       3.1G       5.7M        52M       322M

MemTotal:        4016004 kB
MemFree:         3232184 kB
Active:           428392 kB
Mem:          3.8G       765M       3.1G       5.7M        52M       322M

MemTotal:        4016004 kB
MemFree:         3232044 kB
Active:           428372 kB
Mem:          3.8G       765M       3.1G       5.7M        52M       322M

MemTotal:        4016004 kB
MemFree:         3232168 kB
Active:           428408 kB
Mem:          3.8G       765M       3.1G       5.7M        52M       322M

MemTotal:        4016004 kB
MemFree:         3231920 kB
Active:           428424 kB
Mem:          3.8G       765M       3.1G       5.7M        52M       322M

MemTotal:        4016004 kB
MemFree:         3232168 kB
Active:           428372 kB
Mem:          3.8G       765M       3.1G       5.7M        52M       322M

MemTotal:        4016004 kB
MemFree:         3232524 kB
Active:           428416 kB
Mem:          3.8G       765M       3.1G       5.7M        52M       322M

MemTotal:        4016004 kB
MemFree:         3232524 kB
Active:           428412 kB
Mem:          3.8G       765M       3.1G       5.7M        52M       322M

MemTotal:        4016004 kB
MemFree:         3232276 kB
Active:           428420 kB
Mem:          3.8G       765M       3.1G       5.7M        52M       322M

MemTotal:        4016004 kB
MemFree:         3232184 kB
Active:           428428 kB
Mem:          3.8G       765M       3.1G       5.7M        52M       322M

MemTotal:        4016004 kB
MemFree:         3232044 kB
Active:           428404 kB
Mem:          3.8G       765M       3.1G       5.7M        52M       322M

MemTotal:        4016004 kB
MemFree:         3232416 kB
Active:           428400 kB
Mem:          3.8G       765M       3.1G       5.7M        52M       322M

MemTotal:        4016004 kB
MemFree:         3231904 kB
Active:           428432 kB
Mem:          3.8G       765M       3.1G       5.7M        52M       322M

MemTotal:        4016004 kB
MemFree:         3232276 kB
Active:           428396 kB
Mem:          3.8G       765M       3.1G       5.7M        52M       322M

MemTotal:        4016004 kB
MemFree:         3232524 kB
Active:           428400 kB
Mem:          3.8G       765M       3.1G       5.7M        52M       322M

MemTotal:        4016004 kB
MemFree:         3232532 kB
Active:           428380 kB
Mem:          3.8G       765M       3.1G       5.7M        52M       322M

MemTotal:        4016004 kB
MemFree:         3232268 kB
Active:           428424 kB
Mem:          3.8G       765M       3.1G       5.7M        52M       322M

MemTotal:        4016004 kB
MemFree:         3232392 kB
Active:           428408 kB
Mem:          3.8G       765M       3.1G       5.7M        52M       322M

MemTotal:        4016004 kB
MemFree:         3231896 kB
Active:           428440 kB
Mem:          3.8G       765M       3.1G       5.7M        52M       322M

MemTotal:        4016004 kB
MemFree:         3232268 kB
Active:           428436 kB
Mem:          3.8G       765M       3.1G       5.7M        52M       322M

MemTotal:        4016004 kB
MemFree:         3232204 kB
Active:           428424 kB
Mem:          3.8G       765M       3.1G       5.7M        52M       322M

MemTotal:        4016004 kB
MemFree:         3232360 kB
Active:           428420 kB
Mem:          3.8G       765M       3.1G       5.7M        52M       322M

MemTotal:        4016004 kB
MemFree:         3232236 kB
Active:           428392 kB
Mem:          3.8G       765M       3.1G       5.7M        52M       322M

MemTotal:        4016004 kB
MemFree:         3232592 kB
Active:           428440 kB
Mem:          3.8G       765M       3.1G       5.7M        52M       322M

MemTotal:        4016004 kB
MemFree:         3232824 kB
Active:           428416 kB
Mem:          3.8G       764M       3.1G       5.7M        52M       322M

MemTotal:        4016004 kB
MemFree:         3232684 kB
Active:           428420 kB
Mem:          3.8G       764M       3.1G       5.7M        52M       322M

MemTotal:        4016004 kB
MemFree:         3232916 kB
Active:           428412 kB
Mem:          3.8G       764M       3.1G       5.7M        52M       322M

MemTotal:        4016004 kB
MemFree:         3232792 kB
Active:           428444 kB
Mem:          3.8G       764M       3.1G       5.7M        52M       322M

MemTotal:        4016004 kB
MemFree:         3232900 kB
Active:           428400 kB
Mem:          3.8G       764M       3.1G       5.7M        52M       322M

MemTotal:        4016004 kB
MemFree:         3232512 kB
Active:           428460 kB
Mem:          3.8G       765M       3.1G       5.7M        52M       322M

MemTotal:        4016004 kB
MemFree:         3232620 kB
Active:           428424 kB
Mem:          3.8G       764M       3.1G       5.7M        52M       322M

MemTotal:        4016004 kB
MemFree:         3232232 kB
Active:           428460 kB
Mem:          3.8G       765M       3.1G       5.7M        52M       322M

MemTotal:        4016004 kB
MemFree:         3231736 kB
Active:           428468 kB
Mem:          3.8G       765M       3.1G       5.7M        52M       322M

MemTotal:        4016004 kB
MemFree:         3231968 kB
Active:           428460 kB
Mem:          3.8G       765M       3.1G       5.7M        52M       322M

MemTotal:        4016004 kB
MemFree:         3231456 kB
Active:           428472 kB
Mem:          3.8G       765M       3.1G       5.7M        52M       322M

MemTotal:        4016004 kB
MemFree:         3231828 kB
Active:           428436 kB
Mem:          3.8G       765M       3.1G       5.7M        52M       322M

MemTotal:        4016004 kB
MemFree:         3231828 kB
Active:           428456 kB
Mem:          3.8G       765M       3.1G       5.7M        52M       322M

MemTotal:        4016004 kB
MemFree:         3231800 kB
Active:           428420 kB
Mem:          3.8G       765M       3.1G       5.7M        52M       322M

MemTotal:        4016004 kB
MemFree:         3231552 kB
Active:           428464 kB
Mem:          3.8G       766M       3.1G       5.7M        52M       322M

MemTotal:        4016004 kB
MemFree:         3231676 kB
Active:           428432 kB
Mem:          3.8G       766M       3.1G       5.7M        52M       322M

MemTotal:        4016004 kB
MemFree:         3231924 kB
Active:           428440 kB
Mem:          3.8G       765M       3.1G       5.7M        52M       322M

MemTotal:        4016004 kB
MemFree:         3231676 kB
Active:           428484 kB
Mem:          3.8G       765M       3.1G       5.7M        52M       322M

MemTotal:        4016004 kB
MemFree:         3232296 kB
Active:           428448 kB
Mem:          3.8G       764M       3.1G       5.7M        52M       322M

MemTotal:        4016004 kB
MemFree:         3232172 kB
Active:           428484 kB
Mem:          3.8G       765M       3.1G       5.7M        52M       322M

MemTotal:        4016004 kB
MemFree:         3232564 kB
Active:           428440 kB
Mem:          3.8G       765M       3.1G       5.7M        52M       322M

MemTotal:        4016004 kB
MemFree:         3232068 kB
Active:           428492 kB
Mem:          3.8G       765M       3.1G       5.7M        52M       322M

MemTotal:        4016004 kB
MemFree:         3231944 kB
Active:           428496 kB
Mem:          3.8G       765M       3.1G       5.7M        52M       322M

MemTotal:        4016004 kB
MemFree:         3230676 kB
Active:           429780 kB
Mem:          3.8G       766M       3.1G       5.7M        52M       322M

MemTotal:        4016004 kB
MemFree:         3220928 kB
Active:           438496 kB
Mem:          3.8G       776M       3.1G       5.7M        59M       322M

MemTotal:        4016004 kB
MemFree:         3221556 kB
Active:           438472 kB
Mem:          3.8G       776M       3.1G       5.7M        59M       322M

MemTotal:        4016004 kB
MemFree:         3221432 kB
Active:           438500 kB
Mem:          3.8G       776M       3.1G       5.7M        59M       322M

MemTotal:        4016004 kB
MemFree:         3221292 kB
Active:           438500 kB
Mem:          3.8G       776M       3.1G       5.7M        59M       322M

MemTotal:        4016004 kB
MemFree:         3221028 kB
Active:           438448 kB
Mem:          3.8G       776M       3.1G       5.7M        59M       322M

MemTotal:        4016004 kB
MemFree:         3220888 kB
Active:           438488 kB
Mem:          3.8G       776M       3.1G       5.7M        59M       322M

MemTotal:        4016004 kB
MemFree:         3220640 kB
Active:           438492 kB
Mem:          3.8G       776M       3.1G       5.7M        59M       322M

MemTotal:        4016004 kB
MemFree:         3220500 kB
Active:           438452 kB
Mem:          3.8G       776M       3.1G       5.7M        59M       322M

MemTotal:        4016004 kB
MemFree:         3220608 kB
Active:           438488 kB
Mem:          3.8G       776M       3.1G       5.7M        59M       322M

MemTotal:        4016004 kB
MemFree:         3220732 kB
Active:           438508 kB
Mem:          3.8G       776M       3.1G       5.7M        59M       322M

MemTotal:        4016004 kB
MemFree:         3220716 kB
Active:           438468 kB
Mem:          3.8G       776M       3.1G       5.7M        59M       322M

MemTotal:        4016004 kB
MemFree:         3220576 kB
Active:           438504 kB
Mem:          3.8G       776M       3.1G       5.7M        59M       322M

MemTotal:        4016004 kB
MemFree:         3220808 kB
Active:           438508 kB
Mem:          3.8G       776M       3.1G       5.7M        59M       322M

MemTotal:        4016004 kB
MemFree:         3220932 kB
Active:           438476 kB
Mem:          3.8G       776M       3.1G       5.7M        59M       322M

MemTotal:        4016004 kB
MemFree:         3220932 kB
Active:           438504 kB
Mem:          3.8G       776M       3.1G       5.7M        59M       322M

MemTotal:        4016004 kB
MemFree:         3220932 kB
Active:           438464 kB
Mem:          3.8G       776M       3.1G       5.7M        59M       322M

MemTotal:        4016004 kB
MemFree:         3221040 kB
Active:           438484 kB
Mem:          3.8G       776M       3.1G       5.7M        59M       322M

MemTotal:        4016004 kB
MemFree:         3220668 kB
Active:           438516 kB
Mem:          3.8G       776M       3.1G       5.7M        59M       322M

MemTotal:        4016004 kB
MemFree:         3221148 kB
Active:           438476 kB
Mem:          3.8G       776M       3.1G       5.7M        59M       322M

MemTotal:        4016004 kB
MemFree:         3221256 kB
Active:           438480 kB
Mem:          3.8G       776M       3.1G       5.7M        59M       322M

MemTotal:        4016004 kB
MemFree:         3220944 kB
Active:           436452 kB
Mem:          3.8G       776M       3.1G       5.7M        59M       322M

MemTotal:        4016004 kB
MemFree:         3220696 kB
Active:           438520 kB
Mem:          3.8G       776M       3.1G       5.7M        59M       322M

MemTotal:        4016004 kB
MemFree:         3221176 kB
Active:           438464 kB
Mem:          3.8G       776M       3.1G       5.7M        59M       322M

MemTotal:        4016004 kB
MemFree:         3221160 kB
Active:           438464 kB
Mem:          3.8G       776M       3.1G       5.7M        59M       322M

MemTotal:        4016004 kB
MemFree:         3220896 kB
Active:           438528 kB
Mem:          3.8G       776M       3.1G       5.7M        59M       322M

MemTotal:        4016004 kB
MemFree:         3221268 kB
Active:           438512 kB
Mem:          3.8G       776M       3.1G       5.7M        59M       322M

MemTotal:        4016004 kB
MemFree:         3221240 kB
Active:           438496 kB
Mem:          3.8G       776M       3.1G       5.7M        59M       322M

MemTotal:        4016004 kB
MemFree:         3220992 kB
Active:           438528 kB
Mem:          3.8G       776M       3.1G       5.7M        59M       322M

MemTotal:        4016004 kB
MemFree:         3221240 kB
Active:           438512 kB
Mem:          3.8G       776M       3.1G       5.7M        59M       322M

MemTotal:        4016004 kB
MemFree:         3221384 kB
Active:           436524 kB
Mem:          3.8G       776M       3.1G       5.7M        59M       322M

MemTotal:        4016004 kB
MemFree:         3221360 kB
Active:           438508 kB
Mem:          3.8G       776M       3.1G       5.7M        59M       322M

MemTotal:        4016004 kB
MemFree:         3220988 kB
Active:           438548 kB
Mem:          3.8G       776M       3.1G       5.7M        59M       322M

MemTotal:        4016004 kB
MemFree:         3220864 kB
Active:           438500 kB
Mem:          3.8G       776M       3.1G       5.7M        59M       322M

MemTotal:        4016004 kB
MemFree:         3221360 kB
Active:           438540 kB
Mem:          3.8G       776M       3.1G       5.7M        59M       322M

MemTotal:        4016004 kB
MemFree:         3221608 kB
Active:           438512 kB
Mem:          3.8G       776M       3.1G       5.7M        59M       322M

MemTotal:        4016004 kB
MemFree:         3221484 kB
Active:           438500 kB
Mem:          3.8G       775M       3.1G       5.7M        59M       322M

MemTotal:        4016004 kB
MemFree:         3221360 kB
Active:           438532 kB
Mem:          3.8G       776M       3.1G       5.7M        59M       322M

MemTotal:        4016004 kB
MemFree:         3221484 kB
Active:           438524 kB
Mem:          3.8G       775M       3.1G       5.7M        59M       322M

MemTotal:        4016004 kB
MemFree:         3221484 kB
Active:           438540 kB
Mem:          3.8G       775M       3.1G       5.7M        59M       322M

MemTotal:        4016004 kB
MemFree:         3221272 kB
Active:           436544 kB
Mem:          3.8G       776M       3.1G       5.7M        59M       322M

MemTotal:        4016004 kB
MemFree:         3221156 kB
Active:           438584 kB
Mem:          3.8G       776M       3.1G       5.7M        59M       322M

MemTotal:        4016004 kB
MemFree:         3221032 kB
Active:           438584 kB
Mem:          3.8G       776M       3.1G       5.7M        59M       322M

MemTotal:        4016004 kB
MemFree:         3221404 kB
Active:           438560 kB
Mem:          3.8G       776M       3.1G       5.7M        59M       322M

MemTotal:        4016004 kB
MemFree:         3221360 kB
Active:           438556 kB
Mem:          3.8G       776M       3.1G       5.7M        59M       322M

MemTotal:        4016004 kB
MemFree:         3221484 kB
Active:           438600 kB
Mem:          3.8G       776M       3.1G       5.7M        59M       322M

MemTotal:        4016004 kB
MemFree:         3221484 kB
Active:           438580 kB
Mem:          3.8G       775M       3.1G       5.7M        59M       322M

MemTotal:        4016004 kB
MemFree:         3221112 kB
Active:           438608 kB
Mem:          3.8G       776M       3.1G       5.7M        59M       322M

MemTotal:        4016004 kB
MemFree:         3221360 kB
Active:           438560 kB
Mem:          3.8G       776M       3.1G       5.7M        59M       322M

MemTotal:        4016004 kB
MemFree:         3221360 kB
Active:           438568 kB
Mem:          3.8G       776M       3.1G       5.7M        59M       322M

MemTotal:        4016004 kB
MemFree:         2812768 kB
Active:           448852 kB
Mem:          3.8G       1.1G       2.7G       5.7M        59M       703M

MemTotal:        4016004 kB
MemFree:         2765888 kB
Active:           449036 kB
Mem:          3.8G       1.2G       2.6G       5.7M        59M       747M

MemTotal:        4016004 kB
MemFree:         2721468 kB
Active:           449204 kB
Mem:          3.8G       1.3G       2.5G       5.7M        59M       840M

MemTotal:        4016004 kB
MemFree:         2618880 kB
Active:           449572 kB
Mem:          3.8G       1.3G       2.5G       5.7M        59M       887M

MemTotal:        4016004 kB
MemFree:         2591660 kB
Active:           449728 kB
Mem:          3.8G       1.4G       2.5G       5.7M        59M       913M

MemTotal:        4016004 kB
MemFree:         2545744 kB
Active:           449896 kB
Mem:          3.8G       1.4G       2.4G       5.7M        59M       957M

MemTotal:        4016004 kB
MemFree:         2505400 kB
Active:           450024 kB
Mem:          3.8G       1.4G       2.4G       5.7M        59M       995M

MemTotal:        4016004 kB
MemFree:         2453232 kB
Active:           450244 kB
Mem:          3.8G       1.5G       2.3G       5.7M        59M       1.0G

MemTotal:        4016004 kB
MemFree:         2408728 kB
Active:           450408 kB
Mem:          3.8G       1.5G       2.3G       5.7M        59M       1.1G

MemTotal:        4016004 kB
MemFree:         2367936 kB
Active:           450572 kB
Mem:          3.8G       1.6G       2.3G       5.7M        59M       1.1G

MemTotal:        4016004 kB
MemFree:         2356736 kB
Active:           450692 kB
Mem:          3.8G       1.6G       2.2G       5.7M        59M       1.1G

MemTotal:        4016004 kB
MemFree:         2355592 kB
Active:           450700 kB
Mem:          3.8G       1.6G       2.2G       5.7M        59M       1.1G

MemTotal:        4016004 kB
MemFree:         2355536 kB
Active:           450708 kB
Mem:          3.8G       1.6G       2.2G       5.7M        59M       1.1G

MemTotal:        4016004 kB
MemFree:         2243736 kB
Active:           450972 kB
Mem:          3.8G       1.7G       2.1G       5.7M        59M       1.2G

MemTotal:        4016004 kB
MemFree:         2163392 kB
Active:           451336 kB
Mem:          3.8G       1.8G       2.1G       5.7M        59M       1.3G

MemTotal:        4016004 kB
MemFree:         2117616 kB
Active:           451580 kB
Mem:          3.8G       1.8G       2.0G       5.7M        59M       1.3G

MemTotal:        4016004 kB
MemFree:         2095372 kB
Active:           451684 kB
Mem:          3.8G       1.8G       2.0G       5.7M        59M       1.4G

MemTotal:        4016004 kB
MemFree:         2073272 kB
Active:           451768 kB
Mem:          3.8G       1.9G       2.0G       5.7M        59M       1.4G

MemTotal:        4016004 kB
MemFree:         1995252 kB
Active:           451960 kB
Mem:          3.8G       1.9G       1.9G       5.7M        59M       1.4G

MemTotal:        4016004 kB
MemFree:         1939196 kB
Active:           454284 kB
Mem:          3.8G       2.0G       1.8G       5.7M        59M       1.5G

MemTotal:        4016004 kB
MemFree:         1899676 kB
Active:           454448 kB
Mem:          3.8G       2.0G       1.8G       5.7M        59M       1.5G

MemTotal:        4016004 kB
MemFree:         1880604 kB
Active:           454584 kB
Mem:          3.8G       2.0G       1.8G       5.7M        59M       1.5G

MemTotal:        4016004 kB
MemFree:         1871276 kB
Active:           454576 kB
Mem:          3.8G       2.0G       1.8G       5.7M        59M       1.6G

MemTotal:        4016004 kB
MemFree:         1839064 kB
Active:           454668 kB
Mem:          3.8G       2.1G       1.8G       5.7M        59M       1.6G

MemTotal:        4016004 kB
MemFree:         1719612 kB
Active:           454956 kB
Mem:          3.8G       2.2G       1.6G       5.7M        59M       1.7G

MemTotal:        4016004 kB
MemFree:         1672744 kB
Active:           455312 kB
Mem:          3.8G       2.2G       1.6G       5.7M        59M       1.7G

MemTotal:        4016004 kB
MemFree:         1628424 kB
Active:           455500 kB
Mem:          3.8G       2.3G       1.6G       5.7M        59M       1.8G

MemTotal:        4016004 kB
MemFree:         1590520 kB
Active:           455616 kB
Mem:          3.8G       2.3G       1.5G       5.7M        59M       1.8G

MemTotal:        4016004 kB
MemFree:         1548520 kB
Active:           455808 kB
Mem:          3.8G       2.4G       1.5G       5.7M        59M       1.9G

MemTotal:        4016004 kB
MemFree:         1502912 kB
Active:           455960 kB
Mem:          3.8G       2.4G       1.4G       5.7M        59M       1.9G

MemTotal:        4016004 kB
MemFree:         1459884 kB
Active:           456168 kB
Mem:          3.8G       2.4G       1.4G       5.7M        59M       1.9G

MemTotal:        4016004 kB
MemFree:         1418192 kB
Active:           456316 kB
Mem:          3.8G       2.5G       1.4G       5.7M        59M       2.0G

MemTotal:        4016004 kB
MemFree:         1394600 kB
Active:           456464 kB
Mem:          3.8G       2.5G       1.3G       5.7M        59M       2.0G

MemTotal:        4016004 kB
MemFree:         1369292 kB
Active:           456556 kB
Mem:          3.8G       2.5G       1.3G       5.7M        59M       2.0G

MemTotal:        4016004 kB
MemFree:         1332616 kB
Active:           456624 kB
Mem:          3.8G       2.6G       1.3G       5.7M        59M       2.1G

MemTotal:        4016004 kB
MemFree:         1253480 kB
Active:           456856 kB
Mem:          3.8G       2.6G       1.2G       5.7M        59M       2.1G

MemTotal:        4016004 kB
MemFree:         1205100 kB
Active:           457164 kB
Mem:          3.8G       2.7G       1.1G       5.7M        59M       2.2G

MemTotal:        4016004 kB
MemFree:         1173276 kB
Active:           457248 kB
Mem:          3.8G       2.7G       1.1G       5.7M        59M       2.2G

MemTotal:        4016004 kB
MemFree:         1144988 kB
Active:           457504 kB
Mem:          3.8G       2.7G       1.1G       5.7M        59M       2.2G

MemTotal:        4016004 kB
MemFree:         1112924 kB
Active:           457512 kB
Mem:          3.8G       2.8G       1.1G       5.7M        59M       2.3G

MemTotal:        4016004 kB
MemFree:         1035540 kB
Active:           457708 kB
Mem:          3.8G       2.8G       1.0G       5.7M        59M       2.3G

MemTotal:        4016004 kB
MemFree:          975944 kB
Active:           458012 kB
Mem:          3.8G       2.9G       952M       5.7M        59M       2.4G

MemTotal:        4016004 kB
MemFree:          960768 kB
Active:           458212 kB
Mem:          3.8G       2.9G       938M       5.7M        59M       2.4G

MemTotal:        4016004 kB
MemFree:          960108 kB
Active:           458188 kB
Mem:          3.8G       2.9G       937M       5.7M        59M       2.4G

MemTotal:        4016004 kB
MemFree:          890572 kB
Active:           458188 kB
Mem:          3.8G       3.0G       869M       5.7M        59M       2.5G

MemTotal:        4016004 kB
MemFree:          817820 kB
Active:           458564 kB
Mem:          3.8G       3.1G       798M       5.7M        59M       2.5G

MemTotal:        4016004 kB
MemFree:          759484 kB
Active:           458836 kB
Mem:          3.8G       3.1G       741M       5.7M        59M       2.6G

MemTotal:        4016004 kB
MemFree:          707736 kB
Active:           459084 kB
Mem:          3.8G       3.2G       690M       5.7M        59M       2.6G

MemTotal:        4016004 kB
MemFree:          666656 kB
Active:           459264 kB
Mem:          3.8G       3.2G       650M       5.7M        59M       2.7G

MemTotal:        4016004 kB
MemFree:          643304 kB
Active:           459416 kB
Mem:          3.8G       3.2G       627M       5.7M        59M       2.7G

MemTotal:        4016004 kB
MemFree:          638860 kB
Active:           459440 kB
Mem:          3.8G       3.2G       623M       5.7M        59M       2.7G

MemTotal:        4016004 kB
MemFree:          597016 kB
Active:           459512 kB
Mem:          3.8G       3.3G       582M       5.7M        59M       2.7G

MemTotal:        4016004 kB
MemFree:          488596 kB
Active:           459692 kB
Mem:          3.8G       3.4G       475M       5.7M        59M       2.8G

MemTotal:        4016004 kB
MemFree:          433664 kB
Active:           460144 kB
Mem:          3.8G       3.4G       422M       5.7M        59M       2.9G

MemTotal:        4016004 kB
MemFree:          394108 kB
Active:           460356 kB
Mem:          3.8G       3.5G       384M       5.7M        59M       2.9G

MemTotal:        4016004 kB
MemFree:          365060 kB
Active:           460492 kB
Mem:          3.8G       3.5G       356M       5.7M        59M       3.0G

MemTotal:        4016004 kB
MemFree:          308992 kB
Active:           460712 kB
Mem:          3.8G       3.5G       301M       5.7M        59M       3.0G

MemTotal:        4016004 kB
MemFree:          266468 kB
Active:           460932 kB
Mem:          3.8G       3.6G       259M       5.7M        59M       3.0G

MemTotal:        4016004 kB
MemFree:          222428 kB
Active:           463180 kB
Mem:          3.8G       3.6G       216M       5.7M        59M       3.1G

MemTotal:        4016004 kB
MemFree:          186280 kB
Active:           450880 kB
Mem:          3.8G       3.7G       181M       5.7M        50M       3.1G

MemTotal:        4016004 kB
MemFree:          145448 kB
Active:           444316 kB
Mem:          3.8G       3.7G       141M       5.7M        50M       3.2G

MemTotal:        4016004 kB
MemFree:          138156 kB
Active:           437404 kB
Mem:          3.8G       3.7G       127M       5.7M        27M       3.2G

MemTotal:        4016004 kB
MemFree:          110552 kB
Active:           482252 kB
Mem:          3.8G       3.7G       133M       5.7M        27M       3.2G

MemTotal:        4016004 kB
MemFree:          115684 kB
Active:           484968 kB
Mem:          3.8G       3.7G       120M       5.7M        27M       3.2G

MemTotal:        4016004 kB
MemFree:          107724 kB
Active:           478640 kB
Mem:          3.8G       3.7G       104M       5.7M        27M       3.2G

MemTotal:        4016004 kB
MemFree:          125584 kB
Active:           474504 kB
Mem:          3.8G       3.7G       122M       5.7M        27M       3.2G

MemTotal:        4016004 kB
MemFree:          137752 kB
Active:           472292 kB
Mem:          3.8G       3.7G       133M       5.7M        27M       3.2G

MemTotal:        4016004 kB
MemFree:          130056 kB
Active:           471260 kB
Mem:          3.8G       3.7G       126M       5.7M        27M       3.2G

MemTotal:        4016004 kB
MemFree:          137788 kB
Active:           469924 kB
Mem:          3.8G       3.7G       134M       5.7M        27M       3.2G

MemTotal:        4016004 kB
MemFree:          132364 kB
Active:           468224 kB
Mem:          3.8G       3.7G       128M       5.7M        27M       3.2G

MemTotal:        4016004 kB
MemFree:          107936 kB
Active:           468216 kB
Mem:          3.8G       3.7G       105M       5.7M        27M       3.2G

MemTotal:        4016004 kB
MemFree:          108856 kB
Active:           467696 kB
Mem:          3.8G       3.7G       106M       5.7M        27M       3.2G

MemTotal:        4016004 kB
MemFree:          135752 kB
Active:           459764 kB
Mem:          3.8G       3.7G       131M       5.7M        27M       3.2G

MemTotal:        4016004 kB
MemFree:          126696 kB
Active:           458992 kB
Mem:          3.8G       3.7G       122M       5.7M        27M       3.2G

MemTotal:        4016004 kB
MemFree:          129288 kB
Active:           458088 kB
Mem:          3.8G       3.7G       125M       5.7M        27M       3.2G

MemTotal:        4016004 kB
MemFree:          107308 kB
Active:           457804 kB
Mem:          3.8G       3.7G       104M       5.7M        27M       3.2G

MemTotal:        4016004 kB
MemFree:          152076 kB
Active:           454928 kB
Mem:          3.8G       3.7G       147M       5.7M        27M       3.2G

MemTotal:        4016004 kB
MemFree:          136764 kB
Active:           454048 kB
Mem:          3.8G       3.7G       133M       5.7M        27M       3.2G

MemTotal:        4016004 kB
MemFree:          136600 kB
Active:           452864 kB
Mem:          3.8G       3.7G       133M       5.7M        27M       3.2G

MemTotal:        4016004 kB
MemFree:          125900 kB
Active:           449916 kB
Mem:          3.8G       3.7G       122M       5.7M        27M       3.2G

MemTotal:        4016004 kB
MemFree:          141348 kB
Active:           447716 kB
Mem:          3.8G       3.7G       136M       5.7M        27M       3.2G

MemTotal:        4016004 kB
MemFree:          122548 kB
Active:           446508 kB
Mem:          3.8G       3.7G       119M       5.7M        27M       3.2G

MemTotal:        4016004 kB
MemFree:          118324 kB
Active:           445488 kB
Mem:          3.8G       3.7G       115M       5.7M        27M       3.2G

MemTotal:        4016004 kB
MemFree:          126112 kB
Active:           443912 kB
Mem:          3.8G       3.7G       122M       5.7M        27M       3.2G

MemTotal:        4016004 kB
MemFree:          118468 kB
Active:           442684 kB
Mem:          3.8G       3.7G       114M       5.7M        27M       3.2G

MemTotal:        4016004 kB
MemFree:          112448 kB
Active:           441732 kB
Mem:          3.8G       3.7G       109M       5.7M        27M       3.2G

MemTotal:        4016004 kB
MemFree:          122636 kB
Active:           441120 kB
Mem:          3.8G       3.7G       125M       5.7M        27M       3.2G

MemTotal:        4016004 kB
MemFree:          122628 kB
Active:           441040 kB
Mem:          3.8G       3.7G       119M       5.7M        27M       3.2G

MemTotal:        4016004 kB
MemFree:          125636 kB
Active:           439420 kB
Mem:          3.8G       3.7G       122M       5.7M        27M       3.2G

MemTotal:        4016004 kB
MemFree:          128124 kB
Active:           437544 kB
Mem:          3.8G       3.7G       124M       5.7M        27M       3.2G

MemTotal:        4016004 kB
MemFree:          117604 kB
Active:           434600 kB
Mem:          3.8G       3.7G       113M       5.7M        27M       3.2G

MemTotal:        4016004 kB
MemFree:          130716 kB
Active:           432740 kB
Mem:          3.8G       3.7G       126M       5.7M        27M       3.2G

MemTotal:        4016004 kB
MemFree:          108164 kB
Active:           432860 kB
Mem:          3.8G       3.7G       104M       5.7M        27M       3.2G

MemTotal:        4016004 kB
MemFree:          123092 kB
Active:           431656 kB
Mem:          3.8G       3.7G       120M       5.7M        27M       3.2G

MemTotal:        4016004 kB
MemFree:          108696 kB
Active:           432616 kB
Mem:          3.8G       3.7G       105M       5.7M        27M       3.2G

MemTotal:        4016004 kB
MemFree:          119784 kB
Active:           428848 kB
Mem:          3.8G       3.7G       116M       5.7M        27M       3.2G

MemTotal:        4016004 kB
MemFree:          105060 kB
Active:           427684 kB
Mem:          3.8G       3.7G       102M       5.7M        27M       3.2G

MemTotal:        4016004 kB
MemFree:          110852 kB
Active:           426624 kB
Mem:          3.8G       3.7G       107M       5.7M        27M       3.2G

MemTotal:        4016004 kB
MemFree:          126132 kB
Active:           425180 kB
Mem:          3.8G       3.7G       122M       5.7M        27M       3.2G

MemTotal:        4016004 kB
MemFree:          118648 kB
Active:           424520 kB
Mem:          3.8G       3.7G       115M       5.7M        27M       3.2G

MemTotal:        4016004 kB
MemFree:          105160 kB
Active:           422932 kB
Mem:          3.8G       3.7G       106M       5.7M        27M       3.2G

MemTotal:        4016004 kB
MemFree:          139144 kB
Active:           420512 kB
Mem:          3.8G       3.7G       136M       5.7M        27M       3.2G

MemTotal:        4016004 kB
MemFree:          117500 kB
Active:           420664 kB
Mem:          3.8G       3.7G       114M       5.7M        27M       3.2G

MemTotal:        4016004 kB
MemFree:          134968 kB
Active:           419488 kB
Mem:          3.8G       3.7G       131M       5.7M        27M       3.2G

MemTotal:        4016004 kB
MemFree:          124816 kB
Active:           421084 kB
Mem:          3.8G       3.7G       121M       5.7M        27M       3.2G

MemTotal:        4016004 kB
MemFree:          144512 kB
Active:           417748 kB
Mem:          3.8G       3.7G       141M       5.7M        27M       3.2G

MemTotal:        4016004 kB
MemFree:          123976 kB
Active:           416952 kB
Mem:          3.8G       3.7G       120M       5.7M        27M       3.2G

MemTotal:        4016004 kB
MemFree:          110752 kB
Active:           415980 kB
Mem:          3.8G       3.7G       107M       5.7M        27M       3.2G

MemTotal:        4016004 kB
MemFree:          107856 kB
Active:           414796 kB
Mem:          3.8G       3.7G       104M       5.7M        27M       3.2G

MemTotal:        4016004 kB
MemFree:          124232 kB
Active:           412532 kB
Mem:          3.8G       3.7G       120M       5.7M        27M       3.2G

MemTotal:        4016004 kB
MemFree:          121364 kB
Active:           411676 kB
Mem:          3.8G       3.7G       117M       5.7M        27M       3.2G

MemTotal:        4016004 kB
MemFree:          130584 kB
Active:           409548 kB
Mem:          3.8G       3.7G       127M       5.7M        27M       3.2G

MemTotal:        4016004 kB
MemFree:          142848 kB
Active:           408436 kB
Mem:          3.8G       3.7G       139M       5.7M        27M       3.2G

MemTotal:        4016004 kB
MemFree:          142572 kB
Active:           408480 kB
Mem:          3.8G       3.7G       139M       5.7M        27M       3.2G

MemTotal:        4016004 kB
MemFree:          142084 kB
Active:           408532 kB
Mem:          3.8G       3.7G       138M       5.7M        27M       3.2G

MemTotal:        4016004 kB
MemFree:          128452 kB
Active:           408168 kB
Mem:          3.8G       3.7G       124M       5.7M        27M       3.2G

MemTotal:        4016004 kB
MemFree:          107072 kB
Active:           408368 kB
Mem:          3.8G       3.7G       104M       5.7M        27M       3.2G

MemTotal:        4016004 kB
MemFree:          125776 kB
Active:           408492 kB
Mem:          3.8G       3.7G       122M       5.7M        27M       3.2G

MemTotal:        4016004 kB
MemFree:          133196 kB
Active:           408736 kB
Mem:          3.8G       3.7G       129M       5.7M        27M       3.2G

MemTotal:        4016004 kB
MemFree:          122940 kB
Active:           408932 kB
Mem:          3.8G       3.7G       119M       5.7M        27M       3.2G

MemTotal:        4016004 kB
MemFree:          135284 kB
Active:           409104 kB
Mem:          3.8G       3.7G       131M       5.7M        27M       3.2G

MemTotal:        4016004 kB
MemFree:          128164 kB
Active:           409236 kB
Mem:          3.8G       3.7G       124M       5.7M        27M       3.2G

MemTotal:        4016004 kB
MemFree:          110184 kB
Active:           409272 kB
Mem:          3.8G       3.7G       107M       5.7M        27M       3.2G

MemTotal:        4016004 kB
MemFree:          111184 kB
Active:           414500 kB
Mem:          3.8G       3.7G       107M       5.7M        27M       3.2G

MemTotal:        4016004 kB
MemFree:          135468 kB
Active:           409616 kB
Mem:          3.8G       3.7G       131M       5.7M        27M       3.2G

MemTotal:        4016004 kB
MemFree:          135072 kB
Active:           409344 kB
Mem:          3.8G       3.7G       131M       5.7M        27M       3.2G

MemTotal:        4016004 kB
MemFree:          134240 kB
Active:           409472 kB
Mem:          3.8G       3.7G       130M       5.7M        27M       3.2G

MemTotal:        4016004 kB
MemFree:          129228 kB
Active:           409524 kB
Mem:          3.8G       3.7G       125M       5.7M        27M       3.2G

MemTotal:        4016004 kB
MemFree:          131352 kB
Active:           409804 kB
Mem:          3.8G       3.7G       128M       5.7M        27M       3.2G

MemTotal:        4016004 kB
MemFree:          127472 kB
Active:           410032 kB
Mem:          3.8G       3.7G       123M       5.7M        27M       3.2G

MemTotal:        4016004 kB
MemFree:          128172 kB
Active:           410208 kB
Mem:          3.8G       3.7G       124M       5.7M        27M       3.2G

MemTotal:        4016004 kB
MemFree:          130720 kB
Active:           410396 kB
Mem:          3.8G       3.7G       127M       5.7M        27M       3.2G

MemTotal:        4016004 kB
MemFree:          105016 kB
Active:           410568 kB
Mem:          3.8G       3.7G       102M       5.7M        27M       3.2G

MemTotal:        4016004 kB
MemFree:          111592 kB
Active:           410700 kB
Mem:          3.8G       3.7G       108M       5.7M        27M       3.2G

MemTotal:        4016004 kB
MemFree:          114192 kB
Active:           410784 kB
Mem:          3.8G       3.7G       111M       5.7M        27M       3.2G

MemTotal:        4016004 kB
MemFree:          147732 kB
Active:           411088 kB
Mem:          3.8G       3.7G       143M       5.7M        27M       3.2G

MemTotal:        4016004 kB
MemFree:          129996 kB
Active:           407876 kB
Mem:          3.8G       3.7G       126M       5.7M        27M       3.2G

MemTotal:        4016004 kB
MemFree:          104732 kB
Active:           407820 kB
Mem:          3.8G       3.7G       106M       5.7M        27M       3.2G

MemTotal:        4016004 kB
MemFree:          112920 kB
Active:           407792 kB
Mem:          3.8G       3.7G       110M       5.7M        27M       3.2G

MemTotal:        4016004 kB
MemFree:          113384 kB
Active:           407936 kB
Mem:          3.8G       3.7G       110M       5.7M        27M       3.2G

MemTotal:        4016004 kB
MemFree:          140408 kB
Active:           408224 kB
Mem:          3.8G       3.7G       136M       5.7M        27M       3.2G

MemTotal:        4016004 kB
MemFree:          129168 kB
Active:           408448 kB
Mem:          3.8G       3.7G       125M       5.7M        27M       3.2G

MemTotal:        4016004 kB
MemFree:          125780 kB
Active:           408612 kB
Mem:          3.8G       3.7G       121M       5.7M        27M       3.2G

MemTotal:        4016004 kB
MemFree:          119700 kB
Active:           408744 kB
Mem:          3.8G       3.7G       116M       5.7M        27M       3.2G

MemTotal:        4016004 kB
MemFree:          106488 kB
Active:           408892 kB
Mem:          3.8G       3.7G       103M       5.7M        27M       3.2G

MemTotal:        4016004 kB
MemFree:          145608 kB
Active:           405712 kB
Mem:          3.8G       3.7G       142M       5.7M        27M       3.2G

MemTotal:        4016004 kB
MemFree:          124648 kB
Active:           405876 kB
Mem:          3.8G       3.7G       121M       5.7M        27M       3.2G

MemTotal:        4016004 kB
MemFree:          113008 kB
Active:           405964 kB
Mem:          3.8G       3.7G       109M       5.7M        27M       3.2G

MemTotal:        4016004 kB
MemFree:          121632 kB
Active:           406396 kB
Mem:          3.8G       3.7G       118M       5.7M        27M       3.2G

MemTotal:        4016004 kB
MemFree:          112328 kB
Active:           406788 kB
Mem:          3.8G       3.7G       109M       5.7M        27M       3.2G

MemTotal:        4016004 kB
MemFree:          126400 kB
Active:           407000 kB
Mem:          3.8G       3.7G       123M       5.7M        27M       3.2G

MemTotal:        4016004 kB
MemFree:          130260 kB
Active:           404984 kB
Mem:          3.8G       3.7G       126M       5.7M        27M       3.2G

MemTotal:        4016004 kB
MemFree:          135604 kB
Active:           405164 kB
Mem:          3.8G       3.7G       131M       5.7M        27M       3.2G

MemTotal:        4016004 kB
MemFree:          131516 kB
Active:           405424 kB
Mem:          3.8G       3.7G       128M       5.7M        27M       3.2G

MemTotal:        4016004 kB
MemFree:          116280 kB
Active:           405680 kB
Mem:          3.8G       3.7G       113M       5.7M        27M       3.2G

MemTotal:        4016004 kB
MemFree:          132048 kB
Active:           405780 kB
Mem:          3.8G       3.7G       128M       5.7M        27M       3.2G

MemTotal:        4016004 kB
MemFree:          113312 kB
Active:           405852 kB
Mem:          3.8G       3.7G       110M       5.7M        27M       3.2G

MemTotal:        4016004 kB
MemFree:          108848 kB
Active:           406008 kB
Mem:          3.8G       3.7G       104M       5.7M        27M       3.2G

MemTotal:        4016004 kB
MemFree:          147152 kB
Active:           406352 kB
Mem:          3.8G       3.7G       143M       5.7M        27M       3.2G

MemTotal:        4016004 kB
MemFree:          130524 kB
Active:           405444 kB
Mem:          3.8G       3.7G       127M       5.7M        27M       3.2G

MemTotal:        4016004 kB
MemFree:          129956 kB
Active:           406720 kB
Mem:          3.8G       3.7G       126M       5.7M        27M       3.2G

MemTotal:        4016004 kB
MemFree:          143372 kB
Active:           406824 kB
Mem:          3.8G       3.7G       140M       5.7M        27M       3.2G

MemTotal:        4016004 kB
MemFree:          122992 kB
Active:           407244 kB
Mem:          3.8G       3.7G       119M       5.7M        27M       3.2G

MemTotal:        4016004 kB
MemFree:          123972 kB
Active:           407436 kB
Mem:          3.8G       3.7G       120M       5.7M        27M       3.2G

MemTotal:        4016004 kB
MemFree:          112940 kB
Active:           407556 kB
Mem:          3.8G       3.7G       110M       5.7M        27M       3.2G

MemTotal:        4016004 kB
MemFree:          112572 kB
Active:           407556 kB
Mem:          3.8G       3.7G       109M       5.7M        27M       3.2G

MemTotal:        4016004 kB
MemFree:          123704 kB
Active:           407700 kB
Mem:          3.8G       3.7G       120M       5.7M        27M       3.2G

MemTotal:        4016004 kB
MemFree:          111896 kB
Active:           407992 kB
Mem:          3.8G       3.7G       108M       5.7M        27M       3.2G

MemTotal:        4016004 kB
MemFree:          125532 kB
Active:           408212 kB
Mem:          3.8G       3.7G       121M       5.7M        27M       3.2G

MemTotal:        4016004 kB
MemFree:          137552 kB
Active:           399764 kB
Mem:          3.8G       3.7G       134M       5.7M        27M       3.2G

MemTotal:        4016004 kB
MemFree:          131612 kB
Active:           399948 kB
Mem:          3.8G       3.7G       127M       5.7M        27M       3.2G

MemTotal:        4016004 kB
MemFree:          110564 kB
Active:           400128 kB
Mem:          3.8G       3.7G       107M       5.7M        27M       3.2G

MemTotal:        4016004 kB
MemFree:          135860 kB
Active:           400260 kB
Mem:          3.8G       3.7G       132M       5.7M        27M       3.2G

MemTotal:        4016004 kB
MemFree:          134964 kB
Active:           400412 kB
Mem:          3.8G       3.7G       131M       5.7M        27M       3.2G

MemTotal:        4016004 kB
MemFree:          116992 kB
Active:           400796 kB
Mem:          3.8G       3.7G       113M       5.7M        27M       3.2G

MemTotal:        4016004 kB
MemFree:          124788 kB
Active:           401020 kB
Mem:          3.8G       3.7G       121M       5.7M        27M       3.2G

MemTotal:        4016004 kB
MemFree:          137300 kB
Active:           399656 kB
Mem:          3.8G       3.7G       133M       5.7M        27M       3.2G

MemTotal:        4016004 kB
MemFree:          115640 kB
Active:           399920 kB
Mem:          3.8G       3.7G       112M       5.7M        27M       3.2G

MemTotal:        4016004 kB
MemFree:          117664 kB
Active:           400108 kB
Mem:          3.8G       3.7G       123M       5.7M        27M       3.2G

MemTotal:        4016004 kB
MemFree:          105892 kB
Active:           400292 kB
Mem:          3.8G       3.7G       102M       5.7M        27M       3.2G

MemTotal:        4016004 kB
MemFree:          126372 kB
Active:           400452 kB
Mem:          3.8G       3.7G       123M       5.7M        27M       3.2G

MemTotal:        4016004 kB
MemFree:          122808 kB
Active:           400556 kB
Mem:          3.8G       3.7G       119M       5.7M        27M       3.2G

MemTotal:        4016004 kB
MemFree:          121424 kB
Active:           400672 kB
Mem:          3.8G       3.7G       118M       5.7M        27M       3.2G

MemTotal:        4016004 kB
MemFree:          115484 kB
Active:           400788 kB
Mem:          3.8G       3.7G       112M       5.7M        27M       3.2G

MemTotal:        4016004 kB
MemFree:          117444 kB
Active:           401044 kB
Mem:          3.8G       3.7G       114M       5.7M        27M       3.2G

MemTotal:        4016004 kB
MemFree:          141144 kB
Active:           401284 kB
Mem:          3.8G       3.7G       136M       5.7M        27M       3.2G

MemTotal:        4016004 kB
MemFree:          106268 kB
Active:           401432 kB
Mem:          3.8G       3.7G       103M       5.7M        27M       3.2G

MemTotal:        4016004 kB
MemFree:          126808 kB
Active:           399368 kB
Mem:          3.8G       3.7G       123M       5.7M        27M       3.2G

MemTotal:        4016004 kB
MemFree:          123976 kB
Active:           399584 kB
Mem:          3.8G       3.7G       120M       5.7M        27M       3.2G

MemTotal:        4016004 kB
MemFree:          145544 kB
Active:           399764 kB
Mem:          3.8G       3.7G       142M       5.7M        27M       3.2G

MemTotal:        4016004 kB
MemFree:          143644 kB
Active:           400236 kB
Mem:          3.8G       3.7G       140M       5.7M        27M       3.2G

MemTotal:        4016004 kB
MemFree:          134672 kB
Active:           400456 kB
Mem:          3.8G       3.7G       130M       5.7M        27M       3.2G

MemTotal:        4016004 kB
MemFree:          124748 kB
Active:           400628 kB
Mem:          3.8G       3.7G       122M       5.7M        27M       3.2G

MemTotal:        4016004 kB
MemFree:          129124 kB
Active:           400752 kB
Mem:          3.8G       3.7G       125M       5.7M        27M       3.2G

MemTotal:        4016004 kB
MemFree:          131236 kB
Active:           400876 kB
Mem:          3.8G       3.7G       127M       5.7M        27M       3.2G

MemTotal:        4016004 kB
MemFree:          141292 kB
Active:           401004 kB
Mem:          3.8G       3.7G       136M       5.7M        27M       3.2G

MemTotal:        4016004 kB
MemFree:          127516 kB
Active:           401284 kB
Mem:          3.8G       3.7G       124M       5.7M        27M       3.2G

MemTotal:        4016004 kB
MemFree:          138752 kB
Active:           398160 kB
Mem:          3.8G       3.7G       135M       5.7M        27M       3.2G

MemTotal:        4016004 kB
MemFree:          114400 kB
Active:           398252 kB
Mem:          3.8G       3.7G       111M       5.7M        27M       3.2G

MemTotal:        4016004 kB
MemFree:          118708 kB
Active:           398356 kB
Mem:          3.8G       3.7G       115M       5.7M        27M       3.2G

MemTotal:        4016004 kB
MemFree:          126268 kB
Active:           398544 kB
Mem:          3.8G       3.7G       122M       5.7M        27M       3.2G

MemTotal:        4016004 kB
MemFree:          113520 kB
Active:           398844 kB
Mem:          3.8G       3.7G       110M       5.7M        27M       3.2G

MemTotal:        4016004 kB
MemFree:          127688 kB
Active:           399044 kB
Mem:          3.8G       3.7G       124M       5.7M        27M       3.2G

MemTotal:        4016004 kB
MemFree:          127260 kB
Active:           399044 kB
Mem:          3.8G       3.7G       124M       5.7M        27M       3.2G

MemTotal:        4016004 kB
MemFree:          115744 kB
Active:           399464 kB
Mem:          3.8G       3.7G       112M       5.7M        27M       3.2G

MemTotal:        4016004 kB
MemFree:          123168 kB
Active:           399816 kB
Mem:          3.8G       3.7G       119M       5.7M        27M       3.2G

MemTotal:        4016004 kB
MemFree:          114368 kB
Active:           399876 kB
Mem:          3.8G       3.7G       111M       5.7M        27M       3.2G

MemTotal:        4016004 kB
MemFree:          131612 kB
Active:           400080 kB
Mem:          3.8G       3.7G       128M       5.7M        27M       3.2G

MemTotal:        4016004 kB
MemFree:          118920 kB
Active:           400356 kB
Mem:          3.8G       3.7G       115M       5.7M        27M       3.2G

MemTotal:        4016004 kB
MemFree:          122156 kB
Active:           400576 kB
Mem:          3.8G       3.7G       118M       5.7M        27M       3.2G

MemTotal:        4016004 kB
MemFree:          105920 kB
Active:           400764 kB
Mem:          3.8G       3.7G       103M       5.7M        27M       3.2G

MemTotal:        4016004 kB
MemFree:          132904 kB
Active:           400928 kB
Mem:          3.8G       3.7G       129M       5.7M        27M       3.2G

MemTotal:        4016004 kB
MemFree:          133464 kB
Active:           400976 kB
Mem:          3.8G       3.7G       129M       5.7M        27M       3.2G

MemTotal:        4016004 kB
MemFree:          133192 kB
Active:           400964 kB
Mem:          3.8G       3.7G       129M       5.7M        27M       3.2G

MemTotal:        4016004 kB
MemFree:          133012 kB
Active:           400984 kB
Mem:          3.8G       3.7G       130M       5.7M        27M       3.2G

MemTotal:        4016004 kB
MemFree:          107360 kB
Active:           398276 kB
Mem:          3.8G       3.7G       103M       5.7M        27M       3.2G

MemTotal:        4016004 kB
MemFree:          141324 kB
Active:           398528 kB
Mem:          3.8G       3.7G       137M       5.7M        27M       3.2G

MemTotal:        4016004 kB
MemFree:          112152 kB
Active:           398664 kB
Mem:          3.8G       3.7G       108M       5.7M        27M       3.2G

MemTotal:        4016004 kB
MemFree:          125608 kB
Active:           398768 kB
Mem:          3.8G       3.7G       122M       5.7M        27M       3.2G

MemTotal:        4016004 kB
MemFree:          124420 kB
Active:           398904 kB
Mem:          3.8G       3.7G       121M       5.7M        27M       3.2G

MemTotal:        4016004 kB
MemFree:          112024 kB
Active:           399164 kB
Mem:          3.8G       3.7G       108M       5.7M        27M       3.2G

MemTotal:        4016004 kB
MemFree:          138564 kB
Active:           399444 kB
Mem:          3.8G       3.7G       135M       5.7M        27M       3.2G

MemTotal:        4016004 kB
MemFree:          122988 kB
Active:           399620 kB
Mem:          3.8G       3.7G       119M       5.7M        27M       3.2G

MemTotal:        4016004 kB
MemFree:          114304 kB
Active:           399712 kB
Mem:          3.8G       3.7G       111M       5.7M        27M       3.2G

MemTotal:        4016004 kB
MemFree:          123128 kB
Active:           399800 kB
Mem:          3.8G       3.7G       119M       5.7M        27M       3.2G

MemTotal:        4016004 kB
MemFree:          134696 kB
Active:           400060 kB
Mem:          3.8G       3.7G       130M       5.7M        27M       3.2G

MemTotal:        4016004 kB
MemFree:          120252 kB
Active:           400380 kB
Mem:          3.8G       3.7G       116M       5.7M        27M       3.2G

MemTotal:        4016004 kB
MemFree:          121280 kB
Active:           400536 kB
Mem:          3.8G       3.7G       117M       5.7M        27M       3.2G

MemTotal:        4016004 kB
MemFree:          122916 kB
Active:           400640 kB
Mem:          3.8G       3.7G       119M       5.7M        27M       3.2G

MemTotal:        4016004 kB
MemFree:          127100 kB
Active:           400760 kB
Mem:          3.8G       3.7G       123M       5.7M        27M       3.2G

MemTotal:        4016004 kB
MemFree:          119700 kB
Active:           400876 kB
Mem:          3.8G       3.7G       116M       5.7M        27M       3.2G

MemTotal:        4016004 kB
MemFree:          116008 kB
Active:           400840 kB
Mem:          3.8G       3.7G       113M       5.7M        27M       3.2G

MemTotal:        4016004 kB
MemFree:          106812 kB
Active:           401076 kB
Mem:          3.8G       3.7G       103M       5.7M        27M       3.2G

MemTotal:        4016004 kB
MemFree:          121148 kB
Active:           401184 kB
Mem:          3.8G       3.7G       118M       5.7M        27M       3.2G

MemTotal:        4016004 kB
MemFree:          125308 kB
Active:           401260 kB
Mem:          3.8G       3.7G       121M       5.7M        27M       3.2G

MemTotal:        4016004 kB
MemFree:          124888 kB
Active:           401440 kB
Mem:          3.8G       3.7G       121M       5.7M        27M       3.2G

MemTotal:        4016004 kB
MemFree:          122352 kB
Active:           401752 kB
Mem:          3.8G       3.7G       123M       5.7M        27M       3.2G

MemTotal:        4016004 kB
MemFree:          140260 kB
Active:           401948 kB
Mem:          3.8G       3.7G       136M       5.7M        27M       3.2G

MemTotal:        4016004 kB
MemFree:          115536 kB
Active:           402072 kB
Mem:          3.8G       3.7G       112M       5.7M        27M       3.2G

MemTotal:        4016004 kB
MemFree:          121124 kB
Active:           402152 kB
Mem:          3.8G       3.7G       117M       5.7M        27M       3.2G

MemTotal:        4016004 kB
MemFree:          129492 kB
Active:           402232 kB
Mem:          3.8G       3.7G       126M       5.7M        27M       3.2G

MemTotal:        4016004 kB
MemFree:          137784 kB
Active:           402396 kB
Mem:          3.8G       3.7G       134M       5.7M        27M       3.2G

MemTotal:        4016004 kB
MemFree:          138912 kB
Active:           402844 kB
Mem:          3.8G       3.7G       134M       5.7M        27M       3.2G

MemTotal:        4016004 kB
MemFree:          133872 kB
Active:           403056 kB
Mem:          3.8G       3.7G       129M       5.7M        27M       3.2G

MemTotal:        4016004 kB
MemFree:          106000 kB
Active:           403672 kB
Mem:          3.8G       3.7G       102M       5.7M        27M       3.2G

MemTotal:        4016004 kB
MemFree:          107816 kB
Active:           403884 kB
Mem:          3.8G       3.7G       104M       5.7M        27M       3.2G

MemTotal:        4016004 kB
MemFree:          134604 kB
Active:           403972 kB
Mem:          3.8G       3.7G       130M       5.7M        27M       3.2G

MemTotal:        4016004 kB
MemFree:          122516 kB
Active:           404112 kB
Mem:          3.8G       3.7G       119M       5.7M        27M       3.2G

MemTotal:        4016004 kB
MemFree:          135532 kB
Active:           404200 kB
Mem:          3.8G       3.7G       132M       5.7M        27M       3.2G

MemTotal:        4016004 kB
MemFree:          149552 kB
Active:           404484 kB
Mem:          3.8G       3.7G       146M       5.7M        27M       3.2G

MemTotal:        4016004 kB
MemFree:          138640 kB
Active:           404736 kB
Mem:          3.8G       3.7G       135M       5.7M        27M       3.2G

MemTotal:        4016004 kB
MemFree:          107836 kB
Active:           404924 kB
Mem:          3.8G       3.7G       104M       5.7M        27M       3.2G

MemTotal:        4016004 kB
MemFree:          108024 kB
Active:           405056 kB
Mem:          3.8G       3.7G       105M       5.7M        27M       3.2G

MemTotal:        4016004 kB
MemFree:          112908 kB
Active:           405240 kB
Mem:          3.8G       3.7G       109M       5.7M        27M       3.2G

MemTotal:        4016004 kB
MemFree:          111588 kB
Active:           405444 kB
Mem:          3.8G       3.7G       107M       5.7M        27M       3.2G

MemTotal:        4016004 kB
MemFree:          117492 kB
Active:           405612 kB
Mem:          3.8G       3.7G       114M       5.7M        27M       3.2G

MemTotal:        4016004 kB
MemFree:          118348 kB
Active:           405804 kB
Mem:          3.8G       3.7G       115M       5.7M        27M       3.2G

MemTotal:        4016004 kB
MemFree:          126584 kB
Active:           405896 kB
Mem:          3.8G       3.7G       123M       5.7M        27M       3.2G

MemTotal:        4016004 kB
MemFree:          119272 kB
Active:           405944 kB
Mem:          3.8G       3.7G       116M       5.7M        27M       3.2G

MemTotal:        4016004 kB
MemFree:          144128 kB
Active:           406276 kB
Mem:          3.8G       3.7G       140M       5.7M        27M       3.2G

MemTotal:        4016004 kB
MemFree:          112648 kB
Active:           406664 kB
Mem:          3.8G       3.7G       106M       5.7M        27M       3.2G

MemTotal:        4016004 kB
MemFree:          141788 kB
Active:           407264 kB
Mem:          3.8G       3.7G       138M       5.7M        27M       3.2G

MemTotal:        4016004 kB
MemFree:          133112 kB
Active:           407444 kB
Mem:          3.8G       3.7G       129M       5.7M        27M       3.2G

MemTotal:        4016004 kB
MemFree:          129476 kB
Active:           407648 kB
Mem:          3.8G       3.7G       126M       5.7M        27M       3.2G

MemTotal:        4016004 kB
MemFree:          112832 kB
Active:           407712 kB
Mem:          3.8G       3.7G       109M       5.7M        27M       3.2G

MemTotal:        4016004 kB
MemFree:          121152 kB
Active:           407896 kB
Mem:          3.8G       3.7G       117M       5.7M        27M       3.2G

MemTotal:        4016004 kB
MemFree:          146868 kB
Active:           408236 kB
Mem:          3.8G       3.7G       142M       5.7M        27M       3.2G

MemTotal:        4016004 kB
MemFree:          107104 kB
Active:           408436 kB
Mem:          3.8G       3.7G       104M       5.7M        27M       3.2G

MemTotal:        4016004 kB
MemFree:          120380 kB
Active:           408572 kB
Mem:          3.8G       3.7G       116M       5.7M        27M       3.2G

MemTotal:        4016004 kB
MemFree:          107252 kB
Active:           408716 kB
Mem:          3.8G       3.7G       104M       5.7M        27M       3.2G

MemTotal:        4016004 kB
MemFree:          121424 kB
Active:           408920 kB
Mem:          3.8G       3.7G       118M       5.7M        27M       3.2G

MemTotal:        4016004 kB
MemFree:          105572 kB
Active:           409144 kB
Mem:          3.8G       3.7G       102M       5.7M        27M       3.2G

MemTotal:        4016004 kB
MemFree:          133660 kB
Active:           409288 kB
Mem:          3.8G       3.7G       130M       5.7M        27M       3.2G

MemTotal:        4016004 kB
MemFree:          122464 kB
Active:           409428 kB
Mem:          3.8G       3.7G       119M       5.7M        27M       3.2G

MemTotal:        4016004 kB
MemFree:          132748 kB
Active:           409492 kB
Mem:          3.8G       3.7G       129M       5.7M        27M       3.2G

MemTotal:        4016004 kB
MemFree:          106800 kB
Active:           409600 kB
Mem:          3.8G       3.7G       104M       5.7M        27M       3.2G

MemTotal:        4016004 kB
MemFree:          135260 kB
Active:           409760 kB
Mem:          3.8G       3.7G       131M       5.7M        27M       3.2G

MemTotal:        4016004 kB
MemFree:          117120 kB
Active:           410032 kB
Mem:          3.8G       3.7G       113M       5.7M        27M       3.2G

MemTotal:        4016004 kB
MemFree:          127636 kB
Active:           410252 kB
Mem:          3.8G       3.7G       124M       5.7M        27M       3.2G

MemTotal:        4016004 kB
MemFree:          112084 kB
Active:           410384 kB
Mem:          3.8G       3.7G       109M       5.7M        27M       3.2G

MemTotal:        4016004 kB
MemFree:          117420 kB
Active:           410492 kB
Mem:          3.8G       3.7G       114M       5.7M        27M       3.2G

MemTotal:        4016004 kB
MemFree:          114184 kB
Active:           410656 kB
Mem:          3.8G       3.7G       111M       5.7M        27M       3.2G

MemTotal:        4016004 kB
MemFree:          140884 kB
Active:           410940 kB
Mem:          3.8G       3.7G       137M       5.7M        27M       3.2G

MemTotal:        4016004 kB
MemFree:          130836 kB
Active:           411148 kB
Mem:          3.8G       3.7G       127M       5.7M        27M       3.2G

MemTotal:        4016004 kB
MemFree:          134216 kB
Active:           411228 kB
Mem:          3.8G       3.7G       130M       5.7M        27M       3.2G

MemTotal:        4016004 kB
MemFree:          133816 kB
Active:           411232 kB
Mem:          3.8G       3.7G       130M       5.7M        27M       3.2G

MemTotal:        4016004 kB
MemFree:          120212 kB
Active:           411216 kB
Mem:          3.8G       3.7G       116M       5.7M        27M       3.2G

MemTotal:        4016004 kB
MemFree:          122140 kB
Active:           411716 kB
Mem:          3.8G       3.7G       118M       5.7M        27M       3.2G

MemTotal:        4016004 kB
MemFree:          139784 kB
Active:           411996 kB
Mem:          3.8G       3.7G       136M       5.7M        27M       3.2G

MemTotal:        4016004 kB
MemFree:          130340 kB
Active:           412116 kB
Mem:          3.8G       3.7G       127M       5.7M        27M       3.2G

MemTotal:        4016004 kB
MemFree:          107232 kB
Active:           412132 kB
Mem:          3.8G       3.7G       104M       5.7M        27M       3.2G

MemTotal:        4016004 kB
MemFree:          118860 kB
Active:           412284 kB
Mem:          3.8G       3.7G       115M       5.7M        27M       3.2G

MemTotal:        4016004 kB
MemFree:          124636 kB
Active:           412720 kB
Mem:          3.8G       3.7G       121M       5.7M        27M       3.2G

MemTotal:        4016004 kB
MemFree:          121112 kB
Active:           412956 kB
Mem:          3.8G       3.7G       117M       5.7M        27M       3.2G

MemTotal:        4016004 kB
MemFree:          130184 kB
Active:           413096 kB
Mem:          3.8G       3.7G       126M       5.7M        27M       3.2G

MemTotal:        4016004 kB
MemFree:          134876 kB
Active:           413244 kB
Mem:          3.8G       3.7G       131M       5.7M        27M       3.2G

MemTotal:        4016004 kB
MemFree:          131880 kB
Active:           413480 kB
Mem:          3.8G       3.7G       128M       5.7M        27M       3.2G

MemTotal:        4016004 kB
MemFree:          133036 kB
Active:           413660 kB
Mem:          3.8G       3.7G       129M       5.7M        27M       3.2G

MemTotal:        4016004 kB
MemFree:          127500 kB
Active:           413808 kB
Mem:          3.8G       3.7G       124M       5.7M        27M       3.2G

MemTotal:        4016004 kB
MemFree:          115088 kB
Active:           413940 kB
Mem:          3.8G       3.7G       111M       5.7M        27M       3.2G

MemTotal:        4016004 kB
MemFree:          118040 kB
Active:           414012 kB
Mem:          3.8G       3.7G       115M       5.7M        27M       3.2G

MemTotal:        4016004 kB
MemFree:          130676 kB
Active:           414100 kB
Mem:          3.8G       3.7G       127M       5.7M        27M       3.2G

MemTotal:        4016004 kB
MemFree:          137280 kB
Active:           414356 kB
Mem:          3.8G       3.7G       133M       5.7M        27M       3.2G

MemTotal:        4016004 kB
MemFree:          131828 kB
Active:           414684 kB
Mem:          3.8G       3.7G       128M       5.7M        27M       3.2G

MemTotal:        4016004 kB
MemFree:          130744 kB
Active:           414816 kB
Mem:          3.8G       3.7G       127M       5.7M        27M       3.2G

MemTotal:        4016004 kB
MemFree:          130328 kB
Active:           414764 kB
Mem:          3.8G       3.7G       127M       5.7M        27M       3.2G

MemTotal:        4016004 kB
MemFree:          130124 kB
Active:           414788 kB
Mem:          3.8G       3.7G       126M       5.7M        27M       3.2G

MemTotal:        4016004 kB
MemFree:          114512 kB
Active:           415304 kB
Mem:          3.8G       3.7G       111M       5.7M        27M       3.2G

MemTotal:        4016004 kB
MemFree:          142068 kB
Active:           415532 kB
Mem:          3.8G       3.7G       138M       5.7M        27M       3.2G

MemTotal:        4016004 kB
MemFree:          135208 kB
Active:           415688 kB
Mem:          3.8G       3.7G       131M       5.7M        27M       3.2G

MemTotal:        4016004 kB
MemFree:          138692 kB
Active:           415868 kB
Mem:          3.8G       3.7G       134M       5.7M        27M       3.2G

MemTotal:        4016004 kB
MemFree:          110756 kB
Active:           416044 kB
Mem:          3.8G       3.7G       107M       5.7M        27M       3.2G

MemTotal:        4016004 kB
MemFree:          115452 kB
Active:           416160 kB
Mem:          3.8G       3.7G       104M       5.7M        27M       3.2G

MemTotal:        4016004 kB
MemFree:          138188 kB
Active:           416656 kB
Mem:          3.8G       3.7G       134M       5.7M        27M       3.2G

MemTotal:        4016004 kB
MemFree:          129124 kB
Active:           416868 kB
Mem:          3.8G       3.7G       125M       5.7M        27M       3.2G

MemTotal:        4016004 kB
MemFree:          106556 kB
Active:           416988 kB
Mem:          3.8G       3.7G       103M       5.7M        27M       3.2G

MemTotal:        4016004 kB
MemFree:          112340 kB
Active:           417056 kB
Mem:          3.8G       3.7G       109M       5.7M        27M       3.2G

MemTotal:        4016004 kB
MemFree:          108324 kB
Active:           417176 kB
Mem:          3.8G       3.7G       105M       5.7M        27M       3.2G

MemTotal:        4016004 kB
MemFree:          126312 kB
Active:           417548 kB
Mem:          3.8G       3.7G       122M       5.7M        27M       3.2G

MemTotal:        4016004 kB
MemFree:          125032 kB
Active:           417816 kB
Mem:          3.8G       3.7G       121M       5.7M        27M       3.2G

MemTotal:        4016004 kB
MemFree:          116544 kB
Active:           417960 kB
Mem:          3.8G       3.7G       113M       5.7M        27M       3.2G

MemTotal:        4016004 kB
MemFree:          122916 kB
Active:           418064 kB
Mem:          3.8G       3.7G       119M       5.7M        27M       3.2G

MemTotal:        4016004 kB
MemFree:          126224 kB
Active:           418188 kB
Mem:          3.8G       3.7G       122M       5.7M        27M       3.2G

MemTotal:        4016004 kB
MemFree:          124032 kB
Active:           418432 kB
Mem:          3.8G       3.7G       120M       5.7M        27M       3.2G

MemTotal:        4016004 kB
MemFree:          122480 kB
Active:           418648 kB
Mem:          3.8G       3.7G       119M       5.7M        27M       3.2G

MemTotal:        4016004 kB
MemFree:          105952 kB
Active:           418760 kB
Mem:          3.8G       3.7G       103M       5.7M        27M       3.2G

MemTotal:        4016004 kB
MemFree:          142348 kB
Active:           418748 kB
Mem:          3.8G       3.7G       138M       5.7M        27M       3.2G

MemTotal:        4016004 kB
MemFree:          113044 kB
Active:           419016 kB
Mem:          3.8G       3.7G       109M       5.7M        27M       3.2G

MemTotal:        4016004 kB
MemFree:          107404 kB
Active:           419288 kB
Mem:          3.8G       3.7G       104M       5.7M        27M       3.2G

MemTotal:        4016004 kB
MemFree:          108928 kB
Active:           419508 kB
Mem:          3.8G       3.7G       105M       5.7M        27M       3.2G

MemTotal:        4016004 kB
MemFree:          127872 kB
Active:           419680 kB
Mem:          3.8G       3.7G       124M       5.7M        27M       3.2G

MemTotal:        4016004 kB
MemFree:          128784 kB
Active:           419840 kB
Mem:          3.8G       3.7G       125M       5.7M        27M       3.2G

MemTotal:        4016004 kB
MemFree:          116100 kB
Active:           419936 kB
Mem:          3.8G       3.7G       113M       5.7M        28M       3.2G

MemTotal:        4016004 kB
MemFree:          119292 kB
Active:           420096 kB
Mem:          3.8G       3.7G       116M       5.7M        28M       3.2G

MemTotal:        4016004 kB
MemFree:          106892 kB
Active:           420304 kB
Mem:          3.8G       3.7G       104M       5.7M        28M       3.2G

MemTotal:        4016004 kB
MemFree:          122912 kB
Active:           420488 kB
Mem:          3.8G       3.7G       119M       5.7M        28M       3.2G

MemTotal:        4016004 kB
MemFree:          123148 kB
Active:           420588 kB
Mem:          3.8G       3.7G       119M       5.7M        28M       3.2G

MemTotal:        4016004 kB
MemFree:          140548 kB
Active:           420756 kB
Mem:          3.8G       3.7G       136M       5.7M        28M       3.2G

MemTotal:        4016004 kB
MemFree:          141108 kB
Active:           421124 kB
Mem:          3.8G       3.7G       137M       5.7M        28M       3.2G

MemTotal:        4016004 kB
MemFree:          133312 kB
Active:           421352 kB
Mem:          3.8G       3.7G       130M       5.7M        28M       3.2G

MemTotal:        4016004 kB
MemFree:          112124 kB
Active:           421512 kB
Mem:          3.8G       3.7G       109M       5.7M        28M       3.2G

MemTotal:        4016004 kB
MemFree:          125052 kB
Active:           421524 kB
Mem:          3.8G       3.7G       121M       5.7M        28M       3.2G

MemTotal:        4016004 kB
MemFree:          124236 kB
Active:           421588 kB
Mem:          3.8G       3.7G       122M       5.7M        28M       3.2G

MemTotal:        4016004 kB
MemFree:          129176 kB
Active:           421744 kB
Mem:          3.8G       3.7G       125M       5.7M        28M       3.2G

MemTotal:        4016004 kB
MemFree:          127560 kB
Active:           422176 kB
Mem:          3.8G       3.7G       123M       5.7M        28M       3.2G

MemTotal:        4016004 kB
MemFree:          124484 kB
Active:           422344 kB
Mem:          3.8G       3.7G       121M       5.7M        28M       3.2G

MemTotal:        4016004 kB
MemFree:          133388 kB
Active:           422780 kB
Mem:          3.8G       3.7G       130M       5.7M        28M       3.2G

MemTotal:        4016004 kB
MemFree:          132664 kB
Active:           422536 kB
Mem:          3.8G       3.7G       129M       5.7M        28M       3.2G

MemTotal:        4016004 kB
MemFree:          132856 kB
Active:           422568 kB
Mem:          3.8G       3.7G       129M       5.7M        28M       3.2G

MemTotal:        4016004 kB
MemFree:          132020 kB
Active:           422804 kB
Mem:          3.8G       3.7G       128M       5.7M        28M       3.2G

MemTotal:        4016004 kB
MemFree:          119016 kB
Active:           423140 kB
Mem:          3.8G       3.7G       115M       5.7M        28M       3.2G

MemTotal:        4016004 kB
MemFree:          137036 kB
Active:           423368 kB
Mem:          3.8G       3.7G       133M       5.7M        28M       3.2G

MemTotal:        4016004 kB
MemFree:          112320 kB
Active:           423412 kB
Mem:          3.8G       3.7G       109M       5.7M        28M       3.2G

MemTotal:        4016004 kB
MemFree:          139292 kB
Active:           423624 kB
Mem:          3.8G       3.7G       135M       5.7M        28M       3.2G

MemTotal:        4016004 kB
MemFree:          120684 kB
Active:           424048 kB
Mem:          3.8G       3.7G       117M       5.7M        28M       3.2G

MemTotal:        4016004 kB
MemFree:          122612 kB
Active:           424216 kB
Mem:          3.8G       3.7G       119M       5.7M        28M       3.2G

MemTotal:        4016004 kB
MemFree:          131368 kB
Active:           424408 kB
Mem:          3.8G       3.7G       127M       5.7M        28M       3.2G

MemTotal:        4016004 kB
MemFree:          130408 kB
Active:           424408 kB
Mem:          3.8G       3.7G       127M       5.7M        28M       3.2G

MemTotal:        4016004 kB
MemFree:          130508 kB
Active:           424416 kB
Mem:          3.8G       3.7G       127M       5.7M        28M       3.2G

MemTotal:        4016004 kB
MemFree:          130192 kB
Active:           424912 kB
Mem:          3.8G       3.7G       126M       5.7M        28M       3.2G

MemTotal:        4016004 kB
MemFree:          120932 kB
Active:           425124 kB
Mem:          3.8G       3.7G       117M       5.7M        28M       3.2G

MemTotal:        4016004 kB
MemFree:          117416 kB
Active:           425376 kB
Mem:          3.8G       3.7G       113M       5.7M        28M       3.2G

MemTotal:        4016004 kB
MemFree:          127216 kB
Active:           425584 kB
Mem:          3.8G       3.7G       123M       5.7M        28M       3.2G

MemTotal:        4016004 kB
MemFree:          127108 kB
Active:           425756 kB
Mem:          3.8G       3.7G       123M       5.7M        28M       3.2G

MemTotal:        4016004 kB
MemFree:          124052 kB
Active:           426016 kB
Mem:          3.8G       3.7G       120M       5.7M        28M       3.2G

MemTotal:        4016004 kB
MemFree:          115468 kB
Active:           426232 kB
Mem:          3.8G       3.7G       112M       5.7M        28M       3.2G

MemTotal:        4016004 kB
MemFree:          107112 kB
Active:           426456 kB
Mem:          3.8G       3.7G       103M       5.7M        28M       3.2G

MemTotal:        4016004 kB
MemFree:          134648 kB
Active:           426636 kB
Mem:          3.8G       3.7G       130M       5.7M        28M       3.2G

MemTotal:        4016004 kB
MemFree:          112944 kB
Active:           426736 kB
Mem:          3.8G       3.7G       109M       5.7M        28M       3.2G

MemTotal:        4016004 kB
MemFree:          139416 kB
Active:           426872 kB
Mem:          3.8G       3.7G       135M       5.7M        28M       3.2G

MemTotal:        4016004 kB
MemFree:          141628 kB
Active:           427020 kB
Mem:          3.8G       3.7G       137M       5.7M        28M       3.2G

MemTotal:        4016004 kB
MemFree:          132140 kB
Active:           427228 kB
Mem:          3.8G       3.7G       128M       5.7M        28M       3.2G

MemTotal:        4016004 kB
MemFree:          126812 kB
Active:           427460 kB
Mem:          3.8G       3.7G       123M       5.7M        28M       3.2G

MemTotal:        4016004 kB
MemFree:          104996 kB
Active:           427644 kB
Mem:          3.8G       3.7G       105M       5.7M        28M       3.2G

MemTotal:        4016004 kB
MemFree:          117324 kB
Active:           427688 kB
Mem:          3.8G       3.7G       114M       5.7M        28M       3.2G

MemTotal:        4016004 kB
MemFree:          113276 kB
Active:           427768 kB
Mem:          3.8G       3.7G       110M       5.7M        28M       3.2G

MemTotal:        4016004 kB
MemFree:          119340 kB
Active:           427936 kB
Mem:          3.8G       3.7G       116M       5.7M        28M       3.2G

MemTotal:        4016004 kB
MemFree:          114848 kB
Active:           428400 kB
Mem:          3.8G       3.7G       111M       5.7M        28M       3.2G

MemTotal:        4016004 kB
MemFree:          110868 kB
Active:           428588 kB
Mem:          3.8G       3.7G       107M       5.7M        28M       3.2G

MemTotal:        4016004 kB
MemFree:          130572 kB
Active:           428704 kB
Mem:          3.8G       3.7G       127M       5.7M        28M       3.2G

MemTotal:        4016004 kB
MemFree:          135644 kB
Active:           428836 kB
Mem:          3.8G       3.7G       132M       5.7M        28M       3.2G

MemTotal:        4016004 kB
MemFree:          144040 kB
Active:           429012 kB
Mem:          3.8G       3.7G       140M       5.7M        28M       3.2G

MemTotal:        4016004 kB
MemFree:          125988 kB
Active:           429252 kB
Mem:          3.8G       3.7G       122M       5.7M        28M       3.2G

MemTotal:        4016004 kB
MemFree:          122552 kB
Active:           429440 kB
Mem:          3.8G       3.7G       119M       5.7M        28M       3.2G

MemTotal:        4016004 kB
MemFree:          136932 kB
Active:           429552 kB
Mem:          3.8G       3.7G       133M       5.7M        28M       3.2G

MemTotal:        4016004 kB
MemFree:          108788 kB
Active:           429744 kB
Mem:          3.8G       3.7G       105M       5.7M        28M       3.2G

MemTotal:        4016004 kB
MemFree:          138416 kB
Active:           430040 kB
Mem:          3.8G       3.7G       134M       5.7M        28M       3.2G

MemTotal:        4016004 kB
MemFree:          130476 kB
Active:           430260 kB
Mem:          3.8G       3.7G       126M       5.7M        28M       3.2G

MemTotal:        4016004 kB
MemFree:          141040 kB
Active:           430396 kB
Mem:          3.8G       3.7G       137M       5.7M        28M       3.2G

MemTotal:        4016004 kB
MemFree:          140612 kB
Active:           430352 kB
Mem:          3.8G       3.7G       137M       5.7M        28M       3.2G

MemTotal:        4016004 kB
MemFree:          128832 kB
Active:           430624 kB
Mem:          3.8G       3.7G       125M       5.7M        28M       3.2G

MemTotal:        4016004 kB
MemFree:          106740 kB
Active:           430880 kB
Mem:          3.8G       3.7G       103M       5.7M        28M       3.2G

MemTotal:        4016004 kB
MemFree:          124092 kB
Active:           431092 kB
Mem:          3.8G       3.7G       120M       5.7M        28M       3.2G

MemTotal:        4016004 kB
MemFree:          125892 kB
Active:           431296 kB
Mem:          3.8G       3.7G       122M       5.7M        28M       3.2G

MemTotal:        4016004 kB
MemFree:          107776 kB
Active:           431460 kB
Mem:          3.8G       3.7G       103M       5.7M        28M       3.2G

MemTotal:        4016004 kB
MemFree:          127384 kB
Active:           431580 kB
Mem:          3.8G       3.7G       124M       5.7M        28M       3.2G

MemTotal:        4016004 kB
MemFree:          126504 kB
Active:           431664 kB
Mem:          3.8G       3.7G       123M       5.7M        28M       3.2G

MemTotal:        4016004 kB
MemFree:          129652 kB
Active:           432072 kB
Mem:          3.8G       3.7G       126M       5.7M        28M       3.2G

MemTotal:        4016004 kB
MemFree:          138628 kB
Active:           432332 kB
Mem:          3.8G       3.7G       134M       5.7M        28M       3.2G

MemTotal:        4016004 kB
MemFree:          117408 kB
Active:           432456 kB
Mem:          3.8G       3.7G       114M       5.7M        28M       3.2G

MemTotal:        4016004 kB
MemFree:          121844 kB
Active:           432520 kB
Mem:          3.8G       3.7G       118M       5.7M        28M       3.2G

MemTotal:        4016004 kB
MemFree:          136420 kB
Active:           432620 kB
Mem:          3.8G       3.7G       132M       5.7M        28M       3.2G

MemTotal:        4016004 kB
MemFree:          125960 kB
Active:           432932 kB
Mem:          3.8G       3.7G       122M       5.7M        28M       3.2G

MemTotal:        4016004 kB
MemFree:          114400 kB
Active:           433216 kB
Mem:          3.8G       3.7G       111M       5.7M        28M       3.2G

MemTotal:        4016004 kB
MemFree:          122924 kB
Active:           433308 kB
Mem:          3.8G       3.7G       119M       5.7M        28M       3.2G

MemTotal:        4016004 kB
MemFree:          109480 kB
Active:           433364 kB
Mem:          3.8G       3.7G       106M       5.7M        28M       3.2G

MemTotal:        4016004 kB
MemFree:          110612 kB
Active:           433472 kB
Mem:          3.8G       3.7G       107M       5.7M        28M       3.2G

MemTotal:        4016004 kB
MemFree:          131668 kB
Active:           433728 kB
Mem:          3.8G       3.7G       127M       5.7M        28M       3.2G

MemTotal:        4016004 kB
MemFree:          132748 kB
Active:           434092 kB
Mem:          3.8G       3.7G       129M       5.7M        28M       3.2G

MemTotal:        4016004 kB
MemFree:          133452 kB
Active:           434236 kB
Mem:          3.8G       3.7G       130M       5.7M        28M       3.2G

MemTotal:        4016004 kB
MemFree:          133080 kB
Active:           434244 kB
Mem:          3.8G       3.7G       129M       5.7M        28M       3.2G

MemTotal:        4016004 kB
MemFree:          133116 kB
Active:           434200 kB
Mem:          3.8G       3.7G       130M       5.7M        28M       3.2G

MemTotal:        4016004 kB
MemFree:          118648 kB
Active:           434604 kB
Mem:          3.8G       3.7G       115M       5.7M        28M       3.2G

MemTotal:        4016004 kB
MemFree:          117584 kB
Active:           434940 kB
Mem:          3.8G       3.7G       114M       5.7M        28M       3.2G

MemTotal:        4016004 kB
MemFree:          144896 kB
Active:           435108 kB
Mem:          3.8G       3.7G       140M       5.7M        28M       3.2G

MemTotal:        4016004 kB
MemFree:          143952 kB
Active:           435140 kB
Mem:          3.8G       3.7G       139M       5.7M        28M       3.2G

MemTotal:        4016004 kB
MemFree:          124324 kB
Active:           435168 kB
Mem:          3.8G       3.7G       120M       5.7M        28M       3.2G

MemTotal:        4016004 kB
MemFree:          108316 kB
Active:           435536 kB
Mem:          3.8G       3.7G       105M       5.7M        28M       3.2G

MemTotal:        4016004 kB
MemFree:          114812 kB
Active:           435760 kB
Mem:          3.8G       3.7G       112M       5.7M        28M       3.2G

MemTotal:        4016004 kB
MemFree:          105224 kB
Active:           435940 kB
Mem:          3.8G       3.7G       102M       5.7M        28M       3.2G

MemTotal:        4016004 kB
MemFree:          118328 kB
Active:           436120 kB
Mem:          3.8G       3.7G       115M       5.7M        28M       3.2G

MemTotal:        4016004 kB
MemFree:          117336 kB
Active:           436192 kB
Mem:          3.8G       3.7G       114M       5.7M        28M       3.2G

MemTotal:        4016004 kB
MemFree:          116748 kB
Active:           436232 kB
Mem:          3.8G       3.7G       113M       5.7M        28M       3.2G

MemTotal:        4016004 kB
MemFree:          116628 kB
Active:           436216 kB
Mem:          3.8G       3.7G       114M       5.7M        28M       3.2G

MemTotal:        4016004 kB
MemFree:          151408 kB
Active:           436264 kB
Mem:          3.8G       3.7G       146M       5.7M        28M       3.1G

MemTotal:        4016004 kB
MemFree:          124328 kB
Active:           436716 kB
Mem:          3.8G       3.7G       120M       5.7M        28M       3.2G

MemTotal:        4016004 kB
MemFree:          124224 kB
Active:           437012 kB
Mem:          3.8G       3.7G       121M       5.7M        28M       3.2G

MemTotal:        4016004 kB
MemFree:          128596 kB
Active:           437164 kB
Mem:          3.8G       3.7G       124M       5.7M        28M       3.2G

MemTotal:        4016004 kB
MemFree:          129040 kB
Active:           437308 kB
Mem:          3.8G       3.7G       125M       5.7M        28M       3.2G

MemTotal:        4016004 kB
MemFree:          128796 kB
Active:           437560 kB
Mem:          3.8G       3.7G       125M       5.7M        28M       3.2G

MemTotal:        4016004 kB
MemFree:          140116 kB
Active:           437892 kB
Mem:          3.8G       3.7G       136M       5.7M        28M       3.2G

MemTotal:        4016004 kB
MemFree:          134472 kB
Active:           438152 kB
Mem:          3.8G       3.7G       131M       5.7M        28M       3.2G

MemTotal:        4016004 kB
MemFree:          126120 kB
Active:           438184 kB
Mem:          3.8G       3.7G       123M       5.7M        28M       3.2G

MemTotal:        4016004 kB
MemFree:          111568 kB
Active:           438232 kB
Mem:          3.8G       3.7G       108M       5.7M        28M       3.2G

MemTotal:        4016004 kB
MemFree:          125316 kB
Active:           438512 kB
Mem:          3.8G       3.7G       121M       5.7M        28M       3.2G

MemTotal:        4016004 kB
MemFree:          105400 kB
Active:           438884 kB
Mem:          3.8G       3.7G       102M       5.7M        28M       3.2G

MemTotal:        4016004 kB
MemFree:          134492 kB
Active:           439020 kB
Mem:          3.8G       3.7G       131M       5.7M        28M       3.2G

MemTotal:        4016004 kB
MemFree:          120296 kB
Active:           439076 kB
Mem:          3.8G       3.7G       117M       5.7M        28M       3.2G

MemTotal:        4016004 kB
MemFree:          126128 kB
Active:           439136 kB
Mem:          3.8G       3.7G       122M       5.7M        28M       3.2G

MemTotal:        4016004 kB
MemFree:          120176 kB
Active:           439396 kB
Mem:          3.8G       3.7G       116M       5.7M        28M       3.2G

MemTotal:        4016004 kB
MemFree:          134680 kB
Active:           439776 kB
Mem:          3.8G       3.7G       131M       5.7M        28M       3.2G

MemTotal:        4016004 kB
MemFree:          130600 kB
Active:           439924 kB
Mem:          3.8G       3.7G       126M       5.7M        28M       3.2G

MemTotal:        4016004 kB
MemFree:          125796 kB
Active:           440032 kB
Mem:          3.8G       3.7G       122M       5.7M        28M       3.2G

MemTotal:        4016004 kB
MemFree:          137248 kB
Active:           440156 kB
Mem:          3.8G       3.7G       134M       5.7M        28M       3.2G

MemTotal:        4016004 kB
MemFree:          138548 kB
Active:           440300 kB
Mem:          3.8G       3.7G       133M       5.7M        28M       3.2G

MemTotal:        4016004 kB
MemFree:          122648 kB
Active:           440584 kB
Mem:          3.8G       3.7G       119M       5.7M        28M       3.2G

MemTotal:        4016004 kB
MemFree:          147804 kB
Active:           440752 kB
Mem:          3.8G       3.7G       144M       5.7M        28M       3.1G

MemTotal:        4016004 kB
MemFree:          123860 kB
Active:           440900 kB
Mem:          3.8G       3.7G       120M       5.7M        28M       3.2G

MemTotal:        4016004 kB
MemFree:          126992 kB
Active:           441004 kB
Mem:          3.8G       3.7G       123M       5.7M        28M       3.2G

MemTotal:        4016004 kB
MemFree:          114780 kB
Active:           441084 kB
Mem:          3.8G       3.7G       111M       5.7M        28M       3.2G

MemTotal:        4016004 kB
MemFree:          124808 kB
Active:           441388 kB
Mem:          3.8G       3.7G       121M       5.7M        28M       3.2G

MemTotal:        4016004 kB
MemFree:          112900 kB
Active:           441592 kB
Mem:          3.8G       3.7G       109M       5.7M        28M       3.2G

MemTotal:        4016004 kB
MemFree:          856976 kB
Active:           420712 kB
Mem:          3.8G       3.0G       836M       5.7M        28M       2.5G

MemTotal:        4016004 kB
MemFree:          857556 kB
Active:           420140 kB
Mem:          3.8G       3.0G       837M       5.7M        28M       2.5G

MemTotal:        4016004 kB
MemFree:         3388216 kB
Active:           350100 kB
Mem:          3.8G       612M       3.2G       5.7M        28M       183M

MemTotal:        4016004 kB
MemFree:         3389372 kB
Active:           348892 kB
Mem:          3.8G       612M       3.2G       5.7M        28M       183M

MemTotal:        4016004 kB
MemFree:         3389496 kB
Active:           348932 kB
Mem:          3.8G       611M       3.2G       5.7M        28M       183M

MemTotal:        4016004 kB
MemFree:         3389496 kB
Active:           348916 kB
Mem:          3.8G       611M       3.2G       5.7M        28M       183M

MemTotal:        4016004 kB
MemFree:         3389620 kB
Active:           348932 kB
Mem:          3.8G       611M       3.2G       5.7M        28M       183M

MemTotal:        4016004 kB
MemFree:         3389372 kB
Active:           348948 kB
Mem:          3.8G       611M       3.2G       5.7M        28M       183M

MemTotal:        4016004 kB
MemFree:         3389496 kB
Active:           348948 kB
Mem:          3.8G       611M       3.2G       5.7M        28M       183M

MemTotal:        4016004 kB
MemFree:         3389876 kB
Active:           348932 kB
Mem:          3.8G       611M       3.2G       5.7M        28M       183M

MemTotal:        4016004 kB
MemFree:         3390248 kB
Active:           348892 kB
Mem:          3.8G       611M       3.2G       5.7M        28M       183M

MemTotal:        4016004 kB
MemFree:         3389984 kB
Active:           348948 kB
Mem:          3.8G       611M       3.2G       5.7M        28M       183M

MemTotal:        4016004 kB
MemFree:         3390496 kB
Active:           348936 kB
Mem:          3.8G       610M       3.2G       5.7M        28M       183M

MemTotal:        4016004 kB
MemFree:         3390620 kB
Active:           348896 kB
Mem:          3.8G       611M       3.2G       5.7M        28M       183M

MemTotal:        4016004 kB
MemFree:         3390496 kB
Active:           348940 kB
Mem:          3.8G       610M       3.2G       5.7M        28M       183M

MemTotal:        4016004 kB
MemFree:         3390248 kB
Active:           348948 kB
Mem:          3.8G       610M       3.2G       5.7M        28M       183M

MemTotal:        4016004 kB
MemFree:         3390620 kB
Active:           348900 kB
Mem:          3.8G       610M       3.2G       5.7M        28M       183M

MemTotal:        4016004 kB
MemFree:         3390496 kB
Active:           348904 kB
Mem:          3.8G       610M       3.2G       5.7M        28M       183M

MemTotal:        4016004 kB
MemFree:         3390620 kB
Active:           348936 kB
Mem:          3.8G       610M       3.2G       5.7M        28M       183M

MemTotal:        4016004 kB
MemFree:         3390620 kB
Active:           348944 kB
Mem:          3.8G       610M       3.2G       5.7M        28M       183M

MemTotal:        4016004 kB
MemFree:         3390496 kB
Active:           348948 kB
Mem:          3.8G       610M       3.2G       5.7M        28M       183M

MemTotal:        4016004 kB
MemFree:         3390620 kB
Active:           348956 kB
Mem:          3.8G       610M       3.2G       5.7M        28M       183M

MemTotal:        4016004 kB
MemFree:         3390744 kB
Active:           348964 kB
Mem:          3.8G       610M       3.2G       5.7M        28M       183M

MemTotal:        4016004 kB
MemFree:         3390372 kB
Active:           348936 kB
Mem:          3.8G       610M       3.2G       5.7M        28M       183M

MemTotal:        4016004 kB
MemFree:         3390372 kB
Active:           348956 kB
Mem:          3.8G       610M       3.2G       5.7M        28M       183M

MemTotal:        4016004 kB
MemFree:         3390372 kB
Active:           348940 kB
Mem:          3.8G       610M       3.2G       5.7M        28M       183M

MemTotal:        4016004 kB
MemFree:         3390372 kB
Active:           348936 kB
Mem:          3.8G       610M       3.2G       5.7M        28M       183M

MemTotal:        4016004 kB
MemFree:         3390496 kB
Active:           348948 kB
Mem:          3.8G       610M       3.2G       5.7M        28M       183M

MemTotal:        4016004 kB
MemFree:         3390744 kB
Active:           348940 kB
Mem:          3.8G       610M       3.2G       5.7M        28M       183M

MemTotal:        4016004 kB
MemFree:         3390620 kB
Active:           348936 kB
Mem:          3.8G       610M       3.2G       5.7M        28M       183M

MemTotal:        4016004 kB
MemFree:         3390620 kB
Active:           348964 kB
Mem:          3.8G       611M       3.2G       5.7M        28M       183M

MemTotal:        4016004 kB
MemFree:         3390496 kB
Active:           348928 kB
Mem:          3.8G       610M       3.2G       5.7M        28M       183M

MemTotal:        4016004 kB
MemFree:         3390496 kB
Active:           348980 kB
Mem:          3.8G       610M       3.2G       5.7M        28M       183M

MemTotal:        4016004 kB
MemFree:         3390124 kB
Active:           348988 kB
Mem:          3.8G       611M       3.2G       5.7M        28M       183M

MemTotal:        4016004 kB
MemFree:         3390124 kB
Active:           348988 kB
Mem:          3.8G       611M       3.2G       5.7M        28M       183M

MemTotal:        4016004 kB
MemFree:         3390496 kB
Active:           348988 kB
Mem:          3.8G       610M       3.2G       5.7M        28M       183M

MemTotal:        4016004 kB
MemFree:         3390496 kB
Active:           348964 kB
Mem:          3.8G       610M       3.2G       5.7M        28M       183M

MemTotal:        4016004 kB
MemFree:         3390248 kB
Active:           348972 kB
Mem:          3.8G       611M       3.2G       5.7M        28M       183M

MemTotal:        4016004 kB
MemFree:         3390248 kB
Active:           348948 kB
Mem:          3.8G       611M       3.2G       5.7M        28M       183M

MemTotal:        4016004 kB
MemFree:         3390496 kB
Active:           348972 kB
Mem:          3.8G       610M       3.2G       5.7M        28M       183M

MemTotal:        4016004 kB
MemFree:         3390496 kB
Active:           348948 kB
Mem:          3.8G       610M       3.2G       5.7M        28M       183M

MemTotal:        4016004 kB
MemFree:         3390496 kB
Active:           348992 kB
Mem:          3.8G       610M       3.2G       5.7M        28M       183M

MemTotal:        4016004 kB
MemFree:         3390372 kB
Active:           348972 kB
Mem:          3.8G       611M       3.2G       5.7M        28M       183M

MemTotal:        4016004 kB
MemFree:         3389876 kB
Active:           349008 kB
Mem:          3.8G       611M       3.2G       5.7M        28M       183M

MemTotal:        4016004 kB
MemFree:         3390496 kB
Active:           348992 kB
Mem:          3.8G       611M       3.2G       5.7M        28M       183M

MemTotal:        4016004 kB
MemFree:         3390620 kB
Active:           348996 kB
Mem:          3.8G       610M       3.2G       5.7M        28M       183M

MemTotal:        4016004 kB
MemFree:         3390744 kB
Active:           348952 kB
Mem:          3.8G       610M       3.2G       5.7M        28M       183M

MemTotal:        4016004 kB
MemFree:         3391116 kB
Active:           348984 kB
Mem:          3.8G       610M       3.2G       5.7M        28M       183M

MemTotal:        4016004 kB
MemFree:         3391116 kB
Active:           348992 kB
Mem:          3.8G       610M       3.2G       5.7M        28M       183M

MemTotal:        4016004 kB
MemFree:         3390744 kB
Active:           348992 kB
Mem:          3.8G       610M       3.2G       5.7M        28M       183M

MemTotal:        4016004 kB
MemFree:         3390172 kB
Active:           349168 kB
Mem:          3.8G       611M       3.2G       5.7M        28M       183M

MemTotal:        4016004 kB
MemFree:         3389752 kB
Active:           349116 kB
Mem:          3.8G       611M       3.2G       5.7M        28M       183M

MemTotal:        4016004 kB
MemFree:         3389752 kB
Active:           349076 kB
Mem:          3.8G       611M       3.2G       5.7M        28M       183M

MemTotal:        4016004 kB
MemFree:         3389752 kB
Active:           349132 kB
Mem:          3.8G       611M       3.2G       5.7M        28M       183M

MemTotal:        4016004 kB
MemFree:         3389876 kB
Active:           349084 kB
Mem:          3.8G       611M       3.2G       5.7M        28M       183M

MemTotal:        4016004 kB
MemFree:         3389752 kB
Active:           349120 kB
Mem:          3.8G       611M       3.2G       5.7M        28M       183M

MemTotal:        4016004 kB
MemFree:         3389752 kB
Active:           349088 kB
Mem:          3.8G       611M       3.2G       5.7M        28M       183M

MemTotal:        4016004 kB
MemFree:         3389876 kB
Active:           349108 kB
Mem:          3.8G       611M       3.2G       5.7M        28M       183M

MemTotal:        4016004 kB
MemFree:         3389752 kB
Active:           349124 kB
Mem:          3.8G       611M       3.2G       5.7M        28M       183M

MemTotal:        4016004 kB
MemFree:         3390124 kB
Active:           349144 kB
Mem:          3.8G       611M       3.2G       5.7M        28M       183M

MemTotal:        4016004 kB
MemFree:         3390000 kB
Active:           349104 kB
Mem:          3.8G       611M       3.2G       5.7M        28M       183M

MemTotal:        4016004 kB
MemFree:         3390000 kB
Active:           349104 kB
Mem:          3.8G       611M       3.2G       5.7M        28M       183M

MemTotal:        4016004 kB
MemFree:         3390000 kB
Active:           349124 kB
Mem:          3.8G       611M       3.2G       5.7M        28M       183M

MemTotal:        4016004 kB
MemFree:         3390000 kB
Active:           349144 kB
Mem:          3.8G       611M       3.2G       5.7M        28M       183M

MemTotal:        4016004 kB
MemFree:         3389628 kB
Active:           349096 kB
Mem:          3.8G       611M       3.2G       5.7M        28M       183M

MemTotal:        4016004 kB
MemFree:         3389504 kB
Active:           349144 kB
Mem:          3.8G       611M       3.2G       5.7M        28M       183M

MemTotal:        4016004 kB
MemFree:         3389876 kB
Active:           349116 kB
Mem:          3.8G       611M       3.2G       5.7M        28M       183M

MemTotal:        4016004 kB
MemFree:         3389876 kB
Active:           349136 kB
Mem:          3.8G       611M       3.2G       5.7M        28M       183M

MemTotal:        4016004 kB
MemFree:         3390000 kB
Active:           349128 kB
Mem:          3.8G       611M       3.2G       5.7M        28M       183M

MemTotal:        4016004 kB
MemFree:         3389504 kB
Active:           349164 kB
Mem:          3.8G       611M       3.2G       5.7M        28M       183M

MemTotal:        4016004 kB
MemFree:         3389752 kB
Active:           349144 kB
Mem:          3.8G       611M       3.2G       5.7M        28M       183M

MemTotal:        4016004 kB
MemFree:         3390000 kB
Active:           349160 kB
Mem:          3.8G       611M       3.2G       5.7M        28M       183M

MemTotal:        4016004 kB
MemFree:         3390000 kB
Active:           349132 kB
Mem:          3.8G       611M       3.2G       5.7M        28M       183M

MemTotal:        4016004 kB
MemFree:         3389504 kB
Active:           349176 kB
Mem:          3.8G       611M       3.2G       5.7M        28M       183M

MemTotal:        4016004 kB
MemFree:         3389876 kB
Active:           349132 kB
Mem:          3.8G       611M       3.2G       5.7M        28M       183M

MemTotal:        4016004 kB
MemFree:         3389752 kB
Active:           349152 kB
