MemTotal:        4016004 kB
MemFree:         3240752 kB
Active:           419368 kB
Mem:          3.8G       756M       3.1G       5.7M        55M       319M

MemTotal:        4016004 kB
MemFree:         3241676 kB
Active:           419212 kB
Mem:          3.8G       756M       3.1G       5.7M        55M       319M

MemTotal:        4016004 kB
MemFree:         3241660 kB
Active:           419244 kB
Mem:          3.8G       756M       3.1G       5.7M        55M       319M

MemTotal:        4016004 kB
MemFree:         3242140 kB
Active:           419236 kB
Mem:          3.8G       755M       3.1G       5.7M        55M       319M

MemTotal:        4016004 kB
MemFree:         3242124 kB
Active:           419248 kB
Mem:          3.8G       755M       3.1G       5.7M        55M       319M

MemTotal:        4016004 kB
MemFree:         3241984 kB
Active:           419284 kB
Mem:          3.8G       755M       3.1G       5.7M        55M       319M

MemTotal:        4016004 kB
MemFree:         3241196 kB
Active:           417244 kB
Mem:          3.8G       756M       3.1G       5.7M        55M       319M

MemTotal:        4016004 kB
MemFree:         3241660 kB
Active:           419260 kB
Mem:          3.8G       756M       3.1G       5.7M        55M       319M

MemTotal:        4016004 kB
MemFree:         3241520 kB
Active:           419260 kB
Mem:          3.8G       756M       3.1G       5.7M        55M       319M

MemTotal:        4016004 kB
MemFree:         3241148 kB
Active:           419296 kB
Mem:          3.8G       756M       3.1G       5.7M        55M       319M

MemTotal:        4016004 kB
MemFree:         3241460 kB
Active:           419292 kB
Mem:          3.8G       756M       3.1G       5.7M        55M       319M

MemTotal:        4016004 kB
MemFree:         3241832 kB
Active:           419248 kB
Mem:          3.8G       756M       3.1G       5.7M        55M       319M

MemTotal:        4016004 kB
MemFree:         3241336 kB
Active:           419300 kB
Mem:          3.8G       756M       3.1G       5.7M        55M       319M

MemTotal:        4016004 kB
MemFree:         3241584 kB
Active:           419264 kB
Mem:          3.8G       756M       3.1G       5.7M        55M       319M

MemTotal:        4016004 kB
MemFree:         3241708 kB
Active:           419272 kB
Mem:          3.8G       756M       3.1G       5.7M        55M       319M

MemTotal:        4016004 kB
MemFree:         3241336 kB
Active:           419300 kB
Mem:          3.8G       756M       3.1G       5.7M        55M       319M

MemTotal:        4016004 kB
MemFree:         3241352 kB
Active:           417252 kB
Mem:          3.8G       756M       3.1G       5.7M        55M       319M

MemTotal:        4016004 kB
MemFree:         3241972 kB
Active:           419288 kB
Mem:          3.8G       755M       3.1G       5.7M        55M       319M

MemTotal:        4016004 kB
MemFree:         3241352 kB
Active:           419300 kB
Mem:          3.8G       756M       3.1G       5.7M        55M       319M

MemTotal:        4016004 kB
MemFree:         3241460 kB
Active:           419268 kB
Mem:          3.8G       756M       3.1G       5.7M        55M       319M

MemTotal:        4016004 kB
MemFree:         3241560 kB
Active:           419276 kB
Mem:          3.8G       756M       3.1G       5.7M        55M       319M

MemTotal:        4016004 kB
MemFree:         3241840 kB
Active:           419268 kB
Mem:          3.8G       756M       3.1G       5.7M        55M       319M

MemTotal:        4016004 kB
MemFree:         3241840 kB
Active:           419276 kB
Mem:          3.8G       756M       3.1G       5.7M        55M       319M

MemTotal:        4016004 kB
MemFree:         3241592 kB
Active:           419308 kB
Mem:          3.8G       756M       3.1G       5.7M        55M       319M

MemTotal:        4016004 kB
MemFree:         3241964 kB
Active:           419292 kB
Mem:          3.8G       755M       3.1G       5.7M        55M       319M

MemTotal:        4016004 kB
MemFree:         3241840 kB
Active:           419280 kB
Mem:          3.8G       756M       3.1G       5.7M        55M       319M

MemTotal:        4016004 kB
MemFree:         3241452 kB
Active:           419308 kB
Mem:          3.8G       756M       3.1G       5.7M        55M       319M

MemTotal:        4016004 kB
MemFree:         3241328 kB
Active:           419308 kB
Mem:          3.8G       756M       3.1G       5.7M        55M       319M

MemTotal:        4016004 kB
MemFree:         3241204 kB
Active:           419320 kB
Mem:          3.8G       756M       3.1G       5.7M        55M       319M

MemTotal:        4016004 kB
MemFree:         3241684 kB
Active:           419316 kB
Mem:          3.8G       755M       3.1G       5.7M        55M       319M

MemTotal:        4016004 kB
MemFree:         3241792 kB
Active:           419320 kB
Mem:          3.8G       755M       3.1G       5.7M        55M       319M

MemTotal:        4016004 kB
MemFree:         3242104 kB
Active:           419316 kB
Mem:          3.8G       755M       3.1G       5.7M        55M       319M

MemTotal:        4016004 kB
MemFree:         3241732 kB
Active:           419320 kB
Mem:          3.8G       756M       3.1G       5.7M        55M       319M

MemTotal:        4016004 kB
MemFree:         3241980 kB
Active:           419300 kB
Mem:          3.8G       755M       3.1G       5.7M        55M       319M

MemTotal:        4016004 kB
MemFree:         3241948 kB
Active:           419296 kB
Mem:          3.8G       755M       3.1G       5.7M        55M       319M

MemTotal:        4016004 kB
MemFree:         3241808 kB
Active:           419284 kB
Mem:          3.8G       756M       3.1G       5.7M        55M       319M

MemTotal:        4016004 kB
MemFree:         3241576 kB
Active:           419336 kB
Mem:          3.8G       756M       3.1G       5.7M        55M       319M

MemTotal:        4016004 kB
MemFree:         3242072 kB
Active:           419324 kB
Mem:          3.8G       756M       3.1G       5.7M        55M       319M

MemTotal:        4016004 kB
MemFree:         3242196 kB
Active:           419324 kB
Mem:          3.8G       755M       3.1G       5.7M        55M       319M

MemTotal:        4016004 kB
MemFree:         3242072 kB
Active:           419308 kB
Mem:          3.8G       755M       3.1G       5.7M        55M       319M

MemTotal:        4016004 kB
MemFree:         3241684 kB
Active:           419340 kB
Mem:          3.8G       756M       3.1G       5.7M        55M       319M

MemTotal:        4016004 kB
MemFree:         3242120 kB
Active:           419336 kB
Mem:          3.8G       755M       3.1G       5.7M        55M       319M

MemTotal:        4016004 kB
MemFree:         3242244 kB
Active:           419316 kB
Mem:          3.8G       755M       3.1G       5.7M        55M       319M

MemTotal:        4016004 kB
MemFree:         3242228 kB
Active:           419304 kB
Mem:          3.8G       755M       3.1G       5.7M        55M       319M

MemTotal:        4016004 kB
MemFree:         3242088 kB
Active:           419300 kB
Mem:          3.8G       755M       3.1G       5.7M        55M       319M

MemTotal:        4016004 kB
MemFree:         3242196 kB
Active:           419328 kB
Mem:          3.8G       756M       3.1G       5.7M        55M       319M

MemTotal:        4016004 kB
MemFree:         3241684 kB
Active:           419348 kB
Mem:          3.8G       756M       3.1G       5.7M        55M       319M

MemTotal:        4016004 kB
MemFree:         3241436 kB
Active:           419320 kB
Mem:          3.8G       756M       3.1G       5.7M        55M       319M

MemTotal:        4016004 kB
MemFree:         3241312 kB
Active:           419304 kB
Mem:          3.8G       756M       3.1G       5.7M        55M       319M

MemTotal:        4016004 kB
MemFree:         3241436 kB
Active:           419320 kB
Mem:          3.8G       756M       3.1G       5.7M        55M       319M

MemTotal:        4016004 kB
MemFree:         3241064 kB
Active:           419360 kB
Mem:          3.8G       756M       3.1G       5.7M        55M       319M

MemTotal:        4016004 kB
MemFree:         3241188 kB
Active:           419344 kB
Mem:          3.8G       756M       3.1G       5.7M        55M       319M

MemTotal:        4016004 kB
MemFree:         3241436 kB
Active:           419320 kB
Mem:          3.8G       756M       3.1G       5.7M        55M       319M

MemTotal:        4016004 kB
MemFree:         3241420 kB
Active:           419376 kB
Mem:          3.8G       756M       3.1G       5.7M        55M       319M

MemTotal:        4016004 kB
MemFree:         3241668 kB
Active:           419356 kB
Mem:          3.8G       756M       3.1G       5.7M        55M       319M

MemTotal:        4016004 kB
MemFree:         3241840 kB
Active:           419344 kB
Mem:          3.8G       756M       3.1G       5.7M        55M       319M

MemTotal:        4016004 kB
MemFree:         3241716 kB
Active:           419332 kB
Mem:          3.8G       755M       3.1G       5.7M        55M       319M

MemTotal:        4016004 kB
MemFree:         3241716 kB
Active:           419368 kB
Mem:          3.8G       756M       3.1G       5.7M        55M       319M

MemTotal:        4016004 kB
MemFree:         3241312 kB
Active:           419388 kB
Mem:          3.8G       756M       3.1G       5.7M        55M       319M

MemTotal:        4016004 kB
MemFree:         3241544 kB
Active:           419376 kB
Mem:          3.8G       756M       3.1G       5.7M        55M       319M

MemTotal:        4016004 kB
MemFree:         3241544 kB
Active:           419364 kB
Mem:          3.8G       756M       3.1G       5.7M        55M       319M

MemTotal:        4016004 kB
MemFree:         3241668 kB
Active:           419336 kB
Mem:          3.8G       756M       3.1G       5.7M        55M       319M

MemTotal:        4016004 kB
MemFree:         3241544 kB
Active:           419384 kB
Mem:          3.8G       756M       3.1G       5.7M        55M       319M

MemTotal:        4016004 kB
MemFree:         3241096 kB
Active:           419388 kB
Mem:          3.8G       756M       3.1G       5.7M        55M       319M

MemTotal:        4016004 kB
MemFree:         3241220 kB
Active:           419392 kB
Mem:          3.8G       756M       3.1G       5.7M        55M       319M

MemTotal:        4016004 kB
MemFree:         3241220 kB
Active:           419384 kB
Mem:          3.8G       756M       3.1G       5.7M        55M       319M

MemTotal:        4016004 kB
MemFree:         3240724 kB
Active:           419396 kB
Mem:          3.8G       757M       3.1G       5.7M        55M       319M

MemTotal:        4016004 kB
MemFree:         3240848 kB
Active:           419396 kB
Mem:          3.8G       756M       3.1G       5.7M        55M       319M

MemTotal:        4016004 kB
MemFree:         3241096 kB
Active:           419352 kB
Mem:          3.8G       757M       3.1G       5.7M        55M       319M

MemTotal:        4016004 kB
MemFree:         3240848 kB
Active:           419396 kB
Mem:          3.8G       756M       3.1G       5.7M        55M       319M

MemTotal:        4016004 kB
MemFree:         3241096 kB
Active:           419400 kB
Mem:          3.8G       756M       3.1G       5.7M        55M       319M

MemTotal:        4016004 kB
MemFree:         3240972 kB
Active:           419400 kB
Mem:          3.8G       756M       3.1G       5.7M        55M       319M

MemTotal:        4016004 kB
MemFree:         3241460 kB
Active:           419360 kB
Mem:          3.8G       756M       3.1G       5.7M        55M       319M

MemTotal:        4016004 kB
MemFree:         3241692 kB
Active:           419352 kB
Mem:          3.8G       756M       3.1G       5.7M        55M       319M

MemTotal:        4016004 kB
MemFree:         3241800 kB
Active:           419352 kB
Mem:          3.8G       756M       3.1G       5.7M        55M       319M

MemTotal:        4016004 kB
MemFree:         3241476 kB
Active:           419400 kB
Mem:          3.8G       756M       3.1G       5.7M        55M       319M

MemTotal:        4016004 kB
MemFree:         3238620 kB
Active:           419384 kB
Mem:          3.8G       759M       3.1G       5.7M        55M       319M

MemTotal:        4016004 kB
MemFree:         3238868 kB
Active:           421432 kB
Mem:          3.8G       758M       3.1G       5.7M        55M       319M

MemTotal:        4016004 kB
MemFree:         3239488 kB
Active:           421380 kB
Mem:          3.8G       758M       3.1G       5.7M        55M       319M

MemTotal:        4016004 kB
MemFree:         3239580 kB
Active:           421416 kB
Mem:          3.8G       757M       3.1G       5.7M        55M       319M

MemTotal:        4016004 kB
MemFree:         3239812 kB
Active:           421408 kB
Mem:          3.8G       757M       3.1G       5.7M        55M       319M

MemTotal:        4016004 kB
MemFree:         3239704 kB
Active:           421436 kB
Mem:          3.8G       758M       3.1G       5.7M        55M       319M

MemTotal:        4016004 kB
MemFree:         3240076 kB
Active:           421392 kB
Mem:          3.8G       757M       3.1G       5.7M        55M       319M

MemTotal:        4016004 kB
MemFree:         3240076 kB
Active:           421440 kB
Mem:          3.8G       757M       3.1G       5.7M        55M       319M

MemTotal:        4016004 kB
MemFree:         3239704 kB
Active:           421448 kB
Mem:          3.8G       757M       3.1G       5.7M        55M       319M

MemTotal:        4016004 kB
MemFree:         3239316 kB
Active:           421400 kB
Mem:          3.8G       758M       3.1G       5.7M        55M       319M

MemTotal:        4016004 kB
MemFree:         3238756 kB
Active:           419512 kB
Mem:          3.8G       758M       3.1G       5.7M        55M       319M

MemTotal:        4016004 kB
MemFree:         3239548 kB
Active:           421560 kB
Mem:          3.8G       758M       3.1G       5.7M        55M       319M

MemTotal:        4016004 kB
MemFree:         3239300 kB
Active:           421560 kB
Mem:          3.8G       758M       3.1G       5.7M        55M       319M

MemTotal:        4016004 kB
MemFree:         3239672 kB
Active:           421532 kB
Mem:          3.8G       758M       3.1G       5.7M        55M       319M

MemTotal:        4016004 kB
MemFree:         3239764 kB
Active:           421516 kB
Mem:          3.8G       758M       3.1G       5.7M        55M       319M

MemTotal:        4016004 kB
MemFree:         3239500 kB
Active:           421572 kB
Mem:          3.8G       758M       3.1G       5.7M        55M       319M

MemTotal:        4016004 kB
MemFree:         3239360 kB
Active:           421572 kB
Mem:          3.8G       758M       3.1G       5.7M        55M       319M

MemTotal:        4016004 kB
MemFree:         3239392 kB
Active:           421560 kB
Mem:          3.8G       758M       3.1G       5.7M        55M       319M

MemTotal:        4016004 kB
MemFree:         3239516 kB
Active:           421552 kB
Mem:          3.8G       758M       3.1G       5.7M        55M       319M

MemTotal:        4016004 kB
MemFree:         3238772 kB
Active:           421572 kB
Mem:          3.8G       758M       3.1G       5.7M        55M       319M

MemTotal:        4016004 kB
MemFree:         3238584 kB
Active:           419536 kB
Mem:          3.8G       758M       3.1G       5.7M        55M       319M

MemTotal:        4016004 kB
MemFree:         3239188 kB
Active:           421536 kB
Mem:          3.8G       758M       3.1G       5.7M        55M       319M

MemTotal:        4016004 kB
MemFree:         3239484 kB
Active:           421540 kB
Mem:          3.8G       758M       3.1G       5.7M        55M       319M

MemTotal:        4016004 kB
MemFree:         3239484 kB
Active:           421568 kB
Mem:          3.8G       758M       3.1G       5.7M        55M       319M

MemTotal:        4016004 kB
MemFree:         3239156 kB
Active:           421920 kB
Mem:          3.8G       758M       3.1G       5.7M        55M       319M

MemTotal:        4016004 kB
MemFree:         3196032 kB
Active:           422988 kB
Mem:          3.8G       801M       3.0G       5.7M        55M       360M

MemTotal:        4016004 kB
MemFree:         3150768 kB
Active:           423048 kB
Mem:          3.8G       844M       3.0G       5.7M        55M       403M

MemTotal:        4016004 kB
MemFree:         3104528 kB
Active:           423068 kB
Mem:          3.8G       890M       3.0G       5.7M        55M       448M

MemTotal:        4016004 kB
MemFree:         3059792 kB
Active:           423084 kB
Mem:          3.8G       934M       2.9G       5.7M        55M       490M

MemTotal:        4016004 kB
MemFree:         3013552 kB
Active:           423120 kB
Mem:          3.8G       980M       2.9G       5.7M        55M       535M

MemTotal:        4016004 kB
MemFree:         2966876 kB
Active:           423088 kB
Mem:          3.8G       1.0G       2.8G       5.7M        55M       577M

MemTotal:        4016004 kB
MemFree:         2920280 kB
Active:           425196 kB
Mem:          3.8G       1.0G       2.8G       5.7M        55M       622M

MemTotal:        4016004 kB
MemFree:         2876908 kB
Active:           425168 kB
Mem:          3.8G       1.1G       2.7G       5.7M        55M       664M

MemTotal:        4016004 kB
MemFree:         2831312 kB
Active:           425240 kB
Mem:          3.8G       1.1G       2.7G       5.7M        55M       707M

MemTotal:        4016004 kB
MemFree:         2784544 kB
Active:           425236 kB
Mem:          3.8G       1.2G       2.7G       5.7M        55M       751M

MemTotal:        4016004 kB
MemFree:         2740212 kB
Active:           425300 kB
Mem:          3.8G       1.2G       2.6G       5.7M        55M       794M

MemTotal:        4016004 kB
MemFree:         2723120 kB
Active:           425312 kB
Mem:          3.8G       1.2G       2.6G       5.7M        55M       811M

MemTotal:        4016004 kB
MemFree:         2678368 kB
Active:           425328 kB
Mem:          3.8G       1.3G       2.6G       5.7M        56M       854M

MemTotal:        4016004 kB
MemFree:         2633120 kB
Active:           425332 kB
Mem:          3.8G       1.3G       2.5G       5.7M        56M       899M

MemTotal:        4016004 kB
MemFree:         2588192 kB
Active:           425368 kB
Mem:          3.8G       1.4G       2.5G       5.7M        56M       941M

MemTotal:        4016004 kB
MemFree:         2543360 kB
Active:           423368 kB
Mem:          3.8G       1.4G       2.4G       5.7M        56M       983M

MemTotal:        4016004 kB
MemFree:         2535888 kB
Active:           425400 kB
Mem:          3.8G       1.4G       2.4G       5.7M        56M       991M

MemTotal:        4016004 kB
MemFree:         2490392 kB
Active:           425464 kB
Mem:          3.8G       1.5G       2.4G       5.7M        56M       1.0G

MemTotal:        4016004 kB
MemFree:         2445256 kB
Active:           425488 kB
Mem:          3.8G       1.5G       2.3G       5.7M        56M       1.1G

MemTotal:        4016004 kB
MemFree:         2399312 kB
Active:           425512 kB
Mem:          3.8G       1.5G       2.3G       5.7M        56M       1.1G

MemTotal:        4016004 kB
MemFree:         2355072 kB
Active:           425532 kB
Mem:          3.8G       1.6G       2.2G       5.7M        56M       1.1G

MemTotal:        4016004 kB
MemFree:         2308832 kB
Active:           425560 kB
Mem:          3.8G       1.6G       2.2G       5.7M        56M       1.2G

MemTotal:        4016004 kB
MemFree:         2264344 kB
Active:           425584 kB
Mem:          3.8G       1.7G       2.2G       5.7M        56M       1.2G

MemTotal:        4016004 kB
MemFree:         2218988 kB
Active:           425612 kB
Mem:          3.8G       1.7G       2.1G       5.7M        56M       1.3G

MemTotal:        4016004 kB
MemFree:         2175144 kB
Active:           425640 kB
Mem:          3.8G       1.8G       2.1G       5.7M        56M       1.3G

MemTotal:        4016004 kB
MemFree:         2128904 kB
Active:           425708 kB
Mem:          3.8G       1.8G       2.0G       5.7M        56M       1.4G

MemTotal:        4016004 kB
MemFree:         2119176 kB
Active:           425704 kB
Mem:          3.8G       1.8G       2.0G       5.7M        56M       1.4G

MemTotal:        4016004 kB
MemFree:         2118996 kB
Active:           425680 kB
Mem:          3.8G       1.8G       2.0G       5.7M        56M       1.4G

MemTotal:        4016004 kB
MemFree:         2089764 kB
Active:           425692 kB
Mem:          3.8G       1.8G       2.0G       5.7M        56M       1.4G

MemTotal:        4016004 kB
MemFree:         2044516 kB
Active:           425708 kB
Mem:          3.8G       1.9G       1.9G       5.7M        56M       1.4G

MemTotal:        4016004 kB
MemFree:         1999024 kB
Active:           425764 kB
Mem:          3.8G       1.9G       1.9G       5.7M        56M       1.5G

MemTotal:        4016004 kB
MemFree:         1988192 kB
Active:           425780 kB
Mem:          3.8G       1.9G       1.9G       5.7M        56M       1.5G

MemTotal:        4016004 kB
MemFree:         1988444 kB
Active:           425780 kB
Mem:          3.8G       1.9G       1.9G       5.7M        56M       1.5G

MemTotal:        4016004 kB
MemFree:         1959764 kB
Active:           425752 kB
Mem:          3.8G       2.0G       1.9G       5.7M        56M       1.5G

MemTotal:        4016004 kB
MemFree:         1915152 kB
Active:           425764 kB
Mem:          3.8G       2.0G       1.8G       5.7M        56M       1.6G

MemTotal:        4016004 kB
MemFree:         1868764 kB
Active:           423828 kB
Mem:          3.8G       2.0G       1.8G       5.7M        56M       1.6G

MemTotal:        4016004 kB
MemFree:         1824560 kB
Active:           425852 kB
Mem:          3.8G       2.1G       1.7G       5.7M        56M       1.6G

MemTotal:        4016004 kB
MemFree:         1778444 kB
Active:           425872 kB
Mem:          3.8G       2.1G       1.7G       5.7M        56M       1.7G

MemTotal:        4016004 kB
MemFree:         1734080 kB
Active:           425884 kB
Mem:          3.8G       2.2G       1.7G       5.7M        56M       1.7G

MemTotal:        4016004 kB
MemFree:         1687856 kB
Active:           425900 kB
Mem:          3.8G       2.2G       1.6G       5.7M        56M       1.8G

MemTotal:        4016004 kB
MemFree:         1643660 kB
Active:           425936 kB
Mem:          3.8G       2.3G       1.6G       5.7M        56M       1.8G

MemTotal:        4016004 kB
MemFree:         1632524 kB
Active:           425952 kB
Mem:          3.8G       2.3G       1.6G       5.7M        56M       1.8G

MemTotal:        4016004 kB
MemFree:         1632528 kB
Active:           425996 kB
Mem:          3.8G       2.3G       1.6G       5.7M        56M       1.8G

MemTotal:        4016004 kB
MemFree:         1589376 kB
Active:           426012 kB
Mem:          3.8G       2.3G       1.5G       5.7M        56M       1.9G

MemTotal:        4016004 kB
MemFree:         1544392 kB
Active:           426008 kB
Mem:          3.8G       2.4G       1.5G       5.7M        56M       1.9G

MemTotal:        4016004 kB
MemFree:         1500104 kB
Active:           426016 kB
Mem:          3.8G       2.4G       1.4G       5.7M        56M       1.9G

MemTotal:        4016004 kB
MemFree:         1485720 kB
Active:           426088 kB
Mem:          3.8G       2.4G       1.4G       5.7M        56M       2.0G

MemTotal:        4016004 kB
MemFree:         1440736 kB
Active:           426104 kB
Mem:          3.8G       2.5G       1.4G       5.7M        56M       2.0G

MemTotal:        4016004 kB
MemFree:         1395908 kB
Active:           426080 kB
Mem:          3.8G       2.5G       1.3G       5.7M        56M       2.0G

MemTotal:        4016004 kB
MemFree:         1350840 kB
Active:           426116 kB
Mem:          3.8G       2.5G       1.3G       5.7M        56M       2.1G

MemTotal:        4016004 kB
MemFree:         1305424 kB
Active:           426148 kB
Mem:          3.8G       2.6G       1.2G       5.7M        56M       2.1G

MemTotal:        4016004 kB
MemFree:         1260240 kB
Active:           426204 kB
Mem:          3.8G       2.6G       1.2G       5.7M        56M       2.2G

MemTotal:        4016004 kB
MemFree:         1214744 kB
Active:           426224 kB
Mem:          3.8G       2.7G       1.2G       5.7M        56M       2.2G

MemTotal:        4016004 kB
MemFree:         1170380 kB
Active:           426236 kB
Mem:          3.8G       2.7G       1.1G       5.7M        56M       2.3G

MemTotal:        4016004 kB
MemFree:         1125236 kB
Active:           426280 kB
Mem:          3.8G       2.8G       1.1G       5.7M        56M       2.3G

MemTotal:        4016004 kB
MemFree:         1079452 kB
Active:           426316 kB
Mem:          3.8G       2.8G       1.0G       5.7M        56M       2.3G

MemTotal:        4016004 kB
MemFree:         1049416 kB
Active:           426364 kB
Mem:          3.8G       2.8G       1.0G       5.7M        56M       2.4G

MemTotal:        4016004 kB
MemFree:         1049484 kB
Active:           426328 kB
Mem:          3.8G       2.8G       1.0G       5.7M        56M       2.4G

MemTotal:        4016004 kB
MemFree:         1019144 kB
Active:           426372 kB
Mem:          3.8G       2.9G       994M       5.7M        56M       2.4G

MemTotal:        4016004 kB
MemFree:          974268 kB
Active:           426396 kB
Mem:          3.8G       2.9G       949M       5.7M        56M       2.4G

MemTotal:        4016004 kB
MemFree:          928044 kB
Active:           426420 kB
Mem:          3.8G       2.9G       905M       5.7M        56M       2.5G

MemTotal:        4016004 kB
MemFree:          899580 kB
Active:           426448 kB
Mem:          3.8G       3.0G       878M       5.7M        56M       2.5G

MemTotal:        4016004 kB
MemFree:          883968 kB
Active:           426460 kB
Mem:          3.8G       3.0G       862M       5.7M        56M       2.5G

MemTotal:        4016004 kB
MemFree:          838016 kB
Active:           426488 kB
Mem:          3.8G       3.0G       817M       5.7M        56M       2.6G

MemTotal:        4016004 kB
MemFree:          793532 kB
Active:           426508 kB
Mem:          3.8G       3.1G       774M       5.7M        57M       2.6G

MemTotal:        4016004 kB
MemFree:          747496 kB
Active:           426720 kB
Mem:          3.8G       3.1G       729M       5.7M        57M       2.6G

MemTotal:        4016004 kB
MemFree:          703280 kB
Active:           426660 kB
Mem:          3.8G       3.2G       686M       5.7M        57M       2.7G

MemTotal:        4016004 kB
MemFree:          657552 kB
Active:           426692 kB
Mem:          3.8G       3.2G       641M       5.7M        57M       2.7G

MemTotal:        4016004 kB
MemFree:          612568 kB
Active:           426716 kB
Mem:          3.8G       3.2G       597M       5.7M        57M       2.8G

MemTotal:        4016004 kB
MemFree:          566964 kB
Active:           426732 kB
Mem:          3.8G       3.3G       553M       5.7M        57M       2.8G

MemTotal:        4016004 kB
MemFree:          523816 kB
Active:           426760 kB
Mem:          3.8G       3.3G       510M       5.7M        57M       2.9G

MemTotal:        4016004 kB
MemFree:          478972 kB
Active:           426788 kB
Mem:          3.8G       3.4G       465M       5.7M        57M       2.9G

MemTotal:        4016004 kB
MemFree:          432356 kB
Active:           426816 kB
Mem:          3.8G       3.4G       421M       5.7M        57M       2.9G

MemTotal:        4016004 kB
MemFree:          387604 kB
Active:           426844 kB
Mem:          3.8G       3.5G       378M       5.7M        57M       3.0G

MemTotal:        4016004 kB
MemFree:          341900 kB
Active:           426868 kB
Mem:          3.8G       3.5G       333M       5.7M        57M       3.0G

MemTotal:        4016004 kB
MemFree:          297416 kB
Active:           426888 kB
Mem:          3.8G       3.5G       289M       5.7M        57M       3.1G

MemTotal:        4016004 kB
MemFree:          251416 kB
Active:           426960 kB
Mem:          3.8G       3.6G       245M       5.7M        57M       3.1G

MemTotal:        4016004 kB
MemFree:          241760 kB
Active:           426988 kB
Mem:          3.8G       3.6G       235M       5.7M        57M       3.1G

MemTotal:        4016004 kB
MemFree:          241412 kB
Active:           427000 kB
Mem:          3.8G       3.6G       236M       5.7M        57M       3.1G

MemTotal:        4016004 kB
MemFree:          238888 kB
Active:           426828 kB
Mem:          3.8G       3.6G       233M       5.7M        57M       3.1G

MemTotal:        4016004 kB
MemFree:          194164 kB
Active:           426848 kB
Mem:          3.8G       3.6G       188M       5.7M        57M       3.2G

MemTotal:        4016004 kB
MemFree:          149676 kB
Active:           426880 kB
Mem:          3.8G       3.7G       143M       5.7M        57M       3.2G

MemTotal:        4016004 kB
MemFree:          126996 kB
Active:           425124 kB
Mem:          3.8G       3.7G       122M       5.7M        34M       3.3G

MemTotal:        4016004 kB
MemFree:          136472 kB
Active:           435132 kB
Mem:          3.8G       3.7G       131M       5.7M        22M       3.3G

MemTotal:        4016004 kB
MemFree:          148428 kB
Active:           484016 kB
Mem:          3.8G       3.7G       143M       5.7M        22M       3.2G

MemTotal:        4016004 kB
MemFree:          125716 kB
Active:           484312 kB
Mem:          3.8G       3.7G       121M       5.7M        22M       3.3G

MemTotal:        4016004 kB
MemFree:          105592 kB
Active:           480528 kB
Mem:          3.8G       3.7G       124M       5.7M        22M       3.3G

MemTotal:        4016004 kB
MemFree:          109160 kB
Active:           475444 kB
Mem:          3.8G       3.7G       105M       5.7M        22M       3.3G

MemTotal:        4016004 kB
MemFree:          128492 kB
Active:           466996 kB
Mem:          3.8G       3.7G       124M       5.7M        22M       3.3G

MemTotal:        4016004 kB
MemFree:          108068 kB
Active:           465108 kB
Mem:          3.8G       3.7G       104M       5.7M        22M       3.3G

MemTotal:        4016004 kB
MemFree:          124884 kB
Active:           457860 kB
Mem:          3.8G       3.7G       132M       5.7M        22M       3.3G

MemTotal:        4016004 kB
MemFree:          134432 kB
Active:           451744 kB
Mem:          3.8G       3.7G       129M       5.7M        22M       3.3G

MemTotal:        4016004 kB
MemFree:          135040 kB
Active:           446912 kB
Mem:          3.8G       3.7G       130M       5.7M        22M       3.3G

MemTotal:        4016004 kB
MemFree:          126404 kB
Active:           445652 kB
Mem:          3.8G       3.7G       122M       5.7M        22M       3.3G

MemTotal:        4016004 kB
MemFree:          135388 kB
Active:           443500 kB
Mem:          3.8G       3.7G       132M       5.7M        22M       3.3G

MemTotal:        4016004 kB
MemFree:          140756 kB
Active:           441700 kB
Mem:          3.8G       3.7G       136M       5.7M        22M       3.3G

MemTotal:        4016004 kB
MemFree:          131528 kB
Active:           440588 kB
Mem:          3.8G       3.7G       150M       5.7M        22M       3.2G

MemTotal:        4016004 kB
MemFree:          145624 kB
Active:           439984 kB
Mem:          3.8G       3.7G       141M       5.7M        22M       3.2G

MemTotal:        4016004 kB
MemFree:          126812 kB
Active:           439980 kB
Mem:          3.8G       3.7G       123M       5.7M        22M       3.3G

MemTotal:        4016004 kB
MemFree:          130560 kB
Active:           438364 kB
Mem:          3.8G       3.7G       125M       5.7M        22M       3.3G

MemTotal:        4016004 kB
MemFree:          132324 kB
Active:           436724 kB
Mem:          3.8G       3.7G       128M       5.7M        22M       3.3G

MemTotal:        4016004 kB
MemFree:          123176 kB
Active:           435588 kB
Mem:          3.8G       3.7G       119M       5.7M        22M       3.3G

MemTotal:        4016004 kB
MemFree:          114756 kB
Active:           434460 kB
Mem:          3.8G       3.7G       111M       5.7M        22M       3.3G

MemTotal:        4016004 kB
MemFree:          106336 kB
Active:           433328 kB
Mem:          3.8G       3.7G       102M       5.7M        22M       3.3G

MemTotal:        4016004 kB
MemFree:          115660 kB
Active:           431712 kB
Mem:          3.8G       3.7G       111M       5.7M        22M       3.3G

MemTotal:        4016004 kB
MemFree:          107536 kB
Active:           430128 kB
Mem:          3.8G       3.7G       104M       5.7M        22M       3.3G

MemTotal:        4016004 kB
MemFree:          127684 kB
Active:           427972 kB
Mem:          3.8G       3.7G       123M       5.7M        22M       3.3G

MemTotal:        4016004 kB
MemFree:          131568 kB
Active:           426208 kB
Mem:          3.8G       3.7G       127M       5.7M        22M       3.3G

MemTotal:        4016004 kB
MemFree:          115984 kB
Active:           425204 kB
Mem:          3.8G       3.7G       112M       5.7M        22M       3.3G

MemTotal:        4016004 kB
MemFree:          109344 kB
Active:           422088 kB
Mem:          3.8G       3.7G       106M       5.7M        22M       3.3G

MemTotal:        4016004 kB
MemFree:          111744 kB
Active:           418168 kB
Mem:          3.8G       3.7G       106M       5.7M        22M       3.3G

MemTotal:        4016004 kB
MemFree:          120028 kB
Active:           416144 kB
Mem:          3.8G       3.7G       116M       5.7M        22M       3.3G

MemTotal:        4016004 kB
MemFree:          111512 kB
Active:           415016 kB
Mem:          3.8G       3.7G       108M       5.7M        22M       3.3G

MemTotal:        4016004 kB
MemFree:          128224 kB
Active:           413376 kB
Mem:          3.8G       3.7G       124M       5.7M        22M       3.3G

MemTotal:        4016004 kB
MemFree:          120232 kB
Active:           412120 kB
Mem:          3.8G       3.7G       116M       5.7M        23M       3.3G

MemTotal:        4016004 kB
MemFree:          132036 kB
Active:           409964 kB
Mem:          3.8G       3.7G       126M       5.7M        23M       3.3G

MemTotal:        4016004 kB
MemFree:          122624 kB
Active:           408836 kB
Mem:          3.8G       3.7G       118M       5.7M        23M       3.3G

MemTotal:        4016004 kB
MemFree:          113968 kB
Active:           407708 kB
Mem:          3.8G       3.7G       110M       5.7M        23M       3.3G

MemTotal:        4016004 kB
MemFree:          127420 kB
Active:           405692 kB
Mem:          3.8G       3.7G       124M       5.7M        23M       3.3G

MemTotal:        4016004 kB
MemFree:          127368 kB
Active:           405696 kB
Mem:          3.8G       3.7G       124M       5.7M        23M       3.3G

MemTotal:        4016004 kB
MemFree:          113696 kB
Active:           405716 kB
Mem:          3.8G       3.7G       110M       5.7M        23M       3.3G

MemTotal:        4016004 kB
MemFree:          105400 kB
Active:           404588 kB
Mem:          3.8G       3.7G       124M       5.7M        23M       3.3G

MemTotal:        4016004 kB
MemFree:          107784 kB
Active:           402644 kB
Mem:          3.8G       3.7G       105M       5.7M        23M       3.3G

MemTotal:        4016004 kB
MemFree:          121868 kB
Active:           400660 kB
Mem:          3.8G       3.7G       118M       5.7M        23M       3.3G

MemTotal:        4016004 kB
MemFree:          118332 kB
Active:           400624 kB
Mem:          3.8G       3.7G       113M       5.7M        23M       3.3G

MemTotal:        4016004 kB
MemFree:          110328 kB
Active:           399528 kB
Mem:          3.8G       3.7G       106M       5.7M        23M       3.3G

MemTotal:        4016004 kB
MemFree:          126840 kB
Active:           397908 kB
Mem:          3.8G       3.7G       122M       5.7M        23M       3.3G

MemTotal:        4016004 kB
MemFree:          105116 kB
Active:           396648 kB
Mem:          3.8G       3.7G       124M       5.7M        23M       3.3G

MemTotal:        4016004 kB
MemFree:          115208 kB
Active:           395008 kB
Mem:          3.8G       3.7G       111M       5.7M        23M       3.3G

MemTotal:        4016004 kB
MemFree:          106928 kB
Active:           393868 kB
Mem:          3.8G       3.7G       102M       5.7M        23M       3.3G

MemTotal:        4016004 kB
MemFree:          126596 kB
Active:           391736 kB
Mem:          3.8G       3.7G       123M       5.7M        23M       3.3G

MemTotal:        4016004 kB
MemFree:          130468 kB
Active:           390064 kB
Mem:          3.8G       3.7G       125M       5.7M        23M       3.3G

MemTotal:        4016004 kB
MemFree:          121816 kB
Active:           388812 kB
Mem:          3.8G       3.7G       118M       5.7M        23M       3.3G

MemTotal:        4016004 kB
MemFree:          124820 kB
Active:           386936 kB
Mem:          3.8G       3.7G       121M       5.7M        23M       3.3G

MemTotal:        4016004 kB
MemFree:          118644 kB
Active:           385808 kB
Mem:          3.8G       3.7G       115M       5.7M        23M       3.3G

MemTotal:        4016004 kB
MemFree:          111516 kB
Active:           385920 kB
Mem:          3.8G       3.7G       108M       5.7M        23M       3.3G

MemTotal:        4016004 kB
MemFree:          126760 kB
Active:           384180 kB
Mem:          3.8G       3.7G       122M       5.7M        23M       3.3G

MemTotal:        4016004 kB
MemFree:          128944 kB
Active:           382292 kB
Mem:          3.8G       3.7G       125M       5.7M        23M       3.3G

MemTotal:        4016004 kB
MemFree:          126472 kB
Active:           380648 kB
Mem:          3.8G       3.7G       122M       5.7M        23M       3.3G

MemTotal:        4016004 kB
MemFree:          118936 kB
Active:           379520 kB
Mem:          3.8G       3.7G       115M       5.7M        23M       3.3G

MemTotal:        4016004 kB
MemFree:          137180 kB
Active:           377632 kB
Mem:          3.8G       3.7G       133M       5.7M        23M       3.2G

MemTotal:        4016004 kB
MemFree:          137464 kB
Active:           377628 kB
Mem:          3.8G       3.7G       134M       5.7M        23M       3.2G

MemTotal:        4016004 kB
MemFree:          137560 kB
Active:           377624 kB
Mem:          3.8G       3.7G       134M       5.7M        23M       3.2G

MemTotal:        4016004 kB
MemFree:          107508 kB
Active:           377652 kB
Mem:          3.8G       3.7G       103M       5.7M        23M       3.3G

MemTotal:        4016004 kB
MemFree:          134428 kB
Active:           375496 kB
Mem:          3.8G       3.7G       130M       5.7M        23M       3.3G

MemTotal:        4016004 kB
MemFree:          144060 kB
Active:           373476 kB
Mem:          3.8G       3.7G       138M       5.7M        23M       3.2G

MemTotal:        4016004 kB
MemFree:          134044 kB
Active:           372352 kB
Mem:          3.8G       3.7G       130M       5.7M        23M       3.3G

MemTotal:        4016004 kB
MemFree:          127664 kB
Active:           371092 kB
Mem:          3.8G       3.7G       123M       5.7M        23M       3.3G

MemTotal:        4016004 kB
MemFree:          129288 kB
Active:           369684 kB
Mem:          3.8G       3.7G       125M       5.7M        23M       3.3G

MemTotal:        4016004 kB
MemFree:          121256 kB
Active:           369596 kB
Mem:          3.8G       3.7G       117M       5.7M        23M       3.3G

MemTotal:        4016004 kB
MemFree:          140024 kB
Active:           369620 kB
Mem:          3.8G       3.7G       136M       5.7M        23M       3.2G

MemTotal:        4016004 kB
MemFree:          125768 kB
Active:           369656 kB
Mem:          3.8G       3.7G       120M       5.7M        23M       3.3G

MemTotal:        4016004 kB
MemFree:          117156 kB
Active:           369628 kB
Mem:          3.8G       3.7G       113M       5.7M        23M       3.3G

MemTotal:        4016004 kB
MemFree:          109072 kB
Active:           369668 kB
Mem:          3.8G       3.7G       105M       5.7M        23M       3.3G

MemTotal:        4016004 kB
MemFree:          115644 kB
Active:           366960 kB
Mem:          3.8G       3.7G       112M       5.7M        23M       3.3G

MemTotal:        4016004 kB
MemFree:          117096 kB
Active:           368280 kB
Mem:          3.8G       3.7G       113M       5.7M        23M       3.3G

MemTotal:        4016004 kB
MemFree:          155404 kB
Active:           368296 kB
Mem:          3.8G       3.7G       151M       5.7M        23M       3.2G

MemTotal:        4016004 kB
MemFree:          132088 kB
Active:           368316 kB
Mem:          3.8G       3.7G       127M       5.7M        23M       3.3G

MemTotal:        4016004 kB
MemFree:          139824 kB
Active:           368348 kB
Mem:          3.8G       3.7G       136M       5.7M        23M       3.2G

MemTotal:        4016004 kB
MemFree:          130176 kB
Active:           368372 kB
Mem:          3.8G       3.7G       127M       5.7M        23M       3.3G

MemTotal:        4016004 kB
MemFree:          123688 kB
Active:           368396 kB
Mem:          3.8G       3.7G       118M       5.7M        23M       3.3G

MemTotal:        4016004 kB
MemFree:          131752 kB
Active:           368340 kB
Mem:          3.8G       3.7G       127M       5.7M        23M       3.3G

MemTotal:        4016004 kB
MemFree:          124008 kB
Active:           368336 kB
Mem:          3.8G       3.7G       120M       5.7M        23M       3.3G

MemTotal:        4016004 kB
MemFree:          108536 kB
Active:           368232 kB
Mem:          3.8G       3.7G       105M       5.7M        23M       3.3G

MemTotal:        4016004 kB
MemFree:          125140 kB
Active:           368288 kB
Mem:          3.8G       3.7G       125M       5.7M        23M       3.3G

MemTotal:        4016004 kB
MemFree:          106220 kB
Active:           368308 kB
Mem:          3.8G       3.7G       105M       5.7M        24M       3.3G

MemTotal:        4016004 kB
MemFree:          107612 kB
Active:           368204 kB
Mem:          3.8G       3.7G       104M       5.7M        24M       3.3G

MemTotal:        4016004 kB
MemFree:          123496 kB
Active:           368208 kB
Mem:          3.8G       3.7G       120M       5.7M        24M       3.3G

MemTotal:        4016004 kB
MemFree:          140916 kB
Active:           368268 kB
Mem:          3.8G       3.7G       135M       5.7M        24M       3.2G

MemTotal:        4016004 kB
MemFree:          131172 kB
Active:           368188 kB
Mem:          3.8G       3.7G       127M       5.7M        24M       3.3G

MemTotal:        4016004 kB
MemFree:          122800 kB
Active:           368212 kB
Mem:          3.8G       3.7G       117M       5.7M        24M       3.3G

MemTotal:        4016004 kB
MemFree:          130924 kB
Active:           368232 kB
Mem:          3.8G       3.7G       126M       5.7M        24M       3.3G

MemTotal:        4016004 kB
MemFree:          128988 kB
Active:           368256 kB
Mem:          3.8G       3.7G       125M       5.7M        24M       3.3G

MemTotal:        4016004 kB
MemFree:          128680 kB
Active:           368276 kB
Mem:          3.8G       3.7G       125M       5.7M        24M       3.3G

MemTotal:        4016004 kB
MemFree:          120652 kB
Active:           368296 kB
Mem:          3.8G       3.7G       117M       5.7M        24M       3.3G

MemTotal:        4016004 kB
MemFree:          121488 kB
Active:           369232 kB
Mem:          3.8G       3.7G       117M       5.7M        24M       3.3G

MemTotal:        4016004 kB
MemFree:          129844 kB
Active:           368444 kB
Mem:          3.8G       3.7G       126M       5.7M        24M       3.3G

MemTotal:        4016004 kB
MemFree:          121692 kB
Active:           368316 kB
Mem:          3.8G       3.7G       118M       5.7M        24M       3.3G

MemTotal:        4016004 kB
MemFree:          114156 kB
Active:           368344 kB
Mem:          3.8G       3.7G       110M       5.7M        24M       3.3G

MemTotal:        4016004 kB
MemFree:          105860 kB
Active:           368364 kB
Mem:          3.8G       3.7G       102M       5.7M        24M       3.3G

MemTotal:        4016004 kB
MemFree:          127600 kB
Active:           368388 kB
Mem:          3.8G       3.7G       123M       5.7M        24M       3.3G

MemTotal:        4016004 kB
MemFree:          114064 kB
Active:           368408 kB
Mem:          3.8G       3.7G       110M       5.7M        24M       3.3G

MemTotal:        4016004 kB
MemFree:          105908 kB
Active:           368440 kB
Mem:          3.8G       3.7G       108M       5.7M        24M       3.3G

MemTotal:        4016004 kB
MemFree:          125724 kB
Active:           368464 kB
Mem:          3.8G       3.7G       121M       5.7M        24M       3.3G

MemTotal:        4016004 kB
MemFree:          124816 kB
Active:           367476 kB
Mem:          3.8G       3.7G       121M       5.7M        24M       3.3G

MemTotal:        4016004 kB
MemFree:          113768 kB
Active:           367332 kB
Mem:          3.8G       3.7G       111M       5.7M        24M       3.3G

MemTotal:        4016004 kB
MemFree:          125632 kB
Active:           367352 kB
Mem:          3.8G       3.7G       121M       5.7M        24M       3.3G

MemTotal:        4016004 kB
MemFree:          117504 kB
Active:           367376 kB
Mem:          3.8G       3.7G       113M       5.7M        24M       3.3G

MemTotal:        4016004 kB
MemFree:          127168 kB
Active:           367396 kB
Mem:          3.8G       3.7G       122M       5.7M        24M       3.3G

MemTotal:        4016004 kB
MemFree:          130308 kB
Active:           367392 kB
Mem:          3.8G       3.7G       126M       5.7M        24M       3.2G

MemTotal:        4016004 kB
MemFree:          127948 kB
Active:           367452 kB
Mem:          3.8G       3.7G       124M       5.7M        24M       3.3G

MemTotal:        4016004 kB
MemFree:          114196 kB
Active:           367472 kB
Mem:          3.8G       3.7G       110M       5.7M        24M       3.3G

MemTotal:        4016004 kB
MemFree:          105792 kB
Active:           367496 kB
Mem:          3.8G       3.7G       102M       5.7M        24M       3.3G

MemTotal:        4016004 kB
MemFree:          129304 kB
Active:           362040 kB
Mem:          3.8G       3.7G       125M       5.7M        24M       3.3G

MemTotal:        4016004 kB
MemFree:          128064 kB
Active:           362088 kB
Mem:          3.8G       3.7G       124M       5.7M        24M       3.3G

MemTotal:        4016004 kB
MemFree:          120452 kB
Active:           362112 kB
Mem:          3.8G       3.7G       116M       5.7M        24M       3.3G

MemTotal:        4016004 kB
MemFree:          111896 kB
Active:           362132 kB
Mem:          3.8G       3.7G       108M       5.7M        24M       3.3G

MemTotal:        4016004 kB
MemFree:          138796 kB
Active:           362152 kB
Mem:          3.8G       3.7G       135M       5.7M        24M       3.2G

MemTotal:        4016004 kB
MemFree:          137920 kB
Active:           362164 kB
Mem:          3.8G       3.7G       134M       5.7M        24M       3.2G

MemTotal:        4016004 kB
MemFree:          137740 kB
Active:           362168 kB
Mem:          3.8G       3.7G       134M       5.7M        24M       3.2G

MemTotal:        4016004 kB
MemFree:          123344 kB
Active:           362184 kB
Mem:          3.8G       3.7G       119M       5.7M        24M       3.3G

MemTotal:        4016004 kB
MemFree:          115720 kB
Active:           362204 kB
Mem:          3.8G       3.7G       112M       5.7M        24M       3.3G

MemTotal:        4016004 kB
MemFree:          107116 kB
Active:           362232 kB
Mem:          3.8G       3.7G       103M       5.7M        24M       3.3G

MemTotal:        4016004 kB
MemFree:          127560 kB
Active:           359160 kB
Mem:          3.8G       3.7G       122M       5.7M        24M       3.3G

MemTotal:        4016004 kB
MemFree:          113080 kB
Active:           358992 kB
Mem:          3.8G       3.7G       108M       5.7M        24M       3.3G

MemTotal:        4016004 kB
MemFree:          111096 kB
Active:           358976 kB
Mem:          3.8G       3.7G       124M       5.7M        24M       3.3G

MemTotal:        4016004 kB
MemFree:          126860 kB
Active:           359004 kB
Mem:          3.8G       3.7G       123M       5.7M        24M       3.3G

MemTotal:        4016004 kB
MemFree:          124944 kB
Active:           359028 kB
Mem:          3.8G       3.7G       121M       5.7M        24M       3.3G

MemTotal:        4016004 kB
MemFree:          120856 kB
Active:           359076 kB
Mem:          3.8G       3.7G       116M       5.7M        24M       3.3G

MemTotal:        4016004 kB
MemFree:          106376 kB
Active:           359084 kB
Mem:          3.8G       3.7G       102M       5.7M        24M       3.3G

MemTotal:        4016004 kB
MemFree:          127996 kB
Active:           359108 kB
Mem:          3.8G       3.7G       124M       5.7M        24M       3.3G

MemTotal:        4016004 kB
MemFree:          116536 kB
Active:           359156 kB
Mem:          3.8G       3.7G       112M       5.7M        24M       3.3G

MemTotal:        4016004 kB
MemFree:          129168 kB
Active:           357092 kB
Mem:          3.8G       3.7G       125M       5.7M        24M       3.2G

MemTotal:        4016004 kB
MemFree:          135140 kB
Active:           356916 kB
Mem:          3.8G       3.7G       131M       5.7M        24M       3.2G

MemTotal:        4016004 kB
MemFree:          134880 kB
Active:           356936 kB
Mem:          3.8G       3.7G       131M       5.7M        24M       3.2G

MemTotal:        4016004 kB
MemFree:          118156 kB
Active:           358972 kB
Mem:          3.8G       3.7G       114M       5.7M        24M       3.3G

MemTotal:        4016004 kB
MemFree:          127856 kB
Active:           358060 kB
Mem:          3.8G       3.7G       123M       5.7M        25M       3.2G

MemTotal:        4016004 kB
MemFree:          119576 kB
Active:           358096 kB
Mem:          3.8G       3.7G       115M       5.7M        25M       3.3G

MemTotal:        4016004 kB
MemFree:          111792 kB
Active:           358140 kB
Mem:          3.8G       3.7G       108M       5.7M        25M       3.3G

MemTotal:        4016004 kB
MemFree:          121864 kB
Active:           358124 kB
Mem:          3.8G       3.7G       117M       5.7M        25M       3.3G

MemTotal:        4016004 kB
MemFree:          113444 kB
Active:           358160 kB
Mem:          3.8G       3.7G       109M       5.7M        25M       3.3G

MemTotal:        4016004 kB
MemFree:          105164 kB
Active:           358180 kB
Mem:          3.8G       3.7G       122M       5.7M        25M       3.2G

MemTotal:        4016004 kB
MemFree:          104948 kB
Active:           358108 kB
Mem:          3.8G       3.7G       124M       5.7M        25M       3.2G

MemTotal:        4016004 kB
MemFree:          129296 kB
Active:           358120 kB
Mem:          3.8G       3.7G       126M       5.7M        25M       3.2G

MemTotal:        4016004 kB
MemFree:          129052 kB
Active:           352384 kB
Mem:          3.8G       3.7G       124M       5.7M        25M       3.2G

MemTotal:        4016004 kB
MemFree:          113108 kB
Active:           353504 kB
Mem:          3.8G       3.7G       110M       5.7M        25M       3.3G

MemTotal:        4016004 kB
MemFree:          135132 kB
Active:           353432 kB
Mem:          3.8G       3.7G       132M       5.7M        25M       3.2G

MemTotal:        4016004 kB
MemFree:          127540 kB
Active:           353452 kB
Mem:          3.8G       3.7G       123M       5.7M        25M       3.2G

MemTotal:        4016004 kB
MemFree:          137484 kB
Active:           353472 kB
Mem:          3.8G       3.7G       133M       5.7M        25M       3.2G

MemTotal:        4016004 kB
MemFree:          129728 kB
Active:           353504 kB
Mem:          3.8G       3.7G       126M       5.7M        25M       3.2G

MemTotal:        4016004 kB
MemFree:          121396 kB
Active:           353536 kB
Mem:          3.8G       3.7G       118M       5.7M        25M       3.3G

MemTotal:        4016004 kB
MemFree:          124008 kB
Active:           353560 kB
Mem:          3.8G       3.7G       119M       5.7M        25M       3.2G

MemTotal:        4016004 kB
MemFree:          134624 kB
Active:           353544 kB
Mem:          3.8G       3.7G       131M       5.7M        25M       3.2G

MemTotal:        4016004 kB
MemFree:          137224 kB
Active:           352172 kB
Mem:          3.8G       3.7G       134M       5.7M        25M       3.2G

MemTotal:        4016004 kB
MemFree:          126660 kB
Active:           352016 kB
Mem:          3.8G       3.7G       122M       5.7M        25M       3.2G

MemTotal:        4016004 kB
MemFree:          124700 kB
Active:           352060 kB
Mem:          3.8G       3.7G       121M       5.7M        25M       3.2G

MemTotal:        4016004 kB
MemFree:          116644 kB
Active:           352056 kB
Mem:          3.8G       3.7G       113M       5.7M        25M       3.3G

MemTotal:        4016004 kB
MemFree:          108552 kB
Active:           352104 kB
Mem:          3.8G       3.7G       105M       5.7M        25M       3.3G

MemTotal:        4016004 kB
MemFree:          134920 kB
Active:           352128 kB
Mem:          3.8G       3.7G       131M       5.7M        25M       3.2G

MemTotal:        4016004 kB
MemFree:          107860 kB
Active:           352120 kB
Mem:          3.8G       3.7G       104M       5.7M        25M       3.3G

MemTotal:        4016004 kB
MemFree:          125372 kB
Active:           352152 kB
Mem:          3.8G       3.7G       125M       5.7M        25M       3.2G

MemTotal:        4016004 kB
MemFree:          134824 kB
Active:           352008 kB
Mem:          3.8G       3.7G       131M       5.7M        25M       3.2G

MemTotal:        4016004 kB
MemFree:          127164 kB
Active:           352060 kB
Mem:          3.8G       3.7G       123M       5.7M        25M       3.2G

MemTotal:        4016004 kB
MemFree:          131516 kB
Active:           352064 kB
Mem:          3.8G       3.7G       127M       5.7M        25M       3.2G

MemTotal:        4016004 kB
MemFree:          141092 kB
Active:           352128 kB
Mem:          3.8G       3.7G       136M       5.7M        25M       3.2G

MemTotal:        4016004 kB
MemFree:          133544 kB
Active:           351288 kB
Mem:          3.8G       3.7G       130M       5.7M        25M       3.2G

MemTotal:        4016004 kB
MemFree:          125876 kB
Active:           351272 kB
Mem:          3.8G       3.7G       122M       5.7M        25M       3.2G

MemTotal:        4016004 kB
MemFree:          127052 kB
Active:           351316 kB
Mem:          3.8G       3.7G       124M       5.7M        25M       3.2G

MemTotal:        4016004 kB
MemFree:          118768 kB
Active:           351332 kB
Mem:          3.8G       3.7G       115M       5.7M        25M       3.3G

MemTotal:        4016004 kB
MemFree:          118428 kB
Active:           351324 kB
Mem:          3.8G       3.7G       115M       5.7M        25M       3.3G

MemTotal:        4016004 kB
MemFree:          118556 kB
Active:           351312 kB
Mem:          3.8G       3.7G       115M       5.7M        25M       3.3G

MemTotal:        4016004 kB
MemFree:          126652 kB
Active:           351344 kB
Mem:          3.8G       3.7G       122M       5.7M        25M       3.2G

MemTotal:        4016004 kB
MemFree:          130416 kB
Active:           351380 kB
Mem:          3.8G       3.7G       126M       5.7M        25M       3.2G

MemTotal:        4016004 kB
MemFree:          110976 kB
Active:           351400 kB
Mem:          3.8G       3.7G       107M       5.7M        25M       3.3G

MemTotal:        4016004 kB
MemFree:          126588 kB
Active:           351432 kB
Mem:          3.8G       3.7G       123M       5.7M        25M       3.2G

MemTotal:        4016004 kB
MemFree:          126036 kB
Active:           351416 kB
Mem:          3.8G       3.7G       121M       5.7M        25M       3.2G

MemTotal:        4016004 kB
MemFree:          105836 kB
Active:           351436 kB
Mem:          3.8G       3.7G       102M       5.7M        25M       3.3G

MemTotal:        4016004 kB
MemFree:          127352 kB
Active:           351496 kB
Mem:          3.8G       3.7G       123M       5.7M        25M       3.2G

MemTotal:        4016004 kB
MemFree:          119284 kB
Active:           351516 kB
Mem:          3.8G       3.7G       115M       5.7M        25M       3.3G

MemTotal:        4016004 kB
MemFree:          128760 kB
Active:           351548 kB
Mem:          3.8G       3.7G       124M       5.7M        25M       3.2G

MemTotal:        4016004 kB
MemFree:          127508 kB
Active:           351568 kB
Mem:          3.8G       3.7G       123M       5.7M        25M       3.2G

MemTotal:        4016004 kB
MemFree:          111732 kB
Active:           348480 kB
Mem:          3.8G       3.7G       107M       5.7M        25M       3.3G

MemTotal:        4016004 kB
MemFree:          127576 kB
Active:           348516 kB
Mem:          3.8G       3.7G       123M       5.7M        25M       3.2G

MemTotal:        4016004 kB
MemFree:          125752 kB
Active:           348572 kB
Mem:          3.8G       3.7G       121M       5.7M        25M       3.2G

MemTotal:        4016004 kB
MemFree:          116844 kB
Active:           348596 kB
Mem:          3.8G       3.7G       113M       5.7M        25M       3.3G

MemTotal:        4016004 kB
MemFree:          126288 kB
Active:           348616 kB
Mem:          3.8G       3.7G       122M       5.7M        25M       3.2G

MemTotal:        4016004 kB
MemFree:          119100 kB
Active:           348580 kB
Mem:          3.8G       3.7G       114M       5.7M        26M       3.3G

MemTotal:        4016004 kB
MemFree:          122696 kB
Active:           348620 kB
Mem:          3.8G       3.7G       118M       5.7M        26M       3.2G

MemTotal:        4016004 kB
MemFree:          114888 kB
Active:           348640 kB
Mem:          3.8G       3.7G       110M       5.7M        26M       3.3G

MemTotal:        4016004 kB
MemFree:          106608 kB
Active:           348684 kB
Mem:          3.8G       3.7G       102M       5.7M        26M       3.3G

MemTotal:        4016004 kB
MemFree:          134288 kB
Active:           348732 kB
Mem:          3.8G       3.7G       130M       5.7M        26M       3.2G

MemTotal:        4016004 kB
MemFree:          134420 kB
Active:           348744 kB
Mem:          3.8G       3.7G       130M       5.7M        26M       3.2G

MemTotal:        4016004 kB
MemFree:          127756 kB
Active:           348772 kB
Mem:          3.8G       3.7G       123M       5.7M        26M       3.2G

MemTotal:        4016004 kB
MemFree:          132592 kB
Active:           348792 kB
Mem:          3.8G       3.7G       127M       5.7M        26M       3.2G

MemTotal:        4016004 kB
MemFree:          133260 kB
Active:           346540 kB
Mem:          3.8G       3.7G       128M       5.7M        26M       3.2G

MemTotal:        4016004 kB
MemFree:          113220 kB
Active:           346448 kB
Mem:          3.8G       3.7G       110M       5.7M        26M       3.3G

MemTotal:        4016004 kB
MemFree:          135036 kB
Active:           346448 kB
Mem:          3.8G       3.7G       131M       5.7M        26M       3.2G

MemTotal:        4016004 kB
MemFree:          125940 kB
Active:           346492 kB
Mem:          3.8G       3.7G       122M       5.7M        26M       3.2G

MemTotal:        4016004 kB
MemFree:          105780 kB
Active:           346516 kB
Mem:          3.8G       3.7G       103M       5.7M        26M       3.3G

MemTotal:        4016004 kB
MemFree:          129808 kB
Active:           346488 kB
Mem:          3.8G       3.7G       125M       5.7M        26M       3.2G

MemTotal:        4016004 kB
MemFree:          122396 kB
Active:           346548 kB
Mem:          3.8G       3.7G       118M       5.7M        26M       3.2G

MemTotal:        4016004 kB
MemFree:          114472 kB
Active:           346568 kB
Mem:          3.8G       3.7G       110M       5.7M        26M       3.3G

MemTotal:        4016004 kB
MemFree:          106192 kB
Active:           346588 kB
Mem:          3.8G       3.7G       102M       5.7M        26M       3.3G

MemTotal:        4016004 kB
MemFree:          128672 kB
Active:           346612 kB
Mem:          3.8G       3.7G       124M       5.7M        26M       3.2G

MemTotal:        4016004 kB
MemFree:          126420 kB
Active:           346588 kB
Mem:          3.8G       3.7G       122M       5.7M        26M       3.2G

MemTotal:        4016004 kB
MemFree:          106904 kB
Active:           346660 kB
Mem:          3.8G       3.7G       125M       5.7M        26M       3.2G

MemTotal:        4016004 kB
MemFree:          115256 kB
Active:           346684 kB
Mem:          3.8G       3.7G       111M       5.7M        26M       3.3G

MemTotal:        4016004 kB
MemFree:          126928 kB
Active:           346704 kB
Mem:          3.8G       3.7G       123M       5.7M        26M       3.2G

MemTotal:        4016004 kB
MemFree:          119196 kB
Active:           346724 kB
Mem:          3.8G       3.7G       116M       5.7M        26M       3.2G

MemTotal:        4016004 kB
MemFree:          119036 kB
Active:           346700 kB
Mem:          3.8G       3.7G       116M       5.7M        26M       3.2G

MemTotal:        4016004 kB
MemFree:          119444 kB
Active:           346692 kB
Mem:          3.8G       3.7G       116M       5.7M        26M       3.2G

MemTotal:        4016004 kB
MemFree:          116256 kB
Active:           346732 kB
Mem:          3.8G       3.7G       112M       5.7M        26M       3.3G

MemTotal:        4016004 kB
MemFree:          108288 kB
Active:           346756 kB
Mem:          3.8G       3.7G       105M       5.7M        26M       3.3G

MemTotal:        4016004 kB
MemFree:          125908 kB
Active:           346780 kB
Mem:          3.8G       3.7G       121M       5.7M        26M       3.2G

MemTotal:        4016004 kB
MemFree:          128004 kB
Active:           346812 kB
Mem:          3.8G       3.7G       123M       5.7M        26M       3.2G

MemTotal:        4016004 kB
MemFree:          127196 kB
Active:           346832 kB
Mem:          3.8G       3.7G       123M       5.7M        26M       3.2G

MemTotal:        4016004 kB
MemFree:          126852 kB
Active:           346644 kB
Mem:          3.8G       3.7G       122M       5.7M        26M       3.2G

MemTotal:        4016004 kB
MemFree:          119548 kB
Active:           346672 kB
Mem:          3.8G       3.7G       115M       5.7M        26M       3.2G

MemTotal:        4016004 kB
MemFree:          122924 kB
Active:           346696 kB
Mem:          3.8G       3.7G       119M       5.7M        26M       3.2G

MemTotal:        4016004 kB
MemFree:          131300 kB
Active:           346724 kB
Mem:          3.8G       3.7G       127M       5.7M        26M       3.2G

MemTotal:        4016004 kB
MemFree:          129196 kB
Active:           346428 kB
Mem:          3.8G       3.7G       126M       5.7M        26M       3.2G

MemTotal:        4016004 kB
MemFree:          129320 kB
Active:           346380 kB
Mem:          3.8G       3.7G       126M       5.7M        26M       3.2G

MemTotal:        4016004 kB
MemFree:          129568 kB
Active:           346396 kB
Mem:          3.8G       3.7G       126M       5.7M        26M       3.2G

MemTotal:        4016004 kB
MemFree:          129072 kB
Active:           346436 kB
Mem:          3.8G       3.7G       126M       5.7M        26M       3.2G

MemTotal:        4016004 kB
MemFree:          129444 kB
Active:           346432 kB
Mem:          3.8G       3.7G       126M       5.7M        26M       3.2G

MemTotal:        4016004 kB
MemFree:          128756 kB
Active:           346404 kB
Mem:          3.8G       3.7G       125M       5.7M        26M       3.2G

MemTotal:        4016004 kB
MemFree:          128872 kB
Active:           346420 kB
Mem:          3.8G       3.7G       125M       5.7M        26M       3.2G

MemTotal:        4016004 kB
MemFree:          128776 kB
Active:           346456 kB
Mem:          3.8G       3.7G       126M       5.7M        26M       3.2G

MemTotal:        4016004 kB
MemFree:          129060 kB
Active:           346424 kB
Mem:          3.8G       3.7G       126M       5.7M        26M       3.2G

MemTotal:        4016004 kB
MemFree:          129216 kB
Active:           346424 kB
Mem:          3.8G       3.7G       126M       5.7M        26M       3.2G

MemTotal:        4016004 kB
MemFree:          129092 kB
Active:           346408 kB
Mem:          3.8G       3.7G       126M       5.7M        26M       3.2G

MemTotal:        4016004 kB
MemFree:          125408 kB
Active:           348704 kB
Mem:          3.8G       3.7G       122M       5.7M        28M       3.2G

MemTotal:        4016004 kB
MemFree:          125364 kB
Active:           348720 kB
Mem:          3.8G       3.7G       122M       5.7M        28M       3.2G

MemTotal:        4016004 kB
MemFree:          125660 kB
Active:           348716 kB
Mem:          3.8G       3.7G       122M       5.7M        28M       3.2G

MemTotal:        4016004 kB
MemFree:          125412 kB
Active:           348728 kB
Mem:          3.8G       3.7G       122M       5.7M        28M       3.2G

MemTotal:        4016004 kB
MemFree:          125784 kB
Active:           348704 kB
Mem:          3.8G       3.7G       122M       5.7M        28M       3.2G

MemTotal:        4016004 kB
MemFree:          125908 kB
Active:           348724 kB
Mem:          3.8G       3.7G       122M       5.7M        28M       3.2G

MemTotal:        4016004 kB
MemFree:          125916 kB
Active:           348736 kB
Mem:          3.8G       3.7G       122M       5.7M        28M       3.2G

MemTotal:        4016004 kB
MemFree:          125800 kB
Active:           348732 kB
Mem:          3.8G       3.7G       122M       5.7M        28M       3.2G

MemTotal:        4016004 kB
MemFree:          125800 kB
Active:           348740 kB
Mem:          3.8G       3.7G       122M       5.7M        28M       3.2G

MemTotal:        4016004 kB
MemFree:          125800 kB
Active:           348688 kB
Mem:          3.8G       3.7G       122M       5.7M        28M       3.2G

MemTotal:        4016004 kB
MemFree:          125800 kB
Active:           348688 kB
Mem:          3.8G       3.7G       122M       5.7M        28M       3.2G

MemTotal:        4016004 kB
MemFree:          125924 kB
Active:           348748 kB
Mem:          3.8G       3.7G       122M       5.7M        28M       3.2G

MemTotal:        4016004 kB
MemFree:          125800 kB
Active:           348728 kB
Mem:          3.8G       3.7G       122M       5.7M        28M       3.2G

MemTotal:        4016004 kB
MemFree:          125800 kB
Active:           348692 kB
Mem:          3.8G       3.7G       122M       5.7M        28M       3.2G

MemTotal:        4016004 kB
MemFree:          125800 kB
Active:           348720 kB
Mem:          3.8G       3.7G       122M       5.7M        28M       3.2G

MemTotal:        4016004 kB
MemFree:          125800 kB
Active:           348712 kB
Mem:          3.8G       3.7G       122M       5.7M        28M       3.2G

MemTotal:        4016004 kB
MemFree:          125676 kB
Active:           348748 kB
Mem:          3.8G       3.7G       122M       5.7M        28M       3.2G

MemTotal:        4016004 kB
MemFree:          125552 kB
Active:           348720 kB
Mem:          3.8G       3.7G       122M       5.7M        28M       3.2G

MemTotal:        4016004 kB
MemFree:          125676 kB
Active:           348700 kB
Mem:          3.8G       3.7G       122M       5.7M        28M       3.2G

MemTotal:        4016004 kB
MemFree:          125552 kB
Active:           348732 kB
Mem:          3.8G       3.7G       122M       5.7M        28M       3.2G

MemTotal:        4016004 kB
MemFree:          125676 kB
Active:           348732 kB
Mem:          3.8G       3.7G       122M       5.7M        28M       3.2G

MemTotal:        4016004 kB
MemFree:          125676 kB
Active:           348756 kB
Mem:          3.8G       3.7G       122M       5.7M        28M       3.2G

MemTotal:        4016004 kB
MemFree:          125552 kB
Active:           348736 kB
Mem:          3.8G       3.7G       122M       5.7M        28M       3.2G

MemTotal:        4016004 kB
MemFree:          125552 kB
Active:           348756 kB
Mem:          3.8G       3.7G       122M       5.7M        28M       3.2G

MemTotal:        4016004 kB
MemFree:          125800 kB
Active:           348740 kB
Mem:          3.8G       3.7G       122M       5.7M        28M       3.2G

MemTotal:        4016004 kB
MemFree:          125800 kB
Active:           348760 kB
Mem:          3.8G       3.7G       122M       5.7M        28M       3.2G

MemTotal:        4016004 kB
MemFree:          125676 kB
Active:           348744 kB
Mem:          3.8G       3.7G       122M       5.7M        28M       3.2G

MemTotal:        4016004 kB
MemFree:          125676 kB
Active:           348764 kB
Mem:          3.8G       3.7G       122M       5.7M        28M       3.2G

MemTotal:        4016004 kB
MemFree:          125800 kB
Active:           348748 kB
Mem:          3.8G       3.7G       122M       5.7M        28M       3.2G

MemTotal:        4016004 kB
MemFree:          125552 kB
Active:           348752 kB
Mem:          3.8G       3.7G       122M       5.7M        28M       3.2G

MemTotal:        4016004 kB
MemFree:          126048 kB
Active:           348720 kB
Mem:          3.8G       3.7G       123M       5.7M        28M       3.2G

MemTotal:        4016004 kB
MemFree:          126172 kB
Active:           348744 kB
Mem:          3.8G       3.7G       123M       5.7M        28M       3.2G

MemTotal:        4016004 kB
MemFree:          126172 kB
Active:           348756 kB
Mem:          3.8G       3.7G       123M       5.7M        28M       3.2G

MemTotal:        4016004 kB
MemFree:          126172 kB
Active:           348764 kB
Mem:          3.8G       3.7G       123M       5.7M        28M       3.2G

MemTotal:        4016004 kB
MemFree:          126172 kB
Active:           348736 kB
Mem:          3.8G       3.7G       123M       5.7M        28M       3.2G

MemTotal:        4016004 kB
MemFree:          126668 kB
Active:           348748 kB
Mem:          3.8G       3.7G       123M       5.7M        28M       3.2G

MemTotal:        4016004 kB
MemFree:          126668 kB
Active:           348740 kB
Mem:          3.8G       3.7G       123M       5.7M        28M       3.2G

MemTotal:        4016004 kB
MemFree:          126420 kB
Active:           348752 kB
Mem:          3.8G       3.7G       123M       5.7M        28M       3.2G

MemTotal:        4016004 kB
MemFree:          126420 kB
Active:           348756 kB
Mem:          3.8G       3.7G       123M       5.7M        28M       3.2G

MemTotal:        4016004 kB
MemFree:          126420 kB
Active:           348764 kB
Mem:          3.8G       3.7G       123M       5.7M        28M       3.2G

MemTotal:        4016004 kB
MemFree:          126420 kB
Active:           348780 kB
Mem:          3.8G       3.7G       123M       5.7M        28M       3.2G

MemTotal:        4016004 kB
MemFree:          126296 kB
Active:           348760 kB
Mem:          3.8G       3.7G       123M       5.7M        28M       3.2G

MemTotal:        4016004 kB
MemFree:          126420 kB
Active:           348760 kB
Mem:          3.8G       3.7G       123M       5.7M        28M       3.2G

MemTotal:        4016004 kB
MemFree:          126668 kB
Active:           348776 kB
Mem:          3.8G       3.7G       123M       5.7M        28M       3.2G

MemTotal:        4016004 kB
MemFree:          126668 kB
Active:           348764 kB
Mem:          3.8G       3.7G       123M       5.7M        28M       3.2G

MemTotal:        4016004 kB
MemFree:          126296 kB
Active:           348812 kB
Mem:          3.8G       3.7G       123M       5.7M        28M       3.2G

MemTotal:        4016004 kB
MemFree:          126172 kB
Active:           348772 kB
Mem:          3.8G       3.7G       123M       5.7M        28M       3.2G

MemTotal:        4016004 kB
MemFree:          125924 kB
Active:           348812 kB
Mem:          3.8G       3.7G       122M       5.7M        28M       3.2G

MemTotal:        4016004 kB
MemFree:          125800 kB
Active:           348812 kB
Mem:          3.8G       3.7G       123M       5.7M        28M       3.2G

MemTotal:        4016004 kB
MemFree:          126172 kB
Active:           348792 kB
Mem:          3.8G       3.7G       123M       5.7M        28M       3.2G

MemTotal:        4016004 kB
MemFree:          126172 kB
Active:           348812 kB
Mem:          3.8G       3.7G       123M       5.7M        28M       3.2G

MemTotal:        4016004 kB
MemFree:          126188 kB
Active:           348784 kB
Mem:          3.8G       3.7G       123M       5.7M        28M       3.2G

MemTotal:        4016004 kB
MemFree:          126436 kB
Active:           348808 kB
Mem:          3.8G       3.7G       123M       5.7M        28M       3.2G

MemTotal:        4016004 kB
MemFree:          126436 kB
Active:           348792 kB
Mem:          3.8G       3.7G       123M       5.7M        28M       3.2G

MemTotal:        4016004 kB
MemFree:          126436 kB
Active:           348816 kB
Mem:          3.8G       3.7G       123M       5.7M        28M       3.2G

MemTotal:        4016004 kB
MemFree:          126188 kB
Active:           348836 kB
Mem:          3.8G       3.7G       123M       5.7M        28M       3.2G

MemTotal:        4016004 kB
MemFree:          126560 kB
Active:           348792 kB
Mem:          3.8G       3.7G       123M       5.7M        28M       3.2G

MemTotal:        4016004 kB
MemFree:          126560 kB
Active:           348828 kB
Mem:          3.8G       3.7G       123M       5.7M        28M       3.2G

MemTotal:        4016004 kB
MemFree:          126560 kB
Active:           348824 kB
Mem:          3.8G       3.7G       123M       5.7M        28M       3.2G

MemTotal:        4016004 kB
MemFree:          126436 kB
Active:           348800 kB
Mem:          3.8G       3.7G       123M       5.7M        28M       3.2G

MemTotal:        4016004 kB
MemFree:          126560 kB
Active:           348832 kB
Mem:          3.8G       3.7G       123M       5.7M        28M       3.2G

MemTotal:        4016004 kB
MemFree:          126064 kB
Active:           348848 kB
Mem:          3.8G       3.7G       123M       5.7M        28M       3.2G

MemTotal:        4016004 kB
MemFree:          126560 kB
Active:           348816 kB
Mem:          3.8G       3.7G       123M       5.7M        28M       3.2G

MemTotal:        4016004 kB
MemFree:          126188 kB
Active:           348848 kB
Mem:          3.8G       3.7G       123M       5.7M        28M       3.2G

MemTotal:        4016004 kB
MemFree:          126560 kB
Active:           348832 kB
Mem:          3.8G       3.7G       123M       5.7M        28M       3.2G

MemTotal:        4016004 kB
MemFree:          126560 kB
Active:           348852 kB
Mem:          3.8G       3.7G       123M       5.7M        28M       3.2G

MemTotal:        4016004 kB
MemFree:          126436 kB
Active:           348848 kB
Mem:          3.8G       3.7G       123M       5.7M        28M       3.2G

MemTotal:        4016004 kB
MemFree:          126436 kB
Active:           348864 kB
Mem:          3.8G       3.7G       123M       5.7M        28M       3.2G

MemTotal:        4016004 kB
MemFree:          126560 kB
Active:           348856 kB
Mem:          3.8G       3.7G       123M       5.7M        28M       3.2G

MemTotal:        4016004 kB
MemFree:          126172 kB
Active:           348908 kB
Mem:          3.8G       3.7G       123M       5.7M        28M       3.2G

MemTotal:        4016004 kB
MemFree:          126048 kB
Active:           348900 kB
Mem:          3.8G       3.7G       123M       5.7M        28M       3.2G

MemTotal:        4016004 kB
MemFree:          125800 kB
Active:           348900 kB
Mem:          3.8G       3.7G       122M       5.7M        28M       3.2G

MemTotal:        4016004 kB
MemFree:          125800 kB
Active:           348904 kB
Mem:          3.8G       3.7G       122M       5.7M        28M       3.2G

MemTotal:        4016004 kB
MemFree:          125924 kB
Active:           348896 kB
Mem:          3.8G       3.7G       122M       5.7M        28M       3.2G

MemTotal:        4016004 kB
MemFree:          125924 kB
Active:           348864 kB
Mem:          3.8G       3.7G       122M       5.7M        28M       3.2G

MemTotal:        4016004 kB
MemFree:          125924 kB
Active:           348880 kB
Mem:          3.8G       3.7G       122M       5.7M        28M       3.2G

MemTotal:        4016004 kB
MemFree:          125924 kB
Active:           348900 kB
Mem:          3.8G       3.7G       122M       5.7M        28M       3.2G

MemTotal:        4016004 kB
MemFree:          125800 kB
Active:           348884 kB
Mem:          3.8G       3.7G       122M       5.7M        28M       3.2G

MemTotal:        4016004 kB
MemFree:          125924 kB
Active:           348908 kB
Mem:          3.8G       3.7G       123M       5.7M        28M       3.2G

MemTotal:        4016004 kB
MemFree:          126048 kB
Active:           348916 kB
Mem:          3.8G       3.7G       123M       5.7M        28M       3.2G

MemTotal:        4016004 kB
MemFree:          125552 kB
Active:           348928 kB
Mem:          3.8G       3.7G       122M       5.7M        28M       3.2G

MemTotal:        4016004 kB
MemFree:          125924 kB
Active:           348888 kB
Mem:          3.8G       3.7G       123M       5.7M        28M       3.2G

MemTotal:        4016004 kB
MemFree:          125676 kB
Active:           348928 kB
Mem:          3.8G       3.7G       123M       5.7M        28M       3.2G

MemTotal:        4016004 kB
MemFree:          125924 kB
Active:           348888 kB
Mem:          3.8G       3.7G       122M       5.7M        28M       3.2G

MemTotal:        4016004 kB
MemFree:          125800 kB
Active:           348888 kB
Mem:          3.8G       3.7G       122M       5.7M        28M       3.2G

MemTotal:        4016004 kB
MemFree:          125940 kB
Active:           348924 kB
Mem:          3.8G       3.7G       122M       5.7M        28M       3.2G

MemTotal:        4016004 kB
MemFree:          125940 kB
Active:           348916 kB
Mem:          3.8G       3.7G       122M       5.7M        28M       3.2G

MemTotal:        4016004 kB
MemFree:          125568 kB
Active:           348936 kB
Mem:          3.8G       3.7G       122M       5.7M        28M       3.2G

MemTotal:        4016004 kB
MemFree:          125940 kB
Active:           348904 kB
Mem:          3.8G       3.7G       123M       5.7M        28M       3.2G

MemTotal:        4016004 kB
MemFree:          125940 kB
Active:           348920 kB
Mem:          3.8G       3.7G       122M       5.7M        28M       3.2G

MemTotal:        4016004 kB
MemFree:          125940 kB
Active:           348936 kB
Mem:          3.8G       3.7G       123M       5.7M        28M       3.2G

MemTotal:        4016004 kB
MemFree:          125940 kB
Active:           348936 kB
Mem:          3.8G       3.7G       122M       5.7M        28M       3.2G

MemTotal:        4016004 kB
MemFree:          125444 kB
Active:           348944 kB
Mem:          3.8G       3.7G       122M       5.7M        28M       3.2G

MemTotal:        4016004 kB
MemFree:          125692 kB
Active:           348940 kB
Mem:          3.8G       3.7G       122M       5.7M        28M       3.2G

MemTotal:        4016004 kB
MemFree:          125568 kB
Active:           348944 kB
Mem:          3.8G       3.7G       122M       5.7M        28M       3.2G

MemTotal:        4016004 kB
MemFree:          126064 kB
Active:           348920 kB
Mem:          3.8G       3.7G       122M       5.7M        28M       3.2G

MemTotal:        4016004 kB
MemFree:          125816 kB
Active:           348948 kB
Mem:          3.8G       3.7G       123M       5.7M        28M       3.2G

MemTotal:        4016004 kB
MemFree:          126064 kB
Active:           348952 kB
Mem:          3.8G       3.7G       123M       5.7M        28M       3.2G

MemTotal:        4016004 kB
MemFree:          126064 kB
Active:           348956 kB
Mem:          3.8G       3.7G       123M       5.7M        28M       3.2G

MemTotal:        4016004 kB
MemFree:          126188 kB
Active:           348956 kB
Mem:          3.8G       3.7G       123M       5.7M        28M       3.2G

MemTotal:        4016004 kB
MemFree:          126064 kB
Active:           348920 kB
Mem:          3.8G       3.7G       123M       5.7M        28M       3.2G

MemTotal:        4016004 kB
MemFree:          125940 kB
Active:           348932 kB
Mem:          3.8G       3.7G       122M       5.7M        28M       3.2G

MemTotal:        4016004 kB
MemFree:          125940 kB
Active:           348920 kB
Mem:          3.8G       3.7G       122M       5.7M        28M       3.2G

MemTotal:        4016004 kB
MemFree:          125940 kB
Active:           348956 kB
Mem:          3.8G       3.7G       122M       5.7M        28M       3.2G

MemTotal:        4016004 kB
MemFree:          126064 kB
Active:           348952 kB
Mem:          3.8G       3.7G       122M       5.7M        28M       3.2G

MemTotal:        4016004 kB
MemFree:          125816 kB
Active:           348952 kB
Mem:          3.8G       3.7G       122M       5.7M        28M       3.2G

MemTotal:        4016004 kB
MemFree:          125816 kB
Active:           348968 kB
Mem:          3.8G       3.7G       122M       5.7M        28M       3.2G

MemTotal:        4016004 kB
MemFree:          125816 kB
Active:           348936 kB
Mem:          3.8G       3.7G       122M       5.7M        28M       3.2G

MemTotal:        4016004 kB
MemFree:          125568 kB
Active:           348976 kB
Mem:          3.8G       3.7G       122M       5.7M        28M       3.2G

MemTotal:        4016004 kB
MemFree:          126064 kB
Active:           348948 kB
Mem:          3.8G       3.7G       122M       5.7M        28M       3.2G

MemTotal:        4016004 kB
MemFree:          125940 kB
Active:           348976 kB
Mem:          3.8G       3.7G       122M       5.7M        28M       3.2G

MemTotal:        4016004 kB
MemFree:          126160 kB
Active:           348948 kB
Mem:          3.8G       3.7G       122M       5.7M        28M       3.2G

MemTotal:        4016004 kB
MemFree:          126036 kB
Active:           348972 kB
Mem:          3.8G       3.7G       122M       5.7M        28M       3.2G

MemTotal:        4016004 kB
MemFree:          125912 kB
Active:           348948 kB
Mem:          3.8G       3.7G       123M       5.7M        28M       3.2G

MemTotal:        4016004 kB
MemFree:          126036 kB
Active:           348960 kB
Mem:          3.8G       3.7G       122M       5.7M        28M       3.2G

MemTotal:        4016004 kB
MemFree:          125912 kB
Active:           348964 kB
Mem:          3.8G       3.7G       122M       5.7M        28M       3.2G

MemTotal:        4016004 kB
MemFree:          126036 kB
Active:           348980 kB
Mem:          3.8G       3.7G       123M       5.7M        28M       3.2G

MemTotal:        4016004 kB
MemFree:          125664 kB
Active:           348988 kB
Mem:          3.8G       3.7G       122M       5.7M        28M       3.2G

MemTotal:        4016004 kB
MemFree:          125416 kB
Active:           348988 kB
Mem:          3.8G       3.7G       122M       5.7M        28M       3.2G

MemTotal:        4016004 kB
MemFree:          125664 kB
Active:           348972 kB
Mem:          3.8G       3.7G       122M       5.7M        28M       3.2G

MemTotal:        4016004 kB
MemFree:          125540 kB
Active:           348984 kB
Mem:          3.8G       3.7G       122M       5.7M        28M       3.2G

MemTotal:        4016004 kB
MemFree:          125540 kB
Active:           348988 kB
Mem:          3.8G       3.7G       122M       5.7M        28M       3.2G

MemTotal:        4016004 kB
MemFree:          125168 kB
Active:           348996 kB
Mem:          3.8G       3.7G       122M       5.7M        28M       3.2G

MemTotal:        4016004 kB
MemFree:          125540 kB
Active:           348968 kB
Mem:          3.8G       3.7G       122M       5.7M        28M       3.2G

MemTotal:        4016004 kB
MemFree:          125664 kB
Active:           348948 kB
Mem:          3.8G       3.7G       122M       5.7M        28M       3.2G

MemTotal:        4016004 kB
MemFree:          125664 kB
Active:           348960 kB
Mem:          3.8G       3.7G       122M       5.7M        28M       3.2G

MemTotal:        4016004 kB
MemFree:          125540 kB
Active:           349000 kB
Mem:          3.8G       3.7G       122M       5.7M        28M       3.2G

MemTotal:        4016004 kB
MemFree:          125788 kB
Active:           348968 kB
Mem:          3.8G       3.7G       122M       5.7M        28M       3.2G

MemTotal:        4016004 kB
MemFree:          125416 kB
Active:           349004 kB
Mem:          3.8G       3.7G       122M       5.7M        28M       3.2G

MemTotal:        4016004 kB
MemFree:          126284 kB
Active:           348952 kB
Mem:          3.8G       3.7G       123M       5.7M        28M       3.2G

MemTotal:        4016004 kB
MemFree:          126036 kB
Active:           348964 kB
Mem:          3.8G       3.7G       123M       5.7M        28M       3.2G

MemTotal:        4016004 kB
MemFree:          126160 kB
Active:           348956 kB
Mem:          3.8G       3.7G       123M       5.7M        28M       3.2G

MemTotal:        4016004 kB
MemFree:          126284 kB
Active:           348980 kB
Mem:          3.8G       3.7G       123M       5.7M        28M       3.2G

MemTotal:        4016004 kB
MemFree:          126284 kB
Active:           348980 kB
Mem:          3.8G       3.7G       123M       5.7M        28M       3.2G

MemTotal:        4016004 kB
MemFree:          126160 kB
Active:           349012 kB
Mem:          3.8G       3.7G       123M       5.7M        28M       3.2G

MemTotal:        4016004 kB
MemFree:          126284 kB
Active:           348988 kB
Mem:          3.8G       3.7G       123M       5.7M        28M       3.2G

MemTotal:        4016004 kB
MemFree:          126036 kB
Active:           348976 kB
Mem:          3.8G       3.7G       123M       5.7M        28M       3.2G

MemTotal:        4016004 kB
MemFree:          125416 kB
Active:           349020 kB
Mem:          3.8G       3.7G       123M       5.7M        28M       3.2G

MemTotal:        4016004 kB
MemFree:          125912 kB
Active:           349020 kB
Mem:          3.8G       3.7G       122M       5.7M        28M       3.2G

MemTotal:        4016004 kB
MemFree:          125540 kB
Active:           349024 kB
Mem:          3.8G       3.7G       122M       5.7M        28M       3.2G

MemTotal:        4016004 kB
MemFree:          125912 kB
Active:           349028 kB
Mem:          3.8G       3.7G       122M       5.7M        28M       3.2G

MemTotal:        4016004 kB
MemFree:          125664 kB
Active:           348988 kB
Mem:          3.8G       3.7G       122M       5.7M        28M       3.2G

MemTotal:        4016004 kB
MemFree:          125788 kB
Active:           348996 kB
Mem:          3.8G       3.7G       122M       5.7M        28M       3.2G

MemTotal:        4016004 kB
MemFree:          126160 kB
Active:           349024 kB
Mem:          3.8G       3.7G       123M       5.7M        28M       3.2G

MemTotal:        4016004 kB
MemFree:          126160 kB
Active:           348992 kB
Mem:          3.8G       3.7G       123M       5.7M        28M       3.2G

MemTotal:        4016004 kB
MemFree:          126160 kB
Active:           349032 kB
Mem:          3.8G       3.7G       123M       5.7M        28M       3.2G

MemTotal:        4016004 kB
MemFree:          125912 kB
Active:           349032 kB
Mem:          3.8G       3.7G       122M       5.7M        28M       3.2G

MemTotal:        4016004 kB
MemFree:          126160 kB
Active:           349040 kB
Mem:          3.8G       3.7G       123M       5.7M        28M       3.2G

MemTotal:        4016004 kB
MemFree:          126036 kB
Active:           349004 kB
Mem:          3.8G       3.7G       123M       5.7M        28M       3.2G

MemTotal:        4016004 kB
MemFree:          125664 kB
Active:           349044 kB
Mem:          3.8G       3.7G       123M       5.7M        28M       3.2G

MemTotal:        4016004 kB
MemFree:          126036 kB
Active:           349032 kB
Mem:          3.8G       3.7G       122M       5.7M        28M       3.2G

MemTotal:        4016004 kB
MemFree:          126036 kB
Active:           349028 kB
Mem:          3.8G       3.7G       122M       5.7M        28M       3.2G

MemTotal:        4016004 kB
MemFree:          125664 kB
Active:           349044 kB
Mem:          3.8G       3.7G       122M       5.7M        28M       3.2G

MemTotal:        4016004 kB
MemFree:          126160 kB
Active:           349016 kB
Mem:          3.8G       3.7G       123M       5.7M        28M       3.2G

MemTotal:        4016004 kB
MemFree:          126036 kB
Active:           349048 kB
Mem:          3.8G       3.7G       123M       5.7M        28M       3.2G

MemTotal:        4016004 kB
MemFree:          126036 kB
Active:           349004 kB
Mem:          3.8G       3.7G       123M       5.7M        28M       3.2G

MemTotal:        4016004 kB
MemFree:          125912 kB
Active:           349020 kB
Mem:          3.8G       3.7G       122M       5.7M        28M       3.2G

MemTotal:        4016004 kB
MemFree:          125912 kB
Active:           349024 kB
Mem:          3.8G       3.7G       122M       5.7M        28M       3.2G

MemTotal:        4016004 kB
MemFree:          125664 kB
Active:           349060 kB
Mem:          3.8G       3.7G       123M       5.7M        28M       3.2G

MemTotal:        4016004 kB
MemFree:          126036 kB
Active:           349016 kB
Mem:          3.8G       3.7G       122M       5.7M        28M       3.2G

MemTotal:        4016004 kB
MemFree:          126036 kB
Active:           349036 kB
Mem:          3.8G       3.7G       122M       5.7M        28M       3.2G

MemTotal:        4016004 kB
MemFree:          125664 kB
Active:           349060 kB
Mem:          3.8G       3.7G       122M       5.7M        28M       3.2G

MemTotal:        4016004 kB
MemFree:          126036 kB
Active:           349020 kB
Mem:          3.8G       3.7G       123M       5.7M        28M       3.2G

MemTotal:        4016004 kB
MemFree:          125912 kB
Active:           349020 kB
Mem:          3.8G       3.7G       122M       5.7M        28M       3.2G

MemTotal:        4016004 kB
MemFree:          125540 kB
Active:           349072 kB
Mem:          3.8G       3.7G       122M       5.7M        28M       3.2G

MemTotal:        4016004 kB
MemFree:          125912 kB
Active:           349072 kB
Mem:          3.8G       3.7G       122M       5.7M        28M       3.2G

MemTotal:        4016004 kB
MemFree:          125912 kB
Active:           349064 kB
Mem:          3.8G       3.7G       122M       5.7M        28M       3.2G

MemTotal:        4016004 kB
MemFree:          125912 kB
Active:           349064 kB
Mem:          3.8G       3.7G       122M       5.7M        28M       3.2G

MemTotal:        4016004 kB
MemFree:          125912 kB
Active:           349068 kB
Mem:          3.8G       3.7G       122M       5.7M        28M       3.2G

MemTotal:        4016004 kB
MemFree:          125664 kB
Active:           349040 kB
Mem:          3.8G       3.7G       122M       5.7M        28M       3.2G

MemTotal:        4016004 kB
MemFree:          125664 kB
Active:           349072 kB
Mem:          3.8G       3.7G       122M       5.7M        28M       3.2G

MemTotal:        4016004 kB
MemFree:          125912 kB
Active:           349060 kB
Mem:          3.8G       3.7G       122M       5.7M        28M       3.2G

MemTotal:        4016004 kB
MemFree:          125912 kB
Active:           349040 kB
Mem:          3.8G       3.7G       122M       5.7M        28M       3.2G

MemTotal:        4016004 kB
MemFree:          126036 kB
Active:           349084 kB
Mem:          3.8G       3.7G       123M       5.7M        28M       3.2G

MemTotal:        4016004 kB
MemFree:          126036 kB
Active:           349040 kB
Mem:          3.8G       3.7G       122M       5.7M        28M       3.2G

MemTotal:        4016004 kB
MemFree:          125912 kB
Active:           349052 kB
Mem:          3.8G       3.7G       122M       5.7M        28M       3.2G

MemTotal:        4016004 kB
MemFree:          125912 kB
Active:           349072 kB
Mem:          3.8G       3.7G       122M       5.7M        28M       3.2G

MemTotal:        4016004 kB
MemFree:          126036 kB
Active:           349092 kB
Mem:          3.8G       3.7G       122M       5.7M        28M       3.2G

MemTotal:        4016004 kB
MemFree:          125664 kB
Active:           349092 kB
Mem:          3.8G       3.7G       122M       5.7M        28M       3.2G

MemTotal:        4016004 kB
MemFree:          126160 kB
Active:           349076 kB
Mem:          3.8G       3.7G       123M       5.7M        28M       3.2G

MemTotal:        4016004 kB
MemFree:          125664 kB
Active:           349092 kB
Mem:          3.8G       3.7G       123M       5.7M        28M       3.2G

MemTotal:        4016004 kB
MemFree:          126036 kB
Active:           349060 kB
Mem:          3.8G       3.7G       122M       5.7M        28M       3.2G

MemTotal:        4016004 kB
MemFree:          125912 kB
Active:           349072 kB
Mem:          3.8G       3.7G       122M       5.7M        28M       3.2G

MemTotal:        4016004 kB
MemFree:          126036 kB
Active:           349092 kB
Mem:          3.8G       3.7G       122M       5.7M        28M       3.2G

MemTotal:        4016004 kB
MemFree:          125912 kB
Active:           349068 kB
Mem:          3.8G       3.7G       122M       5.7M        28M       3.2G

MemTotal:        4016004 kB
MemFree:          125912 kB
Active:           349076 kB
Mem:          3.8G       3.7G       122M       5.7M        28M       3.2G

MemTotal:        4016004 kB
MemFree:          125912 kB
Active:           349056 kB
Mem:          3.8G       3.7G       122M       5.7M        28M       3.2G

MemTotal:        4016004 kB
MemFree:          126456 kB
Active:           348908 kB
Mem:          3.8G       3.7G       123M       5.7M        28M       3.2G

MemTotal:        4016004 kB
MemFree:          126816 kB
Active:           348600 kB
Mem:          3.8G       3.7G       123M       5.7M        28M       3.2G

MemTotal:        4016004 kB
MemFree:          126568 kB
Active:           348664 kB
Mem:          3.8G       3.7G       123M       5.7M        28M       3.2G

MemTotal:        4016004 kB
MemFree:          126816 kB
Active:           348648 kB
Mem:          3.8G       3.7G       123M       5.7M        28M       3.2G

MemTotal:        4016004 kB
MemFree:          126816 kB
Active:           348632 kB
Mem:          3.8G       3.7G       123M       5.7M        28M       3.2G

MemTotal:        4016004 kB
MemFree:          126816 kB
Active:           348612 kB
Mem:          3.8G       3.7G       123M       5.7M        28M       3.2G

MemTotal:        4016004 kB
MemFree:          126444 kB
Active:           348668 kB
Mem:          3.8G       3.7G       123M       5.7M        28M       3.2G

MemTotal:        4016004 kB
MemFree:          126568 kB
Active:           348668 kB
Mem:          3.8G       3.7G       123M       5.7M        28M       3.2G

MemTotal:        4016004 kB
MemFree:          126568 kB
Active:           348648 kB
Mem:          3.8G       3.7G       123M       5.7M        28M       3.2G

MemTotal:        4016004 kB
MemFree:          126196 kB
Active:           348684 kB
Mem:          3.8G       3.7G       123M       5.7M        28M       3.2G

MemTotal:        4016004 kB
MemFree:          125700 kB
Active:           348688 kB
Mem:          3.8G       3.7G       122M       5.7M        28M       3.2G

MemTotal:        4016004 kB
MemFree:          125700 kB
Active:           348688 kB
Mem:          3.8G       3.7G       123M       5.7M        28M       3.2G

MemTotal:        4016004 kB
MemFree:          126196 kB
Active:           348652 kB
Mem:          3.8G       3.7G       122M       5.7M        28M       3.2G

MemTotal:        4016004 kB
MemFree:          125576 kB
Active:           348688 kB
Mem:          3.8G       3.7G       122M       5.7M        28M       3.2G

MemTotal:        4016004 kB
MemFree:          126072 kB
Active:           348656 kB
Mem:          3.8G       3.7G       123M       5.7M        28M       3.2G

MemTotal:        4016004 kB
MemFree:          126228 kB
Active:           348672 kB
Mem:          3.8G       3.7G       123M       5.7M        28M       3.2G

MemTotal:        4016004 kB
MemFree:          126600 kB
Active:           348660 kB
Mem:          3.8G       3.7G       123M       5.7M        28M       3.2G

MemTotal:        4016004 kB
MemFree:          126228 kB
Active:           348696 kB
Mem:          3.8G       3.7G       123M       5.7M        28M       3.2G

MemTotal:        4016004 kB
MemFree:          126476 kB
Active:           348668 kB
Mem:          3.8G       3.7G       123M       5.7M        28M       3.2G

MemTotal:        4016004 kB
MemFree:          126476 kB
Active:           348652 kB
Mem:          3.8G       3.7G       123M       5.7M        28M       3.2G

MemTotal:        4016004 kB
MemFree:          126600 kB
Active:           348640 kB
Mem:          3.8G       3.7G       123M       5.7M        28M       3.2G

MemTotal:        4016004 kB
MemFree:          126228 kB
Active:           348704 kB
Mem:          3.8G       3.7G       123M       5.7M        28M       3.2G

MemTotal:        4016004 kB
MemFree:          126476 kB
Active:           348700 kB
Mem:          3.8G       3.7G       123M       5.7M        28M       3.2G

MemTotal:        4016004 kB
MemFree:          125980 kB
Active:           348708 kB
Mem:          3.8G       3.7G       123M       5.7M        28M       3.2G

MemTotal:        4016004 kB
MemFree:          125732 kB
Active:           348712 kB
Mem:          3.8G       3.7G       122M       5.7M        28M       3.2G

MemTotal:        4016004 kB
MemFree:          125856 kB
Active:           348688 kB
Mem:          3.8G       3.7G       122M       5.7M        28M       3.2G

MemTotal:        4016004 kB
MemFree:          125980 kB
Active:           348672 kB
Mem:          3.8G       3.7G       123M       5.7M        28M       3.2G

MemTotal:        4016004 kB
MemFree:          125856 kB
Active:           348720 kB
Mem:          3.8G       3.7G       122M       5.7M        28M       3.2G

MemTotal:        4016004 kB
MemFree:          126104 kB
Active:           348668 kB
Mem:          3.8G       3.7G       122M       5.7M        28M       3.2G

MemTotal:        4016004 kB
MemFree:          125732 kB
Active:           348720 kB
