MemTotal:        4016004 kB
MemFree:         3212792 kB
Active:           448256 kB
Mem:          3.8G       784M       3.1G       5.7M        55M       327M

MemTotal:        4016004 kB
MemFree:         3212916 kB
Active:           448236 kB
Mem:          3.8G       784M       3.1G       5.7M        55M       328M

MemTotal:        4016004 kB
MemFree:         3213272 kB
Active:           448268 kB
Mem:          3.8G       783M       3.1G       5.7M        55M       328M

MemTotal:        4016004 kB
MemFree:         3213008 kB
Active:           448308 kB
Mem:          3.8G       784M       3.1G       5.7M        55M       328M

MemTotal:        4016004 kB
MemFree:         3213300 kB
Active:           446232 kB
Mem:          3.8G       784M       3.1G       5.7M        55M       328M

MemTotal:        4016004 kB
MemFree:         3212988 kB
Active:           448328 kB
Mem:          3.8G       784M       3.1G       5.7M        55M       328M

MemTotal:        4016004 kB
MemFree:         3213328 kB
Active:           448284 kB
Mem:          3.8G       783M       3.1G       5.7M        55M       328M

MemTotal:        4016004 kB
MemFree:         3213204 kB
Active:           448328 kB
Mem:          3.8G       783M       3.1G       5.7M        55M       328M

MemTotal:        4016004 kB
MemFree:         3213328 kB
Active:           448296 kB
Mem:          3.8G       784M       3.1G       5.7M        55M       328M

MemTotal:        4016004 kB
MemFree:         3212972 kB
Active:           448328 kB
Mem:          3.8G       784M       3.1G       5.7M        55M       328M

MemTotal:        4016004 kB
MemFree:         3213344 kB
Active:           448288 kB
Mem:          3.8G       783M       3.1G       5.7M        55M       328M

MemTotal:        4016004 kB
MemFree:         3213220 kB
Active:           448288 kB
Mem:          3.8G       783M       3.1G       5.7M        55M       328M

MemTotal:        4016004 kB
MemFree:         3213220 kB
Active:           448316 kB
Mem:          3.8G       784M       3.1G       5.7M        55M       328M

MemTotal:        4016004 kB
MemFree:         3213220 kB
Active:           448296 kB
Mem:          3.8G       784M       3.1G       5.7M        55M       328M

MemTotal:        4016004 kB
MemFree:         3213252 kB
Active:           448340 kB
Mem:          3.8G       784M       3.1G       5.7M        55M       328M

MemTotal:        4016004 kB
MemFree:         3213252 kB
Active:           448316 kB
Mem:          3.8G       784M       3.1G       5.7M        55M       328M

MemTotal:        4016004 kB
MemFree:         3213748 kB
Active:           448296 kB
Mem:          3.8G       783M       3.1G       5.7M        55M       328M

MemTotal:        4016004 kB
MemFree:         3213608 kB
Active:           448320 kB
Mem:          3.8G       783M       3.1G       5.7M        55M       328M

MemTotal:        4016004 kB
MemFree:         3213564 kB
Active:           448308 kB
Mem:          3.8G       783M       3.1G       5.7M        55M       328M

MemTotal:        4016004 kB
MemFree:         3213812 kB
Active:           448328 kB
Mem:          3.8G       783M       3.1G       5.7M        55M       328M

MemTotal:        4016004 kB
MemFree:         3213316 kB
Active:           448356 kB
Mem:          3.8G       783M       3.1G       5.7M        55M       328M

MemTotal:        4016004 kB
MemFree:         3213796 kB
Active:           448320 kB
Mem:          3.8G       783M       3.1G       5.7M        55M       328M

MemTotal:        4016004 kB
MemFree:         3213656 kB
Active:           448352 kB
Mem:          3.8G       783M       3.1G       5.7M        55M       328M

MemTotal:        4016004 kB
MemFree:         3213888 kB
Active:           448312 kB
Mem:          3.8G       783M       3.1G       5.7M        55M       328M

MemTotal:        4016004 kB
MemFree:         3213552 kB
Active:           446252 kB
Mem:          3.8G       783M       3.1G       5.7M        55M       328M

MemTotal:        4016004 kB
MemFree:         3213536 kB
Active:           448328 kB
Mem:          3.8G       783M       3.1G       5.7M        55M       328M

MemTotal:        4016004 kB
MemFree:         3213552 kB
Active:           448308 kB
Mem:          3.8G       783M       3.1G       5.7M        55M       328M

MemTotal:        4016004 kB
MemFree:         3213304 kB
Active:           448360 kB
Mem:          3.8G       784M       3.1G       5.7M        55M       328M

MemTotal:        4016004 kB
MemFree:         3213056 kB
Active:           448308 kB
Mem:          3.8G       784M       3.1G       5.7M        55M       328M

MemTotal:        4016004 kB
MemFree:         3213056 kB
Active:           448340 kB
Mem:          3.8G       784M       3.1G       5.7M        55M       328M

MemTotal:        4016004 kB
MemFree:         3213056 kB
Active:           448308 kB
Mem:          3.8G       784M       3.1G       5.7M        55M       328M

MemTotal:        4016004 kB
MemFree:         3212932 kB
Active:           448368 kB
Mem:          3.8G       784M       3.1G       5.7M        55M       328M

MemTotal:        4016004 kB
MemFree:         3213056 kB
Active:           448348 kB
Mem:          3.8G       784M       3.1G       5.7M        55M       328M

MemTotal:        4016004 kB
MemFree:         3213164 kB
Active:           448356 kB
Mem:          3.8G       783M       3.1G       5.7M        55M       328M

MemTotal:        4016004 kB
MemFree:         3211320 kB
Active:           448332 kB
Mem:          3.8G       785M       3.1G       5.7M        55M       328M

MemTotal:        4016004 kB
MemFree:         3211444 kB
Active:           450360 kB
Mem:          3.8G       785M       3.1G       5.7M        55M       328M

MemTotal:        4016004 kB
MemFree:         3211568 kB
Active:           450388 kB
Mem:          3.8G       785M       3.1G       5.7M        55M       328M

MemTotal:        4016004 kB
MemFree:         3210948 kB
Active:           450416 kB
Mem:          3.8G       785M       3.1G       5.7M        55M       328M

MemTotal:        4016004 kB
MemFree:         3211428 kB
Active:           450408 kB
Mem:          3.8G       785M       3.1G       5.7M        55M       328M

MemTotal:        4016004 kB
MemFree:         3211412 kB
Active:           450380 kB
Mem:          3.8G       785M       3.1G       5.7M        55M       328M

MemTotal:        4016004 kB
MemFree:         3211520 kB
Active:           450416 kB
Mem:          3.8G       785M       3.1G       5.7M        55M       328M

MemTotal:        4016004 kB
MemFree:         3211256 kB
Active:           450408 kB
Mem:          3.8G       785M       3.1G       5.7M        55M       328M

MemTotal:        4016004 kB
MemFree:         3211364 kB
Active:           450420 kB
Mem:          3.8G       785M       3.1G       5.7M        55M       328M

MemTotal:        4016004 kB
MemFree:         3211504 kB
Active:           450384 kB
Mem:          3.8G       785M       3.1G       5.7M        55M       328M

MemTotal:        4016004 kB
MemFree:         3211068 kB
Active:           448504 kB
Mem:          3.8G       786M       3.1G       5.7M        55M       328M

MemTotal:        4016004 kB
MemFree:         3210944 kB
Active:           448508 kB
Mem:          3.8G       786M       3.1G       5.7M        55M       328M

MemTotal:        4016004 kB
MemFree:         3211316 kB
Active:           450508 kB
Mem:          3.8G       785M       3.1G       5.7M        55M       328M

MemTotal:        4016004 kB
MemFree:         3210944 kB
Active:           450556 kB
Mem:          3.8G       786M       3.1G       5.7M        55M       328M

MemTotal:        4016004 kB
MemFree:         3211316 kB
Active:           450540 kB
Mem:          3.8G       785M       3.1G       5.7M        55M       328M

MemTotal:        4016004 kB
MemFree:         3211440 kB
Active:           450544 kB
Mem:          3.8G       785M       3.1G       5.7M        55M       328M

MemTotal:        4016004 kB
MemFree:         3211068 kB
Active:           450568 kB
Mem:          3.8G       786M       3.1G       5.7M        55M       328M

MemTotal:        4016004 kB
MemFree:         3211192 kB
Active:           450516 kB
Mem:          3.8G       785M       3.1G       5.7M        55M       328M

MemTotal:        4016004 kB
MemFree:         3211052 kB
Active:           450580 kB
Mem:          3.8G       786M       3.1G       5.7M        55M       328M

MemTotal:        4016004 kB
MemFree:         3211256 kB
Active:           450548 kB
Mem:          3.8G       785M       3.1G       5.7M        55M       328M

MemTotal:        4016004 kB
MemFree:         3211132 kB
Active:           450544 kB
Mem:          3.8G       786M       3.1G       5.7M        55M       328M

MemTotal:        4016004 kB
MemFree:         3211132 kB
Active:           450568 kB
Mem:          3.8G       786M       3.1G       5.7M        55M       328M

MemTotal:        4016004 kB
MemFree:         3211256 kB
Active:           450540 kB
Mem:          3.8G       786M       3.1G       5.7M        55M       328M

MemTotal:        4016004 kB
MemFree:         3210504 kB
Active:           450588 kB
Mem:          3.8G       786M       3.1G       5.7M        55M       328M

MemTotal:        4016004 kB
MemFree:         3210720 kB
Active:           450588 kB
Mem:          3.8G       786M       3.1G       5.7M        55M       328M

MemTotal:        4016004 kB
MemFree:         3210564 kB
Active:           450596 kB
Mem:          3.8G       786M       3.1G       5.7M        55M       328M

MemTotal:        4016004 kB
MemFree:         3210920 kB
Active:           450552 kB
Mem:          3.8G       786M       3.1G       5.7M        55M       328M

MemTotal:        4016004 kB
MemFree:         3210532 kB
Active:           450596 kB
Mem:          3.8G       786M       3.1G       5.7M        55M       328M

MemTotal:        4016004 kB
MemFree:         3210764 kB
Active:           450552 kB
Mem:          3.8G       786M       3.1G       5.7M        55M       328M

MemTotal:        4016004 kB
MemFree:         3210796 kB
Active:           450568 kB
Mem:          3.8G       786M       3.1G       5.7M        55M       328M

MemTotal:        4016004 kB
MemFree:         3208500 kB
Active:           450580 kB
Mem:          3.8G       788M       3.1G       5.7M        55M       328M

MemTotal:        4016004 kB
MemFree:         3208624 kB
Active:           452616 kB
Mem:          3.8G       788M       3.1G       5.7M        55M       328M

MemTotal:        4016004 kB
MemFree:         3208624 kB
Active:           452592 kB
Mem:          3.8G       788M       3.1G       5.7M        55M       328M

MemTotal:        4016004 kB
MemFree:         3208252 kB
Active:           452628 kB
Mem:          3.8G       788M       3.1G       5.7M        55M       328M

MemTotal:        4016004 kB
MemFree:         3208624 kB
Active:           452588 kB
Mem:          3.8G       788M       3.1G       5.7M        55M       328M

MemTotal:        4016004 kB
MemFree:         3208252 kB
Active:           452628 kB
Mem:          3.8G       788M       3.1G       5.7M        55M       328M

MemTotal:        4016004 kB
MemFree:         3208500 kB
Active:           452580 kB
Mem:          3.8G       788M       3.1G       5.7M        55M       328M

MemTotal:        4016004 kB
MemFree:         3208252 kB
Active:           452632 kB
Mem:          3.8G       788M       3.1G       5.7M        55M       328M

MemTotal:        4016004 kB
MemFree:         3208128 kB
Active:           452632 kB
Mem:          3.8G       788M       3.1G       5.7M        55M       328M

MemTotal:        4016004 kB
MemFree:         3208252 kB
Active:           452584 kB
Mem:          3.8G       789M       3.1G       5.7M        55M       328M

MemTotal:        4016004 kB
MemFree:         3208500 kB
Active:           452588 kB
Mem:          3.8G       788M       3.1G       5.7M        55M       328M

MemTotal:        4016004 kB
MemFree:         3208748 kB
Active:           452612 kB
Mem:          3.8G       788M       3.1G       5.7M        55M       328M

MemTotal:        4016004 kB
MemFree:         3208484 kB
Active:           452640 kB
Mem:          3.8G       788M       3.1G       5.7M        55M       328M

MemTotal:        4016004 kB
MemFree:         3208564 kB
Active:           452640 kB
Mem:          3.8G       788M       3.1G       5.7M        55M       328M

MemTotal:        4016004 kB
MemFree:         3209060 kB
Active:           452588 kB
Mem:          3.8G       788M       3.1G       5.7M        55M       328M

MemTotal:        4016004 kB
MemFree:         3208936 kB
Active:           452636 kB
Mem:          3.8G       788M       3.1G       5.7M        55M       328M

MemTotal:        4016004 kB
MemFree:         3208936 kB
Active:           452604 kB
Mem:          3.8G       788M       3.1G       5.7M        55M       328M

MemTotal:        4016004 kB
MemFree:         3208672 kB
Active:           452640 kB
Mem:          3.8G       788M       3.1G       5.7M        55M       328M

MemTotal:        4016004 kB
MemFree:         3208796 kB
Active:           452604 kB
Mem:          3.8G       788M       3.1G       5.7M        55M       328M

MemTotal:        4016004 kB
MemFree:         3208780 kB
Active:           452624 kB
Mem:          3.8G       788M       3.1G       5.7M        55M       328M

MemTotal:        4016004 kB
MemFree:         3206964 kB
Active:           452588 kB
Mem:          3.8G       790M       3.1G       5.7M        55M       328M

MemTotal:        4016004 kB
MemFree:         3206624 kB
Active:           454676 kB
Mem:          3.8G       790M       3.1G       5.7M        55M       328M

MemTotal:        4016004 kB
MemFree:         3206500 kB
Active:           454676 kB
Mem:          3.8G       790M       3.1G       5.7M        55M       328M

MemTotal:        4016004 kB
MemFree:         3206996 kB
Active:           454640 kB
Mem:          3.8G       789M       3.1G       5.7M        55M       328M

MemTotal:        4016004 kB
MemFree:         3206624 kB
Active:           454684 kB
Mem:          3.8G       790M       3.1G       5.7M        55M       328M

MemTotal:        4016004 kB
MemFree:         3206748 kB
Active:           454684 kB
Mem:          3.8G       790M       3.1G       5.7M        55M       328M

MemTotal:        4016004 kB
MemFree:         3206996 kB
Active:           454656 kB
Mem:          3.8G       790M       3.1G       5.7M        55M       328M

MemTotal:        4016004 kB
MemFree:         3206872 kB
Active:           454688 kB
Mem:          3.8G       790M       3.1G       5.7M        55M       328M

MemTotal:        4016004 kB
MemFree:         3206732 kB
Active:           454688 kB
Mem:          3.8G       790M       3.1G       5.7M        55M       328M

MemTotal:        4016004 kB
MemFree:         3207088 kB
Active:           454648 kB
Mem:          3.8G       789M       3.1G       5.7M        55M       328M

MemTotal:        4016004 kB
MemFree:         3207152 kB
Active:           454664 kB
Mem:          3.8G       789M       3.1G       5.7M        55M       328M

MemTotal:        4016004 kB
MemFree:         3206780 kB
Active:           454688 kB
Mem:          3.8G       790M       3.1G       5.7M        55M       328M

MemTotal:        4016004 kB
MemFree:         3207152 kB
Active:           454676 kB
Mem:          3.8G       789M       3.1G       5.7M        55M       328M

MemTotal:        4016004 kB
MemFree:         3207028 kB
Active:           454680 kB
Mem:          3.8G       789M       3.1G       5.7M        55M       328M

MemTotal:        4016004 kB
MemFree:         3207260 kB
Active:           454696 kB
Mem:          3.8G       789M       3.1G       5.7M        55M       328M

MemTotal:        4016004 kB
MemFree:         3207120 kB
Active:           454648 kB
Mem:          3.8G       790M       3.1G       5.7M        55M       328M

MemTotal:        4016004 kB
MemFree:         3206328 kB
Active:           454852 kB
Mem:          3.8G       790M       3.1G       5.7M        55M       328M

MemTotal:        4016004 kB
MemFree:         3166780 kB
Active:           455660 kB
Mem:          3.8G       829M       3.0G       5.7M        55M       366M

MemTotal:        4016004 kB
MemFree:         3123868 kB
Active:           455692 kB
Mem:          3.8G       871M       3.0G       5.7M        55M       408M

MemTotal:        4016004 kB
MemFree:         3082140 kB
Active:           455712 kB
Mem:          3.8G       913M       2.9G       5.7M        55M       449M

MemTotal:        4016004 kB
MemFree:         3038256 kB
Active:           455740 kB
Mem:          3.8G       955M       2.9G       5.7M        55M       490M

MemTotal:        4016004 kB
MemFree:         2994760 kB
Active:           455760 kB
Mem:          3.8G       997M       2.9G       5.7M        55M       532M

MemTotal:        4016004 kB
MemFree:         2951372 kB
Active:           455784 kB
Mem:          3.8G       1.0G       2.8G       5.7M        55M       573M

MemTotal:        4016004 kB
MemFree:         2908140 kB
Active:           455808 kB
Mem:          3.8G       1.1G       2.8G       5.7M        55M       615M

MemTotal:        4016004 kB
MemFree:         2866008 kB
Active:           455828 kB
Mem:          3.8G       1.1G       2.7G       5.7M        55M       656M

MemTotal:        4016004 kB
MemFree:         2822604 kB
Active:           455852 kB
Mem:          3.8G       1.1G       2.7G       5.7M        55M       696M

MemTotal:        4016004 kB
MemFree:         2779868 kB
Active:           455872 kB
Mem:          3.8G       1.2G       2.7G       5.7M        55M       738M

MemTotal:        4016004 kB
MemFree:         2737712 kB
Active:           455892 kB
Mem:          3.8G       1.2G       2.6G       5.7M        55M       779M

MemTotal:        4016004 kB
MemFree:         2735716 kB
Active:           455860 kB
Mem:          3.8G       1.2G       2.6G       5.7M        55M       780M

MemTotal:        4016004 kB
MemFree:         2735672 kB
Active:           455900 kB
Mem:          3.8G       1.2G       2.6G       5.7M        55M       780M

MemTotal:        4016004 kB
MemFree:         2714040 kB
Active:           455916 kB
Mem:          3.8G       1.2G       2.6G       5.7M        55M       801M

MemTotal:        4016004 kB
MemFree:         2670544 kB
Active:           455936 kB
Mem:          3.8G       1.3G       2.5G       5.7M        55M       843M

MemTotal:        4016004 kB
MemFree:         2627068 kB
Active:           455972 kB
Mem:          3.8G       1.3G       2.5G       5.7M        55M       884M

MemTotal:        4016004 kB
MemFree:         2583876 kB
Active:           456000 kB
Mem:          3.8G       1.4G       2.5G       5.7M        55M       926M

MemTotal:        4016004 kB
MemFree:         2540604 kB
Active:           456024 kB
Mem:          3.8G       1.4G       2.4G       5.7M        55M       968M

MemTotal:        4016004 kB
MemFree:         2498736 kB
Active:           456048 kB
Mem:          3.8G       1.4G       2.4G       5.7M        55M       1.0G

MemTotal:        4016004 kB
MemFree:         2456216 kB
Active:           456072 kB
Mem:          3.8G       1.5G       2.3G       5.7M        55M       1.0G

MemTotal:        4016004 kB
MemFree:         2413340 kB
Active:           456096 kB
Mem:          3.8G       1.5G       2.3G       5.7M        55M       1.1G

MemTotal:        4016004 kB
MemFree:         2371084 kB
Active:           456116 kB
Mem:          3.8G       1.6G       2.3G       5.7M        55M       1.1G

MemTotal:        4016004 kB
MemFree:         2328084 kB
Active:           456084 kB
Mem:          3.8G       1.6G       2.2G       5.7M        55M       1.1G

MemTotal:        4016004 kB
MemFree:         2286208 kB
Active:           456212 kB
Mem:          3.8G       1.7G       2.2G       5.7M        55M       1.2G

MemTotal:        4016004 kB
MemFree:         2242852 kB
Active:           456288 kB
Mem:          3.8G       1.7G       2.1G       5.7M        55M       1.2G

MemTotal:        4016004 kB
MemFree:         2198628 kB
Active:           456316 kB
Mem:          3.8G       1.7G       2.1G       5.7M        55M       1.3G

MemTotal:        4016004 kB
MemFree:         2157692 kB
Active:           456344 kB
Mem:          3.8G       1.8G       2.1G       5.7M        55M       1.3G

MemTotal:        4016004 kB
MemFree:         2114196 kB
Active:           456340 kB
Mem:          3.8G       1.8G       2.0G       5.7M        55M       1.3G

MemTotal:        4016004 kB
MemFree:         2073092 kB
Active:           456392 kB
Mem:          3.8G       1.9G       2.0G       5.7M        55M       1.4G

MemTotal:        4016004 kB
MemFree:         2028392 kB
Active:           456444 kB
Mem:          3.8G       1.9G       1.9G       5.7M        55M       1.4G

MemTotal:        4016004 kB
MemFree:         1984688 kB
Active:           456464 kB
Mem:          3.8G       1.9G       1.9G       5.7M        55M       1.5G

MemTotal:        4016004 kB
MemFree:         1941068 kB
Active:           456488 kB
Mem:          3.8G       2.0G       1.9G       5.7M        55M       1.5G

MemTotal:        4016004 kB
MemFree:         1898228 kB
Active:           456512 kB
Mem:          3.8G       2.0G       1.8G       5.7M        55M       1.5G

MemTotal:        4016004 kB
MemFree:         1853772 kB
Active:           454488 kB
Mem:          3.8G       2.1G       1.8G       5.7M        55M       1.6G

MemTotal:        4016004 kB
MemFree:         1813608 kB
Active:           456556 kB
Mem:          3.8G       2.1G       1.7G       5.7M        56M       1.6G

MemTotal:        4016004 kB
MemFree:         1769756 kB
Active:           456588 kB
Mem:          3.8G       2.1G       1.7G       5.7M        56M       1.7G

MemTotal:        4016004 kB
MemFree:         1727252 kB
Active:           456612 kB
Mem:          3.8G       2.2G       1.6G       5.7M        56M       1.7G

MemTotal:        4016004 kB
MemFree:         1684980 kB
Active:           456632 kB
Mem:          3.8G       2.2G       1.6G       5.7M        56M       1.7G

MemTotal:        4016004 kB
MemFree:         1641916 kB
Active:           456664 kB
Mem:          3.8G       2.3G       1.6G       5.7M        56M       1.8G

MemTotal:        4016004 kB
MemFree:         1598604 kB
Active:           456656 kB
Mem:          3.8G       2.3G       1.5G       5.7M        56M       1.8G

MemTotal:        4016004 kB
MemFree:         1556272 kB
Active:           456724 kB
Mem:          3.8G       2.3G       1.5G       5.7M        56M       1.9G

MemTotal:        4016004 kB
MemFree:         1554428 kB
Active:           456728 kB
Mem:          3.8G       2.3G       1.5G       5.7M        56M       1.9G

MemTotal:        4016004 kB
MemFree:         1554308 kB
Active:           456728 kB
Mem:          3.8G       2.3G       1.5G       5.7M        56M       1.9G

MemTotal:        4016004 kB
MemFree:         1553756 kB
Active:           456732 kB
Mem:          3.8G       2.3G       1.5G       5.7M        56M       1.9G

MemTotal:        4016004 kB
MemFree:         1521452 kB
Active:           456752 kB
Mem:          3.8G       2.4G       1.5G       5.7M        56M       1.9G

MemTotal:        4016004 kB
MemFree:         1478948 kB
Active:           456772 kB
Mem:          3.8G       2.4G       1.4G       5.7M        56M       1.9G

MemTotal:        4016004 kB
MemFree:         1436184 kB
Active:           456748 kB
Mem:          3.8G       2.5G       1.4G       5.7M        56M       2.0G

MemTotal:        4016004 kB
MemFree:         1393356 kB
Active:           456824 kB
Mem:          3.8G       2.5G       1.3G       5.7M        56M       2.0G

MemTotal:        4016004 kB
MemFree:         1351736 kB
Active:           456844 kB
Mem:          3.8G       2.5G       1.3G       5.7M        56M       2.1G

MemTotal:        4016004 kB
MemFree:         1308488 kB
Active:           456868 kB
Mem:          3.8G       2.6G       1.2G       5.7M        56M       2.1G

MemTotal:        4016004 kB
MemFree:         1265364 kB
Active:           456892 kB
Mem:          3.8G       2.6G       1.2G       5.7M        56M       2.1G

MemTotal:        4016004 kB
MemFree:         1223728 kB
Active:           456924 kB
Mem:          3.8G       2.7G       1.2G       5.7M        56M       2.2G

MemTotal:        4016004 kB
MemFree:         1180696 kB
Active:           456948 kB
Mem:          3.8G       2.7G       1.1G       5.7M        56M       2.2G

MemTotal:        4016004 kB
MemFree:         1136456 kB
Active:           456980 kB
Mem:          3.8G       2.7G       1.1G       5.7M        56M       2.3G

MemTotal:        4016004 kB
MemFree:         1093024 kB
Active:           456996 kB
Mem:          3.8G       2.8G       1.0G       5.7M        56M       2.3G

MemTotal:        4016004 kB
MemFree:         1051512 kB
Active:           457024 kB
Mem:          3.8G       2.8G       1.0G       5.7M        56M       2.3G

MemTotal:        4016004 kB
MemFree:         1009884 kB
Active:           457052 kB
Mem:          3.8G       2.9G       984M       5.7M        56M       2.4G

MemTotal:        4016004 kB
MemFree:          966192 kB
Active:           457080 kB
Mem:          3.8G       2.9G       943M       5.7M        56M       2.4G

MemTotal:        4016004 kB
MemFree:          923352 kB
Active:           457120 kB
Mem:          3.8G       2.9G       901M       5.7M        56M       2.5G

MemTotal:        4016004 kB
MemFree:          880192 kB
Active:           457140 kB
Mem:          3.8G       3.0G       859M       5.7M        56M       2.5G

MemTotal:        4016004 kB
MemFree:          837120 kB
Active:           457160 kB
Mem:          3.8G       3.0G       817M       5.7M        56M       2.5G

MemTotal:        4016004 kB
MemFree:          794840 kB
Active:           457180 kB
Mem:          3.8G       3.1G       776M       5.7M        56M       2.6G

MemTotal:        4016004 kB
MemFree:          751840 kB
Active:           457212 kB
Mem:          3.8G       3.1G       733M       5.7M        56M       2.6G

MemTotal:        4016004 kB
MemFree:          706004 kB
Active:           457236 kB
Mem:          3.8G       3.2G       689M       5.7M        56M       2.7G

MemTotal:        4016004 kB
MemFree:          664616 kB
Active:           457256 kB
Mem:          3.8G       3.2G       648M       5.7M        56M       2.7G

MemTotal:        4016004 kB
MemFree:          620748 kB
Active:           457276 kB
Mem:          3.8G       3.2G       605M       5.7M        56M       2.7G

MemTotal:        4016004 kB
MemFree:          577204 kB
Active:           457324 kB
Mem:          3.8G       3.3G       563M       5.7M        56M       2.8G

MemTotal:        4016004 kB
MemFree:          533184 kB
Active:           457340 kB
Mem:          3.8G       3.3G       520M       5.7M        56M       2.8G

MemTotal:        4016004 kB
MemFree:          491924 kB
Active:           457360 kB
Mem:          3.8G       3.4G       480M       5.7M        56M       2.9G

MemTotal:        4016004 kB
MemFree:          449024 kB
Active:           457384 kB
Mem:          3.8G       3.4G       438M       5.7M        56M       2.9G

MemTotal:        4016004 kB
MemFree:          405428 kB
Active:           457404 kB
Mem:          3.8G       3.4G       395M       5.7M        56M       3.0G

MemTotal:        4016004 kB
MemFree:          361548 kB
Active:           457444 kB
Mem:          3.8G       3.5G       352M       5.7M        56M       3.0G

MemTotal:        4016004 kB
MemFree:          317540 kB
Active:           457484 kB
Mem:          3.8G       3.5G       309M       5.7M        56M       3.0G

MemTotal:        4016004 kB
MemFree:          276140 kB
Active:           457504 kB
Mem:          3.8G       3.6G       268M       5.7M        56M       3.1G

MemTotal:        4016004 kB
MemFree:          233192 kB
Active:           457520 kB
Mem:          3.8G       3.6G       227M       5.7M        56M       3.1G

MemTotal:        4016004 kB
MemFree:          190320 kB
Active:           457544 kB
Mem:          3.8G       3.6G       185M       5.7M        56M       3.2G

MemTotal:        4016004 kB
MemFree:          146592 kB
Active:           457404 kB
Mem:          3.8G       3.7G       142M       5.7M        56M       3.2G

MemTotal:        4016004 kB
MemFree:          105416 kB
Active:           460112 kB
Mem:          3.8G       3.7G       122M       5.7M        36M       3.2G

MemTotal:        4016004 kB
MemFree:          132976 kB
Active:           471160 kB
Mem:          3.8G       3.7G       129M       5.7M        26M       3.2G

MemTotal:        4016004 kB
MemFree:          153500 kB
Active:           521348 kB
Mem:          3.8G       3.7G       148M       5.7M        26M       3.2G

MemTotal:        4016004 kB
MemFree:          110828 kB
Active:           521376 kB
Mem:          3.8G       3.7G       107M       5.7M        26M       3.3G

MemTotal:        4016004 kB
MemFree:          122868 kB
Active:           510872 kB
Mem:          3.8G       3.7G       117M       5.7M        29M       3.2G

MemTotal:        4016004 kB
MemFree:          113312 kB
Active:           507676 kB
Mem:          3.8G       3.7G       110M       5.7M        29M       3.2G

MemTotal:        4016004 kB
MemFree:          118020 kB
Active:           501176 kB
Mem:          3.8G       3.7G       115M       5.7M        29M       3.2G

MemTotal:        4016004 kB
MemFree:          121732 kB
Active:           496176 kB
Mem:          3.8G       3.7G       118M       5.7M        29M       3.2G

MemTotal:        4016004 kB
MemFree:          135768 kB
Active:           490728 kB
Mem:          3.8G       3.7G       132M       5.7M        29M       3.2G

MemTotal:        4016004 kB
MemFree:          130900 kB
Active:           486640 kB
Mem:          3.8G       3.7G       127M       5.7M        29M       3.2G

MemTotal:        4016004 kB
MemFree:          128984 kB
Active:           479784 kB
Mem:          3.8G       3.7G       130M       5.7M        29M       3.2G

MemTotal:        4016004 kB
MemFree:          127500 kB
Active:           476212 kB
Mem:          3.8G       3.7G       124M       5.7M        29M       3.2G

MemTotal:        4016004 kB
MemFree:          104792 kB
Active:           472628 kB
Mem:          3.8G       3.7G       113M       5.7M        29M       3.2G

MemTotal:        4016004 kB
MemFree:          125272 kB
Active:           469560 kB
Mem:          3.8G       3.7G       122M       5.7M        29M       3.2G

MemTotal:        4016004 kB
MemFree:          106796 kB
Active:           468672 kB
Mem:          3.8G       3.7G       103M       5.7M        29M       3.3G

MemTotal:        4016004 kB
MemFree:          124180 kB
Active:           466880 kB
Mem:          3.8G       3.7G       121M       5.7M        29M       3.2G

MemTotal:        4016004 kB
MemFree:          128256 kB
Active:           465220 kB
Mem:          3.8G       3.7G       125M       5.7M        29M       3.2G

MemTotal:        4016004 kB
MemFree:          134076 kB
Active:           463812 kB
Mem:          3.8G       3.7G       130M       5.7M        29M       3.2G

MemTotal:        4016004 kB
MemFree:          140568 kB
Active:           462160 kB
Mem:          3.8G       3.7G       137M       5.7M        29M       3.2G

MemTotal:        4016004 kB
MemFree:          133536 kB
Active:           461144 kB
Mem:          3.8G       3.7G       130M       5.7M        29M       3.2G

MemTotal:        4016004 kB
MemFree:          127576 kB
Active:           459880 kB
Mem:          3.8G       3.7G       123M       5.7M        29M       3.2G

MemTotal:        4016004 kB
MemFree:          133308 kB
Active:           457960 kB
Mem:          3.8G       3.7G       130M       5.7M        29M       3.2G

MemTotal:        4016004 kB
MemFree:          136056 kB
Active:           455920 kB
Mem:          3.8G       3.7G       132M       5.7M        29M       3.2G

MemTotal:        4016004 kB
MemFree:          141160 kB
Active:           452112 kB
Mem:          3.8G       3.7G       137M       5.7M        29M       3.2G

MemTotal:        4016004 kB
MemFree:          132832 kB
Active:           451776 kB
Mem:          3.8G       3.7G       129M       5.7M        29M       3.2G

MemTotal:        4016004 kB
MemFree:          123808 kB
Active:           450452 kB
Mem:          3.8G       3.7G       120M       5.7M        29M       3.2G

MemTotal:        4016004 kB
MemFree:          106812 kB
Active:           448968 kB
Mem:          3.8G       3.7G       103M       5.7M        29M       3.3G

MemTotal:        4016004 kB
MemFree:          133120 kB
Active:           446792 kB
Mem:          3.8G       3.7G       129M       5.7M        29M       3.2G

MemTotal:        4016004 kB
MemFree:          128184 kB
Active:           445648 kB
Mem:          3.8G       3.7G       124M       5.7M        29M       3.2G

MemTotal:        4016004 kB
MemFree:          127688 kB
Active:           445008 kB
Mem:          3.8G       3.7G       124M       5.7M        29M       3.2G

MemTotal:        4016004 kB
MemFree:          105576 kB
Active:           443772 kB
Mem:          3.8G       3.7G       103M       5.7M        29M       3.3G

MemTotal:        4016004 kB
MemFree:          107404 kB
Active:           442220 kB
Mem:          3.8G       3.7G       104M       5.7M        29M       3.3G

MemTotal:        4016004 kB
MemFree:          114500 kB
Active:           440300 kB
Mem:          3.8G       3.7G       111M       5.7M        29M       3.2G

MemTotal:        4016004 kB
MemFree:          106536 kB
Active:           439148 kB
Mem:          3.8G       3.7G       103M       5.7M        29M       3.3G

MemTotal:        4016004 kB
MemFree:          121816 kB
Active:           435844 kB
Mem:          3.8G       3.7G       118M       5.7M        29M       3.2G

MemTotal:        4016004 kB
MemFree:          127664 kB
Active:           436116 kB
Mem:          3.8G       3.7G       124M       5.7M        29M       3.2G

MemTotal:        4016004 kB
MemFree:          126292 kB
Active:           434708 kB
Mem:          3.8G       3.7G       122M       5.7M        29M       3.2G

MemTotal:        4016004 kB
MemFree:          112232 kB
Active:           433556 kB
Mem:          3.8G       3.7G       109M       5.7M        29M       3.2G

MemTotal:        4016004 kB
MemFree:          126576 kB
Active:           431896 kB
Mem:          3.8G       3.7G       122M       5.7M        29M       3.2G

MemTotal:        4016004 kB
MemFree:          122784 kB
Active:           430360 kB
Mem:          3.8G       3.7G       119M       5.7M        29M       3.2G

MemTotal:        4016004 kB
MemFree:          109312 kB
Active:           429212 kB
Mem:          3.8G       3.7G       105M       5.7M        29M       3.3G

MemTotal:        4016004 kB
MemFree:          131156 kB
Active:           425100 kB
Mem:          3.8G       3.7G       127M       5.7M        29M       3.2G

MemTotal:        4016004 kB
MemFree:          114640 kB
Active:           424080 kB
Mem:          3.8G       3.7G       111M       5.7M        29M       3.2G

MemTotal:        4016004 kB
MemFree:          106636 kB
Active:           423068 kB
Mem:          3.8G       3.7G       103M       5.7M        29M       3.3G

MemTotal:        4016004 kB
MemFree:          134344 kB
Active:           420744 kB
Mem:          3.8G       3.7G       130M       5.7M        29M       3.2G

MemTotal:        4016004 kB
MemFree:          128204 kB
Active:           419364 kB
Mem:          3.8G       3.7G       124M       5.7M        29M       3.2G

MemTotal:        4016004 kB
MemFree:          117824 kB
Active:           418344 kB
Mem:          3.8G       3.7G       115M       5.7M        29M       3.2G

MemTotal:        4016004 kB
MemFree:          112004 kB
Active:           417144 kB
Mem:          3.8G       3.7G       108M       5.7M        29M       3.2G

MemTotal:        4016004 kB
MemFree:          115384 kB
Active:           415916 kB
Mem:          3.8G       3.7G       112M       5.7M        29M       3.2G

MemTotal:        4016004 kB
MemFree:          106724 kB
Active:           414776 kB
Mem:          3.8G       3.7G       103M       5.7M        29M       3.3G

MemTotal:        4016004 kB
MemFree:          134292 kB
Active:           410512 kB
Mem:          3.8G       3.7G       130M       5.7M        29M       3.2G

MemTotal:        4016004 kB
MemFree:          138224 kB
Active:           408592 kB
Mem:          3.8G       3.7G       134M       5.7M        29M       3.2G

MemTotal:        4016004 kB
MemFree:          135564 kB
Active:           406932 kB
Mem:          3.8G       3.7G       131M       5.7M        29M       3.2G

MemTotal:        4016004 kB
MemFree:          126180 kB
Active:           405912 kB
Mem:          3.8G       3.7G       122M       5.7M        29M       3.2G

MemTotal:        4016004 kB
MemFree:          124172 kB
Active:           404376 kB
Mem:          3.8G       3.7G       120M       5.7M        29M       3.2G

MemTotal:        4016004 kB
MemFree:          105476 kB
Active:           403744 kB
Mem:          3.8G       3.7G       102M       5.7M        29M       3.3G

MemTotal:        4016004 kB
MemFree:          131612 kB
Active:           401456 kB
Mem:          3.8G       3.7G       128M       5.7M        29M       3.2G

MemTotal:        4016004 kB
MemFree:          118592 kB
Active:           400304 kB
Mem:          3.8G       3.7G       115M       5.7M        29M       3.2G

MemTotal:        4016004 kB
MemFree:          111908 kB
Active:           399244 kB
Mem:          3.8G       3.7G       108M       5.7M        29M       3.2G

MemTotal:        4016004 kB
MemFree:          116912 kB
Active:           395224 kB
Mem:          3.8G       3.7G       112M       5.7M        29M       3.2G

MemTotal:        4016004 kB
MemFree:          126612 kB
Active:           393004 kB
Mem:          3.8G       3.7G       123M       5.7M        29M       3.2G

MemTotal:        4016004 kB
MemFree:          122916 kB
Active:           392964 kB
Mem:          3.8G       3.7G       119M       5.7M        29M       3.2G

MemTotal:        4016004 kB
MemFree:          125916 kB
Active:           393028 kB
Mem:          3.8G       3.7G       122M       5.7M        29M       3.2G

MemTotal:        4016004 kB
MemFree:          132200 kB
Active:           392864 kB
Mem:          3.8G       3.7G       128M       5.7M        29M       3.2G

MemTotal:        4016004 kB
MemFree:          140376 kB
Active:           392888 kB
Mem:          3.8G       3.7G       136M       5.7M        29M       3.2G

MemTotal:        4016004 kB
MemFree:          132372 kB
Active:           392892 kB
Mem:          3.8G       3.7G       129M       5.7M        29M       3.2G

MemTotal:        4016004 kB
MemFree:          123752 kB
Active:           392900 kB
Mem:          3.8G       3.7G       120M       5.7M        29M       3.2G

MemTotal:        4016004 kB
MemFree:          128096 kB
Active:           392856 kB
Mem:          3.8G       3.7G       124M       5.7M        29M       3.2G

MemTotal:        4016004 kB
MemFree:          119336 kB
Active:           392900 kB
Mem:          3.8G       3.7G       116M       5.7M        29M       3.2G

MemTotal:        4016004 kB
MemFree:          123272 kB
Active:           392904 kB
Mem:          3.8G       3.7G       119M       5.7M        29M       3.2G

MemTotal:        4016004 kB
MemFree:          127800 kB
Active:           392772 kB
Mem:          3.8G       3.7G       124M       5.7M        29M       3.2G

MemTotal:        4016004 kB
MemFree:          130792 kB
Active:           392820 kB
Mem:          3.8G       3.7G       127M       5.7M        29M       3.2G

MemTotal:        4016004 kB
MemFree:          137572 kB
Active:           392828 kB
Mem:          3.8G       3.7G       133M       5.7M        29M       3.2G

MemTotal:        4016004 kB
MemFree:          141912 kB
Active:           392808 kB
Mem:          3.8G       3.7G       138M       5.7M        29M       3.2G

MemTotal:        4016004 kB
MemFree:          133088 kB
Active:           392844 kB
Mem:          3.8G       3.7G       129M       5.7M        29M       3.2G

MemTotal:        4016004 kB
MemFree:          126092 kB
Active:           392848 kB
Mem:          3.8G       3.7G       122M       5.7M        29M       3.2G

MemTotal:        4016004 kB
MemFree:          138132 kB
Active:           392848 kB
Mem:          3.8G       3.7G       134M       5.7M        29M       3.2G

MemTotal:        4016004 kB
MemFree:          131688 kB
Active:           392552 kB
Mem:          3.8G       3.7G       128M       5.7M        29M       3.2G

MemTotal:        4016004 kB
MemFree:          122644 kB
Active:           392360 kB
Mem:          3.8G       3.7G       119M       5.7M        29M       3.2G

MemTotal:        4016004 kB
MemFree:          127312 kB
Active:           392408 kB
Mem:          3.8G       3.7G       124M       5.7M        29M       3.2G

MemTotal:        4016004 kB
MemFree:          132312 kB
Active:           392416 kB
Mem:          3.8G       3.7G       129M       5.7M        29M       3.2G

MemTotal:        4016004 kB
MemFree:          114240 kB
Active:           392364 kB
Mem:          3.8G       3.7G       111M       5.7M        29M       3.2G

MemTotal:        4016004 kB
MemFree:          105404 kB
Active:           392376 kB
Mem:          3.8G       3.7G       102M       5.7M        29M       3.3G

MemTotal:        4016004 kB
MemFree:          133180 kB
Active:           392384 kB
Mem:          3.8G       3.7G       129M       5.7M        29M       3.2G

MemTotal:        4016004 kB
MemFree:          139412 kB
Active:           392712 kB
Mem:          3.8G       3.7G       135M       5.7M        29M       3.2G

MemTotal:        4016004 kB
MemFree:          131260 kB
Active:           392688 kB
Mem:          3.8G       3.7G       127M       5.7M        29M       3.2G

MemTotal:        4016004 kB
MemFree:          120692 kB
Active:           392696 kB
Mem:          3.8G       3.7G       118M       5.7M        29M       3.2G

MemTotal:        4016004 kB
MemFree:          130548 kB
Active:           392696 kB
Mem:          3.8G       3.7G       127M       5.7M        29M       3.2G

MemTotal:        4016004 kB
MemFree:          135400 kB
Active:           392704 kB
Mem:          3.8G       3.7G       131M       5.7M        29M       3.2G

MemTotal:        4016004 kB
MemFree:          135440 kB
Active:           392648 kB
Mem:          3.8G       3.7G       132M       5.7M        29M       3.2G

MemTotal:        4016004 kB
MemFree:          126220 kB
Active:           392708 kB
Mem:          3.8G       3.7G       123M       5.7M        29M       3.2G

MemTotal:        4016004 kB
MemFree:          124684 kB
Active:           387304 kB
Mem:          3.8G       3.7G       121M       5.7M        29M       3.2G

MemTotal:        4016004 kB
MemFree:          134712 kB
Active:           387228 kB
Mem:          3.8G       3.7G       130M       5.7M        29M       3.2G

MemTotal:        4016004 kB
MemFree:          127092 kB
Active:           387236 kB
Mem:          3.8G       3.7G       124M       5.7M        29M       3.2G

MemTotal:        4016004 kB
MemFree:          131184 kB
Active:           389284 kB
Mem:          3.8G       3.7G       127M       5.7M        29M       3.2G

MemTotal:        4016004 kB
MemFree:          121284 kB
Active:           389268 kB
Mem:          3.8G       3.7G       117M       5.7M        29M       3.2G

MemTotal:        4016004 kB
MemFree:          140404 kB
Active:           389268 kB
Mem:          3.8G       3.7G       137M       5.7M        29M       3.2G

MemTotal:        4016004 kB
MemFree:          106124 kB
Active:           389272 kB
Mem:          3.8G       3.7G       103M       5.7M        29M       3.2G

MemTotal:        4016004 kB
MemFree:          130372 kB
Active:           389288 kB
Mem:          3.8G       3.7G       127M       5.7M        29M       3.2G

MemTotal:        4016004 kB
MemFree:          131064 kB
Active:           387580 kB
Mem:          3.8G       3.7G       127M       5.7M        29M       3.2G

MemTotal:        4016004 kB
MemFree:          121616 kB
Active:           387468 kB
Mem:          3.8G       3.7G       118M       5.7M        29M       3.2G

MemTotal:        4016004 kB
MemFree:          126352 kB
Active:           387468 kB
Mem:          3.8G       3.7G       122M       5.7M        29M       3.2G

MemTotal:        4016004 kB
MemFree:          135564 kB
Active:           387468 kB
Mem:          3.8G       3.7G       132M       5.7M        29M       3.2G

MemTotal:        4016004 kB
MemFree:          127300 kB
Active:           387420 kB
Mem:          3.8G       3.7G       123M       5.7M        29M       3.2G

MemTotal:        4016004 kB
MemFree:          118968 kB
Active:           387472 kB
Mem:          3.8G       3.7G       116M       5.7M        29M       3.2G

MemTotal:        4016004 kB
MemFree:          111756 kB
Active:           387480 kB
Mem:          3.8G       3.7G       109M       5.7M        29M       3.2G

MemTotal:        4016004 kB
MemFree:          116028 kB
Active:           387480 kB
Mem:          3.8G       3.7G       113M       5.7M        29M       3.2G

MemTotal:        4016004 kB
MemFree:          108720 kB
Active:           387424 kB
Mem:          3.8G       3.7G       105M       5.7M        29M       3.2G

MemTotal:        4016004 kB
MemFree:          126484 kB
Active:           385924 kB
Mem:          3.8G       3.7G       123M       5.7M        29M       3.2G

MemTotal:        4016004 kB
MemFree:          119216 kB
Active:           385924 kB
Mem:          3.8G       3.7G       116M       5.7M        29M       3.2G

MemTotal:        4016004 kB
MemFree:          116888 kB
Active:           385892 kB
Mem:          3.8G       3.7G       113M       5.7M        29M       3.2G

MemTotal:        4016004 kB
MemFree:          131732 kB
Active:           385920 kB
Mem:          3.8G       3.7G       129M       5.7M        29M       3.2G

MemTotal:        4016004 kB
MemFree:          135752 kB
Active:           385960 kB
Mem:          3.8G       3.7G       131M       5.7M        29M       3.2G

MemTotal:        4016004 kB
MemFree:          128240 kB
Active:           385964 kB
Mem:          3.8G       3.7G       125M       5.7M        29M       3.2G

MemTotal:        4016004 kB
MemFree:          105804 kB
Active:           387404 kB
Mem:          3.8G       3.7G       103M       5.7M        29M       3.2G

MemTotal:        4016004 kB
MemFree:          107364 kB
Active:           386376 kB
Mem:          3.8G       3.7G       104M       5.7M        29M       3.2G

MemTotal:        4016004 kB
MemFree:          125044 kB
Active:           386384 kB
Mem:          3.8G       3.7G       122M       5.7M        29M       3.2G

MemTotal:        4016004 kB
MemFree:          110024 kB
Active:           386384 kB
Mem:          3.8G       3.7G       118M       5.7M        29M       3.2G

MemTotal:        4016004 kB
MemFree:          109124 kB
Active:           385348 kB
Mem:          3.8G       3.7G       106M       5.7M        29M       3.2G

MemTotal:        4016004 kB
MemFree:          113856 kB
Active:           385064 kB
Mem:          3.8G       3.7G       111M       5.7M        29M       3.2G

MemTotal:        4016004 kB
MemFree:          119968 kB
Active:           385064 kB
Mem:          3.8G       3.7G       116M       5.7M        29M       3.2G

MemTotal:        4016004 kB
MemFree:          112368 kB
Active:           385072 kB
Mem:          3.8G       3.7G       109M       5.7M        29M       3.2G

MemTotal:        4016004 kB
MemFree:          128292 kB
Active:           385024 kB
Mem:          3.8G       3.7G       125M       5.7M        29M       3.2G

MemTotal:        4016004 kB
MemFree:          135164 kB
Active:           385076 kB
Mem:          3.8G       3.7G       131M       5.7M        29M       3.2G

MemTotal:        4016004 kB
MemFree:          139816 kB
Active:           385284 kB
Mem:          3.8G       3.7G       135M       5.7M        29M       3.2G

MemTotal:        4016004 kB
MemFree:          131088 kB
Active:           385284 kB
Mem:          3.8G       3.7G       128M       5.7M        29M       3.2G

MemTotal:        4016004 kB
MemFree:          134584 kB
Active:           385160 kB
Mem:          3.8G       3.7G       131M       5.7M        29M       3.2G

MemTotal:        4016004 kB
MemFree:          125264 kB
Active:           373900 kB
Mem:          3.8G       3.7G       122M       5.7M        29M       3.2G

MemTotal:        4016004 kB
MemFree:          105144 kB
Active:           373844 kB
Mem:          3.8G       3.7G       106M       5.7M        29M       3.2G

MemTotal:        4016004 kB
MemFree:          117736 kB
Active:           373716 kB
Mem:          3.8G       3.7G       123M       5.7M        29M       3.2G

MemTotal:        4016004 kB
MemFree:          125836 kB
Active:           373676 kB
Mem:          3.8G       3.7G       122M       5.7M        29M       3.2G

MemTotal:        4016004 kB
MemFree:          128264 kB
Active:           373724 kB
Mem:          3.8G       3.7G       124M       5.7M        29M       3.2G

MemTotal:        4016004 kB
MemFree:          121072 kB
Active:           373740 kB
Mem:          3.8G       3.7G       117M       5.7M        29M       3.2G

MemTotal:        4016004 kB
MemFree:          107736 kB
Active:           373704 kB
Mem:          3.8G       3.7G       104M       5.7M        29M       3.2G

MemTotal:        4016004 kB
MemFree:          131840 kB
Active:           373720 kB
Mem:          3.8G       3.7G       128M       5.7M        29M       3.2G

MemTotal:        4016004 kB
MemFree:          125448 kB
Active:           373716 kB
Mem:          3.8G       3.7G       122M       5.7M        29M       3.2G

MemTotal:        4016004 kB
MemFree:          112548 kB
Active:           373724 kB
Mem:          3.8G       3.7G       108M       5.7M        29M       3.2G

MemTotal:        4016004 kB
MemFree:          129080 kB
Active:           373716 kB
Mem:          3.8G       3.7G       125M       5.7M        29M       3.2G

MemTotal:        4016004 kB
MemFree:          122828 kB
Active:           370840 kB
Mem:          3.8G       3.7G       119M       5.7M        29M       3.2G

MemTotal:        4016004 kB
MemFree:          115932 kB
Active:           370848 kB
Mem:          3.8G       3.7G       112M       5.7M        29M       3.2G

MemTotal:        4016004 kB
MemFree:          106452 kB
Active:           370800 kB
Mem:          3.8G       3.7G       103M       5.7M        29M       3.2G

MemTotal:        4016004 kB
MemFree:          134960 kB
Active:           370860 kB
Mem:          3.8G       3.7G       131M       5.7M        29M       3.2G

MemTotal:        4016004 kB
MemFree:          132604 kB
Active:           370804 kB
Mem:          3.8G       3.7G       129M       5.7M        29M       3.2G

MemTotal:        4016004 kB
MemFree:          131320 kB
Active:           370808 kB
Mem:          3.8G       3.7G       128M       5.7M        29M       3.2G

MemTotal:        4016004 kB
MemFree:          116080 kB
Active:           370860 kB
Mem:          3.8G       3.7G       113M       5.7M        29M       3.2G

MemTotal:        4016004 kB
MemFree:          121588 kB
Active:           370872 kB
Mem:          3.8G       3.7G       118M       5.7M        29M       3.2G

MemTotal:        4016004 kB
MemFree:          107508 kB
Active:           370880 kB
Mem:          3.8G       3.7G       104M       5.7M        29M       3.2G

MemTotal:        4016004 kB
MemFree:          124800 kB
Active:           370892 kB
Mem:          3.8G       3.7G       121M       5.7M        29M       3.2G

MemTotal:        4016004 kB
MemFree:          129536 kB
Active:           370892 kB
Mem:          3.8G       3.7G       125M       5.7M        29M       3.2G

MemTotal:        4016004 kB
MemFree:          110512 kB
Active:           370892 kB
Mem:          3.8G       3.7G       108M       5.7M        29M       3.2G

MemTotal:        4016004 kB
MemFree:          130680 kB
Active:           368028 kB
Mem:          3.8G       3.7G       127M       5.7M        29M       3.2G

MemTotal:        4016004 kB
MemFree:          124852 kB
Active:           367992 kB
Mem:          3.8G       3.7G       121M       5.7M        29M       3.2G

MemTotal:        4016004 kB
MemFree:          108608 kB
Active:           367996 kB
Mem:          3.8G       3.7G       106M       5.7M        29M       3.2G

MemTotal:        4016004 kB
MemFree:          132256 kB
Active:           367996 kB
Mem:          3.8G       3.7G       128M       5.7M        29M       3.2G

MemTotal:        4016004 kB
MemFree:          125496 kB
Active:           367980 kB
Mem:          3.8G       3.7G       122M       5.7M        29M       3.2G

MemTotal:        4016004 kB
MemFree:          127408 kB
Active:           368000 kB
Mem:          3.8G       3.7G       124M       5.7M        29M       3.2G

MemTotal:        4016004 kB
MemFree:          114216 kB
Active:           367984 kB
Mem:          3.8G       3.7G       111M       5.7M        29M       3.2G

MemTotal:        4016004 kB
MemFree:          122924 kB
Active:           368008 kB
Mem:          3.8G       3.7G       120M       5.7M        29M       3.2G

MemTotal:        4016004 kB
MemFree:          122820 kB
Active:           368024 kB
Mem:          3.8G       3.7G       119M       5.7M        29M       3.2G

MemTotal:        4016004 kB
MemFree:          127360 kB
Active:           368032 kB
Mem:          3.8G       3.7G       123M       5.7M        29M       3.2G

MemTotal:        4016004 kB
MemFree:          131108 kB
Active:           367988 kB
Mem:          3.8G       3.7G       128M       5.7M        29M       3.2G

MemTotal:        4016004 kB
MemFree:          141732 kB
Active:           368008 kB
Mem:          3.8G       3.7G       138M       5.7M        29M       3.2G

MemTotal:        4016004 kB
MemFree:          132512 kB
Active:           368020 kB
Mem:          3.8G       3.7G       129M       5.7M        29M       3.2G

MemTotal:        4016004 kB
MemFree:          132628 kB
Active:           366016 kB
Mem:          3.8G       3.7G       129M       5.7M        29M       3.2G

MemTotal:        4016004 kB
MemFree:          132192 kB
Active:           365788 kB
Mem:          3.8G       3.7G       128M       5.7M        29M       3.2G

MemTotal:        4016004 kB
MemFree:          141536 kB
Active:           365788 kB
Mem:          3.8G       3.7G       137M       5.7M        29M       3.2G

MemTotal:        4016004 kB
MemFree:          134272 kB
Active:           365856 kB
Mem:          3.8G       3.7G       131M       5.7M        29M       3.2G

MemTotal:        4016004 kB
MemFree:          127364 kB
Active:           365860 kB
Mem:          3.8G       3.7G       124M       5.7M        29M       3.2G

MemTotal:        4016004 kB
MemFree:          130476 kB
Active:           365868 kB
Mem:          3.8G       3.7G       127M       5.7M        29M       3.2G

MemTotal:        4016004 kB
MemFree:          128908 kB
Active:           365868 kB
Mem:          3.8G       3.7G       125M       5.7M        29M       3.2G

MemTotal:        4016004 kB
MemFree:          127168 kB
Active:           365816 kB
Mem:          3.8G       3.7G       124M       5.7M        29M       3.2G

MemTotal:        4016004 kB
MemFree:          126300 kB
Active:           365896 kB
Mem:          3.8G       3.7G       123M       5.7M        29M       3.2G

MemTotal:        4016004 kB
MemFree:          124940 kB
Active:           365908 kB
Mem:          3.8G       3.7G       121M       5.7M        29M       3.2G

MemTotal:        4016004 kB
MemFree:          128036 kB
Active:           365912 kB
Mem:          3.8G       3.7G       124M       5.7M        29M       3.2G

MemTotal:        4016004 kB
MemFree:          119512 kB
Active:           365912 kB
Mem:          3.8G       3.7G       116M       5.7M        29M       3.2G

MemTotal:        4016004 kB
MemFree:          126832 kB
Active:           365900 kB
Mem:          3.8G       3.7G       123M       5.7M        29M       3.2G

MemTotal:        4016004 kB
MemFree:          119556 kB
Active:           365912 kB
Mem:          3.8G       3.7G       116M       5.7M        29M       3.2G

MemTotal:        4016004 kB
MemFree:          112652 kB
Active:           365868 kB
Mem:          3.8G       3.7G       109M       5.7M        29M       3.2G

MemTotal:        4016004 kB
MemFree:          125880 kB
Active:           362780 kB
Mem:          3.8G       3.7G       122M       5.7M        29M       3.2G

MemTotal:        4016004 kB
MemFree:          119688 kB
Active:           362688 kB
Mem:          3.8G       3.7G       116M       5.7M        29M       3.2G

MemTotal:        4016004 kB
MemFree:          111852 kB
Active:           362688 kB
Mem:          3.8G       3.7G       108M       5.7M        29M       3.2G

MemTotal:        4016004 kB
MemFree:          133800 kB
Active:           362688 kB
Mem:          3.8G       3.7G       130M       5.7M        29M       3.2G

MemTotal:        4016004 kB
MemFree:          127924 kB
Active:           362688 kB
Mem:          3.8G       3.7G       124M       5.7M        29M       3.2G

MemTotal:        4016004 kB
MemFree:          109232 kB
Active:           362652 kB
Mem:          3.8G       3.7G       106M       5.7M        29M       3.2G

MemTotal:        4016004 kB
MemFree:          115144 kB
Active:           362660 kB
Mem:          3.8G       3.7G       112M       5.7M        29M       3.2G

MemTotal:        4016004 kB
MemFree:          107700 kB
Active:           362724 kB
Mem:          3.8G       3.7G       104M       5.7M        29M       3.2G

MemTotal:        4016004 kB
MemFree:          138692 kB
Active:           362724 kB
Mem:          3.8G       3.7G       135M       5.7M        29M       3.2G

MemTotal:        4016004 kB
MemFree:          131716 kB
Active:           362732 kB
Mem:          3.8G       3.7G       127M       5.7M        29M       3.2G

MemTotal:        4016004 kB
MemFree:          140432 kB
Active:           362732 kB
Mem:          3.8G       3.7G       136M       5.7M        29M       3.2G

MemTotal:        4016004 kB
MemFree:          132640 kB
Active:           362676 kB
Mem:          3.8G       3.7G       129M       5.7M        29M       3.2G

MemTotal:        4016004 kB
MemFree:          126312 kB
Active:           362732 kB
Mem:          3.8G       3.7G       122M       5.7M        29M       3.2G

MemTotal:        4016004 kB
MemFree:          131240 kB
Active:           362732 kB
Mem:          3.8G       3.7G       128M       5.7M        29M       3.2G

MemTotal:        4016004 kB
MemFree:          136532 kB
Active:           362728 kB
Mem:          3.8G       3.7G       133M       5.7M        29M       3.2G

MemTotal:        4016004 kB
MemFree:          140556 kB
Active:           362740 kB
Mem:          3.8G       3.7G       136M       5.7M        29M       3.2G

MemTotal:        4016004 kB
MemFree:          128056 kB
Active:           362740 kB
Mem:          3.8G       3.7G       124M       5.7M        29M       3.2G

MemTotal:        4016004 kB
MemFree:          120496 kB
Active:           362752 kB
Mem:          3.8G       3.7G       117M       5.7M        29M       3.2G

MemTotal:        4016004 kB
MemFree:          115808 kB
Active:           360212 kB
Mem:          3.8G       3.7G       112M       5.7M        29M       3.2G

MemTotal:        4016004 kB
MemFree:          133104 kB
Active:           360160 kB
Mem:          3.8G       3.7G       129M       5.7M        29M       3.2G

MemTotal:        4016004 kB
MemFree:          146020 kB
Active:           360120 kB
Mem:          3.8G       3.7G       142M       5.7M        29M       3.2G

MemTotal:        4016004 kB
MemFree:          125784 kB
Active:           360164 kB
Mem:          3.8G       3.7G       122M       5.7M        29M       3.2G

MemTotal:        4016004 kB
MemFree:          125320 kB
Active:           360164 kB
Mem:          3.8G       3.7G       121M       5.7M        29M       3.2G

MemTotal:        4016004 kB
MemFree:          118744 kB
Active:           359860 kB
Mem:          3.8G       3.7G       116M       5.7M        29M       3.2G

MemTotal:        4016004 kB
MemFree:          118744 kB
Active:           359812 kB
Mem:          3.8G       3.7G       115M       5.7M        29M       3.2G

MemTotal:        4016004 kB
MemFree:          117936 kB
Active:           357884 kB
Mem:          3.8G       3.7G       115M       5.7M        29M       3.2G

MemTotal:        4016004 kB
MemFree:          118184 kB
Active:           359868 kB
Mem:          3.8G       3.7G       115M       5.7M        29M       3.2G

MemTotal:        4016004 kB
MemFree:          118308 kB
Active:           359828 kB
Mem:          3.8G       3.7G       115M       5.7M        29M       3.2G

MemTotal:        4016004 kB
MemFree:          118680 kB
Active:           359848 kB
Mem:          3.8G       3.7G       115M       5.7M        29M       3.2G

MemTotal:        4016004 kB
MemFree:          118308 kB
Active:           359868 kB
Mem:          3.8G       3.7G       115M       5.7M        29M       3.2G

MemTotal:        4016004 kB
MemFree:          118928 kB
Active:           359828 kB
Mem:          3.8G       3.7G       116M       5.7M        29M       3.2G

MemTotal:        4016004 kB
MemFree:          118804 kB
Active:           359852 kB
Mem:          3.8G       3.7G       115M       5.7M        29M       3.2G

MemTotal:        4016004 kB
MemFree:          118804 kB
Active:           359860 kB
Mem:          3.8G       3.7G       116M       5.7M        29M       3.2G

MemTotal:        4016004 kB
MemFree:          118432 kB
Active:           359872 kB
Mem:          3.8G       3.7G       115M       5.7M        29M       3.2G

MemTotal:        4016004 kB
MemFree:          118928 kB
Active:           359852 kB
Mem:          3.8G       3.7G       116M       5.7M        29M       3.2G

MemTotal:        4016004 kB
MemFree:          118680 kB
Active:           359816 kB
Mem:          3.8G       3.7G       116M       5.7M        29M       3.2G

MemTotal:        4016004 kB
MemFree:          118556 kB
Active:           359872 kB
Mem:          3.8G       3.7G       115M       5.7M        29M       3.2G

MemTotal:        4016004 kB
MemFree:          118804 kB
Active:           359868 kB
Mem:          3.8G       3.7G       115M       5.7M        30M       3.2G

MemTotal:        4016004 kB
MemFree:          118804 kB
Active:           359844 kB
Mem:          3.8G       3.7G       116M       5.7M        30M       3.2G

MemTotal:        4016004 kB
MemFree:          118804 kB
Active:           359852 kB
Mem:          3.8G       3.7G       115M       5.7M        30M       3.2G

MemTotal:        4016004 kB
MemFree:          118432 kB
Active:           359888 kB
Mem:          3.8G       3.7G       115M       5.7M        30M       3.2G

MemTotal:        4016004 kB
MemFree:          118432 kB
Active:           359888 kB
Mem:          3.8G       3.7G       115M       5.7M        30M       3.2G

MemTotal:        4016004 kB
MemFree:          118804 kB
Active:           359848 kB
Mem:          3.8G       3.7G       116M       5.7M        30M       3.2G

MemTotal:        4016004 kB
MemFree:          118432 kB
Active:           359896 kB
Mem:          3.8G       3.7G       115M       5.7M        30M       3.2G

MemTotal:        4016004 kB
MemFree:          118804 kB
Active:           359844 kB
Mem:          3.8G       3.7G       115M       5.7M        30M       3.2G

MemTotal:        4016004 kB
MemFree:          119052 kB
Active:           359848 kB
Mem:          3.8G       3.7G       116M       5.7M        30M       3.2G

MemTotal:        4016004 kB
MemFree:          118928 kB
Active:           359856 kB
Mem:          3.8G       3.7G       116M       5.7M        30M       3.2G

MemTotal:        4016004 kB
MemFree:          118228 kB
Active:           359900 kB
Mem:          3.8G       3.7G       115M       5.7M        30M       3.2G

MemTotal:        4016004 kB
MemFree:          118128 kB
Active:           359892 kB
Mem:          3.8G       3.7G       115M       5.7M        30M       3.2G

MemTotal:        4016004 kB
MemFree:          118508 kB
Active:           359864 kB
Mem:          3.8G       3.7G       115M       5.7M        30M       3.2G

MemTotal:        4016004 kB
MemFree:          118664 kB
Active:           359884 kB
Mem:          3.8G       3.7G       115M       5.7M        30M       3.2G

MemTotal:        4016004 kB
MemFree:          118540 kB
Active:           359900 kB
Mem:          3.8G       3.7G       115M       5.7M        30M       3.2G

MemTotal:        4016004 kB
MemFree:          118540 kB
Active:           359908 kB
Mem:          3.8G       3.7G       115M       5.7M        30M       3.2G

MemTotal:        4016004 kB
MemFree:          118168 kB
Active:           359924 kB
Mem:          3.8G       3.7G       115M       5.7M        30M       3.2G

MemTotal:        4016004 kB
MemFree:          118292 kB
Active:           359872 kB
Mem:          3.8G       3.7G       115M       5.7M        30M       3.2G

MemTotal:        4016004 kB
MemFree:          118292 kB
Active:           359892 kB
Mem:          3.8G       3.7G       115M       5.7M        30M       3.2G

MemTotal:        4016004 kB
MemFree:          118912 kB
Active:           359920 kB
Mem:          3.8G       3.7G       116M       5.7M        30M       3.2G

MemTotal:        4016004 kB
MemFree:          118416 kB
Active:           359924 kB
Mem:          3.8G       3.7G       115M       5.7M        30M       3.2G

MemTotal:        4016004 kB
MemFree:          119036 kB
Active:           359892 kB
Mem:          3.8G       3.7G       116M       5.7M        30M       3.2G

MemTotal:        4016004 kB
MemFree:          119036 kB
Active:           359892 kB
Mem:          3.8G       3.7G       116M       5.7M        30M       3.2G

MemTotal:        4016004 kB
MemFree:          119036 kB
Active:           359928 kB
Mem:          3.8G       3.7G       116M       5.7M        30M       3.2G

MemTotal:        4016004 kB
MemFree:          118912 kB
Active:           359888 kB
Mem:          3.8G       3.7G       115M       5.7M        30M       3.2G

MemTotal:        4016004 kB
MemFree:          118788 kB
Active:           359904 kB
Mem:          3.8G       3.7G       115M       5.7M        30M       3.2G

MemTotal:        4016004 kB
MemFree:          118664 kB
Active:           359884 kB
Mem:          3.8G       3.7G       115M       5.7M        30M       3.2G

MemTotal:        4016004 kB
MemFree:          118292 kB
Active:           359948 kB
Mem:          3.8G       3.7G       115M       5.7M        30M       3.2G

MemTotal:        4016004 kB
MemFree:          118540 kB
Active:           359904 kB
Mem:          3.8G       3.7G       115M       5.7M        30M       3.2G

MemTotal:        4016004 kB
MemFree:          118540 kB
Active:           359944 kB
Mem:          3.8G       3.7G       115M       5.7M        30M       3.2G

MemTotal:        4016004 kB
MemFree:          118416 kB
Active:           359916 kB
Mem:          3.8G       3.7G       115M       5.7M        30M       3.2G

MemTotal:        4016004 kB
MemFree:          118540 kB
Active:           359936 kB
Mem:          3.8G       3.7G       115M       5.7M        30M       3.2G

MemTotal:        4016004 kB
MemFree:          118416 kB
Active:           359944 kB
Mem:          3.8G       3.7G       115M       5.7M        30M       3.2G

MemTotal:        4016004 kB
MemFree:          118168 kB
Active:           359896 kB
Mem:          3.8G       3.7G       115M       5.7M        30M       3.2G

MemTotal:        4016004 kB
MemFree:          118292 kB
Active:           359920 kB
Mem:          3.8G       3.7G       115M       5.7M        30M       3.2G

MemTotal:        4016004 kB
MemFree:          118292 kB
Active:           359900 kB
Mem:          3.8G       3.7G       115M       5.7M        30M       3.2G

MemTotal:        4016004 kB
MemFree:          118788 kB
Active:           359920 kB
Mem:          3.8G       3.7G       115M       5.7M        30M       3.2G

MemTotal:        4016004 kB
MemFree:          118664 kB
Active:           359908 kB
Mem:          3.8G       3.7G       115M       5.7M        30M       3.2G

MemTotal:        4016004 kB
MemFree:          118292 kB
Active:           359960 kB
Mem:          3.8G       3.7G       115M       5.7M        30M       3.2G

MemTotal:        4016004 kB
MemFree:          118540 kB
Active:           359916 kB
Mem:          3.8G       3.7G       115M       5.7M        30M       3.2G

MemTotal:        4016004 kB
MemFree:          118292 kB
Active:           359960 kB
Mem:          3.8G       3.7G       115M       5.7M        30M       3.2G

MemTotal:        4016004 kB
MemFree:          118292 kB
Active:           359960 kB
Mem:          3.8G       3.7G       115M       5.7M        30M       3.2G

MemTotal:        4016004 kB
MemFree:          117796 kB
Active:           359968 kB
Mem:          3.8G       3.7G       115M       5.7M        30M       3.2G

MemTotal:        4016004 kB
MemFree:          118168 kB
Active:           359936 kB
Mem:          3.8G       3.7G       115M       5.7M        30M       3.2G

MemTotal:        4016004 kB
MemFree:          118540 kB
Active:           359960 kB
Mem:          3.8G       3.7G       116M       5.7M        30M       3.2G

MemTotal:        4016004 kB
MemFree:          118912 kB
Active:           359912 kB
Mem:          3.8G       3.7G       115M       5.7M        30M       3.2G

MemTotal:        4016004 kB
MemFree:          118788 kB
Active:           359940 kB
Mem:          3.8G       3.7G       116M       5.7M        30M       3.2G

MemTotal:        4016004 kB
MemFree:          118912 kB
Active:           359916 kB
Mem:          3.8G       3.7G       116M       5.7M        30M       3.2G

MemTotal:        4016004 kB
MemFree:          118788 kB
Active:           359936 kB
Mem:          3.8G       3.7G       116M       5.7M        30M       3.2G

MemTotal:        4016004 kB
MemFree:          118788 kB
Active:           359916 kB
Mem:          3.8G       3.7G       116M       5.7M        30M       3.2G

MemTotal:        4016004 kB
MemFree:          118788 kB
Active:           359936 kB
Mem:          3.8G       3.7G       115M       5.7M        30M       3.2G

MemTotal:        4016004 kB
MemFree:          118912 kB
Active:           359968 kB
Mem:          3.8G       3.7G       115M       5.7M        30M       3.2G

MemTotal:        4016004 kB
MemFree:          118292 kB
Active:           359976 kB
Mem:          3.8G       3.7G       115M       5.7M        30M       3.2G

MemTotal:        4016004 kB
MemFree:          118664 kB
Active:           359936 kB
Mem:          3.8G       3.7G       115M       5.7M        30M       3.2G

MemTotal:        4016004 kB
MemFree:          118292 kB
Active:           359976 kB
Mem:          3.8G       3.7G       115M       5.7M        30M       3.2G

MemTotal:        4016004 kB
MemFree:          118292 kB
Active:           359980 kB
Mem:          3.8G       3.7G       115M       5.7M        30M       3.2G

MemTotal:        4016004 kB
MemFree:          118416 kB
Active:           359988 kB
Mem:          3.8G       3.7G       115M       5.7M        30M       3.2G

MemTotal:        4016004 kB
MemFree:          118664 kB
Active:           359952 kB
Mem:          3.8G       3.7G       115M       5.7M        30M       3.2G

MemTotal:        4016004 kB
MemFree:          118788 kB
Active:           359972 kB
Mem:          3.8G       3.7G       115M       5.7M        30M       3.2G

MemTotal:        4016004 kB
MemFree:          118416 kB
Active:           359992 kB
Mem:          3.8G       3.7G       115M       5.7M        30M       3.2G

MemTotal:        4016004 kB
MemFree:          118292 kB
Active:           359996 kB
Mem:          3.8G       3.7G       115M       5.7M        30M       3.2G

MemTotal:        4016004 kB
MemFree:          118540 kB
Active:           359956 kB
Mem:          3.8G       3.7G       115M       5.7M        30M       3.2G

MemTotal:        4016004 kB
MemFree:          118292 kB
Active:           360008 kB
Mem:          3.8G       3.7G       115M       5.7M        30M       3.2G

MemTotal:        4016004 kB
MemFree:          118540 kB
Active:           359968 kB
Mem:          3.8G       3.7G       115M       5.7M        30M       3.2G

MemTotal:        4016004 kB
MemFree:          118664 kB
Active:           359984 kB
Mem:          3.8G       3.7G       115M       5.7M        30M       3.2G

MemTotal:        4016004 kB
MemFree:          118664 kB
Active:           359960 kB
Mem:          3.8G       3.7G       115M       5.7M        30M       3.2G

MemTotal:        4016004 kB
MemFree:          118416 kB
Active:           359956 kB
Mem:          3.8G       3.7G       115M       5.7M        30M       3.2G

MemTotal:        4016004 kB
MemFree:          118664 kB
Active:           359972 kB
Mem:          3.8G       3.7G       115M       5.7M        30M       3.2G

MemTotal:        4016004 kB
MemFree:          118664 kB
Active:           359964 kB
Mem:          3.8G       3.7G       115M       5.7M        30M       3.2G

MemTotal:        4016004 kB
MemFree:          118540 kB
Active:           359996 kB
Mem:          3.8G       3.7G       115M       5.7M        30M       3.2G

MemTotal:        4016004 kB
MemFree:          118540 kB
Active:           360008 kB
Mem:          3.8G       3.7G       115M       5.7M        30M       3.2G

MemTotal:        4016004 kB
MemFree:          118664 kB
Active:           359996 kB
Mem:          3.8G       3.7G       115M       5.7M        30M       3.2G

MemTotal:        4016004 kB
MemFree:          118416 kB
Active:           360032 kB
Mem:          3.8G       3.7G       115M       5.7M        30M       3.2G

MemTotal:        4016004 kB
MemFree:          118664 kB
Active:           359980 kB
Mem:          3.8G       3.7G       115M       5.7M        30M       3.2G

MemTotal:        4016004 kB
MemFree:          118664 kB
Active:           359996 kB
Mem:          3.8G       3.7G       115M       5.7M        30M       3.2G

MemTotal:        4016004 kB
MemFree:          118540 kB
Active:           360008 kB
Mem:          3.8G       3.7G       115M       5.7M        30M       3.2G

MemTotal:        4016004 kB
MemFree:          118788 kB
Active:           360020 kB
Mem:          3.8G       3.7G       115M       5.7M        30M       3.2G

MemTotal:        4016004 kB
MemFree:          119036 kB
Active:           360024 kB
Mem:          3.8G       3.7G       115M       5.7M        30M       3.2G

MemTotal:        4016004 kB
MemFree:          118168 kB
Active:           360044 kB
Mem:          3.8G       3.7G       115M       5.7M        30M       3.2G

MemTotal:        4016004 kB
MemFree:          118416 kB
Active:           360012 kB
Mem:          3.8G       3.7G       115M       5.7M        30M       3.2G

MemTotal:        4016004 kB
MemFree:          117920 kB
Active:           360044 kB
Mem:          3.8G       3.7G       115M       5.7M        30M       3.2G

MemTotal:        4016004 kB
MemFree:          118292 kB
Active:           360068 kB
Mem:          3.8G       3.7G       115M       5.7M        30M       3.2G

MemTotal:        4016004 kB
MemFree:          118168 kB
Active:           360036 kB
Mem:          3.8G       3.7G       115M       5.7M        30M       3.2G

MemTotal:        4016004 kB
MemFree:          117796 kB
Active:           360076 kB
Mem:          3.8G       3.7G       115M       5.7M        30M       3.2G

MemTotal:        4016004 kB
MemFree:          118416 kB
Active:           360308 kB
Mem:          3.8G       3.7G       115M       5.7M        30M       3.2G

MemTotal:        4016004 kB
MemFree:          118524 kB
Active:           360076 kB
Mem:          3.8G       3.7G       115M       5.7M        30M       3.2G

MemTotal:        4016004 kB
MemFree:          118152 kB
Active:           360136 kB
Mem:          3.8G       3.7G       115M       5.7M        30M       3.2G

MemTotal:        4016004 kB
MemFree:          118524 kB
Active:           360132 kB
Mem:          3.8G       3.7G       115M       5.7M        30M       3.2G

MemTotal:        4016004 kB
MemFree:          118400 kB
Active:           360120 kB
Mem:          3.8G       3.7G       115M       5.7M        30M       3.2G

MemTotal:        4016004 kB
MemFree:          118524 kB
Active:           360128 kB
Mem:          3.8G       3.7G       115M       5.7M        30M       3.2G

MemTotal:        4016004 kB
MemFree:          118540 kB
Active:           360116 kB
Mem:          3.8G       3.7G       115M       5.7M        30M       3.2G

MemTotal:        4016004 kB
MemFree:          118540 kB
Active:           360088 kB
Mem:          3.8G       3.7G       115M       5.7M        30M       3.2G

MemTotal:        4016004 kB
MemFree:          118540 kB
Active:           360100 kB
Mem:          3.8G       3.7G       115M       5.7M        30M       3.2G

MemTotal:        4016004 kB
MemFree:          118664 kB
Active:           360112 kB
Mem:          3.8G       3.7G       115M       5.7M        30M       3.2G

MemTotal:        4016004 kB
MemFree:          118540 kB
Active:           360100 kB
Mem:          3.8G       3.7G       115M       5.7M        30M       3.2G

MemTotal:        4016004 kB
MemFree:          118664 kB
Active:           360096 kB
Mem:          3.8G       3.7G       115M       5.7M        30M       3.2G

MemTotal:        4016004 kB
MemFree:          118788 kB
Active:           360120 kB
Mem:          3.8G       3.7G       115M       5.7M        30M       3.2G

MemTotal:        4016004 kB
MemFree:          118788 kB
Active:           360104 kB
Mem:          3.8G       3.7G       115M       5.7M        30M       3.2G

MemTotal:        4016004 kB
MemFree:          118664 kB
Active:           360108 kB
Mem:          3.8G       3.7G       115M       5.7M        30M       3.2G

MemTotal:        4016004 kB
MemFree:          118664 kB
Active:           360116 kB
Mem:          3.8G       3.7G       115M       5.7M        30M       3.2G

MemTotal:        4016004 kB
MemFree:          118416 kB
Active:           360144 kB
Mem:          3.8G       3.7G       115M       5.7M        30M       3.2G

MemTotal:        4016004 kB
MemFree:          118308 kB
Active:           360116 kB
Mem:          3.8G       3.7G       115M       5.7M        30M       3.2G

MemTotal:        4016004 kB
MemFree:          118308 kB
Active:           360136 kB
Mem:          3.8G       3.7G       115M       5.7M        30M       3.2G

MemTotal:        4016004 kB
MemFree:          118556 kB
Active:           360108 kB
Mem:          3.8G       3.7G       115M       5.7M        30M       3.2G

MemTotal:        4016004 kB
MemFree:          118432 kB
Active:           360120 kB
Mem:          3.8G       3.7G       115M       5.7M        30M       3.2G

MemTotal:        4016004 kB
MemFree:          118432 kB
Active:           360128 kB
Mem:          3.8G       3.7G       115M       5.7M        30M       3.2G

MemTotal:        4016004 kB
MemFree:          118432 kB
Active:           360100 kB
Mem:          3.8G       3.7G       115M       5.7M        30M       3.2G

MemTotal:        4016004 kB
MemFree:          117812 kB
Active:           360156 kB
Mem:          3.8G       3.7G       115M       5.7M        30M       3.2G

MemTotal:        4016004 kB
MemFree:          118308 kB
Active:           360112 kB
Mem:          3.8G       3.7G       115M       5.7M        30M       3.2G

MemTotal:        4016004 kB
MemFree:          118308 kB
Active:           360100 kB
Mem:          3.8G       3.7G       115M       5.7M        30M       3.2G

MemTotal:        4016004 kB
MemFree:          118184 kB
Active:           360124 kB
Mem:          3.8G       3.7G       115M       5.7M        30M       3.2G

MemTotal:        4016004 kB
MemFree:          118060 kB
Active:           360140 kB
Mem:          3.8G       3.7G       115M       5.7M        30M       3.2G

MemTotal:        4016004 kB
MemFree:          118308 kB
Active:           360128 kB
Mem:          3.8G       3.7G       115M       5.7M        30M       3.2G

MemTotal:        4016004 kB
MemFree:          117688 kB
Active:           360172 kB
Mem:          3.8G       3.7G       115M       5.7M        30M       3.2G

MemTotal:        4016004 kB
MemFree:          118184 kB
Active:           360140 kB
Mem:          3.8G       3.7G       115M       5.7M        30M       3.2G

MemTotal:        4016004 kB
MemFree:          118184 kB
Active:           360116 kB
Mem:          3.8G       3.7G       115M       5.7M        30M       3.2G

MemTotal:        4016004 kB
MemFree:          118060 kB
Active:           360124 kB
Mem:          3.8G       3.7G       115M       5.7M        30M       3.2G

MemTotal:        4016004 kB
MemFree:          118308 kB
Active:           360136 kB
Mem:          3.8G       3.7G       115M       5.7M        30M       3.2G

MemTotal:        4016004 kB
MemFree:          118184 kB
Active:           360152 kB
Mem:          3.8G       3.7G       115M       5.7M        30M       3.2G

MemTotal:        4016004 kB
MemFree:          118308 kB
Active:           360160 kB
Mem:          3.8G       3.7G       115M       5.7M        30M       3.2G

MemTotal:        4016004 kB
MemFree:          118184 kB
Active:           360176 kB
Mem:          3.8G       3.7G       115M       5.7M        30M       3.2G

MemTotal:        4016004 kB
MemFree:          118184 kB
Active:           360128 kB
Mem:          3.8G       3.7G       115M       5.7M        30M       3.2G

MemTotal:        4016004 kB
MemFree:          118184 kB
Active:           360144 kB
Mem:          3.8G       3.7G       115M       5.7M        30M       3.2G

MemTotal:        4016004 kB
MemFree:          117688 kB
Active:           360184 kB
Mem:          3.8G       3.7G       115M       5.7M        30M       3.2G

MemTotal:        4016004 kB
MemFree:          118184 kB
Active:           360128 kB
Mem:          3.8G       3.7G       115M       5.7M        30M       3.2G

MemTotal:        4016004 kB
MemFree:          118432 kB
Active:           360156 kB
Mem:          3.8G       3.7G       115M       5.7M        30M       3.2G

MemTotal:        4016004 kB
MemFree:          117936 kB
Active:           360200 kB
Mem:          3.8G       3.7G       115M       5.7M        30M       3.2G

MemTotal:        4016004 kB
MemFree:          118308 kB
Active:           360148 kB
Mem:          3.8G       3.7G       115M       5.7M        30M       3.2G

MemTotal:        4016004 kB
MemFree:          117440 kB
Active:           360200 kB
Mem:          3.8G       3.7G       114M       5.7M        30M       3.2G

MemTotal:        4016004 kB
MemFree:          117564 kB
Active:           360148 kB
Mem:          3.8G       3.7G       114M       5.7M        30M       3.2G

MemTotal:        4016004 kB
MemFree:          117688 kB
Active:           360168 kB
Mem:          3.8G       3.7G       114M       5.7M        30M       3.2G

MemTotal:        4016004 kB
MemFree:          117688 kB
Active:           360152 kB
Mem:          3.8G       3.7G       114M       5.7M        30M       3.2G

MemTotal:        4016004 kB
MemFree:          117688 kB
Active:           360196 kB
Mem:          3.8G       3.7G       114M       5.7M        30M       3.2G

MemTotal:        4016004 kB
MemFree:          117440 kB
Active:           360208 kB
Mem:          3.8G       3.7G       114M       5.7M        30M       3.2G

MemTotal:        4016004 kB
MemFree:          118060 kB
Active:           360152 kB
Mem:          3.8G       3.7G       115M       5.7M        30M       3.2G

MemTotal:        4016004 kB
MemFree:          118060 kB
Active:           360156 kB
Mem:          3.8G       3.7G       115M       5.7M        30M       3.2G

MemTotal:        4016004 kB
MemFree:          118060 kB
Active:           360180 kB
Mem:          3.8G       3.7G       115M       5.7M        30M       3.2G

MemTotal:        4016004 kB
MemFree:          118060 kB
Active:           360192 kB
Mem:          3.8G       3.7G       115M       5.7M        30M       3.2G

MemTotal:        4016004 kB
MemFree:          117688 kB
Active:           360212 kB
Mem:          3.8G       3.7G       114M       5.7M        30M       3.2G

MemTotal:        4016004 kB
MemFree:          118060 kB
Active:           360172 kB
Mem:          3.8G       3.7G       115M       5.7M        30M       3.2G

MemTotal:        4016004 kB
MemFree:          117812 kB
Active:           360220 kB
Mem:          3.8G       3.7G       115M       5.7M        30M       3.2G

MemTotal:        4016004 kB
MemFree:          118184 kB
Active:           360208 kB
Mem:          3.8G       3.7G       115M       5.7M        30M       3.2G

MemTotal:        4016004 kB
MemFree:          118432 kB
Active:           360216 kB
Mem:          3.8G       3.7G       115M       5.7M        30M       3.2G

MemTotal:        4016004 kB
MemFree:          118308 kB
Active:           360200 kB
Mem:          3.8G       3.7G       115M       5.7M        30M       3.2G

MemTotal:        4016004 kB
MemFree:          118556 kB
Active:           360176 kB
Mem:          3.8G       3.7G       115M       5.7M        30M       3.2G

MemTotal:        4016004 kB
MemFree:          118184 kB
Active:           360196 kB
Mem:          3.8G       3.7G       115M       5.7M        30M       3.2G

MemTotal:        4016004 kB
MemFree:          118184 kB
Active:           360212 kB
Mem:          3.8G       3.7G       115M       5.7M        30M       3.2G

MemTotal:        4016004 kB
MemFree:          118308 kB
Active:           360192 kB
Mem:          3.8G       3.7G       115M       5.7M        30M       3.2G

MemTotal:        4016004 kB
MemFree:          117812 kB
Active:           360236 kB
Mem:          3.8G       3.7G       115M       5.7M        30M       3.2G

MemTotal:        4016004 kB
MemFree:          118184 kB
Active:           360212 kB
Mem:          3.8G       3.7G       115M       5.7M        30M       3.2G

MemTotal:        4016004 kB
MemFree:          118060 kB
Active:           360216 kB
Mem:          3.8G       3.7G       115M       5.7M        30M       3.2G

MemTotal:        4016004 kB
MemFree:          118184 kB
Active:           360188 kB
Mem:          3.8G       3.7G       115M       5.7M        30M       3.2G

MemTotal:        4016004 kB
MemFree:          118184 kB
Active:           360216 kB
Mem:          3.8G       3.7G       115M       5.7M        30M       3.2G

MemTotal:        4016004 kB
MemFree:          118308 kB
Active:           360236 kB
Mem:          3.8G       3.7G       115M       5.7M        30M       3.2G

MemTotal:        4016004 kB
MemFree:          117936 kB
Active:           360244 kB
Mem:          3.8G       3.7G       115M       5.7M        30M       3.2G

MemTotal:        4016004 kB
MemFree:          117812 kB
Active:           360244 kB
Mem:          3.8G       3.7G       115M       5.7M        30M       3.2G

MemTotal:        4016004 kB
MemFree:          118308 kB
Active:           360236 kB
Mem:          3.8G       3.7G       115M       5.7M        30M       3.2G

MemTotal:        4016004 kB
MemFree:          117936 kB
Active:           360244 kB
Mem:          3.8G       3.7G       115M       5.7M        30M       3.2G

MemTotal:        4016004 kB
MemFree:          118308 kB
Active:           360200 kB
Mem:          3.8G       3.7G       115M       5.7M        30M       3.2G

MemTotal:        4016004 kB
MemFree:          117812 kB
Active:           360256 kB
Mem:          3.8G       3.7G       114M       5.7M        30M       3.2G

MemTotal:        4016004 kB
MemFree:          117936 kB
Active:           360216 kB
Mem:          3.8G       3.7G       115M       5.7M        30M       3.2G

MemTotal:        4016004 kB
MemFree:          117440 kB
Active:           360260 kB
Mem:          3.8G       3.7G       114M       5.7M        30M       3.2G

MemTotal:        4016004 kB
MemFree:          117440 kB
Active:           360260 kB
Mem:          3.8G       3.7G       114M       5.7M        30M       3.2G

MemTotal:        4016004 kB
MemFree:          117936 kB
Active:           360208 kB
Mem:          3.8G       3.7G       115M       5.7M        30M       3.2G

MemTotal:        4016004 kB
MemFree:          117564 kB
Active:           360260 kB
Mem:          3.8G       3.7G       115M       5.7M        30M       3.2G

MemTotal:        4016004 kB
MemFree:          117936 kB
Active:           360224 kB
Mem:          3.8G       3.7G       115M       5.7M        30M       3.2G

MemTotal:        4016004 kB
MemFree:          118060 kB
Active:           360204 kB
Mem:          3.8G       3.7G       114M       5.7M        30M       3.2G

MemTotal:        4016004 kB
MemFree:          118060 kB
Active:           360236 kB
Mem:          3.8G       3.7G       115M       5.7M        30M       3.2G

MemTotal:        4016004 kB
MemFree:          117936 kB
Active:           360268 kB
Mem:          3.8G       3.7G       115M       5.7M        30M       3.2G

MemTotal:        4016004 kB
MemFree:          118308 kB
Active:           360224 kB
Mem:          3.8G       3.7G       115M       5.7M        30M       3.2G

MemTotal:        4016004 kB
MemFree:          117812 kB
Active:           360268 kB
Mem:          3.8G       3.7G       115M       5.7M        30M       3.2G

MemTotal:        4016004 kB
MemFree:          118060 kB
Active:           360228 kB
Mem:          3.8G       3.7G       115M       5.7M        30M       3.2G

MemTotal:        4016004 kB
MemFree:          117936 kB
Active:           360236 kB
Mem:          3.8G       3.7G       115M       5.7M        30M       3.2G

MemTotal:        4016004 kB
MemFree:          117936 kB
Active:           360260 kB
Mem:          3.8G       3.7G       115M       5.7M        30M       3.2G

MemTotal:        4016004 kB
MemFree:          117936 kB
Active:           360228 kB
Mem:          3.8G       3.7G       115M       5.7M        30M       3.2G

MemTotal:        4016004 kB
MemFree:          118060 kB
Active:           360236 kB
Mem:          3.8G       3.7G       115M       5.7M        30M       3.2G

MemTotal:        4016004 kB
MemFree:          117564 kB
Active:           360292 kB
Mem:          3.8G       3.7G       114M       5.7M        30M       3.2G

MemTotal:        4016004 kB
MemFree:          117812 kB
Active:           360244 kB
Mem:          3.8G       3.7G       115M       5.7M        30M       3.2G

MemTotal:        4016004 kB
MemFree:          117564 kB
Active:           360292 kB
Mem:          3.8G       3.7G       114M       5.7M        30M       3.2G

MemTotal:        4016004 kB
MemFree:          118060 kB
Active:           360236 kB
Mem:          3.8G       3.7G       115M       5.7M        30M       3.2G

MemTotal:        4016004 kB
MemFree:          118308 kB
Active:           360256 kB
Mem:          3.8G       3.7G       115M       5.7M        30M       3.2G

MemTotal:        4016004 kB
MemFree:          118308 kB
Active:           360272 kB
Mem:          3.8G       3.7G       115M       5.7M        30M       3.2G

MemTotal:        4016004 kB
MemFree:          117936 kB
Active:           360300 kB
Mem:          3.8G       3.7G       115M       5.7M        30M       3.2G

MemTotal:        4016004 kB
MemFree:          118184 kB
Active:           360276 kB
Mem:          3.8G       3.7G       115M       5.7M        30M       3.2G

MemTotal:        4016004 kB
MemFree:          118184 kB
Active:           360248 kB
Mem:          3.8G       3.7G       115M       5.7M        30M       3.2G

MemTotal:        4016004 kB
MemFree:          117564 kB
Active:           360304 kB
Mem:          3.8G       3.7G       114M       5.7M        30M       3.2G

MemTotal:        4016004 kB
MemFree:          117812 kB
Active:           360268 kB
Mem:          3.8G       3.7G       114M       5.7M        30M       3.2G

MemTotal:        4016004 kB
MemFree:          117812 kB
Active:           360264 kB
Mem:          3.8G       3.7G       115M       5.7M        30M       3.2G

MemTotal:        4016004 kB
MemFree:          118432 kB
Active:           360284 kB
Mem:          3.8G       3.7G       115M       5.7M        30M       3.2G

MemTotal:        4016004 kB
MemFree:          118432 kB
Active:           360272 kB
Mem:          3.8G       3.7G       115M       5.7M        30M       3.2G

MemTotal:        4016004 kB
MemFree:          118308 kB
Active:           360304 kB
Mem:          3.8G       3.7G       115M       5.7M        30M       3.2G

MemTotal:        4016004 kB
MemFree:          118432 kB
Active:           360276 kB
Mem:          3.8G       3.7G       115M       5.7M        30M       3.2G

MemTotal:        4016004 kB
MemFree:          117688 kB
Active:           360316 kB
Mem:          3.8G       3.7G       115M       5.7M        30M       3.2G

MemTotal:        4016004 kB
MemFree:          118184 kB
Active:           360292 kB
Mem:          3.8G       3.7G       115M       5.7M        30M       3.2G

MemTotal:        4016004 kB
MemFree:          118060 kB
Active:           360268 kB
Mem:          3.8G       3.7G       115M       5.7M        30M       3.2G

MemTotal:        4016004 kB
MemFree:          117564 kB
Active:           360324 kB
Mem:          3.8G       3.7G       115M       5.7M        30M       3.2G

MemTotal:        4016004 kB
MemFree:          117688 kB
Active:           360324 kB
Mem:          3.8G       3.7G       114M       5.7M        30M       3.2G

MemTotal:        4016004 kB
MemFree:          117812 kB
Active:           360288 kB
Mem:          3.8G       3.7G       114M       5.7M        30M       3.2G

MemTotal:        4016004 kB
MemFree:          117936 kB
Active:           360272 kB
Mem:          3.8G       3.7G       115M       5.7M        30M       3.2G

MemTotal:        4016004 kB
MemFree:          117440 kB
Active:           360324 kB
Mem:          3.8G       3.7G       114M       5.7M        30M       3.2G

MemTotal:        4016004 kB
MemFree:          117936 kB
Active:           360284 kB
Mem:          3.8G       3.7G       115M       5.7M        30M       3.2G

MemTotal:        4016004 kB
MemFree:          117936 kB
Active:           360308 kB
Mem:          3.8G       3.7G       114M       5.7M        30M       3.2G

MemTotal:        4016004 kB
MemFree:          118068 kB
Active:           360324 kB
Mem:          3.8G       3.7G       115M       5.7M        30M       3.2G

MemTotal:        4016004 kB
MemFree:          118316 kB
Active:           360284 kB
Mem:          3.8G       3.7G       115M       5.7M        30M       3.2G

MemTotal:        4016004 kB
MemFree:          118316 kB
Active:           360304 kB
Mem:          3.8G       3.7G       115M       5.7M        30M       3.2G

MemTotal:        4016004 kB
MemFree:          118192 kB
Active:           360316 kB
Mem:          3.8G       3.7G       114M       5.7M        30M       3.2G

MemTotal:        4016004 kB
MemFree:          117556 kB
Active:           360332 kB
Mem:          3.8G       3.7G       114M       5.7M        30M       3.2G

MemTotal:        4016004 kB
MemFree:          117556 kB
Active:           360332 kB
Mem:          3.8G       3.7G       115M       5.7M        30M       3.2G

MemTotal:        4016004 kB
MemFree:          118192 kB
Active:           360300 kB
Mem:          3.8G       3.7G       115M       5.7M        30M       3.2G

MemTotal:        4016004 kB
MemFree:          117804 kB
Active:           360348 kB
Mem:          3.8G       3.7G       115M       5.7M        30M       3.2G

MemTotal:        4016004 kB
MemFree:          117944 kB
Active:           360344 kB
Mem:          3.8G       3.7G       115M       5.7M        30M       3.2G

MemTotal:        4016004 kB
MemFree:          118052 kB
Active:           360304 kB
Mem:          3.8G       3.7G       115M       5.7M        30M       3.2G

MemTotal:        4016004 kB
MemFree:          118192 kB
Active:           360332 kB
Mem:          3.8G       3.7G       115M       5.7M        30M       3.2G

MemTotal:        4016004 kB
MemFree:          117944 kB
Active:           360324 kB
Mem:          3.8G       3.7G       115M       5.7M        30M       3.2G

MemTotal:        4016004 kB
MemFree:          117820 kB
Active:           360332 kB
Mem:          3.8G       3.7G       115M       5.7M        30M       3.2G

MemTotal:        4016004 kB
MemFree:          117912 kB
Active:           360348 kB
Mem:          3.8G       3.7G       115M       5.7M        30M       3.2G

MemTotal:        4016004 kB
MemFree:          117432 kB
Active:           360368 kB
Mem:          3.8G       3.7G       114M       5.7M        30M       3.2G

MemTotal:        4016004 kB
MemFree:          117944 kB
Active:           360320 kB
Mem:          3.8G       3.7G       115M       5.7M        30M       3.2G

MemTotal:        4016004 kB
MemFree:          117804 kB
Active:           360340 kB
Mem:          3.8G       3.7G       115M       5.7M        30M       3.2G

MemTotal:        4016004 kB
MemFree:          117696 kB
Active:           360364 kB
Mem:          3.8G       3.7G       114M       5.7M        30M       3.2G

MemTotal:        4016004 kB
MemFree:          117432 kB
Active:           360376 kB
Mem:          3.8G       3.7G       114M       5.7M        30M       3.2G

MemTotal:        4016004 kB
MemFree:          117696 kB
Active:           360332 kB
Mem:          3.8G       3.7G       114M       5.7M        30M       3.2G

MemTotal:        4016004 kB
MemFree:          117696 kB
Active:           360364 kB
Mem:          3.8G       3.7G       114M       5.7M        30M       3.2G

MemTotal:        4016004 kB
MemFree:          117696 kB
Active:           360448 kB
Mem:          3.8G       3.7G       114M       5.7M        30M       3.2G

MemTotal:        4016004 kB
MemFree:          117820 kB
Active:           360320 kB
Mem:          3.8G       3.7G       115M       5.7M        30M       3.2G

MemTotal:        4016004 kB
MemFree:          117928 kB
Active:           360340 kB
Mem:          3.8G       3.7G       115M       5.7M        30M       3.2G

MemTotal:        4016004 kB
MemFree:          117432 kB
Active:           360376 kB
Mem:          3.8G       3.7G       114M       5.7M        30M       3.2G

MemTotal:        4016004 kB
MemFree:          117772 kB
Active:           360468 kB
Mem:          3.8G       3.7G       114M       5.7M        30M       3.2G

MemTotal:        4016004 kB
MemFree:          117804 kB
Active:           360364 kB
Mem:          3.8G       3.7G       114M       5.7M        30M       3.2G

MemTotal:        4016004 kB
MemFree:          117664 kB
Active:           360464 kB
Mem:          3.8G       3.7G       114M       5.7M        30M       3.2G

MemTotal:        4016004 kB
MemFree:          117432 kB
Active:           360392 kB
Mem:          3.8G       3.7G       114M       5.7M        30M       3.2G

MemTotal:        4016004 kB
MemFree:          117604 kB
Active:           360488 kB
Mem:          3.8G       3.7G       114M       5.7M        30M       3.2G

MemTotal:        4016004 kB
MemFree:          117440 kB
Active:           360468 kB
Mem:          3.8G       3.7G       114M       5.7M        30M       3.2G

MemTotal:        4016004 kB
MemFree:          117044 kB
Active:           360476 kB
Mem:          3.8G       3.7G       114M       5.7M        30M       3.2G

MemTotal:        4016004 kB
MemFree:          117324 kB
Active:           360496 kB
Mem:          3.8G       3.7G       114M       5.7M        30M       3.2G

MemTotal:        4016004 kB
MemFree:          117520 kB
Active:           360492 kB
