MemTotal:        4016004 kB
MemFree:         3244984 kB
Active:           415880 kB
Mem:          3.8G       752M       3.1G       5.7M        54M       316M

MemTotal:        4016004 kB
MemFree:         3244388 kB
Active:           416108 kB
Mem:          3.8G       753M       3.1G       5.7M        54M       316M

MemTotal:        4016004 kB
MemFree:         3244248 kB
Active:           416204 kB
Mem:          3.8G       753M       3.1G       5.7M        54M       316M

MemTotal:        4016004 kB
MemFree:         3244000 kB
Active:           416216 kB
Mem:          3.8G       753M       3.1G       5.7M        54M       316M

MemTotal:        4016004 kB
MemFree:         3244480 kB
Active:           416184 kB
Mem:          3.8G       753M       3.1G       5.7M        54M       316M

MemTotal:        4016004 kB
MemFree:         3244356 kB
Active:           416160 kB
Mem:          3.8G       753M       3.1G       5.7M        54M       316M

MemTotal:        4016004 kB
MemFree:         3244216 kB
Active:           416168 kB
Mem:          3.8G       753M       3.1G       5.7M        54M       316M

MemTotal:        4016004 kB
MemFree:         3244324 kB
Active:           416180 kB
Mem:          3.8G       753M       3.1G       5.7M        54M       316M

MemTotal:        4016004 kB
MemFree:         3244308 kB
Active:           416196 kB
Mem:          3.8G       754M       3.1G       5.7M        54M       316M

MemTotal:        4016004 kB
MemFree:         3244060 kB
Active:           416192 kB
Mem:          3.8G       753M       3.1G       5.7M        54M       316M

MemTotal:        4016004 kB
MemFree:         3244060 kB
Active:           416208 kB
Mem:          3.8G       754M       3.1G       5.7M        54M       316M

MemTotal:        4016004 kB
MemFree:         3243936 kB
Active:           416220 kB
Mem:          3.8G       754M       3.1G       5.7M        54M       316M

MemTotal:        4016004 kB
MemFree:         3244044 kB
Active:           416216 kB
Mem:          3.8G       753M       3.1G       5.7M        54M       316M

MemTotal:        4016004 kB
MemFree:         3244400 kB
Active:           416168 kB
Mem:          3.8G       753M       3.1G       5.7M        54M       316M

MemTotal:        4016004 kB
MemFree:         3244028 kB
Active:           416180 kB
Mem:          3.8G       753M       3.1G       5.7M        54M       316M

MemTotal:        4016004 kB
MemFree:         3244036 kB
Active:           416192 kB
Mem:          3.8G       753M       3.1G       5.7M        54M       316M

MemTotal:        4016004 kB
MemFree:         3243928 kB
Active:           416176 kB
Mem:          3.8G       753M       3.1G       5.7M        54M       316M

MemTotal:        4016004 kB
MemFree:         3243484 kB
Active:           414376 kB
Mem:          3.8G       754M       3.1G       5.7M        54M       316M

MemTotal:        4016004 kB
MemFree:         3243492 kB
Active:           416224 kB
Mem:          3.8G       754M       3.1G       5.7M        54M       316M

MemTotal:        4016004 kB
MemFree:         3243228 kB
Active:           416180 kB
Mem:          3.8G       754M       3.1G       5.7M        54M       316M

MemTotal:        4016004 kB
MemFree:         3243088 kB
Active:           416212 kB
Mem:          3.8G       754M       3.1G       5.7M        54M       316M

MemTotal:        4016004 kB
MemFree:         3243460 kB
Active:           416192 kB
Mem:          3.8G       754M       3.1G       5.7M        54M       316M

MemTotal:        4016004 kB
MemFree:         3243832 kB
Active:           416200 kB
Mem:          3.8G       754M       3.1G       5.7M        54M       316M

MemTotal:        4016004 kB
MemFree:         3243816 kB
Active:           416212 kB
Mem:          3.8G       754M       3.1G       5.7M        54M       316M

MemTotal:        4016004 kB
MemFree:         3243428 kB
Active:           416236 kB
Mem:          3.8G       754M       3.1G       5.7M        54M       316M

MemTotal:        4016004 kB
MemFree:         3243552 kB
Active:           416216 kB
Mem:          3.8G       754M       3.1G       5.7M        54M       316M

MemTotal:        4016004 kB
MemFree:         3243412 kB
Active:           416240 kB
Mem:          3.8G       754M       3.1G       5.7M        54M       316M

MemTotal:        4016004 kB
MemFree:         3243768 kB
Active:           416204 kB
Mem:          3.8G       754M       3.1G       5.7M        54M       316M

MemTotal:        4016004 kB
MemFree:         3243876 kB
Active:           416196 kB
Mem:          3.8G       754M       3.1G       5.7M        54M       316M

MemTotal:        4016004 kB
MemFree:         3244248 kB
Active:           416224 kB
Mem:          3.8G       753M       3.1G       5.7M        54M       316M

MemTotal:        4016004 kB
MemFree:         3244280 kB
Active:           416208 kB
Mem:          3.8G       753M       3.1G       5.7M        54M       316M

MemTotal:        4016004 kB
MemFree:         3244156 kB
Active:           416236 kB
Mem:          3.8G       753M       3.1G       5.7M        54M       316M

MemTotal:        4016004 kB
MemFree:         3243908 kB
Active:           416220 kB
Mem:          3.8G       753M       3.1G       5.7M        54M       316M

MemTotal:        4016004 kB
MemFree:         3244032 kB
Active:           416232 kB
Mem:          3.8G       753M       3.1G       5.7M        54M       316M

MemTotal:        4016004 kB
MemFree:         3244032 kB
Active:           416248 kB
Mem:          3.8G       753M       3.1G       5.7M        54M       316M

MemTotal:        4016004 kB
MemFree:         3243784 kB
Active:           416248 kB
Mem:          3.8G       754M       3.1G       5.7M        54M       316M

MemTotal:        4016004 kB
MemFree:         3243536 kB
Active:           416236 kB
Mem:          3.8G       754M       3.1G       5.7M        54M       316M

MemTotal:        4016004 kB
MemFree:         3243392 kB
Active:           414308 kB
Mem:          3.8G       754M       3.1G       5.7M        54M       316M

MemTotal:        4016004 kB
MemFree:         3243596 kB
Active:           416224 kB
Mem:          3.8G       754M       3.1G       5.7M        54M       316M

MemTotal:        4016004 kB
MemFree:         3243492 kB
Active:           416260 kB
Mem:          3.8G       754M       3.1G       5.7M        54M       316M

MemTotal:        4016004 kB
MemFree:         3243864 kB
Active:           416232 kB
Mem:          3.8G       754M       3.1G       5.7M        54M       316M

MemTotal:        4016004 kB
MemFree:         3243988 kB
Active:           416240 kB
Mem:          3.8G       754M       3.1G       5.7M        54M       316M

MemTotal:        4016004 kB
MemFree:         3243740 kB
Active:           416272 kB
Mem:          3.8G       753M       3.1G       5.7M        54M       316M

MemTotal:        4016004 kB
MemFree:         3244112 kB
Active:           416228 kB
Mem:          3.8G       753M       3.1G       5.7M        54M       316M

MemTotal:        4016004 kB
MemFree:         3244236 kB
Active:           416232 kB
Mem:          3.8G       753M       3.1G       5.7M        54M       316M

MemTotal:        4016004 kB
MemFree:         3244236 kB
Active:           416244 kB
Mem:          3.8G       753M       3.1G       5.7M        54M       316M

MemTotal:        4016004 kB
MemFree:         3243864 kB
Active:           416252 kB
Mem:          3.8G       753M       3.1G       5.7M        54M       316M

MemTotal:        4016004 kB
MemFree:         3243892 kB
Active:           414344 kB
Mem:          3.8G       754M       3.1G       5.7M        54M       316M

MemTotal:        4016004 kB
MemFree:         3243924 kB
Active:           416268 kB
Mem:          3.8G       754M       3.1G       5.7M        54M       316M

MemTotal:        4016004 kB
MemFree:         3243924 kB
Active:           416252 kB
Mem:          3.8G       754M       3.1G       5.7M        54M       316M

MemTotal:        4016004 kB
MemFree:         3243552 kB
Active:           416252 kB
Mem:          3.8G       754M       3.1G       5.7M        54M       316M

MemTotal:        4016004 kB
MemFree:         3244296 kB
Active:           416288 kB
Mem:          3.8G       753M       3.1G       5.7M        54M       316M

MemTotal:        4016004 kB
MemFree:         3244296 kB
Active:           416292 kB
Mem:          3.8G       753M       3.1G       5.7M        54M       316M

MemTotal:        4016004 kB
MemFree:         3244296 kB
Active:           416268 kB
Mem:          3.8G       753M       3.1G       5.7M        54M       316M

MemTotal:        4016004 kB
MemFree:         3244296 kB
Active:           416272 kB
Mem:          3.8G       753M       3.1G       5.7M        54M       316M

MemTotal:        4016004 kB
MemFree:         3244280 kB
Active:           416284 kB
Mem:          3.8G       753M       3.1G       5.7M        54M       316M

MemTotal:        4016004 kB
MemFree:         3244016 kB
Active:           416276 kB
Mem:          3.8G       753M       3.1G       5.7M        54M       316M

MemTotal:        4016004 kB
MemFree:         3244140 kB
Active:           416272 kB
Mem:          3.8G       753M       3.1G       5.7M        54M       316M

MemTotal:        4016004 kB
MemFree:         3244124 kB
Active:           416292 kB
Mem:          3.8G       753M       3.1G       5.7M        54M       316M

MemTotal:        4016004 kB
MemFree:         3244124 kB
Active:           416296 kB
Mem:          3.8G       753M       3.1G       5.7M        54M       316M

MemTotal:        4016004 kB
MemFree:         3244060 kB
Active:           416416 kB
Mem:          3.8G       753M       3.1G       5.7M        54M       316M

MemTotal:        4016004 kB
MemFree:         3135780 kB
Active:           416884 kB
Mem:          3.8G       861M       3.0G       5.7M        54M       422M

MemTotal:        4016004 kB
MemFree:         3021288 kB
Active:           417164 kB
Mem:          3.8G       972M       2.9G       5.7M        54M       531M

MemTotal:        4016004 kB
MemFree:         2904240 kB
Active:           417328 kB
Mem:          3.8G       1.1G       2.8G       5.7M        54M       646M

MemTotal:        4016004 kB
MemFree:         2882624 kB
Active:           417144 kB
Mem:          3.8G       1.1G       2.7G       5.7M        54M       665M

MemTotal:        4016004 kB
MemFree:         2788936 kB
Active:           417216 kB
Mem:          3.8G       1.2G       2.7G       5.7M        54M       754M

MemTotal:        4016004 kB
MemFree:         2787260 kB
Active:           417264 kB
Mem:          3.8G       1.2G       2.7G       5.7M        54M       755M

MemTotal:        4016004 kB
MemFree:         2750256 kB
Active:           417548 kB
Mem:          3.8G       1.2G       2.6G       5.7M        54M       791M

MemTotal:        4016004 kB
MemFree:         2689140 kB
Active:           417204 kB
Mem:          3.8G       1.3G       2.6G       5.7M        55M       848M

MemTotal:        4016004 kB
MemFree:         2687724 kB
Active:           417304 kB
Mem:          3.8G       1.3G       2.6G       5.7M        55M       849M

MemTotal:        4016004 kB
MemFree:         2686768 kB
Active:           417364 kB
Mem:          3.8G       1.3G       2.6G       5.7M        55M       850M

MemTotal:        4016004 kB
MemFree:         2685016 kB
Active:           417460 kB
Mem:          3.8G       1.3G       2.6G       5.7M        55M       852M

MemTotal:        4016004 kB
MemFree:         2657664 kB
Active:           417348 kB
Mem:          3.8G       1.3G       2.5G       5.7M        55M       879M

MemTotal:        4016004 kB
MemFree:         2575200 kB
Active:           417128 kB
Mem:          3.8G       1.4G       2.5G       5.7M        55M       961M

MemTotal:        4016004 kB
MemFree:         2440356 kB
Active:           417264 kB
Mem:          3.8G       1.5G       2.3G       5.7M        55M       1.1G

MemTotal:        4016004 kB
MemFree:         2313312 kB
Active:           417304 kB
Mem:          3.8G       1.6G       2.2G       5.7M        55M       1.2G

MemTotal:        4016004 kB
MemFree:         2184588 kB
Active:           417404 kB
Mem:          3.8G       1.7G       2.1G       5.7M        55M       1.3G

MemTotal:        4016004 kB
MemFree:         2076176 kB
Active:           417472 kB
Mem:          3.8G       1.9G       2.0G       5.7M        55M       1.4G

MemTotal:        4016004 kB
MemFree:         2073380 kB
Active:           417328 kB
Mem:          3.8G       1.9G       2.0G       5.7M        55M       1.4G

MemTotal:        4016004 kB
MemFree:         2072364 kB
Active:           417388 kB
Mem:          3.8G       1.9G       2.0G       5.7M        55M       1.4G

MemTotal:        4016004 kB
MemFree:         2070588 kB
Active:           417408 kB
Mem:          3.8G       1.9G       2.0G       5.7M        55M       1.4G

MemTotal:        4016004 kB
MemFree:         2062472 kB
Active:           417284 kB
Mem:          3.8G       1.9G       2.0G       5.7M        55M       1.4G

MemTotal:        4016004 kB
MemFree:         2048632 kB
Active:           417388 kB
Mem:          3.8G       1.9G       2.0G       5.7M        55M       1.4G

MemTotal:        4016004 kB
MemFree:         2047684 kB
Active:           417556 kB
Mem:          3.8G       1.9G       2.0G       5.7M        55M       1.4G

MemTotal:        4016004 kB
MemFree:         2047856 kB
Active:           417308 kB
Mem:          3.8G       1.9G       2.0G       5.7M        55M       1.4G

MemTotal:        4016004 kB
MemFree:         2047660 kB
Active:           417404 kB
Mem:          3.8G       1.9G       2.0G       5.7M        55M       1.4G

MemTotal:        4016004 kB
MemFree:         1978744 kB
Active:           417248 kB
Mem:          3.8G       1.9G       1.9G       5.7M        55M       1.5G

MemTotal:        4016004 kB
MemFree:         1843136 kB
Active:           417728 kB
Mem:          3.8G       2.1G       1.8G       5.7M        55M       1.6G

MemTotal:        4016004 kB
MemFree:         1724364 kB
Active:           417500 kB
Mem:          3.8G       2.2G       1.6G       5.7M        55M       1.7G

MemTotal:        4016004 kB
MemFree:         1694092 kB
Active:           417512 kB
Mem:          3.8G       2.2G       1.6G       5.7M        55M       1.8G

MemTotal:        4016004 kB
MemFree:         1612964 kB
Active:           417540 kB
Mem:          3.8G       2.3G       1.5G       5.7M        55M       1.8G

MemTotal:        4016004 kB
MemFree:         1609808 kB
Active:           417536 kB
Mem:          3.8G       2.3G       1.5G       5.7M        55M       1.8G

MemTotal:        4016004 kB
MemFree:         1529744 kB
Active:           417512 kB
Mem:          3.8G       2.4G       1.5G       5.7M        55M       1.9G

MemTotal:        4016004 kB
MemFree:         1515800 kB
Active:           417496 kB
Mem:          3.8G       2.4G       1.4G       5.7M        55M       1.9G

MemTotal:        4016004 kB
MemFree:         1447112 kB
Active:           417508 kB
Mem:          3.8G       2.4G       1.4G       5.7M        55M       2.0G

MemTotal:        4016004 kB
MemFree:         1445884 kB
Active:           417580 kB
Mem:          3.8G       2.5G       1.4G       5.7M        55M       2.0G

MemTotal:        4016004 kB
MemFree:         1444876 kB
Active:           417448 kB
Mem:          3.8G       2.5G       1.4G       5.7M        55M       2.0G

MemTotal:        4016004 kB
MemFree:         1442724 kB
Active:           415592 kB
Mem:          3.8G       2.5G       1.4G       5.7M        55M       2.0G

MemTotal:        4016004 kB
MemFree:         1442280 kB
Active:           417664 kB
Mem:          3.8G       2.5G       1.4G       5.7M        55M       2.0G

MemTotal:        4016004 kB
MemFree:         1336948 kB
Active:           417560 kB
Mem:          3.8G       2.6G       1.3G       5.7M        55M       2.1G

MemTotal:        4016004 kB
MemFree:         1204308 kB
Active:           417572 kB
Mem:          3.8G       2.7G       1.1G       5.7M        55M       2.2G

MemTotal:        4016004 kB
MemFree:         1093692 kB
Active:           417600 kB
Mem:          3.8G       2.8G       1.0G       5.7M        55M       2.3G

MemTotal:        4016004 kB
MemFree:         1087792 kB
Active:           417696 kB
Mem:          3.8G       2.8G       1.0G       5.7M        55M       2.3G

MemTotal:        4016004 kB
MemFree:         1019776 kB
Active:           417584 kB
Mem:          3.8G       2.9G       995M       5.7M        55M       2.4G

MemTotal:        4016004 kB
MemFree:          962220 kB
Active:           417712 kB
Mem:          3.8G       2.9G       936M       5.7M        55M       2.5G

MemTotal:        4016004 kB
MemFree:          942132 kB
Active:           417596 kB
Mem:          3.8G       2.9G       920M       5.7M        55M       2.5G

MemTotal:        4016004 kB
MemFree:          917908 kB
Active:           417628 kB
Mem:          3.8G       3.0G       893M       5.7M        55M       2.5G

MemTotal:        4016004 kB
MemFree:          812568 kB
Active:           417568 kB
Mem:          3.8G       3.1G       792M       5.7M        55M       2.6G

MemTotal:        4016004 kB
MemFree:          808604 kB
Active:           417708 kB
Mem:          3.8G       3.1G       789M       5.7M        55M       2.6G

MemTotal:        4016004 kB
MemFree:          808540 kB
Active:           417812 kB
Mem:          3.8G       3.1G       789M       5.7M        55M       2.6G

MemTotal:        4016004 kB
MemFree:          807320 kB
Active:           417596 kB
Mem:          3.8G       3.1G       788M       5.7M        55M       2.6G

MemTotal:        4016004 kB
MemFree:          686972 kB
Active:           417732 kB
Mem:          3.8G       3.2G       668M       5.7M        55M       2.7G

MemTotal:        4016004 kB
MemFree:          590956 kB
Active:           417520 kB
Mem:          3.8G       3.3G       576M       5.7M        55M       2.8G

MemTotal:        4016004 kB
MemFree:          526800 kB
Active:           417600 kB
Mem:          3.8G       3.3G       511M       5.7M        55M       2.9G

MemTotal:        4016004 kB
MemFree:          513620 kB
Active:           417704 kB
Mem:          3.8G       3.3G       501M       5.7M        55M       2.9G

MemTotal:        4016004 kB
MemFree:          512480 kB
Active:           417012 kB
Mem:          3.8G       3.3G       499M       5.7M        55M       2.9G

MemTotal:        4016004 kB
MemFree:          394644 kB
Active:           419064 kB
Mem:          3.8G       3.5G       383M       5.7M        55M       3.0G

MemTotal:        4016004 kB
MemFree:          283300 kB
Active:           419064 kB
Mem:          3.8G       3.6G       274M       5.7M        55M       3.1G

MemTotal:        4016004 kB
MemFree:          163444 kB
Active:           419072 kB
Mem:          3.8G       3.7G       157M       5.7M        55M       3.2G

MemTotal:        4016004 kB
MemFree:          147044 kB
Active:           419076 kB
Mem:          3.8G       3.7G       140M       5.7M        55M       3.2G

MemTotal:        4016004 kB
MemFree:          132576 kB
Active:           415724 kB
Mem:          3.8G       3.7G       127M       5.7M        19M       3.3G

MemTotal:        4016004 kB
MemFree:          130852 kB
Active:           443144 kB
Mem:          3.8G       3.7G       117M       5.7M        19M       3.3G

MemTotal:        4016004 kB
MemFree:          164764 kB
Active:           479880 kB
Mem:          3.8G       3.7G       159M       5.7M        19M       3.2G

MemTotal:        4016004 kB
MemFree:          128428 kB
Active:           479880 kB
Mem:          3.8G       3.7G       125M       5.7M        19M       3.3G

MemTotal:        4016004 kB
MemFree:          128596 kB
Active:           474872 kB
Mem:          3.8G       3.7G       123M       5.7M        19M       3.3G

MemTotal:        4016004 kB
MemFree:          134428 kB
Active:           473328 kB
Mem:          3.8G       3.7G       131M       5.7M        19M       3.3G

MemTotal:        4016004 kB
MemFree:          133372 kB
Active:           473352 kB
Mem:          3.8G       3.7G       130M       5.7M        19M       3.3G

MemTotal:        4016004 kB
MemFree:          130908 kB
Active:           473356 kB
Mem:          3.8G       3.7G       128M       5.7M        19M       3.3G

MemTotal:        4016004 kB
MemFree:          131508 kB
Active:           473344 kB
Mem:          3.8G       3.7G       128M       5.7M        19M       3.3G

MemTotal:        4016004 kB
MemFree:          131364 kB
Active:           467944 kB
Mem:          3.8G       3.7G       136M       5.7M        19M       3.3G

MemTotal:        4016004 kB
MemFree:          125852 kB
Active:           452624 kB
Mem:          3.8G       3.7G       120M       5.7M        19M       3.3G

MemTotal:        4016004 kB
MemFree:          143048 kB
Active:           438144 kB
Mem:          3.8G       3.7G       136M       5.7M        19M       3.3G

MemTotal:        4016004 kB
MemFree:          114776 kB
Active:           438020 kB
Mem:          3.8G       3.7G       110M       5.7M        19M       3.3G

MemTotal:        4016004 kB
MemFree:          152944 kB
Active:           433824 kB
Mem:          3.8G       3.7G       149M       5.7M        19M       3.2G

MemTotal:        4016004 kB
MemFree:          139100 kB
Active:           432388 kB
Mem:          3.8G       3.7G       135M       5.7M        20M       3.3G

MemTotal:        4016004 kB
MemFree:          105276 kB
Active:           435272 kB
Mem:          3.8G       3.7G       122M       5.7M        20M       3.3G

MemTotal:        4016004 kB
MemFree:          119236 kB
Active:           431436 kB
Mem:          3.8G       3.7G       116M       5.7M        20M       3.3G

MemTotal:        4016004 kB
MemFree:          126868 kB
Active:           429260 kB
Mem:          3.8G       3.7G       123M       5.7M        20M       3.3G

MemTotal:        4016004 kB
MemFree:          124804 kB
Active:           429164 kB
Mem:          3.8G       3.7G       121M       5.7M        20M       3.3G

MemTotal:        4016004 kB
MemFree:          124556 kB
Active:           429172 kB
Mem:          3.8G       3.7G       121M       5.7M        20M       3.3G

MemTotal:        4016004 kB
MemFree:          124248 kB
Active:           429172 kB
Mem:          3.8G       3.7G       121M       5.7M        20M       3.3G

MemTotal:        4016004 kB
MemFree:          124500 kB
Active:           429168 kB
Mem:          3.8G       3.7G       121M       5.7M        20M       3.3G

MemTotal:        4016004 kB
MemFree:          135876 kB
Active:           426348 kB
Mem:          3.8G       3.7G       140M       5.7M        20M       3.3G

MemTotal:        4016004 kB
MemFree:          143400 kB
Active:           417160 kB
Mem:          3.8G       3.7G       138M       5.7M        20M       3.3G

MemTotal:        4016004 kB
MemFree:          133208 kB
Active:           411616 kB
Mem:          3.8G       3.7G       126M       5.7M        20M       3.3G

MemTotal:        4016004 kB
MemFree:          132832 kB
Active:           407192 kB
Mem:          3.8G       3.7G       127M       5.7M        20M       3.3G

MemTotal:        4016004 kB
MemFree:          146192 kB
Active:           406560 kB
Mem:          3.8G       3.7G       143M       5.7M        20M       3.2G

MemTotal:        4016004 kB
MemFree:          140508 kB
Active:           404264 kB
Mem:          3.8G       3.7G       135M       5.7M        20M       3.3G

MemTotal:        4016004 kB
MemFree:          113700 kB
Active:           404264 kB
Mem:          3.8G       3.7G       110M       5.7M        20M       3.3G

MemTotal:        4016004 kB
MemFree:          107444 kB
Active:           404228 kB
Mem:          3.8G       3.7G       102M       5.7M        20M       3.3G

MemTotal:        4016004 kB
MemFree:          140284 kB
Active:           401336 kB
Mem:          3.8G       3.7G       136M       5.7M        20M       3.3G

MemTotal:        4016004 kB
MemFree:          137548 kB
Active:           401336 kB
Mem:          3.8G       3.7G       134M       5.7M        20M       3.3G

MemTotal:        4016004 kB
MemFree:          137052 kB
Active:           401360 kB
Mem:          3.8G       3.7G       133M       5.7M        20M       3.3G

MemTotal:        4016004 kB
MemFree:          135876 kB
Active:           401352 kB
Mem:          3.8G       3.7G       132M       5.7M        20M       3.3G

MemTotal:        4016004 kB
MemFree:          138124 kB
Active:           399316 kB
Mem:          3.8G       3.7G       133M       5.7M        20M       3.3G

MemTotal:        4016004 kB
MemFree:          119548 kB
Active:           393636 kB
Mem:          3.8G       3.7G       124M       5.7M        20M       3.3G

MemTotal:        4016004 kB
MemFree:          141380 kB
Active:           389800 kB
Mem:          3.8G       3.7G       137M       5.7M        20M       3.3G

MemTotal:        4016004 kB
MemFree:          135388 kB
Active:           387488 kB
Mem:          3.8G       3.7G       130M       5.7M        20M       3.3G

MemTotal:        4016004 kB
MemFree:          134440 kB
Active:           386348 kB
Mem:          3.8G       3.7G       131M       5.7M        20M       3.3G

MemTotal:        4016004 kB
MemFree:          110032 kB
Active:           386356 kB
Mem:          3.8G       3.7G       106M       5.7M        20M       3.3G

MemTotal:        4016004 kB
MemFree:          132832 kB
Active:           384548 kB
Mem:          3.8G       3.7G       127M       5.7M        20M       3.3G

MemTotal:        4016004 kB
MemFree:          123524 kB
Active:           382284 kB
Mem:          3.8G       3.7G       120M       5.7M        20M       3.3G

MemTotal:        4016004 kB
MemFree:          123692 kB
Active:           382168 kB
Mem:          3.8G       3.7G       120M       5.7M        20M       3.3G

MemTotal:        4016004 kB
MemFree:          121804 kB
Active:           382152 kB
Mem:          3.8G       3.7G       118M       5.7M        20M       3.3G

MemTotal:        4016004 kB
MemFree:          121016 kB
Active:           382152 kB
Mem:          3.8G       3.7G       117M       5.7M        20M       3.3G

MemTotal:        4016004 kB
MemFree:          121068 kB
Active:           382188 kB
Mem:          3.8G       3.7G       117M       5.7M        20M       3.3G

MemTotal:        4016004 kB
MemFree:          114652 kB
Active:           382148 kB
Mem:          3.8G       3.7G       109M       5.7M        20M       3.3G

MemTotal:        4016004 kB
MemFree:          107592 kB
Active:           377648 kB
Mem:          3.8G       3.7G       103M       5.7M        20M       3.3G

MemTotal:        4016004 kB
MemFree:          155636 kB
Active:           372176 kB
Mem:          3.8G       3.7G       149M       5.7M        20M       3.2G

MemTotal:        4016004 kB
MemFree:          137460 kB
Active:           366088 kB
Mem:          3.8G       3.7G       131M       5.7M        20M       3.3G

MemTotal:        4016004 kB
MemFree:          154672 kB
Active:           364936 kB
Mem:          3.8G       3.7G       150M       5.7M        20M       3.2G

MemTotal:        4016004 kB
MemFree:          128260 kB
Active:           364428 kB
Mem:          3.8G       3.7G       120M       5.7M        20M       3.3G

MemTotal:        4016004 kB
MemFree:          117872 kB
Active:           364016 kB
Mem:          3.8G       3.7G       114M       5.7M        20M       3.3G

MemTotal:        4016004 kB
MemFree:          133348 kB
Active:           363932 kB
Mem:          3.8G       3.7G       130M       5.7M        20M       3.3G

MemTotal:        4016004 kB
MemFree:          138144 kB
Active:           363920 kB
Mem:          3.8G       3.7G       133M       5.7M        20M       3.3G

MemTotal:        4016004 kB
MemFree:          140912 kB
Active:           363932 kB
Mem:          3.8G       3.7G       137M       5.7M        20M       3.3G

MemTotal:        4016004 kB
MemFree:          141228 kB
Active:           363916 kB
Mem:          3.8G       3.7G       137M       5.7M        20M       3.3G

MemTotal:        4016004 kB
MemFree:          141632 kB
Active:           363924 kB
Mem:          3.8G       3.7G       137M       5.7M        20M       3.3G

MemTotal:        4016004 kB
MemFree:          138124 kB
Active:           363980 kB
Mem:          3.8G       3.7G       134M       5.7M        20M       3.3G

MemTotal:        4016004 kB
MemFree:          130524 kB
Active:           363980 kB
Mem:          3.8G       3.7G       126M       5.7M        20M       3.3G

MemTotal:        4016004 kB
MemFree:          140296 kB
Active:           363856 kB
Mem:          3.8G       3.7G       136M       5.7M        20M       3.3G

MemTotal:        4016004 kB
MemFree:          127388 kB
Active:           361876 kB
Mem:          3.8G       3.7G       122M       5.7M        20M       3.3G

MemTotal:        4016004 kB
MemFree:          129308 kB
Active:           361656 kB
Mem:          3.8G       3.7G       123M       5.7M        20M       3.3G

MemTotal:        4016004 kB
MemFree:          140396 kB
Active:           361668 kB
Mem:          3.8G       3.7G       136M       5.7M        20M       3.3G

MemTotal:        4016004 kB
MemFree:          138940 kB
Active:           361656 kB
Mem:          3.8G       3.7G       135M       5.7M        20M       3.3G

MemTotal:        4016004 kB
MemFree:          148372 kB
Active:           357392 kB
Mem:          3.8G       3.7G       144M       5.7M        20M       3.2G

MemTotal:        4016004 kB
MemFree:          146080 kB
Active:           359264 kB
Mem:          3.8G       3.7G       141M       5.7M        20M       3.2G

MemTotal:        4016004 kB
MemFree:          104896 kB
Active:           359288 kB
Mem:          3.8G       3.7G       125M       5.7M        20M       3.3G

MemTotal:        4016004 kB
MemFree:          128052 kB
Active:           359260 kB
Mem:          3.8G       3.7G       124M       5.7M        20M       3.3G

MemTotal:        4016004 kB
MemFree:          126580 kB
Active:           359308 kB
Mem:          3.8G       3.7G       123M       5.7M        20M       3.3G

MemTotal:        4016004 kB
MemFree:          125128 kB
Active:           359296 kB
Mem:          3.8G       3.7G       121M       5.7M        20M       3.3G

MemTotal:        4016004 kB
MemFree:          107932 kB
Active:           359272 kB
Mem:          3.8G       3.7G       103M       5.7M        20M       3.3G

MemTotal:        4016004 kB
MemFree:          143652 kB
Active:           359292 kB
Mem:          3.8G       3.7G       138M       5.7M        20M       3.2G

MemTotal:        4016004 kB
MemFree:          133908 kB
Active:           359320 kB
Mem:          3.8G       3.7G       128M       5.7M        20M       3.3G

MemTotal:        4016004 kB
MemFree:          126864 kB
Active:           359324 kB
Mem:          3.8G       3.7G       123M       5.7M        20M       3.3G

MemTotal:        4016004 kB
MemFree:          115588 kB
Active:           359472 kB
Mem:          3.8G       3.7G       112M       5.7M        20M       3.3G

MemTotal:        4016004 kB
MemFree:          113448 kB
Active:           359324 kB
Mem:          3.8G       3.7G       109M       5.7M        20M       3.3G

MemTotal:        4016004 kB
MemFree:          142096 kB
Active:           359332 kB
Mem:          3.8G       3.7G       138M       5.7M        20M       3.2G

MemTotal:        4016004 kB
MemFree:          122340 kB
Active:           359312 kB
Mem:          3.8G       3.7G       114M       5.7M        20M       3.3G

MemTotal:        4016004 kB
MemFree:          136104 kB
Active:           359356 kB
Mem:          3.8G       3.7G       132M       5.7M        20M       3.3G

MemTotal:        4016004 kB
MemFree:          135264 kB
Active:           359340 kB
Mem:          3.8G       3.7G       132M       5.7M        20M       3.3G

MemTotal:        4016004 kB
MemFree:          134336 kB
Active:           359348 kB
Mem:          3.8G       3.7G       131M       5.7M        20M       3.3G

MemTotal:        4016004 kB
MemFree:          133568 kB
Active:           359344 kB
Mem:          3.8G       3.7G       130M       5.7M        20M       3.3G

MemTotal:        4016004 kB
MemFree:          109828 kB
Active:           359352 kB
Mem:          3.8G       3.7G       104M       5.7M        20M       3.3G

MemTotal:        4016004 kB
MemFree:          125244 kB
Active:           358176 kB
Mem:          3.8G       3.7G       121M       5.7M        20M       3.3G

MemTotal:        4016004 kB
MemFree:          132084 kB
Active:           360208 kB
Mem:          3.8G       3.7G       125M       5.7M        20M       3.3G

MemTotal:        4016004 kB
MemFree:          136768 kB
Active:           360208 kB
Mem:          3.8G       3.7G       133M       5.7M        20M       3.3G

MemTotal:        4016004 kB
MemFree:          127644 kB
Active:           358000 kB
Mem:          3.8G       3.7G       124M       5.7M        20M       3.3G

MemTotal:        4016004 kB
MemFree:          125312 kB
Active:           357800 kB
Mem:          3.8G       3.7G       121M       5.7M        20M       3.3G

MemTotal:        4016004 kB
MemFree:          134752 kB
Active:           357760 kB
Mem:          3.8G       3.7G       130M       5.7M        20M       3.3G

MemTotal:        4016004 kB
MemFree:          143756 kB
Active:           357816 kB
Mem:          3.8G       3.7G       140M       5.7M        20M       3.2G

MemTotal:        4016004 kB
MemFree:          142672 kB
Active:           357804 kB
Mem:          3.8G       3.7G       139M       5.7M        20M       3.2G

MemTotal:        4016004 kB
MemFree:          142484 kB
Active:           357832 kB
Mem:          3.8G       3.7G       139M       5.7M        20M       3.2G

MemTotal:        4016004 kB
MemFree:          140132 kB
Active:           357828 kB
Mem:          3.8G       3.7G       136M       5.7M        20M       3.2G

MemTotal:        4016004 kB
MemFree:          139212 kB
Active:           357836 kB
Mem:          3.8G       3.7G       134M       5.7M        20M       3.2G

MemTotal:        4016004 kB
MemFree:          133220 kB
Active:           357848 kB
Mem:          3.8G       3.7G       128M       5.7M        20M       3.3G

MemTotal:        4016004 kB
MemFree:          138172 kB
Active:           357404 kB
Mem:          3.8G       3.7G       132M       5.7M        20M       3.3G

MemTotal:        4016004 kB
MemFree:          144192 kB
Active:           357280 kB
Mem:          3.8G       3.7G       140M       5.7M        20M       3.2G

MemTotal:        4016004 kB
MemFree:          134164 kB
Active:           357280 kB
Mem:          3.8G       3.7G       129M       5.7M        20M       3.3G

MemTotal:        4016004 kB
MemFree:          138336 kB
Active:           357284 kB
Mem:          3.8G       3.7G       135M       5.7M        20M       3.2G

MemTotal:        4016004 kB
MemFree:          127836 kB
Active:           357268 kB
Mem:          3.8G       3.7G       124M       5.7M        20M       3.3G

MemTotal:        4016004 kB
MemFree:          121740 kB
Active:           357308 kB
Mem:          3.8G       3.7G       117M       5.7M        20M       3.3G

MemTotal:        4016004 kB
MemFree:          144724 kB
Active:           353604 kB
Mem:          3.8G       3.7G       141M       5.7M        20M       3.2G

MemTotal:        4016004 kB
MemFree:          142676 kB
Active:           353616 kB
Mem:          3.8G       3.7G       139M       5.7M        20M       3.2G

MemTotal:        4016004 kB
MemFree:          141808 kB
Active:           353616 kB
Mem:          3.8G       3.7G       138M       5.7M        20M       3.2G

MemTotal:        4016004 kB
MemFree:          141480 kB
Active:           353616 kB
Mem:          3.8G       3.7G       138M       5.7M        20M       3.2G

MemTotal:        4016004 kB
MemFree:          141764 kB
Active:           353620 kB
Mem:          3.8G       3.7G       138M       5.7M        20M       3.2G

MemTotal:        4016004 kB
MemFree:          122496 kB
Active:           353592 kB
Mem:          3.8G       3.7G       115M       5.7M        20M       3.3G

MemTotal:        4016004 kB
MemFree:          122308 kB
Active:           353592 kB
Mem:          3.8G       3.7G       121M       5.7M        20M       3.3G

MemTotal:        4016004 kB
MemFree:          137048 kB
Active:           353576 kB
Mem:          3.8G       3.7G       131M       5.7M        20M       3.3G

MemTotal:        4016004 kB
MemFree:          141036 kB
Active:           352920 kB
Mem:          3.8G       3.7G       137M       5.7M        20M       3.2G

MemTotal:        4016004 kB
MemFree:          124944 kB
Active:           352932 kB
Mem:          3.8G       3.7G       120M       5.7M        20M       3.3G

MemTotal:        4016004 kB
MemFree:          132252 kB
Active:           352912 kB
Mem:          3.8G       3.7G       129M       5.7M        20M       3.3G

MemTotal:        4016004 kB
MemFree:          130316 kB
Active:           352912 kB
Mem:          3.8G       3.7G       125M       5.7M        20M       3.3G

MemTotal:        4016004 kB
MemFree:          131172 kB
Active:           352944 kB
Mem:          3.8G       3.7G       128M       5.7M        20M       3.3G

MemTotal:        4016004 kB
MemFree:          131440 kB
Active:           352224 kB
Mem:          3.8G       3.7G       128M       5.7M        20M       3.3G

MemTotal:        4016004 kB
MemFree:          130988 kB
Active:           354296 kB
Mem:          3.8G       3.7G       127M       5.7M        20M       3.3G

MemTotal:        4016004 kB
MemFree:          124152 kB
Active:           354320 kB
Mem:          3.8G       3.7G       119M       5.7M        20M       3.3G

MemTotal:        4016004 kB
MemFree:          140892 kB
Active:           353168 kB
Mem:          3.8G       3.7G       136M       5.7M        20M       3.2G

MemTotal:        4016004 kB
MemFree:          130632 kB
Active:           347436 kB
Mem:          3.8G       3.7G       124M       5.7M        20M       3.3G

MemTotal:        4016004 kB
MemFree:          146160 kB
Active:           347260 kB
Mem:          3.8G       3.7G       142M       5.7M        20M       3.2G

MemTotal:        4016004 kB
MemFree:          144908 kB
Active:           347300 kB
Mem:          3.8G       3.7G       141M       5.7M        20M       3.2G

MemTotal:        4016004 kB
MemFree:          133856 kB
Active:           347308 kB
Mem:          3.8G       3.7G       128M       5.7M        20M       3.3G

MemTotal:        4016004 kB
MemFree:          124740 kB
Active:           347316 kB
Mem:          3.8G       3.7G       120M       5.7M        20M       3.3G

MemTotal:        4016004 kB
MemFree:          138760 kB
Active:           347268 kB
Mem:          3.8G       3.7G       135M       5.7M        20M       3.2G

MemTotal:        4016004 kB
MemFree:          104800 kB
Active:           347384 kB
Mem:          3.8G       3.7G       125M       5.7M        20M       3.3G

MemTotal:        4016004 kB
MemFree:          133080 kB
Active:           347436 kB
Mem:          3.8G       3.7G       129M       5.7M        20M       3.3G

MemTotal:        4016004 kB
MemFree:          131956 kB
Active:           347496 kB
Mem:          3.8G       3.7G       128M       5.7M        20M       3.3G

MemTotal:        4016004 kB
MemFree:          130612 kB
Active:           347500 kB
Mem:          3.8G       3.7G       127M       5.7M        20M       3.3G

MemTotal:        4016004 kB
MemFree:          130264 kB
Active:           347524 kB
Mem:          3.8G       3.7G       127M       5.7M        20M       3.3G

MemTotal:        4016004 kB
MemFree:          129676 kB
Active:           347516 kB
Mem:          3.8G       3.7G       126M       5.7M        20M       3.3G

MemTotal:        4016004 kB
MemFree:          141444 kB
Active:           347556 kB
Mem:          3.8G       3.7G       137M       5.7M        20M       3.2G

MemTotal:        4016004 kB
MemFree:          126276 kB
Active:           346568 kB
Mem:          3.8G       3.7G       121M       5.7M        20M       3.3G

MemTotal:        4016004 kB
MemFree:          130332 kB
Active:           346336 kB
Mem:          3.8G       3.7G       124M       5.7M        20M       3.3G

MemTotal:        4016004 kB
MemFree:          140756 kB
Active:           346440 kB
Mem:          3.8G       3.7G       137M       5.7M        20M       3.2G

MemTotal:        4016004 kB
MemFree:          105260 kB
Active:           346644 kB
Mem:          3.8G       3.7G       102M       5.7M        20M       3.3G

MemTotal:        4016004 kB
MemFree:          146128 kB
Active:           346872 kB
Mem:          3.8G       3.7G       143M       5.7M        20M       3.2G

MemTotal:        4016004 kB
MemFree:          127956 kB
Active:           346904 kB
Mem:          3.8G       3.7G       122M       5.7M        20M       3.3G

MemTotal:        4016004 kB
MemFree:          130320 kB
Active:           353956 kB
Mem:          3.8G       3.7G       126M       5.7M        27M       3.2G

MemTotal:        4016004 kB
MemFree:          135344 kB
Active:           353884 kB
Mem:          3.8G       3.7G       132M       5.7M        27M       3.2G

MemTotal:        4016004 kB
MemFree:          133856 kB
Active:           353848 kB
Mem:          3.8G       3.7G       130M       5.7M        27M       3.2G

MemTotal:        4016004 kB
MemFree:          133360 kB
Active:           353896 kB
Mem:          3.8G       3.7G       129M       5.7M        27M       3.2G

MemTotal:        4016004 kB
MemFree:          133680 kB
Active:           353856 kB
Mem:          3.8G       3.7G       130M       5.7M        27M       3.2G

MemTotal:        4016004 kB
MemFree:          125168 kB
Active:           351364 kB
Mem:          3.8G       3.7G       120M       5.7M        27M       3.3G

MemTotal:        4016004 kB
MemFree:          118868 kB
Active:           351248 kB
Mem:          3.8G       3.7G       114M       5.7M        27M       3.3G

MemTotal:        4016004 kB
MemFree:          117572 kB
Active:           352460 kB
Mem:          3.8G       3.7G       113M       5.7M        27M       3.3G

MemTotal:        4016004 kB
MemFree:          145532 kB
Active:           352324 kB
Mem:          3.8G       3.7G       142M       5.7M        27M       3.2G

MemTotal:        4016004 kB
MemFree:          141992 kB
Active:           352304 kB
Mem:          3.8G       3.7G       138M       5.7M        27M       3.2G

MemTotal:        4016004 kB
MemFree:          109128 kB
Active:           352340 kB
Mem:          3.8G       3.7G       106M       5.7M        27M       3.3G

MemTotal:        4016004 kB
MemFree:          132164 kB
Active:           352328 kB
Mem:          3.8G       3.7G       129M       5.7M        27M       3.2G

MemTotal:        4016004 kB
MemFree:          127008 kB
Active:           352356 kB
Mem:          3.8G       3.7G       121M       5.7M        27M       3.2G

MemTotal:        4016004 kB
MemFree:          131292 kB
Active:           350056 kB
Mem:          3.8G       3.7G       127M       5.7M        27M       3.2G

MemTotal:        4016004 kB
MemFree:          129800 kB
Active:           350068 kB
Mem:          3.8G       3.7G       126M       5.7M        27M       3.2G

MemTotal:        4016004 kB
MemFree:          129712 kB
Active:           350040 kB
Mem:          3.8G       3.7G       126M       5.7M        27M       3.2G

MemTotal:        4016004 kB
MemFree:          130044 kB
Active:           350200 kB
Mem:          3.8G       3.7G       126M       5.7M        27M       3.2G

MemTotal:        4016004 kB
MemFree:          125936 kB
Active:           349996 kB
Mem:          3.8G       3.7G       120M       5.7M        27M       3.2G

MemTotal:        4016004 kB
MemFree:          123448 kB
Active:           350016 kB
Mem:          3.8G       3.7G       117M       5.7M        27M       3.3G

MemTotal:        4016004 kB
MemFree:          142320 kB
Active:           350044 kB
Mem:          3.8G       3.7G       137M       5.7M        27M       3.2G

MemTotal:        4016004 kB
MemFree:          139148 kB
Active:           350056 kB
Mem:          3.8G       3.7G       135M       5.7M        27M       3.2G

MemTotal:        4016004 kB
MemFree:          115324 kB
Active:           350184 kB
Mem:          3.8G       3.7G       112M       5.7M        27M       3.3G

MemTotal:        4016004 kB
MemFree:          132500 kB
Active:           349988 kB
Mem:          3.8G       3.7G       129M       5.7M        27M       3.2G

MemTotal:        4016004 kB
MemFree:          106336 kB
Active:           350092 kB
Mem:          3.8G       3.7G       124M       5.7M        27M       3.2G

MemTotal:        4016004 kB
MemFree:          136308 kB
Active:           350220 kB
Mem:          3.8G       3.7G       132M       5.7M        27M       3.2G

MemTotal:        4016004 kB
MemFree:          127748 kB
Active:           350104 kB
Mem:          3.8G       3.7G       124M       5.7M        27M       3.2G

MemTotal:        4016004 kB
MemFree:          125816 kB
Active:           350220 kB
Mem:          3.8G       3.7G       122M       5.7M        27M       3.2G

MemTotal:        4016004 kB
MemFree:          125104 kB
Active:           350112 kB
Mem:          3.8G       3.7G       121M       5.7M        27M       3.2G

MemTotal:        4016004 kB
MemFree:          123932 kB
Active:           350124 kB
Mem:          3.8G       3.7G       120M       5.7M        27M       3.2G

MemTotal:        4016004 kB
MemFree:          123256 kB
Active:           350100 kB
Mem:          3.8G       3.7G       120M       5.7M        27M       3.2G

MemTotal:        4016004 kB
MemFree:          131444 kB
Active:           346516 kB
Mem:          3.8G       3.7G       126M       5.7M        27M       3.2G

MemTotal:        4016004 kB
MemFree:          140736 kB
Active:           346520 kB
Mem:          3.8G       3.7G       135M       5.7M        27M       3.2G

MemTotal:        4016004 kB
MemFree:          123336 kB
Active:           346496 kB
Mem:          3.8G       3.7G       118M       5.7M        27M       3.2G

MemTotal:        4016004 kB
MemFree:          126384 kB
Active:           346540 kB
Mem:          3.8G       3.7G       121M       5.7M        27M       3.2G

MemTotal:        4016004 kB
MemFree:          145388 kB
Active:           346532 kB
Mem:          3.8G       3.7G       141M       5.7M        27M       3.2G

MemTotal:        4016004 kB
MemFree:          143152 kB
Active:           346540 kB
Mem:          3.8G       3.7G       139M       5.7M        27M       3.2G

MemTotal:        4016004 kB
MemFree:          143080 kB
Active:           346564 kB
Mem:          3.8G       3.7G       140M       5.7M        27M       3.2G

MemTotal:        4016004 kB
MemFree:          142388 kB
Active:           346572 kB
Mem:          3.8G       3.7G       139M       5.7M        27M       3.2G

MemTotal:        4016004 kB
MemFree:          141584 kB
Active:           346528 kB
Mem:          3.8G       3.7G       138M       5.7M        27M       3.2G

MemTotal:        4016004 kB
MemFree:          141108 kB
Active:           346532 kB
Mem:          3.8G       3.7G       137M       5.7M        27M       3.2G

MemTotal:        4016004 kB
MemFree:          141020 kB
Active:           346536 kB
Mem:          3.8G       3.7G       137M       5.7M        27M       3.2G

MemTotal:        4016004 kB
MemFree:          128508 kB
Active:           346208 kB
Mem:          3.8G       3.7G       125M       5.7M        27M       3.2G

MemTotal:        4016004 kB
MemFree:          128136 kB
Active:           346248 kB
Mem:          3.8G       3.7G       125M       5.7M        27M       3.2G

MemTotal:        4016004 kB
MemFree:          128136 kB
Active:           346272 kB
Mem:          3.8G       3.7G       125M       5.7M        27M       3.2G

MemTotal:        4016004 kB
MemFree:          128384 kB
Active:           346272 kB
Mem:          3.8G       3.7G       125M       5.7M        27M       3.2G

MemTotal:        4016004 kB
MemFree:          128260 kB
Active:           346272 kB
Mem:          3.8G       3.7G       125M       5.7M        27M       3.2G

MemTotal:        4016004 kB
MemFree:          127764 kB
Active:           346276 kB
Mem:          3.8G       3.7G       124M       5.7M        27M       3.2G

MemTotal:        4016004 kB
MemFree:          127584 kB
Active:           345248 kB
Mem:          3.8G       3.7G       124M       5.7M        27M       3.2G

MemTotal:        4016004 kB
MemFree:          127708 kB
Active:           345260 kB
Mem:          3.8G       3.7G       125M       5.7M        27M       3.2G

MemTotal:        4016004 kB
MemFree:          128920 kB
Active:           346936 kB
Mem:          3.8G       3.7G       125M       5.7M        27M       3.2G

MemTotal:        4016004 kB
MemFree:          128744 kB
Active:           346896 kB
Mem:          3.8G       3.7G       125M       5.7M        27M       3.2G

MemTotal:        4016004 kB
MemFree:          128868 kB
Active:           346896 kB
Mem:          3.8G       3.7G       125M       5.7M        27M       3.2G

MemTotal:        4016004 kB
MemFree:          128744 kB
Active:           346872 kB
Mem:          3.8G       3.7G       125M       5.7M        27M       3.2G

MemTotal:        4016004 kB
MemFree:          128744 kB
Active:           346872 kB
Mem:          3.8G       3.7G       125M       5.7M        27M       3.2G

MemTotal:        4016004 kB
MemFree:          128868 kB
Active:           346852 kB
Mem:          3.8G       3.7G       125M       5.7M        27M       3.2G

MemTotal:        4016004 kB
MemFree:          128372 kB
Active:           346912 kB
Mem:          3.8G       3.7G       125M       5.7M        27M       3.2G

MemTotal:        4016004 kB
MemFree:          128992 kB
Active:           346912 kB
Mem:          3.8G       3.7G       126M       5.7M        27M       3.2G

MemTotal:        4016004 kB
MemFree:          129116 kB
Active:           346912 kB
Mem:          3.8G       3.7G       125M       5.7M        27M       3.2G

MemTotal:        4016004 kB
MemFree:          129116 kB
Active:           346916 kB
Mem:          3.8G       3.7G       126M       5.7M        27M       3.2G

MemTotal:        4016004 kB
MemFree:          128992 kB
Active:           346876 kB
Mem:          3.8G       3.7G       126M       5.7M        27M       3.2G

MemTotal:        4016004 kB
MemFree:          128868 kB
Active:           346908 kB
Mem:          3.8G       3.7G       125M       5.7M        27M       3.2G

MemTotal:        4016004 kB
MemFree:          128868 kB
Active:           346916 kB
Mem:          3.8G       3.7G       125M       5.7M        27M       3.2G

MemTotal:        4016004 kB
MemFree:          128868 kB
Active:           346920 kB
Mem:          3.8G       3.7G       125M       5.7M        27M       3.2G

MemTotal:        4016004 kB
MemFree:          128732 kB
Active:           346928 kB
Mem:          3.8G       3.7G       125M       5.7M        27M       3.2G

MemTotal:        4016004 kB
MemFree:          129104 kB
Active:           346904 kB
Mem:          3.8G       3.7G       125M       5.7M        27M       3.2G

MemTotal:        4016004 kB
MemFree:          129352 kB
Active:           346912 kB
Mem:          3.8G       3.7G       126M       5.7M        27M       3.2G

MemTotal:        4016004 kB
MemFree:          128904 kB
Active:           346928 kB
Mem:          3.8G       3.7G       125M       5.7M        27M       3.2G

MemTotal:        4016004 kB
MemFree:          128904 kB
Active:           346912 kB
Mem:          3.8G       3.7G       125M       5.7M        27M       3.2G

MemTotal:        4016004 kB
MemFree:          128904 kB
Active:           346936 kB
Mem:          3.8G       3.7G       125M       5.7M        27M       3.2G

MemTotal:        4016004 kB
MemFree:          128656 kB
Active:           346936 kB
Mem:          3.8G       3.7G       125M       5.7M        27M       3.2G

MemTotal:        4016004 kB
MemFree:          128904 kB
Active:           346896 kB
Mem:          3.8G       3.7G       126M       5.7M        27M       3.2G

MemTotal:        4016004 kB
MemFree:          129524 kB
Active:           346896 kB
Mem:          3.8G       3.7G       126M       5.7M        27M       3.2G

MemTotal:        4016004 kB
MemFree:          129276 kB
Active:           346896 kB
Mem:          3.8G       3.7G       126M       5.7M        27M       3.2G

MemTotal:        4016004 kB
MemFree:          129400 kB
Active:           346896 kB
Mem:          3.8G       3.7G       126M       5.7M        27M       3.2G

MemTotal:        4016004 kB
MemFree:          129400 kB
Active:           346940 kB
Mem:          3.8G       3.7G       126M       5.7M        27M       3.2G

MemTotal:        4016004 kB
MemFree:          129400 kB
Active:           346900 kB
Mem:          3.8G       3.7G       126M       5.7M        27M       3.2G

MemTotal:        4016004 kB
MemFree:          129028 kB
Active:           346960 kB
Mem:          3.8G       3.7G       126M       5.7M        27M       3.2G

MemTotal:        4016004 kB
MemFree:          129276 kB
Active:           346936 kB
Mem:          3.8G       3.7G       126M       5.7M        27M       3.2G

MemTotal:        4016004 kB
MemFree:          129276 kB
Active:           346916 kB
Mem:          3.8G       3.7G       126M       5.7M        27M       3.2G

MemTotal:        4016004 kB
MemFree:          129400 kB
Active:           346956 kB
Mem:          3.8G       3.7G       126M       5.7M        27M       3.2G

MemTotal:        4016004 kB
MemFree:          128904 kB
Active:           346916 kB
Mem:          3.8G       3.7G       125M       5.7M        27M       3.2G

MemTotal:        4016004 kB
MemFree:          129028 kB
Active:           346960 kB
Mem:          3.8G       3.7G       125M       5.7M        27M       3.2G

MemTotal:        4016004 kB
MemFree:          129276 kB
Active:           346936 kB
Mem:          3.8G       3.7G       126M       5.7M        27M       3.2G

MemTotal:        4016004 kB
MemFree:          129400 kB
Active:           346968 kB
Mem:          3.8G       3.7G       126M       5.7M        27M       3.2G

MemTotal:        4016004 kB
MemFree:          129152 kB
Active:           346924 kB
Mem:          3.8G       3.7G       126M       5.7M        27M       3.2G

MemTotal:        4016004 kB
MemFree:          129276 kB
Active:           346964 kB
Mem:          3.8G       3.7G       125M       5.7M        27M       3.2G

MemTotal:        4016004 kB
MemFree:          129276 kB
Active:           346936 kB
Mem:          3.8G       3.7G       126M       5.7M        27M       3.2G

MemTotal:        4016004 kB
MemFree:          128904 kB
Active:           346980 kB
Mem:          3.8G       3.7G       126M       5.7M        27M       3.2G

MemTotal:        4016004 kB
MemFree:          129524 kB
Active:           346976 kB
Mem:          3.8G       3.7G       126M       5.7M        27M       3.2G

MemTotal:        4016004 kB
MemFree:          129400 kB
Active:           346948 kB
Mem:          3.8G       3.7G       126M       5.7M        27M       3.2G

MemTotal:        4016004 kB
MemFree:          129028 kB
Active:           346972 kB
Mem:          3.8G       3.7G       126M       5.7M        27M       3.2G

MemTotal:        4016004 kB
MemFree:          129028 kB
Active:           346996 kB
Mem:          3.8G       3.7G       125M       5.7M        27M       3.2G

MemTotal:        4016004 kB
MemFree:          128532 kB
Active:           346996 kB
Mem:          3.8G       3.7G       125M       5.7M        27M       3.2G

MemTotal:        4016004 kB
MemFree:          128904 kB
Active:           346992 kB
Mem:          3.8G       3.7G       125M       5.7M        27M       3.2G

MemTotal:        4016004 kB
MemFree:          129028 kB
Active:           346940 kB
Mem:          3.8G       3.7G       125M       5.7M        27M       3.2G

MemTotal:        4016004 kB
MemFree:          128532 kB
Active:           346996 kB
Mem:          3.8G       3.7G       125M       5.7M        27M       3.2G

MemTotal:        4016004 kB
MemFree:          128904 kB
Active:           346948 kB
Mem:          3.8G       3.7G       126M       5.7M        27M       3.2G

MemTotal:        4016004 kB
MemFree:          129400 kB
Active:           346948 kB
Mem:          3.8G       3.7G       126M       5.7M        27M       3.2G

MemTotal:        4016004 kB
MemFree:          129276 kB
Active:           346940 kB
Mem:          3.8G       3.7G       126M       5.7M        27M       3.2G

MemTotal:        4016004 kB
MemFree:          129276 kB
Active:           346992 kB
Mem:          3.8G       3.7G       126M       5.7M        27M       3.2G

MemTotal:        4016004 kB
MemFree:          129448 kB
Active:           346992 kB
Mem:          3.8G       3.7G       126M       5.7M        27M       3.2G

MemTotal:        4016004 kB
MemFree:          129448 kB
Active:           346988 kB
Mem:          3.8G       3.7G       126M       5.7M        27M       3.2G

MemTotal:        4016004 kB
MemFree:          128952 kB
Active:           347000 kB
Mem:          3.8G       3.7G       126M       5.7M        27M       3.2G

MemTotal:        4016004 kB
MemFree:          129200 kB
Active:           346960 kB
Mem:          3.8G       3.7G       126M       5.7M        27M       3.2G

MemTotal:        4016004 kB
MemFree:          129448 kB
Active:           346972 kB
Mem:          3.8G       3.7G       126M       5.7M        27M       3.2G

MemTotal:        4016004 kB
MemFree:          128828 kB
Active:           347004 kB
Mem:          3.8G       3.7G       125M       5.7M        27M       3.2G

MemTotal:        4016004 kB
MemFree:          128952 kB
Active:           346972 kB
Mem:          3.8G       3.7G       125M       5.7M        27M       3.2G

MemTotal:        4016004 kB
MemFree:          128952 kB
Active:           346956 kB
Mem:          3.8G       3.7G       126M       5.7M        27M       3.2G

MemTotal:        4016004 kB
MemFree:          129324 kB
Active:           346960 kB
Mem:          3.8G       3.7G       126M       5.7M        27M       3.2G

MemTotal:        4016004 kB
MemFree:          129448 kB
Active:           346960 kB
Mem:          3.8G       3.7G       126M       5.7M        27M       3.2G

MemTotal:        4016004 kB
MemFree:          129464 kB
Active:           346964 kB
Mem:          3.8G       3.7G       126M       5.7M        27M       3.2G

MemTotal:        4016004 kB
MemFree:          129464 kB
Active:           346980 kB
Mem:          3.8G       3.7G       126M       5.7M        27M       3.2G

MemTotal:        4016004 kB
MemFree:          129092 kB
Active:           347008 kB
Mem:          3.8G       3.7G       126M       5.7M        27M       3.2G

MemTotal:        4016004 kB
MemFree:          129092 kB
Active:           346964 kB
Mem:          3.8G       3.7G       126M       5.7M        27M       3.2G

MemTotal:        4016004 kB
MemFree:          129216 kB
Active:           346968 kB
Mem:          3.8G       3.7G       126M       5.7M        27M       3.2G

MemTotal:        4016004 kB
MemFree:          129464 kB
Active:           346984 kB
Mem:          3.8G       3.7G       126M       5.7M        27M       3.2G

MemTotal:        4016004 kB
MemFree:          129340 kB
Active:           346996 kB
Mem:          3.8G       3.7G       126M       5.7M        27M       3.2G

MemTotal:        4016004 kB
MemFree:          129464 kB
Active:           347008 kB
Mem:          3.8G       3.7G       126M       5.7M        27M       3.2G

MemTotal:        4016004 kB
MemFree:          129216 kB
Active:           347024 kB
Mem:          3.8G       3.7G       126M       5.7M        27M       3.2G

MemTotal:        4016004 kB
MemFree:          129464 kB
Active:           346972 kB
Mem:          3.8G       3.7G       126M       5.7M        27M       3.2G

MemTotal:        4016004 kB
MemFree:          129340 kB
Active:           346984 kB
Mem:          3.8G       3.7G       126M       5.7M        27M       3.2G

MemTotal:        4016004 kB
MemFree:          129340 kB
Active:           346984 kB
Mem:          3.8G       3.7G       126M       5.7M        27M       3.2G

MemTotal:        4016004 kB
MemFree:          128968 kB
Active:           347016 kB
Mem:          3.8G       3.7G       125M       5.7M        27M       3.2G

MemTotal:        4016004 kB
MemFree:          128968 kB
Active:           347008 kB
Mem:          3.8G       3.7G       125M       5.7M        27M       3.2G

MemTotal:        4016004 kB
MemFree:          128968 kB
Active:           346992 kB
Mem:          3.8G       3.7G       125M       5.7M        27M       3.2G

MemTotal:        4016004 kB
MemFree:          129464 kB
Active:           346984 kB
Mem:          3.8G       3.7G       126M       5.7M        27M       3.2G

MemTotal:        4016004 kB
MemFree:          129216 kB
Active:           346988 kB
Mem:          3.8G       3.7G       126M       5.7M        27M       3.2G

MemTotal:        4016004 kB
MemFree:          129216 kB
Active:           346988 kB
Mem:          3.8G       3.7G       126M       5.7M        27M       3.2G

MemTotal:        4016004 kB
MemFree:          129216 kB
Active:           347028 kB
Mem:          3.8G       3.7G       126M       5.7M        27M       3.2G

MemTotal:        4016004 kB
MemFree:          128844 kB
Active:           347032 kB
Mem:          3.8G       3.7G       125M       5.7M        27M       3.2G

MemTotal:        4016004 kB
MemFree:          129216 kB
Active:           346988 kB
Mem:          3.8G       3.7G       125M       5.7M        27M       3.2G

MemTotal:        4016004 kB
MemFree:          129340 kB
Active:           346988 kB
Mem:          3.8G       3.7G       126M       5.7M        27M       3.2G

MemTotal:        4016004 kB
MemFree:          129340 kB
Active:           346988 kB
Mem:          3.8G       3.7G       126M       5.7M        27M       3.2G

MemTotal:        4016004 kB
MemFree:          128844 kB
Active:           347036 kB
Mem:          3.8G       3.7G       125M       5.7M        27M       3.2G

MemTotal:        4016004 kB
MemFree:          129216 kB
Active:           347000 kB
Mem:          3.8G       3.7G       125M       5.7M        27M       3.2G

MemTotal:        4016004 kB
MemFree:          129092 kB
Active:           347020 kB
Mem:          3.8G       3.7G       125M       5.7M        27M       3.2G

MemTotal:        4016004 kB
MemFree:          129216 kB
Active:           347024 kB
Mem:          3.8G       3.7G       125M       5.7M        27M       3.2G

MemTotal:        4016004 kB
MemFree:          128348 kB
Active:           347052 kB
Mem:          3.8G       3.7G       125M       5.7M        27M       3.2G

MemTotal:        4016004 kB
MemFree:          128720 kB
Active:           347040 kB
Mem:          3.8G       3.7G       125M       5.7M        27M       3.2G

MemTotal:        4016004 kB
MemFree:          129092 kB
Active:           347036 kB
Mem:          3.8G       3.7G       126M       5.7M        27M       3.2G

MemTotal:        4016004 kB
MemFree:          129092 kB
Active:           347036 kB
Mem:          3.8G       3.7G       126M       5.7M        27M       3.2G

MemTotal:        4016004 kB
MemFree:          128968 kB
Active:           347028 kB
Mem:          3.8G       3.7G       125M       5.7M        27M       3.2G

MemTotal:        4016004 kB
MemFree:          128720 kB
Active:           347060 kB
Mem:          3.8G       3.7G       125M       5.7M        27M       3.2G

MemTotal:        4016004 kB
MemFree:          129340 kB
Active:           347016 kB
Mem:          3.8G       3.7G       126M       5.7M        27M       3.2G

MemTotal:        4016004 kB
MemFree:          129340 kB
Active:           347056 kB
Mem:          3.8G       3.7G       126M       5.7M        27M       3.2G

MemTotal:        4016004 kB
MemFree:          129340 kB
Active:           347028 kB
Mem:          3.8G       3.7G       126M       5.7M        27M       3.2G

MemTotal:        4016004 kB
MemFree:          129340 kB
Active:           347024 kB
Mem:          3.8G       3.7G       126M       5.7M        27M       3.2G

MemTotal:        4016004 kB
MemFree:          129340 kB
Active:           347016 kB
Mem:          3.8G       3.7G       126M       5.7M        27M       3.2G

MemTotal:        4016004 kB
MemFree:          129588 kB
Active:           347052 kB
Mem:          3.8G       3.7G       126M       5.7M        27M       3.2G

MemTotal:        4016004 kB
MemFree:          129092 kB
Active:           347048 kB
Mem:          3.8G       3.7G       125M       5.7M        27M       3.2G

MemTotal:        4016004 kB
MemFree:          129092 kB
Active:           347048 kB
Mem:          3.8G       3.7G       126M       5.7M        27M       3.2G

MemTotal:        4016004 kB
MemFree:          129092 kB
Active:           347052 kB
Mem:          3.8G       3.7G       126M       5.7M        27M       3.2G

MemTotal:        4016004 kB
MemFree:          129092 kB
Active:           347052 kB
Mem:          3.8G       3.7G       126M       5.7M        27M       3.2G

MemTotal:        4016004 kB
MemFree:          128968 kB
Active:           347076 kB
Mem:          3.8G       3.7G       125M       5.7M        27M       3.2G

MemTotal:        4016004 kB
MemFree:          128844 kB
Active:           347084 kB
Mem:          3.8G       3.7G       125M       5.7M        27M       3.2G

MemTotal:        4016004 kB
MemFree:          128844 kB
Active:           347040 kB
Mem:          3.8G       3.7G       125M       5.7M        27M       3.2G

MemTotal:        4016004 kB
MemFree:          128968 kB
Active:           347092 kB
Mem:          3.8G       3.7G       125M       5.7M        27M       3.2G

MemTotal:        4016004 kB
MemFree:          128720 kB
Active:           347084 kB
Mem:          3.8G       3.7G       125M       5.7M        27M       3.2G

MemTotal:        4016004 kB
MemFree:          128720 kB
Active:           347040 kB
Mem:          3.8G       3.7G       125M       5.7M        27M       3.2G

MemTotal:        4016004 kB
MemFree:          128596 kB
Active:           347060 kB
Mem:          3.8G       3.7G       125M       5.7M        27M       3.2G

MemTotal:        4016004 kB
MemFree:          128720 kB
Active:           347076 kB
Mem:          3.8G       3.7G       125M       5.7M        27M       3.2G

MemTotal:        4016004 kB
MemFree:          128844 kB
Active:           347072 kB
Mem:          3.8G       3.7G       125M       5.7M        27M       3.2G

MemTotal:        4016004 kB
MemFree:          128720 kB
Active:           347084 kB
Mem:          3.8G       3.7G       125M       5.7M        27M       3.2G

MemTotal:        4016004 kB
MemFree:          128720 kB
Active:           347060 kB
Mem:          3.8G       3.7G       125M       5.7M        27M       3.2G

MemTotal:        4016004 kB
MemFree:          128596 kB
Active:           347100 kB
Mem:          3.8G       3.7G       125M       5.7M        27M       3.2G

MemTotal:        4016004 kB
MemFree:          128844 kB
Active:           347104 kB
Mem:          3.8G       3.7G       125M       5.7M        27M       3.2G

MemTotal:        4016004 kB
MemFree:          128968 kB
Active:           347056 kB
Mem:          3.8G       3.7G       125M       5.7M        27M       3.2G

MemTotal:        4016004 kB
MemFree:          128596 kB
Active:           347104 kB
Mem:          3.8G       3.7G       125M       5.7M        27M       3.2G

MemTotal:        4016004 kB
MemFree:          128472 kB
Active:           347072 kB
Mem:          3.8G       3.7G       125M       5.7M        27M       3.2G

MemTotal:        4016004 kB
MemFree:          128224 kB
Active:           347084 kB
Mem:          3.8G       3.7G       125M       5.7M        27M       3.2G

MemTotal:        4016004 kB
MemFree:          128348 kB
Active:           347084 kB
Mem:          3.8G       3.7G       125M       5.7M        27M       3.2G

MemTotal:        4016004 kB
MemFree:          127976 kB
Active:           347120 kB
Mem:          3.8G       3.7G       125M       5.7M        27M       3.2G

MemTotal:        4016004 kB
MemFree:          128472 kB
Active:           347104 kB
Mem:          3.8G       3.7G       125M       5.7M        27M       3.2G

MemTotal:        4016004 kB
MemFree:          128472 kB
Active:           347116 kB
Mem:          3.8G       3.7G       125M       5.7M        27M       3.2G

MemTotal:        4016004 kB
MemFree:          128844 kB
Active:           347120 kB
Mem:          3.8G       3.7G       125M       5.7M        27M       3.2G

MemTotal:        4016004 kB
MemFree:          128844 kB
Active:           347092 kB
Mem:          3.8G       3.7G       125M       5.7M        27M       3.2G

MemTotal:        4016004 kB
MemFree:          128968 kB
Active:           347104 kB
Mem:          3.8G       3.7G       125M       5.7M        27M       3.2G

MemTotal:        4016004 kB
MemFree:          128720 kB
Active:           347092 kB
Mem:          3.8G       3.7G       125M       5.7M        27M       3.2G

MemTotal:        4016004 kB
MemFree:          128224 kB
Active:           347132 kB
Mem:          3.8G       3.7G       125M       5.7M        27M       3.2G

MemTotal:        4016004 kB
MemFree:          128844 kB
Active:           347124 kB
Mem:          3.8G       3.7G       125M       5.7M        27M       3.2G

MemTotal:        4016004 kB
MemFree:          128472 kB
Active:           347132 kB
Mem:          3.8G       3.7G       125M       5.7M        27M       3.2G

MemTotal:        4016004 kB
MemFree:          128844 kB
Active:           347128 kB
Mem:          3.8G       3.7G       125M       5.7M        27M       3.2G

MemTotal:        4016004 kB
MemFree:          128968 kB
Active:           347092 kB
Mem:          3.8G       3.7G       125M       5.7M        27M       3.2G

MemTotal:        4016004 kB
MemFree:          128720 kB
Active:           347096 kB
Mem:          3.8G       3.7G       125M       5.7M        27M       3.2G

MemTotal:        4016004 kB
MemFree:          128348 kB
Active:           347136 kB
Mem:          3.8G       3.7G       125M       5.7M        27M       3.2G

MemTotal:        4016004 kB
MemFree:          128968 kB
Active:           347096 kB
Mem:          3.8G       3.7G       125M       5.7M        27M       3.2G

MemTotal:        4016004 kB
MemFree:          128844 kB
Active:           347100 kB
Mem:          3.8G       3.7G       125M       5.7M        27M       3.2G

MemTotal:        4016004 kB
MemFree:          128596 kB
Active:           347124 kB
Mem:          3.8G       3.7G       125M       5.7M        27M       3.2G

MemTotal:        4016004 kB
MemFree:          128720 kB
Active:           347116 kB
Mem:          3.8G       3.7G       125M       5.7M        27M       3.2G

MemTotal:        4016004 kB
MemFree:          128720 kB
Active:           347096 kB
Mem:          3.8G       3.7G       125M       5.7M        27M       3.2G

MemTotal:        4016004 kB
MemFree:          128720 kB
Active:           347148 kB
Mem:          3.8G       3.7G       125M       5.7M        27M       3.2G

MemTotal:        4016004 kB
MemFree:          129092 kB
Active:           347140 kB
Mem:          3.8G       3.7G       125M       5.7M        27M       3.2G

MemTotal:        4016004 kB
MemFree:          128844 kB
Active:           347164 kB
Mem:          3.8G       3.7G       125M       5.7M        27M       3.2G

MemTotal:        4016004 kB
MemFree:          129216 kB
Active:           347148 kB
Mem:          3.8G       3.7G       126M       5.7M        27M       3.2G

MemTotal:        4016004 kB
MemFree:          129092 kB
Active:           347116 kB
Mem:          3.8G       3.7G       125M       5.7M        27M       3.2G

MemTotal:        4016004 kB
MemFree:          128968 kB
Active:           347112 kB
Mem:          3.8G       3.7G       125M       5.7M        27M       3.2G

MemTotal:        4016004 kB
MemFree:          128596 kB
Active:           347168 kB
Mem:          3.8G       3.7G       125M       5.7M        27M       3.2G

MemTotal:        4016004 kB
MemFree:          128968 kB
Active:           347144 kB
Mem:          3.8G       3.7G       125M       5.7M        27M       3.2G

MemTotal:        4016004 kB
MemFree:          128844 kB
Active:           347128 kB
Mem:          3.8G       3.7G       125M       5.7M        27M       3.2G

MemTotal:        4016004 kB
MemFree:          128472 kB
Active:           347180 kB
Mem:          3.8G       3.7G       125M       5.7M        27M       3.2G

MemTotal:        4016004 kB
MemFree:          128596 kB
Active:           347124 kB
Mem:          3.8G       3.7G       125M       5.7M        27M       3.2G

MemTotal:        4016004 kB
MemFree:          128472 kB
Active:           347180 kB
Mem:          3.8G       3.7G       125M       5.7M        27M       3.2G

MemTotal:        4016004 kB
MemFree:          128720 kB
Active:           347136 kB
Mem:          3.8G       3.7G       125M       5.7M        27M       3.2G

MemTotal:        4016004 kB
MemFree:          128472 kB
Active:           347184 kB
Mem:          3.8G       3.7G       125M       5.7M        27M       3.2G

MemTotal:        4016004 kB
MemFree:          128720 kB
Active:           347164 kB
Mem:          3.8G       3.7G       125M       5.7M        27M       3.2G

MemTotal:        4016004 kB
MemFree:          128596 kB
Active:           347180 kB
Mem:          3.8G       3.7G       125M       5.7M        27M       3.2G

MemTotal:        4016004 kB
MemFree:          128844 kB
Active:           347136 kB
Mem:          3.8G       3.7G       125M       5.7M        27M       3.2G

MemTotal:        4016004 kB
MemFree:          128844 kB
Active:           347152 kB
Mem:          3.8G       3.7G       125M       5.7M        27M       3.2G

MemTotal:        4016004 kB
MemFree:          128968 kB
Active:           347148 kB
Mem:          3.8G       3.7G       125M       5.7M        27M       3.2G

MemTotal:        4016004 kB
MemFree:          128968 kB
Active:           347184 kB
Mem:          3.8G       3.7G       126M       5.7M        27M       3.2G

MemTotal:        4016004 kB
MemFree:          129216 kB
Active:           347188 kB
Mem:          3.8G       3.7G       126M       5.7M        27M       3.2G

MemTotal:        4016004 kB
MemFree:          129340 kB
Active:           347192 kB
Mem:          3.8G       3.7G       126M       5.7M        27M       3.2G

MemTotal:        4016004 kB
MemFree:          129216 kB
Active:           347160 kB
Mem:          3.8G       3.7G       126M       5.7M        27M       3.2G

MemTotal:        4016004 kB
MemFree:          129216 kB
Active:           347160 kB
Mem:          3.8G       3.7G       126M       5.7M        27M       3.2G

MemTotal:        4016004 kB
MemFree:          129092 kB
Active:           347176 kB
Mem:          3.8G       3.7G       126M       5.7M        27M       3.2G

MemTotal:        4016004 kB
MemFree:          129092 kB
Active:           347180 kB
Mem:          3.8G       3.7G       125M       5.7M        27M       3.2G

MemTotal:        4016004 kB
MemFree:          129092 kB
Active:           347176 kB
Mem:          3.8G       3.7G       125M       5.7M        27M       3.2G

MemTotal:        4016004 kB
MemFree:          129216 kB
Active:           347172 kB
Mem:          3.8G       3.7G       126M       5.7M        27M       3.2G

MemTotal:        4016004 kB
MemFree:          128968 kB
Active:           347248 kB
Mem:          3.8G       3.7G       125M       5.7M        28M       3.2G

MemTotal:        4016004 kB
MemFree:          129092 kB
Active:           347200 kB
Mem:          3.8G       3.7G       126M       5.7M        28M       3.2G

MemTotal:        4016004 kB
MemFree:          128860 kB
Active:           347252 kB
Mem:          3.8G       3.7G       125M       5.7M        28M       3.2G

MemTotal:        4016004 kB
MemFree:          128844 kB
Active:           347280 kB
Mem:          3.8G       3.7G       125M       5.7M        28M       3.2G

