MemTotal:        4016004 kB
MemFree:         3240184 kB
Active:           421672 kB
Mem:          3.8G       758M       3.1G       5.7M        62M       314M

MemTotal:        4016004 kB
MemFree:         3241316 kB
Active:           420028 kB
Mem:          3.8G       756M       3.1G       5.7M        62M       314M

MemTotal:        4016004 kB
MemFree:         3240928 kB
Active:           420080 kB
Mem:          3.8G       757M       3.1G       5.7M        62M       314M

MemTotal:        4016004 kB
MemFree:         3240788 kB
Active:           420072 kB
Mem:          3.8G       757M       3.1G       5.7M        62M       314M

MemTotal:        4016004 kB
MemFree:         3240400 kB
Active:           420112 kB
Mem:          3.8G       757M       3.1G       5.7M        62M       314M

MemTotal:        4016004 kB
MemFree:         3240632 kB
Active:           420096 kB
Mem:          3.8G       757M       3.1G       5.7M        62M       314M

MemTotal:        4016004 kB
MemFree:         3240492 kB
Active:           420080 kB
Mem:          3.8G       757M       3.1G       5.7M        62M       314M

MemTotal:        4016004 kB
MemFree:         3240104 kB
Active:           420120 kB
Mem:          3.8G       757M       3.1G       5.7M        62M       314M

MemTotal:        4016004 kB
MemFree:         3240476 kB
Active:           420104 kB
Mem:          3.8G       757M       3.1G       5.7M        62M       314M

MemTotal:        4016004 kB
MemFree:         3240724 kB
Active:           420096 kB
Mem:          3.8G       757M       3.1G       5.7M        62M       314M

MemTotal:        4016004 kB
MemFree:         3240600 kB
Active:           420072 kB
Mem:          3.8G       756M       3.1G       5.7M        62M       314M

MemTotal:        4016004 kB
MemFree:         3240972 kB
Active:           420092 kB
Mem:          3.8G       756M       3.1G       5.7M        62M       314M

MemTotal:        4016004 kB
MemFree:         3240972 kB
Active:           420088 kB
Mem:          3.8G       756M       3.1G       5.7M        62M       314M

MemTotal:        4016004 kB
MemFree:         3240724 kB
Active:           420124 kB
Mem:          3.8G       757M       3.1G       5.7M        62M       314M

MemTotal:        4016004 kB
MemFree:         3240972 kB
Active:           420088 kB
Mem:          3.8G       756M       3.1G       5.7M        62M       314M

MemTotal:        4016004 kB
MemFree:         3241020 kB
Active:           420072 kB
Mem:          3.8G       756M       3.1G       5.7M        62M       314M

MemTotal:        4016004 kB
MemFree:         3241176 kB
Active:           420108 kB
Mem:          3.8G       756M       3.1G       5.7M        62M       314M

MemTotal:        4016004 kB
MemFree:         3239120 kB
Active:           420060 kB
Mem:          3.8G       758M       3.1G       5.7M        62M       314M

MemTotal:        4016004 kB
MemFree:         3238500 kB
Active:           422160 kB
Mem:          3.8G       759M       3.1G       5.7M        62M       314M

MemTotal:        4016004 kB
MemFree:         3238996 kB
Active:           422128 kB
Mem:          3.8G       759M       3.1G       5.7M        62M       314M

MemTotal:        4016004 kB
MemFree:         3238840 kB
Active:           422156 kB
Mem:          3.8G       758M       3.1G       5.7M        62M       314M

MemTotal:        4016004 kB
MemFree:         3238452 kB
Active:           422160 kB
Mem:          3.8G       759M       3.1G       5.7M        62M       314M

MemTotal:        4016004 kB
MemFree:         3238576 kB
Active:           422136 kB
Mem:          3.8G       759M       3.1G       5.7M        62M       314M

MemTotal:        4016004 kB
MemFree:         3238824 kB
Active:           422128 kB
Mem:          3.8G       758M       3.1G       5.7M        62M       314M

MemTotal:        4016004 kB
MemFree:         3239196 kB
Active:           422152 kB
Mem:          3.8G       758M       3.1G       5.7M        62M       314M

MemTotal:        4016004 kB
MemFree:         3238576 kB
Active:           422160 kB
Mem:          3.8G       758M       3.1G       5.7M        62M       314M

MemTotal:        4016004 kB
MemFree:         3239072 kB
Active:           422148 kB
Mem:          3.8G       758M       3.1G       5.7M        62M       314M

MemTotal:        4016004 kB
MemFree:         3237024 kB
Active:           422104 kB
Mem:          3.8G       760M       3.1G       5.7M        62M       314M

MemTotal:        4016004 kB
MemFree:         3236512 kB
Active:           424196 kB
Mem:          3.8G       760M       3.1G       5.7M        62M       314M

MemTotal:        4016004 kB
MemFree:         3237056 kB
Active:           424172 kB
Mem:          3.8G       760M       3.1G       5.7M        62M       314M

MemTotal:        4016004 kB
MemFree:         3236932 kB
Active:           424152 kB
Mem:          3.8G       760M       3.1G       5.7M        62M       314M

MemTotal:        4016004 kB
MemFree:         3237056 kB
Active:           424188 kB
Mem:          3.8G       760M       3.1G       5.7M        62M       314M

MemTotal:        4016004 kB
MemFree:         3237180 kB
Active:           424192 kB
Mem:          3.8G       760M       3.1G       5.7M        62M       314M

MemTotal:        4016004 kB
MemFree:         3237288 kB
Active:           424188 kB
Mem:          3.8G       760M       3.1G       5.7M        62M       314M

MemTotal:        4016004 kB
MemFree:         3237024 kB
Active:           424184 kB
Mem:          3.8G       760M       3.1G       5.7M        62M       314M

MemTotal:        4016004 kB
MemFree:         3237040 kB
Active:           424172 kB
Mem:          3.8G       760M       3.1G       5.7M        62M       314M

MemTotal:        4016004 kB
MemFree:         3237040 kB
Active:           424152 kB
Mem:          3.8G       760M       3.1G       5.7M        62M       314M

MemTotal:        4016004 kB
MemFree:         3236792 kB
Active:           424208 kB
Mem:          3.8G       761M       3.1G       5.7M        62M       314M

MemTotal:        4016004 kB
MemFree:         3237040 kB
Active:           424192 kB
Mem:          3.8G       760M       3.1G       5.7M        62M       314M

MemTotal:        4016004 kB
MemFree:         3237032 kB
Active:           424168 kB
Mem:          3.8G       760M       3.1G       5.7M        62M       314M

MemTotal:        4016004 kB
MemFree:         3237032 kB
Active:           424212 kB
Mem:          3.8G       760M       3.1G       5.7M        62M       314M

MemTotal:        4016004 kB
MemFree:         3236660 kB
Active:           424216 kB
Mem:          3.8G       760M       3.1G       5.7M        62M       314M

MemTotal:        4016004 kB
MemFree:         3236892 kB
Active:           424184 kB
Mem:          3.8G       760M       3.1G       5.7M        62M       314M

MemTotal:        4016004 kB
MemFree:         3236816 kB
Active:           424172 kB
Mem:          3.8G       760M       3.1G       5.7M        62M       314M

MemTotal:        4016004 kB
MemFree:         3236568 kB
Active:           424224 kB
Mem:          3.8G       761M       3.1G       5.7M        62M       314M

MemTotal:        4016004 kB
MemFree:         3236940 kB
Active:           424196 kB
Mem:          3.8G       760M       3.1G       5.7M        62M       314M

MemTotal:        4016004 kB
MemFree:         3236940 kB
Active:           424220 kB
Mem:          3.8G       760M       3.1G       5.7M        62M       314M

MemTotal:        4016004 kB
MemFree:         3236984 kB
Active:           422152 kB
Mem:          3.8G       760M       3.1G       5.7M        62M       314M

MemTotal:        4016004 kB
MemFree:         3236720 kB
Active:           424240 kB
Mem:          3.8G       761M       3.1G       5.7M        62M       314M

MemTotal:        4016004 kB
MemFree:         3236828 kB
Active:           424208 kB
Mem:          3.8G       760M       3.1G       5.7M        62M       314M

MemTotal:        4016004 kB
MemFree:         3237076 kB
Active:           424228 kB
Mem:          3.8G       760M       3.1G       5.7M        62M       314M

MemTotal:        4016004 kB
MemFree:         3237076 kB
Active:           424192 kB
Mem:          3.8G       761M       3.1G       5.7M        62M       314M

MemTotal:        4016004 kB
MemFree:         3236332 kB
Active:           424264 kB
Mem:          3.8G       761M       3.1G       5.7M        62M       314M

MemTotal:        4016004 kB
MemFree:         3236456 kB
Active:           424264 kB
Mem:          3.8G       760M       3.1G       5.7M        62M       314M

MemTotal:        4016004 kB
MemFree:         3236952 kB
Active:           424240 kB
Mem:          3.8G       760M       3.1G       5.7M        62M       314M

MemTotal:        4016004 kB
MemFree:         3236828 kB
Active:           424228 kB
Mem:          3.8G       761M       3.1G       5.7M        62M       314M

MemTotal:        4016004 kB
MemFree:         3236332 kB
Active:           424268 kB
Mem:          3.8G       761M       3.1G       5.7M        62M       314M

MemTotal:        4016004 kB
MemFree:         3234656 kB
Active:           424208 kB
Mem:          3.8G       762M       3.1G       5.7M        62M       314M

MemTotal:        4016004 kB
MemFree:         3234904 kB
Active:           426292 kB
Mem:          3.8G       762M       3.1G       5.7M        62M       314M

MemTotal:        4016004 kB
MemFree:         3234532 kB
Active:           426300 kB
Mem:          3.8G       763M       3.1G       5.7M        62M       314M

MemTotal:        4016004 kB
MemFree:         3235012 kB
Active:           426264 kB
Mem:          3.8G       762M       3.1G       5.7M        62M       314M

MemTotal:        4016004 kB
MemFree:         3118476 kB
Active:           426620 kB
Mem:          3.8G       876M       3.0G       5.7M        62M       426M

MemTotal:        4016004 kB
MemFree:         3066620 kB
Active:           426620 kB
Mem:          3.8G       927M       2.9G       5.7M        62M       476M

MemTotal:        4016004 kB
MemFree:         2984320 kB
Active:           426620 kB
Mem:          3.8G       1.0G       2.8G       5.7M        62M       556M

MemTotal:        4016004 kB
MemFree:         2857056 kB
Active:           426604 kB
Mem:          3.8G       1.1G       2.7G       5.7M        62M       679M

MemTotal:        4016004 kB
MemFree:         2782404 kB
Active:           426624 kB
Mem:          3.8G       1.2G       2.7G       5.7M        62M       750M

MemTotal:        4016004 kB
MemFree:         2778900 kB
Active:           426640 kB
Mem:          3.8G       1.2G       2.7G       5.7M        62M       753M

MemTotal:        4016004 kB
MemFree:         2706248 kB
Active:           428628 kB
Mem:          3.8G       1.2G       2.6G       5.7M        62M       821M

MemTotal:        4016004 kB
MemFree:         2677700 kB
Active:           428676 kB
Mem:          3.8G       1.3G       2.6G       5.7M        62M       848M

MemTotal:        4016004 kB
MemFree:         2676468 kB
Active:           428688 kB
Mem:          3.8G       1.3G       2.6G       5.7M        62M       849M

MemTotal:        4016004 kB
MemFree:         2675524 kB
Active:           428652 kB
Mem:          3.8G       1.3G       2.6G       5.7M        62M       850M

MemTotal:        4016004 kB
MemFree:         2673220 kB
Active:           428688 kB
Mem:          3.8G       1.3G       2.5G       5.7M        62M       852M

MemTotal:        4016004 kB
MemFree:         2660656 kB
Active:           428692 kB
Mem:          3.8G       1.3G       2.5G       5.7M        62M       864M

MemTotal:        4016004 kB
MemFree:         2551156 kB
Active:           428692 kB
Mem:          3.8G       1.4G       2.4G       5.7M        62M       970M

MemTotal:        4016004 kB
MemFree:         2418048 kB
Active:           428700 kB
Mem:          3.8G       1.5G       2.3G       5.7M        62M       1.1G

MemTotal:        4016004 kB
MemFree:         2321148 kB
Active:           428700 kB
Mem:          3.8G       1.6G       2.2G       5.7M        62M       1.2G

MemTotal:        4016004 kB
MemFree:         2319228 kB
Active:           428712 kB
Mem:          3.8G       1.6G       2.2G       5.7M        62M       1.2G

MemTotal:        4016004 kB
MemFree:         2222560 kB
Active:           428680 kB
Mem:          3.8G       1.7G       2.1G       5.7M        62M       1.3G

MemTotal:        4016004 kB
MemFree:         2221500 kB
Active:           428672 kB
Mem:          3.8G       1.7G       2.1G       5.7M        62M       1.3G

MemTotal:        4016004 kB
MemFree:         2122756 kB
Active:           428692 kB
Mem:          3.8G       1.8G       2.0G       5.7M        62M       1.3G

MemTotal:        4016004 kB
MemFree:         2121252 kB
Active:           428732 kB
Mem:          3.8G       1.8G       2.0G       5.7M        62M       1.4G

MemTotal:        4016004 kB
MemFree:         2120012 kB
Active:           428752 kB
Mem:          3.8G       1.8G       2.0G       5.7M        62M       1.4G

MemTotal:        4016004 kB
MemFree:         2118928 kB
Active:           428716 kB
Mem:          3.8G       1.8G       2.0G       5.7M        62M       1.4G

MemTotal:        4016004 kB
MemFree:         2118096 kB
Active:           428736 kB
Mem:          3.8G       1.8G       2.0G       5.7M        62M       1.4G

MemTotal:        4016004 kB
MemFree:         2069320 kB
Active:           428732 kB
Mem:          3.8G       1.9G       2.0G       5.7M        62M       1.4G

MemTotal:        4016004 kB
MemFree:         1952148 kB
Active:           428748 kB
Mem:          3.8G       2.0G       1.9G       5.7M        62M       1.5G

MemTotal:        4016004 kB
MemFree:         1816932 kB
Active:           428776 kB
Mem:          3.8G       2.1G       1.7G       5.7M        62M       1.6G

MemTotal:        4016004 kB
MemFree:         1769080 kB
Active:           428776 kB
Mem:          3.8G       2.1G       1.7G       5.7M        62M       1.7G

MemTotal:        4016004 kB
MemFree:         1683532 kB
Active:           428788 kB
Mem:          3.8G       2.2G       1.6G       5.7M        62M       1.8G

MemTotal:        4016004 kB
MemFree:         1667516 kB
Active:           428788 kB
Mem:          3.8G       2.2G       1.6G       5.7M        62M       1.8G

MemTotal:        4016004 kB
MemFree:         1624932 kB
Active:           428756 kB
Mem:          3.8G       2.3G       1.5G       5.7M        62M       1.8G

MemTotal:        4016004 kB
MemFree:         1569044 kB
Active:           428796 kB
Mem:          3.8G       2.3G       1.5G       5.7M        62M       1.9G

MemTotal:        4016004 kB
MemFree:         1518128 kB
Active:           428796 kB
Mem:          3.8G       2.4G       1.4G       5.7M        62M       1.9G

MemTotal:        4016004 kB
MemFree:         1475272 kB
Active:           428808 kB
Mem:          3.8G       2.4G       1.4G       5.7M        62M       2.0G

MemTotal:        4016004 kB
MemFree:         1474560 kB
Active:           428820 kB
Mem:          3.8G       2.4G       1.4G       5.7M        62M       2.0G

MemTotal:        4016004 kB
MemFree:         1474764 kB
Active:           428804 kB
Mem:          3.8G       2.4G       1.4G       5.7M        62M       2.0G

MemTotal:        4016004 kB
MemFree:         1474084 kB
Active:           426944 kB
Mem:          3.8G       2.4G       1.4G       5.7M        62M       2.0G

MemTotal:        4016004 kB
MemFree:         1460736 kB
Active:           428856 kB
Mem:          3.8G       2.4G       1.4G       5.7M        62M       2.0G

MemTotal:        4016004 kB
MemFree:         1343424 kB
Active:           428828 kB
Mem:          3.8G       2.5G       1.3G       5.7M        62M       2.1G

MemTotal:        4016004 kB
MemFree:         1218004 kB
Active:           428892 kB
Mem:          3.8G       2.7G       1.2G       5.7M        62M       2.2G

MemTotal:        4016004 kB
MemFree:         1091872 kB
Active:           428892 kB
Mem:          3.8G       2.8G       1.0G       5.7M        62M       2.3G

MemTotal:        4016004 kB
MemFree:          990260 kB
Active:           428896 kB
Mem:          3.8G       2.9G       966M       5.7M        62M       2.4G

MemTotal:        4016004 kB
MemFree:          989400 kB
Active:           428912 kB
Mem:          3.8G       2.9G       966M       5.7M        62M       2.4G

MemTotal:        4016004 kB
MemFree:          957636 kB
Active:           428912 kB
Mem:          3.8G       2.9G       935M       5.7M        62M       2.4G

MemTotal:        4016004 kB
MemFree:          957036 kB
Active:           428920 kB
Mem:          3.8G       2.9G       934M       5.7M        62M       2.4G

MemTotal:        4016004 kB
MemFree:          884772 kB
Active:           428932 kB
Mem:          3.8G       3.0G       863M       5.7M        62M       2.5G

MemTotal:        4016004 kB
MemFree:          878516 kB
Active:           427056 kB
Mem:          3.8G       3.0G       858M       5.7M        62M       2.5G

MemTotal:        4016004 kB
MemFree:          877960 kB
Active:           429024 kB
Mem:          3.8G       3.0G       857M       5.7M        62M       2.5G

MemTotal:        4016004 kB
MemFree:          876956 kB
Active:           429024 kB
Mem:          3.8G       3.0G       856M       5.7M        62M       2.5G

MemTotal:        4016004 kB
MemFree:          835216 kB
Active:           429024 kB
Mem:          3.8G       3.0G       814M       5.7M        62M       2.6G

MemTotal:        4016004 kB
MemFree:          713068 kB
Active:           429028 kB
Mem:          3.8G       3.2G       695M       5.7M        62M       2.7G

MemTotal:        4016004 kB
MemFree:          578844 kB
Active:           429032 kB
Mem:          3.8G       3.3G       565M       5.7M        62M       2.8G

MemTotal:        4016004 kB
MemFree:          452632 kB
Active:           429032 kB
Mem:          3.8G       3.4G       441M       5.7M        62M       2.9G

MemTotal:        4016004 kB
MemFree:          323756 kB
Active:           429032 kB
Mem:          3.8G       3.5G       315M       5.7M        62M       3.0G

MemTotal:        4016004 kB
MemFree:          258356 kB
Active:           408300 kB
Mem:          3.8G       3.6G       251M       5.7M        52M       3.1G

MemTotal:        4016004 kB
MemFree:          254868 kB
Active:           408332 kB
Mem:          3.8G       3.6G       248M       5.7M        52M       3.1G

MemTotal:        4016004 kB
MemFree:          254340 kB
Active:           408320 kB
Mem:          3.8G       3.6G       248M       5.7M        52M       3.1G

MemTotal:        4016004 kB
MemFree:          252820 kB
Active:           408308 kB
Mem:          3.8G       3.6G       247M       5.7M        52M       3.1G

MemTotal:        4016004 kB
MemFree:          251892 kB
Active:           408324 kB
Mem:          3.8G       3.6G       245M       5.7M        52M       3.1G

MemTotal:        4016004 kB
MemFree:          245572 kB
Active:           408348 kB
Mem:          3.8G       3.6G       239M       5.7M        52M       3.1G

MemTotal:        4016004 kB
MemFree:          245172 kB
Active:           408344 kB
Mem:          3.8G       3.6G       239M       5.7M        52M       3.1G

MemTotal:        4016004 kB
MemFree:          245128 kB
Active:           408332 kB
Mem:          3.8G       3.6G       239M       5.7M        52M       3.1G

MemTotal:        4016004 kB
MemFree:          242992 kB
Active:           408372 kB
Mem:          3.8G       3.6G       237M       5.7M        52M       3.1G

MemTotal:        4016004 kB
MemFree:          196952 kB
Active:           408340 kB
Mem:          3.8G       3.6G       191M       5.7M        52M       3.2G

MemTotal:        4016004 kB
MemFree:          143312 kB
Active:           423476 kB
Mem:          3.8G       3.7G       111M       5.7M        27M       3.3G

MemTotal:        4016004 kB
MemFree:          112440 kB
Active:           457376 kB
Mem:          3.8G       3.7G       105M       5.7M        27M       3.3G

MemTotal:        4016004 kB
MemFree:          107920 kB
Active:           449988 kB
Mem:          3.8G       3.7G       105M       5.7M        27M       3.3G

MemTotal:        4016004 kB
MemFree:          131980 kB
Active:           444628 kB
Mem:          3.8G       3.7G       128M       5.7M        27M       3.3G

MemTotal:        4016004 kB
MemFree:          133724 kB
Active:           443488 kB
Mem:          3.8G       3.7G       130M       5.7M        27M       3.3G

MemTotal:        4016004 kB
MemFree:          129800 kB
Active:           441388 kB
Mem:          3.8G       3.7G       126M       5.7M        27M       3.3G

MemTotal:        4016004 kB
MemFree:          133300 kB
Active:           440940 kB
Mem:          3.8G       3.7G       129M       5.7M        27M       3.3G

MemTotal:        4016004 kB
MemFree:          132220 kB
Active:           440948 kB
Mem:          3.8G       3.7G       128M       5.7M        27M       3.3G

MemTotal:        4016004 kB
MemFree:          131760 kB
Active:           440920 kB
Mem:          3.8G       3.7G       128M       5.7M        27M       3.3G

MemTotal:        4016004 kB
MemFree:          129716 kB
Active:           440944 kB
Mem:          3.8G       3.7G       126M       5.7M        27M       3.3G

MemTotal:        4016004 kB
MemFree:          127520 kB
Active:           440908 kB
Mem:          3.8G       3.7G       124M       5.7M        27M       3.3G

MemTotal:        4016004 kB
MemFree:          131532 kB
Active:           436612 kB
Mem:          3.8G       3.7G       128M       5.7M        27M       3.3G

MemTotal:        4016004 kB
MemFree:          124676 kB
Active:           432092 kB
Mem:          3.8G       3.7G       121M       5.7M        27M       3.3G

MemTotal:        4016004 kB
MemFree:          124772 kB
Active:           429064 kB
Mem:          3.8G       3.7G       121M       5.7M        27M       3.3G

MemTotal:        4016004 kB
MemFree:          107156 kB
Active:           429064 kB
Mem:          3.8G       3.7G       104M       5.7M        27M       3.3G

MemTotal:        4016004 kB
MemFree:          133472 kB
Active:           424176 kB
Mem:          3.8G       3.7G       130M       5.7M        27M       3.3G

MemTotal:        4016004 kB
MemFree:          130476 kB
Active:           422800 kB
Mem:          3.8G       3.7G       126M       5.7M        27M       3.3G

MemTotal:        4016004 kB
MemFree:          105228 kB
Active:           422448 kB
Mem:          3.8G       3.7G       102M       5.7M        27M       3.3G

MemTotal:        4016004 kB
MemFree:          136344 kB
Active:           420272 kB
Mem:          3.8G       3.7G       133M       5.7M        27M       3.2G

MemTotal:        4016004 kB
MemFree:          131616 kB
Active:           419120 kB
Mem:          3.8G       3.7G       128M       5.7M        27M       3.3G

MemTotal:        4016004 kB
MemFree:          130428 kB
Active:           419096 kB
Mem:          3.8G       3.7G       127M       5.7M        27M       3.3G

MemTotal:        4016004 kB
MemFree:          129476 kB
Active:           419644 kB
Mem:          3.8G       3.7G       126M       5.7M        27M       3.3G

MemTotal:        4016004 kB
MemFree:          129904 kB
Active:           421624 kB
Mem:          3.8G       3.7G       127M       5.7M        27M       3.3G

MemTotal:        4016004 kB
MemFree:          125512 kB
Active:           418784 kB
Mem:          3.8G       3.7G       122M       5.7M        27M       3.3G

MemTotal:        4016004 kB
MemFree:          130996 kB
Active:           414076 kB
Mem:          3.8G       3.7G       127M       5.7M        27M       3.3G

MemTotal:        4016004 kB
MemFree:          132652 kB
Active:           409596 kB
Mem:          3.8G       3.7G       129M       5.7M        27M       3.3G

MemTotal:        4016004 kB
MemFree:          137776 kB
Active:           407052 kB
Mem:          3.8G       3.7G       134M       5.7M        27M       3.2G

MemTotal:        4016004 kB
MemFree:          122476 kB
Active:           406412 kB
Mem:          3.8G       3.7G       119M       5.7M        27M       3.3G

MemTotal:        4016004 kB
MemFree:          147168 kB
Active:           404880 kB
Mem:          3.8G       3.7G       143M       5.7M        27M       3.2G

MemTotal:        4016004 kB
MemFree:          136612 kB
Active:           403216 kB
Mem:          3.8G       3.7G       133M       5.7M        27M       3.2G

MemTotal:        4016004 kB
MemFree:          132532 kB
Active:           401044 kB
Mem:          3.8G       3.7G       129M       5.7M        27M       3.3G

MemTotal:        4016004 kB
MemFree:          127604 kB
Active:           400268 kB
Mem:          3.8G       3.7G       124M       5.7M        27M       3.3G

MemTotal:        4016004 kB
MemFree:          132948 kB
Active:           398132 kB
Mem:          3.8G       3.7G       129M       5.7M        27M       3.3G

MemTotal:        4016004 kB
MemFree:          131660 kB
Active:           398100 kB
Mem:          3.8G       3.7G       128M       5.7M        27M       3.3G

MemTotal:        4016004 kB
MemFree:          129736 kB
Active:           398148 kB
Mem:          3.8G       3.7G       126M       5.7M        27M       3.3G

MemTotal:        4016004 kB
MemFree:          128776 kB
Active:           398148 kB
Mem:          3.8G       3.7G       125M       5.7M        27M       3.3G

MemTotal:        4016004 kB
MemFree:          112084 kB
Active:           398100 kB
Mem:          3.8G       3.7G       109M       5.7M        27M       3.3G

MemTotal:        4016004 kB
MemFree:          137928 kB
Active:           393036 kB
Mem:          3.8G       3.7G       134M       5.7M        27M       3.2G

MemTotal:        4016004 kB
MemFree:          132144 kB
Active:           388936 kB
Mem:          3.8G       3.7G       128M       5.7M        27M       3.3G

MemTotal:        4016004 kB
MemFree:          129316 kB
Active:           386108 kB
Mem:          3.8G       3.7G       125M       5.7M        27M       3.3G

MemTotal:        4016004 kB
MemFree:          107672 kB
Active:           386012 kB
Mem:          3.8G       3.7G       104M       5.7M        27M       3.3G

MemTotal:        4016004 kB
MemFree:          144084 kB
Active:           385372 kB
Mem:          3.8G       3.7G       140M       5.7M        27M       3.2G

MemTotal:        4016004 kB
MemFree:          138384 kB
Active:           383432 kB
Mem:          3.8G       3.7G       134M       5.7M        27M       3.2G

MemTotal:        4016004 kB
MemFree:          127408 kB
Active:           382928 kB
Mem:          3.8G       3.7G       124M       5.7M        27M       3.3G

MemTotal:        4016004 kB
MemFree:          127704 kB
Active:           382800 kB
Mem:          3.8G       3.7G       124M       5.7M        27M       3.3G

MemTotal:        4016004 kB
MemFree:          126960 kB
Active:           382824 kB
Mem:          3.8G       3.7G       123M       5.7M        27M       3.3G

MemTotal:        4016004 kB
MemFree:          126592 kB
Active:           382800 kB
Mem:          3.8G       3.7G       123M       5.7M        27M       3.3G

MemTotal:        4016004 kB
MemFree:          126084 kB
Active:           382776 kB
Mem:          3.8G       3.7G       123M       5.7M        27M       3.3G

MemTotal:        4016004 kB
MemFree:          123180 kB
Active:           379752 kB
Mem:          3.8G       3.7G       125M       5.7M        27M       3.3G

MemTotal:        4016004 kB
MemFree:          138420 kB
Active:           375536 kB
Mem:          3.8G       3.7G       134M       5.7M        27M       3.2G

MemTotal:        4016004 kB
MemFree:          134680 kB
Active:           371276 kB
Mem:          3.8G       3.7G       131M       5.7M        27M       3.2G

MemTotal:        4016004 kB
MemFree:          125716 kB
Active:           371300 kB
Mem:          3.8G       3.7G       122M       5.7M        27M       3.3G

MemTotal:        4016004 kB
MemFree:          130668 kB
Active:           371188 kB
Mem:          3.8G       3.7G       127M       5.7M        27M       3.3G

MemTotal:        4016004 kB
MemFree:          123612 kB
Active:           371240 kB
Mem:          3.8G       3.7G       120M       5.7M        27M       3.3G

MemTotal:        4016004 kB
MemFree:          138436 kB
Active:           371248 kB
Mem:          3.8G       3.7G       134M       5.7M        27M       3.2G

MemTotal:        4016004 kB
MemFree:          136848 kB
Active:           371260 kB
Mem:          3.8G       3.7G       133M       5.7M        27M       3.2G

MemTotal:        4016004 kB
MemFree:          131544 kB
Active:           371264 kB
Mem:          3.8G       3.7G       128M       5.7M        27M       3.2G

MemTotal:        4016004 kB
MemFree:          131628 kB
Active:           371212 kB
Mem:          3.8G       3.7G       128M       5.7M        27M       3.2G

MemTotal:        4016004 kB
MemFree:          131000 kB
Active:           371240 kB
Mem:          3.8G       3.7G       127M       5.7M        27M       3.2G

MemTotal:        4016004 kB
MemFree:          129008 kB
Active:           371284 kB
Mem:          3.8G       3.7G       125M       5.7M        27M       3.3G

MemTotal:        4016004 kB
MemFree:          127808 kB
Active:           371276 kB
Mem:          3.8G       3.7G       124M       5.7M        27M       3.3G

MemTotal:        4016004 kB
MemFree:          122580 kB
Active:           368612 kB
Mem:          3.8G       3.7G       119M       5.7M        27M       3.3G

MemTotal:        4016004 kB
MemFree:          125256 kB
Active:           368540 kB
Mem:          3.8G       3.7G       121M       5.7M        27M       3.3G

MemTotal:        4016004 kB
MemFree:          124660 kB
Active:           368548 kB
Mem:          3.8G       3.7G       121M       5.7M        27M       3.3G

MemTotal:        4016004 kB
MemFree:          129708 kB
Active:           368556 kB
Mem:          3.8G       3.7G       127M       5.7M        27M       3.2G

MemTotal:        4016004 kB
MemFree:          132188 kB
Active:           368524 kB
Mem:          3.8G       3.7G       128M       5.7M        27M       3.2G

MemTotal:        4016004 kB
MemFree:          107944 kB
Active:           368528 kB
Mem:          3.8G       3.7G       105M       5.7M        27M       3.3G

MemTotal:        4016004 kB
MemFree:          119012 kB
Active:           368556 kB
Mem:          3.8G       3.7G       115M       5.7M        27M       3.3G

MemTotal:        4016004 kB
MemFree:          135384 kB
Active:           368572 kB
Mem:          3.8G       3.7G       132M       5.7M        27M       3.2G

MemTotal:        4016004 kB
MemFree:          143152 kB
Active:           368532 kB
Mem:          3.8G       3.7G       139M       5.7M        27M       3.2G

MemTotal:        4016004 kB
MemFree:          141316 kB
Active:           368452 kB
Mem:          3.8G       3.7G       137M       5.7M        27M       3.2G

MemTotal:        4016004 kB
MemFree:          139004 kB
Active:           368420 kB
Mem:          3.8G       3.7G       136M       5.7M        27M       3.2G

MemTotal:        4016004 kB
MemFree:          138744 kB
Active:           370460 kB
Mem:          3.8G       3.7G       135M       5.7M        27M       3.2G

MemTotal:        4016004 kB
MemFree:          138008 kB
Active:           370464 kB
Mem:          3.8G       3.7G       135M       5.7M        27M       3.2G

MemTotal:        4016004 kB
MemFree:          126312 kB
Active:           369996 kB
Mem:          3.8G       3.7G       122M       5.7M        27M       3.3G

MemTotal:        4016004 kB
MemFree:          131948 kB
Active:           369884 kB
Mem:          3.8G       3.7G       127M       5.7M        27M       3.2G

MemTotal:        4016004 kB
MemFree:          126912 kB
Active:           369716 kB
Mem:          3.8G       3.7G       123M       5.7M        27M       3.3G

MemTotal:        4016004 kB
MemFree:          147708 kB
Active:           369064 kB
Mem:          3.8G       3.7G       143M       5.7M        27M       3.2G

MemTotal:        4016004 kB
MemFree:          132996 kB
Active:           368948 kB
Mem:          3.8G       3.7G       129M       5.7M        27M       3.2G

MemTotal:        4016004 kB
MemFree:          127380 kB
Active:           368940 kB
Mem:          3.8G       3.7G       124M       5.7M        27M       3.3G

MemTotal:        4016004 kB
MemFree:          128944 kB
Active:           368940 kB
Mem:          3.8G       3.7G       125M       5.7M        27M       3.2G

MemTotal:        4016004 kB
MemFree:          129204 kB
Active:           368968 kB
Mem:          3.8G       3.7G       125M       5.7M        27M       3.2G

MemTotal:        4016004 kB
MemFree:          126248 kB
Active:           368992 kB
Mem:          3.8G       3.7G       123M       5.7M        27M       3.3G

MemTotal:        4016004 kB
MemFree:          125500 kB
Active:           368956 kB
Mem:          3.8G       3.7G       122M       5.7M        27M       3.3G

MemTotal:        4016004 kB
MemFree:          124080 kB
Active:           369016 kB
Mem:          3.8G       3.7G       121M       5.7M        27M       3.3G

MemTotal:        4016004 kB
MemFree:          112148 kB
Active:           369020 kB
Mem:          3.8G       3.7G       109M       5.7M        27M       3.3G

MemTotal:        4016004 kB
MemFree:          126408 kB
Active:           366540 kB
Mem:          3.8G       3.7G       122M       5.7M        27M       3.3G

MemTotal:        4016004 kB
MemFree:          121100 kB
Active:           366408 kB
Mem:          3.8G       3.7G       118M       5.7M        27M       3.3G

MemTotal:        4016004 kB
MemFree:          133260 kB
Active:           366492 kB
Mem:          3.8G       3.7G       129M       5.7M        27M       3.2G

MemTotal:        4016004 kB
MemFree:          133180 kB
Active:           366468 kB
Mem:          3.8G       3.7G       130M       5.7M        27M       3.2G

MemTotal:        4016004 kB
MemFree:          119872 kB
Active:           366156 kB
Mem:          3.8G       3.7G       116M       5.7M        27M       3.3G

MemTotal:        4016004 kB
MemFree:          136532 kB
Active:           366040 kB
Mem:          3.8G       3.7G       133M       5.7M        27M       3.2G

MemTotal:        4016004 kB
MemFree:          145044 kB
Active:           366076 kB
Mem:          3.8G       3.7G       141M       5.7M        27M       3.2G

MemTotal:        4016004 kB
MemFree:          113692 kB
Active:           366048 kB
Mem:          3.8G       3.7G       110M       5.7M        27M       3.3G

MemTotal:        4016004 kB
MemFree:          112172 kB
Active:           366056 kB
Mem:          3.8G       3.7G       108M       5.7M        27M       3.3G

MemTotal:        4016004 kB
MemFree:          110916 kB
Active:           366096 kB
Mem:          3.8G       3.7G       108M       5.7M        27M       3.3G

MemTotal:        4016004 kB
MemFree:          111444 kB
Active:           366096 kB
Mem:          3.8G       3.7G       108M       5.7M        27M       3.3G

MemTotal:        4016004 kB
MemFree:          111296 kB
Active:           366116 kB
Mem:          3.8G       3.7G       108M       5.7M        27M       3.3G

MemTotal:        4016004 kB
MemFree:          117768 kB
Active:           366196 kB
Mem:          3.8G       3.7G       114M       5.7M        27M       3.3G

MemTotal:        4016004 kB
MemFree:          125876 kB
Active:           366204 kB
Mem:          3.8G       3.7G       122M       5.7M        27M       3.3G

MemTotal:        4016004 kB
MemFree:          136140 kB
Active:           363560 kB
Mem:          3.8G       3.7G       132M       5.7M        27M       3.2G

MemTotal:        4016004 kB
MemFree:          148424 kB
Active:           363424 kB
Mem:          3.8G       3.7G       144M       5.7M        27M       3.2G

MemTotal:        4016004 kB
MemFree:          132404 kB
Active:           363512 kB
Mem:          3.8G       3.7G       128M       5.7M        27M       3.2G

MemTotal:        4016004 kB
MemFree:          133964 kB
Active:           363400 kB
Mem:          3.8G       3.7G       130M       5.7M        27M       3.2G

MemTotal:        4016004 kB
MemFree:          132504 kB
Active:           363468 kB
Mem:          3.8G       3.7G       129M       5.7M        27M       3.2G

MemTotal:        4016004 kB
MemFree:          128772 kB
Active:           363524 kB
Mem:          3.8G       3.7G       125M       5.7M        27M       3.2G

MemTotal:        4016004 kB
MemFree:          106548 kB
Active:           363544 kB
Mem:          3.8G       3.7G       103M       5.7M        27M       3.3G

MemTotal:        4016004 kB
MemFree:          127668 kB
Active:           363456 kB
Mem:          3.8G       3.7G       124M       5.7M        27M       3.2G

MemTotal:        4016004 kB
MemFree:          127376 kB
Active:           363432 kB
Mem:          3.8G       3.7G       124M       5.7M        27M       3.2G

MemTotal:        4016004 kB
MemFree:          126688 kB
Active:           363556 kB
Mem:          3.8G       3.7G       123M       5.7M        27M       3.2G

MemTotal:        4016004 kB
MemFree:          117060 kB
Active:           362368 kB
Mem:          3.8G       3.7G       114M       5.7M        27M       3.3G

MemTotal:        4016004 kB
MemFree:          136420 kB
Active:           359428 kB
Mem:          3.8G       3.7G       133M       5.7M        27M       3.2G

MemTotal:        4016004 kB
MemFree:          145676 kB
Active:           361060 kB
Mem:          3.8G       3.7G       141M       5.7M        27M       3.2G

MemTotal:        4016004 kB
MemFree:          141736 kB
Active:           361088 kB
Mem:          3.8G       3.7G       138M       5.7M        27M       3.2G

MemTotal:        4016004 kB
MemFree:          139092 kB
Active:           357692 kB
Mem:          3.8G       3.7G       135M       5.7M        27M       3.2G

MemTotal:        4016004 kB
MemFree:          120560 kB
Active:           357680 kB
Mem:          3.8G       3.7G       117M       5.7M        27M       3.3G

MemTotal:        4016004 kB
MemFree:          142312 kB
Active:           357736 kB
Mem:          3.8G       3.7G       139M       5.7M        27M       3.2G

MemTotal:        4016004 kB
MemFree:          117836 kB
Active:           357644 kB
Mem:          3.8G       3.7G       115M       5.7M        27M       3.3G

MemTotal:        4016004 kB
MemFree:          115148 kB
Active:           357796 kB
Mem:          3.8G       3.7G       112M       5.7M        27M       3.3G

MemTotal:        4016004 kB
MemFree:          114796 kB
Active:           357780 kB
Mem:          3.8G       3.7G       111M       5.7M        27M       3.3G

MemTotal:        4016004 kB
MemFree:          113912 kB
Active:           357756 kB
Mem:          3.8G       3.7G       111M       5.7M        27M       3.3G

MemTotal:        4016004 kB
MemFree:          131116 kB
Active:           357800 kB
Mem:          3.8G       3.7G       127M       5.7M        27M       3.2G

MemTotal:        4016004 kB
MemFree:          128276 kB
Active:           357808 kB
Mem:          3.8G       3.7G       125M       5.7M        27M       3.2G

MemTotal:        4016004 kB
MemFree:          126640 kB
Active:           357812 kB
Mem:          3.8G       3.7G       123M       5.7M        27M       3.2G

MemTotal:        4016004 kB
MemFree:          122184 kB
Active:           357812 kB
Mem:          3.8G       3.7G       119M       5.7M        27M       3.3G

MemTotal:        4016004 kB
MemFree:          139484 kB
Active:           356584 kB
Mem:          3.8G       3.7G       136M       5.7M        27M       3.2G

MemTotal:        4016004 kB
MemFree:          141892 kB
Active:           356584 kB
Mem:          3.8G       3.7G       137M       5.7M        27M       3.2G

MemTotal:        4016004 kB
MemFree:          128388 kB
Active:           356572 kB
Mem:          3.8G       3.7G       124M       5.7M        27M       3.2G

MemTotal:        4016004 kB
MemFree:          140068 kB
Active:           356616 kB
Mem:          3.8G       3.7G       136M       5.7M        27M       3.2G

MemTotal:        4016004 kB
MemFree:          139580 kB
Active:           356592 kB
Mem:          3.8G       3.7G       136M       5.7M        27M       3.2G

MemTotal:        4016004 kB
MemFree:          137872 kB
Active:           356560 kB
Mem:          3.8G       3.7G       134M       5.7M        27M       3.2G

MemTotal:        4016004 kB
MemFree:          137132 kB
Active:           356588 kB
Mem:          3.8G       3.7G       133M       5.7M        27M       3.2G

MemTotal:        4016004 kB
MemFree:          135072 kB
Active:           356624 kB
Mem:          3.8G       3.7G       131M       5.7M        27M       3.2G

MemTotal:        4016004 kB
MemFree:          128520 kB
Active:           356624 kB
Mem:          3.8G       3.7G       125M       5.7M        27M       3.2G

MemTotal:        4016004 kB
MemFree:          135192 kB
Active:           356624 kB
Mem:          3.8G       3.7G       131M       5.7M        27M       3.2G

MemTotal:        4016004 kB
MemFree:          116144 kB
Active:           356632 kB
Mem:          3.8G       3.7G       112M       5.7M        27M       3.3G

MemTotal:        4016004 kB
MemFree:          131076 kB
Active:           353516 kB
Mem:          3.8G       3.7G       127M       5.7M        27M       3.2G

MemTotal:        4016004 kB
MemFree:          113716 kB
Active:           353520 kB
Mem:          3.8G       3.7G       110M       5.7M        27M       3.3G

MemTotal:        4016004 kB
MemFree:          152912 kB
Active:           353528 kB
Mem:          3.8G       3.7G       149M       5.7M        27M       3.2G

MemTotal:        4016004 kB
MemFree:          127492 kB
Active:           353552 kB
Mem:          3.8G       3.7G       124M       5.7M        27M       3.2G

MemTotal:        4016004 kB
MemFree:          131200 kB
Active:           353556 kB
Mem:          3.8G       3.7G       127M       5.7M        27M       3.2G

MemTotal:        4016004 kB
MemFree:          128348 kB
Active:           353568 kB
Mem:          3.8G       3.7G       125M       5.7M        27M       3.2G

MemTotal:        4016004 kB
MemFree:          127692 kB
Active:           353568 kB
Mem:          3.8G       3.7G       124M       5.7M        27M       3.2G

MemTotal:        4016004 kB
MemFree:          127852 kB
Active:           353536 kB
Mem:          3.8G       3.7G       124M       5.7M        27M       3.2G

MemTotal:        4016004 kB
MemFree:          112480 kB
Active:           353572 kB
Mem:          3.8G       3.7G       109M       5.7M        27M       3.3G

MemTotal:        4016004 kB
MemFree:          125284 kB
Active:           353576 kB
Mem:          3.8G       3.7G       121M       5.7M        27M       3.2G

MemTotal:        4016004 kB
MemFree:          137808 kB
Active:           353576 kB
Mem:          3.8G       3.7G       134M       5.7M        27M       3.2G

MemTotal:        4016004 kB
MemFree:          118196 kB
Active:           347808 kB
Mem:          3.8G       3.7G       115M       5.7M        27M       3.3G

MemTotal:        4016004 kB
MemFree:          117548 kB
Active:           347820 kB
Mem:          3.8G       3.7G       114M       5.7M        27M       3.3G

MemTotal:        4016004 kB
MemFree:          115588 kB
Active:           347828 kB
Mem:          3.8G       3.7G       112M       5.7M        27M       3.3G

MemTotal:        4016004 kB
MemFree:          126944 kB
Active:           347832 kB
Mem:          3.8G       3.7G       124M       5.7M        27M       3.2G

MemTotal:        4016004 kB
MemFree:          126068 kB
Active:           347832 kB
Mem:          3.8G       3.7G       122M       5.7M        27M       3.2G

MemTotal:        4016004 kB
MemFree:          136068 kB
Active:           347836 kB
Mem:          3.8G       3.7G       132M       5.7M        27M       3.2G

MemTotal:        4016004 kB
MemFree:          134444 kB
Active:           347848 kB
Mem:          3.8G       3.7G       131M       5.7M        27M       3.2G

MemTotal:        4016004 kB
MemFree:          134632 kB
Active:           347852 kB
Mem:          3.8G       3.7G       131M       5.7M        27M       3.2G

MemTotal:        4016004 kB
MemFree:          134732 kB
Active:           347856 kB
Mem:          3.8G       3.7G       131M       5.7M        27M       3.2G

MemTotal:        4016004 kB
MemFree:          134180 kB
Active:           347856 kB
Mem:          3.8G       3.7G       131M       5.7M        27M       3.2G

MemTotal:        4016004 kB
MemFree:          115324 kB
Active:           347860 kB
Mem:          3.8G       3.7G       112M       5.7M        27M       3.3G

MemTotal:        4016004 kB
MemFree:          122656 kB
Active:           347860 kB
Mem:          3.8G       3.7G       119M       5.7M        27M       3.2G

MemTotal:        4016004 kB
MemFree:          130640 kB
Active:           347880 kB
Mem:          3.8G       3.7G       127M       5.7M        27M       3.2G

MemTotal:        4016004 kB
MemFree:          138456 kB
Active:           346968 kB
Mem:          3.8G       3.7G       135M       5.7M        27M       3.2G

MemTotal:        4016004 kB
MemFree:          131436 kB
Active:           346968 kB
Mem:          3.8G       3.7G       128M       5.7M        27M       3.2G

MemTotal:        4016004 kB
MemFree:          125564 kB
Active:           346968 kB
Mem:          3.8G       3.7G       122M       5.7M        27M       3.2G

MemTotal:        4016004 kB
MemFree:          141000 kB
Active:           346972 kB
Mem:          3.8G       3.7G       137M       5.7M        27M       3.2G

MemTotal:        4016004 kB
MemFree:          139972 kB
Active:           346980 kB
Mem:          3.8G       3.7G       136M       5.7M        27M       3.2G

MemTotal:        4016004 kB
MemFree:          139100 kB
Active:           346952 kB
Mem:          3.8G       3.7G       135M       5.7M        27M       3.2G

MemTotal:        4016004 kB
MemFree:          137864 kB
Active:           346952 kB
Mem:          3.8G       3.7G       134M       5.7M        27M       3.2G

MemTotal:        4016004 kB
MemFree:          136824 kB
Active:           347008 kB
Mem:          3.8G       3.7G       133M       5.7M        27M       3.2G

MemTotal:        4016004 kB
MemFree:          120092 kB
Active:           347008 kB
Mem:          3.8G       3.7G       117M       5.7M        27M       3.3G

MemTotal:        4016004 kB
MemFree:          121176 kB
Active:           347012 kB
Mem:          3.8G       3.7G       118M       5.7M        27M       3.2G

MemTotal:        4016004 kB
MemFree:          137796 kB
Active:           346708 kB
Mem:          3.8G       3.7G       134M       5.7M        27M       3.2G

MemTotal:        4016004 kB
MemFree:          137796 kB
Active:           346708 kB
Mem:          3.8G       3.7G       134M       5.7M        27M       3.2G

MemTotal:        4016004 kB
MemFree:          137176 kB
Active:           346668 kB
Mem:          3.8G       3.7G       134M       5.7M        27M       3.2G

MemTotal:        4016004 kB
MemFree:          137052 kB
Active:           346708 kB
Mem:          3.8G       3.7G       133M       5.7M        27M       3.2G

MemTotal:        4016004 kB
MemFree:          137176 kB
Active:           346708 kB
Mem:          3.8G       3.7G       133M       5.7M        27M       3.2G

MemTotal:        4016004 kB
MemFree:          137672 kB
Active:           346680 kB
Mem:          3.8G       3.7G       134M       5.7M        27M       3.2G

MemTotal:        4016004 kB
MemFree:          137548 kB
Active:           346676 kB
Mem:          3.8G       3.7G       134M       5.7M        27M       3.2G

MemTotal:        4016004 kB
MemFree:          137672 kB
Active:           346672 kB
Mem:          3.8G       3.7G       134M       5.7M        27M       3.2G

MemTotal:        4016004 kB
MemFree:          137672 kB
Active:           346700 kB
Mem:          3.8G       3.7G       134M       5.7M        27M       3.2G

MemTotal:        4016004 kB
MemFree:          137548 kB
Active:           346684 kB
Mem:          3.8G       3.7G       134M       5.7M        27M       3.2G

MemTotal:        4016004 kB
MemFree:          137796 kB
Active:           346688 kB
Mem:          3.8G       3.7G       134M       5.7M        27M       3.2G

MemTotal:        4016004 kB
MemFree:          135748 kB
Active:           346696 kB
Mem:          3.8G       3.7G       132M       5.7M        27M       3.2G

MemTotal:        4016004 kB
MemFree:          135500 kB
Active:           348692 kB
Mem:          3.8G       3.7G       132M       5.7M        27M       3.2G

MemTotal:        4016004 kB
MemFree:          135500 kB
Active:           348720 kB
Mem:          3.8G       3.7G       132M       5.7M        27M       3.2G

MemTotal:        4016004 kB
MemFree:          135500 kB
Active:           348724 kB
Mem:          3.8G       3.7G       132M       5.7M        27M       3.2G

MemTotal:        4016004 kB
MemFree:          135376 kB
Active:           348708 kB
Mem:          3.8G       3.7G       132M       5.7M        27M       3.2G

MemTotal:        4016004 kB
MemFree:          135252 kB
Active:           348756 kB
Mem:          3.8G       3.7G       132M       5.7M        27M       3.2G

MemTotal:        4016004 kB
MemFree:          135624 kB
Active:           348736 kB
Mem:          3.8G       3.7G       132M       5.7M        27M       3.2G

MemTotal:        4016004 kB
MemFree:          135376 kB
Active:           348756 kB
Mem:          3.8G       3.7G       132M       5.7M        27M       3.2G

MemTotal:        4016004 kB
MemFree:          135624 kB
Active:           348716 kB
Mem:          3.8G       3.7G       132M       5.7M        27M       3.2G

MemTotal:        4016004 kB
MemFree:          135748 kB
Active:           348752 kB
Mem:          3.8G       3.7G       132M       5.7M        27M       3.2G

MemTotal:        4016004 kB
MemFree:          135624 kB
Active:           348756 kB
Mem:          3.8G       3.7G       132M       5.7M        27M       3.2G

MemTotal:        4016004 kB
MemFree:          135872 kB
Active:           348748 kB
Mem:          3.8G       3.7G       132M       5.7M        27M       3.2G

MemTotal:        4016004 kB
MemFree:          135872 kB
Active:           348732 kB
Mem:          3.8G       3.7G       132M       5.7M        27M       3.2G

MemTotal:        4016004 kB
MemFree:          135376 kB
Active:           348776 kB
Mem:          3.8G       3.7G       132M       5.7M        27M       3.2G

MemTotal:        4016004 kB
MemFree:          135624 kB
Active:           348728 kB
Mem:          3.8G       3.7G       132M       5.7M        27M       3.2G

MemTotal:        4016004 kB
MemFree:          135748 kB
Active:           348764 kB
Mem:          3.8G       3.7G       132M       5.7M        27M       3.2G

MemTotal:        4016004 kB
MemFree:          135872 kB
Active:           348748 kB
Mem:          3.8G       3.7G       132M       5.7M        27M       3.2G

MemTotal:        4016004 kB
MemFree:          135624 kB
Active:           348724 kB
Mem:          3.8G       3.7G       132M       5.7M        27M       3.2G

MemTotal:        4016004 kB
MemFree:          135624 kB
Active:           348732 kB
Mem:          3.8G       3.7G       132M       5.7M        27M       3.2G

MemTotal:        4016004 kB
MemFree:          135324 kB
Active:           348780 kB
Mem:          3.8G       3.7G       132M       5.7M        27M       3.2G

MemTotal:        4016004 kB
MemFree:          135232 kB
Active:           348796 kB
Mem:          3.8G       3.7G       132M       5.7M        27M       3.2G

MemTotal:        4016004 kB
MemFree:          135424 kB
Active:           348760 kB
Mem:          3.8G       3.7G       132M       5.7M        27M       3.2G

MemTotal:        4016004 kB
MemFree:          135772 kB
Active:           348744 kB
Mem:          3.8G       3.7G       132M       5.7M        27M       3.2G

MemTotal:        4016004 kB
MemFree:          135432 kB
Active:           348804 kB
Mem:          3.8G       3.7G       132M       5.7M        27M       3.2G

MemTotal:        4016004 kB
MemFree:          135432 kB
Active:           348764 kB
Mem:          3.8G       3.7G       132M       5.7M        27M       3.2G

MemTotal:        4016004 kB
MemFree:          135432 kB
Active:           348796 kB
Mem:          3.8G       3.7G       132M       5.7M        27M       3.2G

MemTotal:        4016004 kB
MemFree:          135556 kB
Active:           348768 kB
Mem:          3.8G       3.7G       132M       5.7M        27M       3.2G

MemTotal:        4016004 kB
MemFree:          135556 kB
Active:           348828 kB
Mem:          3.8G       3.7G       132M       5.7M        27M       3.2G

MemTotal:        4016004 kB
MemFree:          135804 kB
Active:           348816 kB
Mem:          3.8G       3.7G       132M       5.7M        27M       3.2G

MemTotal:        4016004 kB
MemFree:          135928 kB
Active:           348780 kB
Mem:          3.8G       3.7G       132M       5.7M        27M       3.2G

MemTotal:        4016004 kB
MemFree:          135804 kB
Active:           348780 kB
Mem:          3.8G       3.7G       132M       5.7M        27M       3.2G

MemTotal:        4016004 kB
MemFree:          135680 kB
Active:           348792 kB
Mem:          3.8G       3.7G       132M       5.7M        27M       3.2G

MemTotal:        4016004 kB
MemFree:          136184 kB
Active:           348828 kB
Mem:          3.8G       3.7G       132M       5.7M        28M       3.2G

MemTotal:        4016004 kB
MemFree:          135936 kB
Active:           348808 kB
Mem:          3.8G       3.7G       132M       5.7M        28M       3.2G

MemTotal:        4016004 kB
MemFree:          136060 kB
Active:           348836 kB
Mem:          3.8G       3.7G       132M       5.7M        28M       3.2G

MemTotal:        4016004 kB
MemFree:          136060 kB
Active:           348820 kB
Mem:          3.8G       3.7G       132M       5.7M        28M       3.2G

MemTotal:        4016004 kB
MemFree:          136184 kB
Active:           348788 kB
Mem:          3.8G       3.7G       133M       5.7M        28M       3.2G

MemTotal:        4016004 kB
MemFree:          136184 kB
Active:           348816 kB
Mem:          3.8G       3.7G       132M       5.7M        28M       3.2G

MemTotal:        4016004 kB
MemFree:          135688 kB
Active:           348844 kB
Mem:          3.8G       3.7G       132M       5.7M        28M       3.2G

MemTotal:        4016004 kB
MemFree:          135936 kB
Active:           348812 kB
Mem:          3.8G       3.7G       132M       5.7M        28M       3.2G

MemTotal:        4016004 kB
MemFree:          136060 kB
Active:           348836 kB
Mem:          3.8G       3.7G       132M       5.7M        28M       3.2G

MemTotal:        4016004 kB
MemFree:          136060 kB
Active:           348820 kB
Mem:          3.8G       3.7G       132M       5.7M        28M       3.2G

MemTotal:        4016004 kB
MemFree:          135564 kB
Active:           348868 kB
Mem:          3.8G       3.7G       132M       5.7M        28M       3.2G

MemTotal:        4016004 kB
MemFree:          135440 kB
Active:           348828 kB
Mem:          3.8G       3.7G       132M       5.7M        28M       3.2G

MemTotal:        4016004 kB
MemFree:          135192 kB
Active:           348868 kB
Mem:          3.8G       3.7G       132M       5.7M        28M       3.2G

MemTotal:        4016004 kB
MemFree:          135068 kB
Active:           348868 kB
Mem:          3.8G       3.7G       131M       5.7M        28M       3.2G

MemTotal:        4016004 kB
MemFree:          135068 kB
Active:           348868 kB
Mem:          3.8G       3.7G       132M       5.7M        28M       3.2G

MemTotal:        4016004 kB
MemFree:          135688 kB
Active:           348872 kB
Mem:          3.8G       3.7G       132M       5.7M        28M       3.2G

MemTotal:        4016004 kB
MemFree:          135688 kB
Active:           348872 kB
Mem:          3.8G       3.7G       132M       5.7M        28M       3.2G

MemTotal:        4016004 kB
MemFree:          135812 kB
Active:           348848 kB
Mem:          3.8G       3.7G       132M       5.7M        28M       3.2G

MemTotal:        4016004 kB
MemFree:          136060 kB
Active:           348860 kB
Mem:          3.8G       3.7G       132M       5.7M        28M       3.2G

MemTotal:        4016004 kB
MemFree:          135688 kB
Active:           348876 kB
Mem:          3.8G       3.7G       132M       5.7M        28M       3.2G

MemTotal:        4016004 kB
MemFree:          135564 kB
Active:           348876 kB
Mem:          3.8G       3.7G       132M       5.7M        28M       3.2G

MemTotal:        4016004 kB
MemFree:          135440 kB
Active:           348876 kB
Mem:          3.8G       3.7G       132M       5.7M        28M       3.2G

MemTotal:        4016004 kB
MemFree:          135688 kB
Active:           348876 kB
Mem:          3.8G       3.7G       132M       5.7M        28M       3.2G

MemTotal:        4016004 kB
MemFree:          135936 kB
Active:           348832 kB
Mem:          3.8G       3.7G       132M       5.7M        28M       3.2G

MemTotal:        4016004 kB
MemFree:          135936 kB
Active:           348852 kB
Mem:          3.8G       3.7G       132M       5.7M        28M       3.2G

MemTotal:        4016004 kB
MemFree:          136060 kB
Active:           348824 kB
Mem:          3.8G       3.7G       132M       5.7M        28M       3.2G

MemTotal:        4016004 kB
MemFree:          135564 kB
Active:           348884 kB
Mem:          3.8G       3.7G       132M       5.7M        28M       3.2G

MemTotal:        4016004 kB
MemFree:          135688 kB
Active:           348884 kB
Mem:          3.8G       3.7G       132M       5.7M        28M       3.2G

MemTotal:        4016004 kB
MemFree:          135936 kB
Active:           348852 kB
Mem:          3.8G       3.7G       132M       5.7M        28M       3.2G

MemTotal:        4016004 kB
MemFree:          135688 kB
Active:           348896 kB
Mem:          3.8G       3.7G       132M       5.7M        28M       3.2G

MemTotal:        4016004 kB
MemFree:          135316 kB
Active:           348896 kB
Mem:          3.8G       3.7G       132M       5.7M        28M       3.2G

MemTotal:        4016004 kB
MemFree:          135316 kB
Active:           348896 kB
Mem:          3.8G       3.7G       132M       5.7M        28M       3.2G

MemTotal:        4016004 kB
MemFree:          135688 kB
Active:           348880 kB
Mem:          3.8G       3.7G       132M       5.7M        28M       3.2G

MemTotal:        4016004 kB
MemFree:          135316 kB
Active:           348896 kB
Mem:          3.8G       3.7G       132M       5.7M        28M       3.2G

MemTotal:        4016004 kB
MemFree:          135688 kB
Active:           348852 kB
Mem:          3.8G       3.7G       132M       5.7M        28M       3.2G

MemTotal:        4016004 kB
MemFree:          135688 kB
Active:           348888 kB
Mem:          3.8G       3.7G       132M       5.7M        28M       3.2G

MemTotal:        4016004 kB
MemFree:          135688 kB
Active:           348880 kB
Mem:          3.8G       3.7G       132M       5.7M        28M       3.2G

MemTotal:        4016004 kB
MemFree:          135316 kB
Active:           348900 kB
Mem:          3.8G       3.7G       132M       5.7M        28M       3.2G

MemTotal:        4016004 kB
MemFree:          135440 kB
Active:           348884 kB
Mem:          3.8G       3.7G       132M       5.7M        28M       3.2G

MemTotal:        4016004 kB
MemFree:          135564 kB
Active:           348852 kB
Mem:          3.8G       3.7G       132M       5.7M        28M       3.2G

MemTotal:        4016004 kB
MemFree:          135068 kB
Active:           348900 kB
Mem:          3.8G       3.7G       132M       5.7M        28M       3.2G

MemTotal:        4016004 kB
MemFree:          135192 kB
Active:           348900 kB
Mem:          3.8G       3.7G       132M       5.7M        28M       3.2G

MemTotal:        4016004 kB
MemFree:          135440 kB
Active:           348856 kB
Mem:          3.8G       3.7G       132M       5.7M        28M       3.2G

MemTotal:        4016004 kB
MemFree:          135812 kB
Active:           348884 kB
Mem:          3.8G       3.7G       132M       5.7M        28M       3.2G

MemTotal:        4016004 kB
MemFree:          135440 kB
Active:           348908 kB
Mem:          3.8G       3.7G       132M       5.7M        28M       3.2G

MemTotal:        4016004 kB
MemFree:          135936 kB
Active:           348888 kB
Mem:          3.8G       3.7G       132M       5.7M        28M       3.2G

MemTotal:        4016004 kB
MemFree:          135936 kB
Active:           348908 kB
Mem:          3.8G       3.7G       132M       5.7M        28M       3.2G

MemTotal:        4016004 kB
MemFree:          135936 kB
Active:           348868 kB
Mem:          3.8G       3.7G       132M       5.7M        28M       3.2G

MemTotal:        4016004 kB
MemFree:          135812 kB
Active:           348896 kB
Mem:          3.8G       3.7G       132M       5.7M        28M       3.2G

MemTotal:        4016004 kB
MemFree:          135936 kB
Active:           348868 kB
Mem:          3.8G       3.7G       132M       5.7M        28M       3.2G

MemTotal:        4016004 kB
MemFree:          135440 kB
Active:           348908 kB
Mem:          3.8G       3.7G       132M       5.7M        28M       3.2G

MemTotal:        4016004 kB
MemFree:          135440 kB
Active:           348912 kB
Mem:          3.8G       3.7G       131M       5.7M        28M       3.2G

MemTotal:        4016004 kB
MemFree:          135316 kB
Active:           348892 kB
Mem:          3.8G       3.7G       132M       5.7M        28M       3.2G

MemTotal:        4016004 kB
MemFree:          135068 kB
Active:           348912 kB
Mem:          3.8G       3.7G       131M       5.7M        28M       3.2G

MemTotal:        4016004 kB
MemFree:          135688 kB
Active:           348872 kB
Mem:          3.8G       3.7G       132M       5.7M        28M       3.2G

MemTotal:        4016004 kB
MemFree:          135812 kB
Active:           348904 kB
Mem:          3.8G       3.7G       132M       5.7M        28M       3.2G

MemTotal:        4016004 kB
MemFree:          135688 kB
Active:           348872 kB
Mem:          3.8G       3.7G       132M       5.7M        28M       3.2G

MemTotal:        4016004 kB
MemFree:          135316 kB
Active:           348928 kB
Mem:          3.8G       3.7G       132M       5.7M        28M       3.2G

MemTotal:        4016004 kB
MemFree:          135688 kB
Active:           348888 kB
Mem:          3.8G       3.7G       132M       5.7M        28M       3.2G

MemTotal:        4016004 kB
MemFree:          135688 kB
Active:           348908 kB
Mem:          3.8G       3.7G       132M       5.7M        28M       3.2G

MemTotal:        4016004 kB
MemFree:          135440 kB
Active:           348932 kB
Mem:          3.8G       3.7G       132M       5.7M        28M       3.2G

MemTotal:        4016004 kB
MemFree:          135936 kB
Active:           348896 kB
Mem:          3.8G       3.7G       132M       5.7M        28M       3.2G

MemTotal:        4016004 kB
MemFree:          135812 kB
Active:           348940 kB
Mem:          3.8G       3.7G       132M       5.7M        28M       3.2G

MemTotal:        4016004 kB
MemFree:          135936 kB
Active:           348924 kB
Mem:          3.8G       3.7G       132M       5.7M        28M       3.2G

MemTotal:        4016004 kB
MemFree:          135440 kB
Active:           348948 kB
Mem:          3.8G       3.7G       132M       5.7M        28M       3.2G

MemTotal:        4016004 kB
MemFree:          135812 kB
Active:           348896 kB
Mem:          3.8G       3.7G       132M       5.7M        28M       3.2G

MemTotal:        4016004 kB
MemFree:          135812 kB
Active:           348928 kB
Mem:          3.8G       3.7G       132M       5.7M        28M       3.2G

MemTotal:        4016004 kB
MemFree:          135936 kB
Active:           348920 kB
Mem:          3.8G       3.7G       132M       5.7M        28M       3.2G

MemTotal:        4016004 kB
MemFree:          135936 kB
Active:           348916 kB
Mem:          3.8G       3.7G       132M       5.7M        28M       3.2G

MemTotal:        4016004 kB
MemFree:          136060 kB
Active:           348900 kB
Mem:          3.8G       3.7G       132M       5.7M        28M       3.2G

MemTotal:        4016004 kB
MemFree:          135688 kB
Active:           348956 kB
Mem:          3.8G       3.7G       132M       5.7M        28M       3.2G

MemTotal:        4016004 kB
MemFree:          135308 kB
Active:           348956 kB
Mem:          3.8G       3.7G       132M       5.7M        28M       3.2G

MemTotal:        4016004 kB
MemFree:          135432 kB
Active:           348924 kB
Mem:          3.8G       3.7G       132M       5.7M        28M       3.2G

MemTotal:        4016004 kB
MemFree:          135432 kB
Active:           348948 kB
Mem:          3.8G       3.7G       132M       5.7M        28M       3.2G

MemTotal:        4016004 kB
MemFree:          135060 kB
Active:           348964 kB
Mem:          3.8G       3.7G       131M       5.7M        28M       3.2G

MemTotal:        4016004 kB
MemFree:          135060 kB
Active:           348964 kB
Mem:          3.8G       3.7G       131M       5.7M        28M       3.2G

MemTotal:        4016004 kB
MemFree:          135556 kB
Active:           348908 kB
Mem:          3.8G       3.7G       132M       5.7M        28M       3.2G

MemTotal:        4016004 kB
MemFree:          135440 kB
Active:           348968 kB
Mem:          3.8G       3.7G       132M       5.7M        28M       3.2G

MemTotal:        4016004 kB
MemFree:          135440 kB
Active:           348972 kB
Mem:          3.8G       3.7G       132M       5.7M        28M       3.2G

MemTotal:        4016004 kB
MemFree:          135440 kB
Active:           348972 kB
Mem:          3.8G       3.7G       132M       5.7M        28M       3.2G

MemTotal:        4016004 kB
MemFree:          135564 kB
Active:           348920 kB
Mem:          3.8G       3.7G       132M       5.7M        28M       3.2G

MemTotal:        4016004 kB
MemFree:          135316 kB
Active:           348972 kB
Mem:          3.8G       3.7G       132M       5.7M        28M       3.2G

MemTotal:        4016004 kB
MemFree:          135564 kB
Active:           348940 kB
Mem:          3.8G       3.7G       132M       5.7M        28M       3.2G

MemTotal:        4016004 kB
MemFree:          135440 kB
Active:           348944 kB
Mem:          3.8G       3.7G       132M       5.7M        28M       3.2G

MemTotal:        4016004 kB
MemFree:          135068 kB
Active:           348980 kB
Mem:          3.8G       3.7G       131M       5.7M        28M       3.2G

MemTotal:        4016004 kB
MemFree:          135564 kB
Active:           348948 kB
Mem:          3.8G       3.7G       132M       5.7M        28M       3.2G

MemTotal:        4016004 kB
MemFree:          135688 kB
Active:           348976 kB
Mem:          3.8G       3.7G       132M       5.7M        28M       3.2G

MemTotal:        4016004 kB
MemFree:          135688 kB
Active:           348960 kB
Mem:          3.8G       3.7G       132M       5.7M        28M       3.2G

MemTotal:        4016004 kB
MemFree:          133640 kB
Active:           348956 kB
Mem:          3.8G       3.7G       130M       5.7M        28M       3.2G

MemTotal:        4016004 kB
MemFree:          133268 kB
Active:           351004 kB
Mem:          3.8G       3.7G       130M       5.7M        28M       3.2G

MemTotal:        4016004 kB
MemFree:          133640 kB
Active:           350984 kB
Mem:          3.8G       3.7G       130M       5.7M        28M       3.2G

MemTotal:        4016004 kB
MemFree:          133888 kB
Active:           350956 kB
Mem:          3.8G       3.7G       130M       5.7M        28M       3.2G

MemTotal:        4016004 kB
MemFree:          133764 kB
Active:           350992 kB
Mem:          3.8G       3.7G       130M       5.7M        28M       3.2G

MemTotal:        4016004 kB
MemFree:          133268 kB
Active:           351016 kB
Mem:          3.8G       3.7G       130M       5.7M        28M       3.2G

MemTotal:        4016004 kB
MemFree:          133268 kB
Active:           350972 kB
Mem:          3.8G       3.7G       130M       5.7M        28M       3.2G

MemTotal:        4016004 kB
MemFree:          133392 kB
Active:           351016 kB
Mem:          3.8G       3.7G       130M       5.7M        28M       3.2G

MemTotal:        4016004 kB
MemFree:          133268 kB
Active:           350988 kB
Mem:          3.8G       3.7G       130M       5.7M        28M       3.2G

MemTotal:        4016004 kB
MemFree:          133516 kB
Active:           350960 kB
Mem:          3.8G       3.7G       130M       5.7M        28M       3.2G

MemTotal:        4016004 kB
MemFree:          133268 kB
Active:           351000 kB
Mem:          3.8G       3.7G       130M       5.7M        28M       3.2G

MemTotal:        4016004 kB
MemFree:          133020 kB
Active:           351024 kB
Mem:          3.8G       3.7G       129M       5.7M        28M       3.2G

MemTotal:        4016004 kB
MemFree:          133020 kB
Active:           351024 kB
Mem:          3.8G       3.7G       130M       5.7M        28M       3.2G

MemTotal:        4016004 kB
MemFree:          133392 kB
Active:           351000 kB
Mem:          3.8G       3.7G       130M       5.7M        28M       3.2G

MemTotal:        4016004 kB
MemFree:          133640 kB
Active:           351008 kB
Mem:          3.8G       3.7G       130M       5.7M        28M       3.2G

MemTotal:        4016004 kB
MemFree:          133516 kB
Active:           350988 kB
Mem:          3.8G       3.7G       130M       5.7M        28M       3.2G

MemTotal:        4016004 kB
MemFree:          133764 kB
Active:           350980 kB
Mem:          3.8G       3.7G       130M       5.7M        28M       3.2G

MemTotal:        4016004 kB
MemFree:          133268 kB
Active:           351036 kB
Mem:          3.8G       3.7G       130M       5.7M        28M       3.2G

MemTotal:        4016004 kB
MemFree:          133268 kB
Active:           351040 kB
Mem:          3.8G       3.7G       130M       5.7M        28M       3.2G

MemTotal:        4016004 kB
MemFree:          133640 kB
Active:           351000 kB
Mem:          3.8G       3.7G       130M       5.7M        28M       3.2G

MemTotal:        4016004 kB
MemFree:          133640 kB
Active:           350992 kB
Mem:          3.8G       3.7G       130M       5.7M        28M       3.2G

MemTotal:        4016004 kB
MemFree:          133640 kB
Active:           351036 kB
Mem:          3.8G       3.7G       130M       5.7M        28M       3.2G

MemTotal:        4016004 kB
MemFree:          133392 kB
Active:           351000 kB
Mem:          3.8G       3.7G       130M       5.7M        28M       3.2G

MemTotal:        4016004 kB
MemFree:          133144 kB
Active:           351044 kB
Mem:          3.8G       3.7G       130M       5.7M        28M       3.2G

MemTotal:        4016004 kB
MemFree:          133144 kB
Active:           351052 kB
Mem:          3.8G       3.7G       130M       5.7M        28M       3.2G

MemTotal:        4016004 kB
MemFree:          133144 kB
Active:           351020 kB
Mem:          3.8G       3.7G       130M       5.7M        28M       3.2G

MemTotal:        4016004 kB
MemFree:          133020 kB
Active:           351044 kB
Mem:          3.8G       3.7G       129M       5.7M        28M       3.2G

MemTotal:        4016004 kB
MemFree:          133268 kB
Active:           351024 kB
Mem:          3.8G       3.7G       129M       5.7M        28M       3.2G

MemTotal:        4016004 kB
MemFree:          133144 kB
Active:           351056 kB
Mem:          3.8G       3.7G       130M       5.7M        28M       3.2G

MemTotal:        4016004 kB
MemFree:          133268 kB
Active:           351044 kB
Mem:          3.8G       3.7G       130M       5.7M        28M       3.2G

MemTotal:        4016004 kB
MemFree:          133020 kB
Active:           351024 kB
Mem:          3.8G       3.7G       130M       5.7M        28M       3.2G

MemTotal:        4016004 kB
MemFree:          133392 kB
Active:           351036 kB
Mem:          3.8G       3.7G       130M       5.7M        28M       3.2G

MemTotal:        4016004 kB
MemFree:          133392 kB
Active:           351064 kB
Mem:          3.8G       3.7G       130M       5.7M        28M       3.2G

MemTotal:        4016004 kB
MemFree:          132896 kB
Active:           351056 kB
Mem:          3.8G       3.7G       129M       5.7M        28M       3.2G

MemTotal:        4016004 kB
MemFree:          133144 kB
Active:           351076 kB
Mem:          3.8G       3.7G       130M       5.7M        28M       3.2G

MemTotal:        4016004 kB
MemFree:          133268 kB
Active:           351036 kB
Mem:          3.8G       3.7G       130M       5.7M        28M       3.2G

MemTotal:        4016004 kB
MemFree:          133268 kB
Active:           351064 kB
Mem:          3.8G       3.7G       130M       5.7M        28M       3.2G

MemTotal:        4016004 kB
MemFree:          133268 kB
Active:           351036 kB
Mem:          3.8G       3.7G       129M       5.7M        28M       3.2G

MemTotal:        4016004 kB
MemFree:          132648 kB
Active:           351088 kB
Mem:          3.8G       3.7G       129M       5.7M        28M       3.2G

MemTotal:        4016004 kB
MemFree:          133392 kB
Active:           351080 kB
Mem:          3.8G       3.7G       130M       5.7M        28M       3.2G

MemTotal:        4016004 kB
MemFree:          133144 kB
Active:           351096 kB
Mem:          3.8G       3.7G       130M       5.7M        28M       3.2G

MemTotal:        4016004 kB
MemFree:          133144 kB
Active:           351096 kB
Mem:          3.8G       3.7G       130M       5.7M        28M       3.2G

MemTotal:        4016004 kB
MemFree:          133144 kB
Active:           351064 kB
Mem:          3.8G       3.7G       130M       5.7M        28M       3.2G

MemTotal:        4016004 kB
MemFree:          133268 kB
Active:           351048 kB
Mem:          3.8G       3.7G       130M       5.7M        28M       3.2G

MemTotal:        4016004 kB
MemFree:          132648 kB
Active:           351096 kB
Mem:          3.8G       3.7G       129M       5.7M        28M       3.2G

MemTotal:        4016004 kB
MemFree:          133020 kB
Active:           351072 kB
Mem:          3.8G       3.7G       129M       5.7M        28M       3.2G

MemTotal:        4016004 kB
MemFree:          133020 kB
Active:           351096 kB
Mem:          3.8G       3.7G       129M       5.7M        28M       3.2G

MemTotal:        4016004 kB
MemFree:          133020 kB
Active:           351080 kB
Mem:          3.8G       3.7G       130M       5.7M        28M       3.2G

MemTotal:        4016004 kB
MemFree:          133392 kB
Active:           351068 kB
Mem:          3.8G       3.7G       130M       5.7M        28M       3.2G

MemTotal:        4016004 kB
MemFree:          132896 kB
Active:           351108 kB
Mem:          3.8G       3.7G       129M       5.7M        28M       3.2G

MemTotal:        4016004 kB
MemFree:          133268 kB
Active:           351088 kB
Mem:          3.8G       3.7G       130M       5.7M        28M       3.2G

MemTotal:        4016004 kB
MemFree:          133268 kB
Active:           351064 kB
Mem:          3.8G       3.7G       130M       5.7M        28M       3.2G

MemTotal:        4016004 kB
MemFree:          133128 kB
Active:           351116 kB
Mem:          3.8G       3.7G       130M       5.7M        28M       3.2G

MemTotal:        4016004 kB
MemFree:          132632 kB
Active:           351152 kB
Mem:          3.8G       3.7G       129M       5.7M        28M       3.2G

MemTotal:        4016004 kB
MemFree:          133004 kB
Active:           351108 kB
Mem:          3.8G       3.7G       129M       5.7M        28M       3.2G

