MemTotal:        4016004 kB
MemFree:         3230272 kB
Active:           431552 kB
Mem:          3.8G       767M       3.1G       5.7M        52M       322M

MemTotal:        4016004 kB
MemFree:         3229760 kB
Active:           431852 kB
Mem:          3.8G       767M       3.1G       5.7M        52M       322M

MemTotal:        4016004 kB
MemFree:         3229892 kB
Active:           431868 kB
Mem:          3.8G       767M       3.1G       5.7M        52M       322M

MemTotal:        4016004 kB
MemFree:         3229768 kB
Active:           431868 kB
Mem:          3.8G       768M       3.1G       5.7M        52M       322M

MemTotal:        4016004 kB
MemFree:         3229256 kB
Active:           431932 kB
Mem:          3.8G       768M       3.1G       5.7M        52M       322M

MemTotal:        4016004 kB
MemFree:         3229008 kB
Active:           431932 kB
Mem:          3.8G       768M       3.1G       5.7M        52M       322M

MemTotal:        4016004 kB
MemFree:         3228868 kB
Active:           431884 kB
Mem:          3.8G       768M       3.1G       5.7M        52M       322M

MemTotal:        4016004 kB
MemFree:         3229100 kB
Active:           431924 kB
Mem:          3.8G       768M       3.1G       5.7M        52M       322M

MemTotal:        4016004 kB
MemFree:         3228976 kB
Active:           431948 kB
Mem:          3.8G       768M       3.1G       5.7M        52M       322M

MemTotal:        4016004 kB
MemFree:         3229100 kB
Active:           431932 kB
Mem:          3.8G       768M       3.1G       5.7M        52M       322M

MemTotal:        4016004 kB
MemFree:         3228728 kB
Active:           431948 kB
Mem:          3.8G       768M       3.1G       5.7M        52M       322M

MemTotal:        4016004 kB
MemFree:         3229100 kB
Active:           431936 kB
Mem:          3.8G       768M       3.1G       5.7M        52M       322M

MemTotal:        4016004 kB
MemFree:         3228976 kB
Active:           431924 kB
Mem:          3.8G       768M       3.1G       5.7M        52M       322M

MemTotal:        4016004 kB
MemFree:         3228976 kB
Active:           431916 kB
Mem:          3.8G       768M       3.1G       5.7M        52M       322M

MemTotal:        4016004 kB
MemFree:         3229008 kB
Active:           431952 kB
Mem:          3.8G       768M       3.1G       5.7M        52M       322M

MemTotal:        4016004 kB
MemFree:         3229132 kB
Active:           431912 kB
Mem:          3.8G       768M       3.1G       5.7M        52M       322M

MemTotal:        4016004 kB
MemFree:         3229008 kB
Active:           431948 kB
Mem:          3.8G       768M       3.1G       5.7M        52M       322M

MemTotal:        4016004 kB
MemFree:         3229132 kB
Active:           431920 kB
Mem:          3.8G       768M       3.1G       5.7M        52M       322M

MemTotal:        4016004 kB
MemFree:         3229116 kB
Active:           431932 kB
Mem:          3.8G       768M       3.1G       5.7M        52M       322M

MemTotal:        4016004 kB
MemFree:         3229100 kB
Active:           431940 kB
Mem:          3.8G       768M       3.1G       5.7M        52M       322M

MemTotal:        4016004 kB
MemFree:         3229116 kB
Active:           431916 kB
Mem:          3.8G       768M       3.1G       5.7M        52M       322M

MemTotal:        4016004 kB
MemFree:         3229116 kB
Active:           431944 kB
Mem:          3.8G       768M       3.1G       5.7M        52M       322M

MemTotal:        4016004 kB
MemFree:         3229116 kB
Active:           431912 kB
Mem:          3.8G       768M       3.1G       5.7M        52M       322M

MemTotal:        4016004 kB
MemFree:         3229116 kB
Active:           431936 kB
Mem:          3.8G       768M       3.1G       5.7M        52M       322M

MemTotal:        4016004 kB
MemFree:         3228744 kB
Active:           431964 kB
Mem:          3.8G       768M       3.1G       5.7M        52M       322M

MemTotal:        4016004 kB
MemFree:         3229348 kB
Active:           431948 kB
Mem:          3.8G       768M       3.1G       5.7M        52M       322M

MemTotal:        4016004 kB
MemFree:         3229332 kB
Active:           431928 kB
Mem:          3.8G       768M       3.1G       5.7M        52M       322M

MemTotal:        4016004 kB
MemFree:         3229316 kB
Active:           431948 kB
Mem:          3.8G       768M       3.1G       5.7M        52M       322M

MemTotal:        4016004 kB
MemFree:         3229440 kB
Active:           431908 kB
Mem:          3.8G       768M       3.1G       5.7M        52M       322M

MemTotal:        4016004 kB
MemFree:         3229176 kB
Active:           431940 kB
Mem:          3.8G       768M       3.1G       5.7M        52M       322M

MemTotal:        4016004 kB
MemFree:         3228664 kB
Active:           431944 kB
Mem:          3.8G       769M       3.1G       5.7M        52M       322M

MemTotal:        4016004 kB
MemFree:         3228540 kB
Active:           431968 kB
Mem:          3.8G       768M       3.1G       5.7M        52M       322M

MemTotal:        4016004 kB
MemFree:         3228540 kB
Active:           431936 kB
Mem:          3.8G       768M       3.1G       5.7M        52M       322M

MemTotal:        4016004 kB
MemFree:         3228772 kB
Active:           431952 kB
Mem:          3.8G       768M       3.1G       5.7M        52M       322M

MemTotal:        4016004 kB
MemFree:         3228556 kB
Active:           431916 kB
Mem:          3.8G       768M       3.1G       5.7M        52M       322M

MemTotal:        4016004 kB
MemFree:         3228308 kB
Active:           431976 kB
Mem:          3.8G       768M       3.1G       5.7M        52M       322M

MemTotal:        4016004 kB
MemFree:         3228680 kB
Active:           431932 kB
Mem:          3.8G       769M       3.1G       5.7M        52M       322M

MemTotal:        4016004 kB
MemFree:         3228680 kB
Active:           431944 kB
Mem:          3.8G       768M       3.1G       5.7M        52M       322M

MemTotal:        4016004 kB
MemFree:         3228928 kB
Active:           431952 kB
Mem:          3.8G       768M       3.1G       5.7M        52M       322M

MemTotal:        4016004 kB
MemFree:         3228804 kB
Active:           431968 kB
Mem:          3.8G       768M       3.1G       5.7M        52M       322M

MemTotal:        4016004 kB
MemFree:         3228928 kB
Active:           431952 kB
Mem:          3.8G       768M       3.1G       5.7M        52M       322M

MemTotal:        4016004 kB
MemFree:         3228804 kB
Active:           431960 kB
Mem:          3.8G       768M       3.1G       5.7M        52M       322M

MemTotal:        4016004 kB
MemFree:         3228852 kB
Active:           431952 kB
Mem:          3.8G       768M       3.1G       5.7M        52M       322M

MemTotal:        4016004 kB
MemFree:         3228976 kB
Active:           431964 kB
Mem:          3.8G       768M       3.1G       5.7M        52M       322M

MemTotal:        4016004 kB
MemFree:         3228852 kB
Active:           431940 kB
Mem:          3.8G       768M       3.1G       5.7M        52M       322M

MemTotal:        4016004 kB
MemFree:         3228604 kB
Active:           431940 kB
Mem:          3.8G       768M       3.1G       5.7M        52M       322M

MemTotal:        4016004 kB
MemFree:         3228480 kB
Active:           431940 kB
Mem:          3.8G       769M       3.1G       5.7M        52M       322M

MemTotal:        4016004 kB
MemFree:         3227984 kB
Active:           431996 kB
Mem:          3.8G       769M       3.1G       5.7M        52M       322M

MemTotal:        4016004 kB
MemFree:         3228852 kB
Active:           432000 kB
Mem:          3.8G       768M       3.1G       5.7M        52M       322M

MemTotal:        4016004 kB
MemFree:         3228728 kB
Active:           432004 kB
Mem:          3.8G       768M       3.1G       5.7M        52M       322M

MemTotal:        4016004 kB
MemFree:         3228852 kB
Active:           431968 kB
Mem:          3.8G       768M       3.1G       5.7M        52M       322M

MemTotal:        4016004 kB
MemFree:         3228836 kB
Active:           431976 kB
Mem:          3.8G       768M       3.1G       5.7M        52M       322M

MemTotal:        4016004 kB
MemFree:         3226664 kB
Active:           431976 kB
Mem:          3.8G       770M       3.1G       5.7M        52M       322M

MemTotal:        4016004 kB
MemFree:         3227036 kB
Active:           431976 kB
Mem:          3.8G       770M       3.1G       5.7M        52M       322M

MemTotal:        4016004 kB
MemFree:         3226848 kB
Active:           434000 kB
Mem:          3.8G       770M       3.1G       5.7M        52M       322M

MemTotal:        4016004 kB
MemFree:         3227036 kB
Active:           434016 kB
Mem:          3.8G       770M       3.1G       5.7M        52M       322M

MemTotal:        4016004 kB
MemFree:         3226912 kB
Active:           434016 kB
Mem:          3.8G       770M       3.1G       5.7M        52M       322M

MemTotal:        4016004 kB
MemFree:         3227036 kB
Active:           434028 kB
Mem:          3.8G       770M       3.1G       5.7M        52M       322M

MemTotal:        4016004 kB
MemFree:         3226664 kB
Active:           434060 kB
Mem:          3.8G       770M       3.1G       5.7M        52M       322M

MemTotal:        4016004 kB
MemFree:         3226912 kB
Active:           434028 kB
Mem:          3.8G       770M       3.1G       5.7M        52M       322M

MemTotal:        4016004 kB
MemFree:         3226540 kB
Active:           434060 kB
Mem:          3.8G       770M       3.1G       5.7M        52M       322M

MemTotal:        4016004 kB
MemFree:         3227284 kB
Active:           434016 kB
Mem:          3.8G       770M       3.1G       5.7M        52M       322M

MemTotal:        4016004 kB
MemFree:         3226336 kB
Active:           432028 kB
Mem:          3.8G       770M       3.1G       5.7M        52M       322M

MemTotal:        4016004 kB
MemFree:         3226956 kB
Active:           434056 kB
Mem:          3.8G       771M       3.1G       5.7M        52M       322M

MemTotal:        4016004 kB
MemFree:         3226584 kB
Active:           434052 kB
Mem:          3.8G       770M       3.1G       5.7M        52M       322M

MemTotal:        4016004 kB
MemFree:         3226692 kB
Active:           434024 kB
Mem:          3.8G       771M       3.1G       5.7M        52M       322M

MemTotal:        4016004 kB
MemFree:         3226428 kB
Active:           434024 kB
Mem:          3.8G       771M       3.1G       5.7M        52M       322M

MemTotal:        4016004 kB
MemFree:         3226040 kB
Active:           434088 kB
Mem:          3.8G       771M       3.1G       5.7M        52M       322M

MemTotal:        4016004 kB
MemFree:         3225916 kB
Active:           434088 kB
Mem:          3.8G       771M       3.1G       5.7M        52M       322M

MemTotal:        4016004 kB
MemFree:         3226520 kB
Active:           434048 kB
Mem:          3.8G       771M       3.1G       5.7M        52M       322M

MemTotal:        4016004 kB
MemFree:         3226444 kB
Active:           434040 kB
Mem:          3.8G       771M       3.1G       5.7M        52M       322M

MemTotal:        4016004 kB
MemFree:         3226444 kB
Active:           434092 kB
Mem:          3.8G       771M       3.1G       5.7M        52M       322M

MemTotal:        4016004 kB
MemFree:         3226132 kB
Active:           432016 kB
Mem:          3.8G       771M       3.1G       5.7M        52M       322M

MemTotal:        4016004 kB
MemFree:         3226256 kB
Active:           432036 kB
Mem:          3.8G       771M       3.1G       5.7M        52M       322M

MemTotal:        4016004 kB
MemFree:         3226256 kB
Active:           434084 kB
Mem:          3.8G       771M       3.1G       5.7M        52M       322M

MemTotal:        4016004 kB
MemFree:         3225760 kB
Active:           434092 kB
Mem:          3.8G       771M       3.1G       5.7M        52M       322M

MemTotal:        4016004 kB
MemFree:         3226380 kB
Active:           434088 kB
Mem:          3.8G       771M       3.1G       5.7M        52M       322M

MemTotal:        4016004 kB
MemFree:         3226256 kB
Active:           434060 kB
Mem:          3.8G       771M       3.1G       5.7M        52M       322M

MemTotal:        4016004 kB
MemFree:         3225760 kB
Active:           434100 kB
Mem:          3.8G       771M       3.1G       5.7M        52M       322M

MemTotal:        4016004 kB
MemFree:         3226132 kB
Active:           434044 kB
Mem:          3.8G       771M       3.1G       5.7M        52M       322M

MemTotal:        4016004 kB
MemFree:         3225868 kB
Active:           434100 kB
Mem:          3.8G       771M       3.1G       5.7M        52M       322M

MemTotal:        4016004 kB
MemFree:         3225780 kB
Active:           432136 kB
Mem:          3.8G       771M       3.1G       5.7M        52M       322M

MemTotal:        4016004 kB
MemFree:         3226392 kB
Active:           434072 kB
Mem:          3.8G       771M       3.1G       5.7M        52M       322M

MemTotal:        4016004 kB
MemFree:         3226392 kB
Active:           434116 kB
Mem:          3.8G       771M       3.1G       5.7M        52M       322M

MemTotal:        4016004 kB
MemFree:         3226872 kB
Active:           434080 kB
Mem:          3.8G       770M       3.1G       5.7M        52M       322M

MemTotal:        4016004 kB
MemFree:         3226872 kB
Active:           434112 kB
Mem:          3.8G       770M       3.1G       5.7M        52M       322M

MemTotal:        4016004 kB
MemFree:         3226500 kB
Active:           434116 kB
Mem:          3.8G       770M       3.1G       5.7M        52M       322M

MemTotal:        4016004 kB
MemFree:         3226500 kB
Active:           434116 kB
Mem:          3.8G       770M       3.1G       5.7M        52M       322M

MemTotal:        4016004 kB
MemFree:         3226500 kB
Active:           434120 kB
Mem:          3.8G       770M       3.1G       5.7M        52M       322M

MemTotal:        4016004 kB
MemFree:         3226872 kB
Active:           434100 kB
Mem:          3.8G       770M       3.1G       5.7M        52M       322M

MemTotal:        4016004 kB
MemFree:         3226500 kB
Active:           434124 kB
Mem:          3.8G       770M       3.1G       5.7M        52M       322M

MemTotal:        4016004 kB
MemFree:         3225828 kB
Active:           432132 kB
Mem:          3.8G       771M       3.1G       5.7M        52M       322M

MemTotal:        4016004 kB
MemFree:         3226080 kB
Active:           434144 kB
Mem:          3.8G       770M       3.1G       5.7M        52M       322M

MemTotal:        4016004 kB
MemFree:         3226452 kB
Active:           434096 kB
Mem:          3.8G       771M       3.1G       5.7M        52M       322M

MemTotal:        4016004 kB
MemFree:         3226080 kB
Active:           434152 kB
Mem:          3.8G       771M       3.1G       5.7M        52M       322M

MemTotal:        4016004 kB
MemFree:         3226576 kB
Active:           434120 kB
Mem:          3.8G       771M       3.1G       5.7M        52M       322M

MemTotal:        4016004 kB
MemFree:         3226576 kB
Active:           434148 kB
Mem:          3.8G       771M       3.1G       5.7M        52M       322M

MemTotal:        4016004 kB
MemFree:         3226204 kB
Active:           434156 kB
Mem:          3.8G       771M       3.1G       5.7M        52M       322M

MemTotal:        4016004 kB
MemFree:         3226080 kB
Active:           434156 kB
Mem:          3.8G       771M       3.1G       5.7M        52M       322M

MemTotal:        4016004 kB
MemFree:         3226204 kB
Active:           434128 kB
Mem:          3.8G       771M       3.1G       5.7M        52M       322M

MemTotal:        4016004 kB
MemFree:         3226084 kB
Active:           434156 kB
Mem:          3.8G       771M       3.1G       5.7M        52M       322M

MemTotal:        4016004 kB
MemFree:         2819380 kB
Active:           444244 kB
Mem:          3.8G       1.1G       2.7G       5.7M        52M       703M

MemTotal:        4016004 kB
MemFree:         2769612 kB
Active:           444388 kB
Mem:          3.8G       1.2G       2.6G       5.7M        52M       749M

MemTotal:        4016004 kB
MemFree:         2725340 kB
Active:           444676 kB
Mem:          3.8G       1.2G       2.6G       5.7M        52M       792M

MemTotal:        4016004 kB
MemFree:         2684324 kB
Active:           444856 kB
Mem:          3.8G       1.3G       2.6G       5.7M        52M       831M

MemTotal:        4016004 kB
MemFree:         2636852 kB
Active:           445044 kB
Mem:          3.8G       1.3G       2.5G       5.7M        52M       875M

MemTotal:        4016004 kB
MemFree:         2587788 kB
Active:           445228 kB
Mem:          3.8G       1.4G       2.5G       5.7M        52M       922M

MemTotal:        4016004 kB
MemFree:         2543532 kB
Active:           445400 kB
Mem:          3.8G       1.4G       2.4G       5.7M        52M       964M

MemTotal:        4016004 kB
MemFree:         2501496 kB
Active:           445588 kB
Mem:          3.8G       1.4G       2.4G       5.7M        52M       1.0G

MemTotal:        4016004 kB
MemFree:         2463104 kB
Active:           445728 kB
Mem:          3.8G       1.5G       2.3G       5.7M        52M       1.0G

MemTotal:        4016004 kB
MemFree:         2422296 kB
Active:           445872 kB
Mem:          3.8G       1.5G       2.3G       5.7M        52M       1.1G

MemTotal:        4016004 kB
MemFree:         2372844 kB
Active:           446164 kB
Mem:          3.8G       1.6G       2.3G       5.7M        52M       1.1G

MemTotal:        4016004 kB
MemFree:         2358428 kB
Active:           446292 kB
Mem:          3.8G       1.6G       2.2G       5.7M        52M       1.1G

MemTotal:        4016004 kB
MemFree:         2357504 kB
Active:           446276 kB
Mem:          3.8G       1.6G       2.2G       5.7M        52M       1.1G

MemTotal:        4016004 kB
MemFree:         2357012 kB
Active:           446324 kB
Mem:          3.8G       1.6G       2.2G       5.7M        52M       1.1G

MemTotal:        4016004 kB
MemFree:         2228636 kB
Active:           446492 kB
Mem:          3.8G       1.7G       2.1G       5.7M        52M       1.2G

MemTotal:        4016004 kB
MemFree:         2165916 kB
Active:           446876 kB
Mem:          3.8G       1.8G       2.1G       5.7M        52M       1.3G

MemTotal:        4016004 kB
MemFree:         2123096 kB
Active:           447112 kB
Mem:          3.8G       1.8G       2.0G       5.7M        52M       1.3G

MemTotal:        4016004 kB
MemFree:         2077028 kB
Active:           447220 kB
Mem:          3.8G       1.8G       2.0G       5.7M        52M       1.4G

MemTotal:        4016004 kB
MemFree:         2036284 kB
Active:           447496 kB
Mem:          3.8G       1.9G       1.9G       5.7M        52M       1.4G

MemTotal:        4016004 kB
MemFree:         2035424 kB
Active:           447564 kB
Mem:          3.8G       1.9G       1.9G       5.7M        52M       1.4G

MemTotal:        4016004 kB
MemFree:         1997456 kB
Active:           447760 kB
Mem:          3.8G       1.9G       1.9G       5.7M        52M       1.4G

MemTotal:        4016004 kB
MemFree:         1944380 kB
Active:           448040 kB
Mem:          3.8G       2.0G       1.9G       5.7M        52M       1.5G

MemTotal:        4016004 kB
MemFree:         1872428 kB
Active:           448316 kB
Mem:          3.8G       2.0G       1.8G       5.7M        52M       1.6G

MemTotal:        4016004 kB
MemFree:         1817660 kB
Active:           448520 kB
Mem:          3.8G       2.1G       1.7G       5.7M        52M       1.6G

MemTotal:        4016004 kB
MemFree:         1774740 kB
Active:           448684 kB
Mem:          3.8G       2.1G       1.7G       5.7M        52M       1.7G

MemTotal:        4016004 kB
MemFree:         1773024 kB
Active:           448712 kB
Mem:          3.8G       2.1G       1.7G       5.7M        52M       1.7G

MemTotal:        4016004 kB
MemFree:         1772748 kB
Active:           448708 kB
Mem:          3.8G       2.1G       1.7G       5.7M        52M       1.7G

MemTotal:        4016004 kB
MemFree:         1673992 kB
Active:           457252 kB
Mem:          3.8G       2.2G       1.6G       5.7M        59M       1.7G

MemTotal:        4016004 kB
MemFree:         1612844 kB
Active:           457292 kB
Mem:          3.8G       2.3G       1.5G       5.7M        59M       1.8G

MemTotal:        4016004 kB
MemFree:         1553276 kB
Active:           457512 kB
Mem:          3.8G       2.3G       1.5G       5.7M        59M       1.9G

MemTotal:        4016004 kB
MemFree:         1496612 kB
Active:           459456 kB
Mem:          3.8G       2.4G       1.4G       5.7M        59M       1.9G

MemTotal:        4016004 kB
MemFree:         1448108 kB
Active:           459664 kB
Mem:          3.8G       2.5G       1.4G       5.7M        59M       1.9G

MemTotal:        4016004 kB
MemFree:         1429900 kB
Active:           459800 kB
Mem:          3.8G       2.5G       1.4G       5.7M        59M       2.0G

MemTotal:        4016004 kB
MemFree:         1353440 kB
Active:           460080 kB
Mem:          3.8G       2.5G       1.3G       5.7M        59M       2.0G

MemTotal:        4016004 kB
MemFree:         1312700 kB
Active:           460268 kB
Mem:          3.8G       2.6G       1.3G       5.7M        59M       2.1G

MemTotal:        4016004 kB
MemFree:         1269268 kB
Active:           460432 kB
Mem:          3.8G       2.6G       1.2G       5.7M        59M       2.1G

MemTotal:        4016004 kB
MemFree:         1227200 kB
Active:           460600 kB
Mem:          3.8G       2.7G       1.2G       5.7M        59M       2.2G

MemTotal:        4016004 kB
MemFree:         1188560 kB
Active:           460752 kB
Mem:          3.8G       2.7G       1.1G       5.7M        59M       2.2G

MemTotal:        4016004 kB
MemFree:         1178688 kB
Active:           460820 kB
Mem:          3.8G       2.7G       1.1G       5.7M        59M       2.2G

MemTotal:        4016004 kB
MemFree:         1161224 kB
Active:           460860 kB
Mem:          3.8G       2.7G       1.1G       5.7M        59M       2.2G

MemTotal:        4016004 kB
MemFree:         1063220 kB
Active:           461192 kB
Mem:          3.8G       2.8G       1.0G       5.7M        59M       2.3G

MemTotal:        4016004 kB
MemFree:         1003036 kB
Active:           461464 kB
Mem:          3.8G       2.9G       979M       5.7M        59M       2.4G

MemTotal:        4016004 kB
MemFree:          960784 kB
Active:           461628 kB
Mem:          3.8G       2.9G       937M       5.7M        59M       2.4G

MemTotal:        4016004 kB
MemFree:          939304 kB
Active:           461752 kB
Mem:          3.8G       2.9G       916M       5.7M        59M       2.4G

MemTotal:        4016004 kB
MemFree:          928796 kB
Active:           461792 kB
Mem:          3.8G       2.9G       906M       5.7M        59M       2.4G

MemTotal:        4016004 kB
MemFree:          896628 kB
Active:           461868 kB
Mem:          3.8G       3.0G       875M       5.7M        59M       2.5G

MemTotal:        4016004 kB
MemFree:          783800 kB
Active:           462248 kB
Mem:          3.8G       3.1G       764M       5.7M        59M       2.6G

MemTotal:        4016004 kB
MemFree:          730100 kB
Active:           462556 kB
Mem:          3.8G       3.1G       712M       5.7M        59M       2.6G

MemTotal:        4016004 kB
MemFree:          704864 kB
Active:           462688 kB
Mem:          3.8G       3.2G       688M       5.7M        59M       2.6G

MemTotal:        4016004 kB
MemFree:          647944 kB
Active:           464896 kB
Mem:          3.8G       3.2G       631M       5.7M        59M       2.7G

MemTotal:        4016004 kB
MemFree:          607536 kB
Active:           465028 kB
Mem:          3.8G       3.3G       592M       5.7M        59M       2.7G

MemTotal:        4016004 kB
MemFree:          553120 kB
Active:           465224 kB
Mem:          3.8G       3.3G       539M       5.7M        59M       2.8G

MemTotal:        4016004 kB
MemFree:          506956 kB
Active:           465440 kB
Mem:          3.8G       3.3G       494M       5.7M        59M       2.8G

MemTotal:        4016004 kB
MemFree:          462980 kB
Active:           465596 kB
Mem:          3.8G       3.4G       451M       5.7M        59M       2.9G

MemTotal:        4016004 kB
MemFree:          436056 kB
Active:           465752 kB
Mem:          3.8G       3.4G       425M       5.7M        59M       2.9G

MemTotal:        4016004 kB
MemFree:          410904 kB
Active:           465840 kB
Mem:          3.8G       3.4G       400M       5.7M        59M       2.9G

MemTotal:        4016004 kB
MemFree:          375100 kB
Active:           465936 kB
Mem:          3.8G       3.5G       365M       5.7M        59M       2.9G

MemTotal:        4016004 kB
MemFree:          308692 kB
Active:           466188 kB
Mem:          3.8G       3.5G       301M       5.7M        59M       3.0G

MemTotal:        4016004 kB
MemFree:          248084 kB
Active:           466436 kB
Mem:          3.8G       3.6G       241M       5.7M        59M       3.1G

MemTotal:        4016004 kB
MemFree:          216528 kB
Active:           466644 kB
Mem:          3.8G       3.6G       210M       5.7M        60M       3.1G

MemTotal:        4016004 kB
MemFree:          182636 kB
Active:           466716 kB
Mem:          3.8G       3.7G       177M       5.7M        60M       3.1G

MemTotal:        4016004 kB
MemFree:          141748 kB
Active:           466860 kB
Mem:          3.8G       3.7G       137M       5.7M        60M       3.2G

MemTotal:        4016004 kB
MemFree:          146632 kB
Active:           463712 kB
Mem:          3.8G       3.7G       148M       5.7M        27M       3.2G

MemTotal:        4016004 kB
MemFree:          127680 kB
Active:           471996 kB
Mem:          3.8G       3.7G       107M       5.7M        27M       3.2G

MemTotal:        4016004 kB
MemFree:          105400 kB
Active:           492152 kB
Mem:          3.8G       3.7G       102M       5.7M        27M       3.2G

MemTotal:        4016004 kB
MemFree:          125836 kB
Active:           487928 kB
Mem:          3.8G       3.7G       131M       5.7M        27M       3.2G

MemTotal:        4016004 kB
MemFree:          126952 kB
Active:           492120 kB
Mem:          3.8G       3.7G       123M       5.7M        27M       3.2G

MemTotal:        4016004 kB
MemFree:          141376 kB
Active:           488148 kB
Mem:          3.8G       3.7G       137M       5.7M        27M       3.2G

MemTotal:        4016004 kB
MemFree:          109332 kB
Active:           484632 kB
Mem:          3.8G       3.7G       105M       5.7M        27M       3.2G

MemTotal:        4016004 kB
MemFree:          111724 kB
Active:           482808 kB
Mem:          3.8G       3.7G       108M       5.7M        27M       3.2G

MemTotal:        4016004 kB
MemFree:          110164 kB
Active:           481444 kB
Mem:          3.8G       3.7G       107M       5.7M        27M       3.2G

MemTotal:        4016004 kB
MemFree:          127040 kB
Active:           479936 kB
Mem:          3.8G       3.7G       123M       5.7M        27M       3.2G

MemTotal:        4016004 kB
MemFree:          118192 kB
Active:           478496 kB
Mem:          3.8G       3.7G       115M       5.7M        27M       3.2G

MemTotal:        4016004 kB
MemFree:          104940 kB
Active:           474688 kB
Mem:          3.8G       3.7G       106M       5.7M        27M       3.2G

MemTotal:        4016004 kB
MemFree:          127012 kB
Active:           472112 kB
Mem:          3.8G       3.7G       123M       5.7M        27M       3.2G

MemTotal:        4016004 kB
MemFree:          115248 kB
Active:           470820 kB
Mem:          3.8G       3.7G       112M       5.7M        27M       3.2G

MemTotal:        4016004 kB
MemFree:          111688 kB
Active:           469636 kB
Mem:          3.8G       3.7G       108M       5.7M        27M       3.2G

MemTotal:        4016004 kB
MemFree:          127572 kB
Active:           469088 kB
Mem:          3.8G       3.7G       123M       5.7M        27M       3.2G

MemTotal:        4016004 kB
MemFree:          106512 kB
Active:           469204 kB
Mem:          3.8G       3.7G       103M       5.7M        27M       3.2G

MemTotal:        4016004 kB
MemFree:          146952 kB
Active:           465128 kB
Mem:          3.8G       3.7G       142M       5.7M        27M       3.2G

MemTotal:        4016004 kB
MemFree:          126828 kB
Active:           464208 kB
Mem:          3.8G       3.7G       123M       5.7M        27M       3.2G

MemTotal:        4016004 kB
MemFree:          139624 kB
Active:           457672 kB
Mem:          3.8G       3.7G       136M       5.7M        27M       3.2G

MemTotal:        4016004 kB
MemFree:          131896 kB
Active:           456716 kB
Mem:          3.8G       3.7G       128M       5.7M        27M       3.2G

MemTotal:        4016004 kB
MemFree:          121432 kB
Active:           453764 kB
Mem:          3.8G       3.7G       117M       5.7M        27M       3.2G

MemTotal:        4016004 kB
MemFree:          124644 kB
Active:           450300 kB
Mem:          3.8G       3.7G       120M       5.7M        27M       3.2G

MemTotal:        4016004 kB
MemFree:          118752 kB
Active:           447372 kB
Mem:          3.8G       3.7G       115M       5.7M        27M       3.2G

MemTotal:        4016004 kB
MemFree:          132728 kB
Active:           446192 kB
Mem:          3.8G       3.7G       129M       5.7M        27M       3.2G

MemTotal:        4016004 kB
MemFree:          109640 kB
Active:           446280 kB
Mem:          3.8G       3.7G       107M       5.7M        27M       3.2G

MemTotal:        4016004 kB
MemFree:          131836 kB
Active:           444076 kB
Mem:          3.8G       3.7G       127M       5.7M        27M       3.2G

MemTotal:        4016004 kB
MemFree:          135436 kB
Active:           442132 kB
Mem:          3.8G       3.7G       132M       5.7M        27M       3.2G

MemTotal:        4016004 kB
MemFree:          118792 kB
Active:           440348 kB
Mem:          3.8G       3.7G       115M       5.7M        27M       3.2G

MemTotal:        4016004 kB
MemFree:          129844 kB
Active:           439868 kB
Mem:          3.8G       3.7G       126M       5.7M        27M       3.2G

MemTotal:        4016004 kB
MemFree:          119104 kB
Active:           439388 kB
Mem:          3.8G       3.7G       116M       5.7M        27M       3.2G

MemTotal:        4016004 kB
MemFree:          119384 kB
Active:           438244 kB
Mem:          3.8G       3.7G       116M       5.7M        27M       3.2G

MemTotal:        4016004 kB
MemFree:          110520 kB
Active:           436772 kB
Mem:          3.8G       3.7G       107M       5.7M        27M       3.2G

MemTotal:        4016004 kB
MemFree:          115540 kB
Active:           433116 kB
Mem:          3.8G       3.7G       111M       5.7M        27M       3.2G

MemTotal:        4016004 kB
MemFree:          121420 kB
Active:           432044 kB
Mem:          3.8G       3.7G       117M       5.7M        27M       3.2G

MemTotal:        4016004 kB
MemFree:          130580 kB
Active:           430760 kB
Mem:          3.8G       3.7G       127M       5.7M        27M       3.2G

MemTotal:        4016004 kB
MemFree:          122380 kB
Active:           430240 kB
Mem:          3.8G       3.7G       119M       5.7M        27M       3.2G

MemTotal:        4016004 kB
MemFree:          113600 kB
Active:           429344 kB
Mem:          3.8G       3.7G       109M       5.7M        27M       3.2G

MemTotal:        4016004 kB
MemFree:          142424 kB
Active:           427412 kB
Mem:          3.8G       3.7G       138M       5.7M        27M       3.2G

MemTotal:        4016004 kB
MemFree:          109052 kB
Active:           427256 kB
Mem:          3.8G       3.7G       106M       5.7M        27M       3.2G

MemTotal:        4016004 kB
MemFree:          117172 kB
Active:           426636 kB
Mem:          3.8G       3.7G       113M       5.7M        27M       3.2G

MemTotal:        4016004 kB
MemFree:          118732 kB
Active:           425552 kB
Mem:          3.8G       3.7G       115M       5.7M        27M       3.2G

MemTotal:        4016004 kB
MemFree:          147656 kB
Active:           420948 kB
Mem:          3.8G       3.7G       143M       5.7M        27M       3.2G

MemTotal:        4016004 kB
MemFree:          129620 kB
Active:           419552 kB
Mem:          3.8G       3.7G       126M       5.7M        27M       3.2G

MemTotal:        4016004 kB
MemFree:          139304 kB
Active:           417564 kB
Mem:          3.8G       3.7G       135M       5.7M        27M       3.2G

MemTotal:        4016004 kB
MemFree:          112708 kB
Active:           418152 kB
Mem:          3.8G       3.7G       109M       5.7M        27M       3.2G

MemTotal:        4016004 kB
MemFree:          123900 kB
Active:           416672 kB
Mem:          3.8G       3.7G       120M       5.7M        27M       3.2G

MemTotal:        4016004 kB
MemFree:          132488 kB
Active:           415004 kB
Mem:          3.8G       3.7G       128M       5.7M        27M       3.2G

MemTotal:        4016004 kB
MemFree:          140028 kB
Active:           412264 kB
Mem:          3.8G       3.7G       136M       5.7M        27M       3.2G

MemTotal:        4016004 kB
MemFree:          131424 kB
Active:           410572 kB
Mem:          3.8G       3.7G       127M       5.7M        27M       3.2G

MemTotal:        4016004 kB
MemFree:          119516 kB
Active:           409988 kB
Mem:          3.8G       3.7G       116M       5.7M        27M       3.2G

MemTotal:        4016004 kB
MemFree:          125208 kB
Active:           408820 kB
Mem:          3.8G       3.7G       122M       5.7M        27M       3.2G

MemTotal:        4016004 kB
MemFree:          144744 kB
Active:           407016 kB
Mem:          3.8G       3.7G       140M       5.7M        27M       3.2G

MemTotal:        4016004 kB
MemFree:          133620 kB
Active:           407180 kB
Mem:          3.8G       3.7G       129M       5.7M        27M       3.2G

MemTotal:        4016004 kB
MemFree:          119944 kB
Active:           407420 kB
Mem:          3.8G       3.7G       116M       5.7M        27M       3.2G

MemTotal:        4016004 kB
MemFree:          138576 kB
Active:           407564 kB
Mem:          3.8G       3.7G       135M       5.7M        27M       3.2G

MemTotal:        4016004 kB
MemFree:          113456 kB
Active:           409680 kB
Mem:          3.8G       3.7G       110M       5.7M        27M       3.2G

MemTotal:        4016004 kB
MemFree:          128972 kB
Active:           408732 kB
Mem:          3.8G       3.7G       125M       5.7M        27M       3.2G

MemTotal:        4016004 kB
MemFree:          119244 kB
Active:           408888 kB
Mem:          3.8G       3.7G       115M       5.7M        27M       3.2G

MemTotal:        4016004 kB
MemFree:          133328 kB
Active:           409248 kB
Mem:          3.8G       3.7G       129M       5.7M        27M       3.2G

MemTotal:        4016004 kB
MemFree:          130924 kB
Active:           409500 kB
Mem:          3.8G       3.7G       127M       5.7M        27M       3.2G

MemTotal:        4016004 kB
MemFree:          131188 kB
Active:           409632 kB
Mem:          3.8G       3.7G       128M       5.7M        27M       3.2G

MemTotal:        4016004 kB
MemFree:          128316 kB
Active:           409744 kB
Mem:          3.8G       3.7G       124M       5.7M        27M       3.2G

MemTotal:        4016004 kB
MemFree:          126404 kB
Active:           409936 kB
Mem:          3.8G       3.7G       122M       5.7M        27M       3.2G

MemTotal:        4016004 kB
MemFree:          110700 kB
Active:           410124 kB
Mem:          3.8G       3.7G       107M       5.7M        27M       3.2G

MemTotal:        4016004 kB
MemFree:          104960 kB
Active:           412364 kB
Mem:          3.8G       3.7G       108M       5.7M        27M       3.2G

MemTotal:        4016004 kB
MemFree:          119404 kB
Active:           411608 kB
Mem:          3.8G       3.7G       116M       5.7M        27M       3.2G

MemTotal:        4016004 kB
MemFree:          131804 kB
Active:           411704 kB
Mem:          3.8G       3.7G       128M       5.7M        27M       3.2G

MemTotal:        4016004 kB
MemFree:          126708 kB
Active:           411680 kB
Mem:          3.8G       3.7G       123M       5.7M        27M       3.2G

MemTotal:        4016004 kB
MemFree:          120824 kB
Active:           411804 kB
Mem:          3.8G       3.7G       117M       5.7M        27M       3.2G

MemTotal:        4016004 kB
MemFree:          129760 kB
Active:           411996 kB
Mem:          3.8G       3.7G       125M       5.7M        27M       3.2G

MemTotal:        4016004 kB
MemFree:          134880 kB
Active:           412284 kB
Mem:          3.8G       3.7G       131M       5.7M        27M       3.2G

MemTotal:        4016004 kB
MemFree:          123604 kB
Active:           412380 kB
Mem:          3.8G       3.7G       120M       5.7M        27M       3.2G

MemTotal:        4016004 kB
MemFree:          132568 kB
Active:           412600 kB
Mem:          3.8G       3.7G       129M       5.7M        27M       3.2G

MemTotal:        4016004 kB
MemFree:          126848 kB
Active:           413500 kB
Mem:          3.8G       3.7G       123M       5.7M        27M       3.2G

MemTotal:        4016004 kB
MemFree:          106108 kB
Active:           413524 kB
Mem:          3.8G       3.7G       102M       5.7M        27M       3.2G

MemTotal:        4016004 kB
MemFree:          104960 kB
Active:           408868 kB
Mem:          3.8G       3.7G       106M       5.7M        27M       3.2G

MemTotal:        4016004 kB
MemFree:          117376 kB
Active:           408956 kB
Mem:          3.8G       3.7G       113M       5.7M        27M       3.2G

MemTotal:        4016004 kB
MemFree:          111680 kB
Active:           409140 kB
Mem:          3.8G       3.7G       108M       5.7M        27M       3.2G

MemTotal:        4016004 kB
MemFree:          121520 kB
Active:           409292 kB
Mem:          3.8G       3.7G       118M       5.7M        27M       3.2G

MemTotal:        4016004 kB
MemFree:          105664 kB
Active:           409548 kB
Mem:          3.8G       3.7G       102M       5.7M        27M       3.2G

MemTotal:        4016004 kB
MemFree:          138848 kB
Active:           409616 kB
Mem:          3.8G       3.7G       135M       5.7M        27M       3.2G

MemTotal:        4016004 kB
MemFree:          132108 kB
Active:           409640 kB
Mem:          3.8G       3.7G       128M       5.7M        27M       3.2G

MemTotal:        4016004 kB
MemFree:          107436 kB
Active:           409828 kB
Mem:          3.8G       3.7G       104M       5.7M        27M       3.2G

MemTotal:        4016004 kB
MemFree:          127316 kB
Active:           409124 kB
Mem:          3.8G       3.7G       123M       5.7M        27M       3.2G

MemTotal:        4016004 kB
MemFree:          137316 kB
Active:           409144 kB
Mem:          3.8G       3.7G       133M       5.7M        27M       3.2G

MemTotal:        4016004 kB
MemFree:          131072 kB
Active:           409336 kB
Mem:          3.8G       3.7G       127M       5.7M        27M       3.2G

MemTotal:        4016004 kB
MemFree:          124996 kB
Active:           409496 kB
Mem:          3.8G       3.7G       121M       5.7M        27M       3.2G

MemTotal:        4016004 kB
MemFree:          124020 kB
Active:           409504 kB
Mem:          3.8G       3.7G       121M       5.7M        27M       3.2G

MemTotal:        4016004 kB
MemFree:          124332 kB
Active:           409808 kB
Mem:          3.8G       3.7G       119M       5.7M        27M       3.2G

MemTotal:        4016004 kB
MemFree:          125944 kB
Active:           410076 kB
Mem:          3.8G       3.7G       122M       5.7M        27M       3.2G

MemTotal:        4016004 kB
MemFree:          110528 kB
Active:           410304 kB
Mem:          3.8G       3.7G       107M       5.7M        27M       3.2G

MemTotal:        4016004 kB
MemFree:          111224 kB
Active:           410448 kB
Mem:          3.8G       3.7G       108M       5.7M        27M       3.2G

MemTotal:        4016004 kB
MemFree:          109368 kB
Active:           409320 kB
Mem:          3.8G       3.7G       106M       5.7M        27M       3.2G

MemTotal:        4016004 kB
MemFree:          125708 kB
Active:           409480 kB
Mem:          3.8G       3.7G       122M       5.7M        27M       3.2G

MemTotal:        4016004 kB
MemFree:          123008 kB
Active:           409732 kB
Mem:          3.8G       3.7G       119M       5.7M        27M       3.2G

MemTotal:        4016004 kB
MemFree:          132632 kB
Active:           409956 kB
Mem:          3.8G       3.7G       129M       5.7M        27M       3.2G

MemTotal:        4016004 kB
MemFree:          111832 kB
Active:           410060 kB
Mem:          3.8G       3.7G       108M       5.7M        27M       3.2G

MemTotal:        4016004 kB
MemFree:          124460 kB
Active:           410196 kB
Mem:          3.8G       3.7G       121M       5.7M        27M       3.2G

MemTotal:        4016004 kB
MemFree:          152800 kB
Active:           410320 kB
Mem:          3.8G       3.7G       148M       5.7M        27M       3.2G

MemTotal:        4016004 kB
MemFree:          123520 kB
Active:           410572 kB
Mem:          3.8G       3.7G       120M       5.7M        27M       3.2G

MemTotal:        4016004 kB
MemFree:          124496 kB
Active:           409020 kB
Mem:          3.8G       3.7G       120M       5.7M        27M       3.2G

MemTotal:        4016004 kB
MemFree:          127628 kB
Active:           409240 kB
Mem:          3.8G       3.7G       124M       5.7M        27M       3.2G

MemTotal:        4016004 kB
MemFree:          125592 kB
Active:           409348 kB
Mem:          3.8G       3.7G       122M       5.7M        27M       3.2G

MemTotal:        4016004 kB
MemFree:          129464 kB
Active:           410548 kB
Mem:          3.8G       3.7G       125M       5.7M        27M       3.2G

MemTotal:        4016004 kB
MemFree:          107652 kB
Active:           410552 kB
Mem:          3.8G       3.7G       104M       5.7M        27M       3.2G

MemTotal:        4016004 kB
MemFree:          135016 kB
Active:           410720 kB
Mem:          3.8G       3.7G       131M       5.7M        27M       3.2G

MemTotal:        4016004 kB
MemFree:          132876 kB
Active:           411008 kB
Mem:          3.8G       3.7G       129M       5.7M        27M       3.2G

MemTotal:        4016004 kB
MemFree:          138116 kB
Active:           411176 kB
Mem:          3.8G       3.7G       134M       5.7M        27M       3.2G

MemTotal:        4016004 kB
MemFree:          126752 kB
Active:           411316 kB
Mem:          3.8G       3.7G       122M       5.7M        27M       3.2G

MemTotal:        4016004 kB
MemFree:          105724 kB
Active:           411640 kB
Mem:          3.8G       3.7G       102M       5.7M        27M       3.2G

MemTotal:        4016004 kB
MemFree:          115312 kB
Active:           401260 kB
Mem:          3.8G       3.7G       112M       5.7M        27M       3.2G

MemTotal:        4016004 kB
MemFree:          121388 kB
Active:           401472 kB
Mem:          3.8G       3.7G       118M       5.7M        27M       3.2G

MemTotal:        4016004 kB
MemFree:          120244 kB
Active:           401476 kB
Mem:          3.8G       3.7G       117M       5.7M        27M       3.2G

MemTotal:        4016004 kB
MemFree:          139720 kB
Active:           401840 kB
Mem:          3.8G       3.7G       135M       5.7M        27M       3.2G

MemTotal:        4016004 kB
MemFree:          128972 kB
Active:           402080 kB
Mem:          3.8G       3.7G       125M       5.7M        27M       3.2G

MemTotal:        4016004 kB
MemFree:          119516 kB
Active:           402284 kB
Mem:          3.8G       3.7G       115M       5.7M        27M       3.2G

MemTotal:        4016004 kB
MemFree:          105464 kB
Active:           402480 kB
Mem:          3.8G       3.7G       102M       5.7M        27M       3.2G

MemTotal:        4016004 kB
MemFree:          134024 kB
Active:           402548 kB
Mem:          3.8G       3.7G       130M       5.7M        27M       3.2G

MemTotal:        4016004 kB
MemFree:          126764 kB
Active:           402668 kB
Mem:          3.8G       3.7G       123M       5.7M        27M       3.2G

MemTotal:        4016004 kB
MemFree:          107392 kB
Active:           402792 kB
Mem:          3.8G       3.7G       104M       5.7M        27M       3.2G

MemTotal:        4016004 kB
MemFree:          115288 kB
Active:           402912 kB
Mem:          3.8G       3.7G       112M       5.7M        27M       3.2G

MemTotal:        4016004 kB
MemFree:          126660 kB
Active:           402076 kB
Mem:          3.8G       3.7G       123M       5.7M        27M       3.2G

MemTotal:        4016004 kB
MemFree:          123268 kB
Active:           402324 kB
Mem:          3.8G       3.7G       119M       5.7M        27M       3.2G

MemTotal:        4016004 kB
MemFree:          117380 kB
Active:           402480 kB
Mem:          3.8G       3.7G       114M       5.7M        27M       3.2G

MemTotal:        4016004 kB
MemFree:          123148 kB
Active:           402576 kB
Mem:          3.8G       3.7G       120M       5.7M        27M       3.2G

MemTotal:        4016004 kB
MemFree:          127276 kB
Active:           402700 kB
Mem:          3.8G       3.7G       124M       5.7M        27M       3.2G

MemTotal:        4016004 kB
MemFree:          124876 kB
Active:           402924 kB
Mem:          3.8G       3.7G       120M       5.7M        27M       3.2G

MemTotal:        4016004 kB
MemFree:          123460 kB
Active:           403200 kB
Mem:          3.8G       3.7G       119M       5.7M        27M       3.2G

MemTotal:        4016004 kB
MemFree:          132004 kB
Active:           403392 kB
Mem:          3.8G       3.7G       128M       5.7M        27M       3.2G

MemTotal:        4016004 kB
MemFree:          124020 kB
Active:           403548 kB
Mem:          3.8G       3.7G       120M       5.7M        27M       3.2G

MemTotal:        4016004 kB
MemFree:          112356 kB
Active:           403684 kB
Mem:          3.8G       3.7G       109M       5.7M        27M       3.2G

MemTotal:        4016004 kB
MemFree:          122752 kB
Active:           403832 kB
Mem:          3.8G       3.7G       123M       5.7M        27M       3.2G

MemTotal:        4016004 kB
MemFree:          126808 kB
Active:           402340 kB
Mem:          3.8G       3.7G       123M       5.7M        27M       3.2G

MemTotal:        4016004 kB
MemFree:          139524 kB
Active:           402424 kB
Mem:          3.8G       3.7G       136M       5.7M        27M       3.2G

MemTotal:        4016004 kB
MemFree:          130080 kB
Active:           402536 kB
Mem:          3.8G       3.7G       126M       5.7M        27M       3.2G

MemTotal:        4016004 kB
MemFree:          132964 kB
Active:           402648 kB
Mem:          3.8G       3.7G       129M       5.7M        27M       3.2G

MemTotal:        4016004 kB
MemFree:          126580 kB
Active:           402780 kB
Mem:          3.8G       3.7G       124M       5.7M        27M       3.2G

MemTotal:        4016004 kB
MemFree:          109468 kB
Active:           403016 kB
Mem:          3.8G       3.7G       106M       5.7M        27M       3.2G

MemTotal:        4016004 kB
MemFree:          107016 kB
Active:           403240 kB
Mem:          3.8G       3.7G       103M       5.7M        27M       3.2G

MemTotal:        4016004 kB
MemFree:          135164 kB
Active:           403368 kB
Mem:          3.8G       3.7G       131M       5.7M        27M       3.2G

MemTotal:        4016004 kB
MemFree:          134392 kB
Active:           403368 kB
Mem:          3.8G       3.7G       131M       5.7M        27M       3.2G

MemTotal:        4016004 kB
MemFree:          121612 kB
Active:           403364 kB
Mem:          3.8G       3.7G       126M       5.7M        27M       3.2G

MemTotal:        4016004 kB
MemFree:          118644 kB
Active:           403780 kB
Mem:          3.8G       3.7G       115M       5.7M        27M       3.2G

MemTotal:        4016004 kB
MemFree:          113340 kB
Active:           404036 kB
Mem:          3.8G       3.7G       109M       5.7M        27M       3.2G

MemTotal:        4016004 kB
MemFree:          107916 kB
Active:           404196 kB
Mem:          3.8G       3.7G       105M       5.7M        27M       3.2G

MemTotal:        4016004 kB
MemFree:          106804 kB
Active:           404172 kB
Mem:          3.8G       3.7G       104M       5.7M        27M       3.2G

MemTotal:        4016004 kB
MemFree:          130744 kB
Active:           400612 kB
Mem:          3.8G       3.7G       126M       5.7M        27M       3.2G

MemTotal:        4016004 kB
MemFree:          105664 kB
Active:           400648 kB
Mem:          3.8G       3.7G       102M       5.7M        27M       3.2G

MemTotal:        4016004 kB
MemFree:          155212 kB
Active:           400888 kB
Mem:          3.8G       3.7G       151M       5.7M        27M       3.2G

MemTotal:        4016004 kB
MemFree:          109588 kB
Active:           401076 kB
Mem:          3.8G       3.7G       106M       5.7M        27M       3.2G

MemTotal:        4016004 kB
MemFree:          110364 kB
Active:           401248 kB
Mem:          3.8G       3.7G       107M       5.7M        27M       3.2G

MemTotal:        4016004 kB
MemFree:          126548 kB
Active:           401368 kB
Mem:          3.8G       3.7G       122M       5.7M        27M       3.2G

MemTotal:        4016004 kB
MemFree:          125076 kB
Active:           401488 kB
Mem:          3.8G       3.7G       121M       5.7M        27M       3.2G

MemTotal:        4016004 kB
MemFree:          126108 kB
Active:           401656 kB
Mem:          3.8G       3.7G       122M       5.7M        27M       3.2G

MemTotal:        4016004 kB
MemFree:          126436 kB
Active:           401880 kB
Mem:          3.8G       3.7G       122M       5.7M        27M       3.2G

MemTotal:        4016004 kB
MemFree:          107284 kB
Active:           402088 kB
Mem:          3.8G       3.7G       104M       5.7M        27M       3.2G

MemTotal:        4016004 kB
MemFree:          123340 kB
Active:           402236 kB
Mem:          3.8G       3.7G       120M       5.7M        27M       3.2G

MemTotal:        4016004 kB
MemFree:          108028 kB
Active:           402272 kB
Mem:          3.8G       3.7G       105M       5.7M        27M       3.2G

MemTotal:        4016004 kB
MemFree:          117764 kB
Active:           402380 kB
Mem:          3.8G       3.7G       114M       5.7M        27M       3.2G

MemTotal:        4016004 kB
MemFree:          126176 kB
Active:           402660 kB
Mem:          3.8G       3.7G       122M       5.7M        27M       3.2G

MemTotal:        4016004 kB
MemFree:          129400 kB
Active:           402980 kB
Mem:          3.8G       3.7G       126M       5.7M        27M       3.2G

MemTotal:        4016004 kB
MemFree:          130240 kB
Active:           403156 kB
Mem:          3.8G       3.7G       126M       5.7M        27M       3.2G

MemTotal:        4016004 kB
MemFree:          121228 kB
Active:           401432 kB
Mem:          3.8G       3.7G       118M       5.7M        27M       3.2G

MemTotal:        4016004 kB
MemFree:          120144 kB
Active:           401440 kB
Mem:          3.8G       3.7G       116M       5.7M        27M       3.2G

MemTotal:        4016004 kB
MemFree:          109688 kB
Active:           401632 kB
Mem:          3.8G       3.7G       106M       5.7M        27M       3.2G

MemTotal:        4016004 kB
MemFree:          123872 kB
Active:           401852 kB
Mem:          3.8G       3.7G       120M       5.7M        27M       3.2G

MemTotal:        4016004 kB
MemFree:          137876 kB
Active:           401972 kB
Mem:          3.8G       3.7G       133M       5.7M        27M       3.2G

MemTotal:        4016004 kB
MemFree:          137544 kB
Active:           402204 kB
Mem:          3.8G       3.7G       133M       5.7M        27M       3.2G

MemTotal:        4016004 kB
MemFree:          133276 kB
Active:           402344 kB
Mem:          3.8G       3.7G       130M       5.7M        27M       3.2G

MemTotal:        4016004 kB
MemFree:          105468 kB
Active:           402532 kB
Mem:          3.8G       3.7G       106M       5.7M        27M       3.2G

MemTotal:        4016004 kB
MemFree:          116580 kB
Active:           402692 kB
Mem:          3.8G       3.7G       112M       5.7M        27M       3.2G

MemTotal:        4016004 kB
MemFree:          137936 kB
Active:           402856 kB
Mem:          3.8G       3.7G       134M       5.7M        27M       3.2G

MemTotal:        4016004 kB
MemFree:          114656 kB
Active:           402976 kB
Mem:          3.8G       3.7G       111M       5.7M        27M       3.2G

MemTotal:        4016004 kB
MemFree:          131304 kB
Active:           403064 kB
Mem:          3.8G       3.7G       127M       5.7M        27M       3.2G

MemTotal:        4016004 kB
MemFree:          131752 kB
Active:           403140 kB
Mem:          3.8G       3.7G       128M       5.7M        27M       3.2G

MemTotal:        4016004 kB
MemFree:          125696 kB
Active:           403412 kB
Mem:          3.8G       3.7G       122M       5.7M        27M       3.2G

MemTotal:        4016004 kB
MemFree:          133000 kB
Active:           403696 kB
Mem:          3.8G       3.7G       128M       5.7M        27M       3.2G

MemTotal:        4016004 kB
MemFree:          107996 kB
Active:           403872 kB
Mem:          3.8G       3.7G       105M       5.7M        27M       3.2G

MemTotal:        4016004 kB
MemFree:          111704 kB
Active:           403944 kB
Mem:          3.8G       3.7G       109M       5.7M        27M       3.2G

MemTotal:        4016004 kB
MemFree:          137704 kB
Active:           404300 kB
Mem:          3.8G       3.7G       133M       5.7M        27M       3.2G

MemTotal:        4016004 kB
MemFree:          106348 kB
Active:           404524 kB
Mem:          3.8G       3.7G       103M       5.7M        27M       3.2G

MemTotal:        4016004 kB
MemFree:          124800 kB
Active:           404432 kB
Mem:          3.8G       3.7G       121M       5.7M        27M       3.2G

MemTotal:        4016004 kB
MemFree:          105872 kB
Active:           404632 kB
Mem:          3.8G       3.7G       103M       5.7M        27M       3.2G

MemTotal:        4016004 kB
MemFree:          106196 kB
Active:           404760 kB
Mem:          3.8G       3.7G       103M       5.7M        27M       3.2G

MemTotal:        4016004 kB
MemFree:          110080 kB
Active:           404876 kB
Mem:          3.8G       3.7G       106M       5.7M        27M       3.2G

MemTotal:        4016004 kB
MemFree:          115268 kB
Active:           405004 kB
Mem:          3.8G       3.7G       120M       5.7M        27M       3.2G

MemTotal:        4016004 kB
MemFree:          133816 kB
Active:           405224 kB
Mem:          3.8G       3.7G       130M       5.7M        27M       3.2G

MemTotal:        4016004 kB
MemFree:          111088 kB
Active:           405444 kB
Mem:          3.8G       3.7G       108M       5.7M        27M       3.2G

MemTotal:        4016004 kB
MemFree:          117172 kB
Active:           405592 kB
Mem:          3.8G       3.7G       113M       5.7M        27M       3.2G

MemTotal:        4016004 kB
MemFree:          121852 kB
Active:           405664 kB
Mem:          3.8G       3.7G       118M       5.7M        27M       3.2G

MemTotal:        4016004 kB
MemFree:          133936 kB
Active:           405756 kB
Mem:          3.8G       3.7G       130M       5.7M        27M       3.2G

MemTotal:        4016004 kB
MemFree:          122456 kB
Active:           406040 kB
Mem:          3.8G       3.7G       119M       5.7M        27M       3.2G

MemTotal:        4016004 kB
MemFree:          126320 kB
Active:           406360 kB
Mem:          3.8G       3.7G       122M       5.7M        27M       3.2G

MemTotal:        4016004 kB
MemFree:          120868 kB
Active:           406504 kB
Mem:          3.8G       3.7G       117M       5.7M        27M       3.2G

MemTotal:        4016004 kB
MemFree:          120816 kB
Active:           406484 kB
Mem:          3.8G       3.7G       117M       5.7M        27M       3.2G

MemTotal:        4016004 kB
MemFree:          111932 kB
Active:           406692 kB
Mem:          3.8G       3.7G       108M       5.7M        27M       3.2G

MemTotal:        4016004 kB
MemFree:          113960 kB
Active:           406892 kB
Mem:          3.8G       3.7G       111M       5.7M        27M       3.2G

MemTotal:        4016004 kB
MemFree:          113676 kB
Active:           407220 kB
Mem:          3.8G       3.7G       110M       5.7M        27M       3.2G

MemTotal:        4016004 kB
MemFree:          126756 kB
Active:           407456 kB
Mem:          3.8G       3.7G       123M       5.7M        27M       3.2G

MemTotal:        4016004 kB
MemFree:          123764 kB
Active:           407584 kB
Mem:          3.8G       3.7G       120M       5.7M        27M       3.2G

MemTotal:        4016004 kB
MemFree:          125460 kB
Active:           407812 kB
Mem:          3.8G       3.7G       122M       5.7M        27M       3.2G

MemTotal:        4016004 kB
MemFree:          125832 kB
Active:           408080 kB
Mem:          3.8G       3.7G       122M       5.7M        27M       3.2G

MemTotal:        4016004 kB
MemFree:          121860 kB
Active:           408336 kB
Mem:          3.8G       3.7G       118M       5.7M        27M       3.2G

MemTotal:        4016004 kB
MemFree:          132568 kB
Active:           408520 kB
Mem:          3.8G       3.7G       129M       5.7M        27M       3.2G

MemTotal:        4016004 kB
MemFree:          132584 kB
Active:           408632 kB
Mem:          3.8G       3.7G       128M       5.7M        27M       3.2G

MemTotal:        4016004 kB
MemFree:          126700 kB
Active:           408776 kB
Mem:          3.8G       3.7G       123M       5.7M        27M       3.2G

MemTotal:        4016004 kB
MemFree:          141824 kB
Active:           409000 kB
Mem:          3.8G       3.7G       137M       5.7M        27M       3.2G

MemTotal:        4016004 kB
MemFree:          111436 kB
Active:           409216 kB
Mem:          3.8G       3.7G       108M       5.7M        27M       3.2G

MemTotal:        4016004 kB
MemFree:          123560 kB
Active:           409396 kB
Mem:          3.8G       3.7G       120M       5.7M        27M       3.2G

MemTotal:        4016004 kB
MemFree:          139552 kB
Active:           409512 kB
Mem:          3.8G       3.7G       135M       5.7M        27M       3.2G

MemTotal:        4016004 kB
MemFree:          108924 kB
Active:           409844 kB
Mem:          3.8G       3.7G       106M       5.7M        27M       3.2G

MemTotal:        4016004 kB
MemFree:          126452 kB
Active:           410084 kB
Mem:          3.8G       3.7G       122M       5.7M        27M       3.2G

MemTotal:        4016004 kB
MemFree:          129272 kB
Active:           410256 kB
Mem:          3.8G       3.7G       126M       5.7M        27M       3.2G

MemTotal:        4016004 kB
MemFree:          105224 kB
Active:           410348 kB
Mem:          3.8G       3.7G       103M       5.7M        27M       3.2G

MemTotal:        4016004 kB
MemFree:          109784 kB
Active:           410448 kB
Mem:          3.8G       3.7G       106M       5.7M        27M       3.2G

MemTotal:        4016004 kB
MemFree:          143468 kB
Active:           410616 kB
Mem:          3.8G       3.7G       139M       5.7M        27M       3.2G

MemTotal:        4016004 kB
MemFree:          124500 kB
Active:           410892 kB
Mem:          3.8G       3.7G       120M       5.7M        27M       3.2G

MemTotal:        4016004 kB
MemFree:          115120 kB
Active:           411128 kB
Mem:          3.8G       3.7G       111M       5.7M        27M       3.2G

MemTotal:        4016004 kB
MemFree:          127408 kB
Active:           411232 kB
Mem:          3.8G       3.7G       123M       5.7M        27M       3.2G

MemTotal:        4016004 kB
MemFree:          105056 kB
Active:           411332 kB
Mem:          3.8G       3.7G       102M       5.7M        27M       3.2G

MemTotal:        4016004 kB
MemFree:          118536 kB
Active:           411556 kB
Mem:          3.8G       3.7G       115M       5.7M        27M       3.2G

MemTotal:        4016004 kB
MemFree:          124364 kB
Active:           411836 kB
Mem:          3.8G       3.7G       121M       5.7M        27M       3.2G

MemTotal:        4016004 kB
MemFree:          111896 kB
Active:           412032 kB
Mem:          3.8G       3.7G       108M       5.7M        27M       3.2G

MemTotal:        4016004 kB
MemFree:          120884 kB
Active:           412064 kB
Mem:          3.8G       3.7G       116M       5.7M        27M       3.2G

MemTotal:        4016004 kB
MemFree:          127256 kB
Active:           412108 kB
Mem:          3.8G       3.7G       124M       5.7M        27M       3.2G

MemTotal:        4016004 kB
MemFree:          116504 kB
Active:           412252 kB
Mem:          3.8G       3.7G       113M       5.7M        27M       3.2G

MemTotal:        4016004 kB
MemFree:          110248 kB
Active:           412628 kB
Mem:          3.8G       3.7G       107M       5.7M        27M       3.2G

MemTotal:        4016004 kB
MemFree:          127284 kB
Active:           412884 kB
Mem:          3.8G       3.7G       123M       5.7M        27M       3.2G

MemTotal:        4016004 kB
MemFree:          107100 kB
Active:           413024 kB
Mem:          3.8G       3.7G       104M       5.7M        27M       3.2G

MemTotal:        4016004 kB
MemFree:          118188 kB
Active:           413108 kB
Mem:          3.8G       3.7G       115M       5.7M        27M       3.2G

MemTotal:        4016004 kB
MemFree:          107912 kB
Active:           413188 kB
Mem:          3.8G       3.7G       115M       5.7M        27M       3.2G

MemTotal:        4016004 kB
MemFree:          122724 kB
Active:           413452 kB
Mem:          3.8G       3.7G       119M       5.7M        27M       3.2G

MemTotal:        4016004 kB
MemFree:          108144 kB
Active:           413756 kB
Mem:          3.8G       3.7G       105M       5.7M        27M       3.2G

MemTotal:        4016004 kB
MemFree:          119180 kB
Active:           413908 kB
Mem:          3.8G       3.7G       116M       5.7M        27M       3.2G

MemTotal:        4016004 kB
MemFree:          105060 kB
Active:           413960 kB
Mem:          3.8G       3.7G       102M       5.7M        27M       3.2G

MemTotal:        4016004 kB
MemFree:          119620 kB
Active:           414012 kB
Mem:          3.8G       3.7G       116M       5.7M        27M       3.2G

MemTotal:        4016004 kB
MemFree:          122848 kB
Active:           414172 kB
Mem:          3.8G       3.7G       119M       5.7M        27M       3.2G

MemTotal:        4016004 kB
MemFree:          114044 kB
Active:           414632 kB
Mem:          3.8G       3.7G       110M       5.7M        27M       3.2G

MemTotal:        4016004 kB
MemFree:          111236 kB
Active:           414784 kB
Mem:          3.8G       3.7G       108M       5.7M        27M       3.2G

MemTotal:        4016004 kB
MemFree:          131868 kB
Active:           415200 kB
Mem:          3.8G       3.7G       128M       5.7M        27M       3.2G

MemTotal:        4016004 kB
MemFree:          123732 kB
Active:           415448 kB
Mem:          3.8G       3.7G       120M       5.7M        27M       3.2G

MemTotal:        4016004 kB
MemFree:          141600 kB
Active:           415668 kB
Mem:          3.8G       3.7G       137M       5.7M        27M       3.2G

MemTotal:        4016004 kB
MemFree:          109632 kB
Active:           415816 kB
Mem:          3.8G       3.7G       106M       5.7M        27M       3.2G

MemTotal:        4016004 kB
MemFree:          105996 kB
Active:           416024 kB
Mem:          3.8G       3.7G       103M       5.7M        27M       3.2G

MemTotal:        4016004 kB
MemFree:          129684 kB
Active:           416248 kB
Mem:          3.8G       3.7G       125M       5.7M        27M       3.2G

MemTotal:        4016004 kB
MemFree:          106160 kB
Active:           416528 kB
Mem:          3.8G       3.7G       103M       5.7M        27M       3.2G

MemTotal:        4016004 kB
MemFree:          122248 kB
Active:           416612 kB
Mem:          3.8G       3.7G       118M       5.7M        27M       3.2G

MemTotal:        4016004 kB
MemFree:          109652 kB
Active:           416640 kB
Mem:          3.8G       3.7G       107M       5.7M        27M       3.2G

MemTotal:        4016004 kB
MemFree:          117996 kB
Active:           416764 kB
Mem:          3.8G       3.7G       115M       5.7M        27M       3.2G

MemTotal:        4016004 kB
MemFree:          138664 kB
Active:           417188 kB
Mem:          3.8G       3.7G       133M       5.7M        27M       3.2G

MemTotal:        4016004 kB
MemFree:          135308 kB
Active:           417420 kB
Mem:          3.8G       3.7G       131M       5.7M        27M       3.2G

MemTotal:        4016004 kB
MemFree:          125972 kB
Active:           417580 kB
Mem:          3.8G       3.7G       122M       5.7M        27M       3.2G

MemTotal:        4016004 kB
MemFree:          126764 kB
Active:           417732 kB
Mem:          3.8G       3.7G       123M       5.7M        27M       3.2G

MemTotal:        4016004 kB
MemFree:          137536 kB
Active:           417868 kB
Mem:          3.8G       3.7G       133M       5.7M        27M       3.2G

MemTotal:        4016004 kB
MemFree:          122996 kB
Active:           418068 kB
Mem:          3.8G       3.7G       119M       5.7M        27M       3.2G

MemTotal:        4016004 kB
MemFree:          128760 kB
Active:           418264 kB
Mem:          3.8G       3.7G       124M       5.7M        27M       3.2G

MemTotal:        4016004 kB
MemFree:          134568 kB
Active:           418420 kB
Mem:          3.8G       3.7G       131M       5.7M        27M       3.2G

MemTotal:        4016004 kB
MemFree:          122564 kB
Active:           418484 kB
Mem:          3.8G       3.7G       119M       5.7M        27M       3.2G

MemTotal:        4016004 kB
MemFree:          121560 kB
Active:           418484 kB
Mem:          3.8G       3.7G       118M       5.7M        27M       3.2G

MemTotal:        4016004 kB
MemFree:          121732 kB
Active:           418472 kB
Mem:          3.8G       3.7G       118M       5.7M        27M       3.2G

MemTotal:        4016004 kB
MemFree:          142552 kB
Active:           418916 kB
Mem:          3.8G       3.7G       138M       5.7M        27M       3.2G

MemTotal:        4016004 kB
MemFree:          129916 kB
Active:           419156 kB
Mem:          3.8G       3.7G       126M       5.7M        27M       3.2G

MemTotal:        4016004 kB
MemFree:          139952 kB
Active:           419428 kB
Mem:          3.8G       3.7G       135M       5.7M        27M       3.2G

MemTotal:        4016004 kB
MemFree:          138060 kB
Active:           419620 kB
Mem:          3.8G       3.7G       134M       5.7M        27M       3.2G

MemTotal:        4016004 kB
MemFree:          133824 kB
Active:           419780 kB
Mem:          3.8G       3.7G       130M       5.7M        27M       3.2G

MemTotal:        4016004 kB
MemFree:          144244 kB
Active:           419888 kB
Mem:          3.8G       3.7G       139M       5.7M        27M       3.2G

MemTotal:        4016004 kB
MemFree:          108340 kB
Active:           420080 kB
Mem:          3.8G       3.7G       105M       5.7M        27M       3.2G

MemTotal:        4016004 kB
MemFree:          124944 kB
Active:           420216 kB
Mem:          3.8G       3.7G       122M       5.7M        27M       3.2G

MemTotal:        4016004 kB
MemFree:          133604 kB
Active:           420364 kB
Mem:          3.8G       3.7G       130M       5.7M        27M       3.2G

MemTotal:        4016004 kB
MemFree:          123440 kB
Active:           420596 kB
Mem:          3.8G       3.7G       119M       5.7M        27M       3.2G

MemTotal:        4016004 kB
MemFree:          129916 kB
Active:           420816 kB
Mem:          3.8G       3.7G       126M       5.7M        27M       3.2G

MemTotal:        4016004 kB
MemFree:          128896 kB
Active:           420820 kB
Mem:          3.8G       3.7G       125M       5.7M        27M       3.2G

MemTotal:        4016004 kB
MemFree:          120736 kB
Active:           420928 kB
Mem:          3.8G       3.7G       117M       5.7M        27M       3.2G

MemTotal:        4016004 kB
MemFree:          134096 kB
Active:           421212 kB
Mem:          3.8G       3.7G       130M       5.7M        27M       3.2G

MemTotal:        4016004 kB
MemFree:          109028 kB
Active:           421440 kB
Mem:          3.8G       3.7G       105M       5.7M        27M       3.2G

MemTotal:        4016004 kB
MemFree:          123816 kB
Active:           421660 kB
Mem:          3.8G       3.7G       120M       5.7M        27M       3.2G

MemTotal:        4016004 kB
MemFree:          105364 kB
Active:           421864 kB
Mem:          3.8G       3.7G       102M       5.7M        27M       3.2G

MemTotal:        4016004 kB
MemFree:          127360 kB
Active:           422048 kB
Mem:          3.8G       3.7G       123M       5.7M        27M       3.2G

MemTotal:        4016004 kB
MemFree:          117296 kB
Active:           422116 kB
Mem:          3.8G       3.7G       114M       5.7M        27M       3.2G

MemTotal:        4016004 kB
MemFree:          121544 kB
Active:           422192 kB
Mem:          3.8G       3.7G       118M       5.7M        27M       3.2G

MemTotal:        4016004 kB
MemFree:          138596 kB
Active:           422364 kB
Mem:          3.8G       3.7G       135M       5.7M        28M       3.2G

MemTotal:        4016004 kB
MemFree:          140936 kB
Active:           422776 kB
Mem:          3.8G       3.7G       137M       5.7M        28M       3.2G

MemTotal:        4016004 kB
MemFree:          119808 kB
Active:           422956 kB
Mem:          3.8G       3.7G       116M       5.7M        28M       3.2G

MemTotal:        4016004 kB
MemFree:          124936 kB
Active:           423112 kB
Mem:          3.8G       3.7G       121M       5.7M        28M       3.2G

MemTotal:        4016004 kB
MemFree:          132764 kB
Active:           423252 kB
Mem:          3.8G       3.7G       129M       5.7M        28M       3.2G

MemTotal:        4016004 kB
MemFree:          130232 kB
Active:           423444 kB
Mem:          3.8G       3.7G       126M       5.7M        28M       3.2G

MemTotal:        4016004 kB
MemFree:          135876 kB
Active:           423648 kB
Mem:          3.8G       3.7G       131M       5.7M        28M       3.2G

MemTotal:        4016004 kB
MemFree:          126276 kB
Active:           423852 kB
Mem:          3.8G       3.7G       122M       5.7M        28M       3.2G

MemTotal:        4016004 kB
MemFree:          136596 kB
Active:           424004 kB
Mem:          3.8G       3.7G       133M       5.7M        28M       3.2G

MemTotal:        4016004 kB
MemFree:          112920 kB
Active:           424092 kB
Mem:          3.8G       3.7G       109M       5.7M        28M       3.2G

MemTotal:        4016004 kB
MemFree:          110672 kB
Active:           424220 kB
Mem:          3.8G       3.7G       107M       5.7M        28M       3.2G

MemTotal:        4016004 kB
MemFree:          135228 kB
Active:           424496 kB
Mem:          3.8G       3.7G       135M       5.7M        28M       3.2G

MemTotal:        4016004 kB
MemFree:          130788 kB
Active:           424584 kB
Mem:          3.8G       3.7G       127M       5.7M        28M       3.2G

MemTotal:        4016004 kB
MemFree:          117324 kB
Active:           425148 kB
Mem:          3.8G       3.7G       114M       5.7M        28M       3.2G

MemTotal:        4016004 kB
MemFree:          110232 kB
Active:           425376 kB
Mem:          3.8G       3.7G       107M       5.7M        28M       3.2G

MemTotal:        4016004 kB
MemFree:          127604 kB
Active:           425580 kB
Mem:          3.8G       3.7G       124M       5.7M        28M       3.2G

MemTotal:        4016004 kB
MemFree:          126424 kB
Active:           425732 kB
Mem:          3.8G       3.7G       122M       5.7M        28M       3.2G

MemTotal:        4016004 kB
MemFree:          125372 kB
Active:           425724 kB
Mem:          3.8G       3.7G       122M       5.7M        28M       3.2G

MemTotal:        4016004 kB
MemFree:          124944 kB
Active:           425756 kB
Mem:          3.8G       3.7G       122M       5.7M        28M       3.2G

MemTotal:        4016004 kB
MemFree:          122760 kB
Active:           426080 kB
Mem:          3.8G       3.7G       118M       5.7M        28M       3.2G

MemTotal:        4016004 kB
MemFree:          129096 kB
Active:           426324 kB
Mem:          3.8G       3.7G       125M       5.7M        28M       3.2G

MemTotal:        4016004 kB
MemFree:          117528 kB
Active:           426556 kB
Mem:          3.8G       3.7G       114M       5.7M        28M       3.2G

MemTotal:        4016004 kB
MemFree:          132880 kB
Active:           426772 kB
Mem:          3.8G       3.7G       129M       5.7M        28M       3.2G

MemTotal:        4016004 kB
MemFree:          124032 kB
Active:           426956 kB
Mem:          3.8G       3.7G       120M       5.7M        28M       3.2G

MemTotal:        4016004 kB
MemFree:          110920 kB
Active:           427056 kB
Mem:          3.8G       3.7G       108M       5.7M        28M       3.2G

MemTotal:        4016004 kB
MemFree:          110180 kB
Active:           427056 kB
Mem:          3.8G       3.7G       107M       5.7M        28M       3.2G

MemTotal:        4016004 kB
MemFree:          148164 kB
Active:           427184 kB
Mem:          3.8G       3.7G       144M       5.7M        28M       3.1G

MemTotal:        4016004 kB
MemFree:          107252 kB
Active:           427724 kB
Mem:          3.8G       3.7G       103M       5.7M        28M       3.2G

MemTotal:        4016004 kB
MemFree:          106580 kB
Active:           427996 kB
Mem:          3.8G       3.7G       103M       5.7M        28M       3.2G

MemTotal:        4016004 kB
MemFree:          106452 kB
Active:           428196 kB
Mem:          3.8G       3.7G       103M       5.7M        28M       3.2G

MemTotal:        4016004 kB
MemFree:          125204 kB
Active:           428356 kB
Mem:          3.8G       3.7G       121M       5.7M        28M       3.2G

MemTotal:        4016004 kB
MemFree:          134672 kB
Active:           428520 kB
Mem:          3.8G       3.7G       131M       5.7M        28M       3.2G

MemTotal:        4016004 kB
MemFree:          124112 kB
Active:           428644 kB
Mem:          3.8G       3.7G       120M       5.7M        28M       3.2G

MemTotal:        4016004 kB
MemFree:          133260 kB
Active:           428780 kB
Mem:          3.8G       3.7G       129M       5.7M        28M       3.2G

MemTotal:        4016004 kB
MemFree:          130804 kB
Active:           428980 kB
Mem:          3.8G       3.7G       127M       5.7M        28M       3.2G

MemTotal:        4016004 kB
MemFree:          112264 kB
Active:           429132 kB
Mem:          3.8G       3.7G       109M       5.7M        28M       3.2G

MemTotal:        4016004 kB
MemFree:          124652 kB
Active:           429204 kB
Mem:          3.8G       3.7G       121M       5.7M        28M       3.2G

MemTotal:        4016004 kB
MemFree:          125708 kB
Active:           429328 kB
Mem:          3.8G       3.7G       121M       5.7M        28M       3.2G

MemTotal:        4016004 kB
MemFree:          110540 kB
Active:           429676 kB
Mem:          3.8G       3.7G       107M       5.7M        28M       3.2G

MemTotal:        4016004 kB
MemFree:          107864 kB
Active:           429876 kB
Mem:          3.8G       3.7G       103M       5.7M        28M       3.2G

MemTotal:        4016004 kB
MemFree:          124508 kB
Active:           430004 kB
Mem:          3.8G       3.7G       121M       5.7M        28M       3.2G

MemTotal:        4016004 kB
MemFree:          138140 kB
Active:           430188 kB
Mem:          3.8G       3.7G       134M       5.7M        28M       3.2G

MemTotal:        4016004 kB
MemFree:          134040 kB
Active:           430332 kB
Mem:          3.8G       3.7G       130M       5.7M        28M       3.2G

MemTotal:        4016004 kB
MemFree:          119088 kB
Active:           430500 kB
Mem:          3.8G       3.7G       115M       5.7M        28M       3.2G

MemTotal:        4016004 kB
MemFree:          108980 kB
Active:           430760 kB
Mem:          3.8G       3.7G       105M       5.7M        28M       3.2G

MemTotal:        4016004 kB
MemFree:          115688 kB
Active:           430928 kB
Mem:          3.8G       3.7G       112M       5.7M        28M       3.2G

MemTotal:        4016004 kB
MemFree:          115008 kB
Active:           430908 kB
Mem:          3.8G       3.7G       112M       5.7M        28M       3.2G

MemTotal:        4016004 kB
MemFree:          125200 kB
Active:           430960 kB
Mem:          3.8G       3.7G       121M       5.7M        28M       3.2G

MemTotal:        4016004 kB
MemFree:          145440 kB
Active:           431088 kB
Mem:          3.8G       3.7G       141M       5.7M        28M       3.1G

MemTotal:        4016004 kB
MemFree:          141596 kB
Active:           431532 kB
Mem:          3.8G       3.7G       137M       5.7M        28M       3.2G

MemTotal:        4016004 kB
MemFree:          131620 kB
Active:           431772 kB
Mem:          3.8G       3.7G       127M       5.7M        28M       3.2G

MemTotal:        4016004 kB
MemFree:          123128 kB
Active:           431952 kB
Mem:          3.8G       3.7G       119M       5.7M        28M       3.2G

MemTotal:        4016004 kB
MemFree:          120768 kB
Active:           432116 kB
Mem:          3.8G       3.7G       117M       5.7M        28M       3.2G

MemTotal:        4016004 kB
MemFree:          114212 kB
Active:           432228 kB
Mem:          3.8G       3.7G       111M       5.7M        28M       3.2G

MemTotal:        4016004 kB
MemFree:          114416 kB
Active:           432360 kB
Mem:          3.8G       3.7G       111M       5.7M        28M       3.2G

MemTotal:        4016004 kB
MemFree:          133072 kB
Active:           432528 kB
Mem:          3.8G       3.7G       129M       5.7M        28M       3.2G

MemTotal:        4016004 kB
MemFree:          108912 kB
Active:           432780 kB
Mem:          3.8G       3.7G       105M       5.7M        28M       3.2G

MemTotal:        4016004 kB
MemFree:          126440 kB
Active:           432952 kB
Mem:          3.8G       3.7G       123M       5.7M        28M       3.2G

MemTotal:        4016004 kB
MemFree:          127316 kB
Active:           433072 kB
Mem:          3.8G       3.7G       124M       5.7M        28M       3.2G

MemTotal:        4016004 kB
MemFree:          114356 kB
Active:           433164 kB
Mem:          3.8G       3.7G       111M       5.7M        28M       3.2G

MemTotal:        4016004 kB
MemFree:          124692 kB
Active:           433276 kB
Mem:          3.8G       3.7G       121M       5.7M        28M       3.2G

MemTotal:        4016004 kB
MemFree:          110652 kB
Active:           433552 kB
Mem:          3.8G       3.7G       107M       5.7M        28M       3.2G

MemTotal:        4016004 kB
MemFree:          124060 kB
Active:           433788 kB
Mem:          3.8G       3.7G       120M       5.7M        28M       3.2G

MemTotal:        4016004 kB
MemFree:          110220 kB
Active:           433944 kB
Mem:          3.8G       3.7G       107M       5.7M        28M       3.2G

MemTotal:        4016004 kB
MemFree:          121824 kB
Active:           433944 kB
Mem:          3.8G       3.7G       118M       5.7M        28M       3.2G

MemTotal:        4016004 kB
MemFree:          136432 kB
Active:           434208 kB
Mem:          3.8G       3.7G       132M       5.7M        28M       3.2G

MemTotal:        4016004 kB
MemFree:          116288 kB
Active:           434468 kB
Mem:          3.8G       3.7G       113M       5.7M        28M       3.2G

MemTotal:        4016004 kB
MemFree:          115860 kB
Active:           434676 kB
Mem:          3.8G       3.7G       112M       5.7M        28M       3.2G

MemTotal:        4016004 kB
MemFree:          132084 kB
Active:           434880 kB
Mem:          3.8G       3.7G       128M       5.7M        28M       3.2G

MemTotal:        4016004 kB
MemFree:          108632 kB
Active:           435040 kB
Mem:          3.8G       3.7G       105M       5.7M        28M       3.2G

MemTotal:        4016004 kB
MemFree:          112072 kB
Active:           435168 kB
Mem:          3.8G       3.7G       108M       5.7M        28M       3.2G

MemTotal:        4016004 kB
MemFree:          114908 kB
Active:           435288 kB
Mem:          3.8G       3.7G       111M       5.7M        28M       3.2G

MemTotal:        4016004 kB
MemFree:          124536 kB
Active:           435360 kB
Mem:          3.8G       3.7G       121M       5.7M        28M       3.2G

MemTotal:        4016004 kB
MemFree:          144616 kB
Active:           435640 kB
Mem:          3.8G       3.7G       140M       5.7M        28M       3.1G

MemTotal:        4016004 kB
MemFree:          107924 kB
Active:           435880 kB
Mem:          3.8G       3.7G       105M       5.7M        28M       3.2G

MemTotal:        4016004 kB
MemFree:          154268 kB
Active:           435952 kB
Mem:          3.8G       3.7G       150M       5.7M        28M       3.1G

MemTotal:        4016004 kB
MemFree:          113060 kB
Active:           436232 kB
Mem:          3.8G       3.7G       109M       5.7M        28M       3.2G

MemTotal:        4016004 kB
MemFree:          110436 kB
Active:           436424 kB
Mem:          3.8G       3.7G       106M       5.7M        28M       3.2G

MemTotal:        4016004 kB
MemFree:          123612 kB
Active:           436596 kB
Mem:          3.8G       3.7G       119M       5.7M        28M       3.2G

MemTotal:        4016004 kB
MemFree:          114956 kB
Active:           436756 kB
Mem:          3.8G       3.7G       111M       5.7M        28M       3.2G

MemTotal:        4016004 kB
MemFree:          146708 kB
Active:           436936 kB
Mem:          3.8G       3.7G       143M       5.7M        28M       3.1G

MemTotal:        4016004 kB
MemFree:          125956 kB
Active:           437052 kB
Mem:          3.8G       3.7G       122M       5.7M        28M       3.2G

MemTotal:        4016004 kB
MemFree:          132208 kB
Active:           437364 kB
Mem:          3.8G       3.7G       128M       5.7M        28M       3.2G

MemTotal:        4016004 kB
MemFree:          119708 kB
Active:           437572 kB
Mem:          3.8G       3.7G       116M       5.7M        28M       3.2G

MemTotal:        4016004 kB
MemFree:          117952 kB
Active:           437764 kB
Mem:          3.8G       3.7G       114M       5.7M        28M       3.2G

MemTotal:        4016004 kB
MemFree:          107876 kB
Active:           437956 kB
Mem:          3.8G       3.7G       104M       5.7M        28M       3.2G

MemTotal:        4016004 kB
MemFree:          107128 kB
Active:           437936 kB
Mem:          3.8G       3.7G       104M       5.7M        28M       3.2G

MemTotal:        4016004 kB
MemFree:          106872 kB
Active:           437956 kB
Mem:          3.8G       3.7G       104M       5.7M        28M       3.2G

MemTotal:        4016004 kB
MemFree:          115480 kB
Active:           437952 kB
Mem:          3.8G       3.7G       112M       5.7M        28M       3.2G

MemTotal:        4016004 kB
MemFree:          127056 kB
Active:           438496 kB
Mem:          3.8G       3.7G       123M       5.7M        28M       3.2G

MemTotal:        4016004 kB
MemFree:          111104 kB
Active:           438716 kB
Mem:          3.8G       3.7G       107M       5.7M        28M       3.2G

MemTotal:        4016004 kB
MemFree:          118272 kB
Active:           438852 kB
Mem:          3.8G       3.7G       115M       5.7M        28M       3.2G

MemTotal:        4016004 kB
MemFree:          113836 kB
Active:           438988 kB
Mem:          3.8G       3.7G       110M       5.7M        28M       3.2G

MemTotal:        4016004 kB
MemFree:          143064 kB
Active:           439152 kB
Mem:          3.8G       3.7G       139M       5.7M        28M       3.1G

MemTotal:        4016004 kB
MemFree:          127836 kB
Active:           439408 kB
Mem:          3.8G       3.7G       124M       5.7M        28M       3.2G

MemTotal:        4016004 kB
MemFree:          124904 kB
Active:           439652 kB
Mem:          3.8G       3.7G       121M       5.7M        28M       3.2G

MemTotal:        4016004 kB
MemFree:          135624 kB
Active:           440252 kB
Mem:          3.8G       3.7G       131M       5.7M        28M       3.2G

MemTotal:        4016004 kB
MemFree:          126624 kB
Active:           440512 kB
Mem:          3.8G       3.7G       122M       5.7M        28M       3.2G

MemTotal:        4016004 kB
MemFree:          125964 kB
Active:           440720 kB
Mem:          3.8G       3.7G       122M       5.7M        28M       3.2G

MemTotal:        4016004 kB
MemFree:          121676 kB
Active:           440872 kB
Mem:          3.8G       3.7G       117M       5.7M        28M       3.2G

MemTotal:        4016004 kB
MemFree:          122280 kB
Active:           440984 kB
Mem:          3.8G       3.7G       118M       5.7M        28M       3.2G

MemTotal:        4016004 kB
MemFree:          127440 kB
Active:           441112 kB
Mem:          3.8G       3.7G       123M       5.7M        28M       3.2G

MemTotal:        4016004 kB
MemFree:          118868 kB
Active:           441584 kB
Mem:          3.8G       3.7G       115M       5.7M        28M       3.2G

MemTotal:        4016004 kB
MemFree:          133168 kB
Active:           441760 kB
Mem:          3.8G       3.7G       129M       5.7M        28M       3.2G

MemTotal:        4016004 kB
MemFree:          126420 kB
Active:           441884 kB
Mem:          3.8G       3.7G       122M       5.7M        28M       3.2G

MemTotal:        4016004 kB
MemFree:          125236 kB
Active:           442000 kB
Mem:          3.8G       3.7G       121M       5.7M        28M       3.2G

MemTotal:        4016004 kB
MemFree:          121072 kB
Active:           442228 kB
Mem:          3.8G       3.7G       117M       5.7M        28M       3.2G

MemTotal:        4016004 kB
MemFree:          105764 kB
Active:           442440 kB
Mem:          3.8G       3.7G       112M       5.7M        28M       3.2G

MemTotal:        4016004 kB
MemFree:          122572 kB
Active:           442616 kB
Mem:          3.8G       3.7G       119M       5.7M        28M       3.2G

MemTotal:        4016004 kB
MemFree:          116748 kB
Active:           442788 kB
Mem:          3.8G       3.7G       113M       5.7M        28M       3.2G

MemTotal:        4016004 kB
MemFree:          105124 kB
Active:           442928 kB
Mem:          3.8G       3.7G       102M       5.7M        28M       3.2G

MemTotal:        4016004 kB
MemFree:          112440 kB
Active:           443136 kB
Mem:          3.8G       3.7G       108M       5.7M        28M       3.2G

MemTotal:        4016004 kB
MemFree:          125424 kB
Active:           443352 kB
Mem:          3.8G       3.7G       121M       5.7M        28M       3.2G

MemTotal:        4016004 kB
MemFree:          121672 kB
Active:           443500 kB
Mem:          3.8G       3.7G       118M       5.7M        28M       3.2G

MemTotal:        4016004 kB
MemFree:          127364 kB
Active:           443684 kB
Mem:          3.8G       3.7G       123M       5.7M        28M       3.2G

MemTotal:        4016004 kB
MemFree:          122312 kB
Active:           443836 kB
Mem:          3.8G       3.7G       118M       5.7M        28M       3.2G

MemTotal:        4016004 kB
MemFree:          108676 kB
Active:           444000 kB
Mem:          3.8G       3.7G       105M       5.7M        28M       3.2G

MemTotal:        4016004 kB
MemFree:          131688 kB
Active:           444180 kB
Mem:          3.8G       3.7G       128M       5.7M        28M       3.2G

MemTotal:        4016004 kB
MemFree:          123216 kB
Active:           444352 kB
Mem:          3.8G       3.7G       119M       5.7M        28M       3.2G

MemTotal:        4016004 kB
MemFree:          121776 kB
Active:           444512 kB
Mem:          3.8G       3.7G       118M       5.7M        28M       3.2G

MemTotal:        4016004 kB
MemFree:          137460 kB
Active:           444620 kB
Mem:          3.8G       3.7G       133M       5.7M        28M       3.1G

MemTotal:        4016004 kB
MemFree:          137140 kB
Active:           444708 kB
Mem:          3.8G       3.7G       133M       5.7M        28M       3.1G

MemTotal:        4016004 kB
MemFree:          141052 kB
Active:           444928 kB
Mem:          3.8G       3.7G       137M       5.7M        28M       3.1G

MemTotal:        4016004 kB
MemFree:          325036 kB
Active:           382988 kB
Mem:          3.8G       3.5G       388M       5.7M        28M       2.9G

MemTotal:        4016004 kB
MemFree:         2814320 kB
Active:           364568 kB
Mem:          3.8G       620M       3.2G       5.7M        28M       183M

MemTotal:        4016004 kB
MemFree:         3381756 kB
Active:           352408 kB
Mem:          3.8G       619M       3.2G       5.7M        28M       183M

MemTotal:        4016004 kB
MemFree:         3381416 kB
Active:           352464 kB
Mem:          3.8G       619M       3.2G       5.7M        28M       183M

MemTotal:        4016004 kB
MemFree:         3381664 kB
Active:           352464 kB
Mem:          3.8G       619M       3.2G       5.7M        28M       183M

MemTotal:        4016004 kB
MemFree:         3382284 kB
Active:           352460 kB
Mem:          3.8G       619M       3.2G       5.7M        28M       183M

MemTotal:        4016004 kB
MemFree:         3381788 kB
Active:           352464 kB
Mem:          3.8G       619M       3.2G       5.7M        28M       183M

MemTotal:        4016004 kB
MemFree:         3382284 kB
Active:           352444 kB
Mem:          3.8G       618M       3.2G       5.7M        28M       183M

MemTotal:        4016004 kB
MemFree:         3382796 kB
Active:           352468 kB
Mem:          3.8G       618M       3.2G       5.7M        28M       183M

MemTotal:        4016004 kB
MemFree:         3382300 kB
Active:           352480 kB
Mem:          3.8G       618M       3.2G       5.7M        28M       183M

MemTotal:        4016004 kB
MemFree:         3382176 kB
Active:           352456 kB
Mem:          3.8G       618M       3.2G       5.7M        28M       183M

MemTotal:        4016004 kB
MemFree:         3382300 kB
Active:           352456 kB
Mem:          3.8G       619M       3.2G       5.7M        28M       183M

MemTotal:        4016004 kB
MemFree:         3382176 kB
Active:           352468 kB
Mem:          3.8G       618M       3.2G       5.7M        28M       183M

MemTotal:        4016004 kB
MemFree:         3382052 kB
Active:           352480 kB
Mem:          3.8G       619M       3.2G       5.7M        28M       183M

MemTotal:        4016004 kB
MemFree:         3382176 kB
Active:           352456 kB
Mem:          3.8G       619M       3.2G       5.7M        28M       183M

MemTotal:        4016004 kB
MemFree:         3382176 kB
Active:           352472 kB
Mem:          3.8G       618M       3.2G       5.7M        28M       183M

MemTotal:        4016004 kB
MemFree:         3382424 kB
Active:           352484 kB
Mem:          3.8G       618M       3.2G       5.7M        28M       183M

MemTotal:        4016004 kB
MemFree:         3382052 kB
Active:           352456 kB
Mem:          3.8G       619M       3.2G       5.7M        28M       183M

MemTotal:        4016004 kB
MemFree:         3382176 kB
Active:           352472 kB
Mem:          3.8G       618M       3.2G       5.7M        28M       183M

MemTotal:        4016004 kB
MemFree:         3382176 kB
Active:           352436 kB
Mem:          3.8G       618M       3.2G       5.7M        28M       183M

MemTotal:        4016004 kB
MemFree:         3381804 kB
Active:           352500 kB
Mem:          3.8G       619M       3.2G       5.7M        28M       183M

MemTotal:        4016004 kB
MemFree:         3381680 kB
Active:           352500 kB
Mem:          3.8G       619M       3.2G       5.7M        28M       183M

MemTotal:        4016004 kB
MemFree:         3382300 kB
Active:           352492 kB
Mem:          3.8G       619M       3.2G       5.7M        28M       183M

MemTotal:        4016004 kB
MemFree:         3381680 kB
Active:           352500 kB
Mem:          3.8G       619M       3.2G       5.7M        28M       183M

MemTotal:        4016004 kB
MemFree:         3382300 kB
Active:           352460 kB
Mem:          3.8G       618M       3.2G       5.7M        28M       183M

MemTotal:        4016004 kB
MemFree:         3382300 kB
Active:           352460 kB
Mem:          3.8G       618M       3.2G       5.7M        28M       183M

MemTotal:        4016004 kB
MemFree:         3382052 kB
Active:           352500 kB
Mem:          3.8G       618M       3.2G       5.7M        28M       183M

MemTotal:        4016004 kB
MemFree:         3382424 kB
Active:           352472 kB
Mem:          3.8G       618M       3.2G       5.7M        28M       183M

MemTotal:        4016004 kB
MemFree:         3382424 kB
Active:           352464 kB
Mem:          3.8G       618M       3.2G       5.7M        28M       183M

MemTotal:        4016004 kB
MemFree:         3382300 kB
Active:           352472 kB
Mem:          3.8G       618M       3.2G       5.7M        28M       183M

MemTotal:        4016004 kB
MemFree:         3382548 kB
Active:           352504 kB
Mem:          3.8G       619M       3.2G       5.7M        28M       183M

MemTotal:        4016004 kB
MemFree:         3382300 kB
Active:           352460 kB
Mem:          3.8G       618M       3.2G       5.7M        28M       183M

MemTotal:        4016004 kB
MemFree:         3382424 kB
Active:           352468 kB
Mem:          3.8G       618M       3.2G       5.7M        28M       183M

MemTotal:        4016004 kB
MemFree:         3382300 kB
Active:           352504 kB
Mem:          3.8G       618M       3.2G       5.7M        28M       183M

MemTotal:        4016004 kB
MemFree:         3381804 kB
Active:           352516 kB
Mem:          3.8G       619M       3.2G       5.7M        28M       183M

MemTotal:        4016004 kB
MemFree:         3381928 kB
Active:           352516 kB
Mem:          3.8G       618M       3.2G       5.7M        28M       183M

MemTotal:        4016004 kB
MemFree:         3382300 kB
Active:           352516 kB
Mem:          3.8G       618M       3.2G       5.7M        28M       183M

MemTotal:        4016004 kB
MemFree:         3382300 kB
Active:           352492 kB
Mem:          3.8G       618M       3.2G       5.7M        28M       183M

MemTotal:        4016004 kB
MemFree:         3382748 kB
Active:           352496 kB
Mem:          3.8G       618M       3.2G       5.7M        28M       183M

MemTotal:        4016004 kB
MemFree:         3382176 kB
Active:           352484 kB
Mem:          3.8G       619M       3.2G       5.7M        28M       183M

MemTotal:        4016004 kB
MemFree:         3381912 kB
Active:           352528 kB
Mem:          3.8G       618M       3.2G       5.7M        28M       183M

MemTotal:        4016004 kB
MemFree:         3382424 kB
Active:           352524 kB
Mem:          3.8G       618M       3.2G       5.7M        28M       183M

MemTotal:        4016004 kB
MemFree:         3382424 kB
Active:           352532 kB
Mem:          3.8G       618M       3.2G       5.7M        28M       183M

MemTotal:        4016004 kB
MemFree:         3382300 kB
Active:           352528 kB
Mem:          3.8G       618M       3.2G       5.7M        28M       183M

MemTotal:        4016004 kB
MemFree:         3382300 kB
Active:           352528 kB
Mem:          3.8G       619M       3.2G       5.7M        28M       183M

MemTotal:        4016004 kB
MemFree:         3382052 kB
Active:           352516 kB
Mem:          3.8G       619M       3.2G       5.7M        28M       183M

MemTotal:        4016004 kB
MemFree:         3382052 kB
Active:           352544 kB
Mem:          3.8G       618M       3.2G       5.7M        28M       183M

MemTotal:        4016004 kB
MemFree:         3381928 kB
Active:           352544 kB
Mem:          3.8G       618M       3.2G       5.7M        28M       183M

MemTotal:        4016004 kB
MemFree:         3382424 kB
Active:           352488 kB
Mem:          3.8G       618M       3.2G       5.7M        28M       183M

MemTotal:        4016004 kB
MemFree:         3382300 kB
Active:           352512 kB
Mem:          3.8G       618M       3.2G       5.7M        28M       183M

MemTotal:        4016004 kB
MemFree:         3381928 kB
Active:           352552 kB
Mem:          3.8G       618M       3.2G       5.7M        28M       183M

MemTotal:        4016004 kB
MemFree:         3381928 kB
Active:           352552 kB
Mem:          3.8G       618M       3.2G       5.7M        28M       183M

MemTotal:        4016004 kB
MemFree:         3382176 kB
Active:           352552 kB
Mem:          3.8G       618M       3.2G       5.7M        28M       183M

MemTotal:        4016004 kB
MemFree:         3382548 kB
Active:           352528 kB
Mem:          3.8G       618M       3.2G       5.7M        28M       183M

MemTotal:        4016004 kB
MemFree:         3383044 kB
Active:           352544 kB
Mem:          3.8G       618M       3.2G       5.7M        28M       183M

MemTotal:        4016004 kB
MemFree:         3382796 kB
Active:           352508 kB
Mem:          3.8G       618M       3.2G       5.7M        28M       183M

MemTotal:        4016004 kB
MemFree:         3382672 kB
Active:           352544 kB
Mem:          3.8G       618M       3.2G       5.7M        28M       183M

MemTotal:        4016004 kB
MemFree:         3382548 kB
Active:           352568 kB
Mem:          3.8G       618M       3.2G       5.7M        28M       183M

MemTotal:        4016004 kB
MemFree:         3382548 kB
Active:           352536 kB
Mem:          3.8G       618M       3.2G       5.7M        28M       183M

MemTotal:        4016004 kB
MemFree:         3382548 kB
Active:           352540 kB
Mem:          3.8G       618M       3.2G       5.7M        28M       183M

MemTotal:        4016004 kB
MemFree:         3382548 kB
Active:           352556 kB
Mem:          3.8G       618M       3.2G       5.7M        28M       183M

MemTotal:        4016004 kB
MemFree:         3381928 kB
Active:           352576 kB
