MemTotal:        4016004 kB
MemFree:         3243944 kB
Active:           416548 kB
Mem:          3.8G       754M       3.1G       5.7M        54M       314M

MemTotal:        4016004 kB
MemFree:         3243628 kB
Active:           416704 kB
Mem:          3.8G       754M       3.1G       5.7M        54M       314M

MemTotal:        4016004 kB
MemFree:         3243036 kB
Active:           416952 kB
Mem:          3.8G       754M       3.1G       5.7M        54M       314M

MemTotal:        4016004 kB
MemFree:         3242524 kB
Active:           416788 kB
Mem:          3.8G       755M       3.1G       5.7M        54M       314M

MemTotal:        4016004 kB
MemFree:         3242368 kB
Active:           416764 kB
Mem:          3.8G       755M       3.1G       5.7M        54M       314M

MemTotal:        4016004 kB
MemFree:         3242848 kB
Active:           416680 kB
Mem:          3.8G       755M       3.1G       5.7M        54M       314M

MemTotal:        4016004 kB
MemFree:         3242116 kB
Active:           415080 kB
Mem:          3.8G       755M       3.1G       5.7M        54M       314M

MemTotal:        4016004 kB
MemFree:         3242660 kB
Active:           416808 kB
Mem:          3.8G       755M       3.1G       5.7M        54M       314M

MemTotal:        4016004 kB
MemFree:         3242800 kB
Active:           416820 kB
Mem:          3.8G       755M       3.1G       5.7M        54M       314M

MemTotal:        4016004 kB
MemFree:         3242428 kB
Active:           416832 kB
Mem:          3.8G       755M       3.1G       5.7M        54M       314M

MemTotal:        4016004 kB
MemFree:         3242536 kB
Active:           416864 kB
Mem:          3.8G       755M       3.1G       5.7M        54M       314M

MemTotal:        4016004 kB
MemFree:         3241916 kB
Active:           416832 kB
Mem:          3.8G       755M       3.1G       5.7M        54M       314M

MemTotal:        4016004 kB
MemFree:         3242692 kB
Active:           416808 kB
Mem:          3.8G       755M       3.1G       5.7M        54M       314M

MemTotal:        4016004 kB
MemFree:         3242428 kB
Active:           416832 kB
Mem:          3.8G       755M       3.1G       5.7M        54M       314M

MemTotal:        4016004 kB
MemFree:         3242732 kB
Active:           416896 kB
Mem:          3.8G       755M       3.1G       5.7M        54M       314M

MemTotal:        4016004 kB
MemFree:         3242748 kB
Active:           416912 kB
Mem:          3.8G       755M       3.1G       5.7M        54M       314M

MemTotal:        4016004 kB
MemFree:         3242484 kB
Active:           416940 kB
Mem:          3.8G       755M       3.1G       5.7M        54M       314M

MemTotal:        4016004 kB
MemFree:         3242444 kB
Active:           416836 kB
Mem:          3.8G       755M       3.1G       5.7M        54M       314M

MemTotal:        4016004 kB
MemFree:         3242804 kB
Active:           416848 kB
Mem:          3.8G       754M       3.1G       5.7M        54M       314M

MemTotal:        4016004 kB
MemFree:         3243280 kB
Active:           416800 kB
Mem:          3.8G       754M       3.1G       5.7M        54M       314M

MemTotal:        4016004 kB
MemFree:         3242784 kB
Active:           416960 kB
Mem:          3.8G       755M       3.1G       5.7M        54M       314M

MemTotal:        4016004 kB
MemFree:         3242924 kB
Active:           416812 kB
Mem:          3.8G       755M       3.1G       5.7M        54M       314M

MemTotal:        4016004 kB
MemFree:         3242784 kB
Active:           416688 kB
Mem:          3.8G       755M       3.1G       5.7M        54M       314M

MemTotal:        4016004 kB
MemFree:         3242940 kB
Active:           416760 kB
Mem:          3.8G       755M       3.1G       5.7M        54M       314M

MemTotal:        4016004 kB
MemFree:         3242568 kB
Active:           416852 kB
Mem:          3.8G       755M       3.1G       5.7M        54M       314M

MemTotal:        4016004 kB
MemFree:         3242768 kB
Active:           416696 kB
Mem:          3.8G       755M       3.1G       5.7M        54M       314M

MemTotal:        4016004 kB
MemFree:         3242628 kB
Active:           416772 kB
Mem:          3.8G       755M       3.1G       5.7M        54M       314M

MemTotal:        4016004 kB
MemFree:         3242860 kB
Active:           416824 kB
Mem:          3.8G       755M       3.1G       5.7M        54M       314M

MemTotal:        4016004 kB
MemFree:         3242520 kB
Active:           416956 kB
Mem:          3.8G       755M       3.1G       5.7M        54M       314M

MemTotal:        4016004 kB
MemFree:         3243048 kB
Active:           416812 kB
Mem:          3.8G       754M       3.1G       5.7M        54M       314M

MemTotal:        4016004 kB
MemFree:         3243048 kB
Active:           416860 kB
Mem:          3.8G       754M       3.1G       5.7M        54M       314M

MemTotal:        4016004 kB
MemFree:         3242880 kB
Active:           416864 kB
Mem:          3.8G       755M       3.1G       5.7M        54M       314M

MemTotal:        4016004 kB
MemFree:         3242880 kB
Active:           416868 kB
Mem:          3.8G       755M       3.1G       5.7M        54M       314M

MemTotal:        4016004 kB
MemFree:         3242756 kB
Active:           416812 kB
Mem:          3.8G       755M       3.1G       5.7M        54M       314M

MemTotal:        4016004 kB
MemFree:         3242880 kB
Active:           416864 kB
Mem:          3.8G       755M       3.1G       5.7M        54M       314M

MemTotal:        4016004 kB
MemFree:         3242508 kB
Active:           416864 kB
Mem:          3.8G       755M       3.1G       5.7M        54M       314M

MemTotal:        4016004 kB
MemFree:         3240584 kB
Active:           416840 kB
Mem:          3.8G       757M       3.1G       5.7M        54M       314M

MemTotal:        4016004 kB
MemFree:         3240676 kB
Active:           418888 kB
Mem:          3.8G       757M       3.1G       5.7M        54M       314M

MemTotal:        4016004 kB
MemFree:         3240552 kB
Active:           418864 kB
Mem:          3.8G       757M       3.1G       5.7M        54M       314M

MemTotal:        4016004 kB
MemFree:         3240536 kB
Active:           418856 kB
Mem:          3.8G       757M       3.1G       5.7M        54M       314M

MemTotal:        4016004 kB
MemFree:         3240520 kB
Active:           418856 kB
Mem:          3.8G       757M       3.1G       5.7M        54M       314M

MemTotal:        4016004 kB
MemFree:         3240628 kB
Active:           418908 kB
Mem:          3.8G       757M       3.1G       5.7M        54M       314M

MemTotal:        4016004 kB
MemFree:         3240568 kB
Active:           418884 kB
Mem:          3.8G       757M       3.1G       5.7M        54M       314M

MemTotal:        4016004 kB
MemFree:         3240692 kB
Active:           418876 kB
Mem:          3.8G       757M       3.1G       5.7M        54M       314M

MemTotal:        4016004 kB
MemFree:         3240692 kB
Active:           418884 kB
Mem:          3.8G       757M       3.1G       5.7M        54M       314M

MemTotal:        4016004 kB
MemFree:         3240816 kB
Active:           418876 kB
Mem:          3.8G       757M       3.1G       5.7M        54M       314M

MemTotal:        4016004 kB
MemFree:         3240752 kB
Active:           416848 kB
Mem:          3.8G       757M       3.1G       5.7M        54M       314M

MemTotal:        4016004 kB
MemFree:         3240860 kB
Active:           418932 kB
Mem:          3.8G       757M       3.1G       5.7M        54M       314M

MemTotal:        4016004 kB
MemFree:         3240752 kB
Active:           418912 kB
Mem:          3.8G       757M       3.1G       5.7M        54M       314M

MemTotal:        4016004 kB
MemFree:         3240628 kB
Active:           418900 kB
Mem:          3.8G       757M       3.1G       5.7M        54M       314M

MemTotal:        4016004 kB
MemFree:         3240876 kB
Active:           418900 kB
Mem:          3.8G       757M       3.1G       5.7M        54M       314M

MemTotal:        4016004 kB
MemFree:         3240752 kB
Active:           418932 kB
Mem:          3.8G       757M       3.1G       5.7M        54M       314M

MemTotal:        4016004 kB
MemFree:         3240876 kB
Active:           418960 kB
Mem:          3.8G       757M       3.1G       5.7M        54M       314M

MemTotal:        4016004 kB
MemFree:         3241248 kB
Active:           418920 kB
Mem:          3.8G       756M       3.1G       5.7M        54M       314M

MemTotal:        4016004 kB
MemFree:         3241248 kB
Active:           418912 kB
Mem:          3.8G       757M       3.1G       5.7M        54M       314M

MemTotal:        4016004 kB
MemFree:         3240628 kB
Active:           418916 kB
Mem:          3.8G       756M       3.1G       5.7M        54M       314M

MemTotal:        4016004 kB
MemFree:         3238704 kB
Active:           418892 kB
Mem:          3.8G       759M       3.1G       5.7M        54M       314M

MemTotal:        4016004 kB
MemFree:         3238812 kB
Active:           420932 kB
Mem:          3.8G       759M       3.1G       5.7M        54M       314M

MemTotal:        4016004 kB
MemFree:         3238672 kB
Active:           420960 kB
Mem:          3.8G       759M       3.1G       5.7M        54M       314M

MemTotal:        4016004 kB
MemFree:         3238424 kB
Active:           420944 kB
Mem:          3.8G       759M       3.1G       5.7M        54M       314M

MemTotal:        4016004 kB
MemFree:         3238424 kB
Active:           420984 kB
Mem:          3.8G       759M       3.1G       5.7M        54M       314M

MemTotal:        4016004 kB
MemFree:         3239044 kB
Active:           420976 kB
Mem:          3.8G       758M       3.1G       5.7M        54M       314M

MemTotal:        4016004 kB
MemFree:         3238904 kB
Active:           420984 kB
Mem:          3.8G       758M       3.1G       5.7M        54M       314M

MemTotal:        4016004 kB
MemFree:         3238656 kB
Active:           420996 kB
Mem:          3.8G       758M       3.1G       5.7M        54M       314M

MemTotal:        4016004 kB
MemFree:         3239028 kB
Active:           420988 kB
Mem:          3.8G       759M       3.1G       5.7M        54M       314M

MemTotal:        4016004 kB
MemFree:         3238640 kB
Active:           421004 kB
Mem:          3.8G       759M       3.1G       5.7M        54M       314M

MemTotal:        4016004 kB
MemFree:         3238500 kB
Active:           420968 kB
Mem:          3.8G       759M       3.1G       5.7M        54M       314M

MemTotal:        4016004 kB
MemFree:         3238484 kB
Active:           420956 kB
Mem:          3.8G       759M       3.1G       5.7M        54M       314M

MemTotal:        4016004 kB
MemFree:         3238468 kB
Active:           420952 kB
Mem:          3.8G       759M       3.1G       5.7M        54M       314M

MemTotal:        4016004 kB
MemFree:         3238452 kB
Active:           420988 kB
Mem:          3.8G       759M       3.1G       5.7M        54M       314M

MemTotal:        4016004 kB
MemFree:         3238128 kB
Active:           421008 kB
Mem:          3.8G       759M       3.1G       5.7M        54M       314M

MemTotal:        4016004 kB
MemFree:         3238748 kB
Active:           421008 kB
Mem:          3.8G       759M       3.1G       5.7M        54M       314M

MemTotal:        4016004 kB
MemFree:         3238392 kB
Active:           421008 kB
Mem:          3.8G       759M       3.1G       5.7M        54M       314M

MemTotal:        4016004 kB
MemFree:         3238516 kB
Active:           420996 kB
Mem:          3.8G       759M       3.1G       5.7M        54M       314M

MemTotal:        4016004 kB
MemFree:         3238392 kB
Active:           420988 kB
Mem:          3.8G       759M       3.1G       5.7M        54M       314M

MemTotal:        4016004 kB
MemFree:         3238516 kB
Active:           420956 kB
Mem:          3.8G       759M       3.1G       5.7M        54M       314M

MemTotal:        4016004 kB
MemFree:         3236468 kB
Active:           420976 kB
Mem:          3.8G       761M       3.1G       5.7M        54M       314M

MemTotal:        4016004 kB
MemFree:         3236592 kB
Active:           420992 kB
Mem:          3.8G       760M       3.1G       5.7M        54M       314M

MemTotal:        4016004 kB
MemFree:         3237212 kB
Active:           423012 kB
Mem:          3.8G       760M       3.1G       5.7M        54M       314M

MemTotal:        4016004 kB
MemFree:         3236964 kB
Active:           423012 kB
Mem:          3.8G       760M       3.1G       5.7M        54M       314M

MemTotal:        4016004 kB
MemFree:         3237088 kB
Active:           422996 kB
Mem:          3.8G       760M       3.1G       5.7M        54M       314M

MemTotal:        4016004 kB
MemFree:         3236964 kB
Active:           422988 kB
Mem:          3.8G       760M       3.1G       5.7M        54M       314M

MemTotal:        4016004 kB
MemFree:         3236716 kB
Active:           423044 kB
Mem:          3.8G       761M       3.1G       5.7M        54M       314M

MemTotal:        4016004 kB
MemFree:         3235972 kB
Active:           423052 kB
Mem:          3.8G       761M       3.1G       5.7M        54M       314M

MemTotal:        4016004 kB
MemFree:         3235848 kB
Active:           423040 kB
Mem:          3.8G       762M       3.1G       5.7M        54M       314M

MemTotal:        4016004 kB
MemFree:         3235832 kB
Active:           423024 kB
Mem:          3.8G       761M       3.1G       5.7M        54M       314M

MemTotal:        4016004 kB
MemFree:         3236328 kB
Active:           423060 kB
Mem:          3.8G       761M       3.1G       5.7M        54M       314M

MemTotal:        4016004 kB
MemFree:         3236080 kB
Active:           423060 kB
Mem:          3.8G       761M       3.1G       5.7M        54M       314M

MemTotal:        4016004 kB
MemFree:         3236312 kB
Active:           423040 kB
Mem:          3.8G       761M       3.1G       5.7M        54M       314M

MemTotal:        4016004 kB
MemFree:         3236064 kB
Active:           423068 kB
Mem:          3.8G       761M       3.1G       5.7M        54M       314M

MemTotal:        4016004 kB
MemFree:         3236436 kB
Active:           423012 kB
Mem:          3.8G       761M       3.1G       5.7M        54M       314M

MemTotal:        4016004 kB
MemFree:         3236916 kB
Active:           423060 kB
Mem:          3.8G       760M       3.1G       5.7M        54M       314M

MemTotal:        4016004 kB
MemFree:         3237228 kB
Active:           423068 kB
Mem:          3.8G       760M       3.1G       5.7M        54M       314M

MemTotal:        4016004 kB
MemFree:         3236608 kB
Active:           423068 kB
Mem:          3.8G       761M       3.1G       5.7M        54M       314M

MemTotal:        4016004 kB
MemFree:         3236484 kB
Active:           423016 kB
Mem:          3.8G       761M       3.1G       5.7M        54M       314M

MemTotal:        4016004 kB
MemFree:         3236484 kB
Active:           423044 kB
Mem:          3.8G       761M       3.1G       5.7M        54M       314M

MemTotal:        4016004 kB
MemFree:         3236544 kB
Active:           421000 kB
Mem:          3.8G       761M       3.1G       5.7M        54M       314M

MemTotal:        4016004 kB
MemFree:         3236172 kB
Active:           423092 kB
Mem:          3.8G       761M       3.1G       5.7M        54M       314M

MemTotal:        4016004 kB
MemFree:         3236420 kB
Active:           423036 kB
Mem:          3.8G       761M       3.1G       5.7M        54M       314M

MemTotal:        4016004 kB
MemFree:         3236964 kB
Active:           423072 kB
Mem:          3.8G       760M       3.1G       5.7M        54M       314M

MemTotal:        4016004 kB
MemFree:         3236808 kB
Active:           423184 kB
Mem:          3.8G       761M       3.1G       5.7M        54M       314M

MemTotal:        4016004 kB
MemFree:         3196348 kB
Active:           423440 kB
Mem:          3.8G       800M       3.0G       5.7M        54M       352M

MemTotal:        4016004 kB
MemFree:         3153440 kB
Active:           423468 kB
Mem:          3.8G       842M       3.0G       5.7M        54M       393M

MemTotal:        4016004 kB
MemFree:         3111804 kB
Active:           423472 kB
Mem:          3.8G       883M       3.0G       5.7M        55M       434M

MemTotal:        4016004 kB
MemFree:         3070416 kB
Active:           423524 kB
Mem:          3.8G       923M       2.9G       5.7M        55M       475M

MemTotal:        4016004 kB
MemFree:         3027788 kB
Active:           423508 kB
Mem:          3.8G       965M       2.9G       5.7M        55M       515M

MemTotal:        4016004 kB
MemFree:         2985220 kB
Active:           423556 kB
Mem:          3.8G       1.0G       2.8G       5.7M        55M       556M

MemTotal:        4016004 kB
MemFree:         2943088 kB
Active:           423576 kB
Mem:          3.8G       1.0G       2.8G       5.7M        55M       597M

MemTotal:        4016004 kB
MemFree:         2900476 kB
Active:           423628 kB
Mem:          3.8G       1.1G       2.8G       5.7M        55M       638M

MemTotal:        4016004 kB
MemFree:         2857492 kB
Active:           423636 kB
Mem:          3.8G       1.1G       2.7G       5.7M        55M       678M

MemTotal:        4016004 kB
MemFree:         2815488 kB
Active:           423644 kB
Mem:          3.8G       1.1G       2.7G       5.7M        55M       719M

MemTotal:        4016004 kB
MemFree:         2772400 kB
Active:           423732 kB
Mem:          3.8G       1.2G       2.6G       5.7M        55M       760M

MemTotal:        4016004 kB
MemFree:         2730412 kB
Active:           423752 kB
Mem:          3.8G       1.2G       2.6G       5.7M        55M       801M

MemTotal:        4016004 kB
MemFree:         2689272 kB
Active:           423776 kB
Mem:          3.8G       1.3G       2.6G       5.7M        55M       840M

MemTotal:        4016004 kB
MemFree:         2681932 kB
Active:           423788 kB
Mem:          3.8G       1.3G       2.6G       5.7M        55M       847M

MemTotal:        4016004 kB
MemFree:         2639840 kB
Active:           423820 kB
Mem:          3.8G       1.3G       2.5G       5.7M        55M       887M

MemTotal:        4016004 kB
MemFree:         2597740 kB
Active:           423820 kB
Mem:          3.8G       1.4G       2.5G       5.7M        55M       928M

MemTotal:        4016004 kB
MemFree:         2555364 kB
Active:           423832 kB
Mem:          3.8G       1.4G       2.4G       5.7M        55M       969M

MemTotal:        4016004 kB
MemFree:         2513316 kB
Active:           423836 kB
Mem:          3.8G       1.4G       2.4G       5.7M        55M       1.0G

MemTotal:        4016004 kB
MemFree:         2471324 kB
Active:           423896 kB
Mem:          3.8G       1.5G       2.4G       5.7M        55M       1.0G

MemTotal:        4016004 kB
MemFree:         2429580 kB
Active:           423912 kB
Mem:          3.8G       1.5G       2.3G       5.7M        55M       1.1G

MemTotal:        4016004 kB
MemFree:         2388936 kB
Active:           423904 kB
Mem:          3.8G       1.6G       2.3G       5.7M        55M       1.1G

MemTotal:        4016004 kB
MemFree:         2345672 kB
Active:           423984 kB
Mem:          3.8G       1.6G       2.2G       5.7M        55M       1.1G

MemTotal:        4016004 kB
MemFree:         2328224 kB
Active:           423996 kB
Mem:          3.8G       1.6G       2.2G       5.7M        55M       1.2G

MemTotal:        4016004 kB
MemFree:         2291968 kB
Active:           424020 kB
Mem:          3.8G       1.6G       2.2G       5.7M        55M       1.2G

MemTotal:        4016004 kB
MemFree:         2249216 kB
Active:           424032 kB
Mem:          3.8G       1.7G       2.1G       5.7M        55M       1.2G

MemTotal:        4016004 kB
MemFree:         2225464 kB
Active:           422100 kB
Mem:          3.8G       1.7G       2.1G       5.7M        55M       1.3G

MemTotal:        4016004 kB
MemFree:         2224628 kB
Active:           422120 kB
Mem:          3.8G       1.7G       2.1G       5.7M        55M       1.3G

MemTotal:        4016004 kB
MemFree:         2225376 kB
Active:           424160 kB
Mem:          3.8G       1.7G       2.1G       5.7M        55M       1.3G

MemTotal:        4016004 kB
MemFree:         2208772 kB
Active:           424184 kB
Mem:          3.8G       1.7G       2.1G       5.7M        55M       1.3G

MemTotal:        4016004 kB
MemFree:         2165860 kB
Active:           424196 kB
Mem:          3.8G       1.8G       2.1G       5.7M        55M       1.3G

MemTotal:        4016004 kB
MemFree:         2123480 kB
Active:           424228 kB
Mem:          3.8G       1.8G       2.0G       5.7M        55M       1.4G

MemTotal:        4016004 kB
MemFree:         2080712 kB
Active:           424220 kB
Mem:          3.8G       1.8G       2.0G       5.7M        55M       1.4G

MemTotal:        4016004 kB
MemFree:         2038348 kB
Active:           424252 kB
Mem:          3.8G       1.9G       1.9G       5.7M        55M       1.4G

MemTotal:        4016004 kB
MemFree:         1996216 kB
Active:           424264 kB
Mem:          3.8G       1.9G       1.9G       5.7M        55M       1.5G

MemTotal:        4016004 kB
MemFree:         1953092 kB
Active:           424276 kB
Mem:          3.8G       2.0G       1.9G       5.7M        55M       1.5G

MemTotal:        4016004 kB
MemFree:         1911076 kB
Active:           422280 kB
Mem:          3.8G       2.0G       1.8G       5.7M        55M       1.6G

MemTotal:        4016004 kB
MemFree:         1868928 kB
Active:           424336 kB
Mem:          3.8G       2.0G       1.8G       5.7M        55M       1.6G

MemTotal:        4016004 kB
MemFree:         1826996 kB
Active:           424388 kB
Mem:          3.8G       2.1G       1.7G       5.7M        55M       1.6G

MemTotal:        4016004 kB
MemFree:         1786168 kB
Active:           424416 kB
Mem:          3.8G       2.1G       1.7G       5.7M        55M       1.7G

MemTotal:        4016004 kB
MemFree:         1770528 kB
Active:           424432 kB
Mem:          3.8G       2.1G       1.7G       5.7M        55M       1.7G

MemTotal:        4016004 kB
MemFree:         1754672 kB
Active:           424448 kB
Mem:          3.8G       2.2G       1.7G       5.7M        55M       1.7G

MemTotal:        4016004 kB
MemFree:         1712744 kB
Active:           424460 kB
Mem:          3.8G       2.2G       1.6G       5.7M        55M       1.7G

MemTotal:        4016004 kB
MemFree:         1670384 kB
Active:           424500 kB
Mem:          3.8G       2.2G       1.6G       5.7M        55M       1.8G

MemTotal:        4016004 kB
MemFree:         1627932 kB
Active:           424484 kB
Mem:          3.8G       2.3G       1.6G       5.7M        55M       1.8G

MemTotal:        4016004 kB
MemFree:         1584808 kB
Active:           424548 kB
Mem:          3.8G       2.3G       1.5G       5.7M        55M       1.9G

MemTotal:        4016004 kB
MemFree:         1543204 kB
Active:           424532 kB
Mem:          3.8G       2.4G       1.5G       5.7M        55M       1.9G

MemTotal:        4016004 kB
MemFree:         1500824 kB
Active:           424532 kB
Mem:          3.8G       2.4G       1.4G       5.7M        55M       1.9G

MemTotal:        4016004 kB
MemFree:         1456568 kB
Active:           424616 kB
Mem:          3.8G       2.4G       1.4G       5.7M        55M       2.0G

MemTotal:        4016004 kB
MemFree:         1412436 kB
Active:           424592 kB
Mem:          3.8G       2.5G       1.3G       5.7M        55M       2.0G

MemTotal:        4016004 kB
MemFree:         1368900 kB
Active:           424624 kB
Mem:          3.8G       2.5G       1.3G       5.7M        55M       2.1G

MemTotal:        4016004 kB
MemFree:         1326880 kB
Active:           424668 kB
Mem:          3.8G       2.6G       1.3G       5.7M        55M       2.1G

MemTotal:        4016004 kB
MemFree:         1317824 kB
Active:           424652 kB
Mem:          3.8G       2.6G       1.3G       5.7M        55M       2.1G

MemTotal:        4016004 kB
MemFree:         1304428 kB
Active:           424696 kB
Mem:          3.8G       2.6G       1.2G       5.7M        55M       2.1G

MemTotal:        4016004 kB
MemFree:         1261856 kB
Active:           424700 kB
Mem:          3.8G       2.6G       1.2G       5.7M        55M       2.2G

MemTotal:        4016004 kB
MemFree:         1219384 kB
Active:           424732 kB
Mem:          3.8G       2.7G       1.2G       5.7M        56M       2.2G

MemTotal:        4016004 kB
MemFree:         1176884 kB
Active:           424744 kB
Mem:          3.8G       2.7G       1.1G       5.7M        56M       2.2G

MemTotal:        4016004 kB
MemFree:         1135124 kB
Active:           424800 kB
Mem:          3.8G       2.7G       1.1G       5.7M        56M       2.3G

MemTotal:        4016004 kB
MemFree:         1092372 kB
Active:           424820 kB
Mem:          3.8G       2.8G       1.0G       5.7M        56M       2.3G

MemTotal:        4016004 kB
MemFree:         1050008 kB
Active:           424800 kB
Mem:          3.8G       2.8G       1.0G       5.7M        56M       2.4G

MemTotal:        4016004 kB
MemFree:         1007008 kB
Active:           424876 kB
Mem:          3.8G       2.9G       983M       5.7M        56M       2.4G

MemTotal:        4016004 kB
MemFree:          965356 kB
Active:           424868 kB
Mem:          3.8G       2.9G       942M       5.7M        56M       2.4G

MemTotal:        4016004 kB
MemFree:          924524 kB
Active:           424932 kB
Mem:          3.8G       2.9G       902M       5.7M        56M       2.5G

MemTotal:        4016004 kB
MemFree:          882704 kB
Active:           424952 kB
Mem:          3.8G       3.0G       861M       5.7M        56M       2.5G

MemTotal:        4016004 kB
MemFree:          872964 kB
Active:           424972 kB
Mem:          3.8G       3.0G       852M       5.7M        56M       2.5G

MemTotal:        4016004 kB
MemFree:          862380 kB
Active:           424988 kB
Mem:          3.8G       3.0G       841M       5.7M        56M       2.5G

MemTotal:        4016004 kB
MemFree:          819256 kB
Active:           425012 kB
Mem:          3.8G       3.0G       799M       5.7M        56M       2.6G

MemTotal:        4016004 kB
MemFree:          776664 kB
Active:           424992 kB
Mem:          3.8G       3.1G       757M       5.7M        56M       2.6G

MemTotal:        4016004 kB
MemFree:          734164 kB
Active:           425068 kB
Mem:          3.8G       3.1G       716M       5.7M        56M       2.7G

MemTotal:        4016004 kB
MemFree:          691800 kB
Active:           425064 kB
Mem:          3.8G       3.2G       675M       5.7M        56M       2.7G

MemTotal:        4016004 kB
MemFree:          649296 kB
Active:           425080 kB
Mem:          3.8G       3.2G       634M       5.7M        56M       2.7G

MemTotal:        4016004 kB
MemFree:          607412 kB
Active:           425088 kB
Mem:          3.8G       3.3G       592M       5.7M        56M       2.8G

MemTotal:        4016004 kB
MemFree:          565776 kB
Active:           425120 kB
Mem:          3.8G       3.3G       552M       5.7M        56M       2.8G

MemTotal:        4016004 kB
MemFree:          523396 kB
Active:           425136 kB
Mem:          3.8G       3.3G       510M       5.7M        56M       2.9G

MemTotal:        4016004 kB
MemFree:          481104 kB
Active:           425184 kB
Mem:          3.8G       3.4G       469M       5.7M        56M       2.9G

MemTotal:        4016004 kB
MemFree:          438260 kB
Active:           425172 kB
Mem:          3.8G       3.4G       428M       5.7M        56M       2.9G

MemTotal:        4016004 kB
MemFree:          395812 kB
Active:           425252 kB
Mem:          3.8G       3.5G       386M       5.7M        56M       3.0G

MemTotal:        4016004 kB
MemFree:          358284 kB
Active:           425256 kB
Mem:          3.8G       3.5G       349M       5.7M        56M       3.0G

MemTotal:        4016004 kB
MemFree:          342604 kB
Active:           425292 kB
Mem:          3.8G       3.5G       334M       5.7M        56M       3.0G

MemTotal:        4016004 kB
MemFree:          298972 kB
Active:           425312 kB
Mem:          3.8G       3.5G       291M       5.7M        56M       3.1G

MemTotal:        4016004 kB
MemFree:          257168 kB
Active:           425188 kB
Mem:          3.8G       3.6G       251M       5.7M        56M       3.1G

MemTotal:        4016004 kB
MemFree:          214840 kB
Active:           425204 kB
Mem:          3.8G       3.6G       209M       5.7M        56M       3.1G

MemTotal:        4016004 kB
MemFree:          173084 kB
Active:           425220 kB
Mem:          3.8G       3.7G       168M       5.7M        56M       3.2G

MemTotal:        4016004 kB
MemFree:          129604 kB
Active:           425264 kB
Mem:          3.8G       3.7G       126M       5.7M        56M       3.2G

MemTotal:        4016004 kB
MemFree:          145500 kB
Active:           430364 kB
Mem:          3.8G       3.7G       140M       5.7M        21M       3.2G

MemTotal:        4016004 kB
MemFree:          123776 kB
Active:           431440 kB
Mem:          3.8G       3.7G       119M       5.7M        21M       3.3G

MemTotal:        4016004 kB
MemFree:          107508 kB
Active:           448032 kB
Mem:          3.8G       3.7G       104M       5.7M        21M       3.3G

MemTotal:        4016004 kB
MemFree:          132072 kB
Active:           476684 kB
Mem:          3.8G       3.7G       127M       5.7M        21M       3.3G

MemTotal:        4016004 kB
MemFree:          142936 kB
Active:           471476 kB
Mem:          3.8G       3.7G       139M       5.7M        21M       3.2G

MemTotal:        4016004 kB
MemFree:          142636 kB
Active:           471300 kB
Mem:          3.8G       3.7G       138M       5.7M        21M       3.2G

MemTotal:        4016004 kB
MemFree:          123756 kB
Active:           469204 kB
Mem:          3.8G       3.7G       120M       5.7M        21M       3.3G

MemTotal:        4016004 kB
MemFree:          127468 kB
Active:           461508 kB
Mem:          3.8G       3.7G       124M       5.7M        21M       3.3G

MemTotal:        4016004 kB
MemFree:          115040 kB
Active:           458460 kB
Mem:          3.8G       3.7G       112M       5.7M        21M       3.3G

MemTotal:        4016004 kB
MemFree:          105444 kB
Active:           455364 kB
Mem:          3.8G       3.7G       103M       5.7M        21M       3.3G

MemTotal:        4016004 kB
MemFree:          127612 kB
Active:           448908 kB
Mem:          3.8G       3.7G       124M       5.7M        21M       3.3G

MemTotal:        4016004 kB
MemFree:          127544 kB
Active:           444400 kB
Mem:          3.8G       3.7G       123M       5.7M        21M       3.3G

MemTotal:        4016004 kB
MemFree:          120292 kB
Active:           438836 kB
Mem:          3.8G       3.7G       117M       5.7M        21M       3.3G

MemTotal:        4016004 kB
MemFree:          126148 kB
Active:           433496 kB
Mem:          3.8G       3.7G       122M       5.7M        21M       3.3G

MemTotal:        4016004 kB
MemFree:          118924 kB
Active:           433520 kB
Mem:          3.8G       3.7G       115M       5.7M        21M       3.3G

MemTotal:        4016004 kB
MemFree:          116132 kB
Active:           430088 kB
Mem:          3.8G       3.7G       113M       5.7M        21M       3.3G

MemTotal:        4016004 kB
MemFree:          109092 kB
Active:           427164 kB
Mem:          3.8G       3.7G       106M       5.7M        21M       3.3G

MemTotal:        4016004 kB
MemFree:          107244 kB
Active:           427168 kB
Mem:          3.8G       3.7G       104M       5.7M        21M       3.3G

MemTotal:        4016004 kB
MemFree:          105812 kB
Active:           426044 kB
Mem:          3.8G       3.7G       103M       5.7M        21M       3.3G

MemTotal:        4016004 kB
MemFree:          130032 kB
Active:           423760 kB
Mem:          3.8G       3.7G       126M       5.7M        21M       3.3G

MemTotal:        4016004 kB
MemFree:          140392 kB
Active:           421864 kB
Mem:          3.8G       3.7G       137M       5.7M        21M       3.2G

MemTotal:        4016004 kB
MemFree:          133120 kB
Active:           420736 kB
Mem:          3.8G       3.7G       130M       5.7M        21M       3.3G

MemTotal:        4016004 kB
MemFree:          126100 kB
Active:           419380 kB
Mem:          3.8G       3.7G       122M       5.7M        21M       3.3G

MemTotal:        4016004 kB
MemFree:          108272 kB
Active:           419652 kB
Mem:          3.8G       3.7G       105M       5.7M        21M       3.3G

MemTotal:        4016004 kB
MemFree:          126236 kB
Active:           417984 kB
Mem:          3.8G       3.7G       123M       5.7M        21M       3.3G

MemTotal:        4016004 kB
MemFree:          124572 kB
Active:           414360 kB
Mem:          3.8G       3.7G       121M       5.7M        21M       3.3G

MemTotal:        4016004 kB
MemFree:          108696 kB
Active:           413484 kB
Mem:          3.8G       3.7G       106M       5.7M        21M       3.3G

MemTotal:        4016004 kB
MemFree:          128452 kB
Active:           409696 kB
Mem:          3.8G       3.7G       125M       5.7M        21M       3.3G

MemTotal:        4016004 kB
MemFree:          125244 kB
Active:           409208 kB
Mem:          3.8G       3.7G       121M       5.7M        22M       3.3G

MemTotal:        4016004 kB
MemFree:          125960 kB
Active:           405604 kB
Mem:          3.8G       3.7G       123M       5.7M        22M       3.3G

MemTotal:        4016004 kB
MemFree:          114772 kB
Active:           405632 kB
Mem:          3.8G       3.7G       112M       5.7M        22M       3.3G

MemTotal:        4016004 kB
MemFree:          128932 kB
Active:           403612 kB
Mem:          3.8G       3.7G       132M       5.7M        22M       3.2G

MemTotal:        4016004 kB
MemFree:          127572 kB
Active:           403244 kB
Mem:          3.8G       3.7G       124M       5.7M        22M       3.3G

MemTotal:        4016004 kB
MemFree:          115024 kB
Active:           404248 kB
Mem:          3.8G       3.7G       112M       5.7M        22M       3.3G

MemTotal:        4016004 kB
MemFree:          108516 kB
Active:           403140 kB
Mem:          3.8G       3.7G       106M       5.7M        22M       3.3G

MemTotal:        4016004 kB
MemFree:          115744 kB
Active:           401236 kB
Mem:          3.8G       3.7G       112M       5.7M        22M       3.3G

MemTotal:        4016004 kB
MemFree:          126296 kB
Active:           399196 kB
Mem:          3.8G       3.7G       123M       5.7M        22M       3.3G

MemTotal:        4016004 kB
MemFree:          121116 kB
Active:           398100 kB
Mem:          3.8G       3.7G       118M       5.7M        22M       3.3G

MemTotal:        4016004 kB
MemFree:          115316 kB
Active:           395000 kB
Mem:          3.8G       3.7G       112M       5.7M        22M       3.3G

MemTotal:        4016004 kB
MemFree:          107252 kB
Active:           393912 kB
Mem:          3.8G       3.7G       104M       5.7M        22M       3.3G

MemTotal:        4016004 kB
MemFree:          136152 kB
Active:           391760 kB
Mem:          3.8G       3.7G       132M       5.7M        22M       3.2G

MemTotal:        4016004 kB
MemFree:          111716 kB
Active:           390760 kB
Mem:          3.8G       3.7G       109M       5.7M        22M       3.3G

MemTotal:        4016004 kB
MemFree:          127404 kB
Active:           389636 kB
Mem:          3.8G       3.7G       124M       5.7M        22M       3.3G

MemTotal:        4016004 kB
MemFree:          134008 kB
Active:           388504 kB
Mem:          3.8G       3.7G       130M       5.7M        22M       3.2G

MemTotal:        4016004 kB
MemFree:          138552 kB
Active:           386480 kB
Mem:          3.8G       3.7G       135M       5.7M        22M       3.2G

MemTotal:        4016004 kB
MemFree:          132400 kB
Active:           385476 kB
Mem:          3.8G       3.7G       129M       5.7M        22M       3.2G

MemTotal:        4016004 kB
MemFree:          122960 kB
Active:           383964 kB
Mem:          3.8G       3.7G       126M       5.7M        22M       3.3G

MemTotal:        4016004 kB
MemFree:          123944 kB
Active:           382540 kB
Mem:          3.8G       3.7G       120M       5.7M        22M       3.3G

MemTotal:        4016004 kB
MemFree:          135892 kB
Active:           380896 kB
Mem:          3.8G       3.7G       132M       5.7M        22M       3.2G

MemTotal:        4016004 kB
MemFree:          135444 kB
Active:           379276 kB
Mem:          3.8G       3.7G       132M       5.7M        22M       3.2G

MemTotal:        4016004 kB
MemFree:          128936 kB
Active:           378172 kB
Mem:          3.8G       3.7G       125M       5.7M        22M       3.3G

MemTotal:        4016004 kB
MemFree:          134088 kB
Active:           374232 kB
Mem:          3.8G       3.7G       130M       5.7M        22M       3.2G

MemTotal:        4016004 kB
MemFree:          138624 kB
Active:           372564 kB
Mem:          3.8G       3.7G       135M       5.7M        22M       3.2G

MemTotal:        4016004 kB
MemFree:          132416 kB
Active:           373480 kB
Mem:          3.8G       3.7G       129M       5.7M        22M       3.2G

MemTotal:        4016004 kB
MemFree:          114268 kB
Active:           372864 kB
Mem:          3.8G       3.7G       111M       5.7M        22M       3.3G

MemTotal:        4016004 kB
MemFree:          111828 kB
Active:           372876 kB
Mem:          3.8G       3.7G       109M       5.7M        22M       3.3G

MemTotal:        4016004 kB
MemFree:          126924 kB
Active:           371240 kB
Mem:          3.8G       3.7G       123M       5.7M        22M       3.3G

MemTotal:        4016004 kB
MemFree:          120744 kB
Active:           370108 kB
Mem:          3.8G       3.7G       118M       5.7M        22M       3.3G

MemTotal:        4016004 kB
MemFree:          115292 kB
Active:           368976 kB
Mem:          3.8G       3.7G       112M       5.7M        22M       3.3G

MemTotal:        4016004 kB
MemFree:          109092 kB
Active:           368100 kB
Mem:          3.8G       3.7G       106M       5.7M        22M       3.3G

MemTotal:        4016004 kB
MemFree:          127528 kB
Active:           368084 kB
Mem:          3.8G       3.7G       124M       5.7M        22M       3.3G

MemTotal:        4016004 kB
MemFree:          112868 kB
Active:           368152 kB
Mem:          3.8G       3.7G       109M       5.7M        22M       3.3G

MemTotal:        4016004 kB
MemFree:          108076 kB
Active:           368172 kB
Mem:          3.8G       3.7G       105M       5.7M        22M       3.3G

MemTotal:        4016004 kB
MemFree:          134624 kB
Active:           368188 kB
Mem:          3.8G       3.7G       131M       5.7M        22M       3.2G

MemTotal:        4016004 kB
MemFree:          121044 kB
Active:           368224 kB
Mem:          3.8G       3.7G       118M       5.7M        22M       3.3G

MemTotal:        4016004 kB
MemFree:          108880 kB
Active:           368232 kB
Mem:          3.8G       3.7G       105M       5.7M        22M       3.3G

MemTotal:        4016004 kB
MemFree:          127756 kB
Active:           368276 kB
Mem:          3.8G       3.7G       124M       5.7M        22M       3.3G

MemTotal:        4016004 kB
MemFree:          112112 kB
Active:           368292 kB
Mem:          3.8G       3.7G       109M       5.7M        22M       3.3G

MemTotal:        4016004 kB
MemFree:          117092 kB
Active:           368268 kB
Mem:          3.8G       3.7G       113M       5.7M        22M       3.3G

MemTotal:        4016004 kB
MemFree:          123596 kB
Active:           368300 kB
Mem:          3.8G       3.7G       120M       5.7M        22M       3.3G

MemTotal:        4016004 kB
MemFree:          131456 kB
Active:           367848 kB
Mem:          3.8G       3.7G       127M       5.7M        22M       3.2G

MemTotal:        4016004 kB
MemFree:          137428 kB
Active:           367928 kB
Mem:          3.8G       3.7G       134M       5.7M        22M       3.2G

MemTotal:        4016004 kB
MemFree:          141224 kB
Active:           369032 kB
Mem:          3.8G       3.7G       137M       5.7M        22M       3.2G

MemTotal:        4016004 kB
MemFree:          125352 kB
Active:           368960 kB
Mem:          3.8G       3.7G       122M       5.7M        22M       3.3G

MemTotal:        4016004 kB
MemFree:          124788 kB
Active:           368952 kB
Mem:          3.8G       3.7G       121M       5.7M        22M       3.3G

MemTotal:        4016004 kB
MemFree:          118556 kB
Active:           369000 kB
Mem:          3.8G       3.7G       115M       5.7M        22M       3.3G

MemTotal:        4016004 kB
MemFree:          112508 kB
Active:           369060 kB
Mem:          3.8G       3.7G       109M       5.7M        23M       3.3G

MemTotal:        4016004 kB
MemFree:          127700 kB
Active:           366448 kB
Mem:          3.8G       3.7G       124M       5.7M        23M       3.3G

MemTotal:        4016004 kB
MemFree:          121520 kB
Active:           366464 kB
Mem:          3.8G       3.7G       118M       5.7M        23M       3.3G

MemTotal:        4016004 kB
MemFree:          146468 kB
Active:           366472 kB
Mem:          3.8G       3.7G       142M       5.7M        23M       3.2G

MemTotal:        4016004 kB
MemFree:          145912 kB
Active:           366500 kB
Mem:          3.8G       3.7G       142M       5.7M        23M       3.2G

MemTotal:        4016004 kB
MemFree:          133820 kB
Active:           366512 kB
Mem:          3.8G       3.7G       130M       5.7M        23M       3.2G

MemTotal:        4016004 kB
MemFree:          126076 kB
Active:           366556 kB
Mem:          3.8G       3.7G       122M       5.7M        23M       3.3G

MemTotal:        4016004 kB
MemFree:          132476 kB
Active:           366580 kB
Mem:          3.8G       3.7G       129M       5.7M        23M       3.2G

MemTotal:        4016004 kB
MemFree:          127372 kB
Active:           366608 kB
Mem:          3.8G       3.7G       123M       5.7M        23M       3.3G

MemTotal:        4016004 kB
MemFree:          120472 kB
Active:           366628 kB
Mem:          3.8G       3.7G       117M       5.7M        23M       3.3G

MemTotal:        4016004 kB
MemFree:          134064 kB
Active:           366648 kB
Mem:          3.8G       3.7G       130M       5.7M        23M       3.2G

MemTotal:        4016004 kB
MemFree:          129488 kB
Active:           366652 kB
Mem:          3.8G       3.7G       126M       5.7M        23M       3.2G

MemTotal:        4016004 kB
MemFree:          122712 kB
Active:           366688 kB
Mem:          3.8G       3.7G       119M       5.7M        23M       3.3G

MemTotal:        4016004 kB
MemFree:          115920 kB
Active:           366708 kB
Mem:          3.8G       3.7G       113M       5.7M        23M       3.3G

MemTotal:        4016004 kB
MemFree:          123504 kB
Active:           366728 kB
Mem:          3.8G       3.7G       120M       5.7M        23M       3.3G

MemTotal:        4016004 kB
MemFree:          118192 kB
Active:           366756 kB
Mem:          3.8G       3.7G       115M       5.7M        23M       3.3G

MemTotal:        4016004 kB
MemFree:          123488 kB
Active:           366104 kB
Mem:          3.8G       3.7G       120M       5.7M        23M       3.3G

MemTotal:        4016004 kB
MemFree:          116184 kB
Active:           368120 kB
Mem:          3.8G       3.7G       113M       5.7M        23M       3.3G

MemTotal:        4016004 kB
MemFree:          128348 kB
Active:           366836 kB
Mem:          3.8G       3.7G       125M       5.7M        23M       3.2G

MemTotal:        4016004 kB
MemFree:          124188 kB
Active:           366732 kB
Mem:          3.8G       3.7G       120M       5.7M        23M       3.3G

MemTotal:        4016004 kB
MemFree:          132244 kB
Active:           366752 kB
Mem:          3.8G       3.7G       128M       5.7M        23M       3.2G

MemTotal:        4016004 kB
MemFree:          138780 kB
Active:           366776 kB
Mem:          3.8G       3.7G       135M       5.7M        23M       3.2G

MemTotal:        4016004 kB
MemFree:          132416 kB
Active:           366756 kB
Mem:          3.8G       3.7G       129M       5.7M        23M       3.2G

MemTotal:        4016004 kB
MemFree:          126360 kB
Active:           366816 kB
Mem:          3.8G       3.7G       123M       5.7M        23M       3.2G

MemTotal:        4016004 kB
MemFree:          128892 kB
Active:           366820 kB
Mem:          3.8G       3.7G       125M       5.7M        23M       3.2G

MemTotal:        4016004 kB
MemFree:          127976 kB
Active:           366824 kB
Mem:          3.8G       3.7G       125M       5.7M        23M       3.2G

MemTotal:        4016004 kB
MemFree:          131920 kB
Active:           362660 kB
Mem:          3.8G       3.7G       129M       5.7M        23M       3.2G

MemTotal:        4016004 kB
MemFree:          141272 kB
Active:           363832 kB
Mem:          3.8G       3.7G       137M       5.7M        23M       3.2G

MemTotal:        4016004 kB
MemFree:          105040 kB
Active:           363808 kB
Mem:          3.8G       3.7G       102M       5.7M        23M       3.3G

MemTotal:        4016004 kB
MemFree:          131468 kB
Active:           363868 kB
Mem:          3.8G       3.7G       127M       5.7M        23M       3.2G

MemTotal:        4016004 kB
MemFree:          132300 kB
Active:           363904 kB
Mem:          3.8G       3.7G       128M       5.7M        23M       3.2G

MemTotal:        4016004 kB
MemFree:          126192 kB
Active:           363928 kB
Mem:          3.8G       3.7G       123M       5.7M        23M       3.2G

MemTotal:        4016004 kB
MemFree:          108888 kB
Active:           363940 kB
Mem:          3.8G       3.7G       106M       5.7M        23M       3.3G

MemTotal:        4016004 kB
MemFree:          127916 kB
Active:           363968 kB
Mem:          3.8G       3.7G       124M       5.7M        23M       3.2G

MemTotal:        4016004 kB
MemFree:          123440 kB
Active:           363980 kB
Mem:          3.8G       3.7G       120M       5.7M        23M       3.3G

MemTotal:        4016004 kB
MemFree:          107224 kB
Active:           364016 kB
Mem:          3.8G       3.7G       104M       5.7M        23M       3.3G

MemTotal:        4016004 kB
MemFree:          133428 kB
Active:           361316 kB
Mem:          3.8G       3.7G       129M       5.7M        23M       3.2G

MemTotal:        4016004 kB
MemFree:          126728 kB
Active:           361336 kB
Mem:          3.8G       3.7G       123M       5.7M        23M       3.2G

MemTotal:        4016004 kB
MemFree:          109508 kB
Active:           361348 kB
Mem:          3.8G       3.7G       107M       5.7M        23M       3.3G

MemTotal:        4016004 kB
MemFree:          128224 kB
Active:           361356 kB
Mem:          3.8G       3.7G       125M       5.7M        23M       3.2G

MemTotal:        4016004 kB
MemFree:          125208 kB
Active:           361368 kB
Mem:          3.8G       3.7G       121M       5.7M        23M       3.2G

MemTotal:        4016004 kB
MemFree:          116068 kB
Active:           361432 kB
Mem:          3.8G       3.7G       112M       5.7M        23M       3.3G

MemTotal:        4016004 kB
MemFree:          118380 kB
Active:           361440 kB
Mem:          3.8G       3.7G       115M       5.7M        23M       3.3G

MemTotal:        4016004 kB
MemFree:          125212 kB
Active:           361468 kB
Mem:          3.8G       3.7G       122M       5.7M        23M       3.2G

MemTotal:        4016004 kB
MemFree:          125248 kB
Active:           361452 kB
Mem:          3.8G       3.7G       122M       5.7M        23M       3.2G

MemTotal:        4016004 kB
MemFree:          105764 kB
Active:           361476 kB
Mem:          3.8G       3.7G       103M       5.7M        23M       3.3G

MemTotal:        4016004 kB
MemFree:          136408 kB
Active:           361168 kB
Mem:          3.8G       3.7G       135M       5.7M        23M       3.2G

MemTotal:        4016004 kB
MemFree:          135040 kB
Active:           358480 kB
Mem:          3.8G       3.7G       131M       5.7M        23M       3.2G

MemTotal:        4016004 kB
MemFree:          126824 kB
Active:           358484 kB
Mem:          3.8G       3.7G       123M       5.7M        23M       3.2G

MemTotal:        4016004 kB
MemFree:          114884 kB
Active:           358552 kB
Mem:          3.8G       3.7G       111M       5.7M        23M       3.3G

MemTotal:        4016004 kB
MemFree:          122804 kB
Active:           358576 kB
Mem:          3.8G       3.7G       119M       5.7M        23M       3.2G

MemTotal:        4016004 kB
MemFree:          116072 kB
Active:           359544 kB
Mem:          3.8G       3.7G       112M       5.7M        23M       3.3G

MemTotal:        4016004 kB
MemFree:          125368 kB
Active:           361696 kB
Mem:          3.8G       3.7G       121M       5.7M        26M       3.2G

MemTotal:        4016004 kB
MemFree:          116460 kB
Active:           361876 kB
Mem:          3.8G       3.7G       113M       5.7M        26M       3.3G

MemTotal:        4016004 kB
MemFree:          112476 kB
Active:           362404 kB
Mem:          3.8G       3.7G       109M       5.7M        27M       3.3G

MemTotal:        4016004 kB
MemFree:          104740 kB
Active:           362128 kB
Mem:          3.8G       3.7G       122M       5.7M        27M       3.2G

MemTotal:        4016004 kB
MemFree:          125396 kB
Active:           359680 kB
Mem:          3.8G       3.7G       121M       5.7M        27M       3.2G

MemTotal:        4016004 kB
MemFree:          108392 kB
Active:           359680 kB
Mem:          3.8G       3.7G       106M       5.7M        27M       3.3G

MemTotal:        4016004 kB
MemFree:          116876 kB
Active:           359680 kB
Mem:          3.8G       3.7G       114M       5.7M        27M       3.3G

MemTotal:        4016004 kB
MemFree:          127516 kB
Active:           359640 kB
Mem:          3.8G       3.7G       124M       5.7M        27M       3.2G

MemTotal:        4016004 kB
MemFree:          135492 kB
Active:           359708 kB
Mem:          3.8G       3.7G       132M       5.7M        27M       3.2G

MemTotal:        4016004 kB
MemFree:          130996 kB
Active:           359680 kB
Mem:          3.8G       3.7G       127M       5.7M        27M       3.2G

MemTotal:        4016004 kB
MemFree:          135572 kB
Active:           359708 kB
Mem:          3.8G       3.7G       131M       5.7M        27M       3.2G

MemTotal:        4016004 kB
MemFree:          128072 kB
Active:           359660 kB
Mem:          3.8G       3.7G       124M       5.7M        27M       3.2G

MemTotal:        4016004 kB
MemFree:          104756 kB
Active:           359712 kB
Mem:          3.8G       3.7G       106M       5.7M        27M       3.3G

MemTotal:        4016004 kB
MemFree:          126320 kB
Active:           359716 kB
Mem:          3.8G       3.7G       123M       5.7M        27M       3.2G

MemTotal:        4016004 kB
MemFree:          123712 kB
Active:           357944 kB
Mem:          3.8G       3.7G       121M       5.7M        27M       3.2G

MemTotal:        4016004 kB
MemFree:          115860 kB
Active:           359528 kB
Mem:          3.8G       3.7G       112M       5.7M        27M       3.2G

MemTotal:        4016004 kB
MemFree:          126036 kB
Active:           359416 kB
Mem:          3.8G       3.7G       122M       5.7M        27M       3.2G

MemTotal:        4016004 kB
MemFree:          129680 kB
Active:           359420 kB
Mem:          3.8G       3.7G       126M       5.7M        27M       3.2G

MemTotal:        4016004 kB
MemFree:          124328 kB
Active:           359420 kB
Mem:          3.8G       3.7G       121M       5.7M        27M       3.2G

MemTotal:        4016004 kB
MemFree:          117268 kB
Active:           359424 kB
Mem:          3.8G       3.7G       114M       5.7M        27M       3.2G

MemTotal:        4016004 kB
MemFree:          110396 kB
Active:           359420 kB
Mem:          3.8G       3.7G       107M       5.7M        27M       3.3G

MemTotal:        4016004 kB
MemFree:          115204 kB
Active:           359452 kB
Mem:          3.8G       3.7G       112M       5.7M        27M       3.2G

MemTotal:        4016004 kB
MemFree:          132176 kB
Active:           359456 kB
Mem:          3.8G       3.7G       129M       5.7M        27M       3.2G

MemTotal:        4016004 kB
MemFree:          124708 kB
Active:           359460 kB
Mem:          3.8G       3.7G       121M       5.7M        27M       3.2G

MemTotal:        4016004 kB
MemFree:          129920 kB
Active:           356020 kB
Mem:          3.8G       3.7G       126M       5.7M        27M       3.2G

MemTotal:        4016004 kB
MemFree:          121888 kB
Active:           358068 kB
Mem:          3.8G       3.7G       118M       5.7M        27M       3.2G

MemTotal:        4016004 kB
MemFree:          108296 kB
Active:           358068 kB
Mem:          3.8G       3.7G       106M       5.7M        27M       3.3G

MemTotal:        4016004 kB
MemFree:          121796 kB
Active:           358080 kB
Mem:          3.8G       3.7G       119M       5.7M        27M       3.2G

MemTotal:        4016004 kB
MemFree:          128764 kB
Active:           358088 kB
Mem:          3.8G       3.7G       125M       5.7M        27M       3.2G

MemTotal:        4016004 kB
MemFree:          120616 kB
Active:           358072 kB
Mem:          3.8G       3.7G       117M       5.7M        27M       3.2G

MemTotal:        4016004 kB
MemFree:          127724 kB
Active:           358052 kB
Mem:          3.8G       3.7G       124M       5.7M        27M       3.2G

MemTotal:        4016004 kB
MemFree:          126504 kB
Active:           358104 kB
Mem:          3.8G       3.7G       123M       5.7M        27M       3.2G

MemTotal:        4016004 kB
MemFree:          118760 kB
Active:           358108 kB
Mem:          3.8G       3.7G       115M       5.7M        27M       3.2G

MemTotal:        4016004 kB
MemFree:          132692 kB
Active:           358120 kB
Mem:          3.8G       3.7G       129M       5.7M        27M       3.2G

MemTotal:        4016004 kB
MemFree:          113420 kB
Active:           358112 kB
Mem:          3.8G       3.7G       110M       5.7M        27M       3.2G

MemTotal:        4016004 kB
MemFree:          105924 kB
Active:           358128 kB
Mem:          3.8G       3.7G       103M       5.7M        27M       3.3G

MemTotal:        4016004 kB
MemFree:          125568 kB
Active:           356572 kB
Mem:          3.8G       3.7G       122M       5.7M        27M       3.2G

MemTotal:        4016004 kB
MemFree:          110136 kB
Active:           356572 kB
Mem:          3.8G       3.7G       107M       5.7M        27M       3.3G

MemTotal:        4016004 kB
MemFree:          126316 kB
Active:           356580 kB
Mem:          3.8G       3.7G       123M       5.7M        27M       3.2G

MemTotal:        4016004 kB
MemFree:          129136 kB
Active:           356560 kB
Mem:          3.8G       3.7G       126M       5.7M        27M       3.2G

MemTotal:        4016004 kB
MemFree:          127508 kB
Active:           356592 kB
Mem:          3.8G       3.7G       123M       5.7M        27M       3.2G

MemTotal:        4016004 kB
MemFree:          128196 kB
Active:           356584 kB
Mem:          3.8G       3.7G       124M       5.7M        27M       3.2G

MemTotal:        4016004 kB
MemFree:          127980 kB
Active:           356564 kB
Mem:          3.8G       3.7G       125M       5.7M        27M       3.2G

MemTotal:        4016004 kB
MemFree:          127736 kB
Active:           356608 kB
Mem:          3.8G       3.7G       124M       5.7M        27M       3.2G

MemTotal:        4016004 kB
MemFree:          123600 kB
Active:           356580 kB
Mem:          3.8G       3.7G       120M       5.7M        27M       3.2G

MemTotal:        4016004 kB
MemFree:          127984 kB
Active:           356624 kB
Mem:          3.8G       3.7G       124M       5.7M        27M       3.2G

MemTotal:        4016004 kB
MemFree:          108236 kB
Active:           356624 kB
Mem:          3.8G       3.7G       105M       5.7M        27M       3.3G

MemTotal:        4016004 kB
MemFree:          130720 kB
Active:           356624 kB
Mem:          3.8G       3.7G       127M       5.7M        27M       3.2G

MemTotal:        4016004 kB
MemFree:          116580 kB
Active:           356628 kB
Mem:          3.8G       3.7G       113M       5.7M        27M       3.2G

MemTotal:        4016004 kB
MemFree:          108692 kB
Active:           356620 kB
Mem:          3.8G       3.7G       106M       5.7M        27M       3.3G

MemTotal:        4016004 kB
MemFree:          125740 kB
Active:           356600 kB
Mem:          3.8G       3.7G       122M       5.7M        27M       3.2G

MemTotal:        4016004 kB
MemFree:          106100 kB
Active:           354732 kB
Mem:          3.8G       3.7G       103M       5.7M        27M       3.3G

MemTotal:        4016004 kB
MemFree:          134412 kB
Active:           354736 kB
Mem:          3.8G       3.7G       131M       5.7M        27M       3.2G

MemTotal:        4016004 kB
MemFree:          138120 kB
Active:           354732 kB
Mem:          3.8G       3.7G       134M       5.7M        27M       3.2G

MemTotal:        4016004 kB
MemFree:          130180 kB
Active:           354708 kB
Mem:          3.8G       3.7G       127M       5.7M        27M       3.2G

MemTotal:        4016004 kB
MemFree:          112216 kB
Active:           354748 kB
Mem:          3.8G       3.7G       109M       5.7M        27M       3.2G

MemTotal:        4016004 kB
MemFree:          117664 kB
Active:           354768 kB
Mem:          3.8G       3.7G       114M       5.7M        27M       3.2G

MemTotal:        4016004 kB
MemFree:          116036 kB
Active:           354768 kB
Mem:          3.8G       3.7G       113M       5.7M        27M       3.2G

MemTotal:        4016004 kB
MemFree:          125244 kB
Active:           354752 kB
Mem:          3.8G       3.7G       122M       5.7M        27M       3.2G

MemTotal:        4016004 kB
MemFree:          134928 kB
Active:           354776 kB
Mem:          3.8G       3.7G       131M       5.7M        27M       3.2G

MemTotal:        4016004 kB
MemFree:          126860 kB
Active:           354772 kB
Mem:          3.8G       3.7G       123M       5.7M        27M       3.2G

MemTotal:        4016004 kB
MemFree:          112020 kB
Active:           354776 kB
Mem:          3.8G       3.7G       109M       5.7M        27M       3.2G

MemTotal:        4016004 kB
MemFree:          128224 kB
Active:           354780 kB
Mem:          3.8G       3.7G       124M       5.7M        27M       3.2G

MemTotal:        4016004 kB
MemFree:          121068 kB
Active:           354780 kB
Mem:          3.8G       3.7G       118M       5.7M        27M       3.2G

MemTotal:        4016004 kB
MemFree:          113424 kB
Active:           354788 kB
Mem:          3.8G       3.7G       110M       5.7M        27M       3.2G

MemTotal:        4016004 kB
MemFree:          127612 kB
Active:           353132 kB
Mem:          3.8G       3.7G       123M       5.7M        27M       3.2G

MemTotal:        4016004 kB
MemFree:          129248 kB
Active:           352920 kB
Mem:          3.8G       3.7G       126M       5.7M        27M       3.2G

MemTotal:        4016004 kB
MemFree:          126028 kB
Active:           352896 kB
Mem:          3.8G       3.7G       123M       5.7M        27M       3.2G

MemTotal:        4016004 kB
MemFree:          124432 kB
Active:           352920 kB
Mem:          3.8G       3.7G       120M       5.7M        27M       3.2G

MemTotal:        4016004 kB
MemFree:          104612 kB
Active:           352904 kB
Mem:          3.8G       3.7G       107M       5.7M        27M       3.2G

MemTotal:        4016004 kB
MemFree:          126924 kB
Active:           352936 kB
Mem:          3.8G       3.7G       124M       5.7M        27M       3.2G

MemTotal:        4016004 kB
MemFree:          118316 kB
Active:           352940 kB
Mem:          3.8G       3.7G       115M       5.7M        27M       3.2G

MemTotal:        4016004 kB
MemFree:          119912 kB
Active:           352904 kB
Mem:          3.8G       3.7G       117M       5.7M        27M       3.2G

MemTotal:        4016004 kB
MemFree:          111776 kB
Active:           352896 kB
Mem:          3.8G       3.7G       108M       5.7M        27M       3.2G

MemTotal:        4016004 kB
MemFree:          128416 kB
Active:           352904 kB
Mem:          3.8G       3.7G       125M       5.7M        27M       3.2G

MemTotal:        4016004 kB
MemFree:          119292 kB
Active:           352948 kB
Mem:          3.8G       3.7G       116M       5.7M        27M       3.2G

MemTotal:        4016004 kB
MemFree:          122536 kB
Active:           352952 kB
Mem:          3.8G       3.7G       119M       5.7M        27M       3.2G

MemTotal:        4016004 kB
MemFree:          127552 kB
Active:           352956 kB
Mem:          3.8G       3.7G       124M       5.7M        27M       3.2G

MemTotal:        4016004 kB
MemFree:          127876 kB
Active:           352952 kB
Mem:          3.8G       3.7G       124M       5.7M        27M       3.2G

MemTotal:        4016004 kB
MemFree:          140316 kB
Active:           352968 kB
Mem:          3.8G       3.7G       137M       5.7M        27M       3.2G

MemTotal:        4016004 kB
MemFree:          132844 kB
Active:           352968 kB
Mem:          3.8G       3.7G       129M       5.7M        27M       3.2G

MemTotal:        4016004 kB
MemFree:          124980 kB
Active:           352964 kB
Mem:          3.8G       3.7G       122M       5.7M        27M       3.2G

MemTotal:        4016004 kB
MemFree:          128032 kB
Active:           352824 kB
Mem:          3.8G       3.7G       125M       5.7M        27M       3.2G

MemTotal:        4016004 kB
MemFree:          131404 kB
Active:           352848 kB
Mem:          3.8G       3.7G       128M       5.7M        27M       3.2G

MemTotal:        4016004 kB
MemFree:          123076 kB
Active:           352848 kB
Mem:          3.8G       3.7G       120M       5.7M        27M       3.2G

MemTotal:        4016004 kB
MemFree:          115600 kB
Active:           352856 kB
Mem:          3.8G       3.7G       112M       5.7M        27M       3.2G

MemTotal:        4016004 kB
MemFree:          128424 kB
Active:           352640 kB
Mem:          3.8G       3.7G       125M       5.7M        27M       3.2G

MemTotal:        4016004 kB
MemFree:          128812 kB
Active:           352524 kB
Mem:          3.8G       3.7G       125M       5.7M        27M       3.2G

MemTotal:        4016004 kB
MemFree:          128564 kB
Active:           352556 kB
Mem:          3.8G       3.7G       125M       5.7M        27M       3.2G

MemTotal:        4016004 kB
MemFree:          128192 kB
Active:           352544 kB
Mem:          3.8G       3.7G       125M       5.7M        27M       3.2G

MemTotal:        4016004 kB
MemFree:          128192 kB
Active:           352520 kB
Mem:          3.8G       3.7G       125M       5.7M        27M       3.2G

MemTotal:        4016004 kB
MemFree:          127956 kB
Active:           352544 kB
Mem:          3.8G       3.7G       125M       5.7M        27M       3.2G

MemTotal:        4016004 kB
MemFree:          128264 kB
Active:           352552 kB
Mem:          3.8G       3.7G       125M       5.7M        27M       3.2G

MemTotal:        4016004 kB
MemFree:          128352 kB
Active:           352536 kB
Mem:          3.8G       3.7G       125M       5.7M        27M       3.2G

MemTotal:        4016004 kB
MemFree:          128668 kB
Active:           352532 kB
Mem:          3.8G       3.7G       126M       5.7M        27M       3.2G

MemTotal:        4016004 kB
MemFree:          128988 kB
Active:           352568 kB
Mem:          3.8G       3.7G       125M       5.7M        27M       3.2G

MemTotal:        4016004 kB
MemFree:          128988 kB
Active:           352564 kB
Mem:          3.8G       3.7G       125M       5.7M        27M       3.2G

MemTotal:        4016004 kB
MemFree:          128988 kB
Active:           352548 kB
Mem:          3.8G       3.7G       125M       5.7M        27M       3.2G

MemTotal:        4016004 kB
MemFree:          128988 kB
Active:           352532 kB
Mem:          3.8G       3.7G       125M       5.7M        27M       3.2G

MemTotal:        4016004 kB
MemFree:          128616 kB
Active:           352584 kB
Mem:          3.8G       3.7G       125M       5.7M        27M       3.2G

MemTotal:        4016004 kB
MemFree:          128740 kB
Active:           352536 kB
Mem:          3.8G       3.7G       125M       5.7M        27M       3.2G

MemTotal:        4016004 kB
MemFree:          129360 kB
Active:           352528 kB
Mem:          3.8G       3.7G       125M       5.7M        27M       3.2G

MemTotal:        4016004 kB
MemFree:          128740 kB
Active:           352588 kB
Mem:          3.8G       3.7G       125M       5.7M        27M       3.2G

MemTotal:        4016004 kB
MemFree:          129112 kB
Active:           352580 kB
Mem:          3.8G       3.7G       125M       5.7M        27M       3.2G

MemTotal:        4016004 kB
MemFree:          128740 kB
Active:           352536 kB
Mem:          3.8G       3.7G       125M       5.7M        27M       3.2G

MemTotal:        4016004 kB
MemFree:          128616 kB
Active:           352536 kB
Mem:          3.8G       3.7G       125M       5.7M        27M       3.2G

MemTotal:        4016004 kB
MemFree:          128864 kB
Active:           352536 kB
Mem:          3.8G       3.7G       125M       5.7M        27M       3.2G

MemTotal:        4016004 kB
MemFree:          128864 kB
Active:           352572 kB
Mem:          3.8G       3.7G       125M       5.7M        27M       3.2G

MemTotal:        4016004 kB
MemFree:          128368 kB
Active:           352564 kB
Mem:          3.8G       3.7G       125M       5.7M        27M       3.2G

MemTotal:        4016004 kB
MemFree:          128740 kB
Active:           352584 kB
Mem:          3.8G       3.7G       125M       5.7M        27M       3.2G

MemTotal:        4016004 kB
MemFree:          128988 kB
Active:           352576 kB
Mem:          3.8G       3.7G       125M       5.7M        27M       3.2G

MemTotal:        4016004 kB
MemFree:          128740 kB
Active:           352600 kB
Mem:          3.8G       3.7G       125M       5.7M        27M       3.2G

MemTotal:        4016004 kB
MemFree:          128616 kB
Active:           352544 kB
Mem:          3.8G       3.7G       125M       5.7M        27M       3.2G

MemTotal:        4016004 kB
MemFree:          128740 kB
Active:           352592 kB
Mem:          3.8G       3.7G       125M       5.7M        27M       3.2G

MemTotal:        4016004 kB
MemFree:          128864 kB
Active:           352596 kB
Mem:          3.8G       3.7G       125M       5.7M        27M       3.2G

MemTotal:        4016004 kB
MemFree:          128368 kB
Active:           352600 kB
Mem:          3.8G       3.7G       125M       5.7M        27M       3.2G

MemTotal:        4016004 kB
MemFree:          128492 kB
Active:           352552 kB
Mem:          3.8G       3.7G       125M       5.7M        27M       3.2G

MemTotal:        4016004 kB
MemFree:          128616 kB
Active:           352604 kB
Mem:          3.8G       3.7G       125M       5.7M        27M       3.2G

MemTotal:        4016004 kB
MemFree:          128244 kB
Active:           352620 kB
Mem:          3.8G       3.7G       125M       5.7M        27M       3.2G

MemTotal:        4016004 kB
MemFree:          128492 kB
Active:           352620 kB
Mem:          3.8G       3.7G       125M       5.7M        27M       3.2G

MemTotal:        4016004 kB
MemFree:          128492 kB
Active:           352616 kB
Mem:          3.8G       3.7G       125M       5.7M        27M       3.2G

MemTotal:        4016004 kB
MemFree:          128368 kB
Active:           352604 kB
Mem:          3.8G       3.7G       125M       5.7M        27M       3.2G

MemTotal:        4016004 kB
MemFree:          128120 kB
Active:           352624 kB
Mem:          3.8G       3.7G       125M       5.7M        27M       3.2G

MemTotal:        4016004 kB
MemFree:          128368 kB
Active:           352592 kB
Mem:          3.8G       3.7G       125M       5.7M        27M       3.2G

MemTotal:        4016004 kB
MemFree:          128492 kB
Active:           352592 kB
Mem:          3.8G       3.7G       125M       5.7M        27M       3.2G

MemTotal:        4016004 kB
MemFree:          128492 kB
Active:           352580 kB
Mem:          3.8G       3.7G       125M       5.7M        27M       3.2G

MemTotal:        4016004 kB
MemFree:          128616 kB
Active:           352628 kB
Mem:          3.8G       3.7G       125M       5.7M        27M       3.2G

MemTotal:        4016004 kB
MemFree:          128616 kB
Active:           352620 kB
Mem:          3.8G       3.7G       125M       5.7M        27M       3.2G

MemTotal:        4016004 kB
MemFree:          127996 kB
Active:           352596 kB
Mem:          3.8G       3.7G       125M       5.7M        27M       3.2G

MemTotal:        4016004 kB
MemFree:          128492 kB
Active:           352600 kB
Mem:          3.8G       3.7G       125M       5.7M        27M       3.2G

MemTotal:        4016004 kB
MemFree:          128120 kB
Active:           352640 kB
Mem:          3.8G       3.7G       125M       5.7M        27M       3.2G

MemTotal:        4016004 kB
MemFree:          128368 kB
Active:           352624 kB
Mem:          3.8G       3.7G       125M       5.7M        27M       3.2G

MemTotal:        4016004 kB
MemFree:          128492 kB
Active:           352636 kB
Mem:          3.8G       3.7G       125M       5.7M        27M       3.2G

MemTotal:        4016004 kB
MemFree:          128740 kB
Active:           352584 kB
Mem:          3.8G       3.7G       125M       5.7M        27M       3.2G

MemTotal:        4016004 kB
MemFree:          128740 kB
Active:           352640 kB
Mem:          3.8G       3.7G       125M       5.7M        27M       3.2G

MemTotal:        4016004 kB
MemFree:          128616 kB
Active:           352636 kB
Mem:          3.8G       3.7G       125M       5.7M        27M       3.2G

MemTotal:        4016004 kB
MemFree:          128616 kB
Active:           352620 kB
Mem:          3.8G       3.7G       125M       5.7M        27M       3.2G

MemTotal:        4016004 kB
MemFree:          128492 kB
Active:           352612 kB
Mem:          3.8G       3.7G       125M       5.7M        27M       3.2G

MemTotal:        4016004 kB
MemFree:          128864 kB
Active:           352616 kB
Mem:          3.8G       3.7G       125M       5.7M        27M       3.2G

MemTotal:        4016004 kB
MemFree:          128492 kB
Active:           352616 kB
Mem:          3.8G       3.7G       125M       5.7M        27M       3.2G

MemTotal:        4016004 kB
MemFree:          128616 kB
Active:           352612 kB
Mem:          3.8G       3.7G       125M       5.7M        27M       3.2G

MemTotal:        4016004 kB
MemFree:          128368 kB
Active:           352668 kB
Mem:          3.8G       3.7G       125M       5.7M        27M       3.2G

MemTotal:        4016004 kB
MemFree:          128492 kB
Active:           352672 kB
Mem:          3.8G       3.7G       125M       5.7M        27M       3.2G

MemTotal:        4016004 kB
MemFree:          128492 kB
Active:           352680 kB
Mem:          3.8G       3.7G       125M       5.7M        27M       3.2G

MemTotal:        4016004 kB
MemFree:          128244 kB
Active:           352684 kB
Mem:          3.8G       3.7G       125M       5.7M        27M       3.2G

MemTotal:        4016004 kB
MemFree:          128616 kB
Active:           352636 kB
Mem:          3.8G       3.7G       125M       5.7M        27M       3.2G

MemTotal:        4016004 kB
MemFree:          128864 kB
Active:           352636 kB
Mem:          3.8G       3.7G       125M       5.7M        27M       3.2G

MemTotal:        4016004 kB
MemFree:          128616 kB
Active:           352644 kB
Mem:          3.8G       3.7G       125M       5.7M        27M       3.2G

MemTotal:        4016004 kB
MemFree:          128616 kB
Active:           352672 kB
Mem:          3.8G       3.7G       125M       5.7M        27M       3.2G

MemTotal:        4016004 kB
MemFree:          128244 kB
Active:           352692 kB
Mem:          3.8G       3.7G       125M       5.7M        27M       3.2G

MemTotal:        4016004 kB
MemFree:          128120 kB
Active:           352700 kB
Mem:          3.8G       3.7G       125M       5.7M        27M       3.2G

MemTotal:        4016004 kB
MemFree:          128492 kB
Active:           352672 kB
Mem:          3.8G       3.7G       125M       5.7M        27M       3.2G

MemTotal:        4016004 kB
MemFree:          128988 kB
Active:           352668 kB
Mem:          3.8G       3.7G       125M       5.7M        27M       3.2G

MemTotal:        4016004 kB
MemFree:          128616 kB
Active:           352704 kB
Mem:          3.8G       3.7G       125M       5.7M        27M       3.2G

MemTotal:        4016004 kB
MemFree:          128616 kB
Active:           352660 kB
Mem:          3.8G       3.7G       125M       5.7M        27M       3.2G

MemTotal:        4016004 kB
MemFree:          128616 kB
Active:           352696 kB
Mem:          3.8G       3.7G       125M       5.7M        27M       3.2G

MemTotal:        4016004 kB
MemFree:          128616 kB
Active:           352700 kB
Mem:          3.8G       3.7G       125M       5.7M        27M       3.2G

MemTotal:        4016004 kB
MemFree:          128492 kB
Active:           352680 kB
Mem:          3.8G       3.7G       125M       5.7M        27M       3.2G

MemTotal:        4016004 kB
MemFree:          128120 kB
Active:           352712 kB
Mem:          3.8G       3.7G       125M       5.7M        27M       3.2G

MemTotal:        4016004 kB
MemFree:          128616 kB
Active:           352700 kB
Mem:          3.8G       3.7G       125M       5.7M        27M       3.2G

MemTotal:        4016004 kB
MemFree:          128368 kB
Active:           352716 kB
Mem:          3.8G       3.7G       125M       5.7M        27M       3.2G

MemTotal:        4016004 kB
MemFree:          128120 kB
Active:           352708 kB
Mem:          3.8G       3.7G       125M       5.7M        27M       3.2G

MemTotal:        4016004 kB
MemFree:          128120 kB
Active:           352688 kB
Mem:          3.8G       3.7G       125M       5.7M        27M       3.2G

MemTotal:        4016004 kB
MemFree:          128492 kB
Active:           352680 kB
Mem:          3.8G       3.7G       125M       5.7M        27M       3.2G

MemTotal:        4016004 kB
MemFree:          128120 kB
Active:           352716 kB
Mem:          3.8G       3.7G       125M       5.7M        27M       3.2G

MemTotal:        4016004 kB
MemFree:          128616 kB
Active:           352708 kB
Mem:          3.8G       3.7G       125M       5.7M        27M       3.2G

MemTotal:        4016004 kB
MemFree:          128492 kB
Active:           352696 kB
Mem:          3.8G       3.7G       125M       5.7M        27M       3.2G

MemTotal:        4016004 kB
MemFree:          128616 kB
Active:           352692 kB
Mem:          3.8G       3.7G       125M       5.7M        28M       3.2G

MemTotal:        4016004 kB
MemFree:          128244 kB
Active:           352736 kB
Mem:          3.8G       3.7G       125M       5.7M        28M       3.2G

MemTotal:        4016004 kB
MemFree:          128864 kB
Active:           352728 kB
Mem:          3.8G       3.7G       125M       5.7M        28M       3.2G

MemTotal:        4016004 kB
MemFree:          128368 kB
Active:           352880 kB
Mem:          3.8G       3.7G       124M       5.7M        28M       3.2G

MemTotal:        4016004 kB
MemFree:          128228 kB
Active:           352764 kB
Mem:          3.8G       3.7G       125M       5.7M        28M       3.2G

MemTotal:        4016004 kB
MemFree:          128352 kB
Active:           352800 kB
Mem:          3.8G       3.7G       125M       5.7M        28M       3.2G

MemTotal:        4016004 kB
MemFree:          128352 kB
Active:           352788 kB
Mem:          3.8G       3.7G       125M       5.7M        28M       3.2G

MemTotal:        4016004 kB
MemFree:          127980 kB
Active:           352820 kB
Mem:          3.8G       3.7G       125M       5.7M        28M       3.2G

MemTotal:        4016004 kB
MemFree:          128228 kB
Active:           352808 kB
Mem:          3.8G       3.7G       125M       5.7M        28M       3.2G

MemTotal:        4016004 kB
MemFree:          128724 kB
Active:           352796 kB
Mem:          3.8G       3.7G       125M       5.7M        28M       3.2G

MemTotal:        4016004 kB
MemFree:          128972 kB
Active:           352768 kB
Mem:          3.8G       3.7G       125M       5.7M        28M       3.2G

MemTotal:        4016004 kB
MemFree:          128476 kB
Active:           352828 kB
Mem:          3.8G       3.7G       125M       5.7M        28M       3.2G

MemTotal:        4016004 kB
MemFree:          128848 kB
Active:           352804 kB
Mem:          3.8G       3.7G       125M       5.7M        28M       3.2G

MemTotal:        4016004 kB
MemFree:          128724 kB
Active:           352776 kB
Mem:          3.8G       3.7G       125M       5.7M        28M       3.2G

MemTotal:        4016004 kB
MemFree:          128352 kB
Active:           352820 kB
Mem:          3.8G       3.7G       125M       5.7M        28M       3.2G

MemTotal:        4016004 kB
MemFree:          128352 kB
Active:           352808 kB
Mem:          3.8G       3.7G       125M       5.7M        28M       3.2G

MemTotal:        4016004 kB
MemFree:          128352 kB
Active:           352792 kB
Mem:          3.8G       3.7G       125M       5.7M        28M       3.2G

MemTotal:        4016004 kB
MemFree:          128476 kB
Active:           352776 kB
Mem:          3.8G       3.7G       125M       5.7M        28M       3.2G

MemTotal:        4016004 kB
MemFree:          128848 kB
Active:           352820 kB
Mem:          3.8G       3.7G       125M       5.7M        28M       3.2G

MemTotal:        4016004 kB
MemFree:          128972 kB
Active:           352800 kB
Mem:          3.8G       3.7G       125M       5.7M        28M       3.2G

MemTotal:        4016004 kB
MemFree:          128864 kB
Active:           352828 kB
Mem:          3.8G       3.7G       125M       5.7M        28M       3.2G

MemTotal:        4016004 kB
MemFree:          128864 kB
Active:           352820 kB
Mem:          3.8G       3.7G       125M       5.7M        28M       3.2G

MemTotal:        4016004 kB
MemFree:          128988 kB
Active:           352816 kB
Mem:          3.8G       3.7G       125M       5.7M        28M       3.2G

MemTotal:        4016004 kB
MemFree:          128864 kB
Active:           352812 kB
Mem:          3.8G       3.7G       125M       5.7M        28M       3.2G

MemTotal:        4016004 kB
MemFree:          128988 kB
Active:           352796 kB
Mem:          3.8G       3.7G       125M       5.7M        28M       3.2G

MemTotal:        4016004 kB
MemFree:          128864 kB
Active:           352836 kB
Mem:          3.8G       3.7G       125M       5.7M        28M       3.2G

MemTotal:        4016004 kB
MemFree:          128368 kB
Active:           352836 kB
Mem:          3.8G       3.7G       125M       5.7M        28M       3.2G

MemTotal:        4016004 kB
MemFree:          128368 kB
Active:           352836 kB
Mem:          3.8G       3.7G       125M       5.7M        28M       3.2G

MemTotal:        4016004 kB
MemFree:          128492 kB
Active:           352828 kB
Mem:          3.8G       3.7G       125M       5.7M        28M       3.2G

MemTotal:        4016004 kB
MemFree:          128616 kB
Active:           352812 kB
Mem:          3.8G       3.7G       125M       5.7M        28M       3.2G

MemTotal:        4016004 kB
MemFree:          128740 kB
Active:           352848 kB
Mem:          3.8G       3.7G       125M       5.7M        28M       3.2G

MemTotal:        4016004 kB
MemFree:          128740 kB
Active:           352824 kB
Mem:          3.8G       3.7G       125M       5.7M        28M       3.2G

MemTotal:        4016004 kB
MemFree:          128492 kB
Active:           352844 kB
Mem:          3.8G       3.7G       125M       5.7M        28M       3.2G

MemTotal:        4016004 kB
MemFree:          128740 kB
Active:           352820 kB
Mem:          3.8G       3.7G       125M       5.7M        28M       3.2G

MemTotal:        4016004 kB
MemFree:          128740 kB
Active:           352852 kB
Mem:          3.8G       3.7G       125M       5.7M        28M       3.2G

MemTotal:        4016004 kB
MemFree:          128120 kB
Active:           352844 kB
Mem:          3.8G       3.7G       125M       5.7M        28M       3.2G

MemTotal:        4016004 kB
MemFree:          127996 kB
Active:           352828 kB
Mem:          3.8G       3.7G       124M       5.7M        28M       3.2G

MemTotal:        4016004 kB
MemFree:          128244 kB
Active:           352848 kB
Mem:          3.8G       3.7G       125M       5.7M        28M       3.2G

MemTotal:        4016004 kB
MemFree:          127872 kB
Active:           352872 kB
Mem:          3.8G       3.7G       125M       5.7M        28M       3.2G

MemTotal:        4016004 kB
MemFree:          127872 kB
Active:           352872 kB
Mem:          3.8G       3.7G       125M       5.7M        28M       3.2G

MemTotal:        4016004 kB
MemFree:          128368 kB
Active:           352832 kB
Mem:          3.8G       3.7G       125M       5.7M        28M       3.2G

MemTotal:        4016004 kB
MemFree:          128368 kB
Active:           352868 kB
Mem:          3.8G       3.7G       125M       5.7M        28M       3.2G

MemTotal:        4016004 kB
MemFree:          128368 kB
Active:           352856 kB
Mem:          3.8G       3.7G       125M       5.7M        28M       3.2G

MemTotal:        4016004 kB
MemFree:          128244 kB
Active:           352872 kB
Mem:          3.8G       3.7G       125M       5.7M        28M       3.2G

MemTotal:        4016004 kB
MemFree:          128616 kB
Active:           352872 kB
Mem:          3.8G       3.7G       125M       5.7M        28M       3.2G

MemTotal:        4016004 kB
MemFree:          128616 kB
Active:           352856 kB
Mem:          3.8G       3.7G       125M       5.7M        28M       3.2G

MemTotal:        4016004 kB
MemFree:          128616 kB
Active:           352848 kB
Mem:          3.8G       3.7G       125M       5.7M        28M       3.2G

MemTotal:        4016004 kB
MemFree:          128616 kB
Active:           352836 kB
Mem:          3.8G       3.7G       125M       5.7M        28M       3.2G

MemTotal:        4016004 kB
MemFree:          128616 kB
Active:           352876 kB
Mem:          3.8G       3.7G       125M       5.7M        28M       3.2G

MemTotal:        4016004 kB
MemFree:          128616 kB
Active:           352848 kB
Mem:          3.8G       3.7G       125M       5.7M        28M       3.2G

MemTotal:        4016004 kB
MemFree:          128740 kB
Active:           352840 kB
Mem:          3.8G       3.7G       125M       5.7M        28M       3.2G

MemTotal:        4016004 kB
MemFree:          128740 kB
Active:           352828 kB
Mem:          3.8G       3.7G       125M       5.7M        28M       3.2G

MemTotal:        4016004 kB
MemFree:          129112 kB
Active:           352864 kB
Mem:          3.8G       3.7G       125M       5.7M        28M       3.2G

MemTotal:        4016004 kB
MemFree:          128988 kB
Active:           352848 kB
Mem:          3.8G       3.7G       125M       5.7M        28M       3.2G

MemTotal:        4016004 kB
MemFree:          128988 kB
Active:           352844 kB
Mem:          3.8G       3.7G       125M       5.7M        28M       3.2G

MemTotal:        4016004 kB
MemFree:          129112 kB
Active:           352848 kB
Mem:          3.8G       3.7G       126M       5.7M        28M       3.2G

MemTotal:        4016004 kB
MemFree:          128864 kB
Active:           352876 kB
Mem:          3.8G       3.7G       125M       5.7M        28M       3.2G

MemTotal:        4016004 kB
MemFree:          128864 kB
Active:           352856 kB
Mem:          3.8G       3.7G       125M       5.7M        28M       3.2G

MemTotal:        4016004 kB
MemFree:          128740 kB
Active:           352852 kB
Mem:          3.8G       3.7G       125M       5.7M        28M       3.2G

MemTotal:        4016004 kB
MemFree:          128492 kB
Active:           352900 kB
Mem:          3.8G       3.7G       125M       5.7M        28M       3.2G

MemTotal:        4016004 kB
MemFree:          128616 kB
Active:           352876 kB
Mem:          3.8G       3.7G       125M       5.7M        28M       3.2G

MemTotal:        4016004 kB
MemFree:          128740 kB
Active:           352856 kB
Mem:          3.8G       3.7G       125M       5.7M        28M       3.2G

MemTotal:        4016004 kB
MemFree:          127872 kB
Active:           352864 kB
Mem:          3.8G       3.7G       124M       5.7M        28M       3.2G

MemTotal:        4016004 kB
MemFree:          128616 kB
Active:           352864 kB
Mem:          3.8G       3.7G       125M       5.7M        28M       3.2G

MemTotal:        4016004 kB
MemFree:          127996 kB
Active:           352908 kB
Mem:          3.8G       3.7G       125M       5.7M        28M       3.2G

MemTotal:        4016004 kB
MemFree:          128120 kB
Active:           352892 kB
Mem:          3.8G       3.7G       125M       5.7M        28M       3.2G

MemTotal:        4016004 kB
MemFree:          128244 kB
Active:           352908 kB
Mem:          3.8G       3.7G       125M       5.7M        28M       3.2G

MemTotal:        4016004 kB
MemFree:          127996 kB
Active:           352912 kB
Mem:          3.8G       3.7G       125M       5.7M        28M       3.2G

MemTotal:        4016004 kB
MemFree:          128120 kB
Active:           352904 kB
Mem:          3.8G       3.7G       124M       5.7M        28M       3.2G

MemTotal:        4016004 kB
MemFree:          128244 kB
Active:           352900 kB
Mem:          3.8G       3.7G       125M       5.7M        28M       3.2G

MemTotal:        4016004 kB
MemFree:          128120 kB
Active:           352868 kB
Mem:          3.8G       3.7G       124M       5.7M        28M       3.2G

MemTotal:        4016004 kB
MemFree:          128244 kB
Active:           352920 kB
Mem:          3.8G       3.7G       125M       5.7M        28M       3.2G

MemTotal:        4016004 kB
MemFree:          128740 kB
Active:           352916 kB
Mem:          3.8G       3.7G       125M       5.7M        28M       3.2G

MemTotal:        4016004 kB
MemFree:          128740 kB
Active:           352924 kB
Mem:          3.8G       3.7G       125M       5.7M        28M       3.2G

MemTotal:        4016004 kB
MemFree:          128244 kB
Active:           352936 kB
Mem:          3.8G       3.7G       125M       5.7M        28M       3.2G

MemTotal:        4016004 kB
MemFree:          128244 kB
Active:           352916 kB
Mem:          3.8G       3.7G       125M       5.7M        28M       3.2G

MemTotal:        4016004 kB
MemFree:          128368 kB
Active:           352920 kB
Mem:          3.8G       3.7G       125M       5.7M        28M       3.2G

MemTotal:        4016004 kB
MemFree:          128120 kB
Active:           352924 kB
Mem:          3.8G       3.7G       124M       5.7M        28M       3.2G

MemTotal:        4016004 kB
MemFree:          127996 kB
Active:           352924 kB
Mem:          3.8G       3.7G       124M       5.7M        28M       3.2G

MemTotal:        4016004 kB
MemFree:          128120 kB
Active:           352916 kB
Mem:          3.8G       3.7G       124M       5.7M        28M       3.2G

MemTotal:        4016004 kB
MemFree:          128492 kB
Active:           352908 kB
Mem:          3.8G       3.7G       125M       5.7M        28M       3.2G

MemTotal:        4016004 kB
MemFree:          128492 kB
Active:           352912 kB
Mem:          3.8G       3.7G       125M       5.7M        28M       3.2G

MemTotal:        4016004 kB
MemFree:          128616 kB
Active:           352904 kB
Mem:          3.8G       3.7G       125M       5.7M        28M       3.2G

MemTotal:        4016004 kB
MemFree:          128616 kB
Active:           352900 kB
Mem:          3.8G       3.7G       125M       5.7M        28M       3.2G

MemTotal:        4016004 kB
MemFree:          128492 kB
Active:           352932 kB
Mem:          3.8G       3.7G       125M       5.7M        28M       3.2G

MemTotal:        4016004 kB
MemFree:          128492 kB
Active:           352920 kB
Mem:          3.8G       3.7G       125M       5.7M        28M       3.2G

MemTotal:        4016004 kB
MemFree:          128492 kB
Active:           352896 kB
Mem:          3.8G       3.7G       125M       5.7M        28M       3.2G

MemTotal:        4016004 kB
MemFree:          128368 kB
Active:           352940 kB
Mem:          3.8G       3.7G       125M       5.7M        28M       3.2G

MemTotal:        4016004 kB
MemFree:          128368 kB
Active:           352912 kB
Mem:          3.8G       3.7G       125M       5.7M        28M       3.2G

MemTotal:        4016004 kB
MemFree:          127872 kB
Active:           352944 kB
Mem:          3.8G       3.7G       124M       5.7M        28M       3.2G

MemTotal:        4016004 kB
MemFree:          128120 kB
Active:           352900 kB
Mem:          3.8G       3.7G       125M       5.7M        28M       3.2G

MemTotal:        4016004 kB
MemFree:          127996 kB
Active:           352932 kB
Mem:          3.8G       3.7G       124M       5.7M        28M       3.2G

MemTotal:        4016004 kB
MemFree:          127872 kB
Active:           352924 kB
Mem:          3.8G       3.7G       124M       5.7M        28M       3.2G

MemTotal:        4016004 kB
MemFree:          127872 kB
Active:           352900 kB
Mem:          3.8G       3.7G       124M       5.7M        28M       3.2G

MemTotal:        4016004 kB
MemFree:          127748 kB
Active:           352964 kB
Mem:          3.8G       3.7G       124M       5.7M        28M       3.2G

MemTotal:        4016004 kB
MemFree:          127624 kB
Active:           352964 kB
Mem:          3.8G       3.7G       124M       5.7M        28M       3.2G

MemTotal:        4016004 kB
MemFree:          127872 kB
Active:           352928 kB
Mem:          3.8G       3.7G       124M       5.7M        28M       3.2G

MemTotal:        4016004 kB
MemFree:          128368 kB
Active:           352968 kB
Mem:          3.8G       3.7G       125M       5.7M        28M       3.2G

MemTotal:        4016004 kB
MemFree:          127748 kB
Active:           352976 kB
Mem:          3.8G       3.7G       124M       5.7M        28M       3.2G

MemTotal:        4016004 kB
MemFree:          128368 kB
Active:           352952 kB
Mem:          3.8G       3.7G       125M       5.7M        28M       3.2G

MemTotal:        4016004 kB
MemFree:          128244 kB
Active:           352948 kB
Mem:          3.8G       3.7G       124M       5.7M        28M       3.2G

MemTotal:        4016004 kB
MemFree:          128244 kB
Active:           352944 kB
Mem:          3.8G       3.7G       125M       5.7M        28M       3.2G

MemTotal:        4016004 kB
MemFree:          128244 kB
Active:           352948 kB
Mem:          3.8G       3.7G       125M       5.7M        28M       3.2G

MemTotal:        4016004 kB
MemFree:          128244 kB
Active:           352944 kB
Mem:          3.8G       3.7G       125M       5.7M        28M       3.2G

MemTotal:        4016004 kB
MemFree:          128244 kB
Active:           352940 kB
Mem:          3.8G       3.7G       125M       5.7M        28M       3.2G

MemTotal:        4016004 kB
MemFree:          128120 kB
Active:           352948 kB
Mem:          3.8G       3.7G       125M       5.7M        28M       3.2G

MemTotal:        4016004 kB
MemFree:          128616 kB
Active:           352960 kB
Mem:          3.8G       3.7G       125M       5.7M        28M       3.2G

MemTotal:        4016004 kB
MemFree:          128740 kB
Active:           352960 kB
Mem:          3.8G       3.7G       125M       5.7M        28M       3.2G

MemTotal:        4016004 kB
MemFree:          128120 kB
Active:           352972 kB
Mem:          3.8G       3.7G       125M       5.7M        28M       3.2G

MemTotal:        4016004 kB
MemFree:          127748 kB
Active:           352996 kB
Mem:          3.8G       3.7G       125M       5.7M        28M       3.2G

MemTotal:        4016004 kB
MemFree:          128244 kB
Active:           352988 kB
Mem:          3.8G       3.7G       124M       5.7M        28M       3.2G

MemTotal:        4016004 kB
MemFree:          128368 kB
Active:           352984 kB
Mem:          3.8G       3.7G       125M       5.7M        28M       3.2G

MemTotal:        4016004 kB
MemFree:          128616 kB
Active:           352972 kB
Mem:          3.8G       3.7G       125M       5.7M        28M       3.2G

MemTotal:        4016004 kB
MemFree:          128492 kB
Active:           352980 kB
Mem:          3.8G       3.7G       125M       5.7M        28M       3.2G

MemTotal:        4016004 kB
MemFree:          127996 kB
Active:           352996 kB
Mem:          3.8G       3.7G       125M       5.7M        28M       3.2G

MemTotal:        4016004 kB
MemFree:          128492 kB
Active:           352940 kB
Mem:          3.8G       3.7G       125M       5.7M        28M       3.2G

MemTotal:        4016004 kB
MemFree:          128492 kB
Active:           352972 kB
Mem:          3.8G       3.7G       125M       5.7M        28M       3.2G

MemTotal:        4016004 kB
MemFree:          128244 kB
Active:           352976 kB
Mem:          3.8G       3.7G       125M       5.7M        28M       3.2G

MemTotal:        4016004 kB
MemFree:          128368 kB
Active:           352984 kB
Mem:          3.8G       3.7G       125M       5.7M        28M       3.2G

MemTotal:        4016004 kB
MemFree:          128244 kB
Active:           352964 kB
Mem:          3.8G       3.7G       125M       5.7M        28M       3.2G

MemTotal:        4016004 kB
MemFree:          128616 kB
Active:           352960 kB
Mem:          3.8G       3.7G       125M       5.7M        28M       3.2G

MemTotal:        4016004 kB
MemFree:          128492 kB
Active:           352964 kB
Mem:          3.8G       3.7G       125M       5.7M        28M       3.2G

MemTotal:        4016004 kB
MemFree:          127996 kB
Active:           353008 kB
Mem:          3.8G       3.7G       124M       5.7M        28M       3.2G

MemTotal:        4016004 kB
MemFree:          127872 kB
Active:           352976 kB
Mem:          3.8G       3.7G       124M       5.7M        28M       3.2G

MemTotal:        4016004 kB
MemFree:          127996 kB
Active:           352964 kB
Mem:          3.8G       3.7G       125M       5.7M        28M       3.2G

MemTotal:        4016004 kB
MemFree:          127624 kB
Active:           353016 kB
Mem:          3.8G       3.7G       124M       5.7M        28M       3.2G

MemTotal:        4016004 kB
MemFree:          127996 kB
Active:           352976 kB
Mem:          3.8G       3.7G       124M       5.7M        28M       3.2G

MemTotal:        4016004 kB
MemFree:          127872 kB
Active:           352980 kB
Mem:          3.8G       3.7G       124M       5.7M        28M       3.2G

MemTotal:        4016004 kB
MemFree:          127996 kB
Active:           352976 kB
Mem:          3.8G       3.7G       125M       5.7M        28M       3.2G

MemTotal:        4016004 kB
MemFree:          127748 kB
Active:           353028 kB
Mem:          3.8G       3.7G       124M       5.7M        28M       3.2G

MemTotal:        4016004 kB
MemFree:          128368 kB
Active:           353024 kB
Mem:          3.8G       3.7G       125M       5.7M        28M       3.2G

MemTotal:        4016004 kB
MemFree:          128492 kB
Active:           353024 kB
Mem:          3.8G       3.7G       125M       5.7M        28M       3.2G

MemTotal:        4016004 kB
MemFree:          128244 kB
Active:           352984 kB
Mem:          3.8G       3.7G       124M       5.7M        28M       3.2G

MemTotal:        4016004 kB
MemFree:          128120 kB
Active:           353036 kB
Mem:          3.8G       3.7G       125M       5.7M        28M       3.2G

MemTotal:        4016004 kB
MemFree:          128368 kB
Active:           353004 kB
Mem:          3.8G       3.7G       125M       5.7M        28M       3.2G

MemTotal:        4016004 kB
MemFree:          128492 kB
Active:           353000 kB
Mem:          3.8G       3.7G       125M       5.7M        28M       3.2G

MemTotal:        4016004 kB
MemFree:          128120 kB
Active:           353044 kB
Mem:          3.8G       3.7G       125M       5.7M        28M       3.2G

MemTotal:        4016004 kB
MemFree:          128244 kB
Active:           353040 kB
Mem:          3.8G       3.7G       125M       5.7M        28M       3.2G

MemTotal:        4016004 kB
MemFree:          127748 kB
Active:           353044 kB
Mem:          3.8G       3.7G       124M       5.7M        28M       3.2G

MemTotal:        4016004 kB
MemFree:          128244 kB
Active:           353040 kB
Mem:          3.8G       3.7G       125M       5.7M        28M       3.2G

MemTotal:        4016004 kB
MemFree:          128492 kB
Active:           353040 kB
Mem:          3.8G       3.7G       125M       5.7M        28M       3.2G

MemTotal:        4016004 kB
MemFree:          128492 kB
Active:           353020 kB
Mem:          3.8G       3.7G       125M       5.7M        28M       3.2G

MemTotal:        4016004 kB
MemFree:          128244 kB
Active:           353032 kB
Mem:          3.8G       3.7G       125M       5.7M        28M       3.2G

MemTotal:        4016004 kB
MemFree:          128244 kB
Active:           353044 kB
Mem:          3.8G       3.7G       125M       5.7M        28M       3.2G

MemTotal:        4016004 kB
MemFree:          128244 kB
Active:           353028 kB
Mem:          3.8G       3.7G       125M       5.7M        28M       3.2G

MemTotal:        4016004 kB
MemFree:          128368 kB
Active:           353012 kB
Mem:          3.8G       3.7G       125M       5.7M        28M       3.2G

MemTotal:        4016004 kB
MemFree:          127996 kB
Active:           353060 kB
Mem:          3.8G       3.7G       125M       5.7M        28M       3.2G

MemTotal:        4016004 kB
MemFree:          128244 kB
Active:           353056 kB
Mem:          3.8G       3.7G       125M       5.7M        28M       3.2G

MemTotal:        4016004 kB
MemFree:          128120 kB
Active:           353048 kB
Mem:          3.8G       3.7G       125M       5.7M        28M       3.2G

MemTotal:        4016004 kB
MemFree:          127872 kB
Active:           353068 kB
