MemTotal:        4016004 kB
MemFree:         3221156 kB
Active:           437412 kB
Mem:          3.8G       775M       3.1G       5.7M        63M       318M

MemTotal:        4016004 kB
MemFree:         3221496 kB
Active:           437224 kB
Mem:          3.8G       775M       3.1G       5.7M        63M       319M

MemTotal:        4016004 kB
MemFree:         3221820 kB
Active:           437288 kB
Mem:          3.8G       775M       3.1G       5.7M        63M       319M

MemTotal:        4016004 kB
MemFree:         3221912 kB
Active:           437252 kB
Mem:          3.8G       775M       3.1G       5.7M        63M       319M

MemTotal:        4016004 kB
MemFree:         3221772 kB
Active:           437268 kB
Mem:          3.8G       775M       3.1G       5.7M        63M       319M

MemTotal:        4016004 kB
MemFree:         3222128 kB
Active:           437260 kB
Mem:          3.8G       775M       3.1G       5.7M        63M       319M

MemTotal:        4016004 kB
MemFree:         3221980 kB
Active:           437280 kB
Mem:          3.8G       775M       3.1G       5.7M        63M       319M

MemTotal:        4016004 kB
MemFree:         3221732 kB
Active:           437308 kB
Mem:          3.8G       775M       3.1G       5.7M        63M       319M

MemTotal:        4016004 kB
MemFree:         3222104 kB
Active:           437300 kB
Mem:          3.8G       775M       3.1G       5.7M        63M       319M

MemTotal:        4016004 kB
MemFree:         3221608 kB
Active:           437308 kB
Mem:          3.8G       775M       3.1G       5.7M        63M       319M

MemTotal:        4016004 kB
MemFree:         3222104 kB
Active:           437288 kB
Mem:          3.8G       775M       3.1G       5.7M        63M       319M

MemTotal:        4016004 kB
MemFree:         3221732 kB
Active:           437308 kB
Mem:          3.8G       775M       3.1G       5.7M        63M       319M

MemTotal:        4016004 kB
MemFree:         3221856 kB
Active:           437280 kB
Mem:          3.8G       775M       3.1G       5.7M        63M       319M

MemTotal:        4016004 kB
MemFree:         3221936 kB
Active:           437300 kB
Mem:          3.8G       775M       3.1G       5.7M        63M       319M

MemTotal:        4016004 kB
MemFree:         3221688 kB
Active:           437316 kB
Mem:          3.8G       775M       3.1G       5.7M        63M       319M

MemTotal:        4016004 kB
MemFree:         3223936 kB
Active:           435304 kB
Mem:          3.8G       773M       3.1G       5.7M        63M       319M

MemTotal:        4016004 kB
MemFree:         3223856 kB
Active:           433256 kB
Mem:          3.8G       773M       3.1G       5.7M        63M       319M

MemTotal:        4016004 kB
MemFree:         3223776 kB
Active:           433220 kB
Mem:          3.8G       773M       3.1G       5.7M        63M       319M

MemTotal:        4016004 kB
MemFree:         3223512 kB
Active:           435292 kB
Mem:          3.8G       773M       3.1G       5.7M        63M       319M

MemTotal:        4016004 kB
MemFree:         3223248 kB
Active:           435292 kB
Mem:          3.8G       774M       3.1G       5.7M        63M       319M

MemTotal:        4016004 kB
MemFree:         3223620 kB
Active:           435296 kB
Mem:          3.8G       774M       3.1G       5.7M        63M       319M

MemTotal:        4016004 kB
MemFree:         3223232 kB
Active:           435300 kB
Mem:          3.8G       774M       3.1G       5.7M        63M       319M

MemTotal:        4016004 kB
MemFree:         3223992 kB
Active:           435284 kB
Mem:          3.8G       773M       3.1G       5.7M        63M       319M

MemTotal:        4016004 kB
MemFree:         3224116 kB
Active:           435252 kB
Mem:          3.8G       773M       3.1G       5.7M        63M       319M

MemTotal:        4016004 kB
MemFree:         3224116 kB
Active:           435272 kB
Mem:          3.8G       773M       3.1G       5.7M        63M       319M

MemTotal:        4016004 kB
MemFree:         3223744 kB
Active:           435300 kB
Mem:          3.8G       773M       3.1G       5.7M        63M       319M

MemTotal:        4016004 kB
MemFree:         3223992 kB
Active:           435276 kB
Mem:          3.8G       773M       3.1G       5.7M        63M       319M

MemTotal:        4016004 kB
MemFree:         3223992 kB
Active:           435276 kB
Mem:          3.8G       773M       3.1G       5.7M        63M       319M

MemTotal:        4016004 kB
MemFree:         3223852 kB
Active:           435312 kB
Mem:          3.8G       773M       3.1G       5.7M        63M       319M

MemTotal:        4016004 kB
MemFree:         3223808 kB
Active:           435288 kB
Mem:          3.8G       773M       3.1G       5.7M        63M       319M

MemTotal:        4016004 kB
MemFree:         3223808 kB
Active:           435300 kB
Mem:          3.8G       773M       3.1G       5.7M        63M       319M

MemTotal:        4016004 kB
MemFree:         3223932 kB
Active:           435304 kB
Mem:          3.8G       773M       3.1G       5.7M        63M       319M

MemTotal:        4016004 kB
MemFree:         3223652 kB
Active:           435312 kB
Mem:          3.8G       773M       3.1G       5.7M        63M       319M

MemTotal:        4016004 kB
MemFree:         3223900 kB
Active:           435292 kB
Mem:          3.8G       773M       3.1G       5.7M        63M       319M

MemTotal:        4016004 kB
MemFree:         3224148 kB
Active:           435256 kB
Mem:          3.8G       773M       3.1G       5.7M        63M       319M

MemTotal:        4016004 kB
MemFree:         3223776 kB
Active:           435320 kB
Mem:          3.8G       773M       3.1G       5.7M        63M       319M

MemTotal:        4016004 kB
MemFree:         3223900 kB
Active:           433368 kB
Mem:          3.8G       773M       3.1G       5.7M        63M       319M

MemTotal:        4016004 kB
MemFree:         3224084 kB
Active:           435296 kB
Mem:          3.8G       773M       3.1G       5.7M        63M       319M

MemTotal:        4016004 kB
MemFree:         3223572 kB
Active:           435336 kB
Mem:          3.8G       773M       3.1G       5.7M        63M       319M

MemTotal:        4016004 kB
MemFree:         3223076 kB
Active:           435340 kB
Mem:          3.8G       774M       3.1G       5.7M        63M       319M

MemTotal:        4016004 kB
MemFree:         3223200 kB
Active:           435312 kB
Mem:          3.8G       774M       3.1G       5.7M        63M       319M

MemTotal:        4016004 kB
MemFree:         3222572 kB
Active:           435348 kB
Mem:          3.8G       774M       3.1G       5.7M        63M       319M

MemTotal:        4016004 kB
MemFree:         3223068 kB
Active:           435312 kB
Mem:          3.8G       774M       3.1G       5.7M        63M       319M

MemTotal:        4016004 kB
MemFree:         3223240 kB
Active:           435296 kB
Mem:          3.8G       774M       3.1G       5.7M        63M       319M

MemTotal:        4016004 kB
MemFree:         3223116 kB
Active:           435300 kB
Mem:          3.8G       774M       3.1G       5.7M        63M       319M

MemTotal:        4016004 kB
MemFree:         3223116 kB
Active:           435352 kB
Mem:          3.8G       774M       3.1G       5.7M        63M       319M

MemTotal:        4016004 kB
MemFree:         3223612 kB
Active:           435308 kB
Mem:          3.8G       774M       3.1G       5.7M        63M       319M

MemTotal:        4016004 kB
MemFree:         3223084 kB
Active:           435352 kB
Mem:          3.8G       774M       3.1G       5.7M        63M       319M

MemTotal:        4016004 kB
MemFree:         3223132 kB
Active:           435360 kB
Mem:          3.8G       774M       3.1G       5.7M        63M       319M

MemTotal:        4016004 kB
MemFree:         3223380 kB
Active:           435324 kB
Mem:          3.8G       774M       3.1G       5.7M        63M       319M

MemTotal:        4016004 kB
MemFree:         3222884 kB
Active:           435368 kB
Mem:          3.8G       774M       3.1G       5.7M        63M       319M

MemTotal:        4016004 kB
MemFree:         3223380 kB
Active:           435356 kB
Mem:          3.8G       774M       3.1G       5.7M        63M       319M

MemTotal:        4016004 kB
MemFree:         3222852 kB
Active:           435384 kB
Mem:          3.8G       774M       3.1G       5.7M        63M       319M

MemTotal:        4016004 kB
MemFree:         3223272 kB
Active:           435376 kB
Mem:          3.8G       774M       3.1G       5.7M        63M       319M

MemTotal:        4016004 kB
MemFree:         3223768 kB
Active:           435328 kB
Mem:          3.8G       773M       3.1G       5.7M        63M       319M

MemTotal:        4016004 kB
MemFree:         3223860 kB
Active:           435336 kB
Mem:          3.8G       773M       3.1G       5.7M        63M       319M

MemTotal:        4016004 kB
MemFree:         3223348 kB
Active:           435388 kB
Mem:          3.8G       773M       3.1G       5.7M        63M       319M

MemTotal:        4016004 kB
MemFree:         3223736 kB
Active:           435344 kB
Mem:          3.8G       773M       3.1G       5.7M        63M       319M

MemTotal:        4016004 kB
MemFree:         3223612 kB
Active:           435360 kB
Mem:          3.8G       773M       3.1G       5.7M        63M       319M

MemTotal:        4016004 kB
MemFree:         3223240 kB
Active:           435396 kB
Mem:          3.8G       774M       3.1G       5.7M        63M       319M

MemTotal:        4016004 kB
MemFree:         3223488 kB
Active:           435360 kB
Mem:          3.8G       773M       3.1G       5.7M        63M       319M

MemTotal:        4016004 kB
MemFree:         3223520 kB
Active:           435364 kB
Mem:          3.8G       774M       3.1G       5.7M        63M       319M

MemTotal:        4016004 kB
MemFree:         3223396 kB
Active:           435348 kB
Mem:          3.8G       773M       3.1G       5.7M        63M       319M

MemTotal:        4016004 kB
MemFree:         3223380 kB
Active:           435396 kB
Mem:          3.8G       773M       3.1G       5.7M        63M       319M

MemTotal:        4016004 kB
MemFree:         3223752 kB
Active:           435368 kB
Mem:          3.8G       773M       3.1G       5.7M        63M       319M

MemTotal:        4016004 kB
MemFree:         3223596 kB
Active:           435396 kB
Mem:          3.8G       773M       3.1G       5.7M        63M       319M

MemTotal:        4016004 kB
MemFree:         3223364 kB
Active:           435404 kB
Mem:          3.8G       774M       3.1G       5.7M        63M       319M

MemTotal:        4016004 kB
MemFree:         3223736 kB
Active:           435352 kB
Mem:          3.8G       773M       3.1G       5.7M        63M       319M

MemTotal:        4016004 kB
MemFree:         3223612 kB
Active:           435348 kB
Mem:          3.8G       773M       3.1G       5.7M        63M       319M

MemTotal:        4016004 kB
MemFree:         3223596 kB
Active:           435372 kB
Mem:          3.8G       773M       3.1G       5.7M        63M       319M

MemTotal:        4016004 kB
MemFree:         3223380 kB
Active:           435408 kB
Mem:          3.8G       774M       3.1G       5.7M        63M       319M

MemTotal:        4016004 kB
MemFree:         3223752 kB
Active:           435376 kB
Mem:          3.8G       773M       3.1G       5.7M        63M       319M

MemTotal:        4016004 kB
MemFree:         3223860 kB
Active:           435380 kB
Mem:          3.8G       773M       3.1G       5.7M        63M       319M

MemTotal:        4016004 kB
MemFree:         3223472 kB
Active:           435408 kB
Mem:          3.8G       773M       3.1G       5.7M        63M       319M

MemTotal:        4016004 kB
MemFree:         3223860 kB
Active:           435396 kB
Mem:          3.8G       773M       3.1G       5.7M        63M       319M

MemTotal:        4016004 kB
MemFree:         3223612 kB
Active:           435384 kB
Mem:          3.8G       773M       3.1G       5.7M        63M       319M

MemTotal:        4016004 kB
MemFree:         3223736 kB
Active:           435392 kB
Mem:          3.8G       773M       3.1G       5.7M        63M       319M

MemTotal:        4016004 kB
MemFree:         3223348 kB
Active:           435416 kB
Mem:          3.8G       774M       3.1G       5.7M        63M       319M

MemTotal:        4016004 kB
MemFree:         3223752 kB
Active:           435372 kB
Mem:          3.8G       773M       3.1G       5.7M        63M       319M

MemTotal:        4016004 kB
MemFree:         3223628 kB
Active:           435412 kB
Mem:          3.8G       773M       3.1G       5.7M        63M       319M

MemTotal:        4016004 kB
MemFree:         3223240 kB
Active:           435416 kB
Mem:          3.8G       774M       3.1G       5.7M        63M       319M

MemTotal:        4016004 kB
MemFree:         3223472 kB
Active:           435384 kB
Mem:          3.8G       774M       3.1G       5.7M        63M       319M

MemTotal:        4016004 kB
MemFree:         3223364 kB
Active:           435384 kB
Mem:          3.8G       774M       3.1G       5.7M        63M       319M

MemTotal:        4016004 kB
MemFree:         3223240 kB
Active:           435432 kB
Mem:          3.8G       774M       3.1G       5.7M        63M       319M

MemTotal:        4016004 kB
MemFree:         3223612 kB
Active:           435416 kB
Mem:          3.8G       773M       3.1G       5.7M        63M       319M

MemTotal:        4016004 kB
MemFree:         3223472 kB
Active:           435400 kB
Mem:          3.8G       773M       3.1G       5.7M        63M       319M

MemTotal:        4016004 kB
MemFree:         3223312 kB
Active:           433524 kB
Mem:          3.8G       774M       3.1G       5.7M        63M       319M

MemTotal:        4016004 kB
MemFree:         3223192 kB
Active:           435432 kB
Mem:          3.8G       774M       3.1G       5.7M        63M       319M

MemTotal:        4016004 kB
MemFree:         3222820 kB
Active:           435432 kB
Mem:          3.8G       774M       3.1G       5.7M        63M       319M

MemTotal:        4016004 kB
MemFree:         3223300 kB
Active:           435432 kB
Mem:          3.8G       774M       3.1G       5.7M        63M       319M

MemTotal:        4016004 kB
MemFree:         3223440 kB
Active:           435392 kB
Mem:          3.8G       773M       3.1G       5.7M        63M       319M

MemTotal:        4016004 kB
MemFree:         3223564 kB
Active:           435444 kB
Mem:          3.8G       773M       3.1G       5.7M        63M       319M

MemTotal:        4016004 kB
MemFree:         3223688 kB
Active:           435444 kB
Mem:          3.8G       773M       3.1G       5.7M        63M       319M

MemTotal:        4016004 kB
MemFree:         3223656 kB
Active:           435412 kB
Mem:          3.8G       773M       3.1G       5.7M        63M       319M

MemTotal:        4016004 kB
MemFree:         3223672 kB
Active:           435432 kB
Mem:          3.8G       773M       3.1G       5.7M        63M       319M

MemTotal:        4016004 kB
MemFree:         3223300 kB
Active:           435444 kB
Mem:          3.8G       773M       3.1G       5.7M        63M       319M

MemTotal:        4016004 kB
MemFree:         3223796 kB
Active:           435408 kB
Mem:          3.8G       773M       3.1G       5.7M        63M       319M

MemTotal:        4016004 kB
MemFree:         3223300 kB
Active:           435456 kB
Mem:          3.8G       774M       3.1G       5.7M        63M       319M

MemTotal:        4016004 kB
MemFree:         3223596 kB
Active:           435444 kB
Mem:          3.8G       773M       3.1G       5.7M        63M       319M

MemTotal:        4016004 kB
MemFree:         3223844 kB
Active:           435404 kB
Mem:          3.8G       773M       3.1G       5.7M        63M       319M

MemTotal:        4016004 kB
MemFree:         3223144 kB
Active:           435752 kB
Mem:          3.8G       774M       3.1G       5.7M        63M       319M

MemTotal:        4016004 kB
MemFree:         3179904 kB
Active:           436812 kB
Mem:          3.8G       817M       3.0G       5.7M        63M       361M

MemTotal:        4016004 kB
MemFree:         3132560 kB
Active:           436828 kB
Mem:          3.8G       863M       3.0G       5.7M        63M       406M

MemTotal:        4016004 kB
MemFree:         3086708 kB
Active:           436828 kB
Mem:          3.8G       909M       2.9G       5.7M        63M       450M

MemTotal:        4016004 kB
MemFree:         3039864 kB
Active:           436796 kB
Mem:          3.8G       954M       2.9G       5.7M        63M       495M

MemTotal:        4016004 kB
MemFree:         2992740 kB
Active:           436828 kB
Mem:          3.8G       999M       2.9G       5.7M        63M       539M

MemTotal:        4016004 kB
MemFree:         2944636 kB
Active:           434984 kB
Mem:          3.8G       1.0G       2.8G       5.7M        63M       584M

MemTotal:        4016004 kB
MemFree:         2898368 kB
Active:           436856 kB
Mem:          3.8G       1.1G       2.8G       5.7M        63M       630M

MemTotal:        4016004 kB
MemFree:         2852872 kB
Active:           436856 kB
Mem:          3.8G       1.1G       2.7G       5.7M        63M       673M

MemTotal:        4016004 kB
MemFree:         2806116 kB
Active:           436856 kB
Mem:          3.8G       1.2G       2.7G       5.7M        63M       718M

MemTotal:        4016004 kB
MemFree:         2759796 kB
Active:           436860 kB
Mem:          3.8G       1.2G       2.6G       5.7M        63M       762M

MemTotal:        4016004 kB
MemFree:         2713156 kB
Active:           436872 kB
Mem:          3.8G       1.2G       2.6G       5.7M        63M       807M

MemTotal:        4016004 kB
MemFree:         2673928 kB
Active:           436892 kB
Mem:          3.8G       1.3G       2.5G       5.7M        63M       846M

MemTotal:        4016004 kB
MemFree:         2627208 kB
Active:           436892 kB
Mem:          3.8G       1.3G       2.5G       5.7M        63M       891M

MemTotal:        4016004 kB
MemFree:         2581004 kB
Active:           436892 kB
Mem:          3.8G       1.4G       2.5G       5.7M        63M       935M

MemTotal:        4016004 kB
MemFree:         2534332 kB
Active:           436904 kB
Mem:          3.8G       1.4G       2.4G       5.7M        63M       980M

MemTotal:        4016004 kB
MemFree:         2488548 kB
Active:           434980 kB
Mem:          3.8G       1.5G       2.4G       5.7M        63M       1.0G

MemTotal:        4016004 kB
MemFree:         2487816 kB
Active:           434824 kB
Mem:          3.8G       1.5G       2.4G       5.7M        63M       1.0G

MemTotal:        4016004 kB
MemFree:         2460276 kB
Active:           434844 kB
Mem:          3.8G       1.5G       2.3G       5.7M        63M       1.0G

MemTotal:        4016004 kB
MemFree:         2413728 kB
Active:           434868 kB
Mem:          3.8G       1.5G       2.3G       5.7M        63M       1.1G

MemTotal:        4016004 kB
MemFree:         2367132 kB
Active:           434844 kB
Mem:          3.8G       1.6G       2.3G       5.7M        63M       1.1G

MemTotal:        4016004 kB
MemFree:         2320396 kB
Active:           434840 kB
Mem:          3.8G       1.6G       2.2G       5.7M        63M       1.2G

MemTotal:        4016004 kB
MemFree:         2274916 kB
Active:           436924 kB
Mem:          3.8G       1.7G       2.2G       5.7M        63M       1.2G

MemTotal:        4016004 kB
MemFree:         2228900 kB
Active:           436916 kB
Mem:          3.8G       1.7G       2.1G       5.7M        63M       1.2G

MemTotal:        4016004 kB
MemFree:         2181220 kB
Active:           436900 kB
Mem:          3.8G       1.8G       2.1G       5.7M        63M       1.3G

MemTotal:        4016004 kB
MemFree:         2135804 kB
Active:           436904 kB
Mem:          3.8G       1.8G       2.0G       5.7M        63M       1.3G

MemTotal:        4016004 kB
MemFree:         2088372 kB
Active:           435012 kB
Mem:          3.8G       1.8G       2.0G       5.7M        63M       1.4G

MemTotal:        4016004 kB
MemFree:         2088556 kB
Active:           434984 kB
Mem:          3.8G       1.8G       2.0G       5.7M        63M       1.4G

MemTotal:        4016004 kB
MemFree:         2088528 kB
Active:           434992 kB
Mem:          3.8G       1.8G       2.0G       5.7M        63M       1.4G

MemTotal:        4016004 kB
MemFree:         2088812 kB
Active:           434992 kB
Mem:          3.8G       1.8G       2.0G       5.7M        63M       1.4G

MemTotal:        4016004 kB
MemFree:         2052188 kB
Active:           434988 kB
Mem:          3.8G       1.9G       2.0G       5.7M        63M       1.4G

MemTotal:        4016004 kB
MemFree:         2005328 kB
Active:           435012 kB
Mem:          3.8G       1.9G       1.9G       5.7M        63M       1.5G

MemTotal:        4016004 kB
MemFree:         1959476 kB
Active:           434988 kB
Mem:          3.8G       2.0G       1.9G       5.7M        63M       1.5G

MemTotal:        4016004 kB
MemFree:         1911996 kB
Active:           434992 kB
Mem:          3.8G       2.0G       1.8G       5.7M        63M       1.5G

MemTotal:        4016004 kB
MemFree:         1866020 kB
Active:           434992 kB
Mem:          3.8G       2.1G       1.8G       5.7M        63M       1.6G

MemTotal:        4016004 kB
MemFree:         1819408 kB
Active:           435004 kB
Mem:          3.8G       2.1G       1.7G       5.7M        63M       1.6G

MemTotal:        4016004 kB
MemFree:         1772400 kB
Active:           435064 kB
Mem:          3.8G       2.1G       1.7G       5.7M        63M       1.7G

MemTotal:        4016004 kB
MemFree:         1726776 kB
Active:           435032 kB
Mem:          3.8G       2.2G       1.6G       5.7M        63M       1.7G

MemTotal:        4016004 kB
MemFree:         1679840 kB
Active:           435060 kB
Mem:          3.8G       2.2G       1.6G       5.7M        63M       1.8G

MemTotal:        4016004 kB
MemFree:         1633168 kB
Active:           435064 kB
Mem:          3.8G       2.3G       1.6G       5.7M        63M       1.8G

MemTotal:        4016004 kB
MemFree:         1587132 kB
Active:           435032 kB
Mem:          3.8G       2.3G       1.5G       5.7M        63M       1.8G

MemTotal:        4016004 kB
MemFree:         1542076 kB
Active:           435060 kB
Mem:          3.8G       2.4G       1.5G       5.7M        63M       1.9G

MemTotal:        4016004 kB
MemFree:         1528124 kB
Active:           435024 kB
Mem:          3.8G       2.4G       1.5G       5.7M        63M       1.9G

MemTotal:        4016004 kB
MemFree:         1482800 kB
Active:           435076 kB
Mem:          3.8G       2.4G       1.4G       5.7M        63M       1.9G

MemTotal:        4016004 kB
MemFree:         1436288 kB
Active:           435048 kB
Mem:          3.8G       2.5G       1.4G       5.7M        63M       2.0G

MemTotal:        4016004 kB
MemFree:         1388808 kB
Active:           435088 kB
Mem:          3.8G       2.5G       1.3G       5.7M        63M       2.0G

MemTotal:        4016004 kB
MemFree:         1343600 kB
Active:           437156 kB
Mem:          3.8G       2.5G       1.3G       5.7M        63M       2.1G

MemTotal:        4016004 kB
MemFree:         1343604 kB
Active:           437160 kB
Mem:          3.8G       2.5G       1.3G       5.7M        63M       2.1G

MemTotal:        4016004 kB
MemFree:         1335568 kB
Active:           437112 kB
Mem:          3.8G       2.6G       1.3G       5.7M        63M       2.1G

MemTotal:        4016004 kB
MemFree:         1289268 kB
Active:           437164 kB
Mem:          3.8G       2.6G       1.2G       5.7M        63M       2.1G

MemTotal:        4016004 kB
MemFree:         1242532 kB
Active:           437168 kB
Mem:          3.8G       2.6G       1.2G       5.7M        63M       2.2G

MemTotal:        4016004 kB
MemFree:         1196820 kB
Active:           437168 kB
Mem:          3.8G       2.7G       1.1G       5.7M        63M       2.2G

MemTotal:        4016004 kB
MemFree:         1149780 kB
Active:           437180 kB
Mem:          3.8G       2.7G       1.1G       5.7M        63M       2.3G

MemTotal:        4016004 kB
MemFree:         1103044 kB
Active:           437180 kB
Mem:          3.8G       2.8G       1.1G       5.7M        63M       2.3G

MemTotal:        4016004 kB
MemFree:         1059024 kB
Active:           437180 kB
Mem:          3.8G       2.8G       1.0G       5.7M        63M       2.3G

MemTotal:        4016004 kB
MemFree:         1011244 kB
Active:           437188 kB
Mem:          3.8G       2.9G       987M       5.7M        63M       2.4G

MemTotal:        4016004 kB
MemFree:          966960 kB
Active:           437192 kB
Mem:          3.8G       2.9G       944M       5.7M        63M       2.4G

MemTotal:        4016004 kB
MemFree:          966248 kB
Active:           437184 kB
Mem:          3.8G       2.9G       943M       5.7M        63M       2.4G

MemTotal:        4016004 kB
MemFree:          930136 kB
Active:           437172 kB
Mem:          3.8G       2.9G       906M       5.7M        63M       2.5G

MemTotal:        4016004 kB
MemFree:          883292 kB
Active:           437216 kB
Mem:          3.8G       3.0G       861M       5.7M        63M       2.5G

MemTotal:        4016004 kB
MemFree:          837316 kB
Active:           437204 kB
Mem:          3.8G       3.0G       816M       5.7M        63M       2.6G

MemTotal:        4016004 kB
MemFree:          792564 kB
Active:           437220 kB
Mem:          3.8G       3.1G       773M       5.7M        63M       2.6G

MemTotal:        4016004 kB
MemFree:          786228 kB
Active:           437224 kB
Mem:          3.8G       3.1G       766M       5.7M        63M       2.6G

MemTotal:        4016004 kB
MemFree:          739560 kB
Active:           437196 kB
Mem:          3.8G       3.1G       721M       5.7M        63M       2.6G

MemTotal:        4016004 kB
MemFree:          691808 kB
Active:           437252 kB
Mem:          3.8G       3.2G       674M       5.7M        63M       2.7G

MemTotal:        4016004 kB
MemFree:          645904 kB
Active:           437256 kB
Mem:          3.8G       3.2G       630M       5.7M        63M       2.7G

MemTotal:        4016004 kB
MemFree:          599164 kB
Active:           435252 kB
Mem:          3.8G       3.3G       583M       5.7M        63M       2.8G

MemTotal:        4016004 kB
MemFree:          553184 kB
Active:           435212 kB
Mem:          3.8G       3.3G       539M       5.7M        63M       2.8G

MemTotal:        4016004 kB
MemFree:          506464 kB
Active:           435220 kB
Mem:          3.8G       3.3G       493M       5.7M        63M       2.9G

MemTotal:        4016004 kB
MemFree:          459496 kB
Active:           435208 kB
Mem:          3.8G       3.4G       447M       5.7M        63M       2.9G

MemTotal:        4016004 kB
MemFree:          413876 kB
Active:           435184 kB
Mem:          3.8G       3.4G       402M       5.7M        63M       2.9G

MemTotal:        4016004 kB
MemFree:          367404 kB
Active:           435196 kB
Mem:          3.8G       3.5G       357M       5.7M        63M       3.0G

MemTotal:        4016004 kB
MemFree:          326648 kB
Active:           435176 kB
Mem:          3.8G       3.5G       318M       5.7M        63M       3.0G

MemTotal:        4016004 kB
MemFree:          318816 kB
Active:           435224 kB
Mem:          3.8G       3.5G       310M       5.7M        63M       3.0G

MemTotal:        4016004 kB
MemFree:          272500 kB
Active:           435236 kB
Mem:          3.8G       3.6G       265M       5.7M        63M       3.1G

MemTotal:        4016004 kB
MemFree:          224572 kB
Active:           435244 kB
Mem:          3.8G       3.6G       218M       5.7M        63M       3.1G

MemTotal:        4016004 kB
MemFree:          176780 kB
Active:           435244 kB
Mem:          3.8G       3.7G       172M       5.7M        63M       3.2G

MemTotal:        4016004 kB
MemFree:          131920 kB
Active:           439316 kB
Mem:          3.8G       3.7G       127M       5.7M        63M       3.2G

MemTotal:        4016004 kB
MemFree:          120000 kB
Active:           439320 kB
Mem:          3.8G       3.7G       116M       5.7M        63M       3.2G

MemTotal:        4016004 kB
MemFree:          119816 kB
Active:           439292 kB
Mem:          3.8G       3.7G       117M       5.7M        63M       3.2G

MemTotal:        4016004 kB
MemFree:          135584 kB
Active:           443696 kB
Mem:          3.8G       3.7G       114M       5.7M        28M       3.3G

MemTotal:        4016004 kB
MemFree:          116588 kB
Active:           454148 kB
Mem:          3.8G       3.7G       104M       5.7M        28M       3.3G

MemTotal:        4016004 kB
MemFree:          121596 kB
Active:           501288 kB
Mem:          3.8G       3.7G       117M       5.7M        28M       3.3G

MemTotal:        4016004 kB
MemFree:          133568 kB
Active:           497284 kB
Mem:          3.8G       3.7G       128M       5.7M        28M       3.2G

MemTotal:        4016004 kB
MemFree:          115932 kB
Active:           492676 kB
Mem:          3.8G       3.7G       112M       5.7M        28M       3.3G

MemTotal:        4016004 kB
MemFree:          105296 kB
Active:           489220 kB
Mem:          3.8G       3.7G       102M       5.7M        28M       3.3G

MemTotal:        4016004 kB
MemFree:          126900 kB
Active:           482640 kB
Mem:          3.8G       3.7G       121M       5.7M        28M       3.3G

MemTotal:        4016004 kB
MemFree:          104860 kB
Active:           480776 kB
Mem:          3.8G       3.7G       124M       5.7M        28M       3.2G

MemTotal:        4016004 kB
MemFree:          125040 kB
Active:           474252 kB
Mem:          3.8G       3.7G       120M       5.7M        28M       3.3G

MemTotal:        4016004 kB
MemFree:          126140 kB
Active:           470676 kB
Mem:          3.8G       3.7G       123M       5.7M        28M       3.3G

MemTotal:        4016004 kB
MemFree:          123964 kB
Active:           465812 kB
Mem:          3.8G       3.7G       119M       5.7M        28M       3.3G

MemTotal:        4016004 kB
MemFree:          125716 kB
Active:           462100 kB
Mem:          3.8G       3.7G       122M       5.7M        28M       3.3G

MemTotal:        4016004 kB
MemFree:          122708 kB
Active:           457348 kB
Mem:          3.8G       3.7G       118M       5.7M        28M       3.3G

MemTotal:        4016004 kB
MemFree:          122920 kB
Active:           456044 kB
Mem:          3.8G       3.7G       119M       5.7M        28M       3.3G

MemTotal:        4016004 kB
MemFree:          128476 kB
Active:           455096 kB
Mem:          3.8G       3.7G       125M       5.7M        28M       3.2G

MemTotal:        4016004 kB
MemFree:          119748 kB
Active:           453812 kB
Mem:          3.8G       3.7G       116M       5.7M        28M       3.3G

MemTotal:        4016004 kB
MemFree:          126984 kB
Active:           452284 kB
Mem:          3.8G       3.7G       124M       5.7M        28M       3.2G

MemTotal:        4016004 kB
MemFree:          123136 kB
Active:           450612 kB
Mem:          3.8G       3.7G       119M       5.7M        28M       3.3G

MemTotal:        4016004 kB
MemFree:          125628 kB
Active:           449460 kB
Mem:          3.8G       3.7G       121M       5.7M        28M       3.3G

MemTotal:        4016004 kB
MemFree:          122000 kB
Active:           447816 kB
Mem:          3.8G       3.7G       118M       5.7M        28M       3.3G

MemTotal:        4016004 kB
MemFree:          105644 kB
Active:           446800 kB
Mem:          3.8G       3.7G       125M       5.7M        28M       3.2G

MemTotal:        4016004 kB
MemFree:          125512 kB
Active:           444584 kB
Mem:          3.8G       3.7G       122M       5.7M        28M       3.3G

MemTotal:        4016004 kB
MemFree:          105308 kB
Active:           443988 kB
Mem:          3.8G       3.7G       124M       5.7M        28M       3.2G

MemTotal:        4016004 kB
MemFree:          124196 kB
Active:           437776 kB
Mem:          3.8G       3.7G       120M       5.7M        28M       3.3G

MemTotal:        4016004 kB
MemFree:          104732 kB
Active:           437104 kB
Mem:          3.8G       3.7G       124M       5.7M        28M       3.2G

MemTotal:        4016004 kB
MemFree:          126460 kB
Active:           434952 kB
Mem:          3.8G       3.7G       122M       5.7M        28M       3.3G

MemTotal:        4016004 kB
MemFree:          110972 kB
Active:           433956 kB
Mem:          3.8G       3.7G       107M       5.7M        28M       3.3G

MemTotal:        4016004 kB
MemFree:          126084 kB
Active:           432144 kB
Mem:          3.8G       3.7G       121M       5.7M        28M       3.3G

MemTotal:        4016004 kB
MemFree:          120932 kB
Active:           430600 kB
Mem:          3.8G       3.7G       117M       5.7M        28M       3.3G

MemTotal:        4016004 kB
MemFree:          124236 kB
Active:           428720 kB
Mem:          3.8G       3.7G       120M       5.7M        28M       3.3G

MemTotal:        4016004 kB
MemFree:          123588 kB
Active:           428684 kB
Mem:          3.8G       3.7G       120M       5.7M        28M       3.3G

MemTotal:        4016004 kB
MemFree:          120476 kB
Active:           428724 kB
Mem:          3.8G       3.7G       116M       5.7M        28M       3.3G

MemTotal:        4016004 kB
MemFree:          135376 kB
Active:           425024 kB
Mem:          3.8G       3.7G       131M       5.7M        28M       3.2G

MemTotal:        4016004 kB
MemFree:          126272 kB
Active:           423868 kB
Mem:          3.8G       3.7G       121M       5.7M        28M       3.3G

MemTotal:        4016004 kB
MemFree:          127896 kB
Active:           421952 kB
Mem:          3.8G       3.7G       123M       5.7M        28M       3.3G

MemTotal:        4016004 kB
MemFree:          111060 kB
Active:           420904 kB
Mem:          3.8G       3.7G       107M       5.7M        28M       3.3G

MemTotal:        4016004 kB
MemFree:          134396 kB
Active:           413676 kB
Mem:          3.8G       3.7G       130M       5.7M        28M       3.2G

MemTotal:        4016004 kB
MemFree:          126460 kB
Active:           412524 kB
Mem:          3.8G       3.7G       122M       5.7M        28M       3.3G

MemTotal:        4016004 kB
MemFree:          127696 kB
Active:           411396 kB
Mem:          3.8G       3.7G       124M       5.7M        28M       3.2G

MemTotal:        4016004 kB
MemFree:          124352 kB
Active:           407816 kB
Mem:          3.8G       3.7G       119M       5.7M        28M       3.3G

MemTotal:        4016004 kB
MemFree:          126364 kB
Active:           406672 kB
Mem:          3.8G       3.7G       121M       5.7M        28M       3.3G

MemTotal:        4016004 kB
MemFree:          122892 kB
Active:           405016 kB
Mem:          3.8G       3.7G       118M       5.7M        28M       3.3G

MemTotal:        4016004 kB
MemFree:          106432 kB
Active:           404004 kB
Mem:          3.8G       3.7G       102M       5.7M        28M       3.3G

MemTotal:        4016004 kB
MemFree:          120860 kB
Active:           404260 kB
Mem:          3.8G       3.7G       116M       5.7M        28M       3.3G

MemTotal:        4016004 kB
MemFree:          106820 kB
Active:           403236 kB
Mem:          3.8G       3.7G       104M       5.7M        28M       3.3G

MemTotal:        4016004 kB
MemFree:          128896 kB
Active:           402092 kB
Mem:          3.8G       3.7G       125M       5.7M        28M       3.2G

MemTotal:        4016004 kB
MemFree:          112828 kB
Active:           397076 kB
Mem:          3.8G       3.7G       108M       5.7M        28M       3.3G

MemTotal:        4016004 kB
MemFree:          127704 kB
Active:           399372 kB
Mem:          3.8G       3.7G       123M       5.7M        28M       3.2G

MemTotal:        4016004 kB
MemFree:          123836 kB
Active:           397728 kB
Mem:          3.8G       3.7G       119M       5.7M        28M       3.3G

MemTotal:        4016004 kB
MemFree:          126280 kB
Active:           396584 kB
Mem:          3.8G       3.7G       122M       5.7M        28M       3.3G

MemTotal:        4016004 kB
MemFree:          122140 kB
Active:           394936 kB
Mem:          3.8G       3.7G       118M       5.7M        28M       3.3G

MemTotal:        4016004 kB
MemFree:          106532 kB
Active:           393916 kB
Mem:          3.8G       3.7G       102M       5.7M        28M       3.3G

MemTotal:        4016004 kB
MemFree:          125376 kB
Active:           391748 kB
Mem:          3.8G       3.7G       121M       5.7M        28M       3.3G

MemTotal:        4016004 kB
MemFree:          125560 kB
Active:           390600 kB
Mem:          3.8G       3.7G       124M       5.7M        28M       3.2G

MemTotal:        4016004 kB
MemFree:          126576 kB
Active:           388936 kB
Mem:          3.8G       3.7G       123M       5.7M        28M       3.2G

MemTotal:        4016004 kB
MemFree:          126736 kB
Active:           388932 kB
Mem:          3.8G       3.7G       123M       5.7M        28M       3.2G

MemTotal:        4016004 kB
MemFree:          110140 kB
Active:           388956 kB
Mem:          3.8G       3.7G       107M       5.7M        28M       3.3G

MemTotal:        4016004 kB
MemFree:          112392 kB
Active:           390208 kB
Mem:          3.8G       3.7G       109M       5.7M        28M       3.3G

MemTotal:        4016004 kB
MemFree:          126952 kB
Active:           388544 kB
Mem:          3.8G       3.7G       122M       5.7M        28M       3.2G

MemTotal:        4016004 kB
MemFree:          111388 kB
Active:           386856 kB
Mem:          3.8G       3.7G       124M       5.7M        28M       3.2G

MemTotal:        4016004 kB
MemFree:          105504 kB
Active:           383168 kB
Mem:          3.8G       3.7G       102M       5.7M        28M       3.3G

MemTotal:        4016004 kB
MemFree:          125500 kB
Active:           379024 kB
Mem:          3.8G       3.7G       121M       5.7M        28M       3.2G

MemTotal:        4016004 kB
MemFree:          127556 kB
Active:           378880 kB
Mem:          3.8G       3.7G       124M       5.7M        28M       3.2G

MemTotal:        4016004 kB
MemFree:          123556 kB
Active:           378896 kB
Mem:          3.8G       3.7G       119M       5.7M        28M       3.3G

MemTotal:        4016004 kB
MemFree:          105232 kB
Active:           378892 kB
Mem:          3.8G       3.7G       102M       5.7M        28M       3.3G

MemTotal:        4016004 kB
MemFree:          112712 kB
Active:           378804 kB
Mem:          3.8G       3.7G       108M       5.7M        28M       3.3G

MemTotal:        4016004 kB
MemFree:          127360 kB
Active:           376268 kB
Mem:          3.8G       3.7G       123M       5.7M        28M       3.2G

MemTotal:        4016004 kB
MemFree:          117100 kB
Active:           376284 kB
Mem:          3.8G       3.7G       113M       5.7M        28M       3.3G

MemTotal:        4016004 kB
MemFree:          109872 kB
Active:           376164 kB
Mem:          3.8G       3.7G       105M       5.7M        28M       3.3G

MemTotal:        4016004 kB
MemFree:          105516 kB
Active:           376180 kB
Mem:          3.8G       3.7G       124M       5.7M        28M       3.2G

MemTotal:        4016004 kB
MemFree:          134860 kB
Active:           376052 kB
Mem:          3.8G       3.7G       131M       5.7M        28M       3.2G

MemTotal:        4016004 kB
MemFree:          134988 kB
Active:           376040 kB
Mem:          3.8G       3.7G       131M       5.7M        28M       3.2G

MemTotal:        4016004 kB
MemFree:          135188 kB
Active:           376044 kB
Mem:          3.8G       3.7G       132M       5.7M        28M       3.2G

MemTotal:        4016004 kB
MemFree:          136704 kB
Active:           376060 kB
Mem:          3.8G       3.7G       132M       5.7M        28M       3.2G

MemTotal:        4016004 kB
MemFree:          138888 kB
Active:           376060 kB
Mem:          3.8G       3.7G       134M       5.7M        28M       3.2G

MemTotal:        4016004 kB
MemFree:          153472 kB
Active:           375984 kB
Mem:          3.8G       3.7G       149M       5.7M        28M       3.2G

MemTotal:        4016004 kB
MemFree:          107108 kB
Active:           375988 kB
Mem:          3.8G       3.7G       103M       5.7M        28M       3.3G

MemTotal:        4016004 kB
MemFree:          115940 kB
Active:           375988 kB
Mem:          3.8G       3.7G       112M       5.7M        28M       3.3G

MemTotal:        4016004 kB
MemFree:          105660 kB
Active:           375988 kB
Mem:          3.8G       3.7G       124M       5.7M        28M       3.2G

MemTotal:        4016004 kB
MemFree:          125524 kB
Active:           375992 kB
Mem:          3.8G       3.7G       121M       5.7M        28M       3.2G

MemTotal:        4016004 kB
MemFree:          119216 kB
Active:           375996 kB
Mem:          3.8G       3.7G       116M       5.7M        28M       3.3G

MemTotal:        4016004 kB
MemFree:          121156 kB
Active:           376016 kB
Mem:          3.8G       3.7G       117M       5.7M        28M       3.3G

MemTotal:        4016004 kB
MemFree:          106412 kB
Active:           376016 kB
Mem:          3.8G       3.7G       102M       5.7M        28M       3.3G

MemTotal:        4016004 kB
MemFree:          125040 kB
Active:           375972 kB
Mem:          3.8G       3.7G       121M       5.7M        28M       3.2G

MemTotal:        4016004 kB
MemFree:          127436 kB
Active:           375976 kB
Mem:          3.8G       3.7G       123M       5.7M        28M       3.2G

MemTotal:        4016004 kB
MemFree:          122104 kB
Active:           375988 kB
Mem:          3.8G       3.7G       118M       5.7M        28M       3.2G

MemTotal:        4016004 kB
MemFree:          107912 kB
Active:           376000 kB
Mem:          3.8G       3.7G       104M       5.7M        28M       3.3G

MemTotal:        4016004 kB
MemFree:          127640 kB
Active:           376008 kB
Mem:          3.8G       3.7G       123M       5.7M        28M       3.2G

MemTotal:        4016004 kB
MemFree:          111208 kB
Active:           375744 kB
Mem:          3.8G       3.7G       108M       5.7M        28M       3.3G

MemTotal:        4016004 kB
MemFree:          126284 kB
Active:           374712 kB
Mem:          3.8G       3.7G       123M       5.7M        28M       3.2G

MemTotal:        4016004 kB
MemFree:          125288 kB
Active:           374600 kB
Mem:          3.8G       3.7G       122M       5.7M        28M       3.2G

MemTotal:        4016004 kB
MemFree:          110500 kB
Active:           374584 kB
Mem:          3.8G       3.7G       107M       5.7M        28M       3.3G

MemTotal:        4016004 kB
MemFree:          124500 kB
Active:           374440 kB
Mem:          3.8G       3.7G       126M       5.7M        28M       3.2G

MemTotal:        4016004 kB
MemFree:          126692 kB
Active:           374308 kB
Mem:          3.8G       3.7G       122M       5.7M        28M       3.2G

MemTotal:        4016004 kB
MemFree:          128828 kB
Active:           374316 kB
Mem:          3.8G       3.7G       124M       5.7M        28M       3.2G

MemTotal:        4016004 kB
MemFree:          139908 kB
Active:           374332 kB
Mem:          3.8G       3.7G       136M       5.7M        28M       3.2G

MemTotal:        4016004 kB
MemFree:          139632 kB
Active:           374316 kB
Mem:          3.8G       3.7G       135M       5.7M        28M       3.2G

MemTotal:        4016004 kB
MemFree:          131404 kB
Active:           372292 kB
Mem:          3.8G       3.7G       127M       5.7M        28M       3.2G

MemTotal:        4016004 kB
MemFree:          132052 kB
Active:           372300 kB
Mem:          3.8G       3.7G       128M       5.7M        28M       3.2G

MemTotal:        4016004 kB
MemFree:          130748 kB
Active:           372280 kB
Mem:          3.8G       3.7G       127M       5.7M        28M       3.2G

MemTotal:        4016004 kB
MemFree:          105352 kB
Active:           372348 kB
Mem:          3.8G       3.7G       102M       5.7M        28M       3.3G

MemTotal:        4016004 kB
MemFree:          128544 kB
Active:           372324 kB
Mem:          3.8G       3.7G       125M       5.7M        28M       3.2G

MemTotal:        4016004 kB
MemFree:          128608 kB
Active:           372348 kB
Mem:          3.8G       3.7G       125M       5.7M        28M       3.2G

MemTotal:        4016004 kB
MemFree:          120788 kB
Active:           372320 kB
Mem:          3.8G       3.7G       117M       5.7M        28M       3.2G

MemTotal:        4016004 kB
MemFree:          123776 kB
Active:           372340 kB
Mem:          3.8G       3.7G       131M       5.7M        28M       3.2G

MemTotal:        4016004 kB
MemFree:          126160 kB
Active:           372348 kB
Mem:          3.8G       3.7G       121M       5.7M        28M       3.2G

MemTotal:        4016004 kB
MemFree:          126976 kB
Active:           372360 kB
Mem:          3.8G       3.7G       124M       5.7M        28M       3.2G

MemTotal:        4016004 kB
MemFree:          123224 kB
Active:           372360 kB
Mem:          3.8G       3.7G       120M       5.7M        28M       3.2G

MemTotal:        4016004 kB
MemFree:          106312 kB
Active:           368228 kB
Mem:          3.8G       3.7G       102M       5.7M        28M       3.3G

MemTotal:        4016004 kB
MemFree:          125172 kB
Active:           368224 kB
Mem:          3.8G       3.7G       121M       5.7M        28M       3.2G

MemTotal:        4016004 kB
MemFree:          125960 kB
Active:           368244 kB
Mem:          3.8G       3.7G       122M       5.7M        28M       3.2G

MemTotal:        4016004 kB
MemFree:          127832 kB
Active:           368224 kB
Mem:          3.8G       3.7G       124M       5.7M        28M       3.2G

MemTotal:        4016004 kB
MemFree:          118128 kB
Active:           368240 kB
Mem:          3.8G       3.7G       115M       5.7M        28M       3.3G

MemTotal:        4016004 kB
MemFree:          125724 kB
Active:           368264 kB
Mem:          3.8G       3.7G       121M       5.7M        28M       3.2G

MemTotal:        4016004 kB
MemFree:          122212 kB
Active:           368264 kB
Mem:          3.8G       3.7G       119M       5.7M        28M       3.2G

MemTotal:        4016004 kB
MemFree:          105456 kB
Active:           368248 kB
Mem:          3.8G       3.7G       102M       5.7M        28M       3.3G

MemTotal:        4016004 kB
MemFree:          115496 kB
Active:           368268 kB
Mem:          3.8G       3.7G       112M       5.7M        28M       3.3G

MemTotal:        4016004 kB
MemFree:          112412 kB
Active:           368252 kB
Mem:          3.8G       3.7G       109M       5.7M        28M       3.3G

MemTotal:        4016004 kB
MemFree:          105784 kB
Active:           365172 kB
Mem:          3.8G       3.7G       125M       5.7M        28M       3.2G

MemTotal:        4016004 kB
MemFree:          123084 kB
Active:           365152 kB
Mem:          3.8G       3.7G       118M       5.7M        28M       3.2G

MemTotal:        4016004 kB
MemFree:          125944 kB
Active:           365144 kB
Mem:          3.8G       3.7G       121M       5.7M        28M       3.2G

MemTotal:        4016004 kB
MemFree:          121828 kB
Active:           365188 kB
Mem:          3.8G       3.7G       117M       5.7M        28M       3.2G

MemTotal:        4016004 kB
MemFree:          105612 kB
Active:           365156 kB
Mem:          3.8G       3.7G       124M       5.7M        28M       3.2G

MemTotal:        4016004 kB
MemFree:          123356 kB
Active:           365192 kB
Mem:          3.8G       3.7G       119M       5.7M        28M       3.2G

MemTotal:        4016004 kB
MemFree:          125304 kB
Active:           365172 kB
Mem:          3.8G       3.7G       120M       5.7M        28M       3.2G

MemTotal:        4016004 kB
MemFree:          126904 kB
Active:           365144 kB
Mem:          3.8G       3.7G       122M       5.7M        28M       3.2G

MemTotal:        4016004 kB
MemFree:          106172 kB
Active:           362836 kB
Mem:          3.8G       3.7G       103M       5.7M        28M       3.3G

MemTotal:        4016004 kB
MemFree:          124320 kB
Active:           362844 kB
Mem:          3.8G       3.7G       120M       5.7M        28M       3.2G

MemTotal:        4016004 kB
MemFree:          126476 kB
Active:           362828 kB
Mem:          3.8G       3.7G       122M       5.7M        28M       3.2G

MemTotal:        4016004 kB
MemFree:          124100 kB
Active:           362848 kB
Mem:          3.8G       3.7G       120M       5.7M        28M       3.2G

MemTotal:        4016004 kB
MemFree:          114272 kB
Active:           362860 kB
Mem:          3.8G       3.7G       110M       5.7M        28M       3.3G

MemTotal:        4016004 kB
MemFree:          130952 kB
Active:           362860 kB
Mem:          3.8G       3.7G       127M       5.7M        28M       3.2G

MemTotal:        4016004 kB
MemFree:          130988 kB
Active:           362864 kB
Mem:          3.8G       3.7G       127M       5.7M        28M       3.2G

MemTotal:        4016004 kB
MemFree:          127540 kB
Active:           362848 kB
Mem:          3.8G       3.7G       123M       5.7M        28M       3.2G

MemTotal:        4016004 kB
MemFree:          112232 kB
Active:           362880 kB
Mem:          3.8G       3.7G       109M       5.7M        28M       3.3G

MemTotal:        4016004 kB
MemFree:          107780 kB
Active:           362880 kB
Mem:          3.8G       3.7G       103M       5.7M        28M       3.3G

MemTotal:        4016004 kB
MemFree:          127672 kB
Active:           362892 kB
Mem:          3.8G       3.7G       123M       5.7M        28M       3.2G

MemTotal:        4016004 kB
MemFree:          134280 kB
Active:           358476 kB
Mem:          3.8G       3.7G       130M       5.7M        28M       3.2G

MemTotal:        4016004 kB
MemFree:          129984 kB
Active:           358436 kB
Mem:          3.8G       3.7G       126M       5.7M        28M       3.2G

MemTotal:        4016004 kB
MemFree:          122264 kB
Active:           358344 kB
Mem:          3.8G       3.7G       118M       5.7M        28M       3.2G

MemTotal:        4016004 kB
MemFree:          122680 kB
Active:           358364 kB
Mem:          3.8G       3.7G       117M       5.7M        28M       3.2G

MemTotal:        4016004 kB
MemFree:          119632 kB
Active:           358336 kB
Mem:          3.8G       3.7G       116M       5.7M        28M       3.2G

MemTotal:        4016004 kB
MemFree:          118704 kB
Active:           358380 kB
Mem:          3.8G       3.7G       116M       5.7M        28M       3.2G

MemTotal:        4016004 kB
MemFree:          113128 kB
Active:           358380 kB
Mem:          3.8G       3.7G       109M       5.7M        28M       3.3G

MemTotal:        4016004 kB
MemFree:          127152 kB
Active:           358328 kB
Mem:          3.8G       3.7G       123M       5.7M        28M       3.2G

MemTotal:        4016004 kB
MemFree:          122472 kB
Active:           358388 kB
Mem:          3.8G       3.7G       119M       5.7M        28M       3.2G

MemTotal:        4016004 kB
MemFree:          133272 kB
Active:           358388 kB
Mem:          3.8G       3.7G       128M       5.7M        28M       3.2G

MemTotal:        4016004 kB
MemFree:          122760 kB
Active:           358396 kB
Mem:          3.8G       3.7G       119M       5.7M        28M       3.2G

MemTotal:        4016004 kB
MemFree:          106776 kB
Active:           358396 kB
Mem:          3.8G       3.7G       103M       5.7M        28M       3.3G

MemTotal:        4016004 kB
MemFree:          127932 kB
Active:           357352 kB
Mem:          3.8G       3.7G       123M       5.7M        28M       3.2G

MemTotal:        4016004 kB
MemFree:          106492 kB
Active:           357396 kB
Mem:          3.8G       3.7G       103M       5.7M        28M       3.3G

MemTotal:        4016004 kB
MemFree:          132536 kB
Active:           357396 kB
Mem:          3.8G       3.7G       128M       5.7M        28M       3.2G

MemTotal:        4016004 kB
MemFree:          116876 kB
Active:           357404 kB
Mem:          3.8G       3.7G       113M       5.7M        28M       3.2G

MemTotal:        4016004 kB
MemFree:          107388 kB
Active:           357408 kB
Mem:          3.8G       3.7G       103M       5.7M        28M       3.3G

MemTotal:        4016004 kB
MemFree:          140256 kB
Active:           357296 kB
Mem:          3.8G       3.7G       136M       5.7M        28M       3.2G

MemTotal:        4016004 kB
MemFree:          140972 kB
Active:           357268 kB
Mem:          3.8G       3.7G       137M       5.7M        28M       3.2G

MemTotal:        4016004 kB
MemFree:          125844 kB
Active:           357316 kB
Mem:          3.8G       3.7G       121M       5.7M        28M       3.2G

MemTotal:        4016004 kB
MemFree:          147448 kB
Active:           357316 kB
Mem:          3.8G       3.7G       143M       5.7M        28M       3.2G

MemTotal:        4016004 kB
MemFree:          127736 kB
Active:           357324 kB
Mem:          3.8G       3.7G       124M       5.7M        28M       3.2G

MemTotal:        4016004 kB
MemFree:          118076 kB
Active:           357328 kB
Mem:          3.8G       3.7G       114M       5.7M        28M       3.2G

MemTotal:        4016004 kB
MemFree:          132968 kB
Active:           357328 kB
Mem:          3.8G       3.7G       128M       5.7M        28M       3.2G

MemTotal:        4016004 kB
MemFree:          122456 kB
Active:           357328 kB
Mem:          3.8G       3.7G       119M       5.7M        28M       3.2G

MemTotal:        4016004 kB
MemFree:          125264 kB
Active:           355920 kB
Mem:          3.8G       3.7G       121M       5.7M        28M       3.2G

MemTotal:        4016004 kB
MemFree:          129128 kB
Active:           355920 kB
Mem:          3.8G       3.7G       124M       5.7M        28M       3.2G

MemTotal:        4016004 kB
MemFree:          138944 kB
Active:           355924 kB
Mem:          3.8G       3.7G       134M       5.7M        28M       3.2G

MemTotal:        4016004 kB
MemFree:          127424 kB
Active:           355896 kB
Mem:          3.8G       3.7G       124M       5.7M        28M       3.2G

MemTotal:        4016004 kB
MemFree:          105140 kB
Active:           355944 kB
Mem:          3.8G       3.7G       102M       5.7M        28M       3.3G

MemTotal:        4016004 kB
MemFree:          128672 kB
Active:           355928 kB
Mem:          3.8G       3.7G       125M       5.7M        28M       3.2G

MemTotal:        4016004 kB
MemFree:          128304 kB
Active:           355964 kB
Mem:          3.8G       3.7G       125M       5.7M        28M       3.2G

MemTotal:        4016004 kB
MemFree:          111816 kB
Active:           355920 kB
Mem:          3.8G       3.7G       108M       5.7M        28M       3.3G

MemTotal:        4016004 kB
MemFree:          120356 kB
Active:           355968 kB
Mem:          3.8G       3.7G       115M       5.7M        28M       3.2G

MemTotal:        4016004 kB
MemFree:          127760 kB
Active:           355968 kB
Mem:          3.8G       3.7G       123M       5.7M        28M       3.2G

MemTotal:        4016004 kB
MemFree:          124364 kB
Active:           355960 kB
Mem:          3.8G       3.7G       120M       5.7M        28M       3.2G

MemTotal:        4016004 kB
MemFree:          126040 kB
Active:           355956 kB
Mem:          3.8G       3.7G       122M       5.7M        28M       3.2G

MemTotal:        4016004 kB
MemFree:          122296 kB
Active:           355976 kB
Mem:          3.8G       3.7G       118M       5.7M        28M       3.2G

MemTotal:        4016004 kB
MemFree:          127364 kB
Active:           353436 kB
Mem:          3.8G       3.7G       123M       5.7M        28M       3.2G

MemTotal:        4016004 kB
MemFree:          120636 kB
Active:           353440 kB
Mem:          3.8G       3.7G       116M       5.7M        28M       3.2G

MemTotal:        4016004 kB
MemFree:          128204 kB
Active:           353476 kB
Mem:          3.8G       3.7G       124M       5.7M        28M       3.2G

MemTotal:        4016004 kB
MemFree:          122136 kB
Active:           353464 kB
Mem:          3.8G       3.7G       118M       5.7M        28M       3.2G

MemTotal:        4016004 kB
MemFree:          105288 kB
Active:           353488 kB
Mem:          3.8G       3.7G       126M       5.7M        28M       3.2G

MemTotal:        4016004 kB
MemFree:          126900 kB
Active:           353496 kB
Mem:          3.8G       3.7G       123M       5.7M        28M       3.2G

MemTotal:        4016004 kB
MemFree:          117312 kB
Active:           353492 kB
Mem:          3.8G       3.7G       113M       5.7M        28M       3.2G

MemTotal:        4016004 kB
MemFree:          128024 kB
Active:           353512 kB
Mem:          3.8G       3.7G       124M       5.7M        28M       3.2G

MemTotal:        4016004 kB
MemFree:          127704 kB
Active:           353460 kB
Mem:          3.8G       3.7G       124M       5.7M        28M       3.2G

MemTotal:        4016004 kB
MemFree:          116096 kB
Active:           353524 kB
Mem:          3.8G       3.7G       112M       5.7M        28M       3.2G

MemTotal:        4016004 kB
MemFree:          133472 kB
Active:           353524 kB
Mem:          3.8G       3.7G       129M       5.7M        28M       3.2G

MemTotal:        4016004 kB
MemFree:          123700 kB
Active:           353524 kB
Mem:          3.8G       3.7G       119M       5.7M        28M       3.2G

MemTotal:        4016004 kB
MemFree:          124348 kB
Active:           353532 kB
Mem:          3.8G       3.7G       120M       5.7M        28M       3.2G

MemTotal:        4016004 kB
MemFree:          135132 kB
Active:           353532 kB
Mem:          3.8G       3.7G       131M       5.7M        28M       3.2G

MemTotal:        4016004 kB
MemFree:          128364 kB
Active:           350792 kB
Mem:          3.8G       3.7G       124M       5.7M        28M       3.2G

MemTotal:        4016004 kB
MemFree:          107668 kB
Active:           350660 kB
Mem:          3.8G       3.7G       103M       5.7M        28M       3.3G

MemTotal:        4016004 kB
MemFree:          117428 kB
Active:           350660 kB
Mem:          3.8G       3.7G       114M       5.7M        28M       3.2G

MemTotal:        4016004 kB
MemFree:          107752 kB
Active:           350672 kB
Mem:          3.8G       3.7G       105M       5.7M        28M       3.3G

MemTotal:        4016004 kB
MemFree:          107660 kB
Active:           350668 kB
Mem:          3.8G       3.7G       105M       5.7M        28M       3.3G

MemTotal:        4016004 kB
MemFree:          106556 kB
Active:           350664 kB
Mem:          3.8G       3.7G       103M       5.7M        28M       3.3G

MemTotal:        4016004 kB
MemFree:          108708 kB
Active:           350684 kB
Mem:          3.8G       3.7G       105M       5.7M        28M       3.3G

MemTotal:        4016004 kB
MemFree:          124096 kB
Active:           350640 kB
Mem:          3.8G       3.7G       120M       5.7M        28M       3.2G

MemTotal:        4016004 kB
MemFree:          114700 kB
Active:           350672 kB
Mem:          3.8G       3.7G       111M       5.7M        28M       3.2G

MemTotal:        4016004 kB
MemFree:          122912 kB
Active:           350688 kB
Mem:          3.8G       3.7G       119M       5.7M        28M       3.2G

MemTotal:        4016004 kB
MemFree:          113128 kB
Active:           350676 kB
Mem:          3.8G       3.7G       109M       5.7M        28M       3.2G

MemTotal:        4016004 kB
MemFree:          127476 kB
Active:           350684 kB
Mem:          3.8G       3.7G       123M       5.7M        28M       3.2G

MemTotal:        4016004 kB
MemFree:          125072 kB
Active:           350696 kB
Mem:          3.8G       3.7G       121M       5.7M        28M       3.2G

MemTotal:        4016004 kB
MemFree:          128756 kB
Active:           350680 kB
Mem:          3.8G       3.7G       124M       5.7M        28M       3.2G

MemTotal:        4016004 kB
MemFree:          130156 kB
Active:           350712 kB
Mem:          3.8G       3.7G       126M       5.7M        28M       3.2G

MemTotal:        4016004 kB
MemFree:          135300 kB
Active:           350704 kB
Mem:          3.8G       3.7G       131M       5.7M        28M       3.2G

MemTotal:        4016004 kB
MemFree:          130600 kB
Active:           350692 kB
Mem:          3.8G       3.7G       127M       5.7M        28M       3.2G

MemTotal:        4016004 kB
MemFree:          123180 kB
Active:           350712 kB
Mem:          3.8G       3.7G       118M       5.7M        28M       3.2G

MemTotal:        4016004 kB
MemFree:          114956 kB
Active:           350732 kB
Mem:          3.8G       3.7G       111M       5.7M        28M       3.2G

MemTotal:        4016004 kB
MemFree:          131220 kB
Active:           350540 kB
Mem:          3.8G       3.7G       126M       5.7M        28M       3.2G

MemTotal:        4016004 kB
MemFree:          115048 kB
Active:           350540 kB
Mem:          3.8G       3.7G       110M       5.7M        28M       3.2G

MemTotal:        4016004 kB
MemFree:          128168 kB
Active:           350540 kB
Mem:          3.8G       3.7G       124M       5.7M        28M       3.2G

MemTotal:        4016004 kB
MemFree:          105952 kB
Active:           350548 kB
Mem:          3.8G       3.7G       102M       5.7M        28M       3.3G

MemTotal:        4016004 kB
MemFree:          125944 kB
Active:           350548 kB
Mem:          3.8G       3.7G       122M       5.7M        28M       3.2G

MemTotal:        4016004 kB
MemFree:          108132 kB
Active:           350404 kB
Mem:          3.8G       3.7G       105M       5.7M        28M       3.3G

MemTotal:        4016004 kB
MemFree:          108380 kB
Active:           350232 kB
Mem:          3.8G       3.7G       105M       5.7M        28M       3.3G

MemTotal:        4016004 kB
MemFree:          108380 kB
Active:           350240 kB
Mem:          3.8G       3.7G       105M       5.7M        28M       3.3G

MemTotal:        4016004 kB
MemFree:          108256 kB
Active:           350196 kB
Mem:          3.8G       3.7G       105M       5.7M        28M       3.3G

MemTotal:        4016004 kB
MemFree:          108504 kB
Active:           350216 kB
Mem:          3.8G       3.7G       105M       5.7M        28M       3.3G

MemTotal:        4016004 kB
MemFree:          108380 kB
Active:           350220 kB
Mem:          3.8G       3.7G       105M       5.7M        28M       3.3G

MemTotal:        4016004 kB
MemFree:          108256 kB
Active:           350228 kB
Mem:          3.8G       3.7G       105M       5.7M        28M       3.3G

MemTotal:        4016004 kB
MemFree:          108132 kB
Active:           350252 kB
Mem:          3.8G       3.7G       105M       5.7M        28M       3.3G

MemTotal:        4016004 kB
MemFree:          108132 kB
Active:           350264 kB
Mem:          3.8G       3.7G       105M       5.7M        28M       3.3G

MemTotal:        4016004 kB
MemFree:          108132 kB
Active:           350220 kB
Mem:          3.8G       3.7G       105M       5.7M        28M       3.3G

MemTotal:        4016004 kB
MemFree:          108132 kB
Active:           350252 kB
Mem:          3.8G       3.7G       105M       5.7M        28M       3.3G

MemTotal:        4016004 kB
MemFree:          108132 kB
Active:           350252 kB
Mem:          3.8G       3.7G       105M       5.7M        28M       3.3G

MemTotal:        4016004 kB
MemFree:          108008 kB
Active:           350272 kB
Mem:          3.8G       3.7G       105M       5.7M        28M       3.3G

MemTotal:        4016004 kB
MemFree:          108380 kB
Active:           350224 kB
Mem:          3.8G       3.7G       105M       5.7M        28M       3.3G

MemTotal:        4016004 kB
MemFree:          107760 kB
Active:           350272 kB
Mem:          3.8G       3.7G       105M       5.7M        28M       3.3G

MemTotal:        4016004 kB
MemFree:          107636 kB
Active:           350272 kB
Mem:          3.8G       3.7G       105M       5.7M        28M       3.3G

MemTotal:        4016004 kB
MemFree:          107884 kB
Active:           350252 kB
Mem:          3.8G       3.7G       105M       5.7M        28M       3.3G

MemTotal:        4016004 kB
MemFree:          108132 kB
Active:           350264 kB
Mem:          3.8G       3.7G       105M       5.7M        28M       3.3G

MemTotal:        4016004 kB
MemFree:          107512 kB
Active:           350272 kB
Mem:          3.8G       3.7G       105M       5.7M        28M       3.3G

MemTotal:        4016004 kB
MemFree:          107884 kB
Active:           350248 kB
Mem:          3.8G       3.7G       105M       5.7M        28M       3.3G

MemTotal:        4016004 kB
MemFree:          107388 kB
Active:           350272 kB
Mem:          3.8G       3.7G       104M       5.7M        28M       3.3G

MemTotal:        4016004 kB
MemFree:          107636 kB
Active:           350260 kB
Mem:          3.8G       3.7G       105M       5.7M        28M       3.3G

MemTotal:        4016004 kB
MemFree:          107636 kB
Active:           350268 kB
Mem:          3.8G       3.7G       105M       5.7M        28M       3.3G

MemTotal:        4016004 kB
MemFree:          107760 kB
Active:           350272 kB
Mem:          3.8G       3.7G       105M       5.7M        28M       3.3G

MemTotal:        4016004 kB
MemFree:          108132 kB
Active:           350224 kB
Mem:          3.8G       3.7G       105M       5.7M        28M       3.3G

MemTotal:        4016004 kB
MemFree:          107512 kB
Active:           350280 kB
Mem:          3.8G       3.7G       105M       5.7M        28M       3.3G

MemTotal:        4016004 kB
MemFree:          107692 kB
Active:           350256 kB
Mem:          3.8G       3.7G       105M       5.7M        28M       3.3G

MemTotal:        4016004 kB
MemFree:          107944 kB
Active:           350256 kB
Mem:          3.8G       3.7G       105M       5.7M        28M       3.3G

MemTotal:        4016004 kB
MemFree:          108228 kB
Active:           350276 kB
Mem:          3.8G       3.7G       105M       5.7M        28M       3.3G

MemTotal:        4016004 kB
MemFree:          108476 kB
Active:           350308 kB
Mem:          3.8G       3.7G       105M       5.7M        28M       3.3G

MemTotal:        4016004 kB
MemFree:          108476 kB
Active:           350272 kB
Mem:          3.8G       3.7G       105M       5.7M        28M       3.3G

MemTotal:        4016004 kB
MemFree:          108476 kB
Active:           350284 kB
Mem:          3.8G       3.7G       105M       5.7M        28M       3.3G

MemTotal:        4016004 kB
MemFree:          108104 kB
Active:           350316 kB
Mem:          3.8G       3.7G       105M       5.7M        28M       3.3G

MemTotal:        4016004 kB
MemFree:          108104 kB
Active:           350316 kB
Mem:          3.8G       3.7G       105M       5.7M        28M       3.3G

MemTotal:        4016004 kB
MemFree:          108476 kB
Active:           350304 kB
Mem:          3.8G       3.7G       105M       5.7M        28M       3.3G

MemTotal:        4016004 kB
MemFree:          108352 kB
Active:           350280 kB
Mem:          3.8G       3.7G       105M       5.7M        28M       3.3G

MemTotal:        4016004 kB
MemFree:          108476 kB
Active:           350324 kB
Mem:          3.8G       3.7G       105M       5.7M        28M       3.3G

MemTotal:        4016004 kB
MemFree:          108476 kB
Active:           350284 kB
Mem:          3.8G       3.7G       105M       5.7M        28M       3.3G

MemTotal:        4016004 kB
MemFree:          108476 kB
Active:           350296 kB
Mem:          3.8G       3.7G       105M       5.7M        28M       3.3G

MemTotal:        4016004 kB
MemFree:          108476 kB
Active:           350292 kB
Mem:          3.8G       3.7G       105M       5.7M        28M       3.3G

MemTotal:        4016004 kB
MemFree:          108476 kB
Active:           350320 kB
Mem:          3.8G       3.7G       105M       5.7M        28M       3.3G

MemTotal:        4016004 kB
MemFree:          108352 kB
Active:           350296 kB
Mem:          3.8G       3.7G       105M       5.7M        28M       3.3G

MemTotal:        4016004 kB
MemFree:          107980 kB
Active:           350336 kB
Mem:          3.8G       3.7G       105M       5.7M        28M       3.3G

MemTotal:        4016004 kB
MemFree:          108228 kB
Active:           350300 kB
Mem:          3.8G       3.7G       105M       5.7M        28M       3.3G

MemTotal:        4016004 kB
MemFree:          108352 kB
Active:           350292 kB
Mem:          3.8G       3.7G       105M       5.7M        28M       3.3G

MemTotal:        4016004 kB
MemFree:          108228 kB
Active:           350328 kB
Mem:          3.8G       3.7G       105M       5.7M        28M       3.3G

MemTotal:        4016004 kB
MemFree:          108228 kB
Active:           350284 kB
Mem:          3.8G       3.7G       105M       5.7M        28M       3.3G

MemTotal:        4016004 kB
MemFree:          108228 kB
Active:           350292 kB
Mem:          3.8G       3.7G       105M       5.7M        28M       3.3G

MemTotal:        4016004 kB
MemFree:          108228 kB
Active:           350340 kB
Mem:          3.8G       3.7G       105M       5.7M        28M       3.3G

MemTotal:        4016004 kB
MemFree:          107980 kB
Active:           350348 kB
Mem:          3.8G       3.7G       105M       5.7M        28M       3.3G

MemTotal:        4016004 kB
MemFree:          108352 kB
Active:           350348 kB
Mem:          3.8G       3.7G       105M       5.7M        28M       3.3G

MemTotal:        4016004 kB
MemFree:          108228 kB
Active:           350316 kB
Mem:          3.8G       3.7G       105M       5.7M        28M       3.3G

MemTotal:        4016004 kB
MemFree:          108228 kB
Active:           350356 kB
Mem:          3.8G       3.7G       105M       5.7M        28M       3.3G

MemTotal:        4016004 kB
MemFree:          108228 kB
Active:           350324 kB
Mem:          3.8G       3.7G       105M       5.7M        28M       3.3G

MemTotal:        4016004 kB
MemFree:          107980 kB
Active:           350356 kB
Mem:          3.8G       3.7G       105M       5.7M        28M       3.3G

MemTotal:        4016004 kB
MemFree:          107856 kB
Active:           350328 kB
Mem:          3.8G       3.7G       105M       5.7M        28M       3.3G

MemTotal:        4016004 kB
MemFree:          107856 kB
Active:           350332 kB
Mem:          3.8G       3.7G       105M       5.7M        28M       3.3G

MemTotal:        4016004 kB
MemFree:          108228 kB
Active:           350372 kB
Mem:          3.8G       3.7G       105M       5.7M        28M       3.3G

MemTotal:        4016004 kB
MemFree:          108352 kB
Active:           350344 kB
Mem:          3.8G       3.7G       105M       5.7M        28M       3.3G

MemTotal:        4016004 kB
MemFree:          108228 kB
Active:           350356 kB
Mem:          3.8G       3.7G       105M       5.7M        28M       3.3G

MemTotal:        4016004 kB
MemFree:          108352 kB
Active:           350364 kB
Mem:          3.8G       3.7G       105M       5.7M        28M       3.3G

MemTotal:        4016004 kB
MemFree:          108368 kB
Active:           350368 kB
Mem:          3.8G       3.7G       105M       5.7M        28M       3.3G

MemTotal:        4016004 kB
MemFree:          108492 kB
Active:           350372 kB
Mem:          3.8G       3.7G       105M       5.7M        28M       3.3G

MemTotal:        4016004 kB
MemFree:          108244 kB
Active:           350344 kB
Mem:          3.8G       3.7G       105M       5.7M        28M       3.3G

MemTotal:        4016004 kB
MemFree:          108244 kB
Active:           350348 kB
Mem:          3.8G       3.7G       105M       5.7M        28M       3.3G

MemTotal:        4016004 kB
MemFree:          108244 kB
Active:           350360 kB
Mem:          3.8G       3.7G       105M       5.7M        28M       3.3G

MemTotal:        4016004 kB
MemFree:          108492 kB
Active:           350356 kB
Mem:          3.8G       3.7G       105M       5.7M        28M       3.3G

MemTotal:        4016004 kB
MemFree:          107996 kB
Active:           350360 kB
Mem:          3.8G       3.7G       105M       5.7M        28M       3.3G

MemTotal:        4016004 kB
MemFree:          107872 kB
Active:           350364 kB
Mem:          3.8G       3.7G       105M       5.7M        28M       3.3G

MemTotal:        4016004 kB
MemFree:          107872 kB
Active:           350344 kB
Mem:          3.8G       3.7G       105M       5.7M        28M       3.3G

MemTotal:        4016004 kB
MemFree:          108120 kB
Active:           350392 kB
Mem:          3.8G       3.7G       105M       5.7M        28M       3.3G

MemTotal:        4016004 kB
MemFree:          108120 kB
Active:           350372 kB
Mem:          3.8G       3.7G       105M       5.7M        28M       3.3G

MemTotal:        4016004 kB
MemFree:          108244 kB
Active:           350384 kB
Mem:          3.8G       3.7G       105M       5.7M        28M       3.3G

MemTotal:        4016004 kB
MemFree:          108120 kB
Active:           350372 kB
Mem:          3.8G       3.7G       105M       5.7M        28M       3.3G

MemTotal:        4016004 kB
MemFree:          108120 kB
Active:           350372 kB
Mem:          3.8G       3.7G       105M       5.7M        28M       3.3G

MemTotal:        4016004 kB
MemFree:          107996 kB
Active:           350380 kB
Mem:          3.8G       3.7G       105M       5.7M        28M       3.3G

MemTotal:        4016004 kB
MemFree:          108216 kB
Active:           350364 kB
Mem:          3.8G       3.7G       105M       5.7M        28M       3.3G

MemTotal:        4016004 kB
MemFree:          108092 kB
Active:           350400 kB
Mem:          3.8G       3.7G       105M       5.7M        28M       3.3G

MemTotal:        4016004 kB
MemFree:          108092 kB
Active:           350404 kB
Mem:          3.8G       3.7G       105M       5.7M        28M       3.3G

MemTotal:        4016004 kB
MemFree:          107968 kB
Active:           350396 kB
Mem:          3.8G       3.7G       105M       5.7M        28M       3.3G

MemTotal:        4016004 kB
MemFree:          108092 kB
Active:           350364 kB
Mem:          3.8G       3.7G       105M       5.7M        28M       3.3G

MemTotal:        4016004 kB
MemFree:          108092 kB
Active:           350352 kB
Mem:          3.8G       3.7G       105M       5.7M        28M       3.3G

MemTotal:        4016004 kB
MemFree:          108340 kB
Active:           350396 kB
Mem:          3.8G       3.7G       105M       5.7M        28M       3.3G

MemTotal:        4016004 kB
MemFree:          108340 kB
Active:           350356 kB
Mem:          3.8G       3.7G       105M       5.7M        28M       3.3G

MemTotal:        4016004 kB
MemFree:          108340 kB
Active:           350356 kB
Mem:          3.8G       3.7G       105M       5.7M        28M       3.3G

MemTotal:        4016004 kB
MemFree:          108216 kB
Active:           350432 kB
Mem:          3.8G       3.7G       105M       5.7M        28M       3.3G

MemTotal:        4016004 kB
MemFree:          108092 kB
Active:           350408 kB
Mem:          3.8G       3.7G       105M       5.7M        28M       3.3G

MemTotal:        4016004 kB
MemFree:          108324 kB
Active:           350516 kB
Mem:          3.8G       3.7G       105M       5.7M        28M       3.3G

MemTotal:        4016004 kB
MemFree:          108200 kB
Active:           350520 kB
Mem:          3.8G       3.7G       105M       5.7M        28M       3.3G

MemTotal:        4016004 kB
MemFree:          108572 kB
Active:           350484 kB
Mem:          3.8G       3.7G       106M       5.7M        28M       3.3G

MemTotal:        4016004 kB
MemFree:          108820 kB
Active:           350484 kB
Mem:          3.8G       3.7G       106M       5.7M        28M       3.3G

MemTotal:        4016004 kB
MemFree:          108820 kB
Active:           350528 kB
Mem:          3.8G       3.7G       106M       5.7M        28M       3.3G

MemTotal:        4016004 kB
MemFree:          109192 kB
Active:           350524 kB
Mem:          3.8G       3.7G       106M       5.7M        28M       3.3G

MemTotal:        4016004 kB
MemFree:          109192 kB
Active:           350536 kB
Mem:          3.8G       3.7G       106M       5.7M        28M       3.3G

MemTotal:        4016004 kB
MemFree:          109068 kB
Active:           350524 kB
Mem:          3.8G       3.7G       106M       5.7M        28M       3.3G

MemTotal:        4016004 kB
MemFree:          109068 kB
Active:           350516 kB
Mem:          3.8G       3.7G       106M       5.7M        28M       3.3G

MemTotal:        4016004 kB
MemFree:          109068 kB
Active:           350508 kB
Mem:          3.8G       3.7G       106M       5.7M        28M       3.3G

MemTotal:        4016004 kB
MemFree:          109068 kB
Active:           350508 kB
Mem:          3.8G       3.7G       106M       5.7M        28M       3.3G

MemTotal:        4016004 kB
MemFree:          109208 kB
Active:           350544 kB
Mem:          3.8G       3.7G       106M       5.7M        28M       3.3G

MemTotal:        4016004 kB
MemFree:          109084 kB
Active:           350504 kB
Mem:          3.8G       3.7G       106M       5.7M        28M       3.3G

MemTotal:        4016004 kB
MemFree:          109084 kB
Active:           350544 kB
Mem:          3.8G       3.7G       106M       5.7M        28M       3.3G

MemTotal:        4016004 kB
MemFree:          109084 kB
Active:           350508 kB
Mem:          3.8G       3.7G       106M       5.7M        28M       3.3G

MemTotal:        4016004 kB
MemFree:          109208 kB
Active:           350544 kB
Mem:          3.8G       3.7G       106M       5.7M        28M       3.3G

MemTotal:        4016004 kB
MemFree:          109224 kB
Active:           350536 kB
Mem:          3.8G       3.7G       106M       5.7M        28M       3.3G

MemTotal:        4016004 kB
MemFree:          109100 kB
Active:           350544 kB
Mem:          3.8G       3.7G       106M       5.7M        28M       3.3G

MemTotal:        4016004 kB
MemFree:          108728 kB
Active:           350512 kB
Mem:          3.8G       3.7G       106M       5.7M        28M       3.3G

MemTotal:        4016004 kB
MemFree:          108604 kB
Active:           350512 kB
Mem:          3.8G       3.7G       106M       5.7M        28M       3.3G

MemTotal:        4016004 kB
MemFree:          108728 kB
Active:           350536 kB
Mem:          3.8G       3.7G       106M       5.7M        28M       3.3G

MemTotal:        4016004 kB
MemFree:          108728 kB
Active:           350552 kB
Mem:          3.8G       3.7G       106M       5.7M        28M       3.3G

MemTotal:        4016004 kB
MemFree:          108976 kB
Active:           350548 kB
Mem:          3.8G       3.7G       106M       5.7M        28M       3.3G

MemTotal:        4016004 kB
MemFree:          109100 kB
Active:           350524 kB
Mem:          3.8G       3.7G       106M       5.7M        28M       3.3G

MemTotal:        4016004 kB
MemFree:          109100 kB
Active:           350552 kB
Mem:          3.8G       3.7G       106M       5.7M        28M       3.3G

MemTotal:        4016004 kB
MemFree:          108976 kB
Active:           350524 kB
Mem:          3.8G       3.7G       106M       5.7M        28M       3.3G

MemTotal:        4016004 kB
MemFree:          108604 kB
Active:           350568 kB
Mem:          3.8G       3.7G       105M       5.7M        28M       3.3G

MemTotal:        4016004 kB
MemFree:          108728 kB
Active:           350536 kB
Mem:          3.8G       3.7G       106M       5.7M        28M       3.3G

MemTotal:        4016004 kB
MemFree:          108728 kB
Active:           350512 kB
Mem:          3.8G       3.7G       106M       5.7M        28M       3.3G

MemTotal:        4016004 kB
MemFree:          108480 kB
Active:           350568 kB
Mem:          3.8G       3.7G       106M       5.7M        28M       3.3G

MemTotal:        4016004 kB
MemFree:          108852 kB
Active:           350564 kB
Mem:          3.8G       3.7G       106M       5.7M        28M       3.3G

MemTotal:        4016004 kB
MemFree:          108852 kB
Active:           350544 kB
Mem:          3.8G       3.7G       105M       5.7M        28M       3.3G

MemTotal:        4016004 kB
MemFree:          108728 kB
Active:           350572 kB
Mem:          3.8G       3.7G       106M       5.7M        28M       3.3G

MemTotal:        4016004 kB
MemFree:          108728 kB
Active:           350536 kB
Mem:          3.8G       3.7G       106M       5.7M        28M       3.3G

MemTotal:        4016004 kB
MemFree:          108604 kB
Active:           350536 kB
Mem:          3.8G       3.7G       105M       5.7M        28M       3.3G

MemTotal:        4016004 kB
MemFree:          108976 kB
Active:           350536 kB
Mem:          3.8G       3.7G       106M       5.7M        28M       3.3G

MemTotal:        4016004 kB
MemFree:          108604 kB
Active:           350576 kB
Mem:          3.8G       3.7G       106M       5.7M        28M       3.3G

MemTotal:        4016004 kB
MemFree:          108728 kB
Active:           350580 kB
Mem:          3.8G       3.7G       106M       5.7M        28M       3.3G

MemTotal:        4016004 kB
MemFree:          108728 kB
Active:           350576 kB
Mem:          3.8G       3.7G       106M       5.7M        28M       3.3G

MemTotal:        4016004 kB
MemFree:          108728 kB
Active:           350560 kB
Mem:          3.8G       3.7G       106M       5.7M        28M       3.3G

MemTotal:        4016004 kB
MemFree:          108728 kB
Active:           350592 kB
Mem:          3.8G       3.7G       106M       5.7M        28M       3.3G

MemTotal:        4016004 kB
MemFree:          108728 kB
Active:           350592 kB
Mem:          3.8G       3.7G       106M       5.7M        28M       3.3G

MemTotal:        4016004 kB
MemFree:          108852 kB
Active:           350556 kB
Mem:          3.8G       3.7G       106M       5.7M        28M       3.3G

MemTotal:        4016004 kB
MemFree:          108728 kB
Active:           350576 kB
Mem:          3.8G       3.7G       106M       5.7M        28M       3.3G

MemTotal:        4016004 kB
MemFree:          108728 kB
Active:           350600 kB
Mem:          3.8G       3.7G       106M       5.7M        28M       3.3G

MemTotal:        4016004 kB
MemFree:          108852 kB
Active:           350572 kB
Mem:          3.8G       3.7G       106M       5.7M        28M       3.3G

MemTotal:        4016004 kB
MemFree:          108852 kB
Active:           350604 kB
Mem:          3.8G       3.7G       106M       5.7M        28M       3.3G

MemTotal:        4016004 kB
MemFree:          108852 kB
Active:           350588 kB
Mem:          3.8G       3.7G       106M       5.7M        28M       3.3G

MemTotal:        4016004 kB
MemFree:          108480 kB
Active:           350604 kB
Mem:          3.8G       3.7G       106M       5.7M        28M       3.3G

MemTotal:        4016004 kB
MemFree:          108852 kB
Active:           350556 kB
Mem:          3.8G       3.7G       106M       5.7M        28M       3.3G

MemTotal:        4016004 kB
MemFree:          108852 kB
Active:           350604 kB
Mem:          3.8G       3.7G       106M       5.7M        28M       3.3G

MemTotal:        4016004 kB
MemFree:          108852 kB
Active:           350568 kB
Mem:          3.8G       3.7G       106M       5.7M        28M       3.3G

MemTotal:        4016004 kB
MemFree:          108852 kB
Active:           350608 kB
Mem:          3.8G       3.7G       106M       5.7M        28M       3.3G

MemTotal:        4016004 kB
MemFree:          108604 kB
Active:           350580 kB
Mem:          3.8G       3.7G       106M       5.7M        28M       3.3G

MemTotal:        4016004 kB
MemFree:          108728 kB
Active:           350612 kB
Mem:          3.8G       3.7G       106M       5.7M        28M       3.3G

MemTotal:        4016004 kB
MemFree:          108976 kB
Active:           350568 kB
Mem:          3.8G       3.7G       106M       5.7M        28M       3.3G

MemTotal:        4016004 kB
MemFree:          108852 kB
Active:           350612 kB
Mem:          3.8G       3.7G       106M       5.7M        28M       3.3G

MemTotal:        4016004 kB
MemFree:          108356 kB
Active:           350612 kB
Mem:          3.8G       3.7G       106M       5.7M        28M       3.3G

MemTotal:        4016004 kB
MemFree:          108728 kB
Active:           350604 kB
Mem:          3.8G       3.7G       106M       5.7M        28M       3.3G

MemTotal:        4016004 kB
MemFree:          108852 kB
Active:           350572 kB
Mem:          3.8G       3.7G       106M       5.7M        28M       3.3G

MemTotal:        4016004 kB
MemFree:          108852 kB
Active:           350608 kB
Mem:          3.8G       3.7G       106M       5.7M        28M       3.3G

MemTotal:        4016004 kB
MemFree:          108604 kB
Active:           350620 kB
Mem:          3.8G       3.7G       106M       5.7M        28M       3.3G

MemTotal:        4016004 kB
MemFree:          108852 kB
Active:           350592 kB
Mem:          3.8G       3.7G       106M       5.7M        28M       3.3G

MemTotal:        4016004 kB
MemFree:          108728 kB
Active:           350612 kB
Mem:          3.8G       3.7G       106M       5.7M        28M       3.3G

MemTotal:        4016004 kB
MemFree:          108976 kB
Active:           350576 kB
Mem:          3.8G       3.7G       106M       5.7M        28M       3.3G

MemTotal:        4016004 kB
MemFree:          108852 kB
Active:           350592 kB
Mem:          3.8G       3.7G       106M       5.7M        28M       3.3G

MemTotal:        4016004 kB
MemFree:          108852 kB
Active:           350616 kB
Mem:          3.8G       3.7G       106M       5.7M        28M       3.3G

MemTotal:        4016004 kB
MemFree:          108604 kB
Active:           350636 kB
Mem:          3.8G       3.7G       106M       5.7M        28M       3.3G

MemTotal:        4016004 kB
MemFree:          108852 kB
Active:           350636 kB
Mem:          3.8G       3.7G       106M       5.7M        28M       3.3G

MemTotal:        4016004 kB
MemFree:          108852 kB
Active:           350612 kB
Mem:          3.8G       3.7G       106M       5.7M        28M       3.3G

MemTotal:        4016004 kB
MemFree:          108852 kB
Active:           350632 kB
Mem:          3.8G       3.7G       106M       5.7M        28M       3.3G

MemTotal:        4016004 kB
MemFree:          108852 kB
Active:           350596 kB
Mem:          3.8G       3.7G       106M       5.7M        28M       3.3G

MemTotal:        4016004 kB
MemFree:          108976 kB
Active:           350640 kB
Mem:          3.8G       3.7G       106M       5.7M        28M       3.3G

MemTotal:        4016004 kB
MemFree:          108976 kB
Active:           350636 kB
Mem:          3.8G       3.7G       106M       5.7M        28M       3.3G

MemTotal:        4016004 kB
MemFree:          108976 kB
Active:           350616 kB
Mem:          3.8G       3.7G       106M       5.7M        28M       3.3G

MemTotal:        4016004 kB
MemFree:          108976 kB
Active:           350616 kB
Mem:          3.8G       3.7G       106M       5.7M        28M       3.3G

MemTotal:        4016004 kB
MemFree:          108976 kB
Active:           350652 kB
Mem:          3.8G       3.7G       106M       5.7M        28M       3.3G

MemTotal:        4016004 kB
MemFree:          108852 kB
Active:           350620 kB
Mem:          3.8G       3.7G       106M       5.7M        28M       3.3G

MemTotal:        4016004 kB
MemFree:          108976 kB
Active:           350616 kB
Mem:          3.8G       3.7G       106M       5.7M        28M       3.3G

MemTotal:        4016004 kB
MemFree:          108852 kB
Active:           350652 kB
Mem:          3.8G       3.7G       106M       5.7M        28M       3.3G

MemTotal:        4016004 kB
MemFree:          108976 kB
Active:           350660 kB
Mem:          3.8G       3.7G       106M       5.7M        28M       3.3G

MemTotal:        4016004 kB
MemFree:          108232 kB
Active:           350660 kB
Mem:          3.8G       3.7G       105M       5.7M        28M       3.3G

MemTotal:        4016004 kB
MemFree:          108480 kB
Active:           350616 kB
Mem:          3.8G       3.7G       105M       5.7M        28M       3.3G

MemTotal:        4016004 kB
MemFree:          108480 kB
Active:           350652 kB
Mem:          3.8G       3.7G       105M       5.7M        28M       3.3G

MemTotal:        4016004 kB
MemFree:          108356 kB
Active:           350648 kB
Mem:          3.8G       3.7G       105M       5.7M        28M       3.3G

MemTotal:        4016004 kB
MemFree:          108232 kB
Active:           350632 kB
Mem:          3.8G       3.7G       105M       5.7M        28M       3.3G

MemTotal:        4016004 kB
MemFree:          106604 kB
Active:           350784 kB
Mem:          3.8G       3.7G       104M       5.7M        28M       3.3G

MemTotal:        4016004 kB
MemFree:          107240 kB
Active:           350736 kB
Mem:          3.8G       3.7G       104M       5.7M        28M       3.3G

MemTotal:        4016004 kB
MemFree:          107240 kB
Active:           350736 kB
Mem:          3.8G       3.7G       104M       5.7M        28M       3.3G

MemTotal:        4016004 kB
MemFree:          107240 kB
Active:           350748 kB
Mem:          3.8G       3.7G       104M       5.7M        28M       3.3G

MemTotal:        4016004 kB
MemFree:          107116 kB
Active:           350748 kB
Mem:          3.8G       3.7G       104M       5.7M        28M       3.3G

MemTotal:        4016004 kB
MemFree:          107116 kB
Active:           350752 kB
Mem:          3.8G       3.7G       104M       5.7M        28M       3.3G

MemTotal:        4016004 kB
MemFree:          107240 kB
Active:           350764 kB
Mem:          3.8G       3.7G       104M       5.7M        28M       3.3G

MemTotal:        4016004 kB
MemFree:          107116 kB
Active:           350772 kB
Mem:          3.8G       3.7G       104M       5.7M        28M       3.3G

MemTotal:        4016004 kB
MemFree:          107116 kB
Active:           350796 kB
Mem:          3.8G       3.7G       104M       5.7M        28M       3.3G

MemTotal:        4016004 kB
MemFree:          107116 kB
Active:           350796 kB
Mem:          3.8G       3.7G       104M       5.7M        28M       3.3G

MemTotal:        4016004 kB
MemFree:          107240 kB
Active:           350756 kB
Mem:          3.8G       3.7G       104M       5.7M        28M       3.3G

MemTotal:        4016004 kB
MemFree:          106992 kB
Active:           350764 kB
Mem:          3.8G       3.7G       104M       5.7M        28M       3.3G

MemTotal:        4016004 kB
MemFree:          106868 kB
Active:           350760 kB
Mem:          3.8G       3.7G       104M       5.7M        28M       3.3G

MemTotal:        4016004 kB
MemFree:          106868 kB
Active:           350788 kB
Mem:          3.8G       3.7G       104M       5.7M        28M       3.3G

MemTotal:        4016004 kB
MemFree:          106868 kB
Active:           350776 kB
Mem:          3.8G       3.7G       104M       5.7M        28M       3.3G

MemTotal:        4016004 kB
MemFree:          106496 kB
Active:           350812 kB
Mem:          3.8G       3.7G       104M       5.7M        28M       3.3G

MemTotal:        4016004 kB
MemFree:          106992 kB
Active:           350800 kB
Mem:          3.8G       3.7G       104M       5.7M        28M       3.3G

MemTotal:        4016004 kB
MemFree:          107240 kB
Active:           350776 kB
Mem:          3.8G       3.7G       104M       5.7M        28M       3.3G

MemTotal:        4016004 kB
MemFree:          107240 kB
Active:           350800 kB
Mem:          3.8G       3.7G       104M       5.7M        28M       3.3G

MemTotal:        4016004 kB
MemFree:          107240 kB
Active:           350756 kB
Mem:          3.8G       3.7G       104M       5.7M        28M       3.3G

MemTotal:        4016004 kB
MemFree:          107240 kB
Active:           350780 kB
Mem:          3.8G       3.7G       104M       5.7M        28M       3.3G

MemTotal:        4016004 kB
MemFree:          107240 kB
Active:           350792 kB
Mem:          3.8G       3.7G       104M       5.7M        28M       3.3G

MemTotal:        4016004 kB
MemFree:          107240 kB
Active:           350820 kB
Mem:          3.8G       3.7G       104M       5.7M        28M       3.3G

MemTotal:        4016004 kB
MemFree:          107240 kB
Active:           350820 kB
Mem:          3.8G       3.7G       104M       5.7M        28M       3.3G

MemTotal:        4016004 kB
MemFree:          107240 kB
Active:           350780 kB
Mem:          3.8G       3.7G       104M       5.7M        28M       3.3G

MemTotal:        4016004 kB
MemFree:          106992 kB
Active:           350788 kB
Mem:          3.8G       3.7G       104M       5.7M        28M       3.3G

MemTotal:        4016004 kB
MemFree:          107240 kB
Active:           350820 kB
Mem:          3.8G       3.7G       104M       5.7M        28M       3.3G

MemTotal:        4016004 kB
MemFree:          106744 kB
Active:           350820 kB
Mem:          3.8G       3.7G       104M       5.7M        28M       3.3G

MemTotal:        4016004 kB
MemFree:          107116 kB
Active:           350812 kB
Mem:          3.8G       3.7G       104M       5.7M        28M       3.3G

MemTotal:        4016004 kB
MemFree:          107240 kB
Active:           350788 kB
Mem:          3.8G       3.7G       104M       5.7M        28M       3.3G

MemTotal:        4016004 kB
MemFree:          107240 kB
Active:           350820 kB
Mem:          3.8G       3.7G       104M       5.7M        28M       3.3G

MemTotal:        4016004 kB
MemFree:          107240 kB
Active:           350788 kB
Mem:          3.8G       3.7G       104M       5.7M        28M       3.3G

MemTotal:        4016004 kB
MemFree:          107116 kB
Active:           350792 kB
Mem:          3.8G       3.7G       104M       5.7M        28M       3.3G

MemTotal:        4016004 kB
MemFree:          107896 kB
Active:           350416 kB
Mem:          3.8G       3.7G       105M       5.7M        28M       3.3G

MemTotal:        4016004 kB
MemFree:          108144 kB
Active:           350412 kB
Mem:          3.8G       3.7G       105M       5.7M        28M       3.3G

MemTotal:        4016004 kB
MemFree:          108144 kB
Active:           350420 kB
Mem:          3.8G       3.7G       105M       5.7M        28M       3.3G

MemTotal:        4016004 kB
MemFree:          108268 kB
Active:           350380 kB
Mem:          3.8G       3.7G       105M       5.7M        28M       3.3G

MemTotal:        4016004 kB
MemFree:          107648 kB
Active:           350432 kB
Mem:          3.8G       3.7G       105M       5.7M        28M       3.3G

MemTotal:        4016004 kB
MemFree:          108020 kB
Active:           350416 kB
Mem:          3.8G       3.7G       105M       5.7M        28M       3.3G

MemTotal:        4016004 kB
MemFree:          107772 kB
Active:           350432 kB
Mem:          3.8G       3.7G       105M       5.7M        28M       3.3G

MemTotal:        4016004 kB
MemFree:          107772 kB
Active:           350432 kB
Mem:          3.8G       3.7G       105M       5.7M        28M       3.3G

MemTotal:        4016004 kB
MemFree:          108020 kB
Active:           350436 kB
Mem:          3.8G       3.7G       105M       5.7M        28M       3.3G

MemTotal:        4016004 kB
MemFree:          108020 kB
Active:           350408 kB
Mem:          3.8G       3.7G       105M       5.7M        28M       3.3G

MemTotal:        4016004 kB
MemFree:          107772 kB
Active:           350452 kB
Mem:          3.8G       3.7G       105M       5.7M        28M       3.3G

MemTotal:        4016004 kB
MemFree:          107772 kB
Active:           350452 kB
Mem:          3.8G       3.7G       105M       5.7M        28M       3.3G

MemTotal:        4016004 kB
MemFree:          108144 kB
Active:           350400 kB
Mem:          3.8G       3.7G       105M       5.7M        28M       3.3G

MemTotal:        4016004 kB
MemFree:          107772 kB
Active:           350452 kB
Mem:          3.8G       3.7G       105M       5.7M        28M       3.3G

MemTotal:        4016004 kB
MemFree:          108144 kB
Active:           350440 kB
Mem:          3.8G       3.7G       105M       5.7M        28M       3.3G

MemTotal:        4016004 kB
MemFree:          108144 kB
Active:           350400 kB
Mem:          3.8G       3.7G       105M       5.7M        28M       3.3G

MemTotal:        4016004 kB
MemFree:          108144 kB
Active:           350420 kB
Mem:          3.8G       3.7G       105M       5.7M        28M       3.3G

MemTotal:        4016004 kB
MemFree:          107648 kB
Active:           350460 kB
Mem:          3.8G       3.7G       105M       5.7M        28M       3.3G

MemTotal:        4016004 kB
MemFree:          107648 kB
Active:           350460 kB
Mem:          3.8G       3.7G       105M       5.7M        28M       3.3G

MemTotal:        4016004 kB
MemFree:          107896 kB
Active:           350448 kB
Mem:          3.8G       3.7G       105M       5.7M        28M       3.3G

MemTotal:        4016004 kB
MemFree:          107524 kB
Active:           350460 kB
Mem:          3.8G       3.7G       105M       5.7M        28M       3.3G

MemTotal:        4016004 kB
MemFree:          108020 kB
Active:           350420 kB
Mem:          3.8G       3.7G       105M       5.7M        28M       3.3G

MemTotal:        4016004 kB
MemFree:          107648 kB
Active:           350424 kB
Mem:          3.8G       3.7G       105M       5.7M        28M       3.3G

MemTotal:        4016004 kB
MemFree:          108144 kB
Active:           350456 kB
Mem:          3.8G       3.7G       105M       5.7M        28M       3.3G

MemTotal:        4016004 kB
MemFree:          107896 kB
Active:           350476 kB
Mem:          3.8G       3.7G       105M       5.7M        28M       3.3G

MemTotal:        4016004 kB
MemFree:          107896 kB
Active:           350444 kB
Mem:          3.8G       3.7G       105M       5.7M        28M       3.3G

MemTotal:        4016004 kB
MemFree:          107780 kB
Active:           350436 kB
Mem:          3.8G       3.7G       105M       5.7M        28M       3.3G

MemTotal:        4016004 kB
MemFree:          107532 kB
Active:           350484 kB
Mem:          3.8G       3.7G       105M       5.7M        28M       3.3G

MemTotal:        4016004 kB
MemFree:          107780 kB
Active:           350460 kB
Mem:          3.8G       3.7G       105M       5.7M        28M       3.3G

MemTotal:        4016004 kB
MemFree:          108028 kB
Active:           350456 kB
