MemTotal:        4016004 kB
MemFree:         3224388 kB
Active:           437360 kB
Mem:          3.8G       773M       3.1G       5.7M        60M       323M

MemTotal:        4016004 kB
MemFree:         3224260 kB
Active:           438184 kB
Mem:          3.8G       773M       3.1G       5.7M        60M       323M

MemTotal:        4016004 kB
MemFree:         3223996 kB
Active:           438276 kB
Mem:          3.8G       773M       3.1G       5.7M        60M       323M

MemTotal:        4016004 kB
MemFree:         3221248 kB
Active:           438268 kB
Mem:          3.8G       776M       3.1G       5.7M        60M       323M

MemTotal:        4016004 kB
MemFree:         3221496 kB
Active:           440268 kB
Mem:          3.8G       776M       3.1G       5.7M        60M       323M

MemTotal:        4016004 kB
MemFree:         3221496 kB
Active:           440268 kB
Mem:          3.8G       775M       3.1G       5.7M        60M       323M

MemTotal:        4016004 kB
MemFree:         3221232 kB
Active:           440324 kB
Mem:          3.8G       776M       3.1G       5.7M        60M       323M

MemTotal:        4016004 kB
MemFree:         3220596 kB
Active:           440324 kB
Mem:          3.8G       776M       3.1G       5.7M        60M       323M

MemTotal:        4016004 kB
MemFree:         3220208 kB
Active:           440324 kB
Mem:          3.8G       776M       3.1G       5.7M        60M       323M

MemTotal:        4016004 kB
MemFree:         3220688 kB
Active:           440288 kB
Mem:          3.8G       776M       3.1G       5.7M        60M       323M

MemTotal:        4016004 kB
MemFree:         3220936 kB
Active:           440316 kB
Mem:          3.8G       776M       3.1G       5.7M        60M       323M

MemTotal:        4016004 kB
MemFree:         3220688 kB
Active:           440300 kB
Mem:          3.8G       776M       3.1G       5.7M        60M       323M

MemTotal:        4016004 kB
MemFree:         3220548 kB
Active:           440276 kB
Mem:          3.8G       776M       3.1G       5.7M        60M       323M

MemTotal:        4016004 kB
MemFree:         3220372 kB
Active:           438280 kB
Mem:          3.8G       777M       3.1G       5.7M        60M       323M

MemTotal:        4016004 kB
MemFree:         3220372 kB
Active:           440324 kB
Mem:          3.8G       776M       3.1G       5.7M        60M       323M

MemTotal:        4016004 kB
MemFree:         3220604 kB
Active:           440316 kB
Mem:          3.8G       776M       3.1G       5.7M        60M       323M

MemTotal:        4016004 kB
MemFree:         3220588 kB
Active:           440296 kB
Mem:          3.8G       776M       3.1G       5.7M        60M       323M

MemTotal:        4016004 kB
MemFree:         3220696 kB
Active:           440280 kB
Mem:          3.8G       776M       3.1G       5.7M        60M       323M

MemTotal:        4016004 kB
MemFree:         3220696 kB
Active:           440304 kB
Mem:          3.8G       776M       3.1G       5.7M        60M       323M

MemTotal:        4016004 kB
MemFree:         3220556 kB
Active:           440320 kB
Mem:          3.8G       776M       3.1G       5.7M        60M       323M

MemTotal:        4016004 kB
MemFree:         3221052 kB
Active:           440312 kB
Mem:          3.8G       776M       3.1G       5.7M        60M       323M

MemTotal:        4016004 kB
MemFree:         3221192 kB
Active:           440332 kB
Mem:          3.8G       776M       3.1G       5.7M        60M       323M

MemTotal:        4016004 kB
MemFree:         3221192 kB
Active:           440308 kB
Mem:          3.8G       776M       3.1G       5.7M        60M       323M

MemTotal:        4016004 kB
MemFree:         3220136 kB
Active:           438304 kB
Mem:          3.8G       776M       3.1G       5.7M        60M       323M

MemTotal:        4016004 kB
MemFree:         3220508 kB
Active:           440332 kB
Mem:          3.8G       776M       3.1G       5.7M        60M       323M

MemTotal:        4016004 kB
MemFree:         3220260 kB
Active:           440352 kB
Mem:          3.8G       776M       3.1G       5.7M        60M       323M

MemTotal:        4016004 kB
MemFree:         3220508 kB
Active:           440348 kB
Mem:          3.8G       776M       3.1G       5.7M        60M       323M

MemTotal:        4016004 kB
MemFree:         3220260 kB
Active:           440356 kB
Mem:          3.8G       777M       3.1G       5.7M        60M       323M

MemTotal:        4016004 kB
MemFree:         3220600 kB
Active:           440312 kB
Mem:          3.8G       776M       3.1G       5.7M        60M       323M

MemTotal:        4016004 kB
MemFree:         3220600 kB
Active:           440352 kB
Mem:          3.8G       776M       3.1G       5.7M        60M       323M

MemTotal:        4016004 kB
MemFree:         3220600 kB
Active:           440332 kB
Mem:          3.8G       776M       3.1G       5.7M        60M       323M

MemTotal:        4016004 kB
MemFree:         3220476 kB
Active:           440312 kB
Mem:          3.8G       776M       3.1G       5.7M        60M       323M

MemTotal:        4016004 kB
MemFree:         3220476 kB
Active:           440328 kB
Mem:          3.8G       777M       3.1G       5.7M        60M       323M

MemTotal:        4016004 kB
MemFree:         3220348 kB
Active:           440332 kB
Mem:          3.8G       777M       3.1G       5.7M        60M       323M

MemTotal:        4016004 kB
MemFree:         3220072 kB
Active:           440388 kB
Mem:          3.8G       777M       3.1G       5.7M        60M       323M

MemTotal:        4016004 kB
MemFree:         3220568 kB
Active:           440384 kB
Mem:          3.8G       776M       3.1G       5.7M        60M       323M

MemTotal:        4016004 kB
MemFree:         3220692 kB
Active:           440356 kB
Mem:          3.8G       776M       3.1G       5.7M        60M       323M

MemTotal:        4016004 kB
MemFree:         3220816 kB
Active:           440344 kB
Mem:          3.8G       776M       3.1G       5.7M        60M       323M

MemTotal:        4016004 kB
MemFree:         3220444 kB
Active:           440392 kB
Mem:          3.8G       776M       3.1G       5.7M        60M       323M

MemTotal:        4016004 kB
MemFree:         3220816 kB
Active:           440356 kB
Mem:          3.8G       776M       3.1G       5.7M        60M       323M

MemTotal:        4016004 kB
MemFree:         3220676 kB
Active:           440396 kB
Mem:          3.8G       776M       3.1G       5.7M        60M       323M

MemTotal:        4016004 kB
MemFree:         3220304 kB
Active:           440400 kB
Mem:          3.8G       776M       3.1G       5.7M        60M       323M

MemTotal:        4016004 kB
MemFree:         3220536 kB
Active:           440396 kB
Mem:          3.8G       777M       3.1G       5.7M        60M       323M

MemTotal:        4016004 kB
MemFree:         3220520 kB
Active:           440356 kB
Mem:          3.8G       776M       3.1G       5.7M        60M       323M

MemTotal:        4016004 kB
MemFree:         3220676 kB
Active:           440368 kB
Mem:          3.8G       776M       3.1G       5.7M        60M       323M

MemTotal:        4016004 kB
MemFree:         3220924 kB
Active:           440356 kB
Mem:          3.8G       776M       3.1G       5.7M        60M       323M

MemTotal:        4016004 kB
MemFree:         3221048 kB
Active:           440384 kB
Mem:          3.8G       776M       3.1G       5.7M        60M       323M

MemTotal:        4016004 kB
MemFree:         3221048 kB
Active:           440356 kB
Mem:          3.8G       776M       3.1G       5.7M        60M       323M

MemTotal:        4016004 kB
MemFree:         3221048 kB
Active:           440376 kB
Mem:          3.8G       776M       3.1G       5.7M        60M       323M

MemTotal:        4016004 kB
MemFree:         3221048 kB
Active:           440372 kB
Mem:          3.8G       776M       3.1G       5.7M        60M       323M

MemTotal:        4016004 kB
MemFree:         3220924 kB
Active:           440408 kB
Mem:          3.8G       776M       3.1G       5.7M        60M       323M

MemTotal:        4016004 kB
MemFree:         3221048 kB
Active:           440380 kB
Mem:          3.8G       776M       3.1G       5.7M        60M       323M

MemTotal:        4016004 kB
MemFree:         3220412 kB
Active:           440444 kB
Mem:          3.8G       776M       3.1G       5.7M        60M       323M

MemTotal:        4016004 kB
MemFree:         3219824 kB
Active:           440444 kB
Mem:          3.8G       777M       3.1G       5.7M        60M       323M

MemTotal:        4016004 kB
MemFree:         3220552 kB
Active:           440392 kB
Mem:          3.8G       776M       3.1G       5.7M        60M       323M

MemTotal:        4016004 kB
MemFree:         3220428 kB
Active:           440452 kB
Mem:          3.8G       777M       3.1G       5.7M        60M       323M

MemTotal:        4016004 kB
MemFree:         3220428 kB
Active:           440424 kB
Mem:          3.8G       777M       3.1G       5.7M        60M       323M

MemTotal:        4016004 kB
MemFree:         3220428 kB
Active:           440416 kB
Mem:          3.8G       776M       3.1G       5.7M        60M       323M

MemTotal:        4016004 kB
MemFree:         3220040 kB
Active:           440456 kB
Mem:          3.8G       777M       3.1G       5.7M        60M       323M

MemTotal:        4016004 kB
MemFree:         3220536 kB
Active:           440420 kB
Mem:          3.8G       776M       3.1G       5.7M        60M       323M

MemTotal:        4016004 kB
MemFree:         3220660 kB
Active:           440452 kB
Mem:          3.8G       776M       3.1G       5.7M        60M       323M

MemTotal:        4016004 kB
MemFree:         3220908 kB
Active:           440448 kB
Mem:          3.8G       776M       3.1G       5.7M        60M       323M

MemTotal:        4016004 kB
MemFree:         3220272 kB
Active:           440464 kB
Mem:          3.8G       776M       3.1G       5.7M        60M       323M

MemTotal:        4016004 kB
MemFree:         3219636 kB
Active:           438416 kB
Mem:          3.8G       777M       3.1G       5.7M        60M       323M

MemTotal:        4016004 kB
MemFree:         3220256 kB
Active:           440408 kB
Mem:          3.8G       777M       3.1G       5.7M        60M       323M

MemTotal:        4016004 kB
MemFree:         3219636 kB
Active:           440464 kB
Mem:          3.8G       777M       3.1G       5.7M        60M       323M

MemTotal:        4016004 kB
MemFree:         3220116 kB
Active:           440416 kB
Mem:          3.8G       777M       3.1G       5.7M        60M       323M

MemTotal:        4016004 kB
MemFree:         3220272 kB
Active:           440444 kB
Mem:          3.8G       777M       3.1G       5.7M        60M       323M

MemTotal:        4016004 kB
MemFree:         3220396 kB
Active:           440412 kB
Mem:          3.8G       777M       3.1G       5.7M        60M       323M

MemTotal:        4016004 kB
MemFree:         3220272 kB
Active:           440432 kB
Mem:          3.8G       777M       3.1G       5.7M        60M       323M

MemTotal:        4016004 kB
MemFree:         3220272 kB
Active:           440448 kB
Mem:          3.8G       777M       3.1G       5.7M        60M       323M

MemTotal:        4016004 kB
MemFree:         3220768 kB
Active:           440436 kB
Mem:          3.8G       776M       3.1G       5.7M        60M       323M

MemTotal:        4016004 kB
MemFree:         3220272 kB
Active:           440468 kB
Mem:          3.8G       776M       3.1G       5.7M        60M       323M

MemTotal:        4016004 kB
MemFree:         3220084 kB
Active:           438388 kB
Mem:          3.8G       777M       3.1G       5.7M        60M       323M

MemTotal:        4016004 kB
MemFree:         3220084 kB
Active:           440456 kB
Mem:          3.8G       777M       3.1G       5.7M        60M       323M

MemTotal:        4016004 kB
MemFree:         3219712 kB
Active:           440468 kB
Mem:          3.8G       777M       3.1G       5.7M        60M       323M

MemTotal:        4016004 kB
MemFree:         3220332 kB
Active:           440432 kB
Mem:          3.8G       777M       3.1G       5.7M        60M       323M

MemTotal:        4016004 kB
MemFree:         3219836 kB
Active:           440476 kB
Mem:          3.8G       777M       3.1G       5.7M        60M       323M

MemTotal:        4016004 kB
MemFree:         3220208 kB
Active:           440436 kB
Mem:          3.8G       777M       3.1G       5.7M        60M       323M

MemTotal:        4016004 kB
MemFree:         3220456 kB
Active:           440468 kB
Mem:          3.8G       776M       3.1G       5.7M        60M       323M

MemTotal:        4016004 kB
MemFree:         3220936 kB
Active:           440444 kB
Mem:          3.8G       776M       3.1G       5.7M        60M       323M

MemTotal:        4016004 kB
MemFree:         3220860 kB
Active:           440428 kB
Mem:          3.8G       776M       3.1G       5.7M        60M       323M

MemTotal:        4016004 kB
MemFree:         3220984 kB
Active:           440460 kB
Mem:          3.8G       776M       3.1G       5.7M        60M       323M

MemTotal:        4016004 kB
MemFree:         3220984 kB
Active:           440488 kB
Mem:          3.8G       776M       3.1G       5.7M        60M       323M

MemTotal:        4016004 kB
MemFree:         3220612 kB
Active:           440488 kB
Mem:          3.8G       776M       3.1G       5.7M        60M       323M

MemTotal:        4016004 kB
MemFree:         3221108 kB
Active:           440436 kB
Mem:          3.8G       776M       3.1G       5.7M        60M       323M

MemTotal:        4016004 kB
MemFree:         3220768 kB
Active:           440444 kB
Mem:          3.8G       776M       3.1G       5.7M        60M       323M

MemTotal:        4016004 kB
MemFree:         3221016 kB
Active:           440464 kB
Mem:          3.8G       776M       3.1G       5.7M        60M       323M

MemTotal:        4016004 kB
MemFree:         3221016 kB
Active:           440452 kB
Mem:          3.8G       776M       3.1G       5.7M        60M       323M

MemTotal:        4016004 kB
MemFree:         3220644 kB
Active:           440492 kB
Mem:          3.8G       776M       3.1G       5.7M        60M       323M

MemTotal:        4016004 kB
MemFree:         3220396 kB
Active:           440500 kB
Mem:          3.8G       777M       3.1G       5.7M        60M       323M

MemTotal:        4016004 kB
MemFree:         3220272 kB
Active:           440496 kB
Mem:          3.8G       777M       3.1G       5.7M        60M       323M

MemTotal:        4016004 kB
MemFree:         3219900 kB
Active:           440492 kB
Mem:          3.8G       777M       3.1G       5.7M        60M       323M

MemTotal:        4016004 kB
MemFree:         3220148 kB
Active:           440480 kB
Mem:          3.8G       777M       3.1G       5.7M        60M       323M

MemTotal:        4016004 kB
MemFree:         3220132 kB
Active:           440452 kB
Mem:          3.8G       777M       3.1G       5.7M        60M       323M

MemTotal:        4016004 kB
MemFree:         3220240 kB
Active:           440496 kB
Mem:          3.8G       777M       3.1G       5.7M        60M       323M

MemTotal:        4016004 kB
MemFree:         3220488 kB
Active:           440480 kB
Mem:          3.8G       776M       3.1G       5.7M        60M       323M

MemTotal:        4016004 kB
MemFree:         3220224 kB
Active:           440512 kB
Mem:          3.8G       777M       3.1G       5.7M        60M       324M

MemTotal:        4016004 kB
MemFree:         3220332 kB
Active:           440512 kB
Mem:          3.8G       776M       3.1G       5.7M        60M       324M

MemTotal:        4016004 kB
MemFree:         3220644 kB
Active:           440504 kB
Mem:          3.8G       776M       3.1G       5.7M        60M       324M

MemTotal:        4016004 kB
MemFree:         3220192 kB
Active:           440920 kB
Mem:          3.8G       777M       3.1G       5.7M        60M       324M

MemTotal:        4016004 kB
MemFree:         3173696 kB
Active:           442248 kB
Mem:          3.8G       824M       3.0G       5.7M        60M       367M

MemTotal:        4016004 kB
MemFree:         3126152 kB
Active:           442256 kB
Mem:          3.8G       869M       3.0G       5.7M        60M       412M

MemTotal:        4016004 kB
MemFree:         3079184 kB
Active:           442284 kB
Mem:          3.8G       915M       2.9G       5.7M        60M       457M

MemTotal:        4016004 kB
MemFree:         3032448 kB
Active:           442284 kB
Mem:          3.8G       961M       2.9G       5.7M        60M       502M

MemTotal:        4016004 kB
MemFree:         2984844 kB
Active:           442248 kB
Mem:          3.8G       1.0G       2.8G       5.7M        60M       548M

MemTotal:        4016004 kB
MemFree:         2938124 kB
Active:           442272 kB
Mem:          3.8G       1.0G       2.8G       5.7M        60M       593M

MemTotal:        4016004 kB
MemFree:         2890892 kB
Active:           442292 kB
Mem:          3.8G       1.1G       2.8G       5.7M        60M       638M

MemTotal:        4016004 kB
MemFree:         2845108 kB
Active:           442304 kB
Mem:          3.8G       1.1G       2.7G       5.7M        60M       682M

MemTotal:        4016004 kB
MemFree:         2796824 kB
Active:           442320 kB
Mem:          3.8G       1.2G       2.7G       5.7M        60M       729M

MemTotal:        4016004 kB
MemFree:         2749940 kB
Active:           442308 kB
Mem:          3.8G       1.2G       2.6G       5.7M        60M       773M

MemTotal:        4016004 kB
MemFree:         2703696 kB
Active:           442312 kB
Mem:          3.8G       1.3G       2.6G       5.7M        60M       818M

MemTotal:        4016004 kB
MemFree:         2656232 kB
Active:           442324 kB
Mem:          3.8G       1.3G       2.5G       5.7M        60M       864M

MemTotal:        4016004 kB
MemFree:         2608752 kB
Active:           442332 kB
Mem:          3.8G       1.3G       2.5G       5.7M        60M       909M

MemTotal:        4016004 kB
MemFree:         2561640 kB
Active:           442288 kB
Mem:          3.8G       1.4G       2.4G       5.7M        60M       954M

MemTotal:        4016004 kB
MemFree:         2515236 kB
Active:           442324 kB
Mem:          3.8G       1.4G       2.4G       5.7M        60M       1.0G

MemTotal:        4016004 kB
MemFree:         2468252 kB
Active:           442324 kB
Mem:          3.8G       1.5G       2.4G       5.7M        60M       1.0G

MemTotal:        4016004 kB
MemFree:         2421344 kB
Active:           442328 kB
Mem:          3.8G       1.5G       2.3G       5.7M        60M       1.1G

MemTotal:        4016004 kB
MemFree:         2375168 kB
Active:           442296 kB
Mem:          3.8G       1.6G       2.3G       5.7M        60M       1.1G

MemTotal:        4016004 kB
MemFree:         2328528 kB
Active:           442360 kB
Mem:          3.8G       1.6G       2.2G       5.7M        60M       1.2G

MemTotal:        4016004 kB
MemFree:         2281080 kB
Active:           442368 kB
Mem:          3.8G       1.7G       2.2G       5.7M        60M       1.2G

MemTotal:        4016004 kB
MemFree:         2234364 kB
Active:           442372 kB
Mem:          3.8G       1.7G       2.1G       5.7M        60M       1.2G

MemTotal:        4016004 kB
MemFree:         2195368 kB
Active:           442400 kB
Mem:          3.8G       1.7G       2.1G       5.7M        60M       1.3G

MemTotal:        4016004 kB
MemFree:         2146360 kB
Active:           440492 kB
Mem:          3.8G       1.8G       2.0G       5.7M        60M       1.3G

MemTotal:        4016004 kB
MemFree:         2101224 kB
Active:           442544 kB
Mem:          3.8G       1.8G       2.0G       5.7M        60M       1.4G

MemTotal:        4016004 kB
MemFree:         2053560 kB
Active:           442532 kB
Mem:          3.8G       1.9G       2.0G       5.7M        60M       1.4G

MemTotal:        4016004 kB
MemFree:         2007336 kB
Active:           442544 kB
Mem:          3.8G       1.9G       1.9G       5.7M        60M       1.5G

MemTotal:        4016004 kB
MemFree:         1959732 kB
Active:           442524 kB
Mem:          3.8G       2.0G       1.9G       5.7M        60M       1.5G

MemTotal:        4016004 kB
MemFree:         1913384 kB
Active:           442500 kB
Mem:          3.8G       2.0G       1.8G       5.7M        60M       1.5G

MemTotal:        4016004 kB
MemFree:         1865284 kB
Active:           442548 kB
Mem:          3.8G       2.1G       1.8G       5.7M        60M       1.6G

MemTotal:        4016004 kB
MemFree:         1818812 kB
Active:           442572 kB
Mem:          3.8G       2.1G       1.7G       5.7M        60M       1.6G

MemTotal:        4016004 kB
MemFree:         1771484 kB
Active:           442572 kB
Mem:          3.8G       2.1G       1.7G       5.7M        60M       1.7G

MemTotal:        4016004 kB
MemFree:         1761060 kB
Active:           442572 kB
Mem:          3.8G       2.2G       1.7G       5.7M        60M       1.7G

MemTotal:        4016004 kB
MemFree:         1717744 kB
Active:           440544 kB
Mem:          3.8G       2.2G       1.6G       5.7M        60M       1.7G

MemTotal:        4016004 kB
MemFree:         1672576 kB
Active:           442592 kB
Mem:          3.8G       2.2G       1.6G       5.7M        60M       1.8G

MemTotal:        4016004 kB
MemFree:         1624972 kB
Active:           442584 kB
Mem:          3.8G       2.3G       1.5G       5.7M        60M       1.8G

MemTotal:        4016004 kB
MemFree:         1578624 kB
Active:           442600 kB
Mem:          3.8G       2.3G       1.5G       5.7M        60M       1.9G

MemTotal:        4016004 kB
MemFree:         1531424 kB
Active:           442592 kB
Mem:          3.8G       2.4G       1.5G       5.7M        60M       1.9G

MemTotal:        4016004 kB
MemFree:         1508368 kB
Active:           442656 kB
Mem:          3.8G       2.4G       1.4G       5.7M        60M       1.9G

MemTotal:        4016004 kB
MemFree:         1461556 kB
Active:           442676 kB
Mem:          3.8G       2.4G       1.4G       5.7M        60M       2.0G

MemTotal:        4016004 kB
MemFree:         1416336 kB
Active:           442688 kB
Mem:          3.8G       2.5G       1.4G       5.7M        60M       2.0G

MemTotal:        4016004 kB
MemFree:         1368004 kB
Active:           442692 kB
Mem:          3.8G       2.5G       1.3G       5.7M        60M       2.1G

MemTotal:        4016004 kB
MemFree:         1321520 kB
Active:           442708 kB
Mem:          3.8G       2.6G       1.3G       5.7M        60M       2.1G

MemTotal:        4016004 kB
MemFree:         1271512 kB
Active:           442652 kB
Mem:          3.8G       2.6G       1.2G       5.7M        60M       2.1G

MemTotal:        4016004 kB
MemFree:         1225892 kB
Active:           442684 kB
Mem:          3.8G       2.7G       1.2G       5.7M        60M       2.2G

MemTotal:        4016004 kB
MemFree:         1178056 kB
Active:           444692 kB
Mem:          3.8G       2.7G       1.1G       5.7M        60M       2.2G

MemTotal:        4016004 kB
MemFree:         1132732 kB
Active:           444744 kB
Mem:          3.8G       2.8G       1.1G       5.7M        60M       2.3G

MemTotal:        4016004 kB
MemFree:         1086136 kB
Active:           444772 kB
Mem:          3.8G       2.8G       1.0G       5.7M        60M       2.3G

MemTotal:        4016004 kB
MemFree:         1079628 kB
Active:           444776 kB
Mem:          3.8G       2.8G       1.0G       5.7M        60M       2.3G

MemTotal:        4016004 kB
MemFree:         1030168 kB
Active:           444788 kB
Mem:          3.8G       2.8G       1.0G       5.7M        60M       2.4G

MemTotal:        4016004 kB
MemFree:          983820 kB
Active:           444792 kB
Mem:          3.8G       2.9G       960M       5.7M        60M       2.4G

MemTotal:        4016004 kB
MemFree:          936216 kB
Active:           444792 kB
Mem:          3.8G       2.9G       914M       5.7M        60M       2.5G

MemTotal:        4016004 kB
MemFree:          890452 kB
Active:           444820 kB
Mem:          3.8G       3.0G       868M       5.7M        60M       2.5G

MemTotal:        4016004 kB
MemFree:          864504 kB
Active:           444840 kB
Mem:          3.8G       3.0G       844M       5.7M        60M       2.5G

MemTotal:        4016004 kB
MemFree:          841424 kB
Active:           444860 kB
Mem:          3.8G       3.0G       820M       5.7M        60M       2.5G

MemTotal:        4016004 kB
MemFree:          794636 kB
Active:           444884 kB
Mem:          3.8G       3.1G       775M       5.7M        60M       2.6G

MemTotal:        4016004 kB
MemFree:          746508 kB
Active:           444884 kB
Mem:          3.8G       3.1G       729M       5.7M        60M       2.6G

MemTotal:        4016004 kB
MemFree:          701636 kB
Active:           444844 kB
Mem:          3.8G       3.2G       684M       5.7M        60M       2.7G

MemTotal:        4016004 kB
MemFree:          654048 kB
Active:           444844 kB
Mem:          3.8G       3.2G       637M       5.7M        60M       2.7G

MemTotal:        4016004 kB
MemFree:          607560 kB
Active:           444884 kB
Mem:          3.8G       3.3G       592M       5.7M        60M       2.8G

MemTotal:        4016004 kB
MemFree:          561212 kB
Active:           444864 kB
Mem:          3.8G       3.3G       547M       5.7M        60M       2.8G

MemTotal:        4016004 kB
MemFree:          514476 kB
Active:           444884 kB
Mem:          3.8G       3.3G       501M       5.7M        60M       2.9G

MemTotal:        4016004 kB
MemFree:          469196 kB
Active:           444888 kB
Mem:          3.8G       3.4G       457M       5.7M        60M       2.9G

MemTotal:        4016004 kB
MemFree:          421236 kB
Active:           444904 kB
Mem:          3.8G       3.4G       410M       5.7M        60M       2.9G

MemTotal:        4016004 kB
MemFree:          375092 kB
Active:           444916 kB
Mem:          3.8G       3.5G       365M       5.7M        60M       3.0G

MemTotal:        4016004 kB
MemFree:          328788 kB
Active:           444916 kB
Mem:          3.8G       3.5G       320M       5.7M        60M       3.0G

MemTotal:        4016004 kB
MemFree:          281256 kB
Active:           444932 kB
Mem:          3.8G       3.6G       274M       5.7M        60M       3.1G

MemTotal:        4016004 kB
MemFree:          235068 kB
Active:           444932 kB
Mem:          3.8G       3.6G       229M       5.7M        60M       3.1G

MemTotal:        4016004 kB
MemFree:          188428 kB
Active:           444884 kB
Mem:          3.8G       3.7G       183M       5.7M        60M       3.2G

MemTotal:        4016004 kB
MemFree:          177344 kB
Active:           444880 kB
Mem:          3.8G       3.7G       169M       5.7M        60M       3.2G

MemTotal:        4016004 kB
MemFree:          127488 kB
Active:           444936 kB
Mem:          3.8G       3.7G       124M       5.7M        60M       3.2G

MemTotal:        4016004 kB
MemFree:          152688 kB
Active:           455124 kB
Mem:          3.8G       3.7G       146M       5.7M        27M       3.2G

MemTotal:        4016004 kB
MemFree:          123172 kB
Active:           458548 kB
Mem:          3.8G       3.7G       119M       5.7M        27M       3.3G

MemTotal:        4016004 kB
MemFree:          124452 kB
Active:           500172 kB
Mem:          3.8G       3.7G       120M       5.7M        27M       3.3G

MemTotal:        4016004 kB
MemFree:          127512 kB
Active:           502040 kB
Mem:          3.8G       3.7G       115M       5.7M        27M       3.3G

MemTotal:        4016004 kB
MemFree:          135648 kB
Active:           490548 kB
Mem:          3.8G       3.7G       132M       5.7M        27M       3.2G

MemTotal:        4016004 kB
MemFree:          124968 kB
Active:           486932 kB
Mem:          3.8G       3.7G       120M       5.7M        27M       3.3G

MemTotal:        4016004 kB
MemFree:          106292 kB
Active:           484244 kB
Mem:          3.8G       3.7G       103M       5.7M        27M       3.3G

MemTotal:        4016004 kB
MemFree:          119752 kB
Active:           480768 kB
Mem:          3.8G       3.7G       116M       5.7M        27M       3.3G

MemTotal:        4016004 kB
MemFree:          119448 kB
Active:           480796 kB
Mem:          3.8G       3.7G       116M       5.7M        27M       3.3G

MemTotal:        4016004 kB
MemFree:          128272 kB
Active:           475052 kB
Mem:          3.8G       3.7G       124M       5.7M        27M       3.2G

MemTotal:        4016004 kB
MemFree:          119640 kB
Active:           471596 kB
Mem:          3.8G       3.7G       115M       5.7M        27M       3.3G

MemTotal:        4016004 kB
MemFree:          129756 kB
Active:           466196 kB
Mem:          3.8G       3.7G       125M       5.7M        27M       3.2G

MemTotal:        4016004 kB
MemFree:          120980 kB
Active:           462868 kB
Mem:          3.8G       3.7G       117M       5.7M        27M       3.3G

MemTotal:        4016004 kB
MemFree:          134012 kB
Active:           457740 kB
Mem:          3.8G       3.7G       130M       5.7M        27M       3.2G

MemTotal:        4016004 kB
MemFree:          154252 kB
Active:           455696 kB
Mem:          3.8G       3.7G       149M       5.7M        27M       3.2G

MemTotal:        4016004 kB
MemFree:          106524 kB
Active:           455540 kB
Mem:          3.8G       3.7G       103M       5.7M        27M       3.3G

MemTotal:        4016004 kB
MemFree:          116160 kB
Active:           453400 kB
Mem:          3.8G       3.7G       111M       5.7M        27M       3.3G

MemTotal:        4016004 kB
MemFree:          113664 kB
Active:           452208 kB
Mem:          3.8G       3.7G       110M       5.7M        27M       3.3G

MemTotal:        4016004 kB
MemFree:          128020 kB
Active:           450592 kB
Mem:          3.8G       3.7G       124M       5.7M        27M       3.2G

MemTotal:        4016004 kB
MemFree:          111312 kB
Active:           449444 kB
Mem:          3.8G       3.7G       108M       5.7M        27M       3.3G

MemTotal:        4016004 kB
MemFree:          125772 kB
Active:           445656 kB
Mem:          3.8G       3.7G       122M       5.7M        27M       3.2G

MemTotal:        4016004 kB
MemFree:          133188 kB
Active:           443624 kB
Mem:          3.8G       3.7G       130M       5.7M        27M       3.2G

MemTotal:        4016004 kB
MemFree:          110596 kB
Active:           443240 kB
Mem:          3.8G       3.7G       107M       5.7M        27M       3.3G

MemTotal:        4016004 kB
MemFree:          110384 kB
Active:           443296 kB
Mem:          3.8G       3.7G       107M       5.7M        27M       3.3G

MemTotal:        4016004 kB
MemFree:          135056 kB
Active:           441508 kB
Mem:          3.8G       3.7G       130M       5.7M        27M       3.2G

MemTotal:        4016004 kB
MemFree:          148352 kB
Active:           439332 kB
Mem:          3.8G       3.7G       143M       5.7M        27M       3.2G

MemTotal:        4016004 kB
MemFree:          135780 kB
Active:           438308 kB
Mem:          3.8G       3.7G       132M       5.7M        27M       3.2G

MemTotal:        4016004 kB
MemFree:          143664 kB
Active:           436276 kB
Mem:          3.8G       3.7G       140M       5.7M        27M       3.2G

MemTotal:        4016004 kB
MemFree:          133384 kB
Active:           434952 kB
Mem:          3.8G       3.7G       129M       5.7M        27M       3.2G

MemTotal:        4016004 kB
MemFree:          123492 kB
Active:           433796 kB
Mem:          3.8G       3.7G       120M       5.7M        27M       3.3G

MemTotal:        4016004 kB
MemFree:          130676 kB
Active:           431808 kB
Mem:          3.8G       3.7G       126M       5.7M        27M       3.2G

MemTotal:        4016004 kB
MemFree:          119744 kB
Active:           429520 kB
Mem:          3.8G       3.7G       115M       5.7M        27M       3.3G

MemTotal:        4016004 kB
MemFree:          118228 kB
Active:           429480 kB
Mem:          3.8G       3.7G       114M       5.7M        27M       3.3G

MemTotal:        4016004 kB
MemFree:          135184 kB
Active:           428416 kB
Mem:          3.8G       3.7G       131M       5.7M        27M       3.2G

MemTotal:        4016004 kB
MemFree:          126304 kB
Active:           427252 kB
Mem:          3.8G       3.7G       122M       5.7M        27M       3.2G

MemTotal:        4016004 kB
MemFree:          127696 kB
Active:           425620 kB
Mem:          3.8G       3.7G       123M       5.7M        27M       3.2G

MemTotal:        4016004 kB
MemFree:          128096 kB
Active:           423704 kB
Mem:          3.8G       3.7G       124M       5.7M        27M       3.2G

MemTotal:        4016004 kB
MemFree:          123568 kB
Active:           423700 kB
Mem:          3.8G       3.7G       119M       5.7M        27M       3.3G

MemTotal:        4016004 kB
MemFree:          113960 kB
Active:           422400 kB
Mem:          3.8G       3.7G       109M       5.7M        27M       3.3G

MemTotal:        4016004 kB
MemFree:          127812 kB
Active:           420768 kB
Mem:          3.8G       3.7G       123M       5.7M        27M       3.2G

MemTotal:        4016004 kB
MemFree:          127220 kB
Active:           418856 kB
Mem:          3.8G       3.7G       123M       5.7M        27M       3.2G

MemTotal:        4016004 kB
MemFree:          128148 kB
Active:           416936 kB
Mem:          3.8G       3.7G       124M       5.7M        27M       3.2G

MemTotal:        4016004 kB
MemFree:          123340 kB
Active:           415280 kB
Mem:          3.8G       3.7G       119M       5.7M        27M       3.3G

MemTotal:        4016004 kB
MemFree:          106876 kB
Active:           414248 kB
Mem:          3.8G       3.7G       103M       5.7M        27M       3.3G

MemTotal:        4016004 kB
MemFree:          124808 kB
Active:           412204 kB
Mem:          3.8G       3.7G       121M       5.7M        27M       3.2G

MemTotal:        4016004 kB
MemFree:          115092 kB
Active:           410936 kB
Mem:          3.8G       3.7G       111M       5.7M        27M       3.3G

MemTotal:        4016004 kB
MemFree:          128948 kB
Active:           409148 kB
Mem:          3.8G       3.7G       125M       5.7M        27M       3.2G

MemTotal:        4016004 kB
MemFree:          106540 kB
Active:           409156 kB
Mem:          3.8G       3.7G       103M       5.7M        27M       3.3G

MemTotal:        4016004 kB
MemFree:          132564 kB
Active:           406980 kB
Mem:          3.8G       3.7G       129M       5.7M        27M       3.2G

MemTotal:        4016004 kB
MemFree:          131260 kB
Active:           404804 kB
Mem:          3.8G       3.7G       127M       5.7M        27M       3.2G

MemTotal:        4016004 kB
MemFree:          133292 kB
Active:           403032 kB
Mem:          3.8G       3.7G       129M       5.7M        27M       3.2G

MemTotal:        4016004 kB
MemFree:          131932 kB
Active:           401228 kB
Mem:          3.8G       3.7G       128M       5.7M        27M       3.2G

MemTotal:        4016004 kB
MemFree:          131244 kB
Active:           403224 kB
Mem:          3.8G       3.7G       128M       5.7M        27M       3.2G

MemTotal:        4016004 kB
MemFree:          131528 kB
Active:           403208 kB
Mem:          3.8G       3.7G       128M       5.7M        27M       3.2G

MemTotal:        4016004 kB
MemFree:          126364 kB
Active:           402772 kB
Mem:          3.8G       3.7G       122M       5.7M        27M       3.2G

MemTotal:        4016004 kB
MemFree:          131772 kB
Active:           400688 kB
Mem:          3.8G       3.7G       128M       5.7M        27M       3.2G

MemTotal:        4016004 kB
MemFree:          131332 kB
Active:           398804 kB
Mem:          3.8G       3.7G       127M       5.7M        27M       3.2G

MemTotal:        4016004 kB
MemFree:          122480 kB
Active:           397536 kB
Mem:          3.8G       3.7G       119M       5.7M        27M       3.2G

MemTotal:        4016004 kB
MemFree:          135884 kB
Active:           395692 kB
Mem:          3.8G       3.7G       131M       5.7M        27M       3.2G

MemTotal:        4016004 kB
MemFree:          155752 kB
Active:           393556 kB
Mem:          3.8G       3.7G       151M       5.7M        27M       3.2G

MemTotal:        4016004 kB
MemFree:          108520 kB
Active:           393528 kB
Mem:          3.8G       3.7G       105M       5.7M        27M       3.3G

MemTotal:        4016004 kB
MemFree:          135392 kB
Active:           389416 kB
Mem:          3.8G       3.7G       131M       5.7M        27M       3.2G

MemTotal:        4016004 kB
MemFree:          134896 kB
Active:           389344 kB
Mem:          3.8G       3.7G       132M       5.7M        27M       3.2G

MemTotal:        4016004 kB
MemFree:          125612 kB
Active:           388200 kB
Mem:          3.8G       3.7G       121M       5.7M        27M       3.2G

MemTotal:        4016004 kB
MemFree:          115968 kB
Active:           387044 kB
Mem:          3.8G       3.7G       112M       5.7M        27M       3.3G

MemTotal:        4016004 kB
MemFree:          105564 kB
Active:           385852 kB
Mem:          3.8G       3.7G       124M       5.7M        27M       3.2G

MemTotal:        4016004 kB
MemFree:          104876 kB
Active:           385016 kB
Mem:          3.8G       3.7G       124M       5.7M        27M       3.2G

MemTotal:        4016004 kB
MemFree:          121216 kB
Active:           384896 kB
Mem:          3.8G       3.7G       117M       5.7M        27M       3.2G

MemTotal:        4016004 kB
MemFree:          120884 kB
Active:           384908 kB
Mem:          3.8G       3.7G       117M       5.7M        27M       3.2G

MemTotal:        4016004 kB
MemFree:          126896 kB
Active:           384912 kB
Mem:          3.8G       3.7G       124M       5.7M        27M       3.2G

MemTotal:        4016004 kB
MemFree:          118896 kB
Active:           384752 kB
Mem:          3.8G       3.7G       116M       5.7M        27M       3.3G

MemTotal:        4016004 kB
MemFree:          117720 kB
Active:           384760 kB
Mem:          3.8G       3.7G       114M       5.7M        27M       3.3G

MemTotal:        4016004 kB
MemFree:          107564 kB
Active:           386048 kB
Mem:          3.8G       3.7G       103M       5.7M        27M       3.3G

MemTotal:        4016004 kB
MemFree:          120488 kB
Active:           385924 kB
Mem:          3.8G       3.7G       116M       5.7M        27M       3.2G

MemTotal:        4016004 kB
MemFree:          122360 kB
Active:           385872 kB
Mem:          3.8G       3.7G       118M       5.7M        27M       3.2G

MemTotal:        4016004 kB
MemFree:          136392 kB
Active:           385916 kB
Mem:          3.8G       3.7G       132M       5.7M        27M       3.2G

MemTotal:        4016004 kB
MemFree:          125544 kB
Active:           385860 kB
Mem:          3.8G       3.7G       121M       5.7M        27M       3.2G

MemTotal:        4016004 kB
MemFree:          127940 kB
Active:           385860 kB
Mem:          3.8G       3.7G       123M       5.7M        27M       3.2G

MemTotal:        4016004 kB
MemFree:          112664 kB
Active:           385712 kB
Mem:          3.8G       3.7G       109M       5.7M        27M       3.3G

MemTotal:        4016004 kB
MemFree:          125912 kB
Active:           385744 kB
Mem:          3.8G       3.7G       121M       5.7M        27M       3.2G

MemTotal:        4016004 kB
MemFree:          127676 kB
Active:           385564 kB
Mem:          3.8G       3.7G       123M       5.7M        27M       3.2G

MemTotal:        4016004 kB
MemFree:          128580 kB
Active:           385592 kB
Mem:          3.8G       3.7G       124M       5.7M        27M       3.2G

MemTotal:        4016004 kB
MemFree:          114324 kB
Active:           385608 kB
Mem:          3.8G       3.7G       111M       5.7M        27M       3.3G

MemTotal:        4016004 kB
MemFree:          114800 kB
Active:           385620 kB
Mem:          3.8G       3.7G       111M       5.7M        27M       3.3G

MemTotal:        4016004 kB
MemFree:          120664 kB
Active:           385640 kB
Mem:          3.8G       3.7G       116M       5.7M        27M       3.2G

MemTotal:        4016004 kB
MemFree:          111020 kB
Active:           385612 kB
Mem:          3.8G       3.7G       107M       5.7M        27M       3.3G

MemTotal:        4016004 kB
MemFree:          124148 kB
Active:           385592 kB
Mem:          3.8G       3.7G       119M       5.7M        27M       3.2G

MemTotal:        4016004 kB
MemFree:          144264 kB
Active:           385648 kB
Mem:          3.8G       3.7G       140M       5.7M        27M       3.2G

MemTotal:        4016004 kB
MemFree:          132744 kB
Active:           385652 kB
Mem:          3.8G       3.7G       128M       5.7M        27M       3.2G

MemTotal:        4016004 kB
MemFree:          133392 kB
Active:           385656 kB
Mem:          3.8G       3.7G       129M       5.7M        27M       3.2G

MemTotal:        4016004 kB
MemFree:          141152 kB
Active:           385660 kB
Mem:          3.8G       3.7G       136M       5.7M        27M       3.2G

MemTotal:        4016004 kB
MemFree:          129944 kB
Active:           385668 kB
Mem:          3.8G       3.7G       126M       5.7M        27M       3.2G

MemTotal:        4016004 kB
MemFree:          119712 kB
Active:           385676 kB
Mem:          3.8G       3.7G       117M       5.7M        27M       3.2G

MemTotal:        4016004 kB
MemFree:          133492 kB
Active:           385416 kB
Mem:          3.8G       3.7G       130M       5.7M        27M       3.2G

MemTotal:        4016004 kB
MemFree:          123008 kB
Active:           385468 kB
Mem:          3.8G       3.7G       119M       5.7M        27M       3.2G

MemTotal:        4016004 kB
MemFree:          135640 kB
Active:           385412 kB
Mem:          3.8G       3.7G       131M       5.7M        27M       3.2G

MemTotal:        4016004 kB
MemFree:          155576 kB
Active:           385468 kB
Mem:          3.8G       3.7G       151M       5.7M        27M       3.2G

MemTotal:        4016004 kB
MemFree:          117044 kB
Active:           385484 kB
Mem:          3.8G       3.7G       113M       5.7M        27M       3.2G

MemTotal:        4016004 kB
MemFree:          130340 kB
Active:           385484 kB
Mem:          3.8G       3.7G       126M       5.7M        27M       3.2G

MemTotal:        4016004 kB
MemFree:          148208 kB
Active:           385484 kB
Mem:          3.8G       3.7G       144M       5.7M        27M       3.2G

MemTotal:        4016004 kB
MemFree:          129388 kB
Active:           382856 kB
Mem:          3.8G       3.7G       125M       5.7M        27M       3.2G

MemTotal:        4016004 kB
MemFree:          105124 kB
Active:           382716 kB
Mem:          3.8G       3.7G       124M       5.7M        27M       3.2G

MemTotal:        4016004 kB
MemFree:          143752 kB
Active:           382724 kB
Mem:          3.8G       3.7G       138M       5.7M        27M       3.2G

MemTotal:        4016004 kB
MemFree:          132048 kB
Active:           382736 kB
Mem:          3.8G       3.7G       127M       5.7M        27M       3.2G

MemTotal:        4016004 kB
MemFree:          122652 kB
Active:           382740 kB
Mem:          3.8G       3.7G       118M       5.7M        27M       3.2G

MemTotal:        4016004 kB
MemFree:          128000 kB
Active:           382740 kB
Mem:          3.8G       3.7G       124M       5.7M        27M       3.2G

MemTotal:        4016004 kB
MemFree:          118128 kB
Active:           382744 kB
Mem:          3.8G       3.7G       114M       5.7M        27M       3.2G

MemTotal:        4016004 kB
MemFree:          117772 kB
Active:           382708 kB
Mem:          3.8G       3.7G       115M       5.7M        27M       3.2G

MemTotal:        4016004 kB
MemFree:          117604 kB
Active:           382752 kB
Mem:          3.8G       3.7G       114M       5.7M        27M       3.2G

MemTotal:        4016004 kB
MemFree:          111692 kB
Active:           382760 kB
Mem:          3.8G       3.7G       108M       5.7M        27M       3.3G

MemTotal:        4016004 kB
MemFree:          106684 kB
Active:           378764 kB
Mem:          3.8G       3.7G       103M       5.7M        27M       3.3G

MemTotal:        4016004 kB
MemFree:          106092 kB
Active:           378648 kB
Mem:          3.8G       3.7G       102M       5.7M        27M       3.3G

MemTotal:        4016004 kB
MemFree:          108832 kB
Active:           378648 kB
Mem:          3.8G       3.7G       105M       5.7M        27M       3.3G

MemTotal:        4016004 kB
MemFree:          113820 kB
Active:           378604 kB
Mem:          3.8G       3.7G       110M       5.7M        27M       3.3G

MemTotal:        4016004 kB
MemFree:          128076 kB
Active:           378652 kB
Mem:          3.8G       3.7G       124M       5.7M        27M       3.2G

MemTotal:        4016004 kB
MemFree:          123172 kB
Active:           378648 kB
Mem:          3.8G       3.7G       119M       5.7M        27M       3.2G

MemTotal:        4016004 kB
MemFree:          107144 kB
Active:           378680 kB
Mem:          3.8G       3.7G       103M       5.7M        27M       3.3G

MemTotal:        4016004 kB
MemFree:          126252 kB
Active:           378652 kB
Mem:          3.8G       3.7G       122M       5.7M        27M       3.2G

MemTotal:        4016004 kB
MemFree:          116736 kB
Active:           377816 kB
Mem:          3.8G       3.7G       113M       5.7M        27M       3.2G

MemTotal:        4016004 kB
MemFree:          123060 kB
Active:           377792 kB
Mem:          3.8G       3.7G       119M       5.7M        27M       3.2G

MemTotal:        4016004 kB
MemFree:          124176 kB
Active:           377828 kB
Mem:          3.8G       3.7G       120M       5.7M        27M       3.2G

MemTotal:        4016004 kB
MemFree:          134420 kB
Active:           377832 kB
Mem:          3.8G       3.7G       130M       5.7M        27M       3.2G

MemTotal:        4016004 kB
MemFree:          123364 kB
Active:           377824 kB
Mem:          3.8G       3.7G       119M       5.7M        27M       3.2G

MemTotal:        4016004 kB
MemFree:          112960 kB
Active:           379316 kB
Mem:          3.8G       3.7G       108M       5.7M        27M       3.2G

MemTotal:        4016004 kB
MemFree:          125696 kB
Active:           379320 kB
Mem:          3.8G       3.7G       121M       5.7M        27M       3.2G

MemTotal:        4016004 kB
MemFree:          108164 kB
Active:           379320 kB
Mem:          3.8G       3.7G       105M       5.7M        27M       3.3G

MemTotal:        4016004 kB
MemFree:          113460 kB
Active:           377132 kB
Mem:          3.8G       3.7G       110M       5.7M        27M       3.2G

MemTotal:        4016004 kB
MemFree:          112080 kB
Active:           377144 kB
Mem:          3.8G       3.7G       109M       5.7M        27M       3.2G

MemTotal:        4016004 kB
MemFree:          125076 kB
Active:           377164 kB
Mem:          3.8G       3.7G       122M       5.7M        27M       3.2G

MemTotal:        4016004 kB
MemFree:          138600 kB
Active:           377124 kB
Mem:          3.8G       3.7G       135M       5.7M        27M       3.2G

MemTotal:        4016004 kB
MemFree:          138536 kB
Active:           377128 kB
Mem:          3.8G       3.7G       137M       5.7M        27M       3.2G

MemTotal:        4016004 kB
MemFree:          131004 kB
Active:           377156 kB
Mem:          3.8G       3.7G       127M       5.7M        27M       3.2G

MemTotal:        4016004 kB
MemFree:          130168 kB
Active:           377172 kB
Mem:          3.8G       3.7G       127M       5.7M        27M       3.2G

MemTotal:        4016004 kB
MemFree:          134392 kB
Active:           377188 kB
Mem:          3.8G       3.7G       130M       5.7M        27M       3.2G

MemTotal:        4016004 kB
MemFree:          105652 kB
Active:           377192 kB
Mem:          3.8G       3.7G       102M       5.7M        27M       3.3G

MemTotal:        4016004 kB
MemFree:          124472 kB
Active:           377140 kB
Mem:          3.8G       3.7G       126M       5.7M        27M       3.2G

MemTotal:        4016004 kB
MemFree:          130292 kB
Active:           367568 kB
Mem:          3.8G       3.7G       126M       5.7M        27M       3.2G

MemTotal:        4016004 kB
MemFree:          130640 kB
Active:           367412 kB
Mem:          3.8G       3.7G       127M       5.7M        27M       3.2G

MemTotal:        4016004 kB
MemFree:          131136 kB
Active:           367444 kB
Mem:          3.8G       3.7G       128M       5.7M        27M       3.2G

MemTotal:        4016004 kB
MemFree:          126832 kB
Active:           367444 kB
Mem:          3.8G       3.7G       123M       5.7M        27M       3.2G

MemTotal:        4016004 kB
MemFree:          111748 kB
Active:           367176 kB
Mem:          3.8G       3.7G       108M       5.7M        27M       3.2G

MemTotal:        4016004 kB
MemFree:          124564 kB
Active:           367012 kB
Mem:          3.8G       3.7G       126M       5.7M        27M       3.2G

MemTotal:        4016004 kB
MemFree:          138976 kB
Active:           366872 kB
Mem:          3.8G       3.7G       134M       5.7M        27M       3.2G

MemTotal:        4016004 kB
MemFree:          112412 kB
Active:           366840 kB
Mem:          3.8G       3.7G       109M       5.7M        27M       3.2G

MemTotal:        4016004 kB
MemFree:          112692 kB
Active:           366880 kB
Mem:          3.8G       3.7G       109M       5.7M        27M       3.2G

MemTotal:        4016004 kB
MemFree:          112420 kB
Active:           366888 kB
Mem:          3.8G       3.7G       109M       5.7M        27M       3.2G

MemTotal:        4016004 kB
MemFree:          112140 kB
Active:           366892 kB
Mem:          3.8G       3.7G       108M       5.7M        27M       3.2G

MemTotal:        4016004 kB
MemFree:          125872 kB
Active:           366904 kB
Mem:          3.8G       3.7G       122M       5.7M        27M       3.2G

MemTotal:        4016004 kB
MemFree:          126428 kB
Active:           366904 kB
Mem:          3.8G       3.7G       123M       5.7M        27M       3.2G

MemTotal:        4016004 kB
MemFree:          127424 kB
Active:           366908 kB
Mem:          3.8G       3.7G       123M       5.7M        27M       3.2G

MemTotal:        4016004 kB
MemFree:          110520 kB
Active:           366608 kB
Mem:          3.8G       3.7G       107M       5.7M        27M       3.2G

MemTotal:        4016004 kB
MemFree:          126516 kB
Active:           364412 kB
Mem:          3.8G       3.7G       123M       5.7M        27M       3.2G

MemTotal:        4016004 kB
MemFree:          140928 kB
Active:           364372 kB
Mem:          3.8G       3.7G       136M       5.7M        27M       3.2G

MemTotal:        4016004 kB
MemFree:          130272 kB
Active:           364372 kB
Mem:          3.8G       3.7G       127M       5.7M        27M       3.2G

MemTotal:        4016004 kB
MemFree:          130616 kB
Active:           364376 kB
Mem:          3.8G       3.7G       126M       5.7M        27M       3.2G

MemTotal:        4016004 kB
MemFree:          131248 kB
Active:           364340 kB
Mem:          3.8G       3.7G       127M       5.7M        27M       3.2G

MemTotal:        4016004 kB
MemFree:          120736 kB
Active:           364388 kB
Mem:          3.8G       3.7G       117M       5.7M        27M       3.2G

MemTotal:        4016004 kB
MemFree:          107716 kB
Active:           364384 kB
Mem:          3.8G       3.7G       104M       5.7M        27M       3.2G

MemTotal:        4016004 kB
MemFree:          129012 kB
Active:           364348 kB
Mem:          3.8G       3.7G       125M       5.7M        27M       3.2G

MemTotal:        4016004 kB
MemFree:          128736 kB
Active:           364408 kB
Mem:          3.8G       3.7G       125M       5.7M        27M       3.2G

MemTotal:        4016004 kB
MemFree:          128804 kB
Active:           364420 kB
Mem:          3.8G       3.7G       125M       5.7M        27M       3.2G

MemTotal:        4016004 kB
MemFree:          130480 kB
Active:           364412 kB
Mem:          3.8G       3.7G       126M       5.7M        27M       3.2G

MemTotal:        4016004 kB
MemFree:          130492 kB
Active:           364420 kB
Mem:          3.8G       3.7G       126M       5.7M        27M       3.2G

MemTotal:        4016004 kB
MemFree:          121328 kB
Active:           364416 kB
Mem:          3.8G       3.7G       117M       5.7M        27M       3.2G

MemTotal:        4016004 kB
MemFree:          122224 kB
Active:           364384 kB
Mem:          3.8G       3.7G       118M       5.7M        27M       3.2G

MemTotal:        4016004 kB
MemFree:          129072 kB
Active:           364424 kB
Mem:          3.8G       3.7G       125M       5.7M        27M       3.2G

MemTotal:        4016004 kB
MemFree:          117468 kB
Active:           364428 kB
Mem:          3.8G       3.7G       114M       5.7M        27M       3.2G

MemTotal:        4016004 kB
MemFree:          110064 kB
Active:           362016 kB
Mem:          3.8G       3.7G       106M       5.7M        27M       3.2G

MemTotal:        4016004 kB
MemFree:          121912 kB
Active:           362016 kB
Mem:          3.8G       3.7G       124M       5.7M        27M       3.2G

MemTotal:        4016004 kB
MemFree:          119336 kB
Active:           362036 kB
Mem:          3.8G       3.7G       116M       5.7M        28M       3.2G

MemTotal:        4016004 kB
MemFree:          132812 kB
Active:           362048 kB
Mem:          3.8G       3.7G       128M       5.7M        28M       3.2G

MemTotal:        4016004 kB
MemFree:          122256 kB
Active:           362048 kB
Mem:          3.8G       3.7G       119M       5.7M        28M       3.2G

MemTotal:        4016004 kB
MemFree:          123868 kB
Active:           362044 kB
Mem:          3.8G       3.7G       119M       5.7M        28M       3.2G

MemTotal:        4016004 kB
MemFree:          137928 kB
Active:           362052 kB
Mem:          3.8G       3.7G       134M       5.7M        28M       3.2G

MemTotal:        4016004 kB
MemFree:          139280 kB
Active:           362072 kB
Mem:          3.8G       3.7G       135M       5.7M        28M       3.2G

MemTotal:        4016004 kB
MemFree:          128032 kB
Active:           362064 kB
Mem:          3.8G       3.7G       124M       5.7M        28M       3.2G

MemTotal:        4016004 kB
MemFree:          135360 kB
Active:           362028 kB
Mem:          3.8G       3.7G       131M       5.7M        28M       3.2G

MemTotal:        4016004 kB
MemFree:          132348 kB
Active:           362024 kB
Mem:          3.8G       3.7G       129M       5.7M        28M       3.2G

MemTotal:        4016004 kB
MemFree:          128380 kB
Active:           362080 kB
Mem:          3.8G       3.7G       124M       5.7M        28M       3.2G

MemTotal:        4016004 kB
MemFree:          132488 kB
Active:           359088 kB
Mem:          3.8G       3.7G       128M       5.7M        28M       3.2G

MemTotal:        4016004 kB
MemFree:          132876 kB
Active:           358948 kB
Mem:          3.8G       3.7G       129M       5.7M        28M       3.2G

MemTotal:        4016004 kB
MemFree:          111680 kB
Active:           358948 kB
Mem:          3.8G       3.7G       109M       5.7M        28M       3.2G

MemTotal:        4016004 kB
MemFree:          127248 kB
Active:           358904 kB
Mem:          3.8G       3.7G       123M       5.7M        28M       3.2G

MemTotal:        4016004 kB
MemFree:          125324 kB
Active:           358952 kB
Mem:          3.8G       3.7G       122M       5.7M        28M       3.2G

MemTotal:        4016004 kB
MemFree:          124988 kB
Active:           358956 kB
Mem:          3.8G       3.7G       122M       5.7M        28M       3.2G

MemTotal:        4016004 kB
MemFree:          125752 kB
Active:           358952 kB
Mem:          3.8G       3.7G       122M       5.7M        28M       3.2G

MemTotal:        4016004 kB
MemFree:          115100 kB
Active:           358960 kB
Mem:          3.8G       3.7G       111M       5.7M        28M       3.2G

MemTotal:        4016004 kB
MemFree:          133728 kB
Active:           358928 kB
Mem:          3.8G       3.7G       130M       5.7M        28M       3.2G

MemTotal:        4016004 kB
MemFree:          124068 kB
Active:           358964 kB
Mem:          3.8G       3.7G       120M       5.7M        28M       3.2G

MemTotal:        4016004 kB
MemFree:          126452 kB
Active:           358932 kB
Mem:          3.8G       3.7G       122M       5.7M        28M       3.2G

MemTotal:        4016004 kB
MemFree:          129068 kB
Active:           358964 kB
Mem:          3.8G       3.7G       125M       5.7M        28M       3.2G

MemTotal:        4016004 kB
MemFree:          129832 kB
Active:           358972 kB
Mem:          3.8G       3.7G       126M       5.7M        28M       3.2G

MemTotal:        4016004 kB
MemFree:          104756 kB
Active:           358932 kB
Mem:          3.8G       3.7G       102M       5.7M        28M       3.2G

MemTotal:        4016004 kB
MemFree:          119712 kB
Active:           358956 kB
Mem:          3.8G       3.7G       115M       5.7M        28M       3.2G

MemTotal:        4016004 kB
MemFree:          108580 kB
Active:           358956 kB
Mem:          3.8G       3.7G       105M       5.7M        28M       3.2G

MemTotal:        4016004 kB
MemFree:          115412 kB
Active:           358884 kB
Mem:          3.8G       3.7G       111M       5.7M        28M       3.2G

MemTotal:        4016004 kB
MemFree:          105768 kB
Active:           359028 kB
Mem:          3.8G       3.7G       103M       5.7M        28M       3.2G

MemTotal:        4016004 kB
MemFree:          124492 kB
Active:           354424 kB
Mem:          3.8G       3.7G       120M       5.7M        28M       3.2G

MemTotal:        4016004 kB
MemFree:          107176 kB
Active:           354288 kB
Mem:          3.8G       3.7G       103M       5.7M        28M       3.2G

MemTotal:        4016004 kB
MemFree:          124176 kB
Active:           354316 kB
Mem:          3.8G       3.7G       120M       5.7M        28M       3.2G

MemTotal:        4016004 kB
MemFree:          125760 kB
Active:           354464 kB
Mem:          3.8G       3.7G       121M       5.7M        28M       3.2G

MemTotal:        4016004 kB
MemFree:          126820 kB
Active:           354476 kB
Mem:          3.8G       3.7G       122M       5.7M        28M       3.2G

MemTotal:        4016004 kB
MemFree:          107392 kB
Active:           354352 kB
Mem:          3.8G       3.7G       104M       5.7M        28M       3.2G

MemTotal:        4016004 kB
MemFree:          127048 kB
Active:           354364 kB
Mem:          3.8G       3.7G       123M       5.7M        28M       3.2G

MemTotal:        4016004 kB
MemFree:          111440 kB
Active:           354376 kB
Mem:          3.8G       3.7G       107M       5.7M        28M       3.2G

MemTotal:        4016004 kB
MemFree:          125252 kB
Active:           354376 kB
Mem:          3.8G       3.7G       121M       5.7M        28M       3.2G

MemTotal:        4016004 kB
MemFree:          145124 kB
Active:           354356 kB
Mem:          3.8G       3.7G       140M       5.7M        28M       3.2G

MemTotal:        4016004 kB
MemFree:          134348 kB
Active:           354372 kB
Mem:          3.8G       3.7G       130M       5.7M        28M       3.2G

MemTotal:        4016004 kB
MemFree:          124580 kB
Active:           354384 kB
Mem:          3.8G       3.7G       121M       5.7M        28M       3.2G

MemTotal:        4016004 kB
MemFree:          130916 kB
Active:           354332 kB
Mem:          3.8G       3.7G       127M       5.7M        28M       3.2G

MemTotal:        4016004 kB
MemFree:          123628 kB
Active:           354376 kB
Mem:          3.8G       3.7G       120M       5.7M        28M       3.2G

MemTotal:        4016004 kB
MemFree:          113892 kB
Active:           354404 kB
Mem:          3.8G       3.7G       110M       5.7M        28M       3.2G

MemTotal:        4016004 kB
MemFree:          127328 kB
Active:           354404 kB
Mem:          3.8G       3.7G       123M       5.7M        28M       3.2G

MemTotal:        4016004 kB
MemFree:          110732 kB
Active:           354404 kB
Mem:          3.8G       3.7G       107M       5.7M        28M       3.2G

MemTotal:        4016004 kB
MemFree:          132380 kB
Active:           354404 kB
Mem:          3.8G       3.7G       129M       5.7M        28M       3.2G

MemTotal:        4016004 kB
MemFree:          136600 kB
Active:           353904 kB
Mem:          3.8G       3.7G       132M       5.7M        28M       3.2G

MemTotal:        4016004 kB
MemFree:          112608 kB
Active:           353928 kB
Mem:          3.8G       3.7G       109M       5.7M        28M       3.2G

MemTotal:        4016004 kB
MemFree:          112768 kB
Active:           353920 kB
Mem:          3.8G       3.7G       109M       5.7M        28M       3.2G

MemTotal:        4016004 kB
MemFree:          120520 kB
Active:           353936 kB
Mem:          3.8G       3.7G       117M       5.7M        28M       3.2G

MemTotal:        4016004 kB
MemFree:          109992 kB
Active:           353904 kB
Mem:          3.8G       3.7G       106M       5.7M        28M       3.2G

MemTotal:        4016004 kB
MemFree:          116344 kB
Active:           353940 kB
Mem:          3.8G       3.7G       112M       5.7M        28M       3.2G

MemTotal:        4016004 kB
MemFree:          119100 kB
Active:           353908 kB
Mem:          3.8G       3.7G       115M       5.7M        28M       3.2G

MemTotal:        4016004 kB
MemFree:          108696 kB
Active:           353944 kB
Mem:          3.8G       3.7G       105M       5.7M        28M       3.2G

MemTotal:        4016004 kB
MemFree:          134128 kB
Active:           353960 kB
Mem:          3.8G       3.7G       129M       5.7M        28M       3.2G

MemTotal:        4016004 kB
MemFree:          139612 kB
Active:           353980 kB
Mem:          3.8G       3.7G       135M       5.7M        28M       3.2G

MemTotal:        4016004 kB
MemFree:          110552 kB
Active:           353932 kB
Mem:          3.8G       3.7G       107M       5.7M        28M       3.2G

MemTotal:        4016004 kB
MemFree:          134792 kB
Active:           353992 kB
Mem:          3.8G       3.7G       131M       5.7M        28M       3.2G

MemTotal:        4016004 kB
MemFree:          134796 kB
Active:           353940 kB
Mem:          3.8G       3.7G       131M       5.7M        28M       3.2G

MemTotal:        4016004 kB
MemFree:          135080 kB
Active:           354000 kB
Mem:          3.8G       3.7G       131M       5.7M        28M       3.2G

MemTotal:        4016004 kB
MemFree:          106252 kB
Active:           354008 kB
Mem:          3.8G       3.7G       103M       5.7M        28M       3.2G

MemTotal:        4016004 kB
MemFree:          131824 kB
Active:           353992 kB
Mem:          3.8G       3.7G       127M       5.7M        28M       3.2G

MemTotal:        4016004 kB
MemFree:          121916 kB
Active:           354004 kB
Mem:          3.8G       3.7G       118M       5.7M        28M       3.2G

MemTotal:        4016004 kB
MemFree:          123044 kB
Active:           354024 kB
Mem:          3.8G       3.7G       119M       5.7M        28M       3.2G

MemTotal:        4016004 kB
MemFree:          129272 kB
Active:           353980 kB
Mem:          3.8G       3.7G       125M       5.7M        28M       3.2G

MemTotal:        4016004 kB
MemFree:          118868 kB
Active:           353996 kB
Mem:          3.8G       3.7G       115M       5.7M        28M       3.2G

MemTotal:        4016004 kB
MemFree:          108728 kB
Active:           353972 kB
Mem:          3.8G       3.7G       105M       5.7M        28M       3.2G

MemTotal:        4016004 kB
MemFree:          143932 kB
Active:           354016 kB
Mem:          3.8G       3.7G       140M       5.7M        28M       3.2G

MemTotal:        4016004 kB
MemFree:          127128 kB
Active:           354024 kB
Mem:          3.8G       3.7G       122M       5.7M        28M       3.2G

MemTotal:        4016004 kB
MemFree:          139836 kB
Active:           354032 kB
Mem:          3.8G       3.7G       136M       5.7M        28M       3.2G

MemTotal:        4016004 kB
MemFree:          141212 kB
Active:           354044 kB
Mem:          3.8G       3.7G       137M       5.7M        28M       3.2G

MemTotal:        4016004 kB
MemFree:          133304 kB
Active:           354044 kB
Mem:          3.8G       3.7G       129M       5.7M        28M       3.2G

MemTotal:        4016004 kB
MemFree:          108152 kB
Active:           354044 kB
Mem:          3.8G       3.7G       105M       5.7M        28M       3.2G

MemTotal:        4016004 kB
MemFree:          107344 kB
Active:           354060 kB
Mem:          3.8G       3.7G       104M       5.7M        28M       3.2G

MemTotal:        4016004 kB
MemFree:          128560 kB
Active:           354060 kB
Mem:          3.8G       3.7G       124M       5.7M        28M       3.2G

MemTotal:        4016004 kB
MemFree:          105476 kB
Active:           354052 kB
Mem:          3.8G       3.7G       102M       5.7M        28M       3.2G

MemTotal:        4016004 kB
MemFree:          148616 kB
Active:           354044 kB
Mem:          3.8G       3.7G       144M       5.7M        28M       3.2G

MemTotal:        4016004 kB
MemFree:          126332 kB
Active:           354048 kB
Mem:          3.8G       3.7G       123M       5.7M        28M       3.2G

MemTotal:        4016004 kB
MemFree:          128980 kB
Active:           354068 kB
Mem:          3.8G       3.7G       125M       5.7M        28M       3.2G

MemTotal:        4016004 kB
MemFree:          106424 kB
Active:           354080 kB
Mem:          3.8G       3.7G       103M       5.7M        28M       3.2G

MemTotal:        4016004 kB
MemFree:          108684 kB
Active:           354076 kB
Mem:          3.8G       3.7G       105M       5.7M        28M       3.2G

MemTotal:        4016004 kB
MemFree:          133744 kB
Active:           354028 kB
Mem:          3.8G       3.7G       129M       5.7M        28M       3.2G

MemTotal:        4016004 kB
MemFree:          107888 kB
Active:           354056 kB
Mem:          3.8G       3.7G       104M       5.7M        28M       3.2G

MemTotal:        4016004 kB
MemFree:          118472 kB
Active:           354080 kB
Mem:          3.8G       3.7G       115M       5.7M        28M       3.2G

MemTotal:        4016004 kB
MemFree:          139844 kB
Active:           354088 kB
Mem:          3.8G       3.7G       135M       5.7M        28M       3.2G

MemTotal:        4016004 kB
MemFree:          128576 kB
Active:           354060 kB
Mem:          3.8G       3.7G       125M       5.7M        28M       3.2G

MemTotal:        4016004 kB
MemFree:          133620 kB
Active:           354104 kB
Mem:          3.8G       3.7G       129M       5.7M        28M       3.2G

MemTotal:        4016004 kB
MemFree:          123104 kB
Active:           354112 kB
Mem:          3.8G       3.7G       120M       5.7M        28M       3.2G

MemTotal:        4016004 kB
MemFree:          123044 kB
Active:           354080 kB
Mem:          3.8G       3.7G       120M       5.7M        28M       3.2G

MemTotal:        4016004 kB
MemFree:          117360 kB
Active:           354092 kB
Mem:          3.8G       3.7G       112M       5.7M        28M       3.2G

MemTotal:        4016004 kB
MemFree:          123588 kB
Active:           354120 kB
Mem:          3.8G       3.7G       119M       5.7M        28M       3.2G

MemTotal:        4016004 kB
MemFree:          112532 kB
Active:           354132 kB
Mem:          3.8G       3.7G       109M       5.7M        28M       3.2G

MemTotal:        4016004 kB
MemFree:          126440 kB
Active:           354096 kB
Mem:          3.8G       3.7G       122M       5.7M        28M       3.2G

MemTotal:        4016004 kB
MemFree:          127420 kB
Active:           354084 kB
Mem:          3.8G       3.7G       123M       5.7M        28M       3.2G

MemTotal:        4016004 kB
MemFree:          127844 kB
Active:           354140 kB
Mem:          3.8G       3.7G       124M       5.7M        28M       3.2G

MemTotal:        4016004 kB
MemFree:          124052 kB
Active:           354136 kB
Mem:          3.8G       3.7G       120M       5.7M        28M       3.2G

MemTotal:        4016004 kB
MemFree:          110500 kB
Active:           354108 kB
Mem:          3.8G       3.7G       107M       5.7M        28M       3.2G

MemTotal:        4016004 kB
MemFree:          126592 kB
Active:           354136 kB
Mem:          3.8G       3.7G       123M       5.7M        28M       3.2G

MemTotal:        4016004 kB
MemFree:          111104 kB
Active:           354104 kB
Mem:          3.8G       3.7G       108M       5.7M        28M       3.2G

MemTotal:        4016004 kB
MemFree:          112940 kB
Active:           354000 kB
Mem:          3.8G       3.7G       110M       5.7M        28M       3.2G

MemTotal:        4016004 kB
MemFree:          112824 kB
Active:           353884 kB
Mem:          3.8G       3.7G       110M       5.7M        28M       3.2G

MemTotal:        4016004 kB
MemFree:          112896 kB
Active:           353856 kB
Mem:          3.8G       3.7G       110M       5.7M        28M       3.2G

MemTotal:        4016004 kB
MemFree:          113144 kB
Active:           353804 kB
Mem:          3.8G       3.7G       110M       5.7M        28M       3.2G

MemTotal:        4016004 kB
MemFree:          113252 kB
Active:           353868 kB
Mem:          3.8G       3.7G       110M       5.7M        28M       3.2G

MemTotal:        4016004 kB
MemFree:          113392 kB
Active:           353824 kB
Mem:          3.8G       3.7G       110M       5.7M        28M       3.2G

MemTotal:        4016004 kB
MemFree:          113252 kB
Active:           353852 kB
Mem:          3.8G       3.7G       110M       5.7M        28M       3.2G

MemTotal:        4016004 kB
MemFree:          113376 kB
Active:           353840 kB
Mem:          3.8G       3.7G       110M       5.7M        28M       3.2G

MemTotal:        4016004 kB
MemFree:          113004 kB
Active:           353872 kB
Mem:          3.8G       3.7G       110M       5.7M        28M       3.2G

MemTotal:        4016004 kB
MemFree:          113376 kB
Active:           353872 kB
Mem:          3.8G       3.7G       110M       5.7M        28M       3.2G

MemTotal:        4016004 kB
MemFree:          113004 kB
Active:           353864 kB
Mem:          3.8G       3.7G       109M       5.7M        28M       3.2G

MemTotal:        4016004 kB
MemFree:          112880 kB
Active:           353844 kB
Mem:          3.8G       3.7G       109M       5.7M        28M       3.2G

MemTotal:        4016004 kB
MemFree:          113112 kB
Active:           353872 kB
Mem:          3.8G       3.7G       110M       5.7M        28M       3.2G

MemTotal:        4016004 kB
MemFree:          112864 kB
Active:           353884 kB
Mem:          3.8G       3.7G       110M       5.7M        28M       3.2G

MemTotal:        4016004 kB
MemFree:          113500 kB
Active:           353884 kB
Mem:          3.8G       3.7G       110M       5.7M        28M       3.2G

MemTotal:        4016004 kB
MemFree:          113128 kB
Active:           353856 kB
Mem:          3.8G       3.7G       110M       5.7M        28M       3.2G

MemTotal:        4016004 kB
MemFree:          112756 kB
Active:           353880 kB
Mem:          3.8G       3.7G       109M       5.7M        28M       3.2G

MemTotal:        4016004 kB
MemFree:          112616 kB
Active:           353912 kB
Mem:          3.8G       3.7G       110M       5.7M        28M       3.2G

MemTotal:        4016004 kB
MemFree:          112740 kB
Active:           353844 kB
Mem:          3.8G       3.7G       109M       5.7M        28M       3.2G

MemTotal:        4016004 kB
MemFree:          112756 kB
Active:           353900 kB
Mem:          3.8G       3.7G       110M       5.7M        28M       3.2G

MemTotal:        4016004 kB
MemFree:          112864 kB
Active:           353928 kB
Mem:          3.8G       3.7G       109M       5.7M        28M       3.2G

MemTotal:        4016004 kB
MemFree:          112384 kB
Active:           353916 kB
Mem:          3.8G       3.7G       109M       5.7M        28M       3.2G

MemTotal:        4016004 kB
MemFree:          112616 kB
Active:           353920 kB
Mem:          3.8G       3.7G       109M       5.7M        28M       3.2G

MemTotal:        4016004 kB
MemFree:          112368 kB
Active:           353924 kB
Mem:          3.8G       3.7G       109M       5.7M        28M       3.2G

MemTotal:        4016004 kB
MemFree:          112640 kB
Active:           353988 kB
Mem:          3.8G       3.7G       109M       5.7M        28M       3.2G

MemTotal:        4016004 kB
MemFree:          112740 kB
Active:           353920 kB
Mem:          3.8G       3.7G       110M       5.7M        28M       3.2G

MemTotal:        4016004 kB
MemFree:          112740 kB
Active:           353888 kB
Mem:          3.8G       3.7G       110M       5.7M        28M       3.2G

MemTotal:        4016004 kB
MemFree:          113376 kB
Active:           353880 kB
Mem:          3.8G       3.7G       110M       5.7M        28M       3.2G

MemTotal:        4016004 kB
MemFree:          113500 kB
Active:           353884 kB
Mem:          3.8G       3.7G       110M       5.7M        28M       3.2G

MemTotal:        4016004 kB
MemFree:          113608 kB
Active:           353940 kB
Mem:          3.8G       3.7G       110M       5.7M        28M       3.2G

MemTotal:        4016004 kB
MemFree:          113052 kB
Active:           353904 kB
Mem:          3.8G       3.7G       110M       5.7M        28M       3.2G

MemTotal:        4016004 kB
MemFree:          113580 kB
Active:           353940 kB
Mem:          3.8G       3.7G       110M       5.7M        28M       3.2G

MemTotal:        4016004 kB
MemFree:          113720 kB
Active:           353948 kB
Mem:          3.8G       3.7G       110M       5.7M        28M       3.2G

MemTotal:        4016004 kB
MemFree:          112736 kB
Active:           354036 kB
Mem:          3.8G       3.7G       109M       5.7M        28M       3.2G

MemTotal:        4016004 kB
MemFree:          113132 kB
Active:           354112 kB
Mem:          3.8G       3.7G       109M       5.7M        28M       3.2G

MemTotal:        4016004 kB
MemFree:          112712 kB
Active:           354112 kB
Mem:          3.8G       3.7G       109M       5.7M        28M       3.2G

MemTotal:        4016004 kB
MemFree:          112712 kB
Active:           354208 kB
Mem:          3.8G       3.7G       110M       5.7M        28M       3.2G

MemTotal:        4016004 kB
MemFree:          112804 kB
Active:           353948 kB
Mem:          3.8G       3.7G       110M       5.7M        28M       3.2G

MemTotal:        4016004 kB
MemFree:          112940 kB
Active:           354056 kB
Mem:          3.8G       3.7G       109M       5.7M        28M       3.2G

MemTotal:        4016004 kB
MemFree:          112804 kB
Active:           354000 kB
Mem:          3.8G       3.7G       110M       5.7M        28M       3.2G

MemTotal:        4016004 kB
MemFree:          112836 kB
Active:           354008 kB
Mem:          3.8G       3.7G       110M       5.7M        28M       3.2G

MemTotal:        4016004 kB
MemFree:          112744 kB
Active:           354104 kB
Mem:          3.8G       3.7G       109M       5.7M        28M       3.2G

MemTotal:        4016004 kB
MemFree:          112596 kB
Active:           354140 kB
Mem:          3.8G       3.7G       109M       5.7M        28M       3.2G

MemTotal:        4016004 kB
MemFree:          112540 kB
Active:           354012 kB
Mem:          3.8G       3.7G       109M       5.7M        28M       3.2G

MemTotal:        4016004 kB
MemFree:          112928 kB
Active:           354012 kB
Mem:          3.8G       3.7G       110M       5.7M        28M       3.2G

MemTotal:        4016004 kB
MemFree:          113160 kB
Active:           354004 kB
Mem:          3.8G       3.7G       110M       5.7M        28M       3.2G

MemTotal:        4016004 kB
MemFree:          113160 kB
Active:           354080 kB
Mem:          3.8G       3.7G       110M       5.7M        28M       3.2G

MemTotal:        4016004 kB
MemFree:          112928 kB
Active:           354124 kB
Mem:          3.8G       3.7G       110M       5.7M        28M       3.2G

MemTotal:        4016004 kB
MemFree:          113084 kB
Active:           354084 kB
Mem:          3.8G       3.7G       110M       5.7M        28M       3.2G

MemTotal:        4016004 kB
MemFree:          113100 kB
Active:           354052 kB
Mem:          3.8G       3.7G       110M       5.7M        28M       3.2G

MemTotal:        4016004 kB
MemFree:          113284 kB
Active:           353960 kB
Mem:          3.8G       3.7G       110M       5.7M        28M       3.2G

MemTotal:        4016004 kB
MemFree:          113176 kB
Active:           354008 kB
Mem:          3.8G       3.7G       110M       5.7M        28M       3.2G

MemTotal:        4016004 kB
MemFree:          113656 kB
Active:           353976 kB
Mem:          3.8G       3.7G       110M       5.7M        28M       3.2G

MemTotal:        4016004 kB
MemFree:          113812 kB
Active:           354064 kB
Mem:          3.8G       3.7G       111M       5.7M        28M       3.2G

MemTotal:        4016004 kB
MemFree:          113796 kB
Active:           354108 kB
Mem:          3.8G       3.7G       110M       5.7M        28M       3.2G

MemTotal:        4016004 kB
MemFree:          113612 kB
Active:           354156 kB
Mem:          3.8G       3.7G       110M       5.7M        28M       3.2G

MemTotal:        4016004 kB
MemFree:          113428 kB
Active:           354280 kB
Mem:          3.8G       3.7G       110M       5.7M        28M       3.2G

MemTotal:        4016004 kB
MemFree:          113588 kB
Active:           354124 kB
Mem:          3.8G       3.7G       110M       5.7M        28M       3.2G

MemTotal:        4016004 kB
MemFree:          113504 kB
Active:           354152 kB
Mem:          3.8G       3.7G       110M       5.7M        28M       3.2G

MemTotal:        4016004 kB
MemFree:          113192 kB
Active:           354160 kB
Mem:          3.8G       3.7G       110M       5.7M        28M       3.2G

MemTotal:        4016004 kB
MemFree:          113068 kB
Active:           354080 kB
Mem:          3.8G       3.7G       110M       5.7M        28M       3.2G

MemTotal:        4016004 kB
MemFree:          113176 kB
Active:           354024 kB
Mem:          3.8G       3.7G       110M       5.7M        28M       3.2G

MemTotal:        4016004 kB
MemFree:          112852 kB
Active:           354148 kB
Mem:          3.8G       3.7G       109M       5.7M        28M       3.2G

MemTotal:        4016004 kB
MemFree:          112852 kB
Active:           354140 kB
Mem:          3.8G       3.7G       109M       5.7M        28M       3.2G

MemTotal:        4016004 kB
MemFree:          112728 kB
Active:           354264 kB
Mem:          3.8G       3.7G       110M       5.7M        28M       3.2G

MemTotal:        4016004 kB
MemFree:          112992 kB
Active:           354076 kB
Mem:          3.8G       3.7G       110M       5.7M        28M       3.2G

MemTotal:        4016004 kB
MemFree:          112976 kB
Active:           354128 kB
Mem:          3.8G       3.7G       110M       5.7M        28M       3.2G

MemTotal:        4016004 kB
MemFree:          112960 kB
Active:           354048 kB
Mem:          3.8G       3.7G       110M       5.7M        28M       3.2G

MemTotal:        4016004 kB
MemFree:          112696 kB
Active:           354008 kB
Mem:          3.8G       3.7G       110M       5.7M        28M       3.2G

MemTotal:        4016004 kB
MemFree:          113084 kB
Active:           354096 kB
Mem:          3.8G       3.7G       110M       5.7M        28M       3.2G

MemTotal:        4016004 kB
MemFree:          113052 kB
Active:           354180 kB
Mem:          3.8G       3.7G       109M       5.7M        28M       3.2G

MemTotal:        4016004 kB
MemFree:          113068 kB
Active:           353932 kB
Mem:          3.8G       3.7G       110M       5.7M        28M       3.2G

MemTotal:        4016004 kB
MemFree:          113256 kB
Active:           354148 kB
Mem:          3.8G       3.7G       110M       5.7M        28M       3.2G

MemTotal:        4016004 kB
MemFree:          113216 kB
Active:           354100 kB
Mem:          3.8G       3.7G       110M       5.7M        28M       3.2G

MemTotal:        4016004 kB
MemFree:          113116 kB
Active:           354152 kB
Mem:          3.8G       3.7G       110M       5.7M        28M       3.2G

MemTotal:        4016004 kB
MemFree:          113424 kB
Active:           354192 kB
Mem:          3.8G       3.7G       110M       5.7M        28M       3.2G

MemTotal:        4016004 kB
MemFree:          113176 kB
Active:           354124 kB
Mem:          3.8G       3.7G       110M       5.7M        28M       3.2G

MemTotal:        4016004 kB
MemFree:          113068 kB
Active:           354108 kB
Mem:          3.8G       3.7G       110M       5.7M        28M       3.2G

MemTotal:        4016004 kB
MemFree:          112820 kB
Active:           354044 kB
Mem:          3.8G       3.7G       109M       5.7M        28M       3.2G

MemTotal:        4016004 kB
MemFree:          112572 kB
Active:           353944 kB
Mem:          3.8G       3.7G       110M       5.7M        28M       3.2G

MemTotal:        4016004 kB
MemFree:          113148 kB
Active:           354164 kB
Mem:          3.8G       3.7G       110M       5.7M        28M       3.2G

MemTotal:        4016004 kB
MemFree:          112728 kB
Active:           354308 kB
Mem:          3.8G       3.7G       110M       5.7M        28M       3.2G

MemTotal:        4016004 kB
MemFree:          112696 kB
Active:           354168 kB
Mem:          3.8G       3.7G       110M       5.7M        28M       3.2G

MemTotal:        4016004 kB
MemFree:          112768 kB
Active:           354020 kB
Mem:          3.8G       3.7G       109M       5.7M        28M       3.2G

MemTotal:        4016004 kB
MemFree:          112308 kB
Active:           354164 kB
Mem:          3.8G       3.7G       109M       5.7M        28M       3.2G

MemTotal:        4016004 kB
MemFree:          112308 kB
Active:           354124 kB
Mem:          3.8G       3.7G       109M       5.7M        28M       3.2G

MemTotal:        4016004 kB
MemFree:          112572 kB
Active:           354072 kB
Mem:          3.8G       3.7G       109M       5.7M        28M       3.2G

MemTotal:        4016004 kB
MemFree:          112588 kB
Active:           354244 kB
Mem:          3.8G       3.7G       109M       5.7M        28M       3.2G

MemTotal:        4016004 kB
MemFree:          112528 kB
Active:           354168 kB
Mem:          3.8G       3.7G       109M       5.7M        28M       3.2G

MemTotal:        4016004 kB
MemFree:          112240 kB
Active:           354100 kB
Mem:          3.8G       3.7G       110M       5.7M        28M       3.2G

MemTotal:        4016004 kB
MemFree:          112712 kB
Active:           354100 kB
Mem:          3.8G       3.7G       110M       5.7M        28M       3.2G

MemTotal:        4016004 kB
MemFree:          112556 kB
Active:           354184 kB
Mem:          3.8G       3.7G       109M       5.7M        28M       3.2G

MemTotal:        4016004 kB
MemFree:          112588 kB
Active:           354168 kB
Mem:          3.8G       3.7G       109M       5.7M        28M       3.2G

MemTotal:        4016004 kB
MemFree:          111984 kB
Active:           354276 kB
Mem:          3.8G       3.7G       109M       5.7M        28M       3.2G

MemTotal:        4016004 kB
MemFree:          112324 kB
Active:           354120 kB
Mem:          3.8G       3.7G       109M       5.7M        28M       3.2G

MemTotal:        4016004 kB
MemFree:          112604 kB
Active:           354108 kB
Mem:          3.8G       3.7G       109M       5.7M        28M       3.2G

MemTotal:        4016004 kB
MemFree:          112604 kB
Active:           354116 kB
Mem:          3.8G       3.7G       109M       5.7M        28M       3.2G

MemTotal:        4016004 kB
MemFree:          112356 kB
Active:           354100 kB
Mem:          3.8G       3.7G       109M       5.7M        28M       3.2G

MemTotal:        4016004 kB
MemFree:          112696 kB
Active:           353988 kB
Mem:          3.8G       3.7G       109M       5.7M        28M       3.2G

MemTotal:        4016004 kB
MemFree:          112776 kB
Active:           354244 kB
Mem:          3.8G       3.7G       109M       5.7M        28M       3.2G

MemTotal:        4016004 kB
MemFree:          112480 kB
Active:           354116 kB
Mem:          3.8G       3.7G       109M       5.7M        28M       3.2G

MemTotal:        4016004 kB
MemFree:          112436 kB
Active:           354280 kB
Mem:          3.8G       3.7G       109M       5.7M        28M       3.2G

MemTotal:        4016004 kB
MemFree:          112464 kB
Active:           354024 kB
Mem:          3.8G       3.7G       109M       5.7M        28M       3.2G

MemTotal:        4016004 kB
MemFree:          112976 kB
Active:           354076 kB
Mem:          3.8G       3.7G       110M       5.7M        28M       3.2G

MemTotal:        4016004 kB
MemFree:          112588 kB
Active:           354220 kB
Mem:          3.8G       3.7G       110M       5.7M        28M       3.2G

MemTotal:        4016004 kB
MemFree:          113224 kB
Active:           354116 kB
Mem:          3.8G       3.7G       110M       5.7M        28M       3.2G

MemTotal:        4016004 kB
MemFree:          112696 kB
Active:           353868 kB
Mem:          3.8G       3.7G       109M       5.7M        28M       3.2G

MemTotal:        4016004 kB
MemFree:          112060 kB
Active:           354416 kB
Mem:          3.8G       3.7G       109M       5.7M        28M       3.2G

MemTotal:        4016004 kB
MemFree:          112340 kB
Active:           354096 kB
Mem:          3.8G       3.7G       109M       5.7M        28M       3.2G

MemTotal:        4016004 kB
MemFree:          112480 kB
Active:           354148 kB
Mem:          3.8G       3.7G       110M       5.7M        28M       3.2G

MemTotal:        4016004 kB
MemFree:          112604 kB
Active:           354296 kB
Mem:          3.8G       3.7G       109M       5.7M        28M       3.2G

MemTotal:        4016004 kB
MemFree:          112480 kB
Active:           354132 kB
Mem:          3.8G       3.7G       110M       5.7M        28M       3.2G

MemTotal:        4016004 kB
MemFree:          112728 kB
Active:           354108 kB
Mem:          3.8G       3.7G       110M       5.7M        28M       3.2G

MemTotal:        4016004 kB
MemFree:          113100 kB
Active:           354100 kB
Mem:          3.8G       3.7G       110M       5.7M        28M       3.2G

MemTotal:        4016004 kB
MemFree:          112960 kB
Active:           354368 kB
Mem:          3.8G       3.7G       110M       5.7M        28M       3.2G

MemTotal:        4016004 kB
MemFree:          111720 kB
Active:           354364 kB
Mem:          3.8G       3.7G       109M       5.7M        28M       3.2G

MemTotal:        4016004 kB
MemFree:          112108 kB
Active:           354280 kB
Mem:          3.8G       3.7G       109M       5.7M        28M       3.2G

MemTotal:        4016004 kB
MemFree:          112356 kB
Active:           354304 kB
Mem:          3.8G       3.7G       109M       5.7M        28M       3.2G

MemTotal:        4016004 kB
MemFree:          112108 kB
Active:           354280 kB
Mem:          3.8G       3.7G       109M       5.7M        28M       3.2G

MemTotal:        4016004 kB
MemFree:          111612 kB
Active:           354220 kB
Mem:          3.8G       3.7G       108M       5.7M        28M       3.2G

MemTotal:        4016004 kB
MemFree:          111364 kB
Active:           354280 kB
Mem:          3.8G       3.7G       108M       5.7M        28M       3.2G

MemTotal:        4016004 kB
MemFree:          112116 kB
Active:           354136 kB
Mem:          3.8G       3.7G       109M       5.7M        28M       3.2G

MemTotal:        4016004 kB
MemFree:          111704 kB
Active:           354240 kB
Mem:          3.8G       3.7G       108M       5.7M        28M       3.2G

MemTotal:        4016004 kB
MemFree:          111736 kB
Active:           354216 kB
Mem:          3.8G       3.7G       109M       5.7M        28M       3.2G

MemTotal:        4016004 kB
MemFree:          111736 kB
Active:           354288 kB
Mem:          3.8G       3.7G       109M       5.7M        28M       3.2G

MemTotal:        4016004 kB
MemFree:          111860 kB
Active:           354284 kB
Mem:          3.8G       3.7G       109M       5.7M        28M       3.2G

MemTotal:        4016004 kB
MemFree:          112108 kB
Active:           354280 kB
Mem:          3.8G       3.7G       109M       5.7M        28M       3.2G

MemTotal:        4016004 kB
MemFree:          112232 kB
Active:           354236 kB
Mem:          3.8G       3.7G       109M       5.7M        28M       3.2G

MemTotal:        4016004 kB
MemFree:          112108 kB
Active:           354300 kB
Mem:          3.8G       3.7G       109M       5.7M        28M       3.2G

MemTotal:        4016004 kB
MemFree:          112108 kB
Active:           354308 kB
Mem:          3.8G       3.7G       109M       5.7M        28M       3.2G

MemTotal:        4016004 kB
MemFree:          112108 kB
Active:           354312 kB
Mem:          3.8G       3.7G       109M       5.7M        28M       3.2G

MemTotal:        4016004 kB
MemFree:          111984 kB
Active:           354316 kB
Mem:          3.8G       3.7G       109M       5.7M        28M       3.2G

MemTotal:        4016004 kB
MemFree:          111612 kB
Active:           354316 kB
Mem:          3.8G       3.7G       108M       5.7M        28M       3.2G

MemTotal:        4016004 kB
MemFree:          111488 kB
Active:           354316 kB
Mem:          3.8G       3.7G       108M       5.7M        28M       3.2G

MemTotal:        4016004 kB
MemFree:          111612 kB
Active:           354316 kB
Mem:          3.8G       3.7G       109M       5.7M        28M       3.2G

MemTotal:        4016004 kB
MemFree:          111364 kB
Active:           354324 kB
Mem:          3.8G       3.7G       108M       5.7M        28M       3.2G

MemTotal:        4016004 kB
MemFree:          111488 kB
Active:           354272 kB
Mem:          3.8G       3.7G       108M       5.7M        28M       3.2G

MemTotal:        4016004 kB
MemFree:          111364 kB
Active:           354328 kB
Mem:          3.8G       3.7G       108M       5.7M        28M       3.2G

MemTotal:        4016004 kB
MemFree:          111736 kB
Active:           354328 kB
Mem:          3.8G       3.7G       109M       5.7M        28M       3.2G

MemTotal:        4016004 kB
MemFree:          111860 kB
Active:           354280 kB
Mem:          3.8G       3.7G       108M       5.7M        28M       3.2G

MemTotal:        4016004 kB
MemFree:          111860 kB
Active:           354320 kB
Mem:          3.8G       3.7G       108M       5.7M        28M       3.2G

MemTotal:        4016004 kB
MemFree:          111860 kB
Active:           354276 kB
Mem:          3.8G       3.7G       109M       5.7M        28M       3.2G

MemTotal:        4016004 kB
MemFree:          111860 kB
Active:           354312 kB
Mem:          3.8G       3.7G       108M       5.7M        28M       3.2G

MemTotal:        4016004 kB
MemFree:          111984 kB
Active:           354308 kB
Mem:          3.8G       3.7G       109M       5.7M        28M       3.2G

MemTotal:        4016004 kB
MemFree:          111984 kB
Active:           354320 kB
Mem:          3.8G       3.7G       109M       5.7M        28M       3.2G

MemTotal:        4016004 kB
MemFree:          112108 kB
Active:           354340 kB
Mem:          3.8G       3.7G       108M       5.7M        28M       3.2G

MemTotal:        4016004 kB
MemFree:          111736 kB
Active:           354340 kB
Mem:          3.8G       3.7G       109M       5.7M        28M       3.2G

MemTotal:        4016004 kB
MemFree:          112356 kB
Active:           354332 kB
Mem:          3.8G       3.7G       109M       5.7M        28M       3.2G

MemTotal:        4016004 kB
MemFree:          112232 kB
Active:           354336 kB
Mem:          3.8G       3.7G       109M       5.7M        28M       3.2G

MemTotal:        4016004 kB
MemFree:          112604 kB
Active:           354296 kB
Mem:          3.8G       3.7G       109M       5.7M        28M       3.2G

MemTotal:        4016004 kB
MemFree:          112480 kB
Active:           354320 kB
Mem:          3.8G       3.7G       109M       5.7M        28M       3.2G

MemTotal:        4016004 kB
MemFree:          112108 kB
Active:           354308 kB
Mem:          3.8G       3.7G       109M       5.7M        28M       3.2G

MemTotal:        4016004 kB
MemFree:          112108 kB
Active:           354304 kB
Mem:          3.8G       3.7G       109M       5.7M        28M       3.2G

MemTotal:        4016004 kB
MemFree:          112232 kB
Active:           354328 kB
Mem:          3.8G       3.7G       109M       5.7M        28M       3.2G

MemTotal:        4016004 kB
MemFree:          112356 kB
Active:           354296 kB
Mem:          3.8G       3.7G       109M       5.7M        28M       3.2G

MemTotal:        4016004 kB
MemFree:          112232 kB
Active:           354280 kB
Mem:          3.8G       3.7G       109M       5.7M        28M       3.2G

MemTotal:        4016004 kB
MemFree:          112108 kB
Active:           354340 kB
Mem:          3.8G       3.7G       109M       5.7M        28M       3.2G

MemTotal:        4016004 kB
MemFree:          111984 kB
Active:           354348 kB
Mem:          3.8G       3.7G       109M       5.7M        28M       3.2G

MemTotal:        4016004 kB
MemFree:          111984 kB
Active:           354360 kB
Mem:          3.8G       3.7G       109M       5.7M        28M       3.2G

MemTotal:        4016004 kB
MemFree:          111860 kB
Active:           354344 kB
Mem:          3.8G       3.7G       109M       5.7M        28M       3.2G

MemTotal:        4016004 kB
MemFree:          111860 kB
Active:           354360 kB
Mem:          3.8G       3.7G       108M       5.7M        28M       3.2G

MemTotal:        4016004 kB
MemFree:          111736 kB
Active:           354368 kB
Mem:          3.8G       3.7G       109M       5.7M        28M       3.2G

MemTotal:        4016004 kB
MemFree:          111984 kB
Active:           354316 kB
Mem:          3.8G       3.7G       109M       5.7M        28M       3.2G

MemTotal:        4016004 kB
MemFree:          111984 kB
Active:           354364 kB
Mem:          3.8G       3.7G       109M       5.7M        28M       3.2G

MemTotal:        4016004 kB
MemFree:          111736 kB
Active:           354376 kB
Mem:          3.8G       3.7G       109M       5.7M        28M       3.2G

MemTotal:        4016004 kB
MemFree:          112108 kB
Active:           354376 kB
Mem:          3.8G       3.7G       109M       5.7M        28M       3.2G

MemTotal:        4016004 kB
MemFree:          112480 kB
Active:           354372 kB
Mem:          3.8G       3.7G       109M       5.7M        28M       3.2G

MemTotal:        4016004 kB
MemFree:          111984 kB
Active:           354344 kB
Mem:          3.8G       3.7G       109M       5.7M        28M       3.2G

MemTotal:        4016004 kB
MemFree:          111488 kB
Active:           354392 kB
Mem:          3.8G       3.7G       109M       5.7M        28M       3.2G

MemTotal:        4016004 kB
MemFree:          112232 kB
Active:           354384 kB
Mem:          3.8G       3.7G       109M       5.7M        28M       3.2G

MemTotal:        4016004 kB
MemFree:          112108 kB
Active:           354392 kB
Mem:          3.8G       3.7G       109M       5.7M        28M       3.2G

MemTotal:        4016004 kB
MemFree:          112480 kB
Active:           354380 kB
Mem:          3.8G       3.7G       109M       5.7M        28M       3.2G

MemTotal:        4016004 kB
MemFree:          112356 kB
Active:           354348 kB
Mem:          3.8G       3.7G       109M       5.7M        28M       3.2G

MemTotal:        4016004 kB
MemFree:          112356 kB
Active:           354396 kB
Mem:          3.8G       3.7G       110M       5.7M        28M       3.2G

MemTotal:        4016004 kB
MemFree:          112480 kB
Active:           354360 kB
Mem:          3.8G       3.7G       109M       5.7M        28M       3.2G

MemTotal:        4016004 kB
MemFree:          113012 kB
Active:           354352 kB
Mem:          3.8G       3.7G       110M       5.7M        28M       3.2G

MemTotal:        4016004 kB
MemFree:          112516 kB
Active:           354396 kB
Mem:          3.8G       3.7G       109M       5.7M        28M       3.2G

MemTotal:        4016004 kB
MemFree:          112888 kB
Active:           354400 kB
Mem:          3.8G       3.7G       110M       5.7M        28M       3.2G

MemTotal:        4016004 kB
MemFree:          112640 kB
Active:           354404 kB
Mem:          3.8G       3.7G       110M       5.7M        28M       3.2G

MemTotal:        4016004 kB
MemFree:          112888 kB
Active:           354348 kB
Mem:          3.8G       3.7G       110M       5.7M        28M       3.2G

MemTotal:        4016004 kB
MemFree:          112392 kB
Active:           354392 kB
Mem:          3.8G       3.7G       109M       5.7M        28M       3.2G

MemTotal:        4016004 kB
MemFree:          112268 kB
Active:           354364 kB
Mem:          3.8G       3.7G       109M       5.7M        28M       3.2G

MemTotal:        4016004 kB
MemFree:          112268 kB
Active:           354416 kB
Mem:          3.8G       3.7G       109M       5.7M        28M       3.2G

MemTotal:        4016004 kB
MemFree:          112392 kB
Active:           354372 kB
Mem:          3.8G       3.7G       109M       5.7M        28M       3.2G

MemTotal:        4016004 kB
MemFree:          112640 kB
Active:           354368 kB
Mem:          3.8G       3.7G       109M       5.7M        28M       3.2G

MemTotal:        4016004 kB
MemFree:          112516 kB
Active:           354424 kB
Mem:          3.8G       3.7G       109M       5.7M        28M       3.2G

MemTotal:        4016004 kB
MemFree:          112764 kB
Active:           354428 kB
Mem:          3.8G       3.7G       109M       5.7M        28M       3.2G

MemTotal:        4016004 kB
MemFree:          112764 kB
Active:           354436 kB
Mem:          3.8G       3.7G       109M       5.7M        28M       3.2G

MemTotal:        4016004 kB
MemFree:          112392 kB
Active:           354432 kB
Mem:          3.8G       3.7G       109M       5.7M        28M       3.2G

MemTotal:        4016004 kB
MemFree:          112020 kB
Active:           354396 kB
