MemTotal:        4016004 kB
MemFree:         3198444 kB
Active:           460704 kB
Mem:          3.8G       798M       3.1G       5.7M        54M       326M

MemTotal:        4016004 kB
MemFree:         3198748 kB
Active:           460604 kB
Mem:          3.8G       797M       3.1G       5.7M        54M       326M

MemTotal:        4016004 kB
MemFree:         3198732 kB
Active:           460680 kB
Mem:          3.8G       798M       3.1G       5.7M        54M       326M

MemTotal:        4016004 kB
MemFree:         3198980 kB
Active:           460640 kB
Mem:          3.8G       797M       3.1G       5.7M        54M       326M

MemTotal:        4016004 kB
MemFree:         3198360 kB
Active:           460688 kB
Mem:          3.8G       798M       3.1G       5.7M        54M       326M

MemTotal:        4016004 kB
MemFree:         3198236 kB
Active:           460688 kB
Mem:          3.8G       798M       3.1G       5.7M        54M       326M

MemTotal:        4016004 kB
MemFree:         3197988 kB
Active:           460688 kB
Mem:          3.8G       798M       3.1G       5.7M        54M       326M

MemTotal:        4016004 kB
MemFree:         3198484 kB
Active:           460672 kB
Mem:          3.8G       798M       3.1G       5.7M        54M       326M

MemTotal:        4016004 kB
MemFree:         3198484 kB
Active:           460648 kB
Mem:          3.8G       798M       3.1G       5.7M        54M       326M

MemTotal:        4016004 kB
MemFree:         3198344 kB
Active:           460652 kB
Mem:          3.8G       798M       3.1G       5.7M        54M       326M

MemTotal:        4016004 kB
MemFree:         3198716 kB
Active:           460672 kB
Mem:          3.8G       797M       3.1G       5.7M        54M       326M

MemTotal:        4016004 kB
MemFree:         3199072 kB
Active:           460656 kB
Mem:          3.8G       798M       3.1G       5.7M        54M       326M

MemTotal:        4016004 kB
MemFree:         3198824 kB
Active:           460644 kB
Mem:          3.8G       798M       3.1G       5.7M        54M       326M

MemTotal:        4016004 kB
MemFree:         3198948 kB
Active:           460644 kB
Mem:          3.8G       797M       3.1G       5.7M        54M       326M

MemTotal:        4016004 kB
MemFree:         3198856 kB
Active:           460656 kB
Mem:          3.8G       797M       3.1G       5.7M        54M       326M

MemTotal:        4016004 kB
MemFree:         3198980 kB
Active:           460680 kB
Mem:          3.8G       797M       3.1G       5.7M        54M       326M

MemTotal:        4016004 kB
MemFree:         3198856 kB
Active:           460656 kB
Mem:          3.8G       797M       3.1G       5.7M        54M       326M

MemTotal:        4016004 kB
MemFree:         3198716 kB
Active:           460664 kB
Mem:          3.8G       798M       3.1G       5.7M        54M       326M

MemTotal:        4016004 kB
MemFree:         3199072 kB
Active:           460676 kB
Mem:          3.8G       797M       3.1G       5.7M        54M       326M

MemTotal:        4016004 kB
MemFree:         3198808 kB
Active:           460704 kB
Mem:          3.8G       798M       3.1G       5.7M        54M       326M

MemTotal:        4016004 kB
MemFree:         3198808 kB
Active:           460688 kB
Mem:          3.8G       798M       3.1G       5.7M        54M       326M

MemTotal:        4016004 kB
MemFree:         3199040 kB
Active:           460648 kB
Mem:          3.8G       797M       3.1G       5.7M        54M       326M

MemTotal:        4016004 kB
MemFree:         3199288 kB
Active:           460676 kB
Mem:          3.8G       797M       3.1G       5.7M        54M       326M

MemTotal:        4016004 kB
MemFree:         3198792 kB
Active:           460680 kB
Mem:          3.8G       798M       3.1G       5.7M        54M       326M

MemTotal:        4016004 kB
MemFree:         3198528 kB
Active:           460676 kB
Mem:          3.8G       798M       3.1G       5.7M        54M       326M

MemTotal:        4016004 kB
MemFree:         3198776 kB
Active:           460692 kB
Mem:          3.8G       798M       3.1G       5.7M        54M       326M

MemTotal:        4016004 kB
MemFree:         3199008 kB
Active:           460660 kB
Mem:          3.8G       797M       3.1G       5.7M        54M       326M

MemTotal:        4016004 kB
MemFree:         3199132 kB
Active:           460660 kB
Mem:          3.8G       797M       3.1G       5.7M        54M       326M

MemTotal:        4016004 kB
MemFree:         3198884 kB
Active:           460664 kB
Mem:          3.8G       798M       3.1G       5.7M        54M       326M

MemTotal:        4016004 kB
MemFree:         3199132 kB
Active:           460668 kB
Mem:          3.8G       797M       3.1G       5.7M        54M       326M

MemTotal:        4016004 kB
MemFree:         3199256 kB
Active:           460664 kB
Mem:          3.8G       797M       3.1G       5.7M        54M       326M

MemTotal:        4016004 kB
MemFree:         3199504 kB
Active:           460684 kB
Mem:          3.8G       797M       3.1G       5.7M        54M       326M

MemTotal:        4016004 kB
MemFree:         3199504 kB
Active:           460692 kB
Mem:          3.8G       797M       3.1G       5.7M        54M       326M

MemTotal:        4016004 kB
MemFree:         3199504 kB
Active:           460684 kB
Mem:          3.8G       797M       3.1G       5.7M        54M       326M

MemTotal:        4016004 kB
MemFree:         3199008 kB
Active:           460732 kB
Mem:          3.8G       797M       3.1G       5.7M        54M       326M

MemTotal:        4016004 kB
MemFree:         3199116 kB
Active:           460720 kB
Mem:          3.8G       797M       3.1G       5.7M        54M       326M

MemTotal:        4016004 kB
MemFree:         3199472 kB
Active:           460708 kB
Mem:          3.8G       797M       3.1G       5.7M        54M       326M

MemTotal:        4016004 kB
MemFree:         3199084 kB
Active:           460740 kB
Mem:          3.8G       797M       3.1G       5.7M        54M       326M

MemTotal:        4016004 kB
MemFree:         3198960 kB
Active:           460728 kB
Mem:          3.8G       798M       3.1G       5.7M        54M       326M

MemTotal:        4016004 kB
MemFree:         3198820 kB
Active:           460688 kB
Mem:          3.8G       798M       3.1G       5.7M        54M       326M

MemTotal:        4016004 kB
MemFree:         3198804 kB
Active:           460704 kB
Mem:          3.8G       798M       3.1G       5.7M        54M       326M

MemTotal:        4016004 kB
MemFree:         3198680 kB
Active:           460712 kB
Mem:          3.8G       798M       3.1G       5.7M        54M       326M

MemTotal:        4016004 kB
MemFree:         3198664 kB
Active:           460708 kB
Mem:          3.8G       798M       3.1G       5.7M        54M       326M

MemTotal:        4016004 kB
MemFree:         3198868 kB
Active:           460708 kB
Mem:          3.8G       798M       3.1G       5.7M        54M       326M

MemTotal:        4016004 kB
MemFree:         3198868 kB
Active:           460752 kB
Mem:          3.8G       798M       3.1G       5.7M        54M       326M

MemTotal:        4016004 kB
MemFree:         3198744 kB
Active:           460712 kB
Mem:          3.8G       798M       3.1G       5.7M        54M       326M

MemTotal:        4016004 kB
MemFree:         3198992 kB
Active:           460764 kB
Mem:          3.8G       797M       3.1G       5.7M        54M       326M

MemTotal:        4016004 kB
MemFree:         3199116 kB
Active:           460728 kB
Mem:          3.8G       797M       3.1G       5.7M        54M       326M

MemTotal:        4016004 kB
MemFree:         3199212 kB
Active:           460752 kB
Mem:          3.8G       797M       3.1G       5.7M        54M       326M

MemTotal:        4016004 kB
MemFree:         3199336 kB
Active:           460772 kB
Mem:          3.8G       797M       3.1G       5.7M        54M       326M

MemTotal:        4016004 kB
MemFree:         3199336 kB
Active:           460764 kB
Mem:          3.8G       797M       3.1G       5.7M        54M       326M

MemTotal:        4016004 kB
MemFree:         3199336 kB
Active:           460760 kB
Mem:          3.8G       797M       3.1G       5.7M        54M       326M

MemTotal:        4016004 kB
MemFree:         3199320 kB
Active:           460756 kB
Mem:          3.8G       797M       3.1G       5.7M        54M       326M

MemTotal:        4016004 kB
MemFree:         3199320 kB
Active:           460788 kB
Mem:          3.8G       797M       3.1G       5.7M        54M       326M

MemTotal:        4016004 kB
MemFree:         3196712 kB
Active:           460732 kB
Mem:          3.8G       800M       3.0G       5.7M        54M       326M

MemTotal:        4016004 kB
MemFree:         3196712 kB
Active:           462780 kB
Mem:          3.8G       799M       3.0G       5.7M        54M       326M

MemTotal:        4016004 kB
MemFree:         3196836 kB
Active:           462804 kB
Mem:          3.8G       799M       3.0G       5.7M        54M       326M

MemTotal:        4016004 kB
MemFree:         3196836 kB
Active:           462824 kB
Mem:          3.8G       800M       3.0G       5.7M        54M       326M

MemTotal:        4016004 kB
MemFree:         3196712 kB
Active:           462832 kB
Mem:          3.8G       800M       3.0G       5.7M        54M       326M

MemTotal:        4016004 kB
MemFree:         3196820 kB
Active:           462812 kB
Mem:          3.8G       800M       3.0G       5.7M        54M       326M

MemTotal:        4016004 kB
MemFree:         3196696 kB
Active:           462816 kB
Mem:          3.8G       800M       3.0G       5.7M        54M       326M

MemTotal:        4016004 kB
MemFree:         3196736 kB
Active:           462832 kB
Mem:          3.8G       799M       3.0G       5.7M        54M       326M

MemTotal:        4016004 kB
MemFree:         3196844 kB
Active:           462836 kB
Mem:          3.8G       799M       3.0G       5.7M        54M       326M

MemTotal:        4016004 kB
MemFree:         3197076 kB
Active:           462820 kB
Mem:          3.8G       799M       3.0G       5.7M        54M       326M

MemTotal:        4016004 kB
MemFree:         3196652 kB
Active:           460780 kB
Mem:          3.8G       800M       3.0G       5.7M        54M       326M

MemTotal:        4016004 kB
MemFree:         3196652 kB
Active:           460768 kB
Mem:          3.8G       800M       3.0G       5.7M        54M       326M

MemTotal:        4016004 kB
MemFree:         3196280 kB
Active:           462840 kB
Mem:          3.8G       800M       3.0G       5.7M        54M       326M

MemTotal:        4016004 kB
MemFree:         3197024 kB
Active:           462820 kB
Mem:          3.8G       799M       3.0G       5.7M        54M       326M

MemTotal:        4016004 kB
MemFree:         3196908 kB
Active:           462824 kB
Mem:          3.8G       799M       3.0G       5.7M        54M       326M

MemTotal:        4016004 kB
MemFree:         3196908 kB
Active:           462812 kB
Mem:          3.8G       799M       3.0G       5.7M        54M       326M

MemTotal:        4016004 kB
MemFree:         3196908 kB
Active:           462816 kB
Mem:          3.8G       799M       3.0G       5.7M        54M       326M

MemTotal:        4016004 kB
MemFree:         3197032 kB
Active:           462804 kB
Mem:          3.8G       799M       3.0G       5.7M        54M       326M

MemTotal:        4016004 kB
MemFree:         3197528 kB
Active:           462808 kB
Mem:          3.8G       799M       3.0G       5.7M        54M       326M

MemTotal:        4016004 kB
MemFree:         3197512 kB
Active:           462816 kB
Mem:          3.8G       799M       3.0G       5.7M        54M       326M

MemTotal:        4016004 kB
MemFree:         3195308 kB
Active:           462816 kB
Mem:          3.8G       801M       3.0G       5.7M        54M       326M

MemTotal:        4016004 kB
MemFree:         3195372 kB
Active:           464840 kB
Mem:          3.8G       801M       3.0G       5.7M        54M       326M

MemTotal:        4016004 kB
MemFree:         3195000 kB
Active:           464868 kB
Mem:          3.8G       801M       3.0G       5.7M        54M       326M

MemTotal:        4016004 kB
MemFree:         3195124 kB
Active:           464864 kB
Mem:          3.8G       801M       3.0G       5.7M        54M       326M

MemTotal:        4016004 kB
MemFree:         3195000 kB
Active:           464868 kB
Mem:          3.8G       801M       3.0G       5.7M        54M       326M

MemTotal:        4016004 kB
MemFree:         3195000 kB
Active:           464844 kB
Mem:          3.8G       802M       3.0G       5.7M        54M       326M

MemTotal:        4016004 kB
MemFree:         3195124 kB
Active:           464832 kB
Mem:          3.8G       801M       3.0G       5.7M        54M       326M

MemTotal:        4016004 kB
MemFree:         3195124 kB
Active:           464832 kB
Mem:          3.8G       801M       3.0G       5.7M        54M       326M

MemTotal:        4016004 kB
MemFree:         3195248 kB
Active:           464848 kB
Mem:          3.8G       801M       3.0G       5.7M        54M       326M

MemTotal:        4016004 kB
MemFree:         3194752 kB
Active:           464888 kB
Mem:          3.8G       801M       3.0G       5.7M        54M       327M

MemTotal:        4016004 kB
MemFree:         3195124 kB
Active:           464864 kB
Mem:          3.8G       801M       3.0G       5.7M        54M       327M

MemTotal:        4016004 kB
MemFree:         3195000 kB
Active:           464832 kB
Mem:          3.8G       801M       3.0G       5.7M        54M       327M

MemTotal:        4016004 kB
MemFree:         3195140 kB
Active:           464880 kB
Mem:          3.8G       801M       3.0G       5.7M        54M       327M

MemTotal:        4016004 kB
MemFree:         3194860 kB
Active:           464836 kB
Mem:          3.8G       801M       3.0G       5.7M        54M       327M

MemTotal:        4016004 kB
MemFree:         3195092 kB
Active:           464864 kB
Mem:          3.8G       801M       3.0G       5.7M        54M       326M

MemTotal:        4016004 kB
MemFree:         3194844 kB
Active:           464896 kB
Mem:          3.8G       801M       3.0G       5.7M        54M       327M

MemTotal:        4016004 kB
MemFree:         3194720 kB
Active:           464900 kB
Mem:          3.8G       802M       3.0G       5.7M        54M       327M

MemTotal:        4016004 kB
MemFree:         3194596 kB
Active:           464900 kB
Mem:          3.8G       802M       3.0G       5.7M        54M       327M

MemTotal:        4016004 kB
MemFree:         3194472 kB
Active:           464900 kB
Mem:          3.8G       802M       3.0G       5.7M        54M       327M

MemTotal:        4016004 kB
MemFree:         3194208 kB
Active:           464900 kB
Mem:          3.8G       802M       3.0G       5.7M        54M       327M

MemTotal:        4016004 kB
MemFree:         3194316 kB
Active:           464880 kB
Mem:          3.8G       802M       3.0G       5.7M        54M       327M

MemTotal:        4016004 kB
MemFree:         3194548 kB
Active:           464900 kB
Mem:          3.8G       802M       3.0G       5.7M        54M       327M

MemTotal:        4016004 kB
MemFree:         3194548 kB
Active:           464856 kB
Mem:          3.8G       802M       3.0G       5.7M        54M       327M

MemTotal:        4016004 kB
MemFree:         3194672 kB
Active:           464904 kB
Mem:          3.8G       802M       3.0G       5.7M        54M       327M

MemTotal:        4016004 kB
MemFree:         3194672 kB
Active:           464860 kB
Mem:          3.8G       801M       3.0G       5.7M        54M       327M

MemTotal:        4016004 kB
MemFree:         3194780 kB
Active:           464864 kB
Mem:          3.8G       801M       3.0G       5.7M        54M       327M

MemTotal:        4016004 kB
MemFree:         3194764 kB
Active:           464868 kB
Mem:          3.8G       802M       3.0G       5.7M        54M       327M

MemTotal:        4016004 kB
MemFree:         3194640 kB
Active:           464876 kB
Mem:          3.8G       802M       3.0G       5.7M        54M       327M

MemTotal:        4016004 kB
MemFree:         3194624 kB
Active:           464872 kB
Mem:          3.8G       802M       3.0G       5.7M        54M       327M

MemTotal:        4016004 kB
MemFree:         3194624 kB
Active:           464880 kB
Mem:          3.8G       802M       3.0G       5.7M        54M       327M

MemTotal:        4016004 kB
MemFree:         3194748 kB
Active:           464896 kB
Mem:          3.8G       801M       3.0G       5.7M        54M       327M

MemTotal:        4016004 kB
MemFree:         3195120 kB
Active:           464908 kB
Mem:          3.8G       802M       3.0G       5.7M        54M       327M

MemTotal:        4016004 kB
MemFree:         3194236 kB
Active:           464936 kB
Mem:          3.8G       802M       3.0G       5.7M        54M       327M

MemTotal:        4016004 kB
MemFree:         3194964 kB
Active:           464884 kB
Mem:          3.8G       801M       3.0G       5.7M        54M       327M

MemTotal:        4016004 kB
MemFree:         3195072 kB
Active:           464892 kB
Mem:          3.8G       801M       3.0G       5.7M        54M       327M

MemTotal:        4016004 kB
MemFree:         3194932 kB
Active:           464896 kB
Mem:          3.8G       802M       3.0G       5.7M        54M       327M

MemTotal:        4016004 kB
MemFree:         3194296 kB
Active:           464916 kB
Mem:          3.8G       802M       3.0G       5.7M        54M       327M

MemTotal:        4016004 kB
MemFree:         3194404 kB
Active:           464928 kB
Mem:          3.8G       802M       3.0G       5.7M        54M       327M

MemTotal:        4016004 kB
MemFree:         3194576 kB
Active:           464932 kB
Mem:          3.8G       802M       3.0G       5.7M        54M       327M

MemTotal:        4016004 kB
MemFree:         3194700 kB
Active:           464904 kB
Mem:          3.8G       802M       3.0G       5.7M        54M       327M

MemTotal:        4016004 kB
MemFree:         3194576 kB
Active:           464916 kB
Mem:          3.8G       802M       3.0G       5.7M        54M       327M

MemTotal:        4016004 kB
MemFree:         3194700 kB
Active:           464936 kB
Mem:          3.8G       802M       3.0G       5.7M        54M       327M

MemTotal:        4016004 kB
MemFree:         3194824 kB
Active:           464936 kB
Mem:          3.8G       802M       3.0G       5.7M        55M       327M

MemTotal:        4016004 kB
MemFree:         3194824 kB
Active:           464952 kB
Mem:          3.8G       802M       3.0G       5.7M        55M       327M

MemTotal:        4016004 kB
MemFree:         3194204 kB
Active:           464968 kB
Mem:          3.8G       802M       3.0G       5.7M        55M       327M

MemTotal:        4016004 kB
MemFree:         3194700 kB
Active:           464964 kB
Mem:          3.8G       802M       3.0G       5.7M        55M       327M

MemTotal:        4016004 kB
MemFree:         3194824 kB
Active:           464932 kB
Mem:          3.8G       801M       3.0G       5.7M        55M       327M

MemTotal:        4016004 kB
MemFree:         3194824 kB
Active:           464944 kB
Mem:          3.8G       802M       3.0G       5.7M        55M       327M

MemTotal:        4016004 kB
MemFree:         3194700 kB
Active:           464972 kB
Mem:          3.8G       802M       3.0G       5.7M        55M       327M

MemTotal:        4016004 kB
MemFree:         3194576 kB
Active:           464940 kB
Mem:          3.8G       802M       3.0G       5.7M        55M       327M

MemTotal:        4016004 kB
MemFree:         3193644 kB
Active:           462932 kB
Mem:          3.8G       802M       3.0G       5.7M        55M       327M

MemTotal:        4016004 kB
MemFree:         3193752 kB
Active:           464968 kB
Mem:          3.8G       802M       3.0G       5.7M        55M       327M

MemTotal:        4016004 kB
MemFree:         3194080 kB
Active:           464944 kB
Mem:          3.8G       802M       3.0G       5.7M        55M       327M

MemTotal:        4016004 kB
MemFree:         3193460 kB
Active:           464988 kB
Mem:          3.8G       802M       3.0G       5.7M        55M       327M

MemTotal:        4016004 kB
MemFree:         3193956 kB
Active:           464984 kB
Mem:          3.8G       802M       3.0G       5.7M        55M       327M

MemTotal:        4016004 kB
MemFree:         3194576 kB
Active:           464992 kB
Mem:          3.8G       802M       3.0G       5.7M        55M       327M

MemTotal:        4016004 kB
MemFree:         3194576 kB
Active:           464944 kB
Mem:          3.8G       802M       3.0G       5.7M        55M       327M

MemTotal:        4016004 kB
MemFree:         3193956 kB
Active:           464996 kB
Mem:          3.8G       802M       3.0G       5.7M        55M       327M

MemTotal:        4016004 kB
MemFree:         3194328 kB
Active:           464964 kB
Mem:          3.8G       802M       3.0G       5.7M        55M       327M

MemTotal:        4016004 kB
MemFree:         3194328 kB
Active:           464972 kB
Mem:          3.8G       802M       3.0G       5.7M        55M       327M

MemTotal:        4016004 kB
MemFree:         3193952 kB
Active:           462940 kB
Mem:          3.8G       802M       3.0G       5.7M        55M       327M

MemTotal:        4016004 kB
MemFree:         3193580 kB
Active:           464952 kB
Mem:          3.8G       803M       3.0G       5.7M        55M       327M

MemTotal:        4016004 kB
MemFree:         3193952 kB
Active:           464956 kB
Mem:          3.8G       802M       3.0G       5.7M        55M       327M

MemTotal:        4016004 kB
MemFree:         3193952 kB
Active:           464976 kB
Mem:          3.8G       802M       3.0G       5.7M        55M       327M

MemTotal:        4016004 kB
MemFree:         3194556 kB
Active:           464992 kB
Mem:          3.8G       802M       3.0G       5.7M        55M       327M

MemTotal:        4016004 kB
MemFree:         3194044 kB
Active:           465016 kB
Mem:          3.8G       802M       3.0G       5.7M        55M       327M

MemTotal:        4016004 kB
MemFree:         3194540 kB
Active:           464984 kB
Mem:          3.8G       802M       3.0G       5.7M        55M       327M

MemTotal:        4016004 kB
MemFree:         3194540 kB
Active:           464992 kB
Mem:          3.8G       802M       3.0G       5.7M        55M       327M

MemTotal:        4016004 kB
MemFree:         3194540 kB
Active:           465008 kB
Mem:          3.8G       802M       3.0G       5.7M        55M       327M

MemTotal:        4016004 kB
MemFree:         3194524 kB
Active:           464992 kB
Mem:          3.8G       802M       3.0G       5.7M        55M       327M

MemTotal:        4016004 kB
MemFree:         3194072 kB
Active:           462976 kB
Mem:          3.8G       802M       3.0G       5.7M        55M       327M

MemTotal:        4016004 kB
MemFree:         3194072 kB
Active:           465016 kB
Mem:          3.8G       802M       3.0G       5.7M        55M       327M

MemTotal:        4016004 kB
MemFree:         3193932 kB
Active:           464972 kB
Mem:          3.8G       802M       3.0G       5.7M        55M       327M

MemTotal:        4016004 kB
MemFree:         3194060 kB
Active:           464984 kB
Mem:          3.8G       802M       3.0G       5.7M        55M       327M

MemTotal:        4016004 kB
MemFree:         3193720 kB
Active:           465032 kB
Mem:          3.8G       802M       3.0G       5.7M        55M       327M

MemTotal:        4016004 kB
MemFree:         3194252 kB
Active:           464992 kB
Mem:          3.8G       802M       3.0G       5.7M        55M       327M

MemTotal:        4016004 kB
MemFree:         3194128 kB
Active:           465036 kB
Mem:          3.8G       802M       3.0G       5.7M        55M       327M

MemTotal:        4016004 kB
MemFree:         3194996 kB
Active:           464980 kB
Mem:          3.8G       802M       3.0G       5.7M        55M       327M

MemTotal:        4016004 kB
MemFree:         3194624 kB
Active:           465048 kB
Mem:          3.8G       801M       3.0G       5.7M        55M       327M

MemTotal:        4016004 kB
MemFree:         3194500 kB
Active:           465052 kB
Mem:          3.8G       802M       3.0G       5.7M        55M       327M

MemTotal:        4016004 kB
MemFree:         3194376 kB
Active:           465032 kB
Mem:          3.8G       802M       3.0G       5.7M        55M       327M

MemTotal:        4016004 kB
MemFree:         3194376 kB
Active:           465032 kB
Mem:          3.8G       802M       3.0G       5.7M        55M       327M

MemTotal:        4016004 kB
MemFree:         3194440 kB
Active:           465016 kB
Mem:          3.8G       802M       3.0G       5.7M        55M       327M

MemTotal:        4016004 kB
MemFree:         3194564 kB
Active:           465032 kB
Mem:          3.8G       802M       3.0G       5.7M        55M       327M

MemTotal:        4016004 kB
MemFree:         3194440 kB
Active:           465044 kB
Mem:          3.8G       802M       3.0G       5.7M        55M       327M

MemTotal:        4016004 kB
MemFree:         3194192 kB
Active:           465016 kB
Mem:          3.8G       802M       3.0G       5.7M        55M       327M

MemTotal:        4016004 kB
MemFree:         3194688 kB
Active:           465028 kB
Mem:          3.8G       802M       3.0G       5.7M        55M       327M

MemTotal:        4016004 kB
MemFree:         3194564 kB
Active:           465032 kB
Mem:          3.8G       802M       3.0G       5.7M        55M       327M

MemTotal:        4016004 kB
MemFree:         3194580 kB
Active:           465048 kB
Mem:          3.8G       802M       3.0G       5.7M        55M       327M

MemTotal:        4016004 kB
MemFree:         3194892 kB
Active:           465016 kB
Mem:          3.8G       802M       3.0G       5.7M        55M       327M

MemTotal:        4016004 kB
MemFree:         3194212 kB
Active:           463120 kB
Mem:          3.8G       802M       3.0G       5.7M        55M       327M

MemTotal:        4016004 kB
MemFree:         3194228 kB
Active:           463096 kB
Mem:          3.8G       802M       3.0G       5.7M        55M       327M

MemTotal:        4016004 kB
MemFree:         3194352 kB
Active:           465124 kB
Mem:          3.8G       802M       3.0G       5.7M        55M       327M

MemTotal:        4016004 kB
MemFree:         3193980 kB
Active:           465152 kB
Mem:          3.8G       802M       3.0G       5.7M        55M       327M

MemTotal:        4016004 kB
MemFree:         3194352 kB
Active:           465168 kB
Mem:          3.8G       802M       3.0G       5.7M        55M       327M

MemTotal:        4016004 kB
MemFree:         3193980 kB
Active:           465180 kB
Mem:          3.8G       802M       3.0G       5.7M        55M       327M

MemTotal:        4016004 kB
MemFree:         3194492 kB
Active:           465128 kB
Mem:          3.8G       802M       3.0G       5.7M        55M       327M

MemTotal:        4016004 kB
MemFree:         3194492 kB
Active:           465180 kB
Mem:          3.8G       802M       3.0G       5.7M        55M       327M

MemTotal:        4016004 kB
MemFree:         3195112 kB
Active:           465148 kB
Mem:          3.8G       801M       3.0G       5.7M        55M       327M

MemTotal:        4016004 kB
MemFree:         3195236 kB
Active:           465168 kB
Mem:          3.8G       801M       3.0G       5.7M        55M       327M

MemTotal:        4016004 kB
MemFree:         3194488 kB
Active:           463144 kB
Mem:          3.8G       801M       3.0G       5.7M        55M       327M

MemTotal:        4016004 kB
MemFree:         3194736 kB
Active:           465196 kB
Mem:          3.8G       801M       3.0G       5.7M        55M       327M

MemTotal:        4016004 kB
MemFree:         3194984 kB
Active:           465188 kB
Mem:          3.8G       801M       3.0G       5.7M        55M       327M

MemTotal:        4016004 kB
MemFree:         3194760 kB
Active:           465040 kB
Mem:          3.8G       802M       3.0G       5.7M        55M       327M

MemTotal:        4016004 kB
MemFree:         3194876 kB
Active:           464988 kB
Mem:          3.8G       802M       3.0G       5.7M        55M       327M

MemTotal:        4016004 kB
MemFree:         3195000 kB
Active:           464992 kB
Mem:          3.8G       801M       3.0G       5.7M        55M       327M

MemTotal:        4016004 kB
MemFree:         3195248 kB
Active:           465004 kB
Mem:          3.8G       801M       3.0G       5.7M        55M       327M

MemTotal:        4016004 kB
MemFree:         3195124 kB
Active:           465008 kB
Mem:          3.8G       801M       3.0G       5.7M        55M       327M

MemTotal:        4016004 kB
MemFree:         3195248 kB
Active:           465016 kB
Mem:          3.8G       801M       3.0G       5.7M        55M       327M

MemTotal:        4016004 kB
MemFree:         3195124 kB
Active:           464984 kB
Mem:          3.8G       801M       3.0G       5.7M        55M       327M

MemTotal:        4016004 kB
MemFree:         3191152 kB
Active:           466496 kB
Mem:          3.8G       805M       3.0G       5.7M        55M       327M

MemTotal:        4016004 kB
MemFree:         3191028 kB
Active:           468492 kB
Mem:          3.8G       805M       3.0G       5.7M        55M       327M

MemTotal:        4016004 kB
MemFree:         3191276 kB
Active:           468500 kB
Mem:          3.8G       804M       3.0G       5.7M        55M       327M

MemTotal:        4016004 kB
MemFree:         3191772 kB
Active:           468552 kB
Mem:          3.8G       804M       3.0G       5.7M        55M       327M

MemTotal:        4016004 kB
MemFree:         3192020 kB
Active:           468540 kB
Mem:          3.8G       804M       3.0G       5.7M        55M       327M

MemTotal:        4016004 kB
MemFree:         3191896 kB
Active:           468548 kB
Mem:          3.8G       804M       3.0G       5.7M        55M       327M

MemTotal:        4016004 kB
MemFree:         3192020 kB
Active:           468552 kB
Mem:          3.8G       804M       3.0G       5.7M        55M       327M

MemTotal:        4016004 kB
MemFree:         3191648 kB
Active:           468560 kB
Mem:          3.8G       804M       3.0G       5.7M        55M       327M

MemTotal:        4016004 kB
MemFree:         3192020 kB
Active:           468548 kB
Mem:          3.8G       804M       3.0G       5.7M        55M       327M

MemTotal:        4016004 kB
MemFree:         3192252 kB
Active:           468556 kB
Mem:          3.8G       804M       3.0G       5.7M        55M       327M

MemTotal:        4016004 kB
MemFree:         3191864 kB
Active:           468536 kB
Mem:          3.8G       804M       3.0G       5.7M        55M       327M

MemTotal:        4016004 kB
MemFree:         3191740 kB
Active:           468576 kB
Mem:          3.8G       804M       3.0G       5.7M        55M       327M

MemTotal:        4016004 kB
MemFree:         3191484 kB
Active:           468576 kB
Mem:          3.8G       804M       3.0G       5.7M        55M       327M

MemTotal:        4016004 kB
MemFree:         3191484 kB
Active:           468576 kB
Mem:          3.8G       804M       3.0G       5.7M        55M       327M

MemTotal:        4016004 kB
MemFree:         3191856 kB
Active:           468532 kB
Mem:          3.8G       804M       3.0G       5.7M        55M       327M

MemTotal:        4016004 kB
MemFree:         3191484 kB
Active:           468584 kB
Mem:          3.8G       804M       3.0G       5.7M        55M       327M

MemTotal:        4016004 kB
MemFree:         3191840 kB
Active:           468584 kB
Mem:          3.8G       804M       3.0G       5.7M        55M       327M

MemTotal:        4016004 kB
MemFree:         3191220 kB
Active:           468592 kB
Mem:          3.8G       805M       3.0G       5.7M        55M       327M

MemTotal:        4016004 kB
MemFree:         3191344 kB
Active:           468552 kB
Mem:          3.8G       805M       3.0G       5.7M        55M       327M

MemTotal:        4016004 kB
MemFree:         3191872 kB
Active:           468556 kB
Mem:          3.8G       804M       3.0G       5.7M        55M       327M

MemTotal:        4016004 kB
MemFree:         3191872 kB
Active:           468560 kB
Mem:          3.8G       804M       3.0G       5.7M        55M       327M

MemTotal:        4016004 kB
MemFree:         3191624 kB
Active:           468584 kB
Mem:          3.8G       805M       3.0G       5.7M        55M       327M

MemTotal:        4016004 kB
MemFree:         3191748 kB
Active:           468608 kB
Mem:          3.8G       804M       3.0G       5.7M        55M       327M

MemTotal:        4016004 kB
MemFree:         3191376 kB
Active:           468612 kB
Mem:          3.8G       805M       3.0G       5.7M        55M       327M

MemTotal:        4016004 kB
MemFree:         3191748 kB
Active:           468592 kB
Mem:          3.8G       805M       3.0G       5.7M        55M       327M

MemTotal:        4016004 kB
MemFree:         3191376 kB
Active:           468608 kB
Mem:          3.8G       805M       3.0G       5.7M        55M       327M

MemTotal:        4016004 kB
MemFree:         3191500 kB
Active:           468576 kB
Mem:          3.8G       805M       3.0G       5.7M        55M       327M

MemTotal:        4016004 kB
MemFree:         3191252 kB
Active:           468616 kB
Mem:          3.8G       805M       3.0G       5.7M        55M       327M

MemTotal:        4016004 kB
MemFree:         3191252 kB
Active:           468592 kB
Mem:          3.8G       805M       3.0G       5.7M        55M       327M

MemTotal:        4016004 kB
MemFree:         3191500 kB
Active:           468592 kB
Mem:          3.8G       805M       3.0G       5.7M        55M       327M

MemTotal:        4016004 kB
MemFree:         3189032 kB
Active:           468572 kB
Mem:          3.8G       807M       3.0G       5.7M        55M       327M

MemTotal:        4016004 kB
MemFree:         3188660 kB
Active:           470640 kB
Mem:          3.8G       807M       3.0G       5.7M        55M       327M

MemTotal:        4016004 kB
MemFree:         3188784 kB
Active:           470676 kB
Mem:          3.8G       807M       3.0G       5.7M        55M       327M

MemTotal:        4016004 kB
MemFree:         3189156 kB
Active:           470632 kB
Mem:          3.8G       807M       3.0G       5.7M        55M       327M

MemTotal:        4016004 kB
MemFree:         3189016 kB
Active:           470676 kB
Mem:          3.8G       807M       3.0G       5.7M        55M       327M

MemTotal:        4016004 kB
MemFree:         3189760 kB
Active:           470676 kB
Mem:          3.8G       806M       3.0G       5.7M        55M       327M

MemTotal:        4016004 kB
MemFree:         3189636 kB
Active:           470632 kB
Mem:          3.8G       806M       3.0G       5.7M        55M       327M

MemTotal:        4016004 kB
MemFree:         3189760 kB
Active:           470636 kB
Mem:          3.8G       806M       3.0G       5.7M        55M       327M

MemTotal:        4016004 kB
MemFree:         3189512 kB
Active:           470636 kB
Mem:          3.8G       807M       3.0G       5.7M        55M       327M

MemTotal:        4016004 kB
MemFree:         3188928 kB
Active:           468680 kB
Mem:          3.8G       807M       3.0G       5.7M        55M       327M

MemTotal:        4016004 kB
MemFree:         3189012 kB
Active:           468592 kB
Mem:          3.8G       807M       3.0G       5.7M        55M       327M

MemTotal:        4016004 kB
MemFree:         3189136 kB
Active:           468596 kB
Mem:          3.8G       807M       3.0G       5.7M        55M       327M

MemTotal:        4016004 kB
MemFree:         3189012 kB
Active:           468588 kB
Mem:          3.8G       807M       3.0G       5.7M        55M       327M

MemTotal:        4016004 kB
MemFree:         3189244 kB
Active:           470688 kB
Mem:          3.8G       807M       3.0G       5.7M        55M       327M

MemTotal:        4016004 kB
MemFree:         3189384 kB
Active:           470680 kB
Mem:          3.8G       807M       3.0G       5.7M        55M       327M

MemTotal:        4016004 kB
MemFree:         3189136 kB
Active:           470648 kB
Mem:          3.8G       807M       3.0G       5.7M        55M       327M

MemTotal:        4016004 kB
MemFree:         3189136 kB
Active:           470704 kB
Mem:          3.8G       807M       3.0G       5.7M        55M       327M

MemTotal:        4016004 kB
MemFree:         3189260 kB
Active:           470668 kB
Mem:          3.8G       807M       3.0G       5.7M        55M       327M

MemTotal:        4016004 kB
MemFree:         3189384 kB
Active:           470668 kB
Mem:          3.8G       807M       3.0G       5.7M        55M       327M

MemTotal:        4016004 kB
MemFree:         3189304 kB
Active:           468724 kB
Mem:          3.8G       807M       3.0G       5.7M        55M       327M

MemTotal:        4016004 kB
MemFree:         3189004 kB
Active:           470708 kB
Mem:          3.8G       807M       3.0G       5.7M        55M       327M

MemTotal:        4016004 kB
MemFree:         3189004 kB
Active:           470660 kB
Mem:          3.8G       807M       3.0G       5.7M        55M       327M

MemTotal:        4016004 kB
MemFree:         3188880 kB
Active:           470668 kB
Mem:          3.8G       807M       3.0G       5.7M        55M       327M

MemTotal:        4016004 kB
MemFree:         3189004 kB
Active:           470684 kB
Mem:          3.8G       807M       3.0G       5.7M        55M       327M

MemTotal:        4016004 kB
MemFree:         3189004 kB
Active:           470696 kB
Mem:          3.8G       807M       3.0G       5.7M        55M       327M

MemTotal:        4016004 kB
MemFree:         3188756 kB
Active:           470692 kB
Mem:          3.8G       807M       3.0G       5.7M        55M       327M

MemTotal:        4016004 kB
MemFree:         3188988 kB
Active:           470688 kB
Mem:          3.8G       807M       3.0G       5.7M        55M       327M

MemTotal:        4016004 kB
MemFree:         3189112 kB
Active:           470696 kB
Mem:          3.8G       807M       3.0G       5.7M        55M       327M

MemTotal:        4016004 kB
MemFree:         3189360 kB
Active:           470716 kB
Mem:          3.8G       807M       3.0G       5.7M        55M       327M

MemTotal:        4016004 kB
MemFree:         3188460 kB
Active:           468752 kB
Mem:          3.8G       807M       3.0G       5.7M        55M       327M

MemTotal:        4016004 kB
MemFree:         3188728 kB
Active:           468684 kB
Mem:          3.8G       807M       3.0G       5.7M        55M       327M

MemTotal:        4016004 kB
MemFree:         3189580 kB
Active:           470728 kB
Mem:          3.8G       806M       3.0G       5.7M        55M       327M

MemTotal:        4016004 kB
MemFree:         3189580 kB
Active:           470732 kB
Mem:          3.8G       807M       3.0G       5.7M        55M       327M

MemTotal:        4016004 kB
MemFree:         3189456 kB
Active:           470680 kB
Mem:          3.8G       807M       3.0G       5.7M        55M       327M

MemTotal:        4016004 kB
MemFree:         3189472 kB
Active:           470688 kB
Mem:          3.8G       807M       3.0G       5.7M        55M       327M

MemTotal:        4016004 kB
MemFree:         3189596 kB
Active:           470696 kB
Mem:          3.8G       807M       3.0G       5.7M        55M       327M

MemTotal:        4016004 kB
MemFree:         3189348 kB
Active:           470700 kB
Mem:          3.8G       807M       3.0G       5.7M        55M       327M

MemTotal:        4016004 kB
MemFree:         3189472 kB
Active:           470716 kB
Mem:          3.8G       807M       3.0G       5.7M        55M       327M

MemTotal:        4016004 kB
MemFree:         3189596 kB
Active:           470732 kB
Mem:          3.8G       807M       3.0G       5.7M        55M       327M

MemTotal:        4016004 kB
MemFree:         3187548 kB
Active:           470728 kB
Mem:          3.8G       809M       3.0G       5.7M        55M       327M

MemTotal:        4016004 kB
MemFree:         3187052 kB
Active:           472764 kB
Mem:          3.8G       809M       3.0G       5.7M        55M       327M

MemTotal:        4016004 kB
MemFree:         3187548 kB
Active:           472728 kB
Mem:          3.8G       809M       3.0G       5.7M        55M       327M

MemTotal:        4016004 kB
MemFree:         3187408 kB
Active:           472736 kB
Mem:          3.8G       809M       3.0G       5.7M        55M       327M

MemTotal:        4016004 kB
MemFree:         3187408 kB
Active:           472736 kB
Mem:          3.8G       809M       3.0G       5.7M        55M       327M

MemTotal:        4016004 kB
MemFree:         3187408 kB
Active:           472748 kB
Mem:          3.8G       809M       3.0G       5.7M        55M       327M

MemTotal:        4016004 kB
MemFree:         3187408 kB
Active:           472740 kB
Mem:          3.8G       809M       3.0G       5.7M        55M       327M

MemTotal:        4016004 kB
MemFree:         3186912 kB
Active:           472780 kB
Mem:          3.8G       809M       3.0G       5.7M        55M       327M

MemTotal:        4016004 kB
MemFree:         3187408 kB
Active:           472776 kB
Mem:          3.8G       809M       3.0G       5.7M        55M       327M

MemTotal:        4016004 kB
MemFree:         3187408 kB
Active:           472732 kB
Mem:          3.8G       809M       3.0G       5.7M        55M       327M

MemTotal:        4016004 kB
MemFree:         3187424 kB
Active:           472784 kB
Mem:          3.8G       809M       3.0G       5.7M        55M       327M

MemTotal:        4016004 kB
MemFree:         3187424 kB
Active:           472768 kB
Mem:          3.8G       809M       3.0G       5.7M        55M       327M

MemTotal:        4016004 kB
MemFree:         3187052 kB
Active:           472796 kB
Mem:          3.8G       809M       3.0G       5.7M        55M       327M

MemTotal:        4016004 kB
MemFree:         3187424 kB
Active:           472752 kB
Mem:          3.8G       809M       3.0G       5.7M        55M       327M

MemTotal:        4016004 kB
MemFree:         3187796 kB
Active:           472752 kB
Mem:          3.8G       809M       3.0G       5.7M        55M       327M

MemTotal:        4016004 kB
MemFree:         3187300 kB
Active:           472784 kB
Mem:          3.8G       809M       3.0G       5.7M        55M       327M

MemTotal:        4016004 kB
MemFree:         3187300 kB
Active:           472792 kB
Mem:          3.8G       809M       3.0G       5.7M        55M       327M

MemTotal:        4016004 kB
MemFree:         3187268 kB
Active:           472792 kB
Mem:          3.8G       809M       3.0G       5.7M        55M       327M

MemTotal:        4016004 kB
MemFree:         3186896 kB
Active:           472804 kB
Mem:          3.8G       809M       3.0G       5.7M        55M       327M

MemTotal:        4016004 kB
MemFree:         3187144 kB
Active:           472800 kB
Mem:          3.8G       809M       3.0G       5.7M        55M       327M

MemTotal:        4016004 kB
MemFree:         3186068 kB
Active:           470920 kB
Mem:          3.8G       810M       3.0G       5.7M        55M       327M

MemTotal:        4016004 kB
MemFree:         3186740 kB
Active:           472792 kB
Mem:          3.8G       809M       3.0G       5.7M        55M       327M

MemTotal:        4016004 kB
MemFree:         3187112 kB
Active:           472816 kB
Mem:          3.8G       809M       3.0G       5.7M        55M       327M

MemTotal:        4016004 kB
MemFree:         3187112 kB
Active:           472788 kB
Mem:          3.8G       809M       3.0G       5.7M        55M       327M

MemTotal:        4016004 kB
MemFree:         3187360 kB
Active:           472784 kB
Mem:          3.8G       809M       3.0G       5.7M        55M       327M

MemTotal:        4016004 kB
MemFree:         3187236 kB
Active:           472820 kB
Mem:          3.8G       809M       3.0G       5.7M        55M       327M

MemTotal:        4016004 kB
MemFree:         3187360 kB
Active:           472832 kB
Mem:          3.8G       809M       3.0G       5.7M        55M       327M

MemTotal:        4016004 kB
MemFree:         3187236 kB
Active:           472836 kB
Mem:          3.8G       809M       3.0G       5.7M        55M       327M

MemTotal:        4016004 kB
MemFree:         3187236 kB
Active:           472828 kB
Mem:          3.8G       809M       3.0G       5.7M        55M       327M

MemTotal:        4016004 kB
MemFree:         3186864 kB
Active:           472840 kB
Mem:          3.8G       809M       3.0G       5.7M        55M       327M

MemTotal:        4016004 kB
MemFree:         3184516 kB
Active:           470956 kB
Mem:          3.8G       811M       3.0G       5.7M        55M       327M

MemTotal:        4016004 kB
MemFree:         3184892 kB
Active:           474832 kB
Mem:          3.8G       811M       3.0G       5.7M        55M       327M

MemTotal:        4016004 kB
MemFree:         3185140 kB
Active:           474828 kB
Mem:          3.8G       811M       3.0G       5.7M        55M       327M

MemTotal:        4016004 kB
MemFree:         3185264 kB
Active:           474820 kB
Mem:          3.8G       811M       3.0G       5.7M        55M       327M

MemTotal:        4016004 kB
MemFree:         3185264 kB
Active:           474832 kB
Mem:          3.8G       811M       3.0G       5.7M        55M       327M

MemTotal:        4016004 kB
MemFree:         3185264 kB
Active:           474836 kB
Mem:          3.8G       811M       3.0G       5.7M        55M       327M

MemTotal:        4016004 kB
MemFree:         3185512 kB
Active:           474848 kB
Mem:          3.8G       811M       3.0G       5.7M        55M       327M

MemTotal:        4016004 kB
MemFree:         3185884 kB
Active:           474856 kB
Mem:          3.8G       810M       3.0G       5.7M        55M       327M

MemTotal:        4016004 kB
MemFree:         3185512 kB
Active:           474872 kB
Mem:          3.8G       811M       3.0G       5.7M        55M       327M

MemTotal:        4016004 kB
MemFree:         3185636 kB
Active:           474832 kB
Mem:          3.8G       811M       3.0G       5.7M        55M       327M

MemTotal:        4016004 kB
MemFree:         3185512 kB
Active:           474844 kB
Mem:          3.8G       810M       3.0G       5.7M        55M       327M

MemTotal:        4016004 kB
MemFree:         3185636 kB
Active:           474860 kB
Mem:          3.8G       811M       3.0G       5.7M        55M       327M

MemTotal:        4016004 kB
MemFree:         3175944 kB
Active:           482704 kB
Mem:          3.8G       820M       3.0G       5.7M        62M       327M

MemTotal:        4016004 kB
MemFree:         3176304 kB
Active:           482652 kB
Mem:          3.8G       819M       3.0G       5.7M        62M       327M

MemTotal:        4016004 kB
MemFree:         3176304 kB
Active:           482668 kB
Mem:          3.8G       819M       3.0G       5.7M        62M       327M

MemTotal:        4016004 kB
MemFree:         3176180 kB
Active:           482640 kB
Mem:          3.8G       820M       3.0G       5.7M        62M       327M

MemTotal:        4016004 kB
MemFree:         3176056 kB
Active:           482640 kB
Mem:          3.8G       820M       3.0G       5.7M        62M       327M

MemTotal:        4016004 kB
MemFree:         3175900 kB
Active:           482904 kB
Mem:          3.8G       820M       3.0G       5.7M        62M       327M

MemTotal:        4016004 kB
MemFree:         3131704 kB
Active:           483208 kB
Mem:          3.8G       864M       3.0G       5.7M        62M       370M

MemTotal:        4016004 kB
MemFree:         3085000 kB
Active:           483208 kB
Mem:          3.8G       909M       2.9G       5.7M        62M       415M

MemTotal:        4016004 kB
MemFree:         3038296 kB
Active:           483260 kB
Mem:          3.8G       955M       2.9G       5.7M        62M       459M

MemTotal:        4016004 kB
MemFree:         2991716 kB
Active:           483264 kB
Mem:          3.8G       1.0G       2.9G       5.7M        62M       505M

MemTotal:        4016004 kB
MemFree:         2945120 kB
Active:           483276 kB
Mem:          3.8G       1.0G       2.8G       5.7M        62M       550M

MemTotal:        4016004 kB
MemFree:         2897888 kB
Active:           483308 kB
Mem:          3.8G       1.1G       2.8G       5.7M        62M       595M

MemTotal:        4016004 kB
MemFree:         2852160 kB
Active:           483308 kB
Mem:          3.8G       1.1G       2.7G       5.7M        62M       640M

MemTotal:        4016004 kB
MemFree:         2804876 kB
Active:           483308 kB
Mem:          3.8G       1.2G       2.7G       5.7M        62M       684M

MemTotal:        4016004 kB
MemFree:         2757660 kB
Active:           483312 kB
Mem:          3.8G       1.2G       2.6G       5.7M        62M       730M

MemTotal:        4016004 kB
MemFree:         2728272 kB
Active:           483316 kB
Mem:          3.8G       1.2G       2.6G       5.7M        62M       759M

MemTotal:        4016004 kB
MemFree:         2699112 kB
Active:           483328 kB
Mem:          3.8G       1.3G       2.6G       5.7M        62M       785M

MemTotal:        4016004 kB
MemFree:         2652516 kB
Active:           483336 kB
Mem:          3.8G       1.3G       2.5G       5.7M        62M       831M

MemTotal:        4016004 kB
MemFree:         2637960 kB
Active:           483332 kB
Mem:          3.8G       1.3G       2.5G       5.7M        62M       845M

MemTotal:        4016004 kB
MemFree:         2590676 kB
Active:           483300 kB
Mem:          3.8G       1.4G       2.5G       5.7M        62M       890M

MemTotal:        4016004 kB
MemFree:         2543820 kB
Active:           483296 kB
Mem:          3.8G       1.4G       2.4G       5.7M        62M       935M

MemTotal:        4016004 kB
MemFree:         2542292 kB
Active:           483296 kB
Mem:          3.8G       1.4G       2.4G       5.7M        62M       936M

MemTotal:        4016004 kB
MemFree:         2496504 kB
Active:           483360 kB
Mem:          3.8G       1.4G       2.4G       5.7M        62M       980M

MemTotal:        4016004 kB
MemFree:         2449660 kB
Active:           483364 kB
Mem:          3.8G       1.5G       2.3G       5.7M        62M       1.0G

MemTotal:        4016004 kB
MemFree:         2403420 kB
Active:           483360 kB
Mem:          3.8G       1.5G       2.3G       5.7M        62M       1.0G

MemTotal:        4016004 kB
MemFree:         2356560 kB
Active:           483360 kB
Mem:          3.8G       1.6G       2.2G       5.7M        62M       1.1G

MemTotal:        4016004 kB
MemFree:         2309592 kB
Active:           483368 kB
Mem:          3.8G       1.6G       2.2G       5.7M        62M       1.1G

MemTotal:        4016004 kB
MemFree:         2263132 kB
Active:           483368 kB
Mem:          3.8G       1.7G       2.2G       5.7M        62M       1.2G

MemTotal:        4016004 kB
MemFree:         2215676 kB
Active:           483368 kB
Mem:          3.8G       1.7G       2.1G       5.7M        62M       1.2G

MemTotal:        4016004 kB
MemFree:         2201032 kB
Active:           483364 kB
Mem:          3.8G       1.7G       2.1G       5.7M        62M       1.2G

MemTotal:        4016004 kB
MemFree:         2186980 kB
Active:           483380 kB
Mem:          3.8G       1.7G       2.1G       5.7M        62M       1.2G

MemTotal:        4016004 kB
MemFree:         2140416 kB
Active:           483396 kB
Mem:          3.8G       1.8G       2.0G       5.7M        62M       1.3G

MemTotal:        4016004 kB
MemFree:         2093628 kB
Active:           483404 kB
Mem:          3.8G       1.8G       2.0G       5.7M        62M       1.3G

MemTotal:        4016004 kB
MemFree:         2046940 kB
Active:           483404 kB
Mem:          3.8G       1.9G       2.0G       5.7M        62M       1.4G

MemTotal:        4016004 kB
MemFree:         1999864 kB
Active:           483412 kB
Mem:          3.8G       1.9G       1.9G       5.7M        62M       1.4G

MemTotal:        4016004 kB
MemFree:         1953640 kB
Active:           483416 kB
Mem:          3.8G       2.0G       1.9G       5.7M        62M       1.5G

MemTotal:        4016004 kB
MemFree:         1906052 kB
Active:           483424 kB
Mem:          3.8G       2.0G       1.8G       5.7M        62M       1.5G

MemTotal:        4016004 kB
MemFree:         1859316 kB
Active:           483428 kB
Mem:          3.8G       2.1G       1.8G       5.7M        62M       1.6G

MemTotal:        4016004 kB
MemFree:         1812936 kB
Active:           483428 kB
Mem:          3.8G       2.1G       1.7G       5.7M        62M       1.6G

MemTotal:        4016004 kB
MemFree:         1766472 kB
Active:           483440 kB
Mem:          3.8G       2.1G       1.7G       5.7M        62M       1.6G

MemTotal:        4016004 kB
MemFree:         1719368 kB
Active:           483440 kB
Mem:          3.8G       2.2G       1.6G       5.7M        62M       1.7G

MemTotal:        4016004 kB
MemFree:         1672480 kB
Active:           483440 kB
Mem:          3.8G       2.2G       1.6G       5.7M        62M       1.7G

MemTotal:        4016004 kB
MemFree:         1667928 kB
Active:           483448 kB
Mem:          3.8G       2.2G       1.6G       5.7M        62M       1.7G

MemTotal:        4016004 kB
MemFree:         1632800 kB
Active:           483456 kB
Mem:          3.8G       2.3G       1.6G       5.7M        62M       1.8G

MemTotal:        4016004 kB
MemFree:         1585628 kB
Active:           483476 kB
Mem:          3.8G       2.3G       1.5G       5.7M        62M       1.8G

MemTotal:        4016004 kB
MemFree:         1540148 kB
Active:           483460 kB
Mem:          3.8G       2.4G       1.5G       5.7M        62M       1.9G

MemTotal:        4016004 kB
MemFree:         1493040 kB
Active:           483480 kB
Mem:          3.8G       2.4G       1.4G       5.7M        62M       1.9G

MemTotal:        4016004 kB
MemFree:         1445808 kB
Active:           483488 kB
Mem:          3.8G       2.5G       1.4G       5.7M        62M       1.9G

MemTotal:        4016004 kB
MemFree:         1399196 kB
Active:           483488 kB
Mem:          3.8G       2.5G       1.3G       5.7M        62M       2.0G

MemTotal:        4016004 kB
MemFree:         1352476 kB
Active:           483492 kB
Mem:          3.8G       2.5G       1.3G       5.7M        62M       2.0G

MemTotal:        4016004 kB
MemFree:         1306212 kB
Active:           483496 kB
Mem:          3.8G       2.6G       1.2G       5.7M        62M       2.1G

MemTotal:        4016004 kB
MemFree:         1299252 kB
Active:           483500 kB
Mem:          3.8G       2.6G       1.2G       5.7M        62M       2.1G

MemTotal:        4016004 kB
MemFree:         1252952 kB
Active:           483460 kB
Mem:          3.8G       2.6G       1.2G       5.7M        62M       2.1G

MemTotal:        4016004 kB
MemFree:         1229580 kB
Active:           483508 kB
Mem:          3.8G       2.7G       1.2G       5.7M        62M       2.1G

MemTotal:        4016004 kB
MemFree:         1196976 kB
Active:           483512 kB
Mem:          3.8G       2.7G       1.1G       5.7M        62M       2.2G

MemTotal:        4016004 kB
MemFree:         1149712 kB
Active:           483524 kB
Mem:          3.8G       2.7G       1.1G       5.7M        62M       2.2G

MemTotal:        4016004 kB
MemFree:         1148756 kB
Active:           483524 kB
Mem:          3.8G       2.7G       1.1G       5.7M        62M       2.2G

MemTotal:        4016004 kB
MemFree:         1118376 kB
Active:           483528 kB
Mem:          3.8G       2.8G       1.1G       5.7M        62M       2.3G

MemTotal:        4016004 kB
MemFree:         1071516 kB
Active:           483532 kB
Mem:          3.8G       2.8G       1.0G       5.7M        62M       2.3G

MemTotal:        4016004 kB
MemFree:         1024424 kB
Active:           483532 kB
Mem:          3.8G       2.9G       1.0G       5.7M        62M       2.3G

MemTotal:        4016004 kB
MemFree:          977812 kB
Active:           483532 kB
Mem:          3.8G       2.9G       955M       5.7M        62M       2.4G

MemTotal:        4016004 kB
MemFree:          930952 kB
Active:           483492 kB
Mem:          3.8G       2.9G       908M       5.7M        62M       2.4G

MemTotal:        4016004 kB
MemFree:          884092 kB
Active:           483540 kB
Mem:          3.8G       3.0G       863M       5.7M        62M       2.5G

MemTotal:        4016004 kB
MemFree:          837360 kB
Active:           483544 kB
Mem:          3.8G       3.0G       817M       5.7M        62M       2.5G

MemTotal:        4016004 kB
MemFree:          791120 kB
Active:           483552 kB
Mem:          3.8G       3.1G       772M       5.7M        62M       2.6G

MemTotal:        4016004 kB
MemFree:          777100 kB
Active:           483556 kB
Mem:          3.8G       3.1G       758M       5.7M        62M       2.6G

MemTotal:        4016004 kB
MemFree:          776168 kB
Active:           483568 kB
Mem:          3.8G       3.1G       757M       5.7M        62M       2.6G

MemTotal:        4016004 kB
MemFree:          776028 kB
Active:           483576 kB
Mem:          3.8G       3.1G       757M       5.7M        62M       2.6G

MemTotal:        4016004 kB
MemFree:          774596 kB
Active:           483576 kB
Mem:          3.8G       3.1G       755M       5.7M        62M       2.6G

MemTotal:        4016004 kB
MemFree:          727736 kB
Active:           483580 kB
Mem:          3.8G       3.1G       709M       5.7M        62M       2.6G

MemTotal:        4016004 kB
MemFree:          680272 kB
Active:           483584 kB
Mem:          3.8G       3.2G       664M       5.7M        62M       2.7G

MemTotal:        4016004 kB
MemFree:          633412 kB
Active:           483584 kB
Mem:          3.8G       3.2G       618M       5.7M        62M       2.7G

MemTotal:        4016004 kB
MemFree:          586552 kB
Active:           483592 kB
Mem:          3.8G       3.3G       572M       5.7M        62M       2.8G

MemTotal:        4016004 kB
MemFree:          539444 kB
Active:           483592 kB
Mem:          3.8G       3.3G       526M       5.7M        62M       2.8G

MemTotal:        4016004 kB
MemFree:          492848 kB
Active:           483592 kB
Mem:          3.8G       3.4G       480M       5.7M        62M       2.8G

MemTotal:        4016004 kB
MemFree:          446236 kB
Active:           483592 kB
Mem:          3.8G       3.4G       435M       5.7M        62M       2.9G

MemTotal:        4016004 kB
MemFree:          398508 kB
Active:           483600 kB
Mem:          3.8G       3.5G       388M       5.7M        62M       2.9G

MemTotal:        4016004 kB
MemFree:          351604 kB
Active:           483600 kB
Mem:          3.8G       3.5G       342M       5.7M        62M       3.0G

MemTotal:        4016004 kB
MemFree:          320708 kB
Active:           483556 kB
Mem:          3.8G       3.5G       312M       5.7M        62M       3.0G

MemTotal:        4016004 kB
MemFree:          274152 kB
Active:           483564 kB
Mem:          3.8G       3.6G       267M       5.7M        62M       3.0G

MemTotal:        4016004 kB
MemFree:          226964 kB
Active:           483596 kB
Mem:          3.8G       3.6G       221M       5.7M        62M       3.1G

MemTotal:        4016004 kB
MemFree:          185612 kB
Active:           483608 kB
Mem:          3.8G       3.7G       180M       5.7M        62M       3.1G

MemTotal:        4016004 kB
MemFree:          167136 kB
Active:           483624 kB
Mem:          3.8G       3.7G       163M       5.7M        62M       3.1G

MemTotal:        4016004 kB
MemFree:          119544 kB
Active:           483636 kB
Mem:          3.8G       3.7G       116M       5.7M        62M       3.2G

MemTotal:        4016004 kB
MemFree:          129740 kB
Active:           489424 kB
Mem:          3.8G       3.7G       127M       5.7M        29M       3.2G

MemTotal:        4016004 kB
MemFree:          121432 kB
Active:           496248 kB
Mem:          3.8G       3.7G       118M       5.7M        29M       3.2G

MemTotal:        4016004 kB
MemFree:          124116 kB
Active:           539808 kB
Mem:          3.8G       3.7G       119M       5.7M        29M       3.2G

MemTotal:        4016004 kB
MemFree:          137368 kB
Active:           532568 kB
Mem:          3.8G       3.7G       133M       5.7M        29M       3.2G

MemTotal:        4016004 kB
MemFree:          154756 kB
Active:           522112 kB
Mem:          3.8G       3.7G       150M       5.7M        29M       3.2G

MemTotal:        4016004 kB
MemFree:          109164 kB
Active:           521984 kB
Mem:          3.8G       3.7G       106M       5.7M        29M       3.2G

MemTotal:        4016004 kB
MemFree:          144660 kB
Active:           518148 kB
Mem:          3.8G       3.7G       141M       5.7M        29M       3.2G

MemTotal:        4016004 kB
MemFree:          133112 kB
Active:           512788 kB
Mem:          3.8G       3.7G       129M       5.7M        29M       3.2G

MemTotal:        4016004 kB
MemFree:          122176 kB
Active:           509332 kB
Mem:          3.8G       3.7G       119M       5.7M        29M       3.2G

MemTotal:        4016004 kB
MemFree:          128292 kB
Active:           503060 kB
Mem:          3.8G       3.7G       125M       5.7M        29M       3.2G

MemTotal:        4016004 kB
MemFree:          115156 kB
Active:           503064 kB
Mem:          3.8G       3.7G       112M       5.7M        29M       3.2G

MemTotal:        4016004 kB
MemFree:          125728 kB
Active:           499340 kB
Mem:          3.8G       3.7G       122M       5.7M        29M       3.2G

MemTotal:        4016004 kB
MemFree:          136428 kB
Active:           497680 kB
Mem:          3.8G       3.7G       133M       5.7M        29M       3.2G

MemTotal:        4016004 kB
MemFree:          136904 kB
Active:           497684 kB
Mem:          3.8G       3.7G       133M       5.7M        29M       3.2G

MemTotal:        4016004 kB
MemFree:          126288 kB
Active:           494620 kB
Mem:          3.8G       3.7G       123M       5.7M        29M       3.2G

MemTotal:        4016004 kB
MemFree:          114628 kB
Active:           488968 kB
Mem:          3.8G       3.7G       111M       5.7M        29M       3.2G

MemTotal:        4016004 kB
MemFree:          128624 kB
Active:           487176 kB
Mem:          3.8G       3.7G       125M       5.7M        29M       3.2G

MemTotal:        4016004 kB
MemFree:          138004 kB
Active:           485392 kB
Mem:          3.8G       3.7G       135M       5.7M        29M       3.2G

MemTotal:        4016004 kB
MemFree:          132500 kB
Active:           483728 kB
Mem:          3.8G       3.7G       128M       5.7M        29M       3.2G

MemTotal:        4016004 kB
MemFree:          120984 kB
Active:           480608 kB
Mem:          3.8G       3.7G       118M       5.7M        29M       3.2G

MemTotal:        4016004 kB
MemFree:          123600 kB
Active:           478820 kB
Mem:          3.8G       3.7G       120M       5.7M        29M       3.2G

MemTotal:        4016004 kB
MemFree:          113748 kB
Active:           477668 kB
Mem:          3.8G       3.7G       110M       5.7M        29M       3.2G

MemTotal:        4016004 kB
MemFree:          107672 kB
Active:           476536 kB
Mem:          3.8G       3.7G       104M       5.7M        29M       3.2G

MemTotal:        4016004 kB
MemFree:          107192 kB
Active:           476412 kB
Mem:          3.8G       3.7G       103M       5.7M        29M       3.2G

MemTotal:        4016004 kB
MemFree:          112652 kB
Active:           474376 kB
Mem:          3.8G       3.7G       110M       5.7M        29M       3.2G

MemTotal:        4016004 kB
MemFree:          126620 kB
Active:           470580 kB
Mem:          3.8G       3.7G       123M       5.7M        29M       3.2G

MemTotal:        4016004 kB
MemFree:          121964 kB
Active:           469044 kB
Mem:          3.8G       3.7G       118M       5.7M        29M       3.2G

MemTotal:        4016004 kB
MemFree:          110080 kB
Active:           468028 kB
Mem:          3.8G       3.7G       107M       5.7M        29M       3.2G

MemTotal:        4016004 kB
MemFree:          109552 kB
Active:           462052 kB
Mem:          3.8G       3.7G       106M       5.7M        29M       3.2G

MemTotal:        4016004 kB
MemFree:          116528 kB
Active:           458008 kB
Mem:          3.8G       3.7G       113M       5.7M        29M       3.2G

MemTotal:        4016004 kB
MemFree:          117500 kB
Active:           456472 kB
Mem:          3.8G       3.7G       114M       5.7M        29M       3.2G

MemTotal:        4016004 kB
MemFree:          105968 kB
Active:           455320 kB
Mem:          3.8G       3.7G       103M       5.7M        29M       3.2G

MemTotal:        4016004 kB
MemFree:          107620 kB
Active:           452012 kB
Mem:          3.8G       3.7G       104M       5.7M        29M       3.2G

MemTotal:        4016004 kB
MemFree:          132428 kB
Active:           449708 kB
Mem:          3.8G       3.7G       128M       5.7M        29M       3.2G

MemTotal:        4016004 kB
MemFree:          105544 kB
Active:           449196 kB
Mem:          3.8G       3.7G       102M       5.7M        29M       3.2G

MemTotal:        4016004 kB
MemFree:          127496 kB
Active:           448700 kB
Mem:          3.8G       3.7G       124M       5.7M        29M       3.2G

MemTotal:        4016004 kB
MemFree:          127416 kB
Active:           447500 kB
Mem:          3.8G       3.7G       124M       5.7M        29M       3.2G

MemTotal:        4016004 kB
MemFree:          127112 kB
Active:           447436 kB
Mem:          3.8G       3.7G       124M       5.7M        29M       3.2G

MemTotal:        4016004 kB
MemFree:          110996 kB
Active:           447412 kB
Mem:          3.8G       3.7G       107M       5.7M        29M       3.2G

MemTotal:        4016004 kB
MemFree:          134796 kB
Active:           445140 kB
Mem:          3.8G       3.7G       131M       5.7M        29M       3.2G

MemTotal:        4016004 kB
MemFree:          118476 kB
Active:           444116 kB
Mem:          3.8G       3.7G       115M       5.7M        29M       3.2G

MemTotal:        4016004 kB
MemFree:          106832 kB
Active:           441024 kB
Mem:          3.8G       3.7G       103M       5.7M        29M       3.2G

MemTotal:        4016004 kB
MemFree:          122112 kB
Active:           438984 kB
Mem:          3.8G       3.7G       118M       5.7M        29M       3.2G

MemTotal:        4016004 kB
MemFree:          110716 kB
Active:           437832 kB
Mem:          3.8G       3.7G       107M       5.7M        29M       3.2G

MemTotal:        4016004 kB
MemFree:          116804 kB
Active:           435784 kB
Mem:          3.8G       3.7G       113M       5.7M        29M       3.2G

MemTotal:        4016004 kB
MemFree:          118748 kB
Active:           434120 kB
Mem:          3.8G       3.7G       114M       5.7M        29M       3.2G

MemTotal:        4016004 kB
MemFree:          107372 kB
Active:           432916 kB
Mem:          3.8G       3.7G       104M       5.7M        29M       3.2G

MemTotal:        4016004 kB
MemFree:          131812 kB
Active:           430672 kB
Mem:          3.8G       3.7G       127M       5.7M        29M       3.2G

MemTotal:        4016004 kB
MemFree:          120196 kB
Active:           430684 kB
Mem:          3.8G       3.7G       116M       5.7M        29M       3.2G

MemTotal:        4016004 kB
MemFree:          127024 kB
Active:           429024 kB
Mem:          3.8G       3.7G       123M       5.7M        29M       3.2G

MemTotal:        4016004 kB
MemFree:          127304 kB
Active:           427752 kB
Mem:          3.8G       3.7G       123M       5.7M        29M       3.2G

MemTotal:        4016004 kB
MemFree:          116380 kB
Active:           426600 kB
Mem:          3.8G       3.7G       113M       5.7M        29M       3.2G

MemTotal:        4016004 kB
MemFree:          105480 kB
Active:           425456 kB
Mem:          3.8G       3.7G       102M       5.7M        29M       3.2G

MemTotal:        4016004 kB
MemFree:          106856 kB
Active:           423664 kB
Mem:          3.8G       3.7G       104M       5.7M        29M       3.2G

MemTotal:        4016004 kB
MemFree:          120400 kB
Active:           421876 kB
Mem:          3.8G       3.7G       117M       5.7M        29M       3.2G

MemTotal:        4016004 kB
MemFree:          139136 kB
Active:           419700 kB
Mem:          3.8G       3.7G       135M       5.7M        29M       3.2G

MemTotal:        4016004 kB
MemFree:          139116 kB
Active:           418048 kB
Mem:          3.8G       3.7G       135M       5.7M        29M       3.2G

MemTotal:        4016004 kB
MemFree:          124976 kB
Active:           417032 kB
Mem:          3.8G       3.7G       121M       5.7M        29M       3.2G

MemTotal:        4016004 kB
MemFree:          119116 kB
Active:           415496 kB
Mem:          3.8G       3.7G       116M       5.7M        29M       3.2G

MemTotal:        4016004 kB
MemFree:          127092 kB
Active:           412520 kB
Mem:          3.8G       3.7G       123M       5.7M        29M       3.2G

MemTotal:        4016004 kB
MemFree:          124468 kB
Active:           411380 kB
Mem:          3.8G       3.7G       121M       5.7M        29M       3.2G

MemTotal:        4016004 kB
MemFree:          107904 kB
Active:           410356 kB
Mem:          3.8G       3.7G       105M       5.7M        29M       3.2G

MemTotal:        4016004 kB
MemFree:          126288 kB
Active:           408188 kB
Mem:          3.8G       3.7G       123M       5.7M        29M       3.2G

MemTotal:        4016004 kB
MemFree:          115004 kB
Active:           405080 kB
Mem:          3.8G       3.7G       112M       5.7M        29M       3.2G

MemTotal:        4016004 kB
MemFree:          128168 kB
Active:           404184 kB
Mem:          3.8G       3.7G       124M       5.7M        29M       3.2G

MemTotal:        4016004 kB
MemFree:          127512 kB
Active:           404188 kB
Mem:          3.8G       3.7G       124M       5.7M        29M       3.2G

MemTotal:        4016004 kB
MemFree:          124960 kB
Active:           404044 kB
Mem:          3.8G       3.7G       121M       5.7M        29M       3.2G

MemTotal:        4016004 kB
MemFree:          105300 kB
Active:           404064 kB
Mem:          3.8G       3.7G       102M       5.7M        29M       3.2G

MemTotal:        4016004 kB
MemFree:          123780 kB
Active:           404064 kB
Mem:          3.8G       3.7G       120M       5.7M        29M       3.2G

MemTotal:        4016004 kB
MemFree:          126056 kB
Active:           404072 kB
Mem:          3.8G       3.7G       122M       5.7M        29M       3.2G

MemTotal:        4016004 kB
MemFree:          120768 kB
Active:           404072 kB
Mem:          3.8G       3.7G       117M       5.7M        29M       3.2G

MemTotal:        4016004 kB
MemFree:          106704 kB
Active:           404088 kB
Mem:          3.8G       3.7G       103M       5.7M        29M       3.2G

MemTotal:        4016004 kB
MemFree:          106812 kB
Active:           404044 kB
Mem:          3.8G       3.7G       104M       5.7M        29M       3.2G

MemTotal:        4016004 kB
MemFree:          106568 kB
Active:           404092 kB
Mem:          3.8G       3.7G       104M       5.7M        29M       3.2G

MemTotal:        4016004 kB
MemFree:          125724 kB
Active:           404100 kB
Mem:          3.8G       3.7G       122M       5.7M        29M       3.2G

MemTotal:        4016004 kB
MemFree:          126620 kB
Active:           403992 kB
Mem:          3.8G       3.7G       123M       5.7M        29M       3.2G

MemTotal:        4016004 kB
MemFree:          109528 kB
Active:           404000 kB
Mem:          3.8G       3.7G       106M       5.7M        29M       3.2G

MemTotal:        4016004 kB
MemFree:          133760 kB
Active:           404008 kB
Mem:          3.8G       3.7G       130M       5.7M        29M       3.2G

MemTotal:        4016004 kB
MemFree:          122572 kB
Active:           404012 kB
Mem:          3.8G       3.7G       119M       5.7M        29M       3.2G

MemTotal:        4016004 kB
MemFree:          124568 kB
Active:           404016 kB
Mem:          3.8G       3.7G       121M       5.7M        29M       3.2G

MemTotal:        4016004 kB
MemFree:          137616 kB
Active:           404016 kB
Mem:          3.8G       3.7G       134M       5.7M        29M       3.2G

MemTotal:        4016004 kB
MemFree:          137148 kB
Active:           404020 kB
Mem:          3.8G       3.7G       145M       5.7M        29M       3.2G

MemTotal:        4016004 kB
MemFree:          135600 kB
Active:           403912 kB
Mem:          3.8G       3.7G       132M       5.7M        29M       3.2G

MemTotal:        4016004 kB
MemFree:          123632 kB
Active:           403920 kB
Mem:          3.8G       3.7G       120M       5.7M        29M       3.2G

MemTotal:        4016004 kB
MemFree:          136600 kB
Active:           403936 kB
Mem:          3.8G       3.7G       133M       5.7M        29M       3.2G

MemTotal:        4016004 kB
MemFree:          125716 kB
Active:           403936 kB
Mem:          3.8G       3.7G       122M       5.7M        29M       3.2G

MemTotal:        4016004 kB
MemFree:          131216 kB
Active:           403940 kB
Mem:          3.8G       3.7G       128M       5.7M        29M       3.2G

MemTotal:        4016004 kB
MemFree:          119332 kB
Active:           403952 kB
Mem:          3.8G       3.7G       116M       5.7M        29M       3.2G

MemTotal:        4016004 kB
MemFree:          108708 kB
Active:           403964 kB
Mem:          3.8G       3.7G       106M       5.7M        29M       3.2G

MemTotal:        4016004 kB
MemFree:          133108 kB
Active:           403732 kB
Mem:          3.8G       3.7G       129M       5.7M        29M       3.2G

MemTotal:        4016004 kB
MemFree:          132644 kB
Active:           403732 kB
Mem:          3.8G       3.7G       129M       5.7M        29M       3.2G

MemTotal:        4016004 kB
MemFree:          140092 kB
Active:           403732 kB
Mem:          3.8G       3.7G       136M       5.7M        29M       3.2G

MemTotal:        4016004 kB
MemFree:          129192 kB
Active:           403744 kB
Mem:          3.8G       3.7G       125M       5.7M        29M       3.2G

MemTotal:        4016004 kB
MemFree:          129328 kB
Active:           403744 kB
Mem:          3.8G       3.7G       126M       5.7M        29M       3.2G

MemTotal:        4016004 kB
MemFree:          118196 kB
Active:           403744 kB
Mem:          3.8G       3.7G       115M       5.7M        29M       3.2G

MemTotal:        4016004 kB
MemFree:          116916 kB
Active:           403744 kB
Mem:          3.8G       3.7G       113M       5.7M        29M       3.2G

MemTotal:        4016004 kB
MemFree:          105320 kB
Active:           403720 kB
Mem:          3.8G       3.7G       102M       5.7M        29M       3.2G

MemTotal:        4016004 kB
MemFree:          120584 kB
Active:           403736 kB
Mem:          3.8G       3.7G       117M       5.7M        29M       3.2G

MemTotal:        4016004 kB
MemFree:          132300 kB
Active:           403764 kB
Mem:          3.8G       3.7G       128M       5.7M        29M       3.2G

MemTotal:        4016004 kB
MemFree:          125756 kB
Active:           403772 kB
Mem:          3.8G       3.7G       122M       5.7M        29M       3.2G

MemTotal:        4016004 kB
MemFree:          133072 kB
Active:           403784 kB
Mem:          3.8G       3.7G       129M       5.7M        29M       3.2G

MemTotal:        4016004 kB
MemFree:          138172 kB
Active:           403788 kB
Mem:          3.8G       3.7G       134M       5.7M        29M       3.2G

MemTotal:        4016004 kB
MemFree:          126000 kB
Active:           403828 kB
Mem:          3.8G       3.7G       123M       5.7M        29M       3.2G

MemTotal:        4016004 kB
MemFree:          126596 kB
Active:           397948 kB
Mem:          3.8G       3.7G       123M       5.7M        29M       3.2G

MemTotal:        4016004 kB
MemFree:          115496 kB
Active:           397948 kB
Mem:          3.8G       3.7G       112M       5.7M        29M       3.2G

MemTotal:        4016004 kB
MemFree:          121460 kB
Active:           397904 kB
Mem:          3.8G       3.7G       118M       5.7M        29M       3.2G

MemTotal:        4016004 kB
MemFree:          111184 kB
Active:           397952 kB
Mem:          3.8G       3.7G       108M       5.7M        29M       3.2G

MemTotal:        4016004 kB
MemFree:          135984 kB
Active:           397952 kB
Mem:          3.8G       3.7G       132M       5.7M        29M       3.2G

MemTotal:        4016004 kB
MemFree:          121068 kB
Active:           397976 kB
Mem:          3.8G       3.7G       117M       5.7M        29M       3.2G

MemTotal:        4016004 kB
MemFree:          109348 kB
Active:           397984 kB
Mem:          3.8G       3.7G       106M       5.7M        29M       3.2G

MemTotal:        4016004 kB
MemFree:          133208 kB
Active:           397984 kB
Mem:          3.8G       3.7G       130M       5.7M        29M       3.2G

MemTotal:        4016004 kB
MemFree:          125696 kB
Active:           397996 kB
Mem:          3.8G       3.7G       122M       5.7M        29M       3.2G

MemTotal:        4016004 kB
MemFree:          127916 kB
Active:           397476 kB
Mem:          3.8G       3.7G       124M       5.7M        29M       3.2G

MemTotal:        4016004 kB
MemFree:          122860 kB
Active:           397268 kB
Mem:          3.8G       3.7G       119M       5.7M        29M       3.2G

MemTotal:        4016004 kB
MemFree:          112364 kB
Active:           397276 kB
Mem:          3.8G       3.7G       109M       5.7M        29M       3.2G

MemTotal:        4016004 kB
MemFree:          125188 kB
Active:           397276 kB
Mem:          3.8G       3.7G       122M       5.7M        29M       3.2G

MemTotal:        4016004 kB
MemFree:          120232 kB
Active:           397276 kB
Mem:          3.8G       3.7G       116M       5.7M        29M       3.2G

MemTotal:        4016004 kB
MemFree:          127336 kB
Active:           397276 kB
Mem:          3.8G       3.7G       123M       5.7M        29M       3.2G

MemTotal:        4016004 kB
MemFree:          121280 kB
Active:           397152 kB
Mem:          3.8G       3.7G       118M       5.7M        29M       3.2G

MemTotal:        4016004 kB
MemFree:          125516 kB
Active:           397156 kB
Mem:          3.8G       3.7G       122M       5.7M        29M       3.2G

MemTotal:        4016004 kB
MemFree:          128440 kB
Active:           397156 kB
Mem:          3.8G       3.7G       124M       5.7M        29M       3.2G

MemTotal:        4016004 kB
MemFree:          120488 kB
Active:           394932 kB
Mem:          3.8G       3.7G       116M       5.7M        29M       3.2G

MemTotal:        4016004 kB
MemFree:          122668 kB
Active:           394932 kB
Mem:          3.8G       3.7G       119M       5.7M        29M       3.2G

MemTotal:        4016004 kB
MemFree:          122168 kB
Active:           394948 kB
Mem:          3.8G       3.7G       119M       5.7M        29M       3.2G

MemTotal:        4016004 kB
MemFree:          122732 kB
Active:           394948 kB
Mem:          3.8G       3.7G       119M       5.7M        29M       3.2G

MemTotal:        4016004 kB
MemFree:          113120 kB
Active:           394952 kB
Mem:          3.8G       3.7G       109M       5.7M        29M       3.2G

MemTotal:        4016004 kB
MemFree:          131124 kB
Active:           394956 kB
Mem:          3.8G       3.7G       127M       5.7M        29M       3.2G

MemTotal:        4016004 kB
MemFree:          121236 kB
Active:           394960 kB
Mem:          3.8G       3.7G       118M       5.7M        29M       3.2G

MemTotal:        4016004 kB
MemFree:          110096 kB
Active:           394960 kB
Mem:          3.8G       3.7G       107M       5.7M        29M       3.2G

MemTotal:        4016004 kB
MemFree:          122896 kB
Active:           394968 kB
Mem:          3.8G       3.7G       120M       5.7M        29M       3.2G

MemTotal:        4016004 kB
MemFree:          123528 kB
Active:           394968 kB
Mem:          3.8G       3.7G       120M       5.7M        29M       3.2G

MemTotal:        4016004 kB
MemFree:          129120 kB
Active:           394972 kB
Mem:          3.8G       3.7G       125M       5.7M        29M       3.2G

MemTotal:        4016004 kB
MemFree:          120772 kB
Active:           393936 kB
Mem:          3.8G       3.7G       117M       5.7M        29M       3.2G

MemTotal:        4016004 kB
MemFree:          116696 kB
Active:           393948 kB
Mem:          3.8G       3.7G       113M       5.7M        29M       3.2G

MemTotal:        4016004 kB
MemFree:          122664 kB
Active:           393948 kB
Mem:          3.8G       3.7G       119M       5.7M        29M       3.2G

MemTotal:        4016004 kB
MemFree:          137984 kB
Active:           393960 kB
Mem:          3.8G       3.7G       134M       5.7M        29M       3.2G

MemTotal:        4016004 kB
MemFree:          116540 kB
Active:           393972 kB
Mem:          3.8G       3.7G       113M       5.7M        29M       3.2G

MemTotal:        4016004 kB
MemFree:          106496 kB
Active:           393972 kB
Mem:          3.8G       3.7G       103M       5.7M        29M       3.2G

MemTotal:        4016004 kB
MemFree:          117956 kB
Active:           393976 kB
Mem:          3.8G       3.7G       115M       5.7M        29M       3.2G

MemTotal:        4016004 kB
MemFree:          142800 kB
Active:           393988 kB
Mem:          3.8G       3.7G       139M       5.7M        29M       3.2G

MemTotal:        4016004 kB
MemFree:          131372 kB
Active:           393988 kB
Mem:          3.8G       3.7G       128M       5.7M        29M       3.2G

MemTotal:        4016004 kB
MemFree:          120664 kB
Active:           393988 kB
Mem:          3.8G       3.7G       117M       5.7M        29M       3.2G

MemTotal:        4016004 kB
MemFree:          132568 kB
Active:           382724 kB
Mem:          3.8G       3.7G       128M       5.7M        29M       3.2G

MemTotal:        4016004 kB
MemFree:          150468 kB
Active:           382732 kB
Mem:          3.8G       3.7G       146M       5.7M        29M       3.2G

MemTotal:        4016004 kB
MemFree:          128004 kB
Active:           382732 kB
Mem:          3.8G       3.7G       124M       5.7M        29M       3.2G

MemTotal:        4016004 kB
MemFree:          105256 kB
Active:           382732 kB
Mem:          3.8G       3.7G       102M       5.7M        29M       3.2G

MemTotal:        4016004 kB
MemFree:          110444 kB
Active:           382732 kB
Mem:          3.8G       3.7G       107M       5.7M        29M       3.2G

MemTotal:        4016004 kB
MemFree:          117944 kB
Active:           382732 kB
Mem:          3.8G       3.7G       114M       5.7M        29M       3.2G

MemTotal:        4016004 kB
MemFree:          116336 kB
Active:           382748 kB
Mem:          3.8G       3.7G       113M       5.7M        29M       3.2G

MemTotal:        4016004 kB
MemFree:          116340 kB
Active:           382764 kB
Mem:          3.8G       3.7G       113M       5.7M        29M       3.2G

MemTotal:        4016004 kB
MemFree:          116252 kB
Active:           382764 kB
Mem:          3.8G       3.7G       113M       5.7M        29M       3.2G

MemTotal:        4016004 kB
MemFree:          135032 kB
Active:           382768 kB
Mem:          3.8G       3.7G       131M       5.7M        29M       3.2G

MemTotal:        4016004 kB
MemFree:          124612 kB
Active:           382768 kB
Mem:          3.8G       3.7G       121M       5.7M        29M       3.2G

MemTotal:        4016004 kB
MemFree:          133676 kB
Active:           382768 kB
Mem:          3.8G       3.7G       130M       5.7M        29M       3.2G

MemTotal:        4016004 kB
MemFree:          123784 kB
Active:           382776 kB
Mem:          3.8G       3.7G       120M       5.7M        29M       3.2G

MemTotal:        4016004 kB
MemFree:          127044 kB
Active:           382776 kB
Mem:          3.8G       3.7G       123M       5.7M        29M       3.2G

MemTotal:        4016004 kB
MemFree:          123840 kB
Active:           380780 kB
Mem:          3.8G       3.7G       120M       5.7M        29M       3.2G

MemTotal:        4016004 kB
MemFree:          126036 kB
Active:           380780 kB
Mem:          3.8G       3.7G       122M       5.7M        29M       3.2G

MemTotal:        4016004 kB
MemFree:          121912 kB
Active:           380780 kB
Mem:          3.8G       3.7G       118M       5.7M        29M       3.2G

MemTotal:        4016004 kB
MemFree:          124964 kB
Active:           380788 kB
Mem:          3.8G       3.7G       121M       5.7M        29M       3.2G

MemTotal:        4016004 kB
MemFree:          119536 kB
Active:           380792 kB
Mem:          3.8G       3.7G       116M       5.7M        29M       3.2G

MemTotal:        4016004 kB
MemFree:          108892 kB
Active:           380796 kB
Mem:          3.8G       3.7G       105M       5.7M        29M       3.2G

MemTotal:        4016004 kB
MemFree:          135644 kB
Active:           380796 kB
Mem:          3.8G       3.7G       132M       5.7M        29M       3.2G

MemTotal:        4016004 kB
MemFree:          110668 kB
Active:           380808 kB
Mem:          3.8G       3.7G       107M       5.7M        29M       3.2G

MemTotal:        4016004 kB
MemFree:          105844 kB
Active:           380808 kB
Mem:          3.8G       3.7G       103M       5.7M        29M       3.2G

MemTotal:        4016004 kB
MemFree:          105756 kB
Active:           380756 kB
Mem:          3.8G       3.7G       102M       5.7M        29M       3.2G

MemTotal:        4016004 kB
MemFree:          106424 kB
Active:           380816 kB
Mem:          3.8G       3.7G       103M       5.7M        29M       3.2G

MemTotal:        4016004 kB
MemFree:          131432 kB
Active:           380816 kB
Mem:          3.8G       3.7G       127M       5.7M        29M       3.2G

MemTotal:        4016004 kB
MemFree:          134256 kB
Active:           380820 kB
Mem:          3.8G       3.7G       131M       5.7M        29M       3.2G

MemTotal:        4016004 kB
MemFree:          140696 kB
Active:           380828 kB
Mem:          3.8G       3.7G       137M       5.7M        29M       3.2G

MemTotal:        4016004 kB
MemFree:          132840 kB
Active:           377584 kB
Mem:          3.8G       3.7G       129M       5.7M        29M       3.2G

MemTotal:        4016004 kB
MemFree:          136124 kB
Active:           377584 kB
Mem:          3.8G       3.7G       132M       5.7M        29M       3.2G

MemTotal:        4016004 kB
MemFree:          149512 kB
Active:           377588 kB
Mem:          3.8G       3.7G       145M       5.7M        29M       3.2G

MemTotal:        4016004 kB
MemFree:          127068 kB
Active:           377600 kB
Mem:          3.8G       3.7G       123M       5.7M        29M       3.2G

MemTotal:        4016004 kB
MemFree:          130468 kB
Active:           377608 kB
Mem:          3.8G       3.7G       127M       5.7M        29M       3.2G

MemTotal:        4016004 kB
MemFree:          149336 kB
Active:           377624 kB
Mem:          3.8G       3.7G       145M       5.7M        29M       3.2G

MemTotal:        4016004 kB
MemFree:          126144 kB
Active:           377624 kB
Mem:          3.8G       3.7G       123M       5.7M        29M       3.2G

MemTotal:        4016004 kB
MemFree:          121288 kB
Active:           377624 kB
Mem:          3.8G       3.7G       118M       5.7M        29M       3.2G

MemTotal:        4016004 kB
MemFree:          125228 kB
Active:           377624 kB
Mem:          3.8G       3.7G       121M       5.7M        29M       3.2G

MemTotal:        4016004 kB
MemFree:          125332 kB
Active:           377624 kB
Mem:          3.8G       3.7G       121M       5.7M        29M       3.2G

MemTotal:        4016004 kB
MemFree:          127016 kB
Active:           377632 kB
Mem:          3.8G       3.7G       123M       5.7M        29M       3.2G

MemTotal:        4016004 kB
MemFree:          120892 kB
Active:           377632 kB
Mem:          3.8G       3.7G       118M       5.7M        29M       3.2G

MemTotal:        4016004 kB
MemFree:          128548 kB
Active:           374668 kB
Mem:          3.8G       3.7G       125M       5.7M        29M       3.2G

MemTotal:        4016004 kB
MemFree:          121324 kB
Active:           374524 kB
Mem:          3.8G       3.7G       117M       5.7M        29M       3.2G

MemTotal:        4016004 kB
MemFree:          125632 kB
Active:           374532 kB
Mem:          3.8G       3.7G       122M       5.7M        29M       3.2G

MemTotal:        4016004 kB
MemFree:          127552 kB
Active:           374544 kB
Mem:          3.8G       3.7G       124M       5.7M        29M       3.2G

MemTotal:        4016004 kB
MemFree:          131688 kB
Active:           374560 kB
Mem:          3.8G       3.7G       127M       5.7M        29M       3.2G

MemTotal:        4016004 kB
MemFree:          114880 kB
Active:           374560 kB
Mem:          3.8G       3.7G       111M       5.7M        29M       3.2G

MemTotal:        4016004 kB
MemFree:          128212 kB
Active:           374560 kB
Mem:          3.8G       3.7G       124M       5.7M        29M       3.2G

MemTotal:        4016004 kB
MemFree:          127188 kB
Active:           374576 kB
Mem:          3.8G       3.7G       124M       5.7M        29M       3.2G

MemTotal:        4016004 kB
MemFree:          135136 kB
Active:           374580 kB
Mem:          3.8G       3.7G       132M       5.7M        29M       3.2G

MemTotal:        4016004 kB
MemFree:          129400 kB
Active:           374580 kB
Mem:          3.8G       3.7G       126M       5.7M        29M       3.2G

MemTotal:        4016004 kB
MemFree:          118560 kB
Active:           374584 kB
Mem:          3.8G       3.7G       115M       5.7M        29M       3.2G

MemTotal:        4016004 kB
MemFree:          120672 kB
Active:           374584 kB
Mem:          3.8G       3.7G       117M       5.7M        29M       3.2G

MemTotal:        4016004 kB
MemFree:          131584 kB
Active:           374592 kB
Mem:          3.8G       3.7G       128M       5.7M        29M       3.2G

MemTotal:        4016004 kB
MemFree:          131824 kB
Active:           374592 kB
Mem:          3.8G       3.7G       128M       5.7M        29M       3.2G

MemTotal:        4016004 kB
MemFree:          127728 kB
Active:           374596 kB
Mem:          3.8G       3.7G       124M       5.7M        29M       3.2G

MemTotal:        4016004 kB
MemFree:          125520 kB
Active:           374608 kB
Mem:          3.8G       3.7G       122M       5.7M        29M       3.2G

MemTotal:        4016004 kB
MemFree:          127460 kB
Active:           374620 kB
Mem:          3.8G       3.7G       123M       5.7M        29M       3.2G

MemTotal:        4016004 kB
MemFree:          118376 kB
Active:           372868 kB
Mem:          3.8G       3.7G       115M       5.7M        29M       3.2G

MemTotal:        4016004 kB
MemFree:          125804 kB
Active:           372868 kB
Mem:          3.8G       3.7G       121M       5.7M        29M       3.2G

MemTotal:        4016004 kB
MemFree:          115028 kB
Active:           372872 kB
Mem:          3.8G       3.7G       112M       5.7M        29M       3.2G

MemTotal:        4016004 kB
MemFree:          120868 kB
Active:           372876 kB
Mem:          3.8G       3.7G       118M       5.7M        29M       3.2G

MemTotal:        4016004 kB
MemFree:          126848 kB
Active:           372876 kB
Mem:          3.8G       3.7G       123M       5.7M        29M       3.2G

MemTotal:        4016004 kB
MemFree:          116072 kB
Active:           372888 kB
Mem:          3.8G       3.7G       113M       5.7M        29M       3.2G

MemTotal:        4016004 kB
MemFree:          106076 kB
Active:           372888 kB
Mem:          3.8G       3.7G       103M       5.7M        29M       3.2G

MemTotal:        4016004 kB
MemFree:          112304 kB
Active:           372888 kB
Mem:          3.8G       3.7G       109M       5.7M        29M       3.2G

MemTotal:        4016004 kB
MemFree:          125664 kB
Active:           372888 kB
Mem:          3.8G       3.7G       122M       5.7M        29M       3.2G

MemTotal:        4016004 kB
MemFree:          114600 kB
Active:           372888 kB
Mem:          3.8G       3.7G       111M       5.7M        29M       3.2G

MemTotal:        4016004 kB
MemFree:          130972 kB
Active:           372900 kB
Mem:          3.8G       3.7G       127M       5.7M        29M       3.2G

MemTotal:        4016004 kB
MemFree:          120008 kB
Active:           372920 kB
Mem:          3.8G       3.7G       116M       5.7M        29M       3.2G

MemTotal:        4016004 kB
MemFree:          126672 kB
Active:           372924 kB
Mem:          3.8G       3.7G       123M       5.7M        29M       3.2G

MemTotal:        4016004 kB
MemFree:          121760 kB
Active:           372924 kB
Mem:          3.8G       3.7G       118M       5.7M        29M       3.2G

MemTotal:        4016004 kB
MemFree:          128508 kB
Active:           372616 kB
Mem:          3.8G       3.7G       125M       5.7M        29M       3.2G

MemTotal:        4016004 kB
MemFree:          128880 kB
Active:           372564 kB
Mem:          3.8G       3.7G       125M       5.7M        29M       3.2G

MemTotal:        4016004 kB
MemFree:          128880 kB
Active:           372572 kB
Mem:          3.8G       3.7G       125M       5.7M        29M       3.2G

MemTotal:        4016004 kB
MemFree:          128508 kB
Active:           372632 kB
Mem:          3.8G       3.7G       125M       5.7M        29M       3.2G

MemTotal:        4016004 kB
MemFree:          128756 kB
Active:           372632 kB
Mem:          3.8G       3.7G       125M       5.7M        29M       3.2G

MemTotal:        4016004 kB
MemFree:          128508 kB
Active:           372632 kB
Mem:          3.8G       3.7G       125M       5.7M        29M       3.2G

MemTotal:        4016004 kB
MemFree:          128880 kB
Active:           372584 kB
Mem:          3.8G       3.7G       125M       5.7M        29M       3.2G

MemTotal:        4016004 kB
MemFree:          128508 kB
Active:           372636 kB
Mem:          3.8G       3.7G       125M       5.7M        29M       3.2G

MemTotal:        4016004 kB
MemFree:          128880 kB
Active:           372640 kB
Mem:          3.8G       3.7G       125M       5.7M        29M       3.2G

MemTotal:        4016004 kB
MemFree:          128756 kB
Active:           372640 kB
Mem:          3.8G       3.7G       125M       5.7M        29M       3.2G

MemTotal:        4016004 kB
MemFree:          128756 kB
Active:           372648 kB
Mem:          3.8G       3.7G       125M       5.7M        29M       3.2G

MemTotal:        4016004 kB
MemFree:          128756 kB
Active:           372648 kB
Mem:          3.8G       3.7G       125M       5.7M        29M       3.2G

MemTotal:        4016004 kB
MemFree:          129004 kB
Active:           372600 kB
Mem:          3.8G       3.7G       125M       5.7M        29M       3.2G

MemTotal:        4016004 kB
MemFree:          129004 kB
Active:           372648 kB
Mem:          3.8G       3.7G       125M       5.7M        29M       3.2G

MemTotal:        4016004 kB
MemFree:          128756 kB
Active:           372648 kB
Mem:          3.8G       3.7G       125M       5.7M        29M       3.2G

MemTotal:        4016004 kB
MemFree:          128880 kB
Active:           372616 kB
Mem:          3.8G       3.7G       125M       5.7M        29M       3.2G

MemTotal:        4016004 kB
MemFree:          128632 kB
Active:           372664 kB
Mem:          3.8G       3.7G       125M       5.7M        29M       3.2G

MemTotal:        4016004 kB
MemFree:          128880 kB
Active:           372608 kB
Mem:          3.8G       3.7G       125M       5.7M        29M       3.2G

MemTotal:        4016004 kB
MemFree:          128756 kB
Active:           372668 kB
Mem:          3.8G       3.7G       125M       5.7M        29M       3.2G

MemTotal:        4016004 kB
MemFree:          128508 kB
Active:           372668 kB
Mem:          3.8G       3.7G       125M       5.7M        29M       3.2G

MemTotal:        4016004 kB
MemFree:          128880 kB
Active:           372620 kB
Mem:          3.8G       3.7G       125M       5.7M        29M       3.2G

MemTotal:        4016004 kB
MemFree:          128508 kB
Active:           372668 kB
Mem:          3.8G       3.7G       125M       5.7M        29M       3.2G

MemTotal:        4016004 kB
MemFree:          128880 kB
Active:           372616 kB
Mem:          3.8G       3.7G       125M       5.7M        29M       3.2G

MemTotal:        4016004 kB
MemFree:          128880 kB
Active:           372628 kB
Mem:          3.8G       3.7G       125M       5.7M        29M       3.2G

MemTotal:        4016004 kB
MemFree:          128880 kB
Active:           372624 kB
Mem:          3.8G       3.7G       125M       5.7M        29M       3.2G

MemTotal:        4016004 kB
MemFree:          128632 kB
Active:           372676 kB
Mem:          3.8G       3.7G       125M       5.7M        29M       3.2G

MemTotal:        4016004 kB
MemFree:          128508 kB
Active:           372676 kB
Mem:          3.8G       3.7G       125M       5.7M        29M       3.2G

MemTotal:        4016004 kB
MemFree:          128720 kB
Active:           372676 kB
Mem:          3.8G       3.7G       125M       5.7M        29M       3.2G

MemTotal:        4016004 kB
MemFree:          128380 kB
Active:           372688 kB
Mem:          3.8G       3.7G       125M       5.7M        29M       3.2G

MemTotal:        4016004 kB
MemFree:          128880 kB
Active:           372648 kB
Mem:          3.8G       3.7G       125M       5.7M        29M       3.2G

MemTotal:        4016004 kB
MemFree:          128632 kB
Active:           372696 kB
Mem:          3.8G       3.7G       125M       5.7M        29M       3.2G

MemTotal:        4016004 kB
MemFree:          129004 kB
Active:           372660 kB
Mem:          3.8G       3.7G       125M       5.7M        29M       3.2G

MemTotal:        4016004 kB
MemFree:          128756 kB
Active:           372708 kB
Mem:          3.8G       3.7G       125M       5.7M        29M       3.2G

MemTotal:        4016004 kB
MemFree:          128508 kB
Active:           372708 kB
Mem:          3.8G       3.7G       125M       5.7M        29M       3.2G

MemTotal:        4016004 kB
MemFree:          128508 kB
Active:           372708 kB
Mem:          3.8G       3.7G       125M       5.7M        29M       3.2G

MemTotal:        4016004 kB
MemFree:          128508 kB
Active:           372708 kB
Mem:          3.8G       3.7G       125M       5.7M        29M       3.2G

MemTotal:        4016004 kB
MemFree:          128384 kB
Active:           372708 kB
