MemTotal:        4016004 kB
MemFree:         3224756 kB
Active:           436356 kB
Mem:          3.8G       772M       3.1G       5.7M        55M       319M

MemTotal:        4016004 kB
MemFree:         3225288 kB
Active:           436116 kB
Mem:          3.8G       772M       3.1G       5.7M        55M       319M

MemTotal:        4016004 kB
MemFree:         3225196 kB
Active:           436200 kB
Mem:          3.8G       772M       3.1G       5.7M        55M       319M

MemTotal:        4016004 kB
MemFree:         3225312 kB
Active:           436212 kB
Mem:          3.8G       772M       3.1G       5.7M        55M       319M

MemTotal:        4016004 kB
MemFree:         3224924 kB
Active:           436240 kB
Mem:          3.8G       772M       3.1G       5.7M        55M       319M

MemTotal:        4016004 kB
MemFree:         3225296 kB
Active:           436208 kB
Mem:          3.8G       772M       3.1G       5.7M        55M       319M

MemTotal:        4016004 kB
MemFree:         3224720 kB
Active:           434292 kB
Mem:          3.8G       772M       3.1G       5.7M        55M       319M

MemTotal:        4016004 kB
MemFree:         3225276 kB
Active:           436236 kB
Mem:          3.8G       772M       3.1G       5.7M        55M       319M

MemTotal:        4016004 kB
MemFree:         3225556 kB
Active:           436208 kB
Mem:          3.8G       772M       3.1G       5.7M        55M       319M

MemTotal:        4016004 kB
MemFree:         3225060 kB
Active:           436260 kB
Mem:          3.8G       772M       3.1G       5.7M        55M       319M

MemTotal:        4016004 kB
MemFree:         3225432 kB
Active:           436208 kB
Mem:          3.8G       772M       3.1G       5.7M        55M       319M

MemTotal:        4016004 kB
MemFree:         3224936 kB
Active:           436264 kB
Mem:          3.8G       772M       3.1G       5.7M        55M       319M

MemTotal:        4016004 kB
MemFree:         3225308 kB
Active:           436244 kB
Mem:          3.8G       772M       3.1G       5.7M        55M       319M

MemTotal:        4016004 kB
MemFree:         3225680 kB
Active:           436244 kB
Mem:          3.8G       771M       3.1G       5.7M        55M       319M

MemTotal:        4016004 kB
MemFree:         3225556 kB
Active:           436240 kB
Mem:          3.8G       771M       3.1G       5.7M        55M       319M

MemTotal:        4016004 kB
MemFree:         3225168 kB
Active:           436264 kB
Mem:          3.8G       772M       3.1G       5.7M        55M       319M

MemTotal:        4016004 kB
MemFree:         3223228 kB
Active:           436216 kB
Mem:          3.8G       774M       3.1G       5.7M        55M       319M

MemTotal:        4016004 kB
MemFree:         3223244 kB
Active:           438264 kB
Mem:          3.8G       774M       3.1G       5.7M        55M       319M

MemTotal:        4016004 kB
MemFree:         3223324 kB
Active:           438244 kB
Mem:          3.8G       774M       3.1G       5.7M        55M       319M

MemTotal:        4016004 kB
MemFree:         3222952 kB
Active:           438288 kB
Mem:          3.8G       774M       3.1G       5.7M        55M       319M

MemTotal:        4016004 kB
MemFree:         3223448 kB
Active:           438292 kB
Mem:          3.8G       774M       3.1G       5.7M        55M       319M

MemTotal:        4016004 kB
MemFree:         3223572 kB
Active:           438284 kB
Mem:          3.8G       773M       3.1G       5.7M        55M       319M

MemTotal:        4016004 kB
MemFree:         3223432 kB
Active:           438292 kB
Mem:          3.8G       773M       3.1G       5.7M        55M       319M

MemTotal:        4016004 kB
MemFree:         3223664 kB
Active:           438252 kB
Mem:          3.8G       773M       3.1G       5.7M        55M       319M

MemTotal:        4016004 kB
MemFree:         3223524 kB
Active:           438244 kB
Mem:          3.8G       773M       3.1G       5.7M        55M       319M

MemTotal:        4016004 kB
MemFree:         3223508 kB
Active:           438248 kB
Mem:          3.8G       773M       3.1G       5.7M        55M       319M

MemTotal:        4016004 kB
MemFree:         3223120 kB
Active:           438296 kB
Mem:          3.8G       774M       3.1G       5.7M        55M       319M

MemTotal:        4016004 kB
MemFree:         3223664 kB
Active:           438248 kB
Mem:          3.8G       773M       3.1G       5.7M        55M       319M

MemTotal:        4016004 kB
MemFree:         3223152 kB
Active:           438308 kB
Mem:          3.8G       774M       3.1G       5.7M        55M       319M

MemTotal:        4016004 kB
MemFree:         3223168 kB
Active:           438280 kB
Mem:          3.8G       774M       3.1G       5.7M        55M       319M

MemTotal:        4016004 kB
MemFree:         3222780 kB
Active:           438312 kB
Mem:          3.8G       774M       3.1G       5.7M        55M       319M

MemTotal:        4016004 kB
MemFree:         3223028 kB
Active:           438272 kB
Mem:          3.8G       774M       3.1G       5.7M        55M       319M

MemTotal:        4016004 kB
MemFree:         3222780 kB
Active:           438324 kB
Mem:          3.8G       774M       3.1G       5.7M        55M       319M

MemTotal:        4016004 kB
MemFree:         3222920 kB
Active:           438276 kB
Mem:          3.8G       774M       3.1G       5.7M        55M       319M

MemTotal:        4016004 kB
MemFree:         3222904 kB
Active:           438284 kB
Mem:          3.8G       774M       3.1G       5.7M        55M       319M

MemTotal:        4016004 kB
MemFree:         3222624 kB
Active:           438332 kB
Mem:          3.8G       774M       3.1G       5.7M        55M       319M

MemTotal:        4016004 kB
MemFree:         3222608 kB
Active:           438336 kB
Mem:          3.8G       774M       3.1G       5.7M        55M       319M

MemTotal:        4016004 kB
MemFree:         3222440 kB
Active:           438336 kB
Mem:          3.8G       774M       3.1G       5.7M        55M       319M

MemTotal:        4016004 kB
MemFree:         3223076 kB
Active:           438288 kB
Mem:          3.8G       774M       3.1G       5.7M        55M       319M

MemTotal:        4016004 kB
MemFree:         3222812 kB
Active:           438436 kB
Mem:          3.8G       774M       3.1G       5.7M        55M       319M

MemTotal:        4016004 kB
MemFree:         3222688 kB
Active:           438348 kB
Mem:          3.8G       774M       3.1G       5.7M        55M       319M

MemTotal:        4016004 kB
MemFree:         3223200 kB
Active:           438288 kB
Mem:          3.8G       774M       3.1G       5.7M        55M       319M

MemTotal:        4016004 kB
MemFree:         3223276 kB
Active:           438320 kB
Mem:          3.8G       774M       3.1G       5.7M        55M       319M

MemTotal:        4016004 kB
MemFree:         3222764 kB
Active:           438348 kB
Mem:          3.8G       774M       3.1G       5.7M        55M       319M

MemTotal:        4016004 kB
MemFree:         3222748 kB
Active:           438348 kB
Mem:          3.8G       774M       3.1G       5.7M        55M       319M

MemTotal:        4016004 kB
MemFree:         3223120 kB
Active:           438292 kB
Mem:          3.8G       774M       3.1G       5.7M        55M       319M

MemTotal:        4016004 kB
MemFree:         3221212 kB
Active:           438316 kB
Mem:          3.8G       775M       3.1G       5.7M        55M       319M

MemTotal:        4016004 kB
MemFree:         3221396 kB
Active:           440368 kB
Mem:          3.8G       775M       3.1G       5.7M        55M       319M

MemTotal:        4016004 kB
MemFree:         3221476 kB
Active:           440360 kB
Mem:          3.8G       775M       3.1G       5.7M        55M       319M

MemTotal:        4016004 kB
MemFree:         3221336 kB
Active:           440460 kB
Mem:          3.8G       775M       3.1G       5.7M        55M       319M

MemTotal:        4016004 kB
MemFree:         3221568 kB
Active:           440432 kB
Mem:          3.8G       775M       3.1G       5.7M        55M       319M

MemTotal:        4016004 kB
MemFree:         3221244 kB
Active:           440384 kB
Mem:          3.8G       776M       3.1G       5.7M        55M       319M

MemTotal:        4016004 kB
MemFree:         3221444 kB
Active:           440372 kB
Mem:          3.8G       776M       3.1G       5.7M        55M       319M

MemTotal:        4016004 kB
MemFree:         3220840 kB
Active:           440404 kB
Mem:          3.8G       776M       3.1G       5.7M        55M       319M

MemTotal:        4016004 kB
MemFree:         3221288 kB
Active:           440396 kB
Mem:          3.8G       775M       3.1G       5.7M        55M       319M

MemTotal:        4016004 kB
MemFree:         3221320 kB
Active:           440524 kB
Mem:          3.8G       776M       3.1G       5.7M        55M       319M

MemTotal:        4016004 kB
MemFree:         3220824 kB
Active:           440508 kB
Mem:          3.8G       776M       3.1G       5.7M        55M       319M

MemTotal:        4016004 kB
MemFree:         3221472 kB
Active:           440508 kB
Mem:          3.8G       776M       3.1G       5.7M        55M       319M

MemTotal:        4016004 kB
MemFree:         3221152 kB
Active:           440544 kB
Mem:          3.8G       776M       3.1G       5.7M        55M       319M

MemTotal:        4016004 kB
MemFree:         3221104 kB
Active:           440380 kB
Mem:          3.8G       776M       3.1G       5.7M        55M       319M

MemTotal:        4016004 kB
MemFree:         3220856 kB
Active:           440520 kB
Mem:          3.8G       776M       3.1G       5.7M        55M       319M

MemTotal:        4016004 kB
MemFree:         3221072 kB
Active:           440404 kB
Mem:          3.8G       776M       3.1G       5.7M        55M       319M

MemTotal:        4016004 kB
MemFree:         3221056 kB
Active:           440368 kB
Mem:          3.8G       776M       3.1G       5.7M        55M       319M

MemTotal:        4016004 kB
MemFree:         3220932 kB
Active:           440416 kB
Mem:          3.8G       776M       3.1G       5.7M        55M       319M

MemTotal:        4016004 kB
MemFree:         3220792 kB
Active:           440524 kB
Mem:          3.8G       776M       3.1G       5.7M        55M       319M

MemTotal:        4016004 kB
MemFree:         3221256 kB
Active:           440272 kB
Mem:          3.8G       776M       3.1G       5.7M        55M       319M

MemTotal:        4016004 kB
MemFree:         3219148 kB
Active:           440236 kB
Mem:          3.8G       778M       3.1G       5.7M        55M       319M

MemTotal:        4016004 kB
MemFree:         3219396 kB
Active:           442412 kB
Mem:          3.8G       778M       3.1G       5.7M        55M       319M

MemTotal:        4016004 kB
MemFree:         3219536 kB
Active:           442248 kB
Mem:          3.8G       778M       3.1G       5.7M        55M       319M

MemTotal:        4016004 kB
MemFree:         3219196 kB
Active:           442404 kB
Mem:          3.8G       778M       3.1G       5.7M        55M       319M

MemTotal:        4016004 kB
MemFree:         3218824 kB
Active:           442452 kB
Mem:          3.8G       778M       3.1G       5.7M        55M       319M

MemTotal:        4016004 kB
MemFree:         3218328 kB
Active:           442452 kB
Mem:          3.8G       778M       3.1G       5.7M        55M       319M

MemTotal:        4016004 kB
MemFree:         3218312 kB
Active:           442452 kB
Mem:          3.8G       778M       3.1G       5.7M        55M       319M

MemTotal:        4016004 kB
MemFree:         3218280 kB
Active:           442452 kB
Mem:          3.8G       779M       3.1G       5.7M        55M       319M

MemTotal:        4016004 kB
MemFree:         3218872 kB
Active:           442424 kB
Mem:          3.8G       778M       3.1G       5.7M        55M       319M

MemTotal:        4016004 kB
MemFree:         3218872 kB
Active:           442416 kB
Mem:          3.8G       778M       3.1G       5.7M        55M       319M

MemTotal:        4016004 kB
MemFree:         3218996 kB
Active:           442412 kB
Mem:          3.8G       778M       3.1G       5.7M        55M       319M

MemTotal:        4016004 kB
MemFree:         3218732 kB
Active:           442460 kB
Mem:          3.8G       778M       3.1G       5.7M        55M       319M

MemTotal:        4016004 kB
MemFree:         3218732 kB
Active:           442460 kB
Mem:          3.8G       778M       3.1G       5.7M        55M       319M

MemTotal:        4016004 kB
MemFree:         3219196 kB
Active:           442440 kB
Mem:          3.8G       778M       3.1G       5.7M        55M       319M

MemTotal:        4016004 kB
MemFree:         3219304 kB
Active:           442456 kB
Mem:          3.8G       777M       3.1G       5.7M        55M       319M

MemTotal:        4016004 kB
MemFree:         3218916 kB
Active:           442464 kB
Mem:          3.8G       778M       3.1G       5.7M        55M       319M

MemTotal:        4016004 kB
MemFree:         3218900 kB
Active:           442464 kB
Mem:          3.8G       778M       3.1G       5.7M        55M       319M

MemTotal:        4016004 kB
MemFree:         3219088 kB
Active:           442468 kB
Mem:          3.8G       778M       3.1G       5.7M        55M       319M

MemTotal:        4016004 kB
MemFree:         3219088 kB
Active:           442424 kB
Mem:          3.8G       778M       3.1G       5.7M        55M       319M

MemTotal:        4016004 kB
MemFree:         3216668 kB
Active:           442476 kB
Mem:          3.8G       780M       3.1G       5.7M        55M       319M

MemTotal:        4016004 kB
MemFree:         3216668 kB
Active:           444500 kB
Mem:          3.8G       780M       3.1G       5.7M        55M       319M

MemTotal:        4016004 kB
MemFree:         3216792 kB
Active:           444500 kB
Mem:          3.8G       780M       3.1G       5.7M        55M       319M

MemTotal:        4016004 kB
MemFree:         3216420 kB
Active:           444508 kB
Mem:          3.8G       780M       3.1G       5.7M        55M       319M

MemTotal:        4016004 kB
MemFree:         3216512 kB
Active:           444508 kB
Mem:          3.8G       780M       3.1G       5.7M        55M       319M

MemTotal:        4016004 kB
MemFree:         3216744 kB
Active:           444464 kB
Mem:          3.8G       780M       3.1G       5.7M        55M       319M

MemTotal:        4016004 kB
MemFree:         3216480 kB
Active:           444512 kB
Mem:          3.8G       780M       3.1G       5.7M        55M       319M

MemTotal:        4016004 kB
MemFree:         3216464 kB
Active:           444472 kB
Mem:          3.8G       780M       3.1G       5.7M        55M       319M

MemTotal:        4016004 kB
MemFree:         3216668 kB
Active:           444468 kB
Mem:          3.8G       780M       3.1G       5.7M        55M       319M

MemTotal:        4016004 kB
MemFree:         3216668 kB
Active:           444480 kB
Mem:          3.8G       780M       3.1G       5.7M        55M       319M

MemTotal:        4016004 kB
MemFree:         3216792 kB
Active:           444512 kB
Mem:          3.8G       780M       3.1G       5.7M        55M       319M

MemTotal:        4016004 kB
MemFree:         3217164 kB
Active:           444456 kB
Mem:          3.8G       780M       3.1G       5.7M        55M       319M

MemTotal:        4016004 kB
MemFree:         3217148 kB
Active:           444496 kB
Mem:          3.8G       780M       3.1G       5.7M        55M       319M

MemTotal:        4016004 kB
MemFree:         3216636 kB
Active:           444524 kB
Mem:          3.8G       780M       3.1G       5.7M        55M       319M

MemTotal:        4016004 kB
MemFree:         3216604 kB
Active:           444524 kB
Mem:          3.8G       780M       3.1G       5.7M        55M       319M

MemTotal:        4016004 kB
MemFree:         3216540 kB
Active:           444892 kB
Mem:          3.8G       780M       3.1G       5.7M        55M       319M

MemTotal:        4016004 kB
MemFree:         3173132 kB
Active:           445712 kB
Mem:          3.8G       823M       3.0G       5.7M        55M       360M

MemTotal:        4016004 kB
MemFree:         3128896 kB
Active:           445740 kB
Mem:          3.8G       866M       3.0G       5.7M        55M       403M

MemTotal:        4016004 kB
MemFree:         3084052 kB
Active:           445764 kB
Mem:          3.8G       911M       2.9G       5.7M        55M       447M

MemTotal:        4016004 kB
MemFree:         3038324 kB
Active:           445796 kB
Mem:          3.8G       955M       2.9G       5.7M        55M       490M

MemTotal:        4016004 kB
MemFree:         2993128 kB
Active:           445860 kB
Mem:          3.8G       999M       2.9G       5.7M        55M       532M

MemTotal:        4016004 kB
MemFree:         2947716 kB
Active:           445836 kB
Mem:          3.8G       1.0G       2.8G       5.7M        55M       577M

MemTotal:        4016004 kB
MemFree:         2903228 kB
Active:           445868 kB
Mem:          3.8G       1.1G       2.8G       5.7M        55M       621M

MemTotal:        4016004 kB
MemFree:         2857500 kB
Active:           445888 kB
Mem:          3.8G       1.1G       2.7G       5.7M        55M       664M

MemTotal:        4016004 kB
MemFree:         2813064 kB
Active:           445916 kB
Mem:          3.8G       1.1G       2.7G       5.7M        55M       706M

MemTotal:        4016004 kB
MemFree:         2767536 kB
Active:           445944 kB
Mem:          3.8G       1.2G       2.6G       5.7M        55M       751M

MemTotal:        4016004 kB
MemFree:         2721872 kB
Active:           445972 kB
Mem:          3.8G       1.2G       2.6G       5.7M        55M       794M

MemTotal:        4016004 kB
MemFree:         2690300 kB
Active:           445996 kB
Mem:          3.8G       1.3G       2.6G       5.7M        55M       824M

MemTotal:        4016004 kB
MemFree:         2644324 kB
Active:           446016 kB
Mem:          3.8G       1.3G       2.5G       5.7M        56M       868M

MemTotal:        4016004 kB
MemFree:         2600400 kB
Active:           446040 kB
Mem:          3.8G       1.4G       2.5G       5.7M        56M       910M

MemTotal:        4016004 kB
MemFree:         2555296 kB
Active:           446080 kB
Mem:          3.8G       1.4G       2.4G       5.7M        56M       954M

MemTotal:        4016004 kB
MemFree:         2509792 kB
Active:           446108 kB
Mem:          3.8G       1.4G       2.4G       5.7M        56M       997M

MemTotal:        4016004 kB
MemFree:         2509128 kB
Active:           446120 kB
Mem:          3.8G       1.4G       2.4G       5.7M        56M       997M

MemTotal:        4016004 kB
MemFree:         2509412 kB
Active:           446120 kB
Mem:          3.8G       1.4G       2.4G       5.7M        56M       997M

MemTotal:        4016004 kB
MemFree:         2465460 kB
Active:           446140 kB
Mem:          3.8G       1.5G       2.4G       5.7M        56M       1.0G

MemTotal:        4016004 kB
MemFree:         2420600 kB
Active:           446164 kB
Mem:          3.8G       1.5G       2.3G       5.7M        56M       1.1G

MemTotal:        4016004 kB
MemFree:         2374856 kB
Active:           446192 kB
Mem:          3.8G       1.6G       2.3G       5.7M        56M       1.1G

MemTotal:        4016004 kB
MemFree:         2330120 kB
Active:           446224 kB
Mem:          3.8G       1.6G       2.2G       5.7M        56M       1.1G

MemTotal:        4016004 kB
MemFree:         2284268 kB
Active:           446244 kB
Mem:          3.8G       1.7G       2.2G       5.7M        56M       1.2G

MemTotal:        4016004 kB
MemFree:         2239532 kB
Active:           446264 kB
Mem:          3.8G       1.7G       2.1G       5.7M        56M       1.2G

MemTotal:        4016004 kB
MemFree:         2195772 kB
Active:           446420 kB
Mem:          3.8G       1.7G       2.1G       5.7M        56M       1.3G

MemTotal:        4016004 kB
MemFree:         2150356 kB
Active:           446340 kB
Mem:          3.8G       1.8G       2.0G       5.7M        56M       1.3G

MemTotal:        4016004 kB
MemFree:         2105352 kB
Active:           446380 kB
Mem:          3.8G       1.8G       2.0G       5.7M        56M       1.4G

MemTotal:        4016004 kB
MemFree:         2058664 kB
Active:           446408 kB
Mem:          3.8G       1.9G       2.0G       5.7M        56M       1.4G

MemTotal:        4016004 kB
MemFree:         2014576 kB
Active:           446428 kB
Mem:          3.8G       1.9G       1.9G       5.7M        56M       1.4G

MemTotal:        4016004 kB
MemFree:         1968356 kB
Active:           446452 kB
Mem:          3.8G       2.0G       1.9G       5.7M        56M       1.5G

MemTotal:        4016004 kB
MemFree:         1924408 kB
Active:           446476 kB
Mem:          3.8G       2.0G       1.8G       5.7M        56M       1.5G

MemTotal:        4016004 kB
MemFree:         1880804 kB
Active:           446500 kB
Mem:          3.8G       2.0G       1.8G       5.7M        56M       1.6G

MemTotal:        4016004 kB
MemFree:         1834332 kB
Active:           446524 kB
Mem:          3.8G       2.1G       1.7G       5.7M        56M       1.6G

MemTotal:        4016004 kB
MemFree:         1790216 kB
Active:           446544 kB
Mem:          3.8G       2.1G       1.7G       5.7M        56M       1.6G

MemTotal:        4016004 kB
MemFree:         1742112 kB
Active:           448604 kB
Mem:          3.8G       2.2G       1.7G       5.7M        56M       1.7G

MemTotal:        4016004 kB
MemFree:         1698800 kB
Active:           448628 kB
Mem:          3.8G       2.2G       1.6G       5.7M        56M       1.7G

MemTotal:        4016004 kB
MemFree:         1687016 kB
Active:           448652 kB
Mem:          3.8G       2.2G       1.6G       5.7M        56M       1.7G

MemTotal:        4016004 kB
MemFree:         1642792 kB
Active:           448672 kB
Mem:          3.8G       2.3G       1.6G       5.7M        56M       1.8G

MemTotal:        4016004 kB
MemFree:         1596692 kB
Active:           448696 kB
Mem:          3.8G       2.3G       1.5G       5.7M        56M       1.8G

MemTotal:        4016004 kB
MemFree:         1552080 kB
Active:           448720 kB
Mem:          3.8G       2.4G       1.5G       5.7M        56M       1.9G

MemTotal:        4016004 kB
MemFree:         1507196 kB
Active:           448744 kB
Mem:          3.8G       2.4G       1.4G       5.7M        56M       1.9G

MemTotal:        4016004 kB
MemFree:         1504144 kB
Active:           448764 kB
Mem:          3.8G       2.4G       1.4G       5.7M        56M       1.9G

MemTotal:        4016004 kB
MemFree:         1496140 kB
Active:           448768 kB
Mem:          3.8G       2.4G       1.4G       5.7M        56M       1.9G

MemTotal:        4016004 kB
MemFree:         1450412 kB
Active:           448792 kB
Mem:          3.8G       2.4G       1.4G       5.7M        56M       2.0G

MemTotal:        4016004 kB
MemFree:         1405380 kB
Active:           448828 kB
Mem:          3.8G       2.5G       1.3G       5.7M        56M       2.0G

MemTotal:        4016004 kB
MemFree:         1360256 kB
Active:           448832 kB
Mem:          3.8G       2.5G       1.3G       5.7M        56M       2.1G

MemTotal:        4016004 kB
MemFree:         1316140 kB
Active:           448864 kB
Mem:          3.8G       2.6G       1.3G       5.7M        56M       2.1G

MemTotal:        4016004 kB
MemFree:         1269652 kB
Active:           448888 kB
Mem:          3.8G       2.6G       1.2G       5.7M        56M       2.1G

MemTotal:        4016004 kB
MemFree:         1225412 kB
Active:           448912 kB
Mem:          3.8G       2.7G       1.2G       5.7M        56M       2.2G

MemTotal:        4016004 kB
MemFree:         1179312 kB
Active:           448932 kB
Mem:          3.8G       2.7G       1.1G       5.7M        56M       2.2G

MemTotal:        4016004 kB
MemFree:         1135652 kB
Active:           448960 kB
Mem:          3.8G       2.7G       1.1G       5.7M        56M       2.3G

MemTotal:        4016004 kB
MemFree:         1110224 kB
Active:           448992 kB
Mem:          3.8G       2.8G       1.1G       5.7M        56M       2.3G

MemTotal:        4016004 kB
MemFree:         1064528 kB
Active:           449016 kB
Mem:          3.8G       2.8G       1.0G       5.7M        56M       2.3G

MemTotal:        4016004 kB
MemFree:         1020584 kB
Active:           449044 kB
Mem:          3.8G       2.9G       995M       5.7M        56M       2.4G

MemTotal:        4016004 kB
MemFree:          975972 kB
Active:           449108 kB
Mem:          3.8G       2.9G       952M       5.7M        56M       2.4G

MemTotal:        4016004 kB
MemFree:          930408 kB
Active:           449144 kB
Mem:          3.8G       2.9G       908M       5.7M        56M       2.5G

MemTotal:        4016004 kB
MemFree:          917528 kB
Active:           449156 kB
Mem:          3.8G       3.0G       895M       5.7M        56M       2.5G

MemTotal:        4016004 kB
MemFree:          917052 kB
Active:           449112 kB
Mem:          3.8G       3.0G       895M       5.7M        56M       2.5G

MemTotal:        4016004 kB
MemFree:          893620 kB
Active:           449164 kB
Mem:          3.8G       3.0G       872M       5.7M        56M       2.5G

MemTotal:        4016004 kB
MemFree:          848884 kB
Active:           449188 kB
Mem:          3.8G       3.0G       828M       5.7M        56M       2.5G

MemTotal:        4016004 kB
MemFree:          803032 kB
Active:           449212 kB
Mem:          3.8G       3.1G       783M       5.7M        56M       2.6G

MemTotal:        4016004 kB
MemFree:          758296 kB
Active:           449240 kB
Mem:          3.8G       3.1G       740M       5.7M        57M       2.6G

MemTotal:        4016004 kB
MemFree:          712196 kB
Active:           449264 kB
Mem:          3.8G       3.2G       695M       5.7M        57M       2.7G

MemTotal:        4016004 kB
MemFree:          667956 kB
Active:           449288 kB
Mem:          3.8G       3.2G       651M       5.7M        57M       2.7G

MemTotal:        4016004 kB
MemFree:          619808 kB
Active:           451344 kB
Mem:          3.8G       3.2G       604M       5.7M        57M       2.7G

MemTotal:        4016004 kB
MemFree:          576528 kB
Active:           451364 kB
Mem:          3.8G       3.3G       562M       5.7M        57M       2.8G

MemTotal:        4016004 kB
MemFree:          562464 kB
Active:           451388 kB
Mem:          3.8G       3.3G       549M       5.7M        57M       2.8G

MemTotal:        4016004 kB
MemFree:          525820 kB
Active:           451404 kB
Mem:          3.8G       3.3G       512M       5.7M        57M       2.8G

MemTotal:        4016004 kB
MemFree:          480960 kB
Active:           451424 kB
Mem:          3.8G       3.4G       469M       5.7M        57M       2.9G

MemTotal:        4016004 kB
MemFree:          435108 kB
Active:           451448 kB
Mem:          3.8G       3.4G       423M       5.7M        57M       2.9G

MemTotal:        4016004 kB
MemFree:          390120 kB
Active:           451488 kB
Mem:          3.8G       3.5G       380M       5.7M        57M       3.0G

MemTotal:        4016004 kB
MemFree:          375520 kB
Active:           451508 kB
Mem:          3.8G       3.5G       366M       5.7M        57M       3.0G

MemTotal:        4016004 kB
MemFree:          375212 kB
Active:           451508 kB
Mem:          3.8G       3.5G       366M       5.7M        57M       3.0G

MemTotal:        4016004 kB
MemFree:          375340 kB
Active:           451512 kB
Mem:          3.8G       3.5G       366M       5.7M        57M       3.0G

MemTotal:        4016004 kB
MemFree:          360608 kB
Active:           451544 kB
Mem:          3.8G       3.5G       351M       5.7M        57M       3.0G

MemTotal:        4016004 kB
MemFree:          315608 kB
Active:           451544 kB
Mem:          3.8G       3.5G       307M       5.7M        57M       3.0G

MemTotal:        4016004 kB
MemFree:          269632 kB
Active:           451572 kB
Mem:          3.8G       3.6G       262M       5.7M        57M       3.1G

MemTotal:        4016004 kB
MemFree:          225020 kB
Active:           451596 kB
Mem:          3.8G       3.6G       219M       5.7M        57M       3.1G

MemTotal:        4016004 kB
MemFree:          179548 kB
Active:           451452 kB
Mem:          3.8G       3.7G       174M       5.7M        57M       3.2G

MemTotal:        4016004 kB
MemFree:          134564 kB
Active:           451476 kB
Mem:          3.8G       3.7G       131M       5.7M        57M       3.2G

MemTotal:        4016004 kB
MemFree:          124672 kB
Active:           448184 kB
Mem:          3.8G       3.7G       120M       5.7M        23M       3.2G

MemTotal:        4016004 kB
MemFree:          127536 kB
Active:           458952 kB
Mem:          3.8G       3.7G       122M       5.7M        22M       3.2G

MemTotal:        4016004 kB
MemFree:          134784 kB
Active:           502300 kB
Mem:          3.8G       3.7G       130M       5.7M        22M       3.2G

MemTotal:        4016004 kB
MemFree:          148268 kB
Active:           499148 kB
Mem:          3.8G       3.7G       141M       5.7M        22M       3.2G

MemTotal:        4016004 kB
MemFree:          103004 kB
Active:           499180 kB
Mem:          3.8G       3.7G       123M       5.7M        22M       3.2G

MemTotal:        4016004 kB
MemFree:          124688 kB
Active:           492548 kB
Mem:          3.8G       3.7G       121M       5.7M        22M       3.2G

MemTotal:        4016004 kB
MemFree:          105096 kB
Active:           490660 kB
Mem:          3.8G       3.7G       125M       5.7M        22M       3.2G

MemTotal:        4016004 kB
MemFree:          127100 kB
Active:           482144 kB
Mem:          3.8G       3.7G       122M       5.7M        22M       3.2G

MemTotal:        4016004 kB
MemFree:          112212 kB
Active:           479108 kB
Mem:          3.8G       3.7G       108M       5.7M        22M       3.3G

MemTotal:        4016004 kB
MemFree:          126808 kB
Active:           473888 kB
Mem:          3.8G       3.7G       122M       5.7M        22M       3.2G

MemTotal:        4016004 kB
MemFree:          134840 kB
Active:           467768 kB
Mem:          3.8G       3.7G       131M       5.7M        22M       3.2G

MemTotal:        4016004 kB
MemFree:          120632 kB
Active:           467276 kB
Mem:          3.8G       3.7G       117M       5.7M        22M       3.2G

MemTotal:        4016004 kB
MemFree:          121732 kB
Active:           463836 kB
Mem:          3.8G       3.7G       116M       5.7M        22M       3.2G

MemTotal:        4016004 kB
MemFree:          130068 kB
Active:           457136 kB
Mem:          3.8G       3.7G       126M       5.7M        22M       3.2G

MemTotal:        4016004 kB
MemFree:          120892 kB
Active:           454204 kB
Mem:          3.8G       3.7G       117M       5.7M        22M       3.2G

MemTotal:        4016004 kB
MemFree:          128740 kB
Active:           449640 kB
Mem:          3.8G       3.7G       125M       5.7M        22M       3.2G

MemTotal:        4016004 kB
MemFree:          120948 kB
Active:           448520 kB
Mem:          3.8G       3.7G       116M       5.7M        22M       3.2G

MemTotal:        4016004 kB
MemFree:          110308 kB
Active:           447388 kB
Mem:          3.8G       3.7G       107M       5.7M        22M       3.3G

MemTotal:        4016004 kB
MemFree:          119692 kB
Active:           443368 kB
Mem:          3.8G       3.7G       116M       5.7M        22M       3.2G

MemTotal:        4016004 kB
MemFree:          110504 kB
Active:           442236 kB
Mem:          3.8G       3.7G       106M       5.7M        22M       3.3G

MemTotal:        4016004 kB
MemFree:          126152 kB
Active:           440612 kB
Mem:          3.8G       3.7G       123M       5.7M        22M       3.2G

MemTotal:        4016004 kB
MemFree:          128116 kB
Active:           438712 kB
Mem:          3.8G       3.7G       124M       5.7M        22M       3.2G

MemTotal:        4016004 kB
MemFree:          125504 kB
Active:           435124 kB
Mem:          3.8G       3.7G       122M       5.7M        22M       3.2G

MemTotal:        4016004 kB
MemFree:          105180 kB
Active:           434512 kB
Mem:          3.8G       3.7G       124M       5.7M        22M       3.2G

MemTotal:        4016004 kB
MemFree:          122428 kB
Active:           432492 kB
Mem:          3.8G       3.7G       119M       5.7M        22M       3.2G

MemTotal:        4016004 kB
MemFree:          128208 kB
Active:           433664 kB
Mem:          3.8G       3.7G       125M       5.7M        22M       3.2G

MemTotal:        4016004 kB
MemFree:          128132 kB
Active:           433168 kB
Mem:          3.8G       3.7G       125M       5.7M        22M       3.2G

MemTotal:        4016004 kB
MemFree:          125944 kB
Active:           431532 kB
Mem:          3.8G       3.7G       122M       5.7M        22M       3.2G

MemTotal:        4016004 kB
MemFree:          110456 kB
Active:           430524 kB
Mem:          3.8G       3.7G       107M       5.7M        22M       3.3G

MemTotal:        4016004 kB
MemFree:          126044 kB
Active:           428884 kB
Mem:          3.8G       3.7G       122M       5.7M        22M       3.2G

MemTotal:        4016004 kB
MemFree:          122912 kB
Active:           423328 kB
Mem:          3.8G       3.7G       119M       5.7M        22M       3.2G

MemTotal:        4016004 kB
MemFree:          109760 kB
Active:           422320 kB
Mem:          3.8G       3.7G       106M       5.7M        22M       3.3G

MemTotal:        4016004 kB
MemFree:          124852 kB
Active:           420692 kB
Mem:          3.8G       3.7G       121M       5.7M        23M       3.2G

MemTotal:        4016004 kB
MemFree:          108964 kB
Active:           419180 kB
Mem:          3.8G       3.7G       106M       5.7M        23M       3.3G

MemTotal:        4016004 kB
MemFree:          124348 kB
Active:           417540 kB
Mem:          3.8G       3.7G       125M       5.7M        23M       3.2G

MemTotal:        4016004 kB
MemFree:          128904 kB
Active:           415772 kB
Mem:          3.8G       3.7G       124M       5.7M        23M       3.2G

MemTotal:        4016004 kB
MemFree:          130420 kB
Active:           414128 kB
Mem:          3.8G       3.7G       126M       5.7M        23M       3.2G

MemTotal:        4016004 kB
MemFree:          133232 kB
Active:           412364 kB
Mem:          3.8G       3.7G       129M       5.7M        23M       3.2G

MemTotal:        4016004 kB
MemFree:          140564 kB
Active:           410352 kB
Mem:          3.8G       3.7G       136M       5.7M        23M       3.2G

MemTotal:        4016004 kB
MemFree:          144428 kB
Active:           408968 kB
Mem:          3.8G       3.7G       140M       5.7M        23M       3.2G

MemTotal:        4016004 kB
MemFree:          125692 kB
Active:           408988 kB
Mem:          3.8G       3.7G       122M       5.7M        23M       3.2G

MemTotal:        4016004 kB
MemFree:          122796 kB
Active:           409212 kB
Mem:          3.8G       3.7G       119M       5.7M        23M       3.2G

MemTotal:        4016004 kB
MemFree:          114096 kB
Active:           407856 kB
Mem:          3.8G       3.7G       110M       5.7M        23M       3.3G

MemTotal:        4016004 kB
MemFree:          130740 kB
Active:           406216 kB
Mem:          3.8G       3.7G       126M       5.7M        23M       3.2G

MemTotal:        4016004 kB
MemFree:          144708 kB
Active:           403856 kB
Mem:          3.8G       3.7G       140M       5.7M        23M       3.2G

MemTotal:        4016004 kB
MemFree:          135360 kB
Active:           401328 kB
Mem:          3.8G       3.7G       132M       5.7M        23M       3.2G

MemTotal:        4016004 kB
MemFree:          108044 kB
Active:           400316 kB
Mem:          3.8G       3.7G       104M       5.7M        23M       3.3G

MemTotal:        4016004 kB
MemFree:          134700 kB
Active:           398164 kB
Mem:          3.8G       3.7G       131M       5.7M        23M       3.2G

MemTotal:        4016004 kB
MemFree:          127680 kB
Active:           396920 kB
Mem:          3.8G       3.7G       124M       5.7M        23M       3.2G

MemTotal:        4016004 kB
MemFree:          118272 kB
Active:           395796 kB
Mem:          3.8G       3.7G       115M       5.7M        23M       3.2G

MemTotal:        4016004 kB
MemFree:          109628 kB
Active:           395176 kB
Mem:          3.8G       3.7G       106M       5.7M        23M       3.3G

MemTotal:        4016004 kB
MemFree:          113360 kB
Active:           393536 kB
Mem:          3.8G       3.7G       110M       5.7M        23M       3.3G

MemTotal:        4016004 kB
MemFree:          105172 kB
Active:           392408 kB
Mem:          3.8G       3.7G       124M       5.7M        23M       3.2G

MemTotal:        4016004 kB
MemFree:          125392 kB
Active:           390252 kB
Mem:          3.8G       3.7G       122M       5.7M        23M       3.2G

MemTotal:        4016004 kB
MemFree:          117300 kB
Active:           387360 kB
Mem:          3.8G       3.7G       113M       5.7M        23M       3.2G

MemTotal:        4016004 kB
MemFree:          130820 kB
Active:           382068 kB
Mem:          3.8G       3.7G       127M       5.7M        23M       3.2G

MemTotal:        4016004 kB
MemFree:          131164 kB
Active:           382068 kB
Mem:          3.8G       3.7G       128M       5.7M        23M       3.2G

MemTotal:        4016004 kB
MemFree:          116120 kB
Active:           382068 kB
Mem:          3.8G       3.7G       113M       5.7M        23M       3.2G

MemTotal:        4016004 kB
MemFree:          106228 kB
Active:           380944 kB
Mem:          3.8G       3.7G       103M       5.7M        23M       3.3G

MemTotal:        4016004 kB
MemFree:          134404 kB
Active:           380712 kB
Mem:          3.8G       3.7G       130M       5.7M        23M       3.2G

MemTotal:        4016004 kB
MemFree:          125812 kB
Active:           380740 kB
Mem:          3.8G       3.7G       122M       5.7M        23M       3.2G

MemTotal:        4016004 kB
MemFree:          127188 kB
Active:           380760 kB
Mem:          3.8G       3.7G       123M       5.7M        23M       3.2G

MemTotal:        4016004 kB
MemFree:          106448 kB
Active:           380780 kB
Mem:          3.8G       3.7G       103M       5.7M        23M       3.3G

MemTotal:        4016004 kB
MemFree:          134056 kB
Active:           380808 kB
Mem:          3.8G       3.7G       130M       5.7M        23M       3.2G

MemTotal:        4016004 kB
MemFree:          132784 kB
Active:           382376 kB
Mem:          3.8G       3.7G       127M       5.7M        23M       3.2G

MemTotal:        4016004 kB
MemFree:          127144 kB
Active:           381904 kB
Mem:          3.8G       3.7G       123M       5.7M        23M       3.2G

MemTotal:        4016004 kB
MemFree:          129656 kB
Active:           381928 kB
Mem:          3.8G       3.7G       126M       5.7M        23M       3.2G

MemTotal:        4016004 kB
MemFree:          138868 kB
Active:           381948 kB
Mem:          3.8G       3.7G       135M       5.7M        23M       3.2G

MemTotal:        4016004 kB
MemFree:          125908 kB
Active:           378728 kB
Mem:          3.8G       3.7G       122M       5.7M        23M       3.2G

MemTotal:        4016004 kB
MemFree:          119328 kB
Active:           378612 kB
Mem:          3.8G       3.7G       116M       5.7M        23M       3.2G

MemTotal:        4016004 kB
MemFree:          134048 kB
Active:           378644 kB
Mem:          3.8G       3.7G       130M       5.7M        23M       3.2G

MemTotal:        4016004 kB
MemFree:          133804 kB
Active:           378656 kB
Mem:          3.8G       3.7G       130M       5.7M        23M       3.2G

MemTotal:        4016004 kB
MemFree:          134212 kB
Active:           378660 kB
Mem:          3.8G       3.7G       130M       5.7M        23M       3.2G

MemTotal:        4016004 kB
MemFree:          113312 kB
Active:           378668 kB
Mem:          3.8G       3.7G       110M       5.7M        23M       3.2G

MemTotal:        4016004 kB
MemFree:          125888 kB
Active:           378688 kB
Mem:          3.8G       3.7G       124M       5.7M        23M       3.2G

MemTotal:        4016004 kB
MemFree:          125692 kB
Active:           378716 kB
Mem:          3.8G       3.7G       122M       5.7M        23M       3.2G

MemTotal:        4016004 kB
MemFree:          127788 kB
Active:           378740 kB
Mem:          3.8G       3.7G       124M       5.7M        23M       3.2G

MemTotal:        4016004 kB
MemFree:          126168 kB
Active:           378764 kB
Mem:          3.8G       3.7G       122M       5.7M        23M       3.2G

MemTotal:        4016004 kB
MemFree:          116788 kB
Active:           378712 kB
Mem:          3.8G       3.7G       113M       5.7M        23M       3.2G

MemTotal:        4016004 kB
MemFree:          119792 kB
Active:           378732 kB
Mem:          3.8G       3.7G       116M       5.7M        23M       3.2G

MemTotal:        4016004 kB
MemFree:          109528 kB
Active:           378760 kB
Mem:          3.8G       3.7G       106M       5.7M        23M       3.3G

MemTotal:        4016004 kB
MemFree:          125036 kB
Active:           378792 kB
Mem:          3.8G       3.7G       121M       5.7M        24M       3.2G

MemTotal:        4016004 kB
MemFree:          117860 kB
Active:           378824 kB
Mem:          3.8G       3.7G       114M       5.7M        24M       3.2G

MemTotal:        4016004 kB
MemFree:          132836 kB
Active:           378848 kB
Mem:          3.8G       3.7G       129M       5.7M        24M       3.2G

MemTotal:        4016004 kB
MemFree:          123760 kB
Active:           378824 kB
Mem:          3.8G       3.7G       120M       5.7M        24M       3.2G

MemTotal:        4016004 kB
MemFree:          132452 kB
Active:           378840 kB
Mem:          3.8G       3.7G       128M       5.7M        24M       3.2G

MemTotal:        4016004 kB
MemFree:          125328 kB
Active:           378740 kB
Mem:          3.8G       3.7G       121M       5.7M        24M       3.2G

MemTotal:        4016004 kB
MemFree:          115168 kB
Active:           378612 kB
Mem:          3.8G       3.7G       111M       5.7M        24M       3.2G

MemTotal:        4016004 kB
MemFree:          130116 kB
Active:           378636 kB
Mem:          3.8G       3.7G       126M       5.7M        24M       3.2G

MemTotal:        4016004 kB
MemFree:          122832 kB
Active:           378660 kB
Mem:          3.8G       3.7G       119M       5.7M        24M       3.2G

MemTotal:        4016004 kB
MemFree:          131420 kB
Active:           378680 kB
Mem:          3.8G       3.7G       128M       5.7M        24M       3.2G

MemTotal:        4016004 kB
MemFree:          125168 kB
Active:           377640 kB
Mem:          3.8G       3.7G       121M       5.7M        24M       3.2G

MemTotal:        4016004 kB
MemFree:          117012 kB
Active:           377664 kB
Mem:          3.8G       3.7G       113M       5.7M        24M       3.2G

MemTotal:        4016004 kB
MemFree:          127208 kB
Active:           377688 kB
Mem:          3.8G       3.7G       123M       5.7M        24M       3.2G

MemTotal:        4016004 kB
MemFree:          119348 kB
Active:           377708 kB
Mem:          3.8G       3.7G       116M       5.7M        24M       3.2G

MemTotal:        4016004 kB
MemFree:          111536 kB
Active:           377736 kB
Mem:          3.8G       3.7G       108M       5.7M        24M       3.3G

MemTotal:        4016004 kB
MemFree:          108052 kB
Active:           377752 kB
Mem:          3.8G       3.7G       105M       5.7M        24M       3.3G

MemTotal:        4016004 kB
MemFree:          124044 kB
Active:           377772 kB
Mem:          3.8G       3.7G       120M       5.7M        24M       3.2G

MemTotal:        4016004 kB
MemFree:          128600 kB
Active:           377796 kB
Mem:          3.8G       3.7G       124M       5.7M        24M       3.2G

MemTotal:        4016004 kB
MemFree:          113784 kB
Active:           377808 kB
Mem:          3.8G       3.7G       110M       5.7M        24M       3.2G

MemTotal:        4016004 kB
MemFree:          134856 kB
Active:           375800 kB
Mem:          3.8G       3.7G       131M       5.7M        24M       3.2G

MemTotal:        4016004 kB
MemFree:          133560 kB
Active:           375808 kB
Mem:          3.8G       3.7G       130M       5.7M        24M       3.2G

MemTotal:        4016004 kB
MemFree:          133284 kB
Active:           375812 kB
Mem:          3.8G       3.7G       130M       5.7M        24M       3.2G

MemTotal:        4016004 kB
MemFree:          106564 kB
Active:           375820 kB
Mem:          3.8G       3.7G       103M       5.7M        24M       3.3G

MemTotal:        4016004 kB
MemFree:          132692 kB
Active:           377228 kB
Mem:          3.8G       3.7G       128M       5.7M        24M       3.2G

MemTotal:        4016004 kB
MemFree:          124768 kB
Active:           377120 kB
Mem:          3.8G       3.7G       121M       5.7M        24M       3.2G

MemTotal:        4016004 kB
MemFree:          141164 kB
Active:           377148 kB
Mem:          3.8G       3.7G       137M       5.7M        24M       3.2G

MemTotal:        4016004 kB
MemFree:          133024 kB
Active:           377172 kB
Mem:          3.8G       3.7G       129M       5.7M        24M       3.2G

MemTotal:        4016004 kB
MemFree:          105880 kB
Active:           377196 kB
Mem:          3.8G       3.7G       102M       5.7M        24M       3.3G

MemTotal:        4016004 kB
MemFree:          109876 kB
Active:           377088 kB
Mem:          3.8G       3.7G       106M       5.7M        24M       3.2G

MemTotal:        4016004 kB
MemFree:          106000 kB
Active:           372780 kB
Mem:          3.8G       3.7G       103M       5.7M        24M       3.3G

MemTotal:        4016004 kB
MemFree:          118192 kB
Active:           372800 kB
Mem:          3.8G       3.7G       114M       5.7M        24M       3.2G

MemTotal:        4016004 kB
MemFree:          122372 kB
Active:           372824 kB
Mem:          3.8G       3.7G       118M       5.7M        24M       3.2G

MemTotal:        4016004 kB
MemFree:          126308 kB
Active:           372844 kB
Mem:          3.8G       3.7G       122M       5.7M        24M       3.2G

MemTotal:        4016004 kB
MemFree:          143104 kB
Active:           372876 kB
Mem:          3.8G       3.7G       139M       5.7M        24M       3.2G

MemTotal:        4016004 kB
MemFree:          134952 kB
Active:           372900 kB
Mem:          3.8G       3.7G       131M       5.7M        24M       3.2G

MemTotal:        4016004 kB
MemFree:          145092 kB
Active:           372920 kB
Mem:          3.8G       3.7G       141M       5.7M        24M       3.2G

MemTotal:        4016004 kB
MemFree:          126412 kB
Active:           372940 kB
Mem:          3.8G       3.7G       122M       5.7M        24M       3.2G

MemTotal:        4016004 kB
MemFree:          124088 kB
Active:           372964 kB
Mem:          3.8G       3.7G       120M       5.7M        24M       3.2G

MemTotal:        4016004 kB
MemFree:          120240 kB
Active:           369708 kB
Mem:          3.8G       3.7G       116M       5.7M        24M       3.2G

MemTotal:        4016004 kB
MemFree:          124212 kB
Active:           369728 kB
Mem:          3.8G       3.7G       120M       5.7M        24M       3.2G

MemTotal:        4016004 kB
MemFree:          134408 kB
Active:           369760 kB
Mem:          3.8G       3.7G       130M       5.7M        24M       3.2G

MemTotal:        4016004 kB
MemFree:          138404 kB
Active:           369784 kB
Mem:          3.8G       3.7G       134M       5.7M        24M       3.2G

MemTotal:        4016004 kB
MemFree:          154800 kB
Active:           369808 kB
Mem:          3.8G       3.7G       150M       5.7M        24M       3.2G

MemTotal:        4016004 kB
MemFree:          111068 kB
Active:           370664 kB
Mem:          3.8G       3.7G       107M       5.7M        24M       3.2G

MemTotal:        4016004 kB
MemFree:          126984 kB
Active:           370400 kB
Mem:          3.8G       3.7G       123M       5.7M        24M       3.2G

MemTotal:        4016004 kB
MemFree:          110964 kB
Active:           370452 kB
Mem:          3.8G       3.7G       107M       5.7M        24M       3.2G

MemTotal:        4016004 kB
MemFree:          129572 kB
Active:           368032 kB
Mem:          3.8G       3.7G       125M       5.7M        24M       3.2G

MemTotal:        4016004 kB
MemFree:          113500 kB
Active:           367888 kB
Mem:          3.8G       3.7G       110M       5.7M        24M       3.2G

MemTotal:        4016004 kB
MemFree:          135352 kB
Active:           367900 kB
Mem:          3.8G       3.7G       131M       5.7M        24M       3.2G

MemTotal:        4016004 kB
MemFree:          127848 kB
Active:           367924 kB
Mem:          3.8G       3.7G       124M       5.7M        24M       3.2G

MemTotal:        4016004 kB
MemFree:          131536 kB
Active:           367944 kB
Mem:          3.8G       3.7G       127M       5.7M        25M       3.2G

MemTotal:        4016004 kB
MemFree:          133716 kB
Active:           367972 kB
Mem:          3.8G       3.7G       130M       5.7M        25M       3.2G

MemTotal:        4016004 kB
MemFree:          143408 kB
Active:           368000 kB
Mem:          3.8G       3.7G       139M       5.7M        25M       3.2G

MemTotal:        4016004 kB
MemFree:          134944 kB
Active:           368020 kB
Mem:          3.8G       3.7G       131M       5.7M        25M       3.2G

MemTotal:        4016004 kB
MemFree:          128104 kB
Active:           367916 kB
Mem:          3.8G       3.7G       123M       5.7M        25M       3.2G

MemTotal:        4016004 kB
MemFree:          129852 kB
Active:           367940 kB
Mem:          3.8G       3.7G       126M       5.7M        25M       3.2G

MemTotal:        4016004 kB
MemFree:          118800 kB
Active:           362520 kB
Mem:          3.8G       3.7G       115M       5.7M        25M       3.2G

MemTotal:        4016004 kB
MemFree:          128340 kB
Active:           362344 kB
Mem:          3.8G       3.7G       124M       5.7M        25M       3.2G

MemTotal:        4016004 kB
MemFree:          120108 kB
Active:           362392 kB
Mem:          3.8G       3.7G       116M       5.7M        25M       3.2G

MemTotal:        4016004 kB
MemFree:          131256 kB
Active:           362404 kB
Mem:          3.8G       3.7G       128M       5.7M        25M       3.2G

MemTotal:        4016004 kB
MemFree:          131616 kB
Active:           362432 kB
Mem:          3.8G       3.7G       128M       5.7M        25M       3.2G

MemTotal:        4016004 kB
MemFree:          131752 kB
Active:           362432 kB
Mem:          3.8G       3.7G       128M       5.7M        25M       3.2G

MemTotal:        4016004 kB
MemFree:          131920 kB
Active:           362432 kB
Mem:          3.8G       3.7G       128M       5.7M        25M       3.2G

MemTotal:        4016004 kB
MemFree:          142088 kB
Active:           362444 kB
Mem:          3.8G       3.7G       138M       5.7M        25M       3.2G

MemTotal:        4016004 kB
MemFree:          134304 kB
Active:           362464 kB
Mem:          3.8G       3.7G       130M       5.7M        25M       3.2G

MemTotal:        4016004 kB
MemFree:          126396 kB
Active:           362496 kB
Mem:          3.8G       3.7G       122M       5.7M        25M       3.2G

MemTotal:        4016004 kB
MemFree:          128904 kB
Active:           362516 kB
Mem:          3.8G       3.7G       125M       5.7M        25M       3.2G

MemTotal:        4016004 kB
MemFree:          121740 kB
Active:           362540 kB
Mem:          3.8G       3.7G       117M       5.7M        25M       3.2G

MemTotal:        4016004 kB
MemFree:          125100 kB
Active:           362568 kB
Mem:          3.8G       3.7G       121M       5.7M        25M       3.2G

MemTotal:        4016004 kB
MemFree:          131128 kB
Active:           361244 kB
Mem:          3.8G       3.7G       127M       5.7M        25M       3.2G

MemTotal:        4016004 kB
MemFree:          135372 kB
Active:           361276 kB
Mem:          3.8G       3.7G       131M       5.7M        25M       3.2G

MemTotal:        4016004 kB
MemFree:          143384 kB
Active:           361296 kB
Mem:          3.8G       3.7G       139M       5.7M        25M       3.2G

MemTotal:        4016004 kB
MemFree:          135432 kB
Active:           361320 kB
Mem:          3.8G       3.7G       132M       5.7M        25M       3.2G

MemTotal:        4016004 kB
MemFree:          129520 kB
Active:           362308 kB
Mem:          3.8G       3.7G       126M       5.7M        25M       3.2G

MemTotal:        4016004 kB
MemFree:          118592 kB
Active:           362248 kB
Mem:          3.8G       3.7G       115M       5.7M        25M       3.2G

MemTotal:        4016004 kB
MemFree:          134060 kB
Active:           362144 kB
Mem:          3.8G       3.7G       130M       5.7M        25M       3.2G

MemTotal:        4016004 kB
MemFree:          133724 kB
Active:           362148 kB
Mem:          3.8G       3.7G       130M       5.7M        25M       3.2G

MemTotal:        4016004 kB
MemFree:          134012 kB
Active:           362152 kB
Mem:          3.8G       3.7G       130M       5.7M        25M       3.2G

MemTotal:        4016004 kB
MemFree:          131516 kB
Active:           362168 kB
Mem:          3.8G       3.7G       128M       5.7M        25M       3.2G

MemTotal:        4016004 kB
MemFree:          124600 kB
Active:           362188 kB
Mem:          3.8G       3.7G       120M       5.7M        25M       3.2G

MemTotal:        4016004 kB
MemFree:          128084 kB
Active:           362220 kB
Mem:          3.8G       3.7G       124M       5.7M        25M       3.2G

MemTotal:        4016004 kB
MemFree:          130592 kB
Active:           362244 kB
Mem:          3.8G       3.7G       127M       5.7M        25M       3.2G

MemTotal:        4016004 kB
MemFree:          123320 kB
Active:           362268 kB
Mem:          3.8G       3.7G       119M       5.7M        25M       3.2G

MemTotal:        4016004 kB
MemFree:          128124 kB
Active:           361056 kB
Mem:          3.8G       3.7G       124M       5.7M        25M       3.2G

MemTotal:        4016004 kB
MemFree:          131376 kB
Active:           361080 kB
Mem:          3.8G       3.7G       127M       5.7M        25M       3.2G

MemTotal:        4016004 kB
MemFree:          111104 kB
Active:           361124 kB
Mem:          3.8G       3.7G       108M       5.7M        25M       3.2G

MemTotal:        4016004 kB
MemFree:          122280 kB
Active:           361140 kB
Mem:          3.8G       3.7G       118M       5.7M        25M       3.2G

MemTotal:        4016004 kB
MemFree:          132496 kB
Active:           361176 kB
Mem:          3.8G       3.7G       128M       5.7M        25M       3.2G

MemTotal:        4016004 kB
MemFree:          125132 kB
Active:           361196 kB
Mem:          3.8G       3.7G       120M       5.7M        25M       3.2G

MemTotal:        4016004 kB
MemFree:          117184 kB
Active:           361216 kB
Mem:          3.8G       3.7G       113M       5.7M        25M       3.2G

MemTotal:        4016004 kB
MemFree:          118168 kB
Active:           361240 kB
Mem:          3.8G       3.7G       114M       5.7M        25M       3.2G

MemTotal:        4016004 kB
MemFree:          117708 kB
Active:           361240 kB
Mem:          3.8G       3.7G       114M       5.7M        25M       3.2G

MemTotal:        4016004 kB
MemFree:          129272 kB
Active:           361260 kB
Mem:          3.8G       3.7G       125M       5.7M        25M       3.2G

MemTotal:        4016004 kB
MemFree:          131820 kB
Active:           361280 kB
Mem:          3.8G       3.7G       128M       5.7M        25M       3.2G

MemTotal:        4016004 kB
MemFree:          141928 kB
Active:           361300 kB
Mem:          3.8G       3.7G       137M       5.7M        25M       3.2G

MemTotal:        4016004 kB
MemFree:          134772 kB
Active:           361324 kB
Mem:          3.8G       3.7G       130M       5.7M        25M       3.2G

MemTotal:        4016004 kB
MemFree:          129472 kB
Active:           359168 kB
Mem:          3.8G       3.7G       125M       5.7M        25M       3.2G

MemTotal:        4016004 kB
MemFree:          109552 kB
Active:           359048 kB
Mem:          3.8G       3.7G       106M       5.7M        25M       3.2G

MemTotal:        4016004 kB
MemFree:          125412 kB
Active:           359076 kB
Mem:          3.8G       3.7G       122M       5.7M        25M       3.2G

MemTotal:        4016004 kB
MemFree:          135260 kB
Active:           359096 kB
Mem:          3.8G       3.7G       131M       5.7M        25M       3.2G

MemTotal:        4016004 kB
MemFree:          109048 kB
Active:           359116 kB
Mem:          3.8G       3.7G       106M       5.7M        25M       3.2G

MemTotal:        4016004 kB
MemFree:          118548 kB
Active:           359148 kB
Mem:          3.8G       3.7G       115M       5.7M        25M       3.2G

MemTotal:        4016004 kB
MemFree:          111020 kB
Active:           359180 kB
Mem:          3.8G       3.7G       107M       5.7M        25M       3.2G

MemTotal:        4016004 kB
MemFree:          113116 kB
Active:           359204 kB
Mem:          3.8G       3.7G       109M       5.7M        26M       3.2G

MemTotal:        4016004 kB
MemFree:          128044 kB
Active:           359208 kB
Mem:          3.8G       3.7G       124M       5.7M        26M       3.2G

MemTotal:        4016004 kB
MemFree:          108356 kB
Active:           359240 kB
Mem:          3.8G       3.7G       105M       5.7M        26M       3.2G

MemTotal:        4016004 kB
MemFree:          116696 kB
Active:           359260 kB
Mem:          3.8G       3.7G       113M       5.7M        26M       3.2G

MemTotal:        4016004 kB
MemFree:          110936 kB
Active:           359268 kB
Mem:          3.8G       3.7G       108M       5.7M        26M       3.2G

MemTotal:        4016004 kB
MemFree:          120620 kB
Active:           359284 kB
Mem:          3.8G       3.7G       117M       5.7M        26M       3.2G

MemTotal:        4016004 kB
MemFree:          112712 kB
Active:           359304 kB
Mem:          3.8G       3.7G       109M       5.7M        26M       3.2G

MemTotal:        4016004 kB
MemFree:          104928 kB
Active:           359328 kB
Mem:          3.8G       3.7G       124M       5.7M        26M       3.2G

MemTotal:        4016004 kB
MemFree:          111240 kB
Active:           356328 kB
Mem:          3.8G       3.7G       108M       5.7M        26M       3.2G

MemTotal:        4016004 kB
MemFree:          122056 kB
Active:           356360 kB
Mem:          3.8G       3.7G       118M       5.7M        26M       3.2G

MemTotal:        4016004 kB
MemFree:          113884 kB
Active:           356380 kB
Mem:          3.8G       3.7G       110M       5.7M        26M       3.2G

MemTotal:        4016004 kB
MemFree:          107780 kB
Active:           356404 kB
Mem:          3.8G       3.7G       104M       5.7M        26M       3.2G

MemTotal:        4016004 kB
MemFree:          104780 kB
Active:           356428 kB
Mem:          3.8G       3.7G       125M       5.7M        26M       3.2G

MemTotal:        4016004 kB
MemFree:          120188 kB
Active:           356312 kB
Mem:          3.8G       3.7G       116M       5.7M        26M       3.2G

MemTotal:        4016004 kB
MemFree:          119500 kB
Active:           356320 kB
Mem:          3.8G       3.7G       116M       5.7M        26M       3.2G

MemTotal:        4016004 kB
MemFree:          119692 kB
Active:           356320 kB
Mem:          3.8G       3.7G       116M       5.7M        26M       3.2G

MemTotal:        4016004 kB
MemFree:          138340 kB
Active:           356328 kB
Mem:          3.8G       3.7G       134M       5.7M        26M       3.2G

MemTotal:        4016004 kB
MemFree:          131300 kB
Active:           356352 kB
Mem:          3.8G       3.7G       127M       5.7M        26M       3.2G

MemTotal:        4016004 kB
MemFree:          123516 kB
Active:           356372 kB
Mem:          3.8G       3.7G       119M       5.7M        26M       3.2G

MemTotal:        4016004 kB
MemFree:          132952 kB
Active:           356400 kB
Mem:          3.8G       3.7G       129M       5.7M        26M       3.2G

MemTotal:        4016004 kB
MemFree:          125168 kB
Active:           356420 kB
Mem:          3.8G       3.7G       121M       5.7M        26M       3.2G

MemTotal:        4016004 kB
MemFree:          111564 kB
Active:           356448 kB
Mem:          3.8G       3.7G       107M       5.7M        26M       3.2G

MemTotal:        4016004 kB
MemFree:          127548 kB
Active:           356468 kB
Mem:          3.8G       3.7G       124M       5.7M        26M       3.2G

MemTotal:        4016004 kB
MemFree:          128088 kB
Active:           356492 kB
Mem:          3.8G       3.7G       124M       5.7M        26M       3.2G

MemTotal:        4016004 kB
MemFree:          126056 kB
Active:           356524 kB
Mem:          3.8G       3.7G       122M       5.7M        26M       3.2G

MemTotal:        4016004 kB
MemFree:          106884 kB
Active:           356544 kB
Mem:          3.8G       3.7G       103M       5.7M        26M       3.2G

MemTotal:        4016004 kB
MemFree:          135388 kB
Active:           356268 kB
Mem:          3.8G       3.7G       131M       5.7M        26M       3.2G

MemTotal:        4016004 kB
MemFree:          130588 kB
Active:           356184 kB
Mem:          3.8G       3.7G       127M       5.7M        26M       3.2G

MemTotal:        4016004 kB
MemFree:          130172 kB
Active:           356216 kB
Mem:          3.8G       3.7G       126M       5.7M        26M       3.2G

MemTotal:        4016004 kB
MemFree:          105928 kB
Active:           356248 kB
Mem:          3.8G       3.7G       102M       5.7M        26M       3.2G

MemTotal:        4016004 kB
MemFree:          139104 kB
Active:           357916 kB
Mem:          3.8G       3.7G       134M       5.7M        26M       3.2G

MemTotal:        4016004 kB
MemFree:          142280 kB
Active:           357920 kB
Mem:          3.8G       3.7G       138M       5.7M        26M       3.2G

MemTotal:        4016004 kB
MemFree:          134844 kB
Active:           357940 kB
Mem:          3.8G       3.7G       131M       5.7M        26M       3.2G

MemTotal:        4016004 kB
MemFree:          127496 kB
Active:           357964 kB
Mem:          3.8G       3.7G       124M       5.7M        26M       3.2G

MemTotal:        4016004 kB
MemFree:          130004 kB
Active:           357872 kB
Mem:          3.8G       3.7G       126M       5.7M        26M       3.2G

MemTotal:        4016004 kB
MemFree:          127468 kB
Active:           357744 kB
Mem:          3.8G       3.7G       124M       5.7M        26M       3.2G

MemTotal:        4016004 kB
MemFree:          127368 kB
Active:           357584 kB
Mem:          3.8G       3.7G       124M       5.7M        26M       3.2G

MemTotal:        4016004 kB
MemFree:          127368 kB
Active:           357588 kB
Mem:          3.8G       3.7G       124M       5.7M        26M       3.2G

MemTotal:        4016004 kB
MemFree:          127368 kB
Active:           357588 kB
Mem:          3.8G       3.7G       124M       5.7M        26M       3.2G

MemTotal:        4016004 kB
MemFree:          127368 kB
Active:           357592 kB
Mem:          3.8G       3.7G       124M       5.7M        26M       3.2G

MemTotal:        4016004 kB
MemFree:          127244 kB
Active:           357600 kB
Mem:          3.8G       3.7G       124M       5.7M        26M       3.2G

MemTotal:        4016004 kB
MemFree:          127244 kB
Active:           357600 kB
Mem:          3.8G       3.7G       124M       5.7M        26M       3.2G

MemTotal:        4016004 kB
MemFree:          127244 kB
Active:           357600 kB
Mem:          3.8G       3.7G       124M       5.7M        26M       3.2G

MemTotal:        4016004 kB
MemFree:          127244 kB
Active:           357600 kB
Mem:          3.8G       3.7G       124M       5.7M        26M       3.2G

MemTotal:        4016004 kB
MemFree:          127244 kB
Active:           357600 kB
Mem:          3.8G       3.7G       124M       5.7M        26M       3.2G

MemTotal:        4016004 kB
MemFree:          127244 kB
Active:           357600 kB
Mem:          3.8G       3.7G       124M       5.7M        26M       3.2G

MemTotal:        4016004 kB
MemFree:          127244 kB
Active:           357600 kB
Mem:          3.8G       3.7G       124M       5.7M        26M       3.2G

MemTotal:        4016004 kB
MemFree:          127244 kB
Active:           357600 kB
Mem:          3.8G       3.7G       124M       5.7M        26M       3.2G

MemTotal:        4016004 kB
MemFree:          127368 kB
Active:           357600 kB
Mem:          3.8G       3.7G       124M       5.7M        26M       3.2G

MemTotal:        4016004 kB
MemFree:          127244 kB
Active:           357604 kB
Mem:          3.8G       3.7G       124M       5.7M        26M       3.2G

MemTotal:        4016004 kB
MemFree:          127120 kB
Active:           357608 kB
Mem:          3.8G       3.7G       124M       5.7M        26M       3.2G

MemTotal:        4016004 kB
MemFree:          127244 kB
Active:           357608 kB
Mem:          3.8G       3.7G       124M       5.7M        26M       3.2G

MemTotal:        4016004 kB
MemFree:          127368 kB
Active:           357608 kB
Mem:          3.8G       3.7G       124M       5.7M        26M       3.2G

MemTotal:        4016004 kB
MemFree:          127368 kB
Active:           357608 kB
Mem:          3.8G       3.7G       124M       5.7M        26M       3.2G

MemTotal:        4016004 kB
MemFree:          127244 kB
Active:           357608 kB
Mem:          3.8G       3.7G       124M       5.7M        26M       3.2G

MemTotal:        4016004 kB
MemFree:          127244 kB
Active:           357616 kB
Mem:          3.8G       3.7G       124M       5.7M        26M       3.2G

MemTotal:        4016004 kB
MemFree:          127244 kB
Active:           357616 kB
Mem:          3.8G       3.7G       124M       5.7M        26M       3.2G

MemTotal:        4016004 kB
MemFree:          127244 kB
Active:           357616 kB
Mem:          3.8G       3.7G       124M       5.7M        26M       3.2G

MemTotal:        4016004 kB
MemFree:          127244 kB
Active:           357616 kB
Mem:          3.8G       3.7G       124M       5.7M        26M       3.2G

MemTotal:        4016004 kB
MemFree:          127244 kB
Active:           357616 kB
Mem:          3.8G       3.7G       124M       5.7M        26M       3.2G

MemTotal:        4016004 kB
MemFree:          126960 kB
Active:           357616 kB
Mem:          3.8G       3.7G       124M       5.7M        26M       3.2G

MemTotal:        4016004 kB
MemFree:          127116 kB
Active:           357620 kB
Mem:          3.8G       3.7G       124M       5.7M        26M       3.2G

MemTotal:        4016004 kB
MemFree:          127180 kB
Active:           357628 kB
Mem:          3.8G       3.7G       124M       5.7M        26M       3.2G

MemTotal:        4016004 kB
MemFree:          127308 kB
Active:           357628 kB
Mem:          3.8G       3.7G       124M       5.7M        26M       3.2G

MemTotal:        4016004 kB
MemFree:          127308 kB
Active:           357640 kB
Mem:          3.8G       3.7G       124M       5.7M        26M       3.2G

MemTotal:        4016004 kB
MemFree:          127184 kB
Active:           357640 kB
Mem:          3.8G       3.7G       124M       5.7M        26M       3.2G

MemTotal:        4016004 kB
MemFree:          127308 kB
Active:           357640 kB
Mem:          3.8G       3.7G       124M       5.7M        26M       3.2G

MemTotal:        4016004 kB
MemFree:          127308 kB
Active:           357648 kB
Mem:          3.8G       3.7G       124M       5.7M        26M       3.2G

MemTotal:        4016004 kB
MemFree:          127184 kB
Active:           357648 kB
Mem:          3.8G       3.7G       124M       5.7M        26M       3.2G

MemTotal:        4016004 kB
MemFree:          127308 kB
Active:           357648 kB
Mem:          3.8G       3.7G       124M       5.7M        26M       3.2G

MemTotal:        4016004 kB
MemFree:          127036 kB
Active:           355724 kB
Mem:          3.8G       3.7G       124M       5.7M        26M       3.2G

MemTotal:        4016004 kB
MemFree:          127120 kB
Active:           357680 kB
Mem:          3.8G       3.7G       124M       5.7M        26M       3.2G

MemTotal:        4016004 kB
MemFree:          127244 kB
Active:           357688 kB
Mem:          3.8G       3.7G       124M       5.7M        26M       3.2G

MemTotal:        4016004 kB
MemFree:          127120 kB
Active:           357688 kB
Mem:          3.8G       3.7G       124M       5.7M        26M       3.2G

MemTotal:        4016004 kB
MemFree:          127120 kB
Active:           357688 kB
Mem:          3.8G       3.7G       124M       5.7M        26M       3.2G

MemTotal:        4016004 kB
MemFree:          127244 kB
Active:           357688 kB
Mem:          3.8G       3.7G       124M       5.7M        26M       3.2G

MemTotal:        4016004 kB
MemFree:          127244 kB
Active:           357692 kB
Mem:          3.8G       3.7G       124M       5.7M        26M       3.2G

MemTotal:        4016004 kB
MemFree:          127120 kB
Active:           357692 kB
Mem:          3.8G       3.7G       124M       5.7M        26M       3.2G

MemTotal:        4016004 kB
MemFree:          127120 kB
Active:           357696 kB
Mem:          3.8G       3.7G       124M       5.7M        26M       3.2G

MemTotal:        4016004 kB
MemFree:          127120 kB
Active:           357696 kB
Mem:          3.8G       3.7G       124M       5.7M        26M       3.2G

MemTotal:        4016004 kB
MemFree:          127244 kB
Active:           357696 kB
Mem:          3.8G       3.7G       124M       5.7M        26M       3.2G

MemTotal:        4016004 kB
MemFree:          127120 kB
Active:           357696 kB
Mem:          3.8G       3.7G       124M       5.7M        26M       3.2G

MemTotal:        4016004 kB
MemFree:          123872 kB
Active:           360164 kB
Mem:          3.8G       3.7G       120M       5.7M        28M       3.2G

MemTotal:        4016004 kB
MemFree:          124112 kB
Active:           359996 kB
Mem:          3.8G       3.7G       121M       5.7M        28M       3.2G

MemTotal:        4016004 kB
MemFree:          123988 kB
Active:           360004 kB
Mem:          3.8G       3.7G       121M       5.7M        28M       3.2G

MemTotal:        4016004 kB
MemFree:          124112 kB
Active:           360008 kB
Mem:          3.8G       3.7G       121M       5.7M        28M       3.2G

MemTotal:        4016004 kB
MemFree:          123988 kB
Active:           360008 kB
Mem:          3.8G       3.7G       121M       5.7M        28M       3.2G

MemTotal:        4016004 kB
MemFree:          123988 kB
Active:           360008 kB
Mem:          3.8G       3.7G       121M       5.7M        28M       3.2G

MemTotal:        4016004 kB
MemFree:          124112 kB
Active:           360012 kB
Mem:          3.8G       3.7G       121M       5.7M        28M       3.2G

MemTotal:        4016004 kB
MemFree:          123988 kB
Active:           360012 kB
Mem:          3.8G       3.7G       121M       5.7M        28M       3.2G

MemTotal:        4016004 kB
MemFree:          123988 kB
Active:           360016 kB
Mem:          3.8G       3.7G       121M       5.7M        28M       3.2G

MemTotal:        4016004 kB
MemFree:          123988 kB
Active:           360020 kB
Mem:          3.8G       3.7G       121M       5.7M        28M       3.2G

MemTotal:        4016004 kB
MemFree:          123988 kB
Active:           360024 kB
Mem:          3.8G       3.7G       121M       5.7M        28M       3.2G

MemTotal:        4016004 kB
MemFree:          123988 kB
Active:           360024 kB
Mem:          3.8G       3.7G       120M       5.7M        28M       3.2G

MemTotal:        4016004 kB
MemFree:          124112 kB
Active:           360024 kB
Mem:          3.8G       3.7G       121M       5.7M        28M       3.2G

MemTotal:        4016004 kB
MemFree:          123988 kB
Active:           360024 kB
Mem:          3.8G       3.7G       121M       5.7M        28M       3.2G

MemTotal:        4016004 kB
MemFree:          123988 kB
Active:           360036 kB
Mem:          3.8G       3.7G       121M       5.7M        28M       3.2G

MemTotal:        4016004 kB
MemFree:          123996 kB
Active:           360036 kB
Mem:          3.8G       3.7G       121M       5.7M        28M       3.2G

MemTotal:        4016004 kB
MemFree:          124004 kB
Active:           360036 kB
Mem:          3.8G       3.7G       121M       5.7M        28M       3.2G

MemTotal:        4016004 kB
MemFree:          124004 kB
Active:           360036 kB
Mem:          3.8G       3.7G       121M       5.7M        28M       3.2G

MemTotal:        4016004 kB
MemFree:          124004 kB
Active:           360040 kB
Mem:          3.8G       3.7G       121M       5.7M        28M       3.2G

MemTotal:        4016004 kB
MemFree:          124004 kB
Active:           360048 kB
Mem:          3.8G       3.7G       120M       5.7M        28M       3.2G

MemTotal:        4016004 kB
MemFree:          124004 kB
Active:           360048 kB
Mem:          3.8G       3.7G       121M       5.7M        28M       3.2G

MemTotal:        4016004 kB
MemFree:          124004 kB
Active:           360048 kB
Mem:          3.8G       3.7G       121M       5.7M        28M       3.2G

MemTotal:        4016004 kB
MemFree:          124004 kB
Active:           360048 kB
Mem:          3.8G       3.7G       121M       5.7M        28M       3.2G

MemTotal:        4016004 kB
MemFree:          124004 kB
Active:           360048 kB
Mem:          3.8G       3.7G       121M       5.7M        28M       3.2G

MemTotal:        4016004 kB
MemFree:          124004 kB
Active:           360052 kB
Mem:          3.8G       3.7G       121M       5.7M        28M       3.2G

MemTotal:        4016004 kB
MemFree:          124004 kB
Active:           360052 kB
Mem:          3.8G       3.7G       121M       5.7M        28M       3.2G

MemTotal:        4016004 kB
MemFree:          124004 kB
Active:           360052 kB
Mem:          3.8G       3.7G       121M       5.7M        28M       3.2G

MemTotal:        4016004 kB
MemFree:          124004 kB
Active:           360052 kB
Mem:          3.8G       3.7G       121M       5.7M        28M       3.2G

MemTotal:        4016004 kB
MemFree:          124004 kB
Active:           360052 kB
Mem:          3.8G       3.7G       121M       5.7M        28M       3.2G

MemTotal:        4016004 kB
MemFree:          123880 kB
Active:           360052 kB
Mem:          3.8G       3.7G       120M       5.7M        28M       3.2G

MemTotal:        4016004 kB
MemFree:          124004 kB
Active:           360060 kB
Mem:          3.8G       3.7G       121M       5.7M        28M       3.2G

MemTotal:        4016004 kB
MemFree:          123880 kB
Active:           360060 kB
Mem:          3.8G       3.7G       120M       5.7M        28M       3.2G

MemTotal:        4016004 kB
MemFree:          123756 kB
Active:           360104 kB
Mem:          3.8G       3.7G       120M       5.7M        28M       3.2G

MemTotal:        4016004 kB
MemFree:          123756 kB
Active:           360104 kB
Mem:          3.8G       3.7G       120M       5.7M        28M       3.2G

MemTotal:        4016004 kB
MemFree:          123756 kB
Active:           360104 kB
Mem:          3.8G       3.7G       120M       5.7M        28M       3.2G

MemTotal:        4016004 kB
MemFree:          123640 kB
Active:           360376 kB
Mem:          3.8G       3.7G       120M       5.7M        28M       3.2G

MemTotal:        4016004 kB
MemFree:          123748 kB
Active:           360152 kB
Mem:          3.8G       3.7G       120M       5.7M        28M       3.2G

MemTotal:        4016004 kB
MemFree:          123500 kB
Active:           360152 kB
Mem:          3.8G       3.7G       120M       5.7M        28M       3.2G

MemTotal:        4016004 kB
MemFree:          123500 kB
Active:           360164 kB
Mem:          3.8G       3.7G       120M       5.7M        28M       3.2G

MemTotal:        4016004 kB
MemFree:          123500 kB
Active:           360164 kB
Mem:          3.8G       3.7G       120M       5.7M        28M       3.2G

MemTotal:        4016004 kB
MemFree:          123376 kB
Active:           360168 kB
Mem:          3.8G       3.7G       120M       5.7M        28M       3.2G

MemTotal:        4016004 kB
MemFree:          123376 kB
Active:           360168 kB
Mem:          3.8G       3.7G       120M       5.7M        28M       3.2G

MemTotal:        4016004 kB
MemFree:          123376 kB
Active:           360168 kB
Mem:          3.8G       3.7G       120M       5.7M        28M       3.2G

MemTotal:        4016004 kB
MemFree:          123376 kB
Active:           360168 kB
Mem:          3.8G       3.7G       120M       5.7M        28M       3.2G

MemTotal:        4016004 kB
MemFree:          123376 kB
Active:           360176 kB
Mem:          3.8G       3.7G       120M       5.7M        28M       3.2G

MemTotal:        4016004 kB
MemFree:          123376 kB
Active:           360176 kB
Mem:          3.8G       3.7G       120M       5.7M        28M       3.2G

MemTotal:        4016004 kB
MemFree:          123376 kB
Active:           360176 kB
Mem:          3.8G       3.7G       120M       5.7M        28M       3.2G

MemTotal:        4016004 kB
MemFree:          123252 kB
Active:           360176 kB
Mem:          3.8G       3.7G       120M       5.7M        28M       3.2G

MemTotal:        4016004 kB
MemFree:          123252 kB
Active:           360176 kB
Mem:          3.8G       3.7G       120M       5.7M        28M       3.2G

MemTotal:        4016004 kB
MemFree:          123376 kB
Active:           360176 kB
Mem:          3.8G       3.7G       120M       5.7M        28M       3.2G

MemTotal:        4016004 kB
MemFree:          123376 kB
Active:           360188 kB
Mem:          3.8G       3.7G       120M       5.7M        28M       3.2G

MemTotal:        4016004 kB
MemFree:          125152 kB
Active:           358268 kB
Mem:          3.8G       3.7G       122M       5.7M        28M       3.2G

MemTotal:        4016004 kB
MemFree:          125500 kB
Active:           358168 kB
Mem:          3.8G       3.7G       122M       5.7M        28M       3.2G

MemTotal:        4016004 kB
MemFree:          125376 kB
Active:           358168 kB
Mem:          3.8G       3.7G       122M       5.7M        28M       3.2G

MemTotal:        4016004 kB
MemFree:          125376 kB
Active:           358168 kB
Mem:          3.8G       3.7G       122M       5.7M        28M       3.2G

MemTotal:        4016004 kB
MemFree:          125376 kB
Active:           358168 kB
Mem:          3.8G       3.7G       122M       5.7M        28M       3.2G

MemTotal:        4016004 kB
MemFree:          125376 kB
Active:           358168 kB
Mem:          3.8G       3.7G       122M       5.7M        28M       3.2G

MemTotal:        4016004 kB
MemFree:          125252 kB
Active:           358176 kB
Mem:          3.8G       3.7G       122M       5.7M        28M       3.2G

MemTotal:        4016004 kB
MemFree:          125376 kB
Active:           358180 kB
Mem:          3.8G       3.7G       122M       5.7M        28M       3.2G

MemTotal:        4016004 kB
MemFree:          125376 kB
Active:           358184 kB
Mem:          3.8G       3.7G       122M       5.7M        28M       3.2G

MemTotal:        4016004 kB
MemFree:          125376 kB
Active:           358184 kB
Mem:          3.8G       3.7G       122M       5.7M        28M       3.2G

MemTotal:        4016004 kB
MemFree:          125376 kB
Active:           358184 kB
Mem:          3.8G       3.7G       122M       5.7M        28M       3.2G

MemTotal:        4016004 kB
MemFree:          125376 kB
Active:           358184 kB
Mem:          3.8G       3.7G       122M       5.7M        28M       3.2G

MemTotal:        4016004 kB
MemFree:          125376 kB
Active:           358188 kB
Mem:          3.8G       3.7G       122M       5.7M        28M       3.2G

MemTotal:        4016004 kB
MemFree:          125252 kB
Active:           358188 kB
Mem:          3.8G       3.7G       122M       5.7M        28M       3.2G

MemTotal:        4016004 kB
MemFree:          125252 kB
Active:           358192 kB
Mem:          3.8G       3.7G       122M       5.7M        28M       3.2G

MemTotal:        4016004 kB
MemFree:          125252 kB
Active:           358192 kB
Mem:          3.8G       3.7G       122M       5.7M        28M       3.2G

MemTotal:        4016004 kB
MemFree:          125252 kB
Active:           358192 kB
Mem:          3.8G       3.7G       122M       5.7M        28M       3.2G

MemTotal:        4016004 kB
MemFree:          125252 kB
Active:           358192 kB
Mem:          3.8G       3.7G       122M       5.7M        28M       3.2G

MemTotal:        4016004 kB
MemFree:          125252 kB
Active:           358192 kB
Mem:          3.8G       3.7G       122M       5.7M        28M       3.2G

MemTotal:        4016004 kB
MemFree:          125376 kB
Active:           358204 kB
Mem:          3.8G       3.7G       122M       5.7M        28M       3.2G

MemTotal:        4016004 kB
MemFree:          125376 kB
Active:           358204 kB
Mem:          3.8G       3.7G       122M       5.7M        28M       3.2G

MemTotal:        4016004 kB
MemFree:          125252 kB
Active:           358208 kB
Mem:          3.8G       3.7G       122M       5.7M        28M       3.2G

MemTotal:        4016004 kB
MemFree:          125252 kB
Active:           358208 kB
Mem:          3.8G       3.7G       122M       5.7M        28M       3.2G

MemTotal:        4016004 kB
MemFree:          125252 kB
Active:           358208 kB
Mem:          3.8G       3.7G       122M       5.7M        28M       3.2G

MemTotal:        4016004 kB
MemFree:          125252 kB
Active:           358208 kB
Mem:          3.8G       3.7G       122M       5.7M        28M       3.2G

MemTotal:        4016004 kB
MemFree:          125128 kB
Active:           358216 kB
Mem:          3.8G       3.7G       122M       5.7M        28M       3.2G

MemTotal:        4016004 kB
MemFree:          125252 kB
Active:           358216 kB
Mem:          3.8G       3.7G       122M       5.7M        28M       3.2G

MemTotal:        4016004 kB
MemFree:          125252 kB
Active:           358216 kB
Mem:          3.8G       3.7G       122M       5.7M        28M       3.2G

MemTotal:        4016004 kB
MemFree:          125376 kB
Active:           358220 kB
Mem:          3.8G       3.7G       122M       5.7M        28M       3.2G

MemTotal:        4016004 kB
MemFree:          125252 kB
Active:           358220 kB
Mem:          3.8G       3.7G       122M       5.7M        28M       3.2G

MemTotal:        4016004 kB
MemFree:          125252 kB
Active:           358220 kB
Mem:          3.8G       3.7G       122M       5.7M        28M       3.2G

MemTotal:        4016004 kB
MemFree:          125252 kB
Active:           358220 kB
Mem:          3.8G       3.7G       122M       5.7M        28M       3.2G

MemTotal:        4016004 kB
MemFree:          125252 kB
Active:           358220 kB
Mem:          3.8G       3.7G       122M       5.7M        28M       3.2G

MemTotal:        4016004 kB
MemFree:          125252 kB
Active:           358220 kB
Mem:          3.8G       3.7G       122M       5.7M        28M       3.2G

MemTotal:        4016004 kB
MemFree:          125252 kB
Active:           358228 kB
Mem:          3.8G       3.7G       122M       5.7M        28M       3.2G

MemTotal:        4016004 kB
MemFree:          125376 kB
Active:           358228 kB
Mem:          3.8G       3.7G       122M       5.7M        28M       3.2G

MemTotal:        4016004 kB
MemFree:          125252 kB
Active:           358228 kB
Mem:          3.8G       3.7G       122M       5.7M        28M       3.2G

MemTotal:        4016004 kB
MemFree:          125376 kB
Active:           358228 kB
Mem:          3.8G       3.7G       122M       5.7M        28M       3.2G

MemTotal:        4016004 kB
MemFree:          125376 kB
Active:           358228 kB
Mem:          3.8G       3.7G       122M       5.7M        28M       3.2G

MemTotal:        4016004 kB
MemFree:          125376 kB
Active:           358228 kB
Mem:          3.8G       3.7G       122M       5.7M        28M       3.2G

MemTotal:        4016004 kB
MemFree:          125376 kB
Active:           358236 kB
Mem:          3.8G       3.7G       122M       5.7M        28M       3.2G

MemTotal:        4016004 kB
MemFree:          125252 kB
Active:           358236 kB
Mem:          3.8G       3.7G       122M       5.7M        28M       3.2G

MemTotal:        4016004 kB
MemFree:          125252 kB
Active:           358240 kB
Mem:          3.8G       3.7G       122M       5.7M        28M       3.2G

MemTotal:        4016004 kB
MemFree:          125376 kB
Active:           358240 kB
Mem:          3.8G       3.7G       122M       5.7M        28M       3.2G

MemTotal:        4016004 kB
MemFree:          125376 kB
Active:           358240 kB
Mem:          3.8G       3.7G       122M       5.7M        28M       3.2G

MemTotal:        4016004 kB
MemFree:          125252 kB
Active:           358240 kB
Mem:          3.8G       3.7G       122M       5.7M        28M       3.2G

MemTotal:        4016004 kB
MemFree:          125376 kB
Active:           358240 kB
Mem:          3.8G       3.7G       122M       5.7M        28M       3.2G

MemTotal:        4016004 kB
MemFree:          125376 kB
Active:           358240 kB
Mem:          3.8G       3.7G       122M       5.7M        28M       3.2G

MemTotal:        4016004 kB
MemFree:          125376 kB
Active:           358248 kB
Mem:          3.8G       3.7G       122M       5.7M        28M       3.2G

MemTotal:        4016004 kB
MemFree:          125252 kB
Active:           358256 kB
Mem:          3.8G       3.7G       122M       5.7M        28M       3.2G

MemTotal:        4016004 kB
MemFree:          125252 kB
Active:           358256 kB
Mem:          3.8G       3.7G       122M       5.7M        28M       3.2G

MemTotal:        4016004 kB
MemFree:          125252 kB
Active:           358256 kB
Mem:          3.8G       3.7G       122M       5.7M        28M       3.2G

MemTotal:        4016004 kB
MemFree:          125252 kB
Active:           358256 kB
Mem:          3.8G       3.7G       122M       5.7M        28M       3.2G

MemTotal:        4016004 kB
MemFree:          125252 kB
Active:           358260 kB
Mem:          3.8G       3.7G       122M       5.7M        28M       3.2G

MemTotal:        4016004 kB
MemFree:          125376 kB
Active:           358268 kB
Mem:          3.8G       3.7G       122M       5.7M        28M       3.2G

MemTotal:        4016004 kB
MemFree:          125376 kB
Active:           358268 kB
Mem:          3.8G       3.7G       122M       5.7M        28M       3.2G

MemTotal:        4016004 kB
MemFree:          125376 kB
Active:           358272 kB
Mem:          3.8G       3.7G       122M       5.7M        28M       3.2G

MemTotal:        4016004 kB
MemFree:          125252 kB
Active:           358272 kB
Mem:          3.8G       3.7G       122M       5.7M        28M       3.2G

MemTotal:        4016004 kB
MemFree:          125252 kB
Active:           358272 kB
Mem:          3.8G       3.7G       122M       5.7M        28M       3.2G

MemTotal:        4016004 kB
MemFree:          125128 kB
Active:           358272 kB
Mem:          3.8G       3.7G       122M       5.7M        28M       3.2G

MemTotal:        4016004 kB
MemFree:          125252 kB
Active:           358280 kB
Mem:          3.8G       3.7G       122M       5.7M        28M       3.2G

MemTotal:        4016004 kB
MemFree:          125252 kB
Active:           358280 kB
Mem:          3.8G       3.7G       122M       5.7M        28M       3.2G

MemTotal:        4016004 kB
MemFree:          125252 kB
Active:           358280 kB
Mem:          3.8G       3.7G       122M       5.7M        28M       3.2G

MemTotal:        4016004 kB
MemFree:          125252 kB
Active:           358280 kB
Mem:          3.8G       3.7G       122M       5.7M        28M       3.2G

MemTotal:        4016004 kB
MemFree:          125252 kB
Active:           358280 kB
Mem:          3.8G       3.7G       122M       5.7M        28M       3.2G

MemTotal:        4016004 kB
MemFree:          125128 kB
Active:           358280 kB
Mem:          3.8G       3.7G       122M       5.7M        28M       3.2G

MemTotal:        4016004 kB
MemFree:          125128 kB
Active:           358280 kB
Mem:          3.8G       3.7G       122M       5.7M        28M       3.2G

MemTotal:        4016004 kB
MemFree:          125128 kB
Active:           358284 kB
Mem:          3.8G       3.7G       122M       5.7M        28M       3.2G

MemTotal:        4016004 kB
MemFree:          125128 kB
Active:           358284 kB
Mem:          3.8G       3.7G       122M       5.7M        28M       3.2G

MemTotal:        4016004 kB
MemFree:          125128 kB
Active:           358284 kB
Mem:          3.8G       3.7G       122M       5.7M        28M       3.2G

MemTotal:        4016004 kB
MemFree:          125128 kB
Active:           358292 kB
Mem:          3.8G       3.7G       122M       5.7M        28M       3.2G

MemTotal:        4016004 kB
MemFree:          125128 kB
Active:           358296 kB
Mem:          3.8G       3.7G       122M       5.7M        28M       3.2G

MemTotal:        4016004 kB
MemFree:          125252 kB
Active:           358296 kB
Mem:          3.8G       3.7G       122M       5.7M        28M       3.2G

MemTotal:        4016004 kB
MemFree:          125128 kB
Active:           358296 kB
Mem:          3.8G       3.7G       122M       5.7M        28M       3.2G

MemTotal:        4016004 kB
MemFree:          125128 kB
Active:           358296 kB
Mem:          3.8G       3.7G       122M       5.7M        28M       3.2G

MemTotal:        4016004 kB
MemFree:          125128 kB
Active:           358296 kB
Mem:          3.8G       3.7G       122M       5.7M        28M       3.2G

MemTotal:        4016004 kB
MemFree:          125252 kB
Active:           358304 kB
Mem:          3.8G       3.7G       122M       5.7M        28M       3.2G

MemTotal:        4016004 kB
MemFree:          125128 kB
Active:           358304 kB
Mem:          3.8G       3.7G       122M       5.7M        28M       3.2G

MemTotal:        4016004 kB
MemFree:          125004 kB
Active:           358308 kB
Mem:          3.8G       3.7G       122M       5.7M        28M       3.2G

MemTotal:        4016004 kB
MemFree:          125128 kB
Active:           358308 kB
Mem:          3.8G       3.7G       122M       5.7M        28M       3.2G

MemTotal:        4016004 kB
MemFree:          125128 kB
Active:           358308 kB
Mem:          3.8G       3.7G       122M       5.7M        28M       3.2G

MemTotal:        4016004 kB
MemFree:          125128 kB
Active:           358308 kB
Mem:          3.8G       3.7G       122M       5.7M        28M       3.2G

MemTotal:        4016004 kB
MemFree:          125128 kB
Active:           358308 kB
Mem:          3.8G       3.7G       122M       5.7M        28M       3.2G

MemTotal:        4016004 kB
MemFree:          125128 kB
Active:           358320 kB
Mem:          3.8G       3.7G       122M       5.7M        28M       3.2G

MemTotal:        4016004 kB
MemFree:          125128 kB
Active:           358320 kB
Mem:          3.8G       3.7G       122M       5.7M        28M       3.2G

MemTotal:        4016004 kB
MemFree:          125128 kB
Active:           358320 kB
Mem:          3.8G       3.7G       122M       5.7M        28M       3.2G

MemTotal:        4016004 kB
MemFree:          125128 kB
Active:           358320 kB
Mem:          3.8G       3.7G       122M       5.7M        28M       3.2G

MemTotal:        4016004 kB
MemFree:          125252 kB
Active:           358320 kB
Mem:          3.8G       3.7G       122M       5.7M        28M       3.2G

MemTotal:        4016004 kB
MemFree:          125128 kB
Active:           358320 kB
Mem:          3.8G       3.7G       122M       5.7M        28M       3.2G

MemTotal:        4016004 kB
MemFree:          125004 kB
Active:           358328 kB
Mem:          3.8G       3.7G       122M       5.7M        28M       3.2G

MemTotal:        4016004 kB
MemFree:          125004 kB
Active:           358328 kB
Mem:          3.8G       3.7G       122M       5.7M        28M       3.2G

MemTotal:        4016004 kB
MemFree:          125004 kB
Active:           358328 kB
Mem:          3.8G       3.7G       122M       5.7M        28M       3.2G

MemTotal:        4016004 kB
MemFree:          125004 kB
Active:           358328 kB
Mem:          3.8G       3.7G       122M       5.7M        28M       3.2G

MemTotal:        4016004 kB
MemFree:          125128 kB
Active:           358328 kB
Mem:          3.8G       3.7G       122M       5.7M        28M       3.2G

MemTotal:        4016004 kB
MemFree:          125128 kB
Active:           358328 kB
Mem:          3.8G       3.7G       122M       5.7M        28M       3.2G

MemTotal:        4016004 kB
MemFree:          125128 kB
Active:           358328 kB
Mem:          3.8G       3.7G       122M       5.7M        28M       3.2G

MemTotal:        4016004 kB
MemFree:          125128 kB
Active:           358328 kB
Mem:          3.8G       3.7G       122M       5.7M        28M       3.2G

MemTotal:        4016004 kB
MemFree:          125004 kB
Active:           358332 kB
Mem:          3.8G       3.7G       122M       5.7M        28M       3.2G

MemTotal:        4016004 kB
MemFree:          125004 kB
Active:           358332 kB
Mem:          3.8G       3.7G       122M       5.7M        28M       3.2G

MemTotal:        4016004 kB
MemFree:          125004 kB
Active:           358332 kB
Mem:          3.8G       3.7G       122M       5.7M        28M       3.2G

MemTotal:        4016004 kB
MemFree:          125004 kB
Active:           358332 kB
Mem:          3.8G       3.7G       122M       5.7M        28M       3.2G

MemTotal:        4016004 kB
MemFree:          125128 kB
Active:           358332 kB
Mem:          3.8G       3.7G       122M       5.7M        28M       3.2G

MemTotal:        4016004 kB
MemFree:          125284 kB
Active:           358332 kB
Mem:          3.8G       3.7G       122M       5.7M        28M       3.2G

MemTotal:        4016004 kB
MemFree:          125812 kB
Active:           358052 kB
Mem:          3.8G       3.7G       122M       5.7M        28M       3.2G

MemTotal:        4016004 kB
MemFree:          126060 kB
Active:           358104 kB
Mem:          3.8G       3.7G       123M       5.7M        28M       3.2G

MemTotal:        4016004 kB
MemFree:          126308 kB
Active:           358092 kB
Mem:          3.8G       3.7G       123M       5.7M        28M       3.2G

MemTotal:        4016004 kB
MemFree:          126308 kB
Active:           358088 kB
Mem:          3.8G       3.7G       123M       5.7M        28M       3.2G

MemTotal:        4016004 kB
MemFree:          125812 kB
Active:           358104 kB
Mem:          3.8G       3.7G       123M       5.7M        28M       3.2G

MemTotal:        4016004 kB
MemFree:          126308 kB
Active:           358092 kB
Mem:          3.8G       3.7G       123M       5.7M        28M       3.2G

MemTotal:        4016004 kB
MemFree:          126432 kB
Active:           358088 kB
Mem:          3.8G       3.7G       123M       5.7M        28M       3.2G

MemTotal:        4016004 kB
MemFree:          126308 kB
Active:           358076 kB
Mem:          3.8G       3.7G       123M       5.7M        28M       3.2G

MemTotal:        4016004 kB
MemFree:          126432 kB
Active:           358112 kB
Mem:          3.8G       3.7G       123M       5.7M        28M       3.2G

MemTotal:        4016004 kB
MemFree:          126576 kB
Active:           358084 kB
Mem:          3.8G       3.7G       123M       5.7M        28M       3.2G

MemTotal:        4016004 kB
MemFree:          126700 kB
Active:           358072 kB
Mem:          3.8G       3.7G       123M       5.7M        28M       3.2G

MemTotal:        4016004 kB
MemFree:          126452 kB
Active:           358072 kB
Mem:          3.8G       3.7G       123M       5.7M        28M       3.2G

MemTotal:        4016004 kB
MemFree:          126080 kB
Active:           358124 kB
Mem:          3.8G       3.7G       123M       5.7M        28M       3.2G

MemTotal:        4016004 kB
MemFree:          126452 kB
Active:           358128 kB
Mem:          3.8G       3.7G       123M       5.7M        28M       3.2G

MemTotal:        4016004 kB
MemFree:          126576 kB
Active:           358096 kB
Mem:          3.8G       3.7G       123M       5.7M        28M       3.2G

MemTotal:        4016004 kB
MemFree:          126080 kB
Active:           358132 kB
Mem:          3.8G       3.7G       123M       5.7M        28M       3.2G

MemTotal:        4016004 kB
MemFree:          125832 kB
Active:           358132 kB
Mem:          3.8G       3.7G       122M       5.7M        28M       3.2G

MemTotal:        4016004 kB
MemFree:          125584 kB
Active:           358132 kB
Mem:          3.8G       3.7G       122M       5.7M        28M       3.2G

MemTotal:        4016004 kB
MemFree:          125832 kB
Active:           358124 kB
Mem:          3.8G       3.7G       122M       5.7M        28M       3.2G

MemTotal:        4016004 kB
MemFree:          125832 kB
Active:           358108 kB
Mem:          3.8G       3.7G       122M       5.7M        28M       3.2G

MemTotal:        4016004 kB
MemFree:          125832 kB
Active:           358100 kB
Mem:          3.8G       3.7G       122M       5.7M        28M       3.2G

MemTotal:        4016004 kB
MemFree:          126128 kB
Active:           358084 kB
Mem:          3.8G       3.7G       122M       5.7M        28M       3.2G

MemTotal:        4016004 kB
MemFree:          125508 kB
Active:           358148 kB
Mem:          3.8G       3.7G       122M       5.7M        28M       3.2G

MemTotal:        4016004 kB
MemFree:          125508 kB
Active:           358148 kB
Mem:          3.8G       3.7G       122M       5.7M        28M       3.2G

MemTotal:        4016004 kB
MemFree:          125632 kB
Active:           358132 kB
Mem:          3.8G       3.7G       122M       5.7M        28M       3.2G

MemTotal:        4016004 kB
MemFree:          125880 kB
Active:           358124 kB
Mem:          3.8G       3.7G       122M       5.7M        28M       3.2G

MemTotal:        4016004 kB
MemFree:          125756 kB
Active:           358156 kB
Mem:          3.8G       3.7G       122M       5.7M        28M       3.2G

MemTotal:        4016004 kB
MemFree:          125756 kB
Active:           358156 kB
