MemTotal:        4016004 kB
MemFree:         3215000 kB
Active:           443664 kB
Mem:          3.8G       782M       3.1G       5.7M        54M       326M

MemTotal:        4016004 kB
MemFree:         3214728 kB
Active:           444012 kB
Mem:          3.8G       782M       3.1G       5.7M        54M       326M

MemTotal:        4016004 kB
MemFree:         3215084 kB
Active:           444116 kB
Mem:          3.8G       782M       3.1G       5.7M        54M       326M

MemTotal:        4016004 kB
MemFree:         3215068 kB
Active:           444116 kB
Mem:          3.8G       781M       3.1G       5.7M        54M       326M

MemTotal:        4016004 kB
MemFree:         3215300 kB
Active:           444108 kB
Mem:          3.8G       781M       3.1G       5.7M        54M       326M

MemTotal:        4016004 kB
MemFree:         3215408 kB
Active:           444092 kB
Mem:          3.8G       781M       3.1G       5.7M        54M       326M

MemTotal:        4016004 kB
MemFree:         3215392 kB
Active:           444092 kB
Mem:          3.8G       782M       3.1G       5.7M        54M       326M

MemTotal:        4016004 kB
MemFree:         3214880 kB
Active:           444120 kB
Mem:          3.8G       782M       3.1G       5.7M        54M       326M

MemTotal:        4016004 kB
MemFree:         3214624 kB
Active:           444100 kB
Mem:          3.8G       782M       3.1G       5.7M        54M       326M

MemTotal:        4016004 kB
MemFree:         3214872 kB
Active:           444088 kB
Mem:          3.8G       782M       3.1G       5.7M        54M       326M

MemTotal:        4016004 kB
MemFree:         3215228 kB
Active:           444076 kB
Mem:          3.8G       782M       3.1G       5.7M        54M       326M

MemTotal:        4016004 kB
MemFree:         3214856 kB
Active:           444088 kB
Mem:          3.8G       782M       3.1G       5.7M        54M       326M

MemTotal:        4016004 kB
MemFree:         3214964 kB
Active:           444080 kB
Mem:          3.8G       782M       3.1G       5.7M        54M       326M

MemTotal:        4016004 kB
MemFree:         3215380 kB
Active:           442052 kB
Mem:          3.8G       781M       3.1G       5.7M        54M       326M

MemTotal:        4016004 kB
MemFree:         3216932 kB
Active:           442116 kB
Mem:          3.8G       780M       3.1G       5.7M        54M       327M

MemTotal:        4016004 kB
MemFree:         3216808 kB
Active:           442108 kB
Mem:          3.8G       780M       3.1G       5.7M        54M       327M

MemTotal:        4016004 kB
MemFree:         3217056 kB
Active:           442108 kB
Mem:          3.8G       780M       3.1G       5.7M        54M       327M

MemTotal:        4016004 kB
MemFree:         3217056 kB
Active:           442108 kB
Mem:          3.8G       780M       3.1G       5.7M        54M       327M

MemTotal:        4016004 kB
MemFree:         3217056 kB
Active:           442112 kB
Mem:          3.8G       780M       3.1G       5.7M        54M       327M

MemTotal:        4016004 kB
MemFree:         3217180 kB
Active:           442116 kB
Mem:          3.8G       780M       3.1G       5.7M        54M       327M

MemTotal:        4016004 kB
MemFree:         3217180 kB
Active:           442080 kB
Mem:          3.8G       780M       3.1G       5.7M        54M       327M

MemTotal:        4016004 kB
MemFree:         3217180 kB
Active:           442080 kB
Mem:          3.8G       780M       3.1G       5.7M        54M       327M

MemTotal:        4016004 kB
MemFree:         3216808 kB
Active:           442128 kB
Mem:          3.8G       780M       3.1G       5.7M        54M       327M

MemTotal:        4016004 kB
MemFree:         3217108 kB
Active:           440040 kB
Mem:          3.8G       780M       3.1G       5.7M        54M       327M

MemTotal:        4016004 kB
MemFree:         3217232 kB
Active:           442080 kB
Mem:          3.8G       780M       3.1G       5.7M        54M       327M

MemTotal:        4016004 kB
MemFree:         3217108 kB
Active:           442072 kB
Mem:          3.8G       780M       3.1G       5.7M        54M       327M

MemTotal:        4016004 kB
MemFree:         3217216 kB
Active:           442116 kB
Mem:          3.8G       780M       3.1G       5.7M        54M       327M

MemTotal:        4016004 kB
MemFree:         3217324 kB
Active:           442108 kB
Mem:          3.8G       779M       3.1G       5.7M        54M       327M

MemTotal:        4016004 kB
MemFree:         3217200 kB
Active:           442132 kB
Mem:          3.8G       780M       3.1G       5.7M        54M       327M

MemTotal:        4016004 kB
MemFree:         3217200 kB
Active:           442116 kB
Mem:          3.8G       780M       3.1G       5.7M        54M       327M

MemTotal:        4016004 kB
MemFree:         3217200 kB
Active:           442108 kB
Mem:          3.8G       780M       3.1G       5.7M        54M       327M

MemTotal:        4016004 kB
MemFree:         3216828 kB
Active:           442144 kB
Mem:          3.8G       780M       3.1G       5.7M        54M       327M

MemTotal:        4016004 kB
MemFree:         3216936 kB
Active:           442148 kB
Mem:          3.8G       780M       3.1G       5.7M        54M       327M

MemTotal:        4016004 kB
MemFree:         3214500 kB
Active:           442092 kB
Mem:          3.8G       782M       3.1G       5.7M        54M       327M

MemTotal:        4016004 kB
MemFree:         3214484 kB
Active:           444172 kB
Mem:          3.8G       782M       3.1G       5.7M        54M       327M

MemTotal:        4016004 kB
MemFree:         3214484 kB
Active:           444172 kB
Mem:          3.8G       782M       3.1G       5.7M        54M       327M

MemTotal:        4016004 kB
MemFree:         3214732 kB
Active:           444132 kB
Mem:          3.8G       782M       3.1G       5.7M        54M       327M

MemTotal:        4016004 kB
MemFree:         3215088 kB
Active:           444180 kB
Mem:          3.8G       782M       3.1G       5.7M        54M       327M

MemTotal:        4016004 kB
MemFree:         3214824 kB
Active:           444160 kB
Mem:          3.8G       782M       3.1G       5.7M        54M       327M

MemTotal:        4016004 kB
MemFree:         3214932 kB
Active:           444148 kB
Mem:          3.8G       782M       3.1G       5.7M        54M       327M

MemTotal:        4016004 kB
MemFree:         3214516 kB
Active:           444204 kB
Mem:          3.8G       782M       3.1G       5.7M        54M       327M

MemTotal:        4016004 kB
MemFree:         3214888 kB
Active:           444204 kB
Mem:          3.8G       782M       3.1G       5.7M        54M       327M

MemTotal:        4016004 kB
MemFree:         3214888 kB
Active:           444176 kB
Mem:          3.8G       782M       3.1G       5.7M        54M       327M

MemTotal:        4016004 kB
MemFree:         3214640 kB
Active:           444164 kB
Mem:          3.8G       782M       3.1G       5.7M        54M       327M

MemTotal:        4016004 kB
MemFree:         3214764 kB
Active:           444200 kB
Mem:          3.8G       782M       3.1G       5.7M        54M       327M

MemTotal:        4016004 kB
MemFree:         3214764 kB
Active:           444196 kB
Mem:          3.8G       782M       3.1G       5.7M        54M       327M

MemTotal:        4016004 kB
MemFree:         3214888 kB
Active:           444180 kB
Mem:          3.8G       782M       3.1G       5.7M        54M       327M

MemTotal:        4016004 kB
MemFree:         3214888 kB
Active:           444220 kB
Mem:          3.8G       782M       3.1G       5.7M        54M       327M

MemTotal:        4016004 kB
MemFree:         3214888 kB
Active:           444220 kB
Mem:          3.8G       782M       3.1G       5.7M        54M       327M

MemTotal:        4016004 kB
MemFree:         3214764 kB
Active:           444196 kB
Mem:          3.8G       782M       3.1G       5.7M        54M       327M

MemTotal:        4016004 kB
MemFree:         3215012 kB
Active:           444216 kB
Mem:          3.8G       782M       3.1G       5.7M        54M       327M

MemTotal:        4016004 kB
MemFree:         3215012 kB
Active:           444216 kB
Mem:          3.8G       782M       3.1G       5.7M        54M       327M

MemTotal:        4016004 kB
MemFree:         3215012 kB
Active:           444224 kB
Mem:          3.8G       782M       3.1G       5.7M        54M       327M

MemTotal:        4016004 kB
MemFree:         3212840 kB
Active:           444200 kB
Mem:          3.8G       784M       3.1G       5.7M        54M       327M

MemTotal:        4016004 kB
MemFree:         3213044 kB
Active:           446236 kB
Mem:          3.8G       784M       3.1G       5.7M        54M       327M

MemTotal:        4016004 kB
MemFree:         3212920 kB
Active:           446268 kB
Mem:          3.8G       784M       3.1G       5.7M        54M       327M

MemTotal:        4016004 kB
MemFree:         3212672 kB
Active:           446280 kB
Mem:          3.8G       784M       3.1G       5.7M        54M       327M

MemTotal:        4016004 kB
MemFree:         3212796 kB
Active:           446264 kB
Mem:          3.8G       784M       3.1G       5.7M        54M       327M

MemTotal:        4016004 kB
MemFree:         3212796 kB
Active:           446268 kB
Mem:          3.8G       784M       3.1G       5.7M        54M       327M

MemTotal:        4016004 kB
MemFree:         3212796 kB
Active:           446280 kB
Mem:          3.8G       784M       3.1G       5.7M        54M       327M

MemTotal:        4016004 kB
MemFree:         3212920 kB
Active:           446248 kB
Mem:          3.8G       784M       3.1G       5.7M        54M       327M

MemTotal:        4016004 kB
MemFree:         3213168 kB
Active:           446264 kB
Mem:          3.8G       784M       3.1G       5.7M        54M       327M

MemTotal:        4016004 kB
MemFree:         3213276 kB
Active:           446264 kB
Mem:          3.8G       783M       3.1G       5.7M        54M       327M

MemTotal:        4016004 kB
MemFree:         3211104 kB
Active:           448264 kB
Mem:          3.8G       785M       3.1G       5.7M        54M       327M

MemTotal:        4016004 kB
MemFree:         3210840 kB
Active:           448320 kB
Mem:          3.8G       786M       3.1G       5.7M        54M       327M

MemTotal:        4016004 kB
MemFree:         3211212 kB
Active:           448316 kB
Mem:          3.8G       786M       3.1G       5.7M        54M       327M

MemTotal:        4016004 kB
MemFree:         3211088 kB
Active:           448304 kB
Mem:          3.8G       786M       3.1G       5.7M        54M       327M

MemTotal:        4016004 kB
MemFree:         3210824 kB
Active:           448320 kB
Mem:          3.8G       786M       3.1G       5.7M        54M       327M

MemTotal:        4016004 kB
MemFree:         3211196 kB
Active:           448276 kB
Mem:          3.8G       786M       3.1G       5.7M        54M       327M

MemTotal:        4016004 kB
MemFree:         3211180 kB
Active:           448312 kB
Mem:          3.8G       785M       3.1G       5.7M        54M       327M

MemTotal:        4016004 kB
MemFree:         3210916 kB
Active:           448324 kB
Mem:          3.8G       786M       3.1G       5.7M        54M       327M

MemTotal:        4016004 kB
MemFree:         3210900 kB
Active:           448284 kB
Mem:          3.8G       786M       3.1G       5.7M        54M       327M

MemTotal:        4016004 kB
MemFree:         3210884 kB
Active:           448276 kB
Mem:          3.8G       786M       3.1G       5.7M        54M       327M

MemTotal:        4016004 kB
MemFree:         3210992 kB
Active:           448320 kB
Mem:          3.8G       786M       3.1G       5.7M        54M       327M

MemTotal:        4016004 kB
MemFree:         3210852 kB
Active:           448308 kB
Mem:          3.8G       786M       3.1G       5.7M        54M       327M

MemTotal:        4016004 kB
MemFree:         3211008 kB
Active:           448296 kB
Mem:          3.8G       786M       3.1G       5.7M        54M       327M

MemTotal:        4016004 kB
MemFree:         3210512 kB
Active:           448328 kB
Mem:          3.8G       786M       3.1G       5.7M        54M       327M

MemTotal:        4016004 kB
MemFree:         3210512 kB
Active:           448308 kB
Mem:          3.8G       786M       3.1G       5.7M        54M       327M

MemTotal:        4016004 kB
MemFree:         3210636 kB
Active:           448332 kB
Mem:          3.8G       786M       3.1G       5.7M        54M       327M

MemTotal:        4016004 kB
MemFree:         3210760 kB
Active:           448284 kB
Mem:          3.8G       786M       3.1G       5.7M        54M       327M

MemTotal:        4016004 kB
MemFree:         3210884 kB
Active:           448300 kB
Mem:          3.8G       786M       3.1G       5.7M        54M       327M

MemTotal:        4016004 kB
MemFree:         3211132 kB
Active:           448328 kB
Mem:          3.8G       786M       3.1G       5.7M        54M       327M

MemTotal:        4016004 kB
MemFree:         3210884 kB
Active:           448308 kB
Mem:          3.8G       786M       3.1G       5.7M        54M       327M

MemTotal:        4016004 kB
MemFree:         3210380 kB
Active:           446404 kB
Mem:          3.8G       786M       3.1G       5.7M        54M       327M

MemTotal:        4016004 kB
MemFree:         3210504 kB
Active:           446376 kB
Mem:          3.8G       786M       3.1G       5.7M        54M       327M

MemTotal:        4016004 kB
MemFree:         3210256 kB
Active:           448432 kB
Mem:          3.8G       786M       3.1G       5.7M        54M       327M

MemTotal:        4016004 kB
MemFree:         3210256 kB
Active:           448424 kB
Mem:          3.8G       786M       3.1G       5.7M        54M       327M

MemTotal:        4016004 kB
MemFree:         3210132 kB
Active:           448452 kB
Mem:          3.8G       787M       3.1G       5.7M        54M       327M

MemTotal:        4016004 kB
MemFree:         3209760 kB
Active:           448444 kB
Mem:          3.8G       787M       3.1G       5.7M        54M       327M

MemTotal:        4016004 kB
MemFree:         3210132 kB
Active:           448436 kB
Mem:          3.8G       787M       3.1G       5.7M        54M       327M

MemTotal:        4016004 kB
MemFree:         3209636 kB
Active:           448464 kB
Mem:          3.8G       787M       3.1G       5.7M        54M       327M

MemTotal:        4016004 kB
MemFree:         3210256 kB
Active:           448464 kB
Mem:          3.8G       787M       3.1G       5.7M        54M       327M

MemTotal:        4016004 kB
MemFree:         3210320 kB
Active:           448464 kB
Mem:          3.8G       786M       3.1G       5.7M        54M       327M

MemTotal:        4016004 kB
MemFree:         3210248 kB
Active:           446400 kB
Mem:          3.8G       786M       3.1G       5.7M        54M       327M

MemTotal:        4016004 kB
MemFree:         3210248 kB
Active:           448464 kB
Mem:          3.8G       786M       3.1G       5.7M        54M       327M

MemTotal:        4016004 kB
MemFree:         3210000 kB
Active:           448464 kB
Mem:          3.8G       787M       3.1G       5.7M        54M       327M

MemTotal:        4016004 kB
MemFree:         3210000 kB
Active:           448444 kB
Mem:          3.8G       786M       3.1G       5.7M        54M       327M

MemTotal:        4016004 kB
MemFree:         3209876 kB
Active:           448480 kB
Mem:          3.8G       787M       3.1G       5.7M        54M       327M

MemTotal:        4016004 kB
MemFree:         3209876 kB
Active:           448480 kB
Mem:          3.8G       787M       3.1G       5.7M        54M       327M

MemTotal:        4016004 kB
MemFree:         3210248 kB
Active:           448436 kB
Mem:          3.8G       786M       3.1G       5.7M        54M       327M

MemTotal:        4016004 kB
MemFree:         3210024 kB
Active:           448776 kB
Mem:          3.8G       787M       3.1G       5.7M        54M       327M

MemTotal:        4016004 kB
MemFree:         3170696 kB
Active:           449440 kB
Mem:          3.8G       825M       3.0G       5.7M        55M       365M

MemTotal:        4016004 kB
MemFree:         3126612 kB
Active:           449468 kB
Mem:          3.8G       868M       3.0G       5.7M        55M       407M

MemTotal:        4016004 kB
MemFree:         3083268 kB
Active:           449820 kB
Mem:          3.8G       911M       2.9G       5.7M        55M       449M

MemTotal:        4016004 kB
MemFree:         3039648 kB
Active:           449844 kB
Mem:          3.8G       953M       2.9G       5.7M        55M       491M

MemTotal:        4016004 kB
MemFree:         2995904 kB
Active:           449868 kB
Mem:          3.8G       996M       2.9G       5.7M        55M       532M

MemTotal:        4016004 kB
MemFree:         2951664 kB
Active:           449892 kB
Mem:          3.8G       1.0G       2.8G       5.7M        55M       575M

MemTotal:        4016004 kB
MemFree:         2906584 kB
Active:           449916 kB
Mem:          3.8G       1.1G       2.8G       5.7M        55M       618M

MemTotal:        4016004 kB
MemFree:         2863836 kB
Active:           449940 kB
Mem:          3.8G       1.1G       2.7G       5.7M        55M       661M

MemTotal:        4016004 kB
MemFree:         2817520 kB
Active:           449964 kB
Mem:          3.8G       1.1G       2.7G       5.7M        55M       704M

MemTotal:        4016004 kB
MemFree:         2773000 kB
Active:           449988 kB
Mem:          3.8G       1.2G       2.6G       5.7M        55M       746M

MemTotal:        4016004 kB
MemFree:         2729148 kB
Active:           449952 kB
Mem:          3.8G       1.2G       2.6G       5.7M        55M       789M

MemTotal:        4016004 kB
MemFree:         2685652 kB
Active:           450032 kB
Mem:          3.8G       1.3G       2.6G       5.7M        55M       830M

MemTotal:        4016004 kB
MemFree:         2642528 kB
Active:           450060 kB
Mem:          3.8G       1.3G       2.5G       5.7M        55M       872M

MemTotal:        4016004 kB
MemFree:         2598088 kB
Active:           450096 kB
Mem:          3.8G       1.4G       2.5G       5.7M        55M       915M

MemTotal:        4016004 kB
MemFree:         2518484 kB
Active:           450136 kB
Mem:          3.8G       1.4G       2.4G       5.7M        55M       991M

MemTotal:        4016004 kB
MemFree:         2473844 kB
Active:           450160 kB
Mem:          3.8G       1.5G       2.4G       5.7M        55M       1.0G

MemTotal:        4016004 kB
MemFree:         2431340 kB
Active:           450196 kB
Mem:          3.8G       1.5G       2.3G       5.7M        55M       1.1G

MemTotal:        4016004 kB
MemFree:         2387332 kB
Active:           450220 kB
Mem:          3.8G       1.6G       2.3G       5.7M        55M       1.1G

MemTotal:        4016004 kB
MemFree:         2343404 kB
Active:           450256 kB
Mem:          3.8G       1.6G       2.2G       5.7M        55M       1.1G

MemTotal:        4016004 kB
MemFree:         2299612 kB
Active:           450288 kB
Mem:          3.8G       1.6G       2.2G       5.7M        55M       1.2G

MemTotal:        4016004 kB
MemFree:         2255900 kB
Active:           450324 kB
Mem:          3.8G       1.7G       2.2G       5.7M        55M       1.2G

MemTotal:        4016004 kB
MemFree:         2212096 kB
Active:           450348 kB
Mem:          3.8G       1.7G       2.1G       5.7M        55M       1.3G

MemTotal:        4016004 kB
MemFree:         2168948 kB
Active:           450340 kB
Mem:          3.8G       1.8G       2.1G       5.7M        55M       1.3G

MemTotal:        4016004 kB
MemFree:         2125640 kB
Active:           450392 kB
Mem:          3.8G       1.8G       2.0G       5.7M        55M       1.3G

MemTotal:        4016004 kB
MemFree:         2081416 kB
Active:           450412 kB
Mem:          3.8G       1.8G       2.0G       5.7M        55M       1.4G

MemTotal:        4016004 kB
MemFree:         2038152 kB
Active:           450444 kB
Mem:          3.8G       1.9G       1.9G       5.7M        55M       1.4G

MemTotal:        4016004 kB
MemFree:         1994656 kB
Active:           450412 kB
Mem:          3.8G       1.9G       1.9G       5.7M        55M       1.5G

MemTotal:        4016004 kB
MemFree:         1953108 kB
Active:           450496 kB
Mem:          3.8G       2.0G       1.9G       5.7M        55M       1.5G

MemTotal:        4016004 kB
MemFree:         1909480 kB
Active:           450532 kB
Mem:          3.8G       2.0G       1.8G       5.7M        55M       1.5G

MemTotal:        4016004 kB
MemFree:         1865708 kB
Active:           450548 kB
Mem:          3.8G       2.1G       1.8G       5.7M        55M       1.6G

MemTotal:        4016004 kB
MemFree:         1821344 kB
Active:           450576 kB
Mem:          3.8G       2.1G       1.7G       5.7M        55M       1.6G

MemTotal:        4016004 kB
MemFree:         1777696 kB
Active:           450600 kB
Mem:          3.8G       2.1G       1.7G       5.7M        55M       1.7G

MemTotal:        4016004 kB
MemFree:         1732672 kB
Active:           450632 kB
Mem:          3.8G       2.2G       1.7G       5.7M        55M       1.7G

MemTotal:        4016004 kB
MemFree:         1688940 kB
Active:           450652 kB
Mem:          3.8G       2.2G       1.6G       5.7M        55M       1.7G

MemTotal:        4016004 kB
MemFree:         1645140 kB
Active:           450680 kB
Mem:          3.8G       2.3G       1.6G       5.7M        55M       1.8G

MemTotal:        4016004 kB
MemFree:         1602736 kB
Active:           450712 kB
Mem:          3.8G       2.3G       1.5G       5.7M        55M       1.8G

MemTotal:        4016004 kB
MemFree:         1558528 kB
Active:           450732 kB
Mem:          3.8G       2.3G       1.5G       5.7M        55M       1.9G

MemTotal:        4016004 kB
MemFree:         1515032 kB
Active:           450752 kB
Mem:          3.8G       2.4G       1.4G       5.7M        55M       1.9G

MemTotal:        4016004 kB
MemFree:         1472016 kB
Active:           450776 kB
Mem:          3.8G       2.4G       1.4G       5.7M        55M       2.0G

MemTotal:        4016004 kB
MemFree:         1429652 kB
Active:           450800 kB
Mem:          3.8G       2.5G       1.4G       5.7M        55M       2.0G

MemTotal:        4016004 kB
MemFree:         1386204 kB
Active:           450824 kB
Mem:          3.8G       2.5G       1.3G       5.7M        55M       2.0G

MemTotal:        4016004 kB
MemFree:         1342928 kB
Active:           450864 kB
Mem:          3.8G       2.5G       1.3G       5.7M        56M       2.1G

MemTotal:        4016004 kB
MemFree:         1300084 kB
Active:           450832 kB
Mem:          3.8G       2.6G       1.2G       5.7M        56M       2.1G

MemTotal:        4016004 kB
MemFree:         1254872 kB
Active:           450916 kB
Mem:          3.8G       2.6G       1.2G       5.7M        56M       2.2G

MemTotal:        4016004 kB
MemFree:         1213052 kB
Active:           450940 kB
Mem:          3.8G       2.7G       1.2G       5.7M        56M       2.2G

MemTotal:        4016004 kB
MemFree:         1168868 kB
Active:           450960 kB
Mem:          3.8G       2.7G       1.1G       5.7M        56M       2.2G

MemTotal:        4016004 kB
MemFree:         1123376 kB
Active:           450988 kB
Mem:          3.8G       2.8G       1.1G       5.7M        56M       2.3G

MemTotal:        4016004 kB
MemFree:         1079124 kB
Active:           451016 kB
Mem:          3.8G       2.8G       1.0G       5.7M        56M       2.3G

MemTotal:        4016004 kB
MemFree:         1035784 kB
Active:           451024 kB
Mem:          3.8G       2.8G       1.0G       5.7M        56M       2.4G

MemTotal:        4016004 kB
MemFree:          989980 kB
Active:           451060 kB
Mem:          3.8G       2.9G       966M       5.7M        56M       2.4G

MemTotal:        4016004 kB
MemFree:          946840 kB
Active:           451088 kB
Mem:          3.8G       2.9G       924M       5.7M        56M       2.4G

MemTotal:        4016004 kB
MemFree:          904132 kB
Active:           451120 kB
Mem:          3.8G       3.0G       882M       5.7M        56M       2.5G

MemTotal:        4016004 kB
MemFree:          858128 kB
Active:           451148 kB
Mem:          3.8G       3.0G       838M       5.7M        56M       2.5G

MemTotal:        4016004 kB
MemFree:          814140 kB
Active:           451172 kB
Mem:          3.8G       3.1G       794M       5.7M        56M       2.6G

MemTotal:        4016004 kB
MemFree:          771000 kB
Active:           451200 kB
Mem:          3.8G       3.1G       752M       5.7M        56M       2.6G

MemTotal:        4016004 kB
MemFree:          729072 kB
Active:           451228 kB
Mem:          3.8G       3.1G       711M       5.7M        56M       2.6G

MemTotal:        4016004 kB
MemFree:          684184 kB
Active:           451264 kB
Mem:          3.8G       3.2G       667M       5.7M        56M       2.7G

MemTotal:        4016004 kB
MemFree:          640680 kB
Active:           451252 kB
Mem:          3.8G       3.2G       625M       5.7M        56M       2.7G

MemTotal:        4016004 kB
MemFree:          596924 kB
Active:           451308 kB
Mem:          3.8G       3.3G       581M       5.7M        56M       2.8G

MemTotal:        4016004 kB
MemFree:          552888 kB
Active:           453044 kB
Mem:          3.8G       3.3G       539M       5.7M        57M       2.8G

MemTotal:        4016004 kB
MemFree:          509548 kB
Active:           454976 kB
Mem:          3.8G       3.3G       497M       5.7M        59M       2.9G

MemTotal:        4016004 kB
MemFree:          465128 kB
Active:           455252 kB
Mem:          3.8G       3.4G       453M       5.7M        59M       2.9G

MemTotal:        4016004 kB
MemFree:          419872 kB
Active:           455704 kB
Mem:          3.8G       3.4G       409M       5.7M        59M       2.9G

MemTotal:        4016004 kB
MemFree:          375796 kB
Active:           455980 kB
Mem:          3.8G       3.5G       366M       5.7M        60M       3.0G

MemTotal:        4016004 kB
MemFree:          332160 kB
Active:           456100 kB
Mem:          3.8G       3.5G       324M       5.7M        60M       3.0G

MemTotal:        4016004 kB
MemFree:          317532 kB
Active:           457872 kB
Mem:          3.8G       3.5G       310M       5.7M        62M       3.0G

MemTotal:        4016004 kB
MemFree:          274644 kB
Active:           457840 kB
Mem:          3.8G       3.6G       267M       5.7M        62M       3.1G

MemTotal:        4016004 kB
MemFree:          230280 kB
Active:           457884 kB
Mem:          3.8G       3.6G       224M       5.7M        62M       3.1G

MemTotal:        4016004 kB
MemFree:          184300 kB
Active:           457884 kB
Mem:          3.8G       3.7G       179M       5.7M        62M       3.2G

MemTotal:        4016004 kB
MemFree:          139376 kB
Active:           457892 kB
Mem:          3.8G       3.7G       135M       5.7M        62M       3.2G

MemTotal:        4016004 kB
MemFree:          146192 kB
Active:           461176 kB
Mem:          3.8G       3.7G       106M       5.7M        29M       3.3G

MemTotal:        4016004 kB
MemFree:          123460 kB
Active:           465612 kB
Mem:          3.8G       3.7G       120M       5.7M        29M       3.2G

MemTotal:        4016004 kB
MemFree:          126600 kB
Active:           507108 kB
Mem:          3.8G       3.7G       122M       5.7M        29M       3.2G

MemTotal:        4016004 kB
MemFree:          122396 kB
Active:           513904 kB
Mem:          3.8G       3.7G       118M       5.7M        29M       3.2G

MemTotal:        4016004 kB
MemFree:          125152 kB
Active:           509972 kB
Mem:          3.8G       3.7G       121M       5.7M        29M       3.2G

MemTotal:        4016004 kB
MemFree:          137768 kB
Active:           506600 kB
Mem:          3.8G       3.7G       134M       5.7M        29M       3.2G

MemTotal:        4016004 kB
MemFree:          125584 kB
Active:           504824 kB
Mem:          3.8G       3.7G       122M       5.7M        29M       3.2G

MemTotal:        4016004 kB
MemFree:          123088 kB
Active:           500220 kB
Mem:          3.8G       3.7G       119M       5.7M        29M       3.2G

MemTotal:        4016004 kB
MemFree:          107400 kB
Active:           497020 kB
Mem:          3.8G       3.7G       104M       5.7M        29M       3.3G

MemTotal:        4016004 kB
MemFree:          124080 kB
Active:           491776 kB
Mem:          3.8G       3.7G       120M       5.7M        29M       3.2G

MemTotal:        4016004 kB
MemFree:          127316 kB
Active:           484732 kB
Mem:          3.8G       3.7G       124M       5.7M        29M       3.2G

MemTotal:        4016004 kB
MemFree:          116704 kB
Active:           482736 kB
Mem:          3.8G       3.7G       113M       5.7M        29M       3.2G

MemTotal:        4016004 kB
MemFree:          116892 kB
Active:           484756 kB
Mem:          3.8G       3.7G       114M       5.7M        29M       3.2G

MemTotal:        4016004 kB
MemFree:          132956 kB
Active:           481464 kB
Mem:          3.8G       3.7G       129M       5.7M        29M       3.2G

MemTotal:        4016004 kB
MemFree:          118560 kB
Active:           478264 kB
Mem:          3.8G       3.7G       115M       5.7M        29M       3.2G

MemTotal:        4016004 kB
MemFree:          110668 kB
Active:           474808 kB
Mem:          3.8G       3.7G       107M       5.7M        29M       3.3G

MemTotal:        4016004 kB
MemFree:          128244 kB
Active:           470200 kB
Mem:          3.8G       3.7G       125M       5.7M        29M       3.2G

MemTotal:        4016004 kB
MemFree:          120256 kB
Active:           467040 kB
Mem:          3.8G       3.7G       117M       5.7M        29M       3.2G

MemTotal:        4016004 kB
MemFree:          122764 kB
Active:           465112 kB
Mem:          3.8G       3.7G       119M       5.7M        29M       3.2G

MemTotal:        4016004 kB
MemFree:          115724 kB
Active:           461972 kB
Mem:          3.8G       3.7G       112M       5.7M        29M       3.2G

MemTotal:        4016004 kB
MemFree:          120968 kB
Active:           460388 kB
Mem:          3.8G       3.7G       117M       5.7M        29M       3.2G

MemTotal:        4016004 kB
MemFree:          131704 kB
Active:           454652 kB
Mem:          3.8G       3.7G       128M       5.7M        29M       3.2G

MemTotal:        4016004 kB
MemFree:          132248 kB
Active:           455176 kB
Mem:          3.8G       3.7G       128M       5.7M        29M       3.2G

MemTotal:        4016004 kB
MemFree:          117932 kB
Active:           452044 kB
Mem:          3.8G       3.7G       114M       5.7M        29M       3.2G

MemTotal:        4016004 kB
MemFree:          111372 kB
Active:           450892 kB
Mem:          3.8G       3.7G       108M       5.7M        29M       3.3G

MemTotal:        4016004 kB
MemFree:          126764 kB
Active:           447104 kB
Mem:          3.8G       3.7G       123M       5.7M        29M       3.2G

MemTotal:        4016004 kB
MemFree:          116852 kB
Active:           445964 kB
Mem:          3.8G       3.7G       113M       5.7M        29M       3.2G

MemTotal:        4016004 kB
MemFree:          111568 kB
Active:           445948 kB
Mem:          3.8G       3.7G       108M       5.7M        29M       3.3G

MemTotal:        4016004 kB
MemFree:          107168 kB
Active:           444820 kB
Mem:          3.8G       3.7G       103M       5.7M        29M       3.3G

MemTotal:        4016004 kB
MemFree:          134380 kB
Active:           442644 kB
Mem:          3.8G       3.7G       131M       5.7M        29M       3.2G

MemTotal:        4016004 kB
MemFree:          138756 kB
Active:           438684 kB
Mem:          3.8G       3.7G       135M       5.7M        29M       3.2G

MemTotal:        4016004 kB
MemFree:          130412 kB
Active:           437600 kB
Mem:          3.8G       3.7G       126M       5.7M        29M       3.2G

MemTotal:        4016004 kB
MemFree:          121168 kB
Active:           436448 kB
Mem:          3.8G       3.7G       117M       5.7M        29M       3.2G

MemTotal:        4016004 kB
MemFree:          113740 kB
Active:           435296 kB
Mem:          3.8G       3.7G       110M       5.7M        29M       3.2G

MemTotal:        4016004 kB
MemFree:          117544 kB
Active:           433636 kB
Mem:          3.8G       3.7G       114M       5.7M        29M       3.2G

MemTotal:        4016004 kB
MemFree:          108428 kB
Active:           432508 kB
Mem:          3.8G       3.7G       105M       5.7M        29M       3.3G

MemTotal:        4016004 kB
MemFree:          123716 kB
Active:           430848 kB
Mem:          3.8G       3.7G       120M       5.7M        29M       3.2G

MemTotal:        4016004 kB
MemFree:          133792 kB
Active:           428804 kB
Mem:          3.8G       3.7G       140M       5.7M        29M       3.2G

MemTotal:        4016004 kB
MemFree:          124344 kB
Active:           427652 kB
Mem:          3.8G       3.7G       121M       5.7M        29M       3.2G

MemTotal:        4016004 kB
MemFree:          127220 kB
Active:           425872 kB
Mem:          3.8G       3.7G       123M       5.7M        29M       3.2G

MemTotal:        4016004 kB
MemFree:          136240 kB
Active:           424212 kB
Mem:          3.8G       3.7G       132M       5.7M        29M       3.2G

MemTotal:        4016004 kB
MemFree:          133796 kB
Active:           422676 kB
Mem:          3.8G       3.7G       130M       5.7M        29M       3.2G

MemTotal:        4016004 kB
MemFree:          124448 kB
Active:           421396 kB
Mem:          3.8G       3.7G       121M       5.7M        29M       3.2G

MemTotal:        4016004 kB
MemFree:          128512 kB
Active:           419696 kB
Mem:          3.8G       3.7G       125M       5.7M        29M       3.2G

MemTotal:        4016004 kB
MemFree:          132072 kB
Active:           417908 kB
Mem:          3.8G       3.7G       128M       5.7M        29M       3.2G

MemTotal:        4016004 kB
MemFree:          140556 kB
Active:           415904 kB
Mem:          3.8G       3.7G       136M       5.7M        29M       3.2G

MemTotal:        4016004 kB
MemFree:          132016 kB
Active:           414752 kB
Mem:          3.8G       3.7G       128M       5.7M        29M       3.2G

MemTotal:        4016004 kB
MemFree:          124728 kB
Active:           413348 kB
Mem:          3.8G       3.7G       121M       5.7M        29M       3.2G

MemTotal:        4016004 kB
MemFree:          129048 kB
Active:           409620 kB
Mem:          3.8G       3.7G       125M       5.7M        29M       3.2G

MemTotal:        4016004 kB
MemFree:          130964 kB
Active:           407700 kB
Mem:          3.8G       3.7G       127M       5.7M        29M       3.2G

MemTotal:        4016004 kB
MemFree:          122952 kB
Active:           406432 kB
Mem:          3.8G       3.7G       120M       5.7M        29M       3.2G

MemTotal:        4016004 kB
MemFree:          125964 kB
Active:           406364 kB
Mem:          3.8G       3.7G       122M       5.7M        29M       3.2G

MemTotal:        4016004 kB
MemFree:          119512 kB
Active:           405124 kB
Mem:          3.8G       3.7G       115M       5.7M        29M       3.2G

MemTotal:        4016004 kB
MemFree:          109280 kB
Active:           403924 kB
Mem:          3.8G       3.7G       106M       5.7M        29M       3.3G

MemTotal:        4016004 kB
MemFree:          124912 kB
Active:           402312 kB
Mem:          3.8G       3.7G       121M       5.7M        29M       3.2G

MemTotal:        4016004 kB
MemFree:          113404 kB
Active:           400908 kB
Mem:          3.8G       3.7G       121M       5.7M        29M       3.2G

MemTotal:        4016004 kB
MemFree:          107032 kB
Active:           399120 kB
Mem:          3.8G       3.7G       104M       5.7M        29M       3.3G

MemTotal:        4016004 kB
MemFree:          134328 kB
Active:           396944 kB
Mem:          3.8G       3.7G       131M       5.7M        29M       3.2G

MemTotal:        4016004 kB
MemFree:          125696 kB
Active:           395792 kB
Mem:          3.8G       3.7G       123M       5.7M        29M       3.2G

MemTotal:        4016004 kB
MemFree:          106264 kB
Active:           394384 kB
Mem:          3.8G       3.7G       103M       5.7M        29M       3.3G

MemTotal:        4016004 kB
MemFree:          112212 kB
Active:           392736 kB
Mem:          3.8G       3.7G       109M       5.7M        29M       3.2G

MemTotal:        4016004 kB
MemFree:          127200 kB
Active:           392704 kB
Mem:          3.8G       3.7G       123M       5.7M        29M       3.2G

MemTotal:        4016004 kB
MemFree:          143188 kB
Active:           392744 kB
Mem:          3.8G       3.7G       140M       5.7M        29M       3.2G

MemTotal:        4016004 kB
MemFree:          134432 kB
Active:           392612 kB
Mem:          3.8G       3.7G       131M       5.7M        29M       3.2G

MemTotal:        4016004 kB
MemFree:          138236 kB
Active:           392552 kB
Mem:          3.8G       3.7G       139M       5.7M        29M       3.2G

MemTotal:        4016004 kB
MemFree:          135476 kB
Active:           392584 kB
Mem:          3.8G       3.7G       132M       5.7M        29M       3.2G

MemTotal:        4016004 kB
MemFree:          127348 kB
Active:           392604 kB
Mem:          3.8G       3.7G       123M       5.7M        29M       3.2G

MemTotal:        4016004 kB
MemFree:          125368 kB
Active:           392616 kB
Mem:          3.8G       3.7G       122M       5.7M        29M       3.2G

MemTotal:        4016004 kB
MemFree:          111252 kB
Active:           392600 kB
Mem:          3.8G       3.7G       108M       5.7M        29M       3.2G

MemTotal:        4016004 kB
MemFree:          127700 kB
Active:           392596 kB
Mem:          3.8G       3.7G       124M       5.7M        29M       3.2G

MemTotal:        4016004 kB
MemFree:          124764 kB
Active:           392492 kB
Mem:          3.8G       3.7G       121M       5.7M        29M       3.2G

MemTotal:        4016004 kB
MemFree:          105392 kB
Active:           392528 kB
Mem:          3.8G       3.7G       102M       5.7M        29M       3.3G

MemTotal:        4016004 kB
MemFree:          134052 kB
Active:           392472 kB
Mem:          3.8G       3.7G       130M       5.7M        29M       3.2G

MemTotal:        4016004 kB
MemFree:          119812 kB
Active:           392528 kB
Mem:          3.8G       3.7G       116M       5.7M        29M       3.2G

MemTotal:        4016004 kB
MemFree:          116908 kB
Active:           392532 kB
Mem:          3.8G       3.7G       113M       5.7M        29M       3.2G

MemTotal:        4016004 kB
MemFree:          109932 kB
Active:           392524 kB
Mem:          3.8G       3.7G       107M       5.7M        29M       3.2G

MemTotal:        4016004 kB
MemFree:          115356 kB
Active:           392528 kB
Mem:          3.8G       3.7G       112M       5.7M        29M       3.2G

MemTotal:        4016004 kB
MemFree:          119280 kB
Active:           392528 kB
Mem:          3.8G       3.7G       116M       5.7M        29M       3.2G

MemTotal:        4016004 kB
MemFree:          111496 kB
Active:           392516 kB
Mem:          3.8G       3.7G       109M       5.7M        29M       3.2G

MemTotal:        4016004 kB
MemFree:          128436 kB
Active:           392532 kB
Mem:          3.8G       3.7G       124M       5.7M        29M       3.2G

MemTotal:        4016004 kB
MemFree:          106944 kB
Active:           392536 kB
Mem:          3.8G       3.7G       104M       5.7M        29M       3.3G

MemTotal:        4016004 kB
MemFree:          120788 kB
Active:           392548 kB
Mem:          3.8G       3.7G       117M       5.7M        29M       3.2G

MemTotal:        4016004 kB
MemFree:          123532 kB
Active:           392324 kB
Mem:          3.8G       3.7G       120M       5.7M        29M       3.2G

MemTotal:        4016004 kB
MemFree:          114040 kB
Active:           392260 kB
Mem:          3.8G       3.7G       111M       5.7M        29M       3.2G

MemTotal:        4016004 kB
MemFree:          129244 kB
Active:           392116 kB
Mem:          3.8G       3.7G       126M       5.7M        29M       3.2G

MemTotal:        4016004 kB
MemFree:          147988 kB
Active:           392100 kB
Mem:          3.8G       3.7G       144M       5.7M        29M       3.2G

MemTotal:        4016004 kB
MemFree:          127440 kB
Active:           392120 kB
Mem:          3.8G       3.7G       124M       5.7M        29M       3.2G

MemTotal:        4016004 kB
MemFree:          136876 kB
Active:           392088 kB
Mem:          3.8G       3.7G       133M       5.7M        29M       3.2G

MemTotal:        4016004 kB
MemFree:          128716 kB
Active:           392132 kB
Mem:          3.8G       3.7G       125M       5.7M        29M       3.2G

MemTotal:        4016004 kB
MemFree:          130676 kB
Active:           392132 kB
Mem:          3.8G       3.7G       127M       5.7M        29M       3.2G

MemTotal:        4016004 kB
MemFree:          122972 kB
Active:           392136 kB
Mem:          3.8G       3.7G       119M       5.7M        29M       3.2G

MemTotal:        4016004 kB
MemFree:          133680 kB
Active:           392136 kB
Mem:          3.8G       3.7G       130M       5.7M        29M       3.2G

MemTotal:        4016004 kB
MemFree:          126684 kB
Active:           391608 kB
Mem:          3.8G       3.7G       123M       5.7M        29M       3.2G

MemTotal:        4016004 kB
MemFree:          130672 kB
Active:           391344 kB
Mem:          3.8G       3.7G       127M       5.7M        29M       3.2G

MemTotal:        4016004 kB
MemFree:          111636 kB
Active:           391348 kB
Mem:          3.8G       3.7G       109M       5.7M        29M       3.2G

MemTotal:        4016004 kB
MemFree:          127328 kB
Active:           391392 kB
Mem:          3.8G       3.7G       124M       5.7M        29M       3.2G

MemTotal:        4016004 kB
MemFree:          105884 kB
Active:           391340 kB
Mem:          3.8G       3.7G       102M       5.7M        29M       3.3G

MemTotal:        4016004 kB
MemFree:          127196 kB
Active:           391384 kB
Mem:          3.8G       3.7G       123M       5.7M        29M       3.2G

MemTotal:        4016004 kB
MemFree:          131200 kB
Active:           391388 kB
Mem:          3.8G       3.7G       127M       5.7M        29M       3.2G

MemTotal:        4016004 kB
MemFree:          123164 kB
Active:           391384 kB
Mem:          3.8G       3.7G       120M       5.7M        29M       3.2G

MemTotal:        4016004 kB
MemFree:          126416 kB
Active:           391384 kB
Mem:          3.8G       3.7G       123M       5.7M        29M       3.2G

MemTotal:        4016004 kB
MemFree:          134408 kB
Active:           385048 kB
Mem:          3.8G       3.7G       131M       5.7M        29M       3.2G

MemTotal:        4016004 kB
MemFree:          126748 kB
Active:           385056 kB
Mem:          3.8G       3.7G       123M       5.7M        29M       3.2G

MemTotal:        4016004 kB
MemFree:          118552 kB
Active:           385056 kB
Mem:          3.8G       3.7G       115M       5.7M        29M       3.2G

MemTotal:        4016004 kB
MemFree:          127708 kB
Active:           385060 kB
Mem:          3.8G       3.7G       125M       5.7M        29M       3.2G

MemTotal:        4016004 kB
MemFree:          125632 kB
Active:           385060 kB
Mem:          3.8G       3.7G       122M       5.7M        29M       3.2G

MemTotal:        4016004 kB
MemFree:          114968 kB
Active:           385064 kB
Mem:          3.8G       3.7G       112M       5.7M        29M       3.2G

MemTotal:        4016004 kB
MemFree:          135628 kB
Active:           385100 kB
Mem:          3.8G       3.7G       132M       5.7M        29M       3.2G

MemTotal:        4016004 kB
MemFree:          128440 kB
Active:           385104 kB
Mem:          3.8G       3.7G       124M       5.7M        29M       3.2G

MemTotal:        4016004 kB
MemFree:          128032 kB
Active:           384980 kB
Mem:          3.8G       3.7G       124M       5.7M        29M       3.2G

MemTotal:        4016004 kB
MemFree:          119076 kB
Active:           384864 kB
Mem:          3.8G       3.7G       116M       5.7M        29M       3.2G

MemTotal:        4016004 kB
MemFree:          126916 kB
Active:           384864 kB
Mem:          3.8G       3.7G       123M       5.7M        29M       3.2G

MemTotal:        4016004 kB
MemFree:          119380 kB
Active:           384872 kB
Mem:          3.8G       3.7G       116M       5.7M        29M       3.2G

MemTotal:        4016004 kB
MemFree:          110744 kB
Active:           384872 kB
Mem:          3.8G       3.7G       107M       5.7M        29M       3.2G

MemTotal:        4016004 kB
MemFree:          126520 kB
Active:           384872 kB
Mem:          3.8G       3.7G       123M       5.7M        29M       3.2G

MemTotal:        4016004 kB
MemFree:          111360 kB
Active:           384872 kB
Mem:          3.8G       3.7G       119M       5.7M        29M       3.2G

MemTotal:        4016004 kB
MemFree:          110628 kB
Active:           384868 kB
Mem:          3.8G       3.7G       107M       5.7M        29M       3.2G

MemTotal:        4016004 kB
MemFree:          131056 kB
Active:           384884 kB
Mem:          3.8G       3.7G       128M       5.7M        29M       3.2G

MemTotal:        4016004 kB
MemFree:          123492 kB
Active:           384884 kB
Mem:          3.8G       3.7G       120M       5.7M        29M       3.2G

MemTotal:        4016004 kB
MemFree:          121068 kB
Active:           382828 kB
Mem:          3.8G       3.7G       118M       5.7M        29M       3.2G

MemTotal:        4016004 kB
MemFree:          113412 kB
Active:           382832 kB
Mem:          3.8G       3.7G       110M       5.7M        29M       3.2G

MemTotal:        4016004 kB
MemFree:          120852 kB
Active:           382832 kB
Mem:          3.8G       3.7G       117M       5.7M        29M       3.2G

MemTotal:        4016004 kB
MemFree:          110588 kB
Active:           382840 kB
Mem:          3.8G       3.7G       108M       5.7M        29M       3.2G

MemTotal:        4016004 kB
MemFree:          126792 kB
Active:           382840 kB
Mem:          3.8G       3.7G       123M       5.7M        29M       3.2G

MemTotal:        4016004 kB
MemFree:          126136 kB
Active:           382840 kB
Mem:          3.8G       3.7G       123M       5.7M        29M       3.2G

MemTotal:        4016004 kB
MemFree:          123912 kB
Active:           382840 kB
Mem:          3.8G       3.7G       121M       5.7M        29M       3.2G

MemTotal:        4016004 kB
MemFree:          111552 kB
Active:           382840 kB
Mem:          3.8G       3.7G       108M       5.7M        29M       3.2G

MemTotal:        4016004 kB
MemFree:          131288 kB
Active:           382828 kB
Mem:          3.8G       3.7G       128M       5.7M        29M       3.2G

MemTotal:        4016004 kB
MemFree:          125056 kB
Active:           382120 kB
Mem:          3.8G       3.7G       122M       5.7M        29M       3.2G

MemTotal:        4016004 kB
MemFree:          139676 kB
Active:           382116 kB
Mem:          3.8G       3.7G       136M       5.7M        29M       3.2G

MemTotal:        4016004 kB
MemFree:          136248 kB
Active:           382096 kB
Mem:          3.8G       3.7G       133M       5.7M        29M       3.2G

MemTotal:        4016004 kB
MemFree:          108440 kB
Active:           382100 kB
Mem:          3.8G       3.7G       105M       5.7M        29M       3.2G

MemTotal:        4016004 kB
MemFree:          111136 kB
Active:           382144 kB
Mem:          3.8G       3.7G       108M       5.7M        29M       3.2G

MemTotal:        4016004 kB
MemFree:          120412 kB
Active:           382152 kB
Mem:          3.8G       3.7G       117M       5.7M        29M       3.2G

MemTotal:        4016004 kB
MemFree:          137784 kB
Active:           382160 kB
Mem:          3.8G       3.7G       134M       5.7M        29M       3.2G

MemTotal:        4016004 kB
MemFree:          130236 kB
Active:           382148 kB
Mem:          3.8G       3.7G       126M       5.7M        29M       3.2G

MemTotal:        4016004 kB
MemFree:          111676 kB
Active:           382160 kB
Mem:          3.8G       3.7G       109M       5.7M        29M       3.2G

MemTotal:        4016004 kB
MemFree:          127980 kB
Active:           382168 kB
Mem:          3.8G       3.7G       124M       5.7M        29M       3.2G

MemTotal:        4016004 kB
MemFree:          139416 kB
Active:           368988 kB
Mem:          3.8G       3.7G       136M       5.7M        29M       3.2G

MemTotal:        4016004 kB
MemFree:          120396 kB
Active:           368836 kB
Mem:          3.8G       3.7G       117M       5.7M        29M       3.2G

MemTotal:        4016004 kB
MemFree:          113108 kB
Active:           368784 kB
Mem:          3.8G       3.7G       109M       5.7M        29M       3.2G

MemTotal:        4016004 kB
MemFree:          128172 kB
Active:           368836 kB
Mem:          3.8G       3.7G       125M       5.7M        29M       3.2G

MemTotal:        4016004 kB
MemFree:          115824 kB
Active:           368828 kB
Mem:          3.8G       3.7G       113M       5.7M        29M       3.2G

MemTotal:        4016004 kB
MemFree:          107008 kB
Active:           368860 kB
Mem:          3.8G       3.7G       104M       5.7M        29M       3.2G

MemTotal:        4016004 kB
MemFree:          128696 kB
Active:           368860 kB
Mem:          3.8G       3.7G       125M       5.7M        29M       3.2G

MemTotal:        4016004 kB
MemFree:          126436 kB
Active:           368864 kB
Mem:          3.8G       3.7G       123M       5.7M        29M       3.2G

MemTotal:        4016004 kB
MemFree:          144964 kB
Active:           368864 kB
Mem:          3.8G       3.7G       141M       5.7M        29M       3.2G

MemTotal:        4016004 kB
MemFree:          125128 kB
Active:           368860 kB
Mem:          3.8G       3.7G       122M       5.7M        29M       3.2G

MemTotal:        4016004 kB
MemFree:          123276 kB
Active:           368844 kB
Mem:          3.8G       3.7G       120M       5.7M        29M       3.2G

MemTotal:        4016004 kB
MemFree:          108908 kB
Active:           368876 kB
Mem:          3.8G       3.7G       106M       5.7M        29M       3.2G

MemTotal:        4016004 kB
MemFree:          112068 kB
Active:           367768 kB
Mem:          3.8G       3.7G       109M       5.7M        29M       3.2G

MemTotal:        4016004 kB
MemFree:          106256 kB
Active:           367780 kB
Mem:          3.8G       3.7G       103M       5.7M        29M       3.2G

MemTotal:        4016004 kB
MemFree:          134320 kB
Active:           367788 kB
Mem:          3.8G       3.7G       131M       5.7M        29M       3.2G

MemTotal:        4016004 kB
MemFree:          104772 kB
Active:           367732 kB
Mem:          3.8G       3.7G       107M       5.7M        29M       3.2G

MemTotal:        4016004 kB
MemFree:          134828 kB
Active:           367788 kB
Mem:          3.8G       3.7G       130M       5.7M        29M       3.2G

MemTotal:        4016004 kB
MemFree:          126880 kB
Active:           367796 kB
Mem:          3.8G       3.7G       122M       5.7M        29M       3.2G

MemTotal:        4016004 kB
MemFree:          139996 kB
Active:           367800 kB
Mem:          3.8G       3.7G       136M       5.7M        29M       3.2G

MemTotal:        4016004 kB
MemFree:          139600 kB
Active:           367792 kB
Mem:          3.8G       3.7G       136M       5.7M        29M       3.2G

MemTotal:        4016004 kB
MemFree:          132676 kB
Active:           367812 kB
Mem:          3.8G       3.7G       128M       5.7M        29M       3.2G

MemTotal:        4016004 kB
MemFree:          123744 kB
Active:           367816 kB
Mem:          3.8G       3.7G       120M       5.7M        29M       3.2G

MemTotal:        4016004 kB
MemFree:          129060 kB
Active:           367784 kB
Mem:          3.8G       3.7G       125M       5.7M        29M       3.2G

MemTotal:        4016004 kB
MemFree:          120604 kB
Active:           367776 kB
Mem:          3.8G       3.7G       117M       5.7M        29M       3.2G

MemTotal:        4016004 kB
MemFree:          115176 kB
Active:           367796 kB
Mem:          3.8G       3.7G       112M       5.7M        29M       3.2G

MemTotal:        4016004 kB
MemFree:          105532 kB
Active:           367788 kB
Mem:          3.8G       3.7G       102M       5.7M        29M       3.2G

MemTotal:        4016004 kB
MemFree:          119284 kB
Active:           365160 kB
Mem:          3.8G       3.7G       116M       5.7M        29M       3.2G

MemTotal:        4016004 kB
MemFree:          130356 kB
Active:           365132 kB
Mem:          3.8G       3.7G       127M       5.7M        29M       3.2G

MemTotal:        4016004 kB
MemFree:          112376 kB
Active:           365152 kB
Mem:          3.8G       3.7G       109M       5.7M        29M       3.2G

MemTotal:        4016004 kB
MemFree:          115660 kB
Active:           365188 kB
Mem:          3.8G       3.7G       121M       5.7M        29M       3.2G

MemTotal:        4016004 kB
MemFree:          126488 kB
Active:           365192 kB
Mem:          3.8G       3.7G       123M       5.7M        29M       3.2G

MemTotal:        4016004 kB
MemFree:          124048 kB
Active:           365192 kB
Mem:          3.8G       3.7G       121M       5.7M        29M       3.2G

MemTotal:        4016004 kB
MemFree:          105496 kB
Active:           365196 kB
Mem:          3.8G       3.7G       103M       5.7M        29M       3.2G

MemTotal:        4016004 kB
MemFree:          128104 kB
Active:           365200 kB
Mem:          3.8G       3.7G       124M       5.7M        29M       3.2G

MemTotal:        4016004 kB
MemFree:          120184 kB
Active:           365208 kB
Mem:          3.8G       3.7G       117M       5.7M        29M       3.2G

MemTotal:        4016004 kB
MemFree:          111284 kB
Active:           365212 kB
Mem:          3.8G       3.7G       108M       5.7M        29M       3.2G

MemTotal:        4016004 kB
MemFree:          113420 kB
Active:           365216 kB
Mem:          3.8G       3.7G       111M       5.7M        29M       3.2G

MemTotal:        4016004 kB
MemFree:          106756 kB
Active:           365236 kB
Mem:          3.8G       3.7G       104M       5.7M        29M       3.2G

MemTotal:        4016004 kB
MemFree:          136212 kB
Active:           365236 kB
Mem:          3.8G       3.7G       133M       5.7M        29M       3.2G

MemTotal:        4016004 kB
MemFree:          115504 kB
Active:           365240 kB
Mem:          3.8G       3.7G       112M       5.7M        29M       3.2G

MemTotal:        4016004 kB
MemFree:          111664 kB
Active:           365204 kB
Mem:          3.8G       3.7G       109M       5.7M        29M       3.2G

MemTotal:        4016004 kB
MemFree:          106908 kB
Active:           362480 kB
Mem:          3.8G       3.7G       104M       5.7M        29M       3.2G

MemTotal:        4016004 kB
MemFree:          136116 kB
Active:           362472 kB
Mem:          3.8G       3.7G       132M       5.7M        29M       3.2G

MemTotal:        4016004 kB
MemFree:          128644 kB
Active:           362460 kB
Mem:          3.8G       3.7G       125M       5.7M        29M       3.2G

MemTotal:        4016004 kB
MemFree:          107932 kB
Active:           362504 kB
Mem:          3.8G       3.7G       105M       5.7M        29M       3.2G

MemTotal:        4016004 kB
MemFree:          131384 kB
Active:           362480 kB
Mem:          3.8G       3.7G       128M       5.7M        29M       3.2G

MemTotal:        4016004 kB
MemFree:          123824 kB
Active:           362480 kB
Mem:          3.8G       3.7G       120M       5.7M        29M       3.2G

MemTotal:        4016004 kB
MemFree:          116432 kB
Active:           362476 kB
Mem:          3.8G       3.7G       113M       5.7M        29M       3.2G

MemTotal:        4016004 kB
MemFree:          108896 kB
Active:           362496 kB
Mem:          3.8G       3.7G       106M       5.7M        29M       3.2G

MemTotal:        4016004 kB
MemFree:          125408 kB
Active:           362496 kB
Mem:          3.8G       3.7G       122M       5.7M        29M       3.2G

MemTotal:        4016004 kB
MemFree:          120948 kB
Active:           362500 kB
Mem:          3.8G       3.7G       118M       5.7M        29M       3.2G

MemTotal:        4016004 kB
MemFree:          135296 kB
Active:           362460 kB
Mem:          3.8G       3.7G       131M       5.7M        29M       3.2G

MemTotal:        4016004 kB
MemFree:          109732 kB
Active:           362516 kB
Mem:          3.8G       3.7G       107M       5.7M        29M       3.2G

MemTotal:        4016004 kB
MemFree:          126944 kB
Active:           362496 kB
Mem:          3.8G       3.7G       123M       5.7M        29M       3.2G

MemTotal:        4016004 kB
MemFree:          126248 kB
Active:           362484 kB
Mem:          3.8G       3.7G       123M       5.7M        29M       3.2G

MemTotal:        4016004 kB
MemFree:          126068 kB
Active:           358732 kB
Mem:          3.8G       3.7G       123M       5.7M        29M       3.2G

MemTotal:        4016004 kB
MemFree:          107344 kB
Active:           358584 kB
Mem:          3.8G       3.7G       104M       5.7M        29M       3.2G

MemTotal:        4016004 kB
MemFree:          129728 kB
Active:           358580 kB
Mem:          3.8G       3.7G       125M       5.7M        29M       3.2G

MemTotal:        4016004 kB
MemFree:          121616 kB
Active:           358580 kB
Mem:          3.8G       3.7G       118M       5.7M        29M       3.2G

MemTotal:        4016004 kB
MemFree:          113736 kB
Active:           358584 kB
Mem:          3.8G       3.7G       111M       5.7M        29M       3.2G

MemTotal:        4016004 kB
MemFree:          109332 kB
Active:           358588 kB
Mem:          3.8G       3.7G       106M       5.7M        29M       3.2G

MemTotal:        4016004 kB
MemFree:          125356 kB
Active:           358608 kB
Mem:          3.8G       3.7G       122M       5.7M        29M       3.2G

MemTotal:        4016004 kB
MemFree:          109512 kB
Active:           358612 kB
Mem:          3.8G       3.7G       107M       5.7M        29M       3.2G

MemTotal:        4016004 kB
MemFree:          133588 kB
Active:           359704 kB
Mem:          3.8G       3.7G       130M       5.7M        29M       3.2G

MemTotal:        4016004 kB
MemFree:          133404 kB
Active:           359740 kB
Mem:          3.8G       3.7G       130M       5.7M        29M       3.2G

MemTotal:        4016004 kB
MemFree:          110348 kB
Active:           359772 kB
Mem:          3.8G       3.7G       107M       5.7M        29M       3.2G

MemTotal:        4016004 kB
MemFree:          118940 kB
Active:           359772 kB
Mem:          3.8G       3.7G       115M       5.7M        29M       3.2G

MemTotal:        4016004 kB
MemFree:          110136 kB
Active:           359776 kB
Mem:          3.8G       3.7G       107M       5.7M        29M       3.2G

MemTotal:        4016004 kB
MemFree:          126364 kB
Active:           359476 kB
Mem:          3.8G       3.7G       123M       5.7M        29M       3.2G

MemTotal:        4016004 kB
MemFree:          126736 kB
Active:           359472 kB
Mem:          3.8G       3.7G       123M       5.7M        29M       3.2G

MemTotal:        4016004 kB
MemFree:          126612 kB
Active:           359468 kB
Mem:          3.8G       3.7G       123M       5.7M        29M       3.2G

MemTotal:        4016004 kB
MemFree:          126612 kB
Active:           359472 kB
Mem:          3.8G       3.7G       123M       5.7M        29M       3.2G

MemTotal:        4016004 kB
MemFree:          126736 kB
Active:           359464 kB
Mem:          3.8G       3.7G       123M       5.7M        29M       3.2G

MemTotal:        4016004 kB
MemFree:          126612 kB
Active:           359452 kB
Mem:          3.8G       3.7G       123M       5.7M        29M       3.2G

MemTotal:        4016004 kB
MemFree:          126612 kB
Active:           359436 kB
Mem:          3.8G       3.7G       123M       5.7M        29M       3.2G

MemTotal:        4016004 kB
MemFree:          126116 kB
Active:           359432 kB
Mem:          3.8G       3.7G       123M       5.7M        29M       3.2G

MemTotal:        4016004 kB
MemFree:          126116 kB
Active:           359472 kB
Mem:          3.8G       3.7G       123M       5.7M        29M       3.2G

MemTotal:        4016004 kB
MemFree:          126364 kB
Active:           359460 kB
Mem:          3.8G       3.7G       123M       5.7M        29M       3.2G

MemTotal:        4016004 kB
MemFree:          126364 kB
Active:           359460 kB
Mem:          3.8G       3.7G       123M       5.7M        29M       3.2G

MemTotal:        4016004 kB
MemFree:          125992 kB
Active:           359436 kB
Mem:          3.8G       3.7G       123M       5.7M        29M       3.2G

MemTotal:        4016004 kB
MemFree:          126364 kB
Active:           359436 kB
Mem:          3.8G       3.7G       123M       5.7M        29M       3.2G

MemTotal:        4016004 kB
MemFree:          126488 kB
Active:           359432 kB
Mem:          3.8G       3.7G       123M       5.7M        29M       3.2G

MemTotal:        4016004 kB
MemFree:          125992 kB
Active:           359488 kB
Mem:          3.8G       3.7G       123M       5.7M        29M       3.2G

MemTotal:        4016004 kB
MemFree:          126240 kB
Active:           359436 kB
Mem:          3.8G       3.7G       123M       5.7M        29M       3.2G

MemTotal:        4016004 kB
MemFree:          126240 kB
Active:           359488 kB
Mem:          3.8G       3.7G       123M       5.7M        29M       3.2G

MemTotal:        4016004 kB
MemFree:          126364 kB
Active:           359472 kB
Mem:          3.8G       3.7G       123M       5.7M        29M       3.2G

MemTotal:        4016004 kB
MemFree:          125992 kB
Active:           359504 kB
Mem:          3.8G       3.7G       123M       5.7M        29M       3.2G

MemTotal:        4016004 kB
MemFree:          126612 kB
Active:           359472 kB
Mem:          3.8G       3.7G       123M       5.7M        29M       3.2G

MemTotal:        4016004 kB
MemFree:          126860 kB
Active:           359464 kB
Mem:          3.8G       3.7G       123M       5.7M        29M       3.2G

MemTotal:        4016004 kB
MemFree:          126364 kB
Active:           359508 kB
Mem:          3.8G       3.7G       123M       5.7M        29M       3.2G

MemTotal:        4016004 kB
MemFree:          126612 kB
Active:           359496 kB
Mem:          3.8G       3.7G       123M       5.7M        29M       3.2G

MemTotal:        4016004 kB
MemFree:          126736 kB
Active:           359512 kB
Mem:          3.8G       3.7G       123M       5.7M        29M       3.2G

MemTotal:        4016004 kB
MemFree:          126612 kB
Active:           359492 kB
Mem:          3.8G       3.7G       123M       5.7M        29M       3.2G

MemTotal:        4016004 kB
MemFree:          126364 kB
Active:           359488 kB
Mem:          3.8G       3.7G       123M       5.7M        29M       3.2G

MemTotal:        4016004 kB
MemFree:          126364 kB
Active:           359484 kB
Mem:          3.8G       3.7G       123M       5.7M        29M       3.2G

MemTotal:        4016004 kB
MemFree:          126128 kB
Active:           359472 kB
Mem:          3.8G       3.7G       122M       5.7M        29M       3.2G

MemTotal:        4016004 kB
MemFree:          126224 kB
Active:           359484 kB
Mem:          3.8G       3.7G       123M       5.7M        29M       3.2G

MemTotal:        4016004 kB
MemFree:          126288 kB
Active:           359468 kB
Mem:          3.8G       3.7G       123M       5.7M        29M       3.2G

MemTotal:        4016004 kB
MemFree:          126536 kB
Active:           359472 kB
Mem:          3.8G       3.7G       123M       5.7M        29M       3.2G

MemTotal:        4016004 kB
MemFree:          126040 kB
Active:           359528 kB
Mem:          3.8G       3.7G       123M       5.7M        29M       3.2G

MemTotal:        4016004 kB
MemFree:          126660 kB
Active:           359516 kB
Mem:          3.8G       3.7G       123M       5.7M        29M       3.2G

MemTotal:        4016004 kB
MemFree:          126784 kB
Active:           359500 kB
Mem:          3.8G       3.7G       123M       5.7M        29M       3.2G

MemTotal:        4016004 kB
MemFree:          126660 kB
Active:           359520 kB
Mem:          3.8G       3.7G       123M       5.7M        29M       3.2G

MemTotal:        4016004 kB
MemFree:          126784 kB
Active:           359520 kB
Mem:          3.8G       3.7G       123M       5.7M        29M       3.2G

MemTotal:        4016004 kB
MemFree:          126660 kB
Active:           359516 kB
Mem:          3.8G       3.7G       123M       5.7M        29M       3.2G

MemTotal:        4016004 kB
MemFree:          126660 kB
Active:           359500 kB
Mem:          3.8G       3.7G       123M       5.7M        29M       3.2G

MemTotal:        4016004 kB
MemFree:          126412 kB
Active:           359540 kB
Mem:          3.8G       3.7G       123M       5.7M        29M       3.2G

MemTotal:        4016004 kB
MemFree:          126412 kB
Active:           359540 kB
Mem:          3.8G       3.7G       123M       5.7M        29M       3.2G

MemTotal:        4016004 kB
MemFree:          126288 kB
Active:           359540 kB
Mem:          3.8G       3.7G       123M       5.7M        29M       3.2G

MemTotal:        4016004 kB
MemFree:          126288 kB
Active:           359540 kB
Mem:          3.8G       3.7G       123M       5.7M        29M       3.2G

MemTotal:        4016004 kB
MemFree:          126536 kB
Active:           359492 kB
Mem:          3.8G       3.7G       123M       5.7M        29M       3.2G

MemTotal:        4016004 kB
MemFree:          126288 kB
Active:           359548 kB
Mem:          3.8G       3.7G       123M       5.7M        29M       3.2G

MemTotal:        4016004 kB
MemFree:          126784 kB
Active:           359548 kB
Mem:          3.8G       3.7G       123M       5.7M        29M       3.2G

MemTotal:        4016004 kB
MemFree:          126784 kB
Active:           359548 kB
Mem:          3.8G       3.7G       123M       5.7M        29M       3.2G

MemTotal:        4016004 kB
MemFree:          126784 kB
Active:           359516 kB
Mem:          3.8G       3.7G       123M       5.7M        29M       3.2G

MemTotal:        4016004 kB
MemFree:          126784 kB
Active:           359504 kB
Mem:          3.8G       3.7G       123M       5.7M        29M       3.2G

MemTotal:        4016004 kB
MemFree:          126784 kB
Active:           359508 kB
Mem:          3.8G       3.7G       123M       5.7M        29M       3.2G

MemTotal:        4016004 kB
MemFree:          126784 kB
Active:           359544 kB
Mem:          3.8G       3.7G       123M       5.7M        29M       3.2G

MemTotal:        4016004 kB
MemFree:          126784 kB
Active:           359536 kB
Mem:          3.8G       3.7G       123M       5.7M        29M       3.2G

MemTotal:        4016004 kB
MemFree:          126784 kB
Active:           359540 kB
Mem:          3.8G       3.7G       123M       5.7M        29M       3.2G

MemTotal:        4016004 kB
MemFree:          126040 kB
Active:           359532 kB
Mem:          3.8G       3.7G       123M       5.7M        29M       3.2G

MemTotal:        4016004 kB
MemFree:          125544 kB
Active:           359560 kB
Mem:          3.8G       3.7G       122M       5.7M        29M       3.2G

MemTotal:        4016004 kB
MemFree:          126164 kB
Active:           359556 kB
Mem:          3.8G       3.7G       123M       5.7M        29M       3.2G

MemTotal:        4016004 kB
MemFree:          126288 kB
Active:           359548 kB
Mem:          3.8G       3.7G       123M       5.7M        29M       3.2G

MemTotal:        4016004 kB
MemFree:          126040 kB
Active:           359516 kB
Mem:          3.8G       3.7G       123M       5.7M        29M       3.2G

MemTotal:        4016004 kB
MemFree:          126040 kB
Active:           359536 kB
Mem:          3.8G       3.7G       123M       5.7M        29M       3.2G

MemTotal:        4016004 kB
MemFree:          126412 kB
Active:           359548 kB
Mem:          3.8G       3.7G       123M       5.7M        29M       3.2G

MemTotal:        4016004 kB
MemFree:          126040 kB
Active:           359568 kB
Mem:          3.8G       3.7G       123M       5.7M        29M       3.2G

MemTotal:        4016004 kB
MemFree:          126660 kB
Active:           359532 kB
Mem:          3.8G       3.7G       123M       5.7M        29M       3.2G

MemTotal:        4016004 kB
MemFree:          126784 kB
Active:           359524 kB
Mem:          3.8G       3.7G       123M       5.7M        29M       3.2G

MemTotal:        4016004 kB
MemFree:          126660 kB
Active:           359512 kB
Mem:          3.8G       3.7G       123M       5.7M        29M       3.2G

MemTotal:        4016004 kB
MemFree:          126660 kB
Active:           359552 kB
Mem:          3.8G       3.7G       123M       5.7M        29M       3.2G

MemTotal:        4016004 kB
MemFree:          126040 kB
Active:           359572 kB
Mem:          3.8G       3.7G       123M       5.7M        29M       3.2G

MemTotal:        4016004 kB
MemFree:          126412 kB
Active:           359572 kB
Mem:          3.8G       3.7G       123M       5.7M        29M       3.2G

MemTotal:        4016004 kB
MemFree:          126412 kB
Active:           359560 kB
Mem:          3.8G       3.7G       123M       5.7M        29M       3.2G

MemTotal:        4016004 kB
MemFree:          126164 kB
Active:           359584 kB
Mem:          3.8G       3.7G       123M       5.7M        29M       3.2G

MemTotal:        4016004 kB
MemFree:          126660 kB
Active:           359552 kB
Mem:          3.8G       3.7G       123M       5.7M        29M       3.2G

MemTotal:        4016004 kB
MemFree:          126908 kB
Active:           359556 kB
Mem:          3.8G       3.7G       123M       5.7M        29M       3.2G

MemTotal:        4016004 kB
MemFree:          126908 kB
Active:           359592 kB
Mem:          3.8G       3.7G       123M       5.7M        29M       3.2G

MemTotal:        4016004 kB
MemFree:          126784 kB
Active:           359576 kB
Mem:          3.8G       3.7G       123M       5.7M        29M       3.2G

MemTotal:        4016004 kB
MemFree:          126908 kB
Active:           359568 kB
Mem:          3.8G       3.7G       123M       5.7M        29M       3.2G

MemTotal:        4016004 kB
MemFree:          126784 kB
Active:           359556 kB
Mem:          3.8G       3.7G       123M       5.7M        29M       3.2G

MemTotal:        4016004 kB
MemFree:          126784 kB
Active:           359612 kB
Mem:          3.8G       3.7G       123M       5.7M        29M       3.2G

MemTotal:        4016004 kB
MemFree:          126908 kB
Active:           359600 kB
Mem:          3.8G       3.7G       123M       5.7M        29M       3.2G

MemTotal:        4016004 kB
MemFree:          127156 kB
Active:           359580 kB
Mem:          3.8G       3.7G       124M       5.7M        29M       3.2G

MemTotal:        4016004 kB
MemFree:          127156 kB
Active:           359576 kB
Mem:          3.8G       3.7G       124M       5.7M        29M       3.2G

MemTotal:        4016004 kB
MemFree:          127280 kB
Active:           359620 kB
Mem:          3.8G       3.7G       124M       5.7M        29M       3.2G

MemTotal:        4016004 kB
MemFree:          127280 kB
Active:           359600 kB
Mem:          3.8G       3.7G       124M       5.7M        29M       3.2G

MemTotal:        4016004 kB
MemFree:          126660 kB
Active:           359632 kB
Mem:          3.8G       3.7G       123M       5.7M        29M       3.2G

MemTotal:        4016004 kB
MemFree:          126660 kB
Active:           359608 kB
Mem:          3.8G       3.7G       123M       5.7M        29M       3.2G

MemTotal:        4016004 kB
MemFree:          126660 kB
Active:           359580 kB
Mem:          3.8G       3.7G       123M       5.7M        29M       3.2G

MemTotal:        4016004 kB
MemFree:          126288 kB
Active:           359640 kB
Mem:          3.8G       3.7G       123M       5.7M        29M       3.2G

MemTotal:        4016004 kB
MemFree:          126288 kB
Active:           359592 kB
Mem:          3.8G       3.7G       122M       5.7M        29M       3.2G

MemTotal:        4016004 kB
MemFree:          125916 kB
Active:           359644 kB
Mem:          3.8G       3.7G       123M       5.7M        29M       3.2G

MemTotal:        4016004 kB
MemFree:          126412 kB
Active:           359592 kB
Mem:          3.8G       3.7G       123M       5.7M        29M       3.2G

MemTotal:        4016004 kB
MemFree:          126040 kB
Active:           359644 kB
Mem:          3.8G       3.7G       123M       5.7M        29M       3.2G

MemTotal:        4016004 kB
MemFree:          125668 kB
Active:           359648 kB
Mem:          3.8G       3.7G       122M       5.7M        29M       3.2G

MemTotal:        4016004 kB
MemFree:          126040 kB
Active:           359636 kB
Mem:          3.8G       3.7G       123M       5.7M        29M       3.2G

MemTotal:        4016004 kB
MemFree:          125916 kB
Active:           359592 kB
Mem:          3.8G       3.7G       122M       5.7M        29M       3.2G

MemTotal:        4016004 kB
MemFree:          125668 kB
Active:           359656 kB
Mem:          3.8G       3.7G       122M       5.7M        29M       3.2G

MemTotal:        4016004 kB
MemFree:          125792 kB
Active:           359656 kB
Mem:          3.8G       3.7G       122M       5.7M        29M       3.2G

MemTotal:        4016004 kB
MemFree:          126164 kB
Active:           359620 kB
Mem:          3.8G       3.7G       123M       5.7M        29M       3.2G

MemTotal:        4016004 kB
MemFree:          126040 kB
Active:           359660 kB
Mem:          3.8G       3.7G       123M       5.7M        29M       3.2G

MemTotal:        4016004 kB
MemFree:          126288 kB
Active:           359604 kB
Mem:          3.8G       3.7G       123M       5.7M        29M       3.2G

MemTotal:        4016004 kB
MemFree:          126908 kB
Active:           359596 kB
Mem:          3.8G       3.7G       123M       5.7M        29M       3.2G

MemTotal:        4016004 kB
MemFree:          126784 kB
Active:           359652 kB
Mem:          3.8G       3.7G       123M       5.7M        29M       3.2G

MemTotal:        4016004 kB
MemFree:          126164 kB
Active:           359660 kB
Mem:          3.8G       3.7G       123M       5.7M        29M       3.2G

MemTotal:        4016004 kB
MemFree:          126040 kB
Active:           359640 kB
Mem:          3.8G       3.7G       122M       5.7M        29M       3.2G

MemTotal:        4016004 kB
MemFree:          126164 kB
Active:           359644 kB
Mem:          3.8G       3.7G       123M       5.7M        29M       3.2G

MemTotal:        4016004 kB
MemFree:          126288 kB
Active:           359660 kB
Mem:          3.8G       3.7G       123M       5.7M        29M       3.2G

MemTotal:        4016004 kB
MemFree:          125280 kB
Active:           359748 kB
Mem:          3.8G       3.7G       122M       5.7M        29M       3.2G

MemTotal:        4016004 kB
MemFree:          125776 kB
Active:           359732 kB
Mem:          3.8G       3.7G       122M       5.7M        29M       3.2G

MemTotal:        4016004 kB
MemFree:          125280 kB
Active:           359748 kB
Mem:          3.8G       3.7G       122M       5.7M        29M       3.2G

MemTotal:        4016004 kB
MemFree:          125776 kB
Active:           359736 kB
Mem:          3.8G       3.7G       122M       5.7M        29M       3.2G

MemTotal:        4016004 kB
MemFree:          125404 kB
Active:           359744 kB
Mem:          3.8G       3.7G       122M       5.7M        29M       3.2G

MemTotal:        4016004 kB
MemFree:          126148 kB
Active:           359724 kB
Mem:          3.8G       3.7G       123M       5.7M        29M       3.2G

MemTotal:        4016004 kB
MemFree:          125652 kB
Active:           359760 kB
Mem:          3.8G       3.7G       122M       5.7M        29M       3.2G

MemTotal:        4016004 kB
MemFree:          125900 kB
Active:           359760 kB
Mem:          3.8G       3.7G       122M       5.7M        29M       3.2G

MemTotal:        4016004 kB
MemFree:          125900 kB
Active:           359760 kB
Mem:          3.8G       3.7G       122M       5.7M        29M       3.2G

MemTotal:        4016004 kB
MemFree:          125528 kB
Active:           359764 kB
Mem:          3.8G       3.7G       122M       5.7M        29M       3.2G

MemTotal:        4016004 kB
MemFree:          126024 kB
Active:           359732 kB
Mem:          3.8G       3.7G       122M       5.7M        29M       3.2G

MemTotal:        4016004 kB
MemFree:          125900 kB
Active:           359732 kB
Mem:          3.8G       3.7G       122M       5.7M        29M       3.2G

MemTotal:        4016004 kB
MemFree:          126148 kB
Active:           359716 kB
Mem:          3.8G       3.7G       123M       5.7M        29M       3.2G

MemTotal:        4016004 kB
MemFree:          126148 kB
Active:           359728 kB
Mem:          3.8G       3.7G       123M       5.7M        29M       3.2G

MemTotal:        4016004 kB
MemFree:          126148 kB
Active:           359752 kB
Mem:          3.8G       3.7G       122M       5.7M        29M       3.2G

MemTotal:        4016004 kB
MemFree:          126148 kB
Active:           359732 kB
Mem:          3.8G       3.7G       123M       5.7M        29M       3.2G

MemTotal:        4016004 kB
MemFree:          126288 kB
Active:           359736 kB
Mem:          3.8G       3.7G       123M       5.7M        29M       3.2G

MemTotal:        4016004 kB
MemFree:          126784 kB
Active:           359744 kB
Mem:          3.8G       3.7G       123M       5.7M        29M       3.2G

MemTotal:        4016004 kB
MemFree:          126660 kB
Active:           359760 kB
Mem:          3.8G       3.7G       123M       5.7M        29M       3.2G

MemTotal:        4016004 kB
MemFree:          126784 kB
Active:           359740 kB
Mem:          3.8G       3.7G       123M       5.7M        29M       3.2G

MemTotal:        4016004 kB
MemFree:          126536 kB
Active:           359760 kB
Mem:          3.8G       3.7G       123M       5.7M        29M       3.2G

MemTotal:        4016004 kB
MemFree:          126164 kB
Active:           359780 kB
Mem:          3.8G       3.7G       123M       5.7M        29M       3.2G

MemTotal:        4016004 kB
MemFree:          126660 kB
Active:           359776 kB
Mem:          3.8G       3.7G       123M       5.7M        29M       3.2G

MemTotal:        4016004 kB
MemFree:          126660 kB
Active:           359772 kB
Mem:          3.8G       3.7G       123M       5.7M        29M       3.2G

MemTotal:        4016004 kB
MemFree:          126288 kB
Active:           359780 kB
Mem:          3.8G       3.7G       123M       5.7M        29M       3.2G

MemTotal:        4016004 kB
MemFree:          126412 kB
Active:           359736 kB
Mem:          3.8G       3.7G       123M       5.7M        29M       3.2G

MemTotal:        4016004 kB
MemFree:          126040 kB
Active:           359792 kB
Mem:          3.8G       3.7G       123M       5.7M        29M       3.2G

MemTotal:        4016004 kB
MemFree:          126040 kB
Active:           359788 kB
Mem:          3.8G       3.7G       122M       5.7M        29M       3.2G

MemTotal:        4016004 kB
MemFree:          125668 kB
Active:           359796 kB
Mem:          3.8G       3.7G       122M       5.7M        29M       3.2G

MemTotal:        4016004 kB
MemFree:          126164 kB
Active:           359780 kB
Mem:          3.8G       3.7G       123M       5.7M        29M       3.2G

MemTotal:        4016004 kB
MemFree:          125792 kB
Active:           359796 kB
Mem:          3.8G       3.7G       122M       5.7M        29M       3.2G

MemTotal:        4016004 kB
MemFree:          125792 kB
Active:           359748 kB
Mem:          3.8G       3.7G       122M       5.7M        29M       3.2G

MemTotal:        4016004 kB
MemFree:          125916 kB
Active:           359752 kB
Mem:          3.8G       3.7G       122M       5.7M        29M       3.2G

MemTotal:        4016004 kB
MemFree:          126040 kB
Active:           359768 kB
Mem:          3.8G       3.7G       122M       5.7M        29M       3.2G

MemTotal:        4016004 kB
MemFree:          126040 kB
Active:           359756 kB
Mem:          3.8G       3.7G       122M       5.7M        29M       3.2G

MemTotal:        4016004 kB
MemFree:          125916 kB
Active:           359744 kB
Mem:          3.8G       3.7G       122M       5.7M        29M       3.2G

MemTotal:        4016004 kB
MemFree:          126040 kB
Active:           359780 kB
Mem:          3.8G       3.7G       122M       5.7M        29M       3.2G

MemTotal:        4016004 kB
MemFree:          125544 kB
Active:           359804 kB
Mem:          3.8G       3.7G       122M       5.7M        29M       3.2G

MemTotal:        4016004 kB
MemFree:          125668 kB
Active:           359808 kB
Mem:          3.8G       3.7G       123M       5.7M        29M       3.2G

MemTotal:        4016004 kB
MemFree:          126412 kB
Active:           359808 kB
Mem:          3.8G       3.7G       123M       5.7M        29M       3.2G

MemTotal:        4016004 kB
MemFree:          126288 kB
Active:           359784 kB
Mem:          3.8G       3.7G       123M       5.7M        29M       3.2G

MemTotal:        4016004 kB
MemFree:          126164 kB
Active:           359800 kB
Mem:          3.8G       3.7G       123M       5.7M        29M       3.2G

MemTotal:        4016004 kB
MemFree:          126412 kB
Active:           359788 kB
Mem:          3.8G       3.7G       123M       5.7M        29M       3.2G

MemTotal:        4016004 kB
MemFree:          126412 kB
Active:           359796 kB
Mem:          3.8G       3.7G       123M       5.7M        29M       3.2G

MemTotal:        4016004 kB
MemFree:          126412 kB
Active:           359812 kB
Mem:          3.8G       3.7G       123M       5.7M        29M       3.2G

MemTotal:        4016004 kB
MemFree:          126164 kB
Active:           359824 kB
Mem:          3.8G       3.7G       123M       5.7M        29M       3.2G

MemTotal:        4016004 kB
MemFree:          126164 kB
Active:           359816 kB
Mem:          3.8G       3.7G       123M       5.7M        29M       3.2G

MemTotal:        4016004 kB
MemFree:          126040 kB
Active:           359820 kB
Mem:          3.8G       3.7G       123M       5.7M        29M       3.2G

MemTotal:        4016004 kB
MemFree:          126536 kB
Active:           359816 kB
Mem:          3.8G       3.7G       123M       5.7M        29M       3.2G

MemTotal:        4016004 kB
MemFree:          126536 kB
Active:           359804 kB
Mem:          3.8G       3.7G       123M       5.7M        29M       3.2G

MemTotal:        4016004 kB
MemFree:          126288 kB
Active:           359796 kB
Mem:          3.8G       3.7G       123M       5.7M        29M       3.2G

MemTotal:        4016004 kB
MemFree:          126288 kB
Active:           359800 kB
Mem:          3.8G       3.7G       123M       5.7M        29M       3.2G

MemTotal:        4016004 kB
MemFree:          126288 kB
Active:           359816 kB
Mem:          3.8G       3.7G       123M       5.7M        29M       3.2G

MemTotal:        4016004 kB
MemFree:          126288 kB
Active:           359804 kB
Mem:          3.8G       3.7G       123M       5.7M        29M       3.2G

MemTotal:        4016004 kB
MemFree:          126288 kB
Active:           359788 kB
Mem:          3.8G       3.7G       123M       5.7M        29M       3.2G

MemTotal:        4016004 kB
MemFree:          125916 kB
Active:           359840 kB
Mem:          3.8G       3.7G       123M       5.7M        29M       3.2G

MemTotal:        4016004 kB
MemFree:          126164 kB
Active:           359832 kB
Mem:          3.8G       3.7G       123M       5.7M        29M       3.2G

MemTotal:        4016004 kB
MemFree:          126536 kB
Active:           359836 kB
Mem:          3.8G       3.7G       123M       5.7M        29M       3.2G

MemTotal:        4016004 kB
MemFree:          126660 kB
Active:           359820 kB
Mem:          3.8G       3.7G       123M       5.7M        29M       3.2G

MemTotal:        4016004 kB
MemFree:          127032 kB
Active:           359816 kB
Mem:          3.8G       3.7G       123M       5.7M        29M       3.2G

MemTotal:        4016004 kB
MemFree:          126908 kB
Active:           359804 kB
Mem:          3.8G       3.7G       123M       5.7M        29M       3.2G

MemTotal:        4016004 kB
MemFree:          127032 kB
Active:           359836 kB
Mem:          3.8G       3.7G       123M       5.7M        29M       3.2G

MemTotal:        4016004 kB
MemFree:          126536 kB
Active:           359848 kB
Mem:          3.8G       3.7G       123M       5.7M        29M       3.2G

MemTotal:        4016004 kB
MemFree:          126412 kB
Active:           359844 kB
Mem:          3.8G       3.7G       123M       5.7M        29M       3.2G

MemTotal:        4016004 kB
MemFree:          126536 kB
Active:           359840 kB
Mem:          3.8G       3.7G       123M       5.7M        29M       3.2G

MemTotal:        4016004 kB
MemFree:          126288 kB
Active:           359832 kB
Mem:          3.8G       3.7G       123M       5.7M        29M       3.2G

MemTotal:        4016004 kB
MemFree:          126536 kB
Active:           359848 kB
Mem:          3.8G       3.7G       123M       5.7M        29M       3.2G

MemTotal:        4016004 kB
MemFree:          126660 kB
Active:           359828 kB
Mem:          3.8G       3.7G       123M       5.7M        29M       3.2G

MemTotal:        4016004 kB
MemFree:          126660 kB
Active:           359824 kB
Mem:          3.8G       3.7G       123M       5.7M        29M       3.2G

MemTotal:        4016004 kB
MemFree:          126536 kB
Active:           359812 kB
Mem:          3.8G       3.7G       123M       5.7M        29M       3.2G

MemTotal:        4016004 kB
MemFree:          126536 kB
Active:           359816 kB
Mem:          3.8G       3.7G       123M       5.7M        29M       3.2G

MemTotal:        4016004 kB
MemFree:          126288 kB
Active:           359820 kB
Mem:          3.8G       3.7G       123M       5.7M        29M       3.2G

MemTotal:        4016004 kB
MemFree:          126536 kB
Active:           359836 kB
Mem:          3.8G       3.7G       123M       5.7M        29M       3.2G

MemTotal:        4016004 kB
MemFree:          126412 kB
Active:           359836 kB
Mem:          3.8G       3.7G       123M       5.7M        29M       3.2G

MemTotal:        4016004 kB
MemFree:          126536 kB
Active:           359832 kB
Mem:          3.8G       3.7G       123M       5.7M        29M       3.2G

MemTotal:        4016004 kB
MemFree:          126412 kB
Active:           359848 kB
Mem:          3.8G       3.7G       123M       5.7M        29M       3.2G

MemTotal:        4016004 kB
MemFree:          126536 kB
Active:           359844 kB
Mem:          3.8G       3.7G       123M       5.7M        29M       3.2G

MemTotal:        4016004 kB
MemFree:          126660 kB
Active:           359860 kB
Mem:          3.8G       3.7G       123M       5.7M        29M       3.2G

MemTotal:        4016004 kB
MemFree:          126536 kB
Active:           359844 kB
Mem:          3.8G       3.7G       123M       5.7M        29M       3.2G

MemTotal:        4016004 kB
MemFree:          126288 kB
Active:           359884 kB
Mem:          3.8G       3.7G       123M       5.7M        29M       3.2G

MemTotal:        4016004 kB
MemFree:          126412 kB
Active:           359884 kB
Mem:          3.8G       3.7G       123M       5.7M        29M       3.2G

MemTotal:        4016004 kB
MemFree:          126536 kB
Active:           359880 kB
Mem:          3.8G       3.7G       123M       5.7M        29M       3.2G

MemTotal:        4016004 kB
MemFree:          126288 kB
Active:           359888 kB
Mem:          3.8G       3.7G       123M       5.7M        29M       3.2G

MemTotal:        4016004 kB
MemFree:          125916 kB
Active:           359892 kB
Mem:          3.8G       3.7G       123M       5.7M        29M       3.2G

MemTotal:        4016004 kB
MemFree:          126660 kB
Active:           359880 kB
Mem:          3.8G       3.7G       123M       5.7M        29M       3.2G

MemTotal:        4016004 kB
MemFree:          126784 kB
Active:           359876 kB
Mem:          3.8G       3.7G       123M       5.7M        29M       3.2G

MemTotal:        4016004 kB
MemFree:          126536 kB
Active:           359864 kB
Mem:          3.8G       3.7G       123M       5.7M        29M       3.2G

MemTotal:        4016004 kB
MemFree:          126536 kB
Active:           359852 kB
Mem:          3.8G       3.7G       123M       5.7M        29M       3.2G

MemTotal:        4016004 kB
MemFree:          126536 kB
Active:           359848 kB
Mem:          3.8G       3.7G       123M       5.7M        29M       3.2G

MemTotal:        4016004 kB
MemFree:          126660 kB
Active:           359876 kB
Mem:          3.8G       3.7G       123M       5.7M        29M       3.2G

MemTotal:        4016004 kB
MemFree:          126536 kB
Active:           359848 kB
Mem:          3.8G       3.7G       123M       5.7M        29M       3.2G

MemTotal:        4016004 kB
MemFree:          126660 kB
Active:           359892 kB
Mem:          3.8G       3.7G       123M       5.7M        29M       3.2G

MemTotal:        4016004 kB
MemFree:          126040 kB
Active:           359908 kB
Mem:          3.8G       3.7G       123M       5.7M        29M       3.2G

MemTotal:        4016004 kB
MemFree:          126040 kB
Active:           359904 kB
Mem:          3.8G       3.7G       123M       5.7M        29M       3.2G

MemTotal:        4016004 kB
MemFree:          126164 kB
Active:           359896 kB
Mem:          3.8G       3.7G       123M       5.7M        29M       3.2G

MemTotal:        4016004 kB
MemFree:          125792 kB
Active:           359912 kB
Mem:          3.8G       3.7G       122M       5.7M        29M       3.2G

MemTotal:        4016004 kB
MemFree:          125668 kB
Active:           359904 kB
Mem:          3.8G       3.7G       122M       5.7M        29M       3.2G

MemTotal:        4016004 kB
MemFree:          125668 kB
Active:           359884 kB
Mem:          3.8G       3.7G       122M       5.7M        29M       3.2G

MemTotal:        4016004 kB
MemFree:          125668 kB
Active:           359876 kB
Mem:          3.8G       3.7G       122M       5.7M        29M       3.2G

MemTotal:        4016004 kB
MemFree:          125792 kB
Active:           359920 kB
Mem:          3.8G       3.7G       123M       5.7M        29M       3.2G

MemTotal:        4016004 kB
MemFree:          125668 kB
Active:           359924 kB
Mem:          3.8G       3.7G       122M       5.7M        29M       3.2G

MemTotal:        4016004 kB
MemFree:          126040 kB
Active:           359884 kB
Mem:          3.8G       3.7G       122M       5.7M        29M       3.2G

MemTotal:        4016004 kB
MemFree:          126040 kB
Active:           359884 kB
Mem:          3.8G       3.7G       123M       5.7M        29M       3.2G

MemTotal:        4016004 kB
MemFree:          126040 kB
Active:           359928 kB
Mem:          3.8G       3.7G       123M       5.7M        29M       3.2G

MemTotal:        4016004 kB
MemFree:          126040 kB
Active:           359904 kB
Mem:          3.8G       3.7G       123M       5.7M        29M       3.2G

MemTotal:        4016004 kB
MemFree:          126164 kB
Active:           359888 kB
Mem:          3.8G       3.7G       123M       5.7M        29M       3.2G

MemTotal:        4016004 kB
MemFree:          126288 kB
Active:           359920 kB
Mem:          3.8G       3.7G       123M       5.7M        29M       3.2G

MemTotal:        4016004 kB
MemFree:          126040 kB
Active:           359912 kB
Mem:          3.8G       3.7G       123M       5.7M        29M       3.2G

MemTotal:        4016004 kB
MemFree:          126164 kB
Active:           359880 kB
Mem:          3.8G       3.7G       123M       5.7M        29M       3.2G

MemTotal:        4016004 kB
MemFree:          126040 kB
Active:           359892 kB
Mem:          3.8G       3.7G       123M       5.7M        29M       3.2G

MemTotal:        4016004 kB
MemFree:          126164 kB
Active:           359884 kB
Mem:          3.8G       3.7G       123M       5.7M        29M       3.2G

MemTotal:        4016004 kB
MemFree:          126288 kB
Active:           359928 kB
Mem:          3.8G       3.7G       122M       5.7M        29M       3.2G

MemTotal:        4016004 kB
MemFree:          126164 kB
Active:           359908 kB
Mem:          3.8G       3.7G       123M       5.7M        29M       3.2G

MemTotal:        4016004 kB
MemFree:          125916 kB
Active:           359944 kB
Mem:          3.8G       3.7G       123M       5.7M        29M       3.2G

MemTotal:        4016004 kB
MemFree:          126288 kB
Active:           359940 kB
Mem:          3.8G       3.7G       123M       5.7M        29M       3.2G

MemTotal:        4016004 kB
MemFree:          126412 kB
Active:           359940 kB
Mem:          3.8G       3.7G       123M       5.7M        29M       3.2G

MemTotal:        4016004 kB
MemFree:          126164 kB
Active:           359948 kB
Mem:          3.8G       3.7G       123M       5.7M        29M       3.2G

MemTotal:        4016004 kB
MemFree:          126164 kB
Active:           359940 kB
Mem:          3.8G       3.7G       123M       5.7M        29M       3.2G

MemTotal:        4016004 kB
MemFree:          126412 kB
Active:           359928 kB
Mem:          3.8G       3.7G       123M       5.7M        29M       3.2G

MemTotal:        4016004 kB
MemFree:          126288 kB
Active:           359916 kB
Mem:          3.8G       3.7G       123M       5.7M        29M       3.2G

MemTotal:        4016004 kB
MemFree:          126164 kB
Active:           359916 kB
Mem:          3.8G       3.7G       122M       5.7M        29M       3.2G

MemTotal:        4016004 kB
MemFree:          125668 kB
Active:           359948 kB
Mem:          3.8G       3.7G       122M       5.7M        29M       3.2G

MemTotal:        4016004 kB
MemFree:          126040 kB
Active:           359940 kB
Mem:          3.8G       3.7G       123M       5.7M        29M       3.2G

MemTotal:        4016004 kB
MemFree:          125916 kB
Active:           359932 kB
Mem:          3.8G       3.7G       123M       5.7M        29M       3.2G

MemTotal:        4016004 kB
MemFree:          126164 kB
Active:           359936 kB
Mem:          3.8G       3.7G       123M       5.7M        29M       3.2G

MemTotal:        4016004 kB
MemFree:          126164 kB
Active:           359928 kB
Mem:          3.8G       3.7G       123M       5.7M        29M       3.2G

MemTotal:        4016004 kB
MemFree:          126412 kB
Active:           359916 kB
Mem:          3.8G       3.7G       123M       5.7M        29M       3.2G

MemTotal:        4016004 kB
MemFree:          126536 kB
Active:           359968 kB
Mem:          3.8G       3.7G       123M       5.7M        29M       3.2G

MemTotal:        4016004 kB
MemFree:          126164 kB
Active:           359980 kB
Mem:          3.8G       3.7G       122M       5.7M        29M       3.2G

MemTotal:        4016004 kB
MemFree:          126288 kB
Active:           359952 kB
Mem:          3.8G       3.7G       123M       5.7M        29M       3.2G

MemTotal:        4016004 kB
MemFree:          125916 kB
Active:           359984 kB
Mem:          3.8G       3.7G       123M       5.7M        29M       3.2G

MemTotal:        4016004 kB
MemFree:          126288 kB
Active:           359940 kB
Mem:          3.8G       3.7G       123M       5.7M        29M       3.2G

MemTotal:        4016004 kB
MemFree:          126164 kB
Active:           359932 kB
Mem:          3.8G       3.7G       122M       5.7M        29M       3.2G

MemTotal:        4016004 kB
MemFree:          126040 kB
Active:           359976 kB
Mem:          3.8G       3.7G       122M       5.7M        29M       3.2G

MemTotal:        4016004 kB
MemFree:          126164 kB
Active:           359956 kB
Mem:          3.8G       3.7G       123M       5.7M        29M       3.2G

MemTotal:        4016004 kB
MemFree:          126164 kB
Active:           359932 kB
Mem:          3.8G       3.7G       123M       5.7M        29M       3.2G

MemTotal:        4016004 kB
MemFree:          126164 kB
Active:           359964 kB
Mem:          3.8G       3.7G       123M       5.7M        29M       3.2G

MemTotal:        4016004 kB
MemFree:          125916 kB
Active:           359992 kB
Mem:          3.8G       3.7G       123M       5.7M        29M       3.2G

MemTotal:        4016004 kB
MemFree:          126412 kB
Active:           359984 kB
Mem:          3.8G       3.7G       123M       5.7M        29M       3.2G

MemTotal:        4016004 kB
MemFree:          126412 kB
Active:           359956 kB
Mem:          3.8G       3.7G       123M       5.7M        29M       3.2G

MemTotal:        4016004 kB
MemFree:          126164 kB
Active:           359992 kB
Mem:          3.8G       3.7G       122M       5.7M        29M       3.2G

MemTotal:        4016004 kB
MemFree:          125544 kB
Active:           360000 kB
Mem:          3.8G       3.7G       122M       5.7M        29M       3.2G

MemTotal:        4016004 kB
MemFree:          125668 kB
Active:           359948 kB
Mem:          3.8G       3.7G       122M       5.7M        29M       3.2G

MemTotal:        4016004 kB
MemFree:          125916 kB
Active:           360008 kB
Mem:          3.8G       3.7G       122M       5.7M        29M       3.2G

MemTotal:        4016004 kB
MemFree:          126164 kB
Active:           360000 kB
Mem:          3.8G       3.7G       122M       5.7M        29M       3.2G

MemTotal:        4016004 kB
MemFree:          126040 kB
Active:           360000 kB
Mem:          3.8G       3.7G       123M       5.7M        29M       3.2G

MemTotal:        4016004 kB
MemFree:          126040 kB
Active:           359996 kB
Mem:          3.8G       3.7G       122M       5.7M        29M       3.2G

MemTotal:        4016004 kB
MemFree:          126040 kB
Active:           359968 kB
Mem:          3.8G       3.7G       122M       5.7M        29M       3.2G

MemTotal:        4016004 kB
MemFree:          126040 kB
Active:           359964 kB
Mem:          3.8G       3.7G       122M       5.7M        29M       3.2G

MemTotal:        4016004 kB
MemFree:          125916 kB
Active:           360012 kB
