MemTotal:        4016004 kB
MemFree:         3238108 kB
Active:           420880 kB
Mem:          3.8G       759M       3.1G       5.7M        54M       316M

MemTotal:        4016004 kB
MemFree:         3237644 kB
Active:           421180 kB
Mem:          3.8G       760M       3.1G       5.7M        54M       317M

MemTotal:        4016004 kB
MemFree:         3237520 kB
Active:           421284 kB
Mem:          3.8G       760M       3.1G       5.7M        54M       317M

MemTotal:        4016004 kB
MemFree:         3237504 kB
Active:           421268 kB
Mem:          3.8G       760M       3.1G       5.7M        54M       317M

MemTotal:        4016004 kB
MemFree:         3237364 kB
Active:           421316 kB
Mem:          3.8G       760M       3.1G       5.7M        54M       317M

MemTotal:        4016004 kB
MemFree:         3237348 kB
Active:           421264 kB
Mem:          3.8G       760M       3.1G       5.7M        54M       317M

MemTotal:        4016004 kB
MemFree:         3235284 kB
Active:           421264 kB
Mem:          3.8G       762M       3.1G       5.7M        54M       317M

MemTotal:        4016004 kB
MemFree:         3235764 kB
Active:           423300 kB
Mem:          3.8G       762M       3.1G       5.7M        54M       317M

MemTotal:        4016004 kB
MemFree:         3235748 kB
Active:           423320 kB
Mem:          3.8G       761M       3.1G       5.7M        54M       317M

MemTotal:        4016004 kB
MemFree:         3235236 kB
Active:           423348 kB
Mem:          3.8G       762M       3.1G       5.7M        54M       317M

MemTotal:        4016004 kB
MemFree:         3235360 kB
Active:           423340 kB
Mem:          3.8G       762M       3.1G       5.7M        54M       317M

MemTotal:        4016004 kB
MemFree:         3235220 kB
Active:           423324 kB
Mem:          3.8G       762M       3.1G       5.7M        54M       317M

MemTotal:        4016004 kB
MemFree:         3235204 kB
Active:           423340 kB
Mem:          3.8G       762M       3.1G       5.7M        54M       317M

MemTotal:        4016004 kB
MemFree:         3235204 kB
Active:           423360 kB
Mem:          3.8G       762M       3.1G       5.7M        54M       317M

MemTotal:        4016004 kB
MemFree:         3235452 kB
Active:           423312 kB
Mem:          3.8G       762M       3.1G       5.7M        54M       317M

MemTotal:        4016004 kB
MemFree:         3235824 kB
Active:           423328 kB
Mem:          3.8G       762M       3.1G       5.7M        54M       317M

MemTotal:        4016004 kB
MemFree:         3235840 kB
Active:           423352 kB
Mem:          3.8G       762M       3.1G       5.7M        54M       317M

MemTotal:        4016004 kB
MemFree:         3235700 kB
Active:           423308 kB
Mem:          3.8G       761M       3.1G       5.7M        54M       317M

MemTotal:        4016004 kB
MemFree:         3235808 kB
Active:           423320 kB
Mem:          3.8G       762M       3.1G       5.7M        54M       317M

MemTotal:        4016004 kB
MemFree:         3235792 kB
Active:           423336 kB
Mem:          3.8G       761M       3.1G       5.7M        54M       317M

MemTotal:        4016004 kB
MemFree:         3235748 kB
Active:           423352 kB
Mem:          3.8G       761M       3.1G       5.7M        54M       317M

MemTotal:        4016004 kB
MemFree:         3235872 kB
Active:           423352 kB
Mem:          3.8G       762M       3.1G       5.7M        54M       317M

MemTotal:        4016004 kB
MemFree:         3235872 kB
Active:           423352 kB
Mem:          3.8G       761M       3.1G       5.7M        54M       317M

MemTotal:        4016004 kB
MemFree:         3235872 kB
Active:           423352 kB
Mem:          3.8G       762M       3.1G       5.7M        54M       317M

MemTotal:        4016004 kB
MemFree:         3235748 kB
Active:           423360 kB
Mem:          3.8G       762M       3.1G       5.7M        54M       317M

MemTotal:        4016004 kB
MemFree:         3235996 kB
Active:           423360 kB
Mem:          3.8G       761M       3.1G       5.7M        54M       317M

MemTotal:        4016004 kB
MemFree:         3235624 kB
Active:           423336 kB
Mem:          3.8G       762M       3.1G       5.7M        54M       317M

MemTotal:        4016004 kB
MemFree:         3235624 kB
Active:           423352 kB
Mem:          3.8G       762M       3.1G       5.7M        54M       317M

MemTotal:        4016004 kB
MemFree:         3235748 kB
Active:           423352 kB
Mem:          3.8G       761M       3.1G       5.7M        54M       317M

MemTotal:        4016004 kB
MemFree:         3235220 kB
Active:           423384 kB
Mem:          3.8G       762M       3.1G       5.7M        54M       317M

MemTotal:        4016004 kB
MemFree:         3234972 kB
Active:           423384 kB
Mem:          3.8G       762M       3.1G       5.7M        54M       317M

MemTotal:        4016004 kB
MemFree:         3235344 kB
Active:           423360 kB
Mem:          3.8G       762M       3.1G       5.7M        54M       317M

MemTotal:        4016004 kB
MemFree:         3234848 kB
Active:           423384 kB
Mem:          3.8G       762M       3.1G       5.7M        54M       317M

MemTotal:        4016004 kB
MemFree:         3235096 kB
Active:           423384 kB
Mem:          3.8G       762M       3.1G       5.7M        54M       317M

MemTotal:        4016004 kB
MemFree:         3235204 kB
Active:           423380 kB
Mem:          3.8G       762M       3.1G       5.7M        54M       317M

MemTotal:        4016004 kB
MemFree:         3235188 kB
Active:           423332 kB
Mem:          3.8G       762M       3.1G       5.7M        54M       317M

MemTotal:        4016004 kB
MemFree:         3234980 kB
Active:           421432 kB
Mem:          3.8G       762M       3.1G       5.7M        54M       317M

MemTotal:        4016004 kB
MemFree:         3235232 kB
Active:           423348 kB
Mem:          3.8G       762M       3.1G       5.7M        54M       317M

MemTotal:        4016004 kB
MemFree:         3235232 kB
Active:           423344 kB
Mem:          3.8G       762M       3.1G       5.7M        54M       317M

MemTotal:        4016004 kB
MemFree:         3235480 kB
Active:           423344 kB
Mem:          3.8G       762M       3.1G       5.7M        54M       317M

MemTotal:        4016004 kB
MemFree:         3235356 kB
Active:           423400 kB
Mem:          3.8G       762M       3.1G       5.7M        54M       317M

MemTotal:        4016004 kB
MemFree:         3235480 kB
Active:           423352 kB
Mem:          3.8G       762M       3.1G       5.7M        54M       317M

MemTotal:        4016004 kB
MemFree:         3235976 kB
Active:           423352 kB
Mem:          3.8G       761M       3.1G       5.7M        54M       317M

MemTotal:        4016004 kB
MemFree:         3234844 kB
Active:           423408 kB
Mem:          3.8G       762M       3.1G       5.7M        54M       317M

MemTotal:        4016004 kB
MemFree:         3235340 kB
Active:           423352 kB
Mem:          3.8G       762M       3.1G       5.7M        54M       317M

MemTotal:        4016004 kB
MemFree:         3235464 kB
Active:           423352 kB
Mem:          3.8G       762M       3.1G       5.7M        54M       317M

MemTotal:        4016004 kB
MemFree:         3235200 kB
Active:           423408 kB
Mem:          3.8G       762M       3.1G       5.7M        54M       317M

MemTotal:        4016004 kB
MemFree:         3235076 kB
Active:           423408 kB
Mem:          3.8G       762M       3.1G       5.7M        54M       317M

MemTotal:        4016004 kB
MemFree:         3235076 kB
Active:           423416 kB
Mem:          3.8G       762M       3.1G       5.7M        54M       317M

MemTotal:        4016004 kB
MemFree:         3235308 kB
Active:           423404 kB
Mem:          3.8G       762M       3.1G       5.7M        54M       317M

MemTotal:        4016004 kB
MemFree:         3235416 kB
Active:           423412 kB
Mem:          3.8G       762M       3.1G       5.7M        54M       317M

MemTotal:        4016004 kB
MemFree:         3235416 kB
Active:           423404 kB
Mem:          3.8G       762M       3.1G       5.7M        54M       317M

MemTotal:        4016004 kB
MemFree:         3235540 kB
Active:           423384 kB
Mem:          3.8G       762M       3.1G       5.7M        54M       317M

MemTotal:        4016004 kB
MemFree:         3235664 kB
Active:           423436 kB
Mem:          3.8G       762M       3.1G       5.7M        54M       317M

MemTotal:        4016004 kB
MemFree:         3235524 kB
Active:           423384 kB
Mem:          3.8G       762M       3.1G       5.7M        54M       317M

MemTotal:        4016004 kB
MemFree:         3235508 kB
Active:           423392 kB
Mem:          3.8G       762M       3.1G       5.7M        54M       317M

MemTotal:        4016004 kB
MemFree:         3235564 kB
Active:           421560 kB
Mem:          3.8G       762M       3.1G       5.7M        54M       317M

MemTotal:        4016004 kB
MemFree:         3235428 kB
Active:           421364 kB
Mem:          3.8G       762M       3.1G       5.7M        54M       317M

MemTotal:        4016004 kB
MemFree:         3235040 kB
Active:           423460 kB
Mem:          3.8G       762M       3.1G       5.7M        54M       317M

MemTotal:        4016004 kB
MemFree:         3235520 kB
Active:           423428 kB
Mem:          3.8G       762M       3.1G       5.7M        54M       317M

MemTotal:        4016004 kB
MemFree:         3234964 kB
Active:           423608 kB
Mem:          3.8G       762M       3.1G       5.7M        54M       317M

MemTotal:        4016004 kB
MemFree:         3127044 kB
Active:           424100 kB
Mem:          3.8G       868M       3.0G       5.7M        55M       421M

MemTotal:        4016004 kB
MemFree:         3013064 kB
Active:           424108 kB
Mem:          3.8G       979M       2.9G       5.7M        55M       531M

MemTotal:        4016004 kB
MemFree:         2886684 kB
Active:           424112 kB
Mem:          3.8G       1.1G       2.8G       5.7M        55M       653M

MemTotal:        4016004 kB
MemFree:         2878124 kB
Active:           424112 kB
Mem:          3.8G       1.1G       2.7G       5.7M        55M       661M

MemTotal:        4016004 kB
MemFree:         2824928 kB
Active:           424060 kB
Mem:          3.8G       1.1G       2.7G       5.7M        55M       713M

MemTotal:        4016004 kB
MemFree:         2779056 kB
Active:           424160 kB
Mem:          3.8G       1.2G       2.6G       5.7M        55M       755M

MemTotal:        4016004 kB
MemFree:         2752380 kB
Active:           424112 kB
Mem:          3.8G       1.2G       2.6G       5.7M        55M       782M

MemTotal:        4016004 kB
MemFree:         2680828 kB
Active:           424136 kB
Mem:          3.8G       1.3G       2.6G       5.7M        55M       850M

MemTotal:        4016004 kB
MemFree:         2675380 kB
Active:           424156 kB
Mem:          3.8G       1.3G       2.6G       5.7M        55M       855M

MemTotal:        4016004 kB
MemFree:         2673996 kB
Active:           424152 kB
Mem:          3.8G       1.3G       2.5G       5.7M        55M       856M

MemTotal:        4016004 kB
MemFree:         2673408 kB
Active:           424192 kB
Mem:          3.8G       1.3G       2.5G       5.7M        55M       857M

MemTotal:        4016004 kB
MemFree:         2673348 kB
Active:           424176 kB
Mem:          3.8G       1.3G       2.5G       5.7M        55M       857M

MemTotal:        4016004 kB
MemFree:         2583064 kB
Active:           424204 kB
Mem:          3.8G       1.4G       2.5G       5.7M        55M       944M

MemTotal:        4016004 kB
MemFree:         2447600 kB
Active:           424208 kB
Mem:          3.8G       1.5G       2.3G       5.7M        55M       1.0G

MemTotal:        4016004 kB
MemFree:         2320116 kB
Active:           424208 kB
Mem:          3.8G       1.6G       2.2G       5.7M        55M       1.2G

MemTotal:        4016004 kB
MemFree:         2319588 kB
Active:           424176 kB
Mem:          3.8G       1.6G       2.2G       5.7M        55M       1.2G

MemTotal:        4016004 kB
MemFree:         2248628 kB
Active:           424208 kB
Mem:          3.8G       1.7G       2.1G       5.7M        55M       1.2G

MemTotal:        4016004 kB
MemFree:         2221700 kB
Active:           424216 kB
Mem:          3.8G       1.7G       2.1G       5.7M        55M       1.3G

MemTotal:        4016004 kB
MemFree:         2126936 kB
Active:           424228 kB
Mem:          3.8G       1.8G       2.0G       5.7M        55M       1.4G

MemTotal:        4016004 kB
MemFree:         2119576 kB
Active:           424228 kB
Mem:          3.8G       1.8G       2.0G       5.7M        55M       1.4G

MemTotal:        4016004 kB
MemFree:         2082912 kB
Active:           424220 kB
Mem:          3.8G       1.8G       2.0G       5.7M        55M       1.4G

MemTotal:        4016004 kB
MemFree:         2029328 kB
Active:           424240 kB
Mem:          3.8G       1.9G       1.9G       5.7M        55M       1.4G

MemTotal:        4016004 kB
MemFree:         2027472 kB
Active:           424236 kB
Mem:          3.8G       1.9G       1.9G       5.7M        55M       1.4G

MemTotal:        4016004 kB
MemFree:         2025276 kB
Active:           424264 kB
Mem:          3.8G       1.9G       1.9G       5.7M        55M       1.4G

MemTotal:        4016004 kB
MemFree:         2024508 kB
Active:           424260 kB
Mem:          3.8G       1.9G       1.9G       5.7M        55M       1.4G

MemTotal:        4016004 kB
MemFree:         1972852 kB
Active:           424228 kB
Mem:          3.8G       1.9G       1.9G       5.7M        55M       1.5G

MemTotal:        4016004 kB
MemFree:         1837264 kB
Active:           426296 kB
Mem:          3.8G       2.1G       1.8G       5.7M        55M       1.6G

MemTotal:        4016004 kB
MemFree:         1709380 kB
Active:           426300 kB
Mem:          3.8G       2.2G       1.6G       5.7M        55M       1.7G

MemTotal:        4016004 kB
MemFree:         1581000 kB
Active:           426300 kB
Mem:          3.8G       2.3G       1.5G       5.7M        55M       1.9G

MemTotal:        4016004 kB
MemFree:         1467532 kB
Active:           426300 kB
Mem:          3.8G       2.4G       1.4G       5.7M        55M       2.0G

MemTotal:        4016004 kB
MemFree:         1322504 kB
Active:           426300 kB
Mem:          3.8G       2.6G       1.3G       5.7M        55M       2.1G

MemTotal:        4016004 kB
MemFree:         1321392 kB
Active:           426316 kB
Mem:          3.8G       2.6G       1.3G       5.7M        55M       2.1G

MemTotal:        4016004 kB
MemFree:         1321020 kB
Active:           426324 kB
Mem:          3.8G       2.6G       1.3G       5.7M        55M       2.1G

MemTotal:        4016004 kB
MemFree:         1321084 kB
Active:           426284 kB
Mem:          3.8G       2.6G       1.3G       5.7M        55M       2.1G

MemTotal:        4016004 kB
MemFree:         1321368 kB
Active:           426328 kB
Mem:          3.8G       2.6G       1.3G       5.7M        55M       2.1G

MemTotal:        4016004 kB
MemFree:         1319304 kB
Active:           426336 kB
Mem:          3.8G       2.6G       1.3G       5.7M        55M       2.1G

MemTotal:        4016004 kB
MemFree:         1280824 kB
Active:           426312 kB
Mem:          3.8G       2.6G       1.2G       5.7M        55M       2.1G

MemTotal:        4016004 kB
MemFree:         1280228 kB
Active:           426332 kB
Mem:          3.8G       2.6G       1.2G       5.7M        55M       2.1G

MemTotal:        4016004 kB
MemFree:         1278196 kB
Active:           426328 kB
Mem:          3.8G       2.6G       1.2G       5.7M        55M       2.1G

MemTotal:        4016004 kB
MemFree:         1277668 kB
Active:           426344 kB
Mem:          3.8G       2.6G       1.2G       5.7M        55M       2.1G

MemTotal:        4016004 kB
MemFree:         1228580 kB
Active:           426364 kB
Mem:          3.8G       2.7G       1.2G       5.7M        55M       2.2G

MemTotal:        4016004 kB
MemFree:         1101936 kB
Active:           426364 kB
Mem:          3.8G       2.8G       1.1G       5.7M        55M       2.3G

MemTotal:        4016004 kB
MemFree:          990824 kB
Active:           426368 kB
Mem:          3.8G       2.9G       967M       5.7M        55M       2.4G

MemTotal:        4016004 kB
MemFree:          926476 kB
Active:           426376 kB
Mem:          3.8G       2.9G       904M       5.7M        55M       2.5G

MemTotal:        4016004 kB
MemFree:          892160 kB
Active:           426332 kB
Mem:          3.8G       3.0G       870M       5.7M        55M       2.5G

MemTotal:        4016004 kB
MemFree:          785900 kB
Active:           426380 kB
Mem:          3.8G       3.1G       766M       5.7M        55M       2.6G

MemTotal:        4016004 kB
MemFree:          649180 kB
Active:           426380 kB
Mem:          3.8G       3.2G       632M       5.7M        55M       2.7G

MemTotal:        4016004 kB
MemFree:          636600 kB
Active:           426400 kB
Mem:          3.8G       3.2G       621M       5.7M        55M       2.7G

MemTotal:        4016004 kB
MemFree:          635516 kB
Active:           426384 kB
Mem:          3.8G       3.2G       620M       5.7M        55M       2.7G

MemTotal:        4016004 kB
MemFree:          634008 kB
Active:           426404 kB
Mem:          3.8G       3.2G       618M       5.7M        55M       2.8G

MemTotal:        4016004 kB
MemFree:          594852 kB
Active:           426404 kB
Mem:          3.8G       3.3G       580M       5.7M        55M       2.8G

MemTotal:        4016004 kB
MemFree:          589980 kB
Active:           426404 kB
Mem:          3.8G       3.3G       576M       5.7M        55M       2.8G

MemTotal:        4016004 kB
MemFree:          589196 kB
Active:           426384 kB
Mem:          3.8G       3.3G       575M       5.7M        55M       2.8G

MemTotal:        4016004 kB
MemFree:          588152 kB
Active:           426428 kB
Mem:          3.8G       3.3G       573M       5.7M        55M       2.8G

MemTotal:        4016004 kB
MemFree:          585832 kB
Active:           426412 kB
Mem:          3.8G       3.3G       571M       5.7M        55M       2.8G

MemTotal:        4016004 kB
MemFree:          473396 kB
Active:           426432 kB
Mem:          3.8G       3.4G       462M       5.7M        55M       2.9G

MemTotal:        4016004 kB
MemFree:          344396 kB
Active:           426436 kB
Mem:          3.8G       3.5G       335M       5.7M        55M       3.0G

MemTotal:        4016004 kB
MemFree:          241340 kB
Active:           426436 kB
Mem:          3.8G       3.6G       235M       5.7M        55M       3.1G

MemTotal:        4016004 kB
MemFree:          197348 kB
Active:           426488 kB
Mem:          3.8G       3.6G       192M       5.7M        55M       3.2G

MemTotal:        4016004 kB
MemFree:          156704 kB
Active:           426488 kB
Mem:          3.8G       3.7G       152M       5.7M        55M       3.2G

MemTotal:        4016004 kB
MemFree:          120284 kB
Active:           422296 kB
Mem:          3.8G       3.7G       137M       5.7M        20M       3.2G

MemTotal:        4016004 kB
MemFree:          141392 kB
Active:           433336 kB
Mem:          3.8G       3.7G       137M       5.7M        20M       3.2G

MemTotal:        4016004 kB
MemFree:          131104 kB
Active:           446300 kB
Mem:          3.8G       3.7G       128M       5.7M        20M       3.3G

MemTotal:        4016004 kB
MemFree:          130072 kB
Active:           446512 kB
Mem:          3.8G       3.7G       126M       5.7M        20M       3.3G

MemTotal:        4016004 kB
MemFree:          128552 kB
Active:           444380 kB
Mem:          3.8G       3.7G       125M       5.7M        20M       3.3G

MemTotal:        4016004 kB
MemFree:          127748 kB
Active:           446316 kB
Mem:          3.8G       3.7G       124M       5.7M        20M       3.3G

MemTotal:        4016004 kB
MemFree:          116544 kB
Active:           484532 kB
Mem:          3.8G       3.7G       137M       5.7M        20M       3.2G

MemTotal:        4016004 kB
MemFree:          140704 kB
Active:           449012 kB
Mem:          3.8G       3.7G       137M       5.7M        20M       3.2G

MemTotal:        4016004 kB
MemFree:          131896 kB
Active:           445588 kB
Mem:          3.8G       3.7G       128M       5.7M        20M       3.3G

MemTotal:        4016004 kB
MemFree:          127704 kB
Active:           440724 kB
Mem:          3.8G       3.7G       124M       5.7M        20M       3.3G

MemTotal:        4016004 kB
MemFree:          142988 kB
Active:           436488 kB
Mem:          3.8G       3.7G       139M       5.7M        20M       3.2G

MemTotal:        4016004 kB
MemFree:          126264 kB
Active:           435856 kB
Mem:          3.8G       3.7G       122M       5.7M        20M       3.3G

MemTotal:        4016004 kB
MemFree:          133932 kB
Active:           434576 kB
Mem:          3.8G       3.7G       131M       5.7M        20M       3.3G

MemTotal:        4016004 kB
MemFree:          132468 kB
Active:           434588 kB
Mem:          3.8G       3.7G       129M       5.7M        20M       3.3G

MemTotal:        4016004 kB
MemFree:          130860 kB
Active:           434608 kB
Mem:          3.8G       3.7G       127M       5.7M        20M       3.3G

MemTotal:        4016004 kB
MemFree:          130164 kB
Active:           434588 kB
Mem:          3.8G       3.7G       126M       5.7M        20M       3.3G

MemTotal:        4016004 kB
MemFree:          121764 kB
Active:           433588 kB
Mem:          3.8G       3.7G       118M       5.7M        20M       3.3G

MemTotal:        4016004 kB
MemFree:          120196 kB
Active:           426832 kB
Mem:          3.8G       3.7G       117M       5.7M        20M       3.3G

MemTotal:        4016004 kB
MemFree:          109588 kB
Active:           423504 kB
Mem:          3.8G       3.7G       107M       5.7M        20M       3.3G

MemTotal:        4016004 kB
MemFree:          125988 kB
Active:           420564 kB
Mem:          3.8G       3.7G       122M       5.7M        20M       3.3G

MemTotal:        4016004 kB
MemFree:          129336 kB
Active:           418776 kB
Mem:          3.8G       3.7G       125M       5.7M        20M       3.3G

MemTotal:        4016004 kB
MemFree:          127808 kB
Active:           417368 kB
Mem:          3.8G       3.7G       124M       5.7M        20M       3.3G

MemTotal:        4016004 kB
MemFree:          136160 kB
Active:           413192 kB
Mem:          3.8G       3.7G       133M       5.7M        20M       3.2G

MemTotal:        4016004 kB
MemFree:          117328 kB
Active:           414064 kB
Mem:          3.8G       3.7G       123M       5.7M        20M       3.3G

MemTotal:        4016004 kB
MemFree:          141884 kB
Active:           410176 kB
Mem:          3.8G       3.7G       138M       5.7M        20M       3.2G

MemTotal:        4016004 kB
MemFree:          141076 kB
Active:           410120 kB
Mem:          3.8G       3.7G       137M       5.7M        20M       3.2G

MemTotal:        4016004 kB
MemFree:          139932 kB
Active:           410164 kB
Mem:          3.8G       3.7G       136M       5.7M        20M       3.2G

MemTotal:        4016004 kB
MemFree:          138960 kB
Active:           410176 kB
Mem:          3.8G       3.7G       135M       5.7M        20M       3.2G

MemTotal:        4016004 kB
MemFree:          137484 kB
Active:           410160 kB
Mem:          3.8G       3.7G       133M       5.7M        20M       3.2G

MemTotal:        4016004 kB
MemFree:          138152 kB
Active:           405232 kB
Mem:          3.8G       3.7G       134M       5.7M        20M       3.2G

MemTotal:        4016004 kB
MemFree:          134928 kB
Active:           401268 kB
Mem:          3.8G       3.7G       131M       5.7M        20M       3.3G

MemTotal:        4016004 kB
MemFree:          134864 kB
Active:           395400 kB
Mem:          3.8G       3.7G       131M       5.7M        20M       3.3G

MemTotal:        4016004 kB
MemFree:          129944 kB
Active:           395276 kB
Mem:          3.8G       3.7G       127M       5.7M        20M       3.3G

MemTotal:        4016004 kB
MemFree:          138048 kB
Active:           392992 kB
Mem:          3.8G       3.7G       134M       5.7M        20M       3.2G

MemTotal:        4016004 kB
MemFree:          147544 kB
Active:           390944 kB
Mem:          3.8G       3.7G       144M       5.7M        20M       3.2G

MemTotal:        4016004 kB
MemFree:          118100 kB
Active:           389796 kB
Mem:          3.8G       3.7G       115M       5.7M        20M       3.3G

MemTotal:        4016004 kB
MemFree:          141564 kB
Active:           389040 kB
Mem:          3.8G       3.7G       137M       5.7M        20M       3.2G

MemTotal:        4016004 kB
MemFree:          140912 kB
Active:           389020 kB
Mem:          3.8G       3.7G       137M       5.7M        20M       3.2G

MemTotal:        4016004 kB
MemFree:          139552 kB
Active:           389016 kB
Mem:          3.8G       3.7G       136M       5.7M        20M       3.2G

MemTotal:        4016004 kB
MemFree:          138396 kB
Active:           389020 kB
Mem:          3.8G       3.7G       134M       5.7M        20M       3.2G

MemTotal:        4016004 kB
MemFree:          127860 kB
Active:           388488 kB
Mem:          3.8G       3.7G       124M       5.7M        20M       3.3G

MemTotal:        4016004 kB
MemFree:          128208 kB
Active:           383932 kB
Mem:          3.8G       3.7G       124M       5.7M        20M       3.3G

MemTotal:        4016004 kB
MemFree:          128676 kB
Active:           379804 kB
Mem:          3.8G       3.7G       125M       5.7M        20M       3.3G

MemTotal:        4016004 kB
MemFree:          133892 kB
Active:           376396 kB
Mem:          3.8G       3.7G       130M       5.7M        20M       3.3G

MemTotal:        4016004 kB
MemFree:          122412 kB
Active:           375892 kB
Mem:          3.8G       3.7G       118M       5.7M        20M       3.3G

MemTotal:        4016004 kB
MemFree:          143644 kB
Active:           373976 kB
Mem:          3.8G       3.7G       139M       5.7M        20M       3.2G

MemTotal:        4016004 kB
MemFree:          116028 kB
Active:           373468 kB
Mem:          3.8G       3.7G       112M       5.7M        20M       3.3G

MemTotal:        4016004 kB
MemFree:          132468 kB
Active:           371556 kB
Mem:          3.8G       3.7G       129M       5.7M        20M       3.3G

MemTotal:        4016004 kB
MemFree:          128712 kB
Active:           370540 kB
Mem:          3.8G       3.7G       125M       5.7M        20M       3.3G

MemTotal:        4016004 kB
MemFree:          128500 kB
Active:           370512 kB
Mem:          3.8G       3.7G       124M       5.7M        20M       3.3G

MemTotal:        4016004 kB
MemFree:          127052 kB
Active:           370520 kB
Mem:          3.8G       3.7G       123M       5.7M        20M       3.3G

MemTotal:        4016004 kB
MemFree:          124608 kB
Active:           370552 kB
Mem:          3.8G       3.7G       121M       5.7M        20M       3.3G

MemTotal:        4016004 kB
MemFree:          116604 kB
Active:           370012 kB
Mem:          3.8G       3.7G       113M       5.7M        20M       3.3G

MemTotal:        4016004 kB
MemFree:          123856 kB
Active:           364920 kB
Mem:          3.8G       3.7G       120M       5.7M        20M       3.3G

MemTotal:        4016004 kB
MemFree:          135088 kB
Active:           364920 kB
Mem:          3.8G       3.7G       131M       5.7M        20M       3.3G

MemTotal:        4016004 kB
MemFree:          135304 kB
Active:           364920 kB
Mem:          3.8G       3.7G       131M       5.7M        20M       3.3G

MemTotal:        4016004 kB
MemFree:          114588 kB
Active:           364924 kB
Mem:          3.8G       3.7G       118M       5.7M        20M       3.3G

MemTotal:        4016004 kB
MemFree:          138084 kB
Active:           364924 kB
Mem:          3.8G       3.7G       134M       5.7M        20M       3.2G

MemTotal:        4016004 kB
MemFree:          137012 kB
Active:           364956 kB
Mem:          3.8G       3.7G       133M       5.7M        20M       3.3G

MemTotal:        4016004 kB
MemFree:          136108 kB
Active:           364968 kB
Mem:          3.8G       3.7G       133M       5.7M        20M       3.2G

MemTotal:        4016004 kB
MemFree:          130204 kB
Active:           362372 kB
Mem:          3.8G       3.7G       126M       5.7M        20M       3.3G

MemTotal:        4016004 kB
MemFree:          129132 kB
Active:           362360 kB
Mem:          3.8G       3.7G       126M       5.7M        20M       3.3G

MemTotal:        4016004 kB
MemFree:          128196 kB
Active:           362192 kB
Mem:          3.8G       3.7G       125M       5.7M        20M       3.3G

MemTotal:        4016004 kB
MemFree:          127808 kB
Active:           364052 kB
Mem:          3.8G       3.7G       124M       5.7M        20M       3.3G

MemTotal:        4016004 kB
MemFree:          126852 kB
Active:           364096 kB
Mem:          3.8G       3.7G       123M       5.7M        20M       3.3G

MemTotal:        4016004 kB
MemFree:          128568 kB
Active:           363588 kB
Mem:          3.8G       3.7G       124M       5.7M        20M       3.3G

MemTotal:        4016004 kB
MemFree:          121576 kB
Active:           363460 kB
Mem:          3.8G       3.7G       118M       5.7M        20M       3.3G

MemTotal:        4016004 kB
MemFree:          108624 kB
Active:           363456 kB
Mem:          3.8G       3.7G       105M       5.7M        20M       3.3G

MemTotal:        4016004 kB
MemFree:          126344 kB
Active:           363456 kB
Mem:          3.8G       3.7G       123M       5.7M        20M       3.3G

MemTotal:        4016004 kB
MemFree:          133316 kB
Active:           363464 kB
Mem:          3.8G       3.7G       129M       5.7M        20M       3.3G

MemTotal:        4016004 kB
MemFree:          118404 kB
Active:           363464 kB
Mem:          3.8G       3.7G       115M       5.7M        20M       3.3G

MemTotal:        4016004 kB
MemFree:          140008 kB
Active:           363480 kB
Mem:          3.8G       3.7G       136M       5.7M        20M       3.2G

MemTotal:        4016004 kB
MemFree:          137520 kB
Active:           361504 kB
Mem:          3.8G       3.7G       134M       5.7M        20M       3.2G

MemTotal:        4016004 kB
MemFree:          137244 kB
Active:           363508 kB
Mem:          3.8G       3.7G       133M       5.7M        20M       3.2G

MemTotal:        4016004 kB
MemFree:          136388 kB
Active:           363472 kB
Mem:          3.8G       3.7G       132M       5.7M        20M       3.2G

MemTotal:        4016004 kB
MemFree:          134560 kB
Active:           363524 kB
Mem:          3.8G       3.7G       131M       5.7M        20M       3.3G

MemTotal:        4016004 kB
MemFree:          126920 kB
Active:           361984 kB
Mem:          3.8G       3.7G       122M       5.7M        20M       3.3G

MemTotal:        4016004 kB
MemFree:          137788 kB
Active:           361984 kB
Mem:          3.8G       3.7G       134M       5.7M        20M       3.2G

MemTotal:        4016004 kB
MemFree:          140740 kB
Active:           361316 kB
Mem:          3.8G       3.7G       137M       5.7M        20M       3.2G

MemTotal:        4016004 kB
MemFree:          126504 kB
Active:           361152 kB
Mem:          3.8G       3.7G       123M       5.7M        20M       3.3G

MemTotal:        4016004 kB
MemFree:          108776 kB
Active:           361212 kB
Mem:          3.8G       3.7G       106M       5.7M        20M       3.3G

MemTotal:        4016004 kB
MemFree:          137924 kB
Active:           361208 kB
Mem:          3.8G       3.7G       134M       5.7M        20M       3.2G

MemTotal:        4016004 kB
MemFree:          149652 kB
Active:           361212 kB
Mem:          3.8G       3.7G       146M       5.7M        20M       3.2G

MemTotal:        4016004 kB
MemFree:          121008 kB
Active:           361224 kB
Mem:          3.8G       3.7G       117M       5.7M        20M       3.3G

MemTotal:        4016004 kB
MemFree:          119968 kB
Active:           361240 kB
Mem:          3.8G       3.7G       116M       5.7M        20M       3.3G

MemTotal:        4016004 kB
MemFree:          117800 kB
Active:           361204 kB
Mem:          3.8G       3.7G       114M       5.7M        20M       3.3G

MemTotal:        4016004 kB
MemFree:          116532 kB
Active:           361212 kB
Mem:          3.8G       3.7G       113M       5.7M        20M       3.3G

MemTotal:        4016004 kB
MemFree:          127740 kB
Active:           361252 kB
Mem:          3.8G       3.7G       124M       5.7M        20M       3.3G

MemTotal:        4016004 kB
MemFree:          140908 kB
Active:           358788 kB
Mem:          3.8G       3.7G       137M       5.7M        20M       3.2G

MemTotal:        4016004 kB
MemFree:          126808 kB
Active:           358688 kB
Mem:          3.8G       3.7G       123M       5.7M        20M       3.3G

MemTotal:        4016004 kB
MemFree:          116624 kB
Active:           358696 kB
Mem:          3.8G       3.7G       113M       5.7M        20M       3.3G

MemTotal:        4016004 kB
MemFree:          145012 kB
Active:           358696 kB
Mem:          3.8G       3.7G       141M       5.7M        20M       3.2G

MemTotal:        4016004 kB
MemFree:          136656 kB
Active:           358696 kB
Mem:          3.8G       3.7G       133M       5.7M        20M       3.2G

MemTotal:        4016004 kB
MemFree:          128964 kB
Active:           358692 kB
Mem:          3.8G       3.7G       125M       5.7M        20M       3.3G

MemTotal:        4016004 kB
MemFree:          129440 kB
Active:           358536 kB
Mem:          3.8G       3.7G       125M       5.7M        20M       3.3G

MemTotal:        4016004 kB
MemFree:          132184 kB
Active:           358556 kB
Mem:          3.8G       3.7G       128M       5.7M        20M       3.3G

MemTotal:        4016004 kB
MemFree:          106172 kB
Active:           358564 kB
Mem:          3.8G       3.7G       103M       5.7M        20M       3.3G

MemTotal:        4016004 kB
MemFree:          104740 kB
Active:           358576 kB
Mem:          3.8G       3.7G       119M       5.7M        20M       3.3G

MemTotal:        4016004 kB
MemFree:          126636 kB
Active:           358580 kB
Mem:          3.8G       3.7G       123M       5.7M        20M       3.3G

MemTotal:        4016004 kB
MemFree:          126144 kB
Active:           358552 kB
Mem:          3.8G       3.7G       122M       5.7M        20M       3.3G

MemTotal:        4016004 kB
MemFree:          119972 kB
Active:           358572 kB
Mem:          3.8G       3.7G       117M       5.7M        20M       3.3G

MemTotal:        4016004 kB
MemFree:          111204 kB
Active:           358592 kB
Mem:          3.8G       3.7G       108M       5.7M        20M       3.3G

MemTotal:        4016004 kB
MemFree:          145324 kB
Active:           356192 kB
Mem:          3.8G       3.7G       141M       5.7M        20M       3.2G

MemTotal:        4016004 kB
MemFree:          134360 kB
Active:           355992 kB
Mem:          3.8G       3.7G       137M       5.7M        20M       3.2G

MemTotal:        4016004 kB
MemFree:          136964 kB
Active:           355992 kB
Mem:          3.8G       3.7G       133M       5.7M        20M       3.2G

MemTotal:        4016004 kB
MemFree:          127608 kB
Active:           355992 kB
Mem:          3.8G       3.7G       123M       5.7M        20M       3.3G

MemTotal:        4016004 kB
MemFree:          125172 kB
Active:           356012 kB
Mem:          3.8G       3.7G       121M       5.7M        20M       3.3G

MemTotal:        4016004 kB
MemFree:          139888 kB
Active:           356012 kB
Mem:          3.8G       3.7G       136M       5.7M        20M       3.2G

MemTotal:        4016004 kB
MemFree:          137920 kB
Active:           356024 kB
Mem:          3.8G       3.7G       134M       5.7M        20M       3.2G

MemTotal:        4016004 kB
MemFree:          136196 kB
Active:           356024 kB
Mem:          3.8G       3.7G       133M       5.7M        20M       3.2G

MemTotal:        4016004 kB
MemFree:          135316 kB
Active:           356020 kB
Mem:          3.8G       3.7G       131M       5.7M        20M       3.2G

MemTotal:        4016004 kB
MemFree:          134296 kB
Active:           355972 kB
Mem:          3.8G       3.7G       130M       5.7M        20M       3.2G

MemTotal:        4016004 kB
MemFree:          133572 kB
Active:           352472 kB
Mem:          3.8G       3.7G       130M       5.7M        20M       3.2G

MemTotal:        4016004 kB
MemFree:          127728 kB
Active:           352388 kB
Mem:          3.8G       3.7G       124M       5.7M        20M       3.3G

MemTotal:        4016004 kB
MemFree:          136092 kB
Active:           352388 kB
Mem:          3.8G       3.7G       132M       5.7M        20M       3.2G

MemTotal:        4016004 kB
MemFree:          109316 kB
Active:           352388 kB
Mem:          3.8G       3.7G       106M       5.7M        20M       3.3G

MemTotal:        4016004 kB
MemFree:          137984 kB
Active:           352388 kB
Mem:          3.8G       3.7G       134M       5.7M        20M       3.2G

MemTotal:        4016004 kB
MemFree:          149440 kB
Active:           349204 kB
Mem:          3.8G       3.7G       145M       5.7M        20M       3.2G

MemTotal:        4016004 kB
MemFree:          138660 kB
Active:           348944 kB
Mem:          3.8G       3.7G       135M       5.7M        20M       3.2G

MemTotal:        4016004 kB
MemFree:          121180 kB
Active:           348992 kB
Mem:          3.8G       3.7G       117M       5.7M        20M       3.3G

MemTotal:        4016004 kB
MemFree:          119772 kB
Active:           348964 kB
Mem:          3.8G       3.7G       116M       5.7M        20M       3.3G

MemTotal:        4016004 kB
MemFree:          119372 kB
Active:           348992 kB
Mem:          3.8G       3.7G       116M       5.7M        20M       3.3G

MemTotal:        4016004 kB
MemFree:          115716 kB
Active:           349004 kB
Mem:          3.8G       3.7G       112M       5.7M        20M       3.3G

MemTotal:        4016004 kB
MemFree:          115540 kB
Active:           351036 kB
Mem:          3.8G       3.7G       112M       5.7M        20M       3.3G

MemTotal:        4016004 kB
MemFree:          128088 kB
Active:           351040 kB
Mem:          3.8G       3.7G       125M       5.7M        20M       3.2G

MemTotal:        4016004 kB
MemFree:          130780 kB
Active:           351040 kB
Mem:          3.8G       3.7G       127M       5.7M        20M       3.2G

MemTotal:        4016004 kB
MemFree:          136156 kB
Active:           349860 kB
Mem:          3.8G       3.7G       132M       5.7M        20M       3.2G

MemTotal:        4016004 kB
MemFree:          136272 kB
Active:           349756 kB
Mem:          3.8G       3.7G       133M       5.7M        20M       3.2G

MemTotal:        4016004 kB
MemFree:          137828 kB
Active:           349820 kB
Mem:          3.8G       3.7G       133M       5.7M        20M       3.2G

MemTotal:        4016004 kB
MemFree:          145348 kB
Active:           349824 kB
Mem:          3.8G       3.7G       142M       5.7M        20M       3.2G

MemTotal:        4016004 kB
MemFree:          118492 kB
Active:           349824 kB
Mem:          3.8G       3.7G       115M       5.7M        20M       3.3G

MemTotal:        4016004 kB
MemFree:          118524 kB
Active:           349800 kB
Mem:          3.8G       3.7G       115M       5.7M        20M       3.3G

MemTotal:        4016004 kB
MemFree:          116072 kB
Active:           351520 kB
Mem:          3.8G       3.7G       112M       5.7M        20M       3.3G

MemTotal:        4016004 kB
MemFree:          116004 kB
Active:           351508 kB
Mem:          3.8G       3.7G       112M       5.7M        20M       3.3G

MemTotal:        4016004 kB
MemFree:          116072 kB
Active:           351480 kB
Mem:          3.8G       3.7G       113M       5.7M        20M       3.3G

MemTotal:        4016004 kB
MemFree:          130696 kB
Active:           350904 kB
Mem:          3.8G       3.7G       126M       5.7M        20M       3.2G

MemTotal:        4016004 kB
MemFree:          125596 kB
Active:           350776 kB
Mem:          3.8G       3.7G       122M       5.7M        20M       3.3G

MemTotal:        4016004 kB
MemFree:          122480 kB
Active:           348232 kB
Mem:          3.8G       3.7G       119M       5.7M        20M       3.3G

MemTotal:        4016004 kB
MemFree:          128076 kB
Active:           348036 kB
Mem:          3.8G       3.7G       124M       5.7M        20M       3.2G

MemTotal:        4016004 kB
MemFree:          119636 kB
Active:           348044 kB
Mem:          3.8G       3.7G       116M       5.7M        20M       3.3G

MemTotal:        4016004 kB
MemFree:          127832 kB
Active:           348040 kB
Mem:          3.8G       3.7G       124M       5.7M        20M       3.2G

MemTotal:        4016004 kB
MemFree:          110596 kB
Active:           348056 kB
Mem:          3.8G       3.7G       107M       5.7M        20M       3.3G

MemTotal:        4016004 kB
MemFree:          126880 kB
Active:           346040 kB
Mem:          3.8G       3.7G       123M       5.7M        20M       3.2G

MemTotal:        4016004 kB
MemFree:          127972 kB
Active:           347948 kB
Mem:          3.8G       3.7G       124M       5.7M        20M       3.2G

MemTotal:        4016004 kB
MemFree:          127292 kB
Active:           347960 kB
Mem:          3.8G       3.7G       124M       5.7M        20M       3.2G

MemTotal:        4016004 kB
MemFree:          127572 kB
Active:           347928 kB
Mem:          3.8G       3.7G       124M       5.7M        20M       3.2G

MemTotal:        4016004 kB
MemFree:          127336 kB
Active:           347916 kB
Mem:          3.8G       3.7G       124M       5.7M        20M       3.2G

MemTotal:        4016004 kB
MemFree:          127292 kB
Active:           347920 kB
Mem:          3.8G       3.7G       123M       5.7M        20M       3.2G

MemTotal:        4016004 kB
MemFree:          123208 kB
Active:           347968 kB
Mem:          3.8G       3.7G       119M       5.7M        20M       3.3G

MemTotal:        4016004 kB
MemFree:          132520 kB
Active:           344288 kB
Mem:          3.8G       3.7G       128M       5.7M        20M       3.2G

MemTotal:        4016004 kB
MemFree:          142720 kB
Active:           344116 kB
Mem:          3.8G       3.7G       138M       5.7M        20M       3.2G

MemTotal:        4016004 kB
MemFree:          135564 kB
Active:           344104 kB
Mem:          3.8G       3.7G       131M       5.7M        20M       3.2G

MemTotal:        4016004 kB
MemFree:          112280 kB
Active:           344188 kB
Mem:          3.8G       3.7G       109M       5.7M        20M       3.3G

MemTotal:        4016004 kB
MemFree:          124864 kB
Active:           344144 kB
Mem:          3.8G       3.7G       121M       5.7M        20M       3.3G

MemTotal:        4016004 kB
MemFree:          142096 kB
Active:           344144 kB
Mem:          3.8G       3.7G       138M       5.7M        20M       3.2G

MemTotal:        4016004 kB
MemFree:          115292 kB
Active:           344148 kB
Mem:          3.8G       3.7G       112M       5.7M        20M       3.3G

MemTotal:        4016004 kB
MemFree:          114084 kB
Active:           344104 kB
Mem:          3.8G       3.7G       111M       5.7M        20M       3.3G

MemTotal:        4016004 kB
MemFree:          112652 kB
Active:           344120 kB
Mem:          3.8G       3.7G       109M       5.7M        20M       3.3G

MemTotal:        4016004 kB
MemFree:          111476 kB
Active:           344164 kB
Mem:          3.8G       3.7G       108M       5.7M        20M       3.3G

MemTotal:        4016004 kB
MemFree:          111312 kB
Active:           344164 kB
Mem:          3.8G       3.7G       108M       5.7M        20M       3.3G

MemTotal:        4016004 kB
MemFree:          123252 kB
Active:           344124 kB
Mem:          3.8G       3.7G       119M       5.7M        20M       3.3G

MemTotal:        4016004 kB
MemFree:          117880 kB
Active:           344176 kB
Mem:          3.8G       3.7G       114M       5.7M        20M       3.3G

MemTotal:        4016004 kB
MemFree:          121976 kB
Active:           343400 kB
Mem:          3.8G       3.7G       118M       5.7M        20M       3.3G

MemTotal:        4016004 kB
MemFree:          126620 kB
Active:           343176 kB
Mem:          3.8G       3.7G       123M       5.7M        20M       3.2G

MemTotal:        4016004 kB
MemFree:          134696 kB
Active:           343184 kB
Mem:          3.8G       3.7G       131M       5.7M        20M       3.2G

MemTotal:        4016004 kB
MemFree:          134712 kB
Active:           343172 kB
Mem:          3.8G       3.7G       131M       5.7M        20M       3.2G

MemTotal:        4016004 kB
MemFree:          121268 kB
Active:           343164 kB
Mem:          3.8G       3.7G       117M       5.7M        20M       3.3G

MemTotal:        4016004 kB
MemFree:          107288 kB
Active:           343196 kB
Mem:          3.8G       3.7G       104M       5.7M        20M       3.3G

MemTotal:        4016004 kB
MemFree:          105428 kB
Active:           343208 kB
Mem:          3.8G       3.7G       102M       5.7M        20M       3.3G

MemTotal:        4016004 kB
MemFree:          128616 kB
Active:           343208 kB
Mem:          3.8G       3.7G       125M       5.7M        20M       3.2G

MemTotal:        4016004 kB
MemFree:          128188 kB
Active:           343184 kB
Mem:          3.8G       3.7G       124M       5.7M        20M       3.2G

MemTotal:        4016004 kB
MemFree:          134448 kB
Active:           343200 kB
Mem:          3.8G       3.7G       131M       5.7M        20M       3.2G

MemTotal:        4016004 kB
MemFree:          115544 kB
Active:           343220 kB
Mem:          3.8G       3.7G       112M       5.7M        20M       3.3G

MemTotal:        4016004 kB
MemFree:          127128 kB
Active:           343220 kB
Mem:          3.8G       3.7G       123M       5.7M        20M       3.2G

MemTotal:        4016004 kB
MemFree:          125812 kB
Active:           342908 kB
Mem:          3.8G       3.7G       122M       5.7M        20M       3.2G

MemTotal:        4016004 kB
MemFree:          125936 kB
Active:           342892 kB
Mem:          3.8G       3.7G       123M       5.7M        20M       3.2G

MemTotal:        4016004 kB
MemFree:          125936 kB
Active:           342896 kB
Mem:          3.8G       3.7G       122M       5.7M        20M       3.2G

MemTotal:        4016004 kB
MemFree:          125936 kB
Active:           342864 kB
Mem:          3.8G       3.7G       122M       5.7M        20M       3.2G

MemTotal:        4016004 kB
MemFree:          125936 kB
Active:           342904 kB
Mem:          3.8G       3.7G       123M       5.7M        20M       3.2G

MemTotal:        4016004 kB
MemFree:          126060 kB
Active:           342860 kB
Mem:          3.8G       3.7G       123M       5.7M        20M       3.2G

MemTotal:        4016004 kB
MemFree:          125936 kB
Active:           342916 kB
Mem:          3.8G       3.7G       123M       5.7M        20M       3.2G

MemTotal:        4016004 kB
MemFree:          126060 kB
Active:           342908 kB
Mem:          3.8G       3.7G       122M       5.7M        20M       3.2G

MemTotal:        4016004 kB
MemFree:          126060 kB
Active:           342916 kB
Mem:          3.8G       3.7G       122M       5.7M        20M       3.2G

MemTotal:        4016004 kB
MemFree:          125812 kB
Active:           342916 kB
Mem:          3.8G       3.7G       123M       5.7M        20M       3.2G

MemTotal:        4016004 kB
MemFree:          125936 kB
Active:           342904 kB
Mem:          3.8G       3.7G       122M       5.7M        20M       3.2G

MemTotal:        4016004 kB
MemFree:          125936 kB
Active:           342884 kB
Mem:          3.8G       3.7G       122M       5.7M        20M       3.2G

MemTotal:        4016004 kB
MemFree:          126060 kB
Active:           342900 kB
Mem:          3.8G       3.7G       123M       5.7M        20M       3.2G

MemTotal:        4016004 kB
MemFree:          126232 kB
Active:           342716 kB
Mem:          3.8G       3.7G       123M       5.7M        20M       3.2G

MemTotal:        4016004 kB
MemFree:          126480 kB
Active:           342696 kB
Mem:          3.8G       3.7G       123M       5.7M        20M       3.2G

MemTotal:        4016004 kB
MemFree:          125364 kB
Active:           342672 kB
Mem:          3.8G       3.7G       122M       5.7M        20M       3.2G

MemTotal:        4016004 kB
MemFree:          124744 kB
Active:           342716 kB
Mem:          3.8G       3.7G       121M       5.7M        20M       3.2G

MemTotal:        4016004 kB
MemFree:          124868 kB
Active:           342692 kB
Mem:          3.8G       3.7G       121M       5.7M        20M       3.2G

MemTotal:        4016004 kB
MemFree:          123316 kB
Active:           342720 kB
Mem:          3.8G       3.7G       120M       5.7M        20M       3.2G

MemTotal:        4016004 kB
MemFree:          122944 kB
Active:           344752 kB
Mem:          3.8G       3.7G       120M       5.7M        20M       3.2G

MemTotal:        4016004 kB
MemFree:          123068 kB
Active:           344752 kB
Mem:          3.8G       3.7G       119M       5.7M        20M       3.2G

MemTotal:        4016004 kB
MemFree:          122572 kB
Active:           344764 kB
Mem:          3.8G       3.7G       119M       5.7M        20M       3.2G

MemTotal:        4016004 kB
MemFree:          122572 kB
Active:           344764 kB
Mem:          3.8G       3.7G       119M       5.7M        20M       3.2G

MemTotal:        4016004 kB
MemFree:          122944 kB
Active:           344732 kB
Mem:          3.8G       3.7G       119M       5.7M        20M       3.2G

MemTotal:        4016004 kB
MemFree:          122944 kB
Active:           344736 kB
Mem:          3.8G       3.7G       119M       5.7M        20M       3.2G

MemTotal:        4016004 kB
MemFree:          122944 kB
Active:           344772 kB
Mem:          3.8G       3.7G       120M       5.7M        20M       3.2G

MemTotal:        4016004 kB
MemFree:          123440 kB
Active:           344740 kB
Mem:          3.8G       3.7G       120M       5.7M        20M       3.2G

MemTotal:        4016004 kB
MemFree:          123440 kB
Active:           344724 kB
Mem:          3.8G       3.7G       120M       5.7M        20M       3.2G

MemTotal:        4016004 kB
MemFree:          121392 kB
Active:           344764 kB
Mem:          3.8G       3.7G       118M       5.7M        20M       3.2G

MemTotal:        4016004 kB
MemFree:          120884 kB
Active:           346804 kB
Mem:          3.8G       3.7G       117M       5.7M        20M       3.2G

MemTotal:        4016004 kB
MemFree:          120884 kB
Active:           346768 kB
Mem:          3.8G       3.7G       117M       5.7M        20M       3.2G

MemTotal:        4016004 kB
MemFree:          120608 kB
Active:           346820 kB
Mem:          3.8G       3.7G       118M       5.7M        20M       3.2G

MemTotal:        4016004 kB
MemFree:          121108 kB
Active:           346804 kB
Mem:          3.8G       3.7G       118M       5.7M        20M       3.2G

MemTotal:        4016004 kB
MemFree:          121332 kB
Active:           346768 kB
Mem:          3.8G       3.7G       118M       5.7M        20M       3.2G

MemTotal:        4016004 kB
MemFree:          121208 kB
Active:           346768 kB
Mem:          3.8G       3.7G       118M       5.7M        20M       3.2G

MemTotal:        4016004 kB
MemFree:          120960 kB
Active:           346812 kB
Mem:          3.8G       3.7G       118M       5.7M        20M       3.2G

MemTotal:        4016004 kB
MemFree:          120340 kB
Active:           346836 kB
Mem:          3.8G       3.7G       117M       5.7M        20M       3.2G

MemTotal:        4016004 kB
MemFree:          120720 kB
Active:           346824 kB
Mem:          3.8G       3.7G       117M       5.7M        20M       3.2G

MemTotal:        4016004 kB
MemFree:          120472 kB
Active:           346844 kB
Mem:          3.8G       3.7G       117M       5.7M        20M       3.2G

MemTotal:        4016004 kB
MemFree:          119976 kB
Active:           346844 kB
Mem:          3.8G       3.7G       117M       5.7M        20M       3.2G

MemTotal:        4016004 kB
MemFree:          120596 kB
Active:           346844 kB
Mem:          3.8G       3.7G       117M       5.7M        20M       3.2G

MemTotal:        4016004 kB
MemFree:          120224 kB
Active:           346848 kB
Mem:          3.8G       3.7G       117M       5.7M        20M       3.2G

MemTotal:        4016004 kB
MemFree:          120720 kB
Active:           346832 kB
Mem:          3.8G       3.7G       118M       5.7M        20M       3.2G

MemTotal:        4016004 kB
MemFree:          120968 kB
Active:           346836 kB
Mem:          3.8G       3.7G       118M       5.7M        20M       3.2G

MemTotal:        4016004 kB
MemFree:          120968 kB
Active:           346812 kB
Mem:          3.8G       3.7G       118M       5.7M        20M       3.2G

MemTotal:        4016004 kB
MemFree:          120472 kB
Active:           346852 kB
Mem:          3.8G       3.7G       117M       5.7M        20M       3.2G

MemTotal:        4016004 kB
MemFree:          120720 kB
Active:           346836 kB
Mem:          3.8G       3.7G       117M       5.7M        20M       3.2G

MemTotal:        4016004 kB
MemFree:          120720 kB
Active:           346824 kB
Mem:          3.8G       3.7G       117M       5.7M        20M       3.2G

MemTotal:        4016004 kB
MemFree:          118672 kB
Active:           346816 kB
Mem:          3.8G       3.7G       116M       5.7M        20M       3.2G

MemTotal:        4016004 kB
MemFree:          118424 kB
Active:           348884 kB
Mem:          3.8G       3.7G       115M       5.7M        20M       3.2G

MemTotal:        4016004 kB
MemFree:          118672 kB
Active:           348880 kB
Mem:          3.8G       3.7G       115M       5.7M        20M       3.2G

MemTotal:        4016004 kB
MemFree:          118672 kB
Active:           348872 kB
Mem:          3.8G       3.7G       115M       5.7M        20M       3.2G

MemTotal:        4016004 kB
MemFree:          118672 kB
Active:           348880 kB
Mem:          3.8G       3.7G       115M       5.7M        20M       3.2G

MemTotal:        4016004 kB
MemFree:          118672 kB
Active:           348888 kB
Mem:          3.8G       3.7G       115M       5.7M        20M       3.2G

MemTotal:        4016004 kB
MemFree:          118920 kB
Active:           348884 kB
Mem:          3.8G       3.7G       116M       5.7M        20M       3.2G

MemTotal:        4016004 kB
MemFree:          118920 kB
Active:           348848 kB
Mem:          3.8G       3.7G       115M       5.7M        20M       3.2G

MemTotal:        4016004 kB
MemFree:          118920 kB
Active:           348864 kB
Mem:          3.8G       3.7G       116M       5.7M        20M       3.2G

MemTotal:        4016004 kB
MemFree:          119292 kB
Active:           348888 kB
Mem:          3.8G       3.7G       116M       5.7M        20M       3.2G

MemTotal:        4016004 kB
MemFree:          117120 kB
Active:           348900 kB
Mem:          3.8G       3.7G       114M       5.7M        20M       3.2G

MemTotal:        4016004 kB
MemFree:          117368 kB
Active:           350912 kB
Mem:          3.8G       3.7G       114M       5.7M        20M       3.2G

MemTotal:        4016004 kB
MemFree:          117368 kB
Active:           350900 kB
Mem:          3.8G       3.7G       114M       5.7M        20M       3.2G

MemTotal:        4016004 kB
MemFree:          117244 kB
Active:           350892 kB
Mem:          3.8G       3.7G       114M       5.7M        20M       3.2G

MemTotal:        4016004 kB
MemFree:          117368 kB
Active:           350876 kB
Mem:          3.8G       3.7G       114M       5.7M        20M       3.2G

MemTotal:        4016004 kB
MemFree:          117368 kB
Active:           350876 kB
Mem:          3.8G       3.7G       114M       5.7M        20M       3.2G

MemTotal:        4016004 kB
MemFree:          117368 kB
Active:           350876 kB
Mem:          3.8G       3.7G       114M       5.7M        20M       3.2G

MemTotal:        4016004 kB
MemFree:          117244 kB
Active:           350920 kB
Mem:          3.8G       3.7G       114M       5.7M        20M       3.2G

MemTotal:        4016004 kB
MemFree:          116888 kB
Active:           350936 kB
Mem:          3.8G       3.7G       114M       5.7M        20M       3.2G

MemTotal:        4016004 kB
MemFree:          116888 kB
Active:           350884 kB
Mem:          3.8G       3.7G       114M       5.7M        20M       3.2G

MemTotal:        4016004 kB
MemFree:          117136 kB
Active:           350900 kB
Mem:          3.8G       3.7G       114M       5.7M        20M       3.2G

MemTotal:        4016004 kB
MemFree:          117136 kB
Active:           350924 kB
Mem:          3.8G       3.7G       114M       5.7M        20M       3.2G

MemTotal:        4016004 kB
MemFree:          117260 kB
Active:           350936 kB
Mem:          3.8G       3.7G       114M       5.7M        20M       3.2G

MemTotal:        4016004 kB
MemFree:          117260 kB
Active:           350948 kB
Mem:          3.8G       3.7G       114M       5.7M        20M       3.2G

MemTotal:        4016004 kB
MemFree:          117384 kB
Active:           350948 kB
Mem:          3.8G       3.7G       114M       5.7M        20M       3.2G

MemTotal:        4016004 kB
MemFree:          116888 kB
Active:           350952 kB
Mem:          3.8G       3.7G       114M       5.7M        20M       3.2G

MemTotal:        4016004 kB
MemFree:          117136 kB
Active:           350916 kB
Mem:          3.8G       3.7G       114M       5.7M        20M       3.2G

MemTotal:        4016004 kB
MemFree:          117136 kB
Active:           350920 kB
Mem:          3.8G       3.7G       114M       5.7M        20M       3.2G

MemTotal:        4016004 kB
MemFree:          116764 kB
Active:           350952 kB
Mem:          3.8G       3.7G       114M       5.7M        20M       3.2G

MemTotal:        4016004 kB
MemFree:          117260 kB
Active:           350896 kB
Mem:          3.8G       3.7G       114M       5.7M        20M       3.2G

MemTotal:        4016004 kB
MemFree:          117136 kB
Active:           350900 kB
Mem:          3.8G       3.7G       114M       5.7M        20M       3.2G

MemTotal:        4016004 kB
MemFree:          117136 kB
Active:           350912 kB
Mem:          3.8G       3.7G       114M       5.7M        20M       3.2G

MemTotal:        4016004 kB
MemFree:          116888 kB
Active:           350956 kB
Mem:          3.8G       3.7G       114M       5.7M        20M       3.2G

MemTotal:        4016004 kB
MemFree:          116392 kB
Active:           350956 kB
Mem:          3.8G       3.7G       113M       5.7M        20M       3.2G

MemTotal:        4016004 kB
MemFree:          116764 kB
Active:           350952 kB
Mem:          3.8G       3.7G       114M       5.7M        20M       3.2G

MemTotal:        4016004 kB
MemFree:          116640 kB
Active:           350936 kB
Mem:          3.8G       3.7G       113M       5.7M        20M       3.2G

MemTotal:        4016004 kB
MemFree:          116392 kB
Active:           350956 kB
Mem:          3.8G       3.7G       113M       5.7M        20M       3.2G

MemTotal:        4016004 kB
MemFree:          116764 kB
Active:           350948 kB
Mem:          3.8G       3.7G       113M       5.7M        20M       3.2G

MemTotal:        4016004 kB
MemFree:          116268 kB
Active:           350956 kB
Mem:          3.8G       3.7G       113M       5.7M        20M       3.2G

MemTotal:        4016004 kB
MemFree:          117012 kB
Active:           350912 kB
Mem:          3.8G       3.7G       114M       5.7M        20M       3.2G

MemTotal:        4016004 kB
MemFree:          116888 kB
Active:           350920 kB
Mem:          3.8G       3.7G       114M       5.7M        20M       3.2G

MemTotal:        4016004 kB
MemFree:          117012 kB
Active:           350924 kB
Mem:          3.8G       3.7G       114M       5.7M        20M       3.2G

MemTotal:        4016004 kB
MemFree:          116888 kB
Active:           350924 kB
Mem:          3.8G       3.7G       114M       5.7M        20M       3.2G

MemTotal:        4016004 kB
MemFree:          116640 kB
Active:           350972 kB
Mem:          3.8G       3.7G       114M       5.7M        20M       3.2G

MemTotal:        4016004 kB
MemFree:          116904 kB
Active:           350928 kB
Mem:          3.8G       3.7G       113M       5.7M        20M       3.2G

MemTotal:        4016004 kB
MemFree:          117276 kB
Active:           350944 kB
Mem:          3.8G       3.7G       114M       5.7M        20M       3.2G

MemTotal:        4016004 kB
MemFree:          117276 kB
Active:           350936 kB
Mem:          3.8G       3.7G       114M       5.7M        20M       3.2G

MemTotal:        4016004 kB
MemFree:          117276 kB
Active:           350924 kB
Mem:          3.8G       3.7G       114M       5.7M        20M       3.2G

MemTotal:        4016004 kB
MemFree:          117276 kB
Active:           350920 kB
Mem:          3.8G       3.7G       114M       5.7M        20M       3.2G

MemTotal:        4016004 kB
MemFree:          117152 kB
Active:           350960 kB
Mem:          3.8G       3.7G       114M       5.7M        20M       3.2G

MemTotal:        4016004 kB
MemFree:          116904 kB
Active:           350956 kB
Mem:          3.8G       3.7G       114M       5.7M        20M       3.2G

MemTotal:        4016004 kB
MemFree:          117028 kB
Active:           350932 kB
Mem:          3.8G       3.7G       114M       5.7M        20M       3.2G

MemTotal:        4016004 kB
MemFree:          116408 kB
Active:           350992 kB
Mem:          3.8G       3.7G       113M       5.7M        20M       3.2G

MemTotal:        4016004 kB
MemFree:          116904 kB
Active:           350964 kB
Mem:          3.8G       3.7G       113M       5.7M        20M       3.2G

MemTotal:        4016004 kB
MemFree:          116904 kB
Active:           350972 kB
Mem:          3.8G       3.7G       114M       5.7M        20M       3.2G

MemTotal:        4016004 kB
MemFree:          116408 kB
Active:           351120 kB
Mem:          3.8G       3.7G       113M       5.7M        20M       3.2G

MemTotal:        4016004 kB
MemFree:          106372 kB
Active:           358900 kB
Mem:          3.8G       3.7G       103M       5.7M        27M       3.2G

MemTotal:        4016004 kB
MemFree:          106572 kB
Active:           358740 kB
Mem:          3.8G       3.7G       104M       5.7M        27M       3.2G

MemTotal:        4016004 kB
MemFree:          107068 kB
Active:           358732 kB
Mem:          3.8G       3.7G       104M       5.7M        27M       3.2G

MemTotal:        4016004 kB
MemFree:          107068 kB
Active:           358712 kB
Mem:          3.8G       3.7G       104M       5.7M        27M       3.2G

MemTotal:        4016004 kB
MemFree:          106696 kB
Active:           358756 kB
Mem:          3.8G       3.7G       104M       5.7M        27M       3.2G

MemTotal:        4016004 kB
MemFree:          106944 kB
Active:           358712 kB
Mem:          3.8G       3.7G       104M       5.7M        27M       3.2G

MemTotal:        4016004 kB
MemFree:          106944 kB
Active:           358716 kB
Mem:          3.8G       3.7G       104M       5.7M        27M       3.2G

MemTotal:        4016004 kB
MemFree:          107068 kB
Active:           358744 kB
Mem:          3.8G       3.7G       104M       5.7M        27M       3.2G

MemTotal:        4016004 kB
MemFree:          106944 kB
Active:           358760 kB
Mem:          3.8G       3.7G       104M       5.7M        27M       3.2G

MemTotal:        4016004 kB
MemFree:          107316 kB
Active:           358744 kB
Mem:          3.8G       3.7G       104M       5.7M        27M       3.2G

MemTotal:        4016004 kB
MemFree:          106820 kB
Active:           358768 kB
Mem:          3.8G       3.7G       104M       5.7M        27M       3.2G

MemTotal:        4016004 kB
MemFree:          107192 kB
Active:           358740 kB
Mem:          3.8G       3.7G       104M       5.7M        27M       3.2G

MemTotal:        4016004 kB
MemFree:          106820 kB
Active:           358768 kB
Mem:          3.8G       3.7G       104M       5.7M        27M       3.2G

MemTotal:        4016004 kB
MemFree:          106944 kB
Active:           358764 kB
Mem:          3.8G       3.7G       104M       5.7M        27M       3.2G

MemTotal:        4016004 kB
MemFree:          106696 kB
Active:           358768 kB
Mem:          3.8G       3.7G       104M       5.7M        27M       3.2G

MemTotal:        4016004 kB
MemFree:          107068 kB
Active:           358720 kB
Mem:          3.8G       3.7G       104M       5.7M        27M       3.2G

MemTotal:        4016004 kB
MemFree:          107068 kB
Active:           358724 kB
Mem:          3.8G       3.7G       104M       5.7M        27M       3.2G

MemTotal:        4016004 kB
MemFree:          106820 kB
Active:           358776 kB
Mem:          3.8G       3.7G       104M       5.7M        27M       3.2G

MemTotal:        4016004 kB
MemFree:          106820 kB
Active:           358776 kB
Mem:          3.8G       3.7G       104M       5.7M        27M       3.2G

MemTotal:        4016004 kB
MemFree:          106944 kB
Active:           358764 kB
Mem:          3.8G       3.7G       104M       5.7M        27M       3.2G

MemTotal:        4016004 kB
MemFree:          107068 kB
Active:           358732 kB
Mem:          3.8G       3.7G       104M       5.7M        27M       3.2G

MemTotal:        4016004 kB
MemFree:          106572 kB
Active:           358776 kB
Mem:          3.8G       3.7G       104M       5.7M        27M       3.2G

MemTotal:        4016004 kB
MemFree:          106696 kB
Active:           358748 kB
Mem:          3.8G       3.7G       104M       5.7M        27M       3.2G

MemTotal:        4016004 kB
MemFree:          106696 kB
Active:           358764 kB
Mem:          3.8G       3.7G       104M       5.7M        27M       3.2G

MemTotal:        4016004 kB
MemFree:          104904 kB
Active:           358732 kB
Mem:          3.8G       3.7G       102M       5.7M        27M       3.2G

MemTotal:        4016004 kB
MemFree:          104408 kB
Active:           360832 kB
Mem:          3.8G       3.7G       102M       5.7M        27M       3.2G

MemTotal:        4016004 kB
MemFree:          104904 kB
Active:           360780 kB
Mem:          3.8G       3.7G       102M       5.7M        27M       3.2G

MemTotal:        4016004 kB
MemFree:          104904 kB
Active:           360780 kB
Mem:          3.8G       3.7G       102M       5.7M        27M       3.2G

MemTotal:        4016004 kB
MemFree:          104532 kB
Active:           360832 kB
Mem:          3.8G       3.7G       102M       5.7M        27M       3.2G

MemTotal:        4016004 kB
MemFree:          104656 kB
Active:           360836 kB
Mem:          3.8G       3.7G       102M       5.7M        27M       3.2G

MemTotal:        4016004 kB
MemFree:          104904 kB
Active:           360800 kB
Mem:          3.8G       3.7G       102M       5.7M        27M       3.2G

MemTotal:        4016004 kB
MemFree:          104904 kB
Active:           360804 kB
Mem:          3.8G       3.7G       102M       5.7M        27M       3.2G

MemTotal:        4016004 kB
MemFree:          104532 kB
Active:           360844 kB
Mem:          3.8G       3.7G       102M       5.7M        27M       3.2G

MemTotal:        4016004 kB
MemFree:          104904 kB
Active:           360836 kB
Mem:          3.8G       3.7G       102M       5.7M        27M       3.2G

MemTotal:        4016004 kB
MemFree:          104904 kB
Active:           360836 kB
Mem:          3.8G       3.7G       102M       5.7M        27M       3.2G

MemTotal:        4016004 kB
MemFree:          104532 kB
Active:           360844 kB
Mem:          3.8G       3.7G       102M       5.7M        27M       3.2G

MemTotal:        4016004 kB
MemFree:          104656 kB
Active:           360852 kB
Mem:          3.8G       3.7G       102M       5.7M        27M       3.2G

MemTotal:        4016004 kB
MemFree:          104904 kB
Active:           360844 kB
Mem:          3.8G       3.7G       102M       5.7M        27M       3.2G

MemTotal:        4016004 kB
MemFree:          104532 kB
Active:           360852 kB
Mem:          3.8G       3.7G       102M       5.7M        27M       3.2G

MemTotal:        4016004 kB
MemFree:          104656 kB
Active:           360832 kB
Mem:          3.8G       3.7G       102M       5.7M        27M       3.2G

MemTotal:        4016004 kB
MemFree:          104780 kB
Active:           360848 kB
Mem:          3.8G       3.7G       102M       5.7M        27M       3.2G

MemTotal:        4016004 kB
MemFree:          104904 kB
Active:           360848 kB
Mem:          3.8G       3.7G       102M       5.7M        27M       3.2G

MemTotal:        4016004 kB
MemFree:          104904 kB
Active:           360856 kB
Mem:          3.8G       3.7G       102M       5.7M        27M       3.2G

MemTotal:        4016004 kB
MemFree:          104780 kB
Active:           360864 kB
Mem:          3.8G       3.7G       102M       5.7M        27M       3.2G

MemTotal:        4016004 kB
MemFree:          104780 kB
Active:           360852 kB
Mem:          3.8G       3.7G       102M       5.7M        27M       3.2G

MemTotal:        4016004 kB
MemFree:          104780 kB
Active:           360840 kB
Mem:          3.8G       3.7G       102M       5.7M        27M       3.2G

MemTotal:        4016004 kB
MemFree:          104780 kB
Active:           360812 kB
Mem:          3.8G       3.7G       102M       5.7M        27M       3.2G

MemTotal:        4016004 kB
MemFree:          104904 kB
Active:           360812 kB
Mem:          3.8G       3.7G       102M       5.7M        27M       3.2G

MemTotal:        4016004 kB
MemFree:          104904 kB
Active:           360816 kB
Mem:          3.8G       3.7G       102M       5.7M        27M       3.2G

MemTotal:        4016004 kB
MemFree:          104904 kB
Active:           360828 kB
Mem:          3.8G       3.7G       102M       5.7M        27M       3.2G

MemTotal:        4016004 kB
MemFree:          104904 kB
Active:           360832 kB
Mem:          3.8G       3.7G       102M       5.7M        27M       3.2G

MemTotal:        4016004 kB
MemFree:          104904 kB
Active:           360836 kB
Mem:          3.8G       3.7G       102M       5.7M        27M       3.2G

MemTotal:        4016004 kB
MemFree:          104904 kB
Active:           360836 kB
Mem:          3.8G       3.7G       102M       5.7M        27M       3.2G

MemTotal:        4016004 kB
MemFree:          104780 kB
Active:           360836 kB
Mem:          3.8G       3.7G       102M       5.7M        27M       3.2G

MemTotal:        4016004 kB
MemFree:          104904 kB
Active:           360844 kB
Mem:          3.8G       3.7G       102M       5.7M        27M       3.2G

MemTotal:        4016004 kB
MemFree:          104904 kB
Active:           360856 kB
Mem:          3.8G       3.7G       102M       5.7M        27M       3.2G

MemTotal:        4016004 kB
MemFree:          104532 kB
Active:           360892 kB
Mem:          3.8G       3.7G       102M       5.7M        27M       3.2G

MemTotal:        4016004 kB
MemFree:          104408 kB
Active:           360900 kB
Mem:          3.8G       3.7G       102M       5.7M        27M       3.2G

MemTotal:        4016004 kB
MemFree:          104780 kB
Active:           360848 kB
Mem:          3.8G       3.7G       102M       5.7M        27M       3.2G

MemTotal:        4016004 kB
MemFree:          104656 kB
Active:           360888 kB
Mem:          3.8G       3.7G       102M       5.7M        27M       3.2G

MemTotal:        4016004 kB
MemFree:          104780 kB
Active:           360900 kB
Mem:          3.8G       3.7G       102M       5.7M        27M       3.2G

MemTotal:        4016004 kB
MemFree:          104780 kB
Active:           360908 kB
Mem:          3.8G       3.7G       102M       5.7M        27M       3.2G

MemTotal:        4016004 kB
MemFree:          104904 kB
Active:           360904 kB
Mem:          3.8G       3.7G       102M       5.7M        27M       3.2G

MemTotal:        4016004 kB
MemFree:          104656 kB
Active:           360924 kB
Mem:          3.8G       3.7G       102M       5.7M        27M       3.2G

MemTotal:        4016004 kB
MemFree:          105028 kB
Active:           360916 kB
Mem:          3.8G       3.7G       102M       5.7M        27M       3.2G

MemTotal:        4016004 kB
MemFree:          105028 kB
Active:           360888 kB
Mem:          3.8G       3.7G       102M       5.7M        27M       3.2G

MemTotal:        4016004 kB
MemFree:          105028 kB
Active:           360880 kB
Mem:          3.8G       3.7G       102M       5.7M        27M       3.2G

MemTotal:        4016004 kB
MemFree:          104656 kB
Active:           360928 kB
Mem:          3.8G       3.7G       102M       5.7M        27M       3.2G

MemTotal:        4016004 kB
MemFree:          104904 kB
Active:           360920 kB
Mem:          3.8G       3.7G       102M       5.7M        27M       3.2G

MemTotal:        4016004 kB
MemFree:          105028 kB
Active:           360924 kB
Mem:          3.8G       3.7G       102M       5.7M        27M       3.2G

MemTotal:        4016004 kB
MemFree:          104532 kB
Active:           360928 kB
Mem:          3.8G       3.7G       102M       5.7M        27M       3.2G

MemTotal:        4016004 kB
MemFree:          104904 kB
Active:           360876 kB
Mem:          3.8G       3.7G       102M       5.7M        28M       3.2G

MemTotal:        4016004 kB
MemFree:          104904 kB
Active:           360928 kB
Mem:          3.8G       3.7G       102M       5.7M        28M       3.2G

MemTotal:        4016004 kB
MemFree:          104904 kB
Active:           360884 kB
Mem:          3.8G       3.7G       102M       5.7M        28M       3.2G

MemTotal:        4016004 kB
MemFree:          104780 kB
Active:           360908 kB
Mem:          3.8G       3.7G       102M       5.7M        28M       3.2G

MemTotal:        4016004 kB
MemFree:          104904 kB
Active:           360904 kB
Mem:          3.8G       3.7G       102M       5.7M        28M       3.2G

MemTotal:        4016004 kB
MemFree:          104780 kB
Active:           360896 kB
Mem:          3.8G       3.7G       102M       5.7M        28M       3.2G

MemTotal:        4016004 kB
MemFree:          104656 kB
Active:           360920 kB
Mem:          3.8G       3.7G       102M       5.7M        28M       3.2G

MemTotal:        4016004 kB
MemFree:          104160 kB
Active:           361120 kB
Mem:          3.8G       3.7G       102M       5.7M        28M       3.2G

MemTotal:        4016004 kB
MemFree:          104408 kB
Active:           361084 kB
Mem:          3.8G       3.7G       101M       5.7M        28M       3.2G

MemTotal:        4016004 kB
MemFree:          104532 kB
Active:           361116 kB
Mem:          3.8G       3.7G       101M       5.7M        28M       3.2G

