MemTotal:        4016004 kB
MemFree:         3225976 kB
Active:           433632 kB
Mem:          3.8G       771M       3.1G       5.7M        55M       319M

MemTotal:        4016004 kB
MemFree:         3226336 kB
Active:           433908 kB
Mem:          3.8G       771M       3.1G       5.7M        55M       319M

MemTotal:        4016004 kB
MemFree:         3226476 kB
Active:           434000 kB
Mem:          3.8G       770M       3.1G       5.7M        55M       319M

MemTotal:        4016004 kB
MemFree:         3226460 kB
Active:           433956 kB
Mem:          3.8G       771M       3.1G       5.7M        55M       319M

MemTotal:        4016004 kB
MemFree:         3226444 kB
Active:           434004 kB
Mem:          3.8G       771M       3.1G       5.7M        55M       319M

MemTotal:        4016004 kB
MemFree:         3226552 kB
Active:           433956 kB
Mem:          3.8G       770M       3.1G       5.7M        55M       319M

MemTotal:        4016004 kB
MemFree:         3226660 kB
Active:           433992 kB
Mem:          3.8G       770M       3.1G       5.7M        55M       319M

MemTotal:        4016004 kB
MemFree:         3226596 kB
Active:           433956 kB
Mem:          3.8G       771M       3.1G       5.7M        55M       319M

MemTotal:        4016004 kB
MemFree:         3226068 kB
Active:           434012 kB
Mem:          3.8G       771M       3.1G       5.7M        55M       319M

MemTotal:        4016004 kB
MemFree:         3226564 kB
Active:           434012 kB
Mem:          3.8G       770M       3.1G       5.7M        55M       319M

MemTotal:        4016004 kB
MemFree:         3226580 kB
Active:           433960 kB
Mem:          3.8G       770M       3.1G       5.7M        55M       319M

MemTotal:        4016004 kB
MemFree:         3226564 kB
Active:           433968 kB
Mem:          3.8G       771M       3.1G       5.7M        55M       319M

MemTotal:        4016004 kB
MemFree:         3226192 kB
Active:           434008 kB
Mem:          3.8G       771M       3.1G       5.7M        55M       319M

MemTotal:        4016004 kB
MemFree:         3226440 kB
Active:           433988 kB
Mem:          3.8G       771M       3.1G       5.7M        55M       319M

MemTotal:        4016004 kB
MemFree:         3226424 kB
Active:           433976 kB
Mem:          3.8G       771M       3.1G       5.7M        55M       319M

MemTotal:        4016004 kB
MemFree:         3225912 kB
Active:           434020 kB
Mem:          3.8G       771M       3.1G       5.7M        55M       319M

MemTotal:        4016004 kB
MemFree:         3226164 kB
Active:           433972 kB
Mem:          3.8G       771M       3.1G       5.7M        55M       319M

MemTotal:        4016004 kB
MemFree:         3226180 kB
Active:           433976 kB
Mem:          3.8G       771M       3.1G       5.7M        55M       319M

MemTotal:        4016004 kB
MemFree:         3226180 kB
Active:           433980 kB
Mem:          3.8G       771M       3.1G       5.7M        55M       319M

MemTotal:        4016004 kB
MemFree:         3226180 kB
Active:           433984 kB
Mem:          3.8G       771M       3.1G       5.7M        55M       319M

MemTotal:        4016004 kB
MemFree:         3226180 kB
Active:           434012 kB
Mem:          3.8G       771M       3.1G       5.7M        55M       319M

MemTotal:        4016004 kB
MemFree:         3225916 kB
Active:           434028 kB
Mem:          3.8G       771M       3.1G       5.7M        55M       319M

MemTotal:        4016004 kB
MemFree:         3226428 kB
Active:           433988 kB
Mem:          3.8G       771M       3.1G       5.7M        55M       319M

MemTotal:        4016004 kB
MemFree:         3226396 kB
Active:           434000 kB
Mem:          3.8G       771M       3.1G       5.7M        55M       319M

MemTotal:        4016004 kB
MemFree:         3226628 kB
Active:           434012 kB
Mem:          3.8G       771M       3.1G       5.7M        55M       319M

MemTotal:        4016004 kB
MemFree:         3226596 kB
Active:           433988 kB
Mem:          3.8G       770M       3.1G       5.7M        55M       319M

MemTotal:        4016004 kB
MemFree:         3224564 kB
Active:           434004 kB
Mem:          3.8G       772M       3.1G       5.7M        55M       319M

MemTotal:        4016004 kB
MemFree:         3224768 kB
Active:           436012 kB
Mem:          3.8G       772M       3.1G       5.7M        55M       319M

MemTotal:        4016004 kB
MemFree:         3224644 kB
Active:           436024 kB
Mem:          3.8G       772M       3.1G       5.7M        55M       319M

MemTotal:        4016004 kB
MemFree:         3224132 kB
Active:           436064 kB
Mem:          3.8G       773M       3.1G       5.7M        55M       319M

MemTotal:        4016004 kB
MemFree:         3224892 kB
Active:           436056 kB
Mem:          3.8G       772M       3.1G       5.7M        55M       319M

MemTotal:        4016004 kB
MemFree:         3224752 kB
Active:           436032 kB
Mem:          3.8G       772M       3.1G       5.7M        55M       319M

MemTotal:        4016004 kB
MemFree:         3224520 kB
Active:           436212 kB
Mem:          3.8G       772M       3.1G       5.7M        55M       319M

MemTotal:        4016004 kB
MemFree:         3224752 kB
Active:           436016 kB
Mem:          3.8G       772M       3.1G       5.7M        55M       319M

MemTotal:        4016004 kB
MemFree:         3224628 kB
Active:           436036 kB
Mem:          3.8G       772M       3.1G       5.7M        55M       319M

MemTotal:        4016004 kB
MemFree:         3224704 kB
Active:           436036 kB
Mem:          3.8G       772M       3.1G       5.7M        55M       319M

MemTotal:        4016004 kB
MemFree:         3224704 kB
Active:           436024 kB
Mem:          3.8G       772M       3.1G       5.7M        55M       319M

MemTotal:        4016004 kB
MemFree:         3224672 kB
Active:           436056 kB
Mem:          3.8G       773M       3.1G       5.7M        55M       319M

MemTotal:        4016004 kB
MemFree:         3224860 kB
Active:           436064 kB
Mem:          3.8G       772M       3.1G       5.7M        55M       319M

MemTotal:        4016004 kB
MemFree:         3224240 kB
Active:           436076 kB
Mem:          3.8G       772M       3.1G       5.7M        55M       319M

MemTotal:        4016004 kB
MemFree:         3223852 kB
Active:           436080 kB
Mem:          3.8G       773M       3.1G       5.7M        55M       319M

MemTotal:        4016004 kB
MemFree:         3224164 kB
Active:           436180 kB
Mem:          3.8G       773M       3.1G       5.7M        55M       319M

MemTotal:        4016004 kB
MemFree:         3224156 kB
Active:           436176 kB
Mem:          3.8G       773M       3.1G       5.7M        55M       319M

MemTotal:        4016004 kB
MemFree:         3224032 kB
Active:           436132 kB
Mem:          3.8G       773M       3.1G       5.7M        55M       319M

MemTotal:        4016004 kB
MemFree:         3224064 kB
Active:           436200 kB
Mem:          3.8G       773M       3.1G       5.7M        55M       319M

MemTotal:        4016004 kB
MemFree:         3224048 kB
Active:           436176 kB
Mem:          3.8G       773M       3.1G       5.7M        55M       319M

MemTotal:        4016004 kB
MemFree:         3222004 kB
Active:           436152 kB
Mem:          3.8G       775M       3.1G       5.7M        55M       319M

MemTotal:        4016004 kB
MemFree:         3222220 kB
Active:           438168 kB
Mem:          3.8G       775M       3.1G       5.7M        56M       319M

MemTotal:        4016004 kB
MemFree:         3222328 kB
Active:           438108 kB
Mem:          3.8G       775M       3.1G       5.7M        56M       319M

MemTotal:        4016004 kB
MemFree:         3221944 kB
Active:           438124 kB
Mem:          3.8G       775M       3.1G       5.7M        56M       319M

MemTotal:        4016004 kB
MemFree:         3222176 kB
Active:           438076 kB
Mem:          3.8G       775M       3.1G       5.7M        56M       319M

MemTotal:        4016004 kB
MemFree:         3222424 kB
Active:           437960 kB
Mem:          3.8G       775M       3.1G       5.7M        56M       319M

MemTotal:        4016004 kB
MemFree:         3222532 kB
Active:           437988 kB
Mem:          3.8G       775M       3.1G       5.7M        56M       319M

MemTotal:        4016004 kB
MemFree:         3222052 kB
Active:           438352 kB
Mem:          3.8G       775M       3.1G       5.7M        56M       319M

MemTotal:        4016004 kB
MemFree:         3222036 kB
Active:           438136 kB
Mem:          3.8G       775M       3.1G       5.7M        56M       319M

MemTotal:        4016004 kB
MemFree:         3222128 kB
Active:           438084 kB
Mem:          3.8G       775M       3.1G       5.7M        56M       319M

MemTotal:        4016004 kB
MemFree:         3221692 kB
Active:           436220 kB
Mem:          3.8G       775M       3.1G       5.7M        56M       319M

MemTotal:        4016004 kB
MemFree:         3222032 kB
Active:           438028 kB
Mem:          3.8G       775M       3.1G       5.7M        56M       319M

MemTotal:        4016004 kB
MemFree:         3222064 kB
Active:           438148 kB
Mem:          3.8G       775M       3.1G       5.7M        56M       319M

MemTotal:        4016004 kB
MemFree:         3222128 kB
Active:           438136 kB
Mem:          3.8G       775M       3.1G       5.7M        56M       319M

MemTotal:        4016004 kB
MemFree:         3221756 kB
Active:           438152 kB
Mem:          3.8G       775M       3.1G       5.7M        56M       319M

MemTotal:        4016004 kB
MemFree:         3221632 kB
Active:           438152 kB
Mem:          3.8G       775M       3.1G       5.7M        56M       319M

MemTotal:        4016004 kB
MemFree:         3221880 kB
Active:           438108 kB
Mem:          3.8G       775M       3.1G       5.7M        56M       319M

MemTotal:        4016004 kB
MemFree:         3222252 kB
Active:           438104 kB
Mem:          3.8G       774M       3.1G       5.7M        56M       319M

MemTotal:        4016004 kB
MemFree:         3222128 kB
Active:           438152 kB
Mem:          3.8G       775M       3.1G       5.7M        56M       319M

MemTotal:        4016004 kB
MemFree:         3222376 kB
Active:           438128 kB
Mem:          3.8G       774M       3.1G       5.7M        56M       319M

MemTotal:        4016004 kB
MemFree:         3222032 kB
Active:           436076 kB
Mem:          3.8G       775M       3.1G       5.7M        56M       319M

MemTotal:        4016004 kB
MemFree:         3222016 kB
Active:           436088 kB
Mem:          3.8G       775M       3.1G       5.7M        56M       319M

MemTotal:        4016004 kB
MemFree:         3222000 kB
Active:           438112 kB
Mem:          3.8G       775M       3.1G       5.7M        56M       319M

MemTotal:        4016004 kB
MemFree:         3222204 kB
Active:           438128 kB
Mem:          3.8G       775M       3.1G       5.7M        56M       319M

MemTotal:        4016004 kB
MemFree:         3222080 kB
Active:           438140 kB
Mem:          3.8G       775M       3.1G       5.7M        56M       319M

MemTotal:        4016004 kB
MemFree:         3222080 kB
Active:           438168 kB
Mem:          3.8G       775M       3.1G       5.7M        56M       319M

MemTotal:        4016004 kB
MemFree:         3221708 kB
Active:           438176 kB
Mem:          3.8G       775M       3.1G       5.7M        56M       319M

MemTotal:        4016004 kB
MemFree:         3222204 kB
Active:           438132 kB
Mem:          3.8G       775M       3.1G       5.7M        56M       319M

MemTotal:        4016004 kB
MemFree:         3221708 kB
Active:           438176 kB
Mem:          3.8G       775M       3.1G       5.7M        56M       319M

MemTotal:        4016004 kB
MemFree:         3222048 kB
Active:           438152 kB
Mem:          3.8G       775M       3.1G       5.7M        56M       319M

MemTotal:        4016004 kB
MemFree:         3222032 kB
Active:           438152 kB
Mem:          3.8G       775M       3.1G       5.7M        56M       319M

MemTotal:        4016004 kB
MemFree:         3222016 kB
Active:           438172 kB
Mem:          3.8G       775M       3.1G       5.7M        56M       319M

MemTotal:        4016004 kB
MemFree:         3222124 kB
Active:           438152 kB
Mem:          3.8G       775M       3.1G       5.7M        56M       319M

MemTotal:        4016004 kB
MemFree:         3221736 kB
Active:           438184 kB
Mem:          3.8G       775M       3.1G       5.7M        56M       319M

MemTotal:        4016004 kB
MemFree:         3222064 kB
Active:           438140 kB
Mem:          3.8G       775M       3.1G       5.7M        56M       319M

MemTotal:        4016004 kB
MemFree:         3221692 kB
Active:           438188 kB
Mem:          3.8G       775M       3.1G       5.7M        56M       319M

MemTotal:        4016004 kB
MemFree:         3222064 kB
Active:           438148 kB
Mem:          3.8G       775M       3.1G       5.7M        56M       319M

MemTotal:        4016004 kB
MemFree:         3221816 kB
Active:           438164 kB
Mem:          3.8G       775M       3.1G       5.7M        56M       319M

MemTotal:        4016004 kB
MemFree:         3221692 kB
Active:           438176 kB
Mem:          3.8G       775M       3.1G       5.7M        56M       319M

MemTotal:        4016004 kB
MemFree:         3221568 kB
Active:           438200 kB
Mem:          3.8G       775M       3.1G       5.7M        56M       319M

MemTotal:        4016004 kB
MemFree:         3219456 kB
Active:           436140 kB
Mem:          3.8G       777M       3.1G       5.7M        56M       319M

MemTotal:        4016004 kB
MemFree:         3219812 kB
Active:           440236 kB
Mem:          3.8G       777M       3.1G       5.7M        56M       319M

MemTotal:        4016004 kB
MemFree:         3219796 kB
Active:           440212 kB
Mem:          3.8G       777M       3.1G       5.7M        56M       319M

MemTotal:        4016004 kB
MemFree:         3219532 kB
Active:           440244 kB
Mem:          3.8G       777M       3.1G       5.7M        56M       319M

MemTotal:        4016004 kB
MemFree:         3219764 kB
Active:           440244 kB
Mem:          3.8G       777M       3.1G       5.7M        56M       319M

MemTotal:        4016004 kB
MemFree:         3219844 kB
Active:           440208 kB
Mem:          3.8G       777M       3.1G       5.7M        56M       319M

MemTotal:        4016004 kB
MemFree:         3219844 kB
Active:           440248 kB
Mem:          3.8G       777M       3.1G       5.7M        56M       319M

MemTotal:        4016004 kB
MemFree:         3219844 kB
Active:           440248 kB
Mem:          3.8G       777M       3.1G       5.7M        56M       319M

MemTotal:        4016004 kB
MemFree:         3220464 kB
Active:           440192 kB
Mem:          3.8G       777M       3.1G       5.7M        56M       319M

MemTotal:        4016004 kB
MemFree:         3220092 kB
Active:           440248 kB
Mem:          3.8G       777M       3.1G       5.7M        56M       319M

MemTotal:        4016004 kB
MemFree:         3220464 kB
Active:           440208 kB
Mem:          3.8G       777M       3.1G       5.7M        56M       319M

MemTotal:        4016004 kB
MemFree:         3220448 kB
Active:           440208 kB
Mem:          3.8G       776M       3.1G       5.7M        56M       319M

MemTotal:        4016004 kB
MemFree:         3220308 kB
Active:           440220 kB
Mem:          3.8G       777M       3.1G       5.7M        56M       319M

MemTotal:        4016004 kB
MemFree:         3220292 kB
Active:           440228 kB
Mem:          3.8G       777M       3.1G       5.7M        56M       319M

MemTotal:        4016004 kB
MemFree:         3219748 kB
Active:           440600 kB
Mem:          3.8G       777M       3.1G       5.7M        56M       319M

MemTotal:        4016004 kB
MemFree:         3177828 kB
Active:           441408 kB
Mem:          3.8G       819M       3.0G       5.7M        56M       360M

MemTotal:        4016004 kB
MemFree:         3131152 kB
Active:           441440 kB
Mem:          3.8G       864M       3.0G       5.7M        56M       404M

MemTotal:        4016004 kB
MemFree:         3086508 kB
Active:           441460 kB
Mem:          3.8G       907M       2.9G       5.7M        56M       447M

MemTotal:        4016004 kB
MemFree:         3040020 kB
Active:           441488 kB
Mem:          3.8G       953M       2.9G       5.7M        56M       492M

MemTotal:        4016004 kB
MemFree:         2995144 kB
Active:           441512 kB
Mem:          3.8G       998M       2.9G       5.7M        56M       536M

MemTotal:        4016004 kB
MemFree:         2949028 kB
Active:           441528 kB
Mem:          3.8G       1.0G       2.8G       5.7M        56M       579M

MemTotal:        4016004 kB
MemFree:         2902648 kB
Active:           441560 kB
Mem:          3.8G       1.1G       2.8G       5.7M        56M       624M

MemTotal:        4016004 kB
MemFree:         2858036 kB
Active:           441580 kB
Mem:          3.8G       1.1G       2.7G       5.7M        56M       666M

MemTotal:        4016004 kB
MemFree:         2812624 kB
Active:           441608 kB
Mem:          3.8G       1.1G       2.7G       5.7M        56M       710M

MemTotal:        4016004 kB
MemFree:         2766004 kB
Active:           441640 kB
Mem:          3.8G       1.2G       2.6G       5.7M        56M       754M

MemTotal:        4016004 kB
MemFree:         2721456 kB
Active:           441664 kB
Mem:          3.8G       1.2G       2.6G       5.7M        56M       797M

MemTotal:        4016004 kB
MemFree:         2675392 kB
Active:           441696 kB
Mem:          3.8G       1.3G       2.6G       5.7M        56M       842M

MemTotal:        4016004 kB
MemFree:         2629292 kB
Active:           441712 kB
Mem:          3.8G       1.3G       2.5G       5.7M        56M       886M

MemTotal:        4016004 kB
MemFree:         2584956 kB
Active:           441744 kB
Mem:          3.8G       1.4G       2.5G       5.7M        56M       929M

MemTotal:        4016004 kB
MemFree:         2538456 kB
Active:           441792 kB
Mem:          3.8G       1.4G       2.4G       5.7M        56M       973M

MemTotal:        4016004 kB
MemFree:         2492976 kB
Active:           441812 kB
Mem:          3.8G       1.5G       2.4G       5.7M        56M       1.0G

MemTotal:        4016004 kB
MemFree:         2491896 kB
Active:           441820 kB
Mem:          3.8G       1.5G       2.4G       5.7M        56M       1.0G

MemTotal:        4016004 kB
MemFree:         2477936 kB
Active:           441832 kB
Mem:          3.8G       1.5G       2.4G       5.7M        56M       1.0G

MemTotal:        4016004 kB
MemFree:         2433076 kB
Active:           441848 kB
Mem:          3.8G       1.5G       2.3G       5.7M        56M       1.1G

MemTotal:        4016004 kB
MemFree:         2387100 kB
Active:           441880 kB
Mem:          3.8G       1.6G       2.3G       5.7M        56M       1.1G

MemTotal:        4016004 kB
MemFree:         2340860 kB
Active:           441900 kB
Mem:          3.8G       1.6G       2.2G       5.7M        56M       1.1G

MemTotal:        4016004 kB
MemFree:         2296620 kB
Active:           441932 kB
Mem:          3.8G       1.6G       2.2G       5.7M        56M       1.2G

MemTotal:        4016004 kB
MemFree:         2250256 kB
Active:           441956 kB
Mem:          3.8G       1.7G       2.1G       5.7M        56M       1.2G

MemTotal:        4016004 kB
MemFree:         2205412 kB
Active:           441980 kB
Mem:          3.8G       1.7G       2.1G       5.7M        56M       1.3G

MemTotal:        4016004 kB
MemFree:         2159716 kB
Active:           442012 kB
Mem:          3.8G       1.8G       2.1G       5.7M        56M       1.3G

MemTotal:        4016004 kB
MemFree:         2113712 kB
Active:           442044 kB
Mem:          3.8G       1.8G       2.0G       5.7M        56M       1.3G

MemTotal:        4016004 kB
MemFree:         2093928 kB
Active:           442072 kB
Mem:          3.8G       1.8G       2.0G       5.7M        56M       1.4G

MemTotal:        4016004 kB
MemFree:         2048220 kB
Active:           442088 kB
Mem:          3.8G       1.9G       2.0G       5.7M        56M       1.4G

MemTotal:        4016004 kB
MemFree:         2002060 kB
Active:           442120 kB
Mem:          3.8G       1.9G       1.9G       5.7M        56M       1.5G

MemTotal:        4016004 kB
MemFree:         1955800 kB
Active:           442144 kB
Mem:          3.8G       2.0G       1.9G       5.7M        56M       1.5G

MemTotal:        4016004 kB
MemFree:         1911100 kB
Active:           442156 kB
Mem:          3.8G       2.0G       1.8G       5.7M        56M       1.5G

MemTotal:        4016004 kB
MemFree:         1865436 kB
Active:           442188 kB
Mem:          3.8G       2.1G       1.8G       5.7M        56M       1.6G

MemTotal:        4016004 kB
MemFree:         1819212 kB
Active:           442212 kB
Mem:          3.8G       2.1G       1.7G       5.7M        56M       1.6G

MemTotal:        4016004 kB
MemFree:         1774476 kB
Active:           442236 kB
Mem:          3.8G       2.1G       1.7G       5.7M        56M       1.7G

MemTotal:        4016004 kB
MemFree:         1728468 kB
Active:           442264 kB
Mem:          3.8G       2.2G       1.6G       5.7M        56M       1.7G

MemTotal:        4016004 kB
MemFree:         1683544 kB
Active:           442300 kB
Mem:          3.8G       2.2G       1.6G       5.7M        56M       1.8G

MemTotal:        4016004 kB
MemFree:         1655492 kB
Active:           442320 kB
Mem:          3.8G       2.3G       1.6G       5.7M        56M       1.8G

MemTotal:        4016004 kB
MemFree:         1624692 kB
Active:           442340 kB
Mem:          3.8G       2.3G       1.5G       5.7M        56M       1.8G

MemTotal:        4016004 kB
MemFree:         1578220 kB
Active:           442368 kB
Mem:          3.8G       2.3G       1.5G       5.7M        56M       1.9G

MemTotal:        4016004 kB
MemFree:         1533196 kB
Active:           442400 kB
Mem:          3.8G       2.4G       1.5G       5.7M        56M       1.9G

MemTotal:        4016004 kB
MemFree:         1488752 kB
Active:           442420 kB
Mem:          3.8G       2.4G       1.4G       5.7M        56M       1.9G

MemTotal:        4016004 kB
MemFree:         1443140 kB
Active:           442464 kB
Mem:          3.8G       2.5G       1.4G       5.7M        57M       2.0G

MemTotal:        4016004 kB
MemFree:         1397892 kB
Active:           442488 kB
Mem:          3.8G       2.5G       1.3G       5.7M        57M       2.0G

MemTotal:        4016004 kB
MemFree:         1351768 kB
Active:           442504 kB
Mem:          3.8G       2.5G       1.3G       5.7M        57M       2.1G

MemTotal:        4016004 kB
MemFree:         1307720 kB
Active:           442528 kB
Mem:          3.8G       2.6G       1.2G       5.7M        57M       2.1G

MemTotal:        4016004 kB
MemFree:         1261480 kB
Active:           442552 kB
Mem:          3.8G       2.6G       1.2G       5.7M        57M       2.1G

MemTotal:        4016004 kB
MemFree:         1217240 kB
Active:           442576 kB
Mem:          3.8G       2.7G       1.2G       5.7M        57M       2.2G

MemTotal:        4016004 kB
MemFree:         1170892 kB
Active:           442608 kB
Mem:          3.8G       2.7G       1.1G       5.7M        57M       2.2G

MemTotal:        4016004 kB
MemFree:         1126884 kB
Active:           442628 kB
Mem:          3.8G       2.8G       1.1G       5.7M        57M       2.3G

MemTotal:        4016004 kB
MemFree:         1081868 kB
Active:           442668 kB
Mem:          3.8G       2.8G       1.0G       5.7M        57M       2.3G

MemTotal:        4016004 kB
MemFree:         1036552 kB
Active:           442688 kB
Mem:          3.8G       2.8G       1.0G       5.7M        57M       2.4G

MemTotal:        4016004 kB
MemFree:          989672 kB
Active:           442736 kB
Mem:          3.8G       2.9G       966M       5.7M        57M       2.4G

MemTotal:        4016004 kB
MemFree:          945096 kB
Active:           442764 kB
Mem:          3.8G       2.9G       922M       5.7M        57M       2.4G

MemTotal:        4016004 kB
MemFree:          899596 kB
Active:           442796 kB
Mem:          3.8G       3.0G       878M       5.7M        57M       2.5G

MemTotal:        4016004 kB
MemFree:          855356 kB
Active:           442820 kB
Mem:          3.8G       3.0G       835M       5.7M        57M       2.5G

MemTotal:        4016004 kB
MemFree:          808608 kB
Active:           442964 kB
Mem:          3.8G       3.1G       789M       5.7M        57M       2.6G

MemTotal:        4016004 kB
MemFree:          771632 kB
Active:           442972 kB
Mem:          3.8G       3.1G       753M       5.7M        57M       2.6G

MemTotal:        4016004 kB
MemFree:          725492 kB
Active:           443008 kB
Mem:          3.8G       3.1G       708M       5.7M        57M       2.7G

MemTotal:        4016004 kB
MemFree:          680176 kB
Active:           443032 kB
Mem:          3.8G       3.2G       664M       5.7M        57M       2.7G

MemTotal:        4016004 kB
MemFree:          635204 kB
Active:           443056 kB
Mem:          3.8G       3.2G       620M       5.7M        57M       2.7G

MemTotal:        4016004 kB
MemFree:          589932 kB
Active:           443072 kB
Mem:          3.8G       3.3G       576M       5.7M        57M       2.8G

MemTotal:        4016004 kB
MemFree:          545152 kB
Active:           443100 kB
Mem:          3.8G       3.3G       532M       5.7M        57M       2.8G

MemTotal:        4016004 kB
MemFree:          500524 kB
Active:           443128 kB
Mem:          3.8G       3.4G       487M       5.7M        57M       2.9G

MemTotal:        4016004 kB
MemFree:          455216 kB
Active:           443152 kB
Mem:          3.8G       3.4G       444M       5.7M        57M       2.9G

MemTotal:        4016004 kB
MemFree:          410616 kB
Active:           443176 kB
Mem:          3.8G       3.4G       400M       5.7M        57M       2.9G

MemTotal:        4016004 kB
MemFree:          365300 kB
Active:           441156 kB
Mem:          3.8G       3.5G       356M       5.7M        57M       3.0G

MemTotal:        4016004 kB
MemFree:          320172 kB
Active:           443232 kB
Mem:          3.8G       3.5G       312M       5.7M        57M       3.0G

MemTotal:        4016004 kB
MemFree:          274312 kB
Active:           443260 kB
Mem:          3.8G       3.6G       267M       5.7M        57M       3.1G

MemTotal:        4016004 kB
MemFree:          229608 kB
Active:           443284 kB
Mem:          3.8G       3.6G       224M       5.7M        57M       3.1G

MemTotal:        4016004 kB
MemFree:          183756 kB
Active:           443308 kB
Mem:          3.8G       3.7G       179M       5.7M        57M       3.2G

MemTotal:        4016004 kB
MemFree:          139204 kB
Active:           443328 kB
Mem:          3.8G       3.7G       135M       5.7M        57M       3.2G

MemTotal:        4016004 kB
MemFree:          134100 kB
Active:           439280 kB
Mem:          3.8G       3.7G       104M       5.7M        22M       3.3G

MemTotal:        4016004 kB
MemFree:          107168 kB
Active:           494672 kB
Mem:          3.8G       3.7G       104M       5.7M        22M       3.3G

MemTotal:        4016004 kB
MemFree:          110024 kB
Active:           489944 kB
Mem:          3.8G       3.7G       105M       5.7M        22M       3.3G

MemTotal:        4016004 kB
MemFree:          120628 kB
Active:           482336 kB
Mem:          3.8G       3.7G       117M       5.7M        22M       3.3G

MemTotal:        4016004 kB
MemFree:          112804 kB
Active:           478908 kB
Mem:          3.8G       3.7G       110M       5.7M        22M       3.3G

MemTotal:        4016004 kB
MemFree:          127520 kB
Active:           473264 kB
Mem:          3.8G       3.7G       124M       5.7M        22M       3.2G

MemTotal:        4016004 kB
MemFree:          119396 kB
Active:           469960 kB
Mem:          3.8G       3.7G       116M       5.7M        22M       3.3G

MemTotal:        4016004 kB
MemFree:          111256 kB
Active:           464556 kB
Mem:          3.8G       3.7G       108M       5.7M        22M       3.3G

MemTotal:        4016004 kB
MemFree:          112712 kB
Active:           458824 kB
Mem:          3.8G       3.7G       110M       5.7M        22M       3.3G

MemTotal:        4016004 kB
MemFree:          115392 kB
Active:           453984 kB
Mem:          3.8G       3.7G       112M       5.7M        22M       3.3G

MemTotal:        4016004 kB
MemFree:          106176 kB
Active:           452856 kB
Mem:          3.8G       3.7G       103M       5.7M        22M       3.3G

MemTotal:        4016004 kB
MemFree:          110248 kB
Active:           451220 kB
Mem:          3.8G       3.7G       107M       5.7M        22M       3.3G

MemTotal:        4016004 kB
MemFree:          126288 kB
Active:           449328 kB
Mem:          3.8G       3.7G       123M       5.7M        22M       3.2G

MemTotal:        4016004 kB
MemFree:          123672 kB
Active:           447440 kB
Mem:          3.8G       3.7G       120M       5.7M        22M       3.3G

MemTotal:        4016004 kB
MemFree:          109268 kB
Active:           446444 kB
Mem:          3.8G       3.7G       106M       5.7M        22M       3.3G

MemTotal:        4016004 kB
MemFree:          131824 kB
Active:           444168 kB
Mem:          3.8G       3.7G       128M       5.7M        22M       3.2G

MemTotal:        4016004 kB
MemFree:          131992 kB
Active:           442268 kB
Mem:          3.8G       3.7G       128M       5.7M        22M       3.2G

MemTotal:        4016004 kB
MemFree:          128856 kB
Active:           440888 kB
Mem:          3.8G       3.7G       125M       5.7M        22M       3.2G

MemTotal:        4016004 kB
MemFree:          131276 kB
Active:           438988 kB
Mem:          3.8G       3.7G       128M       5.7M        22M       3.2G

MemTotal:        4016004 kB
MemFree:          138968 kB
Active:           436832 kB
Mem:          3.8G       3.7G       135M       5.7M        23M       3.2G

MemTotal:        4016004 kB
MemFree:          130172 kB
Active:           435588 kB
Mem:          3.8G       3.7G       127M       5.7M        23M       3.2G

MemTotal:        4016004 kB
MemFree:          147824 kB
Active:           431312 kB
Mem:          3.8G       3.7G       144M       5.7M        23M       3.2G

MemTotal:        4016004 kB
MemFree:          126708 kB
Active:           430700 kB
Mem:          3.8G       3.7G       123M       5.7M        23M       3.2G

MemTotal:        4016004 kB
MemFree:          123164 kB
Active:           428800 kB
Mem:          3.8G       3.7G       120M       5.7M        23M       3.3G

MemTotal:        4016004 kB
MemFree:          128552 kB
Active:           427284 kB
Mem:          3.8G       3.7G       125M       5.7M        23M       3.2G

MemTotal:        4016004 kB
MemFree:          125180 kB
Active:           425780 kB
Mem:          3.8G       3.7G       122M       5.7M        23M       3.2G

MemTotal:        4016004 kB
MemFree:          104968 kB
Active:           425312 kB
Mem:          3.8G       3.7G       102M       5.7M        23M       3.3G

MemTotal:        4016004 kB
MemFree:          121784 kB
Active:           422904 kB
Mem:          3.8G       3.7G       119M       5.7M        23M       3.3G

MemTotal:        4016004 kB
MemFree:          113708 kB
Active:           421904 kB
Mem:          3.8G       3.7G       111M       5.7M        23M       3.3G

MemTotal:        4016004 kB
MemFree:          127964 kB
Active:           419752 kB
Mem:          3.8G       3.7G       124M       5.7M        23M       3.2G

MemTotal:        4016004 kB
MemFree:          132888 kB
Active:           417736 kB
Mem:          3.8G       3.7G       129M       5.7M        23M       3.2G

MemTotal:        4016004 kB
MemFree:          127876 kB
Active:           415928 kB
Mem:          3.8G       3.7G       124M       5.7M        23M       3.2G

MemTotal:        4016004 kB
MemFree:          128544 kB
Active:           415248 kB
Mem:          3.8G       3.7G       125M       5.7M        23M       3.2G

MemTotal:        4016004 kB
MemFree:          107592 kB
Active:           415108 kB
Mem:          3.8G       3.7G       104M       5.7M        24M       3.3G

MemTotal:        4016004 kB
MemFree:          122776 kB
Active:           419108 kB
Mem:          3.8G       3.7G       117M       5.7M        28M       3.2G

MemTotal:        4016004 kB
MemFree:          119080 kB
Active:           419284 kB
Mem:          3.8G       3.7G       116M       5.7M        28M       3.2G

MemTotal:        4016004 kB
MemFree:          127700 kB
Active:           416752 kB
Mem:          3.8G       3.7G       124M       5.7M        28M       3.2G

MemTotal:        4016004 kB
MemFree:          123692 kB
Active:           415088 kB
Mem:          3.8G       3.7G       120M       5.7M        28M       3.2G

MemTotal:        4016004 kB
MemFree:          126284 kB
Active:           411928 kB
Mem:          3.8G       3.7G       122M       5.7M        28M       3.2G

MemTotal:        4016004 kB
MemFree:          118276 kB
Active:           410400 kB
Mem:          3.8G       3.7G       115M       5.7M        28M       3.2G

MemTotal:        4016004 kB
MemFree:          107476 kB
Active:           407256 kB
Mem:          3.8G       3.7G       104M       5.7M        28M       3.3G

MemTotal:        4016004 kB
MemFree:          132388 kB
Active:           403044 kB
Mem:          3.8G       3.7G       128M       5.7M        28M       3.2G

MemTotal:        4016004 kB
MemFree:          128364 kB
Active:           401388 kB
Mem:          3.8G       3.7G       124M       5.7M        28M       3.2G

MemTotal:        4016004 kB
MemFree:          128056 kB
Active:           399468 kB
Mem:          3.8G       3.7G       124M       5.7M        28M       3.2G

MemTotal:        4016004 kB
MemFree:          109940 kB
Active:           399468 kB
Mem:          3.8G       3.7G       107M       5.7M        28M       3.3G

MemTotal:        4016004 kB
MemFree:          119696 kB
Active:           398324 kB
Mem:          3.8G       3.7G       116M       5.7M        28M       3.2G

MemTotal:        4016004 kB
MemFree:          121196 kB
Active:           396660 kB
Mem:          3.8G       3.7G       118M       5.7M        28M       3.2G

MemTotal:        4016004 kB
MemFree:          110436 kB
Active:           395512 kB
Mem:          3.8G       3.7G       107M       5.7M        28M       3.3G

MemTotal:        4016004 kB
MemFree:          134868 kB
Active:           393336 kB
Mem:          3.8G       3.7G       131M       5.7M        28M       3.2G

MemTotal:        4016004 kB
MemFree:          107004 kB
Active:           392324 kB
Mem:          3.8G       3.7G       103M       5.7M        28M       3.3G

MemTotal:        4016004 kB
MemFree:          132280 kB
Active:           388188 kB
Mem:          3.8G       3.7G       128M       5.7M        28M       3.2G

MemTotal:        4016004 kB
MemFree:          122192 kB
Active:           386916 kB
Mem:          3.8G       3.7G       118M       5.7M        28M       3.2G

MemTotal:        4016004 kB
MemFree:          122260 kB
Active:           383356 kB
Mem:          3.8G       3.7G       119M       5.7M        28M       3.2G

MemTotal:        4016004 kB
MemFree:          136528 kB
Active:           383364 kB
Mem:          3.8G       3.7G       132M       5.7M        28M       3.2G

MemTotal:        4016004 kB
MemFree:          116644 kB
Active:           383364 kB
Mem:          3.8G       3.7G       113M       5.7M        28M       3.2G

MemTotal:        4016004 kB
MemFree:          116564 kB
Active:           383368 kB
Mem:          3.8G       3.7G       113M       5.7M        28M       3.2G

MemTotal:        4016004 kB
MemFree:          143520 kB
Active:           383372 kB
Mem:          3.8G       3.7G       139M       5.7M        28M       3.2G

MemTotal:        4016004 kB
MemFree:          133504 kB
Active:           383372 kB
Mem:          3.8G       3.7G       130M       5.7M        28M       3.2G

MemTotal:        4016004 kB
MemFree:          128044 kB
Active:           383376 kB
Mem:          3.8G       3.7G       124M       5.7M        28M       3.2G

MemTotal:        4016004 kB
MemFree:          124592 kB
Active:           383384 kB
Mem:          3.8G       3.7G       120M       5.7M        28M       3.2G

MemTotal:        4016004 kB
MemFree:          104904 kB
Active:           383384 kB
Mem:          3.8G       3.7G       125M       5.7M        28M       3.2G

MemTotal:        4016004 kB
MemFree:          124348 kB
Active:           383388 kB
Mem:          3.8G       3.7G       120M       5.7M        28M       3.2G

MemTotal:        4016004 kB
MemFree:          125972 kB
Active:           383400 kB
Mem:          3.8G       3.7G       122M       5.7M        28M       3.2G

MemTotal:        4016004 kB
MemFree:          124952 kB
Active:           380268 kB
Mem:          3.8G       3.7G       121M       5.7M        28M       3.2G

MemTotal:        4016004 kB
MemFree:          120248 kB
Active:           380280 kB
Mem:          3.8G       3.7G       116M       5.7M        28M       3.2G

MemTotal:        4016004 kB
MemFree:          128156 kB
Active:           380284 kB
Mem:          3.8G       3.7G       124M       5.7M        28M       3.2G

MemTotal:        4016004 kB
MemFree:          123080 kB
Active:           380296 kB
Mem:          3.8G       3.7G       119M       5.7M        28M       3.2G

MemTotal:        4016004 kB
MemFree:          124240 kB
Active:           380304 kB
Mem:          3.8G       3.7G       120M       5.7M        28M       3.2G

MemTotal:        4016004 kB
MemFree:          126120 kB
Active:           380304 kB
Mem:          3.8G       3.7G       123M       5.7M        28M       3.2G

MemTotal:        4016004 kB
MemFree:          107440 kB
Active:           380304 kB
Mem:          3.8G       3.7G       104M       5.7M        28M       3.3G

MemTotal:        4016004 kB
MemFree:          129576 kB
Active:           380232 kB
Mem:          3.8G       3.7G       126M       5.7M        28M       3.2G

MemTotal:        4016004 kB
MemFree:          119808 kB
Active:           380232 kB
Mem:          3.8G       3.7G       116M       5.7M        28M       3.2G

MemTotal:        4016004 kB
MemFree:          118516 kB
Active:           381236 kB
Mem:          3.8G       3.7G       115M       5.7M        28M       3.2G

MemTotal:        4016004 kB
MemFree:          125504 kB
Active:           380932 kB
Mem:          3.8G       3.7G       122M       5.7M        28M       3.2G

MemTotal:        4016004 kB
MemFree:          114176 kB
Active:           380940 kB
Mem:          3.8G       3.7G       111M       5.7M        28M       3.2G

MemTotal:        4016004 kB
MemFree:          127784 kB
Active:           380944 kB
Mem:          3.8G       3.7G       124M       5.7M        28M       3.2G

MemTotal:        4016004 kB
MemFree:          105016 kB
Active:           380944 kB
Mem:          3.8G       3.7G       125M       5.7M        28M       3.2G

MemTotal:        4016004 kB
MemFree:          106024 kB
Active:           380948 kB
Mem:          3.8G       3.7G       103M       5.7M        28M       3.3G

MemTotal:        4016004 kB
MemFree:          133176 kB
Active:           380948 kB
Mem:          3.8G       3.7G       129M       5.7M        28M       3.2G

MemTotal:        4016004 kB
MemFree:          119668 kB
Active:           380964 kB
Mem:          3.8G       3.7G       117M       5.7M        28M       3.2G

MemTotal:        4016004 kB
MemFree:          115596 kB
Active:           380964 kB
Mem:          3.8G       3.7G       112M       5.7M        28M       3.2G

MemTotal:        4016004 kB
MemFree:          127984 kB
Active:           380980 kB
Mem:          3.8G       3.7G       125M       5.7M        28M       3.2G

MemTotal:        4016004 kB
MemFree:          112956 kB
Active:           382796 kB
Mem:          3.8G       3.7G       109M       5.7M        28M       3.3G

MemTotal:        4016004 kB
MemFree:          125700 kB
Active:           381132 kB
Mem:          3.8G       3.7G       123M       5.7M        28M       3.2G

MemTotal:        4016004 kB
MemFree:          114828 kB
Active:           379708 kB
Mem:          3.8G       3.7G       111M       5.7M        28M       3.2G

MemTotal:        4016004 kB
MemFree:          128060 kB
Active:           379708 kB
Mem:          3.8G       3.7G       124M       5.7M        28M       3.2G

MemTotal:        4016004 kB
MemFree:          123796 kB
Active:           379708 kB
Mem:          3.8G       3.7G       120M       5.7M        28M       3.2G

MemTotal:        4016004 kB
MemFree:          125892 kB
Active:           379712 kB
Mem:          3.8G       3.7G       122M       5.7M        28M       3.2G

MemTotal:        4016004 kB
MemFree:          121020 kB
Active:           379716 kB
Mem:          3.8G       3.7G       117M       5.7M        28M       3.2G

MemTotal:        4016004 kB
MemFree:          131108 kB
Active:           379736 kB
Mem:          3.8G       3.7G       128M       5.7M        28M       3.2G

MemTotal:        4016004 kB
MemFree:          125464 kB
Active:           379744 kB
Mem:          3.8G       3.7G       122M       5.7M        28M       3.2G

MemTotal:        4016004 kB
MemFree:          108360 kB
Active:           379748 kB
Mem:          3.8G       3.7G       105M       5.7M        28M       3.3G

MemTotal:        4016004 kB
MemFree:          127040 kB
Active:           377288 kB
Mem:          3.8G       3.7G       123M       5.7M        28M       3.2G

MemTotal:        4016004 kB
MemFree:          116956 kB
Active:           377100 kB
Mem:          3.8G       3.7G       113M       5.7M        28M       3.2G

MemTotal:        4016004 kB
MemFree:          126292 kB
Active:           377100 kB
Mem:          3.8G       3.7G       123M       5.7M        28M       3.2G

MemTotal:        4016004 kB
MemFree:          126204 kB
Active:           377104 kB
Mem:          3.8G       3.7G       123M       5.7M        28M       3.2G

MemTotal:        4016004 kB
MemFree:          117924 kB
Active:           377108 kB
Mem:          3.8G       3.7G       114M       5.7M        28M       3.2G

MemTotal:        4016004 kB
MemFree:          107908 kB
Active:           377108 kB
Mem:          3.8G       3.7G       104M       5.7M        28M       3.3G

MemTotal:        4016004 kB
MemFree:          124040 kB
Active:           377108 kB
Mem:          3.8G       3.7G       120M       5.7M        28M       3.2G

MemTotal:        4016004 kB
MemFree:          113900 kB
Active:           377116 kB
Mem:          3.8G       3.7G       110M       5.7M        28M       3.2G

MemTotal:        4016004 kB
MemFree:          114532 kB
Active:           377116 kB
Mem:          3.8G       3.7G       111M       5.7M        28M       3.2G

MemTotal:        4016004 kB
MemFree:          105508 kB
Active:           376492 kB
Mem:          3.8G       3.7G       102M       5.7M        28M       3.3G

MemTotal:        4016004 kB
MemFree:          106980 kB
Active:           376380 kB
Mem:          3.8G       3.7G       103M       5.7M        28M       3.3G

MemTotal:        4016004 kB
MemFree:          131568 kB
Active:           376380 kB
Mem:          3.8G       3.7G       127M       5.7M        28M       3.2G

MemTotal:        4016004 kB
MemFree:          128336 kB
Active:           376392 kB
Mem:          3.8G       3.7G       125M       5.7M        28M       3.2G

MemTotal:        4016004 kB
MemFree:          127680 kB
Active:           376516 kB
Mem:          3.8G       3.7G       124M       5.7M        28M       3.2G

MemTotal:        4016004 kB
MemFree:          118836 kB
Active:           376400 kB
Mem:          3.8G       3.7G       115M       5.7M        28M       3.2G

MemTotal:        4016004 kB
MemFree:          108308 kB
Active:           376400 kB
Mem:          3.8G       3.7G       105M       5.7M        28M       3.3G

MemTotal:        4016004 kB
MemFree:          108584 kB
Active:           376408 kB
Mem:          3.8G       3.7G       105M       5.7M        28M       3.3G

MemTotal:        4016004 kB
MemFree:          136808 kB
Active:           374260 kB
Mem:          3.8G       3.7G       133M       5.7M        28M       3.2G

MemTotal:        4016004 kB
MemFree:          126156 kB
Active:           373780 kB
Mem:          3.8G       3.7G       122M       5.7M        28M       3.2G

MemTotal:        4016004 kB
MemFree:          122364 kB
Active:           373484 kB
Mem:          3.8G       3.7G       118M       5.7M        28M       3.2G

MemTotal:        4016004 kB
MemFree:          124188 kB
Active:           373484 kB
Mem:          3.8G       3.7G       120M       5.7M        28M       3.2G

MemTotal:        4016004 kB
MemFree:          105540 kB
Active:           373484 kB
Mem:          3.8G       3.7G       102M       5.7M        28M       3.3G

MemTotal:        4016004 kB
MemFree:          128000 kB
Active:           373364 kB
Mem:          3.8G       3.7G       124M       5.7M        28M       3.2G

MemTotal:        4016004 kB
MemFree:          126756 kB
Active:           373368 kB
Mem:          3.8G       3.7G       123M       5.7M        28M       3.2G

MemTotal:        4016004 kB
MemFree:          128036 kB
Active:           373248 kB
Mem:          3.8G       3.7G       124M       5.7M        28M       3.2G

MemTotal:        4016004 kB
MemFree:          124464 kB
Active:           373256 kB
Mem:          3.8G       3.7G       121M       5.7M        28M       3.2G

MemTotal:        4016004 kB
MemFree:          122460 kB
Active:           373260 kB
Mem:          3.8G       3.7G       119M       5.7M        28M       3.2G

MemTotal:        4016004 kB
MemFree:          121816 kB
Active:           373264 kB
Mem:          3.8G       3.7G       119M       5.7M        28M       3.2G

MemTotal:        4016004 kB
MemFree:          128008 kB
Active:           371748 kB
Mem:          3.8G       3.7G       124M       5.7M        28M       3.2G

MemTotal:        4016004 kB
MemFree:          119000 kB
Active:           371660 kB
Mem:          3.8G       3.7G       115M       5.7M        28M       3.2G

MemTotal:        4016004 kB
MemFree:          108444 kB
Active:           371660 kB
Mem:          3.8G       3.7G       105M       5.7M        28M       3.3G

MemTotal:        4016004 kB
MemFree:          128684 kB
Active:           371668 kB
Mem:          3.8G       3.7G       124M       5.7M        28M       3.2G

MemTotal:        4016004 kB
MemFree:          129440 kB
Active:           371668 kB
Mem:          3.8G       3.7G       126M       5.7M        28M       3.2G

MemTotal:        4016004 kB
MemFree:          119548 kB
Active:           371668 kB
Mem:          3.8G       3.7G       116M       5.7M        28M       3.2G

MemTotal:        4016004 kB
MemFree:          121172 kB
Active:           371668 kB
Mem:          3.8G       3.7G       118M       5.7M        28M       3.2G

MemTotal:        4016004 kB
MemFree:          125044 kB
Active:           371668 kB
Mem:          3.8G       3.7G       121M       5.7M        28M       3.2G

MemTotal:        4016004 kB
MemFree:          128424 kB
Active:           365836 kB
Mem:          3.8G       3.7G       124M       5.7M        28M       3.2G

MemTotal:        4016004 kB
MemFree:          125260 kB
Active:           365700 kB
Mem:          3.8G       3.7G       122M       5.7M        28M       3.2G

MemTotal:        4016004 kB
MemFree:          133304 kB
Active:           365716 kB
Mem:          3.8G       3.7G       129M       5.7M        28M       3.2G

MemTotal:        4016004 kB
MemFree:          134512 kB
Active:           365716 kB
Mem:          3.8G       3.7G       130M       5.7M        28M       3.2G

MemTotal:        4016004 kB
MemFree:          126324 kB
Active:           365724 kB
Mem:          3.8G       3.7G       123M       5.7M        28M       3.2G

MemTotal:        4016004 kB
MemFree:          129752 kB
Active:           365732 kB
Mem:          3.8G       3.7G       126M       5.7M        28M       3.2G

MemTotal:        4016004 kB
MemFree:          130128 kB
Active:           365732 kB
Mem:          3.8G       3.7G       127M       5.7M        28M       3.2G

MemTotal:        4016004 kB
MemFree:          122800 kB
Active:           365732 kB
Mem:          3.8G       3.7G       119M       5.7M        28M       3.2G

MemTotal:        4016004 kB
MemFree:          124300 kB
Active:           365736 kB
Mem:          3.8G       3.7G       120M       5.7M        28M       3.2G

MemTotal:        4016004 kB
MemFree:          126376 kB
Active:           365736 kB
Mem:          3.8G       3.7G       122M       5.7M        28M       3.2G

MemTotal:        4016004 kB
MemFree:          127960 kB
Active:           365748 kB
Mem:          3.8G       3.7G       124M       5.7M        28M       3.2G

MemTotal:        4016004 kB
MemFree:          124556 kB
Active:           365748 kB
Mem:          3.8G       3.7G       121M       5.7M        28M       3.2G

MemTotal:        4016004 kB
MemFree:          126236 kB
Active:           365288 kB
Mem:          3.8G       3.7G       123M       5.7M        28M       3.2G

MemTotal:        4016004 kB
MemFree:          115576 kB
Active:           362428 kB
Mem:          3.8G       3.7G       112M       5.7M        28M       3.2G

MemTotal:        4016004 kB
MemFree:          105048 kB
Active:           362220 kB
Mem:          3.8G       3.7G       102M       5.7M        28M       3.3G

MemTotal:        4016004 kB
MemFree:          122436 kB
Active:           362228 kB
Mem:          3.8G       3.7G       119M       5.7M        28M       3.2G

MemTotal:        4016004 kB
MemFree:          131792 kB
Active:           362236 kB
Mem:          3.8G       3.7G       128M       5.7M        28M       3.2G

MemTotal:        4016004 kB
MemFree:          138828 kB
Active:           362244 kB
Mem:          3.8G       3.7G       135M       5.7M        28M       3.2G

MemTotal:        4016004 kB
MemFree:          129208 kB
Active:           362116 kB
Mem:          3.8G       3.7G       125M       5.7M        28M       3.2G

MemTotal:        4016004 kB
MemFree:          118944 kB
Active:           362120 kB
Mem:          3.8G       3.7G       115M       5.7M        28M       3.2G

MemTotal:        4016004 kB
MemFree:          126120 kB
Active:           362128 kB
Mem:          3.8G       3.7G       122M       5.7M        28M       3.2G

MemTotal:        4016004 kB
MemFree:          116104 kB
Active:           362128 kB
Mem:          3.8G       3.7G       112M       5.7M        28M       3.2G

MemTotal:        4016004 kB
MemFree:          104832 kB
Active:           362276 kB
Mem:          3.8G       3.7G       125M       5.7M        28M       3.2G

MemTotal:        4016004 kB
MemFree:          115568 kB
Active:           362132 kB
Mem:          3.8G       3.7G       112M       5.7M        28M       3.2G

MemTotal:        4016004 kB
MemFree:          108328 kB
Active:           359916 kB
Mem:          3.8G       3.7G       105M       5.7M        28M       3.3G

MemTotal:        4016004 kB
MemFree:          134156 kB
Active:           359784 kB
Mem:          3.8G       3.7G       130M       5.7M        28M       3.2G

MemTotal:        4016004 kB
MemFree:          130800 kB
Active:           359740 kB
Mem:          3.8G       3.7G       127M       5.7M        28M       3.2G

MemTotal:        4016004 kB
MemFree:          130688 kB
Active:           359788 kB
Mem:          3.8G       3.7G       127M       5.7M        28M       3.2G

MemTotal:        4016004 kB
MemFree:          130816 kB
Active:           359808 kB
Mem:          3.8G       3.7G       127M       5.7M        28M       3.2G

MemTotal:        4016004 kB
MemFree:          141816 kB
Active:           359788 kB
Mem:          3.8G       3.7G       137M       5.7M        28M       3.2G

MemTotal:        4016004 kB
MemFree:          133836 kB
Active:           359816 kB
Mem:          3.8G       3.7G       130M       5.7M        28M       3.2G

MemTotal:        4016004 kB
MemFree:          124180 kB
Active:           359840 kB
Mem:          3.8G       3.7G       120M       5.7M        28M       3.2G

MemTotal:        4016004 kB
MemFree:          113792 kB
Active:           359808 kB
Mem:          3.8G       3.7G       110M       5.7M        28M       3.2G

MemTotal:        4016004 kB
MemFree:          116052 kB
Active:           359808 kB
Mem:          3.8G       3.7G       111M       5.7M        28M       3.2G

MemTotal:        4016004 kB
MemFree:          123504 kB
Active:           359800 kB
Mem:          3.8G       3.7G       120M       5.7M        28M       3.2G

MemTotal:        4016004 kB
MemFree:          112976 kB
Active:           359824 kB
Mem:          3.8G       3.7G       110M       5.7M        28M       3.2G

MemTotal:        4016004 kB
MemFree:          127248 kB
Active:           359812 kB
Mem:          3.8G       3.7G       123M       5.7M        28M       3.2G

MemTotal:        4016004 kB
MemFree:          113768 kB
Active:           357360 kB
Mem:          3.8G       3.7G       110M       5.7M        28M       3.2G

MemTotal:        4016004 kB
MemFree:          127140 kB
Active:           357280 kB
Mem:          3.8G       3.7G       123M       5.7M        28M       3.2G

MemTotal:        4016004 kB
MemFree:          110556 kB
Active:           357288 kB
Mem:          3.8G       3.7G       107M       5.7M        28M       3.2G

MemTotal:        4016004 kB
MemFree:          109836 kB
Active:           357300 kB
Mem:          3.8G       3.7G       107M       5.7M        28M       3.2G

MemTotal:        4016004 kB
MemFree:          109776 kB
Active:           357284 kB
Mem:          3.8G       3.7G       107M       5.7M        28M       3.2G

MemTotal:        4016004 kB
MemFree:          110064 kB
Active:           357324 kB
Mem:          3.8G       3.7G       107M       5.7M        28M       3.2G

MemTotal:        4016004 kB
MemFree:          109536 kB
Active:           357300 kB
Mem:          3.8G       3.7G       106M       5.7M        28M       3.2G

MemTotal:        4016004 kB
MemFree:          129748 kB
Active:           357320 kB
Mem:          3.8G       3.7G       126M       5.7M        28M       3.2G

MemTotal:        4016004 kB
MemFree:          113640 kB
Active:           357312 kB
Mem:          3.8G       3.7G       110M       5.7M        28M       3.2G

MemTotal:        4016004 kB
MemFree:          126872 kB
Active:           357316 kB
Mem:          3.8G       3.7G       123M       5.7M        28M       3.2G

MemTotal:        4016004 kB
MemFree:          125172 kB
Active:           357292 kB
Mem:          3.8G       3.7G       121M       5.7M        28M       3.2G

MemTotal:        4016004 kB
MemFree:          121148 kB
Active:           357324 kB
Mem:          3.8G       3.7G       117M       5.7M        28M       3.2G

MemTotal:        4016004 kB
MemFree:          104916 kB
Active:           357340 kB
Mem:          3.8G       3.7G       124M       5.7M        28M       3.2G

MemTotal:        4016004 kB
MemFree:          135228 kB
Active:           357304 kB
Mem:          3.8G       3.7G       132M       5.7M        28M       3.2G

MemTotal:        4016004 kB
MemFree:          110768 kB
Active:           357308 kB
Mem:          3.8G       3.7G       107M       5.7M        28M       3.2G

MemTotal:        4016004 kB
MemFree:          128764 kB
Active:           353340 kB
Mem:          3.8G       3.7G       125M       5.7M        28M       3.2G

MemTotal:        4016004 kB
MemFree:          126612 kB
Active:           353108 kB
Mem:          3.8G       3.7G       123M       5.7M        28M       3.2G

MemTotal:        4016004 kB
MemFree:          106500 kB
Active:           353116 kB
Mem:          3.8G       3.7G       103M       5.7M        28M       3.2G

MemTotal:        4016004 kB
MemFree:          112292 kB
Active:           353128 kB
Mem:          3.8G       3.7G       109M       5.7M        28M       3.2G

MemTotal:        4016004 kB
MemFree:          108900 kB
Active:           353124 kB
Mem:          3.8G       3.7G       106M       5.7M        28M       3.2G

MemTotal:        4016004 kB
MemFree:          107232 kB
Active:           353128 kB
Mem:          3.8G       3.7G       104M       5.7M        28M       3.2G

MemTotal:        4016004 kB
MemFree:          133768 kB
Active:           353136 kB
Mem:          3.8G       3.7G       130M       5.7M        28M       3.2G

MemTotal:        4016004 kB
MemFree:          140724 kB
Active:           353144 kB
Mem:          3.8G       3.7G       136M       5.7M        28M       3.2G

MemTotal:        4016004 kB
MemFree:          131204 kB
Active:           353144 kB
Mem:          3.8G       3.7G       127M       5.7M        28M       3.2G

MemTotal:        4016004 kB
MemFree:          121172 kB
Active:           353108 kB
Mem:          3.8G       3.7G       117M       5.7M        28M       3.2G

MemTotal:        4016004 kB
MemFree:          127896 kB
Active:           353128 kB
Mem:          3.8G       3.7G       124M       5.7M        28M       3.2G

MemTotal:        4016004 kB
MemFree:          118732 kB
Active:           353148 kB
Mem:          3.8G       3.7G       115M       5.7M        28M       3.2G

MemTotal:        4016004 kB
MemFree:          108252 kB
Active:           353116 kB
Mem:          3.8G       3.7G       105M       5.7M        28M       3.2G

MemTotal:        4016004 kB
MemFree:          132312 kB
Active:           353148 kB
Mem:          3.8G       3.7G       128M       5.7M        28M       3.2G

MemTotal:        4016004 kB
MemFree:          129256 kB
Active:           353160 kB
Mem:          3.8G       3.7G       125M       5.7M        28M       3.2G

MemTotal:        4016004 kB
MemFree:          128908 kB
Active:           353160 kB
Mem:          3.8G       3.7G       125M       5.7M        28M       3.2G

MemTotal:        4016004 kB
MemFree:          128944 kB
Active:           353140 kB
Mem:          3.8G       3.7G       125M       5.7M        28M       3.2G

MemTotal:        4016004 kB
MemFree:          114252 kB
Active:           353148 kB
Mem:          3.8G       3.7G       110M       5.7M        28M       3.2G

MemTotal:        4016004 kB
MemFree:          121676 kB
Active:           353180 kB
Mem:          3.8G       3.7G       118M       5.7M        28M       3.2G

MemTotal:        4016004 kB
MemFree:          106800 kB
Active:           353024 kB
Mem:          3.8G       3.7G       103M       5.7M        28M       3.2G

MemTotal:        4016004 kB
MemFree:          124372 kB
Active:           354976 kB
Mem:          3.8G       3.7G       120M       5.7M        28M       3.2G

MemTotal:        4016004 kB
MemFree:          126700 kB
Active:           354912 kB
Mem:          3.8G       3.7G       122M       5.7M        28M       3.2G

MemTotal:        4016004 kB
MemFree:          122304 kB
Active:           354960 kB
Mem:          3.8G       3.7G       119M       5.7M        28M       3.2G

MemTotal:        4016004 kB
MemFree:          124260 kB
Active:           354956 kB
Mem:          3.8G       3.7G       120M       5.7M        28M       3.2G

MemTotal:        4016004 kB
MemFree:          127180 kB
Active:           354960 kB
Mem:          3.8G       3.7G       123M       5.7M        28M       3.2G

MemTotal:        4016004 kB
MemFree:          128236 kB
Active:           354924 kB
Mem:          3.8G       3.7G       124M       5.7M        28M       3.2G

MemTotal:        4016004 kB
MemFree:          124400 kB
Active:           354920 kB
Mem:          3.8G       3.7G       120M       5.7M        28M       3.2G

MemTotal:        4016004 kB
MemFree:          126908 kB
Active:           354920 kB
Mem:          3.8G       3.7G       122M       5.7M        28M       3.2G

MemTotal:        4016004 kB
MemFree:          122392 kB
Active:           354932 kB
Mem:          3.8G       3.7G       119M       5.7M        28M       3.2G

MemTotal:        4016004 kB
MemFree:          117524 kB
Active:           354984 kB
Mem:          3.8G       3.7G       114M       5.7M        28M       3.2G

MemTotal:        4016004 kB
MemFree:          125268 kB
Active:           354996 kB
Mem:          3.8G       3.7G       122M       5.7M        28M       3.2G

MemTotal:        4016004 kB
MemFree:          123784 kB
Active:           354952 kB
Mem:          3.8G       3.7G       119M       5.7M        28M       3.2G

MemTotal:        4016004 kB
MemFree:          108448 kB
Active:           354660 kB
Mem:          3.8G       3.7G       105M       5.7M        28M       3.2G

MemTotal:        4016004 kB
MemFree:          108272 kB
Active:           354700 kB
Mem:          3.8G       3.7G       105M       5.7M        28M       3.2G

MemTotal:        4016004 kB
MemFree:          108180 kB
Active:           354668 kB
Mem:          3.8G       3.7G       105M       5.7M        28M       3.2G

MemTotal:        4016004 kB
MemFree:          108244 kB
Active:           354664 kB
Mem:          3.8G       3.7G       105M       5.7M        28M       3.2G

MemTotal:        4016004 kB
MemFree:          108244 kB
Active:           354712 kB
Mem:          3.8G       3.7G       105M       5.7M        28M       3.2G

MemTotal:        4016004 kB
MemFree:          108368 kB
Active:           354704 kB
Mem:          3.8G       3.7G       105M       5.7M        28M       3.2G

MemTotal:        4016004 kB
MemFree:          108244 kB
Active:           354692 kB
Mem:          3.8G       3.7G       105M       5.7M        28M       3.2G

MemTotal:        4016004 kB
MemFree:          108244 kB
Active:           354680 kB
Mem:          3.8G       3.7G       105M       5.7M        28M       3.2G

MemTotal:        4016004 kB
MemFree:          108172 kB
Active:           352832 kB
Mem:          3.8G       3.7G       105M       5.7M        28M       3.2G

MemTotal:        4016004 kB
MemFree:          108304 kB
Active:           354728 kB
Mem:          3.8G       3.7G       105M       5.7M        28M       3.2G

MemTotal:        4016004 kB
MemFree:          108304 kB
Active:           354764 kB
Mem:          3.8G       3.7G       105M       5.7M        28M       3.2G

MemTotal:        4016004 kB
MemFree:          108304 kB
Active:           354760 kB
Mem:          3.8G       3.7G       105M       5.7M        28M       3.2G

MemTotal:        4016004 kB
MemFree:          108180 kB
Active:           354732 kB
Mem:          3.8G       3.7G       105M       5.7M        28M       3.2G

MemTotal:        4016004 kB
MemFree:          108304 kB
Active:           354776 kB
Mem:          3.8G       3.7G       105M       5.7M        28M       3.2G

MemTotal:        4016004 kB
MemFree:          108180 kB
Active:           354776 kB
Mem:          3.8G       3.7G       105M       5.7M        28M       3.2G

MemTotal:        4016004 kB
MemFree:          108304 kB
Active:           354760 kB
Mem:          3.8G       3.7G       105M       5.7M        28M       3.2G

MemTotal:        4016004 kB
MemFree:          108428 kB
Active:           354752 kB
Mem:          3.8G       3.7G       105M       5.7M        28M       3.2G

MemTotal:        4016004 kB
MemFree:          108304 kB
Active:           354752 kB
Mem:          3.8G       3.7G       105M       5.7M        28M       3.2G

MemTotal:        4016004 kB
MemFree:          108304 kB
Active:           354736 kB
Mem:          3.8G       3.7G       105M       5.7M        28M       3.2G

MemTotal:        4016004 kB
MemFree:          108180 kB
Active:           354820 kB
Mem:          3.8G       3.7G       105M       5.7M        28M       3.2G

MemTotal:        4016004 kB
MemFree:          108180 kB
Active:           354772 kB
Mem:          3.8G       3.7G       105M       5.7M        28M       3.2G

MemTotal:        4016004 kB
MemFree:          108180 kB
Active:           354788 kB
Mem:          3.8G       3.7G       105M       5.7M        28M       3.2G

MemTotal:        4016004 kB
MemFree:          108304 kB
Active:           354788 kB
Mem:          3.8G       3.7G       105M       5.7M        28M       3.2G

MemTotal:        4016004 kB
MemFree:          108304 kB
Active:           354788 kB
Mem:          3.8G       3.7G       105M       5.7M        28M       3.2G

MemTotal:        4016004 kB
MemFree:          108180 kB
Active:           354792 kB
Mem:          3.8G       3.7G       105M       5.7M        28M       3.2G

MemTotal:        4016004 kB
MemFree:          108304 kB
Active:           354788 kB
Mem:          3.8G       3.7G       105M       5.7M        28M       3.2G

MemTotal:        4016004 kB
MemFree:          108056 kB
Active:           354780 kB
Mem:          3.8G       3.7G       105M       5.7M        28M       3.2G

MemTotal:        4016004 kB
MemFree:          108180 kB
Active:           354828 kB
Mem:          3.8G       3.7G       105M       5.7M        28M       3.2G

MemTotal:        4016004 kB
MemFree:          108180 kB
Active:           354812 kB
Mem:          3.8G       3.7G       105M       5.7M        28M       3.2G

MemTotal:        4016004 kB
MemFree:          108216 kB
Active:           354812 kB
Mem:          3.8G       3.7G       105M       5.7M        28M       3.2G

MemTotal:        4016004 kB
MemFree:          108340 kB
Active:           354804 kB
Mem:          3.8G       3.7G       105M       5.7M        28M       3.2G

MemTotal:        4016004 kB
MemFree:          108340 kB
Active:           354800 kB
Mem:          3.8G       3.7G       105M       5.7M        28M       3.2G

MemTotal:        4016004 kB
MemFree:          108216 kB
Active:           354812 kB
Mem:          3.8G       3.7G       105M       5.7M        28M       3.2G

MemTotal:        4016004 kB
MemFree:          108340 kB
Active:           354812 kB
Mem:          3.8G       3.7G       105M       5.7M        28M       3.2G

MemTotal:        4016004 kB
MemFree:          108340 kB
Active:           354808 kB
Mem:          3.8G       3.7G       105M       5.7M        28M       3.2G

MemTotal:        4016004 kB
MemFree:          108340 kB
Active:           354796 kB
Mem:          3.8G       3.7G       105M       5.7M        28M       3.2G

MemTotal:        4016004 kB
MemFree:          108340 kB
Active:           354812 kB
Mem:          3.8G       3.7G       105M       5.7M        28M       3.2G

MemTotal:        4016004 kB
MemFree:          108340 kB
Active:           354800 kB
Mem:          3.8G       3.7G       105M       5.7M        28M       3.2G

MemTotal:        4016004 kB
MemFree:          108340 kB
Active:           354828 kB
Mem:          3.8G       3.7G       105M       5.7M        28M       3.2G

MemTotal:        4016004 kB
MemFree:          108340 kB
Active:           354816 kB
Mem:          3.8G       3.7G       105M       5.7M        28M       3.2G

MemTotal:        4016004 kB
MemFree:          108340 kB
Active:           354824 kB
Mem:          3.8G       3.7G       105M       5.7M        28M       3.2G

MemTotal:        4016004 kB
MemFree:          108216 kB
Active:           354836 kB
Mem:          3.8G       3.7G       105M       5.7M        28M       3.2G

MemTotal:        4016004 kB
MemFree:          108216 kB
Active:           354788 kB
Mem:          3.8G       3.7G       105M       5.7M        28M       3.2G

MemTotal:        4016004 kB
MemFree:          108340 kB
Active:           354836 kB
Mem:          3.8G       3.7G       105M       5.7M        28M       3.2G

MemTotal:        4016004 kB
MemFree:          108464 kB
Active:           354836 kB
Mem:          3.8G       3.7G       105M       5.7M        28M       3.2G

MemTotal:        4016004 kB
MemFree:          108340 kB
Active:           354816 kB
Mem:          3.8G       3.7G       105M       5.7M        28M       3.2G

MemTotal:        4016004 kB
MemFree:          108340 kB
Active:           354808 kB
Mem:          3.8G       3.7G       105M       5.7M        28M       3.2G

MemTotal:        4016004 kB
MemFree:          108464 kB
Active:           354816 kB
Mem:          3.8G       3.7G       105M       5.7M        28M       3.2G

MemTotal:        4016004 kB
MemFree:          108340 kB
Active:           354816 kB
Mem:          3.8G       3.7G       105M       5.7M        28M       3.2G

MemTotal:        4016004 kB
MemFree:          108340 kB
Active:           354816 kB
Mem:          3.8G       3.7G       105M       5.7M        28M       3.2G

MemTotal:        4016004 kB
MemFree:          108340 kB
Active:           354828 kB
Mem:          3.8G       3.7G       105M       5.7M        28M       3.2G

MemTotal:        4016004 kB
MemFree:          108324 kB
Active:           354844 kB
Mem:          3.8G       3.7G       105M       5.7M        28M       3.2G

MemTotal:        4016004 kB
MemFree:          108324 kB
Active:           354848 kB
Mem:          3.8G       3.7G       105M       5.7M        28M       3.2G

MemTotal:        4016004 kB
MemFree:          108200 kB
Active:           354848 kB
Mem:          3.8G       3.7G       105M       5.7M        28M       3.2G

MemTotal:        4016004 kB
MemFree:          108200 kB
Active:           354844 kB
Mem:          3.8G       3.7G       105M       5.7M        28M       3.2G

MemTotal:        4016004 kB
MemFree:          108200 kB
Active:           354824 kB
Mem:          3.8G       3.7G       105M       5.7M        28M       3.2G

MemTotal:        4016004 kB
MemFree:          108448 kB
Active:           354832 kB
Mem:          3.8G       3.7G       105M       5.7M        28M       3.2G

MemTotal:        4016004 kB
MemFree:          108200 kB
Active:           354832 kB
Mem:          3.8G       3.7G       105M       5.7M        28M       3.2G

MemTotal:        4016004 kB
MemFree:          108200 kB
Active:           354820 kB
Mem:          3.8G       3.7G       105M       5.7M        28M       3.2G

MemTotal:        4016004 kB
MemFree:          108324 kB
Active:           354816 kB
Mem:          3.8G       3.7G       105M       5.7M        28M       3.2G

MemTotal:        4016004 kB
MemFree:          108324 kB
Active:           354816 kB
Mem:          3.8G       3.7G       105M       5.7M        28M       3.2G

MemTotal:        4016004 kB
MemFree:          108324 kB
Active:           354812 kB
Mem:          3.8G       3.7G       105M       5.7M        28M       3.2G

MemTotal:        4016004 kB
MemFree:          108324 kB
Active:           354820 kB
Mem:          3.8G       3.7G       105M       5.7M        28M       3.2G

MemTotal:        4016004 kB
MemFree:          108324 kB
Active:           354816 kB
Mem:          3.8G       3.7G       105M       5.7M        28M       3.2G

MemTotal:        4016004 kB
MemFree:          108200 kB
Active:           354824 kB
Mem:          3.8G       3.7G       105M       5.7M        29M       3.2G

MemTotal:        4016004 kB
MemFree:          108308 kB
Active:           354840 kB
Mem:          3.8G       3.7G       105M       5.7M        29M       3.2G

MemTotal:        4016004 kB
MemFree:          108200 kB
Active:           354844 kB
Mem:          3.8G       3.7G       105M       5.7M        29M       3.2G

MemTotal:        4016004 kB
MemFree:          108200 kB
Active:           354832 kB
Mem:          3.8G       3.7G       105M       5.7M        29M       3.2G

MemTotal:        4016004 kB
MemFree:          108324 kB
Active:           354860 kB
Mem:          3.8G       3.7G       105M       5.7M        29M       3.2G

MemTotal:        4016004 kB
MemFree:          108308 kB
Active:           354864 kB
Mem:          3.8G       3.7G       105M       5.7M        29M       3.2G

MemTotal:        4016004 kB
MemFree:          108184 kB
Active:           354872 kB
Mem:          3.8G       3.7G       105M       5.7M        29M       3.2G

MemTotal:        4016004 kB
MemFree:          108168 kB
Active:           354884 kB
Mem:          3.8G       3.7G       105M       5.7M        29M       3.2G

MemTotal:        4016004 kB
MemFree:          108152 kB
Active:           354872 kB
Mem:          3.8G       3.7G       105M       5.7M        29M       3.2G

MemTotal:        4016004 kB
MemFree:          108308 kB
Active:           354864 kB
Mem:          3.8G       3.7G       105M       5.7M        29M       3.2G

MemTotal:        4016004 kB
MemFree:          108060 kB
Active:           354864 kB
Mem:          3.8G       3.7G       105M       5.7M        29M       3.2G

MemTotal:        4016004 kB
MemFree:          108168 kB
Active:           354864 kB
Mem:          3.8G       3.7G       105M       5.7M        29M       3.2G

MemTotal:        4016004 kB
MemFree:          108152 kB
Active:           354852 kB
Mem:          3.8G       3.7G       105M       5.7M        29M       3.2G

MemTotal:        4016004 kB
MemFree:          108276 kB
Active:           354964 kB
Mem:          3.8G       3.7G       105M       5.7M        29M       3.2G

MemTotal:        4016004 kB
MemFree:          108200 kB
Active:           354984 kB
Mem:          3.8G       3.7G       105M       5.7M        29M       3.2G

MemTotal:        4016004 kB
MemFree:          108124 kB
Active:           354976 kB
Mem:          3.8G       3.7G       105M       5.7M        29M       3.2G

MemTotal:        4016004 kB
MemFree:          108152 kB
Active:           354884 kB
Mem:          3.8G       3.7G       105M       5.7M        29M       3.2G

MemTotal:        4016004 kB
MemFree:          108152 kB
Active:           354856 kB
Mem:          3.8G       3.7G       105M       5.7M        29M       3.2G

MemTotal:        4016004 kB
MemFree:          107904 kB
Active:           354856 kB
Mem:          3.8G       3.7G       105M       5.7M        29M       3.2G

MemTotal:        4016004 kB
MemFree:          108028 kB
Active:           354880 kB
Mem:          3.8G       3.7G       105M       5.7M        29M       3.2G

MemTotal:        4016004 kB
MemFree:          107904 kB
Active:           354892 kB
Mem:          3.8G       3.7G       105M       5.7M        29M       3.2G

MemTotal:        4016004 kB
MemFree:          108152 kB
Active:           354892 kB
Mem:          3.8G       3.7G       105M       5.7M        29M       3.2G

MemTotal:        4016004 kB
MemFree:          108152 kB
Active:           354860 kB
Mem:          3.8G       3.7G       105M       5.7M        29M       3.2G

MemTotal:        4016004 kB
MemFree:          108028 kB
Active:           354892 kB
Mem:          3.8G       3.7G       105M       5.7M        29M       3.2G

MemTotal:        4016004 kB
MemFree:          108028 kB
Active:           354892 kB
Mem:          3.8G       3.7G       105M       5.7M        29M       3.2G

MemTotal:        4016004 kB
MemFree:          108152 kB
Active:           354900 kB
Mem:          3.8G       3.7G       105M       5.7M        29M       3.2G

MemTotal:        4016004 kB
MemFree:          107888 kB
Active:           354900 kB
Mem:          3.8G       3.7G       105M       5.7M        29M       3.2G

MemTotal:        4016004 kB
MemFree:          107764 kB
Active:           354980 kB
Mem:          3.8G       3.7G       105M       5.7M        29M       3.2G

MemTotal:        4016004 kB
MemFree:          107812 kB
Active:           355044 kB
Mem:          3.8G       3.7G       105M       5.7M        29M       3.2G

MemTotal:        4016004 kB
MemFree:          107920 kB
Active:           355092 kB
Mem:          3.8G       3.7G       105M       5.7M        29M       3.2G

MemTotal:        4016004 kB
MemFree:          107796 kB
Active:           355084 kB
Mem:          3.8G       3.7G       105M       5.7M        29M       3.2G

MemTotal:        4016004 kB
MemFree:          107672 kB
Active:           355104 kB
Mem:          3.8G       3.7G       105M       5.7M        29M       3.2G

MemTotal:        4016004 kB
MemFree:          107672 kB
Active:           355096 kB
Mem:          3.8G       3.7G       105M       5.7M        29M       3.2G

MemTotal:        4016004 kB
MemFree:          107796 kB
Active:           355100 kB
Mem:          3.8G       3.7G       105M       5.7M        29M       3.2G

MemTotal:        4016004 kB
MemFree:          107920 kB
Active:           355104 kB
Mem:          3.8G       3.7G       105M       5.7M        29M       3.2G

MemTotal:        4016004 kB
MemFree:          107796 kB
Active:           355112 kB
Mem:          3.8G       3.7G       105M       5.7M        29M       3.2G

MemTotal:        4016004 kB
MemFree:          107672 kB
Active:           355120 kB
Mem:          3.8G       3.7G       105M       5.7M        29M       3.2G

MemTotal:        4016004 kB
MemFree:          107920 kB
Active:           355124 kB
Mem:          3.8G       3.7G       105M       5.7M        29M       3.2G

MemTotal:        4016004 kB
MemFree:          107796 kB
Active:           355080 kB
Mem:          3.8G       3.7G       105M       5.7M        29M       3.2G

MemTotal:        4016004 kB
MemFree:          107672 kB
Active:           355080 kB
Mem:          3.8G       3.7G       105M       5.7M        29M       3.2G

MemTotal:        4016004 kB
MemFree:          107672 kB
Active:           355096 kB
Mem:          3.8G       3.7G       105M       5.7M        29M       3.2G

MemTotal:        4016004 kB
MemFree:          107796 kB
Active:           355100 kB
Mem:          3.8G       3.7G       105M       5.7M        29M       3.2G

MemTotal:        4016004 kB
MemFree:          107672 kB
Active:           355116 kB
Mem:          3.8G       3.7G       105M       5.7M        29M       3.2G

MemTotal:        4016004 kB
MemFree:          107796 kB
Active:           355124 kB
Mem:          3.8G       3.7G       105M       5.7M        29M       3.2G

MemTotal:        4016004 kB
MemFree:          107548 kB
Active:           355128 kB
Mem:          3.8G       3.7G       105M       5.7M        29M       3.2G

MemTotal:        4016004 kB
MemFree:          107812 kB
Active:           355112 kB
Mem:          3.8G       3.7G       105M       5.7M        29M       3.2G

MemTotal:        4016004 kB
MemFree:          107688 kB
Active:           355108 kB
Mem:          3.8G       3.7G       105M       5.7M        29M       3.2G

MemTotal:        4016004 kB
MemFree:          107688 kB
Active:           355100 kB
Mem:          3.8G       3.7G       105M       5.7M        29M       3.2G

MemTotal:        4016004 kB
MemFree:          107812 kB
Active:           355100 kB
Mem:          3.8G       3.7G       105M       5.7M        29M       3.2G

MemTotal:        4016004 kB
MemFree:          107812 kB
Active:           355120 kB
Mem:          3.8G       3.7G       105M       5.7M        29M       3.2G

MemTotal:        4016004 kB
MemFree:          107688 kB
Active:           355100 kB
Mem:          3.8G       3.7G       105M       5.7M        29M       3.2G

MemTotal:        4016004 kB
MemFree:          107688 kB
Active:           355124 kB
Mem:          3.8G       3.7G       105M       5.7M        29M       3.2G

MemTotal:        4016004 kB
MemFree:          107688 kB
Active:           355120 kB
Mem:          3.8G       3.7G       105M       5.7M        29M       3.2G

MemTotal:        4016004 kB
MemFree:          107564 kB
Active:           355120 kB
Mem:          3.8G       3.7G       105M       5.7M        29M       3.2G

MemTotal:        4016004 kB
MemFree:          107688 kB
Active:           355104 kB
Mem:          3.8G       3.7G       105M       5.7M        29M       3.2G

MemTotal:        4016004 kB
MemFree:          107688 kB
Active:           355100 kB
Mem:          3.8G       3.7G       104M       5.7M        29M       3.2G

MemTotal:        4016004 kB
MemFree:          107688 kB
Active:           355096 kB
Mem:          3.8G       3.7G       105M       5.7M        29M       3.2G

MemTotal:        4016004 kB
MemFree:          107688 kB
Active:           355148 kB
Mem:          3.8G       3.7G       105M       5.7M        29M       3.2G

MemTotal:        4016004 kB
MemFree:          107812 kB
Active:           355104 kB
Mem:          3.8G       3.7G       105M       5.7M        29M       3.2G

MemTotal:        4016004 kB
MemFree:          107812 kB
Active:           355140 kB
Mem:          3.8G       3.7G       105M       5.7M        29M       3.2G

MemTotal:        4016004 kB
MemFree:          107688 kB
Active:           355156 kB
Mem:          3.8G       3.7G       105M       5.7M        29M       3.2G

MemTotal:        4016004 kB
MemFree:          107812 kB
Active:           355152 kB
Mem:          3.8G       3.7G       105M       5.7M        29M       3.2G

MemTotal:        4016004 kB
MemFree:          107688 kB
Active:           355144 kB
Mem:          3.8G       3.7G       105M       5.7M        29M       3.2G

MemTotal:        4016004 kB
MemFree:          107688 kB
Active:           355136 kB
Mem:          3.8G       3.7G       105M       5.7M        29M       3.2G

MemTotal:        4016004 kB
MemFree:          107688 kB
Active:           355156 kB
Mem:          3.8G       3.7G       105M       5.7M        29M       3.2G

MemTotal:        4016004 kB
MemFree:          107688 kB
Active:           355132 kB
Mem:          3.8G       3.7G       105M       5.7M        29M       3.2G

MemTotal:        4016004 kB
MemFree:          107564 kB
Active:           355160 kB
Mem:          3.8G       3.7G       104M       5.7M        29M       3.2G

MemTotal:        4016004 kB
MemFree:          107564 kB
Active:           355116 kB
Mem:          3.8G       3.7G       104M       5.7M        29M       3.2G

MemTotal:        4016004 kB
MemFree:          107688 kB
Active:           355136 kB
Mem:          3.8G       3.7G       105M       5.7M        29M       3.2G

MemTotal:        4016004 kB
MemFree:          107564 kB
Active:           355144 kB
Mem:          3.8G       3.7G       105M       5.7M        29M       3.2G

MemTotal:        4016004 kB
MemFree:          107688 kB
Active:           355148 kB
Mem:          3.8G       3.7G       105M       5.7M        29M       3.2G

MemTotal:        4016004 kB
MemFree:          107688 kB
Active:           355128 kB
Mem:          3.8G       3.7G       105M       5.7M        29M       3.2G

MemTotal:        4016004 kB
MemFree:          107688 kB
Active:           355136 kB
Mem:          3.8G       3.7G       104M       5.7M        29M       3.2G

MemTotal:        4016004 kB
MemFree:          107688 kB
Active:           355144 kB
Mem:          3.8G       3.7G       104M       5.7M        29M       3.2G

MemTotal:        4016004 kB
MemFree:          107812 kB
Active:           355128 kB
Mem:          3.8G       3.7G       105M       5.7M        29M       3.2G

MemTotal:        4016004 kB
MemFree:          107812 kB
Active:           355176 kB
Mem:          3.8G       3.7G       105M       5.7M        29M       3.2G

MemTotal:        4016004 kB
MemFree:          107688 kB
Active:           355164 kB
Mem:          3.8G       3.7G       105M       5.7M        29M       3.2G

MemTotal:        4016004 kB
MemFree:          107688 kB
Active:           355148 kB
Mem:          3.8G       3.7G       105M       5.7M        29M       3.2G

MemTotal:        4016004 kB
MemFree:          107688 kB
Active:           355144 kB
Mem:          3.8G       3.7G       105M       5.7M        29M       3.2G

MemTotal:        4016004 kB
MemFree:          107812 kB
Active:           355148 kB
Mem:          3.8G       3.7G       105M       5.7M        29M       3.2G

MemTotal:        4016004 kB
MemFree:          107688 kB
Active:           355156 kB
Mem:          3.8G       3.7G       105M       5.7M        29M       3.2G

MemTotal:        4016004 kB
MemFree:          107688 kB
Active:           355152 kB
Mem:          3.8G       3.7G       105M       5.7M        29M       3.2G

MemTotal:        4016004 kB
MemFree:          107688 kB
Active:           355180 kB
Mem:          3.8G       3.7G       105M       5.7M        29M       3.2G

MemTotal:        4016004 kB
MemFree:          107688 kB
Active:           355156 kB
Mem:          3.8G       3.7G       105M       5.7M        29M       3.2G

MemTotal:        4016004 kB
MemFree:          107564 kB
Active:           355140 kB
Mem:          3.8G       3.7G       105M       5.7M        29M       3.2G

MemTotal:        4016004 kB
MemFree:          107812 kB
Active:           355188 kB
Mem:          3.8G       3.7G       105M       5.7M        29M       3.2G

MemTotal:        4016004 kB
MemFree:          107688 kB
Active:           355176 kB
Mem:          3.8G       3.7G       105M       5.7M        29M       3.2G

MemTotal:        4016004 kB
MemFree:          107688 kB
Active:           355164 kB
Mem:          3.8G       3.7G       105M       5.7M        29M       3.2G

MemTotal:        4016004 kB
MemFree:          107812 kB
Active:           355176 kB
Mem:          3.8G       3.7G       105M       5.7M        29M       3.2G

MemTotal:        4016004 kB
MemFree:          107688 kB
Active:           355188 kB
Mem:          3.8G       3.7G       105M       5.7M        29M       3.2G

MemTotal:        4016004 kB
MemFree:          107688 kB
Active:           355192 kB
Mem:          3.8G       3.7G       105M       5.7M        29M       3.2G

MemTotal:        4016004 kB
MemFree:          107688 kB
Active:           355196 kB
Mem:          3.8G       3.7G       105M       5.7M        29M       3.2G

MemTotal:        4016004 kB
MemFree:          107688 kB
Active:           355192 kB
Mem:          3.8G       3.7G       105M       5.7M        29M       3.2G

MemTotal:        4016004 kB
MemFree:          107688 kB
Active:           355192 kB
Mem:          3.8G       3.7G       105M       5.7M        29M       3.2G

MemTotal:        4016004 kB
MemFree:          107812 kB
Active:           355196 kB
Mem:          3.8G       3.7G       105M       5.7M        29M       3.2G

MemTotal:        4016004 kB
MemFree:          107688 kB
Active:           355144 kB
Mem:          3.8G       3.7G       105M       5.7M        29M       3.2G

MemTotal:        4016004 kB
MemFree:          107564 kB
Active:           355148 kB
Mem:          3.8G       3.7G       105M       5.7M        29M       3.2G

MemTotal:        4016004 kB
MemFree:          107812 kB
Active:           355148 kB
Mem:          3.8G       3.7G       105M       5.7M        29M       3.2G

MemTotal:        4016004 kB
MemFree:          107688 kB
Active:           355208 kB
Mem:          3.8G       3.7G       105M       5.7M        29M       3.2G

MemTotal:        4016004 kB
MemFree:          107688 kB
Active:           355204 kB
Mem:          3.8G       3.7G       105M       5.7M        29M       3.2G

MemTotal:        4016004 kB
MemFree:          107688 kB
Active:           355164 kB
Mem:          3.8G       3.7G       105M       5.7M        29M       3.2G

MemTotal:        4016004 kB
MemFree:          107688 kB
Active:           355184 kB
Mem:          3.8G       3.7G       105M       5.7M        29M       3.2G

MemTotal:        4016004 kB
MemFree:          107440 kB
Active:           355192 kB
Mem:          3.8G       3.7G       105M       5.7M        29M       3.2G

MemTotal:        4016004 kB
MemFree:          107564 kB
Active:           355196 kB
Mem:          3.8G       3.7G       105M       5.7M        29M       3.2G

MemTotal:        4016004 kB
MemFree:          107688 kB
Active:           355204 kB
Mem:          3.8G       3.7G       105M       5.7M        29M       3.2G

MemTotal:        4016004 kB
MemFree:          107564 kB
Active:           355208 kB
Mem:          3.8G       3.7G       105M       5.7M        29M       3.2G

MemTotal:        4016004 kB
MemFree:          107564 kB
Active:           355208 kB
Mem:          3.8G       3.7G       105M       5.7M        29M       3.2G

MemTotal:        4016004 kB
MemFree:          107688 kB
Active:           355208 kB
Mem:          3.8G       3.7G       104M       5.7M        29M       3.2G

MemTotal:        4016004 kB
MemFree:          107688 kB
Active:           355204 kB
Mem:          3.8G       3.7G       105M       5.7M        29M       3.2G

MemTotal:        4016004 kB
MemFree:          107564 kB
Active:           355212 kB
Mem:          3.8G       3.7G       105M       5.7M        29M       3.2G

MemTotal:        4016004 kB
MemFree:          107564 kB
Active:           355200 kB
Mem:          3.8G       3.7G       105M       5.7M        29M       3.2G

MemTotal:        4016004 kB
MemFree:          107688 kB
Active:           355212 kB
Mem:          3.8G       3.7G       105M       5.7M        29M       3.2G

MemTotal:        4016004 kB
MemFree:          107564 kB
Active:           355176 kB
Mem:          3.8G       3.7G       105M       5.7M        29M       3.2G

MemTotal:        4016004 kB
MemFree:          107440 kB
Active:           355224 kB
Mem:          3.8G       3.7G       104M       5.7M        29M       3.2G

MemTotal:        4016004 kB
MemFree:          107440 kB
Active:           355220 kB
Mem:          3.8G       3.7G       104M       5.7M        29M       3.2G

MemTotal:        4016004 kB
MemFree:          107688 kB
Active:           355216 kB
Mem:          3.8G       3.7G       104M       5.7M        29M       3.2G

MemTotal:        4016004 kB
MemFree:          107564 kB
Active:           355208 kB
Mem:          3.8G       3.7G       104M       5.7M        29M       3.2G

MemTotal:        4016004 kB
MemFree:          107564 kB
Active:           355188 kB
Mem:          3.8G       3.7G       105M       5.7M        29M       3.2G

MemTotal:        4016004 kB
MemFree:          107812 kB
Active:           355188 kB
Mem:          3.8G       3.7G       105M       5.7M        29M       3.2G

MemTotal:        4016004 kB
MemFree:          107564 kB
Active:           355224 kB
Mem:          3.8G       3.7G       105M       5.7M        29M       3.2G

MemTotal:        4016004 kB
MemFree:          107440 kB
Active:           355212 kB
Mem:          3.8G       3.7G       104M       5.7M        29M       3.2G

MemTotal:        4016004 kB
MemFree:          107564 kB
Active:           355208 kB
Mem:          3.8G       3.7G       104M       5.7M        29M       3.2G

MemTotal:        4016004 kB
MemFree:          107688 kB
Active:           355192 kB
Mem:          3.8G       3.7G       105M       5.7M        29M       3.2G

MemTotal:        4016004 kB
MemFree:          107564 kB
Active:           355188 kB
Mem:          3.8G       3.7G       105M       5.7M        29M       3.2G

MemTotal:        4016004 kB
MemFree:          107564 kB
Active:           355188 kB
Mem:          3.8G       3.7G       104M       5.7M        29M       3.2G

MemTotal:        4016004 kB
MemFree:          107564 kB
Active:           355188 kB
Mem:          3.8G       3.7G       104M       5.7M        29M       3.2G

MemTotal:        4016004 kB
MemFree:          107564 kB
Active:           355192 kB
Mem:          3.8G       3.7G       104M       5.7M        29M       3.2G

MemTotal:        4016004 kB
MemFree:          107688 kB
Active:           355240 kB
Mem:          3.8G       3.7G       104M       5.7M        29M       3.2G

MemTotal:        4016004 kB
MemFree:          107564 kB
Active:           355232 kB
Mem:          3.8G       3.7G       105M       5.7M        29M       3.2G

MemTotal:        4016004 kB
MemFree:          107564 kB
Active:           355240 kB
Mem:          3.8G       3.7G       105M       5.7M        29M       3.2G

MemTotal:        4016004 kB
MemFree:          107688 kB
Active:           355208 kB
Mem:          3.8G       3.7G       104M       5.7M        29M       3.2G

MemTotal:        4016004 kB
MemFree:          107688 kB
Active:           355220 kB
Mem:          3.8G       3.7G       105M       5.7M        29M       3.2G

MemTotal:        4016004 kB
MemFree:          107564 kB
Active:           355236 kB
Mem:          3.8G       3.7G       105M       5.7M        29M       3.2G

MemTotal:        4016004 kB
MemFree:          107564 kB
Active:           355236 kB
Mem:          3.8G       3.7G       104M       5.7M        29M       3.2G

MemTotal:        4016004 kB
MemFree:          107440 kB
Active:           355252 kB
Mem:          3.8G       3.7G       104M       5.7M        29M       3.2G

MemTotal:        4016004 kB
MemFree:          107564 kB
Active:           355252 kB
Mem:          3.8G       3.7G       105M       5.7M        29M       3.2G

MemTotal:        4016004 kB
MemFree:          107440 kB
Active:           355224 kB
Mem:          3.8G       3.7G       104M       5.7M        29M       3.2G

MemTotal:        4016004 kB
MemFree:          107564 kB
Active:           355212 kB
Mem:          3.8G       3.7G       105M       5.7M        29M       3.2G

MemTotal:        4016004 kB
MemFree:          107440 kB
Active:           355216 kB
Mem:          3.8G       3.7G       104M       5.7M        29M       3.2G

MemTotal:        4016004 kB
MemFree:          107440 kB
Active:           355224 kB
Mem:          3.8G       3.7G       104M       5.7M        29M       3.2G

MemTotal:        4016004 kB
MemFree:          107316 kB
Active:           355220 kB
Mem:          3.8G       3.7G       104M       5.7M        29M       3.2G

MemTotal:        4016004 kB
MemFree:          107440 kB
Active:           355212 kB
Mem:          3.8G       3.7G       104M       5.7M        29M       3.2G

MemTotal:        4016004 kB
MemFree:          107440 kB
Active:           355220 kB
Mem:          3.8G       3.7G       104M       5.7M        29M       3.2G

MemTotal:        4016004 kB
MemFree:          107316 kB
Active:           355216 kB
Mem:          3.8G       3.7G       104M       5.7M        29M       3.2G

MemTotal:        4016004 kB
MemFree:          107564 kB
Active:           355224 kB
Mem:          3.8G       3.7G       104M       5.7M        29M       3.2G

MemTotal:        4016004 kB
MemFree:          107564 kB
Active:           355228 kB
Mem:          3.8G       3.7G       104M       5.7M        29M       3.2G

MemTotal:        4016004 kB
MemFree:          107564 kB
Active:           355212 kB
Mem:          3.8G       3.7G       104M       5.7M        29M       3.2G

MemTotal:        4016004 kB
MemFree:          107440 kB
Active:           355264 kB
Mem:          3.8G       3.7G       104M       5.7M        29M       3.2G

MemTotal:        4016004 kB
MemFree:          107440 kB
Active:           355272 kB
Mem:          3.8G       3.7G       104M       5.7M        29M       3.2G

MemTotal:        4016004 kB
MemFree:          107612 kB
Active:           355060 kB
Mem:          3.8G       3.7G       104M       5.7M        29M       3.2G

MemTotal:        4016004 kB
MemFree:          107116 kB
Active:           355048 kB
Mem:          3.8G       3.7G       104M       5.7M        29M       3.2G

MemTotal:        4016004 kB
MemFree:          106620 kB
Active:           355104 kB
Mem:          3.8G       3.7G       104M       5.7M        29M       3.2G

MemTotal:        4016004 kB
MemFree:          107012 kB
Active:           355104 kB
Mem:          3.8G       3.7G       104M       5.7M        29M       3.2G

MemTotal:        4016004 kB
MemFree:          107260 kB
Active:           355100 kB
Mem:          3.8G       3.7G       104M       5.7M        29M       3.2G

MemTotal:        4016004 kB
MemFree:          107136 kB
Active:           355116 kB
Mem:          3.8G       3.7G       104M       5.7M        29M       3.2G

MemTotal:        4016004 kB
MemFree:          106764 kB
Active:           355120 kB
Mem:          3.8G       3.7G       104M       5.7M        29M       3.2G

MemTotal:        4016004 kB
MemFree:          107136 kB
Active:           355116 kB
Mem:          3.8G       3.7G       104M       5.7M        29M       3.2G

MemTotal:        4016004 kB
MemFree:          107260 kB
Active:           355080 kB
Mem:          3.8G       3.7G       104M       5.7M        29M       3.2G

MemTotal:        4016004 kB
MemFree:          107012 kB
Active:           355128 kB
Mem:          3.8G       3.7G       104M       5.7M        29M       3.2G

MemTotal:        4016004 kB
MemFree:          107260 kB
Active:           355084 kB
Mem:          3.8G       3.7G       104M       5.7M        29M       3.2G

MemTotal:        4016004 kB
MemFree:          107384 kB
Active:           355080 kB
Mem:          3.8G       3.7G       104M       5.7M        29M       3.2G

MemTotal:        4016004 kB
MemFree:          107260 kB
Active:           355140 kB
Mem:          3.8G       3.7G       104M       5.7M        29M       3.2G

MemTotal:        4016004 kB
MemFree:          107260 kB
Active:           355084 kB
Mem:          3.8G       3.7G       104M       5.7M        29M       3.2G

MemTotal:        4016004 kB
MemFree:          106888 kB
Active:           355140 kB
Mem:          3.8G       3.7G       104M       5.7M        29M       3.2G

MemTotal:        4016004 kB
MemFree:          107260 kB
Active:           355092 kB
Mem:          3.8G       3.7G       104M       5.7M        29M       3.2G

MemTotal:        4016004 kB
MemFree:          107152 kB
Active:           355092 kB
Mem:          3.8G       3.7G       104M       5.7M        29M       3.2G

MemTotal:        4016004 kB
MemFree:          106656 kB
Active:           355140 kB
Mem:          3.8G       3.7G       104M       5.7M        29M       3.2G

MemTotal:        4016004 kB
MemFree:          106532 kB
Active:           355140 kB
Mem:          3.8G       3.7G       104M       5.7M        29M       3.2G

MemTotal:        4016004 kB
MemFree:          106904 kB
Active:           355096 kB
Mem:          3.8G       3.7G       104M       5.7M        29M       3.2G

MemTotal:        4016004 kB
MemFree:          107400 kB
Active:           355104 kB
Mem:          3.8G       3.7G       105M       5.7M        29M       3.2G

MemTotal:        4016004 kB
MemFree:          107896 kB
Active:           355124 kB
Mem:          3.8G       3.7G       105M       5.7M        29M       3.2G

MemTotal:        4016004 kB
MemFree:          107780 kB
Active:           355120 kB
Mem:          3.8G       3.7G       105M       5.7M        29M       3.2G

MemTotal:        4016004 kB
MemFree:          107408 kB
Active:           355156 kB
Mem:          3.8G       3.7G       105M       5.7M        29M       3.2G

MemTotal:        4016004 kB
MemFree:          107904 kB
Active:           355152 kB
Mem:          3.8G       3.7G       105M       5.7M        29M       3.2G

MemTotal:        4016004 kB
MemFree:          107780 kB
Active:           355144 kB
Mem:          3.8G       3.7G       105M       5.7M        29M       3.2G

MemTotal:        4016004 kB
MemFree:          107780 kB
Active:           355144 kB
Mem:          3.8G       3.7G       104M       5.7M        29M       3.2G

MemTotal:        4016004 kB
MemFree:          107532 kB
Active:           355164 kB
Mem:          3.8G       3.7G       105M       5.7M        29M       3.2G

MemTotal:        4016004 kB
MemFree:          107532 kB
Active:           355124 kB
Mem:          3.8G       3.7G       104M       5.7M        29M       3.2G

MemTotal:        4016004 kB
MemFree:          107656 kB
Active:           355132 kB
Mem:          3.8G       3.7G       104M       5.7M        29M       3.2G

MemTotal:        4016004 kB
MemFree:          107160 kB
Active:           355172 kB
Mem:          3.8G       3.7G       104M       5.7M        29M       3.2G

MemTotal:        4016004 kB
MemFree:          107160 kB
Active:           355172 kB
