MemTotal:        4016004 kB
MemFree:         3239060 kB
Active:           420032 kB
Mem:          3.8G       758M       3.1G       5.7M        63M       316M

MemTotal:        4016004 kB
MemFree:         3237256 kB
Active:           421424 kB
Mem:          3.8G       760M       3.1G       5.7M        63M       317M

MemTotal:        4016004 kB
MemFree:         3237008 kB
Active:           421524 kB
Mem:          3.8G       760M       3.1G       5.7M        63M       317M

MemTotal:        4016004 kB
MemFree:         3236976 kB
Active:           421524 kB
Mem:          3.8G       761M       3.1G       5.7M        63M       317M

MemTotal:        4016004 kB
MemFree:         3236960 kB
Active:           421528 kB
Mem:          3.8G       760M       3.1G       5.7M        63M       317M

MemTotal:        4016004 kB
MemFree:         3236960 kB
Active:           421540 kB
Mem:          3.8G       760M       3.1G       5.7M        63M       317M

MemTotal:        4016004 kB
MemFree:         3236944 kB
Active:           421544 kB
Mem:          3.8G       760M       3.1G       5.7M        63M       317M

MemTotal:        4016004 kB
MemFree:         3236432 kB
Active:           421588 kB
Mem:          3.8G       761M       3.1G       5.7M        63M       317M

MemTotal:        4016004 kB
MemFree:         3236680 kB
Active:           421560 kB
Mem:          3.8G       761M       3.1G       5.7M        63M       317M

MemTotal:        4016004 kB
MemFree:         3236680 kB
Active:           421572 kB
Mem:          3.8G       761M       3.1G       5.7M        63M       317M

MemTotal:        4016004 kB
MemFree:         3236432 kB
Active:           421588 kB
Mem:          3.8G       761M       3.1G       5.7M        63M       317M

MemTotal:        4016004 kB
MemFree:         3236416 kB
Active:           421564 kB
Mem:          3.8G       761M       3.1G       5.7M        63M       317M

MemTotal:        4016004 kB
MemFree:         3236400 kB
Active:           421572 kB
Mem:          3.8G       761M       3.1G       5.7M        63M       317M

MemTotal:        4016004 kB
MemFree:         3236524 kB
Active:           421580 kB
Mem:          3.8G       761M       3.1G       5.7M        63M       317M

MemTotal:        4016004 kB
MemFree:         3236648 kB
Active:           421576 kB
Mem:          3.8G       761M       3.1G       5.7M        63M       317M

MemTotal:        4016004 kB
MemFree:         3236772 kB
Active:           421592 kB
Mem:          3.8G       760M       3.1G       5.7M        63M       317M

MemTotal:        4016004 kB
MemFree:         3236556 kB
Active:           421564 kB
Mem:          3.8G       761M       3.1G       5.7M        63M       317M

MemTotal:        4016004 kB
MemFree:         3236432 kB
Active:           421584 kB
Mem:          3.8G       761M       3.1G       5.7M        63M       317M

MemTotal:        4016004 kB
MemFree:         3236804 kB
Active:           421588 kB
Mem:          3.8G       761M       3.1G       5.7M        63M       317M

MemTotal:        4016004 kB
MemFree:         3236184 kB
Active:           421592 kB
Mem:          3.8G       761M       3.1G       5.7M        63M       317M

MemTotal:        4016004 kB
MemFree:         3236292 kB
Active:           421560 kB
Mem:          3.8G       761M       3.1G       5.7M        63M       317M

MemTotal:        4016004 kB
MemFree:         3236772 kB
Active:           421572 kB
Mem:          3.8G       760M       3.1G       5.7M        63M       317M

MemTotal:        4016004 kB
MemFree:         3236384 kB
Active:           421596 kB
Mem:          3.8G       761M       3.1G       5.7M        63M       317M

MemTotal:        4016004 kB
MemFree:         3236384 kB
Active:           421588 kB
Mem:          3.8G       761M       3.1G       5.7M        63M       317M

MemTotal:        4016004 kB
MemFree:         3236384 kB
Active:           421576 kB
Mem:          3.8G       761M       3.1G       5.7M        63M       317M

MemTotal:        4016004 kB
MemFree:         3236260 kB
Active:           421592 kB
Mem:          3.8G       761M       3.1G       5.7M        63M       317M

MemTotal:        4016004 kB
MemFree:         3236260 kB
Active:           421560 kB
Mem:          3.8G       761M       3.1G       5.7M        63M       317M

MemTotal:        4016004 kB
MemFree:         3234524 kB
Active:           421568 kB
Mem:          3.8G       763M       3.1G       5.7M        63M       317M

MemTotal:        4016004 kB
MemFree:         3234524 kB
Active:           421548 kB
Mem:          3.8G       763M       3.1G       5.7M        63M       317M

MemTotal:        4016004 kB
MemFree:         3234400 kB
Active:           423600 kB
Mem:          3.8G       762M       3.1G       5.7M        63M       317M

MemTotal:        4016004 kB
MemFree:         3234648 kB
Active:           423608 kB
Mem:          3.8G       763M       3.1G       5.7M        63M       317M

MemTotal:        4016004 kB
MemFree:         3234648 kB
Active:           423624 kB
Mem:          3.8G       763M       3.1G       5.7M        63M       317M

MemTotal:        4016004 kB
MemFree:         3234276 kB
Active:           423644 kB
Mem:          3.8G       763M       3.1G       5.7M        63M       317M

MemTotal:        4016004 kB
MemFree:         3234648 kB
Active:           423612 kB
Mem:          3.8G       763M       3.1G       5.7M        63M       317M

MemTotal:        4016004 kB
MemFree:         3234772 kB
Active:           423628 kB
Mem:          3.8G       763M       3.1G       5.7M        63M       317M

MemTotal:        4016004 kB
MemFree:         3234524 kB
Active:           423640 kB
Mem:          3.8G       763M       3.1G       5.7M        63M       317M

MemTotal:        4016004 kB
MemFree:         3234556 kB
Active:           423636 kB
Mem:          3.8G       763M       3.1G       5.7M        63M       317M

MemTotal:        4016004 kB
MemFree:         3232632 kB
Active:           423656 kB
Mem:          3.8G       764M       3.1G       5.7M        63M       317M

MemTotal:        4016004 kB
MemFree:         3232632 kB
Active:           425636 kB
Mem:          3.8G       764M       3.1G       5.7M        63M       317M

MemTotal:        4016004 kB
MemFree:         3232632 kB
Active:           425652 kB
Mem:          3.8G       764M       3.1G       5.7M        63M       317M

MemTotal:        4016004 kB
MemFree:         3232632 kB
Active:           425660 kB
Mem:          3.8G       764M       3.1G       5.7M        63M       317M

MemTotal:        4016004 kB
MemFree:         3232632 kB
Active:           425672 kB
Mem:          3.8G       765M       3.1G       5.7M        63M       317M

MemTotal:        4016004 kB
MemFree:         3232060 kB
Active:           425696 kB
Mem:          3.8G       765M       3.1G       5.7M        63M       317M

MemTotal:        4016004 kB
MemFree:         3231564 kB
Active:           425696 kB
Mem:          3.8G       765M       3.1G       5.7M        63M       317M

MemTotal:        4016004 kB
MemFree:         3232184 kB
Active:           425640 kB
Mem:          3.8G       765M       3.1G       5.7M        63M       317M

MemTotal:        4016004 kB
MemFree:         3231672 kB
Active:           425696 kB
Mem:          3.8G       765M       3.1G       5.7M        63M       317M

MemTotal:        4016004 kB
MemFree:         3232044 kB
Active:           425676 kB
Mem:          3.8G       765M       3.1G       5.7M        63M       317M

MemTotal:        4016004 kB
MemFree:         3231896 kB
Active:           423752 kB
Mem:          3.8G       765M       3.1G       5.7M        63M       317M

MemTotal:        4016004 kB
MemFree:         3231980 kB
Active:           423636 kB
Mem:          3.8G       765M       3.1G       5.7M        63M       317M

MemTotal:        4016004 kB
MemFree:         3232708 kB
Active:           425684 kB
Mem:          3.8G       765M       3.1G       5.7M        63M       317M

MemTotal:        4016004 kB
MemFree:         3232708 kB
Active:           425696 kB
Mem:          3.8G       765M       3.1G       5.7M        63M       317M

MemTotal:        4016004 kB
MemFree:         3232336 kB
Active:           425684 kB
Mem:          3.8G       765M       3.1G       5.7M        63M       317M

MemTotal:        4016004 kB
MemFree:         3232600 kB
Active:           425696 kB
Mem:          3.8G       765M       3.1G       5.7M        63M       317M

MemTotal:        4016004 kB
MemFree:         3232724 kB
Active:           425716 kB
Mem:          3.8G       765M       3.1G       5.7M        63M       317M

MemTotal:        4016004 kB
MemFree:         3232600 kB
Active:           425712 kB
Mem:          3.8G       765M       3.1G       5.7M        63M       317M

MemTotal:        4016004 kB
MemFree:         3232352 kB
Active:           425724 kB
Mem:          3.8G       765M       3.1G       5.7M        63M       317M

MemTotal:        4016004 kB
MemFree:         3232724 kB
Active:           425672 kB
Mem:          3.8G       764M       3.1G       5.7M        63M       317M

MemTotal:        4016004 kB
MemFree:         3232584 kB
Active:           425668 kB
Mem:          3.8G       765M       3.1G       5.7M        63M       317M

MemTotal:        4016004 kB
MemFree:         3232816 kB
Active:           425720 kB
Mem:          3.8G       765M       3.1G       5.7M        63M       317M

MemTotal:        4016004 kB
MemFree:         3232056 kB
Active:           425724 kB
Mem:          3.8G       765M       3.1G       5.7M        63M       317M

MemTotal:        4016004 kB
MemFree:         3231932 kB
Active:           425736 kB
Mem:          3.8G       765M       3.1G       5.7M        63M       317M

MemTotal:        4016004 kB
MemFree:         3232164 kB
Active:           425708 kB
Mem:          3.8G       765M       3.1G       5.7M        63M       317M

MemTotal:        4016004 kB
MemFree:         3231900 kB
Active:           425736 kB
Mem:          3.8G       765M       3.1G       5.7M        63M       317M

MemTotal:        4016004 kB
MemFree:         3231900 kB
Active:           425736 kB
Mem:          3.8G       765M       3.1G       5.7M        63M       317M

MemTotal:        4016004 kB
MemFree:         3232132 kB
Active:           425704 kB
Mem:          3.8G       765M       3.1G       5.7M        63M       317M

MemTotal:        4016004 kB
MemFree:         3232116 kB
Active:           425700 kB
Mem:          3.8G       765M       3.1G       5.7M        63M       317M

MemTotal:        4016004 kB
MemFree:         3232364 kB
Active:           425704 kB
Mem:          3.8G       765M       3.1G       5.7M        63M       317M

MemTotal:        4016004 kB
MemFree:         3232364 kB
Active:           425728 kB
Mem:          3.8G       765M       3.1G       5.7M        63M       317M

MemTotal:        4016004 kB
MemFree:         3232100 kB
Active:           425720 kB
Mem:          3.8G       765M       3.1G       5.7M        63M       317M

MemTotal:        4016004 kB
MemFree:         3231728 kB
Active:           425744 kB
Mem:          3.8G       765M       3.1G       5.7M        63M       317M

MemTotal:        4016004 kB
MemFree:         3232100 kB
Active:           425712 kB
Mem:          3.8G       765M       3.1G       5.7M        63M       317M

MemTotal:        4016004 kB
MemFree:         3231960 kB
Active:           425700 kB
Mem:          3.8G       765M       3.1G       5.7M        63M       317M

MemTotal:        4016004 kB
MemFree:         3232084 kB
Active:           425708 kB
Mem:          3.8G       765M       3.1G       5.7M        63M       317M

MemTotal:        4016004 kB
MemFree:         3231588 kB
Active:           425748 kB
Mem:          3.8G       766M       3.1G       5.7M        63M       317M

MemTotal:        4016004 kB
MemFree:         3231464 kB
Active:           425736 kB
Mem:          3.8G       766M       3.1G       5.7M        63M       317M

MemTotal:        4016004 kB
MemFree:         3231576 kB
Active:           425692 kB
Mem:          3.8G       766M       3.1G       5.7M        63M       317M

MemTotal:        4016004 kB
MemFree:         3231824 kB
Active:           425704 kB
Mem:          3.8G       765M       3.1G       5.7M        63M       317M

MemTotal:        4016004 kB
MemFree:         3230148 kB
Active:           425712 kB
Mem:          3.8G       767M       3.1G       5.7M        63M       317M

MemTotal:        4016004 kB
MemFree:         3230024 kB
Active:           427768 kB
Mem:          3.8G       767M       3.1G       5.7M        63M       317M

MemTotal:        4016004 kB
MemFree:         3230040 kB
Active:           427768 kB
Mem:          3.8G       767M       3.1G       5.7M        63M       317M

MemTotal:        4016004 kB
MemFree:         3230164 kB
Active:           427768 kB
Mem:          3.8G       767M       3.1G       5.7M        63M       317M

MemTotal:        4016004 kB
MemFree:         3230164 kB
Active:           427764 kB
Mem:          3.8G       767M       3.1G       5.7M        63M       317M

MemTotal:        4016004 kB
MemFree:         3230164 kB
Active:           427784 kB
Mem:          3.8G       767M       3.1G       5.7M        63M       317M

MemTotal:        4016004 kB
MemFree:         3230164 kB
Active:           427776 kB
Mem:          3.8G       767M       3.1G       5.7M        63M       317M

MemTotal:        4016004 kB
MemFree:         3229420 kB
Active:           427796 kB
Mem:          3.8G       767M       3.1G       5.7M        63M       317M

MemTotal:        4016004 kB
MemFree:         3229792 kB
Active:           427740 kB
Mem:          3.8G       767M       3.1G       5.7M        63M       317M

MemTotal:        4016004 kB
MemFree:         3229792 kB
Active:           427748 kB
Mem:          3.8G       767M       3.1G       5.7M        63M       317M

MemTotal:        4016004 kB
MemFree:         3227744 kB
Active:           427796 kB
Mem:          3.8G       769M       3.1G       5.7M        63M       317M

MemTotal:        4016004 kB
MemFree:         3227868 kB
Active:           429788 kB
Mem:          3.8G       769M       3.1G       5.7M        63M       317M

MemTotal:        4016004 kB
MemFree:         3227884 kB
Active:           429776 kB
Mem:          3.8G       770M       3.1G       5.7M        63M       317M

MemTotal:        4016004 kB
MemFree:         3227636 kB
Active:           429808 kB
Mem:          3.8G       769M       3.1G       5.7M        63M       317M

MemTotal:        4016004 kB
MemFree:         3227760 kB
Active:           429800 kB
Mem:          3.8G       769M       3.1G       5.7M        63M       317M

MemTotal:        4016004 kB
MemFree:         3227628 kB
Active:           429812 kB
Mem:          3.8G       769M       3.1G       5.7M        63M       317M

MemTotal:        4016004 kB
MemFree:         3227752 kB
Active:           429820 kB
Mem:          3.8G       769M       3.1G       5.7M        63M       317M

MemTotal:        4016004 kB
MemFree:         3227876 kB
Active:           429800 kB
Mem:          3.8G       769M       3.1G       5.7M        63M       317M

MemTotal:        4016004 kB
MemFree:         3227752 kB
Active:           429812 kB
Mem:          3.8G       769M       3.1G       5.7M        63M       317M

MemTotal:        4016004 kB
MemFree:         3227784 kB
Active:           429804 kB
Mem:          3.8G       769M       3.1G       5.7M        63M       317M

MemTotal:        4016004 kB
MemFree:         3228032 kB
Active:           429804 kB
Mem:          3.8G       769M       3.1G       5.7M        63M       317M

MemTotal:        4016004 kB
MemFree:         3227908 kB
Active:           429800 kB
Mem:          3.8G       769M       3.1G       5.7M        63M       317M

MemTotal:        4016004 kB
MemFree:         3227908 kB
Active:           429796 kB
Mem:          3.8G       769M       3.1G       5.7M        63M       317M

MemTotal:        4016004 kB
MemFree:         3227660 kB
Active:           429992 kB
Mem:          3.8G       770M       3.1G       5.7M        63M       317M

MemTotal:        4016004 kB
MemFree:         3183808 kB
Active:           430548 kB
Mem:          3.8G       813M       3.0G       5.7M        63M       360M

MemTotal:        4016004 kB
MemFree:         3136468 kB
Active:           430564 kB
Mem:          3.8G       860M       3.0G       5.7M        63M       405M

MemTotal:        4016004 kB
MemFree:         3089840 kB
Active:           430596 kB
Mem:          3.8G       905M       2.9G       5.7M        63M       450M

MemTotal:        4016004 kB
MemFree:         3043244 kB
Active:           430580 kB
Mem:          3.8G       950M       2.9G       5.7M        63M       495M

MemTotal:        4016004 kB
MemFree:         2995888 kB
Active:           430592 kB
Mem:          3.8G       997M       2.9G       5.7M        63M       541M

MemTotal:        4016004 kB
MemFree:         2948796 kB
Active:           430584 kB
Mem:          3.8G       1.0G       2.8G       5.7M        63M       585M

MemTotal:        4016004 kB
MemFree:         2901688 kB
Active:           430588 kB
Mem:          3.8G       1.1G       2.8G       5.7M        63M       630M

MemTotal:        4016004 kB
MemFree:         2854660 kB
Active:           430624 kB
Mem:          3.8G       1.1G       2.7G       5.7M        63M       675M

MemTotal:        4016004 kB
MemFree:         2807696 kB
Active:           430628 kB
Mem:          3.8G       1.2G       2.7G       5.7M        63M       720M

MemTotal:        4016004 kB
MemFree:         2760552 kB
Active:           430592 kB
Mem:          3.8G       1.2G       2.6G       5.7M        63M       765M

MemTotal:        4016004 kB
MemFree:         2713772 kB
Active:           430580 kB
Mem:          3.8G       1.2G       2.6G       5.7M        63M       810M

MemTotal:        4016004 kB
MemFree:         2673316 kB
Active:           430588 kB
Mem:          3.8G       1.3G       2.5G       5.7M        63M       849M

MemTotal:        4016004 kB
MemFree:         2673032 kB
Active:           430640 kB
Mem:          3.8G       1.3G       2.5G       5.7M        63M       849M

MemTotal:        4016004 kB
MemFree:         2665696 kB
Active:           430664 kB
Mem:          3.8G       1.3G       2.5G       5.7M        63M       856M

MemTotal:        4016004 kB
MemFree:         2618820 kB
Active:           430676 kB
Mem:          3.8G       1.3G       2.5G       5.7M        63M       902M

MemTotal:        4016004 kB
MemFree:         2572384 kB
Active:           430680 kB
Mem:          3.8G       1.4G       2.5G       5.7M        63M       946M

MemTotal:        4016004 kB
MemFree:         2527648 kB
Active:           428828 kB
Mem:          3.8G       1.4G       2.4G       5.7M        63M       989M

MemTotal:        4016004 kB
MemFree:         2481072 kB
Active:           430788 kB
Mem:          3.8G       1.5G       2.4G       5.7M        63M       1.0G

MemTotal:        4016004 kB
MemFree:         2433980 kB
Active:           430788 kB
Mem:          3.8G       1.5G       2.3G       5.7M        63M       1.1G

MemTotal:        4016004 kB
MemFree:         2386996 kB
Active:           430788 kB
Mem:          3.8G       1.6G       2.3G       5.7M        63M       1.1G

MemTotal:        4016004 kB
MemFree:         2340276 kB
Active:           430788 kB
Mem:          3.8G       1.6G       2.2G       5.7M        63M       1.1G

MemTotal:        4016004 kB
MemFree:         2293560 kB
Active:           430804 kB
Mem:          3.8G       1.6G       2.2G       5.7M        63M       1.2G

MemTotal:        4016004 kB
MemFree:         2246720 kB
Active:           430808 kB
Mem:          3.8G       1.7G       2.1G       5.7M        63M       1.2G

MemTotal:        4016004 kB
MemFree:         2221420 kB
Active:           430808 kB
Mem:          3.8G       1.7G       2.1G       5.7M        63M       1.3G

MemTotal:        4016004 kB
MemFree:         2196556 kB
Active:           430792 kB
Mem:          3.8G       1.7G       2.1G       5.7M        63M       1.3G

MemTotal:        4016004 kB
MemFree:         2149944 kB
Active:           430824 kB
Mem:          3.8G       1.8G       2.0G       5.7M        63M       1.3G

MemTotal:        4016004 kB
MemFree:         2120500 kB
Active:           428904 kB
Mem:          3.8G       1.8G       2.0G       5.7M        63M       1.3G

MemTotal:        4016004 kB
MemFree:         2094208 kB
Active:           430832 kB
Mem:          3.8G       1.8G       2.0G       5.7M        63M       1.4G

MemTotal:        4016004 kB
MemFree:         2047244 kB
Active:           430844 kB
Mem:          3.8G       1.9G       2.0G       5.7M        63M       1.4G

MemTotal:        4016004 kB
MemFree:         2001104 kB
Active:           430844 kB
Mem:          3.8G       1.9G       1.9G       5.7M        63M       1.5G

MemTotal:        4016004 kB
MemFree:         1954612 kB
Active:           430844 kB
Mem:          3.8G       2.0G       1.9G       5.7M        63M       1.5G

MemTotal:        4016004 kB
MemFree:         1907876 kB
Active:           430852 kB
Mem:          3.8G       2.0G       1.8G       5.7M        63M       1.5G

MemTotal:        4016004 kB
MemFree:         1861156 kB
Active:           430852 kB
Mem:          3.8G       2.1G       1.8G       5.7M        63M       1.6G

MemTotal:        4016004 kB
MemFree:         1813924 kB
Active:           430852 kB
Mem:          3.8G       2.1G       1.7G       5.7M        63M       1.6G

MemTotal:        4016004 kB
MemFree:         1767264 kB
Active:           430856 kB
Mem:          3.8G       2.1G       1.7G       5.7M        63M       1.7G

MemTotal:        4016004 kB
MemFree:         1720792 kB
Active:           430824 kB
Mem:          3.8G       2.2G       1.6G       5.7M        63M       1.7G

MemTotal:        4016004 kB
MemFree:         1680288 kB
Active:           430864 kB
Mem:          3.8G       2.2G       1.6G       5.7M        63M       1.8G

MemTotal:        4016004 kB
MemFree:         1651952 kB
Active:           430816 kB
Mem:          3.8G       2.3G       1.6G       5.7M        63M       1.8G

MemTotal:        4016004 kB
MemFree:         1604784 kB
Active:           430864 kB
Mem:          3.8G       2.3G       1.5G       5.7M        63M       1.8G

MemTotal:        4016004 kB
MemFree:         1570672 kB
Active:           430848 kB
Mem:          3.8G       2.3G       1.5G       5.7M        63M       1.9G

MemTotal:        4016004 kB
MemFree:         1567444 kB
Active:           430876 kB
Mem:          3.8G       2.3G       1.5G       5.7M        63M       1.9G

MemTotal:        4016004 kB
MemFree:         1567188 kB
Active:           430860 kB
Mem:          3.8G       2.3G       1.5G       5.7M        63M       1.9G

MemTotal:        4016004 kB
MemFree:         1567488 kB
Active:           430864 kB
Mem:          3.8G       2.3G       1.5G       5.7M        63M       1.9G

MemTotal:        4016004 kB
MemFree:         1567256 kB
Active:           430884 kB
Mem:          3.8G       2.3G       1.5G       5.7M        63M       1.9G

MemTotal:        4016004 kB
MemFree:         1524400 kB
Active:           430864 kB
Mem:          3.8G       2.4G       1.5G       5.7M        63M       1.9G

MemTotal:        4016004 kB
MemFree:         1477308 kB
Active:           430896 kB
Mem:          3.8G       2.4G       1.4G       5.7M        63M       2.0G

MemTotal:        4016004 kB
MemFree:         1430620 kB
Active:           430976 kB
Mem:          3.8G       2.5G       1.4G       5.7M        63M       2.0G

MemTotal:        4016004 kB
MemFree:         1383712 kB
Active:           430900 kB
Mem:          3.8G       2.5G       1.3G       5.7M        63M       2.0G

MemTotal:        4016004 kB
MemFree:         1336604 kB
Active:           430880 kB
Mem:          3.8G       2.6G       1.3G       5.7M        63M       2.1G

MemTotal:        4016004 kB
MemFree:         1290008 kB
Active:           430880 kB
Mem:          3.8G       2.6G       1.2G       5.7M        63M       2.1G

MemTotal:        4016004 kB
MemFree:         1242792 kB
Active:           430880 kB
Mem:          3.8G       2.6G       1.2G       5.7M        63M       2.2G

MemTotal:        4016004 kB
MemFree:         1196164 kB
Active:           430912 kB
Mem:          3.8G       2.7G       1.1G       5.7M        63M       2.2G

MemTotal:        4016004 kB
MemFree:         1149356 kB
Active:           430924 kB
Mem:          3.8G       2.7G       1.1G       5.7M        63M       2.3G

MemTotal:        4016004 kB
MemFree:         1120044 kB
Active:           430908 kB
Mem:          3.8G       2.8G       1.1G       5.7M        63M       2.3G

MemTotal:        4016004 kB
MemFree:         1073000 kB
Active:           431024 kB
Mem:          3.8G       2.8G       1.0G       5.7M        63M       2.3G

MemTotal:        4016004 kB
MemFree:         1026356 kB
Active:           430932 kB
Mem:          3.8G       2.9G       1.0G       5.7M        63M       2.4G

MemTotal:        4016004 kB
MemFree:         1021344 kB
Active:           430924 kB
Mem:          3.8G       2.9G       997M       5.7M        63M       2.4G

MemTotal:        4016004 kB
MemFree:         1020896 kB
Active:           430908 kB
Mem:          3.8G       2.9G       997M       5.7M        63M       2.4G

MemTotal:        4016004 kB
MemFree:         1021344 kB
Active:           430968 kB
Mem:          3.8G       2.9G       997M       5.7M        63M       2.4G

MemTotal:        4016004 kB
MemFree:          979260 kB
Active:           430988 kB
Mem:          3.8G       2.9G       956M       5.7M        63M       2.4G

MemTotal:        4016004 kB
MemFree:          933100 kB
Active:           431000 kB
Mem:          3.8G       2.9G       910M       5.7M        63M       2.5G

MemTotal:        4016004 kB
MemFree:          885868 kB
Active:           431008 kB
Mem:          3.8G       3.0G       864M       5.7M        63M       2.5G

MemTotal:        4016004 kB
MemFree:          838700 kB
Active:           431124 kB
Mem:          3.8G       3.0G       818M       5.7M        63M       2.6G

MemTotal:        4016004 kB
MemFree:          791964 kB
Active:           431136 kB
Mem:          3.8G       3.1G       772M       5.7M        63M       2.6G

MemTotal:        4016004 kB
MemFree:          745460 kB
Active:           431020 kB
Mem:          3.8G       3.1G       727M       5.7M        63M       2.6G

MemTotal:        4016004 kB
MemFree:          697904 kB
Active:           431020 kB
Mem:          3.8G       3.2G       681M       5.7M        63M       2.7G

MemTotal:        4016004 kB
MemFree:          651800 kB
Active:           431028 kB
Mem:          3.8G       3.2G       635M       5.7M        63M       2.7G

MemTotal:        4016004 kB
MemFree:          605160 kB
Active:           431032 kB
Mem:          3.8G       3.3G       589M       5.7M        63M       2.8G

MemTotal:        4016004 kB
MemFree:          557824 kB
Active:           431064 kB
Mem:          3.8G       3.3G       544M       5.7M        63M       2.8G

MemTotal:        4016004 kB
MemFree:          541968 kB
Active:           431160 kB
Mem:          3.8G       3.3G       529M       5.7M        63M       2.8G

MemTotal:        4016004 kB
MemFree:          501680 kB
Active:           431144 kB
Mem:          3.8G       3.4G       489M       5.7M        63M       2.9G

MemTotal:        4016004 kB
MemFree:          501656 kB
Active:           431012 kB
Mem:          3.8G       3.4G       490M       5.7M        63M       2.9G

MemTotal:        4016004 kB
MemFree:          501572 kB
Active:           431024 kB
Mem:          3.8G       3.4G       488M       5.7M        63M       2.9G

MemTotal:        4016004 kB
MemFree:          454096 kB
Active:           431056 kB
Mem:          3.8G       3.4G       442M       5.7M        63M       2.9G

MemTotal:        4016004 kB
MemFree:          407236 kB
Active:           431056 kB
Mem:          3.8G       3.4G       396M       5.7M        63M       3.0G

MemTotal:        4016004 kB
MemFree:          362128 kB
Active:           431064 kB
Mem:          3.8G       3.5G       353M       5.7M        63M       3.0G

MemTotal:        4016004 kB
MemFree:          315532 kB
Active:           431064 kB
Mem:          3.8G       3.5G       306M       5.7M        63M       3.0G

MemTotal:        4016004 kB
MemFree:          268696 kB
Active:           430916 kB
Mem:          3.8G       3.6G       261M       5.7M        63M       3.1G

MemTotal:        4016004 kB
MemFree:          221472 kB
Active:           430896 kB
Mem:          3.8G       3.6G       215M       5.7M        63M       3.1G

MemTotal:        4016004 kB
MemFree:          175308 kB
Active:           430916 kB
Mem:          3.8G       3.7G       170M       5.7M        63M       3.2G

MemTotal:        4016004 kB
MemFree:          131396 kB
Active:           430924 kB
Mem:          3.8G       3.7G       127M       5.7M        63M       3.2G

MemTotal:        4016004 kB
MemFree:          107624 kB
Active:           430928 kB
Mem:          3.8G       3.7G       105M       5.7M        63M       3.2G

MemTotal:        4016004 kB
MemFree:          107228 kB
Active:           427856 kB
Mem:          3.8G       3.7G       131M       5.7M        28M       3.2G

MemTotal:        4016004 kB
MemFree:          128416 kB
Active:           487200 kB
Mem:          3.8G       3.7G       123M       5.7M        28M       3.3G

MemTotal:        4016004 kB
MemFree:          118340 kB
Active:           483552 kB
Mem:          3.8G       3.7G       114M       5.7M        28M       3.3G

MemTotal:        4016004 kB
MemFree:          107812 kB
Active:           480120 kB
Mem:          3.8G       3.7G       104M       5.7M        28M       3.3G

MemTotal:        4016004 kB
MemFree:          108940 kB
Active:           473180 kB
Mem:          3.8G       3.7G       105M       5.7M        28M       3.3G

MemTotal:        4016004 kB
MemFree:          116344 kB
Active:           467036 kB
Mem:          3.8G       3.7G       112M       5.7M        28M       3.3G

MemTotal:        4016004 kB
MemFree:          124124 kB
Active:           463572 kB
Mem:          3.8G       3.7G       119M       5.7M        28M       3.3G

MemTotal:        4016004 kB
MemFree:          113164 kB
Active:           460092 kB
Mem:          3.8G       3.7G       109M       5.7M        28M       3.3G

MemTotal:        4016004 kB
MemFree:          121344 kB
Active:           453156 kB
Mem:          3.8G       3.7G       116M       5.7M        28M       3.3G

MemTotal:        4016004 kB
MemFree:          113520 kB
Active:           449760 kB
Mem:          3.8G       3.7G       110M       5.7M        28M       3.3G

MemTotal:        4016004 kB
MemFree:          135004 kB
Active:           446688 kB
Mem:          3.8G       3.7G       131M       5.7M        28M       3.2G

MemTotal:        4016004 kB
MemFree:          109684 kB
Active:           446572 kB
Mem:          3.8G       3.7G       106M       5.7M        28M       3.3G

MemTotal:        4016004 kB
MemFree:          109340 kB
Active:           446556 kB
Mem:          3.8G       3.7G       106M       5.7M        28M       3.3G

MemTotal:        4016004 kB
MemFree:          109320 kB
Active:           446536 kB
Mem:          3.8G       3.7G       106M       5.7M        28M       3.3G

MemTotal:        4016004 kB
MemFree:          105516 kB
Active:           445432 kB
Mem:          3.8G       3.7G       125M       5.7M        28M       3.3G

MemTotal:        4016004 kB
MemFree:          105916 kB
Active:           441468 kB
Mem:          3.8G       3.7G       103M       5.7M        28M       3.3G

MemTotal:        4016004 kB
MemFree:          126512 kB
Active:           439280 kB
Mem:          3.8G       3.7G       122M       5.7M        28M       3.3G

MemTotal:        4016004 kB
MemFree:          127392 kB
Active:           437780 kB
Mem:          3.8G       3.7G       123M       5.7M        28M       3.3G

MemTotal:        4016004 kB
MemFree:          105224 kB
Active:           436996 kB
Mem:          3.8G       3.7G       124M       5.7M        28M       3.3G

MemTotal:        4016004 kB
MemFree:          123836 kB
Active:           434976 kB
Mem:          3.8G       3.7G       119M       5.7M        28M       3.3G

MemTotal:        4016004 kB
MemFree:          107944 kB
Active:           434204 kB
Mem:          3.8G       3.7G       105M       5.7M        28M       3.3G

MemTotal:        4016004 kB
MemFree:          125896 kB
Active:           433684 kB
Mem:          3.8G       3.7G       132M       5.7M        28M       3.2G

MemTotal:        4016004 kB
MemFree:          121708 kB
Active:           432032 kB
Mem:          3.8G       3.7G       117M       5.7M        28M       3.3G

MemTotal:        4016004 kB
MemFree:          128620 kB
Active:           431020 kB
Mem:          3.8G       3.7G       125M       5.7M        28M       3.3G

MemTotal:        4016004 kB
MemFree:          123396 kB
Active:           430992 kB
Mem:          3.8G       3.7G       120M       5.7M        28M       3.3G

MemTotal:        4016004 kB
MemFree:          113648 kB
Active:           429980 kB
Mem:          3.8G       3.7G       110M       5.7M        28M       3.3G

MemTotal:        4016004 kB
MemFree:          113000 kB
Active:           430028 kB
Mem:          3.8G       3.7G       110M       5.7M        28M       3.3G

MemTotal:        4016004 kB
MemFree:          131940 kB
Active:           428992 kB
Mem:          3.8G       3.7G       127M       5.7M        28M       3.2G

MemTotal:        4016004 kB
MemFree:          132712 kB
Active:           427076 kB
Mem:          3.8G       3.7G       128M       5.7M        28M       3.2G

MemTotal:        4016004 kB
MemFree:          122432 kB
Active:           425924 kB
Mem:          3.8G       3.7G       118M       5.7M        28M       3.3G

MemTotal:        4016004 kB
MemFree:          124180 kB
Active:           422312 kB
Mem:          3.8G       3.7G       120M       5.7M        28M       3.3G

MemTotal:        4016004 kB
MemFree:          132688 kB
Active:           418004 kB
Mem:          3.8G       3.7G       128M       5.7M        28M       3.2G

MemTotal:        4016004 kB
MemFree:          122220 kB
Active:           418900 kB
Mem:          3.8G       3.7G       118M       5.7M        28M       3.3G

MemTotal:        4016004 kB
MemFree:          111460 kB
Active:           417596 kB
Mem:          3.8G       3.7G       107M       5.7M        28M       3.3G

MemTotal:        4016004 kB
MemFree:          113484 kB
Active:           415932 kB
Mem:          3.8G       3.7G       109M       5.7M        28M       3.3G

MemTotal:        4016004 kB
MemFree:          132140 kB
Active:           412192 kB
Mem:          3.8G       3.7G       129M       5.7M        28M       3.2G

MemTotal:        4016004 kB
MemFree:          131768 kB
Active:           412248 kB
Mem:          3.8G       3.7G       128M       5.7M        28M       3.2G

MemTotal:        4016004 kB
MemFree:          114528 kB
Active:           412228 kB
Mem:          3.8G       3.7G       111M       5.7M        28M       3.3G

MemTotal:        4016004 kB
MemFree:          127840 kB
Active:           410604 kB
Mem:          3.8G       3.7G       124M       5.7M        28M       3.3G

MemTotal:        4016004 kB
MemFree:          123704 kB
Active:           408948 kB
Mem:          3.8G       3.7G       120M       5.7M        28M       3.3G

MemTotal:        4016004 kB
MemFree:          127816 kB
Active:           407536 kB
Mem:          3.8G       3.7G       124M       5.7M        28M       3.3G

MemTotal:        4016004 kB
MemFree:          111868 kB
Active:           404512 kB
Mem:          3.8G       3.7G       108M       5.7M        28M       3.3G

MemTotal:        4016004 kB
MemFree:          125608 kB
Active:           404716 kB
Mem:          3.8G       3.7G       121M       5.7M        28M       3.3G

MemTotal:        4016004 kB
MemFree:          126340 kB
Active:           403048 kB
Mem:          3.8G       3.7G       122M       5.7M        28M       3.3G

MemTotal:        4016004 kB
MemFree:          119396 kB
Active:           401884 kB
Mem:          3.8G       3.7G       116M       5.7M        28M       3.3G

MemTotal:        4016004 kB
MemFree:          128260 kB
Active:           399976 kB
Mem:          3.8G       3.7G       124M       5.7M        28M       3.3G

MemTotal:        4016004 kB
MemFree:          118272 kB
Active:           398720 kB
Mem:          3.8G       3.7G       114M       5.7M        28M       3.3G

MemTotal:        4016004 kB
MemFree:          108120 kB
Active:           397576 kB
Mem:          3.8G       3.7G       104M       5.7M        28M       3.3G

MemTotal:        4016004 kB
MemFree:          128880 kB
Active:           395896 kB
Mem:          3.8G       3.7G       125M       5.7M        28M       3.3G

MemTotal:        4016004 kB
MemFree:          128652 kB
Active:           392976 kB
Mem:          3.8G       3.7G       125M       5.7M        28M       3.3G

MemTotal:        4016004 kB
MemFree:          106888 kB
Active:           392340 kB
Mem:          3.8G       3.7G       103M       5.7M        28M       3.3G

MemTotal:        4016004 kB
MemFree:          113120 kB
Active:           391196 kB
Mem:          3.8G       3.7G       110M       5.7M        28M       3.3G

MemTotal:        4016004 kB
MemFree:          128900 kB
Active:           392176 kB
Mem:          3.8G       3.7G       125M       5.7M        28M       3.2G

MemTotal:        4016004 kB
MemFree:          124588 kB
Active:           390768 kB
Mem:          3.8G       3.7G       131M       5.7M        28M       3.2G

MemTotal:        4016004 kB
MemFree:          143092 kB
Active:           388108 kB
Mem:          3.8G       3.7G       138M       5.7M        28M       3.2G

MemTotal:        4016004 kB
MemFree:          132952 kB
Active:           387056 kB
Mem:          3.8G       3.7G       128M       5.7M        28M       3.2G

MemTotal:        4016004 kB
MemFree:          122796 kB
Active:           385912 kB
Mem:          3.8G       3.7G       119M       5.7M        28M       3.3G

MemTotal:        4016004 kB
MemFree:          133612 kB
Active:           383864 kB
Mem:          3.8G       3.7G       130M       5.7M        28M       3.2G

MemTotal:        4016004 kB
MemFree:          115476 kB
Active:           383748 kB
Mem:          3.8G       3.7G       111M       5.7M        28M       3.3G

MemTotal:        4016004 kB
MemFree:          105320 kB
Active:           380536 kB
Mem:          3.8G       3.7G       124M       5.7M        28M       3.2G

MemTotal:        4016004 kB
MemFree:          123348 kB
Active:           379532 kB
Mem:          3.8G       3.7G       120M       5.7M        28M       3.3G

MemTotal:        4016004 kB
MemFree:          120900 kB
Active:           379576 kB
Mem:          3.8G       3.7G       117M       5.7M        28M       3.3G

MemTotal:        4016004 kB
MemFree:          120188 kB
Active:           379580 kB
Mem:          3.8G       3.7G       117M       5.7M        28M       3.3G

MemTotal:        4016004 kB
MemFree:          119852 kB
Active:           379592 kB
Mem:          3.8G       3.7G       117M       5.7M        28M       3.3G

MemTotal:        4016004 kB
MemFree:          122236 kB
Active:           379084 kB
Mem:          3.8G       3.7G       118M       5.7M        28M       3.3G

MemTotal:        4016004 kB
MemFree:          111584 kB
Active:           377808 kB
Mem:          3.8G       3.7G       107M       5.7M        28M       3.3G

MemTotal:        4016004 kB
MemFree:          124764 kB
Active:           376108 kB
Mem:          3.8G       3.7G       121M       5.7M        28M       3.3G

MemTotal:        4016004 kB
MemFree:          127092 kB
Active:           374840 kB
Mem:          3.8G       3.7G       122M       5.7M        28M       3.3G

MemTotal:        4016004 kB
MemFree:          122060 kB
Active:           374584 kB
Mem:          3.8G       3.7G       118M       5.7M        28M       3.3G

MemTotal:        4016004 kB
MemFree:          105596 kB
Active:           374624 kB
Mem:          3.8G       3.7G       102M       5.7M        28M       3.3G

MemTotal:        4016004 kB
MemFree:          120136 kB
Active:           374448 kB
Mem:          3.8G       3.7G       116M       5.7M        28M       3.3G

MemTotal:        4016004 kB
MemFree:          109188 kB
Active:           374496 kB
Mem:          3.8G       3.7G       105M       5.7M        28M       3.3G

MemTotal:        4016004 kB
MemFree:          109668 kB
Active:           374496 kB
Mem:          3.8G       3.7G       106M       5.7M        28M       3.3G

MemTotal:        4016004 kB
MemFree:          134712 kB
Active:           374492 kB
Mem:          3.8G       3.7G       130M       5.7M        28M       3.2G

MemTotal:        4016004 kB
MemFree:          125312 kB
Active:           374472 kB
Mem:          3.8G       3.7G       132M       5.7M        28M       3.2G

MemTotal:        4016004 kB
MemFree:          127500 kB
Active:           372644 kB
Mem:          3.8G       3.7G       123M       5.7M        28M       3.2G

MemTotal:        4016004 kB
MemFree:          135756 kB
Active:           372424 kB
Mem:          3.8G       3.7G       132M       5.7M        28M       3.2G

MemTotal:        4016004 kB
MemFree:          135508 kB
Active:           372412 kB
Mem:          3.8G       3.7G       131M       5.7M        28M       3.2G

MemTotal:        4016004 kB
MemFree:          127896 kB
Active:           372456 kB
Mem:          3.8G       3.7G       124M       5.7M        28M       3.2G

MemTotal:        4016004 kB
MemFree:          117512 kB
Active:           372460 kB
Mem:          3.8G       3.7G       113M       5.7M        28M       3.3G

MemTotal:        4016004 kB
MemFree:          107264 kB
Active:           372484 kB
Mem:          3.8G       3.7G       103M       5.7M        28M       3.3G

MemTotal:        4016004 kB
MemFree:          127604 kB
Active:           370488 kB
Mem:          3.8G       3.7G       124M       5.7M        28M       3.2G

MemTotal:        4016004 kB
MemFree:          127584 kB
Active:           372452 kB
Mem:          3.8G       3.7G       124M       5.7M        28M       3.2G

MemTotal:        4016004 kB
MemFree:          120488 kB
Active:           372488 kB
Mem:          3.8G       3.7G       116M       5.7M        28M       3.3G

MemTotal:        4016004 kB
MemFree:          127692 kB
Active:           372488 kB
Mem:          3.8G       3.7G       123M       5.7M        28M       3.2G

MemTotal:        4016004 kB
MemFree:          117428 kB
Active:           372404 kB
Mem:          3.8G       3.7G       113M       5.7M        28M       3.3G

MemTotal:        4016004 kB
MemFree:          106280 kB
Active:           372408 kB
Mem:          3.8G       3.7G       103M       5.7M        28M       3.3G

MemTotal:        4016004 kB
MemFree:          113376 kB
Active:           372288 kB
Mem:          3.8G       3.7G       109M       5.7M        28M       3.3G

MemTotal:        4016004 kB
MemFree:          126864 kB
Active:           372264 kB
Mem:          3.8G       3.7G       122M       5.7M        28M       3.2G

MemTotal:        4016004 kB
MemFree:          130160 kB
Active:           372304 kB
Mem:          3.8G       3.7G       127M       5.7M        28M       3.2G

MemTotal:        4016004 kB
MemFree:          110796 kB
Active:           372288 kB
Mem:          3.8G       3.7G       107M       5.7M        28M       3.3G

MemTotal:        4016004 kB
MemFree:          106888 kB
Active:           372324 kB
Mem:          3.8G       3.7G       104M       5.7M        28M       3.3G

MemTotal:        4016004 kB
MemFree:          106828 kB
Active:           372304 kB
Mem:          3.8G       3.7G       104M       5.7M        28M       3.3G

MemTotal:        4016004 kB
MemFree:          105008 kB
Active:           372312 kB
Mem:          3.8G       3.7G       125M       5.7M        28M       3.2G

MemTotal:        4016004 kB
MemFree:          130908 kB
Active:           372272 kB
Mem:          3.8G       3.7G       127M       5.7M        28M       3.2G

MemTotal:        4016004 kB
MemFree:          108584 kB
Active:           372272 kB
Mem:          3.8G       3.7G       104M       5.7M        28M       3.3G

MemTotal:        4016004 kB
MemFree:          127196 kB
Active:           372272 kB
Mem:          3.8G       3.7G       123M       5.7M        28M       3.2G

MemTotal:        4016004 kB
MemFree:          117552 kB
Active:           372280 kB
Mem:          3.8G       3.7G       113M       5.7M        28M       3.3G

MemTotal:        4016004 kB
MemFree:          106528 kB
Active:           372280 kB
Mem:          3.8G       3.7G       102M       5.7M        28M       3.3G

MemTotal:        4016004 kB
MemFree:          108044 kB
Active:           372280 kB
Mem:          3.8G       3.7G       105M       5.7M        28M       3.3G

MemTotal:        4016004 kB
MemFree:          110644 kB
Active:           371704 kB
Mem:          3.8G       3.7G       107M       5.7M        28M       3.3G

MemTotal:        4016004 kB
MemFree:          120948 kB
Active:           371684 kB
Mem:          3.8G       3.7G       118M       5.7M        28M       3.3G

MemTotal:        4016004 kB
MemFree:          120564 kB
Active:           371700 kB
Mem:          3.8G       3.7G       117M       5.7M        28M       3.3G

MemTotal:        4016004 kB
MemFree:          120440 kB
Active:           371704 kB
Mem:          3.8G       3.7G       117M       5.7M        28M       3.3G

MemTotal:        4016004 kB
MemFree:          120568 kB
Active:           371716 kB
Mem:          3.8G       3.7G       117M       5.7M        28M       3.3G

MemTotal:        4016004 kB
MemFree:          116224 kB
Active:           371704 kB
Mem:          3.8G       3.7G       113M       5.7M        28M       3.3G

MemTotal:        4016004 kB
MemFree:          111416 kB
Active:           371732 kB
Mem:          3.8G       3.7G       108M       5.7M        28M       3.3G

MemTotal:        4016004 kB
MemFree:          130556 kB
Active:           371740 kB
Mem:          3.8G       3.7G       127M       5.7M        28M       3.2G

MemTotal:        4016004 kB
MemFree:          120136 kB
Active:           371740 kB
Mem:          3.8G       3.7G       116M       5.7M        28M       3.3G

MemTotal:        4016004 kB
MemFree:          122024 kB
Active:           371728 kB
Mem:          3.8G       3.7G       118M       5.7M        28M       3.3G

MemTotal:        4016004 kB
MemFree:          123576 kB
Active:           371744 kB
Mem:          3.8G       3.7G       119M       5.7M        28M       3.3G

MemTotal:        4016004 kB
MemFree:          130908 kB
Active:           370016 kB
Mem:          3.8G       3.7G       127M       5.7M        28M       3.2G

MemTotal:        4016004 kB
MemFree:          120664 kB
Active:           370968 kB
Mem:          3.8G       3.7G       116M       5.7M        28M       3.3G

MemTotal:        4016004 kB
MemFree:          127572 kB
Active:           370844 kB
Mem:          3.8G       3.7G       123M       5.7M        28M       3.2G

MemTotal:        4016004 kB
MemFree:          116392 kB
Active:           370844 kB
Mem:          3.8G       3.7G       113M       5.7M        28M       3.3G

MemTotal:        4016004 kB
MemFree:          106144 kB
Active:           370844 kB
Mem:          3.8G       3.7G       125M       5.7M        28M       3.2G

MemTotal:        4016004 kB
MemFree:          107816 kB
Active:           370672 kB
Mem:          3.8G       3.7G       104M       5.7M        28M       3.3G

MemTotal:        4016004 kB
MemFree:          135936 kB
Active:           370732 kB
Mem:          3.8G       3.7G       132M       5.7M        28M       3.2G

MemTotal:        4016004 kB
MemFree:          133000 kB
Active:           370700 kB
Mem:          3.8G       3.7G       128M       5.7M        28M       3.2G

MemTotal:        4016004 kB
MemFree:          132968 kB
Active:           365272 kB
Mem:          3.8G       3.7G       129M       5.7M        28M       3.2G

MemTotal:        4016004 kB
MemFree:          128012 kB
Active:           365108 kB
Mem:          3.8G       3.7G       124M       5.7M        28M       3.2G

MemTotal:        4016004 kB
MemFree:          134936 kB
Active:           365156 kB
Mem:          3.8G       3.7G       131M       5.7M        28M       3.2G

MemTotal:        4016004 kB
MemFree:          135832 kB
Active:           365132 kB
Mem:          3.8G       3.7G       131M       5.7M        28M       3.2G

MemTotal:        4016004 kB
MemFree:          126064 kB
Active:           365128 kB
Mem:          3.8G       3.7G       122M       5.7M        28M       3.2G

MemTotal:        4016004 kB
MemFree:          115164 kB
Active:           365172 kB
Mem:          3.8G       3.7G       111M       5.7M        28M       3.3G

MemTotal:        4016004 kB
MemFree:          105024 kB
Active:           365136 kB
Mem:          3.8G       3.7G       124M       5.7M        28M       3.2G

MemTotal:        4016004 kB
MemFree:          104896 kB
Active:           365176 kB
Mem:          3.8G       3.7G       125M       5.7M        28M       3.2G

MemTotal:        4016004 kB
MemFree:          121512 kB
Active:           361632 kB
Mem:          3.8G       3.7G       117M       5.7M        28M       3.3G

MemTotal:        4016004 kB
MemFree:          105796 kB
Active:           361444 kB
Mem:          3.8G       3.7G       102M       5.7M        28M       3.3G

MemTotal:        4016004 kB
MemFree:          122144 kB
Active:           361464 kB
Mem:          3.8G       3.7G       119M       5.7M        28M       3.2G

MemTotal:        4016004 kB
MemFree:          127896 kB
Active:           361460 kB
Mem:          3.8G       3.7G       124M       5.7M        28M       3.2G

MemTotal:        4016004 kB
MemFree:          122216 kB
Active:           361420 kB
Mem:          3.8G       3.7G       117M       5.7M        28M       3.2G

MemTotal:        4016004 kB
MemFree:          128060 kB
Active:           362860 kB
Mem:          3.8G       3.7G       124M       5.7M        28M       3.2G

MemTotal:        4016004 kB
MemFree:          133768 kB
Active:           362860 kB
Mem:          3.8G       3.7G       129M       5.7M        28M       3.2G

MemTotal:        4016004 kB
MemFree:          117288 kB
Active:           362744 kB
Mem:          3.8G       3.7G       113M       5.7M        28M       3.3G

MemTotal:        4016004 kB
MemFree:          106776 kB
Active:           362588 kB
Mem:          3.8G       3.7G       103M       5.7M        28M       3.3G

MemTotal:        4016004 kB
MemFree:          123484 kB
Active:           360064 kB
Mem:          3.8G       3.7G       119M       5.7M        28M       3.2G

MemTotal:        4016004 kB
MemFree:          112972 kB
Active:           359936 kB
Mem:          3.8G       3.7G       108M       5.7M        28M       3.3G

MemTotal:        4016004 kB
MemFree:          126980 kB
Active:           359964 kB
Mem:          3.8G       3.7G       122M       5.7M        28M       3.2G

MemTotal:        4016004 kB
MemFree:          110500 kB
Active:           359916 kB
Mem:          3.8G       3.7G       107M       5.7M        28M       3.3G

MemTotal:        4016004 kB
MemFree:          127216 kB
Active:           359968 kB
Mem:          3.8G       3.7G       123M       5.7M        28M       3.2G

MemTotal:        4016004 kB
MemFree:          120572 kB
Active:           359688 kB
Mem:          3.8G       3.7G       116M       5.7M        28M       3.2G

MemTotal:        4016004 kB
MemFree:          128412 kB
Active:           360388 kB
Mem:          3.8G       3.7G       125M       5.7M        28M       3.2G

MemTotal:        4016004 kB
MemFree:          128044 kB
Active:           360448 kB
Mem:          3.8G       3.7G       124M       5.7M        28M       3.2G

MemTotal:        4016004 kB
MemFree:          128300 kB
Active:           360424 kB
Mem:          3.8G       3.7G       125M       5.7M        28M       3.2G

MemTotal:        4016004 kB
MemFree:          122240 kB
Active:           360456 kB
Mem:          3.8G       3.7G       118M       5.7M        28M       3.2G

MemTotal:        4016004 kB
MemFree:          106132 kB
Active:           360312 kB
Mem:          3.8G       3.7G       102M       5.7M        28M       3.3G

MemTotal:        4016004 kB
MemFree:          125504 kB
Active:           360344 kB
Mem:          3.8G       3.7G       121M       5.7M        28M       3.2G

MemTotal:        4016004 kB
MemFree:          131140 kB
Active:           356524 kB
Mem:          3.8G       3.7G       126M       5.7M        28M       3.2G

MemTotal:        4016004 kB
MemFree:          126708 kB
Active:           356280 kB
Mem:          3.8G       3.7G       122M       5.7M        28M       3.2G

MemTotal:        4016004 kB
MemFree:          104540 kB
Active:           356288 kB
Mem:          3.8G       3.7G       124M       5.7M        28M       3.2G

MemTotal:        4016004 kB
MemFree:          124516 kB
Active:           356204 kB
Mem:          3.8G       3.7G       121M       5.7M        28M       3.2G

MemTotal:        4016004 kB
MemFree:          124080 kB
Active:           356168 kB
Mem:          3.8G       3.7G       120M       5.7M        28M       3.2G

MemTotal:        4016004 kB
MemFree:          113164 kB
Active:           356160 kB
Mem:          3.8G       3.7G       110M       5.7M        28M       3.3G

MemTotal:        4016004 kB
MemFree:          132428 kB
Active:           356212 kB
Mem:          3.8G       3.7G       128M       5.7M        28M       3.2G

MemTotal:        4016004 kB
MemFree:          122536 kB
Active:           356184 kB
Mem:          3.8G       3.7G       118M       5.7M        28M       3.2G

MemTotal:        4016004 kB
MemFree:          147460 kB
Active:           356212 kB
Mem:          3.8G       3.7G       143M       5.7M        28M       3.2G

MemTotal:        4016004 kB
MemFree:          127680 kB
Active:           356224 kB
Mem:          3.8G       3.7G       124M       5.7M        28M       3.2G

MemTotal:        4016004 kB
MemFree:          127944 kB
Active:           356232 kB
Mem:          3.8G       3.7G       124M       5.7M        28M       3.2G

MemTotal:        4016004 kB
MemFree:          119700 kB
Active:           355264 kB
Mem:          3.8G       3.7G       115M       5.7M        28M       3.2G

MemTotal:        4016004 kB
MemFree:          109300 kB
Active:           355132 kB
Mem:          3.8G       3.7G       105M       5.7M        28M       3.3G

MemTotal:        4016004 kB
MemFree:          108308 kB
Active:           355120 kB
Mem:          3.8G       3.7G       104M       5.7M        28M       3.3G

MemTotal:        4016004 kB
MemFree:          115204 kB
Active:           355028 kB
Mem:          3.8G       3.7G       112M       5.7M        28M       3.3G

MemTotal:        4016004 kB
MemFree:          104800 kB
Active:           355052 kB
Mem:          3.8G       3.7G       124M       5.7M        28M       3.2G

MemTotal:        4016004 kB
MemFree:          128884 kB
Active:           355072 kB
Mem:          3.8G       3.7G       125M       5.7M        28M       3.2G

MemTotal:        4016004 kB
MemFree:          107072 kB
Active:           355044 kB
Mem:          3.8G       3.7G       103M       5.7M        28M       3.3G

MemTotal:        4016004 kB
MemFree:          126444 kB
Active:           355072 kB
Mem:          3.8G       3.7G       122M       5.7M        28M       3.2G

MemTotal:        4016004 kB
MemFree:          110552 kB
Active:           355040 kB
Mem:          3.8G       3.7G       106M       5.7M        28M       3.3G

MemTotal:        4016004 kB
MemFree:          105420 kB
Active:           355048 kB
Mem:          3.8G       3.7G       102M       5.7M        28M       3.3G

MemTotal:        4016004 kB
MemFree:          126696 kB
Active:           353772 kB
Mem:          3.8G       3.7G       133M       5.7M        28M       3.2G

MemTotal:        4016004 kB
MemFree:          109512 kB
Active:           353720 kB
Mem:          3.8G       3.7G       106M       5.7M        28M       3.3G

MemTotal:        4016004 kB
MemFree:          107792 kB
Active:           353760 kB
Mem:          3.8G       3.7G       104M       5.7M        28M       3.3G

MemTotal:        4016004 kB
MemFree:          104972 kB
Active:           353776 kB
Mem:          3.8G       3.7G       125M       5.7M        28M       3.2G

MemTotal:        4016004 kB
MemFree:          129376 kB
Active:           353748 kB
Mem:          3.8G       3.7G       126M       5.7M        28M       3.2G

MemTotal:        4016004 kB
MemFree:          119104 kB
Active:           353784 kB
Mem:          3.8G       3.7G       115M       5.7M        28M       3.2G

MemTotal:        4016004 kB
MemFree:          133748 kB
Active:           353764 kB
Mem:          3.8G       3.7G       129M       5.7M        28M       3.2G

MemTotal:        4016004 kB
MemFree:          123468 kB
Active:           353792 kB
Mem:          3.8G       3.7G       119M       5.7M        28M       3.2G

MemTotal:        4016004 kB
MemFree:          112708 kB
Active:           353744 kB
Mem:          3.8G       3.7G       109M       5.7M        28M       3.3G

MemTotal:        4016004 kB
MemFree:          114332 kB
Active:           353756 kB
Mem:          3.8G       3.7G       110M       5.7M        28M       3.3G

MemTotal:        4016004 kB
MemFree:          127960 kB
Active:           353752 kB
Mem:          3.8G       3.7G       123M       5.7M        28M       3.2G

MemTotal:        4016004 kB
MemFree:          123548 kB
Active:           353768 kB
Mem:          3.8G       3.7G       119M       5.7M        28M       3.2G

MemTotal:        4016004 kB
MemFree:          106944 kB
Active:           353800 kB
Mem:          3.8G       3.7G       103M       5.7M        28M       3.3G

MemTotal:        4016004 kB
MemFree:          128316 kB
Active:           353812 kB
Mem:          3.8G       3.7G       125M       5.7M        28M       3.2G

MemTotal:        4016004 kB
MemFree:          136020 kB
Active:           353772 kB
Mem:          3.8G       3.7G       132M       5.7M        28M       3.2G

MemTotal:        4016004 kB
MemFree:          110008 kB
Active:           353804 kB
Mem:          3.8G       3.7G       106M       5.7M        28M       3.3G

MemTotal:        4016004 kB
MemFree:          127108 kB
Active:           351476 kB
Mem:          3.8G       3.7G       123M       5.7M        28M       3.2G

MemTotal:        4016004 kB
MemFree:          104776 kB
Active:           351364 kB
Mem:          3.8G       3.7G       125M       5.7M        28M       3.2G

MemTotal:        4016004 kB
MemFree:          109676 kB
Active:           351348 kB
Mem:          3.8G       3.7G       106M       5.7M        28M       3.3G

MemTotal:        4016004 kB
MemFree:          128816 kB
Active:           351352 kB
Mem:          3.8G       3.7G       125M       5.7M        28M       3.2G

MemTotal:        4016004 kB
MemFree:          118924 kB
Active:           351372 kB
Mem:          3.8G       3.7G       115M       5.7M        28M       3.2G

MemTotal:        4016004 kB
MemFree:          108520 kB
Active:           351328 kB
Mem:          3.8G       3.7G       105M       5.7M        28M       3.3G

MemTotal:        4016004 kB
MemFree:          109664 kB
Active:           351356 kB
Mem:          3.8G       3.7G       106M       5.7M        28M       3.3G

MemTotal:        4016004 kB
MemFree:          141856 kB
Active:           351356 kB
Mem:          3.8G       3.7G       138M       5.7M        28M       3.2G

MemTotal:        4016004 kB
MemFree:          134820 kB
Active:           351352 kB
Mem:          3.8G       3.7G       130M       5.7M        28M       3.2G

MemTotal:        4016004 kB
MemFree:          105648 kB
Active:           351344 kB
Mem:          3.8G       3.7G       125M       5.7M        28M       3.2G

MemTotal:        4016004 kB
MemFree:          128012 kB
Active:           351396 kB
Mem:          3.8G       3.7G       125M       5.7M        28M       3.2G

MemTotal:        4016004 kB
MemFree:          122804 kB
Active:           351392 kB
Mem:          3.8G       3.7G       119M       5.7M        28M       3.2G

MemTotal:        4016004 kB
MemFree:          106168 kB
Active:           351412 kB
Mem:          3.8G       3.7G       102M       5.7M        28M       3.3G

MemTotal:        4016004 kB
MemFree:          122784 kB
Active:           351412 kB
Mem:          3.8G       3.7G       119M       5.7M        28M       3.2G

MemTotal:        4016004 kB
MemFree:          129252 kB
Active:           348748 kB
Mem:          3.8G       3.7G       125M       5.7M        28M       3.2G

MemTotal:        4016004 kB
MemFree:          122936 kB
Active:           348636 kB
Mem:          3.8G       3.7G       118M       5.7M        28M       3.2G

MemTotal:        4016004 kB
MemFree:          128052 kB
Active:           348676 kB
Mem:          3.8G       3.7G       124M       5.7M        28M       3.2G

MemTotal:        4016004 kB
MemFree:          121052 kB
Active:           349780 kB
Mem:          3.8G       3.7G       117M       5.7M        28M       3.2G

MemTotal:        4016004 kB
MemFree:          128216 kB
Active:           349764 kB
Mem:          3.8G       3.7G       123M       5.7M        28M       3.2G

MemTotal:        4016004 kB
MemFree:          124192 kB
Active:           349792 kB
Mem:          3.8G       3.7G       120M       5.7M        28M       3.2G

MemTotal:        4016004 kB
MemFree:          125992 kB
Active:           349668 kB
Mem:          3.8G       3.7G       122M       5.7M        28M       3.2G

MemTotal:        4016004 kB
MemFree:          127556 kB
Active:           349652 kB
Mem:          3.8G       3.7G       124M       5.7M        28M       3.2G

MemTotal:        4016004 kB
MemFree:          126400 kB
Active:           349688 kB
Mem:          3.8G       3.7G       122M       5.7M        28M       3.2G

MemTotal:        4016004 kB
MemFree:          126912 kB
Active:           349684 kB
Mem:          3.8G       3.7G       123M       5.7M        28M       3.2G

MemTotal:        4016004 kB
MemFree:          133944 kB
Active:           349676 kB
Mem:          3.8G       3.7G       129M       5.7M        28M       3.2G

MemTotal:        4016004 kB
MemFree:          124336 kB
Active:           349672 kB
Mem:          3.8G       3.7G       120M       5.7M        28M       3.2G

MemTotal:        4016004 kB
MemFree:          131396 kB
Active:           348952 kB
Mem:          3.8G       3.7G       126M       5.7M        28M       3.2G

MemTotal:        4016004 kB
MemFree:          134496 kB
Active:           350068 kB
Mem:          3.8G       3.7G       129M       5.7M        28M       3.2G

MemTotal:        4016004 kB
MemFree:          124092 kB
Active:           350064 kB
Mem:          3.8G       3.7G       120M       5.7M        28M       3.2G

MemTotal:        4016004 kB
MemFree:          125856 kB
Active:           350056 kB
Mem:          3.8G       3.7G       121M       5.7M        28M       3.2G

MemTotal:        4016004 kB
MemFree:          130164 kB
Active:           349932 kB
Mem:          3.8G       3.7G       125M       5.7M        28M       3.2G

MemTotal:        4016004 kB
MemFree:          130920 kB
Active:           349816 kB
Mem:          3.8G       3.7G       126M       5.7M        28M       3.2G

MemTotal:        4016004 kB
MemFree:          129468 kB
Active:           349684 kB
Mem:          3.8G       3.7G       125M       5.7M        28M       3.2G

MemTotal:        4016004 kB
MemFree:          130968 kB
Active:           349724 kB
Mem:          3.8G       3.7G       127M       5.7M        28M       3.2G

MemTotal:        4016004 kB
MemFree:          128664 kB
Active:           349420 kB
Mem:          3.8G       3.7G       125M       5.7M        28M       3.2G

MemTotal:        4016004 kB
MemFree:          128664 kB
Active:           349420 kB
Mem:          3.8G       3.7G       125M       5.7M        28M       3.2G

MemTotal:        4016004 kB
MemFree:          129160 kB
Active:           349392 kB
Mem:          3.8G       3.7G       126M       5.7M        28M       3.2G

MemTotal:        4016004 kB
MemFree:          129036 kB
Active:           349388 kB
Mem:          3.8G       3.7G       125M       5.7M        28M       3.2G

MemTotal:        4016004 kB
MemFree:          129160 kB
Active:           349380 kB
Mem:          3.8G       3.7G       125M       5.7M        28M       3.2G

MemTotal:        4016004 kB
MemFree:          128384 kB
Active:           349444 kB
Mem:          3.8G       3.7G       125M       5.7M        28M       3.2G

MemTotal:        4016004 kB
MemFree:          128572 kB
Active:           349428 kB
Mem:          3.8G       3.7G       125M       5.7M        28M       3.2G

MemTotal:        4016004 kB
MemFree:          128756 kB
Active:           349420 kB
Mem:          3.8G       3.7G       125M       5.7M        28M       3.2G

MemTotal:        4016004 kB
MemFree:          128948 kB
Active:           349444 kB
Mem:          3.8G       3.7G       125M       5.7M        28M       3.2G

MemTotal:        4016004 kB
MemFree:          128832 kB
Active:           349424 kB
Mem:          3.8G       3.7G       125M       5.7M        28M       3.2G

MemTotal:        4016004 kB
MemFree:          128832 kB
Active:           349440 kB
Mem:          3.8G       3.7G       125M       5.7M        28M       3.2G

MemTotal:        4016004 kB
MemFree:          128832 kB
Active:           349412 kB
Mem:          3.8G       3.7G       125M       5.7M        28M       3.2G

MemTotal:        4016004 kB
MemFree:          126660 kB
Active:           349428 kB
Mem:          3.8G       3.7G       123M       5.7M        28M       3.2G

MemTotal:        4016004 kB
MemFree:          126660 kB
Active:           351460 kB
Mem:          3.8G       3.7G       123M       5.7M        28M       3.2G

MemTotal:        4016004 kB
MemFree:          126784 kB
Active:           351488 kB
Mem:          3.8G       3.7G       123M       5.7M        28M       3.2G

MemTotal:        4016004 kB
MemFree:          126660 kB
Active:           351492 kB
Mem:          3.8G       3.7G       123M       5.7M        28M       3.2G

MemTotal:        4016004 kB
MemFree:          126536 kB
Active:           351480 kB
Mem:          3.8G       3.7G       123M       5.7M        28M       3.2G

MemTotal:        4016004 kB
MemFree:          126908 kB
Active:           351448 kB
Mem:          3.8G       3.7G       123M       5.7M        28M       3.2G

MemTotal:        4016004 kB
MemFree:          126784 kB
Active:           351504 kB
Mem:          3.8G       3.7G       123M       5.7M        28M       3.2G

MemTotal:        4016004 kB
MemFree:          126908 kB
Active:           351508 kB
Mem:          3.8G       3.7G       123M       5.7M        28M       3.2G

MemTotal:        4016004 kB
MemFree:          126660 kB
Active:           351488 kB
Mem:          3.8G       3.7G       123M       5.7M        28M       3.2G

MemTotal:        4016004 kB
MemFree:          126784 kB
Active:           351468 kB
Mem:          3.8G       3.7G       123M       5.7M        28M       3.2G

MemTotal:        4016004 kB
MemFree:          126288 kB
Active:           351516 kB
Mem:          3.8G       3.7G       123M       5.7M        28M       3.2G

MemTotal:        4016004 kB
MemFree:          126660 kB
Active:           351460 kB
Mem:          3.8G       3.7G       123M       5.7M        28M       3.2G

MemTotal:        4016004 kB
MemFree:          126784 kB
Active:           351464 kB
Mem:          3.8G       3.7G       123M       5.7M        28M       3.2G

MemTotal:        4016004 kB
MemFree:          126784 kB
Active:           351488 kB
Mem:          3.8G       3.7G       123M       5.7M        28M       3.2G

MemTotal:        4016004 kB
MemFree:          126660 kB
Active:           351492 kB
Mem:          3.8G       3.7G       123M       5.7M        28M       3.2G

MemTotal:        4016004 kB
MemFree:          126288 kB
Active:           351528 kB
Mem:          3.8G       3.7G       123M       5.7M        28M       3.2G

MemTotal:        4016004 kB
MemFree:          126784 kB
Active:           351476 kB
Mem:          3.8G       3.7G       123M       5.7M        28M       3.2G

MemTotal:        4016004 kB
MemFree:          126908 kB
Active:           351524 kB
Mem:          3.8G       3.7G       123M       5.7M        28M       3.2G

MemTotal:        4016004 kB
MemFree:          126784 kB
Active:           351532 kB
Mem:          3.8G       3.7G       123M       5.7M        28M       3.2G

MemTotal:        4016004 kB
MemFree:          126792 kB
Active:           351480 kB
Mem:          3.8G       3.7G       123M       5.7M        28M       3.2G

MemTotal:        4016004 kB
MemFree:          126792 kB
Active:           351532 kB
Mem:          3.8G       3.7G       123M       5.7M        28M       3.2G

MemTotal:        4016004 kB
MemFree:          126792 kB
Active:           351532 kB
Mem:          3.8G       3.7G       123M       5.7M        28M       3.2G

MemTotal:        4016004 kB
MemFree:          126916 kB
Active:           351520 kB
Mem:          3.8G       3.7G       123M       5.7M        28M       3.2G

MemTotal:        4016004 kB
MemFree:          126792 kB
Active:           351496 kB
Mem:          3.8G       3.7G       123M       5.7M        28M       3.2G

MemTotal:        4016004 kB
MemFree:          126792 kB
Active:           351536 kB
Mem:          3.8G       3.7G       123M       5.7M        28M       3.2G

MemTotal:        4016004 kB
MemFree:          126668 kB
Active:           351524 kB
Mem:          3.8G       3.7G       123M       5.7M        28M       3.2G

MemTotal:        4016004 kB
MemFree:          126792 kB
Active:           351540 kB
Mem:          3.8G       3.7G       123M       5.7M        28M       3.2G

MemTotal:        4016004 kB
MemFree:          126792 kB
Active:           351548 kB
Mem:          3.8G       3.7G       123M       5.7M        28M       3.2G

MemTotal:        4016004 kB
MemFree:          126668 kB
Active:           351532 kB
Mem:          3.8G       3.7G       123M       5.7M        28M       3.2G

MemTotal:        4016004 kB
MemFree:          126544 kB
Active:           351552 kB
Mem:          3.8G       3.7G       123M       5.7M        28M       3.2G

MemTotal:        4016004 kB
MemFree:          126792 kB
Active:           351504 kB
Mem:          3.8G       3.7G       123M       5.7M        28M       3.2G

MemTotal:        4016004 kB
MemFree:          126668 kB
Active:           351556 kB
Mem:          3.8G       3.7G       123M       5.7M        28M       3.2G

MemTotal:        4016004 kB
MemFree:          126916 kB
Active:           351544 kB
Mem:          3.8G       3.7G       123M       5.7M        28M       3.2G

MemTotal:        4016004 kB
MemFree:          126916 kB
Active:           351528 kB
Mem:          3.8G       3.7G       123M       5.7M        28M       3.2G

MemTotal:        4016004 kB
MemFree:          126916 kB
Active:           351500 kB
Mem:          3.8G       3.7G       123M       5.7M        28M       3.2G

MemTotal:        4016004 kB
MemFree:          126792 kB
Active:           351560 kB
Mem:          3.8G       3.7G       123M       5.7M        28M       3.2G

MemTotal:        4016004 kB
MemFree:          126792 kB
Active:           351552 kB
Mem:          3.8G       3.7G       123M       5.7M        28M       3.2G

MemTotal:        4016004 kB
MemFree:          126792 kB
Active:           351548 kB
Mem:          3.8G       3.7G       123M       5.7M        28M       3.2G

MemTotal:        4016004 kB
MemFree:          126668 kB
Active:           351536 kB
Mem:          3.8G       3.7G       123M       5.7M        28M       3.2G

MemTotal:        4016004 kB
MemFree:          126668 kB
Active:           351532 kB
Mem:          3.8G       3.7G       123M       5.7M        28M       3.2G

MemTotal:        4016004 kB
MemFree:          126668 kB
Active:           351580 kB
Mem:          3.8G       3.7G       123M       5.7M        28M       3.2G

MemTotal:        4016004 kB
MemFree:          126668 kB
Active:           351540 kB
Mem:          3.8G       3.7G       123M       5.7M        28M       3.2G

MemTotal:        4016004 kB
MemFree:          126792 kB
Active:           351580 kB
Mem:          3.8G       3.7G       123M       5.7M        28M       3.2G

MemTotal:        4016004 kB
MemFree:          126668 kB
Active:           351592 kB
Mem:          3.8G       3.7G       123M       5.7M        28M       3.2G

MemTotal:        4016004 kB
MemFree:          126792 kB
Active:           351556 kB
Mem:          3.8G       3.7G       123M       5.7M        28M       3.2G

MemTotal:        4016004 kB
MemFree:          126792 kB
Active:           351588 kB
Mem:          3.8G       3.7G       123M       5.7M        28M       3.2G

MemTotal:        4016004 kB
MemFree:          126668 kB
Active:           351564 kB
Mem:          3.8G       3.7G       123M       5.7M        28M       3.2G

MemTotal:        4016004 kB
MemFree:          126668 kB
Active:           351572 kB
Mem:          3.8G       3.7G       123M       5.7M        28M       3.2G

MemTotal:        4016004 kB
MemFree:          126544 kB
Active:           351568 kB
Mem:          3.8G       3.7G       123M       5.7M        28M       3.2G

MemTotal:        4016004 kB
MemFree:          126544 kB
Active:           351616 kB
Mem:          3.8G       3.7G       123M       5.7M        28M       3.2G

MemTotal:        4016004 kB
MemFree:          124496 kB
Active:           351580 kB
Mem:          3.8G       3.7G       121M       5.7M        28M       3.2G

MemTotal:        4016004 kB
MemFree:          124496 kB
Active:           353604 kB
Mem:          3.8G       3.7G       121M       5.7M        28M       3.2G

MemTotal:        4016004 kB
MemFree:          124620 kB
Active:           353596 kB
Mem:          3.8G       3.7G       121M       5.7M        28M       3.2G

MemTotal:        4016004 kB
MemFree:          124372 kB
Active:           353648 kB
Mem:          3.8G       3.7G       121M       5.7M        28M       3.2G

MemTotal:        4016004 kB
MemFree:          124496 kB
Active:           353644 kB
Mem:          3.8G       3.7G       121M       5.7M        28M       3.2G

MemTotal:        4016004 kB
MemFree:          124372 kB
Active:           353620 kB
Mem:          3.8G       3.7G       121M       5.7M        28M       3.2G

MemTotal:        4016004 kB
MemFree:          124496 kB
Active:           353628 kB
Mem:          3.8G       3.7G       121M       5.7M        28M       3.2G

MemTotal:        4016004 kB
MemFree:          124496 kB
Active:           353660 kB
Mem:          3.8G       3.7G       121M       5.7M        28M       3.2G

MemTotal:        4016004 kB
MemFree:          124496 kB
Active:           353636 kB
Mem:          3.8G       3.7G       121M       5.7M        28M       3.2G

MemTotal:        4016004 kB
MemFree:          124372 kB
Active:           353636 kB
Mem:          3.8G       3.7G       121M       5.7M        28M       3.2G

MemTotal:        4016004 kB
MemFree:          124372 kB
Active:           353636 kB
Mem:          3.8G       3.7G       121M       5.7M        28M       3.2G

MemTotal:        4016004 kB
MemFree:          124620 kB
Active:           353620 kB
Mem:          3.8G       3.7G       121M       5.7M        28M       3.2G

MemTotal:        4016004 kB
MemFree:          124604 kB
Active:           353688 kB
Mem:          3.8G       3.7G       121M       5.7M        28M       3.2G

MemTotal:        4016004 kB
MemFree:          124604 kB
Active:           353664 kB
Mem:          3.8G       3.7G       121M       5.7M        28M       3.2G

MemTotal:        4016004 kB
MemFree:          124480 kB
Active:           353824 kB
Mem:          3.8G       3.7G       121M       5.7M        28M       3.2G

MemTotal:        4016004 kB
MemFree:          124464 kB
Active:           353728 kB
Mem:          3.8G       3.7G       121M       5.7M        28M       3.2G

MemTotal:        4016004 kB
MemFree:          124588 kB
Active:           353668 kB
Mem:          3.8G       3.7G       121M       5.7M        28M       3.2G

MemTotal:        4016004 kB
MemFree:          124480 kB
Active:           353716 kB
Mem:          3.8G       3.7G       121M       5.7M        28M       3.2G

MemTotal:        4016004 kB
MemFree:          124728 kB
Active:           353728 kB
Mem:          3.8G       3.7G       121M       5.7M        28M       3.2G

MemTotal:        4016004 kB
MemFree:          124852 kB
Active:           353736 kB
Mem:          3.8G       3.7G       121M       5.7M        28M       3.2G

MemTotal:        4016004 kB
MemFree:          124604 kB
Active:           353728 kB
Mem:          3.8G       3.7G       121M       5.7M        28M       3.2G

MemTotal:        4016004 kB
MemFree:          124232 kB
Active:           353732 kB
Mem:          3.8G       3.7G       121M       5.7M        28M       3.2G

MemTotal:        4016004 kB
MemFree:          124480 kB
Active:           353732 kB
Mem:          3.8G       3.7G       121M       5.7M        28M       3.2G

MemTotal:        4016004 kB
MemFree:          124480 kB
Active:           353728 kB
Mem:          3.8G       3.7G       121M       5.7M        28M       3.2G

MemTotal:        4016004 kB
MemFree:          124356 kB
Active:           353740 kB
Mem:          3.8G       3.7G       121M       5.7M        28M       3.2G

MemTotal:        4016004 kB
MemFree:          124356 kB
Active:           353732 kB
Mem:          3.8G       3.7G       121M       5.7M        28M       3.2G

MemTotal:        4016004 kB
MemFree:          124604 kB
Active:           353748 kB
Mem:          3.8G       3.7G       121M       5.7M        28M       3.2G

MemTotal:        4016004 kB
MemFree:          124480 kB
Active:           353736 kB
Mem:          3.8G       3.7G       121M       5.7M        28M       3.2G

MemTotal:        4016004 kB
MemFree:          124604 kB
Active:           353752 kB
Mem:          3.8G       3.7G       121M       5.7M        28M       3.2G

MemTotal:        4016004 kB
MemFree:          124108 kB
Active:           353724 kB
Mem:          3.8G       3.7G       121M       5.7M        28M       3.2G

MemTotal:        4016004 kB
MemFree:          124392 kB
Active:           353708 kB
Mem:          3.8G       3.7G       121M       5.7M        28M       3.2G

MemTotal:        4016004 kB
MemFree:          124532 kB
Active:           353700 kB
Mem:          3.8G       3.7G       121M       5.7M        28M       3.2G

MemTotal:        4016004 kB
MemFree:          124532 kB
Active:           353744 kB
Mem:          3.8G       3.7G       121M       5.7M        28M       3.2G

MemTotal:        4016004 kB
MemFree:          124532 kB
Active:           353732 kB
Mem:          3.8G       3.7G       121M       5.7M        28M       3.2G

MemTotal:        4016004 kB
MemFree:          124408 kB
Active:           353720 kB
Mem:          3.8G       3.7G       121M       5.7M        28M       3.2G

MemTotal:        4016004 kB
MemFree:          124656 kB
Active:           353756 kB
Mem:          3.8G       3.7G       121M       5.7M        28M       3.2G

MemTotal:        4016004 kB
MemFree:          124532 kB
Active:           353736 kB
Mem:          3.8G       3.7G       121M       5.7M        28M       3.2G

MemTotal:        4016004 kB
MemFree:          124780 kB
Active:           353732 kB
Mem:          3.8G       3.7G       121M       5.7M        28M       3.2G

MemTotal:        4016004 kB
MemFree:          124656 kB
Active:           353740 kB
Mem:          3.8G       3.7G       121M       5.7M        28M       3.2G

MemTotal:        4016004 kB
MemFree:          124656 kB
Active:           353720 kB
Mem:          3.8G       3.7G       121M       5.7M        28M       3.2G

MemTotal:        4016004 kB
MemFree:          124656 kB
Active:           353760 kB
Mem:          3.8G       3.7G       121M       5.7M        28M       3.2G

MemTotal:        4016004 kB
MemFree:          124656 kB
Active:           353716 kB
Mem:          3.8G       3.7G       121M       5.7M        28M       3.2G

MemTotal:        4016004 kB
MemFree:          124656 kB
Active:           353756 kB
Mem:          3.8G       3.7G       121M       5.7M        28M       3.2G

MemTotal:        4016004 kB
MemFree:          124284 kB
Active:           353768 kB
Mem:          3.8G       3.7G       121M       5.7M        28M       3.2G

MemTotal:        4016004 kB
MemFree:          124532 kB
Active:           353760 kB
Mem:          3.8G       3.7G       121M       5.7M        28M       3.2G

MemTotal:        4016004 kB
MemFree:          124408 kB
Active:           353740 kB
Mem:          3.8G       3.7G       121M       5.7M        28M       3.2G

MemTotal:        4016004 kB
MemFree:          124408 kB
Active:           353732 kB
Mem:          3.8G       3.7G       121M       5.7M        28M       3.2G

MemTotal:        4016004 kB
MemFree:          124532 kB
Active:           353772 kB
Mem:          3.8G       3.7G       121M       5.7M        28M       3.2G

MemTotal:        4016004 kB
MemFree:          124656 kB
Active:           353772 kB
Mem:          3.8G       3.7G       121M       5.7M        28M       3.2G

MemTotal:        4016004 kB
MemFree:          124656 kB
Active:           353756 kB
Mem:          3.8G       3.7G       121M       5.7M        28M       3.2G

MemTotal:        4016004 kB
MemFree:          124408 kB
Active:           353768 kB
Mem:          3.8G       3.7G       121M       5.7M        28M       3.2G

MemTotal:        4016004 kB
MemFree:          124532 kB
Active:           353740 kB
Mem:          3.8G       3.7G       121M       5.7M        28M       3.2G

MemTotal:        4016004 kB
MemFree:          124408 kB
Active:           353784 kB
Mem:          3.8G       3.7G       121M       5.7M        28M       3.2G

MemTotal:        4016004 kB
MemFree:          124408 kB
Active:           353760 kB
Mem:          3.8G       3.7G       121M       5.7M        28M       3.2G

MemTotal:        4016004 kB
MemFree:          124656 kB
Active:           353792 kB
Mem:          3.8G       3.7G       121M       5.7M        28M       3.2G

MemTotal:        4016004 kB
MemFree:          124532 kB
Active:           353792 kB
Mem:          3.8G       3.7G       121M       5.7M        28M       3.2G

MemTotal:        4016004 kB
MemFree:          124532 kB
Active:           353776 kB
Mem:          3.8G       3.7G       121M       5.7M        28M       3.2G

MemTotal:        4016004 kB
MemFree:          124532 kB
Active:           353780 kB
Mem:          3.8G       3.7G       121M       5.7M        28M       3.2G

MemTotal:        4016004 kB
MemFree:          124408 kB
Active:           353752 kB
Mem:          3.8G       3.7G       121M       5.7M        28M       3.2G

MemTotal:        4016004 kB
MemFree:          124656 kB
Active:           353752 kB
Mem:          3.8G       3.7G       121M       5.7M        28M       3.2G

MemTotal:        4016004 kB
MemFree:          124532 kB
Active:           353760 kB
Mem:          3.8G       3.7G       121M       5.7M        28M       3.2G

MemTotal:        4016004 kB
MemFree:          124656 kB
Active:           353772 kB
Mem:          3.8G       3.7G       121M       5.7M        28M       3.2G

MemTotal:        4016004 kB
MemFree:          124532 kB
Active:           353800 kB
Mem:          3.8G       3.7G       121M       5.7M        28M       3.2G

MemTotal:        4016004 kB
MemFree:          124532 kB
Active:           353764 kB
Mem:          3.8G       3.7G       121M       5.7M        28M       3.2G

MemTotal:        4016004 kB
MemFree:          124408 kB
Active:           353788 kB
Mem:          3.8G       3.7G       121M       5.7M        28M       3.2G

MemTotal:        4016004 kB
MemFree:          124532 kB
Active:           353784 kB
Mem:          3.8G       3.7G       121M       5.7M        28M       3.2G

MemTotal:        4016004 kB
MemFree:          124532 kB
Active:           353788 kB
Mem:          3.8G       3.7G       121M       5.7M        28M       3.2G

MemTotal:        4016004 kB
MemFree:          124408 kB
Active:           353764 kB
Mem:          3.8G       3.7G       121M       5.7M        28M       3.2G

MemTotal:        4016004 kB
MemFree:          124408 kB
Active:           353792 kB
Mem:          3.8G       3.7G       121M       5.7M        28M       3.2G

MemTotal:        4016004 kB
MemFree:          124284 kB
Active:           353780 kB
Mem:          3.8G       3.7G       121M       5.7M        28M       3.2G

MemTotal:        4016004 kB
MemFree:          124408 kB
Active:           353808 kB
Mem:          3.8G       3.7G       121M       5.7M        28M       3.2G

MemTotal:        4016004 kB
MemFree:          124532 kB
Active:           353784 kB
Mem:          3.8G       3.7G       121M       5.7M        28M       3.2G

MemTotal:        4016004 kB
MemFree:          124656 kB
Active:           353768 kB
Mem:          3.8G       3.7G       121M       5.7M        28M       3.2G

MemTotal:        4016004 kB
MemFree:          124408 kB
Active:           353772 kB
Mem:          3.8G       3.7G       121M       5.7M        28M       3.2G

MemTotal:        4016004 kB
MemFree:          124532 kB
Active:           353772 kB
Mem:          3.8G       3.7G       121M       5.7M        28M       3.2G

MemTotal:        4016004 kB
MemFree:          124408 kB
Active:           353792 kB
Mem:          3.8G       3.7G       121M       5.7M        28M       3.2G

MemTotal:        4016004 kB
MemFree:          123788 kB
Active:           353844 kB
Mem:          3.8G       3.7G       120M       5.7M        28M       3.2G

MemTotal:        4016004 kB
MemFree:          123912 kB
Active:           353844 kB
Mem:          3.8G       3.7G       120M       5.7M        28M       3.2G

MemTotal:        4016004 kB
MemFree:          124160 kB
Active:           353832 kB
Mem:          3.8G       3.7G       120M       5.7M        28M       3.2G

MemTotal:        4016004 kB
MemFree:          124656 kB
Active:           353844 kB
Mem:          3.8G       3.7G       121M       5.7M        28M       3.2G

MemTotal:        4016004 kB
MemFree:          124656 kB
Active:           353812 kB
Mem:          3.8G       3.7G       121M       5.7M        28M       3.2G

MemTotal:        4016004 kB
MemFree:          124656 kB
Active:           353816 kB
Mem:          3.8G       3.7G       121M       5.7M        28M       3.2G

MemTotal:        4016004 kB
MemFree:          124780 kB
Active:           353836 kB
Mem:          3.8G       3.7G       121M       5.7M        28M       3.2G

MemTotal:        4016004 kB
MemFree:          124408 kB
Active:           353852 kB
Mem:          3.8G       3.7G       121M       5.7M        28M       3.2G

MemTotal:        4016004 kB
MemFree:          124408 kB
Active:           353832 kB
Mem:          3.8G       3.7G       121M       5.7M        28M       3.2G

MemTotal:        4016004 kB
MemFree:          124284 kB
Active:           353852 kB
Mem:          3.8G       3.7G       121M       5.7M        28M       3.2G

MemTotal:        4016004 kB
MemFree:          124408 kB
Active:           353828 kB
Mem:          3.8G       3.7G       121M       5.7M        28M       3.2G

MemTotal:        4016004 kB
MemFree:          124408 kB
Active:           353860 kB
Mem:          3.8G       3.7G       121M       5.7M        28M       3.2G

MemTotal:        4016004 kB
MemFree:          124532 kB
Active:           353872 kB
Mem:          3.8G       3.7G       121M       5.7M        28M       3.2G

MemTotal:        4016004 kB
MemFree:          123888 kB
Active:           354300 kB
Mem:          3.8G       3.7G       120M       5.7M        28M       3.2G

MemTotal:        4016004 kB
MemFree:          123524 kB
Active:           353984 kB
Mem:          3.8G       3.7G       120M       5.7M        28M       3.2G

MemTotal:        4016004 kB
MemFree:          124020 kB
Active:           353984 kB
Mem:          3.8G       3.7G       120M       5.7M        28M       3.2G

MemTotal:        4016004 kB
MemFree:          124020 kB
Active:           353968 kB
Mem:          3.8G       3.7G       120M       5.7M        28M       3.2G

MemTotal:        4016004 kB
MemFree:          123896 kB
Active:           353952 kB
Mem:          3.8G       3.7G       121M       5.7M        28M       3.2G

MemTotal:        4016004 kB
MemFree:          124144 kB
Active:           354000 kB
Mem:          3.8G       3.7G       121M       5.7M        28M       3.2G

MemTotal:        4016004 kB
MemFree:          124020 kB
Active:           353944 kB
Mem:          3.8G       3.7G       121M       5.7M        28M       3.2G

MemTotal:        4016004 kB
MemFree:          123896 kB
Active:           353984 kB
Mem:          3.8G       3.7G       121M       5.7M        28M       3.2G

MemTotal:        4016004 kB
MemFree:          124020 kB
Active:           353976 kB
Mem:          3.8G       3.7G       120M       5.7M        28M       3.2G

MemTotal:        4016004 kB
MemFree:          124020 kB
Active:           353980 kB
Mem:          3.8G       3.7G       120M       5.7M        28M       3.2G

MemTotal:        4016004 kB
MemFree:          123896 kB
Active:           353996 kB
Mem:          3.8G       3.7G       120M       5.7M        28M       3.2G

MemTotal:        4016004 kB
MemFree:          123896 kB
Active:           353988 kB
Mem:          3.8G       3.7G       120M       5.7M        29M       3.2G

MemTotal:        4016004 kB
MemFree:          124020 kB
Active:           353984 kB
Mem:          3.8G       3.7G       121M       5.7M        29M       3.2G

MemTotal:        4016004 kB
MemFree:          124144 kB
Active:           354012 kB
Mem:          3.8G       3.7G       121M       5.7M        29M       3.2G

MemTotal:        4016004 kB
MemFree:          124144 kB
Active:           353984 kB
Mem:          3.8G       3.7G       120M       5.7M        29M       3.2G

MemTotal:        4016004 kB
MemFree:          124020 kB
Active:           354008 kB
Mem:          3.8G       3.7G       121M       5.7M        29M       3.2G

MemTotal:        4016004 kB
MemFree:          123896 kB
Active:           353976 kB
Mem:          3.8G       3.7G       120M       5.7M        29M       3.2G

MemTotal:        4016004 kB
MemFree:          123896 kB
Active:           353988 kB
Mem:          3.8G       3.7G       121M       5.7M        29M       3.2G

MemTotal:        4016004 kB
MemFree:          123896 kB
Active:           353960 kB
Mem:          3.8G       3.7G       120M       5.7M        29M       3.2G

MemTotal:        4016004 kB
MemFree:          123772 kB
Active:           353984 kB
Mem:          3.8G       3.7G       120M       5.7M        29M       3.2G

MemTotal:        4016004 kB
MemFree:          123772 kB
Active:           354020 kB
Mem:          3.8G       3.7G       120M       5.7M        29M       3.2G

MemTotal:        4016004 kB
MemFree:          123772 kB
Active:           353996 kB
Mem:          3.8G       3.7G       120M       5.7M        29M       3.2G

MemTotal:        4016004 kB
MemFree:          123772 kB
Active:           354024 kB
Mem:          3.8G       3.7G       120M       5.7M        29M       3.2G

MemTotal:        4016004 kB
MemFree:          123648 kB
Active:           353996 kB
Mem:          3.8G       3.7G       120M       5.7M        29M       3.2G

MemTotal:        4016004 kB
MemFree:          123772 kB
Active:           353988 kB
Mem:          3.8G       3.7G       120M       5.7M        29M       3.2G

MemTotal:        4016004 kB
MemFree:          123896 kB
Active:           353980 kB
Mem:          3.8G       3.7G       121M       5.7M        29M       3.2G

MemTotal:        4016004 kB
MemFree:          123276 kB
Active:           354036 kB
Mem:          3.8G       3.7G       120M       5.7M        29M       3.2G

MemTotal:        4016004 kB
MemFree:          123896 kB
Active:           354016 kB
Mem:          3.8G       3.7G       120M       5.7M        29M       3.2G

MemTotal:        4016004 kB
MemFree:          124144 kB
Active:           354044 kB
Mem:          3.8G       3.7G       120M       5.7M        29M       3.2G

MemTotal:        4016004 kB
MemFree:          124144 kB
Active:           354044 kB
Mem:          3.8G       3.7G       120M       5.7M        29M       3.2G

MemTotal:        4016004 kB
MemFree:          123896 kB
Active:           354048 kB
Mem:          3.8G       3.7G       121M       5.7M        29M       3.2G

MemTotal:        4016004 kB
MemFree:          124020 kB
Active:           354020 kB
Mem:          3.8G       3.7G       120M       5.7M        29M       3.2G

MemTotal:        4016004 kB
MemFree:          123896 kB
Active:           354016 kB
Mem:          3.8G       3.7G       120M       5.7M        29M       3.2G

MemTotal:        4016004 kB
MemFree:          123896 kB
Active:           354024 kB
Mem:          3.8G       3.7G       121M       5.7M        29M       3.2G

MemTotal:        4016004 kB
MemFree:          123896 kB
Active:           354028 kB
Mem:          3.8G       3.7G       121M       5.7M        29M       3.2G

MemTotal:        4016004 kB
MemFree:          123896 kB
Active:           354016 kB
Mem:          3.8G       3.7G       120M       5.7M        29M       3.2G

MemTotal:        4016004 kB
MemFree:          123896 kB
Active:           354008 kB
Mem:          3.8G       3.7G       121M       5.7M        29M       3.2G

MemTotal:        4016004 kB
MemFree:          123772 kB
Active:           354000 kB
Mem:          3.8G       3.7G       120M       5.7M        29M       3.2G

MemTotal:        4016004 kB
MemFree:          123524 kB
Active:           354048 kB
Mem:          3.8G       3.7G       120M       5.7M        29M       3.2G

MemTotal:        4016004 kB
MemFree:          123772 kB
Active:           354028 kB
Mem:          3.8G       3.7G       120M       5.7M        29M       3.2G

MemTotal:        4016004 kB
MemFree:          123648 kB
Active:           354036 kB
Mem:          3.8G       3.7G       120M       5.7M        29M       3.2G

MemTotal:        4016004 kB
MemFree:          123648 kB
Active:           354056 kB
Mem:          3.8G       3.7G       121M       5.7M        29M       3.2G

MemTotal:        4016004 kB
MemFree:          124144 kB
Active:           354008 kB
Mem:          3.8G       3.7G       121M       5.7M        29M       3.2G

MemTotal:        4016004 kB
MemFree:          124144 kB
Active:           354064 kB
Mem:          3.8G       3.7G       121M       5.7M        29M       3.2G

MemTotal:        4016004 kB
MemFree:          124020 kB
Active:           354060 kB
Mem:          3.8G       3.7G       120M       5.7M        29M       3.2G

MemTotal:        4016004 kB
MemFree:          124932 kB
Active:           353660 kB
Mem:          3.8G       3.7G       121M       5.7M        29M       3.2G

MemTotal:        4016004 kB
MemFree:          125056 kB
Active:           353612 kB
Mem:          3.8G       3.7G       121M       5.7M        29M       3.2G

MemTotal:        4016004 kB
MemFree:          124436 kB
Active:           353660 kB
Mem:          3.8G       3.7G       121M       5.7M        29M       3.2G

MemTotal:        4016004 kB
MemFree:          125180 kB
Active:           353648 kB
Mem:          3.8G       3.7G       122M       5.7M        29M       3.2G

MemTotal:        4016004 kB
MemFree:          125304 kB
Active:           353672 kB
Mem:          3.8G       3.7G       122M       5.7M        29M       3.2G

MemTotal:        4016004 kB
MemFree:          125164 kB
Active:           353640 kB
Mem:          3.8G       3.7G       122M       5.7M        29M       3.2G

MemTotal:        4016004 kB
MemFree:          125288 kB
Active:           353624 kB
Mem:          3.8G       3.7G       122M       5.7M        29M       3.2G

MemTotal:        4016004 kB
MemFree:          124668 kB
Active:           353644 kB
Mem:          3.8G       3.7G       121M       5.7M        29M       3.2G

MemTotal:        4016004 kB
MemFree:          124792 kB
Active:           353668 kB
Mem:          3.8G       3.7G       121M       5.7M        29M       3.2G

MemTotal:        4016004 kB
MemFree:          124668 kB
Active:           353656 kB
Mem:          3.8G       3.7G       121M       5.7M        29M       3.2G

MemTotal:        4016004 kB
MemFree:          124792 kB
Active:           353644 kB
Mem:          3.8G       3.7G       121M       5.7M        29M       3.2G

MemTotal:        4016004 kB
MemFree:          124792 kB
Active:           353644 kB
Mem:          3.8G       3.7G       121M       5.7M        29M       3.2G

MemTotal:        4016004 kB
MemFree:          124916 kB
Active:           353664 kB
Mem:          3.8G       3.7G       121M       5.7M        29M       3.2G

MemTotal:        4016004 kB
MemFree:          124668 kB
Active:           353648 kB
Mem:          3.8G       3.7G       121M       5.7M        29M       3.2G

MemTotal:        4016004 kB
MemFree:          124776 kB
Active:           353668 kB
Mem:          3.8G       3.7G       121M       5.7M        29M       3.2G

MemTotal:        4016004 kB
MemFree:          124776 kB
Active:           353676 kB
Mem:          3.8G       3.7G       121M       5.7M        29M       3.2G

MemTotal:        4016004 kB
MemFree:          125148 kB
Active:           353684 kB
Mem:          3.8G       3.7G       122M       5.7M        29M       3.2G

MemTotal:        4016004 kB
MemFree:          125272 kB
Active:           353696 kB
Mem:          3.8G       3.7G       122M       5.7M        29M       3.2G

MemTotal:        4016004 kB
MemFree:          125272 kB
Active:           353660 kB
Mem:          3.8G       3.7G       122M       5.7M        29M       3.2G

MemTotal:        4016004 kB
MemFree:          125272 kB
Active:           353672 kB
Mem:          3.8G       3.7G       122M       5.7M        29M       3.2G

MemTotal:        4016004 kB
MemFree:          125024 kB
Active:           353664 kB
Mem:          3.8G       3.7G       122M       5.7M        29M       3.2G

MemTotal:        4016004 kB
MemFree:          125272 kB
Active:           353676 kB
Mem:          3.8G       3.7G       122M       5.7M        29M       3.2G

MemTotal:        4016004 kB
MemFree:          125148 kB
Active:           353676 kB
Mem:          3.8G       3.7G       122M       5.7M        29M       3.2G

MemTotal:        4016004 kB
MemFree:          124776 kB
Active:           353716 kB
Mem:          3.8G       3.7G       122M       5.7M        29M       3.2G

MemTotal:        4016004 kB
MemFree:          124776 kB
Active:           353728 kB
Mem:          3.8G       3.7G       122M       5.7M        29M       3.2G

MemTotal:        4016004 kB
MemFree:          125272 kB
Active:           353700 kB
Mem:          3.8G       3.7G       122M       5.7M        29M       3.2G

MemTotal:        4016004 kB
MemFree:          124404 kB
Active:           353732 kB
Mem:          3.8G       3.7G       121M       5.7M        29M       3.2G

MemTotal:        4016004 kB
MemFree:          124528 kB
Active:           353732 kB
Mem:          3.8G       3.7G       122M       5.7M        29M       3.2G

MemTotal:        4016004 kB
MemFree:          124900 kB
Active:           353708 kB
Mem:          3.8G       3.7G       121M       5.7M        29M       3.2G

MemTotal:        4016004 kB
MemFree:          124900 kB
Active:           353728 kB
Mem:          3.8G       3.7G       122M       5.7M        29M       3.2G

MemTotal:        4016004 kB
MemFree:          124576 kB
Active:           353732 kB
