MemTotal:        4016004 kB
MemFree:         3259312 kB
Active:           400864 kB
Mem:          3.8G       739M       3.1G       5.7M        55M       314M

MemTotal:        4016004 kB
MemFree:         3259468 kB
Active:           400716 kB
Mem:          3.8G       739M       3.1G       5.7M        55M       314M

MemTotal:        4016004 kB
MemFree:         3258956 kB
Active:           400796 kB
Mem:          3.8G       739M       3.1G       5.7M        55M       314M

MemTotal:        4016004 kB
MemFree:         3258956 kB
Active:           400796 kB
Mem:          3.8G       739M       3.1G       5.7M        55M       314M

MemTotal:        4016004 kB
MemFree:         3259452 kB
Active:           400784 kB
Mem:          3.8G       738M       3.1G       5.7M        55M       314M

MemTotal:        4016004 kB
MemFree:         3259576 kB
Active:           400764 kB
Mem:          3.8G       738M       3.1G       5.7M        55M       314M

MemTotal:        4016004 kB
MemFree:         3256892 kB
Active:           400796 kB
Mem:          3.8G       741M       3.1G       5.7M        55M       314M

MemTotal:        4016004 kB
MemFree:         3257092 kB
Active:           402792 kB
Mem:          3.8G       741M       3.1G       5.7M        55M       314M

MemTotal:        4016004 kB
MemFree:         3256688 kB
Active:           402828 kB
Mem:          3.8G       741M       3.1G       5.7M        55M       314M

MemTotal:        4016004 kB
MemFree:         3256796 kB
Active:           402808 kB
Mem:          3.8G       741M       3.1G       5.7M        55M       314M

MemTotal:        4016004 kB
MemFree:         3256904 kB
Active:           402796 kB
Mem:          3.8G       741M       3.1G       5.7M        55M       314M

MemTotal:        4016004 kB
MemFree:         3256904 kB
Active:           402784 kB
Mem:          3.8G       741M       3.1G       5.7M        55M       314M

MemTotal:        4016004 kB
MemFree:         3256888 kB
Active:           402812 kB
Mem:          3.8G       741M       3.1G       5.7M        55M       314M

MemTotal:        4016004 kB
MemFree:         3257368 kB
Active:           402800 kB
Mem:          3.8G       740M       3.1G       5.7M        55M       314M

MemTotal:        4016004 kB
MemFree:         3257476 kB
Active:           402780 kB
Mem:          3.8G       741M       3.1G       5.7M        55M       314M

MemTotal:        4016004 kB
MemFree:         3256840 kB
Active:           402832 kB
Mem:          3.8G       741M       3.1G       5.7M        55M       314M

MemTotal:        4016004 kB
MemFree:         3256856 kB
Active:           402832 kB
Mem:          3.8G       741M       3.1G       5.7M        55M       314M

MemTotal:        4016004 kB
MemFree:         3257060 kB
Active:           402824 kB
Mem:          3.8G       741M       3.1G       5.7M        55M       314M

MemTotal:        4016004 kB
MemFree:         3257060 kB
Active:           402812 kB
Mem:          3.8G       741M       3.1G       5.7M        55M       314M

MemTotal:        4016004 kB
MemFree:         3256812 kB
Active:           402832 kB
Mem:          3.8G       741M       3.1G       5.7M        55M       314M

MemTotal:        4016004 kB
MemFree:         3256936 kB
Active:           402840 kB
Mem:          3.8G       741M       3.1G       5.7M        55M       314M

MemTotal:        4016004 kB
MemFree:         3257432 kB
Active:           402816 kB
Mem:          3.8G       740M       3.1G       5.7M        55M       314M

MemTotal:        4016004 kB
MemFree:         3257308 kB
Active:           402804 kB
Mem:          3.8G       740M       3.1G       5.7M        55M       314M

MemTotal:        4016004 kB
MemFree:         3257432 kB
Active:           402796 kB
Mem:          3.8G       740M       3.1G       5.7M        55M       314M

MemTotal:        4016004 kB
MemFree:         3257556 kB
Active:           402792 kB
Mem:          3.8G       740M       3.1G       5.7M        55M       314M

MemTotal:        4016004 kB
MemFree:         3257292 kB
Active:           402824 kB
Mem:          3.8G       740M       3.1G       5.7M        55M       314M

MemTotal:        4016004 kB
MemFree:         3254980 kB
Active:           402844 kB
Mem:          3.8G       743M       3.1G       5.7M        55M       314M

MemTotal:        4016004 kB
MemFree:         3254964 kB
Active:           404868 kB
Mem:          3.8G       743M       3.1G       5.7M        55M       314M

MemTotal:        4016004 kB
MemFree:         3254964 kB
Active:           404880 kB
Mem:          3.8G       743M       3.1G       5.7M        55M       314M

MemTotal:        4016004 kB
MemFree:         3254948 kB
Active:           404864 kB
Mem:          3.8G       743M       3.1G       5.7M        55M       314M

MemTotal:        4016004 kB
MemFree:         3254684 kB
Active:           404848 kB
Mem:          3.8G       743M       3.1G       5.7M        55M       314M

MemTotal:        4016004 kB
MemFree:         3255276 kB
Active:           404832 kB
Mem:          3.8G       742M       3.1G       5.7M        55M       314M

MemTotal:        4016004 kB
MemFree:         3255400 kB
Active:           404876 kB
Mem:          3.8G       743M       3.1G       5.7M        55M       314M

MemTotal:        4016004 kB
MemFree:         3254780 kB
Active:           404880 kB
Mem:          3.8G       743M       3.1G       5.7M        55M       314M

MemTotal:        4016004 kB
MemFree:         3255276 kB
Active:           404840 kB
Mem:          3.8G       742M       3.1G       5.7M        55M       314M

MemTotal:        4016004 kB
MemFree:         3255400 kB
Active:           404836 kB
Mem:          3.8G       743M       3.1G       5.7M        55M       314M

MemTotal:        4016004 kB
MemFree:         3254904 kB
Active:           402968 kB
Mem:          3.8G       743M       3.1G       5.7M        55M       314M

MemTotal:        4016004 kB
MemFree:         3254220 kB
Active:           404900 kB
Mem:          3.8G       743M       3.1G       5.7M        55M       314M

MemTotal:        4016004 kB
MemFree:         3254328 kB
Active:           404900 kB
Mem:          3.8G       743M       3.1G       5.7M        55M       314M

MemTotal:        4016004 kB
MemFree:         3254560 kB
Active:           404856 kB
Mem:          3.8G       743M       3.1G       5.7M        55M       314M

MemTotal:        4016004 kB
MemFree:         3254544 kB
Active:           404872 kB
Mem:          3.8G       743M       3.1G       5.7M        55M       314M

MemTotal:        4016004 kB
MemFree:         3254544 kB
Active:           404912 kB
Mem:          3.8G       743M       3.1G       5.7M        55M       314M

MemTotal:        4016004 kB
MemFree:         3254544 kB
Active:           404888 kB
Mem:          3.8G       743M       3.1G       5.7M        55M       314M

MemTotal:        4016004 kB
MemFree:         3254528 kB
Active:           404872 kB
Mem:          3.8G       743M       3.1G       5.7M        55M       314M

MemTotal:        4016004 kB
MemFree:         3254140 kB
Active:           404920 kB
Mem:          3.8G       743M       3.1G       5.7M        55M       314M

MemTotal:        4016004 kB
MemFree:         3254868 kB
Active:           404888 kB
Mem:          3.8G       743M       3.1G       5.7M        55M       314M

MemTotal:        4016004 kB
MemFree:         3255180 kB
Active:           404916 kB
Mem:          3.8G       743M       3.1G       5.7M        55M       314M

MemTotal:        4016004 kB
MemFree:         3255056 kB
Active:           404884 kB
Mem:          3.8G       743M       3.1G       5.7M        55M       314M

MemTotal:        4016004 kB
MemFree:         3254932 kB
Active:           404900 kB
Mem:          3.8G       743M       3.1G       5.7M        55M       314M

MemTotal:        4016004 kB
MemFree:         3255056 kB
Active:           404916 kB
Mem:          3.8G       743M       3.1G       5.7M        55M       314M

MemTotal:        4016004 kB
MemFree:         3254932 kB
Active:           404900 kB
Mem:          3.8G       743M       3.1G       5.7M        55M       314M

MemTotal:        4016004 kB
MemFree:         3254932 kB
Active:           404928 kB
Mem:          3.8G       743M       3.1G       5.7M        55M       314M

MemTotal:        4016004 kB
MemFree:         3254932 kB
Active:           404948 kB
Mem:          3.8G       743M       3.1G       5.7M        55M       314M

MemTotal:        4016004 kB
MemFree:         3254932 kB
Active:           404896 kB
Mem:          3.8G       743M       3.1G       5.7M        55M       314M

MemTotal:        4016004 kB
MemFree:         3254916 kB
Active:           404928 kB
Mem:          3.8G       743M       3.1G       5.7M        55M       314M

MemTotal:        4016004 kB
MemFree:         3254404 kB
Active:           404960 kB
Mem:          3.8G       743M       3.1G       5.7M        55M       314M

MemTotal:        4016004 kB
MemFree:         3254952 kB
Active:           403100 kB
Mem:          3.8G       743M       3.1G       5.7M        55M       314M

MemTotal:        4016004 kB
MemFree:         3254944 kB
Active:           404928 kB
Mem:          3.8G       743M       3.1G       5.7M        55M       314M

MemTotal:        4016004 kB
MemFree:         3254928 kB
Active:           404920 kB
Mem:          3.8G       743M       3.1G       5.7M        55M       314M

MemTotal:        4016004 kB
MemFree:         3255024 kB
Active:           404940 kB
Mem:          3.8G       743M       3.1G       5.7M        55M       314M

MemTotal:        4016004 kB
MemFree:         3254744 kB
Active:           404928 kB
Mem:          3.8G       743M       3.1G       5.7M        55M       314M

MemTotal:        4016004 kB
MemFree:         3143212 kB
Active:           405492 kB
Mem:          3.8G       852M       3.0G       5.7M        55M       421M

MemTotal:        4016004 kB
MemFree:         3031248 kB
Active:           405496 kB
Mem:          3.8G       962M       2.9G       5.7M        55M       530M

MemTotal:        4016004 kB
MemFree:         2966736 kB
Active:           405496 kB
Mem:          3.8G       1.0G       2.8G       5.7M        55M       591M

MemTotal:        4016004 kB
MemFree:         2965496 kB
Active:           405496 kB
Mem:          3.8G       1.0G       2.8G       5.7M        55M       592M

MemTotal:        4016004 kB
MemFree:         2929960 kB
Active:           405496 kB
Mem:          3.8G       1.0G       2.8G       5.7M        55M       627M

MemTotal:        4016004 kB
MemFree:         2871800 kB
Active:           405496 kB
Mem:          3.8G       1.1G       2.7G       5.7M        55M       683M

MemTotal:        4016004 kB
MemFree:         2758860 kB
Active:           405508 kB
Mem:          3.8G       1.2G       2.6G       5.7M        55M       791M

MemTotal:        4016004 kB
MemFree:         2703116 kB
Active:           405508 kB
Mem:          3.8G       1.3G       2.6G       5.7M        55M       845M

MemTotal:        4016004 kB
MemFree:         2702588 kB
Active:           405524 kB
Mem:          3.8G       1.3G       2.6G       5.7M        55M       845M

MemTotal:        4016004 kB
MemFree:         2701828 kB
Active:           405544 kB
Mem:          3.8G       1.3G       2.6G       5.7M        55M       846M

MemTotal:        4016004 kB
MemFree:         2701208 kB
Active:           405552 kB
Mem:          3.8G       1.3G       2.6G       5.7M        55M       846M

MemTotal:        4016004 kB
MemFree:         2679248 kB
Active:           405556 kB
Mem:          3.8G       1.3G       2.6G       5.7M        55M       868M

MemTotal:        4016004 kB
MemFree:         2554312 kB
Active:           405560 kB
Mem:          3.8G       1.4G       2.4G       5.7M        55M       988M

MemTotal:        4016004 kB
MemFree:         2421964 kB
Active:           405560 kB
Mem:          3.8G       1.5G       2.3G       5.7M        55M       1.1G

MemTotal:        4016004 kB
MemFree:         2348160 kB
Active:           405560 kB
Mem:          3.8G       1.6G       2.2G       5.7M        55M       1.2G

MemTotal:        4016004 kB
MemFree:         2343552 kB
Active:           403732 kB
Mem:          3.8G       1.6G       2.2G       5.7M        55M       1.2G

MemTotal:        4016004 kB
MemFree:         2249596 kB
Active:           403568 kB
Mem:          3.8G       1.7G       2.1G       5.7M        55M       1.3G

MemTotal:        4016004 kB
MemFree:         2248172 kB
Active:           403572 kB
Mem:          3.8G       1.7G       2.1G       5.7M        55M       1.3G

MemTotal:        4016004 kB
MemFree:         2148312 kB
Active:           403580 kB
Mem:          3.8G       1.8G       2.0G       5.7M        55M       1.3G

MemTotal:        4016004 kB
MemFree:         2147444 kB
Active:           403580 kB
Mem:          3.8G       1.8G       2.0G       5.7M        55M       1.3G

MemTotal:        4016004 kB
MemFree:         2084528 kB
Active:           403584 kB
Mem:          3.8G       1.8G       2.0G       5.7M        55M       1.4G

MemTotal:        4016004 kB
MemFree:         2049712 kB
Active:           403600 kB
Mem:          3.8G       1.9G       2.0G       5.7M        55M       1.4G

MemTotal:        4016004 kB
MemFree:         2047568 kB
Active:           403620 kB
Mem:          3.8G       1.9G       2.0G       5.7M        55M       1.4G

MemTotal:        4016004 kB
MemFree:         2046080 kB
Active:           403620 kB
Mem:          3.8G       1.9G       2.0G       5.7M        55M       1.4G

MemTotal:        4016004 kB
MemFree:         2045108 kB
Active:           403620 kB
Mem:          3.8G       1.9G       2.0G       5.7M        55M       1.4G

MemTotal:        4016004 kB
MemFree:         1999292 kB
Active:           403620 kB
Mem:          3.8G       1.9G       1.9G       5.7M        55M       1.5G

MemTotal:        4016004 kB
MemFree:         1862588 kB
Active:           403628 kB
Mem:          3.8G       2.1G       1.8G       5.7M        55M       1.6G

MemTotal:        4016004 kB
MemFree:         1735944 kB
Active:           403628 kB
Mem:          3.8G       2.2G       1.7G       5.7M        55M       1.7G

MemTotal:        4016004 kB
MemFree:         1696060 kB
Active:           403628 kB
Mem:          3.8G       2.2G       1.6G       5.7M        55M       1.8G

MemTotal:        4016004 kB
MemFree:         1638352 kB
Active:           403640 kB
Mem:          3.8G       2.3G       1.6G       5.7M        55M       1.8G

MemTotal:        4016004 kB
MemFree:         1597092 kB
Active:           403640 kB
Mem:          3.8G       2.3G       1.5G       5.7M        55M       1.9G

MemTotal:        4016004 kB
MemFree:         1547880 kB
Active:           403640 kB
Mem:          3.8G       2.4G       1.5G       5.7M        55M       1.9G

MemTotal:        4016004 kB
MemFree:         1497812 kB
Active:           403648 kB
Mem:          3.8G       2.4G       1.4G       5.7M        55M       2.0G

MemTotal:        4016004 kB
MemFree:         1496456 kB
Active:           403652 kB
Mem:          3.8G       2.4G       1.4G       5.7M        55M       2.0G

MemTotal:        4016004 kB
MemFree:         1495092 kB
Active:           403660 kB
Mem:          3.8G       2.4G       1.4G       5.7M        55M       2.0G

MemTotal:        4016004 kB
MemFree:         1493188 kB
Active:           403660 kB
Mem:          3.8G       2.4G       1.4G       5.7M        55M       2.0G

MemTotal:        4016004 kB
MemFree:         1490000 kB
Active:           403664 kB
Mem:          3.8G       2.4G       1.4G       5.7M        55M       2.0G

MemTotal:        4016004 kB
MemFree:         1375728 kB
Active:           403672 kB
Mem:          3.8G       2.5G       1.3G       5.7M        55M       2.1G

MemTotal:        4016004 kB
MemFree:         1240016 kB
Active:           403672 kB
Mem:          3.8G       2.6G       1.2G       5.7M        55M       2.2G

MemTotal:        4016004 kB
MemFree:         1146436 kB
Active:           403672 kB
Mem:          3.8G       2.7G       1.1G       5.7M        55M       2.3G

MemTotal:        4016004 kB
MemFree:         1144980 kB
Active:           403676 kB
Mem:          3.8G       2.7G       1.1G       5.7M        55M       2.3G

MemTotal:        4016004 kB
MemFree:         1046292 kB
Active:           403684 kB
Mem:          3.8G       2.8G       1.0G       5.7M        55M       2.4G

MemTotal:        4016004 kB
MemFree:         1045672 kB
Active:           403692 kB
Mem:          3.8G       2.8G       1.0G       5.7M        55M       2.4G

MemTotal:        4016004 kB
MemFree:          947180 kB
Active:           403696 kB
Mem:          3.8G       2.9G       924M       5.7M        55M       2.5G

MemTotal:        4016004 kB
MemFree:          941472 kB
Active:           403704 kB
Mem:          3.8G       2.9G       918M       5.7M        55M       2.5G

MemTotal:        4016004 kB
MemFree:          937348 kB
Active:           403716 kB
Mem:          3.8G       2.9G       915M       5.7M        55M       2.5G

MemTotal:        4016004 kB
MemFree:          936404 kB
Active:           403704 kB
Mem:          3.8G       2.9G       914M       5.7M        55M       2.5G

MemTotal:        4016004 kB
MemFree:          918672 kB
Active:           407840 kB
Mem:          3.8G       3.0G       896M       5.7M        55M       2.5G

MemTotal:        4016004 kB
MemFree:          814180 kB
Active:           407816 kB
Mem:          3.8G       3.1G       794M       5.7M        55M       2.6G

MemTotal:        4016004 kB
MemFree:          678344 kB
Active:           407816 kB
Mem:          3.8G       3.2G       662M       5.7M        55M       2.7G

MemTotal:        4016004 kB
MemFree:          658020 kB
Active:           407824 kB
Mem:          3.8G       3.2G       642M       5.7M        55M       2.7G

MemTotal:        4016004 kB
MemFree:          582780 kB
Active:           407824 kB
Mem:          3.8G       3.3G       568M       5.7M        55M       2.8G

MemTotal:        4016004 kB
MemFree:          565456 kB
Active:           407844 kB
Mem:          3.8G       3.3G       551M       5.7M        55M       2.8G

MemTotal:        4016004 kB
MemFree:          483516 kB
Active:           407844 kB
Mem:          3.8G       3.4G       471M       5.7M        55M       2.9G

MemTotal:        4016004 kB
MemFree:          455336 kB
Active:           407864 kB
Mem:          3.8G       3.4G       443M       5.7M        55M       2.9G

MemTotal:        4016004 kB
MemFree:          401008 kB
Active:           407868 kB
Mem:          3.8G       3.4G       391M       5.7M        55M       3.0G

MemTotal:        4016004 kB
MemFree:          399860 kB
Active:           407872 kB
Mem:          3.8G       3.4G       390M       5.7M        55M       3.0G

MemTotal:        4016004 kB
MemFree:          397256 kB
Active:           407880 kB
Mem:          3.8G       3.5G       387M       5.7M        55M       3.0G

MemTotal:        4016004 kB
MemFree:          397104 kB
Active:           407880 kB
Mem:          3.8G       3.5G       387M       5.7M        55M       3.0G

MemTotal:        4016004 kB
MemFree:          379996 kB
Active:           407884 kB
Mem:          3.8G       3.5G       370M       5.7M        55M       3.0G

MemTotal:        4016004 kB
MemFree:          266128 kB
Active:           407892 kB
Mem:          3.8G       3.6G       259M       5.7M        55M       3.1G

MemTotal:        4016004 kB
MemFree:          140228 kB
Active:           407892 kB
Mem:          3.8G       3.7G       136M       5.7M        55M       3.2G

MemTotal:        4016004 kB
MemFree:          137036 kB
Active:           421768 kB
Mem:          3.8G       3.7G       126M       5.7M        20M       3.3G

MemTotal:        4016004 kB
MemFree:          117320 kB
Active:           422044 kB
Mem:          3.8G       3.7G       114M       5.7M        20M       3.3G

MemTotal:        4016004 kB
MemFree:          137616 kB
Active:           468624 kB
Mem:          3.8G       3.7G       120M       5.7M        20M       3.3G

MemTotal:        4016004 kB
MemFree:          123780 kB
Active:           457596 kB
Mem:          3.8G       3.7G       120M       5.7M        20M       3.3G

MemTotal:        4016004 kB
MemFree:          134724 kB
Active:           456076 kB
Mem:          3.8G       3.7G       131M       5.7M        20M       3.3G

MemTotal:        4016004 kB
MemFree:          134716 kB
Active:           456088 kB
Mem:          3.8G       3.7G       131M       5.7M        20M       3.3G

MemTotal:        4016004 kB
MemFree:          133172 kB
Active:           456096 kB
Mem:          3.8G       3.7G       129M       5.7M        20M       3.3G

MemTotal:        4016004 kB
MemFree:          130136 kB
Active:           456096 kB
Mem:          3.8G       3.7G       126M       5.7M        20M       3.3G

MemTotal:        4016004 kB
MemFree:          118660 kB
Active:           446624 kB
Mem:          3.8G       3.7G       115M       5.7M        20M       3.3G

MemTotal:        4016004 kB
MemFree:          124404 kB
Active:           436128 kB
Mem:          3.8G       3.7G       120M       5.7M        20M       3.3G

MemTotal:        4016004 kB
MemFree:          121560 kB
Active:           430544 kB
Mem:          3.8G       3.7G       118M       5.7M        20M       3.3G

MemTotal:        4016004 kB
MemFree:          114952 kB
Active:           429360 kB
Mem:          3.8G       3.7G       111M       5.7M        20M       3.3G

MemTotal:        4016004 kB
MemFree:          128312 kB
Active:           426508 kB
Mem:          3.8G       3.7G       124M       5.7M        20M       3.3G

MemTotal:        4016004 kB
MemFree:          124264 kB
Active:           420792 kB
Mem:          3.8G       3.7G       120M       5.7M        20M       3.3G

MemTotal:        4016004 kB
MemFree:          127144 kB
Active:           420280 kB
Mem:          3.8G       3.7G       123M       5.7M        20M       3.3G

MemTotal:        4016004 kB
MemFree:          128612 kB
Active:           417856 kB
Mem:          3.8G       3.7G       125M       5.7M        20M       3.3G

MemTotal:        4016004 kB
MemFree:          127372 kB
Active:           417860 kB
Mem:          3.8G       3.7G       124M       5.7M        20M       3.3G

MemTotal:        4016004 kB
MemFree:          126972 kB
Active:           416196 kB
Mem:          3.8G       3.7G       123M       5.7M        20M       3.3G

MemTotal:        4016004 kB
MemFree:          126296 kB
Active:           416068 kB
Mem:          3.8G       3.7G       123M       5.7M        20M       3.3G

MemTotal:        4016004 kB
MemFree:          125252 kB
Active:           416076 kB
Mem:          3.8G       3.7G       122M       5.7M        20M       3.3G

MemTotal:        4016004 kB
MemFree:          125352 kB
Active:           416076 kB
Mem:          3.8G       3.7G       122M       5.7M        20M       3.3G

MemTotal:        4016004 kB
MemFree:          123432 kB
Active:           416080 kB
Mem:          3.8G       3.7G       120M       5.7M        20M       3.3G

MemTotal:        4016004 kB
MemFree:          119272 kB
Active:           412888 kB
Mem:          3.8G       3.7G       115M       5.7M        20M       3.3G

MemTotal:        4016004 kB
MemFree:          125696 kB
Active:           406148 kB
Mem:          3.8G       3.7G       122M       5.7M        20M       3.3G

MemTotal:        4016004 kB
MemFree:          131732 kB
Active:           400656 kB
Mem:          3.8G       3.7G       128M       5.7M        20M       3.3G

MemTotal:        4016004 kB
MemFree:          109644 kB
Active:           400528 kB
Mem:          3.8G       3.7G       106M       5.7M        20M       3.3G

MemTotal:        4016004 kB
MemFree:          119016 kB
Active:           396908 kB
Mem:          3.8G       3.7G       115M       5.7M        20M       3.3G

MemTotal:        4016004 kB
MemFree:          132992 kB
Active:           393972 kB
Mem:          3.8G       3.7G       129M       5.7M        20M       3.3G

MemTotal:        4016004 kB
MemFree:          133132 kB
Active:           393848 kB
Mem:          3.8G       3.7G       130M       5.7M        20M       3.3G

MemTotal:        4016004 kB
MemFree:          116520 kB
Active:           393860 kB
Mem:          3.8G       3.7G       112M       5.7M        20M       3.3G

MemTotal:        4016004 kB
MemFree:          130700 kB
Active:           387960 kB
Mem:          3.8G       3.7G       126M       5.7M        20M       3.3G

MemTotal:        4016004 kB
MemFree:          125908 kB
Active:           390020 kB
Mem:          3.8G       3.7G       122M       5.7M        20M       3.3G

MemTotal:        4016004 kB
MemFree:          125504 kB
Active:           390012 kB
Mem:          3.8G       3.7G       122M       5.7M        20M       3.3G

MemTotal:        4016004 kB
MemFree:          124760 kB
Active:           390012 kB
Mem:          3.8G       3.7G       121M       5.7M        20M       3.3G

MemTotal:        4016004 kB
MemFree:          122824 kB
Active:           390012 kB
Mem:          3.8G       3.7G       119M       5.7M        20M       3.3G

MemTotal:        4016004 kB
MemFree:          137304 kB
Active:           387196 kB
Mem:          3.8G       3.7G       133M       5.7M        20M       3.3G

MemTotal:        4016004 kB
MemFree:          126664 kB
Active:           383364 kB
Mem:          3.8G       3.7G       122M       5.7M        20M       3.3G

MemTotal:        4016004 kB
MemFree:          138188 kB
Active:           378884 kB
Mem:          3.8G       3.7G       134M       5.7M        20M       3.3G

MemTotal:        4016004 kB
MemFree:          124312 kB
Active:           377860 kB
Mem:          3.8G       3.7G       121M       5.7M        20M       3.3G

MemTotal:        4016004 kB
MemFree:          121460 kB
Active:           376068 kB
Mem:          3.8G       3.7G       118M       5.7M        20M       3.3G

MemTotal:        4016004 kB
MemFree:          125048 kB
Active:           375560 kB
Mem:          3.8G       3.7G       121M       5.7M        20M       3.3G

MemTotal:        4016004 kB
MemFree:          113184 kB
Active:           374788 kB
Mem:          3.8G       3.7G       110M       5.7M        20M       3.3G

MemTotal:        4016004 kB
MemFree:          133464 kB
Active:           372396 kB
Mem:          3.8G       3.7G       130M       5.7M        20M       3.3G

MemTotal:        4016004 kB
MemFree:          132844 kB
Active:           372276 kB
Mem:          3.8G       3.7G       129M       5.7M        20M       3.3G

MemTotal:        4016004 kB
MemFree:          131636 kB
Active:           372328 kB
Mem:          3.8G       3.7G       128M       5.7M        20M       3.3G

MemTotal:        4016004 kB
MemFree:          130676 kB
Active:           372372 kB
Mem:          3.8G       3.7G       127M       5.7M        20M       3.3G

MemTotal:        4016004 kB
MemFree:          130556 kB
Active:           372388 kB
Mem:          3.8G       3.7G       127M       5.7M        20M       3.3G

MemTotal:        4016004 kB
MemFree:          137956 kB
Active:           371136 kB
Mem:          3.8G       3.7G       134M       5.7M        20M       3.3G

MemTotal:        4016004 kB
MemFree:          129044 kB
Active:           366712 kB
Mem:          3.8G       3.7G       125M       5.7M        20M       3.3G

MemTotal:        4016004 kB
MemFree:          142412 kB
Active:           362616 kB
Mem:          3.8G       3.7G       138M       5.7M        20M       3.3G

MemTotal:        4016004 kB
MemFree:          120964 kB
Active:           361596 kB
Mem:          3.8G       3.7G       117M       5.7M        20M       3.3G

MemTotal:        4016004 kB
MemFree:          134412 kB
Active:           359372 kB
Mem:          3.8G       3.7G       131M       5.7M        20M       3.3G

MemTotal:        4016004 kB
MemFree:          130820 kB
Active:           358976 kB
Mem:          3.8G       3.7G       127M       5.7M        20M       3.3G

MemTotal:        4016004 kB
MemFree:          130996 kB
Active:           357148 kB
Mem:          3.8G       3.7G       127M       5.7M        20M       3.3G

MemTotal:        4016004 kB
MemFree:          128472 kB
Active:           356548 kB
Mem:          3.8G       3.7G       124M       5.7M        20M       3.3G

MemTotal:        4016004 kB
MemFree:          126264 kB
Active:           356548 kB
Mem:          3.8G       3.7G       123M       5.7M        20M       3.3G

MemTotal:        4016004 kB
MemFree:          126204 kB
Active:           356464 kB
Mem:          3.8G       3.7G       123M       5.7M        20M       3.3G

MemTotal:        4016004 kB
MemFree:          126240 kB
Active:           356508 kB
Mem:          3.8G       3.7G       123M       5.7M        20M       3.3G

MemTotal:        4016004 kB
MemFree:          123668 kB
Active:           356792 kB
Mem:          3.8G       3.7G       120M       5.7M        20M       3.3G

MemTotal:        4016004 kB
MemFree:          136364 kB
Active:           364044 kB
Mem:          3.8G       3.7G       133M       5.7M        27M       3.3G

MemTotal:        4016004 kB
MemFree:          135720 kB
Active:           364288 kB
Mem:          3.8G       3.7G       131M       5.7M        27M       3.3G

MemTotal:        4016004 kB
MemFree:          117940 kB
Active:           362580 kB
Mem:          3.8G       3.7G       114M       5.7M        27M       3.3G

MemTotal:        4016004 kB
MemFree:          131992 kB
Active:           362540 kB
Mem:          3.8G       3.7G       128M       5.7M        27M       3.3G

MemTotal:        4016004 kB
MemFree:          133788 kB
Active:           361888 kB
Mem:          3.8G       3.7G       130M       5.7M        27M       3.3G

MemTotal:        4016004 kB
MemFree:          121600 kB
Active:           361684 kB
Mem:          3.8G       3.7G       118M       5.7M        27M       3.3G

MemTotal:        4016004 kB
MemFree:          140404 kB
Active:           361708 kB
Mem:          3.8G       3.7G       137M       5.7M        27M       3.3G

MemTotal:        4016004 kB
MemFree:          122320 kB
Active:           361700 kB
Mem:          3.8G       3.7G       119M       5.7M        27M       3.3G

MemTotal:        4016004 kB
MemFree:          142136 kB
Active:           361672 kB
Mem:          3.8G       3.7G       138M       5.7M        27M       3.2G

MemTotal:        4016004 kB
MemFree:          128160 kB
Active:           361708 kB
Mem:          3.8G       3.7G       124M       5.7M        27M       3.3G

MemTotal:        4016004 kB
MemFree:          126488 kB
Active:           361716 kB
Mem:          3.8G       3.7G       123M       5.7M        27M       3.3G

MemTotal:        4016004 kB
MemFree:          125428 kB
Active:           361704 kB
Mem:          3.8G       3.7G       122M       5.7M        27M       3.3G

MemTotal:        4016004 kB
MemFree:          124476 kB
Active:           361688 kB
Mem:          3.8G       3.7G       121M       5.7M        27M       3.3G

MemTotal:        4016004 kB
MemFree:          110536 kB
Active:           361728 kB
Mem:          3.8G       3.7G       107M       5.7M        27M       3.3G

MemTotal:        4016004 kB
MemFree:          122264 kB
Active:           361748 kB
Mem:          3.8G       3.7G       119M       5.7M        27M       3.3G

MemTotal:        4016004 kB
MemFree:          116548 kB
Active:           361756 kB
Mem:          3.8G       3.7G       113M       5.7M        27M       3.3G

MemTotal:        4016004 kB
MemFree:          105324 kB
Active:           361448 kB
Mem:          3.8G       3.7G       102M       5.7M        27M       3.3G

MemTotal:        4016004 kB
MemFree:          135748 kB
Active:           361424 kB
Mem:          3.8G       3.7G       132M       5.7M        27M       3.3G

MemTotal:        4016004 kB
MemFree:          120712 kB
Active:           361424 kB
Mem:          3.8G       3.7G       117M       5.7M        27M       3.3G

MemTotal:        4016004 kB
MemFree:          132668 kB
Active:           361428 kB
Mem:          3.8G       3.7G       129M       5.7M        27M       3.3G

MemTotal:        4016004 kB
MemFree:          129664 kB
Active:           361456 kB
Mem:          3.8G       3.7G       125M       5.7M        27M       3.3G

MemTotal:        4016004 kB
MemFree:          127844 kB
Active:           361436 kB
Mem:          3.8G       3.7G       124M       5.7M        27M       3.3G

MemTotal:        4016004 kB
MemFree:          127072 kB
Active:           359552 kB
Mem:          3.8G       3.7G       124M       5.7M        27M       3.3G

MemTotal:        4016004 kB
MemFree:          126548 kB
Active:           361440 kB
Mem:          3.8G       3.7G       123M       5.7M        27M       3.3G

MemTotal:        4016004 kB
MemFree:          117264 kB
Active:           361464 kB
Mem:          3.8G       3.7G       114M       5.7M        27M       3.3G

MemTotal:        4016004 kB
MemFree:          132252 kB
Active:           359556 kB
Mem:          3.8G       3.7G       128M       5.7M        27M       3.3G

MemTotal:        4016004 kB
MemFree:          129748 kB
Active:           359264 kB
Mem:          3.8G       3.7G       126M       5.7M        27M       3.3G

MemTotal:        4016004 kB
MemFree:          123932 kB
Active:           359252 kB
Mem:          3.8G       3.7G       119M       5.7M        27M       3.3G

MemTotal:        4016004 kB
MemFree:          131888 kB
Active:           359292 kB
Mem:          3.8G       3.7G       128M       5.7M        27M       3.3G

MemTotal:        4016004 kB
MemFree:          114936 kB
Active:           359272 kB
Mem:          3.8G       3.7G       111M       5.7M        27M       3.3G

MemTotal:        4016004 kB
MemFree:          128900 kB
Active:           355412 kB
Mem:          3.8G       3.7G       125M       5.7M        27M       3.3G

MemTotal:        4016004 kB
MemFree:          130672 kB
Active:           355316 kB
Mem:          3.8G       3.7G       126M       5.7M        27M       3.3G

MemTotal:        4016004 kB
MemFree:          126808 kB
Active:           355428 kB
Mem:          3.8G       3.7G       122M       5.7M        27M       3.3G

MemTotal:        4016004 kB
MemFree:          132560 kB
Active:           355352 kB
Mem:          3.8G       3.7G       129M       5.7M        27M       3.3G

MemTotal:        4016004 kB
MemFree:          132048 kB
Active:           355332 kB
Mem:          3.8G       3.7G       128M       5.7M        27M       3.3G

MemTotal:        4016004 kB
MemFree:          130884 kB
Active:           355384 kB
Mem:          3.8G       3.7G       127M       5.7M        27M       3.3G

MemTotal:        4016004 kB
MemFree:          129584 kB
Active:           355364 kB
Mem:          3.8G       3.7G       125M       5.7M        27M       3.3G

MemTotal:        4016004 kB
MemFree:          127708 kB
Active:           355388 kB
Mem:          3.8G       3.7G       124M       5.7M        27M       3.3G

MemTotal:        4016004 kB
MemFree:          121092 kB
Active:           355380 kB
Mem:          3.8G       3.7G       117M       5.7M        27M       3.3G

MemTotal:        4016004 kB
MemFree:          119612 kB
Active:           352832 kB
Mem:          3.8G       3.7G       116M       5.7M        27M       3.3G

MemTotal:        4016004 kB
MemFree:          128192 kB
Active:           352748 kB
Mem:          3.8G       3.7G       124M       5.7M        27M       3.3G

MemTotal:        4016004 kB
MemFree:          135916 kB
Active:           352776 kB
Mem:          3.8G       3.7G       132M       5.7M        27M       3.3G

MemTotal:        4016004 kB
MemFree:          109332 kB
Active:           354884 kB
Mem:          3.8G       3.7G       106M       5.7M        27M       3.3G

MemTotal:        4016004 kB
MemFree:          108252 kB
Active:           354800 kB
Mem:          3.8G       3.7G       105M       5.7M        27M       3.3G

MemTotal:        4016004 kB
MemFree:          128316 kB
Active:           354264 kB
Mem:          3.8G       3.7G       125M       5.7M        27M       3.3G

MemTotal:        4016004 kB
MemFree:          127708 kB
Active:           354156 kB
Mem:          3.8G       3.7G       124M       5.7M        27M       3.3G

MemTotal:        4016004 kB
MemFree:          126732 kB
Active:           354184 kB
Mem:          3.8G       3.7G       123M       5.7M        27M       3.3G

MemTotal:        4016004 kB
MemFree:          124688 kB
Active:           354156 kB
Mem:          3.8G       3.7G       121M       5.7M        27M       3.3G

MemTotal:        4016004 kB
MemFree:          129108 kB
Active:           350996 kB
Mem:          3.8G       3.7G       125M       5.7M        27M       3.3G

MemTotal:        4016004 kB
MemFree:          117448 kB
Active:           350920 kB
Mem:          3.8G       3.7G       114M       5.7M        27M       3.3G

MemTotal:        4016004 kB
MemFree:          134396 kB
Active:           350784 kB
Mem:          3.8G       3.7G       130M       5.7M        27M       3.3G

MemTotal:        4016004 kB
MemFree:          132260 kB
Active:           350816 kB
Mem:          3.8G       3.7G       128M       5.7M        27M       3.3G

MemTotal:        4016004 kB
MemFree:          113236 kB
Active:           349300 kB
Mem:          3.8G       3.7G       110M       5.7M        27M       3.3G

MemTotal:        4016004 kB
MemFree:          132624 kB
Active:           349184 kB
Mem:          3.8G       3.7G       129M       5.7M        27M       3.3G

MemTotal:        4016004 kB
MemFree:          132608 kB
Active:           349192 kB
Mem:          3.8G       3.7G       129M       5.7M        27M       3.3G

MemTotal:        4016004 kB
MemFree:          130432 kB
Active:           349196 kB
Mem:          3.8G       3.7G       127M       5.7M        27M       3.3G

MemTotal:        4016004 kB
MemFree:          128052 kB
Active:           349180 kB
Mem:          3.8G       3.7G       124M       5.7M        27M       3.3G

MemTotal:        4016004 kB
MemFree:          126928 kB
Active:           349204 kB
Mem:          3.8G       3.7G       123M       5.7M        27M       3.3G

MemTotal:        4016004 kB
MemFree:          125040 kB
Active:           349212 kB
Mem:          3.8G       3.7G       121M       5.7M        27M       3.3G

MemTotal:        4016004 kB
MemFree:          121808 kB
Active:           349160 kB
Mem:          3.8G       3.7G       118M       5.7M        27M       3.3G

MemTotal:        4016004 kB
MemFree:          127396 kB
Active:           349220 kB
Mem:          3.8G       3.7G       123M       5.7M        27M       3.3G

MemTotal:        4016004 kB
MemFree:          127108 kB
Active:           349220 kB
Mem:          3.8G       3.7G       123M       5.7M        27M       3.3G

MemTotal:        4016004 kB
MemFree:          133164 kB
Active:           347880 kB
Mem:          3.8G       3.7G       129M       5.7M        27M       3.3G

MemTotal:        4016004 kB
MemFree:          130600 kB
Active:           347892 kB
Mem:          3.8G       3.7G       127M       5.7M        27M       3.3G

MemTotal:        4016004 kB
MemFree:          135284 kB
Active:           347892 kB
Mem:          3.8G       3.7G       132M       5.7M        27M       3.2G

MemTotal:        4016004 kB
MemFree:          114852 kB
Active:           347896 kB
Mem:          3.8G       3.7G       111M       5.7M        27M       3.3G

MemTotal:        4016004 kB
MemFree:          138680 kB
Active:           347904 kB
Mem:          3.8G       3.7G       134M       5.7M        27M       3.2G

MemTotal:        4016004 kB
MemFree:          128448 kB
Active:           347908 kB
Mem:          3.8G       3.7G       124M       5.7M        27M       3.3G

MemTotal:        4016004 kB
MemFree:          131756 kB
Active:           347908 kB
Mem:          3.8G       3.7G       128M       5.7M        27M       3.3G

MemTotal:        4016004 kB
MemFree:          131828 kB
Active:           347924 kB
Mem:          3.8G       3.7G       128M       5.7M        27M       3.3G

MemTotal:        4016004 kB
MemFree:          132176 kB
Active:           347936 kB
Mem:          3.8G       3.7G       129M       5.7M        27M       3.3G

MemTotal:        4016004 kB
MemFree:          132364 kB
Active:           347948 kB
Mem:          3.8G       3.7G       129M       5.7M        27M       3.3G

MemTotal:        4016004 kB
MemFree:          139000 kB
Active:           348488 kB
Mem:          3.8G       3.7G       135M       5.7M        27M       3.2G

MemTotal:        4016004 kB
MemFree:          136556 kB
Active:           346744 kB
Mem:          3.8G       3.7G       133M       5.7M        27M       3.2G

MemTotal:        4016004 kB
MemFree:          125992 kB
Active:           346464 kB
Mem:          3.8G       3.7G       122M       5.7M        27M       3.3G

MemTotal:        4016004 kB
MemFree:          132224 kB
Active:           346464 kB
Mem:          3.8G       3.7G       129M       5.7M        27M       3.3G

MemTotal:        4016004 kB
MemFree:          121932 kB
Active:           346484 kB
Mem:          3.8G       3.7G       118M       5.7M        27M       3.3G

MemTotal:        4016004 kB
MemFree:          127420 kB
Active:           346488 kB
Mem:          3.8G       3.7G       124M       5.7M        27M       3.3G

MemTotal:        4016004 kB
MemFree:          131664 kB
Active:           346492 kB
Mem:          3.8G       3.7G       128M       5.7M        27M       3.3G

MemTotal:        4016004 kB
MemFree:          139296 kB
Active:           346496 kB
Mem:          3.8G       3.7G       135M       5.7M        27M       3.2G

MemTotal:        4016004 kB
MemFree:          132720 kB
Active:           346496 kB
Mem:          3.8G       3.7G       129M       5.7M        27M       3.2G

MemTotal:        4016004 kB
MemFree:          133108 kB
Active:           346520 kB
Mem:          3.8G       3.7G       129M       5.7M        27M       3.2G

MemTotal:        4016004 kB
MemFree:          130448 kB
Active:           348572 kB
Mem:          3.8G       3.7G       126M       5.7M        27M       3.2G

MemTotal:        4016004 kB
MemFree:          129272 kB
Active:           348556 kB
Mem:          3.8G       3.7G       125M       5.7M        27M       3.3G

MemTotal:        4016004 kB
MemFree:          127416 kB
Active:           348556 kB
Mem:          3.8G       3.7G       124M       5.7M        27M       3.3G

MemTotal:        4016004 kB
MemFree:          121152 kB
Active:           345884 kB
Mem:          3.8G       3.7G       117M       5.7M        27M       3.3G

MemTotal:        4016004 kB
MemFree:          126384 kB
Active:           345540 kB
Mem:          3.8G       3.7G       122M       5.7M        27M       3.3G

MemTotal:        4016004 kB
MemFree:          137984 kB
Active:           345540 kB
Mem:          3.8G       3.7G       134M       5.7M        27M       3.2G

MemTotal:        4016004 kB
MemFree:          147908 kB
Active:           345540 kB
Mem:          3.8G       3.7G       144M       5.7M        27M       3.2G

MemTotal:        4016004 kB
MemFree:          119396 kB
Active:           345540 kB
Mem:          3.8G       3.7G       115M       5.7M        27M       3.3G

MemTotal:        4016004 kB
MemFree:          138164 kB
Active:           345540 kB
Mem:          3.8G       3.7G       134M       5.7M        27M       3.2G

MemTotal:        4016004 kB
MemFree:          116260 kB
Active:           345540 kB
Mem:          3.8G       3.7G       113M       5.7M        27M       3.3G

MemTotal:        4016004 kB
MemFree:          122288 kB
Active:           345552 kB
Mem:          3.8G       3.7G       118M       5.7M        27M       3.3G

MemTotal:        4016004 kB
MemFree:          129612 kB
Active:           345552 kB
Mem:          3.8G       3.7G       126M       5.7M        27M       3.2G

MemTotal:        4016004 kB
MemFree:          127984 kB
Active:           345568 kB
Mem:          3.8G       3.7G       124M       5.7M        27M       3.3G

MemTotal:        4016004 kB
MemFree:          125924 kB
Active:           345580 kB
Mem:          3.8G       3.7G       122M       5.7M        27M       3.3G

MemTotal:        4016004 kB
MemFree:          125784 kB
Active:           345580 kB
Mem:          3.8G       3.7G       122M       5.7M        27M       3.3G

MemTotal:        4016004 kB
MemFree:          141768 kB
Active:           343732 kB
Mem:          3.8G       3.7G       137M       5.7M        27M       3.2G

MemTotal:        4016004 kB
MemFree:          123548 kB
Active:           343592 kB
Mem:          3.8G       3.7G       119M       5.7M        27M       3.3G

MemTotal:        4016004 kB
MemFree:          116564 kB
Active:           343592 kB
Mem:          3.8G       3.7G       112M       5.7M        27M       3.3G

MemTotal:        4016004 kB
MemFree:          105864 kB
Active:           343592 kB
Mem:          3.8G       3.7G       102M       5.7M        27M       3.3G

MemTotal:        4016004 kB
MemFree:          144660 kB
Active:           343592 kB
Mem:          3.8G       3.7G       141M       5.7M        27M       3.2G

MemTotal:        4016004 kB
MemFree:          139476 kB
Active:           343684 kB
Mem:          3.8G       3.7G       135M       5.7M        27M       3.2G

MemTotal:        4016004 kB
MemFree:          105632 kB
Active:           343628 kB
Mem:          3.8G       3.7G       102M       5.7M        27M       3.3G

MemTotal:        4016004 kB
MemFree:          121336 kB
Active:           343384 kB
Mem:          3.8G       3.7G       118M       5.7M        27M       3.3G

MemTotal:        4016004 kB
MemFree:          120416 kB
Active:           343388 kB
Mem:          3.8G       3.7G       117M       5.7M        27M       3.3G

MemTotal:        4016004 kB
MemFree:          119160 kB
Active:           343396 kB
Mem:          3.8G       3.7G       116M       5.7M        27M       3.3G

MemTotal:        4016004 kB
MemFree:          119120 kB
Active:           343400 kB
Mem:          3.8G       3.7G       116M       5.7M        27M       3.3G

MemTotal:        4016004 kB
MemFree:          111588 kB
Active:           343404 kB
Mem:          3.8G       3.7G       108M       5.7M        27M       3.3G

MemTotal:        4016004 kB
MemFree:          125136 kB
Active:           343412 kB
Mem:          3.8G       3.7G       121M       5.7M        27M       3.3G

MemTotal:        4016004 kB
MemFree:          130844 kB
Active:           343284 kB
Mem:          3.8G       3.7G       126M       5.7M        27M       3.2G

MemTotal:        4016004 kB
MemFree:          141244 kB
Active:           343140 kB
Mem:          3.8G       3.7G       136M       5.7M        27M       3.2G

MemTotal:        4016004 kB
MemFree:          132936 kB
Active:           343020 kB
Mem:          3.8G       3.7G       129M       5.7M        27M       3.2G

MemTotal:        4016004 kB
MemFree:          132792 kB
Active:           342940 kB
Mem:          3.8G       3.7G       129M       5.7M        27M       3.2G

MemTotal:        4016004 kB
MemFree:          132808 kB
Active:           342848 kB
Mem:          3.8G       3.7G       129M       5.7M        27M       3.2G

MemTotal:        4016004 kB
MemFree:          132684 kB
Active:           342848 kB
Mem:          3.8G       3.7G       129M       5.7M        27M       3.2G

MemTotal:        4016004 kB
MemFree:          132684 kB
Active:           342848 kB
Mem:          3.8G       3.7G       129M       5.7M        27M       3.2G

MemTotal:        4016004 kB
MemFree:          132412 kB
Active:           342848 kB
Mem:          3.8G       3.7G       129M       5.7M        27M       3.2G

MemTotal:        4016004 kB
MemFree:          132480 kB
Active:           342852 kB
Mem:          3.8G       3.7G       129M       5.7M        27M       3.2G

MemTotal:        4016004 kB
MemFree:          132484 kB
Active:           342868 kB
Mem:          3.8G       3.7G       129M       5.7M        27M       3.2G

MemTotal:        4016004 kB
MemFree:          132456 kB
Active:           342868 kB
Mem:          3.8G       3.7G       129M       5.7M        27M       3.2G

MemTotal:        4016004 kB
MemFree:          132552 kB
Active:           342876 kB
Mem:          3.8G       3.7G       129M       5.7M        27M       3.2G

MemTotal:        4016004 kB
MemFree:          132676 kB
Active:           343000 kB
Mem:          3.8G       3.7G       129M       5.7M        27M       3.2G

MemTotal:        4016004 kB
MemFree:          132568 kB
Active:           342972 kB
Mem:          3.8G       3.7G       129M       5.7M        27M       3.2G

MemTotal:        4016004 kB
MemFree:          132584 kB
Active:           343000 kB
Mem:          3.8G       3.7G       129M       5.7M        27M       3.2G

MemTotal:        4016004 kB
MemFree:          132600 kB
Active:           342880 kB
Mem:          3.8G       3.7G       129M       5.7M        27M       3.2G

MemTotal:        4016004 kB
MemFree:          133144 kB
Active:           342688 kB
Mem:          3.8G       3.7G       130M       5.7M        27M       3.2G

MemTotal:        4016004 kB
MemFree:          133592 kB
Active:           342588 kB
Mem:          3.8G       3.7G       130M       5.7M        27M       3.2G

MemTotal:        4016004 kB
MemFree:          133236 kB
Active:           342676 kB
Mem:          3.8G       3.7G       130M       5.7M        28M       3.2G

MemTotal:        4016004 kB
MemFree:          133096 kB
Active:           342684 kB
Mem:          3.8G       3.7G       130M       5.7M        28M       3.2G

MemTotal:        4016004 kB
MemFree:          133096 kB
Active:           342732 kB
Mem:          3.8G       3.7G       129M       5.7M        28M       3.2G

MemTotal:        4016004 kB
MemFree:          132868 kB
Active:           342708 kB
Mem:          3.8G       3.7G       129M       5.7M        28M       3.2G

MemTotal:        4016004 kB
MemFree:          133096 kB
Active:           342792 kB
Mem:          3.8G       3.7G       130M       5.7M        28M       3.2G

MemTotal:        4016004 kB
MemFree:          133072 kB
Active:           342772 kB
Mem:          3.8G       3.7G       130M       5.7M        28M       3.2G

MemTotal:        4016004 kB
MemFree:          132792 kB
Active:           342780 kB
Mem:          3.8G       3.7G       129M       5.7M        28M       3.2G

MemTotal:        4016004 kB
MemFree:          133096 kB
Active:           342780 kB
Mem:          3.8G       3.7G       129M       5.7M        28M       3.2G

MemTotal:        4016004 kB
MemFree:          133348 kB
Active:           342696 kB
Mem:          3.8G       3.7G       129M       5.7M        28M       3.2G

MemTotal:        4016004 kB
MemFree:          133348 kB
Active:           342720 kB
Mem:          3.8G       3.7G       130M       5.7M        28M       3.2G

MemTotal:        4016004 kB
MemFree:          133348 kB
Active:           342704 kB
Mem:          3.8G       3.7G       130M       5.7M        28M       3.2G

MemTotal:        4016004 kB
MemFree:          133348 kB
Active:           342688 kB
Mem:          3.8G       3.7G       130M       5.7M        28M       3.2G

MemTotal:        4016004 kB
MemFree:          133224 kB
Active:           342588 kB
Mem:          3.8G       3.7G       130M       5.7M        28M       3.2G

MemTotal:        4016004 kB
MemFree:          133348 kB
Active:           342560 kB
Mem:          3.8G       3.7G       129M       5.7M        28M       3.2G

MemTotal:        4016004 kB
MemFree:          132116 kB
Active:           341172 kB
Mem:          3.8G       3.7G       129M       5.7M        28M       3.2G

MemTotal:        4016004 kB
MemFree:          132788 kB
Active:           343136 kB
Mem:          3.8G       3.7G       129M       5.7M        28M       3.2G

MemTotal:        4016004 kB
MemFree:          132804 kB
Active:           343256 kB
Mem:          3.8G       3.7G       129M       5.7M        28M       3.2G

MemTotal:        4016004 kB
MemFree:          132804 kB
Active:           343284 kB
Mem:          3.8G       3.7G       129M       5.7M        28M       3.2G

MemTotal:        4016004 kB
MemFree:          132712 kB
Active:           343328 kB
Mem:          3.8G       3.7G       129M       5.7M        28M       3.2G

MemTotal:        4016004 kB
MemFree:          133208 kB
Active:           343156 kB
Mem:          3.8G       3.7G       129M       5.7M        28M       3.2G

MemTotal:        4016004 kB
MemFree:          132712 kB
Active:           343188 kB
Mem:          3.8G       3.7G       129M       5.7M        28M       3.2G

MemTotal:        4016004 kB
MemFree:          132960 kB
Active:           343148 kB
Mem:          3.8G       3.7G       130M       5.7M        28M       3.2G

MemTotal:        4016004 kB
MemFree:          132836 kB
Active:           343200 kB
Mem:          3.8G       3.7G       129M       5.7M        28M       3.2G

MemTotal:        4016004 kB
MemFree:          133208 kB
Active:           343168 kB
Mem:          3.8G       3.7G       130M       5.7M        28M       3.2G

MemTotal:        4016004 kB
MemFree:          130912 kB
Active:           343200 kB
Mem:          3.8G       3.7G       127M       5.7M        28M       3.2G

MemTotal:        4016004 kB
MemFree:          131036 kB
Active:           345236 kB
Mem:          3.8G       3.7G       127M       5.7M        28M       3.2G

MemTotal:        4016004 kB
MemFree:          131532 kB
Active:           345216 kB
Mem:          3.8G       3.7G       128M       5.7M        28M       3.2G

MemTotal:        4016004 kB
MemFree:          130912 kB
Active:           345248 kB
Mem:          3.8G       3.7G       128M       5.7M        28M       3.2G

MemTotal:        4016004 kB
MemFree:          130912 kB
Active:           345256 kB
Mem:          3.8G       3.7G       127M       5.7M        28M       3.2G

MemTotal:        4016004 kB
MemFree:          131284 kB
Active:           345244 kB
Mem:          3.8G       3.7G       128M       5.7M        28M       3.2G

MemTotal:        4016004 kB
MemFree:          131408 kB
Active:           345256 kB
Mem:          3.8G       3.7G       128M       5.7M        28M       3.2G

MemTotal:        4016004 kB
MemFree:          131284 kB
Active:           345228 kB
Mem:          3.8G       3.7G       127M       5.7M        28M       3.2G

MemTotal:        4016004 kB
MemFree:          131284 kB
Active:           345252 kB
Mem:          3.8G       3.7G       128M       5.7M        28M       3.2G

MemTotal:        4016004 kB
MemFree:          131284 kB
Active:           345220 kB
Mem:          3.8G       3.7G       128M       5.7M        28M       3.2G

MemTotal:        4016004 kB
MemFree:          130912 kB
Active:           345268 kB
Mem:          3.8G       3.7G       127M       5.7M        28M       3.2G

MemTotal:        4016004 kB
MemFree:          131160 kB
Active:           345236 kB
Mem:          3.8G       3.7G       127M       5.7M        28M       3.2G

MemTotal:        4016004 kB
MemFree:          131160 kB
Active:           345276 kB
Mem:          3.8G       3.7G       128M       5.7M        28M       3.2G

MemTotal:        4016004 kB
MemFree:          131284 kB
Active:           345272 kB
Mem:          3.8G       3.7G       128M       5.7M        28M       3.2G

MemTotal:        4016004 kB
MemFree:          130540 kB
Active:           345292 kB
Mem:          3.8G       3.7G       127M       5.7M        28M       3.2G

MemTotal:        4016004 kB
MemFree:          130540 kB
Active:           345292 kB
Mem:          3.8G       3.7G       127M       5.7M        28M       3.2G

MemTotal:        4016004 kB
MemFree:          131160 kB
Active:           345272 kB
Mem:          3.8G       3.7G       127M       5.7M        28M       3.2G

MemTotal:        4016004 kB
MemFree:          131284 kB
Active:           345260 kB
Mem:          3.8G       3.7G       128M       5.7M        28M       3.2G

MemTotal:        4016004 kB
MemFree:          131160 kB
Active:           345300 kB
Mem:          3.8G       3.7G       127M       5.7M        28M       3.2G

MemTotal:        4016004 kB
MemFree:          131160 kB
Active:           345260 kB
Mem:          3.8G       3.7G       128M       5.7M        28M       3.2G

MemTotal:        4016004 kB
MemFree:          131284 kB
Active:           345284 kB
Mem:          3.8G       3.7G       128M       5.7M        28M       3.2G

MemTotal:        4016004 kB
MemFree:          131284 kB
Active:           345252 kB
Mem:          3.8G       3.7G       128M       5.7M        28M       3.2G

MemTotal:        4016004 kB
MemFree:          131036 kB
Active:           345272 kB
Mem:          3.8G       3.7G       127M       5.7M        28M       3.2G

MemTotal:        4016004 kB
MemFree:          131036 kB
Active:           345280 kB
Mem:          3.8G       3.7G       127M       5.7M        28M       3.2G

MemTotal:        4016004 kB
MemFree:          130664 kB
Active:           345300 kB
Mem:          3.8G       3.7G       127M       5.7M        28M       3.2G

MemTotal:        4016004 kB
MemFree:          130416 kB
Active:           345300 kB
Mem:          3.8G       3.7G       127M       5.7M        28M       3.2G

MemTotal:        4016004 kB
MemFree:          130664 kB
Active:           345252 kB
Mem:          3.8G       3.7G       127M       5.7M        28M       3.2G

MemTotal:        4016004 kB
MemFree:          130416 kB
Active:           345304 kB
Mem:          3.8G       3.7G       127M       5.7M        28M       3.2G

MemTotal:        4016004 kB
MemFree:          130912 kB
Active:           345268 kB
Mem:          3.8G       3.7G       127M       5.7M        28M       3.2G

MemTotal:        4016004 kB
MemFree:          130416 kB
Active:           345308 kB
Mem:          3.8G       3.7G       127M       5.7M        28M       3.2G

MemTotal:        4016004 kB
MemFree:          128616 kB
Active:           345308 kB
Mem:          3.8G       3.7G       125M       5.7M        28M       3.2G

MemTotal:        4016004 kB
MemFree:          128368 kB
Active:           347360 kB
Mem:          3.8G       3.7G       125M       5.7M        28M       3.2G

MemTotal:        4016004 kB
MemFree:          128864 kB
Active:           347340 kB
Mem:          3.8G       3.7G       125M       5.7M        28M       3.2G

MemTotal:        4016004 kB
MemFree:          128864 kB
Active:           347332 kB
Mem:          3.8G       3.7G       125M       5.7M        28M       3.2G

MemTotal:        4016004 kB
MemFree:          128864 kB
Active:           347360 kB
Mem:          3.8G       3.7G       125M       5.7M        28M       3.2G

MemTotal:        4016004 kB
MemFree:          128988 kB
Active:           347348 kB
Mem:          3.8G       3.7G       125M       5.7M        28M       3.2G

MemTotal:        4016004 kB
MemFree:          128988 kB
Active:           347328 kB
Mem:          3.8G       3.7G       125M       5.7M        28M       3.2G

MemTotal:        4016004 kB
MemFree:          128988 kB
Active:           347364 kB
Mem:          3.8G       3.7G       125M       5.7M        28M       3.2G

MemTotal:        4016004 kB
MemFree:          128616 kB
Active:           347368 kB
Mem:          3.8G       3.7G       125M       5.7M        28M       3.2G

MemTotal:        4016004 kB
MemFree:          128616 kB
Active:           347368 kB
Mem:          3.8G       3.7G       125M       5.7M        28M       3.2G

MemTotal:        4016004 kB
MemFree:          128988 kB
Active:           347328 kB
Mem:          3.8G       3.7G       125M       5.7M        28M       3.2G

MemTotal:        4016004 kB
MemFree:          128988 kB
Active:           347356 kB
Mem:          3.8G       3.7G       125M       5.7M        28M       3.2G

MemTotal:        4016004 kB
MemFree:          128616 kB
Active:           347372 kB
Mem:          3.8G       3.7G       125M       5.7M        28M       3.2G

MemTotal:        4016004 kB
MemFree:          128368 kB
Active:           347372 kB
Mem:          3.8G       3.7G       125M       5.7M        28M       3.2G

MemTotal:        4016004 kB
MemFree:          128616 kB
Active:           347320 kB
Mem:          3.8G       3.7G       125M       5.7M        28M       3.2G

MemTotal:        4016004 kB
MemFree:          128368 kB
Active:           347372 kB
Mem:          3.8G       3.7G       125M       5.7M        28M       3.2G

MemTotal:        4016004 kB
MemFree:          128368 kB
Active:           347372 kB
Mem:          3.8G       3.7G       125M       5.7M        28M       3.2G

MemTotal:        4016004 kB
MemFree:          128740 kB
Active:           347340 kB
Mem:          3.8G       3.7G       125M       5.7M        28M       3.2G

MemTotal:        4016004 kB
MemFree:          128244 kB
Active:           347380 kB
Mem:          3.8G       3.7G       125M       5.7M        28M       3.2G

MemTotal:        4016004 kB
MemFree:          128120 kB
Active:           347380 kB
Mem:          3.8G       3.7G       125M       5.7M        28M       3.2G

MemTotal:        4016004 kB
MemFree:          128120 kB
Active:           347380 kB
Mem:          3.8G       3.7G       125M       5.7M        28M       3.2G

MemTotal:        4016004 kB
MemFree:          128492 kB
Active:           347332 kB
Mem:          3.8G       3.7G       125M       5.7M        28M       3.2G

MemTotal:        4016004 kB
MemFree:          128988 kB
Active:           347344 kB
Mem:          3.8G       3.7G       126M       5.7M        28M       3.2G

MemTotal:        4016004 kB
MemFree:          129112 kB
Active:           347376 kB
Mem:          3.8G       3.7G       125M       5.7M        28M       3.2G

MemTotal:        4016004 kB
MemFree:          128988 kB
Active:           347348 kB
Mem:          3.8G       3.7G       125M       5.7M        28M       3.2G

MemTotal:        4016004 kB
MemFree:          128616 kB
Active:           347384 kB
Mem:          3.8G       3.7G       125M       5.7M        28M       3.2G

MemTotal:        4016004 kB
MemFree:          128616 kB
Active:           347384 kB
Mem:          3.8G       3.7G       125M       5.7M        28M       3.2G

MemTotal:        4016004 kB
MemFree:          128988 kB
Active:           347348 kB
Mem:          3.8G       3.7G       125M       5.7M        28M       3.2G

MemTotal:        4016004 kB
MemFree:          129236 kB
Active:           347368 kB
Mem:          3.8G       3.7G       126M       5.7M        28M       3.2G

MemTotal:        4016004 kB
MemFree:          129112 kB
Active:           347332 kB
Mem:          3.8G       3.7G       126M       5.7M        28M       3.2G

MemTotal:        4016004 kB
MemFree:          128864 kB
Active:           347400 kB
Mem:          3.8G       3.7G       125M       5.7M        28M       3.2G

MemTotal:        4016004 kB
MemFree:          128864 kB
Active:           347360 kB
Mem:          3.8G       3.7G       125M       5.7M        28M       3.2G

MemTotal:        4016004 kB
MemFree:          128988 kB
Active:           347384 kB
Mem:          3.8G       3.7G       125M       5.7M        28M       3.2G

MemTotal:        4016004 kB
MemFree:          128988 kB
Active:           347352 kB
Mem:          3.8G       3.7G       125M       5.7M        28M       3.2G

MemTotal:        4016004 kB
MemFree:          129112 kB
Active:           347384 kB
Mem:          3.8G       3.7G       125M       5.7M        28M       3.2G

MemTotal:        4016004 kB
MemFree:          128988 kB
Active:           347352 kB
Mem:          3.8G       3.7G       125M       5.7M        28M       3.2G

MemTotal:        4016004 kB
MemFree:          128616 kB
Active:           347408 kB
Mem:          3.8G       3.7G       125M       5.7M        28M       3.2G

MemTotal:        4016004 kB
MemFree:          128864 kB
Active:           347372 kB
Mem:          3.8G       3.7G       125M       5.7M        28M       3.2G

MemTotal:        4016004 kB
MemFree:          128864 kB
Active:           347400 kB
Mem:          3.8G       3.7G       126M       5.7M        28M       3.2G

MemTotal:        4016004 kB
MemFree:          128864 kB
Active:           347420 kB
Mem:          3.8G       3.7G       125M       5.7M        28M       3.2G

MemTotal:        4016004 kB
MemFree:          129128 kB
Active:           347400 kB
Mem:          3.8G       3.7G       126M       5.7M        28M       3.2G

MemTotal:        4016004 kB
MemFree:          129128 kB
Active:           347424 kB
Mem:          3.8G       3.7G       126M       5.7M        28M       3.2G

MemTotal:        4016004 kB
MemFree:          129004 kB
Active:           347388 kB
Mem:          3.8G       3.7G       126M       5.7M        28M       3.2G

MemTotal:        4016004 kB
MemFree:          128632 kB
Active:           347428 kB
Mem:          3.8G       3.7G       125M       5.7M        28M       3.2G

MemTotal:        4016004 kB
MemFree:          128880 kB
Active:           347388 kB
Mem:          3.8G       3.7G       125M       5.7M        28M       3.2G

MemTotal:        4016004 kB
MemFree:          128880 kB
Active:           347412 kB
Mem:          3.8G       3.7G       125M       5.7M        28M       3.2G

MemTotal:        4016004 kB
MemFree:          128632 kB
Active:           347436 kB
Mem:          3.8G       3.7G       125M       5.7M        28M       3.2G

MemTotal:        4016004 kB
MemFree:          128632 kB
Active:           347396 kB
Mem:          3.8G       3.7G       125M       5.7M        28M       3.2G

MemTotal:        4016004 kB
MemFree:          128880 kB
Active:           347420 kB
Mem:          3.8G       3.7G       125M       5.7M        28M       3.2G

MemTotal:        4016004 kB
MemFree:          128260 kB
Active:           347436 kB
Mem:          3.8G       3.7G       125M       5.7M        28M       3.2G

MemTotal:        4016004 kB
MemFree:          128756 kB
Active:           347412 kB
Mem:          3.8G       3.7G       125M       5.7M        28M       3.2G

MemTotal:        4016004 kB
MemFree:          128880 kB
Active:           347384 kB
Mem:          3.8G       3.7G       125M       5.7M        28M       3.2G

MemTotal:        4016004 kB
MemFree:          128880 kB
Active:           347436 kB
Mem:          3.8G       3.7G       126M       5.7M        28M       3.2G

MemTotal:        4016004 kB
MemFree:          129252 kB
Active:           347428 kB
Mem:          3.8G       3.7G       126M       5.7M        28M       3.2G

MemTotal:        4016004 kB
MemFree:          129004 kB
Active:           347444 kB
Mem:          3.8G       3.7G       125M       5.7M        28M       3.2G

MemTotal:        4016004 kB
MemFree:          129384 kB
Active:           347408 kB
Mem:          3.8G       3.7G       126M       5.7M        28M       3.2G

MemTotal:        4016004 kB
MemFree:          129384 kB
Active:           347404 kB
Mem:          3.8G       3.7G       125M       5.7M        28M       3.2G

MemTotal:        4016004 kB
MemFree:          129136 kB
Active:           347452 kB
Mem:          3.8G       3.7G       126M       5.7M        28M       3.2G

MemTotal:        4016004 kB
MemFree:          128888 kB
Active:           347452 kB
Mem:          3.8G       3.7G       125M       5.7M        28M       3.2G

MemTotal:        4016004 kB
MemFree:          129012 kB
Active:           347424 kB
Mem:          3.8G       3.7G       126M       5.7M        28M       3.2G

MemTotal:        4016004 kB
MemFree:          129136 kB
Active:           347408 kB
Mem:          3.8G       3.7G       126M       5.7M        28M       3.2G

MemTotal:        4016004 kB
MemFree:          128888 kB
Active:           347452 kB
Mem:          3.8G       3.7G       125M       5.7M        28M       3.2G

MemTotal:        4016004 kB
MemFree:          128888 kB
Active:           347440 kB
Mem:          3.8G       3.7G       125M       5.7M        28M       3.2G

MemTotal:        4016004 kB
MemFree:          128020 kB
Active:           347460 kB
Mem:          3.8G       3.7G       125M       5.7M        28M       3.2G

MemTotal:        4016004 kB
MemFree:          128516 kB
Active:           347432 kB
Mem:          3.8G       3.7G       125M       5.7M        28M       3.2G

MemTotal:        4016004 kB
MemFree:          128516 kB
Active:           347456 kB
Mem:          3.8G       3.7G       125M       5.7M        28M       3.2G

MemTotal:        4016004 kB
MemFree:          128640 kB
Active:           347444 kB
Mem:          3.8G       3.7G       125M       5.7M        28M       3.2G

MemTotal:        4016004 kB
MemFree:          128516 kB
Active:           347436 kB
Mem:          3.8G       3.7G       125M       5.7M        28M       3.2G

MemTotal:        4016004 kB
MemFree:          128144 kB
Active:           347472 kB
Mem:          3.8G       3.7G       125M       5.7M        28M       3.2G

MemTotal:        4016004 kB
MemFree:          128640 kB
Active:           347460 kB
Mem:          3.8G       3.7G       125M       5.7M        28M       3.2G

MemTotal:        4016004 kB
MemFree:          128516 kB
Active:           347472 kB
Mem:          3.8G       3.7G       125M       5.7M        28M       3.2G

MemTotal:        4016004 kB
MemFree:          128888 kB
Active:           347452 kB
Mem:          3.8G       3.7G       125M       5.7M        28M       3.2G

MemTotal:        4016004 kB
MemFree:          128268 kB
Active:           347480 kB
Mem:          3.8G       3.7G       125M       5.7M        28M       3.2G

MemTotal:        4016004 kB
MemFree:          128640 kB
Active:           347452 kB
Mem:          3.8G       3.7G       125M       5.7M        28M       3.2G

MemTotal:        4016004 kB
MemFree:          128640 kB
Active:           347444 kB
Mem:          3.8G       3.7G       125M       5.7M        28M       3.2G

MemTotal:        4016004 kB
MemFree:          128144 kB
Active:           347480 kB
Mem:          3.8G       3.7G       125M       5.7M        28M       3.2G

MemTotal:        4016004 kB
MemFree:          128640 kB
Active:           347456 kB
Mem:          3.8G       3.7G       125M       5.7M        28M       3.2G

MemTotal:        4016004 kB
MemFree:          128764 kB
Active:           347448 kB
Mem:          3.8G       3.7G       125M       5.7M        28M       3.2G

MemTotal:        4016004 kB
MemFree:          128144 kB
Active:           347492 kB
Mem:          3.8G       3.7G       125M       5.7M        28M       3.2G

MemTotal:        4016004 kB
MemFree:          128516 kB
Active:           347476 kB
Mem:          3.8G       3.7G       125M       5.7M        28M       3.2G

MemTotal:        4016004 kB
MemFree:          128516 kB
Active:           347472 kB
Mem:          3.8G       3.7G       125M       5.7M        28M       3.2G

MemTotal:        4016004 kB
MemFree:          128640 kB
Active:           347496 kB
Mem:          3.8G       3.7G       125M       5.7M        28M       3.2G

MemTotal:        4016004 kB
MemFree:          128764 kB
Active:           347468 kB
Mem:          3.8G       3.7G       125M       5.7M        28M       3.2G

MemTotal:        4016004 kB
MemFree:          128764 kB
Active:           347448 kB
Mem:          3.8G       3.7G       125M       5.7M        28M       3.2G

MemTotal:        4016004 kB
MemFree:          128764 kB
Active:           347484 kB
Mem:          3.8G       3.7G       125M       5.7M        28M       3.2G

MemTotal:        4016004 kB
MemFree:          128268 kB
Active:           347508 kB
Mem:          3.8G       3.7G       125M       5.7M        28M       3.2G

MemTotal:        4016004 kB
MemFree:          128764 kB
Active:           347480 kB
Mem:          3.8G       3.7G       125M       5.7M        28M       3.2G

MemTotal:        4016004 kB
MemFree:          128764 kB
Active:           347468 kB
Mem:          3.8G       3.7G       125M       5.7M        28M       3.2G

MemTotal:        4016004 kB
MemFree:          128268 kB
Active:           347512 kB
Mem:          3.8G       3.7G       125M       5.7M        28M       3.2G

MemTotal:        4016004 kB
MemFree:          128764 kB
Active:           347496 kB
Mem:          3.8G       3.7G       125M       5.7M        28M       3.2G

MemTotal:        4016004 kB
MemFree:          128764 kB
Active:           347480 kB
Mem:          3.8G       3.7G       125M       5.7M        28M       3.2G

MemTotal:        4016004 kB
MemFree:          129012 kB
Active:           347516 kB
Mem:          3.8G       3.7G       125M       5.7M        28M       3.2G

MemTotal:        4016004 kB
MemFree:          128516 kB
Active:           347524 kB
Mem:          3.8G       3.7G       125M       5.7M        28M       3.2G

MemTotal:        4016004 kB
MemFree:          128888 kB
Active:           347496 kB
Mem:          3.8G       3.7G       125M       5.7M        28M       3.2G

MemTotal:        4016004 kB
MemFree:          128764 kB
Active:           347484 kB
Mem:          3.8G       3.7G       125M       5.7M        28M       3.2G

MemTotal:        4016004 kB
MemFree:          128888 kB
Active:           347516 kB
Mem:          3.8G       3.7G       125M       5.7M        28M       3.2G

MemTotal:        4016004 kB
MemFree:          128764 kB
Active:           347484 kB
Mem:          3.8G       3.7G       125M       5.7M        28M       3.2G

MemTotal:        4016004 kB
MemFree:          128888 kB
Active:           347540 kB
Mem:          3.8G       3.7G       125M       5.7M        28M       3.2G

MemTotal:        4016004 kB
MemFree:          129012 kB
Active:           347524 kB
Mem:          3.8G       3.7G       125M       5.7M        28M       3.2G

MemTotal:        4016004 kB
MemFree:          128392 kB
Active:           347540 kB
Mem:          3.8G       3.7G       125M       5.7M        28M       3.2G

MemTotal:        4016004 kB
MemFree:          128764 kB
Active:           347504 kB
Mem:          3.8G       3.7G       125M       5.7M        28M       3.2G

MemTotal:        4016004 kB
MemFree:          128236 kB
Active:           347544 kB
Mem:          3.8G       3.7G       125M       5.7M        28M       3.2G

MemTotal:        4016004 kB
MemFree:          128360 kB
Active:           347520 kB
Mem:          3.8G       3.7G       125M       5.7M        28M       3.2G

MemTotal:        4016004 kB
MemFree:          127988 kB
Active:           347552 kB
Mem:          3.8G       3.7G       124M       5.7M        28M       3.2G

MemTotal:        4016004 kB
MemFree:          128236 kB
Active:           347536 kB
Mem:          3.8G       3.7G       125M       5.7M        28M       3.2G

MemTotal:        4016004 kB
MemFree:          127988 kB
Active:           347512 kB
Mem:          3.8G       3.7G       124M       5.7M        28M       3.2G

MemTotal:        4016004 kB
MemFree:          128236 kB
Active:           347524 kB
Mem:          3.8G       3.7G       125M       5.7M        28M       3.2G

MemTotal:        4016004 kB
MemFree:          128112 kB
Active:           347544 kB
Mem:          3.8G       3.7G       125M       5.7M        28M       3.2G

MemTotal:        4016004 kB
MemFree:          128236 kB
Active:           347516 kB
Mem:          3.8G       3.7G       125M       5.7M        28M       3.2G

MemTotal:        4016004 kB
MemFree:          127864 kB
Active:           347556 kB
Mem:          3.8G       3.7G       125M       5.7M        28M       3.2G

MemTotal:        4016004 kB
MemFree:          127864 kB
Active:           347556 kB
Mem:          3.8G       3.7G       125M       5.7M        28M       3.2G

MemTotal:        4016004 kB
MemFree:          128236 kB
Active:           347536 kB
Mem:          3.8G       3.7G       125M       5.7M        28M       3.2G

MemTotal:        4016004 kB
MemFree:          128360 kB
Active:           347564 kB
Mem:          3.8G       3.7G       125M       5.7M        28M       3.2G

MemTotal:        4016004 kB
MemFree:          127864 kB
Active:           347596 kB
Mem:          3.8G       3.7G       125M       5.7M        28M       3.2G

MemTotal:        4016004 kB
MemFree:          128236 kB
Active:           347568 kB
Mem:          3.8G       3.7G       125M       5.7M        28M       3.2G

MemTotal:        4016004 kB
MemFree:          128096 kB
Active:           347640 kB
Mem:          3.8G       3.7G       125M       5.7M        28M       3.2G

