MemTotal:        4016004 kB
MemFree:         3225656 kB
Active:           435860 kB
Mem:          3.8G       772M       3.1G       5.7M        52M       321M

MemTotal:        4016004 kB
MemFree:         3225220 kB
Active:           436036 kB
Mem:          3.8G       772M       3.1G       5.7M        52M       321M

MemTotal:        4016004 kB
MemFree:         3224584 kB
Active:           436172 kB
Mem:          3.8G       772M       3.1G       5.7M        52M       321M

MemTotal:        4016004 kB
MemFree:         3224708 kB
Active:           436148 kB
Mem:          3.8G       772M       3.1G       5.7M        52M       321M

MemTotal:        4016004 kB
MemFree:         3225140 kB
Active:           434116 kB
Mem:          3.8G       772M       3.1G       5.7M        52M       321M

MemTotal:        4016004 kB
MemFree:         3225000 kB
Active:           436164 kB
Mem:          3.8G       772M       3.1G       5.7M        52M       321M

MemTotal:        4016004 kB
MemFree:         3224628 kB
Active:           436144 kB
Mem:          3.8G       773M       3.1G       5.7M        52M       321M

MemTotal:        4016004 kB
MemFree:         3224768 kB
Active:           436136 kB
Mem:          3.8G       772M       3.1G       5.7M        52M       321M

MemTotal:        4016004 kB
MemFree:         3224644 kB
Active:           436156 kB
Mem:          3.8G       773M       3.1G       5.7M        52M       321M

MemTotal:        4016004 kB
MemFree:         3224768 kB
Active:           436152 kB
Mem:          3.8G       773M       3.1G       5.7M        52M       321M

MemTotal:        4016004 kB
MemFree:         3224256 kB
Active:           436188 kB
Mem:          3.8G       772M       3.1G       5.7M        52M       321M

MemTotal:        4016004 kB
MemFree:         3224860 kB
Active:           436176 kB
Mem:          3.8G       772M       3.1G       5.7M        52M       321M

MemTotal:        4016004 kB
MemFree:         3224860 kB
Active:           436180 kB
Mem:          3.8G       772M       3.1G       5.7M        52M       321M

MemTotal:        4016004 kB
MemFree:         3224968 kB
Active:           436164 kB
Mem:          3.8G       772M       3.1G       5.7M        52M       321M

MemTotal:        4016004 kB
MemFree:         3215656 kB
Active:           443528 kB
Mem:          3.8G       781M       3.1G       5.7M        58M       321M

MemTotal:        4016004 kB
MemFree:         3215080 kB
Active:           444152 kB
Mem:          3.8G       782M       3.1G       5.7M        59M       321M

MemTotal:        4016004 kB
MemFree:         3215452 kB
Active:           444096 kB
Mem:          3.8G       781M       3.1G       5.7M        59M       321M

MemTotal:        4016004 kB
MemFree:         3215684 kB
Active:           444124 kB
Mem:          3.8G       781M       3.1G       5.7M        59M       321M

MemTotal:        4016004 kB
MemFree:         3215792 kB
Active:           444100 kB
Mem:          3.8G       781M       3.1G       5.7M        59M       321M

MemTotal:        4016004 kB
MemFree:         3215048 kB
Active:           444152 kB
Mem:          3.8G       782M       3.1G       5.7M        59M       321M

MemTotal:        4016004 kB
MemFree:         3214924 kB
Active:           444120 kB
Mem:          3.8G       782M       3.1G       5.7M        59M       321M

MemTotal:        4016004 kB
MemFree:         3214660 kB
Active:           444152 kB
Mem:          3.8G       782M       3.1G       5.7M        59M       321M

MemTotal:        4016004 kB
MemFree:         3215280 kB
Active:           444124 kB
Mem:          3.8G       781M       3.1G       5.7M        59M       321M

MemTotal:        4016004 kB
MemFree:         3215280 kB
Active:           444124 kB
Mem:          3.8G       781M       3.1G       5.7M        59M       321M

MemTotal:        4016004 kB
MemFree:         3215264 kB
Active:           444160 kB
Mem:          3.8G       782M       3.1G       5.7M        59M       321M

MemTotal:        4016004 kB
MemFree:         3215248 kB
Active:           444144 kB
Mem:          3.8G       781M       3.1G       5.7M        59M       321M

MemTotal:        4016004 kB
MemFree:         3215264 kB
Active:           444108 kB
Mem:          3.8G       781M       3.1G       5.7M        59M       321M

MemTotal:        4016004 kB
MemFree:         3215496 kB
Active:           444140 kB
Mem:          3.8G       781M       3.1G       5.7M        59M       321M

MemTotal:        4016004 kB
MemFree:         3215744 kB
Active:           444156 kB
Mem:          3.8G       781M       3.1G       5.7M        59M       321M

MemTotal:        4016004 kB
MemFree:         3214752 kB
Active:           444172 kB
Mem:          3.8G       781M       3.1G       5.7M        59M       321M

MemTotal:        4016004 kB
MemFree:         3215496 kB
Active:           444148 kB
Mem:          3.8G       781M       3.1G       5.7M        59M       321M

MemTotal:        4016004 kB
MemFree:         3215372 kB
Active:           444156 kB
Mem:          3.8G       781M       3.1G       5.7M        59M       321M

MemTotal:        4016004 kB
MemFree:         3215496 kB
Active:           444168 kB
Mem:          3.8G       781M       3.1G       5.7M        59M       321M

MemTotal:        4016004 kB
MemFree:         3213448 kB
Active:           444136 kB
Mem:          3.8G       783M       3.1G       5.7M        59M       321M

MemTotal:        4016004 kB
MemFree:         3213200 kB
Active:           446204 kB
Mem:          3.8G       783M       3.1G       5.7M        59M       321M

MemTotal:        4016004 kB
MemFree:         3213448 kB
Active:           446196 kB
Mem:          3.8G       783M       3.1G       5.7M        59M       321M

MemTotal:        4016004 kB
MemFree:         3213448 kB
Active:           446156 kB
Mem:          3.8G       783M       3.1G       5.7M        59M       321M

MemTotal:        4016004 kB
MemFree:         3213076 kB
Active:           446204 kB
Mem:          3.8G       784M       3.1G       5.7M        59M       321M

MemTotal:        4016004 kB
MemFree:         3213512 kB
Active:           446148 kB
Mem:          3.8G       783M       3.1G       5.7M        59M       321M

MemTotal:        4016004 kB
MemFree:         3213636 kB
Active:           446184 kB
Mem:          3.8G       783M       3.1G       5.7M        59M       321M

MemTotal:        4016004 kB
MemFree:         3213636 kB
Active:           446188 kB
Mem:          3.8G       783M       3.1G       5.7M        59M       321M

MemTotal:        4016004 kB
MemFree:         3213512 kB
Active:           446212 kB
Mem:          3.8G       783M       3.1G       5.7M        59M       321M

MemTotal:        4016004 kB
MemFree:         3213388 kB
Active:           446168 kB
Mem:          3.8G       784M       3.1G       5.7M        59M       321M

MemTotal:        4016004 kB
MemFree:         3213264 kB
Active:           446172 kB
Mem:          3.8G       783M       3.1G       5.7M        59M       321M

MemTotal:        4016004 kB
MemFree:         3213636 kB
Active:           446188 kB
Mem:          3.8G       783M       3.1G       5.7M        59M       321M

MemTotal:        4016004 kB
MemFree:         3213140 kB
Active:           446224 kB
Mem:          3.8G       783M       3.1G       5.7M        59M       321M

MemTotal:        4016004 kB
MemFree:         3213512 kB
Active:           446220 kB
Mem:          3.8G       783M       3.1G       5.7M        59M       321M

MemTotal:        4016004 kB
MemFree:         3213636 kB
Active:           446200 kB
Mem:          3.8G       783M       3.1G       5.7M        59M       321M

MemTotal:        4016004 kB
MemFree:         3213636 kB
Active:           446224 kB
Mem:          3.8G       783M       3.1G       5.7M        59M       321M

MemTotal:        4016004 kB
MemFree:         3213620 kB
Active:           446224 kB
Mem:          3.8G       783M       3.1G       5.7M        59M       321M

MemTotal:        4016004 kB
MemFree:         3213480 kB
Active:           446228 kB
Mem:          3.8G       783M       3.1G       5.7M        59M       321M

MemTotal:        4016004 kB
MemFree:         3213604 kB
Active:           446192 kB
Mem:          3.8G       783M       3.1G       5.7M        59M       321M

MemTotal:        4016004 kB
MemFree:         3212644 kB
Active:           446252 kB
Mem:          3.8G       784M       3.1G       5.7M        59M       321M

MemTotal:        4016004 kB
MemFree:         3213076 kB
Active:           444172 kB
Mem:          3.8G       784M       3.1G       5.7M        59M       321M

MemTotal:        4016004 kB
MemFree:         3212704 kB
Active:           444216 kB
Mem:          3.8G       784M       3.1G       5.7M        59M       321M

MemTotal:        4016004 kB
MemFree:         3212828 kB
Active:           444160 kB
Mem:          3.8G       784M       3.1G       5.7M        59M       321M

MemTotal:        4016004 kB
MemFree:         3212704 kB
Active:           446216 kB
Mem:          3.8G       784M       3.1G       5.7M        59M       321M

MemTotal:        4016004 kB
MemFree:         3212828 kB
Active:           446272 kB
Mem:          3.8G       784M       3.1G       5.7M        59M       321M

MemTotal:        4016004 kB
MemFree:         3212828 kB
Active:           446240 kB
Mem:          3.8G       784M       3.1G       5.7M        59M       321M

MemTotal:        4016004 kB
MemFree:         3212828 kB
Active:           446244 kB
Mem:          3.8G       784M       3.1G       5.7M        59M       321M

MemTotal:        4016004 kB
MemFree:         3212596 kB
Active:           446276 kB
Mem:          3.8G       784M       3.1G       5.7M        59M       321M

MemTotal:        4016004 kB
MemFree:         3212596 kB
Active:           446276 kB
Mem:          3.8G       784M       3.1G       5.7M        59M       321M

MemTotal:        4016004 kB
MemFree:         3213092 kB
Active:           446256 kB
Mem:          3.8G       783M       3.1G       5.7M        59M       321M

MemTotal:        4016004 kB
MemFree:         3213148 kB
Active:           444304 kB
Mem:          3.8G       783M       3.1G       5.7M        59M       321M

MemTotal:        4016004 kB
MemFree:         3212984 kB
Active:           446292 kB
Mem:          3.8G       783M       3.1G       5.7M        59M       321M

MemTotal:        4016004 kB
MemFree:         3213356 kB
Active:           446264 kB
Mem:          3.8G       783M       3.1G       5.7M        59M       321M

MemTotal:        4016004 kB
MemFree:         3213480 kB
Active:           446280 kB
Mem:          3.8G       783M       3.1G       5.7M        59M       321M

MemTotal:        4016004 kB
MemFree:         3213728 kB
Active:           446284 kB
Mem:          3.8G       783M       3.1G       5.7M        59M       321M

MemTotal:        4016004 kB
MemFree:         3213480 kB
Active:           446268 kB
Mem:          3.8G       783M       3.1G       5.7M        59M       321M

MemTotal:        4016004 kB
MemFree:         3213588 kB
Active:           446236 kB
Mem:          3.8G       783M       3.1G       5.7M        59M       321M

MemTotal:        4016004 kB
MemFree:         3213480 kB
Active:           446272 kB
Mem:          3.8G       783M       3.1G       5.7M        59M       321M

MemTotal:        4016004 kB
MemFree:         3213604 kB
Active:           446288 kB
Mem:          3.8G       783M       3.1G       5.7M        59M       321M

MemTotal:        4016004 kB
MemFree:         3213232 kB
Active:           446296 kB
Mem:          3.8G       783M       3.1G       5.7M        59M       321M

MemTotal:        4016004 kB
MemFree:         3213324 kB
Active:           444280 kB
Mem:          3.8G       783M       3.1G       5.7M        59M       321M

MemTotal:        4016004 kB
MemFree:         3213352 kB
Active:           444204 kB
Mem:          3.8G       783M       3.1G       5.7M        59M       321M

MemTotal:        4016004 kB
MemFree:         3213352 kB
Active:           446256 kB
Mem:          3.8G       783M       3.1G       5.7M        59M       321M

MemTotal:        4016004 kB
MemFree:         3213352 kB
Active:           446288 kB
Mem:          3.8G       783M       3.1G       5.7M        59M       321M

MemTotal:        4016004 kB
MemFree:         3213600 kB
Active:           446300 kB
Mem:          3.8G       783M       3.1G       5.7M        59M       321M

MemTotal:        4016004 kB
MemFree:         3213476 kB
Active:           446304 kB
Mem:          3.8G       783M       3.1G       5.7M        59M       321M

MemTotal:        4016004 kB
MemFree:         3213228 kB
Active:           446300 kB
Mem:          3.8G       783M       3.1G       5.7M        59M       321M

MemTotal:        4016004 kB
MemFree:         3213228 kB
Active:           446288 kB
Mem:          3.8G       783M       3.1G       5.7M        59M       321M

MemTotal:        4016004 kB
MemFree:         3213352 kB
Active:           446264 kB
Mem:          3.8G       783M       3.1G       5.7M        59M       321M

MemTotal:        4016004 kB
MemFree:         3212840 kB
Active:           446304 kB
Mem:          3.8G       784M       3.1G       5.7M        59M       321M

MemTotal:        4016004 kB
MemFree:         3212948 kB
Active:           446308 kB
Mem:          3.8G       784M       3.1G       5.7M        59M       321M

MemTotal:        4016004 kB
MemFree:         3213180 kB
Active:           446272 kB
Mem:          3.8G       784M       3.1G       5.7M        59M       321M

MemTotal:        4016004 kB
MemFree:         3213056 kB
Active:           446320 kB
Mem:          3.8G       783M       3.1G       5.7M        59M       321M

MemTotal:        4016004 kB
MemFree:         3213428 kB
Active:           446316 kB
Mem:          3.8G       783M       3.1G       5.7M        59M       321M

MemTotal:        4016004 kB
MemFree:         3213288 kB
Active:           446292 kB
Mem:          3.8G       783M       3.1G       5.7M        59M       321M

MemTotal:        4016004 kB
MemFree:         3213428 kB
Active:           446304 kB
Mem:          3.8G       783M       3.1G       5.7M        59M       321M

MemTotal:        4016004 kB
MemFree:         3213552 kB
Active:           446276 kB
Mem:          3.8G       784M       3.1G       5.7M        59M       321M

MemTotal:        4016004 kB
MemFree:         3213304 kB
Active:           446284 kB
Mem:          3.8G       783M       3.1G       5.7M        59M       321M

MemTotal:        4016004 kB
MemFree:         3213428 kB
Active:           446284 kB
Mem:          3.8G       784M       3.1G       5.7M        59M       321M

MemTotal:        4016004 kB
MemFree:         3213304 kB
Active:           446284 kB
Mem:          3.8G       783M       3.1G       5.7M        59M       321M

MemTotal:        4016004 kB
MemFree:         3213180 kB
Active:           446312 kB
Mem:          3.8G       783M       3.1G       5.7M        59M       321M

MemTotal:        4016004 kB
MemFree:         3213304 kB
Active:           446320 kB
Mem:          3.8G       783M       3.1G       5.7M        59M       321M

MemTotal:        4016004 kB
MemFree:         3213040 kB
Active:           446280 kB
Mem:          3.8G       784M       3.1G       5.7M        59M       321M

MemTotal:        4016004 kB
MemFree:         3213024 kB
Active:           446304 kB
Mem:          3.8G       784M       3.1G       5.7M        59M       321M

MemTotal:        4016004 kB
MemFree:         3212760 kB
Active:           446300 kB
Mem:          3.8G       784M       3.1G       5.7M        59M       322M

MemTotal:        4016004 kB
MemFree:         3213008 kB
Active:           446300 kB
Mem:          3.8G       784M       3.1G       5.7M        59M       322M

MemTotal:        4016004 kB
MemFree:         3213320 kB
Active:           446284 kB
Mem:          3.8G       784M       3.1G       5.7M        59M       322M

MemTotal:        4016004 kB
MemFree:         3213196 kB
Active:           446408 kB
Mem:          3.8G       784M       3.1G       5.7M        59M       322M

MemTotal:        4016004 kB
MemFree:         3024856 kB
Active:           448300 kB
Mem:          3.8G       967M       2.9G       5.7M        59M       500M

MemTotal:        4016004 kB
MemFree:         2969400 kB
Active:           446492 kB
Mem:          3.8G       1.0G       2.8G       5.7M        59M       552M

MemTotal:        4016004 kB
MemFree:         2960904 kB
Active:           448592 kB
Mem:          3.8G       1.0G       2.8G       5.7M        59M       560M

MemTotal:        4016004 kB
MemFree:         2956300 kB
Active:           448624 kB
Mem:          3.8G       1.0G       2.8G       5.7M        59M       564M

MemTotal:        4016004 kB
MemFree:         2949156 kB
Active:           448668 kB
Mem:          3.8G       1.0G       2.8G       5.7M        59M       571M

MemTotal:        4016004 kB
MemFree:         2610736 kB
Active:           449928 kB
Mem:          3.8G       1.3G       2.5G       5.7M        59M       892M

MemTotal:        4016004 kB
MemFree:         2582800 kB
Active:           450096 kB
Mem:          3.8G       1.4G       2.5G       5.7M        59M       919M

MemTotal:        4016004 kB
MemFree:         2500532 kB
Active:           450380 kB
Mem:          3.8G       1.4G       2.4G       5.7M        59M       997M

MemTotal:        4016004 kB
MemFree:         2461980 kB
Active:           450532 kB
Mem:          3.8G       1.5G       2.3G       5.7M        59M       1.0G

MemTotal:        4016004 kB
MemFree:         2447596 kB
Active:           450628 kB
Mem:          3.8G       1.5G       2.3G       5.7M        59M       1.0G

MemTotal:        4016004 kB
MemFree:         2371888 kB
Active:           450876 kB
Mem:          3.8G       1.6G       2.3G       5.7M        59M       1.1G

MemTotal:        4016004 kB
MemFree:         2348020 kB
Active:           449028 kB
Mem:          3.8G       1.6G       2.2G       5.7M        59M       1.1G

MemTotal:        4016004 kB
MemFree:         2348492 kB
Active:           451004 kB
Mem:          3.8G       1.6G       2.2G       5.7M        59M       1.1G

MemTotal:        4016004 kB
MemFree:         2342384 kB
Active:           450960 kB
Mem:          3.8G       1.6G       2.2G       5.7M        59M       1.1G

MemTotal:        4016004 kB
MemFree:         2275516 kB
Active:           451200 kB
Mem:          3.8G       1.7G       2.2G       5.7M        59M       1.2G

MemTotal:        4016004 kB
MemFree:         2166236 kB
Active:           451592 kB
Mem:          3.8G       1.8G       2.1G       5.7M        59M       1.3G

MemTotal:        4016004 kB
MemFree:         2160624 kB
Active:           451776 kB
Mem:          3.8G       1.8G       2.1G       5.7M        59M       1.3G

MemTotal:        4016004 kB
MemFree:         2160440 kB
Active:           451764 kB
Mem:          3.8G       1.8G       2.1G       5.7M        59M       1.3G

MemTotal:        4016004 kB
MemFree:         2160600 kB
Active:           451724 kB
Mem:          3.8G       1.8G       2.1G       5.7M        59M       1.3G

MemTotal:        4016004 kB
MemFree:         2144952 kB
Active:           451760 kB
Mem:          3.8G       1.8G       2.0G       5.7M        59M       1.3G

MemTotal:        4016004 kB
MemFree:         2053268 kB
Active:           452220 kB
Mem:          3.8G       1.9G       2.0G       5.7M        59M       1.4G

MemTotal:        4016004 kB
MemFree:         2049976 kB
Active:           450236 kB
Mem:          3.8G       1.9G       2.0G       5.7M        59M       1.4G

MemTotal:        4016004 kB
MemFree:         2031320 kB
Active:           452312 kB
Mem:          3.8G       1.9G       1.9G       5.7M        59M       1.4G

MemTotal:        4016004 kB
MemFree:         1828208 kB
Active:           453000 kB
Mem:          3.8G       2.1G       1.7G       5.7M        59M       1.6G

MemTotal:        4016004 kB
MemFree:         1778728 kB
Active:           453296 kB
Mem:          3.8G       2.1G       1.7G       5.7M        59M       1.6G

MemTotal:        4016004 kB
MemFree:         1778496 kB
Active:           453340 kB
Mem:          3.8G       2.1G       1.7G       5.7M        59M       1.6G

MemTotal:        4016004 kB
MemFree:         1778376 kB
Active:           453312 kB
Mem:          3.8G       2.1G       1.7G       5.7M        59M       1.6G

MemTotal:        4016004 kB
MemFree:         1778668 kB
Active:           453320 kB
Mem:          3.8G       2.1G       1.7G       5.7M        59M       1.6G

MemTotal:        4016004 kB
MemFree:         1746916 kB
Active:           453524 kB
Mem:          3.8G       2.2G       1.7G       5.7M        59M       1.7G

MemTotal:        4016004 kB
MemFree:         1741460 kB
Active:           453544 kB
Mem:          3.8G       2.2G       1.7G       5.7M        59M       1.7G

MemTotal:        4016004 kB
MemFree:         1739772 kB
Active:           453568 kB
Mem:          3.8G       2.2G       1.7G       5.7M        59M       1.7G

MemTotal:        4016004 kB
MemFree:         1723884 kB
Active:           453644 kB
Mem:          3.8G       2.2G       1.6G       5.7M        59M       1.7G

MemTotal:        4016004 kB
MemFree:         1540004 kB
Active:           454260 kB
Mem:          3.8G       2.4G       1.5G       5.7M        59M       1.9G

MemTotal:        4016004 kB
MemFree:         1526300 kB
Active:           454416 kB
Mem:          3.8G       2.4G       1.5G       5.7M        59M       1.9G

MemTotal:        4016004 kB
MemFree:         1493752 kB
Active:           454576 kB
Mem:          3.8G       2.4G       1.4G       5.7M        59M       1.9G

MemTotal:        4016004 kB
MemFree:         1332088 kB
Active:           455052 kB
Mem:          3.8G       2.6G       1.3G       5.7M        59M       2.1G

MemTotal:        4016004 kB
MemFree:         1256344 kB
Active:           455436 kB
Mem:          3.8G       2.6G       1.2G       5.7M        59M       2.1G

MemTotal:        4016004 kB
MemFree:         1162984 kB
Active:           455724 kB
Mem:          3.8G       2.7G       1.1G       5.7M        59M       2.2G

MemTotal:        4016004 kB
MemFree:          995468 kB
Active:           456444 kB
Mem:          3.8G       2.9G       971M       5.7M        59M       2.4G

MemTotal:        4016004 kB
MemFree:          908108 kB
Active:           456748 kB
Mem:          3.8G       3.0G       886M       5.7M        59M       2.5G

MemTotal:        4016004 kB
MemFree:          848460 kB
Active:           456940 kB
Mem:          3.8G       3.0G       828M       5.7M        59M       2.5G

MemTotal:        4016004 kB
MemFree:          826360 kB
Active:           457168 kB
Mem:          3.8G       3.0G       806M       5.7M        59M       2.5G

MemTotal:        4016004 kB
MemFree:          815776 kB
Active:           457232 kB
Mem:          3.8G       3.1G       795M       5.7M        59M       2.5G

MemTotal:        4016004 kB
MemFree:          808748 kB
Active:           457324 kB
Mem:          3.8G       3.1G       789M       5.7M        59M       2.5G

MemTotal:        4016004 kB
MemFree:          807808 kB
Active:           457336 kB
Mem:          3.8G       3.1G       789M       5.7M        59M       2.5G

MemTotal:        4016004 kB
MemFree:          662188 kB
Active:           457848 kB
Mem:          3.8G       3.2G       645M       5.7M        59M       2.7G

MemTotal:        4016004 kB
MemFree:          590248 kB
Active:           456188 kB
Mem:          3.8G       3.3G       576M       5.7M        59M       2.7G

MemTotal:        4016004 kB
MemFree:          529292 kB
Active:           458428 kB
Mem:          3.8G       3.3G       516M       5.7M        59M       2.8G

MemTotal:        4016004 kB
MemFree:          528424 kB
Active:           458432 kB
Mem:          3.8G       3.3G       515M       5.7M        59M       2.8G

MemTotal:        4016004 kB
MemFree:          528644 kB
Active:           458412 kB
Mem:          3.8G       3.3G       516M       5.7M        59M       2.8G

MemTotal:        4016004 kB
MemFree:          528772 kB
Active:           458424 kB
Mem:          3.8G       3.3G       516M       5.7M        59M       2.8G

MemTotal:        4016004 kB
MemFree:          379172 kB
Active:           458968 kB
Mem:          3.8G       3.5G       370M       5.7M        59M       2.9G

MemTotal:        4016004 kB
MemFree:          181160 kB
Active:           459608 kB
Mem:          3.8G       3.7G       176M       5.7M        59M       3.1G

MemTotal:        4016004 kB
MemFree:          146612 kB
Active:           471240 kB
Mem:          3.8G       3.7G       121M       5.7M        27M       3.2G

MemTotal:        4016004 kB
MemFree:          144920 kB
Active:           517232 kB
Mem:          3.8G       3.7G       141M       5.7M        27M       3.2G

MemTotal:        4016004 kB
MemFree:          145856 kB
Active:           508216 kB
Mem:          3.8G       3.7G       142M       5.7M        27M       3.2G

MemTotal:        4016004 kB
MemFree:          145488 kB
Active:           508120 kB
Mem:          3.8G       3.7G       141M       5.7M        27M       3.2G

MemTotal:        4016004 kB
MemFree:          144600 kB
Active:           506340 kB
Mem:          3.8G       3.7G       141M       5.7M        27M       3.2G

MemTotal:        4016004 kB
MemFree:          118228 kB
Active:           506176 kB
Mem:          3.8G       3.7G       115M       5.7M        27M       3.2G

MemTotal:        4016004 kB
MemFree:          135256 kB
Active:           496732 kB
Mem:          3.8G       3.7G       131M       5.7M        27M       3.2G

MemTotal:        4016004 kB
MemFree:          111168 kB
Active:           493016 kB
Mem:          3.8G       3.7G       108M       5.7M        27M       3.2G

MemTotal:        4016004 kB
MemFree:          115960 kB
Active:           491788 kB
Mem:          3.8G       3.7G       112M       5.7M        27M       3.2G

MemTotal:        4016004 kB
MemFree:          115416 kB
Active:           491824 kB
Mem:          3.8G       3.7G       112M       5.7M        27M       3.2G

MemTotal:        4016004 kB
MemFree:          115596 kB
Active:           491840 kB
Mem:          3.8G       3.7G       112M       5.7M        27M       3.2G

MemTotal:        4016004 kB
MemFree:          135968 kB
Active:           481596 kB
Mem:          3.8G       3.7G       132M       5.7M        27M       3.2G

MemTotal:        4016004 kB
MemFree:          126368 kB
Active:           472372 kB
Mem:          3.8G       3.7G       124M       5.7M        27M       3.2G

MemTotal:        4016004 kB
MemFree:          123020 kB
Active:           467524 kB
Mem:          3.8G       3.7G       120M       5.7M        27M       3.2G

MemTotal:        4016004 kB
MemFree:          121844 kB
Active:           467804 kB
Mem:          3.8G       3.7G       118M       5.7M        27M       3.2G

MemTotal:        4016004 kB
MemFree:          121504 kB
Active:           467712 kB
Mem:          3.8G       3.7G       118M       5.7M        27M       3.2G

MemTotal:        4016004 kB
MemFree:          121756 kB
Active:           467728 kB
Mem:          3.8G       3.7G       118M       5.7M        27M       3.2G

MemTotal:        4016004 kB
MemFree:          128176 kB
Active:           463404 kB
Mem:          3.8G       3.7G       125M       5.7M        27M       3.2G

MemTotal:        4016004 kB
MemFree:          126016 kB
Active:           462184 kB
Mem:          3.8G       3.7G       124M       5.7M        27M       3.2G

MemTotal:        4016004 kB
MemFree:          129128 kB
Active:           459956 kB
Mem:          3.8G       3.7G       125M       5.7M        27M       3.2G

MemTotal:        4016004 kB
MemFree:          128552 kB
Active:           460120 kB
Mem:          3.8G       3.7G       125M       5.7M        27M       3.2G

MemTotal:        4016004 kB
MemFree:          128276 kB
Active:           460156 kB
Mem:          3.8G       3.7G       125M       5.7M        27M       3.2G

MemTotal:        4016004 kB
MemFree:          117244 kB
Active:           459496 kB
Mem:          3.8G       3.7G       112M       5.7M        27M       3.2G

MemTotal:        4016004 kB
MemFree:          145524 kB
Active:           456344 kB
Mem:          3.8G       3.7G       141M       5.7M        27M       3.2G

MemTotal:        4016004 kB
MemFree:          125924 kB
Active:           454152 kB
Mem:          3.8G       3.7G       122M       5.7M        27M       3.2G

MemTotal:        4016004 kB
MemFree:          125316 kB
Active:           454220 kB
Mem:          3.8G       3.7G       122M       5.7M        27M       3.2G

MemTotal:        4016004 kB
MemFree:          125468 kB
Active:           454176 kB
Mem:          3.8G       3.7G       122M       5.7M        27M       3.2G

MemTotal:        4016004 kB
MemFree:          125728 kB
Active:           454164 kB
Mem:          3.8G       3.7G       122M       5.7M        27M       3.2G

MemTotal:        4016004 kB
MemFree:          140568 kB
Active:           448236 kB
Mem:          3.8G       3.7G       136M       5.7M        27M       3.2G

MemTotal:        4016004 kB
MemFree:          120292 kB
Active:           448292 kB
Mem:          3.8G       3.7G       117M       5.7M        27M       3.2G

MemTotal:        4016004 kB
MemFree:          119376 kB
Active:           448324 kB
Mem:          3.8G       3.7G       116M       5.7M        27M       3.2G

MemTotal:        4016004 kB
MemFree:          119100 kB
Active:           448288 kB
Mem:          3.8G       3.7G       116M       5.7M        27M       3.2G

MemTotal:        4016004 kB
MemFree:          119320 kB
Active:           448272 kB
Mem:          3.8G       3.7G       116M       5.7M        27M       3.2G

MemTotal:        4016004 kB
MemFree:          135784 kB
Active:           443544 kB
Mem:          3.8G       3.7G       132M       5.7M        27M       3.2G

MemTotal:        4016004 kB
MemFree:          111392 kB
Active:           438080 kB
Mem:          3.8G       3.7G       107M       5.7M        27M       3.2G

MemTotal:        4016004 kB
MemFree:          132828 kB
Active:           436772 kB
Mem:          3.8G       3.7G       129M       5.7M        27M       3.2G

MemTotal:        4016004 kB
MemFree:          132864 kB
Active:           436780 kB
Mem:          3.8G       3.7G       129M       5.7M        27M       3.2G

MemTotal:        4016004 kB
MemFree:          132588 kB
Active:           436736 kB
Mem:          3.8G       3.7G       129M       5.7M        27M       3.2G

MemTotal:        4016004 kB
MemFree:          107100 kB
Active:           436888 kB
Mem:          3.8G       3.7G       104M       5.7M        27M       3.2G

MemTotal:        4016004 kB
MemFree:          142752 kB
Active:           433292 kB
Mem:          3.8G       3.7G       138M       5.7M        27M       3.2G

MemTotal:        4016004 kB
MemFree:          120124 kB
Active:           432336 kB
Mem:          3.8G       3.7G       116M       5.7M        27M       3.2G

MemTotal:        4016004 kB
MemFree:          111676 kB
Active:           432404 kB
Mem:          3.8G       3.7G       108M       5.7M        27M       3.2G

MemTotal:        4016004 kB
MemFree:          111648 kB
Active:           432408 kB
Mem:          3.8G       3.7G       109M       5.7M        27M       3.2G

MemTotal:        4016004 kB
MemFree:          108828 kB
Active:           433244 kB
Mem:          3.8G       3.7G       106M       5.7M        27M       3.2G

MemTotal:        4016004 kB
MemFree:          135172 kB
Active:           432164 kB
Mem:          3.8G       3.7G       132M       5.7M        27M       3.2G

MemTotal:        4016004 kB
MemFree:          144044 kB
Active:           430068 kB
Mem:          3.8G       3.7G       140M       5.7M        27M       3.2G

MemTotal:        4016004 kB
MemFree:          132500 kB
Active:           430172 kB
Mem:          3.8G       3.7G       129M       5.7M        27M       3.2G

MemTotal:        4016004 kB
MemFree:          132244 kB
Active:           430128 kB
Mem:          3.8G       3.7G       129M       5.7M        27M       3.2G

MemTotal:        4016004 kB
MemFree:          132552 kB
Active:           430120 kB
Mem:          3.8G       3.7G       128M       5.7M        27M       3.2G

MemTotal:        4016004 kB
MemFree:          141660 kB
Active:           426896 kB
Mem:          3.8G       3.7G       138M       5.7M        27M       3.2G

MemTotal:        4016004 kB
MemFree:          149148 kB
Active:           425512 kB
Mem:          3.8G       3.7G       145M       5.7M        27M       3.2G

MemTotal:        4016004 kB
MemFree:          149228 kB
Active:           425408 kB
Mem:          3.8G       3.7G       145M       5.7M        27M       3.2G

MemTotal:        4016004 kB
MemFree:          149328 kB
Active:           425372 kB
Mem:          3.8G       3.7G       145M       5.7M        27M       3.2G

MemTotal:        4016004 kB
MemFree:          135208 kB
Active:           423512 kB
Mem:          3.8G       3.7G       131M       5.7M        27M       3.2G

MemTotal:        4016004 kB
MemFree:          135128 kB
Active:           419260 kB
Mem:          3.8G       3.7G       131M       5.7M        27M       3.2G

MemTotal:        4016004 kB
MemFree:          121324 kB
Active:           418472 kB
Mem:          3.8G       3.7G       118M       5.7M        27M       3.2G

MemTotal:        4016004 kB
MemFree:          112016 kB
Active:           418440 kB
Mem:          3.8G       3.7G       108M       5.7M        27M       3.2G

MemTotal:        4016004 kB
MemFree:          137240 kB
Active:           417668 kB
Mem:          3.8G       3.7G       133M       5.7M        27M       3.2G

MemTotal:        4016004 kB
MemFree:          122412 kB
Active:           415896 kB
Mem:          3.8G       3.7G       119M       5.7M        27M       3.2G

MemTotal:        4016004 kB
MemFree:          132584 kB
Active:           414868 kB
Mem:          3.8G       3.7G       129M       5.7M        27M       3.2G

MemTotal:        4016004 kB
MemFree:          114544 kB
Active:           414928 kB
Mem:          3.8G       3.7G       111M       5.7M        27M       3.2G

MemTotal:        4016004 kB
MemFree:          115624 kB
Active:           412076 kB
Mem:          3.8G       3.7G       112M       5.7M        27M       3.2G

MemTotal:        4016004 kB
MemFree:          120316 kB
Active:           411056 kB
Mem:          3.8G       3.7G       117M       5.7M        27M       3.2G

MemTotal:        4016004 kB
MemFree:          120564 kB
Active:           411052 kB
Mem:          3.8G       3.7G       117M       5.7M        27M       3.2G

MemTotal:        4016004 kB
MemFree:          120472 kB
Active:           411108 kB
Mem:          3.8G       3.7G       117M       5.7M        27M       3.2G

MemTotal:        4016004 kB
MemFree:          120944 kB
Active:           411064 kB
Mem:          3.8G       3.7G       117M       5.7M        27M       3.2G

MemTotal:        4016004 kB
MemFree:          127972 kB
Active:           410276 kB
Mem:          3.8G       3.7G       125M       5.7M        27M       3.2G

MemTotal:        4016004 kB
MemFree:          128104 kB
Active:           410276 kB
Mem:          3.8G       3.7G       125M       5.7M        27M       3.2G

MemTotal:        4016004 kB
MemFree:          143528 kB
Active:           409176 kB
Mem:          3.8G       3.7G       140M       5.7M        27M       3.2G

MemTotal:        4016004 kB
MemFree:          127004 kB
Active:           409344 kB
Mem:          3.8G       3.7G       123M       5.7M        27M       3.2G

MemTotal:        4016004 kB
MemFree:          125548 kB
Active:           409368 kB
Mem:          3.8G       3.7G       121M       5.7M        27M       3.2G

MemTotal:        4016004 kB
MemFree:          118420 kB
Active:           409536 kB
Mem:          3.8G       3.7G       115M       5.7M        27M       3.2G

MemTotal:        4016004 kB
MemFree:          107600 kB
Active:           409680 kB
Mem:          3.8G       3.7G       105M       5.7M        27M       3.2G

MemTotal:        4016004 kB
MemFree:          138004 kB
Active:           409732 kB
Mem:          3.8G       3.7G       134M       5.7M        27M       3.2G

MemTotal:        4016004 kB
MemFree:          137624 kB
Active:           409744 kB
Mem:          3.8G       3.7G       134M       5.7M        27M       3.2G

MemTotal:        4016004 kB
MemFree:          138032 kB
Active:           409792 kB
Mem:          3.8G       3.7G       134M       5.7M        27M       3.2G

MemTotal:        4016004 kB
MemFree:          124200 kB
Active:           410432 kB
Mem:          3.8G       3.7G       121M       5.7M        27M       3.2G

MemTotal:        4016004 kB
MemFree:          137180 kB
Active:           410572 kB
Mem:          3.8G       3.7G       133M       5.7M        27M       3.2G

MemTotal:        4016004 kB
MemFree:          110812 kB
Active:           410704 kB
Mem:          3.8G       3.7G       107M       5.7M        27M       3.2G

MemTotal:        4016004 kB
MemFree:          110164 kB
Active:           410688 kB
Mem:          3.8G       3.7G       106M       5.7M        27M       3.2G

MemTotal:        4016004 kB
MemFree:          109676 kB
Active:           410688 kB
Mem:          3.8G       3.7G       107M       5.7M        27M       3.2G

MemTotal:        4016004 kB
MemFree:          119432 kB
Active:           411136 kB
Mem:          3.8G       3.7G       116M       5.7M        27M       3.2G

MemTotal:        4016004 kB
MemFree:          144584 kB
Active:           411440 kB
Mem:          3.8G       3.7G       140M       5.7M        27M       3.2G

MemTotal:        4016004 kB
MemFree:          129888 kB
Active:           411528 kB
Mem:          3.8G       3.7G       126M       5.7M        27M       3.2G

MemTotal:        4016004 kB
MemFree:          129888 kB
Active:           411488 kB
Mem:          3.8G       3.7G       126M       5.7M        27M       3.2G

MemTotal:        4016004 kB
MemFree:          129520 kB
Active:           411512 kB
Mem:          3.8G       3.7G       126M       5.7M        27M       3.2G

MemTotal:        4016004 kB
MemFree:          129740 kB
Active:           411480 kB
Mem:          3.8G       3.7G       126M       5.7M        27M       3.2G

MemTotal:        4016004 kB
MemFree:          140428 kB
Active:           408812 kB
Mem:          3.8G       3.7G       137M       5.7M        27M       3.2G

MemTotal:        4016004 kB
MemFree:          129444 kB
Active:           409120 kB
Mem:          3.8G       3.7G       126M       5.7M        27M       3.2G

MemTotal:        4016004 kB
MemFree:          140276 kB
Active:           409092 kB
Mem:          3.8G       3.7G       137M       5.7M        27M       3.2G

MemTotal:        4016004 kB
MemFree:          140960 kB
Active:           409212 kB
Mem:          3.8G       3.7G       137M       5.7M        27M       3.2G

MemTotal:        4016004 kB
MemFree:          140948 kB
Active:           409528 kB
Mem:          3.8G       3.7G       137M       5.7M        27M       3.2G

MemTotal:        4016004 kB
MemFree:          143100 kB
Active:           406536 kB
Mem:          3.8G       3.7G       139M       5.7M        27M       3.2G

MemTotal:        4016004 kB
MemFree:          123316 kB
Active:           406592 kB
Mem:          3.8G       3.7G       120M       5.7M        27M       3.2G

MemTotal:        4016004 kB
MemFree:          133680 kB
Active:           406752 kB
Mem:          3.8G       3.7G       129M       5.7M        27M       3.2G

MemTotal:        4016004 kB
MemFree:          142160 kB
Active:           407004 kB
Mem:          3.8G       3.7G       138M       5.7M        27M       3.2G

MemTotal:        4016004 kB
MemFree:          128292 kB
Active:           407388 kB
Mem:          3.8G       3.7G       124M       5.7M        27M       3.2G

MemTotal:        4016004 kB
MemFree:          136416 kB
Active:           407700 kB
Mem:          3.8G       3.7G       132M       5.7M        27M       3.2G

MemTotal:        4016004 kB
MemFree:          137868 kB
Active:           406392 kB
Mem:          3.8G       3.7G       134M       5.7M        27M       3.2G

MemTotal:        4016004 kB
MemFree:          135340 kB
Active:           406464 kB
Mem:          3.8G       3.7G       131M       5.7M        27M       3.2G

MemTotal:        4016004 kB
MemFree:          134508 kB
Active:           406504 kB
Mem:          3.8G       3.7G       131M       5.7M        27M       3.2G

MemTotal:        4016004 kB
MemFree:          134448 kB
Active:           406488 kB
Mem:          3.8G       3.7G       131M       5.7M        27M       3.2G

MemTotal:        4016004 kB
MemFree:          134392 kB
Active:           406492 kB
Mem:          3.8G       3.7G       130M       5.7M        27M       3.2G

MemTotal:        4016004 kB
MemFree:          134340 kB
Active:           407004 kB
Mem:          3.8G       3.7G       131M       5.7M        27M       3.2G

MemTotal:        4016004 kB
MemFree:          140492 kB
Active:           407288 kB
Mem:          3.8G       3.7G       136M       5.7M        27M       3.2G

MemTotal:        4016004 kB
MemFree:          135268 kB
Active:           407400 kB
Mem:          3.8G       3.7G       132M       5.7M        27M       3.2G

MemTotal:        4016004 kB
MemFree:          135700 kB
Active:           407400 kB
Mem:          3.8G       3.7G       132M       5.7M        27M       3.2G

MemTotal:        4016004 kB
MemFree:          135364 kB
Active:           407360 kB
Mem:          3.8G       3.7G       132M       5.7M        27M       3.2G

MemTotal:        4016004 kB
MemFree:          139288 kB
Active:           407600 kB
Mem:          3.8G       3.7G       135M       5.7M        27M       3.2G

MemTotal:        4016004 kB
MemFree:          124180 kB
Active:           407012 kB
Mem:          3.8G       3.7G       120M       5.7M        27M       3.2G

MemTotal:        4016004 kB
MemFree:          127256 kB
Active:           407036 kB
Mem:          3.8G       3.7G       124M       5.7M        27M       3.2G

MemTotal:        4016004 kB
MemFree:          127072 kB
Active:           407048 kB
Mem:          3.8G       3.7G       124M       5.7M        27M       3.2G

MemTotal:        4016004 kB
MemFree:          126768 kB
Active:           407068 kB
Mem:          3.8G       3.7G       123M       5.7M        27M       3.2G

MemTotal:        4016004 kB
MemFree:          142072 kB
Active:           407348 kB
Mem:          3.8G       3.7G       138M       5.7M        27M       3.2G

MemTotal:        4016004 kB
MemFree:          138584 kB
Active:           407768 kB
Mem:          3.8G       3.7G       135M       5.7M        27M       3.2G

MemTotal:        4016004 kB
MemFree:          132904 kB
Active:           408112 kB
Mem:          3.8G       3.7G       129M       5.7M        27M       3.2G

MemTotal:        4016004 kB
MemFree:          133004 kB
Active:           408168 kB
Mem:          3.8G       3.7G       129M       5.7M        27M       3.2G

MemTotal:        4016004 kB
MemFree:          132324 kB
Active:           408176 kB
Mem:          3.8G       3.7G       128M       5.7M        27M       3.2G

MemTotal:        4016004 kB
MemFree:          132392 kB
Active:           408120 kB
Mem:          3.8G       3.7G       129M       5.7M        27M       3.2G

MemTotal:        4016004 kB
MemFree:          143108 kB
Active:           400188 kB
Mem:          3.8G       3.7G       140M       5.7M        27M       3.2G

MemTotal:        4016004 kB
MemFree:          129332 kB
Active:           400448 kB
Mem:          3.8G       3.7G       126M       5.7M        27M       3.2G

MemTotal:        4016004 kB
MemFree:          129300 kB
Active:           400404 kB
Mem:          3.8G       3.7G       126M       5.7M        27M       3.2G

MemTotal:        4016004 kB
MemFree:          129428 kB
Active:           400452 kB
Mem:          3.8G       3.7G       126M       5.7M        27M       3.2G

MemTotal:        4016004 kB
MemFree:          139152 kB
Active:           400776 kB
Mem:          3.8G       3.7G       135M       5.7M        27M       3.2G

MemTotal:        4016004 kB
MemFree:          132868 kB
Active:           401032 kB
Mem:          3.8G       3.7G       130M       5.7M        27M       3.2G

MemTotal:        4016004 kB
MemFree:          128364 kB
Active:           401300 kB
Mem:          3.8G       3.7G       125M       5.7M        27M       3.2G

MemTotal:        4016004 kB
MemFree:          127844 kB
Active:           401336 kB
Mem:          3.8G       3.7G       124M       5.7M        27M       3.2G

MemTotal:        4016004 kB
MemFree:          128000 kB
Active:           401292 kB
Mem:          3.8G       3.7G       125M       5.7M        27M       3.2G

MemTotal:        4016004 kB
MemFree:          133244 kB
Active:           401460 kB
Mem:          3.8G       3.7G       130M       5.7M        27M       3.2G

MemTotal:        4016004 kB
MemFree:          118064 kB
Active:           399080 kB
Mem:          3.8G       3.7G       115M       5.7M        27M       3.2G

MemTotal:        4016004 kB
MemFree:          141960 kB
Active:           399244 kB
Mem:          3.8G       3.7G       138M       5.7M        27M       3.2G

MemTotal:        4016004 kB
MemFree:          141672 kB
Active:           399296 kB
Mem:          3.8G       3.7G       138M       5.7M        27M       3.2G

MemTotal:        4016004 kB
MemFree:          141860 kB
Active:           399296 kB
Mem:          3.8G       3.7G       138M       5.7M        27M       3.2G

MemTotal:        4016004 kB
MemFree:          136492 kB
Active:           399684 kB
Mem:          3.8G       3.7G       133M       5.7M        27M       3.2G

MemTotal:        4016004 kB
MemFree:          125524 kB
Active:           399772 kB
Mem:          3.8G       3.7G       122M       5.7M        27M       3.2G

MemTotal:        4016004 kB
MemFree:          125544 kB
Active:           400192 kB
Mem:          3.8G       3.7G       122M       5.7M        27M       3.2G

MemTotal:        4016004 kB
MemFree:          125172 kB
Active:           400336 kB
Mem:          3.8G       3.7G       121M       5.7M        27M       3.2G

MemTotal:        4016004 kB
MemFree:          118880 kB
Active:           400816 kB
Mem:          3.8G       3.7G       125M       5.7M        27M       3.2G

MemTotal:        4016004 kB
MemFree:          124456 kB
Active:           399216 kB
Mem:          3.8G       3.7G       121M       5.7M        27M       3.2G

MemTotal:        4016004 kB
MemFree:          110548 kB
Active:           399396 kB
Mem:          3.8G       3.7G       107M       5.7M        27M       3.2G

MemTotal:        4016004 kB
MemFree:          110456 kB
Active:           399340 kB
Mem:          3.8G       3.7G       107M       5.7M        27M       3.2G

MemTotal:        4016004 kB
MemFree:          104776 kB
Active:           399520 kB
Mem:          3.8G       3.7G       102M       5.7M        27M       3.2G

MemTotal:        4016004 kB
MemFree:          133476 kB
Active:           399900 kB
Mem:          3.8G       3.7G       130M       5.7M        27M       3.2G

MemTotal:        4016004 kB
MemFree:          104892 kB
Active:           399924 kB
Mem:          3.8G       3.7G       107M       5.7M        27M       3.2G

MemTotal:        4016004 kB
MemFree:          128576 kB
Active:           400092 kB
Mem:          3.8G       3.7G       125M       5.7M        27M       3.2G

MemTotal:        4016004 kB
MemFree:          128548 kB
Active:           400036 kB
Mem:          3.8G       3.7G       125M       5.7M        27M       3.2G

MemTotal:        4016004 kB
MemFree:          128304 kB
Active:           400092 kB
Mem:          3.8G       3.7G       125M       5.7M        27M       3.2G

MemTotal:        4016004 kB
MemFree:          114176 kB
Active:           400712 kB
Mem:          3.8G       3.7G       120M       5.7M        27M       3.2G

MemTotal:        4016004 kB
MemFree:          130484 kB
Active:           400936 kB
Mem:          3.8G       3.7G       127M       5.7M        27M       3.2G

MemTotal:        4016004 kB
MemFree:          130640 kB
Active:           400940 kB
Mem:          3.8G       3.7G       127M       5.7M        27M       3.2G

MemTotal:        4016004 kB
MemFree:          130864 kB
Active:           400940 kB
Mem:          3.8G       3.7G       127M       5.7M        27M       3.2G

MemTotal:        4016004 kB
MemFree:          107692 kB
Active:           400888 kB
Mem:          3.8G       3.7G       105M       5.7M        27M       3.2G

MemTotal:        4016004 kB
MemFree:          143844 kB
Active:           398488 kB
Mem:          3.8G       3.7G       140M       5.7M        27M       3.2G

MemTotal:        4016004 kB
MemFree:          130716 kB
Active:           398636 kB
Mem:          3.8G       3.7G       127M       5.7M        27M       3.2G

MemTotal:        4016004 kB
MemFree:          141512 kB
Active:           398900 kB
Mem:          3.8G       3.7G       138M       5.7M        27M       3.2G

MemTotal:        4016004 kB
MemFree:          141952 kB
Active:           398912 kB
Mem:          3.8G       3.7G       138M       5.7M        27M       3.2G

MemTotal:        4016004 kB
MemFree:          141240 kB
Active:           398920 kB
Mem:          3.8G       3.7G       137M       5.7M        27M       3.2G

MemTotal:        4016004 kB
MemFree:          119520 kB
Active:           399036 kB
Mem:          3.8G       3.7G       115M       5.7M        27M       3.2G

MemTotal:        4016004 kB
MemFree:          121868 kB
Active:           399352 kB
Mem:          3.8G       3.7G       118M       5.7M        27M       3.2G

MemTotal:        4016004 kB
MemFree:          122856 kB
Active:           399652 kB
Mem:          3.8G       3.7G       119M       5.7M        27M       3.2G

MemTotal:        4016004 kB
MemFree:          131848 kB
Active:           399884 kB
Mem:          3.8G       3.7G       128M       5.7M        27M       3.2G

MemTotal:        4016004 kB
MemFree:          131976 kB
Active:           399912 kB
Mem:          3.8G       3.7G       128M       5.7M        27M       3.2G

MemTotal:        4016004 kB
MemFree:          131552 kB
Active:           399928 kB
Mem:          3.8G       3.7G       128M       5.7M        27M       3.2G

MemTotal:        4016004 kB
MemFree:          137732 kB
Active:           400352 kB
Mem:          3.8G       3.7G       133M       5.7M        27M       3.2G

MemTotal:        4016004 kB
MemFree:          125836 kB
Active:           400664 kB
Mem:          3.8G       3.7G       123M       5.7M        27M       3.2G

MemTotal:        4016004 kB
MemFree:          130064 kB
Active:           397888 kB
Mem:          3.8G       3.7G       126M       5.7M        27M       3.2G

MemTotal:        4016004 kB
MemFree:          125924 kB
Active:           398060 kB
Mem:          3.8G       3.7G       122M       5.7M        27M       3.2G

MemTotal:        4016004 kB
MemFree:          121000 kB
Active:           398204 kB
Mem:          3.8G       3.7G       118M       5.7M        27M       3.2G

MemTotal:        4016004 kB
MemFree:          127584 kB
Active:           398360 kB
Mem:          3.8G       3.7G       124M       5.7M        27M       3.2G

MemTotal:        4016004 kB
MemFree:          121168 kB
Active:           398588 kB
Mem:          3.8G       3.7G       117M       5.7M        27M       3.2G

MemTotal:        4016004 kB
MemFree:          120584 kB
Active:           398696 kB
Mem:          3.8G       3.7G       117M       5.7M        27M       3.2G

MemTotal:        4016004 kB
MemFree:          120684 kB
Active:           398660 kB
Mem:          3.8G       3.7G       117M       5.7M        27M       3.2G

MemTotal:        4016004 kB
MemFree:          120780 kB
Active:           398648 kB
Mem:          3.8G       3.7G       117M       5.7M        27M       3.2G

MemTotal:        4016004 kB
MemFree:          113208 kB
Active:           399188 kB
Mem:          3.8G       3.7G       110M       5.7M        27M       3.2G

MemTotal:        4016004 kB
MemFree:          127068 kB
Active:           399360 kB
Mem:          3.8G       3.7G       123M       5.7M        27M       3.2G

MemTotal:        4016004 kB
MemFree:          126228 kB
Active:           399432 kB
Mem:          3.8G       3.7G       123M       5.7M        27M       3.2G

MemTotal:        4016004 kB
MemFree:          126452 kB
Active:           399460 kB
Mem:          3.8G       3.7G       123M       5.7M        27M       3.2G

MemTotal:        4016004 kB
MemFree:          124428 kB
Active:           399484 kB
Mem:          3.8G       3.7G       119M       5.7M        27M       3.2G

MemTotal:        4016004 kB
MemFree:          124420 kB
Active:           399912 kB
Mem:          3.8G       3.7G       121M       5.7M        27M       3.2G

MemTotal:        4016004 kB
MemFree:          111812 kB
Active:           400260 kB
Mem:          3.8G       3.7G       109M       5.7M        27M       3.2G

MemTotal:        4016004 kB
MemFree:          129836 kB
Active:           400432 kB
Mem:          3.8G       3.7G       126M       5.7M        27M       3.2G

MemTotal:        4016004 kB
MemFree:          129588 kB
Active:           400464 kB
Mem:          3.8G       3.7G       126M       5.7M        27M       3.2G

MemTotal:        4016004 kB
MemFree:          129932 kB
Active:           400452 kB
Mem:          3.8G       3.7G       126M       5.7M        27M       3.2G

MemTotal:        4016004 kB
MemFree:          129812 kB
Active:           400488 kB
Mem:          3.8G       3.7G       126M       5.7M        27M       3.2G

MemTotal:        4016004 kB
MemFree:          129816 kB
Active:           401024 kB
Mem:          3.8G       3.7G       126M       5.7M        27M       3.2G

MemTotal:        4016004 kB
MemFree:          127856 kB
Active:           401008 kB
Mem:          3.8G       3.7G       125M       5.7M        27M       3.2G

MemTotal:        4016004 kB
MemFree:          127984 kB
Active:           401244 kB
Mem:          3.8G       3.7G       125M       5.7M        27M       3.2G

MemTotal:        4016004 kB
MemFree:          128420 kB
Active:           401256 kB
Mem:          3.8G       3.7G       125M       5.7M        27M       3.2G

MemTotal:        4016004 kB
MemFree:          126772 kB
Active:           401616 kB
Mem:          3.8G       3.7G       123M       5.7M        27M       3.2G

MemTotal:        4016004 kB
MemFree:          127360 kB
Active:           401980 kB
Mem:          3.8G       3.7G       123M       5.7M        27M       3.2G

MemTotal:        4016004 kB
MemFree:          135116 kB
Active:           402096 kB
Mem:          3.8G       3.7G       131M       5.7M        27M       3.2G

MemTotal:        4016004 kB
MemFree:          127668 kB
Active:           402244 kB
Mem:          3.8G       3.7G       124M       5.7M        27M       3.2G

MemTotal:        4016004 kB
MemFree:          125788 kB
Active:           402784 kB
Mem:          3.8G       3.7G       123M       5.7M        27M       3.2G

MemTotal:        4016004 kB
MemFree:          104972 kB
Active:           402872 kB
Mem:          3.8G       3.7G       107M       5.7M        27M       3.2G

MemTotal:        4016004 kB
MemFree:          111588 kB
Active:           403152 kB
Mem:          3.8G       3.7G       109M       5.7M        27M       3.2G

MemTotal:        4016004 kB
MemFree:          112740 kB
Active:           403136 kB
Mem:          3.8G       3.7G       109M       5.7M        27M       3.2G

MemTotal:        4016004 kB
MemFree:          112372 kB
Active:           403136 kB
Mem:          3.8G       3.7G       109M       5.7M        27M       3.2G

MemTotal:        4016004 kB
MemFree:          107252 kB
Active:           403616 kB
Mem:          3.8G       3.7G       105M       5.7M        27M       3.2G

MemTotal:        4016004 kB
MemFree:          121612 kB
Active:           403636 kB
Mem:          3.8G       3.7G       117M       5.7M        27M       3.2G

MemTotal:        4016004 kB
MemFree:          152816 kB
Active:           403916 kB
Mem:          3.8G       3.7G       149M       5.7M        27M       3.2G

MemTotal:        4016004 kB
MemFree:          153220 kB
Active:           403880 kB
Mem:          3.8G       3.7G       149M       5.7M        27M       3.2G

MemTotal:        4016004 kB
MemFree:          153224 kB
Active:           403884 kB
Mem:          3.8G       3.7G       149M       5.7M        27M       3.2G

MemTotal:        4016004 kB
MemFree:          132664 kB
Active:           404156 kB
Mem:          3.8G       3.7G       129M       5.7M        27M       3.2G

MemTotal:        4016004 kB
MemFree:          135484 kB
Active:           404716 kB
Mem:          3.8G       3.7G       132M       5.7M        27M       3.2G

MemTotal:        4016004 kB
MemFree:          119356 kB
Active:           404968 kB
Mem:          3.8G       3.7G       116M       5.7M        27M       3.2G

MemTotal:        4016004 kB
MemFree:          119080 kB
Active:           404956 kB
Mem:          3.8G       3.7G       116M       5.7M        27M       3.2G

MemTotal:        4016004 kB
MemFree:          119184 kB
Active:           404968 kB
Mem:          3.8G       3.7G       116M       5.7M        27M       3.2G

MemTotal:        4016004 kB
MemFree:          119260 kB
Active:           404968 kB
Mem:          3.8G       3.7G       116M       5.7M        27M       3.2G

MemTotal:        4016004 kB
MemFree:          115488 kB
Active:           405280 kB
Mem:          3.8G       3.7G       112M       5.7M        27M       3.2G

MemTotal:        4016004 kB
MemFree:          149328 kB
Active:           405732 kB
Mem:          3.8G       3.7G       145M       5.7M        27M       3.2G

MemTotal:        4016004 kB
MemFree:          121172 kB
Active:           406292 kB
Mem:          3.8G       3.7G       125M       5.7M        27M       3.2G

MemTotal:        4016004 kB
MemFree:          145516 kB
Active:           406656 kB
Mem:          3.8G       3.7G       142M       5.7M        27M       3.2G

MemTotal:        4016004 kB
MemFree:          145516 kB
Active:           406636 kB
Mem:          3.8G       3.7G       142M       5.7M        27M       3.2G

MemTotal:        4016004 kB
MemFree:          145280 kB
Active:           406672 kB
Mem:          3.8G       3.7G       142M       5.7M        27M       3.2G

MemTotal:        4016004 kB
MemFree:          116260 kB
Active:           406820 kB
Mem:          3.8G       3.7G       111M       5.7M        27M       3.2G

MemTotal:        4016004 kB
MemFree:          121620 kB
Active:           407244 kB
Mem:          3.8G       3.7G       118M       5.7M        27M       3.2G

MemTotal:        4016004 kB
MemFree:          121308 kB
Active:           407580 kB
Mem:          3.8G       3.7G       118M       5.7M        27M       3.2G

MemTotal:        4016004 kB
MemFree:          116224 kB
Active:           407704 kB
Mem:          3.8G       3.7G       113M       5.7M        27M       3.2G

MemTotal:        4016004 kB
MemFree:          116256 kB
Active:           407680 kB
Mem:          3.8G       3.7G       113M       5.7M        27M       3.2G

MemTotal:        4016004 kB
MemFree:          116516 kB
Active:           407692 kB
Mem:          3.8G       3.7G       113M       5.7M        27M       3.2G

MemTotal:        4016004 kB
MemFree:          140068 kB
Active:           407720 kB
Mem:          3.8G       3.7G       135M       5.7M        27M       3.2G

MemTotal:        4016004 kB
MemFree:          133336 kB
Active:           408248 kB
Mem:          3.8G       3.7G       129M       5.7M        27M       3.2G

MemTotal:        4016004 kB
MemFree:          123768 kB
Active:           408596 kB
Mem:          3.8G       3.7G       120M       5.7M        27M       3.2G

MemTotal:        4016004 kB
MemFree:          141456 kB
Active:           408748 kB
Mem:          3.8G       3.7G       138M       5.7M        27M       3.2G

MemTotal:        4016004 kB
MemFree:          141492 kB
Active:           408716 kB
Mem:          3.8G       3.7G       138M       5.7M        27M       3.2G

MemTotal:        4016004 kB
MemFree:          116500 kB
Active:           408864 kB
Mem:          3.8G       3.7G       112M       5.7M        27M       3.2G

MemTotal:        4016004 kB
MemFree:          129040 kB
Active:           409204 kB
Mem:          3.8G       3.7G       126M       5.7M        27M       3.2G

MemTotal:        4016004 kB
MemFree:          114680 kB
Active:           409556 kB
Mem:          3.8G       3.7G       111M       5.7M        27M       3.2G

MemTotal:        4016004 kB
MemFree:          127448 kB
Active:           409764 kB
Mem:          3.8G       3.7G       123M       5.7M        27M       3.2G

MemTotal:        4016004 kB
MemFree:          135508 kB
Active:           409920 kB
Mem:          3.8G       3.7G       132M       5.7M        27M       3.2G

MemTotal:        4016004 kB
MemFree:          126056 kB
Active:           410120 kB
Mem:          3.8G       3.7G       122M       5.7M        27M       3.2G

MemTotal:        4016004 kB
MemFree:          121172 kB
Active:           410268 kB
Mem:          3.8G       3.7G       117M       5.7M        27M       3.2G

MemTotal:        4016004 kB
MemFree:          131564 kB
Active:           410420 kB
Mem:          3.8G       3.7G       128M       5.7M        27M       3.2G

MemTotal:        4016004 kB
MemFree:          132244 kB
Active:           410392 kB
Mem:          3.8G       3.7G       129M       5.7M        27M       3.2G

MemTotal:        4016004 kB
MemFree:          129128 kB
Active:           410872 kB
Mem:          3.8G       3.7G       125M       5.7M        27M       3.2G

MemTotal:        4016004 kB
MemFree:          123764 kB
Active:           411200 kB
Mem:          3.8G       3.7G       120M       5.7M        27M       3.2G

MemTotal:        4016004 kB
MemFree:          127536 kB
Active:           411472 kB
Mem:          3.8G       3.7G       124M       5.7M        27M       3.2G

MemTotal:        4016004 kB
MemFree:          127736 kB
Active:           411536 kB
Mem:          3.8G       3.7G       124M       5.7M        27M       3.2G

MemTotal:        4016004 kB
MemFree:          127748 kB
Active:           411548 kB
Mem:          3.8G       3.7G       124M       5.7M        27M       3.2G

MemTotal:        4016004 kB
MemFree:          139876 kB
Active:           411560 kB
Mem:          3.8G       3.7G       136M       5.7M        27M       3.2G

MemTotal:        4016004 kB
MemFree:          124496 kB
Active:           412088 kB
Mem:          3.8G       3.7G       121M       5.7M        27M       3.2G

MemTotal:        4016004 kB
MemFree:          141808 kB
Active:           412300 kB
Mem:          3.8G       3.7G       138M       5.7M        27M       3.2G

MemTotal:        4016004 kB
MemFree:          107512 kB
Active:           412540 kB
Mem:          3.8G       3.7G       104M       5.7M        27M       3.2G

MemTotal:        4016004 kB
MemFree:          107388 kB
Active:           412592 kB
Mem:          3.8G       3.7G       104M       5.7M        27M       3.2G

MemTotal:        4016004 kB
MemFree:          107704 kB
Active:           412604 kB
Mem:          3.8G       3.7G       105M       5.7M        27M       3.2G

MemTotal:        4016004 kB
MemFree:          129356 kB
Active:           412708 kB
Mem:          3.8G       3.7G       126M       5.7M        27M       3.2G

MemTotal:        4016004 kB
MemFree:          105752 kB
Active:           413100 kB
Mem:          3.8G       3.7G       103M       5.7M        27M       3.2G

MemTotal:        4016004 kB
MemFree:          105040 kB
Active:           413100 kB
Mem:          3.8G       3.7G       102M       5.7M        27M       3.2G

MemTotal:        4016004 kB
MemFree:          138080 kB
Active:           413616 kB
Mem:          3.8G       3.7G       138M       5.7M        27M       3.2G

MemTotal:        4016004 kB
MemFree:          138280 kB
Active:           413884 kB
Mem:          3.8G       3.7G       134M       5.7M        27M       3.2G

MemTotal:        4016004 kB
MemFree:          122700 kB
Active:           414104 kB
Mem:          3.8G       3.7G       119M       5.7M        27M       3.2G

MemTotal:        4016004 kB
MemFree:          122112 kB
Active:           414092 kB
Mem:          3.8G       3.7G       119M       5.7M        27M       3.2G

MemTotal:        4016004 kB
MemFree:          122176 kB
Active:           414084 kB
Mem:          3.8G       3.7G       119M       5.7M        27M       3.2G

MemTotal:        4016004 kB
MemFree:          122396 kB
Active:           414108 kB
Mem:          3.8G       3.7G       119M       5.7M        27M       3.2G

MemTotal:        4016004 kB
MemFree:          133600 kB
Active:           414620 kB
Mem:          3.8G       3.7G       130M       5.7M        27M       3.2G

MemTotal:        4016004 kB
MemFree:          113120 kB
Active:           414924 kB
Mem:          3.8G       3.7G       110M       5.7M        27M       3.2G

MemTotal:        4016004 kB
MemFree:          129976 kB
Active:           415140 kB
Mem:          3.8G       3.7G       126M       5.7M        27M       3.2G

MemTotal:        4016004 kB
MemFree:          129860 kB
Active:           415128 kB
Mem:          3.8G       3.7G       126M       5.7M        27M       3.2G

MemTotal:        4016004 kB
MemFree:          129056 kB
Active:           415124 kB
Mem:          3.8G       3.7G       125M       5.7M        27M       3.2G

MemTotal:        4016004 kB
MemFree:          129124 kB
Active:           415128 kB
Mem:          3.8G       3.7G       126M       5.7M        27M       3.2G

MemTotal:        4016004 kB
MemFree:          135992 kB
Active:           415636 kB
Mem:          3.8G       3.7G       132M       5.7M        27M       3.2G

MemTotal:        4016004 kB
MemFree:          122924 kB
Active:           415872 kB
Mem:          3.8G       3.7G       119M       5.7M        27M       3.2G

MemTotal:        4016004 kB
MemFree:          122504 kB
Active:           416012 kB
Mem:          3.8G       3.7G       119M       5.7M        27M       3.2G

MemTotal:        4016004 kB
MemFree:          122600 kB
Active:           416036 kB
Mem:          3.8G       3.7G       119M       5.7M        27M       3.2G

MemTotal:        4016004 kB
MemFree:          122852 kB
Active:           416040 kB
Mem:          3.8G       3.7G       120M       5.7M        27M       3.2G

MemTotal:        4016004 kB
MemFree:          128088 kB
Active:           416684 kB
Mem:          3.8G       3.7G       125M       5.7M        27M       3.2G

MemTotal:        4016004 kB
MemFree:          125148 kB
Active:           416736 kB
Mem:          3.8G       3.7G       122M       5.7M        27M       3.2G

MemTotal:        4016004 kB
MemFree:          113108 kB
Active:           416952 kB
Mem:          3.8G       3.7G       110M       5.7M        27M       3.2G

MemTotal:        4016004 kB
MemFree:          112676 kB
Active:           417020 kB
Mem:          3.8G       3.7G       109M       5.7M        27M       3.2G

MemTotal:        4016004 kB
MemFree:          112680 kB
Active:           417036 kB
Mem:          3.8G       3.7G       110M       5.7M        27M       3.2G

MemTotal:        4016004 kB
MemFree:          122372 kB
Active:           417476 kB
Mem:          3.8G       3.7G       119M       5.7M        27M       3.2G

MemTotal:        4016004 kB
MemFree:          121020 kB
Active:           417736 kB
Mem:          3.8G       3.7G       118M       5.7M        27M       3.2G

MemTotal:        4016004 kB
MemFree:          118440 kB
Active:           417928 kB
Mem:          3.8G       3.7G       115M       5.7M        27M       3.2G

MemTotal:        4016004 kB
MemFree:          118788 kB
Active:           417904 kB
Mem:          3.8G       3.7G       116M       5.7M        27M       3.2G

MemTotal:        4016004 kB
MemFree:          140220 kB
Active:           417920 kB
Mem:          3.8G       3.7G       136M       5.7M        27M       3.2G

MemTotal:        4016004 kB
MemFree:          140140 kB
Active:           418016 kB
Mem:          3.8G       3.7G       136M       5.7M        27M       3.2G

MemTotal:        4016004 kB
MemFree:          124884 kB
Active:           418656 kB
Mem:          3.8G       3.7G       121M       5.7M        27M       3.2G

MemTotal:        4016004 kB
MemFree:          146944 kB
Active:           418808 kB
Mem:          3.8G       3.7G       143M       5.7M        27M       3.2G

MemTotal:        4016004 kB
MemFree:          147332 kB
Active:           418768 kB
Mem:          3.8G       3.7G       143M       5.7M        27M       3.2G

MemTotal:        4016004 kB
MemFree:          147448 kB
Active:           418768 kB
Mem:          3.8G       3.7G       144M       5.7M        27M       3.2G

MemTotal:        4016004 kB
MemFree:          134532 kB
Active:           419412 kB
Mem:          3.8G       3.7G       130M       5.7M        28M       3.2G

MemTotal:        4016004 kB
MemFree:          133616 kB
Active:           419436 kB
Mem:          3.8G       3.7G       130M       5.7M        28M       3.2G

MemTotal:        4016004 kB
MemFree:          133928 kB
Active:           419388 kB
Mem:          3.8G       3.7G       130M       5.7M        28M       3.2G

MemTotal:        4016004 kB
MemFree:          118672 kB
Active:           419920 kB
Mem:          3.8G       3.7G       115M       5.7M        28M       3.2G

MemTotal:        4016004 kB
MemFree:          133652 kB
Active:           420212 kB
Mem:          3.8G       3.7G       130M       5.7M        28M       3.2G

MemTotal:        4016004 kB
MemFree:          133996 kB
Active:           420484 kB
Mem:          3.8G       3.7G       130M       5.7M        28M       3.2G

MemTotal:        4016004 kB
MemFree:          127484 kB
Active:           420636 kB
Mem:          3.8G       3.7G       124M       5.7M        28M       3.2G

MemTotal:        4016004 kB
MemFree:          139556 kB
Active:           420808 kB
Mem:          3.8G       3.7G       136M       5.7M        28M       3.2G

MemTotal:        4016004 kB
MemFree:          139340 kB
Active:           420824 kB
Mem:          3.8G       3.7G       136M       5.7M        28M       3.2G

MemTotal:        4016004 kB
MemFree:          106620 kB
Active:           421168 kB
Mem:          3.8G       3.7G       104M       5.7M        28M       3.2G

MemTotal:        4016004 kB
MemFree:          120008 kB
Active:           421592 kB
Mem:          3.8G       3.7G       116M       5.7M        28M       3.2G

MemTotal:        4016004 kB
MemFree:          141156 kB
Active:           421772 kB
Mem:          3.8G       3.7G       137M       5.7M        28M       3.2G

MemTotal:        4016004 kB
MemFree:          140816 kB
Active:           421756 kB
Mem:          3.8G       3.7G       137M       5.7M        28M       3.2G

MemTotal:        4016004 kB
MemFree:          135348 kB
Active:           422068 kB
Mem:          3.8G       3.7G       132M       5.7M        28M       3.2G

MemTotal:        4016004 kB
MemFree:          135536 kB
Active:           422100 kB
Mem:          3.8G       3.7G       132M       5.7M        28M       3.2G

MemTotal:        4016004 kB
MemFree:          135480 kB
Active:           422144 kB
Mem:          3.8G       3.7G       132M       5.7M        28M       3.2G

MemTotal:        4016004 kB
MemFree:          129208 kB
Active:           422192 kB
Mem:          3.8G       3.7G       130M       5.7M        28M       3.2G

MemTotal:        4016004 kB
MemFree:          107544 kB
Active:           422732 kB
Mem:          3.8G       3.7G       105M       5.7M        28M       3.2G

MemTotal:        4016004 kB
MemFree:          134844 kB
Active:           422696 kB
Mem:          3.8G       3.7G       131M       5.7M        28M       3.2G

MemTotal:        4016004 kB
MemFree:          134512 kB
Active:           422900 kB
Mem:          3.8G       3.7G       131M       5.7M        28M       3.2G

MemTotal:        4016004 kB
MemFree:          134764 kB
Active:           422908 kB
Mem:          3.8G       3.7G       131M       5.7M        28M       3.2G

MemTotal:        4016004 kB
MemFree:          125456 kB
Active:           423588 kB
Mem:          3.8G       3.7G       122M       5.7M        28M       3.2G

MemTotal:        4016004 kB
MemFree:          125692 kB
Active:           423772 kB
Mem:          3.8G       3.7G       122M       5.7M        28M       3.2G

MemTotal:        4016004 kB
MemFree:          127604 kB
Active:           423876 kB
Mem:          3.8G       3.7G       124M       5.7M        28M       3.2G

MemTotal:        4016004 kB
MemFree:          114152 kB
Active:           424232 kB
Mem:          3.8G       3.7G       111M       5.7M        28M       3.2G

MemTotal:        4016004 kB
MemFree:          109748 kB
Active:           424380 kB
Mem:          3.8G       3.7G       106M       5.7M        28M       3.2G

MemTotal:        4016004 kB
MemFree:          136400 kB
Active:           424508 kB
Mem:          3.8G       3.7G       132M       5.7M        28M       3.2G

MemTotal:        4016004 kB
MemFree:          133548 kB
Active:           424536 kB
Mem:          3.8G       3.7G       130M       5.7M        28M       3.2G

MemTotal:        4016004 kB
MemFree:          133900 kB
Active:           424704 kB
Mem:          3.8G       3.7G       130M       5.7M        28M       3.2G

MemTotal:        4016004 kB
MemFree:          118280 kB
Active:           424860 kB
Mem:          3.8G       3.7G       114M       5.7M        28M       3.2G

MemTotal:        4016004 kB
MemFree:          138500 kB
Active:           425140 kB
Mem:          3.8G       3.7G       135M       5.7M        28M       3.2G

MemTotal:        4016004 kB
MemFree:          127256 kB
Active:           425412 kB
Mem:          3.8G       3.7G       123M       5.7M        28M       3.2G

MemTotal:        4016004 kB
MemFree:          126980 kB
Active:           425472 kB
Mem:          3.8G       3.7G       123M       5.7M        28M       3.2G

MemTotal:        4016004 kB
MemFree:          126888 kB
Active:           425456 kB
Mem:          3.8G       3.7G       124M       5.7M        28M       3.2G

MemTotal:        4016004 kB
MemFree:          106600 kB
Active:           425760 kB
Mem:          3.8G       3.7G       104M       5.7M        28M       3.2G

MemTotal:        4016004 kB
MemFree:          112372 kB
Active:           425884 kB
Mem:          3.8G       3.7G       109M       5.7M        28M       3.2G

MemTotal:        4016004 kB
MemFree:          114736 kB
Active:           426172 kB
Mem:          3.8G       3.7G       111M       5.7M        28M       3.2G

MemTotal:        4016004 kB
MemFree:          125584 kB
Active:           426424 kB
Mem:          3.8G       3.7G       122M       5.7M        28M       3.2G

MemTotal:        4016004 kB
MemFree:          125340 kB
Active:           426392 kB
Mem:          3.8G       3.7G       122M       5.7M        28M       3.2G

MemTotal:        4016004 kB
MemFree:          125280 kB
Active:           426428 kB
Mem:          3.8G       3.7G       122M       5.7M        28M       3.2G

MemTotal:        4016004 kB
MemFree:          144972 kB
Active:           426404 kB
Mem:          3.8G       3.7G       142M       5.7M        28M       3.2G

MemTotal:        4016004 kB
MemFree:          120260 kB
Active:           426652 kB
Mem:          3.8G       3.7G       117M       5.7M        28M       3.2G

MemTotal:        4016004 kB
MemFree:          126388 kB
Active:           427144 kB
Mem:          3.8G       3.7G       123M       5.7M        28M       3.2G

MemTotal:        4016004 kB
MemFree:          125936 kB
Active:           427212 kB
Mem:          3.8G       3.7G       123M       5.7M        28M       3.2G

MemTotal:        4016004 kB
MemFree:          126064 kB
Active:           427160 kB
Mem:          3.8G       3.7G       122M       5.7M        28M       3.2G

MemTotal:        4016004 kB
MemFree:          127020 kB
Active:           427176 kB
Mem:          3.8G       3.7G       122M       5.7M        28M       3.2G

MemTotal:        4016004 kB
MemFree:          116088 kB
Active:           427492 kB
Mem:          3.8G       3.7G       112M       5.7M        28M       3.2G

MemTotal:        4016004 kB
MemFree:          140596 kB
Active:           428032 kB
Mem:          3.8G       3.7G       143M       5.7M        28M       3.2G

MemTotal:        4016004 kB
MemFree:          147428 kB
Active:           428116 kB
Mem:          3.8G       3.7G       144M       5.7M        28M       3.2G

MemTotal:        4016004 kB
MemFree:          147336 kB
Active:           428100 kB
Mem:          3.8G       3.7G       144M       5.7M        28M       3.2G

MemTotal:        4016004 kB
MemFree:          147808 kB
Active:           428104 kB
Mem:          3.8G       3.7G       144M       5.7M        28M       3.2G

MemTotal:        4016004 kB
MemFree:          145596 kB
Active:           428388 kB
Mem:          3.8G       3.7G       141M       5.7M        28M       3.2G

MemTotal:        4016004 kB
MemFree:          126108 kB
Active:           428848 kB
Mem:          3.8G       3.7G       122M       5.7M        28M       3.2G

MemTotal:        4016004 kB
MemFree:          130856 kB
Active:           428880 kB
Mem:          3.8G       3.7G       127M       5.7M        28M       3.2G

MemTotal:        4016004 kB
MemFree:          130704 kB
Active:           428860 kB
Mem:          3.8G       3.7G       128M       5.7M        28M       3.2G

MemTotal:        4016004 kB
MemFree:          131548 kB
Active:           428892 kB
Mem:          3.8G       3.7G       128M       5.7M        28M       3.2G

MemTotal:        4016004 kB
MemFree:          126148 kB
Active:           429524 kB
Mem:          3.8G       3.7G       122M       5.7M        28M       3.2G

MemTotal:        4016004 kB
MemFree:          135736 kB
Active:           429720 kB
Mem:          3.8G       3.7G       132M       5.7M        28M       3.2G

MemTotal:        4016004 kB
MemFree:          126836 kB
Active:           429912 kB
Mem:          3.8G       3.7G       123M       5.7M        28M       3.2G

MemTotal:        4016004 kB
MemFree:          126272 kB
Active:           430040 kB
Mem:          3.8G       3.7G       122M       5.7M        28M       3.2G

MemTotal:        4016004 kB
MemFree:          126028 kB
Active:           429992 kB
Mem:          3.8G       3.7G       123M       5.7M        28M       3.2G

MemTotal:        4016004 kB
MemFree:          126780 kB
Active:           429992 kB
Mem:          3.8G       3.7G       123M       5.7M        28M       3.2G

MemTotal:        4016004 kB
MemFree:          135772 kB
Active:           430172 kB
Mem:          3.8G       3.7G       131M       5.7M        28M       3.2G

MemTotal:        4016004 kB
MemFree:          142656 kB
Active:           430808 kB
Mem:          3.8G       3.7G       139M       5.7M        28M       3.2G

MemTotal:        4016004 kB
MemFree:          128380 kB
Active:           430940 kB
Mem:          3.8G       3.7G       125M       5.7M        28M       3.2G

MemTotal:        4016004 kB
MemFree:          128012 kB
Active:           430956 kB
Mem:          3.8G       3.7G       124M       5.7M        28M       3.2G

MemTotal:        4016004 kB
MemFree:          127984 kB
Active:           430932 kB
Mem:          3.8G       3.7G       125M       5.7M        28M       3.2G

MemTotal:        4016004 kB
MemFree:          132692 kB
Active:           431540 kB
Mem:          3.8G       3.7G       129M       5.7M        28M       3.2G

MemTotal:        4016004 kB
MemFree:          121384 kB
Active:           431524 kB
Mem:          3.8G       3.7G       118M       5.7M        28M       3.2G

MemTotal:        4016004 kB
MemFree:          128980 kB
Active:           431708 kB
Mem:          3.8G       3.7G       125M       5.7M        28M       3.2G

MemTotal:        4016004 kB
MemFree:          129228 kB
Active:           431748 kB
Mem:          3.8G       3.7G       126M       5.7M        28M       3.2G

MemTotal:        4016004 kB
MemFree:          129328 kB
Active:           431760 kB
Mem:          3.8G       3.7G       126M       5.7M        28M       3.2G

MemTotal:        4016004 kB
MemFree:          112576 kB
Active:           431916 kB
Mem:          3.8G       3.7G       108M       5.7M        28M       3.2G

MemTotal:        4016004 kB
MemFree:          129580 kB
Active:           432580 kB
Mem:          3.8G       3.7G       126M       5.7M        28M       3.2G

MemTotal:        4016004 kB
MemFree:          119220 kB
Active:           432720 kB
Mem:          3.8G       3.7G       116M       5.7M        28M       3.2G

MemTotal:        4016004 kB
MemFree:          119536 kB
Active:           432760 kB
Mem:          3.8G       3.7G       116M       5.7M        28M       3.2G

MemTotal:        4016004 kB
MemFree:          128788 kB
Active:           432908 kB
Mem:          3.8G       3.7G       125M       5.7M        28M       3.2G

MemTotal:        4016004 kB
MemFree:          138648 kB
Active:           433176 kB
Mem:          3.8G       3.7G       135M       5.7M        28M       3.2G

MemTotal:        4016004 kB
MemFree:          121424 kB
Active:           433320 kB
Mem:          3.8G       3.7G       118M       5.7M        28M       3.2G

MemTotal:        4016004 kB
MemFree:          126356 kB
Active:           433712 kB
Mem:          3.8G       3.7G       123M       5.7M        28M       3.2G

MemTotal:        4016004 kB
MemFree:          135824 kB
Active:           433956 kB
Mem:          3.8G       3.7G       132M       5.7M        28M       3.2G

MemTotal:        4016004 kB
MemFree:          130436 kB
Active:           434064 kB
Mem:          3.8G       3.7G       127M       5.7M        28M       3.2G

MemTotal:        4016004 kB
MemFree:          130848 kB
Active:           434064 kB
Mem:          3.8G       3.7G       126M       5.7M        28M       3.2G

MemTotal:        4016004 kB
MemFree:          136656 kB
Active:           434448 kB
Mem:          3.8G       3.7G       133M       5.7M        28M       3.2G

MemTotal:        4016004 kB
MemFree:          120068 kB
Active:           434684 kB
Mem:          3.8G       3.7G       116M       5.7M        28M       3.2G

MemTotal:        4016004 kB
MemFree:          129956 kB
Active:           434816 kB
Mem:          3.8G       3.7G       127M       5.7M        28M       3.2G

MemTotal:        4016004 kB
MemFree:          113628 kB
Active:           435056 kB
Mem:          3.8G       3.7G       110M       5.7M        28M       3.2G

MemTotal:        4016004 kB
MemFree:          131512 kB
Active:           435204 kB
Mem:          3.8G       3.7G       128M       5.7M        28M       3.2G

MemTotal:        4016004 kB
MemFree:          138704 kB
Active:           435360 kB
Mem:          3.8G       3.7G       135M       5.7M        28M       3.2G

MemTotal:        4016004 kB
MemFree:          132524 kB
Active:           435540 kB
Mem:          3.8G       3.7G       128M       5.7M        28M       3.2G

MemTotal:        4016004 kB
MemFree:          127264 kB
Active:           435676 kB
Mem:          3.8G       3.7G       124M       5.7M        28M       3.2G

MemTotal:        4016004 kB
MemFree:          119116 kB
Active:           435848 kB
Mem:          3.8G       3.7G       116M       5.7M        28M       3.2G

MemTotal:        4016004 kB
MemFree:          145336 kB
Active:           436020 kB
Mem:          3.8G       3.7G       141M       5.7M        28M       3.2G

MemTotal:        4016004 kB
MemFree:          144740 kB
Active:           436148 kB
Mem:          3.8G       3.7G       141M       5.7M        28M       3.2G

MemTotal:        4016004 kB
MemFree:          145188 kB
Active:           436160 kB
Mem:          3.8G       3.7G       141M       5.7M        28M       3.2G

MemTotal:        4016004 kB
MemFree:          145008 kB
Active:           436188 kB
Mem:          3.8G       3.7G       141M       5.7M        28M       3.2G

MemTotal:        4016004 kB
MemFree:          113692 kB
Active:           436572 kB
Mem:          3.8G       3.7G       110M       5.7M        28M       3.2G

MemTotal:        4016004 kB
MemFree:          147156 kB
Active:           436852 kB
Mem:          3.8G       3.7G       143M       5.7M        28M       3.1G

MemTotal:        4016004 kB
MemFree:          131872 kB
Active:           436928 kB
Mem:          3.8G       3.7G       128M       5.7M        28M       3.2G

MemTotal:        4016004 kB
MemFree:          131720 kB
Active:           436892 kB
Mem:          3.8G       3.7G       128M       5.7M        28M       3.2G

MemTotal:        4016004 kB
MemFree:          131848 kB
Active:           436920 kB
Mem:          3.8G       3.7G       128M       5.7M        28M       3.2G

MemTotal:        4016004 kB
MemFree:          137428 kB
Active:           437300 kB
Mem:          3.8G       3.7G       133M       5.7M        28M       3.2G

MemTotal:        4016004 kB
MemFree:          108976 kB
Active:           437652 kB
Mem:          3.8G       3.7G       106M       5.7M        28M       3.2G

MemTotal:        4016004 kB
MemFree:          136340 kB
Active:           437884 kB
Mem:          3.8G       3.7G       132M       5.7M        28M       3.2G

MemTotal:        4016004 kB
MemFree:          136124 kB
Active:           437864 kB
Mem:          3.8G       3.7G       132M       5.7M        28M       3.2G

MemTotal:        4016004 kB
MemFree:          136468 kB
Active:           437880 kB
Mem:          3.8G       3.7G       133M       5.7M        28M       3.2G

MemTotal:        4016004 kB
MemFree:          135812 kB
Active:           438316 kB
Mem:          3.8G       3.7G       132M       5.7M        28M       3.2G

MemTotal:        4016004 kB
MemFree:          124780 kB
Active:           438564 kB
Mem:          3.8G       3.7G       122M       5.7M        28M       3.2G

MemTotal:        4016004 kB
MemFree:          126316 kB
Active:           438828 kB
Mem:          3.8G       3.7G       122M       5.7M        28M       3.2G

MemTotal:        4016004 kB
MemFree:          130844 kB
Active:           438964 kB
Mem:          3.8G       3.7G       127M       5.7M        28M       3.2G

MemTotal:        4016004 kB
MemFree:          130880 kB
Active:           438960 kB
Mem:          3.8G       3.7G       128M       5.7M        28M       3.2G

MemTotal:        4016004 kB
MemFree:          139952 kB
Active:           439084 kB
Mem:          3.8G       3.7G       136M       5.7M        28M       3.2G

MemTotal:        4016004 kB
MemFree:          136732 kB
Active:           439632 kB
Mem:          3.8G       3.7G       132M       5.7M        28M       3.2G

MemTotal:        4016004 kB
MemFree:          124976 kB
Active:           439788 kB
Mem:          3.8G       3.7G       122M       5.7M        28M       3.2G

MemTotal:        4016004 kB
MemFree:          124624 kB
Active:           439784 kB
Mem:          3.8G       3.7G       121M       5.7M        28M       3.2G

MemTotal:        4016004 kB
MemFree:          124916 kB
Active:           439788 kB
Mem:          3.8G       3.7G       121M       5.7M        28M       3.2G

MemTotal:        4016004 kB
MemFree:          132660 kB
Active:           439960 kB
Mem:          3.8G       3.7G       136M       5.7M        28M       3.2G

MemTotal:        4016004 kB
MemFree:          107884 kB
Active:           440528 kB
Mem:          3.8G       3.7G       105M       5.7M        28M       3.2G

MemTotal:        4016004 kB
MemFree:          108040 kB
Active:           440536 kB
Mem:          3.8G       3.7G       105M       5.7M        28M       3.2G

MemTotal:        4016004 kB
MemFree:          108172 kB
Active:           440564 kB
Mem:          3.8G       3.7G       105M       5.7M        28M       3.2G

MemTotal:        4016004 kB
MemFree:          138428 kB
Active:           440572 kB
Mem:          3.8G       3.7G       135M       5.7M        28M       3.2G

MemTotal:        4016004 kB
MemFree:          116664 kB
Active:           441208 kB
Mem:          3.8G       3.7G       114M       5.7M        28M       3.2G

MemTotal:        4016004 kB
MemFree:          122372 kB
Active:           441508 kB
Mem:          3.8G       3.7G       118M       5.7M        28M       3.2G

MemTotal:        4016004 kB
MemFree:          126868 kB
Active:           441708 kB
Mem:          3.8G       3.7G       123M       5.7M        28M       3.2G

MemTotal:        4016004 kB
MemFree:          126776 kB
Active:           441720 kB
Mem:          3.8G       3.7G       123M       5.7M        28M       3.2G

MemTotal:        4016004 kB
MemFree:          126748 kB
Active:           441712 kB
Mem:          3.8G       3.7G       123M       5.7M        28M       3.2G

MemTotal:        4016004 kB
MemFree:          140328 kB
Active:           441860 kB
Mem:          3.8G       3.7G       136M       5.7M        28M       3.2G

MemTotal:        4016004 kB
MemFree:          229604 kB
Active:           380784 kB
Mem:          3.8G       3.6G       224M       5.7M        28M       3.1G

MemTotal:        4016004 kB
MemFree:         3301740 kB
Active:           356392 kB
Mem:          3.8G       697M       3.1G       5.7M        28M       263M

MemTotal:        4016004 kB
MemFree:         3348100 kB
Active:           356208 kB
Mem:          3.8G       651M       3.2G       5.7M        28M       219M

MemTotal:        4016004 kB
MemFree:         3386400 kB
Active:           356056 kB
Mem:          3.8G       614M       3.2G       5.7M        28M       183M

MemTotal:        4016004 kB
MemFree:         3386200 kB
Active:           355792 kB
Mem:          3.8G       615M       3.2G       5.7M        28M       183M

MemTotal:        4016004 kB
MemFree:         3386448 kB
Active:           355784 kB
Mem:          3.8G       614M       3.2G       5.7M        28M       183M

MemTotal:        4016004 kB
MemFree:         3386572 kB
Active:           355804 kB
Mem:          3.8G       614M       3.2G       5.7M        28M       183M

MemTotal:        4016004 kB
MemFree:         3387068 kB
Active:           355804 kB
Mem:          3.8G       614M       3.2G       5.7M        28M       183M

MemTotal:        4016004 kB
MemFree:         3386696 kB
Active:           355852 kB
Mem:          3.8G       614M       3.2G       5.7M        28M       183M

MemTotal:        4016004 kB
MemFree:         3386944 kB
Active:           355812 kB
Mem:          3.8G       614M       3.2G       5.7M        28M       183M

MemTotal:        4016004 kB
MemFree:         3386696 kB
Active:           355804 kB
Mem:          3.8G       614M       3.2G       5.7M        28M       183M

MemTotal:        4016004 kB
MemFree:         3386696 kB
Active:           355816 kB
Mem:          3.8G       614M       3.2G       5.7M        28M       183M

MemTotal:        4016004 kB
MemFree:         3386820 kB
Active:           355844 kB
Mem:          3.8G       614M       3.2G       5.7M        28M       183M

MemTotal:        4016004 kB
MemFree:         3385888 kB
Active:           356012 kB
Mem:          3.8G       614M       3.2G       5.7M        28M       184M

MemTotal:        4016004 kB
MemFree:         3386572 kB
Active:           355996 kB
Mem:          3.8G       614M       3.2G       5.7M        28M       184M

MemTotal:        4016004 kB
MemFree:         3386200 kB
Active:           355972 kB
Mem:          3.8G       615M       3.2G       5.7M        28M       184M

MemTotal:        4016004 kB
MemFree:         3386324 kB
Active:           355980 kB
Mem:          3.8G       615M       3.2G       5.7M        28M       184M

MemTotal:        4016004 kB
MemFree:         3386324 kB
Active:           356000 kB
Mem:          3.8G       615M       3.2G       5.7M        28M       184M

MemTotal:        4016004 kB
MemFree:         3386324 kB
Active:           355972 kB
Mem:          3.8G       614M       3.2G       5.7M        28M       184M

MemTotal:        4016004 kB
MemFree:         3386200 kB
Active:           355980 kB
Mem:          3.8G       615M       3.2G       5.7M        28M       184M

MemTotal:        4016004 kB
MemFree:         3385952 kB
Active:           356020 kB
Mem:          3.8G       615M       3.2G       5.7M        28M       184M

MemTotal:        4016004 kB
MemFree:         3386324 kB
Active:           355992 kB
Mem:          3.8G       615M       3.2G       5.7M        28M       184M

MemTotal:        4016004 kB
MemFree:         3385952 kB
Active:           355976 kB
Mem:          3.8G       615M       3.2G       5.7M        28M       184M

MemTotal:        4016004 kB
MemFree:         3385952 kB
Active:           355992 kB
Mem:          3.8G       615M       3.2G       5.7M        28M       184M

MemTotal:        4016004 kB
MemFree:         3385952 kB
Active:           356004 kB
Mem:          3.8G       615M       3.2G       5.7M        28M       184M

MemTotal:        4016004 kB
MemFree:         3385952 kB
Active:           356020 kB
Mem:          3.8G       615M       3.2G       5.7M        28M       184M

MemTotal:        4016004 kB
MemFree:         3385952 kB
Active:           356024 kB
Mem:          3.8G       615M       3.2G       5.7M        28M       184M

MemTotal:        4016004 kB
MemFree:         3386076 kB
Active:           355988 kB
Mem:          3.8G       615M       3.2G       5.7M        28M       184M

MemTotal:        4016004 kB
MemFree:         3386076 kB
Active:           355980 kB
Mem:          3.8G       615M       3.2G       5.7M        28M       184M

MemTotal:        4016004 kB
MemFree:         3386276 kB
Active:           355988 kB
Mem:          3.8G       615M       3.2G       5.7M        28M       184M

MemTotal:        4016004 kB
MemFree:         3386448 kB
Active:           356012 kB
Mem:          3.8G       614M       3.2G       5.7M        28M       184M

MemTotal:        4016004 kB
MemFree:         3386448 kB
Active:           355976 kB
Mem:          3.8G       614M       3.2G       5.7M        28M       184M

MemTotal:        4016004 kB
MemFree:         3385936 kB
Active:           356032 kB
Mem:          3.8G       615M       3.2G       5.7M        28M       184M

MemTotal:        4016004 kB
MemFree:         3386076 kB
Active:           356032 kB
Mem:          3.8G       615M       3.2G       5.7M        28M       184M

MemTotal:        4016004 kB
MemFree:         3386448 kB
Active:           356028 kB
Mem:          3.8G       614M       3.2G       5.7M        28M       184M

MemTotal:        4016004 kB
MemFree:         3386448 kB
Active:           356036 kB
Mem:          3.8G       615M       3.2G       5.7M        28M       184M

MemTotal:        4016004 kB
MemFree:         3386076 kB
Active:           356036 kB
Mem:          3.8G       614M       3.2G       5.7M        28M       184M

MemTotal:        4016004 kB
MemFree:         3386200 kB
Active:           356036 kB
Mem:          3.8G       614M       3.2G       5.7M        28M       184M

MemTotal:        4016004 kB
MemFree:         3386448 kB
Active:           355996 kB
Mem:          3.8G       614M       3.2G       5.7M        28M       184M

MemTotal:        4016004 kB
MemFree:         3386324 kB
Active:           356036 kB
Mem:          3.8G       614M       3.2G       5.7M        28M       184M

MemTotal:        4016004 kB
MemFree:         3386696 kB
Active:           356048 kB
Mem:          3.8G       614M       3.2G       5.7M        28M       184M

MemTotal:        4016004 kB
MemFree:         3386200 kB
Active:           356048 kB
Mem:          3.8G       614M       3.2G       5.7M        28M       184M

MemTotal:        4016004 kB
MemFree:         3386696 kB
Active:           356024 kB
Mem:          3.8G       614M       3.2G       5.7M        28M       184M

MemTotal:        4016004 kB
MemFree:         3386572 kB
Active:           356012 kB
Mem:          3.8G       614M       3.2G       5.7M        28M       184M

MemTotal:        4016004 kB
MemFree:         3386200 kB
Active:           356052 kB
Mem:          3.8G       615M       3.2G       5.7M        28M       184M

MemTotal:        4016004 kB
MemFree:         3386216 kB
Active:           356056 kB
Mem:          3.8G       615M       3.2G       5.7M        28M       184M

MemTotal:        4016004 kB
MemFree:         3386340 kB
Active:           356012 kB
Mem:          3.8G       614M       3.2G       5.7M        28M       184M

MemTotal:        4016004 kB
MemFree:         3386588 kB
Active:           356036 kB
Mem:          3.8G       614M       3.2G       5.7M        28M       184M

MemTotal:        4016004 kB
MemFree:         3386712 kB
Active:           356048 kB
Mem:          3.8G       614M       3.2G       5.7M        28M       184M

MemTotal:        4016004 kB
MemFree:         3386712 kB
Active:           356060 kB
Mem:          3.8G       614M       3.2G       5.7M        28M       184M

MemTotal:        4016004 kB
MemFree:         3386712 kB
Active:           356064 kB
Mem:          3.8G       614M       3.2G       5.7M        28M       184M

MemTotal:        4016004 kB
MemFree:         3386712 kB
Active:           356044 kB
Mem:          3.8G       614M       3.2G       5.7M        28M       184M

MemTotal:        4016004 kB
MemFree:         3386588 kB
Active:           356072 kB
Mem:          3.8G       614M       3.2G       5.7M        28M       184M

MemTotal:        4016004 kB
MemFree:         3386588 kB
Active:           356068 kB
Mem:          3.8G       614M       3.2G       5.7M        28M       184M

MemTotal:        4016004 kB
MemFree:         3386712 kB
Active:           356028 kB
Mem:          3.8G       614M       3.2G       5.7M        28M       184M

MemTotal:        4016004 kB
MemFree:         3386712 kB
Active:           356028 kB
Mem:          3.8G       614M       3.2G       5.7M        28M       184M

MemTotal:        4016004 kB
MemFree:         3386712 kB
Active:           356048 kB
Mem:          3.8G       614M       3.2G       5.7M        28M       184M

MemTotal:        4016004 kB
MemFree:         3386712 kB
Active:           356068 kB
Mem:          3.8G       614M       3.2G       5.7M        28M       184M

MemTotal:        4016004 kB
MemFree:         3386712 kB
Active:           356072 kB
Mem:          3.8G       614M       3.2G       5.7M        28M       184M

MemTotal:        4016004 kB
MemFree:         3386588 kB
Active:           356028 kB
Mem:          3.8G       614M       3.2G       5.7M        28M       184M

MemTotal:        4016004 kB
MemFree:         3386588 kB
Active:           356036 kB
Mem:          3.8G       614M       3.2G       5.7M        28M       184M

MemTotal:        4016004 kB
MemFree:         3386712 kB
Active:           356084 kB
Mem:          3.8G       614M       3.2G       5.7M        28M       184M

MemTotal:        4016004 kB
MemFree:         3386836 kB
Active:           356084 kB
Mem:          3.8G       614M       3.2G       5.7M        28M       184M

MemTotal:        4016004 kB
MemFree:         3386340 kB
Active:           356048 kB
Mem:          3.8G       614M       3.2G       5.7M        28M       184M

MemTotal:        4016004 kB
MemFree:         3385968 kB
Active:           356052 kB
Mem:          3.8G       615M       3.2G       5.7M        28M       184M

MemTotal:        4016004 kB
MemFree:         3385720 kB
Active:           356100 kB
Mem:          3.8G       615M       3.2G       5.7M        28M       184M

MemTotal:        4016004 kB
MemFree:         3385968 kB
Active:           356056 kB
Mem:          3.8G       615M       3.2G       5.7M        28M       184M

MemTotal:        4016004 kB
MemFree:         3385472 kB
Active:           356104 kB
