MemTotal:        4016004 kB
MemFree:         3221572 kB
Active:           440056 kB
Mem:          3.8G       776M       3.1G       5.7M        52M       322M

MemTotal:        4016004 kB
MemFree:         3221012 kB
Active:           440492 kB
Mem:          3.8G       776M       3.1G       5.7M        52M       322M

MemTotal:        4016004 kB
MemFree:         3220252 kB
Active:           440624 kB
Mem:          3.8G       777M       3.1G       5.7M        52M       322M

MemTotal:        4016004 kB
MemFree:         3220420 kB
Active:           440660 kB
Mem:          3.8G       776M       3.1G       5.7M        52M       322M

MemTotal:        4016004 kB
MemFree:         3220280 kB
Active:           440632 kB
Mem:          3.8G       777M       3.1G       5.7M        52M       322M

MemTotal:        4016004 kB
MemFree:         3220280 kB
Active:           440608 kB
Mem:          3.8G       777M       3.1G       5.7M        52M       322M

MemTotal:        4016004 kB
MemFree:         3220280 kB
Active:           440660 kB
Mem:          3.8G       776M       3.1G       5.7M        52M       322M

MemTotal:        4016004 kB
MemFree:         3220776 kB
Active:           440648 kB
Mem:          3.8G       776M       3.1G       5.7M        52M       322M

MemTotal:        4016004 kB
MemFree:         3220776 kB
Active:           440632 kB
Mem:          3.8G       776M       3.1G       5.7M        52M       322M

MemTotal:        4016004 kB
MemFree:         3220652 kB
Active:           440640 kB
Mem:          3.8G       776M       3.1G       5.7M        52M       322M

MemTotal:        4016004 kB
MemFree:         3220636 kB
Active:           440668 kB
Mem:          3.8G       776M       3.1G       5.7M        52M       322M

MemTotal:        4016004 kB
MemFree:         3220528 kB
Active:           440640 kB
Mem:          3.8G       776M       3.1G       5.7M        52M       322M

MemTotal:        4016004 kB
MemFree:         3220652 kB
Active:           440620 kB
Mem:          3.8G       776M       3.1G       5.7M        52M       322M

MemTotal:        4016004 kB
MemFree:         3218760 kB
Active:           442644 kB
Mem:          3.8G       778M       3.1G       5.7M        52M       322M

MemTotal:        4016004 kB
MemFree:         3218620 kB
Active:           442660 kB
Mem:          3.8G       778M       3.1G       5.7M        52M       322M

MemTotal:        4016004 kB
MemFree:         3218868 kB
Active:           442648 kB
Mem:          3.8G       778M       3.1G       5.7M        52M       322M

MemTotal:        4016004 kB
MemFree:         3218744 kB
Active:           442684 kB
Mem:          3.8G       778M       3.1G       5.7M        52M       322M

MemTotal:        4016004 kB
MemFree:         3218868 kB
Active:           442664 kB
Mem:          3.8G       778M       3.1G       5.7M        52M       322M

MemTotal:        4016004 kB
MemFree:         3218868 kB
Active:           442652 kB
Mem:          3.8G       778M       3.1G       5.7M        52M       322M

MemTotal:        4016004 kB
MemFree:         3218744 kB
Active:           442692 kB
Mem:          3.8G       778M       3.1G       5.7M        52M       322M

MemTotal:        4016004 kB
MemFree:         3218356 kB
Active:           442712 kB
Mem:          3.8G       778M       3.1G       5.7M        52M       322M

MemTotal:        4016004 kB
MemFree:         3218464 kB
Active:           442664 kB
Mem:          3.8G       778M       3.1G       5.7M        52M       322M

MemTotal:        4016004 kB
MemFree:         3218836 kB
Active:           442688 kB
Mem:          3.8G       778M       3.1G       5.7M        52M       322M

MemTotal:        4016004 kB
MemFree:         3218448 kB
Active:           442660 kB
Mem:          3.8G       778M       3.1G       5.7M        52M       322M

MemTotal:        4016004 kB
MemFree:         3218432 kB
Active:           442716 kB
Mem:          3.8G       779M       3.1G       5.7M        52M       322M

MemTotal:        4016004 kB
MemFree:         3218060 kB
Active:           442672 kB
Mem:          3.8G       779M       3.1G       5.7M        52M       322M

MemTotal:        4016004 kB
MemFree:         3218060 kB
Active:           442708 kB
Mem:          3.8G       779M       3.1G       5.7M        52M       322M

MemTotal:        4016004 kB
MemFree:         3217688 kB
Active:           442716 kB
Mem:          3.8G       779M       3.1G       5.7M        52M       322M

MemTotal:        4016004 kB
MemFree:         3217920 kB
Active:           442708 kB
Mem:          3.8G       779M       3.1G       5.7M        52M       322M

MemTotal:        4016004 kB
MemFree:         3218044 kB
Active:           442696 kB
Mem:          3.8G       779M       3.1G       5.7M        52M       322M

MemTotal:        4016004 kB
MemFree:         3218044 kB
Active:           442668 kB
Mem:          3.8G       779M       3.1G       5.7M        52M       322M

MemTotal:        4016004 kB
MemFree:         3218480 kB
Active:           442692 kB
Mem:          3.8G       778M       3.1G       5.7M        52M       322M

MemTotal:        4016004 kB
MemFree:         3218604 kB
Active:           442708 kB
Mem:          3.8G       778M       3.1G       5.7M        52M       322M

MemTotal:        4016004 kB
MemFree:         3218604 kB
Active:           442680 kB
Mem:          3.8G       778M       3.1G       5.7M        52M       322M

MemTotal:        4016004 kB
MemFree:         3218556 kB
Active:           442692 kB
Mem:          3.8G       779M       3.1G       5.7M        52M       322M

MemTotal:        4016004 kB
MemFree:         3218464 kB
Active:           442704 kB
Mem:          3.8G       778M       3.1G       5.7M        52M       322M

MemTotal:        4016004 kB
MemFree:         3218572 kB
Active:           442680 kB
Mem:          3.8G       778M       3.1G       5.7M        52M       322M

MemTotal:        4016004 kB
MemFree:         3218604 kB
Active:           442704 kB
Mem:          3.8G       778M       3.1G       5.7M        52M       322M

MemTotal:        4016004 kB
MemFree:         3218108 kB
Active:           442732 kB
Mem:          3.8G       779M       3.1G       5.7M        52M       322M

MemTotal:        4016004 kB
MemFree:         3218356 kB
Active:           442700 kB
Mem:          3.8G       779M       3.1G       5.7M        52M       322M

MemTotal:        4016004 kB
MemFree:         3218356 kB
Active:           442716 kB
Mem:          3.8G       779M       3.1G       5.7M        52M       322M

MemTotal:        4016004 kB
MemFree:         3218356 kB
Active:           442720 kB
Mem:          3.8G       778M       3.1G       5.7M        52M       322M

MemTotal:        4016004 kB
MemFree:         3218728 kB
Active:           442744 kB
Mem:          3.8G       778M       3.1G       5.7M        52M       322M

MemTotal:        4016004 kB
MemFree:         3218976 kB
Active:           442700 kB
Mem:          3.8G       778M       3.1G       5.7M        52M       322M

MemTotal:        4016004 kB
MemFree:         3218852 kB
Active:           442700 kB
Mem:          3.8G       778M       3.1G       5.7M        52M       322M

MemTotal:        4016004 kB
MemFree:         3219100 kB
Active:           442724 kB
Mem:          3.8G       778M       3.1G       5.7M        52M       322M

MemTotal:        4016004 kB
MemFree:         3219100 kB
Active:           442720 kB
Mem:          3.8G       778M       3.1G       5.7M        52M       322M

MemTotal:        4016004 kB
MemFree:         3219040 kB
Active:           442716 kB
Mem:          3.8G       778M       3.1G       5.7M        52M       322M

MemTotal:        4016004 kB
MemFree:         3218916 kB
Active:           442724 kB
Mem:          3.8G       778M       3.1G       5.7M        52M       322M

MemTotal:        4016004 kB
MemFree:         3219164 kB
Active:           442708 kB
Mem:          3.8G       778M       3.1G       5.7M        52M       322M

MemTotal:        4016004 kB
MemFree:         3219040 kB
Active:           442720 kB
Mem:          3.8G       778M       3.1G       5.7M        52M       322M

MemTotal:        4016004 kB
MemFree:         3218760 kB
Active:           442736 kB
Mem:          3.8G       778M       3.1G       5.7M        52M       322M

MemTotal:        4016004 kB
MemFree:         3218884 kB
Active:           442740 kB
Mem:          3.8G       778M       3.1G       5.7M        52M       322M

MemTotal:        4016004 kB
MemFree:         3218760 kB
Active:           442736 kB
Mem:          3.8G       778M       3.1G       5.7M        52M       322M

MemTotal:        4016004 kB
MemFree:         3218388 kB
Active:           442784 kB
Mem:          3.8G       779M       3.1G       5.7M        52M       322M

MemTotal:        4016004 kB
MemFree:         3218512 kB
Active:           442732 kB
Mem:          3.8G       778M       3.1G       5.7M        52M       322M

MemTotal:        4016004 kB
MemFree:         3218388 kB
Active:           442772 kB
Mem:          3.8G       778M       3.1G       5.7M        52M       322M

MemTotal:        4016004 kB
MemFree:         3218264 kB
Active:           442788 kB
Mem:          3.8G       779M       3.1G       5.7M        52M       322M

MemTotal:        4016004 kB
MemFree:         3218248 kB
Active:           442792 kB
Mem:          3.8G       779M       3.1G       5.7M        52M       322M

MemTotal:        4016004 kB
MemFree:         3218000 kB
Active:           442792 kB
Mem:          3.8G       779M       3.1G       5.7M        52M       322M

MemTotal:        4016004 kB
MemFree:         3217984 kB
Active:           442748 kB
Mem:          3.8G       779M       3.1G       5.7M        52M       322M

MemTotal:        4016004 kB
MemFree:         3217968 kB
Active:           442752 kB
Mem:          3.8G       779M       3.1G       5.7M        52M       322M

MemTotal:        4016004 kB
MemFree:         3216044 kB
Active:           442764 kB
Mem:          3.8G       781M       3.1G       5.7M        52M       322M

MemTotal:        4016004 kB
MemFree:         3215904 kB
Active:           444804 kB
Mem:          3.8G       781M       3.1G       5.7M        52M       322M

MemTotal:        4016004 kB
MemFree:         3216012 kB
Active:           444832 kB
Mem:          3.8G       781M       3.1G       5.7M        52M       322M

MemTotal:        4016004 kB
MemFree:         3216244 kB
Active:           444820 kB
Mem:          3.8G       781M       3.1G       5.7M        52M       322M

MemTotal:        4016004 kB
MemFree:         3215872 kB
Active:           444808 kB
Mem:          3.8G       781M       3.1G       5.7M        52M       322M

MemTotal:        4016004 kB
MemFree:         3215500 kB
Active:           444832 kB
Mem:          3.8G       781M       3.1G       5.7M        52M       322M

MemTotal:        4016004 kB
MemFree:         3215996 kB
Active:           444828 kB
Mem:          3.8G       781M       3.1G       5.7M        52M       322M

MemTotal:        4016004 kB
MemFree:         3216120 kB
Active:           444788 kB
Mem:          3.8G       781M       3.1G       5.7M        52M       322M

MemTotal:        4016004 kB
MemFree:         3215996 kB
Active:           444820 kB
Mem:          3.8G       781M       3.1G       5.7M        52M       322M

MemTotal:        4016004 kB
MemFree:         3215872 kB
Active:           444828 kB
Mem:          3.8G       781M       3.1G       5.7M        52M       322M

MemTotal:        4016004 kB
MemFree:         3215996 kB
Active:           444796 kB
Mem:          3.8G       781M       3.1G       5.7M        52M       322M

MemTotal:        4016004 kB
MemFree:         3216636 kB
Active:           444804 kB
Mem:          3.8G       780M       3.1G       5.7M        52M       322M

MemTotal:        4016004 kB
MemFree:         3216512 kB
Active:           444824 kB
Mem:          3.8G       781M       3.1G       5.7M        52M       322M

MemTotal:        4016004 kB
MemFree:         3216636 kB
Active:           444792 kB
Mem:          3.8G       780M       3.1G       5.7M        52M       322M

MemTotal:        4016004 kB
MemFree:         3216140 kB
Active:           444804 kB
Mem:          3.8G       781M       3.1G       5.7M        52M       322M

MemTotal:        4016004 kB
MemFree:         3216232 kB
Active:           444796 kB
Mem:          3.8G       781M       3.1G       5.7M        52M       322M

MemTotal:        4016004 kB
MemFree:         3216340 kB
Active:           444812 kB
Mem:          3.8G       781M       3.1G       5.7M        52M       322M

MemTotal:        4016004 kB
MemFree:         3216200 kB
Active:           444828 kB
Mem:          3.8G       781M       3.1G       5.7M        52M       322M

MemTotal:        4016004 kB
MemFree:         3216464 kB
Active:           444792 kB
Mem:          3.8G       781M       3.1G       5.7M        52M       322M

MemTotal:        4016004 kB
MemFree:         3215844 kB
Active:           444840 kB
Mem:          3.8G       781M       3.1G       5.7M        52M       322M

MemTotal:        4016004 kB
MemFree:         3215472 kB
Active:           444844 kB
Mem:          3.8G       781M       3.1G       5.7M        52M       322M

MemTotal:        4016004 kB
MemFree:         3215844 kB
Active:           444836 kB
Mem:          3.8G       781M       3.1G       5.7M        52M       322M

MemTotal:        4016004 kB
MemFree:         3215844 kB
Active:           444860 kB
Mem:          3.8G       781M       3.1G       5.7M        52M       322M

MemTotal:        4016004 kB
MemFree:         3216324 kB
Active:           444844 kB
Mem:          3.8G       780M       3.1G       5.7M        52M       322M

MemTotal:        4016004 kB
MemFree:         3215936 kB
Active:           444860 kB
Mem:          3.8G       780M       3.1G       5.7M        52M       322M

MemTotal:        4016004 kB
MemFree:         3216416 kB
Active:           444816 kB
Mem:          3.8G       780M       3.1G       5.7M        52M       322M

MemTotal:        4016004 kB
MemFree:         3216416 kB
Active:           444840 kB
Mem:          3.8G       780M       3.1G       5.7M        52M       322M

MemTotal:        4016004 kB
MemFree:         3215920 kB
Active:           444868 kB
Mem:          3.8G       781M       3.1G       5.7M        52M       322M

MemTotal:        4016004 kB
MemFree:         3216028 kB
Active:           444836 kB
Mem:          3.8G       781M       3.1G       5.7M        52M       322M

MemTotal:        4016004 kB
MemFree:         3215652 kB
Active:           442828 kB
Mem:          3.8G       781M       3.1G       5.7M        52M       322M

MemTotal:        4016004 kB
MemFree:         3215960 kB
Active:           444860 kB
Mem:          3.8G       781M       3.1G       5.7M        52M       322M

MemTotal:        4016004 kB
MemFree:         3215448 kB
Active:           444876 kB
Mem:          3.8G       781M       3.1G       5.7M        52M       322M

MemTotal:        4016004 kB
MemFree:         3215976 kB
Active:           444828 kB
Mem:          3.8G       781M       3.1G       5.7M        52M       322M

MemTotal:        4016004 kB
MemFree:         3215852 kB
Active:           444848 kB
Mem:          3.8G       781M       3.1G       5.7M        52M       322M

MemTotal:        4016004 kB
MemFree:         3215852 kB
Active:           444860 kB
Mem:          3.8G       781M       3.1G       5.7M        52M       322M

MemTotal:        4016004 kB
MemFree:         3215480 kB
Active:           444884 kB
Mem:          3.8G       781M       3.1G       5.7M        52M       322M

MemTotal:        4016004 kB
MemFree:         3216596 kB
Active:           444848 kB
Mem:          3.8G       780M       3.1G       5.7M        52M       322M

MemTotal:        4016004 kB
MemFree:         3216224 kB
Active:           444888 kB
Mem:          3.8G       781M       3.1G       5.7M        52M       322M

MemTotal:        4016004 kB
MemFree:         3216100 kB
Active:           444856 kB
Mem:          3.8G       781M       3.1G       5.7M        52M       322M

MemTotal:        4016004 kB
MemFree:         2983940 kB
Active:           446884 kB
Mem:          3.8G       1.0G       2.8G       5.7M        52M       542M

MemTotal:        4016004 kB
MemFree:         2943728 kB
Active:           447012 kB
Mem:          3.8G       1.0G       2.8G       5.7M        52M       582M

MemTotal:        4016004 kB
MemFree:         2925932 kB
Active:           447264 kB
Mem:          3.8G       1.0G       2.8G       5.7M        52M       597M

MemTotal:        4016004 kB
MemFree:         2921452 kB
Active:           447312 kB
Mem:          3.8G       1.0G       2.8G       5.7M        52M       601M

MemTotal:        4016004 kB
MemFree:         2891480 kB
Active:           447360 kB
Mem:          3.8G       1.1G       2.8G       5.7M        52M       631M

MemTotal:        4016004 kB
MemFree:         2713988 kB
Active:           448120 kB
Mem:          3.8G       1.2G       2.6G       5.7M        52M       797M

MemTotal:        4016004 kB
MemFree:         2661188 kB
Active:           448328 kB
Mem:          3.8G       1.3G       2.5G       5.7M        52M       847M

MemTotal:        4016004 kB
MemFree:         2662304 kB
Active:           448340 kB
Mem:          3.8G       1.3G       2.5G       5.7M        52M       847M

MemTotal:        4016004 kB
MemFree:         2662468 kB
Active:           448316 kB
Mem:          3.8G       1.3G       2.5G       5.7M        52M       847M

MemTotal:        4016004 kB
MemFree:         2462356 kB
Active:           449036 kB
Mem:          3.8G       1.5G       2.3G       5.7M        52M       1.0G

MemTotal:        4016004 kB
MemFree:         2377720 kB
Active:           449428 kB
Mem:          3.8G       1.6G       2.3G       5.7M        52M       1.1G

MemTotal:        4016004 kB
MemFree:         2342904 kB
Active:           449540 kB
Mem:          3.8G       1.6G       2.2G       5.7M        52M       1.1G

MemTotal:        4016004 kB
MemFree:         2342564 kB
Active:           449584 kB
Mem:          3.8G       1.6G       2.2G       5.7M        52M       1.1G

MemTotal:        4016004 kB
MemFree:         2342848 kB
Active:           449556 kB
Mem:          3.8G       1.6G       2.2G       5.7M        52M       1.1G

MemTotal:        4016004 kB
MemFree:         2282832 kB
Active:           449748 kB
Mem:          3.8G       1.7G       2.2G       5.7M        52M       1.2G

MemTotal:        4016004 kB
MemFree:         2158140 kB
Active:           450268 kB
Mem:          3.8G       1.8G       2.1G       5.7M        52M       1.3G

MemTotal:        4016004 kB
MemFree:         2111316 kB
Active:           450396 kB
Mem:          3.8G       1.8G       2.0G       5.7M        52M       1.3G

MemTotal:        4016004 kB
MemFree:         2110408 kB
Active:           450472 kB
Mem:          3.8G       1.8G       2.0G       5.7M        52M       1.3G

MemTotal:        4016004 kB
MemFree:         2110544 kB
Active:           450524 kB
Mem:          3.8G       1.8G       2.0G       5.7M        52M       1.3G

MemTotal:        4016004 kB
MemFree:         2110676 kB
Active:           450524 kB
Mem:          3.8G       1.8G       2.0G       5.7M        52M       1.3G

MemTotal:        4016004 kB
MemFree:         2098620 kB
Active:           450512 kB
Mem:          3.8G       1.8G       2.0G       5.7M        52M       1.4G

MemTotal:        4016004 kB
MemFree:         2081088 kB
Active:           450596 kB
Mem:          3.8G       1.8G       2.0G       5.7M        52M       1.4G

MemTotal:        4016004 kB
MemFree:         2073876 kB
Active:           450656 kB
Mem:          3.8G       1.9G       2.0G       5.7M        52M       1.4G

MemTotal:        4016004 kB
MemFree:         2073240 kB
Active:           450720 kB
Mem:          3.8G       1.9G       2.0G       5.7M        52M       1.4G

MemTotal:        4016004 kB
MemFree:         1828552 kB
Active:           451512 kB
Mem:          3.8G       2.1G       1.7G       5.7M        52M       1.6G

MemTotal:        4016004 kB
MemFree:         1722168 kB
Active:           451976 kB
Mem:          3.8G       2.2G       1.6G       5.7M        52M       1.7G

MemTotal:        4016004 kB
MemFree:         1713892 kB
Active:           452112 kB
Mem:          3.8G       2.2G       1.6G       5.7M        52M       1.7G

MemTotal:        4016004 kB
MemFree:         1712128 kB
Active:           452148 kB
Mem:          3.8G       2.2G       1.6G       5.7M        52M       1.7G

MemTotal:        4016004 kB
MemFree:         1705140 kB
Active:           452188 kB
Mem:          3.8G       2.2G       1.6G       5.7M        52M       1.7G

MemTotal:        4016004 kB
MemFree:         1683812 kB
Active:           452256 kB
Mem:          3.8G       2.2G       1.6G       5.7M        52M       1.7G

MemTotal:        4016004 kB
MemFree:         1672340 kB
Active:           450332 kB
Mem:          3.8G       2.2G       1.6G       5.7M        52M       1.7G

MemTotal:        4016004 kB
MemFree:         1661272 kB
Active:           450360 kB
Mem:          3.8G       2.2G       1.6G       5.7M        52M       1.8G

MemTotal:        4016004 kB
MemFree:         1654156 kB
Active:           450512 kB
Mem:          3.8G       2.3G       1.6G       5.7M        52M       1.8G

MemTotal:        4016004 kB
MemFree:         1647072 kB
Active:           450552 kB
Mem:          3.8G       2.3G       1.6G       5.7M        52M       1.8G

MemTotal:        4016004 kB
MemFree:         1431716 kB
Active:           451164 kB
Mem:          3.8G       2.5G       1.4G       5.7M        52M       2.0G

MemTotal:        4016004 kB
MemFree:         1288624 kB
Active:           453928 kB
Mem:          3.8G       2.6G       1.2G       5.7M        52M       2.1G

MemTotal:        4016004 kB
MemFree:         1284416 kB
Active:           454028 kB
Mem:          3.8G       2.6G       1.2G       5.7M        52M       2.1G

MemTotal:        4016004 kB
MemFree:         1185336 kB
Active:           454268 kB
Mem:          3.8G       2.7G       1.1G       5.7M        52M       2.2G

MemTotal:        4016004 kB
MemFree:         1133056 kB
Active:           454664 kB
Mem:          3.8G       2.7G       1.1G       5.7M        52M       2.2G

MemTotal:        4016004 kB
MemFree:         1045872 kB
Active:           454828 kB
Mem:          3.8G       2.8G       1.0G       5.7M        52M       2.3G

MemTotal:        4016004 kB
MemFree:          938912 kB
Active:           455340 kB
Mem:          3.8G       2.9G       916M       5.7M        52M       2.4G

MemTotal:        4016004 kB
MemFree:          880768 kB
Active:           455596 kB
Mem:          3.8G       3.0G       859M       5.7M        52M       2.5G

MemTotal:        4016004 kB
MemFree:          872200 kB
Active:           455644 kB
Mem:          3.8G       3.0G       851M       5.7M        52M       2.5G

MemTotal:        4016004 kB
MemFree:          871792 kB
Active:           455660 kB
Mem:          3.8G       3.0G       851M       5.7M        52M       2.5G

MemTotal:        4016004 kB
MemFree:          872084 kB
Active:           455708 kB
Mem:          3.8G       3.0G       851M       5.7M        52M       2.5G

MemTotal:        4016004 kB
MemFree:          834900 kB
Active:           455672 kB
Mem:          3.8G       3.0G       815M       5.7M        52M       2.5G

MemTotal:        4016004 kB
MemFree:          699648 kB
Active:           456280 kB
Mem:          3.8G       3.2G       682M       5.7M        52M       2.6G

MemTotal:        4016004 kB
MemFree:          616000 kB
Active:           456680 kB
Mem:          3.8G       3.2G       601M       5.7M        52M       2.7G

MemTotal:        4016004 kB
MemFree:          553564 kB
Active:           456952 kB
Mem:          3.8G       3.3G       540M       5.7M        52M       2.8G

MemTotal:        4016004 kB
MemFree:          545704 kB
Active:           459648 kB
Mem:          3.8G       3.3G       532M       5.7M        54M       2.8G

MemTotal:        4016004 kB
MemFree:          539156 kB
Active:           465220 kB
Mem:          3.8G       3.3G       526M       5.7M        60M       2.8G

MemTotal:        4016004 kB
MemFree:          539608 kB
Active:           465180 kB
Mem:          3.8G       3.3G       526M       5.7M        60M       2.8G

MemTotal:        4016004 kB
MemFree:          367656 kB
Active:           465576 kB
Mem:          3.8G       3.5G       358M       5.7M        60M       2.9G

MemTotal:        4016004 kB
MemFree:          301180 kB
Active:           465952 kB
Mem:          3.8G       3.5G       293M       5.7M        60M       3.0G

MemTotal:        4016004 kB
MemFree:          300920 kB
Active:           465976 kB
Mem:          3.8G       3.5G       294M       5.7M        60M       3.0G

MemTotal:        4016004 kB
MemFree:          300824 kB
Active:           465976 kB
Mem:          3.8G       3.5G       293M       5.7M        60M       3.0G

MemTotal:        4016004 kB
MemFree:          297420 kB
Active:           465984 kB
Mem:          3.8G       3.5G       289M       5.7M        60M       3.0G

MemTotal:        4016004 kB
MemFree:          156372 kB
Active:           466292 kB
Mem:          3.8G       3.7G       152M       5.7M        60M       3.1G

MemTotal:        4016004 kB
MemFree:          140632 kB
Active:           468368 kB
Mem:          3.8G       3.7G       137M       5.7M        27M       3.2G

MemTotal:        4016004 kB
MemFree:          140728 kB
Active:           468660 kB
Mem:          3.8G       3.7G       137M       5.7M        27M       3.2G

MemTotal:        4016004 kB
MemFree:          160920 kB
Active:           531028 kB
Mem:          3.8G       3.7G       122M       5.7M        27M       3.2G

MemTotal:        4016004 kB
MemFree:          131908 kB
Active:           514436 kB
Mem:          3.8G       3.7G       128M       5.7M        27M       3.2G

MemTotal:        4016004 kB
MemFree:          117156 kB
Active:           514480 kB
Mem:          3.8G       3.7G       113M       5.7M        27M       3.2G

MemTotal:        4016004 kB
MemFree:          128040 kB
Active:           500504 kB
Mem:          3.8G       3.7G       125M       5.7M        27M       3.2G

MemTotal:        4016004 kB
MemFree:          106760 kB
Active:           494776 kB
Mem:          3.8G       3.7G       111M       5.7M        27M       3.2G

MemTotal:        4016004 kB
MemFree:          120072 kB
Active:           493748 kB
Mem:          3.8G       3.7G       116M       5.7M        27M       3.2G

MemTotal:        4016004 kB
MemFree:          119752 kB
Active:           493700 kB
Mem:          3.8G       3.7G       116M       5.7M        27M       3.2G

MemTotal:        4016004 kB
MemFree:          118672 kB
Active:           493732 kB
Mem:          3.8G       3.7G       115M       5.7M        27M       3.2G

MemTotal:        4016004 kB
MemFree:          138108 kB
Active:           484152 kB
Mem:          3.8G       3.7G       134M       5.7M        27M       3.2G

MemTotal:        4016004 kB
MemFree:          142288 kB
Active:           479356 kB
Mem:          3.8G       3.7G       138M       5.7M        27M       3.2G

MemTotal:        4016004 kB
MemFree:          142324 kB
Active:           479332 kB
Mem:          3.8G       3.7G       138M       5.7M        27M       3.2G

MemTotal:        4016004 kB
MemFree:          142360 kB
Active:           479344 kB
Mem:          3.8G       3.7G       139M       5.7M        27M       3.2G

MemTotal:        4016004 kB
MemFree:          117324 kB
Active:           479372 kB
Mem:          3.8G       3.7G       114M       5.7M        27M       3.2G

MemTotal:        4016004 kB
MemFree:          134892 kB
Active:           474404 kB
Mem:          3.8G       3.7G       130M       5.7M        27M       3.2G

MemTotal:        4016004 kB
MemFree:          125036 kB
Active:           472372 kB
Mem:          3.8G       3.7G       122M       5.7M        27M       3.2G

MemTotal:        4016004 kB
MemFree:          120352 kB
Active:           469916 kB
Mem:          3.8G       3.7G       117M       5.7M        27M       3.2G

MemTotal:        4016004 kB
MemFree:          120976 kB
Active:           469912 kB
Mem:          3.8G       3.7G       117M       5.7M        27M       3.2G

MemTotal:        4016004 kB
MemFree:          121104 kB
Active:           469888 kB
Mem:          3.8G       3.7G       118M       5.7M        27M       3.2G

MemTotal:        4016004 kB
MemFree:          134940 kB
Active:           466552 kB
Mem:          3.8G       3.7G       131M       5.7M        27M       3.2G

MemTotal:        4016004 kB
MemFree:          107612 kB
Active:           465000 kB
Mem:          3.8G       3.7G       104M       5.7M        27M       3.2G

MemTotal:        4016004 kB
MemFree:          125032 kB
Active:           461324 kB
Mem:          3.8G       3.7G       121M       5.7M        27M       3.2G

MemTotal:        4016004 kB
MemFree:          125316 kB
Active:           461288 kB
Mem:          3.8G       3.7G       122M       5.7M        27M       3.2G

MemTotal:        4016004 kB
MemFree:          114456 kB
Active:           461316 kB
Mem:          3.8G       3.7G       111M       5.7M        27M       3.2G

MemTotal:        4016004 kB
MemFree:          148368 kB
Active:           459264 kB
Mem:          3.8G       3.7G       145M       5.7M        27M       3.2G

MemTotal:        4016004 kB
MemFree:          148648 kB
Active:           459444 kB
Mem:          3.8G       3.7G       144M       5.7M        27M       3.2G

MemTotal:        4016004 kB
MemFree:          148372 kB
Active:           459400 kB
Mem:          3.8G       3.7G       144M       5.7M        27M       3.2G

MemTotal:        4016004 kB
MemFree:          148440 kB
Active:           459420 kB
Mem:          3.8G       3.7G       144M       5.7M        27M       3.2G

MemTotal:        4016004 kB
MemFree:          146820 kB
Active:           456600 kB
Mem:          3.8G       3.7G       143M       5.7M        27M       3.2G

MemTotal:        4016004 kB
MemFree:          147308 kB
Active:           456620 kB
Mem:          3.8G       3.7G       143M       5.7M        27M       3.2G

MemTotal:        4016004 kB
MemFree:          147364 kB
Active:           456592 kB
Mem:          3.8G       3.7G       143M       5.7M        27M       3.2G

MemTotal:        4016004 kB
MemFree:          125728 kB
Active:           450628 kB
Mem:          3.8G       3.7G       122M       5.7M        27M       3.2G

MemTotal:        4016004 kB
MemFree:          123740 kB
Active:           448104 kB
Mem:          3.8G       3.7G       120M       5.7M        27M       3.2G

MemTotal:        4016004 kB
MemFree:          132640 kB
Active:           446624 kB
Mem:          3.8G       3.7G       129M       5.7M        27M       3.2G

MemTotal:        4016004 kB
MemFree:          131560 kB
Active:           446604 kB
Mem:          3.8G       3.7G       128M       5.7M        27M       3.2G

MemTotal:        4016004 kB
MemFree:          131780 kB
Active:           446548 kB
Mem:          3.8G       3.7G       128M       5.7M        27M       3.2G

MemTotal:        4016004 kB
MemFree:          131972 kB
Active:           446576 kB
Mem:          3.8G       3.7G       128M       5.7M        27M       3.2G

MemTotal:        4016004 kB
MemFree:          140368 kB
Active:           445252 kB
Mem:          3.8G       3.7G       138M       5.7M        27M       3.2G

MemTotal:        4016004 kB
MemFree:          115660 kB
Active:           443132 kB
Mem:          3.8G       3.7G       112M       5.7M        27M       3.2G

MemTotal:        4016004 kB
MemFree:          134920 kB
Active:           442024 kB
Mem:          3.8G       3.7G       131M       5.7M        27M       3.2G

MemTotal:        4016004 kB
MemFree:          134324 kB
Active:           441936 kB
Mem:          3.8G       3.7G       131M       5.7M        27M       3.2G

MemTotal:        4016004 kB
MemFree:          134236 kB
Active:           441972 kB
Mem:          3.8G       3.7G       131M       5.7M        27M       3.2G

MemTotal:        4016004 kB
MemFree:          122168 kB
Active:           441308 kB
Mem:          3.8G       3.7G       119M       5.7M        27M       3.2G

MemTotal:        4016004 kB
MemFree:          126744 kB
Active:           436008 kB
Mem:          3.8G       3.7G       123M       5.7M        27M       3.2G

MemTotal:        4016004 kB
MemFree:          112888 kB
Active:           436064 kB
Mem:          3.8G       3.7G       110M       5.7M        27M       3.2G

MemTotal:        4016004 kB
MemFree:          113372 kB
Active:           436060 kB
Mem:          3.8G       3.7G       110M       5.7M        27M       3.2G

MemTotal:        4016004 kB
MemFree:          113348 kB
Active:           436060 kB
Mem:          3.8G       3.7G       110M       5.7M        27M       3.2G

MemTotal:        4016004 kB
MemFree:          127332 kB
Active:           433216 kB
Mem:          3.8G       3.7G       122M       5.7M        27M       3.2G

MemTotal:        4016004 kB
MemFree:          127772 kB
Active:           431736 kB
Mem:          3.8G       3.7G       124M       5.7M        27M       3.2G

MemTotal:        4016004 kB
MemFree:          120120 kB
Active:           431800 kB
Mem:          3.8G       3.7G       117M       5.7M        27M       3.2G

MemTotal:        4016004 kB
MemFree:          119256 kB
Active:           432196 kB
Mem:          3.8G       3.7G       116M       5.7M        27M       3.2G

MemTotal:        4016004 kB
MemFree:          119700 kB
Active:           434216 kB
Mem:          3.8G       3.7G       117M       5.7M        27M       3.2G

MemTotal:        4016004 kB
MemFree:          139276 kB
Active:           430276 kB
Mem:          3.8G       3.7G       133M       5.7M        27M       3.2G

MemTotal:        4016004 kB
MemFree:          134704 kB
Active:           424328 kB
Mem:          3.8G       3.7G       131M       5.7M        27M       3.2G

MemTotal:        4016004 kB
MemFree:          111248 kB
Active:           424504 kB
Mem:          3.8G       3.7G       108M       5.7M        27M       3.2G

MemTotal:        4016004 kB
MemFree:          111224 kB
Active:           424572 kB
Mem:          3.8G       3.7G       108M       5.7M        27M       3.2G

MemTotal:        4016004 kB
MemFree:          111328 kB
Active:           424548 kB
Mem:          3.8G       3.7G       108M       5.7M        27M       3.2G

MemTotal:        4016004 kB
MemFree:          147796 kB
Active:           421912 kB
Mem:          3.8G       3.7G       144M       5.7M        27M       3.2G

MemTotal:        4016004 kB
MemFree:          125408 kB
Active:           421560 kB
Mem:          3.8G       3.7G       121M       5.7M        27M       3.2G

MemTotal:        4016004 kB
MemFree:          134520 kB
Active:           417968 kB
Mem:          3.8G       3.7G       130M       5.7M        27M       3.2G

MemTotal:        4016004 kB
MemFree:          132936 kB
Active:           418360 kB
Mem:          3.8G       3.7G       129M       5.7M        27M       3.2G

MemTotal:        4016004 kB
MemFree:          134036 kB
Active:           420296 kB
Mem:          3.8G       3.7G       130M       5.7M        27M       3.2G

MemTotal:        4016004 kB
MemFree:          138708 kB
Active:           414632 kB
Mem:          3.8G       3.7G       135M       5.7M        27M       3.2G

MemTotal:        4016004 kB
MemFree:          113172 kB
Active:           414928 kB
Mem:          3.8G       3.7G       110M       5.7M        27M       3.2G

MemTotal:        4016004 kB
MemFree:          113236 kB
Active:           414892 kB
Mem:          3.8G       3.7G       110M       5.7M        27M       3.2G

MemTotal:        4016004 kB
MemFree:          113156 kB
Active:           414956 kB
Mem:          3.8G       3.7G       110M       5.7M        27M       3.2G

MemTotal:        4016004 kB
MemFree:          113472 kB
Active:           414940 kB
Mem:          3.8G       3.7G       110M       5.7M        27M       3.2G

MemTotal:        4016004 kB
MemFree:          131704 kB
Active:           413400 kB
Mem:          3.8G       3.7G       133M       5.7M        27M       3.2G

MemTotal:        4016004 kB
MemFree:          114604 kB
Active:           410684 kB
Mem:          3.8G       3.7G       111M       5.7M        27M       3.2G

MemTotal:        4016004 kB
MemFree:          122088 kB
Active:           410728 kB
Mem:          3.8G       3.7G       119M       5.7M        27M       3.2G

MemTotal:        4016004 kB
MemFree:          121560 kB
Active:           410820 kB
Mem:          3.8G       3.7G       118M       5.7M        27M       3.2G

MemTotal:        4016004 kB
MemFree:          121836 kB
Active:           410804 kB
Mem:          3.8G       3.7G       118M       5.7M        27M       3.2G

MemTotal:        4016004 kB
MemFree:          150080 kB
Active:           410788 kB
Mem:          3.8G       3.7G       146M       5.7M        27M       3.2G

MemTotal:        4016004 kB
MemFree:          128556 kB
Active:           411324 kB
Mem:          3.8G       3.7G       125M       5.7M        27M       3.2G

MemTotal:        4016004 kB
MemFree:          111036 kB
Active:           411604 kB
Mem:          3.8G       3.7G       108M       5.7M        27M       3.2G

MemTotal:        4016004 kB
MemFree:          110448 kB
Active:           411604 kB
Mem:          3.8G       3.7G       107M       5.7M        27M       3.2G

MemTotal:        4016004 kB
MemFree:          110420 kB
Active:           411580 kB
Mem:          3.8G       3.7G       107M       5.7M        27M       3.2G

MemTotal:        4016004 kB
MemFree:          110892 kB
Active:           411616 kB
Mem:          3.8G       3.7G       108M       5.7M        27M       3.2G

MemTotal:        4016004 kB
MemFree:          140980 kB
Active:           412064 kB
Mem:          3.8G       3.7G       137M       5.7M        27M       3.2G

MemTotal:        4016004 kB
MemFree:          135980 kB
Active:           413484 kB
Mem:          3.8G       3.7G       137M       5.7M        27M       3.2G

MemTotal:        4016004 kB
MemFree:          122644 kB
Active:           413644 kB
Mem:          3.8G       3.7G       119M       5.7M        27M       3.2G

MemTotal:        4016004 kB
MemFree:          122272 kB
Active:           413752 kB
Mem:          3.8G       3.7G       119M       5.7M        27M       3.2G

MemTotal:        4016004 kB
MemFree:          122276 kB
Active:           413772 kB
Mem:          3.8G       3.7G       119M       5.7M        27M       3.2G

MemTotal:        4016004 kB
MemFree:          129908 kB
Active:           411444 kB
Mem:          3.8G       3.7G       126M       5.7M        27M       3.2G

MemTotal:        4016004 kB
MemFree:          118364 kB
Active:           411620 kB
Mem:          3.8G       3.7G       115M       5.7M        27M       3.2G

MemTotal:        4016004 kB
MemFree:          105208 kB
Active:           411880 kB
Mem:          3.8G       3.7G       102M       5.7M        27M       3.2G

MemTotal:        4016004 kB
MemFree:          128440 kB
Active:           411816 kB
Mem:          3.8G       3.7G       125M       5.7M        27M       3.2G

MemTotal:        4016004 kB
MemFree:          128204 kB
Active:           411784 kB
Mem:          3.8G       3.7G       125M       5.7M        27M       3.2G

MemTotal:        4016004 kB
MemFree:          127628 kB
Active:           411792 kB
Mem:          3.8G       3.7G       123M       5.7M        27M       3.2G

MemTotal:        4016004 kB
MemFree:          124332 kB
Active:           407640 kB
Mem:          3.8G       3.7G       120M       5.7M        27M       3.2G

MemTotal:        4016004 kB
MemFree:          116048 kB
Active:           407740 kB
Mem:          3.8G       3.7G       113M       5.7M        27M       3.2G

MemTotal:        4016004 kB
MemFree:          115272 kB
Active:           407772 kB
Mem:          3.8G       3.7G       112M       5.7M        27M       3.2G

MemTotal:        4016004 kB
MemFree:          115028 kB
Active:           407824 kB
Mem:          3.8G       3.7G       112M       5.7M        27M       3.2G

MemTotal:        4016004 kB
MemFree:          115564 kB
Active:           407800 kB
Mem:          3.8G       3.7G       112M       5.7M        27M       3.2G

MemTotal:        4016004 kB
MemFree:          106380 kB
Active:           408568 kB
Mem:          3.8G       3.7G       103M       5.7M        27M       3.2G

MemTotal:        4016004 kB
MemFree:          105600 kB
Active:           408920 kB
Mem:          3.8G       3.7G       103M       5.7M        27M       3.2G

MemTotal:        4016004 kB
MemFree:          131268 kB
Active:           408968 kB
Mem:          3.8G       3.7G       128M       5.7M        27M       3.2G

MemTotal:        4016004 kB
MemFree:          131704 kB
Active:           408980 kB
Mem:          3.8G       3.7G       128M       5.7M        27M       3.2G

MemTotal:        4016004 kB
MemFree:          131836 kB
Active:           408928 kB
Mem:          3.8G       3.7G       127M       5.7M        27M       3.2G

MemTotal:        4016004 kB
MemFree:          133968 kB
Active:           407924 kB
Mem:          3.8G       3.7G       130M       5.7M        27M       3.2G

MemTotal:        4016004 kB
MemFree:          129412 kB
Active:           408304 kB
Mem:          3.8G       3.7G       126M       5.7M        27M       3.2G

MemTotal:        4016004 kB
MemFree:          127040 kB
Active:           408532 kB
Mem:          3.8G       3.7G       124M       5.7M        27M       3.2G

MemTotal:        4016004 kB
MemFree:          127072 kB
Active:           408520 kB
Mem:          3.8G       3.7G       124M       5.7M        27M       3.2G

MemTotal:        4016004 kB
MemFree:          127556 kB
Active:           408536 kB
Mem:          3.8G       3.7G       124M       5.7M        27M       3.2G

MemTotal:        4016004 kB
MemFree:          123648 kB
Active:           408648 kB
Mem:          3.8G       3.7G       121M       5.7M        27M       3.2G

MemTotal:        4016004 kB
MemFree:          127552 kB
Active:           409048 kB
Mem:          3.8G       3.7G       124M       5.7M        27M       3.2G

MemTotal:        4016004 kB
MemFree:          131544 kB
Active:           407968 kB
Mem:          3.8G       3.7G       128M       5.7M        27M       3.2G

MemTotal:        4016004 kB
MemFree:          131552 kB
Active:           408124 kB
Mem:          3.8G       3.7G       128M       5.7M        27M       3.2G

MemTotal:        4016004 kB
MemFree:          131152 kB
Active:           408128 kB
Mem:          3.8G       3.7G       128M       5.7M        27M       3.2G

MemTotal:        4016004 kB
MemFree:          128076 kB
Active:           408100 kB
Mem:          3.8G       3.7G       124M       5.7M        27M       3.2G

MemTotal:        4016004 kB
MemFree:          147224 kB
Active:           408396 kB
Mem:          3.8G       3.7G       143M       5.7M        27M       3.2G

MemTotal:        4016004 kB
MemFree:          136272 kB
Active:           408704 kB
Mem:          3.8G       3.7G       136M       5.7M        27M       3.2G

MemTotal:        4016004 kB
MemFree:          127028 kB
Active:           408988 kB
Mem:          3.8G       3.7G       123M       5.7M        27M       3.2G

MemTotal:        4016004 kB
MemFree:          127636 kB
Active:           409068 kB
Mem:          3.8G       3.7G       124M       5.7M        27M       3.2G

MemTotal:        4016004 kB
MemFree:          112100 kB
Active:           401108 kB
Mem:          3.8G       3.7G       108M       5.7M        27M       3.2G

MemTotal:        4016004 kB
MemFree:          132036 kB
Active:           401332 kB
Mem:          3.8G       3.7G       128M       5.7M        27M       3.2G

MemTotal:        4016004 kB
MemFree:          131548 kB
Active:           401452 kB
Mem:          3.8G       3.7G       128M       5.7M        27M       3.2G

MemTotal:        4016004 kB
MemFree:          111356 kB
Active:           402596 kB
Mem:          3.8G       3.7G       108M       5.7M        27M       3.2G

MemTotal:        4016004 kB
MemFree:          128556 kB
Active:           401996 kB
Mem:          3.8G       3.7G       125M       5.7M        27M       3.2G

MemTotal:        4016004 kB
MemFree:          116308 kB
Active:           401884 kB
Mem:          3.8G       3.7G       113M       5.7M        27M       3.2G

MemTotal:        4016004 kB
MemFree:          106600 kB
Active:           402144 kB
Mem:          3.8G       3.7G       103M       5.7M        27M       3.2G

MemTotal:        4016004 kB
MemFree:          108872 kB
Active:           402316 kB
Mem:          3.8G       3.7G       106M       5.7M        27M       3.2G

MemTotal:        4016004 kB
MemFree:          109700 kB
Active:           402396 kB
Mem:          3.8G       3.7G       106M       5.7M        27M       3.2G

MemTotal:        4016004 kB
MemFree:          109520 kB
Active:           402376 kB
Mem:          3.8G       3.7G       106M       5.7M        27M       3.2G

MemTotal:        4016004 kB
MemFree:          133480 kB
Active:           402516 kB
Mem:          3.8G       3.7G       130M       5.7M        27M       3.2G

MemTotal:        4016004 kB
MemFree:          109876 kB
Active:           400740 kB
Mem:          3.8G       3.7G       106M       5.7M        27M       3.2G

MemTotal:        4016004 kB
MemFree:          114024 kB
Active:           400992 kB
Mem:          3.8G       3.7G       111M       5.7M        27M       3.2G

MemTotal:        4016004 kB
MemFree:          136544 kB
Active:           401128 kB
Mem:          3.8G       3.7G       133M       5.7M        27M       3.2G

MemTotal:        4016004 kB
MemFree:          136144 kB
Active:           401152 kB
Mem:          3.8G       3.7G       132M       5.7M        27M       3.2G

MemTotal:        4016004 kB
MemFree:          136180 kB
Active:           401140 kB
Mem:          3.8G       3.7G       133M       5.7M        27M       3.2G

MemTotal:        4016004 kB
MemFree:          135476 kB
Active:           401300 kB
Mem:          3.8G       3.7G       131M       5.7M        27M       3.2G

MemTotal:        4016004 kB
MemFree:          120172 kB
Active:           400564 kB
Mem:          3.8G       3.7G       116M       5.7M        27M       3.2G

MemTotal:        4016004 kB
MemFree:          138328 kB
Active:           400852 kB
Mem:          3.8G       3.7G       135M       5.7M        27M       3.2G

MemTotal:        4016004 kB
MemFree:          128096 kB
Active:           401084 kB
Mem:          3.8G       3.7G       125M       5.7M        27M       3.2G

MemTotal:        4016004 kB
MemFree:          127576 kB
Active:           401316 kB
Mem:          3.8G       3.7G       124M       5.7M        27M       3.2G

MemTotal:        4016004 kB
MemFree:          127952 kB
Active:           401504 kB
Mem:          3.8G       3.7G       124M       5.7M        27M       3.2G

MemTotal:        4016004 kB
MemFree:          127620 kB
Active:           401608 kB
Mem:          3.8G       3.7G       124M       5.7M        27M       3.2G

MemTotal:        4016004 kB
MemFree:          127692 kB
Active:           401620 kB
Mem:          3.8G       3.7G       124M       5.7M        27M       3.2G

MemTotal:        4016004 kB
MemFree:          123352 kB
Active:           401724 kB
Mem:          3.8G       3.7G       119M       5.7M        27M       3.2G

MemTotal:        4016004 kB
MemFree:          132572 kB
Active:           401948 kB
Mem:          3.8G       3.7G       129M       5.7M        27M       3.2G

MemTotal:        4016004 kB
MemFree:          126976 kB
Active:           402040 kB
Mem:          3.8G       3.7G       124M       5.7M        27M       3.2G

MemTotal:        4016004 kB
MemFree:          125184 kB
Active:           402264 kB
Mem:          3.8G       3.7G       122M       5.7M        27M       3.2G

MemTotal:        4016004 kB
MemFree:          125556 kB
Active:           402264 kB
Mem:          3.8G       3.7G       122M       5.7M        27M       3.2G

MemTotal:        4016004 kB
MemFree:          123072 kB
Active:           404284 kB
Mem:          3.8G       3.7G       119M       5.7M        27M       3.2G

MemTotal:        4016004 kB
MemFree:          134472 kB
Active:           401024 kB
Mem:          3.8G       3.7G       131M       5.7M        27M       3.2G

MemTotal:        4016004 kB
MemFree:          143160 kB
Active:           401136 kB
Mem:          3.8G       3.7G       139M       5.7M        27M       3.2G

MemTotal:        4016004 kB
MemFree:          143300 kB
Active:           401320 kB
Mem:          3.8G       3.7G       139M       5.7M        27M       3.2G

MemTotal:        4016004 kB
MemFree:          143200 kB
Active:           401320 kB
Mem:          3.8G       3.7G       139M       5.7M        27M       3.2G

MemTotal:        4016004 kB
MemFree:          113740 kB
Active:           401708 kB
Mem:          3.8G       3.7G       110M       5.7M        27M       3.2G

MemTotal:        4016004 kB
MemFree:          145792 kB
Active:           402144 kB
Mem:          3.8G       3.7G       142M       5.7M        27M       3.2G

MemTotal:        4016004 kB
MemFree:          127148 kB
Active:           402368 kB
Mem:          3.8G       3.7G       124M       5.7M        27M       3.2G

MemTotal:        4016004 kB
MemFree:          110972 kB
Active:           402576 kB
Mem:          3.8G       3.7G       108M       5.7M        27M       3.2G

MemTotal:        4016004 kB
MemFree:          111128 kB
Active:           402576 kB
Mem:          3.8G       3.7G       108M       5.7M        27M       3.2G

MemTotal:        4016004 kB
MemFree:          111660 kB
Active:           402544 kB
Mem:          3.8G       3.7G       109M       5.7M        27M       3.2G

MemTotal:        4016004 kB
MemFree:          111076 kB
Active:           402576 kB
Mem:          3.8G       3.7G       108M       5.7M        27M       3.2G

MemTotal:        4016004 kB
MemFree:          138168 kB
Active:           402912 kB
Mem:          3.8G       3.7G       135M       5.7M        27M       3.2G

MemTotal:        4016004 kB
MemFree:          128232 kB
Active:           399664 kB
Mem:          3.8G       3.7G       125M       5.7M        27M       3.2G

MemTotal:        4016004 kB
MemFree:          106228 kB
Active:           399772 kB
Mem:          3.8G       3.7G       103M       5.7M        27M       3.2G

MemTotal:        4016004 kB
MemFree:          105796 kB
Active:           399804 kB
Mem:          3.8G       3.7G       102M       5.7M        27M       3.2G

MemTotal:        4016004 kB
MemFree:          105612 kB
Active:           399768 kB
Mem:          3.8G       3.7G       103M       5.7M        27M       3.2G

MemTotal:        4016004 kB
MemFree:          140468 kB
Active:           399808 kB
Mem:          3.8G       3.7G       137M       5.7M        27M       3.2G

MemTotal:        4016004 kB
MemFree:          123084 kB
Active:           400196 kB
Mem:          3.8G       3.7G       120M       5.7M        27M       3.2G

MemTotal:        4016004 kB
MemFree:          116680 kB
Active:           400620 kB
Mem:          3.8G       3.7G       113M       5.7M        27M       3.2G

MemTotal:        4016004 kB
MemFree:          116436 kB
Active:           400648 kB
Mem:          3.8G       3.7G       113M       5.7M        27M       3.2G

MemTotal:        4016004 kB
MemFree:          134272 kB
Active:           400620 kB
Mem:          3.8G       3.7G       131M       5.7M        27M       3.2G

MemTotal:        4016004 kB
MemFree:          135364 kB
Active:           401092 kB
Mem:          3.8G       3.7G       132M       5.7M        27M       3.2G

MemTotal:        4016004 kB
MemFree:          127344 kB
Active:           401304 kB
Mem:          3.8G       3.7G       124M       5.7M        27M       3.2G

MemTotal:        4016004 kB
MemFree:          125996 kB
Active:           401600 kB
Mem:          3.8G       3.7G       122M       5.7M        27M       3.2G

MemTotal:        4016004 kB
MemFree:          131036 kB
Active:           401756 kB
Mem:          3.8G       3.7G       127M       5.7M        27M       3.2G

MemTotal:        4016004 kB
MemFree:          108384 kB
Active:           401888 kB
Mem:          3.8G       3.7G       106M       5.7M        27M       3.2G

MemTotal:        4016004 kB
MemFree:          107984 kB
Active:           401904 kB
Mem:          3.8G       3.7G       105M       5.7M        27M       3.2G

MemTotal:        4016004 kB
MemFree:          130848 kB
Active:           402064 kB
Mem:          3.8G       3.7G       127M       5.7M        27M       3.2G

MemTotal:        4016004 kB
MemFree:          149068 kB
Active:           401772 kB
Mem:          3.8G       3.7G       145M       5.7M        28M       3.2G

MemTotal:        4016004 kB
MemFree:          129176 kB
Active:           401964 kB
Mem:          3.8G       3.7G       125M       5.7M        28M       3.2G

MemTotal:        4016004 kB
MemFree:          117384 kB
Active:           402148 kB
Mem:          3.8G       3.7G       114M       5.7M        28M       3.2G

MemTotal:        4016004 kB
MemFree:          110796 kB
Active:           402244 kB
Mem:          3.8G       3.7G       108M       5.7M        28M       3.2G

MemTotal:        4016004 kB
MemFree:          110704 kB
Active:           402232 kB
Mem:          3.8G       3.7G       108M       5.7M        28M       3.2G

MemTotal:        4016004 kB
MemFree:          110988 kB
Active:           402240 kB
Mem:          3.8G       3.7G       108M       5.7M        28M       3.2G

MemTotal:        4016004 kB
MemFree:          137576 kB
Active:           402668 kB
Mem:          3.8G       3.7G       134M       5.7M        28M       3.2G

MemTotal:        4016004 kB
MemFree:          132476 kB
Active:           402688 kB
Mem:          3.8G       3.7G       129M       5.7M        28M       3.2G

MemTotal:        4016004 kB
MemFree:          113576 kB
Active:           403152 kB
Mem:          3.8G       3.7G       110M       5.7M        28M       3.2G

MemTotal:        4016004 kB
MemFree:          112832 kB
Active:           403252 kB
Mem:          3.8G       3.7G       110M       5.7M        28M       3.2G

MemTotal:        4016004 kB
MemFree:          112464 kB
Active:           403256 kB
Mem:          3.8G       3.7G       109M       5.7M        28M       3.2G

MemTotal:        4016004 kB
MemFree:          112288 kB
Active:           403208 kB
Mem:          3.8G       3.7G       109M       5.7M        28M       3.2G

MemTotal:        4016004 kB
MemFree:          122428 kB
Active:           403692 kB
Mem:          3.8G       3.7G       119M       5.7M        28M       3.2G

MemTotal:        4016004 kB
MemFree:          123852 kB
Active:           404008 kB
Mem:          3.8G       3.7G       120M       5.7M        28M       3.2G

MemTotal:        4016004 kB
MemFree:          114080 kB
Active:           404204 kB
Mem:          3.8G       3.7G       111M       5.7M        28M       3.2G

MemTotal:        4016004 kB
MemFree:          114116 kB
Active:           404204 kB
Mem:          3.8G       3.7G       111M       5.7M        28M       3.2G

MemTotal:        4016004 kB
MemFree:          114492 kB
Active:           404184 kB
Mem:          3.8G       3.7G       111M       5.7M        28M       3.2G

MemTotal:        4016004 kB
MemFree:          106200 kB
Active:           404632 kB
Mem:          3.8G       3.7G       103M       5.7M        28M       3.2G

MemTotal:        4016004 kB
MemFree:          135956 kB
Active:           404860 kB
Mem:          3.8G       3.7G       132M       5.7M        28M       3.2G

MemTotal:        4016004 kB
MemFree:          135308 kB
Active:           404860 kB
Mem:          3.8G       3.7G       131M       5.7M        28M       3.2G

MemTotal:        4016004 kB
MemFree:          135372 kB
Active:           404868 kB
Mem:          3.8G       3.7G       132M       5.7M        28M       3.2G

MemTotal:        4016004 kB
MemFree:          108740 kB
Active:           404884 kB
Mem:          3.8G       3.7G       106M       5.7M        28M       3.2G

MemTotal:        4016004 kB
MemFree:          119012 kB
Active:           405608 kB
Mem:          3.8G       3.7G       115M       5.7M        28M       3.2G

MemTotal:        4016004 kB
MemFree:          125604 kB
Active:           405820 kB
Mem:          3.8G       3.7G       121M       5.7M        28M       3.2G

MemTotal:        4016004 kB
MemFree:          135408 kB
Active:           405972 kB
Mem:          3.8G       3.7G       132M       5.7M        28M       3.2G

MemTotal:        4016004 kB
MemFree:          136028 kB
Active:           405956 kB
Mem:          3.8G       3.7G       133M       5.7M        28M       3.2G

MemTotal:        4016004 kB
MemFree:          136788 kB
Active:           405972 kB
Mem:          3.8G       3.7G       133M       5.7M        28M       3.2G

MemTotal:        4016004 kB
MemFree:          136216 kB
Active:           406404 kB
Mem:          3.8G       3.7G       133M       5.7M        28M       3.2G

MemTotal:        4016004 kB
MemFree:          108348 kB
Active:           406412 kB
Mem:          3.8G       3.7G       105M       5.7M        28M       3.2G

MemTotal:        4016004 kB
MemFree:          144560 kB
Active:           406824 kB
Mem:          3.8G       3.7G       141M       5.7M        28M       3.2G

MemTotal:        4016004 kB
MemFree:          144736 kB
Active:           407032 kB
Mem:          3.8G       3.7G       141M       5.7M        28M       3.2G

MemTotal:        4016004 kB
MemFree:          144336 kB
Active:           407044 kB
Mem:          3.8G       3.7G       141M       5.7M        28M       3.2G

MemTotal:        4016004 kB
MemFree:          128784 kB
Active:           407160 kB
Mem:          3.8G       3.7G       124M       5.7M        28M       3.2G

MemTotal:        4016004 kB
MemFree:          122776 kB
Active:           407612 kB
Mem:          3.8G       3.7G       119M       5.7M        28M       3.2G

MemTotal:        4016004 kB
MemFree:          123596 kB
Active:           407836 kB
Mem:          3.8G       3.7G       120M       5.7M        28M       3.2G

MemTotal:        4016004 kB
MemFree:          123720 kB
Active:           407932 kB
Mem:          3.8G       3.7G       120M       5.7M        28M       3.2G

MemTotal:        4016004 kB
MemFree:          123632 kB
Active:           407924 kB
Mem:          3.8G       3.7G       120M       5.7M        28M       3.2G

MemTotal:        4016004 kB
MemFree:          130396 kB
Active:           408320 kB
Mem:          3.8G       3.7G       127M       5.7M        28M       3.2G

MemTotal:        4016004 kB
MemFree:          131956 kB
Active:           408560 kB
Mem:          3.8G       3.7G       128M       5.7M        28M       3.2G

MemTotal:        4016004 kB
MemFree:          138444 kB
Active:           408712 kB
Mem:          3.8G       3.7G       134M       5.7M        28M       3.2G

MemTotal:        4016004 kB
MemFree:          137540 kB
Active:           408952 kB
Mem:          3.8G       3.7G       134M       5.7M        28M       3.2G

MemTotal:        4016004 kB
MemFree:          137976 kB
Active:           408920 kB
Mem:          3.8G       3.7G       134M       5.7M        28M       3.2G

MemTotal:        4016004 kB
MemFree:          143820 kB
Active:           409564 kB
Mem:          3.8G       3.7G       140M       5.7M        28M       3.2G

MemTotal:        4016004 kB
MemFree:          115216 kB
Active:           409592 kB
Mem:          3.8G       3.7G       112M       5.7M        28M       3.2G

MemTotal:        4016004 kB
MemFree:          112332 kB
Active:           409776 kB
Mem:          3.8G       3.7G       109M       5.7M        28M       3.2G

MemTotal:        4016004 kB
MemFree:          111404 kB
Active:           409784 kB
Mem:          3.8G       3.7G       108M       5.7M        28M       3.2G

MemTotal:        4016004 kB
MemFree:          110352 kB
Active:           409760 kB
Mem:          3.8G       3.7G       107M       5.7M        28M       3.2G

MemTotal:        4016004 kB
MemFree:          120720 kB
Active:           409884 kB
Mem:          3.8G       3.7G       117M       5.7M        28M       3.2G

MemTotal:        4016004 kB
MemFree:          138236 kB
Active:           410128 kB
Mem:          3.8G       3.7G       135M       5.7M        28M       3.2G

MemTotal:        4016004 kB
MemFree:          138516 kB
Active:           410144 kB
Mem:          3.8G       3.7G       135M       5.7M        28M       3.2G

MemTotal:        4016004 kB
MemFree:          138768 kB
Active:           410112 kB
Mem:          3.8G       3.7G       135M       5.7M        28M       3.2G

MemTotal:        4016004 kB
MemFree:          137844 kB
Active:           410144 kB
Mem:          3.8G       3.7G       134M       5.7M        28M       3.2G

MemTotal:        4016004 kB
MemFree:          115120 kB
Active:           410756 kB
Mem:          3.8G       3.7G       112M       5.7M        28M       3.2G

MemTotal:        4016004 kB
MemFree:          114860 kB
Active:           411000 kB
Mem:          3.8G       3.7G       111M       5.7M        28M       3.2G

MemTotal:        4016004 kB
MemFree:          141036 kB
Active:           411204 kB
Mem:          3.8G       3.7G       137M       5.7M        28M       3.2G

MemTotal:        4016004 kB
MemFree:          140604 kB
Active:           411252 kB
Mem:          3.8G       3.7G       137M       5.7M        28M       3.2G

MemTotal:        4016004 kB
MemFree:          139004 kB
Active:           411196 kB
Mem:          3.8G       3.7G       135M       5.7M        28M       3.2G

MemTotal:        4016004 kB
MemFree:          139444 kB
Active:           413276 kB
Mem:          3.8G       3.7G       136M       5.7M        28M       3.2G

MemTotal:        4016004 kB
MemFree:          132364 kB
Active:           412820 kB
Mem:          3.8G       3.7G       129M       5.7M        28M       3.2G

MemTotal:        4016004 kB
MemFree:          105548 kB
Active:           413184 kB
Mem:          3.8G       3.7G       102M       5.7M        28M       3.2G

MemTotal:        4016004 kB
MemFree:          105424 kB
Active:           413304 kB
Mem:          3.8G       3.7G       102M       5.7M        28M       3.2G

MemTotal:        4016004 kB
MemFree:          105832 kB
Active:           413276 kB
Mem:          3.8G       3.7G       103M       5.7M        28M       3.2G

MemTotal:        4016004 kB
MemFree:          106056 kB
Active:           413284 kB
Mem:          3.8G       3.7G       103M       5.7M        28M       3.2G

MemTotal:        4016004 kB
MemFree:          106024 kB
Active:           413368 kB
Mem:          3.8G       3.7G       103M       5.7M        28M       3.2G

MemTotal:        4016004 kB
MemFree:          110988 kB
Active:           413852 kB
Mem:          3.8G       3.7G       113M       5.7M        28M       3.2G

MemTotal:        4016004 kB
MemFree:          136952 kB
Active:           414004 kB
Mem:          3.8G       3.7G       133M       5.7M        28M       3.2G

MemTotal:        4016004 kB
MemFree:          137792 kB
Active:           414004 kB
Mem:          3.8G       3.7G       134M       5.7M        28M       3.2G

MemTotal:        4016004 kB
MemFree:          137920 kB
Active:           413988 kB
Mem:          3.8G       3.7G       134M       5.7M        28M       3.2G

MemTotal:        4016004 kB
MemFree:          118300 kB
Active:           414548 kB
Mem:          3.8G       3.7G       115M       5.7M        28M       3.2G

MemTotal:        4016004 kB
MemFree:          111740 kB
Active:           414864 kB
Mem:          3.8G       3.7G       109M       5.7M        28M       3.2G

MemTotal:        4016004 kB
MemFree:          126316 kB
Active:           414964 kB
Mem:          3.8G       3.7G       122M       5.7M        28M       3.2G

MemTotal:        4016004 kB
MemFree:          128684 kB
Active:           415704 kB
Mem:          3.8G       3.7G       125M       5.7M        28M       3.2G

MemTotal:        4016004 kB
MemFree:          132624 kB
Active:           415924 kB
Mem:          3.8G       3.7G       129M       5.7M        28M       3.2G

MemTotal:        4016004 kB
MemFree:          130812 kB
Active:           416000 kB
Mem:          3.8G       3.7G       127M       5.7M        28M       3.2G

MemTotal:        4016004 kB
MemFree:          131004 kB
Active:           416028 kB
Mem:          3.8G       3.7G       127M       5.7M        28M       3.2G

MemTotal:        4016004 kB
MemFree:          125464 kB
Active:           418240 kB
Mem:          3.8G       3.7G       122M       5.7M        28M       3.2G

MemTotal:        4016004 kB
MemFree:          141016 kB
Active:           418552 kB
Mem:          3.8G       3.7G       142M       5.7M        28M       3.2G

MemTotal:        4016004 kB
MemFree:          134688 kB
Active:           418796 kB
Mem:          3.8G       3.7G       130M       5.7M        28M       3.2G

MemTotal:        4016004 kB
MemFree:          128672 kB
Active:           419032 kB
Mem:          3.8G       3.7G       125M       5.7M        28M       3.2G

MemTotal:        4016004 kB
MemFree:          128304 kB
Active:           419024 kB
Mem:          3.8G       3.7G       125M       5.7M        28M       3.2G

MemTotal:        4016004 kB
MemFree:          128028 kB
Active:           419076 kB
Mem:          3.8G       3.7G       125M       5.7M        28M       3.2G

MemTotal:        4016004 kB
MemFree:          150084 kB
Active:           419440 kB
Mem:          3.8G       3.7G       146M       5.7M        28M       3.1G

MemTotal:        4016004 kB
MemFree:          125040 kB
Active:           419660 kB
Mem:          3.8G       3.7G       122M       5.7M        28M       3.2G

MemTotal:        4016004 kB
MemFree:          115448 kB
Active:           419968 kB
Mem:          3.8G       3.7G       112M       5.7M        28M       3.2G

MemTotal:        4016004 kB
MemFree:          115676 kB
Active:           420028 kB
Mem:          3.8G       3.7G       113M       5.7M        28M       3.2G

MemTotal:        4016004 kB
MemFree:          115868 kB
Active:           420048 kB
Mem:          3.8G       3.7G       113M       5.7M        28M       3.2G

MemTotal:        4016004 kB
MemFree:          116152 kB
Active:           420036 kB
Mem:          3.8G       3.7G       113M       5.7M        28M       3.2G

MemTotal:        4016004 kB
MemFree:          119896 kB
Active:           420484 kB
Mem:          3.8G       3.7G       116M       5.7M        28M       3.2G

MemTotal:        4016004 kB
MemFree:          108276 kB
Active:           420648 kB
Mem:          3.8G       3.7G       105M       5.7M        28M       3.2G

MemTotal:        4016004 kB
MemFree:          105088 kB
Active:           420980 kB
Mem:          3.8G       3.7G       102M       5.7M        28M       3.2G

MemTotal:        4016004 kB
MemFree:          127772 kB
Active:           420984 kB
Mem:          3.8G       3.7G       124M       5.7M        28M       3.2G

MemTotal:        4016004 kB
MemFree:          128120 kB
Active:           420948 kB
Mem:          3.8G       3.7G       124M       5.7M        28M       3.2G

MemTotal:        4016004 kB
MemFree:          124624 kB
Active:           421592 kB
Mem:          3.8G       3.7G       121M       5.7M        28M       3.2G

MemTotal:        4016004 kB
MemFree:          111616 kB
Active:           421820 kB
Mem:          3.8G       3.7G       109M       5.7M        28M       3.2G

MemTotal:        4016004 kB
MemFree:          111588 kB
Active:           421832 kB
Mem:          3.8G       3.7G       109M       5.7M        28M       3.2G

MemTotal:        4016004 kB
MemFree:          111936 kB
Active:           421792 kB
Mem:          3.8G       3.7G       108M       5.7M        28M       3.2G

MemTotal:        4016004 kB
MemFree:          130188 kB
Active:           422192 kB
Mem:          3.8G       3.7G       126M       5.7M        28M       3.2G

MemTotal:        4016004 kB
MemFree:          113752 kB
Active:           422572 kB
Mem:          3.8G       3.7G       111M       5.7M        28M       3.2G

MemTotal:        4016004 kB
MemFree:          123116 kB
Active:           422736 kB
Mem:          3.8G       3.7G       120M       5.7M        28M       3.2G

MemTotal:        4016004 kB
MemFree:          122560 kB
Active:           422740 kB
Mem:          3.8G       3.7G       119M       5.7M        28M       3.2G

MemTotal:        4016004 kB
MemFree:          122068 kB
Active:           422736 kB
Mem:          3.8G       3.7G       119M       5.7M        28M       3.2G

MemTotal:        4016004 kB
MemFree:          125744 kB
Active:           423016 kB
Mem:          3.8G       3.7G       121M       5.7M        28M       3.2G

MemTotal:        4016004 kB
MemFree:          124272 kB
Active:           423556 kB
Mem:          3.8G       3.7G       120M       5.7M        28M       3.2G

MemTotal:        4016004 kB
MemFree:          111188 kB
Active:           423820 kB
Mem:          3.8G       3.7G       108M       5.7M        28M       3.2G

MemTotal:        4016004 kB
MemFree:          111684 kB
Active:           423800 kB
Mem:          3.8G       3.7G       108M       5.7M        28M       3.2G

MemTotal:        4016004 kB
MemFree:          111720 kB
Active:           423764 kB
Mem:          3.8G       3.7G       109M       5.7M        28M       3.2G

MemTotal:        4016004 kB
MemFree:          129144 kB
Active:           423824 kB
Mem:          3.8G       3.7G       125M       5.7M        28M       3.2G

MemTotal:        4016004 kB
MemFree:          130256 kB
Active:           423964 kB
Mem:          3.8G       3.7G       127M       5.7M        28M       3.2G

MemTotal:        4016004 kB
MemFree:          131464 kB
Active:           424264 kB
Mem:          3.8G       3.7G       128M       5.7M        28M       3.2G

MemTotal:        4016004 kB
MemFree:          130920 kB
Active:           424548 kB
Mem:          3.8G       3.7G       127M       5.7M        28M       3.2G

MemTotal:        4016004 kB
MemFree:          131172 kB
Active:           424516 kB
Mem:          3.8G       3.7G       128M       5.7M        28M       3.2G

MemTotal:        4016004 kB
MemFree:          131892 kB
Active:           424884 kB
Mem:          3.8G       3.7G       128M       5.7M        28M       3.2G

MemTotal:        4016004 kB
MemFree:          130428 kB
Active:           425368 kB
Mem:          3.8G       3.7G       126M       5.7M        28M       3.2G

MemTotal:        4016004 kB
MemFree:          135380 kB
Active:           425616 kB
Mem:          3.8G       3.7G       131M       5.7M        28M       3.2G

MemTotal:        4016004 kB
MemFree:          134948 kB
Active:           425644 kB
Mem:          3.8G       3.7G       131M       5.7M        28M       3.2G

MemTotal:        4016004 kB
MemFree:          134984 kB
Active:           425616 kB
Mem:          3.8G       3.7G       131M       5.7M        28M       3.2G

MemTotal:        4016004 kB
MemFree:          131484 kB
Active:           425688 kB
Mem:          3.8G       3.7G       127M       5.7M        28M       3.2G

MemTotal:        4016004 kB
MemFree:          130884 kB
Active:           425872 kB
Mem:          3.8G       3.7G       127M       5.7M        28M       3.2G

MemTotal:        4016004 kB
MemFree:          130248 kB
Active:           425864 kB
Mem:          3.8G       3.7G       127M       5.7M        28M       3.2G

MemTotal:        4016004 kB
MemFree:          130316 kB
Active:           425892 kB
Mem:          3.8G       3.7G       127M       5.7M        28M       3.2G

MemTotal:        4016004 kB
MemFree:          135172 kB
Active:           426416 kB
Mem:          3.8G       3.7G       131M       5.7M        28M       3.2G

MemTotal:        4016004 kB
MemFree:          135072 kB
Active:           426672 kB
Mem:          3.8G       3.7G       131M       5.7M        28M       3.2G

MemTotal:        4016004 kB
MemFree:          131212 kB
Active:           426696 kB
Mem:          3.8G       3.7G       128M       5.7M        28M       3.2G

MemTotal:        4016004 kB
MemFree:          138264 kB
Active:           426936 kB
Mem:          3.8G       3.7G       133M       5.7M        28M       3.2G

MemTotal:        4016004 kB
MemFree:         1095892 kB
Active:           370452 kB
Mem:          3.8G       2.8G       1.1G       5.7M        28M       2.3G

MemTotal:        4016004 kB
MemFree:         3280292 kB
Active:           362032 kB
Mem:          3.8G       718M       3.1G       5.7M        28M       270M

MemTotal:        4016004 kB
MemFree:         3321484 kB
Active:           361876 kB
Mem:          3.8G       678M       3.2G       5.7M        28M       231M

MemTotal:        4016004 kB
MemFree:         3364888 kB
Active:           361720 kB
Mem:          3.8G       635M       3.2G       5.7M        28M       190M

MemTotal:        4016004 kB
MemFree:         3072284 kB
Active:           362820 kB
Mem:          3.8G       921M       2.9G       5.7M        28M       470M

MemTotal:        4016004 kB
MemFree:         3015088 kB
Active:           362952 kB
Mem:          3.8G       977M       2.9G       5.7M        28M       525M

MemTotal:        4016004 kB
MemFree:         2947948 kB
Active:           363300 kB
Mem:          3.8G       1.0G       2.8G       5.7M        28M       591M

MemTotal:        4016004 kB
MemFree:         2884212 kB
Active:           363552 kB
Mem:          3.8G       1.1G       2.8G       5.7M        28M       651M

MemTotal:        4016004 kB
MemFree:         2842672 kB
Active:           363708 kB
Mem:          3.8G       1.1G       2.7G       5.7M        28M       691M

MemTotal:        4016004 kB
MemFree:         2836256 kB
Active:           363796 kB
Mem:          3.8G       1.1G       2.7G       5.7M        28M       697M

MemTotal:        4016004 kB
MemFree:         2836228 kB
Active:           363764 kB
Mem:          3.8G       1.1G       2.7G       5.7M        28M       697M

MemTotal:        4016004 kB
MemFree:         2835892 kB
Active:           363776 kB
Mem:          3.8G       1.1G       2.7G       5.7M        28M       697M

MemTotal:        4016004 kB
MemFree:         2794272 kB
Active:           363980 kB
Mem:          3.8G       1.2G       2.7G       5.7M        28M       738M

MemTotal:        4016004 kB
MemFree:         2665620 kB
Active:           364360 kB
Mem:          3.8G       1.3G       2.5G       5.7M        28M       860M

MemTotal:        4016004 kB
MemFree:         2655556 kB
Active:           364512 kB
Mem:          3.8G       1.3G       2.5G       5.7M        28M       869M

MemTotal:        4016004 kB
MemFree:         2655684 kB
Active:           364504 kB
Mem:          3.8G       1.3G       2.5G       5.7M        28M       869M

MemTotal:        4016004 kB
MemFree:         2654860 kB
Active:           364476 kB
Mem:          3.8G       1.3G       2.5G       5.7M        28M       869M

MemTotal:        4016004 kB
MemFree:         2567128 kB
Active:           364852 kB
Mem:          3.8G       1.4G       2.4G       5.7M        28M       952M

MemTotal:        4016004 kB
MemFree:         2539060 kB
Active:           364964 kB
Mem:          3.8G       1.4G       2.4G       5.7M        28M       979M

MemTotal:        4016004 kB
MemFree:         2376424 kB
Active:           365424 kB
Mem:          3.8G       1.6G       2.3G       5.7M        28M       1.1G

MemTotal:        4016004 kB
MemFree:         2373884 kB
Active:           365612 kB
Mem:          3.8G       1.6G       2.3G       5.7M        28M       1.1G

MemTotal:        4016004 kB
MemFree:         2373856 kB
Active:           365576 kB
Mem:          3.8G       1.6G       2.3G       5.7M        28M       1.1G

MemTotal:        4016004 kB
MemFree:         2323904 kB
Active:           365608 kB
Mem:          3.8G       1.6G       2.2G       5.7M        28M       1.2G

MemTotal:        4016004 kB
MemFree:         2215312 kB
Active:           365992 kB
Mem:          3.8G       1.7G       2.1G       5.7M        28M       1.3G

MemTotal:        4016004 kB
MemFree:         2188460 kB
Active:           366328 kB
Mem:          3.8G       1.7G       2.1G       5.7M        28M       1.3G

MemTotal:        4016004 kB
MemFree:         2188308 kB
Active:           366288 kB
Mem:          3.8G       1.7G       2.1G       5.7M        28M       1.3G

MemTotal:        4016004 kB
MemFree:         2188160 kB
Active:           366336 kB
Mem:          3.8G       1.7G       2.1G       5.7M        28M       1.3G

MemTotal:        4016004 kB
MemFree:         2022024 kB
Active:           366732 kB
Mem:          3.8G       1.9G       1.9G       5.7M        28M       1.4G

MemTotal:        4016004 kB
MemFree:         1946632 kB
Active:           367096 kB
Mem:          3.8G       2.0G       1.9G       5.7M        28M       1.5G

MemTotal:        4016004 kB
MemFree:         1863792 kB
Active:           367524 kB
Mem:          3.8G       2.1G       1.8G       5.7M        28M       1.6G

MemTotal:        4016004 kB
MemFree:         1809244 kB
Active:           367604 kB
Mem:          3.8G       2.1G       1.7G       5.7M        28M       1.6G

MemTotal:        4016004 kB
MemFree:         1767188 kB
Active:           367888 kB
Mem:          3.8G       2.1G       1.7G       5.7M        28M       1.7G

MemTotal:        4016004 kB
MemFree:         1734620 kB
Active:           368040 kB
Mem:          3.8G       2.2G       1.7G       5.7M        28M       1.7G

MemTotal:        4016004 kB
MemFree:         1673608 kB
Active:           368248 kB
Mem:          3.8G       2.2G       1.6G       5.7M        28M       1.8G

MemTotal:        4016004 kB
MemFree:         1664012 kB
Active:           368360 kB
Mem:          3.8G       2.2G       1.6G       5.7M        28M       1.8G

MemTotal:        4016004 kB
MemFree:         1663916 kB
Active:           368368 kB
Mem:          3.8G       2.2G       1.6G       5.7M        28M       1.8G

MemTotal:        4016004 kB
MemFree:         1632032 kB
Active:           368348 kB
Mem:          3.8G       2.3G       1.6G       5.7M        28M       1.8G

MemTotal:        4016004 kB
MemFree:         1536572 kB
Active:           368656 kB
Mem:          3.8G       2.4G       1.5G       5.7M        28M       1.9G

MemTotal:        4016004 kB
MemFree:         1481604 kB
Active:           368992 kB
Mem:          3.8G       2.4G       1.4G       5.7M        28M       1.9G

MemTotal:        4016004 kB
MemFree:         1480984 kB
Active:           369100 kB
Mem:          3.8G       2.4G       1.4G       5.7M        28M       1.9G

MemTotal:        4016004 kB
MemFree:         1480804 kB
Active:           369076 kB
Mem:          3.8G       2.4G       1.4G       5.7M        28M       1.9G

MemTotal:        4016004 kB
MemFree:         1480996 kB
Active:           369092 kB
Mem:          3.8G       2.4G       1.4G       5.7M        28M       1.9G

MemTotal:        4016004 kB
MemFree:         1332484 kB
Active:           369516 kB
Mem:          3.8G       2.6G       1.3G       5.7M        28M       2.1G

MemTotal:        4016004 kB
MemFree:         1251196 kB
Active:           369884 kB
Mem:          3.8G       2.6G       1.2G       5.7M        28M       2.2G

MemTotal:        4016004 kB
MemFree:         1231820 kB
Active:           370080 kB
Mem:          3.8G       2.7G       1.2G       5.7M        28M       2.2G

MemTotal:        4016004 kB
MemFree:         1230860 kB
Active:           370092 kB
Mem:          3.8G       2.7G       1.2G       5.7M        28M       2.2G

MemTotal:        4016004 kB
MemFree:         1230460 kB
Active:           370100 kB
Mem:          3.8G       2.7G       1.2G       5.7M        28M       2.2G

MemTotal:        4016004 kB
MemFree:         1230964 kB
Active:           370048 kB
Mem:          3.8G       2.7G       1.2G       5.7M        28M       2.2G

MemTotal:        4016004 kB
MemFree:         1061928 kB
Active:           370644 kB
Mem:          3.8G       2.8G       1.0G       5.7M        28M       2.3G

MemTotal:        4016004 kB
MemFree:          981180 kB
Active:           370816 kB
Mem:          3.8G       2.9G       957M       5.7M        28M       2.4G

MemTotal:        4016004 kB
MemFree:          962052 kB
Active:           371104 kB
Mem:          3.8G       2.9G       939M       5.7M        28M       2.4G

MemTotal:        4016004 kB
MemFree:          961500 kB
Active:           371156 kB
Mem:          3.8G       2.9G       938M       5.7M        28M       2.4G

MemTotal:        4016004 kB
MemFree:          961252 kB
Active:           371140 kB
Mem:          3.8G       2.9G       938M       5.7M        28M       2.4G

MemTotal:        4016004 kB
MemFree:          826444 kB
Active:           371572 kB
Mem:          3.8G       3.0G       806M       5.7M        28M       2.5G

MemTotal:        4016004 kB
MemFree:          761860 kB
Active:           371868 kB
Mem:          3.8G       3.1G       743M       5.7M        28M       2.6G

MemTotal:        4016004 kB
MemFree:          761168 kB
Active:           371936 kB
Mem:          3.8G       3.1G       743M       5.7M        28M       2.6G

MemTotal:        4016004 kB
MemFree:          760672 kB
Active:           371932 kB
Mem:          3.8G       3.1G       742M       5.7M        28M       2.6G

MemTotal:        4016004 kB
MemFree:          760832 kB
Active:           371888 kB
Mem:          3.8G       3.1G       743M       5.7M        28M       2.6G

MemTotal:        4016004 kB
MemFree:          750448 kB
Active:           371900 kB
Mem:          3.8G       3.1G       732M       5.7M        28M       2.6G

MemTotal:        4016004 kB
MemFree:          618096 kB
Active:           372388 kB
Mem:          3.8G       3.2G       603M       5.7M        28M       2.7G

MemTotal:        4016004 kB
MemFree:          498672 kB
Active:           372892 kB
Mem:          3.8G       3.4G       486M       5.7M        28M       2.8G

MemTotal:        4016004 kB
MemFree:          498664 kB
Active:           372932 kB
Mem:          3.8G       3.4G       487M       5.7M        28M       2.8G

MemTotal:        4016004 kB
MemFree:          498516 kB
Active:           372964 kB
Mem:          3.8G       3.4G       486M       5.7M        28M       2.8G

MemTotal:        4016004 kB
MemFree:          489456 kB
Active:           372948 kB
Mem:          3.8G       3.4G       476M       5.7M        28M       2.9G

MemTotal:        4016004 kB
MemFree:          318532 kB
Active:           373632 kB
Mem:          3.8G       3.5G       310M       5.7M        28M       3.0G

MemTotal:        4016004 kB
MemFree:          303284 kB
Active:           373736 kB
Mem:          3.8G       3.5G       296M       5.7M        28M       3.0G

MemTotal:        4016004 kB
MemFree:          242872 kB
Active:           373976 kB
Mem:          3.8G       3.6G       236M       5.7M        28M       3.1G

MemTotal:        4016004 kB
MemFree:          165412 kB
Active:           374284 kB
Mem:          3.8G       3.7G       160M       5.7M        28M       3.2G

MemTotal:        4016004 kB
MemFree:          157988 kB
Active:           374324 kB
Mem:          3.8G       3.7G       154M       5.7M        28M       3.2G

MemTotal:        4016004 kB
MemFree:          160216 kB
Active:           374692 kB
Mem:          3.8G       3.7G       155M       5.7M        28M       3.2G

MemTotal:        4016004 kB
MemFree:          149076 kB
Active:           374840 kB
Mem:          3.8G       3.7G       145M       5.7M        28M       3.2G

MemTotal:        4016004 kB
MemFree:          129956 kB
Active:           374940 kB
Mem:          3.8G       3.7G       126M       5.7M        28M       3.2G

MemTotal:        4016004 kB
MemFree:          130052 kB
Active:           374888 kB
Mem:          3.8G       3.7G       126M       5.7M        28M       3.2G

MemTotal:        4016004 kB
MemFree:          129404 kB
Active:           374924 kB
Mem:          3.8G       3.7G       126M       5.7M        28M       3.2G

MemTotal:        4016004 kB
MemFree:          121224 kB
Active:           375296 kB
Mem:          3.8G       3.7G       118M       5.7M        28M       3.2G

MemTotal:        4016004 kB
MemFree:          125484 kB
Active:           375492 kB
Mem:          3.8G       3.7G       122M       5.7M        28M       3.2G

MemTotal:        4016004 kB
MemFree:          121200 kB
Active:           375612 kB
Mem:          3.8G       3.7G       118M       5.7M        28M       3.2G

MemTotal:        4016004 kB
MemFree:          121640 kB
Active:           375600 kB
Mem:          3.8G       3.7G       118M       5.7M        28M       3.2G

MemTotal:        4016004 kB
MemFree:          121396 kB
Active:           375616 kB
Mem:          3.8G       3.7G       118M       5.7M        28M       3.2G

MemTotal:        4016004 kB
MemFree:          118376 kB
Active:           376204 kB
Mem:          3.8G       3.7G       115M       5.7M        28M       3.2G

MemTotal:        4016004 kB
MemFree:          121892 kB
Active:           376400 kB
Mem:          3.8G       3.7G       118M       5.7M        28M       3.2G

MemTotal:        4016004 kB
MemFree:          110588 kB
Active:           376588 kB
Mem:          3.8G       3.7G       107M       5.7M        28M       3.2G

MemTotal:        4016004 kB
MemFree:          105568 kB
Active:           376700 kB
Mem:          3.8G       3.7G       102M       5.7M        28M       3.2G

MemTotal:        4016004 kB
MemFree:          105044 kB
Active:           376704 kB
Mem:          3.8G       3.7G       102M       5.7M        28M       3.2G

MemTotal:        4016004 kB
MemFree:          106956 kB
Active:           376656 kB
Mem:          3.8G       3.7G       102M       5.7M        28M       3.2G

MemTotal:        4016004 kB
MemFree:          132220 kB
Active:           377340 kB
Mem:          3.8G       3.7G       128M       5.7M        28M       3.2G

MemTotal:        4016004 kB
MemFree:          134752 kB
Active:           377588 kB
Mem:          3.8G       3.7G       131M       5.7M        28M       3.2G

MemTotal:        4016004 kB
MemFree:          135028 kB
Active:           377600 kB
Mem:          3.8G       3.7G       131M       5.7M        28M       3.2G

MemTotal:        4016004 kB
MemFree:          134628 kB
Active:           377604 kB
Mem:          3.8G       3.7G       131M       5.7M        28M       3.2G

MemTotal:        4016004 kB
MemFree:          124708 kB
Active:           377864 kB
Mem:          3.8G       3.7G       121M       5.7M        28M       3.2G

MemTotal:        4016004 kB
MemFree:          123548 kB
Active:           378228 kB
Mem:          3.8G       3.7G       120M       5.7M        28M       3.2G

MemTotal:        4016004 kB
MemFree:          113996 kB
Active:           378556 kB
Mem:          3.8G       3.7G       111M       5.7M        28M       3.2G

MemTotal:        4016004 kB
MemFree:          114384 kB
Active:           378536 kB
Mem:          3.8G       3.7G       112M       5.7M        28M       3.2G

MemTotal:        4016004 kB
MemFree:          114608 kB
Active:           378572 kB
Mem:          3.8G       3.7G       111M       5.7M        28M       3.2G

MemTotal:        4016004 kB
MemFree:          127916 kB
Active:           378816 kB
Mem:          3.8G       3.7G       123M       5.7M        28M       3.2G

MemTotal:        4016004 kB
MemFree:          128984 kB
Active:           379236 kB
Mem:          3.8G       3.7G       125M       5.7M        28M       3.2G

MemTotal:        4016004 kB
MemFree:          127688 kB
Active:           379540 kB
Mem:          3.8G       3.7G       124M       5.7M        28M       3.2G

MemTotal:        4016004 kB
MemFree:          131060 kB
Active:           379620 kB
Mem:          3.8G       3.7G       127M       5.7M        28M       3.2G

MemTotal:        4016004 kB
MemFree:          131468 kB
Active:           379596 kB
Mem:          3.8G       3.7G       128M       5.7M        28M       3.2G

MemTotal:        4016004 kB
MemFree:          131224 kB
Active:           379580 kB
Mem:          3.8G       3.7G       128M       5.7M        28M       3.2G

MemTotal:        4016004 kB
MemFree:          142516 kB
Active:           379964 kB
Mem:          3.8G       3.7G       138M       5.7M        28M       3.2G

MemTotal:        4016004 kB
MemFree:          145004 kB
Active:           380284 kB
Mem:          3.8G       3.7G       141M       5.7M        28M       3.2G

MemTotal:        4016004 kB
MemFree:          144640 kB
Active:           380348 kB
Mem:          3.8G       3.7G       140M       5.7M        28M       3.2G

MemTotal:        4016004 kB
MemFree:          143808 kB
Active:           380320 kB
Mem:          3.8G       3.7G       140M       5.7M        28M       3.2G

MemTotal:        4016004 kB
MemFree:          128280 kB
Active:           380336 kB
Mem:          3.8G       3.7G       124M       5.7M        28M       3.2G

MemTotal:        4016004 kB
MemFree:          131308 kB
Active:           381060 kB
Mem:          3.8G       3.7G       127M       5.7M        28M       3.2G

MemTotal:        4016004 kB
MemFree:          106088 kB
Active:           381164 kB
Mem:          3.8G       3.7G       103M       5.7M        28M       3.2G

MemTotal:        4016004 kB
MemFree:          128188 kB
Active:           381388 kB
Mem:          3.8G       3.7G       125M       5.7M        28M       3.2G

MemTotal:        4016004 kB
MemFree:          128224 kB
Active:           381352 kB
Mem:          3.8G       3.7G       124M       5.7M        28M       3.2G

MemTotal:        4016004 kB
MemFree:          128076 kB
Active:           381360 kB
Mem:          3.8G       3.7G       125M       5.7M        28M       3.2G

MemTotal:        4016004 kB
MemFree:          131024 kB
Active:           381900 kB
Mem:          3.8G       3.7G       127M       5.7M        28M       3.2G

MemTotal:        4016004 kB
MemFree:          131596 kB
Active:           382224 kB
Mem:          3.8G       3.7G       128M       5.7M        28M       3.2G

MemTotal:        4016004 kB
MemFree:         3375572 kB
Active:           361164 kB
Mem:          3.8G       625M       3.2G       5.7M        28M       183M

MemTotal:        4016004 kB
MemFree:         3375480 kB
Active:           361160 kB
Mem:          3.8G       625M       3.2G       5.7M        28M       183M

MemTotal:        4016004 kB
MemFree:         3375480 kB
Active:           361164 kB
Mem:          3.8G       625M       3.2G       5.7M        28M       183M

MemTotal:        4016004 kB
MemFree:         3375108 kB
Active:           361200 kB
Mem:          3.8G       625M       3.2G       5.7M        28M       183M

MemTotal:        4016004 kB
MemFree:         3375356 kB
Active:           361172 kB
Mem:          3.8G       625M       3.2G       5.7M        28M       183M

MemTotal:        4016004 kB
MemFree:         3375356 kB
Active:           361156 kB
Mem:          3.8G       625M       3.2G       5.7M        28M       183M

MemTotal:        4016004 kB
MemFree:         3375356 kB
Active:           361144 kB
Mem:          3.8G       625M       3.2G       5.7M        28M       183M

MemTotal:        4016004 kB
MemFree:         3375232 kB
Active:           361200 kB
Mem:          3.8G       625M       3.2G       5.7M        28M       183M

MemTotal:        4016004 kB
MemFree:         3375108 kB
Active:           361188 kB
Mem:          3.8G       625M       3.2G       5.7M        28M       183M

MemTotal:        4016004 kB
MemFree:         3375232 kB
Active:           361176 kB
Mem:          3.8G       625M       3.2G       5.7M        28M       183M

MemTotal:        4016004 kB
MemFree:         3374984 kB
Active:           361204 kB
Mem:          3.8G       625M       3.2G       5.7M        28M       183M

MemTotal:        4016004 kB
MemFree:         3375108 kB
Active:           361160 kB
Mem:          3.8G       625M       3.2G       5.7M        28M       183M

MemTotal:        4016004 kB
MemFree:         3374984 kB
Active:           361188 kB
Mem:          3.8G       625M       3.2G       5.7M        28M       183M

MemTotal:        4016004 kB
MemFree:         3374612 kB
Active:           361212 kB
Mem:          3.8G       626M       3.2G       5.7M        28M       183M

MemTotal:        4016004 kB
MemFree:         3375232 kB
Active:           361168 kB
Mem:          3.8G       625M       3.2G       5.7M        28M       183M

MemTotal:        4016004 kB
MemFree:         3375108 kB
Active:           361196 kB
Mem:          3.8G       625M       3.2G       5.7M        28M       183M

MemTotal:        4016004 kB
MemFree:         3375108 kB
Active:           361216 kB
Mem:          3.8G       625M       3.2G       5.7M        28M       183M

MemTotal:        4016004 kB
MemFree:         3375356 kB
Active:           361184 kB
Mem:          3.8G       625M       3.2G       5.7M        28M       183M

MemTotal:        4016004 kB
MemFree:         3375480 kB
Active:           361212 kB
Mem:          3.8G       625M       3.2G       5.7M        28M       183M

MemTotal:        4016004 kB
MemFree:         3375480 kB
Active:           361216 kB
Mem:          3.8G       625M       3.2G       5.7M        28M       183M

MemTotal:        4016004 kB
MemFree:         3375480 kB
Active:           361224 kB
Mem:          3.8G       625M       3.2G       5.7M        28M       183M

MemTotal:        4016004 kB
MemFree:         3375852 kB
Active:           361176 kB
Mem:          3.8G       625M       3.2G       5.7M        28M       183M

MemTotal:        4016004 kB
MemFree:         3375852 kB
Active:           361168 kB
Mem:          3.8G       625M       3.2G       5.7M        28M       183M

MemTotal:        4016004 kB
MemFree:         3375728 kB
Active:           361204 kB
Mem:          3.8G       625M       3.2G       5.7M        28M       183M

MemTotal:        4016004 kB
MemFree:         3375728 kB
Active:           361176 kB
Mem:          3.8G       625M       3.2G       5.7M        28M       183M

MemTotal:        4016004 kB
MemFree:         3375852 kB
Active:           361200 kB
Mem:          3.8G       625M       3.2G       5.7M        28M       183M

MemTotal:        4016004 kB
MemFree:         3375852 kB
Active:           361184 kB
Mem:          3.8G       625M       3.2G       5.7M        28M       183M

MemTotal:        4016004 kB
MemFree:         3375108 kB
Active:           361228 kB
Mem:          3.8G       625M       3.2G       5.7M        28M       183M

MemTotal:        4016004 kB
MemFree:         3375108 kB
Active:           361228 kB
Mem:          3.8G       625M       3.2G       5.7M        28M       183M

MemTotal:        4016004 kB
MemFree:         3375480 kB
Active:           361184 kB
Mem:          3.8G       626M       3.2G       5.7M        28M       183M

MemTotal:        4016004 kB
MemFree:         3374860 kB
Active:           361232 kB
Mem:          3.8G       625M       3.2G       5.7M        28M       183M

MemTotal:        4016004 kB
MemFree:         3375480 kB
Active:           361184 kB
Mem:          3.8G       625M       3.2G       5.7M        28M       183M

MemTotal:        4016004 kB
MemFree:         3374984 kB
Active:           361232 kB
Mem:          3.8G       625M       3.2G       5.7M        28M       183M

MemTotal:        4016004 kB
MemFree:         3375480 kB
Active:           361220 kB
Mem:          3.8G       625M       3.2G       5.7M        28M       183M

MemTotal:        4016004 kB
MemFree:         3375604 kB
Active:           361188 kB
Mem:          3.8G       625M       3.2G       5.7M        28M       183M

MemTotal:        4016004 kB
MemFree:         3375232 kB
Active:           361248 kB
Mem:          3.8G       625M       3.2G       5.7M        28M       183M

MemTotal:        4016004 kB
MemFree:         3375604 kB
Active:           361220 kB
Mem:          3.8G       625M       3.2G       5.7M        28M       183M

MemTotal:        4016004 kB
MemFree:         3375604 kB
Active:           361192 kB
Mem:          3.8G       625M       3.2G       5.7M        28M       183M

MemTotal:        4016004 kB
MemFree:         3375232 kB
Active:           361248 kB
Mem:          3.8G       625M       3.2G       5.7M        28M       183M

MemTotal:        4016004 kB
MemFree:         3375232 kB
Active:           361236 kB
Mem:          3.8G       625M       3.2G       5.7M        28M       183M

MemTotal:        4016004 kB
MemFree:         3375356 kB
Active:           361252 kB
Mem:          3.8G       625M       3.2G       5.7M        28M       183M

MemTotal:        4016004 kB
MemFree:         3374860 kB
Active:           361268 kB
Mem:          3.8G       626M       3.2G       5.7M        28M       183M

MemTotal:        4016004 kB
MemFree:         3375232 kB
Active:           361236 kB
Mem:          3.8G       625M       3.2G       5.7M        28M       183M

MemTotal:        4016004 kB
MemFree:         3375232 kB
Active:           361260 kB
Mem:          3.8G       625M       3.2G       5.7M        28M       183M

MemTotal:        4016004 kB
MemFree:         3374984 kB
Active:           361260 kB
Mem:          3.8G       625M       3.2G       5.7M        28M       183M

MemTotal:        4016004 kB
MemFree:         3374612 kB
Active:           361268 kB
Mem:          3.8G       626M       3.2G       5.7M        28M       183M

MemTotal:        4016004 kB
MemFree:         3374984 kB
Active:           361224 kB
Mem:          3.8G       625M       3.2G       5.7M        28M       183M

MemTotal:        4016004 kB
MemFree:         3374984 kB
Active:           361240 kB
Mem:          3.8G       625M       3.2G       5.7M        28M       183M

MemTotal:        4016004 kB
MemFree:         3374984 kB
Active:           361244 kB
Mem:          3.8G       625M       3.2G       5.7M        28M       183M

MemTotal:        4016004 kB
MemFree:         3374984 kB
Active:           361268 kB
Mem:          3.8G       626M       3.2G       5.7M        28M       183M

MemTotal:        4016004 kB
MemFree:         3375480 kB
Active:           361228 kB
Mem:          3.8G       625M       3.2G       5.7M        28M       183M

MemTotal:        4016004 kB
MemFree:         3375216 kB
Active:           361276 kB
Mem:          3.8G       625M       3.2G       5.7M        28M       183M

MemTotal:        4016004 kB
MemFree:         3375232 kB
Active:           361272 kB
Mem:          3.8G       625M       3.2G       5.7M        28M       183M

MemTotal:        4016004 kB
MemFree:         3375356 kB
Active:           361252 kB
Mem:          3.8G       625M       3.2G       5.7M        28M       183M

MemTotal:        4016004 kB
MemFree:         3375604 kB
Active:           361276 kB
Mem:          3.8G       625M       3.2G       5.7M        28M       183M

MemTotal:        4016004 kB
MemFree:         3375108 kB
Active:           361292 kB
Mem:          3.8G       625M       3.2G       5.7M        28M       183M

MemTotal:        4016004 kB
MemFree:         3375232 kB
Active:           361288 kB
Mem:          3.8G       625M       3.2G       5.7M        28M       183M

MemTotal:        4016004 kB
MemFree:         3375232 kB
Active:           361248 kB
Mem:          3.8G       625M       3.2G       5.7M        28M       183M

MemTotal:        4016004 kB
MemFree:         3374984 kB
Active:           361264 kB
Mem:          3.8G       625M       3.2G       5.7M        28M       183M

MemTotal:        4016004 kB
MemFree:         3375356 kB
Active:           361244 kB
Mem:          3.8G       625M       3.2G       5.7M        28M       183M

MemTotal:        4016004 kB
MemFree:         3375108 kB
Active:           361300 kB
