MemTotal:        4016004 kB
MemFree:         3203340 kB
Active:           456088 kB
Mem:          3.8G       793M       3.1G       5.7M        56M       327M

MemTotal:        4016004 kB
MemFree:         3203772 kB
Active:           456348 kB
Mem:          3.8G       793M       3.1G       5.7M        56M       327M

MemTotal:        4016004 kB
MemFree:         3203996 kB
Active:           456472 kB
Mem:          3.8G       792M       3.1G       5.7M        56M       327M

MemTotal:        4016004 kB
MemFree:         3203856 kB
Active:           456444 kB
Mem:          3.8G       793M       3.1G       5.7M        56M       327M

MemTotal:        4016004 kB
MemFree:         3203716 kB
Active:           456460 kB
Mem:          3.8G       793M       3.1G       5.7M        56M       327M

MemTotal:        4016004 kB
MemFree:         3203096 kB
Active:           456504 kB
Mem:          3.8G       793M       3.1G       5.7M        56M       327M

MemTotal:        4016004 kB
MemFree:         3203452 kB
Active:           456448 kB
Mem:          3.8G       793M       3.1G       5.7M        56M       327M

MemTotal:        4016004 kB
MemFree:         3203312 kB
Active:           456500 kB
Mem:          3.8G       793M       3.1G       5.7M        56M       327M

MemTotal:        4016004 kB
MemFree:         3203436 kB
Active:           456460 kB
Mem:          3.8G       793M       3.1G       5.7M        56M       327M

MemTotal:        4016004 kB
MemFree:         3203312 kB
Active:           456460 kB
Mem:          3.8G       793M       3.1G       5.7M        56M       327M

MemTotal:        4016004 kB
MemFree:         3203296 kB
Active:           456480 kB
Mem:          3.8G       793M       3.1G       5.7M        56M       327M

MemTotal:        4016004 kB
MemFree:         3203156 kB
Active:           456456 kB
Mem:          3.8G       794M       3.1G       5.7M        56M       327M

MemTotal:        4016004 kB
MemFree:         3203156 kB
Active:           456508 kB
Mem:          3.8G       793M       3.1G       5.7M        56M       327M

MemTotal:        4016004 kB
MemFree:         3202940 kB
Active:           456516 kB
Mem:          3.8G       793M       3.1G       5.7M        56M       327M

MemTotal:        4016004 kB
MemFree:         3203064 kB
Active:           456480 kB
Mem:          3.8G       793M       3.1G       5.7M        56M       327M

MemTotal:        4016004 kB
MemFree:         3203188 kB
Active:           456520 kB
Mem:          3.8G       793M       3.1G       5.7M        56M       327M

MemTotal:        4016004 kB
MemFree:         3203048 kB
Active:           456480 kB
Mem:          3.8G       793M       3.1G       5.7M        56M       327M

MemTotal:        4016004 kB
MemFree:         3203048 kB
Active:           456500 kB
Mem:          3.8G       794M       3.1G       5.7M        56M       327M

MemTotal:        4016004 kB
MemFree:         3202536 kB
Active:           456520 kB
Mem:          3.8G       794M       3.1G       5.7M        56M       327M

MemTotal:        4016004 kB
MemFree:         3203404 kB
Active:           456480 kB
Mem:          3.8G       793M       3.1G       5.7M        56M       327M

MemTotal:        4016004 kB
MemFree:         3203528 kB
Active:           456488 kB
Mem:          3.8G       793M       3.1G       5.7M        56M       327M

MemTotal:        4016004 kB
MemFree:         3203264 kB
Active:           456508 kB
Mem:          3.8G       793M       3.1G       5.7M        56M       327M

MemTotal:        4016004 kB
MemFree:         3202876 kB
Active:           456528 kB
Mem:          3.8G       793M       3.1G       5.7M        56M       327M

MemTotal:        4016004 kB
MemFree:         3203232 kB
Active:           456496 kB
Mem:          3.8G       793M       3.1G       5.7M        56M       327M

MemTotal:        4016004 kB
MemFree:         3203248 kB
Active:           456512 kB
Mem:          3.8G       793M       3.1G       5.7M        56M       327M

MemTotal:        4016004 kB
MemFree:         3203000 kB
Active:           456528 kB
Mem:          3.8G       793M       3.1G       5.7M        56M       327M

MemTotal:        4016004 kB
MemFree:         3203248 kB
Active:           456524 kB
Mem:          3.8G       793M       3.1G       5.7M        56M       327M

MemTotal:        4016004 kB
MemFree:         3203248 kB
Active:           456480 kB
Mem:          3.8G       793M       3.1G       5.7M        56M       327M

MemTotal:        4016004 kB
MemFree:         3203248 kB
Active:           456504 kB
Mem:          3.8G       793M       3.1G       5.7M        56M       327M

MemTotal:        4016004 kB
MemFree:         3202628 kB
Active:           456512 kB
Mem:          3.8G       794M       3.1G       5.7M        56M       327M

MemTotal:        4016004 kB
MemFree:         3202876 kB
Active:           456484 kB
Mem:          3.8G       794M       3.1G       5.7M        56M       327M

MemTotal:        4016004 kB
MemFree:         3203372 kB
Active:           456500 kB
Mem:          3.8G       793M       3.1G       5.7M        56M       327M

MemTotal:        4016004 kB
MemFree:         3203184 kB
Active:           454668 kB
Mem:          3.8G       793M       3.1G       5.7M        56M       327M

MemTotal:        4016004 kB
MemFree:         3203308 kB
Active:           456496 kB
Mem:          3.8G       793M       3.1G       5.7M        56M       327M

MemTotal:        4016004 kB
MemFree:         3203308 kB
Active:           456524 kB
Mem:          3.8G       793M       3.1G       5.7M        56M       327M

MemTotal:        4016004 kB
MemFree:         3202936 kB
Active:           456532 kB
Mem:          3.8G       794M       3.1G       5.7M        56M       327M

MemTotal:        4016004 kB
MemFree:         3203184 kB
Active:           456520 kB
Mem:          3.8G       793M       3.1G       5.7M        56M       327M

MemTotal:        4016004 kB
MemFree:         3203060 kB
Active:           456536 kB
Mem:          3.8G       793M       3.1G       5.7M        56M       327M

MemTotal:        4016004 kB
MemFree:         3203356 kB
Active:           456504 kB
Mem:          3.8G       793M       3.1G       5.7M        56M       327M

MemTotal:        4016004 kB
MemFree:         3203280 kB
Active:           456540 kB
Mem:          3.8G       793M       3.1G       5.7M        56M       327M

MemTotal:        4016004 kB
MemFree:         3203404 kB
Active:           456552 kB
Mem:          3.8G       793M       3.1G       5.7M        56M       327M

MemTotal:        4016004 kB
MemFree:         3203156 kB
Active:           456512 kB
Mem:          3.8G       793M       3.1G       5.7M        56M       327M

MemTotal:        4016004 kB
MemFree:         3199308 kB
Active:           456548 kB
Mem:          3.8G       797M       3.1G       5.7M        56M       327M

MemTotal:        4016004 kB
MemFree:         3199308 kB
Active:           460564 kB
Mem:          3.8G       797M       3.1G       5.7M        56M       327M

MemTotal:        4016004 kB
MemFree:         3199432 kB
Active:           460568 kB
Mem:          3.8G       797M       3.1G       5.7M        56M       327M

MemTotal:        4016004 kB
MemFree:         3199308 kB
Active:           460572 kB
Mem:          3.8G       797M       3.1G       5.7M        56M       327M

MemTotal:        4016004 kB
MemFree:         3199184 kB
Active:           460592 kB
Mem:          3.8G       797M       3.1G       5.7M        56M       327M

MemTotal:        4016004 kB
MemFree:         3199184 kB
Active:           460600 kB
Mem:          3.8G       797M       3.1G       5.7M        56M       327M

MemTotal:        4016004 kB
MemFree:         3199308 kB
Active:           460576 kB
Mem:          3.8G       797M       3.1G       5.7M        56M       327M

MemTotal:        4016004 kB
MemFree:         3199060 kB
Active:           460616 kB
Mem:          3.8G       797M       3.1G       5.7M        56M       327M

MemTotal:        4016004 kB
MemFree:         3199060 kB
Active:           460584 kB
Mem:          3.8G       797M       3.1G       5.7M        56M       327M

MemTotal:        4016004 kB
MemFree:         3199060 kB
Active:           460616 kB
Mem:          3.8G       797M       3.1G       5.7M        56M       327M

MemTotal:        4016004 kB
MemFree:         3198812 kB
Active:           460608 kB
Mem:          3.8G       798M       3.1G       5.7M        56M       327M

MemTotal:        4016004 kB
MemFree:         3198672 kB
Active:           460648 kB
Mem:          3.8G       798M       3.1G       5.7M        56M       327M

MemTotal:        4016004 kB
MemFree:         3198656 kB
Active:           460624 kB
Mem:          3.8G       798M       3.1G       5.7M        56M       327M

MemTotal:        4016004 kB
MemFree:         3198640 kB
Active:           460600 kB
Mem:          3.8G       798M       3.1G       5.7M        56M       327M

MemTotal:        4016004 kB
MemFree:         3198640 kB
Active:           460612 kB
Mem:          3.8G       798M       3.1G       5.7M        56M       327M

MemTotal:        4016004 kB
MemFree:         3198872 kB
Active:           460628 kB
Mem:          3.8G       798M       3.1G       5.7M        56M       327M

MemTotal:        4016004 kB
MemFree:         3198732 kB
Active:           460640 kB
Mem:          3.8G       798M       3.1G       5.7M        56M       327M

MemTotal:        4016004 kB
MemFree:         3198716 kB
Active:           460652 kB
Mem:          3.8G       798M       3.1G       5.7M        56M       327M

MemTotal:        4016004 kB
MemFree:         3198452 kB
Active:           460660 kB
Mem:          3.8G       798M       3.1G       5.7M        56M       327M

MemTotal:        4016004 kB
MemFree:         3198856 kB
Active:           460604 kB
Mem:          3.8G       797M       3.1G       5.7M        56M       327M

MemTotal:        4016004 kB
MemFree:         3196580 kB
Active:           460712 kB
Mem:          3.8G       800M       3.0G       5.7M        56M       327M

MemTotal:        4016004 kB
MemFree:         3196616 kB
Active:           460608 kB
Mem:          3.8G       800M       3.0G       5.7M        56M       327M

MemTotal:        4016004 kB
MemFree:         3196988 kB
Active:           462668 kB
Mem:          3.8G       800M       3.0G       5.7M        56M       327M

MemTotal:        4016004 kB
MemFree:         3196740 kB
Active:           462688 kB
Mem:          3.8G       800M       3.0G       5.7M        56M       327M

MemTotal:        4016004 kB
MemFree:         3196616 kB
Active:           462692 kB
Mem:          3.8G       800M       3.0G       5.7M        56M       327M

MemTotal:        4016004 kB
MemFree:         3196492 kB
Active:           462648 kB
Mem:          3.8G       800M       3.0G       5.7M        56M       327M

MemTotal:        4016004 kB
MemFree:         3196740 kB
Active:           462668 kB
Mem:          3.8G       800M       3.0G       5.7M        56M       327M

MemTotal:        4016004 kB
MemFree:         3196616 kB
Active:           462664 kB
Mem:          3.8G       800M       3.0G       5.7M        56M       327M

MemTotal:        4016004 kB
MemFree:         3196420 kB
Active:           462708 kB
Mem:          3.8G       800M       3.0G       5.7M        56M       328M

MemTotal:        4016004 kB
MemFree:         3196544 kB
Active:           462700 kB
Mem:          3.8G       800M       3.0G       5.7M        56M       328M

MemTotal:        4016004 kB
MemFree:         3196320 kB
Active:           460664 kB
Mem:          3.8G       800M       3.0G       5.7M        56M       328M

MemTotal:        4016004 kB
MemFree:         3196476 kB
Active:           462708 kB
Mem:          3.8G       800M       3.0G       5.7M        56M       328M

MemTotal:        4016004 kB
MemFree:         3196476 kB
Active:           462704 kB
Mem:          3.8G       800M       3.0G       5.7M        56M       328M

MemTotal:        4016004 kB
MemFree:         3196600 kB
Active:           462660 kB
Mem:          3.8G       800M       3.0G       5.7M        56M       327M

MemTotal:        4016004 kB
MemFree:         3196600 kB
Active:           462668 kB
Mem:          3.8G       800M       3.0G       5.7M        56M       328M

MemTotal:        4016004 kB
MemFree:         3196352 kB
Active:           462708 kB
Mem:          3.8G       800M       3.0G       5.7M        56M       328M

MemTotal:        4016004 kB
MemFree:         3196476 kB
Active:           462716 kB
Mem:          3.8G       800M       3.0G       5.7M        56M       328M

MemTotal:        4016004 kB
MemFree:         3196832 kB
Active:           462660 kB
Mem:          3.8G       800M       3.0G       5.7M        56M       328M

MemTotal:        4016004 kB
MemFree:         3196708 kB
Active:           462716 kB
Mem:          3.8G       800M       3.0G       5.7M        56M       328M

MemTotal:        4016004 kB
MemFree:         3196692 kB
Active:           462692 kB
Mem:          3.8G       800M       3.0G       5.7M        56M       328M

MemTotal:        4016004 kB
MemFree:         3196676 kB
Active:           462692 kB
Mem:          3.8G       800M       3.0G       5.7M        56M       328M

MemTotal:        4016004 kB
MemFree:         3196536 kB
Active:           462676 kB
Mem:          3.8G       799M       3.0G       5.7M        56M       328M

MemTotal:        4016004 kB
MemFree:         3196396 kB
Active:           462680 kB
Mem:          3.8G       800M       3.0G       5.7M        56M       328M

MemTotal:        4016004 kB
MemFree:         3196428 kB
Active:           462696 kB
Mem:          3.8G       800M       3.0G       5.7M        56M       328M

MemTotal:        4016004 kB
MemFree:         3196428 kB
Active:           462736 kB
Mem:          3.8G       800M       3.0G       5.7M        56M       328M

MemTotal:        4016004 kB
MemFree:         3196676 kB
Active:           462728 kB
Mem:          3.8G       800M       3.0G       5.7M        56M       328M

MemTotal:        4016004 kB
MemFree:         3196428 kB
Active:           462744 kB
Mem:          3.8G       800M       3.0G       5.7M        56M       328M

MemTotal:        4016004 kB
MemFree:         3196800 kB
Active:           462696 kB
Mem:          3.8G       800M       3.0G       5.7M        56M       328M

MemTotal:        4016004 kB
MemFree:         3196552 kB
Active:           462740 kB
Mem:          3.8G       800M       3.0G       5.7M        56M       328M

MemTotal:        4016004 kB
MemFree:         3196536 kB
Active:           462700 kB
Mem:          3.8G       800M       3.0G       5.7M        56M       328M

MemTotal:        4016004 kB
MemFree:         3196536 kB
Active:           462720 kB
Mem:          3.8G       800M       3.0G       5.7M        56M       328M

MemTotal:        4016004 kB
MemFree:         3196040 kB
Active:           462744 kB
Mem:          3.8G       800M       3.0G       5.7M        56M       328M

MemTotal:        4016004 kB
MemFree:         3196040 kB
Active:           462744 kB
Mem:          3.8G       800M       3.0G       5.7M        56M       328M

MemTotal:        4016004 kB
MemFree:         3196412 kB
Active:           462740 kB
Mem:          3.8G       800M       3.0G       5.7M        56M       328M

MemTotal:        4016004 kB
MemFree:         3196288 kB
Active:           462708 kB
Mem:          3.8G       800M       3.0G       5.7M        56M       328M

MemTotal:        4016004 kB
MemFree:         3196288 kB
Active:           462748 kB
Mem:          3.8G       800M       3.0G       5.7M        56M       328M

MemTotal:        4016004 kB
MemFree:         3196536 kB
Active:           462756 kB
Mem:          3.8G       800M       3.0G       5.7M        56M       328M

MemTotal:        4016004 kB
MemFree:         3196644 kB
Active:           462704 kB
Mem:          3.8G       800M       3.0G       5.7M        56M       328M

MemTotal:        4016004 kB
MemFree:         3196472 kB
Active:           462860 kB
Mem:          3.8G       800M       3.0G       5.7M        56M       328M

MemTotal:        4016004 kB
MemFree:         3155624 kB
Active:           463264 kB
Mem:          3.8G       840M       3.0G       5.7M        56M       367M

MemTotal:        4016004 kB
MemFree:         3108940 kB
Active:           463352 kB
Mem:          3.8G       886M       3.0G       5.7M        56M       410M

MemTotal:        4016004 kB
MemFree:         3063956 kB
Active:           465396 kB
Mem:          3.8G       930M       2.9G       5.7M        56M       453M

MemTotal:        4016004 kB
MemFree:         3019096 kB
Active:           465420 kB
Mem:          3.8G       974M       2.9G       5.7M        56M       496M

MemTotal:        4016004 kB
MemFree:         2975600 kB
Active:           465392 kB
Mem:          3.8G       1.0G       2.8G       5.7M        56M       539M

MemTotal:        4016004 kB
MemFree:         2930592 kB
Active:           465468 kB
Mem:          3.8G       1.0G       2.8G       5.7M        56M       582M

MemTotal:        4016004 kB
MemFree:         2886460 kB
Active:           465500 kB
Mem:          3.8G       1.1G       2.8G       5.7M        56M       624M

MemTotal:        4016004 kB
MemFree:         2841284 kB
Active:           465464 kB
Mem:          3.8G       1.1G       2.7G       5.7M        56M       668M

MemTotal:        4016004 kB
MemFree:         2796920 kB
Active:           465540 kB
Mem:          3.8G       1.2G       2.7G       5.7M        56M       710M

MemTotal:        4016004 kB
MemFree:         2753024 kB
Active:           465528 kB
Mem:          3.8G       1.2G       2.6G       5.7M        56M       753M

MemTotal:        4016004 kB
MemFree:         2707464 kB
Active:           465600 kB
Mem:          3.8G       1.2G       2.6G       5.7M        56M       796M

MemTotal:        4016004 kB
MemFree:         2662976 kB
Active:           465624 kB
Mem:          3.8G       1.3G       2.5G       5.7M        56M       838M

MemTotal:        4016004 kB
MemFree:         2653292 kB
Active:           465648 kB
Mem:          3.8G       1.3G       2.5G       5.7M        56M       848M

MemTotal:        4016004 kB
MemFree:         2608692 kB
Active:           465620 kB
Mem:          3.8G       1.3G       2.5G       5.7M        56M       890M

MemTotal:        4016004 kB
MemFree:         2563848 kB
Active:           465664 kB
Mem:          3.8G       1.4G       2.4G       5.7M        56M       933M

MemTotal:        4016004 kB
MemFree:         2519928 kB
Active:           465712 kB
Mem:          3.8G       1.4G       2.4G       5.7M        56M       976M

MemTotal:        4016004 kB
MemFree:         2493040 kB
Active:           465680 kB
Mem:          3.8G       1.5G       2.4G       5.7M        56M       1.0G

MemTotal:        4016004 kB
MemFree:         2448428 kB
Active:           465748 kB
Mem:          3.8G       1.5G       2.3G       5.7M        56M       1.0G

MemTotal:        4016004 kB
MemFree:         2404188 kB
Active:           465780 kB
Mem:          3.8G       1.5G       2.3G       5.7M        56M       1.1G

MemTotal:        4016004 kB
MemFree:         2359188 kB
Active:           465760 kB
Mem:          3.8G       1.6G       2.2G       5.7M        56M       1.1G

MemTotal:        4016004 kB
MemFree:         2314328 kB
Active:           465788 kB
Mem:          3.8G       1.6G       2.2G       5.7M        56M       1.1G

MemTotal:        4016004 kB
MemFree:         2269156 kB
Active:           463924 kB
Mem:          3.8G       1.7G       2.2G       5.7M        56M       1.2G

MemTotal:        4016004 kB
MemFree:         2225772 kB
Active:           465844 kB
Mem:          3.8G       1.7G       2.1G       5.7M        56M       1.2G

MemTotal:        4016004 kB
MemFree:         2212780 kB
Active:           465900 kB
Mem:          3.8G       1.7G       2.1G       5.7M        56M       1.2G

MemTotal:        4016004 kB
MemFree:         2206412 kB
Active:           465888 kB
Mem:          3.8G       1.7G       2.1G       5.7M        56M       1.2G

MemTotal:        4016004 kB
MemFree:         2162356 kB
Active:           465948 kB
Mem:          3.8G       1.8G       2.1G       5.7M        56M       1.3G

MemTotal:        4016004 kB
MemFree:         2162040 kB
Active:           465932 kB
Mem:          3.8G       1.8G       2.1G       5.7M        56M       1.3G

MemTotal:        4016004 kB
MemFree:         2139808 kB
Active:           465936 kB
Mem:          3.8G       1.8G       2.0G       5.7M        56M       1.3G

MemTotal:        4016004 kB
MemFree:         2095136 kB
Active:           465992 kB
Mem:          3.8G       1.8G       2.0G       5.7M        56M       1.4G

MemTotal:        4016004 kB
MemFree:         2051144 kB
Active:           465964 kB
Mem:          3.8G       1.9G       2.0G       5.7M        56M       1.4G

MemTotal:        4016004 kB
MemFree:         2006904 kB
Active:           465988 kB
Mem:          3.8G       1.9G       1.9G       5.7M        56M       1.4G

MemTotal:        4016004 kB
MemFree:         1960148 kB
Active:           468144 kB
Mem:          3.8G       2.0G       1.9G       5.7M        56M       1.5G

MemTotal:        4016004 kB
MemFree:         1915288 kB
Active:           468120 kB
Mem:          3.8G       2.0G       1.8G       5.7M        56M       1.5G

MemTotal:        4016004 kB
MemFree:         1871312 kB
Active:           468140 kB
Mem:          3.8G       2.0G       1.8G       5.7M        57M       1.6G

MemTotal:        4016004 kB
MemFree:         1826932 kB
Active:           468164 kB
Mem:          3.8G       2.1G       1.7G       5.7M        57M       1.6G

MemTotal:        4016004 kB
MemFree:         1781856 kB
Active:           468184 kB
Mem:          3.8G       2.1G       1.7G       5.7M        57M       1.6G

MemTotal:        4016004 kB
MemFree:         1767844 kB
Active:           468172 kB
Mem:          3.8G       2.1G       1.7G       5.7M        57M       1.7G

MemTotal:        4016004 kB
MemFree:         1728672 kB
Active:           468184 kB
Mem:          3.8G       2.2G       1.6G       5.7M        57M       1.7G

MemTotal:        4016004 kB
MemFree:         1683968 kB
Active:           468260 kB
Mem:          3.8G       2.2G       1.6G       5.7M        57M       1.7G

MemTotal:        4016004 kB
MemFree:         1640008 kB
Active:           468240 kB
Mem:          3.8G       2.3G       1.6G       5.7M        57M       1.8G

MemTotal:        4016004 kB
MemFree:         1595028 kB
Active:           468256 kB
Mem:          3.8G       2.3G       1.5G       5.7M        57M       1.8G

MemTotal:        4016004 kB
MemFree:         1551192 kB
Active:           468280 kB
Mem:          3.8G       2.4G       1.5G       5.7M        57M       1.9G

MemTotal:        4016004 kB
MemFree:         1505836 kB
Active:           468360 kB
Mem:          3.8G       2.4G       1.4G       5.7M        57M       1.9G

MemTotal:        4016004 kB
MemFree:         1461332 kB
Active:           468368 kB
Mem:          3.8G       2.4G       1.4G       5.7M        57M       1.9G

MemTotal:        4016004 kB
MemFree:         1417564 kB
Active:           468360 kB
Mem:          3.8G       2.5G       1.4G       5.7M        57M       2.0G

MemTotal:        4016004 kB
MemFree:         1374548 kB
Active:           468440 kB
Mem:          3.8G       2.5G       1.3G       5.7M        57M       2.0G

MemTotal:        4016004 kB
MemFree:         1336092 kB
Active:           468412 kB
Mem:          3.8G       2.6G       1.3G       5.7M        57M       2.1G

MemTotal:        4016004 kB
MemFree:         1323784 kB
Active:           468436 kB
Mem:          3.8G       2.6G       1.3G       5.7M        57M       2.1G

MemTotal:        4016004 kB
MemFree:         1278424 kB
Active:           468504 kB
Mem:          3.8G       2.6G       1.2G       5.7M        57M       2.1G

MemTotal:        4016004 kB
MemFree:         1233364 kB
Active:           468528 kB
Mem:          3.8G       2.7G       1.2G       5.7M        57M       2.2G

MemTotal:        4016004 kB
MemFree:         1190484 kB
Active:           468552 kB
Mem:          3.8G       2.7G       1.1G       5.7M        57M       2.2G

MemTotal:        4016004 kB
MemFree:         1171376 kB
Active:           466552 kB
Mem:          3.8G       2.7G       1.1G       5.7M        57M       2.2G

MemTotal:        4016004 kB
MemFree:         1127584 kB
Active:           468600 kB
Mem:          3.8G       2.8G       1.1G       5.7M        57M       2.3G

MemTotal:        4016004 kB
MemFree:         1082708 kB
Active:           468588 kB
Mem:          3.8G       2.8G       1.0G       5.7M        57M       2.3G

MemTotal:        4016004 kB
MemFree:         1038980 kB
Active:           468592 kB
Mem:          3.8G       2.8G       1.0G       5.7M        57M       2.3G

MemTotal:        4016004 kB
MemFree:          993608 kB
Active:           468668 kB
Mem:          3.8G       2.9G       969M       5.7M        57M       2.4G

MemTotal:        4016004 kB
MemFree:          948508 kB
Active:           468704 kB
Mem:          3.8G       2.9G       926M       5.7M        57M       2.4G

MemTotal:        4016004 kB
MemFree:          904628 kB
Active:           468724 kB
Mem:          3.8G       3.0G       883M       5.7M        57M       2.5G

MemTotal:        4016004 kB
MemFree:          860096 kB
Active:           468700 kB
Mem:          3.8G       3.0G       839M       5.7M        57M       2.5G

MemTotal:        4016004 kB
MemFree:          815524 kB
Active:           468736 kB
Mem:          3.8G       3.1G       796M       5.7M        57M       2.6G

MemTotal:        4016004 kB
MemFree:          772640 kB
Active:           468820 kB
Mem:          3.8G       3.1G       754M       5.7M        57M       2.6G

MemTotal:        4016004 kB
MemFree:          762288 kB
Active:           468836 kB
Mem:          3.8G       3.1G       743M       5.7M        57M       2.6G

MemTotal:        4016004 kB
MemFree:          718064 kB
Active:           468812 kB
Mem:          3.8G       3.1G       700M       5.7M        57M       2.6G

MemTotal:        4016004 kB
MemFree:          673080 kB
Active:           468888 kB
Mem:          3.8G       3.2G       656M       5.7M        57M       2.7G

MemTotal:        4016004 kB
MemFree:          627708 kB
Active:           468908 kB
Mem:          3.8G       3.2G       612M       5.7M        57M       2.7G

MemTotal:        4016004 kB
MemFree:          599140 kB
Active:           468928 kB
Mem:          3.8G       3.3G       584M       5.7M        57M       2.8G

MemTotal:        4016004 kB
MemFree:          571580 kB
Active:           468908 kB
Mem:          3.8G       3.3G       557M       5.7M        57M       2.8G

MemTotal:        4016004 kB
MemFree:          527388 kB
Active:           468944 kB
Mem:          3.8G       3.3G       514M       5.7M        57M       2.8G

MemTotal:        4016004 kB
MemFree:          483148 kB
Active:           469004 kB
Mem:          3.8G       3.4G       471M       5.7M        57M       2.9G

MemTotal:        4016004 kB
MemFree:          438472 kB
Active:           468980 kB
Mem:          3.8G       3.4G       427M       5.7M        57M       2.9G

MemTotal:        4016004 kB
MemFree:          415668 kB
Active:           469044 kB
Mem:          3.8G       3.4G       405M       5.7M        57M       2.9G

MemTotal:        4016004 kB
MemFree:          383924 kB
Active:           469020 kB
Mem:          3.8G       3.5G       374M       5.7M        57M       3.0G

MemTotal:        4016004 kB
MemFree:          338552 kB
Active:           469088 kB
Mem:          3.8G       3.5G       330M       5.7M        57M       3.0G

MemTotal:        4016004 kB
MemFree:          294256 kB
Active:           469112 kB
Mem:          3.8G       3.5G       286M       5.7M        57M       3.0G

MemTotal:        4016004 kB
MemFree:          249956 kB
Active:           469136 kB
Mem:          3.8G       3.6G       243M       5.7M        57M       3.1G

MemTotal:        4016004 kB
MemFree:          206596 kB
Active:           469036 kB
Mem:          3.8G       3.6G       201M       5.7M        57M       3.1G

MemTotal:        4016004 kB
MemFree:          161560 kB
Active:           469024 kB
Mem:          3.8G       3.7G       157M       5.7M        57M       3.2G

MemTotal:        4016004 kB
MemFree:          117328 kB
Active:           469016 kB
Mem:          3.8G       3.7G       113M       5.7M        57M       3.2G

MemTotal:        4016004 kB
MemFree:          107932 kB
Active:           466200 kB
Mem:          3.8G       3.7G       103M       5.7M        26M       3.2G

MemTotal:        4016004 kB
MemFree:          135532 kB
Active:           478716 kB
Mem:          3.8G       3.7G       132M       5.7M        24M       3.2G

MemTotal:        4016004 kB
MemFree:          122508 kB
Active:           491796 kB
Mem:          3.8G       3.7G       118M       5.7M        24M       3.2G

MemTotal:        4016004 kB
MemFree:          134140 kB
Active:           524748 kB
Mem:          3.8G       3.7G       129M       5.7M        24M       3.2G

MemTotal:        4016004 kB
MemFree:          133172 kB
Active:           517396 kB
Mem:          3.8G       3.7G       129M       5.7M        24M       3.2G

MemTotal:        4016004 kB
MemFree:          148632 kB
Active:           512040 kB
Mem:          3.8G       3.7G       144M       5.7M        24M       3.2G

MemTotal:        4016004 kB
MemFree:          107440 kB
Active:           511036 kB
Mem:          3.8G       3.7G       114M       5.7M        24M       3.2G

MemTotal:        4016004 kB
MemFree:          112104 kB
Active:           505816 kB
Mem:          3.8G       3.7G       109M       5.7M        24M       3.2G

MemTotal:        4016004 kB
MemFree:          128112 kB
Active:           500592 kB
Mem:          3.8G       3.7G       124M       5.7M        24M       3.2G

MemTotal:        4016004 kB
MemFree:          119104 kB
Active:           497028 kB
Mem:          3.8G       3.7G       116M       5.7M        24M       3.2G

MemTotal:        4016004 kB
MemFree:          110452 kB
Active:           493592 kB
Mem:          3.8G       3.7G       107M       5.7M        24M       3.2G

MemTotal:        4016004 kB
MemFree:          126848 kB
Active:           488368 kB
Mem:          3.8G       3.7G       123M       5.7M        24M       3.2G

MemTotal:        4016004 kB
MemFree:          107472 kB
Active:           485576 kB
Mem:          3.8G       3.7G       105M       5.7M        24M       3.2G

MemTotal:        4016004 kB
MemFree:          123048 kB
Active:           483684 kB
Mem:          3.8G       3.7G       120M       5.7M        24M       3.2G

MemTotal:        4016004 kB
MemFree:          110748 kB
Active:           482940 kB
Mem:          3.8G       3.7G       108M       5.7M        24M       3.2G

MemTotal:        4016004 kB
MemFree:          125624 kB
Active:           481300 kB
Mem:          3.8G       3.7G       122M       5.7M        24M       3.2G

MemTotal:        4016004 kB
MemFree:          127936 kB
Active:           478828 kB
Mem:          3.8G       3.7G       124M       5.7M        24M       3.2G

MemTotal:        4016004 kB
MemFree:          127932 kB
Active:           478804 kB
Mem:          3.8G       3.7G       124M       5.7M        24M       3.2G

MemTotal:        4016004 kB
MemFree:          128216 kB
Active:           478800 kB
Mem:          3.8G       3.7G       124M       5.7M        24M       3.2G

MemTotal:        4016004 kB
MemFree:          125880 kB
Active:           477840 kB
Mem:          3.8G       3.7G       122M       5.7M        24M       3.2G

MemTotal:        4016004 kB
MemFree:          128160 kB
Active:           476700 kB
Mem:          3.8G       3.7G       124M       5.7M        25M       3.2G

MemTotal:        4016004 kB
MemFree:          130612 kB
Active:           475196 kB
Mem:          3.8G       3.7G       127M       5.7M        25M       3.2G

MemTotal:        4016004 kB
MemFree:          134156 kB
Active:           473424 kB
Mem:          3.8G       3.7G       130M       5.7M        25M       3.2G

MemTotal:        4016004 kB
MemFree:          141640 kB
Active:           471272 kB
Mem:          3.8G       3.7G       137M       5.7M        25M       3.2G

MemTotal:        4016004 kB
MemFree:          132220 kB
Active:           470268 kB
Mem:          3.8G       3.7G       129M       5.7M        25M       3.2G

MemTotal:        4016004 kB
MemFree:          122932 kB
Active:           467220 kB
Mem:          3.8G       3.7G       120M       5.7M        25M       3.2G

MemTotal:        4016004 kB
MemFree:          113668 kB
Active:           465972 kB
Mem:          3.8G       3.7G       110M       5.7M        25M       3.2G

MemTotal:        4016004 kB
MemFree:          115632 kB
Active:           462412 kB
Mem:          3.8G       3.7G       112M       5.7M        25M       3.2G

MemTotal:        4016004 kB
MemFree:          124296 kB
Active:           460772 kB
Mem:          3.8G       3.7G       120M       5.7M        25M       3.2G

MemTotal:        4016004 kB
MemFree:          116024 kB
Active:           459644 kB
Mem:          3.8G       3.7G       112M       5.7M        25M       3.2G

MemTotal:        4016004 kB
MemFree:          124380 kB
Active:           456492 kB
Mem:          3.8G       3.7G       121M       5.7M        25M       3.2G

MemTotal:        4016004 kB
MemFree:          134760 kB
Active:           454972 kB
Mem:          3.8G       3.7G       130M       5.7M        25M       3.2G

MemTotal:        4016004 kB
MemFree:          124832 kB
Active:           453972 kB
Mem:          3.8G       3.7G       121M       5.7M        25M       3.2G

MemTotal:        4016004 kB
MemFree:          122912 kB
Active:           450312 kB
Mem:          3.8G       3.7G       119M       5.7M        25M       3.2G

MemTotal:        4016004 kB
MemFree:          106076 kB
Active:           449364 kB
Mem:          3.8G       3.7G       103M       5.7M        25M       3.2G

MemTotal:        4016004 kB
MemFree:          126016 kB
Active:           443284 kB
Mem:          3.8G       3.7G       122M       5.7M        25M       3.2G

MemTotal:        4016004 kB
MemFree:          105256 kB
Active:           442540 kB
Mem:          3.8G       3.7G       102M       5.7M        25M       3.2G

MemTotal:        4016004 kB
MemFree:          126860 kB
Active:           440512 kB
Mem:          3.8G       3.7G       123M       5.7M        25M       3.2G

MemTotal:        4016004 kB
MemFree:          111120 kB
Active:           437516 kB
Mem:          3.8G       3.7G       108M       5.7M        25M       3.2G

MemTotal:        4016004 kB
MemFree:          127064 kB
Active:           435744 kB
Mem:          3.8G       3.7G       123M       5.7M        25M       3.2G

MemTotal:        4016004 kB
MemFree:          121060 kB
Active:           434236 kB
Mem:          3.8G       3.7G       118M       5.7M        25M       3.2G

MemTotal:        4016004 kB
MemFree:          127100 kB
Active:           432856 kB
Mem:          3.8G       3.7G       124M       5.7M        25M       3.2G

MemTotal:        4016004 kB
MemFree:          114848 kB
Active:           432376 kB
Mem:          3.8G       3.7G       112M       5.7M        25M       3.2G

MemTotal:        4016004 kB
MemFree:          122824 kB
Active:           431372 kB
Mem:          3.8G       3.7G       119M       5.7M        25M       3.2G

MemTotal:        4016004 kB
MemFree:          127008 kB
Active:           430112 kB
Mem:          3.8G       3.7G       123M       5.7M        25M       3.2G

MemTotal:        4016004 kB
MemFree:          124296 kB
Active:           428604 kB
Mem:          3.8G       3.7G       121M       5.7M        25M       3.2G

MemTotal:        4016004 kB
MemFree:          128064 kB
Active:           427348 kB
Mem:          3.8G       3.7G       124M       5.7M        25M       3.2G

MemTotal:        4016004 kB
MemFree:          119360 kB
Active:           426088 kB
Mem:          3.8G       3.7G       116M       5.7M        25M       3.2G

MemTotal:        4016004 kB
MemFree:          106420 kB
Active:           425088 kB
Mem:          3.8G       3.7G       102M       5.7M        25M       3.2G

MemTotal:        4016004 kB
MemFree:          126632 kB
Active:           423060 kB
Mem:          3.8G       3.7G       122M       5.7M        25M       3.2G

MemTotal:        4016004 kB
MemFree:          111512 kB
Active:           422068 kB
Mem:          3.8G       3.7G       108M       5.7M        25M       3.2G

MemTotal:        4016004 kB
MemFree:          127100 kB
Active:           420300 kB
Mem:          3.8G       3.7G       124M       5.7M        25M       3.2G

MemTotal:        4016004 kB
MemFree:          113800 kB
Active:           418656 kB
Mem:          3.8G       3.7G       110M       5.7M        25M       3.2G

MemTotal:        4016004 kB
MemFree:          124568 kB
Active:           416888 kB
Mem:          3.8G       3.7G       124M       5.7M        25M       3.2G

MemTotal:        4016004 kB
MemFree:          127620 kB
Active:           416140 kB
Mem:          3.8G       3.7G       124M       5.7M        25M       3.2G

MemTotal:        4016004 kB
MemFree:          124072 kB
Active:           416164 kB
Mem:          3.8G       3.7G       121M       5.7M        25M       3.2G

MemTotal:        4016004 kB
MemFree:          110424 kB
Active:           415548 kB
Mem:          3.8G       3.7G       107M       5.7M        25M       3.2G

MemTotal:        4016004 kB
MemFree:          125956 kB
Active:           413904 kB
Mem:          3.8G       3.7G       122M       5.7M        25M       3.2G

MemTotal:        4016004 kB
MemFree:          123092 kB
Active:           412372 kB
Mem:          3.8G       3.7G       119M       5.7M        25M       3.2G

MemTotal:        4016004 kB
MemFree:          125220 kB
Active:           410496 kB
Mem:          3.8G       3.7G       122M       5.7M        25M       3.2G

MemTotal:        4016004 kB
MemFree:          111532 kB
Active:           409500 kB
Mem:          3.8G       3.7G       107M       5.7M        25M       3.2G

MemTotal:        4016004 kB
MemFree:          126080 kB
Active:           407728 kB
Mem:          3.8G       3.7G       122M       5.7M        25M       3.2G

MemTotal:        4016004 kB
MemFree:          122988 kB
Active:           406216 kB
Mem:          3.8G       3.7G       119M       5.7M        25M       3.2G

MemTotal:        4016004 kB
MemFree:          108376 kB
Active:           405084 kB
Mem:          3.8G       3.7G       105M       5.7M        25M       3.2G

MemTotal:        4016004 kB
MemFree:          129176 kB
Active:           403060 kB
Mem:          3.8G       3.7G       126M       5.7M        25M       3.2G

MemTotal:        4016004 kB
MemFree:          120604 kB
Active:           401812 kB
Mem:          3.8G       3.7G       117M       5.7M        25M       3.2G

MemTotal:        4016004 kB
MemFree:          123308 kB
Active:           400040 kB
Mem:          3.8G       3.7G       119M       5.7M        26M       3.2G

MemTotal:        4016004 kB
MemFree:          108208 kB
Active:           399928 kB
Mem:          3.8G       3.7G       105M       5.7M        26M       3.2G

MemTotal:        4016004 kB
MemFree:          118044 kB
Active:           398036 kB
Mem:          3.8G       3.7G       115M       5.7M        26M       3.2G

MemTotal:        4016004 kB
MemFree:          111032 kB
Active:           396904 kB
Mem:          3.8G       3.7G       107M       5.7M        26M       3.2G

MemTotal:        4016004 kB
MemFree:          125636 kB
Active:           395884 kB
Mem:          3.8G       3.7G       122M       5.7M        26M       3.2G

MemTotal:        4016004 kB
MemFree:          128620 kB
Active:           395916 kB
Mem:          3.8G       3.7G       125M       5.7M        26M       3.2G

MemTotal:        4016004 kB
MemFree:          130740 kB
Active:           396508 kB
Mem:          3.8G       3.7G       127M       5.7M        26M       3.2G

MemTotal:        4016004 kB
MemFree:          122816 kB
Active:           399104 kB
Mem:          3.8G       3.7G       120M       5.7M        28M       3.2G

MemTotal:        4016004 kB
MemFree:          132544 kB
Active:           399068 kB
Mem:          3.8G       3.7G       129M       5.7M        28M       3.2G

MemTotal:        4016004 kB
MemFree:          123008 kB
Active:           399348 kB
Mem:          3.8G       3.7G       119M       5.7M        29M       3.2G

MemTotal:        4016004 kB
MemFree:          124164 kB
Active:           399496 kB
Mem:          3.8G       3.7G       120M       5.7M        29M       3.2G

MemTotal:        4016004 kB
MemFree:          132108 kB
Active:           399768 kB
Mem:          3.8G       3.7G       128M       5.7M        29M       3.2G

MemTotal:        4016004 kB
MemFree:          109000 kB
Active:           399888 kB
Mem:          3.8G       3.7G       106M       5.7M        29M       3.2G

MemTotal:        4016004 kB
MemFree:          131704 kB
Active:           401112 kB
Mem:          3.8G       3.7G       128M       5.7M        30M       3.2G

MemTotal:        4016004 kB
MemFree:          130792 kB
Active:           400552 kB
Mem:          3.8G       3.7G       127M       5.7M        30M       3.2G

MemTotal:        4016004 kB
MemFree:          120332 kB
Active:           400316 kB
Mem:          3.8G       3.7G       116M       5.7M        30M       3.2G

MemTotal:        4016004 kB
MemFree:          104836 kB
Active:           401068 kB
Mem:          3.8G       3.7G       107M       5.7M        30M       3.2G

MemTotal:        4016004 kB
MemFree:          122624 kB
Active:           401016 kB
Mem:          3.8G       3.7G       119M       5.7M        30M       3.2G

MemTotal:        4016004 kB
MemFree:          124628 kB
Active:           400928 kB
Mem:          3.8G       3.7G       121M       5.7M        30M       3.2G

MemTotal:        4016004 kB
MemFree:          119204 kB
Active:           400812 kB
Mem:          3.8G       3.7G       116M       5.7M        30M       3.2G

MemTotal:        4016004 kB
MemFree:          126528 kB
Active:           400812 kB
Mem:          3.8G       3.7G       123M       5.7M        30M       3.2G

MemTotal:        4016004 kB
MemFree:          121564 kB
Active:           400812 kB
Mem:          3.8G       3.7G       118M       5.7M        30M       3.2G

MemTotal:        4016004 kB
MemFree:          134980 kB
Active:           400828 kB
Mem:          3.8G       3.7G       132M       5.7M        30M       3.2G

MemTotal:        4016004 kB
MemFree:          127016 kB
Active:           400836 kB
Mem:          3.8G       3.7G       122M       5.7M        30M       3.2G

MemTotal:        4016004 kB
MemFree:          127260 kB
Active:           400652 kB
Mem:          3.8G       3.7G       124M       5.7M        30M       3.2G

MemTotal:        4016004 kB
MemFree:          113780 kB
Active:           400656 kB
Mem:          3.8G       3.7G       111M       5.7M        30M       3.2G

MemTotal:        4016004 kB
MemFree:          114568 kB
Active:           401764 kB
Mem:          3.8G       3.7G       111M       5.7M        30M       3.2G

MemTotal:        4016004 kB
MemFree:          104948 kB
Active:           400868 kB
Mem:          3.8G       3.7G       112M       5.7M        30M       3.2G

MemTotal:        4016004 kB
MemFree:          117240 kB
Active:           400612 kB
Mem:          3.8G       3.7G       113M       5.7M        30M       3.2G

MemTotal:        4016004 kB
MemFree:          124456 kB
Active:           400624 kB
Mem:          3.8G       3.7G       121M       5.7M        30M       3.2G

MemTotal:        4016004 kB
MemFree:          119116 kB
Active:           400624 kB
Mem:          3.8G       3.7G       115M       5.7M        30M       3.2G

MemTotal:        4016004 kB
MemFree:          125172 kB
Active:           396004 kB
Mem:          3.8G       3.7G       121M       5.7M        30M       3.2G

MemTotal:        4016004 kB
MemFree:          127356 kB
Active:           395868 kB
Mem:          3.8G       3.7G       124M       5.7M        30M       3.2G

MemTotal:        4016004 kB
MemFree:          123456 kB
Active:           395872 kB
Mem:          3.8G       3.7G       120M       5.7M        30M       3.2G

MemTotal:        4016004 kB
MemFree:          124276 kB
Active:           395876 kB
Mem:          3.8G       3.7G       130M       5.7M        30M       3.2G

MemTotal:        4016004 kB
MemFree:          108536 kB
Active:           395880 kB
Mem:          3.8G       3.7G       106M       5.7M        30M       3.2G

MemTotal:        4016004 kB
MemFree:          121348 kB
Active:           397276 kB
Mem:          3.8G       3.7G       117M       5.7M        30M       3.2G

MemTotal:        4016004 kB
MemFree:          118500 kB
Active:           397148 kB
Mem:          3.8G       3.7G       115M       5.7M        30M       3.2G

MemTotal:        4016004 kB
MemFree:          125460 kB
Active:           397032 kB
Mem:          3.8G       3.7G       122M       5.7M        30M       3.2G

MemTotal:        4016004 kB
MemFree:          126020 kB
Active:           397032 kB
Mem:          3.8G       3.7G       122M       5.7M        30M       3.2G

MemTotal:        4016004 kB
MemFree:          126492 kB
Active:           397036 kB
Mem:          3.8G       3.7G       123M       5.7M        30M       3.2G

MemTotal:        4016004 kB
MemFree:          110264 kB
Active:           397040 kB
Mem:          3.8G       3.7G       107M       5.7M        30M       3.2G

MemTotal:        4016004 kB
MemFree:          128416 kB
Active:           394740 kB
Mem:          3.8G       3.7G       124M       5.7M        30M       3.2G

MemTotal:        4016004 kB
MemFree:          117244 kB
Active:           394740 kB
Mem:          3.8G       3.7G       114M       5.7M        30M       3.2G

MemTotal:        4016004 kB
MemFree:          106400 kB
Active:           394752 kB
Mem:          3.8G       3.7G       103M       5.7M        30M       3.2G

MemTotal:        4016004 kB
MemFree:          108984 kB
Active:           394752 kB
Mem:          3.8G       3.7G       105M       5.7M        30M       3.2G

MemTotal:        4016004 kB
MemFree:          112236 kB
Active:           394752 kB
Mem:          3.8G       3.7G       109M       5.7M        30M       3.2G

MemTotal:        4016004 kB
MemFree:          125792 kB
Active:           394756 kB
Mem:          3.8G       3.7G       122M       5.7M        30M       3.2G

MemTotal:        4016004 kB
MemFree:          126028 kB
Active:           394760 kB
Mem:          3.8G       3.7G       122M       5.7M        30M       3.2G

MemTotal:        4016004 kB
MemFree:          125976 kB
Active:           394736 kB
Mem:          3.8G       3.7G       122M       5.7M        30M       3.2G

MemTotal:        4016004 kB
MemFree:          134388 kB
Active:           394336 kB
Mem:          3.8G       3.7G       130M       5.7M        30M       3.2G

MemTotal:        4016004 kB
MemFree:          139188 kB
Active:           394096 kB
Mem:          3.8G       3.7G       135M       5.7M        30M       3.2G

MemTotal:        4016004 kB
MemFree:          142308 kB
Active:           394096 kB
Mem:          3.8G       3.7G       138M       5.7M        30M       3.2G

MemTotal:        4016004 kB
MemFree:          126416 kB
Active:           394052 kB
Mem:          3.8G       3.7G       122M       5.7M        30M       3.2G

MemTotal:        4016004 kB
MemFree:          126892 kB
Active:           394096 kB
Mem:          3.8G       3.7G       123M       5.7M        30M       3.2G

MemTotal:        4016004 kB
MemFree:          103336 kB
Active:           393856 kB
Mem:          3.8G       3.7G       101M       5.7M        30M       3.2G

MemTotal:        4016004 kB
MemFree:          108440 kB
Active:           395436 kB
Mem:          3.8G       3.7G       105M       5.7M        30M       3.2G

MemTotal:        4016004 kB
MemFree:          133440 kB
Active:           394284 kB
Mem:          3.8G       3.7G       130M       5.7M        30M       3.2G

MemTotal:        4016004 kB
MemFree:          145140 kB
Active:           392516 kB
Mem:          3.8G       3.7G       141M       5.7M        30M       3.2G

MemTotal:        4016004 kB
MemFree:          135092 kB
Active:           392436 kB
Mem:          3.8G       3.7G       131M       5.7M        30M       3.2G

MemTotal:        4016004 kB
MemFree:          111868 kB
Active:           392440 kB
Mem:          3.8G       3.7G       108M       5.7M        30M       3.2G

MemTotal:        4016004 kB
MemFree:          105748 kB
Active:           392204 kB
Mem:          3.8G       3.7G       102M       5.7M        30M       3.2G

MemTotal:        4016004 kB
MemFree:          123860 kB
Active:           392204 kB
Mem:          3.8G       3.7G       120M       5.7M        30M       3.2G

MemTotal:        4016004 kB
MemFree:          128588 kB
Active:           392204 kB
Mem:          3.8G       3.7G       125M       5.7M        30M       3.2G

MemTotal:        4016004 kB
MemFree:          123912 kB
Active:           392204 kB
Mem:          3.8G       3.7G       120M       5.7M        30M       3.2G

MemTotal:        4016004 kB
MemFree:          126196 kB
Active:           390216 kB
Mem:          3.8G       3.7G       122M       5.7M        30M       3.2G

MemTotal:        4016004 kB
MemFree:          108092 kB
Active:           390940 kB
Mem:          3.8G       3.7G       105M       5.7M        30M       3.2G

MemTotal:        4016004 kB
MemFree:          109332 kB
Active:           378556 kB
Mem:          3.8G       3.7G       106M       5.7M        30M       3.2G

MemTotal:        4016004 kB
MemFree:          134828 kB
Active:           378560 kB
Mem:          3.8G       3.7G       131M       5.7M        30M       3.2G

MemTotal:        4016004 kB
MemFree:          126824 kB
Active:           378564 kB
Mem:          3.8G       3.7G       122M       5.7M        30M       3.2G

MemTotal:        4016004 kB
MemFree:          110664 kB
Active:           378456 kB
Mem:          3.8G       3.7G       107M       5.7M        30M       3.2G

MemTotal:        4016004 kB
MemFree:          117816 kB
Active:           378460 kB
Mem:          3.8G       3.7G       114M       5.7M        30M       3.2G

MemTotal:        4016004 kB
MemFree:          106448 kB
Active:           378420 kB
Mem:          3.8G       3.7G       103M       5.7M        30M       3.2G

MemTotal:        4016004 kB
MemFree:          109104 kB
Active:           378472 kB
Mem:          3.8G       3.7G       106M       5.7M        30M       3.2G

MemTotal:        4016004 kB
MemFree:          116856 kB
Active:           378476 kB
Mem:          3.8G       3.7G       114M       5.7M        30M       3.2G

MemTotal:        4016004 kB
MemFree:          106028 kB
Active:           378432 kB
Mem:          3.8G       3.7G       103M       5.7M        30M       3.2G

MemTotal:        4016004 kB
MemFree:          131548 kB
Active:           378484 kB
Mem:          3.8G       3.7G       127M       5.7M        30M       3.2G

MemTotal:        4016004 kB
MemFree:          143212 kB
Active:           375396 kB
Mem:          3.8G       3.7G       139M       5.7M        30M       3.2G

MemTotal:        4016004 kB
MemFree:          132460 kB
Active:           375172 kB
Mem:          3.8G       3.7G       129M       5.7M        30M       3.2G

MemTotal:        4016004 kB
MemFree:          147888 kB
Active:           375204 kB
Mem:          3.8G       3.7G       143M       5.7M        30M       3.2G

MemTotal:        4016004 kB
MemFree:          125464 kB
Active:           375212 kB
Mem:          3.8G       3.7G       122M       5.7M        30M       3.2G

MemTotal:        4016004 kB
MemFree:          133208 kB
Active:           375212 kB
Mem:          3.8G       3.7G       130M       5.7M        30M       3.2G

MemTotal:        4016004 kB
MemFree:          109732 kB
Active:           375212 kB
Mem:          3.8G       3.7G       106M       5.7M        30M       3.2G

MemTotal:        4016004 kB
MemFree:          115580 kB
Active:           375224 kB
Mem:          3.8G       3.7G       112M       5.7M        30M       3.2G

MemTotal:        4016004 kB
MemFree:          130172 kB
Active:           375228 kB
Mem:          3.8G       3.7G       126M       5.7M        30M       3.2G

MemTotal:        4016004 kB
MemFree:          130080 kB
Active:           375196 kB
Mem:          3.8G       3.7G       126M       5.7M        30M       3.2G

MemTotal:        4016004 kB
MemFree:          130416 kB
Active:           375200 kB
Mem:          3.8G       3.7G       127M       5.7M        30M       3.2G

MemTotal:        4016004 kB
MemFree:          109948 kB
Active:           375356 kB
Mem:          3.8G       3.7G       106M       5.7M        30M       3.2G

MemTotal:        4016004 kB
MemFree:          134460 kB
Active:           375260 kB
Mem:          3.8G       3.7G       130M       5.7M        30M       3.2G

MemTotal:        4016004 kB
MemFree:          104904 kB
Active:           375260 kB
Mem:          3.8G       3.7G       102M       5.7M        30M       3.2G

MemTotal:        4016004 kB
MemFree:          107800 kB
Active:           375260 kB
Mem:          3.8G       3.7G       104M       5.7M        30M       3.2G

MemTotal:        4016004 kB
MemFree:          111100 kB
Active:           373328 kB
Mem:          3.8G       3.7G       108M       5.7M        30M       3.2G

MemTotal:        4016004 kB
MemFree:          134016 kB
Active:           373328 kB
Mem:          3.8G       3.7G       132M       5.7M        30M       3.2G

MemTotal:        4016004 kB
MemFree:          125688 kB
Active:           373284 kB
Mem:          3.8G       3.7G       122M       5.7M        30M       3.2G

MemTotal:        4016004 kB
MemFree:          129240 kB
Active:           373328 kB
Mem:          3.8G       3.7G       125M       5.7M        30M       3.2G

MemTotal:        4016004 kB
MemFree:          127900 kB
Active:           373328 kB
Mem:          3.8G       3.7G       124M       5.7M        30M       3.2G

MemTotal:        4016004 kB
MemFree:          128736 kB
Active:           373336 kB
Mem:          3.8G       3.7G       126M       5.7M        30M       3.2G

MemTotal:        4016004 kB
MemFree:          139232 kB
Active:           373288 kB
Mem:          3.8G       3.7G       135M       5.7M        30M       3.2G

MemTotal:        4016004 kB
MemFree:          125724 kB
Active:           373340 kB
Mem:          3.8G       3.7G       122M       5.7M        30M       3.2G

MemTotal:        4016004 kB
MemFree:          130828 kB
Active:           373332 kB
Mem:          3.8G       3.7G       127M       5.7M        30M       3.2G

MemTotal:        4016004 kB
MemFree:          114980 kB
Active:           373336 kB
Mem:          3.8G       3.7G       111M       5.7M        30M       3.2G

MemTotal:        4016004 kB
MemFree:          114488 kB
Active:           373336 kB
Mem:          3.8G       3.7G       111M       5.7M        30M       3.2G

MemTotal:        4016004 kB
MemFree:          134348 kB
Active:           373340 kB
Mem:          3.8G       3.7G       130M       5.7M        30M       3.2G

MemTotal:        4016004 kB
MemFree:          123884 kB
Active:           373388 kB
Mem:          3.8G       3.7G       120M       5.7M        30M       3.2G

MemTotal:        4016004 kB
MemFree:          105032 kB
Active:           370696 kB
Mem:          3.8G       3.7G       109M       5.7M        30M       3.2G

MemTotal:        4016004 kB
MemFree:          122072 kB
Active:           372404 kB
Mem:          3.8G       3.7G       118M       5.7M        31M       3.2G

MemTotal:        4016004 kB
MemFree:          126792 kB
Active:           372388 kB
Mem:          3.8G       3.7G       123M       5.7M        31M       3.2G

MemTotal:        4016004 kB
MemFree:          121792 kB
Active:           372388 kB
Mem:          3.8G       3.7G       118M       5.7M        31M       3.2G

MemTotal:        4016004 kB
MemFree:          123848 kB
Active:           372388 kB
Mem:          3.8G       3.7G       120M       5.7M        31M       3.2G

MemTotal:        4016004 kB
MemFree:          127088 kB
Active:           372388 kB
Mem:          3.8G       3.7G       123M       5.7M        31M       3.2G

MemTotal:        4016004 kB
MemFree:          120176 kB
Active:           372388 kB
Mem:          3.8G       3.7G       116M       5.7M        31M       3.2G

MemTotal:        4016004 kB
MemFree:          119496 kB
Active:           372368 kB
Mem:          3.8G       3.7G       116M       5.7M        31M       3.2G

MemTotal:        4016004 kB
MemFree:          110636 kB
Active:           372420 kB
Mem:          3.8G       3.7G       107M       5.7M        31M       3.2G

MemTotal:        4016004 kB
MemFree:          124400 kB
Active:           372432 kB
Mem:          3.8G       3.7G       121M       5.7M        31M       3.2G

MemTotal:        4016004 kB
MemFree:          144040 kB
Active:           372432 kB
Mem:          3.8G       3.7G       140M       5.7M        31M       3.2G

MemTotal:        4016004 kB
MemFree:          134052 kB
Active:           372432 kB
Mem:          3.8G       3.7G       129M       5.7M        31M       3.2G

MemTotal:        4016004 kB
MemFree:          106768 kB
Active:           372444 kB
Mem:          3.8G       3.7G       104M       5.7M        31M       3.2G

MemTotal:        4016004 kB
MemFree:          113324 kB
Active:           372448 kB
Mem:          3.8G       3.7G       109M       5.7M        31M       3.2G

MemTotal:        4016004 kB
MemFree:          105724 kB
Active:           369324 kB
Mem:          3.8G       3.7G       103M       5.7M        31M       3.2G

MemTotal:        4016004 kB
MemFree:          125260 kB
Active:           369328 kB
Mem:          3.8G       3.7G       121M       5.7M        31M       3.2G

MemTotal:        4016004 kB
MemFree:          126900 kB
Active:           369328 kB
Mem:          3.8G       3.7G       123M       5.7M        31M       3.2G

MemTotal:        4016004 kB
MemFree:          124324 kB
Active:           369328 kB
Mem:          3.8G       3.7G       121M       5.7M        31M       3.2G

MemTotal:        4016004 kB
MemFree:          110328 kB
Active:           369336 kB
Mem:          3.8G       3.7G       107M       5.7M        31M       3.2G

MemTotal:        4016004 kB
MemFree:          121972 kB
Active:           369308 kB
Mem:          3.8G       3.7G       118M       5.7M        31M       3.2G

MemTotal:        4016004 kB
MemFree:          137284 kB
Active:           369348 kB
Mem:          3.8G       3.7G       133M       5.7M        31M       3.2G

MemTotal:        4016004 kB
MemFree:          126164 kB
Active:           369348 kB
Mem:          3.8G       3.7G       122M       5.7M        31M       3.2G

MemTotal:        4016004 kB
MemFree:          108152 kB
Active:           369416 kB
Mem:          3.8G       3.7G       105M       5.7M        31M       3.2G

MemTotal:        4016004 kB
MemFree:          108816 kB
Active:           369364 kB
Mem:          3.8G       3.7G       106M       5.7M        31M       3.2G

MemTotal:        4016004 kB
MemFree:          109340 kB
Active:           369364 kB
Mem:          3.8G       3.7G       106M       5.7M        31M       3.2G

MemTotal:        4016004 kB
MemFree:          115920 kB
Active:           369368 kB
Mem:          3.8G       3.7G       113M       5.7M        31M       3.2G

MemTotal:        4016004 kB
MemFree:          106236 kB
Active:           369356 kB
Mem:          3.8G       3.7G       102M       5.7M        31M       3.2G

MemTotal:        4016004 kB
MemFree:          116260 kB
Active:           369368 kB
Mem:          3.8G       3.7G       113M       5.7M        31M       3.2G

MemTotal:        4016004 kB
MemFree:          121248 kB
Active:           369388 kB
Mem:          3.8G       3.7G       117M       5.7M        31M       3.2G

MemTotal:        4016004 kB
MemFree:          126424 kB
Active:           366720 kB
Mem:          3.8G       3.7G       122M       5.7M        31M       3.2G

MemTotal:        4016004 kB
MemFree:          135316 kB
Active:           366636 kB
Mem:          3.8G       3.7G       131M       5.7M        31M       3.2G

MemTotal:        4016004 kB
MemFree:          126912 kB
Active:           368688 kB
Mem:          3.8G       3.7G       123M       5.7M        31M       3.2G

MemTotal:        4016004 kB
MemFree:          132124 kB
Active:           368416 kB
Mem:          3.8G       3.7G       128M       5.7M        31M       3.2G

MemTotal:        4016004 kB
MemFree:          110332 kB
Active:           368292 kB
Mem:          3.8G       3.7G       107M       5.7M        31M       3.2G

MemTotal:        4016004 kB
MemFree:          125200 kB
Active:           368164 kB
Mem:          3.8G       3.7G       122M       5.7M        31M       3.2G

MemTotal:        4016004 kB
MemFree:          143780 kB
Active:           367984 kB
Mem:          3.8G       3.7G       139M       5.7M        31M       3.2G

MemTotal:        4016004 kB
MemFree:          133312 kB
Active:           368040 kB
Mem:          3.8G       3.7G       130M       5.7M        31M       3.2G

MemTotal:        4016004 kB
MemFree:          122828 kB
Active:           368040 kB
Mem:          3.8G       3.7G       119M       5.7M        31M       3.2G

MemTotal:        4016004 kB
MemFree:          124544 kB
Active:           367992 kB
Mem:          3.8G       3.7G       121M       5.7M        31M       3.2G

MemTotal:        4016004 kB
MemFree:          130984 kB
Active:           368052 kB
Mem:          3.8G       3.7G       127M       5.7M        31M       3.2G

MemTotal:        4016004 kB
MemFree:          131872 kB
Active:           368052 kB
Mem:          3.8G       3.7G       128M       5.7M        31M       3.2G

MemTotal:        4016004 kB
MemFree:          114280 kB
Active:           367852 kB
Mem:          3.8G       3.7G       111M       5.7M        31M       3.2G

MemTotal:        4016004 kB
MemFree:          114312 kB
Active:           367740 kB
Mem:          3.8G       3.7G       111M       5.7M        31M       3.2G

MemTotal:        4016004 kB
MemFree:          114312 kB
Active:           367704 kB
Mem:          3.8G       3.7G       111M       5.7M        31M       3.2G

MemTotal:        4016004 kB
MemFree:          114312 kB
Active:           367752 kB
Mem:          3.8G       3.7G       111M       5.7M        31M       3.2G

MemTotal:        4016004 kB
MemFree:          113964 kB
Active:           367712 kB
Mem:          3.8G       3.7G       110M       5.7M        31M       3.2G

MemTotal:        4016004 kB
MemFree:          113716 kB
Active:           367736 kB
Mem:          3.8G       3.7G       110M       5.7M        31M       3.2G

MemTotal:        4016004 kB
MemFree:          113780 kB
Active:           367748 kB
Mem:          3.8G       3.7G       110M       5.7M        31M       3.2G

MemTotal:        4016004 kB
MemFree:          113844 kB
Active:           367740 kB
Mem:          3.8G       3.7G       111M       5.7M        31M       3.2G

MemTotal:        4016004 kB
MemFree:          114096 kB
Active:           367736 kB
Mem:          3.8G       3.7G       111M       5.7M        31M       3.2G

MemTotal:        4016004 kB
MemFree:          114004 kB
Active:           367788 kB
Mem:          3.8G       3.7G       111M       5.7M        31M       3.2G

MemTotal:        4016004 kB
MemFree:          114128 kB
Active:           367748 kB
Mem:          3.8G       3.7G       110M       5.7M        31M       3.2G

MemTotal:        4016004 kB
MemFree:          114004 kB
Active:           367768 kB
Mem:          3.8G       3.7G       111M       5.7M        31M       3.2G

MemTotal:        4016004 kB
MemFree:          114004 kB
Active:           367796 kB
Mem:          3.8G       3.7G       111M       5.7M        31M       3.2G

MemTotal:        4016004 kB
MemFree:          113880 kB
Active:           367800 kB
Mem:          3.8G       3.7G       110M       5.7M        31M       3.2G

MemTotal:        4016004 kB
MemFree:          114004 kB
Active:           367764 kB
Mem:          3.8G       3.7G       111M       5.7M        31M       3.2G

MemTotal:        4016004 kB
MemFree:          114128 kB
Active:           367776 kB
Mem:          3.8G       3.7G       110M       5.7M        31M       3.2G

MemTotal:        4016004 kB
MemFree:          114004 kB
Active:           367764 kB
Mem:          3.8G       3.7G       111M       5.7M        31M       3.2G

MemTotal:        4016004 kB
MemFree:          114128 kB
Active:           367760 kB
Mem:          3.8G       3.7G       110M       5.7M        31M       3.2G

MemTotal:        4016004 kB
MemFree:          113880 kB
Active:           367768 kB
Mem:          3.8G       3.7G       110M       5.7M        31M       3.2G

MemTotal:        4016004 kB
MemFree:          114004 kB
Active:           367768 kB
Mem:          3.8G       3.7G       110M       5.7M        31M       3.2G

MemTotal:        4016004 kB
MemFree:          114004 kB
Active:           367784 kB
Mem:          3.8G       3.7G       111M       5.7M        31M       3.2G

MemTotal:        4016004 kB
MemFree:          114004 kB
Active:           367772 kB
Mem:          3.8G       3.7G       110M       5.7M        31M       3.2G

MemTotal:        4016004 kB
MemFree:          114004 kB
Active:           367768 kB
Mem:          3.8G       3.7G       111M       5.7M        31M       3.2G

MemTotal:        4016004 kB
MemFree:          113880 kB
Active:           367772 kB
Mem:          3.8G       3.7G       110M       5.7M        31M       3.2G

MemTotal:        4016004 kB
MemFree:          114004 kB
Active:           367788 kB
Mem:          3.8G       3.7G       111M       5.7M        31M       3.2G

MemTotal:        4016004 kB
MemFree:          114004 kB
Active:           367772 kB
Mem:          3.8G       3.7G       111M       5.7M        31M       3.2G

MemTotal:        4016004 kB
MemFree:          114004 kB
Active:           367804 kB
Mem:          3.8G       3.7G       110M       5.7M        31M       3.2G

MemTotal:        4016004 kB
MemFree:          113880 kB
Active:           367792 kB
Mem:          3.8G       3.7G       110M       5.7M        31M       3.2G

MemTotal:        4016004 kB
MemFree:          114004 kB
Active:           367784 kB
Mem:          3.8G       3.7G       111M       5.7M        31M       3.2G

MemTotal:        4016004 kB
MemFree:          113880 kB
Active:           367780 kB
Mem:          3.8G       3.7G       110M       5.7M        31M       3.2G

MemTotal:        4016004 kB
MemFree:          114004 kB
Active:           367800 kB
Mem:          3.8G       3.7G       111M       5.7M        31M       3.2G

MemTotal:        4016004 kB
MemFree:          114004 kB
Active:           367800 kB
Mem:          3.8G       3.7G       110M       5.7M        31M       3.2G

MemTotal:        4016004 kB
MemFree:          113880 kB
Active:           367808 kB
Mem:          3.8G       3.7G       110M       5.7M        31M       3.2G

MemTotal:        4016004 kB
MemFree:          113880 kB
Active:           367780 kB
Mem:          3.8G       3.7G       111M       5.7M        31M       3.2G

MemTotal:        4016004 kB
MemFree:          113880 kB
Active:           367792 kB
Mem:          3.8G       3.7G       110M       5.7M        31M       3.2G

MemTotal:        4016004 kB
MemFree:          113880 kB
Active:           367780 kB
Mem:          3.8G       3.7G       110M       5.7M        31M       3.2G

MemTotal:        4016004 kB
MemFree:          114004 kB
Active:           367780 kB
Mem:          3.8G       3.7G       110M       5.7M        31M       3.2G

MemTotal:        4016004 kB
MemFree:          114004 kB
Active:           367804 kB
Mem:          3.8G       3.7G       111M       5.7M        31M       3.2G

MemTotal:        4016004 kB
MemFree:          113880 kB
Active:           367792 kB
Mem:          3.8G       3.7G       110M       5.7M        31M       3.2G

MemTotal:        4016004 kB
MemFree:          113880 kB
Active:           367840 kB
Mem:          3.8G       3.7G       110M       5.7M        31M       3.2G

MemTotal:        4016004 kB
MemFree:          113880 kB
Active:           367820 kB
Mem:          3.8G       3.7G       110M       5.7M        31M       3.2G

MemTotal:        4016004 kB
MemFree:          114004 kB
Active:           367808 kB
Mem:          3.8G       3.7G       110M       5.7M        31M       3.2G

MemTotal:        4016004 kB
MemFree:          113880 kB
Active:           367816 kB
Mem:          3.8G       3.7G       110M       5.7M        31M       3.2G

MemTotal:        4016004 kB
MemFree:          114004 kB
Active:           367800 kB
Mem:          3.8G       3.7G       110M       5.7M        31M       3.2G

MemTotal:        4016004 kB
MemFree:          113772 kB
Active:           367796 kB
Mem:          3.8G       3.7G       111M       5.7M        31M       3.2G

MemTotal:        4016004 kB
MemFree:          113896 kB
Active:           367820 kB
Mem:          3.8G       3.7G       110M       5.7M        31M       3.2G

MemTotal:        4016004 kB
MemFree:          113896 kB
Active:           367828 kB
Mem:          3.8G       3.7G       110M       5.7M        31M       3.2G

MemTotal:        4016004 kB
MemFree:          113896 kB
Active:           367812 kB
Mem:          3.8G       3.7G       110M       5.7M        31M       3.2G

MemTotal:        4016004 kB
MemFree:          113896 kB
Active:           367824 kB
Mem:          3.8G       3.7G       111M       5.7M        31M       3.2G

MemTotal:        4016004 kB
MemFree:          113772 kB
Active:           367808 kB
Mem:          3.8G       3.7G       110M       5.7M        31M       3.2G

MemTotal:        4016004 kB
MemFree:          113896 kB
Active:           367816 kB
Mem:          3.8G       3.7G       110M       5.7M        31M       3.2G

MemTotal:        4016004 kB
MemFree:          113772 kB
Active:           367860 kB
Mem:          3.8G       3.7G       110M       5.7M        31M       3.2G

MemTotal:        4016004 kB
MemFree:          113896 kB
Active:           367836 kB
Mem:          3.8G       3.7G       110M       5.7M        31M       3.2G

MemTotal:        4016004 kB
MemFree:          113896 kB
Active:           367836 kB
Mem:          3.8G       3.7G       110M       5.7M        31M       3.2G

MemTotal:        4016004 kB
MemFree:          113896 kB
Active:           367844 kB
Mem:          3.8G       3.7G       110M       5.7M        31M       3.2G

MemTotal:        4016004 kB
MemFree:          113896 kB
Active:           367872 kB
Mem:          3.8G       3.7G       110M       5.7M        31M       3.2G

MemTotal:        4016004 kB
MemFree:          113896 kB
Active:           367832 kB
Mem:          3.8G       3.7G       110M       5.7M        31M       3.2G

MemTotal:        4016004 kB
MemFree:          113772 kB
Active:           367828 kB
Mem:          3.8G       3.7G       110M       5.7M        31M       3.2G

MemTotal:        4016004 kB
MemFree:          113896 kB
Active:           367836 kB
Mem:          3.8G       3.7G       110M       5.7M        31M       3.2G

MemTotal:        4016004 kB
MemFree:          113896 kB
Active:           367848 kB
Mem:          3.8G       3.7G       111M       5.7M        31M       3.2G

MemTotal:        4016004 kB
MemFree:          113896 kB
Active:           367848 kB
Mem:          3.8G       3.7G       110M       5.7M        31M       3.2G

MemTotal:        4016004 kB
MemFree:          113896 kB
Active:           367836 kB
Mem:          3.8G       3.7G       110M       5.7M        31M       3.2G

MemTotal:        4016004 kB
MemFree:          113896 kB
Active:           367848 kB
Mem:          3.8G       3.7G       110M       5.7M        31M       3.2G

MemTotal:        4016004 kB
MemFree:          113772 kB
Active:           367856 kB
Mem:          3.8G       3.7G       110M       5.7M        31M       3.2G

MemTotal:        4016004 kB
MemFree:          113772 kB
Active:           367848 kB
Mem:          3.8G       3.7G       110M       5.7M        31M       3.2G

MemTotal:        4016004 kB
MemFree:          113896 kB
Active:           367892 kB
Mem:          3.8G       3.7G       110M       5.7M        31M       3.2G

MemTotal:        4016004 kB
MemFree:          113772 kB
Active:           367868 kB
Mem:          3.8G       3.7G       110M       5.7M        31M       3.2G

MemTotal:        4016004 kB
MemFree:          113896 kB
Active:           367852 kB
Mem:          3.8G       3.7G       110M       5.7M        31M       3.2G

MemTotal:        4016004 kB
MemFree:          113772 kB
Active:           367856 kB
Mem:          3.8G       3.7G       110M       5.7M        31M       3.2G

MemTotal:        4016004 kB
MemFree:          113772 kB
Active:           367852 kB
Mem:          3.8G       3.7G       110M       5.7M        31M       3.2G

MemTotal:        4016004 kB
MemFree:          113788 kB
Active:           367912 kB
Mem:          3.8G       3.7G       110M       5.7M        31M       3.2G

MemTotal:        4016004 kB
MemFree:          113788 kB
Active:           367872 kB
Mem:          3.8G       3.7G       110M       5.7M        31M       3.2G

MemTotal:        4016004 kB
MemFree:          113788 kB
Active:           367872 kB
Mem:          3.8G       3.7G       110M       5.7M        31M       3.2G

MemTotal:        4016004 kB
MemFree:          113912 kB
Active:           367912 kB
Mem:          3.8G       3.7G       110M       5.7M        31M       3.2G

MemTotal:        4016004 kB
MemFree:          113788 kB
Active:           367880 kB
Mem:          3.8G       3.7G       111M       5.7M        31M       3.2G

MemTotal:        4016004 kB
MemFree:          113664 kB
Active:           367884 kB
Mem:          3.8G       3.7G       110M       5.7M        31M       3.2G

MemTotal:        4016004 kB
MemFree:          113664 kB
Active:           367920 kB
Mem:          3.8G       3.7G       110M       5.7M        31M       3.2G

MemTotal:        4016004 kB
MemFree:          113788 kB
Active:           367884 kB
Mem:          3.8G       3.7G       110M       5.7M        31M       3.2G

MemTotal:        4016004 kB
MemFree:          113788 kB
Active:           367892 kB
Mem:          3.8G       3.7G       110M       5.7M        31M       3.2G

MemTotal:        4016004 kB
MemFree:          113788 kB
Active:           367884 kB
Mem:          3.8G       3.7G       110M       5.7M        31M       3.2G

MemTotal:        4016004 kB
MemFree:          113788 kB
Active:           367924 kB
Mem:          3.8G       3.7G       110M       5.7M        31M       3.2G

MemTotal:        4016004 kB
MemFree:          113788 kB
Active:           367888 kB
Mem:          3.8G       3.7G       110M       5.7M        31M       3.2G

MemTotal:        4016004 kB
MemFree:          113788 kB
Active:           367880 kB
Mem:          3.8G       3.7G       110M       5.7M        31M       3.2G

MemTotal:        4016004 kB
MemFree:          113664 kB
Active:           367888 kB
Mem:          3.8G       3.7G       110M       5.7M        31M       3.2G

MemTotal:        4016004 kB
MemFree:          113788 kB
Active:           367884 kB
Mem:          3.8G       3.7G       110M       5.7M        31M       3.2G

MemTotal:        4016004 kB
MemFree:          113664 kB
Active:           367920 kB
Mem:          3.8G       3.7G       110M       5.7M        31M       3.2G

MemTotal:        4016004 kB
MemFree:          113664 kB
Active:           367932 kB
Mem:          3.8G       3.7G       110M       5.7M        31M       3.2G

MemTotal:        4016004 kB
MemFree:          113664 kB
Active:           367916 kB
Mem:          3.8G       3.7G       110M       5.7M        31M       3.2G

MemTotal:        4016004 kB
MemFree:          113028 kB
Active:           368264 kB
Mem:          3.8G       3.7G       110M       5.7M        31M       3.2G

MemTotal:        4016004 kB
MemFree:          113400 kB
Active:           367980 kB
Mem:          3.8G       3.7G       110M       5.7M        31M       3.2G

MemTotal:        4016004 kB
MemFree:          113524 kB
Active:           367932 kB
Mem:          3.8G       3.7G       110M       5.7M        31M       3.2G

MemTotal:        4016004 kB
MemFree:          113648 kB
Active:           367980 kB
Mem:          3.8G       3.7G       110M       5.7M        31M       3.2G

MemTotal:        4016004 kB
MemFree:          113648 kB
Active:           367944 kB
Mem:          3.8G       3.7G       110M       5.7M        31M       3.2G

MemTotal:        4016004 kB
MemFree:          113648 kB
Active:           367956 kB
Mem:          3.8G       3.7G       110M       5.7M        31M       3.2G

MemTotal:        4016004 kB
MemFree:          113648 kB
Active:           367944 kB
Mem:          3.8G       3.7G       110M       5.7M        31M       3.2G

MemTotal:        4016004 kB
MemFree:          113648 kB
Active:           367988 kB
Mem:          3.8G       3.7G       110M       5.7M        31M       3.2G

MemTotal:        4016004 kB
MemFree:          113524 kB
Active:           368000 kB
Mem:          3.8G       3.7G       110M       5.7M        31M       3.2G

MemTotal:        4016004 kB
MemFree:          113648 kB
Active:           367964 kB
Mem:          3.8G       3.7G       110M       5.7M        31M       3.2G

MemTotal:        4016004 kB
MemFree:          113524 kB
Active:           367952 kB
Mem:          3.8G       3.7G       110M       5.7M        31M       3.2G

MemTotal:        4016004 kB
MemFree:          113648 kB
Active:           367992 kB
Mem:          3.8G       3.7G       110M       5.7M        31M       3.2G

MemTotal:        4016004 kB
MemFree:          113524 kB
Active:           367956 kB
Mem:          3.8G       3.7G       110M       5.7M        31M       3.2G

MemTotal:        4016004 kB
MemFree:          113648 kB
Active:           367964 kB
Mem:          3.8G       3.7G       110M       5.7M        31M       3.2G

MemTotal:        4016004 kB
MemFree:          113524 kB
Active:           368012 kB
Mem:          3.8G       3.7G       110M       5.7M        31M       3.2G

MemTotal:        4016004 kB
MemFree:          113524 kB
Active:           367960 kB
Mem:          3.8G       3.7G       110M       5.7M        31M       3.2G

MemTotal:        4016004 kB
MemFree:          113648 kB
Active:           367956 kB
Mem:          3.8G       3.7G       110M       5.7M        31M       3.2G

MemTotal:        4016004 kB
MemFree:          113540 kB
Active:           367960 kB
Mem:          3.8G       3.7G       110M       5.7M        31M       3.2G

MemTotal:        4016004 kB
MemFree:          113664 kB
Active:           368000 kB
Mem:          3.8G       3.7G       110M       5.7M        31M       3.2G

MemTotal:        4016004 kB
MemFree:          113664 kB
Active:           367972 kB
Mem:          3.8G       3.7G       110M       5.7M        31M       3.2G

MemTotal:        4016004 kB
MemFree:          113540 kB
Active:           367960 kB
Mem:          3.8G       3.7G       110M       5.7M        31M       3.2G

MemTotal:        4016004 kB
MemFree:          113540 kB
Active:           367968 kB
Mem:          3.8G       3.7G       110M       5.7M        31M       3.2G

MemTotal:        4016004 kB
MemFree:          113664 kB
Active:           367964 kB
Mem:          3.8G       3.7G       110M       5.7M        31M       3.2G

MemTotal:        4016004 kB
MemFree:          113540 kB
Active:           367972 kB
Mem:          3.8G       3.7G       110M       5.7M        31M       3.2G

MemTotal:        4016004 kB
MemFree:          113664 kB
Active:           367984 kB
Mem:          3.8G       3.7G       110M       5.7M        31M       3.2G

MemTotal:        4016004 kB
MemFree:          113416 kB
Active:           367984 kB
Mem:          3.8G       3.7G       110M       5.7M        31M       3.2G

MemTotal:        4016004 kB
MemFree:          113540 kB
Active:           367972 kB
Mem:          3.8G       3.7G       110M       5.7M        31M       3.2G

MemTotal:        4016004 kB
MemFree:          113540 kB
Active:           367976 kB
Mem:          3.8G       3.7G       110M       5.7M        31M       3.2G

MemTotal:        4016004 kB
MemFree:          113548 kB
Active:           367992 kB
Mem:          3.8G       3.7G       110M       5.7M        31M       3.2G

MemTotal:        4016004 kB
MemFree:          113672 kB
Active:           367996 kB
Mem:          3.8G       3.7G       110M       5.7M        31M       3.2G

MemTotal:        4016004 kB
MemFree:          113564 kB
Active:           368000 kB
Mem:          3.8G       3.7G       110M       5.7M        31M       3.2G

MemTotal:        4016004 kB
MemFree:          113564 kB
Active:           368004 kB
Mem:          3.8G       3.7G       110M       5.7M        31M       3.2G

MemTotal:        4016004 kB
MemFree:          113440 kB
Active:           367992 kB
Mem:          3.8G       3.7G       110M       5.7M        31M       3.2G

MemTotal:        4016004 kB
MemFree:          113564 kB
Active:           368008 kB
Mem:          3.8G       3.7G       110M       5.7M        31M       3.2G

MemTotal:        4016004 kB
MemFree:          113564 kB
Active:           367996 kB
Mem:          3.8G       3.7G       110M       5.7M        31M       3.2G

MemTotal:        4016004 kB
MemFree:          113564 kB
Active:           368020 kB
Mem:          3.8G       3.7G       110M       5.7M        31M       3.2G

MemTotal:        4016004 kB
MemFree:          113564 kB
Active:           368020 kB
Mem:          3.8G       3.7G       110M       5.7M        31M       3.2G

MemTotal:        4016004 kB
MemFree:          113564 kB
Active:           368016 kB
Mem:          3.8G       3.7G       110M       5.7M        31M       3.2G

MemTotal:        4016004 kB
MemFree:          113564 kB
Active:           368012 kB
Mem:          3.8G       3.7G       110M       5.7M        31M       3.2G

MemTotal:        4016004 kB
MemFree:          113440 kB
Active:           368012 kB
Mem:          3.8G       3.7G       110M       5.7M        31M       3.2G

MemTotal:        4016004 kB
MemFree:          113564 kB
Active:           368040 kB
Mem:          3.8G       3.7G       110M       5.7M        31M       3.2G

MemTotal:        4016004 kB
MemFree:          113440 kB
Active:           368024 kB
Mem:          3.8G       3.7G       110M       5.7M        31M       3.2G

MemTotal:        4016004 kB
MemFree:          113564 kB
Active:           368028 kB
Mem:          3.8G       3.7G       110M       5.7M        31M       3.2G

MemTotal:        4016004 kB
MemFree:          113564 kB
Active:           368040 kB
Mem:          3.8G       3.7G       110M       5.7M        31M       3.2G

MemTotal:        4016004 kB
MemFree:          113440 kB
Active:           368032 kB
Mem:          3.8G       3.7G       110M       5.7M        31M       3.2G

MemTotal:        4016004 kB
MemFree:          113440 kB
Active:           368032 kB
Mem:          3.8G       3.7G       110M       5.7M        31M       3.2G

MemTotal:        4016004 kB
MemFree:          113564 kB
Active:           368056 kB
Mem:          3.8G       3.7G       110M       5.7M        31M       3.2G

MemTotal:        4016004 kB
MemFree:          113440 kB
Active:           368032 kB
Mem:          3.8G       3.7G       110M       5.7M        31M       3.2G

MemTotal:        4016004 kB
MemFree:          113564 kB
Active:           368028 kB
Mem:          3.8G       3.7G       110M       5.7M        31M       3.2G

MemTotal:        4016004 kB
MemFree:          113440 kB
Active:           368076 kB
Mem:          3.8G       3.7G       110M       5.7M        31M       3.2G

MemTotal:        4016004 kB
MemFree:          113440 kB
Active:           368028 kB
Mem:          3.8G       3.7G       110M       5.7M        31M       3.2G

MemTotal:        4016004 kB
MemFree:          113440 kB
Active:           368040 kB
Mem:          3.8G       3.7G       110M       5.7M        31M       3.2G

MemTotal:        4016004 kB
MemFree:          113440 kB
Active:           368052 kB
Mem:          3.8G       3.7G       110M       5.7M        31M       3.2G

MemTotal:        4016004 kB
MemFree:          113564 kB
Active:           368072 kB
Mem:          3.8G       3.7G       110M       5.7M        31M       3.2G

MemTotal:        4016004 kB
MemFree:          113440 kB
Active:           368056 kB
Mem:          3.8G       3.7G       110M       5.7M        31M       3.2G

MemTotal:        4016004 kB
MemFree:          113440 kB
Active:           368052 kB
Mem:          3.8G       3.7G       110M       5.7M        31M       3.2G

MemTotal:        4016004 kB
MemFree:          113316 kB
Active:           368036 kB
Mem:          3.8G       3.7G       110M       5.7M        31M       3.2G

MemTotal:        4016004 kB
MemFree:          113440 kB
Active:           368080 kB
Mem:          3.8G       3.7G       110M       5.7M        31M       3.2G

MemTotal:        4016004 kB
MemFree:          113440 kB
Active:           368044 kB
Mem:          3.8G       3.7G       110M       5.7M        31M       3.2G

MemTotal:        4016004 kB
MemFree:          113564 kB
Active:           368088 kB
Mem:          3.8G       3.7G       110M       5.7M        31M       3.2G

MemTotal:        4016004 kB
MemFree:          113440 kB
Active:           368056 kB
Mem:          3.8G       3.7G       110M       5.7M        31M       3.2G

MemTotal:        4016004 kB
MemFree:          113440 kB
Active:           368044 kB
Mem:          3.8G       3.7G       110M       5.7M        31M       3.2G

MemTotal:        4016004 kB
MemFree:          113440 kB
Active:           368048 kB
Mem:          3.8G       3.7G       110M       5.7M        31M       3.2G

MemTotal:        4016004 kB
MemFree:          113440 kB
Active:           368096 kB
Mem:          3.8G       3.7G       110M       5.7M        31M       3.2G

MemTotal:        4016004 kB
MemFree:          113440 kB
Active:           368068 kB
Mem:          3.8G       3.7G       110M       5.7M        31M       3.2G

MemTotal:        4016004 kB
MemFree:          113440 kB
Active:           368060 kB
Mem:          3.8G       3.7G       110M       5.7M        31M       3.2G

MemTotal:        4016004 kB
MemFree:          113316 kB
Active:           368060 kB
Mem:          3.8G       3.7G       110M       5.7M        31M       3.2G

MemTotal:        4016004 kB
MemFree:          113316 kB
Active:           368052 kB
Mem:          3.8G       3.7G       110M       5.7M        31M       3.2G

MemTotal:        4016004 kB
MemFree:          113440 kB
Active:           368064 kB
Mem:          3.8G       3.7G       110M       5.7M        31M       3.2G

MemTotal:        4016004 kB
MemFree:          113440 kB
Active:           368076 kB
Mem:          3.8G       3.7G       110M       5.7M        31M       3.2G

MemTotal:        4016004 kB
MemFree:          113440 kB
Active:           368084 kB
Mem:          3.8G       3.7G       110M       5.7M        31M       3.2G

MemTotal:        4016004 kB
MemFree:          113440 kB
Active:           368072 kB
Mem:          3.8G       3.7G       110M       5.7M        31M       3.2G

MemTotal:        4016004 kB
MemFree:          113440 kB
Active:           368068 kB
Mem:          3.8G       3.7G       110M       5.7M        31M       3.2G

MemTotal:        4016004 kB
MemFree:          113316 kB
Active:           368080 kB
Mem:          3.8G       3.7G       110M       5.7M        31M       3.2G

MemTotal:        4016004 kB
MemFree:          113316 kB
Active:           368076 kB
Mem:          3.8G       3.7G       110M       5.7M        31M       3.2G

MemTotal:        4016004 kB
MemFree:          113316 kB
Active:           368084 kB
Mem:          3.8G       3.7G       110M       5.7M        31M       3.2G

MemTotal:        4016004 kB
MemFree:          113440 kB
Active:           368084 kB
Mem:          3.8G       3.7G       110M       5.7M        31M       3.2G

MemTotal:        4016004 kB
MemFree:          113192 kB
Active:           368092 kB
Mem:          3.8G       3.7G       110M       5.7M        31M       3.2G

MemTotal:        4016004 kB
MemFree:          113440 kB
Active:           368124 kB
Mem:          3.8G       3.7G       110M       5.7M        31M       3.2G

MemTotal:        4016004 kB
MemFree:          113316 kB
Active:           368100 kB
Mem:          3.8G       3.7G       110M       5.7M        31M       3.2G

MemTotal:        4016004 kB
MemFree:          113316 kB
Active:           368088 kB
Mem:          3.8G       3.7G       110M       5.7M        31M       3.2G

MemTotal:        4016004 kB
MemFree:          113316 kB
Active:           368084 kB
Mem:          3.8G       3.7G       110M       5.7M        31M       3.2G

MemTotal:        4016004 kB
MemFree:          113316 kB
Active:           368096 kB
Mem:          3.8G       3.7G       110M       5.7M        31M       3.2G

MemTotal:        4016004 kB
MemFree:          113316 kB
Active:           368108 kB
Mem:          3.8G       3.7G       110M       5.7M        31M       3.2G

MemTotal:        4016004 kB
MemFree:          113440 kB
Active:           368104 kB
Mem:          3.8G       3.7G       110M       5.7M        31M       3.2G

MemTotal:        4016004 kB
MemFree:          113316 kB
Active:           368096 kB
Mem:          3.8G       3.7G       110M       5.7M        31M       3.2G

MemTotal:        4016004 kB
MemFree:          113440 kB
Active:           368088 kB
Mem:          3.8G       3.7G       110M       5.7M        31M       3.2G

MemTotal:        4016004 kB
MemFree:          113316 kB
Active:           368100 kB
Mem:          3.8G       3.7G       110M       5.7M        31M       3.2G

MemTotal:        4016004 kB
MemFree:          113316 kB
Active:           368104 kB
Mem:          3.8G       3.7G       110M       5.7M        31M       3.2G

MemTotal:        4016004 kB
MemFree:          113316 kB
Active:           368116 kB
Mem:          3.8G       3.7G       110M       5.7M        31M       3.2G

MemTotal:        4016004 kB
MemFree:          113316 kB
Active:           368108 kB
Mem:          3.8G       3.7G       110M       5.7M        31M       3.2G

MemTotal:        4016004 kB
MemFree:          113316 kB
Active:           368120 kB
Mem:          3.8G       3.7G       110M       5.7M        31M       3.2G

MemTotal:        4016004 kB
MemFree:          113192 kB
Active:           368112 kB
Mem:          3.8G       3.7G       110M       5.7M        31M       3.2G

MemTotal:        4016004 kB
MemFree:          113192 kB
Active:           368164 kB
Mem:          3.8G       3.7G       110M       5.7M        31M       3.2G

MemTotal:        4016004 kB
MemFree:          113192 kB
Active:           368136 kB
Mem:          3.8G       3.7G       110M       5.7M        31M       3.2G

MemTotal:        4016004 kB
MemFree:          113316 kB
Active:           368116 kB
Mem:          3.8G       3.7G       110M       5.7M        31M       3.2G

MemTotal:        4016004 kB
MemFree:          113192 kB
Active:           368120 kB
Mem:          3.8G       3.7G       110M       5.7M        31M       3.2G

MemTotal:        4016004 kB
MemFree:          113316 kB
Active:           368152 kB
Mem:          3.8G       3.7G       110M       5.7M        31M       3.2G

MemTotal:        4016004 kB
MemFree:          113316 kB
Active:           368140 kB
Mem:          3.8G       3.7G       110M       5.7M        31M       3.2G

MemTotal:        4016004 kB
MemFree:          113316 kB
Active:           368136 kB
Mem:          3.8G       3.7G       110M       5.7M        31M       3.2G

MemTotal:        4016004 kB
MemFree:          113192 kB
Active:           368132 kB
Mem:          3.8G       3.7G       110M       5.7M        31M       3.2G

MemTotal:        4016004 kB
MemFree:          113192 kB
Active:           368172 kB
Mem:          3.8G       3.7G       110M       5.7M        31M       3.2G

MemTotal:        4016004 kB
MemFree:          113316 kB
Active:           368132 kB
Mem:          3.8G       3.7G       110M       5.7M        31M       3.2G

MemTotal:        4016004 kB
MemFree:          113192 kB
Active:           368132 kB
Mem:          3.8G       3.7G       110M       5.7M        31M       3.2G

MemTotal:        4016004 kB
MemFree:          113192 kB
Active:           368148 kB
Mem:          3.8G       3.7G       110M       5.7M        31M       3.2G

MemTotal:        4016004 kB
MemFree:          113192 kB
Active:           368152 kB
Mem:          3.8G       3.7G       110M       5.7M        31M       3.2G

MemTotal:        4016004 kB
MemFree:          113192 kB
Active:           368140 kB
Mem:          3.8G       3.7G       110M       5.7M        31M       3.2G

MemTotal:        4016004 kB
MemFree:          113192 kB
Active:           368148 kB
Mem:          3.8G       3.7G       110M       5.7M        31M       3.2G

MemTotal:        4016004 kB
MemFree:          113192 kB
Active:           368172 kB
Mem:          3.8G       3.7G       110M       5.7M        31M       3.2G

MemTotal:        4016004 kB
MemFree:          113192 kB
Active:           368164 kB
Mem:          3.8G       3.7G       110M       5.7M        31M       3.2G

MemTotal:        4016004 kB
MemFree:          113316 kB
Active:           368164 kB
Mem:          3.8G       3.7G       110M       5.7M        31M       3.2G

MemTotal:        4016004 kB
MemFree:          113068 kB
Active:           368148 kB
Mem:          3.8G       3.7G       110M       5.7M        31M       3.2G

MemTotal:        4016004 kB
MemFree:          113192 kB
Active:           368144 kB
Mem:          3.8G       3.7G       110M       5.7M        31M       3.2G

MemTotal:        4016004 kB
MemFree:          113192 kB
Active:           368168 kB
Mem:          3.8G       3.7G       110M       5.7M        31M       3.2G

MemTotal:        4016004 kB
MemFree:          113192 kB
Active:           368168 kB
Mem:          3.8G       3.7G       110M       5.7M        31M       3.2G

MemTotal:        4016004 kB
MemFree:          113192 kB
Active:           368156 kB
Mem:          3.8G       3.7G       110M       5.7M        31M       3.2G

MemTotal:        4016004 kB
MemFree:          113316 kB
Active:           368168 kB
Mem:          3.8G       3.7G       110M       5.7M        31M       3.2G

MemTotal:        4016004 kB
MemFree:          113068 kB
Active:           368152 kB
Mem:          3.8G       3.7G       110M       5.7M        31M       3.2G

MemTotal:        4016004 kB
MemFree:          113192 kB
Active:           368160 kB
Mem:          3.8G       3.7G       110M       5.7M        31M       3.2G

MemTotal:        4016004 kB
MemFree:          113068 kB
Active:           368144 kB
Mem:          3.8G       3.7G       110M       5.7M        31M       3.2G

MemTotal:        4016004 kB
MemFree:          113192 kB
Active:           368200 kB
Mem:          3.8G       3.7G       110M       5.7M        31M       3.2G

MemTotal:        4016004 kB
MemFree:          113380 kB
Active:           367924 kB
Mem:          3.8G       3.7G       110M       5.7M        31M       3.2G

MemTotal:        4016004 kB
MemFree:          113628 kB
Active:           367956 kB
Mem:          3.8G       3.7G       110M       5.7M        31M       3.2G

MemTotal:        4016004 kB
MemFree:          113752 kB
Active:           367932 kB
Mem:          3.8G       3.7G       110M       5.7M        31M       3.2G

MemTotal:        4016004 kB
MemFree:          113380 kB
Active:           367972 kB
Mem:          3.8G       3.7G       110M       5.7M        31M       3.2G

MemTotal:        4016004 kB
MemFree:          113380 kB
Active:           367952 kB
Mem:          3.8G       3.7G       110M       5.7M        31M       3.2G

MemTotal:        4016004 kB
MemFree:          113380 kB
Active:           367964 kB
Mem:          3.8G       3.7G       110M       5.7M        31M       3.2G

MemTotal:        4016004 kB
MemFree:          113008 kB
Active:           367972 kB
Mem:          3.8G       3.7G       110M       5.7M        31M       3.2G

MemTotal:        4016004 kB
MemFree:          113256 kB
Active:           367928 kB
Mem:          3.8G       3.7G       110M       5.7M        31M       3.2G

MemTotal:        4016004 kB
MemFree:          113256 kB
Active:           367964 kB
Mem:          3.8G       3.7G       110M       5.7M        31M       3.2G

MemTotal:        4016004 kB
MemFree:          113256 kB
Active:           367968 kB
Mem:          3.8G       3.7G       110M       5.7M        31M       3.2G

MemTotal:        4016004 kB
MemFree:          113504 kB
Active:           367976 kB
Mem:          3.8G       3.7G       110M       5.7M        31M       3.2G

MemTotal:        4016004 kB
MemFree:          113380 kB
Active:           367944 kB
Mem:          3.8G       3.7G       110M       5.7M        31M       3.2G

MemTotal:        4016004 kB
MemFree:          113008 kB
Active:           367992 kB
Mem:          3.8G       3.7G       110M       5.7M        31M       3.2G

MemTotal:        4016004 kB
MemFree:          113256 kB
Active:           367996 kB
Mem:          3.8G       3.7G       110M       5.7M        31M       3.2G

MemTotal:        4016004 kB
MemFree:          113380 kB
Active:           367968 kB
Mem:          3.8G       3.7G       110M       5.7M        31M       3.2G

MemTotal:        4016004 kB
MemFree:          113380 kB
Active:           367992 kB
Mem:          3.8G       3.7G       110M       5.7M        31M       3.2G

MemTotal:        4016004 kB
MemFree:          112884 kB
Active:           368000 kB
Mem:          3.8G       3.7G       110M       5.7M        31M       3.2G

MemTotal:        4016004 kB
MemFree:          113132 kB
Active:           367992 kB
Mem:          3.8G       3.7G       110M       5.7M        31M       3.2G

MemTotal:        4016004 kB
MemFree:          113256 kB
Active:           367968 kB
Mem:          3.8G       3.7G       110M       5.7M        31M       3.2G

MemTotal:        4016004 kB
MemFree:          113272 kB
Active:           367992 kB
Mem:          3.8G       3.7G       110M       5.7M        31M       3.2G

MemTotal:        4016004 kB
MemFree:          113272 kB
Active:           367968 kB
Mem:          3.8G       3.7G       110M       5.7M        31M       3.2G

MemTotal:        4016004 kB
MemFree:          113396 kB
Active:           368004 kB
Mem:          3.8G       3.7G       110M       5.7M        31M       3.2G

MemTotal:        4016004 kB
MemFree:          113396 kB
Active:           367972 kB
Mem:          3.8G       3.7G       110M       5.7M        31M       3.2G

MemTotal:        4016004 kB
MemFree:          113396 kB
Active:           368008 kB
Mem:          3.8G       3.7G       110M       5.7M        31M       3.2G

MemTotal:        4016004 kB
MemFree:          112900 kB
Active:           368016 kB
Mem:          3.8G       3.7G       110M       5.7M        31M       3.2G

MemTotal:        4016004 kB
MemFree:          113272 kB
Active:           367968 kB
Mem:          3.8G       3.7G       110M       5.7M        31M       3.2G

MemTotal:        4016004 kB
MemFree:          113364 kB
Active:           367984 kB
Mem:          3.8G       3.7G       110M       5.7M        31M       3.2G

MemTotal:        4016004 kB
MemFree:          113148 kB
Active:           367972 kB
Mem:          3.8G       3.7G       110M       5.7M        31M       3.2G

MemTotal:        4016004 kB
MemFree:          113396 kB
Active:           367980 kB
Mem:          3.8G       3.7G       110M       5.7M        31M       3.2G

MemTotal:        4016004 kB
MemFree:          113380 kB
Active:           367984 kB
