MemTotal:        4016004 kB
MemFree:         3234336 kB
Active:           424876 kB
Mem:          3.8G       763M       3.1G       5.7M        55M       319M

MemTotal:        4016004 kB
MemFree:         3234756 kB
Active:           425024 kB
Mem:          3.8G       762M       3.1G       5.7M        55M       319M

MemTotal:        4016004 kB
MemFree:         3235252 kB
Active:           425064 kB
Mem:          3.8G       762M       3.1G       5.7M        55M       319M

MemTotal:        4016004 kB
MemFree:         3234756 kB
Active:           425096 kB
Mem:          3.8G       762M       3.1G       5.7M        55M       319M

MemTotal:        4016004 kB
MemFree:         3235252 kB
Active:           425044 kB
Mem:          3.8G       762M       3.1G       5.7M        55M       319M

MemTotal:        4016004 kB
MemFree:         3235004 kB
Active:           425084 kB
Mem:          3.8G       762M       3.1G       5.7M        55M       319M

MemTotal:        4016004 kB
MemFree:         3233888 kB
Active:           423108 kB
Mem:          3.8G       763M       3.1G       5.7M        55M       319M

MemTotal:        4016004 kB
MemFree:         3234268 kB
Active:           425052 kB
Mem:          3.8G       763M       3.1G       5.7M        55M       319M

MemTotal:        4016004 kB
MemFree:         3234764 kB
Active:           425084 kB
Mem:          3.8G       762M       3.1G       5.7M        55M       319M

MemTotal:        4016004 kB
MemFree:         3234516 kB
Active:           425104 kB
Mem:          3.8G       763M       3.1G       5.7M        55M       319M

MemTotal:        4016004 kB
MemFree:         3234764 kB
Active:           425076 kB
Mem:          3.8G       762M       3.1G       5.7M        55M       319M

MemTotal:        4016004 kB
MemFree:         3234888 kB
Active:           425092 kB
Mem:          3.8G       762M       3.1G       5.7M        55M       319M

MemTotal:        4016004 kB
MemFree:         3235012 kB
Active:           425056 kB
Mem:          3.8G       762M       3.1G       5.7M        55M       319M

MemTotal:        4016004 kB
MemFree:         3234640 kB
Active:           425108 kB
Mem:          3.8G       763M       3.1G       5.7M        55M       319M

MemTotal:        4016004 kB
MemFree:         3235012 kB
Active:           425076 kB
Mem:          3.8G       762M       3.1G       5.7M        55M       319M

MemTotal:        4016004 kB
MemFree:         3234904 kB
Active:           425068 kB
Mem:          3.8G       762M       3.1G       5.7M        55M       319M

MemTotal:        4016004 kB
MemFree:         3234752 kB
Active:           425112 kB
Mem:          3.8G       762M       3.1G       5.7M        55M       319M

MemTotal:        4016004 kB
MemFree:         3235248 kB
Active:           425096 kB
Mem:          3.8G       762M       3.1G       5.7M        55M       319M

MemTotal:        4016004 kB
MemFree:         3235372 kB
Active:           425100 kB
Mem:          3.8G       762M       3.1G       5.7M        55M       319M

MemTotal:        4016004 kB
MemFree:         3234628 kB
Active:           425112 kB
Mem:          3.8G       763M       3.1G       5.7M        55M       319M

MemTotal:        4016004 kB
MemFree:         3235000 kB
Active:           425080 kB
Mem:          3.8G       762M       3.1G       5.7M        55M       319M

MemTotal:        4016004 kB
MemFree:         3235248 kB
Active:           425112 kB
Mem:          3.8G       762M       3.1G       5.7M        55M       319M

MemTotal:        4016004 kB
MemFree:         3235248 kB
Active:           425064 kB
Mem:          3.8G       762M       3.1G       5.7M        55M       319M

MemTotal:        4016004 kB
MemFree:         3235372 kB
Active:           425080 kB
Mem:          3.8G       762M       3.1G       5.7M        55M       319M

MemTotal:        4016004 kB
MemFree:         3234984 kB
Active:           425120 kB
Mem:          3.8G       762M       3.1G       5.7M        55M       319M

MemTotal:        4016004 kB
MemFree:         3235372 kB
Active:           425108 kB
Mem:          3.8G       762M       3.1G       5.7M        55M       319M

MemTotal:        4016004 kB
MemFree:         3235372 kB
Active:           425112 kB
Mem:          3.8G       762M       3.1G       5.7M        55M       319M

MemTotal:        4016004 kB
MemFree:         3234860 kB
Active:           425120 kB
Mem:          3.8G       762M       3.1G       5.7M        55M       319M

MemTotal:        4016004 kB
MemFree:         3234984 kB
Active:           425116 kB
Mem:          3.8G       762M       3.1G       5.7M        55M       319M

MemTotal:        4016004 kB
MemFree:         3235232 kB
Active:           425092 kB
Mem:          3.8G       762M       3.1G       5.7M        55M       319M

MemTotal:        4016004 kB
MemFree:         3234984 kB
Active:           425132 kB
Mem:          3.8G       762M       3.1G       5.7M        55M       319M

MemTotal:        4016004 kB
MemFree:         3235356 kB
Active:           425104 kB
Mem:          3.8G       762M       3.1G       5.7M        55M       319M

MemTotal:        4016004 kB
MemFree:         3235124 kB
Active:           425104 kB
Mem:          3.8G       762M       3.1G       5.7M        55M       319M

MemTotal:        4016004 kB
MemFree:         3235248 kB
Active:           425112 kB
Mem:          3.8G       762M       3.1G       5.7M        55M       319M

MemTotal:        4016004 kB
MemFree:         3235248 kB
Active:           425100 kB
Mem:          3.8G       762M       3.1G       5.7M        55M       319M

MemTotal:        4016004 kB
MemFree:         3235108 kB
Active:           425112 kB
Mem:          3.8G       762M       3.1G       5.7M        55M       319M

MemTotal:        4016004 kB
MemFree:         3235232 kB
Active:           425156 kB
Mem:          3.8G       762M       3.1G       5.7M        55M       319M

MemTotal:        4016004 kB
MemFree:         3235232 kB
Active:           425128 kB
Mem:          3.8G       762M       3.1G       5.7M        55M       319M

MemTotal:        4016004 kB
MemFree:         3235108 kB
Active:           425128 kB
Mem:          3.8G       762M       3.1G       5.7M        55M       319M

MemTotal:        4016004 kB
MemFree:         3235232 kB
Active:           425144 kB
Mem:          3.8G       762M       3.1G       5.7M        55M       319M

MemTotal:        4016004 kB
MemFree:         3235108 kB
Active:           425124 kB
Mem:          3.8G       762M       3.1G       5.7M        55M       319M

MemTotal:        4016004 kB
MemFree:         3235108 kB
Active:           425128 kB
Mem:          3.8G       762M       3.1G       5.7M        55M       319M

MemTotal:        4016004 kB
MemFree:         3235108 kB
Active:           425160 kB
Mem:          3.8G       762M       3.1G       5.7M        55M       319M

MemTotal:        4016004 kB
MemFree:         3235232 kB
Active:           425124 kB
Mem:          3.8G       762M       3.1G       5.7M        55M       319M

MemTotal:        4016004 kB
MemFree:         3234612 kB
Active:           425180 kB
Mem:          3.8G       763M       3.1G       5.7M        55M       319M

MemTotal:        4016004 kB
MemFree:         3234612 kB
Active:           425148 kB
Mem:          3.8G       763M       3.1G       5.7M        55M       319M

MemTotal:        4016004 kB
MemFree:         3234472 kB
Active:           425176 kB
Mem:          3.8G       763M       3.1G       5.7M        55M       319M

MemTotal:        4016004 kB
MemFree:         3234968 kB
Active:           425140 kB
Mem:          3.8G       762M       3.1G       5.7M        55M       319M

MemTotal:        4016004 kB
MemFree:         3234844 kB
Active:           425176 kB
Mem:          3.8G       762M       3.1G       5.7M        55M       319M

MemTotal:        4016004 kB
MemFree:         3234984 kB
Active:           425192 kB
Mem:          3.8G       762M       3.1G       5.7M        55M       319M

MemTotal:        4016004 kB
MemFree:         3234736 kB
Active:           425176 kB
Mem:          3.8G       762M       3.1G       5.7M        55M       319M

MemTotal:        4016004 kB
MemFree:         3234860 kB
Active:           425192 kB
Mem:          3.8G       762M       3.1G       5.7M        55M       319M

MemTotal:        4016004 kB
MemFree:         3234844 kB
Active:           425200 kB
Mem:          3.8G       762M       3.1G       5.7M        55M       319M

MemTotal:        4016004 kB
MemFree:         3234844 kB
Active:           425172 kB
Mem:          3.8G       762M       3.1G       5.7M        55M       319M

MemTotal:        4016004 kB
MemFree:         3234472 kB
Active:           425212 kB
Mem:          3.8G       763M       3.1G       5.7M        55M       319M

MemTotal:        4016004 kB
MemFree:         3234984 kB
Active:           425188 kB
Mem:          3.8G       762M       3.1G       5.7M        55M       319M

MemTotal:        4016004 kB
MemFree:         3232812 kB
Active:           425164 kB
Mem:          3.8G       765M       3.1G       5.7M        55M       319M

MemTotal:        4016004 kB
MemFree:         3232812 kB
Active:           427196 kB
Mem:          3.8G       764M       3.1G       5.7M        55M       319M

MemTotal:        4016004 kB
MemFree:         3232316 kB
Active:           427248 kB
Mem:          3.8G       765M       3.1G       5.7M        55M       319M

MemTotal:        4016004 kB
MemFree:         3232796 kB
Active:           427232 kB
Mem:          3.8G       764M       3.1G       5.7M        55M       319M

MemTotal:        4016004 kB
MemFree:         3232796 kB
Active:           427204 kB
Mem:          3.8G       764M       3.1G       5.7M        55M       319M

MemTotal:        4016004 kB
MemFree:         3232548 kB
Active:           427248 kB
Mem:          3.8G       765M       3.1G       5.7M        55M       319M

MemTotal:        4016004 kB
MemFree:         3232920 kB
Active:           427208 kB
Mem:          3.8G       764M       3.1G       5.7M        55M       319M

MemTotal:        4016004 kB
MemFree:         3232904 kB
Active:           427244 kB
Mem:          3.8G       764M       3.1G       5.7M        55M       319M

MemTotal:        4016004 kB
MemFree:         3232904 kB
Active:           427212 kB
Mem:          3.8G       764M       3.1G       5.7M        55M       319M

MemTotal:        4016004 kB
MemFree:         3232284 kB
Active:           427256 kB
Mem:          3.8G       765M       3.1G       5.7M        55M       319M

MemTotal:        4016004 kB
MemFree:         3232284 kB
Active:           427256 kB
Mem:          3.8G       765M       3.1G       5.7M        55M       319M

MemTotal:        4016004 kB
MemFree:         3232904 kB
Active:           427204 kB
Mem:          3.8G       764M       3.1G       5.7M        55M       319M

MemTotal:        4016004 kB
MemFree:         3232656 kB
Active:           427248 kB
Mem:          3.8G       765M       3.1G       5.7M        55M       319M

MemTotal:        4016004 kB
MemFree:         3232424 kB
Active:           427256 kB
Mem:          3.8G       765M       3.1G       5.7M        55M       319M

MemTotal:        4016004 kB
MemFree:         3232672 kB
Active:           427220 kB
Mem:          3.8G       765M       3.1G       5.7M        55M       319M

MemTotal:        4016004 kB
MemFree:         3232796 kB
Active:           427244 kB
Mem:          3.8G       764M       3.1G       5.7M        55M       319M

MemTotal:        4016004 kB
MemFree:         3232796 kB
Active:           427228 kB
Mem:          3.8G       764M       3.1G       5.7M        55M       319M

MemTotal:        4016004 kB
MemFree:         3232904 kB
Active:           427208 kB
Mem:          3.8G       764M       3.1G       5.7M        55M       319M

MemTotal:        4016004 kB
MemFree:         3232904 kB
Active:           427208 kB
Mem:          3.8G       764M       3.1G       5.7M        55M       319M

MemTotal:        4016004 kB
MemFree:         3232284 kB
Active:           427260 kB
Mem:          3.8G       765M       3.1G       5.7M        55M       319M

MemTotal:        4016004 kB
MemFree:         3232780 kB
Active:           427228 kB
Mem:          3.8G       764M       3.1G       5.7M        55M       319M

MemTotal:        4016004 kB
MemFree:         3232796 kB
Active:           427260 kB
Mem:          3.8G       765M       3.1G       5.7M        55M       319M

MemTotal:        4016004 kB
MemFree:         3232424 kB
Active:           427268 kB
Mem:          3.8G       765M       3.1G       5.7M        55M       319M

MemTotal:        4016004 kB
MemFree:         3232424 kB
Active:           427268 kB
Mem:          3.8G       764M       3.1G       5.7M        55M       319M

MemTotal:        4016004 kB
MemFree:         3232176 kB
Active:           427228 kB
Mem:          3.8G       765M       3.1G       5.7M        55M       319M

MemTotal:        4016004 kB
MemFree:         3232300 kB
Active:           427248 kB
Mem:          3.8G       765M       3.1G       5.7M        55M       319M

MemTotal:        4016004 kB
MemFree:         3232052 kB
Active:           427272 kB
Mem:          3.8G       765M       3.1G       5.7M        55M       319M

MemTotal:        4016004 kB
MemFree:         3232300 kB
Active:           427248 kB
Mem:          3.8G       765M       3.1G       5.7M        55M       319M

MemTotal:        4016004 kB
MemFree:         3232424 kB
Active:           427228 kB
Mem:          3.8G       765M       3.1G       5.7M        55M       319M

MemTotal:        4016004 kB
MemFree:         3231804 kB
Active:           427284 kB
Mem:          3.8G       765M       3.1G       5.7M        55M       319M

MemTotal:        4016004 kB
MemFree:         3232256 kB
Active:           425236 kB
Mem:          3.8G       765M       3.1G       5.7M        55M       319M

MemTotal:        4016004 kB
MemFree:         3232608 kB
Active:           427252 kB
Mem:          3.8G       765M       3.1G       5.7M        56M       319M

MemTotal:        4016004 kB
MemFree:         3232484 kB
Active:           427304 kB
Mem:          3.8G       765M       3.1G       5.7M        56M       319M

MemTotal:        4016004 kB
MemFree:         3232856 kB
Active:           427276 kB
Mem:          3.8G       765M       3.1G       5.7M        56M       319M

MemTotal:        4016004 kB
MemFree:         3232236 kB
Active:           427308 kB
Mem:          3.8G       765M       3.1G       5.7M        56M       319M

MemTotal:        4016004 kB
MemFree:         3232608 kB
Active:           427288 kB
Mem:          3.8G       765M       3.1G       5.7M        56M       319M

MemTotal:        4016004 kB
MemFree:         3232360 kB
Active:           427308 kB
Mem:          3.8G       765M       3.1G       5.7M        56M       319M

MemTotal:        4016004 kB
MemFree:         3231740 kB
Active:           427308 kB
Mem:          3.8G       765M       3.1G       5.7M        56M       319M

MemTotal:        4016004 kB
MemFree:         3232236 kB
Active:           427276 kB
Mem:          3.8G       765M       3.1G       5.7M        56M       319M

MemTotal:        4016004 kB
MemFree:         3232112 kB
Active:           427256 kB
Mem:          3.8G       765M       3.1G       5.7M        56M       319M

MemTotal:        4016004 kB
MemFree:         3232272 kB
Active:           425480 kB
Mem:          3.8G       765M       3.1G       5.7M        56M       319M

MemTotal:        4016004 kB
MemFree:         3232528 kB
Active:           427272 kB
Mem:          3.8G       765M       3.1G       5.7M        56M       319M

MemTotal:        4016004 kB
MemFree:         3232760 kB
Active:           427324 kB
Mem:          3.8G       765M       3.1G       5.7M        56M       319M

MemTotal:        4016004 kB
MemFree:         3232636 kB
Active:           427300 kB
Mem:          3.8G       764M       3.1G       5.7M        56M       319M

MemTotal:        4016004 kB
MemFree:         3231564 kB
Active:           427704 kB
Mem:          3.8G       766M       3.1G       5.7M        56M       319M

MemTotal:        4016004 kB
MemFree:         3187816 kB
Active:           428512 kB
Mem:          3.8G       809M       3.0G       5.7M        56M       361M

MemTotal:        4016004 kB
MemFree:         3142916 kB
Active:           428536 kB
Mem:          3.8G       852M       3.0G       5.7M        56M       404M

MemTotal:        4016004 kB
MemFree:         3097172 kB
Active:           428556 kB
Mem:          3.8G       897M       3.0G       5.7M        56M       448M

MemTotal:        4016004 kB
MemFree:         3052560 kB
Active:           428588 kB
Mem:          3.8G       941M       2.9G       5.7M        56M       491M

MemTotal:        4016004 kB
MemFree:         3006584 kB
Active:           428612 kB
Mem:          3.8G       986M       2.9G       5.7M        56M       535M

MemTotal:        4016004 kB
MemFree:         2961832 kB
Active:           428636 kB
Mem:          3.8G       1.0G       2.8G       5.7M        56M       578M

MemTotal:        4016004 kB
MemFree:         2916104 kB
Active:           428660 kB
Mem:          3.8G       1.0G       2.8G       5.7M        56M       622M

MemTotal:        4016004 kB
MemFree:         2871492 kB
Active:           428684 kB
Mem:          3.8G       1.1G       2.7G       5.7M        56M       665M

MemTotal:        4016004 kB
MemFree:         2827200 kB
Active:           428704 kB
Mem:          3.8G       1.1G       2.7G       5.7M        56M       707M

MemTotal:        4016004 kB
MemFree:         2781196 kB
Active:           428724 kB
Mem:          3.8G       1.2G       2.7G       5.7M        56M       751M

MemTotal:        4016004 kB
MemFree:         2735956 kB
Active:           428760 kB
Mem:          3.8G       1.2G       2.6G       5.7M        56M       795M

MemTotal:        4016004 kB
MemFree:         2703148 kB
Active:           428792 kB
Mem:          3.8G       1.3G       2.6G       5.7M        56M       828M

MemTotal:        4016004 kB
MemFree:         2657048 kB
Active:           428812 kB
Mem:          3.8G       1.3G       2.5G       5.7M        56M       871M

MemTotal:        4016004 kB
MemFree:         2613284 kB
Active:           428828 kB
Mem:          3.8G       1.3G       2.5G       5.7M        56M       913M

MemTotal:        4016004 kB
MemFree:         2567256 kB
Active:           428860 kB
Mem:          3.8G       1.4G       2.4G       5.7M        56M       957M

MemTotal:        4016004 kB
MemFree:         2522464 kB
Active:           428968 kB
Mem:          3.8G       1.4G       2.4G       5.7M        56M       1.0G

MemTotal:        4016004 kB
MemFree:         2521908 kB
Active:           428924 kB
Mem:          3.8G       1.4G       2.4G       5.7M        56M       1.0G

MemTotal:        4016004 kB
MemFree:         2521804 kB
Active:           428944 kB
Mem:          3.8G       1.4G       2.4G       5.7M        56M       1.0G

MemTotal:        4016004 kB
MemFree:         2497920 kB
Active:           430476 kB
Mem:          3.8G       1.4G       2.4G       5.7M        57M       1.0G

MemTotal:        4016004 kB
MemFree:         2455224 kB
Active:           432588 kB
Mem:          3.8G       1.5G       2.3G       5.7M        59M       1.0G

MemTotal:        4016004 kB
MemFree:         2409612 kB
Active:           432976 kB
Mem:          3.8G       1.5G       2.3G       5.7M        59M       1.1G

MemTotal:        4016004 kB
MemFree:         2363768 kB
Active:           433388 kB
Mem:          3.8G       1.6G       2.3G       5.7M        59M       1.1G

MemTotal:        4016004 kB
MemFree:         2317892 kB
Active:           433744 kB
Mem:          3.8G       1.6G       2.2G       5.7M        60M       1.2G

MemTotal:        4016004 kB
MemFree:         2272032 kB
Active:           433876 kB
Mem:          3.8G       1.7G       2.2G       5.7M        60M       1.2G

MemTotal:        4016004 kB
MemFree:         2226428 kB
Active:           434260 kB
Mem:          3.8G       1.7G       2.1G       5.7M        60M       1.3G

MemTotal:        4016004 kB
MemFree:         2180704 kB
Active:           434612 kB
Mem:          3.8G       1.8G       2.1G       5.7M        60M       1.3G

MemTotal:        4016004 kB
MemFree:         2135736 kB
Active:           436048 kB
Mem:          3.8G       1.8G       2.0G       5.7M        62M       1.3G

MemTotal:        4016004 kB
MemFree:         2089764 kB
Active:           436464 kB
Mem:          3.8G       1.8G       2.0G       5.7M        62M       1.4G

MemTotal:        4016004 kB
MemFree:         2045016 kB
Active:           436712 kB
Mem:          3.8G       1.9G       1.9G       5.7M        63M       1.4G

MemTotal:        4016004 kB
MemFree:         1998180 kB
Active:           436824 kB
Mem:          3.8G       1.9G       1.9G       5.7M        63M       1.5G

MemTotal:        4016004 kB
MemFree:         1951880 kB
Active:           437204 kB
Mem:          3.8G       2.0G       1.9G       5.7M        63M       1.5G

MemTotal:        4016004 kB
MemFree:         1906636 kB
Active:           437216 kB
Mem:          3.8G       2.0G       1.8G       5.7M        63M       1.5G

MemTotal:        4016004 kB
MemFree:         1861584 kB
Active:           436544 kB
Mem:          3.8G       2.1G       1.8G       5.7M        63M       1.6G

MemTotal:        4016004 kB
MemFree:         1815848 kB
Active:           436544 kB
Mem:          3.8G       2.1G       1.7G       5.7M        63M       1.6G

MemTotal:        4016004 kB
MemFree:         1769292 kB
Active:           436552 kB
Mem:          3.8G       2.1G       1.7G       5.7M        63M       1.7G

MemTotal:        4016004 kB
MemFree:         1722128 kB
Active:           436684 kB
Mem:          3.8G       2.2G       1.6G       5.7M        63M       1.7G

MemTotal:        4016004 kB
MemFree:         1721920 kB
Active:           436604 kB
Mem:          3.8G       2.2G       1.6G       5.7M        63M       1.7G

MemTotal:        4016004 kB
MemFree:         1702532 kB
Active:           436604 kB
Mem:          3.8G       2.2G       1.6G       5.7M        63M       1.7G

MemTotal:        4016004 kB
MemFree:         1657672 kB
Active:           436616 kB
Mem:          3.8G       2.2G       1.6G       5.7M        63M       1.8G

MemTotal:        4016004 kB
MemFree:         1610192 kB
Active:           436616 kB
Mem:          3.8G       2.3G       1.5G       5.7M        63M       1.8G

MemTotal:        4016004 kB
MemFree:         1565148 kB
Active:           436620 kB
Mem:          3.8G       2.3G       1.5G       5.7M        63M       1.9G

MemTotal:        4016004 kB
MemFree:         1564064 kB
Active:           436620 kB
Mem:          3.8G       2.3G       1.5G       5.7M        63M       1.9G

MemTotal:        4016004 kB
MemFree:         1559032 kB
Active:           436632 kB
Mem:          3.8G       2.3G       1.5G       5.7M        63M       1.9G

MemTotal:        4016004 kB
MemFree:         1513524 kB
Active:           436636 kB
Mem:          3.8G       2.4G       1.4G       5.7M        63M       1.9G

MemTotal:        4016004 kB
MemFree:         1466788 kB
Active:           436640 kB
Mem:          3.8G       2.4G       1.4G       5.7M        63M       2.0G

MemTotal:        4016004 kB
MemFree:         1418888 kB
Active:           438688 kB
Mem:          3.8G       2.5G       1.4G       5.7M        63M       2.0G

MemTotal:        4016004 kB
MemFree:         1372400 kB
Active:           438664 kB
Mem:          3.8G       2.5G       1.3G       5.7M        63M       2.0G

MemTotal:        4016004 kB
MemFree:         1325432 kB
Active:           438672 kB
Mem:          3.8G       2.6G       1.3G       5.7M        63M       2.1G

MemTotal:        4016004 kB
MemFree:         1279560 kB
Active:           438672 kB
Mem:          3.8G       2.6G       1.2G       5.7M        63M       2.1G

MemTotal:        4016004 kB
MemFree:         1231804 kB
Active:           438684 kB
Mem:          3.8G       2.7G       1.2G       5.7M        63M       2.2G

MemTotal:        4016004 kB
MemFree:         1186708 kB
Active:           438692 kB
Mem:          3.8G       2.7G       1.1G       5.7M        63M       2.2G

MemTotal:        4016004 kB
MemFree:         1139152 kB
Active:           438696 kB
Mem:          3.8G       2.7G       1.1G       5.7M        63M       2.3G

MemTotal:        4016004 kB
MemFree:         1093284 kB
Active:           438708 kB
Mem:          3.8G       2.8G       1.0G       5.7M        63M       2.3G

MemTotal:        4016004 kB
MemFree:         1047676 kB
Active:           438708 kB
Mem:          3.8G       2.8G       1.0G       5.7M        63M       2.4G

MemTotal:        4016004 kB
MemFree:         1001392 kB
Active:           438716 kB
Mem:          3.8G       2.9G       977M       5.7M        63M       2.4G

MemTotal:        4016004 kB
MemFree:          955116 kB
Active:           438720 kB
Mem:          3.8G       2.9G       932M       5.7M        63M       2.4G

MemTotal:        4016004 kB
MemFree:          919756 kB
Active:           438744 kB
Mem:          3.8G       3.0G       897M       5.7M        63M       2.5G

MemTotal:        4016004 kB
MemFree:          919432 kB
Active:           438748 kB
Mem:          3.8G       3.0G       897M       5.7M        63M       2.5G

MemTotal:        4016004 kB
MemFree:          888660 kB
Active:           438752 kB
Mem:          3.8G       3.0G       867M       5.7M        63M       2.5G

MemTotal:        4016004 kB
MemFree:          841676 kB
Active:           438752 kB
Mem:          3.8G       3.0G       821M       5.7M        63M       2.5G

MemTotal:        4016004 kB
MemFree:          795452 kB
Active:           438752 kB
Mem:          3.8G       3.1G       776M       5.7M        63M       2.6G

MemTotal:        4016004 kB
MemFree:          748840 kB
Active:           438752 kB
Mem:          3.8G       3.1G       730M       5.7M        63M       2.6G

MemTotal:        4016004 kB
MemFree:          702980 kB
Active:           438760 kB
Mem:          3.8G       3.2G       686M       5.7M        63M       2.7G

MemTotal:        4016004 kB
MemFree:          655952 kB
Active:           438764 kB
Mem:          3.8G       3.2G       640M       5.7M        63M       2.7G

MemTotal:        4016004 kB
MemFree:          610928 kB
Active:           438776 kB
Mem:          3.8G       3.2G       595M       5.7M        63M       2.8G

MemTotal:        4016004 kB
MemFree:          563488 kB
Active:           438788 kB
Mem:          3.8G       3.3G       550M       5.7M        63M       2.8G

MemTotal:        4016004 kB
MemFree:          523452 kB
Active:           438788 kB
Mem:          3.8G       3.3G       510M       5.7M        63M       2.8G

MemTotal:        4016004 kB
MemFree:          477256 kB
Active:           438796 kB
Mem:          3.8G       3.4G       465M       5.7M        63M       2.9G

MemTotal:        4016004 kB
MemFree:          430768 kB
Active:           438796 kB
Mem:          3.8G       3.4G       420M       5.7M        63M       2.9G

MemTotal:        4016004 kB
MemFree:          384916 kB
Active:           438796 kB
Mem:          3.8G       3.5G       375M       5.7M        63M       3.0G

MemTotal:        4016004 kB
MemFree:          338652 kB
Active:           438808 kB
Mem:          3.8G       3.5G       330M       5.7M        63M       3.0G

MemTotal:        4016004 kB
MemFree:          304472 kB
Active:           438808 kB
Mem:          3.8G       3.5G       297M       5.7M        63M       3.1G

MemTotal:        4016004 kB
MemFree:          304088 kB
Active:           438808 kB
Mem:          3.8G       3.5G       296M       5.7M        63M       3.1G

MemTotal:        4016004 kB
MemFree:          300480 kB
Active:           438812 kB
Mem:          3.8G       3.5G       293M       5.7M        63M       3.1G

MemTotal:        4016004 kB
MemFree:          254768 kB
Active:           438820 kB
Mem:          3.8G       3.6G       248M       5.7M        63M       3.1G

MemTotal:        4016004 kB
MemFree:          206972 kB
Active:           436868 kB
Mem:          3.8G       3.6G       201M       5.7M        63M       3.1G

MemTotal:        4016004 kB
MemFree:          161356 kB
Active:           436772 kB
Mem:          3.8G       3.7G       156M       5.7M        63M       3.2G

MemTotal:        4016004 kB
MemFree:          114140 kB
Active:           436772 kB
Mem:          3.8G       3.7G       111M       5.7M        63M       3.2G

MemTotal:        4016004 kB
MemFree:          126196 kB
Active:           444780 kB
Mem:          3.8G       3.7G       121M       5.7M        28M       3.3G

MemTotal:        4016004 kB
MemFree:          119032 kB
Active:           450432 kB
Mem:          3.8G       3.7G       115M       5.7M        28M       3.3G

MemTotal:        4016004 kB
MemFree:          126408 kB
Active:           495748 kB
Mem:          3.8G       3.7G       119M       5.7M        28M       3.3G

MemTotal:        4016004 kB
MemFree:          139536 kB
Active:           493148 kB
Mem:          3.8G       3.7G       135M       5.7M        28M       3.2G

MemTotal:        4016004 kB
MemFree:          138668 kB
Active:           493120 kB
Mem:          3.8G       3.7G       135M       5.7M        28M       3.2G

MemTotal:        4016004 kB
MemFree:          138672 kB
Active:           493128 kB
Mem:          3.8G       3.7G       135M       5.7M        28M       3.2G

MemTotal:        4016004 kB
MemFree:          130912 kB
Active:           493128 kB
Mem:          3.8G       3.7G       127M       5.7M        28M       3.2G

MemTotal:        4016004 kB
MemFree:          122016 kB
Active:           487816 kB
Mem:          3.8G       3.7G       118M       5.7M        28M       3.3G

MemTotal:        4016004 kB
MemFree:          106264 kB
Active:           482600 kB
Mem:          3.8G       3.7G       102M       5.7M        28M       3.3G

MemTotal:        4016004 kB
MemFree:          125328 kB
Active:           474168 kB
Mem:          3.8G       3.7G       122M       5.7M        28M       3.3G

MemTotal:        4016004 kB
MemFree:          110340 kB
Active:           470976 kB
Mem:          3.8G       3.7G       107M       5.7M        28M       3.3G

MemTotal:        4016004 kB
MemFree:          125892 kB
Active:           465728 kB
Mem:          3.8G       3.7G       122M       5.7M        28M       3.3G

MemTotal:        4016004 kB
MemFree:          126740 kB
Active:           459968 kB
Mem:          3.8G       3.7G       123M       5.7M        28M       3.3G

MemTotal:        4016004 kB
MemFree:          123012 kB
Active:           455364 kB
Mem:          3.8G       3.7G       119M       5.7M        28M       3.3G

MemTotal:        4016004 kB
MemFree:          125136 kB
Active:           452676 kB
Mem:          3.8G       3.7G       122M       5.7M        28M       3.3G

MemTotal:        4016004 kB
MemFree:          129476 kB
Active:           448644 kB
Mem:          3.8G       3.7G       126M       5.7M        28M       3.2G

MemTotal:        4016004 kB
MemFree:          124928 kB
Active:           445844 kB
Mem:          3.8G       3.7G       121M       5.7M        28M       3.3G

MemTotal:        4016004 kB
MemFree:          128296 kB
Active:           443800 kB
Mem:          3.8G       3.7G       124M       5.7M        28M       3.3G

MemTotal:        4016004 kB
MemFree:          119668 kB
Active:           442652 kB
Mem:          3.8G       3.7G       116M       5.7M        28M       3.3G

MemTotal:        4016004 kB
MemFree:          110272 kB
Active:           441372 kB
Mem:          3.8G       3.7G       107M       5.7M        28M       3.3G

MemTotal:        4016004 kB
MemFree:          132956 kB
Active:           439452 kB
Mem:          3.8G       3.7G       129M       5.7M        28M       3.2G

MemTotal:        4016004 kB
MemFree:          132840 kB
Active:           439472 kB
Mem:          3.8G       3.7G       129M       5.7M        28M       3.2G

MemTotal:        4016004 kB
MemFree:          132860 kB
Active:           439432 kB
Mem:          3.8G       3.7G       129M       5.7M        28M       3.2G

MemTotal:        4016004 kB
MemFree:          135400 kB
Active:           436448 kB
Mem:          3.8G       3.7G       131M       5.7M        28M       3.2G

MemTotal:        4016004 kB
MemFree:          129636 kB
Active:           436320 kB
Mem:          3.8G       3.7G       126M       5.7M        28M       3.2G

MemTotal:        4016004 kB
MemFree:          120088 kB
Active:           435304 kB
Mem:          3.8G       3.7G       116M       5.7M        28M       3.3G

MemTotal:        4016004 kB
MemFree:          121860 kB
Active:           433516 kB
Mem:          3.8G       3.7G       118M       5.7M        28M       3.3G

MemTotal:        4016004 kB
MemFree:          125096 kB
Active:           432284 kB
Mem:          3.8G       3.7G       121M       5.7M        28M       3.3G

MemTotal:        4016004 kB
MemFree:          129060 kB
Active:           430580 kB
Mem:          3.8G       3.7G       125M       5.7M        28M       3.3G

MemTotal:        4016004 kB
MemFree:          106892 kB
Active:           429948 kB
Mem:          3.8G       3.7G       103M       5.7M        28M       3.3G

MemTotal:        4016004 kB
MemFree:          127116 kB
Active:           427776 kB
Mem:          3.8G       3.7G       123M       5.7M        28M       3.3G

MemTotal:        4016004 kB
MemFree:          118628 kB
Active:           426624 kB
Mem:          3.8G       3.7G       114M       5.7M        28M       3.3G

MemTotal:        4016004 kB
MemFree:          108148 kB
Active:           425348 kB
Mem:          3.8G       3.7G       104M       5.7M        28M       3.3G

MemTotal:        4016004 kB
MemFree:          110784 kB
Active:           423692 kB
Mem:          3.8G       3.7G       107M       5.7M        28M       3.3G

MemTotal:        4016004 kB
MemFree:          125424 kB
Active:           421904 kB
Mem:          3.8G       3.7G       121M       5.7M        28M       3.3G

MemTotal:        4016004 kB
MemFree:          115480 kB
Active:           420884 kB
Mem:          3.8G       3.7G       112M       5.7M        28M       3.3G

MemTotal:        4016004 kB
MemFree:          117884 kB
Active:           419096 kB
Mem:          3.8G       3.7G       114M       5.7M        28M       3.3G

MemTotal:        4016004 kB
MemFree:          121888 kB
Active:           417888 kB
Mem:          3.8G       3.7G       117M       5.7M        28M       3.3G

MemTotal:        4016004 kB
MemFree:          124344 kB
Active:           416672 kB
Mem:          3.8G       3.7G       120M       5.7M        28M       3.3G

MemTotal:        4016004 kB
MemFree:          127292 kB
Active:           414884 kB
Mem:          3.8G       3.7G       123M       5.7M        28M       3.3G

MemTotal:        4016004 kB
MemFree:          106580 kB
Active:           414252 kB
Mem:          3.8G       3.7G       103M       5.7M        28M       3.3G

MemTotal:        4016004 kB
MemFree:          126464 kB
Active:           412076 kB
Mem:          3.8G       3.7G       122M       5.7M        28M       3.3G

MemTotal:        4016004 kB
MemFree:          117300 kB
Active:           410928 kB
Mem:          3.8G       3.7G       114M       5.7M        28M       3.3G

MemTotal:        4016004 kB
MemFree:          118568 kB
Active:           404900 kB
Mem:          3.8G       3.7G       115M       5.7M        28M       3.3G

MemTotal:        4016004 kB
MemFree:          109240 kB
Active:           403760 kB
Mem:          3.8G       3.7G       105M       5.7M        28M       3.3G

MemTotal:        4016004 kB
MemFree:          111820 kB
Active:           402104 kB
Mem:          3.8G       3.7G       108M       5.7M        28M       3.3G

MemTotal:        4016004 kB
MemFree:          127736 kB
Active:           400312 kB
Mem:          3.8G       3.7G       123M       5.7M        28M       3.3G

MemTotal:        4016004 kB
MemFree:          129180 kB
Active:           398392 kB
Mem:          3.8G       3.7G       125M       5.7M        28M       3.2G

MemTotal:        4016004 kB
MemFree:          120288 kB
Active:           397240 kB
Mem:          3.8G       3.7G       116M       5.7M        28M       3.3G

MemTotal:        4016004 kB
MemFree:          108668 kB
Active:           397116 kB
Mem:          3.8G       3.7G       105M       5.7M        28M       3.3G

MemTotal:        4016004 kB
MemFree:          124152 kB
Active:           395212 kB
Mem:          3.8G       3.7G       121M       5.7M        28M       3.3G

MemTotal:        4016004 kB
MemFree:          127580 kB
Active:           393932 kB
Mem:          3.8G       3.7G       123M       5.7M        28M       3.2G

MemTotal:        4016004 kB
MemFree:          123976 kB
Active:           392272 kB
Mem:          3.8G       3.7G       120M       5.7M        28M       3.3G

MemTotal:        4016004 kB
MemFree:          106500 kB
Active:           391504 kB
Mem:          3.8G       3.7G       104M       5.7M        28M       3.3G

MemTotal:        4016004 kB
MemFree:          128964 kB
Active:           389200 kB
Mem:          3.8G       3.7G       124M       5.7M        28M       3.2G

MemTotal:        4016004 kB
MemFree:          113492 kB
Active:           388056 kB
Mem:          3.8G       3.7G       110M       5.7M        28M       3.3G

MemTotal:        4016004 kB
MemFree:          119072 kB
Active:           386392 kB
Mem:          3.8G       3.7G       124M       5.7M        28M       3.2G

MemTotal:        4016004 kB
MemFree:          125392 kB
Active:           384856 kB
Mem:          3.8G       3.7G       121M       5.7M        28M       3.3G

MemTotal:        4016004 kB
MemFree:          127240 kB
Active:           383720 kB
Mem:          3.8G       3.7G       123M       5.7M        28M       3.2G

MemTotal:        4016004 kB
MemFree:          113784 kB
Active:           383080 kB
Mem:          3.8G       3.7G       110M       5.7M        28M       3.3G

MemTotal:        4016004 kB
MemFree:          112812 kB
Active:           382064 kB
Mem:          3.8G       3.7G       109M       5.7M        28M       3.3G

MemTotal:        4016004 kB
MemFree:          133284 kB
Active:           379888 kB
Mem:          3.8G       3.7G       129M       5.7M        28M       3.2G

MemTotal:        4016004 kB
MemFree:          124820 kB
Active:           378736 kB
Mem:          3.8G       3.7G       121M       5.7M        28M       3.3G

MemTotal:        4016004 kB
MemFree:          127624 kB
Active:           377076 kB
Mem:          3.8G       3.7G       124M       5.7M        28M       3.2G

MemTotal:        4016004 kB
MemFree:          118296 kB
Active:           373936 kB
Mem:          3.8G       3.7G       115M       5.7M        28M       3.3G

MemTotal:        4016004 kB
MemFree:          107492 kB
Active:           373960 kB
Mem:          3.8G       3.7G       104M       5.7M        28M       3.3G

MemTotal:        4016004 kB
MemFree:          106908 kB
Active:           373912 kB
Mem:          3.8G       3.7G       104M       5.7M        28M       3.3G

MemTotal:        4016004 kB
MemFree:          108640 kB
Active:           374872 kB
Mem:          3.8G       3.7G       105M       5.7M        28M       3.3G

MemTotal:        4016004 kB
MemFree:          115984 kB
Active:           374796 kB
Mem:          3.8G       3.7G       113M       5.7M        28M       3.3G

MemTotal:        4016004 kB
MemFree:          133108 kB
Active:           374796 kB
Mem:          3.8G       3.7G       130M       5.7M        28M       3.2G

MemTotal:        4016004 kB
MemFree:          125200 kB
Active:           374800 kB
Mem:          3.8G       3.7G       121M       5.7M        28M       3.3G

MemTotal:        4016004 kB
MemFree:          110276 kB
Active:           374808 kB
Mem:          3.8G       3.7G       107M       5.7M        28M       3.3G

MemTotal:        4016004 kB
MemFree:          125184 kB
Active:           374808 kB
Mem:          3.8G       3.7G       121M       5.7M        28M       3.3G

MemTotal:        4016004 kB
MemFree:          123300 kB
Active:           372468 kB
Mem:          3.8G       3.7G       119M       5.7M        28M       3.3G

MemTotal:        4016004 kB
MemFree:          131840 kB
Active:           372340 kB
Mem:          3.8G       3.7G       127M       5.7M        28M       3.2G

MemTotal:        4016004 kB
MemFree:          122208 kB
Active:           372340 kB
Mem:          3.8G       3.7G       118M       5.7M        28M       3.3G

MemTotal:        4016004 kB
MemFree:          106832 kB
Active:           372048 kB
Mem:          3.8G       3.7G       103M       5.7M        28M       3.3G

MemTotal:        4016004 kB
MemFree:          121952 kB
Active:           372052 kB
Mem:          3.8G       3.7G       118M       5.7M        28M       3.3G

MemTotal:        4016004 kB
MemFree:          106312 kB
Active:           372056 kB
Mem:          3.8G       3.7G       103M       5.7M        28M       3.3G

MemTotal:        4016004 kB
MemFree:          126788 kB
Active:           372064 kB
Mem:          3.8G       3.7G       122M       5.7M        28M       3.2G

MemTotal:        4016004 kB
MemFree:          118108 kB
Active:           371988 kB
Mem:          3.8G       3.7G       115M       5.7M        28M       3.3G

MemTotal:        4016004 kB
MemFree:          117584 kB
Active:           371940 kB
Mem:          3.8G       3.7G       114M       5.7M        28M       3.3G

MemTotal:        4016004 kB
MemFree:          133352 kB
Active:           371944 kB
Mem:          3.8G       3.7G       129M       5.7M        28M       3.2G

MemTotal:        4016004 kB
MemFree:          135024 kB
Active:           372000 kB
Mem:          3.8G       3.7G       131M       5.7M        28M       3.2G

MemTotal:        4016004 kB
MemFree:          137284 kB
Active:           372000 kB
Mem:          3.8G       3.7G       133M       5.7M        28M       3.2G

MemTotal:        4016004 kB
MemFree:          138908 kB
Active:           372004 kB
Mem:          3.8G       3.7G       135M       5.7M        28M       3.2G

MemTotal:        4016004 kB
MemFree:          132860 kB
Active:           372012 kB
Mem:          3.8G       3.7G       129M       5.7M        28M       3.2G

MemTotal:        4016004 kB
MemFree:          123668 kB
Active:           372012 kB
Mem:          3.8G       3.7G       120M       5.7M        28M       3.3G

MemTotal:        4016004 kB
MemFree:          132252 kB
Active:           372012 kB
Mem:          3.8G       3.7G       128M       5.7M        28M       3.2G

MemTotal:        4016004 kB
MemFree:          133196 kB
Active:           371988 kB
Mem:          3.8G       3.7G       129M       5.7M        28M       3.2G

MemTotal:        4016004 kB
MemFree:          107652 kB
Active:           371992 kB
Mem:          3.8G       3.7G       104M       5.7M        28M       3.3G

MemTotal:        4016004 kB
MemFree:          134116 kB
Active:           372024 kB
Mem:          3.8G       3.7G       130M       5.7M        28M       3.2G

MemTotal:        4016004 kB
MemFree:          125356 kB
Active:           372024 kB
Mem:          3.8G       3.7G       122M       5.7M        28M       3.2G

MemTotal:        4016004 kB
MemFree:          127920 kB
Active:           372024 kB
Mem:          3.8G       3.7G       123M       5.7M        28M       3.2G

MemTotal:        4016004 kB
MemFree:          136452 kB
Active:           372024 kB
Mem:          3.8G       3.7G       132M       5.7M        28M       3.2G

MemTotal:        4016004 kB
MemFree:          127328 kB
Active:           371188 kB
Mem:          3.8G       3.7G       123M       5.7M        28M       3.2G

MemTotal:        4016004 kB
MemFree:          118320 kB
Active:           370744 kB
Mem:          3.8G       3.7G       115M       5.7M        28M       3.3G

MemTotal:        4016004 kB
MemFree:          119180 kB
Active:           370744 kB
Mem:          3.8G       3.7G       116M       5.7M        28M       3.3G

MemTotal:        4016004 kB
MemFree:          128408 kB
Active:           370740 kB
Mem:          3.8G       3.7G       124M       5.7M        28M       3.2G

MemTotal:        4016004 kB
MemFree:          118652 kB
Active:           370744 kB
Mem:          3.8G       3.7G       115M       5.7M        28M       3.3G

MemTotal:        4016004 kB
MemFree:          109384 kB
Active:           370744 kB
Mem:          3.8G       3.7G       106M       5.7M        28M       3.3G

MemTotal:        4016004 kB
MemFree:          126460 kB
Active:           370764 kB
Mem:          3.8G       3.7G       122M       5.7M        28M       3.2G

MemTotal:        4016004 kB
MemFree:          116832 kB
Active:           370776 kB
Mem:          3.8G       3.7G       113M       5.7M        28M       3.3G

MemTotal:        4016004 kB
MemFree:          127328 kB
Active:           368544 kB
Mem:          3.8G       3.7G       123M       5.7M        28M       3.2G

MemTotal:        4016004 kB
MemFree:          118104 kB
Active:           368544 kB
Mem:          3.8G       3.7G       115M       5.7M        28M       3.3G

MemTotal:        4016004 kB
MemFree:          108896 kB
Active:           368544 kB
Mem:          3.8G       3.7G       105M       5.7M        28M       3.3G

MemTotal:        4016004 kB
MemFree:          111388 kB
Active:           368552 kB
Mem:          3.8G       3.7G       108M       5.7M        28M       3.3G

MemTotal:        4016004 kB
MemFree:          124744 kB
Active:           370592 kB
Mem:          3.8G       3.7G       120M       5.7M        28M       3.2G

MemTotal:        4016004 kB
MemFree:          114836 kB
Active:           370576 kB
Mem:          3.8G       3.7G       111M       5.7M        28M       3.3G

MemTotal:        4016004 kB
MemFree:          129920 kB
Active:           370576 kB
Mem:          3.8G       3.7G       126M       5.7M        28M       3.2G

MemTotal:        4016004 kB
MemFree:          120888 kB
Active:           370140 kB
Mem:          3.8G       3.7G       117M       5.7M        28M       3.3G

MemTotal:        4016004 kB
MemFree:          124420 kB
Active:           369940 kB
Mem:          3.8G       3.7G       121M       5.7M        28M       3.2G

MemTotal:        4016004 kB
MemFree:          120392 kB
Active:           369948 kB
Mem:          3.8G       3.7G       117M       5.7M        28M       3.3G

MemTotal:        4016004 kB
MemFree:          109440 kB
Active:           369912 kB
Mem:          3.8G       3.7G       106M       5.7M        28M       3.3G

MemTotal:        4016004 kB
MemFree:          124480 kB
Active:           369968 kB
Mem:          3.8G       3.7G       120M       5.7M        28M       3.2G

MemTotal:        4016004 kB
MemFree:          133172 kB
Active:           369840 kB
Mem:          3.8G       3.7G       132M       5.7M        28M       3.2G

MemTotal:        4016004 kB
MemFree:          134828 kB
Active:           369844 kB
Mem:          3.8G       3.7G       131M       5.7M        28M       3.2G

MemTotal:        4016004 kB
MemFree:          126048 kB
Active:           370696 kB
Mem:          3.8G       3.7G       122M       5.7M        28M       3.2G

MemTotal:        4016004 kB
MemFree:          128448 kB
Active:           370520 kB
Mem:          3.8G       3.7G       124M       5.7M        28M       3.2G

MemTotal:        4016004 kB
MemFree:          110716 kB
Active:           367228 kB
Mem:          3.8G       3.7G       107M       5.7M        28M       3.3G

MemTotal:        4016004 kB
MemFree:          125592 kB
Active:           367172 kB
Mem:          3.8G       3.7G       122M       5.7M        28M       3.2G

MemTotal:        4016004 kB
MemFree:          110012 kB
Active:           367180 kB
Mem:          3.8G       3.7G       106M       5.7M        28M       3.3G

MemTotal:        4016004 kB
MemFree:          124484 kB
Active:           367180 kB
Mem:          3.8G       3.7G       121M       5.7M        28M       3.2G

MemTotal:        4016004 kB
MemFree:          130540 kB
Active:           367184 kB
Mem:          3.8G       3.7G       126M       5.7M        28M       3.2G

MemTotal:        4016004 kB
MemFree:          116888 kB
Active:           367140 kB
Mem:          3.8G       3.7G       113M       5.7M        28M       3.3G

MemTotal:        4016004 kB
MemFree:          136188 kB
Active:           367200 kB
Mem:          3.8G       3.7G       132M       5.7M        28M       3.2G

MemTotal:        4016004 kB
MemFree:          135532 kB
Active:           367220 kB
Mem:          3.8G       3.7G       132M       5.7M        28M       3.2G

MemTotal:        4016004 kB
MemFree:          121260 kB
Active:           367200 kB
Mem:          3.8G       3.7G       117M       5.7M        28M       3.2G

MemTotal:        4016004 kB
MemFree:          111476 kB
Active:           367204 kB
Mem:          3.8G       3.7G       108M       5.7M        28M       3.3G

MemTotal:        4016004 kB
MemFree:          113132 kB
Active:           367204 kB
Mem:          3.8G       3.7G       109M       5.7M        28M       3.3G

MemTotal:        4016004 kB
MemFree:          134336 kB
Active:           366516 kB
Mem:          3.8G       3.7G       130M       5.7M        28M       3.2G

MemTotal:        4016004 kB
MemFree:          136332 kB
Active:           366468 kB
Mem:          3.8G       3.7G       132M       5.7M        28M       3.2G

MemTotal:        4016004 kB
MemFree:          127308 kB
Active:           366468 kB
Mem:          3.8G       3.7G       123M       5.7M        28M       3.2G

MemTotal:        4016004 kB
MemFree:          142232 kB
Active:           366468 kB
Mem:          3.8G       3.7G       137M       5.7M        28M       3.2G

MemTotal:        4016004 kB
MemFree:          132404 kB
Active:           366468 kB
Mem:          3.8G       3.7G       128M       5.7M        28M       3.2G

MemTotal:        4016004 kB
MemFree:          111632 kB
Active:           366440 kB
Mem:          3.8G       3.7G       108M       5.7M        28M       3.3G

MemTotal:        4016004 kB
MemFree:          112564 kB
Active:           368548 kB
Mem:          3.8G       3.7G       109M       5.7M        28M       3.3G

MemTotal:        4016004 kB
MemFree:          127144 kB
Active:           368528 kB
Mem:          3.8G       3.7G       123M       5.7M        28M       3.2G

MemTotal:        4016004 kB
MemFree:          124640 kB
Active:           362020 kB
Mem:          3.8G       3.7G       121M       5.7M        28M       3.2G

MemTotal:        4016004 kB
MemFree:          132104 kB
Active:           362020 kB
Mem:          3.8G       3.7G       128M       5.7M        28M       3.2G

MemTotal:        4016004 kB
MemFree:          121600 kB
Active:           362040 kB
Mem:          3.8G       3.7G       118M       5.7M        28M       3.2G

MemTotal:        4016004 kB
MemFree:          112488 kB
Active:           362044 kB
Mem:          3.8G       3.7G       109M       5.7M        28M       3.3G

MemTotal:        4016004 kB
MemFree:          114856 kB
Active:           362044 kB
Mem:          3.8G       3.7G       111M       5.7M        28M       3.3G

MemTotal:        4016004 kB
MemFree:          123196 kB
Active:           362044 kB
Mem:          3.8G       3.7G       119M       5.7M        28M       3.2G

MemTotal:        4016004 kB
MemFree:          113940 kB
Active:           362044 kB
Mem:          3.8G       3.7G       110M       5.7M        28M       3.3G

MemTotal:        4016004 kB
MemFree:          128196 kB
Active:           362052 kB
Mem:          3.8G       3.7G       124M       5.7M        28M       3.2G

MemTotal:        4016004 kB
MemFree:          112888 kB
Active:           362044 kB
Mem:          3.8G       3.7G       109M       5.7M        28M       3.3G

MemTotal:        4016004 kB
MemFree:          127396 kB
Active:           362052 kB
Mem:          3.8G       3.7G       123M       5.7M        28M       3.2G

MemTotal:        4016004 kB
MemFree:          126952 kB
Active:           359548 kB
Mem:          3.8G       3.7G       123M       5.7M        28M       3.2G

MemTotal:        4016004 kB
MemFree:          106116 kB
Active:           359404 kB
Mem:          3.8G       3.7G       102M       5.7M        28M       3.3G

MemTotal:        4016004 kB
MemFree:          127120 kB
Active:           359288 kB
Mem:          3.8G       3.7G       124M       5.7M        28M       3.2G

MemTotal:        4016004 kB
MemFree:          110168 kB
Active:           359284 kB
Mem:          3.8G       3.7G       107M       5.7M        28M       3.3G

MemTotal:        4016004 kB
MemFree:          125160 kB
Active:           359304 kB
Mem:          3.8G       3.7G       122M       5.7M        28M       3.2G

MemTotal:        4016004 kB
MemFree:          122068 kB
Active:           359308 kB
Mem:          3.8G       3.7G       118M       5.7M        28M       3.2G

MemTotal:        4016004 kB
MemFree:          112696 kB
Active:           359308 kB
Mem:          3.8G       3.7G       109M       5.7M        28M       3.3G

MemTotal:        4016004 kB
MemFree:          128520 kB
Active:           359316 kB
Mem:          3.8G       3.7G       124M       5.7M        28M       3.2G

MemTotal:        4016004 kB
MemFree:          118596 kB
Active:           359316 kB
Mem:          3.8G       3.7G       115M       5.7M        28M       3.2G

MemTotal:        4016004 kB
MemFree:          119424 kB
Active:           359316 kB
Mem:          3.8G       3.7G       116M       5.7M        28M       3.2G

MemTotal:        4016004 kB
MemFree:          128764 kB
Active:           359316 kB
Mem:          3.8G       3.7G       125M       5.7M        28M       3.2G

MemTotal:        4016004 kB
MemFree:          115620 kB
Active:           356644 kB
Mem:          3.8G       3.7G       112M       5.7M        28M       3.2G

MemTotal:        4016004 kB
MemFree:          106372 kB
Active:           356584 kB
Mem:          3.8G       3.7G       103M       5.7M        28M       3.3G

MemTotal:        4016004 kB
MemFree:          128264 kB
Active:           356584 kB
Mem:          3.8G       3.7G       124M       5.7M        28M       3.2G

MemTotal:        4016004 kB
MemFree:          128024 kB
Active:           356580 kB
Mem:          3.8G       3.7G       124M       5.7M        28M       3.2G

MemTotal:        4016004 kB
MemFree:          108804 kB
Active:           356612 kB
Mem:          3.8G       3.7G       105M       5.7M        28M       3.3G

MemTotal:        4016004 kB
MemFree:          129112 kB
Active:           356612 kB
Mem:          3.8G       3.7G       125M       5.7M        28M       3.2G

MemTotal:        4016004 kB
MemFree:          119976 kB
Active:           356620 kB
Mem:          3.8G       3.7G       117M       5.7M        28M       3.2G

MemTotal:        4016004 kB
MemFree:          104816 kB
Active:           356628 kB
Mem:          3.8G       3.7G       108M       5.7M        28M       3.3G

MemTotal:        4016004 kB
MemFree:          125784 kB
Active:           356636 kB
Mem:          3.8G       3.7G       121M       5.7M        28M       3.2G

MemTotal:        4016004 kB
MemFree:          117132 kB
Active:           356636 kB
Mem:          3.8G       3.7G       113M       5.7M        28M       3.2G

MemTotal:        4016004 kB
MemFree:          119136 kB
Active:           356636 kB
Mem:          3.8G       3.7G       115M       5.7M        28M       3.2G

MemTotal:        4016004 kB
MemFree:          109156 kB
Active:           356644 kB
Mem:          3.8G       3.7G       106M       5.7M        28M       3.3G

MemTotal:        4016004 kB
MemFree:          114292 kB
Active:           353804 kB
Mem:          3.8G       3.7G       111M       5.7M        28M       3.2G

MemTotal:        4016004 kB
MemFree:          121436 kB
Active:           353728 kB
Mem:          3.8G       3.7G       118M       5.7M        28M       3.2G

MemTotal:        4016004 kB
MemFree:          126860 kB
Active:           353708 kB
Mem:          3.8G       3.7G       122M       5.7M        28M       3.2G

MemTotal:        4016004 kB
MemFree:          115492 kB
Active:           353740 kB
Mem:          3.8G       3.7G       112M       5.7M        28M       3.2G

MemTotal:        4016004 kB
MemFree:          115092 kB
Active:           353736 kB
Mem:          3.8G       3.7G       112M       5.7M        28M       3.2G

MemTotal:        4016004 kB
MemFree:          113192 kB
Active:           355760 kB
Mem:          3.8G       3.7G       110M       5.7M        28M       3.2G

MemTotal:        4016004 kB
MemFree:          106480 kB
Active:           354996 kB
Mem:          3.8G       3.7G       103M       5.7M        28M       3.3G

MemTotal:        4016004 kB
MemFree:          121732 kB
Active:           354880 kB
Mem:          3.8G       3.7G       118M       5.7M        28M       3.2G

MemTotal:        4016004 kB
MemFree:          136420 kB
Active:           354852 kB
Mem:          3.8G       3.7G       132M       5.7M        28M       3.2G

MemTotal:        4016004 kB
MemFree:          127008 kB
Active:           354888 kB
Mem:          3.8G       3.7G       122M       5.7M        28M       3.2G

MemTotal:        4016004 kB
MemFree:          127532 kB
Active:           354888 kB
Mem:          3.8G       3.7G       124M       5.7M        28M       3.2G

MemTotal:        4016004 kB
MemFree:          112556 kB
Active:           354892 kB
Mem:          3.8G       3.7G       109M       5.7M        28M       3.2G

MemTotal:        4016004 kB
MemFree:          127492 kB
Active:           354896 kB
Mem:          3.8G       3.7G       124M       5.7M        28M       3.2G

MemTotal:        4016004 kB
MemFree:          122548 kB
Active:           354908 kB
Mem:          3.8G       3.7G       119M       5.7M        28M       3.2G

MemTotal:        4016004 kB
MemFree:          120944 kB
Active:           354920 kB
Mem:          3.8G       3.7G       117M       5.7M        28M       3.2G

MemTotal:        4016004 kB
MemFree:          105928 kB
Active:           354928 kB
Mem:          3.8G       3.7G       102M       5.7M        28M       3.3G

MemTotal:        4016004 kB
MemFree:          125384 kB
Active:           351516 kB
Mem:          3.8G       3.7G       121M       5.7M        28M       3.2G

MemTotal:        4016004 kB
MemFree:          109308 kB
Active:           351472 kB
Mem:          3.8G       3.7G       106M       5.7M        28M       3.3G

MemTotal:        4016004 kB
MemFree:          124836 kB
Active:           351472 kB
Mem:          3.8G       3.7G       128M       5.7M        28M       3.2G

MemTotal:        4016004 kB
MemFree:          131940 kB
Active:           351352 kB
Mem:          3.8G       3.7G       128M       5.7M        28M       3.2G

MemTotal:        4016004 kB
MemFree:          134036 kB
Active:           351352 kB
Mem:          3.8G       3.7G       130M       5.7M        28M       3.2G

MemTotal:        4016004 kB
MemFree:          125012 kB
Active:           351352 kB
Mem:          3.8G       3.7G       121M       5.7M        28M       3.2G

MemTotal:        4016004 kB
MemFree:          128280 kB
Active:           351352 kB
Mem:          3.8G       3.7G       124M       5.7M        28M       3.2G

MemTotal:        4016004 kB
MemFree:          107048 kB
Active:           351360 kB
Mem:          3.8G       3.7G       103M       5.7M        28M       3.3G

MemTotal:        4016004 kB
MemFree:          127832 kB
Active:           351376 kB
Mem:          3.8G       3.7G       123M       5.7M        28M       3.2G

MemTotal:        4016004 kB
MemFree:          122984 kB
Active:           351376 kB
Mem:          3.8G       3.7G       119M       5.7M        28M       3.2G

MemTotal:        4016004 kB
MemFree:          122336 kB
Active:           351356 kB
Mem:          3.8G       3.7G       118M       5.7M        28M       3.2G

MemTotal:        4016004 kB
MemFree:          131928 kB
Active:           351388 kB
Mem:          3.8G       3.7G       128M       5.7M        28M       3.2G

MemTotal:        4016004 kB
MemFree:          139500 kB
Active:           351392 kB
Mem:          3.8G       3.7G       135M       5.7M        28M       3.2G

MemTotal:        4016004 kB
MemFree:          131372 kB
Active:           351392 kB
Mem:          3.8G       3.7G       127M       5.7M        28M       3.2G

MemTotal:        4016004 kB
MemFree:          122240 kB
Active:           351396 kB
Mem:          3.8G       3.7G       118M       5.7M        28M       3.2G

MemTotal:        4016004 kB
MemFree:          124624 kB
Active:           351396 kB
Mem:          3.8G       3.7G       120M       5.7M        28M       3.2G

MemTotal:        4016004 kB
MemFree:          133272 kB
Active:           351256 kB
Mem:          3.8G       3.7G       129M       5.7M        28M       3.2G

MemTotal:        4016004 kB
MemFree:          123380 kB
Active:           351264 kB
Mem:          3.8G       3.7G       119M       5.7M        28M       3.2G

MemTotal:        4016004 kB
MemFree:          108156 kB
Active:           351264 kB
Mem:          3.8G       3.7G       105M       5.7M        28M       3.3G

MemTotal:        4016004 kB
MemFree:          134120 kB
Active:           351116 kB
Mem:          3.8G       3.7G       130M       5.7M        28M       3.2G

MemTotal:        4016004 kB
MemFree:          133904 kB
Active:           350908 kB
Mem:          3.8G       3.7G       130M       5.7M        28M       3.2G

MemTotal:        4016004 kB
MemFree:          134028 kB
Active:           350936 kB
Mem:          3.8G       3.7G       130M       5.7M        28M       3.2G

MemTotal:        4016004 kB
MemFree:          134028 kB
Active:           350952 kB
Mem:          3.8G       3.7G       130M       5.7M        28M       3.2G

MemTotal:        4016004 kB
MemFree:          134028 kB
Active:           350916 kB
Mem:          3.8G       3.7G       130M       5.7M        28M       3.2G

MemTotal:        4016004 kB
MemFree:          133780 kB
Active:           350920 kB
Mem:          3.8G       3.7G       130M       5.7M        28M       3.2G

MemTotal:        4016004 kB
MemFree:          133300 kB
Active:           350964 kB
Mem:          3.8G       3.7G       129M       5.7M        28M       3.2G

MemTotal:        4016004 kB
MemFree:          133460 kB
Active:           350940 kB
Mem:          3.8G       3.7G       130M       5.7M        28M       3.2G

MemTotal:        4016004 kB
MemFree:          133464 kB
Active:           350980 kB
Mem:          3.8G       3.7G       130M       5.7M        28M       3.2G

MemTotal:        4016004 kB
MemFree:          133656 kB
Active:           350968 kB
Mem:          3.8G       3.7G       130M       5.7M        28M       3.2G

MemTotal:        4016004 kB
MemFree:          133656 kB
Active:           350936 kB
Mem:          3.8G       3.7G       130M       5.7M        28M       3.2G

MemTotal:        4016004 kB
MemFree:          133780 kB
Active:           350988 kB
Mem:          3.8G       3.7G       130M       5.7M        28M       3.2G

MemTotal:        4016004 kB
MemFree:          133656 kB
Active:           350956 kB
Mem:          3.8G       3.7G       130M       5.7M        28M       3.2G

MemTotal:        4016004 kB
MemFree:          133780 kB
Active:           350988 kB
Mem:          3.8G       3.7G       130M       5.7M        28M       3.2G

MemTotal:        4016004 kB
MemFree:          134028 kB
Active:           351000 kB
Mem:          3.8G       3.7G       130M       5.7M        28M       3.2G

MemTotal:        4016004 kB
MemFree:          133656 kB
Active:           351008 kB
Mem:          3.8G       3.7G       130M       5.7M        28M       3.2G

MemTotal:        4016004 kB
MemFree:          133780 kB
Active:           351004 kB
Mem:          3.8G       3.7G       130M       5.7M        28M       3.2G

MemTotal:        4016004 kB
MemFree:          133656 kB
Active:           351004 kB
Mem:          3.8G       3.7G       130M       5.7M        28M       3.2G

MemTotal:        4016004 kB
MemFree:          133656 kB
Active:           350968 kB
Mem:          3.8G       3.7G       130M       5.7M        28M       3.2G

MemTotal:        4016004 kB
MemFree:          133408 kB
Active:           351016 kB
Mem:          3.8G       3.7G       130M       5.7M        28M       3.2G

MemTotal:        4016004 kB
MemFree:          133656 kB
Active:           350992 kB
Mem:          3.8G       3.7G       130M       5.7M        28M       3.2G

MemTotal:        4016004 kB
MemFree:          133656 kB
Active:           350960 kB
Mem:          3.8G       3.7G       130M       5.7M        28M       3.2G

MemTotal:        4016004 kB
MemFree:          133532 kB
Active:           350960 kB
Mem:          3.8G       3.7G       130M       5.7M        28M       3.2G

MemTotal:        4016004 kB
MemFree:          133656 kB
Active:           351016 kB
Mem:          3.8G       3.7G       130M       5.7M        28M       3.2G

MemTotal:        4016004 kB
MemFree:          133780 kB
Active:           350984 kB
Mem:          3.8G       3.7G       130M       5.7M        28M       3.2G

MemTotal:        4016004 kB
MemFree:          134028 kB
Active:           351008 kB
Mem:          3.8G       3.7G       130M       5.7M        28M       3.2G

MemTotal:        4016004 kB
MemFree:          134028 kB
Active:           351016 kB
Mem:          3.8G       3.7G       130M       5.7M        28M       3.2G

MemTotal:        4016004 kB
MemFree:          133904 kB
Active:           351016 kB
Mem:          3.8G       3.7G       130M       5.7M        28M       3.2G

MemTotal:        4016004 kB
MemFree:          133904 kB
Active:           350988 kB
Mem:          3.8G       3.7G       130M       5.7M        28M       3.2G

MemTotal:        4016004 kB
MemFree:          133904 kB
Active:           351028 kB
Mem:          3.8G       3.7G       130M       5.7M        28M       3.2G

MemTotal:        4016004 kB
MemFree:          133284 kB
Active:           351032 kB
Mem:          3.8G       3.7G       130M       5.7M        28M       3.2G

MemTotal:        4016004 kB
MemFree:          133408 kB
Active:           350996 kB
Mem:          3.8G       3.7G       129M       5.7M        28M       3.2G

MemTotal:        4016004 kB
MemFree:          133408 kB
Active:           350988 kB
Mem:          3.8G       3.7G       129M       5.7M        28M       3.2G

MemTotal:        4016004 kB
MemFree:          133160 kB
Active:           351028 kB
Mem:          3.8G       3.7G       130M       5.7M        28M       3.2G

MemTotal:        4016004 kB
MemFree:          133160 kB
Active:           351032 kB
Mem:          3.8G       3.7G       130M       5.7M        28M       3.2G

MemTotal:        4016004 kB
MemFree:          133532 kB
Active:           350996 kB
Mem:          3.8G       3.7G       130M       5.7M        28M       3.2G

MemTotal:        4016004 kB
MemFree:          133408 kB
Active:           351040 kB
Mem:          3.8G       3.7G       130M       5.7M        28M       3.2G

MemTotal:        4016004 kB
MemFree:          133408 kB
Active:           351000 kB
Mem:          3.8G       3.7G       130M       5.7M        28M       3.2G

MemTotal:        4016004 kB
MemFree:          133408 kB
Active:           350996 kB
Mem:          3.8G       3.7G       130M       5.7M        28M       3.2G

MemTotal:        4016004 kB
MemFree:          134028 kB
Active:           351008 kB
Mem:          3.8G       3.7G       130M       5.7M        28M       3.2G

MemTotal:        4016004 kB
MemFree:          133904 kB
Active:           350992 kB
Mem:          3.8G       3.7G       130M       5.7M        28M       3.2G

MemTotal:        4016004 kB
MemFree:          133656 kB
Active:           350992 kB
Mem:          3.8G       3.7G       130M       5.7M        28M       3.2G

MemTotal:        4016004 kB
MemFree:          133532 kB
Active:           351008 kB
Mem:          3.8G       3.7G       130M       5.7M        28M       3.2G

MemTotal:        4016004 kB
MemFree:          133656 kB
Active:           351032 kB
Mem:          3.8G       3.7G       130M       5.7M        28M       3.2G

MemTotal:        4016004 kB
MemFree:          133656 kB
Active:           351008 kB
Mem:          3.8G       3.7G       130M       5.7M        28M       3.2G

MemTotal:        4016004 kB
MemFree:          133532 kB
Active:           351056 kB
Mem:          3.8G       3.7G       130M       5.7M        28M       3.2G

MemTotal:        4016004 kB
MemFree:          133656 kB
Active:           351024 kB
Mem:          3.8G       3.7G       130M       5.7M        28M       3.2G

MemTotal:        4016004 kB
MemFree:          133780 kB
Active:           351008 kB
Mem:          3.8G       3.7G       130M       5.7M        28M       3.2G

MemTotal:        4016004 kB
MemFree:          133780 kB
Active:           351016 kB
Mem:          3.8G       3.7G       130M       5.7M        28M       3.2G

MemTotal:        4016004 kB
MemFree:          133780 kB
Active:           351016 kB
Mem:          3.8G       3.7G       130M       5.7M        28M       3.2G

MemTotal:        4016004 kB
MemFree:          133904 kB
Active:           351052 kB
Mem:          3.8G       3.7G       130M       5.7M        28M       3.2G

MemTotal:        4016004 kB
MemFree:          133904 kB
Active:           351020 kB
Mem:          3.8G       3.7G       130M       5.7M        28M       3.2G

MemTotal:        4016004 kB
MemFree:          133408 kB
Active:           351068 kB
Mem:          3.8G       3.7G       130M       5.7M        28M       3.2G

MemTotal:        4016004 kB
MemFree:          133904 kB
Active:           351012 kB
Mem:          3.8G       3.7G       130M       5.7M        28M       3.2G

MemTotal:        4016004 kB
MemFree:          133780 kB
Active:           351056 kB
Mem:          3.8G       3.7G       130M       5.7M        28M       3.2G

MemTotal:        4016004 kB
MemFree:          133780 kB
Active:           351028 kB
Mem:          3.8G       3.7G       130M       5.7M        28M       3.2G

MemTotal:        4016004 kB
MemFree:          133416 kB
Active:           351024 kB
Mem:          3.8G       3.7G       130M       5.7M        28M       3.2G

MemTotal:        4016004 kB
MemFree:          133292 kB
Active:           351056 kB
Mem:          3.8G       3.7G       129M       5.7M        28M       3.2G

MemTotal:        4016004 kB
MemFree:          133292 kB
Active:           351032 kB
Mem:          3.8G       3.7G       130M       5.7M        28M       3.2G

MemTotal:        4016004 kB
MemFree:          133540 kB
Active:           351080 kB
Mem:          3.8G       3.7G       130M       5.7M        28M       3.2G

MemTotal:        4016004 kB
MemFree:          133540 kB
Active:           351036 kB
Mem:          3.8G       3.7G       130M       5.7M        28M       3.2G

MemTotal:        4016004 kB
MemFree:          133540 kB
Active:           351084 kB
Mem:          3.8G       3.7G       130M       5.7M        28M       3.2G

MemTotal:        4016004 kB
MemFree:          133540 kB
Active:           351036 kB
Mem:          3.8G       3.7G       130M       5.7M        28M       3.2G

MemTotal:        4016004 kB
MemFree:          133540 kB
Active:           351048 kB
Mem:          3.8G       3.7G       130M       5.7M        28M       3.2G

MemTotal:        4016004 kB
MemFree:          133912 kB
Active:           351076 kB
Mem:          3.8G       3.7G       130M       5.7M        28M       3.2G

MemTotal:        4016004 kB
MemFree:          133912 kB
Active:           351056 kB
Mem:          3.8G       3.7G       130M       5.7M        28M       3.2G

MemTotal:        4016004 kB
MemFree:          133912 kB
Active:           351076 kB
Mem:          3.8G       3.7G       130M       5.7M        28M       3.2G

MemTotal:        4016004 kB
MemFree:          133184 kB
Active:           351052 kB
Mem:          3.8G       3.7G       130M       5.7M        28M       3.2G

MemTotal:        4016004 kB
MemFree:          133184 kB
Active:           351088 kB
Mem:          3.8G       3.7G       129M       5.7M        28M       3.2G

MemTotal:        4016004 kB
MemFree:          133308 kB
Active:           351092 kB
Mem:          3.8G       3.7G       129M       5.7M        28M       3.2G

MemTotal:        4016004 kB
MemFree:          132936 kB
Active:           351108 kB
Mem:          3.8G       3.7G       129M       5.7M        28M       3.2G

MemTotal:        4016004 kB
MemFree:          133060 kB
Active:           351104 kB
Mem:          3.8G       3.7G       130M       5.7M        28M       3.2G

MemTotal:        4016004 kB
MemFree:          133184 kB
Active:           351072 kB
Mem:          3.8G       3.7G       129M       5.7M        28M       3.2G

MemTotal:        4016004 kB
MemFree:          133432 kB
Active:           351112 kB
Mem:          3.8G       3.7G       130M       5.7M        28M       3.2G

MemTotal:        4016004 kB
MemFree:          133308 kB
Active:           351068 kB
Mem:          3.8G       3.7G       130M       5.7M        28M       3.2G

MemTotal:        4016004 kB
MemFree:          133556 kB
Active:           351108 kB
Mem:          3.8G       3.7G       130M       5.7M        28M       3.2G

MemTotal:        4016004 kB
MemFree:          133928 kB
Active:           351128 kB
Mem:          3.8G       3.7G       130M       5.7M        28M       3.2G

MemTotal:        4016004 kB
MemFree:          133804 kB
Active:           351072 kB
Mem:          3.8G       3.7G       130M       5.7M        28M       3.2G

MemTotal:        4016004 kB
MemFree:          133804 kB
Active:           351108 kB
Mem:          3.8G       3.7G       130M       5.7M        28M       3.2G

MemTotal:        4016004 kB
MemFree:          133804 kB
Active:           351084 kB
Mem:          3.8G       3.7G       130M       5.7M        28M       3.2G

MemTotal:        4016004 kB
MemFree:          133432 kB
Active:           351132 kB
Mem:          3.8G       3.7G       130M       5.7M        28M       3.2G

MemTotal:        4016004 kB
MemFree:          133680 kB
Active:           351088 kB
Mem:          3.8G       3.7G       130M       5.7M        28M       3.2G

MemTotal:        4016004 kB
MemFree:          133308 kB
Active:           351140 kB
Mem:          3.8G       3.7G       130M       5.7M        28M       3.2G

MemTotal:        4016004 kB
MemFree:          133680 kB
Active:           351088 kB
Mem:          3.8G       3.7G       130M       5.7M        28M       3.2G

MemTotal:        4016004 kB
MemFree:          133308 kB
Active:           351088 kB
Mem:          3.8G       3.7G       130M       5.7M        28M       3.2G

MemTotal:        4016004 kB
MemFree:          133308 kB
Active:           351092 kB
Mem:          3.8G       3.7G       129M       5.7M        28M       3.2G

MemTotal:        4016004 kB
MemFree:          133316 kB
Active:           351124 kB
Mem:          3.8G       3.7G       130M       5.7M        28M       3.2G

MemTotal:        4016004 kB
MemFree:          133192 kB
Active:           351096 kB
Mem:          3.8G       3.7G       129M       5.7M        28M       3.2G

MemTotal:        4016004 kB
MemFree:          133192 kB
Active:           351100 kB
Mem:          3.8G       3.7G       130M       5.7M        28M       3.2G

MemTotal:        4016004 kB
MemFree:          133192 kB
Active:           351120 kB
Mem:          3.8G       3.7G       130M       5.7M        28M       3.2G

MemTotal:        4016004 kB
MemFree:          133688 kB
Active:           351100 kB
Mem:          3.8G       3.7G       130M       5.7M        28M       3.2G

MemTotal:        4016004 kB
MemFree:          133688 kB
Active:           351116 kB
Mem:          3.8G       3.7G       130M       5.7M        28M       3.2G

MemTotal:        4016004 kB
MemFree:          132952 kB
Active:           351172 kB
Mem:          3.8G       3.7G       129M       5.7M        28M       3.2G

MemTotal:        4016004 kB
MemFree:          133076 kB
Active:           351152 kB
Mem:          3.8G       3.7G       129M       5.7M        28M       3.2G

MemTotal:        4016004 kB
MemFree:          133060 kB
Active:           351208 kB
Mem:          3.8G       3.7G       129M       5.7M        28M       3.2G

MemTotal:        4016004 kB
MemFree:          133060 kB
Active:           351184 kB
Mem:          3.8G       3.7G       129M       5.7M        28M       3.2G

MemTotal:        4016004 kB
MemFree:          133308 kB
Active:           351204 kB
Mem:          3.8G       3.7G       130M       5.7M        28M       3.2G

MemTotal:        4016004 kB
MemFree:          133556 kB
Active:           351220 kB
Mem:          3.8G       3.7G       130M       5.7M        28M       3.2G

MemTotal:        4016004 kB
MemFree:          133556 kB
Active:           351240 kB
Mem:          3.8G       3.7G       130M       5.7M        28M       3.2G

MemTotal:        4016004 kB
MemFree:          132936 kB
Active:           351192 kB
Mem:          3.8G       3.7G       129M       5.7M        28M       3.2G

MemTotal:        4016004 kB
MemFree:          132936 kB
Active:           351240 kB
Mem:          3.8G       3.7G       129M       5.7M        28M       3.2G

MemTotal:        4016004 kB
MemFree:          132936 kB
Active:           351256 kB
Mem:          3.8G       3.7G       129M       5.7M        28M       3.2G

MemTotal:        4016004 kB
MemFree:          132936 kB
Active:           351216 kB
Mem:          3.8G       3.7G       129M       5.7M        28M       3.2G

MemTotal:        4016004 kB
MemFree:          132936 kB
Active:           351208 kB
Mem:          3.8G       3.7G       129M       5.7M        28M       3.2G

MemTotal:        4016004 kB
MemFree:          132564 kB
Active:           351256 kB
Mem:          3.8G       3.7G       129M       5.7M        28M       3.2G

MemTotal:        4016004 kB
MemFree:          132812 kB
Active:           351248 kB
Mem:          3.8G       3.7G       129M       5.7M        28M       3.2G

MemTotal:        4016004 kB
MemFree:          133060 kB
Active:           351224 kB
Mem:          3.8G       3.7G       129M       5.7M        28M       3.2G

MemTotal:        4016004 kB
MemFree:          133184 kB
Active:           351248 kB
Mem:          3.8G       3.7G       130M       5.7M        28M       3.2G

MemTotal:        4016004 kB
MemFree:          133308 kB
Active:           351224 kB
Mem:          3.8G       3.7G       130M       5.7M        28M       3.2G

MemTotal:        4016004 kB
MemFree:          133308 kB
Active:           351208 kB
Mem:          3.8G       3.7G       129M       5.7M        28M       3.2G

MemTotal:        4016004 kB
MemFree:          133448 kB
Active:           351252 kB
Mem:          3.8G       3.7G       130M       5.7M        28M       3.2G

MemTotal:        4016004 kB
MemFree:          133324 kB
Active:           351256 kB
Mem:          3.8G       3.7G       130M       5.7M        28M       3.2G

MemTotal:        4016004 kB
MemFree:          133448 kB
Active:           351256 kB
Mem:          3.8G       3.7G       129M       5.7M        28M       3.2G

MemTotal:        4016004 kB
MemFree:          133200 kB
Active:           351252 kB
Mem:          3.8G       3.7G       129M       5.7M        28M       3.2G

MemTotal:        4016004 kB
MemFree:          133076 kB
Active:           351240 kB
Mem:          3.8G       3.7G       129M       5.7M        28M       3.2G

MemTotal:        4016004 kB
MemFree:          133076 kB
Active:           351228 kB
Mem:          3.8G       3.7G       129M       5.7M        28M       3.2G

MemTotal:        4016004 kB
MemFree:          133448 kB
Active:           351272 kB
Mem:          3.8G       3.7G       130M       5.7M        28M       3.2G

MemTotal:        4016004 kB
MemFree:          133448 kB
Active:           351260 kB
Mem:          3.8G       3.7G       130M       5.7M        28M       3.2G

MemTotal:        4016004 kB
MemFree:          133200 kB
Active:           351280 kB
Mem:          3.8G       3.7G       130M       5.7M        28M       3.2G

MemTotal:        4016004 kB
MemFree:          133572 kB
Active:           351236 kB
Mem:          3.8G       3.7G       130M       5.7M        28M       3.2G

MemTotal:        4016004 kB
MemFree:          133572 kB
Active:           351276 kB
Mem:          3.8G       3.7G       130M       5.7M        28M       3.2G

MemTotal:        4016004 kB
MemFree:          133448 kB
Active:           351276 kB
Mem:          3.8G       3.7G       129M       5.7M        28M       3.2G

MemTotal:        4016004 kB
MemFree:          132704 kB
Active:           351296 kB
Mem:          3.8G       3.7G       129M       5.7M        28M       3.2G

MemTotal:        4016004 kB
MemFree:          132952 kB
Active:           351248 kB
Mem:          3.8G       3.7G       129M       5.7M        28M       3.2G

MemTotal:        4016004 kB
MemFree:          132952 kB
Active:           351240 kB
Mem:          3.8G       3.7G       129M       5.7M        28M       3.2G

MemTotal:        4016004 kB
MemFree:          133076 kB
Active:           351244 kB
Mem:          3.8G       3.7G       129M       5.7M        28M       3.2G

MemTotal:        4016004 kB
MemFree:          132828 kB
Active:           351300 kB
Mem:          3.8G       3.7G       129M       5.7M        28M       3.2G

MemTotal:        4016004 kB
MemFree:          133200 kB
Active:           351296 kB
Mem:          3.8G       3.7G       129M       5.7M        28M       3.2G

MemTotal:        4016004 kB
MemFree:          133200 kB
Active:           351252 kB
Mem:          3.8G       3.7G       129M       5.7M        28M       3.2G

MemTotal:        4016004 kB
MemFree:          133200 kB
Active:           351252 kB
Mem:          3.8G       3.7G       129M       5.7M        28M       3.2G

MemTotal:        4016004 kB
MemFree:          133200 kB
Active:           351288 kB
Mem:          3.8G       3.7G       129M       5.7M        28M       3.2G

MemTotal:        4016004 kB
MemFree:          133200 kB
Active:           351288 kB
Mem:          3.8G       3.7G       129M       5.7M        28M       3.2G

MemTotal:        4016004 kB
MemFree:          133324 kB
Active:           351260 kB
Mem:          3.8G       3.7G       130M       5.7M        28M       3.2G

MemTotal:        4016004 kB
MemFree:          133448 kB
Active:           351300 kB
Mem:          3.8G       3.7G       130M       5.7M        28M       3.2G

MemTotal:        4016004 kB
MemFree:          133324 kB
Active:           351268 kB
Mem:          3.8G       3.7G       130M       5.7M        28M       3.2G

MemTotal:        4016004 kB
MemFree:          133324 kB
Active:           351304 kB
Mem:          3.8G       3.7G       129M       5.7M        28M       3.2G

MemTotal:        4016004 kB
MemFree:          133448 kB
Active:           351264 kB
Mem:          3.8G       3.7G       130M       5.7M        28M       3.2G

MemTotal:        4016004 kB
MemFree:          133448 kB
Active:           351324 kB
Mem:          3.8G       3.7G       130M       5.7M        28M       3.2G

MemTotal:        4016004 kB
MemFree:          133324 kB
Active:           351304 kB
Mem:          3.8G       3.7G       130M       5.7M        28M       3.2G

MemTotal:        4016004 kB
MemFree:          133448 kB
Active:           351320 kB
Mem:          3.8G       3.7G       129M       5.7M        28M       3.2G

MemTotal:        4016004 kB
MemFree:          133448 kB
Active:           351316 kB
Mem:          3.8G       3.7G       130M       5.7M        28M       3.2G

MemTotal:        4016004 kB
MemFree:          133324 kB
Active:           351280 kB
Mem:          3.8G       3.7G       130M       5.7M        28M       3.2G

MemTotal:        4016004 kB
MemFree:          133324 kB
Active:           351304 kB
Mem:          3.8G       3.7G       129M       5.7M        28M       3.2G

MemTotal:        4016004 kB
MemFree:          133324 kB
Active:           351324 kB
Mem:          3.8G       3.7G       129M       5.7M        28M       3.2G

MemTotal:        4016004 kB
MemFree:          133324 kB
Active:           351328 kB
Mem:          3.8G       3.7G       129M       5.7M        28M       3.2G

MemTotal:        4016004 kB
MemFree:          133324 kB
Active:           351288 kB
Mem:          3.8G       3.7G       129M       5.7M        28M       3.2G

MemTotal:        4016004 kB
MemFree:          132952 kB
Active:           351332 kB
Mem:          3.8G       3.7G       129M       5.7M        28M       3.2G

MemTotal:        4016004 kB
MemFree:          133324 kB
Active:           351288 kB
Mem:          3.8G       3.7G       130M       5.7M        28M       3.2G

MemTotal:        4016004 kB
MemFree:          133200 kB
Active:           351336 kB
Mem:          3.8G       3.7G       130M       5.7M        28M       3.2G

MemTotal:        4016004 kB
MemFree:          133084 kB
Active:           351332 kB
Mem:          3.8G       3.7G       129M       5.7M        28M       3.2G

MemTotal:        4016004 kB
MemFree:          132712 kB
Active:           351284 kB
Mem:          3.8G       3.7G       129M       5.7M        28M       3.2G

MemTotal:        4016004 kB
MemFree:          132712 kB
Active:           351332 kB
Mem:          3.8G       3.7G       129M       5.7M        28M       3.2G

MemTotal:        4016004 kB
MemFree:          132836 kB
Active:           351300 kB
Mem:          3.8G       3.7G       129M       5.7M        28M       3.2G

MemTotal:        4016004 kB
MemFree:          132836 kB
Active:           351328 kB
Mem:          3.8G       3.7G       129M       5.7M        28M       3.2G

MemTotal:        4016004 kB
MemFree:          132836 kB
Active:           351288 kB
Mem:          3.8G       3.7G       129M       5.7M        28M       3.2G

MemTotal:        4016004 kB
MemFree:          132836 kB
Active:           351288 kB
Mem:          3.8G       3.7G       129M       5.7M        28M       3.2G

MemTotal:        4016004 kB
MemFree:          133332 kB
Active:           351320 kB
Mem:          3.8G       3.7G       129M       5.7M        29M       3.2G

MemTotal:        4016004 kB
MemFree:          133208 kB
Active:           351340 kB
Mem:          3.8G       3.7G       129M       5.7M        29M       3.2G

MemTotal:        4016004 kB
MemFree:          132960 kB
Active:           351304 kB
Mem:          3.8G       3.7G       129M       5.7M        29M       3.2G

MemTotal:        4016004 kB
MemFree:          133084 kB
Active:           351348 kB
Mem:          3.8G       3.7G       129M       5.7M        29M       3.2G

MemTotal:        4016004 kB
MemFree:          132960 kB
Active:           351316 kB
Mem:          3.8G       3.7G       129M       5.7M        29M       3.2G

MemTotal:        4016004 kB
MemFree:          133084 kB
Active:           351328 kB
Mem:          3.8G       3.7G       129M       5.7M        29M       3.2G

MemTotal:        4016004 kB
MemFree:          132712 kB
Active:           351364 kB
Mem:          3.8G       3.7G       129M       5.7M        29M       3.2G

MemTotal:        4016004 kB
MemFree:          132712 kB
Active:           351364 kB
Mem:          3.8G       3.7G       129M       5.7M        29M       3.2G

MemTotal:        4016004 kB
MemFree:          132836 kB
Active:           351364 kB
Mem:          3.8G       3.7G       129M       5.7M        29M       3.2G

MemTotal:        4016004 kB
MemFree:          132836 kB
Active:           351364 kB
Mem:          3.8G       3.7G       129M       5.7M        29M       3.2G

MemTotal:        4016004 kB
MemFree:          132836 kB
Active:           351368 kB
Mem:          3.8G       3.7G       129M       5.7M        29M       3.2G

MemTotal:        4016004 kB
MemFree:          132712 kB
Active:           351376 kB
Mem:          3.8G       3.7G       129M       5.7M        29M       3.2G

MemTotal:        4016004 kB
MemFree:          132836 kB
Active:           351376 kB
Mem:          3.8G       3.7G       129M       5.7M        29M       3.2G

MemTotal:        4016004 kB
MemFree:          132712 kB
Active:           351380 kB
Mem:          3.8G       3.7G       129M       5.7M        29M       3.2G

MemTotal:        4016004 kB
MemFree:          132712 kB
Active:           351380 kB
Mem:          3.8G       3.7G       129M       5.7M        29M       3.2G

MemTotal:        4016004 kB
MemFree:          132712 kB
Active:           351380 kB
Mem:          3.8G       3.7G       129M       5.7M        29M       3.2G

MemTotal:        4016004 kB
MemFree:          132712 kB
Active:           351380 kB
Mem:          3.8G       3.7G       129M       5.7M        29M       3.2G

MemTotal:        4016004 kB
MemFree:          132836 kB
Active:           351380 kB
Mem:          3.8G       3.7G       129M       5.7M        29M       3.2G

MemTotal:        4016004 kB
MemFree:          132712 kB
Active:           351380 kB
Mem:          3.8G       3.7G       129M       5.7M        29M       3.2G

MemTotal:        4016004 kB
MemFree:          132712 kB
Active:           351388 kB
Mem:          3.8G       3.7G       129M       5.7M        29M       3.2G

MemTotal:        4016004 kB
MemFree:          132712 kB
Active:           351388 kB
Mem:          3.8G       3.7G       129M       5.7M        29M       3.2G

MemTotal:        4016004 kB
MemFree:          132712 kB
Active:           351388 kB
Mem:          3.8G       3.7G       129M       5.7M        29M       3.2G

MemTotal:        4016004 kB
MemFree:          132712 kB
Active:           351388 kB
Mem:          3.8G       3.7G       129M       5.7M        29M       3.2G

MemTotal:        4016004 kB
MemFree:          132712 kB
Active:           351388 kB
Mem:          3.8G       3.7G       129M       5.7M        29M       3.2G

MemTotal:        4016004 kB
MemFree:          132712 kB
Active:           351392 kB
Mem:          3.8G       3.7G       129M       5.7M        29M       3.2G

MemTotal:        4016004 kB
MemFree:          132836 kB
Active:           351392 kB
Mem:          3.8G       3.7G       129M       5.7M        29M       3.2G

MemTotal:        4016004 kB
MemFree:          132712 kB
Active:           351392 kB
Mem:          3.8G       3.7G       129M       5.7M        29M       3.2G

MemTotal:        4016004 kB
MemFree:          132712 kB
Active:           351400 kB
Mem:          3.8G       3.7G       129M       5.7M        29M       3.2G

MemTotal:        4016004 kB
MemFree:          132712 kB
Active:           351404 kB
Mem:          3.8G       3.7G       129M       5.7M        29M       3.2G

MemTotal:        4016004 kB
MemFree:          132712 kB
Active:           351404 kB
Mem:          3.8G       3.7G       129M       5.7M        29M       3.2G

MemTotal:        4016004 kB
MemFree:          132712 kB
Active:           351404 kB
Mem:          3.8G       3.7G       129M       5.7M        29M       3.2G

MemTotal:        4016004 kB
MemFree:          132712 kB
Active:           351404 kB
Mem:          3.8G       3.7G       129M       5.7M        29M       3.2G

MemTotal:        4016004 kB
MemFree:          132712 kB
Active:           351404 kB
Mem:          3.8G       3.7G       129M       5.7M        29M       3.2G

MemTotal:        4016004 kB
MemFree:          132712 kB
Active:           351412 kB
Mem:          3.8G       3.7G       129M       5.7M        29M       3.2G

MemTotal:        4016004 kB
MemFree:          132712 kB
Active:           351412 kB
Mem:          3.8G       3.7G       129M       5.7M        29M       3.2G

MemTotal:        4016004 kB
MemFree:          132712 kB
Active:           351416 kB
Mem:          3.8G       3.7G       129M       5.7M        29M       3.2G

MemTotal:        4016004 kB
MemFree:          132712 kB
Active:           351416 kB
Mem:          3.8G       3.7G       129M       5.7M        29M       3.2G

MemTotal:        4016004 kB
MemFree:          132712 kB
Active:           351416 kB
Mem:          3.8G       3.7G       129M       5.7M        29M       3.2G

MemTotal:        4016004 kB
MemFree:          132588 kB
Active:           351416 kB
Mem:          3.8G       3.7G       129M       5.7M        29M       3.2G

MemTotal:        4016004 kB
MemFree:          132588 kB
Active:           351416 kB
Mem:          3.8G       3.7G       129M       5.7M        29M       3.2G

MemTotal:        4016004 kB
MemFree:          132588 kB
Active:           351428 kB
Mem:          3.8G       3.7G       129M       5.7M        29M       3.2G

MemTotal:        4016004 kB
MemFree:          132588 kB
Active:           351428 kB
Mem:          3.8G       3.7G       129M       5.7M        29M       3.2G

MemTotal:        4016004 kB
MemFree:          132712 kB
Active:           351428 kB
Mem:          3.8G       3.7G       129M       5.7M        29M       3.2G

MemTotal:        4016004 kB
MemFree:          132712 kB
Active:           351428 kB
Mem:          3.8G       3.7G       129M       5.7M        29M       3.2G

MemTotal:        4016004 kB
MemFree:          132712 kB
Active:           351428 kB
Mem:          3.8G       3.7G       129M       5.7M        29M       3.2G

MemTotal:        4016004 kB
MemFree:          132712 kB
Active:           351428 kB
Mem:          3.8G       3.7G       129M       5.7M        29M       3.2G

MemTotal:        4016004 kB
MemFree:          132588 kB
Active:           351436 kB
Mem:          3.8G       3.7G       129M       5.7M        29M       3.2G

MemTotal:        4016004 kB
MemFree:          132588 kB
Active:           351436 kB
Mem:          3.8G       3.7G       129M       5.7M        29M       3.2G

MemTotal:        4016004 kB
MemFree:          132588 kB
Active:           351436 kB
Mem:          3.8G       3.7G       129M       5.7M        29M       3.2G

MemTotal:        4016004 kB
MemFree:          132588 kB
Active:           351436 kB
Mem:          3.8G       3.7G       129M       5.7M        29M       3.2G

MemTotal:        4016004 kB
MemFree:          132464 kB
Active:           351436 kB
Mem:          3.8G       3.7G       129M       5.7M        29M       3.2G

MemTotal:        4016004 kB
MemFree:          132588 kB
Active:           351436 kB
Mem:          3.8G       3.7G       129M       5.7M        29M       3.2G

MemTotal:        4016004 kB
MemFree:          132588 kB
Active:           351436 kB
Mem:          3.8G       3.7G       129M       5.7M        29M       3.2G

MemTotal:        4016004 kB
MemFree:          132712 kB
Active:           351436 kB
Mem:          3.8G       3.7G       129M       5.7M        29M       3.2G

MemTotal:        4016004 kB
MemFree:          132712 kB
Active:           351440 kB
Mem:          3.8G       3.7G       129M       5.7M        29M       3.2G

MemTotal:        4016004 kB
MemFree:          132588 kB
Active:           351440 kB
Mem:          3.8G       3.7G       129M       5.7M        29M       3.2G

MemTotal:        4016004 kB
MemFree:          132588 kB
Active:           351440 kB
Mem:          3.8G       3.7G       129M       5.7M        29M       3.2G

MemTotal:        4016004 kB
MemFree:          132884 kB
Active:           351220 kB
Mem:          3.8G       3.7G       129M       5.7M        29M       3.2G

MemTotal:        4016004 kB
MemFree:          133256 kB
Active:           351204 kB
Mem:          3.8G       3.7G       130M       5.7M        29M       3.2G

MemTotal:        4016004 kB
MemFree:          133752 kB
Active:           351212 kB
Mem:          3.8G       3.7G       130M       5.7M        29M       3.2G

MemTotal:        4016004 kB
MemFree:          133752 kB
Active:           351216 kB
Mem:          3.8G       3.7G       130M       5.7M        29M       3.2G

MemTotal:        4016004 kB
MemFree:          133256 kB
Active:           351216 kB
Mem:          3.8G       3.7G       130M       5.7M        29M       3.2G

MemTotal:        4016004 kB
MemFree:          133256 kB
Active:           351192 kB
Mem:          3.8G       3.7G       130M       5.7M        29M       3.2G

MemTotal:        4016004 kB
MemFree:          133256 kB
Active:           351228 kB
Mem:          3.8G       3.7G       130M       5.7M        29M       3.2G

MemTotal:        4016004 kB
MemFree:          133016 kB
Active:           351236 kB
Mem:          3.8G       3.7G       130M       5.7M        29M       3.2G

MemTotal:        4016004 kB
MemFree:          133264 kB
Active:           351220 kB
Mem:          3.8G       3.7G       130M       5.7M        29M       3.2G

MemTotal:        4016004 kB
MemFree:          133264 kB
Active:           351200 kB
Mem:          3.8G       3.7G       130M       5.7M        29M       3.2G

MemTotal:        4016004 kB
MemFree:          132644 kB
Active:           351252 kB
Mem:          3.8G       3.7G       129M       5.7M        29M       3.2G

MemTotal:        4016004 kB
MemFree:          132892 kB
Active:           351256 kB
Mem:          3.8G       3.7G       130M       5.7M        29M       3.2G

MemTotal:        4016004 kB
MemFree:          133376 kB
Active:           351232 kB
Mem:          3.8G       3.7G       130M       5.7M        29M       3.2G

MemTotal:        4016004 kB
MemFree:          133624 kB
Active:           351208 kB
Mem:          3.8G       3.7G       130M       5.7M        29M       3.2G

MemTotal:        4016004 kB
MemFree:          133872 kB
Active:           351244 kB
Mem:          3.8G       3.7G       130M       5.7M        29M       3.2G

MemTotal:        4016004 kB
MemFree:          133996 kB
Active:           351228 kB
Mem:          3.8G       3.7G       130M       5.7M        29M       3.2G

MemTotal:        4016004 kB
MemFree:          133872 kB
Active:           351216 kB
Mem:          3.8G       3.7G       130M       5.7M        29M       3.2G

MemTotal:        4016004 kB
MemFree:          133872 kB
Active:           351200 kB
Mem:          3.8G       3.7G       130M       5.7M        29M       3.2G

MemTotal:        4016004 kB
MemFree:          133624 kB
Active:           351224 kB
Mem:          3.8G       3.7G       130M       5.7M        29M       3.2G

MemTotal:        4016004 kB
MemFree:          133872 kB
Active:           351228 kB
Mem:          3.8G       3.7G       130M       5.7M        29M       3.2G

MemTotal:        4016004 kB
MemFree:          133748 kB
Active:           351256 kB
Mem:          3.8G       3.7G       130M       5.7M        29M       3.2G

MemTotal:        4016004 kB
MemFree:          133872 kB
Active:           351228 kB
Mem:          3.8G       3.7G       130M       5.7M        29M       3.2G

MemTotal:        4016004 kB
MemFree:          133904 kB
Active:           351260 kB
Mem:          3.8G       3.7G       130M       5.7M        29M       3.2G

MemTotal:        4016004 kB
MemFree:          133904 kB
Active:           351240 kB
Mem:          3.8G       3.7G       130M       5.7M        29M       3.2G

MemTotal:        4016004 kB
MemFree:          134028 kB
Active:           351216 kB
Mem:          3.8G       3.7G       130M       5.7M        29M       3.2G

MemTotal:        4016004 kB
MemFree:          134028 kB
Active:           351252 kB
Mem:          3.8G       3.7G       130M       5.7M        29M       3.2G

MemTotal:        4016004 kB
MemFree:          133904 kB
Active:           351268 kB
Mem:          3.8G       3.7G       130M       5.7M        29M       3.2G

MemTotal:        4016004 kB
MemFree:          133408 kB
Active:           351232 kB
Mem:          3.8G       3.7G       130M       5.7M        29M       3.2G

MemTotal:        4016004 kB
MemFree:          133284 kB
Active:           351236 kB
Mem:          3.8G       3.7G       130M       5.7M        29M       3.2G

MemTotal:        4016004 kB
MemFree:          133284 kB
Active:           351276 kB
Mem:          3.8G       3.7G       130M       5.7M        29M       3.2G

MemTotal:        4016004 kB
MemFree:          133408 kB
Active:           351288 kB
