MemTotal:        4016004 kB
MemFree:         3235536 kB
Active:           424540 kB
Mem:          3.8G       762M       3.1G       5.7M        50M       319M

MemTotal:        4016004 kB
MemFree:         3236052 kB
Active:           424672 kB
Mem:          3.8G       761M       3.1G       5.7M        50M       319M

MemTotal:        4016004 kB
MemFree:         3236424 kB
Active:           424800 kB
Mem:          3.8G       761M       3.1G       5.7M        50M       319M

MemTotal:        4016004 kB
MemFree:         3236176 kB
Active:           424808 kB
Mem:          3.8G       761M       3.1G       5.7M        50M       319M

MemTotal:        4016004 kB
MemFree:         3236640 kB
Active:           424792 kB
Mem:          3.8G       761M       3.1G       5.7M        50M       319M

MemTotal:        4016004 kB
MemFree:         3237120 kB
Active:           424804 kB
Mem:          3.8G       760M       3.1G       5.7M        50M       319M

MemTotal:        4016004 kB
MemFree:         3236932 kB
Active:           424788 kB
Mem:          3.8G       760M       3.1G       5.7M        50M       319M

MemTotal:        4016004 kB
MemFree:         3236964 kB
Active:           424780 kB
Mem:          3.8G       761M       3.1G       5.7M        50M       319M

MemTotal:        4016004 kB
MemFree:         3236344 kB
Active:           424824 kB
Mem:          3.8G       761M       3.1G       5.7M        50M       319M

MemTotal:        4016004 kB
MemFree:         3236576 kB
Active:           424784 kB
Mem:          3.8G       761M       3.1G       5.7M        50M       319M

MemTotal:        4016004 kB
MemFree:         3236576 kB
Active:           424820 kB
Mem:          3.8G       761M       3.1G       5.7M        50M       319M

MemTotal:        4016004 kB
MemFree:         3236296 kB
Active:           424812 kB
Mem:          3.8G       761M       3.1G       5.7M        50M       319M

MemTotal:        4016004 kB
MemFree:         3236156 kB
Active:           424780 kB
Mem:          3.8G       761M       3.1G       5.7M        50M       319M

MemTotal:        4016004 kB
MemFree:         3236296 kB
Active:           424828 kB
Mem:          3.8G       761M       3.1G       5.7M        50M       319M

MemTotal:        4016004 kB
MemFree:         3235736 kB
Active:           424876 kB
Mem:          3.8G       761M       3.1G       5.7M        50M       319M

MemTotal:        4016004 kB
MemFree:         3236340 kB
Active:           424840 kB
Mem:          3.8G       761M       3.1G       5.7M        50M       319M

MemTotal:        4016004 kB
MemFree:         3236216 kB
Active:           424832 kB
Mem:          3.8G       761M       3.1G       5.7M        50M       319M

MemTotal:        4016004 kB
MemFree:         3235968 kB
Active:           424876 kB
Mem:          3.8G       761M       3.1G       5.7M        50M       319M

MemTotal:        4016004 kB
MemFree:         3236588 kB
Active:           424824 kB
Mem:          3.8G       761M       3.1G       5.7M        50M       319M

MemTotal:        4016004 kB
MemFree:         3236572 kB
Active:           424832 kB
Mem:          3.8G       761M       3.1G       5.7M        50M       319M

MemTotal:        4016004 kB
MemFree:         3236448 kB
Active:           424884 kB
Mem:          3.8G       761M       3.1G       5.7M        50M       319M

MemTotal:        4016004 kB
MemFree:         3236696 kB
Active:           424860 kB
Mem:          3.8G       761M       3.1G       5.7M        50M       319M

MemTotal:        4016004 kB
MemFree:         3236200 kB
Active:           424852 kB
Mem:          3.8G       761M       3.1G       5.7M        50M       319M

MemTotal:        4016004 kB
MemFree:         3236448 kB
Active:           424828 kB
Mem:          3.8G       761M       3.1G       5.7M        50M       319M

MemTotal:        4016004 kB
MemFree:         3236076 kB
Active:           424884 kB
Mem:          3.8G       761M       3.1G       5.7M        50M       319M

MemTotal:        4016004 kB
MemFree:         3236432 kB
Active:           424848 kB
Mem:          3.8G       761M       3.1G       5.7M        50M       319M

MemTotal:        4016004 kB
MemFree:         3236432 kB
Active:           424836 kB
Mem:          3.8G       761M       3.1G       5.7M        50M       319M

MemTotal:        4016004 kB
MemFree:         3235936 kB
Active:           424844 kB
Mem:          3.8G       761M       3.1G       5.7M        50M       319M

MemTotal:        4016004 kB
MemFree:         3236044 kB
Active:           424864 kB
Mem:          3.8G       761M       3.1G       5.7M        50M       319M

MemTotal:        4016004 kB
MemFree:         3235904 kB
Active:           424864 kB
Mem:          3.8G       761M       3.1G       5.7M        50M       319M

MemTotal:        4016004 kB
MemFree:         3235904 kB
Active:           424888 kB
Mem:          3.8G       761M       3.1G       5.7M        50M       319M

MemTotal:        4016004 kB
MemFree:         3236260 kB
Active:           424884 kB
Mem:          3.8G       761M       3.1G       5.7M        50M       319M

MemTotal:        4016004 kB
MemFree:         3236244 kB
Active:           424848 kB
Mem:          3.8G       761M       3.1G       5.7M        50M       319M

MemTotal:        4016004 kB
MemFree:         3235856 kB
Active:           424888 kB
Mem:          3.8G       761M       3.1G       5.7M        50M       319M

MemTotal:        4016004 kB
MemFree:         3235700 kB
Active:           422856 kB
Mem:          3.8G       762M       3.1G       5.7M        50M       319M

MemTotal:        4016004 kB
MemFree:         3235824 kB
Active:           422816 kB
Mem:          3.8G       761M       3.1G       5.7M        50M       319M

MemTotal:        4016004 kB
MemFree:         3235612 kB
Active:           424912 kB
Mem:          3.8G       761M       3.1G       5.7M        50M       319M

MemTotal:        4016004 kB
MemFree:         3236480 kB
Active:           424872 kB
Mem:          3.8G       761M       3.1G       5.7M        50M       319M

MemTotal:        4016004 kB
MemFree:         3236108 kB
Active:           424916 kB
Mem:          3.8G       761M       3.1G       5.7M        50M       319M

MemTotal:        4016004 kB
MemFree:         3236356 kB
Active:           424860 kB
Mem:          3.8G       761M       3.1G       5.7M        50M       319M

MemTotal:        4016004 kB
MemFree:         3236356 kB
Active:           424868 kB
Mem:          3.8G       761M       3.1G       5.7M        50M       319M

MemTotal:        4016004 kB
MemFree:         3236480 kB
Active:           424892 kB
Mem:          3.8G       761M       3.1G       5.7M        50M       319M

MemTotal:        4016004 kB
MemFree:         3235860 kB
Active:           424924 kB
Mem:          3.8G       761M       3.1G       5.7M        50M       319M

MemTotal:        4016004 kB
MemFree:         3235896 kB
Active:           423000 kB
Mem:          3.8G       761M       3.1G       5.7M        50M       319M

MemTotal:        4016004 kB
MemFree:         3235980 kB
Active:           424872 kB
Mem:          3.8G       761M       3.1G       5.7M        50M       319M

MemTotal:        4016004 kB
MemFree:         3235856 kB
Active:           424872 kB
Mem:          3.8G       761M       3.1G       5.7M        50M       319M

MemTotal:        4016004 kB
MemFree:         3236228 kB
Active:           424876 kB
Mem:          3.8G       761M       3.1G       5.7M        50M       319M

MemTotal:        4016004 kB
MemFree:         3236088 kB
Active:           424900 kB
Mem:          3.8G       761M       3.1G       5.7M        50M       319M

MemTotal:        4016004 kB
MemFree:         3236072 kB
Active:           424900 kB
Mem:          3.8G       761M       3.1G       5.7M        50M       319M

MemTotal:        4016004 kB
MemFree:         3236180 kB
Active:           424928 kB
Mem:          3.8G       761M       3.1G       5.7M        50M       319M

MemTotal:        4016004 kB
MemFree:         3236908 kB
Active:           424892 kB
Mem:          3.8G       760M       3.1G       5.7M        50M       319M

MemTotal:        4016004 kB
MemFree:         3236908 kB
Active:           424904 kB
Mem:          3.8G       761M       3.1G       5.7M        50M       319M

MemTotal:        4016004 kB
MemFree:         3236040 kB
Active:           424956 kB
Mem:          3.8G       761M       3.1G       5.7M        50M       319M

MemTotal:        4016004 kB
MemFree:         3236396 kB
Active:           424940 kB
Mem:          3.8G       761M       3.1G       5.7M        50M       319M

MemTotal:        4016004 kB
MemFree:         3236256 kB
Active:           424952 kB
Mem:          3.8G       761M       3.1G       5.7M        50M       319M

MemTotal:        4016004 kB
MemFree:         3235884 kB
Active:           424928 kB
Mem:          3.8G       761M       3.1G       5.7M        50M       319M

MemTotal:        4016004 kB
MemFree:         3235620 kB
Active:           424968 kB
Mem:          3.8G       761M       3.1G       5.7M        50M       319M

MemTotal:        4016004 kB
MemFree:         3235976 kB
Active:           424944 kB
Mem:          3.8G       761M       3.1G       5.7M        50M       319M

MemTotal:        4016004 kB
MemFree:         3236348 kB
Active:           424960 kB
Mem:          3.8G       761M       3.1G       5.7M        50M       319M

MemTotal:        4016004 kB
MemFree:         3235852 kB
Active:           424968 kB
Mem:          3.8G       761M       3.1G       5.7M        50M       319M

MemTotal:        4016004 kB
MemFree:         3236084 kB
Active:           424924 kB
Mem:          3.8G       761M       3.1G       5.7M        50M       319M

MemTotal:        4016004 kB
MemFree:         3236440 kB
Active:           424964 kB
Mem:          3.8G       761M       3.1G       5.7M        50M       319M

MemTotal:        4016004 kB
MemFree:         3236424 kB
Active:           424940 kB
Mem:          3.8G       761M       3.1G       5.7M        50M       319M

MemTotal:        4016004 kB
MemFree:         3235696 kB
Active:           423020 kB
Mem:          3.8G       762M       3.1G       5.7M        50M       319M

MemTotal:        4016004 kB
MemFree:         3235820 kB
Active:           422916 kB
Mem:          3.8G       761M       3.1G       5.7M        50M       319M

MemTotal:        4016004 kB
MemFree:         3235820 kB
Active:           424932 kB
Mem:          3.8G       762M       3.1G       5.7M        50M       319M

MemTotal:        4016004 kB
MemFree:         3235820 kB
Active:           424924 kB
Mem:          3.8G       762M       3.1G       5.7M        50M       319M

MemTotal:        4016004 kB
MemFree:         3235944 kB
Active:           424956 kB
Mem:          3.8G       761M       3.1G       5.7M        50M       319M

MemTotal:        4016004 kB
MemFree:         3235944 kB
Active:           424976 kB
Mem:          3.8G       761M       3.1G       5.7M        50M       319M

MemTotal:        4016004 kB
MemFree:         3236192 kB
Active:           424936 kB
Mem:          3.8G       761M       3.1G       5.7M        50M       319M

MemTotal:        4016004 kB
MemFree:         3236068 kB
Active:           424944 kB
Mem:          3.8G       761M       3.1G       5.7M        50M       319M

MemTotal:        4016004 kB
MemFree:         3236068 kB
Active:           424936 kB
Mem:          3.8G       761M       3.1G       5.7M        50M       319M

MemTotal:        4016004 kB
MemFree:         3235944 kB
Active:           424924 kB
Mem:          3.8G       761M       3.1G       5.7M        50M       319M

MemTotal:        4016004 kB
MemFree:         3236036 kB
Active:           424956 kB
Mem:          3.8G       761M       3.1G       5.7M        50M       319M

MemTotal:        4016004 kB
MemFree:         3236144 kB
Active:           424964 kB
Mem:          3.8G       761M       3.1G       5.7M        50M       319M

MemTotal:        4016004 kB
MemFree:         3236564 kB
Active:           424952 kB
Mem:          3.8G       761M       3.1G       5.7M        50M       319M

MemTotal:        4016004 kB
MemFree:         3235992 kB
Active:           424984 kB
Mem:          3.8G       761M       3.1G       5.7M        50M       319M

MemTotal:        4016004 kB
MemFree:         3236364 kB
Active:           424952 kB
Mem:          3.8G       761M       3.1G       5.7M        50M       319M

MemTotal:        4016004 kB
MemFree:         3235868 kB
Active:           424988 kB
Mem:          3.8G       761M       3.1G       5.7M        50M       319M

MemTotal:        4016004 kB
MemFree:         3235744 kB
Active:           424968 kB
Mem:          3.8G       761M       3.1G       5.7M        50M       319M

MemTotal:        4016004 kB
MemFree:         3235744 kB
Active:           424960 kB
Mem:          3.8G       761M       3.1G       5.7M        50M       319M

MemTotal:        4016004 kB
MemFree:         3235496 kB
Active:           424988 kB
Mem:          3.8G       761M       3.1G       5.7M        50M       319M

MemTotal:        4016004 kB
MemFree:         3235868 kB
Active:           424940 kB
Mem:          3.8G       761M       3.1G       5.7M        50M       319M

MemTotal:        4016004 kB
MemFree:         3235796 kB
Active:           423008 kB
Mem:          3.8G       762M       3.1G       5.7M        50M       319M

MemTotal:        4016004 kB
MemFree:         3235672 kB
Active:           423012 kB
Mem:          3.8G       761M       3.1G       5.7M        50M       319M

MemTotal:        4016004 kB
MemFree:         3236292 kB
Active:           425060 kB
Mem:          3.8G       761M       3.1G       5.7M        50M       319M

MemTotal:        4016004 kB
MemFree:         3236292 kB
Active:           425072 kB
Mem:          3.8G       761M       3.1G       5.7M        50M       319M

MemTotal:        4016004 kB
MemFree:         3236416 kB
Active:           425084 kB
Mem:          3.8G       761M       3.1G       5.7M        50M       319M

MemTotal:        4016004 kB
MemFree:         3236480 kB
Active:           425088 kB
Mem:          3.8G       761M       3.1G       5.7M        50M       319M

MemTotal:        4016004 kB
MemFree:         3236108 kB
Active:           425056 kB
Mem:          3.8G       761M       3.1G       5.7M        50M       319M

MemTotal:        4016004 kB
MemFree:         3235984 kB
Active:           425108 kB
Mem:          3.8G       761M       3.1G       5.7M        50M       319M

MemTotal:        4016004 kB
MemFree:         3235984 kB
Active:           425108 kB
Mem:          3.8G       761M       3.1G       5.7M        50M       319M

MemTotal:        4016004 kB
MemFree:         3236232 kB
Active:           425108 kB
Mem:          3.8G       761M       3.1G       5.7M        50M       319M

MemTotal:        4016004 kB
MemFree:         3235728 kB
Active:           423020 kB
Mem:          3.8G       762M       3.1G       5.7M        50M       319M

MemTotal:        4016004 kB
MemFree:         3235604 kB
Active:           425080 kB
Mem:          3.8G       761M       3.1G       5.7M        50M       319M

MemTotal:        4016004 kB
MemFree:         3236100 kB
Active:           425068 kB
Mem:          3.8G       761M       3.1G       5.7M        50M       319M

MemTotal:        4016004 kB
MemFree:         3235976 kB
Active:           425088 kB
Mem:          3.8G       761M       3.1G       5.7M        50M       319M

MemTotal:        4016004 kB
MemFree:         3235604 kB
Active:           425112 kB
Mem:          3.8G       762M       3.1G       5.7M        50M       319M

MemTotal:        4016004 kB
MemFree:         3235480 kB
Active:           425120 kB
Mem:          3.8G       762M       3.1G       5.7M        50M       319M

MemTotal:        4016004 kB
MemFree:         3235728 kB
Active:           425104 kB
Mem:          3.8G       761M       3.1G       5.7M        50M       319M

MemTotal:        4016004 kB
MemFree:         3235696 kB
Active:           425356 kB
Mem:          3.8G       762M       3.1G       5.7M        50M       319M

MemTotal:        4016004 kB
MemFree:         3191016 kB
Active:           425748 kB
Mem:          3.8G       806M       3.0G       5.7M        50M       363M

MemTotal:        4016004 kB
MemFree:         3141304 kB
Active:           425816 kB
Mem:          3.8G       855M       3.0G       5.7M        50M       411M

MemTotal:        4016004 kB
MemFree:         3092816 kB
Active:           425832 kB
Mem:          3.8G       902M       2.9G       5.7M        50M       457M

MemTotal:        4016004 kB
MemFree:         3042856 kB
Active:           425860 kB
Mem:          3.8G       951M       2.9G       5.7M        50M       505M

MemTotal:        4016004 kB
MemFree:         2994136 kB
Active:           425892 kB
Mem:          3.8G       998M       2.9G       5.7M        51M       552M

MemTotal:        4016004 kB
MemFree:         2944548 kB
Active:           425920 kB
Mem:          3.8G       1.0G       2.8G       5.7M        51M       599M

MemTotal:        4016004 kB
MemFree:         2894588 kB
Active:           425952 kB
Mem:          3.8G       1.1G       2.8G       5.7M        51M       647M

MemTotal:        4016004 kB
MemFree:         2880664 kB
Active:           425972 kB
Mem:          3.8G       1.1G       2.7G       5.7M        51M       659M

MemTotal:        4016004 kB
MemFree:         2840316 kB
Active:           425956 kB
Mem:          3.8G       1.1G       2.7G       5.7M        51M       699M

MemTotal:        4016004 kB
MemFree:         2791100 kB
Active:           426032 kB
Mem:          3.8G       1.2G       2.7G       5.7M        51M       746M

MemTotal:        4016004 kB
MemFree:         2781412 kB
Active:           426056 kB
Mem:          3.8G       1.2G       2.7G       5.7M        51M       754M

MemTotal:        4016004 kB
MemFree:         2760040 kB
Active:           426132 kB
Mem:          3.8G       1.2G       2.6G       5.7M        51M       775M

MemTotal:        4016004 kB
MemFree:         2711060 kB
Active:           426156 kB
Mem:          3.8G       1.2G       2.6G       5.7M        51M       823M

MemTotal:        4016004 kB
MemFree:         2662500 kB
Active:           426176 kB
Mem:          3.8G       1.3G       2.5G       5.7M        51M       870M

MemTotal:        4016004 kB
MemFree:         2613224 kB
Active:           426200 kB
Mem:          3.8G       1.3G       2.5G       5.7M        51M       917M

MemTotal:        4016004 kB
MemFree:         2564752 kB
Active:           426232 kB
Mem:          3.8G       1.4G       2.4G       5.7M        51M       963M

MemTotal:        4016004 kB
MemFree:         2516156 kB
Active:           426256 kB
Mem:          3.8G       1.4G       2.4G       5.7M        51M       1.0G

MemTotal:        4016004 kB
MemFree:         2467064 kB
Active:           426280 kB
Mem:          3.8G       1.5G       2.4G       5.7M        51M       1.0G

MemTotal:        4016004 kB
MemFree:         2430032 kB
Active:           426304 kB
Mem:          3.8G       1.5G       2.3G       5.7M        51M       1.1G

MemTotal:        4016004 kB
MemFree:         2403440 kB
Active:           426320 kB
Mem:          3.8G       1.5G       2.3G       5.7M        51M       1.1G

MemTotal:        4016004 kB
MemFree:         2354968 kB
Active:           426352 kB
Mem:          3.8G       1.6G       2.2G       5.7M        51M       1.1G

MemTotal:        4016004 kB
MemFree:         2330488 kB
Active:           426376 kB
Mem:          3.8G       1.6G       2.2G       5.7M        51M       1.2G

MemTotal:        4016004 kB
MemFree:         2291840 kB
Active:           426392 kB
Mem:          3.8G       1.6G       2.2G       5.7M        51M       1.2G

MemTotal:        4016004 kB
MemFree:         2242380 kB
Active:           426412 kB
Mem:          3.8G       1.7G       2.1G       5.7M        51M       1.2G

MemTotal:        4016004 kB
MemFree:         2195704 kB
Active:           426436 kB
Mem:          3.8G       1.7G       2.1G       5.7M        51M       1.3G

MemTotal:        4016004 kB
MemFree:         2160876 kB
Active:           426432 kB
Mem:          3.8G       1.8G       2.1G       5.7M        51M       1.3G

MemTotal:        4016004 kB
MemFree:         2111908 kB
Active:           426480 kB
Mem:          3.8G       1.8G       2.0G       5.7M        51M       1.4G

MemTotal:        4016004 kB
MemFree:         2062940 kB
Active:           426504 kB
Mem:          3.8G       1.9G       2.0G       5.7M        51M       1.4G

MemTotal:        4016004 kB
MemFree:         2013848 kB
Active:           426528 kB
Mem:          3.8G       1.9G       1.9G       5.7M        51M       1.5G

MemTotal:        4016004 kB
MemFree:         1965484 kB
Active:           426596 kB
Mem:          3.8G       2.0G       1.9G       5.7M        51M       1.5G

MemTotal:        4016004 kB
MemFree:         1914596 kB
Active:           426592 kB
Mem:          3.8G       2.0G       1.8G       5.7M        51M       1.5G

MemTotal:        4016004 kB
MemFree:         1876472 kB
Active:           428664 kB
Mem:          3.8G       2.0G       1.8G       5.7M        51M       1.6G

MemTotal:        4016004 kB
MemFree:         1851848 kB
Active:           428680 kB
Mem:          3.8G       2.1G       1.8G       5.7M        51M       1.6G

MemTotal:        4016004 kB
MemFree:         1802700 kB
Active:           428704 kB
Mem:          3.8G       2.1G       1.7G       5.7M        51M       1.7G

MemTotal:        4016004 kB
MemFree:         1778628 kB
Active:           428720 kB
Mem:          3.8G       2.1G       1.7G       5.7M        51M       1.7G

MemTotal:        4016004 kB
MemFree:         1765064 kB
Active:           428700 kB
Mem:          3.8G       2.1G       1.7G       5.7M        51M       1.7G

MemTotal:        4016004 kB
MemFree:         1716004 kB
Active:           428756 kB
Mem:          3.8G       2.2G       1.6G       5.7M        51M       1.7G

MemTotal:        4016004 kB
MemFree:         1666912 kB
Active:           428784 kB
Mem:          3.8G       2.2G       1.6G       5.7M        51M       1.8G

MemTotal:        4016004 kB
MemFree:         1618952 kB
Active:           428808 kB
Mem:          3.8G       2.3G       1.5G       5.7M        51M       1.8G

MemTotal:        4016004 kB
MemFree:         1569736 kB
Active:           428836 kB
Mem:          3.8G       2.3G       1.5G       5.7M        51M       1.9G

MemTotal:        4016004 kB
MemFree:         1524780 kB
Active:           428868 kB
Mem:          3.8G       2.4G       1.5G       5.7M        51M       1.9G

MemTotal:        4016004 kB
MemFree:         1504676 kB
Active:           428888 kB
Mem:          3.8G       2.4G       1.4G       5.7M        51M       1.9G

MemTotal:        4016004 kB
MemFree:         1455460 kB
Active:           428912 kB
Mem:          3.8G       2.4G       1.4G       5.7M        51M       2.0G

MemTotal:        4016004 kB
MemFree:         1433236 kB
Active:           428936 kB
Mem:          3.8G       2.5G       1.4G       5.7M        51M       2.0G

MemTotal:        4016004 kB
MemFree:         1433448 kB
Active:           428916 kB
Mem:          3.8G       2.5G       1.4G       5.7M        51M       2.0G

MemTotal:        4016004 kB
MemFree:         1433552 kB
Active:           428952 kB
Mem:          3.8G       2.5G       1.4G       5.7M        51M       2.0G

MemTotal:        4016004 kB
MemFree:         1400556 kB
Active:           428948 kB
Mem:          3.8G       2.5G       1.3G       5.7M        51M       2.0G

MemTotal:        4016004 kB
MemFree:         1351684 kB
Active:           428992 kB
Mem:          3.8G       2.5G       1.3G       5.7M        51M       2.1G

MemTotal:        4016004 kB
MemFree:         1303352 kB
Active:           429016 kB
Mem:          3.8G       2.6G       1.2G       5.7M        51M       2.1G

MemTotal:        4016004 kB
MemFree:         1253728 kB
Active:           427148 kB
Mem:          3.8G       2.6G       1.2G       5.7M        51M       2.2G

MemTotal:        4016004 kB
MemFree:         1205284 kB
Active:           429092 kB
Mem:          3.8G       2.7G       1.1G       5.7M        51M       2.2G

MemTotal:        4016004 kB
MemFree:         1156564 kB
Active:           429120 kB
Mem:          3.8G       2.7G       1.1G       5.7M        52M       2.3G

MemTotal:        4016004 kB
MemFree:         1107720 kB
Active:           429144 kB
Mem:          3.8G       2.8G       1.1G       5.7M        52M       2.3G

MemTotal:        4016004 kB
MemFree:         1077708 kB
Active:           429136 kB
Mem:          3.8G       2.8G       1.0G       5.7M        52M       2.3G

MemTotal:        4016004 kB
MemFree:         1028152 kB
Active:           429216 kB
Mem:          3.8G       2.9G       1.0G       5.7M        52M       2.4G

MemTotal:        4016004 kB
MemFree:          992452 kB
Active:           429236 kB
Mem:          3.8G       2.9G       969M       5.7M        52M       2.4G

MemTotal:        4016004 kB
MemFree:          992528 kB
Active:           429212 kB
Mem:          3.8G       2.9G       969M       5.7M        52M       2.4G

MemTotal:        4016004 kB
MemFree:          970944 kB
Active:           429260 kB
Mem:          3.8G       2.9G       947M       5.7M        52M       2.4G

MemTotal:        4016004 kB
MemFree:          963292 kB
Active:           427348 kB
Mem:          3.8G       2.9G       940M       5.7M        52M       2.4G

MemTotal:        4016004 kB
MemFree:          942356 kB
Active:           429308 kB
Mem:          3.8G       2.9G       919M       5.7M        52M       2.5G

MemTotal:        4016004 kB
MemFree:          893032 kB
Active:           429328 kB
Mem:          3.8G       3.0G       871M       5.7M        52M       2.5G

MemTotal:        4016004 kB
MemFree:          843428 kB
Active:           429352 kB
Mem:          3.8G       3.0G       822M       5.7M        52M       2.6G

MemTotal:        4016004 kB
MemFree:          794460 kB
Active:           429376 kB
Mem:          3.8G       3.1G       775M       5.7M        52M       2.6G

MemTotal:        4016004 kB
MemFree:          745244 kB
Active:           429404 kB
Mem:          3.8G       3.1G       727M       5.7M        52M       2.6G

MemTotal:        4016004 kB
MemFree:          697036 kB
Active:           429436 kB
Mem:          3.8G       3.2G       679M       5.7M        52M       2.7G

MemTotal:        4016004 kB
MemFree:          647944 kB
Active:           429460 kB
Mem:          3.8G       3.2G       631M       5.7M        52M       2.7G

MemTotal:        4016004 kB
MemFree:          599780 kB
Active:           429488 kB
Mem:          3.8G       3.3G       584M       5.7M        52M       2.8G

MemTotal:        4016004 kB
MemFree:          554856 kB
Active:           429512 kB
Mem:          3.8G       3.3G       541M       5.7M        52M       2.8G

MemTotal:        4016004 kB
MemFree:          554516 kB
Active:           427492 kB
Mem:          3.8G       3.3G       541M       5.7M        52M       2.8G

MemTotal:        4016004 kB
MemFree:          554500 kB
Active:           429552 kB
Mem:          3.8G       3.3G       541M       5.7M        52M       2.8G

MemTotal:        4016004 kB
MemFree:          554776 kB
Active:           429464 kB
Mem:          3.8G       3.3G       541M       5.7M        52M       2.8G

MemTotal:        4016004 kB
MemFree:          535888 kB
Active:           429480 kB
Mem:          3.8G       3.3G       522M       5.7M        52M       2.8G

MemTotal:        4016004 kB
MemFree:          486176 kB
Active:           429516 kB
Mem:          3.8G       3.4G       474M       5.7M        52M       2.9G

MemTotal:        4016004 kB
MemFree:          437456 kB
Active:           429544 kB
Mem:          3.8G       3.4G       426M       5.7M        52M       2.9G

MemTotal:        4016004 kB
MemFree:          387744 kB
Active:           429572 kB
Mem:          3.8G       3.5G       377M       5.7M        52M       3.0G

MemTotal:        4016004 kB
MemFree:          339024 kB
Active:           429592 kB
Mem:          3.8G       3.5G       329M       5.7M        52M       3.0G

MemTotal:        4016004 kB
MemFree:          289080 kB
Active:           429640 kB
Mem:          3.8G       3.6G       281M       5.7M        52M       3.1G

MemTotal:        4016004 kB
MemFree:          239988 kB
Active:           429668 kB
Mem:          3.8G       3.6G       233M       5.7M        52M       3.1G

MemTotal:        4016004 kB
MemFree:          191328 kB
Active:           429692 kB
Mem:          3.8G       3.6G       185M       5.7M        52M       3.2G

MemTotal:        4016004 kB
MemFree:          142084 kB
Active:           429716 kB
Mem:          3.8G       3.7G       138M       5.7M        52M       3.2G

MemTotal:        4016004 kB
MemFree:          113656 kB
Active:           429744 kB
Mem:          3.8G       3.7G       109M       5.7M        52M       3.2G

MemTotal:        4016004 kB
MemFree:          108848 kB
Active:           426608 kB
Mem:          3.8G       3.7G       106M       5.7M        20M       3.3G

MemTotal:        4016004 kB
MemFree:          132528 kB
Active:           439828 kB
Mem:          3.8G       3.7G       128M       5.7M        20M       3.3G

MemTotal:        4016004 kB
MemFree:          125732 kB
Active:           467496 kB
Mem:          3.8G       3.7G       132M       5.7M        19M       3.3G

MemTotal:        4016004 kB
MemFree:          134860 kB
Active:           480764 kB
Mem:          3.8G       3.7G       129M       5.7M        19M       3.3G

MemTotal:        4016004 kB
MemFree:          138032 kB
Active:           475832 kB
Mem:          3.8G       3.7G       133M       5.7M        19M       3.2G

MemTotal:        4016004 kB
MemFree:          125148 kB
Active:           474448 kB
Mem:          3.8G       3.7G       121M       5.7M        19M       3.3G

MemTotal:        4016004 kB
MemFree:          112140 kB
Active:           471016 kB
Mem:          3.8G       3.7G       108M       5.7M        19M       3.3G

MemTotal:        4016004 kB
MemFree:          123700 kB
Active:           465788 kB
Mem:          3.8G       3.7G       119M       5.7M        19M       3.3G

MemTotal:        4016004 kB
MemFree:          111420 kB
Active:           462240 kB
Mem:          3.8G       3.7G       108M       5.7M        19M       3.3G

MemTotal:        4016004 kB
MemFree:          110068 kB
Active:           456504 kB
Mem:          3.8G       3.7G       106M       5.7M        19M       3.3G

MemTotal:        4016004 kB
MemFree:          114900 kB
Active:           450360 kB
Mem:          3.8G       3.7G       112M       5.7M        19M       3.3G

MemTotal:        4016004 kB
MemFree:          133464 kB
Active:           447072 kB
Mem:          3.8G       3.7G       129M       5.7M        20M       3.3G

MemTotal:        4016004 kB
MemFree:          126380 kB
Active:           446944 kB
Mem:          3.8G       3.7G       122M       5.7M        20M       3.3G

MemTotal:        4016004 kB
MemFree:          125640 kB
Active:           446932 kB
Mem:          3.8G       3.7G       122M       5.7M        20M       3.3G

MemTotal:        4016004 kB
MemFree:          118720 kB
Active:           446976 kB
Mem:          3.8G       3.7G       115M       5.7M        20M       3.3G

MemTotal:        4016004 kB
MemFree:          131628 kB
Active:           439676 kB
Mem:          3.8G       3.7G       127M       5.7M        20M       3.3G

MemTotal:        4016004 kB
MemFree:          120728 kB
Active:           436312 kB
Mem:          3.8G       3.7G       117M       5.7M        20M       3.3G

MemTotal:        4016004 kB
MemFree:          132396 kB
Active:           429020 kB
Mem:          3.8G       3.7G       128M       5.7M        20M       3.3G

MemTotal:        4016004 kB
MemFree:          143444 kB
Active:           422836 kB
Mem:          3.8G       3.7G       139M       5.7M        20M       3.2G

MemTotal:        4016004 kB
MemFree:          131196 kB
Active:           421616 kB
Mem:          3.8G       3.7G       127M       5.7M        20M       3.3G

MemTotal:        4016004 kB
MemFree:          135300 kB
Active:           419460 kB
Mem:          3.8G       3.7G       131M       5.7M        20M       3.2G

MemTotal:        4016004 kB
MemFree:          128524 kB
Active:           418836 kB
Mem:          3.8G       3.7G       125M       5.7M        20M       3.3G

MemTotal:        4016004 kB
MemFree:          127344 kB
Active:           417444 kB
Mem:          3.8G       3.7G       123M       5.7M        20M       3.3G

MemTotal:        4016004 kB
MemFree:          126784 kB
Active:           413808 kB
Mem:          3.8G       3.7G       122M       5.7M        20M       3.3G

MemTotal:        4016004 kB
MemFree:          124192 kB
Active:           412012 kB
Mem:          3.8G       3.7G       120M       5.7M        20M       3.3G

MemTotal:        4016004 kB
MemFree:          129380 kB
Active:           409992 kB
Mem:          3.8G       3.7G       124M       5.7M        20M       3.3G

MemTotal:        4016004 kB
MemFree:          117040 kB
Active:           408752 kB
Mem:          3.8G       3.7G       114M       5.7M        20M       3.3G

MemTotal:        4016004 kB
MemFree:          115676 kB
Active:           408780 kB
Mem:          3.8G       3.7G       112M       5.7M        20M       3.3G

MemTotal:        4016004 kB
MemFree:          138820 kB
Active:           407236 kB
Mem:          3.8G       3.7G       139M       5.7M        20M       3.2G

MemTotal:        4016004 kB
MemFree:          131116 kB
Active:           405764 kB
Mem:          3.8G       3.7G       127M       5.7M        20M       3.3G

MemTotal:        4016004 kB
MemFree:          119324 kB
Active:           404632 kB
Mem:          3.8G       3.7G       115M       5.7M        20M       3.3G

MemTotal:        4016004 kB
MemFree:          124792 kB
Active:           400588 kB
Mem:          3.8G       3.7G       120M       5.7M        20M       3.3G

MemTotal:        4016004 kB
MemFree:          112156 kB
Active:           399452 kB
Mem:          3.8G       3.7G       108M       5.7M        20M       3.3G

MemTotal:        4016004 kB
MemFree:          135116 kB
Active:           395276 kB
Mem:          3.8G       3.7G       131M       5.7M        20M       3.2G

MemTotal:        4016004 kB
MemFree:          124208 kB
Active:           394120 kB
Mem:          3.8G       3.7G       126M       5.7M        20M       3.3G

MemTotal:        4016004 kB
MemFree:          116716 kB
Active:           392864 kB
Mem:          3.8G       3.7G       113M       5.7M        20M       3.3G

MemTotal:        4016004 kB
MemFree:          112024 kB
Active:           392888 kB
Mem:          3.8G       3.7G       108M       5.7M        20M       3.3G

MemTotal:        4016004 kB
MemFree:          123444 kB
Active:           390852 kB
Mem:          3.8G       3.7G       119M       5.7M        20M       3.3G

MemTotal:        4016004 kB
MemFree:          111180 kB
Active:           389644 kB
Mem:          3.8G       3.7G       107M       5.7M        20M       3.3G

MemTotal:        4016004 kB
MemFree:          133112 kB
Active:           388516 kB
Mem:          3.8G       3.7G       128M       5.7M        20M       3.3G

MemTotal:        4016004 kB
MemFree:          112744 kB
Active:           387896 kB
Mem:          3.8G       3.7G       109M       5.7M        20M       3.3G

MemTotal:        4016004 kB
MemFree:          112252 kB
Active:           387920 kB
Mem:          3.8G       3.7G       109M       5.7M        20M       3.3G

MemTotal:        4016004 kB
MemFree:          134080 kB
Active:           386856 kB
Mem:          3.8G       3.7G       129M       5.7M        20M       3.2G

MemTotal:        4016004 kB
MemFree:          121320 kB
Active:           387660 kB
Mem:          3.8G       3.7G       117M       5.7M        20M       3.3G

MemTotal:        4016004 kB
MemFree:          126044 kB
Active:           383680 kB
Mem:          3.8G       3.7G       122M       5.7M        20M       3.3G

MemTotal:        4016004 kB
MemFree:          113408 kB
Active:           380572 kB
Mem:          3.8G       3.7G       109M       5.7M        20M       3.3G

MemTotal:        4016004 kB
MemFree:          124456 kB
Active:           378892 kB
Mem:          3.8G       3.7G       126M       5.7M        20M       3.2G

MemTotal:        4016004 kB
MemFree:          106256 kB
Active:           377400 kB
Mem:          3.8G       3.7G       120M       5.7M        20M       3.3G

MemTotal:        4016004 kB
MemFree:          129456 kB
Active:           375248 kB
Mem:          3.8G       3.7G       125M       5.7M        20M       3.3G

MemTotal:        4016004 kB
MemFree:          128184 kB
Active:           373888 kB
Mem:          3.8G       3.7G       124M       5.7M        20M       3.3G

MemTotal:        4016004 kB
MemFree:          128828 kB
Active:           373528 kB
Mem:          3.8G       3.7G       125M       5.7M        20M       3.3G

MemTotal:        4016004 kB
MemFree:          126436 kB
Active:           372584 kB
Mem:          3.8G       3.7G       123M       5.7M        20M       3.3G

MemTotal:        4016004 kB
MemFree:          124732 kB
Active:           375704 kB
Mem:          3.8G       3.7G       121M       5.7M        20M       3.3G

MemTotal:        4016004 kB
MemFree:          112192 kB
Active:           374584 kB
Mem:          3.8G       3.7G       108M       5.7M        20M       3.3G

MemTotal:        4016004 kB
MemFree:          134992 kB
Active:           372708 kB
Mem:          3.8G       3.7G       131M       5.7M        20M       3.2G

MemTotal:        4016004 kB
MemFree:          127772 kB
Active:           372720 kB
Mem:          3.8G       3.7G       123M       5.7M        20M       3.3G

MemTotal:        4016004 kB
MemFree:          126832 kB
Active:           372752 kB
Mem:          3.8G       3.7G       123M       5.7M        20M       3.3G

MemTotal:        4016004 kB
MemFree:          108632 kB
Active:           372776 kB
Mem:          3.8G       3.7G       105M       5.7M        20M       3.3G

MemTotal:        4016004 kB
MemFree:          132080 kB
Active:           372820 kB
Mem:          3.8G       3.7G       128M       5.7M        20M       3.2G

MemTotal:        4016004 kB
MemFree:          138060 kB
Active:           372828 kB
Mem:          3.8G       3.7G       133M       5.7M        20M       3.2G

MemTotal:        4016004 kB
MemFree:          130892 kB
Active:           372848 kB
Mem:          3.8G       3.7G       127M       5.7M        20M       3.2G

MemTotal:        4016004 kB
MemFree:          123888 kB
Active:           372900 kB
Mem:          3.8G       3.7G       120M       5.7M        21M       3.3G

MemTotal:        4016004 kB
MemFree:          107240 kB
Active:           372880 kB
Mem:          3.8G       3.7G       104M       5.7M        21M       3.3G

MemTotal:        4016004 kB
MemFree:          124016 kB
Active:           372952 kB
Mem:          3.8G       3.7G       131M       5.7M        21M       3.2G

MemTotal:        4016004 kB
MemFree:          123360 kB
Active:           372836 kB
Mem:          3.8G       3.7G       119M       5.7M        21M       3.3G

MemTotal:        4016004 kB
MemFree:          116900 kB
Active:           372820 kB
Mem:          3.8G       3.7G       114M       5.7M        21M       3.3G

MemTotal:        4016004 kB
MemFree:          123580 kB
Active:           372844 kB
Mem:          3.8G       3.7G       120M       5.7M        21M       3.3G

MemTotal:        4016004 kB
MemFree:          110572 kB
Active:           372868 kB
Mem:          3.8G       3.7G       106M       5.7M        21M       3.3G

MemTotal:        4016004 kB
MemFree:          133664 kB
Active:           372772 kB
Mem:          3.8G       3.7G       129M       5.7M        21M       3.2G

MemTotal:        4016004 kB
MemFree:          131072 kB
Active:           372684 kB
Mem:          3.8G       3.7G       127M       5.7M        21M       3.2G

MemTotal:        4016004 kB
MemFree:          108516 kB
Active:           372724 kB
Mem:          3.8G       3.7G       104M       5.7M        21M       3.3G

MemTotal:        4016004 kB
MemFree:          132748 kB
Active:           372696 kB
Mem:          3.8G       3.7G       128M       5.7M        21M       3.2G

MemTotal:        4016004 kB
MemFree:          131860 kB
Active:           372724 kB
Mem:          3.8G       3.7G       128M       5.7M        21M       3.2G

MemTotal:        4016004 kB
MemFree:          133044 kB
Active:           372744 kB
Mem:          3.8G       3.7G       129M       5.7M        21M       3.2G

MemTotal:        4016004 kB
MemFree:          131852 kB
Active:           372708 kB
Mem:          3.8G       3.7G       128M       5.7M        21M       3.2G

MemTotal:        4016004 kB
MemFree:          131204 kB
Active:           372652 kB
Mem:          3.8G       3.7G       128M       5.7M        21M       3.2G

MemTotal:        4016004 kB
MemFree:          131024 kB
Active:           372708 kB
Mem:          3.8G       3.7G       127M       5.7M        21M       3.2G

MemTotal:        4016004 kB
MemFree:          119264 kB
Active:           372732 kB
Mem:          3.8G       3.7G       115M       5.7M        21M       3.3G

MemTotal:        4016004 kB
MemFree:          106380 kB
Active:           372760 kB
Mem:          3.8G       3.7G       103M       5.7M        21M       3.3G

MemTotal:        4016004 kB
MemFree:          119164 kB
Active:           372776 kB
Mem:          3.8G       3.7G       115M       5.7M        21M       3.3G

MemTotal:        4016004 kB
MemFree:          138040 kB
Active:           372800 kB
Mem:          3.8G       3.7G       133M       5.7M        21M       3.2G

MemTotal:        4016004 kB
MemFree:          150824 kB
Active:           372840 kB
Mem:          3.8G       3.7G       146M       5.7M        21M       3.2G

MemTotal:        4016004 kB
MemFree:          125648 kB
Active:           372828 kB
Mem:          3.8G       3.7G       122M       5.7M        21M       3.3G

MemTotal:        4016004 kB
MemFree:          106844 kB
Active:           372884 kB
Mem:          3.8G       3.7G       103M       5.7M        21M       3.3G

MemTotal:        4016004 kB
MemFree:          130168 kB
Active:           372880 kB
Mem:          3.8G       3.7G       126M       5.7M        21M       3.2G

MemTotal:        4016004 kB
MemFree:          129248 kB
Active:           372900 kB
Mem:          3.8G       3.7G       124M       5.7M        21M       3.2G

MemTotal:        4016004 kB
MemFree:          117372 kB
Active:           372924 kB
Mem:          3.8G       3.7G       114M       5.7M        21M       3.3G

MemTotal:        4016004 kB
MemFree:          116392 kB
Active:           372944 kB
Mem:          3.8G       3.7G       113M       5.7M        21M       3.3G

MemTotal:        4016004 kB
MemFree:          122932 kB
Active:           372976 kB
Mem:          3.8G       3.7G       119M       5.7M        21M       3.3G

MemTotal:        4016004 kB
MemFree:          122468 kB
Active:           373032 kB
Mem:          3.8G       3.7G       119M       5.7M        21M       3.3G

MemTotal:        4016004 kB
MemFree:          112048 kB
Active:           373060 kB
Mem:          3.8G       3.7G       108M       5.7M        21M       3.3G

MemTotal:        4016004 kB
MemFree:          120220 kB
Active:           373084 kB
Mem:          3.8G       3.7G       116M       5.7M        21M       3.3G

MemTotal:        4016004 kB
MemFree:          109232 kB
Active:           373072 kB
Mem:          3.8G       3.7G       105M       5.7M        21M       3.3G

MemTotal:        4016004 kB
MemFree:          132556 kB
Active:           373096 kB
Mem:          3.8G       3.7G       129M       5.7M        21M       3.2G

MemTotal:        4016004 kB
MemFree:          130460 kB
Active:           373124 kB
Mem:          3.8G       3.7G       126M       5.7M        21M       3.2G

MemTotal:        4016004 kB
MemFree:          128628 kB
Active:           373148 kB
Mem:          3.8G       3.7G       124M       5.7M        21M       3.2G

MemTotal:        4016004 kB
MemFree:          110132 kB
Active:           373172 kB
Mem:          3.8G       3.7G       106M       5.7M        21M       3.3G

MemTotal:        4016004 kB
MemFree:          127628 kB
Active:           373204 kB
Mem:          3.8G       3.7G       123M       5.7M        21M       3.2G

MemTotal:        4016004 kB
MemFree:          113348 kB
Active:           373212 kB
Mem:          3.8G       3.7G       110M       5.7M        21M       3.3G

MemTotal:        4016004 kB
MemFree:          110800 kB
Active:           373232 kB
Mem:          3.8G       3.7G       108M       5.7M        21M       3.3G

MemTotal:        4016004 kB
MemFree:          120008 kB
Active:           373248 kB
Mem:          3.8G       3.7G       116M       5.7M        21M       3.3G

MemTotal:        4016004 kB
MemFree:          118692 kB
Active:           373268 kB
Mem:          3.8G       3.7G       115M       5.7M        21M       3.3G

MemTotal:        4016004 kB
MemFree:          107348 kB
Active:           373292 kB
Mem:          3.8G       3.7G       103M       5.7M        21M       3.3G

MemTotal:        4016004 kB
MemFree:          112320 kB
Active:           373316 kB
Mem:          3.8G       3.7G       108M       5.7M        21M       3.3G

MemTotal:        4016004 kB
MemFree:          134560 kB
Active:           373340 kB
Mem:          3.8G       3.7G       131M       5.7M        21M       3.2G

MemTotal:        4016004 kB
MemFree:          122776 kB
Active:           373364 kB
Mem:          3.8G       3.7G       119M       5.7M        21M       3.2G

MemTotal:        4016004 kB
MemFree:          134568 kB
Active:           373384 kB
Mem:          3.8G       3.7G       130M       5.7M        21M       3.2G

MemTotal:        4016004 kB
MemFree:          140272 kB
Active:           366328 kB
Mem:          3.8G       3.7G       136M       5.7M        22M       3.2G

MemTotal:        4016004 kB
MemFree:          129096 kB
Active:           366160 kB
Mem:          3.8G       3.7G       124M       5.7M        22M       3.2G

MemTotal:        4016004 kB
MemFree:          114840 kB
Active:           366184 kB
Mem:          3.8G       3.7G       111M       5.7M        22M       3.3G

MemTotal:        4016004 kB
MemFree:          105572 kB
Active:           366224 kB
Mem:          3.8G       3.7G       125M       5.7M        22M       3.2G

MemTotal:        4016004 kB
MemFree:          125660 kB
Active:           366244 kB
Mem:          3.8G       3.7G       122M       5.7M        22M       3.2G

MemTotal:        4016004 kB
MemFree:          125572 kB
Active:           366216 kB
Mem:          3.8G       3.7G       122M       5.7M        22M       3.2G

MemTotal:        4016004 kB
MemFree:          113208 kB
Active:           366256 kB
Mem:          3.8G       3.7G       109M       5.7M        22M       3.3G

MemTotal:        4016004 kB
MemFree:          124216 kB
Active:           366276 kB
Mem:          3.8G       3.7G       131M       5.7M        22M       3.2G

MemTotal:        4016004 kB
MemFree:          124284 kB
Active:           366300 kB
Mem:          3.8G       3.7G       121M       5.7M        22M       3.2G

MemTotal:        4016004 kB
MemFree:          124792 kB
Active:           366320 kB
Mem:          3.8G       3.7G       120M       5.7M        22M       3.2G

MemTotal:        4016004 kB
MemFree:          129648 kB
Active:           366352 kB
Mem:          3.8G       3.7G       125M       5.7M        22M       3.2G

MemTotal:        4016004 kB
MemFree:          116824 kB
Active:           366996 kB
Mem:          3.8G       3.7G       113M       5.7M        22M       3.3G

MemTotal:        4016004 kB
MemFree:          105212 kB
Active:           368348 kB
Mem:          3.8G       3.7G       125M       5.7M        23M       3.2G

MemTotal:        4016004 kB
MemFree:          109952 kB
Active:           368476 kB
Mem:          3.8G       3.7G       106M       5.7M        24M       3.3G

MemTotal:        4016004 kB
MemFree:          134092 kB
Active:           370416 kB
Mem:          3.8G       3.7G       131M       5.7M        25M       3.2G

MemTotal:        4016004 kB
MemFree:          134380 kB
Active:           370136 kB
Mem:          3.8G       3.7G       131M       5.7M        25M       3.2G

MemTotal:        4016004 kB
MemFree:          135508 kB
Active:           369592 kB
Mem:          3.8G       3.7G       131M       5.7M        25M       3.2G

MemTotal:        4016004 kB
MemFree:          144324 kB
Active:           369592 kB
Mem:          3.8G       3.7G       139M       5.7M        25M       3.2G

MemTotal:        4016004 kB
MemFree:          129392 kB
Active:           369600 kB
Mem:          3.8G       3.7G       125M       5.7M        25M       3.2G

MemTotal:        4016004 kB
MemFree:          126924 kB
Active:           369600 kB
Mem:          3.8G       3.7G       122M       5.7M        25M       3.2G

MemTotal:        4016004 kB
MemFree:          132952 kB
Active:           369160 kB
Mem:          3.8G       3.7G       128M       5.7M        25M       3.2G

MemTotal:        4016004 kB
MemFree:          119216 kB
Active:           369104 kB
Mem:          3.8G       3.7G       115M       5.7M        25M       3.2G

MemTotal:        4016004 kB
MemFree:          105160 kB
Active:           369104 kB
Mem:          3.8G       3.7G       124M       5.7M        25M       3.2G

MemTotal:        4016004 kB
MemFree:          129108 kB
Active:           368976 kB
Mem:          3.8G       3.7G       125M       5.7M        26M       3.2G

MemTotal:        4016004 kB
MemFree:          127792 kB
Active:           368984 kB
Mem:          3.8G       3.7G       123M       5.7M        26M       3.2G

MemTotal:        4016004 kB
MemFree:          131664 kB
Active:           368988 kB
Mem:          3.8G       3.7G       128M       5.7M        26M       3.2G

MemTotal:        4016004 kB
MemFree:          130396 kB
Active:           369012 kB
Mem:          3.8G       3.7G       127M       5.7M        26M       3.2G

MemTotal:        4016004 kB
MemFree:          143004 kB
Active:           369024 kB
Mem:          3.8G       3.7G       138M       5.7M        26M       3.2G

MemTotal:        4016004 kB
MemFree:          141936 kB
Active:           369016 kB
Mem:          3.8G       3.7G       138M       5.7M        26M       3.2G

MemTotal:        4016004 kB
MemFree:          125832 kB
Active:           369036 kB
Mem:          3.8G       3.7G       122M       5.7M        26M       3.2G

MemTotal:        4016004 kB
MemFree:          125504 kB
Active:           369040 kB
Mem:          3.8G       3.7G       121M       5.7M        26M       3.2G

MemTotal:        4016004 kB
MemFree:          123532 kB
Active:           368988 kB
Mem:          3.8G       3.7G       120M       5.7M        26M       3.2G

MemTotal:        4016004 kB
MemFree:          134460 kB
Active:           363500 kB
Mem:          3.8G       3.7G       129M       5.7M        26M       3.2G

MemTotal:        4016004 kB
MemFree:          120336 kB
Active:           363404 kB
Mem:          3.8G       3.7G       116M       5.7M        26M       3.2G

MemTotal:        4016004 kB
MemFree:          130624 kB
Active:           363364 kB
Mem:          3.8G       3.7G       126M       5.7M        26M       3.2G

MemTotal:        4016004 kB
MemFree:          146104 kB
Active:           363392 kB
Mem:          3.8G       3.7G       142M       5.7M        26M       3.2G

MemTotal:        4016004 kB
MemFree:          133096 kB
Active:           363368 kB
Mem:          3.8G       3.7G       128M       5.7M        26M       3.2G

MemTotal:        4016004 kB
MemFree:          111668 kB
Active:           363284 kB
Mem:          3.8G       3.7G       108M       5.7M        26M       3.3G

MemTotal:        4016004 kB
MemFree:          129296 kB
Active:           363296 kB
Mem:          3.8G       3.7G       125M       5.7M        26M       3.2G

MemTotal:        4016004 kB
MemFree:          127172 kB
Active:           363288 kB
Mem:          3.8G       3.7G       122M       5.7M        26M       3.2G

MemTotal:        4016004 kB
MemFree:          107288 kB
Active:           363284 kB
Mem:          3.8G       3.7G       103M       5.7M        26M       3.3G

MemTotal:        4016004 kB
MemFree:          123672 kB
Active:           363244 kB
Mem:          3.8G       3.7G       120M       5.7M        26M       3.2G

MemTotal:        4016004 kB
MemFree:          131572 kB
Active:           359952 kB
Mem:          3.8G       3.7G       127M       5.7M        26M       3.2G

MemTotal:        4016004 kB
MemFree:          119264 kB
Active:           359868 kB
Mem:          3.8G       3.7G       115M       5.7M        26M       3.2G

MemTotal:        4016004 kB
MemFree:          106256 kB
Active:           359852 kB
Mem:          3.8G       3.7G       103M       5.7M        26M       3.3G

MemTotal:        4016004 kB
MemFree:          126732 kB
Active:           359880 kB
Mem:          3.8G       3.7G       123M       5.7M        26M       3.2G

MemTotal:        4016004 kB
MemFree:          125612 kB
Active:           359880 kB
Mem:          3.8G       3.7G       122M       5.7M        26M       3.2G

MemTotal:        4016004 kB
MemFree:          119864 kB
Active:           359936 kB
Mem:          3.8G       3.7G       115M       5.7M        26M       3.2G

MemTotal:        4016004 kB
MemFree:          127712 kB
Active:           359916 kB
Mem:          3.8G       3.7G       123M       5.7M        26M       3.2G

MemTotal:        4016004 kB
MemFree:          120460 kB
Active:           359944 kB
Mem:          3.8G       3.7G       117M       5.7M        26M       3.2G

MemTotal:        4016004 kB
MemFree:          125320 kB
Active:           359904 kB
Mem:          3.8G       3.7G       121M       5.7M        26M       3.2G

MemTotal:        4016004 kB
MemFree:          130664 kB
Active:           359944 kB
Mem:          3.8G       3.7G       127M       5.7M        26M       3.2G

MemTotal:        4016004 kB
MemFree:          121796 kB
Active:           359940 kB
Mem:          3.8G       3.7G       118M       5.7M        26M       3.2G

MemTotal:        4016004 kB
MemFree:          118832 kB
Active:           359936 kB
Mem:          3.8G       3.7G       114M       5.7M        26M       3.2G

MemTotal:        4016004 kB
MemFree:          124272 kB
Active:           358560 kB
Mem:          3.8G       3.7G       120M       5.7M        26M       3.2G

MemTotal:        4016004 kB
MemFree:          110768 kB
Active:           358580 kB
Mem:          3.8G       3.7G       106M       5.7M        26M       3.3G

MemTotal:        4016004 kB
MemFree:          138384 kB
Active:           356540 kB
Mem:          3.8G       3.7G       134M       5.7M        26M       3.2G

MemTotal:        4016004 kB
MemFree:          125856 kB
Active:           356528 kB
Mem:          3.8G       3.7G       121M       5.7M        26M       3.2G

MemTotal:        4016004 kB
MemFree:          112476 kB
Active:           357912 kB
Mem:          3.8G       3.7G       108M       5.7M        26M       3.2G

MemTotal:        4016004 kB
MemFree:          105256 kB
Active:           357976 kB
Mem:          3.8G       3.7G       125M       5.7M        26M       3.2G

MemTotal:        4016004 kB
MemFree:          132920 kB
Active:           357980 kB
Mem:          3.8G       3.7G       128M       5.7M        26M       3.2G

MemTotal:        4016004 kB
MemFree:          121700 kB
Active:           357964 kB
Mem:          3.8G       3.7G       118M       5.7M        26M       3.2G

MemTotal:        4016004 kB
MemFree:          106832 kB
Active:           357944 kB
Mem:          3.8G       3.7G       103M       5.7M        26M       3.3G

MemTotal:        4016004 kB
MemFree:          130032 kB
Active:           357988 kB
Mem:          3.8G       3.7G       126M       5.7M        26M       3.2G

MemTotal:        4016004 kB
MemFree:          117024 kB
Active:           357996 kB
Mem:          3.8G       3.7G       113M       5.7M        26M       3.2G

MemTotal:        4016004 kB
MemFree:          115176 kB
Active:           357992 kB
Mem:          3.8G       3.7G       111M       5.7M        26M       3.2G

MemTotal:        4016004 kB
MemFree:          113824 kB
Active:           357988 kB
Mem:          3.8G       3.7G       110M       5.7M        26M       3.2G

MemTotal:        4016004 kB
MemFree:          117556 kB
Active:           357976 kB
Mem:          3.8G       3.7G       114M       5.7M        26M       3.2G

MemTotal:        4016004 kB
MemFree:          121516 kB
Active:           354928 kB
Mem:          3.8G       3.7G       127M       5.7M        26M       3.2G

MemTotal:        4016004 kB
MemFree:          105972 kB
Active:           354656 kB
Mem:          3.8G       3.7G       102M       5.7M        26M       3.3G

MemTotal:        4016004 kB
MemFree:          116284 kB
Active:           354668 kB
Mem:          3.8G       3.7G       113M       5.7M        26M       3.2G

MemTotal:        4016004 kB
MemFree:          127768 kB
Active:           354680 kB
Mem:          3.8G       3.7G       123M       5.7M        26M       3.2G

MemTotal:        4016004 kB
MemFree:          125200 kB
Active:           354680 kB
Mem:          3.8G       3.7G       121M       5.7M        26M       3.2G

MemTotal:        4016004 kB
MemFree:          112472 kB
Active:           354692 kB
Mem:          3.8G       3.7G       109M       5.7M        26M       3.2G

MemTotal:        4016004 kB
MemFree:          134292 kB
Active:           354692 kB
Mem:          3.8G       3.7G       130M       5.7M        26M       3.2G

MemTotal:        4016004 kB
MemFree:          132940 kB
Active:           354692 kB
Mem:          3.8G       3.7G       128M       5.7M        26M       3.2G

MemTotal:        4016004 kB
MemFree:          130984 kB
Active:           354564 kB
Mem:          3.8G       3.7G       127M       5.7M        26M       3.2G

MemTotal:        4016004 kB
MemFree:          106740 kB
Active:           354564 kB
Mem:          3.8G       3.7G       104M       5.7M        26M       3.3G

MemTotal:        4016004 kB
MemFree:          126828 kB
Active:           354584 kB
Mem:          3.8G       3.7G       122M       5.7M        26M       3.2G

MemTotal:        4016004 kB
MemFree:          119556 kB
Active:           354584 kB
Mem:          3.8G       3.7G       115M       5.7M        26M       3.2G

MemTotal:        4016004 kB
MemFree:          105524 kB
Active:           354584 kB
Mem:          3.8G       3.7G       102M       5.7M        26M       3.3G

MemTotal:        4016004 kB
MemFree:          105380 kB
Active:           354584 kB
Mem:          3.8G       3.7G       125M       5.7M        26M       3.2G

MemTotal:        4016004 kB
MemFree:          116924 kB
Active:           354572 kB
Mem:          3.8G       3.7G       114M       5.7M        26M       3.2G

MemTotal:        4016004 kB
MemFree:          141032 kB
Active:           354312 kB
Mem:          3.8G       3.7G       136M       5.7M        26M       3.2G

MemTotal:        4016004 kB
MemFree:          128260 kB
Active:           354076 kB
Mem:          3.8G       3.7G       124M       5.7M        26M       3.2G

MemTotal:        4016004 kB
MemFree:          115104 kB
Active:           354044 kB
Mem:          3.8G       3.7G       111M       5.7M        26M       3.2G

MemTotal:        4016004 kB
MemFree:          116576 kB
Active:           354056 kB
Mem:          3.8G       3.7G       112M       5.7M        26M       3.2G

MemTotal:        4016004 kB
MemFree:          108528 kB
Active:           354044 kB
Mem:          3.8G       3.7G       105M       5.7M        26M       3.3G

MemTotal:        4016004 kB
MemFree:          132348 kB
Active:           354040 kB
Mem:          3.8G       3.7G       132M       5.7M        26M       3.2G

MemTotal:        4016004 kB
MemFree:          129136 kB
Active:           354084 kB
Mem:          3.8G       3.7G       125M       5.7M        26M       3.2G

MemTotal:        4016004 kB
MemFree:          134356 kB
Active:           354084 kB
Mem:          3.8G       3.7G       129M       5.7M        26M       3.2G

MemTotal:        4016004 kB
MemFree:          119768 kB
Active:           354076 kB
Mem:          3.8G       3.7G       115M       5.7M        26M       3.2G

MemTotal:        4016004 kB
MemFree:          114340 kB
Active:           354088 kB
Mem:          3.8G       3.7G       110M       5.7M        26M       3.2G

MemTotal:        4016004 kB
MemFree:          112740 kB
Active:           354080 kB
Mem:          3.8G       3.7G       108M       5.7M        26M       3.2G

MemTotal:        4016004 kB
MemFree:          143924 kB
Active:           353956 kB
Mem:          3.8G       3.7G       140M       5.7M        26M       3.2G

MemTotal:        4016004 kB
MemFree:          144516 kB
Active:           353808 kB
Mem:          3.8G       3.7G       140M       5.7M        26M       3.2G

MemTotal:        4016004 kB
MemFree:          144488 kB
Active:           353808 kB
Mem:          3.8G       3.7G       140M       5.7M        26M       3.2G

MemTotal:        4016004 kB
MemFree:          144880 kB
Active:           353788 kB
Mem:          3.8G       3.7G       141M       5.7M        26M       3.2G

MemTotal:        4016004 kB
MemFree:          145004 kB
Active:           353800 kB
Mem:          3.8G       3.7G       141M       5.7M        26M       3.2G

MemTotal:        4016004 kB
MemFree:          144756 kB
Active:           353792 kB
Mem:          3.8G       3.7G       141M       5.7M        26M       3.2G

MemTotal:        4016004 kB
MemFree:          144756 kB
Active:           353776 kB
Mem:          3.8G       3.7G       141M       5.7M        26M       3.2G

MemTotal:        4016004 kB
MemFree:          144632 kB
Active:           353784 kB
Mem:          3.8G       3.7G       141M       5.7M        26M       3.2G

MemTotal:        4016004 kB
MemFree:          144632 kB
Active:           353808 kB
Mem:          3.8G       3.7G       141M       5.7M        26M       3.2G

MemTotal:        4016004 kB
MemFree:          144384 kB
Active:           353796 kB
Mem:          3.8G       3.7G       141M       5.7M        26M       3.2G

MemTotal:        4016004 kB
MemFree:          144508 kB
Active:           353788 kB
Mem:          3.8G       3.7G       141M       5.7M        26M       3.2G

MemTotal:        4016004 kB
MemFree:          144756 kB
Active:           353780 kB
Mem:          3.8G       3.7G       141M       5.7M        26M       3.2G

MemTotal:        4016004 kB
MemFree:          144756 kB
Active:           353792 kB
Mem:          3.8G       3.7G       141M       5.7M        26M       3.2G

MemTotal:        4016004 kB
MemFree:          144756 kB
Active:           353828 kB
Mem:          3.8G       3.7G       141M       5.7M        26M       3.2G

MemTotal:        4016004 kB
MemFree:          144880 kB
Active:           353816 kB
Mem:          3.8G       3.7G       141M       5.7M        26M       3.2G

MemTotal:        4016004 kB
MemFree:          144756 kB
Active:           353804 kB
Mem:          3.8G       3.7G       141M       5.7M        26M       3.2G

MemTotal:        4016004 kB
MemFree:          144756 kB
Active:           353812 kB
Mem:          3.8G       3.7G       141M       5.7M        26M       3.2G

MemTotal:        4016004 kB
MemFree:          144756 kB
Active:           353800 kB
Mem:          3.8G       3.7G       141M       5.7M        26M       3.2G

MemTotal:        4016004 kB
MemFree:          144756 kB
Active:           353844 kB
Mem:          3.8G       3.7G       141M       5.7M        26M       3.2G

MemTotal:        4016004 kB
MemFree:          144632 kB
Active:           353816 kB
Mem:          3.8G       3.7G       141M       5.7M        26M       3.2G

MemTotal:        4016004 kB
MemFree:          144756 kB
Active:           353824 kB
Mem:          3.8G       3.7G       141M       5.7M        26M       3.2G

MemTotal:        4016004 kB
MemFree:          144756 kB
Active:           353848 kB
Mem:          3.8G       3.7G       141M       5.7M        26M       3.2G

MemTotal:        4016004 kB
MemFree:          145004 kB
Active:           353804 kB
Mem:          3.8G       3.7G       141M       5.7M        26M       3.2G

MemTotal:        4016004 kB
MemFree:          144880 kB
Active:           353808 kB
Mem:          3.8G       3.7G       141M       5.7M        26M       3.2G

MemTotal:        4016004 kB
MemFree:          144880 kB
Active:           353828 kB
Mem:          3.8G       3.7G       141M       5.7M        26M       3.2G

MemTotal:        4016004 kB
MemFree:          144632 kB
Active:           353804 kB
Mem:          3.8G       3.7G       141M       5.7M        26M       3.2G

MemTotal:        4016004 kB
MemFree:          144756 kB
Active:           353808 kB
Mem:          3.8G       3.7G       141M       5.7M        26M       3.2G

MemTotal:        4016004 kB
MemFree:          144756 kB
Active:           353856 kB
Mem:          3.8G       3.7G       141M       5.7M        26M       3.2G

MemTotal:        4016004 kB
MemFree:          145004 kB
Active:           353856 kB
Mem:          3.8G       3.7G       141M       5.7M        26M       3.2G

MemTotal:        4016004 kB
MemFree:          144756 kB
Active:           353856 kB
Mem:          3.8G       3.7G       141M       5.7M        26M       3.2G

MemTotal:        4016004 kB
MemFree:          144632 kB
Active:           353832 kB
Mem:          3.8G       3.7G       141M       5.7M        26M       3.2G

MemTotal:        4016004 kB
MemFree:          145004 kB
Active:           353856 kB
Mem:          3.8G       3.7G       141M       5.7M        26M       3.2G

MemTotal:        4016004 kB
MemFree:          144632 kB
Active:           353880 kB
Mem:          3.8G       3.7G       141M       5.7M        26M       3.2G

MemTotal:        4016004 kB
MemFree:          144508 kB
Active:           353824 kB
Mem:          3.8G       3.7G       140M       5.7M        26M       3.2G

MemTotal:        4016004 kB
MemFree:          144384 kB
Active:           353860 kB
Mem:          3.8G       3.7G       141M       5.7M        26M       3.2G

MemTotal:        4016004 kB
MemFree:          144508 kB
Active:           353856 kB
Mem:          3.8G       3.7G       141M       5.7M        26M       3.2G

MemTotal:        4016004 kB
MemFree:          144384 kB
Active:           353872 kB
Mem:          3.8G       3.7G       141M       5.7M        26M       3.2G

MemTotal:        4016004 kB
MemFree:          144756 kB
Active:           353896 kB
Mem:          3.8G       3.7G       141M       5.7M        26M       3.2G

MemTotal:        4016004 kB
MemFree:          144632 kB
Active:           353892 kB
Mem:          3.8G       3.7G       141M       5.7M        26M       3.2G

MemTotal:        4016004 kB
MemFree:          144384 kB
Active:           353884 kB
Mem:          3.8G       3.7G       140M       5.7M        26M       3.2G

MemTotal:        4016004 kB
MemFree:          144756 kB
Active:           353852 kB
Mem:          3.8G       3.7G       141M       5.7M        26M       3.2G

MemTotal:        4016004 kB
MemFree:          144632 kB
Active:           353848 kB
Mem:          3.8G       3.7G       141M       5.7M        26M       3.2G

MemTotal:        4016004 kB
MemFree:          145004 kB
Active:           353844 kB
Mem:          3.8G       3.7G       141M       5.7M        26M       3.2G

MemTotal:        4016004 kB
MemFree:          144756 kB
Active:           353900 kB
Mem:          3.8G       3.7G       141M       5.7M        26M       3.2G

MemTotal:        4016004 kB
MemFree:          144632 kB
Active:           353904 kB
Mem:          3.8G       3.7G       141M       5.7M        26M       3.2G

MemTotal:        4016004 kB
MemFree:          144756 kB
Active:           353896 kB
Mem:          3.8G       3.7G       141M       5.7M        26M       3.2G

MemTotal:        4016004 kB
MemFree:          144508 kB
Active:           353912 kB
Mem:          3.8G       3.7G       141M       5.7M        26M       3.2G

MemTotal:        4016004 kB
MemFree:          144632 kB
Active:           353880 kB
Mem:          3.8G       3.7G       141M       5.7M        26M       3.2G

MemTotal:        4016004 kB
MemFree:          144508 kB
Active:           353880 kB
Mem:          3.8G       3.7G       140M       5.7M        26M       3.2G

MemTotal:        4016004 kB
MemFree:          144508 kB
Active:           353868 kB
Mem:          3.8G       3.7G       140M       5.7M        26M       3.2G

MemTotal:        4016004 kB
MemFree:          144756 kB
Active:           353872 kB
Mem:          3.8G       3.7G       141M       5.7M        26M       3.2G

MemTotal:        4016004 kB
MemFree:          144880 kB
Active:           353880 kB
Mem:          3.8G       3.7G       141M       5.7M        26M       3.2G

MemTotal:        4016004 kB
MemFree:          144756 kB
Active:           353896 kB
Mem:          3.8G       3.7G       141M       5.7M        26M       3.2G

MemTotal:        4016004 kB
MemFree:          144880 kB
Active:           353872 kB
Mem:          3.8G       3.7G       141M       5.7M        26M       3.2G

MemTotal:        4016004 kB
MemFree:          144756 kB
Active:           353892 kB
Mem:          3.8G       3.7G       141M       5.7M        26M       3.2G

MemTotal:        4016004 kB
MemFree:          144756 kB
Active:           353916 kB
Mem:          3.8G       3.7G       141M       5.7M        26M       3.2G

MemTotal:        4016004 kB
MemFree:          144880 kB
Active:           353924 kB
Mem:          3.8G       3.7G       141M       5.7M        26M       3.2G

MemTotal:        4016004 kB
MemFree:          144632 kB
Active:           353868 kB
Mem:          3.8G       3.7G       141M       5.7M        26M       3.2G

MemTotal:        4016004 kB
MemFree:          144632 kB
Active:           353900 kB
Mem:          3.8G       3.7G       141M       5.7M        26M       3.2G

MemTotal:        4016004 kB
MemFree:          144756 kB
Active:           353924 kB
Mem:          3.8G       3.7G       141M       5.7M        26M       3.2G

MemTotal:        4016004 kB
MemFree:          144756 kB
Active:           353940 kB
Mem:          3.8G       3.7G       141M       5.7M        26M       3.2G

MemTotal:        4016004 kB
MemFree:          144508 kB
Active:           353920 kB
Mem:          3.8G       3.7G       141M       5.7M        26M       3.2G

MemTotal:        4016004 kB
MemFree:          144384 kB
Active:           353940 kB
Mem:          3.8G       3.7G       141M       5.7M        26M       3.2G

MemTotal:        4016004 kB
MemFree:          144508 kB
Active:           353908 kB
Mem:          3.8G       3.7G       141M       5.7M        26M       3.2G

MemTotal:        4016004 kB
MemFree:          144384 kB
Active:           353940 kB
Mem:          3.8G       3.7G       140M       5.7M        26M       3.2G

MemTotal:        4016004 kB
MemFree:          144772 kB
Active:           353916 kB
Mem:          3.8G       3.7G       141M       5.7M        26M       3.2G

MemTotal:        4016004 kB
MemFree:          145020 kB
Active:           353952 kB
Mem:          3.8G       3.7G       141M       5.7M        26M       3.2G

MemTotal:        4016004 kB
MemFree:          144648 kB
Active:           353980 kB
Mem:          3.8G       3.7G       141M       5.7M        26M       3.2G

MemTotal:        4016004 kB
MemFree:          144524 kB
Active:           353984 kB
Mem:          3.8G       3.7G       141M       5.7M        26M       3.2G

MemTotal:        4016004 kB
MemFree:          143888 kB
Active:           354124 kB
Mem:          3.8G       3.7G       140M       5.7M        26M       3.2G

MemTotal:        4016004 kB
MemFree:          143640 kB
Active:           354068 kB
Mem:          3.8G       3.7G       140M       5.7M        26M       3.2G

MemTotal:        4016004 kB
MemFree:          144384 kB
Active:           354052 kB
Mem:          3.8G       3.7G       141M       5.7M        26M       3.2G

MemTotal:        4016004 kB
MemFree:          145128 kB
Active:           354060 kB
Mem:          3.8G       3.7G       141M       5.7M        26M       3.2G

MemTotal:        4016004 kB
MemFree:          144756 kB
Active:           354080 kB
Mem:          3.8G       3.7G       141M       5.7M        26M       3.2G

MemTotal:        4016004 kB
MemFree:          144756 kB
Active:           354080 kB
Mem:          3.8G       3.7G       141M       5.7M        26M       3.2G

MemTotal:        4016004 kB
MemFree:          144848 kB
Active:           354052 kB
Mem:          3.8G       3.7G       141M       5.7M        26M       3.2G

MemTotal:        4016004 kB
MemFree:          144508 kB
Active:           354052 kB
Mem:          3.8G       3.7G       141M       5.7M        26M       3.2G

MemTotal:        4016004 kB
MemFree:          144508 kB
Active:           354060 kB
Mem:          3.8G       3.7G       141M       5.7M        26M       3.2G

MemTotal:        4016004 kB
MemFree:          144384 kB
Active:           354052 kB
Mem:          3.8G       3.7G       140M       5.7M        26M       3.2G

MemTotal:        4016004 kB
MemFree:          144384 kB
Active:           354044 kB
Mem:          3.8G       3.7G       140M       5.7M        26M       3.2G

MemTotal:        4016004 kB
MemFree:          144384 kB
Active:           354036 kB
Mem:          3.8G       3.7G       140M       5.7M        26M       3.2G

MemTotal:        4016004 kB
MemFree:          144012 kB
Active:           354104 kB
Mem:          3.8G       3.7G       140M       5.7M        26M       3.2G

MemTotal:        4016004 kB
MemFree:          144508 kB
Active:           354104 kB
Mem:          3.8G       3.7G       141M       5.7M        26M       3.2G

MemTotal:        4016004 kB
MemFree:          144632 kB
Active:           354060 kB
Mem:          3.8G       3.7G       141M       5.7M        26M       3.2G

MemTotal:        4016004 kB
MemFree:          144260 kB
Active:           354072 kB
Mem:          3.8G       3.7G       140M       5.7M        26M       3.2G

MemTotal:        4016004 kB
MemFree:          144152 kB
Active:           354108 kB
Mem:          3.8G       3.7G       140M       5.7M        26M       3.2G

MemTotal:        4016004 kB
MemFree:          144400 kB
Active:           354104 kB
Mem:          3.8G       3.7G       141M       5.7M        26M       3.2G

MemTotal:        4016004 kB
MemFree:          144400 kB
Active:           354108 kB
Mem:          3.8G       3.7G       140M       5.7M        26M       3.2G

MemTotal:        4016004 kB
MemFree:          144276 kB
Active:           354108 kB
Mem:          3.8G       3.7G       140M       5.7M        26M       3.2G

MemTotal:        4016004 kB
MemFree:          144400 kB
Active:           354108 kB
Mem:          3.8G       3.7G       140M       5.7M        26M       3.2G

MemTotal:        4016004 kB
MemFree:          143904 kB
Active:           354120 kB
Mem:          3.8G       3.7G       140M       5.7M        26M       3.2G

MemTotal:        4016004 kB
MemFree:          144648 kB
Active:           354100 kB
Mem:          3.8G       3.7G       140M       5.7M        26M       3.2G

MemTotal:        4016004 kB
MemFree:          144524 kB
Active:           354064 kB
Mem:          3.8G       3.7G       141M       5.7M        26M       3.2G

MemTotal:        4016004 kB
MemFree:          144864 kB
Active:           354116 kB
Mem:          3.8G       3.7G       141M       5.7M        26M       3.2G

MemTotal:        4016004 kB
MemFree:          145392 kB
Active:           354124 kB
Mem:          3.8G       3.7G       141M       5.7M        26M       3.2G

MemTotal:        4016004 kB
MemFree:          145020 kB
Active:           354104 kB
Mem:          3.8G       3.7G       141M       5.7M        26M       3.2G

MemTotal:        4016004 kB
MemFree:          144400 kB
Active:           354104 kB
Mem:          3.8G       3.7G       141M       5.7M        26M       3.2G

MemTotal:        4016004 kB
MemFree:          144524 kB
Active:           354116 kB
Mem:          3.8G       3.7G       140M       5.7M        26M       3.2G

MemTotal:        4016004 kB
MemFree:          144276 kB
Active:           354104 kB
Mem:          3.8G       3.7G       140M       5.7M        26M       3.2G

MemTotal:        4016004 kB
MemFree:          144400 kB
Active:           354096 kB
Mem:          3.8G       3.7G       140M       5.7M        26M       3.2G

MemTotal:        4016004 kB
MemFree:          144400 kB
Active:           354084 kB
Mem:          3.8G       3.7G       141M       5.7M        26M       3.2G

MemTotal:        4016004 kB
MemFree:          144276 kB
Active:           354128 kB
Mem:          3.8G       3.7G       140M       5.7M        26M       3.2G

MemTotal:        4016004 kB
MemFree:          144276 kB
Active:           354112 kB
Mem:          3.8G       3.7G       140M       5.7M        26M       3.2G

MemTotal:        4016004 kB
MemFree:          144276 kB
Active:           354140 kB
Mem:          3.8G       3.7G       140M       5.7M        26M       3.2G

MemTotal:        4016004 kB
MemFree:          144772 kB
Active:           354088 kB
Mem:          3.8G       3.7G       141M       5.7M        26M       3.2G

MemTotal:        4016004 kB
MemFree:          144524 kB
Active:           354136 kB
Mem:          3.8G       3.7G       140M       5.7M        26M       3.2G

MemTotal:        4016004 kB
MemFree:          144524 kB
Active:           354148 kB
Mem:          3.8G       3.7G       141M       5.7M        26M       3.2G

MemTotal:        4016004 kB
MemFree:          143780 kB
Active:           354152 kB
Mem:          3.8G       3.7G       140M       5.7M        26M       3.2G

MemTotal:        4016004 kB
MemFree:          144276 kB
Active:           354116 kB
Mem:          3.8G       3.7G       141M       5.7M        26M       3.2G

MemTotal:        4016004 kB
MemFree:          144276 kB
Active:           354116 kB
Mem:          3.8G       3.7G       140M       5.7M        26M       3.2G

MemTotal:        4016004 kB
MemFree:          144276 kB
Active:           354128 kB
Mem:          3.8G       3.7G       140M       5.7M        26M       3.2G

MemTotal:        4016004 kB
MemFree:          144152 kB
Active:           354100 kB
Mem:          3.8G       3.7G       140M       5.7M        26M       3.2G

MemTotal:        4016004 kB
MemFree:          144276 kB
Active:           354112 kB
Mem:          3.8G       3.7G       141M       5.7M        26M       3.2G

MemTotal:        4016004 kB
MemFree:          144400 kB
Active:           354152 kB
Mem:          3.8G       3.7G       140M       5.7M        26M       3.2G

MemTotal:        4016004 kB
MemFree:          144400 kB
Active:           354096 kB
Mem:          3.8G       3.7G       140M       5.7M        26M       3.2G

MemTotal:        4016004 kB
MemFree:          144276 kB
Active:           354136 kB
Mem:          3.8G       3.7G       141M       5.7M        26M       3.2G

MemTotal:        4016004 kB
MemFree:          144896 kB
Active:           354108 kB
Mem:          3.8G       3.7G       141M       5.7M        26M       3.2G

MemTotal:        4016004 kB
MemFree:          144896 kB
Active:           354148 kB
Mem:          3.8G       3.7G       141M       5.7M        26M       3.2G

MemTotal:        4016004 kB
MemFree:          144648 kB
Active:           354108 kB
Mem:          3.8G       3.7G       141M       5.7M        26M       3.2G

MemTotal:        4016004 kB
MemFree:          144648 kB
Active:           354144 kB
Mem:          3.8G       3.7G       141M       5.7M        26M       3.2G

MemTotal:        4016004 kB
MemFree:          144524 kB
Active:           354132 kB
Mem:          3.8G       3.7G       140M       5.7M        26M       3.2G

MemTotal:        4016004 kB
MemFree:          144524 kB
Active:           354132 kB
Mem:          3.8G       3.7G       141M       5.7M        26M       3.2G

MemTotal:        4016004 kB
MemFree:          144276 kB
Active:           354136 kB
Mem:          3.8G       3.7G       140M       5.7M        26M       3.2G

MemTotal:        4016004 kB
MemFree:          144276 kB
Active:           354176 kB
Mem:          3.8G       3.7G       140M       5.7M        26M       3.2G

MemTotal:        4016004 kB
MemFree:          144028 kB
Active:           354168 kB
Mem:          3.8G       3.7G       140M       5.7M        26M       3.2G

MemTotal:        4016004 kB
MemFree:          144152 kB
Active:           354172 kB
Mem:          3.8G       3.7G       140M       5.7M        26M       3.2G

MemTotal:        4016004 kB
MemFree:          144152 kB
Active:           354176 kB
Mem:          3.8G       3.7G       140M       5.7M        26M       3.2G

MemTotal:        4016004 kB
MemFree:          144152 kB
Active:           354164 kB
Mem:          3.8G       3.7G       140M       5.7M        26M       3.2G

MemTotal:        4016004 kB
MemFree:          144400 kB
Active:           354176 kB
Mem:          3.8G       3.7G       141M       5.7M        26M       3.2G

MemTotal:        4016004 kB
MemFree:          144368 kB
Active:           354148 kB
Mem:          3.8G       3.7G       140M       5.7M        26M       3.2G

MemTotal:        4016004 kB
MemFree:          144400 kB
Active:           354168 kB
Mem:          3.8G       3.7G       140M       5.7M        26M       3.2G

MemTotal:        4016004 kB
MemFree:          144400 kB
Active:           354196 kB
Mem:          3.8G       3.7G       140M       5.7M        26M       3.2G

MemTotal:        4016004 kB
MemFree:          144276 kB
Active:           354156 kB
Mem:          3.8G       3.7G       140M       5.7M        26M       3.2G

MemTotal:        4016004 kB
MemFree:          144400 kB
Active:           354176 kB
Mem:          3.8G       3.7G       140M       5.7M        26M       3.2G

MemTotal:        4016004 kB
MemFree:          144152 kB
Active:           354196 kB
Mem:          3.8G       3.7G       140M       5.7M        26M       3.2G

MemTotal:        4016004 kB
MemFree:          144152 kB
Active:           354204 kB
Mem:          3.8G       3.7G       140M       5.7M        26M       3.2G

MemTotal:        4016004 kB
MemFree:          144152 kB
Active:           354200 kB
Mem:          3.8G       3.7G       140M       5.7M        26M       3.2G

MemTotal:        4016004 kB
MemFree:          144276 kB
Active:           354184 kB
Mem:          3.8G       3.7G       140M       5.7M        26M       3.2G

MemTotal:        4016004 kB
MemFree:          144276 kB
Active:           354168 kB
Mem:          3.8G       3.7G       140M       5.7M        26M       3.2G

MemTotal:        4016004 kB
MemFree:          144276 kB
Active:           354180 kB
Mem:          3.8G       3.7G       140M       5.7M        26M       3.2G

MemTotal:        4016004 kB
MemFree:          143904 kB
Active:           354224 kB
Mem:          3.8G       3.7G       140M       5.7M        26M       3.2G

MemTotal:        4016004 kB
MemFree:          144276 kB
Active:           354208 kB
Mem:          3.8G       3.7G       140M       5.7M        26M       3.2G

MemTotal:        4016004 kB
MemFree:          144400 kB
Active:           354224 kB
Mem:          3.8G       3.7G       140M       5.7M        26M       3.2G

MemTotal:        4016004 kB
MemFree:          144400 kB
Active:           354208 kB
Mem:          3.8G       3.7G       140M       5.7M        26M       3.2G

MemTotal:        4016004 kB
MemFree:          144152 kB
Active:           354220 kB
Mem:          3.8G       3.7G       140M       5.7M        26M       3.2G

MemTotal:        4016004 kB
MemFree:          144152 kB
Active:           354216 kB
Mem:          3.8G       3.7G       140M       5.7M        26M       3.2G

MemTotal:        4016004 kB
MemFree:          144136 kB
Active:           354180 kB
Mem:          3.8G       3.7G       140M       5.7M        26M       3.2G

MemTotal:        4016004 kB
MemFree:          144028 kB
Active:           354192 kB
Mem:          3.8G       3.7G       140M       5.7M        26M       3.2G

MemTotal:        4016004 kB
MemFree:          144152 kB
Active:           354212 kB
Mem:          3.8G       3.7G       140M       5.7M        26M       3.2G

MemTotal:        4016004 kB
MemFree:          144276 kB
Active:           354200 kB
Mem:          3.8G       3.7G       140M       5.7M        26M       3.2G

MemTotal:        4016004 kB
MemFree:          144400 kB
Active:           354204 kB
Mem:          3.8G       3.7G       141M       5.7M        26M       3.2G

MemTotal:        4016004 kB
MemFree:          144152 kB
Active:           354236 kB
Mem:          3.8G       3.7G       140M       5.7M        26M       3.2G

MemTotal:        4016004 kB
MemFree:          144152 kB
Active:           354224 kB
Mem:          3.8G       3.7G       140M       5.7M        26M       3.2G

MemTotal:        4016004 kB
MemFree:          144276 kB
Active:           354204 kB
Mem:          3.8G       3.7G       140M       5.7M        26M       3.2G

MemTotal:        4016004 kB
MemFree:          144276 kB
Active:           354208 kB
Mem:          3.8G       3.7G       140M       5.7M        26M       3.2G

MemTotal:        4016004 kB
MemFree:          144276 kB
Active:           354200 kB
Mem:          3.8G       3.7G       140M       5.7M        26M       3.2G

MemTotal:        4016004 kB
MemFree:          144152 kB
Active:           354208 kB
Mem:          3.8G       3.7G       140M       5.7M        26M       3.2G

MemTotal:        4016004 kB
MemFree:          144152 kB
Active:           354212 kB
Mem:          3.8G       3.7G       140M       5.7M        26M       3.2G

MemTotal:        4016004 kB
MemFree:          144152 kB
Active:           354248 kB
Mem:          3.8G       3.7G       140M       5.7M        26M       3.2G

MemTotal:        4016004 kB
MemFree:          144276 kB
Active:           354192 kB
Mem:          3.8G       3.7G       140M       5.7M        26M       3.2G

MemTotal:        4016004 kB
MemFree:          144028 kB
Active:           354212 kB
Mem:          3.8G       3.7G       140M       5.7M        26M       3.2G

MemTotal:        4016004 kB
MemFree:          144152 kB
Active:           354252 kB
Mem:          3.8G       3.7G       140M       5.7M        26M       3.2G

MemTotal:        4016004 kB
MemFree:          144152 kB
Active:           354216 kB
Mem:          3.8G       3.7G       140M       5.7M        26M       3.2G

MemTotal:        4016004 kB
MemFree:          144276 kB
Active:           354256 kB
Mem:          3.8G       3.7G       140M       5.7M        26M       3.2G

MemTotal:        4016004 kB
MemFree:          144244 kB
Active:           354212 kB
Mem:          3.8G       3.7G       140M       5.7M        26M       3.2G

MemTotal:        4016004 kB
MemFree:          144276 kB
Active:           354216 kB
Mem:          3.8G       3.7G       140M       5.7M        26M       3.2G

MemTotal:        4016004 kB
MemFree:          144276 kB
Active:           354232 kB
Mem:          3.8G       3.7G       140M       5.7M        26M       3.2G

MemTotal:        4016004 kB
MemFree:          144152 kB
Active:           354224 kB
Mem:          3.8G       3.7G       140M       5.7M        26M       3.2G

MemTotal:        4016004 kB
MemFree:          144028 kB
Active:           354244 kB
Mem:          3.8G       3.7G       140M       5.7M        26M       3.2G

MemTotal:        4016004 kB
MemFree:          144028 kB
Active:           354232 kB
Mem:          3.8G       3.7G       140M       5.7M        26M       3.2G

MemTotal:        4016004 kB
MemFree:          144028 kB
Active:           354244 kB
Mem:          3.8G       3.7G       140M       5.7M        26M       3.2G

MemTotal:        4016004 kB
MemFree:          144028 kB
Active:           354232 kB
Mem:          3.8G       3.7G       140M       5.7M        26M       3.2G

MemTotal:        4016004 kB
MemFree:          144276 kB
Active:           354228 kB
Mem:          3.8G       3.7G       140M       5.7M        26M       3.2G

MemTotal:        4016004 kB
MemFree:          144028 kB
Active:           354240 kB
Mem:          3.8G       3.7G       140M       5.7M        26M       3.2G

MemTotal:        4016004 kB
MemFree:          144152 kB
Active:           354272 kB
Mem:          3.8G       3.7G       140M       5.7M        26M       3.2G

MemTotal:        4016004 kB
MemFree:          144276 kB
Active:           354260 kB
Mem:          3.8G       3.7G       140M       5.7M        26M       3.2G

MemTotal:        4016004 kB
MemFree:          144276 kB
Active:           354272 kB
Mem:          3.8G       3.7G       140M       5.7M        26M       3.2G

MemTotal:        4016004 kB
MemFree:          144152 kB
Active:           354224 kB
Mem:          3.8G       3.7G       140M       5.7M        26M       3.2G

MemTotal:        4016004 kB
MemFree:          144028 kB
Active:           354248 kB
Mem:          3.8G       3.7G       140M       5.7M        26M       3.2G

MemTotal:        4016004 kB
MemFree:          144276 kB
Active:           354240 kB
Mem:          3.8G       3.7G       140M       5.7M        26M       3.2G

MemTotal:        4016004 kB
MemFree:          144152 kB
Active:           354236 kB
Mem:          3.8G       3.7G       140M       5.7M        26M       3.2G

MemTotal:        4016004 kB
MemFree:          144136 kB
Active:           354280 kB
Mem:          3.8G       3.7G       140M       5.7M        26M       3.2G

MemTotal:        4016004 kB
MemFree:          144152 kB
Active:           354252 kB
Mem:          3.8G       3.7G       140M       5.7M        26M       3.2G

MemTotal:        4016004 kB
MemFree:          144152 kB
Active:           354260 kB
Mem:          3.8G       3.7G       140M       5.7M        26M       3.2G

MemTotal:        4016004 kB
MemFree:          144152 kB
Active:           354264 kB
Mem:          3.8G       3.7G       140M       5.7M        26M       3.2G

MemTotal:        4016004 kB
MemFree:          145040 kB
Active:           353996 kB
Mem:          3.8G       3.7G       141M       5.7M        26M       3.2G

MemTotal:        4016004 kB
MemFree:          145164 kB
Active:           353968 kB
Mem:          3.8G       3.7G       141M       5.7M        26M       3.2G

MemTotal:        4016004 kB
MemFree:          145040 kB
Active:           353988 kB
Mem:          3.8G       3.7G       141M       5.7M        26M       3.2G

MemTotal:        4016004 kB
MemFree:          144544 kB
Active:           354000 kB
Mem:          3.8G       3.7G       141M       5.7M        26M       3.2G

MemTotal:        4016004 kB
MemFree:          145164 kB
Active:           353948 kB
Mem:          3.8G       3.7G       141M       5.7M        26M       3.2G

MemTotal:        4016004 kB
MemFree:          145040 kB
Active:           353976 kB
Mem:          3.8G       3.7G       141M       5.7M        26M       3.2G

MemTotal:        4016004 kB
MemFree:          145288 kB
Active:           354012 kB
Mem:          3.8G       3.7G       141M       5.7M        26M       3.2G

MemTotal:        4016004 kB
MemFree:          145536 kB
Active:           353980 kB
Mem:          3.8G       3.7G       141M       5.7M        26M       3.2G

MemTotal:        4016004 kB
MemFree:          145784 kB
Active:           353972 kB
Mem:          3.8G       3.7G       142M       5.7M        26M       3.2G

MemTotal:        4016004 kB
MemFree:          145536 kB
Active:           354016 kB
Mem:          3.8G       3.7G       142M       5.7M        26M       3.2G

MemTotal:        4016004 kB
MemFree:          145164 kB
Active:           354016 kB
Mem:          3.8G       3.7G       141M       5.7M        26M       3.2G

MemTotal:        4016004 kB
MemFree:          145412 kB
Active:           353976 kB
Mem:          3.8G       3.7G       142M       5.7M        26M       3.2G

MemTotal:        4016004 kB
MemFree:          145520 kB
Active:           353996 kB
Mem:          3.8G       3.7G       141M       5.7M        26M       3.2G

MemTotal:        4016004 kB
MemFree:          145024 kB
Active:           354028 kB
Mem:          3.8G       3.7G       141M       5.7M        26M       3.2G

MemTotal:        4016004 kB
MemFree:          145892 kB
Active:           354012 kB
Mem:          3.8G       3.7G       142M       5.7M        26M       3.2G

MemTotal:        4016004 kB
MemFree:          145644 kB
Active:           353980 kB
Mem:          3.8G       3.7G       142M       5.7M        26M       3.2G

MemTotal:        4016004 kB
MemFree:          145644 kB
Active:           353980 kB
Mem:          3.8G       3.7G       142M       5.7M        26M       3.2G

MemTotal:        4016004 kB
MemFree:          145644 kB
Active:           354004 kB
Mem:          3.8G       3.7G       142M       5.7M        26M       3.2G

MemTotal:        4016004 kB
MemFree:          145644 kB
Active:           353972 kB
Mem:          3.8G       3.7G       142M       5.7M        26M       3.2G

MemTotal:        4016004 kB
MemFree:          145644 kB
Active:           354008 kB
Mem:          3.8G       3.7G       142M       5.7M        26M       3.2G

MemTotal:        4016004 kB
MemFree:          145272 kB
Active:           354036 kB
Mem:          3.8G       3.7G       142M       5.7M        26M       3.2G

MemTotal:        4016004 kB
MemFree:          145272 kB
Active:           354036 kB
Mem:          3.8G       3.7G       142M       5.7M        26M       3.2G

MemTotal:        4016004 kB
MemFree:          145756 kB
Active:           354024 kB
Mem:          3.8G       3.7G       142M       5.7M        26M       3.2G

MemTotal:        4016004 kB
MemFree:          145012 kB
Active:           353980 kB
Mem:          3.8G       3.7G       141M       5.7M        26M       3.2G

MemTotal:        4016004 kB
MemFree:          145136 kB
Active:           354020 kB
Mem:          3.8G       3.7G       141M       5.7M        26M       3.2G

MemTotal:        4016004 kB
MemFree:          145508 kB
Active:           354000 kB
Mem:          3.8G       3.7G       142M       5.7M        26M       3.2G

MemTotal:        4016004 kB
MemFree:          145632 kB
Active:           354024 kB
Mem:          3.8G       3.7G       142M       5.7M        26M       3.2G

MemTotal:        4016004 kB
MemFree:          145260 kB
Active:           354048 kB
Mem:          3.8G       3.7G       142M       5.7M        26M       3.2G

MemTotal:        4016004 kB
MemFree:          145632 kB
Active:           354040 kB
Mem:          3.8G       3.7G       142M       5.7M        26M       3.2G

MemTotal:        4016004 kB
MemFree:          145632 kB
Active:           354020 kB
Mem:          3.8G       3.7G       142M       5.7M        26M       3.2G

MemTotal:        4016004 kB
MemFree:          145632 kB
Active:           354012 kB
Mem:          3.8G       3.7G       142M       5.7M        26M       3.2G

MemTotal:        4016004 kB
MemFree:          145756 kB
Active:           353992 kB
Mem:          3.8G       3.7G       142M       5.7M        26M       3.2G

MemTotal:        4016004 kB
MemFree:          145756 kB
Active:           354000 kB
Mem:          3.8G       3.7G       142M       5.7M        26M       3.2G

MemTotal:        4016004 kB
MemFree:          145508 kB
Active:           354056 kB
Mem:          3.8G       3.7G       142M       5.7M        26M       3.2G

MemTotal:        4016004 kB
MemFree:          145756 kB
Active:           354008 kB
Mem:          3.8G       3.7G       142M       5.7M        26M       3.2G

MemTotal:        4016004 kB
MemFree:          145880 kB
Active:           354024 kB
Mem:          3.8G       3.7G       142M       5.7M        26M       3.2G

MemTotal:        4016004 kB
MemFree:          145260 kB
Active:           354052 kB
Mem:          3.8G       3.7G       141M       5.7M        26M       3.2G

MemTotal:        4016004 kB
MemFree:          145260 kB
Active:           354012 kB
Mem:          3.8G       3.7G       141M       5.7M        26M       3.2G

MemTotal:        4016004 kB
MemFree:          145260 kB
Active:           354016 kB
Mem:          3.8G       3.7G       141M       5.7M        26M       3.2G

MemTotal:        4016004 kB
MemFree:          145384 kB
Active:           354032 kB
Mem:          3.8G       3.7G       141M       5.7M        26M       3.2G

MemTotal:        4016004 kB
MemFree:          145756 kB
Active:           354040 kB
Mem:          3.8G       3.7G       142M       5.7M        26M       3.2G

MemTotal:        4016004 kB
MemFree:          145632 kB
Active:           354048 kB
Mem:          3.8G       3.7G       142M       5.7M        26M       3.2G

MemTotal:        4016004 kB
MemFree:          145756 kB
Active:           354040 kB
Mem:          3.8G       3.7G       142M       5.7M        26M       3.2G

MemTotal:        4016004 kB
MemFree:          146004 kB
Active:           354064 kB
Mem:          3.8G       3.7G       142M       5.7M        26M       3.2G

MemTotal:        4016004 kB
MemFree:          145880 kB
Active:           354032 kB
Mem:          3.8G       3.7G       142M       5.7M        26M       3.2G

MemTotal:        4016004 kB
MemFree:          145260 kB
Active:           354084 kB
Mem:          3.8G       3.7G       142M       5.7M        26M       3.2G

MemTotal:        4016004 kB
MemFree:          145880 kB
Active:           354060 kB
Mem:          3.8G       3.7G       142M       5.7M        26M       3.2G

MemTotal:        4016004 kB
MemFree:          145756 kB
Active:           354064 kB
Mem:          3.8G       3.7G       142M       5.7M        26M       3.2G

MemTotal:        4016004 kB
MemFree:          145632 kB
Active:           354068 kB
Mem:          3.8G       3.7G       142M       5.7M        26M       3.2G

MemTotal:        4016004 kB
MemFree:          145632 kB
Active:           354080 kB
Mem:          3.8G       3.7G       142M       5.7M        26M       3.2G

MemTotal:        4016004 kB
MemFree:          145136 kB
Active:           354092 kB
Mem:          3.8G       3.7G       142M       5.7M        26M       3.2G

MemTotal:        4016004 kB
MemFree:          145336 kB
Active:           354088 kB
Mem:          3.8G       3.7G       142M       5.7M        26M       3.2G

MemTotal:        4016004 kB
MemFree:          145508 kB
Active:           354084 kB
Mem:          3.8G       3.7G       141M       5.7M        26M       3.2G

MemTotal:        4016004 kB
MemFree:          145508 kB
Active:           354080 kB
Mem:          3.8G       3.7G       142M       5.7M        26M       3.2G

MemTotal:        4016004 kB
MemFree:          145508 kB
Active:           354100 kB
Mem:          3.8G       3.7G       141M       5.7M        26M       3.2G

MemTotal:        4016004 kB
MemFree:          145384 kB
Active:           354060 kB
Mem:          3.8G       3.7G       141M       5.7M        26M       3.2G

MemTotal:        4016004 kB
MemFree:          145508 kB
Active:           354088 kB
Mem:          3.8G       3.7G       141M       5.7M        26M       3.2G

MemTotal:        4016004 kB
MemFree:          145384 kB
Active:           354108 kB
Mem:          3.8G       3.7G       141M       5.7M        26M       3.2G

MemTotal:        4016004 kB
MemFree:          145012 kB
Active:           354124 kB
Mem:          3.8G       3.7G       141M       5.7M        26M       3.2G

MemTotal:        4016004 kB
MemFree:          145012 kB
Active:           354108 kB
Mem:          3.8G       3.7G       141M       5.7M        26M       3.2G

MemTotal:        4016004 kB
MemFree:          144888 kB
Active:           354116 kB
