MemTotal:        4016004 kB
MemFree:         3234616 kB
Active:           427440 kB
Mem:          3.8G       763M       3.1G       5.7M        52M       321M

MemTotal:        4016004 kB
MemFree:         3233716 kB
Active:           427816 kB
Mem:          3.8G       764M       3.1G       5.7M        52M       321M

MemTotal:        4016004 kB
MemFree:         3233560 kB
Active:           427900 kB
Mem:          3.8G       764M       3.1G       5.7M        52M       321M

MemTotal:        4016004 kB
MemFree:         3231372 kB
Active:           427920 kB
Mem:          3.8G       766M       3.1G       5.7M        52M       321M

MemTotal:        4016004 kB
MemFree:         3230984 kB
Active:           427904 kB
Mem:          3.8G       767M       3.1G       5.7M        52M       321M

MemTotal:        4016004 kB
MemFree:         3230984 kB
Active:           429976 kB
Mem:          3.8G       766M       3.1G       5.7M        52M       321M

MemTotal:        4016004 kB
MemFree:         3230984 kB
Active:           429936 kB
Mem:          3.8G       766M       3.1G       5.7M        52M       321M

MemTotal:        4016004 kB
MemFree:         3230860 kB
Active:           429948 kB
Mem:          3.8G       766M       3.1G       5.7M        52M       321M

MemTotal:        4016004 kB
MemFree:         3230984 kB
Active:           429960 kB
Mem:          3.8G       766M       3.1G       5.7M        52M       321M

MemTotal:        4016004 kB
MemFree:         3230488 kB
Active:           429980 kB
Mem:          3.8G       767M       3.1G       5.7M        52M       321M

MemTotal:        4016004 kB
MemFree:         3230736 kB
Active:           429928 kB
Mem:          3.8G       767M       3.1G       5.7M        52M       321M

MemTotal:        4016004 kB
MemFree:         3229960 kB
Active:           429928 kB
Mem:          3.8G       767M       3.1G       5.7M        52M       321M

MemTotal:        4016004 kB
MemFree:         3230208 kB
Active:           429948 kB
Mem:          3.8G       767M       3.1G       5.7M        52M       321M

MemTotal:        4016004 kB
MemFree:         3231960 kB
Active:           427960 kB
Mem:          3.8G       765M       3.1G       5.7M        52M       321M

MemTotal:        4016004 kB
MemFree:         3232456 kB
Active:           427960 kB
Mem:          3.8G       765M       3.1G       5.7M        52M       321M

MemTotal:        4016004 kB
MemFree:         3232472 kB
Active:           427928 kB
Mem:          3.8G       765M       3.1G       5.7M        52M       321M

MemTotal:        4016004 kB
MemFree:         3232472 kB
Active:           427960 kB
Mem:          3.8G       765M       3.1G       5.7M        52M       321M

MemTotal:        4016004 kB
MemFree:         3232472 kB
Active:           427928 kB
Mem:          3.8G       765M       3.1G       5.7M        52M       321M

MemTotal:        4016004 kB
MemFree:         3232596 kB
Active:           427936 kB
Mem:          3.8G       765M       3.1G       5.7M        52M       321M

MemTotal:        4016004 kB
MemFree:         3231976 kB
Active:           427964 kB
Mem:          3.8G       765M       3.1G       5.7M        52M       321M

MemTotal:        4016004 kB
MemFree:         3232472 kB
Active:           427956 kB
Mem:          3.8G       765M       3.1G       5.7M        52M       321M

MemTotal:        4016004 kB
MemFree:         3232472 kB
Active:           427920 kB
Mem:          3.8G       765M       3.1G       5.7M        52M       321M

MemTotal:        4016004 kB
MemFree:         3232968 kB
Active:           427932 kB
Mem:          3.8G       764M       3.1G       5.7M        52M       321M

MemTotal:        4016004 kB
MemFree:         3232968 kB
Active:           427964 kB
Mem:          3.8G       764M       3.1G       5.7M        52M       321M

MemTotal:        4016004 kB
MemFree:         3232984 kB
Active:           427968 kB
Mem:          3.8G       764M       3.1G       5.7M        52M       321M

MemTotal:        4016004 kB
MemFree:         3232984 kB
Active:           427940 kB
Mem:          3.8G       764M       3.1G       5.7M        52M       321M

MemTotal:        4016004 kB
MemFree:         3232984 kB
Active:           427960 kB
Mem:          3.8G       764M       3.1G       5.7M        52M       321M

MemTotal:        4016004 kB
MemFree:         3233108 kB
Active:           427972 kB
Mem:          3.8G       764M       3.1G       5.7M        52M       321M

MemTotal:        4016004 kB
MemFree:         3232612 kB
Active:           427980 kB
Mem:          3.8G       765M       3.1G       5.7M        52M       321M

MemTotal:        4016004 kB
MemFree:         3232364 kB
Active:           427980 kB
Mem:          3.8G       765M       3.1G       5.7M        52M       321M

MemTotal:        4016004 kB
MemFree:         3232612 kB
Active:           427980 kB
Mem:          3.8G       764M       3.1G       5.7M        52M       321M

MemTotal:        4016004 kB
MemFree:         3232612 kB
Active:           427980 kB
Mem:          3.8G       765M       3.1G       5.7M        52M       321M

MemTotal:        4016004 kB
MemFree:         3232236 kB
Active:           425976 kB
Mem:          3.8G       765M       3.1G       5.7M        52M       321M

MemTotal:        4016004 kB
MemFree:         3232700 kB
Active:           427944 kB
Mem:          3.8G       765M       3.1G       5.7M        52M       321M

MemTotal:        4016004 kB
MemFree:         3232700 kB
Active:           427924 kB
Mem:          3.8G       765M       3.1G       5.7M        52M       321M

MemTotal:        4016004 kB
MemFree:         3232824 kB
Active:           427980 kB
Mem:          3.8G       764M       3.1G       5.7M        52M       321M

MemTotal:        4016004 kB
MemFree:         3233196 kB
Active:           427960 kB
Mem:          3.8G       764M       3.1G       5.7M        52M       321M

MemTotal:        4016004 kB
MemFree:         3233444 kB
Active:           427976 kB
Mem:          3.8G       764M       3.1G       5.7M        52M       321M

MemTotal:        4016004 kB
MemFree:         3233196 kB
Active:           427964 kB
Mem:          3.8G       764M       3.1G       5.7M        52M       321M

MemTotal:        4016004 kB
MemFree:         3232700 kB
Active:           427992 kB
Mem:          3.8G       764M       3.1G       5.7M        52M       321M

MemTotal:        4016004 kB
MemFree:         3232684 kB
Active:           427948 kB
Mem:          3.8G       764M       3.1G       5.7M        52M       321M

MemTotal:        4016004 kB
MemFree:         3232296 kB
Active:           427996 kB
Mem:          3.8G       765M       3.1G       5.7M        52M       321M

MemTotal:        4016004 kB
MemFree:         3231784 kB
Active:           427980 kB
Mem:          3.8G       765M       3.1G       5.7M        52M       321M

MemTotal:        4016004 kB
MemFree:         3231908 kB
Active:           427996 kB
Mem:          3.8G       765M       3.1G       5.7M        52M       321M

MemTotal:        4016004 kB
MemFree:         3232328 kB
Active:           427976 kB
Mem:          3.8G       765M       3.1G       5.7M        52M       321M

MemTotal:        4016004 kB
MemFree:         3232700 kB
Active:           427952 kB
Mem:          3.8G       764M       3.1G       5.7M        52M       321M

MemTotal:        4016004 kB
MemFree:         3232576 kB
Active:           428004 kB
Mem:          3.8G       764M       3.1G       5.7M        52M       321M

MemTotal:        4016004 kB
MemFree:         3232700 kB
Active:           427968 kB
Mem:          3.8G       764M       3.1G       5.7M        52M       321M

MemTotal:        4016004 kB
MemFree:         3232452 kB
Active:           428012 kB
Mem:          3.8G       764M       3.1G       5.7M        52M       321M

MemTotal:        4016004 kB
MemFree:         3232700 kB
Active:           427972 kB
Mem:          3.8G       764M       3.1G       5.7M        52M       321M

MemTotal:        4016004 kB
MemFree:         3233072 kB
Active:           427968 kB
Mem:          3.8G       764M       3.1G       5.7M        52M       321M

MemTotal:        4016004 kB
MemFree:         3232824 kB
Active:           427960 kB
Mem:          3.8G       764M       3.1G       5.7M        52M       321M

MemTotal:        4016004 kB
MemFree:         3230808 kB
Active:           427976 kB
Mem:          3.8G       766M       3.1G       5.7M        52M       321M

MemTotal:        4016004 kB
MemFree:         3231056 kB
Active:           427964 kB
Mem:          3.8G       766M       3.1G       5.7M        52M       321M

MemTotal:        4016004 kB
MemFree:         3230932 kB
Active:           427960 kB
Mem:          3.8G       766M       3.1G       5.7M        52M       321M

MemTotal:        4016004 kB
MemFree:         3231304 kB
Active:           430060 kB
Mem:          3.8G       766M       3.1G       5.7M        52M       321M

MemTotal:        4016004 kB
MemFree:         3230932 kB
Active:           430028 kB
Mem:          3.8G       766M       3.1G       5.7M        52M       321M

MemTotal:        4016004 kB
MemFree:         3230808 kB
Active:           430056 kB
Mem:          3.8G       766M       3.1G       5.7M        52M       321M

MemTotal:        4016004 kB
MemFree:         3230312 kB
Active:           430068 kB
Mem:          3.8G       767M       3.1G       5.7M        52M       321M

MemTotal:        4016004 kB
MemFree:         3230172 kB
Active:           430012 kB
Mem:          3.8G       767M       3.1G       5.7M        52M       321M

MemTotal:        4016004 kB
MemFree:         3230404 kB
Active:           430012 kB
Mem:          3.8G       767M       3.1G       5.7M        52M       321M

MemTotal:        4016004 kB
MemFree:         3230140 kB
Active:           430060 kB
Mem:          3.8G       767M       3.1G       5.7M        52M       321M

MemTotal:        4016004 kB
MemFree:         3230240 kB
Active:           428156 kB
Mem:          3.8G       767M       3.1G       5.7M        52M       321M

MemTotal:        4016004 kB
MemFree:         3230324 kB
Active:           428012 kB
Mem:          3.8G       767M       3.1G       5.7M        52M       321M

MemTotal:        4016004 kB
MemFree:         3230200 kB
Active:           428000 kB
Mem:          3.8G       767M       3.1G       5.7M        52M       321M

MemTotal:        4016004 kB
MemFree:         3229936 kB
Active:           430088 kB
Mem:          3.8G       767M       3.1G       5.7M        52M       321M

MemTotal:        4016004 kB
MemFree:         3229936 kB
Active:           430088 kB
Mem:          3.8G       767M       3.1G       5.7M        52M       321M

MemTotal:        4016004 kB
MemFree:         3230432 kB
Active:           430052 kB
Mem:          3.8G       767M       3.1G       5.7M        52M       321M

MemTotal:        4016004 kB
MemFree:         3230308 kB
Active:           430032 kB
Mem:          3.8G       767M       3.1G       5.7M        52M       321M

MemTotal:        4016004 kB
MemFree:         3230432 kB
Active:           430032 kB
Mem:          3.8G       767M       3.1G       5.7M        52M       321M

MemTotal:        4016004 kB
MemFree:         3230308 kB
Active:           430064 kB
Mem:          3.8G       767M       3.1G       5.7M        52M       321M

MemTotal:        4016004 kB
MemFree:         3230432 kB
Active:           430064 kB
Mem:          3.8G       767M       3.1G       5.7M        52M       321M

MemTotal:        4016004 kB
MemFree:         3230164 kB
Active:           428160 kB
Mem:          3.8G       767M       3.1G       5.7M        52M       321M

MemTotal:        4016004 kB
MemFree:         3230352 kB
Active:           430052 kB
Mem:          3.8G       767M       3.1G       5.7M        52M       321M

MemTotal:        4016004 kB
MemFree:         3230492 kB
Active:           430036 kB
Mem:          3.8G       767M       3.1G       5.7M        52M       321M

MemTotal:        4016004 kB
MemFree:         3230464 kB
Active:           430044 kB
Mem:          3.8G       767M       3.1G       5.7M        52M       321M

MemTotal:        4016004 kB
MemFree:         3230588 kB
Active:           430092 kB
Mem:          3.8G       767M       3.1G       5.7M        52M       321M

MemTotal:        4016004 kB
MemFree:         3230324 kB
Active:           430040 kB
Mem:          3.8G       767M       3.1G       5.7M        52M       321M

MemTotal:        4016004 kB
MemFree:         3230432 kB
Active:           430088 kB
Mem:          3.8G       767M       3.1G       5.7M        52M       321M

MemTotal:        4016004 kB
MemFree:         3230540 kB
Active:           430084 kB
Mem:          3.8G       767M       3.1G       5.7M        52M       321M

MemTotal:        4016004 kB
MemFree:         3230540 kB
Active:           430076 kB
Mem:          3.8G       767M       3.1G       5.7M        52M       321M

MemTotal:        4016004 kB
MemFree:         3230664 kB
Active:           430084 kB
Mem:          3.8G       767M       3.1G       5.7M        52M       321M

MemTotal:        4016004 kB
MemFree:         3229980 kB
Active:           428052 kB
Mem:          3.8G       767M       3.1G       5.7M        52M       321M

MemTotal:        4016004 kB
MemFree:         3230600 kB
Active:           430056 kB
Mem:          3.8G       766M       3.1G       5.7M        52M       322M

MemTotal:        4016004 kB
MemFree:         3230600 kB
Active:           430064 kB
Mem:          3.8G       766M       3.1G       5.7M        52M       322M

MemTotal:        4016004 kB
MemFree:         3230600 kB
Active:           430072 kB
Mem:          3.8G       766M       3.1G       5.7M        52M       322M

MemTotal:        4016004 kB
MemFree:         3230724 kB
Active:           430072 kB
Mem:          3.8G       767M       3.1G       5.7M        52M       322M

MemTotal:        4016004 kB
MemFree:         3230568 kB
Active:           430116 kB
Mem:          3.8G       767M       3.1G       5.7M        52M       322M

MemTotal:        4016004 kB
MemFree:         3230320 kB
Active:           430104 kB
Mem:          3.8G       767M       3.1G       5.7M        52M       322M

MemTotal:        4016004 kB
MemFree:         3230196 kB
Active:           430116 kB
Mem:          3.8G       767M       3.1G       5.7M        52M       322M

MemTotal:        4016004 kB
MemFree:         3230056 kB
Active:           430108 kB
Mem:          3.8G       767M       3.1G       5.7M        52M       322M

MemTotal:        4016004 kB
MemFree:         3229932 kB
Active:           430124 kB
Mem:          3.8G       767M       3.1G       5.7M        52M       322M

MemTotal:        4016004 kB
MemFree:         3229992 kB
Active:           428120 kB
Mem:          3.8G       767M       3.1G       5.7M        52M       322M

MemTotal:        4016004 kB
MemFree:         3229976 kB
Active:           430160 kB
Mem:          3.8G       767M       3.1G       5.7M        52M       322M

MemTotal:        4016004 kB
MemFree:         3229976 kB
Active:           430144 kB
Mem:          3.8G       767M       3.1G       5.7M        52M       322M

MemTotal:        4016004 kB
MemFree:         3229852 kB
Active:           430188 kB
Mem:          3.8G       767M       3.1G       5.7M        52M       322M

MemTotal:        4016004 kB
MemFree:         3230100 kB
Active:           430176 kB
Mem:          3.8G       767M       3.1G       5.7M        52M       322M

MemTotal:        4016004 kB
MemFree:         3230348 kB
Active:           430168 kB
Mem:          3.8G       767M       3.1G       5.7M        52M       322M

MemTotal:        4016004 kB
MemFree:         3229728 kB
Active:           430200 kB
Mem:          3.8G       768M       3.1G       5.7M        52M       322M

MemTotal:        4016004 kB
MemFree:         3229976 kB
Active:           430180 kB
Mem:          3.8G       767M       3.1G       5.7M        52M       322M

MemTotal:        4016004 kB
MemFree:         3229604 kB
Active:           430156 kB
Mem:          3.8G       767M       3.1G       5.7M        52M       322M

MemTotal:        4016004 kB
MemFree:         3000068 kB
Active:           432112 kB
Mem:          3.8G       992M       2.9G       5.7M        52M       539M

MemTotal:        4016004 kB
MemFree:         2987636 kB
Active:           432348 kB
Mem:          3.8G       1.0G       2.8G       5.7M        52M       553M

MemTotal:        4016004 kB
MemFree:         2979044 kB
Active:           432416 kB
Mem:          3.8G       1.0G       2.8G       5.7M        52M       560M

MemTotal:        4016004 kB
MemFree:         2971860 kB
Active:           432488 kB
Mem:          3.8G       1.0G       2.8G       5.7M        52M       566M

MemTotal:        4016004 kB
MemFree:         2734296 kB
Active:           433412 kB
Mem:          3.8G       1.2G       2.6G       5.7M        52M       791M

MemTotal:        4016004 kB
MemFree:         2612736 kB
Active:           433828 kB
Mem:          3.8G       1.3G       2.5G       5.7M        52M       907M

MemTotal:        4016004 kB
MemFree:         2612364 kB
Active:           433860 kB
Mem:          3.8G       1.3G       2.5G       5.7M        52M       907M

MemTotal:        4016004 kB
MemFree:         2612152 kB
Active:           433892 kB
Mem:          3.8G       1.3G       2.5G       5.7M        52M       907M

MemTotal:        4016004 kB
MemFree:         2612344 kB
Active:           433864 kB
Mem:          3.8G       1.3G       2.5G       5.7M        52M       907M

MemTotal:        4016004 kB
MemFree:         2457188 kB
Active:           434228 kB
Mem:          3.8G       1.5G       2.3G       5.7M        52M       1.0G

MemTotal:        4016004 kB
MemFree:         2388468 kB
Active:           434676 kB
Mem:          3.8G       1.6G       2.3G       5.7M        52M       1.1G

MemTotal:        4016004 kB
MemFree:         2359976 kB
Active:           434860 kB
Mem:          3.8G       1.6G       2.3G       5.7M        52M       1.1G

MemTotal:        4016004 kB
MemFree:         2359824 kB
Active:           434856 kB
Mem:          3.8G       1.6G       2.3G       5.7M        52M       1.1G

MemTotal:        4016004 kB
MemFree:         2359224 kB
Active:           434844 kB
Mem:          3.8G       1.6G       2.2G       5.7M        52M       1.1G

MemTotal:        4016004 kB
MemFree:         2209964 kB
Active:           435424 kB
Mem:          3.8G       1.7G       2.1G       5.7M        52M       1.3G

MemTotal:        4016004 kB
MemFree:         2164268 kB
Active:           435668 kB
Mem:          3.8G       1.8G       2.1G       5.7M        52M       1.3G

MemTotal:        4016004 kB
MemFree:         2164256 kB
Active:           435676 kB
Mem:          3.8G       1.8G       2.1G       5.7M        52M       1.3G

MemTotal:        4016004 kB
MemFree:         2164708 kB
Active:           435632 kB
Mem:          3.8G       1.8G       2.1G       5.7M        52M       1.3G

MemTotal:        4016004 kB
MemFree:         2164632 kB
Active:           435680 kB
Mem:          3.8G       1.8G       2.1G       5.7M        52M       1.3G

MemTotal:        4016004 kB
MemFree:         2151176 kB
Active:           435736 kB
Mem:          3.8G       1.8G       2.1G       5.7M        52M       1.3G

MemTotal:        4016004 kB
MemFree:         3205680 kB
Active:           429844 kB
Mem:          3.8G       791M       3.1G       5.7M        52M       342M

MemTotal:        4016004 kB
MemFree:         3025212 kB
Active:           430412 kB
Mem:          3.8G       967M       2.9G       5.7M        52M       515M

MemTotal:        4016004 kB
MemFree:         2947552 kB
Active:           432792 kB
Mem:          3.8G       1.0G       2.8G       5.7M        52M       589M

MemTotal:        4016004 kB
MemFree:         2920580 kB
Active:           432904 kB
Mem:          3.8G       1.0G       2.8G       5.7M        52M       615M

MemTotal:        4016004 kB
MemFree:         2742952 kB
Active:           433520 kB
Mem:          3.8G       1.2G       2.6G       5.7M        52M       783M

MemTotal:        4016004 kB
MemFree:         2740536 kB
Active:           433604 kB
Mem:          3.8G       1.2G       2.6G       5.7M        52M       785M

MemTotal:        4016004 kB
MemFree:         2740260 kB
Active:           433588 kB
Mem:          3.8G       1.2G       2.6G       5.7M        52M       785M

MemTotal:        4016004 kB
MemFree:         2740544 kB
Active:           433584 kB
Mem:          3.8G       1.2G       2.6G       5.7M        52M       785M

MemTotal:        4016004 kB
MemFree:         2710284 kB
Active:           433772 kB
Mem:          3.8G       1.2G       2.6G       5.7M        52M       814M

MemTotal:        4016004 kB
MemFree:         2705324 kB
Active:           433796 kB
Mem:          3.8G       1.2G       2.6G       5.7M        52M       819M

MemTotal:        4016004 kB
MemFree:         2704164 kB
Active:           431772 kB
Mem:          3.8G       1.3G       2.6G       5.7M        52M       820M

MemTotal:        4016004 kB
MemFree:         2685332 kB
Active:           433896 kB
Mem:          3.8G       1.3G       2.6G       5.7M        52M       838M

MemTotal:        4016004 kB
MemFree:         2678712 kB
Active:           433972 kB
Mem:          3.8G       1.3G       2.6G       5.7M        52M       844M

MemTotal:        4016004 kB
MemFree:         2445452 kB
Active:           434788 kB
Mem:          3.8G       1.5G       2.3G       5.7M        52M       1.0G

MemTotal:        4016004 kB
MemFree:         2374372 kB
Active:           435148 kB
Mem:          3.8G       1.6G       2.3G       5.7M        52M       1.1G

MemTotal:        4016004 kB
MemFree:         2252716 kB
Active:           435516 kB
Mem:          3.8G       1.7G       2.1G       5.7M        52M       1.2G

MemTotal:        4016004 kB
MemFree:         2194228 kB
Active:           435824 kB
Mem:          3.8G       1.7G       2.1G       5.7M        52M       1.3G

MemTotal:        4016004 kB
MemFree:         2150592 kB
Active:           435860 kB
Mem:          3.8G       1.8G       2.1G       5.7M        52M       1.3G

MemTotal:        4016004 kB
MemFree:         2150436 kB
Active:           436084 kB
Mem:          3.8G       1.8G       2.1G       5.7M        52M       1.3G

MemTotal:        4016004 kB
MemFree:         2150344 kB
Active:           434108 kB
Mem:          3.8G       1.8G       2.1G       5.7M        52M       1.3G

MemTotal:        4016004 kB
MemFree:         2150212 kB
Active:           436072 kB
Mem:          3.8G       1.8G       2.1G       5.7M        52M       1.3G

MemTotal:        4016004 kB
MemFree:         3225260 kB
Active:           432260 kB
Mem:          3.8G       772M       3.1G       5.7M        52M       323M

MemTotal:        4016004 kB
MemFree:         2902044 kB
Active:           433204 kB
Mem:          3.8G       1.1G       2.8G       5.7M        52M       632M

MemTotal:        4016004 kB
MemFree:         2873068 kB
Active:           433360 kB
Mem:          3.8G       1.1G       2.7G       5.7M        52M       660M

MemTotal:        4016004 kB
MemFree:         2873212 kB
Active:           433308 kB
Mem:          3.8G       1.1G       2.7G       5.7M        52M       660M

MemTotal:        4016004 kB
MemFree:         2872876 kB
Active:           433360 kB
Mem:          3.8G       1.1G       2.7G       5.7M        52M       660M

MemTotal:        4016004 kB
MemFree:         2747304 kB
Active:           433864 kB
Mem:          3.8G       1.2G       2.6G       5.7M        52M       780M

MemTotal:        4016004 kB
MemFree:         2633396 kB
Active:           434200 kB
Mem:          3.8G       1.3G       2.5G       5.7M        52M       888M

MemTotal:        4016004 kB
MemFree:         2631536 kB
Active:           434332 kB
Mem:          3.8G       1.3G       2.5G       5.7M        52M       890M

MemTotal:        4016004 kB
MemFree:         2629180 kB
Active:           434312 kB
Mem:          3.8G       1.3G       2.5G       5.7M        52M       890M

MemTotal:        4016004 kB
MemFree:         2629592 kB
Active:           436340 kB
Mem:          3.8G       1.3G       2.5G       5.7M        52M       890M

MemTotal:        4016004 kB
MemFree:         2490156 kB
Active:           436756 kB
Mem:          3.8G       1.5G       2.4G       5.7M        52M       1.0G

MemTotal:        4016004 kB
MemFree:         2388348 kB
Active:           437144 kB
Mem:          3.8G       1.6G       2.3G       5.7M        52M       1.1G

MemTotal:        4016004 kB
MemFree:         2334964 kB
Active:           437360 kB
Mem:          3.8G       1.6G       2.2G       5.7M        52M       1.1G

MemTotal:        4016004 kB
MemFree:         2238776 kB
Active:           437852 kB
Mem:          3.8G       1.7G       2.1G       5.7M        52M       1.2G

MemTotal:        4016004 kB
MemFree:         2197644 kB
Active:           438072 kB
Mem:          3.8G       1.7G       2.1G       5.7M        52M       1.3G

MemTotal:        4016004 kB
MemFree:         2148552 kB
Active:           438268 kB
Mem:          3.8G       1.8G       2.0G       5.7M        52M       1.3G

MemTotal:        4016004 kB
MemFree:         3122940 kB
Active:           434616 kB
Mem:          3.8G       872M       3.0G       5.7M        52M       418M

MemTotal:        4016004 kB
MemFree:         3169740 kB
Active:           434412 kB
Mem:          3.8G       826M       3.0G       5.7M        52M       374M

MemTotal:        4016004 kB
MemFree:         3215156 kB
Active:           434268 kB
Mem:          3.8G       781M       3.1G       5.7M        52M       331M

MemTotal:        4016004 kB
MemFree:         2923536 kB
Active:           435208 kB
Mem:          3.8G       1.0G       2.8G       5.7M        52M       610M

MemTotal:        4016004 kB
MemFree:         2847568 kB
Active:           435636 kB
Mem:          3.8G       1.1G       2.7G       5.7M        52M       683M

MemTotal:        4016004 kB
MemFree:         2763284 kB
Active:           435908 kB
Mem:          3.8G       1.2G       2.6G       5.7M        52M       762M

MemTotal:        4016004 kB
MemFree:         2726552 kB
Active:           436052 kB
Mem:          3.8G       1.2G       2.6G       5.7M        52M       797M

MemTotal:        4016004 kB
MemFree:         2698216 kB
Active:           436208 kB
Mem:          3.8G       1.3G       2.6G       5.7M        52M       823M

MemTotal:        4016004 kB
MemFree:         2697792 kB
Active:           436232 kB
Mem:          3.8G       1.3G       2.6G       5.7M        52M       823M

MemTotal:        4016004 kB
MemFree:         2697932 kB
Active:           436232 kB
Mem:          3.8G       1.3G       2.6G       5.7M        52M       823M

MemTotal:        4016004 kB
MemFree:         2681024 kB
Active:           436224 kB
Mem:          3.8G       1.3G       2.6G       5.7M        52M       842M

MemTotal:        4016004 kB
MemFree:         2556744 kB
Active:           436712 kB
Mem:          3.8G       1.4G       2.4G       5.7M        52M       958M

MemTotal:        4016004 kB
MemFree:         2466880 kB
Active:           436996 kB
Mem:          3.8G       1.5G       2.4G       5.7M        52M       1.0G

MemTotal:        4016004 kB
MemFree:         2457808 kB
Active:           437128 kB
Mem:          3.8G       1.5G       2.3G       5.7M        52M       1.0G

MemTotal:        4016004 kB
MemFree:         2457812 kB
Active:           436984 kB
Mem:          3.8G       1.5G       2.3G       5.7M        52M       1.0G

MemTotal:        4016004 kB
MemFree:         2458224 kB
Active:           436984 kB
Mem:          3.8G       1.5G       2.3G       5.7M        52M       1.0G

MemTotal:        4016004 kB
MemFree:         2457636 kB
Active:           436976 kB
Mem:          3.8G       1.5G       2.3G       5.7M        52M       1.0G

MemTotal:        4016004 kB
MemFree:         2293952 kB
Active:           437500 kB
Mem:          3.8G       1.6G       2.2G       5.7M        52M       1.2G

MemTotal:        4016004 kB
MemFree:         2201096 kB
Active:           437824 kB
Mem:          3.8G       1.7G       2.1G       5.7M        52M       1.3G

MemTotal:        4016004 kB
MemFree:         2190184 kB
Active:           438064 kB
Mem:          3.8G       1.7G       2.1G       5.7M        52M       1.3G

MemTotal:        4016004 kB
MemFree:         2187364 kB
Active:           438044 kB
Mem:          3.8G       1.7G       2.1G       5.7M        52M       1.3G

MemTotal:        4016004 kB
MemFree:         2187120 kB
Active:           440040 kB
Mem:          3.8G       1.7G       2.1G       5.7M        52M       1.3G

MemTotal:        4016004 kB
MemFree:         3104512 kB
Active:           436732 kB
Mem:          3.8G       888M       3.0G       5.7M        52M       433M

MemTotal:        4016004 kB
MemFree:         3145636 kB
Active:           436560 kB
Mem:          3.8G       849M       3.0G       5.7M        52M       395M

MemTotal:        4016004 kB
MemFree:         3188184 kB
Active:           436396 kB
Mem:          3.8G       808M       3.0G       5.7M        52M       355M

MemTotal:        4016004 kB
MemFree:         2949232 kB
Active:           437084 kB
Mem:          3.8G       1.0G       2.8G       5.7M        52M       584M

MemTotal:        4016004 kB
MemFree:         2920156 kB
Active:           437340 kB
Mem:          3.8G       1.0G       2.8G       5.7M        52M       611M

MemTotal:        4016004 kB
MemFree:         2816956 kB
Active:           437596 kB
Mem:          3.8G       1.1G       2.7G       5.7M        52M       710M

MemTotal:        4016004 kB
MemFree:         2773140 kB
Active:           437780 kB
Mem:          3.8G       1.2G       2.6G       5.7M        52M       751M

MemTotal:        4016004 kB
MemFree:         2745184 kB
Active:           437920 kB
Mem:          3.8G       1.2G       2.6G       5.7M        52M       777M

MemTotal:        4016004 kB
MemFree:         2665796 kB
Active:           436176 kB
Mem:          3.8G       1.3G       2.5G       5.7M        52M       853M

MemTotal:        4016004 kB
MemFree:         2657520 kB
Active:           438476 kB
Mem:          3.8G       1.3G       2.5G       5.7M        52M       860M

MemTotal:        4016004 kB
MemFree:         2657300 kB
Active:           438476 kB
Mem:          3.8G       1.3G       2.5G       5.7M        52M       860M

MemTotal:        4016004 kB
MemFree:         2657132 kB
Active:           438456 kB
Mem:          3.8G       1.3G       2.5G       5.7M        52M       860M

MemTotal:        4016004 kB
MemFree:         2605204 kB
Active:           438420 kB
Mem:          3.8G       1.3G       2.5G       5.7M        52M       911M

MemTotal:        4016004 kB
MemFree:         2605068 kB
Active:           438648 kB
Mem:          3.8G       1.3G       2.5G       5.7M        52M       911M

MemTotal:        4016004 kB
MemFree:         2604604 kB
Active:           438728 kB
Mem:          3.8G       1.3G       2.5G       5.7M        52M       911M

MemTotal:        4016004 kB
MemFree:         2464892 kB
Active:           439124 kB
Mem:          3.8G       1.5G       2.3G       5.7M        52M       1.0G

MemTotal:        4016004 kB
MemFree:         2316700 kB
Active:           439648 kB
Mem:          3.8G       1.6G       2.2G       5.7M        52M       1.2G

MemTotal:        4016004 kB
MemFree:         2265872 kB
Active:           439784 kB
Mem:          3.8G       1.7G       2.2G       5.7M        52M       1.2G

MemTotal:        4016004 kB
MemFree:         2225112 kB
Active:           437956 kB
Mem:          3.8G       1.7G       2.1G       5.7M        52M       1.2G

MemTotal:        4016004 kB
MemFree:         2224488 kB
Active:           440152 kB
Mem:          3.8G       1.7G       2.1G       5.7M        52M       1.2G

MemTotal:        4016004 kB
MemFree:         2224520 kB
Active:           440152 kB
Mem:          3.8G       1.7G       2.1G       5.7M        52M       1.2G

MemTotal:        4016004 kB
MemFree:         2224724 kB
Active:           440168 kB
Mem:          3.8G       1.7G       2.1G       5.7M        52M       1.2G

MemTotal:        4016004 kB
MemFree:         3105512 kB
Active:           436860 kB
Mem:          3.8G       889M       3.0G       5.7M        52M       434M

MemTotal:        4016004 kB
MemFree:         3151724 kB
Active:           436680 kB
Mem:          3.8G       843M       3.0G       5.7M        52M       389M

MemTotal:        4016004 kB
MemFree:         3199092 kB
Active:           436508 kB
Mem:          3.8G       797M       3.1G       5.7M        52M       344M

MemTotal:        4016004 kB
MemFree:         2944584 kB
Active:           437496 kB
Mem:          3.8G       1.0G       2.8G       5.7M        52M       587M

MemTotal:        4016004 kB
MemFree:         2889236 kB
Active:           437704 kB
Mem:          3.8G       1.1G       2.8G       5.7M        52M       641M

MemTotal:        4016004 kB
MemFree:         2820556 kB
Active:           437944 kB
Mem:          3.8G       1.1G       2.7G       5.7M        52M       706M

MemTotal:        4016004 kB
MemFree:         2739500 kB
Active:           438284 kB
Mem:          3.8G       1.2G       2.6G       5.7M        52M       784M

MemTotal:        4016004 kB
MemFree:         2693648 kB
Active:           438468 kB
Mem:          3.8G       1.3G       2.6G       5.7M        52M       827M

MemTotal:        4016004 kB
MemFree:         2661080 kB
Active:           438600 kB
Mem:          3.8G       1.3G       2.5G       5.7M        52M       858M

MemTotal:        4016004 kB
MemFree:         2660340 kB
Active:           438612 kB
Mem:          3.8G       1.3G       2.5G       5.7M        52M       858M

MemTotal:        4016004 kB
MemFree:         2660344 kB
Active:           438588 kB
Mem:          3.8G       1.3G       2.5G       5.7M        52M       858M

MemTotal:        4016004 kB
MemFree:         2606844 kB
Active:           438792 kB
Mem:          3.8G       1.3G       2.5G       5.7M        52M       909M

MemTotal:        4016004 kB
MemFree:         2495992 kB
Active:           439216 kB
Mem:          3.8G       1.4G       2.4G       5.7M        52M       1.0G

MemTotal:        4016004 kB
MemFree:         2471268 kB
Active:           439380 kB
Mem:          3.8G       1.5G       2.4G       5.7M        52M       1.0G

MemTotal:        4016004 kB
MemFree:         2470436 kB
Active:           439384 kB
Mem:          3.8G       1.5G       2.4G       5.7M        52M       1.0G

MemTotal:        4016004 kB
MemFree:         2470376 kB
Active:           439340 kB
Mem:          3.8G       1.5G       2.4G       5.7M        52M       1.0G

MemTotal:        4016004 kB
MemFree:         2357456 kB
Active:           439484 kB
Mem:          3.8G       1.6G       2.2G       5.7M        52M       1.1G

MemTotal:        4016004 kB
MemFree:         2297944 kB
Active:           440032 kB
Mem:          3.8G       1.6G       2.2G       5.7M        52M       1.2G

MemTotal:        4016004 kB
MemFree:         2297108 kB
Active:           440076 kB
Mem:          3.8G       1.6G       2.2G       5.7M        52M       1.2G

MemTotal:        4016004 kB
MemFree:         2296928 kB
Active:           440084 kB
Mem:          3.8G       1.6G       2.2G       5.7M        52M       1.2G

MemTotal:        4016004 kB
MemFree:         2297400 kB
Active:           440072 kB
Mem:          3.8G       1.6G       2.2G       5.7M        52M       1.2G

MemTotal:        4016004 kB
MemFree:         2195240 kB
Active:           440336 kB
Mem:          3.8G       1.7G       2.1G       5.7M        52M       1.3G

MemTotal:        4016004 kB
MemFree:         3139056 kB
Active:           436948 kB
Mem:          3.8G       856M       3.0G       5.7M        52M       400M

MemTotal:        4016004 kB
MemFree:         3182780 kB
Active:           436796 kB
Mem:          3.8G       812M       3.0G       5.7M        52M       358M

MemTotal:        4016004 kB
MemFree:         3008336 kB
Active:           437136 kB
Mem:          3.8G       985M       2.9G       5.7M        52M       529M

MemTotal:        4016004 kB
MemFree:         2919080 kB
Active:           435824 kB
Mem:          3.8G       1.0G       2.8G       5.7M        52M       611M

MemTotal:        4016004 kB
MemFree:         2841112 kB
Active:           437968 kB
Mem:          3.8G       1.1G       2.7G       5.7M        52M       686M

MemTotal:        4016004 kB
MemFree:         2793936 kB
Active:           438268 kB
Mem:          3.8G       1.2G       2.7G       5.7M        52M       731M

MemTotal:        4016004 kB
MemFree:         2754224 kB
Active:           438300 kB
Mem:          3.8G       1.2G       2.6G       5.7M        52M       768M

MemTotal:        4016004 kB
MemFree:         2692684 kB
Active:           438572 kB
Mem:          3.8G       1.3G       2.6G       5.7M        52M       827M

MemTotal:        4016004 kB
MemFree:         2692252 kB
Active:           438648 kB
Mem:          3.8G       1.3G       2.6G       5.7M        52M       827M

MemTotal:        4016004 kB
MemFree:         2692472 kB
Active:           438620 kB
Mem:          3.8G       1.3G       2.6G       5.7M        52M       827M

MemTotal:        4016004 kB
MemFree:         2665816 kB
Active:           438636 kB
Mem:          3.8G       1.3G       2.5G       5.7M        52M       853M

MemTotal:        4016004 kB
MemFree:         2640752 kB
Active:           438728 kB
Mem:          3.8G       1.3G       2.5G       5.7M        52M       877M

MemTotal:        4016004 kB
MemFree:         2497200 kB
Active:           439364 kB
Mem:          3.8G       1.4G       2.4G       5.7M        52M       1.0G

MemTotal:        4016004 kB
MemFree:         2467732 kB
Active:           439576 kB
Mem:          3.8G       1.5G       2.4G       5.7M        52M       1.0G

MemTotal:        4016004 kB
MemFree:         2467704 kB
Active:           439524 kB
Mem:          3.8G       1.5G       2.4G       5.7M        52M       1.0G

MemTotal:        4016004 kB
MemFree:         2467804 kB
Active:           439576 kB
Mem:          3.8G       1.5G       2.4G       5.7M        52M       1.0G

MemTotal:        4016004 kB
MemFree:         2401540 kB
Active:           439824 kB
Mem:          3.8G       1.5G       2.3G       5.7M        52M       1.1G

MemTotal:        4016004 kB
MemFree:         2374712 kB
Active:           439944 kB
Mem:          3.8G       1.6G       2.3G       5.7M        52M       1.1G

MemTotal:        4016004 kB
MemFree:         2374216 kB
Active:           439912 kB
Mem:          3.8G       1.6G       2.3G       5.7M        52M       1.1G

MemTotal:        4016004 kB
MemFree:         2374516 kB
Active:           439912 kB
Mem:          3.8G       1.6G       2.3G       5.7M        52M       1.1G

MemTotal:        4016004 kB
MemFree:         3011824 kB
Active:           437592 kB
Mem:          3.8G       974M       2.9G       5.7M        52M       516M

MemTotal:        4016004 kB
MemFree:         3200556 kB
Active:           436912 kB
Mem:          3.8G       795M       3.1G       5.7M        52M       341M

MemTotal:        4016004 kB
MemFree:         3017304 kB
Active:           437328 kB
Mem:          3.8G       975M       2.9G       5.7M        52M       519M

MemTotal:        4016004 kB
MemFree:         2890232 kB
Active:           437916 kB
Mem:          3.8G       1.1G       2.8G       5.7M        52M       639M

MemTotal:        4016004 kB
MemFree:         2869564 kB
Active:           438108 kB
Mem:          3.8G       1.1G       2.7G       5.7M        52M       659M

MemTotal:        4016004 kB
MemFree:         2644972 kB
Active:           438940 kB
Mem:          3.8G       1.3G       2.5G       5.7M        52M       873M

MemTotal:        4016004 kB
MemFree:         2643392 kB
Active:           439012 kB
Mem:          3.8G       1.3G       2.5G       5.7M        52M       875M

MemTotal:        4016004 kB
MemFree:         2643488 kB
Active:           438968 kB
Mem:          3.8G       1.3G       2.5G       5.7M        52M       875M

MemTotal:        4016004 kB
MemFree:         2643088 kB
Active:           439016 kB
Mem:          3.8G       1.3G       2.5G       5.7M        52M       875M

MemTotal:        4016004 kB
MemFree:         2612688 kB
Active:           439048 kB
Mem:          3.8G       1.3G       2.5G       5.7M        52M       903M

MemTotal:        4016004 kB
MemFree:         2437660 kB
Active:           439740 kB
Mem:          3.8G       1.5G       2.3G       5.7M        52M       1.0G

MemTotal:        4016004 kB
MemFree:         2402444 kB
Active:           439960 kB
Mem:          3.8G       1.5G       2.3G       5.7M        52M       1.1G

MemTotal:        4016004 kB
MemFree:         2402108 kB
Active:           439912 kB
Mem:          3.8G       1.5G       2.3G       5.7M        52M       1.1G

MemTotal:        4016004 kB
MemFree:         2401924 kB
Active:           439920 kB
Mem:          3.8G       1.5G       2.3G       5.7M        52M       1.1G

MemTotal:        4016004 kB
MemFree:         2279336 kB
Active:           440360 kB
Mem:          3.8G       1.7G       2.2G       5.7M        52M       1.2G

MemTotal:        4016004 kB
MemFree:         2203644 kB
Active:           440648 kB
Mem:          3.8G       1.7G       2.1G       5.7M        52M       1.3G

MemTotal:        4016004 kB
MemFree:         2146508 kB
Active:           440812 kB
Mem:          3.8G       1.8G       2.0G       5.7M        52M       1.3G

MemTotal:        4016004 kB
MemFree:         2146136 kB
Active:           440944 kB
Mem:          3.8G       1.8G       2.0G       5.7M        52M       1.3G

MemTotal:        4016004 kB
MemFree:         2145920 kB
Active:           440932 kB
Mem:          3.8G       1.8G       2.0G       5.7M        52M       1.3G

MemTotal:        4016004 kB
MemFree:         2145584 kB
Active:           440984 kB
Mem:          3.8G       1.8G       2.0G       5.7M        52M       1.3G

MemTotal:        4016004 kB
MemFree:         2999144 kB
Active:           437572 kB
Mem:          3.8G       995M       2.9G       5.7M        52M       538M

MemTotal:        4016004 kB
MemFree:         2894432 kB
Active:           438080 kB
Mem:          3.8G       1.1G       2.8G       5.7M        52M       635M

MemTotal:        4016004 kB
MemFree:         2893440 kB
Active:           438164 kB
Mem:          3.8G       1.1G       2.8G       5.7M        52M       636M

MemTotal:        4016004 kB
MemFree:         2893600 kB
Active:           438152 kB
Mem:          3.8G       1.1G       2.8G       5.7M        52M       636M

MemTotal:        4016004 kB
MemFree:         2770212 kB
Active:           438408 kB
Mem:          3.8G       1.2G       2.6G       5.7M        52M       754M

MemTotal:        4016004 kB
MemFree:         2743152 kB
Active:           438700 kB
Mem:          3.8G       1.2G       2.6G       5.7M        52M       779M

MemTotal:        4016004 kB
MemFree:         2691452 kB
Active:           438956 kB
Mem:          3.8G       1.3G       2.6G       5.7M        52M       829M

MemTotal:        4016004 kB
MemFree:         2691328 kB
Active:           438964 kB
Mem:          3.8G       1.3G       2.6G       5.7M        52M       829M

MemTotal:        4016004 kB
MemFree:         2690928 kB
Active:           438968 kB
Mem:          3.8G       1.3G       2.6G       5.7M        52M       829M

MemTotal:        4016004 kB
MemFree:         2484012 kB
Active:           439616 kB
Mem:          3.8G       1.5G       2.4G       5.7M        52M       1.0G

MemTotal:        4016004 kB
MemFree:         2468480 kB
Active:           439832 kB
Mem:          3.8G       1.5G       2.4G       5.7M        52M       1.0G

MemTotal:        4016004 kB
MemFree:         2468388 kB
Active:           439812 kB
Mem:          3.8G       1.5G       2.4G       5.7M        52M       1.0G

MemTotal:        4016004 kB
MemFree:         2468864 kB
Active:           439812 kB
Mem:          3.8G       1.5G       2.4G       5.7M        52M       1.0G

MemTotal:        4016004 kB
MemFree:         2284492 kB
Active:           440388 kB
Mem:          3.8G       1.7G       2.2G       5.7M        52M       1.2G

MemTotal:        4016004 kB
MemFree:         2218248 kB
Active:           440628 kB
Mem:          3.8G       1.7G       2.1G       5.7M        52M       1.2G

MemTotal:        4016004 kB
MemFree:         2195588 kB
Active:           440852 kB
Mem:          3.8G       1.7G       2.1G       5.7M        52M       1.3G

MemTotal:        4016004 kB
MemFree:         3082140 kB
Active:           437712 kB
Mem:          3.8G       912M       2.9G       5.7M        52M       454M

MemTotal:        4016004 kB
MemFree:         3129224 kB
Active:           437536 kB
Mem:          3.8G       865M       3.0G       5.7M        52M       410M

MemTotal:        4016004 kB
MemFree:         3178100 kB
Active:           437324 kB
Mem:          3.8G       818M       3.0G       5.7M        52M       364M

MemTotal:        4016004 kB
MemFree:         3219220 kB
Active:           437156 kB
Mem:          3.8G       778M       3.1G       5.7M        52M       324M

MemTotal:        4016004 kB
MemFree:         2896828 kB
Active:           438080 kB
Mem:          3.8G       1.1G       2.8G       5.7M        52M       632M

MemTotal:        4016004 kB
MemFree:         2872644 kB
Active:           438248 kB
Mem:          3.8G       1.1G       2.7G       5.7M        52M       656M

MemTotal:        4016004 kB
MemFree:         2872396 kB
Active:           438324 kB
Mem:          3.8G       1.1G       2.7G       5.7M        52M       656M

MemTotal:        4016004 kB
MemFree:         2872536 kB
Active:           438384 kB
Mem:          3.8G       1.1G       2.7G       5.7M        52M       656M

MemTotal:        4016004 kB
MemFree:         2685856 kB
Active:           439080 kB
Mem:          3.8G       1.3G       2.6G       5.7M        52M       834M

MemTotal:        4016004 kB
MemFree:         2599692 kB
Active:           439428 kB
Mem:          3.8G       1.4G       2.5G       5.7M        52M       915M

MemTotal:        4016004 kB
MemFree:         2585368 kB
Active:           439520 kB
Mem:          3.8G       1.4G       2.5G       5.7M        52M       929M

MemTotal:        4016004 kB
MemFree:         2413612 kB
Active:           440156 kB
Mem:          3.8G       1.5G       2.3G       5.7M        52M       1.1G

MemTotal:        4016004 kB
MemFree:         2328728 kB
Active:           440464 kB
Mem:          3.8G       1.6G       2.2G       5.7M        52M       1.1G

MemTotal:        4016004 kB
MemFree:         2316160 kB
Active:           440568 kB
Mem:          3.8G       1.6G       2.2G       5.7M        52M       1.2G

MemTotal:        4016004 kB
MemFree:         2316320 kB
Active:           440516 kB
Mem:          3.8G       1.6G       2.2G       5.7M        52M       1.2G

MemTotal:        4016004 kB
MemFree:         2316652 kB
Active:           440516 kB
Mem:          3.8G       1.6G       2.2G       5.7M        52M       1.2G

MemTotal:        4016004 kB
MemFree:         2179216 kB
Active:           441040 kB
Mem:          3.8G       1.8G       2.1G       5.7M        52M       1.3G

MemTotal:        4016004 kB
MemFree:         3103232 kB
Active:           437628 kB
Mem:          3.8G       891M       3.0G       5.7M        53M       434M

MemTotal:        4016004 kB
MemFree:         3144336 kB
Active:           437472 kB
Mem:          3.8G       850M       3.0G       5.7M        53M       395M

MemTotal:        4016004 kB
MemFree:         3189776 kB
Active:           437308 kB
Mem:          3.8G       806M       3.0G       5.7M        53M       352M

MemTotal:        4016004 kB
MemFree:         2965284 kB
Active:           437912 kB
Mem:          3.8G       1.0G       2.8G       5.7M        53M       567M

MemTotal:        4016004 kB
MemFree:         2887092 kB
Active:           438288 kB
Mem:          3.8G       1.1G       2.8G       5.7M        53M       641M

MemTotal:        4016004 kB
MemFree:         2848804 kB
Active:           438592 kB
Mem:          3.8G       1.1G       2.7G       5.7M        53M       679M

MemTotal:        4016004 kB
MemFree:         2787020 kB
Active:           438728 kB
Mem:          3.8G       1.2G       2.7G       5.7M        53M       738M

MemTotal:        4016004 kB
MemFree:         2707360 kB
Active:           439028 kB
Mem:          3.8G       1.2G       2.6G       5.7M        53M       814M

MemTotal:        4016004 kB
MemFree:         2678140 kB
Active:           439264 kB
Mem:          3.8G       1.3G       2.6G       5.7M        53M       841M

MemTotal:        4016004 kB
MemFree:         2678020 kB
Active:           439264 kB
Mem:          3.8G       1.3G       2.6G       5.7M        53M       841M

MemTotal:        4016004 kB
MemFree:         2677124 kB
Active:           439280 kB
Mem:          3.8G       1.3G       2.6G       5.7M        53M       841M

MemTotal:        4016004 kB
MemFree:         2648732 kB
Active:           437288 kB
Mem:          3.8G       1.3G       2.5G       5.7M        53M       868M

MemTotal:        4016004 kB
MemFree:         2522044 kB
Active:           439744 kB
Mem:          3.8G       1.4G       2.4G       5.7M        53M       990M

MemTotal:        4016004 kB
MemFree:         2442772 kB
Active:           440096 kB
Mem:          3.8G       1.5G       2.3G       5.7M        53M       1.0G

MemTotal:        4016004 kB
MemFree:         2442184 kB
Active:           440172 kB
Mem:          3.8G       1.5G       2.3G       5.7M        53M       1.0G

MemTotal:        4016004 kB
MemFree:         2442284 kB
Active:           440184 kB
Mem:          3.8G       1.5G       2.3G       5.7M        53M       1.0G

MemTotal:        4016004 kB
MemFree:         2382160 kB
Active:           440348 kB
Mem:          3.8G       1.6G       2.3G       5.7M        53M       1.1G

MemTotal:        4016004 kB
MemFree:         2381396 kB
Active:           440440 kB
Mem:          3.8G       1.6G       2.3G       5.7M        53M       1.1G

MemTotal:        4016004 kB
MemFree:         2239236 kB
Active:           440860 kB
Mem:          3.8G       1.7G       2.1G       5.7M        53M       1.2G

MemTotal:        4016004 kB
MemFree:         2224356 kB
Active:           441076 kB
Mem:          3.8G       1.7G       2.1G       5.7M        53M       1.2G

MemTotal:        4016004 kB
MemFree:         2224468 kB
Active:           441036 kB
Mem:          3.8G       1.7G       2.1G       5.7M        53M       1.2G

MemTotal:        4016004 kB
MemFree:         2213932 kB
Active:           449240 kB
Mem:          3.8G       1.7G       2.1G       5.7M        60M       1.2G

MemTotal:        4016004 kB
MemFree:         3172776 kB
Active:           447712 kB
Mem:          3.8G       823M       3.0G       5.7M        60M       358M

MemTotal:        4016004 kB
MemFree:         2937848 kB
Active:           448204 kB
Mem:          3.8G       1.0G       2.8G       5.7M        60M       582M

MemTotal:        4016004 kB
MemFree:         2907164 kB
Active:           448464 kB
Mem:          3.8G       1.1G       2.8G       5.7M        60M       612M

MemTotal:        4016004 kB
MemFree:         2842072 kB
Active:           448616 kB
Mem:          3.8G       1.1G       2.7G       5.7M        60M       675M

MemTotal:        4016004 kB
MemFree:         2774592 kB
Active:           448892 kB
Mem:          3.8G       1.2G       2.6G       5.7M        60M       738M

MemTotal:        4016004 kB
MemFree:         2709100 kB
Active:           449140 kB
Mem:          3.8G       1.2G       2.6G       5.7M        60M       800M

MemTotal:        4016004 kB
MemFree:         2680672 kB
Active:           449328 kB
Mem:          3.8G       1.3G       2.6G       5.7M        60M       827M

MemTotal:        4016004 kB
MemFree:         2680456 kB
Active:           449344 kB
Mem:          3.8G       1.3G       2.6G       5.7M        60M       827M

MemTotal:        4016004 kB
MemFree:         2680304 kB
Active:           449360 kB
Mem:          3.8G       1.3G       2.6G       5.7M        60M       827M

MemTotal:        4016004 kB
MemFree:         2587760 kB
Active:           449488 kB
Mem:          3.8G       1.4G       2.5G       5.7M        60M       915M

MemTotal:        4016004 kB
MemFree:         2531356 kB
Active:           449868 kB
Mem:          3.8G       1.4G       2.4G       5.7M        60M       970M

MemTotal:        4016004 kB
MemFree:         2468760 kB
Active:           449940 kB
Mem:          3.8G       1.5G       2.4G       5.7M        60M       1.0G

MemTotal:        4016004 kB
MemFree:         2453716 kB
Active:           450280 kB
Mem:          3.8G       1.5G       2.3G       5.7M        60M       1.0G

MemTotal:        4016004 kB
MemFree:         2452916 kB
Active:           450280 kB
Mem:          3.8G       1.5G       2.3G       5.7M        60M       1.0G

MemTotal:        4016004 kB
MemFree:         2453248 kB
Active:           450248 kB
Mem:          3.8G       1.5G       2.3G       5.7M        60M       1.0G

MemTotal:        4016004 kB
MemFree:         2365136 kB
Active:           450500 kB
Mem:          3.8G       1.6G       2.3G       5.7M        60M       1.1G

MemTotal:        4016004 kB
MemFree:         2275464 kB
Active:           450836 kB
Mem:          3.8G       1.7G       2.2G       5.7M        60M       1.2G

MemTotal:        4016004 kB
MemFree:         2274968 kB
Active:           450980 kB
Mem:          3.8G       1.7G       2.2G       5.7M        60M       1.2G

MemTotal:        4016004 kB
MemFree:         2274880 kB
Active:           450988 kB
Mem:          3.8G       1.7G       2.2G       5.7M        60M       1.2G

MemTotal:        4016004 kB
MemFree:         2824920 kB
Active:           449112 kB
Mem:          3.8G       1.1G       2.7G       5.7M        60M       679M

MemTotal:        4016004 kB
MemFree:         3153156 kB
Active:           447740 kB
Mem:          3.8G       842M       3.0G       5.7M        60M       377M

MemTotal:        4016004 kB
MemFree:         3193356 kB
Active:           447616 kB
Mem:          3.8G       803M       3.0G       5.7M        60M       338M

MemTotal:        4016004 kB
MemFree:         2905048 kB
Active:           448304 kB
Mem:          3.8G       1.1G       2.8G       5.7M        60M       614M

MemTotal:        4016004 kB
MemFree:         2882756 kB
Active:           448644 kB
Mem:          3.8G       1.1G       2.7G       5.7M        60M       635M

MemTotal:        4016004 kB
MemFree:         2800448 kB
Active:           448856 kB
Mem:          3.8G       1.2G       2.7G       5.7M        60M       715M

MemTotal:        4016004 kB
MemFree:         2747912 kB
Active:           449092 kB
Mem:          3.8G       1.2G       2.6G       5.7M        60M       764M

MemTotal:        4016004 kB
MemFree:         2673180 kB
Active:           449408 kB
Mem:          3.8G       1.3G       2.5G       5.7M        60M       834M

MemTotal:        4016004 kB
MemFree:         2660904 kB
Active:           449576 kB
Mem:          3.8G       1.3G       2.5G       5.7M        60M       846M

MemTotal:        4016004 kB
MemFree:         2660504 kB
Active:           449568 kB
Mem:          3.8G       1.3G       2.5G       5.7M        60M       846M

MemTotal:        4016004 kB
MemFree:         2658460 kB
Active:           449584 kB
Mem:          3.8G       1.3G       2.5G       5.7M        60M       846M

MemTotal:        4016004 kB
MemFree:         2536428 kB
Active:           451784 kB
Mem:          3.8G       1.4G       2.4G       5.7M        60M       962M

MemTotal:        4016004 kB
MemFree:         2511132 kB
Active:           452100 kB
Mem:          3.8G       1.4G       2.4G       5.7M        60M       987M

MemTotal:        4016004 kB
MemFree:         2452988 kB
Active:           452192 kB
Mem:          3.8G       1.5G       2.3G       5.7M        60M       1.0G

MemTotal:        4016004 kB
MemFree:         2452864 kB
Active:           452416 kB
Mem:          3.8G       1.5G       2.3G       5.7M        60M       1.0G

MemTotal:        4016004 kB
MemFree:         2453084 kB
Active:           452432 kB
Mem:          3.8G       1.5G       2.3G       5.7M        60M       1.0G

MemTotal:        4016004 kB
MemFree:         2379404 kB
Active:           452728 kB
Mem:          3.8G       1.6G       2.3G       5.7M        60M       1.1G

MemTotal:        4016004 kB
MemFree:         2275652 kB
Active:           453136 kB
Mem:          3.8G       1.7G       2.2G       5.7M        60M       1.2G

MemTotal:        4016004 kB
MemFree:         2244588 kB
Active:           453264 kB
Mem:          3.8G       1.7G       2.1G       5.7M        60M       1.2G

MemTotal:        4016004 kB
MemFree:         2244372 kB
Active:           453252 kB
Mem:          3.8G       1.7G       2.1G       5.7M        60M       1.2G

MemTotal:        4016004 kB
MemFree:         2242484 kB
Active:           453216 kB
Mem:          3.8G       1.7G       2.1G       5.7M        60M       1.2G

MemTotal:        4016004 kB
MemFree:         2242676 kB
Active:           455280 kB
Mem:          3.8G       1.7G       2.1G       5.7M        60M       1.2G

MemTotal:        4016004 kB
MemFree:         3171068 kB
Active:           451784 kB
Mem:          3.8G       824M       3.0G       5.7M        60M       355M

MemTotal:        4016004 kB
MemFree:         2978696 kB
Active:           452496 kB
Mem:          3.8G       1.0G       2.8G       5.7M        60M       540M

MemTotal:        4016004 kB
MemFree:         2979132 kB
Active:           452484 kB
Mem:          3.8G       1.0G       2.8G       5.7M        60M       540M

MemTotal:        4016004 kB
MemFree:         2815032 kB
Active:           453092 kB
Mem:          3.8G       1.1G       2.7G       5.7M        60M       696M

MemTotal:        4016004 kB
MemFree:         2614684 kB
Active:           453956 kB
Mem:          3.8G       1.3G       2.5G       5.7M        60M       888M

MemTotal:        4016004 kB
MemFree:         2612808 kB
Active:           453972 kB
Mem:          3.8G       1.3G       2.5G       5.7M        60M       889M

MemTotal:        4016004 kB
MemFree:         2605076 kB
Active:           453992 kB
Mem:          3.8G       1.3G       2.5G       5.7M        60M       896M

MemTotal:        4016004 kB
MemFree:         2534632 kB
Active:           454252 kB
Mem:          3.8G       1.4G       2.4G       5.7M        60M       963M

MemTotal:        4016004 kB
MemFree:         2451080 kB
Active:           454568 kB
Mem:          3.8G       1.5G       2.3G       5.7M        60M       1.0G

MemTotal:        4016004 kB
MemFree:         2387380 kB
Active:           454692 kB
Mem:          3.8G       1.6G       2.3G       5.7M        60M       1.1G

MemTotal:        4016004 kB
MemFree:         2369320 kB
Active:           454924 kB
Mem:          3.8G       1.6G       2.3G       5.7M        60M       1.1G

MemTotal:        4016004 kB
MemFree:         2369168 kB
Active:           454920 kB
Mem:          3.8G       1.6G       2.3G       5.7M        60M       1.1G

MemTotal:        4016004 kB
MemFree:         2369412 kB
Active:           454920 kB
Mem:          3.8G       1.6G       2.3G       5.7M        60M       1.1G

MemTotal:        4016004 kB
MemFree:         2274360 kB
Active:           455076 kB
Mem:          3.8G       1.7G       2.2G       5.7M        60M       1.2G

MemTotal:        4016004 kB
MemFree:         2190740 kB
Active:           455508 kB
Mem:          3.8G       1.7G       2.1G       5.7M        60M       1.3G

MemTotal:        4016004 kB
MemFree:         2170604 kB
Active:           455708 kB
Mem:          3.8G       1.8G       2.1G       5.7M        60M       1.3G

MemTotal:        4016004 kB
MemFree:         2170204 kB
Active:           455664 kB
Mem:          3.8G       1.8G       2.1G       5.7M        60M       1.3G

MemTotal:        4016004 kB
MemFree:         2170520 kB
Active:           455708 kB
Mem:          3.8G       1.8G       2.1G       5.7M        60M       1.3G

MemTotal:        4016004 kB
MemFree:         2146104 kB
Active:           455800 kB
Mem:          3.8G       1.8G       2.0G       5.7M        60M       1.3G

MemTotal:        4016004 kB
MemFree:         2479260 kB
Active:           454612 kB
Mem:          3.8G       1.5G       2.4G       5.7M        60M       1.0G

MemTotal:        4016004 kB
MemFree:         3106380 kB
Active:           452204 kB
Mem:          3.8G       888M       3.0G       5.7M        60M       417M

MemTotal:        4016004 kB
MemFree:         3150660 kB
Active:           452048 kB
Mem:          3.8G       845M       3.0G       5.7M        60M       375M

MemTotal:        4016004 kB
MemFree:         3199388 kB
Active:           451860 kB
Mem:          3.8G       797M       3.1G       5.7M        60M       329M

MemTotal:        4016004 kB
MemFree:         2887660 kB
Active:           452932 kB
Mem:          3.8G       1.1G       2.8G       5.7M        60M       627M

MemTotal:        4016004 kB
MemFree:         2853420 kB
Active:           453164 kB
Mem:          3.8G       1.1G       2.7G       5.7M        60M       660M

MemTotal:        4016004 kB
MemFree:         2765648 kB
Active:           453444 kB
Mem:          3.8G       1.2G       2.6G       5.7M        60M       743M

MemTotal:        4016004 kB
MemFree:         2720232 kB
Active:           453580 kB
Mem:          3.8G       1.2G       2.6G       5.7M        60M       787M

MemTotal:        4016004 kB
MemFree:         2657300 kB
Active:           453800 kB
Mem:          3.8G       1.3G       2.5G       5.7M        60M       846M

MemTotal:        4016004 kB
MemFree:         2655504 kB
Active:           453944 kB
Mem:          3.8G       1.3G       2.5G       5.7M        60M       848M

MemTotal:        4016004 kB
MemFree:         2655008 kB
Active:           453920 kB
Mem:          3.8G       1.3G       2.5G       5.7M        60M       848M

MemTotal:        4016004 kB
MemFree:         2654828 kB
Active:           453928 kB
Mem:          3.8G       1.3G       2.5G       5.7M        60M       848M

MemTotal:        4016004 kB
MemFree:         2533476 kB
Active:           454288 kB
Mem:          3.8G       1.4G       2.4G       5.7M        60M       963M

MemTotal:        4016004 kB
MemFree:         2458900 kB
Active:           454604 kB
Mem:          3.8G       1.5G       2.3G       5.7M        60M       1.0G

MemTotal:        4016004 kB
MemFree:         2458528 kB
Active:           454720 kB
Mem:          3.8G       1.5G       2.3G       5.7M        60M       1.0G

MemTotal:        4016004 kB
MemFree:         2458036 kB
Active:           454732 kB
Mem:          3.8G       1.5G       2.3G       5.7M        60M       1.0G

MemTotal:        4016004 kB
MemFree:         2457988 kB
Active:           454720 kB
Mem:          3.8G       1.5G       2.3G       5.7M        60M       1.0G

MemTotal:        4016004 kB
MemFree:         2369352 kB
Active:           454904 kB
Mem:          3.8G       1.6G       2.3G       5.7M        60M       1.1G

MemTotal:        4016004 kB
MemFree:         2244816 kB
Active:           455392 kB
Mem:          3.8G       1.7G       2.1G       5.7M        60M       1.2G

MemTotal:        4016004 kB
MemFree:         2191200 kB
Active:           455652 kB
Mem:          3.8G       1.7G       2.1G       5.7M        60M       1.3G

MemTotal:        4016004 kB
MemFree:         2190952 kB
Active:           455780 kB
Mem:          3.8G       1.7G       2.1G       5.7M        60M       1.3G

MemTotal:        4016004 kB
MemFree:         2190584 kB
Active:           455780 kB
Mem:          3.8G       1.7G       2.1G       5.7M        60M       1.3G

MemTotal:        4016004 kB
MemFree:         2768776 kB
Active:           453668 kB
Mem:          3.8G       1.2G       2.6G       5.7M        60M       730M

MemTotal:        4016004 kB
MemFree:         3183320 kB
Active:           452092 kB
Mem:          3.8G       813M       3.0G       5.7M        60M       344M

MemTotal:        4016004 kB
MemFree:         2910172 kB
Active:           452944 kB
Mem:          3.8G       1.1G       2.8G       5.7M        60M       606M

MemTotal:        4016004 kB
MemFree:         2901376 kB
Active:           453112 kB
Mem:          3.8G       1.1G       2.8G       5.7M        60M       612M

MemTotal:        4016004 kB
MemFree:         2821408 kB
Active:           455260 kB
Mem:          3.8G       1.1G       2.7G       5.7M        60M       688M

MemTotal:        4016004 kB
MemFree:         2775028 kB
Active:           455564 kB
Mem:          3.8G       1.2G       2.6G       5.7M        60M       731M

MemTotal:        4016004 kB
MemFree:         2721176 kB
Active:           455588 kB
Mem:          3.8G       1.2G       2.6G       5.7M        60M       783M

MemTotal:        4016004 kB
MemFree:         2676432 kB
Active:           455900 kB
Mem:          3.8G       1.3G       2.6G       5.7M        60M       826M

MemTotal:        4016004 kB
MemFree:         2676064 kB
Active:           455988 kB
Mem:          3.8G       1.3G       2.6G       5.7M        60M       826M

MemTotal:        4016004 kB
MemFree:         2675876 kB
Active:           456024 kB
Mem:          3.8G       1.3G       2.6G       5.7M        60M       826M

MemTotal:        4016004 kB
MemFree:         2530968 kB
Active:           456432 kB
Mem:          3.8G       1.4G       2.4G       5.7M        60M       963M

MemTotal:        4016004 kB
MemFree:         2495428 kB
Active:           456612 kB
Mem:          3.8G       1.5G       2.4G       5.7M        60M       997M

MemTotal:        4016004 kB
MemFree:         2468580 kB
Active:           456812 kB
Mem:          3.8G       1.5G       2.4G       5.7M        60M       1.0G

MemTotal:        4016004 kB
MemFree:         2468272 kB
Active:           456844 kB
Mem:          3.8G       1.5G       2.4G       5.7M        60M       1.0G

MemTotal:        4016004 kB
MemFree:         2468616 kB
Active:           456804 kB
Mem:          3.8G       1.5G       2.4G       5.7M        60M       1.0G

MemTotal:        4016004 kB
MemFree:         2397424 kB
Active:           456968 kB
Mem:          3.8G       1.5G       2.3G       5.7M        60M       1.1G

MemTotal:        4016004 kB
MemFree:         2265000 kB
Active:           457488 kB
Mem:          3.8G       1.7G       2.2G       5.7M        60M       1.2G

MemTotal:        4016004 kB
MemFree:         2257060 kB
Active:           457676 kB
Mem:          3.8G       1.7G       2.2G       5.7M        60M       1.2G

MemTotal:        4016004 kB
MemFree:         2256348 kB
Active:           457640 kB
Mem:          3.8G       1.7G       2.2G       5.7M        60M       1.2G

MemTotal:        4016004 kB
MemFree:         2256416 kB
Active:           457640 kB
Mem:          3.8G       1.7G       2.2G       5.7M        60M       1.2G

MemTotal:        4016004 kB
MemFree:         2134428 kB
Active:           458088 kB
Mem:          3.8G       1.8G       2.0G       5.7M        60M       1.3G

MemTotal:        4016004 kB
MemFree:         3073756 kB
Active:           454604 kB
Mem:          3.8G       919M       2.9G       5.7M        60M       445M

MemTotal:        4016004 kB
MemFree:         3115332 kB
Active:           454560 kB
Mem:          3.8G       879M       3.0G       5.7M        60M       406M

MemTotal:        4016004 kB
MemFree:         3155912 kB
Active:           454424 kB
Mem:          3.8G       839M       3.0G       5.7M        60M       367M

MemTotal:        4016004 kB
MemFree:         3194828 kB
Active:           454244 kB
Mem:          3.8G       803M       3.0G       5.7M        60M       334M

MemTotal:        4016004 kB
MemFree:         2974584 kB
Active:           454960 kB
Mem:          3.8G       1.0G       2.8G       5.7M        60M       542M

MemTotal:        4016004 kB
MemFree:         2927388 kB
Active:           454996 kB
Mem:          3.8G       1.0G       2.8G       5.7M        60M       586M

MemTotal:        4016004 kB
MemFree:         2777460 kB
Active:           455600 kB
Mem:          3.8G       1.2G       2.6G       5.7M        60M       729M

MemTotal:        4016004 kB
MemFree:         2709720 kB
Active:           455952 kB
Mem:          3.8G       1.2G       2.6G       5.7M        60M       794M

MemTotal:        4016004 kB
MemFree:         2694812 kB
Active:           456032 kB
Mem:          3.8G       1.3G       2.6G       5.7M        60M       809M

MemTotal:        4016004 kB
MemFree:         2694104 kB
Active:           456104 kB
Mem:          3.8G       1.3G       2.6G       5.7M        60M       809M

MemTotal:        4016004 kB
MemFree:         2694140 kB
Active:           456112 kB
Mem:          3.8G       1.3G       2.6G       5.7M        60M       809M

MemTotal:        4016004 kB
MemFree:         2661444 kB
Active:           456232 kB
Mem:          3.8G       1.3G       2.5G       5.7M        60M       840M

MemTotal:        4016004 kB
MemFree:         2520736 kB
Active:           456764 kB
Mem:          3.8G       1.4G       2.4G       5.7M        60M       974M

MemTotal:        4016004 kB
MemFree:         2451028 kB
Active:           457048 kB
Mem:          3.8G       1.5G       2.3G       5.7M        60M       1.0G

MemTotal:        4016004 kB
MemFree:         2451028 kB
Active:           457060 kB
Mem:          3.8G       1.5G       2.3G       5.7M        60M       1.0G

MemTotal:        4016004 kB
MemFree:         2451220 kB
Active:           457008 kB
Mem:          3.8G       1.5G       2.3G       5.7M        60M       1.0G

MemTotal:        4016004 kB
MemFree:         2451288 kB
Active:           457008 kB
Mem:          3.8G       1.5G       2.3G       5.7M        60M       1.0G

MemTotal:        4016004 kB
MemFree:         2396780 kB
Active:           457276 kB
Mem:          3.8G       1.5G       2.3G       5.7M        60M       1.1G

MemTotal:        4016004 kB
MemFree:         2232820 kB
Active:           457868 kB
Mem:          3.8G       1.7G       2.1G       5.7M        60M       1.2G

MemTotal:        4016004 kB
MemFree:         2180472 kB
Active:           458072 kB
Mem:          3.8G       1.8G       2.1G       5.7M        60M       1.3G

MemTotal:        4016004 kB
MemFree:         2180600 kB
Active:           458080 kB
Mem:          3.8G       1.8G       2.1G       5.7M        60M       1.3G

MemTotal:        4016004 kB
MemFree:         2179828 kB
Active:           458116 kB
Mem:          3.8G       1.8G       2.1G       5.7M        60M       1.3G

MemTotal:        4016004 kB
MemFree:         2130204 kB
Active:           460248 kB
Mem:          3.8G       1.8G       2.0G       5.7M        60M       1.3G

MemTotal:        4016004 kB
MemFree:         2124852 kB
Active:           460368 kB
Mem:          3.8G       1.8G       2.0G       5.7M        60M       1.3G

MemTotal:        4016004 kB
MemFree:         3097164 kB
Active:           456708 kB
Mem:          3.8G       897M       3.0G       5.7M        60M       420M

MemTotal:        4016004 kB
MemFree:         3143552 kB
Active:           456540 kB
Mem:          3.8G       851M       3.0G       5.7M        60M       376M

MemTotal:        4016004 kB
MemFree:         3191056 kB
Active:           456368 kB
Mem:          3.8G       804M       3.0G       5.7M        60M       330M

MemTotal:        4016004 kB
MemFree:         2877752 kB
Active:           457444 kB
Mem:          3.8G       1.1G       2.7G       5.7M        60M       632M

MemTotal:        4016004 kB
MemFree:         2807748 kB
Active:           457752 kB
Mem:          3.8G       1.2G       2.7G       5.7M        60M       699M

MemTotal:        4016004 kB
MemFree:         2761764 kB
Active:           457876 kB
Mem:          3.8G       1.2G       2.6G       5.7M        60M       743M

MemTotal:        4016004 kB
MemFree:         2716772 kB
Active:           458092 kB
Mem:          3.8G       1.2G       2.6G       5.7M        60M       785M

MemTotal:        4016004 kB
MemFree:         2674736 kB
Active:           458256 kB
Mem:          3.8G       1.3G       2.6G       5.7M        60M       825M

MemTotal:        4016004 kB
MemFree:         2671668 kB
Active:           458324 kB
Mem:          3.8G       1.3G       2.5G       5.7M        60M       828M

MemTotal:        4016004 kB
MemFree:         2496552 kB
Active:           458920 kB
Mem:          3.8G       1.4G       2.4G       5.7M        60M       995M

MemTotal:        4016004 kB
MemFree:         2441524 kB
Active:           459056 kB
Mem:          3.8G       1.5G       2.3G       5.7M        60M       1.0G

MemTotal:        4016004 kB
MemFree:         2260232 kB
Active:           459832 kB
Mem:          3.8G       1.7G       2.2G       5.7M        60M       1.2G

MemTotal:        4016004 kB
MemFree:         2202584 kB
Active:           460088 kB
Mem:          3.8G       1.7G       2.1G       5.7M        60M       1.2G

MemTotal:        4016004 kB
MemFree:         2157104 kB
Active:           460260 kB
Mem:          3.8G       1.8G       2.1G       5.7M        60M       1.3G

MemTotal:        4016004 kB
MemFree:         2262512 kB
Active:           460020 kB
Mem:          3.8G       1.7G       2.2G       5.7M        60M       1.2G

MemTotal:        4016004 kB
MemFree:         3114320 kB
Active:           456692 kB
Mem:          3.8G       880M       3.0G       5.7M        60M       405M

MemTotal:        4016004 kB
MemFree:         3155492 kB
Active:           456556 kB
Mem:          3.8G       840M       3.0G       5.7M        60M       366M

MemTotal:        4016004 kB
MemFree:         3196320 kB
Active:           456408 kB
Mem:          3.8G       800M       3.0G       5.7M        60M       327M

MemTotal:        4016004 kB
MemFree:         2879068 kB
Active:           457484 kB
Mem:          3.8G       1.1G       2.7G       5.7M        60M       631M

MemTotal:        4016004 kB
MemFree:         2819644 kB
Active:           457788 kB
Mem:          3.8G       1.1G       2.7G       5.7M        60M       687M

MemTotal:        4016004 kB
MemFree:         2777884 kB
Active:           457944 kB
Mem:          3.8G       1.2G       2.6G       5.7M        60M       727M

MemTotal:        4016004 kB
MemFree:         2732036 kB
Active:           458104 kB
Mem:          3.8G       1.2G       2.6G       5.7M        60M       771M

MemTotal:        4016004 kB
MemFree:         2684168 kB
Active:           458252 kB
Mem:          3.8G       1.3G       2.6G       5.7M        60M       817M

MemTotal:        4016004 kB
MemFree:         2674712 kB
Active:           458400 kB
Mem:          3.8G       1.3G       2.6G       5.7M        60M       826M

MemTotal:        4016004 kB
MemFree:         2613016 kB
Active:           458496 kB
Mem:          3.8G       1.3G       2.5G       5.7M        60M       885M

MemTotal:        4016004 kB
MemFree:         2550208 kB
Active:           458808 kB
Mem:          3.8G       1.4G       2.4G       5.7M        60M       944M

MemTotal:        4016004 kB
MemFree:         2501504 kB
Active:           458972 kB
Mem:          3.8G       1.4G       2.4G       5.7M        60M       990M

MemTotal:        4016004 kB
MemFree:         2455868 kB
Active:           459160 kB
Mem:          3.8G       1.5G       2.3G       5.7M        60M       1.0G

MemTotal:        4016004 kB
MemFree:         2451188 kB
Active:           459216 kB
Mem:          3.8G       1.5G       2.3G       5.7M        60M       1.0G

MemTotal:        4016004 kB
MemFree:         2450320 kB
Active:           459268 kB
Mem:          3.8G       1.5G       2.3G       5.7M        60M       1.0G

MemTotal:        4016004 kB
MemFree:         2450480 kB
Active:           459260 kB
Mem:          3.8G       1.5G       2.3G       5.7M        60M       1.0G

MemTotal:        4016004 kB
MemFree:         2323864 kB
Active:           459644 kB
Mem:          3.8G       1.6G       2.2G       5.7M        60M       1.1G

MemTotal:        4016004 kB
MemFree:         2240328 kB
Active:           459868 kB
Mem:          3.8G       1.7G       2.1G       5.7M        60M       1.2G

MemTotal:        4016004 kB
MemFree:         2200148 kB
Active:           460116 kB
Mem:          3.8G       1.7G       2.1G       5.7M        60M       1.2G

MemTotal:        4016004 kB
MemFree:         2200228 kB
Active:           460172 kB
Mem:          3.8G       1.7G       2.1G       5.7M        60M       1.2G

MemTotal:        4016004 kB
MemFree:         2200200 kB
Active:           460188 kB
Mem:          3.8G       1.7G       2.1G       5.7M        60M       1.2G

MemTotal:        4016004 kB
MemFree:         2200732 kB
Active:           460180 kB
Mem:          3.8G       1.7G       2.1G       5.7M        60M       1.2G

MemTotal:        4016004 kB
MemFree:         3066692 kB
Active:           457124 kB
Mem:          3.8G       927M       2.9G       5.7M        60M       450M

MemTotal:        4016004 kB
MemFree:         3106520 kB
Active:           456880 kB
Mem:          3.8G       888M       3.0G       5.7M        60M       411M

MemTotal:        4016004 kB
MemFree:         3154840 kB
Active:           456732 kB
Mem:          3.8G       840M       3.0G       5.7M        60M       365M

MemTotal:        4016004 kB
MemFree:         3159448 kB
Active:           456556 kB
Mem:          3.8G       837M       3.0G       5.7M        60M       365M

MemTotal:        4016004 kB
MemFree:         2863380 kB
Active:           457500 kB
Mem:          3.8G       1.1G       2.7G       5.7M        60M       645M

MemTotal:        4016004 kB
MemFree:         2800656 kB
Active:           457748 kB
Mem:          3.8G       1.2G       2.7G       5.7M        60M       705M

MemTotal:        4016004 kB
MemFree:         2753656 kB
Active:           458004 kB
Mem:          3.8G       1.2G       2.6G       5.7M        60M       750M

MemTotal:        4016004 kB
MemFree:         2706796 kB
Active:           458148 kB
Mem:          3.8G       1.2G       2.6G       5.7M        60M       794M

MemTotal:        4016004 kB
MemFree:         2664804 kB
Active:           458312 kB
Mem:          3.8G       1.3G       2.5G       5.7M        60M       834M

MemTotal:        4016004 kB
MemFree:         2664308 kB
Active:           458428 kB
Mem:          3.8G       1.3G       2.5G       5.7M        60M       835M

MemTotal:        4016004 kB
MemFree:         2663936 kB
Active:           458428 kB
Mem:          3.8G       1.3G       2.5G       5.7M        60M       835M

MemTotal:        4016004 kB
MemFree:         2663724 kB
Active:           458436 kB
Mem:          3.8G       1.3G       2.5G       5.7M        60M       835M

MemTotal:        4016004 kB
MemFree:         2528280 kB
Active:           458868 kB
Mem:          3.8G       1.4G       2.4G       5.7M        61M       964M

MemTotal:        4016004 kB
MemFree:         2444352 kB
Active:           459172 kB
Mem:          3.8G       1.5G       2.3G       5.7M        61M       1.0G

MemTotal:        4016004 kB
MemFree:         2419876 kB
Active:           459332 kB
Mem:          3.8G       1.5G       2.3G       5.7M        61M       1.0G

MemTotal:        4016004 kB
MemFree:         2419908 kB
Active:           459416 kB
Mem:          3.8G       1.5G       2.3G       5.7M        61M       1.0G

MemTotal:        4016004 kB
MemFree:         2420084 kB
Active:           459380 kB
Mem:          3.8G       1.5G       2.3G       5.7M        61M       1.0G

MemTotal:        4016004 kB
MemFree:         2378612 kB
Active:           459436 kB
Mem:          3.8G       1.6G       2.3G       5.7M        61M       1.1G

MemTotal:        4016004 kB
MemFree:         2223544 kB
Active:           460044 kB
Mem:          3.8G       1.7G       2.1G       5.7M        61M       1.2G

MemTotal:        4016004 kB
MemFree:         2164604 kB
Active:           460204 kB
Mem:          3.8G       1.8G       2.1G       5.7M        61M       1.3G

MemTotal:        4016004 kB
MemFree:         2163612 kB
Active:           460388 kB
Mem:          3.8G       1.8G       2.1G       5.7M        61M       1.3G

MemTotal:        4016004 kB
MemFree:         2163652 kB
Active:           460416 kB
Mem:          3.8G       1.8G       2.1G       5.7M        61M       1.3G

MemTotal:        4016004 kB
MemFree:         2163580 kB
Active:           460420 kB
Mem:          3.8G       1.8G       2.1G       5.7M        61M       1.3G

MemTotal:        4016004 kB
MemFree:         3137544 kB
Active:           456780 kB
Mem:          3.8G       857M       3.0G       5.7M        61M       381M

MemTotal:        4016004 kB
MemFree:         3178348 kB
Active:           456568 kB
Mem:          3.8G       816M       3.0G       5.7M        61M       342M

MemTotal:        4016004 kB
MemFree:         2910500 kB
Active:           457588 kB
Mem:          3.8G       1.1G       2.8G       5.7M        61M       600M

MemTotal:        4016004 kB
MemFree:         2829780 kB
Active:           457896 kB
Mem:          3.8G       1.1G       2.7G       5.7M        61M       677M

MemTotal:        4016004 kB
MemFree:         2788284 kB
Active:           458056 kB
Mem:          3.8G       1.2G       2.7G       5.7M        61M       716M

MemTotal:        4016004 kB
MemFree:         2747036 kB
Active:           458216 kB
Mem:          3.8G       1.2G       2.6G       5.7M        61M       757M

MemTotal:        4016004 kB
MemFree:         2698596 kB
Active:           458400 kB
Mem:          3.8G       1.3G       2.6G       5.7M        61M       803M

MemTotal:        4016004 kB
MemFree:         2672628 kB
Active:           458520 kB
Mem:          3.8G       1.3G       2.5G       5.7M        61M       827M

MemTotal:        4016004 kB
MemFree:         2671824 kB
Active:           458508 kB
Mem:          3.8G       1.3G       2.5G       5.7M        61M       827M

MemTotal:        4016004 kB
MemFree:         2672076 kB
Active:           458524 kB
Mem:          3.8G       1.3G       2.5G       5.7M        61M       827M

MemTotal:        4016004 kB
MemFree:         2553068 kB
Active:           458920 kB
Mem:          3.8G       1.4G       2.4G       5.7M        61M       941M

MemTotal:        4016004 kB
MemFree:         2469020 kB
Active:           459248 kB
Mem:          3.8G       1.5G       2.4G       5.7M        61M       1.0G

MemTotal:        4016004 kB
MemFree:         2430252 kB
Active:           459424 kB
Mem:          3.8G       1.5G       2.3G       5.7M        61M       1.0G

MemTotal:        4016004 kB
MemFree:         2430008 kB
Active:           459444 kB
Mem:          3.8G       1.5G       2.3G       5.7M        61M       1.0G

MemTotal:        4016004 kB
MemFree:         2429608 kB
Active:           459460 kB
Mem:          3.8G       1.5G       2.3G       5.7M        61M       1.0G

MemTotal:        4016004 kB
MemFree:         2405960 kB
Active:           459436 kB
Mem:          3.8G       1.5G       2.3G       5.7M        61M       1.1G

MemTotal:        4016004 kB
MemFree:         2265524 kB
Active:           460004 kB
Mem:          3.8G       1.7G       2.2G       5.7M        61M       1.2G

MemTotal:        4016004 kB
MemFree:         2238908 kB
Active:           460192 kB
Mem:          3.8G       1.7G       2.1G       5.7M        61M       1.2G

MemTotal:        4016004 kB
MemFree:         2238728 kB
Active:           460192 kB
Mem:          3.8G       1.7G       2.1G       5.7M        61M       1.2G

MemTotal:        4016004 kB
MemFree:         2238484 kB
Active:           460196 kB
Mem:          3.8G       1.7G       2.1G       5.7M        61M       1.2G

MemTotal:        4016004 kB
MemFree:         3112424 kB
Active:           456988 kB
Mem:          3.8G       882M       3.0G       5.7M        61M       407M

MemTotal:        4016004 kB
MemFree:         3152968 kB
Active:           456764 kB
Mem:          3.8G       842M       3.0G       5.7M        61M       368M

MemTotal:        4016004 kB
MemFree:         3194160 kB
Active:           456616 kB
Mem:          3.8G       802M       3.0G       5.7M        61M       329M

MemTotal:        4016004 kB
MemFree:         2880496 kB
Active:           457676 kB
Mem:          3.8G       1.1G       2.7G       5.7M        61M       630M

MemTotal:        4016004 kB
MemFree:         2809572 kB
Active:           457976 kB
Mem:          3.8G       1.2G       2.7G       5.7M        61M       697M

MemTotal:        4016004 kB
MemFree:         2763084 kB
Active:           458128 kB
Mem:          3.8G       1.2G       2.6G       5.7M        61M       741M

MemTotal:        4016004 kB
MemFree:         2717644 kB
Active:           458276 kB
Mem:          3.8G       1.2G       2.6G       5.7M        61M       785M

MemTotal:        4016004 kB
MemFree:         2670784 kB
Active:           458476 kB
Mem:          3.8G       1.3G       2.5G       5.7M        61M       829M

MemTotal:        4016004 kB
MemFree:         2665824 kB
Active:           458584 kB
Mem:          3.8G       1.3G       2.5G       5.7M        61M       833M

MemTotal:        4016004 kB
MemFree:         2665644 kB
Active:           458552 kB
Mem:          3.8G       1.3G       2.5G       5.7M        61M       833M

MemTotal:        4016004 kB
MemFree:         2665804 kB
Active:           458544 kB
Mem:          3.8G       1.3G       2.5G       5.7M        61M       833M

MemTotal:        4016004 kB
MemFree:         2516456 kB
Active:           459016 kB
Mem:          3.8G       1.4G       2.4G       5.7M        61M       975M

MemTotal:        4016004 kB
MemFree:         2451072 kB
Active:           459332 kB
Mem:          3.8G       1.5G       2.3G       5.7M        61M       1.0G

MemTotal:        4016004 kB
MemFree:         2448584 kB
Active:           459428 kB
Mem:          3.8G       1.5G       2.3G       5.7M        61M       1.0G

MemTotal:        4016004 kB
MemFree:         2448268 kB
Active:           459372 kB
Mem:          3.8G       1.5G       2.3G       5.7M        61M       1.0G

MemTotal:        4016004 kB
MemFree:         2448532 kB
Active:           459424 kB
Mem:          3.8G       1.5G       2.3G       5.7M        61M       1.0G

MemTotal:        4016004 kB
MemFree:         2305188 kB
Active:           459816 kB
Mem:          3.8G       1.6G       2.2G       5.7M        61M       1.1G

MemTotal:        4016004 kB
MemFree:         2222628 kB
Active:           460132 kB
Mem:          3.8G       1.7G       2.1G       5.7M        61M       1.2G

MemTotal:        4016004 kB
MemFree:         2192772 kB
Active:           460404 kB
Mem:          3.8G       1.7G       2.1G       5.7M        61M       1.3G

MemTotal:        4016004 kB
MemFree:         2192420 kB
Active:           460420 kB
Mem:          3.8G       1.7G       2.1G       5.7M        61M       1.3G

MemTotal:        4016004 kB
MemFree:         3179568 kB
Active:           456764 kB
Mem:          3.8G       816M       3.0G       5.7M        61M       343M

MemTotal:        4016004 kB
MemFree:         2901052 kB
Active:           457572 kB
Mem:          3.8G       1.1G       2.8G       5.7M        61M       610M

MemTotal:        4016004 kB
MemFree:         2898540 kB
Active:           457752 kB
Mem:          3.8G       1.1G       2.8G       5.7M        61M       612M

MemTotal:        4016004 kB
MemFree:         2898172 kB
Active:           457720 kB
Mem:          3.8G       1.1G       2.8G       5.7M        61M       612M

MemTotal:        4016004 kB
MemFree:         2768400 kB
Active:           458144 kB
Mem:          3.8G       1.2G       2.6G       5.7M        61M       735M

MemTotal:        4016004 kB
MemFree:         2696620 kB
Active:           458348 kB
Mem:          3.8G       1.3G       2.6G       5.7M        61M       804M

MemTotal:        4016004 kB
MemFree:         2665292 kB
Active:           458556 kB
Mem:          3.8G       1.3G       2.5G       5.7M        61M       835M

MemTotal:        4016004 kB
MemFree:         2664176 kB
Active:           458644 kB
Mem:          3.8G       1.3G       2.5G       5.7M        61M       835M

MemTotal:        4016004 kB
MemFree:         2500044 kB
Active:           459160 kB
Mem:          3.8G       1.4G       2.4G       5.7M        61M       992M

MemTotal:        4016004 kB
MemFree:         2439112 kB
Active:           459440 kB
Mem:          3.8G       1.5G       2.3G       5.7M        61M       1.0G

MemTotal:        4016004 kB
MemFree:         2422736 kB
Active:           459588 kB
Mem:          3.8G       1.5G       2.3G       5.7M        61M       1.0G

MemTotal:        4016004 kB
MemFree:         2422460 kB
Active:           459588 kB
Mem:          3.8G       1.5G       2.3G       5.7M        61M       1.0G

MemTotal:        4016004 kB
MemFree:         2421692 kB
Active:           459588 kB
Mem:          3.8G       1.5G       2.3G       5.7M        61M       1.0G

MemTotal:        4016004 kB
MemFree:         2297648 kB
Active:           459908 kB
Mem:          3.8G       1.6G       2.2G       5.7M        61M       1.2G

MemTotal:        4016004 kB
MemFree:         2216496 kB
Active:           460208 kB
Mem:          3.8G       1.7G       2.1G       5.7M        61M       1.2G

MemTotal:        4016004 kB
MemFree:         2209040 kB
Active:           460360 kB
Mem:          3.8G       1.7G       2.1G       5.7M        61M       1.2G

MemTotal:        4016004 kB
MemFree:         2208328 kB
Active:           460404 kB
Mem:          3.8G       1.7G       2.1G       5.7M        61M       1.2G

MemTotal:        4016004 kB
MemFree:         2208612 kB
Active:           460396 kB
Mem:          3.8G       1.7G       2.1G       5.7M        61M       1.2G

MemTotal:        4016004 kB
MemFree:         3043376 kB
Active:           457436 kB
Mem:          3.8G       950M       2.9G       5.7M        61M       472M

MemTotal:        4016004 kB
MemFree:         3088208 kB
Active:           457160 kB
Mem:          3.8G       904M       2.9G       5.7M        61M       427M

MemTotal:        4016004 kB
MemFree:         3130012 kB
Active:           456956 kB
Mem:          3.8G       864M       3.0G       5.7M        61M       388M

MemTotal:        4016004 kB
MemFree:         3171228 kB
Active:           456840 kB
Mem:          3.8G       824M       3.0G       5.7M        61M       349M

MemTotal:        4016004 kB
MemFree:         2916904 kB
Active:           457496 kB
Mem:          3.8G       1.0G       2.8G       5.7M        61M       594M

MemTotal:        4016004 kB
MemFree:         2835744 kB
Active:           457860 kB
Mem:          3.8G       1.1G       2.7G       5.7M        61M       673M

MemTotal:        4016004 kB
MemFree:         2779468 kB
Active:           458120 kB
Mem:          3.8G       1.2G       2.7G       5.7M        61M       726M

MemTotal:        4016004 kB
MemFree:         3049708 kB
Active:           456448 kB
Mem:          3.8G       943M       2.9G       5.7M        61M       467M

MemTotal:        4016004 kB
MemFree:         3095864 kB
Active:           456108 kB
Mem:          3.8G       898M       3.0G       5.7M        61M       423M

MemTotal:        4016004 kB
MemFree:         3142680 kB
Active:           455956 kB
Mem:          3.8G       852M       3.0G       5.7M        61M       378M

MemTotal:        4016004 kB
MemFree:         3190084 kB
Active:           455776 kB
Mem:          3.8G       806M       3.0G       5.7M        61M       333M

MemTotal:        4016004 kB
MemFree:         3201356 kB
Active:           455460 kB
Mem:          3.8G       795M       3.1G       5.7M        61M       323M

MemTotal:        4016004 kB
MemFree:         3201496 kB
Active:           455432 kB
Mem:          3.8G       795M       3.1G       5.7M        61M       323M

MemTotal:        4016004 kB
MemFree:         3201620 kB
Active:           455460 kB
Mem:          3.8G       795M       3.1G       5.7M        61M       323M

MemTotal:        4016004 kB
MemFree:         3201620 kB
Active:           455448 kB
Mem:          3.8G       795M       3.1G       5.7M        61M       323M

MemTotal:        4016004 kB
MemFree:         3201992 kB
Active:           455440 kB
Mem:          3.8G       794M       3.1G       5.7M        61M       323M

MemTotal:        4016004 kB
MemFree:         3201372 kB
Active:           455460 kB
Mem:          3.8G       795M       3.1G       5.7M        61M       323M

MemTotal:        4016004 kB
MemFree:         3201744 kB
Active:           455452 kB
Mem:          3.8G       795M       3.1G       5.7M        61M       323M

MemTotal:        4016004 kB
MemFree:         3201744 kB
Active:           455440 kB
Mem:          3.8G       795M       3.1G       5.7M        61M       323M

MemTotal:        4016004 kB
MemFree:         3201868 kB
Active:           455448 kB
Mem:          3.8G       795M       3.1G       5.7M        61M       323M

MemTotal:        4016004 kB
MemFree:         3201744 kB
Active:           455456 kB
Mem:          3.8G       795M       3.1G       5.7M        61M       323M

MemTotal:        4016004 kB
MemFree:         3201496 kB
Active:           455472 kB
Mem:          3.8G       795M       3.1G       5.7M        61M       323M

MemTotal:        4016004 kB
MemFree:         3201868 kB
Active:           455448 kB
Mem:          3.8G       795M       3.1G       5.7M        61M       323M

MemTotal:        4016004 kB
MemFree:         3201496 kB
Active:           455480 kB
Mem:          3.8G       795M       3.1G       5.7M        61M       323M

MemTotal:        4016004 kB
MemFree:         3201496 kB
Active:           455468 kB
Mem:          3.8G       795M       3.1G       5.7M        61M       323M

MemTotal:        4016004 kB
MemFree:         3201620 kB
Active:           455424 kB
Mem:          3.8G       795M       3.1G       5.7M        61M       323M

MemTotal:        4016004 kB
MemFree:         3201628 kB
Active:           455440 kB
Mem:          3.8G       795M       3.1G       5.7M        61M       323M

MemTotal:        4016004 kB
MemFree:         3201504 kB
Active:           455448 kB
Mem:          3.8G       795M       3.1G       5.7M        61M       323M

MemTotal:        4016004 kB
MemFree:         3201580 kB
Active:           455444 kB
Mem:          3.8G       795M       3.1G       5.7M        61M       323M

MemTotal:        4016004 kB
MemFree:         3201876 kB
Active:           455476 kB
Mem:          3.8G       795M       3.1G       5.7M        61M       323M

MemTotal:        4016004 kB
MemFree:         3201752 kB
Active:           455424 kB
Mem:          3.8G       795M       3.1G       5.7M        61M       323M

MemTotal:        4016004 kB
MemFree:         3202000 kB
Active:           455424 kB
Mem:          3.8G       795M       3.1G       5.7M        61M       323M

MemTotal:        4016004 kB
MemFree:         3201876 kB
Active:           455464 kB
Mem:          3.8G       795M       3.1G       5.7M        61M       323M

MemTotal:        4016004 kB
MemFree:         3202000 kB
Active:           455452 kB
Mem:          3.8G       795M       3.1G       5.7M        61M       323M

MemTotal:        4016004 kB
MemFree:         3202000 kB
Active:           455436 kB
Mem:          3.8G       795M       3.1G       5.7M        61M       323M

MemTotal:        4016004 kB
MemFree:         3201876 kB
Active:           455456 kB
Mem:          3.8G       795M       3.1G       5.7M        61M       323M

MemTotal:        4016004 kB
MemFree:         3201504 kB
Active:           455488 kB
Mem:          3.8G       795M       3.1G       5.7M        61M       323M

MemTotal:        4016004 kB
MemFree:         3201628 kB
Active:           455444 kB
Mem:          3.8G       795M       3.1G       5.7M        61M       323M

MemTotal:        4016004 kB
MemFree:         3202248 kB
Active:           455488 kB
Mem:          3.8G       794M       3.1G       5.7M        61M       323M

MemTotal:        4016004 kB
MemFree:         3202000 kB
Active:           455492 kB
Mem:          3.8G       794M       3.1G       5.7M        61M       323M

MemTotal:        4016004 kB
MemFree:         3202000 kB
Active:           455476 kB
Mem:          3.8G       795M       3.1G       5.7M        61M       323M

MemTotal:        4016004 kB
MemFree:         3201752 kB
Active:           455460 kB
Mem:          3.8G       795M       3.1G       5.7M        61M       323M

MemTotal:        4016004 kB
MemFree:         3201504 kB
Active:           455504 kB
Mem:          3.8G       795M       3.1G       5.7M        61M       323M

MemTotal:        4016004 kB
MemFree:         3201380 kB
Active:           455508 kB
Mem:          3.8G       795M       3.1G       5.7M        61M       323M

MemTotal:        4016004 kB
MemFree:         3202000 kB
Active:           455500 kB
Mem:          3.8G       795M       3.1G       5.7M        61M       323M

MemTotal:        4016004 kB
MemFree:         3201504 kB
Active:           455524 kB
Mem:          3.8G       795M       3.1G       5.7M        61M       323M

MemTotal:        4016004 kB
MemFree:         3201380 kB
Active:           455524 kB
Mem:          3.8G       795M       3.1G       5.7M        61M       323M

MemTotal:        4016004 kB
MemFree:         3201752 kB
Active:           455512 kB
Mem:          3.8G       795M       3.1G       5.7M        61M       323M

MemTotal:        4016004 kB
MemFree:         3201628 kB
Active:           455504 kB
Mem:          3.8G       795M       3.1G       5.7M        61M       323M

MemTotal:        4016004 kB
MemFree:         3201752 kB
Active:           455512 kB
Mem:          3.8G       795M       3.1G       5.7M        61M       323M

MemTotal:        4016004 kB
MemFree:         3201752 kB
Active:           455524 kB
Mem:          3.8G       795M       3.1G       5.7M        61M       323M

MemTotal:        4016004 kB
MemFree:         3201876 kB
Active:           455472 kB
Mem:          3.8G       795M       3.1G       5.7M        61M       323M

MemTotal:        4016004 kB
MemFree:         3201876 kB
Active:           455512 kB
Mem:          3.8G       795M       3.1G       5.7M        61M       323M

MemTotal:        4016004 kB
MemFree:         3202000 kB
Active:           455500 kB
Mem:          3.8G       795M       3.1G       5.7M        61M       323M

MemTotal:        4016004 kB
MemFree:         3202000 kB
Active:           455492 kB
Mem:          3.8G       794M       3.1G       5.7M        61M       323M

MemTotal:        4016004 kB
MemFree:         3202000 kB
Active:           455480 kB
Mem:          3.8G       794M       3.1G       5.7M        61M       323M

MemTotal:        4016004 kB
MemFree:         3201504 kB
Active:           455540 kB
Mem:          3.8G       795M       3.1G       5.7M        61M       323M

MemTotal:        4016004 kB
MemFree:         3201628 kB
Active:           455528 kB
Mem:          3.8G       795M       3.1G       5.7M        61M       323M

MemTotal:        4016004 kB
MemFree:         3201628 kB
Active:           455524 kB
Mem:          3.8G       795M       3.1G       5.7M        61M       323M

MemTotal:        4016004 kB
MemFree:         3201628 kB
Active:           455496 kB
Mem:          3.8G       795M       3.1G       5.7M        61M       323M

MemTotal:        4016004 kB
MemFree:         3201628 kB
Active:           455536 kB
Mem:          3.8G       795M       3.1G       5.7M        61M       323M

MemTotal:        4016004 kB
MemFree:         3201628 kB
Active:           455532 kB
Mem:          3.8G       795M       3.1G       5.7M        61M       323M

MemTotal:        4016004 kB
MemFree:         3201628 kB
Active:           455516 kB
Mem:          3.8G       795M       3.1G       5.7M        61M       323M

MemTotal:        4016004 kB
MemFree:         3202132 kB
Active:           455528 kB
Mem:          3.8G       795M       3.1G       5.7M        61M       323M

MemTotal:        4016004 kB
MemFree:         3201512 kB
Active:           455556 kB
