MemTotal:        4016004 kB
MemFree:         3247552 kB
Active:           414052 kB
Mem:          3.8G       750M       3.1G       5.7M        50M       318M

MemTotal:        4016004 kB
MemFree:         3247960 kB
Active:           414040 kB
Mem:          3.8G       750M       3.1G       5.7M        50M       318M

MemTotal:        4016004 kB
MemFree:         3247944 kB
Active:           414120 kB
Mem:          3.8G       750M       3.1G       5.7M        50M       318M

MemTotal:        4016004 kB
MemFree:         3246004 kB
Active:           414144 kB
Mem:          3.8G       752M       3.1G       5.7M        50M       318M

MemTotal:        4016004 kB
MemFree:         3245924 kB
Active:           416156 kB
Mem:          3.8G       752M       3.1G       5.7M        50M       318M

MemTotal:        4016004 kB
MemFree:         3246032 kB
Active:           416176 kB
Mem:          3.8G       751M       3.1G       5.7M        50M       318M

MemTotal:        4016004 kB
MemFree:         3245892 kB
Active:           416188 kB
Mem:          3.8G       752M       3.1G       5.7M        50M       318M

MemTotal:        4016004 kB
MemFree:         3246248 kB
Active:           416168 kB
Mem:          3.8G       751M       3.1G       5.7M        50M       318M

MemTotal:        4016004 kB
MemFree:         3246108 kB
Active:           416176 kB
Mem:          3.8G       751M       3.1G       5.7M        50M       318M

MemTotal:        4016004 kB
MemFree:         3245720 kB
Active:           416192 kB
Mem:          3.8G       752M       3.1G       5.7M        50M       318M

MemTotal:        4016004 kB
MemFree:         3246140 kB
Active:           416176 kB
Mem:          3.8G       751M       3.1G       5.7M        50M       318M

MemTotal:        4016004 kB
MemFree:         3246388 kB
Active:           416152 kB
Mem:          3.8G       751M       3.1G       5.7M        50M       318M

MemTotal:        4016004 kB
MemFree:         3246264 kB
Active:           416152 kB
Mem:          3.8G       751M       3.1G       5.7M        50M       318M

MemTotal:        4016004 kB
MemFree:         3246264 kB
Active:           416152 kB
Mem:          3.8G       751M       3.1G       5.7M        50M       318M

MemTotal:        4016004 kB
MemFree:         3245800 kB
Active:           416200 kB
Mem:          3.8G       752M       3.1G       5.7M        50M       318M

MemTotal:        4016004 kB
MemFree:         3246296 kB
Active:           416164 kB
Mem:          3.8G       751M       3.1G       5.7M        50M       318M

MemTotal:        4016004 kB
MemFree:         3246420 kB
Active:           416180 kB
Mem:          3.8G       751M       3.1G       5.7M        50M       318M

MemTotal:        4016004 kB
MemFree:         3246048 kB
Active:           416200 kB
Mem:          3.8G       751M       3.1G       5.7M        50M       318M

MemTotal:        4016004 kB
MemFree:         3246172 kB
Active:           416200 kB
Mem:          3.8G       751M       3.1G       5.7M        50M       318M

MemTotal:        4016004 kB
MemFree:         3245908 kB
Active:           416200 kB
Mem:          3.8G       752M       3.1G       5.7M        50M       318M

MemTotal:        4016004 kB
MemFree:         3246404 kB
Active:           416196 kB
Mem:          3.8G       751M       3.1G       5.7M        50M       318M

MemTotal:        4016004 kB
MemFree:         3246340 kB
Active:           416164 kB
Mem:          3.8G       751M       3.1G       5.7M        50M       318M

MemTotal:        4016004 kB
MemFree:         3246372 kB
Active:           416196 kB
Mem:          3.8G       751M       3.1G       5.7M        50M       318M

MemTotal:        4016004 kB
MemFree:         3246592 kB
Active:           416192 kB
Mem:          3.8G       751M       3.1G       5.7M        50M       318M

MemTotal:        4016004 kB
MemFree:         3245972 kB
Active:           416208 kB
Mem:          3.8G       751M       3.1G       5.7M        50M       318M

MemTotal:        4016004 kB
MemFree:         3245724 kB
Active:           416208 kB
Mem:          3.8G       752M       3.1G       5.7M        50M       318M

MemTotal:        4016004 kB
MemFree:         3246096 kB
Active:           416200 kB
Mem:          3.8G       751M       3.1G       5.7M        50M       318M

MemTotal:        4016004 kB
MemFree:         3246096 kB
Active:           416164 kB
Mem:          3.8G       751M       3.1G       5.7M        50M       318M

MemTotal:        4016004 kB
MemFree:         3245708 kB
Active:           416216 kB
Mem:          3.8G       752M       3.1G       5.7M        50M       318M

MemTotal:        4016004 kB
MemFree:         3245940 kB
Active:           416216 kB
Mem:          3.8G       751M       3.1G       5.7M        50M       318M

MemTotal:        4016004 kB
MemFree:         3245924 kB
Active:           416212 kB
Mem:          3.8G       752M       3.1G       5.7M        50M       318M

MemTotal:        4016004 kB
MemFree:         3245784 kB
Active:           416160 kB
Mem:          3.8G       752M       3.1G       5.7M        50M       318M

MemTotal:        4016004 kB
MemFree:         3245520 kB
Active:           416216 kB
Mem:          3.8G       752M       3.1G       5.7M        50M       318M

MemTotal:        4016004 kB
MemFree:         3245936 kB
Active:           414164 kB
Mem:          3.8G       752M       3.1G       5.7M        50M       318M

MemTotal:        4016004 kB
MemFree:         3246108 kB
Active:           416208 kB
Mem:          3.8G       751M       3.1G       5.7M        50M       318M

MemTotal:        4016004 kB
MemFree:         3245984 kB
Active:           416200 kB
Mem:          3.8G       751M       3.1G       5.7M        50M       318M

MemTotal:        4016004 kB
MemFree:         3245736 kB
Active:           416248 kB
Mem:          3.8G       752M       3.1G       5.7M        50M       318M

MemTotal:        4016004 kB
MemFree:         3245984 kB
Active:           416228 kB
Mem:          3.8G       752M       3.1G       5.7M        50M       318M

MemTotal:        4016004 kB
MemFree:         3245860 kB
Active:           416216 kB
Mem:          3.8G       752M       3.1G       5.7M        50M       318M

MemTotal:        4016004 kB
MemFree:         3245860 kB
Active:           416208 kB
Mem:          3.8G       752M       3.1G       5.7M        50M       318M

MemTotal:        4016004 kB
MemFree:         3245488 kB
Active:           416252 kB
Mem:          3.8G       752M       3.1G       5.7M        50M       318M

MemTotal:        4016004 kB
MemFree:         3245984 kB
Active:           416208 kB
Mem:          3.8G       751M       3.1G       5.7M        50M       318M

MemTotal:        4016004 kB
MemFree:         3246108 kB
Active:           416256 kB
Mem:          3.8G       751M       3.1G       5.7M        50M       318M

MemTotal:        4016004 kB
MemFree:         3245408 kB
Active:           414216 kB
Mem:          3.8G       752M       3.1G       5.7M        50M       318M

MemTotal:        4016004 kB
MemFree:         3245408 kB
Active:           416264 kB
Mem:          3.8G       752M       3.1G       5.7M        50M       318M

MemTotal:        4016004 kB
MemFree:         3245888 kB
Active:           416232 kB
Mem:          3.8G       752M       3.1G       5.7M        50M       318M

MemTotal:        4016004 kB
MemFree:         3245376 kB
Active:           416264 kB
Mem:          3.8G       752M       3.1G       5.7M        50M       318M

MemTotal:        4016004 kB
MemFree:         3245376 kB
Active:           416264 kB
Mem:          3.8G       752M       3.1G       5.7M        50M       318M

MemTotal:        4016004 kB
MemFree:         3245720 kB
Active:           416272 kB
Mem:          3.8G       752M       3.1G       5.7M        50M       318M

MemTotal:        4016004 kB
MemFree:         3245720 kB
Active:           416260 kB
Mem:          3.8G       752M       3.1G       5.7M        50M       318M

MemTotal:        4016004 kB
MemFree:         3245472 kB
Active:           416276 kB
Mem:          3.8G       752M       3.1G       5.7M        50M       318M

MemTotal:        4016004 kB
MemFree:         3245844 kB
Active:           416260 kB
Mem:          3.8G       752M       3.1G       5.7M        50M       318M

MemTotal:        4016004 kB
MemFree:         3245844 kB
Active:           416236 kB
Mem:          3.8G       752M       3.1G       5.7M        50M       318M

MemTotal:        4016004 kB
MemFree:         3246060 kB
Active:           416288 kB
Mem:          3.8G       752M       3.1G       5.7M        50M       318M

MemTotal:        4016004 kB
MemFree:         3245920 kB
Active:           416244 kB
Mem:          3.8G       752M       3.1G       5.7M        50M       318M

MemTotal:        4016004 kB
MemFree:         3245796 kB
Active:           416288 kB
Mem:          3.8G       752M       3.1G       5.7M        50M       318M

MemTotal:        4016004 kB
MemFree:         3245656 kB
Active:           416284 kB
Mem:          3.8G       752M       3.1G       5.7M        50M       318M

MemTotal:        4016004 kB
MemFree:         3245888 kB
Active:           416292 kB
Mem:          3.8G       752M       3.1G       5.7M        50M       318M

MemTotal:        4016004 kB
MemFree:         3245748 kB
Active:           416288 kB
Mem:          3.8G       752M       3.1G       5.7M        50M       318M

MemTotal:        4016004 kB
MemFree:         3245672 kB
Active:           416260 kB
Mem:          3.8G       752M       3.1G       5.7M        50M       318M

MemTotal:        4016004 kB
MemFree:         3245920 kB
Active:           416292 kB
Mem:          3.8G       752M       3.1G       5.7M        50M       318M

MemTotal:        4016004 kB
MemFree:         3245796 kB
Active:           416268 kB
Mem:          3.8G       752M       3.1G       5.7M        50M       318M

MemTotal:        4016004 kB
MemFree:         3245156 kB
Active:           414412 kB
Mem:          3.8G       752M       3.1G       5.7M        50M       318M

MemTotal:        4016004 kB
MemFree:         3245360 kB
Active:           416264 kB
Mem:          3.8G       752M       3.1G       5.7M        50M       318M

MemTotal:        4016004 kB
MemFree:         3245236 kB
Active:           416316 kB
Mem:          3.8G       752M       3.1G       5.7M        50M       318M

MemTotal:        4016004 kB
MemFree:         3245732 kB
Active:           416268 kB
Mem:          3.8G       752M       3.1G       5.7M        50M       318M

MemTotal:        4016004 kB
MemFree:         3245980 kB
Active:           416284 kB
Mem:          3.8G       751M       3.1G       5.7M        50M       318M

MemTotal:        4016004 kB
MemFree:         3245980 kB
Active:           416292 kB
Mem:          3.8G       751M       3.1G       5.7M        50M       318M

MemTotal:        4016004 kB
MemFree:         3245964 kB
Active:           416296 kB
Mem:          3.8G       752M       3.1G       5.7M        50M       318M

MemTotal:        4016004 kB
MemFree:         3245452 kB
Active:           416316 kB
Mem:          3.8G       752M       3.1G       5.7M        50M       318M

MemTotal:        4016004 kB
MemFree:         3245824 kB
Active:           416320 kB
Mem:          3.8G       751M       3.1G       5.7M        50M       318M

MemTotal:        4016004 kB
MemFree:         3245948 kB
Active:           416320 kB
Mem:          3.8G       752M       3.1G       5.7M        50M       318M

MemTotal:        4016004 kB
MemFree:         3245440 kB
Active:           414356 kB
Mem:          3.8G       752M       3.1G       5.7M        50M       318M

MemTotal:        4016004 kB
MemFree:         3245636 kB
Active:           414320 kB
Mem:          3.8G       752M       3.1G       5.7M        50M       318M

MemTotal:        4016004 kB
MemFree:         3245388 kB
Active:           416416 kB
Mem:          3.8G       752M       3.1G       5.7M        50M       318M

MemTotal:        4016004 kB
MemFree:         3245388 kB
Active:           416416 kB
Mem:          3.8G       752M       3.1G       5.7M        50M       318M

MemTotal:        4016004 kB
MemFree:         3245760 kB
Active:           416380 kB
Mem:          3.8G       752M       3.1G       5.7M        50M       318M

MemTotal:        4016004 kB
MemFree:         3245636 kB
Active:           416420 kB
Mem:          3.8G       752M       3.1G       5.7M        50M       318M

MemTotal:        4016004 kB
MemFree:         3245248 kB
Active:           416424 kB
Mem:          3.8G       752M       3.1G       5.7M        50M       318M

MemTotal:        4016004 kB
MemFree:         3245372 kB
Active:           416420 kB
Mem:          3.8G       752M       3.1G       5.7M        50M       318M

MemTotal:        4016004 kB
MemFree:         3245480 kB
Active:           416396 kB
Mem:          3.8G       752M       3.1G       5.7M        50M       318M

MemTotal:        4016004 kB
MemFree:         3245712 kB
Active:           416396 kB
Mem:          3.8G       752M       3.1G       5.7M        50M       318M

MemTotal:        4016004 kB
MemFree:         3245416 kB
Active:           414336 kB
Mem:          3.8G       752M       3.1G       5.7M        50M       318M

MemTotal:        4016004 kB
MemFree:         3245232 kB
Active:           416436 kB
Mem:          3.8G       752M       3.1G       5.7M        50M       318M

MemTotal:        4016004 kB
MemFree:         3245480 kB
Active:           416380 kB
Mem:          3.8G       752M       3.1G       5.7M        50M       318M

MemTotal:        4016004 kB
MemFree:         3245528 kB
Active:           416384 kB
Mem:          3.8G       752M       3.1G       5.7M        50M       318M

MemTotal:        4016004 kB
MemFree:         3245016 kB
Active:           416436 kB
Mem:          3.8G       752M       3.1G       5.7M        50M       318M

MemTotal:        4016004 kB
MemFree:         3245032 kB
Active:           416436 kB
Mem:          3.8G       752M       3.1G       5.7M        50M       318M

MemTotal:        4016004 kB
MemFree:         3245356 kB
Active:           416428 kB
Mem:          3.8G       752M       3.1G       5.7M        50M       318M

MemTotal:        4016004 kB
MemFree:         3245404 kB
Active:           416388 kB
Mem:          3.8G       752M       3.1G       5.7M        50M       318M

MemTotal:        4016004 kB
MemFree:         3245652 kB
Active:           416416 kB
Mem:          3.8G       752M       3.1G       5.7M        50M       318M

MemTotal:        4016004 kB
MemFree:         3245528 kB
Active:           416412 kB
Mem:          3.8G       752M       3.1G       5.7M        50M       319M

MemTotal:        4016004 kB
MemFree:         3246024 kB
Active:           416440 kB
Mem:          3.8G       752M       3.1G       5.7M        50M       319M

MemTotal:        4016004 kB
MemFree:         3246148 kB
Active:           416424 kB
Mem:          3.8G       751M       3.1G       5.7M        50M       319M

MemTotal:        4016004 kB
MemFree:         3245512 kB
Active:           416452 kB
Mem:          3.8G       752M       3.1G       5.7M        50M       319M

MemTotal:        4016004 kB
MemFree:         3245868 kB
Active:           416432 kB
Mem:          3.8G       752M       3.1G       5.7M        50M       319M

MemTotal:        4016004 kB
MemFree:         3245852 kB
Active:           416440 kB
Mem:          3.8G       752M       3.1G       5.7M        50M       319M

MemTotal:        4016004 kB
MemFree:         3245824 kB
Active:           416440 kB
Mem:          3.8G       752M       3.1G       5.7M        50M       319M

MemTotal:        4016004 kB
MemFree:         3245700 kB
Active:           416456 kB
Mem:          3.8G       752M       3.1G       5.7M        50M       319M

MemTotal:        4016004 kB
MemFree:         3245700 kB
Active:           416444 kB
Mem:          3.8G       752M       3.1G       5.7M        50M       319M

MemTotal:        4016004 kB
MemFree:         3245700 kB
Active:           416448 kB
Mem:          3.8G       752M       3.1G       5.7M        50M       319M

MemTotal:        4016004 kB
MemFree:         3245452 kB
Active:           416464 kB
Mem:          3.8G       752M       3.1G       5.7M        50M       319M

MemTotal:        4016004 kB
MemFree:         3245684 kB
Active:           416452 kB
Mem:          3.8G       752M       3.1G       5.7M        50M       319M

MemTotal:        4016004 kB
MemFree:         3245792 kB
Active:           416448 kB
Mem:          3.8G       752M       3.1G       5.7M        50M       319M

MemTotal:        4016004 kB
MemFree:         3245652 kB
Active:           416420 kB
Mem:          3.8G       752M       3.1G       5.7M        50M       319M

MemTotal:        4016004 kB
MemFree:         3245264 kB
Active:           416476 kB
Mem:          3.8G       752M       3.1G       5.7M        50M       319M

MemTotal:        4016004 kB
MemFree:         3245620 kB
Active:           416468 kB
Mem:          3.8G       752M       3.1G       5.7M        50M       319M

MemTotal:        4016004 kB
MemFree:         3245604 kB
Active:           416456 kB
Mem:          3.8G       752M       3.1G       5.7M        50M       319M

MemTotal:        4016004 kB
MemFree:         3245092 kB
Active:           416476 kB
Mem:          3.8G       752M       3.1G       5.7M        50M       319M

MemTotal:        4016004 kB
MemFree:         3245216 kB
Active:           416476 kB
Mem:          3.8G       752M       3.1G       5.7M        50M       319M

MemTotal:        4016004 kB
MemFree:         3245200 kB
Active:           416472 kB
Mem:          3.8G       752M       3.1G       5.7M        50M       319M

MemTotal:        4016004 kB
MemFree:         3245184 kB
Active:           416464 kB
Mem:          3.8G       752M       3.1G       5.7M        50M       319M

MemTotal:        4016004 kB
MemFree:         3244796 kB
Active:           416488 kB
Mem:          3.8G       753M       3.1G       5.7M        50M       319M

MemTotal:        4016004 kB
MemFree:         3245152 kB
Active:           416460 kB
Mem:          3.8G       752M       3.1G       5.7M        50M       319M

MemTotal:        4016004 kB
MemFree:         3245356 kB
Active:           416464 kB
Mem:          3.8G       752M       3.1G       5.7M        50M       319M

MemTotal:        4016004 kB
MemFree:         3245728 kB
Active:           416448 kB
Mem:          3.8G       752M       3.1G       5.7M        50M       319M

MemTotal:        4016004 kB
MemFree:         3245728 kB
Active:           416480 kB
Mem:          3.8G       752M       3.1G       5.7M        50M       319M

MemTotal:        4016004 kB
MemFree:         3245728 kB
Active:           416448 kB
Mem:          3.8G       752M       3.1G       5.7M        50M       319M

MemTotal:        4016004 kB
MemFree:         3245852 kB
Active:           416464 kB
Mem:          3.8G       752M       3.1G       5.7M        50M       319M

MemTotal:        4016004 kB
MemFree:         3245480 kB
Active:           416448 kB
Mem:          3.8G       752M       3.1G       5.7M        50M       319M

MemTotal:        4016004 kB
MemFree:         3245108 kB
Active:           416504 kB
Mem:          3.8G       752M       3.1G       5.7M        50M       319M

MemTotal:        4016004 kB
MemFree:         3245340 kB
Active:           416496 kB
Mem:          3.8G       752M       3.1G       5.7M        50M       319M

MemTotal:        4016004 kB
MemFree:         3243276 kB
Active:           416440 kB
Mem:          3.8G       754M       3.1G       5.7M        50M       319M

MemTotal:        4016004 kB
MemFree:         3243508 kB
Active:           418516 kB
Mem:          3.8G       754M       3.1G       5.7M        50M       319M

MemTotal:        4016004 kB
MemFree:         3243368 kB
Active:           418500 kB
Mem:          3.8G       754M       3.1G       5.7M        50M       319M

MemTotal:        4016004 kB
MemFree:         3243476 kB
Active:           418520 kB
Mem:          3.8G       754M       3.1G       5.7M        50M       319M

MemTotal:        4016004 kB
MemFree:         3243448 kB
Active:           418508 kB
Mem:          3.8G       754M       3.1G       5.7M        50M       319M

MemTotal:        4016004 kB
MemFree:         3243572 kB
Active:           418496 kB
Mem:          3.8G       754M       3.1G       5.7M        50M       319M

MemTotal:        4016004 kB
MemFree:         3243448 kB
Active:           418528 kB
Mem:          3.8G       754M       3.1G       5.7M        50M       319M

MemTotal:        4016004 kB
MemFree:         3243448 kB
Active:           418516 kB
Mem:          3.8G       754M       3.1G       5.7M        50M       319M

MemTotal:        4016004 kB
MemFree:         3243572 kB
Active:           418488 kB
Mem:          3.8G       754M       3.1G       5.7M        50M       319M

MemTotal:        4016004 kB
MemFree:         3242704 kB
Active:           416620 kB
Mem:          3.8G       754M       3.1G       5.7M        50M       319M

MemTotal:        4016004 kB
MemFree:         3243116 kB
Active:           418524 kB
Mem:          3.8G       754M       3.1G       5.7M        50M       319M

MemTotal:        4016004 kB
MemFree:         3243100 kB
Active:           418516 kB
Mem:          3.8G       754M       3.1G       5.7M        50M       319M

MemTotal:        4016004 kB
MemFree:         3243208 kB
Active:           418528 kB
Mem:          3.8G       754M       3.1G       5.7M        50M       319M

MemTotal:        4016004 kB
MemFree:         3243068 kB
Active:           418532 kB
Mem:          3.8G       754M       3.1G       5.7M        50M       319M

MemTotal:        4016004 kB
MemFree:         3243052 kB
Active:           418532 kB
Mem:          3.8G       754M       3.1G       5.7M        50M       319M

MemTotal:        4016004 kB
MemFree:         3243036 kB
Active:           418520 kB
Mem:          3.8G       755M       3.1G       5.7M        50M       319M

MemTotal:        4016004 kB
MemFree:         3242788 kB
Active:           418560 kB
Mem:          3.8G       754M       3.1G       5.7M        50M       319M

MemTotal:        4016004 kB
MemFree:         3242760 kB
Active:           418564 kB
Mem:          3.8G       754M       3.1G       5.7M        50M       319M

MemTotal:        4016004 kB
MemFree:         3243256 kB
Active:           418540 kB
Mem:          3.8G       754M       3.1G       5.7M        50M       319M

MemTotal:        4016004 kB
MemFree:         3242916 kB
Active:           416504 kB
Mem:          3.8G       754M       3.1G       5.7M        50M       319M

MemTotal:        4016004 kB
MemFree:         3243116 kB
Active:           418516 kB
Mem:          3.8G       754M       3.1G       5.7M        50M       319M

MemTotal:        4016004 kB
MemFree:         3242620 kB
Active:           418564 kB
Mem:          3.8G       754M       3.1G       5.7M        50M       319M

MemTotal:        4016004 kB
MemFree:         3243116 kB
Active:           418548 kB
Mem:          3.8G       754M       3.1G       5.7M        50M       319M

MemTotal:        4016004 kB
MemFree:         3242992 kB
Active:           418520 kB
Mem:          3.8G       754M       3.1G       5.7M        50M       319M

MemTotal:        4016004 kB
MemFree:         3242976 kB
Active:           418548 kB
Mem:          3.8G       754M       3.1G       5.7M        50M       319M

MemTotal:        4016004 kB
MemFree:         3242640 kB
Active:           418576 kB
Mem:          3.8G       755M       3.1G       5.7M        50M       319M

MemTotal:        4016004 kB
MemFree:         3243000 kB
Active:           418556 kB
Mem:          3.8G       755M       3.1G       5.7M        50M       319M

MemTotal:        4016004 kB
MemFree:         3243000 kB
Active:           418572 kB
Mem:          3.8G       754M       3.1G       5.7M        50M       319M

MemTotal:        4016004 kB
MemFree:         3242876 kB
Active:           418576 kB
Mem:          3.8G       754M       3.1G       5.7M        50M       319M

MemTotal:        4016004 kB
MemFree:         3242672 kB
Active:           416596 kB
Mem:          3.8G       755M       3.1G       5.7M        50M       319M

MemTotal:        4016004 kB
MemFree:         3242928 kB
Active:           418584 kB
Mem:          3.8G       755M       3.1G       5.7M        50M       319M

MemTotal:        4016004 kB
MemFree:         3242680 kB
Active:           418596 kB
Mem:          3.8G       755M       3.1G       5.7M        50M       319M

MemTotal:        4016004 kB
MemFree:         3242664 kB
Active:           418596 kB
Mem:          3.8G       755M       3.1G       5.7M        50M       319M

MemTotal:        4016004 kB
MemFree:         3243004 kB
Active:           418576 kB
Mem:          3.8G       754M       3.1G       5.7M        50M       319M

MemTotal:        4016004 kB
MemFree:         3243300 kB
Active:           418572 kB
Mem:          3.8G       754M       3.1G       5.7M        50M       319M

MemTotal:        4016004 kB
MemFree:         3243300 kB
Active:           418564 kB
Mem:          3.8G       754M       3.1G       5.7M        50M       319M

MemTotal:        4016004 kB
MemFree:         3243300 kB
Active:           418596 kB
Mem:          3.8G       754M       3.1G       5.7M        50M       319M

MemTotal:        4016004 kB
MemFree:         3242820 kB
Active:           418612 kB
Mem:          3.8G       755M       3.1G       5.7M        50M       319M

MemTotal:        4016004 kB
MemFree:         3243316 kB
Active:           418588 kB
Mem:          3.8G       754M       3.1G       5.7M        50M       319M

MemTotal:        4016004 kB
MemFree:         3243440 kB
Active:           418580 kB
Mem:          3.8G       754M       3.1G       5.7M        50M       319M

MemTotal:        4016004 kB
MemFree:         3243084 kB
Active:           418612 kB
Mem:          3.8G       754M       3.1G       5.7M        50M       319M

MemTotal:        4016004 kB
MemFree:         3243208 kB
Active:           418600 kB
Mem:          3.8G       754M       3.1G       5.7M        50M       319M

MemTotal:        4016004 kB
MemFree:         3243456 kB
Active:           418588 kB
Mem:          3.8G       754M       3.1G       5.7M        50M       319M

MemTotal:        4016004 kB
MemFree:         3243332 kB
Active:           418588 kB
Mem:          3.8G       754M       3.1G       5.7M        50M       319M

MemTotal:        4016004 kB
MemFree:         3243332 kB
Active:           418568 kB
Mem:          3.8G       754M       3.1G       5.7M        50M       319M

MemTotal:        4016004 kB
MemFree:         3243456 kB
Active:           418560 kB
Mem:          3.8G       754M       3.1G       5.7M        50M       319M

MemTotal:        4016004 kB
MemFree:         3243332 kB
Active:           418576 kB
Mem:          3.8G       754M       3.1G       5.7M        50M       319M

MemTotal:        4016004 kB
MemFree:         3243580 kB
Active:           418564 kB
Mem:          3.8G       754M       3.1G       5.7M        50M       319M

MemTotal:        4016004 kB
MemFree:         3243456 kB
Active:           418612 kB
Mem:          3.8G       754M       3.1G       5.7M        50M       319M

MemTotal:        4016004 kB
MemFree:         3243084 kB
Active:           418620 kB
Mem:          3.8G       754M       3.1G       5.7M        50M       319M

MemTotal:        4016004 kB
MemFree:         3243084 kB
Active:           418576 kB
Mem:          3.8G       754M       3.1G       5.7M        50M       319M

MemTotal:        4016004 kB
MemFree:         3243084 kB
Active:           418612 kB
Mem:          3.8G       754M       3.1G       5.7M        50M       319M

MemTotal:        4016004 kB
MemFree:         3243256 kB
Active:           418464 kB
Mem:          3.8G       754M       3.1G       5.7M        50M       319M

MemTotal:        4016004 kB
MemFree:         3242884 kB
Active:           418464 kB
Mem:          3.8G       755M       3.1G       5.7M        50M       319M

MemTotal:        4016004 kB
MemFree:         3242884 kB
Active:           418464 kB
Mem:          3.8G       755M       3.1G       5.7M        50M       319M

MemTotal:        4016004 kB
MemFree:         3243380 kB
Active:           418464 kB
Mem:          3.8G       754M       3.1G       5.7M        50M       319M

MemTotal:        4016004 kB
MemFree:         3243536 kB
Active:           418464 kB
Mem:          3.8G       754M       3.1G       5.7M        50M       319M

MemTotal:        4016004 kB
MemFree:         3243784 kB
Active:           418460 kB
Mem:          3.8G       754M       3.1G       5.7M        50M       319M

MemTotal:        4016004 kB
MemFree:         3243784 kB
Active:           418440 kB
Mem:          3.8G       754M       3.1G       5.7M        50M       319M

MemTotal:        4016004 kB
MemFree:         3243720 kB
Active:           416432 kB
Mem:          3.8G       754M       3.1G       5.7M        50M       319M

MemTotal:        4016004 kB
MemFree:         3243844 kB
Active:           418460 kB
Mem:          3.8G       754M       3.1G       5.7M        50M       319M

MemTotal:        4016004 kB
MemFree:         3243472 kB
Active:           418492 kB
Mem:          3.8G       754M       3.1G       5.7M        50M       319M

MemTotal:        4016004 kB
MemFree:         3243844 kB
Active:           418480 kB
Mem:          3.8G       754M       3.1G       5.7M        50M       319M

MemTotal:        4016004 kB
MemFree:         3243332 kB
Active:           418492 kB
Mem:          3.8G       754M       3.1G       5.7M        50M       319M

MemTotal:        4016004 kB
MemFree:         3243332 kB
Active:           418500 kB
Mem:          3.8G       754M       3.1G       5.7M        50M       319M

MemTotal:        4016004 kB
MemFree:         3243456 kB
Active:           418444 kB
Mem:          3.8G       754M       3.1G       5.7M        50M       319M

MemTotal:        4016004 kB
MemFree:         3243456 kB
Active:           418500 kB
Mem:          3.8G       754M       3.1G       5.7M        50M       319M

MemTotal:        4016004 kB
MemFree:         3243828 kB
Active:           418452 kB
Mem:          3.8G       754M       3.1G       5.7M        50M       319M

MemTotal:        4016004 kB
MemFree:         3243828 kB
Active:           418460 kB
Mem:          3.8G       754M       3.1G       5.7M        50M       319M

MemTotal:        4016004 kB
MemFree:         3243516 kB
Active:           416404 kB
Mem:          3.8G       754M       3.1G       5.7M        50M       319M

MemTotal:        4016004 kB
MemFree:         3243632 kB
Active:           418508 kB
Mem:          3.8G       754M       3.1G       5.7M        50M       319M

MemTotal:        4016004 kB
MemFree:         3243632 kB
Active:           418488 kB
Mem:          3.8G       754M       3.1G       5.7M        50M       319M

MemTotal:        4016004 kB
MemFree:         3243632 kB
Active:           418464 kB
Mem:          3.8G       754M       3.1G       5.7M        50M       319M

MemTotal:        4016004 kB
MemFree:         3243632 kB
Active:           418508 kB
Mem:          3.8G       754M       3.1G       5.7M        50M       319M

MemTotal:        4016004 kB
MemFree:         3243632 kB
Active:           418520 kB
Mem:          3.8G       754M       3.1G       5.7M        50M       319M

MemTotal:        4016004 kB
MemFree:         3243384 kB
Active:           418528 kB
Mem:          3.8G       754M       3.1G       5.7M        50M       319M

MemTotal:        4016004 kB
MemFree:         3243632 kB
Active:           418472 kB
Mem:          3.8G       754M       3.1G       5.7M        50M       319M

MemTotal:        4016004 kB
MemFree:         3243880 kB
Active:           418472 kB
Mem:          3.8G       754M       3.1G       5.7M        50M       319M

MemTotal:        4016004 kB
MemFree:         3243196 kB
Active:           416544 kB
Mem:          3.8G       754M       3.1G       5.7M        50M       319M

MemTotal:        4016004 kB
MemFree:         3243320 kB
Active:           418476 kB
Mem:          3.8G       754M       3.1G       5.7M        50M       319M

MemTotal:        4016004 kB
MemFree:         3243320 kB
Active:           418532 kB
Mem:          3.8G       754M       3.1G       5.7M        50M       319M

MemTotal:        4016004 kB
MemFree:         3243568 kB
Active:           418524 kB
Mem:          3.8G       754M       3.1G       5.7M        50M       319M

MemTotal:        4016004 kB
MemFree:         3243320 kB
Active:           418536 kB
Mem:          3.8G       754M       3.1G       5.7M        50M       319M

MemTotal:        4016004 kB
MemFree:         3243320 kB
Active:           418536 kB
Mem:          3.8G       754M       3.1G       5.7M        50M       319M

MemTotal:        4016004 kB
MemFree:         3243816 kB
Active:           418496 kB
Mem:          3.8G       754M       3.1G       5.7M        50M       319M

MemTotal:        4016004 kB
MemFree:         3243692 kB
Active:           418496 kB
Mem:          3.8G       754M       3.1G       5.7M        50M       319M

MemTotal:        4016004 kB
MemFree:         3243692 kB
Active:           418544 kB
Mem:          3.8G       754M       3.1G       5.7M        50M       319M

MemTotal:        4016004 kB
MemFree:         3243816 kB
Active:           418536 kB
Mem:          3.8G       754M       3.1G       5.7M        50M       319M

MemTotal:        4016004 kB
MemFree:         3243816 kB
Active:           418524 kB
Mem:          3.8G       754M       3.1G       5.7M        50M       319M

MemTotal:        4016004 kB
MemFree:         3243568 kB
Active:           418560 kB
Mem:          3.8G       754M       3.1G       5.7M        50M       319M

MemTotal:        4016004 kB
MemFree:         3243196 kB
Active:           418560 kB
Mem:          3.8G       754M       3.1G       5.7M        50M       319M

MemTotal:        4016004 kB
MemFree:         3243320 kB
Active:           418508 kB
Mem:          3.8G       754M       3.1G       5.7M        50M       319M

MemTotal:        4016004 kB
MemFree:         3243320 kB
Active:           418528 kB
Mem:          3.8G       754M       3.1G       5.7M        50M       319M

MemTotal:        4016004 kB
MemFree:         3243072 kB
Active:           418568 kB
Mem:          3.8G       754M       3.1G       5.7M        50M       319M

MemTotal:        4016004 kB
MemFree:         3242948 kB
Active:           418568 kB
Mem:          3.8G       754M       3.1G       5.7M        50M       319M

MemTotal:        4016004 kB
MemFree:         3243320 kB
Active:           418532 kB
Mem:          3.8G       754M       3.1G       5.7M        50M       319M

MemTotal:        4016004 kB
MemFree:         3243196 kB
Active:           418568 kB
Mem:          3.8G       754M       3.1G       5.7M        50M       319M

MemTotal:        4016004 kB
MemFree:         3243320 kB
Active:           418552 kB
Mem:          3.8G       754M       3.1G       5.7M        50M       319M

MemTotal:        4016004 kB
MemFree:         3243584 kB
Active:           418528 kB
Mem:          3.8G       754M       3.1G       5.7M        50M       319M

MemTotal:        4016004 kB
MemFree:         3243460 kB
Active:           418576 kB
Mem:          3.8G       754M       3.1G       5.7M        50M       319M

MemTotal:        4016004 kB
MemFree:         3243676 kB
Active:           418548 kB
Mem:          3.8G       754M       3.1G       5.7M        50M       319M

MemTotal:        4016004 kB
MemFree:         3243460 kB
Active:           418588 kB
Mem:          3.8G       754M       3.1G       5.7M        50M       319M

MemTotal:        4016004 kB
MemFree:         3243708 kB
Active:           418560 kB
Mem:          3.8G       754M       3.1G       5.7M        50M       319M

MemTotal:        4016004 kB
MemFree:         3243460 kB
Active:           418588 kB
Mem:          3.8G       754M       3.1G       5.7M        50M       319M

MemTotal:        4016004 kB
MemFree:         3243584 kB
Active:           418568 kB
Mem:          3.8G       754M       3.1G       5.7M        50M       319M

MemTotal:        4016004 kB
MemFree:         3243212 kB
Active:           418596 kB
Mem:          3.8G       754M       3.1G       5.7M        50M       319M

MemTotal:        4016004 kB
MemFree:         3243088 kB
Active:           418596 kB
Mem:          3.8G       754M       3.1G       5.7M        50M       319M

MemTotal:        4016004 kB
MemFree:         3243336 kB
Active:           418564 kB
Mem:          3.8G       754M       3.1G       5.7M        50M       319M

MemTotal:        4016004 kB
MemFree:         3243368 kB
Active:           418548 kB
Mem:          3.8G       754M       3.1G       5.7M        50M       319M

MemTotal:        4016004 kB
MemFree:         3243368 kB
Active:           418596 kB
Mem:          3.8G       754M       3.1G       5.7M        50M       319M

MemTotal:        4016004 kB
MemFree:         3243368 kB
Active:           418588 kB
Mem:          3.8G       754M       3.1G       5.7M        50M       319M

MemTotal:        4016004 kB
MemFree:         3243368 kB
Active:           418560 kB
Mem:          3.8G       754M       3.1G       5.7M        50M       319M

MemTotal:        4016004 kB
MemFree:         3243368 kB
Active:           418564 kB
Mem:          3.8G       754M       3.1G       5.7M        50M       319M

MemTotal:        4016004 kB
MemFree:         3243864 kB
Active:           418584 kB
Mem:          3.8G       754M       3.1G       5.7M        50M       319M

MemTotal:        4016004 kB
MemFree:         3243368 kB
Active:           418612 kB
Mem:          3.8G       754M       3.1G       5.7M        50M       319M

MemTotal:        4016004 kB
MemFree:         3243616 kB
Active:           418612 kB
Mem:          3.8G       754M       3.1G       5.7M        50M       319M

MemTotal:        4016004 kB
MemFree:         3243616 kB
Active:           418580 kB
Mem:          3.8G       754M       3.1G       5.7M        50M       319M

MemTotal:        4016004 kB
MemFree:         3243616 kB
Active:           418604 kB
Mem:          3.8G       754M       3.1G       5.7M        50M       319M

MemTotal:        4016004 kB
MemFree:         3243428 kB
Active:           418600 kB
Mem:          3.8G       754M       3.1G       5.7M        50M       319M

MemTotal:        4016004 kB
MemFree:         3243428 kB
Active:           418580 kB
Mem:          3.8G       754M       3.1G       5.7M        50M       319M

MemTotal:        4016004 kB
MemFree:         3243428 kB
Active:           418620 kB
Mem:          3.8G       754M       3.1G       5.7M        50M       319M

MemTotal:        4016004 kB
MemFree:         3243056 kB
Active:           418632 kB
Mem:          3.8G       754M       3.1G       5.7M        50M       319M

MemTotal:        4016004 kB
MemFree:         3242808 kB
Active:           418632 kB
Mem:          3.8G       755M       3.1G       5.7M        50M       319M

MemTotal:        4016004 kB
MemFree:         3243180 kB
Active:           418604 kB
Mem:          3.8G       754M       3.1G       5.7M        50M       319M

MemTotal:        4016004 kB
MemFree:         3243304 kB
Active:           418620 kB
Mem:          3.8G       754M       3.1G       5.7M        50M       319M

MemTotal:        4016004 kB
MemFree:         3242932 kB
Active:           418636 kB
Mem:          3.8G       754M       3.1G       5.7M        50M       319M

MemTotal:        4016004 kB
MemFree:         3243428 kB
Active:           418588 kB
Mem:          3.8G       754M       3.1G       5.7M        50M       319M

MemTotal:        4016004 kB
MemFree:         3243180 kB
Active:           418644 kB
Mem:          3.8G       754M       3.1G       5.7M        50M       319M

MemTotal:        4016004 kB
MemFree:         3243304 kB
Active:           418644 kB
Mem:          3.8G       754M       3.1G       5.7M        50M       319M

MemTotal:        4016004 kB
MemFree:         3243320 kB
Active:           418644 kB
Mem:          3.8G       754M       3.1G       5.7M        50M       319M

MemTotal:        4016004 kB
MemFree:         3243320 kB
Active:           418636 kB
Mem:          3.8G       754M       3.1G       5.7M        50M       319M

MemTotal:        4016004 kB
MemFree:         3243196 kB
Active:           418588 kB
Mem:          3.8G       754M       3.1G       5.7M        50M       319M

MemTotal:        4016004 kB
MemFree:         3243072 kB
Active:           418644 kB
Mem:          3.8G       754M       3.1G       5.7M        50M       319M

MemTotal:        4016004 kB
MemFree:         3243444 kB
Active:           418640 kB
Mem:          3.8G       754M       3.1G       5.7M        50M       319M

MemTotal:        4016004 kB
MemFree:         3243320 kB
Active:           418632 kB
Mem:          3.8G       754M       3.1G       5.7M        50M       319M

MemTotal:        4016004 kB
MemFree:         3243072 kB
Active:           418652 kB
Mem:          3.8G       754M       3.1G       5.7M        50M       319M

MemTotal:        4016004 kB
MemFree:         3243072 kB
Active:           418656 kB
Mem:          3.8G       754M       3.1G       5.7M        50M       319M

MemTotal:        4016004 kB
MemFree:         3243320 kB
Active:           418624 kB
Mem:          3.8G       754M       3.1G       5.7M        50M       319M

MemTotal:        4016004 kB
MemFree:         3241396 kB
Active:           418580 kB
Mem:          3.8G       756M       3.1G       5.7M        50M       319M

MemTotal:        4016004 kB
MemFree:         3241148 kB
Active:           420692 kB
Mem:          3.8G       756M       3.1G       5.7M        50M       319M

MemTotal:        4016004 kB
MemFree:         3241520 kB
Active:           420680 kB
Mem:          3.8G       756M       3.1G       5.7M        50M       319M

MemTotal:        4016004 kB
MemFree:         3241520 kB
Active:           420664 kB
Mem:          3.8G       756M       3.1G       5.7M        50M       319M

MemTotal:        4016004 kB
MemFree:         3241520 kB
Active:           420676 kB
Mem:          3.8G       756M       3.1G       5.7M        50M       319M

MemTotal:        4016004 kB
MemFree:         3240900 kB
Active:           420700 kB
Mem:          3.8G       756M       3.1G       5.7M        50M       319M

MemTotal:        4016004 kB
MemFree:         3240776 kB
Active:           420700 kB
Mem:          3.8G       756M       3.1G       5.7M        50M       319M

MemTotal:        4016004 kB
MemFree:         3241396 kB
Active:           420648 kB
Mem:          3.8G       756M       3.1G       5.7M        50M       319M

MemTotal:        4016004 kB
MemFree:         3241396 kB
Active:           420688 kB
Mem:          3.8G       756M       3.1G       5.7M        50M       319M

MemTotal:        4016004 kB
MemFree:         3241520 kB
Active:           420652 kB
Mem:          3.8G       756M       3.1G       5.7M        50M       319M

MemTotal:        4016004 kB
MemFree:         3241272 kB
Active:           420652 kB
Mem:          3.8G       756M       3.1G       5.7M        50M       319M

MemTotal:        4016004 kB
MemFree:         3241396 kB
Active:           420692 kB
Mem:          3.8G       756M       3.1G       5.7M        50M       319M

MemTotal:        4016004 kB
MemFree:         3241148 kB
Active:           420664 kB
Mem:          3.8G       756M       3.1G       5.7M        50M       319M

MemTotal:        4016004 kB
MemFree:         3241396 kB
Active:           420700 kB
Mem:          3.8G       756M       3.1G       5.7M        50M       319M

MemTotal:        4016004 kB
MemFree:         3241396 kB
Active:           420684 kB
Mem:          3.8G       756M       3.1G       5.7M        50M       319M

MemTotal:        4016004 kB
MemFree:         3241272 kB
Active:           420716 kB
Mem:          3.8G       756M       3.1G       5.7M        50M       319M

MemTotal:        4016004 kB
MemFree:         3241024 kB
Active:           420720 kB
Mem:          3.8G       756M       3.1G       5.7M        50M       319M

MemTotal:        4016004 kB
MemFree:         3240776 kB
Active:           420724 kB
Mem:          3.8G       757M       3.1G       5.7M        50M       319M

MemTotal:        4016004 kB
MemFree:         3240900 kB
Active:           420724 kB
Mem:          3.8G       756M       3.1G       5.7M        50M       319M

MemTotal:        4016004 kB
MemFree:         3240900 kB
Active:           420732 kB
Mem:          3.8G       756M       3.1G       5.7M        50M       319M

MemTotal:        4016004 kB
MemFree:         3241148 kB
Active:           420692 kB
Mem:          3.8G       756M       3.1G       5.7M        50M       319M

MemTotal:        4016004 kB
MemFree:         3241272 kB
Active:           420692 kB
Mem:          3.8G       756M       3.1G       5.7M        50M       319M

MemTotal:        4016004 kB
MemFree:         3241272 kB
Active:           420720 kB
Mem:          3.8G       756M       3.1G       5.7M        50M       319M

MemTotal:        4016004 kB
MemFree:         3241396 kB
Active:           420708 kB
Mem:          3.8G       756M       3.1G       5.7M        50M       319M

MemTotal:        4016004 kB
MemFree:         3240652 kB
Active:           420732 kB
Mem:          3.8G       757M       3.1G       5.7M        50M       319M

MemTotal:        4016004 kB
MemFree:         3240404 kB
Active:           420732 kB
Mem:          3.8G       757M       3.1G       5.7M        50M       319M

MemTotal:        4016004 kB
MemFree:         3240900 kB
Active:           420720 kB
Mem:          3.8G       756M       3.1G       5.7M        50M       319M

MemTotal:        4016004 kB
MemFree:         3240900 kB
Active:           420732 kB
Mem:          3.8G       756M       3.1G       5.7M        50M       319M

MemTotal:        4016004 kB
MemFree:         3241148 kB
Active:           420688 kB
Mem:          3.8G       756M       3.1G       5.7M        50M       319M

MemTotal:        4016004 kB
MemFree:         3241128 kB
Active:           420728 kB
Mem:          3.8G       756M       3.1G       5.7M        50M       319M

MemTotal:        4016004 kB
MemFree:         3241144 kB
Active:           420704 kB
Mem:          3.8G       756M       3.1G       5.7M        50M       319M

MemTotal:        4016004 kB
MemFree:         3241268 kB
Active:           420704 kB
Mem:          3.8G       756M       3.1G       5.7M        50M       319M

MemTotal:        4016004 kB
MemFree:         3241392 kB
Active:           420752 kB
Mem:          3.8G       756M       3.1G       5.7M        50M       319M

MemTotal:        4016004 kB
MemFree:         3241268 kB
Active:           420756 kB
Mem:          3.8G       756M       3.1G       5.7M        50M       319M

MemTotal:        4016004 kB
MemFree:         3241392 kB
Active:           420748 kB
Mem:          3.8G       756M       3.1G       5.7M        50M       319M

MemTotal:        4016004 kB
MemFree:         3241392 kB
Active:           420724 kB
Mem:          3.8G       756M       3.1G       5.7M        50M       319M

MemTotal:        4016004 kB
MemFree:         3241020 kB
Active:           420768 kB
Mem:          3.8G       756M       3.1G       5.7M        50M       319M

MemTotal:        4016004 kB
MemFree:         3232308 kB
Active:           428564 kB
Mem:          3.8G       765M       3.1G       5.7M        58M       319M

MemTotal:        4016004 kB
MemFree:         3232432 kB
Active:           428552 kB
Mem:          3.8G       765M       3.1G       5.7M        58M       319M

MemTotal:        4016004 kB
MemFree:         3231936 kB
Active:           428564 kB
Mem:          3.8G       765M       3.1G       5.7M        58M       319M

MemTotal:        4016004 kB
MemFree:         3231936 kB
Active:           428572 kB
Mem:          3.8G       765M       3.1G       5.7M        58M       319M

MemTotal:        4016004 kB
MemFree:         3188780 kB
Active:           428796 kB
Mem:          3.8G       807M       3.0G       5.7M        58M       361M

MemTotal:        4016004 kB
MemFree:         3141812 kB
Active:           428796 kB
Mem:          3.8G       853M       3.0G       5.7M        58M       406M

MemTotal:        4016004 kB
MemFree:         3096704 kB
Active:           428796 kB
Mem:          3.8G       897M       3.0G       5.7M        58M       449M

MemTotal:        4016004 kB
MemFree:         3051588 kB
Active:           428808 kB
Mem:          3.8G       942M       2.9G       5.7M        58M       493M

MemTotal:        4016004 kB
MemFree:         3006760 kB
Active:           428808 kB
Mem:          3.8G       986M       2.9G       5.7M        58M       536M

MemTotal:        4016004 kB
MemFree:         2960288 kB
Active:           428820 kB
Mem:          3.8G       1.0G       2.8G       5.7M        58M       580M

MemTotal:        4016004 kB
MemFree:         2913676 kB
Active:           428820 kB
Mem:          3.8G       1.1G       2.8G       5.7M        58M       625M

MemTotal:        4016004 kB
MemFree:         2866568 kB
Active:           428820 kB
Mem:          3.8G       1.1G       2.7G       5.7M        58M       670M

MemTotal:        4016004 kB
MemFree:         2836828 kB
Active:           428832 kB
Mem:          3.8G       1.1G       2.7G       5.7M        58M       699M

MemTotal:        4016004 kB
MemFree:         2835240 kB
Active:           428840 kB
Mem:          3.8G       1.1G       2.7G       5.7M        58M       700M

MemTotal:        4016004 kB
MemFree:         2832696 kB
Active:           428888 kB
Mem:          3.8G       1.1G       2.7G       5.7M        58M       703M

MemTotal:        4016004 kB
MemFree:         2797308 kB
Active:           428888 kB
Mem:          3.8G       1.2G       2.7G       5.7M        58M       738M

MemTotal:        4016004 kB
MemFree:         2751968 kB
Active:           428856 kB
Mem:          3.8G       1.2G       2.6G       5.7M        58M       781M

MemTotal:        4016004 kB
MemFree:         2707448 kB
Active:           428912 kB
Mem:          3.8G       1.2G       2.6G       5.7M        58M       824M

MemTotal:        4016004 kB
MemFree:         2661348 kB
Active:           428880 kB
Mem:          3.8G       1.3G       2.5G       5.7M        58M       868M

MemTotal:        4016004 kB
MemFree:         2616736 kB
Active:           428864 kB
Mem:          3.8G       1.3G       2.5G       5.7M        58M       911M

MemTotal:        4016004 kB
MemFree:         2570744 kB
Active:           428872 kB
Mem:          3.8G       1.4G       2.5G       5.7M        58M       956M

MemTotal:        4016004 kB
MemFree:         2525636 kB
Active:           428884 kB
Mem:          3.8G       1.4G       2.4G       5.7M        58M       998M

MemTotal:        4016004 kB
MemFree:         2480776 kB
Active:           428924 kB
Mem:          3.8G       1.5G       2.4G       5.7M        58M       1.0G

MemTotal:        4016004 kB
MemFree:         2478752 kB
Active:           428944 kB
Mem:          3.8G       1.5G       2.4G       5.7M        58M       1.0G

MemTotal:        4016004 kB
MemFree:         2445052 kB
Active:           428964 kB
Mem:          3.8G       1.5G       2.3G       5.7M        58M       1.1G

MemTotal:        4016004 kB
MemFree:         2400316 kB
Active:           428964 kB
Mem:          3.8G       1.5G       2.3G       5.7M        58M       1.1G

MemTotal:        4016004 kB
MemFree:         2378016 kB
Active:           428964 kB
Mem:          3.8G       1.6G       2.3G       5.7M        58M       1.1G

MemTotal:        4016004 kB
MemFree:         2342908 kB
Active:           428944 kB
Mem:          3.8G       1.6G       2.2G       5.7M        58M       1.1G

MemTotal:        4016004 kB
MemFree:         2296904 kB
Active:           428964 kB
Mem:          3.8G       1.6G       2.2G       5.7M        58M       1.2G

MemTotal:        4016004 kB
MemFree:         2252064 kB
Active:           428976 kB
Mem:          3.8G       1.7G       2.1G       5.7M        58M       1.2G

MemTotal:        4016004 kB
MemFree:         2208480 kB
Active:           428960 kB
Mem:          3.8G       1.7G       2.1G       5.7M        58M       1.3G

MemTotal:        4016004 kB
MemFree:         2161652 kB
Active:           428984 kB
Mem:          3.8G       1.8G       2.1G       5.7M        58M       1.3G

MemTotal:        4016004 kB
MemFree:         2116528 kB
Active:           428948 kB
Mem:          3.8G       1.8G       2.0G       5.7M        58M       1.4G

MemTotal:        4016004 kB
MemFree:         2070428 kB
Active:           428988 kB
Mem:          3.8G       1.9G       2.0G       5.7M        58M       1.4G

MemTotal:        4016004 kB
MemFree:         2024172 kB
Active:           428988 kB
Mem:          3.8G       1.9G       1.9G       5.7M        58M       1.4G

MemTotal:        4016004 kB
MemFree:         2023792 kB
Active:           429020 kB
Mem:          3.8G       1.9G       1.9G       5.7M        58M       1.4G

MemTotal:        4016004 kB
MemFree:         1984220 kB
Active:           429040 kB
Mem:          3.8G       1.9G       1.9G       5.7M        58M       1.5G

MemTotal:        4016004 kB
MemFree:         1937748 kB
Active:           428992 kB
Mem:          3.8G       2.0G       1.8G       5.7M        58M       1.5G

MemTotal:        4016004 kB
MemFree:         1923936 kB
Active:           429040 kB
Mem:          3.8G       2.0G       1.8G       5.7M        58M       1.5G

MemTotal:        4016004 kB
MemFree:         1923564 kB
Active:           429052 kB
Mem:          3.8G       2.0G       1.8G       5.7M        58M       1.5G

MemTotal:        4016004 kB
MemFree:         1920544 kB
Active:           429068 kB
Mem:          3.8G       2.0G       1.8G       5.7M        58M       1.5G

MemTotal:        4016004 kB
MemFree:         1895732 kB
Active:           429104 kB
Mem:          3.8G       2.0G       1.8G       5.7M        58M       1.6G

MemTotal:        4016004 kB
MemFree:         1849604 kB
Active:           429120 kB
Mem:          3.8G       2.1G       1.8G       5.7M        58M       1.6G

MemTotal:        4016004 kB
MemFree:         1804620 kB
Active:           429120 kB
Mem:          3.8G       2.1G       1.7G       5.7M        58M       1.7G

MemTotal:        4016004 kB
MemFree:         1760008 kB
Active:           429112 kB
Mem:          3.8G       2.2G       1.7G       5.7M        58M       1.7G

MemTotal:        4016004 kB
MemFree:         1716016 kB
Active:           429088 kB
Mem:          3.8G       2.2G       1.6G       5.7M        58M       1.7G

MemTotal:        4016004 kB
MemFree:         1669636 kB
Active:           429132 kB
Mem:          3.8G       2.2G       1.6G       5.7M        58M       1.8G

MemTotal:        4016004 kB
MemFree:         1625644 kB
Active:           429136 kB
Mem:          3.8G       2.3G       1.6G       5.7M        58M       1.8G

MemTotal:        4016004 kB
MemFree:         1580924 kB
Active:           429140 kB
Mem:          3.8G       2.3G       1.5G       5.7M        58M       1.9G

MemTotal:        4016004 kB
MemFree:         1535180 kB
Active:           429144 kB
Mem:          3.8G       2.4G       1.5G       5.7M        58M       1.9G

MemTotal:        4016004 kB
MemFree:         1489692 kB
Active:           429152 kB
Mem:          3.8G       2.4G       1.4G       5.7M        58M       1.9G

MemTotal:        4016004 kB
MemFree:         1476596 kB
Active:           429160 kB
Mem:          3.8G       2.4G       1.4G       5.7M        58M       2.0G

MemTotal:        4016004 kB
MemFree:         1435488 kB
Active:           429184 kB
Mem:          3.8G       2.5G       1.4G       5.7M        58M       2.0G

MemTotal:        4016004 kB
MemFree:         1388380 kB
Active:           429184 kB
Mem:          3.8G       2.5G       1.3G       5.7M        58M       2.0G

MemTotal:        4016004 kB
MemFree:         1383996 kB
Active:           429184 kB
Mem:          3.8G       2.5G       1.3G       5.7M        58M       2.0G

MemTotal:        4016004 kB
MemFree:         1383212 kB
Active:           429144 kB
Mem:          3.8G       2.5G       1.3G       5.7M        58M       2.0G

MemTotal:        4016004 kB
MemFree:         1383880 kB
Active:           429148 kB
Mem:          3.8G       2.5G       1.3G       5.7M        58M       2.0G

MemTotal:        4016004 kB
MemFree:         1342360 kB
Active:           429216 kB
Mem:          3.8G       2.6G       1.3G       5.7M        58M       2.1G

MemTotal:        4016004 kB
MemFree:         1298276 kB
Active:           429236 kB
Mem:          3.8G       2.6G       1.2G       5.7M        58M       2.1G

MemTotal:        4016004 kB
MemFree:         1253244 kB
Active:           429212 kB
Mem:          3.8G       2.6G       1.2G       5.7M        58M       2.2G

MemTotal:        4016004 kB
MemFree:         1208276 kB
Active:           429236 kB
Mem:          3.8G       2.7G       1.2G       5.7M        58M       2.2G

MemTotal:        4016004 kB
MemFree:         1163664 kB
Active:           429196 kB
Mem:          3.8G       2.7G       1.1G       5.7M        58M       2.3G

MemTotal:        4016004 kB
MemFree:         1118308 kB
Active:           429244 kB
Mem:          3.8G       2.8G       1.1G       5.7M        58M       2.3G

MemTotal:        4016004 kB
MemFree:         1072688 kB
Active:           429224 kB
Mem:          3.8G       2.8G       1.0G       5.7M        58M       2.3G

MemTotal:        4016004 kB
MemFree:         1028148 kB
Active:           429224 kB
Mem:          3.8G       2.8G       1.0G       5.7M        58M       2.4G

MemTotal:        4016004 kB
MemFree:          982732 kB
Active:           429240 kB
Mem:          3.8G       2.9G       959M       5.7M        58M       2.4G

MemTotal:        4016004 kB
MemFree:          944612 kB
Active:           429256 kB
Mem:          3.8G       2.9G       922M       5.7M        58M       2.5G

MemTotal:        4016004 kB
MemFree:          899628 kB
Active:           429300 kB
Mem:          3.8G       3.0G       878M       5.7M        58M       2.5G

MemTotal:        4016004 kB
MemFree:          854148 kB
Active:           429308 kB
Mem:          3.8G       3.0G       833M       5.7M        58M       2.5G

MemTotal:        4016004 kB
MemFree:          814240 kB
Active:           429344 kB
Mem:          3.8G       3.1G       794M       5.7M        58M       2.6G

MemTotal:        4016004 kB
MemFree:          793964 kB
Active:           429328 kB
Mem:          3.8G       3.1G       775M       5.7M        58M       2.6G

MemTotal:        4016004 kB
MemFree:          753164 kB
Active:           429372 kB
Mem:          3.8G       3.1G       735M       5.7M        58M       2.6G

MemTotal:        4016004 kB
MemFree:          731140 kB
Active:           429356 kB
Mem:          3.8G       3.1G       713M       5.7M        58M       2.7G

MemTotal:        4016004 kB
MemFree:          685080 kB
Active:           429424 kB
Mem:          3.8G       3.2G       668M       5.7M        58M       2.7G

MemTotal:        4016004 kB
MemFree:          640332 kB
Active:           429400 kB
Mem:          3.8G       3.2G       625M       5.7M        58M       2.7G

MemTotal:        4016004 kB
MemFree:          595704 kB
Active:           429404 kB
Mem:          3.8G       3.3G       581M       5.7M        58M       2.8G

MemTotal:        4016004 kB
MemFree:          549232 kB
Active:           429404 kB
Mem:          3.8G       3.3G       536M       5.7M        58M       2.8G

MemTotal:        4016004 kB
MemFree:          504868 kB
Active:           429424 kB
Mem:          3.8G       3.3G       492M       5.7M        58M       2.9G

MemTotal:        4016004 kB
MemFree:          457512 kB
Active:           429424 kB
Mem:          3.8G       3.4G       446M       5.7M        58M       2.9G

MemTotal:        4016004 kB
MemFree:          412156 kB
Active:           429412 kB
Mem:          3.8G       3.4G       401M       5.7M        58M       3.0G

MemTotal:        4016004 kB
MemFree:          366924 kB
Active:           429388 kB
Mem:          3.8G       3.5G       358M       5.7M        58M       3.0G

MemTotal:        4016004 kB
MemFree:          327412 kB
Active:           429432 kB
Mem:          3.8G       3.5G       319M       5.7M        58M       3.0G

MemTotal:        4016004 kB
MemFree:          291480 kB
Active:           429448 kB
Mem:          3.8G       3.6G       284M       5.7M        58M       3.1G

MemTotal:        4016004 kB
MemFree:          250128 kB
Active:           429456 kB
Mem:          3.8G       3.6G       244M       5.7M        58M       3.1G

MemTotal:        4016004 kB
MemFree:          231824 kB
Active:           429468 kB
Mem:          3.8G       3.6G       226M       5.7M        58M       3.1G

MemTotal:        4016004 kB
MemFree:          185416 kB
Active:           429436 kB
Mem:          3.8G       3.7G       181M       5.7M        58M       3.2G

MemTotal:        4016004 kB
MemFree:          140916 kB
Active:           429468 kB
Mem:          3.8G       3.7G       137M       5.7M        58M       3.2G

MemTotal:        4016004 kB
MemFree:          131880 kB
Active:           426968 kB
Mem:          3.8G       3.7G       127M       5.7M        25M       3.3G

MemTotal:        4016004 kB
MemFree:          119136 kB
Active:           438560 kB
Mem:          3.8G       3.7G       115M       5.7M        25M       3.3G

MemTotal:        4016004 kB
MemFree:          123100 kB
Active:           482352 kB
Mem:          3.8G       3.7G       118M       5.7M        25M       3.3G

MemTotal:        4016004 kB
MemFree:          127220 kB
Active:           482688 kB
Mem:          3.8G       3.7G       121M       5.7M        25M       3.3G

MemTotal:        4016004 kB
MemFree:          116832 kB
Active:           476864 kB
Mem:          3.8G       3.7G       113M       5.7M        25M       3.3G

MemTotal:        4016004 kB
MemFree:          108056 kB
Active:           473416 kB
Mem:          3.8G       3.7G       105M       5.7M        25M       3.3G

MemTotal:        4016004 kB
MemFree:          123588 kB
Active:           467272 kB
Mem:          3.8G       3.7G       120M       5.7M        25M       3.3G

MemTotal:        4016004 kB
MemFree:          127500 kB
Active:           465448 kB
Mem:          3.8G       3.7G       123M       5.7M        25M       3.3G

MemTotal:        4016004 kB
MemFree:          129736 kB
Active:           460500 kB
Mem:          3.8G       3.7G       126M       5.7M        25M       3.3G

MemTotal:        4016004 kB
MemFree:          113856 kB
Active:           460372 kB
Mem:          3.8G       3.7G       110M       5.7M        25M       3.3G

MemTotal:        4016004 kB
MemFree:          116372 kB
Active:           455396 kB
Mem:          3.8G       3.7G       113M       5.7M        25M       3.3G

MemTotal:        4016004 kB
MemFree:          112468 kB
Active:           450792 kB
Mem:          3.8G       3.7G       109M       5.7M        25M       3.3G

MemTotal:        4016004 kB
MemFree:          106020 kB
Active:           446956 kB
Mem:          3.8G       3.7G       110M       5.7M        25M       3.3G

MemTotal:        4016004 kB
MemFree:          121408 kB
Active:           441968 kB
Mem:          3.8G       3.7G       118M       5.7M        25M       3.3G

MemTotal:        4016004 kB
MemFree:          113768 kB
Active:           438508 kB
Mem:          3.8G       3.7G       110M       5.7M        25M       3.3G

MemTotal:        4016004 kB
MemFree:          108900 kB
Active:           435324 kB
Mem:          3.8G       3.7G       118M       5.7M        25M       3.3G

MemTotal:        4016004 kB
MemFree:          129780 kB
Active:           433148 kB
Mem:          3.8G       3.7G       126M       5.7M        25M       3.3G

MemTotal:        4016004 kB
MemFree:          110580 kB
Active:           432512 kB
Mem:          3.8G       3.7G       107M       5.7M        25M       3.3G

MemTotal:        4016004 kB
MemFree:          135276 kB
Active:           430212 kB
Mem:          3.8G       3.7G       132M       5.7M        25M       3.3G

MemTotal:        4016004 kB
MemFree:          144756 kB
Active:           428548 kB
Mem:          3.8G       3.7G       141M       5.7M        25M       3.2G

MemTotal:        4016004 kB
MemFree:          127432 kB
Active:           427920 kB
Mem:          3.8G       3.7G       124M       5.7M        25M       3.3G

MemTotal:        4016004 kB
MemFree:          121468 kB
Active:           427820 kB
Mem:          3.8G       3.7G       118M       5.7M        25M       3.3G

MemTotal:        4016004 kB
MemFree:          125188 kB
Active:           426676 kB
Mem:          3.8G       3.7G       121M       5.7M        25M       3.3G

MemTotal:        4016004 kB
MemFree:          124212 kB
Active:           424712 kB
Mem:          3.8G       3.7G       121M       5.7M        25M       3.3G

MemTotal:        4016004 kB
MemFree:          127480 kB
Active:           423604 kB
Mem:          3.8G       3.7G       124M       5.7M        25M       3.3G

MemTotal:        4016004 kB
MemFree:          124080 kB
Active:           419960 kB
Mem:          3.8G       3.7G       120M       5.7M        25M       3.3G

MemTotal:        4016004 kB
MemFree:          110196 kB
Active:           418936 kB
Mem:          3.8G       3.7G       107M       5.7M        25M       3.3G

MemTotal:        4016004 kB
MemFree:          126016 kB
Active:           417272 kB
Mem:          3.8G       3.7G       122M       5.7M        25M       3.3G

MemTotal:        4016004 kB
MemFree:          122692 kB
Active:           413712 kB
Mem:          3.8G       3.7G       119M       5.7M        25M       3.3G

MemTotal:        4016004 kB
MemFree:          113768 kB
Active:           412560 kB
Mem:          3.8G       3.7G       111M       5.7M        25M       3.3G

MemTotal:        4016004 kB
MemFree:          105188 kB
Active:           411272 kB
Mem:          3.8G       3.7G       102M       5.7M        25M       3.3G

MemTotal:        4016004 kB
MemFree:          126752 kB
Active:           409120 kB
Mem:          3.8G       3.7G       123M       5.7M        25M       3.3G

MemTotal:        4016004 kB
MemFree:          109524 kB
Active:           408224 kB
Mem:          3.8G       3.7G       105M       5.7M        25M       3.3G

MemTotal:        4016004 kB
MemFree:          136308 kB
Active:           405680 kB
Mem:          3.8G       3.7G       132M       5.7M        25M       3.3G

MemTotal:        4016004 kB
MemFree:          127856 kB
Active:           404536 kB
Mem:          3.8G       3.7G       124M       5.7M        25M       3.3G

MemTotal:        4016004 kB
MemFree:          118832 kB
Active:           403132 kB
Mem:          3.8G       3.7G       116M       5.7M        25M       3.3G

MemTotal:        4016004 kB
MemFree:          111168 kB
Active:           402068 kB
Mem:          3.8G       3.7G       108M       5.7M        25M       3.3G

MemTotal:        4016004 kB
MemFree:          120800 kB
Active:           400064 kB
Mem:          3.8G       3.7G       117M       5.7M        25M       3.3G

MemTotal:        4016004 kB
MemFree:          112368 kB
Active:           398868 kB
Mem:          3.8G       3.7G       108M       5.7M        25M       3.3G

MemTotal:        4016004 kB
MemFree:          128120 kB
Active:           397120 kB
Mem:          3.8G       3.7G       124M       5.7M        25M       3.3G

MemTotal:        4016004 kB
MemFree:          107380 kB
Active:           395848 kB
Mem:          3.8G       3.7G       104M       5.7M        25M       3.3G

MemTotal:        4016004 kB
MemFree:          112396 kB
Active:           391956 kB
Mem:          3.8G       3.7G       109M       5.7M        25M       3.3G

MemTotal:        4016004 kB
MemFree:          123460 kB
Active:           390284 kB
Mem:          3.8G       3.7G       125M       5.7M        25M       3.3G

MemTotal:        4016004 kB
MemFree:          105920 kB
Active:           389652 kB
Mem:          3.8G       3.7G       103M       5.7M        25M       3.3G

MemTotal:        4016004 kB
MemFree:          128832 kB
Active:           385556 kB
Mem:          3.8G       3.7G       125M       5.7M        25M       3.3G

MemTotal:        4016004 kB
MemFree:          105068 kB
Active:           385568 kB
Mem:          3.8G       3.7G       106M       5.7M        25M       3.3G

MemTotal:        4016004 kB
MemFree:          116760 kB
Active:           384376 kB
Mem:          3.8G       3.7G       114M       5.7M        25M       3.3G

MemTotal:        4016004 kB
MemFree:          126844 kB
Active:           382764 kB
Mem:          3.8G       3.7G       123M       5.7M        25M       3.3G

MemTotal:        4016004 kB
MemFree:          125280 kB
Active:           381100 kB
Mem:          3.8G       3.7G       121M       5.7M        25M       3.3G

MemTotal:        4016004 kB
MemFree:          110604 kB
Active:           380080 kB
Mem:          3.8G       3.7G       108M       5.7M        25M       3.3G

MemTotal:        4016004 kB
MemFree:          126504 kB
Active:           378296 kB
Mem:          3.8G       3.7G       123M       5.7M        25M       3.3G

MemTotal:        4016004 kB
MemFree:          123200 kB
Active:           376888 kB
Mem:          3.8G       3.7G       120M       5.7M        25M       3.3G

MemTotal:        4016004 kB
MemFree:          109088 kB
Active:           375736 kB
Mem:          3.8G       3.7G       106M       5.7M        25M       3.3G

MemTotal:        4016004 kB
MemFree:          125736 kB
Active:           373944 kB
Mem:          3.8G       3.7G       122M       5.7M        25M       3.3G

MemTotal:        4016004 kB
MemFree:          125008 kB
Active:           372148 kB
Mem:          3.8G       3.7G       125M       5.7M        25M       3.3G

MemTotal:        4016004 kB
MemFree:          106924 kB
Active:           371980 kB
Mem:          3.8G       3.7G       104M       5.7M        25M       3.3G

MemTotal:        4016004 kB
MemFree:          119724 kB
Active:           372000 kB
Mem:          3.8G       3.7G       116M       5.7M        25M       3.3G

MemTotal:        4016004 kB
MemFree:          116260 kB
Active:           372048 kB
Mem:          3.8G       3.7G       113M       5.7M        25M       3.3G

MemTotal:        4016004 kB
MemFree:          110628 kB
Active:           372020 kB
Mem:          3.8G       3.7G       107M       5.7M        25M       3.3G

MemTotal:        4016004 kB
MemFree:          136780 kB
Active:           372068 kB
Mem:          3.8G       3.7G       133M       5.7M        25M       3.2G

MemTotal:        4016004 kB
MemFree:          128492 kB
Active:           372072 kB
Mem:          3.8G       3.7G       125M       5.7M        25M       3.3G

MemTotal:        4016004 kB
MemFree:          111436 kB
Active:           372076 kB
Mem:          3.8G       3.7G       108M       5.7M        25M       3.3G

MemTotal:        4016004 kB
MemFree:          126708 kB
Active:           372076 kB
Mem:          3.8G       3.7G       123M       5.7M        25M       3.3G

MemTotal:        4016004 kB
MemFree:          123972 kB
Active:           371944 kB
Mem:          3.8G       3.7G       120M       5.7M        25M       3.3G

MemTotal:        4016004 kB
MemFree:          113636 kB
Active:           371956 kB
Mem:          3.8G       3.7G       122M       5.7M        25M       3.3G

MemTotal:        4016004 kB
MemFree:          122996 kB
Active:           371960 kB
Mem:          3.8G       3.7G       119M       5.7M        25M       3.3G

MemTotal:        4016004 kB
MemFree:          114644 kB
Active:           371960 kB
Mem:          3.8G       3.7G       111M       5.7M        25M       3.3G

MemTotal:        4016004 kB
MemFree:          125648 kB
Active:           371964 kB
Mem:          3.8G       3.7G       126M       5.7M        25M       3.3G

MemTotal:        4016004 kB
MemFree:          105024 kB
Active:           371964 kB
Mem:          3.8G       3.7G       102M       5.7M        25M       3.3G

MemTotal:        4016004 kB
MemFree:          133072 kB
Active:           371980 kB
Mem:          3.8G       3.7G       129M       5.7M        25M       3.2G

MemTotal:        4016004 kB
MemFree:          133284 kB
Active:           371992 kB
Mem:          3.8G       3.7G       130M       5.7M        25M       3.2G

MemTotal:        4016004 kB
MemFree:          134128 kB
Active:           371876 kB
Mem:          3.8G       3.7G       131M       5.7M        25M       3.2G

MemTotal:        4016004 kB
MemFree:          140032 kB
Active:           371860 kB
Mem:          3.8G       3.7G       136M       5.7M        25M       3.2G

MemTotal:        4016004 kB
MemFree:          129768 kB
Active:           371836 kB
Mem:          3.8G       3.7G       126M       5.7M        25M       3.3G

MemTotal:        4016004 kB
MemFree:          121596 kB
Active:           371868 kB
Mem:          3.8G       3.7G       118M       5.7M        25M       3.3G

MemTotal:        4016004 kB
MemFree:          129684 kB
Active:           371876 kB
Mem:          3.8G       3.7G       126M       5.7M        25M       3.3G

MemTotal:        4016004 kB
MemFree:          119360 kB
Active:           371888 kB
Mem:          3.8G       3.7G       116M       5.7M        25M       3.3G

MemTotal:        4016004 kB
MemFree:          112940 kB
Active:           371872 kB
Mem:          3.8G       3.7G       109M       5.7M        25M       3.3G

MemTotal:        4016004 kB
MemFree:          128464 kB
Active:           371900 kB
Mem:          3.8G       3.7G       125M       5.7M        25M       3.3G

MemTotal:        4016004 kB
MemFree:          119608 kB
Active:           371908 kB
Mem:          3.8G       3.7G       116M       5.7M        25M       3.3G

MemTotal:        4016004 kB
MemFree:          129308 kB
Active:           371908 kB
Mem:          3.8G       3.7G       126M       5.7M        25M       3.3G

MemTotal:        4016004 kB
MemFree:          108008 kB
Active:           371912 kB
Mem:          3.8G       3.7G       105M       5.7M        25M       3.3G

MemTotal:        4016004 kB
MemFree:          127012 kB
Active:           371876 kB
Mem:          3.8G       3.7G       123M       5.7M        25M       3.3G

MemTotal:        4016004 kB
MemFree:          139848 kB
Active:           371924 kB
Mem:          3.8G       3.7G       136M       5.7M        25M       3.2G

MemTotal:        4016004 kB
MemFree:          139232 kB
Active:           371924 kB
Mem:          3.8G       3.7G       135M       5.7M        25M       3.2G

MemTotal:        4016004 kB
MemFree:          105584 kB
Active:           371944 kB
Mem:          3.8G       3.7G       103M       5.7M        25M       3.3G

MemTotal:        4016004 kB
MemFree:          121992 kB
Active:           371872 kB
Mem:          3.8G       3.7G       119M       5.7M        25M       3.3G

MemTotal:        4016004 kB
MemFree:          127256 kB
Active:           371884 kB
Mem:          3.8G       3.7G       124M       5.7M        25M       3.3G

MemTotal:        4016004 kB
MemFree:          136292 kB
Active:           371884 kB
Mem:          3.8G       3.7G       132M       5.7M        25M       3.2G

MemTotal:        4016004 kB
MemFree:          133388 kB
Active:           371736 kB
Mem:          3.8G       3.7G       130M       5.7M        25M       3.2G

MemTotal:        4016004 kB
MemFree:          125960 kB
Active:           371708 kB
Mem:          3.8G       3.7G       122M       5.7M        25M       3.3G

MemTotal:        4016004 kB
MemFree:          127676 kB
Active:           371732 kB
Mem:          3.8G       3.7G       124M       5.7M        25M       3.3G

MemTotal:        4016004 kB
MemFree:          108616 kB
Active:           371744 kB
Mem:          3.8G       3.7G       105M       5.7M        25M       3.3G

MemTotal:        4016004 kB
MemFree:          126524 kB
Active:           371744 kB
Mem:          3.8G       3.7G       123M       5.7M        25M       3.3G

MemTotal:        4016004 kB
MemFree:          111068 kB
Active:           371756 kB
Mem:          3.8G       3.7G       108M       5.7M        25M       3.3G

MemTotal:        4016004 kB
MemFree:          125876 kB
Active:           371756 kB
Mem:          3.8G       3.7G       123M       5.7M        25M       3.3G

MemTotal:        4016004 kB
MemFree:          120376 kB
Active:           371740 kB
Mem:          3.8G       3.7G       117M       5.7M        25M       3.3G

MemTotal:        4016004 kB
MemFree:          106256 kB
Active:           371736 kB
Mem:          3.8G       3.7G       103M       5.7M        25M       3.3G

MemTotal:        4016004 kB
MemFree:          133180 kB
Active:           371752 kB
Mem:          3.8G       3.7G       130M       5.7M        25M       3.2G

MemTotal:        4016004 kB
MemFree:          143140 kB
Active:           371752 kB
Mem:          3.8G       3.7G       138M       5.7M        25M       3.2G

MemTotal:        4016004 kB
MemFree:          135196 kB
Active:           371720 kB
Mem:          3.8G       3.7G       131M       5.7M        25M       3.2G

MemTotal:        4016004 kB
MemFree:          125560 kB
Active:           371712 kB
Mem:          3.8G       3.7G       122M       5.7M        25M       3.3G

MemTotal:        4016004 kB
MemFree:          133548 kB
Active:           371756 kB
Mem:          3.8G       3.7G       130M       5.7M        25M       3.2G

MemTotal:        4016004 kB
MemFree:          125428 kB
Active:           371756 kB
Mem:          3.8G       3.7G       122M       5.7M        25M       3.3G

MemTotal:        4016004 kB
MemFree:          126552 kB
Active:           371768 kB
Mem:          3.8G       3.7G       123M       5.7M        25M       3.3G

MemTotal:        4016004 kB
MemFree:          125620 kB
Active:           371780 kB
Mem:          3.8G       3.7G       122M       5.7M        25M       3.3G

MemTotal:        4016004 kB
MemFree:          126272 kB
Active:           371748 kB
Mem:          3.8G       3.7G       123M       5.7M        25M       3.3G

MemTotal:        4016004 kB
MemFree:          109348 kB
Active:           371736 kB
Mem:          3.8G       3.7G       106M       5.7M        25M       3.3G

MemTotal:        4016004 kB
MemFree:          136076 kB
Active:           371788 kB
Mem:          3.8G       3.7G       132M       5.7M        25M       3.2G

MemTotal:        4016004 kB
MemFree:          137596 kB
Active:           365220 kB
Mem:          3.8G       3.7G       134M       5.7M        25M       3.2G

MemTotal:        4016004 kB
MemFree:          135156 kB
Active:           364992 kB
Mem:          3.8G       3.7G       131M       5.7M        25M       3.2G

MemTotal:        4016004 kB
MemFree:          128064 kB
Active:           365048 kB
Mem:          3.8G       3.7G       124M       5.7M        25M       3.3G

MemTotal:        4016004 kB
MemFree:          134388 kB
Active:           365048 kB
Mem:          3.8G       3.7G       130M       5.7M        25M       3.2G

MemTotal:        4016004 kB
MemFree:          144776 kB
Active:           365036 kB
Mem:          3.8G       3.7G       141M       5.7M        25M       3.2G

MemTotal:        4016004 kB
MemFree:          135772 kB
Active:           365052 kB
Mem:          3.8G       3.7G       131M       5.7M        25M       3.2G

MemTotal:        4016004 kB
MemFree:          137004 kB
Active:           365040 kB
Mem:          3.8G       3.7G       144M       5.7M        25M       3.2G

MemTotal:        4016004 kB
MemFree:          106312 kB
Active:           365060 kB
Mem:          3.8G       3.7G       103M       5.7M        25M       3.3G

MemTotal:        4016004 kB
MemFree:          125592 kB
Active:           365020 kB
Mem:          3.8G       3.7G       122M       5.7M        25M       3.3G

MemTotal:        4016004 kB
MemFree:          122864 kB
Active:           365060 kB
Mem:          3.8G       3.7G       119M       5.7M        25M       3.3G

MemTotal:        4016004 kB
MemFree:          136848 kB
Active:           364440 kB
Mem:          3.8G       3.7G       133M       5.7M        25M       3.2G

MemTotal:        4016004 kB
MemFree:          119892 kB
Active:           364360 kB
Mem:          3.8G       3.7G       116M       5.7M        25M       3.3G

MemTotal:        4016004 kB
MemFree:          128828 kB
Active:           364364 kB
Mem:          3.8G       3.7G       125M       5.7M        25M       3.3G

MemTotal:        4016004 kB
MemFree:          120716 kB
Active:           364372 kB
Mem:          3.8G       3.7G       118M       5.7M        25M       3.3G

MemTotal:        4016004 kB
MemFree:          113156 kB
Active:           364376 kB
Mem:          3.8G       3.7G       110M       5.7M        25M       3.3G

MemTotal:        4016004 kB
MemFree:          119448 kB
Active:           364376 kB
Mem:          3.8G       3.7G       116M       5.7M        25M       3.3G

MemTotal:        4016004 kB
MemFree:          112208 kB
Active:           364376 kB
Mem:          3.8G       3.7G       109M       5.7M        25M       3.3G

MemTotal:        4016004 kB
MemFree:          127332 kB
Active:           364384 kB
Mem:          3.8G       3.7G       123M       5.7M        25M       3.3G

MemTotal:        4016004 kB
MemFree:          107040 kB
Active:           364384 kB
Mem:          3.8G       3.7G       103M       5.7M        25M       3.3G

MemTotal:        4016004 kB
MemFree:          116216 kB
Active:           362932 kB
Mem:          3.8G       3.7G       113M       5.7M        25M       3.3G

MemTotal:        4016004 kB
MemFree:          135404 kB
Active:           362860 kB
Mem:          3.8G       3.7G       132M       5.7M        25M       3.2G

MemTotal:        4016004 kB
MemFree:          135776 kB
Active:           362864 kB
Mem:          3.8G       3.7G       132M       5.7M        25M       3.2G

MemTotal:        4016004 kB
MemFree:          124200 kB
Active:           362844 kB
Mem:          3.8G       3.7G       121M       5.7M        25M       3.3G

MemTotal:        4016004 kB
MemFree:          114904 kB
Active:           362880 kB
Mem:          3.8G       3.7G       111M       5.7M        25M       3.3G

MemTotal:        4016004 kB
MemFree:          106872 kB
Active:           362884 kB
Mem:          3.8G       3.7G       104M       5.7M        25M       3.3G

MemTotal:        4016004 kB
MemFree:          116656 kB
Active:           362884 kB
Mem:          3.8G       3.7G       114M       5.7M        25M       3.3G

MemTotal:        4016004 kB
MemFree:          107668 kB
Active:           362888 kB
Mem:          3.8G       3.7G       104M       5.7M        25M       3.3G

MemTotal:        4016004 kB
MemFree:          132868 kB
Active:           362880 kB
Mem:          3.8G       3.7G       129M       5.7M        25M       3.2G

MemTotal:        4016004 kB
MemFree:          124928 kB
Active:           362844 kB
Mem:          3.8G       3.7G       121M       5.7M        25M       3.3G

MemTotal:        4016004 kB
MemFree:          127668 kB
Active:           362896 kB
Mem:          3.8G       3.7G       124M       5.7M        25M       3.3G

MemTotal:        4016004 kB
MemFree:          127248 kB
Active:           362908 kB
Mem:          3.8G       3.7G       124M       5.7M        25M       3.3G

MemTotal:        4016004 kB
MemFree:          123200 kB
Active:           357908 kB
Mem:          3.8G       3.7G       119M       5.7M        25M       3.3G

MemTotal:        4016004 kB
MemFree:          128608 kB
Active:           357916 kB
Mem:          3.8G       3.7G       125M       5.7M        25M       3.3G

MemTotal:        4016004 kB
MemFree:          109788 kB
Active:           357920 kB
Mem:          3.8G       3.7G       107M       5.7M        25M       3.3G

MemTotal:        4016004 kB
MemFree:          120400 kB
Active:           357932 kB
Mem:          3.8G       3.7G       117M       5.7M        25M       3.3G

MemTotal:        4016004 kB
MemFree:          111316 kB
Active:           357932 kB
Mem:          3.8G       3.7G       107M       5.7M        25M       3.3G

MemTotal:        4016004 kB
MemFree:          116304 kB
Active:           357936 kB
Mem:          3.8G       3.7G       113M       5.7M        25M       3.3G

MemTotal:        4016004 kB
MemFree:          108228 kB
Active:           357940 kB
Mem:          3.8G       3.7G       105M       5.7M        25M       3.3G

MemTotal:        4016004 kB
MemFree:          135516 kB
Active:           357940 kB
Mem:          3.8G       3.7G       132M       5.7M        25M       3.2G

MemTotal:        4016004 kB
MemFree:          108904 kB
Active:           357940 kB
Mem:          3.8G       3.7G       105M       5.7M        25M       3.3G

MemTotal:        4016004 kB
MemFree:          136124 kB
Active:           357940 kB
Mem:          3.8G       3.7G       132M       5.7M        25M       3.2G

MemTotal:        4016004 kB
MemFree:          130284 kB
Active:           357948 kB
Mem:          3.8G       3.7G       127M       5.7M        25M       3.2G

MemTotal:        4016004 kB
MemFree:          134268 kB
Active:           357948 kB
Mem:          3.8G       3.7G       131M       5.7M        25M       3.2G

MemTotal:        4016004 kB
MemFree:          129028 kB
Active:           354360 kB
Mem:          3.8G       3.7G       125M       5.7M        25M       3.2G

MemTotal:        4016004 kB
MemFree:          146112 kB
Active:           354372 kB
Mem:          3.8G       3.7G       142M       5.7M        25M       3.2G

MemTotal:        4016004 kB
MemFree:          136964 kB
Active:           354376 kB
Mem:          3.8G       3.7G       133M       5.7M        25M       3.2G

MemTotal:        4016004 kB
MemFree:          128724 kB
Active:           354388 kB
Mem:          3.8G       3.7G       125M       5.7M        25M       3.2G

MemTotal:        4016004 kB
MemFree:          119788 kB
Active:           354396 kB
Mem:          3.8G       3.7G       116M       5.7M        25M       3.3G

MemTotal:        4016004 kB
MemFree:          122176 kB
Active:           354396 kB
Mem:          3.8G       3.7G       119M       5.7M        25M       3.3G

MemTotal:        4016004 kB
MemFree:          115012 kB
Active:           354400 kB
Mem:          3.8G       3.7G       111M       5.7M        25M       3.3G

MemTotal:        4016004 kB
MemFree:          106096 kB
Active:           354400 kB
Mem:          3.8G       3.7G       103M       5.7M        25M       3.3G

MemTotal:        4016004 kB
MemFree:          113936 kB
Active:           354372 kB
Mem:          3.8G       3.7G       111M       5.7M        25M       3.3G

MemTotal:        4016004 kB
MemFree:          104912 kB
Active:           354408 kB
Mem:          3.8G       3.7G       106M       5.7M        25M       3.3G

MemTotal:        4016004 kB
MemFree:          125624 kB
Active:           354408 kB
Mem:          3.8G       3.7G       122M       5.7M        25M       3.3G

MemTotal:        4016004 kB
MemFree:          117972 kB
Active:           354280 kB
Mem:          3.8G       3.7G       114M       5.7M        25M       3.3G

MemTotal:        4016004 kB
MemFree:          124588 kB
Active:           354280 kB
Mem:          3.8G       3.7G       121M       5.7M        25M       3.3G

MemTotal:        4016004 kB
MemFree:          115756 kB
Active:           354296 kB
Mem:          3.8G       3.7G       112M       5.7M        25M       3.3G

MemTotal:        4016004 kB
MemFree:          108308 kB
Active:           352940 kB
Mem:          3.8G       3.7G       105M       5.7M        25M       3.3G

MemTotal:        4016004 kB
MemFree:          126340 kB
Active:           352944 kB
Mem:          3.8G       3.7G       122M       5.7M        25M       3.3G

MemTotal:        4016004 kB
MemFree:          117780 kB
Active:           352900 kB
Mem:          3.8G       3.7G       114M       5.7M        25M       3.3G

MemTotal:        4016004 kB
MemFree:          122144 kB
Active:           352948 kB
Mem:          3.8G       3.7G       119M       5.7M        25M       3.3G

MemTotal:        4016004 kB
MemFree:          114016 kB
Active:           352908 kB
Mem:          3.8G       3.7G       111M       5.7M        25M       3.3G

MemTotal:        4016004 kB
MemFree:          105488 kB
Active:           352960 kB
Mem:          3.8G       3.7G       102M       5.7M        25M       3.3G

MemTotal:        4016004 kB
MemFree:          115048 kB
Active:           352948 kB
Mem:          3.8G       3.7G       111M       5.7M        25M       3.3G

MemTotal:        4016004 kB
MemFree:          106396 kB
Active:           352960 kB
Mem:          3.8G       3.7G       104M       5.7M        25M       3.3G

MemTotal:        4016004 kB
MemFree:          134492 kB
Active:           352960 kB
Mem:          3.8G       3.7G       131M       5.7M        25M       3.2G

MemTotal:        4016004 kB
MemFree:          116080 kB
Active:           352960 kB
Mem:          3.8G       3.7G       113M       5.7M        25M       3.3G

MemTotal:        4016004 kB
MemFree:          150444 kB
Active:           352944 kB
Mem:          3.8G       3.7G       146M       5.7M        25M       3.2G

MemTotal:        4016004 kB
MemFree:          119728 kB
Active:           352980 kB
Mem:          3.8G       3.7G       116M       5.7M        25M       3.3G

MemTotal:        4016004 kB
MemFree:          129428 kB
Active:           352980 kB
Mem:          3.8G       3.7G       126M       5.7M        25M       3.2G

MemTotal:        4016004 kB
MemFree:          121396 kB
Active:           352932 kB
Mem:          3.8G       3.7G       118M       5.7M        25M       3.3G

MemTotal:        4016004 kB
MemFree:          143980 kB
Active:           349748 kB
Mem:          3.8G       3.7G       140M       5.7M        25M       3.2G

MemTotal:        4016004 kB
MemFree:          136452 kB
Active:           349704 kB
Mem:          3.8G       3.7G       132M       5.7M        25M       3.2G

MemTotal:        4016004 kB
MemFree:          127344 kB
Active:           349708 kB
Mem:          3.8G       3.7G       124M       5.7M        25M       3.2G

MemTotal:        4016004 kB
MemFree:          118280 kB
Active:           349660 kB
Mem:          3.8G       3.7G       115M       5.7M        25M       3.3G

MemTotal:        4016004 kB
MemFree:          110128 kB
Active:           349708 kB
Mem:          3.8G       3.7G       107M       5.7M        25M       3.3G

MemTotal:        4016004 kB
MemFree:          108728 kB
Active:           349728 kB
Mem:          3.8G       3.7G       105M       5.7M        25M       3.3G

MemTotal:        4016004 kB
MemFree:          124128 kB
Active:           349700 kB
Mem:          3.8G       3.7G       120M       5.7M        25M       3.3G

MemTotal:        4016004 kB
MemFree:          127640 kB
Active:           349724 kB
Mem:          3.8G       3.7G       124M       5.7M        25M       3.2G

MemTotal:        4016004 kB
MemFree:          104872 kB
Active:           349696 kB
Mem:          3.8G       3.7G       101M       5.7M        25M       3.3G

MemTotal:        4016004 kB
MemFree:          119488 kB
Active:           349740 kB
Mem:          3.8G       3.7G       116M       5.7M        25M       3.3G

MemTotal:        4016004 kB
MemFree:          105116 kB
Active:           349756 kB
Mem:          3.8G       3.7G       102M       5.7M        25M       3.3G

MemTotal:        4016004 kB
MemFree:          135272 kB
Active:           349764 kB
Mem:          3.8G       3.7G       131M       5.7M        25M       3.2G

MemTotal:        4016004 kB
MemFree:          108784 kB
Active:           349768 kB
Mem:          3.8G       3.7G       105M       5.7M        25M       3.3G

MemTotal:        4016004 kB
MemFree:          124892 kB
Active:           349768 kB
Mem:          3.8G       3.7G       121M       5.7M        25M       3.3G

MemTotal:        4016004 kB
MemFree:          144012 kB
Active:           349768 kB
Mem:          3.8G       3.7G       140M       5.7M        25M       3.2G

MemTotal:        4016004 kB
MemFree:          125080 kB
Active:           349760 kB
Mem:          3.8G       3.7G       121M       5.7M        25M       3.2G

MemTotal:        4016004 kB
MemFree:          127496 kB
Active:           349776 kB
Mem:          3.8G       3.7G       124M       5.7M        25M       3.2G

MemTotal:        4016004 kB
MemFree:          126856 kB
Active:           349480 kB
Mem:          3.8G       3.7G       123M       5.7M        25M       3.2G

MemTotal:        4016004 kB
MemFree:          136400 kB
Active:           349356 kB
Mem:          3.8G       3.7G       133M       5.7M        25M       3.2G

MemTotal:        4016004 kB
MemFree:          115404 kB
Active:           349372 kB
Mem:          3.8G       3.7G       112M       5.7M        25M       3.3G

MemTotal:        4016004 kB
MemFree:          119836 kB
Active:           349384 kB
Mem:          3.8G       3.7G       116M       5.7M        25M       3.3G

MemTotal:        4016004 kB
MemFree:          127312 kB
Active:           349384 kB
Mem:          3.8G       3.7G       124M       5.7M        25M       3.2G

MemTotal:        4016004 kB
MemFree:          120752 kB
Active:           349384 kB
Mem:          3.8G       3.7G       117M       5.7M        25M       3.3G

MemTotal:        4016004 kB
MemFree:          113492 kB
Active:           349388 kB
Mem:          3.8G       3.7G       110M       5.7M        25M       3.3G

MemTotal:        4016004 kB
MemFree:          128632 kB
Active:           349388 kB
Mem:          3.8G       3.7G       125M       5.7M        26M       3.2G

MemTotal:        4016004 kB
MemFree:          109008 kB
Active:           349228 kB
Mem:          3.8G       3.7G       106M       5.7M        26M       3.3G

MemTotal:        4016004 kB
MemFree:          109148 kB
Active:           349128 kB
Mem:          3.8G       3.7G       106M       5.7M        26M       3.3G

MemTotal:        4016004 kB
MemFree:          109024 kB
Active:           349136 kB
Mem:          3.8G       3.7G       106M       5.7M        26M       3.3G

MemTotal:        4016004 kB
MemFree:          108404 kB
Active:           349180 kB
Mem:          3.8G       3.7G       105M       5.7M        26M       3.3G

MemTotal:        4016004 kB
MemFree:          108652 kB
Active:           349148 kB
Mem:          3.8G       3.7G       105M       5.7M        26M       3.3G

MemTotal:        4016004 kB
MemFree:          108280 kB
Active:           349184 kB
Mem:          3.8G       3.7G       106M       5.7M        26M       3.3G

MemTotal:        4016004 kB
MemFree:          108652 kB
Active:           349160 kB
Mem:          3.8G       3.7G       106M       5.7M        26M       3.3G

MemTotal:        4016004 kB
MemFree:          108900 kB
Active:           349136 kB
Mem:          3.8G       3.7G       106M       5.7M        26M       3.3G

MemTotal:        4016004 kB
MemFree:          108776 kB
Active:           349156 kB
Mem:          3.8G       3.7G       106M       5.7M        26M       3.3G

MemTotal:        4016004 kB
MemFree:          109024 kB
Active:           349148 kB
Mem:          3.8G       3.7G       106M       5.7M        26M       3.3G

MemTotal:        4016004 kB
MemFree:          108404 kB
Active:           349192 kB
Mem:          3.8G       3.7G       105M       5.7M        26M       3.3G

MemTotal:        4016004 kB
MemFree:          108280 kB
Active:           349192 kB
Mem:          3.8G       3.7G       105M       5.7M        26M       3.3G

MemTotal:        4016004 kB
MemFree:          108156 kB
Active:           349200 kB
Mem:          3.8G       3.7G       105M       5.7M        26M       3.3G

MemTotal:        4016004 kB
MemFree:          108652 kB
Active:           349180 kB
Mem:          3.8G       3.7G       105M       5.7M        26M       3.3G

MemTotal:        4016004 kB
MemFree:          108528 kB
Active:           349152 kB
Mem:          3.8G       3.7G       106M       5.7M        26M       3.3G

MemTotal:        4016004 kB
MemFree:          108404 kB
Active:           349176 kB
Mem:          3.8G       3.7G       105M       5.7M        26M       3.3G

MemTotal:        4016004 kB
MemFree:          108032 kB
Active:           349208 kB
Mem:          3.8G       3.7G       105M       5.7M        26M       3.3G

MemTotal:        4016004 kB
MemFree:          108528 kB
Active:           349160 kB
Mem:          3.8G       3.7G       106M       5.7M        26M       3.3G

MemTotal:        4016004 kB
MemFree:          108404 kB
Active:           349200 kB
Mem:          3.8G       3.7G       105M       5.7M        26M       3.3G

MemTotal:        4016004 kB
MemFree:          108652 kB
Active:           349180 kB
Mem:          3.8G       3.7G       105M       5.7M        26M       3.3G

MemTotal:        4016004 kB
MemFree:          108404 kB
Active:           349196 kB
Mem:          3.8G       3.7G       105M       5.7M        26M       3.3G

MemTotal:        4016004 kB
MemFree:          108528 kB
Active:           349200 kB
Mem:          3.8G       3.7G       106M       5.7M        26M       3.3G

MemTotal:        4016004 kB
MemFree:          108652 kB
Active:           349220 kB
Mem:          3.8G       3.7G       105M       5.7M        26M       3.3G

MemTotal:        4016004 kB
MemFree:          108528 kB
Active:           349212 kB
Mem:          3.8G       3.7G       106M       5.7M        26M       3.3G

MemTotal:        4016004 kB
MemFree:          108108 kB
Active:           349212 kB
Mem:          3.8G       3.7G       105M       5.7M        26M       3.3G

MemTotal:        4016004 kB
MemFree:          107644 kB
Active:           349244 kB
Mem:          3.8G       3.7G       105M       5.7M        26M       3.3G

MemTotal:        4016004 kB
MemFree:          108268 kB
Active:           349200 kB
Mem:          3.8G       3.7G       105M       5.7M        26M       3.3G

MemTotal:        4016004 kB
MemFree:          108364 kB
Active:           349216 kB
Mem:          3.8G       3.7G       105M       5.7M        26M       3.3G

MemTotal:        4016004 kB
MemFree:          108488 kB
Active:           349196 kB
Mem:          3.8G       3.7G       105M       5.7M        26M       3.3G

MemTotal:        4016004 kB
MemFree:          107992 kB
Active:           349248 kB
Mem:          3.8G       3.7G       105M       5.7M        26M       3.3G

MemTotal:        4016004 kB
MemFree:          108364 kB
Active:           349220 kB
Mem:          3.8G       3.7G       105M       5.7M        26M       3.3G

MemTotal:        4016004 kB
MemFree:          108364 kB
Active:           349256 kB
Mem:          3.8G       3.7G       105M       5.7M        26M       3.3G

MemTotal:        4016004 kB
MemFree:          108488 kB
Active:           349224 kB
Mem:          3.8G       3.7G       105M       5.7M        26M       3.3G

MemTotal:        4016004 kB
MemFree:          107868 kB
Active:           349268 kB
Mem:          3.8G       3.7G       105M       5.7M        26M       3.3G

MemTotal:        4016004 kB
MemFree:          108240 kB
Active:           349248 kB
Mem:          3.8G       3.7G       105M       5.7M        26M       3.3G

MemTotal:        4016004 kB
MemFree:          108364 kB
Active:           349212 kB
Mem:          3.8G       3.7G       105M       5.7M        26M       3.3G

MemTotal:        4016004 kB
MemFree:          108116 kB
Active:           349272 kB
Mem:          3.8G       3.7G       105M       5.7M        26M       3.3G

MemTotal:        4016004 kB
MemFree:          108116 kB
Active:           349280 kB
Mem:          3.8G       3.7G       105M       5.7M        26M       3.3G

MemTotal:        4016004 kB
MemFree:          108612 kB
Active:           349264 kB
Mem:          3.8G       3.7G       106M       5.7M        26M       3.3G

MemTotal:        4016004 kB
MemFree:          108612 kB
Active:           349264 kB
