MemTotal:        4016004 kB
MemFree:         3238924 kB
Active:           421812 kB
Mem:          3.8G       759M       3.1G       5.7M        52M       322M

MemTotal:        4016004 kB
MemFree:         3238396 kB
Active:           422248 kB
Mem:          3.8G       759M       3.1G       5.7M        52M       322M

MemTotal:        4016004 kB
MemFree:         3238628 kB
Active:           422268 kB
Mem:          3.8G       759M       3.1G       5.7M        52M       322M

MemTotal:        4016004 kB
MemFree:         3238612 kB
Active:           422324 kB
Mem:          3.8G       759M       3.1G       5.7M        52M       322M

MemTotal:        4016004 kB
MemFree:         3238736 kB
Active:           422300 kB
Mem:          3.8G       759M       3.1G       5.7M        52M       322M

MemTotal:        4016004 kB
MemFree:         3238472 kB
Active:           422352 kB
Mem:          3.8G       759M       3.1G       5.7M        52M       322M

MemTotal:        4016004 kB
MemFree:         3238208 kB
Active:           422332 kB
Mem:          3.8G       759M       3.1G       5.7M        52M       322M

MemTotal:        4016004 kB
MemFree:         3238192 kB
Active:           422348 kB
Mem:          3.8G       759M       3.1G       5.7M        52M       322M

MemTotal:        4016004 kB
MemFree:         3238192 kB
Active:           422304 kB
Mem:          3.8G       759M       3.1G       5.7M        52M       322M

MemTotal:        4016004 kB
MemFree:         3237804 kB
Active:           422360 kB
Mem:          3.8G       759M       3.1G       5.7M        52M       322M

MemTotal:        4016004 kB
MemFree:         3238284 kB
Active:           422308 kB
Mem:          3.8G       759M       3.1G       5.7M        52M       322M

MemTotal:        4016004 kB
MemFree:         3238332 kB
Active:           422324 kB
Mem:          3.8G       759M       3.1G       5.7M        52M       322M

MemTotal:        4016004 kB
MemFree:         3238332 kB
Active:           422336 kB
Mem:          3.8G       759M       3.1G       5.7M        52M       322M

MemTotal:        4016004 kB
MemFree:         3238364 kB
Active:           422352 kB
Mem:          3.8G       759M       3.1G       5.7M        52M       322M

MemTotal:        4016004 kB
MemFree:         3237868 kB
Active:           422364 kB
Mem:          3.8G       759M       3.1G       5.7M        52M       322M

MemTotal:        4016004 kB
MemFree:         3238240 kB
Active:           422324 kB
Mem:          3.8G       759M       3.1G       5.7M        52M       322M

MemTotal:        4016004 kB
MemFree:         3238240 kB
Active:           422348 kB
Mem:          3.8G       759M       3.1G       5.7M        52M       322M

MemTotal:        4016004 kB
MemFree:         3238240 kB
Active:           422356 kB
Mem:          3.8G       759M       3.1G       5.7M        52M       322M

MemTotal:        4016004 kB
MemFree:         3238240 kB
Active:           422332 kB
Mem:          3.8G       759M       3.1G       5.7M        52M       322M

MemTotal:        4016004 kB
MemFree:         3238208 kB
Active:           422356 kB
Mem:          3.8G       759M       3.1G       5.7M        52M       322M

MemTotal:        4016004 kB
MemFree:         3238068 kB
Active:           422368 kB
Mem:          3.8G       759M       3.1G       5.7M        52M       322M

MemTotal:        4016004 kB
MemFree:         3237928 kB
Active:           422372 kB
Mem:          3.8G       759M       3.1G       5.7M        52M       322M

MemTotal:        4016004 kB
MemFree:         3237912 kB
Active:           422368 kB
Mem:          3.8G       759M       3.1G       5.7M        52M       322M

MemTotal:        4016004 kB
MemFree:         3237896 kB
Active:           422348 kB
Mem:          3.8G       759M       3.1G       5.7M        52M       322M

MemTotal:        4016004 kB
MemFree:         3237896 kB
Active:           422380 kB
Mem:          3.8G       759M       3.1G       5.7M        52M       322M

MemTotal:        4016004 kB
MemFree:         3238020 kB
Active:           422376 kB
Mem:          3.8G       759M       3.1G       5.7M        52M       322M

MemTotal:        4016004 kB
MemFree:         3238052 kB
Active:           422344 kB
Mem:          3.8G       759M       3.1G       5.7M        52M       322M

MemTotal:        4016004 kB
MemFree:         3238052 kB
Active:           422332 kB
Mem:          3.8G       759M       3.1G       5.7M        52M       322M

MemTotal:        4016004 kB
MemFree:         3237928 kB
Active:           422356 kB
Mem:          3.8G       759M       3.1G       5.7M        52M       322M

MemTotal:        4016004 kB
MemFree:         3238176 kB
Active:           422380 kB
Mem:          3.8G       759M       3.1G       5.7M        52M       322M

MemTotal:        4016004 kB
MemFree:         3238424 kB
Active:           422364 kB
Mem:          3.8G       759M       3.1G       5.7M        52M       322M

MemTotal:        4016004 kB
MemFree:         3238424 kB
Active:           422336 kB
Mem:          3.8G       759M       3.1G       5.7M        52M       322M

MemTotal:        4016004 kB
MemFree:         3238052 kB
Active:           422392 kB
Mem:          3.8G       759M       3.1G       5.7M        52M       322M

MemTotal:        4016004 kB
MemFree:         3238052 kB
Active:           422380 kB
Mem:          3.8G       759M       3.1G       5.7M        52M       322M

MemTotal:        4016004 kB
MemFree:         3238176 kB
Active:           422356 kB
Mem:          3.8G       759M       3.1G       5.7M        52M       322M

MemTotal:        4016004 kB
MemFree:         3238020 kB
Active:           422380 kB
Mem:          3.8G       759M       3.1G       5.7M        52M       322M

MemTotal:        4016004 kB
MemFree:         3238148 kB
Active:           422388 kB
Mem:          3.8G       759M       3.1G       5.7M        52M       322M

MemTotal:        4016004 kB
MemFree:         3237900 kB
Active:           422400 kB
Mem:          3.8G       759M       3.1G       5.7M        52M       322M

MemTotal:        4016004 kB
MemFree:         3238272 kB
Active:           422384 kB
Mem:          3.8G       759M       3.1G       5.7M        52M       322M

MemTotal:        4016004 kB
MemFree:         3238148 kB
Active:           422404 kB
Mem:          3.8G       759M       3.1G       5.7M        52M       322M

MemTotal:        4016004 kB
MemFree:         3228296 kB
Active:           430356 kB
Mem:          3.8G       769M       3.1G       5.7M        59M       322M

MemTotal:        4016004 kB
MemFree:         3228572 kB
Active:           428324 kB
Mem:          3.8G       768M       3.1G       5.7M        59M       322M

MemTotal:        4016004 kB
MemFree:         3228268 kB
Active:           430380 kB
Mem:          3.8G       768M       3.1G       5.7M        59M       322M

MemTotal:        4016004 kB
MemFree:         3228392 kB
Active:           430380 kB
Mem:          3.8G       768M       3.1G       5.7M        59M       322M

MemTotal:        4016004 kB
MemFree:         3229012 kB
Active:           430348 kB
Mem:          3.8G       768M       3.1G       5.7M        59M       322M

MemTotal:        4016004 kB
MemFree:         3228872 kB
Active:           430372 kB
Mem:          3.8G       768M       3.1G       5.7M        59M       322M

MemTotal:        4016004 kB
MemFree:         3228996 kB
Active:           430376 kB
Mem:          3.8G       768M       3.1G       5.7M        59M       322M

MemTotal:        4016004 kB
MemFree:         3228624 kB
Active:           430388 kB
Mem:          3.8G       768M       3.1G       5.7M        59M       322M

MemTotal:        4016004 kB
MemFree:         3228980 kB
Active:           430336 kB
Mem:          3.8G       768M       3.1G       5.7M        59M       322M

MemTotal:        4016004 kB
MemFree:         3228964 kB
Active:           430336 kB
Mem:          3.8G       768M       3.1G       5.7M        59M       322M

MemTotal:        4016004 kB
MemFree:         3228840 kB
Active:           430392 kB
Mem:          3.8G       768M       3.1G       5.7M        59M       322M

MemTotal:        4016004 kB
MemFree:         3229196 kB
Active:           430344 kB
Mem:          3.8G       768M       3.1G       5.7M        59M       322M

MemTotal:        4016004 kB
MemFree:         3229180 kB
Active:           430396 kB
Mem:          3.8G       768M       3.1G       5.7M        59M       322M

MemTotal:        4016004 kB
MemFree:         3228808 kB
Active:           430384 kB
Mem:          3.8G       768M       3.1G       5.7M        59M       322M

MemTotal:        4016004 kB
MemFree:         3228684 kB
Active:           430376 kB
Mem:          3.8G       769M       3.1G       5.7M        59M       322M

MemTotal:        4016004 kB
MemFree:         3228668 kB
Active:           430404 kB
Mem:          3.8G       768M       3.1G       5.7M        59M       322M

MemTotal:        4016004 kB
MemFree:         3228172 kB
Active:           430424 kB
Mem:          3.8G       769M       3.1G       5.7M        59M       322M

MemTotal:        4016004 kB
MemFree:         3228296 kB
Active:           430368 kB
Mem:          3.8G       769M       3.1G       5.7M        59M       322M

MemTotal:        4016004 kB
MemFree:         3228312 kB
Active:           430432 kB
Mem:          3.8G       769M       3.1G       5.7M        59M       323M

MemTotal:        4016004 kB
MemFree:         3228188 kB
Active:           430412 kB
Mem:          3.8G       769M       3.1G       5.7M        59M       323M

MemTotal:        4016004 kB
MemFree:         3228684 kB
Active:           430388 kB
Mem:          3.8G       768M       3.1G       5.7M        59M       323M

MemTotal:        4016004 kB
MemFree:         3228640 kB
Active:           428376 kB
Mem:          3.8G       768M       3.1G       5.7M        59M       323M

MemTotal:        4016004 kB
MemFree:         3229240 kB
Active:           430420 kB
Mem:          3.8G       768M       3.1G       5.7M        59M       323M

MemTotal:        4016004 kB
MemFree:         3229104 kB
Active:           430436 kB
Mem:          3.8G       768M       3.1G       5.7M        59M       323M

MemTotal:        4016004 kB
MemFree:         3228856 kB
Active:           430448 kB
Mem:          3.8G       768M       3.1G       5.7M        59M       323M

MemTotal:        4016004 kB
MemFree:         3228980 kB
Active:           430432 kB
Mem:          3.8G       768M       3.1G       5.7M        59M       323M

MemTotal:        4016004 kB
MemFree:         3229104 kB
Active:           430396 kB
Mem:          3.8G       768M       3.1G       5.7M        59M       323M

MemTotal:        4016004 kB
MemFree:         3228484 kB
Active:           430452 kB
Mem:          3.8G       769M       3.1G       5.7M        59M       323M

MemTotal:        4016004 kB
MemFree:         3228360 kB
Active:           430452 kB
Mem:          3.8G       769M       3.1G       5.7M        59M       323M

MemTotal:        4016004 kB
MemFree:         3228608 kB
Active:           430444 kB
Mem:          3.8G       769M       3.1G       5.7M        59M       323M

MemTotal:        4016004 kB
MemFree:         3228872 kB
Active:           430436 kB
Mem:          3.8G       768M       3.1G       5.7M        59M       323M

MemTotal:        4016004 kB
MemFree:         3229120 kB
Active:           430432 kB
Mem:          3.8G       768M       3.1G       5.7M        59M       323M

MemTotal:        4016004 kB
MemFree:         3229120 kB
Active:           430424 kB
Mem:          3.8G       768M       3.1G       5.7M        59M       323M

MemTotal:        4016004 kB
MemFree:         3228996 kB
Active:           430436 kB
Mem:          3.8G       768M       3.1G       5.7M        59M       323M

MemTotal:        4016004 kB
MemFree:         3228980 kB
Active:           430440 kB
Mem:          3.8G       768M       3.1G       5.7M        59M       323M

MemTotal:        4016004 kB
MemFree:         3228840 kB
Active:           430400 kB
Mem:          3.8G       768M       3.1G       5.7M        59M       323M

MemTotal:        4016004 kB
MemFree:         3229088 kB
Active:           430448 kB
Mem:          3.8G       768M       3.1G       5.7M        59M       323M

MemTotal:        4016004 kB
MemFree:         3228824 kB
Active:           430440 kB
Mem:          3.8G       768M       3.1G       5.7M        59M       323M

MemTotal:        4016004 kB
MemFree:         3228344 kB
Active:           430464 kB
Mem:          3.8G       769M       3.1G       5.7M        59M       323M

MemTotal:        4016004 kB
MemFree:         3228344 kB
Active:           430424 kB
Mem:          3.8G       769M       3.1G       5.7M        59M       323M

MemTotal:        4016004 kB
MemFree:         3228468 kB
Active:           430408 kB
Mem:          3.8G       769M       3.1G       5.7M        59M       323M

MemTotal:        4016004 kB
MemFree:         3228468 kB
Active:           430416 kB
Mem:          3.8G       769M       3.1G       5.7M        59M       323M

MemTotal:        4016004 kB
MemFree:         3228516 kB
Active:           430444 kB
Mem:          3.8G       769M       3.1G       5.7M        59M       323M

MemTotal:        4016004 kB
MemFree:         3228268 kB
Active:           430444 kB
Mem:          3.8G       769M       3.1G       5.7M        59M       323M

MemTotal:        4016004 kB
MemFree:         3228640 kB
Active:           430456 kB
Mem:          3.8G       769M       3.1G       5.7M        59M       323M

MemTotal:        4016004 kB
MemFree:         3228252 kB
Active:           430480 kB
Mem:          3.8G       769M       3.1G       5.7M        59M       323M

MemTotal:        4016004 kB
MemFree:         3228360 kB
Active:           430480 kB
Mem:          3.8G       768M       3.1G       5.7M        59M       323M

MemTotal:        4016004 kB
MemFree:         3228964 kB
Active:           430424 kB
Mem:          3.8G       768M       3.1G       5.7M        59M       323M

MemTotal:        4016004 kB
MemFree:         3228328 kB
Active:           430480 kB
Mem:          3.8G       768M       3.1G       5.7M        59M       323M

MemTotal:        4016004 kB
MemFree:         3228700 kB
Active:           430480 kB
Mem:          3.8G       768M       3.1G       5.7M        59M       323M

MemTotal:        4016004 kB
MemFree:         3228700 kB
Active:           430448 kB
Mem:          3.8G       768M       3.1G       5.7M        59M       323M

MemTotal:        4016004 kB
MemFree:         3228824 kB
Active:           430444 kB
Mem:          3.8G       768M       3.1G       5.7M        59M       323M

MemTotal:        4016004 kB
MemFree:         3228452 kB
Active:           430492 kB
Mem:          3.8G       769M       3.1G       5.7M        59M       323M

MemTotal:        4016004 kB
MemFree:         3228824 kB
Active:           430452 kB
Mem:          3.8G       769M       3.1G       5.7M        59M       323M

MemTotal:        4016004 kB
MemFree:         3228328 kB
Active:           430476 kB
Mem:          3.8G       769M       3.1G       5.7M        59M       323M

MemTotal:        4016004 kB
MemFree:         3228452 kB
Active:           430464 kB
Mem:          3.8G       769M       3.1G       5.7M        59M       323M

MemTotal:        4016004 kB
MemFree:         3228700 kB
Active:           430488 kB
Mem:          3.8G       769M       3.1G       5.7M        59M       323M

MemTotal:        4016004 kB
MemFree:         3228204 kB
Active:           430492 kB
Mem:          3.8G       769M       3.1G       5.7M        59M       323M

MemTotal:        4016004 kB
MemFree:         3228252 kB
Active:           430468 kB
Mem:          3.8G       769M       3.1G       5.7M        59M       323M

MemTotal:        4016004 kB
MemFree:         3228376 kB
Active:           430460 kB
Mem:          3.8G       769M       3.1G       5.7M        59M       323M

MemTotal:        4016004 kB
MemFree:         3228500 kB
Active:           430460 kB
Mem:          3.8G       769M       3.1G       5.7M        59M       323M

MemTotal:        4016004 kB
MemFree:         2813364 kB
Active:           442144 kB
Mem:          3.8G       1.1G       2.7G       5.7M        59M       708M

MemTotal:        4016004 kB
MemFree:         2768604 kB
Active:           442876 kB
Mem:          3.8G       1.2G       2.6G       5.7M        59M       750M

MemTotal:        4016004 kB
MemFree:         2722956 kB
Active:           443140 kB
Mem:          3.8G       1.3G       2.5G       5.7M        59M       885M

MemTotal:        4016004 kB
MemFree:         2597552 kB
Active:           443656 kB
Mem:          3.8G       1.4G       2.5G       5.7M        59M       913M

MemTotal:        4016004 kB
MemFree:         2596048 kB
Active:           443660 kB
Mem:          3.8G       1.4G       2.5G       5.7M        59M       913M

MemTotal:        4016004 kB
MemFree:         2595248 kB
Active:           443636 kB
Mem:          3.8G       1.4G       2.5G       5.7M        59M       913M

MemTotal:        4016004 kB
MemFree:         2442096 kB
Active:           444076 kB
Mem:          3.8G       1.5G       2.3G       5.7M        59M       1.0G

MemTotal:        4016004 kB
MemFree:         2400940 kB
Active:           444476 kB
Mem:          3.8G       1.5G       2.3G       5.7M        59M       1.1G

MemTotal:        4016004 kB
MemFree:         2371596 kB
Active:           444576 kB
Mem:          3.8G       1.6G       2.3G       5.7M        59M       1.1G

MemTotal:        4016004 kB
MemFree:         2346472 kB
Active:           444656 kB
Mem:          3.8G       1.6G       2.2G       5.7M        59M       1.1G

MemTotal:        4016004 kB
MemFree:         2208256 kB
Active:           445200 kB
Mem:          3.8G       1.7G       2.1G       5.7M        59M       1.3G

MemTotal:        4016004 kB
MemFree:         2170340 kB
Active:           445416 kB
Mem:          3.8G       1.8G       2.1G       5.7M        59M       1.3G

MemTotal:        4016004 kB
MemFree:         2147792 kB
Active:           445484 kB
Mem:          3.8G       1.8G       2.0G       5.7M        59M       1.3G

MemTotal:        4016004 kB
MemFree:         2080508 kB
Active:           445752 kB
Mem:          3.8G       1.8G       2.0G       5.7M        59M       1.4G

MemTotal:        4016004 kB
MemFree:         2037152 kB
Active:           445964 kB
Mem:          3.8G       1.9G       1.9G       5.7M        59M       1.4G

MemTotal:        4016004 kB
MemFree:         1994860 kB
Active:           446256 kB
Mem:          3.8G       1.9G       1.9G       5.7M        59M       1.5G

MemTotal:        4016004 kB
MemFree:         1952308 kB
Active:           446368 kB
Mem:          3.8G       2.0G       1.9G       5.7M        59M       1.5G

MemTotal:        4016004 kB
MemFree:         1940672 kB
Active:           446472 kB
Mem:          3.8G       2.0G       1.9G       5.7M        59M       1.5G

MemTotal:        4016004 kB
MemFree:         1914084 kB
Active:           446544 kB
Mem:          3.8G       2.0G       1.8G       5.7M        59M       1.5G

MemTotal:        4016004 kB
MemFree:         1852632 kB
Active:           446732 kB
Mem:          3.8G       2.1G       1.8G       5.7M        60M       1.6G

MemTotal:        4016004 kB
MemFree:         1787076 kB
Active:           446980 kB
Mem:          3.8G       2.1G       1.7G       5.7M        60M       1.6G

MemTotal:        4016004 kB
MemFree:         1733536 kB
Active:           447204 kB
Mem:          3.8G       2.2G       1.7G       5.7M        60M       1.7G

MemTotal:        4016004 kB
MemFree:         1687996 kB
Active:           447400 kB
Mem:          3.8G       2.2G       1.6G       5.7M        60M       1.7G

MemTotal:        4016004 kB
MemFree:         1660724 kB
Active:           447516 kB
Mem:          3.8G       2.2G       1.6G       5.7M        60M       1.8G

MemTotal:        4016004 kB
MemFree:         1550836 kB
Active:           447912 kB
Mem:          3.8G       2.4G       1.5G       5.7M        60M       1.9G

MemTotal:        4016004 kB
MemFree:         1495660 kB
Active:           448172 kB
Mem:          3.8G       2.4G       1.4G       5.7M        60M       1.9G

MemTotal:        4016004 kB
MemFree:         1443484 kB
Active:           448388 kB
Mem:          3.8G       2.5G       1.4G       5.7M        60M       2.0G

MemTotal:        4016004 kB
MemFree:         1442076 kB
Active:           448444 kB
Mem:          3.8G       2.5G       1.4G       5.7M        60M       2.0G

MemTotal:        4016004 kB
MemFree:         1441304 kB
Active:           448448 kB
Mem:          3.8G       2.5G       1.4G       5.7M        60M       2.0G

MemTotal:        4016004 kB
MemFree:         1358792 kB
Active:           448424 kB
Mem:          3.8G       2.5G       1.3G       5.7M        60M       2.0G

MemTotal:        4016004 kB
MemFree:         1297568 kB
Active:           448928 kB
Mem:          3.8G       2.6G       1.2G       5.7M        60M       2.1G

MemTotal:        4016004 kB
MemFree:         1243936 kB
Active:           449144 kB
Mem:          3.8G       2.6G       1.2G       5.7M        60M       2.1G

MemTotal:        4016004 kB
MemFree:         1210980 kB
Active:           449236 kB
Mem:          3.8G       2.7G       1.2G       5.7M        60M       2.2G

MemTotal:        4016004 kB
MemFree:         1149132 kB
Active:           451536 kB
Mem:          3.8G       2.7G       1.1G       5.7M        60M       2.2G

MemTotal:        4016004 kB
MemFree:         1089584 kB
Active:           451748 kB
Mem:          3.8G       2.8G       1.0G       5.7M        60M       2.3G

MemTotal:        4016004 kB
MemFree:         1038152 kB
Active:           451980 kB
Mem:          3.8G       2.8G       1.0G       5.7M        60M       2.3G

MemTotal:        4016004 kB
MemFree:          989968 kB
Active:           452168 kB
Mem:          3.8G       2.9G       966M       5.7M        60M       2.4G

MemTotal:        4016004 kB
MemFree:          951664 kB
Active:           452348 kB
Mem:          3.8G       2.9G       929M       5.7M        60M       2.4G

MemTotal:        4016004 kB
MemFree:          939052 kB
Active:           452436 kB
Mem:          3.8G       2.9G       916M       5.7M        60M       2.4G

MemTotal:        4016004 kB
MemFree:          909560 kB
Active:           452472 kB
Mem:          3.8G       3.0G       886M       5.7M        60M       2.5G

MemTotal:        4016004 kB
MemFree:          857064 kB
Active:           452608 kB
Mem:          3.8G       3.0G       837M       5.7M        60M       2.5G

MemTotal:        4016004 kB
MemFree:          736160 kB
Active:           452848 kB
Mem:          3.8G       3.1G       718M       5.7M        60M       2.6G

MemTotal:        4016004 kB
MemFree:          696268 kB
Active:           453264 kB
Mem:          3.8G       3.2G       679M       5.7M        60M       2.7G

MemTotal:        4016004 kB
MemFree:          662248 kB
Active:           453412 kB
Mem:          3.8G       3.2G       646M       5.7M        60M       2.7G

MemTotal:        4016004 kB
MemFree:          626964 kB
Active:           453560 kB
Mem:          3.8G       3.2G       612M       5.7M        60M       2.7G

MemTotal:        4016004 kB
MemFree:          586564 kB
Active:           453692 kB
Mem:          3.8G       3.3G       572M       5.7M        60M       2.8G

MemTotal:        4016004 kB
MemFree:          519652 kB
Active:           453860 kB
Mem:          3.8G       3.3G       507M       5.7M        60M       2.8G

MemTotal:        4016004 kB
MemFree:          479632 kB
Active:           454140 kB
Mem:          3.8G       3.4G       468M       5.7M        60M       2.9G

MemTotal:        4016004 kB
MemFree:          465096 kB
Active:           454304 kB
Mem:          3.8G       3.4G       453M       5.7M        60M       2.9G

MemTotal:        4016004 kB
MemFree:          421384 kB
Active:           454448 kB
Mem:          3.8G       3.4G       411M       5.7M        60M       2.9G

MemTotal:        4016004 kB
MemFree:          391596 kB
Active:           454628 kB
Mem:          3.8G       3.5G       382M       5.7M        60M       2.9G

MemTotal:        4016004 kB
MemFree:          352872 kB
Active:           454768 kB
Mem:          3.8G       3.5G       343M       5.7M        60M       3.0G

MemTotal:        4016004 kB
MemFree:          272600 kB
Active:           453164 kB
Mem:          3.8G       3.6G       265M       5.7M        60M       3.0G

MemTotal:        4016004 kB
MemFree:          216452 kB
Active:           455388 kB
Mem:          3.8G       3.6G       210M       5.7M        60M       3.1G

MemTotal:        4016004 kB
MemFree:          146916 kB
Active:           468828 kB
Mem:          3.8G       3.7G       102M       5.7M        27M       3.2G

MemTotal:        4016004 kB
MemFree:          129512 kB
Active:           490108 kB
Mem:          3.8G       3.7G       124M       5.7M        27M       3.2G

MemTotal:        4016004 kB
MemFree:          113680 kB
Active:           481540 kB
Mem:          3.8G       3.7G       110M       5.7M        27M       3.2G

MemTotal:        4016004 kB
MemFree:          116980 kB
Active:           466200 kB
Mem:          3.8G       3.7G       113M       5.7M        27M       3.2G

MemTotal:        4016004 kB
MemFree:          122244 kB
Active:           464244 kB
Mem:          3.8G       3.7G       118M       5.7M        27M       3.2G

MemTotal:        4016004 kB
MemFree:          126888 kB
Active:           462444 kB
Mem:          3.8G       3.7G       123M       5.7M        27M       3.2G

MemTotal:        4016004 kB
MemFree:          123380 kB
Active:           459816 kB
Mem:          3.8G       3.7G       120M       5.7M        27M       3.2G

MemTotal:        4016004 kB
MemFree:          126176 kB
Active:           455164 kB
Mem:          3.8G       3.7G       122M       5.7M        27M       3.2G

MemTotal:        4016004 kB
MemFree:          143248 kB
Active:           453324 kB
Mem:          3.8G       3.7G       139M       5.7M        27M       3.2G

MemTotal:        4016004 kB
MemFree:          110584 kB
Active:           453404 kB
Mem:          3.8G       3.7G       107M       5.7M        27M       3.2G

MemTotal:        4016004 kB
MemFree:          120084 kB
Active:           452244 kB
Mem:          3.8G       3.7G       117M       5.7M        27M       3.2G

MemTotal:        4016004 kB
MemFree:          134172 kB
Active:           449548 kB
Mem:          3.8G       3.7G       130M       5.7M        27M       3.2G

MemTotal:        4016004 kB
MemFree:          143348 kB
Active:           446912 kB
Mem:          3.8G       3.7G       139M       5.7M        27M       3.2G

MemTotal:        4016004 kB
MemFree:          114384 kB
Active:           446552 kB
Mem:          3.8G       3.7G       111M       5.7M        27M       3.2G

MemTotal:        4016004 kB
MemFree:          128328 kB
Active:           445164 kB
Mem:          3.8G       3.7G       124M       5.7M        27M       3.2G

MemTotal:        4016004 kB
MemFree:          133320 kB
Active:           443904 kB
Mem:          3.8G       3.7G       130M       5.7M        27M       3.2G

MemTotal:        4016004 kB
MemFree:          106672 kB
Active:           443516 kB
Mem:          3.8G       3.7G       103M       5.7M        27M       3.2G

MemTotal:        4016004 kB
MemFree:          124592 kB
Active:           441696 kB
Mem:          3.8G       3.7G       121M       5.7M        27M       3.2G

MemTotal:        4016004 kB
MemFree:          125944 kB
Active:           440332 kB
Mem:          3.8G       3.7G       122M       5.7M        27M       3.2G

MemTotal:        4016004 kB
MemFree:          114728 kB
Active:           439772 kB
Mem:          3.8G       3.7G       112M       5.7M        27M       3.2G

MemTotal:        4016004 kB
MemFree:          122468 kB
Active:           438600 kB
Mem:          3.8G       3.7G       119M       5.7M        27M       3.2G

MemTotal:        4016004 kB
MemFree:          136464 kB
Active:           437280 kB
Mem:          3.8G       3.7G       133M       5.7M        27M       3.2G

MemTotal:        4016004 kB
MemFree:          127216 kB
Active:           435580 kB
Mem:          3.8G       3.7G       124M       5.7M        27M       3.2G

MemTotal:        4016004 kB
MemFree:          143356 kB
Active:           433880 kB
Mem:          3.8G       3.7G       139M       5.7M        27M       3.2G

MemTotal:        4016004 kB
MemFree:          141372 kB
Active:           432792 kB
Mem:          3.8G       3.7G       137M       5.7M        27M       3.2G

MemTotal:        4016004 kB
MemFree:          115048 kB
Active:           431296 kB
Mem:          3.8G       3.7G       111M       5.7M        27M       3.2G

MemTotal:        4016004 kB
MemFree:          122816 kB
Active:           429776 kB
Mem:          3.8G       3.7G       119M       5.7M        27M       3.2G

MemTotal:        4016004 kB
MemFree:          125056 kB
Active:           427152 kB
Mem:          3.8G       3.7G       121M       5.7M        27M       3.2G

MemTotal:        4016004 kB
MemFree:          131660 kB
Active:           425380 kB
Mem:          3.8G       3.7G       128M       5.7M        27M       3.2G

MemTotal:        4016004 kB
MemFree:          133844 kB
Active:           425724 kB
Mem:          3.8G       3.7G       130M       5.7M        27M       3.2G

MemTotal:        4016004 kB
MemFree:          112564 kB
Active:           425776 kB
Mem:          3.8G       3.7G       109M       5.7M        27M       3.2G

MemTotal:        4016004 kB
MemFree:          117064 kB
Active:           424096 kB
Mem:          3.8G       3.7G       112M       5.7M        27M       3.2G

MemTotal:        4016004 kB
MemFree:          124480 kB
Active:           419252 kB
Mem:          3.8G       3.7G       123M       5.7M        27M       3.2G

MemTotal:        4016004 kB
MemFree:          126340 kB
Active:           418296 kB
Mem:          3.8G       3.7G       123M       5.7M        27M       3.2G

MemTotal:        4016004 kB
MemFree:          110080 kB
Active:           417328 kB
Mem:          3.8G       3.7G       107M       5.7M        27M       3.2G

MemTotal:        4016004 kB
MemFree:          133356 kB
Active:           415308 kB
Mem:          3.8G       3.7G       129M       5.7M        27M       3.2G

MemTotal:        4016004 kB
MemFree:          137308 kB
Active:           413428 kB
Mem:          3.8G       3.7G       133M       5.7M        27M       3.2G

MemTotal:        4016004 kB
MemFree:          135856 kB
Active:           412584 kB
Mem:          3.8G       3.7G       132M       5.7M        27M       3.2G

MemTotal:        4016004 kB
MemFree:          117716 kB
Active:           411836 kB
Mem:          3.8G       3.7G       114M       5.7M        27M       3.2G

MemTotal:        4016004 kB
MemFree:          117244 kB
Active:           411852 kB
Mem:          3.8G       3.7G       114M       5.7M        27M       3.2G

MemTotal:        4016004 kB
MemFree:          117000 kB
Active:           411856 kB
Mem:          3.8G       3.7G       114M       5.7M        27M       3.2G

MemTotal:        4016004 kB
MemFree:          142696 kB
Active:           411080 kB
Mem:          3.8G       3.7G       138M       5.7M        27M       3.2G

MemTotal:        4016004 kB
MemFree:          111968 kB
Active:           409984 kB
Mem:          3.8G       3.7G       108M       5.7M        27M       3.2G

MemTotal:        4016004 kB
MemFree:          109532 kB
Active:           408716 kB
Mem:          3.8G       3.7G       106M       5.7M        27M       3.2G

MemTotal:        4016004 kB
MemFree:          150268 kB
Active:           407944 kB
Mem:          3.8G       3.7G       146M       5.7M        27M       3.2G

MemTotal:        4016004 kB
MemFree:          108936 kB
Active:           408208 kB
Mem:          3.8G       3.7G       105M       5.7M        27M       3.2G

MemTotal:        4016004 kB
MemFree:          127812 kB
Active:           406108 kB
Mem:          3.8G       3.7G       124M       5.7M        27M       3.2G

MemTotal:        4016004 kB
MemFree:          147836 kB
Active:           404388 kB
Mem:          3.8G       3.7G       144M       5.7M        27M       3.2G

MemTotal:        4016004 kB
MemFree:          134920 kB
Active:           404220 kB
Mem:          3.8G       3.7G       131M       5.7M        27M       3.2G

MemTotal:        4016004 kB
MemFree:          115184 kB
Active:           405564 kB
Mem:          3.8G       3.7G       112M       5.7M        27M       3.2G

MemTotal:        4016004 kB
MemFree:          131660 kB
Active:           404924 kB
Mem:          3.8G       3.7G       128M       5.7M        27M       3.2G

MemTotal:        4016004 kB
MemFree:          127412 kB
Active:           404764 kB
Mem:          3.8G       3.7G       118M       5.7M        27M       3.2G

MemTotal:        4016004 kB
MemFree:          146168 kB
Active:           404872 kB
Mem:          3.8G       3.7G       142M       5.7M        27M       3.2G

MemTotal:        4016004 kB
MemFree:          125504 kB
Active:           405084 kB
Mem:          3.8G       3.7G       122M       5.7M        27M       3.2G

MemTotal:        4016004 kB
MemFree:          105912 kB
Active:           405172 kB
Mem:          3.8G       3.7G       102M       5.7M        27M       3.2G

MemTotal:        4016004 kB
MemFree:          110936 kB
Active:           405112 kB
Mem:          3.8G       3.7G       107M       5.7M        27M       3.2G

MemTotal:        4016004 kB
MemFree:          124544 kB
Active:           405332 kB
Mem:          3.8G       3.7G       121M       5.7M        27M       3.2G

MemTotal:        4016004 kB
MemFree:          112988 kB
Active:           407620 kB
Mem:          3.8G       3.7G       110M       5.7M        27M       3.2G

MemTotal:        4016004 kB
MemFree:          106900 kB
Active:           406948 kB
Mem:          3.8G       3.7G       103M       5.7M        27M       3.2G

MemTotal:        4016004 kB
MemFree:          114760 kB
Active:           406956 kB
Mem:          3.8G       3.7G       111M       5.7M        27M       3.2G

MemTotal:        4016004 kB
MemFree:          116140 kB
Active:           407064 kB
Mem:          3.8G       3.7G       112M       5.7M        27M       3.2G

MemTotal:        4016004 kB
MemFree:          130232 kB
Active:           407184 kB
Mem:          3.8G       3.7G       126M       5.7M        27M       3.2G

MemTotal:        4016004 kB
MemFree:          132732 kB
Active:           407340 kB
Mem:          3.8G       3.7G       129M       5.7M        27M       3.2G

MemTotal:        4016004 kB
MemFree:          132520 kB
Active:           407580 kB
Mem:          3.8G       3.7G       128M       5.7M        27M       3.2G

MemTotal:        4016004 kB
MemFree:          138284 kB
Active:           407844 kB
Mem:          3.8G       3.7G       134M       5.7M        27M       3.2G

MemTotal:        4016004 kB
MemFree:          124752 kB
Active:           407936 kB
Mem:          3.8G       3.7G       121M       5.7M        27M       3.2G

MemTotal:        4016004 kB
MemFree:          129144 kB
Active:           407984 kB
Mem:          3.8G       3.7G       126M       5.7M        27M       3.2G

MemTotal:        4016004 kB
MemFree:          122408 kB
Active:           408444 kB
Mem:          3.8G       3.7G       119M       5.7M        27M       3.2G

MemTotal:        4016004 kB
MemFree:          117848 kB
Active:           408688 kB
Mem:          3.8G       3.7G       114M       5.7M        27M       3.2G

MemTotal:        4016004 kB
MemFree:          125544 kB
Active:           408768 kB
Mem:          3.8G       3.7G       121M       5.7M        27M       3.2G

MemTotal:        4016004 kB
MemFree:          127840 kB
Active:           408944 kB
Mem:          3.8G       3.7G       124M       5.7M        27M       3.2G

MemTotal:        4016004 kB
MemFree:          132536 kB
Active:           409076 kB
Mem:          3.8G       3.7G       128M       5.7M        27M       3.2G

MemTotal:        4016004 kB
MemFree:          131560 kB
Active:           409296 kB
Mem:          3.8G       3.7G       128M       5.7M        27M       3.2G

MemTotal:        4016004 kB
MemFree:          129232 kB
Active:           409416 kB
Mem:          3.8G       3.7G       125M       5.7M        27M       3.2G

MemTotal:        4016004 kB
MemFree:          136648 kB
Active:           409592 kB
Mem:          3.8G       3.7G       133M       5.7M        27M       3.2G

MemTotal:        4016004 kB
MemFree:          134372 kB
Active:           409740 kB
Mem:          3.8G       3.7G       130M       5.7M        27M       3.2G

MemTotal:        4016004 kB
MemFree:          115684 kB
Active:           411412 kB
Mem:          3.8G       3.7G       112M       5.7M        27M       3.2G

MemTotal:        4016004 kB
MemFree:          126716 kB
Active:           410324 kB
Mem:          3.8G       3.7G       123M       5.7M        27M       3.2G

MemTotal:        4016004 kB
MemFree:          124484 kB
Active:           410280 kB
Mem:          3.8G       3.7G       121M       5.7M        27M       3.2G

MemTotal:        4016004 kB
MemFree:          145044 kB
Active:           410456 kB
Mem:          3.8G       3.7G       141M       5.7M        27M       3.2G

MemTotal:        4016004 kB
MemFree:          126328 kB
Active:           410508 kB
Mem:          3.8G       3.7G       123M       5.7M        27M       3.2G

MemTotal:        4016004 kB
MemFree:          106720 kB
Active:           407996 kB
Mem:          3.8G       3.7G       103M       5.7M        27M       3.2G

MemTotal:        4016004 kB
MemFree:          107652 kB
Active:           408136 kB
Mem:          3.8G       3.7G       104M       5.7M        27M       3.2G

MemTotal:        4016004 kB
MemFree:          122936 kB
Active:           408272 kB
Mem:          3.8G       3.7G       119M       5.7M        27M       3.2G

MemTotal:        4016004 kB
MemFree:          127200 kB
Active:           408344 kB
Mem:          3.8G       3.7G       123M       5.7M        27M       3.2G

MemTotal:        4016004 kB
MemFree:          114284 kB
Active:           408436 kB
Mem:          3.8G       3.7G       111M       5.7M        27M       3.2G

MemTotal:        4016004 kB
MemFree:          107264 kB
Active:           408608 kB
Mem:          3.8G       3.7G       104M       5.7M        27M       3.2G

MemTotal:        4016004 kB
MemFree:          107896 kB
Active:           405336 kB
Mem:          3.8G       3.7G       104M       5.7M        27M       3.2G

MemTotal:        4016004 kB
MemFree:          131960 kB
Active:           405488 kB
Mem:          3.8G       3.7G       128M       5.7M        27M       3.2G

MemTotal:        4016004 kB
MemFree:          130676 kB
Active:           405672 kB
Mem:          3.8G       3.7G       127M       5.7M        27M       3.2G

MemTotal:        4016004 kB
MemFree:          127224 kB
Active:           405808 kB
Mem:          3.8G       3.7G       123M       5.7M        27M       3.2G

MemTotal:        4016004 kB
MemFree:          121864 kB
Active:           406028 kB
Mem:          3.8G       3.7G       118M       5.7M        27M       3.2G

MemTotal:        4016004 kB
MemFree:          127596 kB
Active:           406232 kB
Mem:          3.8G       3.7G       123M       5.7M        27M       3.2G

MemTotal:        4016004 kB
MemFree:          124368 kB
Active:           406380 kB
Mem:          3.8G       3.7G       121M       5.7M        27M       3.2G

MemTotal:        4016004 kB
MemFree:          106248 kB
Active:           406464 kB
Mem:          3.8G       3.7G       103M       5.7M        27M       3.2G

MemTotal:        4016004 kB
MemFree:          115300 kB
Active:           407800 kB
Mem:          3.8G       3.7G       112M       5.7M        27M       3.2G

MemTotal:        4016004 kB
MemFree:          112008 kB
Active:           406228 kB
Mem:          3.8G       3.7G       108M       5.7M        27M       3.2G

MemTotal:        4016004 kB
MemFree:          141080 kB
Active:           406360 kB
Mem:          3.8G       3.7G       137M       5.7M        27M       3.2G

MemTotal:        4016004 kB
MemFree:          120572 kB
Active:           406592 kB
Mem:          3.8G       3.7G       117M       5.7M        27M       3.2G

MemTotal:        4016004 kB
MemFree:          119808 kB
Active:           406580 kB
Mem:          3.8G       3.7G       116M       5.7M        27M       3.2G

MemTotal:        4016004 kB
MemFree:          129100 kB
Active:           406596 kB
Mem:          3.8G       3.7G       132M       5.7M        27M       3.2G

MemTotal:        4016004 kB
MemFree:          128424 kB
Active:           406912 kB
Mem:          3.8G       3.7G       124M       5.7M        27M       3.2G

MemTotal:        4016004 kB
MemFree:          120624 kB
Active:           407224 kB
Mem:          3.8G       3.7G       117M       5.7M        27M       3.2G

MemTotal:        4016004 kB
MemFree:          116004 kB
Active:           407440 kB
Mem:          3.8G       3.7G       115M       5.7M        27M       3.2G

MemTotal:        4016004 kB
MemFree:          138572 kB
Active:           406772 kB
Mem:          3.8G       3.7G       134M       5.7M        27M       3.2G

MemTotal:        4016004 kB
MemFree:          131556 kB
Active:           406996 kB
Mem:          3.8G       3.7G       128M       5.7M        27M       3.2G

MemTotal:        4016004 kB
MemFree:          122528 kB
Active:           407148 kB
Mem:          3.8G       3.7G       119M       5.7M        27M       3.2G

MemTotal:        4016004 kB
MemFree:          113708 kB
Active:           407252 kB
Mem:          3.8G       3.7G       110M       5.7M        27M       3.2G

MemTotal:        4016004 kB
MemFree:          122880 kB
Active:           407712 kB
Mem:          3.8G       3.7G       119M       5.7M        27M       3.2G

MemTotal:        4016004 kB
MemFree:          138860 kB
Active:           408000 kB
Mem:          3.8G       3.7G       135M       5.7M        27M       3.2G

MemTotal:        4016004 kB
MemFree:          123608 kB
Active:           408192 kB
Mem:          3.8G       3.7G       120M       5.7M        27M       3.2G

MemTotal:        4016004 kB
MemFree:          123116 kB
Active:           408184 kB
Mem:          3.8G       3.7G       120M       5.7M        27M       3.2G

MemTotal:        4016004 kB
MemFree:          133232 kB
Active:           398772 kB
Mem:          3.8G       3.7G       129M       5.7M        27M       3.2G

MemTotal:        4016004 kB
MemFree:          146736 kB
Active:           399024 kB
Mem:          3.8G       3.7G       142M       5.7M        27M       3.2G

MemTotal:        4016004 kB
MemFree:          136080 kB
Active:           399288 kB
Mem:          3.8G       3.7G       132M       5.7M        27M       3.2G

MemTotal:        4016004 kB
MemFree:          144256 kB
Active:           399552 kB
Mem:          3.8G       3.7G       140M       5.7M        27M       3.2G

MemTotal:        4016004 kB
MemFree:          123352 kB
Active:           399736 kB
Mem:          3.8G       3.7G       119M       5.7M        27M       3.2G

MemTotal:        4016004 kB
MemFree:          140104 kB
Active:           399892 kB
Mem:          3.8G       3.7G       136M       5.7M        27M       3.2G

MemTotal:        4016004 kB
MemFree:          128792 kB
Active:           400144 kB
Mem:          3.8G       3.7G       125M       5.7M        27M       3.2G

MemTotal:        4016004 kB
MemFree:          105936 kB
Active:           400240 kB
Mem:          3.8G       3.7G       103M       5.7M        27M       3.2G

MemTotal:        4016004 kB
MemFree:          147020 kB
Active:           400384 kB
Mem:          3.8G       3.7G       143M       5.7M        27M       3.2G

MemTotal:        4016004 kB
MemFree:          141824 kB
Active:           398012 kB
Mem:          3.8G       3.7G       138M       5.7M        27M       3.2G

MemTotal:        4016004 kB
MemFree:          121280 kB
Active:           398068 kB
Mem:          3.8G       3.7G       118M       5.7M        27M       3.2G

MemTotal:        4016004 kB
MemFree:          139220 kB
Active:           398100 kB
Mem:          3.8G       3.7G       135M       5.7M        27M       3.2G

MemTotal:        4016004 kB
MemFree:          134864 kB
Active:           398208 kB
Mem:          3.8G       3.7G       130M       5.7M        27M       3.2G

MemTotal:        4016004 kB
MemFree:          112368 kB
Active:           398520 kB
Mem:          3.8G       3.7G       108M       5.7M        27M       3.2G

MemTotal:        4016004 kB
MemFree:          126480 kB
Active:           398744 kB
Mem:          3.8G       3.7G       123M       5.7M        27M       3.2G

MemTotal:        4016004 kB
MemFree:          142008 kB
Active:           398872 kB
Mem:          3.8G       3.7G       138M       5.7M        27M       3.2G

MemTotal:        4016004 kB
MemFree:          132352 kB
Active:           398868 kB
Mem:          3.8G       3.7G       128M       5.7M        27M       3.2G

MemTotal:        4016004 kB
MemFree:          126988 kB
Active:           399084 kB
Mem:          3.8G       3.7G       123M       5.7M        27M       3.2G

MemTotal:        4016004 kB
MemFree:          121164 kB
Active:           399420 kB
Mem:          3.8G       3.7G       117M       5.7M        27M       3.2G

MemTotal:        4016004 kB
MemFree:          119084 kB
Active:           399584 kB
Mem:          3.8G       3.7G       115M       5.7M        27M       3.2G

MemTotal:        4016004 kB
MemFree:          132180 kB
Active:           399764 kB
Mem:          3.8G       3.7G       128M       5.7M        27M       3.2G

MemTotal:        4016004 kB
MemFree:          127408 kB
Active:           398200 kB
Mem:          3.8G       3.7G       124M       5.7M        27M       3.2G

MemTotal:        4016004 kB
MemFree:          127256 kB
Active:           398104 kB
Mem:          3.8G       3.7G       123M       5.7M        27M       3.2G

MemTotal:        4016004 kB
MemFree:          129996 kB
Active:           398208 kB
Mem:          3.8G       3.7G       126M       5.7M        27M       3.2G

MemTotal:        4016004 kB
MemFree:          112504 kB
Active:           398608 kB
Mem:          3.8G       3.7G       109M       5.7M        27M       3.2G

MemTotal:        4016004 kB
MemFree:          131736 kB
Active:           398888 kB
Mem:          3.8G       3.7G       127M       5.7M        27M       3.2G

MemTotal:        4016004 kB
MemFree:          129016 kB
Active:           398972 kB
Mem:          3.8G       3.7G       126M       5.7M        27M       3.2G

MemTotal:        4016004 kB
MemFree:          108660 kB
Active:           399192 kB
Mem:          3.8G       3.7G       105M       5.7M        27M       3.2G

MemTotal:        4016004 kB
MemFree:          108308 kB
Active:           399344 kB
Mem:          3.8G       3.7G       105M       5.7M        27M       3.2G

MemTotal:        4016004 kB
MemFree:          108272 kB
Active:           399576 kB
Mem:          3.8G       3.7G       105M       5.7M        27M       3.2G

MemTotal:        4016004 kB
MemFree:          112020 kB
Active:           399756 kB
Mem:          3.8G       3.7G       108M       5.7M        27M       3.2G

MemTotal:        4016004 kB
MemFree:          127628 kB
Active:           399928 kB
Mem:          3.8G       3.7G       124M       5.7M        27M       3.2G

MemTotal:        4016004 kB
MemFree:          136876 kB
Active:           399936 kB
Mem:          3.8G       3.7G       133M       5.7M        27M       3.2G

MemTotal:        4016004 kB
MemFree:          119020 kB
Active:           400152 kB
Mem:          3.8G       3.7G       116M       5.7M        27M       3.2G

MemTotal:        4016004 kB
MemFree:          121272 kB
Active:           400256 kB
Mem:          3.8G       3.7G       118M       5.7M        27M       3.2G

MemTotal:        4016004 kB
MemFree:          110068 kB
Active:           397360 kB
Mem:          3.8G       3.7G       106M       5.7M        27M       3.2G

MemTotal:        4016004 kB
MemFree:          126500 kB
Active:           397612 kB
Mem:          3.8G       3.7G       123M       5.7M        27M       3.2G

MemTotal:        4016004 kB
MemFree:          114052 kB
Active:           397820 kB
Mem:          3.8G       3.7G       110M       5.7M        27M       3.2G

MemTotal:        4016004 kB
MemFree:          138296 kB
Active:           398236 kB
Mem:          3.8G       3.7G       143M       5.7M        27M       3.2G

MemTotal:        4016004 kB
MemFree:          109536 kB
Active:           398576 kB
Mem:          3.8G       3.7G       106M       5.7M        27M       3.2G

MemTotal:        4016004 kB
MemFree:          130212 kB
Active:           398748 kB
Mem:          3.8G       3.7G       126M       5.7M        27M       3.2G

MemTotal:        4016004 kB
MemFree:          123948 kB
Active:           398864 kB
Mem:          3.8G       3.7G       120M       5.7M        27M       3.2G

MemTotal:        4016004 kB
MemFree:          125688 kB
Active:           398988 kB
Mem:          3.8G       3.7G       122M       5.7M        27M       3.2G

MemTotal:        4016004 kB
MemFree:          125320 kB
Active:           399196 kB
Mem:          3.8G       3.7G       121M       5.7M        27M       3.2G

MemTotal:        4016004 kB
MemFree:          123804 kB
Active:           399428 kB
Mem:          3.8G       3.7G       120M       5.7M        27M       3.2G

MemTotal:        4016004 kB
MemFree:          113376 kB
Active:           399592 kB
Mem:          3.8G       3.7G       110M       5.7M        27M       3.2G

MemTotal:        4016004 kB
MemFree:          119940 kB
Active:           399744 kB
Mem:          3.8G       3.7G       117M       5.7M        27M       3.2G

MemTotal:        4016004 kB
MemFree:          128404 kB
Active:           399872 kB
Mem:          3.8G       3.7G       124M       5.7M        27M       3.2G

MemTotal:        4016004 kB
MemFree:          129928 kB
Active:           399992 kB
Mem:          3.8G       3.7G       125M       5.7M        27M       3.2G

MemTotal:        4016004 kB
MemFree:          132052 kB
Active:           396900 kB
Mem:          3.8G       3.7G       128M       5.7M        27M       3.2G

MemTotal:        4016004 kB
MemFree:          142920 kB
Active:           397064 kB
Mem:          3.8G       3.7G       139M       5.7M        27M       3.2G

MemTotal:        4016004 kB
MemFree:          126412 kB
Active:           397228 kB
Mem:          3.8G       3.7G       123M       5.7M        27M       3.2G

MemTotal:        4016004 kB
MemFree:          137696 kB
Active:           397712 kB
Mem:          3.8G       3.7G       133M       5.7M        27M       3.2G

MemTotal:        4016004 kB
MemFree:          125924 kB
Active:           398068 kB
Mem:          3.8G       3.7G       122M       5.7M        27M       3.2G

MemTotal:        4016004 kB
MemFree:          130124 kB
Active:           398252 kB
Mem:          3.8G       3.7G       127M       5.7M        27M       3.2G

MemTotal:        4016004 kB
MemFree:          134296 kB
Active:           398404 kB
Mem:          3.8G       3.7G       131M       5.7M        27M       3.2G

MemTotal:        4016004 kB
MemFree:          107548 kB
Active:           398532 kB
Mem:          3.8G       3.7G       104M       5.7M        27M       3.2G

MemTotal:        4016004 kB
MemFree:          108704 kB
Active:           398780 kB
Mem:          3.8G       3.7G       105M       5.7M        27M       3.2G

MemTotal:        4016004 kB
MemFree:          149048 kB
Active:           398984 kB
Mem:          3.8G       3.7G       145M       5.7M        27M       3.2G

MemTotal:        4016004 kB
MemFree:          139836 kB
Active:           399044 kB
Mem:          3.8G       3.7G       136M       5.7M        27M       3.2G

MemTotal:        4016004 kB
MemFree:          104732 kB
Active:           399188 kB
Mem:          3.8G       3.7G       118M       5.7M        27M       3.2G

MemTotal:        4016004 kB
MemFree:          128164 kB
Active:           399464 kB
Mem:          3.8G       3.7G       124M       5.7M        27M       3.2G

MemTotal:        4016004 kB
MemFree:          119232 kB
Active:           399680 kB
Mem:          3.8G       3.7G       115M       5.7M        27M       3.2G

MemTotal:        4016004 kB
MemFree:          108208 kB
Active:           399852 kB
Mem:          3.8G       3.7G       104M       5.7M        27M       3.2G

MemTotal:        4016004 kB
MemFree:          129696 kB
Active:           400020 kB
Mem:          3.8G       3.7G       126M       5.7M        27M       3.2G

MemTotal:        4016004 kB
MemFree:          128832 kB
Active:           400240 kB
Mem:          3.8G       3.7G       125M       5.7M        27M       3.2G

MemTotal:        4016004 kB
MemFree:          123276 kB
Active:           400524 kB
Mem:          3.8G       3.7G       119M       5.7M        27M       3.2G

MemTotal:        4016004 kB
MemFree:          132536 kB
Active:           400760 kB
Mem:          3.8G       3.7G       129M       5.7M        27M       3.2G

MemTotal:        4016004 kB
MemFree:          121872 kB
Active:           400952 kB
Mem:          3.8G       3.7G       118M       5.7M        27M       3.2G

MemTotal:        4016004 kB
MemFree:          116708 kB
Active:           401116 kB
Mem:          3.8G       3.7G       113M       5.7M        27M       3.2G

MemTotal:        4016004 kB
MemFree:          130348 kB
Active:           401232 kB
Mem:          3.8G       3.7G       126M       5.7M        27M       3.2G

MemTotal:        4016004 kB
MemFree:          131124 kB
Active:           401348 kB
Mem:          3.8G       3.7G       127M       5.7M        27M       3.2G

MemTotal:        4016004 kB
MemFree:          119436 kB
Active:           401564 kB
Mem:          3.8G       3.7G       116M       5.7M        27M       3.2G

MemTotal:        4016004 kB
MemFree:          107676 kB
Active:           401760 kB
Mem:          3.8G       3.7G       104M       5.7M        27M       3.2G

MemTotal:        4016004 kB
MemFree:          127320 kB
Active:           401976 kB
Mem:          3.8G       3.7G       124M       5.7M        27M       3.2G

MemTotal:        4016004 kB
MemFree:          113092 kB
Active:           402060 kB
Mem:          3.8G       3.7G       109M       5.7M        27M       3.2G

MemTotal:        4016004 kB
MemFree:          127264 kB
Active:           402128 kB
Mem:          3.8G       3.7G       124M       5.7M        27M       3.2G

MemTotal:        4016004 kB
MemFree:          125860 kB
Active:           402316 kB
Mem:          3.8G       3.7G       121M       5.7M        27M       3.2G

MemTotal:        4016004 kB
MemFree:          139172 kB
Active:           403184 kB
Mem:          3.8G       3.7G       135M       5.7M        27M       3.2G

MemTotal:        4016004 kB
MemFree:          150384 kB
Active:           403516 kB
Mem:          3.8G       3.7G       147M       5.7M        27M       3.2G

MemTotal:        4016004 kB
MemFree:          126492 kB
Active:           403704 kB
Mem:          3.8G       3.7G       122M       5.7M        27M       3.2G

MemTotal:        4016004 kB
MemFree:          127208 kB
Active:           403928 kB
Mem:          3.8G       3.7G       123M       5.7M        27M       3.2G

MemTotal:        4016004 kB
MemFree:          113592 kB
Active:           404100 kB
Mem:          3.8G       3.7G       110M       5.7M        27M       3.2G

MemTotal:        4016004 kB
MemFree:          110556 kB
Active:           404216 kB
Mem:          3.8G       3.7G       118M       5.7M        27M       3.2G

MemTotal:        4016004 kB
MemFree:          117692 kB
Active:           404232 kB
Mem:          3.8G       3.7G       114M       5.7M        27M       3.2G

MemTotal:        4016004 kB
MemFree:          132736 kB
Active:           404328 kB
Mem:          3.8G       3.7G       128M       5.7M        27M       3.2G

MemTotal:        4016004 kB
MemFree:          124644 kB
Active:           404660 kB
Mem:          3.8G       3.7G       121M       5.7M        27M       3.2G

MemTotal:        4016004 kB
MemFree:          126204 kB
Active:           404964 kB
Mem:          3.8G       3.7G       122M       5.7M        27M       3.2G

MemTotal:        4016004 kB
MemFree:          121616 kB
Active:           405144 kB
Mem:          3.8G       3.7G       118M       5.7M        27M       3.2G

MemTotal:        4016004 kB
MemFree:          121184 kB
Active:           405128 kB
Mem:          3.8G       3.7G       118M       5.7M        27M       3.2G

MemTotal:        4016004 kB
MemFree:          119084 kB
Active:           405200 kB
Mem:          3.8G       3.7G       118M       5.7M        27M       3.2G

MemTotal:        4016004 kB
MemFree:          114604 kB
Active:           405760 kB
Mem:          3.8G       3.7G       110M       5.7M        27M       3.2G

MemTotal:        4016004 kB
MemFree:          104308 kB
Active:           405988 kB
Mem:          3.8G       3.7G       109M       5.7M        27M       3.2G

MemTotal:        4016004 kB
MemFree:          139640 kB
Active:           406452 kB
Mem:          3.8G       3.7G       135M       5.7M        27M       3.2G

MemTotal:        4016004 kB
MemFree:          145752 kB
Active:           406712 kB
Mem:          3.8G       3.7G       141M       5.7M        27M       3.2G

MemTotal:        4016004 kB
MemFree:          119760 kB
Active:           406924 kB
Mem:          3.8G       3.7G       116M       5.7M        27M       3.2G

MemTotal:        4016004 kB
MemFree:          110704 kB
Active:           407100 kB
Mem:          3.8G       3.7G       107M       5.7M        27M       3.2G

MemTotal:        4016004 kB
MemFree:          128420 kB
Active:           407308 kB
Mem:          3.8G       3.7G       124M       5.7M        27M       3.2G

MemTotal:        4016004 kB
MemFree:          110196 kB
Active:           407332 kB
Mem:          3.8G       3.7G       107M       5.7M        27M       3.2G

MemTotal:        4016004 kB
MemFree:          121360 kB
Active:           407488 kB
Mem:          3.8G       3.7G       117M       5.7M        27M       3.2G

MemTotal:        4016004 kB
MemFree:          130528 kB
Active:           407868 kB
Mem:          3.8G       3.7G       126M       5.7M        27M       3.2G

MemTotal:        4016004 kB
MemFree:          128720 kB
Active:           408148 kB
Mem:          3.8G       3.7G       125M       5.7M        27M       3.2G

MemTotal:        4016004 kB
MemFree:          107424 kB
Active:           408244 kB
Mem:          3.8G       3.7G       104M       5.7M        27M       3.2G

MemTotal:        4016004 kB
MemFree:          117764 kB
Active:           408332 kB
Mem:          3.8G       3.7G       114M       5.7M        27M       3.2G

MemTotal:        4016004 kB
MemFree:          140280 kB
Active:           408424 kB
Mem:          3.8G       3.7G       137M       5.7M        27M       3.2G

MemTotal:        4016004 kB
MemFree:          115628 kB
Active:           408748 kB
Mem:          3.8G       3.7G       112M       5.7M        27M       3.2G

MemTotal:        4016004 kB
MemFree:          115860 kB
Active:           409008 kB
Mem:          3.8G       3.7G       112M       5.7M        27M       3.2G

MemTotal:        4016004 kB
MemFree:          106980 kB
Active:           409092 kB
Mem:          3.8G       3.7G       104M       5.7M        27M       3.2G

MemTotal:        4016004 kB
MemFree:          106584 kB
Active:           409116 kB
Mem:          3.8G       3.7G       103M       5.7M        27M       3.2G

MemTotal:        4016004 kB
MemFree:          116944 kB
Active:           409256 kB
Mem:          3.8G       3.7G       113M       5.7M        27M       3.2G

MemTotal:        4016004 kB
MemFree:          106480 kB
Active:           409656 kB
Mem:          3.8G       3.7G       103M       5.7M        27M       3.2G

MemTotal:        4016004 kB
MemFree:          126560 kB
Active:           409884 kB
Mem:          3.8G       3.7G       123M       5.7M        27M       3.2G

MemTotal:        4016004 kB
MemFree:          138780 kB
Active:           410016 kB
Mem:          3.8G       3.7G       135M       5.7M        27M       3.2G

MemTotal:        4016004 kB
MemFree:          138380 kB
Active:           410008 kB
Mem:          3.8G       3.7G       135M       5.7M        27M       3.2G

MemTotal:        4016004 kB
MemFree:          142508 kB
Active:           409972 kB
Mem:          3.8G       3.7G       137M       5.7M        28M       3.2G

MemTotal:        4016004 kB
MemFree:          111984 kB
Active:           410376 kB
Mem:          3.8G       3.7G       108M       5.7M        28M       3.2G

MemTotal:        4016004 kB
MemFree:          138912 kB
Active:           410656 kB
Mem:          3.8G       3.7G       134M       5.7M        28M       3.2G

MemTotal:        4016004 kB
MemFree:          135964 kB
Active:           410864 kB
Mem:          3.8G       3.7G       132M       5.7M        28M       3.2G

MemTotal:        4016004 kB
MemFree:          126464 kB
Active:           411044 kB
Mem:          3.8G       3.7G       122M       5.7M        28M       3.2G

MemTotal:        4016004 kB
MemFree:          123000 kB
Active:           411248 kB
Mem:          3.8G       3.7G       119M       5.7M        28M       3.2G

MemTotal:        4016004 kB
MemFree:          121824 kB
Active:           411324 kB
Mem:          3.8G       3.7G       118M       5.7M        28M       3.2G

MemTotal:        4016004 kB
MemFree:          121992 kB
Active:           411300 kB
Mem:          3.8G       3.7G       119M       5.7M        28M       3.2G

MemTotal:        4016004 kB
MemFree:          122272 kB
Active:           411320 kB
Mem:          3.8G       3.7G       116M       5.7M        28M       3.2G

MemTotal:        4016004 kB
MemFree:          115968 kB
Active:           411712 kB
Mem:          3.8G       3.7G       112M       5.7M        28M       3.2G

MemTotal:        4016004 kB
MemFree:          126612 kB
Active:           411968 kB
Mem:          3.8G       3.7G       123M       5.7M        28M       3.2G

MemTotal:        4016004 kB
MemFree:          105936 kB
Active:           412128 kB
Mem:          3.8G       3.7G       103M       5.7M        28M       3.2G

MemTotal:        4016004 kB
MemFree:          127604 kB
Active:           412224 kB
Mem:          3.8G       3.7G       124M       5.7M        28M       3.2G

MemTotal:        4016004 kB
MemFree:          139160 kB
Active:           412484 kB
Mem:          3.8G       3.7G       135M       5.7M        28M       3.2G

MemTotal:        4016004 kB
MemFree:          124452 kB
Active:           412816 kB
Mem:          3.8G       3.7G       120M       5.7M        28M       3.2G

MemTotal:        4016004 kB
MemFree:          118044 kB
Active:           413012 kB
Mem:          3.8G       3.7G       114M       5.7M        28M       3.2G

MemTotal:        4016004 kB
MemFree:          113228 kB
Active:           413144 kB
Mem:          3.8G       3.7G       109M       5.7M        28M       3.2G

MemTotal:        4016004 kB
MemFree:          112496 kB
Active:           413128 kB
Mem:          3.8G       3.7G       109M       5.7M        28M       3.2G

MemTotal:        4016004 kB
MemFree:          111644 kB
Active:           413108 kB
Mem:          3.8G       3.7G       108M       5.7M        28M       3.2G

MemTotal:        4016004 kB
MemFree:          136032 kB
Active:           413524 kB
Mem:          3.8G       3.7G       132M       5.7M        28M       3.2G

MemTotal:        4016004 kB
MemFree:          130120 kB
Active:           413836 kB
Mem:          3.8G       3.7G       127M       5.7M        28M       3.2G

MemTotal:        4016004 kB
MemFree:          108952 kB
Active:           414060 kB
Mem:          3.8G       3.7G       105M       5.7M        28M       3.2G

MemTotal:        4016004 kB
MemFree:          118420 kB
Active:           414216 kB
Mem:          3.8G       3.7G       115M       5.7M        28M       3.2G

MemTotal:        4016004 kB
MemFree:          134740 kB
Active:           414372 kB
Mem:          3.8G       3.7G       131M       5.7M        28M       3.2G

MemTotal:        4016004 kB
MemFree:          112544 kB
Active:           414476 kB
Mem:          3.8G       3.7G       109M       5.7M        28M       3.2G

MemTotal:        4016004 kB
MemFree:          126684 kB
Active:           414512 kB
Mem:          3.8G       3.7G       123M       5.7M        28M       3.2G

MemTotal:        4016004 kB
MemFree:          124436 kB
Active:           414624 kB
Mem:          3.8G       3.7G       120M       5.7M        28M       3.2G

MemTotal:        4016004 kB
MemFree:          104652 kB
Active:           414928 kB
Mem:          3.8G       3.7G       110M       5.7M        28M       3.2G

MemTotal:        4016004 kB
MemFree:          125992 kB
Active:           415240 kB
Mem:          3.8G       3.7G       122M       5.7M        28M       3.2G

MemTotal:        4016004 kB
MemFree:          116912 kB
Active:           415416 kB
Mem:          3.8G       3.7G       113M       5.7M        28M       3.2G

MemTotal:        4016004 kB
MemFree:          134432 kB
Active:           415496 kB
Mem:          3.8G       3.7G       131M       5.7M        28M       3.2G

MemTotal:        4016004 kB
MemFree:          116196 kB
Active:           415580 kB
Mem:          3.8G       3.7G       112M       5.7M        28M       3.2G

MemTotal:        4016004 kB
MemFree:          126368 kB
Active:           415868 kB
Mem:          3.8G       3.7G       122M       5.7M        28M       3.2G

MemTotal:        4016004 kB
MemFree:          126768 kB
Active:           416108 kB
Mem:          3.8G       3.7G       123M       5.7M        28M       3.2G

MemTotal:        4016004 kB
MemFree:          136040 kB
Active:           416288 kB
Mem:          3.8G       3.7G       132M       5.7M        28M       3.2G

MemTotal:        4016004 kB
MemFree:          111356 kB
Active:           416404 kB
Mem:          3.8G       3.7G       108M       5.7M        28M       3.2G

MemTotal:        4016004 kB
MemFree:          105256 kB
Active:           416508 kB
Mem:          3.8G       3.7G       102M       5.7M        28M       3.2G

MemTotal:        4016004 kB
MemFree:          111264 kB
Active:           416672 kB
Mem:          3.8G       3.7G       108M       5.7M        28M       3.2G

MemTotal:        4016004 kB
MemFree:          117688 kB
Active:           416928 kB
Mem:          3.8G       3.7G       114M       5.7M        28M       3.2G

MemTotal:        4016004 kB
MemFree:          114272 kB
Active:           417164 kB
Mem:          3.8G       3.7G       111M       5.7M        28M       3.2G

MemTotal:        4016004 kB
MemFree:          138300 kB
Active:           417280 kB
Mem:          3.8G       3.7G       134M       5.7M        28M       3.2G

MemTotal:        4016004 kB
MemFree:          106632 kB
Active:           417440 kB
Mem:          3.8G       3.7G       103M       5.7M        28M       3.2G

MemTotal:        4016004 kB
MemFree:          122004 kB
Active:           417844 kB
Mem:          3.8G       3.7G       118M       5.7M        28M       3.2G

MemTotal:        4016004 kB
MemFree:          121056 kB
Active:           418048 kB
Mem:          3.8G       3.7G       117M       5.7M        28M       3.2G

MemTotal:        4016004 kB
MemFree:          118788 kB
Active:           418212 kB
Mem:          3.8G       3.7G       115M       5.7M        28M       3.2G

MemTotal:        4016004 kB
MemFree:          124524 kB
Active:           418268 kB
Mem:          3.8G       3.7G       121M       5.7M        28M       3.2G

MemTotal:        4016004 kB
MemFree:          128044 kB
Active:           418412 kB
Mem:          3.8G       3.7G       124M       5.7M        28M       3.2G

MemTotal:        4016004 kB
MemFree:          138712 kB
Active:           418588 kB
Mem:          3.8G       3.7G       134M       5.7M        28M       3.2G

MemTotal:        4016004 kB
MemFree:          116452 kB
Active:           418876 kB
Mem:          3.8G       3.7G       113M       5.7M        28M       3.2G

MemTotal:        4016004 kB
MemFree:          122140 kB
Active:           419060 kB
Mem:          3.8G       3.7G       119M       5.7M        28M       3.2G

MemTotal:        4016004 kB
MemFree:          122112 kB
Active:           419044 kB
Mem:          3.8G       3.7G       118M       5.7M        28M       3.2G

MemTotal:        4016004 kB
MemFree:          130888 kB
Active:           419072 kB
Mem:          3.8G       3.7G       127M       5.7M        28M       3.2G

MemTotal:        4016004 kB
MemFree:          123044 kB
Active:           419568 kB
Mem:          3.8G       3.7G       119M       5.7M        28M       3.2G

MemTotal:        4016004 kB
MemFree:          118412 kB
Active:           419776 kB
Mem:          3.8G       3.7G       114M       5.7M        28M       3.2G

MemTotal:        4016004 kB
MemFree:          114264 kB
Active:           419948 kB
Mem:          3.8G       3.7G       111M       5.7M        28M       3.2G

MemTotal:        4016004 kB
MemFree:          110032 kB
Active:           420104 kB
Mem:          3.8G       3.7G       106M       5.7M        28M       3.2G

MemTotal:        4016004 kB
MemFree:          126188 kB
Active:           420156 kB
Mem:          3.8G       3.7G       122M       5.7M        28M       3.2G

MemTotal:        4016004 kB
MemFree:          112012 kB
Active:           420196 kB
Mem:          3.8G       3.7G       109M       5.7M        28M       3.2G

MemTotal:        4016004 kB
MemFree:          136800 kB
Active:           420420 kB
Mem:          3.8G       3.7G       140M       5.7M        28M       3.2G

MemTotal:        4016004 kB
MemFree:          134372 kB
Active:           420676 kB
Mem:          3.8G       3.7G       130M       5.7M        28M       3.2G

MemTotal:        4016004 kB
MemFree:          132048 kB
Active:           420904 kB
Mem:          3.8G       3.7G       128M       5.7M        28M       3.2G

MemTotal:        4016004 kB
MemFree:          148660 kB
Active:           421060 kB
Mem:          3.8G       3.7G       144M       5.7M        28M       3.2G

MemTotal:        4016004 kB
MemFree:          126784 kB
Active:           421384 kB
Mem:          3.8G       3.7G       123M       5.7M        28M       3.2G

MemTotal:        4016004 kB
MemFree:          126864 kB
Active:           421676 kB
Mem:          3.8G       3.7G       123M       5.7M        28M       3.2G

MemTotal:        4016004 kB
MemFree:          122388 kB
Active:           421908 kB
Mem:          3.8G       3.7G       118M       5.7M        28M       3.2G

MemTotal:        4016004 kB
MemFree:          126304 kB
Active:           422076 kB
Mem:          3.8G       3.7G       122M       5.7M        28M       3.2G

MemTotal:        4016004 kB
MemFree:          120660 kB
Active:           422240 kB
Mem:          3.8G       3.7G       117M       5.7M        28M       3.2G

MemTotal:        4016004 kB
MemFree:          119204 kB
Active:           422332 kB
Mem:          3.8G       3.7G       116M       5.7M        28M       3.2G

MemTotal:        4016004 kB
MemFree:          119256 kB
Active:           422276 kB
Mem:          3.8G       3.7G       116M       5.7M        28M       3.2G

MemTotal:        4016004 kB
MemFree:          119480 kB
Active:           422296 kB
Mem:          3.8G       3.7G       116M       5.7M        28M       3.2G

MemTotal:        4016004 kB
MemFree:          129104 kB
Active:           422744 kB
Mem:          3.8G       3.7G       126M       5.7M        28M       3.2G

MemTotal:        4016004 kB
MemFree:          121216 kB
Active:           422984 kB
Mem:          3.8G       3.7G       118M       5.7M        28M       3.2G

MemTotal:        4016004 kB
MemFree:          114008 kB
Active:           423200 kB
Mem:          3.8G       3.7G       110M       5.7M        28M       3.2G

MemTotal:        4016004 kB
MemFree:          124760 kB
Active:           423376 kB
Mem:          3.8G       3.7G       120M       5.7M        28M       3.2G

MemTotal:        4016004 kB
MemFree:          140488 kB
Active:           424252 kB
Mem:          3.8G       3.7G       136M       5.7M        28M       3.2G

MemTotal:        4016004 kB
MemFree:          130836 kB
Active:           424516 kB
Mem:          3.8G       3.7G       127M       5.7M        28M       3.2G

MemTotal:        4016004 kB
MemFree:          105160 kB
Active:           424680 kB
Mem:          3.8G       3.7G       102M       5.7M        28M       3.2G

MemTotal:        4016004 kB
MemFree:          141220 kB
Active:           424800 kB
Mem:          3.8G       3.7G       137M       5.7M        28M       3.2G

MemTotal:        4016004 kB
MemFree:          109028 kB
Active:           424924 kB
Mem:          3.8G       3.7G       105M       5.7M        28M       3.2G

MemTotal:        4016004 kB
MemFree:          124952 kB
Active:           425312 kB
Mem:          3.8G       3.7G       121M       5.7M        28M       3.2G

MemTotal:        4016004 kB
MemFree:          105112 kB
Active:           425544 kB
Mem:          3.8G       3.7G       102M       5.7M        28M       3.2G

MemTotal:        4016004 kB
MemFree:          117904 kB
Active:           425588 kB
Mem:          3.8G       3.7G       115M       5.7M        28M       3.2G

MemTotal:        4016004 kB
MemFree:          126684 kB
Active:           425668 kB
Mem:          3.8G       3.7G       123M       5.7M        28M       3.2G

MemTotal:        4016004 kB
MemFree:          130728 kB
Active:           425784 kB
Mem:          3.8G       3.7G       127M       5.7M        28M       3.2G

MemTotal:        4016004 kB
MemFree:          122416 kB
Active:           426220 kB
Mem:          3.8G       3.7G       119M       5.7M        28M       3.2G

MemTotal:        4016004 kB
MemFree:          118200 kB
Active:           426396 kB
Mem:          3.8G       3.7G       115M       5.7M        28M       3.2G

MemTotal:        4016004 kB
MemFree:          134132 kB
Active:           426540 kB
Mem:          3.8G       3.7G       130M       5.7M        28M       3.2G

MemTotal:        4016004 kB
MemFree:          132988 kB
Active:           426540 kB
Mem:          3.8G       3.7G       130M       5.7M        28M       3.2G

MemTotal:        4016004 kB
MemFree:          121688 kB
Active:           426508 kB
Mem:          3.8G       3.7G       118M       5.7M        28M       3.2G

MemTotal:        4016004 kB
MemFree:          106588 kB
Active:           426984 kB
Mem:          3.8G       3.7G       103M       5.7M        28M       3.2G

MemTotal:        4016004 kB
MemFree:          106020 kB
Active:           427256 kB
Mem:          3.8G       3.7G       103M       5.7M        28M       3.2G

MemTotal:        4016004 kB
MemFree:          113132 kB
Active:           427448 kB
Mem:          3.8G       3.7G       109M       5.7M        28M       3.2G

MemTotal:        4016004 kB
MemFree:          119072 kB
Active:           427596 kB
Mem:          3.8G       3.7G       116M       5.7M        28M       3.2G

MemTotal:        4016004 kB
MemFree:          141628 kB
Active:           427736 kB
Mem:          3.8G       3.7G       138M       5.7M        28M       3.2G

MemTotal:        4016004 kB
MemFree:          121968 kB
Active:           427836 kB
Mem:          3.8G       3.7G       118M       5.7M        28M       3.2G

MemTotal:        4016004 kB
MemFree:          127356 kB
Active:           427916 kB
Mem:          3.8G       3.7G       125M       5.7M        28M       3.2G

MemTotal:        4016004 kB
MemFree:          125248 kB
Active:           428020 kB
Mem:          3.8G       3.7G       121M       5.7M        28M       3.2G

MemTotal:        4016004 kB
MemFree:          122568 kB
Active:           428360 kB
Mem:          3.8G       3.7G       118M       5.7M        28M       3.2G

MemTotal:        4016004 kB
MemFree:          110976 kB
Active:           428644 kB
Mem:          3.8G       3.7G       107M       5.7M        28M       3.2G

MemTotal:        4016004 kB
MemFree:          104840 kB
Active:           428792 kB
Mem:          3.8G       3.7G       117M       5.7M        28M       3.2G

MemTotal:        4016004 kB
MemFree:          126656 kB
Active:           428844 kB
Mem:          3.8G       3.7G       123M       5.7M        28M       3.2G

MemTotal:        4016004 kB
MemFree:          110436 kB
Active:           429148 kB
Mem:          3.8G       3.7G       107M       5.7M        28M       3.2G

MemTotal:        4016004 kB
MemFree:          110920 kB
Active:           429332 kB
Mem:          3.8G       3.7G       108M       5.7M        28M       3.2G

MemTotal:        4016004 kB
MemFree:          109236 kB
Active:           429476 kB
Mem:          3.8G       3.7G       106M       5.7M        28M       3.2G

MemTotal:        4016004 kB
MemFree:          123984 kB
Active:           429648 kB
Mem:          3.8G       3.7G       119M       5.7M        28M       3.2G

MemTotal:        4016004 kB
MemFree:          123608 kB
Active:           429804 kB
Mem:          3.8G       3.7G       120M       5.7M        28M       3.2G

MemTotal:        4016004 kB
MemFree:          135864 kB
Active:           429892 kB
Mem:          3.8G       3.7G       132M       5.7M        28M       3.2G

MemTotal:        4016004 kB
MemFree:          132120 kB
Active:           429940 kB
Mem:          3.8G       3.7G       127M       5.7M        28M       3.2G

MemTotal:        4016004 kB
MemFree:          134936 kB
Active:           430180 kB
Mem:          3.8G       3.7G       131M       5.7M        28M       3.2G

MemTotal:        4016004 kB
MemFree:          120224 kB
Active:           430424 kB
Mem:          3.8G       3.7G       116M       5.7M        28M       3.2G

MemTotal:        4016004 kB
MemFree:          141788 kB
Active:           430668 kB
Mem:          3.8G       3.7G       138M       5.7M        28M       3.2G

MemTotal:        4016004 kB
MemFree:          124548 kB
Active:           430748 kB
Mem:          3.8G       3.7G       121M       5.7M        28M       3.2G

MemTotal:        4016004 kB
MemFree:          132736 kB
Active:           430772 kB
Mem:          3.8G       3.7G       129M       5.7M        28M       3.2G

MemTotal:        4016004 kB
MemFree:          122956 kB
Active:           430932 kB
Mem:          3.8G       3.7G       119M       5.7M        28M       3.2G

MemTotal:        4016004 kB
MemFree:          116520 kB
Active:           431320 kB
Mem:          3.8G       3.7G       113M       5.7M        28M       3.2G

MemTotal:        4016004 kB
MemFree:          141948 kB
Active:           431560 kB
Mem:          3.8G       3.7G       138M       5.7M        28M       3.2G

MemTotal:        4016004 kB
MemFree:          141312 kB
Active:           431600 kB
Mem:          3.8G       3.7G       137M       5.7M        28M       3.2G

MemTotal:        4016004 kB
MemFree:          110416 kB
Active:           431848 kB
Mem:          3.8G       3.7G       107M       5.7M        28M       3.2G

MemTotal:        4016004 kB
MemFree:          123228 kB
Active:           432220 kB
Mem:          3.8G       3.7G       119M       5.7M        28M       3.2G

MemTotal:        4016004 kB
MemFree:          125624 kB
Active:           432412 kB
Mem:          3.8G       3.7G       122M       5.7M        28M       3.2G

MemTotal:        4016004 kB
MemFree:          132736 kB
Active:           432584 kB
Mem:          3.8G       3.7G       129M       5.7M        28M       3.2G

MemTotal:        4016004 kB
MemFree:          129772 kB
Active:           432736 kB
Mem:          3.8G       3.7G       126M       5.7M        28M       3.2G

MemTotal:        4016004 kB
MemFree:          119936 kB
Active:           432864 kB
Mem:          3.8G       3.7G       116M       5.7M        28M       3.2G

MemTotal:        4016004 kB
MemFree:          130952 kB
Active:           432940 kB
Mem:          3.8G       3.7G       127M       5.7M        28M       3.2G

MemTotal:        4016004 kB
MemFree:          134808 kB
Active:           433076 kB
Mem:          3.8G       3.7G       130M       5.7M        28M       3.2G

MemTotal:        4016004 kB
MemFree:          117628 kB
Active:           433316 kB
Mem:          3.8G       3.7G       114M       5.7M        28M       3.2G

MemTotal:        4016004 kB
MemFree:          107688 kB
Active:           433552 kB
Mem:          3.8G       3.7G       104M       5.7M        28M       3.2G

MemTotal:        4016004 kB
MemFree:          107932 kB
Active:           433764 kB
Mem:          3.8G       3.7G       105M       5.7M        28M       3.2G

MemTotal:        4016004 kB
MemFree:          128660 kB
Active:           433948 kB
Mem:          3.8G       3.7G       125M       5.7M        28M       3.2G

MemTotal:        4016004 kB
MemFree:          104652 kB
Active:           434032 kB
Mem:          3.8G       3.7G       118M       5.7M        28M       3.2G

MemTotal:        4016004 kB
MemFree:          132212 kB
Active:           434136 kB
Mem:          3.8G       3.7G       128M       5.7M        28M       3.2G

MemTotal:        4016004 kB
MemFree:          136072 kB
Active:           434424 kB
Mem:          3.8G       3.7G       132M       5.7M        28M       3.2G

MemTotal:        4016004 kB
MemFree:          142852 kB
Active:           434712 kB
Mem:          3.8G       3.7G       139M       5.7M        28M       3.2G

MemTotal:        4016004 kB
MemFree:          123488 kB
Active:           434892 kB
Mem:          3.8G       3.7G       120M       5.7M        28M       3.2G

MemTotal:        4016004 kB
MemFree:          126060 kB
Active:           434972 kB
Mem:          3.8G       3.7G       122M       5.7M        28M       3.2G

MemTotal:        4016004 kB
MemFree:          131616 kB
Active:           435116 kB
Mem:          3.8G       3.7G       117M       5.7M        28M       3.2G

MemTotal:        4016004 kB
MemFree:          136468 kB
Active:           435524 kB
Mem:          3.8G       3.7G       132M       5.7M        28M       3.2G

MemTotal:        4016004 kB
MemFree:          123492 kB
Active:           435736 kB
Mem:          3.8G       3.7G       119M       5.7M        28M       3.2G

MemTotal:        4016004 kB
MemFree:          115768 kB
Active:           435816 kB
Mem:          3.8G       3.7G       112M       5.7M        28M       3.2G

MemTotal:        4016004 kB
MemFree:          115092 kB
Active:           435812 kB
Mem:          3.8G       3.7G       112M       5.7M        28M       3.2G

MemTotal:        4016004 kB
MemFree:          122208 kB
Active:           436136 kB
Mem:          3.8G       3.7G       118M       5.7M        28M       3.2G

MemTotal:        4016004 kB
MemFree:          106324 kB
Active:           436428 kB
Mem:          3.8G       3.7G       102M       5.7M        28M       3.2G

MemTotal:        4016004 kB
MemFree:          127400 kB
Active:           436596 kB
Mem:          3.8G       3.7G       123M       5.7M        28M       3.2G

MemTotal:        4016004 kB
MemFree:          149928 kB
Active:           436756 kB
Mem:          3.8G       3.7G       145M       5.7M        28M       3.2G

MemTotal:        4016004 kB
MemFree:          114748 kB
Active:           436900 kB
Mem:          3.8G       3.7G       111M       5.7M        28M       3.2G

MemTotal:        4016004 kB
MemFree:          124632 kB
Active:           436996 kB
Mem:          3.8G       3.7G       121M       5.7M        28M       3.2G

MemTotal:        4016004 kB
MemFree:          124836 kB
Active:           437060 kB
Mem:          3.8G       3.7G       121M       5.7M        28M       3.2G

MemTotal:        4016004 kB
MemFree:          125648 kB
Active:           437184 kB
Mem:          3.8G       3.7G       122M       5.7M        28M       3.2G

MemTotal:        4016004 kB
MemFree:          126804 kB
Active:           437528 kB
Mem:          3.8G       3.7G       123M       5.7M        28M       3.2G

MemTotal:        4016004 kB
MemFree:          129824 kB
Active:           437756 kB
Mem:          3.8G       3.7G       126M       5.7M        28M       3.2G

MemTotal:        4016004 kB
MemFree:          135528 kB
Active:           437916 kB
Mem:          3.8G       3.7G       132M       5.7M        28M       3.2G

MemTotal:        4016004 kB
MemFree:          109480 kB
Active:           438020 kB
Mem:          3.8G       3.7G       106M       5.7M        28M       3.2G

MemTotal:        4016004 kB
MemFree:          113016 kB
Active:           438120 kB
Mem:          3.8G       3.7G       110M       5.7M        28M       3.2G

MemTotal:        4016004 kB
MemFree:          143572 kB
Active:           438296 kB
Mem:          3.8G       3.7G       140M       5.7M        28M       3.2G

MemTotal:        4016004 kB
MemFree:          133012 kB
Active:           438572 kB
Mem:          3.8G       3.7G       129M       5.7M        28M       3.2G

MemTotal:        4016004 kB
MemFree:          109528 kB
Active:           438756 kB
Mem:          3.8G       3.7G       106M       5.7M        28M       3.2G

MemTotal:        4016004 kB
MemFree:          125824 kB
Active:           438836 kB
Mem:          3.8G       3.7G       122M       5.7M        28M       3.2G

MemTotal:        4016004 kB
MemFree:          125872 kB
Active:           438932 kB
Mem:          3.8G       3.7G       122M       5.7M        28M       3.2G

MemTotal:        4016004 kB
MemFree:          118376 kB
Active:           439128 kB
Mem:          3.8G       3.7G       115M       5.7M        28M       3.2G

MemTotal:        4016004 kB
MemFree:          119904 kB
Active:           439732 kB
Mem:          3.8G       3.7G       116M       5.7M        28M       3.2G

MemTotal:        4016004 kB
MemFree:          144216 kB
Active:           439800 kB
Mem:          3.8G       3.7G       140M       5.7M        28M       3.2G

MemTotal:        4016004 kB
MemFree:          122020 kB
Active:           439936 kB
Mem:          3.8G       3.7G       119M       5.7M        28M       3.2G

MemTotal:        4016004 kB
MemFree:          127212 kB
Active:           440040 kB
Mem:          3.8G       3.7G       123M       5.7M        28M       3.2G

MemTotal:        4016004 kB
MemFree:          123892 kB
Active:           440280 kB
Mem:          3.8G       3.7G       120M       5.7M        28M       3.2G

MemTotal:        4016004 kB
MemFree:         2831856 kB
Active:           361008 kB
Mem:          3.8G       1.1G       2.7G       5.7M        28M       684M

MemTotal:        4016004 kB
MemFree:         2913972 kB
Active:           359688 kB
Mem:          3.8G       1.1G       2.8G       5.7M        28M       607M

MemTotal:        4016004 kB
MemFree:         3393556 kB
Active:           348204 kB
Mem:          3.8G       607M       3.2G       5.7M        28M       184M

MemTotal:        4016004 kB
MemFree:         3394424 kB
Active:           347784 kB
Mem:          3.8G       607M       3.2G       5.7M        28M       184M

MemTotal:        4016004 kB
MemFree:         3394424 kB
Active:           347800 kB
Mem:          3.8G       607M       3.2G       5.7M        28M       184M

MemTotal:        4016004 kB
MemFree:         3394176 kB
Active:           347800 kB
Mem:          3.8G       607M       3.2G       5.7M        28M       184M

MemTotal:        4016004 kB
MemFree:         3394292 kB
Active:           347820 kB
Mem:          3.8G       606M       3.2G       5.7M        28M       184M

MemTotal:        4016004 kB
MemFree:         3394540 kB
Active:           347840 kB
Mem:          3.8G       607M       3.2G       5.7M        28M       184M

MemTotal:        4016004 kB
MemFree:         3394548 kB
Active:           347820 kB
Mem:          3.8G       606M       3.2G       5.7M        28M       184M

MemTotal:        4016004 kB
MemFree:         3395044 kB
Active:           347824 kB
Mem:          3.8G       606M       3.2G       5.7M        28M       184M

MemTotal:        4016004 kB
MemFree:         3395168 kB
Active:           347840 kB
Mem:          3.8G       606M       3.2G       5.7M        28M       184M

MemTotal:        4016004 kB
MemFree:         3395292 kB
Active:           347796 kB
Mem:          3.8G       606M       3.2G       5.7M        28M       184M

MemTotal:        4016004 kB
MemFree:         3394996 kB
Active:           347844 kB
Mem:          3.8G       606M       3.2G       5.7M        28M       184M

MemTotal:        4016004 kB
MemFree:         3394656 kB
Active:           347852 kB
Mem:          3.8G       607M       3.2G       5.7M        28M       184M

MemTotal:        4016004 kB
MemFree:         3394920 kB
Active:           347804 kB
Mem:          3.8G       606M       3.2G       5.7M        28M       184M

MemTotal:        4016004 kB
MemFree:         3394920 kB
Active:           347852 kB
Mem:          3.8G       606M       3.2G       5.7M        28M       184M

MemTotal:        4016004 kB
MemFree:         3395168 kB
Active:           347808 kB
Mem:          3.8G       606M       3.2G       5.7M        28M       184M

MemTotal:        4016004 kB
MemFree:         3395168 kB
Active:           347852 kB
Mem:          3.8G       606M       3.2G       5.7M        28M       184M

MemTotal:        4016004 kB
MemFree:         3395540 kB
Active:           347832 kB
Mem:          3.8G       606M       3.2G       5.7M        28M       184M

MemTotal:        4016004 kB
MemFree:         3395416 kB
Active:           347848 kB
Mem:          3.8G       606M       3.2G       5.7M        28M       184M

MemTotal:        4016004 kB
MemFree:         3395168 kB
Active:           347860 kB
Mem:          3.8G       606M       3.2G       5.7M        28M       184M

MemTotal:        4016004 kB
MemFree:         3395540 kB
Active:           347828 kB
Mem:          3.8G       605M       3.2G       5.7M        28M       184M

MemTotal:        4016004 kB
MemFree:         3395416 kB
Active:           347852 kB
Mem:          3.8G       606M       3.2G       5.7M        28M       184M

MemTotal:        4016004 kB
MemFree:         3395044 kB
Active:           347840 kB
Mem:          3.8G       606M       3.2G       5.7M        28M       184M

MemTotal:        4016004 kB
MemFree:         3394920 kB
Active:           347852 kB
Mem:          3.8G       606M       3.2G       5.7M        28M       184M

MemTotal:        4016004 kB
MemFree:         3395044 kB
Active:           347844 kB
Mem:          3.8G       606M       3.2G       5.7M        28M       184M

MemTotal:        4016004 kB
MemFree:         3395292 kB
Active:           347848 kB
Mem:          3.8G       606M       3.2G       5.7M        28M       184M

MemTotal:        4016004 kB
MemFree:         3394920 kB
Active:           347836 kB
Mem:          3.8G       606M       3.2G       5.7M        28M       184M

MemTotal:        4016004 kB
MemFree:         3394796 kB
Active:           347840 kB
Mem:          3.8G       606M       3.2G       5.7M        28M       184M

MemTotal:        4016004 kB
MemFree:         3395168 kB
Active:           347876 kB
Mem:          3.8G       606M       3.2G       5.7M        28M       184M

MemTotal:        4016004 kB
MemFree:         3395540 kB
Active:           347860 kB
Mem:          3.8G       606M       3.2G       5.7M        28M       184M

MemTotal:        4016004 kB
MemFree:         3394796 kB
Active:           347836 kB
Mem:          3.8G       606M       3.2G       5.7M        28M       184M

MemTotal:        4016004 kB
MemFree:         3394796 kB
Active:           347868 kB
Mem:          3.8G       606M       3.2G       5.7M        28M       184M

MemTotal:        4016004 kB
MemFree:         3395044 kB
Active:           347836 kB
Mem:          3.8G       606M       3.2G       5.7M        28M       184M

MemTotal:        4016004 kB
MemFree:         3395168 kB
Active:           347864 kB
Mem:          3.8G       606M       3.2G       5.7M        28M       184M

MemTotal:        4016004 kB
MemFree:         3395044 kB
Active:           347876 kB
Mem:          3.8G       606M       3.2G       5.7M        28M       184M

MemTotal:        4016004 kB
MemFree:         3395044 kB
Active:           347892 kB
Mem:          3.8G       606M       3.2G       5.7M        28M       184M

MemTotal:        4016004 kB
MemFree:         3395292 kB
Active:           348016 kB
Mem:          3.8G       606M       3.2G       5.7M        28M       184M

MemTotal:        4016004 kB
MemFree:         3394176 kB
Active:           348012 kB
Mem:          3.8G       606M       3.2G       5.7M        28M       184M

MemTotal:        4016004 kB
MemFree:         3394672 kB
Active:           347976 kB
Mem:          3.8G       606M       3.2G       5.7M        28M       184M

MemTotal:        4016004 kB
MemFree:         3394424 kB
Active:           348012 kB
Mem:          3.8G       607M       3.2G       5.7M        28M       184M

MemTotal:        4016004 kB
MemFree:         3394424 kB
Active:           347996 kB
Mem:          3.8G       607M       3.2G       5.7M        28M       184M

MemTotal:        4016004 kB
MemFree:         3394176 kB
Active:           347972 kB
Mem:          3.8G       607M       3.2G       5.7M        28M       184M

MemTotal:        4016004 kB
MemFree:         3394300 kB
Active:           347984 kB
Mem:          3.8G       607M       3.2G       5.7M        28M       184M

MemTotal:        4016004 kB
MemFree:         3394424 kB
Active:           348012 kB
Mem:          3.8G       606M       3.2G       5.7M        28M       184M

MemTotal:        4016004 kB
MemFree:         3394548 kB
Active:           347964 kB
Mem:          3.8G       606M       3.2G       5.7M        28M       184M

MemTotal:        4016004 kB
MemFree:         3394548 kB
Active:           348016 kB
Mem:          3.8G       606M       3.2G       5.7M        28M       184M

MemTotal:        4016004 kB
MemFree:         3394424 kB
Active:           347964 kB
Mem:          3.8G       606M       3.2G       5.7M        28M       184M

MemTotal:        4016004 kB
MemFree:         3394176 kB
Active:           347984 kB
Mem:          3.8G       607M       3.2G       5.7M        28M       184M

MemTotal:        4016004 kB
MemFree:         3393928 kB
Active:           348028 kB
Mem:          3.8G       607M       3.2G       5.7M        28M       184M

MemTotal:        4016004 kB
MemFree:         3394052 kB
Active:           347992 kB
Mem:          3.8G       607M       3.2G       5.7M        28M       184M

MemTotal:        4016004 kB
MemFree:         3394176 kB
Active:           347992 kB
Mem:          3.8G       607M       3.2G       5.7M        28M       184M

MemTotal:        4016004 kB
MemFree:         3394672 kB
Active:           348008 kB
Mem:          3.8G       606M       3.2G       5.7M        28M       184M

MemTotal:        4016004 kB
MemFree:         3394300 kB
Active:           348032 kB
Mem:          3.8G       606M       3.2G       5.7M        28M       184M

MemTotal:        4016004 kB
MemFree:         3394424 kB
Active:           348032 kB
Mem:          3.8G       606M       3.2G       5.7M        28M       184M

MemTotal:        4016004 kB
MemFree:         3394672 kB
Active:           348008 kB
Mem:          3.8G       606M       3.2G       5.7M        28M       184M

MemTotal:        4016004 kB
MemFree:         3394672 kB
Active:           347996 kB
Mem:          3.8G       606M       3.2G       5.7M        28M       184M

MemTotal:        4016004 kB
MemFree:         3394300 kB
Active:           348044 kB
Mem:          3.8G       607M       3.2G       5.7M        28M       184M

MemTotal:        4016004 kB
MemFree:         3393928 kB
Active:           348048 kB
Mem:          3.8G       607M       3.2G       5.7M        28M       184M

MemTotal:        4016004 kB
MemFree:         3394176 kB
Active:           348000 kB
Mem:          3.8G       607M       3.2G       5.7M        28M       184M

MemTotal:        4016004 kB
MemFree:         3394300 kB
Active:           348000 kB
Mem:          3.8G       607M       3.2G       5.7M        28M       184M

MemTotal:        4016004 kB
MemFree:         3394052 kB
Active:           348048 kB
Mem:          3.8G       607M       3.2G       5.7M        28M       184M

MemTotal:        4016004 kB
MemFree:         3394176 kB
Active:           348004 kB
Mem:          3.8G       607M       3.2G       5.7M        28M       184M

MemTotal:        4016004 kB
MemFree:         3394424 kB
Active:           348008 kB
Mem:          3.8G       607M       3.2G       5.7M        28M       184M

MemTotal:        4016004 kB
MemFree:         3394300 kB
Active:           348016 kB
Mem:          3.8G       607M       3.2G       5.7M        28M       184M

MemTotal:        4016004 kB
MemFree:         3394300 kB
Active:           348064 kB
Mem:          3.8G       607M       3.2G       5.7M        28M       184M

MemTotal:        4016004 kB
MemFree:         3394052 kB
Active:           348016 kB
Mem:          3.8G       607M       3.2G       5.7M        28M       184M

MemTotal:        4016004 kB
MemFree:         3394300 kB
Active:           348016 kB
Mem:          3.8G       607M       3.2G       5.7M        28M       184M

MemTotal:        4016004 kB
MemFree:         3393556 kB
Active:           348068 kB
Mem:          3.8G       607M       3.2G       5.7M        28M       184M

MemTotal:        4016004 kB
MemFree:         3393432 kB
Active:           348068 kB
Mem:          3.8G       607M       3.2G       5.7M        28M       184M

MemTotal:        4016004 kB
MemFree:         3393556 kB
Active:           348076 kB
Mem:          3.8G       607M       3.2G       5.7M        28M       184M

MemTotal:        4016004 kB
MemFree:         3393928 kB
Active:           348048 kB
Mem:          3.8G       607M       3.2G       5.7M        28M       184M

MemTotal:        4016004 kB
MemFree:         3394176 kB
Active:           348068 kB
Mem:          3.8G       607M       3.2G       5.7M        28M       184M

MemTotal:        4016004 kB
MemFree:         3394300 kB
Active:           348020 kB
Mem:          3.8G       607M       3.2G       5.7M        28M       184M

MemTotal:        4016004 kB
MemFree:         3394300 kB
Active:           348052 kB
Mem:          3.8G       607M       3.2G       5.7M        28M       184M

MemTotal:        4016004 kB
MemFree:         3394672 kB
Active:           348032 kB
Mem:          3.8G       606M       3.2G       5.7M        28M       184M

MemTotal:        4016004 kB
MemFree:         3394672 kB
Active:           348044 kB
Mem:          3.8G       607M       3.2G       5.7M        28M       184M

MemTotal:        4016004 kB
MemFree:         3394300 kB
Active:           348076 kB
Mem:          3.8G       607M       3.2G       5.7M        28M       184M

MemTotal:        4016004 kB
MemFree:         3394020 kB
Active:           348092 kB
Mem:          3.8G       607M       3.2G       5.7M        28M       184M

MemTotal:        4016004 kB
MemFree:         3394128 kB
Active:           348088 kB
Mem:          3.8G       607M       3.2G       5.7M        28M       184M

MemTotal:        4016004 kB
MemFree:         3394300 kB
Active:           348076 kB
Mem:          3.8G       607M       3.2G       5.7M        28M       184M

MemTotal:        4016004 kB
MemFree:         3393928 kB
Active:           348100 kB
Mem:          3.8G       607M       3.2G       5.7M        28M       184M

MemTotal:        4016004 kB
MemFree:         3394176 kB
Active:           348100 kB
Mem:          3.8G       607M       3.2G       5.7M        28M       184M

MemTotal:        4016004 kB
MemFree:         3394176 kB
Active:           348104 kB
