MemTotal:        4016004 kB
MemFree:         3249380 kB
Active:           408904 kB
Mem:          3.8G       748M       3.1G       5.7M        54M       315M

MemTotal:        4016004 kB
MemFree:         3248792 kB
Active:           409176 kB
Mem:          3.8G       749M       3.1G       5.7M        54M       315M

MemTotal:        4016004 kB
MemFree:         3248776 kB
Active:           409260 kB
Mem:          3.8G       749M       3.1G       5.7M        54M       315M

MemTotal:        4016004 kB
MemFree:         3249008 kB
Active:           409244 kB
Mem:          3.8G       749M       3.1G       5.7M        54M       315M

MemTotal:        4016004 kB
MemFree:         3248992 kB
Active:           409296 kB
Mem:          3.8G       748M       3.1G       5.7M        54M       315M

MemTotal:        4016004 kB
MemFree:         3249100 kB
Active:           409296 kB
Mem:          3.8G       748M       3.1G       5.7M        54M       315M

MemTotal:        4016004 kB
MemFree:         3249456 kB
Active:           409288 kB
Mem:          3.8G       748M       3.1G       5.7M        54M       315M

MemTotal:        4016004 kB
MemFree:         3249440 kB
Active:           409284 kB
Mem:          3.8G       748M       3.1G       5.7M        54M       315M

MemTotal:        4016004 kB
MemFree:         3249424 kB
Active:           409264 kB
Mem:          3.8G       748M       3.1G       5.7M        54M       315M

MemTotal:        4016004 kB
MemFree:         3249424 kB
Active:           409252 kB
Mem:          3.8G       748M       3.1G       5.7M        54M       315M

MemTotal:        4016004 kB
MemFree:         3249656 kB
Active:           409256 kB
Mem:          3.8G       748M       3.1G       5.7M        54M       315M

MemTotal:        4016004 kB
MemFree:         3249268 kB
Active:           409308 kB
Mem:          3.8G       748M       3.1G       5.7M        54M       315M

MemTotal:        4016004 kB
MemFree:         3249144 kB
Active:           409308 kB
Mem:          3.8G       748M       3.1G       5.7M        54M       315M

MemTotal:        4016004 kB
MemFree:         3249144 kB
Active:           409292 kB
Mem:          3.8G       749M       3.1G       5.7M        54M       315M

MemTotal:        4016004 kB
MemFree:         3248632 kB
Active:           409312 kB
Mem:          3.8G       749M       3.1G       5.7M        54M       315M

MemTotal:        4016004 kB
MemFree:         3248880 kB
Active:           409260 kB
Mem:          3.8G       749M       3.1G       5.7M        54M       315M

MemTotal:        4016004 kB
MemFree:         3246988 kB
Active:           409268 kB
Mem:          3.8G       750M       3.1G       5.7M        54M       315M

MemTotal:        4016004 kB
MemFree:         3247112 kB
Active:           409252 kB
Mem:          3.8G       750M       3.1G       5.7M        54M       315M

MemTotal:        4016004 kB
MemFree:         3247112 kB
Active:           411296 kB
Mem:          3.8G       751M       3.1G       5.7M        54M       315M

MemTotal:        4016004 kB
MemFree:         3247236 kB
Active:           411288 kB
Mem:          3.8G       750M       3.1G       5.7M        54M       315M

MemTotal:        4016004 kB
MemFree:         3247220 kB
Active:           411296 kB
Mem:          3.8G       750M       3.1G       5.7M        54M       315M

MemTotal:        4016004 kB
MemFree:         3246972 kB
Active:           411340 kB
Mem:          3.8G       750M       3.1G       5.7M        54M       315M

MemTotal:        4016004 kB
MemFree:         3246956 kB
Active:           411332 kB
Mem:          3.8G       750M       3.1G       5.7M        54M       315M

MemTotal:        4016004 kB
MemFree:         3247064 kB
Active:           411336 kB
Mem:          3.8G       751M       3.1G       5.7M        54M       315M

MemTotal:        4016004 kB
MemFree:         3247172 kB
Active:           411288 kB
Mem:          3.8G       750M       3.1G       5.7M        54M       315M

MemTotal:        4016004 kB
MemFree:         3247048 kB
Active:           411324 kB
Mem:          3.8G       750M       3.1G       5.7M        54M       315M

MemTotal:        4016004 kB
MemFree:         3246800 kB
Active:           411340 kB
Mem:          3.8G       751M       3.1G       5.7M        54M       315M

MemTotal:        4016004 kB
MemFree:         3246832 kB
Active:           411308 kB
Mem:          3.8G       751M       3.1G       5.7M        54M       315M

MemTotal:        4016004 kB
MemFree:         3246832 kB
Active:           411296 kB
Mem:          3.8G       751M       3.1G       5.7M        54M       315M

MemTotal:        4016004 kB
MemFree:         3246708 kB
Active:           411304 kB
Mem:          3.8G       751M       3.1G       5.7M        54M       315M

MemTotal:        4016004 kB
MemFree:         3246708 kB
Active:           411316 kB
Mem:          3.8G       751M       3.1G       5.7M        54M       315M

MemTotal:        4016004 kB
MemFree:         3246956 kB
Active:           411324 kB
Mem:          3.8G       751M       3.1G       5.7M        54M       315M

MemTotal:        4016004 kB
MemFree:         3246956 kB
Active:           411304 kB
Mem:          3.8G       751M       3.1G       5.7M        54M       315M

MemTotal:        4016004 kB
MemFree:         3246584 kB
Active:           411352 kB
Mem:          3.8G       751M       3.1G       5.7M        54M       315M

MemTotal:        4016004 kB
MemFree:         3246584 kB
Active:           411304 kB
Mem:          3.8G       751M       3.1G       5.7M        54M       315M

MemTotal:        4016004 kB
MemFree:         3246956 kB
Active:           411308 kB
Mem:          3.8G       751M       3.1G       5.7M        54M       315M

MemTotal:        4016004 kB
MemFree:         3246956 kB
Active:           411312 kB
Mem:          3.8G       751M       3.1G       5.7M        54M       315M

MemTotal:        4016004 kB
MemFree:         3247204 kB
Active:           411320 kB
Mem:          3.8G       750M       3.1G       5.7M        54M       315M

MemTotal:        4016004 kB
MemFree:         3247204 kB
Active:           411344 kB
Mem:          3.8G       750M       3.1G       5.7M        54M       315M

MemTotal:        4016004 kB
MemFree:         3246832 kB
Active:           411364 kB
Mem:          3.8G       751M       3.1G       5.7M        54M       315M

MemTotal:        4016004 kB
MemFree:         3246708 kB
Active:           411368 kB
Mem:          3.8G       751M       3.1G       5.7M        54M       315M

MemTotal:        4016004 kB
MemFree:         3247080 kB
Active:           411352 kB
Mem:          3.8G       751M       3.1G       5.7M        54M       315M

MemTotal:        4016004 kB
MemFree:         3247064 kB
Active:           411340 kB
Mem:          3.8G       751M       3.1G       5.7M        54M       315M

MemTotal:        4016004 kB
MemFree:         3247064 kB
Active:           411320 kB
Mem:          3.8G       751M       3.1G       5.7M        54M       315M

MemTotal:        4016004 kB
MemFree:         3247052 kB
Active:           411372 kB
Mem:          3.8G       751M       3.1G       5.7M        54M       315M

MemTotal:        4016004 kB
MemFree:         3247052 kB
Active:           411356 kB
Mem:          3.8G       750M       3.1G       5.7M        54M       315M

MemTotal:        4016004 kB
MemFree:         3244880 kB
Active:           411380 kB
Mem:          3.8G       752M       3.1G       5.7M        54M       315M

MemTotal:        4016004 kB
MemFree:         3244880 kB
Active:           413404 kB
Mem:          3.8G       752M       3.1G       5.7M        54M       315M

MemTotal:        4016004 kB
MemFree:         3245004 kB
Active:           413396 kB
Mem:          3.8G       753M       3.1G       5.7M        54M       315M

MemTotal:        4016004 kB
MemFree:         3244988 kB
Active:           413388 kB
Mem:          3.8G       753M       3.1G       5.7M        54M       315M

MemTotal:        4016004 kB
MemFree:         3244864 kB
Active:           413408 kB
Mem:          3.8G       753M       3.1G       5.7M        54M       315M

MemTotal:        4016004 kB
MemFree:         3244848 kB
Active:           413396 kB
Mem:          3.8G       753M       3.1G       5.7M        54M       315M

MemTotal:        4016004 kB
MemFree:         3245096 kB
Active:           413392 kB
Mem:          3.8G       752M       3.1G       5.7M        54M       315M

MemTotal:        4016004 kB
MemFree:         3245096 kB
Active:           413392 kB
Mem:          3.8G       753M       3.1G       5.7M        54M       315M

MemTotal:        4016004 kB
MemFree:         3245204 kB
Active:           413404 kB
Mem:          3.8G       752M       3.1G       5.7M        54M       315M

MemTotal:        4016004 kB
MemFree:         3245204 kB
Active:           413412 kB
Mem:          3.8G       752M       3.1G       5.7M        54M       315M

MemTotal:        4016004 kB
MemFree:         3245080 kB
Active:           413400 kB
Mem:          3.8G       752M       3.1G       5.7M        54M       315M

MemTotal:        4016004 kB
MemFree:         3245328 kB
Active:           413408 kB
Mem:          3.8G       752M       3.1G       5.7M        54M       315M

MemTotal:        4016004 kB
MemFree:         3245204 kB
Active:           413416 kB
Mem:          3.8G       752M       3.1G       5.7M        54M       315M

MemTotal:        4016004 kB
MemFree:         3245204 kB
Active:           413404 kB
Mem:          3.8G       752M       3.1G       5.7M        54M       315M

MemTotal:        4016004 kB
MemFree:         3244956 kB
Active:           413528 kB
Mem:          3.8G       753M       3.1G       5.7M        54M       315M

MemTotal:        4016004 kB
MemFree:         3131208 kB
Active:           413892 kB
Mem:          3.8G       864M       3.0G       5.7M        55M       425M

MemTotal:        4016004 kB
MemFree:         3018376 kB
Active:           413868 kB
Mem:          3.8G       974M       2.9G       5.7M        55M       534M

MemTotal:        4016004 kB
MemFree:         2898816 kB
Active:           413904 kB
Mem:          3.8G       1.1G       2.8G       5.7M        55M       649M

MemTotal:        4016004 kB
MemFree:         2887316 kB
Active:           413912 kB
Mem:          3.8G       1.1G       2.8G       5.7M        55M       659M

MemTotal:        4016004 kB
MemFree:         2832368 kB
Active:           413912 kB
Mem:          3.8G       1.1G       2.7G       5.7M        55M       712M

MemTotal:        4016004 kB
MemFree:         2788192 kB
Active:           413912 kB
Mem:          3.8G       1.2G       2.7G       5.7M        55M       754M

MemTotal:        4016004 kB
MemFree:         2747132 kB
Active:           413908 kB
Mem:          3.8G       1.2G       2.6G       5.7M        55M       793M

MemTotal:        4016004 kB
MemFree:         2688600 kB
Active:           413904 kB
Mem:          3.8G       1.3G       2.6G       5.7M        55M       850M

MemTotal:        4016004 kB
MemFree:         2686348 kB
Active:           413940 kB
Mem:          3.8G       1.3G       2.6G       5.7M        55M       851M

MemTotal:        4016004 kB
MemFree:         2685912 kB
Active:           413960 kB
Mem:          3.8G       1.3G       2.6G       5.7M        55M       852M

MemTotal:        4016004 kB
MemFree:         2684984 kB
Active:           413960 kB
Mem:          3.8G       1.3G       2.6G       5.7M        55M       853M

MemTotal:        4016004 kB
MemFree:         2683020 kB
Active:           413960 kB
Mem:          3.8G       1.3G       2.6G       5.7M        55M       855M

MemTotal:        4016004 kB
MemFree:         2583784 kB
Active:           413960 kB
Mem:          3.8G       1.4G       2.5G       5.7M        55M       951M

MemTotal:        4016004 kB
MemFree:         2449080 kB
Active:           413928 kB
Mem:          3.8G       1.5G       2.3G       5.7M        55M       1.1G

MemTotal:        4016004 kB
MemFree:         2330124 kB
Active:           413916 kB
Mem:          3.8G       1.6G       2.2G       5.7M        55M       1.2G

MemTotal:        4016004 kB
MemFree:         2329500 kB
Active:           412084 kB
Mem:          3.8G       1.6G       2.2G       5.7M        55M       1.2G

MemTotal:        4016004 kB
MemFree:         2236784 kB
Active:           413968 kB
Mem:          3.8G       1.7G       2.1G       5.7M        55M       1.3G

MemTotal:        4016004 kB
MemFree:         2231836 kB
Active:           413968 kB
Mem:          3.8G       1.7G       2.1G       5.7M        55M       1.3G

MemTotal:        4016004 kB
MemFree:         2168920 kB
Active:           413984 kB
Mem:          3.8G       1.8G       2.1G       5.7M        55M       1.3G

MemTotal:        4016004 kB
MemFree:         2132084 kB
Active:           413988 kB
Mem:          3.8G       1.8G       2.0G       5.7M        55M       1.4G

MemTotal:        4016004 kB
MemFree:         2086948 kB
Active:           413972 kB
Mem:          3.8G       1.8G       2.0G       5.7M        55M       1.4G

MemTotal:        4016004 kB
MemFree:         2032968 kB
Active:           413996 kB
Mem:          3.8G       1.9G       1.9G       5.7M        55M       1.4G

MemTotal:        4016004 kB
MemFree:         2031308 kB
Active:           414020 kB
Mem:          3.8G       1.9G       1.9G       5.7M        55M       1.4G

MemTotal:        4016004 kB
MemFree:         2031308 kB
Active:           413984 kB
Mem:          3.8G       1.9G       1.9G       5.7M        55M       1.4G

MemTotal:        4016004 kB
MemFree:         2031436 kB
Active:           413964 kB
Mem:          3.8G       1.9G       1.9G       5.7M        55M       1.4G

MemTotal:        4016004 kB
MemFree:         2004520 kB
Active:           414024 kB
Mem:          3.8G       1.9G       1.9G       5.7M        55M       1.5G

MemTotal:        4016004 kB
MemFree:         1867924 kB
Active:           414028 kB
Mem:          3.8G       2.0G       1.8G       5.7M        55M       1.6G

MemTotal:        4016004 kB
MemFree:         1740412 kB
Active:           414028 kB
Mem:          3.8G       2.2G       1.7G       5.7M        55M       1.7G

MemTotal:        4016004 kB
MemFree:         1677648 kB
Active:           414032 kB
Mem:          3.8G       2.2G       1.6G       5.7M        55M       1.8G

MemTotal:        4016004 kB
MemFree:         1578652 kB
Active:           414040 kB
Mem:          3.8G       2.3G       1.5G       5.7M        55M       1.9G

MemTotal:        4016004 kB
MemFree:         1576116 kB
Active:           414048 kB
Mem:          3.8G       2.3G       1.5G       5.7M        55M       1.9G

MemTotal:        4016004 kB
MemFree:         1552436 kB
Active:           414016 kB
Mem:          3.8G       2.4G       1.5G       5.7M        55M       1.9G

MemTotal:        4016004 kB
MemFree:         1477668 kB
Active:           414048 kB
Mem:          3.8G       2.4G       1.4G       5.7M        55M       2.0G

MemTotal:        4016004 kB
MemFree:         1477568 kB
Active:           414008 kB
Mem:          3.8G       2.4G       1.4G       5.7M        55M       2.0G

MemTotal:        4016004 kB
MemFree:         1475676 kB
Active:           414060 kB
Mem:          3.8G       2.4G       1.4G       5.7M        55M       2.0G

MemTotal:        4016004 kB
MemFree:         1474380 kB
Active:           414060 kB
Mem:          3.8G       2.4G       1.4G       5.7M        55M       2.0G

MemTotal:        4016004 kB
MemFree:         1472784 kB
Active:           414056 kB
Mem:          3.8G       2.4G       1.4G       5.7M        55M       2.0G

MemTotal:        4016004 kB
MemFree:         1382464 kB
Active:           414072 kB
Mem:          3.8G       2.5G       1.3G       5.7M        55M       2.1G

MemTotal:        4016004 kB
MemFree:         1257292 kB
Active:           414028 kB
Mem:          3.8G       2.6G       1.2G       5.7M        55M       2.2G

MemTotal:        4016004 kB
MemFree:         1131144 kB
Active:           414052 kB
Mem:          3.8G       2.8G       1.1G       5.7M        55M       2.3G

MemTotal:        4016004 kB
MemFree:         1123656 kB
Active:           414092 kB
Mem:          3.8G       2.8G       1.1G       5.7M        55M       2.3G

MemTotal:        4016004 kB
MemFree:         1033676 kB
Active:           414104 kB
Mem:          3.8G       2.8G       1.0G       5.7M        55M       2.4G

MemTotal:        4016004 kB
MemFree:         1029876 kB
Active:           414096 kB
Mem:          3.8G       2.8G       1.0G       5.7M        55M       2.4G

MemTotal:        4016004 kB
MemFree:          941584 kB
Active:           414092 kB
Mem:          3.8G       2.9G       919M       5.7M        55M       2.5G

MemTotal:        4016004 kB
MemFree:          940820 kB
Active:           414104 kB
Mem:          3.8G       2.9G       918M       5.7M        55M       2.5G

MemTotal:        4016004 kB
MemFree:          875788 kB
Active:           414140 kB
Mem:          3.8G       3.0G       855M       5.7M        55M       2.5G

MemTotal:        4016004 kB
MemFree:          789912 kB
Active:           414140 kB
Mem:          3.8G       3.1G       771M       5.7M        55M       2.6G

MemTotal:        4016004 kB
MemFree:          785008 kB
Active:           414144 kB
Mem:          3.8G       3.1G       766M       5.7M        55M       2.6G

MemTotal:        4016004 kB
MemFree:          783768 kB
Active:           414120 kB
Mem:          3.8G       3.1G       765M       5.7M        55M       2.6G

MemTotal:        4016004 kB
MemFree:          782872 kB
Active:           414128 kB
Mem:          3.8G       3.1G       764M       5.7M        55M       2.6G

MemTotal:        4016004 kB
MemFree:          698272 kB
Active:           414132 kB
Mem:          3.8G       3.2G       681M       5.7M        55M       2.7G

MemTotal:        4016004 kB
MemFree:          587124 kB
Active:           414116 kB
Mem:          3.8G       3.3G       573M       5.7M        55M       2.8G

MemTotal:        4016004 kB
MemFree:          583964 kB
Active:           414128 kB
Mem:          3.8G       3.3G       569M       5.7M        55M       2.8G

MemTotal:        4016004 kB
MemFree:          497080 kB
Active:           414140 kB
Mem:          3.8G       3.4G       485M       5.7M        55M       2.9G

MemTotal:        4016004 kB
MemFree:          484820 kB
Active:           414120 kB
Mem:          3.8G       3.4G       473M       5.7M        55M       2.9G

MemTotal:        4016004 kB
MemFree:          405392 kB
Active:           414176 kB
Mem:          3.8G       3.4G       395M       5.7M        55M       3.0G

MemTotal:        4016004 kB
MemFree:          328612 kB
Active:           414172 kB
Mem:          3.8G       3.5G       320M       5.7M        55M       3.0G

MemTotal:        4016004 kB
MemFree:          313480 kB
Active:           414192 kB
Mem:          3.8G       3.5G       306M       5.7M        55M       3.1G

MemTotal:        4016004 kB
MemFree:          310588 kB
Active:           414204 kB
Mem:          3.8G       3.5G       303M       5.7M        55M       3.1G

MemTotal:        4016004 kB
MemFree:          309676 kB
Active:           414204 kB
Mem:          3.8G       3.5G       302M       5.7M        55M       3.1G

MemTotal:        4016004 kB
MemFree:          307760 kB
Active:           414212 kB
Mem:          3.8G       3.5G       300M       5.7M        55M       3.1G

MemTotal:        4016004 kB
MemFree:          306928 kB
Active:           414204 kB
Mem:          3.8G       3.5G       299M       5.7M        55M       3.1G

MemTotal:        4016004 kB
MemFree:          201724 kB
Active:           414216 kB
Mem:          3.8G       3.6G       196M       5.7M        55M       3.2G

MemTotal:        4016004 kB
MemFree:          154180 kB
Active:           425844 kB
Mem:          3.8G       3.7G       115M       5.7M        20M       3.3G

MemTotal:        4016004 kB
MemFree:          139280 kB
Active:           477632 kB
Mem:          3.8G       3.7G       131M       5.7M        20M       3.3G

MemTotal:        4016004 kB
MemFree:          142488 kB
Active:           467140 kB
Mem:          3.8G       3.7G       139M       5.7M        20M       3.3G

MemTotal:        4016004 kB
MemFree:          142972 kB
Active:           459488 kB
Mem:          3.8G       3.7G       139M       5.7M        20M       3.3G

MemTotal:        4016004 kB
MemFree:          120532 kB
Active:           457588 kB
Mem:          3.8G       3.7G       117M       5.7M        20M       3.3G

MemTotal:        4016004 kB
MemFree:          147648 kB
Active:           452476 kB
Mem:          3.8G       3.7G       144M       5.7M        20M       3.3G

MemTotal:        4016004 kB
MemFree:          146656 kB
Active:           452444 kB
Mem:          3.8G       3.7G       143M       5.7M        20M       3.3G

MemTotal:        4016004 kB
MemFree:          145728 kB
Active:           452500 kB
Mem:          3.8G       3.7G       142M       5.7M        20M       3.3G

MemTotal:        4016004 kB
MemFree:          143268 kB
Active:           452500 kB
Mem:          3.8G       3.7G       139M       5.7M        20M       3.3G

MemTotal:        4016004 kB
MemFree:          141464 kB
Active:           440724 kB
Mem:          3.8G       3.7G       137M       5.7M        20M       3.3G

MemTotal:        4016004 kB
MemFree:          118664 kB
Active:           429336 kB
Mem:          3.8G       3.7G       115M       5.7M        20M       3.3G

MemTotal:        4016004 kB
MemFree:          123936 kB
Active:           428572 kB
Mem:          3.8G       3.7G       121M       5.7M        20M       3.3G

MemTotal:        4016004 kB
MemFree:          122624 kB
Active:           428408 kB
Mem:          3.8G       3.7G       119M       5.7M        20M       3.3G

MemTotal:        4016004 kB
MemFree:          106996 kB
Active:           426748 kB
Mem:          3.8G       3.7G       104M       5.7M        20M       3.3G

MemTotal:        4016004 kB
MemFree:          126928 kB
Active:           426116 kB
Mem:          3.8G       3.7G       123M       5.7M        20M       3.3G

MemTotal:        4016004 kB
MemFree:          125000 kB
Active:           423860 kB
Mem:          3.8G       3.7G       122M       5.7M        20M       3.3G

MemTotal:        4016004 kB
MemFree:          135768 kB
Active:           422576 kB
Mem:          3.8G       3.7G       132M       5.7M        20M       3.3G

MemTotal:        4016004 kB
MemFree:          137116 kB
Active:           421312 kB
Mem:          3.8G       3.7G       134M       5.7M        20M       3.3G

MemTotal:        4016004 kB
MemFree:          136588 kB
Active:           421324 kB
Mem:          3.8G       3.7G       133M       5.7M        20M       3.3G

MemTotal:        4016004 kB
MemFree:          134636 kB
Active:           421296 kB
Mem:          3.8G       3.7G       131M       5.7M        20M       3.3G

MemTotal:        4016004 kB
MemFree:          132844 kB
Active:           419320 kB
Mem:          3.8G       3.7G       129M       5.7M        20M       3.3G

MemTotal:        4016004 kB
MemFree:          123548 kB
Active:           420776 kB
Mem:          3.8G       3.7G       120M       5.7M        20M       3.3G

MemTotal:        4016004 kB
MemFree:          127368 kB
Active:           415932 kB
Mem:          3.8G       3.7G       124M       5.7M        20M       3.3G

MemTotal:        4016004 kB
MemFree:          123056 kB
Active:           410340 kB
Mem:          3.8G       3.7G       120M       5.7M        20M       3.3G

MemTotal:        4016004 kB
MemFree:          139500 kB
Active:           406120 kB
Mem:          3.8G       3.7G       136M       5.7M        20M       3.3G

MemTotal:        4016004 kB
MemFree:          124004 kB
Active:           404840 kB
Mem:          3.8G       3.7G       120M       5.7M        20M       3.3G

MemTotal:        4016004 kB
MemFree:          131284 kB
Active:           403704 kB
Mem:          3.8G       3.7G       128M       5.7M        20M       3.3G

MemTotal:        4016004 kB
MemFree:          126252 kB
Active:           400760 kB
Mem:          3.8G       3.7G       122M       5.7M        20M       3.3G

MemTotal:        4016004 kB
MemFree:          127520 kB
Active:           398464 kB
Mem:          3.8G       3.7G       124M       5.7M        20M       3.3G

MemTotal:        4016004 kB
MemFree:          120420 kB
Active:           398416 kB
Mem:          3.8G       3.7G       117M       5.7M        20M       3.3G

MemTotal:        4016004 kB
MemFree:          118272 kB
Active:           398536 kB
Mem:          3.8G       3.7G       115M       5.7M        20M       3.3G

MemTotal:        4016004 kB
MemFree:          118956 kB
Active:           400484 kB
Mem:          3.8G       3.7G       116M       5.7M        20M       3.3G

MemTotal:        4016004 kB
MemFree:          117072 kB
Active:           400484 kB
Mem:          3.8G       3.7G       114M       5.7M        20M       3.3G

MemTotal:        4016004 kB
MemFree:          115984 kB
Active:           400520 kB
Mem:          3.8G       3.7G       113M       5.7M        20M       3.3G

MemTotal:        4016004 kB
MemFree:          138856 kB
Active:           397192 kB
Mem:          3.8G       3.7G       135M       5.7M        20M       3.3G

MemTotal:        4016004 kB
MemFree:          142764 kB
Active:           393100 kB
Mem:          3.8G       3.7G       139M       5.7M        20M       3.3G

MemTotal:        4016004 kB
MemFree:          122848 kB
Active:           389396 kB
Mem:          3.8G       3.7G       119M       5.7M        20M       3.3G

MemTotal:        4016004 kB
MemFree:          131648 kB
Active:           388376 kB
Mem:          3.8G       3.7G       128M       5.7M        20M       3.3G

MemTotal:        4016004 kB
MemFree:          142932 kB
Active:           384408 kB
Mem:          3.8G       3.7G       139M       5.7M        20M       3.3G

MemTotal:        4016004 kB
MemFree:          137192 kB
Active:           382484 kB
Mem:          3.8G       3.7G       133M       5.7M        20M       3.3G

MemTotal:        4016004 kB
MemFree:          127776 kB
Active:           382468 kB
Mem:          3.8G       3.7G       124M       5.7M        20M       3.3G

MemTotal:        4016004 kB
MemFree:          130688 kB
Active:           380848 kB
Mem:          3.8G       3.7G       127M       5.7M        20M       3.3G

MemTotal:        4016004 kB
MemFree:          128948 kB
Active:           378888 kB
Mem:          3.8G       3.7G       125M       5.7M        20M       3.3G

MemTotal:        4016004 kB
MemFree:          127512 kB
Active:           378640 kB
Mem:          3.8G       3.7G       124M       5.7M        20M       3.3G

MemTotal:        4016004 kB
MemFree:          125808 kB
Active:           378688 kB
Mem:          3.8G       3.7G       122M       5.7M        20M       3.3G

MemTotal:        4016004 kB
MemFree:          124260 kB
Active:           378660 kB
Mem:          3.8G       3.7G       121M       5.7M        20M       3.3G

MemTotal:        4016004 kB
MemFree:          124324 kB
Active:           378652 kB
Mem:          3.8G       3.7G       121M       5.7M        20M       3.3G

MemTotal:        4016004 kB
MemFree:          134092 kB
Active:           376344 kB
Mem:          3.8G       3.7G       129M       5.7M        20M       3.3G

MemTotal:        4016004 kB
MemFree:          135484 kB
Active:           372296 kB
Mem:          3.8G       3.7G       131M       5.7M        20M       3.3G

MemTotal:        4016004 kB
MemFree:          123596 kB
Active:           366656 kB
Mem:          3.8G       3.7G       120M       5.7M        20M       3.3G

MemTotal:        4016004 kB
MemFree:          111040 kB
Active:           364236 kB
Mem:          3.8G       3.7G       107M       5.7M        20M       3.3G

MemTotal:        4016004 kB
MemFree:          109876 kB
Active:           364180 kB
Mem:          3.8G       3.7G       107M       5.7M        20M       3.3G

MemTotal:        4016004 kB
MemFree:          127168 kB
Active:           362400 kB
Mem:          3.8G       3.7G       123M       5.7M        20M       3.3G

MemTotal:        4016004 kB
MemFree:          128804 kB
Active:           361684 kB
Mem:          3.8G       3.7G       125M       5.7M        20M       3.3G

MemTotal:        4016004 kB
MemFree:          139332 kB
Active:           359560 kB
Mem:          3.8G       3.7G       136M       5.7M        20M       3.3G

MemTotal:        4016004 kB
MemFree:          136436 kB
Active:           359432 kB
Mem:          3.8G       3.7G       133M       5.7M        20M       3.3G

MemTotal:        4016004 kB
MemFree:          133916 kB
Active:           359468 kB
Mem:          3.8G       3.7G       130M       5.7M        20M       3.3G

MemTotal:        4016004 kB
MemFree:          133856 kB
Active:           359420 kB
Mem:          3.8G       3.7G       130M       5.7M        20M       3.3G

MemTotal:        4016004 kB
MemFree:          132932 kB
Active:           359416 kB
Mem:          3.8G       3.7G       129M       5.7M        20M       3.3G

MemTotal:        4016004 kB
MemFree:          125808 kB
Active:           359480 kB
Mem:          3.8G       3.7G       122M       5.7M        20M       3.3G

MemTotal:        4016004 kB
MemFree:          125076 kB
Active:           357792 kB
Mem:          3.8G       3.7G       121M       5.7M        20M       3.3G

MemTotal:        4016004 kB
MemFree:          127200 kB
Active:           357620 kB
Mem:          3.8G       3.7G       124M       5.7M        20M       3.3G

MemTotal:        4016004 kB
MemFree:          136152 kB
Active:           357584 kB
Mem:          3.8G       3.7G       132M       5.7M        20M       3.3G

MemTotal:        4016004 kB
MemFree:          125916 kB
Active:           357496 kB
Mem:          3.8G       3.7G       122M       5.7M        20M       3.3G

MemTotal:        4016004 kB
MemFree:          121996 kB
Active:           357484 kB
Mem:          3.8G       3.7G       119M       5.7M        20M       3.3G

MemTotal:        4016004 kB
MemFree:          139088 kB
Active:           357460 kB
Mem:          3.8G       3.7G       135M       5.7M        20M       3.3G

MemTotal:        4016004 kB
MemFree:          117388 kB
Active:           357460 kB
Mem:          3.8G       3.7G       114M       5.7M        20M       3.3G

MemTotal:        4016004 kB
MemFree:          115616 kB
Active:           357512 kB
Mem:          3.8G       3.7G       112M       5.7M        20M       3.3G

MemTotal:        4016004 kB
MemFree:          113804 kB
Active:           357516 kB
Mem:          3.8G       3.7G       110M       5.7M        20M       3.3G

MemTotal:        4016004 kB
MemFree:          112912 kB
Active:           357468 kB
Mem:          3.8G       3.7G       110M       5.7M        20M       3.3G

MemTotal:        4016004 kB
MemFree:          135572 kB
Active:           357524 kB
Mem:          3.8G       3.7G       131M       5.7M        20M       3.3G

MemTotal:        4016004 kB
MemFree:          114892 kB
Active:           357504 kB
Mem:          3.8G       3.7G       111M       5.7M        20M       3.3G

MemTotal:        4016004 kB
MemFree:          118016 kB
Active:           357532 kB
Mem:          3.8G       3.7G       115M       5.7M        20M       3.3G

MemTotal:        4016004 kB
MemFree:          140936 kB
Active:           357184 kB
Mem:          3.8G       3.7G       137M       5.7M        20M       3.3G

MemTotal:        4016004 kB
MemFree:          136460 kB
Active:           357192 kB
Mem:          3.8G       3.7G       133M       5.7M        20M       3.3G

MemTotal:        4016004 kB
MemFree:          123564 kB
Active:           357192 kB
Mem:          3.8G       3.7G       120M       5.7M        20M       3.3G

MemTotal:        4016004 kB
MemFree:          117716 kB
Active:           357160 kB
Mem:          3.8G       3.7G       114M       5.7M        20M       3.3G

MemTotal:        4016004 kB
MemFree:          116924 kB
Active:           357188 kB
Mem:          3.8G       3.7G       114M       5.7M        20M       3.3G

MemTotal:        4016004 kB
MemFree:          137644 kB
Active:           357212 kB
Mem:          3.8G       3.7G       134M       5.7M        20M       3.3G

MemTotal:        4016004 kB
MemFree:          137628 kB
Active:           357164 kB
Mem:          3.8G       3.7G       134M       5.7M        20M       3.3G

MemTotal:        4016004 kB
MemFree:          134944 kB
Active:           357228 kB
Mem:          3.8G       3.7G       131M       5.7M        20M       3.3G

MemTotal:        4016004 kB
MemFree:          133024 kB
Active:           357236 kB
Mem:          3.8G       3.7G       129M       5.7M        20M       3.3G

MemTotal:        4016004 kB
MemFree:          124944 kB
Active:           357240 kB
Mem:          3.8G       3.7G       121M       5.7M        20M       3.3G

MemTotal:        4016004 kB
MemFree:          122864 kB
Active:           356576 kB
Mem:          3.8G       3.7G       119M       5.7M        20M       3.3G

MemTotal:        4016004 kB
MemFree:          128580 kB
Active:           356580 kB
Mem:          3.8G       3.7G       125M       5.7M        20M       3.3G

MemTotal:        4016004 kB
MemFree:          129216 kB
Active:           356584 kB
Mem:          3.8G       3.7G       126M       5.7M        20M       3.3G

MemTotal:        4016004 kB
MemFree:          109152 kB
Active:           356556 kB
Mem:          3.8G       3.7G       105M       5.7M        20M       3.3G

MemTotal:        4016004 kB
MemFree:          142960 kB
Active:           354280 kB
Mem:          3.8G       3.7G       139M       5.7M        20M       3.2G

MemTotal:        4016004 kB
MemFree:          139540 kB
Active:           354112 kB
Mem:          3.8G       3.7G       136M       5.7M        20M       3.3G

MemTotal:        4016004 kB
MemFree:          136348 kB
Active:           354168 kB
Mem:          3.8G       3.7G       132M       5.7M        20M       3.3G

MemTotal:        4016004 kB
MemFree:          128244 kB
Active:           354152 kB
Mem:          3.8G       3.7G       124M       5.7M        20M       3.3G

MemTotal:        4016004 kB
MemFree:          127328 kB
Active:           354176 kB
Mem:          3.8G       3.7G       124M       5.7M        20M       3.3G

MemTotal:        4016004 kB
MemFree:          125960 kB
Active:           354192 kB
Mem:          3.8G       3.7G       122M       5.7M        20M       3.3G

MemTotal:        4016004 kB
MemFree:          124480 kB
Active:           354184 kB
Mem:          3.8G       3.7G       121M       5.7M        20M       3.3G

MemTotal:        4016004 kB
MemFree:          121340 kB
Active:           354148 kB
Mem:          3.8G       3.7G       118M       5.7M        20M       3.3G

MemTotal:        4016004 kB
MemFree:          124332 kB
Active:           354204 kB
Mem:          3.8G       3.7G       120M       5.7M        20M       3.3G

MemTotal:        4016004 kB
MemFree:          130164 kB
Active:           353464 kB
Mem:          3.8G       3.7G       126M       5.7M        20M       3.3G

MemTotal:        4016004 kB
MemFree:          111840 kB
Active:           353344 kB
Mem:          3.8G       3.7G       108M       5.7M        20M       3.3G

MemTotal:        4016004 kB
MemFree:          138724 kB
Active:           353340 kB
Mem:          3.8G       3.7G       135M       5.7M        20M       3.3G

MemTotal:        4016004 kB
MemFree:          126848 kB
Active:           353336 kB
Mem:          3.8G       3.7G       123M       5.7M        20M       3.3G

MemTotal:        4016004 kB
MemFree:          144184 kB
Active:           355096 kB
Mem:          3.8G       3.7G       140M       5.7M        20M       3.2G

MemTotal:        4016004 kB
MemFree:          138380 kB
Active:           352872 kB
Mem:          3.8G       3.7G       134M       5.7M        20M       3.3G

MemTotal:        4016004 kB
MemFree:          130424 kB
Active:           352492 kB
Mem:          3.8G       3.7G       127M       5.7M        20M       3.3G

MemTotal:        4016004 kB
MemFree:          137100 kB
Active:           352528 kB
Mem:          3.8G       3.7G       133M       5.7M        20M       3.3G

MemTotal:        4016004 kB
MemFree:          135920 kB
Active:           352484 kB
Mem:          3.8G       3.7G       132M       5.7M        20M       3.3G

MemTotal:        4016004 kB
MemFree:          133772 kB
Active:           352544 kB
Mem:          3.8G       3.7G       130M       5.7M        20M       3.3G

MemTotal:        4016004 kB
MemFree:          132724 kB
Active:           352552 kB
Mem:          3.8G       3.7G       129M       5.7M        20M       3.3G

MemTotal:        4016004 kB
MemFree:          131720 kB
Active:           352532 kB
Mem:          3.8G       3.7G       128M       5.7M        20M       3.3G

MemTotal:        4016004 kB
MemFree:          142912 kB
Active:           352556 kB
Mem:          3.8G       3.7G       139M       5.7M        20M       3.2G

MemTotal:        4016004 kB
MemFree:          123600 kB
Active:           352556 kB
Mem:          3.8G       3.7G       120M       5.7M        20M       3.3G

MemTotal:        4016004 kB
MemFree:          105892 kB
Active:           351036 kB
Mem:          3.8G       3.7G       102M       5.7M        20M       3.3G

MemTotal:        4016004 kB
MemFree:          127656 kB
Active:           349432 kB
Mem:          3.8G       3.7G       124M       5.7M        20M       3.3G

MemTotal:        4016004 kB
MemFree:          132228 kB
Active:           349428 kB
Mem:          3.8G       3.7G       128M       5.7M        20M       3.3G

MemTotal:        4016004 kB
MemFree:          111780 kB
Active:           349440 kB
Mem:          3.8G       3.7G       108M       5.7M        20M       3.3G

MemTotal:        4016004 kB
MemFree:          132992 kB
Active:           349452 kB
Mem:          3.8G       3.7G       129M       5.7M        20M       3.3G

MemTotal:        4016004 kB
MemFree:          122340 kB
Active:           349400 kB
Mem:          3.8G       3.7G       118M       5.7M        20M       3.3G

MemTotal:        4016004 kB
MemFree:          128968 kB
Active:           349460 kB
Mem:          3.8G       3.7G       125M       5.7M        20M       3.3G

MemTotal:        4016004 kB
MemFree:          128120 kB
Active:           349468 kB
Mem:          3.8G       3.7G       125M       5.7M        20M       3.3G

MemTotal:        4016004 kB
MemFree:          127160 kB
Active:           349472 kB
Mem:          3.8G       3.7G       124M       5.7M        20M       3.3G

MemTotal:        4016004 kB
MemFree:          126548 kB
Active:           349464 kB
Mem:          3.8G       3.7G       123M       5.7M        20M       3.3G

MemTotal:        4016004 kB
MemFree:          139028 kB
Active:           345640 kB
Mem:          3.8G       3.7G       135M       5.7M        20M       3.2G

MemTotal:        4016004 kB
MemFree:          124444 kB
Active:           344620 kB
Mem:          3.8G       3.7G       120M       5.7M        20M       3.3G

MemTotal:        4016004 kB
MemFree:          109224 kB
Active:           344496 kB
Mem:          3.8G       3.7G       106M       5.7M        20M       3.3G

MemTotal:        4016004 kB
MemFree:          145324 kB
Active:           344516 kB
Mem:          3.8G       3.7G       142M       5.7M        20M       3.2G

MemTotal:        4016004 kB
MemFree:          117184 kB
Active:           344464 kB
Mem:          3.8G       3.7G       113M       5.7M        20M       3.3G

MemTotal:        4016004 kB
MemFree:          126708 kB
Active:           344524 kB
Mem:          3.8G       3.7G       123M       5.7M        20M       3.3G

MemTotal:        4016004 kB
MemFree:          137112 kB
Active:           344536 kB
Mem:          3.8G       3.7G       133M       5.7M        20M       3.2G

MemTotal:        4016004 kB
MemFree:          131148 kB
Active:           344536 kB
Mem:          3.8G       3.7G       127M       5.7M        20M       3.3G

MemTotal:        4016004 kB
MemFree:          129800 kB
Active:           344520 kB
Mem:          3.8G       3.7G       126M       5.7M        20M       3.3G

MemTotal:        4016004 kB
MemFree:          129432 kB
Active:           344540 kB
Mem:          3.8G       3.7G       126M       5.7M        20M       3.3G

MemTotal:        4016004 kB
MemFree:          128440 kB
Active:           344544 kB
Mem:          3.8G       3.7G       125M       5.7M        20M       3.3G

MemTotal:        4016004 kB
MemFree:          114032 kB
Active:           344576 kB
Mem:          3.8G       3.7G       110M       5.7M        20M       3.3G

MemTotal:        4016004 kB
MemFree:          125132 kB
Active:           342960 kB
Mem:          3.8G       3.7G       128M       5.7M        20M       3.3G

MemTotal:        4016004 kB
MemFree:          134568 kB
Active:           342772 kB
Mem:          3.8G       3.7G       131M       5.7M        20M       3.3G

MemTotal:        4016004 kB
MemFree:          136632 kB
Active:           342828 kB
Mem:          3.8G       3.7G       133M       5.7M        20M       3.2G

MemTotal:        4016004 kB
MemFree:          127140 kB
Active:           342816 kB
Mem:          3.8G       3.7G       124M       5.7M        20M       3.3G

MemTotal:        4016004 kB
MemFree:          115720 kB
Active:           342804 kB
Mem:          3.8G       3.7G       112M       5.7M        20M       3.3G

MemTotal:        4016004 kB
MemFree:          127332 kB
Active:           342832 kB
Mem:          3.8G       3.7G       124M       5.7M        20M       3.3G

MemTotal:        4016004 kB
MemFree:          126536 kB
Active:           342804 kB
Mem:          3.8G       3.7G       123M       5.7M        20M       3.3G

MemTotal:        4016004 kB
MemFree:          107032 kB
Active:           342832 kB
Mem:          3.8G       3.7G       104M       5.7M        20M       3.3G

MemTotal:        4016004 kB
MemFree:          127692 kB
Active:           340852 kB
Mem:          3.8G       3.7G       124M       5.7M        20M       3.3G

MemTotal:        4016004 kB
MemFree:          125308 kB
Active:           340692 kB
Mem:          3.8G       3.7G       122M       5.7M        20M       3.3G

MemTotal:        4016004 kB
MemFree:          124348 kB
Active:           340656 kB
Mem:          3.8G       3.7G       121M       5.7M        20M       3.3G

MemTotal:        4016004 kB
MemFree:          123704 kB
Active:           340660 kB
Mem:          3.8G       3.7G       120M       5.7M        20M       3.3G

MemTotal:        4016004 kB
MemFree:          111652 kB
Active:           340672 kB
Mem:          3.8G       3.7G       108M       5.7M        20M       3.3G

MemTotal:        4016004 kB
MemFree:          131536 kB
Active:           340708 kB
Mem:          3.8G       3.7G       128M       5.7M        20M       3.3G

MemTotal:        4016004 kB
MemFree:          141008 kB
Active:           340720 kB
Mem:          3.8G       3.7G       137M       5.7M        20M       3.2G

MemTotal:        4016004 kB
MemFree:          141816 kB
Active:           340728 kB
Mem:          3.8G       3.7G       138M       5.7M        20M       3.2G

MemTotal:        4016004 kB
MemFree:          115828 kB
Active:           340672 kB
Mem:          3.8G       3.7G       113M       5.7M        20M       3.3G

MemTotal:        4016004 kB
MemFree:          139552 kB
Active:           340740 kB
Mem:          3.8G       3.7G       136M       5.7M        20M       3.2G

MemTotal:        4016004 kB
MemFree:          135192 kB
Active:           340744 kB
Mem:          3.8G       3.7G       132M       5.7M        20M       3.2G

MemTotal:        4016004 kB
MemFree:          151140 kB
Active:           340160 kB
Mem:          3.8G       3.7G       147M       5.7M        20M       3.2G

MemTotal:        4016004 kB
MemFree:          116672 kB
Active:           339968 kB
Mem:          3.8G       3.7G       113M       5.7M        20M       3.3G

MemTotal:        4016004 kB
MemFree:          115172 kB
Active:           340040 kB
Mem:          3.8G       3.7G       112M       5.7M        20M       3.3G

MemTotal:        4016004 kB
MemFree:          114056 kB
Active:           340004 kB
Mem:          3.8G       3.7G       111M       5.7M        20M       3.3G

MemTotal:        4016004 kB
MemFree:          111968 kB
Active:           340048 kB
Mem:          3.8G       3.7G       109M       5.7M        20M       3.3G

MemTotal:        4016004 kB
MemFree:          124224 kB
Active:           340040 kB
Mem:          3.8G       3.7G       121M       5.7M        20M       3.3G

MemTotal:        4016004 kB
MemFree:          126840 kB
Active:           339920 kB
Mem:          3.8G       3.7G       123M       5.7M        20M       3.3G

MemTotal:        4016004 kB
MemFree:          135160 kB
Active:           339868 kB
Mem:          3.8G       3.7G       131M       5.7M        20M       3.2G

MemTotal:        4016004 kB
MemFree:          123932 kB
Active:           339796 kB
Mem:          3.8G       3.7G       120M       5.7M        20M       3.3G

MemTotal:        4016004 kB
MemFree:          114428 kB
Active:           339760 kB
Mem:          3.8G       3.7G       111M       5.7M        20M       3.3G

MemTotal:        4016004 kB
MemFree:          149716 kB
Active:           339760 kB
Mem:          3.8G       3.7G       146M       5.7M        20M       3.2G

MemTotal:        4016004 kB
MemFree:          148084 kB
Active:           339724 kB
Mem:          3.8G       3.7G       144M       5.7M        20M       3.2G

MemTotal:        4016004 kB
MemFree:          146984 kB
Active:           339740 kB
Mem:          3.8G       3.7G       143M       5.7M        20M       3.2G

MemTotal:        4016004 kB
MemFree:          146904 kB
Active:           339744 kB
Mem:          3.8G       3.7G       142M       5.7M        20M       3.2G

MemTotal:        4016004 kB
MemFree:          123196 kB
Active:           339764 kB
Mem:          3.8G       3.7G       120M       5.7M        20M       3.3G

MemTotal:        4016004 kB
MemFree:          123212 kB
Active:           339756 kB
Mem:          3.8G       3.7G       120M       5.7M        20M       3.3G

MemTotal:        4016004 kB
MemFree:          122276 kB
Active:           339728 kB
Mem:          3.8G       3.7G       119M       5.7M        20M       3.3G

MemTotal:        4016004 kB
MemFree:          118952 kB
Active:           339752 kB
Mem:          3.8G       3.7G       115M       5.7M        20M       3.3G

MemTotal:        4016004 kB
MemFree:          135556 kB
Active:           341772 kB
Mem:          3.8G       3.7G       131M       5.7M        20M       3.2G

MemTotal:        4016004 kB
MemFree:          107604 kB
Active:           341500 kB
Mem:          3.8G       3.7G       105M       5.7M        20M       3.3G

MemTotal:        4016004 kB
MemFree:          108348 kB
Active:           341456 kB
Mem:          3.8G       3.7G       105M       5.7M        20M       3.3G

MemTotal:        4016004 kB
MemFree:          108472 kB
Active:           341464 kB
Mem:          3.8G       3.7G       105M       5.7M        20M       3.3G

MemTotal:        4016004 kB
MemFree:          108100 kB
Active:           341508 kB
Mem:          3.8G       3.7G       105M       5.7M        20M       3.3G

MemTotal:        4016004 kB
MemFree:          107852 kB
Active:           341496 kB
Mem:          3.8G       3.7G       105M       5.7M        20M       3.3G

MemTotal:        4016004 kB
MemFree:          107852 kB
Active:           341456 kB
Mem:          3.8G       3.7G       105M       5.7M        20M       3.3G

MemTotal:        4016004 kB
MemFree:          107852 kB
Active:           341452 kB
Mem:          3.8G       3.7G       105M       5.7M        20M       3.3G

MemTotal:        4016004 kB
MemFree:          107852 kB
Active:           341504 kB
Mem:          3.8G       3.7G       105M       5.7M        20M       3.3G

MemTotal:        4016004 kB
MemFree:          105928 kB
Active:           341484 kB
Mem:          3.8G       3.7G       103M       5.7M        20M       3.3G

MemTotal:        4016004 kB
MemFree:          105432 kB
Active:           343532 kB
Mem:          3.8G       3.7G       102M       5.7M        20M       3.3G

MemTotal:        4016004 kB
MemFree:          106176 kB
Active:           343516 kB
Mem:          3.8G       3.7G       103M       5.7M        20M       3.3G

MemTotal:        4016004 kB
MemFree:          106052 kB
Active:           343504 kB
Mem:          3.8G       3.7G       103M       5.7M        20M       3.3G

MemTotal:        4016004 kB
MemFree:          106052 kB
Active:           343512 kB
Mem:          3.8G       3.7G       103M       5.7M        20M       3.3G

MemTotal:        4016004 kB
MemFree:          106176 kB
Active:           343500 kB
Mem:          3.8G       3.7G       103M       5.7M        20M       3.3G

MemTotal:        4016004 kB
MemFree:          105804 kB
Active:           343536 kB
Mem:          3.8G       3.7G       103M       5.7M        20M       3.3G

MemTotal:        4016004 kB
MemFree:          105680 kB
Active:           343520 kB
Mem:          3.8G       3.7G       103M       5.7M        20M       3.3G

MemTotal:        4016004 kB
MemFree:          105432 kB
Active:           343548 kB
Mem:          3.8G       3.7G       103M       5.7M        20M       3.3G

MemTotal:        4016004 kB
MemFree:          105928 kB
Active:           343508 kB
Mem:          3.8G       3.7G       103M       5.7M        20M       3.3G

MemTotal:        4016004 kB
MemFree:          106548 kB
Active:           343512 kB
Mem:          3.8G       3.7G       103M       5.7M        20M       3.3G

MemTotal:        4016004 kB
MemFree:          106424 kB
Active:           343548 kB
Mem:          3.8G       3.7G       103M       5.7M        20M       3.3G

MemTotal:        4016004 kB
MemFree:          106424 kB
Active:           343552 kB
Mem:          3.8G       3.7G       103M       5.7M        20M       3.3G

MemTotal:        4016004 kB
MemFree:          106548 kB
Active:           343556 kB
Mem:          3.8G       3.7G       103M       5.7M        20M       3.3G

MemTotal:        4016004 kB
MemFree:          106424 kB
Active:           343560 kB
Mem:          3.8G       3.7G       103M       5.7M        20M       3.3G

MemTotal:        4016004 kB
MemFree:          106424 kB
Active:           343528 kB
Mem:          3.8G       3.7G       103M       5.7M        20M       3.3G

MemTotal:        4016004 kB
MemFree:          106424 kB
Active:           343524 kB
Mem:          3.8G       3.7G       103M       5.7M        20M       3.3G

MemTotal:        4016004 kB
MemFree:          106424 kB
Active:           343532 kB
Mem:          3.8G       3.7G       103M       5.7M        20M       3.3G

MemTotal:        4016004 kB
MemFree:          106424 kB
Active:           343556 kB
Mem:          3.8G       3.7G       103M       5.7M        20M       3.3G

MemTotal:        4016004 kB
MemFree:          106672 kB
Active:           343564 kB
Mem:          3.8G       3.7G       104M       5.7M        20M       3.3G

MemTotal:        4016004 kB
MemFree:          106576 kB
Active:           343572 kB
Mem:          3.8G       3.7G       104M       5.7M        20M       3.3G

MemTotal:        4016004 kB
MemFree:          106796 kB
Active:           343524 kB
Mem:          3.8G       3.7G       104M       5.7M        20M       3.3G

MemTotal:        4016004 kB
MemFree:          106300 kB
Active:           343572 kB
Mem:          3.8G       3.7G       103M       5.7M        20M       3.3G

MemTotal:        4016004 kB
MemFree:          106052 kB
Active:           343580 kB
Mem:          3.8G       3.7G       103M       5.7M        20M       3.3G

MemTotal:        4016004 kB
MemFree:          106052 kB
Active:           343528 kB
Mem:          3.8G       3.7G       103M       5.7M        20M       3.3G

MemTotal:        4016004 kB
MemFree:          106052 kB
Active:           343568 kB
Mem:          3.8G       3.7G       103M       5.7M        20M       3.3G

MemTotal:        4016004 kB
MemFree:          106052 kB
Active:           343552 kB
Mem:          3.8G       3.7G       103M       5.7M        20M       3.3G

MemTotal:        4016004 kB
MemFree:          106548 kB
Active:           343548 kB
Mem:          3.8G       3.7G       103M       5.7M        20M       3.3G

MemTotal:        4016004 kB
MemFree:          106424 kB
Active:           343544 kB
Mem:          3.8G       3.7G       104M       5.7M        20M       3.3G

MemTotal:        4016004 kB
MemFree:          106424 kB
Active:           343552 kB
Mem:          3.8G       3.7G       104M       5.7M        20M       3.3G

MemTotal:        4016004 kB
MemFree:          106672 kB
Active:           343572 kB
Mem:          3.8G       3.7G       103M       5.7M        20M       3.3G

MemTotal:        4016004 kB
MemFree:          106424 kB
Active:           343552 kB
Mem:          3.8G       3.7G       104M       5.7M        20M       3.3G

MemTotal:        4016004 kB
MemFree:          106672 kB
Active:           343600 kB
Mem:          3.8G       3.7G       104M       5.7M        20M       3.3G

MemTotal:        4016004 kB
MemFree:          106796 kB
Active:           343592 kB
Mem:          3.8G       3.7G       104M       5.7M        20M       3.3G

MemTotal:        4016004 kB
MemFree:          106424 kB
Active:           343564 kB
Mem:          3.8G       3.7G       104M       5.7M        20M       3.3G

MemTotal:        4016004 kB
MemFree:          106920 kB
Active:           343600 kB
Mem:          3.8G       3.7G       104M       5.7M        20M       3.3G

MemTotal:        4016004 kB
MemFree:          106672 kB
Active:           343604 kB
Mem:          3.8G       3.7G       104M       5.7M        20M       3.3G

MemTotal:        4016004 kB
MemFree:          106672 kB
Active:           343604 kB
Mem:          3.8G       3.7G       104M       5.7M        20M       3.3G

MemTotal:        4016004 kB
MemFree:          107044 kB
Active:           343572 kB
Mem:          3.8G       3.7G       104M       5.7M        20M       3.3G

MemTotal:        4016004 kB
MemFree:          107044 kB
Active:           343560 kB
Mem:          3.8G       3.7G       104M       5.7M        20M       3.3G

MemTotal:        4016004 kB
MemFree:          107044 kB
Active:           343608 kB
Mem:          3.8G       3.7G       104M       5.7M        20M       3.3G

MemTotal:        4016004 kB
MemFree:          106548 kB
Active:           343556 kB
Mem:          3.8G       3.7G       103M       5.7M        20M       3.3G

MemTotal:        4016004 kB
MemFree:          106300 kB
Active:           343604 kB
Mem:          3.8G       3.7G       103M       5.7M        20M       3.3G

MemTotal:        4016004 kB
MemFree:          106052 kB
Active:           343616 kB
Mem:          3.8G       3.7G       103M       5.7M        20M       3.3G

MemTotal:        4016004 kB
MemFree:          106548 kB
Active:           343576 kB
Mem:          3.8G       3.7G       104M       5.7M        20M       3.3G

MemTotal:        4016004 kB
MemFree:          106672 kB
Active:           343564 kB
Mem:          3.8G       3.7G       104M       5.7M        20M       3.3G

MemTotal:        4016004 kB
MemFree:          106672 kB
Active:           343608 kB
Mem:          3.8G       3.7G       104M       5.7M        20M       3.3G

MemTotal:        4016004 kB
MemFree:          106548 kB
Active:           343600 kB
Mem:          3.8G       3.7G       104M       5.7M        20M       3.3G

MemTotal:        4016004 kB
MemFree:          106300 kB
Active:           343632 kB
Mem:          3.8G       3.7G       103M       5.7M        20M       3.3G

MemTotal:        4016004 kB
MemFree:          106672 kB
Active:           343628 kB
Mem:          3.8G       3.7G       103M       5.7M        20M       3.3G

MemTotal:        4016004 kB
MemFree:          106796 kB
Active:           343632 kB
Mem:          3.8G       3.7G       104M       5.7M        20M       3.3G

MemTotal:        4016004 kB
MemFree:          106300 kB
Active:           343636 kB
Mem:          3.8G       3.7G       104M       5.7M        20M       3.3G

MemTotal:        4016004 kB
MemFree:          106548 kB
Active:           343612 kB
Mem:          3.8G       3.7G       104M       5.7M        20M       3.3G

MemTotal:        4016004 kB
MemFree:          107044 kB
Active:           343592 kB
Mem:          3.8G       3.7G       104M       5.7M        20M       3.3G

MemTotal:        4016004 kB
MemFree:          106796 kB
Active:           343636 kB
Mem:          3.8G       3.7G       104M       5.7M        20M       3.3G

MemTotal:        4016004 kB
MemFree:          106548 kB
Active:           343636 kB
Mem:          3.8G       3.7G       104M       5.7M        20M       3.3G

MemTotal:        4016004 kB
MemFree:          106548 kB
Active:           343636 kB
Mem:          3.8G       3.7G       103M       5.7M        20M       3.3G

MemTotal:        4016004 kB
MemFree:          106548 kB
Active:           343584 kB
Mem:          3.8G       3.7G       103M       5.7M        20M       3.3G

MemTotal:        4016004 kB
MemFree:          106548 kB
Active:           343612 kB
Mem:          3.8G       3.7G       104M       5.7M        20M       3.3G

MemTotal:        4016004 kB
MemFree:          106796 kB
Active:           343608 kB
Mem:          3.8G       3.7G       104M       5.7M        20M       3.3G

MemTotal:        4016004 kB
MemFree:          106920 kB
Active:           343624 kB
Mem:          3.8G       3.7G       104M       5.7M        20M       3.3G

MemTotal:        4016004 kB
MemFree:          106796 kB
Active:           343580 kB
Mem:          3.8G       3.7G       104M       5.7M        20M       3.3G

MemTotal:        4016004 kB
MemFree:          106672 kB
Active:           343588 kB
Mem:          3.8G       3.7G       103M       5.7M        20M       3.3G

MemTotal:        4016004 kB
MemFree:          106920 kB
Active:           343636 kB
Mem:          3.8G       3.7G       104M       5.7M        20M       3.3G

MemTotal:        4016004 kB
MemFree:          106424 kB
Active:           343648 kB
Mem:          3.8G       3.7G       104M       5.7M        20M       3.3G

MemTotal:        4016004 kB
MemFree:          106796 kB
Active:           343608 kB
Mem:          3.8G       3.7G       104M       5.7M        20M       3.3G

MemTotal:        4016004 kB
MemFree:          107292 kB
Active:           343596 kB
Mem:          3.8G       3.7G       104M       5.7M        20M       3.3G

MemTotal:        4016004 kB
MemFree:          107168 kB
Active:           343596 kB
Mem:          3.8G       3.7G       104M       5.7M        20M       3.3G

MemTotal:        4016004 kB
MemFree:          107292 kB
Active:           343628 kB
Mem:          3.8G       3.7G       104M       5.7M        20M       3.3G

MemTotal:        4016004 kB
MemFree:          106548 kB
Active:           343656 kB
Mem:          3.8G       3.7G       104M       5.7M        20M       3.3G

MemTotal:        4016004 kB
MemFree:          106920 kB
Active:           343600 kB
Mem:          3.8G       3.7G       104M       5.7M        20M       3.3G

MemTotal:        4016004 kB
MemFree:          106672 kB
Active:           343604 kB
Mem:          3.8G       3.7G       104M       5.7M        20M       3.3G

MemTotal:        4016004 kB
MemFree:          106424 kB
Active:           343660 kB
Mem:          3.8G       3.7G       103M       5.7M        20M       3.3G

MemTotal:        4016004 kB
MemFree:          106920 kB
Active:           343652 kB
Mem:          3.8G       3.7G       104M       5.7M        20M       3.3G

MemTotal:        4016004 kB
MemFree:          106300 kB
Active:           343648 kB
Mem:          3.8G       3.7G       103M       5.7M        20M       3.3G

MemTotal:        4016004 kB
MemFree:          106424 kB
Active:           343664 kB
Mem:          3.8G       3.7G       103M       5.7M        20M       3.3G

MemTotal:        4016004 kB
MemFree:          106796 kB
Active:           343612 kB
Mem:          3.8G       3.7G       104M       5.7M        20M       3.3G

MemTotal:        4016004 kB
MemFree:          106796 kB
Active:           343656 kB
Mem:          3.8G       3.7G       104M       5.7M        20M       3.3G

MemTotal:        4016004 kB
MemFree:          106796 kB
Active:           343660 kB
Mem:          3.8G       3.7G       104M       5.7M        20M       3.3G

MemTotal:        4016004 kB
MemFree:          106424 kB
Active:           343672 kB
Mem:          3.8G       3.7G       104M       5.7M        20M       3.3G

MemTotal:        4016004 kB
MemFree:          106672 kB
Active:           343672 kB
Mem:          3.8G       3.7G       104M       5.7M        20M       3.3G

MemTotal:        4016004 kB
MemFree:          106796 kB
Active:           343652 kB
Mem:          3.8G       3.7G       104M       5.7M        20M       3.3G

MemTotal:        4016004 kB
MemFree:          106796 kB
Active:           343616 kB
Mem:          3.8G       3.7G       104M       5.7M        20M       3.3G

MemTotal:        4016004 kB
MemFree:          106920 kB
Active:           343632 kB
Mem:          3.8G       3.7G       104M       5.7M        20M       3.3G

MemTotal:        4016004 kB
MemFree:          106920 kB
Active:           343628 kB
Mem:          3.8G       3.7G       104M       5.7M        20M       3.3G

MemTotal:        4016004 kB
MemFree:          106796 kB
Active:           343632 kB
Mem:          3.8G       3.7G       104M       5.7M        20M       3.3G

MemTotal:        4016004 kB
MemFree:          106548 kB
Active:           343660 kB
Mem:          3.8G       3.7G       103M       5.7M        20M       3.3G

MemTotal:        4016004 kB
MemFree:          106424 kB
Active:           343648 kB
Mem:          3.8G       3.7G       103M       5.7M        20M       3.3G

MemTotal:        4016004 kB
MemFree:          106424 kB
Active:           343648 kB
Mem:          3.8G       3.7G       103M       5.7M        20M       3.3G

MemTotal:        4016004 kB
MemFree:          106052 kB
Active:           343684 kB
Mem:          3.8G       3.7G       103M       5.7M        20M       3.3G

MemTotal:        4016004 kB
MemFree:          106052 kB
Active:           343640 kB
Mem:          3.8G       3.7G       103M       5.7M        20M       3.3G

MemTotal:        4016004 kB
MemFree:          106176 kB
Active:           343656 kB
Mem:          3.8G       3.7G       103M       5.7M        20M       3.3G

MemTotal:        4016004 kB
MemFree:          106052 kB
Active:           343692 kB
Mem:          3.8G       3.7G       103M       5.7M        20M       3.3G

MemTotal:        4016004 kB
MemFree:          106300 kB
Active:           343700 kB
Mem:          3.8G       3.7G       103M       5.7M        20M       3.3G

MemTotal:        4016004 kB
MemFree:          106300 kB
Active:           343660 kB
Mem:          3.8G       3.7G       103M       5.7M        20M       3.3G

MemTotal:        4016004 kB
MemFree:          106424 kB
Active:           343664 kB
Mem:          3.8G       3.7G       103M       5.7M        20M       3.3G

MemTotal:        4016004 kB
MemFree:          106556 kB
Active:           343656 kB
Mem:          3.8G       3.7G       104M       5.7M        20M       3.3G

MemTotal:        4016004 kB
MemFree:          106184 kB
Active:           343708 kB
Mem:          3.8G       3.7G       103M       5.7M        20M       3.3G

MemTotal:        4016004 kB
MemFree:          106432 kB
Active:           343652 kB
Mem:          3.8G       3.7G       103M       5.7M        20M       3.3G

MemTotal:        4016004 kB
MemFree:          106060 kB
Active:           343708 kB
Mem:          3.8G       3.7G       103M       5.7M        20M       3.3G

MemTotal:        4016004 kB
MemFree:          106308 kB
Active:           343672 kB
Mem:          3.8G       3.7G       103M       5.7M        20M       3.3G

MemTotal:        4016004 kB
MemFree:          106060 kB
Active:           343712 kB
Mem:          3.8G       3.7G       103M       5.7M        20M       3.3G

MemTotal:        4016004 kB
MemFree:          106556 kB
Active:           343700 kB
Mem:          3.8G       3.7G       104M       5.7M        20M       3.3G

MemTotal:        4016004 kB
MemFree:          106184 kB
Active:           343716 kB
Mem:          3.8G       3.7G       103M       5.7M        20M       3.3G

MemTotal:        4016004 kB
MemFree:          106556 kB
Active:           343704 kB
Mem:          3.8G       3.7G       104M       5.7M        20M       3.3G

MemTotal:        4016004 kB
MemFree:          106804 kB
Active:           343704 kB
Mem:          3.8G       3.7G       104M       5.7M        20M       3.3G

MemTotal:        4016004 kB
MemFree:          106804 kB
Active:           343696 kB
Mem:          3.8G       3.7G       104M       5.7M        20M       3.3G

MemTotal:        4016004 kB
MemFree:          106556 kB
Active:           343724 kB
Mem:          3.8G       3.7G       104M       5.7M        20M       3.3G

MemTotal:        4016004 kB
MemFree:          106432 kB
Active:           343724 kB
Mem:          3.8G       3.7G       104M       5.7M        20M       3.3G

MemTotal:        4016004 kB
MemFree:          106804 kB
Active:           343716 kB
Mem:          3.8G       3.7G       104M       5.7M        20M       3.3G

MemTotal:        4016004 kB
MemFree:          121020 kB
Active:           351420 kB
Mem:          3.8G       3.7G       118M       5.7M        27M       3.2G

MemTotal:        4016004 kB
MemFree:          121620 kB
Active:           351344 kB
Mem:          3.8G       3.7G       118M       5.7M        27M       3.2G

MemTotal:        4016004 kB
MemFree:          121868 kB
Active:           351296 kB
Mem:          3.8G       3.7G       118M       5.7M        27M       3.2G

MemTotal:        4016004 kB
MemFree:          121868 kB
Active:           351332 kB
Mem:          3.8G       3.7G       118M       5.7M        27M       3.2G

MemTotal:        4016004 kB
MemFree:          121372 kB
Active:           351348 kB
Mem:          3.8G       3.7G       118M       5.7M        27M       3.2G

MemTotal:        4016004 kB
MemFree:          121124 kB
Active:           351316 kB
Mem:          3.8G       3.7G       118M       5.7M        27M       3.2G

MemTotal:        4016004 kB
MemFree:          121248 kB
Active:           351356 kB
Mem:          3.8G       3.7G       118M       5.7M        27M       3.2G

MemTotal:        4016004 kB
MemFree:          121248 kB
Active:           351348 kB
Mem:          3.8G       3.7G       118M       5.7M        27M       3.2G

MemTotal:        4016004 kB
MemFree:          121248 kB
Active:           351344 kB
Mem:          3.8G       3.7G       118M       5.7M        27M       3.2G

MemTotal:        4016004 kB
MemFree:          121124 kB
Active:           351352 kB
Mem:          3.8G       3.7G       118M       5.7M        27M       3.2G

MemTotal:        4016004 kB
MemFree:          121248 kB
Active:           351356 kB
Mem:          3.8G       3.7G       118M       5.7M        27M       3.2G

MemTotal:        4016004 kB
MemFree:          121248 kB
Active:           351360 kB
Mem:          3.8G       3.7G       118M       5.7M        27M       3.2G

MemTotal:        4016004 kB
MemFree:          121744 kB
Active:           351304 kB
Mem:          3.8G       3.7G       118M       5.7M        27M       3.2G

MemTotal:        4016004 kB
MemFree:          121868 kB
Active:           351320 kB
Mem:          3.8G       3.7G       118M       5.7M        27M       3.2G

MemTotal:        4016004 kB
MemFree:          121248 kB
Active:           351360 kB
Mem:          3.8G       3.7G       118M       5.7M        27M       3.2G

MemTotal:        4016004 kB
MemFree:          121496 kB
Active:           351360 kB
Mem:          3.8G       3.7G       118M       5.7M        27M       3.2G

MemTotal:        4016004 kB
MemFree:          121496 kB
Active:           351352 kB
Mem:          3.8G       3.7G       118M       5.7M        27M       3.2G

MemTotal:        4016004 kB
MemFree:          121496 kB
Active:           351352 kB
Mem:          3.8G       3.7G       118M       5.7M        27M       3.2G

MemTotal:        4016004 kB
MemFree:          121248 kB
Active:           351364 kB
Mem:          3.8G       3.7G       118M       5.7M        27M       3.2G

MemTotal:        4016004 kB
MemFree:          121372 kB
Active:           351320 kB
Mem:          3.8G       3.7G       118M       5.7M        27M       3.2G

MemTotal:        4016004 kB
MemFree:          121868 kB
Active:           351328 kB
Mem:          3.8G       3.7G       118M       5.7M        27M       3.2G

MemTotal:        4016004 kB
MemFree:          121744 kB
Active:           351348 kB
Mem:          3.8G       3.7G       118M       5.7M        27M       3.2G

MemTotal:        4016004 kB
MemFree:          121248 kB
Active:           351380 kB
Mem:          3.8G       3.7G       118M       5.7M        27M       3.2G

MemTotal:        4016004 kB
MemFree:          121620 kB
Active:           351360 kB
Mem:          3.8G       3.7G       118M       5.7M        27M       3.2G

MemTotal:        4016004 kB
MemFree:          121620 kB
Active:           351376 kB
Mem:          3.8G       3.7G       118M       5.7M        27M       3.2G

MemTotal:        4016004 kB
MemFree:          121620 kB
Active:           351328 kB
Mem:          3.8G       3.7G       118M       5.7M        27M       3.2G

MemTotal:        4016004 kB
MemFree:          121868 kB
Active:           351332 kB
Mem:          3.8G       3.7G       118M       5.7M        27M       3.2G

MemTotal:        4016004 kB
MemFree:          121620 kB
Active:           351384 kB
Mem:          3.8G       3.7G       118M       5.7M        27M       3.2G

MemTotal:        4016004 kB
MemFree:          121868 kB
Active:           351384 kB
Mem:          3.8G       3.7G       118M       5.7M        27M       3.2G

MemTotal:        4016004 kB
MemFree:          121620 kB
Active:           351380 kB
Mem:          3.8G       3.7G       118M       5.7M        27M       3.2G

MemTotal:        4016004 kB
MemFree:          121496 kB
Active:           351340 kB
Mem:          3.8G       3.7G       118M       5.7M        28M       3.2G

MemTotal:        4016004 kB
MemFree:          121620 kB
Active:           351336 kB
Mem:          3.8G       3.7G       118M       5.7M        28M       3.2G

MemTotal:        4016004 kB
MemFree:          121248 kB
Active:           351404 kB
Mem:          3.8G       3.7G       118M       5.7M        28M       3.2G

MemTotal:        4016004 kB
MemFree:          121744 kB
Active:           351380 kB
Mem:          3.8G       3.7G       118M       5.7M        28M       3.2G

MemTotal:        4016004 kB
MemFree:          121620 kB
Active:           351400 kB
Mem:          3.8G       3.7G       118M       5.7M        28M       3.2G

MemTotal:        4016004 kB
MemFree:          121744 kB
Active:           351400 kB
Mem:          3.8G       3.7G       118M       5.7M        28M       3.2G

MemTotal:        4016004 kB
MemFree:          121372 kB
Active:           351412 kB
Mem:          3.8G       3.7G       118M       5.7M        28M       3.2G

MemTotal:        4016004 kB
MemFree:          121372 kB
Active:           351392 kB
Mem:          3.8G       3.7G       118M       5.7M        28M       3.2G

MemTotal:        4016004 kB
MemFree:          121248 kB
Active:           351400 kB
Mem:          3.8G       3.7G       118M       5.7M        28M       3.2G

MemTotal:        4016004 kB
MemFree:          121372 kB
Active:           351404 kB
Mem:          3.8G       3.7G       118M       5.7M        28M       3.2G

MemTotal:        4016004 kB
MemFree:          121620 kB
Active:           351408 kB
Mem:          3.8G       3.7G       118M       5.7M        28M       3.2G

MemTotal:        4016004 kB
MemFree:          121744 kB
Active:           351412 kB
Mem:          3.8G       3.7G       118M       5.7M        28M       3.2G

MemTotal:        4016004 kB
MemFree:          121884 kB
Active:           351416 kB
Mem:          3.8G       3.7G       118M       5.7M        28M       3.2G

MemTotal:        4016004 kB
MemFree:          121388 kB
Active:           351436 kB
Mem:          3.8G       3.7G       118M       5.7M        28M       3.2G

MemTotal:        4016004 kB
MemFree:          121636 kB
Active:           351396 kB
Mem:          3.8G       3.7G       118M       5.7M        28M       3.2G

MemTotal:        4016004 kB
MemFree:          121760 kB
Active:           351396 kB
Mem:          3.8G       3.7G       118M       5.7M        28M       3.2G

MemTotal:        4016004 kB
MemFree:          121264 kB
Active:           351444 kB
Mem:          3.8G       3.7G       118M       5.7M        28M       3.2G

MemTotal:        4016004 kB
MemFree:          121388 kB
Active:           351420 kB
Mem:          3.8G       3.7G       118M       5.7M        28M       3.2G

MemTotal:        4016004 kB
MemFree:          121140 kB
Active:           351444 kB
Mem:          3.8G       3.7G       118M       5.7M        28M       3.2G

MemTotal:        4016004 kB
MemFree:          121512 kB
Active:           351392 kB
Mem:          3.8G       3.7G       118M       5.7M        28M       3.2G

MemTotal:        4016004 kB
MemFree:          121388 kB
Active:           351408 kB
Mem:          3.8G       3.7G       118M       5.7M        28M       3.2G

MemTotal:        4016004 kB
MemFree:          121512 kB
Active:           351400 kB
Mem:          3.8G       3.7G       118M       5.7M        28M       3.2G

MemTotal:        4016004 kB
MemFree:          121140 kB
Active:           351448 kB
Mem:          3.8G       3.7G       118M       5.7M        28M       3.2G

MemTotal:        4016004 kB
MemFree:          121140 kB
Active:           351400 kB
Mem:          3.8G       3.7G       118M       5.7M        28M       3.2G

MemTotal:        4016004 kB
MemFree:          121512 kB
Active:           351408 kB
Mem:          3.8G       3.7G       118M       5.7M        28M       3.2G

MemTotal:        4016004 kB
MemFree:          121264 kB
Active:           351444 kB
Mem:          3.8G       3.7G       118M       5.7M        28M       3.2G

MemTotal:        4016004 kB
MemFree:          121264 kB
Active:           351440 kB
Mem:          3.8G       3.7G       118M       5.7M        28M       3.2G

MemTotal:        4016004 kB
MemFree:          121512 kB
Active:           351456 kB
Mem:          3.8G       3.7G       118M       5.7M        28M       3.2G

MemTotal:        4016004 kB
MemFree:          121652 kB
Active:           351468 kB
Mem:          3.8G       3.7G       118M       5.7M        28M       3.2G

MemTotal:        4016004 kB
MemFree:          121280 kB
Active:           351472 kB
Mem:          3.8G       3.7G       118M       5.7M        28M       3.2G

MemTotal:        4016004 kB
MemFree:          121404 kB
Active:           351472 kB
Mem:          3.8G       3.7G       118M       5.7M        28M       3.2G

MemTotal:        4016004 kB
MemFree:          121404 kB
Active:           351448 kB
Mem:          3.8G       3.7G       118M       5.7M        28M       3.2G

MemTotal:        4016004 kB
MemFree:          121264 kB
Active:           351596 kB
Mem:          3.8G       3.7G       118M       5.7M        28M       3.2G

MemTotal:        4016004 kB
MemFree:          121636 kB
Active:           351544 kB
Mem:          3.8G       3.7G       118M       5.7M        28M       3.2G

MemTotal:        4016004 kB
MemFree:          121636 kB
Active:           351584 kB
Mem:          3.8G       3.7G       118M       5.7M        28M       3.2G

MemTotal:        4016004 kB
MemFree:          121496 kB
Active:           351608 kB
Mem:          3.8G       3.7G       118M       5.7M        28M       3.2G

MemTotal:        4016004 kB
MemFree:          121264 kB
Active:           351648 kB
Mem:          3.8G       3.7G       118M       5.7M        28M       3.2G

MemTotal:        4016004 kB
MemFree:          121264 kB
Active:           351628 kB
Mem:          3.8G       3.7G       118M       5.7M        28M       3.2G

