MemTotal:        4016004 kB
MemFree:         3235188 kB
Active:           424356 kB
Mem:          3.8G       762M       3.1G       5.7M        55M       317M

MemTotal:        4016004 kB
MemFree:         3234664 kB
Active:           425224 kB
Mem:          3.8G       763M       3.1G       5.7M        55M       318M

MemTotal:        4016004 kB
MemFree:         3234292 kB
Active:           425324 kB
Mem:          3.8G       763M       3.1G       5.7M        55M       318M

MemTotal:        4016004 kB
MemFree:         3234772 kB
Active:           425356 kB
Mem:          3.8G       762M       3.1G       5.7M        55M       318M

MemTotal:        4016004 kB
MemFree:         3234136 kB
Active:           425368 kB
Mem:          3.8G       763M       3.1G       5.7M        55M       318M

MemTotal:        4016004 kB
MemFree:         3233948 kB
Active:           423352 kB
Mem:          3.8G       763M       3.1G       5.7M        55M       318M

MemTotal:        4016004 kB
MemFree:         3233948 kB
Active:           425352 kB
Mem:          3.8G       763M       3.1G       5.7M        55M       318M

MemTotal:        4016004 kB
MemFree:         3234072 kB
Active:           425372 kB
Mem:          3.8G       763M       3.1G       5.7M        55M       318M

MemTotal:        4016004 kB
MemFree:         3234072 kB
Active:           425352 kB
Mem:          3.8G       763M       3.1G       5.7M        55M       318M

MemTotal:        4016004 kB
MemFree:         3234196 kB
Active:           425364 kB
Mem:          3.8G       763M       3.1G       5.7M        55M       318M

MemTotal:        4016004 kB
MemFree:         3233560 kB
Active:           425376 kB
Mem:          3.8G       763M       3.1G       5.7M        55M       318M

MemTotal:        4016004 kB
MemFree:         3233560 kB
Active:           425380 kB
Mem:          3.8G       763M       3.1G       5.7M        55M       318M

MemTotal:        4016004 kB
MemFree:         3233792 kB
Active:           425336 kB
Mem:          3.8G       763M       3.1G       5.7M        55M       318M

MemTotal:        4016004 kB
MemFree:         3233776 kB
Active:           425364 kB
Mem:          3.8G       763M       3.1G       5.7M        55M       318M

MemTotal:        4016004 kB
MemFree:         3233528 kB
Active:           425348 kB
Mem:          3.8G       764M       3.1G       5.7M        55M       318M

MemTotal:        4016004 kB
MemFree:         3233636 kB
Active:           425364 kB
Mem:          3.8G       764M       3.1G       5.7M        55M       318M

MemTotal:        4016004 kB
MemFree:         3233884 kB
Active:           425376 kB
Mem:          3.8G       763M       3.1G       5.7M        55M       318M

MemTotal:        4016004 kB
MemFree:         3233884 kB
Active:           425356 kB
Mem:          3.8G       763M       3.1G       5.7M        55M       318M

MemTotal:        4016004 kB
MemFree:         3234132 kB
Active:           425372 kB
Mem:          3.8G       763M       3.1G       5.7M        55M       318M

MemTotal:        4016004 kB
MemFree:         3234116 kB
Active:           425348 kB
Mem:          3.8G       763M       3.1G       5.7M        55M       318M

MemTotal:        4016004 kB
MemFree:         3234116 kB
Active:           425360 kB
Mem:          3.8G       763M       3.1G       5.7M        55M       318M

MemTotal:        4016004 kB
MemFree:         3234116 kB
Active:           425388 kB
Mem:          3.8G       763M       3.1G       5.7M        55M       318M

MemTotal:        4016004 kB
MemFree:         3233868 kB
Active:           425356 kB
Mem:          3.8G       763M       3.1G       5.7M        55M       318M

MemTotal:        4016004 kB
MemFree:         3234116 kB
Active:           425380 kB
Mem:          3.8G       763M       3.1G       5.7M        55M       318M

MemTotal:        4016004 kB
MemFree:         3234116 kB
Active:           425392 kB
Mem:          3.8G       763M       3.1G       5.7M        55M       318M

MemTotal:        4016004 kB
MemFree:         3234488 kB
Active:           423440 kB
Mem:          3.8G       763M       3.1G       5.7M        55M       318M

MemTotal:        4016004 kB
MemFree:         3235044 kB
Active:           425396 kB
Mem:          3.8G       762M       3.1G       5.7M        55M       318M

MemTotal:        4016004 kB
MemFree:         3235168 kB
Active:           425380 kB
Mem:          3.8G       762M       3.1G       5.7M        55M       318M

MemTotal:        4016004 kB
MemFree:         3234796 kB
Active:           425364 kB
Mem:          3.8G       763M       3.1G       5.7M        55M       318M

MemTotal:        4016004 kB
MemFree:         3234920 kB
Active:           425384 kB
Mem:          3.8G       762M       3.1G       5.7M        55M       318M

MemTotal:        4016004 kB
MemFree:         3234920 kB
Active:           425400 kB
Mem:          3.8G       762M       3.1G       5.7M        55M       318M

MemTotal:        4016004 kB
MemFree:         3234952 kB
Active:           425372 kB
Mem:          3.8G       762M       3.1G       5.7M        55M       318M

MemTotal:        4016004 kB
MemFree:         3234456 kB
Active:           425412 kB
Mem:          3.8G       763M       3.1G       5.7M        55M       318M

MemTotal:        4016004 kB
MemFree:         3234332 kB
Active:           425392 kB
Mem:          3.8G       763M       3.1G       5.7M        55M       318M

MemTotal:        4016004 kB
MemFree:         3234084 kB
Active:           425416 kB
Mem:          3.8G       763M       3.1G       5.7M        55M       318M

MemTotal:        4016004 kB
MemFree:         3233836 kB
Active:           425420 kB
Mem:          3.8G       763M       3.1G       5.7M        55M       318M

MemTotal:        4016004 kB
MemFree:         3233588 kB
Active:           425424 kB
Mem:          3.8G       763M       3.1G       5.7M        55M       318M

MemTotal:        4016004 kB
MemFree:         3233960 kB
Active:           425400 kB
Mem:          3.8G       763M       3.1G       5.7M        55M       318M

MemTotal:        4016004 kB
MemFree:         3233960 kB
Active:           425368 kB
Mem:          3.8G       763M       3.1G       5.7M        55M       318M

MemTotal:        4016004 kB
MemFree:         3233588 kB
Active:           425424 kB
Mem:          3.8G       763M       3.1G       5.7M        55M       318M

MemTotal:        4016004 kB
MemFree:         3234332 kB
Active:           425420 kB
Mem:          3.8G       763M       3.1G       5.7M        55M       318M

MemTotal:        4016004 kB
MemFree:         3233712 kB
Active:           425436 kB
Mem:          3.8G       763M       3.1G       5.7M        55M       318M

MemTotal:        4016004 kB
MemFree:         3234208 kB
Active:           425432 kB
Mem:          3.8G       763M       3.1G       5.7M        55M       318M

MemTotal:        4016004 kB
MemFree:         3234580 kB
Active:           425400 kB
Mem:          3.8G       763M       3.1G       5.7M        55M       318M

MemTotal:        4016004 kB
MemFree:         3234580 kB
Active:           425404 kB
Mem:          3.8G       763M       3.1G       5.7M        55M       318M

MemTotal:        4016004 kB
MemFree:         3234208 kB
Active:           425428 kB
Mem:          3.8G       763M       3.1G       5.7M        55M       318M

MemTotal:        4016004 kB
MemFree:         3233960 kB
Active:           425400 kB
Mem:          3.8G       763M       3.1G       5.7M        55M       318M

MemTotal:        4016004 kB
MemFree:         3233960 kB
Active:           425412 kB
Mem:          3.8G       763M       3.1G       5.7M        55M       318M

MemTotal:        4016004 kB
MemFree:         3233744 kB
Active:           425428 kB
Mem:          3.8G       763M       3.1G       5.7M        55M       318M

MemTotal:        4016004 kB
MemFree:         3233620 kB
Active:           425456 kB
Mem:          3.8G       764M       3.1G       5.7M        55M       318M

MemTotal:        4016004 kB
MemFree:         3233744 kB
Active:           425432 kB
Mem:          3.8G       763M       3.1G       5.7M        55M       318M

MemTotal:        4016004 kB
MemFree:         3234240 kB
Active:           425412 kB
Mem:          3.8G       763M       3.1G       5.7M        55M       318M

MemTotal:        4016004 kB
MemFree:         3233744 kB
Active:           425472 kB
Mem:          3.8G       763M       3.1G       5.7M        55M       318M

MemTotal:        4016004 kB
MemFree:         3234116 kB
Active:           425444 kB
Mem:          3.8G       763M       3.1G       5.7M        55M       318M

MemTotal:        4016004 kB
MemFree:         3233992 kB
Active:           425420 kB
Mem:          3.8G       763M       3.1G       5.7M        55M       318M

MemTotal:        4016004 kB
MemFree:         3231652 kB
Active:           425472 kB
Mem:          3.8G       765M       3.1G       5.7M        55M       318M

MemTotal:        4016004 kB
MemFree:         3231528 kB
Active:           427452 kB
Mem:          3.8G       766M       3.1G       5.7M        55M       318M

MemTotal:        4016004 kB
MemFree:         3231652 kB
Active:           427472 kB
Mem:          3.8G       765M       3.1G       5.7M        55M       318M

MemTotal:        4016004 kB
MemFree:         3231900 kB
Active:           427460 kB
Mem:          3.8G       765M       3.1G       5.7M        55M       318M

MemTotal:        4016004 kB
MemFree:         3231900 kB
Active:           427452 kB
Mem:          3.8G       765M       3.1G       5.7M        55M       318M

MemTotal:        4016004 kB
MemFree:         3232148 kB
Active:           427472 kB
Mem:          3.8G       765M       3.1G       5.7M        55M       318M

MemTotal:        4016004 kB
MemFree:         3232024 kB
Active:           427500 kB
Mem:          3.8G       765M       3.1G       5.7M        55M       318M

MemTotal:        4016004 kB
MemFree:         3232024 kB
Active:           427460 kB
Mem:          3.8G       765M       3.1G       5.7M        55M       318M

MemTotal:        4016004 kB
MemFree:         3231512 kB
Active:           427508 kB
Mem:          3.8G       765M       3.1G       5.7M        55M       318M

MemTotal:        4016004 kB
MemFree:         3231760 kB
Active:           427484 kB
Mem:          3.8G       766M       3.1G       5.7M        55M       318M

MemTotal:        4016004 kB
MemFree:         3231772 kB
Active:           425620 kB
Mem:          3.8G       765M       3.1G       5.7M        55M       318M

MemTotal:        4016004 kB
MemFree:         3232156 kB
Active:           427612 kB
Mem:          3.8G       765M       3.1G       5.7M        55M       318M

MemTotal:        4016004 kB
MemFree:         3231536 kB
Active:           427620 kB
Mem:          3.8G       765M       3.1G       5.7M        55M       318M

MemTotal:        4016004 kB
MemFree:         3232156 kB
Active:           427580 kB
Mem:          3.8G       765M       3.1G       5.7M        55M       318M

MemTotal:        4016004 kB
MemFree:         3232404 kB
Active:           427604 kB
Mem:          3.8G       765M       3.1G       5.7M        55M       318M

MemTotal:        4016004 kB
MemFree:         3232032 kB
Active:           427588 kB
Mem:          3.8G       765M       3.1G       5.7M        55M       318M

MemTotal:        4016004 kB
MemFree:         3232280 kB
Active:           427576 kB
Mem:          3.8G       765M       3.1G       5.7M        55M       318M

MemTotal:        4016004 kB
MemFree:         3231288 kB
Active:           427592 kB
Mem:          3.8G       766M       3.1G       5.7M        55M       318M

MemTotal:        4016004 kB
MemFree:         3231412 kB
Active:           427568 kB
Mem:          3.8G       766M       3.1G       5.7M        55M       318M

MemTotal:        4016004 kB
MemFree:         3231288 kB
Active:           427568 kB
Mem:          3.8G       766M       3.1G       5.7M        55M       318M

MemTotal:        4016004 kB
MemFree:         3231248 kB
Active:           425716 kB
Mem:          3.8G       766M       3.1G       5.7M        55M       318M

MemTotal:        4016004 kB
MemFree:         3231400 kB
Active:           427668 kB
Mem:          3.8G       766M       3.1G       5.7M        55M       318M

MemTotal:        4016004 kB
MemFree:         3231276 kB
Active:           427676 kB
Mem:          3.8G       766M       3.1G       5.7M        55M       318M

MemTotal:        4016004 kB
MemFree:         3231524 kB
Active:           427656 kB
Mem:          3.8G       766M       3.1G       5.7M        55M       318M

MemTotal:        4016004 kB
MemFree:         3231244 kB
Active:           427668 kB
Mem:          3.8G       766M       3.1G       5.7M        55M       318M

MemTotal:        4016004 kB
MemFree:         3231244 kB
Active:           427676 kB
Mem:          3.8G       766M       3.1G       5.7M        55M       318M

MemTotal:        4016004 kB
MemFree:         3231600 kB
Active:           427704 kB
Mem:          3.8G       766M       3.1G       5.7M        55M       318M

MemTotal:        4016004 kB
MemFree:         3231708 kB
Active:           427660 kB
Mem:          3.8G       766M       3.1G       5.7M        55M       318M

MemTotal:        4016004 kB
MemFree:         3231584 kB
Active:           427668 kB
Mem:          3.8G       766M       3.1G       5.7M        55M       318M

MemTotal:        4016004 kB
MemFree:         3230964 kB
Active:           427724 kB
Mem:          3.8G       766M       3.1G       5.7M        55M       318M

MemTotal:        4016004 kB
MemFree:         3229272 kB
Active:           427680 kB
Mem:          3.8G       768M       3.1G       5.7M        55M       318M

MemTotal:        4016004 kB
MemFree:         3229396 kB
Active:           429708 kB
Mem:          3.8G       768M       3.1G       5.7M        55M       318M

MemTotal:        4016004 kB
MemFree:         3229520 kB
Active:           429716 kB
Mem:          3.8G       767M       3.1G       5.7M        55M       318M

MemTotal:        4016004 kB
MemFree:         3230140 kB
Active:           429704 kB
Mem:          3.8G       767M       3.1G       5.7M        55M       318M

MemTotal:        4016004 kB
MemFree:         3230032 kB
Active:           429732 kB
Mem:          3.8G       767M       3.1G       5.7M        55M       318M

MemTotal:        4016004 kB
MemFree:         3229288 kB
Active:           429760 kB
Mem:          3.8G       767M       3.1G       5.7M        55M       318M

MemTotal:        4016004 kB
MemFree:         3229536 kB
Active:           429732 kB
Mem:          3.8G       768M       3.1G       5.7M        55M       318M

MemTotal:        4016004 kB
MemFree:         3229288 kB
Active:           429704 kB
Mem:          3.8G       768M       3.1G       5.7M        55M       318M

MemTotal:        4016004 kB
MemFree:         3229412 kB
Active:           429728 kB
Mem:          3.8G       768M       3.1G       5.7M        55M       318M

MemTotal:        4016004 kB
MemFree:         3229536 kB
Active:           429704 kB
Mem:          3.8G       768M       3.1G       5.7M        55M       318M

MemTotal:        4016004 kB
MemFree:         3229536 kB
Active:           429716 kB
Mem:          3.8G       767M       3.1G       5.7M        55M       318M

MemTotal:        4016004 kB
MemFree:         3229908 kB
Active:           429728 kB
Mem:          3.8G       767M       3.1G       5.7M        55M       318M

MemTotal:        4016004 kB
MemFree:         3229908 kB
Active:           429712 kB
Mem:          3.8G       767M       3.1G       5.7M        55M       318M

MemTotal:        4016004 kB
MemFree:         3230032 kB
Active:           429724 kB
Mem:          3.8G       767M       3.1G       5.7M        55M       318M

MemTotal:        4016004 kB
MemFree:         3230156 kB
Active:           429728 kB
Mem:          3.8G       767M       3.1G       5.7M        55M       318M

MemTotal:        4016004 kB
MemFree:         3229472 kB
Active:           430068 kB
Mem:          3.8G       768M       3.1G       5.7M        55M       318M

MemTotal:        4016004 kB
MemFree:         3187724 kB
Active:           430960 kB
Mem:          3.8G       809M       3.0G       5.7M        55M       358M

MemTotal:        4016004 kB
MemFree:         3141484 kB
Active:           430992 kB
Mem:          3.8G       854M       3.0G       5.7M        55M       403M

MemTotal:        4016004 kB
MemFree:         3097244 kB
Active:           431012 kB
Mem:          3.8G       897M       3.0G       5.7M        55M       445M

MemTotal:        4016004 kB
MemFree:         3050384 kB
Active:           431044 kB
Mem:          3.8G       943M       2.9G       5.7M        55M       490M

MemTotal:        4016004 kB
MemFree:         3006252 kB
Active:           431068 kB
Mem:          3.8G       986M       2.9G       5.7M        55M       532M

MemTotal:        4016004 kB
MemFree:         2959872 kB
Active:           431084 kB
Mem:          3.8G       1.0G       2.8G       5.7M        55M       577M

MemTotal:        4016004 kB
MemFree:         2915740 kB
Active:           431116 kB
Mem:          3.8G       1.0G       2.8G       5.7M        55M       619M

MemTotal:        4016004 kB
MemFree:         2869756 kB
Active:           431136 kB
Mem:          3.8G       1.1G       2.7G       5.7M        55M       663M

MemTotal:        4016004 kB
MemFree:         2825044 kB
Active:           431176 kB
Mem:          3.8G       1.1G       2.7G       5.7M        55M       706M

MemTotal:        4016004 kB
MemFree:         2779084 kB
Active:           431204 kB
Mem:          3.8G       1.2G       2.6G       5.7M        55M       751M

MemTotal:        4016004 kB
MemFree:         2734816 kB
Active:           431228 kB
Mem:          3.8G       1.2G       2.6G       5.7M        55M       793M

MemTotal:        4016004 kB
MemFree:         2688424 kB
Active:           431256 kB
Mem:          3.8G       1.3G       2.6G       5.7M        55M       838M

MemTotal:        4016004 kB
MemFree:         2644044 kB
Active:           431284 kB
Mem:          3.8G       1.3G       2.5G       5.7M        55M       880M

MemTotal:        4016004 kB
MemFree:         2597944 kB
Active:           431304 kB
Mem:          3.8G       1.4G       2.5G       5.7M        55M       925M

MemTotal:        4016004 kB
MemFree:         2552020 kB
Active:           433400 kB
Mem:          3.8G       1.4G       2.4G       5.7M        55M       967M

MemTotal:        4016004 kB
MemFree:         2508012 kB
Active:           433380 kB
Mem:          3.8G       1.4G       2.4G       5.7M        55M       1.0G

MemTotal:        4016004 kB
MemFree:         2468936 kB
Active:           433424 kB
Mem:          3.8G       1.5G       2.4G       5.7M        56M       1.0G

MemTotal:        4016004 kB
MemFree:         2422296 kB
Active:           433448 kB
Mem:          3.8G       1.5G       2.3G       5.7M        56M       1.1G

MemTotal:        4016004 kB
MemFree:         2377508 kB
Active:           433488 kB
Mem:          3.8G       1.6G       2.3G       5.7M        56M       1.1G

MemTotal:        4016004 kB
MemFree:         2332052 kB
Active:           433508 kB
Mem:          3.8G       1.6G       2.2G       5.7M        56M       1.2G

MemTotal:        4016004 kB
MemFree:         2287440 kB
Active:           433528 kB
Mem:          3.8G       1.6G       2.2G       5.7M        56M       1.2G

MemTotal:        4016004 kB
MemFree:         2241588 kB
Active:           433560 kB
Mem:          3.8G       1.7G       2.1G       5.7M        56M       1.2G

MemTotal:        4016004 kB
MemFree:         2196836 kB
Active:           433584 kB
Mem:          3.8G       1.7G       2.1G       5.7M        56M       1.3G

MemTotal:        4016004 kB
MemFree:         2151340 kB
Active:           433608 kB
Mem:          3.8G       1.8G       2.1G       5.7M        56M       1.3G

MemTotal:        4016004 kB
MemFree:         2106728 kB
Active:           433640 kB
Mem:          3.8G       1.8G       2.0G       5.7M        56M       1.4G

MemTotal:        4016004 kB
MemFree:         2061660 kB
Active:           433676 kB
Mem:          3.8G       1.9G       2.0G       5.7M        56M       1.4G

MemTotal:        4016004 kB
MemFree:         2053880 kB
Active:           433700 kB
Mem:          3.8G       1.9G       2.0G       5.7M        56M       1.4G

MemTotal:        4016004 kB
MemFree:         2018412 kB
Active:           433712 kB
Mem:          3.8G       1.9G       1.9G       5.7M        56M       1.4G

MemTotal:        4016004 kB
MemFree:         1973040 kB
Active:           433732 kB
Mem:          3.8G       1.9G       1.9G       5.7M        56M       1.5G

MemTotal:        4016004 kB
MemFree:         1927560 kB
Active:           433756 kB
Mem:          3.8G       2.0G       1.8G       5.7M        56M       1.5G

MemTotal:        4016004 kB
MemFree:         1883244 kB
Active:           433776 kB
Mem:          3.8G       2.0G       1.8G       5.7M        56M       1.6G

MemTotal:        4016004 kB
MemFree:         1858492 kB
Active:           433792 kB
Mem:          3.8G       2.1G       1.8G       5.7M        56M       1.6G

MemTotal:        4016004 kB
MemFree:         1813916 kB
Active:           433820 kB
Mem:          3.8G       2.1G       1.7G       5.7M        56M       1.6G

MemTotal:        4016004 kB
MemFree:         1768044 kB
Active:           433808 kB
Mem:          3.8G       2.1G       1.7G       5.7M        56M       1.7G

MemTotal:        4016004 kB
MemFree:         1722628 kB
Active:           433880 kB
Mem:          3.8G       2.2G       1.6G       5.7M        56M       1.7G

MemTotal:        4016004 kB
MemFree:         1677664 kB
Active:           433908 kB
Mem:          3.8G       2.2G       1.6G       5.7M        56M       1.8G

MemTotal:        4016004 kB
MemFree:         1632060 kB
Active:           433928 kB
Mem:          3.8G       2.3G       1.6G       5.7M        56M       1.8G

MemTotal:        4016004 kB
MemFree:         1587324 kB
Active:           433960 kB
Mem:          3.8G       2.3G       1.5G       5.7M        56M       1.9G

MemTotal:        4016004 kB
MemFree:         1541596 kB
Active:           433976 kB
Mem:          3.8G       2.4G       1.5G       5.7M        56M       1.9G

MemTotal:        4016004 kB
MemFree:         1496844 kB
Active:           434004 kB
Mem:          3.8G       2.4G       1.4G       5.7M        56M       1.9G

MemTotal:        4016004 kB
MemFree:         1450852 kB
Active:           434028 kB
Mem:          3.8G       2.4G       1.4G       5.7M        56M       2.0G

MemTotal:        4016004 kB
MemFree:         1423712 kB
Active:           434048 kB
Mem:          3.8G       2.5G       1.4G       5.7M        56M       2.0G

MemTotal:        4016004 kB
MemFree:         1394292 kB
Active:           434032 kB
Mem:          3.8G       2.5G       1.3G       5.7M        56M       2.0G

MemTotal:        4016004 kB
MemFree:         1349184 kB
Active:           434092 kB
Mem:          3.8G       2.5G       1.3G       5.7M        56M       2.1G

MemTotal:        4016004 kB
MemFree:         1304700 kB
Active:           434120 kB
Mem:          3.8G       2.6G       1.2G       5.7M        56M       2.1G

MemTotal:        4016004 kB
MemFree:         1258316 kB
Active:           434148 kB
Mem:          3.8G       2.6G       1.2G       5.7M        56M       2.2G

MemTotal:        4016004 kB
MemFree:         1213832 kB
Active:           434180 kB
Mem:          3.8G       2.7G       1.2G       5.7M        56M       2.2G

MemTotal:        4016004 kB
MemFree:         1169504 kB
Active:           434200 kB
Mem:          3.8G       2.7G       1.1G       5.7M        56M       2.2G

MemTotal:        4016004 kB
MemFree:         1123704 kB
Active:           434220 kB
Mem:          3.8G       2.8G       1.1G       5.7M        56M       2.3G

MemTotal:        4016004 kB
MemFree:         1078648 kB
Active:           434252 kB
Mem:          3.8G       2.8G       1.0G       5.7M        56M       2.3G

MemTotal:        4016004 kB
MemFree:         1033512 kB
Active:           434276 kB
Mem:          3.8G       2.8G       1.0G       5.7M        56M       2.4G

MemTotal:        4016004 kB
MemFree:          989024 kB
Active:           434304 kB
Mem:          3.8G       2.9G       964M       5.7M        56M       2.4G

MemTotal:        4016004 kB
MemFree:          942304 kB
Active:           434328 kB
Mem:          3.8G       2.9G       919M       5.7M        56M       2.5G

MemTotal:        4016004 kB
MemFree:          898560 kB
Active:           434360 kB
Mem:          3.8G       3.0G       877M       5.7M        56M       2.5G

MemTotal:        4016004 kB
MemFree:          852164 kB
Active:           434400 kB
Mem:          3.8G       3.0G       831M       5.7M        56M       2.5G

MemTotal:        4016004 kB
MemFree:          807804 kB
Active:           434424 kB
Mem:          3.8G       3.1G       788M       5.7M        56M       2.6G

MemTotal:        4016004 kB
MemFree:          761812 kB
Active:           434440 kB
Mem:          3.8G       3.1G       743M       5.7M        56M       2.6G

MemTotal:        4016004 kB
MemFree:          717512 kB
Active:           434488 kB
Mem:          3.8G       3.1G       700M       5.7M        56M       2.7G

MemTotal:        4016004 kB
MemFree:          671176 kB
Active:           434524 kB
Mem:          3.8G       3.2G       654M       5.7M        56M       2.7G

MemTotal:        4016004 kB
MemFree:          626700 kB
Active:           434548 kB
Mem:          3.8G       3.2G       611M       5.7M        56M       2.8G

MemTotal:        4016004 kB
MemFree:          581156 kB
Active:           434568 kB
Mem:          3.8G       3.3G       567M       5.7M        56M       2.8G

MemTotal:        4016004 kB
MemFree:          543200 kB
Active:           434588 kB
Mem:          3.8G       3.3G       529M       5.7M        57M       2.8G

MemTotal:        4016004 kB
MemFree:          503428 kB
Active:           434616 kB
Mem:          3.8G       3.4G       490M       5.7M        57M       2.9G

MemTotal:        4016004 kB
MemFree:          458072 kB
Active:           434640 kB
Mem:          3.8G       3.4G       445M       5.7M        57M       2.9G

MemTotal:        4016004 kB
MemFree:          412652 kB
Active:           434760 kB
Mem:          3.8G       3.4G       402M       5.7M        57M       3.0G

MemTotal:        4016004 kB
MemFree:          367328 kB
Active:           434684 kB
Mem:          3.8G       3.5G       357M       5.7M        57M       3.0G

MemTotal:        4016004 kB
MemFree:          330460 kB
Active:           434708 kB
Mem:          3.8G       3.5G       322M       5.7M        57M       3.0G

MemTotal:        4016004 kB
MemFree:          290116 kB
Active:           434740 kB
Mem:          3.8G       3.6G       282M       5.7M        57M       3.1G

MemTotal:        4016004 kB
MemFree:          243676 kB
Active:           434764 kB
Mem:          3.8G       3.6G       237M       5.7M        57M       3.1G

MemTotal:        4016004 kB
MemFree:          199576 kB
Active:           434788 kB
Mem:          3.8G       3.6G       193M       5.7M        57M       3.2G

MemTotal:        4016004 kB
MemFree:          154332 kB
Active:           434816 kB
Mem:          3.8G       3.7G       149M       5.7M        57M       3.2G

MemTotal:        4016004 kB
MemFree:          107900 kB
Active:           434836 kB
Mem:          3.8G       3.7G       105M       5.7M        57M       3.2G

MemTotal:        4016004 kB
MemFree:          117060 kB
Active:           440956 kB
Mem:          3.8G       3.7G       121M       5.7M        22M       3.3G

MemTotal:        4016004 kB
MemFree:          134004 kB
Active:           492156 kB
Mem:          3.8G       3.7G       130M       5.7M        22M       3.2G

MemTotal:        4016004 kB
MemFree:          126888 kB
Active:           488556 kB
Mem:          3.8G       3.7G       122M       5.7M        22M       3.3G

MemTotal:        4016004 kB
MemFree:          135348 kB
Active:           483588 kB
Mem:          3.8G       3.7G       131M       5.7M        22M       3.2G

MemTotal:        4016004 kB
MemFree:          126960 kB
Active:           479984 kB
Mem:          3.8G       3.7G       122M       5.7M        22M       3.3G

MemTotal:        4016004 kB
MemFree:          112632 kB
Active:           476936 kB
Mem:          3.8G       3.7G       108M       5.7M        22M       3.3G

MemTotal:        4016004 kB
MemFree:          116720 kB
Active:           472872 kB
Mem:          3.8G       3.7G       113M       5.7M        22M       3.3G

MemTotal:        4016004 kB
MemFree:          107204 kB
Active:           469436 kB
Mem:          3.8G       3.7G       103M       5.7M        22M       3.3G

MemTotal:        4016004 kB
MemFree:          116392 kB
Active:           463324 kB
Mem:          3.8G       3.7G       113M       5.7M        22M       3.3G

MemTotal:        4016004 kB
MemFree:          120200 kB
Active:           458360 kB
Mem:          3.8G       3.7G       115M       5.7M        22M       3.3G

MemTotal:        4016004 kB
MemFree:          123268 kB
Active:           454552 kB
Mem:          3.8G       3.7G       119M       5.7M        22M       3.3G

MemTotal:        4016004 kB
MemFree:          114200 kB
Active:           451120 kB
Mem:          3.8G       3.7G       110M       5.7M        22M       3.3G

MemTotal:        4016004 kB
MemFree:          105476 kB
Active:           447680 kB
Mem:          3.8G       3.7G       102M       5.7M        22M       3.3G

MemTotal:        4016004 kB
MemFree:          107944 kB
Active:           441312 kB
Mem:          3.8G       3.7G       105M       5.7M        22M       3.3G

MemTotal:        4016004 kB
MemFree:          106748 kB
Active:           440052 kB
Mem:          3.8G       3.7G       103M       5.7M        22M       3.3G

MemTotal:        4016004 kB
MemFree:          133296 kB
Active:           437768 kB
Mem:          3.8G       3.7G       129M       5.7M        22M       3.2G

MemTotal:        4016004 kB
MemFree:          106052 kB
Active:           436896 kB
Mem:          3.8G       3.7G       102M       5.7M        22M       3.3G

MemTotal:        4016004 kB
MemFree:          109304 kB
Active:           435256 kB
Mem:          3.8G       3.7G       105M       5.7M        22M       3.3G

MemTotal:        4016004 kB
MemFree:          111696 kB
Active:           434120 kB
Mem:          3.8G       3.7G       108M       5.7M        22M       3.3G

MemTotal:        4016004 kB
MemFree:          126376 kB
Active:           432500 kB
Mem:          3.8G       3.7G       123M       5.7M        22M       3.3G

MemTotal:        4016004 kB
MemFree:          105360 kB
Active:           429148 kB
Mem:          3.8G       3.7G       110M       5.7M        22M       3.3G

MemTotal:        4016004 kB
MemFree:          123480 kB
Active:           428636 kB
Mem:          3.8G       3.7G       120M       5.7M        22M       3.3G

MemTotal:        4016004 kB
MemFree:          116256 kB
Active:           427504 kB
Mem:          3.8G       3.7G       112M       5.7M        22M       3.3G

MemTotal:        4016004 kB
MemFree:          118524 kB
Active:           424260 kB
Mem:          3.8G       3.7G       115M       5.7M        22M       3.3G

MemTotal:        4016004 kB
MemFree:          116156 kB
Active:           424312 kB
Mem:          3.8G       3.7G       113M       5.7M        22M       3.3G

MemTotal:        4016004 kB
MemFree:          107580 kB
Active:           423408 kB
Mem:          3.8G       3.7G       104M       5.7M        22M       3.3G

MemTotal:        4016004 kB
MemFree:          127856 kB
Active:           421308 kB
Mem:          3.8G       3.7G       124M       5.7M        22M       3.3G

MemTotal:        4016004 kB
MemFree:          133168 kB
Active:           419180 kB
Mem:          3.8G       3.7G       130M       5.7M        22M       3.2G

MemTotal:        4016004 kB
MemFree:          137092 kB
Active:           418080 kB
Mem:          3.8G       3.7G       133M       5.7M        23M       3.2G

MemTotal:        4016004 kB
MemFree:          140188 kB
Active:           416672 kB
Mem:          3.8G       3.7G       136M       5.7M        23M       3.2G

MemTotal:        4016004 kB
MemFree:          142896 kB
Active:           415528 kB
Mem:          3.8G       3.7G       143M       5.7M        23M       3.2G

MemTotal:        4016004 kB
MemFree:          125672 kB
Active:           412864 kB
Mem:          3.8G       3.7G       122M       5.7M        24M       3.3G

MemTotal:        4016004 kB
MemFree:          110820 kB
Active:           411984 kB
Mem:          3.8G       3.7G       106M       5.7M        24M       3.3G

MemTotal:        4016004 kB
MemFree:          127760 kB
Active:           414812 kB
Mem:          3.8G       3.7G       122M       5.7M        28M       3.2G

MemTotal:        4016004 kB
MemFree:          125072 kB
Active:           413864 kB
Mem:          3.8G       3.7G       121M       5.7M        28M       3.2G

MemTotal:        4016004 kB
MemFree:          128708 kB
Active:           412864 kB
Mem:          3.8G       3.7G       125M       5.7M        28M       3.2G

MemTotal:        4016004 kB
MemFree:          132332 kB
Active:           411456 kB
Mem:          3.8G       3.7G       128M       5.7M        28M       3.2G

MemTotal:        4016004 kB
MemFree:          142408 kB
Active:           410180 kB
Mem:          3.8G       3.7G       138M       5.7M        28M       3.2G

MemTotal:        4016004 kB
MemFree:          106288 kB
Active:           410196 kB
Mem:          3.8G       3.7G       103M       5.7M        28M       3.3G

MemTotal:        4016004 kB
MemFree:          108140 kB
Active:           408916 kB
Mem:          3.8G       3.7G       105M       5.7M        28M       3.3G

MemTotal:        4016004 kB
MemFree:          111564 kB
Active:           407636 kB
Mem:          3.8G       3.7G       107M       5.7M        28M       3.3G

MemTotal:        4016004 kB
MemFree:          118644 kB
Active:           405588 kB
Mem:          3.8G       3.7G       115M       5.7M        28M       3.3G

MemTotal:        4016004 kB
MemFree:          109372 kB
Active:           404436 kB
Mem:          3.8G       3.7G       106M       5.7M        28M       3.3G

MemTotal:        4016004 kB
MemFree:          126100 kB
Active:           402524 kB
Mem:          3.8G       3.7G       129M       5.7M        28M       3.2G

MemTotal:        4016004 kB
MemFree:          124980 kB
Active:           401128 kB
Mem:          3.8G       3.7G       121M       5.7M        28M       3.2G

MemTotal:        4016004 kB
MemFree:          127052 kB
Active:           397500 kB
Mem:          3.8G       3.7G       123M       5.7M        28M       3.2G

MemTotal:        4016004 kB
MemFree:          112024 kB
Active:           396352 kB
Mem:          3.8G       3.7G       108M       5.7M        28M       3.3G

MemTotal:        4016004 kB
MemFree:          124944 kB
Active:           394688 kB
Mem:          3.8G       3.7G       121M       5.7M        28M       3.2G

MemTotal:        4016004 kB
MemFree:          132652 kB
Active:           392524 kB
Mem:          3.8G       3.7G       128M       5.7M        28M       3.2G

MemTotal:        4016004 kB
MemFree:          127260 kB
Active:           391132 kB
Mem:          3.8G       3.7G       124M       5.7M        28M       3.2G

MemTotal:        4016004 kB
MemFree:          127944 kB
Active:           389084 kB
Mem:          3.8G       3.7G       124M       5.7M        28M       3.2G

MemTotal:        4016004 kB
MemFree:          129176 kB
Active:           387292 kB
Mem:          3.8G       3.7G       125M       5.7M        28M       3.2G

MemTotal:        4016004 kB
MemFree:          137640 kB
Active:           385372 kB
Mem:          3.8G       3.7G       133M       5.7M        28M       3.2G

MemTotal:        4016004 kB
MemFree:          133560 kB
Active:           383840 kB
Mem:          3.8G       3.7G       129M       5.7M        28M       3.2G

MemTotal:        4016004 kB
MemFree:          124552 kB
Active:           382820 kB
Mem:          3.8G       3.7G       120M       5.7M        28M       3.2G

MemTotal:        4016004 kB
MemFree:          130128 kB
Active:           381284 kB
Mem:          3.8G       3.7G       125M       5.7M        28M       3.2G

MemTotal:        4016004 kB
MemFree:          129748 kB
Active:           378324 kB
Mem:          3.8G       3.7G       126M       5.7M        28M       3.2G

MemTotal:        4016004 kB
MemFree:          120276 kB
Active:           378300 kB
Mem:          3.8G       3.7G       117M       5.7M        28M       3.3G

MemTotal:        4016004 kB
MemFree:          110040 kB
Active:           378344 kB
Mem:          3.8G       3.7G       107M       5.7M        28M       3.3G

MemTotal:        4016004 kB
MemFree:          125004 kB
Active:           378344 kB
Mem:          3.8G       3.7G       121M       5.7M        28M       3.2G

MemTotal:        4016004 kB
MemFree:          114292 kB
Active:           377804 kB
Mem:          3.8G       3.7G       111M       5.7M        28M       3.3G

MemTotal:        4016004 kB
MemFree:          127768 kB
Active:           379784 kB
Mem:          3.8G       3.7G       125M       5.7M        28M       3.2G

MemTotal:        4016004 kB
MemFree:          123968 kB
Active:           379808 kB
Mem:          3.8G       3.7G       120M       5.7M        28M       3.2G

MemTotal:        4016004 kB
MemFree:          115780 kB
Active:           379832 kB
Mem:          3.8G       3.7G       113M       5.7M        28M       3.3G

MemTotal:        4016004 kB
MemFree:          124592 kB
Active:           377084 kB
Mem:          3.8G       3.7G       121M       5.7M        28M       3.2G

MemTotal:        4016004 kB
MemFree:          126824 kB
Active:           376984 kB
Mem:          3.8G       3.7G       123M       5.7M        28M       3.2G

MemTotal:        4016004 kB
MemFree:          121424 kB
Active:           376984 kB
Mem:          3.8G       3.7G       118M       5.7M        28M       3.2G

MemTotal:        4016004 kB
MemFree:          124568 kB
Active:           376984 kB
Mem:          3.8G       3.7G       127M       5.7M        28M       3.2G

MemTotal:        4016004 kB
MemFree:          126216 kB
Active:           376992 kB
Mem:          3.8G       3.7G       123M       5.7M        28M       3.2G

MemTotal:        4016004 kB
MemFree:          124552 kB
Active:           376976 kB
Mem:          3.8G       3.7G       120M       5.7M        28M       3.2G

MemTotal:        4016004 kB
MemFree:          108660 kB
Active:           378600 kB
Mem:          3.8G       3.7G       105M       5.7M        28M       3.3G

MemTotal:        4016004 kB
MemFree:          123460 kB
Active:           376928 kB
Mem:          3.8G       3.7G       120M       5.7M        28M       3.2G

MemTotal:        4016004 kB
MemFree:          109348 kB
Active:           376932 kB
Mem:          3.8G       3.7G       106M       5.7M        28M       3.3G

MemTotal:        4016004 kB
MemFree:          129428 kB
Active:           376640 kB
Mem:          3.8G       3.7G       126M       5.7M        28M       3.2G

MemTotal:        4016004 kB
MemFree:          113472 kB
Active:           376628 kB
Mem:          3.8G       3.7G       110M       5.7M        28M       3.3G

MemTotal:        4016004 kB
MemFree:          128220 kB
Active:           376648 kB
Mem:          3.8G       3.7G       125M       5.7M        28M       3.2G

MemTotal:        4016004 kB
MemFree:          124876 kB
Active:           376656 kB
Mem:          3.8G       3.7G       121M       5.7M        28M       3.2G

MemTotal:        4016004 kB
MemFree:          130604 kB
Active:           376592 kB
Mem:          3.8G       3.7G       136M       5.7M        28M       3.2G

MemTotal:        4016004 kB
MemFree:          131868 kB
Active:           376592 kB
Mem:          3.8G       3.7G       128M       5.7M        28M       3.2G

MemTotal:        4016004 kB
MemFree:          131748 kB
Active:           376564 kB
Mem:          3.8G       3.7G       129M       5.7M        28M       3.2G

MemTotal:        4016004 kB
MemFree:          124168 kB
Active:           376304 kB
Mem:          3.8G       3.7G       121M       5.7M        28M       3.2G

MemTotal:        4016004 kB
MemFree:          126184 kB
Active:           376304 kB
Mem:          3.8G       3.7G       122M       5.7M        28M       3.2G

MemTotal:        4016004 kB
MemFree:          134336 kB
Active:           376304 kB
Mem:          3.8G       3.7G       130M       5.7M        28M       3.2G

MemTotal:        4016004 kB
MemFree:          124940 kB
Active:           376316 kB
Mem:          3.8G       3.7G       121M       5.7M        28M       3.2G

MemTotal:        4016004 kB
MemFree:          108452 kB
Active:           376316 kB
Mem:          3.8G       3.7G       105M       5.7M        28M       3.3G

MemTotal:        4016004 kB
MemFree:          128824 kB
Active:           375624 kB
Mem:          3.8G       3.7G       125M       5.7M        28M       3.2G

MemTotal:        4016004 kB
MemFree:          112340 kB
Active:           375492 kB
Mem:          3.8G       3.7G       109M       5.7M        28M       3.3G

MemTotal:        4016004 kB
MemFree:          126456 kB
Active:           375496 kB
Mem:          3.8G       3.7G       123M       5.7M        28M       3.2G

MemTotal:        4016004 kB
MemFree:          128356 kB
Active:           375516 kB
Mem:          3.8G       3.7G       124M       5.7M        28M       3.2G

MemTotal:        4016004 kB
MemFree:          126512 kB
Active:           375516 kB
Mem:          3.8G       3.7G       123M       5.7M        28M       3.2G

MemTotal:        4016004 kB
MemFree:          124704 kB
Active:           375528 kB
Mem:          3.8G       3.7G       121M       5.7M        28M       3.2G

MemTotal:        4016004 kB
MemFree:          114568 kB
Active:           375500 kB
Mem:          3.8G       3.7G       111M       5.7M        28M       3.3G

MemTotal:        4016004 kB
MemFree:          116892 kB
Active:           375532 kB
Mem:          3.8G       3.7G       113M       5.7M        28M       3.3G

MemTotal:        4016004 kB
MemFree:          127156 kB
Active:           373492 kB
Mem:          3.8G       3.7G       123M       5.7M        28M       3.2G

MemTotal:        4016004 kB
MemFree:          116652 kB
Active:           373356 kB
Mem:          3.8G       3.7G       113M       5.7M        28M       3.3G

MemTotal:        4016004 kB
MemFree:          106456 kB
Active:           373372 kB
Mem:          3.8G       3.7G       103M       5.7M        28M       3.3G

MemTotal:        4016004 kB
MemFree:          114792 kB
Active:           373372 kB
Mem:          3.8G       3.7G       111M       5.7M        28M       3.3G

MemTotal:        4016004 kB
MemFree:          128392 kB
Active:           373372 kB
Mem:          3.8G       3.7G       124M       5.7M        28M       3.2G

MemTotal:        4016004 kB
MemFree:          125736 kB
Active:           373372 kB
Mem:          3.8G       3.7G       122M       5.7M        28M       3.2G

MemTotal:        4016004 kB
MemFree:          121296 kB
Active:           373380 kB
Mem:          3.8G       3.7G       118M       5.7M        28M       3.2G

MemTotal:        4016004 kB
MemFree:          130212 kB
Active:           374488 kB
Mem:          3.8G       3.7G       126M       5.7M        28M       3.2G

MemTotal:        4016004 kB
MemFree:          126400 kB
Active:           374316 kB
Mem:          3.8G       3.7G       122M       5.7M        28M       3.2G

MemTotal:        4016004 kB
MemFree:          110244 kB
Active:           374324 kB
Mem:          3.8G       3.7G       107M       5.7M        28M       3.3G

MemTotal:        4016004 kB
MemFree:          124980 kB
Active:           374324 kB
Mem:          3.8G       3.7G       121M       5.7M        28M       3.2G

MemTotal:        4016004 kB
MemFree:          125816 kB
Active:           374328 kB
Mem:          3.8G       3.7G       122M       5.7M        28M       3.2G

MemTotal:        4016004 kB
MemFree:          122728 kB
Active:           374332 kB
Mem:          3.8G       3.7G       119M       5.7M        28M       3.2G

MemTotal:        4016004 kB
MemFree:          128236 kB
Active:           374332 kB
Mem:          3.8G       3.7G       124M       5.7M        28M       3.2G

MemTotal:        4016004 kB
MemFree:          129704 kB
Active:           374332 kB
Mem:          3.8G       3.7G       126M       5.7M        28M       3.2G

MemTotal:        4016004 kB
MemFree:          137576 kB
Active:           374340 kB
Mem:          3.8G       3.7G       133M       5.7M        28M       3.2G

MemTotal:        4016004 kB
MemFree:          129648 kB
Active:           371968 kB
Mem:          3.8G       3.7G       126M       5.7M        28M       3.2G

MemTotal:        4016004 kB
MemFree:          130820 kB
Active:           371888 kB
Mem:          3.8G       3.7G       127M       5.7M        28M       3.2G

MemTotal:        4016004 kB
MemFree:          120520 kB
Active:           371848 kB
Mem:          3.8G       3.7G       116M       5.7M        28M       3.2G

MemTotal:        4016004 kB
MemFree:          105512 kB
Active:           371888 kB
Mem:          3.8G       3.7G       102M       5.7M        28M       3.3G

MemTotal:        4016004 kB
MemFree:          128592 kB
Active:           371776 kB
Mem:          3.8G       3.7G       125M       5.7M        28M       3.2G

MemTotal:        4016004 kB
MemFree:          128936 kB
Active:           371776 kB
Mem:          3.8G       3.7G       125M       5.7M        28M       3.2G

MemTotal:        4016004 kB
MemFree:          128168 kB
Active:           371768 kB
Mem:          3.8G       3.7G       124M       5.7M        28M       3.2G

MemTotal:        4016004 kB
MemFree:          107692 kB
Active:           371796 kB
Mem:          3.8G       3.7G       104M       5.7M        28M       3.3G

MemTotal:        4016004 kB
MemFree:          121944 kB
Active:           371796 kB
Mem:          3.8G       3.7G       118M       5.7M        28M       3.2G

MemTotal:        4016004 kB
MemFree:          104820 kB
Active:           371796 kB
Mem:          3.8G       3.7G       114M       5.7M        28M       3.2G

MemTotal:        4016004 kB
MemFree:          123248 kB
Active:           371808 kB
Mem:          3.8G       3.7G       119M       5.7M        28M       3.2G

MemTotal:        4016004 kB
MemFree:          125520 kB
Active:           371968 kB
Mem:          3.8G       3.7G       122M       5.7M        28M       3.2G

MemTotal:        4016004 kB
MemFree:          120648 kB
Active:           371864 kB
Mem:          3.8G       3.7G       117M       5.7M        28M       3.2G

MemTotal:        4016004 kB
MemFree:          124736 kB
Active:           371864 kB
Mem:          3.8G       3.7G       125M       5.7M        28M       3.2G

MemTotal:        4016004 kB
MemFree:          123972 kB
Active:           371736 kB
Mem:          3.8G       3.7G       120M       5.7M        28M       3.2G

MemTotal:        4016004 kB
MemFree:          126968 kB
Active:           371760 kB
Mem:          3.8G       3.7G       123M       5.7M        28M       3.2G

MemTotal:        4016004 kB
MemFree:          123792 kB
Active:           371760 kB
Mem:          3.8G       3.7G       120M       5.7M        28M       3.2G

MemTotal:        4016004 kB
MemFree:          105848 kB
Active:           371728 kB
Mem:          3.8G       3.7G       102M       5.7M        28M       3.3G

MemTotal:        4016004 kB
MemFree:          125676 kB
Active:           371772 kB
Mem:          3.8G       3.7G       122M       5.7M        28M       3.2G

MemTotal:        4016004 kB
MemFree:          107164 kB
Active:           371772 kB
Mem:          3.8G       3.7G       104M       5.7M        28M       3.3G

MemTotal:        4016004 kB
MemFree:          107012 kB
Active:           371756 kB
Mem:          3.8G       3.7G       104M       5.7M        28M       3.3G

MemTotal:        4016004 kB
MemFree:          128500 kB
Active:           371760 kB
Mem:          3.8G       3.7G       124M       5.7M        28M       3.2G

MemTotal:        4016004 kB
MemFree:          106368 kB
Active:           371788 kB
Mem:          3.8G       3.7G       103M       5.7M        28M       3.3G

MemTotal:        4016004 kB
MemFree:          131852 kB
Active:           366680 kB
Mem:          3.8G       3.7G       128M       5.7M        28M       3.2G

MemTotal:        4016004 kB
MemFree:          121456 kB
Active:           366668 kB
Mem:          3.8G       3.7G       118M       5.7M        28M       3.2G

MemTotal:        4016004 kB
MemFree:          123356 kB
Active:           366692 kB
Mem:          3.8G       3.7G       120M       5.7M        28M       3.2G

MemTotal:        4016004 kB
MemFree:          137384 kB
Active:           366688 kB
Mem:          3.8G       3.7G       133M       5.7M        28M       3.2G

MemTotal:        4016004 kB
MemFree:          140120 kB
Active:           366640 kB
Mem:          3.8G       3.7G       136M       5.7M        28M       3.2G

MemTotal:        4016004 kB
MemFree:          141960 kB
Active:           366700 kB
Mem:          3.8G       3.7G       138M       5.7M        28M       3.2G

MemTotal:        4016004 kB
MemFree:          129200 kB
Active:           366704 kB
Mem:          3.8G       3.7G       125M       5.7M        28M       3.2G

MemTotal:        4016004 kB
MemFree:          129168 kB
Active:           366712 kB
Mem:          3.8G       3.7G       125M       5.7M        28M       3.2G

MemTotal:        4016004 kB
MemFree:          111948 kB
Active:           366704 kB
Mem:          3.8G       3.7G       108M       5.7M        28M       3.2G

MemTotal:        4016004 kB
MemFree:          118692 kB
Active:           366744 kB
Mem:          3.8G       3.7G       115M       5.7M        28M       3.2G

MemTotal:        4016004 kB
MemFree:          108384 kB
Active:           366864 kB
Mem:          3.8G       3.7G       105M       5.7M        28M       3.3G

MemTotal:        4016004 kB
MemFree:          125588 kB
Active:           363932 kB
Mem:          3.8G       3.7G       122M       5.7M        28M       3.2G

MemTotal:        4016004 kB
MemFree:          133980 kB
Active:           363940 kB
Mem:          3.8G       3.7G       130M       5.7M        28M       3.2G

MemTotal:        4016004 kB
MemFree:          141488 kB
Active:           363940 kB
Mem:          3.8G       3.7G       137M       5.7M        28M       3.2G

MemTotal:        4016004 kB
MemFree:          130968 kB
Active:           363940 kB
Mem:          3.8G       3.7G       127M       5.7M        28M       3.2G

MemTotal:        4016004 kB
MemFree:          121184 kB
Active:           363944 kB
Mem:          3.8G       3.7G       117M       5.7M        28M       3.2G

MemTotal:        4016004 kB
MemFree:          125804 kB
Active:           363944 kB
Mem:          3.8G       3.7G       122M       5.7M        28M       3.2G

MemTotal:        4016004 kB
MemFree:          116812 kB
Active:           363952 kB
Mem:          3.8G       3.7G       112M       5.7M        28M       3.2G

MemTotal:        4016004 kB
MemFree:          123800 kB
Active:           363952 kB
Mem:          3.8G       3.7G       120M       5.7M        28M       3.2G

MemTotal:        4016004 kB
MemFree:          108680 kB
Active:           363964 kB
Mem:          3.8G       3.7G       105M       5.7M        28M       3.3G

MemTotal:        4016004 kB
MemFree:          106192 kB
Active:           363948 kB
Mem:          3.8G       3.7G       103M       5.7M        28M       3.3G

MemTotal:        4016004 kB
MemFree:          115048 kB
Active:           363988 kB
Mem:          3.8G       3.7G       112M       5.7M        28M       3.2G

MemTotal:        4016004 kB
MemFree:          114996 kB
Active:           363980 kB
Mem:          3.8G       3.7G       112M       5.7M        28M       3.2G

MemTotal:        4016004 kB
MemFree:          135384 kB
Active:           363948 kB
Mem:          3.8G       3.7G       131M       5.7M        28M       3.2G

MemTotal:        4016004 kB
MemFree:          127484 kB
Active:           361556 kB
Mem:          3.8G       3.7G       124M       5.7M        28M       3.2G

MemTotal:        4016004 kB
MemFree:          135780 kB
Active:           361256 kB
Mem:          3.8G       3.7G       131M       5.7M        28M       3.2G

MemTotal:        4016004 kB
MemFree:          126232 kB
Active:           361264 kB
Mem:          3.8G       3.7G       122M       5.7M        28M       3.2G

MemTotal:        4016004 kB
MemFree:          109696 kB
Active:           361252 kB
Mem:          3.8G       3.7G       107M       5.7M        28M       3.3G

MemTotal:        4016004 kB
MemFree:          124116 kB
Active:           361300 kB
Mem:          3.8G       3.7G       120M       5.7M        28M       3.2G

MemTotal:        4016004 kB
MemFree:          124256 kB
Active:           361300 kB
Mem:          3.8G       3.7G       129M       5.7M        28M       3.2G

MemTotal:        4016004 kB
MemFree:          138224 kB
Active:           361312 kB
Mem:          3.8G       3.7G       134M       5.7M        28M       3.2G

MemTotal:        4016004 kB
MemFree:          121828 kB
Active:           361312 kB
Mem:          3.8G       3.7G       118M       5.7M        28M       3.2G

MemTotal:        4016004 kB
MemFree:          121484 kB
Active:           361292 kB
Mem:          3.8G       3.7G       118M       5.7M        28M       3.2G

MemTotal:        4016004 kB
MemFree:          121440 kB
Active:           361312 kB
Mem:          3.8G       3.7G       118M       5.7M        28M       3.2G

MemTotal:        4016004 kB
MemFree:          111372 kB
Active:           361336 kB
Mem:          3.8G       3.7G       108M       5.7M        28M       3.2G

MemTotal:        4016004 kB
MemFree:          115332 kB
Active:           361336 kB
Mem:          3.8G       3.7G       112M       5.7M        28M       3.2G

MemTotal:        4016004 kB
MemFree:          118024 kB
Active:           361336 kB
Mem:          3.8G       3.7G       114M       5.7M        28M       3.2G

MemTotal:        4016004 kB
MemFree:          122224 kB
Active:           358656 kB
Mem:          3.8G       3.7G       118M       5.7M        28M       3.2G

MemTotal:        4016004 kB
MemFree:          112984 kB
Active:           358636 kB
Mem:          3.8G       3.7G       109M       5.7M        28M       3.2G

MemTotal:        4016004 kB
MemFree:          125816 kB
Active:           358668 kB
Mem:          3.8G       3.7G       122M       5.7M        28M       3.2G

MemTotal:        4016004 kB
MemFree:          111212 kB
Active:           358676 kB
Mem:          3.8G       3.7G       117M       5.7M        28M       3.2G

MemTotal:        4016004 kB
MemFree:          110448 kB
Active:           358672 kB
Mem:          3.8G       3.7G       106M       5.7M        28M       3.2G

MemTotal:        4016004 kB
MemFree:          124784 kB
Active:           358676 kB
Mem:          3.8G       3.7G       121M       5.7M        28M       3.2G

MemTotal:        4016004 kB
MemFree:          118492 kB
Active:           358696 kB
Mem:          3.8G       3.7G       115M       5.7M        28M       3.2G

MemTotal:        4016004 kB
MemFree:          136512 kB
Active:           358700 kB
Mem:          3.8G       3.7G       132M       5.7M        28M       3.2G

MemTotal:        4016004 kB
MemFree:          116200 kB
Active:           358664 kB
Mem:          3.8G       3.7G       113M       5.7M        28M       3.2G

MemTotal:        4016004 kB
MemFree:          121112 kB
Active:           358712 kB
Mem:          3.8G       3.7G       117M       5.7M        28M       3.2G

MemTotal:        4016004 kB
MemFree:          133232 kB
Active:           358712 kB
Mem:          3.8G       3.7G       130M       5.7M        28M       3.2G

MemTotal:        4016004 kB
MemFree:          122180 kB
Active:           360724 kB
Mem:          3.8G       3.7G       119M       5.7M        28M       3.2G

MemTotal:        4016004 kB
MemFree:          124924 kB
Active:           359008 kB
Mem:          3.8G       3.7G       121M       5.7M        28M       3.2G

MemTotal:        4016004 kB
MemFree:          113280 kB
Active:           358980 kB
Mem:          3.8G       3.7G       110M       5.7M        28M       3.2G

MemTotal:        4016004 kB
MemFree:          126520 kB
Active:           355132 kB
Mem:          3.8G       3.7G       123M       5.7M        28M       3.2G

MemTotal:        4016004 kB
MemFree:          115312 kB
Active:           354760 kB
Mem:          3.8G       3.7G       111M       5.7M        28M       3.2G

MemTotal:        4016004 kB
MemFree:          120980 kB
Active:           354792 kB
Mem:          3.8G       3.7G       117M       5.7M        28M       3.2G

MemTotal:        4016004 kB
MemFree:          110452 kB
Active:           354792 kB
Mem:          3.8G       3.7G       107M       5.7M        28M       3.2G

MemTotal:        4016004 kB
MemFree:          124268 kB
Active:           354792 kB
Mem:          3.8G       3.7G       121M       5.7M        28M       3.2G

MemTotal:        4016004 kB
MemFree:          116788 kB
Active:           354796 kB
Mem:          3.8G       3.7G       113M       5.7M        28M       3.2G

MemTotal:        4016004 kB
MemFree:          111968 kB
Active:           354812 kB
Mem:          3.8G       3.7G       109M       5.7M        28M       3.2G

MemTotal:        4016004 kB
MemFree:          109360 kB
Active:           354760 kB
Mem:          3.8G       3.7G       106M       5.7M        28M       3.2G

MemTotal:        4016004 kB
MemFree:          109272 kB
Active:           356868 kB
Mem:          3.8G       3.7G       106M       5.7M        28M       3.2G

MemTotal:        4016004 kB
MemFree:          107824 kB
Active:           356872 kB
Mem:          3.8G       3.7G       104M       5.7M        28M       3.2G

MemTotal:        4016004 kB
MemFree:          125168 kB
Active:           356884 kB
Mem:          3.8G       3.7G       121M       5.7M        28M       3.2G

MemTotal:        4016004 kB
MemFree:          113836 kB
Active:           356860 kB
Mem:          3.8G       3.7G       110M       5.7M        28M       3.2G

MemTotal:        4016004 kB
MemFree:          121016 kB
Active:           356884 kB
Mem:          3.8G       3.7G       118M       5.7M        28M       3.2G

MemTotal:        4016004 kB
MemFree:          110760 kB
Active:           356892 kB
Mem:          3.8G       3.7G       107M       5.7M        28M       3.2G

MemTotal:        4016004 kB
MemFree:          125120 kB
Active:           356892 kB
Mem:          3.8G       3.7G       121M       5.7M        28M       3.2G

MemTotal:        4016004 kB
MemFree:          105032 kB
Active:           356892 kB
Mem:          3.8G       3.7G       106M       5.7M        28M       3.2G

MemTotal:        4016004 kB
MemFree:          112732 kB
Active:           356764 kB
Mem:          3.8G       3.7G       109M       5.7M        28M       3.2G

MemTotal:        4016004 kB
MemFree:          127568 kB
Active:           356616 kB
Mem:          3.8G       3.7G       123M       5.7M        28M       3.2G

MemTotal:        4016004 kB
MemFree:          125400 kB
Active:           356604 kB
Mem:          3.8G       3.7G       122M       5.7M        28M       3.2G

MemTotal:        4016004 kB
MemFree:          122064 kB
Active:           356568 kB
Mem:          3.8G       3.7G       118M       5.7M        28M       3.2G

MemTotal:        4016004 kB
MemFree:          105600 kB
Active:           356576 kB
Mem:          3.8G       3.7G       102M       5.7M        28M       3.2G

MemTotal:        4016004 kB
MemFree:          122304 kB
Active:           356604 kB
Mem:          3.8G       3.7G       119M       5.7M        28M       3.2G

MemTotal:        4016004 kB
MemFree:          122040 kB
Active:           356604 kB
Mem:          3.8G       3.7G       119M       5.7M        28M       3.2G

MemTotal:        4016004 kB
MemFree:          122416 kB
Active:           356628 kB
Mem:          3.8G       3.7G       119M       5.7M        28M       3.2G

MemTotal:        4016004 kB
MemFree:          122232 kB
Active:           356632 kB
Mem:          3.8G       3.7G       119M       5.7M        28M       3.2G

MemTotal:        4016004 kB
MemFree:          123636 kB
Active:           356620 kB
Mem:          3.8G       3.7G       119M       5.7M        28M       3.2G

MemTotal:        4016004 kB
MemFree:          126240 kB
Active:           356636 kB
Mem:          3.8G       3.7G       122M       5.7M        28M       3.2G

MemTotal:        4016004 kB
MemFree:          120452 kB
Active:           357660 kB
Mem:          3.8G       3.7G       117M       5.7M        28M       3.2G

MemTotal:        4016004 kB
MemFree:          127524 kB
Active:           357636 kB
Mem:          3.8G       3.7G       124M       5.7M        28M       3.2G

MemTotal:        4016004 kB
MemFree:          124160 kB
Active:           357668 kB
Mem:          3.8G       3.7G       120M       5.7M        28M       3.2G

MemTotal:        4016004 kB
MemFree:          123448 kB
Active:           357356 kB
Mem:          3.8G       3.7G       120M       5.7M        28M       3.2G

MemTotal:        4016004 kB
MemFree:          123448 kB
Active:           357340 kB
Mem:          3.8G       3.7G       120M       5.7M        28M       3.2G

MemTotal:        4016004 kB
MemFree:          123076 kB
Active:           357348 kB
Mem:          3.8G       3.7G       120M       5.7M        28M       3.2G

MemTotal:        4016004 kB
MemFree:          123076 kB
Active:           357356 kB
Mem:          3.8G       3.7G       119M       5.7M        28M       3.2G

MemTotal:        4016004 kB
MemFree:          123076 kB
Active:           357340 kB
Mem:          3.8G       3.7G       119M       5.7M        28M       3.2G

MemTotal:        4016004 kB
MemFree:          122952 kB
Active:           357344 kB
Mem:          3.8G       3.7G       119M       5.7M        28M       3.2G

MemTotal:        4016004 kB
MemFree:          123076 kB
Active:           357352 kB
Mem:          3.8G       3.7G       120M       5.7M        28M       3.2G

MemTotal:        4016004 kB
MemFree:          122704 kB
Active:           357376 kB
Mem:          3.8G       3.7G       119M       5.7M        28M       3.2G

MemTotal:        4016004 kB
MemFree:          122704 kB
Active:           357364 kB
Mem:          3.8G       3.7G       119M       5.7M        28M       3.2G

MemTotal:        4016004 kB
MemFree:          122704 kB
Active:           357360 kB
Mem:          3.8G       3.7G       119M       5.7M        28M       3.2G

MemTotal:        4016004 kB
MemFree:          122828 kB
Active:           357360 kB
Mem:          3.8G       3.7G       119M       5.7M        28M       3.2G

MemTotal:        4016004 kB
MemFree:          122828 kB
Active:           357340 kB
Mem:          3.8G       3.7G       119M       5.7M        28M       3.2G

MemTotal:        4016004 kB
MemFree:          122828 kB
Active:           357372 kB
Mem:          3.8G       3.7G       119M       5.7M        28M       3.2G

MemTotal:        4016004 kB
MemFree:          122828 kB
Active:           357360 kB
Mem:          3.8G       3.7G       119M       5.7M        28M       3.2G

MemTotal:        4016004 kB
MemFree:          122828 kB
Active:           357372 kB
Mem:          3.8G       3.7G       119M       5.7M        28M       3.2G

MemTotal:        4016004 kB
MemFree:          122952 kB
Active:           357360 kB
Mem:          3.8G       3.7G       119M       5.7M        28M       3.2G

MemTotal:        4016004 kB
MemFree:          122952 kB
Active:           357372 kB
Mem:          3.8G       3.7G       119M       5.7M        28M       3.2G

MemTotal:        4016004 kB
MemFree:          122952 kB
Active:           357372 kB
Mem:          3.8G       3.7G       120M       5.7M        28M       3.2G

MemTotal:        4016004 kB
MemFree:          122952 kB
Active:           357396 kB
Mem:          3.8G       3.7G       119M       5.7M        28M       3.2G

MemTotal:        4016004 kB
MemFree:          122952 kB
Active:           357372 kB
Mem:          3.8G       3.7G       119M       5.7M        28M       3.2G

MemTotal:        4016004 kB
MemFree:          122952 kB
Active:           357392 kB
Mem:          3.8G       3.7G       119M       5.7M        28M       3.2G

MemTotal:        4016004 kB
MemFree:          122952 kB
Active:           357376 kB
Mem:          3.8G       3.7G       119M       5.7M        28M       3.2G

MemTotal:        4016004 kB
MemFree:          122952 kB
Active:           357396 kB
Mem:          3.8G       3.7G       119M       5.7M        28M       3.2G

MemTotal:        4016004 kB
MemFree:          123200 kB
Active:           357376 kB
Mem:          3.8G       3.7G       119M       5.7M        28M       3.2G

MemTotal:        4016004 kB
MemFree:          122952 kB
Active:           357380 kB
Mem:          3.8G       3.7G       119M       5.7M        28M       3.2G

MemTotal:        4016004 kB
MemFree:          122528 kB
Active:           357372 kB
Mem:          3.8G       3.7G       119M       5.7M        28M       3.2G

MemTotal:        4016004 kB
MemFree:          122492 kB
Active:           357376 kB
Mem:          3.8G       3.7G       119M       5.7M        28M       3.2G

MemTotal:        4016004 kB
MemFree:          122532 kB
Active:           357384 kB
Mem:          3.8G       3.7G       119M       5.7M        28M       3.2G

MemTotal:        4016004 kB
MemFree:          122564 kB
Active:           357384 kB
Mem:          3.8G       3.7G       119M       5.7M        28M       3.2G

MemTotal:        4016004 kB
MemFree:          122688 kB
Active:           357388 kB
Mem:          3.8G       3.7G       119M       5.7M        28M       3.2G

MemTotal:        4016004 kB
MemFree:          122688 kB
Active:           357400 kB
Mem:          3.8G       3.7G       119M       5.7M        28M       3.2G

MemTotal:        4016004 kB
MemFree:          122812 kB
Active:           357400 kB
Mem:          3.8G       3.7G       119M       5.7M        28M       3.2G

MemTotal:        4016004 kB
MemFree:          122812 kB
Active:           357404 kB
Mem:          3.8G       3.7G       119M       5.7M        28M       3.2G

MemTotal:        4016004 kB
MemFree:          122812 kB
Active:           357376 kB
Mem:          3.8G       3.7G       119M       5.7M        28M       3.2G

MemTotal:        4016004 kB
MemFree:          122564 kB
Active:           357400 kB
Mem:          3.8G       3.7G       119M       5.7M        28M       3.2G

MemTotal:        4016004 kB
MemFree:          122688 kB
Active:           357408 kB
Mem:          3.8G       3.7G       119M       5.7M        28M       3.2G

MemTotal:        4016004 kB
MemFree:          122688 kB
Active:           357416 kB
Mem:          3.8G       3.7G       119M       5.7M        28M       3.2G

MemTotal:        4016004 kB
MemFree:          122564 kB
Active:           357420 kB
Mem:          3.8G       3.7G       119M       5.7M        28M       3.2G

MemTotal:        4016004 kB
MemFree:          122564 kB
Active:           357396 kB
Mem:          3.8G       3.7G       119M       5.7M        28M       3.2G

MemTotal:        4016004 kB
MemFree:          122564 kB
Active:           357404 kB
Mem:          3.8G       3.7G       119M       5.7M        28M       3.2G

MemTotal:        4016004 kB
MemFree:          122812 kB
Active:           357392 kB
Mem:          3.8G       3.7G       119M       5.7M        28M       3.2G

MemTotal:        4016004 kB
MemFree:          122688 kB
Active:           357404 kB
Mem:          3.8G       3.7G       119M       5.7M        28M       3.2G

MemTotal:        4016004 kB
MemFree:          122688 kB
Active:           357412 kB
Mem:          3.8G       3.7G       119M       5.7M        28M       3.2G

MemTotal:        4016004 kB
MemFree:          122812 kB
Active:           357420 kB
Mem:          3.8G       3.7G       119M       5.7M        28M       3.2G

MemTotal:        4016004 kB
MemFree:          122688 kB
Active:           357440 kB
Mem:          3.8G       3.7G       119M       5.7M        28M       3.2G

MemTotal:        4016004 kB
MemFree:          122812 kB
Active:           357408 kB
Mem:          3.8G       3.7G       119M       5.7M        28M       3.2G

MemTotal:        4016004 kB
MemFree:          122812 kB
Active:           357420 kB
Mem:          3.8G       3.7G       119M       5.7M        28M       3.2G

MemTotal:        4016004 kB
MemFree:          122812 kB
Active:           357428 kB
Mem:          3.8G       3.7G       119M       5.7M        28M       3.2G

MemTotal:        4016004 kB
MemFree:          122812 kB
Active:           357448 kB
Mem:          3.8G       3.7G       119M       5.7M        28M       3.2G

MemTotal:        4016004 kB
MemFree:          122812 kB
Active:           357420 kB
Mem:          3.8G       3.7G       119M       5.7M        28M       3.2G

MemTotal:        4016004 kB
MemFree:          122936 kB
Active:           357444 kB
Mem:          3.8G       3.7G       119M       5.7M        28M       3.2G

MemTotal:        4016004 kB
MemFree:          122812 kB
Active:           357436 kB
Mem:          3.8G       3.7G       119M       5.7M        28M       3.2G

MemTotal:        4016004 kB
MemFree:          122812 kB
Active:           357452 kB
Mem:          3.8G       3.7G       119M       5.7M        28M       3.2G

MemTotal:        4016004 kB
MemFree:          122812 kB
Active:           357408 kB
Mem:          3.8G       3.7G       119M       5.7M        28M       3.2G

MemTotal:        4016004 kB
MemFree:          122812 kB
Active:           357428 kB
Mem:          3.8G       3.7G       119M       5.7M        28M       3.2G

MemTotal:        4016004 kB
MemFree:          122936 kB
Active:           357444 kB
Mem:          3.8G       3.7G       119M       5.7M        28M       3.2G

MemTotal:        4016004 kB
MemFree:          122564 kB
Active:           357444 kB
Mem:          3.8G       3.7G       119M       5.7M        28M       3.2G

MemTotal:        4016004 kB
MemFree:          122564 kB
Active:           357436 kB
Mem:          3.8G       3.7G       119M       5.7M        28M       3.2G

MemTotal:        4016004 kB
MemFree:          122440 kB
Active:           357416 kB
Mem:          3.8G       3.7G       119M       5.7M        28M       3.2G

MemTotal:        4016004 kB
MemFree:          122564 kB
Active:           357452 kB
Mem:          3.8G       3.7G       119M       5.7M        28M       3.2G

MemTotal:        4016004 kB
MemFree:          122688 kB
Active:           357448 kB
Mem:          3.8G       3.7G       119M       5.7M        28M       3.2G

MemTotal:        4016004 kB
MemFree:          122688 kB
Active:           357452 kB
Mem:          3.8G       3.7G       119M       5.7M        28M       3.2G

MemTotal:        4016004 kB
MemFree:          122688 kB
Active:           357448 kB
Mem:          3.8G       3.7G       119M       5.7M        28M       3.2G

MemTotal:        4016004 kB
MemFree:          122564 kB
Active:           357468 kB
Mem:          3.8G       3.7G       119M       5.7M        28M       3.2G

MemTotal:        4016004 kB
MemFree:          122688 kB
Active:           357472 kB
Mem:          3.8G       3.7G       119M       5.7M        28M       3.2G

MemTotal:        4016004 kB
MemFree:          122688 kB
Active:           357464 kB
Mem:          3.8G       3.7G       119M       5.7M        28M       3.2G

MemTotal:        4016004 kB
MemFree:          122812 kB
Active:           357472 kB
Mem:          3.8G       3.7G       119M       5.7M        28M       3.2G

MemTotal:        4016004 kB
MemFree:          122812 kB
Active:           357488 kB
Mem:          3.8G       3.7G       119M       5.7M        28M       3.2G

MemTotal:        4016004 kB
MemFree:          122812 kB
Active:           357460 kB
Mem:          3.8G       3.7G       119M       5.7M        28M       3.2G

MemTotal:        4016004 kB
MemFree:          122812 kB
Active:           357468 kB
Mem:          3.8G       3.7G       119M       5.7M        28M       3.2G

MemTotal:        4016004 kB
MemFree:          122688 kB
Active:           357484 kB
Mem:          3.8G       3.7G       119M       5.7M        28M       3.2G

MemTotal:        4016004 kB
MemFree:          122688 kB
Active:           357480 kB
Mem:          3.8G       3.7G       119M       5.7M        28M       3.2G

MemTotal:        4016004 kB
MemFree:          122812 kB
Active:           357476 kB
Mem:          3.8G       3.7G       119M       5.7M        28M       3.2G

MemTotal:        4016004 kB
MemFree:          122936 kB
Active:           357480 kB
Mem:          3.8G       3.7G       119M       5.7M        28M       3.2G

MemTotal:        4016004 kB
MemFree:          122936 kB
Active:           357472 kB
Mem:          3.8G       3.7G       119M       5.7M        28M       3.2G

MemTotal:        4016004 kB
MemFree:          122440 kB
Active:           357504 kB
Mem:          3.8G       3.7G       119M       5.7M        28M       3.2G

MemTotal:        4016004 kB
MemFree:          122316 kB
Active:           357504 kB
Mem:          3.8G       3.7G       119M       5.7M        28M       3.2G

MemTotal:        4016004 kB
MemFree:          122316 kB
Active:           357488 kB
Mem:          3.8G       3.7G       119M       5.7M        28M       3.2G

MemTotal:        4016004 kB
MemFree:          122316 kB
Active:           357508 kB
Mem:          3.8G       3.7G       119M       5.7M        28M       3.2G

MemTotal:        4016004 kB
MemFree:          122440 kB
Active:           357488 kB
Mem:          3.8G       3.7G       119M       5.7M        28M       3.2G

MemTotal:        4016004 kB
MemFree:          122316 kB
Active:           357512 kB
Mem:          3.8G       3.7G       119M       5.7M        28M       3.2G

MemTotal:        4016004 kB
MemFree:          122440 kB
Active:           357508 kB
Mem:          3.8G       3.7G       119M       5.7M        28M       3.2G

MemTotal:        4016004 kB
MemFree:          122440 kB
Active:           357516 kB
Mem:          3.8G       3.7G       119M       5.7M        28M       3.2G

MemTotal:        4016004 kB
MemFree:          122812 kB
Active:           357512 kB
Mem:          3.8G       3.7G       119M       5.7M        28M       3.2G

MemTotal:        4016004 kB
MemFree:          122688 kB
Active:           357512 kB
Mem:          3.8G       3.7G       119M       5.7M        28M       3.2G

MemTotal:        4016004 kB
MemFree:          122688 kB
Active:           357516 kB
Mem:          3.8G       3.7G       119M       5.7M        28M       3.2G

MemTotal:        4016004 kB
MemFree:          122688 kB
Active:           357500 kB
Mem:          3.8G       3.7G       119M       5.7M        28M       3.2G

MemTotal:        4016004 kB
MemFree:          122688 kB
Active:           357488 kB
Mem:          3.8G       3.7G       119M       5.7M        28M       3.2G

MemTotal:        4016004 kB
MemFree:          122688 kB
Active:           357504 kB
Mem:          3.8G       3.7G       119M       5.7M        28M       3.2G

MemTotal:        4016004 kB
MemFree:          122440 kB
Active:           357504 kB
Mem:          3.8G       3.7G       119M       5.7M        28M       3.2G

MemTotal:        4016004 kB
MemFree:          122316 kB
Active:           357508 kB
Mem:          3.8G       3.7G       119M       5.7M        28M       3.2G

MemTotal:        4016004 kB
MemFree:          122564 kB
Active:           357556 kB
Mem:          3.8G       3.7G       119M       5.7M        28M       3.2G

MemTotal:        4016004 kB
MemFree:          122564 kB
Active:           357552 kB
Mem:          3.8G       3.7G       119M       5.7M        28M       3.2G

MemTotal:        4016004 kB
MemFree:          121928 kB
Active:           357704 kB
Mem:          3.8G       3.7G       119M       5.7M        28M       3.2G

MemTotal:        4016004 kB
MemFree:          121804 kB
Active:           357628 kB
Mem:          3.8G       3.7G       118M       5.7M        28M       3.2G

MemTotal:        4016004 kB
MemFree:          122300 kB
Active:           357604 kB
Mem:          3.8G       3.7G       118M       5.7M        28M       3.2G

MemTotal:        4016004 kB
MemFree:          122176 kB
Active:           357604 kB
Mem:          3.8G       3.7G       119M       5.7M        28M       3.2G

MemTotal:        4016004 kB
MemFree:          122052 kB
Active:           357620 kB
Mem:          3.8G       3.7G       118M       5.7M        28M       3.2G

MemTotal:        4016004 kB
MemFree:          122068 kB
Active:           357632 kB
Mem:          3.8G       3.7G       118M       5.7M        28M       3.2G

MemTotal:        4016004 kB
MemFree:          122068 kB
Active:           357608 kB
Mem:          3.8G       3.7G       118M       5.7M        28M       3.2G

MemTotal:        4016004 kB
MemFree:          122192 kB
Active:           357620 kB
Mem:          3.8G       3.7G       119M       5.7M        28M       3.2G

MemTotal:        4016004 kB
MemFree:          122068 kB
Active:           357632 kB
Mem:          3.8G       3.7G       118M       5.7M        28M       3.2G

MemTotal:        4016004 kB
MemFree:          122068 kB
Active:           357604 kB
Mem:          3.8G       3.7G       118M       5.7M        28M       3.2G

MemTotal:        4016004 kB
MemFree:          122068 kB
Active:           357592 kB
Mem:          3.8G       3.7G       118M       5.7M        28M       3.2G

MemTotal:        4016004 kB
MemFree:          122068 kB
Active:           357620 kB
Mem:          3.8G       3.7G       119M       5.7M        28M       3.2G

MemTotal:        4016004 kB
MemFree:          121944 kB
Active:           357632 kB
Mem:          3.8G       3.7G       118M       5.7M        28M       3.2G

MemTotal:        4016004 kB
MemFree:          122440 kB
Active:           357604 kB
Mem:          3.8G       3.7G       119M       5.7M        28M       3.2G

MemTotal:        4016004 kB
MemFree:          122316 kB
Active:           357640 kB
Mem:          3.8G       3.7G       118M       5.7M        28M       3.2G

MemTotal:        4016004 kB
MemFree:          122316 kB
Active:           357632 kB
Mem:          3.8G       3.7G       119M       5.7M        28M       3.2G

MemTotal:        4016004 kB
MemFree:          122316 kB
Active:           357612 kB
Mem:          3.8G       3.7G       119M       5.7M        28M       3.2G

MemTotal:        4016004 kB
MemFree:          122332 kB
Active:           357612 kB
Mem:          3.8G       3.7G       119M       5.7M        28M       3.2G

MemTotal:        4016004 kB
MemFree:          122332 kB
Active:           357632 kB
Mem:          3.8G       3.7G       118M       5.7M        28M       3.2G

MemTotal:        4016004 kB
MemFree:          121836 kB
Active:           357624 kB
Mem:          3.8G       3.7G       118M       5.7M        28M       3.2G

MemTotal:        4016004 kB
MemFree:          121960 kB
Active:           357620 kB
Mem:          3.8G       3.7G       118M       5.7M        28M       3.2G

MemTotal:        4016004 kB
MemFree:          122084 kB
Active:           357624 kB
Mem:          3.8G       3.7G       118M       5.7M        28M       3.2G

MemTotal:        4016004 kB
MemFree:          122208 kB
Active:           357632 kB
Mem:          3.8G       3.7G       119M       5.7M        28M       3.2G

MemTotal:        4016004 kB
MemFree:          122084 kB
Active:           357664 kB
Mem:          3.8G       3.7G       118M       5.7M        28M       3.2G

MemTotal:        4016004 kB
MemFree:          122084 kB
Active:           357648 kB
Mem:          3.8G       3.7G       118M       5.7M        28M       3.2G

MemTotal:        4016004 kB
MemFree:          122332 kB
Active:           357652 kB
Mem:          3.8G       3.7G       118M       5.7M        28M       3.2G

MemTotal:        4016004 kB
MemFree:          122208 kB
Active:           357644 kB
Mem:          3.8G       3.7G       119M       5.7M        28M       3.2G

MemTotal:        4016004 kB
MemFree:          122084 kB
Active:           357672 kB
Mem:          3.8G       3.7G       118M       5.7M        28M       3.2G

MemTotal:        4016004 kB
MemFree:          121960 kB
Active:           357632 kB
Mem:          3.8G       3.7G       118M       5.7M        28M       3.2G

MemTotal:        4016004 kB
MemFree:          121960 kB
Active:           357664 kB
Mem:          3.8G       3.7G       118M       5.7M        28M       3.2G

MemTotal:        4016004 kB
MemFree:          121836 kB
Active:           357656 kB
Mem:          3.8G       3.7G       118M       5.7M        28M       3.2G

MemTotal:        4016004 kB
MemFree:          121836 kB
Active:           357656 kB
Mem:          3.8G       3.7G       118M       5.7M        28M       3.2G

MemTotal:        4016004 kB
MemFree:          121836 kB
Active:           357648 kB
Mem:          3.8G       3.7G       118M       5.7M        28M       3.2G

MemTotal:        4016004 kB
MemFree:          122084 kB
Active:           357652 kB
Mem:          3.8G       3.7G       118M       5.7M        28M       3.2G

MemTotal:        4016004 kB
MemFree:          121960 kB
Active:           357672 kB
Mem:          3.8G       3.7G       118M       5.7M        28M       3.2G

MemTotal:        4016004 kB
MemFree:          122084 kB
Active:           357672 kB
Mem:          3.8G       3.7G       118M       5.7M        28M       3.2G

MemTotal:        4016004 kB
MemFree:          122208 kB
Active:           357664 kB
Mem:          3.8G       3.7G       118M       5.7M        28M       3.2G

MemTotal:        4016004 kB
MemFree:          122208 kB
Active:           357668 kB
Mem:          3.8G       3.7G       119M       5.7M        28M       3.2G

MemTotal:        4016004 kB
MemFree:          121960 kB
Active:           357644 kB
Mem:          3.8G       3.7G       118M       5.7M        28M       3.2G

MemTotal:        4016004 kB
MemFree:          121836 kB
Active:           357672 kB
Mem:          3.8G       3.7G       118M       5.7M        28M       3.2G

MemTotal:        4016004 kB
MemFree:          121960 kB
Active:           357688 kB
Mem:          3.8G       3.7G       118M       5.7M        28M       3.2G

MemTotal:        4016004 kB
MemFree:          122084 kB
Active:           357684 kB
Mem:          3.8G       3.7G       119M       5.7M        28M       3.2G

MemTotal:        4016004 kB
MemFree:          121944 kB
Active:           357700 kB
Mem:          3.8G       3.7G       118M       5.7M        28M       3.2G

MemTotal:        4016004 kB
MemFree:          122068 kB
Active:           357676 kB
Mem:          3.8G       3.7G       118M       5.7M        28M       3.2G

MemTotal:        4016004 kB
MemFree:          121944 kB
Active:           357684 kB
Mem:          3.8G       3.7G       118M       5.7M        28M       3.2G

MemTotal:        4016004 kB
MemFree:          121944 kB
Active:           357708 kB
Mem:          3.8G       3.7G       118M       5.7M        28M       3.2G

MemTotal:        4016004 kB
MemFree:          122192 kB
Active:           357704 kB
Mem:          3.8G       3.7G       119M       5.7M        28M       3.2G

MemTotal:        4016004 kB
MemFree:          122192 kB
Active:           357672 kB
Mem:          3.8G       3.7G       118M       5.7M        28M       3.2G

MemTotal:        4016004 kB
MemFree:          122192 kB
Active:           357696 kB
Mem:          3.8G       3.7G       118M       5.7M        28M       3.2G

MemTotal:        4016004 kB
MemFree:          122192 kB
Active:           357688 kB
Mem:          3.8G       3.7G       119M       5.7M        28M       3.2G

MemTotal:        4016004 kB
MemFree:          122192 kB
Active:           357692 kB
Mem:          3.8G       3.7G       119M       5.7M        28M       3.2G

MemTotal:        4016004 kB
MemFree:          122068 kB
Active:           357692 kB
Mem:          3.8G       3.7G       118M       5.7M        28M       3.2G

MemTotal:        4016004 kB
MemFree:          121944 kB
Active:           357680 kB
Mem:          3.8G       3.7G       119M       5.7M        28M       3.2G

MemTotal:        4016004 kB
MemFree:          121820 kB
Active:           357708 kB
Mem:          3.8G       3.7G       118M       5.7M        28M       3.2G

MemTotal:        4016004 kB
MemFree:          122316 kB
Active:           357688 kB
Mem:          3.8G       3.7G       119M       5.7M        28M       3.2G

MemTotal:        4016004 kB
MemFree:          122068 kB
Active:           357696 kB
Mem:          3.8G       3.7G       118M       5.7M        28M       3.2G

MemTotal:        4016004 kB
MemFree:          122192 kB
Active:           357684 kB
Mem:          3.8G       3.7G       119M       5.7M        28M       3.2G

MemTotal:        4016004 kB
MemFree:          122068 kB
Active:           357716 kB
Mem:          3.8G       3.7G       118M       5.7M        28M       3.2G

MemTotal:        4016004 kB
MemFree:          122192 kB
Active:           357704 kB
Mem:          3.8G       3.7G       118M       5.7M        28M       3.2G

MemTotal:        4016004 kB
MemFree:          122068 kB
Active:           357712 kB
Mem:          3.8G       3.7G       118M       5.7M        28M       3.2G

MemTotal:        4016004 kB
MemFree:          121696 kB
Active:           357716 kB
Mem:          3.8G       3.7G       118M       5.7M        28M       3.2G

MemTotal:        4016004 kB
MemFree:          121820 kB
Active:           357716 kB
Mem:          3.8G       3.7G       118M       5.7M        28M       3.2G

MemTotal:        4016004 kB
MemFree:          121820 kB
Active:           357716 kB
Mem:          3.8G       3.7G       118M       5.7M        28M       3.2G

MemTotal:        4016004 kB
MemFree:          121944 kB
Active:           357700 kB
Mem:          3.8G       3.7G       118M       5.7M        28M       3.2G

MemTotal:        4016004 kB
MemFree:          121944 kB
Active:           357712 kB
Mem:          3.8G       3.7G       118M       5.7M        28M       3.2G

MemTotal:        4016004 kB
MemFree:          121944 kB
Active:           357720 kB
Mem:          3.8G       3.7G       118M       5.7M        28M       3.2G

MemTotal:        4016004 kB
MemFree:          121928 kB
Active:           357728 kB
Mem:          3.8G       3.7G       118M       5.7M        28M       3.2G

MemTotal:        4016004 kB
MemFree:          121804 kB
Active:           357736 kB
Mem:          3.8G       3.7G       118M       5.7M        28M       3.2G

MemTotal:        4016004 kB
MemFree:          121944 kB
Active:           357732 kB
Mem:          3.8G       3.7G       118M       5.7M        28M       3.2G

MemTotal:        4016004 kB
MemFree:          121944 kB
Active:           357720 kB
Mem:          3.8G       3.7G       118M       5.7M        28M       3.2G

MemTotal:        4016004 kB
MemFree:          122052 kB
Active:           357736 kB
Mem:          3.8G       3.7G       118M       5.7M        28M       3.2G

MemTotal:        4016004 kB
MemFree:          121680 kB
Active:           357736 kB
Mem:          3.8G       3.7G       118M       5.7M        28M       3.2G

MemTotal:        4016004 kB
MemFree:          121664 kB
Active:           357748 kB
Mem:          3.8G       3.7G       118M       5.7M        28M       3.2G

MemTotal:        4016004 kB
MemFree:          121788 kB
Active:           357720 kB
Mem:          3.8G       3.7G       118M       5.7M        28M       3.2G

MemTotal:        4016004 kB
MemFree:          121772 kB
Active:           357748 kB
Mem:          3.8G       3.7G       118M       5.7M        28M       3.2G

MemTotal:        4016004 kB
MemFree:          121788 kB
Active:           357732 kB
Mem:          3.8G       3.7G       118M       5.7M        28M       3.2G

MemTotal:        4016004 kB
MemFree:          121664 kB
Active:           357712 kB
Mem:          3.8G       3.7G       118M       5.7M        28M       3.2G

MemTotal:        4016004 kB
MemFree:          121896 kB
Active:           357724 kB
Mem:          3.8G       3.7G       118M       5.7M        28M       3.2G

MemTotal:        4016004 kB
MemFree:          121772 kB
Active:           357764 kB
Mem:          3.8G       3.7G       118M       5.7M        28M       3.2G

MemTotal:        4016004 kB
MemFree:          121772 kB
Active:           357768 kB
Mem:          3.8G       3.7G       118M       5.7M        28M       3.2G

MemTotal:        4016004 kB
MemFree:          121772 kB
Active:           357720 kB
Mem:          3.8G       3.7G       118M       5.7M        28M       3.2G

MemTotal:        4016004 kB
MemFree:          121772 kB
Active:           357744 kB
Mem:          3.8G       3.7G       118M       5.7M        28M       3.2G

MemTotal:        4016004 kB
MemFree:          121648 kB
Active:           357748 kB
Mem:          3.8G       3.7G       118M       5.7M        28M       3.2G

MemTotal:        4016004 kB
MemFree:          121648 kB
Active:           357744 kB
Mem:          3.8G       3.7G       118M       5.7M        28M       3.2G

MemTotal:        4016004 kB
MemFree:          121648 kB
Active:           357740 kB
Mem:          3.8G       3.7G       118M       5.7M        28M       3.2G

MemTotal:        4016004 kB
MemFree:          122020 kB
Active:           357760 kB
Mem:          3.8G       3.7G       118M       5.7M        28M       3.2G

MemTotal:        4016004 kB
MemFree:          122020 kB
Active:           357740 kB
Mem:          3.8G       3.7G       118M       5.7M        28M       3.2G

MemTotal:        4016004 kB
MemFree:          121772 kB
Active:           357772 kB
Mem:          3.8G       3.7G       118M       5.7M        28M       3.2G

MemTotal:        4016004 kB
MemFree:          121772 kB
Active:           357748 kB
Mem:          3.8G       3.7G       118M       5.7M        28M       3.2G

MemTotal:        4016004 kB
MemFree:          121896 kB
Active:           357716 kB
Mem:          3.8G       3.7G       118M       5.7M        28M       3.2G

MemTotal:        4016004 kB
MemFree:          121648 kB
Active:           357792 kB
Mem:          3.8G       3.7G       118M       5.7M        28M       3.2G

MemTotal:        4016004 kB
MemFree:          121580 kB
Active:           357924 kB
Mem:          3.8G       3.7G       118M       5.7M        28M       3.2G

MemTotal:        4016004 kB
MemFree:          121604 kB
Active:           357804 kB
Mem:          3.8G       3.7G       118M       5.7M        28M       3.2G

MemTotal:        4016004 kB
MemFree:          121912 kB
Active:           357816 kB
Mem:          3.8G       3.7G       118M       5.7M        28M       3.2G

MemTotal:        4016004 kB
MemFree:          121928 kB
Active:           357856 kB
Mem:          3.8G       3.7G       118M       5.7M        28M       3.2G

MemTotal:        4016004 kB
MemFree:          121912 kB
Active:           357848 kB
Mem:          3.8G       3.7G       118M       5.7M        28M       3.2G

MemTotal:        4016004 kB
MemFree:          122172 kB
Active:           357900 kB
Mem:          3.8G       3.7G       118M       5.7M        28M       3.2G

MemTotal:        4016004 kB
MemFree:          122172 kB
Active:           357920 kB
Mem:          3.8G       3.7G       118M       5.7M        28M       3.2G

MemTotal:        4016004 kB
MemFree:          122140 kB
Active:           357920 kB
Mem:          3.8G       3.7G       119M       5.7M        28M       3.2G

MemTotal:        4016004 kB
MemFree:          122020 kB
Active:           357776 kB
Mem:          3.8G       3.7G       118M       5.7M        28M       3.2G

MemTotal:        4016004 kB
MemFree:          122020 kB
Active:           357784 kB
Mem:          3.8G       3.7G       118M       5.7M        28M       3.2G

MemTotal:        4016004 kB
MemFree:          121772 kB
Active:           357776 kB
Mem:          3.8G       3.7G       118M       5.7M        28M       3.2G

MemTotal:        4016004 kB
MemFree:          121648 kB
Active:           357800 kB
Mem:          3.8G       3.7G       118M       5.7M        28M       3.2G

MemTotal:        4016004 kB
MemFree:          121772 kB
Active:           357796 kB
Mem:          3.8G       3.7G       118M       5.7M        28M       3.2G

MemTotal:        4016004 kB
MemFree:          122020 kB
Active:           357776 kB
Mem:          3.8G       3.7G       118M       5.7M        28M       3.2G

MemTotal:        4016004 kB
MemFree:          122020 kB
Active:           357788 kB
Mem:          3.8G       3.7G       118M       5.7M        28M       3.2G

MemTotal:        4016004 kB
MemFree:          121896 kB
Active:           357804 kB
Mem:          3.8G       3.7G       118M       5.7M        28M       3.2G

MemTotal:        4016004 kB
MemFree:          121896 kB
Active:           357788 kB
Mem:          3.8G       3.7G       118M       5.7M        28M       3.2G

MemTotal:        4016004 kB
MemFree:          122020 kB
Active:           357800 kB
Mem:          3.8G       3.7G       118M       5.7M        28M       3.2G

MemTotal:        4016004 kB
MemFree:          122144 kB
Active:           357808 kB
Mem:          3.8G       3.7G       119M       5.7M        28M       3.2G

MemTotal:        4016004 kB
MemFree:          122160 kB
Active:           357804 kB
Mem:          3.8G       3.7G       119M       5.7M        28M       3.2G

MemTotal:        4016004 kB
MemFree:          122192 kB
Active:           357796 kB
Mem:          3.8G       3.7G       119M       5.7M        28M       3.2G

MemTotal:        4016004 kB
MemFree:          121820 kB
Active:           357820 kB
Mem:          3.8G       3.7G       118M       5.7M        28M       3.2G

MemTotal:        4016004 kB
MemFree:          121820 kB
Active:           357804 kB
Mem:          3.8G       3.7G       118M       5.7M        28M       3.2G

MemTotal:        4016004 kB
MemFree:          121820 kB
Active:           357800 kB
Mem:          3.8G       3.7G       118M       5.7M        28M       3.2G

MemTotal:        4016004 kB
MemFree:          121696 kB
Active:           357804 kB
Mem:          3.8G       3.7G       118M       5.7M        28M       3.2G

MemTotal:        4016004 kB
MemFree:          121820 kB
Active:           357796 kB
Mem:          3.8G       3.7G       118M       5.7M        28M       3.2G

MemTotal:        4016004 kB
MemFree:          121788 kB
Active:           357828 kB
Mem:          3.8G       3.7G       119M       5.7M        28M       3.2G

MemTotal:        4016004 kB
MemFree:          122020 kB
Active:           357820 kB
Mem:          3.8G       3.7G       118M       5.7M        28M       3.2G

MemTotal:        4016004 kB
MemFree:          122448 kB
Active:           357812 kB
Mem:          3.8G       3.7G       119M       5.7M        28M       3.2G

MemTotal:        4016004 kB
MemFree:          121876 kB
Active:           357568 kB
Mem:          3.8G       3.7G       118M       5.7M        28M       3.2G

MemTotal:        4016004 kB
MemFree:          122016 kB
Active:           357536 kB
Mem:          3.8G       3.7G       119M       5.7M        28M       3.2G

MemTotal:        4016004 kB
MemFree:          122140 kB
Active:           357552 kB
Mem:          3.8G       3.7G       119M       5.7M        28M       3.2G

MemTotal:        4016004 kB
MemFree:          121736 kB
Active:           357588 kB
Mem:          3.8G       3.7G       118M       5.7M        28M       3.2G

MemTotal:        4016004 kB
MemFree:          121596 kB
Active:           357552 kB
Mem:          3.8G       3.7G       118M       5.7M        28M       3.2G

MemTotal:        4016004 kB
MemFree:          121844 kB
Active:           357428 kB
Mem:          3.8G       3.7G       119M       5.7M        28M       3.2G

MemTotal:        4016004 kB
MemFree:          121844 kB
Active:           357552 kB
Mem:          3.8G       3.7G       119M       5.7M        28M       3.2G

MemTotal:        4016004 kB
MemFree:          121488 kB
Active:           357684 kB
Mem:          3.8G       3.7G       118M       5.7M        28M       3.2G

MemTotal:        4016004 kB
MemFree:          121892 kB
Active:           357576 kB
Mem:          3.8G       3.7G       119M       5.7M        28M       3.2G

MemTotal:        4016004 kB
MemFree:          121768 kB
Active:           357584 kB
Mem:          3.8G       3.7G       118M       5.7M        28M       3.2G

MemTotal:        4016004 kB
MemFree:          121612 kB
Active:           357480 kB
Mem:          3.8G       3.7G       118M       5.7M        28M       3.2G

MemTotal:        4016004 kB
MemFree:          121240 kB
Active:           357768 kB
Mem:          3.8G       3.7G       118M       5.7M        28M       3.2G

MemTotal:        4016004 kB
MemFree:          121768 kB
Active:           357568 kB
Mem:          3.8G       3.7G       118M       5.7M        28M       3.2G

MemTotal:        4016004 kB
MemFree:          121644 kB
Active:           357584 kB
Mem:          3.8G       3.7G       119M       5.7M        28M       3.2G

MemTotal:        4016004 kB
MemFree:          122124 kB
Active:           357624 kB
Mem:          3.8G       3.7G       119M       5.7M        28M       3.2G

MemTotal:        4016004 kB
MemFree:          121984 kB
Active:           357604 kB
Mem:          3.8G       3.7G       119M       5.7M        28M       3.2G

MemTotal:        4016004 kB
MemFree:          122092 kB
Active:           357608 kB
Mem:          3.8G       3.7G       119M       5.7M        28M       3.2G

MemTotal:        4016004 kB
MemFree:          121968 kB
Active:           357584 kB
Mem:          3.8G       3.7G       119M       5.7M        28M       3.2G

MemTotal:        4016004 kB
MemFree:          122216 kB
Active:           357600 kB
Mem:          3.8G       3.7G       119M       5.7M        28M       3.2G

MemTotal:        4016004 kB
MemFree:          122216 kB
Active:           357604 kB
Mem:          3.8G       3.7G       119M       5.7M        28M       3.2G

MemTotal:        4016004 kB
MemFree:          121844 kB
Active:           357632 kB
Mem:          3.8G       3.7G       119M       5.7M        28M       3.2G

MemTotal:        4016004 kB
MemFree:          121968 kB
Active:           357616 kB
Mem:          3.8G       3.7G       118M       5.7M        28M       3.2G

MemTotal:        4016004 kB
MemFree:          121720 kB
Active:           357636 kB
Mem:          3.8G       3.7G       118M       5.7M        28M       3.2G

MemTotal:        4016004 kB
MemFree:          121720 kB
Active:           357640 kB
Mem:          3.8G       3.7G       118M       5.7M        28M       3.2G

MemTotal:        4016004 kB
MemFree:          121720 kB
Active:           357596 kB
Mem:          3.8G       3.7G       118M       5.7M        28M       3.2G

MemTotal:        4016004 kB
MemFree:          121844 kB
Active:           357608 kB
Mem:          3.8G       3.7G       118M       5.7M        28M       3.2G

MemTotal:        4016004 kB
MemFree:          121844 kB
Active:           357628 kB
Mem:          3.8G       3.7G       119M       5.7M        28M       3.2G

MemTotal:        4016004 kB
MemFree:          121844 kB
Active:           357652 kB
Mem:          3.8G       3.7G       119M       5.7M        28M       3.2G

MemTotal:        4016004 kB
MemFree:          121472 kB
Active:           357656 kB
Mem:          3.8G       3.7G       118M       5.7M        28M       3.2G

MemTotal:        4016004 kB
MemFree:          121968 kB
Active:           357604 kB
