MemTotal:        4016004 kB
MemFree:         3192248 kB
Active:           465376 kB
Mem:          3.8G       804M       3.0G       5.7M        62M       326M

MemTotal:        4016004 kB
MemFree:         3192644 kB
Active:           465164 kB
Mem:          3.8G       804M       3.0G       5.7M        62M       327M

MemTotal:        4016004 kB
MemFree:         3192644 kB
Active:           465240 kB
Mem:          3.8G       803M       3.0G       5.7M        62M       327M

MemTotal:        4016004 kB
MemFree:         3193248 kB
Active:           465188 kB
Mem:          3.8G       803M       3.0G       5.7M        62M       327M

MemTotal:        4016004 kB
MemFree:         3193248 kB
Active:           465224 kB
Mem:          3.8G       803M       3.0G       5.7M        62M       327M

MemTotal:        4016004 kB
MemFree:         3193108 kB
Active:           465240 kB
Mem:          3.8G       803M       3.0G       5.7M        62M       327M

MemTotal:        4016004 kB
MemFree:         3193480 kB
Active:           465240 kB
Mem:          3.8G       803M       3.0G       5.7M        62M       327M

MemTotal:        4016004 kB
MemFree:         3193604 kB
Active:           465220 kB
Mem:          3.8G       803M       3.0G       5.7M        62M       327M

MemTotal:        4016004 kB
MemFree:         3193620 kB
Active:           465244 kB
Mem:          3.8G       803M       3.0G       5.7M        62M       327M

MemTotal:        4016004 kB
MemFree:         3193620 kB
Active:           465216 kB
Mem:          3.8G       803M       3.0G       5.7M        62M       327M

MemTotal:        4016004 kB
MemFree:         3193496 kB
Active:           465236 kB
Mem:          3.8G       803M       3.0G       5.7M        62M       327M

MemTotal:        4016004 kB
MemFree:         3193496 kB
Active:           465208 kB
Mem:          3.8G       803M       3.0G       5.7M        62M       327M

MemTotal:        4016004 kB
MemFree:         3193248 kB
Active:           465252 kB
Mem:          3.8G       803M       3.0G       5.7M        62M       327M

MemTotal:        4016004 kB
MemFree:         3193356 kB
Active:           465204 kB
Mem:          3.8G       803M       3.0G       5.7M        62M       327M

MemTotal:        4016004 kB
MemFree:         3193124 kB
Active:           465224 kB
Mem:          3.8G       803M       3.0G       5.7M        62M       327M

MemTotal:        4016004 kB
MemFree:         3193124 kB
Active:           465208 kB
Mem:          3.8G       803M       3.0G       5.7M        62M       327M

MemTotal:        4016004 kB
MemFree:         3193108 kB
Active:           465228 kB
Mem:          3.8G       803M       3.0G       5.7M        62M       327M

MemTotal:        4016004 kB
MemFree:         3192984 kB
Active:           465224 kB
Mem:          3.8G       803M       3.0G       5.7M        62M       327M

MemTotal:        4016004 kB
MemFree:         3193108 kB
Active:           465208 kB
Mem:          3.8G       803M       3.0G       5.7M        62M       327M

MemTotal:        4016004 kB
MemFree:         3193092 kB
Active:           465260 kB
Mem:          3.8G       803M       3.0G       5.7M        62M       327M

MemTotal:        4016004 kB
MemFree:         3193588 kB
Active:           465212 kB
Mem:          3.8G       803M       3.0G       5.7M        62M       327M

MemTotal:        4016004 kB
MemFree:         3193712 kB
Active:           465256 kB
Mem:          3.8G       803M       3.0G       5.7M        62M       327M

MemTotal:        4016004 kB
MemFree:         3193588 kB
Active:           465248 kB
Mem:          3.8G       803M       3.0G       5.7M        62M       327M

MemTotal:        4016004 kB
MemFree:         3193728 kB
Active:           465240 kB
Mem:          3.8G       803M       3.0G       5.7M        62M       327M

MemTotal:        4016004 kB
MemFree:         3193232 kB
Active:           465268 kB
Mem:          3.8G       803M       3.0G       5.7M        62M       327M

MemTotal:        4016004 kB
MemFree:         3193480 kB
Active:           465264 kB
Mem:          3.8G       803M       3.0G       5.7M        62M       327M

MemTotal:        4016004 kB
MemFree:         3193480 kB
Active:           465240 kB
Mem:          3.8G       803M       3.0G       5.7M        62M       327M

MemTotal:        4016004 kB
MemFree:         3193480 kB
Active:           465220 kB
Mem:          3.8G       803M       3.0G       5.7M        62M       327M

MemTotal:        4016004 kB
MemFree:         3193604 kB
Active:           465244 kB
Mem:          3.8G       803M       3.0G       5.7M        62M       327M

MemTotal:        4016004 kB
MemFree:         3193728 kB
Active:           465232 kB
Mem:          3.8G       803M       3.0G       5.7M        62M       327M

MemTotal:        4016004 kB
MemFree:         3193604 kB
Active:           465268 kB
Mem:          3.8G       803M       3.0G       5.7M        62M       327M

MemTotal:        4016004 kB
MemFree:         3193604 kB
Active:           465280 kB
Mem:          3.8G       803M       3.0G       5.7M        62M       327M

MemTotal:        4016004 kB
MemFree:         3193604 kB
Active:           465268 kB
Mem:          3.8G       803M       3.0G       5.7M        62M       327M

MemTotal:        4016004 kB
MemFree:         3191036 kB
Active:           465264 kB
Mem:          3.8G       805M       3.0G       5.7M        62M       327M

MemTotal:        4016004 kB
MemFree:         3191036 kB
Active:           467280 kB
Mem:          3.8G       805M       3.0G       5.7M        62M       327M

MemTotal:        4016004 kB
MemFree:         3191036 kB
Active:           467276 kB
Mem:          3.8G       805M       3.0G       5.7M        62M       327M

MemTotal:        4016004 kB
MemFree:         3191036 kB
Active:           467268 kB
Mem:          3.8G       805M       3.0G       5.7M        62M       327M

MemTotal:        4016004 kB
MemFree:         3191036 kB
Active:           467296 kB
Mem:          3.8G       805M       3.0G       5.7M        62M       327M

MemTotal:        4016004 kB
MemFree:         3191036 kB
Active:           467316 kB
Mem:          3.8G       805M       3.0G       5.7M        62M       327M

MemTotal:        4016004 kB
MemFree:         3191160 kB
Active:           467288 kB
Mem:          3.8G       805M       3.0G       5.7M        62M       327M

MemTotal:        4016004 kB
MemFree:         3191936 kB
Active:           467320 kB
Mem:          3.8G       805M       3.0G       5.7M        62M       327M

MemTotal:        4016004 kB
MemFree:         3191936 kB
Active:           467292 kB
Mem:          3.8G       805M       3.0G       5.7M        62M       327M

MemTotal:        4016004 kB
MemFree:         3191688 kB
Active:           467320 kB
Mem:          3.8G       804M       3.0G       5.7M        62M       327M

MemTotal:        4016004 kB
MemFree:         3191192 kB
Active:           467332 kB
Mem:          3.8G       805M       3.0G       5.7M        62M       327M

MemTotal:        4016004 kB
MemFree:         3191564 kB
Active:           467312 kB
Mem:          3.8G       805M       3.0G       5.7M        62M       327M

MemTotal:        4016004 kB
MemFree:         3191564 kB
Active:           467284 kB
Mem:          3.8G       805M       3.0G       5.7M        62M       327M

MemTotal:        4016004 kB
MemFree:         3191564 kB
Active:           467312 kB
Mem:          3.8G       805M       3.0G       5.7M        62M       327M

MemTotal:        4016004 kB
MemFree:         3191688 kB
Active:           467296 kB
Mem:          3.8G       804M       3.0G       5.7M        62M       327M

MemTotal:        4016004 kB
MemFree:         3191812 kB
Active:           467284 kB
Mem:          3.8G       805M       3.0G       5.7M        62M       327M

MemTotal:        4016004 kB
MemFree:         3191812 kB
Active:           467344 kB
Mem:          3.8G       805M       3.0G       5.7M        62M       327M

MemTotal:        4016004 kB
MemFree:         3191936 kB
Active:           467328 kB
Mem:          3.8G       804M       3.0G       5.7M        62M       327M

MemTotal:        4016004 kB
MemFree:         3191440 kB
Active:           467360 kB
Mem:          3.8G       804M       3.0G       5.7M        62M       327M

MemTotal:        4016004 kB
MemFree:         3191316 kB
Active:           467380 kB
Mem:          3.8G       805M       3.0G       5.7M        62M       327M

MemTotal:        4016004 kB
MemFree:         3191688 kB
Active:           467348 kB
Mem:          3.8G       804M       3.0G       5.7M        62M       327M

MemTotal:        4016004 kB
MemFree:         3191796 kB
Active:           467384 kB
Mem:          3.8G       805M       3.0G       5.7M        62M       327M

MemTotal:        4016004 kB
MemFree:         3191548 kB
Active:           467388 kB
Mem:          3.8G       805M       3.0G       5.7M        62M       327M

MemTotal:        4016004 kB
MemFree:         3191672 kB
Active:           467364 kB
Mem:          3.8G       805M       3.0G       5.7M        62M       327M

MemTotal:        4016004 kB
MemFree:         3191672 kB
Active:           467344 kB
Mem:          3.8G       805M       3.0G       5.7M        62M       327M

MemTotal:        4016004 kB
MemFree:         3191300 kB
Active:           467392 kB
Mem:          3.8G       805M       3.0G       5.7M        62M       327M

MemTotal:        4016004 kB
MemFree:         3191548 kB
Active:           467388 kB
Mem:          3.8G       804M       3.0G       5.7M        62M       327M

MemTotal:        4016004 kB
MemFree:         3191424 kB
Active:           467344 kB
Mem:          3.8G       805M       3.0G       5.7M        62M       327M

MemTotal:        4016004 kB
MemFree:         3190928 kB
Active:           467392 kB
Mem:          3.8G       805M       3.0G       5.7M        62M       327M

MemTotal:        4016004 kB
MemFree:         3190928 kB
Active:           467396 kB
Mem:          3.8G       805M       3.0G       5.7M        62M       327M

MemTotal:        4016004 kB
MemFree:         3191424 kB
Active:           467356 kB
Mem:          3.8G       805M       3.0G       5.7M        62M       327M

MemTotal:        4016004 kB
MemFree:         3191416 kB
Active:           467380 kB
Mem:          3.8G       805M       3.0G       5.7M        62M       327M

MemTotal:        4016004 kB
MemFree:         3191152 kB
Active:           467348 kB
Mem:          3.8G       805M       3.0G       5.7M        62M       327M

MemTotal:        4016004 kB
MemFree:         3191152 kB
Active:           467344 kB
Mem:          3.8G       805M       3.0G       5.7M        62M       327M

MemTotal:        4016004 kB
MemFree:         3191028 kB
Active:           467364 kB
Mem:          3.8G       805M       3.0G       5.7M        62M       327M

MemTotal:        4016004 kB
MemFree:         3191400 kB
Active:           467396 kB
Mem:          3.8G       805M       3.0G       5.7M        62M       327M

MemTotal:        4016004 kB
MemFree:         3191152 kB
Active:           467380 kB
Mem:          3.8G       805M       3.0G       5.7M        62M       327M

MemTotal:        4016004 kB
MemFree:         3191136 kB
Active:           467400 kB
Mem:          3.8G       805M       3.0G       5.7M        62M       327M

MemTotal:        4016004 kB
MemFree:         3191120 kB
Active:           467364 kB
Mem:          3.8G       805M       3.0G       5.7M        62M       327M

MemTotal:        4016004 kB
MemFree:         3190748 kB
Active:           467412 kB
Mem:          3.8G       805M       3.0G       5.7M        62M       327M

MemTotal:        4016004 kB
MemFree:         3189196 kB
Active:           467364 kB
Mem:          3.8G       807M       3.0G       5.7M        62M       327M

MemTotal:        4016004 kB
MemFree:         3189692 kB
Active:           469432 kB
Mem:          3.8G       807M       3.0G       5.7M        62M       327M

MemTotal:        4016004 kB
MemFree:         3189568 kB
Active:           469424 kB
Mem:          3.8G       807M       3.0G       5.7M        62M       327M

MemTotal:        4016004 kB
MemFree:         3189196 kB
Active:           469404 kB
Mem:          3.8G       807M       3.0G       5.7M        62M       327M

MemTotal:        4016004 kB
MemFree:         3189320 kB
Active:           469388 kB
Mem:          3.8G       807M       3.0G       5.7M        62M       327M

MemTotal:        4016004 kB
MemFree:         3189508 kB
Active:           469408 kB
Mem:          3.8G       807M       3.0G       5.7M        62M       327M

MemTotal:        4016004 kB
MemFree:         3189012 kB
Active:           469444 kB
Mem:          3.8G       807M       3.0G       5.7M        62M       327M

MemTotal:        4016004 kB
MemFree:         3189632 kB
Active:           469396 kB
Mem:          3.8G       807M       3.0G       5.7M        62M       327M

MemTotal:        4016004 kB
MemFree:         3189012 kB
Active:           469444 kB
Mem:          3.8G       807M       3.0G       5.7M        62M       327M

MemTotal:        4016004 kB
MemFree:         3189012 kB
Active:           469432 kB
Mem:          3.8G       807M       3.0G       5.7M        62M       327M

MemTotal:        4016004 kB
MemFree:         3188996 kB
Active:           469416 kB
Mem:          3.8G       807M       3.0G       5.7M        62M       327M

MemTotal:        4016004 kB
MemFree:         3189616 kB
Active:           469416 kB
Mem:          3.8G       806M       3.0G       5.7M        62M       327M

MemTotal:        4016004 kB
MemFree:         3189228 kB
Active:           469460 kB
Mem:          3.8G       807M       3.0G       5.7M        62M       327M

MemTotal:        4016004 kB
MemFree:         3189476 kB
Active:           469404 kB
Mem:          3.8G       807M       3.0G       5.7M        62M       327M

MemTotal:        4016004 kB
MemFree:         3189492 kB
Active:           469404 kB
Mem:          3.8G       807M       3.0G       5.7M        62M       327M

MemTotal:        4016004 kB
MemFree:         3189368 kB
Active:           469440 kB
Mem:          3.8G       807M       3.0G       5.7M        62M       327M

MemTotal:        4016004 kB
MemFree:         3189368 kB
Active:           469432 kB
Mem:          3.8G       807M       3.0G       5.7M        62M       327M

MemTotal:        4016004 kB
MemFree:         3189616 kB
Active:           469472 kB
Mem:          3.8G       807M       3.0G       5.7M        62M       327M

MemTotal:        4016004 kB
MemFree:         3188996 kB
Active:           469452 kB
Mem:          3.8G       807M       3.0G       5.7M        62M       327M

MemTotal:        4016004 kB
MemFree:         3189244 kB
Active:           469480 kB
Mem:          3.8G       807M       3.0G       5.7M        62M       327M

MemTotal:        4016004 kB
MemFree:         3188808 kB
Active:           467460 kB
Mem:          3.8G       807M       3.0G       5.7M        62M       327M

MemTotal:        4016004 kB
MemFree:         3189320 kB
Active:           469460 kB
Mem:          3.8G       807M       3.0G       5.7M        62M       327M

MemTotal:        4016004 kB
MemFree:         3189072 kB
Active:           469512 kB
Mem:          3.8G       807M       3.0G       5.7M        62M       327M

MemTotal:        4016004 kB
MemFree:         3189072 kB
Active:           469472 kB
Mem:          3.8G       807M       3.0G       5.7M        62M       327M

MemTotal:        4016004 kB
MemFree:         3189460 kB
Active:           469464 kB
Mem:          3.8G       807M       3.0G       5.7M        62M       327M

MemTotal:        4016004 kB
MemFree:         3189088 kB
Active:           469520 kB
Mem:          3.8G       807M       3.0G       5.7M        62M       327M

MemTotal:        4016004 kB
MemFree:         3189336 kB
Active:           469492 kB
Mem:          3.8G       807M       3.0G       5.7M        62M       327M

MemTotal:        4016004 kB
MemFree:         3189584 kB
Active:           469464 kB
Mem:          3.8G       807M       3.0G       5.7M        62M       327M

MemTotal:        4016004 kB
MemFree:         3189816 kB
Active:           469484 kB
Mem:          3.8G       806M       3.0G       5.7M        62M       327M

MemTotal:        4016004 kB
MemFree:         3189428 kB
Active:           469520 kB
Mem:          3.8G       807M       3.0G       5.7M        62M       327M

MemTotal:        4016004 kB
MemFree:         3189024 kB
Active:           469484 kB
Mem:          3.8G       807M       3.0G       5.7M        62M       327M

MemTotal:        4016004 kB
MemFree:         3189256 kB
Active:           469512 kB
Mem:          3.8G       807M       3.0G       5.7M        62M       327M

MemTotal:        4016004 kB
MemFree:         3189008 kB
Active:           469524 kB
Mem:          3.8G       807M       3.0G       5.7M        62M       327M

MemTotal:        4016004 kB
MemFree:         3189256 kB
Active:           469516 kB
Mem:          3.8G       807M       3.0G       5.7M        62M       327M

MemTotal:        4016004 kB
MemFree:         3188760 kB
Active:           469532 kB
Mem:          3.8G       807M       3.0G       5.7M        62M       327M

MemTotal:        4016004 kB
MemFree:         3189256 kB
Active:           469504 kB
Mem:          3.8G       807M       3.0G       5.7M        62M       327M

MemTotal:        4016004 kB
MemFree:         3189132 kB
Active:           469532 kB
Mem:          3.8G       807M       3.0G       5.7M        62M       327M

MemTotal:        4016004 kB
MemFree:         3188884 kB
Active:           469536 kB
Mem:          3.8G       807M       3.0G       5.7M        62M       327M

MemTotal:        4016004 kB
MemFree:         3189256 kB
Active:           469528 kB
Mem:          3.8G       807M       3.0G       5.7M        62M       327M

MemTotal:        4016004 kB
MemFree:         3189380 kB
Active:           469504 kB
Mem:          3.8G       807M       3.0G       5.7M        62M       327M

MemTotal:        4016004 kB
MemFree:         3188448 kB
Active:           467624 kB
Mem:          3.8G       808M       3.0G       5.7M        62M       327M

MemTotal:        4016004 kB
MemFree:         3188572 kB
Active:           469672 kB
Mem:          3.8G       808M       3.0G       5.7M        62M       327M

MemTotal:        4016004 kB
MemFree:         3187952 kB
Active:           469672 kB
Mem:          3.8G       808M       3.0G       5.7M        62M       327M

MemTotal:        4016004 kB
MemFree:         3188432 kB
Active:           469668 kB
Mem:          3.8G       807M       3.0G       5.7M        62M       327M

MemTotal:        4016004 kB
MemFree:         3188928 kB
Active:           469664 kB
Mem:          3.8G       807M       3.0G       5.7M        62M       327M

MemTotal:        4016004 kB
MemFree:         3188820 kB
Active:           469660 kB
Mem:          3.8G       807M       3.0G       5.7M        62M       327M

MemTotal:        4016004 kB
MemFree:         3188944 kB
Active:           469648 kB
Mem:          3.8G       807M       3.0G       5.7M        62M       327M

MemTotal:        4016004 kB
MemFree:         3188820 kB
Active:           469632 kB
Mem:          3.8G       807M       3.0G       5.7M        62M       327M

MemTotal:        4016004 kB
MemFree:         3188944 kB
Active:           469680 kB
Mem:          3.8G       807M       3.0G       5.7M        62M       327M

MemTotal:        4016004 kB
MemFree:         3189316 kB
Active:           469668 kB
Mem:          3.8G       807M       3.0G       5.7M        62M       327M

MemTotal:        4016004 kB
MemFree:         3189068 kB
Active:           469664 kB
Mem:          3.8G       807M       3.0G       5.7M        62M       327M

MemTotal:        4016004 kB
MemFree:         3189068 kB
Active:           469672 kB
Mem:          3.8G       807M       3.0G       5.7M        62M       327M

MemTotal:        4016004 kB
MemFree:         3189132 kB
Active:           469656 kB
Mem:          3.8G       807M       3.0G       5.7M        62M       327M

MemTotal:        4016004 kB
MemFree:         3189008 kB
Active:           469652 kB
Mem:          3.8G       807M       3.0G       5.7M        62M       327M

MemTotal:        4016004 kB
MemFree:         3189132 kB
Active:           469656 kB
Mem:          3.8G       807M       3.0G       5.7M        62M       327M

MemTotal:        4016004 kB
MemFree:         3189008 kB
Active:           469648 kB
Mem:          3.8G       807M       3.0G       5.7M        62M       327M

MemTotal:        4016004 kB
MemFree:         3189116 kB
Active:           469688 kB
Mem:          3.8G       807M       3.0G       5.7M        62M       327M

MemTotal:        4016004 kB
MemFree:         3188620 kB
Active:           469640 kB
Mem:          3.8G       807M       3.0G       5.7M        62M       327M

MemTotal:        4016004 kB
MemFree:         3188868 kB
Active:           469684 kB
Mem:          3.8G       807M       3.0G       5.7M        62M       327M

MemTotal:        4016004 kB
MemFree:         3189100 kB
Active:           469688 kB
Mem:          3.8G       807M       3.0G       5.7M        62M       327M

MemTotal:        4016004 kB
MemFree:         3186680 kB
Active:           469672 kB
Mem:          3.8G       809M       3.0G       5.7M        62M       327M

MemTotal:        4016004 kB
MemFree:         3187160 kB
Active:           469660 kB
Mem:          3.8G       809M       3.0G       5.7M        62M       327M

MemTotal:        4016004 kB
MemFree:         3187144 kB
Active:           471708 kB
Mem:          3.8G       809M       3.0G       5.7M        62M       327M

MemTotal:        4016004 kB
MemFree:         3187252 kB
Active:           471708 kB
Mem:          3.8G       809M       3.0G       5.7M        62M       327M

MemTotal:        4016004 kB
MemFree:         3186988 kB
Active:           471684 kB
Mem:          3.8G       809M       3.0G       5.7M        62M       327M

MemTotal:        4016004 kB
MemFree:         3186368 kB
Active:           471732 kB
Mem:          3.8G       810M       3.0G       5.7M        62M       327M

MemTotal:        4016004 kB
MemFree:         3186624 kB
Active:           471684 kB
Mem:          3.8G       810M       3.0G       5.7M        62M       327M

MemTotal:        4016004 kB
MemFree:         3186252 kB
Active:           471736 kB
Mem:          3.8G       810M       3.0G       5.7M        62M       327M

MemTotal:        4016004 kB
MemFree:         3186500 kB
Active:           471688 kB
Mem:          3.8G       809M       3.0G       5.7M        62M       327M

MemTotal:        4016004 kB
MemFree:         3186780 kB
Active:           471724 kB
Mem:          3.8G       809M       3.0G       5.7M        62M       327M

MemTotal:        4016004 kB
MemFree:         3186096 kB
Active:           469700 kB
Mem:          3.8G       810M       3.0G       5.7M        62M       327M

MemTotal:        4016004 kB
MemFree:         3186840 kB
Active:           471744 kB
Mem:          3.8G       809M       3.0G       5.7M        62M       327M

MemTotal:        4016004 kB
MemFree:         3186344 kB
Active:           471760 kB
Mem:          3.8G       810M       3.0G       5.7M        62M       327M

MemTotal:        4016004 kB
MemFree:         3186716 kB
Active:           471720 kB
Mem:          3.8G       810M       3.0G       5.7M        62M       327M

MemTotal:        4016004 kB
MemFree:         3186812 kB
Active:           471708 kB
Mem:          3.8G       809M       3.0G       5.7M        62M       327M

MemTotal:        4016004 kB
MemFree:         3187108 kB
Active:           471748 kB
Mem:          3.8G       809M       3.0G       5.7M        62M       327M

MemTotal:        4016004 kB
MemFree:         3187544 kB
Active:           471728 kB
Mem:          3.8G       809M       3.0G       5.7M        62M       327M

MemTotal:        4016004 kB
MemFree:         3187544 kB
Active:           471724 kB
Mem:          3.8G       809M       3.0G       5.7M        62M       327M

MemTotal:        4016004 kB
MemFree:         3187172 kB
Active:           471760 kB
Mem:          3.8G       809M       3.0G       5.7M        62M       327M

MemTotal:        4016004 kB
MemFree:         3187296 kB
Active:           471744 kB
Mem:          3.8G       809M       3.0G       5.7M        62M       327M

MemTotal:        4016004 kB
MemFree:         3187296 kB
Active:           471772 kB
Mem:          3.8G       809M       3.0G       5.7M        62M       327M

MemTotal:        4016004 kB
MemFree:         3187048 kB
Active:           471784 kB
Mem:          3.8G       809M       3.0G       5.7M        62M       327M

MemTotal:        4016004 kB
MemFree:         3186924 kB
Active:           471792 kB
Mem:          3.8G       809M       3.0G       5.7M        62M       327M

MemTotal:        4016004 kB
MemFree:         3186708 kB
Active:           471792 kB
Mem:          3.8G       809M       3.0G       5.7M        62M       327M

MemTotal:        4016004 kB
MemFree:         3186832 kB
Active:           471800 kB
Mem:          3.8G       809M       3.0G       5.7M        62M       327M

MemTotal:        4016004 kB
MemFree:         3187204 kB
Active:           471744 kB
Mem:          3.8G       809M       3.0G       5.7M        62M       327M

MemTotal:        4016004 kB
MemFree:         3187080 kB
Active:           471744 kB
Mem:          3.8G       809M       3.0G       5.7M        62M       327M

MemTotal:        4016004 kB
MemFree:         3187344 kB
Active:           471796 kB
Mem:          3.8G       809M       3.0G       5.7M        62M       327M

MemTotal:        4016004 kB
MemFree:         3187440 kB
Active:           471772 kB
Mem:          3.8G       809M       3.0G       5.7M        62M       327M

MemTotal:        4016004 kB
MemFree:         3187316 kB
Active:           471756 kB
Mem:          3.8G       809M       3.0G       5.7M        62M       327M

MemTotal:        4016004 kB
MemFree:         3186880 kB
Active:           469752 kB
Mem:          3.8G       809M       3.0G       5.7M        62M       327M

MemTotal:        4016004 kB
MemFree:         3187020 kB
Active:           471772 kB
Mem:          3.8G       809M       3.0G       5.7M        62M       327M

MemTotal:        4016004 kB
MemFree:         3187144 kB
Active:           471748 kB
Mem:          3.8G       809M       3.0G       5.7M        62M       327M

MemTotal:        4016004 kB
MemFree:         3187144 kB
Active:           471788 kB
Mem:          3.8G       809M       3.0G       5.7M        62M       327M

MemTotal:        4016004 kB
MemFree:         3187144 kB
Active:           471752 kB
Mem:          3.8G       809M       3.0G       5.7M        62M       327M

MemTotal:        4016004 kB
MemFree:         3187020 kB
Active:           471772 kB
Mem:          3.8G       809M       3.0G       5.7M        62M       327M

MemTotal:        4016004 kB
MemFree:         3186896 kB
Active:           471760 kB
Mem:          3.8G       809M       3.0G       5.7M        62M       327M

MemTotal:        4016004 kB
MemFree:         3187144 kB
Active:           471804 kB
Mem:          3.8G       809M       3.0G       5.7M        62M       327M

MemTotal:        4016004 kB
MemFree:         3186772 kB
Active:           471808 kB
Mem:          3.8G       809M       3.0G       5.7M        62M       327M

MemTotal:        4016004 kB
MemFree:         3187268 kB
Active:           471808 kB
Mem:          3.8G       809M       3.0G       5.7M        62M       327M

MemTotal:        4016004 kB
MemFree:         3187640 kB
Active:           471812 kB
Mem:          3.8G       809M       3.0G       5.7M        62M       327M

MemTotal:        4016004 kB
MemFree:         3187144 kB
Active:           471816 kB
Mem:          3.8G       809M       3.0G       5.7M        62M       327M

MemTotal:        4016004 kB
MemFree:         3187268 kB
Active:           471780 kB
Mem:          3.8G       809M       3.0G       5.7M        62M       327M

MemTotal:        4016004 kB
MemFree:         3186648 kB
Active:           471672 kB
Mem:          3.8G       809M       3.0G       5.7M        62M       327M

MemTotal:        4016004 kB
MemFree:         3187284 kB
Active:           471628 kB
Mem:          3.8G       809M       3.0G       5.7M        62M       327M

MemTotal:        4016004 kB
MemFree:         3187532 kB
Active:           471612 kB
Mem:          3.8G       809M       3.0G       5.7M        62M       327M

MemTotal:        4016004 kB
MemFree:         3187408 kB
Active:           471608 kB
Mem:          3.8G       809M       3.0G       5.7M        62M       327M

MemTotal:        4016004 kB
MemFree:         3187408 kB
Active:           471648 kB
Mem:          3.8G       809M       3.0G       5.7M        62M       327M

MemTotal:        4016004 kB
MemFree:         3186912 kB
Active:           471660 kB
Mem:          3.8G       809M       3.0G       5.7M        62M       327M

MemTotal:        4016004 kB
MemFree:         3187532 kB
Active:           471632 kB
Mem:          3.8G       809M       3.0G       5.7M        62M       327M

MemTotal:        4016004 kB
MemFree:         3187532 kB
Active:           471616 kB
Mem:          3.8G       809M       3.0G       5.7M        62M       327M

MemTotal:        4016004 kB
MemFree:         3187408 kB
Active:           471656 kB
Mem:          3.8G       809M       3.0G       5.7M        62M       327M

MemTotal:        4016004 kB
MemFree:         3187160 kB
Active:           471668 kB
Mem:          3.8G       809M       3.0G       5.7M        62M       327M

MemTotal:        4016004 kB
MemFree:         3186912 kB
Active:           471660 kB
Mem:          3.8G       809M       3.0G       5.7M        62M       327M

MemTotal:        4016004 kB
MemFree:         3187408 kB
Active:           471656 kB
Mem:          3.8G       809M       3.0G       5.7M        62M       327M

MemTotal:        4016004 kB
MemFree:         3187780 kB
Active:           471660 kB
Mem:          3.8G       808M       3.0G       5.7M        62M       327M

MemTotal:        4016004 kB
MemFree:         3187532 kB
Active:           471676 kB
Mem:          3.8G       808M       3.0G       5.7M        62M       327M

MemTotal:        4016004 kB
MemFree:         3187532 kB
Active:           471668 kB
Mem:          3.8G       809M       3.0G       5.7M        62M       327M

MemTotal:        4016004 kB
MemFree:         3187408 kB
Active:           471652 kB
Mem:          3.8G       809M       3.0G       5.7M        62M       327M

MemTotal:        4016004 kB
MemFree:         3187408 kB
Active:           471656 kB
Mem:          3.8G       809M       3.0G       5.7M        62M       327M

MemTotal:        4016004 kB
MemFree:         3187532 kB
Active:           471664 kB
Mem:          3.8G       809M       3.0G       5.7M        62M       327M

MemTotal:        4016004 kB
MemFree:         3187408 kB
Active:           471644 kB
Mem:          3.8G       809M       3.0G       5.7M        62M       327M

MemTotal:        4016004 kB
MemFree:         3187532 kB
Active:           471632 kB
Mem:          3.8G       809M       3.0G       5.7M        62M       327M

MemTotal:        4016004 kB
MemFree:         3187656 kB
Active:           471688 kB
Mem:          3.8G       809M       3.0G       5.7M        62M       327M

MemTotal:        4016004 kB
MemFree:         3187780 kB
Active:           471676 kB
Mem:          3.8G       808M       3.0G       5.7M        62M       327M

MemTotal:        4016004 kB
MemFree:         3187904 kB
Active:           471676 kB
Mem:          3.8G       808M       3.0G       5.7M        62M       327M

MemTotal:        4016004 kB
MemFree:         3187656 kB
Active:           471676 kB
Mem:          3.8G       809M       3.0G       5.7M        62M       327M

MemTotal:        4016004 kB
MemFree:         3187408 kB
Active:           471672 kB
Mem:          3.8G       809M       3.0G       5.7M        62M       327M

MemTotal:        4016004 kB
MemFree:         3187408 kB
Active:           471668 kB
Mem:          3.8G       809M       3.0G       5.7M        62M       327M

MemTotal:        4016004 kB
MemFree:         3187408 kB
Active:           471652 kB
Mem:          3.8G       809M       3.0G       5.7M        62M       327M

MemTotal:        4016004 kB
MemFree:         3186352 kB
Active:           469656 kB
Mem:          3.8G       809M       3.0G       5.7M        62M       327M

MemTotal:        4016004 kB
MemFree:         3186972 kB
Active:           471700 kB
Mem:          3.8G       809M       3.0G       5.7M        62M       327M

MemTotal:        4016004 kB
MemFree:         3187220 kB
Active:           471696 kB
Mem:          3.8G       809M       3.0G       5.7M        62M       327M

MemTotal:        4016004 kB
MemFree:         3187220 kB
Active:           471672 kB
Mem:          3.8G       809M       3.0G       5.7M        62M       327M

MemTotal:        4016004 kB
MemFree:         3187592 kB
Active:           471704 kB
Mem:          3.8G       809M       3.0G       5.7M        62M       327M

MemTotal:        4016004 kB
MemFree:         3187468 kB
Active:           471668 kB
Mem:          3.8G       808M       3.0G       5.7M        62M       327M

MemTotal:        4016004 kB
MemFree:         3187716 kB
Active:           471708 kB
Mem:          3.8G       809M       3.0G       5.7M        62M       327M

MemTotal:        4016004 kB
MemFree:         3187220 kB
Active:           471704 kB
Mem:          3.8G       809M       3.0G       5.7M        62M       327M

MemTotal:        4016004 kB
MemFree:         3187468 kB
Active:           471700 kB
Mem:          3.8G       809M       3.0G       5.7M        62M       327M

MemTotal:        4016004 kB
MemFree:         3187840 kB
Active:           471688 kB
Mem:          3.8G       809M       3.0G       5.7M        62M       327M

MemTotal:        4016004 kB
MemFree:         3187592 kB
Active:           471684 kB
Mem:          3.8G       809M       3.0G       5.7M        62M       327M

MemTotal:        4016004 kB
MemFree:         3187592 kB
Active:           471736 kB
Mem:          3.8G       809M       3.0G       5.7M        62M       327M

MemTotal:        4016004 kB
MemFree:         3187592 kB
Active:           471716 kB
Mem:          3.8G       809M       3.0G       5.7M        62M       327M

MemTotal:        4016004 kB
MemFree:         3187344 kB
Active:           471696 kB
Mem:          3.8G       808M       3.0G       5.7M        62M       327M

MemTotal:        4016004 kB
MemFree:         3187344 kB
Active:           471728 kB
Mem:          3.8G       809M       3.0G       5.7M        62M       327M

MemTotal:        4016004 kB
MemFree:         3187468 kB
Active:           471708 kB
Mem:          3.8G       809M       3.0G       5.7M        62M       327M

MemTotal:        4016004 kB
MemFree:         3186972 kB
Active:           471744 kB
Mem:          3.8G       809M       3.0G       5.7M        62M       327M

MemTotal:        4016004 kB
MemFree:         3187096 kB
Active:           471744 kB
Mem:          3.8G       809M       3.0G       5.7M        62M       327M

MemTotal:        4016004 kB
MemFree:         3187344 kB
Active:           471700 kB
Mem:          3.8G       809M       3.0G       5.7M        62M       327M

MemTotal:        4016004 kB
MemFree:         3186848 kB
Active:           471756 kB
Mem:          3.8G       809M       3.0G       5.7M        62M       327M

MemTotal:        4016004 kB
MemFree:         3187032 kB
Active:           469696 kB
Mem:          3.8G       809M       3.0G       5.7M        62M       327M

MemTotal:        4016004 kB
MemFree:         3187032 kB
Active:           469668 kB
Mem:          3.8G       809M       3.0G       5.7M        62M       327M

MemTotal:        4016004 kB
MemFree:         3187032 kB
Active:           471728 kB
Mem:          3.8G       809M       3.0G       5.7M        62M       327M

MemTotal:        4016004 kB
MemFree:         3187032 kB
Active:           471764 kB
Mem:          3.8G       809M       3.0G       5.7M        62M       327M

MemTotal:        4016004 kB
MemFree:         3187156 kB
Active:           471736 kB
Mem:          3.8G       809M       3.0G       5.7M        62M       327M

MemTotal:        4016004 kB
MemFree:         3187032 kB
Active:           471756 kB
Mem:          3.8G       809M       3.0G       5.7M        62M       327M

MemTotal:        4016004 kB
MemFree:         3186908 kB
Active:           471780 kB
Mem:          3.8G       809M       3.0G       5.7M        62M       327M

MemTotal:        4016004 kB
MemFree:         3187032 kB
Active:           471780 kB
Mem:          3.8G       809M       3.0G       5.7M        62M       327M

MemTotal:        4016004 kB
MemFree:         3187280 kB
Active:           471756 kB
Mem:          3.8G       809M       3.0G       5.7M        62M       327M

MemTotal:        4016004 kB
MemFree:         3187280 kB
Active:           471724 kB
Mem:          3.8G       809M       3.0G       5.7M        62M       327M

MemTotal:        4016004 kB
MemFree:         3187404 kB
Active:           471760 kB
Mem:          3.8G       809M       3.0G       5.7M        62M       327M

MemTotal:        4016004 kB
MemFree:         3187032 kB
Active:           471784 kB
Mem:          3.8G       809M       3.0G       5.7M        62M       327M

MemTotal:        4016004 kB
MemFree:         3187528 kB
Active:           471752 kB
Mem:          3.8G       809M       3.0G       5.7M        62M       327M

MemTotal:        4016004 kB
MemFree:         3186908 kB
Active:           471792 kB
Mem:          3.8G       809M       3.0G       5.7M        62M       327M

MemTotal:        4016004 kB
MemFree:         3186784 kB
Active:           471796 kB
Mem:          3.8G       809M       3.0G       5.7M        62M       327M

MemTotal:        4016004 kB
MemFree:         3187404 kB
Active:           471792 kB
Mem:          3.8G       809M       3.0G       5.7M        62M       327M

MemTotal:        4016004 kB
MemFree:         3187528 kB
Active:           471752 kB
Mem:          3.8G       808M       3.0G       5.7M        62M       327M

MemTotal:        4016004 kB
MemFree:         3187280 kB
Active:           471796 kB
Mem:          3.8G       809M       3.0G       5.7M        62M       327M

MemTotal:        4016004 kB
MemFree:         3187528 kB
Active:           471768 kB
Mem:          3.8G       809M       3.0G       5.7M        62M       327M

MemTotal:        4016004 kB
MemFree:         3187528 kB
Active:           471748 kB
Mem:          3.8G       809M       3.0G       5.7M        62M       327M

MemTotal:        4016004 kB
MemFree:         3187528 kB
Active:           471748 kB
Mem:          3.8G       809M       3.0G       5.7M        62M       327M

MemTotal:        4016004 kB
MemFree:         3187528 kB
Active:           471760 kB
Mem:          3.8G       809M       3.0G       5.7M        62M       327M

MemTotal:        4016004 kB
MemFree:         3187900 kB
Active:           471804 kB
Mem:          3.8G       808M       3.0G       5.7M        62M       327M

MemTotal:        4016004 kB
MemFree:         3187776 kB
Active:           471780 kB
Mem:          3.8G       809M       3.0G       5.7M        62M       327M

MemTotal:        4016004 kB
MemFree:         3187776 kB
Active:           471800 kB
Mem:          3.8G       808M       3.0G       5.7M        62M       327M

MemTotal:        4016004 kB
MemFree:         3187652 kB
Active:           471764 kB
Mem:          3.8G       809M       3.0G       5.7M        62M       327M

MemTotal:        4016004 kB
MemFree:         3187528 kB
Active:           471784 kB
Mem:          3.8G       809M       3.0G       5.7M        62M       327M

MemTotal:        4016004 kB
MemFree:         3187652 kB
Active:           471796 kB
Mem:          3.8G       809M       3.0G       5.7M        62M       327M

MemTotal:        4016004 kB
MemFree:         3187900 kB
Active:           471780 kB
Mem:          3.8G       809M       3.0G       5.7M        62M       327M

MemTotal:        4016004 kB
MemFree:         3187776 kB
Active:           471812 kB
Mem:          3.8G       808M       3.0G       5.7M        62M       327M

MemTotal:        4016004 kB
MemFree:         3187404 kB
Active:           471824 kB
Mem:          3.8G       809M       3.0G       5.7M        62M       327M

MemTotal:        4016004 kB
MemFree:         3187032 kB
Active:           471816 kB
Mem:          3.8G       809M       3.0G       5.7M        62M       327M

MemTotal:        4016004 kB
MemFree:         3187032 kB
Active:           471792 kB
Mem:          3.8G       809M       3.0G       5.7M        62M       327M

MemTotal:        4016004 kB
MemFree:         3187280 kB
Active:           471776 kB
Mem:          3.8G       809M       3.0G       5.7M        62M       327M

MemTotal:        4016004 kB
MemFree:         3187032 kB
Active:           471836 kB
Mem:          3.8G       809M       3.0G       5.7M        62M       327M

MemTotal:        4016004 kB
MemFree:         3187156 kB
Active:           471836 kB
Mem:          3.8G       809M       3.0G       5.7M        62M       327M

MemTotal:        4016004 kB
MemFree:         3187528 kB
Active:           471792 kB
Mem:          3.8G       809M       3.0G       5.7M        62M       327M

MemTotal:        4016004 kB
MemFree:         3187156 kB
Active:           471840 kB
Mem:          3.8G       809M       3.0G       5.7M        62M       327M

MemTotal:        4016004 kB
MemFree:         3187404 kB
Active:           471840 kB
Mem:          3.8G       809M       3.0G       5.7M        62M       327M

MemTotal:        4016004 kB
MemFree:         3187528 kB
Active:           471836 kB
Mem:          3.8G       809M       3.0G       5.7M        62M       327M

MemTotal:        4016004 kB
MemFree:         3187404 kB
Active:           471808 kB
Mem:          3.8G       809M       3.0G       5.7M        62M       327M

MemTotal:        4016004 kB
MemFree:         3187016 kB
Active:           471848 kB
Mem:          3.8G       809M       3.0G       5.7M        62M       327M

MemTotal:        4016004 kB
MemFree:         3187140 kB
Active:           471812 kB
Mem:          3.8G       809M       3.0G       5.7M        62M       327M

MemTotal:        4016004 kB
MemFree:         3187264 kB
Active:           471840 kB
Mem:          3.8G       809M       3.0G       5.7M        62M       327M

MemTotal:        4016004 kB
MemFree:         3186892 kB
Active:           471856 kB
Mem:          3.8G       809M       3.0G       5.7M        62M       327M

MemTotal:        4016004 kB
MemFree:         3186892 kB
Active:           471848 kB
Mem:          3.8G       809M       3.0G       5.7M        62M       327M

MemTotal:        4016004 kB
MemFree:         3187140 kB
Active:           471824 kB
Mem:          3.8G       809M       3.0G       5.7M        62M       327M

MemTotal:        4016004 kB
MemFree:         3187140 kB
Active:           471844 kB
Mem:          3.8G       809M       3.0G       5.7M        62M       327M

MemTotal:        4016004 kB
MemFree:         3187140 kB
Active:           471856 kB
Mem:          3.8G       809M       3.0G       5.7M        62M       327M

MemTotal:        4016004 kB
MemFree:         3187348 kB
Active:           469892 kB
Mem:          3.8G       808M       3.0G       5.7M        62M       327M

MemTotal:        4016004 kB
MemFree:         3187632 kB
Active:           471808 kB
Mem:          3.8G       808M       3.0G       5.7M        62M       327M

MemTotal:        4016004 kB
MemFree:         3187632 kB
Active:           471828 kB
Mem:          3.8G       808M       3.0G       5.7M        62M       327M

MemTotal:        4016004 kB
MemFree:         3187508 kB
Active:           471812 kB
Mem:          3.8G       809M       3.0G       5.7M        62M       327M

MemTotal:        4016004 kB
MemFree:         3187508 kB
Active:           471816 kB
Mem:          3.8G       809M       3.0G       5.7M        62M       327M

MemTotal:        4016004 kB
MemFree:         3187508 kB
Active:           471852 kB
Mem:          3.8G       809M       3.0G       5.7M        62M       327M

MemTotal:        4016004 kB
MemFree:         3187260 kB
Active:           471828 kB
Mem:          3.8G       809M       3.0G       5.7M        62M       327M

MemTotal:        4016004 kB
MemFree:         3187260 kB
Active:           471848 kB
Mem:          3.8G       809M       3.0G       5.7M        62M       327M

MemTotal:        4016004 kB
MemFree:         3187260 kB
Active:           471840 kB
Mem:          3.8G       809M       3.0G       5.7M        62M       327M

MemTotal:        4016004 kB
MemFree:         3187136 kB
Active:           471860 kB
Mem:          3.8G       809M       3.0G       5.7M        62M       327M

MemTotal:        4016004 kB
MemFree:         3186616 kB
Active:           469888 kB
Mem:          3.8G       809M       3.0G       5.7M        62M       327M

MemTotal:        4016004 kB
MemFree:         3187120 kB
Active:           469788 kB
Mem:          3.8G       809M       3.0G       5.7M        62M       327M

MemTotal:        4016004 kB
MemFree:         3186748 kB
Active:           471876 kB
Mem:          3.8G       809M       3.0G       5.7M        62M       327M

MemTotal:        4016004 kB
MemFree:         3187368 kB
Active:           471868 kB
Mem:          3.8G       809M       3.0G       5.7M        62M       327M

MemTotal:        4016004 kB
MemFree:         3187244 kB
Active:           471844 kB
Mem:          3.8G       809M       3.0G       5.7M        62M       327M

MemTotal:        4016004 kB
MemFree:         3187244 kB
Active:           471872 kB
Mem:          3.8G       809M       3.0G       5.7M        62M       327M

MemTotal:        4016004 kB
MemFree:         3187368 kB
Active:           471856 kB
Mem:          3.8G       809M       3.0G       5.7M        62M       327M

MemTotal:        4016004 kB
MemFree:         3187244 kB
Active:           471888 kB
Mem:          3.8G       809M       3.0G       5.7M        62M       327M

MemTotal:        4016004 kB
MemFree:         3187368 kB
Active:           471864 kB
Mem:          3.8G       809M       3.0G       5.7M        62M       327M

MemTotal:        4016004 kB
MemFree:         3187492 kB
Active:           471852 kB
Mem:          3.8G       809M       3.0G       5.7M        62M       327M

MemTotal:        4016004 kB
MemFree:         3187208 kB
Active:           469844 kB
Mem:          3.8G       809M       3.0G       5.7M        62M       327M

MemTotal:        4016004 kB
MemFree:         3187480 kB
Active:           471860 kB
Mem:          3.8G       809M       3.0G       5.7M        62M       327M

MemTotal:        4016004 kB
MemFree:         3187480 kB
Active:           471856 kB
Mem:          3.8G       809M       3.0G       5.7M        62M       327M

MemTotal:        4016004 kB
MemFree:         3187108 kB
Active:           471904 kB
Mem:          3.8G       809M       3.0G       5.7M        62M       327M

MemTotal:        4016004 kB
MemFree:         3186984 kB
Active:           471904 kB
Mem:          3.8G       809M       3.0G       5.7M        62M       327M

MemTotal:        4016004 kB
MemFree:         3187356 kB
Active:           471856 kB
Mem:          3.8G       809M       3.0G       5.7M        62M       327M

MemTotal:        4016004 kB
MemFree:         3186860 kB
Active:           471904 kB
Mem:          3.8G       809M       3.0G       5.7M        62M       327M

MemTotal:        4016004 kB
MemFree:         3187480 kB
Active:           471864 kB
Mem:          3.8G       809M       3.0G       5.7M        62M       327M

MemTotal:        4016004 kB
MemFree:         3187308 kB
Active:           471976 kB
Mem:          3.8G       809M       3.0G       5.7M        62M       327M

MemTotal:        4016004 kB
MemFree:         3142896 kB
Active:           472416 kB
Mem:          3.8G       852M       3.0G       5.7M        62M       369M

MemTotal:        4016004 kB
MemFree:         3094484 kB
Active:           472380 kB
Mem:          3.8G       900M       3.0G       5.7M        62M       414M

MemTotal:        4016004 kB
MemFree:         3048260 kB
Active:           472392 kB
Mem:          3.8G       945M       2.9G       5.7M        62M       459M

MemTotal:        4016004 kB
MemFree:         3001664 kB
Active:           472396 kB
Mem:          3.8G       990M       2.9G       5.7M        62M       504M

MemTotal:        4016004 kB
MemFree:         2955532 kB
Active:           472396 kB
Mem:          3.8G       1.0G       2.8G       5.7M        62M       548M

MemTotal:        4016004 kB
MemFree:         2908936 kB
Active:           472408 kB
Mem:          3.8G       1.1G       2.8G       5.7M        62M       593M

MemTotal:        4016004 kB
MemFree:         2862340 kB
Active:           472408 kB
Mem:          3.8G       1.1G       2.7G       5.7M        62M       638M

MemTotal:        4016004 kB
MemFree:         2815584 kB
Active:           472400 kB
Mem:          3.8G       1.1G       2.7G       5.7M        62M       683M

MemTotal:        4016004 kB
MemFree:         2768584 kB
Active:           472412 kB
Mem:          3.8G       1.2G       2.6G       5.7M        62M       728M

MemTotal:        4016004 kB
MemFree:         2722584 kB
Active:           472412 kB
Mem:          3.8G       1.2G       2.6G       5.7M        62M       772M

MemTotal:        4016004 kB
MemFree:         2699992 kB
Active:           472416 kB
Mem:          3.8G       1.3G       2.6G       5.7M        62M       794M

MemTotal:        4016004 kB
MemFree:         2653832 kB
Active:           472424 kB
Mem:          3.8G       1.3G       2.5G       5.7M        62M       838M

MemTotal:        4016004 kB
MemFree:         2639740 kB
Active:           472436 kB
Mem:          3.8G       1.3G       2.5G       5.7M        62M       851M

MemTotal:        4016004 kB
MemFree:         2593896 kB
Active:           472436 kB
Mem:          3.8G       1.4G       2.5G       5.7M        62M       896M

MemTotal:        4016004 kB
MemFree:         2546620 kB
Active:           472452 kB
Mem:          3.8G       1.4G       2.4G       5.7M        62M       940M

MemTotal:        4016004 kB
MemFree:         2500880 kB
Active:           472436 kB
Mem:          3.8G       1.4G       2.4G       5.7M        62M       985M

MemTotal:        4016004 kB
MemFree:         2453896 kB
Active:           472456 kB
Mem:          3.8G       1.5G       2.3G       5.7M        62M       1.0G

MemTotal:        4016004 kB
MemFree:         2407736 kB
Active:           472460 kB
Mem:          3.8G       1.5G       2.3G       5.7M        62M       1.0G

MemTotal:        4016004 kB
MemFree:         2361232 kB
Active:           472456 kB
Mem:          3.8G       1.6G       2.3G       5.7M        62M       1.1G

MemTotal:        4016004 kB
MemFree:         2314512 kB
Active:           472460 kB
Mem:          3.8G       1.6G       2.2G       5.7M        62M       1.1G

MemTotal:        4016004 kB
MemFree:         2268008 kB
Active:           472468 kB
Mem:          3.8G       1.7G       2.2G       5.7M        62M       1.2G

MemTotal:        4016004 kB
MemFree:         2221588 kB
Active:           472548 kB
Mem:          3.8G       1.7G       2.1G       5.7M        62M       1.2G

MemTotal:        4016004 kB
MemFree:         2208576 kB
Active:           472504 kB
Mem:          3.8G       1.7G       2.1G       5.7M        62M       1.2G

MemTotal:        4016004 kB
MemFree:         2163272 kB
Active:           472520 kB
Mem:          3.8G       1.8G       2.1G       5.7M        62M       1.3G

MemTotal:        4016004 kB
MemFree:         2117208 kB
Active:           472520 kB
Mem:          3.8G       1.8G       2.0G       5.7M        62M       1.3G

MemTotal:        4016004 kB
MemFree:         2116848 kB
Active:           472492 kB
Mem:          3.8G       1.8G       2.0G       5.7M        62M       1.3G

MemTotal:        4016004 kB
MemFree:         2116848 kB
Active:           472504 kB
Mem:          3.8G       1.8G       2.0G       5.7M        62M       1.3G

MemTotal:        4016004 kB
MemFree:         2117104 kB
Active:           472500 kB
Mem:          3.8G       1.8G       2.0G       5.7M        62M       1.3G

MemTotal:        4016004 kB
MemFree:         2077852 kB
Active:           472552 kB
Mem:          3.8G       1.8G       2.0G       5.7M        62M       1.4G

MemTotal:        4016004 kB
MemFree:         2031296 kB
Active:           472556 kB
Mem:          3.8G       1.9G       1.9G       5.7M        62M       1.4G

MemTotal:        4016004 kB
MemFree:         1984576 kB
Active:           474604 kB
Mem:          3.8G       1.9G       1.9G       5.7M        62M       1.4G

MemTotal:        4016004 kB
MemFree:         1937824 kB
Active:           472624 kB
Mem:          3.8G       2.0G       1.8G       5.7M        62M       1.5G

MemTotal:        4016004 kB
MemFree:         1891600 kB
Active:           472580 kB
Mem:          3.8G       2.0G       1.8G       5.7M        62M       1.5G

MemTotal:        4016004 kB
MemFree:         1845004 kB
Active:           472580 kB
Mem:          3.8G       2.1G       1.8G       5.7M        62M       1.6G

MemTotal:        4016004 kB
MemFree:         1798888 kB
Active:           472544 kB
Mem:          3.8G       2.1G       1.7G       5.7M        62M       1.6G

MemTotal:        4016004 kB
MemFree:         1765220 kB
Active:           472580 kB
Mem:          3.8G       2.1G       1.7G       5.7M        62M       1.7G

MemTotal:        4016004 kB
MemFree:         1757756 kB
Active:           472532 kB
Mem:          3.8G       2.2G       1.7G       5.7M        62M       1.7G

MemTotal:        4016004 kB
MemFree:         1710540 kB
Active:           472588 kB
Mem:          3.8G       2.2G       1.6G       5.7M        62M       1.7G

MemTotal:        4016004 kB
MemFree:         1677476 kB
Active:           472592 kB
Mem:          3.8G       2.2G       1.6G       5.7M        62M       1.7G

MemTotal:        4016004 kB
MemFree:         1653668 kB
Active:           472584 kB
Mem:          3.8G       2.3G       1.6G       5.7M        62M       1.8G

MemTotal:        4016004 kB
MemFree:         1606908 kB
Active:           472604 kB
Mem:          3.8G       2.3G       1.5G       5.7M        62M       1.8G

MemTotal:        4016004 kB
MemFree:         1565452 kB
Active:           474656 kB
Mem:          3.8G       2.3G       1.5G       5.7M        62M       1.8G

MemTotal:        4016004 kB
MemFree:         1557060 kB
Active:           474596 kB
Mem:          3.8G       2.3G       1.5G       5.7M        62M       1.8G

MemTotal:        4016004 kB
MemFree:         1510836 kB
Active:           474644 kB
Mem:          3.8G       2.4G       1.4G       5.7M        62M       1.9G

MemTotal:        4016004 kB
MemFree:         1464984 kB
Active:           476688 kB
Mem:          3.8G       2.4G       1.4G       5.7M        62M       1.9G

MemTotal:        4016004 kB
MemFree:         1418868 kB
Active:           476644 kB
Mem:          3.8G       2.5G       1.4G       5.7M        62M       2.0G

MemTotal:        4016004 kB
MemFree:         1372768 kB
Active:           476660 kB
Mem:          3.8G       2.5G       1.3G       5.7M        62M       2.0G

MemTotal:        4016004 kB
MemFree:         1326296 kB
Active:           476656 kB
Mem:          3.8G       2.6G       1.3G       5.7M        62M       2.1G

MemTotal:        4016004 kB
MemFree:         1279052 kB
Active:           476716 kB
Mem:          3.8G       2.6G       1.2G       5.7M        62M       2.1G

MemTotal:        4016004 kB
MemFree:         1236700 kB
Active:           476716 kB
Mem:          3.8G       2.7G       1.2G       5.7M        62M       2.1G

MemTotal:        4016004 kB
MemFree:         1218960 kB
Active:           476720 kB
Mem:          3.8G       2.7G       1.2G       5.7M        62M       2.2G

MemTotal:        4016004 kB
MemFree:         1179796 kB
Active:           476728 kB
Mem:          3.8G       2.7G       1.1G       5.7M        62M       2.2G

MemTotal:        4016004 kB
MemFree:         1179428 kB
Active:           476728 kB
Mem:          3.8G       2.7G       1.1G       5.7M        62M       2.2G

MemTotal:        4016004 kB
MemFree:         1179720 kB
Active:           476684 kB
Mem:          3.8G       2.7G       1.1G       5.7M        62M       2.2G

MemTotal:        4016004 kB
MemFree:         1143624 kB
Active:           476744 kB
Mem:          3.8G       2.7G       1.1G       5.7M        62M       2.2G

MemTotal:        4016004 kB
MemFree:         1097400 kB
Active:           476744 kB
Mem:          3.8G       2.8G       1.0G       5.7M        62M       2.3G

MemTotal:        4016004 kB
MemFree:         1050680 kB
Active:           476744 kB
Mem:          3.8G       2.8G       1.0G       5.7M        62M       2.3G

MemTotal:        4016004 kB
MemFree:         1004688 kB
Active:           476752 kB
Mem:          3.8G       2.9G       980M       5.7M        62M       2.4G

MemTotal:        4016004 kB
MemFree:          957720 kB
Active:           476752 kB
Mem:          3.8G       2.9G       934M       5.7M        62M       2.4G

MemTotal:        4016004 kB
MemFree:          911464 kB
Active:           476748 kB
Mem:          3.8G       3.0G       889M       5.7M        62M       2.5G

MemTotal:        4016004 kB
MemFree:          864356 kB
Active:           476756 kB
Mem:          3.8G       3.0G       843M       5.7M        62M       2.5G

MemTotal:        4016004 kB
MemFree:          817844 kB
Active:           476716 kB
Mem:          3.8G       3.1G       798M       5.7M        62M       2.5G

MemTotal:        4016004 kB
MemFree:          770660 kB
Active:           476768 kB
Mem:          3.8G       3.1G       752M       5.7M        62M       2.6G

MemTotal:        4016004 kB
MemFree:          724412 kB
Active:           476804 kB
Mem:          3.8G       3.1G       706M       5.7M        62M       2.6G

MemTotal:        4016004 kB
MemFree:          677692 kB
Active:           476804 kB
Mem:          3.8G       3.2G       661M       5.7M        62M       2.7G

MemTotal:        4016004 kB
MemFree:          630448 kB
Active:           476808 kB
Mem:          3.8G       3.2G       615M       5.7M        62M       2.7G

MemTotal:        4016004 kB
MemFree:          584400 kB
Active:           476808 kB
Mem:          3.8G       3.3G       570M       5.7M        62M       2.8G

MemTotal:        4016004 kB
MemFree:          537724 kB
Active:           476768 kB
Mem:          3.8G       3.3G       524M       5.7M        62M       2.8G

MemTotal:        4016004 kB
MemFree:          490368 kB
Active:           476816 kB
Mem:          3.8G       3.4G       478M       5.7M        62M       2.8G

MemTotal:        4016004 kB
MemFree:          444020 kB
Active:           476816 kB
Mem:          3.8G       3.4G       432M       5.7M        62M       2.9G

MemTotal:        4016004 kB
MemFree:          397064 kB
Active:           476816 kB
Mem:          3.8G       3.5G       387M       5.7M        62M       2.9G

MemTotal:        4016004 kB
MemFree:          349996 kB
Active:           474736 kB
Mem:          3.8G       3.5G       341M       5.7M        62M       3.0G

MemTotal:        4016004 kB
MemFree:          303480 kB
Active:           474776 kB
Mem:          3.8G       3.5G       296M       5.7M        62M       3.0G

MemTotal:        4016004 kB
MemFree:          264840 kB
Active:           474788 kB
Mem:          3.8G       3.6G       258M       5.7M        62M       3.1G

MemTotal:        4016004 kB
MemFree:          245308 kB
Active:           474796 kB
Mem:          3.8G       3.6G       238M       5.7M        62M       3.1G

MemTotal:        4016004 kB
MemFree:          198604 kB
Active:           474760 kB
Mem:          3.8G       3.6G       193M       5.7M        62M       3.1G

MemTotal:        4016004 kB
MemFree:          160336 kB
Active:           474764 kB
Mem:          3.8G       3.7G       156M       5.7M        62M       3.2G

MemTotal:        4016004 kB
MemFree:          153888 kB
Active:           474804 kB
Mem:          3.8G       3.7G       149M       5.7M        62M       3.2G

MemTotal:        4016004 kB
MemFree:          106992 kB
Active:           474808 kB
Mem:          3.8G       3.7G       104M       5.7M        62M       3.2G

MemTotal:        4016004 kB
MemFree:          114848 kB
Active:           477920 kB
Mem:          3.8G       3.7G       110M       5.7M        29M       3.2G

MemTotal:        4016004 kB
MemFree:          143116 kB
Active:           527324 kB
Mem:          3.8G       3.7G       138M       5.7M        29M       3.2G

MemTotal:        4016004 kB
MemFree:          129116 kB
Active:           523748 kB
Mem:          3.8G       3.7G       147M       5.7M        29M       3.2G

MemTotal:        4016004 kB
MemFree:          107056 kB
Active:           521904 kB
Mem:          3.8G       3.7G       104M       5.7M        29M       3.2G

MemTotal:        4016004 kB
MemFree:          133308 kB
Active:           515124 kB
Mem:          3.8G       3.7G       129M       5.7M        29M       3.2G

MemTotal:        4016004 kB
MemFree:          133100 kB
Active:           510132 kB
Mem:          3.8G       3.7G       129M       5.7M        29M       3.2G

MemTotal:        4016004 kB
MemFree:          127104 kB
Active:           510008 kB
Mem:          3.8G       3.7G       123M       5.7M        29M       3.2G

MemTotal:        4016004 kB
MemFree:          124056 kB
Active:           506688 kB
Mem:          3.8G       3.7G       121M       5.7M        29M       3.2G

MemTotal:        4016004 kB
MemFree:          123540 kB
Active:           506568 kB
Mem:          3.8G       3.7G       120M       5.7M        29M       3.2G

MemTotal:        4016004 kB
MemFree:          125880 kB
Active:           504800 kB
Mem:          3.8G       3.7G       122M       5.7M        29M       3.2G

MemTotal:        4016004 kB
MemFree:          120544 kB
Active:           500172 kB
Mem:          3.8G       3.7G       117M       5.7M        29M       3.2G

MemTotal:        4016004 kB
MemFree:          127252 kB
Active:           493232 kB
Mem:          3.8G       3.7G       124M       5.7M        29M       3.2G

MemTotal:        4016004 kB
MemFree:          116864 kB
Active:           487748 kB
Mem:          3.8G       3.7G       113M       5.7M        29M       3.2G

MemTotal:        4016004 kB
MemFree:          107080 kB
Active:           484320 kB
Mem:          3.8G       3.7G       104M       5.7M        29M       3.2G

MemTotal:        4016004 kB
MemFree:          131784 kB
Active:           480356 kB
Mem:          3.8G       3.7G       128M       5.7M        29M       3.2G

MemTotal:        4016004 kB
MemFree:          127264 kB
Active:           476560 kB
Mem:          3.8G       3.7G       123M       5.7M        29M       3.2G

MemTotal:        4016004 kB
MemFree:          128268 kB
Active:           474776 kB
Mem:          3.8G       3.7G       125M       5.7M        29M       3.2G

MemTotal:        4016004 kB
MemFree:          115404 kB
Active:           474680 kB
Mem:          3.8G       3.7G       112M       5.7M        29M       3.2G

MemTotal:        4016004 kB
MemFree:          131244 kB
Active:           470764 kB
Mem:          3.8G       3.7G       127M       5.7M        29M       3.2G

MemTotal:        4016004 kB
MemFree:          108128 kB
Active:           470000 kB
Mem:          3.8G       3.7G       105M       5.7M        29M       3.2G

MemTotal:        4016004 kB
MemFree:          134008 kB
Active:           467696 kB
Mem:          3.8G       3.7G       130M       5.7M        29M       3.2G

MemTotal:        4016004 kB
MemFree:          123280 kB
Active:           466552 kB
Mem:          3.8G       3.7G       120M       5.7M        29M       3.2G

MemTotal:        4016004 kB
MemFree:          124036 kB
Active:           462948 kB
Mem:          3.8G       3.7G       120M       5.7M        29M       3.2G

MemTotal:        4016004 kB
MemFree:          137456 kB
Active:           461164 kB
Mem:          3.8G       3.7G       134M       5.7M        29M       3.2G

MemTotal:        4016004 kB
MemFree:          128416 kB
Active:           458016 kB
Mem:          3.8G       3.7G       124M       5.7M        29M       3.2G

MemTotal:        4016004 kB
MemFree:          128588 kB
Active:           456224 kB
Mem:          3.8G       3.7G       125M       5.7M        29M       3.2G

MemTotal:        4016004 kB
MemFree:          135560 kB
Active:           454568 kB
Mem:          3.8G       3.7G       132M       5.7M        29M       3.2G

MemTotal:        4016004 kB
MemFree:          108528 kB
Active:           454580 kB
Mem:          3.8G       3.7G       105M       5.7M        29M       3.2G

MemTotal:        4016004 kB
MemFree:          133496 kB
Active:           452276 kB
Mem:          3.8G       3.7G       130M       5.7M        29M       3.2G

MemTotal:        4016004 kB
MemFree:          117008 kB
Active:           452276 kB
Mem:          3.8G       3.7G       114M       5.7M        29M       3.2G

MemTotal:        4016004 kB
MemFree:          134084 kB
Active:           450496 kB
Mem:          3.8G       3.7G       130M       5.7M        29M       3.2G

MemTotal:        4016004 kB
MemFree:          106300 kB
Active:           450496 kB
Mem:          3.8G       3.7G       103M       5.7M        29M       3.2G

MemTotal:        4016004 kB
MemFree:          105656 kB
Active:           450500 kB
Mem:          3.8G       3.7G       103M       5.7M        29M       3.2G

MemTotal:        4016004 kB
MemFree:          140408 kB
Active:           446452 kB
Mem:          3.8G       3.7G       137M       5.7M        29M       3.2G

MemTotal:        4016004 kB
MemFree:          129896 kB
Active:           443352 kB
Mem:          3.8G       3.7G       126M       5.7M        29M       3.2G

MemTotal:        4016004 kB
MemFree:          118500 kB
Active:           442204 kB
Mem:          3.8G       3.7G       115M       5.7M        29M       3.2G

MemTotal:        4016004 kB
MemFree:          132152 kB
Active:           438344 kB
Mem:          3.8G       3.7G       129M       5.7M        29M       3.2G

MemTotal:        4016004 kB
MemFree:          121524 kB
Active:           437196 kB
Mem:          3.8G       3.7G       118M       5.7M        29M       3.2G

MemTotal:        4016004 kB
MemFree:          129100 kB
Active:           435148 kB
Mem:          3.8G       3.7G       125M       5.7M        29M       3.2G

MemTotal:        4016004 kB
MemFree:          117896 kB
Active:           433996 kB
Mem:          3.8G       3.7G       114M       5.7M        29M       3.2G

MemTotal:        4016004 kB
MemFree:          106128 kB
Active:           432844 kB
Mem:          3.8G       3.7G       103M       5.7M        29M       3.2G

MemTotal:        4016004 kB
MemFree:          141272 kB
Active:           430816 kB
Mem:          3.8G       3.7G       137M       5.7M        29M       3.2G

MemTotal:        4016004 kB
MemFree:          130960 kB
Active:           429676 kB
Mem:          3.8G       3.7G       127M       5.7M        29M       3.2G

MemTotal:        4016004 kB
MemFree:          114316 kB
Active:           428524 kB
Mem:          3.8G       3.7G       111M       5.7M        29M       3.2G

MemTotal:        4016004 kB
MemFree:          127080 kB
Active:           426860 kB
Mem:          3.8G       3.7G       124M       5.7M        29M       3.2G

MemTotal:        4016004 kB
MemFree:          116460 kB
Active:           425324 kB
Mem:          3.8G       3.7G       113M       5.7M        29M       3.2G

MemTotal:        4016004 kB
MemFree:          106196 kB
Active:           424176 kB
Mem:          3.8G       3.7G       103M       5.7M        29M       3.2G

MemTotal:        4016004 kB
MemFree:          135720 kB
Active:           421620 kB
Mem:          3.8G       3.7G       132M       5.7M        29M       3.2G

MemTotal:        4016004 kB
MemFree:          131416 kB
Active:           419960 kB
Mem:          3.8G       3.7G       127M       5.7M        29M       3.2G

MemTotal:        4016004 kB
MemFree:          134832 kB
Active:           418432 kB
Mem:          3.8G       3.7G       131M       5.7M        29M       3.2G

MemTotal:        4016004 kB
MemFree:          129544 kB
Active:           416896 kB
Mem:          3.8G       3.7G       126M       5.7M        29M       3.2G

MemTotal:        4016004 kB
MemFree:          112788 kB
Active:           416132 kB
Mem:          3.8G       3.7G       110M       5.7M        29M       3.2G

MemTotal:        4016004 kB
MemFree:          114924 kB
Active:           414984 kB
Mem:          3.8G       3.7G       111M       5.7M        29M       3.2G

MemTotal:        4016004 kB
MemFree:          113524 kB
Active:           415000 kB
Mem:          3.8G       3.7G       110M       5.7M        29M       3.2G

MemTotal:        4016004 kB
MemFree:          115592 kB
Active:           413860 kB
Mem:          3.8G       3.7G       112M       5.7M        29M       3.2G

MemTotal:        4016004 kB
MemFree:          119608 kB
Active:           411940 kB
Mem:          3.8G       3.7G       116M       5.7M        29M       3.2G

MemTotal:        4016004 kB
MemFree:          110412 kB
Active:           408820 kB
Mem:          3.8G       3.7G       107M       5.7M        29M       3.2G

MemTotal:        4016004 kB
MemFree:          134684 kB
Active:           406520 kB
Mem:          3.8G       3.7G       131M       5.7M        29M       3.2G

MemTotal:        4016004 kB
MemFree:          141576 kB
Active:           402916 kB
Mem:          3.8G       3.7G       138M       5.7M        29M       3.2G

MemTotal:        4016004 kB
MemFree:          130692 kB
Active:           401764 kB
Mem:          3.8G       3.7G       127M       5.7M        29M       3.2G

MemTotal:        4016004 kB
MemFree:          120040 kB
Active:           400612 kB
Mem:          3.8G       3.7G       116M       5.7M        29M       3.2G

MemTotal:        4016004 kB
MemFree:          136860 kB
Active:           400208 kB
Mem:          3.8G       3.7G       133M       5.7M        29M       3.2G

MemTotal:        4016004 kB
MemFree:          125064 kB
Active:           400212 kB
Mem:          3.8G       3.7G       121M       5.7M        29M       3.2G

MemTotal:        4016004 kB
MemFree:          113404 kB
Active:           400220 kB
Mem:          3.8G       3.7G       110M       5.7M        29M       3.2G

MemTotal:        4016004 kB
MemFree:          126872 kB
Active:           400096 kB
Mem:          3.8G       3.7G       123M       5.7M        29M       3.2G

MemTotal:        4016004 kB
MemFree:          105540 kB
Active:           400064 kB
Mem:          3.8G       3.7G       102M       5.7M        29M       3.2G

MemTotal:        4016004 kB
MemFree:          105076 kB
Active:           400076 kB
Mem:          3.8G       3.7G       102M       5.7M        29M       3.2G

MemTotal:        4016004 kB
MemFree:          114024 kB
Active:           400084 kB
Mem:          3.8G       3.7G       110M       5.7M        29M       3.2G

MemTotal:        4016004 kB
MemFree:          119868 kB
Active:           400088 kB
Mem:          3.8G       3.7G       116M       5.7M        29M       3.2G

MemTotal:        4016004 kB
MemFree:          110572 kB
Active:           400088 kB
Mem:          3.8G       3.7G       107M       5.7M        29M       3.2G

MemTotal:        4016004 kB
MemFree:          128600 kB
Active:           400092 kB
Mem:          3.8G       3.7G       125M       5.7M        29M       3.2G

MemTotal:        4016004 kB
MemFree:          107320 kB
Active:           400100 kB
Mem:          3.8G       3.7G       104M       5.7M        29M       3.2G

MemTotal:        4016004 kB
MemFree:          131840 kB
Active:           399996 kB
Mem:          3.8G       3.7G       128M       5.7M        29M       3.2G

MemTotal:        4016004 kB
MemFree:          138012 kB
Active:           400000 kB
Mem:          3.8G       3.7G       134M       5.7M        29M       3.2G

MemTotal:        4016004 kB
MemFree:          128148 kB
Active:           400016 kB
Mem:          3.8G       3.7G       124M       5.7M        29M       3.2G

MemTotal:        4016004 kB
MemFree:          116196 kB
Active:           400020 kB
Mem:          3.8G       3.7G       113M       5.7M        29M       3.2G

MemTotal:        4016004 kB
MemFree:          119432 kB
Active:           400024 kB
Mem:          3.8G       3.7G       116M       5.7M        29M       3.2G

MemTotal:        4016004 kB
MemFree:          120204 kB
Active:           400036 kB
Mem:          3.8G       3.7G       117M       5.7M        29M       3.2G

MemTotal:        4016004 kB
MemFree:          118548 kB
Active:           400036 kB
Mem:          3.8G       3.7G       115M       5.7M        29M       3.2G

MemTotal:        4016004 kB
MemFree:          146564 kB
Active:           400036 kB
Mem:          3.8G       3.7G       143M       5.7M        29M       3.2G

MemTotal:        4016004 kB
MemFree:          136064 kB
Active:           400036 kB
Mem:          3.8G       3.7G       132M       5.7M        29M       3.2G

MemTotal:        4016004 kB
MemFree:          126664 kB
Active:           400040 kB
Mem:          3.8G       3.7G       123M       5.7M        29M       3.2G

MemTotal:        4016004 kB
MemFree:          119968 kB
Active:           400048 kB
Mem:          3.8G       3.7G       116M       5.7M        29M       3.2G

MemTotal:        4016004 kB
MemFree:          126852 kB
Active:           400048 kB
Mem:          3.8G       3.7G       123M       5.7M        29M       3.2G

MemTotal:        4016004 kB
MemFree:          121496 kB
Active:           400048 kB
Mem:          3.8G       3.7G       118M       5.7M        29M       3.2G

MemTotal:        4016004 kB
MemFree:          128328 kB
Active:           400056 kB
Mem:          3.8G       3.7G       125M       5.7M        29M       3.2G

MemTotal:        4016004 kB
MemFree:          117956 kB
Active:           399912 kB
Mem:          3.8G       3.7G       114M       5.7M        29M       3.2G

MemTotal:        4016004 kB
MemFree:          107040 kB
Active:           399928 kB
Mem:          3.8G       3.7G       104M       5.7M        29M       3.2G

MemTotal:        4016004 kB
MemFree:          132112 kB
Active:           399928 kB
Mem:          3.8G       3.7G       129M       5.7M        29M       3.2G

MemTotal:        4016004 kB
MemFree:          126984 kB
Active:           399928 kB
Mem:          3.8G       3.7G       123M       5.7M        29M       3.2G

MemTotal:        4016004 kB
MemFree:          135684 kB
Active:           399928 kB
Mem:          3.8G       3.7G       132M       5.7M        29M       3.2G

MemTotal:        4016004 kB
MemFree:          106440 kB
Active:           399956 kB
Mem:          3.8G       3.7G       103M       5.7M        29M       3.2G

MemTotal:        4016004 kB
MemFree:          106040 kB
Active:           399960 kB
Mem:          3.8G       3.7G       103M       5.7M        29M       3.2G

MemTotal:        4016004 kB
MemFree:          106168 kB
Active:           399920 kB
Mem:          3.8G       3.7G       103M       5.7M        29M       3.2G

MemTotal:        4016004 kB
MemFree:          130112 kB
Active:           399980 kB
Mem:          3.8G       3.7G       127M       5.7M        29M       3.2G

MemTotal:        4016004 kB
MemFree:          119600 kB
Active:           399996 kB
Mem:          3.8G       3.7G       116M       5.7M        29M       3.2G

MemTotal:        4016004 kB
MemFree:          120636 kB
Active:           399528 kB
Mem:          3.8G       3.7G       117M       5.7M        29M       3.2G

MemTotal:        4016004 kB
MemFree:          110124 kB
Active:           399528 kB
Mem:          3.8G       3.7G       107M       5.7M        29M       3.2G

MemTotal:        4016004 kB
MemFree:          128332 kB
Active:           399548 kB
Mem:          3.8G       3.7G       125M       5.7M        29M       3.2G

MemTotal:        4016004 kB
MemFree:          123524 kB
Active:           399548 kB
Mem:          3.8G       3.7G       120M       5.7M        29M       3.2G

MemTotal:        4016004 kB
MemFree:          106316 kB
Active:           399512 kB
Mem:          3.8G       3.7G       102M       5.7M        29M       3.2G

MemTotal:        4016004 kB
MemFree:          107816 kB
Active:           401476 kB
Mem:          3.8G       3.7G       104M       5.7M        29M       3.2G

MemTotal:        4016004 kB
MemFree:          113892 kB
Active:           400580 kB
Mem:          3.8G       3.7G       110M       5.7M        29M       3.2G

MemTotal:        4016004 kB
MemFree:          133348 kB
Active:           394196 kB
Mem:          3.8G       3.7G       129M       5.7M        29M       3.2G

MemTotal:        4016004 kB
MemFree:          125200 kB
Active:           394060 kB
Mem:          3.8G       3.7G       122M       5.7M        29M       3.2G

MemTotal:        4016004 kB
MemFree:          128612 kB
Active:           394072 kB
Mem:          3.8G       3.7G       124M       5.7M        29M       3.2G

MemTotal:        4016004 kB
MemFree:          115568 kB
Active:           394072 kB
Mem:          3.8G       3.7G       112M       5.7M        29M       3.2G

MemTotal:        4016004 kB
MemFree:          106892 kB
Active:           394084 kB
Mem:          3.8G       3.7G       103M       5.7M        29M       3.2G

MemTotal:        4016004 kB
MemFree:          126624 kB
Active:           394084 kB
Mem:          3.8G       3.7G       123M       5.7M        29M       3.2G

MemTotal:        4016004 kB
MemFree:          110600 kB
Active:           394084 kB
Mem:          3.8G       3.7G       108M       5.7M        29M       3.2G

MemTotal:        4016004 kB
MemFree:          117420 kB
Active:           394092 kB
Mem:          3.8G       3.7G       114M       5.7M        29M       3.2G

MemTotal:        4016004 kB
MemFree:          107016 kB
Active:           394092 kB
Mem:          3.8G       3.7G       104M       5.7M        29M       3.2G

MemTotal:        4016004 kB
MemFree:          113740 kB
Active:           393804 kB
Mem:          3.8G       3.7G       110M       5.7M        29M       3.2G

MemTotal:        4016004 kB
MemFree:          127320 kB
Active:           393804 kB
Mem:          3.8G       3.7G       123M       5.7M        29M       3.2G

MemTotal:        4016004 kB
MemFree:          129296 kB
Active:           393808 kB
Mem:          3.8G       3.7G       126M       5.7M        29M       3.2G

MemTotal:        4016004 kB
MemFree:          118156 kB
Active:           393816 kB
Mem:          3.8G       3.7G       115M       5.7M        29M       3.2G

MemTotal:        4016004 kB
MemFree:          106636 kB
Active:           393816 kB
Mem:          3.8G       3.7G       103M       5.7M        29M       3.2G

MemTotal:        4016004 kB
MemFree:          120632 kB
Active:           393832 kB
Mem:          3.8G       3.7G       117M       5.7M        29M       3.2G

MemTotal:        4016004 kB
MemFree:          108532 kB
Active:           393832 kB
Mem:          3.8G       3.7G       105M       5.7M        29M       3.2G

MemTotal:        4016004 kB
MemFree:          129176 kB
Active:           393836 kB
Mem:          3.8G       3.7G       125M       5.7M        29M       3.2G

MemTotal:        4016004 kB
MemFree:          129192 kB
Active:           393792 kB
Mem:          3.8G       3.7G       125M       5.7M        29M       3.2G

MemTotal:        4016004 kB
MemFree:          135868 kB
Active:           391796 kB
Mem:          3.8G       3.7G       132M       5.7M        29M       3.2G

MemTotal:        4016004 kB
MemFree:          126244 kB
Active:           391796 kB
Mem:          3.8G       3.7G       123M       5.7M        29M       3.2G

MemTotal:        4016004 kB
MemFree:          128660 kB
Active:           389664 kB
Mem:          3.8G       3.7G       125M       5.7M        29M       3.2G

MemTotal:        4016004 kB
MemFree:          130564 kB
Active:           389664 kB
Mem:          3.8G       3.7G       127M       5.7M        29M       3.2G

MemTotal:        4016004 kB
MemFree:          135288 kB
Active:           389676 kB
Mem:          3.8G       3.7G       131M       5.7M        29M       3.2G

MemTotal:        4016004 kB
MemFree:          125548 kB
Active:           389680 kB
Mem:          3.8G       3.7G       122M       5.7M        29M       3.2G

MemTotal:        4016004 kB
MemFree:          115516 kB
Active:           389680 kB
Mem:          3.8G       3.7G       112M       5.7M        29M       3.2G

MemTotal:        4016004 kB
MemFree:          128316 kB
Active:           389680 kB
Mem:          3.8G       3.7G       125M       5.7M        29M       3.2G

MemTotal:        4016004 kB
MemFree:          115344 kB
Active:           391740 kB
Mem:          3.8G       3.7G       112M       5.7M        29M       3.2G

MemTotal:        4016004 kB
MemFree:          114756 kB
Active:           391756 kB
Mem:          3.8G       3.7G       111M       5.7M        29M       3.2G

MemTotal:        4016004 kB
MemFree:          114884 kB
Active:           391708 kB
Mem:          3.8G       3.7G       111M       5.7M        29M       3.2G

MemTotal:        4016004 kB
MemFree:          114428 kB
Active:           391900 kB
Mem:          3.8G       3.7G       111M       5.7M        29M       3.2G

MemTotal:        4016004 kB
MemFree:          105532 kB
Active:           391384 kB
Mem:          3.8G       3.7G       124M       5.7M        29M       3.2G

MemTotal:        4016004 kB
MemFree:          122500 kB
Active:           391384 kB
Mem:          3.8G       3.7G       119M       5.7M        29M       3.2G

MemTotal:        4016004 kB
MemFree:          126364 kB
Active:           390728 kB
Mem:          3.8G       3.7G       122M       5.7M        29M       3.2G

MemTotal:        4016004 kB
MemFree:          120844 kB
Active:           390728 kB
Mem:          3.8G       3.7G       117M       5.7M        29M       3.2G

MemTotal:        4016004 kB
MemFree:          125092 kB
Active:           390732 kB
Mem:          3.8G       3.7G       121M       5.7M        29M       3.2G

MemTotal:        4016004 kB
MemFree:          119768 kB
Active:           390732 kB
Mem:          3.8G       3.7G       116M       5.7M        29M       3.2G

MemTotal:        4016004 kB
MemFree:          126692 kB
Active:           390736 kB
Mem:          3.8G       3.7G       123M       5.7M        29M       3.2G

MemTotal:        4016004 kB
MemFree:          121464 kB
Active:           390744 kB
Mem:          3.8G       3.7G       118M       5.7M        29M       3.2G

MemTotal:        4016004 kB
MemFree:          125744 kB
Active:           390744 kB
Mem:          3.8G       3.7G       122M       5.7M        29M       3.2G

MemTotal:        4016004 kB
MemFree:          120920 kB
Active:           390744 kB
Mem:          3.8G       3.7G       117M       5.7M        29M       3.2G

MemTotal:        4016004 kB
MemFree:          108052 kB
Active:           390744 kB
Mem:          3.8G       3.7G       105M       5.7M        29M       3.2G

MemTotal:        4016004 kB
MemFree:          109784 kB
Active:           379024 kB
Mem:          3.8G       3.7G       106M       5.7M        29M       3.2G

MemTotal:        4016004 kB
MemFree:          134960 kB
Active:           379024 kB
Mem:          3.8G       3.7G       131M       5.7M        29M       3.2G

MemTotal:        4016004 kB
MemFree:          134392 kB
Active:           379160 kB
Mem:          3.8G       3.7G       131M       5.7M        29M       3.2G

MemTotal:        4016004 kB
MemFree:          111976 kB
Active:           379036 kB
Mem:          3.8G       3.7G       109M       5.7M        29M       3.2G

MemTotal:        4016004 kB
MemFree:          125696 kB
Active:           379036 kB
Mem:          3.8G       3.7G       122M       5.7M        29M       3.2G

MemTotal:        4016004 kB
MemFree:          121632 kB
Active:           379036 kB
Mem:          3.8G       3.7G       117M       5.7M        29M       3.2G

MemTotal:        4016004 kB
MemFree:          111100 kB
Active:           379044 kB
Mem:          3.8G       3.7G       107M       5.7M        29M       3.2G

MemTotal:        4016004 kB
MemFree:          117832 kB
Active:           379044 kB
Mem:          3.8G       3.7G       113M       5.7M        29M       3.2G

MemTotal:        4016004 kB
MemFree:          106284 kB
Active:           379044 kB
Mem:          3.8G       3.7G       103M       5.7M        29M       3.2G

MemTotal:        4016004 kB
MemFree:          132616 kB
Active:           379056 kB
Mem:          3.8G       3.7G       129M       5.7M        29M       3.2G

MemTotal:        4016004 kB
MemFree:          127508 kB
Active:           379056 kB
Mem:          3.8G       3.7G       124M       5.7M        29M       3.2G

MemTotal:        4016004 kB
MemFree:          127100 kB
Active:           379060 kB
Mem:          3.8G       3.7G       124M       5.7M        29M       3.2G

MemTotal:        4016004 kB
MemFree:          127188 kB
Active:           379016 kB
Mem:          3.8G       3.7G       123M       5.7M        29M       3.2G

MemTotal:        4016004 kB
MemFree:          108212 kB
Active:           379020 kB
Mem:          3.8G       3.7G       105M       5.7M        29M       3.2G

MemTotal:        4016004 kB
MemFree:          122824 kB
Active:           379080 kB
Mem:          3.8G       3.7G       119M       5.7M        29M       3.2G

MemTotal:        4016004 kB
MemFree:          125956 kB
Active:           376308 kB
Mem:          3.8G       3.7G       123M       5.7M        29M       3.2G

MemTotal:        4016004 kB
MemFree:          118728 kB
Active:           376256 kB
Mem:          3.8G       3.7G       115M       5.7M        29M       3.2G

MemTotal:        4016004 kB
MemFree:          108944 kB
Active:           376264 kB
Mem:          3.8G       3.7G       105M       5.7M        29M       3.2G

MemTotal:        4016004 kB
MemFree:          112196 kB
Active:           376264 kB
Mem:          3.8G       3.7G       109M       5.7M        29M       3.2G

MemTotal:        4016004 kB
MemFree:          114616 kB
Active:           376264 kB
Mem:          3.8G       3.7G       111M       5.7M        29M       3.2G

MemTotal:        4016004 kB
MemFree:          120808 kB
Active:           376264 kB
Mem:          3.8G       3.7G       118M       5.7M        29M       3.2G

MemTotal:        4016004 kB
MemFree:          120684 kB
Active:           376264 kB
Mem:          3.8G       3.7G       117M       5.7M        29M       3.2G

MemTotal:        4016004 kB
MemFree:          126664 kB
Active:           376276 kB
Mem:          3.8G       3.7G       123M       5.7M        29M       3.2G

MemTotal:        4016004 kB
MemFree:          134096 kB
Active:           376292 kB
Mem:          3.8G       3.7G       130M       5.7M        29M       3.2G

MemTotal:        4016004 kB
MemFree:          114168 kB
Active:           376292 kB
Mem:          3.8G       3.7G       111M       5.7M        29M       3.2G

MemTotal:        4016004 kB
MemFree:          126656 kB
Active:           376292 kB
Mem:          3.8G       3.7G       123M       5.7M        29M       3.2G

MemTotal:        4016004 kB
MemFree:          130032 kB
Active:           376304 kB
Mem:          3.8G       3.7G       126M       5.7M        29M       3.2G

MemTotal:        4016004 kB
MemFree:          129384 kB
Active:           376276 kB
Mem:          3.8G       3.7G       125M       5.7M        29M       3.2G

MemTotal:        4016004 kB
MemFree:          110876 kB
Active:           376312 kB
Mem:          3.8G       3.7G       107M       5.7M        29M       3.2G

MemTotal:        4016004 kB
MemFree:          126388 kB
Active:           373856 kB
Mem:          3.8G       3.7G       123M       5.7M        29M       3.2G

MemTotal:        4016004 kB
MemFree:          121756 kB
Active:           373860 kB
Mem:          3.8G       3.7G       118M       5.7M        29M       3.2G

MemTotal:        4016004 kB
MemFree:          128644 kB
Active:           373860 kB
Mem:          3.8G       3.7G       125M       5.7M        29M       3.2G

MemTotal:        4016004 kB
MemFree:          123780 kB
Active:           373868 kB
Mem:          3.8G       3.7G       120M       5.7M        29M       3.2G

MemTotal:        4016004 kB
MemFree:          127952 kB
Active:           373868 kB
Mem:          3.8G       3.7G       124M       5.7M        29M       3.2G

MemTotal:        4016004 kB
MemFree:          124188 kB
Active:           373868 kB
Mem:          3.8G       3.7G       120M       5.7M        29M       3.2G

MemTotal:        4016004 kB
MemFree:          124796 kB
Active:           373868 kB
Mem:          3.8G       3.7G       121M       5.7M        29M       3.2G

MemTotal:        4016004 kB
MemFree:          128568 kB
Active:           373868 kB
Mem:          3.8G       3.7G       125M       5.7M        29M       3.2G

MemTotal:        4016004 kB
MemFree:          105000 kB
Active:           373836 kB
Mem:          3.8G       3.7G       124M       5.7M        29M       3.2G

MemTotal:        4016004 kB
MemFree:          117668 kB
Active:           373888 kB
Mem:          3.8G       3.7G       114M       5.7M        29M       3.2G

MemTotal:        4016004 kB
MemFree:          107424 kB
Active:           373888 kB
Mem:          3.8G       3.7G       104M       5.7M        29M       3.2G

MemTotal:        4016004 kB
MemFree:          126792 kB
Active:           373888 kB
Mem:          3.8G       3.7G       123M       5.7M        29M       3.2G

MemTotal:        4016004 kB
MemFree:          128108 kB
Active:           373892 kB
Mem:          3.8G       3.7G       124M       5.7M        29M       3.2G

MemTotal:        4016004 kB
MemFree:          134296 kB
Active:           371132 kB
Mem:          3.8G       3.7G       130M       5.7M        29M       3.2G

MemTotal:        4016004 kB
MemFree:          138424 kB
Active:           371052 kB
Mem:          3.8G       3.7G       134M       5.7M        29M       3.2G

MemTotal:        4016004 kB
MemFree:          137580 kB
Active:           371056 kB
Mem:          3.8G       3.7G       134M       5.7M        29M       3.2G

MemTotal:        4016004 kB
MemFree:          105952 kB
Active:           371040 kB
Mem:          3.8G       3.7G       102M       5.7M        29M       3.2G

MemTotal:        4016004 kB
MemFree:          121912 kB
Active:           371088 kB
Mem:          3.8G       3.7G       118M       5.7M        29M       3.2G

MemTotal:        4016004 kB
MemFree:          110572 kB
Active:           371104 kB
Mem:          3.8G       3.7G       107M       5.7M        29M       3.2G

MemTotal:        4016004 kB
MemFree:          121516 kB
Active:           371108 kB
Mem:          3.8G       3.7G       118M       5.7M        29M       3.2G

MemTotal:        4016004 kB
MemFree:          111400 kB
Active:           371120 kB
Mem:          3.8G       3.7G       108M       5.7M        29M       3.2G

MemTotal:        4016004 kB
MemFree:          111480 kB
Active:           371120 kB
Mem:          3.8G       3.7G       108M       5.7M        29M       3.2G

MemTotal:        4016004 kB
MemFree:          108876 kB
Active:           371120 kB
Mem:          3.8G       3.7G       106M       5.7M        29M       3.2G

MemTotal:        4016004 kB
MemFree:          118276 kB
Active:           371084 kB
Mem:          3.8G       3.7G       115M       5.7M        29M       3.2G

MemTotal:        4016004 kB
MemFree:          120940 kB
Active:           371132 kB
Mem:          3.8G       3.7G       117M       5.7M        29M       3.2G

MemTotal:        4016004 kB
MemFree:          110584 kB
Active:           371132 kB
Mem:          3.8G       3.7G       108M       5.7M        29M       3.2G

MemTotal:        4016004 kB
MemFree:          135696 kB
Active:           371132 kB
Mem:          3.8G       3.7G       132M       5.7M        29M       3.2G

MemTotal:        4016004 kB
MemFree:          135124 kB
Active:           369180 kB
Mem:          3.8G       3.7G       131M       5.7M        29M       3.2G

MemTotal:        4016004 kB
MemFree:          109940 kB
Active:           369220 kB
Mem:          3.8G       3.7G       107M       5.7M        29M       3.2G

MemTotal:        4016004 kB
MemFree:          135816 kB
Active:           369104 kB
Mem:          3.8G       3.7G       132M       5.7M        29M       3.2G

MemTotal:        4016004 kB
MemFree:          137820 kB
Active:           369104 kB
Mem:          3.8G       3.7G       134M       5.7M        29M       3.2G

MemTotal:        4016004 kB
MemFree:          133532 kB
Active:           369104 kB
Mem:          3.8G       3.7G       129M       5.7M        29M       3.2G

MemTotal:        4016004 kB
MemFree:          114400 kB
Active:           369116 kB
Mem:          3.8G       3.7G       111M       5.7M        29M       3.2G

MemTotal:        4016004 kB
MemFree:          113688 kB
Active:           369076 kB
Mem:          3.8G       3.7G       110M       5.7M        29M       3.2G

MemTotal:        4016004 kB
MemFree:          113696 kB
Active:           369132 kB
Mem:          3.8G       3.7G       111M       5.7M        29M       3.2G

MemTotal:        4016004 kB
MemFree:          125592 kB
Active:           369092 kB
Mem:          3.8G       3.7G       122M       5.7M        29M       3.2G

MemTotal:        4016004 kB
MemFree:          126992 kB
Active:           369136 kB
Mem:          3.8G       3.7G       123M       5.7M        29M       3.2G

MemTotal:        4016004 kB
MemFree:          133620 kB
Active:           369136 kB
Mem:          3.8G       3.7G       130M       5.7M        29M       3.2G

MemTotal:        4016004 kB
MemFree:          124220 kB
Active:           369144 kB
Mem:          3.8G       3.7G       120M       5.7M        29M       3.2G

MemTotal:        4016004 kB
MemFree:          124844 kB
Active:           369144 kB
Mem:          3.8G       3.7G       121M       5.7M        29M       3.2G

MemTotal:        4016004 kB
MemFree:          110216 kB
Active:           369428 kB
Mem:          3.8G       3.7G       107M       5.7M        29M       3.2G

MemTotal:        4016004 kB
MemFree:          123836 kB
Active:           369252 kB
Mem:          3.8G       3.7G       120M       5.7M        29M       3.2G

MemTotal:        4016004 kB
MemFree:          107904 kB
Active:           369256 kB
Mem:          3.8G       3.7G       104M       5.7M        29M       3.2G

MemTotal:        4016004 kB
MemFree:          123164 kB
Active:           369264 kB
Mem:          3.8G       3.7G       119M       5.7M        29M       3.2G

MemTotal:        4016004 kB
MemFree:          121864 kB
Active:           369088 kB
Mem:          3.8G       3.7G       119M       5.7M        29M       3.2G

MemTotal:        4016004 kB
MemFree:          121616 kB
Active:           369060 kB
Mem:          3.8G       3.7G       118M       5.7M        29M       3.2G

MemTotal:        4016004 kB
MemFree:          122264 kB
Active:           368912 kB
Mem:          3.8G       3.7G       119M       5.7M        29M       3.2G

MemTotal:        4016004 kB
MemFree:          122020 kB
Active:           368964 kB
Mem:          3.8G       3.7G       119M       5.7M        29M       3.2G

MemTotal:        4016004 kB
MemFree:          122240 kB
Active:           368920 kB
Mem:          3.8G       3.7G       119M       5.7M        29M       3.2G

MemTotal:        4016004 kB
MemFree:          121868 kB
Active:           368984 kB
Mem:          3.8G       3.7G       119M       5.7M        29M       3.2G

MemTotal:        4016004 kB
MemFree:          122240 kB
Active:           368936 kB
Mem:          3.8G       3.7G       119M       5.7M        29M       3.2G

MemTotal:        4016004 kB
MemFree:          122364 kB
Active:           368936 kB
Mem:          3.8G       3.7G       119M       5.7M        29M       3.2G

MemTotal:        4016004 kB
MemFree:          122364 kB
Active:           368980 kB
Mem:          3.8G       3.7G       119M       5.7M        29M       3.2G

MemTotal:        4016004 kB
MemFree:          122364 kB
Active:           368980 kB
Mem:          3.8G       3.7G       119M       5.7M        29M       3.2G

MemTotal:        4016004 kB
MemFree:          122240 kB
Active:           368992 kB
Mem:          3.8G       3.7G       119M       5.7M        29M       3.2G

MemTotal:        4016004 kB
MemFree:          122612 kB
Active:           368956 kB
Mem:          3.8G       3.7G       119M       5.7M        29M       3.2G

MemTotal:        4016004 kB
MemFree:          122612 kB
Active:           368988 kB
Mem:          3.8G       3.7G       119M       5.7M        29M       3.2G

MemTotal:        4016004 kB
MemFree:          122612 kB
Active:           368956 kB
Mem:          3.8G       3.7G       119M       5.7M        29M       3.2G

MemTotal:        4016004 kB
MemFree:          122488 kB
Active:           368948 kB
Mem:          3.8G       3.7G       119M       5.7M        29M       3.2G

MemTotal:        4016004 kB
MemFree:          122364 kB
Active:           369000 kB
Mem:          3.8G       3.7G       119M       5.7M        29M       3.2G

MemTotal:        4016004 kB
MemFree:          122488 kB
Active:           368964 kB
Mem:          3.8G       3.7G       119M       5.7M        29M       3.2G

MemTotal:        4016004 kB
MemFree:          122116 kB
Active:           369004 kB
Mem:          3.8G       3.7G       119M       5.7M        29M       3.2G

MemTotal:        4016004 kB
MemFree:          122612 kB
Active:           368956 kB
Mem:          3.8G       3.7G       119M       5.7M        29M       3.2G

MemTotal:        4016004 kB
MemFree:          122612 kB
Active:           368976 kB
Mem:          3.8G       3.7G       119M       5.7M        29M       3.2G

MemTotal:        4016004 kB
MemFree:          122612 kB
Active:           368968 kB
Mem:          3.8G       3.7G       119M       5.7M        29M       3.2G

MemTotal:        4016004 kB
MemFree:          122736 kB
Active:           368968 kB
Mem:          3.8G       3.7G       119M       5.7M        29M       3.2G

MemTotal:        4016004 kB
MemFree:          122612 kB
Active:           369008 kB
Mem:          3.8G       3.7G       119M       5.7M        29M       3.2G

MemTotal:        4016004 kB
MemFree:          122620 kB
Active:           368960 kB
Mem:          3.8G       3.7G       119M       5.7M        29M       3.2G

MemTotal:        4016004 kB
MemFree:          122620 kB
Active:           368964 kB
Mem:          3.8G       3.7G       119M       5.7M        29M       3.2G

MemTotal:        4016004 kB
MemFree:          122620 kB
Active:           368976 kB
Mem:          3.8G       3.7G       119M       5.7M        29M       3.2G

MemTotal:        4016004 kB
MemFree:          122496 kB
Active:           369016 kB
Mem:          3.8G       3.7G       119M       5.7M        29M       3.2G

MemTotal:        4016004 kB
MemFree:          122124 kB
Active:           369028 kB
Mem:          3.8G       3.7G       119M       5.7M        29M       3.2G

MemTotal:        4016004 kB
MemFree:          122248 kB
Active:           368972 kB
Mem:          3.8G       3.7G       119M       5.7M        29M       3.2G

MemTotal:        4016004 kB
MemFree:          122248 kB
Active:           369036 kB
Mem:          3.8G       3.7G       119M       5.7M        29M       3.2G

MemTotal:        4016004 kB
MemFree:          122372 kB
Active:           369032 kB
Mem:          3.8G       3.7G       119M       5.7M        29M       3.2G

MemTotal:        4016004 kB
MemFree:          122496 kB
Active:           369004 kB
