MemTotal:        4016004 kB
MemFree:         3242552 kB
Active:           417400 kB
Mem:          3.8G       755M       3.1G       5.7M        50M       319M

MemTotal:        4016004 kB
MemFree:         3242472 kB
Active:           417228 kB
Mem:          3.8G       755M       3.1G       5.7M        50M       319M

MemTotal:        4016004 kB
MemFree:         3242456 kB
Active:           417368 kB
Mem:          3.8G       755M       3.1G       5.7M        50M       319M

MemTotal:        4016004 kB
MemFree:         3240300 kB
Active:           417368 kB
Mem:          3.8G       757M       3.1G       5.7M        50M       319M

MemTotal:        4016004 kB
MemFree:         3240796 kB
Active:           419348 kB
Mem:          3.8G       757M       3.1G       5.7M        50M       319M

MemTotal:        4016004 kB
MemFree:         3240532 kB
Active:           419364 kB
Mem:          3.8G       757M       3.1G       5.7M        50M       319M

MemTotal:        4016004 kB
MemFree:         3240284 kB
Active:           419400 kB
Mem:          3.8G       757M       3.1G       5.7M        50M       319M

MemTotal:        4016004 kB
MemFree:         3240764 kB
Active:           419372 kB
Mem:          3.8G       757M       3.1G       5.7M        50M       319M

MemTotal:        4016004 kB
MemFree:         3240764 kB
Active:           419396 kB
Mem:          3.8G       757M       3.1G       5.7M        50M       319M

MemTotal:        4016004 kB
MemFree:         3241136 kB
Active:           419400 kB
Mem:          3.8G       756M       3.1G       5.7M        50M       319M

MemTotal:        4016004 kB
MemFree:         3241368 kB
Active:           419392 kB
Mem:          3.8G       756M       3.1G       5.7M        50M       319M

MemTotal:        4016004 kB
MemFree:         3241228 kB
Active:           419396 kB
Mem:          3.8G       756M       3.1G       5.7M        50M       319M

MemTotal:        4016004 kB
MemFree:         3240980 kB
Active:           419404 kB
Mem:          3.8G       756M       3.1G       5.7M        50M       319M

MemTotal:        4016004 kB
MemFree:         3241368 kB
Active:           419396 kB
Mem:          3.8G       756M       3.1G       5.7M        50M       319M

MemTotal:        4016004 kB
MemFree:         3241228 kB
Active:           419352 kB
Mem:          3.8G       756M       3.1G       5.7M        50M       319M

MemTotal:        4016004 kB
MemFree:         3241476 kB
Active:           419392 kB
Mem:          3.8G       756M       3.1G       5.7M        50M       319M

MemTotal:        4016004 kB
MemFree:         3241228 kB
Active:           419408 kB
Mem:          3.8G       756M       3.1G       5.7M        50M       319M

MemTotal:        4016004 kB
MemFree:         3241600 kB
Active:           419356 kB
Mem:          3.8G       756M       3.1G       5.7M        50M       319M

MemTotal:        4016004 kB
MemFree:         3241460 kB
Active:           419380 kB
Mem:          3.8G       756M       3.1G       5.7M        50M       319M

MemTotal:        4016004 kB
MemFree:         3241460 kB
Active:           419356 kB
Mem:          3.8G       756M       3.1G       5.7M        50M       319M

MemTotal:        4016004 kB
MemFree:         3241460 kB
Active:           419360 kB
Mem:          3.8G       756M       3.1G       5.7M        50M       319M

MemTotal:        4016004 kB
MemFree:         3241072 kB
Active:           419416 kB
Mem:          3.8G       756M       3.1G       5.7M        50M       319M

MemTotal:        4016004 kB
MemFree:         3241568 kB
Active:           419364 kB
Mem:          3.8G       756M       3.1G       5.7M        50M       319M

MemTotal:        4016004 kB
MemFree:         3240928 kB
Active:           417368 kB
Mem:          3.8G       756M       3.1G       5.7M        50M       319M

MemTotal:        4016004 kB
MemFree:         3241284 kB
Active:           419360 kB
Mem:          3.8G       756M       3.1G       5.7M        50M       319M

MemTotal:        4016004 kB
MemFree:         3241300 kB
Active:           419384 kB
Mem:          3.8G       756M       3.1G       5.7M        50M       319M

MemTotal:        4016004 kB
MemFree:         3241300 kB
Active:           419400 kB
Mem:          3.8G       756M       3.1G       5.7M        50M       319M

MemTotal:        4016004 kB
MemFree:         3241300 kB
Active:           419384 kB
Mem:          3.8G       756M       3.1G       5.7M        50M       319M

MemTotal:        4016004 kB
MemFree:         3241300 kB
Active:           419392 kB
Mem:          3.8G       756M       3.1G       5.7M        50M       319M

MemTotal:        4016004 kB
MemFree:         3241176 kB
Active:           419416 kB
Mem:          3.8G       756M       3.1G       5.7M        50M       319M

MemTotal:        4016004 kB
MemFree:         3241548 kB
Active:           419404 kB
Mem:          3.8G       756M       3.1G       5.7M        50M       319M

MemTotal:        4016004 kB
MemFree:         3232032 kB
Active:           427352 kB
Mem:          3.8G       765M       3.1G       5.7M        58M       319M

MemTotal:        4016004 kB
MemFree:         3232184 kB
Active:           427216 kB
Mem:          3.8G       765M       3.1G       5.7M        58M       319M

MemTotal:        4016004 kB
MemFree:         3231936 kB
Active:           427164 kB
Mem:          3.8G       765M       3.1G       5.7M        58M       319M

MemTotal:        4016004 kB
MemFree:         3232432 kB
Active:           427164 kB
Mem:          3.8G       765M       3.1G       5.7M        58M       319M

MemTotal:        4016004 kB
MemFree:         3232184 kB
Active:           427180 kB
Mem:          3.8G       765M       3.1G       5.7M        58M       319M

MemTotal:        4016004 kB
MemFree:         3232432 kB
Active:           427228 kB
Mem:          3.8G       765M       3.1G       5.7M        58M       319M

MemTotal:        4016004 kB
MemFree:         3232308 kB
Active:           427184 kB
Mem:          3.8G       765M       3.1G       5.7M        58M       319M

MemTotal:        4016004 kB
MemFree:         3231440 kB
Active:           427200 kB
Mem:          3.8G       766M       3.1G       5.7M        58M       319M

MemTotal:        4016004 kB
MemFree:         3231752 kB
Active:           427196 kB
Mem:          3.8G       765M       3.1G       5.7M        58M       319M

MemTotal:        4016004 kB
MemFree:         3232248 kB
Active:           427188 kB
Mem:          3.8G       765M       3.1G       5.7M        58M       319M

MemTotal:        4016004 kB
MemFree:         3232000 kB
Active:           427224 kB
Mem:          3.8G       765M       3.1G       5.7M        58M       319M

MemTotal:        4016004 kB
MemFree:         3232000 kB
Active:           427196 kB
Mem:          3.8G       765M       3.1G       5.7M        58M       319M

MemTotal:        4016004 kB
MemFree:         3231440 kB
Active:           425152 kB
Mem:          3.8G       766M       3.1G       5.7M        58M       319M

MemTotal:        4016004 kB
MemFree:         3231564 kB
Active:           425184 kB
Mem:          3.8G       766M       3.1G       5.7M        58M       319M

MemTotal:        4016004 kB
MemFree:         3231316 kB
Active:           425212 kB
Mem:          3.8G       766M       3.1G       5.7M        58M       319M

MemTotal:        4016004 kB
MemFree:         3231424 kB
Active:           427256 kB
Mem:          3.8G       765M       3.1G       5.7M        58M       319M

MemTotal:        4016004 kB
MemFree:         3232276 kB
Active:           427260 kB
Mem:          3.8G       765M       3.1G       5.7M        58M       319M

MemTotal:        4016004 kB
MemFree:         3232384 kB
Active:           427240 kB
Mem:          3.8G       765M       3.1G       5.7M        58M       319M

MemTotal:        4016004 kB
MemFree:         3232012 kB
Active:           427232 kB
Mem:          3.8G       765M       3.1G       5.7M        58M       319M

MemTotal:        4016004 kB
MemFree:         3232044 kB
Active:           427216 kB
Mem:          3.8G       765M       3.1G       5.7M        58M       319M

MemTotal:        4016004 kB
MemFree:         3232168 kB
Active:           427272 kB
Mem:          3.8G       765M       3.1G       5.7M        58M       319M

MemTotal:        4016004 kB
MemFree:         3231920 kB
Active:           427292 kB
Mem:          3.8G       765M       3.1G       5.7M        58M       319M

MemTotal:        4016004 kB
MemFree:         3231548 kB
Active:           427276 kB
Mem:          3.8G       766M       3.1G       5.7M        58M       319M

MemTotal:        4016004 kB
MemFree:         3231548 kB
Active:           427284 kB
Mem:          3.8G       766M       3.1G       5.7M        58M       319M

MemTotal:        4016004 kB
MemFree:         3231548 kB
Active:           427252 kB
Mem:          3.8G       765M       3.1G       5.7M        58M       319M

MemTotal:        4016004 kB
MemFree:         3231548 kB
Active:           427304 kB
Mem:          3.8G       766M       3.1G       5.7M        58M       319M

MemTotal:        4016004 kB
MemFree:         3231424 kB
Active:           427280 kB
Mem:          3.8G       766M       3.1G       5.7M        58M       319M

MemTotal:        4016004 kB
MemFree:         3232044 kB
Active:           427292 kB
Mem:          3.8G       765M       3.1G       5.7M        58M       319M

MemTotal:        4016004 kB
MemFree:         3232044 kB
Active:           427304 kB
Mem:          3.8G       765M       3.1G       5.7M        58M       319M

MemTotal:        4016004 kB
MemFree:         3231532 kB
Active:           427304 kB
Mem:          3.8G       766M       3.1G       5.7M        58M       319M

MemTotal:        4016004 kB
MemFree:         3231408 kB
Active:           427304 kB
Mem:          3.8G       766M       3.1G       5.7M        58M       319M

MemTotal:        4016004 kB
MemFree:         3230704 kB
Active:           425480 kB
Mem:          3.8G       766M       3.1G       5.7M        58M       319M

MemTotal:        4016004 kB
MemFree:         3231328 kB
Active:           427348 kB
Mem:          3.8G       766M       3.1G       5.7M        58M       319M

MemTotal:        4016004 kB
MemFree:         3231452 kB
Active:           427348 kB
Mem:          3.8G       766M       3.1G       5.7M        58M       319M

MemTotal:        4016004 kB
MemFree:         3231436 kB
Active:           427320 kB
Mem:          3.8G       765M       3.1G       5.7M        58M       319M

MemTotal:        4016004 kB
MemFree:         3231932 kB
Active:           427336 kB
Mem:          3.8G       765M       3.1G       5.7M        58M       319M

MemTotal:        4016004 kB
MemFree:         3231684 kB
Active:           427356 kB
Mem:          3.8G       765M       3.1G       5.7M        58M       319M

MemTotal:        4016004 kB
MemFree:         3231808 kB
Active:           427352 kB
Mem:          3.8G       765M       3.1G       5.7M        58M       319M

MemTotal:        4016004 kB
MemFree:         3231744 kB
Active:           427368 kB
Mem:          3.8G       766M       3.1G       5.7M        58M       319M

MemTotal:        4016004 kB
MemFree:         3231792 kB
Active:           427352 kB
Mem:          3.8G       766M       3.1G       5.7M        58M       319M

MemTotal:        4016004 kB
MemFree:         3231776 kB
Active:           427372 kB
Mem:          3.8G       765M       3.1G       5.7M        58M       319M

MemTotal:        4016004 kB
MemFree:         3229960 kB
Active:           427336 kB
Mem:          3.8G       767M       3.1G       5.7M        58M       319M

MemTotal:        4016004 kB
MemFree:         3229652 kB
Active:           429364 kB
Mem:          3.8G       767M       3.1G       5.7M        58M       319M

MemTotal:        4016004 kB
MemFree:         3229776 kB
Active:           429400 kB
Mem:          3.8G       767M       3.1G       5.7M        58M       319M

MemTotal:        4016004 kB
MemFree:         3229776 kB
Active:           429356 kB
Mem:          3.8G       767M       3.1G       5.7M        58M       319M

MemTotal:        4016004 kB
MemFree:         3229900 kB
Active:           429396 kB
Mem:          3.8G       767M       3.1G       5.7M        58M       319M

MemTotal:        4016004 kB
MemFree:         3229900 kB
Active:           429400 kB
Mem:          3.8G       767M       3.1G       5.7M        58M       319M

MemTotal:        4016004 kB
MemFree:         3230024 kB
Active:           429364 kB
Mem:          3.8G       767M       3.1G       5.7M        58M       319M

MemTotal:        4016004 kB
MemFree:         3230024 kB
Active:           429368 kB
Mem:          3.8G       767M       3.1G       5.7M        58M       319M

MemTotal:        4016004 kB
MemFree:         3230024 kB
Active:           429380 kB
Mem:          3.8G       767M       3.1G       5.7M        58M       319M

MemTotal:        4016004 kB
MemFree:         3229528 kB
Active:           429408 kB
Mem:          3.8G       767M       3.1G       5.7M        58M       319M

MemTotal:        4016004 kB
MemFree:         3228968 kB
Active:           427320 kB
Mem:          3.8G       768M       3.1G       5.7M        58M       319M

MemTotal:        4016004 kB
MemFree:         3229092 kB
Active:           429392 kB
Mem:          3.8G       768M       3.1G       5.7M        58M       319M

MemTotal:        4016004 kB
MemFree:         3229464 kB
Active:           429396 kB
Mem:          3.8G       768M       3.1G       5.7M        58M       319M

MemTotal:        4016004 kB
MemFree:         3229464 kB
Active:           429412 kB
Mem:          3.8G       768M       3.1G       5.7M        58M       319M

MemTotal:        4016004 kB
MemFree:         3229836 kB
Active:           429412 kB
Mem:          3.8G       767M       3.1G       5.7M        58M       319M

MemTotal:        4016004 kB
MemFree:         3229464 kB
Active:           429440 kB
Mem:          3.8G       768M       3.1G       5.7M        58M       319M

MemTotal:        4016004 kB
MemFree:         3229588 kB
Active:           429388 kB
Mem:          3.8G       767M       3.1G       5.7M        58M       319M

MemTotal:        4016004 kB
MemFree:         3229960 kB
Active:           429396 kB
Mem:          3.8G       767M       3.1G       5.7M        58M       319M

MemTotal:        4016004 kB
MemFree:         3229960 kB
Active:           429436 kB
Mem:          3.8G       767M       3.1G       5.7M        58M       319M

MemTotal:        4016004 kB
MemFree:         3229944 kB
Active:           429444 kB
Mem:          3.8G       767M       3.1G       5.7M        58M       319M

MemTotal:        4016004 kB
MemFree:         3229120 kB
Active:           427360 kB
Mem:          3.8G       768M       3.1G       5.7M        58M       319M

MemTotal:        4016004 kB
MemFree:         3228996 kB
Active:           429448 kB
Mem:          3.8G       768M       3.1G       5.7M        58M       319M

MemTotal:        4016004 kB
MemFree:         3228856 kB
Active:           429456 kB
Mem:          3.8G       768M       3.1G       5.7M        58M       319M

MemTotal:        4016004 kB
MemFree:         3228964 kB
Active:           429432 kB
Mem:          3.8G       768M       3.1G       5.7M        58M       319M

MemTotal:        4016004 kB
MemFree:         3229196 kB
Active:           429424 kB
Mem:          3.8G       768M       3.1G       5.7M        58M       319M

MemTotal:        4016004 kB
MemFree:         3229320 kB
Active:           429432 kB
Mem:          3.8G       768M       3.1G       5.7M        58M       319M

MemTotal:        4016004 kB
MemFree:         3229196 kB
Active:           429452 kB
Mem:          3.8G       768M       3.1G       5.7M        58M       319M

MemTotal:        4016004 kB
MemFree:         3229552 kB
Active:           429416 kB
Mem:          3.8G       768M       3.1G       5.7M        58M       319M

MemTotal:        4016004 kB
MemFree:         3229412 kB
Active:           429424 kB
Mem:          3.8G       768M       3.1G       5.7M        58M       319M

MemTotal:        4016004 kB
MemFree:         3229412 kB
Active:           429428 kB
Mem:          3.8G       768M       3.1G       5.7M        58M       319M

MemTotal:        4016004 kB
MemFree:         3228912 kB
Active:           427408 kB
Mem:          3.8G       768M       3.1G       5.7M        58M       319M

MemTotal:        4016004 kB
MemFree:         3228788 kB
Active:           429468 kB
Mem:          3.8G       768M       3.1G       5.7M        58M       319M

MemTotal:        4016004 kB
MemFree:         3229268 kB
Active:           429436 kB
Mem:          3.8G       768M       3.1G       5.7M        58M       319M

MemTotal:        4016004 kB
MemFree:         3229268 kB
Active:           429420 kB
Mem:          3.8G       768M       3.1G       5.7M        58M       319M

MemTotal:        4016004 kB
MemFree:         3228772 kB
Active:           429472 kB
Mem:          3.8G       768M       3.1G       5.7M        58M       319M

MemTotal:        4016004 kB
MemFree:         3229144 kB
Active:           429428 kB
Mem:          3.8G       768M       3.1G       5.7M        58M       319M

MemTotal:        4016004 kB
MemFree:         3229268 kB
Active:           429428 kB
Mem:          3.8G       768M       3.1G       5.7M        58M       319M

MemTotal:        4016004 kB
MemFree:         3229268 kB
Active:           429472 kB
Mem:          3.8G       768M       3.1G       5.7M        58M       319M

MemTotal:        4016004 kB
MemFree:         3229316 kB
Active:           429424 kB
Mem:          3.8G       768M       3.1G       5.7M        58M       319M

MemTotal:        4016004 kB
MemFree:         3228840 kB
Active:           427472 kB
Mem:          3.8G       768M       3.1G       5.7M        58M       319M

MemTotal:        4016004 kB
MemFree:         3228804 kB
Active:           427376 kB
Mem:          3.8G       768M       3.1G       5.7M        58M       319M

MemTotal:        4016004 kB
MemFree:         3229052 kB
Active:           429476 kB
Mem:          3.8G       768M       3.1G       5.7M        58M       319M

MemTotal:        4016004 kB
MemFree:         3228680 kB
Active:           429484 kB
Mem:          3.8G       768M       3.1G       5.7M        58M       319M

MemTotal:        4016004 kB
MemFree:         3229052 kB
Active:           429456 kB
Mem:          3.8G       768M       3.1G       5.7M        58M       319M

MemTotal:        4016004 kB
MemFree:         3228936 kB
Active:           429456 kB
Mem:          3.8G       768M       3.1G       5.7M        58M       319M

MemTotal:        4016004 kB
MemFree:         3228936 kB
Active:           429444 kB
Mem:          3.8G       768M       3.1G       5.7M        58M       319M

MemTotal:        4016004 kB
MemFree:         3229556 kB
Active:           429488 kB
Mem:          3.8G       768M       3.1G       5.7M        58M       319M

MemTotal:        4016004 kB
MemFree:         3229060 kB
Active:           429456 kB
Mem:          3.8G       768M       3.1G       5.7M        58M       319M

MemTotal:        4016004 kB
MemFree:         3229184 kB
Active:           429456 kB
Mem:          3.8G       768M       3.1G       5.7M        58M       319M

MemTotal:        4016004 kB
MemFree:         3228056 kB
Active:           427548 kB
Mem:          3.8G       769M       3.1G       5.7M        58M       319M

MemTotal:        4016004 kB
MemFree:         3229036 kB
Active:           429496 kB
Mem:          3.8G       768M       3.1G       5.7M        58M       319M

MemTotal:        4016004 kB
MemFree:         3228912 kB
Active:           429492 kB
Mem:          3.8G       768M       3.1G       5.7M        58M       319M

MemTotal:        4016004 kB
MemFree:         3229408 kB
Active:           429480 kB
Mem:          3.8G       768M       3.1G       5.7M        58M       319M

MemTotal:        4016004 kB
MemFree:         3229160 kB
Active:           429480 kB
Mem:          3.8G       768M       3.1G       5.7M        58M       319M

MemTotal:        4016004 kB
MemFree:         3229408 kB
Active:           429516 kB
Mem:          3.8G       768M       3.1G       5.7M        58M       319M

MemTotal:        4016004 kB
MemFree:         3229392 kB
Active:           429472 kB
Mem:          3.8G       768M       3.1G       5.7M        58M       319M

MemTotal:        4016004 kB
MemFree:         3229376 kB
Active:           429520 kB
Mem:          3.8G       768M       3.1G       5.7M        58M       319M

MemTotal:        4016004 kB
MemFree:         3229656 kB
Active:           429472 kB
Mem:          3.8G       768M       3.1G       5.7M        58M       319M

MemTotal:        4016004 kB
MemFree:         3229656 kB
Active:           429476 kB
Mem:          3.8G       768M       3.1G       5.7M        58M       319M

MemTotal:        4016004 kB
MemFree:         3227608 kB
Active:           429508 kB
Mem:          3.8G       769M       3.1G       5.7M        58M       319M

MemTotal:        4016004 kB
MemFree:         3227112 kB
Active:           429500 kB
Mem:          3.8G       770M       3.1G       5.7M        58M       319M

MemTotal:        4016004 kB
MemFree:         3227112 kB
Active:           431512 kB
Mem:          3.8G       770M       3.1G       5.7M        58M       319M

MemTotal:        4016004 kB
MemFree:         3227112 kB
Active:           431512 kB
Mem:          3.8G       770M       3.1G       5.7M        58M       319M

MemTotal:        4016004 kB
MemFree:         3227360 kB
Active:           431512 kB
Mem:          3.8G       770M       3.1G       5.7M        58M       319M

MemTotal:        4016004 kB
MemFree:         3226972 kB
Active:           431548 kB
Mem:          3.8G       770M       3.1G       5.7M        58M       319M

MemTotal:        4016004 kB
MemFree:         3227220 kB
Active:           431584 kB
Mem:          3.8G       770M       3.1G       5.7M        58M       319M

MemTotal:        4016004 kB
MemFree:         3227360 kB
Active:           431524 kB
Mem:          3.8G       770M       3.1G       5.7M        58M       319M

MemTotal:        4016004 kB
MemFree:         3227732 kB
Active:           431524 kB
Mem:          3.8G       769M       3.1G       5.7M        58M       319M

MemTotal:        4016004 kB
MemFree:         3227220 kB
Active:           431572 kB
Mem:          3.8G       770M       3.1G       5.7M        58M       319M

MemTotal:        4016004 kB
MemFree:         3227080 kB
Active:           431572 kB
Mem:          3.8G       770M       3.1G       5.7M        58M       319M

MemTotal:        4016004 kB
MemFree:         3227608 kB
Active:           431556 kB
Mem:          3.8G       770M       3.1G       5.7M        58M       319M

MemTotal:        4016004 kB
MemFree:         3227608 kB
Active:           431572 kB
Mem:          3.8G       769M       3.1G       5.7M        58M       319M

MemTotal:        4016004 kB
MemFree:         3227608 kB
Active:           431556 kB
Mem:          3.8G       770M       3.1G       5.7M        58M       319M

MemTotal:        4016004 kB
MemFree:         3227968 kB
Active:           431564 kB
Mem:          3.8G       769M       3.1G       5.7M        58M       319M

MemTotal:        4016004 kB
MemFree:         3227892 kB
Active:           431552 kB
Mem:          3.8G       769M       3.1G       5.7M        58M       319M

MemTotal:        4016004 kB
MemFree:         3227428 kB
Active:           431584 kB
Mem:          3.8G       769M       3.1G       5.7M        58M       319M

MemTotal:        4016004 kB
MemFree:         3227552 kB
Active:           431584 kB
Mem:          3.8G       770M       3.1G       5.7M        58M       319M

MemTotal:        4016004 kB
MemFree:         3227600 kB
Active:           431584 kB
Mem:          3.8G       769M       3.1G       5.7M        58M       319M

MemTotal:        4016004 kB
MemFree:         3226988 kB
Active:           431612 kB
Mem:          3.8G       770M       3.1G       5.7M        58M       319M

MemTotal:        4016004 kB
MemFree:         3227484 kB
Active:           431564 kB
Mem:          3.8G       770M       3.1G       5.7M        58M       319M

MemTotal:        4016004 kB
MemFree:         3227616 kB
Active:           431612 kB
Mem:          3.8G       770M       3.1G       5.7M        58M       319M

MemTotal:        4016004 kB
MemFree:         3227648 kB
Active:           431612 kB
Mem:          3.8G       770M       3.1G       5.7M        58M       319M

MemTotal:        4016004 kB
MemFree:         3227152 kB
Active:           431636 kB
Mem:          3.8G       770M       3.1G       5.7M        58M       319M

MemTotal:        4016004 kB
MemFree:         3227524 kB
Active:           431640 kB
Mem:          3.8G       769M       3.1G       5.7M        58M       319M

MemTotal:        4016004 kB
MemFree:         3227772 kB
Active:           431604 kB
Mem:          3.8G       770M       3.1G       5.7M        58M       319M

MemTotal:        4016004 kB
MemFree:         3227524 kB
Active:           431624 kB
Mem:          3.8G       769M       3.1G       5.7M        58M       319M

MemTotal:        4016004 kB
MemFree:         3227400 kB
Active:           431616 kB
Mem:          3.8G       770M       3.1G       5.7M        58M       319M

MemTotal:        4016004 kB
MemFree:         3227152 kB
Active:           431648 kB
Mem:          3.8G       770M       3.1G       5.7M        58M       319M

MemTotal:        4016004 kB
MemFree:         3227524 kB
Active:           431608 kB
Mem:          3.8G       770M       3.1G       5.7M        58M       319M

MemTotal:        4016004 kB
MemFree:         3227680 kB
Active:           431628 kB
Mem:          3.8G       769M       3.1G       5.7M        58M       319M

MemTotal:        4016004 kB
MemFree:         3227696 kB
Active:           431616 kB
Mem:          3.8G       770M       3.1G       5.7M        58M       319M

MemTotal:        4016004 kB
MemFree:         3227696 kB
Active:           431636 kB
Mem:          3.8G       770M       3.1G       5.7M        58M       319M

MemTotal:        4016004 kB
MemFree:         3227712 kB
Active:           431608 kB
Mem:          3.8G       770M       3.1G       5.7M        58M       319M

MemTotal:        4016004 kB
MemFree:         3227092 kB
Active:           431648 kB
Mem:          3.8G       770M       3.1G       5.7M        58M       319M

MemTotal:        4016004 kB
MemFree:         3227464 kB
Active:           431600 kB
Mem:          3.8G       769M       3.1G       5.7M        58M       319M

MemTotal:        4016004 kB
MemFree:         3227588 kB
Active:           431608 kB
Mem:          3.8G       770M       3.1G       5.7M        58M       319M

MemTotal:        4016004 kB
MemFree:         3227588 kB
Active:           431648 kB
Mem:          3.8G       769M       3.1G       5.7M        58M       319M

MemTotal:        4016004 kB
MemFree:         3227588 kB
Active:           431648 kB
Mem:          3.8G       769M       3.1G       5.7M        58M       319M

MemTotal:        4016004 kB
MemFree:         3227836 kB
Active:           431644 kB
Mem:          3.8G       769M       3.1G       5.7M        58M       319M

MemTotal:        4016004 kB
MemFree:         3227524 kB
Active:           431676 kB
Mem:          3.8G       769M       3.1G       5.7M        58M       319M

MemTotal:        4016004 kB
MemFree:         3227648 kB
Active:           431672 kB
Mem:          3.8G       770M       3.1G       5.7M        58M       319M

MemTotal:        4016004 kB
MemFree:         3227896 kB
Active:           431544 kB
Mem:          3.8G       769M       3.1G       5.7M        58M       319M

MemTotal:        4016004 kB
MemFree:         3227788 kB
Active:           431508 kB
Mem:          3.8G       769M       3.1G       5.7M        58M       319M

MemTotal:        4016004 kB
MemFree:         3227664 kB
Active:           431480 kB
Mem:          3.8G       769M       3.1G       5.7M        58M       319M

MemTotal:        4016004 kB
MemFree:         3227540 kB
Active:           431500 kB
Mem:          3.8G       769M       3.1G       5.7M        58M       319M

MemTotal:        4016004 kB
MemFree:         3227540 kB
Active:           431476 kB
Mem:          3.8G       769M       3.1G       5.7M        58M       319M

MemTotal:        4016004 kB
MemFree:         3227664 kB
Active:           431468 kB
Mem:          3.8G       769M       3.1G       5.7M        58M       319M

MemTotal:        4016004 kB
MemFree:         3227912 kB
Active:           431500 kB
Mem:          3.8G       769M       3.1G       5.7M        58M       319M

MemTotal:        4016004 kB
MemFree:         3226728 kB
Active:           429688 kB
Mem:          3.8G       770M       3.1G       5.7M        58M       319M

MemTotal:        4016004 kB
MemFree:         3227600 kB
Active:           431540 kB
Mem:          3.8G       769M       3.1G       5.7M        58M       319M

MemTotal:        4016004 kB
MemFree:         3228096 kB
Active:           431532 kB
Mem:          3.8G       769M       3.1G       5.7M        58M       319M

MemTotal:        4016004 kB
MemFree:         3228220 kB
Active:           431548 kB
Mem:          3.8G       769M       3.1G       5.7M        58M       319M

MemTotal:        4016004 kB
MemFree:         3228220 kB
Active:           431528 kB
Mem:          3.8G       769M       3.1G       5.7M        58M       319M

MemTotal:        4016004 kB
MemFree:         3227848 kB
Active:           431588 kB
Mem:          3.8G       769M       3.1G       5.7M        58M       319M

MemTotal:        4016004 kB
MemFree:         3228096 kB
Active:           431552 kB
Mem:          3.8G       769M       3.1G       5.7M        58M       319M

MemTotal:        4016004 kB
MemFree:         3227848 kB
Active:           431592 kB
Mem:          3.8G       769M       3.1G       5.7M        58M       319M

MemTotal:        4016004 kB
MemFree:         3227848 kB
Active:           431552 kB
Mem:          3.8G       769M       3.1G       5.7M        58M       319M

MemTotal:        4016004 kB
MemFree:         3227848 kB
Active:           431580 kB
Mem:          3.8G       769M       3.1G       5.7M        58M       319M

MemTotal:        4016004 kB
MemFree:         3226900 kB
Active:           429684 kB
Mem:          3.8G       770M       3.1G       5.7M        58M       319M

MemTotal:        4016004 kB
MemFree:         3227832 kB
Active:           431620 kB
Mem:          3.8G       769M       3.1G       5.7M        58M       319M

MemTotal:        4016004 kB
MemFree:         3228080 kB
Active:           431620 kB
Mem:          3.8G       769M       3.1G       5.7M        58M       319M

MemTotal:        4016004 kB
MemFree:         3228080 kB
Active:           431620 kB
Mem:          3.8G       769M       3.1G       5.7M        58M       319M

MemTotal:        4016004 kB
MemFree:         3228080 kB
Active:           431632 kB
Mem:          3.8G       769M       3.1G       5.7M        58M       319M

MemTotal:        4016004 kB
MemFree:         3228204 kB
Active:           431592 kB
Mem:          3.8G       769M       3.1G       5.7M        58M       319M

MemTotal:        4016004 kB
MemFree:         3227832 kB
Active:           431628 kB
Mem:          3.8G       770M       3.1G       5.7M        58M       319M

MemTotal:        4016004 kB
MemFree:         3227584 kB
Active:           431604 kB
Mem:          3.8G       770M       3.1G       5.7M        58M       319M

MemTotal:        4016004 kB
MemFree:         3226964 kB
Active:           431652 kB
Mem:          3.8G       770M       3.1G       5.7M        58M       319M

MemTotal:        4016004 kB
MemFree:         3227212 kB
Active:           431604 kB
Mem:          3.8G       770M       3.1G       5.7M        58M       319M

MemTotal:        4016004 kB
MemFree:         3227832 kB
Active:           431640 kB
Mem:          3.8G       770M       3.1G       5.7M        58M       319M

MemTotal:        4016004 kB
MemFree:         3226572 kB
Active:           431928 kB
Mem:          3.8G       770M       3.1G       5.7M        58M       319M

MemTotal:        4016004 kB
MemFree:         3226556 kB
Active:           431952 kB
Mem:          3.8G       770M       3.1G       5.7M        58M       319M

MemTotal:        4016004 kB
MemFree:         3226696 kB
Active:           432012 kB
Mem:          3.8G       771M       3.1G       5.7M        58M       319M

MemTotal:        4016004 kB
MemFree:         3226448 kB
Active:           432000 kB
Mem:          3.8G       770M       3.1G       5.7M        58M       319M

MemTotal:        4016004 kB
MemFree:         3226572 kB
Active:           432032 kB
Mem:          3.8G       771M       3.1G       5.7M        58M       319M

MemTotal:        4016004 kB
MemFree:         3226448 kB
Active:           431980 kB
Mem:          3.8G       771M       3.1G       5.7M        58M       319M

MemTotal:        4016004 kB
MemFree:         3226696 kB
Active:           432040 kB
Mem:          3.8G       771M       3.1G       5.7M        58M       319M

MemTotal:        4016004 kB
MemFree:         3226572 kB
Active:           432016 kB
Mem:          3.8G       770M       3.1G       5.7M        58M       319M

MemTotal:        4016004 kB
MemFree:         3226448 kB
Active:           432012 kB
Mem:          3.8G       771M       3.1G       5.7M        58M       319M

MemTotal:        4016004 kB
MemFree:         3225640 kB
Active:           430804 kB
Mem:          3.8G       771M       3.1G       5.7M        58M       319M

MemTotal:        4016004 kB
MemFree:         3225516 kB
Active:           432848 kB
Mem:          3.8G       771M       3.1G       5.7M        58M       319M

MemTotal:        4016004 kB
MemFree:         3225392 kB
Active:           432828 kB
Mem:          3.8G       772M       3.1G       5.7M        58M       319M

MemTotal:        4016004 kB
MemFree:         3225640 kB
Active:           432852 kB
Mem:          3.8G       771M       3.1G       5.7M        58M       319M

MemTotal:        4016004 kB
MemFree:         3225640 kB
Active:           432876 kB
Mem:          3.8G       771M       3.1G       5.7M        58M       319M

MemTotal:        4016004 kB
MemFree:         3225764 kB
Active:           432876 kB
Mem:          3.8G       772M       3.1G       5.7M        58M       319M

MemTotal:        4016004 kB
MemFree:         3225640 kB
Active:           432824 kB
Mem:          3.8G       771M       3.1G       5.7M        58M       319M

MemTotal:        4016004 kB
MemFree:         3225640 kB
Active:           432876 kB
Mem:          3.8G       771M       3.1G       5.7M        58M       319M

MemTotal:        4016004 kB
MemFree:         3225516 kB
Active:           432876 kB
Mem:          3.8G       771M       3.1G       5.7M        58M       319M

MemTotal:        4016004 kB
MemFree:         3225640 kB
Active:           432864 kB
Mem:          3.8G       772M       3.1G       5.7M        58M       319M

MemTotal:        4016004 kB
MemFree:         3225640 kB
Active:           432852 kB
Mem:          3.8G       772M       3.1G       5.7M        58M       319M

MemTotal:        4016004 kB
MemFree:         3225764 kB
Active:           432880 kB
Mem:          3.8G       771M       3.1G       5.7M        58M       319M

MemTotal:        4016004 kB
MemFree:         3225640 kB
Active:           432876 kB
Mem:          3.8G       771M       3.1G       5.7M        58M       319M

MemTotal:        4016004 kB
MemFree:         3225516 kB
Active:           432844 kB
Mem:          3.8G       771M       3.1G       5.7M        58M       319M

MemTotal:        4016004 kB
MemFree:         3225640 kB
Active:           432872 kB
Mem:          3.8G       771M       3.1G       5.7M        58M       319M

MemTotal:        4016004 kB
MemFree:         3225516 kB
Active:           432876 kB
Mem:          3.8G       771M       3.1G       5.7M        58M       319M

MemTotal:        4016004 kB
MemFree:         3225640 kB
Active:           432892 kB
Mem:          3.8G       772M       3.1G       5.7M        58M       319M

MemTotal:        4016004 kB
MemFree:         3225516 kB
Active:           432872 kB
Mem:          3.8G       772M       3.1G       5.7M        58M       319M

MemTotal:        4016004 kB
MemFree:         3225392 kB
Active:           432856 kB
Mem:          3.8G       772M       3.1G       5.7M        58M       319M

MemTotal:        4016004 kB
MemFree:         3225640 kB
Active:           432864 kB
Mem:          3.8G       772M       3.1G       5.7M        58M       319M

MemTotal:        4016004 kB
MemFree:         3225516 kB
Active:           432884 kB
Mem:          3.8G       772M       3.1G       5.7M        58M       319M

MemTotal:        4016004 kB
MemFree:         3225392 kB
Active:           432868 kB
Mem:          3.8G       771M       3.1G       5.7M        58M       319M

MemTotal:        4016004 kB
MemFree:         3225516 kB
Active:           432856 kB
Mem:          3.8G       771M       3.1G       5.7M        58M       319M

MemTotal:        4016004 kB
MemFree:         3225516 kB
Active:           432868 kB
Mem:          3.8G       771M       3.1G       5.7M        58M       319M

MemTotal:        4016004 kB
MemFree:         3225640 kB
Active:           432892 kB
Mem:          3.8G       771M       3.1G       5.7M        58M       319M

MemTotal:        4016004 kB
MemFree:         3225640 kB
Active:           432888 kB
Mem:          3.8G       771M       3.1G       5.7M        58M       319M

MemTotal:        4016004 kB
MemFree:         3225640 kB
Active:           432892 kB
Mem:          3.8G       771M       3.1G       5.7M        58M       319M

MemTotal:        4016004 kB
MemFree:         3225624 kB
Active:           432868 kB
Mem:          3.8G       771M       3.1G       5.7M        58M       319M

MemTotal:        4016004 kB
MemFree:         3225452 kB
Active:           430852 kB
Mem:          3.8G       772M       3.1G       5.7M        58M       319M

MemTotal:        4016004 kB
MemFree:         3225328 kB
Active:           432876 kB
Mem:          3.8G       772M       3.1G       5.7M        58M       319M

MemTotal:        4016004 kB
MemFree:         3225452 kB
Active:           432896 kB
Mem:          3.8G       772M       3.1G       5.7M        58M       319M

MemTotal:        4016004 kB
MemFree:         3225576 kB
Active:           432908 kB
Mem:          3.8G       771M       3.1G       5.7M        58M       319M

MemTotal:        4016004 kB
MemFree:         3225824 kB
Active:           432920 kB
Mem:          3.8G       771M       3.1G       5.7M        58M       319M

MemTotal:        4016004 kB
MemFree:         3225824 kB
Active:           432896 kB
Mem:          3.8G       771M       3.1G       5.7M        58M       319M

MemTotal:        4016004 kB
MemFree:         3225452 kB
Active:           432944 kB
Mem:          3.8G       772M       3.1G       5.7M        58M       319M

MemTotal:        4016004 kB
MemFree:         3225452 kB
Active:           432952 kB
Mem:          3.8G       772M       3.1G       5.7M        58M       319M

MemTotal:        4016004 kB
MemFree:         3225204 kB
Active:           432944 kB
Mem:          3.8G       772M       3.1G       5.7M        58M       319M

MemTotal:        4016004 kB
MemFree:         3225204 kB
Active:           432908 kB
Mem:          3.8G       772M       3.1G       5.7M        58M       319M

MemTotal:        4016004 kB
MemFree:         3223280 kB
Active:           432896 kB
Mem:          3.8G       773M       3.1G       5.7M        58M       319M

MemTotal:        4016004 kB
MemFree:         3223404 kB
Active:           434976 kB
Mem:          3.8G       773M       3.1G       5.7M        58M       319M

MemTotal:        4016004 kB
MemFree:         3223404 kB
Active:           434944 kB
Mem:          3.8G       774M       3.1G       5.7M        58M       319M

MemTotal:        4016004 kB
MemFree:         3223404 kB
Active:           434964 kB
Mem:          3.8G       774M       3.1G       5.7M        58M       319M

MemTotal:        4016004 kB
MemFree:         3223528 kB
Active:           434968 kB
Mem:          3.8G       774M       3.1G       5.7M        58M       319M

MemTotal:        4016004 kB
MemFree:         3223404 kB
Active:           434940 kB
Mem:          3.8G       774M       3.1G       5.7M        58M       319M

MemTotal:        4016004 kB
MemFree:         3223280 kB
Active:           434980 kB
Mem:          3.8G       774M       3.1G       5.7M        58M       319M

MemTotal:        4016004 kB
MemFree:         3223156 kB
Active:           434976 kB
Mem:          3.8G       774M       3.1G       5.7M        58M       319M

MemTotal:        4016004 kB
MemFree:         3223280 kB
Active:           434988 kB
Mem:          3.8G       774M       3.1G       5.7M        58M       319M

MemTotal:        4016004 kB
MemFree:         3223156 kB
Active:           434936 kB
Mem:          3.8G       774M       3.1G       5.7M        58M       319M

MemTotal:        4016004 kB
MemFree:         3223156 kB
Active:           434980 kB
Mem:          3.8G       774M       3.1G       5.7M        58M       319M

MemTotal:        4016004 kB
MemFree:         3223280 kB
Active:           434952 kB
Mem:          3.8G       774M       3.1G       5.7M        58M       319M

MemTotal:        4016004 kB
MemFree:         3223280 kB
Active:           434960 kB
Mem:          3.8G       773M       3.1G       5.7M        58M       319M

MemTotal:        4016004 kB
MemFree:         3223280 kB
Active:           434992 kB
Mem:          3.8G       774M       3.1G       5.7M        58M       319M

MemTotal:        4016004 kB
MemFree:         3223404 kB
Active:           434992 kB
Mem:          3.8G       774M       3.1G       5.7M        58M       319M

MemTotal:        4016004 kB
MemFree:         3223280 kB
Active:           434952 kB
Mem:          3.8G       774M       3.1G       5.7M        58M       319M

MemTotal:        4016004 kB
MemFree:         3223404 kB
Active:           434976 kB
Mem:          3.8G       774M       3.1G       5.7M        58M       319M

MemTotal:        4016004 kB
MemFree:         3223404 kB
Active:           434976 kB
Mem:          3.8G       774M       3.1G       5.7M        58M       319M

MemTotal:        4016004 kB
MemFree:         3223528 kB
Active:           434996 kB
Mem:          3.8G       774M       3.1G       5.7M        58M       319M

MemTotal:        4016004 kB
MemFree:         3223528 kB
Active:           435008 kB
Mem:          3.8G       774M       3.1G       5.7M        58M       319M

MemTotal:        4016004 kB
MemFree:         3223404 kB
Active:           435008 kB
Mem:          3.8G       774M       3.1G       5.7M        58M       319M

MemTotal:        4016004 kB
MemFree:         3223280 kB
Active:           434992 kB
Mem:          3.8G       774M       3.1G       5.7M        58M       319M

MemTotal:        4016004 kB
MemFree:         3223156 kB
Active:           435000 kB
Mem:          3.8G       774M       3.1G       5.7M        58M       319M

MemTotal:        4016004 kB
MemFree:         3223156 kB
Active:           434968 kB
Mem:          3.8G       774M       3.1G       5.7M        58M       319M

MemTotal:        4016004 kB
MemFree:         3223156 kB
Active:           435004 kB
Mem:          3.8G       774M       3.1G       5.7M        58M       319M

MemTotal:        4016004 kB
MemFree:         3223404 kB
Active:           435012 kB
Mem:          3.8G       773M       3.1G       5.7M        58M       319M

MemTotal:        4016004 kB
MemFree:         3223404 kB
Active:           435004 kB
Mem:          3.8G       774M       3.1G       5.7M        58M       319M

MemTotal:        4016004 kB
MemFree:         3223404 kB
Active:           434984 kB
Mem:          3.8G       774M       3.1G       5.7M        58M       319M

MemTotal:        4016004 kB
MemFree:         3223404 kB
Active:           435040 kB
Mem:          3.8G       773M       3.1G       5.7M        58M       319M

MemTotal:        4016004 kB
MemFree:         3223404 kB
Active:           435000 kB
Mem:          3.8G       774M       3.1G       5.7M        58M       319M

MemTotal:        4016004 kB
MemFree:         3223280 kB
Active:           435040 kB
Mem:          3.8G       774M       3.1G       5.7M        58M       319M

MemTotal:        4016004 kB
MemFree:         3223652 kB
Active:           435040 kB
Mem:          3.8G       774M       3.1G       5.7M        58M       319M

MemTotal:        4016004 kB
MemFree:         3223156 kB
Active:           435060 kB
Mem:          3.8G       774M       3.1G       5.7M        58M       319M

MemTotal:        4016004 kB
MemFree:         3223032 kB
Active:           435036 kB
Mem:          3.8G       774M       3.1G       5.7M        58M       319M

MemTotal:        4016004 kB
MemFree:         3223032 kB
Active:           435036 kB
Mem:          3.8G       774M       3.1G       5.7M        58M       319M

MemTotal:        4016004 kB
MemFree:         3223032 kB
Active:           435048 kB
Mem:          3.8G       774M       3.1G       5.7M        58M       319M

MemTotal:        4016004 kB
MemFree:         3223032 kB
Active:           435064 kB
Mem:          3.8G       774M       3.1G       5.7M        58M       319M

MemTotal:        4016004 kB
MemFree:         3223156 kB
Active:           435044 kB
Mem:          3.8G       774M       3.1G       5.7M        58M       319M

MemTotal:        4016004 kB
MemFree:         3223652 kB
Active:           435060 kB
Mem:          3.8G       774M       3.1G       5.7M        58M       319M

MemTotal:        4016004 kB
MemFree:         3223404 kB
Active:           435064 kB
Mem:          3.8G       774M       3.1G       5.7M        58M       319M

MemTotal:        4016004 kB
MemFree:         3222908 kB
Active:           435068 kB
Mem:          3.8G       774M       3.1G       5.7M        58M       319M

MemTotal:        4016004 kB
MemFree:         3223156 kB
Active:           435048 kB
Mem:          3.8G       774M       3.1G       5.7M        58M       319M

MemTotal:        4016004 kB
MemFree:         3223156 kB
Active:           435064 kB
Mem:          3.8G       774M       3.1G       5.7M        58M       319M

MemTotal:        4016004 kB
MemFree:         3223156 kB
Active:           435052 kB
Mem:          3.8G       774M       3.1G       5.7M        58M       319M

MemTotal:        4016004 kB
MemFree:         3223032 kB
Active:           435088 kB
Mem:          3.8G       774M       3.1G       5.7M        58M       319M

MemTotal:        4016004 kB
MemFree:         3223032 kB
Active:           435076 kB
Mem:          3.8G       774M       3.1G       5.7M        58M       319M

MemTotal:        4016004 kB
MemFree:         3222908 kB
Active:           435052 kB
Mem:          3.8G       774M       3.1G       5.7M        58M       319M

MemTotal:        4016004 kB
MemFree:         3223156 kB
Active:           435076 kB
Mem:          3.8G       774M       3.1G       5.7M        58M       319M

MemTotal:        4016004 kB
MemFree:         3223156 kB
Active:           435076 kB
Mem:          3.8G       774M       3.1G       5.7M        58M       319M

MemTotal:        4016004 kB
MemFree:         3223032 kB
Active:           435092 kB
Mem:          3.8G       774M       3.1G       5.7M        58M       319M

MemTotal:        4016004 kB
MemFree:         3223156 kB
Active:           435048 kB
Mem:          3.8G       774M       3.1G       5.7M        58M       319M

MemTotal:        4016004 kB
MemFree:         3223156 kB
Active:           435096 kB
Mem:          3.8G       774M       3.1G       5.7M        58M       319M

MemTotal:        4016004 kB
MemFree:         3223156 kB
Active:           435084 kB
Mem:          3.8G       774M       3.1G       5.7M        58M       319M

MemTotal:        4016004 kB
MemFree:         3223156 kB
Active:           435064 kB
Mem:          3.8G       774M       3.1G       5.7M        58M       319M

MemTotal:        4016004 kB
MemFree:         3223156 kB
Active:           435100 kB
Mem:          3.8G       774M       3.1G       5.7M        58M       319M

MemTotal:        4016004 kB
MemFree:         3223156 kB
Active:           435060 kB
Mem:          3.8G       774M       3.1G       5.7M        58M       319M

MemTotal:        4016004 kB
MemFree:         3223032 kB
Active:           435088 kB
Mem:          3.8G       774M       3.1G       5.7M        58M       319M

MemTotal:        4016004 kB
MemFree:         3223028 kB
Active:           433040 kB
Mem:          3.8G       774M       3.1G       5.7M        58M       319M

MemTotal:        4016004 kB
MemFree:         3223152 kB
Active:           435080 kB
Mem:          3.8G       774M       3.1G       5.7M        58M       319M

MemTotal:        4016004 kB
MemFree:         3223276 kB
Active:           435068 kB
Mem:          3.8G       773M       3.1G       5.7M        58M       319M

MemTotal:        4016004 kB
MemFree:         3223276 kB
Active:           435076 kB
Mem:          3.8G       774M       3.1G       5.7M        58M       319M

MemTotal:        4016004 kB
MemFree:         3223028 kB
Active:           435108 kB
Mem:          3.8G       774M       3.1G       5.7M        58M       319M

MemTotal:        4016004 kB
MemFree:         3223152 kB
Active:           435120 kB
Mem:          3.8G       774M       3.1G       5.7M        58M       319M

MemTotal:        4016004 kB
MemFree:         3223276 kB
Active:           435072 kB
Mem:          3.8G       774M       3.1G       5.7M        58M       319M

MemTotal:        4016004 kB
MemFree:         3223400 kB
Active:           435088 kB
Mem:          3.8G       774M       3.1G       5.7M        58M       319M

MemTotal:        4016004 kB
MemFree:         3223400 kB
Active:           435092 kB
Mem:          3.8G       774M       3.1G       5.7M        58M       319M

MemTotal:        4016004 kB
MemFree:         3223152 kB
Active:           435112 kB
Mem:          3.8G       774M       3.1G       5.7M        58M       319M

MemTotal:        4016004 kB
MemFree:         3223028 kB
Active:           435096 kB
Mem:          3.8G       774M       3.1G       5.7M        58M       319M

MemTotal:        4016004 kB
MemFree:         3223152 kB
Active:           435132 kB
Mem:          3.8G       774M       3.1G       5.7M        58M       319M

MemTotal:        4016004 kB
MemFree:         3223152 kB
Active:           435096 kB
Mem:          3.8G       774M       3.1G       5.7M        58M       319M

MemTotal:        4016004 kB
MemFree:         3223028 kB
Active:           435092 kB
Mem:          3.8G       774M       3.1G       5.7M        58M       319M

MemTotal:        4016004 kB
MemFree:         3223152 kB
Active:           435100 kB
Mem:          3.8G       774M       3.1G       5.7M        58M       319M

MemTotal:        4016004 kB
MemFree:         3223152 kB
Active:           435140 kB
Mem:          3.8G       774M       3.1G       5.7M        58M       319M

MemTotal:        4016004 kB
MemFree:         3223028 kB
Active:           435092 kB
Mem:          3.8G       774M       3.1G       5.7M        58M       319M

MemTotal:        4016004 kB
MemFree:         3223028 kB
Active:           435148 kB
Mem:          3.8G       774M       3.1G       5.7M        58M       319M

MemTotal:        4016004 kB
MemFree:         3223028 kB
Active:           435120 kB
Mem:          3.8G       774M       3.1G       5.7M        58M       319M

MemTotal:        4016004 kB
MemFree:         3222904 kB
Active:           435132 kB
Mem:          3.8G       774M       3.1G       5.7M        58M       319M

MemTotal:        4016004 kB
MemFree:         3222780 kB
Active:           435140 kB
Mem:          3.8G       774M       3.1G       5.7M        58M       319M

MemTotal:        4016004 kB
MemFree:         3223152 kB
Active:           435132 kB
Mem:          3.8G       774M       3.1G       5.7M        58M       319M

MemTotal:        4016004 kB
MemFree:         3223276 kB
Active:           435112 kB
Mem:          3.8G       774M       3.1G       5.7M        58M       319M

MemTotal:        4016004 kB
MemFree:         3223276 kB
Active:           435132 kB
Mem:          3.8G       774M       3.1G       5.7M        58M       319M

MemTotal:        4016004 kB
MemFree:         3223136 kB
Active:           435152 kB
Mem:          3.8G       774M       3.1G       5.7M        58M       319M

MemTotal:        4016004 kB
MemFree:         3223276 kB
Active:           435132 kB
Mem:          3.8G       774M       3.1G       5.7M        58M       319M

MemTotal:        4016004 kB
MemFree:         3223152 kB
Active:           435160 kB
Mem:          3.8G       774M       3.1G       5.7M        58M       319M

MemTotal:        4016004 kB
MemFree:         3223152 kB
Active:           435164 kB
Mem:          3.8G       774M       3.1G       5.7M        58M       319M

MemTotal:        4016004 kB
MemFree:         3221228 kB
Active:           435136 kB
Mem:          3.8G       776M       3.1G       5.7M        58M       319M

MemTotal:        4016004 kB
MemFree:         3220980 kB
Active:           437192 kB
Mem:          3.8G       776M       3.1G       5.7M        58M       319M

MemTotal:        4016004 kB
MemFree:         3221352 kB
Active:           437164 kB
Mem:          3.8G       775M       3.1G       5.7M        58M       319M

MemTotal:        4016004 kB
MemFree:         3221228 kB
Active:           437192 kB
Mem:          3.8G       776M       3.1G       5.7M        58M       319M

MemTotal:        4016004 kB
MemFree:         3221104 kB
Active:           437204 kB
Mem:          3.8G       776M       3.1G       5.7M        58M       319M

MemTotal:        4016004 kB
MemFree:         3221104 kB
Active:           437220 kB
Mem:          3.8G       776M       3.1G       5.7M        58M       319M

MemTotal:        4016004 kB
MemFree:         3221104 kB
Active:           437216 kB
Mem:          3.8G       776M       3.1G       5.7M        58M       319M

MemTotal:        4016004 kB
MemFree:         3221228 kB
Active:           437188 kB
Mem:          3.8G       776M       3.1G       5.7M        58M       319M

MemTotal:        4016004 kB
MemFree:         3221352 kB
Active:           437168 kB
Mem:          3.8G       776M       3.1G       5.7M        58M       319M

MemTotal:        4016004 kB
MemFree:         3221352 kB
Active:           437192 kB
Mem:          3.8G       776M       3.1G       5.7M        58M       319M

MemTotal:        4016004 kB
MemFree:         3221352 kB
Active:           437196 kB
Mem:          3.8G       776M       3.1G       5.7M        58M       319M

MemTotal:        4016004 kB
MemFree:         3221352 kB
Active:           437232 kB
Mem:          3.8G       776M       3.1G       5.7M        58M       319M

MemTotal:        4016004 kB
MemFree:         3221228 kB
Active:           437232 kB
Mem:          3.8G       776M       3.1G       5.7M        58M       319M

MemTotal:        4016004 kB
MemFree:         3221476 kB
Active:           437224 kB
Mem:          3.8G       775M       3.1G       5.7M        58M       319M

MemTotal:        4016004 kB
MemFree:         3221724 kB
Active:           437232 kB
Mem:          3.8G       775M       3.1G       5.7M        58M       319M

MemTotal:        4016004 kB
MemFree:         3221848 kB
Active:           437220 kB
Mem:          3.8G       775M       3.1G       5.7M        58M       319M

MemTotal:        4016004 kB
MemFree:         3221600 kB
Active:           437184 kB
Mem:          3.8G       775M       3.1G       5.7M        58M       319M

MemTotal:        4016004 kB
MemFree:         3221228 kB
Active:           437240 kB
Mem:          3.8G       775M       3.1G       5.7M        58M       319M

MemTotal:        4016004 kB
MemFree:         3221600 kB
Active:           437240 kB
Mem:          3.8G       775M       3.1G       5.7M        58M       319M

MemTotal:        4016004 kB
MemFree:         3219676 kB
Active:           437212 kB
Mem:          3.8G       777M       3.1G       5.7M        58M       319M

MemTotal:        4016004 kB
MemFree:         3219676 kB
Active:           437220 kB
Mem:          3.8G       777M       3.1G       5.7M        58M       319M

MemTotal:        4016004 kB
MemFree:         3219676 kB
Active:           439264 kB
Mem:          3.8G       777M       3.1G       5.7M        58M       319M

MemTotal:        4016004 kB
MemFree:         3219924 kB
Active:           439268 kB
Mem:          3.8G       777M       3.1G       5.7M        58M       319M

MemTotal:        4016004 kB
MemFree:         3219676 kB
Active:           439268 kB
Mem:          3.8G       777M       3.1G       5.7M        58M       319M

MemTotal:        4016004 kB
MemFree:         3219552 kB
Active:           439272 kB
Mem:          3.8G       777M       3.1G       5.7M        58M       319M

MemTotal:        4016004 kB
MemFree:         3219552 kB
Active:           439276 kB
Mem:          3.8G       778M       3.1G       5.7M        58M       319M

MemTotal:        4016004 kB
MemFree:         3219056 kB
Active:           439280 kB
Mem:          3.8G       778M       3.1G       5.7M        58M       319M

MemTotal:        4016004 kB
MemFree:         3219180 kB
Active:           439264 kB
Mem:          3.8G       778M       3.1G       5.7M        58M       319M

MemTotal:        4016004 kB
MemFree:         3219180 kB
Active:           439256 kB
Mem:          3.8G       778M       3.1G       5.7M        58M       319M

MemTotal:        4016004 kB
MemFree:         3219180 kB
Active:           439252 kB
Mem:          3.8G       778M       3.1G       5.7M        58M       319M

MemTotal:        4016004 kB
MemFree:         3219180 kB
Active:           439240 kB
Mem:          3.8G       778M       3.1G       5.7M        58M       319M

MemTotal:        4016004 kB
MemFree:         3219180 kB
Active:           439288 kB
Mem:          3.8G       778M       3.1G       5.7M        58M       319M

MemTotal:        4016004 kB
MemFree:         3219180 kB
Active:           439288 kB
Mem:          3.8G       778M       3.1G       5.7M        58M       319M

MemTotal:        4016004 kB
MemFree:         3219056 kB
Active:           439300 kB
Mem:          3.8G       778M       3.1G       5.7M        58M       319M

MemTotal:        4016004 kB
MemFree:         3219304 kB
Active:           439284 kB
Mem:          3.8G       778M       3.1G       5.7M        58M       319M

MemTotal:        4016004 kB
MemFree:         3219180 kB
Active:           439288 kB
Mem:          3.8G       778M       3.1G       5.7M        58M       319M

MemTotal:        4016004 kB
MemFree:         3218932 kB
Active:           439308 kB
Mem:          3.8G       778M       3.1G       5.7M        58M       319M

MemTotal:        4016004 kB
MemFree:         3218932 kB
Active:           439276 kB
Mem:          3.8G       778M       3.1G       5.7M        58M       319M

MemTotal:        4016004 kB
MemFree:         3217008 kB
Active:           439284 kB
Mem:          3.8G       780M       3.1G       5.7M        58M       319M

MemTotal:        4016004 kB
MemFree:         3217008 kB
Active:           439280 kB
Mem:          3.8G       780M       3.1G       5.7M        58M       319M

MemTotal:        4016004 kB
MemFree:         3217132 kB
Active:           441316 kB
Mem:          3.8G       780M       3.1G       5.7M        58M       319M

MemTotal:        4016004 kB
MemFree:         3217132 kB
Active:           441344 kB
Mem:          3.8G       780M       3.1G       5.7M        58M       319M

MemTotal:        4016004 kB
MemFree:         3217008 kB
Active:           441336 kB
Mem:          3.8G       780M       3.1G       5.7M        58M       319M

MemTotal:        4016004 kB
MemFree:         3217008 kB
Active:           441344 kB
Mem:          3.8G       780M       3.1G       5.7M        58M       319M

MemTotal:        4016004 kB
MemFree:         3216884 kB
Active:           441340 kB
Mem:          3.8G       780M       3.1G       5.7M        58M       319M

MemTotal:        4016004 kB
MemFree:         3217008 kB
Active:           441340 kB
Mem:          3.8G       780M       3.1G       5.7M        58M       319M

MemTotal:        4016004 kB
MemFree:         3217008 kB
Active:           441336 kB
Mem:          3.8G       780M       3.1G       5.7M        58M       319M

MemTotal:        4016004 kB
MemFree:         3216884 kB
Active:           441348 kB
Mem:          3.8G       780M       3.1G       5.7M        58M       319M

MemTotal:        4016004 kB
MemFree:         3217132 kB
Active:           441356 kB
Mem:          3.8G       780M       3.1G       5.7M        58M       319M

MemTotal:        4016004 kB
MemFree:         3217380 kB
Active:           441356 kB
Mem:          3.8G       780M       3.1G       5.7M        58M       319M

MemTotal:        4016004 kB
MemFree:         3217132 kB
Active:           441332 kB
Mem:          3.8G       780M       3.1G       5.7M        58M       319M

MemTotal:        4016004 kB
MemFree:         3217100 kB
Active:           441320 kB
Mem:          3.8G       780M       3.1G       5.7M        58M       319M

MemTotal:        4016004 kB
MemFree:         3217008 kB
Active:           441340 kB
Mem:          3.8G       780M       3.1G       5.7M        58M       319M

MemTotal:        4016004 kB
MemFree:         3217132 kB
Active:           441332 kB
Mem:          3.8G       780M       3.1G       5.7M        58M       319M

MemTotal:        4016004 kB
MemFree:         3217008 kB
Active:           441368 kB
Mem:          3.8G       780M       3.1G       5.7M        58M       319M

MemTotal:        4016004 kB
MemFree:         3217132 kB
Active:           441344 kB
Mem:          3.8G       780M       3.1G       5.7M        58M       319M

MemTotal:        4016004 kB
MemFree:         3217008 kB
Active:           441368 kB
Mem:          3.8G       780M       3.1G       5.7M        58M       319M

MemTotal:        4016004 kB
MemFree:         3217008 kB
Active:           441372 kB
Mem:          3.8G       780M       3.1G       5.7M        58M       319M

MemTotal:        4016004 kB
MemFree:         3216884 kB
Active:           441380 kB
Mem:          3.8G       780M       3.1G       5.7M        58M       319M

MemTotal:        4016004 kB
MemFree:         3216884 kB
Active:           441332 kB
Mem:          3.8G       780M       3.1G       5.7M        58M       319M

MemTotal:        4016004 kB
MemFree:         3216636 kB
Active:           441372 kB
Mem:          3.8G       780M       3.1G       5.7M        58M       319M

MemTotal:        4016004 kB
MemFree:         3216760 kB
Active:           441336 kB
Mem:          3.8G       780M       3.1G       5.7M        58M       319M

MemTotal:        4016004 kB
MemFree:         3216760 kB
Active:           441336 kB
Mem:          3.8G       780M       3.1G       5.7M        58M       319M

MemTotal:        4016004 kB
MemFree:         3216760 kB
Active:           441340 kB
Mem:          3.8G       780M       3.1G       5.7M        58M       319M

MemTotal:        4016004 kB
MemFree:         3216636 kB
Active:           441384 kB
Mem:          3.8G       780M       3.1G       5.7M        58M       319M

MemTotal:        4016004 kB
MemFree:         3217008 kB
Active:           441360 kB
Mem:          3.8G       780M       3.1G       5.7M        58M       319M

MemTotal:        4016004 kB
MemFree:         3216940 kB
Active:           439532 kB
Mem:          3.8G       780M       3.1G       5.7M        58M       319M

MemTotal:        4016004 kB
MemFree:         3216696 kB
Active:           441356 kB
Mem:          3.8G       780M       3.1G       5.7M        58M       319M

MemTotal:        4016004 kB
MemFree:         3216804 kB
Active:           441396 kB
Mem:          3.8G       780M       3.1G       5.7M        58M       319M

MemTotal:        4016004 kB
MemFree:         3216680 kB
Active:           441412 kB
Mem:          3.8G       780M       3.1G       5.7M        58M       319M

MemTotal:        4016004 kB
MemFree:         3216804 kB
Active:           441408 kB
Mem:          3.8G       780M       3.1G       5.7M        58M       319M

MemTotal:        4016004 kB
MemFree:         3216804 kB
Active:           441412 kB
Mem:          3.8G       780M       3.1G       5.7M        58M       319M

MemTotal:        4016004 kB
MemFree:         3216928 kB
Active:           441392 kB
Mem:          3.8G       780M       3.1G       5.7M        58M       319M

MemTotal:        4016004 kB
MemFree:         3216804 kB
Active:           441408 kB
Mem:          3.8G       780M       3.1G       5.7M        58M       319M

MemTotal:        4016004 kB
MemFree:         3216804 kB
Active:           441384 kB
Mem:          3.8G       780M       3.1G       5.7M        58M       319M

MemTotal:        4016004 kB
MemFree:         3216804 kB
Active:           441400 kB
Mem:          3.8G       780M       3.1G       5.7M        58M       319M

MemTotal:        4016004 kB
MemFree:         3216308 kB
Active:           441432 kB
Mem:          3.8G       780M       3.1G       5.7M        58M       319M

MemTotal:        4016004 kB
MemFree:         3216804 kB
Active:           441424 kB
Mem:          3.8G       780M       3.1G       5.7M        58M       319M

MemTotal:        4016004 kB
MemFree:         3216804 kB
Active:           441400 kB
Mem:          3.8G       780M       3.1G       5.7M        58M       319M

MemTotal:        4016004 kB
MemFree:         3216680 kB
Active:           441432 kB
Mem:          3.8G       780M       3.1G       5.7M        58M       319M

MemTotal:        4016004 kB
MemFree:         3216680 kB
Active:           441412 kB
Mem:          3.8G       780M       3.1G       5.7M        58M       319M

MemTotal:        4016004 kB
MemFree:         3216680 kB
Active:           441432 kB
Mem:          3.8G       780M       3.1G       5.7M        58M       320M

MemTotal:        4016004 kB
MemFree:         3216680 kB
Active:           441440 kB
Mem:          3.8G       780M       3.1G       5.7M        58M       320M

MemTotal:        4016004 kB
MemFree:         3216804 kB
Active:           441400 kB
Mem:          3.8G       780M       3.1G       5.7M        58M       320M

MemTotal:        4016004 kB
MemFree:         3216680 kB
Active:           441436 kB
Mem:          3.8G       780M       3.1G       5.7M        58M       320M

MemTotal:        4016004 kB
MemFree:         3214136 kB
Active:           441448 kB
Mem:          3.8G       782M       3.1G       5.7M        58M       320M

MemTotal:        4016004 kB
MemFree:         3214756 kB
Active:           443476 kB
Mem:          3.8G       782M       3.1G       5.7M        58M       320M

MemTotal:        4016004 kB
MemFree:         3214632 kB
Active:           443456 kB
Mem:          3.8G       782M       3.1G       5.7M        58M       320M

MemTotal:        4016004 kB
MemFree:         3214756 kB
Active:           443480 kB
Mem:          3.8G       782M       3.1G       5.7M        58M       320M

MemTotal:        4016004 kB
MemFree:         3214756 kB
Active:           443464 kB
Mem:          3.8G       782M       3.1G       5.7M        58M       320M

MemTotal:        4016004 kB
MemFree:         3214880 kB
Active:           443440 kB
Mem:          3.8G       782M       3.1G       5.7M        58M       320M

MemTotal:        4016004 kB
MemFree:         3214880 kB
Active:           443444 kB
Mem:          3.8G       782M       3.1G       5.7M        58M       320M

MemTotal:        4016004 kB
MemFree:         3215128 kB
Active:           443464 kB
Mem:          3.8G       782M       3.1G       5.7M        58M       320M

MemTotal:        4016004 kB
MemFree:         3215004 kB
Active:           443424 kB
Mem:          3.8G       782M       3.1G       5.7M        58M       320M

MemTotal:        4016004 kB
MemFree:         3214880 kB
Active:           443460 kB
Mem:          3.8G       782M       3.1G       5.7M        58M       320M

MemTotal:        4016004 kB
MemFree:         3215004 kB
Active:           443464 kB
Mem:          3.8G       782M       3.1G       5.7M        58M       320M

MemTotal:        4016004 kB
MemFree:         3214880 kB
Active:           443448 kB
Mem:          3.8G       782M       3.1G       5.7M        58M       320M

MemTotal:        4016004 kB
MemFree:         3214632 kB
Active:           443484 kB
Mem:          3.8G       782M       3.1G       5.7M        58M       320M

MemTotal:        4016004 kB
MemFree:         3214756 kB
Active:           443492 kB
Mem:          3.8G       782M       3.1G       5.7M        58M       320M

MemTotal:        4016004 kB
MemFree:         3214756 kB
Active:           443460 kB
Mem:          3.8G       782M       3.1G       5.7M        58M       320M

MemTotal:        4016004 kB
MemFree:         3214632 kB
Active:           443492 kB
Mem:          3.8G       782M       3.1G       5.7M        58M       320M

MemTotal:        4016004 kB
MemFree:         3214632 kB
Active:           443452 kB
Mem:          3.8G       782M       3.1G       5.7M        58M       320M

MemTotal:        4016004 kB
MemFree:         3214632 kB
Active:           443500 kB
Mem:          3.8G       782M       3.1G       5.7M        58M       320M

MemTotal:        4016004 kB
MemFree:         3214632 kB
Active:           443452 kB
Mem:          3.8G       782M       3.1G       5.7M        58M       320M

MemTotal:        4016004 kB
MemFree:         3214880 kB
Active:           443480 kB
Mem:          3.8G       782M       3.1G       5.7M        58M       320M

MemTotal:        4016004 kB
MemFree:         3214756 kB
Active:           443484 kB
Mem:          3.8G       782M       3.1G       5.7M        58M       320M

MemTotal:        4016004 kB
MemFree:         3214880 kB
Active:           443464 kB
Mem:          3.8G       782M       3.1G       5.7M        58M       320M

MemTotal:        4016004 kB
MemFree:         3214880 kB
Active:           443472 kB
Mem:          3.8G       782M       3.1G       5.7M        58M       320M

MemTotal:        4016004 kB
MemFree:         3214880 kB
Active:           443472 kB
Mem:          3.8G       782M       3.1G       5.7M        58M       320M

MemTotal:        4016004 kB
MemFree:         3214880 kB
Active:           443488 kB
Mem:          3.8G       782M       3.1G       5.7M        58M       320M

MemTotal:        4016004 kB
MemFree:         3214756 kB
Active:           443504 kB
Mem:          3.8G       782M       3.1G       5.7M        58M       320M

MemTotal:        4016004 kB
MemFree:         3214632 kB
Active:           443480 kB
Mem:          3.8G       782M       3.1G       5.7M        58M       320M

MemTotal:        4016004 kB
MemFree:         3215004 kB
Active:           443512 kB
Mem:          3.8G       782M       3.1G       5.7M        58M       320M

MemTotal:        4016004 kB
MemFree:         3214880 kB
Active:           443468 kB
Mem:          3.8G       782M       3.1G       5.7M        58M       320M

MemTotal:        4016004 kB
MemFree:         3214756 kB
Active:           443512 kB
Mem:          3.8G       782M       3.1G       5.7M        58M       320M

MemTotal:        4016004 kB
MemFree:         3214756 kB
Active:           443520 kB
Mem:          3.8G       782M       3.1G       5.7M        58M       320M

MemTotal:        4016004 kB
MemFree:         3214632 kB
Active:           443496 kB
Mem:          3.8G       782M       3.1G       5.7M        58M       320M

MemTotal:        4016004 kB
MemFree:         3214756 kB
Active:           443496 kB
Mem:          3.8G       782M       3.1G       5.7M        58M       320M

MemTotal:        4016004 kB
MemFree:         3214632 kB
Active:           443532 kB
Mem:          3.8G       782M       3.1G       5.7M        58M       320M

MemTotal:        4016004 kB
MemFree:         3214632 kB
Active:           443504 kB
Mem:          3.8G       782M       3.1G       5.7M        58M       320M

MemTotal:        4016004 kB
MemFree:         3214508 kB
Active:           443496 kB
Mem:          3.8G       782M       3.1G       5.7M        58M       320M

MemTotal:        4016004 kB
MemFree:         3214508 kB
Active:           443516 kB
Mem:          3.8G       783M       3.1G       5.7M        58M       320M

MemTotal:        4016004 kB
MemFree:         3214508 kB
Active:           443508 kB
Mem:          3.8G       782M       3.1G       5.7M        58M       320M

MemTotal:        4016004 kB
MemFree:         3214756 kB
Active:           443532 kB
Mem:          3.8G       782M       3.1G       5.7M        58M       320M

MemTotal:        4016004 kB
MemFree:         3214632 kB
Active:           443516 kB
Mem:          3.8G       782M       3.1G       5.7M        58M       320M

MemTotal:        4016004 kB
MemFree:         3214880 kB
Active:           443568 kB
Mem:          3.8G       782M       3.1G       5.7M        58M       320M

MemTotal:        4016004 kB
MemFree:         3214756 kB
Active:           443572 kB
Mem:          3.8G       782M       3.1G       5.7M        58M       320M

MemTotal:        4016004 kB
MemFree:         3214632 kB
Active:           443592 kB
Mem:          3.8G       782M       3.1G       5.7M        58M       320M

MemTotal:        4016004 kB
MemFree:         3214880 kB
Active:           443608 kB
Mem:          3.8G       782M       3.1G       5.7M        58M       320M

MemTotal:        4016004 kB
MemFree:         3215128 kB
Active:           443556 kB
Mem:          3.8G       782M       3.1G       5.7M        58M       320M

MemTotal:        4016004 kB
MemFree:         3214740 kB
Active:           443624 kB
Mem:          3.8G       782M       3.1G       5.7M        58M       320M

MemTotal:        4016004 kB
MemFree:         3214864 kB
Active:           443576 kB
Mem:          3.8G       782M       3.1G       5.7M        58M       320M

MemTotal:        4016004 kB
MemFree:         3214988 kB
Active:           443616 kB
Mem:          3.8G       782M       3.1G       5.7M        58M       320M

MemTotal:        4016004 kB
MemFree:         3213188 kB
Active:           443580 kB
Mem:          3.8G       784M       3.1G       5.7M        58M       320M

MemTotal:        4016004 kB
MemFree:         3212816 kB
Active:           445652 kB
Mem:          3.8G       784M       3.1G       5.7M        58M       320M

MemTotal:        4016004 kB
MemFree:         3212568 kB
Active:           445624 kB
Mem:          3.8G       784M       3.1G       5.7M        58M       320M

MemTotal:        4016004 kB
MemFree:         3212568 kB
Active:           445656 kB
Mem:          3.8G       784M       3.1G       5.7M        58M       320M

MemTotal:        4016004 kB
MemFree:         3212444 kB
Active:           445632 kB
Mem:          3.8G       784M       3.1G       5.7M        58M       320M

MemTotal:        4016004 kB
MemFree:         3212568 kB
Active:           445648 kB
Mem:          3.8G       784M       3.1G       5.7M        58M       320M

MemTotal:        4016004 kB
MemFree:         3212676 kB
Active:           445648 kB
Mem:          3.8G       784M       3.1G       5.7M        58M       320M

MemTotal:        4016004 kB
MemFree:         3212444 kB
Active:           445628 kB
Mem:          3.8G       784M       3.1G       5.7M        58M       320M

MemTotal:        4016004 kB
MemFree:         3212444 kB
Active:           445620 kB
Mem:          3.8G       784M       3.1G       5.7M        58M       320M

MemTotal:        4016004 kB
MemFree:         3212568 kB
Active:           445648 kB
Mem:          3.8G       784M       3.1G       5.7M        58M       320M

MemTotal:        4016004 kB
MemFree:         3212568 kB
Active:           445656 kB
Mem:          3.8G       784M       3.1G       5.7M        58M       320M

MemTotal:        4016004 kB
MemFree:         3212444 kB
Active:           445652 kB
Mem:          3.8G       784M       3.1G       5.7M        58M       320M

MemTotal:        4016004 kB
MemFree:         3212584 kB
Active:           445652 kB
Mem:          3.8G       784M       3.1G       5.7M        58M       320M

MemTotal:        4016004 kB
MemFree:         3212584 kB
Active:           445668 kB
Mem:          3.8G       784M       3.1G       5.7M        58M       320M

MemTotal:        4016004 kB
MemFree:         3212708 kB
Active:           445636 kB
Mem:          3.8G       784M       3.1G       5.7M        58M       320M

MemTotal:        4016004 kB
MemFree:         3212708 kB
Active:           445664 kB
Mem:          3.8G       784M       3.1G       5.7M        58M       320M

MemTotal:        4016004 kB
MemFree:         3212708 kB
Active:           445668 kB
Mem:          3.8G       784M       3.1G       5.7M        58M       320M

MemTotal:        4016004 kB
MemFree:         3212584 kB
Active:           445648 kB
Mem:          3.8G       784M       3.1G       5.7M        58M       320M

MemTotal:        4016004 kB
MemFree:         3212584 kB
Active:           445656 kB
Mem:          3.8G       784M       3.1G       5.7M        58M       320M

MemTotal:        4016004 kB
MemFree:         3213224 kB
Active:           445348 kB
Mem:          3.8G       784M       3.1G       5.7M        58M       320M

MemTotal:        4016004 kB
MemFree:         3213224 kB
Active:           445324 kB
Mem:          3.8G       784M       3.1G       5.7M        58M       320M

MemTotal:        4016004 kB
MemFree:         3213100 kB
Active:           445296 kB
Mem:          3.8G       784M       3.1G       5.7M        58M       320M

MemTotal:        4016004 kB
MemFree:         3213348 kB
Active:           445324 kB
Mem:          3.8G       783M       3.1G       5.7M        58M       320M

MemTotal:        4016004 kB
MemFree:         3213720 kB
Active:           445344 kB
Mem:          3.8G       783M       3.1G       5.7M        58M       320M

MemTotal:        4016004 kB
MemFree:         3213720 kB
Active:           445308 kB
Mem:          3.8G       783M       3.1G       5.7M        58M       320M

MemTotal:        4016004 kB
MemFree:         3213720 kB
Active:           445308 kB
Mem:          3.8G       783M       3.1G       5.7M        58M       320M

MemTotal:        4016004 kB
MemFree:         3213844 kB
Active:           445348 kB
Mem:          3.8G       783M       3.1G       5.7M        58M       320M

MemTotal:        4016004 kB
MemFree:         3213720 kB
Active:           445344 kB
Mem:          3.8G       783M       3.1G       5.7M        58M       320M

MemTotal:        4016004 kB
MemFree:         3213844 kB
Active:           445328 kB
Mem:          3.8G       783M       3.1G       5.7M        58M       320M

MemTotal:        4016004 kB
MemFree:         3213720 kB
Active:           445320 kB
Mem:          3.8G       783M       3.1G       5.7M        58M       320M

MemTotal:        4016004 kB
MemFree:         3213844 kB
Active:           445348 kB
Mem:          3.8G       783M       3.1G       5.7M        58M       320M

MemTotal:        4016004 kB
MemFree:         3213828 kB
Active:           445348 kB
Mem:          3.8G       783M       3.1G       5.7M        58M       320M

MemTotal:        4016004 kB
MemFree:         3213796 kB
Active:           445324 kB
Mem:          3.8G       783M       3.1G       5.7M        58M       320M

MemTotal:        4016004 kB
MemFree:         3213596 kB
Active:           445368 kB
Mem:          3.8G       783M       3.1G       5.7M        58M       320M

MemTotal:        4016004 kB
MemFree:         3214092 kB
Active:           445348 kB
Mem:          3.8G       783M       3.1G       5.7M        58M       320M

MemTotal:        4016004 kB
MemFree:         3213596 kB
Active:           445368 kB
Mem:          3.8G       783M       3.1G       5.7M        58M       320M

MemTotal:        4016004 kB
MemFree:         3213968 kB
Active:           445356 kB
Mem:          3.8G       783M       3.1G       5.7M        58M       320M

MemTotal:        4016004 kB
MemFree:         3213596 kB
Active:           445372 kB
Mem:          3.8G       783M       3.1G       5.7M        58M       320M

MemTotal:        4016004 kB
MemFree:         3213844 kB
Active:           445352 kB
Mem:          3.8G       783M       3.1G       5.7M        58M       320M

MemTotal:        4016004 kB
MemFree:         3213720 kB
Active:           445352 kB
Mem:          3.8G       783M       3.1G       5.7M        58M       320M

MemTotal:        4016004 kB
MemFree:         3213348 kB
Active:           445380 kB
Mem:          3.8G       783M       3.1G       5.7M        58M       320M

MemTotal:        4016004 kB
MemFree:         3213844 kB
Active:           445356 kB
Mem:          3.8G       783M       3.1G       5.7M        58M       320M

MemTotal:        4016004 kB
MemFree:         3213844 kB
Active:           445340 kB
Mem:          3.8G       783M       3.1G       5.7M        58M       320M

MemTotal:        4016004 kB
MemFree:         3213472 kB
Active:           445388 kB
Mem:          3.8G       783M       3.1G       5.7M        58M       320M

MemTotal:        4016004 kB
MemFree:         3213596 kB
Active:           445380 kB
Mem:          3.8G       783M       3.1G       5.7M        58M       320M

MemTotal:        4016004 kB
MemFree:         3213720 kB
Active:           445372 kB
Mem:          3.8G       783M       3.1G       5.7M        58M       320M

MemTotal:        4016004 kB
MemFree:         3213580 kB
Active:           445404 kB
Mem:          3.8G       783M       3.1G       5.7M        58M       320M

MemTotal:        4016004 kB
MemFree:         3214076 kB
Active:           445380 kB
Mem:          3.8G       783M       3.1G       5.7M        58M       320M

MemTotal:        4016004 kB
MemFree:         3213952 kB
Active:           445364 kB
Mem:          3.8G       783M       3.1G       5.7M        58M       320M

MemTotal:        4016004 kB
MemFree:         3213952 kB
Active:           445396 kB
Mem:          3.8G       783M       3.1G       5.7M        58M       320M

MemTotal:        4016004 kB
MemFree:         3213456 kB
Active:           445412 kB
Mem:          3.8G       783M       3.1G       5.7M        58M       320M

MemTotal:        4016004 kB
MemFree:         3213828 kB
Active:           445368 kB
Mem:          3.8G       783M       3.1G       5.7M        58M       320M

MemTotal:        4016004 kB
MemFree:         3213828 kB
Active:           445412 kB
Mem:          3.8G       783M       3.1G       5.7M        58M       320M

MemTotal:        4016004 kB
MemFree:         3213828 kB
Active:           445380 kB
Mem:          3.8G       783M       3.1G       5.7M        58M       320M

MemTotal:        4016004 kB
MemFree:         3213828 kB
Active:           445392 kB
Mem:          3.8G       783M       3.1G       5.7M        58M       320M

MemTotal:        4016004 kB
MemFree:         3213952 kB
Active:           445364 kB
Mem:          3.8G       783M       3.1G       5.7M        58M       320M

MemTotal:        4016004 kB
MemFree:         3213828 kB
Active:           445388 kB
Mem:          3.8G       783M       3.1G       5.7M        58M       320M

MemTotal:        4016004 kB
MemFree:         3213704 kB
Active:           445400 kB
Mem:          3.8G       783M       3.1G       5.7M        58M       320M

MemTotal:        4016004 kB
MemFree:         3213952 kB
Active:           445408 kB
Mem:          3.8G       783M       3.1G       5.7M        58M       320M

MemTotal:        4016004 kB
MemFree:         3213952 kB
Active:           445368 kB
Mem:          3.8G       783M       3.1G       5.7M        58M       320M

MemTotal:        4016004 kB
MemFree:         3213580 kB
Active:           445432 kB
Mem:          3.8G       783M       3.1G       5.7M        58M       320M

MemTotal:        4016004 kB
MemFree:         3214200 kB
Active:           445388 kB
Mem:          3.8G       783M       3.1G       5.7M        58M       320M

MemTotal:        4016004 kB
MemFree:         3214448 kB
Active:           445380 kB
Mem:          3.8G       783M       3.1G       5.7M        58M       320M

MemTotal:        4016004 kB
MemFree:         3214216 kB
Active:           445380 kB
Mem:          3.8G       782M       3.1G       5.7M        58M       320M

MemTotal:        4016004 kB
MemFree:         3214092 kB
Active:           445380 kB
Mem:          3.8G       783M       3.1G       5.7M        58M       320M

MemTotal:        4016004 kB
MemFree:         3213844 kB
Active:           445432 kB
Mem:          3.8G       783M       3.1G       5.7M        59M       320M

MemTotal:        4016004 kB
MemFree:         3214216 kB
Active:           445416 kB
Mem:          3.8G       782M       3.1G       5.7M        59M       320M

MemTotal:        4016004 kB
MemFree:         3214216 kB
Active:           445420 kB
Mem:          3.8G       782M       3.1G       5.7M        59M       320M

MemTotal:        4016004 kB
MemFree:         3214216 kB
Active:           445436 kB
Mem:          3.8G       782M       3.1G       5.7M        59M       320M

MemTotal:        4016004 kB
MemFree:         3214340 kB
Active:           445404 kB
Mem:          3.8G       783M       3.1G       5.7M        59M       320M

MemTotal:        4016004 kB
MemFree:         3214216 kB
Active:           445388 kB
Mem:          3.8G       783M       3.1G       5.7M        59M       320M

MemTotal:        4016004 kB
MemFree:         3214216 kB
Active:           445400 kB
Mem:          3.8G       783M       3.1G       5.7M        59M       320M

MemTotal:        4016004 kB
MemFree:         3213844 kB
Active:           445436 kB
Mem:          3.8G       783M       3.1G       5.7M        59M       320M

MemTotal:        4016004 kB
MemFree:         3213844 kB
Active:           445440 kB
Mem:          3.8G       783M       3.1G       5.7M        59M       320M

MemTotal:        4016004 kB
MemFree:         3213844 kB
Active:           445432 kB
Mem:          3.8G       783M       3.1G       5.7M        59M       320M

MemTotal:        4016004 kB
MemFree:         3213844 kB
Active:           445444 kB
Mem:          3.8G       783M       3.1G       5.7M        59M       320M

MemTotal:        4016004 kB
MemFree:         3213472 kB
Active:           445428 kB
Mem:          3.8G       783M       3.1G       5.7M        59M       320M

MemTotal:        4016004 kB
MemFree:         3213596 kB
Active:           445448 kB
Mem:          3.8G       783M       3.1G       5.7M        59M       320M

MemTotal:        4016004 kB
MemFree:         3213472 kB
Active:           445456 kB
Mem:          3.8G       783M       3.1G       5.7M        59M       320M

MemTotal:        4016004 kB
MemFree:         3213348 kB
Active:           445444 kB
Mem:          3.8G       783M       3.1G       5.7M        59M       320M

MemTotal:        4016004 kB
MemFree:         3213596 kB
Active:           445456 kB
Mem:          3.8G       783M       3.1G       5.7M        59M       320M

MemTotal:        4016004 kB
MemFree:         3213472 kB
Active:           445408 kB
Mem:          3.8G       783M       3.1G       5.7M        59M       320M

MemTotal:        4016004 kB
MemFree:         3213596 kB
Active:           445416 kB
Mem:          3.8G       783M       3.1G       5.7M        59M       320M

MemTotal:        4016004 kB
MemFree:         3213596 kB
Active:           445412 kB
Mem:          3.8G       783M       3.1G       5.7M        59M       320M

MemTotal:        4016004 kB
MemFree:         3213720 kB
Active:           445456 kB
Mem:          3.8G       783M       3.1G       5.7M        59M       320M

MemTotal:        4016004 kB
MemFree:         3213348 kB
Active:           445476 kB
Mem:          3.8G       783M       3.1G       5.7M        59M       320M

MemTotal:        4016004 kB
MemFree:         3213844 kB
Active:           445472 kB
Mem:          3.8G       783M       3.1G       5.7M        59M       320M

MemTotal:        4016004 kB
MemFree:         3213596 kB
Active:           445488 kB
Mem:          3.8G       783M       3.1G       5.7M        59M       320M

MemTotal:        4016004 kB
MemFree:         3213968 kB
Active:           445456 kB
Mem:          3.8G       783M       3.1G       5.7M        59M       320M

MemTotal:        4016004 kB
MemFree:         3214092 kB
Active:           445448 kB
Mem:          3.8G       783M       3.1G       5.7M        59M       320M

MemTotal:        4016004 kB
MemFree:         3213844 kB
Active:           445488 kB
Mem:          3.8G       783M       3.1G       5.7M        59M       320M

MemTotal:        4016004 kB
MemFree:         3213472 kB
Active:           445492 kB
Mem:          3.8G       783M       3.1G       5.7M        59M       320M

MemTotal:        4016004 kB
MemFree:         3213720 kB
Active:           445472 kB
Mem:          3.8G       783M       3.1G       5.7M        59M       320M

MemTotal:        4016004 kB
MemFree:         3213720 kB
Active:           445476 kB
Mem:          3.8G       783M       3.1G       5.7M        59M       320M

MemTotal:        4016004 kB
MemFree:         3213968 kB
Active:           445452 kB
Mem:          3.8G       783M       3.1G       5.7M        59M       320M

MemTotal:        4016004 kB
MemFree:         3213720 kB
Active:           445500 kB
Mem:          3.8G       783M       3.1G       5.7M        59M       320M

MemTotal:        4016004 kB
MemFree:         3213472 kB
Active:           445500 kB
Mem:          3.8G       783M       3.1G       5.7M        59M       320M

MemTotal:        4016004 kB
MemFree:         3213720 kB
Active:           445468 kB
Mem:          3.8G       783M       3.1G       5.7M        59M       320M

MemTotal:        4016004 kB
MemFree:         3213472 kB
Active:           445500 kB
Mem:          3.8G       783M       3.1G       5.7M        59M       320M

MemTotal:        4016004 kB
MemFree:         3213844 kB
Active:           445492 kB
Mem:          3.8G       783M       3.1G       5.7M        59M       320M

MemTotal:        4016004 kB
MemFree:         3213968 kB
Active:           445480 kB
Mem:          3.8G       783M       3.1G       5.7M        59M       320M

MemTotal:        4016004 kB
MemFree:         3213844 kB
Active:           445488 kB
Mem:          3.8G       783M       3.1G       5.7M        59M       320M

MemTotal:        4016004 kB
MemFree:         3213596 kB
Active:           445520 kB
Mem:          3.8G       783M       3.1G       5.7M        59M       320M

MemTotal:        4016004 kB
MemFree:         3213472 kB
Active:           445464 kB
Mem:          3.8G       783M       3.1G       5.7M        59M       320M

MemTotal:        4016004 kB
MemFree:         3213224 kB
Active:           445524 kB
Mem:          3.8G       783M       3.1G       5.7M        59M       320M

MemTotal:        4016004 kB
MemFree:         3214216 kB
Active:           445472 kB
Mem:          3.8G       782M       3.1G       5.7M        59M       320M

MemTotal:        4016004 kB
MemFree:         3214464 kB
Active:           445488 kB
Mem:          3.8G       782M       3.1G       5.7M        59M       320M

MemTotal:        4016004 kB
MemFree:         3214464 kB
Active:           445492 kB
Mem:          3.8G       782M       3.1G       5.7M        59M       320M

MemTotal:        4016004 kB
MemFree:         3214464 kB
Active:           445488 kB
Mem:          3.8G       782M       3.1G       5.7M        59M       320M

MemTotal:        4016004 kB
MemFree:         3214464 kB
Active:           445492 kB
Mem:          3.8G       782M       3.1G       5.7M        59M       320M

MemTotal:        4016004 kB
MemFree:         3214464 kB
Active:           445476 kB
Mem:          3.8G       782M       3.1G       5.7M        59M       320M

MemTotal:        4016004 kB
MemFree:         3214340 kB
Active:           445500 kB
Mem:          3.8G       782M       3.1G       5.7M        59M       320M

MemTotal:        4016004 kB
MemFree:         3214340 kB
Active:           445488 kB
Mem:          3.8G       783M       3.1G       5.7M        59M       320M

MemTotal:        4016004 kB
MemFree:         3214340 kB
Active:           445500 kB
Mem:          3.8G       782M       3.1G       5.7M        59M       320M

MemTotal:        4016004 kB
MemFree:         3214340 kB
Active:           445488 kB
Mem:          3.8G       782M       3.1G       5.7M        59M       320M

MemTotal:        4016004 kB
MemFree:         3214464 kB
Active:           445504 kB
Mem:          3.8G       782M       3.1G       5.7M        59M       320M

MemTotal:        4016004 kB
MemFree:         3214464 kB
Active:           445488 kB
Mem:          3.8G       782M       3.1G       5.7M        59M       320M

MemTotal:        4016004 kB
MemFree:         3214340 kB
Active:           445488 kB
Mem:          3.8G       782M       3.1G       5.7M        59M       320M

MemTotal:        4016004 kB
MemFree:         3214340 kB
Active:           445496 kB
Mem:          3.8G       782M       3.1G       5.7M        59M       320M

MemTotal:        4016004 kB
MemFree:         3214092 kB
Active:           445520 kB
Mem:          3.8G       783M       3.1G       5.7M        59M       320M

MemTotal:        4016004 kB
MemFree:         3214092 kB
Active:           445528 kB
Mem:          3.8G       783M       3.1G       5.7M        59M       320M

MemTotal:        4016004 kB
MemFree:         3214092 kB
Active:           445488 kB
Mem:          3.8G       783M       3.1G       5.7M        59M       320M

MemTotal:        4016004 kB
MemFree:         3214092 kB
Active:           445504 kB
Mem:          3.8G       783M       3.1G       5.7M        59M       320M

MemTotal:        4016004 kB
MemFree:         3214092 kB
Active:           445520 kB
Mem:          3.8G       783M       3.1G       5.7M        59M       320M

MemTotal:        4016004 kB
MemFree:         3213968 kB
Active:           445532 kB
Mem:          3.8G       783M       3.1G       5.7M        59M       320M

MemTotal:        4016004 kB
MemFree:         3213596 kB
Active:           445560 kB
Mem:          3.8G       783M       3.1G       5.7M        59M       320M

MemTotal:        4016004 kB
MemFree:         3213472 kB
Active:           445560 kB
Mem:          3.8G       783M       3.1G       5.7M        59M       320M

MemTotal:        4016004 kB
MemFree:         3213844 kB
Active:           445548 kB
Mem:          3.8G       783M       3.1G       5.7M        59M       320M

MemTotal:        4016004 kB
MemFree:         3213968 kB
Active:           445552 kB
Mem:          3.8G       783M       3.1G       5.7M        59M       320M

MemTotal:        4016004 kB
MemFree:         3214216 kB
Active:           445548 kB
Mem:          3.8G       783M       3.1G       5.7M        59M       320M

MemTotal:        4016004 kB
MemFree:         3213968 kB
Active:           445540 kB
Mem:          3.8G       783M       3.1G       5.7M        59M       320M

MemTotal:        4016004 kB
MemFree:         3213844 kB
Active:           445572 kB
Mem:          3.8G       783M       3.1G       5.7M        59M       320M

MemTotal:        4016004 kB
MemFree:         3213844 kB
Active:           445572 kB
Mem:          3.8G       783M       3.1G       5.7M        59M       320M

MemTotal:        4016004 kB
MemFree:         3213844 kB
Active:           445520 kB
Mem:          3.8G       783M       3.1G       5.7M        59M       320M

MemTotal:        4016004 kB
MemFree:         3213472 kB
Active:           445572 kB
Mem:          3.8G       783M       3.1G       5.7M        59M       320M

MemTotal:        4016004 kB
MemFree:         3213844 kB
Active:           445536 kB
Mem:          3.8G       783M       3.1G       5.7M        59M       320M

MemTotal:        4016004 kB
MemFree:         3214216 kB
Active:           445568 kB
Mem:          3.8G       783M       3.1G       5.7M        59M       320M

MemTotal:        4016004 kB
MemFree:         3214216 kB
Active:           445556 kB
Mem:          3.8G       783M       3.1G       5.7M        59M       320M

MemTotal:        4016004 kB
MemFree:         3213720 kB
Active:           445588 kB
Mem:          3.8G       783M       3.1G       5.7M        59M       320M

MemTotal:        4016004 kB
MemFree:         3213596 kB
Active:           445588 kB
Mem:          3.8G       783M       3.1G       5.7M        59M       320M

MemTotal:        4016004 kB
MemFree:         3213596 kB
Active:           445572 kB
Mem:          3.8G       783M       3.1G       5.7M        59M       320M

MemTotal:        4016004 kB
MemFree:         3213596 kB
Active:           445576 kB
Mem:          3.8G       783M       3.1G       5.7M        59M       320M

MemTotal:        4016004 kB
MemFree:         3213720 kB
Active:           445572 kB
Mem:          3.8G       783M       3.1G       5.7M        59M       320M

MemTotal:        4016004 kB
MemFree:         3213348 kB
Active:           445608 kB
Mem:          3.8G       783M       3.1G       5.7M        59M       320M

MemTotal:        4016004 kB
MemFree:         3213392 kB
Active:           445848 kB
Mem:          3.8G       783M       3.1G       5.7M        59M       320M

MemTotal:        4016004 kB
MemFree:         3213844 kB
Active:           445612 kB
Mem:          3.8G       783M       3.1G       5.7M        59M       320M

MemTotal:        4016004 kB
MemFree:         3213720 kB
Active:           445604 kB
Mem:          3.8G       783M       3.1G       5.7M        59M       320M

MemTotal:        4016004 kB
MemFree:         3213844 kB
Active:           445604 kB
Mem:          3.8G       783M       3.1G       5.7M        59M       320M

MemTotal:        4016004 kB
MemFree:         3213844 kB
Active:           445596 kB
Mem:          3.8G       783M       3.1G       5.7M        59M       320M

MemTotal:        4016004 kB
MemFree:         3213472 kB
Active:           445624 kB
Mem:          3.8G       783M       3.1G       5.7M        59M       320M

MemTotal:        4016004 kB
MemFree:         3213844 kB
Active:           445600 kB
Mem:          3.8G       783M       3.1G       5.7M        59M       320M

MemTotal:        4016004 kB
MemFree:         3213968 kB
Active:           445596 kB
Mem:          3.8G       783M       3.1G       5.7M        59M       320M

MemTotal:        4016004 kB
MemFree:         3213472 kB
Active:           445624 kB
Mem:          3.8G       783M       3.1G       5.7M        59M       320M

MemTotal:        4016004 kB
MemFree:         3213596 kB
Active:           445616 kB
Mem:          3.8G       783M       3.1G       5.7M        59M       320M

MemTotal:        4016004 kB
MemFree:         3214092 kB
Active:           445588 kB
Mem:          3.8G       783M       3.1G       5.7M        59M       320M

MemTotal:        4016004 kB
MemFree:         3214092 kB
Active:           445604 kB
Mem:          3.8G       783M       3.1G       5.7M        59M       320M

MemTotal:        4016004 kB
MemFree:         3213720 kB
Active:           445636 kB
Mem:          3.8G       783M       3.1G       5.7M        59M       320M

MemTotal:        4016004 kB
MemFree:         3213720 kB
Active:           445620 kB
Mem:          3.8G       783M       3.1G       5.7M        59M       320M

MemTotal:        4016004 kB
MemFree:         3213844 kB
Active:           445608 kB
Mem:          3.8G       783M       3.1G       5.7M        59M       320M

MemTotal:        4016004 kB
MemFree:         3213844 kB
Active:           445608 kB
Mem:          3.8G       783M       3.1G       5.7M        59M       320M

MemTotal:        4016004 kB
MemFree:         3213968 kB
Active:           445592 kB
Mem:          3.8G       783M       3.1G       5.7M        59M       320M

MemTotal:        4016004 kB
MemFree:         3214092 kB
Active:           445600 kB
Mem:          3.8G       783M       3.1G       5.7M        59M       320M

MemTotal:        4016004 kB
MemFree:         3213968 kB
Active:           445636 kB
