MemTotal:        4016004 kB
MemFree:         3239748 kB
Active:           421956 kB
Mem:          3.8G       758M       3.1G       5.7M        51M       321M

MemTotal:        4016004 kB
MemFree:         3239188 kB
Active:           422496 kB
Mem:          3.8G       758M       3.1G       5.7M        51M       321M

MemTotal:        4016004 kB
MemFree:         3238800 kB
Active:           422612 kB
Mem:          3.8G       758M       3.1G       5.7M        51M       321M

MemTotal:        4016004 kB
MemFree:         3238084 kB
Active:           420608 kB
Mem:          3.8G       759M       3.1G       5.7M        51M       321M

MemTotal:        4016004 kB
MemFree:         3238332 kB
Active:           422624 kB
Mem:          3.8G       759M       3.1G       5.7M        51M       321M

MemTotal:        4016004 kB
MemFree:         3238580 kB
Active:           422648 kB
Mem:          3.8G       759M       3.1G       5.7M        51M       321M

MemTotal:        4016004 kB
MemFree:         3238332 kB
Active:           422612 kB
Mem:          3.8G       759M       3.1G       5.7M        51M       321M

MemTotal:        4016004 kB
MemFree:         3237944 kB
Active:           422664 kB
Mem:          3.8G       759M       3.1G       5.7M        51M       321M

MemTotal:        4016004 kB
MemFree:         3238548 kB
Active:           422660 kB
Mem:          3.8G       758M       3.1G       5.7M        51M       321M

MemTotal:        4016004 kB
MemFree:         3239028 kB
Active:           422656 kB
Mem:          3.8G       758M       3.1G       5.7M        51M       321M

MemTotal:        4016004 kB
MemFree:         3238284 kB
Active:           422664 kB
Mem:          3.8G       759M       3.1G       5.7M        51M       321M

MemTotal:        4016004 kB
MemFree:         3238656 kB
Active:           422648 kB
Mem:          3.8G       759M       3.1G       5.7M        51M       321M

MemTotal:        4016004 kB
MemFree:         3238284 kB
Active:           422664 kB
Mem:          3.8G       759M       3.1G       5.7M        51M       321M

MemTotal:        4016004 kB
MemFree:         3238344 kB
Active:           422648 kB
Mem:          3.8G       759M       3.1G       5.7M        51M       321M

MemTotal:        4016004 kB
MemFree:         3238624 kB
Active:           422612 kB
Mem:          3.8G       759M       3.1G       5.7M        51M       321M

MemTotal:        4016004 kB
MemFree:         3238500 kB
Active:           422652 kB
Mem:          3.8G       759M       3.1G       5.7M        51M       321M

MemTotal:        4016004 kB
MemFree:         3237880 kB
Active:           422672 kB
Mem:          3.8G       759M       3.1G       5.7M        51M       321M

MemTotal:        4016004 kB
MemFree:         3238360 kB
Active:           422656 kB
Mem:          3.8G       759M       3.1G       5.7M        51M       321M

MemTotal:        4016004 kB
MemFree:         3238484 kB
Active:           422668 kB
Mem:          3.8G       759M       3.1G       5.7M        51M       321M

MemTotal:        4016004 kB
MemFree:         3238236 kB
Active:           422628 kB
Mem:          3.8G       759M       3.1G       5.7M        51M       321M

MemTotal:        4016004 kB
MemFree:         3238360 kB
Active:           422652 kB
Mem:          3.8G       759M       3.1G       5.7M        51M       321M

MemTotal:        4016004 kB
MemFree:         3238344 kB
Active:           422632 kB
Mem:          3.8G       759M       3.1G       5.7M        51M       321M

MemTotal:        4016004 kB
MemFree:         3237908 kB
Active:           420704 kB
Mem:          3.8G       759M       3.1G       5.7M        51M       321M

MemTotal:        4016004 kB
MemFree:         3238620 kB
Active:           420624 kB
Mem:          3.8G       759M       3.1G       5.7M        51M       321M

MemTotal:        4016004 kB
MemFree:         3238620 kB
Active:           422648 kB
Mem:          3.8G       758M       3.1G       5.7M        51M       321M

MemTotal:        4016004 kB
MemFree:         3238976 kB
Active:           422632 kB
Mem:          3.8G       759M       3.1G       5.7M        51M       321M

MemTotal:        4016004 kB
MemFree:         3238728 kB
Active:           422632 kB
Mem:          3.8G       759M       3.1G       5.7M        51M       321M

MemTotal:        4016004 kB
MemFree:         3238388 kB
Active:           422680 kB
Mem:          3.8G       759M       3.1G       5.7M        51M       321M

MemTotal:        4016004 kB
MemFree:         3238760 kB
Active:           422668 kB
Mem:          3.8G       759M       3.1G       5.7M        51M       321M

MemTotal:        4016004 kB
MemFree:         3238760 kB
Active:           422636 kB
Mem:          3.8G       758M       3.1G       5.7M        51M       321M

MemTotal:        4016004 kB
MemFree:         3238884 kB
Active:           422640 kB
Mem:          3.8G       759M       3.1G       5.7M        51M       321M

MemTotal:        4016004 kB
MemFree:         3238636 kB
Active:           422668 kB
Mem:          3.8G       759M       3.1G       5.7M        51M       321M

MemTotal:        4016004 kB
MemFree:         3238512 kB
Active:           422660 kB
Mem:          3.8G       759M       3.1G       5.7M        51M       321M

MemTotal:        4016004 kB
MemFree:         3238868 kB
Active:           422684 kB
Mem:          3.8G       758M       3.1G       5.7M        51M       321M

MemTotal:        4016004 kB
MemFree:         3238852 kB
Active:           422656 kB
Mem:          3.8G       758M       3.1G       5.7M        51M       321M

MemTotal:        4016004 kB
MemFree:         3238728 kB
Active:           422696 kB
Mem:          3.8G       759M       3.1G       5.7M        51M       321M

MemTotal:        4016004 kB
MemFree:         3238712 kB
Active:           422660 kB
Mem:          3.8G       759M       3.1G       5.7M        51M       321M

MemTotal:        4016004 kB
MemFree:         3238820 kB
Active:           422692 kB
Mem:          3.8G       759M       3.1G       5.7M        51M       321M

MemTotal:        4016004 kB
MemFree:         3238804 kB
Active:           422700 kB
Mem:          3.8G       758M       3.1G       5.7M        51M       321M

MemTotal:        4016004 kB
MemFree:         3238804 kB
Active:           422676 kB
Mem:          3.8G       759M       3.1G       5.7M        51M       321M

MemTotal:        4016004 kB
MemFree:         3238712 kB
Active:           422684 kB
Mem:          3.8G       759M       3.1G       5.7M        51M       321M

MemTotal:        4016004 kB
MemFree:         3238712 kB
Active:           422712 kB
Mem:          3.8G       759M       3.1G       5.7M        51M       321M

MemTotal:        4016004 kB
MemFree:         3237216 kB
Active:           420740 kB
Mem:          3.8G       760M       3.1G       5.7M        51M       321M

MemTotal:        4016004 kB
MemFree:         3238016 kB
Active:           422764 kB
Mem:          3.8G       759M       3.1G       5.7M        51M       321M

MemTotal:        4016004 kB
MemFree:         3238388 kB
Active:           422756 kB
Mem:          3.8G       759M       3.1G       5.7M        51M       321M

MemTotal:        4016004 kB
MemFree:         3238388 kB
Active:           422716 kB
Mem:          3.8G       759M       3.1G       5.7M        51M       321M

MemTotal:        4016004 kB
MemFree:         3237892 kB
Active:           422776 kB
Mem:          3.8G       759M       3.1G       5.7M        51M       321M

MemTotal:        4016004 kB
MemFree:         3238264 kB
Active:           422724 kB
Mem:          3.8G       759M       3.1G       5.7M        51M       321M

MemTotal:        4016004 kB
MemFree:         3238264 kB
Active:           422752 kB
Mem:          3.8G       759M       3.1G       5.7M        51M       321M

MemTotal:        4016004 kB
MemFree:         3238760 kB
Active:           422776 kB
Mem:          3.8G       759M       3.1G       5.7M        51M       321M

MemTotal:        4016004 kB
MemFree:         3238760 kB
Active:           422768 kB
Mem:          3.8G       759M       3.1G       5.7M        51M       321M

MemTotal:        4016004 kB
MemFree:         3238512 kB
Active:           422788 kB
Mem:          3.8G       759M       3.1G       5.7M        51M       321M

MemTotal:        4016004 kB
MemFree:         3237852 kB
Active:           420804 kB
Mem:          3.8G       759M       3.1G       5.7M        51M       321M

MemTotal:        4016004 kB
MemFree:         3238540 kB
Active:           422752 kB
Mem:          3.8G       759M       3.1G       5.7M        51M       321M

MemTotal:        4016004 kB
MemFree:         3238636 kB
Active:           422760 kB
Mem:          3.8G       759M       3.1G       5.7M        51M       321M

MemTotal:        4016004 kB
MemFree:         3238124 kB
Active:           422812 kB
Mem:          3.8G       759M       3.1G       5.7M        51M       321M

MemTotal:        4016004 kB
MemFree:         3238264 kB
Active:           422784 kB
Mem:          3.8G       759M       3.1G       5.7M        51M       321M

MemTotal:        4016004 kB
MemFree:         3238344 kB
Active:           422804 kB
Mem:          3.8G       759M       3.1G       5.7M        51M       321M

MemTotal:        4016004 kB
MemFree:         3238344 kB
Active:           422808 kB
Mem:          3.8G       759M       3.1G       5.7M        51M       321M

MemTotal:        4016004 kB
MemFree:         3238468 kB
Active:           422800 kB
Mem:          3.8G       759M       3.1G       5.7M        51M       321M

MemTotal:        4016004 kB
MemFree:         3238220 kB
Active:           422796 kB
Mem:          3.8G       759M       3.1G       5.7M        51M       321M

MemTotal:        4016004 kB
MemFree:         3238436 kB
Active:           422812 kB
Mem:          3.8G       759M       3.1G       5.7M        51M       321M

MemTotal:        4016004 kB
MemFree:         3238048 kB
Active:           422816 kB
Mem:          3.8G       759M       3.1G       5.7M        51M       321M

MemTotal:        4016004 kB
MemFree:         3238140 kB
Active:           422780 kB
Mem:          3.8G       759M       3.1G       5.7M        51M       321M

MemTotal:        4016004 kB
MemFree:         3238248 kB
Active:           422784 kB
Mem:          3.8G       759M       3.1G       5.7M        51M       321M

MemTotal:        4016004 kB
MemFree:         3238124 kB
Active:           422820 kB
Mem:          3.8G       759M       3.1G       5.7M        51M       321M

MemTotal:        4016004 kB
MemFree:         3238124 kB
Active:           422824 kB
Mem:          3.8G       759M       3.1G       5.7M        51M       321M

MemTotal:        4016004 kB
MemFree:         3238232 kB
Active:           422812 kB
Mem:          3.8G       759M       3.1G       5.7M        51M       321M

MemTotal:        4016004 kB
MemFree:         3238588 kB
Active:           422820 kB
Mem:          3.8G       759M       3.1G       5.7M        51M       321M

MemTotal:        4016004 kB
MemFree:         3238712 kB
Active:           422784 kB
Mem:          3.8G       758M       3.1G       5.7M        51M       321M

MemTotal:        4016004 kB
MemFree:         3238976 kB
Active:           422820 kB
Mem:          3.8G       758M       3.1G       5.7M        51M       321M

MemTotal:        4016004 kB
MemFree:         3238604 kB
Active:           422816 kB
Mem:          3.8G       759M       3.1G       5.7M        51M       321M

MemTotal:        4016004 kB
MemFree:         3238480 kB
Active:           422824 kB
Mem:          3.8G       759M       3.1G       5.7M        51M       321M

MemTotal:        4016004 kB
MemFree:         3238604 kB
Active:           422804 kB
Mem:          3.8G       759M       3.1G       5.7M        51M       321M

MemTotal:        4016004 kB
MemFree:         3238356 kB
Active:           422828 kB
Mem:          3.8G       759M       3.1G       5.7M        51M       321M

MemTotal:        4016004 kB
MemFree:         3238480 kB
Active:           422776 kB
Mem:          3.8G       759M       3.1G       5.7M        51M       321M

MemTotal:        4016004 kB
MemFree:         3238480 kB
Active:           422832 kB
Mem:          3.8G       759M       3.1G       5.7M        51M       321M

MemTotal:        4016004 kB
MemFree:         3238480 kB
Active:           422784 kB
Mem:          3.8G       759M       3.1G       5.7M        51M       321M

MemTotal:        4016004 kB
MemFree:         3238480 kB
Active:           422788 kB
Mem:          3.8G       759M       3.1G       5.7M        51M       321M

MemTotal:        4016004 kB
MemFree:         3238808 kB
Active:           422796 kB
Mem:          3.8G       759M       3.1G       5.7M        51M       321M

MemTotal:        4016004 kB
MemFree:         3238808 kB
Active:           422808 kB
Mem:          3.8G       758M       3.1G       5.7M        51M       321M

MemTotal:        4016004 kB
MemFree:         3238684 kB
Active:           422828 kB
Mem:          3.8G       759M       3.1G       5.7M        51M       321M

MemTotal:        4016004 kB
MemFree:         3238052 kB
Active:           420788 kB
Mem:          3.8G       759M       3.1G       5.7M        51M       321M

MemTotal:        4016004 kB
MemFree:         3238176 kB
Active:           422800 kB
Mem:          3.8G       759M       3.1G       5.7M        51M       321M

MemTotal:        4016004 kB
MemFree:         3238268 kB
Active:           422812 kB
Mem:          3.8G       759M       3.1G       5.7M        51M       321M

MemTotal:        4016004 kB
MemFree:         3238004 kB
Active:           422844 kB
Mem:          3.8G       760M       3.1G       5.7M        51M       321M

MemTotal:        4016004 kB
MemFree:         3237756 kB
Active:           422844 kB
Mem:          3.8G       759M       3.1G       5.7M        51M       321M

MemTotal:        4016004 kB
MemFree:         3238252 kB
Active:           422804 kB
Mem:          3.8G       759M       3.1G       5.7M        51M       321M

MemTotal:        4016004 kB
MemFree:         3238484 kB
Active:           422808 kB
Mem:          3.8G       759M       3.1G       5.7M        51M       321M

MemTotal:        4016004 kB
MemFree:         3238592 kB
Active:           422840 kB
Mem:          3.8G       759M       3.1G       5.7M        51M       321M

MemTotal:        4016004 kB
MemFree:         3238576 kB
Active:           422852 kB
Mem:          3.8G       759M       3.1G       5.7M        51M       321M

MemTotal:        4016004 kB
MemFree:         3237808 kB
Active:           420820 kB
Mem:          3.8G       759M       3.1G       5.7M        51M       321M

MemTotal:        4016004 kB
MemFree:         3238296 kB
Active:           422824 kB
Mem:          3.8G       759M       3.1G       5.7M        51M       321M

MemTotal:        4016004 kB
MemFree:         3238312 kB
Active:           422844 kB
Mem:          3.8G       759M       3.1G       5.7M        51M       321M

MemTotal:        4016004 kB
MemFree:         3238064 kB
Active:           422852 kB
Mem:          3.8G       759M       3.1G       5.7M        51M       321M

MemTotal:        4016004 kB
MemFree:         3237692 kB
Active:           422868 kB
Mem:          3.8G       760M       3.1G       5.7M        51M       321M

MemTotal:        4016004 kB
MemFree:         3237692 kB
Active:           422824 kB
Mem:          3.8G       760M       3.1G       5.7M        51M       321M

MemTotal:        4016004 kB
MemFree:         3237816 kB
Active:           422824 kB
Mem:          3.8G       760M       3.1G       5.7M        51M       321M

MemTotal:        4016004 kB
MemFree:         3238196 kB
Active:           422868 kB
Mem:          3.8G       759M       3.1G       5.7M        51M       321M

MemTotal:        4016004 kB
MemFree:         3238320 kB
Active:           422860 kB
Mem:          3.8G       759M       3.1G       5.7M        51M       321M

MemTotal:        4016004 kB
MemFree:         3238164 kB
Active:           423012 kB
Mem:          3.8G       759M       3.1G       5.7M        51M       321M

MemTotal:        4016004 kB
MemFree:         3195592 kB
Active:           425244 kB
Mem:          3.8G       801M       3.0G       5.7M        52M       360M

MemTotal:        4016004 kB
MemFree:         3153044 kB
Active:           425220 kB
Mem:          3.8G       843M       3.0G       5.7M        52M       402M

MemTotal:        4016004 kB
MemFree:         3109052 kB
Active:           425232 kB
Mem:          3.8G       885M       3.0G       5.7M        52M       444M

MemTotal:        4016004 kB
MemFree:         3065308 kB
Active:           425300 kB
Mem:          3.8G       928M       2.9G       5.7M        52M       486M

MemTotal:        4016004 kB
MemFree:         3021036 kB
Active:           425292 kB
Mem:          3.8G       972M       2.9G       5.7M        52M       529M

MemTotal:        4016004 kB
MemFree:         2978408 kB
Active:           425336 kB
Mem:          3.8G       1.0G       2.8G       5.7M        52M       570M

MemTotal:        4016004 kB
MemFree:         2935284 kB
Active:           425368 kB
Mem:          3.8G       1.0G       2.8G       5.7M        52M       612M

MemTotal:        4016004 kB
MemFree:         2892828 kB
Active:           425384 kB
Mem:          3.8G       1.1G       2.8G       5.7M        52M       652M

MemTotal:        4016004 kB
MemFree:         2880984 kB
Active:           425392 kB
Mem:          3.8G       1.1G       2.7G       5.7M        52M       663M

MemTotal:        4016004 kB
MemFree:         2838756 kB
Active:           425420 kB
Mem:          3.8G       1.1G       2.7G       5.7M        52M       705M

MemTotal:        4016004 kB
MemFree:         2796316 kB
Active:           425448 kB
Mem:          3.8G       1.2G       2.7G       5.7M        52M       747M

MemTotal:        4016004 kB
MemFree:         2764600 kB
Active:           425476 kB
Mem:          3.8G       1.2G       2.6G       5.7M        52M       776M

MemTotal:        4016004 kB
MemFree:         2720800 kB
Active:           425516 kB
Mem:          3.8G       1.2G       2.6G       5.7M        52M       818M

MemTotal:        4016004 kB
MemFree:         2683088 kB
Active:           425488 kB
Mem:          3.8G       1.3G       2.6G       5.7M        52M       853M

MemTotal:        4016004 kB
MemFree:         2681656 kB
Active:           425536 kB
Mem:          3.8G       1.3G       2.6G       5.7M        52M       855M

MemTotal:        4016004 kB
MemFree:         2679504 kB
Active:           425584 kB
Mem:          3.8G       1.3G       2.6G       5.7M        52M       857M

MemTotal:        4016004 kB
MemFree:         2667444 kB
Active:           425616 kB
Mem:          3.8G       1.3G       2.5G       5.7M        52M       868M

MemTotal:        4016004 kB
MemFree:         2625084 kB
Active:           425608 kB
Mem:          3.8G       1.3G       2.5G       5.7M        52M       910M

MemTotal:        4016004 kB
MemFree:         2581544 kB
Active:           425668 kB
Mem:          3.8G       1.4G       2.5G       5.7M        52M       951M

MemTotal:        4016004 kB
MemFree:         2538480 kB
Active:           425696 kB
Mem:          3.8G       1.4G       2.4G       5.7M        52M       992M

MemTotal:        4016004 kB
MemFree:         2495140 kB
Active:           425676 kB
Mem:          3.8G       1.5G       2.4G       5.7M        52M       1.0G

MemTotal:        4016004 kB
MemFree:         2451832 kB
Active:           425744 kB
Mem:          3.8G       1.5G       2.3G       5.7M        52M       1.1G

MemTotal:        4016004 kB
MemFree:         2408460 kB
Active:           425776 kB
Mem:          3.8G       1.5G       2.3G       5.7M        52M       1.1G

MemTotal:        4016004 kB
MemFree:         2365336 kB
Active:           425780 kB
Mem:          3.8G       1.6G       2.3G       5.7M        52M       1.1G

MemTotal:        4016004 kB
MemFree:         2322296 kB
Active:           425804 kB
Mem:          3.8G       1.6G       2.2G       5.7M        52M       1.2G

MemTotal:        4016004 kB
MemFree:         2278792 kB
Active:           425808 kB
Mem:          3.8G       1.7G       2.2G       5.7M        52M       1.2G

MemTotal:        4016004 kB
MemFree:         2236660 kB
Active:           425824 kB
Mem:          3.8G       1.7G       2.1G       5.7M        52M       1.3G

MemTotal:        4016004 kB
MemFree:         2224432 kB
Active:           425848 kB
Mem:          3.8G       1.7G       2.1G       5.7M        52M       1.3G

MemTotal:        4016004 kB
MemFree:         2197020 kB
Active:           425912 kB
Mem:          3.8G       1.7G       2.1G       5.7M        52M       1.3G

MemTotal:        4016004 kB
MemFree:         2152828 kB
Active:           425900 kB
Mem:          3.8G       1.8G       2.1G       5.7M        52M       1.3G

MemTotal:        4016004 kB
MemFree:         2109316 kB
Active:           423980 kB
Mem:          3.8G       1.8G       2.0G       5.7M        52M       1.4G

MemTotal:        4016004 kB
MemFree:         2066864 kB
Active:           426020 kB
Mem:          3.8G       1.9G       2.0G       5.7M        52M       1.4G

MemTotal:        4016004 kB
MemFree:         2024112 kB
Active:           426096 kB
Mem:          3.8G       1.9G       1.9G       5.7M        52M       1.5G

MemTotal:        4016004 kB
MemFree:         1980988 kB
Active:           426064 kB
Mem:          3.8G       1.9G       1.9G       5.7M        52M       1.5G

MemTotal:        4016004 kB
MemFree:         1937988 kB
Active:           426092 kB
Mem:          3.8G       2.0G       1.8G       5.7M        52M       1.5G

MemTotal:        4016004 kB
MemFree:         1894740 kB
Active:           426152 kB
Mem:          3.8G       2.0G       1.8G       5.7M        52M       1.6G

MemTotal:        4016004 kB
MemFree:         1869256 kB
Active:           426188 kB
Mem:          3.8G       2.0G       1.8G       5.7M        52M       1.6G

MemTotal:        4016004 kB
MemFree:         1825604 kB
Active:           426216 kB
Mem:          3.8G       2.1G       1.7G       5.7M        52M       1.6G

MemTotal:        4016004 kB
MemFree:         1782340 kB
Active:           426240 kB
Mem:          3.8G       2.1G       1.7G       5.7M        52M       1.7G

MemTotal:        4016004 kB
MemFree:         1768792 kB
Active:           426224 kB
Mem:          3.8G       2.1G       1.7G       5.7M        52M       1.7G

MemTotal:        4016004 kB
MemFree:         1724776 kB
Active:           424228 kB
Mem:          3.8G       2.2G       1.6G       5.7M        52M       1.7G

MemTotal:        4016004 kB
MemFree:         1681152 kB
Active:           426288 kB
Mem:          3.8G       2.2G       1.6G       5.7M        52M       1.8G

MemTotal:        4016004 kB
MemFree:         1638112 kB
Active:           426332 kB
Mem:          3.8G       2.3G       1.6G       5.7M        52M       1.8G

MemTotal:        4016004 kB
MemFree:         1595396 kB
Active:           426308 kB
Mem:          3.8G       2.3G       1.5G       5.7M        52M       1.9G

MemTotal:        4016004 kB
MemFree:         1552340 kB
Active:           426344 kB
Mem:          3.8G       2.3G       1.5G       5.7M        52M       1.9G

MemTotal:        4016004 kB
MemFree:         1509388 kB
Active:           426404 kB
Mem:          3.8G       2.4G       1.4G       5.7M        52M       1.9G

MemTotal:        4016004 kB
MemFree:         1466140 kB
Active:           426388 kB
Mem:          3.8G       2.4G       1.4G       5.7M        52M       2.0G

MemTotal:        4016004 kB
MemFree:         1424116 kB
Active:           426432 kB
Mem:          3.8G       2.5G       1.4G       5.7M        52M       2.0G

MemTotal:        4016004 kB
MemFree:         1381068 kB
Active:           426480 kB
Mem:          3.8G       2.5G       1.3G       5.7M        52M       2.1G

MemTotal:        4016004 kB
MemFree:         1337124 kB
Active:           426456 kB
Mem:          3.8G       2.6G       1.3G       5.7M        52M       2.1G

MemTotal:        4016004 kB
MemFree:         1323608 kB
Active:           426488 kB
Mem:          3.8G       2.6G       1.3G       5.7M        53M       2.1G

MemTotal:        4016004 kB
MemFree:         1322236 kB
Active:           426536 kB
Mem:          3.8G       2.6G       1.3G       5.7M        53M       2.1G

MemTotal:        4016004 kB
MemFree:         1280536 kB
Active:           426560 kB
Mem:          3.8G       2.6G       1.2G       5.7M        53M       2.2G

MemTotal:        4016004 kB
MemFree:         1238172 kB
Active:           426540 kB
Mem:          3.8G       2.6G       1.2G       5.7M        53M       2.2G

MemTotal:        4016004 kB
MemFree:         1194088 kB
Active:           426608 kB
Mem:          3.8G       2.7G       1.1G       5.7M        53M       2.2G

MemTotal:        4016004 kB
MemFree:         1151212 kB
Active:           426628 kB
Mem:          3.8G       2.7G       1.1G       5.7M        53M       2.3G

MemTotal:        4016004 kB
MemFree:         1108432 kB
Active:           426616 kB
Mem:          3.8G       2.8G       1.1G       5.7M        53M       2.3G

MemTotal:        4016004 kB
MemFree:         1065308 kB
Active:           426676 kB
Mem:          3.8G       2.8G       1.0G       5.7M        53M       2.4G

MemTotal:        4016004 kB
MemFree:         1022060 kB
Active:           426680 kB
Mem:          3.8G       2.9G       998M       5.7M        53M       2.4G

MemTotal:        4016004 kB
MemFree:          979184 kB
Active:           426728 kB
Mem:          3.8G       2.9G       955M       5.7M        53M       2.4G

MemTotal:        4016004 kB
MemFree:          936432 kB
Active:           426744 kB
Mem:          3.8G       2.9G       913M       5.7M        53M       2.5G

MemTotal:        4016004 kB
MemFree:          893000 kB
Active:           426808 kB
Mem:          3.8G       3.0G       872M       5.7M        53M       2.5G

MemTotal:        4016004 kB
MemFree:          852164 kB
Active:           426832 kB
Mem:          3.8G       3.0G       832M       5.7M        53M       2.6G

MemTotal:        4016004 kB
MemFree:          850520 kB
Active:           426856 kB
Mem:          3.8G       3.0G       830M       5.7M        53M       2.6G

MemTotal:        4016004 kB
MemFree:          835028 kB
Active:           426876 kB
Mem:          3.8G       3.0G       815M       5.7M        53M       2.6G

MemTotal:        4016004 kB
MemFree:          792456 kB
Active:           426936 kB
Mem:          3.8G       3.1G       773M       5.7M        53M       2.6G

MemTotal:        4016004 kB
MemFree:          748664 kB
Active:           424940 kB
Mem:          3.8G       3.1G       731M       5.7M        53M       2.6G

MemTotal:        4016004 kB
MemFree:          706036 kB
Active:           426956 kB
Mem:          3.8G       3.2G       688M       5.7M        53M       2.7G

MemTotal:        4016004 kB
MemFree:          663284 kB
Active:           427004 kB
Mem:          3.8G       3.2G       647M       5.7M        53M       2.7G

MemTotal:        4016004 kB
MemFree:          620284 kB
Active:           427028 kB
Mem:          3.8G       3.2G       605M       5.7M        53M       2.8G

MemTotal:        4016004 kB
MemFree:          577612 kB
Active:           426908 kB
Mem:          3.8G       3.3G       563M       5.7M        53M       2.8G

MemTotal:        4016004 kB
MemFree:          535728 kB
Active:           426896 kB
Mem:          3.8G       3.3G       522M       5.7M        53M       2.9G

MemTotal:        4016004 kB
MemFree:          492604 kB
Active:           426952 kB
Mem:          3.8G       3.4G       480M       5.7M        53M       2.9G

MemTotal:        4016004 kB
MemFree:          449168 kB
Active:           426972 kB
Mem:          3.8G       3.4G       438M       5.7M        53M       2.9G

MemTotal:        4016004 kB
MemFree:          408432 kB
Active:           426988 kB
Mem:          3.8G       3.4G       398M       5.7M        53M       3.0G

MemTotal:        4016004 kB
MemFree:          364008 kB
Active:           427040 kB
Mem:          3.8G       3.5G       355M       5.7M        53M       3.0G

MemTotal:        4016004 kB
MemFree:          350868 kB
Active:           427096 kB
Mem:          3.8G       3.5G       342M       5.7M        53M       3.0G

MemTotal:        4016004 kB
MemFree:          348576 kB
Active:           427044 kB
Mem:          3.8G       3.5G       340M       5.7M        53M       3.0G

MemTotal:        4016004 kB
MemFree:          348560 kB
Active:           427088 kB
Mem:          3.8G       3.5G       340M       5.7M        53M       3.0G

MemTotal:        4016004 kB
MemFree:          329020 kB
Active:           427076 kB
Mem:          3.8G       3.5G       320M       5.7M        53M       3.0G

MemTotal:        4016004 kB
MemFree:          285772 kB
Active:           427148 kB
Mem:          3.8G       3.6G       279M       5.7M        53M       3.1G

MemTotal:        4016004 kB
MemFree:          242772 kB
Active:           427140 kB
Mem:          3.8G       3.6G       236M       5.7M        53M       3.1G

MemTotal:        4016004 kB
MemFree:          199416 kB
Active:           427152 kB
Mem:          3.8G       3.6G       194M       5.7M        53M       3.2G

MemTotal:        4016004 kB
MemFree:          156912 kB
Active:           427176 kB
Mem:          3.8G       3.7G       152M       5.7M        53M       3.2G

MemTotal:        4016004 kB
MemFree:          113028 kB
Active:           427244 kB
Mem:          3.8G       3.7G       110M       5.7M        53M       3.2G

MemTotal:        4016004 kB
MemFree:          128216 kB
Active:           440260 kB
Mem:          3.8G       3.7G       123M       5.7M        21M       3.3G

MemTotal:        4016004 kB
MemFree:          123912 kB
Active:           446924 kB
Mem:          3.8G       3.7G       120M       5.7M        20M       3.3G

MemTotal:        4016004 kB
MemFree:          143976 kB
Active:           489336 kB
Mem:          3.8G       3.7G       140M       5.7M        20M       3.2G

MemTotal:        4016004 kB
MemFree:          123528 kB
Active:           484788 kB
Mem:          3.8G       3.7G       119M       5.7M        20M       3.3G

MemTotal:        4016004 kB
MemFree:          114996 kB
Active:           484780 kB
Mem:          3.8G       3.7G       112M       5.7M        20M       3.3G

MemTotal:        4016004 kB
MemFree:          111756 kB
Active:           484824 kB
Mem:          3.8G       3.7G       108M       5.7M        20M       3.3G

MemTotal:        4016004 kB
MemFree:          130092 kB
Active:           481792 kB
Mem:          3.8G       3.7G       126M       5.7M        21M       3.3G

MemTotal:        4016004 kB
MemFree:          109920 kB
Active:           477976 kB
Mem:          3.8G       3.7G       106M       5.7M        21M       3.3G

MemTotal:        4016004 kB
MemFree:          120572 kB
Active:           471856 kB
Mem:          3.8G       3.7G       118M       5.7M        21M       3.3G

MemTotal:        4016004 kB
MemFree:          113804 kB
Active:           468428 kB
Mem:          3.8G       3.7G       111M       5.7M        21M       3.3G

MemTotal:        4016004 kB
MemFree:          107156 kB
Active:           464996 kB
Mem:          3.8G       3.7G       104M       5.7M        21M       3.3G

MemTotal:        4016004 kB
MemFree:          114128 kB
Active:           457652 kB
Mem:          3.8G       3.7G       111M       5.7M        21M       3.3G

MemTotal:        4016004 kB
MemFree:          108204 kB
Active:           454216 kB
Mem:          3.8G       3.7G       105M       5.7M        21M       3.3G

MemTotal:        4016004 kB
MemFree:          115780 kB
Active:           445852 kB
Mem:          3.8G       3.7G       113M       5.7M        21M       3.3G

MemTotal:        4016004 kB
MemFree:          109604 kB
Active:           442260 kB
Mem:          3.8G       3.7G       106M       5.7M        21M       3.3G

MemTotal:        4016004 kB
MemFree:          117800 kB
Active:           435980 kB
Mem:          3.8G       3.7G       115M       5.7M        21M       3.3G

MemTotal:        4016004 kB
MemFree:          110568 kB
Active:           435028 kB
Mem:          3.8G       3.7G       107M       5.7M        21M       3.3G

MemTotal:        4016004 kB
MemFree:          105936 kB
Active:           433752 kB
Mem:          3.8G       3.7G       103M       5.7M        21M       3.3G

MemTotal:        4016004 kB
MemFree:          131268 kB
Active:           432764 kB
Mem:          3.8G       3.7G       128M       5.7M        21M       3.3G

MemTotal:        4016004 kB
MemFree:          115608 kB
Active:           432768 kB
Mem:          3.8G       3.7G       112M       5.7M        21M       3.3G

MemTotal:        4016004 kB
MemFree:          124116 kB
Active:           430740 kB
Mem:          3.8G       3.7G       120M       5.7M        21M       3.3G

MemTotal:        4016004 kB
MemFree:          117608 kB
Active:           429588 kB
Mem:          3.8G       3.7G       114M       5.7M        21M       3.3G

MemTotal:        4016004 kB
MemFree:          111812 kB
Active:           428500 kB
Mem:          3.8G       3.7G       108M       5.7M        21M       3.3G

MemTotal:        4016004 kB
MemFree:          117488 kB
Active:           424752 kB
Mem:          3.8G       3.7G       114M       5.7M        21M       3.3G

MemTotal:        4016004 kB
MemFree:          111296 kB
Active:           423620 kB
Mem:          3.8G       3.7G       108M       5.7M        21M       3.3G

MemTotal:        4016004 kB
MemFree:          105548 kB
Active:           420356 kB
Mem:          3.8G       3.7G       102M       5.7M        21M       3.3G

MemTotal:        4016004 kB
MemFree:          109424 kB
Active:           416600 kB
Mem:          3.8G       3.7G       106M       5.7M        21M       3.3G

MemTotal:        4016004 kB
MemFree:          128184 kB
Active:           414568 kB
Mem:          3.8G       3.7G       125M       5.7M        21M       3.3G

MemTotal:        4016004 kB
MemFree:          121848 kB
Active:           413444 kB
Mem:          3.8G       3.7G       118M       5.7M        21M       3.3G

MemTotal:        4016004 kB
MemFree:          133504 kB
Active:           411236 kB
Mem:          3.8G       3.7G       129M       5.7M        21M       3.3G

MemTotal:        4016004 kB
MemFree:          133084 kB
Active:           410292 kB
Mem:          3.8G       3.7G       129M       5.7M        21M       3.3G

MemTotal:        4016004 kB
MemFree:          114856 kB
Active:           410152 kB
Mem:          3.8G       3.7G       111M       5.7M        21M       3.3G

MemTotal:        4016004 kB
MemFree:          106916 kB
Active:           409112 kB
Mem:          3.8G       3.7G       104M       5.7M        21M       3.3G

MemTotal:        4016004 kB
MemFree:          114704 kB
Active:           407248 kB
Mem:          3.8G       3.7G       112M       5.7M        21M       3.3G

MemTotal:        4016004 kB
MemFree:          108104 kB
Active:           406144 kB
Mem:          3.8G       3.7G       105M       5.7M        21M       3.3G

MemTotal:        4016004 kB
MemFree:          127792 kB
Active:           404512 kB
Mem:          3.8G       3.7G       124M       5.7M        21M       3.3G

MemTotal:        4016004 kB
MemFree:          129356 kB
Active:           402488 kB
Mem:          3.8G       3.7G       126M       5.7M        21M       3.3G

MemTotal:        4016004 kB
MemFree:          129144 kB
Active:           401068 kB
Mem:          3.8G       3.7G       125M       5.7M        21M       3.3G

MemTotal:        4016004 kB
MemFree:          139720 kB
Active:           399068 kB
Mem:          3.8G       3.7G       135M       5.7M        21M       3.3G

MemTotal:        4016004 kB
MemFree:          126480 kB
Active:           398096 kB
Mem:          3.8G       3.7G       123M       5.7M        21M       3.3G

MemTotal:        4016004 kB
MemFree:          132584 kB
Active:           396456 kB
Mem:          3.8G       3.7G       128M       5.7M        21M       3.3G

MemTotal:        4016004 kB
MemFree:          142992 kB
Active:           394444 kB
Mem:          3.8G       3.7G       139M       5.7M        21M       3.2G

MemTotal:        4016004 kB
MemFree:          121364 kB
Active:           394456 kB
Mem:          3.8G       3.7G       118M       5.7M        21M       3.3G

MemTotal:        4016004 kB
MemFree:          121780 kB
Active:           393204 kB
Mem:          3.8G       3.7G       118M       5.7M        21M       3.3G

MemTotal:        4016004 kB
MemFree:          124964 kB
Active:           390056 kB
Mem:          3.8G       3.7G       122M       5.7M        21M       3.3G

MemTotal:        4016004 kB
MemFree:          118548 kB
Active:           388928 kB
Mem:          3.8G       3.7G       115M       5.7M        21M       3.3G

MemTotal:        4016004 kB
MemFree:          111052 kB
Active:           387784 kB
Mem:          3.8G       3.7G       108M       5.7M        21M       3.3G

MemTotal:        4016004 kB
MemFree:          117156 kB
Active:           386160 kB
Mem:          3.8G       3.7G       114M       5.7M        21M       3.3G

MemTotal:        4016004 kB
MemFree:          110364 kB
Active:           385028 kB
Mem:          3.8G       3.7G       107M       5.7M        21M       3.3G

MemTotal:        4016004 kB
MemFree:          128304 kB
Active:           383364 kB
Mem:          3.8G       3.7G       125M       5.7M        21M       3.3G

MemTotal:        4016004 kB
MemFree:          117132 kB
Active:           382000 kB
Mem:          3.8G       3.7G       114M       5.7M        21M       3.3G

MemTotal:        4016004 kB
MemFree:          110712 kB
Active:           380848 kB
Mem:          3.8G       3.7G       108M       5.7M        21M       3.3G

MemTotal:        4016004 kB
MemFree:          128124 kB
Active:           377176 kB
Mem:          3.8G       3.7G       124M       5.7M        21M       3.3G

MemTotal:        4016004 kB
MemFree:          112976 kB
Active:           376160 kB
Mem:          3.8G       3.7G       109M       5.7M        22M       3.3G

MemTotal:        4016004 kB
MemFree:          136672 kB
Active:           374420 kB
Mem:          3.8G       3.7G       133M       5.7M        22M       3.3G

MemTotal:        4016004 kB
MemFree:          120088 kB
Active:           374260 kB
Mem:          3.8G       3.7G       117M       5.7M        22M       3.3G

MemTotal:        4016004 kB
MemFree:          123900 kB
Active:           371428 kB
Mem:          3.8G       3.7G       120M       5.7M        22M       3.3G

MemTotal:        4016004 kB
MemFree:          111192 kB
Active:           371452 kB
Mem:          3.8G       3.7G       108M       5.7M        22M       3.3G

MemTotal:        4016004 kB
MemFree:          128236 kB
Active:           372724 kB
Mem:          3.8G       3.7G       125M       5.7M        22M       3.3G

MemTotal:        4016004 kB
MemFree:          121872 kB
Active:           372632 kB
Mem:          3.8G       3.7G       118M       5.7M        22M       3.3G

MemTotal:        4016004 kB
MemFree:          115248 kB
Active:           372656 kB
Mem:          3.8G       3.7G       112M       5.7M        22M       3.3G

MemTotal:        4016004 kB
MemFree:          119740 kB
Active:           372684 kB
Mem:          3.8G       3.7G       116M       5.7M        22M       3.3G

MemTotal:        4016004 kB
MemFree:          137804 kB
Active:           372720 kB
Mem:          3.8G       3.7G       134M       5.7M        22M       3.2G

MemTotal:        4016004 kB
MemFree:          131512 kB
Active:           372700 kB
Mem:          3.8G       3.7G       128M       5.7M        22M       3.3G

MemTotal:        4016004 kB
MemFree:          135872 kB
Active:           372768 kB
Mem:          3.8G       3.7G       132M       5.7M        22M       3.2G

MemTotal:        4016004 kB
MemFree:          108080 kB
Active:           372772 kB
Mem:          3.8G       3.7G       105M       5.7M        22M       3.3G

MemTotal:        4016004 kB
MemFree:          126752 kB
Active:           372784 kB
Mem:          3.8G       3.7G       123M       5.7M        22M       3.3G

MemTotal:        4016004 kB
MemFree:          126500 kB
Active:           372800 kB
Mem:          3.8G       3.7G       123M       5.7M        22M       3.3G

MemTotal:        4016004 kB
MemFree:          109804 kB
Active:           372772 kB
Mem:          3.8G       3.7G       106M       5.7M        22M       3.3G

MemTotal:        4016004 kB
MemFree:          128032 kB
Active:           372856 kB
Mem:          3.8G       3.7G       124M       5.7M        22M       3.3G

MemTotal:        4016004 kB
MemFree:          122184 kB
Active:           372864 kB
Mem:          3.8G       3.7G       119M       5.7M        22M       3.3G

MemTotal:        4016004 kB
MemFree:          116488 kB
Active:           372896 kB
Mem:          3.8G       3.7G       113M       5.7M        22M       3.3G

MemTotal:        4016004 kB
MemFree:          111236 kB
Active:           372732 kB
Mem:          3.8G       3.7G       107M       5.7M        22M       3.3G

MemTotal:        4016004 kB
MemFree:          128308 kB
Active:           372760 kB
Mem:          3.8G       3.7G       125M       5.7M        22M       3.3G

MemTotal:        4016004 kB
MemFree:          108688 kB
Active:           372808 kB
Mem:          3.8G       3.7G       105M       5.7M        22M       3.3G

MemTotal:        4016004 kB
MemFree:          127148 kB
Active:           372796 kB
Mem:          3.8G       3.7G       123M       5.7M        22M       3.3G

MemTotal:        4016004 kB
MemFree:          126904 kB
Active:           372804 kB
Mem:          3.8G       3.7G       123M       5.7M        22M       3.3G

MemTotal:        4016004 kB
MemFree:          128580 kB
Active:           372776 kB
Mem:          3.8G       3.7G       124M       5.7M        22M       3.3G

MemTotal:        4016004 kB
MemFree:          124304 kB
Active:           372688 kB
Mem:          3.8G       3.7G       121M       5.7M        22M       3.3G

MemTotal:        4016004 kB
MemFree:          121156 kB
Active:           372704 kB
Mem:          3.8G       3.7G       118M       5.7M        22M       3.3G

MemTotal:        4016004 kB
MemFree:          135604 kB
Active:           372716 kB
Mem:          3.8G       3.7G       131M       5.7M        22M       3.2G

MemTotal:        4016004 kB
MemFree:          128476 kB
Active:           372740 kB
Mem:          3.8G       3.7G       125M       5.7M        22M       3.3G

MemTotal:        4016004 kB
MemFree:          121876 kB
Active:           372764 kB
Mem:          3.8G       3.7G       119M       5.7M        22M       3.3G

MemTotal:        4016004 kB
MemFree:          114620 kB
Active:           372792 kB
Mem:          3.8G       3.7G       111M       5.7M        22M       3.3G

MemTotal:        4016004 kB
MemFree:          108696 kB
Active:           372796 kB
Mem:          3.8G       3.7G       106M       5.7M        22M       3.3G

MemTotal:        4016004 kB
MemFree:          126732 kB
Active:           372828 kB
Mem:          3.8G       3.7G       124M       5.7M        22M       3.3G

MemTotal:        4016004 kB
MemFree:          107112 kB
Active:           372860 kB
Mem:          3.8G       3.7G       104M       5.7M        22M       3.3G

MemTotal:        4016004 kB
MemFree:          129968 kB
Active:           372860 kB
Mem:          3.8G       3.7G       126M       5.7M        22M       3.3G

MemTotal:        4016004 kB
MemFree:          122864 kB
Active:           372888 kB
Mem:          3.8G       3.7G       120M       5.7M        22M       3.3G

MemTotal:        4016004 kB
MemFree:          119136 kB
Active:           372892 kB
Mem:          3.8G       3.7G       115M       5.7M        22M       3.3G

MemTotal:        4016004 kB
MemFree:          111680 kB
Active:           372916 kB
Mem:          3.8G       3.7G       108M       5.7M        22M       3.3G

MemTotal:        4016004 kB
MemFree:          132440 kB
Active:           372960 kB
Mem:          3.8G       3.7G       129M       5.7M        22M       3.3G

MemTotal:        4016004 kB
MemFree:          124644 kB
Active:           372936 kB
Mem:          3.8G       3.7G       121M       5.7M        22M       3.3G

MemTotal:        4016004 kB
MemFree:          108452 kB
Active:           372956 kB
Mem:          3.8G       3.7G       105M       5.7M        22M       3.3G

MemTotal:        4016004 kB
MemFree:          126772 kB
Active:           373028 kB
Mem:          3.8G       3.7G       123M       5.7M        22M       3.3G

MemTotal:        4016004 kB
MemFree:          126036 kB
Active:           373028 kB
Mem:          3.8G       3.7G       122M       5.7M        22M       3.3G

MemTotal:        4016004 kB
MemFree:          108808 kB
Active:           373056 kB
Mem:          3.8G       3.7G       106M       5.7M        22M       3.3G

MemTotal:        4016004 kB
MemFree:          125260 kB
Active:           373076 kB
Mem:          3.8G       3.7G       122M       5.7M        22M       3.3G

MemTotal:        4016004 kB
MemFree:          130576 kB
Active:           373048 kB
Mem:          3.8G       3.7G       127M       5.7M        22M       3.3G

MemTotal:        4016004 kB
MemFree:          132464 kB
Active:           373104 kB
Mem:          3.8G       3.7G       129M       5.7M        22M       3.2G

MemTotal:        4016004 kB
MemFree:          105356 kB
Active:           373120 kB
Mem:          3.8G       3.7G       102M       5.7M        22M       3.3G

MemTotal:        4016004 kB
MemFree:          134932 kB
Active:           373152 kB
Mem:          3.8G       3.7G       131M       5.7M        22M       3.2G

MemTotal:        4016004 kB
MemFree:          121680 kB
Active:           373160 kB
Mem:          3.8G       3.7G       118M       5.7M        23M       3.3G

MemTotal:        4016004 kB
MemFree:          127848 kB
Active:           373200 kB
Mem:          3.8G       3.7G       124M       5.7M        23M       3.3G

MemTotal:        4016004 kB
MemFree:          118868 kB
Active:           368784 kB
Mem:          3.8G       3.7G       116M       5.7M        23M       3.3G

MemTotal:        4016004 kB
MemFree:          130640 kB
Active:           368636 kB
Mem:          3.8G       3.7G       126M       5.7M        23M       3.3G

MemTotal:        4016004 kB
MemFree:          124316 kB
Active:           368660 kB
Mem:          3.8G       3.7G       121M       5.7M        23M       3.3G

MemTotal:        4016004 kB
MemFree:          111616 kB
Active:           368688 kB
Mem:          3.8G       3.7G       109M       5.7M        23M       3.3G

MemTotal:        4016004 kB
MemFree:          109080 kB
Active:           368720 kB
Mem:          3.8G       3.7G       118M       5.7M        23M       3.3G

MemTotal:        4016004 kB
MemFree:          104844 kB
Active:           368740 kB
Mem:          3.8G       3.7G       107M       5.7M        23M       3.3G

MemTotal:        4016004 kB
MemFree:          128372 kB
Active:           368760 kB
Mem:          3.8G       3.7G       125M       5.7M        23M       3.3G

MemTotal:        4016004 kB
MemFree:          122100 kB
Active:           368784 kB
Mem:          3.8G       3.7G       118M       5.7M        23M       3.3G

MemTotal:        4016004 kB
MemFree:          126280 kB
Active:           366308 kB
Mem:          3.8G       3.7G       122M       5.7M        23M       3.3G

MemTotal:        4016004 kB
MemFree:          129644 kB
Active:           366216 kB
Mem:          3.8G       3.7G       125M       5.7M        23M       3.3G

MemTotal:        4016004 kB
MemFree:          115096 kB
Active:           366224 kB
Mem:          3.8G       3.7G       112M       5.7M        23M       3.3G

MemTotal:        4016004 kB
MemFree:          106904 kB
Active:           366240 kB
Mem:          3.8G       3.7G       103M       5.7M        23M       3.3G

MemTotal:        4016004 kB
MemFree:          125588 kB
Active:           366284 kB
Mem:          3.8G       3.7G       122M       5.7M        23M       3.3G

MemTotal:        4016004 kB
MemFree:          105280 kB
Active:           366308 kB
Mem:          3.8G       3.7G       102M       5.7M        23M       3.3G

MemTotal:        4016004 kB
MemFree:          129732 kB
Active:           366300 kB
Mem:          3.8G       3.7G       126M       5.7M        23M       3.3G

MemTotal:        4016004 kB
MemFree:          128272 kB
Active:           366356 kB
Mem:          3.8G       3.7G       125M       5.7M        23M       3.3G

MemTotal:        4016004 kB
MemFree:          133708 kB
Active:           366376 kB
Mem:          3.8G       3.7G       130M       5.7M        23M       3.2G

MemTotal:        4016004 kB
MemFree:          133364 kB
Active:           366368 kB
Mem:          3.8G       3.7G       130M       5.7M        23M       3.2G

MemTotal:        4016004 kB
MemFree:          129532 kB
Active:           364596 kB
Mem:          3.8G       3.7G       126M       5.7M        23M       3.2G

MemTotal:        4016004 kB
MemFree:          123772 kB
Active:           364352 kB
Mem:          3.8G       3.7G       121M       5.7M        23M       3.3G

MemTotal:        4016004 kB
MemFree:          111740 kB
Active:           364428 kB
Mem:          3.8G       3.7G       109M       5.7M        23M       3.3G

MemTotal:        4016004 kB
MemFree:          126516 kB
Active:           364444 kB
Mem:          3.8G       3.7G       123M       5.7M        23M       3.3G

MemTotal:        4016004 kB
MemFree:          135536 kB
Active:           364452 kB
Mem:          3.8G       3.7G       131M       5.7M        23M       3.2G

MemTotal:        4016004 kB
MemFree:          128280 kB
Active:           364488 kB
Mem:          3.8G       3.7G       125M       5.7M        23M       3.3G

MemTotal:        4016004 kB
MemFree:          140148 kB
Active:           364500 kB
Mem:          3.8G       3.7G       136M       5.7M        23M       3.2G

MemTotal:        4016004 kB
MemFree:          127832 kB
Active:           364548 kB
Mem:          3.8G       3.7G       124M       5.7M        23M       3.3G

MemTotal:        4016004 kB
MemFree:          134804 kB
Active:           364528 kB
Mem:          3.8G       3.7G       131M       5.7M        23M       3.2G

MemTotal:        4016004 kB
MemFree:          140900 kB
Active:           364600 kB
Mem:          3.8G       3.7G       137M       5.7M        23M       3.2G

MemTotal:        4016004 kB
MemFree:          133972 kB
Active:           364620 kB
Mem:          3.8G       3.7G       131M       5.7M        23M       3.2G

MemTotal:        4016004 kB
MemFree:          128660 kB
Active:           363608 kB
Mem:          3.8G       3.7G       125M       5.7M        23M       3.2G

MemTotal:        4016004 kB
MemFree:          132680 kB
Active:           363640 kB
Mem:          3.8G       3.7G       129M       5.7M        23M       3.2G

MemTotal:        4016004 kB
MemFree:          144636 kB
Active:           363660 kB
Mem:          3.8G       3.7G       140M       5.7M        23M       3.2G

MemTotal:        4016004 kB
MemFree:          105588 kB
Active:           363688 kB
Mem:          3.8G       3.7G       103M       5.7M        23M       3.3G

MemTotal:        4016004 kB
MemFree:          105464 kB
Active:           363640 kB
Mem:          3.8G       3.7G       102M       5.7M        23M       3.3G

MemTotal:        4016004 kB
MemFree:          128072 kB
Active:           363724 kB
Mem:          3.8G       3.7G       124M       5.7M        23M       3.2G

MemTotal:        4016004 kB
MemFree:          128236 kB
Active:           363744 kB
Mem:          3.8G       3.7G       124M       5.7M        23M       3.2G

MemTotal:        4016004 kB
MemFree:          122140 kB
Active:           363732 kB
Mem:          3.8G       3.7G       118M       5.7M        23M       3.3G

MemTotal:        4016004 kB
MemFree:          108684 kB
Active:           363780 kB
Mem:          3.8G       3.7G       105M       5.7M        23M       3.3G

MemTotal:        4016004 kB
MemFree:          126236 kB
Active:           363760 kB
Mem:          3.8G       3.7G       122M       5.7M        23M       3.3G

MemTotal:        4016004 kB
MemFree:          124720 kB
Active:           363832 kB
Mem:          3.8G       3.7G       121M       5.7M        23M       3.3G

MemTotal:        4016004 kB
MemFree:          111620 kB
Active:           363856 kB
Mem:          3.8G       3.7G       109M       5.7M        23M       3.3G

MemTotal:        4016004 kB
MemFree:          127472 kB
Active:           354132 kB
Mem:          3.8G       3.7G       124M       5.7M        23M       3.2G

MemTotal:        4016004 kB
MemFree:          121384 kB
Active:           354168 kB
Mem:          3.8G       3.7G       118M       5.7M        23M       3.3G

MemTotal:        4016004 kB
MemFree:          121384 kB
Active:           354184 kB
Mem:          3.8G       3.7G       118M       5.7M        23M       3.3G

MemTotal:        4016004 kB
MemFree:          106688 kB
Active:           354208 kB
Mem:          3.8G       3.7G       104M       5.7M        23M       3.3G

MemTotal:        4016004 kB
MemFree:          134356 kB
Active:           354172 kB
Mem:          3.8G       3.7G       131M       5.7M        23M       3.2G

MemTotal:        4016004 kB
MemFree:          129644 kB
Active:           354240 kB
Mem:          3.8G       3.7G       125M       5.7M        23M       3.2G

MemTotal:        4016004 kB
MemFree:          128340 kB
Active:           354268 kB
Mem:          3.8G       3.7G       125M       5.7M        24M       3.2G

MemTotal:        4016004 kB
MemFree:          121916 kB
Active:           354288 kB
Mem:          3.8G       3.7G       118M       5.7M        24M       3.3G

MemTotal:        4016004 kB
MemFree:          113760 kB
Active:           355176 kB
Mem:          3.8G       3.7G       110M       5.7M        24M       3.3G

MemTotal:        4016004 kB
MemFree:          105656 kB
Active:           355616 kB
Mem:          3.8G       3.7G       102M       5.7M        24M       3.3G

MemTotal:        4016004 kB
MemFree:          126584 kB
Active:           355608 kB
Mem:          3.8G       3.7G       123M       5.7M        24M       3.2G

MemTotal:        4016004 kB
MemFree:          128832 kB
Active:           355856 kB
Mem:          3.8G       3.7G       126M       5.7M        24M       3.2G

MemTotal:        4016004 kB
MemFree:          121824 kB
Active:           354968 kB
Mem:          3.8G       3.7G       118M       5.7M        25M       3.3G

MemTotal:        4016004 kB
MemFree:          131028 kB
Active:           355252 kB
Mem:          3.8G       3.7G       127M       5.7M        25M       3.2G

MemTotal:        4016004 kB
MemFree:          122628 kB
Active:           355472 kB
Mem:          3.8G       3.7G       119M       5.7M        25M       3.2G

MemTotal:        4016004 kB
MemFree:          111012 kB
Active:           357252 kB
Mem:          3.8G       3.7G       108M       5.7M        27M       3.3G

MemTotal:        4016004 kB
MemFree:          126756 kB
Active:           356444 kB
Mem:          3.8G       3.7G       123M       5.7M        27M       3.2G

MemTotal:        4016004 kB
MemFree:          123768 kB
Active:           356444 kB
Mem:          3.8G       3.7G       120M       5.7M        27M       3.2G

MemTotal:        4016004 kB
MemFree:          109336 kB
Active:           356448 kB
Mem:          3.8G       3.7G       106M       5.7M        27M       3.3G

MemTotal:        4016004 kB
MemFree:          130460 kB
Active:           356448 kB
Mem:          3.8G       3.7G       127M       5.7M        27M       3.2G

MemTotal:        4016004 kB
MemFree:          121636 kB
Active:           356448 kB
Mem:          3.8G       3.7G       119M       5.7M        27M       3.2G

MemTotal:        4016004 kB
MemFree:          138584 kB
Active:           356404 kB
Mem:          3.8G       3.7G       135M       5.7M        27M       3.2G

MemTotal:        4016004 kB
MemFree:          130008 kB
Active:           356448 kB
Mem:          3.8G       3.7G       127M       5.7M        27M       3.2G

MemTotal:        4016004 kB
MemFree:          134944 kB
Active:           356452 kB
Mem:          3.8G       3.7G       131M       5.7M        27M       3.2G

MemTotal:        4016004 kB
MemFree:          140592 kB
Active:           356424 kB
Mem:          3.8G       3.7G       136M       5.7M        27M       3.2G

MemTotal:        4016004 kB
MemFree:          121508 kB
Active:           354736 kB
Mem:          3.8G       3.7G       118M       5.7M        27M       3.2G

MemTotal:        4016004 kB
MemFree:          108740 kB
Active:           354624 kB
Mem:          3.8G       3.7G       106M       5.7M        27M       3.3G

MemTotal:        4016004 kB
MemFree:          125680 kB
Active:           354636 kB
Mem:          3.8G       3.7G       122M       5.7M        27M       3.2G

MemTotal:        4016004 kB
MemFree:          123140 kB
Active:           354636 kB
Mem:          3.8G       3.7G       120M       5.7M        27M       3.2G

MemTotal:        4016004 kB
MemFree:          105344 kB
Active:           354640 kB
Mem:          3.8G       3.7G       102M       5.7M        27M       3.3G

MemTotal:        4016004 kB
MemFree:          132060 kB
Active:           354620 kB
Mem:          3.8G       3.7G       128M       5.7M        27M       3.2G

MemTotal:        4016004 kB
MemFree:          117160 kB
Active:           354632 kB
Mem:          3.8G       3.7G       114M       5.7M        27M       3.3G

MemTotal:        4016004 kB
MemFree:          109536 kB
Active:           354648 kB
Mem:          3.8G       3.7G       106M       5.7M        27M       3.3G

MemTotal:        4016004 kB
MemFree:          111712 kB
Active:           354652 kB
Mem:          3.8G       3.7G       109M       5.7M        27M       3.3G

MemTotal:        4016004 kB
MemFree:          119564 kB
Active:           354608 kB
Mem:          3.8G       3.7G       117M       5.7M        27M       3.2G

MemTotal:        4016004 kB
MemFree:          111428 kB
Active:           354596 kB
Mem:          3.8G       3.7G       108M       5.7M        27M       3.3G

MemTotal:        4016004 kB
MemFree:          126396 kB
Active:           354664 kB
Mem:          3.8G       3.7G       123M       5.7M        27M       3.2G

MemTotal:        4016004 kB
MemFree:          117120 kB
Active:           354672 kB
Mem:          3.8G       3.7G       114M       5.7M        27M       3.3G

MemTotal:        4016004 kB
MemFree:          126108 kB
Active:           354628 kB
Mem:          3.8G       3.7G       122M       5.7M        27M       3.2G

MemTotal:        4016004 kB
MemFree:          117056 kB
Active:           354684 kB
Mem:          3.8G       3.7G       114M       5.7M        27M       3.3G

MemTotal:        4016004 kB
MemFree:          111412 kB
Active:           354684 kB
Mem:          3.8G       3.7G       108M       5.7M        27M       3.3G

MemTotal:        4016004 kB
MemFree:          130248 kB
Active:           350340 kB
Mem:          3.8G       3.7G       127M       5.7M        27M       3.2G

MemTotal:        4016004 kB
MemFree:          133356 kB
Active:           350248 kB
Mem:          3.8G       3.7G       130M       5.7M        27M       3.2G

MemTotal:        4016004 kB
MemFree:          142416 kB
Active:           350276 kB
Mem:          3.8G       3.7G       138M       5.7M        27M       3.2G

MemTotal:        4016004 kB
MemFree:          133704 kB
Active:           350284 kB
Mem:          3.8G       3.7G       130M       5.7M        27M       3.2G

MemTotal:        4016004 kB
MemFree:          126596 kB
Active:           350248 kB
Mem:          3.8G       3.7G       123M       5.7M        27M       3.2G

MemTotal:        4016004 kB
MemFree:          134964 kB
Active:           350252 kB
Mem:          3.8G       3.7G       131M       5.7M        27M       3.2G

MemTotal:        4016004 kB
MemFree:          128180 kB
Active:           350280 kB
Mem:          3.8G       3.7G       124M       5.7M        27M       3.2G

MemTotal:        4016004 kB
MemFree:          123268 kB
Active:           350244 kB
Mem:          3.8G       3.7G       119M       5.7M        27M       3.2G

MemTotal:        4016004 kB
MemFree:          127840 kB
Active:           350252 kB
Mem:          3.8G       3.7G       124M       5.7M        27M       3.2G

MemTotal:        4016004 kB
MemFree:          123840 kB
Active:           350256 kB
Mem:          3.8G       3.7G       120M       5.7M        27M       3.2G

MemTotal:        4016004 kB
MemFree:          127700 kB
Active:           350316 kB
Mem:          3.8G       3.7G       124M       5.7M        27M       3.2G

MemTotal:        4016004 kB
MemFree:          130348 kB
Active:           350316 kB
Mem:          3.8G       3.7G       126M       5.7M        27M       3.2G

MemTotal:        4016004 kB
MemFree:          114984 kB
Active:           350316 kB
Mem:          3.8G       3.7G       112M       5.7M        27M       3.3G

MemTotal:        4016004 kB
MemFree:          106208 kB
Active:           350308 kB
Mem:          3.8G       3.7G       103M       5.7M        27M       3.3G

MemTotal:        4016004 kB
MemFree:          115892 kB
Active:           350316 kB
Mem:          3.8G       3.7G       113M       5.7M        27M       3.3G

MemTotal:        4016004 kB
MemFree:          108728 kB
Active:           350280 kB
Mem:          3.8G       3.7G       105M       5.7M        27M       3.3G

MemTotal:        4016004 kB
MemFree:          115336 kB
Active:           348316 kB
Mem:          3.8G       3.7G       112M       5.7M        27M       3.3G

MemTotal:        4016004 kB
MemFree:          134512 kB
Active:           348316 kB
Mem:          3.8G       3.7G       131M       5.7M        27M       3.2G

MemTotal:        4016004 kB
MemFree:          121872 kB
Active:           348328 kB
Mem:          3.8G       3.7G       118M       5.7M        27M       3.2G

MemTotal:        4016004 kB
MemFree:          135392 kB
Active:           348332 kB
Mem:          3.8G       3.7G       132M       5.7M        27M       3.2G

MemTotal:        4016004 kB
MemFree:          126808 kB
Active:           348332 kB
Mem:          3.8G       3.7G       123M       5.7M        27M       3.2G

MemTotal:        4016004 kB
MemFree:          109980 kB
Active:           348072 kB
Mem:          3.8G       3.7G       107M       5.7M        27M       3.3G

MemTotal:        4016004 kB
MemFree:          110028 kB
Active:           348032 kB
Mem:          3.8G       3.7G       107M       5.7M        27M       3.3G

MemTotal:        4016004 kB
MemFree:          109780 kB
Active:           348032 kB
Mem:          3.8G       3.7G       107M       5.7M        27M       3.3G

MemTotal:        4016004 kB
MemFree:          110276 kB
Active:           348036 kB
Mem:          3.8G       3.7G       107M       5.7M        27M       3.3G

MemTotal:        4016004 kB
MemFree:          110276 kB
Active:           348036 kB
Mem:          3.8G       3.7G       107M       5.7M        27M       3.3G

MemTotal:        4016004 kB
MemFree:          110276 kB
Active:           348028 kB
Mem:          3.8G       3.7G       107M       5.7M        27M       3.3G

MemTotal:        4016004 kB
MemFree:          109904 kB
Active:           348048 kB
Mem:          3.8G       3.7G       107M       5.7M        27M       3.3G

MemTotal:        4016004 kB
MemFree:          109904 kB
Active:           348052 kB
Mem:          3.8G       3.7G       107M       5.7M        27M       3.3G

MemTotal:        4016004 kB
MemFree:          110276 kB
Active:           348024 kB
Mem:          3.8G       3.7G       107M       5.7M        27M       3.3G

MemTotal:        4016004 kB
MemFree:          110152 kB
Active:           348004 kB
Mem:          3.8G       3.7G       107M       5.7M        27M       3.3G

MemTotal:        4016004 kB
MemFree:          110276 kB
Active:           348012 kB
Mem:          3.8G       3.7G       107M       5.7M        27M       3.3G

MemTotal:        4016004 kB
MemFree:          109904 kB
Active:           348064 kB
Mem:          3.8G       3.7G       107M       5.7M        27M       3.3G

MemTotal:        4016004 kB
MemFree:          110152 kB
Active:           348052 kB
Mem:          3.8G       3.7G       107M       5.7M        27M       3.3G

MemTotal:        4016004 kB
MemFree:          110400 kB
Active:           348060 kB
Mem:          3.8G       3.7G       107M       5.7M        27M       3.3G

MemTotal:        4016004 kB
MemFree:          109904 kB
Active:           348064 kB
Mem:          3.8G       3.7G       107M       5.7M        27M       3.3G

MemTotal:        4016004 kB
MemFree:          109780 kB
Active:           348072 kB
Mem:          3.8G       3.7G       107M       5.7M        27M       3.3G

MemTotal:        4016004 kB
MemFree:          110276 kB
Active:           348020 kB
Mem:          3.8G       3.7G       107M       5.7M        27M       3.3G

MemTotal:        4016004 kB
MemFree:          110152 kB
Active:           348072 kB
Mem:          3.8G       3.7G       107M       5.7M        27M       3.3G

MemTotal:        4016004 kB
MemFree:          110276 kB
Active:           348036 kB
Mem:          3.8G       3.7G       107M       5.7M        27M       3.3G

MemTotal:        4016004 kB
MemFree:          109904 kB
Active:           348072 kB
Mem:          3.8G       3.7G       107M       5.7M        27M       3.3G

MemTotal:        4016004 kB
MemFree:          110276 kB
Active:           348024 kB
Mem:          3.8G       3.7G       107M       5.7M        27M       3.3G

MemTotal:        4016004 kB
MemFree:          110276 kB
Active:           348068 kB
Mem:          3.8G       3.7G       107M       5.7M        27M       3.3G

MemTotal:        4016004 kB
MemFree:          110276 kB
Active:           348072 kB
Mem:          3.8G       3.7G       107M       5.7M        27M       3.3G

MemTotal:        4016004 kB
MemFree:          110276 kB
Active:           348032 kB
Mem:          3.8G       3.7G       107M       5.7M        27M       3.3G

MemTotal:        4016004 kB
MemFree:          109904 kB
Active:           348080 kB
Mem:          3.8G       3.7G       107M       5.7M        27M       3.3G

MemTotal:        4016004 kB
MemFree:          110276 kB
Active:           348044 kB
Mem:          3.8G       3.7G       107M       5.7M        27M       3.3G

MemTotal:        4016004 kB
MemFree:          110028 kB
Active:           348028 kB
Mem:          3.8G       3.7G       107M       5.7M        27M       3.3G

MemTotal:        4016004 kB
MemFree:          109780 kB
Active:           348088 kB
Mem:          3.8G       3.7G       107M       5.7M        27M       3.3G

MemTotal:        4016004 kB
MemFree:          110120 kB
Active:           348060 kB
Mem:          3.8G       3.7G       107M       5.7M        27M       3.3G

MemTotal:        4016004 kB
MemFree:          110216 kB
Active:           348064 kB
Mem:          3.8G       3.7G       107M       5.7M        27M       3.3G

MemTotal:        4016004 kB
MemFree:          110340 kB
Active:           348080 kB
Mem:          3.8G       3.7G       107M       5.7M        27M       3.3G

MemTotal:        4016004 kB
MemFree:          110340 kB
Active:           348088 kB
Mem:          3.8G       3.7G       107M       5.7M        27M       3.3G

MemTotal:        4016004 kB
MemFree:          109968 kB
Active:           348100 kB
Mem:          3.8G       3.7G       107M       5.7M        27M       3.3G

MemTotal:        4016004 kB
MemFree:          110216 kB
Active:           348052 kB
Mem:          3.8G       3.7G       107M       5.7M        27M       3.3G

MemTotal:        4016004 kB
MemFree:          110216 kB
Active:           348080 kB
Mem:          3.8G       3.7G       107M       5.7M        27M       3.3G

MemTotal:        4016004 kB
MemFree:          110216 kB
Active:           348052 kB
Mem:          3.8G       3.7G       107M       5.7M        27M       3.3G

MemTotal:        4016004 kB
MemFree:          110340 kB
Active:           348060 kB
Mem:          3.8G       3.7G       107M       5.7M        27M       3.3G

MemTotal:        4016004 kB
MemFree:          110340 kB
Active:           348064 kB
Mem:          3.8G       3.7G       107M       5.7M        27M       3.3G

MemTotal:        4016004 kB
MemFree:          110216 kB
Active:           348080 kB
Mem:          3.8G       3.7G       107M       5.7M        27M       3.3G

MemTotal:        4016004 kB
MemFree:          109844 kB
Active:           348116 kB
Mem:          3.8G       3.7G       107M       5.7M        27M       3.3G

MemTotal:        4016004 kB
MemFree:          110340 kB
Active:           348096 kB
Mem:          3.8G       3.7G       107M       5.7M        27M       3.3G

MemTotal:        4016004 kB
MemFree:          110464 kB
Active:           348100 kB
Mem:          3.8G       3.7G       107M       5.7M        27M       3.3G

MemTotal:        4016004 kB
MemFree:          110464 kB
Active:           348068 kB
Mem:          3.8G       3.7G       107M       5.7M        27M       3.3G

MemTotal:        4016004 kB
MemFree:          110340 kB
Active:           348080 kB
Mem:          3.8G       3.7G       107M       5.7M        27M       3.3G

MemTotal:        4016004 kB
MemFree:          110340 kB
Active:           348104 kB
Mem:          3.8G       3.7G       107M       5.7M        27M       3.3G

MemTotal:        4016004 kB
MemFree:          110588 kB
Active:           348108 kB
Mem:          3.8G       3.7G       107M       5.7M        27M       3.3G

MemTotal:        4016004 kB
MemFree:          110588 kB
Active:           348072 kB
Mem:          3.8G       3.7G       108M       5.7M        27M       3.3G

MemTotal:        4016004 kB
MemFree:          110092 kB
Active:           348132 kB
Mem:          3.8G       3.7G       107M       5.7M        27M       3.3G

MemTotal:        4016004 kB
MemFree:          110092 kB
Active:           348124 kB
Mem:          3.8G       3.7G       107M       5.7M        27M       3.3G

MemTotal:        4016004 kB
MemFree:          110092 kB
Active:           348128 kB
Mem:          3.8G       3.7G       107M       5.7M        27M       3.3G

MemTotal:        4016004 kB
MemFree:          109844 kB
Active:           348140 kB
Mem:          3.8G       3.7G       107M       5.7M        27M       3.3G

MemTotal:        4016004 kB
MemFree:          109844 kB
Active:           348148 kB
Mem:          3.8G       3.7G       107M       5.7M        27M       3.3G

MemTotal:        4016004 kB
MemFree:          109812 kB
Active:           348148 kB
Mem:          3.8G       3.7G       107M       5.7M        27M       3.3G

MemTotal:        4016004 kB
MemFree:          110200 kB
Active:           348108 kB
Mem:          3.8G       3.7G       107M       5.7M        27M       3.3G

MemTotal:        4016004 kB
MemFree:          110216 kB
Active:           348120 kB
Mem:          3.8G       3.7G       107M       5.7M        27M       3.3G

MemTotal:        4016004 kB
MemFree:          110216 kB
Active:           348132 kB
Mem:          3.8G       3.7G       107M       5.7M        27M       3.3G

MemTotal:        4016004 kB
MemFree:          109844 kB
Active:           348160 kB
Mem:          3.8G       3.7G       107M       5.7M        27M       3.3G

MemTotal:        4016004 kB
MemFree:          110092 kB
Active:           348108 kB
Mem:          3.8G       3.7G       107M       5.7M        27M       3.3G

MemTotal:        4016004 kB
MemFree:          110216 kB
Active:           348124 kB
Mem:          3.8G       3.7G       107M       5.7M        27M       3.3G

MemTotal:        4016004 kB
MemFree:          110216 kB
Active:           348128 kB
Mem:          3.8G       3.7G       107M       5.7M        27M       3.3G

MemTotal:        4016004 kB
MemFree:          109720 kB
Active:           348164 kB
Mem:          3.8G       3.7G       107M       5.7M        27M       3.3G

MemTotal:        4016004 kB
MemFree:          110216 kB
Active:           348160 kB
Mem:          3.8G       3.7G       107M       5.7M        27M       3.3G

MemTotal:        4016004 kB
MemFree:          110216 kB
Active:           348136 kB
Mem:          3.8G       3.7G       107M       5.7M        27M       3.3G

MemTotal:        4016004 kB
MemFree:          110216 kB
Active:           348152 kB
Mem:          3.8G       3.7G       107M       5.7M        27M       3.3G

MemTotal:        4016004 kB
MemFree:          110092 kB
Active:           348144 kB
Mem:          3.8G       3.7G       107M       5.7M        27M       3.3G

MemTotal:        4016004 kB
MemFree:          109844 kB
Active:           348176 kB
Mem:          3.8G       3.7G       107M       5.7M        27M       3.3G

MemTotal:        4016004 kB
MemFree:          110216 kB
Active:           348128 kB
Mem:          3.8G       3.7G       107M       5.7M        27M       3.3G

MemTotal:        4016004 kB
MemFree:          110216 kB
Active:           348172 kB
Mem:          3.8G       3.7G       107M       5.7M        27M       3.3G

MemTotal:        4016004 kB
MemFree:          110092 kB
Active:           348136 kB
Mem:          3.8G       3.7G       107M       5.7M        27M       3.3G

MemTotal:        4016004 kB
MemFree:          109968 kB
Active:           348160 kB
Mem:          3.8G       3.7G       107M       5.7M        27M       3.3G

MemTotal:        4016004 kB
MemFree:          110092 kB
Active:           348132 kB
Mem:          3.8G       3.7G       107M       5.7M        27M       3.3G

MemTotal:        4016004 kB
MemFree:          109844 kB
Active:           348212 kB
Mem:          3.8G       3.7G       107M       5.7M        27M       3.3G

MemTotal:        4016004 kB
MemFree:          109844 kB
Active:           348188 kB
Mem:          3.8G       3.7G       107M       5.7M        27M       3.3G

MemTotal:        4016004 kB
MemFree:          109844 kB
Active:           348192 kB
Mem:          3.8G       3.7G       107M       5.7M        27M       3.3G

MemTotal:        4016004 kB
MemFree:          109456 kB
Active:           348276 kB
Mem:          3.8G       3.7G       107M       5.7M        27M       3.3G

MemTotal:        4016004 kB
MemFree:          109704 kB
Active:           348272 kB
Mem:          3.8G       3.7G       107M       5.7M        27M       3.3G

MemTotal:        4016004 kB
MemFree:          109828 kB
Active:           348276 kB
Mem:          3.8G       3.7G       107M       5.7M        27M       3.3G

MemTotal:        4016004 kB
MemFree:          109332 kB
Active:           348280 kB
Mem:          3.8G       3.7G       106M       5.7M        27M       3.3G

MemTotal:        4016004 kB
MemFree:          109704 kB
Active:           348280 kB
Mem:          3.8G       3.7G       107M       5.7M        27M       3.3G

MemTotal:        4016004 kB
MemFree:          109828 kB
Active:           348276 kB
Mem:          3.8G       3.7G       107M       5.7M        27M       3.3G

MemTotal:        4016004 kB
MemFree:          109704 kB
Active:           348232 kB
Mem:          3.8G       3.7G       107M       5.7M        27M       3.3G

MemTotal:        4016004 kB
MemFree:          109704 kB
Active:           348232 kB
Mem:          3.8G       3.7G       107M       5.7M        27M       3.3G

MemTotal:        4016004 kB
MemFree:          109828 kB
Active:           348288 kB
Mem:          3.8G       3.7G       107M       5.7M        27M       3.3G

MemTotal:        4016004 kB
MemFree:          109704 kB
Active:           348280 kB
Mem:          3.8G       3.7G       107M       5.7M        27M       3.3G

MemTotal:        4016004 kB
MemFree:          109828 kB
Active:           348244 kB
Mem:          3.8G       3.7G       107M       5.7M        27M       3.3G

MemTotal:        4016004 kB
MemFree:          109704 kB
Active:           348240 kB
Mem:          3.8G       3.7G       107M       5.7M        27M       3.3G

MemTotal:        4016004 kB
MemFree:          109704 kB
Active:           348268 kB
Mem:          3.8G       3.7G       107M       5.7M        27M       3.3G

MemTotal:        4016004 kB
MemFree:          109828 kB
Active:           348256 kB
Mem:          3.8G       3.7G       107M       5.7M        27M       3.3G

MemTotal:        4016004 kB
MemFree:          109828 kB
Active:           348268 kB
Mem:          3.8G       3.7G       107M       5.7M        27M       3.3G

MemTotal:        4016004 kB
MemFree:          109828 kB
Active:           348260 kB
Mem:          3.8G       3.7G       107M       5.7M        27M       3.3G

MemTotal:        4016004 kB
MemFree:          109596 kB
Active:           348288 kB
Mem:          3.8G       3.7G       107M       5.7M        27M       3.3G

MemTotal:        4016004 kB
MemFree:          109968 kB
Active:           348268 kB
Mem:          3.8G       3.7G       107M       5.7M        27M       3.3G

MemTotal:        4016004 kB
MemFree:          109844 kB
Active:           348236 kB
Mem:          3.8G       3.7G       107M       5.7M        27M       3.3G

MemTotal:        4016004 kB
MemFree:          109844 kB
Active:           348288 kB
Mem:          3.8G       3.7G       107M       5.7M        27M       3.3G

MemTotal:        4016004 kB
MemFree:          109596 kB
Active:           348296 kB
Mem:          3.8G       3.7G       107M       5.7M        27M       3.3G

MemTotal:        4016004 kB
MemFree:          109844 kB
Active:           348248 kB
Mem:          3.8G       3.7G       107M       5.7M        27M       3.3G

MemTotal:        4016004 kB
MemFree:          109720 kB
Active:           348268 kB
Mem:          3.8G       3.7G       107M       5.7M        27M       3.3G

MemTotal:        4016004 kB
MemFree:          109596 kB
Active:           348248 kB
Mem:          3.8G       3.7G       107M       5.7M        27M       3.3G

MemTotal:        4016004 kB
MemFree:          109720 kB
Active:           348264 kB
Mem:          3.8G       3.7G       107M       5.7M        27M       3.3G

MemTotal:        4016004 kB
MemFree:          109720 kB
Active:           348252 kB
Mem:          3.8G       3.7G       107M       5.7M        27M       3.3G

MemTotal:        4016004 kB
MemFree:          109720 kB
Active:           348248 kB
Mem:          3.8G       3.7G       107M       5.7M        27M       3.3G

MemTotal:        4016004 kB
MemFree:          109720 kB
Active:           348292 kB
Mem:          3.8G       3.7G       107M       5.7M        27M       3.3G

MemTotal:        4016004 kB
MemFree:          109720 kB
Active:           348268 kB
Mem:          3.8G       3.7G       107M       5.7M        27M       3.3G

MemTotal:        4016004 kB
MemFree:          109844 kB
Active:           348272 kB
Mem:          3.8G       3.7G       107M       5.7M        27M       3.3G

MemTotal:        4016004 kB
MemFree:          109720 kB
Active:           348268 kB
Mem:          3.8G       3.7G       107M       5.7M        27M       3.3G

MemTotal:        4016004 kB
MemFree:          110092 kB
Active:           348260 kB
Mem:          3.8G       3.7G       107M       5.7M        27M       3.3G

MemTotal:        4016004 kB
MemFree:          109968 kB
Active:           348288 kB
Mem:          3.8G       3.7G       107M       5.7M        27M       3.3G

MemTotal:        4016004 kB
MemFree:          110092 kB
Active:           348296 kB
Mem:          3.8G       3.7G       107M       5.7M        27M       3.3G

MemTotal:        4016004 kB
MemFree:          109720 kB
Active:           348312 kB
Mem:          3.8G       3.7G       107M       5.7M        27M       3.3G

MemTotal:        4016004 kB
MemFree:          109844 kB
Active:           348264 kB
Mem:          3.8G       3.7G       107M       5.7M        27M       3.3G

MemTotal:        4016004 kB
MemFree:          109844 kB
Active:           348280 kB
Mem:          3.8G       3.7G       107M       5.7M        27M       3.3G

MemTotal:        4016004 kB
MemFree:          110092 kB
Active:           348272 kB
Mem:          3.8G       3.7G       107M       5.7M        27M       3.3G

MemTotal:        4016004 kB
MemFree:          109968 kB
Active:           348292 kB
Mem:          3.8G       3.7G       107M       5.7M        27M       3.3G

MemTotal:        4016004 kB
MemFree:          109844 kB
Active:           348288 kB
Mem:          3.8G       3.7G       107M       5.7M        27M       3.3G

MemTotal:        4016004 kB
MemFree:          109968 kB
Active:           348312 kB
Mem:          3.8G       3.7G       107M       5.7M        27M       3.3G

MemTotal:        4016004 kB
MemFree:          109968 kB
Active:           348304 kB
Mem:          3.8G       3.7G       107M       5.7M        27M       3.3G

MemTotal:        4016004 kB
MemFree:          109968 kB
Active:           348316 kB
Mem:          3.8G       3.7G       107M       5.7M        27M       3.3G

MemTotal:        4016004 kB
MemFree:          109968 kB
Active:           348320 kB
Mem:          3.8G       3.7G       107M       5.7M        27M       3.3G

MemTotal:        4016004 kB
MemFree:          110076 kB
Active:           348336 kB
Mem:          3.8G       3.7G       107M       5.7M        27M       3.3G

MemTotal:        4016004 kB
MemFree:          109920 kB
Active:           348324 kB
Mem:          3.8G       3.7G       107M       5.7M        27M       3.3G

MemTotal:        4016004 kB
MemFree:          109828 kB
Active:           348324 kB
Mem:          3.8G       3.7G       107M       5.7M        27M       3.3G

MemTotal:        4016004 kB
MemFree:          109968 kB
Active:           348352 kB
Mem:          3.8G       3.7G       107M       5.7M        27M       3.3G

MemTotal:        4016004 kB
MemFree:          109844 kB
Active:           348308 kB
Mem:          3.8G       3.7G       107M       5.7M        27M       3.3G

MemTotal:        4016004 kB
MemFree:          109720 kB
Active:           348328 kB
Mem:          3.8G       3.7G       107M       5.7M        27M       3.3G

MemTotal:        4016004 kB
MemFree:          109348 kB
Active:           348360 kB
Mem:          3.8G       3.7G       107M       5.7M        27M       3.3G

MemTotal:        4016004 kB
MemFree:          109844 kB
Active:           348344 kB
Mem:          3.8G       3.7G       107M       5.7M        27M       3.3G

MemTotal:        4016004 kB
MemFree:          109844 kB
Active:           348348 kB
Mem:          3.8G       3.7G       107M       5.7M        27M       3.3G

MemTotal:        4016004 kB
MemFree:          109844 kB
Active:           348356 kB
Mem:          3.8G       3.7G       107M       5.7M        27M       3.3G

MemTotal:        4016004 kB
MemFree:          109596 kB
Active:           348368 kB
Mem:          3.8G       3.7G       107M       5.7M        27M       3.3G

MemTotal:        4016004 kB
MemFree:          109968 kB
Active:           348340 kB
Mem:          3.8G       3.7G       107M       5.7M        27M       3.3G

MemTotal:        4016004 kB
MemFree:          110092 kB
Active:           348348 kB
Mem:          3.8G       3.7G       107M       5.7M        27M       3.3G

MemTotal:        4016004 kB
MemFree:          110092 kB
Active:           348336 kB
Mem:          3.8G       3.7G       107M       5.7M        27M       3.3G

MemTotal:        4016004 kB
MemFree:          109968 kB
Active:           348364 kB
Mem:          3.8G       3.7G       107M       5.7M        27M       3.3G

MemTotal:        4016004 kB
MemFree:          109968 kB
Active:           348360 kB
Mem:          3.8G       3.7G       107M       5.7M        27M       3.3G

MemTotal:        4016004 kB
MemFree:          109968 kB
Active:           348348 kB
Mem:          3.8G       3.7G       107M       5.7M        27M       3.3G

MemTotal:        4016004 kB
MemFree:          110092 kB
Active:           348380 kB
Mem:          3.8G       3.7G       107M       5.7M        27M       3.3G

MemTotal:        4016004 kB
MemFree:          109596 kB
Active:           348380 kB
Mem:          3.8G       3.7G       107M       5.7M        27M       3.3G

MemTotal:        4016004 kB
MemFree:          109472 kB
Active:           348380 kB
Mem:          3.8G       3.7G       107M       5.7M        27M       3.3G

MemTotal:        4016004 kB
MemFree:          109968 kB
Active:           348364 kB
Mem:          3.8G       3.7G       107M       5.7M        27M       3.3G

MemTotal:        4016004 kB
MemFree:          109844 kB
Active:           348336 kB
Mem:          3.8G       3.7G       107M       5.7M        27M       3.3G

MemTotal:        4016004 kB
MemFree:          109472 kB
Active:           348388 kB
Mem:          3.8G       3.7G       107M       5.7M        27M       3.3G

MemTotal:        4016004 kB
MemFree:          109968 kB
Active:           348360 kB
Mem:          3.8G       3.7G       107M       5.7M        27M       3.3G

MemTotal:        4016004 kB
MemFree:          109844 kB
Active:           348364 kB
Mem:          3.8G       3.7G       107M       5.7M        27M       3.3G

MemTotal:        4016004 kB
MemFree:          109844 kB
Active:           348380 kB
Mem:          3.8G       3.7G       107M       5.7M        27M       3.3G

MemTotal:        4016004 kB
MemFree:          109968 kB
Active:           348376 kB
Mem:          3.8G       3.7G       107M       5.7M        27M       3.3G

MemTotal:        4016004 kB
MemFree:          109968 kB
Active:           348384 kB
Mem:          3.8G       3.7G       107M       5.7M        27M       3.3G

MemTotal:        4016004 kB
MemFree:          110092 kB
Active:           348344 kB
Mem:          3.8G       3.7G       107M       5.7M        27M       3.3G

MemTotal:        4016004 kB
MemFree:          109472 kB
Active:           348400 kB
Mem:          3.8G       3.7G       107M       5.7M        27M       3.3G

MemTotal:        4016004 kB
MemFree:          109720 kB
Active:           348348 kB
Mem:          3.8G       3.7G       106M       5.7M        27M       3.3G

MemTotal:        4016004 kB
MemFree:          109720 kB
Active:           348368 kB
Mem:          3.8G       3.7G       107M       5.7M        27M       3.3G

MemTotal:        4016004 kB
MemFree:          109720 kB
Active:           348368 kB
Mem:          3.8G       3.7G       106M       5.7M        27M       3.3G

MemTotal:        4016004 kB
MemFree:          109720 kB
Active:           348364 kB
Mem:          3.8G       3.7G       107M       5.7M        27M       3.3G

MemTotal:        4016004 kB
MemFree:          109348 kB
Active:           348400 kB
Mem:          3.8G       3.7G       107M       5.7M        27M       3.3G

MemTotal:        4016004 kB
MemFree:          109596 kB
Active:           348388 kB
Mem:          3.8G       3.7G       107M       5.7M        27M       3.3G

MemTotal:        4016004 kB
MemFree:          109596 kB
Active:           348348 kB
Mem:          3.8G       3.7G       107M       5.7M        27M       3.3G

MemTotal:        4016004 kB
MemFree:          109720 kB
Active:           348356 kB
Mem:          3.8G       3.7G       107M       5.7M        27M       3.3G

MemTotal:        4016004 kB
MemFree:          109596 kB
Active:           348392 kB
Mem:          3.8G       3.7G       107M       5.7M        27M       3.3G

MemTotal:        4016004 kB
MemFree:          109736 kB
Active:           348412 kB
Mem:          3.8G       3.7G       107M       5.7M        27M       3.3G

MemTotal:        4016004 kB
MemFree:          109736 kB
Active:           348384 kB
Mem:          3.8G       3.7G       107M       5.7M        27M       3.3G

MemTotal:        4016004 kB
MemFree:          109612 kB
Active:           348400 kB
Mem:          3.8G       3.7G       107M       5.7M        27M       3.3G

MemTotal:        4016004 kB
MemFree:          109364 kB
Active:           348428 kB
Mem:          3.8G       3.7G       106M       5.7M        27M       3.3G

MemTotal:        4016004 kB
MemFree:          109736 kB
Active:           348404 kB
Mem:          3.8G       3.7G       107M       5.7M        27M       3.3G

MemTotal:        4016004 kB
MemFree:          109612 kB
Active:           348420 kB
Mem:          3.8G       3.7G       107M       5.7M        27M       3.3G

MemTotal:        4016004 kB
MemFree:          109240 kB
Active:           348432 kB
Mem:          3.8G       3.7G       106M       5.7M        27M       3.3G

MemTotal:        4016004 kB
MemFree:          109116 kB
Active:           348432 kB
Mem:          3.8G       3.7G       106M       5.7M        27M       3.3G

MemTotal:        4016004 kB
MemFree:          109612 kB
Active:           348424 kB
Mem:          3.8G       3.7G       107M       5.7M        27M       3.3G

MemTotal:        4016004 kB
MemFree:          109612 kB
Active:           348400 kB
Mem:          3.8G       3.7G       107M       5.7M        27M       3.3G

MemTotal:        4016004 kB
MemFree:          109240 kB
Active:           348436 kB
Mem:          3.8G       3.7G       106M       5.7M        27M       3.3G

MemTotal:        4016004 kB
MemFree:          109116 kB
Active:           348440 kB
Mem:          3.8G       3.7G       106M       5.7M        27M       3.3G

MemTotal:        4016004 kB
MemFree:          109488 kB
Active:           348384 kB
Mem:          3.8G       3.7G       106M       5.7M        27M       3.3G

MemTotal:        4016004 kB
MemFree:          109488 kB
Active:           348396 kB
Mem:          3.8G       3.7G       106M       5.7M        27M       3.3G

MemTotal:        4016004 kB
MemFree:          109612 kB
Active:           348404 kB
Mem:          3.8G       3.7G       107M       5.7M        27M       3.3G

MemTotal:        4016004 kB
MemFree:          109612 kB
Active:           348384 kB
Mem:          3.8G       3.7G       107M       5.7M        27M       3.3G

MemTotal:        4016004 kB
MemFree:          109612 kB
Active:           348432 kB
Mem:          3.8G       3.7G       106M       5.7M        27M       3.3G

MemTotal:        4016004 kB
MemFree:          109612 kB
Active:           348392 kB
Mem:          3.8G       3.7G       107M       5.7M        27M       3.3G

MemTotal:        4016004 kB
MemFree:          109364 kB
Active:           348452 kB
Mem:          3.8G       3.7G       107M       5.7M        27M       3.3G

MemTotal:        4016004 kB
MemFree:          109488 kB
Active:           348400 kB
Mem:          3.8G       3.7G       106M       5.7M        27M       3.3G

MemTotal:        4016004 kB
MemFree:          109612 kB
Active:           348400 kB
Mem:          3.8G       3.7G       106M       5.7M        27M       3.3G

MemTotal:        4016004 kB
MemFree:          109488 kB
Active:           348420 kB
Mem:          3.8G       3.7G       106M       5.7M        27M       3.3G

MemTotal:        4016004 kB
MemFree:          109116 kB
Active:           348456 kB
Mem:          3.8G       3.7G       106M       5.7M        27M       3.3G

MemTotal:        4016004 kB
MemFree:          109472 kB
Active:           348440 kB
Mem:          3.8G       3.7G       106M       5.7M        27M       3.3G

MemTotal:        4016004 kB
MemFree:          109844 kB
Active:           348428 kB
Mem:          3.8G       3.7G       107M       5.7M        27M       3.3G

MemTotal:        4016004 kB
MemFree:          109844 kB
Active:           348448 kB
Mem:          3.8G       3.7G       107M       5.7M        27M       3.3G

MemTotal:        4016004 kB
MemFree:          109596 kB
Active:           348440 kB
Mem:          3.8G       3.7G       107M       5.7M        27M       3.3G

MemTotal:        4016004 kB
MemFree:          109596 kB
Active:           348460 kB
Mem:          3.8G       3.7G       107M       5.7M        27M       3.3G

MemTotal:        4016004 kB
MemFree:          109472 kB
Active:           348420 kB
Mem:          3.8G       3.7G       106M       5.7M        27M       3.3G

MemTotal:        4016004 kB
MemFree:          109596 kB
Active:           348432 kB
Mem:          3.8G       3.7G       106M       5.7M        27M       3.3G

MemTotal:        4016004 kB
MemFree:          109224 kB
Active:           348468 kB
Mem:          3.8G       3.7G       106M       5.7M        27M       3.3G

MemTotal:        4016004 kB
MemFree:          109596 kB
Active:           348424 kB
Mem:          3.8G       3.7G       107M       5.7M        27M       3.3G

MemTotal:        4016004 kB
MemFree:          109596 kB
Active:           348432 kB
Mem:          3.8G       3.7G       106M       5.7M        27M       3.3G

MemTotal:        4016004 kB
MemFree:          109596 kB
Active:           348456 kB
Mem:          3.8G       3.7G       107M       5.7M        27M       3.3G

MemTotal:        4016004 kB
MemFree:          109596 kB
Active:           348456 kB
Mem:          3.8G       3.7G       106M       5.7M        27M       3.3G

MemTotal:        4016004 kB
MemFree:          109596 kB
Active:           348432 kB
Mem:          3.8G       3.7G       106M       5.7M        27M       3.3G

MemTotal:        4016004 kB
MemFree:          109472 kB
Active:           348428 kB
Mem:          3.8G       3.7G       106M       5.7M        27M       3.3G

MemTotal:        4016004 kB
MemFree:          109472 kB
Active:           348484 kB
Mem:          3.8G       3.7G       106M       5.7M        27M       3.3G

MemTotal:        4016004 kB
MemFree:          109224 kB
Active:           348488 kB
Mem:          3.8G       3.7G       106M       5.7M        27M       3.3G

MemTotal:        4016004 kB
MemFree:          109720 kB
Active:           348476 kB
Mem:          3.8G       3.7G       107M       5.7M        27M       3.3G

MemTotal:        4016004 kB
MemFree:          109844 kB
Active:           348484 kB
Mem:          3.8G       3.7G       107M       5.7M        27M       3.3G

MemTotal:        4016004 kB
MemFree:          109720 kB
Active:           348440 kB
Mem:          3.8G       3.7G       107M       5.7M        27M       3.3G

MemTotal:        4016004 kB
MemFree:          109224 kB
Active:           348488 kB
Mem:          3.8G       3.7G       106M       5.7M        27M       3.3G

MemTotal:        4016004 kB
MemFree:          109596 kB
Active:           348444 kB
Mem:          3.8G       3.7G       107M       5.7M        27M       3.3G

MemTotal:        4016004 kB
MemFree:          109720 kB
Active:           348452 kB
Mem:          3.8G       3.7G       107M       5.7M        27M       3.3G

MemTotal:        4016004 kB
MemFree:          109720 kB
Active:           348464 kB
Mem:          3.8G       3.7G       106M       5.7M        27M       3.3G

MemTotal:        4016004 kB
MemFree:          109348 kB
Active:           348476 kB
Mem:          3.8G       3.7G       106M       5.7M        27M       3.3G

MemTotal:        4016004 kB
MemFree:          109348 kB
Active:           348452 kB
Mem:          3.8G       3.7G       106M       5.7M        27M       3.3G

MemTotal:        4016004 kB
MemFree:          109596 kB
Active:           348456 kB
Mem:          3.8G       3.7G       107M       5.7M        27M       3.3G

MemTotal:        4016004 kB
MemFree:          109596 kB
Active:           348476 kB
Mem:          3.8G       3.7G       106M       5.7M        27M       3.3G

MemTotal:        4016004 kB
MemFree:          109596 kB
Active:           348448 kB
Mem:          3.8G       3.7G       107M       5.7M        27M       3.3G

MemTotal:        4016004 kB
MemFree:          109596 kB
Active:           348476 kB
Mem:          3.8G       3.7G       107M       5.7M        27M       3.3G

MemTotal:        4016004 kB
MemFree:          109100 kB
Active:           348504 kB
Mem:          3.8G       3.7G       106M       5.7M        27M       3.3G

MemTotal:        4016004 kB
MemFree:          109348 kB
Active:           348448 kB
Mem:          3.8G       3.7G       106M       5.7M        27M       3.3G

MemTotal:        4016004 kB
MemFree:          109472 kB
Active:           348504 kB
Mem:          3.8G       3.7G       106M       5.7M        27M       3.3G

MemTotal:        4016004 kB
MemFree:          109100 kB
Active:           348508 kB
Mem:          3.8G       3.7G       106M       5.7M        27M       3.3G

MemTotal:        4016004 kB
MemFree:          109472 kB
Active:           348476 kB
Mem:          3.8G       3.7G       106M       5.7M        27M       3.3G

MemTotal:        4016004 kB
MemFree:          109472 kB
Active:           348480 kB
Mem:          3.8G       3.7G       106M       5.7M        27M       3.3G

MemTotal:        4016004 kB
MemFree:          109364 kB
Active:           348480 kB
Mem:          3.8G       3.7G       106M       5.7M        27M       3.3G

MemTotal:        4016004 kB
MemFree:          109488 kB
Active:           348496 kB
Mem:          3.8G       3.7G       107M       5.7M        27M       3.3G

MemTotal:        4016004 kB
MemFree:          109736 kB
Active:           348480 kB
Mem:          3.8G       3.7G       107M       5.7M        27M       3.3G

MemTotal:        4016004 kB
MemFree:          109736 kB
Active:           348524 kB
Mem:          3.8G       3.7G       107M       5.7M        27M       3.3G

MemTotal:        4016004 kB
MemFree:          109736 kB
Active:           348480 kB
Mem:          3.8G       3.7G       106M       5.7M        27M       3.3G

MemTotal:        4016004 kB
MemFree:          109612 kB
Active:           348484 kB
Mem:          3.8G       3.7G       107M       5.7M        27M       3.3G

MemTotal:        4016004 kB
MemFree:          109736 kB
Active:           348524 kB
Mem:          3.8G       3.7G       107M       5.7M        27M       3.3G

MemTotal:        4016004 kB
MemFree:          109364 kB
Active:           348536 kB
Mem:          3.8G       3.7G       106M       5.7M        27M       3.3G

MemTotal:        4016004 kB
MemFree:          109612 kB
Active:           348532 kB
Mem:          3.8G       3.7G       106M       5.7M        27M       3.3G

MemTotal:        4016004 kB
MemFree:          109364 kB
Active:           348536 kB
Mem:          3.8G       3.7G       106M       5.7M        27M       3.3G

MemTotal:        4016004 kB
MemFree:          109488 kB
Active:           348492 kB
Mem:          3.8G       3.7G       106M       5.7M        27M       3.3G

MemTotal:        4016004 kB
MemFree:          109488 kB
Active:           348516 kB
Mem:          3.8G       3.7G       106M       5.7M        27M       3.3G

MemTotal:        4016004 kB
MemFree:          109364 kB
Active:           348504 kB
Mem:          3.8G       3.7G       106M       5.7M        27M       3.3G

MemTotal:        4016004 kB
MemFree:          109116 kB
Active:           348540 kB
Mem:          3.8G       3.7G       106M       5.7M        27M       3.3G

MemTotal:        4016004 kB
MemFree:          109488 kB
Active:           348512 kB
Mem:          3.8G       3.7G       106M       5.7M        27M       3.3G

MemTotal:        4016004 kB
MemFree:          109116 kB
Active:           348552 kB
Mem:          3.8G       3.7G       106M       5.7M        27M       3.3G

MemTotal:        4016004 kB
MemFree:          109612 kB
Active:           348500 kB
Mem:          3.8G       3.7G       106M       5.7M        27M       3.3G

MemTotal:        4016004 kB
MemFree:          109488 kB
Active:           348512 kB
Mem:          3.8G       3.7G       106M       5.7M        27M       3.3G

MemTotal:        4016004 kB
MemFree:          109612 kB
Active:           348552 kB
Mem:          3.8G       3.7G       106M       5.7M        27M       3.3G

MemTotal:        4016004 kB
MemFree:          109612 kB
Active:           348520 kB
Mem:          3.8G       3.7G       106M       5.7M        27M       3.3G

MemTotal:        4016004 kB
MemFree:          109612 kB
Active:           348520 kB
