MemTotal:        4016004 kB
MemFree:         3209692 kB
Active:           449668 kB
Mem:          3.8G       786M       3.1G       5.7M        54M       327M

MemTotal:        4016004 kB
MemFree:         3209584 kB
Active:           449756 kB
Mem:          3.8G       787M       3.1G       5.7M        54M       327M

MemTotal:        4016004 kB
MemFree:         3209708 kB
Active:           449836 kB
Mem:          3.8G       787M       3.1G       5.7M        54M       327M

MemTotal:        4016004 kB
MemFree:         3210080 kB
Active:           447860 kB
Mem:          3.8G       787M       3.1G       5.7M        54M       327M

MemTotal:        4016004 kB
MemFree:         3210264 kB
Active:           449808 kB
Mem:          3.8G       787M       3.1G       5.7M        54M       327M

MemTotal:        4016004 kB
MemFree:         3210000 kB
Active:           449824 kB
Mem:          3.8G       787M       3.1G       5.7M        54M       327M

MemTotal:        4016004 kB
MemFree:         3209860 kB
Active:           449832 kB
Mem:          3.8G       787M       3.1G       5.7M        54M       327M

MemTotal:        4016004 kB
MemFree:         3209968 kB
Active:           449828 kB
Mem:          3.8G       787M       3.1G       5.7M        54M       327M

MemTotal:        4016004 kB
MemFree:         3209844 kB
Active:           449856 kB
Mem:          3.8G       787M       3.1G       5.7M        54M       327M

MemTotal:        4016004 kB
MemFree:         3209580 kB
Active:           449844 kB
Mem:          3.8G       787M       3.1G       5.7M        54M       327M

MemTotal:        4016004 kB
MemFree:         3209564 kB
Active:           449812 kB
Mem:          3.8G       787M       3.1G       5.7M        54M       327M

MemTotal:        4016004 kB
MemFree:         3209796 kB
Active:           449828 kB
Mem:          3.8G       787M       3.1G       5.7M        54M       327M

MemTotal:        4016004 kB
MemFree:         3209656 kB
Active:           449840 kB
Mem:          3.8G       787M       3.1G       5.7M        54M       327M

MemTotal:        4016004 kB
MemFree:         3209656 kB
Active:           449992 kB
Mem:          3.8G       787M       3.1G       5.7M        54M       327M

MemTotal:        4016004 kB
MemFree:         3209856 kB
Active:           449840 kB
Mem:          3.8G       787M       3.1G       5.7M        54M       327M

MemTotal:        4016004 kB
MemFree:         3209840 kB
Active:           449844 kB
Mem:          3.8G       787M       3.1G       5.7M        54M       327M

MemTotal:        4016004 kB
MemFree:         3209716 kB
Active:           449852 kB
Mem:          3.8G       787M       3.1G       5.7M        54M       327M

MemTotal:        4016004 kB
MemFree:         3209840 kB
Active:           449816 kB
Mem:          3.8G       787M       3.1G       5.7M        54M       327M

MemTotal:        4016004 kB
MemFree:         3210196 kB
Active:           449864 kB
Mem:          3.8G       786M       3.1G       5.7M        54M       327M

MemTotal:        4016004 kB
MemFree:         3210180 kB
Active:           449828 kB
Mem:          3.8G       787M       3.1G       5.7M        54M       327M

MemTotal:        4016004 kB
MemFree:         3210180 kB
Active:           449828 kB
Mem:          3.8G       787M       3.1G       5.7M        54M       327M

MemTotal:        4016004 kB
MemFree:         3209684 kB
Active:           449852 kB
Mem:          3.8G       787M       3.1G       5.7M        54M       327M

MemTotal:        4016004 kB
MemFree:         3209668 kB
Active:           449828 kB
Mem:          3.8G       787M       3.1G       5.7M        54M       327M

MemTotal:        4016004 kB
MemFree:         3209668 kB
Active:           449856 kB
Mem:          3.8G       787M       3.1G       5.7M        54M       327M

MemTotal:        4016004 kB
MemFree:         3209156 kB
Active:           449872 kB
Mem:          3.8G       787M       3.1G       5.7M        54M       327M

MemTotal:        4016004 kB
MemFree:         3209388 kB
Active:           449828 kB
Mem:          3.8G       787M       3.1G       5.7M        54M       327M

MemTotal:        4016004 kB
MemFree:         3209140 kB
Active:           449876 kB
Mem:          3.8G       787M       3.1G       5.7M        54M       327M

MemTotal:        4016004 kB
MemFree:         3209016 kB
Active:           449864 kB
Mem:          3.8G       788M       3.1G       5.7M        54M       327M

MemTotal:        4016004 kB
MemFree:         3208876 kB
Active:           449864 kB
Mem:          3.8G       788M       3.1G       5.7M        54M       327M

MemTotal:        4016004 kB
MemFree:         3208736 kB
Active:           449828 kB
Mem:          3.8G       788M       3.1G       5.7M        54M       327M

MemTotal:        4016004 kB
MemFree:         3208612 kB
Active:           449864 kB
Mem:          3.8G       788M       3.1G       5.7M        54M       327M

MemTotal:        4016004 kB
MemFree:         3208844 kB
Active:           449856 kB
Mem:          3.8G       788M       3.1G       5.7M        54M       327M

MemTotal:        4016004 kB
MemFree:         3209092 kB
Active:           449868 kB
Mem:          3.8G       788M       3.1G       5.7M        54M       327M

MemTotal:        4016004 kB
MemFree:         3206920 kB
Active:           449892 kB
Mem:          3.8G       789M       3.1G       5.7M        54M       327M

MemTotal:        4016004 kB
MemFree:         3207524 kB
Active:           451924 kB
Mem:          3.8G       789M       3.1G       5.7M        54M       327M

MemTotal:        4016004 kB
MemFree:         3207384 kB
Active:           451908 kB
Mem:          3.8G       789M       3.1G       5.7M        54M       327M

MemTotal:        4016004 kB
MemFree:         3207508 kB
Active:           451900 kB
Mem:          3.8G       789M       3.1G       5.7M        54M       327M

MemTotal:        4016004 kB
MemFree:         3207060 kB
Active:           451928 kB
Mem:          3.8G       789M       3.1G       5.7M        54M       327M

MemTotal:        4016004 kB
MemFree:         3207308 kB
Active:           451880 kB
Mem:          3.8G       789M       3.1G       5.7M        54M       327M

MemTotal:        4016004 kB
MemFree:         3207432 kB
Active:           451888 kB
Mem:          3.8G       789M       3.1G       5.7M        54M       327M

MemTotal:        4016004 kB
MemFree:         3207480 kB
Active:           451932 kB
Mem:          3.8G       789M       3.1G       5.7M        54M       327M

MemTotal:        4016004 kB
MemFree:         3207480 kB
Active:           451912 kB
Mem:          3.8G       789M       3.1G       5.7M        54M       327M

MemTotal:        4016004 kB
MemFree:         3207852 kB
Active:           451916 kB
Mem:          3.8G       789M       3.1G       5.7M        54M       327M

MemTotal:        4016004 kB
MemFree:         3207976 kB
Active:           451916 kB
Mem:          3.8G       789M       3.1G       5.7M        54M       327M

MemTotal:        4016004 kB
MemFree:         3207624 kB
Active:           451936 kB
Mem:          3.8G       789M       3.1G       5.7M        54M       327M

MemTotal:        4016004 kB
MemFree:         3207500 kB
Active:           451900 kB
Mem:          3.8G       789M       3.1G       5.7M        54M       327M

MemTotal:        4016004 kB
MemFree:         3207624 kB
Active:           451892 kB
Mem:          3.8G       789M       3.1G       5.7M        54M       327M

MemTotal:        4016004 kB
MemFree:         3207500 kB
Active:           451916 kB
Mem:          3.8G       789M       3.1G       5.7M        54M       327M

MemTotal:        4016004 kB
MemFree:         3206880 kB
Active:           451948 kB
Mem:          3.8G       789M       3.1G       5.7M        54M       327M

MemTotal:        4016004 kB
MemFree:         3207220 kB
Active:           451904 kB
Mem:          3.8G       789M       3.1G       5.7M        54M       327M

MemTotal:        4016004 kB
MemFree:         3207080 kB
Active:           451956 kB
Mem:          3.8G       789M       3.1G       5.7M        54M       327M

MemTotal:        4016004 kB
MemFree:         3206956 kB
Active:           451956 kB
Mem:          3.8G       790M       3.1G       5.7M        54M       327M

MemTotal:        4016004 kB
MemFree:         3207080 kB
Active:           451940 kB
Mem:          3.8G       790M       3.1G       5.7M        54M       327M

MemTotal:        4016004 kB
MemFree:         3204968 kB
Active:           449944 kB
Mem:          3.8G       791M       3.1G       5.7M        54M       327M

MemTotal:        4016004 kB
MemFree:         3204844 kB
Active:           454008 kB
Mem:          3.8G       792M       3.1G       5.7M        54M       327M

MemTotal:        4016004 kB
MemFree:         3205324 kB
Active:           453996 kB
Mem:          3.8G       791M       3.1G       5.7M        54M       327M

MemTotal:        4016004 kB
MemFree:         3205324 kB
Active:           453956 kB
Mem:          3.8G       791M       3.1G       5.7M        54M       327M

MemTotal:        4016004 kB
MemFree:         3205820 kB
Active:           453960 kB
Mem:          3.8G       791M       3.1G       5.7M        54M       327M

MemTotal:        4016004 kB
MemFree:         3205912 kB
Active:           454016 kB
Mem:          3.8G       791M       3.1G       5.7M        54M       327M

MemTotal:        4016004 kB
MemFree:         3205772 kB
Active:           453968 kB
Mem:          3.8G       791M       3.1G       5.7M        54M       327M

MemTotal:        4016004 kB
MemFree:         3205756 kB
Active:           453980 kB
Mem:          3.8G       791M       3.1G       5.7M        54M       327M

MemTotal:        4016004 kB
MemFree:         3205632 kB
Active:           454004 kB
Mem:          3.8G       791M       3.1G       5.7M        54M       327M

MemTotal:        4016004 kB
MemFree:         3205260 kB
Active:           454028 kB
Mem:          3.8G       791M       3.1G       5.7M        54M       327M

MemTotal:        4016004 kB
MemFree:         3205136 kB
Active:           454020 kB
Mem:          3.8G       791M       3.1G       5.7M        54M       327M

MemTotal:        4016004 kB
MemFree:         3205012 kB
Active:           453996 kB
Mem:          3.8G       792M       3.1G       5.7M        54M       327M

MemTotal:        4016004 kB
MemFree:         3205136 kB
Active:           454008 kB
Mem:          3.8G       791M       3.1G       5.7M        54M       327M

MemTotal:        4016004 kB
MemFree:         3205120 kB
Active:           454004 kB
Mem:          3.8G       791M       3.1G       5.7M        54M       327M

MemTotal:        4016004 kB
MemFree:         3205228 kB
Active:           454020 kB
Mem:          3.8G       791M       3.1G       5.7M        54M       327M

MemTotal:        4016004 kB
MemFree:         3204936 kB
Active:           454028 kB
Mem:          3.8G       792M       3.1G       5.7M        54M       327M

MemTotal:        4016004 kB
MemFree:         3205308 kB
Active:           454016 kB
Mem:          3.8G       791M       3.1G       5.7M        54M       327M

MemTotal:        4016004 kB
MemFree:         3205432 kB
Active:           453996 kB
Mem:          3.8G       791M       3.1G       5.7M        54M       327M

MemTotal:        4016004 kB
MemFree:         3205184 kB
Active:           453980 kB
Mem:          3.8G       791M       3.1G       5.7M        54M       327M

MemTotal:        4016004 kB
MemFree:         3205308 kB
Active:           453988 kB
Mem:          3.8G       791M       3.1G       5.7M        54M       327M

MemTotal:        4016004 kB
MemFree:         3203380 kB
Active:           453996 kB
Mem:          3.8G       793M       3.1G       5.7M        54M       327M

MemTotal:        4016004 kB
MemFree:         3203316 kB
Active:           456040 kB
Mem:          3.8G       793M       3.1G       5.7M        54M       327M

MemTotal:        4016004 kB
MemFree:         3203316 kB
Active:           456032 kB
Mem:          3.8G       793M       3.1G       5.7M        54M       327M

MemTotal:        4016004 kB
MemFree:         3203564 kB
Active:           456048 kB
Mem:          3.8G       793M       3.1G       5.7M        54M       327M

MemTotal:        4016004 kB
MemFree:         3203812 kB
Active:           456056 kB
Mem:          3.8G       793M       3.1G       5.7M        54M       327M

MemTotal:        4016004 kB
MemFree:         3203812 kB
Active:           456064 kB
Mem:          3.8G       793M       3.1G       5.7M        54M       327M

MemTotal:        4016004 kB
MemFree:         3203688 kB
Active:           456056 kB
Mem:          3.8G       793M       3.1G       5.7M        54M       327M

MemTotal:        4016004 kB
MemFree:         3203300 kB
Active:           456064 kB
Mem:          3.8G       793M       3.1G       5.7M        54M       327M

MemTotal:        4016004 kB
MemFree:         3203532 kB
Active:           456044 kB
Mem:          3.8G       793M       3.1G       5.7M        54M       327M

MemTotal:        4016004 kB
MemFree:         3203268 kB
Active:           456064 kB
Mem:          3.8G       793M       3.1G       5.7M        54M       327M

MemTotal:        4016004 kB
MemFree:         3203520 kB
Active:           454116 kB
Mem:          3.8G       793M       3.1G       5.7M        54M       327M

MemTotal:        4016004 kB
MemFree:         3203496 kB
Active:           456068 kB
Mem:          3.8G       793M       3.1G       5.7M        54M       327M

MemTotal:        4016004 kB
MemFree:         3203684 kB
Active:           456072 kB
Mem:          3.8G       793M       3.1G       5.7M        54M       327M

MemTotal:        4016004 kB
MemFree:         3203684 kB
Active:           456032 kB
Mem:          3.8G       793M       3.1G       5.7M        54M       327M

MemTotal:        4016004 kB
MemFree:         3203312 kB
Active:           456076 kB
Mem:          3.8G       793M       3.1G       5.7M        54M       327M

MemTotal:        4016004 kB
MemFree:         3203684 kB
Active:           456072 kB
Mem:          3.8G       793M       3.1G       5.7M        54M       327M

MemTotal:        4016004 kB
MemFree:         3203808 kB
Active:           456044 kB
Mem:          3.8G       793M       3.1G       5.7M        54M       327M

MemTotal:        4016004 kB
MemFree:         3203560 kB
Active:           456044 kB
Mem:          3.8G       793M       3.1G       5.7M        54M       327M

MemTotal:        4016004 kB
MemFree:         3203064 kB
Active:           456068 kB
Mem:          3.8G       793M       3.1G       5.7M        54M       327M

MemTotal:        4016004 kB
MemFree:         3202568 kB
Active:           456088 kB
Mem:          3.8G       794M       3.1G       5.7M        54M       327M

MemTotal:        4016004 kB
MemFree:         3202528 kB
Active:           454180 kB
Mem:          3.8G       794M       3.1G       5.7M        54M       327M

MemTotal:        4016004 kB
MemFree:         3202628 kB
Active:           454032 kB
Mem:          3.8G       794M       3.1G       5.7M        54M       327M

MemTotal:        4016004 kB
MemFree:         3202628 kB
Active:           456076 kB
Mem:          3.8G       794M       3.1G       5.7M        54M       327M

MemTotal:        4016004 kB
MemFree:         3202364 kB
Active:           456100 kB
Mem:          3.8G       794M       3.1G       5.7M        54M       327M

MemTotal:        4016004 kB
MemFree:         3202488 kB
Active:           456116 kB
Mem:          3.8G       794M       3.1G       5.7M        54M       327M

MemTotal:        4016004 kB
MemFree:         3202596 kB
Active:           456092 kB
Mem:          3.8G       794M       3.1G       5.7M        54M       327M

MemTotal:        4016004 kB
MemFree:         3203216 kB
Active:           456064 kB
Mem:          3.8G       793M       3.1G       5.7M        54M       327M

MemTotal:        4016004 kB
MemFree:         3202796 kB
Active:           456220 kB
Mem:          3.8G       794M       3.1G       5.7M        54M       327M

MemTotal:        4016004 kB
MemFree:         3161980 kB
Active:           457076 kB
Mem:          3.8G       834M       3.0G       5.7M        55M       367M

MemTotal:        4016004 kB
MemFree:         3118824 kB
Active:           457104 kB
Mem:          3.8G       876M       3.0G       5.7M        55M       408M

MemTotal:        4016004 kB
MemFree:         3074708 kB
Active:           457128 kB
Mem:          3.8G       919M       2.9G       5.7M        55M       451M

MemTotal:        4016004 kB
MemFree:         3031088 kB
Active:           457156 kB
Mem:          3.8G       962M       2.9G       5.7M        55M       492M

MemTotal:        4016004 kB
MemFree:         2987716 kB
Active:           457176 kB
Mem:          3.8G       1.0G       2.8G       5.7M        55M       534M

MemTotal:        4016004 kB
MemFree:         2943956 kB
Active:           457196 kB
Mem:          3.8G       1.0G       2.8G       5.7M        55M       576M

MemTotal:        4016004 kB
MemFree:         2900196 kB
Active:           457220 kB
Mem:          3.8G       1.1G       2.8G       5.7M        55M       618M

MemTotal:        4016004 kB
MemFree:         2858544 kB
Active:           457252 kB
Mem:          3.8G       1.1G       2.7G       5.7M        55M       659M

MemTotal:        4016004 kB
MemFree:         2815396 kB
Active:           457264 kB
Mem:          3.8G       1.1G       2.7G       5.7M        55M       700M

MemTotal:        4016004 kB
MemFree:         2771204 kB
Active:           457300 kB
Mem:          3.8G       1.2G       2.6G       5.7M        55M       742M

MemTotal:        4016004 kB
MemFree:         2727352 kB
Active:           457324 kB
Mem:          3.8G       1.2G       2.6G       5.7M        55M       784M

MemTotal:        4016004 kB
MemFree:         2683996 kB
Active:           457348 kB
Mem:          3.8G       1.3G       2.6G       5.7M        55M       826M

MemTotal:        4016004 kB
MemFree:         2639192 kB
Active:           455532 kB
Mem:          3.8G       1.3G       2.5G       5.7M        55M       867M

MemTotal:        4016004 kB
MemFree:         2596328 kB
Active:           457492 kB
Mem:          3.8G       1.4G       2.5G       5.7M        55M       911M

MemTotal:        4016004 kB
MemFree:         2553284 kB
Active:           457532 kB
Mem:          3.8G       1.4G       2.4G       5.7M        55M       952M

MemTotal:        4016004 kB
MemFree:         2510768 kB
Active:           457556 kB
Mem:          3.8G       1.4G       2.4G       5.7M        55M       993M

MemTotal:        4016004 kB
MemFree:         2467852 kB
Active:           457580 kB
Mem:          3.8G       1.5G       2.4G       5.7M        55M       1.0G

MemTotal:        4016004 kB
MemFree:         2421724 kB
Active:           457612 kB
Mem:          3.8G       1.5G       2.3G       5.7M        55M       1.1G

MemTotal:        4016004 kB
MemFree:         2378088 kB
Active:           457632 kB
Mem:          3.8G       1.6G       2.3G       5.7M        55M       1.1G

MemTotal:        4016004 kB
MemFree:         2334096 kB
Active:           457656 kB
Mem:          3.8G       1.6G       2.2G       5.7M        55M       1.1G

MemTotal:        4016004 kB
MemFree:         2291988 kB
Active:           457676 kB
Mem:          3.8G       1.6G       2.2G       5.7M        55M       1.2G

MemTotal:        4016004 kB
MemFree:         2249064 kB
Active:           457712 kB
Mem:          3.8G       1.7G       2.1G       5.7M        55M       1.2G

MemTotal:        4016004 kB
MemFree:         2203900 kB
Active:           455744 kB
Mem:          3.8G       1.7G       2.1G       5.7M        55M       1.3G

MemTotal:        4016004 kB
MemFree:         2161384 kB
Active:           457792 kB
Mem:          3.8G       1.8G       2.1G       5.7M        55M       1.3G

MemTotal:        4016004 kB
MemFree:         2115556 kB
Active:           457828 kB
Mem:          3.8G       1.8G       2.0G       5.7M        55M       1.3G

MemTotal:        4016004 kB
MemFree:         2075256 kB
Active:           457848 kB
Mem:          3.8G       1.9G       2.0G       5.7M        55M       1.4G

MemTotal:        4016004 kB
MemFree:         2031764 kB
Active:           457836 kB
Mem:          3.8G       1.9G       1.9G       5.7M        55M       1.4G

MemTotal:        4016004 kB
MemFree:         1988780 kB
Active:           457896 kB
Mem:          3.8G       1.9G       1.9G       5.7M        55M       1.5G

MemTotal:        4016004 kB
MemFree:         1945160 kB
Active:           457916 kB
Mem:          3.8G       2.0G       1.9G       5.7M        55M       1.5G

MemTotal:        4016004 kB
MemFree:         1901552 kB
Active:           457908 kB
Mem:          3.8G       2.0G       1.8G       5.7M        55M       1.5G

MemTotal:        4016004 kB
MemFree:         1857560 kB
Active:           457996 kB
Mem:          3.8G       2.1G       1.8G       5.7M        55M       1.6G

MemTotal:        4016004 kB
MemFree:         1813976 kB
Active:           458020 kB
Mem:          3.8G       2.1G       1.7G       5.7M        55M       1.6G

MemTotal:        4016004 kB
MemFree:         1770468 kB
Active:           458040 kB
Mem:          3.8G       2.1G       1.7G       5.7M        55M       1.7G

MemTotal:        4016004 kB
MemFree:         1727192 kB
Active:           458068 kB
Mem:          3.8G       2.2G       1.6G       5.7M        55M       1.7G

MemTotal:        4016004 kB
MemFree:         1683324 kB
Active:           458056 kB
Mem:          3.8G       2.2G       1.6G       5.7M        55M       1.7G

MemTotal:        4016004 kB
MemFree:         1640792 kB
Active:           458116 kB
Mem:          3.8G       2.3G       1.6G       5.7M        55M       1.8G

MemTotal:        4016004 kB
MemFree:         1595516 kB
Active:           459204 kB
Mem:          3.8G       2.3G       1.5G       5.7M        56M       1.8G

MemTotal:        4016004 kB
MemFree:         1556140 kB
Active:           461800 kB
Mem:          3.8G       2.3G       1.5G       5.7M        58M       1.9G

MemTotal:        4016004 kB
MemFree:         1511536 kB
Active:           461880 kB
Mem:          3.8G       2.4G       1.4G       5.7M        58M       1.9G

MemTotal:        4016004 kB
MemFree:         1466096 kB
Active:           462332 kB
Mem:          3.8G       2.4G       1.4G       5.7M        59M       1.9G

MemTotal:        4016004 kB
MemFree:         1422040 kB
Active:           462564 kB
Mem:          3.8G       2.5G       1.4G       5.7M        59M       2.0G

MemTotal:        4016004 kB
MemFree:         1377404 kB
Active:           462680 kB
Mem:          3.8G       2.5G       1.3G       5.7M        59M       2.0G

MemTotal:        4016004 kB
MemFree:         1333696 kB
Active:           463072 kB
Mem:          3.8G       2.6G       1.3G       5.7M        59M       2.1G

MemTotal:        4016004 kB
MemFree:         1289556 kB
Active:           463424 kB
Mem:          3.8G       2.6G       1.2G       5.7M        60M       2.1G

MemTotal:        4016004 kB
MemFree:         1244724 kB
Active:           463576 kB
Mem:          3.8G       2.6G       1.2G       5.7M        60M       2.2G

MemTotal:        4016004 kB
MemFree:         1200488 kB
Active:           463884 kB
Mem:          3.8G       2.7G       1.1G       5.7M        60M       2.2G

MemTotal:        4016004 kB
MemFree:         1155340 kB
Active:           464148 kB
Mem:          3.8G       2.7G       1.1G       5.7M        60M       2.2G

MemTotal:        4016004 kB
MemFree:         1112400 kB
Active:           464408 kB
Mem:          3.8G       2.8G       1.1G       5.7M        61M       2.3G

MemTotal:        4016004 kB
MemFree:         1068408 kB
Active:           464620 kB
Mem:          3.8G       2.8G       1.0G       5.7M        61M       2.3G

MemTotal:        4016004 kB
MemFree:         1023788 kB
Active:           464868 kB
Mem:          3.8G       2.9G       999M       5.7M        61M       2.4G

MemTotal:        4016004 kB
MemFree:          981140 kB
Active:           465304 kB
Mem:          3.8G       2.9G       958M       5.7M        61M       2.4G

MemTotal:        4016004 kB
MemFree:          942624 kB
Active:           465260 kB
Mem:          3.8G       2.9G       920M       5.7M        62M       2.4G

MemTotal:        4016004 kB
MemFree:          897628 kB
Active:           465268 kB
Mem:          3.8G       3.0G       876M       5.7M        62M       2.5G

MemTotal:        4016004 kB
MemFree:          853884 kB
Active:           465268 kB
Mem:          3.8G       3.0G       833M       5.7M        62M       2.5G

MemTotal:        4016004 kB
MemFree:          809132 kB
Active:           465268 kB
Mem:          3.8G       3.1G       789M       5.7M        62M       2.6G

MemTotal:        4016004 kB
MemFree:          763728 kB
Active:           465248 kB
Mem:          3.8G       3.1G       745M       5.7M        62M       2.6G

MemTotal:        4016004 kB
MemFree:          719664 kB
Active:           465272 kB
Mem:          3.8G       3.1G       701M       5.7M        62M       2.6G

MemTotal:        4016004 kB
MemFree:          673444 kB
Active:           465288 kB
Mem:          3.8G       3.2G       657M       5.7M        62M       2.7G

MemTotal:        4016004 kB
MemFree:          629300 kB
Active:           465284 kB
Mem:          3.8G       3.2G       614M       5.7M        62M       2.7G

MemTotal:        4016004 kB
MemFree:          583980 kB
Active:           465236 kB
Mem:          3.8G       3.3G       569M       5.7M        62M       2.8G

MemTotal:        4016004 kB
MemFree:          540392 kB
Active:           465256 kB
Mem:          3.8G       3.3G       527M       5.7M        62M       2.8G

MemTotal:        4016004 kB
MemFree:          495132 kB
Active:           465280 kB
Mem:          3.8G       3.4G       482M       5.7M        62M       2.9G

MemTotal:        4016004 kB
MemFree:          451340 kB
Active:           465300 kB
Mem:          3.8G       3.4G       441M       5.7M        62M       2.9G

MemTotal:        4016004 kB
MemFree:          407380 kB
Active:           465304 kB
Mem:          3.8G       3.4G       397M       5.7M        62M       2.9G

MemTotal:        4016004 kB
MemFree:          363500 kB
Active:           465280 kB
Mem:          3.8G       3.5G       354M       5.7M        62M       3.0G

MemTotal:        4016004 kB
MemFree:          318252 kB
Active:           465264 kB
Mem:          3.8G       3.5G       310M       5.7M        62M       3.0G

MemTotal:        4016004 kB
MemFree:          272568 kB
Active:           465308 kB
Mem:          3.8G       3.6G       265M       5.7M        62M       3.1G

MemTotal:        4016004 kB
MemFree:          228288 kB
Active:           465308 kB
Mem:          3.8G       3.6G       223M       5.7M        62M       3.1G

MemTotal:        4016004 kB
MemFree:          184928 kB
Active:           465316 kB
Mem:          3.8G       3.7G       180M       5.7M        62M       3.1G

MemTotal:        4016004 kB
MemFree:          139780 kB
Active:           465300 kB
Mem:          3.8G       3.7G       136M       5.7M        62M       3.2G

MemTotal:        4016004 kB
MemFree:          131724 kB
Active:           462744 kB
Mem:          3.8G       3.7G       127M       5.7M        29M       3.2G

MemTotal:        4016004 kB
MemFree:          122896 kB
Active:           473248 kB
Mem:          3.8G       3.7G       119M       5.7M        29M       3.2G

MemTotal:        4016004 kB
MemFree:          144588 kB
Active:           521016 kB
Mem:          3.8G       3.7G       139M       5.7M        29M       3.2G

MemTotal:        4016004 kB
MemFree:          122252 kB
Active:           521028 kB
Mem:          3.8G       3.7G       124M       5.7M        29M       3.2G

MemTotal:        4016004 kB
MemFree:          116992 kB
Active:           514788 kB
Mem:          3.8G       3.7G       114M       5.7M        29M       3.2G

MemTotal:        4016004 kB
MemFree:          107568 kB
Active:           511212 kB
Mem:          3.8G       3.7G       104M       5.7M        29M       3.3G

MemTotal:        4016004 kB
MemFree:          113796 kB
Active:           505460 kB
Mem:          3.8G       3.7G       110M       5.7M        29M       3.2G

MemTotal:        4016004 kB
MemFree:          106940 kB
Active:           499964 kB
Mem:          3.8G       3.7G       103M       5.7M        29M       3.3G

MemTotal:        4016004 kB
MemFree:          122484 kB
Active:           492432 kB
Mem:          3.8G       3.7G       119M       5.7M        29M       3.2G

MemTotal:        4016004 kB
MemFree:          113952 kB
Active:           488992 kB
Mem:          3.8G       3.7G       111M       5.7M        29M       3.2G

MemTotal:        4016004 kB
MemFree:          132680 kB
Active:           482848 kB
Mem:          3.8G       3.7G       129M       5.7M        29M       3.2G

MemTotal:        4016004 kB
MemFree:          122356 kB
Active:           479396 kB
Mem:          3.8G       3.7G       119M       5.7M        29M       3.2G

MemTotal:        4016004 kB
MemFree:          132328 kB
Active:           473328 kB
Mem:          3.8G       3.7G       129M       5.7M        29M       3.2G

MemTotal:        4016004 kB
MemFree:          123776 kB
Active:           467780 kB
Mem:          3.8G       3.7G       120M       5.7M        29M       3.2G

MemTotal:        4016004 kB
MemFree:          108860 kB
Active:           464496 kB
Mem:          3.8G       3.7G       105M       5.7M        29M       3.2G

MemTotal:        4016004 kB
MemFree:          135524 kB
Active:           462344 kB
Mem:          3.8G       3.7G       132M       5.7M        29M       3.2G

MemTotal:        4016004 kB
MemFree:          135952 kB
Active:           460316 kB
Mem:          3.8G       3.7G       132M       5.7M        29M       3.2G

MemTotal:        4016004 kB
MemFree:          128744 kB
Active:           459164 kB
Mem:          3.8G       3.7G       124M       5.7M        29M       3.2G

MemTotal:        4016004 kB
MemFree:          120628 kB
Active:           458012 kB
Mem:          3.8G       3.7G       117M       5.7M        29M       3.2G

MemTotal:        4016004 kB
MemFree:          113408 kB
Active:           456732 kB
Mem:          3.8G       3.7G       109M       5.7M        29M       3.2G

MemTotal:        4016004 kB
MemFree:          129664 kB
Active:           454812 kB
Mem:          3.8G       3.7G       126M       5.7M        29M       3.2G

MemTotal:        4016004 kB
MemFree:          120920 kB
Active:           453672 kB
Mem:          3.8G       3.7G       117M       5.7M        29M       3.2G

MemTotal:        4016004 kB
MemFree:          113232 kB
Active:           450564 kB
Mem:          3.8G       3.7G       109M       5.7M        29M       3.2G

MemTotal:        4016004 kB
MemFree:          116252 kB
Active:           448904 kB
Mem:          3.8G       3.7G       113M       5.7M        29M       3.2G

MemTotal:        4016004 kB
MemFree:          107420 kB
Active:           447580 kB
Mem:          3.8G       3.7G       104M       5.7M        29M       3.2G

MemTotal:        4016004 kB
MemFree:          135264 kB
Active:           445436 kB
Mem:          3.8G       3.7G       131M       5.7M        29M       3.2G

MemTotal:        4016004 kB
MemFree:          115436 kB
Active:           444564 kB
Mem:          3.8G       3.7G       112M       5.7M        29M       3.2G

MemTotal:        4016004 kB
MemFree:          106428 kB
Active:           443416 kB
Mem:          3.8G       3.7G       103M       5.7M        29M       3.3G

MemTotal:        4016004 kB
MemFree:          135460 kB
Active:           441240 kB
Mem:          3.8G       3.7G       131M       5.7M        29M       3.2G

MemTotal:        4016004 kB
MemFree:          126084 kB
Active:           440088 kB
Mem:          3.8G       3.7G       122M       5.7M        29M       3.2G

MemTotal:        4016004 kB
MemFree:          112536 kB
Active:           438940 kB
Mem:          3.8G       3.7G       109M       5.7M        29M       3.2G

MemTotal:        4016004 kB
MemFree:          126784 kB
Active:           437284 kB
Mem:          3.8G       3.7G       123M       5.7M        29M       3.2G

MemTotal:        4016004 kB
MemFree:          124304 kB
Active:           435876 kB
Mem:          3.8G       3.7G       121M       5.7M        29M       3.2G

MemTotal:        4016004 kB
MemFree:          127012 kB
Active:           433708 kB
Mem:          3.8G       3.7G       123M       5.7M        29M       3.2G

MemTotal:        4016004 kB
MemFree:          117824 kB
Active:           432560 kB
Mem:          3.8G       3.7G       114M       5.7M        29M       3.2G

MemTotal:        4016004 kB
MemFree:          110100 kB
Active:           431388 kB
Mem:          3.8G       3.7G       107M       5.7M        29M       3.2G

MemTotal:        4016004 kB
MemFree:          113604 kB
Active:           429708 kB
Mem:          3.8G       3.7G       110M       5.7M        29M       3.2G

MemTotal:        4016004 kB
MemFree:          134520 kB
Active:           426500 kB
Mem:          3.8G       3.7G       131M       5.7M        29M       3.2G

MemTotal:        4016004 kB
MemFree:          127588 kB
Active:           425552 kB
Mem:          3.8G       3.7G       124M       5.7M        29M       3.2G

MemTotal:        4016004 kB
MemFree:          129616 kB
Active:           423596 kB
Mem:          3.8G       3.7G       126M       5.7M        29M       3.2G

MemTotal:        4016004 kB
MemFree:          119956 kB
Active:           422480 kB
Mem:          3.8G       3.7G       117M       5.7M        29M       3.2G

MemTotal:        4016004 kB
MemFree:          123660 kB
Active:           420824 kB
Mem:          3.8G       3.7G       120M       5.7M        29M       3.2G

MemTotal:        4016004 kB
MemFree:          129060 kB
Active:           418900 kB
Mem:          3.8G       3.7G       126M       5.7M        29M       3.2G

MemTotal:        4016004 kB
MemFree:          133884 kB
Active:           414916 kB
Mem:          3.8G       3.7G       130M       5.7M        29M       3.2G

MemTotal:        4016004 kB
MemFree:          124568 kB
Active:           413852 kB
Mem:          3.8G       3.7G       121M       5.7M        29M       3.2G

MemTotal:        4016004 kB
MemFree:          114844 kB
Active:           412684 kB
Mem:          3.8G       3.7G       112M       5.7M        29M       3.2G

MemTotal:        4016004 kB
MemFree:          106364 kB
Active:           411600 kB
Mem:          3.8G       3.7G       103M       5.7M        29M       3.2G

MemTotal:        4016004 kB
MemFree:          110896 kB
Active:           409816 kB
Mem:          3.8G       3.7G       108M       5.7M        29M       3.2G

MemTotal:        4016004 kB
MemFree:          120180 kB
Active:           407992 kB
Mem:          3.8G       3.7G       116M       5.7M        29M       3.2G

MemTotal:        4016004 kB
MemFree:          111728 kB
Active:           406748 kB
Mem:          3.8G       3.7G       109M       5.7M        29M       3.2G

MemTotal:        4016004 kB
MemFree:          127764 kB
Active:           404704 kB
Mem:          3.8G       3.7G       124M       5.7M        29M       3.2G

MemTotal:        4016004 kB
MemFree:          119548 kB
Active:           403164 kB
Mem:          3.8G       3.7G       116M       5.7M        29M       3.2G

MemTotal:        4016004 kB
MemFree:          112276 kB
Active:           404000 kB
Mem:          3.8G       3.7G       109M       5.7M        29M       3.2G

MemTotal:        4016004 kB
MemFree:          114616 kB
Active:           400072 kB
Mem:          3.8G       3.7G       111M       5.7M        29M       3.2G

MemTotal:        4016004 kB
MemFree:          122372 kB
Active:           398100 kB
Mem:          3.8G       3.7G       119M       5.7M        29M       3.2G

MemTotal:        4016004 kB
MemFree:          129644 kB
Active:           395948 kB
Mem:          3.8G       3.7G       126M       5.7M        29M       3.2G

MemTotal:        4016004 kB
MemFree:          121772 kB
Active:           394920 kB
Mem:          3.8G       3.7G       118M       5.7M        29M       3.2G

MemTotal:        4016004 kB
MemFree:          113236 kB
Active:           393820 kB
Mem:          3.8G       3.7G       109M       5.7M        29M       3.2G

MemTotal:        4016004 kB
MemFree:          123388 kB
Active:           393056 kB
Mem:          3.8G       3.7G       120M       5.7M        29M       3.2G

MemTotal:        4016004 kB
MemFree:          115572 kB
Active:           393024 kB
Mem:          3.8G       3.7G       112M       5.7M        29M       3.2G

MemTotal:        4016004 kB
MemFree:          108940 kB
Active:           393000 kB
Mem:          3.8G       3.7G       106M       5.7M        29M       3.2G

MemTotal:        4016004 kB
MemFree:          107316 kB
Active:           392816 kB
Mem:          3.8G       3.7G       104M       5.7M        29M       3.2G

MemTotal:        4016004 kB
MemFree:          107472 kB
Active:           392824 kB
Mem:          3.8G       3.7G       104M       5.7M        29M       3.2G

MemTotal:        4016004 kB
MemFree:          140192 kB
Active:           393408 kB
Mem:          3.8G       3.7G       136M       5.7M        29M       3.2G

MemTotal:        4016004 kB
MemFree:          125992 kB
Active:           392952 kB
Mem:          3.8G       3.7G       122M       5.7M        29M       3.2G

MemTotal:        4016004 kB
MemFree:          128232 kB
Active:           393008 kB
Mem:          3.8G       3.7G       125M       5.7M        29M       3.2G

MemTotal:        4016004 kB
MemFree:          109736 kB
Active:           393016 kB
Mem:          3.8G       3.7G       106M       5.7M        29M       3.2G

MemTotal:        4016004 kB
MemFree:          126496 kB
Active:           392980 kB
Mem:          3.8G       3.7G       123M       5.7M        29M       3.2G

MemTotal:        4016004 kB
MemFree:          109420 kB
Active:           392912 kB
Mem:          3.8G       3.7G       106M       5.7M        29M       3.2G

MemTotal:        4016004 kB
MemFree:          113720 kB
Active:           392864 kB
Mem:          3.8G       3.7G       110M       5.7M        29M       3.2G

MemTotal:        4016004 kB
MemFree:          119024 kB
Active:           392856 kB
Mem:          3.8G       3.7G       115M       5.7M        29M       3.2G

MemTotal:        4016004 kB
MemFree:          124040 kB
Active:           391916 kB
Mem:          3.8G       3.7G       120M       5.7M        29M       3.2G

MemTotal:        4016004 kB
MemFree:          115340 kB
Active:           393808 kB
Mem:          3.8G       3.7G       112M       5.7M        29M       3.2G

MemTotal:        4016004 kB
MemFree:          106428 kB
Active:           393816 kB
Mem:          3.8G       3.7G       103M       5.7M        29M       3.2G

MemTotal:        4016004 kB
MemFree:          112580 kB
Active:           393812 kB
Mem:          3.8G       3.7G       109M       5.7M        29M       3.2G

MemTotal:        4016004 kB
MemFree:          113668 kB
Active:           393656 kB
Mem:          3.8G       3.7G       121M       5.7M        29M       3.2G

MemTotal:        4016004 kB
MemFree:          127440 kB
Active:           393540 kB
Mem:          3.8G       3.7G       124M       5.7M        29M       3.2G

MemTotal:        4016004 kB
MemFree:          116976 kB
Active:           393552 kB
Mem:          3.8G       3.7G       114M       5.7M        29M       3.2G

MemTotal:        4016004 kB
MemFree:          109128 kB
Active:           393592 kB
Mem:          3.8G       3.7G       106M       5.7M        29M       3.2G

MemTotal:        4016004 kB
MemFree:          114912 kB
Active:           393584 kB
Mem:          3.8G       3.7G       111M       5.7M        29M       3.2G

MemTotal:        4016004 kB
MemFree:          106824 kB
Active:           393592 kB
Mem:          3.8G       3.7G       104M       5.7M        29M       3.2G

MemTotal:        4016004 kB
MemFree:          133556 kB
Active:           393452 kB
Mem:          3.8G       3.7G       130M       5.7M        29M       3.2G

MemTotal:        4016004 kB
MemFree:          106244 kB
Active:           393452 kB
Mem:          3.8G       3.7G       103M       5.7M        29M       3.2G

MemTotal:        4016004 kB
MemFree:          133960 kB
Active:           393452 kB
Mem:          3.8G       3.7G       130M       5.7M        29M       3.2G

MemTotal:        4016004 kB
MemFree:          124620 kB
Active:           393436 kB
Mem:          3.8G       3.7G       121M       5.7M        29M       3.2G

MemTotal:        4016004 kB
MemFree:          129968 kB
Active:           393456 kB
Mem:          3.8G       3.7G       126M       5.7M        29M       3.2G

MemTotal:        4016004 kB
MemFree:          122112 kB
Active:           393304 kB
Mem:          3.8G       3.7G       118M       5.7M        29M       3.2G

MemTotal:        4016004 kB
MemFree:          108132 kB
Active:           392688 kB
Mem:          3.8G       3.7G       105M       5.7M        29M       3.2G

MemTotal:        4016004 kB
MemFree:          125128 kB
Active:           392660 kB
Mem:          3.8G       3.7G       121M       5.7M        29M       3.2G

MemTotal:        4016004 kB
MemFree:          129608 kB
Active:           392704 kB
Mem:          3.8G       3.7G       126M       5.7M        29M       3.2G

MemTotal:        4016004 kB
MemFree:          132100 kB
Active:           392716 kB
Mem:          3.8G       3.7G       128M       5.7M        29M       3.2G

MemTotal:        4016004 kB
MemFree:          135208 kB
Active:           392724 kB
Mem:          3.8G       3.7G       131M       5.7M        29M       3.2G

MemTotal:        4016004 kB
MemFree:          107880 kB
Active:           392688 kB
Mem:          3.8G       3.7G       105M       5.7M        29M       3.2G

MemTotal:        4016004 kB
MemFree:          116488 kB
Active:           392732 kB
Mem:          3.8G       3.7G       113M       5.7M        29M       3.2G

MemTotal:        4016004 kB
MemFree:          108224 kB
Active:           386856 kB
Mem:          3.8G       3.7G       105M       5.7M        29M       3.2G

MemTotal:        4016004 kB
MemFree:          125504 kB
Active:           386856 kB
Mem:          3.8G       3.7G       122M       5.7M        29M       3.2G

MemTotal:        4016004 kB
MemFree:          117472 kB
Active:           386856 kB
Mem:          3.8G       3.7G       114M       5.7M        29M       3.2G

MemTotal:        4016004 kB
MemFree:          109036 kB
Active:           386872 kB
Mem:          3.8G       3.7G       105M       5.7M        29M       3.2G

MemTotal:        4016004 kB
MemFree:          130252 kB
Active:           386872 kB
Mem:          3.8G       3.7G       132M       5.7M        29M       3.2G

MemTotal:        4016004 kB
MemFree:          105404 kB
Active:           386872 kB
Mem:          3.8G       3.7G       102M       5.7M        29M       3.2G

MemTotal:        4016004 kB
MemFree:          130152 kB
Active:           386884 kB
Mem:          3.8G       3.7G       127M       5.7M        29M       3.2G

MemTotal:        4016004 kB
MemFree:          129376 kB
Active:           387284 kB
Mem:          3.8G       3.7G       126M       5.7M        29M       3.2G

MemTotal:        4016004 kB
MemFree:          128184 kB
Active:           389332 kB
Mem:          3.8G       3.7G       125M       5.7M        29M       3.2G

MemTotal:        4016004 kB
MemFree:          125752 kB
Active:           388188 kB
Mem:          3.8G       3.7G       122M       5.7M        29M       3.2G

MemTotal:        4016004 kB
MemFree:          107116 kB
Active:           387880 kB
Mem:          3.8G       3.7G       104M       5.7M        29M       3.2G

MemTotal:        4016004 kB
MemFree:          134024 kB
Active:           387220 kB
Mem:          3.8G       3.7G       130M       5.7M        29M       3.2G

MemTotal:        4016004 kB
MemFree:          125728 kB
Active:           387228 kB
Mem:          3.8G       3.7G       123M       5.7M        29M       3.2G

MemTotal:        4016004 kB
MemFree:          130184 kB
Active:           387224 kB
Mem:          3.8G       3.7G       127M       5.7M        29M       3.2G

MemTotal:        4016004 kB
MemFree:          134248 kB
Active:           387204 kB
Mem:          3.8G       3.7G       131M       5.7M        29M       3.2G

MemTotal:        4016004 kB
MemFree:          142840 kB
Active:           387232 kB
Mem:          3.8G       3.7G       139M       5.7M        29M       3.2G

MemTotal:        4016004 kB
MemFree:          131984 kB
Active:           387200 kB
Mem:          3.8G       3.7G       129M       5.7M        29M       3.2G

MemTotal:        4016004 kB
MemFree:          124592 kB
Active:           388240 kB
Mem:          3.8G       3.7G       120M       5.7M        29M       3.2G

MemTotal:        4016004 kB
MemFree:          127712 kB
Active:           388192 kB
Mem:          3.8G       3.7G       124M       5.7M        29M       3.2G

MemTotal:        4016004 kB
MemFree:          141648 kB
Active:           386064 kB
Mem:          3.8G       3.7G       138M       5.7M        29M       3.2G

MemTotal:        4016004 kB
MemFree:          133208 kB
Active:           385936 kB
Mem:          3.8G       3.7G       129M       5.7M        29M       3.2G

MemTotal:        4016004 kB
MemFree:          148840 kB
Active:           385892 kB
Mem:          3.8G       3.7G       145M       5.7M        29M       3.2G

MemTotal:        4016004 kB
MemFree:          105816 kB
Active:           385952 kB
Mem:          3.8G       3.7G       102M       5.7M        29M       3.2G

MemTotal:        4016004 kB
MemFree:          120076 kB
Active:           385824 kB
Mem:          3.8G       3.7G       117M       5.7M        29M       3.2G

MemTotal:        4016004 kB
MemFree:          111436 kB
Active:           385780 kB
Mem:          3.8G       3.7G       108M       5.7M        29M       3.2G

MemTotal:        4016004 kB
MemFree:          121296 kB
Active:           385832 kB
Mem:          3.8G       3.7G       118M       5.7M        29M       3.2G

MemTotal:        4016004 kB
MemFree:          115220 kB
Active:           385792 kB
Mem:          3.8G       3.7G       112M       5.7M        29M       3.2G

MemTotal:        4016004 kB
MemFree:          133624 kB
Active:           385836 kB
Mem:          3.8G       3.7G       129M       5.7M        29M       3.2G

MemTotal:        4016004 kB
MemFree:          112740 kB
Active:           385804 kB
Mem:          3.8G       3.7G       110M       5.7M        29M       3.2G

MemTotal:        4016004 kB
MemFree:          105120 kB
Active:           385180 kB
Mem:          3.8G       3.7G       102M       5.7M        29M       3.2G

MemTotal:        4016004 kB
MemFree:          132632 kB
Active:           385180 kB
Mem:          3.8G       3.7G       129M       5.7M        29M       3.2G

MemTotal:        4016004 kB
MemFree:          110680 kB
Active:           385180 kB
Mem:          3.8G       3.7G       108M       5.7M        29M       3.2G

MemTotal:        4016004 kB
MemFree:          108640 kB
Active:           385152 kB
Mem:          3.8G       3.7G       105M       5.7M        29M       3.2G

MemTotal:        4016004 kB
MemFree:          132664 kB
Active:           385212 kB
Mem:          3.8G       3.7G       129M       5.7M        29M       3.2G

MemTotal:        4016004 kB
MemFree:          124084 kB
Active:           385212 kB
Mem:          3.8G       3.7G       121M       5.7M        29M       3.2G

MemTotal:        4016004 kB
MemFree:          133100 kB
Active:           385184 kB
Mem:          3.8G       3.7G       130M       5.7M        29M       3.2G

MemTotal:        4016004 kB
MemFree:          123780 kB
Active:           386364 kB
Mem:          3.8G       3.7G       120M       5.7M        29M       3.2G

MemTotal:        4016004 kB
MemFree:          109872 kB
Active:           386200 kB
Mem:          3.8G       3.7G       107M       5.7M        29M       3.2G

MemTotal:        4016004 kB
MemFree:          126248 kB
Active:           386220 kB
Mem:          3.8G       3.7G       122M       5.7M        29M       3.2G

MemTotal:        4016004 kB
MemFree:          123276 kB
Active:           374912 kB
Mem:          3.8G       3.7G       119M       5.7M        29M       3.2G

MemTotal:        4016004 kB
MemFree:          127132 kB
Active:           374708 kB
Mem:          3.8G       3.7G       124M       5.7M        29M       3.2G

MemTotal:        4016004 kB
MemFree:          119592 kB
Active:           374716 kB
Mem:          3.8G       3.7G       116M       5.7M        29M       3.2G

MemTotal:        4016004 kB
MemFree:          121508 kB
Active:           374724 kB
Mem:          3.8G       3.7G       118M       5.7M        29M       3.2G

MemTotal:        4016004 kB
MemFree:          152156 kB
Active:           374724 kB
Mem:          3.8G       3.7G       148M       5.7M        29M       3.2G

MemTotal:        4016004 kB
MemFree:          123976 kB
Active:           374724 kB
Mem:          3.8G       3.7G       120M       5.7M        29M       3.2G

MemTotal:        4016004 kB
MemFree:          114912 kB
Active:           374680 kB
Mem:          3.8G       3.7G       112M       5.7M        29M       3.2G

MemTotal:        4016004 kB
MemFree:          124296 kB
Active:           374704 kB
Mem:          3.8G       3.7G       121M       5.7M        29M       3.2G

MemTotal:        4016004 kB
MemFree:          116044 kB
Active:           374736 kB
Mem:          3.8G       3.7G       112M       5.7M        29M       3.2G

MemTotal:        4016004 kB
MemFree:          106852 kB
Active:           374740 kB
Mem:          3.8G       3.7G       104M       5.7M        29M       3.2G

MemTotal:        4016004 kB
MemFree:          115616 kB
Active:           374696 kB
Mem:          3.8G       3.7G       112M       5.7M        29M       3.2G

MemTotal:        4016004 kB
MemFree:          111232 kB
Active:           371880 kB
Mem:          3.8G       3.7G       108M       5.7M        29M       3.2G

MemTotal:        4016004 kB
MemFree:          113840 kB
Active:           371808 kB
Mem:          3.8G       3.7G       110M       5.7M        29M       3.2G

MemTotal:        4016004 kB
MemFree:          138356 kB
Active:           371824 kB
Mem:          3.8G       3.7G       135M       5.7M        29M       3.2G

MemTotal:        4016004 kB
MemFree:          131260 kB
Active:           371828 kB
Mem:          3.8G       3.7G       128M       5.7M        29M       3.2G

MemTotal:        4016004 kB
MemFree:          110924 kB
Active:           371840 kB
Mem:          3.8G       3.7G       108M       5.7M        29M       3.2G

MemTotal:        4016004 kB
MemFree:          128940 kB
Active:           371840 kB
Mem:          3.8G       3.7G       125M       5.7M        29M       3.2G

MemTotal:        4016004 kB
MemFree:          133608 kB
Active:           371812 kB
Mem:          3.8G       3.7G       129M       5.7M        29M       3.2G

MemTotal:        4016004 kB
MemFree:          124132 kB
Active:           371856 kB
Mem:          3.8G       3.7G       121M       5.7M        29M       3.2G

MemTotal:        4016004 kB
MemFree:          133868 kB
Active:           371812 kB
Mem:          3.8G       3.7G       130M       5.7M        29M       3.2G

MemTotal:        4016004 kB
MemFree:          125764 kB
Active:           371856 kB
Mem:          3.8G       3.7G       122M       5.7M        29M       3.2G

MemTotal:        4016004 kB
MemFree:          118104 kB
Active:           371828 kB
Mem:          3.8G       3.7G       115M       5.7M        29M       3.2G

MemTotal:        4016004 kB
MemFree:          122476 kB
Active:           371820 kB
Mem:          3.8G       3.7G       119M       5.7M        29M       3.2G

MemTotal:        4016004 kB
MemFree:          131664 kB
Active:           371808 kB
Mem:          3.8G       3.7G       128M       5.7M        29M       3.2G

MemTotal:        4016004 kB
MemFree:          125624 kB
Active:           369660 kB
Mem:          3.8G       3.7G       122M       5.7M        29M       3.2G

MemTotal:        4016004 kB
MemFree:          118416 kB
Active:           369556 kB
Mem:          3.8G       3.7G       114M       5.7M        29M       3.2G

MemTotal:        4016004 kB
MemFree:          114476 kB
Active:           369560 kB
Mem:          3.8G       3.7G       112M       5.7M        29M       3.2G

MemTotal:        4016004 kB
MemFree:          135600 kB
Active:           369572 kB
Mem:          3.8G       3.7G       132M       5.7M        29M       3.2G

MemTotal:        4016004 kB
MemFree:          122300 kB
Active:           369572 kB
Mem:          3.8G       3.7G       119M       5.7M        29M       3.2G

MemTotal:        4016004 kB
MemFree:          113968 kB
Active:           369592 kB
Mem:          3.8G       3.7G       111M       5.7M        29M       3.2G

MemTotal:        4016004 kB
MemFree:          104736 kB
Active:           369596 kB
Mem:          3.8G       3.7G       109M       5.7M        29M       3.2G

MemTotal:        4016004 kB
MemFree:          110796 kB
Active:           369420 kB
Mem:          3.8G       3.7G       108M       5.7M        29M       3.2G

MemTotal:        4016004 kB
MemFree:          127216 kB
Active:           369468 kB
Mem:          3.8G       3.7G       123M       5.7M        29M       3.2G

MemTotal:        4016004 kB
MemFree:          121380 kB
Active:           369452 kB
Mem:          3.8G       3.7G       118M       5.7M        29M       3.2G

MemTotal:        4016004 kB
MemFree:          105392 kB
Active:           369428 kB
Mem:          3.8G       3.7G       103M       5.7M        29M       3.2G

MemTotal:        4016004 kB
MemFree:          133548 kB
Active:           369480 kB
Mem:          3.8G       3.7G       130M       5.7M        29M       3.2G

MemTotal:        4016004 kB
MemFree:          112948 kB
Active:           369464 kB
Mem:          3.8G       3.7G       110M       5.7M        29M       3.2G

MemTotal:        4016004 kB
MemFree:          105032 kB
Active:           369468 kB
Mem:          3.8G       3.7G       102M       5.7M        29M       3.2G

MemTotal:        4016004 kB
MemFree:          131048 kB
Active:           366356 kB
Mem:          3.8G       3.7G       127M       5.7M        29M       3.2G

MemTotal:        4016004 kB
MemFree:          122756 kB
Active:           366356 kB
Mem:          3.8G       3.7G       119M       5.7M        29M       3.2G

MemTotal:        4016004 kB
MemFree:          105360 kB
Active:           366324 kB
Mem:          3.8G       3.7G       102M       5.7M        29M       3.2G

MemTotal:        4016004 kB
MemFree:          132504 kB
Active:           366372 kB
Mem:          3.8G       3.7G       129M       5.7M        29M       3.2G

MemTotal:        4016004 kB
MemFree:          124856 kB
Active:           366332 kB
Mem:          3.8G       3.7G       121M       5.7M        29M       3.2G

MemTotal:        4016004 kB
MemFree:          130100 kB
Active:           366400 kB
Mem:          3.8G       3.7G       126M       5.7M        29M       3.2G

MemTotal:        4016004 kB
MemFree:          134724 kB
Active:           366380 kB
Mem:          3.8G       3.7G       131M       5.7M        29M       3.2G

MemTotal:        4016004 kB
MemFree:          126244 kB
Active:           366368 kB
Mem:          3.8G       3.7G       123M       5.7M        29M       3.2G

MemTotal:        4016004 kB
MemFree:          118484 kB
Active:           366384 kB
Mem:          3.8G       3.7G       115M       5.7M        29M       3.2G

MemTotal:        4016004 kB
MemFree:          110400 kB
Active:           366348 kB
Mem:          3.8G       3.7G       107M       5.7M        29M       3.2G

MemTotal:        4016004 kB
MemFree:          115852 kB
Active:           366412 kB
Mem:          3.8G       3.7G       112M       5.7M        29M       3.2G

MemTotal:        4016004 kB
MemFree:          107648 kB
Active:           366376 kB
Mem:          3.8G       3.7G       104M       5.7M        29M       3.2G

MemTotal:        4016004 kB
MemFree:          135952 kB
Active:           366412 kB
Mem:          3.8G       3.7G       132M       5.7M        29M       3.2G

MemTotal:        4016004 kB
MemFree:          125412 kB
Active:           366412 kB
Mem:          3.8G       3.7G       122M       5.7M        29M       3.2G

MemTotal:        4016004 kB
MemFree:          117344 kB
Active:           366420 kB
Mem:          3.8G       3.7G       114M       5.7M        29M       3.2G

MemTotal:        4016004 kB
MemFree:          109556 kB
Active:           366372 kB
Mem:          3.8G       3.7G       107M       5.7M        29M       3.2G

MemTotal:        4016004 kB
MemFree:          121392 kB
Active:           364692 kB
Mem:          3.8G       3.7G       118M       5.7M        29M       3.2G

MemTotal:        4016004 kB
MemFree:          112900 kB
Active:           364688 kB
Mem:          3.8G       3.7G       110M       5.7M        29M       3.2G

MemTotal:        4016004 kB
MemFree:          105096 kB
Active:           364696 kB
Mem:          3.8G       3.7G       102M       5.7M        29M       3.2G

MemTotal:        4016004 kB
MemFree:          107204 kB
Active:           364660 kB
Mem:          3.8G       3.7G       104M       5.7M        29M       3.2G

MemTotal:        4016004 kB
MemFree:          116884 kB
Active:           364680 kB
Mem:          3.8G       3.7G       114M       5.7M        29M       3.2G

MemTotal:        4016004 kB
MemFree:          120112 kB
Active:           364696 kB
Mem:          3.8G       3.7G       117M       5.7M        29M       3.2G

MemTotal:        4016004 kB
MemFree:          111660 kB
Active:           364716 kB
Mem:          3.8G       3.7G       108M       5.7M        29M       3.2G

MemTotal:        4016004 kB
MemFree:          127808 kB
Active:           364724 kB
Mem:          3.8G       3.7G       124M       5.7M        29M       3.2G

MemTotal:        4016004 kB
MemFree:          138960 kB
Active:           364724 kB
Mem:          3.8G       3.7G       135M       5.7M        29M       3.2G

MemTotal:        4016004 kB
MemFree:          139384 kB
Active:           364724 kB
Mem:          3.8G       3.7G       135M       5.7M        29M       3.2G

MemTotal:        4016004 kB
MemFree:          114816 kB
Active:           364700 kB
Mem:          3.8G       3.7G       111M       5.7M        29M       3.2G

MemTotal:        4016004 kB
MemFree:          116516 kB
Active:           364700 kB
Mem:          3.8G       3.7G       113M       5.7M        29M       3.2G

MemTotal:        4016004 kB
MemFree:          126040 kB
Active:           364716 kB
Mem:          3.8G       3.7G       123M       5.7M        29M       3.2G

MemTotal:        4016004 kB
MemFree:          115412 kB
Active:           364520 kB
Mem:          3.8G       3.7G       112M       5.7M        29M       3.2G

MemTotal:        4016004 kB
MemFree:          115304 kB
Active:           364440 kB
Mem:          3.8G       3.7G       112M       5.7M        29M       3.2G

MemTotal:        4016004 kB
MemFree:          115304 kB
Active:           364452 kB
Mem:          3.8G       3.7G       112M       5.7M        29M       3.2G

MemTotal:        4016004 kB
MemFree:          115304 kB
Active:           364424 kB
Mem:          3.8G       3.7G       112M       5.7M        29M       3.2G

MemTotal:        4016004 kB
MemFree:          115056 kB
Active:           364464 kB
Mem:          3.8G       3.7G       112M       5.7M        29M       3.2G

MemTotal:        4016004 kB
MemFree:          114480 kB
Active:           364992 kB
Mem:          3.8G       3.7G       111M       5.7M        29M       3.2G

MemTotal:        4016004 kB
MemFree:          114000 kB
Active:           365408 kB
Mem:          3.8G       3.7G       111M       5.7M        29M       3.2G

MemTotal:        4016004 kB
MemFree:          114000 kB
Active:           365368 kB
Mem:          3.8G       3.7G       111M       5.7M        29M       3.2G

MemTotal:        4016004 kB
MemFree:          113628 kB
Active:           365400 kB
Mem:          3.8G       3.7G       110M       5.7M        29M       3.2G

MemTotal:        4016004 kB
MemFree:          113256 kB
Active:           365436 kB
Mem:          3.8G       3.7G       110M       5.7M        29M       3.2G

MemTotal:        4016004 kB
MemFree:          113504 kB
Active:           365408 kB
Mem:          3.8G       3.7G       110M       5.7M        29M       3.2G

MemTotal:        4016004 kB
MemFree:          113628 kB
Active:           365380 kB
Mem:          3.8G       3.7G       110M       5.7M        29M       3.2G

MemTotal:        4016004 kB
MemFree:          113752 kB
Active:           365400 kB
Mem:          3.8G       3.7G       110M       5.7M        29M       3.2G

MemTotal:        4016004 kB
MemFree:          113752 kB
Active:           365400 kB
Mem:          3.8G       3.7G       111M       5.7M        29M       3.2G

MemTotal:        4016004 kB
MemFree:          113628 kB
Active:           365408 kB
Mem:          3.8G       3.7G       110M       5.7M        29M       3.2G

MemTotal:        4016004 kB
MemFree:          113628 kB
Active:           365428 kB
Mem:          3.8G       3.7G       110M       5.7M        29M       3.2G

MemTotal:        4016004 kB
MemFree:          113504 kB
Active:           365432 kB
Mem:          3.8G       3.7G       110M       5.7M        29M       3.2G

MemTotal:        4016004 kB
MemFree:          113628 kB
Active:           365388 kB
Mem:          3.8G       3.7G       110M       5.7M        29M       3.2G

MemTotal:        4016004 kB
MemFree:          113380 kB
Active:           365440 kB
Mem:          3.8G       3.7G       110M       5.7M        29M       3.2G

MemTotal:        4016004 kB
MemFree:          113256 kB
Active:           365440 kB
Mem:          3.8G       3.7G       110M       5.7M        29M       3.2G

MemTotal:        4016004 kB
MemFree:          113628 kB
Active:           365436 kB
Mem:          3.8G       3.7G       110M       5.7M        29M       3.2G

MemTotal:        4016004 kB
MemFree:          113628 kB
Active:           365400 kB
Mem:          3.8G       3.7G       110M       5.7M        29M       3.2G

MemTotal:        4016004 kB
MemFree:          113256 kB
Active:           365444 kB
Mem:          3.8G       3.7G       110M       5.7M        29M       3.2G

MemTotal:        4016004 kB
MemFree:          113256 kB
Active:           365456 kB
Mem:          3.8G       3.7G       110M       5.7M        29M       3.2G

MemTotal:        4016004 kB
MemFree:          113752 kB
Active:           365440 kB
Mem:          3.8G       3.7G       110M       5.7M        29M       3.2G

MemTotal:        4016004 kB
MemFree:          113504 kB
Active:           365400 kB
Mem:          3.8G       3.7G       110M       5.7M        29M       3.2G

MemTotal:        4016004 kB
MemFree:          113380 kB
Active:           365412 kB
Mem:          3.8G       3.7G       110M       5.7M        29M       3.2G

MemTotal:        4016004 kB
MemFree:          113256 kB
Active:           365436 kB
Mem:          3.8G       3.7G       110M       5.7M        29M       3.2G

MemTotal:        4016004 kB
MemFree:          113028 kB
Active:           365416 kB
Mem:          3.8G       3.7G       110M       5.7M        29M       3.2G

MemTotal:        4016004 kB
MemFree:          113156 kB
Active:           365464 kB
Mem:          3.8G       3.7G       110M       5.7M        29M       3.2G

MemTotal:        4016004 kB
MemFree:          113776 kB
Active:           365456 kB
Mem:          3.8G       3.7G       111M       5.7M        29M       3.2G

MemTotal:        4016004 kB
MemFree:          113776 kB
Active:           365432 kB
Mem:          3.8G       3.7G       111M       5.7M        29M       3.2G

MemTotal:        4016004 kB
MemFree:          113776 kB
Active:           365436 kB
Mem:          3.8G       3.7G       111M       5.7M        29M       3.2G

MemTotal:        4016004 kB
MemFree:          113776 kB
Active:           365452 kB
Mem:          3.8G       3.7G       111M       5.7M        29M       3.2G

MemTotal:        4016004 kB
MemFree:          113776 kB
Active:           365444 kB
Mem:          3.8G       3.7G       111M       5.7M        29M       3.2G

MemTotal:        4016004 kB
MemFree:          113404 kB
Active:           365484 kB
Mem:          3.8G       3.7G       111M       5.7M        29M       3.2G

MemTotal:        4016004 kB
MemFree:          113528 kB
Active:           365464 kB
Mem:          3.8G       3.7G       110M       5.7M        29M       3.2G

MemTotal:        4016004 kB
MemFree:          113404 kB
Active:           365460 kB
Mem:          3.8G       3.7G       110M       5.7M        29M       3.2G

MemTotal:        4016004 kB
MemFree:          113528 kB
Active:           365480 kB
Mem:          3.8G       3.7G       110M       5.7M        29M       3.2G

MemTotal:        4016004 kB
MemFree:          113528 kB
Active:           365440 kB
Mem:          3.8G       3.7G       110M       5.7M        29M       3.2G

MemTotal:        4016004 kB
MemFree:          113404 kB
Active:           365476 kB
Mem:          3.8G       3.7G       110M       5.7M        29M       3.2G

MemTotal:        4016004 kB
MemFree:          113528 kB
Active:           365476 kB
Mem:          3.8G       3.7G       110M       5.7M        29M       3.2G

MemTotal:        4016004 kB
MemFree:          113652 kB
Active:           365440 kB
Mem:          3.8G       3.7G       111M       5.7M        29M       3.2G

MemTotal:        4016004 kB
MemFree:          113528 kB
Active:           365452 kB
Mem:          3.8G       3.7G       110M       5.7M        29M       3.2G

MemTotal:        4016004 kB
MemFree:          113280 kB
Active:           365444 kB
Mem:          3.8G       3.7G       110M       5.7M        29M       3.2G

MemTotal:        4016004 kB
MemFree:          113404 kB
Active:           365468 kB
Mem:          3.8G       3.7G       110M       5.7M        29M       3.2G

MemTotal:        4016004 kB
MemFree:          113404 kB
Active:           365444 kB
Mem:          3.8G       3.7G       110M       5.7M        29M       3.2G

MemTotal:        4016004 kB
MemFree:          113032 kB
Active:           365508 kB
Mem:          3.8G       3.7G       110M       5.7M        29M       3.2G

MemTotal:        4016004 kB
MemFree:          113528 kB
Active:           365500 kB
Mem:          3.8G       3.7G       110M       5.7M        29M       3.2G

MemTotal:        4016004 kB
MemFree:          113528 kB
Active:           365456 kB
Mem:          3.8G       3.7G       110M       5.7M        29M       3.2G

MemTotal:        4016004 kB
MemFree:          113528 kB
Active:           365488 kB
Mem:          3.8G       3.7G       110M       5.7M        29M       3.2G

MemTotal:        4016004 kB
MemFree:          113156 kB
Active:           365508 kB
Mem:          3.8G       3.7G       110M       5.7M        29M       3.2G

MemTotal:        4016004 kB
MemFree:          113528 kB
Active:           365504 kB
Mem:          3.8G       3.7G       110M       5.7M        29M       3.2G

MemTotal:        4016004 kB
MemFree:          113156 kB
Active:           365508 kB
Mem:          3.8G       3.7G       110M       5.7M        29M       3.2G

MemTotal:        4016004 kB
MemFree:          113528 kB
Active:           365496 kB
Mem:          3.8G       3.7G       110M       5.7M        29M       3.2G

MemTotal:        4016004 kB
MemFree:          113528 kB
Active:           365452 kB
Mem:          3.8G       3.7G       110M       5.7M        29M       3.2G

MemTotal:        4016004 kB
MemFree:          113404 kB
Active:           365472 kB
Mem:          3.8G       3.7G       110M       5.7M        29M       3.2G

MemTotal:        4016004 kB
MemFree:          113404 kB
Active:           365496 kB
Mem:          3.8G       3.7G       110M       5.7M        29M       3.2G

MemTotal:        4016004 kB
MemFree:          113156 kB
Active:           365520 kB
Mem:          3.8G       3.7G       110M       5.7M        29M       3.2G

MemTotal:        4016004 kB
MemFree:          113528 kB
Active:           365512 kB
Mem:          3.8G       3.7G       110M       5.7M        29M       3.2G

MemTotal:        4016004 kB
MemFree:          113776 kB
Active:           365464 kB
Mem:          3.8G       3.7G       110M       5.7M        29M       3.2G

MemTotal:        4016004 kB
MemFree:          113404 kB
Active:           365496 kB
Mem:          3.8G       3.7G       110M       5.7M        29M       3.2G

MemTotal:        4016004 kB
MemFree:          113280 kB
Active:           365488 kB
Mem:          3.8G       3.7G       110M       5.7M        29M       3.2G

MemTotal:        4016004 kB
MemFree:          113032 kB
Active:           365520 kB
Mem:          3.8G       3.7G       110M       5.7M        29M       3.2G

MemTotal:        4016004 kB
MemFree:          112952 kB
Active:           365504 kB
Mem:          3.8G       3.7G       110M       5.7M        29M       3.2G

MemTotal:        4016004 kB
MemFree:          113616 kB
Active:           364916 kB
Mem:          3.8G       3.7G       111M       5.7M        29M       3.2G

MemTotal:        4016004 kB
MemFree:          114048 kB
Active:           364680 kB
Mem:          3.8G       3.7G       111M       5.7M        29M       3.2G

MemTotal:        4016004 kB
MemFree:          113428 kB
Active:           364708 kB
Mem:          3.8G       3.7G       111M       5.7M        29M       3.2G

MemTotal:        4016004 kB
MemFree:          114172 kB
Active:           364688 kB
Mem:          3.8G       3.7G       111M       5.7M        29M       3.2G

MemTotal:        4016004 kB
MemFree:          114172 kB
Active:           364656 kB
Mem:          3.8G       3.7G       111M       5.7M        29M       3.2G

MemTotal:        4016004 kB
MemFree:          114172 kB
Active:           364660 kB
Mem:          3.8G       3.7G       111M       5.7M        29M       3.2G

MemTotal:        4016004 kB
MemFree:          113800 kB
Active:           364716 kB
Mem:          3.8G       3.7G       111M       5.7M        29M       3.2G

MemTotal:        4016004 kB
MemFree:          114048 kB
Active:           364716 kB
Mem:          3.8G       3.7G       111M       5.7M        29M       3.2G

MemTotal:        4016004 kB
MemFree:          114172 kB
Active:           364664 kB
Mem:          3.8G       3.7G       111M       5.7M        29M       3.2G

MemTotal:        4016004 kB
MemFree:          114172 kB
Active:           364712 kB
Mem:          3.8G       3.7G       111M       5.7M        29M       3.2G

MemTotal:        4016004 kB
MemFree:          114172 kB
Active:           364716 kB
Mem:          3.8G       3.7G       111M       5.7M        29M       3.2G

MemTotal:        4016004 kB
MemFree:          113800 kB
Active:           364728 kB
Mem:          3.8G       3.7G       111M       5.7M        29M       3.2G

MemTotal:        4016004 kB
MemFree:          114048 kB
Active:           364680 kB
Mem:          3.8G       3.7G       111M       5.7M        29M       3.2G

MemTotal:        4016004 kB
MemFree:          113676 kB
Active:           364740 kB
Mem:          3.8G       3.7G       111M       5.7M        29M       3.2G

MemTotal:        4016004 kB
MemFree:          114048 kB
Active:           364692 kB
Mem:          3.8G       3.7G       111M       5.7M        29M       3.2G

MemTotal:        4016004 kB
MemFree:          114204 kB
Active:           364692 kB
Mem:          3.8G       3.7G       111M       5.7M        29M       3.2G

MemTotal:        4016004 kB
MemFree:          114080 kB
Active:           364704 kB
Mem:          3.8G       3.7G       111M       5.7M        29M       3.2G

MemTotal:        4016004 kB
MemFree:          114328 kB
Active:           364708 kB
Mem:          3.8G       3.7G       111M       5.7M        29M       3.2G

MemTotal:        4016004 kB
MemFree:          114328 kB
Active:           364720 kB
Mem:          3.8G       3.7G       111M       5.7M        29M       3.2G

MemTotal:        4016004 kB
MemFree:          114328 kB
Active:           364720 kB
Mem:          3.8G       3.7G       111M       5.7M        29M       3.2G

MemTotal:        4016004 kB
MemFree:          113832 kB
Active:           364756 kB
Mem:          3.8G       3.7G       111M       5.7M        29M       3.2G

MemTotal:        4016004 kB
MemFree:          114080 kB
Active:           364720 kB
Mem:          3.8G       3.7G       111M       5.7M        29M       3.2G

MemTotal:        4016004 kB
MemFree:          114080 kB
Active:           364732 kB
Mem:          3.8G       3.7G       111M       5.7M        29M       3.2G

MemTotal:        4016004 kB
MemFree:          113832 kB
Active:           364768 kB
Mem:          3.8G       3.7G       111M       5.7M        29M       3.2G

MemTotal:        4016004 kB
MemFree:          114080 kB
Active:           364764 kB
Mem:          3.8G       3.7G       111M       5.7M        29M       3.2G

MemTotal:        4016004 kB
MemFree:          114080 kB
Active:           364732 kB
Mem:          3.8G       3.7G       111M       5.7M        29M       3.2G

MemTotal:        4016004 kB
MemFree:          113708 kB
Active:           364772 kB
Mem:          3.8G       3.7G       111M       5.7M        29M       3.2G

MemTotal:        4016004 kB
MemFree:          114080 kB
Active:           364744 kB
Mem:          3.8G       3.7G       111M       5.7M        29M       3.2G

MemTotal:        4016004 kB
MemFree:          114080 kB
Active:           364756 kB
Mem:          3.8G       3.7G       111M       5.7M        29M       3.2G

MemTotal:        4016004 kB
MemFree:          113832 kB
Active:           364732 kB
Mem:          3.8G       3.7G       110M       5.7M        29M       3.2G

MemTotal:        4016004 kB
MemFree:          114080 kB
Active:           364744 kB
Mem:          3.8G       3.7G       111M       5.7M        29M       3.2G

MemTotal:        4016004 kB
MemFree:          113708 kB
Active:           364788 kB
Mem:          3.8G       3.7G       111M       5.7M        29M       3.2G

MemTotal:        4016004 kB
MemFree:          114204 kB
Active:           364744 kB
Mem:          3.8G       3.7G       111M       5.7M        29M       3.2G

MemTotal:        4016004 kB
MemFree:          114204 kB
Active:           364760 kB
Mem:          3.8G       3.7G       111M       5.7M        29M       3.2G

MemTotal:        4016004 kB
MemFree:          113956 kB
Active:           364748 kB
Mem:          3.8G       3.7G       111M       5.7M        29M       3.2G

MemTotal:        4016004 kB
MemFree:          114204 kB
Active:           364756 kB
Mem:          3.8G       3.7G       111M       5.7M        29M       3.2G

MemTotal:        4016004 kB
MemFree:          114080 kB
Active:           364760 kB
Mem:          3.8G       3.7G       111M       5.7M        29M       3.2G

MemTotal:        4016004 kB
MemFree:          114204 kB
Active:           364792 kB
Mem:          3.8G       3.7G       111M       5.7M        29M       3.2G

MemTotal:        4016004 kB
MemFree:          114204 kB
Active:           364788 kB
Mem:          3.8G       3.7G       111M       5.7M        29M       3.2G

MemTotal:        4016004 kB
MemFree:          114204 kB
Active:           364784 kB
Mem:          3.8G       3.7G       111M       5.7M        29M       3.2G

MemTotal:        4016004 kB
MemFree:          113708 kB
Active:           364828 kB
Mem:          3.8G       3.7G       111M       5.7M        29M       3.2G

MemTotal:        4016004 kB
MemFree:          113956 kB
Active:           364808 kB
Mem:          3.8G       3.7G       111M       5.7M        29M       3.2G

MemTotal:        4016004 kB
MemFree:          113956 kB
Active:           364932 kB
Mem:          3.8G       3.7G       111M       5.7M        29M       3.2G

MemTotal:        4016004 kB
MemFree:          113940 kB
Active:           364856 kB
Mem:          3.8G       3.7G       111M       5.7M        29M       3.2G

MemTotal:        4016004 kB
MemFree:          113568 kB
Active:           364888 kB
Mem:          3.8G       3.7G       111M       5.7M        29M       3.2G

MemTotal:        4016004 kB
MemFree:          113816 kB
Active:           364884 kB
Mem:          3.8G       3.7G       111M       5.7M        29M       3.2G

MemTotal:        4016004 kB
MemFree:          113940 kB
Active:           364844 kB
Mem:          3.8G       3.7G       111M       5.7M        29M       3.2G

MemTotal:        4016004 kB
MemFree:          113940 kB
Active:           364844 kB
Mem:          3.8G       3.7G       111M       5.7M        29M       3.2G

MemTotal:        4016004 kB
MemFree:          113816 kB
Active:           364860 kB
Mem:          3.8G       3.7G       110M       5.7M        29M       3.2G

MemTotal:        4016004 kB
MemFree:          113816 kB
Active:           364876 kB
Mem:          3.8G       3.7G       111M       5.7M        29M       3.2G

MemTotal:        4016004 kB
MemFree:          113940 kB
Active:           364880 kB
Mem:          3.8G       3.7G       111M       5.7M        29M       3.2G

MemTotal:        4016004 kB
MemFree:          113568 kB
Active:           364904 kB
Mem:          3.8G       3.7G       111M       5.7M        29M       3.2G

MemTotal:        4016004 kB
MemFree:          113444 kB
Active:           364904 kB
Mem:          3.8G       3.7G       110M       5.7M        29M       3.2G

MemTotal:        4016004 kB
MemFree:          113692 kB
Active:           364884 kB
Mem:          3.8G       3.7G       111M       5.7M        29M       3.2G

MemTotal:        4016004 kB
MemFree:          113816 kB
Active:           364868 kB
Mem:          3.8G       3.7G       111M       5.7M        29M       3.2G

MemTotal:        4016004 kB
MemFree:          113816 kB
Active:           364876 kB
Mem:          3.8G       3.7G       111M       5.7M        29M       3.2G

MemTotal:        4016004 kB
MemFree:          113816 kB
Active:           364860 kB
Mem:          3.8G       3.7G       111M       5.7M        29M       3.2G

MemTotal:        4016004 kB
MemFree:          113816 kB
Active:           364872 kB
Mem:          3.8G       3.7G       111M       5.7M        29M       3.2G

MemTotal:        4016004 kB
MemFree:          113568 kB
Active:           364872 kB
Mem:          3.8G       3.7G       110M       5.7M        29M       3.2G

MemTotal:        4016004 kB
MemFree:          113568 kB
Active:           364896 kB
Mem:          3.8G       3.7G       110M       5.7M        29M       3.2G

MemTotal:        4016004 kB
MemFree:          113816 kB
Active:           364868 kB
Mem:          3.8G       3.7G       110M       5.7M        29M       3.2G

MemTotal:        4016004 kB
MemFree:          113692 kB
Active:           364908 kB
Mem:          3.8G       3.7G       110M       5.7M        29M       3.2G

MemTotal:        4016004 kB
MemFree:          113196 kB
Active:           364916 kB
Mem:          3.8G       3.7G       110M       5.7M        29M       3.2G

MemTotal:        4016004 kB
MemFree:          113568 kB
Active:           364908 kB
Mem:          3.8G       3.7G       110M       5.7M        29M       3.2G

MemTotal:        4016004 kB
MemFree:          113816 kB
Active:           364872 kB
Mem:          3.8G       3.7G       111M       5.7M        29M       3.2G

MemTotal:        4016004 kB
MemFree:          111644 kB
Active:           364872 kB
Mem:          3.8G       3.7G       109M       5.7M        29M       3.2G

MemTotal:        4016004 kB
MemFree:          111892 kB
Active:           366936 kB
Mem:          3.8G       3.7G       109M       5.7M        29M       3.2G

MemTotal:        4016004 kB
MemFree:          111892 kB
Active:           366956 kB
Mem:          3.8G       3.7G       109M       5.7M        29M       3.2G

MemTotal:        4016004 kB
MemFree:          112016 kB
Active:           366936 kB
Mem:          3.8G       3.7G       109M       5.7M        29M       3.2G

MemTotal:        4016004 kB
MemFree:          111892 kB
Active:           366968 kB
Mem:          3.8G       3.7G       109M       5.7M        29M       3.2G

MemTotal:        4016004 kB
MemFree:          111892 kB
Active:           366924 kB
Mem:          3.8G       3.7G       109M       5.7M        29M       3.2G

MemTotal:        4016004 kB
MemFree:          111892 kB
Active:           366940 kB
Mem:          3.8G       3.7G       109M       5.7M        29M       3.2G

MemTotal:        4016004 kB
MemFree:          111768 kB
Active:           366932 kB
Mem:          3.8G       3.7G       109M       5.7M        29M       3.2G

MemTotal:        4016004 kB
MemFree:          111892 kB
Active:           366964 kB
Mem:          3.8G       3.7G       109M       5.7M        29M       3.2G

MemTotal:        4016004 kB
MemFree:          112016 kB
Active:           366932 kB
Mem:          3.8G       3.7G       109M       5.7M        29M       3.2G

MemTotal:        4016004 kB
MemFree:          111768 kB
Active:           366948 kB
Mem:          3.8G       3.7G       108M       5.7M        29M       3.2G

MemTotal:        4016004 kB
MemFree:          111644 kB
Active:           366976 kB
Mem:          3.8G       3.7G       109M       5.7M        29M       3.2G

MemTotal:        4016004 kB
MemFree:          111768 kB
Active:           366932 kB
Mem:          3.8G       3.7G       108M       5.7M        29M       3.2G

MemTotal:        4016004 kB
MemFree:          111768 kB
Active:           366936 kB
Mem:          3.8G       3.7G       109M       5.7M        29M       3.2G

MemTotal:        4016004 kB
MemFree:          111396 kB
Active:           366988 kB
Mem:          3.8G       3.7G       109M       5.7M        29M       3.2G

MemTotal:        4016004 kB
MemFree:          111892 kB
Active:           366940 kB
Mem:          3.8G       3.7G       108M       5.7M        29M       3.2G

MemTotal:        4016004 kB
MemFree:          111768 kB
Active:           366992 kB
Mem:          3.8G       3.7G       109M       5.7M        29M       3.2G

MemTotal:        4016004 kB
MemFree:          111768 kB
Active:           366968 kB
Mem:          3.8G       3.7G       109M       5.7M        29M       3.2G

MemTotal:        4016004 kB
MemFree:          111644 kB
Active:           366980 kB
Mem:          3.8G       3.7G       109M       5.7M        29M       3.2G

MemTotal:        4016004 kB
MemFree:          111644 kB
Active:           366988 kB
Mem:          3.8G       3.7G       109M       5.7M        29M       3.2G

MemTotal:        4016004 kB
MemFree:          111768 kB
Active:           366972 kB
Mem:          3.8G       3.7G       109M       5.7M        29M       3.2G

MemTotal:        4016004 kB
MemFree:          111768 kB
Active:           366980 kB
Mem:          3.8G       3.7G       109M       5.7M        29M       3.2G

MemTotal:        4016004 kB
MemFree:          111768 kB
Active:           366964 kB
Mem:          3.8G       3.7G       108M       5.7M        29M       3.2G

MemTotal:        4016004 kB
MemFree:          111644 kB
Active:           366988 kB
Mem:          3.8G       3.7G       108M       5.7M        29M       3.2G

MemTotal:        4016004 kB
MemFree:          111148 kB
Active:           367012 kB
Mem:          3.8G       3.7G       108M       5.7M        29M       3.2G

MemTotal:        4016004 kB
MemFree:          111644 kB
Active:           367004 kB
Mem:          3.8G       3.7G       109M       5.7M        29M       3.2G

MemTotal:        4016004 kB
MemFree:          111644 kB
Active:           366976 kB
Mem:          3.8G       3.7G       109M       5.7M        29M       3.2G

MemTotal:        4016004 kB
MemFree:          111644 kB
Active:           366968 kB
Mem:          3.8G       3.7G       109M       5.7M        29M       3.2G

MemTotal:        4016004 kB
MemFree:          111520 kB
Active:           367016 kB
Mem:          3.8G       3.7G       108M       5.7M        29M       3.2G

MemTotal:        4016004 kB
MemFree:          111148 kB
Active:           367024 kB
Mem:          3.8G       3.7G       108M       5.7M        29M       3.2G

MemTotal:        4016004 kB
MemFree:          111768 kB
Active:           367020 kB
Mem:          3.8G       3.7G       109M       5.7M        29M       3.2G

MemTotal:        4016004 kB
MemFree:          111644 kB
Active:           366972 kB
Mem:          3.8G       3.7G       109M       5.7M        29M       3.2G

MemTotal:        4016004 kB
MemFree:          111412 kB
Active:           367024 kB
Mem:          3.8G       3.7G       108M       5.7M        29M       3.2G

MemTotal:        4016004 kB
MemFree:          111660 kB
Active:           366996 kB
Mem:          3.8G       3.7G       109M       5.7M        29M       3.2G

MemTotal:        4016004 kB
MemFree:          111536 kB
Active:           367016 kB
Mem:          3.8G       3.7G       108M       5.7M        29M       3.2G

MemTotal:        4016004 kB
MemFree:          111536 kB
Active:           366968 kB
Mem:          3.8G       3.7G       108M       5.7M        29M       3.2G

MemTotal:        4016004 kB
MemFree:          111536 kB
Active:           366996 kB
Mem:          3.8G       3.7G       108M       5.7M        29M       3.2G

MemTotal:        4016004 kB
MemFree:          111660 kB
Active:           367008 kB
Mem:          3.8G       3.7G       108M       5.7M        29M       3.2G

MemTotal:        4016004 kB
MemFree:          111288 kB
Active:           367036 kB
Mem:          3.8G       3.7G       108M       5.7M        29M       3.2G

MemTotal:        4016004 kB
MemFree:          111660 kB
Active:           366988 kB
Mem:          3.8G       3.7G       108M       5.7M        29M       3.2G

MemTotal:        4016004 kB
MemFree:          111536 kB
Active:           367024 kB
Mem:          3.8G       3.7G       108M       5.7M        29M       3.2G

MemTotal:        4016004 kB
MemFree:          111660 kB
Active:           366996 kB
Mem:          3.8G       3.7G       108M       5.7M        29M       3.2G

MemTotal:        4016004 kB
MemFree:          111536 kB
Active:           367004 kB
Mem:          3.8G       3.7G       108M       5.7M        29M       3.2G

MemTotal:        4016004 kB
MemFree:          111660 kB
Active:           367020 kB
Mem:          3.8G       3.7G       109M       5.7M        29M       3.2G

MemTotal:        4016004 kB
MemFree:          111660 kB
Active:           367032 kB
Mem:          3.8G       3.7G       109M       5.7M        29M       3.2G

MemTotal:        4016004 kB
MemFree:          111288 kB
Active:           367040 kB
Mem:          3.8G       3.7G       108M       5.7M        29M       3.2G

MemTotal:        4016004 kB
MemFree:          111536 kB
Active:           367044 kB
Mem:          3.8G       3.7G       108M       5.7M        29M       3.2G

MemTotal:        4016004 kB
MemFree:          111784 kB
Active:           367004 kB
Mem:          3.8G       3.7G       109M       5.7M        29M       3.2G

MemTotal:        4016004 kB
MemFree:          111660 kB
Active:           367020 kB
Mem:          3.8G       3.7G       109M       5.7M        29M       3.2G

MemTotal:        4016004 kB
MemFree:          111784 kB
Active:           367000 kB
Mem:          3.8G       3.7G       109M       5.7M        29M       3.2G

MemTotal:        4016004 kB
MemFree:          111784 kB
Active:           367052 kB
Mem:          3.8G       3.7G       109M       5.7M        29M       3.2G

MemTotal:        4016004 kB
MemFree:          111784 kB
Active:           367008 kB
Mem:          3.8G       3.7G       109M       5.7M        29M       3.2G

MemTotal:        4016004 kB
MemFree:          111784 kB
Active:           367036 kB
Mem:          3.8G       3.7G       109M       5.7M        29M       3.2G

MemTotal:        4016004 kB
MemFree:          111660 kB
Active:           367024 kB
Mem:          3.8G       3.7G       109M       5.7M        29M       3.2G

MemTotal:        4016004 kB
MemFree:          111612 kB
Active:           367032 kB
Mem:          3.8G       3.7G       109M       5.7M        29M       3.2G

MemTotal:        4016004 kB
MemFree:          111768 kB
Active:           367048 kB
Mem:          3.8G       3.7G       109M       5.7M        29M       3.2G

MemTotal:        4016004 kB
MemFree:          111536 kB
Active:           367064 kB
Mem:          3.8G       3.7G       108M       5.7M        29M       3.2G

MemTotal:        4016004 kB
MemFree:          111660 kB
Active:           367028 kB
Mem:          3.8G       3.7G       109M       5.7M        29M       3.2G

MemTotal:        4016004 kB
MemFree:          111660 kB
Active:           367044 kB
Mem:          3.8G       3.7G       109M       5.7M        29M       3.2G

MemTotal:        4016004 kB
MemFree:          111628 kB
Active:           367068 kB
Mem:          3.8G       3.7G       109M       5.7M        29M       3.2G

MemTotal:        4016004 kB
MemFree:          111660 kB
Active:           367056 kB
Mem:          3.8G       3.7G       108M       5.7M        29M       3.2G

MemTotal:        4016004 kB
MemFree:          111660 kB
Active:           367072 kB
Mem:          3.8G       3.7G       109M       5.7M        29M       3.2G

MemTotal:        4016004 kB
MemFree:          111784 kB
Active:           367064 kB
Mem:          3.8G       3.7G       109M       5.7M        29M       3.2G

MemTotal:        4016004 kB
MemFree:          111272 kB
Active:           367080 kB
Mem:          3.8G       3.7G       108M       5.7M        29M       3.2G

MemTotal:        4016004 kB
MemFree:          111536 kB
Active:           367072 kB
Mem:          3.8G       3.7G       109M       5.7M        29M       3.2G

MemTotal:        4016004 kB
MemFree:          111608 kB
Active:           367192 kB
Mem:          3.8G       3.7G       109M       5.7M        29M       3.2G

MemTotal:        4016004 kB
MemFree:          111484 kB
Active:           367148 kB
Mem:          3.8G       3.7G       109M       5.7M        29M       3.2G

MemTotal:        4016004 kB
MemFree:          111204 kB
Active:           367232 kB
Mem:          3.8G       3.7G       108M       5.7M        29M       3.2G

MemTotal:        4016004 kB
MemFree:          111784 kB
Active:           367072 kB
Mem:          3.8G       3.7G       108M       5.7M        29M       3.2G

MemTotal:        4016004 kB
MemFree:          111768 kB
Active:           367040 kB
Mem:          3.8G       3.7G       109M       5.7M        29M       3.2G

MemTotal:        4016004 kB
MemFree:          111784 kB
Active:           367068 kB
Mem:          3.8G       3.7G       109M       5.7M        29M       3.2G

MemTotal:        4016004 kB
MemFree:          111784 kB
Active:           367040 kB
Mem:          3.8G       3.7G       109M       5.7M        29M       3.2G

MemTotal:        4016004 kB
MemFree:          111644 kB
Active:           367096 kB
Mem:          3.8G       3.7G       109M       5.7M        29M       3.2G

MemTotal:        4016004 kB
MemFree:          111612 kB
Active:           367096 kB
Mem:          3.8G       3.7G       109M       5.7M        29M       3.2G

MemTotal:        4016004 kB
MemFree:          111752 kB
Active:           366976 kB
Mem:          3.8G       3.7G       109M       5.7M        29M       3.2G

MemTotal:        4016004 kB
MemFree:          111488 kB
Active:           367236 kB
Mem:          3.8G       3.7G       108M       5.7M        29M       3.2G

MemTotal:        4016004 kB
MemFree:          111768 kB
Active:           367096 kB
Mem:          3.8G       3.7G       109M       5.7M        29M       3.2G

MemTotal:        4016004 kB
MemFree:          111380 kB
Active:           367100 kB
Mem:          3.8G       3.7G       108M       5.7M        29M       3.2G

MemTotal:        4016004 kB
MemFree:          111736 kB
Active:           367000 kB
Mem:          3.8G       3.7G       109M       5.7M        29M       3.2G

MemTotal:        4016004 kB
MemFree:          111660 kB
Active:           367084 kB
Mem:          3.8G       3.7G       109M       5.7M        29M       3.2G

MemTotal:        4016004 kB
MemFree:          111396 kB
Active:           367192 kB
Mem:          3.8G       3.7G       108M       5.7M        29M       3.2G

MemTotal:        4016004 kB
MemFree:          111488 kB
Active:           367164 kB
Mem:          3.8G       3.7G       109M       5.7M        29M       3.2G

MemTotal:        4016004 kB
MemFree:          111660 kB
Active:           367228 kB
Mem:          3.8G       3.7G       109M       5.7M        29M       3.2G

MemTotal:        4016004 kB
MemFree:          111512 kB
Active:           367180 kB
Mem:          3.8G       3.7G       109M       5.7M        29M       3.2G

MemTotal:        4016004 kB
MemFree:          111660 kB
Active:           367156 kB
Mem:          3.8G       3.7G       109M       5.7M        29M       3.2G

MemTotal:        4016004 kB
MemFree:          111520 kB
Active:           367068 kB
Mem:          3.8G       3.7G       109M       5.7M        29M       3.2G

MemTotal:        4016004 kB
MemFree:          111536 kB
Active:           367076 kB
Mem:          3.8G       3.7G       108M       5.7M        29M       3.2G

MemTotal:        4016004 kB
MemFree:          111660 kB
Active:           367080 kB
Mem:          3.8G       3.7G       108M       5.7M        29M       3.2G

MemTotal:        4016004 kB
MemFree:          111660 kB
Active:           367092 kB
Mem:          3.8G       3.7G       109M       5.7M        29M       3.2G

MemTotal:        4016004 kB
MemFree:          111660 kB
Active:           367100 kB
Mem:          3.8G       3.7G       109M       5.7M        29M       3.2G

MemTotal:        4016004 kB
MemFree:          111784 kB
Active:           367120 kB
Mem:          3.8G       3.7G       108M       5.7M        29M       3.2G

MemTotal:        4016004 kB
MemFree:          111784 kB
Active:           367072 kB
Mem:          3.8G       3.7G       109M       5.7M        29M       3.2G

MemTotal:        4016004 kB
MemFree:          111784 kB
Active:           367080 kB
Mem:          3.8G       3.7G       109M       5.7M        29M       3.2G

MemTotal:        4016004 kB
MemFree:          111536 kB
Active:           367100 kB
Mem:          3.8G       3.7G       108M       5.7M        29M       3.2G

MemTotal:        4016004 kB
MemFree:          111412 kB
Active:           367236 kB
Mem:          3.8G       3.7G       108M       5.7M        29M       3.2G

MemTotal:        4016004 kB
MemFree:          111272 kB
Active:           367008 kB
Mem:          3.8G       3.7G       108M       5.7M        29M       3.2G

MemTotal:        4016004 kB
MemFree:          111364 kB
Active:           366972 kB
Mem:          3.8G       3.7G       108M       5.7M        29M       3.2G

MemTotal:        4016004 kB
MemFree:          111488 kB
Active:           367000 kB
Mem:          3.8G       3.7G       108M       5.7M        29M       3.2G

MemTotal:        4016004 kB
MemFree:          111240 kB
Active:           367272 kB
Mem:          3.8G       3.7G       108M       5.7M        29M       3.2G

MemTotal:        4016004 kB
MemFree:          111784 kB
Active:           367108 kB
Mem:          3.8G       3.7G       109M       5.7M        29M       3.2G

MemTotal:        4016004 kB
MemFree:          111660 kB
Active:           367104 kB
Mem:          3.8G       3.7G       109M       5.7M        29M       3.2G

MemTotal:        4016004 kB
MemFree:          111660 kB
Active:           367120 kB
Mem:          3.8G       3.7G       109M       5.7M        29M       3.2G

MemTotal:        4016004 kB
MemFree:          111784 kB
Active:           367124 kB
Mem:          3.8G       3.7G       109M       5.7M        29M       3.2G

MemTotal:        4016004 kB
MemFree:          111784 kB
Active:           367092 kB
Mem:          3.8G       3.7G       109M       5.7M        29M       3.2G

MemTotal:        4016004 kB
MemFree:          111660 kB
Active:           367128 kB
Mem:          3.8G       3.7G       109M       5.7M        29M       3.2G

MemTotal:        4016004 kB
MemFree:          111288 kB
Active:           367148 kB
Mem:          3.8G       3.7G       108M       5.7M        29M       3.2G

MemTotal:        4016004 kB
MemFree:          111660 kB
Active:           367104 kB
Mem:          3.8G       3.7G       108M       5.7M        29M       3.2G

MemTotal:        4016004 kB
MemFree:          111660 kB
Active:           367136 kB
Mem:          3.8G       3.7G       109M       5.7M        29M       3.2G

MemTotal:        4016004 kB
MemFree:          111288 kB
Active:           367164 kB
Mem:          3.8G       3.7G       108M       5.7M        29M       3.2G

MemTotal:        4016004 kB
MemFree:          111660 kB
Active:           367128 kB
Mem:          3.8G       3.7G       109M       5.7M        29M       3.2G

MemTotal:        4016004 kB
MemFree:          111660 kB
Active:           367148 kB
Mem:          3.8G       3.7G       109M       5.7M        29M       3.2G

MemTotal:        4016004 kB
MemFree:          111660 kB
Active:           367152 kB
Mem:          3.8G       3.7G       108M       5.7M        29M       3.2G

MemTotal:        4016004 kB
MemFree:          111660 kB
Active:           367160 kB
Mem:          3.8G       3.7G       108M       5.7M        29M       3.2G

MemTotal:        4016004 kB
MemFree:          111660 kB
Active:           367160 kB
Mem:          3.8G       3.7G       108M       5.7M        29M       3.2G

MemTotal:        4016004 kB
MemFree:          111660 kB
Active:           367144 kB
Mem:          3.8G       3.7G       108M       5.7M        29M       3.2G

MemTotal:        4016004 kB
MemFree:          111536 kB
Active:           367160 kB
Mem:          3.8G       3.7G       108M       5.7M        29M       3.2G

MemTotal:        4016004 kB
MemFree:          111040 kB
Active:           367176 kB
Mem:          3.8G       3.7G       108M       5.7M        29M       3.2G

MemTotal:        4016004 kB
MemFree:          111536 kB
Active:           367124 kB
Mem:          3.8G       3.7G       108M       5.7M        29M       3.2G

MemTotal:        4016004 kB
MemFree:          111660 kB
Active:           367128 kB
Mem:          3.8G       3.7G       108M       5.7M        29M       3.2G

MemTotal:        4016004 kB
MemFree:          111660 kB
Active:           367148 kB
Mem:          3.8G       3.7G       108M       5.7M        29M       3.2G

MemTotal:        4016004 kB
MemFree:          111164 kB
Active:           367184 kB
Mem:          3.8G       3.7G       108M       5.7M        29M       3.2G

MemTotal:        4016004 kB
MemFree:          111536 kB
Active:           367132 kB
Mem:          3.8G       3.7G       108M       5.7M        29M       3.2G

MemTotal:        4016004 kB
MemFree:          111288 kB
Active:           367192 kB
Mem:          3.8G       3.7G       108M       5.7M        29M       3.2G

MemTotal:        4016004 kB
MemFree:          111660 kB
Active:           367152 kB
Mem:          3.8G       3.7G       109M       5.7M        29M       3.2G

MemTotal:        4016004 kB
MemFree:          111288 kB
Active:           367192 kB
Mem:          3.8G       3.7G       108M       5.7M        29M       3.2G

MemTotal:        4016004 kB
MemFree:          111288 kB
Active:           367188 kB
Mem:          3.8G       3.7G       108M       5.7M        29M       3.2G

MemTotal:        4016004 kB
MemFree:          111412 kB
Active:           367180 kB
Mem:          3.8G       3.7G       108M       5.7M        29M       3.2G

MemTotal:        4016004 kB
MemFree:          111536 kB
Active:           367196 kB
