MemTotal:        4016004 kB
MemFree:         3237020 kB
Active:           423328 kB
Mem:          3.8G       761M       3.1G       5.7M        55M       319M

MemTotal:        4016004 kB
MemFree:         3238796 kB
Active:           421404 kB
Mem:          3.8G       759M       3.1G       5.7M        55M       319M

MemTotal:        4016004 kB
MemFree:         3238796 kB
Active:           421504 kB
Mem:          3.8G       759M       3.1G       5.7M        55M       319M

MemTotal:        4016004 kB
MemFree:         3238176 kB
Active:           421536 kB
Mem:          3.8G       759M       3.1G       5.7M        55M       319M

MemTotal:        4016004 kB
MemFree:         3238176 kB
Active:           421512 kB
Mem:          3.8G       759M       3.1G       5.7M        55M       319M

MemTotal:        4016004 kB
MemFree:         3238052 kB
Active:           421528 kB
Mem:          3.8G       759M       3.1G       5.7M        55M       319M

MemTotal:        4016004 kB
MemFree:         3238036 kB
Active:           421480 kB
Mem:          3.8G       759M       3.1G       5.7M        55M       319M

MemTotal:        4016004 kB
MemFree:         3238036 kB
Active:           421488 kB
Mem:          3.8G       759M       3.1G       5.7M        55M       319M

MemTotal:        4016004 kB
MemFree:         3238392 kB
Active:           421496 kB
Mem:          3.8G       759M       3.1G       5.7M        55M       319M

MemTotal:        4016004 kB
MemFree:         3238516 kB
Active:           421500 kB
Mem:          3.8G       759M       3.1G       5.7M        55M       319M

MemTotal:        4016004 kB
MemFree:         3238516 kB
Active:           421524 kB
Mem:          3.8G       759M       3.1G       5.7M        55M       319M

MemTotal:        4016004 kB
MemFree:         3238392 kB
Active:           421524 kB
Mem:          3.8G       759M       3.1G       5.7M        55M       319M

MemTotal:        4016004 kB
MemFree:         3238392 kB
Active:           421516 kB
Mem:          3.8G       759M       3.1G       5.7M        55M       319M

MemTotal:        4016004 kB
MemFree:         3238268 kB
Active:           421544 kB
Mem:          3.8G       759M       3.1G       5.7M        55M       319M

MemTotal:        4016004 kB
MemFree:         3238268 kB
Active:           421552 kB
Mem:          3.8G       759M       3.1G       5.7M        55M       320M

MemTotal:        4016004 kB
MemFree:         3238392 kB
Active:           421500 kB
Mem:          3.8G       759M       3.1G       5.7M        55M       320M

MemTotal:        4016004 kB
MemFree:         3238548 kB
Active:           421552 kB
Mem:          3.8G       759M       3.1G       5.7M        55M       320M

MemTotal:        4016004 kB
MemFree:         3238052 kB
Active:           421552 kB
Mem:          3.8G       759M       3.1G       5.7M        55M       320M

MemTotal:        4016004 kB
MemFree:         3238176 kB
Active:           421496 kB
Mem:          3.8G       759M       3.1G       5.7M        55M       320M

MemTotal:        4016004 kB
MemFree:         3238036 kB
Active:           421540 kB
Mem:          3.8G       759M       3.1G       5.7M        55M       319M

MemTotal:        4016004 kB
MemFree:         3238300 kB
Active:           421536 kB
Mem:          3.8G       759M       3.1G       5.7M        55M       320M

MemTotal:        4016004 kB
MemFree:         3238052 kB
Active:           421560 kB
Mem:          3.8G       759M       3.1G       5.7M        55M       320M

MemTotal:        4016004 kB
MemFree:         3238300 kB
Active:           421552 kB
Mem:          3.8G       759M       3.1G       5.7M        55M       320M

MemTotal:        4016004 kB
MemFree:         3238424 kB
Active:           421536 kB
Mem:          3.8G       759M       3.1G       5.7M        55M       320M

MemTotal:        4016004 kB
MemFree:         3238052 kB
Active:           421560 kB
Mem:          3.8G       759M       3.1G       5.7M        55M       320M

MemTotal:        4016004 kB
MemFree:         3237924 kB
Active:           419512 kB
Mem:          3.8G       759M       3.1G       5.7M        55M       320M

MemTotal:        4016004 kB
MemFree:         3238420 kB
Active:           421544 kB
Mem:          3.8G       758M       3.1G       5.7M        55M       320M

MemTotal:        4016004 kB
MemFree:         3238668 kB
Active:           421536 kB
Mem:          3.8G       758M       3.1G       5.7M        55M       320M

MemTotal:        4016004 kB
MemFree:         3238916 kB
Active:           421512 kB
Mem:          3.8G       758M       3.1G       5.7M        55M       320M

MemTotal:        4016004 kB
MemFree:         3238916 kB
Active:           421508 kB
Mem:          3.8G       758M       3.1G       5.7M        55M       320M

MemTotal:        4016004 kB
MemFree:         3238916 kB
Active:           421520 kB
Mem:          3.8G       758M       3.1G       5.7M        55M       320M

MemTotal:        4016004 kB
MemFree:         3238900 kB
Active:           421556 kB
Mem:          3.8G       759M       3.1G       5.7M        55M       320M

MemTotal:        4016004 kB
MemFree:         3238560 kB
Active:           421568 kB
Mem:          3.8G       759M       3.1G       5.7M        55M       320M

MemTotal:        4016004 kB
MemFree:         3238560 kB
Active:           421540 kB
Mem:          3.8G       759M       3.1G       5.7M        55M       320M

MemTotal:        4016004 kB
MemFree:         3238436 kB
Active:           421520 kB
Mem:          3.8G       759M       3.1G       5.7M        55M       320M

MemTotal:        4016004 kB
MemFree:         3237876 kB
Active:           419532 kB
Mem:          3.8G       759M       3.1G       5.7M        55M       320M

MemTotal:        4016004 kB
MemFree:         3237752 kB
Active:           419540 kB
Mem:          3.8G       759M       3.1G       5.7M        55M       320M

MemTotal:        4016004 kB
MemFree:         3237876 kB
Active:           421540 kB
Mem:          3.8G       759M       3.1G       5.7M        55M       320M

MemTotal:        4016004 kB
MemFree:         3238000 kB
Active:           421556 kB
Mem:          3.8G       759M       3.1G       5.7M        55M       320M

MemTotal:        4016004 kB
MemFree:         3238108 kB
Active:           421552 kB
Mem:          3.8G       759M       3.1G       5.7M        55M       320M

MemTotal:        4016004 kB
MemFree:         3238108 kB
Active:           421540 kB
Mem:          3.8G       759M       3.1G       5.7M        55M       320M

MemTotal:        4016004 kB
MemFree:         3238108 kB
Active:           421596 kB
Mem:          3.8G       759M       3.1G       5.7M        55M       320M

MemTotal:        4016004 kB
MemFree:         3237736 kB
Active:           421608 kB
Mem:          3.8G       760M       3.1G       5.7M        55M       320M

MemTotal:        4016004 kB
MemFree:         3237984 kB
Active:           421592 kB
Mem:          3.8G       759M       3.1G       5.7M        55M       320M

MemTotal:        4016004 kB
MemFree:         3237984 kB
Active:           421556 kB
Mem:          3.8G       759M       3.1G       5.7M        55M       320M

MemTotal:        4016004 kB
MemFree:         3237612 kB
Active:           421580 kB
Mem:          3.8G       759M       3.1G       5.7M        55M       320M

MemTotal:        4016004 kB
MemFree:         3237984 kB
Active:           421560 kB
Mem:          3.8G       759M       3.1G       5.7M        55M       320M

MemTotal:        4016004 kB
MemFree:         3238108 kB
Active:           421584 kB
Mem:          3.8G       759M       3.1G       5.7M        55M       320M

MemTotal:        4016004 kB
MemFree:         3237596 kB
Active:           421612 kB
Mem:          3.8G       760M       3.1G       5.7M        55M       320M

MemTotal:        4016004 kB
MemFree:         3237844 kB
Active:           421580 kB
Mem:          3.8G       760M       3.1G       5.7M        55M       320M

MemTotal:        4016004 kB
MemFree:         3238092 kB
Active:           421572 kB
Mem:          3.8G       759M       3.1G       5.7M        55M       320M

MemTotal:        4016004 kB
MemFree:         3238200 kB
Active:           421616 kB
Mem:          3.8G       759M       3.1G       5.7M        55M       320M

MemTotal:        4016004 kB
MemFree:         3238076 kB
Active:           421636 kB
Mem:          3.8G       759M       3.1G       5.7M        55M       320M

MemTotal:        4016004 kB
MemFree:         3238200 kB
Active:           421580 kB
Mem:          3.8G       759M       3.1G       5.7M        55M       320M

MemTotal:        4016004 kB
MemFree:         3238216 kB
Active:           421628 kB
Mem:          3.8G       759M       3.1G       5.7M        55M       320M

MemTotal:        4016004 kB
MemFree:         3237720 kB
Active:           421636 kB
Mem:          3.8G       759M       3.1G       5.7M        55M       320M

MemTotal:        4016004 kB
MemFree:         3237968 kB
Active:           421632 kB
Mem:          3.8G       759M       3.1G       5.7M        55M       320M

MemTotal:        4016004 kB
MemFree:         3238588 kB
Active:           421580 kB
Mem:          3.8G       759M       3.1G       5.7M        55M       320M

MemTotal:        4016004 kB
MemFree:         3238588 kB
Active:           421632 kB
Mem:          3.8G       759M       3.1G       5.7M        55M       320M

MemTotal:        4016004 kB
MemFree:         3238588 kB
Active:           421608 kB
Mem:          3.8G       758M       3.1G       5.7M        55M       320M

MemTotal:        4016004 kB
MemFree:         3238836 kB
Active:           421592 kB
Mem:          3.8G       758M       3.1G       5.7M        55M       320M

MemTotal:        4016004 kB
MemFree:         3238712 kB
Active:           421592 kB
Mem:          3.8G       759M       3.1G       5.7M        55M       320M

MemTotal:        4016004 kB
MemFree:         3238340 kB
Active:           421640 kB
Mem:          3.8G       759M       3.1G       5.7M        55M       320M

MemTotal:        4016004 kB
MemFree:         3238448 kB
Active:           421620 kB
Mem:          3.8G       759M       3.1G       5.7M        55M       320M

MemTotal:        4016004 kB
MemFree:         3238448 kB
Active:           421600 kB
Mem:          3.8G       759M       3.1G       5.7M        55M       320M

MemTotal:        4016004 kB
MemFree:         3237888 kB
Active:           419604 kB
Mem:          3.8G       760M       3.1G       5.7M        55M       320M

MemTotal:        4016004 kB
MemFree:         3237888 kB
Active:           419600 kB
Mem:          3.8G       759M       3.1G       5.7M        55M       320M

MemTotal:        4016004 kB
MemFree:         3237888 kB
Active:           421620 kB
Mem:          3.8G       759M       3.1G       5.7M        55M       320M

MemTotal:        4016004 kB
MemFree:         3238260 kB
Active:           421664 kB
Mem:          3.8G       759M       3.1G       5.7M        55M       320M

MemTotal:        4016004 kB
MemFree:         3238136 kB
Active:           421648 kB
Mem:          3.8G       759M       3.1G       5.7M        55M       320M

MemTotal:        4016004 kB
MemFree:         3238136 kB
Active:           421628 kB
Mem:          3.8G       759M       3.1G       5.7M        55M       320M

MemTotal:        4016004 kB
MemFree:         3238012 kB
Active:           421620 kB
Mem:          3.8G       759M       3.1G       5.7M        55M       320M

MemTotal:        4016004 kB
MemFree:         3238060 kB
Active:           421620 kB
Mem:          3.8G       759M       3.1G       5.7M        55M       320M

MemTotal:        4016004 kB
MemFree:         3238680 kB
Active:           421624 kB
Mem:          3.8G       759M       3.1G       5.7M        55M       320M

MemTotal:        4016004 kB
MemFree:         3238804 kB
Active:           421616 kB
Mem:          3.8G       759M       3.1G       5.7M        55M       320M

MemTotal:        4016004 kB
MemFree:         3238928 kB
Active:           421656 kB
Mem:          3.8G       758M       3.1G       5.7M        55M       320M

MemTotal:        4016004 kB
MemFree:         3238432 kB
Active:           421680 kB
Mem:          3.8G       759M       3.1G       5.7M        55M       320M

MemTotal:        4016004 kB
MemFree:         3238928 kB
Active:           421672 kB
Mem:          3.8G       758M       3.1G       5.7M        55M       320M

MemTotal:        4016004 kB
MemFree:         3238680 kB
Active:           421660 kB
Mem:          3.8G       759M       3.1G       5.7M        55M       320M

MemTotal:        4016004 kB
MemFree:         3238788 kB
Active:           421644 kB
Mem:          3.8G       759M       3.1G       5.7M        55M       320M

MemTotal:        4016004 kB
MemFree:         3238648 kB
Active:           421632 kB
Mem:          3.8G       759M       3.1G       5.7M        55M       320M

MemTotal:        4016004 kB
MemFree:         3238508 kB
Active:           421676 kB
Mem:          3.8G       759M       3.1G       5.7M        55M       320M

MemTotal:        4016004 kB
MemFree:         3238492 kB
Active:           421636 kB
Mem:          3.8G       759M       3.1G       5.7M        55M       320M

MemTotal:        4016004 kB
MemFree:         3237872 kB
Active:           421700 kB
Mem:          3.8G       759M       3.1G       5.7M        55M       320M

MemTotal:        4016004 kB
MemFree:         3238476 kB
Active:           421692 kB
Mem:          3.8G       759M       3.1G       5.7M        55M       320M

MemTotal:        4016004 kB
MemFree:         3238148 kB
Active:           419660 kB
Mem:          3.8G       759M       3.1G       5.7M        55M       320M

MemTotal:        4016004 kB
MemFree:         3237900 kB
Active:           421692 kB
Mem:          3.8G       759M       3.1G       5.7M        55M       320M

MemTotal:        4016004 kB
MemFree:         3238272 kB
Active:           421712 kB
Mem:          3.8G       759M       3.1G       5.7M        55M       320M

MemTotal:        4016004 kB
MemFree:         3238272 kB
Active:           421712 kB
Mem:          3.8G       759M       3.1G       5.7M        55M       320M

MemTotal:        4016004 kB
MemFree:         3238380 kB
Active:           421720 kB
Mem:          3.8G       759M       3.1G       5.7M        55M       320M

MemTotal:        4016004 kB
MemFree:         3238364 kB
Active:           421708 kB
Mem:          3.8G       759M       3.1G       5.7M        55M       320M

MemTotal:        4016004 kB
MemFree:         3238364 kB
Active:           421700 kB
Mem:          3.8G       759M       3.1G       5.7M        55M       320M

MemTotal:        4016004 kB
MemFree:         3238224 kB
Active:           421724 kB
Mem:          3.8G       759M       3.1G       5.7M        55M       320M

MemTotal:        4016004 kB
MemFree:         3237960 kB
Active:           421724 kB
Mem:          3.8G       759M       3.1G       5.7M        55M       320M

MemTotal:        4016004 kB
MemFree:         3238456 kB
Active:           421684 kB
Mem:          3.8G       759M       3.1G       5.7M        55M       320M

MemTotal:        4016004 kB
MemFree:         3237896 kB
Active:           419644 kB
Mem:          3.8G       759M       3.1G       5.7M        55M       320M

MemTotal:        4016004 kB
MemFree:         3237772 kB
Active:           419632 kB
Mem:          3.8G       759M       3.1G       5.7M        55M       320M

MemTotal:        4016004 kB
MemFree:         3237772 kB
Active:           421676 kB
Mem:          3.8G       760M       3.1G       5.7M        55M       320M

MemTotal:        4016004 kB
MemFree:         3238004 kB
Active:           421728 kB
Mem:          3.8G       759M       3.1G       5.7M        55M       320M

MemTotal:        4016004 kB
MemFree:         3237960 kB
Active:           421692 kB
Mem:          3.8G       759M       3.1G       5.7M        55M       320M

MemTotal:        4016004 kB
MemFree:         3237276 kB
Active:           422032 kB
Mem:          3.8G       760M       3.1G       5.7M        55M       320M

MemTotal:        4016004 kB
MemFree:         3134388 kB
Active:           422980 kB
Mem:          3.8G       863M       3.0G       5.7M        55M       420M

MemTotal:        4016004 kB
MemFree:         3125876 kB
Active:           423116 kB
Mem:          3.8G       869M       3.0G       5.7M        55M       426M

MemTotal:        4016004 kB
MemFree:         3030544 kB
Active:           423132 kB
Mem:          3.8G       964M       2.9G       5.7M        55M       519M

MemTotal:        4016004 kB
MemFree:         2902164 kB
Active:           423136 kB
Mem:          3.8G       1.1G       2.8G       5.7M        55M       641M

MemTotal:        4016004 kB
MemFree:         2792368 kB
Active:           423208 kB
Mem:          3.8G       1.2G       2.7G       5.7M        55M       748M

MemTotal:        4016004 kB
MemFree:         2671568 kB
Active:           423192 kB
Mem:          3.8G       1.3G       2.5G       5.7M        55M       863M

MemTotal:        4016004 kB
MemFree:         2665440 kB
Active:           423196 kB
Mem:          3.8G       1.3G       2.5G       5.7M        55M       868M

MemTotal:        4016004 kB
MemFree:         2662064 kB
Active:           423240 kB
Mem:          3.8G       1.3G       2.5G       5.7M        55M       871M

MemTotal:        4016004 kB
MemFree:         2576748 kB
Active:           423248 kB
Mem:          3.8G       1.4G       2.5G       5.7M        55M       955M

MemTotal:        4016004 kB
MemFree:         2445888 kB
Active:           423248 kB
Mem:          3.8G       1.5G       2.3G       5.7M        55M       1.1G

MemTotal:        4016004 kB
MemFree:         2315012 kB
Active:           423248 kB
Mem:          3.8G       1.6G       2.2G       5.7M        55M       1.2G

MemTotal:        4016004 kB
MemFree:         2306592 kB
Active:           423268 kB
Mem:          3.8G       1.6G       2.2G       5.7M        55M       1.2G

MemTotal:        4016004 kB
MemFree:         2295324 kB
Active:           423288 kB
Mem:          3.8G       1.6G       2.2G       5.7M        55M       1.2G

MemTotal:        4016004 kB
MemFree:         2289596 kB
Active:           423308 kB
Mem:          3.8G       1.6G       2.2G       5.7M        55M       1.2G

MemTotal:        4016004 kB
MemFree:         2286276 kB
Active:           421420 kB
Mem:          3.8G       1.6G       2.2G       5.7M        55M       1.2G

MemTotal:        4016004 kB
MemFree:         2282016 kB
Active:           421280 kB
Mem:          3.8G       1.7G       2.2G       5.7M        55M       1.2G

MemTotal:        4016004 kB
MemFree:         2280988 kB
Active:           423280 kB
Mem:          3.8G       1.7G       2.2G       5.7M        55M       1.2G

MemTotal:        4016004 kB
MemFree:         2274424 kB
Active:           423332 kB
Mem:          3.8G       1.7G       2.2G       5.7M        55M       1.2G

MemTotal:        4016004 kB
MemFree:         2271836 kB
Active:           423360 kB
Mem:          3.8G       1.7G       2.2G       5.7M        55M       1.2G

MemTotal:        4016004 kB
MemFree:         2268760 kB
Active:           423352 kB
Mem:          3.8G       1.7G       2.2G       5.7M        55M       1.2G

MemTotal:        4016004 kB
MemFree:         2211968 kB
Active:           423332 kB
Mem:          3.8G       1.7G       2.1G       5.7M        55M       1.3G

MemTotal:        4016004 kB
MemFree:         2102612 kB
Active:           423332 kB
Mem:          3.8G       1.8G       2.0G       5.7M        55M       1.4G

MemTotal:        4016004 kB
MemFree:         1997964 kB
Active:           423336 kB
Mem:          3.8G       1.9G       1.9G       5.7M        55M       1.5G

MemTotal:        4016004 kB
MemFree:         1894448 kB
Active:           423368 kB
Mem:          3.8G       2.0G       1.8G       5.7M        55M       1.6G

MemTotal:        4016004 kB
MemFree:         1871616 kB
Active:           423380 kB
Mem:          3.8G       2.0G       1.8G       5.7M        55M       1.6G

MemTotal:        4016004 kB
MemFree:         1808788 kB
Active:           425400 kB
Mem:          3.8G       2.1G       1.7G       5.7M        55M       1.7G

MemTotal:        4016004 kB
MemFree:         1775896 kB
Active:           425380 kB
Mem:          3.8G       2.1G       1.7G       5.7M        55M       1.7G

MemTotal:        4016004 kB
MemFree:         1739196 kB
Active:           425424 kB
Mem:          3.8G       2.2G       1.7G       5.7M        55M       1.7G

MemTotal:        4016004 kB
MemFree:         1737132 kB
Active:           425416 kB
Mem:          3.8G       2.2G       1.7G       5.7M        55M       1.7G

MemTotal:        4016004 kB
MemFree:         1734060 kB
Active:           425388 kB
Mem:          3.8G       2.2G       1.7G       5.7M        55M       1.7G

MemTotal:        4016004 kB
MemFree:         1730872 kB
Active:           425444 kB
Mem:          3.8G       2.2G       1.7G       5.7M        55M       1.7G

MemTotal:        4016004 kB
MemFree:         1727976 kB
Active:           425444 kB
Mem:          3.8G       2.2G       1.6G       5.7M        55M       1.7G

MemTotal:        4016004 kB
MemFree:         1679168 kB
Active:           425444 kB
Mem:          3.8G       2.2G       1.6G       5.7M        55M       1.8G

MemTotal:        4016004 kB
MemFree:         1550664 kB
Active:           425452 kB
Mem:          3.8G       2.4G       1.5G       5.7M        55M       1.9G

MemTotal:        4016004 kB
MemFree:         1437460 kB
Active:           425452 kB
Mem:          3.8G       2.5G       1.4G       5.7M        55M       2.0G

MemTotal:        4016004 kB
MemFree:         1310568 kB
Active:           425448 kB
Mem:          3.8G       2.6G       1.2G       5.7M        55M       2.1G

MemTotal:        4016004 kB
MemFree:         1182312 kB
Active:           425468 kB
Mem:          3.8G       2.7G       1.1G       5.7M        55M       2.2G

MemTotal:        4016004 kB
MemFree:         1162932 kB
Active:           425464 kB
Mem:          3.8G       2.7G       1.1G       5.7M        55M       2.3G

MemTotal:        4016004 kB
MemFree:         1158456 kB
Active:           425492 kB
Mem:          3.8G       2.7G       1.1G       5.7M        55M       2.3G

MemTotal:        4016004 kB
MemFree:         1152704 kB
Active:           425488 kB
Mem:          3.8G       2.7G       1.1G       5.7M        55M       2.3G

MemTotal:        4016004 kB
MemFree:         1150532 kB
Active:           425460 kB
Mem:          3.8G       2.7G       1.1G       5.7M        55M       2.3G

MemTotal:        4016004 kB
MemFree:         1147944 kB
Active:           425460 kB
Mem:          3.8G       2.7G       1.1G       5.7M        55M       2.3G

MemTotal:        4016004 kB
MemFree:         1145836 kB
Active:           425492 kB
Mem:          3.8G       2.7G       1.1G       5.7M        55M       2.3G

MemTotal:        4016004 kB
MemFree:         1136744 kB
Active:           425504 kB
Mem:          3.8G       2.7G       1.1G       5.7M        55M       2.3G

MemTotal:        4016004 kB
MemFree:         1104984 kB
Active:           425548 kB
Mem:          3.8G       2.8G       1.1G       5.7M        55M       2.3G

MemTotal:        4016004 kB
MemFree:          999716 kB
Active:           425520 kB
Mem:          3.8G       2.9G       974M       5.7M        55M       2.4G

MemTotal:        4016004 kB
MemFree:          875568 kB
Active:           425536 kB
Mem:          3.8G       3.0G       852M       5.7M        55M       2.5G

MemTotal:        4016004 kB
MemFree:          762096 kB
Active:           425528 kB
Mem:          3.8G       3.1G       744M       5.7M        55M       2.6G

MemTotal:        4016004 kB
MemFree:          761880 kB
Active:           425568 kB
Mem:          3.8G       3.1G       744M       5.7M        55M       2.6G

MemTotal:        4016004 kB
MemFree:          710532 kB
Active:           425596 kB
Mem:          3.8G       3.2G       693M       5.7M        55M       2.7G

MemTotal:        4016004 kB
MemFree:          640608 kB
Active:           425556 kB
Mem:          3.8G       3.2G       623M       5.7M        55M       2.8G

MemTotal:        4016004 kB
MemFree:          636080 kB
Active:           425584 kB
Mem:          3.8G       3.2G       621M       5.7M        55M       2.8G

MemTotal:        4016004 kB
MemFree:          555152 kB
Active:           425600 kB
Mem:          3.8G       3.3G       541M       5.7M        55M       2.8G

MemTotal:        4016004 kB
MemFree:          432972 kB
Active:           425608 kB
Mem:          3.8G       3.4G       421M       5.7M        55M       2.9G

MemTotal:        4016004 kB
MemFree:          417692 kB
Active:           423672 kB
Mem:          3.8G       3.4G       407M       5.7M        55M       3.0G

MemTotal:        4016004 kB
MemFree:          415776 kB
Active:           425628 kB
Mem:          3.8G       3.4G       406M       5.7M        55M       3.0G

MemTotal:        4016004 kB
MemFree:          412096 kB
Active:           425608 kB
Mem:          3.8G       3.4G       402M       5.7M        55M       3.0G

MemTotal:        4016004 kB
MemFree:          376708 kB
Active:           425628 kB
Mem:          3.8G       3.5G       365M       5.7M        55M       3.0G

MemTotal:        4016004 kB
MemFree:          247072 kB
Active:           425656 kB
Mem:          3.8G       3.6G       238M       5.7M        55M       3.1G

MemTotal:        4016004 kB
MemFree:          238624 kB
Active:           425648 kB
Mem:          3.8G       3.6G       232M       5.7M        55M       3.1G

MemTotal:        4016004 kB
MemFree:          163664 kB
Active:           425688 kB
Mem:          3.8G       3.7G       157M       5.7M        55M       3.2G

MemTotal:        4016004 kB
MemFree:          130824 kB
Active:           422736 kB
Mem:          3.8G       3.7G       133M       5.7M        20M       3.3G

MemTotal:        4016004 kB
MemFree:          143108 kB
Active:           439204 kB
Mem:          3.8G       3.7G       145M       5.7M        20M       3.2G

MemTotal:        4016004 kB
MemFree:          143324 kB
Active:           480012 kB
Mem:          3.8G       3.7G       139M       5.7M        20M       3.2G

MemTotal:        4016004 kB
MemFree:          141452 kB
Active:           482072 kB
Mem:          3.8G       3.7G       138M       5.7M        20M       3.2G

MemTotal:        4016004 kB
MemFree:          138628 kB
Active:           482044 kB
Mem:          3.8G       3.7G       135M       5.7M        20M       3.3G

MemTotal:        4016004 kB
MemFree:          133964 kB
Active:           482056 kB
Mem:          3.8G       3.7G       130M       5.7M        20M       3.3G

MemTotal:        4016004 kB
MemFree:          105912 kB
Active:           482068 kB
Mem:          3.8G       3.7G       103M       5.7M        20M       3.3G

MemTotal:        4016004 kB
MemFree:          129444 kB
Active:           464632 kB
Mem:          3.8G       3.7G       130M       5.7M        20M       3.3G

MemTotal:        4016004 kB
MemFree:          111364 kB
Active:           454792 kB
Mem:          3.8G       3.7G       123M       5.7M        20M       3.3G

MemTotal:        4016004 kB
MemFree:          117048 kB
Active:           445220 kB
Mem:          3.8G       3.7G       113M       5.7M        20M       3.3G

MemTotal:        4016004 kB
MemFree:          126440 kB
Active:           438356 kB
Mem:          3.8G       3.7G       121M       5.7M        20M       3.3G

MemTotal:        4016004 kB
MemFree:          126640 kB
Active:           437332 kB
Mem:          3.8G       3.7G       123M       5.7M        20M       3.3G

MemTotal:        4016004 kB
MemFree:          125432 kB
Active:           436928 kB
Mem:          3.8G       3.7G       122M       5.7M        20M       3.3G

MemTotal:        4016004 kB
MemFree:          118608 kB
Active:           436952 kB
Mem:          3.8G       3.7G       115M       5.7M        20M       3.3G

MemTotal:        4016004 kB
MemFree:          115012 kB
Active:           436964 kB
Mem:          3.8G       3.7G       112M       5.7M        20M       3.3G

MemTotal:        4016004 kB
MemFree:          112364 kB
Active:           436984 kB
Mem:          3.8G       3.7G       109M       5.7M        20M       3.3G

MemTotal:        4016004 kB
MemFree:          129884 kB
Active:           432016 kB
Mem:          3.8G       3.7G       126M       5.7M        20M       3.3G

MemTotal:        4016004 kB
MemFree:          128224 kB
Active:           431908 kB
Mem:          3.8G       3.7G       124M       5.7M        20M       3.3G

MemTotal:        4016004 kB
MemFree:          122252 kB
Active:           431888 kB
Mem:          3.8G       3.7G       118M       5.7M        20M       3.3G

MemTotal:        4016004 kB
MemFree:          118356 kB
Active:           431892 kB
Mem:          3.8G       3.7G       115M       5.7M        20M       3.3G

MemTotal:        4016004 kB
MemFree:          112396 kB
Active:           431928 kB
Mem:          3.8G       3.7G       109M       5.7M        20M       3.3G

MemTotal:        4016004 kB
MemFree:          130636 kB
Active:           428856 kB
Mem:          3.8G       3.7G       130M       5.7M        20M       3.3G

MemTotal:        4016004 kB
MemFree:          132024 kB
Active:           424888 kB
Mem:          3.8G       3.7G       127M       5.7M        20M       3.3G

MemTotal:        4016004 kB
MemFree:          128900 kB
Active:           420896 kB
Mem:          3.8G       3.7G       122M       5.7M        20M       3.3G

MemTotal:        4016004 kB
MemFree:          141236 kB
Active:           419228 kB
Mem:          3.8G       3.7G       138M       5.7M        20M       3.2G

MemTotal:        4016004 kB
MemFree:          136532 kB
Active:           416432 kB
Mem:          3.8G       3.7G       133M       5.7M        20M       3.3G

MemTotal:        4016004 kB
MemFree:          132804 kB
Active:           416428 kB
Mem:          3.8G       3.7G       129M       5.7M        20M       3.3G

MemTotal:        4016004 kB
MemFree:          113232 kB
Active:           416460 kB
Mem:          3.8G       3.7G       109M       5.7M        20M       3.3G

MemTotal:        4016004 kB
MemFree:          146664 kB
Active:           412624 kB
Mem:          3.8G       3.7G       143M       5.7M        20M       3.2G

MemTotal:        4016004 kB
MemFree:          145120 kB
Active:           412576 kB
Mem:          3.8G       3.7G       140M       5.7M        20M       3.2G

MemTotal:        4016004 kB
MemFree:          140840 kB
Active:           412628 kB
Mem:          3.8G       3.7G       137M       5.7M        20M       3.2G

MemTotal:        4016004 kB
MemFree:          138312 kB
Active:           412624 kB
Mem:          3.8G       3.7G       134M       5.7M        20M       3.3G

MemTotal:        4016004 kB
MemFree:          136764 kB
Active:           412620 kB
Mem:          3.8G       3.7G       133M       5.7M        20M       3.3G

MemTotal:        4016004 kB
MemFree:          118132 kB
Active:           411360 kB
Mem:          3.8G       3.7G       112M       5.7M        20M       3.3G

MemTotal:        4016004 kB
MemFree:          134352 kB
Active:           406624 kB
Mem:          3.8G       3.7G       128M       5.7M        20M       3.3G

MemTotal:        4016004 kB
MemFree:          140512 kB
Active:           399724 kB
Mem:          3.8G       3.7G       133M       5.7M        20M       3.3G

MemTotal:        4016004 kB
MemFree:          141004 kB
Active:           398572 kB
Mem:          3.8G       3.7G       137M       5.7M        20M       3.2G

MemTotal:        4016004 kB
MemFree:          110780 kB
Active:           398520 kB
Mem:          3.8G       3.7G       107M       5.7M        20M       3.3G

MemTotal:        4016004 kB
MemFree:          127964 kB
Active:           395496 kB
Mem:          3.8G       3.7G       122M       5.7M        20M       3.3G

MemTotal:        4016004 kB
MemFree:          125916 kB
Active:           393592 kB
Mem:          3.8G       3.7G       121M       5.7M        20M       3.3G

MemTotal:        4016004 kB
MemFree:          145492 kB
Active:           392328 kB
Mem:          3.8G       3.7G       141M       5.7M        20M       3.2G

MemTotal:        4016004 kB
MemFree:          142416 kB
Active:           393308 kB
Mem:          3.8G       3.7G       139M       5.7M        20M       3.2G

MemTotal:        4016004 kB
MemFree:          140620 kB
Active:           393276 kB
Mem:          3.8G       3.7G       137M       5.7M        20M       3.2G

MemTotal:        4016004 kB
MemFree:          140252 kB
Active:           393284 kB
Mem:          3.8G       3.7G       136M       5.7M        20M       3.2G

MemTotal:        4016004 kB
MemFree:          137796 kB
Active:           393288 kB
Mem:          3.8G       3.7G       134M       5.7M        20M       3.3G

MemTotal:        4016004 kB
MemFree:          122324 kB
Active:           391264 kB
Mem:          3.8G       3.7G       117M       5.7M        20M       3.3G

MemTotal:        4016004 kB
MemFree:          126424 kB
Active:           387228 kB
Mem:          3.8G       3.7G       121M       5.7M        20M       3.3G

MemTotal:        4016004 kB
MemFree:          115800 kB
Active:           384412 kB
Mem:          3.8G       3.7G       111M       5.7M        20M       3.3G

MemTotal:        4016004 kB
MemFree:          132952 kB
Active:           382496 kB
Mem:          3.8G       3.7G       129M       5.7M        20M       3.3G

MemTotal:        4016004 kB
MemFree:          108544 kB
Active:           382548 kB
Mem:          3.8G       3.7G       105M       5.7M        20M       3.3G

MemTotal:        4016004 kB
MemFree:          125224 kB
Active:           379676 kB
Mem:          3.8G       3.7G       122M       5.7M        20M       3.3G

MemTotal:        4016004 kB
MemFree:          123784 kB
Active:           379740 kB
Mem:          3.8G       3.7G       117M       5.7M        20M       3.3G

MemTotal:        4016004 kB
MemFree:          129032 kB
Active:           377692 kB
Mem:          3.8G       3.7G       126M       5.7M        20M       3.3G

MemTotal:        4016004 kB
MemFree:          128372 kB
Active:           377516 kB
Mem:          3.8G       3.7G       124M       5.7M        20M       3.3G

MemTotal:        4016004 kB
MemFree:          128316 kB
Active:           377560 kB
Mem:          3.8G       3.7G       125M       5.7M        20M       3.3G

MemTotal:        4016004 kB
MemFree:          124580 kB
Active:           377584 kB
Mem:          3.8G       3.7G       121M       5.7M        20M       3.3G

MemTotal:        4016004 kB
MemFree:          118840 kB
Active:           377560 kB
Mem:          3.8G       3.7G       114M       5.7M        20M       3.3G

MemTotal:        4016004 kB
MemFree:          119740 kB
Active:           373108 kB
Mem:          3.8G       3.7G       114M       5.7M        20M       3.3G

MemTotal:        4016004 kB
MemFree:          115292 kB
Active:           369248 kB
Mem:          3.8G       3.7G       109M       5.7M        20M       3.3G

MemTotal:        4016004 kB
MemFree:          105908 kB
Active:           366848 kB
Mem:          3.8G       3.7G       103M       5.7M        20M       3.3G

MemTotal:        4016004 kB
MemFree:          125164 kB
Active:           366840 kB
Mem:          3.8G       3.7G       121M       5.7M        20M       3.3G

MemTotal:        4016004 kB
MemFree:          131216 kB
Active:           366804 kB
Mem:          3.8G       3.7G       127M       5.7M        20M       3.3G

MemTotal:        4016004 kB
MemFree:          128040 kB
Active:           366764 kB
Mem:          3.8G       3.7G       124M       5.7M        20M       3.3G

MemTotal:        4016004 kB
MemFree:          121028 kB
Active:           366776 kB
Mem:          3.8G       3.7G       116M       5.7M        20M       3.3G

MemTotal:        4016004 kB
MemFree:          134276 kB
Active:           366820 kB
Mem:          3.8G       3.7G       131M       5.7M        20M       3.3G

MemTotal:        4016004 kB
MemFree:          129480 kB
Active:           365800 kB
Mem:          3.8G       3.7G       126M       5.7M        20M       3.3G

MemTotal:        4016004 kB
MemFree:          126944 kB
Active:           365844 kB
Mem:          3.8G       3.7G       123M       5.7M        20M       3.3G

MemTotal:        4016004 kB
MemFree:          125268 kB
Active:           365856 kB
Mem:          3.8G       3.7G       121M       5.7M        20M       3.3G

MemTotal:        4016004 kB
MemFree:          122836 kB
Active:           365860 kB
Mem:          3.8G       3.7G       119M       5.7M        20M       3.3G

MemTotal:        4016004 kB
MemFree:          114368 kB
Active:           365836 kB
Mem:          3.8G       3.7G       107M       5.7M        20M       3.3G

MemTotal:        4016004 kB
MemFree:          126828 kB
Active:           365832 kB
Mem:          3.8G       3.7G       122M       5.7M        20M       3.3G

MemTotal:        4016004 kB
MemFree:          124320 kB
Active:           365848 kB
Mem:          3.8G       3.7G       120M       5.7M        20M       3.3G

MemTotal:        4016004 kB
MemFree:          116548 kB
Active:           365868 kB
Mem:          3.8G       3.7G       112M       5.7M        20M       3.3G

MemTotal:        4016004 kB
MemFree:          141004 kB
Active:           365880 kB
Mem:          3.8G       3.7G       137M       5.7M        20M       3.2G

MemTotal:        4016004 kB
MemFree:          106452 kB
Active:           365840 kB
Mem:          3.8G       3.7G       103M       5.7M        20M       3.3G

MemTotal:        4016004 kB
MemFree:          121192 kB
Active:           365896 kB
Mem:          3.8G       3.7G       115M       5.7M        20M       3.3G

MemTotal:        4016004 kB
MemFree:          127068 kB
Active:           365764 kB
Mem:          3.8G       3.7G       124M       5.7M        20M       3.3G

MemTotal:        4016004 kB
MemFree:          135444 kB
Active:           365032 kB
Mem:          3.8G       3.7G       132M       5.7M        20M       3.3G

MemTotal:        4016004 kB
MemFree:          131840 kB
Active:           364932 kB
Mem:          3.8G       3.7G       128M       5.7M        20M       3.3G

MemTotal:        4016004 kB
MemFree:          131036 kB
Active:           364960 kB
Mem:          3.8G       3.7G       128M       5.7M        20M       3.3G

MemTotal:        4016004 kB
MemFree:          131384 kB
Active:           364964 kB
Mem:          3.8G       3.7G       128M       5.7M        20M       3.3G

MemTotal:        4016004 kB
MemFree:          129776 kB
Active:           366696 kB
Mem:          3.8G       3.7G       126M       5.7M        20M       3.3G

MemTotal:        4016004 kB
MemFree:          118052 kB
Active:           365232 kB
Mem:          3.8G       3.7G       112M       5.7M        20M       3.3G

MemTotal:        4016004 kB
MemFree:          139000 kB
Active:           365212 kB
Mem:          3.8G       3.7G       134M       5.7M        20M       3.3G

MemTotal:        4016004 kB
MemFree:          133284 kB
Active:           363796 kB
Mem:          3.8G       3.7G       126M       5.7M        20M       3.3G

MemTotal:        4016004 kB
MemFree:          121780 kB
Active:           363696 kB
Mem:          3.8G       3.7G       117M       5.7M        20M       3.3G

MemTotal:        4016004 kB
MemFree:          126140 kB
Active:           363708 kB
Mem:          3.8G       3.7G       123M       5.7M        20M       3.3G

MemTotal:        4016004 kB
MemFree:          123628 kB
Active:           363684 kB
Mem:          3.8G       3.7G       120M       5.7M        20M       3.3G

MemTotal:        4016004 kB
MemFree:          120804 kB
Active:           363732 kB
Mem:          3.8G       3.7G       118M       5.7M        20M       3.3G

MemTotal:        4016004 kB
MemFree:          118964 kB
Active:           363716 kB
Mem:          3.8G       3.7G       114M       5.7M        20M       3.3G

MemTotal:        4016004 kB
MemFree:          146664 kB
Active:           361664 kB
Mem:          3.8G       3.7G       142M       5.7M        20M       3.2G

MemTotal:        4016004 kB
MemFree:          144816 kB
Active:           361544 kB
Mem:          3.8G       3.7G       141M       5.7M        20M       3.2G

MemTotal:        4016004 kB
MemFree:          142864 kB
Active:           361568 kB
Mem:          3.8G       3.7G       139M       5.7M        20M       3.2G

MemTotal:        4016004 kB
MemFree:          141040 kB
Active:           361584 kB
Mem:          3.8G       3.7G       137M       5.7M        20M       3.2G

MemTotal:        4016004 kB
MemFree:          140348 kB
Active:           361544 kB
Mem:          3.8G       3.7G       136M       5.7M        20M       3.2G

MemTotal:        4016004 kB
MemFree:          135692 kB
Active:           361396 kB
Mem:          3.8G       3.7G       129M       5.7M        20M       3.3G

MemTotal:        4016004 kB
MemFree:          132892 kB
Active:           361300 kB
Mem:          3.8G       3.7G       127M       5.7M        20M       3.3G

MemTotal:        4016004 kB
MemFree:          133800 kB
Active:           360552 kB
Mem:          3.8G       3.7G       127M       5.7M        20M       3.3G

MemTotal:        4016004 kB
MemFree:          119832 kB
Active:           360392 kB
Mem:          3.8G       3.7G       114M       5.7M        20M       3.3G

MemTotal:        4016004 kB
MemFree:          117984 kB
Active:           360408 kB
Mem:          3.8G       3.7G       114M       5.7M        20M       3.3G

MemTotal:        4016004 kB
MemFree:          127884 kB
Active:           360440 kB
Mem:          3.8G       3.7G       124M       5.7M        20M       3.3G

MemTotal:        4016004 kB
MemFree:          129568 kB
Active:           360448 kB
Mem:          3.8G       3.7G       126M       5.7M        20M       3.3G

MemTotal:        4016004 kB
MemFree:          127060 kB
Active:           360464 kB
Mem:          3.8G       3.7G       124M       5.7M        20M       3.3G

MemTotal:        4016004 kB
MemFree:          125976 kB
Active:           360420 kB
Mem:          3.8G       3.7G       122M       5.7M        20M       3.3G

MemTotal:        4016004 kB
MemFree:          125608 kB
Active:           360476 kB
Mem:          3.8G       3.7G       122M       5.7M        20M       3.3G

MemTotal:        4016004 kB
MemFree:          139984 kB
Active:           360480 kB
Mem:          3.8G       3.7G       134M       5.7M        20M       3.2G

MemTotal:        4016004 kB
MemFree:          136956 kB
Active:           358384 kB
Mem:          3.8G       3.7G       133M       5.7M        20M       3.2G

MemTotal:        4016004 kB
MemFree:          120924 kB
Active:           358248 kB
Mem:          3.8G       3.7G       124M       5.7M        20M       3.3G

MemTotal:        4016004 kB
MemFree:          127404 kB
Active:           358272 kB
Mem:          3.8G       3.7G       124M       5.7M        20M       3.3G

MemTotal:        4016004 kB
MemFree:          116556 kB
Active:           358232 kB
Mem:          3.8G       3.7G       123M       5.7M        20M       3.3G

MemTotal:        4016004 kB
MemFree:          112256 kB
Active:           358260 kB
Mem:          3.8G       3.7G       109M       5.7M        20M       3.3G

MemTotal:        4016004 kB
MemFree:          120924 kB
Active:           351680 kB
Mem:          3.8G       3.7G       115M       5.7M        20M       3.3G

MemTotal:        4016004 kB
MemFree:          128908 kB
Active:           351592 kB
Mem:          3.8G       3.7G       126M       5.7M        20M       3.3G

MemTotal:        4016004 kB
MemFree:          128536 kB
Active:           351600 kB
Mem:          3.8G       3.7G       125M       5.7M        20M       3.3G

MemTotal:        4016004 kB
MemFree:          127172 kB
Active:           351620 kB
Mem:          3.8G       3.7G       124M       5.7M        20M       3.3G

MemTotal:        4016004 kB
MemFree:          127768 kB
Active:           351576 kB
Mem:          3.8G       3.7G       124M       5.7M        20M       3.3G

MemTotal:        4016004 kB
MemFree:          115352 kB
Active:           351604 kB
Mem:          3.8G       3.7G       110M       5.7M        20M       3.3G

MemTotal:        4016004 kB
MemFree:          119420 kB
Active:           351620 kB
Mem:          3.8G       3.7G       115M       5.7M        20M       3.3G

MemTotal:        4016004 kB
MemFree:          123656 kB
Active:           351588 kB
Mem:          3.8G       3.7G       130M       5.7M        20M       3.3G

MemTotal:        4016004 kB
MemFree:          125920 kB
Active:           350036 kB
Mem:          3.8G       3.7G       122M       5.7M        20M       3.3G

MemTotal:        4016004 kB
MemFree:          137572 kB
Active:           349888 kB
Mem:          3.8G       3.7G       134M       5.7M        20M       3.2G

MemTotal:        4016004 kB
MemFree:          120472 kB
Active:           351288 kB
Mem:          3.8G       3.7G       115M       5.7M        20M       3.3G

MemTotal:        4016004 kB
MemFree:          131412 kB
Active:           351120 kB
Mem:          3.8G       3.7G       126M       5.7M        20M       3.3G

MemTotal:        4016004 kB
MemFree:          122428 kB
Active:           351132 kB
Mem:          3.8G       3.7G       129M       5.7M        20M       3.2G

MemTotal:        4016004 kB
MemFree:          132984 kB
Active:           351128 kB
Mem:          3.8G       3.7G       129M       5.7M        20M       3.2G

MemTotal:        4016004 kB
MemFree:          132752 kB
Active:           351148 kB
Mem:          3.8G       3.7G       129M       5.7M        20M       3.2G

MemTotal:        4016004 kB
MemFree:          132848 kB
Active:           351200 kB
Mem:          3.8G       3.7G       129M       5.7M        20M       3.2G

MemTotal:        4016004 kB
MemFree:          131460 kB
Active:           351296 kB
Mem:          3.8G       3.7G       128M       5.7M        20M       3.2G

MemTotal:        4016004 kB
MemFree:          132804 kB
Active:           351192 kB
Mem:          3.8G       3.7G       128M       5.7M        20M       3.3G

MemTotal:        4016004 kB
MemFree:          122616 kB
Active:           349284 kB
Mem:          3.8G       3.7G       116M       5.7M        20M       3.3G

MemTotal:        4016004 kB
MemFree:          110968 kB
Active:           348808 kB
Mem:          3.8G       3.7G       106M       5.7M        20M       3.3G

MemTotal:        4016004 kB
MemFree:          131264 kB
Active:           348816 kB
Mem:          3.8G       3.7G       126M       5.7M        20M       3.3G

MemTotal:        4016004 kB
MemFree:          130372 kB
Active:           348952 kB
Mem:          3.8G       3.7G       125M       5.7M        20M       3.3G

MemTotal:        4016004 kB
MemFree:          136228 kB
Active:           346300 kB
Mem:          3.8G       3.7G       136M       5.7M        20M       3.2G

MemTotal:        4016004 kB
MemFree:          144312 kB
Active:           346128 kB
Mem:          3.8G       3.7G       141M       5.7M        20M       3.2G

MemTotal:        4016004 kB
MemFree:          144248 kB
Active:           346104 kB
Mem:          3.8G       3.7G       140M       5.7M        20M       3.2G

MemTotal:        4016004 kB
MemFree:          143896 kB
Active:           346096 kB
Mem:          3.8G       3.7G       140M       5.7M        20M       3.2G

MemTotal:        4016004 kB
MemFree:          143860 kB
Active:           346204 kB
Mem:          3.8G       3.7G       140M       5.7M        20M       3.2G

MemTotal:        4016004 kB
MemFree:          144000 kB
Active:           346084 kB
Mem:          3.8G       3.7G       140M       5.7M        20M       3.2G

MemTotal:        4016004 kB
MemFree:          123572 kB
Active:           346116 kB
Mem:          3.8G       3.7G       120M       5.7M        20M       3.3G

MemTotal:        4016004 kB
MemFree:          122364 kB
Active:           346104 kB
Mem:          3.8G       3.7G       118M       5.7M        20M       3.3G

MemTotal:        4016004 kB
MemFree:          121800 kB
Active:           346220 kB
Mem:          3.8G       3.7G       119M       5.7M        20M       3.3G

MemTotal:        4016004 kB
MemFree:          122188 kB
Active:           346240 kB
Mem:          3.8G       3.7G       119M       5.7M        20M       3.3G

MemTotal:        4016004 kB
MemFree:          117600 kB
Active:           346212 kB
Mem:          3.8G       3.7G       136M       5.7M        20M       3.2G

MemTotal:        4016004 kB
MemFree:          140324 kB
Active:           346048 kB
Mem:          3.8G       3.7G       134M       5.7M        20M       3.2G

MemTotal:        4016004 kB
MemFree:          120592 kB
Active:           342656 kB
Mem:          3.8G       3.7G       130M       5.7M        20M       3.2G

MemTotal:        4016004 kB
MemFree:          107648 kB
Active:           342732 kB
Mem:          3.8G       3.7G       103M       5.7M        20M       3.3G

MemTotal:        4016004 kB
MemFree:          116780 kB
Active:           342704 kB
Mem:          3.8G       3.7G       114M       5.7M        20M       3.3G

MemTotal:        4016004 kB
MemFree:          126204 kB
Active:           342692 kB
Mem:          3.8G       3.7G       122M       5.7M        20M       3.3G

MemTotal:        4016004 kB
MemFree:          146832 kB
Active:           342600 kB
Mem:          3.8G       3.7G       143M       5.7M        20M       3.2G

MemTotal:        4016004 kB
MemFree:          113956 kB
Active:           342580 kB
Mem:          3.8G       3.7G       109M       5.7M        20M       3.3G

MemTotal:        4016004 kB
MemFree:          109692 kB
Active:           342728 kB
Mem:          3.8G       3.7G       107M       5.7M        20M       3.3G

MemTotal:        4016004 kB
MemFree:          109756 kB
Active:           342732 kB
Mem:          3.8G       3.7G       107M       5.7M        20M       3.3G

MemTotal:        4016004 kB
MemFree:          110540 kB
Active:           342868 kB
Mem:          3.8G       3.7G       107M       5.7M        20M       3.3G

MemTotal:        4016004 kB
MemFree:          108308 kB
Active:           342760 kB
Mem:          3.8G       3.7G       105M       5.7M        20M       3.3G

MemTotal:        4016004 kB
MemFree:          135904 kB
Active:           342844 kB
Mem:          3.8G       3.7G       131M       5.7M        20M       3.2G

MemTotal:        4016004 kB
MemFree:          137324 kB
Active:           342856 kB
Mem:          3.8G       3.7G       131M       5.7M        20M       3.2G

MemTotal:        4016004 kB
MemFree:          126112 kB
Active:           340528 kB
Mem:          3.8G       3.7G       119M       5.7M        20M       3.3G

MemTotal:        4016004 kB
MemFree:          131356 kB
Active:           340320 kB
Mem:          3.8G       3.7G       127M       5.7M        20M       3.2G

MemTotal:        4016004 kB
MemFree:          130652 kB
Active:           340300 kB
Mem:          3.8G       3.7G       127M       5.7M        20M       3.2G

MemTotal:        4016004 kB
MemFree:          132976 kB
Active:           340404 kB
Mem:          3.8G       3.7G       128M       5.7M        20M       3.2G

MemTotal:        4016004 kB
MemFree:          126612 kB
Active:           340416 kB
Mem:          3.8G       3.7G       123M       5.7M        20M       3.3G

MemTotal:        4016004 kB
MemFree:          117208 kB
Active:           340320 kB
Mem:          3.8G       3.7G       116M       5.7M        20M       3.3G

MemTotal:        4016004 kB
MemFree:          134268 kB
Active:           340340 kB
Mem:          3.8G       3.7G       131M       5.7M        20M       3.2G

MemTotal:        4016004 kB
MemFree:          127912 kB
Active:           340452 kB
Mem:          3.8G       3.7G       124M       5.7M        20M       3.2G

MemTotal:        4016004 kB
MemFree:          125712 kB
Active:           340340 kB
Mem:          3.8G       3.7G       122M       5.7M        20M       3.3G

MemTotal:        4016004 kB
MemFree:          124848 kB
Active:           340468 kB
Mem:          3.8G       3.7G       121M       5.7M        20M       3.3G

MemTotal:        4016004 kB
MemFree:          124808 kB
Active:           340332 kB
Mem:          3.8G       3.7G       121M       5.7M        20M       3.3G

MemTotal:        4016004 kB
MemFree:          119152 kB
Active:           340380 kB
Mem:          3.8G       3.7G       113M       5.7M        20M       3.3G

MemTotal:        4016004 kB
MemFree:          125236 kB
Active:           340616 kB
Mem:          3.8G       3.7G       124M       5.7M        20M       3.2G

MemTotal:        4016004 kB
MemFree:          131056 kB
Active:           340488 kB
Mem:          3.8G       3.7G       125M       5.7M        20M       3.2G

MemTotal:        4016004 kB
MemFree:          127500 kB
Active:           342320 kB
Mem:          3.8G       3.7G       123M       5.7M        20M       3.2G

MemTotal:        4016004 kB
MemFree:          108224 kB
Active:           341632 kB
Mem:          3.8G       3.7G       105M       5.7M        20M       3.3G

MemTotal:        4016004 kB
MemFree:          107844 kB
Active:           341308 kB
Mem:          3.8G       3.7G       105M       5.7M        20M       3.3G

MemTotal:        4016004 kB
MemFree:          108092 kB
Active:           341356 kB
Mem:          3.8G       3.7G       105M       5.7M        20M       3.3G

MemTotal:        4016004 kB
MemFree:          108092 kB
Active:           341360 kB
Mem:          3.8G       3.7G       105M       5.7M        20M       3.3G

MemTotal:        4016004 kB
MemFree:          108140 kB
Active:           341448 kB
Mem:          3.8G       3.7G       105M       5.7M        20M       3.3G

MemTotal:        4016004 kB
MemFree:          108036 kB
Active:           341480 kB
Mem:          3.8G       3.7G       105M       5.7M        20M       3.3G

MemTotal:        4016004 kB
MemFree:          107352 kB
Active:           341580 kB
Mem:          3.8G       3.7G       105M       5.7M        20M       3.3G

MemTotal:        4016004 kB
MemFree:          107748 kB
Active:           341680 kB
Mem:          3.8G       3.7G       105M       5.7M        20M       3.3G

MemTotal:        4016004 kB
MemFree:          107812 kB
Active:           341488 kB
Mem:          3.8G       3.7G       105M       5.7M        20M       3.3G

MemTotal:        4016004 kB
MemFree:          108068 kB
Active:           341388 kB
Mem:          3.8G       3.7G       105M       5.7M        20M       3.3G

MemTotal:        4016004 kB
MemFree:          108368 kB
Active:           341392 kB
Mem:          3.8G       3.7G       105M       5.7M        20M       3.3G

MemTotal:        4016004 kB
MemFree:          107888 kB
Active:           341372 kB
Mem:          3.8G       3.7G       105M       5.7M        20M       3.3G

MemTotal:        4016004 kB
MemFree:          107920 kB
Active:           341488 kB
Mem:          3.8G       3.7G       105M       5.7M        20M       3.3G

MemTotal:        4016004 kB
MemFree:          107388 kB
Active:           341616 kB
Mem:          3.8G       3.7G       104M       5.7M        20M       3.3G

MemTotal:        4016004 kB
MemFree:          108124 kB
Active:           341548 kB
Mem:          3.8G       3.7G       105M       5.7M        20M       3.3G

MemTotal:        4016004 kB
MemFree:          108008 kB
Active:           341484 kB
Mem:          3.8G       3.7G       105M       5.7M        20M       3.3G

MemTotal:        4016004 kB
MemFree:          107464 kB
Active:           341536 kB
Mem:          3.8G       3.7G       105M       5.7M        20M       3.3G

MemTotal:        4016004 kB
MemFree:          107388 kB
Active:           341652 kB
Mem:          3.8G       3.7G       105M       5.7M        20M       3.3G

MemTotal:        4016004 kB
MemFree:          108168 kB
Active:           341636 kB
Mem:          3.8G       3.7G       105M       5.7M        20M       3.3G

MemTotal:        4016004 kB
MemFree:          108168 kB
Active:           341468 kB
Mem:          3.8G       3.7G       105M       5.7M        20M       3.3G

MemTotal:        4016004 kB
MemFree:          107796 kB
Active:           341468 kB
Mem:          3.8G       3.7G       105M       5.7M        20M       3.3G

MemTotal:        4016004 kB
MemFree:          107792 kB
Active:           341636 kB
Mem:          3.8G       3.7G       105M       5.7M        20M       3.3G

MemTotal:        4016004 kB
MemFree:          107668 kB
Active:           341628 kB
Mem:          3.8G       3.7G       104M       5.7M        20M       3.3G

MemTotal:        4016004 kB
MemFree:          107716 kB
Active:           341640 kB
Mem:          3.8G       3.7G       105M       5.7M        20M       3.3G

MemTotal:        4016004 kB
MemFree:          107840 kB
Active:           341672 kB
Mem:          3.8G       3.7G       105M       5.7M        20M       3.3G

MemTotal:        4016004 kB
MemFree:          107840 kB
Active:           341612 kB
Mem:          3.8G       3.7G       105M       5.7M        20M       3.3G

MemTotal:        4016004 kB
MemFree:          107768 kB
Active:           341824 kB
Mem:          3.8G       3.7G       105M       5.7M        20M       3.3G

MemTotal:        4016004 kB
MemFree:          108044 kB
Active:           341464 kB
Mem:          3.8G       3.7G       105M       5.7M        20M       3.3G

MemTotal:        4016004 kB
MemFree:          108012 kB
Active:           341660 kB
Mem:          3.8G       3.7G       105M       5.7M        20M       3.3G

MemTotal:        4016004 kB
MemFree:          108168 kB
Active:           341584 kB
Mem:          3.8G       3.7G       105M       5.7M        20M       3.3G

MemTotal:        4016004 kB
MemFree:          107812 kB
Active:           341468 kB
Mem:          3.8G       3.7G       105M       5.7M        20M       3.3G

MemTotal:        4016004 kB
MemFree:          107720 kB
Active:           341528 kB
Mem:          3.8G       3.7G       105M       5.7M        20M       3.3G

MemTotal:        4016004 kB
MemFree:          107916 kB
Active:           341508 kB
Mem:          3.8G       3.7G       105M       5.7M        20M       3.3G

MemTotal:        4016004 kB
MemFree:          107768 kB
Active:           341496 kB
Mem:          3.8G       3.7G       105M       5.7M        20M       3.3G

MemTotal:        4016004 kB
MemFree:          107720 kB
Active:           341552 kB
Mem:          3.8G       3.7G       105M       5.7M        20M       3.3G

MemTotal:        4016004 kB
MemFree:          107672 kB
Active:           341460 kB
Mem:          3.8G       3.7G       104M       5.7M        20M       3.3G

MemTotal:        4016004 kB
MemFree:          107696 kB
Active:           341548 kB
Mem:          3.8G       3.7G       105M       5.7M        20M       3.3G

MemTotal:        4016004 kB
MemFree:          107796 kB
Active:           341472 kB
Mem:          3.8G       3.7G       105M       5.7M        20M       3.3G

MemTotal:        4016004 kB
MemFree:          107892 kB
Active:           341504 kB
Mem:          3.8G       3.7G       105M       5.7M        20M       3.3G

MemTotal:        4016004 kB
MemFree:          107596 kB
Active:           341692 kB
Mem:          3.8G       3.7G       105M       5.7M        20M       3.3G

MemTotal:        4016004 kB
MemFree:          107792 kB
Active:           341500 kB
Mem:          3.8G       3.7G       105M       5.7M        20M       3.3G

MemTotal:        4016004 kB
MemFree:          107372 kB
Active:           341708 kB
Mem:          3.8G       3.7G       105M       5.7M        20M       3.3G

MemTotal:        4016004 kB
MemFree:          107472 kB
Active:           341552 kB
Mem:          3.8G       3.7G       105M       5.7M        20M       3.3G

MemTotal:        4016004 kB
MemFree:          107100 kB
Active:           341580 kB
Mem:          3.8G       3.7G       104M       5.7M        20M       3.3G

MemTotal:        4016004 kB
MemFree:          107548 kB
Active:           341464 kB
Mem:          3.8G       3.7G       104M       5.7M        20M       3.3G

MemTotal:        4016004 kB
MemFree:          107672 kB
Active:           341576 kB
Mem:          3.8G       3.7G       105M       5.7M        20M       3.3G

MemTotal:        4016004 kB
MemFree:          107672 kB
Active:           341580 kB
Mem:          3.8G       3.7G       105M       5.7M        20M       3.3G

MemTotal:        4016004 kB
MemFree:          107672 kB
Active:           341440 kB
Mem:          3.8G       3.7G       104M       5.7M        20M       3.3G

MemTotal:        4016004 kB
MemFree:          107796 kB
Active:           341464 kB
Mem:          3.8G       3.7G       105M       5.7M        20M       3.3G

MemTotal:        4016004 kB
MemFree:          107844 kB
Active:           341588 kB
Mem:          3.8G       3.7G       105M       5.7M        20M       3.3G

MemTotal:        4016004 kB
MemFree:          107844 kB
Active:           341596 kB
Mem:          3.8G       3.7G       105M       5.7M        20M       3.3G

MemTotal:        4016004 kB
MemFree:          107844 kB
Active:           341564 kB
Mem:          3.8G       3.7G       105M       5.7M        20M       3.3G

MemTotal:        4016004 kB
MemFree:          107796 kB
Active:           341608 kB
Mem:          3.8G       3.7G       105M       5.7M        20M       3.3G

MemTotal:        4016004 kB
MemFree:          107548 kB
Active:           341500 kB
Mem:          3.8G       3.7G       105M       5.7M        20M       3.3G

MemTotal:        4016004 kB
MemFree:          107672 kB
Active:           341428 kB
Mem:          3.8G       3.7G       105M       5.7M        20M       3.3G

MemTotal:        4016004 kB
MemFree:          107424 kB
Active:           341480 kB
Mem:          3.8G       3.7G       105M       5.7M        20M       3.3G

MemTotal:        4016004 kB
MemFree:          107920 kB
Active:           341444 kB
Mem:          3.8G       3.7G       105M       5.7M        20M       3.3G

MemTotal:        4016004 kB
MemFree:          107796 kB
Active:           341452 kB
Mem:          3.8G       3.7G       105M       5.7M        20M       3.3G

MemTotal:        4016004 kB
MemFree:          107796 kB
Active:           341452 kB
Mem:          3.8G       3.7G       105M       5.7M        20M       3.3G

MemTotal:        4016004 kB
MemFree:          107424 kB
Active:           341484 kB
Mem:          3.8G       3.7G       105M       5.7M        20M       3.3G

MemTotal:        4016004 kB
MemFree:          107796 kB
Active:           341472 kB
Mem:          3.8G       3.7G       104M       5.7M        20M       3.3G

MemTotal:        4016004 kB
MemFree:          107672 kB
Active:           341480 kB
Mem:          3.8G       3.7G       105M       5.7M        20M       3.3G

MemTotal:        4016004 kB
MemFree:          107176 kB
Active:           341496 kB
Mem:          3.8G       3.7G       104M       5.7M        20M       3.3G

MemTotal:        4016004 kB
MemFree:          107672 kB
Active:           341444 kB
Mem:          3.8G       3.7G       105M       5.7M        20M       3.3G

MemTotal:        4016004 kB
MemFree:          107672 kB
Active:           341472 kB
Mem:          3.8G       3.7G       104M       5.7M        20M       3.3G

MemTotal:        4016004 kB
MemFree:          107672 kB
Active:           341468 kB
Mem:          3.8G       3.7G       105M       5.7M        20M       3.3G

MemTotal:        4016004 kB
MemFree:          107672 kB
Active:           341472 kB
Mem:          3.8G       3.7G       105M       5.7M        20M       3.3G

MemTotal:        4016004 kB
MemFree:          107796 kB
Active:           341476 kB
Mem:          3.8G       3.7G       105M       5.7M        20M       3.3G

MemTotal:        4016004 kB
MemFree:          107672 kB
Active:           341464 kB
Mem:          3.8G       3.7G       104M       5.7M        20M       3.3G

MemTotal:        4016004 kB
MemFree:          107920 kB
Active:           341484 kB
Mem:          3.8G       3.7G       105M       5.7M        20M       3.3G

MemTotal:        4016004 kB
MemFree:          107920 kB
Active:           341492 kB
Mem:          3.8G       3.7G       105M       5.7M        20M       3.3G

MemTotal:        4016004 kB
MemFree:          108044 kB
Active:           341460 kB
Mem:          3.8G       3.7G       105M       5.7M        20M       3.3G

MemTotal:        4016004 kB
MemFree:          107796 kB
Active:           341484 kB
Mem:          3.8G       3.7G       105M       5.7M        20M       3.3G

MemTotal:        4016004 kB
MemFree:          107796 kB
Active:           341508 kB
Mem:          3.8G       3.7G       105M       5.7M        20M       3.3G

MemTotal:        4016004 kB
MemFree:          107796 kB
Active:           341484 kB
Mem:          3.8G       3.7G       105M       5.7M        20M       3.3G

MemTotal:        4016004 kB
MemFree:          107796 kB
Active:           341516 kB
Mem:          3.8G       3.7G       105M       5.7M        20M       3.3G

MemTotal:        4016004 kB
MemFree:          107796 kB
Active:           341500 kB
Mem:          3.8G       3.7G       105M       5.7M        20M       3.3G

MemTotal:        4016004 kB
MemFree:          107796 kB
Active:           341504 kB
Mem:          3.8G       3.7G       105M       5.7M        20M       3.3G

MemTotal:        4016004 kB
MemFree:          107796 kB
Active:           341520 kB
Mem:          3.8G       3.7G       105M       5.7M        20M       3.3G

MemTotal:        4016004 kB
MemFree:          107672 kB
Active:           341476 kB
Mem:          3.8G       3.7G       105M       5.7M        20M       3.3G

MemTotal:        4016004 kB
MemFree:          107672 kB
Active:           341488 kB
Mem:          3.8G       3.7G       105M       5.7M        20M       3.3G

MemTotal:        4016004 kB
MemFree:          107300 kB
Active:           341504 kB
Mem:          3.8G       3.7G       104M       5.7M        20M       3.3G

MemTotal:        4016004 kB
MemFree:          107424 kB
Active:           341520 kB
Mem:          3.8G       3.7G       104M       5.7M        20M       3.3G

MemTotal:        4016004 kB
MemFree:          107052 kB
Active:           341536 kB
Mem:          3.8G       3.7G       104M       5.7M        20M       3.3G

MemTotal:        4016004 kB
MemFree:          107424 kB
Active:           341516 kB
Mem:          3.8G       3.7G       104M       5.7M        20M       3.3G

MemTotal:        4016004 kB
MemFree:          107548 kB
Active:           341536 kB
Mem:          3.8G       3.7G       104M       5.7M        20M       3.3G

MemTotal:        4016004 kB
MemFree:          107672 kB
Active:           341504 kB
Mem:          3.8G       3.7G       104M       5.7M        20M       3.3G

MemTotal:        4016004 kB
MemFree:          107548 kB
Active:           341544 kB
Mem:          3.8G       3.7G       104M       5.7M        20M       3.3G

MemTotal:        4016004 kB
MemFree:          107548 kB
Active:           341512 kB
Mem:          3.8G       3.7G       105M       5.7M        20M       3.3G

MemTotal:        4016004 kB
MemFree:          107548 kB
Active:           341528 kB
Mem:          3.8G       3.7G       105M       5.7M        20M       3.3G

MemTotal:        4016004 kB
MemFree:          107548 kB
Active:           341536 kB
Mem:          3.8G       3.7G       104M       5.7M        20M       3.3G

MemTotal:        4016004 kB
MemFree:          107548 kB
Active:           341544 kB
Mem:          3.8G       3.7G       104M       5.7M        20M       3.3G

MemTotal:        4016004 kB
MemFree:          107424 kB
Active:           341520 kB
Mem:          3.8G       3.7G       104M       5.7M        20M       3.3G

MemTotal:        4016004 kB
MemFree:          107176 kB
Active:           341544 kB
Mem:          3.8G       3.7G       104M       5.7M        20M       3.3G

MemTotal:        4016004 kB
MemFree:          107300 kB
Active:           341524 kB
Mem:          3.8G       3.7G       104M       5.7M        20M       3.3G

MemTotal:        4016004 kB
MemFree:          106928 kB
Active:           341564 kB
Mem:          3.8G       3.7G       104M       5.7M        20M       3.3G

MemTotal:        4016004 kB
MemFree:          107424 kB
Active:           341524 kB
Mem:          3.8G       3.7G       104M       5.7M        20M       3.3G

MemTotal:        4016004 kB
MemFree:          107424 kB
Active:           341544 kB
Mem:          3.8G       3.7G       104M       5.7M        20M       3.3G

MemTotal:        4016004 kB
MemFree:          107548 kB
Active:           341548 kB
Mem:          3.8G       3.7G       104M       5.7M        20M       3.3G

MemTotal:        4016004 kB
MemFree:          107052 kB
Active:           341564 kB
Mem:          3.8G       3.7G       104M       5.7M        20M       3.3G

MemTotal:        4016004 kB
MemFree:          107424 kB
Active:           341560 kB
Mem:          3.8G       3.7G       104M       5.7M        20M       3.3G

MemTotal:        4016004 kB
MemFree:          107548 kB
Active:           341572 kB
Mem:          3.8G       3.7G       105M       5.7M        20M       3.3G

MemTotal:        4016004 kB
MemFree:          107424 kB
Active:           341540 kB
Mem:          3.8G       3.7G       104M       5.7M        20M       3.3G

MemTotal:        4016004 kB
MemFree:          107548 kB
Active:           341524 kB
Mem:          3.8G       3.7G       104M       5.7M        20M       3.3G

MemTotal:        4016004 kB
MemFree:          107176 kB
Active:           341548 kB
Mem:          3.8G       3.7G       104M       5.7M        20M       3.3G

MemTotal:        4016004 kB
MemFree:          107424 kB
Active:           341572 kB
Mem:          3.8G       3.7G       104M       5.7M        20M       3.3G

MemTotal:        4016004 kB
MemFree:          107424 kB
Active:           341560 kB
Mem:          3.8G       3.7G       104M       5.7M        20M       3.3G

MemTotal:        4016004 kB
MemFree:          107548 kB
Active:           341520 kB
Mem:          3.8G       3.7G       104M       5.7M        20M       3.3G

MemTotal:        4016004 kB
MemFree:          107424 kB
Active:           341548 kB
Mem:          3.8G       3.7G       104M       5.7M        20M       3.3G

MemTotal:        4016004 kB
MemFree:          107300 kB
Active:           341552 kB
Mem:          3.8G       3.7G       104M       5.7M        20M       3.3G

MemTotal:        4016004 kB
MemFree:          107424 kB
Active:           341576 kB
Mem:          3.8G       3.7G       104M       5.7M        20M       3.3G

MemTotal:        4016004 kB
MemFree:          107424 kB
Active:           341544 kB
Mem:          3.8G       3.7G       104M       5.7M        20M       3.3G

MemTotal:        4016004 kB
MemFree:          107424 kB
Active:           341580 kB
Mem:          3.8G       3.7G       104M       5.7M        20M       3.3G

MemTotal:        4016004 kB
MemFree:          107424 kB
Active:           341536 kB
Mem:          3.8G       3.7G       104M       5.7M        20M       3.3G

MemTotal:        4016004 kB
MemFree:          107424 kB
Active:           341556 kB
Mem:          3.8G       3.7G       104M       5.7M        20M       3.3G

MemTotal:        4016004 kB
MemFree:          107052 kB
Active:           341600 kB
Mem:          3.8G       3.7G       104M       5.7M        20M       3.3G

MemTotal:        4016004 kB
MemFree:          107300 kB
Active:           341572 kB
Mem:          3.8G       3.7G       104M       5.7M        20M       3.3G

MemTotal:        4016004 kB
MemFree:          107300 kB
Active:           341584 kB
Mem:          3.8G       3.7G       104M       5.7M        20M       3.3G

MemTotal:        4016004 kB
MemFree:          107176 kB
Active:           341604 kB
Mem:          3.8G       3.7G       104M       5.7M        20M       3.3G

MemTotal:        4016004 kB
MemFree:          107548 kB
Active:           341568 kB
Mem:          3.8G       3.7G       104M       5.7M        20M       3.3G

MemTotal:        4016004 kB
MemFree:          107176 kB
Active:           341580 kB
Mem:          3.8G       3.7G       104M       5.7M        20M       3.3G

MemTotal:        4016004 kB
MemFree:          107176 kB
Active:           341580 kB
Mem:          3.8G       3.7G       104M       5.7M        20M       3.3G

MemTotal:        4016004 kB
MemFree:          107176 kB
Active:           341588 kB
Mem:          3.8G       3.7G       104M       5.7M        20M       3.3G

MemTotal:        4016004 kB
MemFree:          107424 kB
Active:           341560 kB
Mem:          3.8G       3.7G       104M       5.7M        20M       3.3G

MemTotal:        4016004 kB
MemFree:          107424 kB
Active:           341608 kB
Mem:          3.8G       3.7G       104M       5.7M        20M       3.3G

MemTotal:        4016004 kB
MemFree:          107424 kB
Active:           341576 kB
Mem:          3.8G       3.7G       104M       5.7M        20M       3.3G

MemTotal:        4016004 kB
MemFree:          107424 kB
Active:           341604 kB
Mem:          3.8G       3.7G       105M       5.7M        20M       3.3G

MemTotal:        4016004 kB
MemFree:          107920 kB
Active:           341580 kB
Mem:          3.8G       3.7G       105M       5.7M        20M       3.3G

MemTotal:        4016004 kB
MemFree:          107424 kB
Active:           341632 kB
Mem:          3.8G       3.7G       104M       5.7M        20M       3.3G

MemTotal:        4016004 kB
MemFree:          107424 kB
Active:           341588 kB
Mem:          3.8G       3.7G       104M       5.7M        20M       3.3G

MemTotal:        4016004 kB
MemFree:          107424 kB
Active:           341620 kB
Mem:          3.8G       3.7G       104M       5.7M        20M       3.3G

MemTotal:        4016004 kB
MemFree:          108168 kB
Active:           341620 kB
Mem:          3.8G       3.7G       105M       5.7M        20M       3.3G

MemTotal:        4016004 kB
MemFree:          108044 kB
Active:           341632 kB
Mem:          3.8G       3.7G       105M       5.7M        20M       3.3G

MemTotal:        4016004 kB
MemFree:          108540 kB
Active:           341596 kB
Mem:          3.8G       3.7G       106M       5.7M        20M       3.3G

MemTotal:        4016004 kB
MemFree:          108540 kB
Active:           341620 kB
Mem:          3.8G       3.7G       105M       5.7M        20M       3.3G

MemTotal:        4016004 kB
MemFree:          108292 kB
Active:           341628 kB
Mem:          3.8G       3.7G       105M       5.7M        20M       3.3G

MemTotal:        4016004 kB
MemFree:          108416 kB
Active:           341644 kB
Mem:          3.8G       3.7G       105M       5.7M        20M       3.3G

MemTotal:        4016004 kB
MemFree:          108044 kB
Active:           341600 kB
Mem:          3.8G       3.7G       105M       5.7M        20M       3.3G

MemTotal:        4016004 kB
MemFree:          107796 kB
Active:           341616 kB
Mem:          3.8G       3.7G       105M       5.7M        20M       3.3G

MemTotal:        4016004 kB
MemFree:          107672 kB
Active:           341644 kB
Mem:          3.8G       3.7G       105M       5.7M        20M       3.3G

MemTotal:        4016004 kB
MemFree:          107548 kB
Active:           341628 kB
Mem:          3.8G       3.7G       105M       5.7M        20M       3.3G

MemTotal:        4016004 kB
MemFree:          107548 kB
Active:           341604 kB
Mem:          3.8G       3.7G       105M       5.7M        20M       3.3G

MemTotal:        4016004 kB
MemFree:          107548 kB
Active:           341612 kB
Mem:          3.8G       3.7G       104M       5.7M        20M       3.3G

MemTotal:        4016004 kB
MemFree:          107052 kB
Active:           341684 kB
Mem:          3.8G       3.7G       104M       5.7M        20M       3.3G

MemTotal:        4016004 kB
MemFree:          107052 kB
Active:           341692 kB
Mem:          3.8G       3.7G       104M       5.7M        20M       3.3G

MemTotal:        4016004 kB
MemFree:          107408 kB
Active:           341668 kB
Mem:          3.8G       3.7G       104M       5.7M        20M       3.3G

MemTotal:        4016004 kB
MemFree:          107408 kB
Active:           341708 kB
Mem:          3.8G       3.7G       105M       5.7M        20M       3.3G

MemTotal:        4016004 kB
MemFree:          108152 kB
Active:           341700 kB
Mem:          3.8G       3.7G       105M       5.7M        20M       3.3G

MemTotal:        4016004 kB
MemFree:          108028 kB
Active:           341660 kB
Mem:          3.8G       3.7G       105M       5.7M        20M       3.3G

MemTotal:        4016004 kB
MemFree:          107904 kB
Active:           341712 kB
Mem:          3.8G       3.7G       105M       5.7M        20M       3.3G

MemTotal:        4016004 kB
MemFree:          107656 kB
Active:           341668 kB
Mem:          3.8G       3.7G       105M       5.7M        20M       3.3G

MemTotal:        4016004 kB
MemFree:          107656 kB
Active:           341692 kB
Mem:          3.8G       3.7G       105M       5.7M        20M       3.3G

MemTotal:        4016004 kB
MemFree:          107656 kB
Active:           341676 kB
Mem:          3.8G       3.7G       104M       5.7M        20M       3.3G

MemTotal:        4016004 kB
MemFree:          107408 kB
Active:           341688 kB
Mem:          3.8G       3.7G       104M       5.7M        20M       3.3G

MemTotal:        4016004 kB
MemFree:          107160 kB
Active:           341700 kB
Mem:          3.8G       3.7G       104M       5.7M        20M       3.3G

MemTotal:        4016004 kB
MemFree:          107532 kB
Active:           341692 kB
Mem:          3.8G       3.7G       104M       5.7M        20M       3.3G

MemTotal:        4016004 kB
MemFree:          107408 kB
Active:           341696 kB
Mem:          3.8G       3.7G       104M       5.7M        20M       3.3G

MemTotal:        4016004 kB
MemFree:          107284 kB
Active:           341716 kB
Mem:          3.8G       3.7G       104M       5.7M        20M       3.3G

MemTotal:        4016004 kB
MemFree:          107284 kB
Active:           341728 kB
Mem:          3.8G       3.7G       104M       5.7M        20M       3.3G

MemTotal:        4016004 kB
MemFree:          107764 kB
Active:           341728 kB
Mem:          3.8G       3.7G       104M       5.7M        20M       3.3G

MemTotal:        4016004 kB
MemFree:          107888 kB
Active:           341672 kB
Mem:          3.8G       3.7G       105M       5.7M        20M       3.3G

MemTotal:        4016004 kB
MemFree:          107904 kB
Active:           341724 kB
Mem:          3.8G       3.7G       105M       5.7M        20M       3.3G

MemTotal:        4016004 kB
MemFree:          107656 kB
Active:           341692 kB
Mem:          3.8G       3.7G       104M       5.7M        20M       3.3G

MemTotal:        4016004 kB
MemFree:          108028 kB
Active:           341728 kB
Mem:          3.8G       3.7G       105M       5.7M        20M       3.3G

MemTotal:        4016004 kB
MemFree:          108400 kB
Active:           341740 kB
Mem:          3.8G       3.7G       105M       5.7M        20M       3.3G

MemTotal:        4016004 kB
MemFree:          107904 kB
Active:           341736 kB
Mem:          3.8G       3.7G       105M       5.7M        20M       3.3G

MemTotal:        4016004 kB
MemFree:          108028 kB
Active:           341712 kB
Mem:          3.8G       3.7G       105M       5.7M        20M       3.3G

MemTotal:        4016004 kB
MemFree:          108028 kB
Active:           341740 kB
Mem:          3.8G       3.7G       105M       5.7M        20M       3.3G

MemTotal:        4016004 kB
MemFree:          107904 kB
Active:           341720 kB
Mem:          3.8G       3.7G       105M       5.7M        20M       3.3G

MemTotal:        4016004 kB
MemFree:          107780 kB
Active:           341740 kB
Mem:          3.8G       3.7G       105M       5.7M        20M       3.3G

MemTotal:        4016004 kB
MemFree:          107656 kB
Active:           341724 kB
Mem:          3.8G       3.7G       104M       5.7M        20M       3.3G

MemTotal:        4016004 kB
MemFree:          107284 kB
Active:           341720 kB
Mem:          3.8G       3.7G       104M       5.7M        20M       3.3G

MemTotal:        4016004 kB
MemFree:          107284 kB
Active:           341756 kB
Mem:          3.8G       3.7G       104M       5.7M        20M       3.3G

MemTotal:        4016004 kB
MemFree:          107160 kB
Active:           341720 kB
Mem:          3.8G       3.7G       104M       5.7M        20M       3.3G

MemTotal:        4016004 kB
MemFree:          107284 kB
Active:           341752 kB
Mem:          3.8G       3.7G       104M       5.7M        20M       3.3G

MemTotal:        4016004 kB
MemFree:          107160 kB
Active:           341756 kB
Mem:          3.8G       3.7G       104M       5.7M        20M       3.3G

MemTotal:        4016004 kB
MemFree:          107284 kB
Active:           341752 kB
Mem:          3.8G       3.7G       104M       5.7M        20M       3.3G

MemTotal:        4016004 kB
MemFree:          107160 kB
Active:           341756 kB
Mem:          3.8G       3.7G       104M       5.7M        20M       3.3G

MemTotal:        4016004 kB
MemFree:          107284 kB
Active:           341760 kB
Mem:          3.8G       3.7G       104M       5.7M        20M       3.3G

MemTotal:        4016004 kB
MemFree:          107284 kB
Active:           341708 kB
Mem:          3.8G       3.7G       104M       5.7M        20M       3.3G

MemTotal:        4016004 kB
MemFree:          107160 kB
Active:           341744 kB
Mem:          3.8G       3.7G       104M       5.7M        20M       3.3G

MemTotal:        4016004 kB
MemFree:          106788 kB
Active:           341764 kB
Mem:          3.8G       3.7G       104M       5.7M        20M       3.3G

MemTotal:        4016004 kB
MemFree:          107284 kB
Active:           341728 kB
Mem:          3.8G       3.7G       104M       5.7M        20M       3.3G

MemTotal:        4016004 kB
MemFree:          107284 kB
Active:           341748 kB
Mem:          3.8G       3.7G       104M       5.7M        20M       3.3G

MemTotal:        4016004 kB
MemFree:          107160 kB
Active:           341740 kB
Mem:          3.8G       3.7G       104M       5.7M        20M       3.3G

MemTotal:        4016004 kB
MemFree:          107284 kB
Active:           341752 kB
Mem:          3.8G       3.7G       104M       5.7M        20M       3.3G

MemTotal:        4016004 kB
MemFree:          107284 kB
Active:           341772 kB
Mem:          3.8G       3.7G       104M       5.7M        20M       3.3G

MemTotal:        4016004 kB
MemFree:          107284 kB
Active:           341740 kB
Mem:          3.8G       3.7G       104M       5.7M        20M       3.3G

MemTotal:        4016004 kB
MemFree:          107532 kB
Active:           341760 kB
Mem:          3.8G       3.7G       104M       5.7M        20M       3.3G

MemTotal:        4016004 kB
MemFree:          107408 kB
Active:           341748 kB
Mem:          3.8G       3.7G       104M       5.7M        21M       3.3G

MemTotal:        4016004 kB
MemFree:          107408 kB
Active:           341780 kB
Mem:          3.8G       3.7G       104M       5.7M        21M       3.3G

MemTotal:        4016004 kB
MemFree:          107408 kB
Active:           341780 kB
Mem:          3.8G       3.7G       104M       5.7M        21M       3.3G

MemTotal:        4016004 kB
MemFree:          107408 kB
Active:           341764 kB
Mem:          3.8G       3.7G       104M       5.7M        21M       3.3G

MemTotal:        4016004 kB
MemFree:          107532 kB
Active:           341756 kB
Mem:          3.8G       3.7G       104M       5.7M        21M       3.3G

MemTotal:        4016004 kB
MemFree:          107408 kB
Active:           341792 kB
Mem:          3.8G       3.7G       104M       5.7M        21M       3.3G

MemTotal:        4016004 kB
MemFree:          107284 kB
Active:           341784 kB
Mem:          3.8G       3.7G       104M       5.7M        21M       3.3G

MemTotal:        4016004 kB
MemFree:          107284 kB
Active:           341780 kB
Mem:          3.8G       3.7G       104M       5.7M        21M       3.3G

MemTotal:        4016004 kB
MemFree:          107284 kB
Active:           341740 kB
Mem:          3.8G       3.7G       104M       5.7M        21M       3.3G

MemTotal:        4016004 kB
MemFree:          107284 kB
Active:           341760 kB
Mem:          3.8G       3.7G       104M       5.7M        21M       3.3G

MemTotal:        4016004 kB
MemFree:          107284 kB
Active:           341784 kB
Mem:          3.8G       3.7G       104M       5.7M        21M       3.3G

MemTotal:        4016004 kB
MemFree:          107284 kB
Active:           341788 kB
Mem:          3.8G       3.7G       104M       5.7M        21M       3.3G

MemTotal:        4016004 kB
MemFree:          107284 kB
Active:           341752 kB
Mem:          3.8G       3.7G       104M       5.7M        21M       3.3G

MemTotal:        4016004 kB
MemFree:          107656 kB
Active:           341792 kB
Mem:          3.8G       3.7G       105M       5.7M        21M       3.3G

MemTotal:        4016004 kB
MemFree:          107036 kB
Active:           341800 kB
Mem:          3.8G       3.7G       104M       5.7M        21M       3.3G

MemTotal:        4016004 kB
MemFree:          107904 kB
Active:           341768 kB
Mem:          3.8G       3.7G       105M       5.7M        21M       3.3G

MemTotal:        4016004 kB
MemFree:          108028 kB
Active:           341804 kB
Mem:          3.8G       3.7G       104M       5.7M        21M       3.3G

MemTotal:        4016004 kB
MemFree:          107656 kB
Active:           341808 kB
Mem:          3.8G       3.7G       105M       5.7M        21M       3.3G

MemTotal:        4016004 kB
MemFree:          107656 kB
Active:           341764 kB
Mem:          3.8G       3.7G       105M       5.7M        21M       3.3G

MemTotal:        4016004 kB
MemFree:          107284 kB
Active:           341772 kB
Mem:          3.8G       3.7G       104M       5.7M        21M       3.3G

MemTotal:        4016004 kB
MemFree:          107408 kB
Active:           341796 kB
Mem:          3.8G       3.7G       104M       5.7M        21M       3.3G

MemTotal:        4016004 kB
MemFree:          107284 kB
Active:           341768 kB
Mem:          3.8G       3.7G       104M       5.7M        21M       3.3G

MemTotal:        4016004 kB
MemFree:          107284 kB
Active:           341788 kB
Mem:          3.8G       3.7G       104M       5.7M        21M       3.3G

MemTotal:        4016004 kB
MemFree:          107160 kB
Active:           341800 kB
Mem:          3.8G       3.7G       104M       5.7M        21M       3.3G

MemTotal:        4016004 kB
MemFree:          107160 kB
Active:           341788 kB
Mem:          3.8G       3.7G       104M       5.7M        21M       3.3G

MemTotal:        4016004 kB
MemFree:          106912 kB
Active:           341816 kB
Mem:          3.8G       3.7G       104M       5.7M        21M       3.3G

MemTotal:        4016004 kB
MemFree:          107036 kB
Active:           341796 kB
Mem:          3.8G       3.7G       104M       5.7M        21M       3.3G

MemTotal:        4016004 kB
MemFree:          107160 kB
Active:           341820 kB
Mem:          3.8G       3.7G       104M       5.7M        21M       3.3G

MemTotal:        4016004 kB
MemFree:          107284 kB
Active:           341784 kB
Mem:          3.8G       3.7G       104M       5.7M        21M       3.3G

MemTotal:        4016004 kB
MemFree:          106912 kB
Active:           341840 kB
Mem:          3.8G       3.7G       104M       5.7M        21M       3.3G

MemTotal:        4016004 kB
MemFree:          107284 kB
Active:           341824 kB
Mem:          3.8G       3.7G       104M       5.7M        21M       3.3G

MemTotal:        4016004 kB
MemFree:          106616 kB
Active:           342032 kB
Mem:          3.8G       3.7G       104M       5.7M        21M       3.3G

MemTotal:        4016004 kB
MemFree:          106416 kB
Active:           341920 kB
Mem:          3.8G       3.7G       103M       5.7M        21M       3.3G

MemTotal:        4016004 kB
MemFree:          106540 kB
Active:           341956 kB
Mem:          3.8G       3.7G       104M       5.7M        21M       3.3G

MemTotal:        4016004 kB
MemFree:          106540 kB
Active:           341936 kB
Mem:          3.8G       3.7G       104M       5.7M        21M       3.3G

MemTotal:        4016004 kB
MemFree:          106540 kB
Active:           341956 kB
Mem:          3.8G       3.7G       104M       5.7M        21M       3.3G

MemTotal:        4016004 kB
MemFree:          106292 kB
Active:           341968 kB
Mem:          3.8G       3.7G       103M       5.7M        21M       3.3G

MemTotal:        4016004 kB
MemFree:          106292 kB
Active:           341960 kB
Mem:          3.8G       3.7G       103M       5.7M        21M       3.3G

MemTotal:        4016004 kB
MemFree:          106416 kB
Active:           341916 kB
Mem:          3.8G       3.7G       103M       5.7M        21M       3.3G

MemTotal:        4016004 kB
MemFree:          106292 kB
Active:           341968 kB
Mem:          3.8G       3.7G       103M       5.7M        21M       3.3G

MemTotal:        4016004 kB
MemFree:          106416 kB
Active:           341924 kB
Mem:          3.8G       3.7G       103M       5.7M        21M       3.3G

MemTotal:        4016004 kB
MemFree:          106528 kB
Active:           341948 kB
Mem:          3.8G       3.7G       104M       5.7M        21M       3.3G

MemTotal:        4016004 kB
MemFree:          106900 kB
Active:           341968 kB
Mem:          3.8G       3.7G       104M       5.7M        21M       3.3G

MemTotal:        4016004 kB
MemFree:          106900 kB
Active:           341972 kB
Mem:          3.8G       3.7G       104M       5.7M        21M       3.3G

MemTotal:        4016004 kB
MemFree:          106900 kB
Active:           341968 kB
Mem:          3.8G       3.7G       103M       5.7M        21M       3.3G

MemTotal:        4016004 kB
MemFree:          106652 kB
Active:           341960 kB
Mem:          3.8G       3.7G       104M       5.7M        21M       3.3G

MemTotal:        4016004 kB
MemFree:          106404 kB
Active:           341984 kB
Mem:          3.8G       3.7G       104M       5.7M        21M       3.3G

MemTotal:        4016004 kB
MemFree:          106776 kB
Active:           341936 kB
Mem:          3.8G       3.7G       104M       5.7M        21M       3.3G

MemTotal:        4016004 kB
MemFree:          106776 kB
Active:           341952 kB
Mem:          3.8G       3.7G       104M       5.7M        21M       3.3G

MemTotal:        4016004 kB
MemFree:          106404 kB
Active:           341984 kB
Mem:          3.8G       3.7G       103M       5.7M        21M       3.3G

MemTotal:        4016004 kB
MemFree:          106528 kB
Active:           341984 kB
Mem:          3.8G       3.7G       103M       5.7M        21M       3.3G

MemTotal:        4016004 kB
MemFree:          106528 kB
Active:           341980 kB
Mem:          3.8G       3.7G       104M       5.7M        21M       3.3G

MemTotal:        4016004 kB
MemFree:          106652 kB
Active:           341992 kB
Mem:          3.8G       3.7G       103M       5.7M        21M       3.3G

MemTotal:        4016004 kB
MemFree:          106528 kB
Active:           341960 kB
Mem:          3.8G       3.7G       104M       5.7M        21M       3.3G

MemTotal:        4016004 kB
MemFree:          106776 kB
Active:           341944 kB
Mem:          3.8G       3.7G       104M       5.7M        21M       3.3G

MemTotal:        4016004 kB
MemFree:          106652 kB
Active:           341972 kB
Mem:          3.8G       3.7G       104M       5.7M        21M       3.3G

MemTotal:        4016004 kB
MemFree:          106776 kB
Active:           341964 kB
Mem:          3.8G       3.7G       104M       5.7M        21M       3.3G

MemTotal:        4016004 kB
MemFree:          106404 kB
Active:           341956 kB
Mem:          3.8G       3.7G       103M       5.7M        21M       3.3G

MemTotal:        4016004 kB
MemFree:          106404 kB
Active:           341980 kB
Mem:          3.8G       3.7G       103M       5.7M        21M       3.3G

MemTotal:        4016004 kB
MemFree:          106528 kB
Active:           341992 kB
Mem:          3.8G       3.7G       103M       5.7M        21M       3.3G

MemTotal:        4016004 kB
MemFree:          106404 kB
Active:           341944 kB
Mem:          3.8G       3.7G       103M       5.7M        21M       3.3G

MemTotal:        4016004 kB
MemFree:          106404 kB
Active:           341964 kB
Mem:          3.8G       3.7G       103M       5.7M        21M       3.3G

MemTotal:        4016004 kB
MemFree:          106652 kB
Active:           341996 kB
Mem:          3.8G       3.7G       104M       5.7M        21M       3.3G

MemTotal:        4016004 kB
MemFree:          106528 kB
Active:           341976 kB
Mem:          3.8G       3.7G       103M       5.7M        21M       3.3G

MemTotal:        4016004 kB
MemFree:          106528 kB
Active:           342016 kB
Mem:          3.8G       3.7G       103M       5.7M        21M       3.3G

MemTotal:        4016004 kB
MemFree:          106528 kB
Active:           342000 kB
Mem:          3.8G       3.7G       103M       5.7M        21M       3.3G

MemTotal:        4016004 kB
MemFree:          106528 kB
Active:           341980 kB
Mem:          3.8G       3.7G       104M       5.7M        21M       3.3G

MemTotal:        4016004 kB
MemFree:          106412 kB
Active:           342012 kB
Mem:          3.8G       3.7G       103M       5.7M        21M       3.3G

MemTotal:        4016004 kB
MemFree:          106412 kB
Active:           342008 kB
Mem:          3.8G       3.7G       103M       5.7M        21M       3.3G

MemTotal:        4016004 kB
MemFree:          106412 kB
Active:           341988 kB
Mem:          3.8G       3.7G       103M       5.7M        21M       3.3G

MemTotal:        4016004 kB
MemFree:          106536 kB
Active:           341968 kB
Mem:          3.8G       3.7G       103M       5.7M        21M       3.3G

MemTotal:        4016004 kB
MemFree:          106536 kB
Active:           341980 kB
Mem:          3.8G       3.7G       103M       5.7M        21M       3.3G

MemTotal:        4016004 kB
MemFree:          106412 kB
Active:           341996 kB
Mem:          3.8G       3.7G       103M       5.7M        21M       3.3G

MemTotal:        4016004 kB
MemFree:          106412 kB
Active:           342004 kB
Mem:          3.8G       3.7G       103M       5.7M        21M       3.3G

MemTotal:        4016004 kB
MemFree:          106536 kB
Active:           342028 kB
Mem:          3.8G       3.7G       104M       5.7M        21M       3.3G

MemTotal:        4016004 kB
MemFree:          107440 kB
Active:           341620 kB
Mem:          3.8G       3.7G       105M       5.7M        21M       3.3G

MemTotal:        4016004 kB
MemFree:          107812 kB
Active:           341564 kB
Mem:          3.8G       3.7G       105M       5.7M        21M       3.3G

MemTotal:        4016004 kB
MemFree:          107812 kB
Active:           341604 kB
Mem:          3.8G       3.7G       105M       5.7M        21M       3.3G

MemTotal:        4016004 kB
MemFree:          107812 kB
Active:           341628 kB
Mem:          3.8G       3.7G       105M       5.7M        21M       3.3G

MemTotal:        4016004 kB
MemFree:          107812 kB
Active:           341636 kB
Mem:          3.8G       3.7G       105M       5.7M        21M       3.3G

MemTotal:        4016004 kB
MemFree:          107812 kB
Active:           341620 kB
Mem:          3.8G       3.7G       105M       5.7M        21M       3.3G

MemTotal:        4016004 kB
MemFree:          107812 kB
Active:           341616 kB
Mem:          3.8G       3.7G       105M       5.7M        21M       3.3G

MemTotal:        4016004 kB
MemFree:          107440 kB
Active:           341636 kB
Mem:          3.8G       3.7G       104M       5.7M        21M       3.3G

MemTotal:        4016004 kB
MemFree:          107564 kB
Active:           341584 kB
Mem:          3.8G       3.7G       105M       5.7M        21M       3.3G

MemTotal:        4016004 kB
MemFree:          107688 kB
Active:           341624 kB
Mem:          3.8G       3.7G       105M       5.7M        21M       3.3G

MemTotal:        4016004 kB
MemFree:          107688 kB
Active:           341620 kB
Mem:          3.8G       3.7G       105M       5.7M        21M       3.3G

MemTotal:        4016004 kB
MemFree:          107688 kB
Active:           341612 kB
Mem:          3.8G       3.7G       105M       5.7M        21M       3.3G

MemTotal:        4016004 kB
MemFree:          107316 kB
Active:           341656 kB
Mem:          3.8G       3.7G       105M       5.7M        21M       3.3G

MemTotal:        4016004 kB
MemFree:          107688 kB
Active:           341640 kB
Mem:          3.8G       3.7G       105M       5.7M        21M       3.3G

MemTotal:        4016004 kB
MemFree:          107688 kB
Active:           341656 kB
Mem:          3.8G       3.7G       105M       5.7M        21M       3.3G

MemTotal:        4016004 kB
MemFree:          107812 kB
Active:           341656 kB
Mem:          3.8G       3.7G       105M       5.7M        21M       3.3G

MemTotal:        4016004 kB
MemFree:          107936 kB
Active:           341608 kB
Mem:          3.8G       3.7G       105M       5.7M        21M       3.3G

MemTotal:        4016004 kB
MemFree:          107828 kB
Active:           341648 kB
Mem:          3.8G       3.7G       105M       5.7M        21M       3.3G

MemTotal:        4016004 kB
MemFree:          107952 kB
Active:           341652 kB
Mem:          3.8G       3.7G       105M       5.7M        21M       3.3G

MemTotal:        4016004 kB
MemFree:          107952 kB
Active:           341656 kB
Mem:          3.8G       3.7G       105M       5.7M        21M       3.3G

MemTotal:        4016004 kB
MemFree:          107952 kB
Active:           341612 kB
Mem:          3.8G       3.7G       105M       5.7M        21M       3.3G

MemTotal:        4016004 kB
MemFree:          108092 kB
Active:           341656 kB
Mem:          3.8G       3.7G       105M       5.7M        21M       3.3G

MemTotal:        4016004 kB
MemFree:          108092 kB
Active:           341636 kB
Mem:          3.8G       3.7G       105M       5.7M        21M       3.3G

MemTotal:        4016004 kB
MemFree:          107968 kB
Active:           341644 kB
Mem:          3.8G       3.7G       105M       5.7M        21M       3.3G

MemTotal:        4016004 kB
MemFree:          107720 kB
Active:           341680 kB
Mem:          3.8G       3.7G       105M       5.7M        21M       3.3G

MemTotal:        4016004 kB
MemFree:          107596 kB
Active:           341684 kB
Mem:          3.8G       3.7G       105M       5.7M        21M       3.3G

MemTotal:        4016004 kB
MemFree:          107968 kB
Active:           341636 kB
Mem:          3.8G       3.7G       105M       5.7M        21M       3.3G

MemTotal:        4016004 kB
MemFree:          107968 kB
Active:           341648 kB
Mem:          3.8G       3.7G       105M       5.7M        21M       3.3G

MemTotal:        4016004 kB
MemFree:          107844 kB
Active:           341648 kB
Mem:          3.8G       3.7G       105M       5.7M        21M       3.3G

MemTotal:        4016004 kB
MemFree:          107844 kB
Active:           341692 kB
Mem:          3.8G       3.7G       105M       5.7M        21M       3.3G

MemTotal:        4016004 kB
MemFree:          107844 kB
Active:           341688 kB
