MemTotal:        4016004 kB
MemFree:         3237884 kB
Active:           419956 kB
Mem:          3.8G       759M       3.1G       5.7M        54M       315M

MemTotal:        4016004 kB
MemFree:         3238488 kB
Active:           419668 kB
Mem:          3.8G       759M       3.1G       5.7M        54M       315M

MemTotal:        4016004 kB
MemFree:         3238612 kB
Active:           419728 kB
Mem:          3.8G       759M       3.1G       5.7M        54M       315M

MemTotal:        4016004 kB
MemFree:         3238348 kB
Active:           419724 kB
Mem:          3.8G       759M       3.1G       5.7M        54M       315M

MemTotal:        4016004 kB
MemFree:         3238720 kB
Active:           419748 kB
Mem:          3.8G       759M       3.1G       5.7M        54M       315M

MemTotal:        4016004 kB
MemFree:         3236888 kB
Active:           419744 kB
Mem:          3.8G       760M       3.1G       5.7M        54M       315M

MemTotal:        4016004 kB
MemFree:         3236748 kB
Active:           421744 kB
Mem:          3.8G       760M       3.1G       5.7M        54M       315M

MemTotal:        4016004 kB
MemFree:         3236996 kB
Active:           421748 kB
Mem:          3.8G       760M       3.1G       5.7M        54M       315M

MemTotal:        4016004 kB
MemFree:         3236996 kB
Active:           421776 kB
Mem:          3.8G       760M       3.1G       5.7M        54M       315M

MemTotal:        4016004 kB
MemFree:         3237120 kB
Active:           421800 kB
Mem:          3.8G       760M       3.1G       5.7M        54M       315M

MemTotal:        4016004 kB
MemFree:         3236624 kB
Active:           421804 kB
Mem:          3.8G       760M       3.1G       5.7M        54M       315M

MemTotal:        4016004 kB
MemFree:         3236872 kB
Active:           421792 kB
Mem:          3.8G       760M       3.1G       5.7M        54M       315M

MemTotal:        4016004 kB
MemFree:         3237352 kB
Active:           421760 kB
Mem:          3.8G       760M       3.1G       5.7M        54M       315M

MemTotal:        4016004 kB
MemFree:         3236964 kB
Active:           421764 kB
Mem:          3.8G       761M       3.1G       5.7M        54M       315M

MemTotal:        4016004 kB
MemFree:         3236592 kB
Active:           421808 kB
Mem:          3.8G       760M       3.1G       5.7M        54M       315M

MemTotal:        4016004 kB
MemFree:         3236716 kB
Active:           421760 kB
Mem:          3.8G       761M       3.1G       5.7M        54M       315M

MemTotal:        4016004 kB
MemFree:         3236360 kB
Active:           421776 kB
Mem:          3.8G       761M       3.1G       5.7M        54M       315M

MemTotal:        4016004 kB
MemFree:         3236484 kB
Active:           421772 kB
Mem:          3.8G       761M       3.1G       5.7M        54M       315M

MemTotal:        4016004 kB
MemFree:         3236468 kB
Active:           421776 kB
Mem:          3.8G       761M       3.1G       5.7M        54M       315M

MemTotal:        4016004 kB
MemFree:         3236576 kB
Active:           421792 kB
Mem:          3.8G       761M       3.1G       5.7M        54M       315M

MemTotal:        4016004 kB
MemFree:         3236684 kB
Active:           421800 kB
Mem:          3.8G       761M       3.1G       5.7M        54M       315M

MemTotal:        4016004 kB
MemFree:         3236792 kB
Active:           421816 kB
Mem:          3.8G       760M       3.1G       5.7M        54M       315M

MemTotal:        4016004 kB
MemFree:         3236916 kB
Active:           421812 kB
Mem:          3.8G       761M       3.1G       5.7M        54M       315M

MemTotal:        4016004 kB
MemFree:         3236172 kB
Active:           421816 kB
Mem:          3.8G       761M       3.1G       5.7M        54M       315M

MemTotal:        4016004 kB
MemFree:         3236172 kB
Active:           421816 kB
Mem:          3.8G       761M       3.1G       5.7M        54M       315M

MemTotal:        4016004 kB
MemFree:         3236420 kB
Active:           421764 kB
Mem:          3.8G       761M       3.1G       5.7M        54M       315M

MemTotal:        4016004 kB
MemFree:         3235924 kB
Active:           421816 kB
Mem:          3.8G       761M       3.1G       5.7M        54M       315M

MemTotal:        4016004 kB
MemFree:         3236048 kB
Active:           421816 kB
Mem:          3.8G       761M       3.1G       5.7M        54M       315M

MemTotal:        4016004 kB
MemFree:         3236420 kB
Active:           421796 kB
Mem:          3.8G       761M       3.1G       5.7M        54M       315M

MemTotal:        4016004 kB
MemFree:         3236528 kB
Active:           421772 kB
Mem:          3.8G       760M       3.1G       5.7M        54M       315M

MemTotal:        4016004 kB
MemFree:         3236776 kB
Active:           421812 kB
Mem:          3.8G       761M       3.1G       5.7M        54M       315M

MemTotal:        4016004 kB
MemFree:         3236776 kB
Active:           421804 kB
Mem:          3.8G       760M       3.1G       5.7M        54M       315M

MemTotal:        4016004 kB
MemFree:         3236900 kB
Active:           421816 kB
Mem:          3.8G       760M       3.1G       5.7M        54M       315M

MemTotal:        4016004 kB
MemFree:         3236808 kB
Active:           421776 kB
Mem:          3.8G       760M       3.1G       5.7M        54M       315M

MemTotal:        4016004 kB
MemFree:         3236932 kB
Active:           421792 kB
Mem:          3.8G       760M       3.1G       5.7M        54M       315M

MemTotal:        4016004 kB
MemFree:         3234512 kB
Active:           421836 kB
Mem:          3.8G       763M       3.1G       5.7M        54M       315M

MemTotal:        4016004 kB
MemFree:         3234884 kB
Active:           423856 kB
Mem:          3.8G       762M       3.1G       5.7M        54M       315M

MemTotal:        4016004 kB
MemFree:         3234884 kB
Active:           423860 kB
Mem:          3.8G       763M       3.1G       5.7M        54M       315M

MemTotal:        4016004 kB
MemFree:         3234388 kB
Active:           423820 kB
Mem:          3.8G       763M       3.1G       5.7M        54M       315M

MemTotal:        4016004 kB
MemFree:         3234784 kB
Active:           423832 kB
Mem:          3.8G       763M       3.1G       5.7M        54M       315M

MemTotal:        4016004 kB
MemFree:         3234884 kB
Active:           423812 kB
Mem:          3.8G       763M       3.1G       5.7M        54M       315M

MemTotal:        4016004 kB
MemFree:         3234264 kB
Active:           423872 kB
Mem:          3.8G       763M       3.1G       5.7M        54M       315M

MemTotal:        4016004 kB
MemFree:         3234516 kB
Active:           423828 kB
Mem:          3.8G       763M       3.1G       5.7M        54M       316M

MemTotal:        4016004 kB
MemFree:         3234640 kB
Active:           423852 kB
Mem:          3.8G       763M       3.1G       5.7M        54M       316M

MemTotal:        4016004 kB
MemFree:         3234516 kB
Active:           423856 kB
Mem:          3.8G       763M       3.1G       5.7M        54M       316M

MemTotal:        4016004 kB
MemFree:         3234764 kB
Active:           423864 kB
Mem:          3.8G       763M       3.1G       5.7M        54M       316M

MemTotal:        4016004 kB
MemFree:         3234888 kB
Active:           423872 kB
Mem:          3.8G       762M       3.1G       5.7M        54M       316M

MemTotal:        4016004 kB
MemFree:         3234144 kB
Active:           423884 kB
Mem:          3.8G       763M       3.1G       5.7M        54M       315M

MemTotal:        4016004 kB
MemFree:         3234640 kB
Active:           423884 kB
Mem:          3.8G       763M       3.1G       5.7M        54M       316M

MemTotal:        4016004 kB
MemFree:         3234268 kB
Active:           423896 kB
Mem:          3.8G       763M       3.1G       5.7M        54M       316M

MemTotal:        4016004 kB
MemFree:         3234500 kB
Active:           423880 kB
Mem:          3.8G       763M       3.1G       5.7M        54M       316M

MemTotal:        4016004 kB
MemFree:         3234624 kB
Active:           423852 kB
Mem:          3.8G       763M       3.1G       5.7M        54M       316M

MemTotal:        4016004 kB
MemFree:         3234484 kB
Active:           423860 kB
Mem:          3.8G       763M       3.1G       5.7M        54M       316M

MemTotal:        4016004 kB
MemFree:         3234716 kB
Active:           423888 kB
Mem:          3.8G       763M       3.1G       5.7M        54M       316M

MemTotal:        4016004 kB
MemFree:         3234824 kB
Active:           423856 kB
Mem:          3.8G       762M       3.1G       5.7M        54M       316M

MemTotal:        4016004 kB
MemFree:         3234824 kB
Active:           423872 kB
Mem:          3.8G       762M       3.1G       5.7M        54M       316M

MemTotal:        4016004 kB
MemFree:         3234948 kB
Active:           423880 kB
Mem:          3.8G       762M       3.1G       5.7M        54M       316M

MemTotal:        4016004 kB
MemFree:         3235072 kB
Active:           423908 kB
Mem:          3.8G       762M       3.1G       5.7M        54M       316M

MemTotal:        4016004 kB
MemFree:         3234824 kB
Active:           423896 kB
Mem:          3.8G       762M       3.1G       5.7M        54M       316M

MemTotal:        4016004 kB
MemFree:         3234436 kB
Active:           423924 kB
Mem:          3.8G       763M       3.1G       5.7M        54M       316M

MemTotal:        4016004 kB
MemFree:         3234776 kB
Active:           424032 kB
Mem:          3.8G       763M       3.1G       5.7M        54M       316M

MemTotal:        4016004 kB
MemFree:         3120500 kB
Active:           424412 kB
Mem:          3.8G       875M       3.0G       5.7M        54M       426M

MemTotal:        4016004 kB
MemFree:         3007016 kB
Active:           424568 kB
Mem:          3.8G       985M       2.9G       5.7M        54M       534M

MemTotal:        4016004 kB
MemFree:         2887704 kB
Active:           424572 kB
Mem:          3.8G       1.1G       2.8G       5.7M        54M       650M

MemTotal:        4016004 kB
MemFree:         2876644 kB
Active:           424576 kB
Mem:          3.8G       1.1G       2.7G       5.7M        54M       659M

MemTotal:        4016004 kB
MemFree:         2826376 kB
Active:           422544 kB
Mem:          3.8G       1.1G       2.7G       5.7M        54M       707M

MemTotal:        4016004 kB
MemFree:         2777496 kB
Active:           422576 kB
Mem:          3.8G       1.2G       2.6G       5.7M        54M       754M

MemTotal:        4016004 kB
MemFree:         2776920 kB
Active:           422548 kB
Mem:          3.8G       1.2G       2.6G       5.7M        54M       755M

MemTotal:        4016004 kB
MemFree:         2774280 kB
Active:           422588 kB
Mem:          3.8G       1.2G       2.6G       5.7M        54M       757M

MemTotal:        4016004 kB
MemFree:         2773200 kB
Active:           422568 kB
Mem:          3.8G       1.2G       2.6G       5.7M        54M       758M

MemTotal:        4016004 kB
MemFree:         2723368 kB
Active:           422604 kB
Mem:          3.8G       1.2G       2.6G       5.7M        54M       807M

MemTotal:        4016004 kB
MemFree:         2618488 kB
Active:           422612 kB
Mem:          3.8G       1.3G       2.5G       5.7M        54M       907M

MemTotal:        4016004 kB
MemFree:         2481908 kB
Active:           422612 kB
Mem:          3.8G       1.5G       2.4G       5.7M        54M       1.0G

MemTotal:        4016004 kB
MemFree:         2423236 kB
Active:           424680 kB
Mem:          3.8G       1.5G       2.3G       5.7M        55M       1.1G

MemTotal:        4016004 kB
MemFree:         2420136 kB
Active:           424648 kB
Mem:          3.8G       1.5G       2.3G       5.7M        55M       1.1G

MemTotal:        4016004 kB
MemFree:         2321336 kB
Active:           424680 kB
Mem:          3.8G       1.6G       2.2G       5.7M        55M       1.2G

MemTotal:        4016004 kB
MemFree:         2320464 kB
Active:           424676 kB
Mem:          3.8G       1.6G       2.2G       5.7M        55M       1.2G

MemTotal:        4016004 kB
MemFree:         2223892 kB
Active:           424636 kB
Mem:          3.8G       1.7G       2.1G       5.7M        55M       1.3G

MemTotal:        4016004 kB
MemFree:         2221960 kB
Active:           424672 kB
Mem:          3.8G       1.7G       2.1G       5.7M        55M       1.3G

MemTotal:        4016004 kB
MemFree:         2143356 kB
Active:           424704 kB
Mem:          3.8G       1.8G       2.0G       5.7M        55M       1.3G

MemTotal:        4016004 kB
MemFree:         2122688 kB
Active:           424708 kB
Mem:          3.8G       1.8G       2.0G       5.7M        55M       1.4G

MemTotal:        4016004 kB
MemFree:         2120220 kB
Active:           424684 kB
Mem:          3.8G       1.8G       2.0G       5.7M        55M       1.4G

MemTotal:        4016004 kB
MemFree:         2119044 kB
Active:           424720 kB
Mem:          3.8G       1.8G       2.0G       5.7M        55M       1.4G

MemTotal:        4016004 kB
MemFree:         2117916 kB
Active:           424736 kB
Mem:          3.8G       1.8G       2.0G       5.7M        55M       1.4G

MemTotal:        4016004 kB
MemFree:         2072564 kB
Active:           424724 kB
Mem:          3.8G       1.9G       2.0G       5.7M        55M       1.4G

MemTotal:        4016004 kB
MemFree:         1953560 kB
Active:           424744 kB
Mem:          3.8G       2.0G       1.9G       5.7M        55M       1.5G

MemTotal:        4016004 kB
MemFree:         1818732 kB
Active:           424720 kB
Mem:          3.8G       2.1G       1.7G       5.7M        55M       1.6G

MemTotal:        4016004 kB
MemFree:         1767576 kB
Active:           424720 kB
Mem:          3.8G       2.1G       1.7G       5.7M        55M       1.7G

MemTotal:        4016004 kB
MemFree:         1735120 kB
Active:           424668 kB
Mem:          3.8G       2.2G       1.7G       5.7M        55M       1.7G

MemTotal:        4016004 kB
MemFree:         1668744 kB
Active:           424724 kB
Mem:          3.8G       2.2G       1.6G       5.7M        55M       1.8G

MemTotal:        4016004 kB
MemFree:         1576976 kB
Active:           424744 kB
Mem:          3.8G       2.3G       1.5G       5.7M        55M       1.9G

MemTotal:        4016004 kB
MemFree:         1567020 kB
Active:           426792 kB
Mem:          3.8G       2.3G       1.5G       5.7M        55M       1.9G

MemTotal:        4016004 kB
MemFree:         1558124 kB
Active:           426768 kB
Mem:          3.8G       2.3G       1.5G       5.7M        55M       1.9G

MemTotal:        4016004 kB
MemFree:         1468700 kB
Active:           426792 kB
Mem:          3.8G       2.4G       1.4G       5.7M        55M       2.0G

MemTotal:        4016004 kB
MemFree:         1467564 kB
Active:           426796 kB
Mem:          3.8G       2.4G       1.4G       5.7M        55M       2.0G

MemTotal:        4016004 kB
MemFree:         1466180 kB
Active:           426792 kB
Mem:          3.8G       2.4G       1.4G       5.7M        55M       2.0G

MemTotal:        4016004 kB
MemFree:         1464992 kB
Active:           426772 kB
Mem:          3.8G       2.4G       1.4G       5.7M        55M       2.0G

MemTotal:        4016004 kB
MemFree:         1463820 kB
Active:           426756 kB
Mem:          3.8G       2.4G       1.4G       5.7M        55M       2.0G

MemTotal:        4016004 kB
MemFree:         1392300 kB
Active:           426784 kB
Mem:          3.8G       2.5G       1.3G       5.7M        55M       2.0G

MemTotal:        4016004 kB
MemFree:         1269128 kB
Active:           426812 kB
Mem:          3.8G       2.6G       1.2G       5.7M        55M       2.2G

MemTotal:        4016004 kB
MemFree:         1139632 kB
Active:           426824 kB
Mem:          3.8G       2.7G       1.1G       5.7M        55M       2.3G

MemTotal:        4016004 kB
MemFree:         1114776 kB
Active:           426824 kB
Mem:          3.8G       2.8G       1.1G       5.7M        55M       2.3G

MemTotal:        4016004 kB
MemFree:         1037444 kB
Active:           426804 kB
Mem:          3.8G       2.8G       1.0G       5.7M        55M       2.4G

MemTotal:        4016004 kB
MemFree:         1020812 kB
Active:           426836 kB
Mem:          3.8G       2.9G       996M       5.7M        55M       2.4G

MemTotal:        4016004 kB
MemFree:          953684 kB
Active:           426824 kB
Mem:          3.8G       2.9G       930M       5.7M        55M       2.4G

MemTotal:        4016004 kB
MemFree:          930484 kB
Active:           424920 kB
Mem:          3.8G       2.9G       908M       5.7M        55M       2.5G

MemTotal:        4016004 kB
MemFree:          870068 kB
Active:           424888 kB
Mem:          3.8G       3.0G       848M       5.7M        55M       2.5G

MemTotal:        4016004 kB
MemFree:          791896 kB
Active:           424896 kB
Mem:          3.8G       3.1G       772M       5.7M        55M       2.6G

MemTotal:        4016004 kB
MemFree:          789720 kB
Active:           424848 kB
Mem:          3.8G       3.1G       770M       5.7M        55M       2.6G

MemTotal:        4016004 kB
MemFree:          788092 kB
Active:           424908 kB
Mem:          3.8G       3.1G       769M       5.7M        55M       2.6G

MemTotal:        4016004 kB
MemFree:          788052 kB
Active:           424888 kB
Mem:          3.8G       3.1G       769M       5.7M        55M       2.6G

MemTotal:        4016004 kB
MemFree:          694492 kB
Active:           424880 kB
Mem:          3.8G       3.2G       677M       5.7M        55M       2.7G

MemTotal:        4016004 kB
MemFree:          578576 kB
Active:           424916 kB
Mem:          3.8G       3.3G       564M       5.7M        55M       2.8G

MemTotal:        4016004 kB
MemFree:          556676 kB
Active:           424908 kB
Mem:          3.8G       3.3G       543M       5.7M        55M       2.8G

MemTotal:        4016004 kB
MemFree:          504568 kB
Active:           424916 kB
Mem:          3.8G       3.3G       492M       5.7M        55M       2.9G

MemTotal:        4016004 kB
MemFree:          429956 kB
Active:           425020 kB
Mem:          3.8G       3.4G       419M       5.7M        55M       2.9G

MemTotal:        4016004 kB
MemFree:          410544 kB
Active:           425008 kB
Mem:          3.8G       3.4G       399M       5.7M        55M       3.0G

MemTotal:        4016004 kB
MemFree:          354724 kB
Active:           425132 kB
Mem:          3.8G       3.5G       345M       5.7M        55M       3.0G

MemTotal:        4016004 kB
MemFree:          281164 kB
Active:           425028 kB
Mem:          3.8G       3.6G       273M       5.7M        55M       3.1G

MemTotal:        4016004 kB
MemFree:          275664 kB
Active:           425052 kB
Mem:          3.8G       3.6G       268M       5.7M        55M       3.1G

MemTotal:        4016004 kB
MemFree:          274748 kB
Active:           425168 kB
Mem:          3.8G       3.6G       267M       5.7M        55M       3.1G

MemTotal:        4016004 kB
MemFree:          273944 kB
Active:           425060 kB
Mem:          3.8G       3.6G       267M       5.7M        55M       3.1G

MemTotal:        4016004 kB
MemFree:          273296 kB
Active:           425088 kB
Mem:          3.8G       3.6G       266M       5.7M        55M       3.1G

MemTotal:        4016004 kB
MemFree:          233048 kB
Active:           425012 kB
Mem:          3.8G       3.6G       226M       5.7M        55M       3.1G

MemTotal:        4016004 kB
MemFree:          105572 kB
Active:           427116 kB
Mem:          3.8G       3.7G       102M       5.7M        55M       3.2G

MemTotal:        4016004 kB
MemFree:          150972 kB
Active:           483436 kB
Mem:          3.8G       3.7G       133M       5.7M        19M       3.2G

MemTotal:        4016004 kB
MemFree:          120548 kB
Active:           474756 kB
Mem:          3.8G       3.7G       117M       5.7M        19M       3.3G

MemTotal:        4016004 kB
MemFree:          132604 kB
Active:           465524 kB
Mem:          3.8G       3.7G       129M       5.7M        19M       3.3G

MemTotal:        4016004 kB
MemFree:          119632 kB
Active:           460252 kB
Mem:          3.8G       3.7G       116M       5.7M        19M       3.3G

MemTotal:        4016004 kB
MemFree:          131236 kB
Active:           456684 kB
Mem:          3.8G       3.7G       127M       5.7M        19M       3.3G

MemTotal:        4016004 kB
MemFree:          129656 kB
Active:           456696 kB
Mem:          3.8G       3.7G       126M       5.7M        19M       3.3G

MemTotal:        4016004 kB
MemFree:          128668 kB
Active:           456688 kB
Mem:          3.8G       3.7G       125M       5.7M        19M       3.3G

MemTotal:        4016004 kB
MemFree:          126344 kB
Active:           454904 kB
Mem:          3.8G       3.7G       123M       5.7M        19M       3.3G

MemTotal:        4016004 kB
MemFree:          126732 kB
Active:           439792 kB
Mem:          3.8G       3.7G       123M       5.7M        19M       3.3G

MemTotal:        4016004 kB
MemFree:          108380 kB
Active:           436468 kB
Mem:          3.8G       3.7G       105M       5.7M        19M       3.3G

MemTotal:        4016004 kB
MemFree:          146800 kB
Active:           431184 kB
Mem:          3.8G       3.7G       143M       5.7M        19M       3.2G

MemTotal:        4016004 kB
MemFree:          144948 kB
Active:           431192 kB
Mem:          3.8G       3.7G       141M       5.7M        19M       3.2G

MemTotal:        4016004 kB
MemFree:          138520 kB
Active:           426996 kB
Mem:          3.8G       3.7G       135M       5.7M        19M       3.2G

MemTotal:        4016004 kB
MemFree:          136272 kB
Active:           426692 kB
Mem:          3.8G       3.7G       132M       5.7M        19M       3.2G

MemTotal:        4016004 kB
MemFree:          138812 kB
Active:           424704 kB
Mem:          3.8G       3.7G       135M       5.7M        19M       3.2G

MemTotal:        4016004 kB
MemFree:          120908 kB
Active:           424144 kB
Mem:          3.8G       3.7G       117M       5.7M        19M       3.3G

MemTotal:        4016004 kB
MemFree:          137928 kB
Active:           422284 kB
Mem:          3.8G       3.7G       134M       5.7M        20M       3.2G

MemTotal:        4016004 kB
MemFree:          136316 kB
Active:           422296 kB
Mem:          3.8G       3.7G       132M       5.7M        20M       3.2G

MemTotal:        4016004 kB
MemFree:          134832 kB
Active:           422288 kB
Mem:          3.8G       3.7G       131M       5.7M        20M       3.3G

MemTotal:        4016004 kB
MemFree:          134000 kB
Active:           422296 kB
Mem:          3.8G       3.7G       130M       5.7M        20M       3.3G

MemTotal:        4016004 kB
MemFree:          135508 kB
Active:           421028 kB
Mem:          3.8G       3.7G       132M       5.7M        20M       3.3G

MemTotal:        4016004 kB
MemFree:          130132 kB
Active:           417316 kB
Mem:          3.8G       3.7G       126M       5.7M        20M       3.3G

MemTotal:        4016004 kB
MemFree:          131384 kB
Active:           412964 kB
Mem:          3.8G       3.7G       127M       5.7M        20M       3.3G

MemTotal:        4016004 kB
MemFree:          146732 kB
Active:           411044 kB
Mem:          3.8G       3.7G       143M       5.7M        20M       3.2G

MemTotal:        4016004 kB
MemFree:          125248 kB
Active:           410024 kB
Mem:          3.8G       3.7G       121M       5.7M        20M       3.3G

MemTotal:        4016004 kB
MemFree:          131588 kB
Active:           408888 kB
Mem:          3.8G       3.7G       128M       5.7M        20M       3.3G

MemTotal:        4016004 kB
MemFree:          120444 kB
Active:           405260 kB
Mem:          3.8G       3.7G       117M       5.7M        20M       3.3G

MemTotal:        4016004 kB
MemFree:          126988 kB
Active:           403724 kB
Mem:          3.8G       3.7G       124M       5.7M        20M       3.3G

MemTotal:        4016004 kB
MemFree:          124680 kB
Active:           403744 kB
Mem:          3.8G       3.7G       121M       5.7M        20M       3.3G

MemTotal:        4016004 kB
MemFree:          129684 kB
Active:           401416 kB
Mem:          3.8G       3.7G       126M       5.7M        20M       3.3G

MemTotal:        4016004 kB
MemFree:          124096 kB
Active:           399512 kB
Mem:          3.8G       3.7G       121M       5.7M        20M       3.3G

MemTotal:        4016004 kB
MemFree:          122288 kB
Active:           399528 kB
Mem:          3.8G       3.7G       118M       5.7M        20M       3.3G

MemTotal:        4016004 kB
MemFree:          120492 kB
Active:           399536 kB
Mem:          3.8G       3.7G       117M       5.7M        20M       3.3G

MemTotal:        4016004 kB
MemFree:          119472 kB
Active:           399560 kB
Mem:          3.8G       3.7G       116M       5.7M        20M       3.3G

MemTotal:        4016004 kB
MemFree:          116156 kB
Active:           396244 kB
Mem:          3.8G       3.7G       112M       5.7M        20M       3.3G

MemTotal:        4016004 kB
MemFree:          120268 kB
Active:           391636 kB
Mem:          3.8G       3.7G       116M       5.7M        20M       3.3G

MemTotal:        4016004 kB
MemFree:          120128 kB
Active:           387668 kB
Mem:          3.8G       3.7G       117M       5.7M        20M       3.3G

MemTotal:        4016004 kB
MemFree:          118524 kB
Active:           382328 kB
Mem:          3.8G       3.7G       115M       5.7M        20M       3.3G

MemTotal:        4016004 kB
MemFree:          131056 kB
Active:           377896 kB
Mem:          3.8G       3.7G       127M       5.7M        20M       3.3G

MemTotal:        4016004 kB
MemFree:          149008 kB
Active:           373416 kB
Mem:          3.8G       3.7G       145M       5.7M        20M       3.2G

MemTotal:        4016004 kB
MemFree:          148036 kB
Active:           373476 kB
Mem:          3.8G       3.7G       144M       5.7M        20M       3.2G

MemTotal:        4016004 kB
MemFree:          147240 kB
Active:           375580 kB
Mem:          3.8G       3.7G       143M       5.7M        20M       3.2G

MemTotal:        4016004 kB
MemFree:          140328 kB
Active:           375656 kB
Mem:          3.8G       3.7G       136M       5.7M        20M       3.2G

MemTotal:        4016004 kB
MemFree:          128040 kB
Active:           375096 kB
Mem:          3.8G       3.7G       124M       5.7M        20M       3.3G

MemTotal:        4016004 kB
MemFree:          128056 kB
Active:           375076 kB
Mem:          3.8G       3.7G       125M       5.7M        20M       3.3G

MemTotal:        4016004 kB
MemFree:          128248 kB
Active:           375108 kB
Mem:          3.8G       3.7G       125M       5.7M        20M       3.3G

MemTotal:        4016004 kB
MemFree:          125656 kB
Active:           373052 kB
Mem:          3.8G       3.7G       122M       5.7M        20M       3.3G

MemTotal:        4016004 kB
MemFree:          125068 kB
Active:           374748 kB
Mem:          3.8G       3.7G       121M       5.7M        20M       3.3G

MemTotal:        4016004 kB
MemFree:          118780 kB
Active:           370780 kB
Mem:          3.8G       3.7G       114M       5.7M        20M       3.3G

MemTotal:        4016004 kB
MemFree:          123220 kB
Active:           368480 kB
Mem:          3.8G       3.7G       120M       5.7M        20M       3.3G

MemTotal:        4016004 kB
MemFree:          113292 kB
Active:           372180 kB
Mem:          3.8G       3.7G       110M       5.7M        24M       3.3G

MemTotal:        4016004 kB
MemFree:          114720 kB
Active:           375124 kB
Mem:          3.8G       3.7G       116M       5.7M        27M       3.3G

MemTotal:        4016004 kB
MemFree:          109916 kB
Active:           374880 kB
Mem:          3.8G       3.7G       107M       5.7M        27M       3.3G

MemTotal:        4016004 kB
MemFree:          130140 kB
Active:           374904 kB
Mem:          3.8G       3.7G       127M       5.7M        27M       3.2G

MemTotal:        4016004 kB
MemFree:          111900 kB
Active:           374884 kB
Mem:          3.8G       3.7G       109M       5.7M        27M       3.3G

MemTotal:        4016004 kB
MemFree:          136864 kB
Active:           372140 kB
Mem:          3.8G       3.7G       133M       5.7M        27M       3.2G

MemTotal:        4016004 kB
MemFree:          122104 kB
Active:           372140 kB
Mem:          3.8G       3.7G       118M       5.7M        27M       3.3G

MemTotal:        4016004 kB
MemFree:          120436 kB
Active:           372100 kB
Mem:          3.8G       3.7G       117M       5.7M        27M       3.3G

MemTotal:        4016004 kB
MemFree:          119260 kB
Active:           372136 kB
Mem:          3.8G       3.7G       116M       5.7M        27M       3.3G

MemTotal:        4016004 kB
MemFree:          118596 kB
Active:           372148 kB
Mem:          3.8G       3.7G       115M       5.7M        27M       3.3G

MemTotal:        4016004 kB
MemFree:          121572 kB
Active:           372112 kB
Mem:          3.8G       3.7G       118M       5.7M        27M       3.3G

MemTotal:        4016004 kB
MemFree:          129512 kB
Active:           372160 kB
Mem:          3.8G       3.7G       126M       5.7M        27M       3.2G

MemTotal:        4016004 kB
MemFree:          115672 kB
Active:           372160 kB
Mem:          3.8G       3.7G       113M       5.7M        27M       3.3G

MemTotal:        4016004 kB
MemFree:          139124 kB
Active:           372160 kB
Mem:          3.8G       3.7G       135M       5.7M        27M       3.2G

MemTotal:        4016004 kB
MemFree:          108436 kB
Active:           371880 kB
Mem:          3.8G       3.7G       105M       5.7M        27M       3.3G

MemTotal:        4016004 kB
MemFree:          149352 kB
Active:           371804 kB
Mem:          3.8G       3.7G       145M       5.7M        27M       3.2G

MemTotal:        4016004 kB
MemFree:          147488 kB
Active:           371616 kB
Mem:          3.8G       3.7G       143M       5.7M        27M       3.2G

MemTotal:        4016004 kB
MemFree:          146480 kB
Active:           371780 kB
Mem:          3.8G       3.7G       142M       5.7M        27M       3.2G

MemTotal:        4016004 kB
MemFree:          144400 kB
Active:           371688 kB
Mem:          3.8G       3.7G       140M       5.7M        27M       3.2G

MemTotal:        4016004 kB
MemFree:          142004 kB
Active:           371912 kB
Mem:          3.8G       3.7G       138M       5.7M        27M       3.2G

MemTotal:        4016004 kB
MemFree:          136356 kB
Active:           371700 kB
Mem:          3.8G       3.7G       132M       5.7M        27M       3.2G

MemTotal:        4016004 kB
MemFree:          135704 kB
Active:           371680 kB
Mem:          3.8G       3.7G       132M       5.7M        27M       3.2G

MemTotal:        4016004 kB
MemFree:          135772 kB
Active:           371696 kB
Mem:          3.8G       3.7G       132M       5.7M        27M       3.2G

MemTotal:        4016004 kB
MemFree:          133368 kB
Active:           371724 kB
Mem:          3.8G       3.7G       129M       5.7M        27M       3.2G

MemTotal:        4016004 kB
MemFree:          133500 kB
Active:           371724 kB
Mem:          3.8G       3.7G       130M       5.7M        27M       3.2G

MemTotal:        4016004 kB
MemFree:          120680 kB
Active:           371200 kB
Mem:          3.8G       3.7G       117M       5.7M        27M       3.3G

MemTotal:        4016004 kB
MemFree:          136284 kB
Active:           371208 kB
Mem:          3.8G       3.7G       132M       5.7M        27M       3.2G

MemTotal:        4016004 kB
MemFree:          140652 kB
Active:           371216 kB
Mem:          3.8G       3.7G       137M       5.7M        27M       3.2G

MemTotal:        4016004 kB
MemFree:          106280 kB
Active:           371216 kB
Mem:          3.8G       3.7G       103M       5.7M        27M       3.3G

MemTotal:        4016004 kB
MemFree:          137960 kB
Active:           371216 kB
Mem:          3.8G       3.7G       134M       5.7M        27M       3.2G

MemTotal:        4016004 kB
MemFree:          134624 kB
Active:           368800 kB
Mem:          3.8G       3.7G       131M       5.7M        27M       3.2G

MemTotal:        4016004 kB
MemFree:          119916 kB
Active:           368804 kB
Mem:          3.8G       3.7G       117M       5.7M        27M       3.3G

MemTotal:        4016004 kB
MemFree:          121256 kB
Active:           368824 kB
Mem:          3.8G       3.7G       117M       5.7M        27M       3.2G

MemTotal:        4016004 kB
MemFree:          143484 kB
Active:           368828 kB
Mem:          3.8G       3.7G       140M       5.7M        27M       3.2G

MemTotal:        4016004 kB
MemFree:          142336 kB
Active:           368840 kB
Mem:          3.8G       3.7G       138M       5.7M        27M       3.2G

MemTotal:        4016004 kB
MemFree:          140664 kB
Active:           370656 kB
Mem:          3.8G       3.7G       137M       5.7M        27M       3.2G

MemTotal:        4016004 kB
MemFree:          140372 kB
Active:           370616 kB
Mem:          3.8G       3.7G       136M       5.7M        27M       3.2G

MemTotal:        4016004 kB
MemFree:          133988 kB
Active:           370672 kB
Mem:          3.8G       3.7G       130M       5.7M        27M       3.2G

MemTotal:        4016004 kB
MemFree:          131928 kB
Active:           369012 kB
Mem:          3.8G       3.7G       128M       5.7M        27M       3.2G

MemTotal:        4016004 kB
MemFree:          138008 kB
Active:           368272 kB
Mem:          3.8G       3.7G       134M       5.7M        27M       3.2G

MemTotal:        4016004 kB
MemFree:          132120 kB
Active:           368272 kB
Mem:          3.8G       3.7G       128M       5.7M        27M       3.2G

MemTotal:        4016004 kB
MemFree:          111396 kB
Active:           368224 kB
Mem:          3.8G       3.7G       108M       5.7M        27M       3.3G

MemTotal:        4016004 kB
MemFree:          118344 kB
Active:           368276 kB
Mem:          3.8G       3.7G       124M       5.7M        27M       3.2G

MemTotal:        4016004 kB
MemFree:          112568 kB
Active:           368292 kB
Mem:          3.8G       3.7G       109M       5.7M        27M       3.3G

MemTotal:        4016004 kB
MemFree:          129228 kB
Active:           368296 kB
Mem:          3.8G       3.7G       126M       5.7M        27M       3.2G

MemTotal:        4016004 kB
MemFree:          127136 kB
Active:           367824 kB
Mem:          3.8G       3.7G       123M       5.7M        27M       3.2G

MemTotal:        4016004 kB
MemFree:          125828 kB
Active:           367824 kB
Mem:          3.8G       3.7G       122M       5.7M        27M       3.2G

MemTotal:        4016004 kB
MemFree:          124700 kB
Active:           367816 kB
Mem:          3.8G       3.7G       121M       5.7M        27M       3.2G

MemTotal:        4016004 kB
MemFree:          122852 kB
Active:           367832 kB
Mem:          3.8G       3.7G       120M       5.7M        27M       3.2G

MemTotal:        4016004 kB
MemFree:          120744 kB
Active:           364572 kB
Mem:          3.8G       3.7G       118M       5.7M        27M       3.2G

MemTotal:        4016004 kB
MemFree:          132096 kB
Active:           364244 kB
Mem:          3.8G       3.7G       129M       5.7M        27M       3.2G

MemTotal:        4016004 kB
MemFree:          126892 kB
Active:           364244 kB
Mem:          3.8G       3.7G       123M       5.7M        27M       3.2G

MemTotal:        4016004 kB
MemFree:          141704 kB
Active:           364244 kB
Mem:          3.8G       3.7G       138M       5.7M        27M       3.2G

MemTotal:        4016004 kB
MemFree:          138440 kB
Active:           361464 kB
Mem:          3.8G       3.7G       134M       5.7M        27M       3.2G

MemTotal:        4016004 kB
MemFree:          106956 kB
Active:           361408 kB
Mem:          3.8G       3.7G       104M       5.7M        27M       3.3G

MemTotal:        4016004 kB
MemFree:          131548 kB
Active:           363504 kB
Mem:          3.8G       3.7G       128M       5.7M        27M       3.2G

MemTotal:        4016004 kB
MemFree:          114372 kB
Active:           362608 kB
Mem:          3.8G       3.7G       111M       5.7M        27M       3.3G

MemTotal:        4016004 kB
MemFree:          132552 kB
Active:           362572 kB
Mem:          3.8G       3.7G       129M       5.7M        27M       3.2G

MemTotal:        4016004 kB
MemFree:          117000 kB
Active:           362616 kB
Mem:          3.8G       3.7G       113M       5.7M        27M       3.2G

MemTotal:        4016004 kB
MemFree:          115756 kB
Active:           362600 kB
Mem:          3.8G       3.7G       112M       5.7M        27M       3.2G

MemTotal:        4016004 kB
MemFree:          114832 kB
Active:           362620 kB
Mem:          3.8G       3.7G       111M       5.7M        27M       3.3G

MemTotal:        4016004 kB
MemFree:          113348 kB
Active:           362628 kB
Mem:          3.8G       3.7G       110M       5.7M        27M       3.3G

MemTotal:        4016004 kB
MemFree:          111444 kB
Active:           362628 kB
Mem:          3.8G       3.7G       108M       5.7M        27M       3.3G

MemTotal:        4016004 kB
MemFree:          145112 kB
Active:           364048 kB
Mem:          3.8G       3.7G       141M       5.7M        27M       3.2G

MemTotal:        4016004 kB
MemFree:          130376 kB
Active:           360128 kB
Mem:          3.8G       3.7G       127M       5.7M        27M       3.2G

MemTotal:        4016004 kB
MemFree:          129188 kB
Active:           360144 kB
Mem:          3.8G       3.7G       126M       5.7M        27M       3.2G

MemTotal:        4016004 kB
MemFree:          125648 kB
Active:           360144 kB
Mem:          3.8G       3.7G       122M       5.7M        27M       3.2G

MemTotal:        4016004 kB
MemFree:          126088 kB
Active:           360144 kB
Mem:          3.8G       3.7G       122M       5.7M        27M       3.2G

MemTotal:        4016004 kB
MemFree:          127088 kB
Active:           360156 kB
Mem:          3.8G       3.7G       123M       5.7M        27M       3.2G

MemTotal:        4016004 kB
MemFree:          134444 kB
Active:           360160 kB
Mem:          3.8G       3.7G       131M       5.7M        27M       3.2G

MemTotal:        4016004 kB
MemFree:          130884 kB
Active:           360168 kB
Mem:          3.8G       3.7G       127M       5.7M        27M       3.2G

MemTotal:        4016004 kB
MemFree:          129396 kB
Active:           360172 kB
Mem:          3.8G       3.7G       126M       5.7M        27M       3.2G

MemTotal:        4016004 kB
MemFree:          128284 kB
Active:           360172 kB
Mem:          3.8G       3.7G       125M       5.7M        27M       3.2G

MemTotal:        4016004 kB
MemFree:          127560 kB
Active:           360172 kB
Mem:          3.8G       3.7G       124M       5.7M        27M       3.2G

MemTotal:        4016004 kB
MemFree:          120792 kB
Active:           360180 kB
Mem:          3.8G       3.7G       117M       5.7M        27M       3.2G

MemTotal:        4016004 kB
MemFree:          133076 kB
Active:           358524 kB
Mem:          3.8G       3.7G       129M       5.7M        27M       3.2G

MemTotal:        4016004 kB
MemFree:          115940 kB
Active:           358524 kB
Mem:          3.8G       3.7G       113M       5.7M        27M       3.2G

MemTotal:        4016004 kB
MemFree:          129196 kB
Active:           358548 kB
Mem:          3.8G       3.7G       125M       5.7M        27M       3.2G

MemTotal:        4016004 kB
MemFree:          120192 kB
Active:           358524 kB
Mem:          3.8G       3.7G       117M       5.7M        27M       3.2G

MemTotal:        4016004 kB
MemFree:          138712 kB
Active:           358568 kB
Mem:          3.8G       3.7G       135M       5.7M        27M       3.2G

MemTotal:        4016004 kB
MemFree:          120564 kB
Active:           358556 kB
Mem:          3.8G       3.7G       117M       5.7M        27M       3.2G

MemTotal:        4016004 kB
MemFree:          130300 kB
Active:           358572 kB
Mem:          3.8G       3.7G       127M       5.7M        27M       3.2G

MemTotal:        4016004 kB
MemFree:          127644 kB
Active:           358572 kB
Mem:          3.8G       3.7G       124M       5.7M        27M       3.2G

MemTotal:        4016004 kB
MemFree:          126332 kB
Active:           358580 kB
Mem:          3.8G       3.7G       123M       5.7M        27M       3.2G

MemTotal:        4016004 kB
MemFree:          126208 kB
Active:           358540 kB
Mem:          3.8G       3.7G       123M       5.7M        27M       3.2G

MemTotal:        4016004 kB
MemFree:          126492 kB
Active:           358560 kB
Mem:          3.8G       3.7G       123M       5.7M        27M       3.2G

MemTotal:        4016004 kB
MemFree:          115496 kB
Active:           358588 kB
Mem:          3.8G       3.7G       112M       5.7M        27M       3.2G

MemTotal:        4016004 kB
MemFree:          122988 kB
Active:           355600 kB
Mem:          3.8G       3.7G       119M       5.7M        27M       3.2G

MemTotal:        4016004 kB
MemFree:          124288 kB
Active:           355604 kB
Mem:          3.8G       3.7G       120M       5.7M        27M       3.2G

MemTotal:        4016004 kB
MemFree:          124512 kB
Active:           355612 kB
Mem:          3.8G       3.7G       121M       5.7M        27M       3.2G

MemTotal:        4016004 kB
MemFree:          118540 kB
Active:           355592 kB
Mem:          3.8G       3.7G       114M       5.7M        27M       3.2G

MemTotal:        4016004 kB
MemFree:          121068 kB
Active:           354748 kB
Mem:          3.8G       3.7G       118M       5.7M        27M       3.2G

MemTotal:        4016004 kB
MemFree:          149728 kB
Active:           354676 kB
Mem:          3.8G       3.7G       145M       5.7M        27M       3.2G

MemTotal:        4016004 kB
MemFree:          145740 kB
Active:           354712 kB
Mem:          3.8G       3.7G       142M       5.7M        27M       3.2G

MemTotal:        4016004 kB
MemFree:          145516 kB
Active:           354664 kB
Mem:          3.8G       3.7G       141M       5.7M        27M       3.2G

MemTotal:        4016004 kB
MemFree:          145612 kB
Active:           354660 kB
Mem:          3.8G       3.7G       142M       5.7M        27M       3.2G

MemTotal:        4016004 kB
MemFree:          145744 kB
Active:           354664 kB
Mem:          3.8G       3.7G       142M       5.7M        27M       3.2G

MemTotal:        4016004 kB
MemFree:          144160 kB
Active:           354720 kB
Mem:          3.8G       3.7G       140M       5.7M        27M       3.2G

MemTotal:        4016004 kB
MemFree:          118336 kB
Active:           354720 kB
Mem:          3.8G       3.7G       115M       5.7M        27M       3.2G

MemTotal:        4016004 kB
MemFree:          117924 kB
Active:           354736 kB
Mem:          3.8G       3.7G       114M       5.7M        27M       3.2G

MemTotal:        4016004 kB
MemFree:          117584 kB
Active:           354740 kB
Mem:          3.8G       3.7G       114M       5.7M        27M       3.2G

MemTotal:        4016004 kB
MemFree:          117808 kB
Active:           354740 kB
Mem:          3.8G       3.7G       115M       5.7M        27M       3.2G

MemTotal:        4016004 kB
MemFree:          111392 kB
Active:           354740 kB
Mem:          3.8G       3.7G       108M       5.7M        27M       3.3G

MemTotal:        4016004 kB
MemFree:          134052 kB
Active:           354748 kB
Mem:          3.8G       3.7G       130M       5.7M        27M       3.2G

MemTotal:        4016004 kB
MemFree:          120552 kB
Active:           354748 kB
Mem:          3.8G       3.7G       117M       5.7M        27M       3.2G

MemTotal:        4016004 kB
MemFree:          131624 kB
Active:           354756 kB
Mem:          3.8G       3.7G       127M       5.7M        27M       3.2G

MemTotal:        4016004 kB
MemFree:          133636 kB
Active:           354760 kB
Mem:          3.8G       3.7G       130M       5.7M        27M       3.2G

MemTotal:        4016004 kB
MemFree:          120456 kB
Active:           354768 kB
Mem:          3.8G       3.7G       117M       5.7M        27M       3.2G

MemTotal:        4016004 kB
MemFree:          113744 kB
Active:           354720 kB
Mem:          3.8G       3.7G       110M       5.7M        27M       3.2G

MemTotal:        4016004 kB
MemFree:          118740 kB
Active:           354664 kB
Mem:          3.8G       3.7G       115M       5.7M        27M       3.2G

MemTotal:        4016004 kB
MemFree:          118276 kB
Active:           354676 kB
Mem:          3.8G       3.7G       115M       5.7M        27M       3.2G

MemTotal:        4016004 kB
MemFree:          116176 kB
Active:           354640 kB
Mem:          3.8G       3.7G       113M       5.7M        27M       3.2G

MemTotal:        4016004 kB
MemFree:          115044 kB
Active:           354684 kB
Mem:          3.8G       3.7G       112M       5.7M        27M       3.2G

MemTotal:        4016004 kB
MemFree:          114272 kB
Active:           354684 kB
Mem:          3.8G       3.7G       111M       5.7M        27M       3.2G

MemTotal:        4016004 kB
MemFree:          129408 kB
Active:           354684 kB
Mem:          3.8G       3.7G       126M       5.7M        27M       3.2G

MemTotal:        4016004 kB
MemFree:          124096 kB
Active:           354060 kB
Mem:          3.8G       3.7G       121M       5.7M        27M       3.2G

MemTotal:        4016004 kB
MemFree:          125980 kB
Active:           353872 kB
Mem:          3.8G       3.7G       122M       5.7M        27M       3.2G

MemTotal:        4016004 kB
MemFree:          121368 kB
Active:           353580 kB
Mem:          3.8G       3.7G       118M       5.7M        27M       3.2G

MemTotal:        4016004 kB
MemFree:          121244 kB
Active:           353548 kB
Mem:          3.8G       3.7G       118M       5.7M        27M       3.2G

MemTotal:        4016004 kB
MemFree:          120748 kB
Active:           353568 kB
Mem:          3.8G       3.7G       117M       5.7M        27M       3.2G

MemTotal:        4016004 kB
MemFree:          120780 kB
Active:           353580 kB
Mem:          3.8G       3.7G       117M       5.7M        27M       3.2G

MemTotal:        4016004 kB
MemFree:          120780 kB
Active:           353552 kB
Mem:          3.8G       3.7G       117M       5.7M        27M       3.2G

MemTotal:        4016004 kB
MemFree:          120780 kB
Active:           353580 kB
Mem:          3.8G       3.7G       117M       5.7M        27M       3.2G

MemTotal:        4016004 kB
MemFree:          120656 kB
Active:           353588 kB
Mem:          3.8G       3.7G       117M       5.7M        27M       3.2G

MemTotal:        4016004 kB
MemFree:          120780 kB
Active:           353580 kB
Mem:          3.8G       3.7G       118M       5.7M        27M       3.2G

MemTotal:        4016004 kB
MemFree:          120780 kB
Active:           353552 kB
Mem:          3.8G       3.7G       117M       5.7M        27M       3.2G

MemTotal:        4016004 kB
MemFree:          120904 kB
Active:           353568 kB
Mem:          3.8G       3.7G       117M       5.7M        27M       3.2G

MemTotal:        4016004 kB
MemFree:          120656 kB
Active:           353604 kB
Mem:          3.8G       3.7G       117M       5.7M        27M       3.2G

MemTotal:        4016004 kB
MemFree:          120656 kB
Active:           353604 kB
Mem:          3.8G       3.7G       117M       5.7M        27M       3.2G

MemTotal:        4016004 kB
MemFree:          120780 kB
Active:           353604 kB
Mem:          3.8G       3.7G       117M       5.7M        27M       3.2G

MemTotal:        4016004 kB
MemFree:          120828 kB
Active:           353400 kB
Mem:          3.8G       3.7G       118M       5.7M        27M       3.2G

MemTotal:        4016004 kB
MemFree:          121216 kB
Active:           353364 kB
Mem:          3.8G       3.7G       117M       5.7M        27M       3.2G

MemTotal:        4016004 kB
MemFree:          121092 kB
Active:           353364 kB
Mem:          3.8G       3.7G       118M       5.7M        27M       3.2G

MemTotal:        4016004 kB
MemFree:          120968 kB
Active:           353360 kB
Mem:          3.8G       3.7G       118M       5.7M        27M       3.2G

MemTotal:        4016004 kB
MemFree:          121216 kB
Active:           353396 kB
Mem:          3.8G       3.7G       118M       5.7M        27M       3.2G

MemTotal:        4016004 kB
MemFree:          121216 kB
Active:           353360 kB
Mem:          3.8G       3.7G       118M       5.7M        27M       3.2G

MemTotal:        4016004 kB
MemFree:          121216 kB
Active:           353388 kB
Mem:          3.8G       3.7G       118M       5.7M        27M       3.2G

MemTotal:        4016004 kB
MemFree:          121216 kB
Active:           353412 kB
Mem:          3.8G       3.7G       118M       5.7M        27M       3.2G

MemTotal:        4016004 kB
MemFree:          121092 kB
Active:           353412 kB
Mem:          3.8G       3.7G       117M       5.7M        27M       3.2G

MemTotal:        4016004 kB
MemFree:          121092 kB
Active:           353412 kB
Mem:          3.8G       3.7G       117M       5.7M        27M       3.2G

MemTotal:        4016004 kB
MemFree:          120844 kB
Active:           353412 kB
Mem:          3.8G       3.7G       118M       5.7M        27M       3.2G

MemTotal:        4016004 kB
MemFree:          121340 kB
Active:           353416 kB
Mem:          3.8G       3.7G       118M       5.7M        27M       3.2G

MemTotal:        4016004 kB
MemFree:          120520 kB
Active:           353396 kB
Mem:          3.8G       3.7G       117M       5.7M        27M       3.2G

MemTotal:        4016004 kB
MemFree:          120616 kB
Active:           353412 kB
Mem:          3.8G       3.7G       117M       5.7M        27M       3.2G

MemTotal:        4016004 kB
MemFree:          120736 kB
Active:           353456 kB
Mem:          3.8G       3.7G       118M       5.7M        27M       3.2G

MemTotal:        4016004 kB
MemFree:          120596 kB
Active:           353460 kB
Mem:          3.8G       3.7G       118M       5.7M        27M       3.2G

MemTotal:        4016004 kB
MemFree:          120720 kB
Active:           353452 kB
Mem:          3.8G       3.7G       118M       5.7M        27M       3.2G

MemTotal:        4016004 kB
MemFree:          121092 kB
Active:           353412 kB
Mem:          3.8G       3.7G       117M       5.7M        27M       3.2G

MemTotal:        4016004 kB
MemFree:          121092 kB
Active:           353416 kB
Mem:          3.8G       3.7G       118M       5.7M        27M       3.2G

MemTotal:        4016004 kB
MemFree:          120844 kB
Active:           353468 kB
Mem:          3.8G       3.7G       118M       5.7M        27M       3.2G

MemTotal:        4016004 kB
MemFree:          120844 kB
Active:           353468 kB
Mem:          3.8G       3.7G       118M       5.7M        27M       3.2G

MemTotal:        4016004 kB
MemFree:          121216 kB
Active:           353456 kB
Mem:          3.8G       3.7G       118M       5.7M        27M       3.2G

MemTotal:        4016004 kB
MemFree:          121216 kB
Active:           353412 kB
Mem:          3.8G       3.7G       118M       5.7M        27M       3.2G

MemTotal:        4016004 kB
MemFree:          121092 kB
Active:           353416 kB
Mem:          3.8G       3.7G       118M       5.7M        27M       3.2G

MemTotal:        4016004 kB
MemFree:          121092 kB
Active:           353432 kB
Mem:          3.8G       3.7G       118M       5.7M        27M       3.2G

MemTotal:        4016004 kB
MemFree:          121464 kB
Active:           353452 kB
Mem:          3.8G       3.7G       118M       5.7M        27M       3.2G

MemTotal:        4016004 kB
MemFree:          121092 kB
Active:           353484 kB
Mem:          3.8G       3.7G       118M       5.7M        27M       3.2G

MemTotal:        4016004 kB
MemFree:          121340 kB
Active:           353472 kB
Mem:          3.8G       3.7G       118M       5.7M        27M       3.2G

MemTotal:        4016004 kB
MemFree:          121712 kB
Active:           353484 kB
Mem:          3.8G       3.7G       118M       5.7M        27M       3.2G

MemTotal:        4016004 kB
MemFree:          121340 kB
Active:           353492 kB
Mem:          3.8G       3.7G       118M       5.7M        27M       3.2G

MemTotal:        4016004 kB
MemFree:          121340 kB
Active:           353484 kB
Mem:          3.8G       3.7G       118M       5.7M        27M       3.2G

MemTotal:        4016004 kB
MemFree:          121340 kB
Active:           353488 kB
Mem:          3.8G       3.7G       118M       5.7M        27M       3.2G

MemTotal:        4016004 kB
MemFree:          121372 kB
Active:           353436 kB
Mem:          3.8G       3.7G       118M       5.7M        27M       3.2G

MemTotal:        4016004 kB
MemFree:          121868 kB
Active:           353444 kB
Mem:          3.8G       3.7G       118M       5.7M        27M       3.2G

MemTotal:        4016004 kB
MemFree:          121868 kB
Active:           353456 kB
Mem:          3.8G       3.7G       118M       5.7M        27M       3.2G

MemTotal:        4016004 kB
MemFree:          121744 kB
Active:           353468 kB
Mem:          3.8G       3.7G       118M       5.7M        27M       3.2G

MemTotal:        4016004 kB
MemFree:          121992 kB
Active:           353492 kB
Mem:          3.8G       3.7G       118M       5.7M        27M       3.2G

MemTotal:        4016004 kB
MemFree:          121868 kB
Active:           353448 kB
Mem:          3.8G       3.7G       119M       5.7M        27M       3.2G

MemTotal:        4016004 kB
MemFree:          121868 kB
Active:           353504 kB
Mem:          3.8G       3.7G       119M       5.7M        27M       3.2G

MemTotal:        4016004 kB
MemFree:          121620 kB
Active:           353508 kB
Mem:          3.8G       3.7G       119M       5.7M        27M       3.2G

MemTotal:        4016004 kB
MemFree:          121992 kB
Active:           353488 kB
Mem:          3.8G       3.7G       119M       5.7M        27M       3.2G

MemTotal:        4016004 kB
MemFree:          121868 kB
Active:           353484 kB
Mem:          3.8G       3.7G       119M       5.7M        27M       3.2G

MemTotal:        4016004 kB
MemFree:          121744 kB
Active:           353512 kB
Mem:          3.8G       3.7G       118M       5.7M        27M       3.2G

MemTotal:        4016004 kB
MemFree:          121744 kB
Active:           353484 kB
Mem:          3.8G       3.7G       118M       5.7M        27M       3.2G

MemTotal:        4016004 kB
MemFree:          121620 kB
Active:           353468 kB
Mem:          3.8G       3.7G       118M       5.7M        27M       3.2G

MemTotal:        4016004 kB
MemFree:          121744 kB
Active:           353496 kB
Mem:          3.8G       3.7G       118M       5.7M        27M       3.2G

MemTotal:        4016004 kB
MemFree:          121620 kB
Active:           353492 kB
Mem:          3.8G       3.7G       118M       5.7M        27M       3.2G

MemTotal:        4016004 kB
MemFree:          121248 kB
Active:           353532 kB
Mem:          3.8G       3.7G       118M       5.7M        27M       3.2G

MemTotal:        4016004 kB
MemFree:          121744 kB
Active:           353496 kB
Mem:          3.8G       3.7G       118M       5.7M        27M       3.2G

MemTotal:        4016004 kB
MemFree:          121620 kB
Active:           353524 kB
Mem:          3.8G       3.7G       118M       5.7M        27M       3.2G

MemTotal:        4016004 kB
MemFree:          121620 kB
Active:           353480 kB
Mem:          3.8G       3.7G       118M       5.7M        27M       3.2G

MemTotal:        4016004 kB
MemFree:          121744 kB
Active:           353480 kB
Mem:          3.8G       3.7G       118M       5.7M        27M       3.2G

MemTotal:        4016004 kB
MemFree:          121744 kB
Active:           353512 kB
Mem:          3.8G       3.7G       119M       5.7M        27M       3.2G

MemTotal:        4016004 kB
MemFree:          121744 kB
Active:           353508 kB
Mem:          3.8G       3.7G       119M       5.7M        27M       3.2G

MemTotal:        4016004 kB
MemFree:          121372 kB
Active:           353536 kB
Mem:          3.8G       3.7G       118M       5.7M        27M       3.2G

MemTotal:        4016004 kB
MemFree:          121744 kB
Active:           353500 kB
Mem:          3.8G       3.7G       118M       5.7M        27M       3.2G

MemTotal:        4016004 kB
MemFree:          121744 kB
Active:           353516 kB
Mem:          3.8G       3.7G       118M       5.7M        27M       3.2G

MemTotal:        4016004 kB
MemFree:          121620 kB
Active:           353536 kB
Mem:          3.8G       3.7G       118M       5.7M        27M       3.2G

MemTotal:        4016004 kB
MemFree:          121000 kB
Active:           353548 kB
Mem:          3.8G       3.7G       118M       5.7M        27M       3.2G

MemTotal:        4016004 kB
MemFree:          121124 kB
Active:           353536 kB
Mem:          3.8G       3.7G       118M       5.7M        27M       3.2G

MemTotal:        4016004 kB
MemFree:          120380 kB
Active:           353552 kB
Mem:          3.8G       3.7G       117M       5.7M        27M       3.2G

MemTotal:        4016004 kB
MemFree:          120876 kB
Active:           353516 kB
Mem:          3.8G       3.7G       118M       5.7M        27M       3.2G

MemTotal:        4016004 kB
MemFree:          121000 kB
Active:           353524 kB
Mem:          3.8G       3.7G       118M       5.7M        27M       3.2G

MemTotal:        4016004 kB
MemFree:          120876 kB
Active:           353552 kB
Mem:          3.8G       3.7G       118M       5.7M        27M       3.2G

MemTotal:        4016004 kB
MemFree:          120876 kB
Active:           353512 kB
Mem:          3.8G       3.7G       118M       5.7M        27M       3.2G

MemTotal:        4016004 kB
MemFree:          120876 kB
Active:           353520 kB
Mem:          3.8G       3.7G       118M       5.7M        27M       3.2G

MemTotal:        4016004 kB
MemFree:          121000 kB
Active:           353536 kB
Mem:          3.8G       3.7G       118M       5.7M        27M       3.2G

MemTotal:        4016004 kB
MemFree:          121000 kB
Active:           353504 kB
Mem:          3.8G       3.7G       118M       5.7M        27M       3.2G

MemTotal:        4016004 kB
MemFree:          121000 kB
Active:           353532 kB
Mem:          3.8G       3.7G       117M       5.7M        27M       3.2G

MemTotal:        4016004 kB
MemFree:          121000 kB
Active:           353536 kB
Mem:          3.8G       3.7G       118M       5.7M        27M       3.2G

MemTotal:        4016004 kB
MemFree:          121000 kB
Active:           353568 kB
Mem:          3.8G       3.7G       118M       5.7M        27M       3.2G

MemTotal:        4016004 kB
MemFree:          120752 kB
Active:           353568 kB
Mem:          3.8G       3.7G       118M       5.7M        27M       3.2G

MemTotal:        4016004 kB
MemFree:          121248 kB
Active:           353544 kB
Mem:          3.8G       3.7G       118M       5.7M        27M       3.2G

MemTotal:        4016004 kB
MemFree:          121248 kB
Active:           353556 kB
Mem:          3.8G       3.7G       118M       5.7M        27M       3.2G

MemTotal:        4016004 kB
MemFree:          120876 kB
Active:           353568 kB
Mem:          3.8G       3.7G       118M       5.7M        27M       3.2G

MemTotal:        4016004 kB
MemFree:          121372 kB
Active:           353568 kB
Mem:          3.8G       3.7G       118M       5.7M        27M       3.2G

MemTotal:        4016004 kB
MemFree:          121496 kB
Active:           353572 kB
Mem:          3.8G       3.7G       118M       5.7M        27M       3.2G

MemTotal:        4016004 kB
MemFree:          121000 kB
Active:           353576 kB
Mem:          3.8G       3.7G       118M       5.7M        27M       3.2G

MemTotal:        4016004 kB
MemFree:          121124 kB
Active:           353564 kB
Mem:          3.8G       3.7G       118M       5.7M        27M       3.2G

MemTotal:        4016004 kB
MemFree:          121124 kB
Active:           353564 kB
Mem:          3.8G       3.7G       118M       5.7M        27M       3.2G

MemTotal:        4016004 kB
MemFree:          121248 kB
Active:           353524 kB
Mem:          3.8G       3.7G       118M       5.7M        27M       3.2G

MemTotal:        4016004 kB
MemFree:          120752 kB
Active:           353576 kB
Mem:          3.8G       3.7G       117M       5.7M        27M       3.2G

MemTotal:        4016004 kB
MemFree:          121000 kB
Active:           353532 kB
Mem:          3.8G       3.7G       118M       5.7M        27M       3.2G

MemTotal:        4016004 kB
MemFree:          121124 kB
Active:           353580 kB
Mem:          3.8G       3.7G       118M       5.7M        27M       3.2G

MemTotal:        4016004 kB
MemFree:          121496 kB
Active:           353576 kB
Mem:          3.8G       3.7G       118M       5.7M        27M       3.2G

MemTotal:        4016004 kB
MemFree:          121000 kB
Active:           353580 kB
Mem:          3.8G       3.7G       118M       5.7M        27M       3.2G

MemTotal:        4016004 kB
MemFree:          121744 kB
Active:           353564 kB
Mem:          3.8G       3.7G       118M       5.7M        27M       3.2G

MemTotal:        4016004 kB
MemFree:          121744 kB
Active:           353564 kB
Mem:          3.8G       3.7G       118M       5.7M        27M       3.2G

MemTotal:        4016004 kB
MemFree:          121372 kB
Active:           353588 kB
Mem:          3.8G       3.7G       118M       5.7M        27M       3.2G

MemTotal:        4016004 kB
MemFree:          121124 kB
Active:           353548 kB
Mem:          3.8G       3.7G       118M       5.7M        27M       3.2G

MemTotal:        4016004 kB
MemFree:          121124 kB
Active:           353560 kB
Mem:          3.8G       3.7G       118M       5.7M        27M       3.2G

MemTotal:        4016004 kB
MemFree:          121496 kB
Active:           353564 kB
Mem:          3.8G       3.7G       118M       5.7M        27M       3.2G

MemTotal:        4016004 kB
MemFree:          121620 kB
Active:           353548 kB
Mem:          3.8G       3.7G       118M       5.7M        27M       3.2G

MemTotal:        4016004 kB
MemFree:          121496 kB
Active:           353560 kB
Mem:          3.8G       3.7G       118M       5.7M        27M       3.2G

MemTotal:        4016004 kB
MemFree:          121496 kB
Active:           353588 kB
Mem:          3.8G       3.7G       118M       5.7M        27M       3.2G

MemTotal:        4016004 kB
MemFree:          121620 kB
Active:           353576 kB
Mem:          3.8G       3.7G       118M       5.7M        27M       3.2G

MemTotal:        4016004 kB
MemFree:          121744 kB
Active:           353548 kB
Mem:          3.8G       3.7G       118M       5.7M        27M       3.2G

MemTotal:        4016004 kB
MemFree:          121744 kB
Active:           353568 kB
Mem:          3.8G       3.7G       118M       5.7M        27M       3.2G

MemTotal:        4016004 kB
MemFree:          121496 kB
Active:           353580 kB
Mem:          3.8G       3.7G       118M       5.7M        27M       3.2G

MemTotal:        4016004 kB
MemFree:          121620 kB
Active:           353588 kB
Mem:          3.8G       3.7G       118M       5.7M        27M       3.2G

MemTotal:        4016004 kB
MemFree:          121992 kB
Active:           353608 kB
Mem:          3.8G       3.7G       118M       5.7M        27M       3.2G

MemTotal:        4016004 kB
MemFree:          121496 kB
Active:           353580 kB
Mem:          3.8G       3.7G       118M       5.7M        27M       3.2G

MemTotal:        4016004 kB
MemFree:          121496 kB
Active:           353604 kB
Mem:          3.8G       3.7G       118M       5.7M        27M       3.2G

MemTotal:        4016004 kB
MemFree:          121496 kB
Active:           353612 kB
Mem:          3.8G       3.7G       118M       5.7M        27M       3.2G

MemTotal:        4016004 kB
MemFree:          121372 kB
Active:           353628 kB
Mem:          3.8G       3.7G       118M       5.7M        27M       3.2G

MemTotal:        4016004 kB
MemFree:          121248 kB
Active:           353600 kB
Mem:          3.8G       3.7G       118M       5.7M        27M       3.2G

MemTotal:        4016004 kB
MemFree:          121372 kB
Active:           353608 kB
Mem:          3.8G       3.7G       118M       5.7M        27M       3.2G

MemTotal:        4016004 kB
MemFree:          121372 kB
Active:           353592 kB
Mem:          3.8G       3.7G       118M       5.7M        27M       3.2G

MemTotal:        4016004 kB
MemFree:          121620 kB
Active:           353608 kB
Mem:          3.8G       3.7G       118M       5.7M        27M       3.2G

MemTotal:        4016004 kB
MemFree:          121124 kB
Active:           353636 kB
Mem:          3.8G       3.7G       118M       5.7M        27M       3.2G

MemTotal:        4016004 kB
MemFree:          121124 kB
Active:           353640 kB
Mem:          3.8G       3.7G       118M       5.7M        27M       3.2G

MemTotal:        4016004 kB
MemFree:          121620 kB
Active:           353628 kB
Mem:          3.8G       3.7G       118M       5.7M        27M       3.2G

MemTotal:        4016004 kB
MemFree:          121372 kB
Active:           353640 kB
Mem:          3.8G       3.7G       118M       5.7M        27M       3.2G

MemTotal:        4016004 kB
MemFree:          121372 kB
Active:           353620 kB
Mem:          3.8G       3.7G       118M       5.7M        27M       3.2G

MemTotal:        4016004 kB
MemFree:          121372 kB
Active:           353592 kB
Mem:          3.8G       3.7G       118M       5.7M        27M       3.2G

MemTotal:        4016004 kB
MemFree:          121372 kB
Active:           353612 kB
Mem:          3.8G       3.7G       118M       5.7M        27M       3.2G

MemTotal:        4016004 kB
MemFree:          121620 kB
Active:           353592 kB
Mem:          3.8G       3.7G       118M       5.7M        27M       3.2G

MemTotal:        4016004 kB
MemFree:          121496 kB
Active:           353644 kB
Mem:          3.8G       3.7G       118M       5.7M        27M       3.2G

MemTotal:        4016004 kB
MemFree:          121744 kB
Active:           353616 kB
Mem:          3.8G       3.7G       118M       5.7M        27M       3.2G

MemTotal:        4016004 kB
MemFree:          121868 kB
Active:           353636 kB
Mem:          3.8G       3.7G       118M       5.7M        27M       3.2G

MemTotal:        4016004 kB
MemFree:          121620 kB
Active:           353596 kB
Mem:          3.8G       3.7G       118M       5.7M        27M       3.2G

MemTotal:        4016004 kB
MemFree:          121868 kB
Active:           353624 kB
Mem:          3.8G       3.7G       119M       5.7M        27M       3.2G

MemTotal:        4016004 kB
MemFree:          121744 kB
Active:           353636 kB
Mem:          3.8G       3.7G       118M       5.7M        27M       3.2G

MemTotal:        4016004 kB
MemFree:          121496 kB
Active:           353652 kB
Mem:          3.8G       3.7G       118M       5.7M        27M       3.2G

MemTotal:        4016004 kB
MemFree:          121868 kB
Active:           353644 kB
Mem:          3.8G       3.7G       119M       5.7M        27M       3.2G

MemTotal:        4016004 kB
MemFree:          122116 kB
Active:           353628 kB
Mem:          3.8G       3.7G       119M       5.7M        27M       3.2G

MemTotal:        4016004 kB
MemFree:          121744 kB
Active:           353656 kB
Mem:          3.8G       3.7G       118M       5.7M        27M       3.2G

MemTotal:        4016004 kB
MemFree:          121620 kB
Active:           353624 kB
Mem:          3.8G       3.7G       118M       5.7M        27M       3.2G

MemTotal:        4016004 kB
MemFree:          121620 kB
Active:           353632 kB
Mem:          3.8G       3.7G       118M       5.7M        27M       3.2G

MemTotal:        4016004 kB
MemFree:          121372 kB
Active:           353636 kB
Mem:          3.8G       3.7G       118M       5.7M        27M       3.2G

MemTotal:        4016004 kB
MemFree:          121620 kB
Active:           353664 kB
Mem:          3.8G       3.7G       118M       5.7M        27M       3.2G

MemTotal:        4016004 kB
MemFree:          121620 kB
Active:           353620 kB
Mem:          3.8G       3.7G       118M       5.7M        27M       3.2G

MemTotal:        4016004 kB
MemFree:          121620 kB
Active:           353652 kB
Mem:          3.8G       3.7G       118M       5.7M        27M       3.2G

MemTotal:        4016004 kB
MemFree:          121248 kB
Active:           353668 kB
Mem:          3.8G       3.7G       118M       5.7M        27M       3.2G

MemTotal:        4016004 kB
MemFree:          121124 kB
Active:           353668 kB
Mem:          3.8G       3.7G       118M       5.7M        27M       3.2G

MemTotal:        4016004 kB
MemFree:          121496 kB
Active:           353640 kB
Mem:          3.8G       3.7G       118M       5.7M        27M       3.2G

MemTotal:        4016004 kB
MemFree:          121496 kB
Active:           353652 kB
Mem:          3.8G       3.7G       119M       5.7M        27M       3.2G

MemTotal:        4016004 kB
MemFree:          121868 kB
Active:           353648 kB
Mem:          3.8G       3.7G       119M       5.7M        27M       3.2G

MemTotal:        4016004 kB
MemFree:          121496 kB
Active:           353648 kB
Mem:          3.8G       3.7G       118M       5.7M        27M       3.2G

MemTotal:        4016004 kB
MemFree:          121496 kB
Active:           353668 kB
Mem:          3.8G       3.7G       118M       5.7M        27M       3.2G

MemTotal:        4016004 kB
MemFree:          121512 kB
Active:           353632 kB
Mem:          3.8G       3.7G       118M       5.7M        27M       3.2G

MemTotal:        4016004 kB
MemFree:          121388 kB
Active:           353656 kB
Mem:          3.8G       3.7G       118M       5.7M        27M       3.2G

MemTotal:        4016004 kB
MemFree:          121760 kB
Active:           353668 kB
Mem:          3.8G       3.7G       118M       5.7M        27M       3.2G

MemTotal:        4016004 kB
MemFree:          121760 kB
Active:           353680 kB
Mem:          3.8G       3.7G       118M       5.7M        27M       3.2G

MemTotal:        4016004 kB
MemFree:          121264 kB
Active:           353692 kB
Mem:          3.8G       3.7G       118M       5.7M        27M       3.2G

MemTotal:        4016004 kB
MemFree:          121512 kB
Active:           353672 kB
Mem:          3.8G       3.7G       118M       5.7M        27M       3.2G

MemTotal:        4016004 kB
MemFree:          121512 kB
Active:           353692 kB
Mem:          3.8G       3.7G       118M       5.7M        27M       3.2G

MemTotal:        4016004 kB
MemFree:          120892 kB
Active:           353704 kB
Mem:          3.8G       3.7G       118M       5.7M        27M       3.2G

MemTotal:        4016004 kB
MemFree:          121016 kB
Active:           353664 kB
Mem:          3.8G       3.7G       118M       5.7M        27M       3.2G

MemTotal:        4016004 kB
MemFree:          121264 kB
Active:           353684 kB
Mem:          3.8G       3.7G       118M       5.7M        27M       3.2G

MemTotal:        4016004 kB
MemFree:          121388 kB
Active:           353684 kB
Mem:          3.8G       3.7G       118M       5.7M        27M       3.2G

MemTotal:        4016004 kB
MemFree:          121636 kB
Active:           353700 kB
Mem:          3.8G       3.7G       118M       5.7M        27M       3.2G

MemTotal:        4016004 kB
MemFree:          121636 kB
Active:           353660 kB
Mem:          3.8G       3.7G       118M       5.7M        27M       3.2G

MemTotal:        4016004 kB
MemFree:          121636 kB
Active:           353684 kB
Mem:          3.8G       3.7G       118M       5.7M        27M       3.2G

MemTotal:        4016004 kB
MemFree:          121884 kB
Active:           353664 kB
Mem:          3.8G       3.7G       118M       5.7M        27M       3.2G

MemTotal:        4016004 kB
MemFree:          121512 kB
Active:           353700 kB
Mem:          3.8G       3.7G       118M       5.7M        27M       3.2G

MemTotal:        4016004 kB
MemFree:          121884 kB
Active:           353720 kB
Mem:          3.8G       3.7G       119M       5.7M        27M       3.2G

MemTotal:        4016004 kB
MemFree:          121760 kB
Active:           353700 kB
Mem:          3.8G       3.7G       118M       5.7M        27M       3.2G

MemTotal:        4016004 kB
MemFree:          121264 kB
Active:           353732 kB
Mem:          3.8G       3.7G       118M       5.7M        27M       3.2G

MemTotal:        4016004 kB
MemFree:          121140 kB
Active:           353728 kB
Mem:          3.8G       3.7G       118M       5.7M        27M       3.2G

MemTotal:        4016004 kB
MemFree:          120768 kB
Active:           353736 kB
Mem:          3.8G       3.7G       118M       5.7M        27M       3.2G

MemTotal:        4016004 kB
MemFree:          121016 kB
Active:           353688 kB
Mem:          3.8G       3.7G       118M       5.7M        27M       3.2G

MemTotal:        4016004 kB
MemFree:          121512 kB
Active:           353696 kB
Mem:          3.8G       3.7G       118M       5.7M        27M       3.2G

MemTotal:        4016004 kB
MemFree:          121512 kB
Active:           353720 kB
Mem:          3.8G       3.7G       118M       5.7M        27M       3.2G

MemTotal:        4016004 kB
MemFree:          121388 kB
Active:           353728 kB
Mem:          3.8G       3.7G       118M       5.7M        27M       3.2G

MemTotal:        4016004 kB
MemFree:          121388 kB
Active:           353732 kB
Mem:          3.8G       3.7G       118M       5.7M        27M       3.2G

MemTotal:        4016004 kB
MemFree:          121388 kB
Active:           353736 kB
Mem:          3.8G       3.7G       118M       5.7M        27M       3.2G

MemTotal:        4016004 kB
MemFree:          121388 kB
Active:           353716 kB
Mem:          3.8G       3.7G       118M       5.7M        27M       3.2G

MemTotal:        4016004 kB
MemFree:          121016 kB
Active:           353792 kB
Mem:          3.8G       3.7G       118M       5.7M        28M       3.2G

MemTotal:        4016004 kB
MemFree:          120892 kB
Active:           353820 kB
Mem:          3.8G       3.7G       117M       5.7M        28M       3.2G

MemTotal:        4016004 kB
MemFree:          121124 kB
Active:           353844 kB
Mem:          3.8G       3.7G       118M       5.7M        28M       3.2G

MemTotal:        4016004 kB
MemFree:          121124 kB
Active:           353800 kB
Mem:          3.8G       3.7G       118M       5.7M        28M       3.2G

MemTotal:        4016004 kB
MemFree:          121124 kB
Active:           353788 kB
Mem:          3.8G       3.7G       118M       5.7M        28M       3.2G

MemTotal:        4016004 kB
MemFree:          121248 kB
Active:           353820 kB
Mem:          3.8G       3.7G       118M       5.7M        28M       3.2G

MemTotal:        4016004 kB
MemFree:          120752 kB
Active:           353848 kB
Mem:          3.8G       3.7G       118M       5.7M        28M       3.2G

