MemTotal:        4016004 kB
MemFree:         3242244 kB
Active:           417360 kB
Mem:          3.8G       755M       3.1G       5.7M        55M       314M

MemTotal:        4016004 kB
MemFree:         3242096 kB
Active:           417808 kB
Mem:          3.8G       755M       3.1G       5.7M        55M       314M

MemTotal:        4016004 kB
MemFree:         3242452 kB
Active:           417836 kB
Mem:          3.8G       755M       3.1G       5.7M        55M       314M

MemTotal:        4016004 kB
MemFree:         3242064 kB
Active:           417832 kB
Mem:          3.8G       755M       3.1G       5.7M        55M       314M

MemTotal:        4016004 kB
MemFree:         3242048 kB
Active:           417832 kB
Mem:          3.8G       755M       3.1G       5.7M        55M       314M

MemTotal:        4016004 kB
MemFree:         3241676 kB
Active:           417884 kB
Mem:          3.8G       755M       3.1G       5.7M        55M       314M

MemTotal:        4016004 kB
MemFree:         3242032 kB
Active:           417836 kB
Mem:          3.8G       755M       3.1G       5.7M        55M       314M

MemTotal:        4016004 kB
MemFree:         3242140 kB
Active:           417856 kB
Mem:          3.8G       755M       3.1G       5.7M        55M       314M

MemTotal:        4016004 kB
MemFree:         3242000 kB
Active:           417868 kB
Mem:          3.8G       755M       3.1G       5.7M        55M       314M

MemTotal:        4016004 kB
MemFree:         3242000 kB
Active:           417884 kB
Mem:          3.8G       755M       3.1G       5.7M        55M       314M

MemTotal:        4016004 kB
MemFree:         3242248 kB
Active:           417844 kB
Mem:          3.8G       755M       3.1G       5.7M        55M       314M

MemTotal:        4016004 kB
MemFree:         3242124 kB
Active:           417852 kB
Mem:          3.8G       756M       3.1G       5.7M        55M       314M

MemTotal:        4016004 kB
MemFree:         3241752 kB
Active:           417836 kB
Mem:          3.8G       756M       3.1G       5.7M        55M       314M

MemTotal:        4016004 kB
MemFree:         3241628 kB
Active:           417840 kB
Mem:          3.8G       756M       3.1G       5.7M        55M       314M

MemTotal:        4016004 kB
MemFree:         3241628 kB
Active:           417884 kB
Mem:          3.8G       756M       3.1G       5.7M        55M       314M

MemTotal:        4016004 kB
MemFree:         3241628 kB
Active:           417892 kB
Mem:          3.8G       756M       3.1G       5.7M        55M       314M

MemTotal:        4016004 kB
MemFree:         3241784 kB
Active:           417844 kB
Mem:          3.8G       756M       3.1G       5.7M        55M       314M

MemTotal:        4016004 kB
MemFree:         3241660 kB
Active:           417852 kB
Mem:          3.8G       756M       3.1G       5.7M        55M       314M

MemTotal:        4016004 kB
MemFree:         3241660 kB
Active:           417860 kB
Mem:          3.8G       756M       3.1G       5.7M        55M       314M

MemTotal:        4016004 kB
MemFree:         3241908 kB
Active:           417860 kB
Mem:          3.8G       756M       3.1G       5.7M        55M       314M

MemTotal:        4016004 kB
MemFree:         3242016 kB
Active:           417860 kB
Mem:          3.8G       756M       3.1G       5.7M        55M       314M

MemTotal:        4016004 kB
MemFree:         3241988 kB
Active:           417892 kB
Mem:          3.8G       755M       3.1G       5.7M        55M       314M

MemTotal:        4016004 kB
MemFree:         3242112 kB
Active:           417864 kB
Mem:          3.8G       755M       3.1G       5.7M        55M       314M

MemTotal:        4016004 kB
MemFree:         3242112 kB
Active:           417876 kB
Mem:          3.8G       756M       3.1G       5.7M        55M       314M

MemTotal:        4016004 kB
MemFree:         3241492 kB
Active:           417856 kB
Mem:          3.8G       756M       3.1G       5.7M        55M       314M

MemTotal:        4016004 kB
MemFree:         3241244 kB
Active:           417904 kB
Mem:          3.8G       756M       3.1G       5.7M        55M       314M

MemTotal:        4016004 kB
MemFree:         3241616 kB
Active:           417856 kB
Mem:          3.8G       756M       3.1G       5.7M        55M       314M

MemTotal:        4016004 kB
MemFree:         3241972 kB
Active:           417864 kB
Mem:          3.8G       756M       3.1G       5.7M        55M       314M

MemTotal:        4016004 kB
MemFree:         3241956 kB
Active:           417908 kB
Mem:          3.8G       755M       3.1G       5.7M        55M       314M

MemTotal:        4016004 kB
MemFree:         3241956 kB
Active:           417916 kB
Mem:          3.8G       755M       3.1G       5.7M        55M       314M

MemTotal:        4016004 kB
MemFree:         3241832 kB
Active:           417916 kB
Mem:          3.8G       755M       3.1G       5.7M        55M       314M

MemTotal:        4016004 kB
MemFree:         3241816 kB
Active:           417896 kB
Mem:          3.8G       756M       3.1G       5.7M        55M       314M

MemTotal:        4016004 kB
MemFree:         3241304 kB
Active:           417916 kB
Mem:          3.8G       756M       3.1G       5.7M        55M       314M

MemTotal:        4016004 kB
MemFree:         3241800 kB
Active:           417880 kB
Mem:          3.8G       756M       3.1G       5.7M        55M       314M

MemTotal:        4016004 kB
MemFree:         3241924 kB
Active:           417896 kB
Mem:          3.8G       756M       3.1G       5.7M        55M       314M

MemTotal:        4016004 kB
MemFree:         3241784 kB
Active:           417920 kB
Mem:          3.8G       756M       3.1G       5.7M        55M       314M

MemTotal:        4016004 kB
MemFree:         3241768 kB
Active:           417892 kB
Mem:          3.8G       756M       3.1G       5.7M        55M       314M

MemTotal:        4016004 kB
MemFree:         3239844 kB
Active:           417908 kB
Mem:          3.8G       757M       3.1G       5.7M        55M       314M

MemTotal:        4016004 kB
MemFree:         3239968 kB
Active:           417880 kB
Mem:          3.8G       757M       3.1G       5.7M        55M       314M

MemTotal:        4016004 kB
MemFree:         3239720 kB
Active:           419932 kB
Mem:          3.8G       758M       3.1G       5.7M        55M       314M

MemTotal:        4016004 kB
MemFree:         3239720 kB
Active:           419948 kB
Mem:          3.8G       758M       3.1G       5.7M        55M       314M

MemTotal:        4016004 kB
MemFree:         3239884 kB
Active:           419944 kB
Mem:          3.8G       757M       3.1G       5.7M        55M       314M

MemTotal:        4016004 kB
MemFree:         3239620 kB
Active:           419968 kB
Mem:          3.8G       758M       3.1G       5.7M        55M       314M

MemTotal:        4016004 kB
MemFree:         3240116 kB
Active:           419916 kB
Mem:          3.8G       757M       3.1G       5.7M        55M       314M

MemTotal:        4016004 kB
MemFree:         3240224 kB
Active:           419924 kB
Mem:          3.8G       757M       3.1G       5.7M        55M       314M

MemTotal:        4016004 kB
MemFree:         3240084 kB
Active:           419928 kB
Mem:          3.8G       757M       3.1G       5.7M        55M       314M

MemTotal:        4016004 kB
MemFree:         3239712 kB
Active:           419960 kB
Mem:          3.8G       757M       3.1G       5.7M        55M       314M

MemTotal:        4016004 kB
MemFree:         3239960 kB
Active:           419944 kB
Mem:          3.8G       757M       3.1G       5.7M        55M       314M

MemTotal:        4016004 kB
MemFree:         3239960 kB
Active:           419952 kB
Mem:          3.8G       757M       3.1G       5.7M        55M       314M

MemTotal:        4016004 kB
MemFree:         3239960 kB
Active:           419960 kB
Mem:          3.8G       757M       3.1G       5.7M        55M       314M

MemTotal:        4016004 kB
MemFree:         3239588 kB
Active:           419984 kB
Mem:          3.8G       758M       3.1G       5.7M        55M       314M

MemTotal:        4016004 kB
MemFree:         3239820 kB
Active:           419940 kB
Mem:          3.8G       758M       3.1G       5.7M        55M       314M

MemTotal:        4016004 kB
MemFree:         3239804 kB
Active:           419984 kB
Mem:          3.8G       758M       3.1G       5.7M        55M       314M

MemTotal:        4016004 kB
MemFree:         3239556 kB
Active:           420000 kB
Mem:          3.8G       758M       3.1G       5.7M        55M       314M

MemTotal:        4016004 kB
MemFree:         3239540 kB
Active:           419976 kB
Mem:          3.8G       758M       3.1G       5.7M        55M       314M

MemTotal:        4016004 kB
MemFree:         3239648 kB
Active:           419996 kB
Mem:          3.8G       758M       3.1G       5.7M        55M       314M

MemTotal:        4016004 kB
MemFree:         3239524 kB
Active:           419948 kB
Mem:          3.8G       758M       3.1G       5.7M        55M       314M

MemTotal:        4016004 kB
MemFree:         3239276 kB
Active:           420004 kB
Mem:          3.8G       758M       3.1G       5.7M        55M       314M

MemTotal:        4016004 kB
MemFree:         3239524 kB
Active:           420000 kB
Mem:          3.8G       758M       3.1G       5.7M        55M       314M

MemTotal:        4016004 kB
MemFree:         3239028 kB
Active:           420012 kB
Mem:          3.8G       758M       3.1G       5.7M        55M       314M

MemTotal:        4016004 kB
MemFree:         3239648 kB
Active:           419996 kB
Mem:          3.8G       758M       3.1G       5.7M        55M       314M

MemTotal:        4016004 kB
MemFree:         3239632 kB
Active:           420008 kB
Mem:          3.8G       758M       3.1G       5.7M        55M       314M

MemTotal:        4016004 kB
MemFree:         3239492 kB
Active:           419964 kB
Mem:          3.8G       758M       3.1G       5.7M        55M       314M

MemTotal:        4016004 kB
MemFree:         3239368 kB
Active:           419996 kB
Mem:          3.8G       758M       3.1G       5.7M        55M       314M

MemTotal:        4016004 kB
MemFree:         3239244 kB
Active:           419984 kB
Mem:          3.8G       758M       3.1G       5.7M        55M       314M

MemTotal:        4016004 kB
MemFree:         3239368 kB
Active:           419968 kB
Mem:          3.8G       758M       3.1G       5.7M        55M       314M

MemTotal:        4016004 kB
MemFree:         3239120 kB
Active:           420020 kB
Mem:          3.8G       758M       3.1G       5.7M        55M       314M

MemTotal:        4016004 kB
MemFree:         3239476 kB
Active:           419984 kB
Mem:          3.8G       758M       3.1G       5.7M        55M       314M

MemTotal:        4016004 kB
MemFree:         3239460 kB
Active:           420000 kB
Mem:          3.8G       758M       3.1G       5.7M        55M       314M

MemTotal:        4016004 kB
MemFree:         3239896 kB
Active:           420004 kB
Mem:          3.8G       758M       3.1G       5.7M        55M       314M

MemTotal:        4016004 kB
MemFree:         3239524 kB
Active:           420008 kB
Mem:          3.8G       758M       3.1G       5.7M        55M       314M

MemTotal:        4016004 kB
MemFree:         3239028 kB
Active:           420024 kB
Mem:          3.8G       758M       3.1G       5.7M        55M       314M

MemTotal:        4016004 kB
MemFree:         3239648 kB
Active:           419968 kB
Mem:          3.8G       758M       3.1G       5.7M        55M       314M

MemTotal:        4016004 kB
MemFree:         3239400 kB
Active:           420008 kB
Mem:          3.8G       758M       3.1G       5.7M        55M       314M

MemTotal:        4016004 kB
MemFree:         3239400 kB
Active:           420012 kB
Mem:          3.8G       758M       3.1G       5.7M        55M       314M

MemTotal:        4016004 kB
MemFree:         3239400 kB
Active:           420000 kB
Mem:          3.8G       758M       3.1G       5.7M        55M       314M

MemTotal:        4016004 kB
MemFree:         3239524 kB
Active:           420000 kB
Mem:          3.8G       758M       3.1G       5.7M        55M       314M

MemTotal:        4016004 kB
MemFree:         3237436 kB
Active:           418124 kB
Mem:          3.8G       759M       3.1G       5.7M        55M       314M

MemTotal:        4016004 kB
MemFree:         3237632 kB
Active:           422032 kB
Mem:          3.8G       760M       3.1G       5.7M        55M       314M

MemTotal:        4016004 kB
MemFree:         3237756 kB
Active:           422024 kB
Mem:          3.8G       760M       3.1G       5.7M        55M       314M

MemTotal:        4016004 kB
MemFree:         3237384 kB
Active:           422072 kB
Mem:          3.8G       760M       3.1G       5.7M        55M       314M

MemTotal:        4016004 kB
MemFree:         3237880 kB
Active:           422060 kB
Mem:          3.8G       759M       3.1G       5.7M        55M       314M

MemTotal:        4016004 kB
MemFree:         3237632 kB
Active:           422056 kB
Mem:          3.8G       760M       3.1G       5.7M        55M       314M

MemTotal:        4016004 kB
MemFree:         3237632 kB
Active:           422064 kB
Mem:          3.8G       760M       3.1G       5.7M        55M       314M

MemTotal:        4016004 kB
MemFree:         3237384 kB
Active:           422092 kB
Mem:          3.8G       760M       3.1G       5.7M        55M       314M

MemTotal:        4016004 kB
MemFree:         3237508 kB
Active:           422076 kB
Mem:          3.8G       760M       3.1G       5.7M        55M       314M

MemTotal:        4016004 kB
MemFree:         3237632 kB
Active:           422036 kB
Mem:          3.8G       759M       3.1G       5.7M        55M       314M

MemTotal:        4016004 kB
MemFree:         3237632 kB
Active:           422092 kB
Mem:          3.8G       760M       3.1G       5.7M        55M       314M

MemTotal:        4016004 kB
MemFree:         3237384 kB
Active:           422092 kB
Mem:          3.8G       760M       3.1G       5.7M        55M       314M

MemTotal:        4016004 kB
MemFree:         3237368 kB
Active:           422068 kB
Mem:          3.8G       760M       3.1G       5.7M        55M       314M

MemTotal:        4016004 kB
MemFree:         3237228 kB
Active:           422052 kB
Mem:          3.8G       760M       3.1G       5.7M        55M       314M

MemTotal:        4016004 kB
MemFree:         3237352 kB
Active:           422064 kB
Mem:          3.8G       760M       3.1G       5.7M        55M       314M

MemTotal:        4016004 kB
MemFree:         3237476 kB
Active:           422060 kB
Mem:          3.8G       760M       3.1G       5.7M        55M       314M

MemTotal:        4016004 kB
MemFree:         3237336 kB
Active:           422076 kB
Mem:          3.8G       760M       3.1G       5.7M        55M       314M

MemTotal:        4016004 kB
MemFree:         3237584 kB
Active:           422044 kB
Mem:          3.8G       760M       3.1G       5.7M        55M       314M

MemTotal:        4016004 kB
MemFree:         3237568 kB
Active:           422092 kB
Mem:          3.8G       760M       3.1G       5.7M        55M       314M

MemTotal:        4016004 kB
MemFree:         3237676 kB
Active:           422092 kB
Mem:          3.8G       760M       3.1G       5.7M        55M       314M

MemTotal:        4016004 kB
MemFree:         3235304 kB
Active:           422108 kB
Mem:          3.8G       762M       3.1G       5.7M        55M       314M

MemTotal:        4016004 kB
MemFree:         3235800 kB
Active:           424128 kB
Mem:          3.8G       762M       3.1G       5.7M        55M       314M

MemTotal:        4016004 kB
MemFree:         3235552 kB
Active:           424116 kB
Mem:          3.8G       762M       3.1G       5.7M        55M       314M

MemTotal:        4016004 kB
MemFree:         3235644 kB
Active:           424332 kB
Mem:          3.8G       762M       3.1G       5.7M        55M       314M

MemTotal:        4016004 kB
MemFree:         3196548 kB
Active:           424472 kB
Mem:          3.8G       800M       3.0G       5.7M        55M       352M

MemTotal:        4016004 kB
MemFree:         3154496 kB
Active:           424508 kB
Mem:          3.8G       841M       3.0G       5.7M        55M       392M

MemTotal:        4016004 kB
MemFree:         3114224 kB
Active:           424512 kB
Mem:          3.8G       881M       3.0G       5.7M        55M       433M

MemTotal:        4016004 kB
MemFree:         3071224 kB
Active:           424520 kB
Mem:          3.8G       923M       2.9G       5.7M        55M       474M

MemTotal:        4016004 kB
MemFree:         3028084 kB
Active:           424528 kB
Mem:          3.8G       964M       2.9G       5.7M        55M       514M

MemTotal:        4016004 kB
MemFree:         2985688 kB
Active:           424584 kB
Mem:          3.8G       1.0G       2.8G       5.7M        55M       556M

MemTotal:        4016004 kB
MemFree:         2942440 kB
Active:           424628 kB
Mem:          3.8G       1.0G       2.8G       5.7M        55M       596M

MemTotal:        4016004 kB
MemFree:         2899936 kB
Active:           424636 kB
Mem:          3.8G       1.1G       2.8G       5.7M        55M       637M

MemTotal:        4016004 kB
MemFree:         2857040 kB
Active:           424664 kB
Mem:          3.8G       1.1G       2.7G       5.7M        55M       678M

MemTotal:        4016004 kB
MemFree:         2815344 kB
Active:           424676 kB
Mem:          3.8G       1.1G       2.7G       5.7M        55M       718M

MemTotal:        4016004 kB
MemFree:         2773364 kB
Active:           424676 kB
Mem:          3.8G       1.2G       2.6G       5.7M        55M       759M

MemTotal:        4016004 kB
MemFree:         2730116 kB
Active:           424748 kB
Mem:          3.8G       1.2G       2.6G       5.7M        55M       800M

MemTotal:        4016004 kB
MemFree:         2688700 kB
Active:           424732 kB
Mem:          3.8G       1.3G       2.6G       5.7M        55M       841M

MemTotal:        4016004 kB
MemFree:         2681348 kB
Active:           424764 kB
Mem:          3.8G       1.3G       2.6G       5.7M        55M       847M

MemTotal:        4016004 kB
MemFree:         2639492 kB
Active:           424768 kB
Mem:          3.8G       1.3G       2.5G       5.7M        55M       887M

MemTotal:        4016004 kB
MemFree:         2596548 kB
Active:           424832 kB
Mem:          3.8G       1.4G       2.5G       5.7M        55M       928M

MemTotal:        4016004 kB
MemFree:         2596064 kB
Active:           424820 kB
Mem:          3.8G       1.4G       2.5G       5.7M        55M       928M

MemTotal:        4016004 kB
MemFree:         2574880 kB
Active:           424852 kB
Mem:          3.8G       1.4G       2.5G       5.7M        55M       950M

MemTotal:        4016004 kB
MemFree:         2532624 kB
Active:           424848 kB
Mem:          3.8G       1.4G       2.4G       5.7M        55M       991M

MemTotal:        4016004 kB
MemFree:         2489004 kB
Active:           424892 kB
Mem:          3.8G       1.5G       2.4G       5.7M        55M       1.0G

MemTotal:        4016004 kB
MemFree:         2446748 kB
Active:           424908 kB
Mem:          3.8G       1.5G       2.3G       5.7M        55M       1.0G

MemTotal:        4016004 kB
MemFree:         2403872 kB
Active:           424948 kB
Mem:          3.8G       1.5G       2.3G       5.7M        55M       1.1G

MemTotal:        4016004 kB
MemFree:         2362236 kB
Active:           424968 kB
Mem:          3.8G       1.6G       2.3G       5.7M        55M       1.1G

MemTotal:        4016004 kB
MemFree:         2326832 kB
Active:           424988 kB
Mem:          3.8G       1.6G       2.2G       5.7M        55M       1.2G

MemTotal:        4016004 kB
MemFree:         2309072 kB
Active:           425008 kB
Mem:          3.8G       1.6G       2.2G       5.7M        55M       1.2G

MemTotal:        4016004 kB
MemFree:         2266988 kB
Active:           424976 kB
Mem:          3.8G       1.7G       2.2G       5.7M        55M       1.2G

MemTotal:        4016004 kB
MemFree:         2225516 kB
Active:           425008 kB
Mem:          3.8G       1.7G       2.1G       5.7M        55M       1.3G

MemTotal:        4016004 kB
MemFree:         2223824 kB
Active:           425032 kB
Mem:          3.8G       1.7G       2.1G       5.7M        55M       1.3G

MemTotal:        4016004 kB
MemFree:         2203600 kB
Active:           425096 kB
Mem:          3.8G       1.7G       2.1G       5.7M        55M       1.3G

MemTotal:        4016004 kB
MemFree:         2161644 kB
Active:           425072 kB
Mem:          3.8G       1.8G       2.1G       5.7M        55M       1.3G

MemTotal:        4016004 kB
MemFree:         2120024 kB
Active:           425088 kB
Mem:          3.8G       1.8G       2.0G       5.7M        55M       1.4G

MemTotal:        4016004 kB
MemFree:         2078548 kB
Active:           425156 kB
Mem:          3.8G       1.8G       2.0G       5.7M        55M       1.4G

MemTotal:        4016004 kB
MemFree:         2035332 kB
Active:           425188 kB
Mem:          3.8G       1.9G       1.9G       5.7M        55M       1.4G

MemTotal:        4016004 kB
MemFree:         1992332 kB
Active:           425152 kB
Mem:          3.8G       1.9G       1.9G       5.7M        55M       1.5G

MemTotal:        4016004 kB
MemFree:         1950700 kB
Active:           425208 kB
Mem:          3.8G       2.0G       1.9G       5.7M        55M       1.5G

MemTotal:        4016004 kB
MemFree:         1907948 kB
Active:           425208 kB
Mem:          3.8G       2.0G       1.8G       5.7M        55M       1.6G

MemTotal:        4016004 kB
MemFree:         1865024 kB
Active:           423420 kB
Mem:          3.8G       2.1G       1.8G       5.7M        55M       1.6G

MemTotal:        4016004 kB
MemFree:         1822140 kB
Active:           425332 kB
Mem:          3.8G       2.1G       1.7G       5.7M        55M       1.6G

MemTotal:        4016004 kB
MemFree:         1780808 kB
Active:           425352 kB
Mem:          3.8G       2.1G       1.7G       5.7M        55M       1.7G

MemTotal:        4016004 kB
MemFree:         1769868 kB
Active:           425364 kB
Mem:          3.8G       2.1G       1.7G       5.7M        55M       1.7G

MemTotal:        4016004 kB
MemFree:         1751032 kB
Active:           425404 kB
Mem:          3.8G       2.2G       1.7G       5.7M        55M       1.7G

MemTotal:        4016004 kB
MemFree:         1708684 kB
Active:           425412 kB
Mem:          3.8G       2.2G       1.6G       5.7M        55M       1.7G

MemTotal:        4016004 kB
MemFree:         1665836 kB
Active:           425452 kB
Mem:          3.8G       2.2G       1.6G       5.7M        55M       1.8G

MemTotal:        4016004 kB
MemFree:         1622796 kB
Active:           425424 kB
Mem:          3.8G       2.3G       1.5G       5.7M        55M       1.8G

MemTotal:        4016004 kB
MemFree:         1580744 kB
Active:           425500 kB
Mem:          3.8G       2.3G       1.5G       5.7M        55M       1.9G

MemTotal:        4016004 kB
MemFree:         1538612 kB
Active:           425476 kB
Mem:          3.8G       2.4G       1.5G       5.7M        56M       1.9G

MemTotal:        4016004 kB
MemFree:         1495976 kB
Active:           423708 kB
Mem:          3.8G       2.4G       1.4G       5.7M        56M       1.9G

MemTotal:        4016004 kB
MemFree:         1453408 kB
Active:           425716 kB
Mem:          3.8G       2.4G       1.4G       5.7M        56M       2.0G

MemTotal:        4016004 kB
MemFree:         1411508 kB
Active:           425732 kB
Mem:          3.8G       2.5G       1.3G       5.7M        56M       2.0G

MemTotal:        4016004 kB
MemFree:         1368868 kB
Active:           425744 kB
Mem:          3.8G       2.5G       1.3G       5.7M        56M       2.1G

MemTotal:        4016004 kB
MemFree:         1326136 kB
Active:           425800 kB
Mem:          3.8G       2.6G       1.3G       5.7M        56M       2.1G

MemTotal:        4016004 kB
MemFree:         1315772 kB
Active:           425788 kB
Mem:          3.8G       2.6G       1.3G       5.7M        56M       2.1G

MemTotal:        4016004 kB
MemFree:         1273468 kB
Active:           425816 kB
Mem:          3.8G       2.6G       1.2G       5.7M        56M       2.1G

MemTotal:        4016004 kB
MemFree:         1231560 kB
Active:           425864 kB
Mem:          3.8G       2.7G       1.2G       5.7M        56M       2.2G

MemTotal:        4016004 kB
MemFree:         1189400 kB
Active:           425844 kB
Mem:          3.8G       2.7G       1.1G       5.7M        56M       2.2G

MemTotal:        4016004 kB
MemFree:         1147520 kB
Active:           425880 kB
Mem:          3.8G       2.7G       1.1G       5.7M        56M       2.3G

MemTotal:        4016004 kB
MemFree:         1104924 kB
Active:           424404 kB
Mem:          3.8G       2.8G       1.1G       5.7M        56M       2.3G

MemTotal:        4016004 kB
MemFree:         1062156 kB
Active:           426412 kB
Mem:          3.8G       2.8G       1.0G       5.7M        56M       2.3G

MemTotal:        4016004 kB
MemFree:         1021528 kB
Active:           426468 kB
Mem:          3.8G       2.9G       997M       5.7M        56M       2.4G

MemTotal:        4016004 kB
MemFree:          978652 kB
Active:           426484 kB
Mem:          3.8G       2.9G       955M       5.7M        56M       2.4G

MemTotal:        4016004 kB
MemFree:          935652 kB
Active:           426532 kB
Mem:          3.8G       2.9G       913M       5.7M        56M       2.5G

MemTotal:        4016004 kB
MemFree:          922040 kB
Active:           426516 kB
Mem:          3.8G       3.0G       899M       5.7M        56M       2.5G

MemTotal:        4016004 kB
MemFree:          879244 kB
Active:           426576 kB
Mem:          3.8G       3.0G       858M       5.7M        56M       2.5G

MemTotal:        4016004 kB
MemFree:          837848 kB
Active:           426576 kB
Mem:          3.8G       3.0G       817M       5.7M        56M       2.6G

MemTotal:        4016004 kB
MemFree:          794516 kB
Active:           426624 kB
Mem:          3.8G       3.1G       775M       5.7M        56M       2.6G

MemTotal:        4016004 kB
MemFree:          751564 kB
Active:           426760 kB
Mem:          3.8G       3.1G       733M       5.7M        56M       2.6G

MemTotal:        4016004 kB
MemFree:          709576 kB
Active:           430060 kB
Mem:          3.8G       3.2G       692M       5.7M        59M       2.7G

MemTotal:        4016004 kB
MemFree:          669244 kB
Active:           433520 kB
Mem:          3.8G       3.2G       653M       5.7M        62M       2.7G

MemTotal:        4016004 kB
MemFree:          625960 kB
Active:           433812 kB
Mem:          3.8G       3.2G       610M       5.7M        62M       2.7G

MemTotal:        4016004 kB
MemFree:          597640 kB
Active:           433332 kB
Mem:          3.8G       3.3G       583M       5.7M        62M       2.8G

MemTotal:        4016004 kB
MemFree:          553820 kB
Active:           433308 kB
Mem:          3.8G       3.3G       540M       5.7M        62M       2.8G

MemTotal:        4016004 kB
MemFree:          509720 kB
Active:           433260 kB
Mem:          3.8G       3.3G       497M       5.7M        62M       2.9G

MemTotal:        4016004 kB
MemFree:          464608 kB
Active:           433308 kB
Mem:          3.8G       3.4G       453M       5.7M        62M       2.9G

MemTotal:        4016004 kB
MemFree:          419812 kB
Active:           433288 kB
Mem:          3.8G       3.4G       409M       5.7M        62M       2.9G

MemTotal:        4016004 kB
MemFree:          374904 kB
Active:           433296 kB
Mem:          3.8G       3.5G       366M       5.7M        62M       3.0G

MemTotal:        4016004 kB
MemFree:          349144 kB
Active:           433316 kB
Mem:          3.8G       3.5G       340M       5.7M        62M       3.0G

MemTotal:        4016004 kB
MemFree:          346064 kB
Active:           433324 kB
Mem:          3.8G       3.5G       337M       5.7M        62M       3.0G

MemTotal:        4016004 kB
MemFree:          315664 kB
Active:           433332 kB
Mem:          3.8G       3.5G       308M       5.7M        62M       3.0G

MemTotal:        4016004 kB
MemFree:          271208 kB
Active:           433352 kB
Mem:          3.8G       3.6G       264M       5.7M        62M       3.1G

MemTotal:        4016004 kB
MemFree:          228884 kB
Active:           433208 kB
Mem:          3.8G       3.6G       223M       5.7M        62M       3.1G

MemTotal:        4016004 kB
MemFree:          184020 kB
Active:           433140 kB
Mem:          3.8G       3.7G       178M       5.7M        62M       3.2G

MemTotal:        4016004 kB
MemFree:          139532 kB
Active:           433144 kB
Mem:          3.8G       3.7G       135M       5.7M        62M       3.2G

MemTotal:        4016004 kB
MemFree:          131292 kB
Active:           431452 kB
Mem:          3.8G       3.7G       138M       5.7M        27M       3.2G

MemTotal:        4016004 kB
MemFree:          140124 kB
Active:           447476 kB
Mem:          3.8G       3.7G       135M       5.7M        27M       3.2G

MemTotal:        4016004 kB
MemFree:          145176 kB
Active:           495544 kB
Mem:          3.8G       3.7G       141M       5.7M        27M       3.2G

MemTotal:        4016004 kB
MemFree:          124636 kB
Active:           494344 kB
Mem:          3.8G       3.7G       121M       5.7M        27M       3.3G

MemTotal:        4016004 kB
MemFree:          109056 kB
Active:           488716 kB
Mem:          3.8G       3.7G       106M       5.7M        27M       3.3G

MemTotal:        4016004 kB
MemFree:          127356 kB
Active:           483376 kB
Mem:          3.8G       3.7G       123M       5.7M        27M       3.3G

MemTotal:        4016004 kB
MemFree:          127016 kB
Active:           476684 kB
Mem:          3.8G       3.7G       123M       5.7M        27M       3.3G

MemTotal:        4016004 kB
MemFree:          123156 kB
Active:           476604 kB
Mem:          3.8G       3.7G       120M       5.7M        27M       3.3G

MemTotal:        4016004 kB
MemFree:          126084 kB
Active:           472800 kB
Mem:          3.8G       3.7G       122M       5.7M        27M       3.3G

MemTotal:        4016004 kB
MemFree:          118200 kB
Active:           469356 kB
Mem:          3.8G       3.7G       115M       5.7M        27M       3.3G

MemTotal:        4016004 kB
MemFree:          109932 kB
Active:           463968 kB
Mem:          3.8G       3.7G       107M       5.7M        27M       3.3G

MemTotal:        4016004 kB
MemFree:          112620 kB
Active:           458208 kB
Mem:          3.8G       3.7G       110M       5.7M        27M       3.3G

MemTotal:        4016004 kB
MemFree:          109080 kB
Active:           453848 kB
Mem:          3.8G       3.7G       115M       5.7M        27M       3.3G

MemTotal:        4016004 kB
MemFree:          126788 kB
Active:           446312 kB
Mem:          3.8G       3.7G       122M       5.7M        27M       3.3G

MemTotal:        4016004 kB
MemFree:          118676 kB
Active:           444092 kB
Mem:          3.8G       3.7G       115M       5.7M        27M       3.3G

MemTotal:        4016004 kB
MemFree:          105684 kB
Active:           441032 kB
Mem:          3.8G       3.7G       106M       5.7M        27M       3.3G

MemTotal:        4016004 kB
MemFree:          108936 kB
Active:           439160 kB
Mem:          3.8G       3.7G       105M       5.7M        27M       3.3G

MemTotal:        4016004 kB
MemFree:          125340 kB
Active:           437364 kB
Mem:          3.8G       3.7G       122M       5.7M        27M       3.3G

MemTotal:        4016004 kB
MemFree:          128592 kB
Active:           435844 kB
Mem:          3.8G       3.7G       125M       5.7M        27M       3.3G

MemTotal:        4016004 kB
MemFree:          120616 kB
Active:           435148 kB
Mem:          3.8G       3.7G       118M       5.7M        27M       3.3G

MemTotal:        4016004 kB
MemFree:          127680 kB
Active:           434548 kB
Mem:          3.8G       3.7G       124M       5.7M        27M       3.3G

MemTotal:        4016004 kB
MemFree:          119920 kB
Active:           433408 kB
Mem:          3.8G       3.7G       117M       5.7M        27M       3.3G

MemTotal:        4016004 kB
MemFree:          106732 kB
Active:           432260 kB
Mem:          3.8G       3.7G       103M       5.7M        27M       3.3G

MemTotal:        4016004 kB
MemFree:          125928 kB
Active:           430356 kB
Mem:          3.8G       3.7G       122M       5.7M        27M       3.3G

MemTotal:        4016004 kB
MemFree:          112644 kB
Active:           429220 kB
Mem:          3.8G       3.7G       109M       5.7M        27M       3.3G

MemTotal:        4016004 kB
MemFree:          126312 kB
Active:           427688 kB
Mem:          3.8G       3.7G       123M       5.7M        27M       3.3G

MemTotal:        4016004 kB
MemFree:          121244 kB
Active:           422116 kB
Mem:          3.8G       3.7G       118M       5.7M        27M       3.3G

MemTotal:        4016004 kB
MemFree:          107440 kB
Active:           420984 kB
Mem:          3.8G       3.7G       105M       5.7M        27M       3.3G

MemTotal:        4016004 kB
MemFree:          130816 kB
Active:           416820 kB
Mem:          3.8G       3.7G       127M       5.7M        27M       3.2G

MemTotal:        4016004 kB
MemFree:          110628 kB
Active:           416028 kB
Mem:          3.8G       3.7G       107M       5.7M        27M       3.3G

MemTotal:        4016004 kB
MemFree:          108844 kB
Active:           414484 kB
Mem:          3.8G       3.7G       105M       5.7M        27M       3.3G

MemTotal:        4016004 kB
MemFree:          112228 kB
Active:           413460 kB
Mem:          3.8G       3.7G       109M       5.7M        27M       3.3G

MemTotal:        4016004 kB
MemFree:          112152 kB
Active:           413368 kB
Mem:          3.8G       3.7G       109M       5.7M        27M       3.3G

MemTotal:        4016004 kB
MemFree:          116000 kB
Active:           410224 kB
Mem:          3.8G       3.7G       113M       5.7M        27M       3.3G

MemTotal:        4016004 kB
MemFree:          120556 kB
Active:           408132 kB
Mem:          3.8G       3.7G       117M       5.7M        27M       3.3G

MemTotal:        4016004 kB
MemFree:          139104 kB
Active:           407164 kB
Mem:          3.8G       3.7G       135M       5.7M        27M       3.2G

MemTotal:        4016004 kB
MemFree:          130892 kB
Active:           405968 kB
Mem:          3.8G       3.7G       127M       5.7M        27M       3.2G

MemTotal:        4016004 kB
MemFree:          141812 kB
Active:           404172 kB
Mem:          3.8G       3.7G       138M       5.7M        27M       3.2G

MemTotal:        4016004 kB
MemFree:          133560 kB
Active:           403076 kB
Mem:          3.8G       3.7G       129M       5.7M        27M       3.2G

MemTotal:        4016004 kB
MemFree:          125148 kB
Active:           401924 kB
Mem:          3.8G       3.7G       122M       5.7M        27M       3.3G

MemTotal:        4016004 kB
MemFree:          128892 kB
Active:           400016 kB
Mem:          3.8G       3.7G       125M       5.7M        27M       3.2G

MemTotal:        4016004 kB
MemFree:          133608 kB
Active:           396308 kB
Mem:          3.8G       3.7G       130M       5.7M        27M       3.2G

MemTotal:        4016004 kB
MemFree:          137860 kB
Active:           394552 kB
Mem:          3.8G       3.7G       134M       5.7M        27M       3.2G

MemTotal:        4016004 kB
MemFree:          141676 kB
Active:           393028 kB
Mem:          3.8G       3.7G       138M       5.7M        27M       3.2G

MemTotal:        4016004 kB
MemFree:          131196 kB
Active:           392644 kB
Mem:          3.8G       3.7G       127M       5.7M        27M       3.2G

MemTotal:        4016004 kB
MemFree:          124660 kB
Active:           391632 kB
Mem:          3.8G       3.7G       121M       5.7M        27M       3.3G

MemTotal:        4016004 kB
MemFree:          136044 kB
Active:           389728 kB
Mem:          3.8G       3.7G       132M       5.7M        27M       3.2G

MemTotal:        4016004 kB
MemFree:          128420 kB
Active:           388684 kB
Mem:          3.8G       3.7G       125M       5.7M        27M       3.2G

MemTotal:        4016004 kB
MemFree:          119304 kB
Active:           387412 kB
Mem:          3.8G       3.7G       116M       5.7M        27M       3.3G

MemTotal:        4016004 kB
MemFree:          123340 kB
Active:           385316 kB
Mem:          3.8G       3.7G       119M       5.7M        27M       3.3G

MemTotal:        4016004 kB
MemFree:          115020 kB
Active:           384348 kB
Mem:          3.8G       3.7G       111M       5.7M        27M       3.3G

MemTotal:        4016004 kB
MemFree:          132016 kB
Active:           382372 kB
Mem:          3.8G       3.7G       128M       5.7M        27M       3.2G

MemTotal:        4016004 kB
MemFree:          123920 kB
Active:           381540 kB
Mem:          3.8G       3.7G       120M       5.7M        27M       3.3G

MemTotal:        4016004 kB
MemFree:          134868 kB
Active:           379628 kB
Mem:          3.8G       3.7G       131M       5.7M        27M       3.2G

MemTotal:        4016004 kB
MemFree:          127248 kB
Active:           378684 kB
Mem:          3.8G       3.7G       124M       5.7M        27M       3.2G

MemTotal:        4016004 kB
MemFree:          120964 kB
Active:           377436 kB
Mem:          3.8G       3.7G       118M       5.7M        27M       3.3G

MemTotal:        4016004 kB
MemFree:          105608 kB
Active:           377352 kB
Mem:          3.8G       3.7G       103M       5.7M        27M       3.3G

MemTotal:        4016004 kB
MemFree:          121704 kB
Active:           371752 kB
Mem:          3.8G       3.7G       118M       5.7M        27M       3.3G

MemTotal:        4016004 kB
MemFree:          107992 kB
Active:           371816 kB
Mem:          3.8G       3.7G       105M       5.7M        27M       3.3G

MemTotal:        4016004 kB
MemFree:          124892 kB
Active:           371936 kB
Mem:          3.8G       3.7G       121M       5.7M        27M       3.3G

MemTotal:        4016004 kB
MemFree:          121360 kB
Active:           371936 kB
Mem:          3.8G       3.7G       118M       5.7M        27M       3.3G

MemTotal:        4016004 kB
MemFree:          113096 kB
Active:           371944 kB
Mem:          3.8G       3.7G       110M       5.7M        27M       3.3G

MemTotal:        4016004 kB
MemFree:          116828 kB
Active:           371944 kB
Mem:          3.8G       3.7G       114M       5.7M        27M       3.3G

MemTotal:        4016004 kB
MemFree:          122284 kB
Active:           372024 kB
Mem:          3.8G       3.7G       119M       5.7M        27M       3.3G

MemTotal:        4016004 kB
MemFree:          114040 kB
Active:           372036 kB
Mem:          3.8G       3.7G       111M       5.7M        27M       3.3G

MemTotal:        4016004 kB
MemFree:          106264 kB
Active:           371912 kB
Mem:          3.8G       3.7G       103M       5.7M        27M       3.3G

MemTotal:        4016004 kB
MemFree:          113752 kB
Active:           371960 kB
Mem:          3.8G       3.7G       110M       5.7M        27M       3.3G

MemTotal:        4016004 kB
MemFree:          119816 kB
Active:           371804 kB
Mem:          3.8G       3.7G       116M       5.7M        27M       3.3G

MemTotal:        4016004 kB
MemFree:          111864 kB
Active:           371852 kB
Mem:          3.8G       3.7G       109M       5.7M        27M       3.3G

MemTotal:        4016004 kB
MemFree:          104844 kB
Active:           371768 kB
Mem:          3.8G       3.7G       107M       5.7M        27M       3.3G

MemTotal:        4016004 kB
MemFree:          107452 kB
Active:           371840 kB
Mem:          3.8G       3.7G       104M       5.7M        27M       3.3G

MemTotal:        4016004 kB
MemFree:          110288 kB
Active:           371816 kB
Mem:          3.8G       3.7G       107M       5.7M        27M       3.3G

MemTotal:        4016004 kB
MemFree:          129300 kB
Active:           368888 kB
Mem:          3.8G       3.7G       126M       5.7M        27M       3.2G

MemTotal:        4016004 kB
MemFree:          105904 kB
Active:           368744 kB
Mem:          3.8G       3.7G       102M       5.7M        27M       3.3G

MemTotal:        4016004 kB
MemFree:          115600 kB
Active:           369032 kB
Mem:          3.8G       3.7G       112M       5.7M        27M       3.3G

MemTotal:        4016004 kB
MemFree:          106472 kB
Active:           369032 kB
Mem:          3.8G       3.7G       103M       5.7M        27M       3.3G

MemTotal:        4016004 kB
MemFree:          134740 kB
Active:           368904 kB
Mem:          3.8G       3.7G       131M       5.7M        27M       3.2G

MemTotal:        4016004 kB
MemFree:          126244 kB
Active:           368912 kB
Mem:          3.8G       3.7G       123M       5.7M        27M       3.2G

MemTotal:        4016004 kB
MemFree:          126576 kB
Active:           368880 kB
Mem:          3.8G       3.7G       123M       5.7M        27M       3.2G

MemTotal:        4016004 kB
MemFree:          113968 kB
Active:           368864 kB
Mem:          3.8G       3.7G       111M       5.7M        27M       3.3G

MemTotal:        4016004 kB
MemFree:          126752 kB
Active:           368984 kB
Mem:          3.8G       3.7G       123M       5.7M        27M       3.2G

MemTotal:        4016004 kB
MemFree:          125636 kB
Active:           368984 kB
Mem:          3.8G       3.7G       121M       5.7M        27M       3.3G

MemTotal:        4016004 kB
MemFree:          123992 kB
Active:           368952 kB
Mem:          3.8G       3.7G       120M       5.7M        27M       3.3G

MemTotal:        4016004 kB
MemFree:          115720 kB
Active:           368948 kB
Mem:          3.8G       3.7G       112M       5.7M        27M       3.3G

MemTotal:        4016004 kB
MemFree:          125900 kB
Active:           368992 kB
Mem:          3.8G       3.7G       122M       5.7M        27M       3.3G

MemTotal:        4016004 kB
MemFree:          125556 kB
Active:           368980 kB
Mem:          3.8G       3.7G       121M       5.7M        27M       3.3G

MemTotal:        4016004 kB
MemFree:          128808 kB
Active:           368992 kB
Mem:          3.8G       3.7G       125M       5.7M        27M       3.2G

MemTotal:        4016004 kB
MemFree:          129364 kB
Active:           368880 kB
Mem:          3.8G       3.7G       126M       5.7M        27M       3.2G

MemTotal:        4016004 kB
MemFree:          121880 kB
Active:           368880 kB
Mem:          3.8G       3.7G       118M       5.7M        27M       3.3G

MemTotal:        4016004 kB
MemFree:          113416 kB
Active:           368880 kB
Mem:          3.8G       3.7G       110M       5.7M        27M       3.3G

MemTotal:        4016004 kB
MemFree:          106072 kB
Active:           368880 kB
Mem:          3.8G       3.7G       103M       5.7M        27M       3.3G

MemTotal:        4016004 kB
MemFree:          114624 kB
Active:           368884 kB
Mem:          3.8G       3.7G       112M       5.7M        27M       3.3G

MemTotal:        4016004 kB
MemFree:          108924 kB
Active:           368896 kB
Mem:          3.8G       3.7G       106M       5.7M        27M       3.3G

MemTotal:        4016004 kB
MemFree:          108432 kB
Active:           368844 kB
Mem:          3.8G       3.7G       105M       5.7M        27M       3.3G

MemTotal:        4016004 kB
MemFree:          107072 kB
Active:           366984 kB
Mem:          3.8G       3.7G       104M       5.7M        27M       3.3G

MemTotal:        4016004 kB
MemFree:          124648 kB
Active:           368940 kB
Mem:          3.8G       3.7G       121M       5.7M        27M       3.3G

MemTotal:        4016004 kB
MemFree:          105196 kB
Active:           368940 kB
Mem:          3.8G       3.7G       106M       5.7M        27M       3.3G

MemTotal:        4016004 kB
MemFree:          110204 kB
Active:           369052 kB
Mem:          3.8G       3.7G       107M       5.7M        27M       3.3G

MemTotal:        4016004 kB
MemFree:          134956 kB
Active:           367892 kB
Mem:          3.8G       3.7G       131M       5.7M        27M       3.2G

MemTotal:        4016004 kB
MemFree:          119644 kB
Active:           367688 kB
Mem:          3.8G       3.7G       116M       5.7M        27M       3.3G

MemTotal:        4016004 kB
MemFree:          111784 kB
Active:           367664 kB
Mem:          3.8G       3.7G       108M       5.7M        27M       3.3G

MemTotal:        4016004 kB
MemFree:          111856 kB
Active:           367800 kB
Mem:          3.8G       3.7G       109M       5.7M        27M       3.3G

MemTotal:        4016004 kB
MemFree:          127916 kB
Active:           367824 kB
Mem:          3.8G       3.7G       124M       5.7M        27M       3.2G

MemTotal:        4016004 kB
MemFree:          113092 kB
Active:           365664 kB
Mem:          3.8G       3.7G       110M       5.7M        27M       3.3G

MemTotal:        4016004 kB
MemFree:          117300 kB
Active:           367712 kB
Mem:          3.8G       3.7G       114M       5.7M        27M       3.3G

MemTotal:        4016004 kB
MemFree:          125760 kB
Active:           363484 kB
Mem:          3.8G       3.7G       122M       5.7M        27M       3.2G

MemTotal:        4016004 kB
MemFree:          106644 kB
Active:           363464 kB
Mem:          3.8G       3.7G       103M       5.7M        27M       3.3G

MemTotal:        4016004 kB
MemFree:          147748 kB
Active:           363364 kB
Mem:          3.8G       3.7G       144M       5.7M        27M       3.2G

MemTotal:        4016004 kB
MemFree:          140252 kB
Active:           363508 kB
Mem:          3.8G       3.7G       136M       5.7M        27M       3.2G

MemTotal:        4016004 kB
MemFree:          131508 kB
Active:           363512 kB
Mem:          3.8G       3.7G       128M       5.7M        27M       3.2G

MemTotal:        4016004 kB
MemFree:          105472 kB
Active:           363456 kB
Mem:          3.8G       3.7G       102M       5.7M        27M       3.3G

MemTotal:        4016004 kB
MemFree:          109560 kB
Active:           363380 kB
Mem:          3.8G       3.7G       107M       5.7M        27M       3.3G

MemTotal:        4016004 kB
MemFree:          125500 kB
Active:           363520 kB
Mem:          3.8G       3.7G       122M       5.7M        27M       3.2G

MemTotal:        4016004 kB
MemFree:          143308 kB
Active:           363720 kB
Mem:          3.8G       3.7G       139M       5.7M        27M       3.2G

MemTotal:        4016004 kB
MemFree:          135260 kB
Active:           363756 kB
Mem:          3.8G       3.7G       131M       5.7M        27M       3.2G

MemTotal:        4016004 kB
MemFree:          129216 kB
Active:           361592 kB
Mem:          3.8G       3.7G       125M       5.7M        27M       3.2G

MemTotal:        4016004 kB
MemFree:          128824 kB
Active:           361532 kB
Mem:          3.8G       3.7G       125M       5.7M        27M       3.2G

MemTotal:        4016004 kB
MemFree:          121012 kB
Active:           361532 kB
Mem:          3.8G       3.7G       118M       5.7M        27M       3.2G

MemTotal:        4016004 kB
MemFree:          125036 kB
Active:           361532 kB
Mem:          3.8G       3.7G       122M       5.7M        27M       3.2G

MemTotal:        4016004 kB
MemFree:          145440 kB
Active:           361532 kB
Mem:          3.8G       3.7G       142M       5.7M        27M       3.2G

MemTotal:        4016004 kB
MemFree:          143296 kB
Active:           361544 kB
Mem:          3.8G       3.7G       139M       5.7M        27M       3.2G

MemTotal:        4016004 kB
MemFree:          116444 kB
Active:           361556 kB
Mem:          3.8G       3.7G       113M       5.7M        27M       3.3G

MemTotal:        4016004 kB
MemFree:          115080 kB
Active:           361380 kB
Mem:          3.8G       3.7G       111M       5.7M        27M       3.3G

MemTotal:        4016004 kB
MemFree:          123900 kB
Active:           361524 kB
Mem:          3.8G       3.7G       120M       5.7M        27M       3.2G

MemTotal:        4016004 kB
MemFree:          120244 kB
Active:           357228 kB
Mem:          3.8G       3.7G       117M       5.7M        27M       3.3G

MemTotal:        4016004 kB
MemFree:          130596 kB
Active:           357244 kB
Mem:          3.8G       3.7G       127M       5.7M        27M       3.2G

MemTotal:        4016004 kB
MemFree:          122192 kB
Active:           357396 kB
Mem:          3.8G       3.7G       119M       5.7M        27M       3.2G

MemTotal:        4016004 kB
MemFree:          113664 kB
Active:           357292 kB
Mem:          3.8G       3.7G       110M       5.7M        27M       3.3G

MemTotal:        4016004 kB
MemFree:          120076 kB
Active:           357400 kB
Mem:          3.8G       3.7G       117M       5.7M        27M       3.2G

MemTotal:        4016004 kB
MemFree:          112572 kB
Active:           357276 kB
Mem:          3.8G       3.7G       109M       5.7M        27M       3.3G

MemTotal:        4016004 kB
MemFree:          109076 kB
Active:           357416 kB
Mem:          3.8G       3.7G       106M       5.7M        27M       3.3G

MemTotal:        4016004 kB
MemFree:          131668 kB
Active:           357188 kB
Mem:          3.8G       3.7G       127M       5.7M        27M       3.2G

MemTotal:        4016004 kB
MemFree:          110428 kB
Active:           357112 kB
Mem:          3.8G       3.7G       107M       5.7M        27M       3.3G

MemTotal:        4016004 kB
MemFree:          121420 kB
Active:           356776 kB
Mem:          3.8G       3.7G       118M       5.7M        27M       3.2G

MemTotal:        4016004 kB
MemFree:          113584 kB
Active:           356608 kB
Mem:          3.8G       3.7G       110M       5.7M        27M       3.3G

MemTotal:        4016004 kB
MemFree:          106732 kB
Active:           356600 kB
Mem:          3.8G       3.7G       104M       5.7M        27M       3.3G

MemTotal:        4016004 kB
MemFree:          134676 kB
Active:           356576 kB
Mem:          3.8G       3.7G       130M       5.7M        27M       3.2G

MemTotal:        4016004 kB
MemFree:          126256 kB
Active:           356576 kB
Mem:          3.8G       3.7G       123M       5.7M        27M       3.2G

MemTotal:        4016004 kB
MemFree:          138064 kB
Active:           356584 kB
Mem:          3.8G       3.7G       133M       5.7M        27M       3.2G

MemTotal:        4016004 kB
MemFree:          129720 kB
Active:           356632 kB
Mem:          3.8G       3.7G       126M       5.7M        27M       3.2G

MemTotal:        4016004 kB
MemFree:          127348 kB
Active:           356628 kB
Mem:          3.8G       3.7G       124M       5.7M        27M       3.2G

MemTotal:        4016004 kB
MemFree:          145528 kB
Active:           356652 kB
Mem:          3.8G       3.7G       141M       5.7M        27M       3.2G

MemTotal:        4016004 kB
MemFree:          118928 kB
Active:           357892 kB
Mem:          3.8G       3.7G       116M       5.7M        27M       3.2G

MemTotal:        4016004 kB
MemFree:          128916 kB
Active:           357904 kB
Mem:          3.8G       3.7G       125M       5.7M        27M       3.2G

MemTotal:        4016004 kB
MemFree:          125080 kB
Active:           355380 kB
Mem:          3.8G       3.7G       121M       5.7M        27M       3.2G

MemTotal:        4016004 kB
MemFree:          107132 kB
Active:           355348 kB
Mem:          3.8G       3.7G       104M       5.7M        28M       3.3G

MemTotal:        4016004 kB
MemFree:          135408 kB
Active:           355372 kB
Mem:          3.8G       3.7G       131M       5.7M        28M       3.2G

MemTotal:        4016004 kB
MemFree:          126896 kB
Active:           355340 kB
Mem:          3.8G       3.7G       123M       5.7M        28M       3.2G

MemTotal:        4016004 kB
MemFree:          129512 kB
Active:           355396 kB
Mem:          3.8G       3.7G       126M       5.7M        28M       3.2G

MemTotal:        4016004 kB
MemFree:          137104 kB
Active:           355404 kB
Mem:          3.8G       3.7G       133M       5.7M        28M       3.2G

MemTotal:        4016004 kB
MemFree:          128824 kB
Active:           355372 kB
Mem:          3.8G       3.7G       125M       5.7M        28M       3.2G

MemTotal:        4016004 kB
MemFree:          121520 kB
Active:           355412 kB
Mem:          3.8G       3.7G       118M       5.7M        28M       3.2G

MemTotal:        4016004 kB
MemFree:          112920 kB
Active:           355412 kB
Mem:          3.8G       3.7G       110M       5.7M        28M       3.3G

MemTotal:        4016004 kB
MemFree:          105028 kB
Active:           355412 kB
Mem:          3.8G       3.7G       107M       5.7M        28M       3.3G

MemTotal:        4016004 kB
MemFree:          126992 kB
Active:           355424 kB
Mem:          3.8G       3.7G       123M       5.7M        28M       3.2G

MemTotal:        4016004 kB
MemFree:          128884 kB
Active:           354340 kB
Mem:          3.8G       3.7G       125M       5.7M        28M       3.2G

MemTotal:        4016004 kB
MemFree:          134512 kB
Active:           354340 kB
Mem:          3.8G       3.7G       131M       5.7M        28M       3.2G

MemTotal:        4016004 kB
MemFree:          127492 kB
Active:           354340 kB
Mem:          3.8G       3.7G       123M       5.7M        28M       3.2G

MemTotal:        4016004 kB
MemFree:          118812 kB
Active:           354344 kB
Mem:          3.8G       3.7G       116M       5.7M        28M       3.2G

MemTotal:        4016004 kB
MemFree:          111292 kB
Active:           354348 kB
Mem:          3.8G       3.7G       107M       5.7M        28M       3.3G

MemTotal:        4016004 kB
MemFree:          117364 kB
Active:           354348 kB
Mem:          3.8G       3.7G       114M       5.7M        28M       3.2G

MemTotal:        4016004 kB
MemFree:          109936 kB
Active:           354360 kB
Mem:          3.8G       3.7G       107M       5.7M        28M       3.3G

MemTotal:        4016004 kB
MemFree:          135896 kB
Active:           354340 kB
Mem:          3.8G       3.7G       132M       5.7M        28M       3.2G

MemTotal:        4016004 kB
MemFree:          105372 kB
Active:           355884 kB
Mem:          3.8G       3.7G       103M       5.7M        28M       3.3G

MemTotal:        4016004 kB
MemFree:          114080 kB
Active:           355840 kB
Mem:          3.8G       3.7G       111M       5.7M        28M       3.2G

MemTotal:        4016004 kB
MemFree:          116972 kB
Active:           355892 kB
Mem:          3.8G       3.7G       114M       5.7M        28M       3.2G

MemTotal:        4016004 kB
MemFree:          114516 kB
Active:           355916 kB
Mem:          3.8G       3.7G       111M       5.7M        28M       3.2G

MemTotal:        4016004 kB
MemFree:          135032 kB
Active:           355800 kB
Mem:          3.8G       3.7G       131M       5.7M        28M       3.2G

MemTotal:        4016004 kB
MemFree:          135388 kB
Active:           354192 kB
Mem:          3.8G       3.7G       132M       5.7M        28M       3.2G

MemTotal:        4016004 kB
MemFree:          139320 kB
Active:           353944 kB
Mem:          3.8G       3.7G       136M       5.7M        28M       3.2G

MemTotal:        4016004 kB
MemFree:          132532 kB
Active:           353936 kB
Mem:          3.8G       3.7G       129M       5.7M        28M       3.2G

MemTotal:        4016004 kB
MemFree:          112224 kB
Active:           353952 kB
Mem:          3.8G       3.7G       109M       5.7M        28M       3.3G

MemTotal:        4016004 kB
MemFree:          121056 kB
Active:           353952 kB
Mem:          3.8G       3.7G       118M       5.7M        28M       3.2G

MemTotal:        4016004 kB
MemFree:          113024 kB
Active:           353952 kB
Mem:          3.8G       3.7G       110M       5.7M        28M       3.3G

MemTotal:        4016004 kB
MemFree:          105116 kB
Active:           353952 kB
Mem:          3.8G       3.7G       102M       5.7M        28M       3.3G

MemTotal:        4016004 kB
MemFree:          124564 kB
Active:           353952 kB
Mem:          3.8G       3.7G       121M       5.7M        28M       3.2G

MemTotal:        4016004 kB
MemFree:          115788 kB
Active:           353960 kB
Mem:          3.8G       3.7G       112M       5.7M        28M       3.2G

MemTotal:        4016004 kB
MemFree:          112484 kB
Active:           353964 kB
Mem:          3.8G       3.7G       109M       5.7M        28M       3.3G

MemTotal:        4016004 kB
MemFree:          127456 kB
Active:           353976 kB
Mem:          3.8G       3.7G       124M       5.7M        28M       3.2G

MemTotal:        4016004 kB
MemFree:          118576 kB
Active:           353992 kB
Mem:          3.8G       3.7G       115M       5.7M        28M       3.2G

MemTotal:        4016004 kB
MemFree:          110096 kB
Active:           353992 kB
Mem:          3.8G       3.7G       107M       5.7M        28M       3.3G

MemTotal:        4016004 kB
MemFree:          129392 kB
Active:           353996 kB
Mem:          3.8G       3.7G       126M       5.7M        28M       3.2G

MemTotal:        4016004 kB
MemFree:          122332 kB
Active:           351724 kB
Mem:          3.8G       3.7G       119M       5.7M        28M       3.2G

MemTotal:        4016004 kB
MemFree:          132776 kB
Active:           353008 kB
Mem:          3.8G       3.7G       129M       5.7M        28M       3.2G

MemTotal:        4016004 kB
MemFree:          125116 kB
Active:           352880 kB
Mem:          3.8G       3.7G       121M       5.7M        28M       3.2G

MemTotal:        4016004 kB
MemFree:          111116 kB
Active:           352748 kB
Mem:          3.8G       3.7G       108M       5.7M        28M       3.3G

MemTotal:        4016004 kB
MemFree:          142424 kB
Active:           352760 kB
Mem:          3.8G       3.7G       138M       5.7M        28M       3.2G

MemTotal:        4016004 kB
MemFree:          133988 kB
Active:           352760 kB
Mem:          3.8G       3.7G       131M       5.7M        28M       3.2G

MemTotal:        4016004 kB
MemFree:          125776 kB
Active:           352760 kB
Mem:          3.8G       3.7G       122M       5.7M        28M       3.2G

MemTotal:        4016004 kB
MemFree:          129432 kB
Active:           352756 kB
Mem:          3.8G       3.7G       126M       5.7M        28M       3.2G

MemTotal:        4016004 kB
MemFree:          119932 kB
Active:           352760 kB
Mem:          3.8G       3.7G       117M       5.7M        28M       3.2G

MemTotal:        4016004 kB
MemFree:          119844 kB
Active:           352772 kB
Mem:          3.8G       3.7G       116M       5.7M        28M       3.2G

MemTotal:        4016004 kB
MemFree:          111648 kB
Active:           352760 kB
Mem:          3.8G       3.7G       108M       5.7M        28M       3.2G

MemTotal:        4016004 kB
MemFree:          127904 kB
Active:           352784 kB
Mem:          3.8G       3.7G       124M       5.7M        28M       3.2G

MemTotal:        4016004 kB
MemFree:          126268 kB
Active:           352784 kB
Mem:          3.8G       3.7G       123M       5.7M        28M       3.2G

MemTotal:        4016004 kB
MemFree:          126868 kB
Active:           352784 kB
Mem:          3.8G       3.7G       123M       5.7M        28M       3.2G

MemTotal:        4016004 kB
MemFree:          119704 kB
Active:           352792 kB
Mem:          3.8G       3.7G       117M       5.7M        28M       3.2G

MemTotal:        4016004 kB
MemFree:          112168 kB
Active:           352792 kB
Mem:          3.8G       3.7G       109M       5.7M        28M       3.2G

MemTotal:        4016004 kB
MemFree:          106136 kB
Active:           352792 kB
Mem:          3.8G       3.7G       103M       5.7M        28M       3.3G

MemTotal:        4016004 kB
MemFree:          131880 kB
Active:           352656 kB
Mem:          3.8G       3.7G       128M       5.7M        28M       3.2G

MemTotal:        4016004 kB
MemFree:          126612 kB
Active:           352616 kB
Mem:          3.8G       3.7G       123M       5.7M        28M       3.2G

MemTotal:        4016004 kB
MemFree:          115744 kB
Active:           352680 kB
Mem:          3.8G       3.7G       112M       5.7M        28M       3.2G

MemTotal:        4016004 kB
MemFree:          110256 kB
Active:           352680 kB
Mem:          3.8G       3.7G       107M       5.7M        28M       3.2G

MemTotal:        4016004 kB
MemFree:          127148 kB
Active:           352680 kB
Mem:          3.8G       3.7G       123M       5.7M        28M       3.2G

MemTotal:        4016004 kB
MemFree:          127012 kB
Active:           352680 kB
Mem:          3.8G       3.7G       123M       5.7M        28M       3.2G

MemTotal:        4016004 kB
MemFree:          125128 kB
Active:           352684 kB
Mem:          3.8G       3.7G       122M       5.7M        28M       3.2G

MemTotal:        4016004 kB
MemFree:          111132 kB
Active:           352688 kB
Mem:          3.8G       3.7G       108M       5.7M        28M       3.2G

MemTotal:        4016004 kB
MemFree:          109760 kB
Active:           352384 kB
Mem:          3.8G       3.7G       107M       5.7M        28M       3.2G

MemTotal:        4016004 kB
MemFree:          109900 kB
Active:           352348 kB
Mem:          3.8G       3.7G       107M       5.7M        28M       3.2G

MemTotal:        4016004 kB
MemFree:          109528 kB
Active:           352360 kB
Mem:          3.8G       3.7G       106M       5.7M        28M       3.2G

MemTotal:        4016004 kB
MemFree:          109776 kB
Active:           352356 kB
Mem:          3.8G       3.7G       107M       5.7M        28M       3.2G

MemTotal:        4016004 kB
MemFree:          109760 kB
Active:           352336 kB
Mem:          3.8G       3.7G       107M       5.7M        28M       3.2G

MemTotal:        4016004 kB
MemFree:          107836 kB
Active:           352360 kB
Mem:          3.8G       3.7G       105M       5.7M        28M       3.2G

MemTotal:        4016004 kB
MemFree:          107464 kB
Active:           354424 kB
Mem:          3.8G       3.7G       105M       5.7M        28M       3.2G

MemTotal:        4016004 kB
MemFree:          107472 kB
Active:           354424 kB
Mem:          3.8G       3.7G       104M       5.7M        28M       3.2G

MemTotal:        4016004 kB
MemFree:          107472 kB
Active:           354416 kB
Mem:          3.8G       3.7G       104M       5.7M        28M       3.2G

MemTotal:        4016004 kB
MemFree:          107488 kB
Active:           354400 kB
Mem:          3.8G       3.7G       104M       5.7M        28M       3.2G

MemTotal:        4016004 kB
MemFree:          107364 kB
Active:           354432 kB
Mem:          3.8G       3.7G       104M       5.7M        28M       3.2G

MemTotal:        4016004 kB
MemFree:          107364 kB
Active:           354380 kB
Mem:          3.8G       3.7G       104M       5.7M        28M       3.2G

MemTotal:        4016004 kB
MemFree:          107364 kB
Active:           354420 kB
Mem:          3.8G       3.7G       104M       5.7M        28M       3.2G

MemTotal:        4016004 kB
MemFree:          107364 kB
Active:           354416 kB
Mem:          3.8G       3.7G       104M       5.7M        28M       3.2G

MemTotal:        4016004 kB
MemFree:          107488 kB
Active:           354440 kB
Mem:          3.8G       3.7G       105M       5.7M        28M       3.2G

MemTotal:        4016004 kB
MemFree:          107612 kB
Active:           354436 kB
Mem:          3.8G       3.7G       104M       5.7M        28M       3.2G

MemTotal:        4016004 kB
MemFree:          107860 kB
Active:           354420 kB
Mem:          3.8G       3.7G       105M       5.7M        28M       3.2G

MemTotal:        4016004 kB
MemFree:          107364 kB
Active:           354440 kB
Mem:          3.8G       3.7G       105M       5.7M        28M       3.2G

MemTotal:        4016004 kB
MemFree:          107736 kB
Active:           354420 kB
Mem:          3.8G       3.7G       105M       5.7M        28M       3.2G

MemTotal:        4016004 kB
MemFree:          108108 kB
Active:           354432 kB
Mem:          3.8G       3.7G       105M       5.7M        28M       3.2G

MemTotal:        4016004 kB
MemFree:          108232 kB
Active:           354432 kB
Mem:          3.8G       3.7G       105M       5.7M        28M       3.2G

MemTotal:        4016004 kB
MemFree:          108108 kB
Active:           354432 kB
Mem:          3.8G       3.7G       105M       5.7M        28M       3.2G

MemTotal:        4016004 kB
MemFree:          107488 kB
Active:           354448 kB
Mem:          3.8G       3.7G       105M       5.7M        28M       3.2G

MemTotal:        4016004 kB
MemFree:          107736 kB
Active:           354428 kB
Mem:          3.8G       3.7G       105M       5.7M        28M       3.2G

MemTotal:        4016004 kB
MemFree:          107736 kB
Active:           354432 kB
Mem:          3.8G       3.7G       105M       5.7M        28M       3.2G

MemTotal:        4016004 kB
MemFree:          107736 kB
Active:           354436 kB
Mem:          3.8G       3.7G       105M       5.7M        28M       3.2G

MemTotal:        4016004 kB
MemFree:          107612 kB
Active:           354392 kB
Mem:          3.8G       3.7G       105M       5.7M        28M       3.2G

MemTotal:        4016004 kB
MemFree:          107704 kB
Active:           354468 kB
Mem:          3.8G       3.7G       105M       5.7M        28M       3.2G

MemTotal:        4016004 kB
MemFree:          107864 kB
Active:           354464 kB
Mem:          3.8G       3.7G       105M       5.7M        28M       3.2G

MemTotal:        4016004 kB
MemFree:          107988 kB
Active:           354424 kB
Mem:          3.8G       3.7G       105M       5.7M        28M       3.2G

MemTotal:        4016004 kB
MemFree:          107864 kB
Active:           354476 kB
Mem:          3.8G       3.7G       105M       5.7M        28M       3.2G

MemTotal:        4016004 kB
MemFree:          107244 kB
Active:           354476 kB
Mem:          3.8G       3.7G       105M       5.7M        28M       3.2G

MemTotal:        4016004 kB
MemFree:          107864 kB
Active:           354452 kB
Mem:          3.8G       3.7G       105M       5.7M        28M       3.2G

MemTotal:        4016004 kB
MemFree:          108360 kB
Active:           354452 kB
Mem:          3.8G       3.7G       105M       5.7M        28M       3.2G

MemTotal:        4016004 kB
MemFree:          105940 kB
Active:           354476 kB
Mem:          3.8G       3.7G       103M       5.7M        28M       3.2G

MemTotal:        4016004 kB
MemFree:          105320 kB
Active:           356508 kB
Mem:          3.8G       3.7G       102M       5.7M        28M       3.2G

MemTotal:        4016004 kB
MemFree:          105940 kB
Active:           356512 kB
Mem:          3.8G       3.7G       103M       5.7M        28M       3.2G

MemTotal:        4016004 kB
MemFree:          105816 kB
Active:           356512 kB
Mem:          3.8G       3.7G       102M       5.7M        28M       3.2G

MemTotal:        4016004 kB
MemFree:          105568 kB
Active:           356480 kB
Mem:          3.8G       3.7G       103M       5.7M        28M       3.2G

MemTotal:        4016004 kB
MemFree:          105816 kB
Active:           356528 kB
Mem:          3.8G       3.7G       103M       5.7M        28M       3.2G

MemTotal:        4016004 kB
MemFree:          105940 kB
Active:           356532 kB
Mem:          3.8G       3.7G       102M       5.7M        28M       3.2G

MemTotal:        4016004 kB
MemFree:          105816 kB
Active:           356532 kB
Mem:          3.8G       3.7G       103M       5.7M        28M       3.2G

MemTotal:        4016004 kB
MemFree:          106064 kB
Active:           356544 kB
Mem:          3.8G       3.7G       103M       5.7M        28M       3.2G

MemTotal:        4016004 kB
MemFree:          106436 kB
Active:           356492 kB
Mem:          3.8G       3.7G       103M       5.7M        28M       3.2G

MemTotal:        4016004 kB
MemFree:          106436 kB
Active:           356504 kB
Mem:          3.8G       3.7G       103M       5.7M        28M       3.2G

MemTotal:        4016004 kB
MemFree:          105940 kB
Active:           356548 kB
Mem:          3.8G       3.7G       103M       5.7M        28M       3.2G

MemTotal:        4016004 kB
MemFree:          106064 kB
Active:           356544 kB
Mem:          3.8G       3.7G       103M       5.7M        28M       3.2G

MemTotal:        4016004 kB
MemFree:          105940 kB
Active:           356548 kB
Mem:          3.8G       3.7G       103M       5.7M        28M       3.2G

MemTotal:        4016004 kB
MemFree:          106188 kB
Active:           356544 kB
Mem:          3.8G       3.7G       103M       5.7M        28M       3.2G

MemTotal:        4016004 kB
MemFree:          105692 kB
Active:           356552 kB
Mem:          3.8G       3.7G       103M       5.7M        28M       3.2G

MemTotal:        4016004 kB
MemFree:          105692 kB
Active:           356508 kB
Mem:          3.8G       3.7G       103M       5.7M        28M       3.2G

MemTotal:        4016004 kB
MemFree:          105940 kB
Active:           356508 kB
Mem:          3.8G       3.7G       103M       5.7M        28M       3.2G

MemTotal:        4016004 kB
MemFree:          106064 kB
Active:           356548 kB
Mem:          3.8G       3.7G       103M       5.7M        28M       3.2G

MemTotal:        4016004 kB
MemFree:          105940 kB
Active:           356536 kB
Mem:          3.8G       3.7G       103M       5.7M        28M       3.2G

MemTotal:        4016004 kB
MemFree:          105940 kB
Active:           356544 kB
Mem:          3.8G       3.7G       103M       5.7M        28M       3.2G

MemTotal:        4016004 kB
MemFree:          106064 kB
Active:           356552 kB
Mem:          3.8G       3.7G       103M       5.7M        28M       3.2G

MemTotal:        4016004 kB
MemFree:          105940 kB
Active:           356544 kB
Mem:          3.8G       3.7G       103M       5.7M        28M       3.2G

MemTotal:        4016004 kB
MemFree:          105940 kB
Active:           356544 kB
Mem:          3.8G       3.7G       103M       5.7M        28M       3.2G

MemTotal:        4016004 kB
MemFree:          105444 kB
Active:           356568 kB
Mem:          3.8G       3.7G       103M       5.7M        28M       3.2G

MemTotal:        4016004 kB
MemFree:          106188 kB
Active:           356516 kB
Mem:          3.8G       3.7G       103M       5.7M        28M       3.2G

MemTotal:        4016004 kB
MemFree:          106188 kB
Active:           356572 kB
Mem:          3.8G       3.7G       103M       5.7M        28M       3.2G

MemTotal:        4016004 kB
MemFree:          106188 kB
Active:           356556 kB
Mem:          3.8G       3.7G       103M       5.7M        28M       3.2G

MemTotal:        4016004 kB
MemFree:          105816 kB
Active:           356584 kB
Mem:          3.8G       3.7G       103M       5.7M        28M       3.2G

MemTotal:        4016004 kB
MemFree:          105940 kB
Active:           356532 kB
Mem:          3.8G       3.7G       103M       5.7M        28M       3.2G

MemTotal:        4016004 kB
MemFree:          105692 kB
Active:           356536 kB
Mem:          3.8G       3.7G       103M       5.7M        28M       3.2G

MemTotal:        4016004 kB
MemFree:          105444 kB
Active:           356592 kB
Mem:          3.8G       3.7G       103M       5.7M        28M       3.2G

MemTotal:        4016004 kB
MemFree:          105692 kB
Active:           356544 kB
Mem:          3.8G       3.7G       103M       5.7M        28M       3.2G

MemTotal:        4016004 kB
MemFree:          105692 kB
Active:           356556 kB
Mem:          3.8G       3.7G       103M       5.7M        28M       3.2G

MemTotal:        4016004 kB
MemFree:          105692 kB
Active:           356568 kB
Mem:          3.8G       3.7G       103M       5.7M        28M       3.2G

MemTotal:        4016004 kB
MemFree:          105568 kB
Active:           356600 kB
Mem:          3.8G       3.7G       103M       5.7M        28M       3.2G

MemTotal:        4016004 kB
MemFree:          106064 kB
Active:           356588 kB
Mem:          3.8G       3.7G       103M       5.7M        28M       3.2G

MemTotal:        4016004 kB
MemFree:          106064 kB
Active:           356576 kB
Mem:          3.8G       3.7G       103M       5.7M        28M       3.2G

MemTotal:        4016004 kB
MemFree:          106188 kB
Active:           356612 kB
Mem:          3.8G       3.7G       103M       5.7M        28M       3.2G

MemTotal:        4016004 kB
MemFree:          106064 kB
Active:           356596 kB
Mem:          3.8G       3.7G       103M       5.7M        28M       3.2G

MemTotal:        4016004 kB
MemFree:          105940 kB
Active:           356600 kB
Mem:          3.8G       3.7G       103M       5.7M        28M       3.2G

MemTotal:        4016004 kB
MemFree:          106188 kB
Active:           356592 kB
Mem:          3.8G       3.7G       103M       5.7M        28M       3.2G

MemTotal:        4016004 kB
MemFree:          106188 kB
Active:           356592 kB
Mem:          3.8G       3.7G       103M       5.7M        28M       3.2G

MemTotal:        4016004 kB
MemFree:          105692 kB
Active:           356612 kB
Mem:          3.8G       3.7G       103M       5.7M        28M       3.2G

MemTotal:        4016004 kB
MemFree:          106312 kB
Active:           356604 kB
Mem:          3.8G       3.7G       103M       5.7M        28M       3.2G

MemTotal:        4016004 kB
MemFree:          105816 kB
Active:           356620 kB
Mem:          3.8G       3.7G       103M       5.7M        28M       3.2G

MemTotal:        4016004 kB
MemFree:          105444 kB
Active:           356612 kB
Mem:          3.8G       3.7G       103M       5.7M        28M       3.2G

MemTotal:        4016004 kB
MemFree:          105940 kB
Active:           356604 kB
Mem:          3.8G       3.7G       103M       5.7M        28M       3.2G

MemTotal:        4016004 kB
MemFree:          105940 kB
Active:           356572 kB
Mem:          3.8G       3.7G       103M       5.7M        28M       3.2G

MemTotal:        4016004 kB
MemFree:          106064 kB
Active:           356576 kB
Mem:          3.8G       3.7G       103M       5.7M        28M       3.2G

MemTotal:        4016004 kB
MemFree:          105816 kB
Active:           356568 kB
Mem:          3.8G       3.7G       103M       5.7M        28M       3.2G

MemTotal:        4016004 kB
MemFree:          105816 kB
Active:           356612 kB
Mem:          3.8G       3.7G       103M       5.7M        28M       3.2G

MemTotal:        4016004 kB
MemFree:          105956 kB
Active:           356608 kB
Mem:          3.8G       3.7G       103M       5.7M        28M       3.2G

MemTotal:        4016004 kB
MemFree:          105584 kB
Active:           356744 kB
Mem:          3.8G       3.7G       102M       5.7M        28M       3.2G

MemTotal:        4016004 kB
MemFree:          105460 kB
Active:           356732 kB
Mem:          3.8G       3.7G       102M       5.7M        28M       3.2G

MemTotal:        4016004 kB
MemFree:          104824 kB
Active:           356800 kB
Mem:          3.8G       3.7G       115M       5.7M        28M       3.2G

MemTotal:        4016004 kB
MemFree:          129500 kB
Active:           356020 kB
Mem:          3.8G       3.7G       126M       5.7M        28M       3.2G

MemTotal:        4016004 kB
MemFree:          129624 kB
Active:           356028 kB
Mem:          3.8G       3.7G       126M       5.7M        28M       3.2G

MemTotal:        4016004 kB
MemFree:          129748 kB
Active:           356024 kB
Mem:          3.8G       3.7G       126M       5.7M        28M       3.2G

MemTotal:        4016004 kB
MemFree:          129748 kB
Active:           356028 kB
Mem:          3.8G       3.7G       126M       5.7M        28M       3.2G

MemTotal:        4016004 kB
MemFree:          129748 kB
Active:           356036 kB
Mem:          3.8G       3.7G       126M       5.7M        28M       3.2G

MemTotal:        4016004 kB
MemFree:          129748 kB
Active:           356032 kB
Mem:          3.8G       3.7G       126M       5.7M        28M       3.2G

MemTotal:        4016004 kB
MemFree:          129872 kB
Active:           355992 kB
Mem:          3.8G       3.7G       126M       5.7M        28M       3.2G

MemTotal:        4016004 kB
MemFree:          129872 kB
Active:           356040 kB
Mem:          3.8G       3.7G       126M       5.7M        28M       3.2G

MemTotal:        4016004 kB
MemFree:          129872 kB
Active:           356044 kB
Mem:          3.8G       3.7G       126M       5.7M        28M       3.2G

MemTotal:        4016004 kB
MemFree:          129872 kB
Active:           356036 kB
Mem:          3.8G       3.7G       126M       5.7M        28M       3.2G

MemTotal:        4016004 kB
MemFree:          130120 kB
Active:           356012 kB
Mem:          3.8G       3.7G       126M       5.7M        28M       3.2G

MemTotal:        4016004 kB
MemFree:          129996 kB
Active:           356008 kB
Mem:          3.8G       3.7G       126M       5.7M        28M       3.2G

MemTotal:        4016004 kB
MemFree:          129996 kB
Active:           356000 kB
Mem:          3.8G       3.7G       126M       5.7M        28M       3.2G

MemTotal:        4016004 kB
MemFree:          129996 kB
Active:           356048 kB
Mem:          3.8G       3.7G       126M       5.7M        28M       3.2G

MemTotal:        4016004 kB
MemFree:          130120 kB
Active:           356000 kB
Mem:          3.8G       3.7G       126M       5.7M        28M       3.2G

MemTotal:        4016004 kB
MemFree:          129764 kB
Active:           356048 kB
Mem:          3.8G       3.7G       126M       5.7M        28M       3.2G

MemTotal:        4016004 kB
MemFree:          130260 kB
Active:           356040 kB
Mem:          3.8G       3.7G       127M       5.7M        28M       3.2G

MemTotal:        4016004 kB
MemFree:          130632 kB
Active:           356052 kB
Mem:          3.8G       3.7G       127M       5.7M        28M       3.2G

MemTotal:        4016004 kB
MemFree:          130632 kB
Active:           356032 kB
Mem:          3.8G       3.7G       127M       5.7M        28M       3.2G

MemTotal:        4016004 kB
MemFree:          130632 kB
Active:           356024 kB
Mem:          3.8G       3.7G       127M       5.7M        28M       3.2G

MemTotal:        4016004 kB
MemFree:          130632 kB
Active:           356020 kB
Mem:          3.8G       3.7G       127M       5.7M        28M       3.2G

MemTotal:        4016004 kB
MemFree:          130136 kB
Active:           356016 kB
Mem:          3.8G       3.7G       127M       5.7M        28M       3.2G

MemTotal:        4016004 kB
MemFree:          130244 kB
Active:           356012 kB
Mem:          3.8G       3.7G       127M       5.7M        28M       3.2G

MemTotal:        4016004 kB
MemFree:          130616 kB
Active:           356008 kB
Mem:          3.8G       3.7G       127M       5.7M        28M       3.2G

MemTotal:        4016004 kB
MemFree:          130616 kB
Active:           356008 kB
Mem:          3.8G       3.7G       127M       5.7M        28M       3.2G

MemTotal:        4016004 kB
MemFree:          130740 kB
Active:           356028 kB
Mem:          3.8G       3.7G       127M       5.7M        28M       3.2G

MemTotal:        4016004 kB
MemFree:          130616 kB
Active:           356024 kB
Mem:          3.8G       3.7G       127M       5.7M        28M       3.2G

MemTotal:        4016004 kB
MemFree:          130864 kB
Active:           356076 kB
Mem:          3.8G       3.7G       127M       5.7M        28M       3.2G

MemTotal:        4016004 kB
MemFree:          130368 kB
Active:           356080 kB
Mem:          3.8G       3.7G       127M       5.7M        28M       3.2G

MemTotal:        4016004 kB
MemFree:          130244 kB
Active:           356080 kB
Mem:          3.8G       3.7G       127M       5.7M        28M       3.2G

MemTotal:        4016004 kB
MemFree:          130616 kB
Active:           356048 kB
Mem:          3.8G       3.7G       127M       5.7M        28M       3.2G

MemTotal:        4016004 kB
MemFree:          130244 kB
Active:           356084 kB
Mem:          3.8G       3.7G       127M       5.7M        28M       3.2G

MemTotal:        4016004 kB
MemFree:          129872 kB
Active:           356092 kB
Mem:          3.8G       3.7G       127M       5.7M        28M       3.2G

MemTotal:        4016004 kB
MemFree:          130120 kB
Active:           356052 kB
Mem:          3.8G       3.7G       126M       5.7M        28M       3.2G

MemTotal:        4016004 kB
MemFree:          129996 kB
Active:           356040 kB
Mem:          3.8G       3.7G       126M       5.7M        28M       3.2G

MemTotal:        4016004 kB
MemFree:          129996 kB
Active:           356084 kB
Mem:          3.8G       3.7G       126M       5.7M        28M       3.2G

MemTotal:        4016004 kB
MemFree:          129996 kB
Active:           356080 kB
Mem:          3.8G       3.7G       126M       5.7M        28M       3.2G

MemTotal:        4016004 kB
MemFree:          129996 kB
Active:           356084 kB
Mem:          3.8G       3.7G       126M       5.7M        28M       3.2G

MemTotal:        4016004 kB
MemFree:          129872 kB
Active:           356088 kB
Mem:          3.8G       3.7G       126M       5.7M        28M       3.2G

MemTotal:        4016004 kB
MemFree:          129748 kB
Active:           356112 kB
Mem:          3.8G       3.7G       126M       5.7M        28M       3.2G

MemTotal:        4016004 kB
MemFree:          130244 kB
Active:           356100 kB
Mem:          3.8G       3.7G       127M       5.7M        28M       3.2G

MemTotal:        4016004 kB
MemFree:          129996 kB
Active:           356056 kB
Mem:          3.8G       3.7G       126M       5.7M        28M       3.2G

MemTotal:        4016004 kB
MemFree:          129500 kB
Active:           356112 kB
Mem:          3.8G       3.7G       126M       5.7M        28M       3.2G

MemTotal:        4016004 kB
MemFree:          129748 kB
Active:           356068 kB
Mem:          3.8G       3.7G       126M       5.7M        28M       3.2G

MemTotal:        4016004 kB
MemFree:          129748 kB
Active:           356068 kB
Mem:          3.8G       3.7G       126M       5.7M        28M       3.2G

MemTotal:        4016004 kB
MemFree:          129872 kB
Active:           356076 kB
Mem:          3.8G       3.7G       126M       5.7M        28M       3.2G

MemTotal:        4016004 kB
MemFree:          129748 kB
Active:           356072 kB
Mem:          3.8G       3.7G       126M       5.7M        28M       3.2G

MemTotal:        4016004 kB
MemFree:          129624 kB
Active:           356108 kB
Mem:          3.8G       3.7G       126M       5.7M        28M       3.2G

MemTotal:        4016004 kB
MemFree:          129748 kB
Active:           356124 kB
Mem:          3.8G       3.7G       126M       5.7M        28M       3.2G

MemTotal:        4016004 kB
MemFree:          129376 kB
Active:           356124 kB
Mem:          3.8G       3.7G       126M       5.7M        28M       3.2G

MemTotal:        4016004 kB
MemFree:          129872 kB
Active:           356068 kB
Mem:          3.8G       3.7G       126M       5.7M        28M       3.2G

MemTotal:        4016004 kB
MemFree:          130120 kB
Active:           356124 kB
Mem:          3.8G       3.7G       126M       5.7M        28M       3.2G

MemTotal:        4016004 kB
MemFree:          129872 kB
Active:           356108 kB
Mem:          3.8G       3.7G       126M       5.7M        28M       3.2G

MemTotal:        4016004 kB
MemFree:          129872 kB
Active:           356112 kB
Mem:          3.8G       3.7G       126M       5.7M        28M       3.2G

MemTotal:        4016004 kB
MemFree:          129996 kB
Active:           356104 kB
Mem:          3.8G       3.7G       126M       5.7M        28M       3.2G

MemTotal:        4016004 kB
MemFree:          129996 kB
Active:           356128 kB
Mem:          3.8G       3.7G       126M       5.7M        28M       3.2G

MemTotal:        4016004 kB
MemFree:          129996 kB
Active:           356128 kB
Mem:          3.8G       3.7G       126M       5.7M        28M       3.2G

MemTotal:        4016004 kB
MemFree:          129872 kB
Active:           356080 kB
Mem:          3.8G       3.7G       126M       5.7M        28M       3.2G

MemTotal:        4016004 kB
MemFree:          129996 kB
Active:           356104 kB
Mem:          3.8G       3.7G       126M       5.7M        28M       3.2G

MemTotal:        4016004 kB
MemFree:          129500 kB
Active:           356136 kB
Mem:          3.8G       3.7G       126M       5.7M        28M       3.2G

MemTotal:        4016004 kB
MemFree:          129872 kB
Active:           356132 kB
Mem:          3.8G       3.7G       126M       5.7M        28M       3.2G

MemTotal:        4016004 kB
MemFree:          129872 kB
Active:           356088 kB
Mem:          3.8G       3.7G       126M       5.7M        28M       3.2G

MemTotal:        4016004 kB
MemFree:          129872 kB
Active:           356132 kB
Mem:          3.8G       3.7G       127M       5.7M        28M       3.2G

MemTotal:        4016004 kB
MemFree:          129748 kB
Active:           356144 kB
Mem:          3.8G       3.7G       126M       5.7M        28M       3.2G

MemTotal:        4016004 kB
MemFree:          129996 kB
Active:           356120 kB
Mem:          3.8G       3.7G       126M       5.7M        28M       3.2G

MemTotal:        4016004 kB
MemFree:          130120 kB
Active:           356108 kB
Mem:          3.8G       3.7G       126M       5.7M        28M       3.2G

MemTotal:        4016004 kB
MemFree:          129996 kB
Active:           356136 kB
Mem:          3.8G       3.7G       127M       5.7M        28M       3.2G

MemTotal:        4016004 kB
MemFree:          130616 kB
Active:           356152 kB
Mem:          3.8G       3.7G       127M       5.7M        28M       3.2G

MemTotal:        4016004 kB
MemFree:          130740 kB
Active:           356108 kB
Mem:          3.8G       3.7G       127M       5.7M        28M       3.2G

MemTotal:        4016004 kB
MemFree:          129872 kB
Active:           356112 kB
Mem:          3.8G       3.7G       126M       5.7M        28M       3.2G

MemTotal:        4016004 kB
MemFree:          129872 kB
Active:           356140 kB
Mem:          3.8G       3.7G       126M       5.7M        28M       3.2G

MemTotal:        4016004 kB
MemFree:          129872 kB
Active:           356144 kB
Mem:          3.8G       3.7G       126M       5.7M        28M       3.2G

MemTotal:        4016004 kB
MemFree:          129500 kB
Active:           356164 kB
Mem:          3.8G       3.7G       126M       5.7M        28M       3.2G

MemTotal:        4016004 kB
MemFree:          129376 kB
Active:           356160 kB
Mem:          3.8G       3.7G       126M       5.7M        28M       3.2G

MemTotal:        4016004 kB
MemFree:          129128 kB
Active:           356176 kB
Mem:          3.8G       3.7G       126M       5.7M        28M       3.2G

MemTotal:        4016004 kB
MemFree:          129748 kB
Active:           356156 kB
Mem:          3.8G       3.7G       126M       5.7M        28M       3.2G

MemTotal:        4016004 kB
MemFree:          129996 kB
Active:           356172 kB
Mem:          3.8G       3.7G       126M       5.7M        28M       3.2G

MemTotal:        4016004 kB
MemFree:          129996 kB
Active:           356124 kB
Mem:          3.8G       3.7G       126M       5.7M        28M       3.2G

MemTotal:        4016004 kB
MemFree:          129996 kB
Active:           356120 kB
Mem:          3.8G       3.7G       126M       5.7M        28M       3.2G

MemTotal:        4016004 kB
MemFree:          129624 kB
Active:           356184 kB
Mem:          3.8G       3.7G       126M       5.7M        28M       3.2G

MemTotal:        4016004 kB
MemFree:          129748 kB
Active:           356184 kB
Mem:          3.8G       3.7G       126M       5.7M        28M       3.2G

MemTotal:        4016004 kB
MemFree:          130368 kB
Active:           356156 kB
Mem:          3.8G       3.7G       127M       5.7M        28M       3.2G

MemTotal:        4016004 kB
MemFree:          130368 kB
Active:           356144 kB
Mem:          3.8G       3.7G       127M       5.7M        28M       3.2G

MemTotal:        4016004 kB
MemFree:          129996 kB
Active:           356184 kB
Mem:          3.8G       3.7G       127M       5.7M        28M       3.2G

MemTotal:        4016004 kB
MemFree:          130368 kB
Active:           356148 kB
Mem:          3.8G       3.7G       127M       5.7M        28M       3.2G

MemTotal:        4016004 kB
MemFree:          130244 kB
Active:           356148 kB
Mem:          3.8G       3.7G       127M       5.7M        28M       3.2G

MemTotal:        4016004 kB
MemFree:          129872 kB
Active:           356188 kB
Mem:          3.8G       3.7G       127M       5.7M        28M       3.2G

MemTotal:        4016004 kB
MemFree:          129872 kB
Active:           356144 kB
Mem:          3.8G       3.7G       126M       5.7M        28M       3.2G

MemTotal:        4016004 kB
MemFree:          129872 kB
Active:           356136 kB
Mem:          3.8G       3.7G       126M       5.7M        28M       3.2G

MemTotal:        4016004 kB
MemFree:          129500 kB
Active:           356200 kB
Mem:          3.8G       3.7G       126M       5.7M        28M       3.2G

MemTotal:        4016004 kB
MemFree:          129500 kB
Active:           356152 kB
Mem:          3.8G       3.7G       126M       5.7M        28M       3.2G

MemTotal:        4016004 kB
MemFree:          129624 kB
Active:           356192 kB
Mem:          3.8G       3.7G       126M       5.7M        28M       3.2G

MemTotal:        4016004 kB
MemFree:          130244 kB
Active:           356144 kB
Mem:          3.8G       3.7G       126M       5.7M        28M       3.2G

MemTotal:        4016004 kB
MemFree:          129872 kB
Active:           356200 kB
Mem:          3.8G       3.7G       127M       5.7M        28M       3.2G

MemTotal:        4016004 kB
MemFree:          130244 kB
Active:           356152 kB
Mem:          3.8G       3.7G       127M       5.7M        28M       3.2G

MemTotal:        4016004 kB
MemFree:          130244 kB
Active:           356192 kB
Mem:          3.8G       3.7G       127M       5.7M        28M       3.2G

MemTotal:        4016004 kB
MemFree:          130244 kB
Active:           356172 kB
Mem:          3.8G       3.7G       126M       5.7M        28M       3.2G

MemTotal:        4016004 kB
MemFree:          130244 kB
Active:           356184 kB
Mem:          3.8G       3.7G       127M       5.7M        28M       3.2G

MemTotal:        4016004 kB
MemFree:          130244 kB
Active:           356212 kB
Mem:          3.8G       3.7G       127M       5.7M        28M       3.2G

MemTotal:        4016004 kB
MemFree:          130120 kB
Active:           356196 kB
Mem:          3.8G       3.7G       127M       5.7M        28M       3.2G

MemTotal:        4016004 kB
MemFree:          129996 kB
Active:           356212 kB
Mem:          3.8G       3.7G       126M       5.7M        28M       3.2G

MemTotal:        4016004 kB
MemFree:          129872 kB
Active:           356188 kB
Mem:          3.8G       3.7G       126M       5.7M        28M       3.2G

MemTotal:        4016004 kB
MemFree:          129856 kB
Active:           356204 kB
Mem:          3.8G       3.7G       126M       5.7M        28M       3.2G

MemTotal:        4016004 kB
MemFree:          129484 kB
Active:           356216 kB
Mem:          3.8G       3.7G       126M       5.7M        28M       3.2G

MemTotal:        4016004 kB
MemFree:          129360 kB
Active:           356224 kB
Mem:          3.8G       3.7G       126M       5.7M        28M       3.2G

MemTotal:        4016004 kB
MemFree:          129856 kB
Active:           356168 kB
Mem:          3.8G       3.7G       126M       5.7M        28M       3.2G

MemTotal:        4016004 kB
MemFree:          130352 kB
Active:           356180 kB
Mem:          3.8G       3.7G       127M       5.7M        28M       3.2G

MemTotal:        4016004 kB
MemFree:          129856 kB
Active:           356228 kB
Mem:          3.8G       3.7G       126M       5.7M        28M       3.2G

MemTotal:        4016004 kB
MemFree:          129980 kB
Active:           356184 kB
Mem:          3.8G       3.7G       127M       5.7M        28M       3.2G

MemTotal:        4016004 kB
MemFree:          130228 kB
Active:           356192 kB
Mem:          3.8G       3.7G       127M       5.7M        28M       3.2G

MemTotal:        4016004 kB
MemFree:          130228 kB
Active:           356216 kB
Mem:          3.8G       3.7G       126M       5.7M        28M       3.2G

MemTotal:        4016004 kB
MemFree:          129732 kB
Active:           356232 kB
Mem:          3.8G       3.7G       126M       5.7M        28M       3.2G

MemTotal:        4016004 kB
MemFree:          129980 kB
Active:           356216 kB
Mem:          3.8G       3.7G       126M       5.7M        28M       3.2G

MemTotal:        4016004 kB
MemFree:          129980 kB
Active:           356200 kB
Mem:          3.8G       3.7G       126M       5.7M        28M       3.2G

MemTotal:        4016004 kB
MemFree:          129856 kB
Active:           356240 kB
Mem:          3.8G       3.7G       126M       5.7M        28M       3.2G

MemTotal:        4016004 kB
MemFree:          129360 kB
Active:           356244 kB
Mem:          3.8G       3.7G       126M       5.7M        28M       3.2G

MemTotal:        4016004 kB
MemFree:          129484 kB
Active:           356212 kB
Mem:          3.8G       3.7G       126M       5.7M        28M       3.2G

MemTotal:        4016004 kB
MemFree:          129980 kB
Active:           356216 kB
Mem:          3.8G       3.7G       126M       5.7M        28M       3.2G

MemTotal:        4016004 kB
MemFree:          129616 kB
Active:           356244 kB
Mem:          3.8G       3.7G       126M       5.7M        28M       3.2G

MemTotal:        4016004 kB
MemFree:          129988 kB
Active:           356224 kB
Mem:          3.8G       3.7G       126M       5.7M        28M       3.2G

MemTotal:        4016004 kB
MemFree:          129864 kB
Active:           356240 kB
Mem:          3.8G       3.7G       126M       5.7M        28M       3.2G

MemTotal:        4016004 kB
MemFree:          129864 kB
Active:           356204 kB
Mem:          3.8G       3.7G       126M       5.7M        28M       3.2G

MemTotal:        4016004 kB
MemFree:          129740 kB
Active:           356216 kB
Mem:          3.8G       3.7G       126M       5.7M        28M       3.2G

MemTotal:        4016004 kB
MemFree:          129492 kB
Active:           356216 kB
Mem:          3.8G       3.7G       126M       5.7M        28M       3.2G

MemTotal:        4016004 kB
MemFree:          129492 kB
Active:           356208 kB
Mem:          3.8G       3.7G       126M       5.7M        28M       3.2G

MemTotal:        4016004 kB
MemFree:          129864 kB
Active:           356204 kB
Mem:          3.8G       3.7G       126M       5.7M        28M       3.2G

MemTotal:        4016004 kB
MemFree:          130236 kB
Active:           356260 kB
Mem:          3.8G       3.7G       127M       5.7M        28M       3.2G

MemTotal:        4016004 kB
MemFree:          130360 kB
Active:           356240 kB
Mem:          3.8G       3.7G       127M       5.7M        28M       3.2G

MemTotal:        4016004 kB
MemFree:          130236 kB
Active:           356244 kB
Mem:          3.8G       3.7G       127M       5.7M        28M       3.2G

MemTotal:        4016004 kB
MemFree:          129988 kB
Active:           356276 kB
Mem:          3.8G       3.7G       126M       5.7M        28M       3.2G

MemTotal:        4016004 kB
MemFree:          130236 kB
Active:           356252 kB
Mem:          3.8G       3.7G       126M       5.7M        28M       3.2G

MemTotal:        4016004 kB
MemFree:          129740 kB
Active:           356236 kB
Mem:          3.8G       3.7G       126M       5.7M        28M       3.2G

MemTotal:        4016004 kB
MemFree:          129244 kB
Active:           356248 kB
Mem:          3.8G       3.7G       126M       5.7M        28M       3.2G

MemTotal:        4016004 kB
MemFree:          129244 kB
Active:           356252 kB
Mem:          3.8G       3.7G       126M       5.7M        28M       3.2G

MemTotal:        4016004 kB
MemFree:          129368 kB
Active:           356280 kB
Mem:          3.8G       3.7G       126M       5.7M        28M       3.2G

MemTotal:        4016004 kB
MemFree:          129864 kB
Active:           356276 kB
Mem:          3.8G       3.7G       126M       5.7M        28M       3.2G

MemTotal:        4016004 kB
MemFree:          129864 kB
Active:           356252 kB
Mem:          3.8G       3.7G       126M       5.7M        28M       3.2G

MemTotal:        4016004 kB
MemFree:          129864 kB
Active:           356252 kB
Mem:          3.8G       3.7G       126M       5.7M        28M       3.2G

MemTotal:        4016004 kB
MemFree:          129740 kB
Active:           356256 kB
Mem:          3.8G       3.7G       126M       5.7M        28M       3.2G

MemTotal:        4016004 kB
MemFree:          129492 kB
Active:           356252 kB
Mem:          3.8G       3.7G       126M       5.7M        28M       3.2G

MemTotal:        4016004 kB
MemFree:          130112 kB
Active:           356236 kB
Mem:          3.8G       3.7G       126M       5.7M        28M       3.2G

MemTotal:        4016004 kB
MemFree:          129616 kB
Active:           356296 kB
Mem:          3.8G       3.7G       126M       5.7M        28M       3.2G

MemTotal:        4016004 kB
MemFree:          129864 kB
Active:           356300 kB
Mem:          3.8G       3.7G       126M       5.7M        28M       3.2G

MemTotal:        4016004 kB
MemFree:          129864 kB
Active:           356244 kB
Mem:          3.8G       3.7G       126M       5.7M        28M       3.2G

MemTotal:        4016004 kB
MemFree:          130112 kB
Active:           356248 kB
Mem:          3.8G       3.7G       126M       5.7M        28M       3.2G

MemTotal:        4016004 kB
MemFree:          129740 kB
Active:           356304 kB
Mem:          3.8G       3.7G       126M       5.7M        28M       3.2G

MemTotal:        4016004 kB
MemFree:          129492 kB
Active:           356304 kB
Mem:          3.8G       3.7G       126M       5.7M        28M       3.2G

MemTotal:        4016004 kB
MemFree:          129864 kB
Active:           356288 kB
Mem:          3.8G       3.7G       126M       5.7M        28M       3.2G

MemTotal:        4016004 kB
MemFree:          129864 kB
Active:           356296 kB
