MemTotal:        4016004 kB
MemFree:         3207464 kB
Active:           453524 kB
Mem:          3.8G       789M       3.1G       5.7M        55M       327M

MemTotal:        4016004 kB
MemFree:         3207956 kB
Active:           453372 kB
Mem:          3.8G       788M       3.1G       5.7M        55M       327M

MemTotal:        4016004 kB
MemFree:         3208188 kB
Active:           453464 kB
Mem:          3.8G       788M       3.1G       5.7M        55M       327M

MemTotal:        4016004 kB
MemFree:         3208476 kB
Active:           451436 kB
Mem:          3.8G       788M       3.1G       5.7M        55M       327M

MemTotal:        4016004 kB
MemFree:         3208536 kB
Active:           453488 kB
Mem:          3.8G       788M       3.1G       5.7M        55M       327M

MemTotal:        4016004 kB
MemFree:         3208256 kB
Active:           453508 kB
Mem:          3.8G       788M       3.1G       5.7M        55M       327M

MemTotal:        4016004 kB
MemFree:         3208364 kB
Active:           453452 kB
Mem:          3.8G       788M       3.1G       5.7M        55M       327M

MemTotal:        4016004 kB
MemFree:         3208224 kB
Active:           453468 kB
Mem:          3.8G       788M       3.1G       5.7M        55M       327M

MemTotal:        4016004 kB
MemFree:         3208580 kB
Active:           453488 kB
Mem:          3.8G       788M       3.1G       5.7M        55M       327M

MemTotal:        4016004 kB
MemFree:         3208068 kB
Active:           453508 kB
Mem:          3.8G       789M       3.1G       5.7M        55M       327M

MemTotal:        4016004 kB
MemFree:         3208256 kB
Active:           453456 kB
Mem:          3.8G       788M       3.1G       5.7M        55M       327M

MemTotal:        4016004 kB
MemFree:         3208628 kB
Active:           453468 kB
Mem:          3.8G       788M       3.1G       5.7M        55M       327M

MemTotal:        4016004 kB
MemFree:         3208504 kB
Active:           453464 kB
Mem:          3.8G       788M       3.1G       5.7M        55M       327M

MemTotal:        4016004 kB
MemFree:         3208380 kB
Active:           453512 kB
Mem:          3.8G       788M       3.1G       5.7M        55M       327M

MemTotal:        4016004 kB
MemFree:         3208536 kB
Active:           453488 kB
Mem:          3.8G       788M       3.1G       5.7M        55M       327M

MemTotal:        4016004 kB
MemFree:         3208536 kB
Active:           453508 kB
Mem:          3.8G       788M       3.1G       5.7M        55M       327M

MemTotal:        4016004 kB
MemFree:         3208396 kB
Active:           453504 kB
Mem:          3.8G       788M       3.1G       5.7M        55M       327M

MemTotal:        4016004 kB
MemFree:         3208628 kB
Active:           453508 kB
Mem:          3.8G       788M       3.1G       5.7M        55M       327M

MemTotal:        4016004 kB
MemFree:         3208488 kB
Active:           453472 kB
Mem:          3.8G       788M       3.1G       5.7M        55M       327M

MemTotal:        4016004 kB
MemFree:         3207852 kB
Active:           453528 kB
Mem:          3.8G       789M       3.1G       5.7M        55M       327M

MemTotal:        4016004 kB
MemFree:         3208164 kB
Active:           453480 kB
Mem:          3.8G       788M       3.1G       5.7M        55M       327M

MemTotal:        4016004 kB
MemFree:         3208164 kB
Active:           453516 kB
Mem:          3.8G       788M       3.1G       5.7M        55M       327M

MemTotal:        4016004 kB
MemFree:         3208288 kB
Active:           453512 kB
Mem:          3.8G       788M       3.1G       5.7M        55M       327M

MemTotal:        4016004 kB
MemFree:         3207792 kB
Active:           453536 kB
Mem:          3.8G       788M       3.1G       5.7M        55M       327M

MemTotal:        4016004 kB
MemFree:         3208040 kB
Active:           453532 kB
Mem:          3.8G       788M       3.1G       5.7M        55M       327M

MemTotal:        4016004 kB
MemFree:         3208520 kB
Active:           453496 kB
Mem:          3.8G       788M       3.1G       5.7M        55M       327M

MemTotal:        4016004 kB
MemFree:         3208008 kB
Active:           453540 kB
Mem:          3.8G       788M       3.1G       5.7M        55M       327M

MemTotal:        4016004 kB
MemFree:         3208240 kB
Active:           453496 kB
Mem:          3.8G       788M       3.1G       5.7M        55M       327M

MemTotal:        4016004 kB
MemFree:         3208240 kB
Active:           453536 kB
Mem:          3.8G       788M       3.1G       5.7M        55M       327M

MemTotal:        4016004 kB
MemFree:         3208224 kB
Active:           453492 kB
Mem:          3.8G       788M       3.1G       5.7M        55M       327M

MemTotal:        4016004 kB
MemFree:         3208164 kB
Active:           453552 kB
Mem:          3.8G       788M       3.1G       5.7M        55M       327M

MemTotal:        4016004 kB
MemFree:         3208164 kB
Active:           453504 kB
Mem:          3.8G       788M       3.1G       5.7M        55M       327M

MemTotal:        4016004 kB
MemFree:         3208412 kB
Active:           453520 kB
Mem:          3.8G       788M       3.1G       5.7M        55M       327M

MemTotal:        4016004 kB
MemFree:         3208412 kB
Active:           453524 kB
Mem:          3.8G       789M       3.1G       5.7M        55M       327M

MemTotal:        4016004 kB
MemFree:         3208412 kB
Active:           453508 kB
Mem:          3.8G       789M       3.1G       5.7M        55M       327M

MemTotal:        4016004 kB
MemFree:         3208288 kB
Active:           453524 kB
Mem:          3.8G       789M       3.1G       5.7M        55M       327M

MemTotal:        4016004 kB
MemFree:         3208536 kB
Active:           453528 kB
Mem:          3.8G       788M       3.1G       5.7M        55M       327M

MemTotal:        4016004 kB
MemFree:         3208040 kB
Active:           453568 kB
Mem:          3.8G       789M       3.1G       5.7M        55M       327M

MemTotal:        4016004 kB
MemFree:         3208412 kB
Active:           453532 kB
Mem:          3.8G       788M       3.1G       5.7M        55M       327M

MemTotal:        4016004 kB
MemFree:         3208380 kB
Active:           453520 kB
Mem:          3.8G       788M       3.1G       5.7M        55M       327M

MemTotal:        4016004 kB
MemFree:         3208008 kB
Active:           453580 kB
Mem:          3.8G       788M       3.1G       5.7M        55M       327M

MemTotal:        4016004 kB
MemFree:         3208116 kB
Active:           453580 kB
Mem:          3.8G       788M       3.1G       5.7M        55M       327M

MemTotal:        4016004 kB
MemFree:         3207852 kB
Active:           453568 kB
Mem:          3.8G       789M       3.1G       5.7M        55M       327M

MemTotal:        4016004 kB
MemFree:         3208040 kB
Active:           453568 kB
Mem:          3.8G       789M       3.1G       5.7M        55M       327M

MemTotal:        4016004 kB
MemFree:         3208288 kB
Active:           453572 kB
Mem:          3.8G       789M       3.1G       5.7M        55M       327M

MemTotal:        4016004 kB
MemFree:         3208164 kB
Active:           453536 kB
Mem:          3.8G       788M       3.1G       5.7M        55M       327M

MemTotal:        4016004 kB
MemFree:         3208164 kB
Active:           453588 kB
Mem:          3.8G       788M       3.1G       5.7M        55M       327M

MemTotal:        4016004 kB
MemFree:         3207792 kB
Active:           453592 kB
Mem:          3.8G       789M       3.1G       5.7M        55M       327M

MemTotal:        4016004 kB
MemFree:         3208288 kB
Active:           453592 kB
Mem:          3.8G       788M       3.1G       5.7M        55M       327M

MemTotal:        4016004 kB
MemFree:         3208272 kB
Active:           453580 kB
Mem:          3.8G       788M       3.1G       5.7M        55M       327M

MemTotal:        4016004 kB
MemFree:         3208380 kB
Active:           453588 kB
Mem:          3.8G       788M       3.1G       5.7M        55M       327M

MemTotal:        4016004 kB
MemFree:         3208240 kB
Active:           453584 kB
Mem:          3.8G       788M       3.1G       5.7M        55M       327M

MemTotal:        4016004 kB
MemFree:         3208348 kB
Active:           453576 kB
Mem:          3.8G       788M       3.1G       5.7M        55M       327M

MemTotal:        4016004 kB
MemFree:         3206240 kB
Active:           453552 kB
Mem:          3.8G       790M       3.1G       5.7M        55M       327M

MemTotal:        4016004 kB
MemFree:         3206488 kB
Active:           455620 kB
Mem:          3.8G       790M       3.1G       5.7M        55M       327M

MemTotal:        4016004 kB
MemFree:         3206364 kB
Active:           455644 kB
Mem:          3.8G       790M       3.1G       5.7M        55M       327M

MemTotal:        4016004 kB
MemFree:         3206240 kB
Active:           455648 kB
Mem:          3.8G       790M       3.1G       5.7M        55M       327M

MemTotal:        4016004 kB
MemFree:         3205992 kB
Active:           455640 kB
Mem:          3.8G       791M       3.1G       5.7M        55M       327M

MemTotal:        4016004 kB
MemFree:         3205852 kB
Active:           455656 kB
Mem:          3.8G       791M       3.1G       5.7M        55M       327M

MemTotal:        4016004 kB
MemFree:         3205960 kB
Active:           455608 kB
Mem:          3.8G       791M       3.1G       5.7M        55M       327M

MemTotal:        4016004 kB
MemFree:         3205944 kB
Active:           455604 kB
Mem:          3.8G       790M       3.1G       5.7M        55M       327M

MemTotal:        4016004 kB
MemFree:         3205680 kB
Active:           455660 kB
Mem:          3.8G       791M       3.1G       5.7M        55M       327M

MemTotal:        4016004 kB
MemFree:         3206176 kB
Active:           455668 kB
Mem:          3.8G       791M       3.1G       5.7M        55M       327M

MemTotal:        4016004 kB
MemFree:         3206116 kB
Active:           455664 kB
Mem:          3.8G       790M       3.1G       5.7M        55M       327M

MemTotal:        4016004 kB
MemFree:         3206116 kB
Active:           455620 kB
Mem:          3.8G       790M       3.1G       5.7M        55M       327M

MemTotal:        4016004 kB
MemFree:         3205744 kB
Active:           455668 kB
Mem:          3.8G       791M       3.1G       5.7M        55M       327M

MemTotal:        4016004 kB
MemFree:         3205496 kB
Active:           455616 kB
Mem:          3.8G       791M       3.1G       5.7M        55M       327M

MemTotal:        4016004 kB
MemFree:         3205744 kB
Active:           455624 kB
Mem:          3.8G       791M       3.1G       5.7M        55M       327M

MemTotal:        4016004 kB
MemFree:         3205372 kB
Active:           455668 kB
Mem:          3.8G       791M       3.1G       5.7M        55M       327M

MemTotal:        4016004 kB
MemFree:         3205712 kB
Active:           455660 kB
Mem:          3.8G       791M       3.1G       5.7M        55M       327M

MemTotal:        4016004 kB
MemFree:         3205696 kB
Active:           455644 kB
Mem:          3.8G       791M       3.1G       5.7M        55M       327M

MemTotal:        4016004 kB
MemFree:         3205680 kB
Active:           455644 kB
Mem:          3.8G       791M       3.1G       5.7M        55M       327M

MemTotal:        4016004 kB
MemFree:         3205372 kB
Active:           455672 kB
Mem:          3.8G       791M       3.1G       5.7M        55M       327M

MemTotal:        4016004 kB
MemFree:         3205180 kB
Active:           453624 kB
Mem:          3.8G       791M       3.1G       5.7M        55M       327M

MemTotal:        4016004 kB
MemFree:         3206048 kB
Active:           455616 kB
Mem:          3.8G       790M       3.1G       5.7M        55M       327M

MemTotal:        4016004 kB
MemFree:         3206296 kB
Active:           455628 kB
Mem:          3.8G       790M       3.1G       5.7M        55M       327M

MemTotal:        4016004 kB
MemFree:         3206296 kB
Active:           455624 kB
Mem:          3.8G       790M       3.1G       5.7M        55M       327M

MemTotal:        4016004 kB
MemFree:         3206156 kB
Active:           455632 kB
Mem:          3.8G       790M       3.1G       5.7M        55M       327M

MemTotal:        4016004 kB
MemFree:         3205644 kB
Active:           455680 kB
Mem:          3.8G       790M       3.1G       5.7M        55M       327M

MemTotal:        4016004 kB
MemFree:         3206124 kB
Active:           455668 kB
Mem:          3.8G       791M       3.1G       5.7M        55M       327M

MemTotal:        4016004 kB
MemFree:         3206108 kB
Active:           455668 kB
Mem:          3.8G       791M       3.1G       5.7M        55M       327M

MemTotal:        4016004 kB
MemFree:         3206172 kB
Active:           455648 kB
Mem:          3.8G       791M       3.1G       5.7M        55M       327M

MemTotal:        4016004 kB
MemFree:         3205924 kB
Active:           455680 kB
Mem:          3.8G       791M       3.1G       5.7M        55M       327M

MemTotal:        4016004 kB
MemFree:         3205920 kB
Active:           453632 kB
Mem:          3.8G       791M       3.1G       5.7M        55M       327M

MemTotal:        4016004 kB
MemFree:         3205920 kB
Active:           455636 kB
Mem:          3.8G       791M       3.1G       5.7M        55M       327M

MemTotal:        4016004 kB
MemFree:         3206044 kB
Active:           455644 kB
Mem:          3.8G       791M       3.1G       5.7M        55M       327M

MemTotal:        4016004 kB
MemFree:         3205408 kB
Active:           455692 kB
Mem:          3.8G       791M       3.1G       5.7M        55M       327M

MemTotal:        4016004 kB
MemFree:         3205144 kB
Active:           455692 kB
Mem:          3.8G       791M       3.1G       5.7M        55M       327M

MemTotal:        4016004 kB
MemFree:         3205500 kB
Active:           455688 kB
Mem:          3.8G       791M       3.1G       5.7M        55M       327M

MemTotal:        4016004 kB
MemFree:         3205980 kB
Active:           455680 kB
Mem:          3.8G       791M       3.1G       5.7M        55M       327M

MemTotal:        4016004 kB
MemFree:         3206168 kB
Active:           455684 kB
Mem:          3.8G       790M       3.1G       5.7M        55M       327M

MemTotal:        4016004 kB
MemFree:         3206044 kB
Active:           455672 kB
Mem:          3.8G       790M       3.1G       5.7M        55M       327M

MemTotal:        4016004 kB
MemFree:         3206044 kB
Active:           455696 kB
Mem:          3.8G       791M       3.1G       5.7M        55M       327M

MemTotal:        4016004 kB
MemFree:         3206168 kB
Active:           455684 kB
Mem:          3.8G       790M       3.1G       5.7M        55M       327M

MemTotal:        4016004 kB
MemFree:         3206168 kB
Active:           455696 kB
Mem:          3.8G       790M       3.1G       5.7M        55M       327M

MemTotal:        4016004 kB
MemFree:         3206276 kB
Active:           455664 kB
Mem:          3.8G       790M       3.1G       5.7M        55M       327M

MemTotal:        4016004 kB
MemFree:         3206384 kB
Active:           455652 kB
Mem:          3.8G       790M       3.1G       5.7M        55M       327M

MemTotal:        4016004 kB
MemFree:         3206244 kB
Active:           455700 kB
Mem:          3.8G       790M       3.1G       5.7M        55M       327M

MemTotal:        4016004 kB
MemFree:         3206228 kB
Active:           455708 kB
Mem:          3.8G       791M       3.1G       5.7M        55M       327M

MemTotal:        4016004 kB
MemFree:         3205716 kB
Active:           455720 kB
Mem:          3.8G       791M       3.1G       5.7M        55M       327M

MemTotal:        4016004 kB
MemFree:         3205652 kB
Active:           455992 kB
Mem:          3.8G       791M       3.1G       5.7M        55M       327M

MemTotal:        4016004 kB
MemFree:         3165052 kB
Active:           456680 kB
Mem:          3.8G       831M       3.0G       5.7M        55M       366M

MemTotal:        4016004 kB
MemFree:         3122640 kB
Active:           456700 kB
Mem:          3.8G       873M       3.0G       5.7M        55M       408M

MemTotal:        4016004 kB
MemFree:         3078304 kB
Active:           456748 kB
Mem:          3.8G       916M       2.9G       5.7M        55M       450M

MemTotal:        4016004 kB
MemFree:         3035288 kB
Active:           456768 kB
Mem:          3.8G       958M       2.9G       5.7M        55M       492M

MemTotal:        4016004 kB
MemFree:         2994012 kB
Active:           456796 kB
Mem:          3.8G       998M       2.9G       5.7M        55M       532M

MemTotal:        4016004 kB
MemFree:         2949912 kB
Active:           456816 kB
Mem:          3.8G       1.0G       2.8G       5.7M        55M       573M

MemTotal:        4016004 kB
MemFree:         2906540 kB
Active:           456808 kB
Mem:          3.8G       1.1G       2.8G       5.7M        55M       615M

MemTotal:        4016004 kB
MemFree:         2863168 kB
Active:           456868 kB
Mem:          3.8G       1.1G       2.7G       5.7M        55M       656M

MemTotal:        4016004 kB
MemFree:         2821640 kB
Active:           456888 kB
Mem:          3.8G       1.1G       2.7G       5.7M        55M       696M

MemTotal:        4016004 kB
MemFree:         2778004 kB
Active:           456908 kB
Mem:          3.8G       1.2G       2.6G       5.7M        55M       738M

MemTotal:        4016004 kB
MemFree:         2734972 kB
Active:           456928 kB
Mem:          3.8G       1.2G       2.6G       5.7M        55M       779M

MemTotal:        4016004 kB
MemFree:         2722160 kB
Active:           456924 kB
Mem:          3.8G       1.2G       2.6G       5.7M        55M       792M

MemTotal:        4016004 kB
MemFree:         2678184 kB
Active:           459000 kB
Mem:          3.8G       1.3G       2.6G       5.7M        55M       832M

MemTotal:        4016004 kB
MemFree:         2634956 kB
Active:           459024 kB
Mem:          3.8G       1.3G       2.5G       5.7M        55M       875M

MemTotal:        4016004 kB
MemFree:         2590328 kB
Active:           459048 kB
Mem:          3.8G       1.4G       2.5G       5.7M        55M       916M

MemTotal:        4016004 kB
MemFree:         2547964 kB
Active:           459064 kB
Mem:          3.8G       1.4G       2.4G       5.7M        55M       958M

MemTotal:        4016004 kB
MemFree:         2518392 kB
Active:           459088 kB
Mem:          3.8G       1.4G       2.4G       5.7M        55M       986M

MemTotal:        4016004 kB
MemFree:         2487924 kB
Active:           459104 kB
Mem:          3.8G       1.5G       2.4G       5.7M        55M       1.0G

MemTotal:        4016004 kB
MemFree:         2444264 kB
Active:           459128 kB
Mem:          3.8G       1.5G       2.3G       5.7M        55M       1.0G

MemTotal:        4016004 kB
MemFree:         2403064 kB
Active:           459152 kB
Mem:          3.8G       1.5G       2.3G       5.7M        55M       1.1G

MemTotal:        4016004 kB
MemFree:         2359840 kB
Active:           459176 kB
Mem:          3.8G       1.6G       2.3G       5.7M        55M       1.1G

MemTotal:        4016004 kB
MemFree:         2315972 kB
Active:           459188 kB
Mem:          3.8G       1.6G       2.2G       5.7M        55M       1.2G

MemTotal:        4016004 kB
MemFree:         2273180 kB
Active:           459220 kB
Mem:          3.8G       1.7G       2.2G       5.7M        55M       1.2G

MemTotal:        4016004 kB
MemFree:         2230428 kB
Active:           459244 kB
Mem:          3.8G       1.7G       2.1G       5.7M        55M       1.2G

MemTotal:        4016004 kB
MemFree:         2185816 kB
Active:           459268 kB
Mem:          3.8G       1.7G       2.1G       5.7M        55M       1.3G

MemTotal:        4016004 kB
MemFree:         2144188 kB
Active:           459284 kB
Mem:          3.8G       1.8G       2.0G       5.7M        55M       1.3G

MemTotal:        4016004 kB
MemFree:         2100616 kB
Active:           459332 kB
Mem:          3.8G       1.8G       2.0G       5.7M        55M       1.4G

MemTotal:        4016004 kB
MemFree:         2057384 kB
Active:           459356 kB
Mem:          3.8G       1.9G       2.0G       5.7M        55M       1.4G

MemTotal:        4016004 kB
MemFree:         2014756 kB
Active:           459392 kB
Mem:          3.8G       1.9G       1.9G       5.7M        55M       1.4G

MemTotal:        4016004 kB
MemFree:         1971868 kB
Active:           459412 kB
Mem:          3.8G       1.9G       1.9G       5.7M        55M       1.5G

MemTotal:        4016004 kB
MemFree:         1928440 kB
Active:           459440 kB
Mem:          3.8G       2.0G       1.8G       5.7M        55M       1.5G

MemTotal:        4016004 kB
MemFree:         1886620 kB
Active:           459464 kB
Mem:          3.8G       2.0G       1.8G       5.7M        55M       1.6G

MemTotal:        4016004 kB
MemFree:         1843284 kB
Active:           459484 kB
Mem:          3.8G       2.1G       1.8G       5.7M        55M       1.6G

MemTotal:        4016004 kB
MemFree:         1800740 kB
Active:           459508 kB
Mem:          3.8G       2.1G       1.7G       5.7M        55M       1.6G

MemTotal:        4016004 kB
MemFree:         1757616 kB
Active:           459532 kB
Mem:          3.8G       2.2G       1.7G       5.7M        55M       1.7G

MemTotal:        4016004 kB
MemFree:         1716352 kB
Active:           459556 kB
Mem:          3.8G       2.2G       1.6G       5.7M        55M       1.7G

MemTotal:        4016004 kB
MemFree:         1672592 kB
Active:           459584 kB
Mem:          3.8G       2.2G       1.6G       5.7M        55M       1.8G

MemTotal:        4016004 kB
MemFree:         1629096 kB
Active:           459600 kB
Mem:          3.8G       2.3G       1.6G       5.7M        55M       1.8G

MemTotal:        4016004 kB
MemFree:         1587000 kB
Active:           459588 kB
Mem:          3.8G       2.3G       1.5G       5.7M        55M       1.8G

MemTotal:        4016004 kB
MemFree:         1543792 kB
Active:           459680 kB
Mem:          3.8G       2.4G       1.5G       5.7M        56M       1.9G

MemTotal:        4016004 kB
MemFree:         1500068 kB
Active:           459700 kB
Mem:          3.8G       2.4G       1.4G       5.7M        56M       1.9G

MemTotal:        4016004 kB
MemFree:         1457744 kB
Active:           459720 kB
Mem:          3.8G       2.4G       1.4G       5.7M        56M       2.0G

MemTotal:        4016004 kB
MemFree:         1415428 kB
Active:           459756 kB
Mem:          3.8G       2.5G       1.3G       5.7M        56M       2.0G

MemTotal:        4016004 kB
MemFree:         1372444 kB
Active:           459772 kB
Mem:          3.8G       2.5G       1.3G       5.7M        56M       2.0G

MemTotal:        4016004 kB
MemFree:         1330168 kB
Active:           459804 kB
Mem:          3.8G       2.6G       1.3G       5.7M        56M       2.1G

MemTotal:        4016004 kB
MemFree:         1286188 kB
Active:           459832 kB
Mem:          3.8G       2.6G       1.2G       5.7M        56M       2.1G

MemTotal:        4016004 kB
MemFree:         1244708 kB
Active:           459856 kB
Mem:          3.8G       2.6G       1.2G       5.7M        56M       2.2G

MemTotal:        4016004 kB
MemFree:         1201804 kB
Active:           459880 kB
Mem:          3.8G       2.7G       1.1G       5.7M        56M       2.2G

MemTotal:        4016004 kB
MemFree:         1158392 kB
Active:           459900 kB
Mem:          3.8G       2.7G       1.1G       5.7M        56M       2.2G

MemTotal:        4016004 kB
MemFree:         1115208 kB
Active:           459932 kB
Mem:          3.8G       2.8G       1.1G       5.7M        56M       2.3G

MemTotal:        4016004 kB
MemFree:         1072796 kB
Active:           459948 kB
Mem:          3.8G       2.8G       1.0G       5.7M        56M       2.3G

MemTotal:        4016004 kB
MemFree:         1029920 kB
Active:           459972 kB
Mem:          3.8G       2.8G       1.0G       5.7M        56M       2.4G

MemTotal:        4016004 kB
MemFree:          987156 kB
Active:           462400 kB
Mem:          3.8G       2.9G       963M       5.7M        57M       2.4G

MemTotal:        4016004 kB
MemFree:          946536 kB
Active:           464040 kB
Mem:          3.8G       2.9G       924M       5.7M        59M       2.4G

MemTotal:        4016004 kB
MemFree:          903304 kB
Active:           464444 kB
Mem:          3.8G       3.0G       881M       5.7M        59M       2.5G

MemTotal:        4016004 kB
MemFree:          858316 kB
Active:           464976 kB
Mem:          3.8G       3.0G       837M       5.7M        60M       2.5G

MemTotal:        4016004 kB
MemFree:          812056 kB
Active:           465120 kB
Mem:          3.8G       3.1G       792M       5.7M        60M       2.6G

MemTotal:        4016004 kB
MemFree:          767320 kB
Active:           465392 kB
Mem:          3.8G       3.1G       748M       5.7M        60M       2.6G

MemTotal:        4016004 kB
MemFree:          723148 kB
Active:           465656 kB
Mem:          3.8G       3.1G       705M       5.7M        60M       2.6G

MemTotal:        4016004 kB
MemFree:          679432 kB
Active:           465784 kB
Mem:          3.8G       3.2G       663M       5.7M        61M       2.7G

MemTotal:        4016004 kB
MemFree:          635484 kB
Active:           466192 kB
Mem:          3.8G       3.2G       620M       5.7M        61M       2.7G

MemTotal:        4016004 kB
MemFree:          591948 kB
Active:           466420 kB
Mem:          3.8G       3.3G       577M       5.7M        61M       2.8G

MemTotal:        4016004 kB
MemFree:          547696 kB
Active:           466700 kB
Mem:          3.8G       3.3G       534M       5.7M        62M       2.8G

MemTotal:        4016004 kB
MemFree:          503328 kB
Active:           466960 kB
Mem:          3.8G       3.4G       491M       5.7M        62M       2.8G

MemTotal:        4016004 kB
MemFree:          457728 kB
Active:           467220 kB
Mem:          3.8G       3.4G       446M       5.7M        62M       2.9G

MemTotal:        4016004 kB
MemFree:          413852 kB
Active:           467280 kB
Mem:          3.8G       3.4G       403M       5.7M        62M       2.9G

MemTotal:        4016004 kB
MemFree:          369140 kB
Active:           467460 kB
Mem:          3.8G       3.5G       360M       5.7M        62M       3.0G

MemTotal:        4016004 kB
MemFree:          325940 kB
Active:           466768 kB
Mem:          3.8G       3.5G       318M       5.7M        62M       3.0G

MemTotal:        4016004 kB
MemFree:          282724 kB
Active:           466816 kB
Mem:          3.8G       3.6G       276M       5.7M        62M       3.1G

MemTotal:        4016004 kB
MemFree:          239072 kB
Active:           466828 kB
Mem:          3.8G       3.6G       232M       5.7M        62M       3.1G

MemTotal:        4016004 kB
MemFree:          195728 kB
Active:           466772 kB
Mem:          3.8G       3.6G       190M       5.7M        62M       3.1G

MemTotal:        4016004 kB
MemFree:          148196 kB
Active:           466828 kB
Mem:          3.8G       3.7G       144M       5.7M        62M       3.2G

MemTotal:        4016004 kB
MemFree:          123812 kB
Active:           468852 kB
Mem:          3.8G       3.7G       120M       5.7M        62M       3.2G

MemTotal:        4016004 kB
MemFree:          130280 kB
Active:           469392 kB
Mem:          3.8G       3.7G       131M       5.7M        29M       3.2G

MemTotal:        4016004 kB
MemFree:          134776 kB
Active:           526628 kB
Mem:          3.8G       3.7G       131M       5.7M        29M       3.2G

MemTotal:        4016004 kB
MemFree:          132544 kB
Active:           522384 kB
Mem:          3.8G       3.7G       128M       5.7M        29M       3.2G

MemTotal:        4016004 kB
MemFree:          125568 kB
Active:           516904 kB
Mem:          3.8G       3.7G       121M       5.7M        29M       3.2G

MemTotal:        4016004 kB
MemFree:          135908 kB
Active:           504924 kB
Mem:          3.8G       3.7G       132M       5.7M        29M       3.2G

MemTotal:        4016004 kB
MemFree:          127004 kB
Active:           501468 kB
Mem:          3.8G       3.7G       123M       5.7M        29M       3.2G

MemTotal:        4016004 kB
MemFree:          118764 kB
Active:           495904 kB
Mem:          3.8G       3.7G       114M       5.7M        29M       3.2G

MemTotal:        4016004 kB
MemFree:          111756 kB
Active:           492460 kB
Mem:          3.8G       3.7G       108M       5.7M        29M       3.2G

MemTotal:        4016004 kB
MemFree:          127732 kB
Active:           486448 kB
Mem:          3.8G       3.7G       124M       5.7M        29M       3.2G

MemTotal:        4016004 kB
MemFree:          108140 kB
Active:           484536 kB
Mem:          3.8G       3.7G       105M       5.7M        29M       3.2G

MemTotal:        4016004 kB
MemFree:          128284 kB
Active:           478520 kB
Mem:          3.8G       3.7G       124M       5.7M        29M       3.2G

MemTotal:        4016004 kB
MemFree:          120148 kB
Active:           475960 kB
Mem:          3.8G       3.7G       116M       5.7M        29M       3.2G

MemTotal:        4016004 kB
MemFree:          122472 kB
Active:           474180 kB
Mem:          3.8G       3.7G       118M       5.7M        29M       3.2G

MemTotal:        4016004 kB
MemFree:          115548 kB
Active:           472900 kB
Mem:          3.8G       3.7G       112M       5.7M        29M       3.2G

MemTotal:        4016004 kB
MemFree:          130592 kB
Active:           470984 kB
Mem:          3.8G       3.7G       126M       5.7M        29M       3.2G

MemTotal:        4016004 kB
MemFree:          122436 kB
Active:           469652 kB
Mem:          3.8G       3.7G       119M       5.7M        29M       3.2G

MemTotal:        4016004 kB
MemFree:          127516 kB
Active:           463980 kB
Mem:          3.8G       3.7G       123M       5.7M        29M       3.2G

MemTotal:        4016004 kB
MemFree:          113516 kB
Active:           462836 kB
Mem:          3.8G       3.7G       110M       5.7M        29M       3.2G

MemTotal:        4016004 kB
MemFree:          105624 kB
Active:           461688 kB
Mem:          3.8G       3.7G       102M       5.7M        29M       3.3G

MemTotal:        4016004 kB
MemFree:          107124 kB
Active:           457788 kB
Mem:          3.8G       3.7G       104M       5.7M        29M       3.2G

MemTotal:        4016004 kB
MemFree:          125780 kB
Active:           456140 kB
Mem:          3.8G       3.7G       123M       5.7M        29M       3.2G

MemTotal:        4016004 kB
MemFree:          110736 kB
Active:           455000 kB
Mem:          3.8G       3.7G       107M       5.7M        29M       3.2G

MemTotal:        4016004 kB
MemFree:          126516 kB
Active:           453336 kB
Mem:          3.8G       3.7G       123M       5.7M        29M       3.2G

MemTotal:        4016004 kB
MemFree:          134884 kB
Active:           451160 kB
Mem:          3.8G       3.7G       131M       5.7M        29M       3.2G

MemTotal:        4016004 kB
MemFree:          129052 kB
Active:           449904 kB
Mem:          3.8G       3.7G       125M       5.7M        29M       3.2G

MemTotal:        4016004 kB
MemFree:          128888 kB
Active:           448112 kB
Mem:          3.8G       3.7G       126M       5.7M        29M       3.2G

MemTotal:        4016004 kB
MemFree:          121864 kB
Active:           444872 kB
Mem:          3.8G       3.7G       118M       5.7M        29M       3.2G

MemTotal:        4016004 kB
MemFree:          124112 kB
Active:           442964 kB
Mem:          3.8G       3.7G       120M       5.7M        29M       3.2G

MemTotal:        4016004 kB
MemFree:          126460 kB
Active:           442588 kB
Mem:          3.8G       3.7G       122M       5.7M        29M       3.2G

MemTotal:        4016004 kB
MemFree:          125244 kB
Active:           442076 kB
Mem:          3.8G       3.7G       122M       5.7M        29M       3.2G

MemTotal:        4016004 kB
MemFree:          112836 kB
Active:           442064 kB
Mem:          3.8G       3.7G       109M       5.7M        29M       3.2G

MemTotal:        4016004 kB
MemFree:          105440 kB
Active:           440936 kB
Mem:          3.8G       3.7G       102M       5.7M        29M       3.3G

MemTotal:        4016004 kB
MemFree:          127540 kB
Active:           438892 kB
Mem:          3.8G       3.7G       124M       5.7M        29M       3.2G

MemTotal:        4016004 kB
MemFree:          107852 kB
Active:           438128 kB
Mem:          3.8G       3.7G       104M       5.7M        29M       3.2G

MemTotal:        4016004 kB
MemFree:          124780 kB
Active:           434424 kB
Mem:          3.8G       3.7G       122M       5.7M        29M       3.2G

MemTotal:        4016004 kB
MemFree:          121532 kB
Active:           432768 kB
Mem:          3.8G       3.7G       118M       5.7M        29M       3.2G

MemTotal:        4016004 kB
MemFree:          114604 kB
Active:           431616 kB
Mem:          3.8G       3.7G       111M       5.7M        29M       3.2G

MemTotal:        4016004 kB
MemFree:          114424 kB
Active:           427688 kB
Mem:          3.8G       3.7G       111M       5.7M        29M       3.2G

MemTotal:        4016004 kB
MemFree:          108924 kB
Active:           426932 kB
Mem:          3.8G       3.7G       105M       5.7M        29M       3.2G

MemTotal:        4016004 kB
MemFree:          124860 kB
Active:           425148 kB
Mem:          3.8G       3.7G       121M       5.7M        29M       3.2G

MemTotal:        4016004 kB
MemFree:          121584 kB
Active:           423484 kB
Mem:          3.8G       3.7G       118M       5.7M        29M       3.2G

MemTotal:        4016004 kB
MemFree:          109492 kB
Active:           422288 kB
Mem:          3.8G       3.7G       106M       5.7M        29M       3.2G

MemTotal:        4016004 kB
MemFree:          124136 kB
Active:           418676 kB
Mem:          3.8G       3.7G       120M       5.7M        29M       3.2G

MemTotal:        4016004 kB
MemFree:          121900 kB
Active:           417012 kB
Mem:          3.8G       3.7G       118M       5.7M        29M       3.2G

MemTotal:        4016004 kB
MemFree:          113048 kB
Active:           415860 kB
Mem:          3.8G       3.7G       109M       5.7M        29M       3.2G

MemTotal:        4016004 kB
MemFree:          129908 kB
Active:           414204 kB
Mem:          3.8G       3.7G       126M       5.7M        29M       3.2G

MemTotal:        4016004 kB
MemFree:          116228 kB
Active:           413056 kB
Mem:          3.8G       3.7G       113M       5.7M        29M       3.2G

MemTotal:        4016004 kB
MemFree:          108832 kB
Active:           411908 kB
Mem:          3.8G       3.7G       106M       5.7M        29M       3.2G

MemTotal:        4016004 kB
MemFree:          125052 kB
Active:           408196 kB
Mem:          3.8G       3.7G       121M       5.7M        29M       3.2G

MemTotal:        4016004 kB
MemFree:          122844 kB
Active:           408840 kB
Mem:          3.8G       3.7G       119M       5.7M        29M       3.2G

MemTotal:        4016004 kB
MemFree:          107764 kB
Active:           407580 kB
Mem:          3.8G       3.7G       104M       5.7M        29M       3.2G

MemTotal:        4016004 kB
MemFree:          123688 kB
Active:           405916 kB
Mem:          3.8G       3.7G       120M       5.7M        29M       3.2G

MemTotal:        4016004 kB
MemFree:          126916 kB
Active:           403996 kB
Mem:          3.8G       3.7G       123M       5.7M        29M       3.2G

MemTotal:        4016004 kB
MemFree:          124992 kB
Active:           400484 kB
Mem:          3.8G       3.7G       121M       5.7M        29M       3.2G

MemTotal:        4016004 kB
MemFree:          109484 kB
Active:           399720 kB
Mem:          3.8G       3.7G       106M       5.7M        29M       3.2G

MemTotal:        4016004 kB
MemFree:          125772 kB
Active:           398072 kB
Mem:          3.8G       3.7G       122M       5.7M        29M       3.2G

MemTotal:        4016004 kB
MemFree:          122268 kB
Active:           396796 kB
Mem:          3.8G       3.7G       118M       5.7M        29M       3.2G

MemTotal:        4016004 kB
MemFree:          105404 kB
Active:           396668 kB
Mem:          3.8G       3.7G       102M       5.7M        29M       3.2G

MemTotal:        4016004 kB
MemFree:          109076 kB
Active:           396644 kB
Mem:          3.8G       3.7G       106M       5.7M        29M       3.2G

MemTotal:        4016004 kB
MemFree:          124980 kB
Active:           398404 kB
Mem:          3.8G       3.7G       121M       5.7M        29M       3.2G

MemTotal:        4016004 kB
MemFree:          123764 kB
Active:           398292 kB
Mem:          3.8G       3.7G       120M       5.7M        29M       3.2G

MemTotal:        4016004 kB
MemFree:          108052 kB
Active:           398164 kB
Mem:          3.8G       3.7G       105M       5.7M        29M       3.2G

MemTotal:        4016004 kB
MemFree:          132136 kB
Active:           398164 kB
Mem:          3.8G       3.7G       128M       5.7M        29M       3.2G

MemTotal:        4016004 kB
MemFree:          122980 kB
Active:           398180 kB
Mem:          3.8G       3.7G       119M       5.7M        29M       3.2G

MemTotal:        4016004 kB
MemFree:          127088 kB
Active:           398188 kB
Mem:          3.8G       3.7G       123M       5.7M        29M       3.2G

MemTotal:        4016004 kB
MemFree:          117924 kB
Active:           398188 kB
Mem:          3.8G       3.7G       115M       5.7M        29M       3.2G

MemTotal:        4016004 kB
MemFree:          134932 kB
Active:           398084 kB
Mem:          3.8G       3.7G       131M       5.7M        29M       3.2G

MemTotal:        4016004 kB
MemFree:          125816 kB
Active:           398088 kB
Mem:          3.8G       3.7G       122M       5.7M        29M       3.2G

MemTotal:        4016004 kB
MemFree:          118704 kB
Active:           398096 kB
Mem:          3.8G       3.7G       115M       5.7M        29M       3.2G

MemTotal:        4016004 kB
MemFree:          111840 kB
Active:           398100 kB
Mem:          3.8G       3.7G       108M       5.7M        29M       3.2G

MemTotal:        4016004 kB
MemFree:          127376 kB
Active:           398104 kB
Mem:          3.8G       3.7G       124M       5.7M        29M       3.2G

MemTotal:        4016004 kB
MemFree:          123896 kB
Active:           398108 kB
Mem:          3.8G       3.7G       120M       5.7M        29M       3.2G

MemTotal:        4016004 kB
MemFree:          131496 kB
Active:           398084 kB
Mem:          3.8G       3.7G       128M       5.7M        29M       3.2G

MemTotal:        4016004 kB
MemFree:          112340 kB
Active:           398088 kB
Mem:          3.8G       3.7G       109M       5.7M        29M       3.2G

MemTotal:        4016004 kB
MemFree:          134712 kB
Active:           398072 kB
Mem:          3.8G       3.7G       131M       5.7M        29M       3.2G

MemTotal:        4016004 kB
MemFree:          125768 kB
Active:           398096 kB
Mem:          3.8G       3.7G       122M       5.7M        29M       3.2G

MemTotal:        4016004 kB
MemFree:          105608 kB
Active:           397996 kB
Mem:          3.8G       3.7G       102M       5.7M        29M       3.2G

MemTotal:        4016004 kB
MemFree:          132952 kB
Active:           397188 kB
Mem:          3.8G       3.7G       129M       5.7M        29M       3.2G

MemTotal:        4016004 kB
MemFree:          131152 kB
Active:           398196 kB
Mem:          3.8G       3.7G       128M       5.7M        29M       3.2G

MemTotal:        4016004 kB
MemFree:          125152 kB
Active:           397920 kB
Mem:          3.8G       3.7G       121M       5.7M        29M       3.2G

MemTotal:        4016004 kB
MemFree:          111152 kB
Active:           397800 kB
Mem:          3.8G       3.7G       108M       5.7M        29M       3.2G

MemTotal:        4016004 kB
MemFree:          125260 kB
Active:           397824 kB
Mem:          3.8G       3.7G       121M       5.7M        29M       3.2G

MemTotal:        4016004 kB
MemFree:          113156 kB
Active:           397828 kB
Mem:          3.8G       3.7G       110M       5.7M        29M       3.2G

MemTotal:        4016004 kB
MemFree:          128176 kB
Active:           397828 kB
Mem:          3.8G       3.7G       124M       5.7M        29M       3.2G

MemTotal:        4016004 kB
MemFree:          125164 kB
Active:           397828 kB
Mem:          3.8G       3.7G       122M       5.7M        29M       3.2G

MemTotal:        4016004 kB
MemFree:          111776 kB
Active:           397840 kB
Mem:          3.8G       3.7G       108M       5.7M        29M       3.2G

MemTotal:        4016004 kB
MemFree:          128068 kB
Active:           397368 kB
Mem:          3.8G       3.7G       124M       5.7M        29M       3.2G

MemTotal:        4016004 kB
MemFree:          118884 kB
Active:           397372 kB
Mem:          3.8G       3.7G       115M       5.7M        29M       3.2G

MemTotal:        4016004 kB
MemFree:          106084 kB
Active:           397372 kB
Mem:          3.8G       3.7G       103M       5.7M        29M       3.2G

MemTotal:        4016004 kB
MemFree:          126232 kB
Active:           397372 kB
Mem:          3.8G       3.7G       123M       5.7M        29M       3.2G

MemTotal:        4016004 kB
MemFree:          115180 kB
Active:           397268 kB
Mem:          3.8G       3.7G       112M       5.7M        29M       3.2G

MemTotal:        4016004 kB
MemFree:          105352 kB
Active:           397096 kB
Mem:          3.8G       3.7G       102M       5.7M        29M       3.2G

MemTotal:        4016004 kB
MemFree:          125700 kB
Active:           397084 kB
Mem:          3.8G       3.7G       122M       5.7M        29M       3.2G

MemTotal:        4016004 kB
MemFree:          115624 kB
Active:           397096 kB
Mem:          3.8G       3.7G       112M       5.7M        29M       3.2G

MemTotal:        4016004 kB
MemFree:          107208 kB
Active:           397068 kB
Mem:          3.8G       3.7G       104M       5.7M        29M       3.2G

MemTotal:        4016004 kB
MemFree:          130660 kB
Active:           390644 kB
Mem:          3.8G       3.7G       127M       5.7M        29M       3.2G

MemTotal:        4016004 kB
MemFree:          122976 kB
Active:           390664 kB
Mem:          3.8G       3.7G       120M       5.7M        29M       3.2G

MemTotal:        4016004 kB
MemFree:          129480 kB
Active:           390016 kB
Mem:          3.8G       3.7G       126M       5.7M        29M       3.2G

MemTotal:        4016004 kB
MemFree:          112152 kB
Active:           391364 kB
Mem:          3.8G       3.7G       109M       5.7M        29M       3.2G

MemTotal:        4016004 kB
MemFree:          132960 kB
Active:           390596 kB
Mem:          3.8G       3.7G       129M       5.7M        29M       3.2G

MemTotal:        4016004 kB
MemFree:          125920 kB
Active:           390596 kB
Mem:          3.8G       3.7G       122M       5.7M        29M       3.2G

MemTotal:        4016004 kB
MemFree:          107136 kB
Active:           390608 kB
Mem:          3.8G       3.7G       104M       5.7M        29M       3.2G

MemTotal:        4016004 kB
MemFree:          135212 kB
Active:           390176 kB
Mem:          3.8G       3.7G       131M       5.7M        29M       3.2G

MemTotal:        4016004 kB
MemFree:          121144 kB
Active:           390120 kB
Mem:          3.8G       3.7G       118M       5.7M        29M       3.2G

MemTotal:        4016004 kB
MemFree:          114020 kB
Active:           390120 kB
Mem:          3.8G       3.7G       111M       5.7M        29M       3.2G

MemTotal:        4016004 kB
MemFree:          126524 kB
Active:           390128 kB
Mem:          3.8G       3.7G       123M       5.7M        29M       3.2G

MemTotal:        4016004 kB
MemFree:          109160 kB
Active:           390132 kB
Mem:          3.8G       3.7G       105M       5.7M        29M       3.2G

MemTotal:        4016004 kB
MemFree:          124496 kB
Active:           390152 kB
Mem:          3.8G       3.7G       121M       5.7M        29M       3.2G

MemTotal:        4016004 kB
MemFree:          104924 kB
Active:           390100 kB
Mem:          3.8G       3.7G       107M       5.7M        29M       3.2G

MemTotal:        4016004 kB
MemFree:          127588 kB
Active:           390152 kB
Mem:          3.8G       3.7G       124M       5.7M        29M       3.2G

MemTotal:        4016004 kB
MemFree:          119256 kB
Active:           390152 kB
Mem:          3.8G       3.7G       116M       5.7M        29M       3.2G

MemTotal:        4016004 kB
MemFree:          123384 kB
Active:           390160 kB
Mem:          3.8G       3.7G       120M       5.7M        29M       3.2G

MemTotal:        4016004 kB
MemFree:          111604 kB
Active:           388092 kB
Mem:          3.8G       3.7G       108M       5.7M        29M       3.2G

MemTotal:        4016004 kB
MemFree:          128024 kB
Active:           388092 kB
Mem:          3.8G       3.7G       125M       5.7M        29M       3.2G

MemTotal:        4016004 kB
MemFree:          121188 kB
Active:           388092 kB
Mem:          3.8G       3.7G       118M       5.7M        29M       3.2G

MemTotal:        4016004 kB
MemFree:          127232 kB
Active:           388068 kB
Mem:          3.8G       3.7G       123M       5.7M        29M       3.2G

MemTotal:        4016004 kB
MemFree:          129424 kB
Active:           388120 kB
Mem:          3.8G       3.7G       126M       5.7M        29M       3.2G

MemTotal:        4016004 kB
MemFree:          126020 kB
Active:           388124 kB
Mem:          3.8G       3.7G       123M       5.7M        29M       3.2G

MemTotal:        4016004 kB
MemFree:          134940 kB
Active:           388136 kB
Mem:          3.8G       3.7G       131M       5.7M        29M       3.2G

MemTotal:        4016004 kB
MemFree:          127088 kB
Active:           388136 kB
Mem:          3.8G       3.7G       123M       5.7M        29M       3.2G

MemTotal:        4016004 kB
MemFree:          114172 kB
Active:           388136 kB
Mem:          3.8G       3.7G       111M       5.7M        29M       3.2G

MemTotal:        4016004 kB
MemFree:          136656 kB
Active:           387536 kB
Mem:          3.8G       3.7G       133M       5.7M        29M       3.2G

MemTotal:        4016004 kB
MemFree:          130960 kB
Active:           387408 kB
Mem:          3.8G       3.7G       127M       5.7M        29M       3.2G

MemTotal:        4016004 kB
MemFree:          110652 kB
Active:           387408 kB
Mem:          3.8G       3.7G       107M       5.7M        29M       3.2G

MemTotal:        4016004 kB
MemFree:          126412 kB
Active:           387408 kB
Mem:          3.8G       3.7G       123M       5.7M        29M       3.2G

MemTotal:        4016004 kB
MemFree:          123844 kB
Active:           387408 kB
Mem:          3.8G       3.7G       120M       5.7M        29M       3.2G

MemTotal:        4016004 kB
MemFree:          128204 kB
Active:           387416 kB
Mem:          3.8G       3.7G       124M       5.7M        29M       3.2G

MemTotal:        4016004 kB
MemFree:          113152 kB
Active:           387416 kB
Mem:          3.8G       3.7G       110M       5.7M        29M       3.2G

MemTotal:        4016004 kB
MemFree:          119536 kB
Active:           387380 kB
Mem:          3.8G       3.7G       116M       5.7M        29M       3.2G

MemTotal:        4016004 kB
MemFree:          125928 kB
Active:           387376 kB
Mem:          3.8G       3.7G       122M       5.7M        29M       3.2G

MemTotal:        4016004 kB
MemFree:          117108 kB
Active:           387420 kB
Mem:          3.8G       3.7G       114M       5.7M        29M       3.2G

MemTotal:        4016004 kB
MemFree:          107320 kB
Active:           375452 kB
Mem:          3.8G       3.7G       104M       5.7M        29M       3.2G

MemTotal:        4016004 kB
MemFree:          124940 kB
Active:           375212 kB
Mem:          3.8G       3.7G       121M       5.7M        29M       3.2G

MemTotal:        4016004 kB
MemFree:          111192 kB
Active:           375360 kB
Mem:          3.8G       3.7G       108M       5.7M        29M       3.2G

MemTotal:        4016004 kB
MemFree:          125864 kB
Active:           375368 kB
Mem:          3.8G       3.7G       125M       5.7M        29M       3.2G

MemTotal:        4016004 kB
MemFree:          122316 kB
Active:           375304 kB
Mem:          3.8G       3.7G       119M       5.7M        29M       3.2G

MemTotal:        4016004 kB
MemFree:          126480 kB
Active:           375140 kB
Mem:          3.8G       3.7G       123M       5.7M        29M       3.2G

MemTotal:        4016004 kB
MemFree:          121732 kB
Active:           375008 kB
Mem:          3.8G       3.7G       118M       5.7M        29M       3.2G

MemTotal:        4016004 kB
MemFree:          122292 kB
Active:           374872 kB
Mem:          3.8G       3.7G       119M       5.7M        29M       3.2G

MemTotal:        4016004 kB
MemFree:          104864 kB
Active:           374900 kB
Mem:          3.8G       3.7G       102M       5.7M        29M       3.2G

MemTotal:        4016004 kB
MemFree:          128348 kB
Active:           375044 kB
Mem:          3.8G       3.7G       125M       5.7M        29M       3.2G

MemTotal:        4016004 kB
MemFree:          115328 kB
Active:           375012 kB
Mem:          3.8G       3.7G       112M       5.7M        29M       3.2G

MemTotal:        4016004 kB
MemFree:          125060 kB
Active:           371844 kB
Mem:          3.8G       3.7G       131M       5.7M        29M       3.2G

MemTotal:        4016004 kB
MemFree:          121592 kB
Active:           371796 kB
Mem:          3.8G       3.7G       118M       5.7M        29M       3.2G

MemTotal:        4016004 kB
MemFree:          109144 kB
Active:           371848 kB
Mem:          3.8G       3.7G       106M       5.7M        29M       3.2G

MemTotal:        4016004 kB
MemFree:          124920 kB
Active:           371920 kB
Mem:          3.8G       3.7G       122M       5.7M        29M       3.2G

MemTotal:        4016004 kB
MemFree:          122592 kB
Active:           371764 kB
Mem:          3.8G       3.7G       119M       5.7M        29M       3.2G

MemTotal:        4016004 kB
MemFree:          108716 kB
Active:           371784 kB
Mem:          3.8G       3.7G       105M       5.7M        29M       3.2G

MemTotal:        4016004 kB
MemFree:          125272 kB
Active:           371804 kB
Mem:          3.8G       3.7G       121M       5.7M        29M       3.2G

MemTotal:        4016004 kB
MemFree:          124036 kB
Active:           371948 kB
Mem:          3.8G       3.7G       121M       5.7M        29M       3.2G

MemTotal:        4016004 kB
MemFree:          137088 kB
Active:           371804 kB
Mem:          3.8G       3.7G       133M       5.7M        29M       3.2G

MemTotal:        4016004 kB
MemFree:          135196 kB
Active:           371816 kB
Mem:          3.8G       3.7G       132M       5.7M        29M       3.2G

MemTotal:        4016004 kB
MemFree:          127956 kB
Active:           371836 kB
Mem:          3.8G       3.7G       124M       5.7M        29M       3.2G

MemTotal:        4016004 kB
MemFree:          121524 kB
Active:           372000 kB
Mem:          3.8G       3.7G       118M       5.7M        29M       3.2G

MemTotal:        4016004 kB
MemFree:          108340 kB
Active:           371872 kB
Mem:          3.8G       3.7G       105M       5.7M        29M       3.2G

MemTotal:        4016004 kB
MemFree:          129248 kB
Active:           368760 kB
Mem:          3.8G       3.7G       125M       5.7M        29M       3.2G

MemTotal:        4016004 kB
MemFree:          121760 kB
Active:           368844 kB
Mem:          3.8G       3.7G       118M       5.7M        29M       3.2G

MemTotal:        4016004 kB
MemFree:          125648 kB
Active:           368736 kB
Mem:          3.8G       3.7G       121M       5.7M        29M       3.2G

MemTotal:        4016004 kB
MemFree:          110532 kB
Active:           368712 kB
Mem:          3.8G       3.7G       107M       5.7M        29M       3.2G

MemTotal:        4016004 kB
MemFree:          126912 kB
Active:           368776 kB
Mem:          3.8G       3.7G       123M       5.7M        29M       3.2G

MemTotal:        4016004 kB
MemFree:          124956 kB
Active:           368776 kB
Mem:          3.8G       3.7G       121M       5.7M        29M       3.2G

MemTotal:        4016004 kB
MemFree:          106812 kB
Active:           368776 kB
Mem:          3.8G       3.7G       104M       5.7M        29M       3.2G

MemTotal:        4016004 kB
MemFree:          128160 kB
Active:           368776 kB
Mem:          3.8G       3.7G       124M       5.7M        29M       3.2G

MemTotal:        4016004 kB
MemFree:          120440 kB
Active:           368776 kB
Mem:          3.8G       3.7G       117M       5.7M        29M       3.2G

MemTotal:        4016004 kB
MemFree:          108516 kB
Active:           368784 kB
Mem:          3.8G       3.7G       105M       5.7M        29M       3.2G

MemTotal:        4016004 kB
MemFree:          110696 kB
Active:           368800 kB
Mem:          3.8G       3.7G       107M       5.7M        29M       3.2G

MemTotal:        4016004 kB
MemFree:          126724 kB
Active:           368800 kB
Mem:          3.8G       3.7G       123M       5.7M        29M       3.2G

MemTotal:        4016004 kB
MemFree:          128060 kB
Active:           366724 kB
Mem:          3.8G       3.7G       124M       5.7M        29M       3.2G

MemTotal:        4016004 kB
MemFree:          123052 kB
Active:           366724 kB
Mem:          3.8G       3.7G       119M       5.7M        29M       3.2G

MemTotal:        4016004 kB
MemFree:          105844 kB
Active:           366736 kB
Mem:          3.8G       3.7G       103M       5.7M        29M       3.2G

MemTotal:        4016004 kB
MemFree:          129912 kB
Active:           366740 kB
Mem:          3.8G       3.7G       126M       5.7M        29M       3.2G

MemTotal:        4016004 kB
MemFree:          120640 kB
Active:           366744 kB
Mem:          3.8G       3.7G       117M       5.7M        29M       3.2G

MemTotal:        4016004 kB
MemFree:          122816 kB
Active:           366776 kB
Mem:          3.8G       3.7G       118M       5.7M        29M       3.2G

MemTotal:        4016004 kB
MemFree:          107532 kB
Active:           366776 kB
Mem:          3.8G       3.7G       104M       5.7M        29M       3.2G

MemTotal:        4016004 kB
MemFree:          125232 kB
Active:           366796 kB
Mem:          3.8G       3.7G       122M       5.7M        29M       3.2G

MemTotal:        4016004 kB
MemFree:          127264 kB
Active:           366796 kB
Mem:          3.8G       3.7G       124M       5.7M        29M       3.2G

MemTotal:        4016004 kB
MemFree:          119576 kB
Active:           368192 kB
Mem:          3.8G       3.7G       116M       5.7M        29M       3.2G

MemTotal:        4016004 kB
MemFree:          127496 kB
Active:           367936 kB
Mem:          3.8G       3.7G       124M       5.7M        29M       3.2G

MemTotal:        4016004 kB
MemFree:          125964 kB
Active:           367940 kB
Mem:          3.8G       3.7G       123M       5.7M        29M       3.2G

MemTotal:        4016004 kB
MemFree:          112944 kB
Active:           367940 kB
Mem:          3.8G       3.7G       109M       5.7M        29M       3.2G

MemTotal:        4016004 kB
MemFree:          105392 kB
Active:           367944 kB
Mem:          3.8G       3.7G       102M       5.7M        29M       3.2G

MemTotal:        4016004 kB
MemFree:          127368 kB
Active:           367816 kB
Mem:          3.8G       3.7G       124M       5.7M        29M       3.2G

MemTotal:        4016004 kB
MemFree:          115616 kB
Active:           363436 kB
Mem:          3.8G       3.7G       112M       5.7M        29M       3.2G

MemTotal:        4016004 kB
MemFree:          126944 kB
Active:           363444 kB
Mem:          3.8G       3.7G       122M       5.7M        29M       3.2G

MemTotal:        4016004 kB
MemFree:          123000 kB
Active:           363444 kB
Mem:          3.8G       3.7G       119M       5.7M        29M       3.2G

MemTotal:        4016004 kB
MemFree:          109052 kB
Active:           363444 kB
Mem:          3.8G       3.7G       105M       5.7M        29M       3.2G

MemTotal:        4016004 kB
MemFree:          128596 kB
Active:           363420 kB
Mem:          3.8G       3.7G       125M       5.7M        29M       3.2G

MemTotal:        4016004 kB
MemFree:          125456 kB
Active:           363460 kB
Mem:          3.8G       3.7G       122M       5.7M        29M       3.2G

MemTotal:        4016004 kB
MemFree:          130728 kB
Active:           363476 kB
Mem:          3.8G       3.7G       127M       5.7M        29M       3.2G

MemTotal:        4016004 kB
MemFree:          117864 kB
Active:           363424 kB
Mem:          3.8G       3.7G       114M       5.7M        29M       3.2G

MemTotal:        4016004 kB
MemFree:          109404 kB
Active:           363480 kB
Mem:          3.8G       3.7G       106M       5.7M        29M       3.2G

MemTotal:        4016004 kB
MemFree:          126296 kB
Active:           363484 kB
Mem:          3.8G       3.7G       123M       5.7M        29M       3.2G

MemTotal:        4016004 kB
MemFree:          105492 kB
Active:           363484 kB
Mem:          3.8G       3.7G       103M       5.7M        29M       3.2G

MemTotal:        4016004 kB
MemFree:          109860 kB
Active:           363484 kB
Mem:          3.8G       3.7G       106M       5.7M        29M       3.2G

MemTotal:        4016004 kB
MemFree:          113840 kB
Active:           363492 kB
Mem:          3.8G       3.7G       110M       5.7M        29M       3.2G

MemTotal:        4016004 kB
MemFree:          122920 kB
Active:           363492 kB
Mem:          3.8G       3.7G       119M       5.7M        29M       3.2G

MemTotal:        4016004 kB
MemFree:          119360 kB
Active:           363192 kB
Mem:          3.8G       3.7G       116M       5.7M        29M       3.2G

MemTotal:        4016004 kB
MemFree:          119128 kB
Active:           363192 kB
Mem:          3.8G       3.7G       116M       5.7M        29M       3.2G

MemTotal:        4016004 kB
MemFree:          119376 kB
Active:           363144 kB
Mem:          3.8G       3.7G       116M       5.7M        29M       3.2G

MemTotal:        4016004 kB
MemFree:          119252 kB
Active:           363160 kB
Mem:          3.8G       3.7G       116M       5.7M        29M       3.2G

MemTotal:        4016004 kB
MemFree:          118880 kB
Active:           363204 kB
Mem:          3.8G       3.7G       116M       5.7M        29M       3.2G

MemTotal:        4016004 kB
MemFree:          118520 kB
Active:           363204 kB
Mem:          3.8G       3.7G       115M       5.7M        29M       3.2G

MemTotal:        4016004 kB
MemFree:          118728 kB
Active:           363204 kB
Mem:          3.8G       3.7G       115M       5.7M        29M       3.2G

MemTotal:        4016004 kB
MemFree:          118732 kB
Active:           363164 kB
Mem:          3.8G       3.7G       115M       5.7M        29M       3.2G

MemTotal:        4016004 kB
MemFree:          119048 kB
Active:           363168 kB
Mem:          3.8G       3.7G       116M       5.7M        29M       3.2G

MemTotal:        4016004 kB
MemFree:          118552 kB
Active:           363216 kB
Mem:          3.8G       3.7G       115M       5.7M        29M       3.2G

MemTotal:        4016004 kB
MemFree:          119048 kB
Active:           363172 kB
Mem:          3.8G       3.7G       116M       5.7M        29M       3.2G

MemTotal:        4016004 kB
MemFree:          119048 kB
Active:           363172 kB
Mem:          3.8G       3.7G       116M       5.7M        29M       3.2G

MemTotal:        4016004 kB
MemFree:          118924 kB
Active:           363204 kB
Mem:          3.8G       3.7G       116M       5.7M        29M       3.2G

MemTotal:        4016004 kB
MemFree:          118552 kB
Active:           363224 kB
Mem:          3.8G       3.7G       115M       5.7M        29M       3.2G

MemTotal:        4016004 kB
MemFree:          118924 kB
Active:           363204 kB
Mem:          3.8G       3.7G       116M       5.7M        29M       3.2G

MemTotal:        4016004 kB
MemFree:          118924 kB
Active:           363204 kB
Mem:          3.8G       3.7G       116M       5.7M        29M       3.2G

MemTotal:        4016004 kB
MemFree:          118924 kB
Active:           363200 kB
Mem:          3.8G       3.7G       116M       5.7M        29M       3.2G

MemTotal:        4016004 kB
MemFree:          118924 kB
Active:           363188 kB
Mem:          3.8G       3.7G       116M       5.7M        29M       3.2G

MemTotal:        4016004 kB
MemFree:          118924 kB
Active:           363168 kB
Mem:          3.8G       3.7G       116M       5.7M        29M       3.2G

MemTotal:        4016004 kB
MemFree:          119048 kB
Active:           363208 kB
Mem:          3.8G       3.7G       116M       5.7M        29M       3.2G

MemTotal:        4016004 kB
MemFree:          116504 kB
Active:           363204 kB
Mem:          3.8G       3.7G       114M       5.7M        29M       3.2G

MemTotal:        4016004 kB
MemFree:          117000 kB
Active:           365224 kB
Mem:          3.8G       3.7G       114M       5.7M        29M       3.2G

MemTotal:        4016004 kB
MemFree:          116504 kB
Active:           365252 kB
Mem:          3.8G       3.7G       113M       5.7M        29M       3.2G

MemTotal:        4016004 kB
MemFree:          116876 kB
Active:           365248 kB
Mem:          3.8G       3.7G       114M       5.7M        29M       3.2G

MemTotal:        4016004 kB
MemFree:          117000 kB
Active:           365212 kB
Mem:          3.8G       3.7G       114M       5.7M        29M       3.2G

MemTotal:        4016004 kB
MemFree:          117000 kB
Active:           365248 kB
Mem:          3.8G       3.7G       114M       5.7M        29M       3.2G

MemTotal:        4016004 kB
MemFree:          116628 kB
Active:           365268 kB
Mem:          3.8G       3.7G       113M       5.7M        29M       3.2G

MemTotal:        4016004 kB
MemFree:          116504 kB
Active:           365268 kB
Mem:          3.8G       3.7G       114M       5.7M        29M       3.2G

MemTotal:        4016004 kB
MemFree:          116876 kB
Active:           365256 kB
Mem:          3.8G       3.7G       114M       5.7M        29M       3.2G

MemTotal:        4016004 kB
MemFree:          116876 kB
Active:           365252 kB
Mem:          3.8G       3.7G       113M       5.7M        29M       3.2G

MemTotal:        4016004 kB
MemFree:          116504 kB
Active:           365276 kB
Mem:          3.8G       3.7G       113M       5.7M        29M       3.2G

MemTotal:        4016004 kB
MemFree:          117000 kB
Active:           365264 kB
Mem:          3.8G       3.7G       114M       5.7M        29M       3.2G

MemTotal:        4016004 kB
MemFree:          117000 kB
Active:           365248 kB
Mem:          3.8G       3.7G       114M       5.7M        29M       3.2G

MemTotal:        4016004 kB
MemFree:          117000 kB
Active:           365256 kB
Mem:          3.8G       3.7G       114M       5.7M        29M       3.2G

MemTotal:        4016004 kB
MemFree:          116504 kB
Active:           365284 kB
Mem:          3.8G       3.7G       113M       5.7M        29M       3.2G

MemTotal:        4016004 kB
MemFree:          116504 kB
Active:           365284 kB
Mem:          3.8G       3.7G       113M       5.7M        29M       3.2G

MemTotal:        4016004 kB
MemFree:          116876 kB
Active:           365272 kB
Mem:          3.8G       3.7G       114M       5.7M        29M       3.2G

MemTotal:        4016004 kB
MemFree:          116752 kB
Active:           365268 kB
Mem:          3.8G       3.7G       114M       5.7M        29M       3.2G

MemTotal:        4016004 kB
MemFree:          116752 kB
Active:           365248 kB
Mem:          3.8G       3.7G       114M       5.7M        29M       3.2G

MemTotal:        4016004 kB
MemFree:          116876 kB
Active:           365240 kB
Mem:          3.8G       3.7G       114M       5.7M        29M       3.2G

MemTotal:        4016004 kB
MemFree:          116504 kB
Active:           365292 kB
Mem:          3.8G       3.7G       113M       5.7M        29M       3.2G

MemTotal:        4016004 kB
MemFree:          116752 kB
Active:           365240 kB
Mem:          3.8G       3.7G       114M       5.7M        29M       3.2G

MemTotal:        4016004 kB
MemFree:          116876 kB
Active:           365280 kB
Mem:          3.8G       3.7G       113M       5.7M        29M       3.2G

MemTotal:        4016004 kB
MemFree:          116380 kB
Active:           365292 kB
Mem:          3.8G       3.7G       113M       5.7M        29M       3.2G

MemTotal:        4016004 kB
MemFree:          116380 kB
Active:           365296 kB
Mem:          3.8G       3.7G       113M       5.7M        29M       3.2G

MemTotal:        4016004 kB
MemFree:          116380 kB
Active:           365300 kB
Mem:          3.8G       3.7G       113M       5.7M        29M       3.2G

MemTotal:        4016004 kB
MemFree:          116876 kB
Active:           365256 kB
Mem:          3.8G       3.7G       114M       5.7M        29M       3.2G

MemTotal:        4016004 kB
MemFree:          116380 kB
Active:           365300 kB
Mem:          3.8G       3.7G       113M       5.7M        29M       3.2G

MemTotal:        4016004 kB
MemFree:          116876 kB
Active:           365296 kB
Mem:          3.8G       3.7G       114M       5.7M        29M       3.2G

MemTotal:        4016004 kB
MemFree:          116752 kB
Active:           365252 kB
Mem:          3.8G       3.7G       114M       5.7M        29M       3.2G

MemTotal:        4016004 kB
MemFree:          116316 kB
Active:           363316 kB
Mem:          3.8G       3.7G       113M       5.7M        29M       3.2G

MemTotal:        4016004 kB
MemFree:          116316 kB
Active:           365404 kB
Mem:          3.8G       3.7G       113M       5.7M        29M       3.2G

MemTotal:        4016004 kB
MemFree:          116564 kB
Active:           365372 kB
Mem:          3.8G       3.7G       113M       5.7M        29M       3.2G

MemTotal:        4016004 kB
MemFree:          116688 kB
Active:           365372 kB
Mem:          3.8G       3.7G       113M       5.7M        29M       3.2G

MemTotal:        4016004 kB
MemFree:          116812 kB
Active:           365388 kB
Mem:          3.8G       3.7G       113M       5.7M        29M       3.2G

MemTotal:        4016004 kB
MemFree:          116688 kB
Active:           365400 kB
Mem:          3.8G       3.7G       113M       5.7M        29M       3.2G

MemTotal:        4016004 kB
MemFree:          116688 kB
Active:           365380 kB
Mem:          3.8G       3.7G       113M       5.7M        29M       3.2G

MemTotal:        4016004 kB
MemFree:          116316 kB
Active:           365404 kB
Mem:          3.8G       3.7G       113M       5.7M        29M       3.2G

MemTotal:        4016004 kB
MemFree:          116688 kB
Active:           365400 kB
Mem:          3.8G       3.7G       113M       5.7M        29M       3.2G

MemTotal:        4016004 kB
MemFree:          116812 kB
Active:           365396 kB
Mem:          3.8G       3.7G       114M       5.7M        29M       3.2G

MemTotal:        4016004 kB
MemFree:          117184 kB
Active:           365356 kB
Mem:          3.8G       3.7G       114M       5.7M        29M       3.2G

MemTotal:        4016004 kB
MemFree:          116812 kB
Active:           365416 kB
Mem:          3.8G       3.7G       114M       5.7M        29M       3.2G

MemTotal:        4016004 kB
MemFree:          116812 kB
Active:           365416 kB
Mem:          3.8G       3.7G       114M       5.7M        29M       3.2G

MemTotal:        4016004 kB
MemFree:          117432 kB
Active:           365360 kB
Mem:          3.8G       3.7G       114M       5.7M        29M       3.2G

MemTotal:        4016004 kB
MemFree:          116936 kB
Active:           365416 kB
Mem:          3.8G       3.7G       114M       5.7M        29M       3.2G

MemTotal:        4016004 kB
MemFree:          117308 kB
Active:           365368 kB
Mem:          3.8G       3.7G       114M       5.7M        29M       3.2G

MemTotal:        4016004 kB
MemFree:          117556 kB
Active:           365380 kB
Mem:          3.8G       3.7G       114M       5.7M        29M       3.2G

MemTotal:        4016004 kB
MemFree:          117680 kB
Active:           365376 kB
Mem:          3.8G       3.7G       114M       5.7M        29M       3.2G

MemTotal:        4016004 kB
MemFree:          116936 kB
Active:           365424 kB
Mem:          3.8G       3.7G       114M       5.7M        29M       3.2G

MemTotal:        4016004 kB
MemFree:          116564 kB
Active:           365376 kB
Mem:          3.8G       3.7G       113M       5.7M        29M       3.2G

MemTotal:        4016004 kB
MemFree:          116688 kB
Active:           365380 kB
Mem:          3.8G       3.7G       113M       5.7M        29M       3.2G

MemTotal:        4016004 kB
MemFree:          116688 kB
Active:           365372 kB
Mem:          3.8G       3.7G       113M       5.7M        29M       3.2G

MemTotal:        4016004 kB
MemFree:          116688 kB
Active:           365396 kB
Mem:          3.8G       3.7G       113M       5.7M        29M       3.2G

MemTotal:        4016004 kB
MemFree:          116316 kB
Active:           365440 kB
Mem:          3.8G       3.7G       113M       5.7M        29M       3.2G

MemTotal:        4016004 kB
MemFree:          116564 kB
Active:           365440 kB
Mem:          3.8G       3.7G       113M       5.7M        29M       3.2G

MemTotal:        4016004 kB
MemFree:          116564 kB
Active:           365440 kB
Mem:          3.8G       3.7G       113M       5.7M        29M       3.2G

MemTotal:        4016004 kB
MemFree:          116192 kB
Active:           365392 kB
Mem:          3.8G       3.7G       113M       5.7M        29M       3.2G

MemTotal:        4016004 kB
MemFree:          116316 kB
Active:           365388 kB
Mem:          3.8G       3.7G       113M       5.7M        29M       3.2G

MemTotal:        4016004 kB
MemFree:          115944 kB
Active:           365444 kB
Mem:          3.8G       3.7G       113M       5.7M        29M       3.2G

MemTotal:        4016004 kB
MemFree:          116192 kB
Active:           365448 kB
Mem:          3.8G       3.7G       113M       5.7M        29M       3.2G

MemTotal:        4016004 kB
MemFree:          116316 kB
Active:           365444 kB
Mem:          3.8G       3.7G       113M       5.7M        29M       3.2G

MemTotal:        4016004 kB
MemFree:          116316 kB
Active:           365400 kB
Mem:          3.8G       3.7G       113M       5.7M        29M       3.2G

MemTotal:        4016004 kB
MemFree:          116068 kB
Active:           365452 kB
Mem:          3.8G       3.7G       113M       5.7M        29M       3.2G

MemTotal:        4016004 kB
MemFree:          116068 kB
Active:           365432 kB
Mem:          3.8G       3.7G       113M       5.7M        29M       3.2G

MemTotal:        4016004 kB
MemFree:          116192 kB
Active:           365440 kB
Mem:          3.8G       3.7G       113M       5.7M        29M       3.2G

MemTotal:        4016004 kB
MemFree:          115820 kB
Active:           365468 kB
Mem:          3.8G       3.7G       113M       5.7M        29M       3.2G

MemTotal:        4016004 kB
MemFree:          116192 kB
Active:           365432 kB
Mem:          3.8G       3.7G       113M       5.7M        29M       3.2G

MemTotal:        4016004 kB
MemFree:          116316 kB
Active:           365424 kB
Mem:          3.8G       3.7G       113M       5.7M        29M       3.2G

MemTotal:        4016004 kB
MemFree:          115820 kB
Active:           365476 kB
Mem:          3.8G       3.7G       113M       5.7M        29M       3.2G

MemTotal:        4016004 kB
MemFree:          116068 kB
Active:           365464 kB
Mem:          3.8G       3.7G       113M       5.7M        29M       3.2G

MemTotal:        4016004 kB
MemFree:          116068 kB
Active:           365448 kB
Mem:          3.8G       3.7G       113M       5.7M        29M       3.2G

MemTotal:        4016004 kB
MemFree:          116068 kB
Active:           365448 kB
Mem:          3.8G       3.7G       113M       5.7M        29M       3.2G

MemTotal:        4016004 kB
MemFree:          115944 kB
Active:           365448 kB
Mem:          3.8G       3.7G       113M       5.7M        29M       3.2G

MemTotal:        4016004 kB
MemFree:          115944 kB
Active:           365448 kB
Mem:          3.8G       3.7G       113M       5.7M        29M       3.2G

MemTotal:        4016004 kB
MemFree:          115944 kB
Active:           365444 kB
Mem:          3.8G       3.7G       113M       5.7M        29M       3.2G

MemTotal:        4016004 kB
MemFree:          115572 kB
Active:           365496 kB
Mem:          3.8G       3.7G       112M       5.7M        29M       3.2G

MemTotal:        4016004 kB
MemFree:          116068 kB
Active:           365448 kB
Mem:          3.8G       3.7G       113M       5.7M        29M       3.2G

MemTotal:        4016004 kB
MemFree:          116068 kB
Active:           365488 kB
Mem:          3.8G       3.7G       113M       5.7M        29M       3.2G

MemTotal:        4016004 kB
MemFree:          116068 kB
Active:           365472 kB
Mem:          3.8G       3.7G       113M       5.7M        29M       3.2G

MemTotal:        4016004 kB
MemFree:          116068 kB
Active:           365468 kB
Mem:          3.8G       3.7G       113M       5.7M        29M       3.2G

MemTotal:        4016004 kB
MemFree:          115572 kB
Active:           365496 kB
Mem:          3.8G       3.7G       113M       5.7M        29M       3.2G

MemTotal:        4016004 kB
MemFree:          116068 kB
Active:           365460 kB
Mem:          3.8G       3.7G       113M       5.7M        29M       3.2G

MemTotal:        4016004 kB
MemFree:          116068 kB
Active:           365460 kB
Mem:          3.8G       3.7G       113M       5.7M        29M       3.2G

MemTotal:        4016004 kB
MemFree:          115572 kB
Active:           365508 kB
Mem:          3.8G       3.7G       112M       5.7M        29M       3.2G

MemTotal:        4016004 kB
MemFree:          115820 kB
Active:           365500 kB
Mem:          3.8G       3.7G       113M       5.7M        29M       3.2G

MemTotal:        4016004 kB
MemFree:          115944 kB
Active:           365504 kB
Mem:          3.8G       3.7G       113M       5.7M        29M       3.2G

MemTotal:        4016004 kB
MemFree:          115572 kB
Active:           365540 kB
Mem:          3.8G       3.7G       112M       5.7M        29M       3.2G

MemTotal:        4016004 kB
MemFree:          115804 kB
Active:           365552 kB
Mem:          3.8G       3.7G       112M       5.7M        29M       3.2G

MemTotal:        4016004 kB
MemFree:          115804 kB
Active:           365560 kB
Mem:          3.8G       3.7G       113M       5.7M        29M       3.2G

MemTotal:        4016004 kB
MemFree:          115928 kB
Active:           365556 kB
Mem:          3.8G       3.7G       112M       5.7M        29M       3.2G

MemTotal:        4016004 kB
MemFree:          115812 kB
Active:           365520 kB
Mem:          3.8G       3.7G       112M       5.7M        29M       3.2G

MemTotal:        4016004 kB
MemFree:          115812 kB
Active:           365520 kB
Mem:          3.8G       3.7G       113M       5.7M        29M       3.2G

MemTotal:        4016004 kB
MemFree:          115812 kB
Active:           365528 kB
Mem:          3.8G       3.7G       113M       5.7M        29M       3.2G

MemTotal:        4016004 kB
MemFree:          115936 kB
Active:           365544 kB
Mem:          3.8G       3.7G       113M       5.7M        29M       3.2G

MemTotal:        4016004 kB
MemFree:          115936 kB
Active:           365548 kB
Mem:          3.8G       3.7G       113M       5.7M        29M       3.2G

MemTotal:        4016004 kB
MemFree:          115936 kB
Active:           365548 kB
Mem:          3.8G       3.7G       113M       5.7M        29M       3.2G

MemTotal:        4016004 kB
MemFree:          115812 kB
Active:           365576 kB
Mem:          3.8G       3.7G       112M       5.7M        29M       3.2G

MemTotal:        4016004 kB
MemFree:          115812 kB
Active:           365564 kB
Mem:          3.8G       3.7G       113M       5.7M        29M       3.2G

MemTotal:        4016004 kB
MemFree:          115936 kB
Active:           365520 kB
Mem:          3.8G       3.7G       113M       5.7M        29M       3.2G

MemTotal:        4016004 kB
MemFree:          115936 kB
Active:           365540 kB
Mem:          3.8G       3.7G       112M       5.7M        29M       3.2G

MemTotal:        4016004 kB
MemFree:          115440 kB
Active:           365580 kB
Mem:          3.8G       3.7G       112M       5.7M        29M       3.2G

MemTotal:        4016004 kB
MemFree:          115812 kB
Active:           365580 kB
Mem:          3.8G       3.7G       112M       5.7M        29M       3.2G

MemTotal:        4016004 kB
MemFree:          115812 kB
Active:           365584 kB
Mem:          3.8G       3.7G       113M       5.7M        29M       3.2G

MemTotal:        4016004 kB
MemFree:          115828 kB
Active:           365536 kB
Mem:          3.8G       3.7G       113M       5.7M        29M       3.2G

MemTotal:        4016004 kB
MemFree:          115828 kB
Active:           365524 kB
Mem:          3.8G       3.7G       113M       5.7M        29M       3.2G

MemTotal:        4016004 kB
MemFree:          115704 kB
Active:           365524 kB
Mem:          3.8G       3.7G       113M       5.7M        29M       3.2G

MemTotal:        4016004 kB
MemFree:          115952 kB
Active:           365540 kB
Mem:          3.8G       3.7G       113M       5.7M        29M       3.2G

MemTotal:        4016004 kB
MemFree:          115952 kB
Active:           365580 kB
Mem:          3.8G       3.7G       113M       5.7M        29M       3.2G

MemTotal:        4016004 kB
MemFree:          115828 kB
Active:           365552 kB
Mem:          3.8G       3.7G       113M       5.7M        29M       3.2G

MemTotal:        4016004 kB
MemFree:          115844 kB
Active:           365560 kB
Mem:          3.8G       3.7G       112M       5.7M        29M       3.2G

MemTotal:        4016004 kB
MemFree:          115720 kB
Active:           365544 kB
Mem:          3.8G       3.7G       113M       5.7M        29M       3.2G

MemTotal:        4016004 kB
MemFree:          115348 kB
Active:           365596 kB
Mem:          3.8G       3.7G       112M       5.7M        29M       3.2G

MemTotal:        4016004 kB
MemFree:          115844 kB
Active:           365600 kB
Mem:          3.8G       3.7G       113M       5.7M        29M       3.2G

MemTotal:        4016004 kB
MemFree:          115472 kB
Active:           365604 kB
Mem:          3.8G       3.7G       113M       5.7M        29M       3.2G

MemTotal:        4016004 kB
MemFree:          115844 kB
Active:           365548 kB
Mem:          3.8G       3.7G       113M       5.7M        29M       3.2G

MemTotal:        4016004 kB
MemFree:          115844 kB
Active:           365600 kB
Mem:          3.8G       3.7G       113M       5.7M        29M       3.2G

MemTotal:        4016004 kB
MemFree:          115828 kB
Active:           365584 kB
Mem:          3.8G       3.7G       113M       5.7M        29M       3.2G

MemTotal:        4016004 kB
MemFree:          115456 kB
Active:           365612 kB
Mem:          3.8G       3.7G       112M       5.7M        29M       3.2G

MemTotal:        4016004 kB
MemFree:          115828 kB
Active:           365620 kB
Mem:          3.8G       3.7G       113M       5.7M        29M       3.2G

MemTotal:        4016004 kB
MemFree:          116076 kB
Active:           365608 kB
Mem:          3.8G       3.7G       113M       5.7M        29M       3.2G

MemTotal:        4016004 kB
MemFree:          116076 kB
Active:           365608 kB
Mem:          3.8G       3.7G       113M       5.7M        29M       3.2G

MemTotal:        4016004 kB
MemFree:          115704 kB
Active:           365624 kB
Mem:          3.8G       3.7G       112M       5.7M        29M       3.2G

MemTotal:        4016004 kB
MemFree:          115704 kB
Active:           365628 kB
Mem:          3.8G       3.7G       113M       5.7M        29M       3.2G

MemTotal:        4016004 kB
MemFree:          116200 kB
Active:           365616 kB
Mem:          3.8G       3.7G       113M       5.7M        29M       3.2G

MemTotal:        4016004 kB
MemFree:          116200 kB
Active:           365600 kB
Mem:          3.8G       3.7G       113M       5.7M        29M       3.2G

MemTotal:        4016004 kB
MemFree:          115828 kB
Active:           365628 kB
Mem:          3.8G       3.7G       113M       5.7M        29M       3.2G

MemTotal:        4016004 kB
MemFree:          115952 kB
Active:           365592 kB
Mem:          3.8G       3.7G       112M       5.7M        29M       3.2G

MemTotal:        4016004 kB
MemFree:          116076 kB
Active:           365636 kB
Mem:          3.8G       3.7G       113M       5.7M        29M       3.2G

MemTotal:        4016004 kB
MemFree:          115704 kB
Active:           365640 kB
Mem:          3.8G       3.7G       112M       5.7M        29M       3.2G

MemTotal:        4016004 kB
MemFree:          115952 kB
Active:           365636 kB
Mem:          3.8G       3.7G       113M       5.7M        29M       3.2G

MemTotal:        4016004 kB
MemFree:          116076 kB
Active:           365632 kB
Mem:          3.8G       3.7G       113M       5.7M        29M       3.2G

MemTotal:        4016004 kB
MemFree:          115580 kB
Active:           365644 kB
Mem:          3.8G       3.7G       113M       5.7M        29M       3.2G

MemTotal:        4016004 kB
MemFree:          115952 kB
Active:           365628 kB
Mem:          3.8G       3.7G       113M       5.7M        29M       3.2G

MemTotal:        4016004 kB
MemFree:          115952 kB
Active:           365620 kB
Mem:          3.8G       3.7G       113M       5.7M        29M       3.2G

MemTotal:        4016004 kB
MemFree:          115704 kB
Active:           365652 kB
Mem:          3.8G       3.7G       113M       5.7M        29M       3.2G

MemTotal:        4016004 kB
MemFree:          116076 kB
Active:           365608 kB
Mem:          3.8G       3.7G       113M       5.7M        29M       3.2G

MemTotal:        4016004 kB
MemFree:          116200 kB
Active:           365616 kB
Mem:          3.8G       3.7G       113M       5.7M        29M       3.2G

MemTotal:        4016004 kB
MemFree:          116200 kB
Active:           365600 kB
Mem:          3.8G       3.7G       113M       5.7M        29M       3.2G

MemTotal:        4016004 kB
MemFree:          115456 kB
Active:           365656 kB
Mem:          3.8G       3.7G       113M       5.7M        29M       3.2G

MemTotal:        4016004 kB
MemFree:          115456 kB
Active:           365656 kB
Mem:          3.8G       3.7G       112M       5.7M        29M       3.2G

MemTotal:        4016004 kB
MemFree:          115952 kB
Active:           365652 kB
Mem:          3.8G       3.7G       113M       5.7M        29M       3.2G

MemTotal:        4016004 kB
MemFree:          115580 kB
Active:           365656 kB
Mem:          3.8G       3.7G       112M       5.7M        29M       3.2G

MemTotal:        4016004 kB
MemFree:          115580 kB
Active:           365664 kB
Mem:          3.8G       3.7G       112M       5.7M        29M       3.2G

MemTotal:        4016004 kB
MemFree:          115828 kB
Active:           365640 kB
Mem:          3.8G       3.7G       113M       5.7M        29M       3.2G

MemTotal:        4016004 kB
MemFree:          115456 kB
Active:           365664 kB
Mem:          3.8G       3.7G       112M       5.7M        29M       3.2G

MemTotal:        4016004 kB
MemFree:          115828 kB
Active:           365648 kB
Mem:          3.8G       3.7G       113M       5.7M        29M       3.2G

MemTotal:        4016004 kB
MemFree:          115332 kB
Active:           365664 kB
Mem:          3.8G       3.7G       112M       5.7M        29M       3.2G

MemTotal:        4016004 kB
MemFree:          115704 kB
Active:           365612 kB
Mem:          3.8G       3.7G       113M       5.7M        29M       3.2G

MemTotal:        4016004 kB
MemFree:          115952 kB
Active:           365628 kB
Mem:          3.8G       3.7G       113M       5.7M        29M       3.2G

MemTotal:        4016004 kB
MemFree:          115952 kB
Active:           365620 kB
Mem:          3.8G       3.7G       113M       5.7M        29M       3.2G

MemTotal:        4016004 kB
MemFree:          115952 kB
Active:           365612 kB
Mem:          3.8G       3.7G       113M       5.7M        29M       3.2G

MemTotal:        4016004 kB
MemFree:          116200 kB
Active:           365616 kB
Mem:          3.8G       3.7G       113M       5.7M        29M       3.2G

MemTotal:        4016004 kB
MemFree:          115704 kB
Active:           365680 kB
Mem:          3.8G       3.7G       112M       5.7M        29M       3.2G

MemTotal:        4016004 kB
MemFree:          115952 kB
Active:           365628 kB
Mem:          3.8G       3.7G       113M       5.7M        29M       3.2G

MemTotal:        4016004 kB
MemFree:          115952 kB
Active:           365668 kB
Mem:          3.8G       3.7G       113M       5.7M        29M       3.2G

MemTotal:        4016004 kB
MemFree:          115952 kB
Active:           365648 kB
Mem:          3.8G       3.7G       113M       5.7M        29M       3.2G

MemTotal:        4016004 kB
MemFree:          116076 kB
Active:           365636 kB
Mem:          3.8G       3.7G       113M       5.7M        29M       3.2G

MemTotal:        4016004 kB
MemFree:          115952 kB
Active:           365632 kB
Mem:          3.8G       3.7G       113M       5.7M        29M       3.2G

MemTotal:        4016004 kB
MemFree:          115580 kB
Active:           365688 kB
Mem:          3.8G       3.7G       112M       5.7M        29M       3.2G

MemTotal:        4016004 kB
MemFree:          115580 kB
Active:           365688 kB
Mem:          3.8G       3.7G       112M       5.7M        29M       3.2G

MemTotal:        4016004 kB
MemFree:          115704 kB
Active:           365644 kB
Mem:          3.8G       3.7G       112M       5.7M        29M       3.2G

MemTotal:        4016004 kB
MemFree:          115580 kB
Active:           365692 kB
Mem:          3.8G       3.7G       112M       5.7M        29M       3.2G

MemTotal:        4016004 kB
MemFree:          115828 kB
Active:           365652 kB
Mem:          3.8G       3.7G       113M       5.7M        29M       3.2G

MemTotal:        4016004 kB
MemFree:          115332 kB
Active:           365700 kB
Mem:          3.8G       3.7G       112M       5.7M        29M       3.2G

MemTotal:        4016004 kB
MemFree:          115704 kB
Active:           365664 kB
Mem:          3.8G       3.7G       113M       5.7M        29M       3.2G

MemTotal:        4016004 kB
MemFree:          115704 kB
Active:           365656 kB
Mem:          3.8G       3.7G       113M       5.7M        29M       3.2G

MemTotal:        4016004 kB
MemFree:          115828 kB
Active:           365684 kB
Mem:          3.8G       3.7G       113M       5.7M        29M       3.2G

MemTotal:        4016004 kB
MemFree:          115828 kB
Active:           365692 kB
Mem:          3.8G       3.7G       113M       5.7M        29M       3.2G

MemTotal:        4016004 kB
MemFree:          115704 kB
Active:           365652 kB
Mem:          3.8G       3.7G       112M       5.7M        29M       3.2G

MemTotal:        4016004 kB
MemFree:          115332 kB
Active:           365712 kB
Mem:          3.8G       3.7G       112M       5.7M        29M       3.2G

MemTotal:        4016004 kB
MemFree:          115580 kB
Active:           365704 kB
Mem:          3.8G       3.7G       112M       5.7M        29M       3.2G

MemTotal:        4016004 kB
MemFree:          115580 kB
Active:           365708 kB
Mem:          3.8G       3.7G       112M       5.7M        29M       3.2G

MemTotal:        4016004 kB
MemFree:          115580 kB
Active:           365696 kB
Mem:          3.8G       3.7G       112M       5.7M        29M       3.2G

MemTotal:        4016004 kB
MemFree:          115332 kB
Active:           365712 kB
Mem:          3.8G       3.7G       112M       5.7M        29M       3.2G

MemTotal:        4016004 kB
MemFree:          115580 kB
Active:           365700 kB
Mem:          3.8G       3.7G       112M       5.7M        29M       3.2G

MemTotal:        4016004 kB
MemFree:          115580 kB
Active:           365688 kB
Mem:          3.8G       3.7G       112M       5.7M        29M       3.2G

MemTotal:        4016004 kB
MemFree:          115704 kB
Active:           365664 kB
Mem:          3.8G       3.7G       112M       5.7M        29M       3.2G

MemTotal:        4016004 kB
MemFree:          115704 kB
Active:           365696 kB
Mem:          3.8G       3.7G       112M       5.7M        29M       3.2G

MemTotal:        4016004 kB
MemFree:          115704 kB
Active:           365712 kB
Mem:          3.8G       3.7G       112M       5.7M        29M       3.2G

MemTotal:        4016004 kB
MemFree:          115456 kB
Active:           365708 kB
Mem:          3.8G       3.7G       112M       5.7M        29M       3.2G

MemTotal:        4016004 kB
MemFree:          115456 kB
Active:           365680 kB
Mem:          3.8G       3.7G       112M       5.7M        29M       3.2G

MemTotal:        4016004 kB
MemFree:          115580 kB
Active:           365728 kB
Mem:          3.8G       3.7G       112M       5.7M        29M       3.2G

MemTotal:        4016004 kB
MemFree:          115828 kB
Active:           365708 kB
Mem:          3.8G       3.7G       113M       5.7M        29M       3.2G

MemTotal:        4016004 kB
MemFree:          115704 kB
Active:           365700 kB
Mem:          3.8G       3.7G       112M       5.7M        29M       3.2G

MemTotal:        4016004 kB
MemFree:          115704 kB
Active:           365680 kB
Mem:          3.8G       3.7G       113M       5.7M        29M       3.2G

MemTotal:        4016004 kB
MemFree:          115580 kB
Active:           365720 kB
Mem:          3.8G       3.7G       113M       5.7M        29M       3.2G

MemTotal:        4016004 kB
MemFree:          115828 kB
Active:           365740 kB
Mem:          3.8G       3.7G       113M       5.7M        29M       3.2G

MemTotal:        4016004 kB
MemFree:          115828 kB
Active:           365688 kB
Mem:          3.8G       3.7G       112M       5.7M        29M       3.2G

MemTotal:        4016004 kB
MemFree:          115704 kB
Active:           365692 kB
Mem:          3.8G       3.7G       113M       5.7M        29M       3.2G

MemTotal:        4016004 kB
MemFree:          115704 kB
Active:           365688 kB
Mem:          3.8G       3.7G       113M       5.7M        29M       3.2G

MemTotal:        4016004 kB
MemFree:          115332 kB
Active:           365740 kB
Mem:          3.8G       3.7G       112M       5.7M        29M       3.2G

MemTotal:        4016004 kB
MemFree:          115332 kB
Active:           365752 kB
Mem:          3.8G       3.7G       112M       5.7M        29M       3.2G

MemTotal:        4016004 kB
MemFree:          115332 kB
Active:           365752 kB
Mem:          3.8G       3.7G       112M       5.7M        29M       3.2G

MemTotal:        4016004 kB
MemFree:          115704 kB
Active:           365720 kB
Mem:          3.8G       3.7G       113M       5.7M        29M       3.2G

MemTotal:        4016004 kB
MemFree:          115952 kB
Active:           365712 kB
Mem:          3.8G       3.7G       113M       5.7M        29M       3.2G

MemTotal:        4016004 kB
MemFree:          115952 kB
Active:           365724 kB
Mem:          3.8G       3.7G       113M       5.7M        29M       3.2G

MemTotal:        4016004 kB
MemFree:          116076 kB
Active:           365732 kB
Mem:          3.8G       3.7G       112M       5.7M        29M       3.2G

MemTotal:        4016004 kB
MemFree:          115580 kB
Active:           365724 kB
Mem:          3.8G       3.7G       113M       5.7M        29M       3.2G

MemTotal:        4016004 kB
MemFree:          115704 kB
Active:           365728 kB
Mem:          3.8G       3.7G       112M       5.7M        29M       3.2G

MemTotal:        4016004 kB
MemFree:          115332 kB
Active:           365760 kB
Mem:          3.8G       3.7G       112M       5.7M        29M       3.2G

MemTotal:        4016004 kB
MemFree:          115704 kB
Active:           365704 kB
Mem:          3.8G       3.7G       113M       5.7M        29M       3.2G

MemTotal:        4016004 kB
MemFree:          115704 kB
Active:           365744 kB
Mem:          3.8G       3.7G       112M       5.7M        29M       3.2G

MemTotal:        4016004 kB
MemFree:          115332 kB
Active:           365760 kB
Mem:          3.8G       3.7G       112M       5.7M        29M       3.2G

MemTotal:        4016004 kB
MemFree:          115704 kB
Active:           365704 kB
Mem:          3.8G       3.7G       112M       5.7M        29M       3.2G

MemTotal:        4016004 kB
MemFree:          115704 kB
Active:           365704 kB
Mem:          3.8G       3.7G       113M       5.7M        29M       3.2G

MemTotal:        4016004 kB
MemFree:          115208 kB
Active:           365764 kB
Mem:          3.8G       3.7G       112M       5.7M        29M       3.2G

MemTotal:        4016004 kB
MemFree:          115332 kB
Active:           365764 kB
Mem:          3.8G       3.7G       112M       5.7M        29M       3.2G

MemTotal:        4016004 kB
MemFree:          115828 kB
Active:           365756 kB
Mem:          3.8G       3.7G       112M       5.7M        29M       3.2G

MemTotal:        4016004 kB
MemFree:          115332 kB
Active:           365764 kB
Mem:          3.8G       3.7G       112M       5.7M        29M       3.2G

MemTotal:        4016004 kB
MemFree:          115704 kB
Active:           365764 kB
Mem:          3.8G       3.7G       113M       5.7M        29M       3.2G

MemTotal:        4016004 kB
MemFree:          115704 kB
Active:           365756 kB
Mem:          3.8G       3.7G       113M       5.7M        29M       3.2G

MemTotal:        4016004 kB
MemFree:          115208 kB
Active:           365776 kB
Mem:          3.8G       3.7G       112M       5.7M        29M       3.2G

MemTotal:        4016004 kB
MemFree:          115704 kB
Active:           365728 kB
Mem:          3.8G       3.7G       112M       5.7M        29M       3.2G

MemTotal:        4016004 kB
MemFree:          115704 kB
Active:           365724 kB
Mem:          3.8G       3.7G       113M       5.7M        29M       3.2G

MemTotal:        4016004 kB
MemFree:          115704 kB
Active:           365724 kB
Mem:          3.8G       3.7G       113M       5.7M        29M       3.2G

MemTotal:        4016004 kB
MemFree:          115208 kB
Active:           365780 kB
Mem:          3.8G       3.7G       112M       5.7M        29M       3.2G

MemTotal:        4016004 kB
MemFree:          115580 kB
Active:           365776 kB
Mem:          3.8G       3.7G       112M       5.7M        30M       3.2G

MemTotal:        4016004 kB
MemFree:          115580 kB
Active:           365776 kB
Mem:          3.8G       3.7G       112M       5.7M        30M       3.2G

MemTotal:        4016004 kB
MemFree:          115580 kB
Active:           365784 kB
Mem:          3.8G       3.7G       112M       5.7M        30M       3.2G

MemTotal:        4016004 kB
MemFree:          115208 kB
Active:           365800 kB
Mem:          3.8G       3.7G       112M       5.7M        30M       3.2G

MemTotal:        4016004 kB
MemFree:          115456 kB
Active:           365748 kB
Mem:          3.8G       3.7G       112M       5.7M        30M       3.2G

MemTotal:        4016004 kB
MemFree:          115084 kB
Active:           365800 kB
Mem:          3.8G       3.7G       112M       5.7M        30M       3.2G

MemTotal:        4016004 kB
MemFree:          115456 kB
Active:           365796 kB
Mem:          3.8G       3.7G       112M       5.7M        30M       3.2G

MemTotal:        4016004 kB
MemFree:          115704 kB
Active:           365748 kB
Mem:          3.8G       3.7G       112M       5.7M        30M       3.2G

MemTotal:        4016004 kB
MemFree:          115704 kB
Active:           365752 kB
Mem:          3.8G       3.7G       112M       5.7M        30M       3.2G

MemTotal:        4016004 kB
MemFree:          115704 kB
Active:           365756 kB
Mem:          3.8G       3.7G       112M       5.7M        30M       3.2G

MemTotal:        4016004 kB
MemFree:          115704 kB
Active:           365756 kB
Mem:          3.8G       3.7G       113M       5.7M        30M       3.2G

MemTotal:        4016004 kB
MemFree:          115704 kB
Active:           365804 kB
Mem:          3.8G       3.7G       113M       5.7M        30M       3.2G

MemTotal:        4016004 kB
MemFree:          115208 kB
Active:           365808 kB
Mem:          3.8G       3.7G       112M       5.7M        30M       3.2G

MemTotal:        4016004 kB
MemFree:          115580 kB
Active:           365760 kB
Mem:          3.8G       3.7G       112M       5.7M        30M       3.2G

MemTotal:        4016004 kB
MemFree:          115580 kB
Active:           365760 kB
Mem:          3.8G       3.7G       112M       5.7M        30M       3.2G

MemTotal:        4016004 kB
MemFree:          115580 kB
Active:           365808 kB
Mem:          3.8G       3.7G       112M       5.7M        30M       3.2G

MemTotal:        4016004 kB
MemFree:          115208 kB
Active:           365820 kB
Mem:          3.8G       3.7G       112M       5.7M        30M       3.2G

MemTotal:        4016004 kB
MemFree:          115456 kB
Active:           365764 kB
Mem:          3.8G       3.7G       112M       5.7M        30M       3.2G

MemTotal:        4016004 kB
MemFree:          115580 kB
Active:           365768 kB
Mem:          3.8G       3.7G       112M       5.7M        30M       3.2G

MemTotal:        4016004 kB
MemFree:          115580 kB
Active:           365808 kB
Mem:          3.8G       3.7G       112M       5.7M        30M       3.2G

MemTotal:        4016004 kB
MemFree:          115208 kB
Active:           365832 kB
Mem:          3.8G       3.7G       112M       5.7M        30M       3.2G

MemTotal:        4016004 kB
MemFree:          115580 kB
Active:           365824 kB
Mem:          3.8G       3.7G       112M       5.7M        30M       3.2G

MemTotal:        4016004 kB
MemFree:          115580 kB
Active:           365812 kB
