MemTotal:        4016004 kB
MemFree:         3210588 kB
Active:           452012 kB
Mem:          3.8G       786M       3.1G       5.7M        55M       326M

MemTotal:        4016004 kB
MemFree:         3210904 kB
Active:           452076 kB
Mem:          3.8G       786M       3.1G       5.7M        55M       326M

MemTotal:        4016004 kB
MemFree:         3211260 kB
Active:           452136 kB
Mem:          3.8G       786M       3.1G       5.7M        55M       326M

MemTotal:        4016004 kB
MemFree:         3210816 kB
Active:           450116 kB
Mem:          3.8G       786M       3.1G       5.7M        55M       326M

MemTotal:        4016004 kB
MemFree:         3210568 kB
Active:           450088 kB
Mem:          3.8G       786M       3.1G       5.7M        55M       326M

MemTotal:        4016004 kB
MemFree:         3210924 kB
Active:           452136 kB
Mem:          3.8G       786M       3.1G       5.7M        55M       326M

MemTotal:        4016004 kB
MemFree:         3210908 kB
Active:           452136 kB
Mem:          3.8G       786M       3.1G       5.7M        55M       326M

MemTotal:        4016004 kB
MemFree:         3210908 kB
Active:           452164 kB
Mem:          3.8G       785M       3.1G       5.7M        55M       326M

MemTotal:        4016004 kB
MemFree:         3210784 kB
Active:           452184 kB
Mem:          3.8G       786M       3.1G       5.7M        55M       326M

MemTotal:        4016004 kB
MemFree:         3211156 kB
Active:           452176 kB
Mem:          3.8G       785M       3.1G       5.7M        55M       326M

MemTotal:        4016004 kB
MemFree:         3211156 kB
Active:           452152 kB
Mem:          3.8G       785M       3.1G       5.7M        55M       326M

MemTotal:        4016004 kB
MemFree:         3211652 kB
Active:           452156 kB
Mem:          3.8G       785M       3.1G       5.7M        55M       326M

MemTotal:        4016004 kB
MemFree:         3212024 kB
Active:           452152 kB
Mem:          3.8G       785M       3.1G       5.7M        55M       326M

MemTotal:        4016004 kB
MemFree:         3211884 kB
Active:           452176 kB
Mem:          3.8G       785M       3.1G       5.7M        55M       326M

MemTotal:        4016004 kB
MemFree:         3211684 kB
Active:           452184 kB
Mem:          3.8G       785M       3.1G       5.7M        55M       326M

MemTotal:        4016004 kB
MemFree:         3211560 kB
Active:           452156 kB
Mem:          3.8G       785M       3.1G       5.7M        55M       326M

MemTotal:        4016004 kB
MemFree:         3211560 kB
Active:           452156 kB
Mem:          3.8G       785M       3.1G       5.7M        55M       326M

MemTotal:        4016004 kB
MemFree:         3211188 kB
Active:           452188 kB
Mem:          3.8G       785M       3.1G       5.7M        55M       326M

MemTotal:        4016004 kB
MemFree:         3211560 kB
Active:           452144 kB
Mem:          3.8G       785M       3.1G       5.7M        55M       326M

MemTotal:        4016004 kB
MemFree:         3211064 kB
Active:           452188 kB
Mem:          3.8G       786M       3.1G       5.7M        55M       326M

MemTotal:        4016004 kB
MemFree:         3211312 kB
Active:           452160 kB
Mem:          3.8G       785M       3.1G       5.7M        55M       326M

MemTotal:        4016004 kB
MemFree:         3211312 kB
Active:           452180 kB
Mem:          3.8G       786M       3.1G       5.7M        55M       326M

MemTotal:        4016004 kB
MemFree:         3211064 kB
Active:           452192 kB
Mem:          3.8G       785M       3.1G       5.7M        55M       326M

MemTotal:        4016004 kB
MemFree:         3211684 kB
Active:           452180 kB
Mem:          3.8G       785M       3.1G       5.7M        55M       326M

MemTotal:        4016004 kB
MemFree:         3211808 kB
Active:           452192 kB
Mem:          3.8G       785M       3.1G       5.7M        55M       326M

MemTotal:        4016004 kB
MemFree:         3211684 kB
Active:           452144 kB
Mem:          3.8G       785M       3.1G       5.7M        55M       326M

MemTotal:        4016004 kB
MemFree:         3211560 kB
Active:           452148 kB
Mem:          3.8G       785M       3.1G       5.7M        55M       326M

MemTotal:        4016004 kB
MemFree:         3211684 kB
Active:           452148 kB
Mem:          3.8G       785M       3.1G       5.7M        55M       326M

MemTotal:        4016004 kB
MemFree:         3211684 kB
Active:           452196 kB
Mem:          3.8G       785M       3.1G       5.7M        55M       326M

MemTotal:        4016004 kB
MemFree:         3211188 kB
Active:           452208 kB
Mem:          3.8G       785M       3.1G       5.7M        55M       326M

MemTotal:        4016004 kB
MemFree:         3211312 kB
Active:           452160 kB
Mem:          3.8G       785M       3.1G       5.7M        55M       326M

MemTotal:        4016004 kB
MemFree:         3210940 kB
Active:           452208 kB
Mem:          3.8G       785M       3.1G       5.7M        55M       326M

MemTotal:        4016004 kB
MemFree:         3211236 kB
Active:           452160 kB
Mem:          3.8G       786M       3.1G       5.7M        55M       326M

MemTotal:        4016004 kB
MemFree:         3210740 kB
Active:           452208 kB
Mem:          3.8G       786M       3.1G       5.7M        55M       326M

MemTotal:        4016004 kB
MemFree:         3211112 kB
Active:           452204 kB
Mem:          3.8G       785M       3.1G       5.7M        55M       326M

MemTotal:        4016004 kB
MemFree:         3211112 kB
Active:           452208 kB
Mem:          3.8G       785M       3.1G       5.7M        55M       326M

MemTotal:        4016004 kB
MemFree:         3210616 kB
Active:           452220 kB
Mem:          3.8G       786M       3.1G       5.7M        55M       326M

MemTotal:        4016004 kB
MemFree:         3211236 kB
Active:           452204 kB
Mem:          3.8G       786M       3.1G       5.7M        55M       326M

MemTotal:        4016004 kB
MemFree:         3210988 kB
Active:           452220 kB
Mem:          3.8G       785M       3.1G       5.7M        55M       326M

MemTotal:        4016004 kB
MemFree:         3211360 kB
Active:           452172 kB
Mem:          3.8G       785M       3.1G       5.7M        55M       326M

MemTotal:        4016004 kB
MemFree:         3210864 kB
Active:           452220 kB
Mem:          3.8G       786M       3.1G       5.7M        55M       326M

MemTotal:        4016004 kB
MemFree:         3210972 kB
Active:           452220 kB
Mem:          3.8G       786M       3.1G       5.7M        55M       326M

MemTotal:        4016004 kB
MemFree:         3207920 kB
Active:           452272 kB
Mem:          3.8G       789M       3.1G       5.7M        55M       327M

MemTotal:        4016004 kB
MemFree:         3208332 kB
Active:           452204 kB
Mem:          3.8G       788M       3.1G       5.7M        55M       327M

MemTotal:        4016004 kB
MemFree:         3208440 kB
Active:           452216 kB
Mem:          3.8G       788M       3.1G       5.7M        55M       327M

MemTotal:        4016004 kB
MemFree:         3209044 kB
Active:           454244 kB
Mem:          3.8G       788M       3.1G       5.7M        55M       327M

MemTotal:        4016004 kB
MemFree:         3209276 kB
Active:           454228 kB
Mem:          3.8G       787M       3.1G       5.7M        55M       327M

MemTotal:        4016004 kB
MemFree:         3209648 kB
Active:           454248 kB
Mem:          3.8G       787M       3.1G       5.7M        55M       326M

MemTotal:        4016004 kB
MemFree:         3209524 kB
Active:           454248 kB
Mem:          3.8G       787M       3.1G       5.7M        55M       327M

MemTotal:        4016004 kB
MemFree:         3209524 kB
Active:           454256 kB
Mem:          3.8G       787M       3.1G       5.7M        55M       327M

MemTotal:        4016004 kB
MemFree:         3209276 kB
Active:           454232 kB
Mem:          3.8G       787M       3.1G       5.7M        55M       327M

MemTotal:        4016004 kB
MemFree:         3209152 kB
Active:           454224 kB
Mem:          3.8G       788M       3.1G       5.7M        55M       327M

MemTotal:        4016004 kB
MemFree:         3207920 kB
Active:           452316 kB
Mem:          3.8G       788M       3.1G       5.7M        55M       327M

MemTotal:        4016004 kB
MemFree:         3208716 kB
Active:           454308 kB
Mem:          3.8G       788M       3.1G       5.7M        55M       327M

MemTotal:        4016004 kB
MemFree:         3209212 kB
Active:           454296 kB
Mem:          3.8G       788M       3.1G       5.7M        55M       327M

MemTotal:        4016004 kB
MemFree:         3209012 kB
Active:           454260 kB
Mem:          3.8G       788M       3.1G       5.7M        55M       327M

MemTotal:        4016004 kB
MemFree:         3209104 kB
Active:           454304 kB
Mem:          3.8G       787M       3.1G       5.7M        55M       327M

MemTotal:        4016004 kB
MemFree:         3209228 kB
Active:           454300 kB
Mem:          3.8G       788M       3.1G       5.7M        55M       327M

MemTotal:        4016004 kB
MemFree:         3209104 kB
Active:           454292 kB
Mem:          3.8G       787M       3.1G       5.7M        55M       327M

MemTotal:        4016004 kB
MemFree:         3209120 kB
Active:           454268 kB
Mem:          3.8G       788M       3.1G       5.7M        55M       327M

MemTotal:        4016004 kB
MemFree:         3208640 kB
Active:           454568 kB
Mem:          3.8G       788M       3.1G       5.7M        55M       327M

MemTotal:        4016004 kB
MemFree:         3099056 kB
Active:           454800 kB
Mem:          3.8G       898M       3.0G       5.7M        55M       434M

MemTotal:        4016004 kB
MemFree:         2985148 kB
Active:           453240 kB
Mem:          3.8G       1.0G       2.8G       5.7M        55M       542M

MemTotal:        4016004 kB
MemFree:         2859140 kB
Active:           455052 kB
Mem:          3.8G       1.1G       2.7G       5.7M        55M       664M

MemTotal:        4016004 kB
MemFree:         2854360 kB
Active:           455208 kB
Mem:          3.8G       1.1G       2.7G       5.7M        55M       667M

MemTotal:        4016004 kB
MemFree:         2779584 kB
Active:           455036 kB
Mem:          3.8G       1.2G       2.6G       5.7M        55M       740M

MemTotal:        4016004 kB
MemFree:         2756116 kB
Active:           455108 kB
Mem:          3.8G       1.2G       2.6G       5.7M        55M       760M

MemTotal:        4016004 kB
MemFree:         2696360 kB
Active:           455160 kB
Mem:          3.8G       1.3G       2.6G       5.7M        55M       820M

MemTotal:        4016004 kB
MemFree:         2655380 kB
Active:           455132 kB
Mem:          3.8G       1.3G       2.5G       5.7M        55M       857M

MemTotal:        4016004 kB
MemFree:         2654104 kB
Active:           455356 kB
Mem:          3.8G       1.3G       2.5G       5.7M        55M       858M

MemTotal:        4016004 kB
MemFree:         2652960 kB
Active:           455148 kB
Mem:          3.8G       1.3G       2.5G       5.7M        55M       859M

MemTotal:        4016004 kB
MemFree:         2653228 kB
Active:           455132 kB
Mem:          3.8G       1.3G       2.5G       5.7M        55M       859M

MemTotal:        4016004 kB
MemFree:         2645868 kB
Active:           455112 kB
Mem:          3.8G       1.3G       2.5G       5.7M        55M       868M

MemTotal:        4016004 kB
MemFree:         2525492 kB
Active:           455308 kB
Mem:          3.8G       1.4G       2.4G       5.7M        55M       984M

MemTotal:        4016004 kB
MemFree:         2391564 kB
Active:           455284 kB
Mem:          3.8G       1.6G       2.3G       5.7M        55M       1.1G

MemTotal:        4016004 kB
MemFree:         2304768 kB
Active:           455360 kB
Mem:          3.8G       1.6G       2.2G       5.7M        55M       1.2G

MemTotal:        4016004 kB
MemFree:         2294044 kB
Active:           455380 kB
Mem:          3.8G       1.6G       2.2G       5.7M        55M       1.2G

MemTotal:        4016004 kB
MemFree:         2204860 kB
Active:           455224 kB
Mem:          3.8G       1.7G       2.1G       5.7M        55M       1.3G

MemTotal:        4016004 kB
MemFree:         2194640 kB
Active:           455256 kB
Mem:          3.8G       1.7G       2.1G       5.7M        55M       1.3G

MemTotal:        4016004 kB
MemFree:         2106000 kB
Active:           455240 kB
Mem:          3.8G       1.8G       2.0G       5.7M        55M       1.4G

MemTotal:        4016004 kB
MemFree:         2105508 kB
Active:           455296 kB
Mem:          3.8G       1.8G       2.0G       5.7M        55M       1.4G

MemTotal:        4016004 kB
MemFree:         2105492 kB
Active:           455180 kB
Mem:          3.8G       1.8G       2.0G       5.7M        55M       1.4G

MemTotal:        4016004 kB
MemFree:         2105148 kB
Active:           455316 kB
Mem:          3.8G       1.8G       2.0G       5.7M        55M       1.4G

MemTotal:        4016004 kB
MemFree:         2105316 kB
Active:           455184 kB
Mem:          3.8G       1.8G       2.0G       5.7M        55M       1.4G

MemTotal:        4016004 kB
MemFree:         2012684 kB
Active:           455380 kB
Mem:          3.8G       1.9G       1.9G       5.7M        55M       1.4G

MemTotal:        4016004 kB
MemFree:         1885016 kB
Active:           455468 kB
Mem:          3.8G       2.0G       1.8G       5.7M        55M       1.6G

MemTotal:        4016004 kB
MemFree:         1761892 kB
Active:           455316 kB
Mem:          3.8G       2.2G       1.7G       5.7M        55M       1.7G

MemTotal:        4016004 kB
MemFree:         1750288 kB
Active:           455332 kB
Mem:          3.8G       2.2G       1.7G       5.7M        55M       1.7G

MemTotal:        4016004 kB
MemFree:         1665192 kB
Active:           455368 kB
Mem:          3.8G       2.2G       1.6G       5.7M        55M       1.8G

MemTotal:        4016004 kB
MemFree:         1645740 kB
Active:           455388 kB
Mem:          3.8G       2.3G       1.6G       5.7M        55M       1.8G

MemTotal:        4016004 kB
MemFree:         1574544 kB
Active:           455352 kB
Mem:          3.8G       2.3G       1.5G       5.7M        55M       1.9G

MemTotal:        4016004 kB
MemFree:         1568252 kB
Active:           455148 kB
Mem:          3.8G       2.3G       1.5G       5.7M        55M       1.9G

MemTotal:        4016004 kB
MemFree:         1482988 kB
Active:           455168 kB
Mem:          3.8G       2.4G       1.4G       5.7M        55M       1.9G

MemTotal:        4016004 kB
MemFree:         1481608 kB
Active:           455240 kB
Mem:          3.8G       2.4G       1.4G       5.7M        55M       1.9G

MemTotal:        4016004 kB
MemFree:         1480548 kB
Active:           455272 kB
Mem:          3.8G       2.4G       1.4G       5.7M        55M       1.9G

MemTotal:        4016004 kB
MemFree:         1478444 kB
Active:           455124 kB
Mem:          3.8G       2.4G       1.4G       5.7M        55M       1.9G

MemTotal:        4016004 kB
MemFree:         1475412 kB
Active:           455344 kB
Mem:          3.8G       2.4G       1.4G       5.7M        55M       1.9G

MemTotal:        4016004 kB
MemFree:         1372664 kB
Active:           455312 kB
Mem:          3.8G       2.5G       1.3G       5.7M        55M       2.0G

MemTotal:        4016004 kB
MemFree:         1236836 kB
Active:           455528 kB
Mem:          3.8G       2.7G       1.2G       5.7M        55M       2.2G

MemTotal:        4016004 kB
MemFree:         1134632 kB
Active:           455080 kB
Mem:          3.8G       2.7G       1.1G       5.7M        55M       2.3G

MemTotal:        4016004 kB
MemFree:         1120544 kB
Active:           455408 kB
Mem:          3.8G       2.8G       1.1G       5.7M        55M       2.3G

MemTotal:        4016004 kB
MemFree:         1051088 kB
Active:           455096 kB
Mem:          3.8G       2.8G       1.0G       5.7M        55M       2.3G

MemTotal:        4016004 kB
MemFree:         1021840 kB
Active:           455416 kB
Mem:          3.8G       2.9G       994M       5.7M        55M       2.4G

MemTotal:        4016004 kB
MemFree:          966876 kB
Active:           455440 kB
Mem:          3.8G       2.9G       944M       5.7M        55M       2.4G

MemTotal:        4016004 kB
MemFree:          914576 kB
Active:           455392 kB
Mem:          3.8G       3.0G       890M       5.7M        55M       2.5G

MemTotal:        4016004 kB
MemFree:          884328 kB
Active:           455360 kB
Mem:          3.8G       3.0G       863M       5.7M        55M       2.5G

MemTotal:        4016004 kB
MemFree:          881988 kB
Active:           455516 kB
Mem:          3.8G       3.0G       861M       5.7M        55M       2.5G

MemTotal:        4016004 kB
MemFree:          881804 kB
Active:           455452 kB
Mem:          3.8G       3.0G       861M       5.7M        55M       2.5G

MemTotal:        4016004 kB
MemFree:          839800 kB
Active:           455460 kB
Mem:          3.8G       3.0G       817M       5.7M        55M       2.5G

MemTotal:        4016004 kB
MemFree:          726404 kB
Active:           455388 kB
Mem:          3.8G       3.1G       707M       5.7M        55M       2.7G

MemTotal:        4016004 kB
MemFree:          617168 kB
Active:           455412 kB
Mem:          3.8G       3.2G       602M       5.7M        55M       2.8G

MemTotal:        4016004 kB
MemFree:          604320 kB
Active:           455512 kB
Mem:          3.8G       3.3G       588M       5.7M        55M       2.8G

MemTotal:        4016004 kB
MemFree:          532500 kB
Active:           455468 kB
Mem:          3.8G       3.3G       520M       5.7M        55M       2.8G

MemTotal:        4016004 kB
MemFree:          509404 kB
Active:           455572 kB
Mem:          3.8G       3.3G       496M       5.7M        55M       2.9G

MemTotal:        4016004 kB
MemFree:          458016 kB
Active:           455504 kB
Mem:          3.8G       3.4G       447M       5.7M        55M       2.9G

MemTotal:        4016004 kB
MemFree:          382984 kB
Active:           455536 kB
Mem:          3.8G       3.5G       373M       5.7M        55M       3.0G

MemTotal:        4016004 kB
MemFree:          357096 kB
Active:           455372 kB
Mem:          3.8G       3.5G       345M       5.7M        55M       3.0G

MemTotal:        4016004 kB
MemFree:          307432 kB
Active:           455384 kB
Mem:          3.8G       3.5G       300M       5.7M        55M       3.0G

MemTotal:        4016004 kB
MemFree:          306348 kB
Active:           455396 kB
Mem:          3.8G       3.5G       298M       5.7M        55M       3.0G

MemTotal:        4016004 kB
MemFree:          306412 kB
Active:           455364 kB
Mem:          3.8G       3.5G       298M       5.7M        55M       3.0G

MemTotal:        4016004 kB
MemFree:          306636 kB
Active:           455380 kB
Mem:          3.8G       3.5G       299M       5.7M        55M       3.0G

MemTotal:        4016004 kB
MemFree:          264848 kB
Active:           455412 kB
Mem:          3.8G       3.6G       255M       5.7M        55M       3.1G

MemTotal:        4016004 kB
MemFree:          146976 kB
Active:           455388 kB
Mem:          3.8G       3.7G       141M       5.7M        55M       3.2G

MemTotal:        4016004 kB
MemFree:          140984 kB
Active:           508716 kB
Mem:          3.8G       3.7G       144M       5.7M        22M       3.2G

MemTotal:        4016004 kB
MemFree:          117288 kB
Active:           503808 kB
Mem:          3.8G       3.7G       113M       5.7M        22M       3.3G

MemTotal:        4016004 kB
MemFree:          115988 kB
Active:           503928 kB
Mem:          3.8G       3.7G       111M       5.7M        22M       3.3G

MemTotal:        4016004 kB
MemFree:          126940 kB
Active:           496520 kB
Mem:          3.8G       3.7G       123M       5.7M        22M       3.2G

MemTotal:        4016004 kB
MemFree:          112852 kB
Active:           496516 kB
Mem:          3.8G       3.7G       107M       5.7M        22M       3.3G

MemTotal:        4016004 kB
MemFree:          138256 kB
Active:           489252 kB
Mem:          3.8G       3.7G       135M       5.7M        22M       3.2G

MemTotal:        4016004 kB
MemFree:          137136 kB
Active:           489264 kB
Mem:          3.8G       3.7G       133M       5.7M        22M       3.2G

MemTotal:        4016004 kB
MemFree:          136116 kB
Active:           489264 kB
Mem:          3.8G       3.7G       132M       5.7M        22M       3.2G

MemTotal:        4016004 kB
MemFree:          134756 kB
Active:           489264 kB
Mem:          3.8G       3.7G       131M       5.7M        22M       3.2G

MemTotal:        4016004 kB
MemFree:          107248 kB
Active:           489300 kB
Mem:          3.8G       3.7G       102M       5.7M        22M       3.3G

MemTotal:        4016004 kB
MemFree:          137064 kB
Active:           477768 kB
Mem:          3.8G       3.7G       133M       5.7M        22M       3.2G

MemTotal:        4016004 kB
MemFree:          130808 kB
Active:           468508 kB
Mem:          3.8G       3.7G       125M       5.7M        22M       3.2G

MemTotal:        4016004 kB
MemFree:          127628 kB
Active:           462644 kB
Mem:          3.8G       3.7G       124M       5.7M        22M       3.2G

MemTotal:        4016004 kB
MemFree:          115764 kB
Active:           462412 kB
Mem:          3.8G       3.7G       111M       5.7M        22M       3.3G

MemTotal:        4016004 kB
MemFree:          125588 kB
Active:           460684 kB
Mem:          3.8G       3.7G       122M       5.7M        22M       3.2G

MemTotal:        4016004 kB
MemFree:          117900 kB
Active:           460508 kB
Mem:          3.8G       3.7G       113M       5.7M        22M       3.3G

MemTotal:        4016004 kB
MemFree:          110652 kB
Active:           456288 kB
Mem:          3.8G       3.7G       107M       5.7M        22M       3.3G

MemTotal:        4016004 kB
MemFree:          109784 kB
Active:           456304 kB
Mem:          3.8G       3.7G       107M       5.7M        22M       3.3G

MemTotal:        4016004 kB
MemFree:          108948 kB
Active:           456304 kB
Mem:          3.8G       3.7G       106M       5.7M        22M       3.3G

MemTotal:        4016004 kB
MemFree:          107804 kB
Active:           456304 kB
Mem:          3.8G       3.7G       105M       5.7M        22M       3.3G

MemTotal:        4016004 kB
MemFree:          106972 kB
Active:           456304 kB
Mem:          3.8G       3.7G       104M       5.7M        22M       3.3G

MemTotal:        4016004 kB
MemFree:          121680 kB
Active:           451528 kB
Mem:          3.8G       3.7G       114M       5.7M        22M       3.3G

MemTotal:        4016004 kB
MemFree:          129328 kB
Active:           444624 kB
Mem:          3.8G       3.7G       125M       5.7M        22M       3.2G

MemTotal:        4016004 kB
MemFree:          118316 kB
Active:           441168 kB
Mem:          3.8G       3.7G       137M       5.7M        22M       3.2G

MemTotal:        4016004 kB
MemFree:          141504 kB
Active:           440376 kB
Mem:          3.8G       3.7G       138M       5.7M        22M       3.2G

MemTotal:        4016004 kB
MemFree:          133284 kB
Active:           438224 kB
Mem:          3.8G       3.7G       130M       5.7M        22M       3.2G

MemTotal:        4016004 kB
MemFree:          135096 kB
Active:           434984 kB
Mem:          3.8G       3.7G       130M       5.7M        22M       3.2G

MemTotal:        4016004 kB
MemFree:          146348 kB
Active:           433592 kB
Mem:          3.8G       3.7G       142M       5.7M        22M       3.2G

MemTotal:        4016004 kB
MemFree:          119792 kB
Active:           431980 kB
Mem:          3.8G       3.7G       117M       5.7M        22M       3.2G

MemTotal:        4016004 kB
MemFree:          119080 kB
Active:           433996 kB
Mem:          3.8G       3.7G       116M       5.7M        22M       3.2G

MemTotal:        4016004 kB
MemFree:          117856 kB
Active:           434044 kB
Mem:          3.8G       3.7G       115M       5.7M        22M       3.3G

MemTotal:        4016004 kB
MemFree:          118108 kB
Active:           434024 kB
Mem:          3.8G       3.7G       115M       5.7M        22M       3.3G

MemTotal:        4016004 kB
MemFree:          136740 kB
Active:           429708 kB
Mem:          3.8G       3.7G       131M       5.7M        22M       3.2G

MemTotal:        4016004 kB
MemFree:          124192 kB
Active:           426252 kB
Mem:          3.8G       3.7G       118M       5.7M        22M       3.2G

MemTotal:        4016004 kB
MemFree:          122772 kB
Active:           423308 kB
Mem:          3.8G       3.7G       119M       5.7M        22M       3.2G

MemTotal:        4016004 kB
MemFree:          144952 kB
Active:           421516 kB
Mem:          3.8G       3.7G       139M       5.7M        22M       3.2G

MemTotal:        4016004 kB
MemFree:          121204 kB
Active:           421388 kB
Mem:          3.8G       3.7G       118M       5.7M        22M       3.2G

MemTotal:        4016004 kB
MemFree:          142020 kB
Active:           418580 kB
Mem:          3.8G       3.7G       137M       5.7M        22M       3.2G

MemTotal:        4016004 kB
MemFree:          136324 kB
Active:           416880 kB
Mem:          3.8G       3.7G       133M       5.7M        22M       3.2G

MemTotal:        4016004 kB
MemFree:          139900 kB
Active:           416624 kB
Mem:          3.8G       3.7G       136M       5.7M        22M       3.2G

MemTotal:        4016004 kB
MemFree:          129992 kB
Active:           415344 kB
Mem:          3.8G       3.7G       125M       5.7M        22M       3.2G

MemTotal:        4016004 kB
MemFree:          113440 kB
Active:           415348 kB
Mem:          3.8G       3.7G       110M       5.7M        22M       3.3G

MemTotal:        4016004 kB
MemFree:          113284 kB
Active:           415348 kB
Mem:          3.8G       3.7G       110M       5.7M        22M       3.3G

MemTotal:        4016004 kB
MemFree:          113212 kB
Active:           415352 kB
Mem:          3.8G       3.7G       110M       5.7M        22M       3.3G

MemTotal:        4016004 kB
MemFree:          113248 kB
Active:           415336 kB
Mem:          3.8G       3.7G       110M       5.7M        22M       3.3G

MemTotal:        4016004 kB
MemFree:          120128 kB
Active:           413140 kB
Mem:          3.8G       3.7G       115M       5.7M        22M       3.2G

MemTotal:        4016004 kB
MemFree:          104884 kB
Active:           409604 kB
Mem:          3.8G       3.7G       122M       5.7M        22M       3.2G

MemTotal:        4016004 kB
MemFree:          120372 kB
Active:           404748 kB
Mem:          3.8G       3.7G       115M       5.7M        22M       3.2G

MemTotal:        4016004 kB
MemFree:          142132 kB
Active:           403452 kB
Mem:          3.8G       3.7G       139M       5.7M        22M       3.2G

MemTotal:        4016004 kB
MemFree:          140080 kB
Active:           402532 kB
Mem:          3.8G       3.7G       136M       5.7M        22M       3.2G

MemTotal:        4016004 kB
MemFree:          108320 kB
Active:           402520 kB
Mem:          3.8G       3.7G       104M       5.7M        22M       3.3G

MemTotal:        4016004 kB
MemFree:          138068 kB
Active:           400232 kB
Mem:          3.8G       3.7G       134M       5.7M        22M       3.2G

MemTotal:        4016004 kB
MemFree:          119636 kB
Active:           397096 kB
Mem:          3.8G       3.7G       114M       5.7M        22M       3.2G

MemTotal:        4016004 kB
MemFree:          111236 kB
Active:           396976 kB
Mem:          3.8G       3.7G       108M       5.7M        22M       3.3G

MemTotal:        4016004 kB
MemFree:          110212 kB
Active:           396956 kB
Mem:          3.8G       3.7G       107M       5.7M        22M       3.3G

MemTotal:        4016004 kB
MemFree:          109348 kB
Active:           396952 kB
Mem:          3.8G       3.7G       106M       5.7M        22M       3.3G

MemTotal:        4016004 kB
MemFree:          108516 kB
Active:           396984 kB
Mem:          3.8G       3.7G       106M       5.7M        22M       3.3G

MemTotal:        4016004 kB
MemFree:          114996 kB
Active:           394676 kB
Mem:          3.8G       3.7G       111M       5.7M        22M       3.3G

MemTotal:        4016004 kB
MemFree:          129160 kB
Active:           390208 kB
Mem:          3.8G       3.7G       139M       5.7M        22M       3.2G

MemTotal:        4016004 kB
MemFree:          137480 kB
Active:           391212 kB
Mem:          3.8G       3.7G       132M       5.7M        22M       3.2G

MemTotal:        4016004 kB
MemFree:          134720 kB
Active:           391104 kB
Mem:          3.8G       3.7G       131M       5.7M        22M       3.2G

MemTotal:        4016004 kB
MemFree:          134024 kB
Active:           390984 kB
Mem:          3.8G       3.7G       131M       5.7M        22M       3.2G

MemTotal:        4016004 kB
MemFree:          142244 kB
Active:           390984 kB
Mem:          3.8G       3.7G       138M       5.7M        22M       3.2G

MemTotal:        4016004 kB
MemFree:          125008 kB
Active:           390888 kB
Mem:          3.8G       3.7G       120M       5.7M        22M       3.2G

MemTotal:        4016004 kB
MemFree:          139484 kB
Active:           390892 kB
Mem:          3.8G       3.7G       136M       5.7M        22M       3.2G

MemTotal:        4016004 kB
MemFree:          138728 kB
Active:           390912 kB
Mem:          3.8G       3.7G       135M       5.7M        22M       3.2G

MemTotal:        4016004 kB
MemFree:          136748 kB
Active:           390912 kB
Mem:          3.8G       3.7G       133M       5.7M        22M       3.2G

MemTotal:        4016004 kB
MemFree:          136084 kB
Active:           390904 kB
Mem:          3.8G       3.7G       133M       5.7M        22M       3.2G

MemTotal:        4016004 kB
MemFree:          110276 kB
Active:           391596 kB
Mem:          3.8G       3.7G       104M       5.7M        22M       3.3G

MemTotal:        4016004 kB
MemFree:          146600 kB
Active:           390720 kB
Mem:          3.8G       3.7G       140M       5.7M        22M       3.2G

MemTotal:        4016004 kB
MemFree:          123652 kB
Active:           390580 kB
Mem:          3.8G       3.7G       130M       5.7M        22M       3.2G

MemTotal:        4016004 kB
MemFree:          105480 kB
Active:           390584 kB
Mem:          3.8G       3.7G       102M       5.7M        22M       3.3G

MemTotal:        4016004 kB
MemFree:          129564 kB
Active:           390596 kB
Mem:          3.8G       3.7G       123M       5.7M        22M       3.2G

MemTotal:        4016004 kB
MemFree:          150332 kB
Active:           390596 kB
Mem:          3.8G       3.7G       145M       5.7M        22M       3.2G

MemTotal:        4016004 kB
MemFree:          141720 kB
Active:           390612 kB
Mem:          3.8G       3.7G       138M       5.7M        22M       3.2G

MemTotal:        4016004 kB
MemFree:          149112 kB
Active:           390584 kB
Mem:          3.8G       3.7G       145M       5.7M        22M       3.2G

MemTotal:        4016004 kB
MemFree:          147676 kB
Active:           390560 kB
Mem:          3.8G       3.7G       143M       5.7M        22M       3.2G

MemTotal:        4016004 kB
MemFree:          147612 kB
Active:           390600 kB
Mem:          3.8G       3.7G       143M       5.7M        22M       3.2G

MemTotal:        4016004 kB
MemFree:          145712 kB
Active:           390956 kB
Mem:          3.8G       3.7G       142M       5.7M        22M       3.2G

MemTotal:        4016004 kB
MemFree:          145996 kB
Active:           392884 kB
Mem:          3.8G       3.7G       142M       5.7M        22M       3.2G

MemTotal:        4016004 kB
MemFree:          136448 kB
Active:           389716 kB
Mem:          3.8G       3.7G       130M       5.7M        22M       3.2G

MemTotal:        4016004 kB
MemFree:          135820 kB
Active:           389588 kB
Mem:          3.8G       3.7G       130M       5.7M        22M       3.2G

MemTotal:        4016004 kB
MemFree:          109092 kB
Active:           384576 kB
Mem:          3.8G       3.7G       103M       5.7M        22M       3.3G

MemTotal:        4016004 kB
MemFree:          146412 kB
Active:           384476 kB
Mem:          3.8G       3.7G       143M       5.7M        22M       3.2G

MemTotal:        4016004 kB
MemFree:          134984 kB
Active:           384436 kB
Mem:          3.8G       3.7G       132M       5.7M        22M       3.2G

MemTotal:        4016004 kB
MemFree:          130688 kB
Active:           384472 kB
Mem:          3.8G       3.7G       126M       5.7M        22M       3.2G

MemTotal:        4016004 kB
MemFree:          132856 kB
Active:           384492 kB
Mem:          3.8G       3.7G       126M       5.7M        22M       3.2G

MemTotal:        4016004 kB
MemFree:          134432 kB
Active:           384504 kB
Mem:          3.8G       3.7G       131M       5.7M        22M       3.2G

MemTotal:        4016004 kB
MemFree:          134832 kB
Active:           383476 kB
Mem:          3.8G       3.7G       131M       5.7M        22M       3.2G

MemTotal:        4016004 kB
MemFree:          131072 kB
Active:           385372 kB
Mem:          3.8G       3.7G       127M       5.7M        22M       3.2G

MemTotal:        4016004 kB
MemFree:          130824 kB
Active:           385364 kB
Mem:          3.8G       3.7G       127M       5.7M        22M       3.2G

MemTotal:        4016004 kB
MemFree:          130860 kB
Active:           385380 kB
Mem:          3.8G       3.7G       127M       5.7M        22M       3.2G

MemTotal:        4016004 kB
MemFree:          130988 kB
Active:           385352 kB
Mem:          3.8G       3.7G       127M       5.7M        22M       3.2G

MemTotal:        4016004 kB
MemFree:          134880 kB
Active:           383612 kB
Mem:          3.8G       3.7G       129M       5.7M        22M       3.2G

MemTotal:        4016004 kB
MemFree:          133848 kB
Active:           383528 kB
Mem:          3.8G       3.7G       128M       5.7M        22M       3.2G

MemTotal:        4016004 kB
MemFree:          122664 kB
Active:           383536 kB
Mem:          3.8G       3.7G       118M       5.7M        22M       3.2G

MemTotal:        4016004 kB
MemFree:          126848 kB
Active:           383540 kB
Mem:          3.8G       3.7G       121M       5.7M        22M       3.2G

MemTotal:        4016004 kB
MemFree:          140592 kB
Active:           382616 kB
Mem:          3.8G       3.7G       137M       5.7M        22M       3.2G

MemTotal:        4016004 kB
MemFree:          124948 kB
Active:           382620 kB
Mem:          3.8G       3.7G       121M       5.7M        22M       3.2G

MemTotal:        4016004 kB
MemFree:          137580 kB
Active:           382620 kB
Mem:          3.8G       3.7G       132M       5.7M        22M       3.2G

MemTotal:        4016004 kB
MemFree:          104876 kB
Active:           382624 kB
Mem:          3.8G       3.7G       125M       5.7M        22M       3.2G

MemTotal:        4016004 kB
MemFree:          128904 kB
Active:           382640 kB
Mem:          3.8G       3.7G       125M       5.7M        22M       3.2G

MemTotal:        4016004 kB
MemFree:          128844 kB
Active:           382616 kB
Mem:          3.8G       3.7G       126M       5.7M        22M       3.2G

MemTotal:        4016004 kB
MemFree:          128692 kB
Active:           382644 kB
Mem:          3.8G       3.7G       125M       5.7M        22M       3.2G

MemTotal:        4016004 kB
MemFree:          127872 kB
Active:           382644 kB
Mem:          3.8G       3.7G       123M       5.7M        22M       3.2G

MemTotal:        4016004 kB
MemFree:          134652 kB
Active:           380892 kB
Mem:          3.8G       3.7G       128M       5.7M        22M       3.2G

MemTotal:        4016004 kB
MemFree:          123252 kB
Active:           380828 kB
Mem:          3.8G       3.7G       119M       5.7M        22M       3.2G

MemTotal:        4016004 kB
MemFree:          129756 kB
Active:           380832 kB
Mem:          3.8G       3.7G       126M       5.7M        22M       3.2G

MemTotal:        4016004 kB
MemFree:          141268 kB
Active:           380832 kB
Mem:          3.8G       3.7G       137M       5.7M        22M       3.2G

MemTotal:        4016004 kB
MemFree:          112064 kB
Active:           380796 kB
Mem:          3.8G       3.7G       107M       5.7M        22M       3.2G

MemTotal:        4016004 kB
MemFree:          130692 kB
Active:           380844 kB
Mem:          3.8G       3.7G       127M       5.7M        22M       3.2G

MemTotal:        4016004 kB
MemFree:          125836 kB
Active:           380852 kB
Mem:          3.8G       3.7G       122M       5.7M        22M       3.2G

MemTotal:        4016004 kB
MemFree:          108476 kB
Active:           368896 kB
Mem:          3.8G       3.7G       103M       5.7M        22M       3.3G

MemTotal:        4016004 kB
MemFree:          120064 kB
Active:           368668 kB
Mem:          3.8G       3.7G       117M       5.7M        22M       3.2G

MemTotal:        4016004 kB
MemFree:          117856 kB
Active:           368680 kB
Mem:          3.8G       3.7G       115M       5.7M        22M       3.2G

MemTotal:        4016004 kB
MemFree:          117144 kB
Active:           368660 kB
Mem:          3.8G       3.7G       114M       5.7M        22M       3.2G

MemTotal:        4016004 kB
MemFree:          117024 kB
Active:           368680 kB
Mem:          3.8G       3.7G       114M       5.7M        22M       3.2G

MemTotal:        4016004 kB
MemFree:          132416 kB
Active:           368652 kB
Mem:          3.8G       3.7G       126M       5.7M        22M       3.2G

MemTotal:        4016004 kB
MemFree:          126392 kB
Active:           368680 kB
Mem:          3.8G       3.7G       121M       5.7M        22M       3.2G

MemTotal:        4016004 kB
MemFree:          125188 kB
Active:           368640 kB
Mem:          3.8G       3.7G       121M       5.7M        22M       3.2G

MemTotal:        4016004 kB
MemFree:          117240 kB
Active:           368688 kB
Mem:          3.8G       3.7G       112M       5.7M        22M       3.2G

MemTotal:        4016004 kB
MemFree:          125728 kB
Active:           368664 kB
Mem:          3.8G       3.7G       122M       5.7M        22M       3.2G

MemTotal:        4016004 kB
MemFree:          134980 kB
Active:           366248 kB
Mem:          3.8G       3.7G       131M       5.7M        22M       3.2G

MemTotal:        4016004 kB
MemFree:          116424 kB
Active:           366236 kB
Mem:          3.8G       3.7G       112M       5.7M        22M       3.2G

MemTotal:        4016004 kB
MemFree:          119080 kB
Active:           366268 kB
Mem:          3.8G       3.7G       116M       5.7M        22M       3.2G

MemTotal:        4016004 kB
MemFree:          117816 kB
Active:           366264 kB
Mem:          3.8G       3.7G       115M       5.7M        22M       3.2G

MemTotal:        4016004 kB
MemFree:          116792 kB
Active:           366248 kB
Mem:          3.8G       3.7G       114M       5.7M        22M       3.2G

MemTotal:        4016004 kB
MemFree:          116364 kB
Active:           366264 kB
Mem:          3.8G       3.7G       113M       5.7M        22M       3.2G

MemTotal:        4016004 kB
MemFree:          116412 kB
Active:           365688 kB
Mem:          3.8G       3.7G       113M       5.7M        22M       3.2G

MemTotal:        4016004 kB
MemFree:          108944 kB
Active:           365004 kB
Mem:          3.8G       3.7G       104M       5.7M        22M       3.2G

MemTotal:        4016004 kB
MemFree:          133828 kB
Active:           365008 kB
Mem:          3.8G       3.7G       129M       5.7M        22M       3.2G

MemTotal:        4016004 kB
MemFree:          117296 kB
Active:           364976 kB
Mem:          3.8G       3.7G       125M       5.7M        22M       3.2G

MemTotal:        4016004 kB
MemFree:          120568 kB
Active:           362192 kB
Mem:          3.8G       3.7G       117M       5.7M        22M       3.2G

MemTotal:        4016004 kB
MemFree:          130484 kB
Active:           362204 kB
Mem:          3.8G       3.7G       127M       5.7M        22M       3.2G

MemTotal:        4016004 kB
MemFree:          112404 kB
Active:           362188 kB
Mem:          3.8G       3.7G       106M       5.7M        22M       3.2G

MemTotal:        4016004 kB
MemFree:          133572 kB
Active:           362204 kB
Mem:          3.8G       3.7G       130M       5.7M        22M       3.2G

MemTotal:        4016004 kB
MemFree:          127312 kB
Active:           362152 kB
Mem:          3.8G       3.7G       124M       5.7M        22M       3.2G

MemTotal:        4016004 kB
MemFree:          125868 kB
Active:           362180 kB
Mem:          3.8G       3.7G       122M       5.7M        22M       3.2G

MemTotal:        4016004 kB
MemFree:          125400 kB
Active:           360248 kB
Mem:          3.8G       3.7G       122M       5.7M        22M       3.2G

MemTotal:        4016004 kB
MemFree:          125116 kB
Active:           362200 kB
Mem:          3.8G       3.7G       122M       5.7M        22M       3.2G

MemTotal:        4016004 kB
MemFree:          125400 kB
Active:           362220 kB
Mem:          3.8G       3.7G       122M       5.7M        22M       3.2G

MemTotal:        4016004 kB
MemFree:          118676 kB
Active:           362204 kB
Mem:          3.8G       3.7G       114M       5.7M        22M       3.2G

MemTotal:        4016004 kB
MemFree:          122884 kB
Active:           362216 kB
Mem:          3.8G       3.7G       118M       5.7M        22M       3.2G

MemTotal:        4016004 kB
MemFree:          119812 kB
Active:           316332 kB
Mem:          3.8G       3.7G       115M       5.7M        22M       3.2G

MemTotal:        4016004 kB
MemFree:          132012 kB
Active:           316244 kB
Mem:          3.8G       3.7G       128M       5.7M        22M       3.2G

MemTotal:        4016004 kB
MemFree:          120720 kB
Active:           316220 kB
Mem:          3.8G       3.7G       117M       5.7M        22M       3.2G

MemTotal:        4016004 kB
MemFree:          138088 kB
Active:           316216 kB
Mem:          3.8G       3.7G       134M       5.7M        22M       3.2G

MemTotal:        4016004 kB
MemFree:          139588 kB
Active:           316232 kB
Mem:          3.8G       3.7G       135M       5.7M        22M       3.2G

MemTotal:        4016004 kB
MemFree:          138596 kB
Active:           316244 kB
Mem:          3.8G       3.7G       134M       5.7M        22M       3.2G

MemTotal:        4016004 kB
MemFree:          133228 kB
Active:           316280 kB
Mem:          3.8G       3.7G       130M       5.7M        22M       3.2G

MemTotal:        4016004 kB
MemFree:          132564 kB
Active:           316288 kB
Mem:          3.8G       3.7G       129M       5.7M        22M       3.2G

MemTotal:        4016004 kB
MemFree:          131048 kB
Active:           316304 kB
Mem:          3.8G       3.7G       127M       5.7M        22M       3.2G

MemTotal:        4016004 kB
MemFree:          129596 kB
Active:           316296 kB
Mem:          3.8G       3.7G       126M       5.7M        22M       3.2G

MemTotal:        4016004 kB
MemFree:          128672 kB
Active:           316300 kB
Mem:          3.8G       3.7G       123M       5.7M        22M       3.2G

MemTotal:        4016004 kB
MemFree:          107880 kB
Active:           316316 kB
Mem:          3.8G       3.7G       125M       5.7M        22M       3.2G

MemTotal:        4016004 kB
MemFree:          113736 kB
Active:           313180 kB
Mem:          3.8G       3.7G       110M       5.7M        22M       3.2G

MemTotal:        4016004 kB
MemFree:          143100 kB
Active:           312996 kB
Mem:          3.8G       3.7G       139M       5.7M        22M       3.2G

MemTotal:        4016004 kB
MemFree:          139184 kB
Active:           312968 kB
Mem:          3.8G       3.7G       136M       5.7M        22M       3.2G

MemTotal:        4016004 kB
MemFree:          134576 kB
Active:           312996 kB
Mem:          3.8G       3.7G       131M       5.7M        22M       3.2G

MemTotal:        4016004 kB
MemFree:          126068 kB
Active:           312996 kB
Mem:          3.8G       3.7G       121M       5.7M        22M       3.2G

MemTotal:        4016004 kB
MemFree:          127316 kB
Active:           312964 kB
Mem:          3.8G       3.7G       124M       5.7M        22M       3.2G

MemTotal:        4016004 kB
MemFree:          137936 kB
Active:           312976 kB
Mem:          3.8G       3.7G       134M       5.7M        22M       3.2G

MemTotal:        4016004 kB
MemFree:          137468 kB
Active:           313020 kB
Mem:          3.8G       3.7G       134M       5.7M        22M       3.2G

MemTotal:        4016004 kB
MemFree:          136136 kB
Active:           312988 kB
Mem:          3.8G       3.7G       132M       5.7M        22M       3.2G

MemTotal:        4016004 kB
MemFree:          136232 kB
Active:           312988 kB
Mem:          3.8G       3.7G       132M       5.7M        22M       3.2G

MemTotal:        4016004 kB
MemFree:          136640 kB
Active:           313012 kB
Mem:          3.8G       3.7G       133M       5.7M        22M       3.2G

MemTotal:        4016004 kB
MemFree:          120444 kB
Active:           313016 kB
Mem:          3.8G       3.7G       115M       5.7M        22M       3.2G

MemTotal:        4016004 kB
MemFree:          117428 kB
Active:           313036 kB
Mem:          3.8G       3.7G       134M       5.7M        22M       3.2G

MemTotal:        4016004 kB
MemFree:          105732 kB
Active:           312996 kB
Mem:          3.8G       3.7G       127M       5.7M        22M       3.2G

MemTotal:        4016004 kB
MemFree:          132264 kB
Active:           309996 kB
Mem:          3.8G       3.7G       128M       5.7M        22M       3.2G

MemTotal:        4016004 kB
MemFree:          133484 kB
Active:           309872 kB
Mem:          3.8G       3.7G       130M       5.7M        22M       3.2G

MemTotal:        4016004 kB
MemFree:          133336 kB
Active:           309700 kB
Mem:          3.8G       3.7G       130M       5.7M        22M       3.2G

MemTotal:        4016004 kB
MemFree:          133336 kB
Active:           309672 kB
Mem:          3.8G       3.7G       130M       5.7M        22M       3.2G

MemTotal:        4016004 kB
MemFree:          133336 kB
Active:           309700 kB
Mem:          3.8G       3.7G       130M       5.7M        22M       3.2G

MemTotal:        4016004 kB
MemFree:          133292 kB
Active:           309700 kB
Mem:          3.8G       3.7G       130M       5.7M        22M       3.2G

MemTotal:        4016004 kB
MemFree:          133412 kB
Active:           309740 kB
Mem:          3.8G       3.7G       130M       5.7M        22M       3.2G

MemTotal:        4016004 kB
MemFree:          133196 kB
Active:           309704 kB
Mem:          3.8G       3.7G       130M       5.7M        22M       3.2G

MemTotal:        4016004 kB
MemFree:          133108 kB
Active:           309732 kB
Mem:          3.8G       3.7G       129M       5.7M        22M       3.2G

MemTotal:        4016004 kB
MemFree:          133328 kB
Active:           309692 kB
Mem:          3.8G       3.7G       130M       5.7M        22M       3.2G

MemTotal:        4016004 kB
MemFree:          133328 kB
Active:           309716 kB
Mem:          3.8G       3.7G       129M       5.7M        22M       3.2G

MemTotal:        4016004 kB
MemFree:          133204 kB
Active:           309724 kB
Mem:          3.8G       3.7G       130M       5.7M        22M       3.2G

MemTotal:        4016004 kB
MemFree:          133204 kB
Active:           309724 kB
Mem:          3.8G       3.7G       130M       5.7M        22M       3.2G

MemTotal:        4016004 kB
MemFree:          133080 kB
Active:           309736 kB
Mem:          3.8G       3.7G       129M       5.7M        22M       3.2G

MemTotal:        4016004 kB
MemFree:          132832 kB
Active:           309736 kB
Mem:          3.8G       3.7G       129M       5.7M        22M       3.2G

MemTotal:        4016004 kB
MemFree:          132832 kB
Active:           309720 kB
Mem:          3.8G       3.7G       129M       5.7M        22M       3.2G

MemTotal:        4016004 kB
MemFree:          133080 kB
Active:           309732 kB
Mem:          3.8G       3.7G       129M       5.7M        22M       3.2G

MemTotal:        4016004 kB
MemFree:          133920 kB
Active:           309604 kB
Mem:          3.8G       3.7G       130M       5.7M        22M       3.2G

MemTotal:        4016004 kB
MemFree:          134356 kB
Active:           309340 kB
Mem:          3.8G       3.7G       130M       5.7M        22M       3.2G

MemTotal:        4016004 kB
MemFree:          133984 kB
Active:           309356 kB
Mem:          3.8G       3.7G       131M       5.7M        22M       3.2G

MemTotal:        4016004 kB
MemFree:          134232 kB
Active:           309312 kB
Mem:          3.8G       3.7G       131M       5.7M        22M       3.2G

MemTotal:        4016004 kB
MemFree:          134604 kB
Active:           309360 kB
Mem:          3.8G       3.7G       131M       5.7M        22M       3.2G

MemTotal:        4016004 kB
MemFree:          134852 kB
Active:           309356 kB
Mem:          3.8G       3.7G       131M       5.7M        22M       3.2G

MemTotal:        4016004 kB
MemFree:          135100 kB
Active:           309352 kB
Mem:          3.8G       3.7G       131M       5.7M        22M       3.2G

MemTotal:        4016004 kB
MemFree:          134604 kB
Active:           309356 kB
Mem:          3.8G       3.7G       131M       5.7M        22M       3.2G

MemTotal:        4016004 kB
MemFree:          134976 kB
Active:           309344 kB
Mem:          3.8G       3.7G       131M       5.7M        22M       3.2G

MemTotal:        4016004 kB
MemFree:          134356 kB
Active:           309344 kB
Mem:          3.8G       3.7G       131M       5.7M        22M       3.2G

MemTotal:        4016004 kB
MemFree:          133984 kB
Active:           309384 kB
Mem:          3.8G       3.7G       130M       5.7M        22M       3.2G

MemTotal:        4016004 kB
MemFree:          134604 kB
Active:           309368 kB
Mem:          3.8G       3.7G       131M       5.7M        22M       3.2G

MemTotal:        4016004 kB
MemFree:          132556 kB
Active:           309332 kB
Mem:          3.8G       3.7G       129M       5.7M        22M       3.2G

MemTotal:        4016004 kB
MemFree:          132432 kB
Active:           311360 kB
Mem:          3.8G       3.7G       129M       5.7M        22M       3.2G

MemTotal:        4016004 kB
MemFree:          132556 kB
Active:           311360 kB
Mem:          3.8G       3.7G       129M       5.7M        22M       3.2G

MemTotal:        4016004 kB
MemFree:          132804 kB
Active:           311372 kB
Mem:          3.8G       3.7G       129M       5.7M        22M       3.2G

MemTotal:        4016004 kB
MemFree:          132928 kB
Active:           311368 kB
Mem:          3.8G       3.7G       129M       5.7M        22M       3.2G

MemTotal:        4016004 kB
MemFree:          132556 kB
Active:           311412 kB
Mem:          3.8G       3.7G       129M       5.7M        22M       3.2G

MemTotal:        4016004 kB
MemFree:          132680 kB
Active:           311404 kB
Mem:          3.8G       3.7G       129M       5.7M        22M       3.2G

MemTotal:        4016004 kB
MemFree:          132308 kB
Active:           311416 kB
Mem:          3.8G       3.7G       129M       5.7M        22M       3.2G

MemTotal:        4016004 kB
MemFree:          132680 kB
Active:           311364 kB
Mem:          3.8G       3.7G       129M       5.7M        22M       3.2G

MemTotal:        4016004 kB
MemFree:          132308 kB
Active:           311396 kB
Mem:          3.8G       3.7G       129M       5.7M        22M       3.2G

MemTotal:        4016004 kB
MemFree:          132432 kB
Active:           311388 kB
Mem:          3.8G       3.7G       129M       5.7M        22M       3.2G

MemTotal:        4016004 kB
MemFree:          132060 kB
Active:           311412 kB
Mem:          3.8G       3.7G       128M       5.7M        22M       3.2G

MemTotal:        4016004 kB
MemFree:          132432 kB
Active:           311408 kB
Mem:          3.8G       3.7G       129M       5.7M        22M       3.2G

MemTotal:        4016004 kB
MemFree:          132556 kB
Active:           311396 kB
Mem:          3.8G       3.7G       129M       5.7M        22M       3.2G

MemTotal:        4016004 kB
MemFree:          132060 kB
Active:           311436 kB
Mem:          3.8G       3.7G       129M       5.7M        22M       3.2G

MemTotal:        4016004 kB
MemFree:          132308 kB
Active:           311436 kB
Mem:          3.8G       3.7G       129M       5.7M        22M       3.2G

MemTotal:        4016004 kB
MemFree:          132680 kB
Active:           311396 kB
Mem:          3.8G       3.7G       129M       5.7M        22M       3.2G

MemTotal:        4016004 kB
MemFree:          132760 kB
Active:           311432 kB
Mem:          3.8G       3.7G       129M       5.7M        22M       3.2G

MemTotal:        4016004 kB
MemFree:          132760 kB
Active:           311416 kB
Mem:          3.8G       3.7G       129M       5.7M        22M       3.2G

MemTotal:        4016004 kB
MemFree:          132636 kB
Active:           311392 kB
Mem:          3.8G       3.7G       129M       5.7M        22M       3.2G

MemTotal:        4016004 kB
MemFree:          130960 kB
Active:           311428 kB
Mem:          3.8G       3.7G       127M       5.7M        22M       3.2G

MemTotal:        4016004 kB
MemFree:          130712 kB
Active:           311424 kB
Mem:          3.8G       3.7G       127M       5.7M        22M       3.2G

MemTotal:        4016004 kB
MemFree:          130712 kB
Active:           313440 kB
Mem:          3.8G       3.7G       127M       5.7M        22M       3.2G

MemTotal:        4016004 kB
MemFree:          130836 kB
Active:           313420 kB
Mem:          3.8G       3.7G       127M       5.7M        22M       3.2G

MemTotal:        4016004 kB
MemFree:          130712 kB
Active:           313456 kB
Mem:          3.8G       3.7G       127M       5.7M        22M       3.2G

MemTotal:        4016004 kB
MemFree:          130216 kB
Active:           313468 kB
Mem:          3.8G       3.7G       127M       5.7M        22M       3.2G

MemTotal:        4016004 kB
MemFree:          129968 kB
Active:           313484 kB
Mem:          3.8G       3.7G       126M       5.7M        22M       3.2G

MemTotal:        4016004 kB
MemFree:          130092 kB
Active:           313484 kB
Mem:          3.8G       3.7G       127M       5.7M        22M       3.2G

MemTotal:        4016004 kB
MemFree:          130588 kB
Active:           313480 kB
Mem:          3.8G       3.7G       127M       5.7M        22M       3.2G

MemTotal:        4016004 kB
MemFree:          130464 kB
Active:           313476 kB
Mem:          3.8G       3.7G       127M       5.7M        22M       3.2G

MemTotal:        4016004 kB
MemFree:          130588 kB
Active:           313456 kB
Mem:          3.8G       3.7G       127M       5.7M        22M       3.2G

MemTotal:        4016004 kB
MemFree:          130464 kB
Active:           313460 kB
Mem:          3.8G       3.7G       127M       5.7M        22M       3.2G

MemTotal:        4016004 kB
MemFree:          130588 kB
Active:           313464 kB
Mem:          3.8G       3.7G       127M       5.7M        22M       3.2G

MemTotal:        4016004 kB
MemFree:          130340 kB
Active:           313496 kB
Mem:          3.8G       3.7G       127M       5.7M        22M       3.2G

MemTotal:        4016004 kB
MemFree:          130464 kB
Active:           313484 kB
Mem:          3.8G       3.7G       127M       5.7M        22M       3.2G

MemTotal:        4016004 kB
MemFree:          130108 kB
Active:           313504 kB
Mem:          3.8G       3.7G       127M       5.7M        22M       3.2G

MemTotal:        4016004 kB
MemFree:          130728 kB
Active:           313464 kB
Mem:          3.8G       3.7G       127M       5.7M        22M       3.2G

MemTotal:        4016004 kB
MemFree:          131100 kB
Active:           313500 kB
Mem:          3.8G       3.7G       128M       5.7M        22M       3.2G

MemTotal:        4016004 kB
MemFree:          131224 kB
Active:           313484 kB
Mem:          3.8G       3.7G       128M       5.7M        22M       3.2G

MemTotal:        4016004 kB
MemFree:          130852 kB
Active:           313488 kB
Mem:          3.8G       3.7G       127M       5.7M        22M       3.2G

MemTotal:        4016004 kB
MemFree:          130480 kB
Active:           313480 kB
Mem:          3.8G       3.7G       127M       5.7M        22M       3.2G

MemTotal:        4016004 kB
MemFree:          130604 kB
Active:           313476 kB
Mem:          3.8G       3.7G       127M       5.7M        22M       3.2G

MemTotal:        4016004 kB
MemFree:          129984 kB
Active:           313512 kB
Mem:          3.8G       3.7G       127M       5.7M        22M       3.2G

MemTotal:        4016004 kB
MemFree:          129984 kB
Active:           313512 kB
Mem:          3.8G       3.7G       126M       5.7M        22M       3.2G

MemTotal:        4016004 kB
MemFree:          129860 kB
Active:           313516 kB
Mem:          3.8G       3.7G       127M       5.7M        22M       3.2G

MemTotal:        4016004 kB
MemFree:          130728 kB
Active:           313508 kB
Mem:          3.8G       3.7G       127M       5.7M        22M       3.2G

MemTotal:        4016004 kB
MemFree:          130604 kB
Active:           313492 kB
Mem:          3.8G       3.7G       127M       5.7M        22M       3.2G

MemTotal:        4016004 kB
MemFree:          130232 kB
Active:           313524 kB
Mem:          3.8G       3.7G       127M       5.7M        22M       3.2G

MemTotal:        4016004 kB
MemFree:          130604 kB
Active:           313512 kB
Mem:          3.8G       3.7G       127M       5.7M        22M       3.2G

MemTotal:        4016004 kB
MemFree:          130604 kB
Active:           313508 kB
Mem:          3.8G       3.7G       127M       5.7M        22M       3.2G

MemTotal:        4016004 kB
MemFree:          130604 kB
Active:           313504 kB
Mem:          3.8G       3.7G       127M       5.7M        22M       3.2G

MemTotal:        4016004 kB
MemFree:          130728 kB
Active:           313524 kB
Mem:          3.8G       3.7G       127M       5.7M        22M       3.2G

MemTotal:        4016004 kB
MemFree:          130728 kB
Active:           313520 kB
Mem:          3.8G       3.7G       127M       5.7M        22M       3.2G

MemTotal:        4016004 kB
MemFree:          130480 kB
Active:           313528 kB
Mem:          3.8G       3.7G       127M       5.7M        22M       3.2G

MemTotal:        4016004 kB
MemFree:          130356 kB
Active:           313484 kB
Mem:          3.8G       3.7G       127M       5.7M        22M       3.2G

MemTotal:        4016004 kB
MemFree:          130604 kB
Active:           313520 kB
Mem:          3.8G       3.7G       127M       5.7M        22M       3.2G

MemTotal:        4016004 kB
MemFree:          130480 kB
Active:           313512 kB
Mem:          3.8G       3.7G       127M       5.7M        22M       3.2G

MemTotal:        4016004 kB
MemFree:          130232 kB
Active:           313496 kB
Mem:          3.8G       3.7G       126M       5.7M        22M       3.2G

MemTotal:        4016004 kB
MemFree:          130356 kB
Active:           313520 kB
Mem:          3.8G       3.7G       127M       5.7M        22M       3.2G

MemTotal:        4016004 kB
MemFree:          130480 kB
Active:           313516 kB
Mem:          3.8G       3.7G       127M       5.7M        22M       3.2G

MemTotal:        4016004 kB
MemFree:          130480 kB
Active:           313500 kB
Mem:          3.8G       3.7G       127M       5.7M        22M       3.2G

MemTotal:        4016004 kB
MemFree:          130232 kB
Active:           313536 kB
Mem:          3.8G       3.7G       127M       5.7M        22M       3.2G

MemTotal:        4016004 kB
MemFree:          130108 kB
Active:           313484 kB
Mem:          3.8G       3.7G       127M       5.7M        22M       3.2G

MemTotal:        4016004 kB
MemFree:          129984 kB
Active:           313536 kB
Mem:          3.8G       3.7G       127M       5.7M        22M       3.2G

MemTotal:        4016004 kB
MemFree:          130232 kB
Active:           313484 kB
Mem:          3.8G       3.7G       127M       5.7M        22M       3.2G

MemTotal:        4016004 kB
MemFree:          129984 kB
Active:           313544 kB
Mem:          3.8G       3.7G       127M       5.7M        22M       3.2G

MemTotal:        4016004 kB
MemFree:          130356 kB
Active:           313520 kB
Mem:          3.8G       3.7G       127M       5.7M        22M       3.2G

MemTotal:        4016004 kB
MemFree:          130356 kB
Active:           313512 kB
Mem:          3.8G       3.7G       127M       5.7M        22M       3.2G

MemTotal:        4016004 kB
MemFree:          130728 kB
Active:           313492 kB
Mem:          3.8G       3.7G       127M       5.7M        22M       3.2G

MemTotal:        4016004 kB
MemFree:          130728 kB
Active:           313532 kB
Mem:          3.8G       3.7G       127M       5.7M        22M       3.2G

MemTotal:        4016004 kB
MemFree:          130728 kB
Active:           313516 kB
Mem:          3.8G       3.7G       127M       5.7M        22M       3.2G

MemTotal:        4016004 kB
MemFree:          130356 kB
Active:           313552 kB
Mem:          3.8G       3.7G       127M       5.7M        22M       3.2G

MemTotal:        4016004 kB
MemFree:          130232 kB
Active:           313552 kB
Mem:          3.8G       3.7G       127M       5.7M        22M       3.2G

MemTotal:        4016004 kB
MemFree:          130480 kB
Active:           313520 kB
Mem:          3.8G       3.7G       127M       5.7M        22M       3.2G

MemTotal:        4016004 kB
MemFree:          130604 kB
Active:           313556 kB
Mem:          3.8G       3.7G       127M       5.7M        22M       3.2G

MemTotal:        4016004 kB
MemFree:          130604 kB
Active:           313548 kB
Mem:          3.8G       3.7G       127M       5.7M        22M       3.2G

MemTotal:        4016004 kB
MemFree:          130604 kB
Active:           313532 kB
Mem:          3.8G       3.7G       127M       5.7M        22M       3.2G

MemTotal:        4016004 kB
MemFree:          130728 kB
Active:           313528 kB
Mem:          3.8G       3.7G       127M       5.7M        22M       3.2G

MemTotal:        4016004 kB
MemFree:          130604 kB
Active:           313520 kB
Mem:          3.8G       3.7G       127M       5.7M        22M       3.2G

MemTotal:        4016004 kB
MemFree:          130604 kB
Active:           313556 kB
Mem:          3.8G       3.7G       127M       5.7M        22M       3.2G

MemTotal:        4016004 kB
MemFree:          130604 kB
Active:           313544 kB
Mem:          3.8G       3.7G       127M       5.7M        22M       3.2G

MemTotal:        4016004 kB
MemFree:          130604 kB
Active:           313568 kB
Mem:          3.8G       3.7G       127M       5.7M        22M       3.2G

MemTotal:        4016004 kB
MemFree:          130480 kB
Active:           313548 kB
Mem:          3.8G       3.7G       127M       5.7M        22M       3.2G

MemTotal:        4016004 kB
MemFree:          130480 kB
Active:           313536 kB
Mem:          3.8G       3.7G       127M       5.7M        22M       3.2G

MemTotal:        4016004 kB
MemFree:          130480 kB
Active:           313532 kB
Mem:          3.8G       3.7G       126M       5.7M        22M       3.2G

MemTotal:        4016004 kB
MemFree:          129984 kB
Active:           313560 kB
Mem:          3.8G       3.7G       126M       5.7M        22M       3.2G

MemTotal:        4016004 kB
MemFree:          129364 kB
Active:           313588 kB
Mem:          3.8G       3.7G       126M       5.7M        23M       3.2G

MemTotal:        4016004 kB
MemFree:          129736 kB
Active:           313548 kB
Mem:          3.8G       3.7G       126M       5.7M        23M       3.2G

MemTotal:        4016004 kB
MemFree:          130356 kB
Active:           313556 kB
Mem:          3.8G       3.7G       127M       5.7M        23M       3.2G

MemTotal:        4016004 kB
MemFree:          130232 kB
Active:           313596 kB
Mem:          3.8G       3.7G       127M       5.7M        23M       3.2G

MemTotal:        4016004 kB
MemFree:          130604 kB
Active:           313576 kB
Mem:          3.8G       3.7G       127M       5.7M        23M       3.2G

MemTotal:        4016004 kB
MemFree:          130604 kB
Active:           313552 kB
Mem:          3.8G       3.7G       127M       5.7M        23M       3.2G

MemTotal:        4016004 kB
MemFree:          130604 kB
Active:           313584 kB
Mem:          3.8G       3.7G       127M       5.7M        23M       3.2G

MemTotal:        4016004 kB
MemFree:          130604 kB
Active:           313564 kB
Mem:          3.8G       3.7G       127M       5.7M        23M       3.2G

MemTotal:        4016004 kB
MemFree:          130480 kB
Active:           313592 kB
Mem:          3.8G       3.7G       126M       5.7M        23M       3.2G

MemTotal:        4016004 kB
MemFree:          130480 kB
Active:           313580 kB
Mem:          3.8G       3.7G       127M       5.7M        23M       3.2G

MemTotal:        4016004 kB
MemFree:          130232 kB
Active:           313588 kB
Mem:          3.8G       3.7G       127M       5.7M        23M       3.2G

MemTotal:        4016004 kB
MemFree:          130356 kB
Active:           313588 kB
Mem:          3.8G       3.7G       127M       5.7M        23M       3.2G

MemTotal:        4016004 kB
MemFree:          129984 kB
Active:           313572 kB
Mem:          3.8G       3.7G       127M       5.7M        23M       3.2G

MemTotal:        4016004 kB
MemFree:          130232 kB
Active:           313568 kB
Mem:          3.8G       3.7G       127M       5.7M        23M       3.2G

MemTotal:        4016004 kB
MemFree:          130232 kB
Active:           313576 kB
Mem:          3.8G       3.7G       127M       5.7M        23M       3.2G

MemTotal:        4016004 kB
MemFree:          130480 kB
Active:           313580 kB
Mem:          3.8G       3.7G       127M       5.7M        23M       3.2G

MemTotal:        4016004 kB
MemFree:          130108 kB
Active:           313556 kB
Mem:          3.8G       3.7G       126M       5.7M        23M       3.2G

MemTotal:        4016004 kB
MemFree:          129984 kB
Active:           313588 kB
Mem:          3.8G       3.7G       126M       5.7M        23M       3.2G

MemTotal:        4016004 kB
MemFree:          130108 kB
Active:           313588 kB
Mem:          3.8G       3.7G       126M       5.7M        23M       3.2G

MemTotal:        4016004 kB
MemFree:          130356 kB
Active:           313580 kB
Mem:          3.8G       3.7G       127M       5.7M        23M       3.2G

MemTotal:        4016004 kB
MemFree:          129860 kB
Active:           313568 kB
Mem:          3.8G       3.7G       127M       5.7M        23M       3.2G

MemTotal:        4016004 kB
MemFree:          130232 kB
Active:           313572 kB
Mem:          3.8G       3.7G       127M       5.7M        23M       3.2G

MemTotal:        4016004 kB
MemFree:          130356 kB
Active:           313576 kB
Mem:          3.8G       3.7G       127M       5.7M        23M       3.2G

MemTotal:        4016004 kB
MemFree:          130232 kB
Active:           313576 kB
Mem:          3.8G       3.7G       127M       5.7M        23M       3.2G

MemTotal:        4016004 kB
MemFree:          130108 kB
Active:           313592 kB
Mem:          3.8G       3.7G       127M       5.7M        23M       3.2G

MemTotal:        4016004 kB
MemFree:          130728 kB
Active:           313636 kB
Mem:          3.8G       3.7G       127M       5.7M        23M       3.2G

MemTotal:        4016004 kB
MemFree:          130852 kB
Active:           313584 kB
Mem:          3.8G       3.7G       127M       5.7M        23M       3.2G

MemTotal:        4016004 kB
MemFree:          130108 kB
Active:           313608 kB
Mem:          3.8G       3.7G       127M       5.7M        23M       3.2G

MemTotal:        4016004 kB
MemFree:          130108 kB
Active:           313600 kB
Mem:          3.8G       3.7G       127M       5.7M        23M       3.2G

MemTotal:        4016004 kB
MemFree:          130108 kB
Active:           313644 kB
Mem:          3.8G       3.7G       127M       5.7M        23M       3.2G

MemTotal:        4016004 kB
MemFree:          130108 kB
Active:           313640 kB
Mem:          3.8G       3.7G       126M       5.7M        23M       3.2G

MemTotal:        4016004 kB
MemFree:          129736 kB
Active:           313648 kB
Mem:          3.8G       3.7G       126M       5.7M        23M       3.2G

MemTotal:        4016004 kB
MemFree:          129736 kB
Active:           313648 kB
Mem:          3.8G       3.7G       126M       5.7M        23M       3.2G

MemTotal:        4016004 kB
MemFree:          130604 kB
Active:           313608 kB
Mem:          3.8G       3.7G       127M       5.7M        23M       3.2G

MemTotal:        4016004 kB
MemFree:          130604 kB
Active:           313604 kB
Mem:          3.8G       3.7G       127M       5.7M        23M       3.2G

MemTotal:        4016004 kB
MemFree:          130604 kB
Active:           313652 kB
Mem:          3.8G       3.7G       127M       5.7M        23M       3.2G

MemTotal:        4016004 kB
MemFree:          130728 kB
Active:           313644 kB
Mem:          3.8G       3.7G       127M       5.7M        23M       3.2G

MemTotal:        4016004 kB
MemFree:          130108 kB
Active:           313632 kB
Mem:          3.8G       3.7G       127M       5.7M        23M       3.2G

MemTotal:        4016004 kB
MemFree:          130356 kB
Active:           313616 kB
Mem:          3.8G       3.7G       127M       5.7M        23M       3.2G

MemTotal:        4016004 kB
MemFree:          130108 kB
Active:           313664 kB
Mem:          3.8G       3.7G       127M       5.7M        23M       3.2G

MemTotal:        4016004 kB
MemFree:          130480 kB
Active:           313628 kB
Mem:          3.8G       3.7G       127M       5.7M        23M       3.2G

MemTotal:        4016004 kB
MemFree:          130108 kB
Active:           313668 kB
Mem:          3.8G       3.7G       126M       5.7M        23M       3.2G

MemTotal:        4016004 kB
MemFree:          130108 kB
Active:           313676 kB
Mem:          3.8G       3.7G       127M       5.7M        23M       3.2G

MemTotal:        4016004 kB
MemFree:          130108 kB
Active:           313660 kB
Mem:          3.8G       3.7G       126M       5.7M        23M       3.2G

MemTotal:        4016004 kB
MemFree:          130108 kB
Active:           313652 kB
Mem:          3.8G       3.7G       126M       5.7M        23M       3.2G

MemTotal:        4016004 kB
MemFree:          130232 kB
Active:           313624 kB
Mem:          3.8G       3.7G       127M       5.7M        23M       3.2G

MemTotal:        4016004 kB
MemFree:          129860 kB
Active:           313684 kB
Mem:          3.8G       3.7G       126M       5.7M        23M       3.2G

MemTotal:        4016004 kB
MemFree:          129860 kB
Active:           313684 kB
Mem:          3.8G       3.7G       126M       5.7M        23M       3.2G

MemTotal:        4016004 kB
MemFree:          130232 kB
Active:           313672 kB
Mem:          3.8G       3.7G       127M       5.7M        23M       3.2G

MemTotal:        4016004 kB
MemFree:          129860 kB
Active:           313692 kB
Mem:          3.8G       3.7G       127M       5.7M        23M       3.2G

MemTotal:        4016004 kB
MemFree:          130108 kB
Active:           313636 kB
Mem:          3.8G       3.7G       127M       5.7M        23M       3.2G

MemTotal:        4016004 kB
MemFree:          130232 kB
Active:           313680 kB
Mem:          3.8G       3.7G       127M       5.7M        23M       3.2G

MemTotal:        4016004 kB
MemFree:          129984 kB
Active:           313696 kB
Mem:          3.8G       3.7G       127M       5.7M        23M       3.2G

MemTotal:        4016004 kB
MemFree:          130728 kB
Active:           313660 kB
Mem:          3.8G       3.7G       127M       5.7M        23M       3.2G

MemTotal:        4016004 kB
MemFree:          130604 kB
Active:           313660 kB
Mem:          3.8G       3.7G       127M       5.7M        23M       3.2G

MemTotal:        4016004 kB
MemFree:          130728 kB
Active:           313648 kB
Mem:          3.8G       3.7G       127M       5.7M        23M       3.2G

MemTotal:        4016004 kB
MemFree:          130232 kB
Active:           313708 kB
Mem:          3.8G       3.7G       127M       5.7M        23M       3.2G

MemTotal:        4016004 kB
MemFree:          129984 kB
Active:           313708 kB
Mem:          3.8G       3.7G       127M       5.7M        23M       3.2G

MemTotal:        4016004 kB
MemFree:          130372 kB
Active:           313688 kB
Mem:          3.8G       3.7G       127M       5.7M        23M       3.2G

MemTotal:        4016004 kB
MemFree:          130372 kB
Active:           313676 kB
Mem:          3.8G       3.7G       127M       5.7M        23M       3.2G

MemTotal:        4016004 kB
MemFree:          130372 kB
Active:           313708 kB
Mem:          3.8G       3.7G       127M       5.7M        23M       3.2G

MemTotal:        4016004 kB
MemFree:          130496 kB
Active:           313700 kB
Mem:          3.8G       3.7G       127M       5.7M        23M       3.2G

MemTotal:        4016004 kB
MemFree:          130744 kB
Active:           313696 kB
Mem:          3.8G       3.7G       127M       5.7M        23M       3.2G

MemTotal:        4016004 kB
MemFree:          130496 kB
Active:           313720 kB
Mem:          3.8G       3.7G       127M       5.7M        23M       3.2G

MemTotal:        4016004 kB
MemFree:          130496 kB
Active:           313716 kB
Mem:          3.8G       3.7G       127M       5.7M        23M       3.2G

MemTotal:        4016004 kB
MemFree:          130496 kB
Active:           313712 kB
Mem:          3.8G       3.7G       127M       5.7M        23M       3.2G

MemTotal:        4016004 kB
MemFree:          130124 kB
Active:           313724 kB
Mem:          3.8G       3.7G       127M       5.7M        23M       3.2G

MemTotal:        4016004 kB
MemFree:          129984 kB
Active:           313752 kB
Mem:          3.8G       3.7G       126M       5.7M        23M       3.2G

MemTotal:        4016004 kB
MemFree:          129984 kB
Active:           313748 kB
Mem:          3.8G       3.7G       126M       5.7M        23M       3.2G

MemTotal:        4016004 kB
MemFree:          129612 kB
Active:           313756 kB
Mem:          3.8G       3.7G       126M       5.7M        23M       3.2G

MemTotal:        4016004 kB
MemFree:          129736 kB
Active:           313720 kB
Mem:          3.8G       3.7G       126M       5.7M        23M       3.2G

MemTotal:        4016004 kB
MemFree:          129984 kB
Active:           313900 kB
Mem:          3.8G       3.7G       126M       5.7M        23M       3.2G

MemTotal:        4016004 kB
MemFree:          129844 kB
Active:           313768 kB
Mem:          3.8G       3.7G       126M       5.7M        23M       3.2G

