MemTotal:        4016004 kB
MemFree:         3240228 kB
Active:           420852 kB
Mem:          3.8G       757M       3.1G       5.7M        55M       318M

MemTotal:        4016004 kB
MemFree:         3239128 kB
Active:           421444 kB
Mem:          3.8G       759M       3.1G       5.7M        55M       318M

MemTotal:        4016004 kB
MemFree:         3238136 kB
Active:           421500 kB
Mem:          3.8G       759M       3.1G       5.7M        55M       318M

MemTotal:        4016004 kB
MemFree:         3238228 kB
Active:           421528 kB
Mem:          3.8G       759M       3.1G       5.7M        55M       318M

MemTotal:        4016004 kB
MemFree:         3238072 kB
Active:           421536 kB
Mem:          3.8G       759M       3.1G       5.7M        55M       318M

MemTotal:        4016004 kB
MemFree:         3237684 kB
Active:           421536 kB
Mem:          3.8G       760M       3.1G       5.7M        55M       318M

MemTotal:        4016004 kB
MemFree:         3237924 kB
Active:           421496 kB
Mem:          3.8G       759M       3.1G       5.7M        55M       318M

MemTotal:        4016004 kB
MemFree:         3238064 kB
Active:           421528 kB
Mem:          3.8G       759M       3.1G       5.7M        55M       318M

MemTotal:        4016004 kB
MemFree:         3238560 kB
Active:           421504 kB
Mem:          3.8G       759M       3.1G       5.7M        55M       318M

MemTotal:        4016004 kB
MemFree:         3238312 kB
Active:           421488 kB
Mem:          3.8G       759M       3.1G       5.7M        55M       318M

MemTotal:        4016004 kB
MemFree:         3238312 kB
Active:           421504 kB
Mem:          3.8G       759M       3.1G       5.7M        55M       318M

MemTotal:        4016004 kB
MemFree:         3238312 kB
Active:           421508 kB
Mem:          3.8G       759M       3.1G       5.7M        55M       318M

MemTotal:        4016004 kB
MemFree:         3237940 kB
Active:           421548 kB
Mem:          3.8G       759M       3.1G       5.7M        55M       318M

MemTotal:        4016004 kB
MemFree:         3238064 kB
Active:           421528 kB
Mem:          3.8G       760M       3.1G       5.7M        55M       318M

MemTotal:        4016004 kB
MemFree:         3237816 kB
Active:           421496 kB
Mem:          3.8G       759M       3.1G       5.7M        55M       318M

MemTotal:        4016004 kB
MemFree:         3237816 kB
Active:           421544 kB
Mem:          3.8G       759M       3.1G       5.7M        55M       318M

MemTotal:        4016004 kB
MemFree:         3237776 kB
Active:           419700 kB
Mem:          3.8G       759M       3.1G       5.7M        55M       318M

MemTotal:        4016004 kB
MemFree:         3238404 kB
Active:           421548 kB
Mem:          3.8G       759M       3.1G       5.7M        55M       318M

MemTotal:        4016004 kB
MemFree:         3239024 kB
Active:           421524 kB
Mem:          3.8G       758M       3.1G       5.7M        55M       318M

MemTotal:        4016004 kB
MemFree:         3238280 kB
Active:           421556 kB
Mem:          3.8G       759M       3.1G       5.7M        55M       318M

MemTotal:        4016004 kB
MemFree:         3238528 kB
Active:           421520 kB
Mem:          3.8G       759M       3.1G       5.7M        55M       318M

MemTotal:        4016004 kB
MemFree:         3238636 kB
Active:           421560 kB
Mem:          3.8G       759M       3.1G       5.7M        55M       318M

MemTotal:        4016004 kB
MemFree:         3238744 kB
Active:           421552 kB
Mem:          3.8G       759M       3.1G       5.7M        55M       318M

MemTotal:        4016004 kB
MemFree:         3238124 kB
Active:           421564 kB
Mem:          3.8G       759M       3.1G       5.7M        55M       318M

MemTotal:        4016004 kB
MemFree:         3238280 kB
Active:           421544 kB
Mem:          3.8G       759M       3.1G       5.7M        55M       318M

MemTotal:        4016004 kB
MemFree:         3238404 kB
Active:           421524 kB
Mem:          3.8G       759M       3.1G       5.7M        55M       318M

MemTotal:        4016004 kB
MemFree:         3237660 kB
Active:           421552 kB
Mem:          3.8G       760M       3.1G       5.7M        55M       318M

MemTotal:        4016004 kB
MemFree:         3237660 kB
Active:           421544 kB
Mem:          3.8G       760M       3.1G       5.7M        55M       318M

MemTotal:        4016004 kB
MemFree:         3237908 kB
Active:           421560 kB
Mem:          3.8G       759M       3.1G       5.7M        55M       318M

MemTotal:        4016004 kB
MemFree:         3237784 kB
Active:           421548 kB
Mem:          3.8G       760M       3.1G       5.7M        55M       318M

MemTotal:        4016004 kB
MemFree:         3237660 kB
Active:           421536 kB
Mem:          3.8G       759M       3.1G       5.7M        55M       318M

MemTotal:        4016004 kB
MemFree:         3237412 kB
Active:           421576 kB
Mem:          3.8G       760M       3.1G       5.7M        55M       318M

MemTotal:        4016004 kB
MemFree:         3237876 kB
Active:           421560 kB
Mem:          3.8G       759M       3.1G       5.7M        55M       318M

MemTotal:        4016004 kB
MemFree:         3238032 kB
Active:           421548 kB
Mem:          3.8G       759M       3.1G       5.7M        55M       318M

MemTotal:        4016004 kB
MemFree:         3238156 kB
Active:           421568 kB
Mem:          3.8G       759M       3.1G       5.7M        55M       318M

MemTotal:        4016004 kB
MemFree:         3238404 kB
Active:           421540 kB
Mem:          3.8G       759M       3.1G       5.7M        55M       318M

MemTotal:        4016004 kB
MemFree:         3236480 kB
Active:           421564 kB
Mem:          3.8G       761M       3.1G       5.7M        55M       318M

MemTotal:        4016004 kB
MemFree:         3236356 kB
Active:           423584 kB
Mem:          3.8G       761M       3.1G       5.7M        55M       318M

MemTotal:        4016004 kB
MemFree:         3236108 kB
Active:           423612 kB
Mem:          3.8G       761M       3.1G       5.7M        55M       318M

MemTotal:        4016004 kB
MemFree:         3236356 kB
Active:           423604 kB
Mem:          3.8G       761M       3.1G       5.7M        55M       318M

MemTotal:        4016004 kB
MemFree:         3236852 kB
Active:           423572 kB
Mem:          3.8G       761M       3.1G       5.7M        55M       318M

MemTotal:        4016004 kB
MemFree:         3236728 kB
Active:           423604 kB
Mem:          3.8G       761M       3.1G       5.7M        55M       318M

MemTotal:        4016004 kB
MemFree:         3236728 kB
Active:           423580 kB
Mem:          3.8G       761M       3.1G       5.7M        55M       318M

MemTotal:        4016004 kB
MemFree:         3236216 kB
Active:           423624 kB
Mem:          3.8G       761M       3.1G       5.7M        55M       318M

MemTotal:        4016004 kB
MemFree:         3236200 kB
Active:           423624 kB
Mem:          3.8G       761M       3.1G       5.7M        55M       318M

MemTotal:        4016004 kB
MemFree:         3236060 kB
Active:           423624 kB
Mem:          3.8G       761M       3.1G       5.7M        55M       318M

MemTotal:        4016004 kB
MemFree:         3236556 kB
Active:           423572 kB
Mem:          3.8G       761M       3.1G       5.7M        55M       318M

MemTotal:        4016004 kB
MemFree:         3236416 kB
Active:           423624 kB
Mem:          3.8G       761M       3.1G       5.7M        55M       318M

MemTotal:        4016004 kB
MemFree:         3236292 kB
Active:           423612 kB
Mem:          3.8G       761M       3.1G       5.7M        55M       318M

MemTotal:        4016004 kB
MemFree:         3236276 kB
Active:           423628 kB
Mem:          3.8G       761M       3.1G       5.7M        55M       318M

MemTotal:        4016004 kB
MemFree:         3236508 kB
Active:           423624 kB
Mem:          3.8G       761M       3.1G       5.7M        55M       318M

MemTotal:        4016004 kB
MemFree:         3236120 kB
Active:           423640 kB
Mem:          3.8G       761M       3.1G       5.7M        55M       318M

MemTotal:        4016004 kB
MemFree:         3236352 kB
Active:           423648 kB
Mem:          3.8G       761M       3.1G       5.7M        55M       318M

MemTotal:        4016004 kB
MemFree:         3236460 kB
Active:           423600 kB
Mem:          3.8G       761M       3.1G       5.7M        55M       318M

MemTotal:        4016004 kB
MemFree:         3236460 kB
Active:           423652 kB
Mem:          3.8G       761M       3.1G       5.7M        55M       318M

MemTotal:        4016004 kB
MemFree:         3236212 kB
Active:           423628 kB
Mem:          3.8G       761M       3.1G       5.7M        55M       318M

MemTotal:        4016004 kB
MemFree:         3236320 kB
Active:           423656 kB
Mem:          3.8G       761M       3.1G       5.7M        55M       318M

MemTotal:        4016004 kB
MemFree:         3236180 kB
Active:           423636 kB
Mem:          3.8G       761M       3.1G       5.7M        55M       318M

MemTotal:        4016004 kB
MemFree:         3235872 kB
Active:           423676 kB
Mem:          3.8G       761M       3.1G       5.7M        55M       318M

MemTotal:        4016004 kB
MemFree:         3236368 kB
Active:           423652 kB
Mem:          3.8G       761M       3.1G       5.7M        55M       318M

MemTotal:        4016004 kB
MemFree:         3236368 kB
Active:           423628 kB
Mem:          3.8G       761M       3.1G       5.7M        55M       318M

MemTotal:        4016004 kB
MemFree:         3236244 kB
Active:           423672 kB
Mem:          3.8G       761M       3.1G       5.7M        55M       318M

MemTotal:        4016004 kB
MemFree:         3235996 kB
Active:           423672 kB
Mem:          3.8G       761M       3.1G       5.7M        55M       318M

MemTotal:        4016004 kB
MemFree:         3235872 kB
Active:           423648 kB
Mem:          3.8G       761M       3.1G       5.7M        55M       318M

MemTotal:        4016004 kB
MemFree:         3235748 kB
Active:           423680 kB
Mem:          3.8G       761M       3.1G       5.7M        55M       318M

MemTotal:        4016004 kB
MemFree:         3235500 kB
Active:           423676 kB
Mem:          3.8G       762M       3.1G       5.7M        55M       318M

MemTotal:        4016004 kB
MemFree:         3234932 kB
Active:           421776 kB
Mem:          3.8G       762M       3.1G       5.7M        55M       318M

MemTotal:        4016004 kB
MemFree:         3235904 kB
Active:           421632 kB
Mem:          3.8G       761M       3.1G       5.7M        55M       318M

MemTotal:        4016004 kB
MemFree:         3235904 kB
Active:           421600 kB
Mem:          3.8G       761M       3.1G       5.7M        55M       318M

MemTotal:        4016004 kB
MemFree:         3235408 kB
Active:           423696 kB
Mem:          3.8G       762M       3.1G       5.7M        55M       318M

MemTotal:        4016004 kB
MemFree:         3235532 kB
Active:           423700 kB
Mem:          3.8G       761M       3.1G       5.7M        55M       318M

MemTotal:        4016004 kB
MemFree:         3235904 kB
Active:           423660 kB
Mem:          3.8G       761M       3.1G       5.7M        55M       318M

MemTotal:        4016004 kB
MemFree:         3235904 kB
Active:           423700 kB
Mem:          3.8G       761M       3.1G       5.7M        55M       318M

MemTotal:        4016004 kB
MemFree:         3236028 kB
Active:           423676 kB
Mem:          3.8G       761M       3.1G       5.7M        55M       318M

MemTotal:        4016004 kB
MemFree:         3235904 kB
Active:           423652 kB
Mem:          3.8G       761M       3.1G       5.7M        55M       318M

MemTotal:        4016004 kB
MemFree:         3235968 kB
Active:           423680 kB
Mem:          3.8G       761M       3.1G       5.7M        55M       318M

MemTotal:        4016004 kB
MemFree:         3235524 kB
Active:           421880 kB
Mem:          3.8G       762M       3.1G       5.7M        55M       318M

MemTotal:        4016004 kB
MemFree:         3235904 kB
Active:           421620 kB
Mem:          3.8G       761M       3.1G       5.7M        55M       318M

MemTotal:        4016004 kB
MemFree:         3236028 kB
Active:           421636 kB
Mem:          3.8G       762M       3.1G       5.7M        55M       318M

MemTotal:        4016004 kB
MemFree:         3235888 kB
Active:           423696 kB
Mem:          3.8G       761M       3.1G       5.7M        55M       318M

MemTotal:        4016004 kB
MemFree:         3235996 kB
Active:           423656 kB
Mem:          3.8G       762M       3.1G       5.7M        55M       318M

MemTotal:        4016004 kB
MemFree:         3235732 kB
Active:           423680 kB
Mem:          3.8G       762M       3.1G       5.7M        55M       318M

MemTotal:        4016004 kB
MemFree:         3235468 kB
Active:           423716 kB
Mem:          3.8G       761M       3.1G       5.7M        55M       318M

MemTotal:        4016004 kB
MemFree:         3235824 kB
Active:           423676 kB
Mem:          3.8G       761M       3.1G       5.7M        55M       318M

MemTotal:        4016004 kB
MemFree:         3235808 kB
Active:           423708 kB
Mem:          3.8G       762M       3.1G       5.7M        55M       318M

MemTotal:        4016004 kB
MemFree:         3235668 kB
Active:           423680 kB
Mem:          3.8G       762M       3.1G       5.7M        55M       318M

MemTotal:        4016004 kB
MemFree:         3235056 kB
Active:           422040 kB
Mem:          3.8G       762M       3.1G       5.7M        55M       318M

MemTotal:        4016004 kB
MemFree:         3235340 kB
Active:           423804 kB
Mem:          3.8G       762M       3.1G       5.7M        55M       318M

MemTotal:        4016004 kB
MemFree:         3235572 kB
Active:           423836 kB
Mem:          3.8G       762M       3.1G       5.7M        55M       318M

MemTotal:        4016004 kB
MemFree:         3235448 kB
Active:           423832 kB
Mem:          3.8G       762M       3.1G       5.7M        55M       318M

MemTotal:        4016004 kB
MemFree:         3235324 kB
Active:           423840 kB
Mem:          3.8G       762M       3.1G       5.7M        55M       318M

MemTotal:        4016004 kB
MemFree:         3235200 kB
Active:           423812 kB
Mem:          3.8G       762M       3.1G       5.7M        55M       318M

MemTotal:        4016004 kB
MemFree:         3235324 kB
Active:           423844 kB
Mem:          3.8G       762M       3.1G       5.7M        55M       318M

MemTotal:        4016004 kB
MemFree:         3235076 kB
Active:           423844 kB
Mem:          3.8G       762M       3.1G       5.7M        55M       318M

MemTotal:        4016004 kB
MemFree:         3235076 kB
Active:           423844 kB
Mem:          3.8G       762M       3.1G       5.7M        55M       318M

MemTotal:        4016004 kB
MemFree:         3235324 kB
Active:           423840 kB
Mem:          3.8G       762M       3.1G       5.7M        55M       318M

MemTotal:        4016004 kB
MemFree:         3235572 kB
Active:           423844 kB
Mem:          3.8G       761M       3.1G       5.7M        55M       318M

MemTotal:        4016004 kB
MemFree:         3235944 kB
Active:           423800 kB
Mem:          3.8G       761M       3.1G       5.7M        55M       318M

MemTotal:        4016004 kB
MemFree:         3235696 kB
Active:           423856 kB
Mem:          3.8G       761M       3.1G       5.7M        55M       318M

MemTotal:        4016004 kB
MemFree:         3235944 kB
Active:           423820 kB
Mem:          3.8G       761M       3.1G       5.7M        55M       318M

MemTotal:        4016004 kB
MemFree:         3235540 kB
Active:           424128 kB
Mem:          3.8G       762M       3.1G       5.7M        55M       318M

MemTotal:        4016004 kB
MemFree:         3193108 kB
Active:           425040 kB
Mem:          3.8G       803M       3.0G       5.7M        55M       359M

MemTotal:        4016004 kB
MemFree:         3147116 kB
Active:           425072 kB
Mem:          3.8G       849M       3.0G       5.7M        55M       403M

MemTotal:        4016004 kB
MemFree:         3100272 kB
Active:           425092 kB
Mem:          3.8G       894M       3.0G       5.7M        55M       448M

MemTotal:        4016004 kB
MemFree:         3055288 kB
Active:           425132 kB
Mem:          3.8G       938M       2.9G       5.7M        55M       491M

MemTotal:        4016004 kB
MemFree:         3008552 kB
Active:           425156 kB
Mem:          3.8G       983M       2.9G       5.7M        55M       536M

MemTotal:        4016004 kB
MemFree:         2962204 kB
Active:           425172 kB
Mem:          3.8G       1.0G       2.8G       5.7M        55M       580M

MemTotal:        4016004 kB
MemFree:         2918072 kB
Active:           425204 kB
Mem:          3.8G       1.0G       2.8G       5.7M        55M       623M

MemTotal:        4016004 kB
MemFree:         2872964 kB
Active:           425224 kB
Mem:          3.8G       1.1G       2.7G       5.7M        55M       667M

MemTotal:        4016004 kB
MemFree:         2825920 kB
Active:           425248 kB
Mem:          3.8G       1.1G       2.7G       5.7M        55M       712M

MemTotal:        4016004 kB
MemFree:         2781232 kB
Active:           425280 kB
Mem:          3.8G       1.2G       2.7G       5.7M        55M       754M

MemTotal:        4016004 kB
MemFree:         2735308 kB
Active:           425308 kB
Mem:          3.8G       1.2G       2.6G       5.7M        55M       798M

MemTotal:        4016004 kB
MemFree:         2691776 kB
Active:           425352 kB
Mem:          3.8G       1.3G       2.6G       5.7M        55M       841M

MemTotal:        4016004 kB
MemFree:         2647588 kB
Active:           425384 kB
Mem:          3.8G       1.3G       2.5G       5.7M        55M       883M

MemTotal:        4016004 kB
MemFree:         2601336 kB
Active:           425420 kB
Mem:          3.8G       1.3G       2.5G       5.7M        55M       927M

MemTotal:        4016004 kB
MemFree:         2555496 kB
Active:           425448 kB
Mem:          3.8G       1.4G       2.4G       5.7M        55M       971M

MemTotal:        4016004 kB
MemFree:         2509120 kB
Active:           425500 kB
Mem:          3.8G       1.4G       2.4G       5.7M        55M       1.0G

MemTotal:        4016004 kB
MemFree:         2509276 kB
Active:           425520 kB
Mem:          3.8G       1.4G       2.4G       5.7M        55M       1.0G

MemTotal:        4016004 kB
MemFree:         2500152 kB
Active:           425520 kB
Mem:          3.8G       1.4G       2.4G       5.7M        55M       1.0G

MemTotal:        4016004 kB
MemFree:         2455156 kB
Active:           425532 kB
Mem:          3.8G       1.5G       2.3G       5.7M        55M       1.0G

MemTotal:        4016004 kB
MemFree:         2408436 kB
Active:           425556 kB
Mem:          3.8G       1.5G       2.3G       5.7M        55M       1.1G

MemTotal:        4016004 kB
MemFree:         2363824 kB
Active:           425588 kB
Mem:          3.8G       1.6G       2.3G       5.7M        55M       1.1G

MemTotal:        4016004 kB
MemFree:         2317336 kB
Active:           425616 kB
Mem:          3.8G       1.6G       2.2G       5.7M        55M       1.2G

MemTotal:        4016004 kB
MemFree:         2271112 kB
Active:           425640 kB
Mem:          3.8G       1.7G       2.2G       5.7M        55M       1.2G

MemTotal:        4016004 kB
MemFree:         2226252 kB
Active:           425660 kB
Mem:          3.8G       1.7G       2.1G       5.7M        55M       1.3G

MemTotal:        4016004 kB
MemFree:         2180928 kB
Active:           425680 kB
Mem:          3.8G       1.8G       2.1G       5.7M        56M       1.3G

MemTotal:        4016004 kB
MemFree:         2133560 kB
Active:           427776 kB
Mem:          3.8G       1.8G       2.0G       5.7M        56M       1.3G

MemTotal:        4016004 kB
MemFree:         2132848 kB
Active:           427788 kB
Mem:          3.8G       1.8G       2.0G       5.7M        56M       1.3G

MemTotal:        4016004 kB
MemFree:         2094428 kB
Active:           427792 kB
Mem:          3.8G       1.8G       2.0G       5.7M        56M       1.4G

MemTotal:        4016004 kB
MemFree:         2050064 kB
Active:           427816 kB
Mem:          3.8G       1.9G       2.0G       5.7M        56M       1.4G

MemTotal:        4016004 kB
MemFree:         2003452 kB
Active:           427840 kB
Mem:          3.8G       1.9G       1.9G       5.7M        56M       1.5G

MemTotal:        4016004 kB
MemFree:         1958784 kB
Active:           427860 kB
Mem:          3.8G       2.0G       1.9G       5.7M        56M       1.5G

MemTotal:        4016004 kB
MemFree:         1913624 kB
Active:           427896 kB
Mem:          3.8G       2.0G       1.8G       5.7M        56M       1.5G

MemTotal:        4016004 kB
MemFree:         1867212 kB
Active:           427872 kB
Mem:          3.8G       2.0G       1.8G       5.7M        56M       1.6G

MemTotal:        4016004 kB
MemFree:         1822024 kB
Active:           427960 kB
Mem:          3.8G       2.1G       1.7G       5.7M        56M       1.6G

MemTotal:        4016004 kB
MemFree:         1775920 kB
Active:           427988 kB
Mem:          3.8G       2.1G       1.7G       5.7M        56M       1.7G

MemTotal:        4016004 kB
MemFree:         1730648 kB
Active:           428080 kB
Mem:          3.8G       2.2G       1.6G       5.7M        56M       1.7G

MemTotal:        4016004 kB
MemFree:         1685400 kB
Active:           428044 kB
Mem:          3.8G       2.2G       1.6G       5.7M        56M       1.8G

MemTotal:        4016004 kB
MemFree:         1639176 kB
Active:           428068 kB
Mem:          3.8G       2.3G       1.6G       5.7M        56M       1.8G

MemTotal:        4016004 kB
MemFree:         1594564 kB
Active:           428096 kB
Mem:          3.8G       2.3G       1.5G       5.7M        56M       1.8G

MemTotal:        4016004 kB
MemFree:         1547968 kB
Active:           428116 kB
Mem:          3.8G       2.4G       1.5G       5.7M        56M       1.9G

MemTotal:        4016004 kB
MemFree:         1501356 kB
Active:           428144 kB
Mem:          3.8G       2.4G       1.4G       5.7M        56M       1.9G

MemTotal:        4016004 kB
MemFree:         1500132 kB
Active:           428172 kB
Mem:          3.8G       2.4G       1.4G       5.7M        56M       1.9G

MemTotal:        4016004 kB
MemFree:         1499792 kB
Active:           428124 kB
Mem:          3.8G       2.4G       1.4G       5.7M        56M       1.9G

MemTotal:        4016004 kB
MemFree:         1471872 kB
Active:           428172 kB
Mem:          3.8G       2.4G       1.4G       5.7M        56M       2.0G

MemTotal:        4016004 kB
MemFree:         1427396 kB
Active:           428200 kB
Mem:          3.8G       2.5G       1.4G       5.7M        56M       2.0G

MemTotal:        4016004 kB
MemFree:         1380476 kB
Active:           428220 kB
Mem:          3.8G       2.5G       1.3G       5.7M        56M       2.0G

MemTotal:        4016004 kB
MemFree:         1377976 kB
Active:           428240 kB
Mem:          3.8G       2.5G       1.3G       5.7M        56M       2.1G

MemTotal:        4016004 kB
MemFree:         1377912 kB
Active:           428244 kB
Mem:          3.8G       2.5G       1.3G       5.7M        56M       2.1G

MemTotal:        4016004 kB
MemFree:         1345984 kB
Active:           428244 kB
Mem:          3.8G       2.5G       1.3G       5.7M        56M       2.1G

MemTotal:        4016004 kB
MemFree:         1300460 kB
Active:           428272 kB
Mem:          3.8G       2.6G       1.2G       5.7M        56M       2.1G

MemTotal:        4016004 kB
MemFree:         1255076 kB
Active:           428292 kB
Mem:          3.8G       2.6G       1.2G       5.7M        56M       2.2G

MemTotal:        4016004 kB
MemFree:         1210076 kB
Active:           428324 kB
Mem:          3.8G       2.7G       1.2G       5.7M        56M       2.2G

MemTotal:        4016004 kB
MemFree:         1163712 kB
Active:           428352 kB
Mem:          3.8G       2.7G       1.1G       5.7M        56M       2.3G

MemTotal:        4016004 kB
MemFree:         1117364 kB
Active:           428376 kB
Mem:          3.8G       2.8G       1.1G       5.7M        56M       2.3G

MemTotal:        4016004 kB
MemFree:         1072752 kB
Active:           428404 kB
Mem:          3.8G       2.8G       1.0G       5.7M        56M       2.3G

MemTotal:        4016004 kB
MemFree:         1027036 kB
Active:           428524 kB
Mem:          3.8G       2.9G       1.0G       5.7M        56M       2.4G

MemTotal:        4016004 kB
MemFree:         1014420 kB
Active:           428488 kB
Mem:          3.8G       2.9G       990M       5.7M        56M       2.4G

MemTotal:        4016004 kB
MemFree:          969908 kB
Active:           428516 kB
Mem:          3.8G       2.9G       946M       5.7M        56M       2.4G

MemTotal:        4016004 kB
MemFree:          924800 kB
Active:           428536 kB
Mem:          3.8G       2.9G       902M       5.7M        56M       2.5G

MemTotal:        4016004 kB
MemFree:          878220 kB
Active:           428576 kB
Mem:          3.8G       3.0G       857M       5.7M        56M       2.5G

MemTotal:        4016004 kB
MemFree:          832680 kB
Active:           428616 kB
Mem:          3.8G       3.0G       812M       5.7M        56M       2.6G

MemTotal:        4016004 kB
MemFree:          795268 kB
Active:           428656 kB
Mem:          3.8G       3.1G       776M       5.7M        56M       2.6G

MemTotal:        4016004 kB
MemFree:          794932 kB
Active:           428668 kB
Mem:          3.8G       3.1G       776M       5.7M        56M       2.6G

MemTotal:        4016004 kB
MemFree:          772000 kB
Active:           428676 kB
Mem:          3.8G       3.1G       753M       5.7M        56M       2.6G

MemTotal:        4016004 kB
MemFree:          725760 kB
Active:           428700 kB
Mem:          3.8G       3.1G       708M       5.7M        56M       2.7G

MemTotal:        4016004 kB
MemFree:          680868 kB
Active:           428856 kB
Mem:          3.8G       3.2G       664M       5.7M        56M       2.7G

MemTotal:        4016004 kB
MemFree:          634892 kB
Active:           428744 kB
Mem:          3.8G       3.2G       619M       5.7M        56M       2.8G

MemTotal:        4016004 kB
MemFree:          588808 kB
Active:           428784 kB
Mem:          3.8G       3.3G       574M       5.7M        56M       2.8G

MemTotal:        4016004 kB
MemFree:          543436 kB
Active:           428808 kB
Mem:          3.8G       3.3G       530M       5.7M        56M       2.8G

MemTotal:        4016004 kB
MemFree:          497540 kB
Active:           428832 kB
Mem:          3.8G       3.4G       485M       5.7M        56M       2.9G

MemTotal:        4016004 kB
MemFree:          451932 kB
Active:           428856 kB
Mem:          3.8G       3.4G       441M       5.7M        56M       2.9G

MemTotal:        4016004 kB
MemFree:          406624 kB
Active:           428904 kB
Mem:          3.8G       3.4G       397M       5.7M        56M       3.0G

MemTotal:        4016004 kB
MemFree:          360060 kB
Active:           428944 kB
Mem:          3.8G       3.5G       351M       5.7M        57M       3.0G

MemTotal:        4016004 kB
MemFree:          314544 kB
Active:           428972 kB
Mem:          3.8G       3.5G       307M       5.7M        57M       3.1G

MemTotal:        4016004 kB
MemFree:          269576 kB
Active:           429008 kB
Mem:          3.8G       3.6G       263M       5.7M        57M       3.1G

MemTotal:        4016004 kB
MemFree:          222192 kB
Active:           429176 kB
Mem:          3.8G       3.6G       217M       5.7M        57M       3.1G

MemTotal:        4016004 kB
MemFree:          176320 kB
Active:           429084 kB
Mem:          3.8G       3.7G       172M       5.7M        57M       3.2G

MemTotal:        4016004 kB
MemFree:          131636 kB
Active:           429108 kB
Mem:          3.8G       3.7G       128M       5.7M        57M       3.2G

MemTotal:        4016004 kB
MemFree:          135412 kB
Active:           431716 kB
Mem:          3.8G       3.7G       131M       5.7M        22M       3.3G

MemTotal:        4016004 kB
MemFree:          128760 kB
Active:           442256 kB
Mem:          3.8G       3.7G       123M       5.7M        22M       3.3G

MemTotal:        4016004 kB
MemFree:          132888 kB
Active:           490252 kB
Mem:          3.8G       3.7G       129M       5.7M        22M       3.3G

MemTotal:        4016004 kB
MemFree:          121492 kB
Active:           484124 kB
Mem:          3.8G       3.7G       117M       5.7M        22M       3.3G

MemTotal:        4016004 kB
MemFree:          105932 kB
Active:           481100 kB
Mem:          3.8G       3.7G       102M       5.7M        22M       3.3G

MemTotal:        4016004 kB
MemFree:          126976 kB
Active:           474600 kB
Mem:          3.8G       3.7G       123M       5.7M        22M       3.3G

MemTotal:        4016004 kB
MemFree:          118904 kB
Active:           471308 kB
Mem:          3.8G       3.7G       116M       5.7M        22M       3.3G

MemTotal:        4016004 kB
MemFree:          108100 kB
Active:           467884 kB
Mem:          3.8G       3.7G       105M       5.7M        22M       3.3G

MemTotal:        4016004 kB
MemFree:          119964 kB
Active:           462148 kB
Mem:          3.8G       3.7G       116M       5.7M        22M       3.3G

MemTotal:        4016004 kB
MemFree:          133748 kB
Active:           455916 kB
Mem:          3.8G       3.7G       129M       5.7M        22M       3.3G

MemTotal:        4016004 kB
MemFree:          125308 kB
Active:           452640 kB
Mem:          3.8G       3.7G       121M       5.7M        22M       3.3G

MemTotal:        4016004 kB
MemFree:          126196 kB
Active:           449088 kB
Mem:          3.8G       3.7G       123M       5.7M        22M       3.3G

MemTotal:        4016004 kB
MemFree:          106932 kB
Active:           448224 kB
Mem:          3.8G       3.7G       104M       5.7M        22M       3.3G

MemTotal:        4016004 kB
MemFree:          131284 kB
Active:           445560 kB
Mem:          3.8G       3.7G       128M       5.7M        22M       3.3G

MemTotal:        4016004 kB
MemFree:          121324 kB
Active:           442376 kB
Mem:          3.8G       3.7G       118M       5.7M        22M       3.3G

MemTotal:        4016004 kB
MemFree:          111772 kB
Active:           441376 kB
Mem:          3.8G       3.7G       108M       5.7M        22M       3.3G

MemTotal:        4016004 kB
MemFree:          121100 kB
Active:           439608 kB
Mem:          3.8G       3.7G       118M       5.7M        22M       3.3G

MemTotal:        4016004 kB
MemFree:          109408 kB
Active:           439732 kB
Mem:          3.8G       3.7G       107M       5.7M        22M       3.3G

MemTotal:        4016004 kB
MemFree:          131452 kB
Active:           437580 kB
Mem:          3.8G       3.7G       128M       5.7M        22M       3.3G

MemTotal:        4016004 kB
MemFree:          125416 kB
Active:           437488 kB
Mem:          3.8G       3.7G       122M       5.7M        22M       3.3G

MemTotal:        4016004 kB
MemFree:          125508 kB
Active:           437460 kB
Mem:          3.8G       3.7G       122M       5.7M        22M       3.3G

MemTotal:        4016004 kB
MemFree:          111628 kB
Active:           436736 kB
Mem:          3.8G       3.7G       108M       5.7M        22M       3.3G

MemTotal:        4016004 kB
MemFree:          126440 kB
Active:           435104 kB
Mem:          3.8G       3.7G       123M       5.7M        22M       3.3G

MemTotal:        4016004 kB
MemFree:          105508 kB
Active:           433672 kB
Mem:          3.8G       3.7G       103M       5.7M        22M       3.3G

MemTotal:        4016004 kB
MemFree:          132720 kB
Active:           429636 kB
Mem:          3.8G       3.7G       129M       5.7M        22M       3.3G

MemTotal:        4016004 kB
MemFree:          128996 kB
Active:           428124 kB
Mem:          3.8G       3.7G       125M       5.7M        22M       3.3G

MemTotal:        4016004 kB
MemFree:          113944 kB
Active:           428036 kB
Mem:          3.8G       3.7G       110M       5.7M        22M       3.3G

MemTotal:        4016004 kB
MemFree:          113528 kB
Active:           428044 kB
Mem:          3.8G       3.7G       107M       5.7M        22M       3.3G

MemTotal:        4016004 kB
MemFree:          123424 kB
Active:           427152 kB
Mem:          3.8G       3.7G       120M       5.7M        22M       3.3G

MemTotal:        4016004 kB
MemFree:          108960 kB
Active:           425896 kB
Mem:          3.8G       3.7G       105M       5.7M        22M       3.3G

MemTotal:        4016004 kB
MemFree:          127224 kB
Active:           421652 kB
Mem:          3.8G       3.7G       124M       5.7M        22M       3.3G

MemTotal:        4016004 kB
MemFree:          117404 kB
Active:           418572 kB
Mem:          3.8G       3.7G       114M       5.7M        22M       3.3G

MemTotal:        4016004 kB
MemFree:          130204 kB
Active:           416680 kB
Mem:          3.8G       3.7G       126M       5.7M        22M       3.3G

MemTotal:        4016004 kB
MemFree:          120544 kB
Active:           415552 kB
Mem:          3.8G       3.7G       117M       5.7M        22M       3.3G

MemTotal:        4016004 kB
MemFree:          124340 kB
Active:           411332 kB
Mem:          3.8G       3.7G       121M       5.7M        22M       3.3G

MemTotal:        4016004 kB
MemFree:          110496 kB
Active:           410328 kB
Mem:          3.8G       3.7G       108M       5.7M        22M       3.3G

MemTotal:        4016004 kB
MemFree:          129228 kB
Active:           409204 kB
Mem:          3.8G       3.7G       126M       5.7M        22M       3.3G

MemTotal:        4016004 kB
MemFree:          119516 kB
Active:           409636 kB
Mem:          3.8G       3.7G       116M       5.7M        22M       3.3G

MemTotal:        4016004 kB
MemFree:          115336 kB
Active:           406840 kB
Mem:          3.8G       3.7G       112M       5.7M        22M       3.3G

MemTotal:        4016004 kB
MemFree:          124856 kB
Active:           405328 kB
Mem:          3.8G       3.7G       121M       5.7M        22M       3.3G

MemTotal:        4016004 kB
MemFree:          119812 kB
Active:           403692 kB
Mem:          3.8G       3.7G       116M       5.7M        22M       3.3G

MemTotal:        4016004 kB
MemFree:          128700 kB
Active:           403204 kB
Mem:          3.8G       3.7G       125M       5.7M        22M       3.3G

MemTotal:        4016004 kB
MemFree:          133196 kB
Active:           401676 kB
Mem:          3.8G       3.7G       129M       5.7M        22M       3.3G

MemTotal:        4016004 kB
MemFree:          124288 kB
Active:           400636 kB
Mem:          3.8G       3.7G       121M       5.7M        22M       3.3G

MemTotal:        4016004 kB
MemFree:          124864 kB
Active:           398664 kB
Mem:          3.8G       3.7G       121M       5.7M        22M       3.3G

MemTotal:        4016004 kB
MemFree:          126712 kB
Active:           396768 kB
Mem:          3.8G       3.7G       123M       5.7M        23M       3.3G

MemTotal:        4016004 kB
MemFree:          111892 kB
Active:           393808 kB
Mem:          3.8G       3.7G       109M       5.7M        23M       3.3G

MemTotal:        4016004 kB
MemFree:          126488 kB
Active:           392040 kB
Mem:          3.8G       3.7G       123M       5.7M        23M       3.3G

MemTotal:        4016004 kB
MemFree:          124432 kB
Active:           390148 kB
Mem:          3.8G       3.7G       121M       5.7M        23M       3.3G

MemTotal:        4016004 kB
MemFree:          127712 kB
Active:           388372 kB
Mem:          3.8G       3.7G       124M       5.7M        23M       3.3G

MemTotal:        4016004 kB
MemFree:          129680 kB
Active:           386732 kB
Mem:          3.8G       3.7G       126M       5.7M        23M       3.3G

MemTotal:        4016004 kB
MemFree:          140640 kB
Active:           385052 kB
Mem:          3.8G       3.7G       137M       5.7M        23M       3.2G

MemTotal:        4016004 kB
MemFree:          109424 kB
Active:           384992 kB
Mem:          3.8G       3.7G       106M       5.7M        23M       3.3G

MemTotal:        4016004 kB
MemFree:          128452 kB
Active:           382864 kB
Mem:          3.8G       3.7G       125M       5.7M        23M       3.3G

MemTotal:        4016004 kB
MemFree:          106260 kB
Active:           381732 kB
Mem:          3.8G       3.7G       103M       5.7M        23M       3.3G

MemTotal:        4016004 kB
MemFree:          110316 kB
Active:           379712 kB
Mem:          3.8G       3.7G       107M       5.7M        23M       3.3G

MemTotal:        4016004 kB
MemFree:          124592 kB
Active:           377820 kB
Mem:          3.8G       3.7G       132M       5.7M        23M       3.2G

MemTotal:        4016004 kB
MemFree:          126828 kB
Active:           376176 kB
Mem:          3.8G       3.7G       123M       5.7M        23M       3.3G

MemTotal:        4016004 kB
MemFree:          137172 kB
Active:           374544 kB
Mem:          3.8G       3.7G       133M       5.7M        23M       3.2G

MemTotal:        4016004 kB
MemFree:          127396 kB
Active:           373416 kB
Mem:          3.8G       3.7G       124M       5.7M        23M       3.3G

MemTotal:        4016004 kB
MemFree:          112824 kB
Active:           373052 kB
Mem:          3.8G       3.7G       108M       5.7M        23M       3.3G

MemTotal:        4016004 kB
MemFree:          127460 kB
Active:           372948 kB
Mem:          3.8G       3.7G       124M       5.7M        23M       3.3G

MemTotal:        4016004 kB
MemFree:          117916 kB
Active:           372972 kB
Mem:          3.8G       3.7G       114M       5.7M        23M       3.3G

MemTotal:        4016004 kB
MemFree:          109116 kB
Active:           373004 kB
Mem:          3.8G       3.7G       106M       5.7M        23M       3.3G

MemTotal:        4016004 kB
MemFree:          112220 kB
Active:           373032 kB
Mem:          3.8G       3.7G       109M       5.7M        23M       3.3G

MemTotal:        4016004 kB
MemFree:          122580 kB
Active:           373060 kB
Mem:          3.8G       3.7G       119M       5.7M        23M       3.3G

MemTotal:        4016004 kB
MemFree:          112960 kB
Active:           373088 kB
Mem:          3.8G       3.7G       110M       5.7M        23M       3.3G

MemTotal:        4016004 kB
MemFree:          128464 kB
Active:           372028 kB
Mem:          3.8G       3.7G       125M       5.7M        23M       3.3G

MemTotal:        4016004 kB
MemFree:          119244 kB
Active:           371984 kB
Mem:          3.8G       3.7G       115M       5.7M        23M       3.3G

MemTotal:        4016004 kB
MemFree:          104924 kB
Active:           372008 kB
Mem:          3.8G       3.7G       110M       5.7M        23M       3.3G

MemTotal:        4016004 kB
MemFree:          122396 kB
Active:           368964 kB
Mem:          3.8G       3.7G       119M       5.7M        23M       3.3G

MemTotal:        4016004 kB
MemFree:          106064 kB
Active:           368692 kB
Mem:          3.8G       3.7G       103M       5.7M        23M       3.3G

MemTotal:        4016004 kB
MemFree:          125936 kB
Active:           368752 kB
Mem:          3.8G       3.7G       122M       5.7M        23M       3.3G

MemTotal:        4016004 kB
MemFree:          110448 kB
Active:           368780 kB
Mem:          3.8G       3.7G       107M       5.7M        23M       3.3G

MemTotal:        4016004 kB
MemFree:          125600 kB
Active:           368804 kB
Mem:          3.8G       3.7G       121M       5.7M        23M       3.3G

MemTotal:        4016004 kB
MemFree:          148220 kB
Active:           368832 kB
Mem:          3.8G       3.7G       144M       5.7M        23M       3.2G

MemTotal:        4016004 kB
MemFree:          126420 kB
Active:           368860 kB
Mem:          3.8G       3.7G       123M       5.7M        23M       3.3G

MemTotal:        4016004 kB
MemFree:          105928 kB
Active:           370056 kB
Mem:          3.8G       3.7G       102M       5.7M        23M       3.3G

MemTotal:        4016004 kB
MemFree:          134512 kB
Active:           369508 kB
Mem:          3.8G       3.7G       131M       5.7M        23M       3.2G

MemTotal:        4016004 kB
MemFree:          125188 kB
Active:           369544 kB
Mem:          3.8G       3.7G       122M       5.7M        23M       3.3G

MemTotal:        4016004 kB
MemFree:          131912 kB
Active:           369572 kB
Mem:          3.8G       3.7G       128M       5.7M        23M       3.2G

MemTotal:        4016004 kB
MemFree:          122008 kB
Active:           369596 kB
Mem:          3.8G       3.7G       118M       5.7M        23M       3.3G

MemTotal:        4016004 kB
MemFree:          109028 kB
Active:           369624 kB
Mem:          3.8G       3.7G       106M       5.7M        23M       3.3G

MemTotal:        4016004 kB
MemFree:          125176 kB
Active:           369648 kB
Mem:          3.8G       3.7G       121M       5.7M        23M       3.3G

MemTotal:        4016004 kB
MemFree:          108720 kB
Active:           369612 kB
Mem:          3.8G       3.7G       105M       5.7M        23M       3.3G

MemTotal:        4016004 kB
MemFree:          130636 kB
Active:           369628 kB
Mem:          3.8G       3.7G       127M       5.7M        23M       3.2G

MemTotal:        4016004 kB
MemFree:          119996 kB
Active:           369500 kB
Mem:          3.8G       3.7G       117M       5.7M        23M       3.3G

MemTotal:        4016004 kB
MemFree:          127168 kB
Active:           367236 kB
Mem:          3.8G       3.7G       123M       5.7M        23M       3.3G

MemTotal:        4016004 kB
MemFree:          122796 kB
Active:           366924 kB
Mem:          3.8G       3.7G       119M       5.7M        23M       3.3G

MemTotal:        4016004 kB
MemFree:          130108 kB
Active:           366940 kB
Mem:          3.8G       3.7G       127M       5.7M        24M       3.2G

MemTotal:        4016004 kB
MemFree:          122800 kB
Active:           366260 kB
Mem:          3.8G       3.7G       119M       5.7M        24M       3.3G

MemTotal:        4016004 kB
MemFree:          114720 kB
Active:           366216 kB
Mem:          3.8G       3.7G       111M       5.7M        24M       3.3G

MemTotal:        4016004 kB
MemFree:          124288 kB
Active:           366248 kB
Mem:          3.8G       3.7G       120M       5.7M        24M       3.3G

MemTotal:        4016004 kB
MemFree:          114324 kB
Active:           366272 kB
Mem:          3.8G       3.7G       111M       5.7M        24M       3.3G

MemTotal:        4016004 kB
MemFree:          105700 kB
Active:           366276 kB
Mem:          3.8G       3.7G       102M       5.7M        24M       3.3G

MemTotal:        4016004 kB
MemFree:          123484 kB
Active:           366292 kB
Mem:          3.8G       3.7G       120M       5.7M        24M       3.3G

MemTotal:        4016004 kB
MemFree:          114672 kB
Active:           366308 kB
Mem:          3.8G       3.7G       112M       5.7M        24M       3.3G

MemTotal:        4016004 kB
MemFree:          121404 kB
Active:           366336 kB
Mem:          3.8G       3.7G       118M       5.7M        24M       3.3G

MemTotal:        4016004 kB
MemFree:          111992 kB
Active:           370420 kB
Mem:          3.8G       3.7G       108M       5.7M        24M       3.3G

MemTotal:        4016004 kB
MemFree:          125264 kB
Active:           368260 kB
Mem:          3.8G       3.7G       125M       5.7M        24M       3.2G

MemTotal:        4016004 kB
MemFree:          126728 kB
Active:           368032 kB
Mem:          3.8G       3.7G       123M       5.7M        24M       3.2G

MemTotal:        4016004 kB
MemFree:          133324 kB
Active:           368048 kB
Mem:          3.8G       3.7G       129M       5.7M        24M       3.2G

MemTotal:        4016004 kB
MemFree:          131740 kB
Active:           368072 kB
Mem:          3.8G       3.7G       128M       5.7M        24M       3.2G

MemTotal:        4016004 kB
MemFree:          131228 kB
Active:           368092 kB
Mem:          3.8G       3.7G       128M       5.7M        24M       3.2G

MemTotal:        4016004 kB
MemFree:          131540 kB
Active:           368100 kB
Mem:          3.8G       3.7G       128M       5.7M        24M       3.2G

MemTotal:        4016004 kB
MemFree:          131728 kB
Active:           368104 kB
Mem:          3.8G       3.7G       128M       5.7M        24M       3.2G

MemTotal:        4016004 kB
MemFree:          126172 kB
Active:           368108 kB
Mem:          3.8G       3.7G       123M       5.7M        24M       3.2G

MemTotal:        4016004 kB
MemFree:          110932 kB
Active:           368132 kB
Mem:          3.8G       3.7G       108M       5.7M        24M       3.3G

MemTotal:        4016004 kB
MemFree:          126652 kB
Active:           368152 kB
Mem:          3.8G       3.7G       123M       5.7M        24M       3.2G

MemTotal:        4016004 kB
MemFree:          120100 kB
Active:           368188 kB
Mem:          3.8G       3.7G       117M       5.7M        24M       3.3G

MemTotal:        4016004 kB
MemFree:          105124 kB
Active:           368060 kB
Mem:          3.8G       3.7G       102M       5.7M        24M       3.3G

MemTotal:        4016004 kB
MemFree:          133332 kB
Active:           367956 kB
Mem:          3.8G       3.7G       129M       5.7M        24M       3.2G

MemTotal:        4016004 kB
MemFree:          135476 kB
Active:           367984 kB
Mem:          3.8G       3.7G       132M       5.7M        24M       3.2G

MemTotal:        4016004 kB
MemFree:          143476 kB
Active:           368004 kB
Mem:          3.8G       3.7G       140M       5.7M        24M       3.2G

MemTotal:        4016004 kB
MemFree:          116608 kB
Active:           368028 kB
Mem:          3.8G       3.7G       113M       5.7M        24M       3.3G

MemTotal:        4016004 kB
MemFree:          107712 kB
Active:           368008 kB
Mem:          3.8G       3.7G       105M       5.7M        24M       3.3G

MemTotal:        4016004 kB
MemFree:          135480 kB
Active:           368068 kB
Mem:          3.8G       3.7G       132M       5.7M        24M       3.2G

MemTotal:        4016004 kB
MemFree:          138420 kB
Active:           368092 kB
Mem:          3.8G       3.7G       135M       5.7M        24M       3.2G

MemTotal:        4016004 kB
MemFree:          110928 kB
Active:           368108 kB
Mem:          3.8G       3.7G       108M       5.7M        24M       3.3G

MemTotal:        4016004 kB
MemFree:          124808 kB
Active:           368092 kB
Mem:          3.8G       3.7G       122M       5.7M        24M       3.2G

MemTotal:        4016004 kB
MemFree:          122552 kB
Active:           368108 kB
Mem:          3.8G       3.7G       119M       5.7M        24M       3.2G

MemTotal:        4016004 kB
MemFree:          128772 kB
Active:           365532 kB
Mem:          3.8G       3.7G       126M       5.7M        24M       3.2G

MemTotal:        4016004 kB
MemFree:          120124 kB
Active:           365492 kB
Mem:          3.8G       3.7G       117M       5.7M        24M       3.3G

MemTotal:        4016004 kB
MemFree:          105048 kB
Active:           365516 kB
Mem:          3.8G       3.7G       102M       5.7M        24M       3.3G

MemTotal:        4016004 kB
MemFree:          126508 kB
Active:           365540 kB
Mem:          3.8G       3.7G       123M       5.7M        24M       3.2G

MemTotal:        4016004 kB
MemFree:          111800 kB
Active:           365548 kB
Mem:          3.8G       3.7G       109M       5.7M        24M       3.3G

MemTotal:        4016004 kB
MemFree:          127396 kB
Active:           365536 kB
Mem:          3.8G       3.7G       124M       5.7M        24M       3.2G

MemTotal:        4016004 kB
MemFree:          118572 kB
Active:           367256 kB
Mem:          3.8G       3.7G       116M       5.7M        24M       3.2G

MemTotal:        4016004 kB
MemFree:          110028 kB
Active:           367148 kB
Mem:          3.8G       3.7G       107M       5.7M        24M       3.3G

MemTotal:        4016004 kB
MemFree:          108392 kB
Active:           367040 kB
Mem:          3.8G       3.7G       105M       5.7M        24M       3.3G

MemTotal:        4016004 kB
MemFree:          108724 kB
Active:           367012 kB
Mem:          3.8G       3.7G       105M       5.7M        24M       3.3G

MemTotal:        4016004 kB
MemFree:          106460 kB
Active:           366612 kB
Mem:          3.8G       3.7G       103M       5.7M        24M       3.3G

MemTotal:        4016004 kB
MemFree:          127916 kB
Active:           366340 kB
Mem:          3.8G       3.7G       124M       5.7M        24M       3.2G

MemTotal:        4016004 kB
MemFree:          124724 kB
Active:           366364 kB
Mem:          3.8G       3.7G       121M       5.7M        24M       3.2G

MemTotal:        4016004 kB
MemFree:          145988 kB
Active:           366268 kB
Mem:          3.8G       3.7G       142M       5.7M        24M       3.2G

MemTotal:        4016004 kB
MemFree:          125420 kB
Active:           366304 kB
Mem:          3.8G       3.7G       122M       5.7M        24M       3.2G

MemTotal:        4016004 kB
MemFree:          122584 kB
Active:           366324 kB
Mem:          3.8G       3.7G       119M       5.7M        24M       3.2G

MemTotal:        4016004 kB
MemFree:          107212 kB
Active:           366348 kB
Mem:          3.8G       3.7G       104M       5.7M        24M       3.3G

MemTotal:        4016004 kB
MemFree:          128300 kB
Active:           366372 kB
Mem:          3.8G       3.7G       125M       5.7M        24M       3.2G

MemTotal:        4016004 kB
MemFree:          119672 kB
Active:           366392 kB
Mem:          3.8G       3.7G       116M       5.7M        24M       3.2G

MemTotal:        4016004 kB
MemFree:          125088 kB
Active:           360248 kB
Mem:          3.8G       3.7G       122M       5.7M        24M       3.2G

MemTotal:        4016004 kB
MemFree:          127388 kB
Active:           360268 kB
Mem:          3.8G       3.7G       124M       5.7M        25M       3.2G

MemTotal:        4016004 kB
MemFree:          131296 kB
Active:           360228 kB
Mem:          3.8G       3.7G       128M       5.7M        25M       3.2G

MemTotal:        4016004 kB
MemFree:          124720 kB
Active:           360308 kB
Mem:          3.8G       3.7G       121M       5.7M        25M       3.2G

MemTotal:        4016004 kB
MemFree:          131384 kB
Active:           360328 kB
Mem:          3.8G       3.7G       127M       5.7M        25M       3.2G

MemTotal:        4016004 kB
MemFree:          113820 kB
Active:           360348 kB
Mem:          3.8G       3.7G       110M       5.7M        25M       3.3G

MemTotal:        4016004 kB
MemFree:          104956 kB
Active:           360364 kB
Mem:          3.8G       3.7G       109M       5.7M        25M       3.3G

MemTotal:        4016004 kB
MemFree:          124664 kB
Active:           362052 kB
Mem:          3.8G       3.7G       121M       5.7M        25M       3.2G

MemTotal:        4016004 kB
MemFree:          128608 kB
Active:           362048 kB
Mem:          3.8G       3.7G       125M       5.7M        25M       3.2G

MemTotal:        4016004 kB
MemFree:          125672 kB
Active:           362068 kB
Mem:          3.8G       3.7G       122M       5.7M        25M       3.2G

MemTotal:        4016004 kB
MemFree:          106364 kB
Active:           362056 kB
Mem:          3.8G       3.7G       103M       5.7M        25M       3.3G

MemTotal:        4016004 kB
MemFree:          123480 kB
Active:           359880 kB
Mem:          3.8G       3.7G       120M       5.7M        25M       3.2G

MemTotal:        4016004 kB
MemFree:          126508 kB
Active:           359904 kB
Mem:          3.8G       3.7G       123M       5.7M        25M       3.2G

MemTotal:        4016004 kB
MemFree:          112096 kB
Active:           359924 kB
Mem:          3.8G       3.7G       109M       5.7M        25M       3.3G

MemTotal:        4016004 kB
MemFree:          123848 kB
Active:           359960 kB
Mem:          3.8G       3.7G       120M       5.7M        25M       3.2G

MemTotal:        4016004 kB
MemFree:          123400 kB
Active:           359984 kB
Mem:          3.8G       3.7G       120M       5.7M        25M       3.2G

MemTotal:        4016004 kB
MemFree:          123564 kB
Active:           359984 kB
Mem:          3.8G       3.7G       120M       5.7M        25M       3.2G

MemTotal:        4016004 kB
MemFree:          106404 kB
Active:           361368 kB
Mem:          3.8G       3.7G       103M       5.7M        25M       3.3G

MemTotal:        4016004 kB
MemFree:          128460 kB
Active:           361140 kB
Mem:          3.8G       3.7G       125M       5.7M        25M       3.2G

MemTotal:        4016004 kB
MemFree:          121308 kB
Active:           361160 kB
Mem:          3.8G       3.7G       117M       5.7M        25M       3.2G

MemTotal:        4016004 kB
MemFree:          124796 kB
Active:           361192 kB
Mem:          3.8G       3.7G       122M       5.7M        25M       3.2G

MemTotal:        4016004 kB
MemFree:          130508 kB
Active:           361216 kB
Mem:          3.8G       3.7G       127M       5.7M        25M       3.2G

MemTotal:        4016004 kB
MemFree:          140044 kB
Active:           361236 kB
Mem:          3.8G       3.7G       136M       5.7M        25M       3.2G

MemTotal:        4016004 kB
MemFree:          131436 kB
Active:           361264 kB
Mem:          3.8G       3.7G       128M       5.7M        25M       3.2G

MemTotal:        4016004 kB
MemFree:          133168 kB
Active:           358272 kB
Mem:          3.8G       3.7G       129M       5.7M        25M       3.2G

MemTotal:        4016004 kB
MemFree:          130960 kB
Active:           358204 kB
Mem:          3.8G       3.7G       127M       5.7M        25M       3.2G

MemTotal:        4016004 kB
MemFree:          109380 kB
Active:           358176 kB
Mem:          3.8G       3.7G       106M       5.7M        25M       3.3G

MemTotal:        4016004 kB
MemFree:          134524 kB
Active:           359376 kB
Mem:          3.8G       3.7G       131M       5.7M        25M       3.2G

MemTotal:        4016004 kB
MemFree:          119812 kB
Active:           359276 kB
Mem:          3.8G       3.7G       117M       5.7M        25M       3.2G

MemTotal:        4016004 kB
MemFree:          110892 kB
Active:           359296 kB
Mem:          3.8G       3.7G       108M       5.7M        25M       3.2G

MemTotal:        4016004 kB
MemFree:          119836 kB
Active:           359324 kB
Mem:          3.8G       3.7G       116M       5.7M        25M       3.2G

MemTotal:        4016004 kB
MemFree:          110804 kB
Active:           359348 kB
Mem:          3.8G       3.7G       107M       5.7M        25M       3.2G

MemTotal:        4016004 kB
MemFree:          127024 kB
Active:           359368 kB
Mem:          3.8G       3.7G       123M       5.7M        25M       3.2G

MemTotal:        4016004 kB
MemFree:          125992 kB
Active:           359392 kB
Mem:          3.8G       3.7G       122M       5.7M        25M       3.2G

MemTotal:        4016004 kB
MemFree:          127876 kB
Active:           359412 kB
Mem:          3.8G       3.7G       124M       5.7M        25M       3.2G

MemTotal:        4016004 kB
MemFree:          112668 kB
Active:           359444 kB
Mem:          3.8G       3.7G       109M       5.7M        25M       3.2G

MemTotal:        4016004 kB
MemFree:          106208 kB
Active:           359476 kB
Mem:          3.8G       3.7G       103M       5.7M        25M       3.3G

MemTotal:        4016004 kB
MemFree:          144168 kB
Active:           356532 kB
Mem:          3.8G       3.7G       140M       5.7M        25M       3.2G

MemTotal:        4016004 kB
MemFree:          135508 kB
Active:           356576 kB
Mem:          3.8G       3.7G       131M       5.7M        25M       3.2G

MemTotal:        4016004 kB
MemFree:          134328 kB
Active:           356596 kB
Mem:          3.8G       3.7G       130M       5.7M        25M       3.2G

MemTotal:        4016004 kB
MemFree:          127260 kB
Active:           356620 kB
Mem:          3.8G       3.7G       124M       5.7M        25M       3.2G

MemTotal:        4016004 kB
MemFree:          118444 kB
Active:           356628 kB
Mem:          3.8G       3.7G       115M       5.7M        25M       3.2G

MemTotal:        4016004 kB
MemFree:          111400 kB
Active:           356652 kB
Mem:          3.8G       3.7G       108M       5.7M        25M       3.2G

MemTotal:        4016004 kB
MemFree:          114032 kB
Active:           356676 kB
Mem:          3.8G       3.7G       111M       5.7M        25M       3.2G

MemTotal:        4016004 kB
MemFree:          118888 kB
Active:           356700 kB
Mem:          3.8G       3.7G       116M       5.7M        25M       3.2G

MemTotal:        4016004 kB
MemFree:          109796 kB
Active:           356732 kB
Mem:          3.8G       3.7G       107M       5.7M        25M       3.2G

MemTotal:        4016004 kB
MemFree:          125444 kB
Active:           356756 kB
Mem:          3.8G       3.7G       122M       5.7M        25M       3.2G

MemTotal:        4016004 kB
MemFree:          128132 kB
Active:           356776 kB
Mem:          3.8G       3.7G       124M       5.7M        25M       3.2G

MemTotal:        4016004 kB
MemFree:          126924 kB
Active:           356776 kB
Mem:          3.8G       3.7G       123M       5.7M        25M       3.2G

MemTotal:        4016004 kB
MemFree:          123064 kB
Active:           356828 kB
Mem:          3.8G       3.7G       119M       5.7M        25M       3.2G

MemTotal:        4016004 kB
MemFree:          122468 kB
Active:           356800 kB
Mem:          3.8G       3.7G       119M       5.7M        25M       3.2G

MemTotal:        4016004 kB
MemFree:          122320 kB
Active:           356848 kB
Mem:          3.8G       3.7G       119M       5.7M        25M       3.2G

MemTotal:        4016004 kB
MemFree:          106572 kB
Active:           356816 kB
Mem:          3.8G       3.7G       103M       5.7M        25M       3.3G

MemTotal:        4016004 kB
MemFree:          117300 kB
Active:           356860 kB
Mem:          3.8G       3.7G       113M       5.7M        25M       3.2G

MemTotal:        4016004 kB
MemFree:          111088 kB
Active:           353372 kB
Mem:          3.8G       3.7G       108M       5.7M        26M       3.2G

MemTotal:        4016004 kB
MemFree:          121052 kB
Active:           353400 kB
Mem:          3.8G       3.7G       117M       5.7M        26M       3.2G

MemTotal:        4016004 kB
MemFree:          110852 kB
Active:           353424 kB
Mem:          3.8G       3.7G       108M       5.7M        26M       3.2G

MemTotal:        4016004 kB
MemFree:          124884 kB
Active:           354548 kB
Mem:          3.8G       3.7G       121M       5.7M        26M       3.2G

MemTotal:        4016004 kB
MemFree:          108668 kB
Active:           352388 kB
Mem:          3.8G       3.7G       105M       5.7M        26M       3.2G

MemTotal:        4016004 kB
MemFree:          132428 kB
Active:           352452 kB
Mem:          3.8G       3.7G       133M       5.7M        26M       3.2G

MemTotal:        4016004 kB
MemFree:          134240 kB
Active:           352484 kB
Mem:          3.8G       3.7G       130M       5.7M        26M       3.2G

MemTotal:        4016004 kB
MemFree:          130116 kB
Active:           352504 kB
Mem:          3.8G       3.7G       126M       5.7M        26M       3.2G

MemTotal:        4016004 kB
MemFree:          132916 kB
Active:           352396 kB
Mem:          3.8G       3.7G       129M       5.7M        26M       3.2G

MemTotal:        4016004 kB
MemFree:          140976 kB
Active:           352420 kB
Mem:          3.8G       3.7G       137M       5.7M        26M       3.2G

MemTotal:        4016004 kB
MemFree:          132268 kB
Active:           352440 kB
Mem:          3.8G       3.7G       128M       5.7M        26M       3.2G

MemTotal:        4016004 kB
MemFree:          113160 kB
Active:           352484 kB
Mem:          3.8G       3.7G       110M       5.7M        26M       3.2G

MemTotal:        4016004 kB
MemFree:          119416 kB
Active:           352460 kB
Mem:          3.8G       3.7G       116M       5.7M        26M       3.2G

MemTotal:        4016004 kB
MemFree:          109440 kB
Active:           352520 kB
Mem:          3.8G       3.7G       106M       5.7M        26M       3.2G

MemTotal:        4016004 kB
MemFree:          125232 kB
Active:           352496 kB
Mem:          3.8G       3.7G       121M       5.7M        26M       3.2G

MemTotal:        4016004 kB
MemFree:          134212 kB
Active:           352568 kB
Mem:          3.8G       3.7G       131M       5.7M        26M       3.2G

MemTotal:        4016004 kB
MemFree:          136048 kB
Active:           352460 kB
Mem:          3.8G       3.7G       132M       5.7M        26M       3.2G

MemTotal:        4016004 kB
MemFree:          130612 kB
Active:           352480 kB
Mem:          3.8G       3.7G       127M       5.7M        26M       3.2G

MemTotal:        4016004 kB
MemFree:          121784 kB
Active:           352172 kB
Mem:          3.8G       3.7G       118M       5.7M        26M       3.2G

MemTotal:        4016004 kB
MemFree:          121676 kB
Active:           352204 kB
Mem:          3.8G       3.7G       118M       5.7M        26M       3.2G

MemTotal:        4016004 kB
MemFree:          121676 kB
Active:           352208 kB
Mem:          3.8G       3.7G       118M       5.7M        26M       3.2G

MemTotal:        4016004 kB
MemFree:          121924 kB
Active:           352172 kB
Mem:          3.8G       3.7G       118M       5.7M        26M       3.2G

MemTotal:        4016004 kB
MemFree:          121552 kB
Active:           352212 kB
Mem:          3.8G       3.7G       118M       5.7M        26M       3.2G

MemTotal:        4016004 kB
MemFree:          121164 kB
Active:           351948 kB
Mem:          3.8G       3.7G       118M       5.7M        26M       3.2G

MemTotal:        4016004 kB
MemFree:          121424 kB
Active:           353896 kB
Mem:          3.8G       3.7G       118M       5.7M        26M       3.2G

MemTotal:        4016004 kB
MemFree:          121796 kB
Active:           353860 kB
Mem:          3.8G       3.7G       118M       5.7M        26M       3.2G

MemTotal:        4016004 kB
MemFree:          121424 kB
Active:           353904 kB
Mem:          3.8G       3.7G       118M       5.7M        26M       3.2G

MemTotal:        4016004 kB
MemFree:          121424 kB
Active:           353904 kB
Mem:          3.8G       3.7G       118M       5.7M        26M       3.2G

MemTotal:        4016004 kB
MemFree:          121796 kB
Active:           353868 kB
Mem:          3.8G       3.7G       118M       5.7M        26M       3.2G

MemTotal:        4016004 kB
MemFree:          121300 kB
Active:           353908 kB
Mem:          3.8G       3.7G       118M       5.7M        26M       3.2G

MemTotal:        4016004 kB
MemFree:          121300 kB
Active:           353908 kB
Mem:          3.8G       3.7G       118M       5.7M        26M       3.2G

MemTotal:        4016004 kB
MemFree:          121300 kB
Active:           354040 kB
Mem:          3.8G       3.7G       118M       5.7M        26M       3.2G

MemTotal:        4016004 kB
MemFree:          121200 kB
Active:           353988 kB
Mem:          3.8G       3.7G       118M       5.7M        26M       3.2G

MemTotal:        4016004 kB
MemFree:          121068 kB
Active:           354040 kB
Mem:          3.8G       3.7G       118M       5.7M        26M       3.2G

MemTotal:        4016004 kB
MemFree:          120944 kB
Active:           354052 kB
Mem:          3.8G       3.7G       118M       5.7M        26M       3.2G

MemTotal:        4016004 kB
MemFree:          121380 kB
Active:           353904 kB
Mem:          3.8G       3.7G       118M       5.7M        26M       3.2G

MemTotal:        4016004 kB
MemFree:          121224 kB
Active:           353928 kB
Mem:          3.8G       3.7G       118M       5.7M        26M       3.2G

MemTotal:        4016004 kB
MemFree:          121596 kB
Active:           353928 kB
Mem:          3.8G       3.7G       118M       5.7M        26M       3.2G

MemTotal:        4016004 kB
MemFree:          121348 kB
Active:           353928 kB
Mem:          3.8G       3.7G       118M       5.7M        26M       3.2G

MemTotal:        4016004 kB
MemFree:          121720 kB
Active:           353884 kB
Mem:          3.8G       3.7G       118M       5.7M        26M       3.2G

MemTotal:        4016004 kB
MemFree:          121348 kB
Active:           353928 kB
Mem:          3.8G       3.7G       118M       5.7M        26M       3.2G

MemTotal:        4016004 kB
MemFree:          121472 kB
Active:           353900 kB
Mem:          3.8G       3.7G       118M       5.7M        26M       3.2G

MemTotal:        4016004 kB
MemFree:          120972 kB
Active:           353944 kB
Mem:          3.8G       3.7G       118M       5.7M        26M       3.2G

MemTotal:        4016004 kB
MemFree:          120972 kB
Active:           353944 kB
Mem:          3.8G       3.7G       118M       5.7M        26M       3.2G

MemTotal:        4016004 kB
MemFree:          121088 kB
Active:           353956 kB
Mem:          3.8G       3.7G       118M       5.7M        26M       3.2G

MemTotal:        4016004 kB
MemFree:          121448 kB
Active:           354032 kB
Mem:          3.8G       3.7G       118M       5.7M        26M       3.2G

MemTotal:        4016004 kB
MemFree:          121744 kB
Active:           353932 kB
Mem:          3.8G       3.7G       118M       5.7M        26M       3.2G

MemTotal:        4016004 kB
MemFree:          121496 kB
Active:           353964 kB
Mem:          3.8G       3.7G       118M       5.7M        26M       3.2G

MemTotal:        4016004 kB
MemFree:          121868 kB
Active:           353964 kB
Mem:          3.8G       3.7G       118M       5.7M        26M       3.2G

MemTotal:        4016004 kB
MemFree:          121248 kB
Active:           353964 kB
Mem:          3.8G       3.7G       118M       5.7M        26M       3.2G

MemTotal:        4016004 kB
MemFree:          121124 kB
Active:           353964 kB
Mem:          3.8G       3.7G       118M       5.7M        26M       3.2G

MemTotal:        4016004 kB
MemFree:          121620 kB
Active:           353920 kB
Mem:          3.8G       3.7G       118M       5.7M        26M       3.2G

MemTotal:        4016004 kB
MemFree:          121124 kB
Active:           353964 kB
Mem:          3.8G       3.7G       118M       5.7M        26M       3.2G

MemTotal:        4016004 kB
MemFree:          121124 kB
Active:           353964 kB
Mem:          3.8G       3.7G       118M       5.7M        26M       3.2G

MemTotal:        4016004 kB
MemFree:          121124 kB
Active:           353964 kB
Mem:          3.8G       3.7G       118M       5.7M        26M       3.2G

MemTotal:        4016004 kB
MemFree:          121620 kB
Active:           353936 kB
Mem:          3.8G       3.7G       118M       5.7M        26M       3.2G

MemTotal:        4016004 kB
MemFree:          121248 kB
Active:           353988 kB
Mem:          3.8G       3.7G       118M       5.7M        26M       3.2G

MemTotal:        4016004 kB
MemFree:          121372 kB
Active:           353988 kB
Mem:          3.8G       3.7G       118M       5.7M        26M       3.2G

MemTotal:        4016004 kB
MemFree:          117556 kB
Active:           357064 kB
Mem:          3.8G       3.7G       114M       5.7M        28M       3.2G

MemTotal:        4016004 kB
MemFree:          118364 kB
Active:           356276 kB
Mem:          3.8G       3.7G       115M       5.7M        28M       3.2G

MemTotal:        4016004 kB
MemFree:          118364 kB
Active:           356276 kB
Mem:          3.8G       3.7G       115M       5.7M        28M       3.2G

MemTotal:        4016004 kB
MemFree:          117992 kB
Active:           356276 kB
Mem:          3.8G       3.7G       115M       5.7M        28M       3.2G

MemTotal:        4016004 kB
MemFree:          118364 kB
Active:           356244 kB
Mem:          3.8G       3.7G       115M       5.7M        28M       3.2G

MemTotal:        4016004 kB
MemFree:          118116 kB
Active:           356284 kB
Mem:          3.8G       3.7G       115M       5.7M        28M       3.2G

MemTotal:        4016004 kB
MemFree:          118488 kB
Active:           356244 kB
Mem:          3.8G       3.7G       115M       5.7M        28M       3.2G

MemTotal:        4016004 kB
MemFree:          117992 kB
Active:           356284 kB
Mem:          3.8G       3.7G       115M       5.7M        28M       3.2G

MemTotal:        4016004 kB
MemFree:          117992 kB
Active:           356284 kB
Mem:          3.8G       3.7G       115M       5.7M        28M       3.2G

MemTotal:        4016004 kB
MemFree:          118364 kB
Active:           356240 kB
Mem:          3.8G       3.7G       115M       5.7M        28M       3.2G

MemTotal:        4016004 kB
MemFree:          118240 kB
Active:           356288 kB
Mem:          3.8G       3.7G       115M       5.7M        28M       3.2G

MemTotal:        4016004 kB
MemFree:          118240 kB
Active:           356288 kB
Mem:          3.8G       3.7G       115M       5.7M        28M       3.2G

MemTotal:        4016004 kB
MemFree:          118488 kB
Active:           356252 kB
Mem:          3.8G       3.7G       115M       5.7M        28M       3.2G

MemTotal:        4016004 kB
MemFree:          117744 kB
Active:           356300 kB
Mem:          3.8G       3.7G       114M       5.7M        28M       3.2G

MemTotal:        4016004 kB
MemFree:          117868 kB
Active:           356300 kB
Mem:          3.8G       3.7G       115M       5.7M        28M       3.2G

MemTotal:        4016004 kB
MemFree:          117992 kB
Active:           356300 kB
Mem:          3.8G       3.7G       115M       5.7M        28M       3.2G

MemTotal:        4016004 kB
MemFree:          118364 kB
Active:           356260 kB
Mem:          3.8G       3.7G       115M       5.7M        28M       3.2G

MemTotal:        4016004 kB
MemFree:          117868 kB
Active:           356304 kB
Mem:          3.8G       3.7G       115M       5.7M        28M       3.2G

MemTotal:        4016004 kB
MemFree:          117992 kB
Active:           356304 kB
Mem:          3.8G       3.7G       115M       5.7M        28M       3.2G

MemTotal:        4016004 kB
MemFree:          117868 kB
Active:           356308 kB
Mem:          3.8G       3.7G       115M       5.7M        28M       3.2G

MemTotal:        4016004 kB
MemFree:          117868 kB
Active:           356316 kB
Mem:          3.8G       3.7G       115M       5.7M        28M       3.2G

MemTotal:        4016004 kB
MemFree:          117868 kB
Active:           356316 kB
Mem:          3.8G       3.7G       115M       5.7M        28M       3.2G

MemTotal:        4016004 kB
MemFree:          118240 kB
Active:           356280 kB
Mem:          3.8G       3.7G       114M       5.7M        28M       3.2G

MemTotal:        4016004 kB
MemFree:          117868 kB
Active:           356320 kB
Mem:          3.8G       3.7G       115M       5.7M        28M       3.2G

MemTotal:        4016004 kB
MemFree:          118116 kB
Active:           356324 kB
Mem:          3.8G       3.7G       115M       5.7M        28M       3.2G

MemTotal:        4016004 kB
MemFree:          117744 kB
Active:           356328 kB
Mem:          3.8G       3.7G       114M       5.7M        28M       3.2G

MemTotal:        4016004 kB
MemFree:          118116 kB
Active:           356336 kB
Mem:          3.8G       3.7G       115M       5.7M        28M       3.2G

MemTotal:        4016004 kB
MemFree:          117744 kB
Active:           356340 kB
Mem:          3.8G       3.7G       114M       5.7M        28M       3.2G

MemTotal:        4016004 kB
MemFree:          117744 kB
Active:           356340 kB
Mem:          3.8G       3.7G       114M       5.7M        28M       3.2G

MemTotal:        4016004 kB
MemFree:          117744 kB
Active:           356340 kB
Mem:          3.8G       3.7G       114M       5.7M        28M       3.2G

MemTotal:        4016004 kB
MemFree:          118116 kB
Active:           356344 kB
Mem:          3.8G       3.7G       115M       5.7M        28M       3.2G

MemTotal:        4016004 kB
MemFree:          118116 kB
Active:           356296 kB
Mem:          3.8G       3.7G       115M       5.7M        28M       3.2G

MemTotal:        4016004 kB
MemFree:          117744 kB
Active:           356352 kB
Mem:          3.8G       3.7G       114M       5.7M        28M       3.2G

MemTotal:        4016004 kB
MemFree:          118116 kB
Active:           356320 kB
Mem:          3.8G       3.7G       115M       5.7M        28M       3.2G

MemTotal:        4016004 kB
MemFree:          117744 kB
Active:           356356 kB
Mem:          3.8G       3.7G       114M       5.7M        28M       3.2G

MemTotal:        4016004 kB
MemFree:          118056 kB
Active:           356360 kB
Mem:          3.8G       3.7G       115M       5.7M        28M       3.2G

MemTotal:        4016004 kB
MemFree:          118180 kB
Active:           356320 kB
Mem:          3.8G       3.7G       115M       5.7M        28M       3.2G

MemTotal:        4016004 kB
MemFree:          118304 kB
Active:           356360 kB
Mem:          3.8G       3.7G       115M       5.7M        28M       3.2G

MemTotal:        4016004 kB
MemFree:          118056 kB
Active:           356360 kB
Mem:          3.8G       3.7G       115M       5.7M        28M       3.2G

MemTotal:        4016004 kB
MemFree:          118180 kB
Active:           356328 kB
Mem:          3.8G       3.7G       115M       5.7M        28M       3.2G

MemTotal:        4016004 kB
MemFree:          118428 kB
Active:           356368 kB
Mem:          3.8G       3.7G       115M       5.7M        28M       3.2G

MemTotal:        4016004 kB
MemFree:          118056 kB
Active:           356372 kB
Mem:          3.8G       3.7G       115M       5.7M        28M       3.2G

MemTotal:        4016004 kB
MemFree:          118072 kB
Active:           356372 kB
Mem:          3.8G       3.7G       115M       5.7M        28M       3.2G

MemTotal:        4016004 kB
MemFree:          118072 kB
Active:           356372 kB
Mem:          3.8G       3.7G       115M       5.7M        28M       3.2G

MemTotal:        4016004 kB
MemFree:          118072 kB
Active:           356372 kB
Mem:          3.8G       3.7G       115M       5.7M        28M       3.2G

MemTotal:        4016004 kB
MemFree:          118196 kB
Active:           356324 kB
Mem:          3.8G       3.7G       115M       5.7M        28M       3.2G

MemTotal:        4016004 kB
MemFree:          117948 kB
Active:           356380 kB
Mem:          3.8G       3.7G       115M       5.7M        28M       3.2G

MemTotal:        4016004 kB
MemFree:          118196 kB
Active:           356348 kB
Mem:          3.8G       3.7G       115M       5.7M        28M       3.2G

MemTotal:        4016004 kB
MemFree:          117832 kB
Active:           356468 kB
Mem:          3.8G       3.7G       115M       5.7M        28M       3.2G

MemTotal:        4016004 kB
MemFree:          118204 kB
Active:           356452 kB
Mem:          3.8G       3.7G       114M       5.7M        28M       3.2G

MemTotal:        4016004 kB
MemFree:          117708 kB
Active:           356500 kB
Mem:          3.8G       3.7G       114M       5.7M        28M       3.2G

MemTotal:        4016004 kB
MemFree:          117940 kB
Active:           356544 kB
Mem:          3.8G       3.7G       115M       5.7M        28M       3.2G

MemTotal:        4016004 kB
MemFree:          117692 kB
Active:           356544 kB
Mem:          3.8G       3.7G       114M       5.7M        28M       3.2G

MemTotal:        4016004 kB
MemFree:          117692 kB
Active:           356544 kB
Mem:          3.8G       3.7G       114M       5.7M        28M       3.2G

MemTotal:        4016004 kB
MemFree:          118064 kB
Active:           356552 kB
Mem:          3.8G       3.7G       115M       5.7M        28M       3.2G

MemTotal:        4016004 kB
MemFree:          117816 kB
Active:           356560 kB
Mem:          3.8G       3.7G       115M       5.7M        28M       3.2G

MemTotal:        4016004 kB
MemFree:          117816 kB
Active:           356560 kB
Mem:          3.8G       3.7G       115M       5.7M        28M       3.2G

MemTotal:        4016004 kB
MemFree:          117816 kB
Active:           356560 kB
Mem:          3.8G       3.7G       115M       5.7M        28M       3.2G

MemTotal:        4016004 kB
MemFree:          117816 kB
Active:           356560 kB
Mem:          3.8G       3.7G       115M       5.7M        28M       3.2G

MemTotal:        4016004 kB
MemFree:          118064 kB
Active:           356560 kB
Mem:          3.8G       3.7G       115M       5.7M        28M       3.2G

MemTotal:        4016004 kB
MemFree:          117692 kB
Active:           356568 kB
Mem:          3.8G       3.7G       114M       5.7M        28M       3.2G

MemTotal:        4016004 kB
MemFree:          117692 kB
Active:           356568 kB
Mem:          3.8G       3.7G       114M       5.7M        28M       3.2G

MemTotal:        4016004 kB
MemFree:          117700 kB
Active:           356568 kB
Mem:          3.8G       3.7G       114M       5.7M        28M       3.2G

MemTotal:        4016004 kB
MemFree:          118072 kB
Active:           356568 kB
Mem:          3.8G       3.7G       115M       5.7M        28M       3.2G

MemTotal:        4016004 kB
MemFree:          118072 kB
Active:           356524 kB
Mem:          3.8G       3.7G       115M       5.7M        28M       3.2G

MemTotal:        4016004 kB
MemFree:          117824 kB
Active:           356568 kB
Mem:          3.8G       3.7G       115M       5.7M        28M       3.2G

MemTotal:        4016004 kB
MemFree:          118196 kB
Active:           356580 kB
Mem:          3.8G       3.7G       115M       5.7M        28M       3.2G

MemTotal:        4016004 kB
MemFree:          119700 kB
Active:           354560 kB
Mem:          3.8G       3.7G       116M       5.7M        28M       3.2G

MemTotal:        4016004 kB
MemFree:          120072 kB
Active:           354520 kB
Mem:          3.8G       3.7G       117M       5.7M        28M       3.2G

MemTotal:        4016004 kB
MemFree:          119824 kB
Active:           354560 kB
Mem:          3.8G       3.7G       117M       5.7M        28M       3.2G

MemTotal:        4016004 kB
MemFree:          120196 kB
Active:           354560 kB
Mem:          3.8G       3.7G       117M       5.7M        28M       3.2G

MemTotal:        4016004 kB
MemFree:          119824 kB
Active:           354560 kB
Mem:          3.8G       3.7G       117M       5.7M        28M       3.2G

MemTotal:        4016004 kB
MemFree:          120072 kB
Active:           354568 kB
Mem:          3.8G       3.7G       117M       5.7M        28M       3.2G

MemTotal:        4016004 kB
MemFree:          120196 kB
Active:           354568 kB
Mem:          3.8G       3.7G       116M       5.7M        28M       3.2G

MemTotal:        4016004 kB
MemFree:          120072 kB
Active:           354572 kB
Mem:          3.8G       3.7G       117M       5.7M        28M       3.2G

MemTotal:        4016004 kB
MemFree:          120072 kB
Active:           354576 kB
Mem:          3.8G       3.7G       117M       5.7M        28M       3.2G

MemTotal:        4016004 kB
MemFree:          119824 kB
Active:           354576 kB
Mem:          3.8G       3.7G       117M       5.7M        28M       3.2G

MemTotal:        4016004 kB
MemFree:          120196 kB
Active:           354584 kB
Mem:          3.8G       3.7G       117M       5.7M        28M       3.2G

MemTotal:        4016004 kB
MemFree:          119700 kB
Active:           354584 kB
Mem:          3.8G       3.7G       116M       5.7M        28M       3.2G

MemTotal:        4016004 kB
MemFree:          119948 kB
Active:           354588 kB
Mem:          3.8G       3.7G       116M       5.7M        28M       3.2G

MemTotal:        4016004 kB
MemFree:          119576 kB
Active:           354588 kB
Mem:          3.8G       3.7G       116M       5.7M        28M       3.2G

MemTotal:        4016004 kB
MemFree:          120072 kB
Active:           354584 kB
Mem:          3.8G       3.7G       117M       5.7M        28M       3.2G

MemTotal:        4016004 kB
MemFree:          119824 kB
Active:           354592 kB
Mem:          3.8G       3.7G       117M       5.7M        28M       3.2G

MemTotal:        4016004 kB
MemFree:          119824 kB
Active:           354600 kB
Mem:          3.8G       3.7G       117M       5.7M        28M       3.2G

MemTotal:        4016004 kB
MemFree:          120196 kB
Active:           354600 kB
Mem:          3.8G       3.7G       116M       5.7M        28M       3.2G

MemTotal:        4016004 kB
MemFree:          119700 kB
Active:           354600 kB
Mem:          3.8G       3.7G       116M       5.7M        28M       3.2G

MemTotal:        4016004 kB
MemFree:          120072 kB
Active:           354548 kB
Mem:          3.8G       3.7G       117M       5.7M        28M       3.2G

MemTotal:        4016004 kB
MemFree:          120072 kB
Active:           354604 kB
Mem:          3.8G       3.7G       117M       5.7M        28M       3.2G

MemTotal:        4016004 kB
MemFree:          120072 kB
Active:           354568 kB
Mem:          3.8G       3.7G       117M       5.7M        28M       3.2G

MemTotal:        4016004 kB
MemFree:          119576 kB
Active:           354608 kB
Mem:          3.8G       3.7G       116M       5.7M        28M       3.2G

MemTotal:        4016004 kB
MemFree:          119700 kB
Active:           354608 kB
Mem:          3.8G       3.7G       116M       5.7M        28M       3.2G

MemTotal:        4016004 kB
MemFree:          119700 kB
Active:           354616 kB
Mem:          3.8G       3.7G       116M       5.7M        28M       3.2G

MemTotal:        4016004 kB
MemFree:          119700 kB
Active:           354616 kB
Mem:          3.8G       3.7G       116M       5.7M        28M       3.2G

MemTotal:        4016004 kB
MemFree:          119700 kB
Active:           354616 kB
Mem:          3.8G       3.7G       116M       5.7M        28M       3.2G

MemTotal:        4016004 kB
MemFree:          119948 kB
Active:           354568 kB
Mem:          3.8G       3.7G       116M       5.7M        28M       3.2G

MemTotal:        4016004 kB
MemFree:          119700 kB
Active:           354620 kB
Mem:          3.8G       3.7G       116M       5.7M        28M       3.2G

MemTotal:        4016004 kB
MemFree:          119700 kB
Active:           354620 kB
Mem:          3.8G       3.7G       116M       5.7M        28M       3.2G

MemTotal:        4016004 kB
MemFree:          119700 kB
Active:           354620 kB
Mem:          3.8G       3.7G       116M       5.7M        28M       3.2G

MemTotal:        4016004 kB
MemFree:          119576 kB
Active:           354620 kB
Mem:          3.8G       3.7G       116M       5.7M        28M       3.2G

MemTotal:        4016004 kB
MemFree:          119948 kB
Active:           354580 kB
Mem:          3.8G       3.7G       116M       5.7M        28M       3.2G

MemTotal:        4016004 kB
MemFree:          120072 kB
Active:           354576 kB
Mem:          3.8G       3.7G       117M       5.7M        28M       3.2G

MemTotal:        4016004 kB
MemFree:          119576 kB
Active:           354628 kB
Mem:          3.8G       3.7G       116M       5.7M        28M       3.2G

MemTotal:        4016004 kB
MemFree:          119948 kB
Active:           354572 kB
Mem:          3.8G       3.7G       116M       5.7M        28M       3.2G

MemTotal:        4016004 kB
MemFree:          119576 kB
Active:           354628 kB
Mem:          3.8G       3.7G       116M       5.7M        28M       3.2G

MemTotal:        4016004 kB
MemFree:          119948 kB
Active:           354580 kB
Mem:          3.8G       3.7G       116M       5.7M        28M       3.2G

MemTotal:        4016004 kB
MemFree:          120072 kB
Active:           354628 kB
Mem:          3.8G       3.7G       117M       5.7M        28M       3.2G

MemTotal:        4016004 kB
MemFree:          119948 kB
Active:           354592 kB
Mem:          3.8G       3.7G       116M       5.7M        28M       3.2G

MemTotal:        4016004 kB
MemFree:          119576 kB
Active:           354636 kB
Mem:          3.8G       3.7G       116M       5.7M        28M       3.2G

MemTotal:        4016004 kB
MemFree:          119948 kB
Active:           354600 kB
Mem:          3.8G       3.7G       116M       5.7M        28M       3.2G

MemTotal:        4016004 kB
MemFree:          119576 kB
Active:           354648 kB
Mem:          3.8G       3.7G       116M       5.7M        28M       3.2G

MemTotal:        4016004 kB
MemFree:          119932 kB
Active:           354600 kB
Mem:          3.8G       3.7G       116M       5.7M        28M       3.2G

MemTotal:        4016004 kB
MemFree:          119932 kB
Active:           354648 kB
Mem:          3.8G       3.7G       116M       5.7M        28M       3.2G

MemTotal:        4016004 kB
MemFree:          119560 kB
Active:           354648 kB
Mem:          3.8G       3.7G       116M       5.7M        28M       3.2G

MemTotal:        4016004 kB
MemFree:          119932 kB
Active:           354648 kB
Mem:          3.8G       3.7G       116M       5.7M        28M       3.2G

MemTotal:        4016004 kB
MemFree:          120056 kB
Active:           354596 kB
Mem:          3.8G       3.7G       116M       5.7M        28M       3.2G

MemTotal:        4016004 kB
MemFree:          119932 kB
Active:           354656 kB
Mem:          3.8G       3.7G       116M       5.7M        28M       3.2G

MemTotal:        4016004 kB
MemFree:          119560 kB
Active:           354664 kB
Mem:          3.8G       3.7G       116M       5.7M        28M       3.2G

MemTotal:        4016004 kB
MemFree:          119560 kB
Active:           354664 kB
Mem:          3.8G       3.7G       116M       5.7M        28M       3.2G

MemTotal:        4016004 kB
MemFree:          119560 kB
Active:           354664 kB
Mem:          3.8G       3.7G       116M       5.7M        28M       3.2G

MemTotal:        4016004 kB
MemFree:          119808 kB
Active:           354620 kB
Mem:          3.8G       3.7G       116M       5.7M        28M       3.2G

MemTotal:        4016004 kB
MemFree:          119932 kB
Active:           354676 kB
Mem:          3.8G       3.7G       116M       5.7M        28M       3.2G

MemTotal:        4016004 kB
MemFree:          119932 kB
Active:           354628 kB
Mem:          3.8G       3.7G       116M       5.7M        28M       3.2G

MemTotal:        4016004 kB
MemFree:          119808 kB
Active:           354640 kB
Mem:          3.8G       3.7G       116M       5.7M        28M       3.2G

MemTotal:        4016004 kB
MemFree:          119436 kB
Active:           354680 kB
Mem:          3.8G       3.7G       116M       5.7M        28M       3.2G

MemTotal:        4016004 kB
MemFree:          119436 kB
Active:           354680 kB
Mem:          3.8G       3.7G       116M       5.7M        28M       3.2G

MemTotal:        4016004 kB
MemFree:          119808 kB
Active:           354680 kB
Mem:          3.8G       3.7G       116M       5.7M        28M       3.2G

MemTotal:        4016004 kB
MemFree:          119684 kB
Active:           354688 kB
Mem:          3.8G       3.7G       116M       5.7M        28M       3.2G

MemTotal:        4016004 kB
MemFree:          119684 kB
Active:           354688 kB
Mem:          3.8G       3.7G       116M       5.7M        28M       3.2G

MemTotal:        4016004 kB
MemFree:          119932 kB
Active:           354688 kB
Mem:          3.8G       3.7G       116M       5.7M        28M       3.2G

MemTotal:        4016004 kB
MemFree:          119932 kB
Active:           354640 kB
Mem:          3.8G       3.7G       116M       5.7M        28M       3.2G

MemTotal:        4016004 kB
MemFree:          119436 kB
Active:           354688 kB
Mem:          3.8G       3.7G       116M       5.7M        28M       3.2G

MemTotal:        4016004 kB
MemFree:          119808 kB
Active:           354652 kB
Mem:          3.8G       3.7G       116M       5.7M        28M       3.2G

MemTotal:        4016004 kB
MemFree:          119560 kB
Active:           354696 kB
Mem:          3.8G       3.7G       116M       5.7M        28M       3.2G

MemTotal:        4016004 kB
MemFree:          119932 kB
Active:           354648 kB
Mem:          3.8G       3.7G       116M       5.7M        28M       3.2G

MemTotal:        4016004 kB
MemFree:          119932 kB
Active:           354700 kB
Mem:          3.8G       3.7G       116M       5.7M        28M       3.2G

MemTotal:        4016004 kB
MemFree:          119684 kB
Active:           354700 kB
Mem:          3.8G       3.7G       116M       5.7M        28M       3.2G

MemTotal:        4016004 kB
MemFree:          120056 kB
Active:           354700 kB
Mem:          3.8G       3.7G       116M       5.7M        28M       3.2G

MemTotal:        4016004 kB
MemFree:          119932 kB
Active:           354700 kB
Mem:          3.8G       3.7G       116M       5.7M        28M       3.2G

MemTotal:        4016004 kB
MemFree:          119560 kB
Active:           354712 kB
Mem:          3.8G       3.7G       116M       5.7M        28M       3.2G

MemTotal:        4016004 kB
MemFree:          119808 kB
Active:           354672 kB
Mem:          3.8G       3.7G       116M       5.7M        28M       3.2G

MemTotal:        4016004 kB
MemFree:          119436 kB
Active:           354720 kB
Mem:          3.8G       3.7G       116M       5.7M        28M       3.2G

MemTotal:        4016004 kB
MemFree:          119808 kB
Active:           354668 kB
Mem:          3.8G       3.7G       116M       5.7M        28M       3.2G

MemTotal:        4016004 kB
MemFree:          119932 kB
Active:           354684 kB
Mem:          3.8G       3.7G       116M       5.7M        28M       3.2G

MemTotal:        4016004 kB
MemFree:          119932 kB
Active:           354720 kB
Mem:          3.8G       3.7G       116M       5.7M        28M       3.2G

MemTotal:        4016004 kB
MemFree:          119436 kB
Active:           354720 kB
Mem:          3.8G       3.7G       116M       5.7M        28M       3.2G

MemTotal:        4016004 kB
MemFree:          119808 kB
Active:           354684 kB
Mem:          3.8G       3.7G       116M       5.7M        28M       3.2G

MemTotal:        4016004 kB
MemFree:          119560 kB
Active:           354724 kB
Mem:          3.8G       3.7G       116M       5.7M        28M       3.2G

MemTotal:        4016004 kB
MemFree:          119808 kB
Active:           354704 kB
Mem:          3.8G       3.7G       116M       5.7M        28M       3.2G

MemTotal:        4016004 kB
MemFree:          119436 kB
Active:           354732 kB
Mem:          3.8G       3.7G       116M       5.7M        28M       3.2G

MemTotal:        4016004 kB
MemFree:          119808 kB
Active:           354732 kB
Mem:          3.8G       3.7G       116M       5.7M        28M       3.2G

MemTotal:        4016004 kB
MemFree:          119808 kB
Active:           354680 kB
Mem:          3.8G       3.7G       116M       5.7M        28M       3.2G

MemTotal:        4016004 kB
MemFree:          119932 kB
Active:           354700 kB
Mem:          3.8G       3.7G       116M       5.7M        28M       3.2G

MemTotal:        4016004 kB
MemFree:          119932 kB
Active:           354696 kB
Mem:          3.8G       3.7G       116M       5.7M        28M       3.2G

MemTotal:        4016004 kB
MemFree:          119560 kB
Active:           354736 kB
Mem:          3.8G       3.7G       116M       5.7M        28M       3.2G

MemTotal:        4016004 kB
MemFree:          119560 kB
Active:           354736 kB
Mem:          3.8G       3.7G       116M       5.7M        28M       3.2G

MemTotal:        4016004 kB
MemFree:          119560 kB
Active:           354744 kB
Mem:          3.8G       3.7G       116M       5.7M        28M       3.2G

MemTotal:        4016004 kB
MemFree:          119560 kB
Active:           354744 kB
Mem:          3.8G       3.7G       116M       5.7M        28M       3.2G

MemTotal:        4016004 kB
MemFree:          119560 kB
Active:           354744 kB
Mem:          3.8G       3.7G       116M       5.7M        28M       3.2G

MemTotal:        4016004 kB
MemFree:          119436 kB
Active:           354744 kB
Mem:          3.8G       3.7G       116M       5.7M        28M       3.2G

MemTotal:        4016004 kB
MemFree:          119808 kB
Active:           354744 kB
Mem:          3.8G       3.7G       116M       5.7M        28M       3.2G

MemTotal:        4016004 kB
MemFree:          119436 kB
Active:           354744 kB
Mem:          3.8G       3.7G       116M       5.7M        28M       3.2G

MemTotal:        4016004 kB
MemFree:          119436 kB
Active:           354744 kB
Mem:          3.8G       3.7G       116M       5.7M        28M       3.2G

MemTotal:        4016004 kB
MemFree:          119436 kB
Active:           354744 kB
Mem:          3.8G       3.7G       116M       5.7M        28M       3.2G

MemTotal:        4016004 kB
MemFree:          119436 kB
Active:           354744 kB
Mem:          3.8G       3.7G       116M       5.7M        28M       3.2G

MemTotal:        4016004 kB
MemFree:          119436 kB
Active:           354748 kB
Mem:          3.8G       3.7G       116M       5.7M        28M       3.2G

MemTotal:        4016004 kB
MemFree:          119436 kB
Active:           354748 kB
Mem:          3.8G       3.7G       116M       5.7M        28M       3.2G

MemTotal:        4016004 kB
MemFree:          119808 kB
Active:           354708 kB
Mem:          3.8G       3.7G       116M       5.7M        28M       3.2G

MemTotal:        4016004 kB
MemFree:          119436 kB
Active:           354756 kB
Mem:          3.8G       3.7G       116M       5.7M        28M       3.2G

MemTotal:        4016004 kB
MemFree:          119436 kB
Active:           354764 kB
Mem:          3.8G       3.7G       116M       5.7M        28M       3.2G

MemTotal:        4016004 kB
MemFree:          120244 kB
Active:           354512 kB
Mem:          3.8G       3.7G       117M       5.7M        28M       3.2G

MemTotal:        4016004 kB
MemFree:          120616 kB
Active:           354492 kB
Mem:          3.8G       3.7G       117M       5.7M        28M       3.2G

MemTotal:        4016004 kB
MemFree:          120120 kB
Active:           354520 kB
Mem:          3.8G       3.7G       117M       5.7M        28M       3.2G

MemTotal:        4016004 kB
MemFree:          120740 kB
Active:           354476 kB
Mem:          3.8G       3.7G       117M       5.7M        28M       3.2G

MemTotal:        4016004 kB
MemFree:          120616 kB
Active:           354516 kB
Mem:          3.8G       3.7G       117M       5.7M        28M       3.2G

MemTotal:        4016004 kB
MemFree:          120368 kB
Active:           354520 kB
Mem:          3.8G       3.7G       117M       5.7M        28M       3.2G

MemTotal:        4016004 kB
MemFree:          120616 kB
Active:           354520 kB
Mem:          3.8G       3.7G       117M       5.7M        28M       3.2G

MemTotal:        4016004 kB
MemFree:          120740 kB
Active:           354508 kB
Mem:          3.8G       3.7G       117M       5.7M        28M       3.2G

MemTotal:        4016004 kB
MemFree:          121024 kB
Active:           354484 kB
Mem:          3.8G       3.7G       118M       5.7M        28M       3.2G

MemTotal:        4016004 kB
MemFree:          121024 kB
Active:           354540 kB
Mem:          3.8G       3.7G       118M       5.7M        28M       3.2G

MemTotal:        4016004 kB
MemFree:          120776 kB
Active:           354488 kB
Mem:          3.8G       3.7G       117M       5.7M        28M       3.2G

MemTotal:        4016004 kB
MemFree:          120776 kB
Active:           354512 kB
Mem:          3.8G       3.7G       117M       5.7M        28M       3.2G

MemTotal:        4016004 kB
MemFree:          121024 kB
Active:           354492 kB
Mem:          3.8G       3.7G       118M       5.7M        28M       3.2G

MemTotal:        4016004 kB
MemFree:          120652 kB
Active:           354504 kB
Mem:          3.8G       3.7G       117M       5.7M        28M       3.2G

MemTotal:        4016004 kB
MemFree:          120404 kB
Active:           354536 kB
Mem:          3.8G       3.7G       117M       5.7M        28M       3.2G

MemTotal:        4016004 kB
MemFree:          120652 kB
Active:           354508 kB
Mem:          3.8G       3.7G       117M       5.7M        28M       3.2G

MemTotal:        4016004 kB
MemFree:          120900 kB
Active:           354532 kB
Mem:          3.8G       3.7G       117M       5.7M        28M       3.2G

MemTotal:        4016004 kB
MemFree:          120776 kB
Active:           354512 kB
Mem:          3.8G       3.7G       117M       5.7M        28M       3.2G

MemTotal:        4016004 kB
MemFree:          120900 kB
Active:           354544 kB
Mem:          3.8G       3.7G       117M       5.7M        28M       3.2G

MemTotal:        4016004 kB
MemFree:          121024 kB
Active:           354556 kB
Mem:          3.8G       3.7G       118M       5.7M        28M       3.2G

MemTotal:        4016004 kB
MemFree:          120652 kB
Active:           354544 kB
Mem:          3.8G       3.7G       117M       5.7M        28M       3.2G

MemTotal:        4016004 kB
MemFree:          120652 kB
Active:           354560 kB
Mem:          3.8G       3.7G       117M       5.7M        28M       3.2G

MemTotal:        4016004 kB
MemFree:          120776 kB
Active:           354520 kB
Mem:          3.8G       3.7G       117M       5.7M        28M       3.2G

MemTotal:        4016004 kB
MemFree:          120776 kB
Active:           354544 kB
Mem:          3.8G       3.7G       117M       5.7M        28M       3.2G

MemTotal:        4016004 kB
MemFree:          120280 kB
Active:           354576 kB
Mem:          3.8G       3.7G       117M       5.7M        28M       3.2G

MemTotal:        4016004 kB
MemFree:          120776 kB
Active:           354552 kB
Mem:          3.8G       3.7G       117M       5.7M        28M       3.2G

MemTotal:        4016004 kB
MemFree:          120776 kB
Active:           354576 kB
Mem:          3.8G       3.7G       117M       5.7M        28M       3.2G

MemTotal:        4016004 kB
MemFree:          120280 kB
Active:           354584 kB
Mem:          3.8G       3.7G       117M       5.7M        28M       3.2G

MemTotal:        4016004 kB
MemFree:          120528 kB
Active:           354556 kB
