MemTotal:        4016004 kB
MemFree:         3235720 kB
Active:           422392 kB
Mem:          3.8G       761M       3.1G       5.7M        62M       315M

MemTotal:        4016004 kB
MemFree:         3236104 kB
Active:           422340 kB
Mem:          3.8G       761M       3.1G       5.7M        62M       315M

MemTotal:        4016004 kB
MemFree:         3236336 kB
Active:           422364 kB
Mem:          3.8G       761M       3.1G       5.7M        62M       315M

MemTotal:        4016004 kB
MemFree:         3237064 kB
Active:           422396 kB
Mem:          3.8G       760M       3.1G       5.7M        62M       315M

MemTotal:        4016004 kB
MemFree:         3236676 kB
Active:           422412 kB
Mem:          3.8G       760M       3.1G       5.7M        62M       315M

MemTotal:        4016004 kB
MemFree:         3237032 kB
Active:           422412 kB
Mem:          3.8G       760M       3.1G       5.7M        62M       315M

MemTotal:        4016004 kB
MemFree:         3234656 kB
Active:           422376 kB
Mem:          3.8G       763M       3.1G       5.7M        62M       315M

MemTotal:        4016004 kB
MemFree:         3234608 kB
Active:           424428 kB
Mem:          3.8G       763M       3.1G       5.7M        62M       315M

MemTotal:        4016004 kB
MemFree:         3234220 kB
Active:           424444 kB
Mem:          3.8G       763M       3.1G       5.7M        62M       315M

MemTotal:        4016004 kB
MemFree:         3234204 kB
Active:           424444 kB
Mem:          3.8G       763M       3.1G       5.7M        62M       315M

MemTotal:        4016004 kB
MemFree:         3234204 kB
Active:           424396 kB
Mem:          3.8G       763M       3.1G       5.7M        62M       315M

MemTotal:        4016004 kB
MemFree:         3233956 kB
Active:           424452 kB
Mem:          3.8G       763M       3.1G       5.7M        62M       315M

MemTotal:        4016004 kB
MemFree:         3234188 kB
Active:           424404 kB
Mem:          3.8G       763M       3.1G       5.7M        62M       315M

MemTotal:        4016004 kB
MemFree:         3234872 kB
Active:           424444 kB
Mem:          3.8G       762M       3.1G       5.7M        62M       315M

MemTotal:        4016004 kB
MemFree:         3234128 kB
Active:           424480 kB
Mem:          3.8G       763M       3.1G       5.7M        62M       315M

MemTotal:        4016004 kB
MemFree:         3236028 kB
Active:           422556 kB
Mem:          3.8G       761M       3.1G       5.7M        62M       315M

MemTotal:        4016004 kB
MemFree:         3236888 kB
Active:           422424 kB
Mem:          3.8G       760M       3.1G       5.7M        62M       315M

MemTotal:        4016004 kB
MemFree:         3236764 kB
Active:           422416 kB
Mem:          3.8G       760M       3.1G       5.7M        62M       315M

MemTotal:        4016004 kB
MemFree:         3236392 kB
Active:           422456 kB
Mem:          3.8G       761M       3.1G       5.7M        62M       315M

MemTotal:        4016004 kB
MemFree:         3236640 kB
Active:           422432 kB
Mem:          3.8G       761M       3.1G       5.7M        62M       315M

MemTotal:        4016004 kB
MemFree:         3236764 kB
Active:           422460 kB
Mem:          3.8G       760M       3.1G       5.7M        62M       315M

MemTotal:        4016004 kB
MemFree:         3236516 kB
Active:           422464 kB
Mem:          3.8G       760M       3.1G       5.7M        62M       315M

MemTotal:        4016004 kB
MemFree:         3236500 kB
Active:           422464 kB
Mem:          3.8G       761M       3.1G       5.7M        62M       315M

MemTotal:        4016004 kB
MemFree:         3236732 kB
Active:           422432 kB
Mem:          3.8G       760M       3.1G       5.7M        62M       315M

MemTotal:        4016004 kB
MemFree:         3236964 kB
Active:           422436 kB
Mem:          3.8G       760M       3.1G       5.7M        62M       315M

MemTotal:        4016004 kB
MemFree:         3236328 kB
Active:           422464 kB
Mem:          3.8G       761M       3.1G       5.7M        62M       315M

MemTotal:        4016004 kB
MemFree:         3234732 kB
Active:           422420 kB
Mem:          3.8G       763M       3.1G       5.7M        62M       315M

MemTotal:        4016004 kB
MemFree:         3234856 kB
Active:           424444 kB
Mem:          3.8G       762M       3.1G       5.7M        62M       315M

MemTotal:        4016004 kB
MemFree:         3234360 kB
Active:           424500 kB
Mem:          3.8G       763M       3.1G       5.7M        62M       315M

MemTotal:        4016004 kB
MemFree:         3233988 kB
Active:           424500 kB
Mem:          3.8G       763M       3.1G       5.7M        62M       315M

MemTotal:        4016004 kB
MemFree:         3234236 kB
Active:           424468 kB
Mem:          3.8G       763M       3.1G       5.7M        62M       315M

MemTotal:        4016004 kB
MemFree:         3234360 kB
Active:           424488 kB
Mem:          3.8G       763M       3.1G       5.7M        62M       315M

MemTotal:        4016004 kB
MemFree:         3233740 kB
Active:           424500 kB
Mem:          3.8G       763M       3.1G       5.7M        62M       315M

MemTotal:        4016004 kB
MemFree:         3234112 kB
Active:           424464 kB
Mem:          3.8G       763M       3.1G       5.7M        62M       315M

MemTotal:        4016004 kB
MemFree:         3234220 kB
Active:           424496 kB
Mem:          3.8G       763M       3.1G       5.7M        62M       315M

MemTotal:        4016004 kB
MemFree:         3234080 kB
Active:           424508 kB
Mem:          3.8G       763M       3.1G       5.7M        62M       315M

MemTotal:        4016004 kB
MemFree:         3234436 kB
Active:           424464 kB
Mem:          3.8G       763M       3.1G       5.7M        62M       315M

MemTotal:        4016004 kB
MemFree:         3234420 kB
Active:           424504 kB
Mem:          3.8G       763M       3.1G       5.7M        62M       315M

MemTotal:        4016004 kB
MemFree:         3234528 kB
Active:           424484 kB
Mem:          3.8G       763M       3.1G       5.7M        62M       315M

MemTotal:        4016004 kB
MemFree:         3234096 kB
Active:           424516 kB
Mem:          3.8G       763M       3.1G       5.7M        62M       315M

MemTotal:        4016004 kB
MemFree:         3234468 kB
Active:           424488 kB
Mem:          3.8G       763M       3.1G       5.7M        62M       315M

MemTotal:        4016004 kB
MemFree:         3234468 kB
Active:           424468 kB
Mem:          3.8G       763M       3.1G       5.7M        62M       315M

MemTotal:        4016004 kB
MemFree:         3233848 kB
Active:           424528 kB
Mem:          3.8G       763M       3.1G       5.7M        62M       315M

MemTotal:        4016004 kB
MemFree:         3234344 kB
Active:           424472 kB
Mem:          3.8G       763M       3.1G       5.7M        62M       315M

MemTotal:        4016004 kB
MemFree:         3234096 kB
Active:           424488 kB
Mem:          3.8G       763M       3.1G       5.7M        62M       315M

MemTotal:        4016004 kB
MemFree:         3234344 kB
Active:           424520 kB
Mem:          3.8G       763M       3.1G       5.7M        62M       315M

MemTotal:        4016004 kB
MemFree:         3232296 kB
Active:           424480 kB
Mem:          3.8G       765M       3.1G       5.7M        62M       315M

MemTotal:        4016004 kB
MemFree:         3232296 kB
Active:           426532 kB
Mem:          3.8G       765M       3.1G       5.7M        62M       315M

MemTotal:        4016004 kB
MemFree:         3232032 kB
Active:           426552 kB
Mem:          3.8G       765M       3.1G       5.7M        62M       315M

MemTotal:        4016004 kB
MemFree:         3231768 kB
Active:           426572 kB
Mem:          3.8G       765M       3.1G       5.7M        62M       315M

MemTotal:        4016004 kB
MemFree:         3232372 kB
Active:           426572 kB
Mem:          3.8G       765M       3.1G       5.7M        62M       315M

MemTotal:        4016004 kB
MemFree:         3232108 kB
Active:           426524 kB
Mem:          3.8G       765M       3.1G       5.7M        62M       315M

MemTotal:        4016004 kB
MemFree:         3232092 kB
Active:           426536 kB
Mem:          3.8G       765M       3.1G       5.7M        62M       315M

MemTotal:        4016004 kB
MemFree:         3232324 kB
Active:           426588 kB
Mem:          3.8G       765M       3.1G       5.7M        62M       315M

MemTotal:        4016004 kB
MemFree:         3231936 kB
Active:           426592 kB
Mem:          3.8G       765M       3.1G       5.7M        62M       315M

MemTotal:        4016004 kB
MemFree:         3232292 kB
Active:           426548 kB
Mem:          3.8G       765M       3.1G       5.7M        62M       315M

MemTotal:        4016004 kB
MemFree:         3231340 kB
Active:           424616 kB
Mem:          3.8G       766M       3.1G       5.7M        62M       315M

MemTotal:        4016004 kB
MemFree:         3231672 kB
Active:           426552 kB
Mem:          3.8G       765M       3.1G       5.7M        62M       315M

MemTotal:        4016004 kB
MemFree:         3232044 kB
Active:           426616 kB
Mem:          3.8G       765M       3.1G       5.7M        62M       315M

MemTotal:        4016004 kB
MemFree:         3231548 kB
Active:           426616 kB
Mem:          3.8G       765M       3.1G       5.7M        62M       315M

MemTotal:        4016004 kB
MemFree:         3231640 kB
Active:           426616 kB
Mem:          3.8G       765M       3.1G       5.7M        62M       315M

MemTotal:        4016004 kB
MemFree:         3115144 kB
Active:           427260 kB
Mem:          3.8G       882M       3.0G       5.7M        62M       429M

MemTotal:        4016004 kB
MemFree:         3002792 kB
Active:           427312 kB
Mem:          3.8G       991M       2.9G       5.7M        62M       536M

MemTotal:        4016004 kB
MemFree:         2882364 kB
Active:           427380 kB
Mem:          3.8G       1.1G       2.7G       5.7M        62M       652M

MemTotal:        4016004 kB
MemFree:         2870716 kB
Active:           427380 kB
Mem:          3.8G       1.1G       2.7G       5.7M        62M       664M

MemTotal:        4016004 kB
MemFree:         2777008 kB
Active:           427380 kB
Mem:          3.8G       1.2G       2.6G       5.7M        62M       751M

MemTotal:        4016004 kB
MemFree:         2776512 kB
Active:           427376 kB
Mem:          3.8G       1.2G       2.6G       5.7M        62M       752M

MemTotal:        4016004 kB
MemFree:         2732324 kB
Active:           427344 kB
Mem:          3.8G       1.2G       2.6G       5.7M        62M       796M

MemTotal:        4016004 kB
MemFree:         2678180 kB
Active:           427344 kB
Mem:          3.8G       1.3G       2.6G       5.7M        62M       847M

MemTotal:        4016004 kB
MemFree:         2676696 kB
Active:           427384 kB
Mem:          3.8G       1.3G       2.6G       5.7M        62M       848M

MemTotal:        4016004 kB
MemFree:         2675756 kB
Active:           427384 kB
Mem:          3.8G       1.3G       2.6G       5.7M        62M       849M

MemTotal:        4016004 kB
MemFree:         2674860 kB
Active:           427408 kB
Mem:          3.8G       1.3G       2.6G       5.7M        62M       850M

MemTotal:        4016004 kB
MemFree:         2587592 kB
Active:           427408 kB
Mem:          3.8G       1.4G       2.5G       5.7M        62M       934M

MemTotal:        4016004 kB
MemFree:         2546640 kB
Active:           427384 kB
Mem:          3.8G       1.4G       2.4G       5.7M        62M       975M

MemTotal:        4016004 kB
MemFree:         2412656 kB
Active:           427428 kB
Mem:          3.8G       1.5G       2.3G       5.7M        62M       1.1G

MemTotal:        4016004 kB
MemFree:         2322128 kB
Active:           427436 kB
Mem:          3.8G       1.6G       2.2G       5.7M        62M       1.2G

MemTotal:        4016004 kB
MemFree:         2321044 kB
Active:           427428 kB
Mem:          3.8G       1.6G       2.2G       5.7M        62M       1.2G

MemTotal:        4016004 kB
MemFree:         2223744 kB
Active:           427444 kB
Mem:          3.8G       1.7G       2.1G       5.7M        62M       1.3G

MemTotal:        4016004 kB
MemFree:         2222812 kB
Active:           427448 kB
Mem:          3.8G       1.7G       2.1G       5.7M        62M       1.3G

MemTotal:        4016004 kB
MemFree:         2139032 kB
Active:           427464 kB
Mem:          3.8G       1.8G       2.0G       5.7M        62M       1.3G

MemTotal:        4016004 kB
MemFree:         2122436 kB
Active:           427448 kB
Mem:          3.8G       1.8G       2.0G       5.7M        62M       1.3G

MemTotal:        4016004 kB
MemFree:         2061676 kB
Active:           427468 kB
Mem:          3.8G       1.9G       2.0G       5.7M        62M       1.4G

MemTotal:        4016004 kB
MemFree:         2024676 kB
Active:           427468 kB
Mem:          3.8G       1.9G       1.9G       5.7M        62M       1.4G

MemTotal:        4016004 kB
MemFree:         2023240 kB
Active:           427476 kB
Mem:          3.8G       1.9G       1.9G       5.7M        62M       1.4G

MemTotal:        4016004 kB
MemFree:         2023244 kB
Active:           427484 kB
Mem:          3.8G       1.9G       1.9G       5.7M        62M       1.4G

MemTotal:        4016004 kB
MemFree:         2023372 kB
Active:           427492 kB
Mem:          3.8G       1.9G       1.9G       5.7M        62M       1.4G

MemTotal:        4016004 kB
MemFree:         1978456 kB
Active:           427484 kB
Mem:          3.8G       1.9G       1.9G       5.7M        62M       1.5G

MemTotal:        4016004 kB
MemFree:         1841908 kB
Active:           427476 kB
Mem:          3.8G       2.1G       1.8G       5.7M        62M       1.6G

MemTotal:        4016004 kB
MemFree:         1715760 kB
Active:           427508 kB
Mem:          3.8G       2.2G       1.6G       5.7M        62M       1.7G

MemTotal:        4016004 kB
MemFree:         1671764 kB
Active:           427524 kB
Mem:          3.8G       2.2G       1.6G       5.7M        62M       1.8G

MemTotal:        4016004 kB
MemFree:         1625696 kB
Active:           427520 kB
Mem:          3.8G       2.3G       1.5G       5.7M        62M       1.8G

MemTotal:        4016004 kB
MemFree:         1570968 kB
Active:           427532 kB
Mem:          3.8G       2.3G       1.5G       5.7M        62M       1.9G

MemTotal:        4016004 kB
MemFree:         1478288 kB
Active:           427532 kB
Mem:          3.8G       2.4G       1.4G       5.7M        62M       2.0G

MemTotal:        4016004 kB
MemFree:         1471108 kB
Active:           427532 kB
Mem:          3.8G       2.4G       1.4G       5.7M        62M       2.0G

MemTotal:        4016004 kB
MemFree:         1469840 kB
Active:           427532 kB
Mem:          3.8G       2.4G       1.4G       5.7M        62M       2.0G

MemTotal:        4016004 kB
MemFree:         1371348 kB
Active:           427540 kB
Mem:          3.8G       2.5G       1.3G       5.7M        62M       2.1G

MemTotal:        4016004 kB
MemFree:         1370464 kB
Active:           427548 kB
Mem:          3.8G       2.5G       1.3G       5.7M        62M       2.1G

MemTotal:        4016004 kB
MemFree:         1370032 kB
Active:           427556 kB
Mem:          3.8G       2.5G       1.3G       5.7M        62M       2.1G

MemTotal:        4016004 kB
MemFree:         1369304 kB
Active:           427568 kB
Mem:          3.8G       2.5G       1.3G       5.7M        62M       2.1G

MemTotal:        4016004 kB
MemFree:         1368344 kB
Active:           427564 kB
Mem:          3.8G       2.5G       1.3G       5.7M        62M       2.1G

MemTotal:        4016004 kB
MemFree:         1279948 kB
Active:           427572 kB
Mem:          3.8G       2.6G       1.2G       5.7M        62M       2.1G

MemTotal:        4016004 kB
MemFree:         1150172 kB
Active:           427576 kB
Mem:          3.8G       2.7G       1.1G       5.7M        62M       2.3G

MemTotal:        4016004 kB
MemFree:         1022040 kB
Active:           427524 kB
Mem:          3.8G       2.9G       997M       5.7M        62M       2.4G

MemTotal:        4016004 kB
MemFree:         1019872 kB
Active:           427548 kB
Mem:          3.8G       2.9G       996M       5.7M        62M       2.4G

MemTotal:        4016004 kB
MemFree:          950036 kB
Active:           427536 kB
Mem:          3.8G       2.9G       925M       5.7M        62M       2.5G

MemTotal:        4016004 kB
MemFree:          921440 kB
Active:           427584 kB
Mem:          3.8G       3.0G       899M       5.7M        62M       2.5G

MemTotal:        4016004 kB
MemFree:          920132 kB
Active:           427596 kB
Mem:          3.8G       3.0G       898M       5.7M        62M       2.5G

MemTotal:        4016004 kB
MemFree:          857868 kB
Active:           427608 kB
Mem:          3.8G       3.0G       835M       5.7M        62M       2.5G

MemTotal:        4016004 kB
MemFree:          742292 kB
Active:           427588 kB
Mem:          3.8G       3.1G       721M       5.7M        62M       2.6G

MemTotal:        4016004 kB
MemFree:          606456 kB
Active:           427608 kB
Mem:          3.8G       3.3G       591M       5.7M        62M       2.8G

MemTotal:        4016004 kB
MemFree:          604688 kB
Active:           427628 kB
Mem:          3.8G       3.3G       590M       5.7M        62M       2.8G

MemTotal:        4016004 kB
MemFree:          603196 kB
Active:           427636 kB
Mem:          3.8G       3.3G       589M       5.7M        62M       2.8G

MemTotal:        4016004 kB
MemFree:          570288 kB
Active:           427636 kB
Mem:          3.8G       3.3G       556M       5.7M        62M       2.8G

MemTotal:        4016004 kB
MemFree:          566412 kB
Active:           427656 kB
Mem:          3.8G       3.3G       553M       5.7M        62M       2.8G

MemTotal:        4016004 kB
MemFree:          478072 kB
Active:           427656 kB
Mem:          3.8G       3.4G       466M       5.7M        62M       2.9G

MemTotal:        4016004 kB
MemFree:          478256 kB
Active:           425652 kB
Mem:          3.8G       3.4G       465M       5.7M        62M       2.9G

MemTotal:        4016004 kB
MemFree:          428456 kB
Active:           425736 kB
Mem:          3.8G       3.4G       415M       5.7M        62M       2.9G

MemTotal:        4016004 kB
MemFree:          301392 kB
Active:           427736 kB
Mem:          3.8G       3.5G       291M       5.7M        62M       3.1G

MemTotal:        4016004 kB
MemFree:          198176 kB
Active:           427864 kB
Mem:          3.8G       3.6G       190M       5.7M        62M       3.2G

MemTotal:        4016004 kB
MemFree:          128660 kB
Active:           427816 kB
Mem:          3.8G       3.7G       125M       5.7M        62M       3.2G

MemTotal:        4016004 kB
MemFree:          126476 kB
Active:           441372 kB
Mem:          3.8G       3.7G       145M       5.7M        27M       3.2G

MemTotal:        4016004 kB
MemFree:          127348 kB
Active:           483784 kB
Mem:          3.8G       3.7G       123M       5.7M        27M       3.3G

MemTotal:        4016004 kB
MemFree:          126556 kB
Active:           483816 kB
Mem:          3.8G       3.7G       123M       5.7M        27M       3.3G

MemTotal:        4016004 kB
MemFree:          142104 kB
Active:           471132 kB
Mem:          3.8G       3.7G       136M       5.7M        27M       3.2G

MemTotal:        4016004 kB
MemFree:          112792 kB
Active:           471004 kB
Mem:          3.8G       3.7G       110M       5.7M        27M       3.3G

MemTotal:        4016004 kB
MemFree:          111292 kB
Active:           471012 kB
Mem:          3.8G       3.7G       108M       5.7M        27M       3.3G

MemTotal:        4016004 kB
MemFree:          109556 kB
Active:           471020 kB
Mem:          3.8G       3.7G       107M       5.7M        27M       3.3G

MemTotal:        4016004 kB
MemFree:          110324 kB
Active:           471020 kB
Mem:          3.8G       3.7G       107M       5.7M        27M       3.3G

MemTotal:        4016004 kB
MemFree:          126940 kB
Active:           465388 kB
Mem:          3.8G       3.7G       122M       5.7M        27M       3.3G

MemTotal:        4016004 kB
MemFree:          118840 kB
Active:           450224 kB
Mem:          3.8G       3.7G       114M       5.7M        27M       3.3G

MemTotal:        4016004 kB
MemFree:          124380 kB
Active:           440132 kB
Mem:          3.8G       3.7G       140M       5.7M        27M       3.2G

MemTotal:        4016004 kB
MemFree:          137552 kB
Active:           436420 kB
Mem:          3.8G       3.7G       134M       5.7M        27M       3.2G

MemTotal:        4016004 kB
MemFree:          129692 kB
Active:           430960 kB
Mem:          3.8G       3.7G       123M       5.7M        27M       3.3G

MemTotal:        4016004 kB
MemFree:          137648 kB
Active:           430308 kB
Mem:          3.8G       3.7G       134M       5.7M        27M       3.2G

MemTotal:        4016004 kB
MemFree:          128360 kB
Active:           427888 kB
Mem:          3.8G       3.7G       123M       5.7M        27M       3.3G

MemTotal:        4016004 kB
MemFree:          118188 kB
Active:           427884 kB
Mem:          3.8G       3.7G       115M       5.7M        27M       3.3G

MemTotal:        4016004 kB
MemFree:          141468 kB
Active:           427388 kB
Mem:          3.8G       3.7G       136M       5.7M        27M       3.2G

MemTotal:        4016004 kB
MemFree:          125388 kB
Active:           427388 kB
Mem:          3.8G       3.7G       122M       5.7M        27M       3.3G

MemTotal:        4016004 kB
MemFree:          124032 kB
Active:           427404 kB
Mem:          3.8G       3.7G       121M       5.7M        27M       3.3G

MemTotal:        4016004 kB
MemFree:          123280 kB
Active:           427412 kB
Mem:          3.8G       3.7G       120M       5.7M        27M       3.3G

MemTotal:        4016004 kB
MemFree:          121364 kB
Active:           427412 kB
Mem:          3.8G       3.7G       118M       5.7M        27M       3.3G

MemTotal:        4016004 kB
MemFree:          125976 kB
Active:           426132 kB
Mem:          3.8G       3.7G       124M       5.7M        27M       3.3G

MemTotal:        4016004 kB
MemFree:          117184 kB
Active:           420252 kB
Mem:          3.8G       3.7G       110M       5.7M        27M       3.3G

MemTotal:        4016004 kB
MemFree:          125992 kB
Active:           416668 kB
Mem:          3.8G       3.7G       122M       5.7M        27M       3.3G

MemTotal:        4016004 kB
MemFree:          132644 kB
Active:           414748 kB
Mem:          3.8G       3.7G       129M       5.7M        27M       3.2G

MemTotal:        4016004 kB
MemFree:          120896 kB
Active:           413484 kB
Mem:          3.8G       3.7G       115M       5.7M        27M       3.3G

MemTotal:        4016004 kB
MemFree:          130876 kB
Active:           412448 kB
Mem:          3.8G       3.7G       128M       5.7M        27M       3.3G

MemTotal:        4016004 kB
MemFree:          128088 kB
Active:           412588 kB
Mem:          3.8G       3.7G       124M       5.7M        27M       3.3G

MemTotal:        4016004 kB
MemFree:          118144 kB
Active:           411568 kB
Mem:          3.8G       3.7G       112M       5.7M        27M       3.3G

MemTotal:        4016004 kB
MemFree:          128848 kB
Active:           407820 kB
Mem:          3.8G       3.7G       123M       5.7M        27M       3.3G

MemTotal:        4016004 kB
MemFree:          123180 kB
Active:           401808 kB
Mem:          3.8G       3.7G       116M       5.7M        27M       3.3G

MemTotal:        4016004 kB
MemFree:          148892 kB
Active:           391856 kB
Mem:          3.8G       3.7G       146M       5.7M        27M       3.2G

MemTotal:        4016004 kB
MemFree:          144404 kB
Active:           391732 kB
Mem:          3.8G       3.7G       140M       5.7M        27M       3.2G

MemTotal:        4016004 kB
MemFree:          143408 kB
Active:           393780 kB
Mem:          3.8G       3.7G       139M       5.7M        27M       3.2G

MemTotal:        4016004 kB
MemFree:          124020 kB
Active:           393792 kB
Mem:          3.8G       3.7G       119M       5.7M        27M       3.3G

MemTotal:        4016004 kB
MemFree:          141212 kB
Active:           392520 kB
Mem:          3.8G       3.7G       137M       5.7M        27M       3.2G

MemTotal:        4016004 kB
MemFree:          139956 kB
Active:           392532 kB
Mem:          3.8G       3.7G       136M       5.7M        27M       3.2G

MemTotal:        4016004 kB
MemFree:          139000 kB
Active:           392532 kB
Mem:          3.8G       3.7G       135M       5.7M        27M       3.2G

MemTotal:        4016004 kB
MemFree:          138276 kB
Active:           392516 kB
Mem:          3.8G       3.7G       135M       5.7M        27M       3.2G

MemTotal:        4016004 kB
MemFree:          118656 kB
Active:           392020 kB
Mem:          3.8G       3.7G       113M       5.7M        27M       3.3G

MemTotal:        4016004 kB
MemFree:          125748 kB
Active:           388276 kB
Mem:          3.8G       3.7G       121M       5.7M        27M       3.3G

MemTotal:        4016004 kB
MemFree:          128700 kB
Active:           384716 kB
Mem:          3.8G       3.7G       123M       5.7M        27M       3.3G

MemTotal:        4016004 kB
MemFree:          130516 kB
Active:           382676 kB
Mem:          3.8G       3.7G       127M       5.7M        27M       3.3G

MemTotal:        4016004 kB
MemFree:          119000 kB
Active:           381144 kB
Mem:          3.8G       3.7G       115M       5.7M        27M       3.3G

MemTotal:        4016004 kB
MemFree:          131608 kB
Active:           378864 kB
Mem:          3.8G       3.7G       126M       5.7M        27M       3.2G

MemTotal:        4016004 kB
MemFree:          130496 kB
Active:           377720 kB
Mem:          3.8G       3.7G       127M       5.7M        27M       3.2G

MemTotal:        4016004 kB
MemFree:          118832 kB
Active:           376696 kB
Mem:          3.8G       3.7G       116M       5.7M        27M       3.3G

MemTotal:        4016004 kB
MemFree:          127844 kB
Active:           376036 kB
Mem:          3.8G       3.7G       124M       5.7M        27M       3.3G

MemTotal:        4016004 kB
MemFree:          127112 kB
Active:           376068 kB
Mem:          3.8G       3.7G       123M       5.7M        27M       3.3G

MemTotal:        4016004 kB
MemFree:          126688 kB
Active:           376032 kB
Mem:          3.8G       3.7G       123M       5.7M        27M       3.3G

MemTotal:        4016004 kB
MemFree:          126908 kB
Active:           376056 kB
Mem:          3.8G       3.7G       123M       5.7M        27M       3.3G

MemTotal:        4016004 kB
MemFree:          123596 kB
Active:           373004 kB
Mem:          3.8G       3.7G       119M       5.7M        27M       3.3G

MemTotal:        4016004 kB
MemFree:          133696 kB
Active:           369548 kB
Mem:          3.8G       3.7G       129M       5.7M        27M       3.2G

MemTotal:        4016004 kB
MemFree:          119196 kB
Active:           369364 kB
Mem:          3.8G       3.7G       115M       5.7M        27M       3.3G

MemTotal:        4016004 kB
MemFree:          126084 kB
Active:           369364 kB
Mem:          3.8G       3.7G       124M       5.7M        27M       3.3G

MemTotal:        4016004 kB
MemFree:          122944 kB
Active:           369396 kB
Mem:          3.8G       3.7G       117M       5.7M        27M       3.3G

MemTotal:        4016004 kB
MemFree:          135868 kB
Active:           369408 kB
Mem:          3.8G       3.7G       130M       5.7M        27M       3.2G

MemTotal:        4016004 kB
MemFree:          127140 kB
Active:           366408 kB
Mem:          3.8G       3.7G       123M       5.7M        27M       3.3G

MemTotal:        4016004 kB
MemFree:          117544 kB
Active:           366352 kB
Mem:          3.8G       3.7G       122M       5.7M        27M       3.3G

MemTotal:        4016004 kB
MemFree:          124288 kB
Active:           368460 kB
Mem:          3.8G       3.7G       121M       5.7M        27M       3.3G

MemTotal:        4016004 kB
MemFree:          124644 kB
Active:           368396 kB
Mem:          3.8G       3.7G       121M       5.7M        27M       3.3G

MemTotal:        4016004 kB
MemFree:          123820 kB
Active:           368424 kB
Mem:          3.8G       3.7G       120M       5.7M        27M       3.3G

MemTotal:        4016004 kB
MemFree:          122860 kB
Active:           368428 kB
Mem:          3.8G       3.7G       119M       5.7M        27M       3.3G

MemTotal:        4016004 kB
MemFree:          125540 kB
Active:           367136 kB
Mem:          3.8G       3.7G       121M       5.7M        27M       3.3G

MemTotal:        4016004 kB
MemFree:          133840 kB
Active:           367008 kB
Mem:          3.8G       3.7G       130M       5.7M        27M       3.2G

MemTotal:        4016004 kB
MemFree:          131364 kB
Active:           367028 kB
Mem:          3.8G       3.7G       126M       5.7M        27M       3.2G

MemTotal:        4016004 kB
MemFree:          109356 kB
Active:           367060 kB
Mem:          3.8G       3.7G       106M       5.7M        27M       3.3G

MemTotal:        4016004 kB
MemFree:          105292 kB
Active:           367064 kB
Mem:          3.8G       3.7G       120M       5.7M        27M       3.3G

MemTotal:        4016004 kB
MemFree:          133864 kB
Active:           367072 kB
Mem:          3.8G       3.7G       130M       5.7M        27M       3.2G

MemTotal:        4016004 kB
MemFree:          131672 kB
Active:           364820 kB
Mem:          3.8G       3.7G       127M       5.7M        27M       3.2G

MemTotal:        4016004 kB
MemFree:          135820 kB
Active:           364600 kB
Mem:          3.8G       3.7G       132M       5.7M        27M       3.2G

MemTotal:        4016004 kB
MemFree:          130608 kB
Active:           366616 kB
Mem:          3.8G       3.7G       127M       5.7M        27M       3.2G

MemTotal:        4016004 kB
MemFree:          130144 kB
Active:           366644 kB
Mem:          3.8G       3.7G       127M       5.7M        27M       3.2G

MemTotal:        4016004 kB
MemFree:          129332 kB
Active:           366652 kB
Mem:          3.8G       3.7G       126M       5.7M        27M       3.2G

MemTotal:        4016004 kB
MemFree:          128436 kB
Active:           366660 kB
Mem:          3.8G       3.7G       125M       5.7M        27M       3.2G

MemTotal:        4016004 kB
MemFree:          128348 kB
Active:           366624 kB
Mem:          3.8G       3.7G       125M       5.7M        27M       3.2G

MemTotal:        4016004 kB
MemFree:          122944 kB
Active:           366672 kB
Mem:          3.8G       3.7G       119M       5.7M        27M       3.3G

MemTotal:        4016004 kB
MemFree:          128460 kB
Active:           366668 kB
Mem:          3.8G       3.7G       122M       5.7M        27M       3.3G

MemTotal:        4016004 kB
MemFree:          114068 kB
Active:           366260 kB
Mem:          3.8G       3.7G       132M       5.7M        27M       3.2G

MemTotal:        4016004 kB
MemFree:          126196 kB
Active:           366292 kB
Mem:          3.8G       3.7G       121M       5.7M        27M       3.3G

MemTotal:        4016004 kB
MemFree:          108672 kB
Active:           364272 kB
Mem:          3.8G       3.7G       103M       5.7M        27M       3.3G

MemTotal:        4016004 kB
MemFree:          128148 kB
Active:           365164 kB
Mem:          3.8G       3.7G       124M       5.7M        27M       3.2G

MemTotal:        4016004 kB
MemFree:          124552 kB
Active:           365116 kB
Mem:          3.8G       3.7G       121M       5.7M        27M       3.3G

MemTotal:        4016004 kB
MemFree:          123864 kB
Active:           365168 kB
Mem:          3.8G       3.7G       120M       5.7M        27M       3.3G

MemTotal:        4016004 kB
MemFree:          123560 kB
Active:           365168 kB
Mem:          3.8G       3.7G       120M       5.7M        27M       3.3G

MemTotal:        4016004 kB
MemFree:          123596 kB
Active:           365176 kB
Mem:          3.8G       3.7G       120M       5.7M        27M       3.3G

MemTotal:        4016004 kB
MemFree:          113512 kB
Active:           365188 kB
Mem:          3.8G       3.7G       109M       5.7M        27M       3.3G

MemTotal:        4016004 kB
MemFree:          121552 kB
Active:           362704 kB
Mem:          3.8G       3.7G       116M       5.7M        27M       3.3G

MemTotal:        4016004 kB
MemFree:          126240 kB
Active:           362568 kB
Mem:          3.8G       3.7G       121M       5.7M        27M       3.3G

MemTotal:        4016004 kB
MemFree:          141756 kB
Active:           362416 kB
Mem:          3.8G       3.7G       138M       5.7M        27M       3.2G

MemTotal:        4016004 kB
MemFree:          134456 kB
Active:           361388 kB
Mem:          3.8G       3.7G       128M       5.7M        27M       3.2G

MemTotal:        4016004 kB
MemFree:          129224 kB
Active:           361200 kB
Mem:          3.8G       3.7G       125M       5.7M        27M       3.2G

MemTotal:        4016004 kB
MemFree:          126932 kB
Active:           361212 kB
Mem:          3.8G       3.7G       123M       5.7M        27M       3.2G

MemTotal:        4016004 kB
MemFree:          126784 kB
Active:           361168 kB
Mem:          3.8G       3.7G       123M       5.7M        27M       3.2G

MemTotal:        4016004 kB
MemFree:          125792 kB
Active:           361208 kB
Mem:          3.8G       3.7G       123M       5.7M        27M       3.2G

MemTotal:        4016004 kB
MemFree:          126320 kB
Active:           361200 kB
Mem:          3.8G       3.7G       123M       5.7M        27M       3.2G

MemTotal:        4016004 kB
MemFree:          126228 kB
Active:           361204 kB
Mem:          3.8G       3.7G       123M       5.7M        27M       3.2G

MemTotal:        4016004 kB
MemFree:          126544 kB
Active:           361196 kB
Mem:          3.8G       3.7G       123M       5.7M        27M       3.2G

MemTotal:        4016004 kB
MemFree:          138448 kB
Active:           361232 kB
Mem:          3.8G       3.7G       133M       5.7M        27M       3.2G

MemTotal:        4016004 kB
MemFree:          124932 kB
Active:           361236 kB
Mem:          3.8G       3.7G       121M       5.7M        27M       3.3G

MemTotal:        4016004 kB
MemFree:          137832 kB
Active:           359872 kB
Mem:          3.8G       3.7G       131M       5.7M        27M       3.2G

MemTotal:        4016004 kB
MemFree:          125960 kB
Active:           359800 kB
Mem:          3.8G       3.7G       120M       5.7M        27M       3.2G

MemTotal:        4016004 kB
MemFree:          133688 kB
Active:           359816 kB
Mem:          3.8G       3.7G       130M       5.7M        27M       3.2G

MemTotal:        4016004 kB
MemFree:          127616 kB
Active:           359816 kB
Mem:          3.8G       3.7G       124M       5.7M        27M       3.2G

MemTotal:        4016004 kB
MemFree:          138632 kB
Active:           359816 kB
Mem:          3.8G       3.7G       135M       5.7M        27M       3.2G

MemTotal:        4016004 kB
MemFree:          127268 kB
Active:           359816 kB
Mem:          3.8G       3.7G       123M       5.7M        27M       3.2G

MemTotal:        4016004 kB
MemFree:          118600 kB
Active:           359804 kB
Mem:          3.8G       3.7G       115M       5.7M        27M       3.3G

MemTotal:        4016004 kB
MemFree:          118176 kB
Active:           359792 kB
Mem:          3.8G       3.7G       115M       5.7M        27M       3.3G

MemTotal:        4016004 kB
MemFree:          116940 kB
Active:           359848 kB
Mem:          3.8G       3.7G       114M       5.7M        27M       3.3G

MemTotal:        4016004 kB
MemFree:          114692 kB
Active:           359828 kB
Mem:          3.8G       3.7G       112M       5.7M        27M       3.3G

MemTotal:        4016004 kB
MemFree:          113084 kB
Active:           356912 kB
Mem:          3.8G       3.7G       109M       5.7M        27M       3.3G

MemTotal:        4016004 kB
MemFree:          115964 kB
Active:           356664 kB
Mem:          3.8G       3.7G       113M       5.7M        27M       3.3G

MemTotal:        4016004 kB
MemFree:          124720 kB
Active:           356664 kB
Mem:          3.8G       3.7G       120M       5.7M        27M       3.2G

MemTotal:        4016004 kB
MemFree:          125312 kB
Active:           356624 kB
Mem:          3.8G       3.7G       119M       5.7M        27M       3.2G

MemTotal:        4016004 kB
MemFree:          104944 kB
Active:           356672 kB
Mem:          3.8G       3.7G       102M       5.7M        27M       3.3G

MemTotal:        4016004 kB
MemFree:          141396 kB
Active:           353932 kB
Mem:          3.8G       3.7G       138M       5.7M        27M       3.2G

MemTotal:        4016004 kB
MemFree:          105360 kB
Active:           353796 kB
Mem:          3.8G       3.7G       124M       5.7M        27M       3.2G

MemTotal:        4016004 kB
MemFree:          129132 kB
Active:           353748 kB
Mem:          3.8G       3.7G       126M       5.7M        27M       3.2G

MemTotal:        4016004 kB
MemFree:          131368 kB
Active:           353800 kB
Mem:          3.8G       3.7G       128M       5.7M        27M       3.2G

MemTotal:        4016004 kB
MemFree:          130484 kB
Active:           353772 kB
Mem:          3.8G       3.7G       127M       5.7M        27M       3.2G

MemTotal:        4016004 kB
MemFree:          127312 kB
Active:           355876 kB
Mem:          3.8G       3.7G       124M       5.7M        27M       3.2G

MemTotal:        4016004 kB
MemFree:          126540 kB
Active:           355824 kB
Mem:          3.8G       3.7G       123M       5.7M        27M       3.2G

MemTotal:        4016004 kB
MemFree:          126584 kB
Active:           355812 kB
Mem:          3.8G       3.7G       123M       5.7M        27M       3.2G

MemTotal:        4016004 kB
MemFree:          116248 kB
Active:           355844 kB
Mem:          3.8G       3.7G       121M       5.7M        27M       3.2G

MemTotal:        4016004 kB
MemFree:          125408 kB
Active:           355864 kB
Mem:          3.8G       3.7G       119M       5.7M        27M       3.2G

MemTotal:        4016004 kB
MemFree:          113752 kB
Active:           355864 kB
Mem:          3.8G       3.7G       109M       5.7M        27M       3.3G

MemTotal:        4016004 kB
MemFree:          138676 kB
Active:           354224 kB
Mem:          3.8G       3.7G       135M       5.7M        27M       3.2G

MemTotal:        4016004 kB
MemFree:          108848 kB
Active:           354228 kB
Mem:          3.8G       3.7G       105M       5.7M        27M       3.3G

MemTotal:        4016004 kB
MemFree:          114360 kB
Active:           354184 kB
Mem:          3.8G       3.7G       111M       5.7M        27M       3.3G

MemTotal:        4016004 kB
MemFree:          134956 kB
Active:           354256 kB
Mem:          3.8G       3.7G       129M       5.7M        27M       3.2G

MemTotal:        4016004 kB
MemFree:          134024 kB
Active:           354264 kB
Mem:          3.8G       3.7G       130M       5.7M        27M       3.2G

MemTotal:        4016004 kB
MemFree:          127100 kB
Active:           354264 kB
Mem:          3.8G       3.7G       124M       5.7M        27M       3.2G

MemTotal:        4016004 kB
MemFree:          126228 kB
Active:           354272 kB
Mem:          3.8G       3.7G       123M       5.7M        27M       3.2G

MemTotal:        4016004 kB
MemFree:          125972 kB
Active:           354284 kB
Mem:          3.8G       3.7G       123M       5.7M        27M       3.2G

MemTotal:        4016004 kB
MemFree:          125760 kB
Active:           354292 kB
Mem:          3.8G       3.7G       123M       5.7M        27M       3.2G

MemTotal:        4016004 kB
MemFree:          121300 kB
Active:           354252 kB
Mem:          3.8G       3.7G       115M       5.7M        27M       3.2G

MemTotal:        4016004 kB
MemFree:          126264 kB
Active:           354300 kB
Mem:          3.8G       3.7G       121M       5.7M        27M       3.2G

MemTotal:        4016004 kB
MemFree:          117932 kB
Active:           352356 kB
Mem:          3.8G       3.7G       112M       5.7M        27M       3.3G

MemTotal:        4016004 kB
MemFree:          136876 kB
Active:           352284 kB
Mem:          3.8G       3.7G       133M       5.7M        27M       3.2G

MemTotal:        4016004 kB
MemFree:          129608 kB
Active:           352340 kB
Mem:          3.8G       3.7G       126M       5.7M        27M       3.2G

MemTotal:        4016004 kB
MemFree:          131548 kB
Active:           351488 kB
Mem:          3.8G       3.7G       123M       5.7M        27M       3.2G

MemTotal:        4016004 kB
MemFree:          135008 kB
Active:           351352 kB
Mem:          3.8G       3.7G       131M       5.7M        27M       3.2G

MemTotal:        4016004 kB
MemFree:          119272 kB
Active:           351352 kB
Mem:          3.8G       3.7G       113M       5.7M        27M       3.3G

MemTotal:        4016004 kB
MemFree:          125468 kB
Active:           351228 kB
Mem:          3.8G       3.7G       122M       5.7M        27M       3.2G

MemTotal:        4016004 kB
MemFree:          129116 kB
Active:           353280 kB
Mem:          3.8G       3.7G       125M       5.7M        27M       3.2G

MemTotal:        4016004 kB
MemFree:          127860 kB
Active:           353280 kB
Mem:          3.8G       3.7G       124M       5.7M        27M       3.2G

MemTotal:        4016004 kB
MemFree:          126648 kB
Active:           353292 kB
Mem:          3.8G       3.7G       123M       5.7M        27M       3.2G

MemTotal:        4016004 kB
MemFree:          124668 kB
Active:           353256 kB
Mem:          3.8G       3.7G       121M       5.7M        27M       3.2G

MemTotal:        4016004 kB
MemFree:          124428 kB
Active:           353296 kB
Mem:          3.8G       3.7G       121M       5.7M        27M       3.2G

MemTotal:        4016004 kB
MemFree:          112860 kB
Active:           353248 kB
Mem:          3.8G       3.7G       110M       5.7M        27M       3.3G

MemTotal:        4016004 kB
MemFree:          128564 kB
Active:           352064 kB
Mem:          3.8G       3.7G       123M       5.7M        27M       3.2G

MemTotal:        4016004 kB
MemFree:          129492 kB
Active:           351740 kB
Mem:          3.8G       3.7G       122M       5.7M        27M       3.2G

MemTotal:        4016004 kB
MemFree:          122092 kB
Active:           351756 kB
Mem:          3.8G       3.7G       118M       5.7M        27M       3.2G

MemTotal:        4016004 kB
MemFree:          134428 kB
Active:           351624 kB
Mem:          3.8G       3.7G       131M       5.7M        27M       3.2G

MemTotal:        4016004 kB
MemFree:          139508 kB
Active:           351652 kB
Mem:          3.8G       3.7G       135M       5.7M        27M       3.2G

MemTotal:        4016004 kB
MemFree:          126828 kB
Active:           351612 kB
Mem:          3.8G       3.7G       122M       5.7M        27M       3.2G

MemTotal:        4016004 kB
MemFree:          110380 kB
Active:           351652 kB
Mem:          3.8G       3.7G       107M       5.7M        27M       3.3G

MemTotal:        4016004 kB
MemFree:          109188 kB
Active:           351668 kB
Mem:          3.8G       3.7G       106M       5.7M        27M       3.3G

MemTotal:        4016004 kB
MemFree:          108604 kB
Active:           351636 kB
Mem:          3.8G       3.7G       105M       5.7M        27M       3.3G

MemTotal:        4016004 kB
MemFree:          108452 kB
Active:           351628 kB
Mem:          3.8G       3.7G       105M       5.7M        27M       3.3G

MemTotal:        4016004 kB
MemFree:          133820 kB
Active:           351672 kB
Mem:          3.8G       3.7G       133M       5.7M        27M       3.2G

MemTotal:        4016004 kB
MemFree:          124832 kB
Active:           351664 kB
Mem:          3.8G       3.7G       120M       5.7M        27M       3.2G

MemTotal:        4016004 kB
MemFree:          121980 kB
Active:           351676 kB
Mem:          3.8G       3.7G       115M       5.7M        27M       3.2G

MemTotal:        4016004 kB
MemFree:          134180 kB
Active:           351600 kB
Mem:          3.8G       3.7G       128M       5.7M        27M       3.2G

MemTotal:        4016004 kB
MemFree:          117268 kB
Active:           351600 kB
Mem:          3.8G       3.7G       114M       5.7M        27M       3.2G

MemTotal:        4016004 kB
MemFree:          127916 kB
Active:           351620 kB
Mem:          3.8G       3.7G       123M       5.7M        27M       3.2G

MemTotal:        4016004 kB
MemFree:          138264 kB
Active:           351620 kB
Mem:          3.8G       3.7G       134M       5.7M        27M       3.2G

MemTotal:        4016004 kB
MemFree:          108868 kB
Active:           351620 kB
Mem:          3.8G       3.7G       105M       5.7M        27M       3.3G

MemTotal:        4016004 kB
MemFree:          106248 kB
Active:           351632 kB
Mem:          3.8G       3.7G       103M       5.7M        27M       3.3G

MemTotal:        4016004 kB
MemFree:          106032 kB
Active:           351636 kB
Mem:          3.8G       3.7G       103M       5.7M        27M       3.3G

MemTotal:        4016004 kB
MemFree:          104524 kB
Active:           351628 kB
Mem:          3.8G       3.7G       102M       5.7M        27M       3.3G

MemTotal:        4016004 kB
MemFree:          133092 kB
Active:           353620 kB
Mem:          3.8G       3.7G       127M       5.7M        27M       3.2G

MemTotal:        4016004 kB
MemFree:          137040 kB
Active:           353376 kB
Mem:          3.8G       3.7G       134M       5.7M        27M       3.2G

MemTotal:        4016004 kB
MemFree:          137568 kB
Active:           353344 kB
Mem:          3.8G       3.7G       134M       5.7M        27M       3.2G

MemTotal:        4016004 kB
MemFree:          137444 kB
Active:           353352 kB
Mem:          3.8G       3.7G       134M       5.7M        27M       3.2G

MemTotal:        4016004 kB
MemFree:          137940 kB
Active:           353352 kB
Mem:          3.8G       3.7G       134M       5.7M        27M       3.2G

MemTotal:        4016004 kB
MemFree:          137940 kB
Active:           353364 kB
Mem:          3.8G       3.7G       134M       5.7M        27M       3.2G

MemTotal:        4016004 kB
MemFree:          138064 kB
Active:           353372 kB
Mem:          3.8G       3.7G       134M       5.7M        27M       3.2G

MemTotal:        4016004 kB
MemFree:          138064 kB
Active:           353356 kB
Mem:          3.8G       3.7G       134M       5.7M        27M       3.2G

MemTotal:        4016004 kB
MemFree:          138064 kB
Active:           353360 kB
Mem:          3.8G       3.7G       134M       5.7M        27M       3.2G

MemTotal:        4016004 kB
MemFree:          137692 kB
Active:           353372 kB
Mem:          3.8G       3.7G       134M       5.7M        27M       3.2G

MemTotal:        4016004 kB
MemFree:          137940 kB
Active:           353372 kB
Mem:          3.8G       3.7G       134M       5.7M        27M       3.2G

MemTotal:        4016004 kB
MemFree:          137940 kB
Active:           353372 kB
Mem:          3.8G       3.7G       134M       5.7M        27M       3.2G

MemTotal:        4016004 kB
MemFree:          138664 kB
Active:           353044 kB
Mem:          3.8G       3.7G       135M       5.7M        27M       3.2G

MemTotal:        4016004 kB
MemFree:          138844 kB
Active:           352920 kB
Mem:          3.8G       3.7G       135M       5.7M        27M       3.2G

MemTotal:        4016004 kB
MemFree:          139020 kB
Active:           352916 kB
Mem:          3.8G       3.7G       135M       5.7M        27M       3.2G

MemTotal:        4016004 kB
MemFree:          138648 kB
Active:           352968 kB
Mem:          3.8G       3.7G       135M       5.7M        27M       3.2G

MemTotal:        4016004 kB
MemFree:          138896 kB
Active:           352936 kB
Mem:          3.8G       3.7G       135M       5.7M        27M       3.2G

MemTotal:        4016004 kB
MemFree:          139020 kB
Active:           352964 kB
Mem:          3.8G       3.7G       135M       5.7M        27M       3.2G

MemTotal:        4016004 kB
MemFree:          138896 kB
Active:           352924 kB
Mem:          3.8G       3.7G       135M       5.7M        27M       3.2G

MemTotal:        4016004 kB
MemFree:          136352 kB
Active:           352980 kB
Mem:          3.8G       3.7G       133M       5.7M        27M       3.2G

MemTotal:        4016004 kB
MemFree:          136724 kB
Active:           354948 kB
Mem:          3.8G       3.7G       133M       5.7M        27M       3.2G

MemTotal:        4016004 kB
MemFree:          137096 kB
Active:           354968 kB
Mem:          3.8G       3.7G       133M       5.7M        27M       3.2G

MemTotal:        4016004 kB
MemFree:          136724 kB
Active:           355004 kB
Mem:          3.8G       3.7G       133M       5.7M        27M       3.2G

MemTotal:        4016004 kB
MemFree:          136976 kB
Active:           354980 kB
Mem:          3.8G       3.7G       133M       5.7M        27M       3.2G

MemTotal:        4016004 kB
MemFree:          136728 kB
Active:           355012 kB
Mem:          3.8G       3.7G       133M       5.7M        27M       3.2G

MemTotal:        4016004 kB
MemFree:          137100 kB
Active:           354964 kB
Mem:          3.8G       3.7G       133M       5.7M        27M       3.2G

MemTotal:        4016004 kB
MemFree:          137100 kB
Active:           355008 kB
Mem:          3.8G       3.7G       133M       5.7M        27M       3.2G

MemTotal:        4016004 kB
MemFree:          137100 kB
Active:           355016 kB
Mem:          3.8G       3.7G       133M       5.7M        27M       3.2G

MemTotal:        4016004 kB
MemFree:          137596 kB
Active:           355024 kB
Mem:          3.8G       3.7G       134M       5.7M        27M       3.2G

MemTotal:        4016004 kB
MemFree:          135548 kB
Active:           355028 kB
Mem:          3.8G       3.7G       132M       5.7M        27M       3.2G

MemTotal:        4016004 kB
MemFree:          135424 kB
Active:           357036 kB
Mem:          3.8G       3.7G       132M       5.7M        27M       3.2G

MemTotal:        4016004 kB
MemFree:          135424 kB
Active:           357044 kB
Mem:          3.8G       3.7G       132M       5.7M        27M       3.2G

MemTotal:        4016004 kB
MemFree:          134928 kB
Active:           357056 kB
Mem:          3.8G       3.7G       131M       5.7M        27M       3.2G

MemTotal:        4016004 kB
MemFree:          135332 kB
Active:           357016 kB
Mem:          3.8G       3.7G       132M       5.7M        27M       3.2G

MemTotal:        4016004 kB
MemFree:          135364 kB
Active:           357036 kB
Mem:          3.8G       3.7G       132M       5.7M        27M       3.2G

MemTotal:        4016004 kB
MemFree:          135488 kB
Active:           357008 kB
Mem:          3.8G       3.7G       132M       5.7M        27M       3.2G

MemTotal:        4016004 kB
MemFree:          135364 kB
Active:           357028 kB
Mem:          3.8G       3.7G       132M       5.7M        27M       3.2G

MemTotal:        4016004 kB
MemFree:          135240 kB
Active:           357040 kB
Mem:          3.8G       3.7G       132M       5.7M        27M       3.2G

MemTotal:        4016004 kB
MemFree:          134992 kB
Active:           357068 kB
Mem:          3.8G       3.7G       131M       5.7M        27M       3.2G

MemTotal:        4016004 kB
MemFree:          133192 kB
Active:           357048 kB
Mem:          3.8G       3.7G       130M       5.7M        27M       3.2G

MemTotal:        4016004 kB
MemFree:          133316 kB
Active:           359060 kB
Mem:          3.8G       3.7G       130M       5.7M        27M       3.2G

MemTotal:        4016004 kB
MemFree:          132820 kB
Active:           359112 kB
Mem:          3.8G       3.7G       129M       5.7M        27M       3.2G

MemTotal:        4016004 kB
MemFree:          133068 kB
Active:           359056 kB
Mem:          3.8G       3.7G       129M       5.7M        27M       3.2G

MemTotal:        4016004 kB
MemFree:          133192 kB
Active:           359072 kB
Mem:          3.8G       3.7G       130M       5.7M        27M       3.2G

MemTotal:        4016004 kB
MemFree:          133192 kB
Active:           359092 kB
Mem:          3.8G       3.7G       129M       5.7M        27M       3.2G

MemTotal:        4016004 kB
MemFree:          132696 kB
Active:           359112 kB
Mem:          3.8G       3.7G       129M       5.7M        27M       3.2G

MemTotal:        4016004 kB
MemFree:          132944 kB
Active:           359096 kB
Mem:          3.8G       3.7G       129M       5.7M        27M       3.2G

MemTotal:        4016004 kB
MemFree:          132944 kB
Active:           359092 kB
Mem:          3.8G       3.7G       129M       5.7M        27M       3.2G

MemTotal:        4016004 kB
MemFree:          133068 kB
Active:           359064 kB
Mem:          3.8G       3.7G       129M       5.7M        27M       3.2G

MemTotal:        4016004 kB
MemFree:          132944 kB
Active:           359072 kB
Mem:          3.8G       3.7G       129M       5.7M        27M       3.2G

MemTotal:        4016004 kB
MemFree:          132820 kB
Active:           359084 kB
Mem:          3.8G       3.7G       129M       5.7M        27M       3.2G

MemTotal:        4016004 kB
MemFree:          133192 kB
Active:           359088 kB
Mem:          3.8G       3.7G       129M       5.7M        27M       3.2G

MemTotal:        4016004 kB
MemFree:          132944 kB
Active:           359124 kB
Mem:          3.8G       3.7G       129M       5.7M        27M       3.2G

MemTotal:        4016004 kB
MemFree:          133316 kB
Active:           359084 kB
Mem:          3.8G       3.7G       130M       5.7M        27M       3.2G

MemTotal:        4016004 kB
MemFree:          133316 kB
Active:           359100 kB
Mem:          3.8G       3.7G       129M       5.7M        27M       3.2G

MemTotal:        4016004 kB
MemFree:          132696 kB
Active:           359140 kB
Mem:          3.8G       3.7G       129M       5.7M        27M       3.2G

MemTotal:        4016004 kB
MemFree:          132820 kB
Active:           359140 kB
Mem:          3.8G       3.7G       129M       5.7M        27M       3.2G

MemTotal:        4016004 kB
MemFree:          133068 kB
Active:           359104 kB
Mem:          3.8G       3.7G       129M       5.7M        27M       3.2G

MemTotal:        4016004 kB
MemFree:          133068 kB
Active:           359124 kB
Mem:          3.8G       3.7G       129M       5.7M        27M       3.2G

MemTotal:        4016004 kB
MemFree:          133068 kB
Active:           359104 kB
Mem:          3.8G       3.7G       129M       5.7M        27M       3.2G

MemTotal:        4016004 kB
MemFree:          133068 kB
Active:           359124 kB
Mem:          3.8G       3.7G       129M       5.7M        27M       3.2G

MemTotal:        4016004 kB
MemFree:          133068 kB
Active:           359124 kB
Mem:          3.8G       3.7G       129M       5.7M        27M       3.2G

MemTotal:        4016004 kB
MemFree:          133192 kB
Active:           359104 kB
Mem:          3.8G       3.7G       130M       5.7M        27M       3.2G

MemTotal:        4016004 kB
MemFree:          132820 kB
Active:           359148 kB
Mem:          3.8G       3.7G       129M       5.7M        27M       3.2G

MemTotal:        4016004 kB
MemFree:          133192 kB
Active:           359116 kB
Mem:          3.8G       3.7G       130M       5.7M        27M       3.2G

MemTotal:        4016004 kB
MemFree:          133192 kB
Active:           359144 kB
Mem:          3.8G       3.7G       130M       5.7M        27M       3.2G

MemTotal:        4016004 kB
MemFree:          132820 kB
Active:           359148 kB
Mem:          3.8G       3.7G       129M       5.7M        27M       3.2G

MemTotal:        4016004 kB
MemFree:          133068 kB
Active:           359100 kB
Mem:          3.8G       3.7G       129M       5.7M        27M       3.2G

MemTotal:        4016004 kB
MemFree:          133084 kB
Active:           359096 kB
Mem:          3.8G       3.7G       129M       5.7M        27M       3.2G

MemTotal:        4016004 kB
MemFree:          133084 kB
Active:           359096 kB
Mem:          3.8G       3.7G       129M       5.7M        27M       3.2G

MemTotal:        4016004 kB
MemFree:          133208 kB
Active:           359112 kB
Mem:          3.8G       3.7G       130M       5.7M        27M       3.2G

MemTotal:        4016004 kB
MemFree:          133456 kB
Active:           359140 kB
Mem:          3.8G       3.7G       130M       5.7M        27M       3.2G

MemTotal:        4016004 kB
MemFree:          133580 kB
Active:           359128 kB
Mem:          3.8G       3.7G       130M       5.7M        27M       3.2G

MemTotal:        4016004 kB
MemFree:          133084 kB
Active:           359156 kB
Mem:          3.8G       3.7G       129M       5.7M        27M       3.2G

MemTotal:        4016004 kB
MemFree:          133580 kB
Active:           359136 kB
Mem:          3.8G       3.7G       130M       5.7M        27M       3.2G

MemTotal:        4016004 kB
MemFree:          133580 kB
Active:           359152 kB
Mem:          3.8G       3.7G       130M       5.7M        27M       3.2G

MemTotal:        4016004 kB
MemFree:          133332 kB
Active:           359140 kB
Mem:          3.8G       3.7G       130M       5.7M        27M       3.2G

MemTotal:        4016004 kB
MemFree:          132960 kB
Active:           359168 kB
Mem:          3.8G       3.7G       129M       5.7M        27M       3.2G

MemTotal:        4016004 kB
MemFree:          133456 kB
Active:           359140 kB
Mem:          3.8G       3.7G       130M       5.7M        27M       3.2G

MemTotal:        4016004 kB
MemFree:          133456 kB
Active:           359124 kB
Mem:          3.8G       3.7G       130M       5.7M        27M       3.2G

MemTotal:        4016004 kB
MemFree:          133084 kB
Active:           359176 kB
Mem:          3.8G       3.7G       129M       5.7M        27M       3.2G

MemTotal:        4016004 kB
MemFree:          132960 kB
Active:           359176 kB
Mem:          3.8G       3.7G       130M       5.7M        27M       3.2G

MemTotal:        4016004 kB
MemFree:          133084 kB
Active:           359176 kB
Mem:          3.8G       3.7G       130M       5.7M        27M       3.2G

MemTotal:        4016004 kB
MemFree:          133580 kB
Active:           359140 kB
Mem:          3.8G       3.7G       130M       5.7M        27M       3.2G

MemTotal:        4016004 kB
MemFree:          133456 kB
Active:           359168 kB
Mem:          3.8G       3.7G       129M       5.7M        27M       3.2G

MemTotal:        4016004 kB
MemFree:          133084 kB
Active:           359120 kB
Mem:          3.8G       3.7G       129M       5.7M        27M       3.2G

MemTotal:        4016004 kB
MemFree:          133332 kB
Active:           359140 kB
Mem:          3.8G       3.7G       129M       5.7M        27M       3.2G

MemTotal:        4016004 kB
MemFree:          133332 kB
Active:           359140 kB
Mem:          3.8G       3.7G       130M       5.7M        27M       3.2G

MemTotal:        4016004 kB
MemFree:          133456 kB
Active:           359156 kB
Mem:          3.8G       3.7G       130M       5.7M        27M       3.2G

MemTotal:        4016004 kB
MemFree:          133456 kB
Active:           359180 kB
Mem:          3.8G       3.7G       130M       5.7M        27M       3.2G

MemTotal:        4016004 kB
MemFree:          133332 kB
Active:           359144 kB
Mem:          3.8G       3.7G       130M       5.7M        27M       3.2G

MemTotal:        4016004 kB
MemFree:          133084 kB
Active:           359188 kB
Mem:          3.8G       3.7G       129M       5.7M        27M       3.2G

MemTotal:        4016004 kB
MemFree:          133332 kB
Active:           359180 kB
Mem:          3.8G       3.7G       130M       5.7M        27M       3.2G

MemTotal:        4016004 kB
MemFree:          133704 kB
Active:           359148 kB
Mem:          3.8G       3.7G       130M       5.7M        27M       3.2G

MemTotal:        4016004 kB
MemFree:          133332 kB
Active:           359188 kB
Mem:          3.8G       3.7G       130M       5.7M        27M       3.2G

MemTotal:        4016004 kB
MemFree:          133704 kB
Active:           359148 kB
Mem:          3.8G       3.7G       130M       5.7M        27M       3.2G

MemTotal:        4016004 kB
MemFree:          133084 kB
Active:           359188 kB
Mem:          3.8G       3.7G       129M       5.7M        27M       3.2G

MemTotal:        4016004 kB
MemFree:          132960 kB
Active:           359192 kB
Mem:          3.8G       3.7G       130M       5.7M        27M       3.2G

MemTotal:        4016004 kB
MemFree:          133208 kB
Active:           359148 kB
Mem:          3.8G       3.7G       129M       5.7M        27M       3.2G

MemTotal:        4016004 kB
MemFree:          132712 kB
Active:           359192 kB
Mem:          3.8G       3.7G       129M       5.7M        27M       3.2G

MemTotal:        4016004 kB
MemFree:          132836 kB
Active:           359192 kB
Mem:          3.8G       3.7G       130M       5.7M        27M       3.2G

MemTotal:        4016004 kB
MemFree:          133208 kB
Active:           359144 kB
Mem:          3.8G       3.7G       130M       5.7M        27M       3.2G

MemTotal:        4016004 kB
MemFree:          133208 kB
Active:           359148 kB
Mem:          3.8G       3.7G       130M       5.7M        27M       3.2G

MemTotal:        4016004 kB
MemFree:          132960 kB
Active:           359208 kB
Mem:          3.8G       3.7G       130M       5.7M        27M       3.2G

MemTotal:        4016004 kB
MemFree:          133332 kB
Active:           359164 kB
Mem:          3.8G       3.7G       130M       5.7M        27M       3.2G

MemTotal:        4016004 kB
MemFree:          133208 kB
Active:           359176 kB
Mem:          3.8G       3.7G       130M       5.7M        27M       3.2G

MemTotal:        4016004 kB
MemFree:          132828 kB
Active:           359208 kB
Mem:          3.8G       3.7G       129M       5.7M        27M       3.2G

MemTotal:        4016004 kB
MemFree:          132704 kB
Active:           359212 kB
Mem:          3.8G       3.7G       129M       5.7M        27M       3.2G

MemTotal:        4016004 kB
MemFree:          132704 kB
Active:           359216 kB
Mem:          3.8G       3.7G       129M       5.7M        27M       3.2G

MemTotal:        4016004 kB
MemFree:          133324 kB
Active:           359160 kB
Mem:          3.8G       3.7G       129M       5.7M        27M       3.2G

MemTotal:        4016004 kB
MemFree:          133324 kB
Active:           359180 kB
Mem:          3.8G       3.7G       129M       5.7M        27M       3.2G

MemTotal:        4016004 kB
MemFree:          133200 kB
Active:           359192 kB
Mem:          3.8G       3.7G       129M       5.7M        27M       3.2G

MemTotal:        4016004 kB
MemFree:          133076 kB
Active:           359216 kB
Mem:          3.8G       3.7G       130M       5.7M        27M       3.2G

MemTotal:        4016004 kB
MemFree:          132828 kB
Active:           359224 kB
Mem:          3.8G       3.7G       129M       5.7M        27M       3.2G

MemTotal:        4016004 kB
MemFree:          133076 kB
Active:           359212 kB
Mem:          3.8G       3.7G       129M       5.7M        27M       3.2G

MemTotal:        4016004 kB
MemFree:          133076 kB
Active:           359176 kB
Mem:          3.8G       3.7G       129M       5.7M        27M       3.2G

MemTotal:        4016004 kB
MemFree:          133200 kB
Active:           359216 kB
Mem:          3.8G       3.7G       129M       5.7M        27M       3.2G

MemTotal:        4016004 kB
MemFree:          132704 kB
Active:           359232 kB
Mem:          3.8G       3.7G       129M       5.7M        27M       3.2G

MemTotal:        4016004 kB
MemFree:          132944 kB
Active:           359196 kB
Mem:          3.8G       3.7G       129M       5.7M        27M       3.2G

MemTotal:        4016004 kB
MemFree:          132944 kB
Active:           359224 kB
Mem:          3.8G       3.7G       129M       5.7M        27M       3.2G

MemTotal:        4016004 kB
MemFree:          132572 kB
Active:           359232 kB
Mem:          3.8G       3.7G       129M       5.7M        27M       3.2G

MemTotal:        4016004 kB
MemFree:          133068 kB
Active:           359184 kB
Mem:          3.8G       3.7G       129M       5.7M        27M       3.2G

MemTotal:        4016004 kB
MemFree:          132944 kB
Active:           359204 kB
Mem:          3.8G       3.7G       129M       5.7M        27M       3.2G

MemTotal:        4016004 kB
MemFree:          132944 kB
Active:           359180 kB
Mem:          3.8G       3.7G       129M       5.7M        27M       3.2G

MemTotal:        4016004 kB
MemFree:          132572 kB
Active:           359240 kB
Mem:          3.8G       3.7G       129M       5.7M        27M       3.2G

MemTotal:        4016004 kB
MemFree:          133068 kB
Active:           359212 kB
Mem:          3.8G       3.7G       129M       5.7M        27M       3.2G

MemTotal:        4016004 kB
MemFree:          133068 kB
Active:           359236 kB
Mem:          3.8G       3.7G       129M       5.7M        27M       3.2G

MemTotal:        4016004 kB
MemFree:          132696 kB
Active:           359240 kB
Mem:          3.8G       3.7G       129M       5.7M        27M       3.2G

MemTotal:        4016004 kB
MemFree:          133068 kB
Active:           359192 kB
Mem:          3.8G       3.7G       129M       5.7M        27M       3.2G

MemTotal:        4016004 kB
MemFree:          132944 kB
Active:           359216 kB
Mem:          3.8G       3.7G       129M       5.7M        27M       3.2G

MemTotal:        4016004 kB
MemFree:          132572 kB
Active:           359248 kB
Mem:          3.8G       3.7G       129M       5.7M        27M       3.2G

MemTotal:        4016004 kB
MemFree:          133068 kB
Active:           359228 kB
Mem:          3.8G       3.7G       129M       5.7M        27M       3.2G

MemTotal:        4016004 kB
MemFree:          133192 kB
Active:           359236 kB
Mem:          3.8G       3.7G       129M       5.7M        27M       3.2G

MemTotal:        4016004 kB
MemFree:          133068 kB
Active:           359212 kB
Mem:          3.8G       3.7G       129M       5.7M        27M       3.2G

MemTotal:        4016004 kB
MemFree:          133068 kB
Active:           359192 kB
Mem:          3.8G       3.7G       129M       5.7M        27M       3.2G

MemTotal:        4016004 kB
MemFree:          132696 kB
Active:           359248 kB
Mem:          3.8G       3.7G       129M       5.7M        27M       3.2G

MemTotal:        4016004 kB
MemFree:          132944 kB
Active:           359216 kB
Mem:          3.8G       3.7G       129M       5.7M        27M       3.2G

MemTotal:        4016004 kB
MemFree:          132944 kB
Active:           359248 kB
Mem:          3.8G       3.7G       130M       5.7M        27M       3.2G

MemTotal:        4016004 kB
MemFree:          132696 kB
Active:           359260 kB
Mem:          3.8G       3.7G       129M       5.7M        27M       3.2G

MemTotal:        4016004 kB
MemFree:          133192 kB
Active:           359208 kB
Mem:          3.8G       3.7G       130M       5.7M        27M       3.2G

MemTotal:        4016004 kB
MemFree:          133316 kB
Active:           359224 kB
Mem:          3.8G       3.7G       130M       5.7M        27M       3.2G

MemTotal:        4016004 kB
MemFree:          133192 kB
Active:           359232 kB
Mem:          3.8G       3.7G       130M       5.7M        27M       3.2G

MemTotal:        4016004 kB
MemFree:          132680 kB
Active:           359260 kB
Mem:          3.8G       3.7G       129M       5.7M        27M       3.2G

MemTotal:        4016004 kB
MemFree:          133068 kB
Active:           359252 kB
Mem:          3.8G       3.7G       129M       5.7M        27M       3.2G

MemTotal:        4016004 kB
MemFree:          133068 kB
Active:           359228 kB
Mem:          3.8G       3.7G       129M       5.7M        27M       3.2G

MemTotal:        4016004 kB
MemFree:          132696 kB
Active:           359268 kB
Mem:          3.8G       3.7G       129M       5.7M        27M       3.2G

MemTotal:        4016004 kB
MemFree:          132556 kB
Active:           359268 kB
Mem:          3.8G       3.7G       129M       5.7M        27M       3.2G

MemTotal:        4016004 kB
MemFree:          132696 kB
Active:           359244 kB
Mem:          3.8G       3.7G       129M       5.7M        27M       3.2G

MemTotal:        4016004 kB
MemFree:          132912 kB
Active:           359228 kB
Mem:          3.8G       3.7G       129M       5.7M        27M       3.2G

MemTotal:        4016004 kB
MemFree:          132820 kB
Active:           359248 kB
Mem:          3.8G       3.7G       129M       5.7M        27M       3.2G

MemTotal:        4016004 kB
MemFree:          132944 kB
Active:           359236 kB
Mem:          3.8G       3.7G       129M       5.7M        27M       3.2G

MemTotal:        4016004 kB
MemFree:          132944 kB
Active:           359248 kB
Mem:          3.8G       3.7G       129M       5.7M        27M       3.2G

MemTotal:        4016004 kB
MemFree:          133192 kB
Active:           359220 kB
Mem:          3.8G       3.7G       129M       5.7M        27M       3.2G

MemTotal:        4016004 kB
MemFree:          133176 kB
Active:           359232 kB
Mem:          3.8G       3.7G       129M       5.7M        27M       3.2G

MemTotal:        4016004 kB
MemFree:          132804 kB
Active:           359276 kB
Mem:          3.8G       3.7G       129M       5.7M        27M       3.2G

MemTotal:        4016004 kB
MemFree:          132572 kB
Active:           359424 kB
Mem:          3.8G       3.7G       129M       5.7M        27M       3.2G

MemTotal:        4016004 kB
MemFree:          132400 kB
Active:           359356 kB
Mem:          3.8G       3.7G       129M       5.7M        27M       3.2G

MemTotal:        4016004 kB
MemFree:          132308 kB
Active:           359280 kB
Mem:          3.8G       3.7G       129M       5.7M        27M       3.2G

MemTotal:        4016004 kB
MemFree:          132432 kB
Active:           359368 kB
Mem:          3.8G       3.7G       129M       5.7M        27M       3.2G

MemTotal:        4016004 kB
MemFree:          132316 kB
Active:           359396 kB
Mem:          3.8G       3.7G       129M       5.7M        27M       3.2G

MemTotal:        4016004 kB
MemFree:          132432 kB
Active:           359288 kB
Mem:          3.8G       3.7G       129M       5.7M        27M       3.2G

MemTotal:        4016004 kB
MemFree:          132944 kB
Active:           359344 kB
Mem:          3.8G       3.7G       129M       5.7M        27M       3.2G

MemTotal:        4016004 kB
MemFree:          132432 kB
Active:           359296 kB
Mem:          3.8G       3.7G       129M       5.7M        27M       3.2G

MemTotal:        4016004 kB
MemFree:          133044 kB
Active:           359412 kB
Mem:          3.8G       3.7G       129M       5.7M        27M       3.2G

MemTotal:        4016004 kB
MemFree:          132664 kB
Active:           359300 kB
Mem:          3.8G       3.7G       129M       5.7M        27M       3.2G

MemTotal:        4016004 kB
MemFree:          132944 kB
Active:           359308 kB
Mem:          3.8G       3.7G       130M       5.7M        27M       3.2G

MemTotal:        4016004 kB
MemFree:          133140 kB
Active:           359368 kB
Mem:          3.8G       3.7G       129M       5.7M        27M       3.2G

MemTotal:        4016004 kB
MemFree:          133140 kB
Active:           359328 kB
Mem:          3.8G       3.7G       130M       5.7M        27M       3.2G

MemTotal:        4016004 kB
MemFree:          132664 kB
Active:           359396 kB
Mem:          3.8G       3.7G       129M       5.7M        27M       3.2G

MemTotal:        4016004 kB
MemFree:          133016 kB
Active:           359404 kB
Mem:          3.8G       3.7G       129M       5.7M        27M       3.2G

MemTotal:        4016004 kB
MemFree:          132896 kB
Active:           359284 kB
Mem:          3.8G       3.7G       129M       5.7M        27M       3.2G

MemTotal:        4016004 kB
MemFree:          132664 kB
Active:           359320 kB
Mem:          3.8G       3.7G       129M       5.7M        27M       3.2G

MemTotal:        4016004 kB
MemFree:          132772 kB
Active:           359300 kB
Mem:          3.8G       3.7G       129M       5.7M        27M       3.2G

MemTotal:        4016004 kB
MemFree:          132680 kB
Active:           359320 kB
Mem:          3.8G       3.7G       129M       5.7M        27M       3.2G

MemTotal:        4016004 kB
MemFree:          133144 kB
Active:           359184 kB
Mem:          3.8G       3.7G       129M       5.7M        27M       3.2G

MemTotal:        4016004 kB
MemFree:          132540 kB
Active:           359404 kB
Mem:          3.8G       3.7G       129M       5.7M        27M       3.2G

MemTotal:        4016004 kB
MemFree:          132772 kB
Active:           359152 kB
Mem:          3.8G       3.7G       129M       5.7M        27M       3.2G

MemTotal:        4016004 kB
MemFree:          133424 kB
Active:           359288 kB
Mem:          3.8G       3.7G       130M       5.7M        27M       3.2G

MemTotal:        4016004 kB
MemFree:          132804 kB
Active:           359432 kB
Mem:          3.8G       3.7G       129M       5.7M        27M       3.2G

MemTotal:        4016004 kB
MemFree:          130540 kB
Active:           359444 kB
Mem:          3.8G       3.7G       127M       5.7M        27M       3.2G

MemTotal:        4016004 kB
MemFree:          130664 kB
Active:           361336 kB
Mem:          3.8G       3.7G       127M       5.7M        27M       3.2G

MemTotal:        4016004 kB
MemFree:          130532 kB
Active:           361488 kB
Mem:          3.8G       3.7G       127M       5.7M        28M       3.2G

MemTotal:        4016004 kB
MemFree:          129912 kB
Active:           361520 kB
Mem:          3.8G       3.7G       127M       5.7M        28M       3.2G

MemTotal:        4016004 kB
MemFree:          129788 kB
Active:           361520 kB
Mem:          3.8G       3.7G       126M       5.7M        28M       3.2G

MemTotal:        4016004 kB
MemFree:          130268 kB
Active:           361504 kB
Mem:          3.8G       3.7G       127M       5.7M        28M       3.2G

MemTotal:        4016004 kB
MemFree:          130392 kB
Active:           361536 kB
Mem:          3.8G       3.7G       127M       5.7M        28M       3.2G

MemTotal:        4016004 kB
MemFree:          130764 kB
Active:           361496 kB
Mem:          3.8G       3.7G       127M       5.7M        28M       3.2G

MemTotal:        4016004 kB
MemFree:          130516 kB
Active:           361512 kB
Mem:          3.8G       3.7G       127M       5.7M        28M       3.2G

MemTotal:        4016004 kB
MemFree:          130640 kB
Active:           361540 kB
Mem:          3.8G       3.7G       127M       5.7M        28M       3.2G

