MemTotal:        4016004 kB
MemFree:         3236512 kB
Active:           423528 kB
Mem:          3.8G       761M       3.1G       5.7M        50M       319M

MemTotal:        4016004 kB
MemFree:         3237304 kB
Active:           423108 kB
Mem:          3.8G       760M       3.1G       5.7M        50M       319M

MemTotal:        4016004 kB
MemFree:         3237180 kB
Active:           423176 kB
Mem:          3.8G       760M       3.1G       5.7M        50M       319M

MemTotal:        4016004 kB
MemFree:         3237040 kB
Active:           423208 kB
Mem:          3.8G       760M       3.1G       5.7M        50M       319M

MemTotal:        4016004 kB
MemFree:         3233216 kB
Active:           426500 kB
Mem:          3.8G       764M       3.1G       5.7M        53M       319M

MemTotal:        4016004 kB
MemFree:         3228248 kB
Active:           431016 kB
Mem:          3.8G       769M       3.1G       5.7M        58M       319M

MemTotal:        4016004 kB
MemFree:         3228232 kB
Active:           430996 kB
Mem:          3.8G       769M       3.1G       5.7M        58M       319M

MemTotal:        4016004 kB
MemFree:         3228356 kB
Active:           431016 kB
Mem:          3.8G       769M       3.1G       5.7M        58M       319M

MemTotal:        4016004 kB
MemFree:         3228712 kB
Active:           431024 kB
Mem:          3.8G       768M       3.1G       5.7M        58M       319M

MemTotal:        4016004 kB
MemFree:         3228836 kB
Active:           430988 kB
Mem:          3.8G       768M       3.1G       5.7M        58M       319M

MemTotal:        4016004 kB
MemFree:         3228324 kB
Active:           431000 kB
Mem:          3.8G       769M       3.1G       5.7M        58M       319M

MemTotal:        4016004 kB
MemFree:         3228200 kB
Active:           431028 kB
Mem:          3.8G       769M       3.1G       5.7M        58M       319M

MemTotal:        4016004 kB
MemFree:         3227944 kB
Active:           431052 kB
Mem:          3.8G       769M       3.1G       5.7M        58M       319M

MemTotal:        4016004 kB
MemFree:         3228208 kB
Active:           430996 kB
Mem:          3.8G       769M       3.1G       5.7M        58M       319M

MemTotal:        4016004 kB
MemFree:         3225648 kB
Active:           431032 kB
Mem:          3.8G       771M       3.1G       5.7M        58M       319M

MemTotal:        4016004 kB
MemFree:         3226144 kB
Active:           433080 kB
Mem:          3.8G       771M       3.1G       5.7M        58M       319M

MemTotal:        4016004 kB
MemFree:         3226128 kB
Active:           433068 kB
Mem:          3.8G       771M       3.1G       5.7M        58M       319M

MemTotal:        4016004 kB
MemFree:         3225880 kB
Active:           433080 kB
Mem:          3.8G       771M       3.1G       5.7M        58M       319M

MemTotal:        4016004 kB
MemFree:         3226004 kB
Active:           433080 kB
Mem:          3.8G       771M       3.1G       5.7M        58M       319M

MemTotal:        4016004 kB
MemFree:         3226376 kB
Active:           433064 kB
Mem:          3.8G       771M       3.1G       5.7M        58M       319M

MemTotal:        4016004 kB
MemFree:         3225864 kB
Active:           433072 kB
Mem:          3.8G       771M       3.1G       5.7M        58M       319M

MemTotal:        4016004 kB
MemFree:         3226236 kB
Active:           433080 kB
Mem:          3.8G       771M       3.1G       5.7M        58M       319M

MemTotal:        4016004 kB
MemFree:         3226236 kB
Active:           433040 kB
Mem:          3.8G       771M       3.1G       5.7M        58M       319M

MemTotal:        4016004 kB
MemFree:         3226220 kB
Active:           433052 kB
Mem:          3.8G       771M       3.1G       5.7M        58M       319M

MemTotal:        4016004 kB
MemFree:         3226340 kB
Active:           431012 kB
Mem:          3.8G       770M       3.1G       5.7M        58M       319M

MemTotal:        4016004 kB
MemFree:         3226712 kB
Active:           433052 kB
Mem:          3.8G       771M       3.1G       5.7M        58M       319M

MemTotal:        4016004 kB
MemFree:         3226712 kB
Active:           433052 kB
Mem:          3.8G       770M       3.1G       5.7M        58M       319M

MemTotal:        4016004 kB
MemFree:         3226588 kB
Active:           433064 kB
Mem:          3.8G       770M       3.1G       5.7M        58M       319M

MemTotal:        4016004 kB
MemFree:         3226588 kB
Active:           433068 kB
Mem:          3.8G       770M       3.1G       5.7M        58M       319M

MemTotal:        4016004 kB
MemFree:         3226836 kB
Active:           433072 kB
Mem:          3.8G       770M       3.1G       5.7M        58M       319M

MemTotal:        4016004 kB
MemFree:         3226872 kB
Active:           433072 kB
Mem:          3.8G       770M       3.1G       5.7M        58M       319M

MemTotal:        4016004 kB
MemFree:         3226996 kB
Active:           433072 kB
Mem:          3.8G       770M       3.1G       5.7M        58M       319M

MemTotal:        4016004 kB
MemFree:         3226624 kB
Active:           433092 kB
Mem:          3.8G       770M       3.1G       5.7M        58M       319M

MemTotal:        4016004 kB
MemFree:         3226896 kB
Active:           433084 kB
Mem:          3.8G       770M       3.1G       5.7M        58M       319M

MemTotal:        4016004 kB
MemFree:         3226872 kB
Active:           433092 kB
Mem:          3.8G       770M       3.1G       5.7M        58M       319M

MemTotal:        4016004 kB
MemFree:         3226360 kB
Active:           433088 kB
Mem:          3.8G       771M       3.1G       5.7M        58M       319M

MemTotal:        4016004 kB
MemFree:         3225972 kB
Active:           433108 kB
Mem:          3.8G       771M       3.1G       5.7M        58M       319M

MemTotal:        4016004 kB
MemFree:         3226468 kB
Active:           433080 kB
Mem:          3.8G       771M       3.1G       5.7M        58M       319M

MemTotal:        4016004 kB
MemFree:         3226592 kB
Active:           433060 kB
Mem:          3.8G       771M       3.1G       5.7M        58M       319M

MemTotal:        4016004 kB
MemFree:         3226080 kB
Active:           433116 kB
Mem:          3.8G       771M       3.1G       5.7M        58M       319M

MemTotal:        4016004 kB
MemFree:         3226188 kB
Active:           433100 kB
Mem:          3.8G       771M       3.1G       5.7M        58M       319M

MemTotal:        4016004 kB
MemFree:         3226436 kB
Active:           433084 kB
Mem:          3.8G       770M       3.1G       5.7M        58M       319M

MemTotal:        4016004 kB
MemFree:         3226436 kB
Active:           433072 kB
Mem:          3.8G       770M       3.1G       5.7M        58M       319M

MemTotal:        4016004 kB
MemFree:         3226668 kB
Active:           433072 kB
Mem:          3.8G       770M       3.1G       5.7M        58M       319M

MemTotal:        4016004 kB
MemFree:         3226216 kB
Active:           433128 kB
Mem:          3.8G       771M       3.1G       5.7M        58M       319M

MemTotal:        4016004 kB
MemFree:         3226324 kB
Active:           433132 kB
Mem:          3.8G       771M       3.1G       5.7M        58M       319M

MemTotal:        4016004 kB
MemFree:         3226216 kB
Active:           433136 kB
Mem:          3.8G       771M       3.1G       5.7M        58M       319M

MemTotal:        4016004 kB
MemFree:         3226216 kB
Active:           433120 kB
Mem:          3.8G       771M       3.1G       5.7M        58M       319M

MemTotal:        4016004 kB
MemFree:         3225968 kB
Active:           433104 kB
Mem:          3.8G       771M       3.1G       5.7M        58M       319M

MemTotal:        4016004 kB
MemFree:         3226216 kB
Active:           433104 kB
Mem:          3.8G       771M       3.1G       5.7M        58M       319M

MemTotal:        4016004 kB
MemFree:         3226092 kB
Active:           433136 kB
Mem:          3.8G       771M       3.1G       5.7M        58M       319M

MemTotal:        4016004 kB
MemFree:         3226340 kB
Active:           433136 kB
Mem:          3.8G       771M       3.1G       5.7M        58M       319M

MemTotal:        4016004 kB
MemFree:         3226340 kB
Active:           433176 kB
Mem:          3.8G       771M       3.1G       5.7M        58M       319M

MemTotal:        4016004 kB
MemFree:         3226464 kB
Active:           433168 kB
Mem:          3.8G       771M       3.1G       5.7M        58M       319M

MemTotal:        4016004 kB
MemFree:         3226464 kB
Active:           433168 kB
Mem:          3.8G       771M       3.1G       5.7M        58M       319M

MemTotal:        4016004 kB
MemFree:         3226464 kB
Active:           433164 kB
Mem:          3.8G       771M       3.1G       5.7M        58M       319M

MemTotal:        4016004 kB
MemFree:         3226416 kB
Active:           433152 kB
Mem:          3.8G       771M       3.1G       5.7M        58M       319M

MemTotal:        4016004 kB
MemFree:         3226216 kB
Active:           433148 kB
Mem:          3.8G       771M       3.1G       5.7M        58M       319M

MemTotal:        4016004 kB
MemFree:         3225968 kB
Active:           433196 kB
Mem:          3.8G       771M       3.1G       5.7M        58M       319M

MemTotal:        4016004 kB
MemFree:         3225968 kB
Active:           433180 kB
Mem:          3.8G       771M       3.1G       5.7M        58M       319M

MemTotal:        4016004 kB
MemFree:         3225720 kB
Active:           433196 kB
Mem:          3.8G       771M       3.1G       5.7M        58M       319M

MemTotal:        4016004 kB
MemFree:         3226092 kB
Active:           433156 kB
Mem:          3.8G       771M       3.1G       5.7M        58M       319M

MemTotal:        4016004 kB
MemFree:         3226216 kB
Active:           433196 kB
Mem:          3.8G       771M       3.1G       5.7M        58M       319M

MemTotal:        4016004 kB
MemFree:         3225720 kB
Active:           433196 kB
Mem:          3.8G       771M       3.1G       5.7M        58M       319M

MemTotal:        4016004 kB
MemFree:         3226092 kB
Active:           433200 kB
Mem:          3.8G       771M       3.1G       5.7M        58M       319M

MemTotal:        4016004 kB
MemFree:         3226216 kB
Active:           433184 kB
Mem:          3.8G       771M       3.1G       5.7M        58M       319M

MemTotal:        4016004 kB
MemFree:         3226464 kB
Active:           433192 kB
Mem:          3.8G       771M       3.1G       5.7M        58M       319M

MemTotal:        4016004 kB
MemFree:         3226092 kB
Active:           433204 kB
Mem:          3.8G       771M       3.1G       5.7M        58M       319M

MemTotal:        4016004 kB
MemFree:         3226092 kB
Active:           433160 kB
Mem:          3.8G       771M       3.1G       5.7M        58M       319M

MemTotal:        4016004 kB
MemFree:         3225844 kB
Active:           433204 kB
Mem:          3.8G       771M       3.1G       5.7M        58M       319M

MemTotal:        4016004 kB
MemFree:         3226092 kB
Active:           433184 kB
Mem:          3.8G       771M       3.1G       5.7M        58M       319M

MemTotal:        4016004 kB
MemFree:         3226216 kB
Active:           433172 kB
Mem:          3.8G       771M       3.1G       5.7M        58M       319M

MemTotal:        4016004 kB
MemFree:         3226264 kB
Active:           433176 kB
Mem:          3.8G       771M       3.1G       5.7M        58M       319M

MemTotal:        4016004 kB
MemFree:         3225892 kB
Active:           433208 kB
Mem:          3.8G       771M       3.1G       5.7M        58M       319M

MemTotal:        4016004 kB
MemFree:         3226636 kB
Active:           433192 kB
Mem:          3.8G       771M       3.1G       5.7M        58M       319M

MemTotal:        4016004 kB
MemFree:         3226512 kB
Active:           433180 kB
Mem:          3.8G       771M       3.1G       5.7M        58M       319M

MemTotal:        4016004 kB
MemFree:         3226140 kB
Active:           433160 kB
Mem:          3.8G       771M       3.1G       5.7M        58M       319M

MemTotal:        4016004 kB
MemFree:         3226140 kB
Active:           433196 kB
Mem:          3.8G       771M       3.1G       5.7M        58M       319M

MemTotal:        4016004 kB
MemFree:         3226016 kB
Active:           433168 kB
Mem:          3.8G       771M       3.1G       5.7M        58M       319M

MemTotal:        4016004 kB
MemFree:         3226016 kB
Active:           433160 kB
Mem:          3.8G       771M       3.1G       5.7M        58M       319M

MemTotal:        4016004 kB
MemFree:         3226264 kB
Active:           433204 kB
Mem:          3.8G       771M       3.1G       5.7M        58M       319M

MemTotal:        4016004 kB
MemFree:         3226388 kB
Active:           433200 kB
Mem:          3.8G       771M       3.1G       5.7M        58M       319M

MemTotal:        4016004 kB
MemFree:         3226512 kB
Active:           433188 kB
Mem:          3.8G       771M       3.1G       5.7M        58M       319M

MemTotal:        4016004 kB
MemFree:         3224092 kB
Active:           433180 kB
Mem:          3.8G       773M       3.1G       5.7M        58M       319M

MemTotal:        4016004 kB
MemFree:         3223968 kB
Active:           435212 kB
Mem:          3.8G       773M       3.1G       5.7M        58M       319M

MemTotal:        4016004 kB
MemFree:         3223968 kB
Active:           435240 kB
Mem:          3.8G       773M       3.1G       5.7M        58M       319M

MemTotal:        4016004 kB
MemFree:         3224076 kB
Active:           435204 kB
Mem:          3.8G       773M       3.1G       5.7M        58M       319M

MemTotal:        4016004 kB
MemFree:         3223936 kB
Active:           435208 kB
Mem:          3.8G       773M       3.1G       5.7M        58M       319M

MemTotal:        4016004 kB
MemFree:         3224168 kB
Active:           435200 kB
Mem:          3.8G       773M       3.1G       5.7M        58M       319M

MemTotal:        4016004 kB
MemFree:         3224044 kB
Active:           435236 kB
Mem:          3.8G       773M       3.1G       5.7M        58M       319M

MemTotal:        4016004 kB
MemFree:         3224292 kB
Active:           435240 kB
Mem:          3.8G       773M       3.1G       5.7M        58M       319M

MemTotal:        4016004 kB
MemFree:         3224276 kB
Active:           435228 kB
Mem:          3.8G       773M       3.1G       5.7M        58M       319M

MemTotal:        4016004 kB
MemFree:         3223888 kB
Active:           435260 kB
Mem:          3.8G       773M       3.1G       5.7M        58M       319M

MemTotal:        4016004 kB
MemFree:         3223924 kB
Active:           433260 kB
Mem:          3.8G       773M       3.1G       5.7M        58M       319M

MemTotal:        4016004 kB
MemFree:         3223924 kB
Active:           433280 kB
Mem:          3.8G       773M       3.1G       5.7M        58M       319M

MemTotal:        4016004 kB
MemFree:         3223908 kB
Active:           435320 kB
Mem:          3.8G       773M       3.1G       5.7M        58M       319M

MemTotal:        4016004 kB
MemFree:         3223924 kB
Active:           435344 kB
Mem:          3.8G       773M       3.1G       5.7M        58M       319M

MemTotal:        4016004 kB
MemFree:         3223924 kB
Active:           435352 kB
Mem:          3.8G       773M       3.1G       5.7M        58M       319M

MemTotal:        4016004 kB
MemFree:         3223676 kB
Active:           435376 kB
Mem:          3.8G       773M       3.1G       5.7M        58M       319M

MemTotal:        4016004 kB
MemFree:         3224172 kB
Active:           435320 kB
Mem:          3.8G       773M       3.1G       5.7M        58M       319M

MemTotal:        4016004 kB
MemFree:         3224172 kB
Active:           435372 kB
Mem:          3.8G       773M       3.1G       5.7M        58M       319M

MemTotal:        4016004 kB
MemFree:         3223428 kB
Active:           435376 kB
Mem:          3.8G       773M       3.1G       5.7M        58M       319M

MemTotal:        4016004 kB
MemFree:         3224048 kB
Active:           435364 kB
Mem:          3.8G       773M       3.1G       5.7M        58M       319M

MemTotal:        4016004 kB
MemFree:         3223668 kB
Active:           433336 kB
Mem:          3.8G       773M       3.1G       5.7M        58M       319M

MemTotal:        4016004 kB
MemFree:         3223544 kB
Active:           435372 kB
Mem:          3.8G       774M       3.1G       5.7M        58M       319M

MemTotal:        4016004 kB
MemFree:         3223792 kB
Active:           435376 kB
Mem:          3.8G       773M       3.1G       5.7M        58M       319M

MemTotal:        4016004 kB
MemFree:         3223668 kB
Active:           435340 kB
Mem:          3.8G       773M       3.1G       5.7M        58M       319M

MemTotal:        4016004 kB
MemFree:         3223916 kB
Active:           435356 kB
Mem:          3.8G       773M       3.1G       5.7M        58M       319M

MemTotal:        4016004 kB
MemFree:         3224040 kB
Active:           435352 kB
Mem:          3.8G       773M       3.1G       5.7M        58M       319M

MemTotal:        4016004 kB
MemFree:         3223948 kB
Active:           435352 kB
Mem:          3.8G       773M       3.1G       5.7M        58M       319M

MemTotal:        4016004 kB
MemFree:         3223824 kB
Active:           435380 kB
Mem:          3.8G       773M       3.1G       5.7M        58M       319M

MemTotal:        4016004 kB
MemFree:         3223948 kB
Active:           435380 kB
Mem:          3.8G       773M       3.1G       5.7M        58M       319M

MemTotal:        4016004 kB
MemFree:         3223824 kB
Active:           435384 kB
Mem:          3.8G       773M       3.1G       5.7M        58M       319M

MemTotal:        4016004 kB
MemFree:         3224196 kB
Active:           435372 kB
Mem:          3.8G       773M       3.1G       5.7M        58M       319M

MemTotal:        4016004 kB
MemFree:         3223452 kB
Active:           435400 kB
Mem:          3.8G       773M       3.1G       5.7M        58M       319M

MemTotal:        4016004 kB
MemFree:         3223576 kB
Active:           435388 kB
Mem:          3.8G       773M       3.1G       5.7M        58M       319M

MemTotal:        4016004 kB
MemFree:         3223732 kB
Active:           435380 kB
Mem:          3.8G       773M       3.1G       5.7M        58M       319M

MemTotal:        4016004 kB
MemFree:         3223484 kB
Active:           435408 kB
Mem:          3.8G       773M       3.1G       5.7M        58M       319M

MemTotal:        4016004 kB
MemFree:         3223732 kB
Active:           435372 kB
Mem:          3.8G       773M       3.1G       5.7M        58M       319M

MemTotal:        4016004 kB
MemFree:         3223360 kB
Active:           435416 kB
Mem:          3.8G       773M       3.1G       5.7M        58M       319M

MemTotal:        4016004 kB
MemFree:         3223608 kB
Active:           435416 kB
Mem:          3.8G       773M       3.1G       5.7M        58M       319M

MemTotal:        4016004 kB
MemFree:         3223856 kB
Active:           435404 kB
Mem:          3.8G       773M       3.1G       5.7M        58M       319M

MemTotal:        4016004 kB
MemFree:         3223504 kB
Active:           433880 kB
Mem:          3.8G       773M       3.1G       5.7M        58M       319M

MemTotal:        4016004 kB
MemFree:         3223792 kB
Active:           435852 kB
Mem:          3.8G       773M       3.1G       5.7M        58M       319M

MemTotal:        4016004 kB
MemFree:         3223948 kB
Active:           435892 kB
Mem:          3.8G       773M       3.1G       5.7M        58M       319M

MemTotal:        4016004 kB
MemFree:         3223948 kB
Active:           435864 kB
Mem:          3.8G       773M       3.1G       5.7M        58M       319M

MemTotal:        4016004 kB
MemFree:         3223824 kB
Active:           435860 kB
Mem:          3.8G       773M       3.1G       5.7M        58M       319M

MemTotal:        4016004 kB
MemFree:         3223948 kB
Active:           435896 kB
Mem:          3.8G       773M       3.1G       5.7M        58M       319M

MemTotal:        4016004 kB
MemFree:         3223700 kB
Active:           435880 kB
Mem:          3.8G       773M       3.1G       5.7M        58M       319M

MemTotal:        4016004 kB
MemFree:         3223824 kB
Active:           435888 kB
Mem:          3.8G       773M       3.1G       5.7M        58M       319M

MemTotal:        4016004 kB
MemFree:         3223452 kB
Active:           435920 kB
Mem:          3.8G       773M       3.1G       5.7M        58M       319M

MemTotal:        4016004 kB
MemFree:         3223204 kB
Active:           435920 kB
Mem:          3.8G       774M       3.1G       5.7M        58M       319M

MemTotal:        4016004 kB
MemFree:         3223404 kB
Active:           433860 kB
Mem:          3.8G       773M       3.1G       5.7M        58M       319M

MemTotal:        4016004 kB
MemFree:         3223528 kB
Active:           435912 kB
Mem:          3.8G       773M       3.1G       5.7M        58M       319M

MemTotal:        4016004 kB
MemFree:         3223404 kB
Active:           435868 kB
Mem:          3.8G       773M       3.1G       5.7M        58M       319M

MemTotal:        4016004 kB
MemFree:         3223404 kB
Active:           435868 kB
Mem:          3.8G       773M       3.1G       5.7M        58M       319M

MemTotal:        4016004 kB
MemFree:         3223652 kB
Active:           435876 kB
Mem:          3.8G       774M       3.1G       5.7M        58M       319M

MemTotal:        4016004 kB
MemFree:         3223528 kB
Active:           435912 kB
Mem:          3.8G       774M       3.1G       5.7M        58M       319M

MemTotal:        4016004 kB
MemFree:         3223900 kB
Active:           435912 kB
Mem:          3.8G       773M       3.1G       5.7M        58M       319M

MemTotal:        4016004 kB
MemFree:         3224024 kB
Active:           435904 kB
Mem:          3.8G       773M       3.1G       5.7M        58M       319M

MemTotal:        4016004 kB
MemFree:         3223776 kB
Active:           435884 kB
Mem:          3.8G       773M       3.1G       5.7M        58M       319M

MemTotal:        4016004 kB
MemFree:         3223404 kB
Active:           435944 kB
Mem:          3.8G       773M       3.1G       5.7M        58M       319M

MemTotal:        4016004 kB
MemFree:         3223636 kB
Active:           433892 kB
Mem:          3.8G       773M       3.1G       5.7M        58M       319M

MemTotal:        4016004 kB
MemFree:         3223512 kB
Active:           433864 kB
Mem:          3.8G       773M       3.1G       5.7M        58M       319M

MemTotal:        4016004 kB
MemFree:         3223636 kB
Active:           433868 kB
Mem:          3.8G       773M       3.1G       5.7M        58M       319M

MemTotal:        4016004 kB
MemFree:         3223884 kB
Active:           435936 kB
Mem:          3.8G       773M       3.1G       5.7M        58M       319M

MemTotal:        4016004 kB
MemFree:         3223824 kB
Active:           435920 kB
Mem:          3.8G       774M       3.1G       5.7M        58M       319M

MemTotal:        4016004 kB
MemFree:         3223640 kB
Active:           435936 kB
Mem:          3.8G       773M       3.1G       5.7M        58M       319M

MemTotal:        4016004 kB
MemFree:         3223516 kB
Active:           435932 kB
Mem:          3.8G       774M       3.1G       5.7M        58M       319M

MemTotal:        4016004 kB
MemFree:         3223500 kB
Active:           435916 kB
Mem:          3.8G       773M       3.1G       5.7M        58M       319M

MemTotal:        4016004 kB
MemFree:         3223748 kB
Active:           435940 kB
Mem:          3.8G       773M       3.1G       5.7M        58M       319M

MemTotal:        4016004 kB
MemFree:         3223376 kB
Active:           435904 kB
Mem:          3.8G       774M       3.1G       5.7M        58M       319M

MemTotal:        4016004 kB
MemFree:         3223424 kB
Active:           433896 kB
Mem:          3.8G       774M       3.1G       5.7M        58M       319M

MemTotal:        4016004 kB
MemFree:         3223176 kB
Active:           435944 kB
Mem:          3.8G       774M       3.1G       5.7M        58M       319M

MemTotal:        4016004 kB
MemFree:         3223424 kB
Active:           435944 kB
Mem:          3.8G       774M       3.1G       5.7M        58M       319M

MemTotal:        4016004 kB
MemFree:         3223440 kB
Active:           435920 kB
Mem:          3.8G       773M       3.1G       5.7M        58M       319M

MemTotal:        4016004 kB
MemFree:         3223440 kB
Active:           435932 kB
Mem:          3.8G       773M       3.1G       5.7M        58M       319M

MemTotal:        4016004 kB
MemFree:         3224060 kB
Active:           435928 kB
Mem:          3.8G       773M       3.1G       5.7M        58M       319M

MemTotal:        4016004 kB
MemFree:         3224060 kB
Active:           435916 kB
Mem:          3.8G       773M       3.1G       5.7M        58M       319M

MemTotal:        4016004 kB
MemFree:         3223952 kB
Active:           435928 kB
Mem:          3.8G       773M       3.1G       5.7M        58M       319M

MemTotal:        4016004 kB
MemFree:         3223864 kB
Active:           435988 kB
Mem:          3.8G       773M       3.1G       5.7M        58M       319M

MemTotal:        4016004 kB
MemFree:         3224112 kB
Active:           435960 kB
Mem:          3.8G       773M       3.1G       5.7M        58M       319M

MemTotal:        4016004 kB
MemFree:         3221940 kB
Active:           435944 kB
Mem:          3.8G       775M       3.1G       5.7M        58M       319M

MemTotal:        4016004 kB
MemFree:         3221600 kB
Active:           435964 kB
Mem:          3.8G       775M       3.1G       5.7M        58M       319M

MemTotal:        4016004 kB
MemFree:         3221600 kB
Active:           437992 kB
Mem:          3.8G       776M       3.1G       5.7M        58M       319M

MemTotal:        4016004 kB
MemFree:         3221476 kB
Active:           437984 kB
Mem:          3.8G       776M       3.1G       5.7M        58M       319M

MemTotal:        4016004 kB
MemFree:         3221228 kB
Active:           438020 kB
Mem:          3.8G       775M       3.1G       5.7M        58M       319M

MemTotal:        4016004 kB
MemFree:         3221600 kB
Active:           438012 kB
Mem:          3.8G       775M       3.1G       5.7M        58M       319M

MemTotal:        4016004 kB
MemFree:         3221972 kB
Active:           438016 kB
Mem:          3.8G       775M       3.1G       5.7M        58M       319M

MemTotal:        4016004 kB
MemFree:         3221972 kB
Active:           437968 kB
Mem:          3.8G       775M       3.1G       5.7M        58M       319M

MemTotal:        4016004 kB
MemFree:         3221600 kB
Active:           438016 kB
Mem:          3.8G       775M       3.1G       5.7M        58M       319M

MemTotal:        4016004 kB
MemFree:         3221352 kB
Active:           438020 kB
Mem:          3.8G       775M       3.1G       5.7M        58M       319M

MemTotal:        4016004 kB
MemFree:         3221972 kB
Active:           437992 kB
Mem:          3.8G       775M       3.1G       5.7M        58M       319M

MemTotal:        4016004 kB
MemFree:         3222220 kB
Active:           437984 kB
Mem:          3.8G       775M       3.1G       5.7M        58M       319M

MemTotal:        4016004 kB
MemFree:         3221848 kB
Active:           438012 kB
Mem:          3.8G       775M       3.1G       5.7M        58M       319M

MemTotal:        4016004 kB
MemFree:         3222236 kB
Active:           437844 kB
Mem:          3.8G       775M       3.1G       5.7M        58M       319M

MemTotal:        4016004 kB
MemFree:         3221864 kB
Active:           437860 kB
Mem:          3.8G       775M       3.1G       5.7M        58M       319M

MemTotal:        4016004 kB
MemFree:         3221988 kB
Active:           437852 kB
Mem:          3.8G       775M       3.1G       5.7M        58M       319M

MemTotal:        4016004 kB
MemFree:         3222112 kB
Active:           437856 kB
Mem:          3.8G       775M       3.1G       5.7M        58M       319M

MemTotal:        4016004 kB
MemFree:         3221988 kB
Active:           437836 kB
Mem:          3.8G       775M       3.1G       5.7M        58M       319M

MemTotal:        4016004 kB
MemFree:         3222112 kB
Active:           437820 kB
Mem:          3.8G       775M       3.1G       5.7M        58M       319M

MemTotal:        4016004 kB
MemFree:         3221988 kB
Active:           437872 kB
Mem:          3.8G       775M       3.1G       5.7M        58M       319M

MemTotal:        4016004 kB
MemFree:         3222360 kB
Active:           437864 kB
Mem:          3.8G       775M       3.1G       5.7M        58M       319M

MemTotal:        4016004 kB
MemFree:         3221988 kB
Active:           437856 kB
Mem:          3.8G       775M       3.1G       5.7M        58M       319M

MemTotal:        4016004 kB
MemFree:         3221864 kB
Active:           437868 kB
Mem:          3.8G       775M       3.1G       5.7M        58M       319M

MemTotal:        4016004 kB
MemFree:         3221616 kB
Active:           437860 kB
Mem:          3.8G       775M       3.1G       5.7M        58M       319M

MemTotal:        4016004 kB
MemFree:         3221740 kB
Active:           437868 kB
Mem:          3.8G       775M       3.1G       5.7M        58M       319M

MemTotal:        4016004 kB
MemFree:         3221368 kB
Active:           437884 kB
Mem:          3.8G       775M       3.1G       5.7M        58M       319M

MemTotal:        4016004 kB
MemFree:         3221724 kB
Active:           437872 kB
Mem:          3.8G       775M       3.1G       5.7M        58M       319M

MemTotal:        4016004 kB
MemFree:         3221940 kB
Active:           437876 kB
Mem:          3.8G       775M       3.1G       5.7M        58M       319M

MemTotal:        4016004 kB
MemFree:         3221988 kB
Active:           437828 kB
Mem:          3.8G       775M       3.1G       5.7M        58M       319M

MemTotal:        4016004 kB
MemFree:         3222048 kB
Active:           435832 kB
Mem:          3.8G       775M       3.1G       5.7M        58M       319M

MemTotal:        4016004 kB
MemFree:         3222048 kB
Active:           435840 kB
Mem:          3.8G       775M       3.1G       5.7M        58M       319M

MemTotal:        4016004 kB
MemFree:         3222172 kB
Active:           437884 kB
Mem:          3.8G       775M       3.1G       5.7M        58M       319M

MemTotal:        4016004 kB
MemFree:         3221676 kB
Active:           437900 kB
Mem:          3.8G       775M       3.1G       5.7M        58M       319M

MemTotal:        4016004 kB
MemFree:         3221800 kB
Active:           437892 kB
Mem:          3.8G       775M       3.1G       5.7M        58M       319M

MemTotal:        4016004 kB
MemFree:         3222296 kB
Active:           437892 kB
Mem:          3.8G       775M       3.1G       5.7M        58M       319M

MemTotal:        4016004 kB
MemFree:         3221924 kB
Active:           437904 kB
Mem:          3.8G       775M       3.1G       5.7M        58M       319M

MemTotal:        4016004 kB
MemFree:         3222048 kB
Active:           437884 kB
Mem:          3.8G       775M       3.1G       5.7M        58M       319M

MemTotal:        4016004 kB
MemFree:         3222420 kB
Active:           437864 kB
Mem:          3.8G       774M       3.1G       5.7M        58M       319M

MemTotal:        4016004 kB
MemFree:         3222296 kB
Active:           437904 kB
Mem:          3.8G       775M       3.1G       5.7M        58M       319M

MemTotal:        4016004 kB
MemFree:         3221392 kB
Active:           438056 kB
Mem:          3.8G       776M       3.1G       5.7M        58M       319M

MemTotal:        4016004 kB
MemFree:         3221268 kB
Active:           438136 kB
Mem:          3.8G       776M       3.1G       5.7M        58M       319M

MemTotal:        4016004 kB
MemFree:         3220896 kB
Active:           438248 kB
Mem:          3.8G       776M       3.1G       5.7M        58M       319M

MemTotal:        4016004 kB
MemFree:         3220772 kB
Active:           438240 kB
Mem:          3.8G       776M       3.1G       5.7M        58M       319M

MemTotal:        4016004 kB
MemFree:         3220772 kB
Active:           438212 kB
Mem:          3.8G       776M       3.1G       5.7M        58M       319M

MemTotal:        4016004 kB
MemFree:         3220524 kB
Active:           438224 kB
Mem:          3.8G       776M       3.1G       5.7M        58M       319M

MemTotal:        4016004 kB
MemFree:         3220276 kB
Active:           438264 kB
Mem:          3.8G       776M       3.1G       5.7M        58M       319M

MemTotal:        4016004 kB
MemFree:         3220772 kB
Active:           438272 kB
Mem:          3.8G       776M       3.1G       5.7M        58M       319M

MemTotal:        4016004 kB
MemFree:         3220648 kB
Active:           438244 kB
Mem:          3.8G       776M       3.1G       5.7M        58M       319M

MemTotal:        4016004 kB
MemFree:         3220648 kB
Active:           438216 kB
Mem:          3.8G       776M       3.1G       5.7M        58M       319M

MemTotal:        4016004 kB
MemFree:         3220896 kB
Active:           438224 kB
Mem:          3.8G       776M       3.1G       5.7M        58M       319M

MemTotal:        4016004 kB
MemFree:         3221020 kB
Active:           438260 kB
Mem:          3.8G       776M       3.1G       5.7M        58M       319M

MemTotal:        4016004 kB
MemFree:         3221020 kB
Active:           438284 kB
Mem:          3.8G       776M       3.1G       5.7M        58M       319M

MemTotal:        4016004 kB
MemFree:         3221020 kB
Active:           438268 kB
Mem:          3.8G       776M       3.1G       5.7M        58M       319M

MemTotal:        4016004 kB
MemFree:         3221020 kB
Active:           438236 kB
Mem:          3.8G       776M       3.1G       5.7M        58M       319M

MemTotal:        4016004 kB
MemFree:         3220524 kB
Active:           438284 kB
Mem:          3.8G       776M       3.1G       5.7M        58M       319M

MemTotal:        4016004 kB
MemFree:         3220880 kB
Active:           438276 kB
Mem:          3.8G       776M       3.1G       5.7M        58M       319M

MemTotal:        4016004 kB
MemFree:         3220548 kB
Active:           438388 kB
Mem:          3.8G       776M       3.1G       5.7M        58M       319M

MemTotal:        4016004 kB
MemFree:         3220896 kB
Active:           438272 kB
Mem:          3.8G       776M       3.1G       5.7M        58M       319M

MemTotal:        4016004 kB
MemFree:         3220956 kB
Active:           436224 kB
Mem:          3.8G       776M       3.1G       5.7M        58M       319M

MemTotal:        4016004 kB
MemFree:         3220584 kB
Active:           438292 kB
Mem:          3.8G       776M       3.1G       5.7M        58M       319M

MemTotal:        4016004 kB
MemFree:         3220584 kB
Active:           438248 kB
Mem:          3.8G       776M       3.1G       5.7M        58M       319M

MemTotal:        4016004 kB
MemFree:         3220708 kB
Active:           438292 kB
Mem:          3.8G       776M       3.1G       5.7M        58M       319M

MemTotal:        4016004 kB
MemFree:         3220832 kB
Active:           438236 kB
Mem:          3.8G       776M       3.1G       5.7M        58M       319M

MemTotal:        4016004 kB
MemFree:         3220708 kB
Active:           438272 kB
Mem:          3.8G       776M       3.1G       5.7M        58M       319M

MemTotal:        4016004 kB
MemFree:         3220708 kB
Active:           438288 kB
Mem:          3.8G       776M       3.1G       5.7M        58M       319M

MemTotal:        4016004 kB
MemFree:         3220708 kB
Active:           438288 kB
Mem:          3.8G       776M       3.1G       5.7M        58M       319M

MemTotal:        4016004 kB
MemFree:         3220708 kB
Active:           438276 kB
Mem:          3.8G       776M       3.1G       5.7M        58M       319M

MemTotal:        4016004 kB
MemFree:         3220708 kB
Active:           438248 kB
Mem:          3.8G       776M       3.1G       5.7M        58M       319M

MemTotal:        4016004 kB
MemFree:         3220708 kB
Active:           438260 kB
Mem:          3.8G       776M       3.1G       5.7M        58M       319M

MemTotal:        4016004 kB
MemFree:         3220708 kB
Active:           438304 kB
Mem:          3.8G       776M       3.1G       5.7M        58M       319M

MemTotal:        4016004 kB
MemFree:         3220460 kB
Active:           438304 kB
Mem:          3.8G       776M       3.1G       5.7M        58M       319M

MemTotal:        4016004 kB
MemFree:         3220584 kB
Active:           438308 kB
Mem:          3.8G       776M       3.1G       5.7M        58M       319M

MemTotal:        4016004 kB
MemFree:         3220708 kB
Active:           438288 kB
Mem:          3.8G       776M       3.1G       5.7M        58M       319M

MemTotal:        4016004 kB
MemFree:         3220708 kB
Active:           438296 kB
Mem:          3.8G       776M       3.1G       5.7M        58M       319M

MemTotal:        4016004 kB
MemFree:         3220708 kB
Active:           438312 kB
Mem:          3.8G       776M       3.1G       5.7M        58M       319M

MemTotal:        4016004 kB
MemFree:         3220692 kB
Active:           438264 kB
Mem:          3.8G       776M       3.1G       5.7M        58M       319M

MemTotal:        4016004 kB
MemFree:         3220708 kB
Active:           438288 kB
Mem:          3.8G       777M       3.1G       5.7M        58M       319M

MemTotal:        4016004 kB
MemFree:         3220584 kB
Active:           438268 kB
Mem:          3.8G       777M       3.1G       5.7M        58M       319M

MemTotal:        4016004 kB
MemFree:         3220708 kB
Active:           438312 kB
Mem:          3.8G       776M       3.1G       5.7M        58M       319M

MemTotal:        4016004 kB
MemFree:         3220584 kB
Active:           438280 kB
Mem:          3.8G       776M       3.1G       5.7M        58M       319M

MemTotal:        4016004 kB
MemFree:         3220584 kB
Active:           438316 kB
Mem:          3.8G       776M       3.1G       5.7M        58M       319M

MemTotal:        4016004 kB
MemFree:         3220460 kB
Active:           438292 kB
Mem:          3.8G       776M       3.1G       5.7M        58M       319M

MemTotal:        4016004 kB
MemFree:         3220584 kB
Active:           438272 kB
Mem:          3.8G       776M       3.1G       5.7M        58M       319M

MemTotal:        4016004 kB
MemFree:         3220584 kB
Active:           438296 kB
Mem:          3.8G       777M       3.1G       5.7M        58M       319M

MemTotal:        4016004 kB
MemFree:         3219840 kB
Active:           438332 kB
Mem:          3.8G       777M       3.1G       5.7M        58M       319M

MemTotal:        4016004 kB
MemFree:         3220088 kB
Active:           438328 kB
Mem:          3.8G       777M       3.1G       5.7M        58M       319M

MemTotal:        4016004 kB
MemFree:         3220460 kB
Active:           438316 kB
Mem:          3.8G       776M       3.1G       5.7M        58M       319M

MemTotal:        4016004 kB
MemFree:         3220212 kB
Active:           438340 kB
Mem:          3.8G       776M       3.1G       5.7M        58M       319M

MemTotal:        4016004 kB
MemFree:         3220088 kB
Active:           438340 kB
Mem:          3.8G       776M       3.1G       5.7M        58M       319M

MemTotal:        4016004 kB
MemFree:         3220584 kB
Active:           438308 kB
Mem:          3.8G       776M       3.1G       5.7M        58M       319M

MemTotal:        4016004 kB
MemFree:         3220584 kB
Active:           438336 kB
Mem:          3.8G       776M       3.1G       5.7M        58M       319M

MemTotal:        4016004 kB
MemFree:         3220336 kB
Active:           438308 kB
Mem:          3.8G       776M       3.1G       5.7M        58M       319M

MemTotal:        4016004 kB
MemFree:         3220584 kB
Active:           438340 kB
Mem:          3.8G       777M       3.1G       5.7M        58M       319M

MemTotal:        4016004 kB
MemFree:         3220444 kB
Active:           438312 kB
Mem:          3.8G       777M       3.1G       5.7M        58M       319M

MemTotal:        4016004 kB
MemFree:         3220460 kB
Active:           438316 kB
Mem:          3.8G       776M       3.1G       5.7M        58M       319M

MemTotal:        4016004 kB
MemFree:         3220708 kB
Active:           438332 kB
Mem:          3.8G       776M       3.1G       5.7M        58M       319M

MemTotal:        4016004 kB
MemFree:         3218536 kB
Active:           438284 kB
Mem:          3.8G       778M       3.1G       5.7M        58M       319M

MemTotal:        4016004 kB
MemFree:         3218784 kB
Active:           440356 kB
Mem:          3.8G       778M       3.1G       5.7M        58M       319M

MemTotal:        4016004 kB
MemFree:         3218660 kB
Active:           440368 kB
Mem:          3.8G       778M       3.1G       5.7M        58M       319M

MemTotal:        4016004 kB
MemFree:         3218784 kB
Active:           440384 kB
Mem:          3.8G       778M       3.1G       5.7M        58M       319M

MemTotal:        4016004 kB
MemFree:         3218660 kB
Active:           440372 kB
Mem:          3.8G       778M       3.1G       5.7M        58M       319M

MemTotal:        4016004 kB
MemFree:         3218660 kB
Active:           440368 kB
Mem:          3.8G       778M       3.1G       5.7M        58M       319M

MemTotal:        4016004 kB
MemFree:         3218536 kB
Active:           440388 kB
Mem:          3.8G       779M       3.1G       5.7M        58M       319M

MemTotal:        4016004 kB
MemFree:         3218660 kB
Active:           440396 kB
Mem:          3.8G       778M       3.1G       5.7M        58M       319M

MemTotal:        4016004 kB
MemFree:         3218660 kB
Active:           440396 kB
Mem:          3.8G       778M       3.1G       5.7M        58M       319M

MemTotal:        4016004 kB
MemFree:         3218536 kB
Active:           440364 kB
Mem:          3.8G       778M       3.1G       5.7M        58M       319M

MemTotal:        4016004 kB
MemFree:         3218596 kB
Active:           438336 kB
Mem:          3.8G       778M       3.1G       5.7M        58M       319M

MemTotal:        4016004 kB
MemFree:         3218472 kB
Active:           440384 kB
Mem:          3.8G       779M       3.1G       5.7M        58M       319M

MemTotal:        4016004 kB
MemFree:         3218596 kB
Active:           440372 kB
Mem:          3.8G       779M       3.1G       5.7M        58M       319M

MemTotal:        4016004 kB
MemFree:         3218596 kB
Active:           440352 kB
Mem:          3.8G       778M       3.1G       5.7M        58M       319M

MemTotal:        4016004 kB
MemFree:         3218596 kB
Active:           440388 kB
Mem:          3.8G       778M       3.1G       5.7M        58M       319M

MemTotal:        4016004 kB
MemFree:         3218564 kB
Active:           440360 kB
Mem:          3.8G       778M       3.1G       5.7M        58M       319M

MemTotal:        4016004 kB
MemFree:         3218596 kB
Active:           440408 kB
Mem:          3.8G       778M       3.1G       5.7M        58M       319M

MemTotal:        4016004 kB
MemFree:         3218596 kB
Active:           440368 kB
Mem:          3.8G       778M       3.1G       5.7M        58M       319M

MemTotal:        4016004 kB
MemFree:         3218596 kB
Active:           440420 kB
Mem:          3.8G       778M       3.1G       5.7M        58M       319M

MemTotal:        4016004 kB
MemFree:         3218348 kB
Active:           440408 kB
Mem:          3.8G       779M       3.1G       5.7M        58M       319M

MemTotal:        4016004 kB
MemFree:         3218472 kB
Active:           440372 kB
Mem:          3.8G       778M       3.1G       5.7M        58M       319M

MemTotal:        4016004 kB
MemFree:         3218472 kB
Active:           440400 kB
Mem:          3.8G       778M       3.1G       5.7M        58M       319M

MemTotal:        4016004 kB
MemFree:         3218472 kB
Active:           440396 kB
Mem:          3.8G       779M       3.1G       5.7M        58M       319M

MemTotal:        4016004 kB
MemFree:         3218472 kB
Active:           440404 kB
Mem:          3.8G       778M       3.1G       5.7M        58M       319M

MemTotal:        4016004 kB
MemFree:         3218472 kB
Active:           440392 kB
Mem:          3.8G       778M       3.1G       5.7M        58M       319M

MemTotal:        4016004 kB
MemFree:         3218472 kB
Active:           440448 kB
Mem:          3.8G       778M       3.1G       5.7M        58M       319M

MemTotal:        4016004 kB
MemFree:         3218472 kB
Active:           440456 kB
Mem:          3.8G       778M       3.1G       5.7M        58M       319M

MemTotal:        4016004 kB
MemFree:         3218472 kB
Active:           440432 kB
Mem:          3.8G       778M       3.1G       5.7M        58M       319M

MemTotal:        4016004 kB
MemFree:         3218596 kB
Active:           440424 kB
Mem:          3.8G       779M       3.1G       5.7M        58M       319M

MemTotal:        4016004 kB
MemFree:         3216424 kB
Active:           440440 kB
Mem:          3.8G       780M       3.1G       5.7M        58M       319M

MemTotal:        4016004 kB
MemFree:         3216300 kB
Active:           442452 kB
Mem:          3.8G       780M       3.1G       5.7M        58M       319M

MemTotal:        4016004 kB
MemFree:         3216516 kB
Active:           442436 kB
Mem:          3.8G       780M       3.1G       5.7M        58M       319M

MemTotal:        4016004 kB
MemFree:         3216176 kB
Active:           442492 kB
Mem:          3.8G       780M       3.1G       5.7M        58M       319M

MemTotal:        4016004 kB
MemFree:         3216424 kB
Active:           442468 kB
Mem:          3.8G       780M       3.1G       5.7M        58M       319M

MemTotal:        4016004 kB
MemFree:         3216424 kB
Active:           442516 kB
Mem:          3.8G       780M       3.1G       5.7M        58M       319M

MemTotal:        4016004 kB
MemFree:         3216424 kB
Active:           442492 kB
Mem:          3.8G       781M       3.1G       5.7M        58M       319M

MemTotal:        4016004 kB
MemFree:         3216300 kB
Active:           442508 kB
Mem:          3.8G       781M       3.1G       5.7M        58M       319M

MemTotal:        4016004 kB
MemFree:         3216300 kB
Active:           442520 kB
Mem:          3.8G       781M       3.1G       5.7M        58M       319M

MemTotal:        4016004 kB
MemFree:         3216300 kB
Active:           442476 kB
Mem:          3.8G       781M       3.1G       5.7M        58M       319M

MemTotal:        4016004 kB
MemFree:         3216424 kB
Active:           442504 kB
Mem:          3.8G       781M       3.1G       5.7M        58M       319M

MemTotal:        4016004 kB
MemFree:         3216424 kB
Active:           442480 kB
Mem:          3.8G       781M       3.1G       5.7M        58M       319M

MemTotal:        4016004 kB
MemFree:         3216424 kB
Active:           442512 kB
Mem:          3.8G       781M       3.1G       5.7M        58M       319M

MemTotal:        4016004 kB
MemFree:         3216424 kB
Active:           442520 kB
Mem:          3.8G       781M       3.1G       5.7M        58M       319M

MemTotal:        4016004 kB
MemFree:         3216424 kB
Active:           442520 kB
Mem:          3.8G       780M       3.1G       5.7M        58M       319M

MemTotal:        4016004 kB
MemFree:         3216548 kB
Active:           442472 kB
Mem:          3.8G       780M       3.1G       5.7M        58M       319M

MemTotal:        4016004 kB
MemFree:         3216424 kB
Active:           442504 kB
Mem:          3.8G       780M       3.1G       5.7M        58M       319M

MemTotal:        4016004 kB
MemFree:         3216176 kB
Active:           442520 kB
Mem:          3.8G       780M       3.1G       5.7M        58M       319M

MemTotal:        4016004 kB
MemFree:         3216300 kB
Active:           442520 kB
Mem:          3.8G       780M       3.1G       5.7M        58M       319M

MemTotal:        4016004 kB
MemFree:         3216548 kB
Active:           442480 kB
Mem:          3.8G       781M       3.1G       5.7M        58M       319M

MemTotal:        4016004 kB
MemFree:         3216424 kB
Active:           442524 kB
Mem:          3.8G       781M       3.1G       5.7M        58M       319M

MemTotal:        4016004 kB
MemFree:         3216672 kB
Active:           442528 kB
Mem:          3.8G       780M       3.1G       5.7M        58M       319M

MemTotal:        4016004 kB
MemFree:         3216300 kB
Active:           442540 kB
Mem:          3.8G       780M       3.1G       5.7M        58M       319M

MemTotal:        4016004 kB
MemFree:         3215928 kB
Active:           442552 kB
Mem:          3.8G       781M       3.1G       5.7M        58M       319M

MemTotal:        4016004 kB
MemFree:         3215928 kB
Active:           442552 kB
Mem:          3.8G       781M       3.1G       5.7M        58M       319M

MemTotal:        4016004 kB
MemFree:         3216300 kB
Active:           442508 kB
Mem:          3.8G       780M       3.1G       5.7M        58M       319M

MemTotal:        4016004 kB
MemFree:         3216300 kB
Active:           442540 kB
Mem:          3.8G       780M       3.1G       5.7M        58M       319M

MemTotal:        4016004 kB
MemFree:         3216424 kB
Active:           442556 kB
Mem:          3.8G       780M       3.1G       5.7M        58M       319M

MemTotal:        4016004 kB
MemFree:         3214624 kB
Active:           442516 kB
Mem:          3.8G       782M       3.1G       5.7M        58M       319M

MemTotal:        4016004 kB
MemFree:         3214376 kB
Active:           444540 kB
Mem:          3.8G       782M       3.1G       5.7M        58M       319M

MemTotal:        4016004 kB
MemFree:         3214376 kB
Active:           444548 kB
Mem:          3.8G       782M       3.1G       5.7M        58M       319M

MemTotal:        4016004 kB
MemFree:         3214500 kB
Active:           444592 kB
Mem:          3.8G       782M       3.1G       5.7M        58M       319M

MemTotal:        4016004 kB
MemFree:         3214500 kB
Active:           444540 kB
Mem:          3.8G       782M       3.1G       5.7M        58M       319M

MemTotal:        4016004 kB
MemFree:         3214500 kB
Active:           444552 kB
Mem:          3.8G       783M       3.1G       5.7M        58M       319M

MemTotal:        4016004 kB
MemFree:         3214252 kB
Active:           444596 kB
Mem:          3.8G       782M       3.1G       5.7M        58M       319M

MemTotal:        4016004 kB
MemFree:         3214376 kB
Active:           444584 kB
Mem:          3.8G       782M       3.1G       5.7M        58M       319M

MemTotal:        4016004 kB
MemFree:         3214376 kB
Active:           444604 kB
Mem:          3.8G       782M       3.1G       5.7M        58M       319M

MemTotal:        4016004 kB
MemFree:         3214500 kB
Active:           444584 kB
Mem:          3.8G       782M       3.1G       5.7M        58M       319M

MemTotal:        4016004 kB
MemFree:         3214252 kB
Active:           444568 kB
Mem:          3.8G       783M       3.1G       5.7M        58M       319M

MemTotal:        4016004 kB
MemFree:         3214252 kB
Active:           444580 kB
Mem:          3.8G       783M       3.1G       5.7M        58M       319M

MemTotal:        4016004 kB
MemFree:         3214252 kB
Active:           444572 kB
Mem:          3.8G       783M       3.1G       5.7M        58M       319M

MemTotal:        4016004 kB
MemFree:         3214360 kB
Active:           444548 kB
Mem:          3.8G       782M       3.1G       5.7M        58M       319M

MemTotal:        4016004 kB
MemFree:         3214252 kB
Active:           444588 kB
Mem:          3.8G       782M       3.1G       5.7M        58M       319M

MemTotal:        4016004 kB
MemFree:         3214376 kB
Active:           444584 kB
Mem:          3.8G       783M       3.1G       5.7M        58M       319M

MemTotal:        4016004 kB
MemFree:         3214252 kB
Active:           444600 kB
Mem:          3.8G       783M       3.1G       5.7M        58M       319M

MemTotal:        4016004 kB
MemFree:         3214252 kB
Active:           444600 kB
Mem:          3.8G       782M       3.1G       5.7M        58M       319M

MemTotal:        4016004 kB
MemFree:         3214252 kB
Active:           444596 kB
Mem:          3.8G       782M       3.1G       5.7M        58M       319M

MemTotal:        4016004 kB
MemFree:         3212080 kB
Active:           444560 kB
Mem:          3.8G       785M       3.1G       5.7M        58M       319M

MemTotal:        4016004 kB
MemFree:         3212080 kB
Active:           446624 kB
Mem:          3.8G       784M       3.1G       5.7M        58M       319M

MemTotal:        4016004 kB
MemFree:         3212312 kB
Active:           446644 kB
Mem:          3.8G       784M       3.1G       5.7M        58M       319M

MemTotal:        4016004 kB
MemFree:         3212312 kB
Active:           446608 kB
Mem:          3.8G       785M       3.1G       5.7M        58M       319M

MemTotal:        4016004 kB
MemFree:         3212312 kB
Active:           446620 kB
Mem:          3.8G       784M       3.1G       5.7M        58M       319M

MemTotal:        4016004 kB
MemFree:         3212436 kB
Active:           446616 kB
Mem:          3.8G       785M       3.1G       5.7M        58M       319M

MemTotal:        4016004 kB
MemFree:         3212188 kB
Active:           446632 kB
Mem:          3.8G       784M       3.1G       5.7M        58M       319M

MemTotal:        4016004 kB
MemFree:         3212188 kB
Active:           446656 kB
Mem:          3.8G       785M       3.1G       5.7M        58M       319M

MemTotal:        4016004 kB
MemFree:         3212188 kB
Active:           446636 kB
Mem:          3.8G       785M       3.1G       5.7M        58M       319M

MemTotal:        4016004 kB
MemFree:         3212188 kB
Active:           446612 kB
Mem:          3.8G       785M       3.1G       5.7M        58M       319M

MemTotal:        4016004 kB
MemFree:         3211940 kB
Active:           446652 kB
Mem:          3.8G       785M       3.1G       5.7M        58M       319M

MemTotal:        4016004 kB
MemFree:         3211940 kB
Active:           446664 kB
Mem:          3.8G       784M       3.1G       5.7M        58M       319M

MemTotal:        4016004 kB
MemFree:         3211940 kB
Active:           446656 kB
Mem:          3.8G       785M       3.1G       5.7M        58M       319M

MemTotal:        4016004 kB
MemFree:         3211940 kB
Active:           446672 kB
Mem:          3.8G       785M       3.1G       5.7M        58M       319M

MemTotal:        4016004 kB
MemFree:         3212064 kB
Active:           446644 kB
Mem:          3.8G       785M       3.1G       5.7M        58M       319M

MemTotal:        4016004 kB
MemFree:         3211692 kB
Active:           446684 kB
Mem:          3.8G       785M       3.1G       5.7M        58M       319M

MemTotal:        4016004 kB
MemFree:         3212188 kB
Active:           446692 kB
Mem:          3.8G       784M       3.1G       5.7M        58M       319M

MemTotal:        4016004 kB
MemFree:         3212188 kB
Active:           446664 kB
Mem:          3.8G       785M       3.1G       5.7M        58M       319M

MemTotal:        4016004 kB
MemFree:         3212188 kB
Active:           446692 kB
Mem:          3.8G       784M       3.1G       5.7M        58M       319M

MemTotal:        4016004 kB
MemFree:         3209892 kB
Active:           446668 kB
Mem:          3.8G       787M       3.1G       5.7M        58M       319M

MemTotal:        4016004 kB
MemFree:         3210016 kB
Active:           448692 kB
Mem:          3.8G       787M       3.1G       5.7M        58M       319M

MemTotal:        4016004 kB
MemFree:         3210140 kB
Active:           448660 kB
Mem:          3.8G       786M       3.1G       5.7M        58M       319M

MemTotal:        4016004 kB
MemFree:         3210264 kB
Active:           448708 kB
Mem:          3.8G       787M       3.1G       5.7M        58M       319M

MemTotal:        4016004 kB
MemFree:         3210264 kB
Active:           448720 kB
Mem:          3.8G       787M       3.1G       5.7M        58M       319M

MemTotal:        4016004 kB
MemFree:         3210264 kB
Active:           448724 kB
Mem:          3.8G       787M       3.1G       5.7M        58M       319M

MemTotal:        4016004 kB
MemFree:         3210264 kB
Active:           448716 kB
Mem:          3.8G       786M       3.1G       5.7M        58M       319M

MemTotal:        4016004 kB
MemFree:         3210140 kB
Active:           448676 kB
Mem:          3.8G       787M       3.1G       5.7M        58M       319M

MemTotal:        4016004 kB
MemFree:         3210016 kB
Active:           448696 kB
Mem:          3.8G       786M       3.1G       5.7M        58M       319M

MemTotal:        4016004 kB
MemFree:         3210108 kB
Active:           448720 kB
Mem:          3.8G       787M       3.1G       5.7M        58M       319M

MemTotal:        4016004 kB
MemFree:         3210140 kB
Active:           448724 kB
Mem:          3.8G       786M       3.1G       5.7M        58M       319M

MemTotal:        4016004 kB
MemFree:         3210016 kB
Active:           448708 kB
Mem:          3.8G       787M       3.1G       5.7M        58M       319M

MemTotal:        4016004 kB
MemFree:         3210016 kB
Active:           448708 kB
Mem:          3.8G       787M       3.1G       5.7M        58M       319M

MemTotal:        4016004 kB
MemFree:         3209644 kB
Active:           448704 kB
Mem:          3.8G       787M       3.1G       5.7M        58M       319M

MemTotal:        4016004 kB
MemFree:         3209892 kB
Active:           448696 kB
Mem:          3.8G       787M       3.1G       5.7M        58M       319M

MemTotal:        4016004 kB
MemFree:         3209892 kB
Active:           448728 kB
Mem:          3.8G       787M       3.1G       5.7M        58M       319M

MemTotal:        4016004 kB
MemFree:         3210140 kB
Active:           448712 kB
Mem:          3.8G       786M       3.1G       5.7M        58M       319M

MemTotal:        4016004 kB
MemFree:         3210016 kB
Active:           448704 kB
Mem:          3.8G       787M       3.1G       5.7M        58M       319M

MemTotal:        4016004 kB
MemFree:         3210016 kB
Active:           448736 kB
Mem:          3.8G       787M       3.1G       5.7M        58M       319M

MemTotal:        4016004 kB
MemFree:         3210016 kB
Active:           448740 kB
Mem:          3.8G       787M       3.1G       5.7M        58M       319M

MemTotal:        4016004 kB
MemFree:         3210016 kB
Active:           448744 kB
Mem:          3.8G       787M       3.1G       5.7M        58M       319M

MemTotal:        4016004 kB
MemFree:         3210016 kB
Active:           448752 kB
Mem:          3.8G       787M       3.1G       5.7M        58M       319M

MemTotal:        4016004 kB
MemFree:         3209892 kB
Active:           448720 kB
Mem:          3.8G       787M       3.1G       5.7M        58M       319M

MemTotal:        4016004 kB
MemFree:         3209768 kB
Active:           448772 kB
Mem:          3.8G       787M       3.1G       5.7M        58M       319M

MemTotal:        4016004 kB
MemFree:         3209892 kB
Active:           448716 kB
Mem:          3.8G       787M       3.1G       5.7M        58M       319M

MemTotal:        4016004 kB
MemFree:         3210016 kB
Active:           448764 kB
Mem:          3.8G       787M       3.1G       5.7M        58M       319M

MemTotal:        4016004 kB
MemFree:         3210016 kB
Active:           448752 kB
Mem:          3.8G       787M       3.1G       5.7M        58M       319M

MemTotal:        4016004 kB
MemFree:         3209892 kB
Active:           448772 kB
Mem:          3.8G       787M       3.1G       5.7M        58M       319M

MemTotal:        4016004 kB
MemFree:         3209704 kB
Active:           446776 kB
Mem:          3.8G       787M       3.1G       5.7M        58M       319M

MemTotal:        4016004 kB
MemFree:         3209828 kB
Active:           448860 kB
Mem:          3.8G       787M       3.1G       5.7M        58M       319M

MemTotal:        4016004 kB
MemFree:         3209828 kB
Active:           448864 kB
Mem:          3.8G       787M       3.1G       5.7M        58M       319M

MemTotal:        4016004 kB
MemFree:         3209828 kB
Active:           448848 kB
Mem:          3.8G       787M       3.1G       5.7M        58M       319M

MemTotal:        4016004 kB
MemFree:         3209828 kB
Active:           448872 kB
Mem:          3.8G       787M       3.1G       5.7M        58M       319M

MemTotal:        4016004 kB
MemFree:         3209952 kB
Active:           448828 kB
Mem:          3.8G       787M       3.1G       5.7M        58M       319M

MemTotal:        4016004 kB
MemFree:         3209952 kB
Active:           448872 kB
Mem:          3.8G       787M       3.1G       5.7M        58M       319M

MemTotal:        4016004 kB
MemFree:         3209952 kB
Active:           448880 kB
Mem:          3.8G       787M       3.1G       5.7M        58M       319M

MemTotal:        4016004 kB
MemFree:         3210324 kB
Active:           448872 kB
Mem:          3.8G       787M       3.1G       5.7M        58M       319M

MemTotal:        4016004 kB
MemFree:         3209828 kB
Active:           448832 kB
Mem:          3.8G       787M       3.1G       5.7M        58M       319M

MemTotal:        4016004 kB
MemFree:         3209704 kB
Active:           448884 kB
Mem:          3.8G       787M       3.1G       5.7M        58M       319M

MemTotal:        4016004 kB
MemFree:         3209580 kB
Active:           448888 kB
Mem:          3.8G       787M       3.1G       5.7M        58M       319M

MemTotal:        4016004 kB
MemFree:         3210076 kB
Active:           448892 kB
Mem:          3.8G       787M       3.1G       5.7M        58M       319M

MemTotal:        4016004 kB
MemFree:         3209704 kB
Active:           448868 kB
Mem:          3.8G       787M       3.1G       5.7M        58M       319M

MemTotal:        4016004 kB
MemFree:         3209580 kB
Active:           448880 kB
Mem:          3.8G       787M       3.1G       5.7M        58M       319M

MemTotal:        4016004 kB
MemFree:         3209704 kB
Active:           448900 kB
Mem:          3.8G       787M       3.1G       5.7M        58M       319M

MemTotal:        4016004 kB
MemFree:         3209828 kB
Active:           448884 kB
Mem:          3.8G       787M       3.1G       5.7M        58M       319M

MemTotal:        4016004 kB
MemFree:         3209796 kB
Active:           448856 kB
Mem:          3.8G       787M       3.1G       5.7M        58M       319M

MemTotal:        4016004 kB
MemFree:         3209704 kB
Active:           448888 kB
Mem:          3.8G       787M       3.1G       5.7M        58M       319M

MemTotal:        4016004 kB
MemFree:         3208028 kB
Active:           448888 kB
Mem:          3.8G       789M       3.1G       5.7M        58M       319M

MemTotal:        4016004 kB
MemFree:         3207656 kB
Active:           450888 kB
Mem:          3.8G       789M       3.1G       5.7M        58M       319M

MemTotal:        4016004 kB
MemFree:         3207780 kB
Active:           450916 kB
Mem:          3.8G       789M       3.1G       5.7M        58M       319M

MemTotal:        4016004 kB
MemFree:         3207904 kB
Active:           450932 kB
Mem:          3.8G       789M       3.1G       5.7M        58M       319M

MemTotal:        4016004 kB
MemFree:         3207904 kB
Active:           450944 kB
Mem:          3.8G       789M       3.1G       5.7M        58M       319M

MemTotal:        4016004 kB
MemFree:         3207904 kB
Active:           450904 kB
Mem:          3.8G       789M       3.1G       5.7M        58M       319M

MemTotal:        4016004 kB
MemFree:         3207904 kB
Active:           450912 kB
Mem:          3.8G       789M       3.1G       5.7M        58M       319M

MemTotal:        4016004 kB
MemFree:         3207904 kB
Active:           450920 kB
Mem:          3.8G       789M       3.1G       5.7M        58M       319M

MemTotal:        4016004 kB
MemFree:         3207532 kB
Active:           450964 kB
Mem:          3.8G       789M       3.1G       5.7M        58M       319M

MemTotal:        4016004 kB
MemFree:         3207656 kB
Active:           450952 kB
Mem:          3.8G       789M       3.1G       5.7M        58M       319M

MemTotal:        4016004 kB
MemFree:         3207904 kB
Active:           450960 kB
Mem:          3.8G       789M       3.1G       5.7M        58M       319M

MemTotal:        4016004 kB
MemFree:         3207780 kB
Active:           450936 kB
Mem:          3.8G       789M       3.1G       5.7M        58M       319M

MemTotal:        4016004 kB
MemFree:         3207780 kB
Active:           450964 kB
Mem:          3.8G       789M       3.1G       5.7M        58M       319M

MemTotal:        4016004 kB
MemFree:         3207904 kB
Active:           450916 kB
Mem:          3.8G       789M       3.1G       5.7M        58M       319M

MemTotal:        4016004 kB
MemFree:         3207904 kB
Active:           450948 kB
Mem:          3.8G       789M       3.1G       5.7M        58M       319M

MemTotal:        4016004 kB
MemFree:         3208152 kB
Active:           450940 kB
Mem:          3.8G       789M       3.1G       5.7M        58M       319M

MemTotal:        4016004 kB
MemFree:         3207780 kB
Active:           450972 kB
Mem:          3.8G       789M       3.1G       5.7M        58M       319M

MemTotal:        4016004 kB
MemFree:         3207780 kB
Active:           450940 kB
Mem:          3.8G       789M       3.1G       5.7M        58M       319M

MemTotal:        4016004 kB
MemFree:         3208028 kB
Active:           450936 kB
Mem:          3.8G       789M       3.1G       5.7M        58M       319M

MemTotal:        4016004 kB
MemFree:         3207904 kB
Active:           450980 kB
Mem:          3.8G       789M       3.1G       5.7M        58M       319M

MemTotal:        4016004 kB
MemFree:         3207780 kB
Active:           450928 kB
Mem:          3.8G       789M       3.1G       5.7M        58M       319M

MemTotal:        4016004 kB
MemFree:         3207780 kB
Active:           450976 kB
Mem:          3.8G       789M       3.1G       5.7M        58M       319M

MemTotal:        4016004 kB
MemFree:         3207780 kB
Active:           450968 kB
Mem:          3.8G       789M       3.1G       5.7M        58M       319M

MemTotal:        4016004 kB
MemFree:         3207656 kB
Active:           450932 kB
Mem:          3.8G       789M       3.1G       5.7M        58M       319M

MemTotal:        4016004 kB
MemFree:         3207780 kB
Active:           450960 kB
Mem:          3.8G       789M       3.1G       5.7M        58M       319M

MemTotal:        4016004 kB
MemFree:         3207284 kB
Active:           450992 kB
Mem:          3.8G       789M       3.1G       5.7M        58M       319M

MemTotal:        4016004 kB
MemFree:         3207780 kB
Active:           450972 kB
Mem:          3.8G       789M       3.1G       5.7M        58M       319M

MemTotal:        4016004 kB
MemFree:         3207780 kB
Active:           450996 kB
Mem:          3.8G       789M       3.1G       5.7M        58M       319M

MemTotal:        4016004 kB
MemFree:         3207780 kB
Active:           450968 kB
Mem:          3.8G       789M       3.1G       5.7M        58M       319M

MemTotal:        4016004 kB
MemFree:         3207780 kB
Active:           450944 kB
Mem:          3.8G       789M       3.1G       5.7M        58M       319M

MemTotal:        4016004 kB
MemFree:         3207904 kB
Active:           450980 kB
Mem:          3.8G       789M       3.1G       5.7M        58M       319M

MemTotal:        4016004 kB
MemFree:         3207904 kB
Active:           451000 kB
Mem:          3.8G       789M       3.1G       5.7M        58M       319M

MemTotal:        4016004 kB
MemFree:         3208028 kB
Active:           450976 kB
Mem:          3.8G       789M       3.1G       5.7M        58M       319M

MemTotal:        4016004 kB
MemFree:         3207904 kB
Active:           450976 kB
Mem:          3.8G       789M       3.1G       5.7M        58M       319M

MemTotal:        4016004 kB
MemFree:         3207160 kB
Active:           451008 kB
Mem:          3.8G       789M       3.1G       5.7M        58M       319M

MemTotal:        4016004 kB
MemFree:         3207656 kB
Active:           450968 kB
Mem:          3.8G       789M       3.1G       5.7M        58M       319M

MemTotal:        4016004 kB
MemFree:         3207532 kB
Active:           450996 kB
Mem:          3.8G       789M       3.1G       5.7M        58M       319M

MemTotal:        4016004 kB
MemFree:         3207780 kB
Active:           450988 kB
Mem:          3.8G       789M       3.1G       5.7M        58M       319M

MemTotal:        4016004 kB
MemFree:         3207716 kB
Active:           448992 kB
Mem:          3.8G       789M       3.1G       5.7M        58M       319M

MemTotal:        4016004 kB
MemFree:         3207716 kB
Active:           451008 kB
Mem:          3.8G       789M       3.1G       5.7M        58M       319M

MemTotal:        4016004 kB
MemFree:         3207840 kB
Active:           451028 kB
Mem:          3.8G       789M       3.1G       5.7M        58M       319M

MemTotal:        4016004 kB
MemFree:         3207840 kB
Active:           451028 kB
Mem:          3.8G       789M       3.1G       5.7M        58M       319M

MemTotal:        4016004 kB
MemFree:         3207716 kB
Active:           451008 kB
Mem:          3.8G       789M       3.1G       5.7M        58M       319M

MemTotal:        4016004 kB
MemFree:         3207716 kB
Active:           451028 kB
Mem:          3.8G       789M       3.1G       5.7M        58M       319M

MemTotal:        4016004 kB
MemFree:         3207716 kB
Active:           451056 kB
Mem:          3.8G       789M       3.1G       5.7M        58M       319M

MemTotal:        4016004 kB
MemFree:         3207716 kB
Active:           451008 kB
Mem:          3.8G       789M       3.1G       5.7M        58M       319M

MemTotal:        4016004 kB
MemFree:         3207716 kB
Active:           451028 kB
Mem:          3.8G       789M       3.1G       5.7M        58M       319M

MemTotal:        4016004 kB
MemFree:         3207592 kB
Active:           451048 kB
Mem:          3.8G       789M       3.1G       5.7M        58M       319M

MemTotal:        4016004 kB
MemFree:         3207468 kB
Active:           451056 kB
Mem:          3.8G       789M       3.1G       5.7M        58M       319M

MemTotal:        4016004 kB
MemFree:         3207592 kB
Active:           451028 kB
Mem:          3.8G       789M       3.1G       5.7M        58M       319M

MemTotal:        4016004 kB
MemFree:         3207716 kB
Active:           451056 kB
Mem:          3.8G       789M       3.1G       5.7M        58M       319M

MemTotal:        4016004 kB
MemFree:         3207716 kB
Active:           451072 kB
Mem:          3.8G       789M       3.1G       5.7M        58M       319M

MemTotal:        4016004 kB
MemFree:         3207716 kB
Active:           451020 kB
Mem:          3.8G       789M       3.1G       5.7M        58M       319M

MemTotal:        4016004 kB
MemFree:         3207964 kB
Active:           451036 kB
Mem:          3.8G       789M       3.1G       5.7M        58M       319M

MemTotal:        4016004 kB
MemFree:         3207840 kB
Active:           451068 kB
Mem:          3.8G       789M       3.1G       5.7M        58M       319M

MemTotal:        4016004 kB
MemFree:         3207716 kB
Active:           451080 kB
Mem:          3.8G       789M       3.1G       5.7M        58M       319M

MemTotal:        4016004 kB
MemFree:         3207716 kB
Active:           451048 kB
Mem:          3.8G       789M       3.1G       5.7M        58M       319M

MemTotal:        4016004 kB
MemFree:         3207468 kB
Active:           451076 kB
Mem:          3.8G       789M       3.1G       5.7M        58M       319M

MemTotal:        4016004 kB
MemFree:         3207592 kB
Active:           451048 kB
Mem:          3.8G       789M       3.1G       5.7M        58M       319M

MemTotal:        4016004 kB
MemFree:         3207840 kB
Active:           451072 kB
Mem:          3.8G       789M       3.1G       5.7M        58M       319M

MemTotal:        4016004 kB
MemFree:         3207592 kB
Active:           451092 kB
Mem:          3.8G       789M       3.1G       5.7M        58M       319M

MemTotal:        4016004 kB
MemFree:         3207840 kB
Active:           451088 kB
Mem:          3.8G       789M       3.1G       5.7M        58M       319M

MemTotal:        4016004 kB
MemFree:         3207840 kB
Active:           451272 kB
Mem:          3.8G       789M       3.1G       5.7M        58M       319M

MemTotal:        4016004 kB
MemFree:         3207700 kB
Active:           451120 kB
Mem:          3.8G       789M       3.1G       5.7M        58M       319M

MemTotal:        4016004 kB
MemFree:         3208072 kB
Active:           451096 kB
Mem:          3.8G       789M       3.1G       5.7M        58M       319M

MemTotal:        4016004 kB
MemFree:         3207824 kB
Active:           451148 kB
Mem:          3.8G       789M       3.1G       5.7M        58M       319M

MemTotal:        4016004 kB
MemFree:         3208196 kB
Active:           451128 kB
Mem:          3.8G       789M       3.1G       5.7M        58M       319M

MemTotal:        4016004 kB
MemFree:         3207700 kB
Active:           451144 kB
Mem:          3.8G       789M       3.1G       5.7M        58M       319M

MemTotal:        4016004 kB
MemFree:         3207700 kB
Active:           451108 kB
Mem:          3.8G       789M       3.1G       5.7M        58M       319M

MemTotal:        4016004 kB
MemFree:         3207700 kB
Active:           451152 kB
Mem:          3.8G       789M       3.1G       5.7M        58M       319M

MemTotal:        4016004 kB
MemFree:         3207576 kB
Active:           451160 kB
Mem:          3.8G       789M       3.1G       5.7M        58M       319M

MemTotal:        4016004 kB
MemFree:         3207452 kB
Active:           451172 kB
Mem:          3.8G       789M       3.1G       5.7M        58M       319M

MemTotal:        4016004 kB
MemFree:         3207576 kB
Active:           451180 kB
Mem:          3.8G       789M       3.1G       5.7M        58M       319M

MemTotal:        4016004 kB
MemFree:         3207576 kB
Active:           451160 kB
Mem:          3.8G       789M       3.1G       5.7M        58M       319M

MemTotal:        4016004 kB
MemFree:         3207700 kB
Active:           451140 kB
Mem:          3.8G       789M       3.1G       5.7M        58M       319M

MemTotal:        4016004 kB
MemFree:         3207576 kB
Active:           451136 kB
Mem:          3.8G       789M       3.1G       5.7M        58M       319M

MemTotal:        4016004 kB
MemFree:         3207452 kB
Active:           451144 kB
Mem:          3.8G       789M       3.1G       5.7M        58M       319M

MemTotal:        4016004 kB
MemFree:         3207204 kB
Active:           451168 kB
Mem:          3.8G       789M       3.1G       5.7M        58M       319M

MemTotal:        4016004 kB
MemFree:         3207344 kB
Active:           451140 kB
Mem:          3.8G       789M       3.1G       5.7M        58M       319M

MemTotal:        4016004 kB
MemFree:         3207344 kB
Active:           451164 kB
Mem:          3.8G       789M       3.1G       5.7M        58M       319M

MemTotal:        4016004 kB
MemFree:         3207468 kB
Active:           451180 kB
Mem:          3.8G       789M       3.1G       5.7M        58M       319M

MemTotal:        4016004 kB
MemFree:         3207716 kB
Active:           451144 kB
Mem:          3.8G       789M       3.1G       5.7M        58M       319M

MemTotal:        4016004 kB
MemFree:         3207716 kB
Active:           451148 kB
Mem:          3.8G       789M       3.1G       5.7M        58M       319M

MemTotal:        4016004 kB
MemFree:         3207592 kB
Active:           451160 kB
Mem:          3.8G       789M       3.1G       5.7M        58M       319M

MemTotal:        4016004 kB
MemFree:         3207592 kB
Active:           451140 kB
Mem:          3.8G       789M       3.1G       5.7M        58M       319M

MemTotal:        4016004 kB
MemFree:         3207740 kB
Active:           451156 kB
Mem:          3.8G       789M       3.1G       5.7M        58M       319M

MemTotal:        4016004 kB
MemFree:         3208356 kB
Active:           450876 kB
Mem:          3.8G       788M       3.1G       5.7M        58M       319M

MemTotal:        4016004 kB
MemFree:         3208596 kB
Active:           450840 kB
Mem:          3.8G       788M       3.1G       5.7M        58M       319M

MemTotal:        4016004 kB
MemFree:         3208596 kB
Active:           450872 kB
Mem:          3.8G       788M       3.1G       5.7M        58M       319M

MemTotal:        4016004 kB
MemFree:         3208672 kB
Active:           450864 kB
Mem:          3.8G       788M       3.1G       5.7M        58M       319M

MemTotal:        4016004 kB
MemFree:         3208472 kB
Active:           450852 kB
Mem:          3.8G       788M       3.1G       5.7M        58M       319M

MemTotal:        4016004 kB
MemFree:         3208604 kB
Active:           450904 kB
Mem:          3.8G       788M       3.1G       5.7M        58M       319M

MemTotal:        4016004 kB
MemFree:         3208728 kB
Active:           450848 kB
Mem:          3.8G       788M       3.1G       5.7M        58M       319M

MemTotal:        4016004 kB
MemFree:         3208728 kB
Active:           450892 kB
Mem:          3.8G       788M       3.1G       5.7M        58M       319M

MemTotal:        4016004 kB
MemFree:         3208728 kB
Active:           450884 kB
Mem:          3.8G       788M       3.1G       5.7M        58M       319M

MemTotal:        4016004 kB
MemFree:         3208728 kB
Active:           450888 kB
Mem:          3.8G       788M       3.1G       5.7M        58M       319M

MemTotal:        4016004 kB
MemFree:         3208108 kB
Active:           450904 kB
Mem:          3.8G       789M       3.1G       5.7M        58M       319M

MemTotal:        4016004 kB
MemFree:         3207984 kB
Active:           450908 kB
Mem:          3.8G       788M       3.1G       5.7M        58M       319M

MemTotal:        4016004 kB
MemFree:         3208480 kB
Active:           450908 kB
Mem:          3.8G       788M       3.1G       5.7M        58M       319M

MemTotal:        4016004 kB
MemFree:         3208976 kB
Active:           450860 kB
Mem:          3.8G       788M       3.1G       5.7M        58M       319M

MemTotal:        4016004 kB
MemFree:         3208728 kB
Active:           450860 kB
Mem:          3.8G       788M       3.1G       5.7M        58M       319M

MemTotal:        4016004 kB
MemFree:         3208604 kB
Active:           450916 kB
Mem:          3.8G       788M       3.1G       5.7M        58M       319M

MemTotal:        4016004 kB
MemFree:         3208852 kB
Active:           450884 kB
Mem:          3.8G       788M       3.1G       5.7M        58M       319M

MemTotal:        4016004 kB
MemFree:         3208852 kB
Active:           450864 kB
Mem:          3.8G       788M       3.1G       5.7M        58M       319M

MemTotal:        4016004 kB
MemFree:         3208852 kB
Active:           450916 kB
Mem:          3.8G       788M       3.1G       5.7M        58M       319M

MemTotal:        4016004 kB
MemFree:         3208604 kB
Active:           450928 kB
Mem:          3.8G       788M       3.1G       5.7M        58M       319M

MemTotal:        4016004 kB
MemFree:         3208852 kB
Active:           450920 kB
Mem:          3.8G       788M       3.1G       5.7M        58M       319M

MemTotal:        4016004 kB
MemFree:         3209224 kB
Active:           450916 kB
Mem:          3.8G       787M       3.1G       5.7M        58M       319M

MemTotal:        4016004 kB
MemFree:         3209100 kB
Active:           450920 kB
Mem:          3.8G       787M       3.1G       5.7M        58M       319M

MemTotal:        4016004 kB
MemFree:         3209348 kB
Active:           450900 kB
Mem:          3.8G       787M       3.1G       5.7M        58M       319M

MemTotal:        4016004 kB
MemFree:         3209348 kB
Active:           450892 kB
Mem:          3.8G       788M       3.1G       5.7M        58M       319M

MemTotal:        4016004 kB
MemFree:         3209224 kB
Active:           450888 kB
Mem:          3.8G       788M       3.1G       5.7M        58M       319M

MemTotal:        4016004 kB
MemFree:         3209224 kB
Active:           450932 kB
Mem:          3.8G       788M       3.1G       5.7M        58M       320M

MemTotal:        4016004 kB
MemFree:         3209224 kB
Active:           450932 kB
Mem:          3.8G       788M       3.1G       5.7M        58M       320M

MemTotal:        4016004 kB
MemFree:         3208852 kB
Active:           450952 kB
Mem:          3.8G       787M       3.1G       5.7M        58M       320M

MemTotal:        4016004 kB
MemFree:         3209224 kB
Active:           450908 kB
Mem:          3.8G       787M       3.1G       5.7M        58M       320M

MemTotal:        4016004 kB
MemFree:         3209224 kB
Active:           450904 kB
Mem:          3.8G       787M       3.1G       5.7M        58M       319M

MemTotal:        4016004 kB
MemFree:         3209348 kB
Active:           450904 kB
Mem:          3.8G       787M       3.1G       5.7M        58M       320M

MemTotal:        4016004 kB
MemFree:         3209224 kB
Active:           450912 kB
Mem:          3.8G       787M       3.1G       5.7M        58M       320M

MemTotal:        4016004 kB
MemFree:         3209100 kB
Active:           450940 kB
Mem:          3.8G       787M       3.1G       5.7M        58M       320M

MemTotal:        4016004 kB
MemFree:         3209348 kB
Active:           450952 kB
Mem:          3.8G       788M       3.1G       5.7M        58M       320M

MemTotal:        4016004 kB
MemFree:         3207984 kB
Active:           450968 kB
Mem:          3.8G       788M       3.1G       5.7M        58M       320M

MemTotal:        4016004 kB
MemFree:         3208480 kB
Active:           450964 kB
Mem:          3.8G       788M       3.1G       5.7M        58M       320M

MemTotal:        4016004 kB
MemFree:         3208356 kB
Active:           450912 kB
Mem:          3.8G       788M       3.1G       5.7M        58M       320M

MemTotal:        4016004 kB
MemFree:         3208976 kB
Active:           450924 kB
Mem:          3.8G       788M       3.1G       5.7M        58M       320M

MemTotal:        4016004 kB
MemFree:         3208852 kB
Active:           450928 kB
Mem:          3.8G       788M       3.1G       5.7M        58M       320M

MemTotal:        4016004 kB
MemFree:         3208480 kB
Active:           450980 kB
Mem:          3.8G       788M       3.1G       5.7M        58M       320M

MemTotal:        4016004 kB
MemFree:         3208976 kB
Active:           450968 kB
Mem:          3.8G       788M       3.1G       5.7M        58M       320M

MemTotal:        4016004 kB
MemFree:         3208852 kB
Active:           450948 kB
Mem:          3.8G       788M       3.1G       5.7M        58M       320M

MemTotal:        4016004 kB
MemFree:         3208852 kB
Active:           450932 kB
Mem:          3.8G       788M       3.1G       5.7M        58M       320M

MemTotal:        4016004 kB
MemFree:         3208604 kB
Active:           450980 kB
Mem:          3.8G       788M       3.1G       5.7M        58M       320M

MemTotal:        4016004 kB
MemFree:         3208852 kB
Active:           450956 kB
Mem:          3.8G       788M       3.1G       5.7M        58M       320M

MemTotal:        4016004 kB
MemFree:         3209100 kB
Active:           450968 kB
Mem:          3.8G       788M       3.1G       5.7M        58M       320M

MemTotal:        4016004 kB
MemFree:         3208852 kB
Active:           450988 kB
Mem:          3.8G       788M       3.1G       5.7M        58M       320M

MemTotal:        4016004 kB
MemFree:         3208976 kB
Active:           450964 kB
Mem:          3.8G       788M       3.1G       5.7M        58M       320M

MemTotal:        4016004 kB
MemFree:         3208976 kB
Active:           450960 kB
Mem:          3.8G       788M       3.1G       5.7M        58M       320M

MemTotal:        4016004 kB
MemFree:         3208728 kB
Active:           450968 kB
Mem:          3.8G       788M       3.1G       5.7M        58M       320M

MemTotal:        4016004 kB
MemFree:         3208604 kB
Active:           450988 kB
Mem:          3.8G       788M       3.1G       5.7M        58M       320M

MemTotal:        4016004 kB
MemFree:         3209100 kB
Active:           450936 kB
Mem:          3.8G       788M       3.1G       5.7M        58M       320M

MemTotal:        4016004 kB
MemFree:         3209100 kB
Active:           450988 kB
Mem:          3.8G       788M       3.1G       5.7M        58M       320M

MemTotal:        4016004 kB
MemFree:         3209224 kB
Active:           450940 kB
Mem:          3.8G       787M       3.1G       5.7M        58M       320M

MemTotal:        4016004 kB
MemFree:         3209224 kB
Active:           450968 kB
Mem:          3.8G       787M       3.1G       5.7M        58M       320M

MemTotal:        4016004 kB
MemFree:         3209224 kB
Active:           450968 kB
Mem:          3.8G       787M       3.1G       5.7M        58M       320M

MemTotal:        4016004 kB
MemFree:         3209348 kB
Active:           450968 kB
Mem:          3.8G       787M       3.1G       5.7M        58M       320M

MemTotal:        4016004 kB
MemFree:         3209224 kB
Active:           450964 kB
Mem:          3.8G       787M       3.1G       5.7M        58M       320M

MemTotal:        4016004 kB
MemFree:         3209348 kB
Active:           450948 kB
Mem:          3.8G       787M       3.1G       5.7M        58M       320M

MemTotal:        4016004 kB
MemFree:         3209348 kB
Active:           450956 kB
Mem:          3.8G       787M       3.1G       5.7M        58M       320M

MemTotal:        4016004 kB
MemFree:         3209472 kB
Active:           450964 kB
Mem:          3.8G       787M       3.1G       5.7M        58M       320M

MemTotal:        4016004 kB
MemFree:         3209348 kB
Active:           450964 kB
Mem:          3.8G       787M       3.1G       5.7M        58M       320M

MemTotal:        4016004 kB
MemFree:         3209224 kB
Active:           450968 kB
Mem:          3.8G       787M       3.1G       5.7M        58M       320M

MemTotal:        4016004 kB
MemFree:         3209224 kB
Active:           450968 kB
Mem:          3.8G       787M       3.1G       5.7M        58M       320M

MemTotal:        4016004 kB
MemFree:         3209100 kB
Active:           451012 kB
Mem:          3.8G       787M       3.1G       5.7M        58M       320M

MemTotal:        4016004 kB
MemFree:         3209224 kB
Active:           450996 kB
Mem:          3.8G       787M       3.1G       5.7M        58M       320M

MemTotal:        4016004 kB
MemFree:         3208976 kB
Active:           451020 kB
Mem:          3.8G       787M       3.1G       5.7M        58M       320M

MemTotal:        4016004 kB
MemFree:         3209100 kB
Active:           450976 kB
Mem:          3.8G       788M       3.1G       5.7M        58M       320M

MemTotal:        4016004 kB
MemFree:         3208976 kB
Active:           450972 kB
Mem:          3.8G       788M       3.1G       5.7M        58M       320M

MemTotal:        4016004 kB
MemFree:         3208604 kB
Active:           451028 kB
Mem:          3.8G       788M       3.1G       5.7M        58M       320M

MemTotal:        4016004 kB
MemFree:         3208852 kB
Active:           450996 kB
Mem:          3.8G       788M       3.1G       5.7M        58M       320M

MemTotal:        4016004 kB
MemFree:         3208960 kB
Active:           450984 kB
Mem:          3.8G       788M       3.1G       5.7M        58M       320M

MemTotal:        4016004 kB
MemFree:         3208928 kB
Active:           450980 kB
Mem:          3.8G       788M       3.1G       5.7M        58M       320M

MemTotal:        4016004 kB
MemFree:         3208976 kB
Active:           451024 kB
Mem:          3.8G       788M       3.1G       5.7M        58M       320M

MemTotal:        4016004 kB
MemFree:         3208852 kB
Active:           451016 kB
Mem:          3.8G       788M       3.1G       5.7M        58M       320M

MemTotal:        4016004 kB
MemFree:         3208480 kB
Active:           451036 kB
Mem:          3.8G       788M       3.1G       5.7M        58M       320M

MemTotal:        4016004 kB
MemFree:         3208728 kB
Active:           451004 kB
Mem:          3.8G       788M       3.1G       5.7M        58M       320M

MemTotal:        4016004 kB
MemFree:         3208852 kB
Active:           451008 kB
Mem:          3.8G       788M       3.1G       5.7M        58M       320M

MemTotal:        4016004 kB
MemFree:         3208480 kB
Active:           451036 kB
Mem:          3.8G       788M       3.1G       5.7M        58M       320M

MemTotal:        4016004 kB
MemFree:         3208728 kB
Active:           451004 kB
Mem:          3.8G       788M       3.1G       5.7M        58M       320M

MemTotal:        4016004 kB
MemFree:         3208852 kB
Active:           450992 kB
Mem:          3.8G       788M       3.1G       5.7M        58M       320M

MemTotal:        4016004 kB
MemFree:         3208480 kB
Active:           451020 kB
Mem:          3.8G       788M       3.1G       5.7M        58M       320M

MemTotal:        4016004 kB
MemFree:         3208480 kB
Active:           451004 kB
Mem:          3.8G       788M       3.1G       5.7M        58M       320M

MemTotal:        4016004 kB
MemFree:         3208480 kB
Active:           451004 kB
Mem:          3.8G       788M       3.1G       5.7M        58M       320M

MemTotal:        4016004 kB
MemFree:         3208480 kB
Active:           450996 kB
Mem:          3.8G       788M       3.1G       5.7M        58M       320M

MemTotal:        4016004 kB
MemFree:         3208232 kB
Active:           451024 kB
Mem:          3.8G       788M       3.1G       5.7M        58M       320M

MemTotal:        4016004 kB
MemFree:         3208480 kB
Active:           451004 kB
Mem:          3.8G       788M       3.1G       5.7M        58M       320M

MemTotal:        4016004 kB
MemFree:         3208356 kB
Active:           451000 kB
Mem:          3.8G       788M       3.1G       5.7M        58M       320M

MemTotal:        4016004 kB
MemFree:         3208480 kB
Active:           451040 kB
Mem:          3.8G       788M       3.1G       5.7M        58M       320M

MemTotal:        4016004 kB
MemFree:         3208480 kB
Active:           451020 kB
Mem:          3.8G       788M       3.1G       5.7M        58M       320M

MemTotal:        4016004 kB
MemFree:         3208604 kB
Active:           451036 kB
Mem:          3.8G       788M       3.1G       5.7M        58M       320M

MemTotal:        4016004 kB
MemFree:         3208604 kB
Active:           451024 kB
Mem:          3.8G       788M       3.1G       5.7M        58M       320M

MemTotal:        4016004 kB
MemFree:         3208728 kB
Active:           451032 kB
Mem:          3.8G       788M       3.1G       5.7M        58M       320M

MemTotal:        4016004 kB
MemFree:         3209100 kB
Active:           451032 kB
Mem:          3.8G       788M       3.1G       5.7M        58M       320M

MemTotal:        4016004 kB
MemFree:         3209100 kB
Active:           451028 kB
Mem:          3.8G       788M       3.1G       5.7M        58M       320M

MemTotal:        4016004 kB
MemFree:         3208976 kB
Active:           451036 kB
Mem:          3.8G       788M       3.1G       5.7M        58M       320M

MemTotal:        4016004 kB
MemFree:         3208984 kB
Active:           451076 kB
Mem:          3.8G       788M       3.1G       5.7M        58M       320M

MemTotal:        4016004 kB
MemFree:         3208612 kB
Active:           451100 kB
Mem:          3.8G       788M       3.1G       5.7M        58M       320M

MemTotal:        4016004 kB
MemFree:         3208984 kB
Active:           451100 kB
Mem:          3.8G       788M       3.1G       5.7M        58M       320M

MemTotal:        4016004 kB
MemFree:         3208860 kB
Active:           451044 kB
Mem:          3.8G       788M       3.1G       5.7M        58M       320M

MemTotal:        4016004 kB
MemFree:         3208984 kB
Active:           451088 kB
Mem:          3.8G       788M       3.1G       5.7M        58M       320M

MemTotal:        4016004 kB
MemFree:         3208860 kB
Active:           451100 kB
Mem:          3.8G       788M       3.1G       5.7M        58M       320M

MemTotal:        4016004 kB
MemFree:         3208736 kB
Active:           451064 kB
Mem:          3.8G       788M       3.1G       5.7M        58M       320M

MemTotal:        4016004 kB
MemFree:         3208736 kB
Active:           451108 kB
Mem:          3.8G       788M       3.1G       5.7M        58M       320M

MemTotal:        4016004 kB
MemFree:         3208488 kB
Active:           451060 kB
Mem:          3.8G       788M       3.1G       5.7M        58M       320M

MemTotal:        4016004 kB
MemFree:         3208736 kB
Active:           451056 kB
Mem:          3.8G       788M       3.1G       5.7M        58M       320M

MemTotal:        4016004 kB
MemFree:         3208720 kB
Active:           451092 kB
Mem:          3.8G       788M       3.1G       5.7M        58M       320M

MemTotal:        4016004 kB
MemFree:         3208348 kB
Active:           451108 kB
Mem:          3.8G       788M       3.1G       5.7M        58M       320M

MemTotal:        4016004 kB
MemFree:         3208968 kB
Active:           451088 kB
Mem:          3.8G       788M       3.1G       5.7M        58M       320M

MemTotal:        4016004 kB
MemFree:         3208968 kB
Active:           451064 kB
Mem:          3.8G       788M       3.1G       5.7M        58M       320M

MemTotal:        4016004 kB
MemFree:         3209092 kB
Active:           451060 kB
Mem:          3.8G       788M       3.1G       5.7M        58M       320M

MemTotal:        4016004 kB
MemFree:         3208596 kB
Active:           451112 kB
Mem:          3.8G       788M       3.1G       5.7M        58M       320M

MemTotal:        4016004 kB
MemFree:         3208720 kB
Active:           451060 kB
Mem:          3.8G       788M       3.1G       5.7M        58M       320M

MemTotal:        4016004 kB
MemFree:         3208720 kB
Active:           451100 kB
Mem:          3.8G       788M       3.1G       5.7M        58M       320M

MemTotal:        4016004 kB
MemFree:         3208348 kB
Active:           451120 kB
Mem:          3.8G       788M       3.1G       5.7M        58M       320M

MemTotal:        4016004 kB
MemFree:         3208472 kB
Active:           451120 kB
Mem:          3.8G       788M       3.1G       5.7M        58M       320M

MemTotal:        4016004 kB
MemFree:         3208720 kB
Active:           451096 kB
Mem:          3.8G       788M       3.1G       5.7M        58M       320M

MemTotal:        4016004 kB
MemFree:         3208844 kB
Active:           451084 kB
Mem:          3.8G       788M       3.1G       5.7M        58M       320M

MemTotal:        4016004 kB
MemFree:         3209108 kB
Active:           451120 kB
Mem:          3.8G       788M       3.1G       5.7M        58M       320M

MemTotal:        4016004 kB
MemFree:         3208984 kB
Active:           451120 kB
Mem:          3.8G       788M       3.1G       5.7M        58M       320M

MemTotal:        4016004 kB
MemFree:         3208984 kB
Active:           451112 kB
Mem:          3.8G       788M       3.1G       5.7M        58M       320M

MemTotal:        4016004 kB
MemFree:         3209108 kB
Active:           451096 kB
Mem:          3.8G       788M       3.1G       5.7M        58M       320M

MemTotal:        4016004 kB
MemFree:         3209108 kB
Active:           451088 kB
Mem:          3.8G       788M       3.1G       5.7M        58M       320M

MemTotal:        4016004 kB
MemFree:         3209108 kB
Active:           451136 kB
Mem:          3.8G       787M       3.1G       5.7M        58M       320M

MemTotal:        4016004 kB
MemFree:         3208984 kB
Active:           451120 kB
Mem:          3.8G       788M       3.1G       5.7M        58M       320M

MemTotal:        4016004 kB
MemFree:         3208364 kB
Active:           451148 kB
Mem:          3.8G       788M       3.1G       5.7M        58M       320M

MemTotal:        4016004 kB
MemFree:         3208612 kB
Active:           451112 kB
Mem:          3.8G       788M       3.1G       5.7M        58M       320M

MemTotal:        4016004 kB
MemFree:         3208364 kB
Active:           451148 kB
Mem:          3.8G       788M       3.1G       5.7M        58M       320M

MemTotal:        4016004 kB
MemFree:         3208488 kB
Active:           451152 kB
Mem:          3.8G       788M       3.1G       5.7M        58M       320M

MemTotal:        4016004 kB
MemFree:         3208736 kB
Active:           451148 kB
Mem:          3.8G       788M       3.1G       5.7M        58M       320M

MemTotal:        4016004 kB
MemFree:         3208736 kB
Active:           451128 kB
Mem:          3.8G       788M       3.1G       5.7M        58M       320M

MemTotal:        4016004 kB
MemFree:         3208488 kB
Active:           451104 kB
Mem:          3.8G       788M       3.1G       5.7M        58M       320M

MemTotal:        4016004 kB
MemFree:         3208364 kB
Active:           451148 kB
Mem:          3.8G       788M       3.1G       5.7M        58M       320M

MemTotal:        4016004 kB
MemFree:         3208612 kB
Active:           451128 kB
Mem:          3.8G       788M       3.1G       5.7M        58M       320M

MemTotal:        4016004 kB
MemFree:         3208612 kB
Active:           451136 kB
Mem:          3.8G       788M       3.1G       5.7M        58M       320M

MemTotal:        4016004 kB
MemFree:         3208612 kB
Active:           451132 kB
Mem:          3.8G       788M       3.1G       5.7M        58M       320M

MemTotal:        4016004 kB
MemFree:         3208612 kB
Active:           451164 kB
Mem:          3.8G       788M       3.1G       5.7M        58M       320M

MemTotal:        4016004 kB
MemFree:         3208488 kB
Active:           451160 kB
Mem:          3.8G       788M       3.1G       5.7M        58M       320M

MemTotal:        4016004 kB
MemFree:         3208736 kB
Active:           451144 kB
Mem:          3.8G       788M       3.1G       5.7M        58M       320M

MemTotal:        4016004 kB
MemFree:         3208472 kB
Active:           451144 kB
Mem:          3.8G       789M       3.1G       5.7M        58M       320M

MemTotal:        4016004 kB
MemFree:         3208504 kB
Active:           451128 kB
Mem:          3.8G       788M       3.1G       5.7M        58M       320M

MemTotal:        4016004 kB
MemFree:         3208876 kB
Active:           451180 kB
