MemTotal:        4016004 kB
MemFree:         3212984 kB
Active:           449828 kB
Mem:          3.8G       784M       3.1G       5.7M        55M       326M

MemTotal:        4016004 kB
MemFree:         3213684 kB
Active:           449992 kB
Mem:          3.8G       783M       3.1G       5.7M        55M       327M

MemTotal:        4016004 kB
MemFree:         3213312 kB
Active:           450100 kB
Mem:          3.8G       783M       3.1G       5.7M        55M       327M

MemTotal:        4016004 kB
MemFree:         3213436 kB
Active:           450080 kB
Mem:          3.8G       784M       3.1G       5.7M        55M       327M

MemTotal:        4016004 kB
MemFree:         3213312 kB
Active:           450084 kB
Mem:          3.8G       783M       3.1G       5.7M        55M       327M

MemTotal:        4016004 kB
MemFree:         3213436 kB
Active:           450068 kB
Mem:          3.8G       783M       3.1G       5.7M        55M       327M

MemTotal:        4016004 kB
MemFree:         3213296 kB
Active:           450108 kB
Mem:          3.8G       783M       3.1G       5.7M        55M       327M

MemTotal:        4016004 kB
MemFree:         3213296 kB
Active:           450084 kB
Mem:          3.8G       784M       3.1G       5.7M        55M       327M

MemTotal:        4016004 kB
MemFree:         3213172 kB
Active:           450068 kB
Mem:          3.8G       783M       3.1G       5.7M        55M       327M

MemTotal:        4016004 kB
MemFree:         3213188 kB
Active:           450100 kB
Mem:          3.8G       783M       3.1G       5.7M        55M       327M

MemTotal:        4016004 kB
MemFree:         3213436 kB
Active:           450116 kB
Mem:          3.8G       783M       3.1G       5.7M        55M       327M

MemTotal:        4016004 kB
MemFree:         3213560 kB
Active:           450112 kB
Mem:          3.8G       783M       3.1G       5.7M        55M       327M

MemTotal:        4016004 kB
MemFree:         3213808 kB
Active:           450084 kB
Mem:          3.8G       783M       3.1G       5.7M        55M       327M

MemTotal:        4016004 kB
MemFree:         3213436 kB
Active:           450088 kB
Mem:          3.8G       783M       3.1G       5.7M        55M       327M

MemTotal:        4016004 kB
MemFree:         3213436 kB
Active:           450092 kB
Mem:          3.8G       784M       3.1G       5.7M        55M       327M

MemTotal:        4016004 kB
MemFree:         3213560 kB
Active:           450108 kB
Mem:          3.8G       783M       3.1G       5.7M        55M       327M

MemTotal:        4016004 kB
MemFree:         3213544 kB
Active:           450076 kB
Mem:          3.8G       783M       3.1G       5.7M        55M       327M

MemTotal:        4016004 kB
MemFree:         3213528 kB
Active:           450108 kB
Mem:          3.8G       783M       3.1G       5.7M        55M       327M

MemTotal:        4016004 kB
MemFree:         3213420 kB
Active:           450104 kB
Mem:          3.8G       783M       3.1G       5.7M        55M       327M

MemTotal:        4016004 kB
MemFree:         3213296 kB
Active:           450132 kB
Mem:          3.8G       784M       3.1G       5.7M        55M       327M

MemTotal:        4016004 kB
MemFree:         3213668 kB
Active:           450112 kB
Mem:          3.8G       783M       3.1G       5.7M        55M       327M

MemTotal:        4016004 kB
MemFree:         3213792 kB
Active:           450124 kB
Mem:          3.8G       783M       3.1G       5.7M        55M       327M

MemTotal:        4016004 kB
MemFree:         3213668 kB
Active:           450112 kB
Mem:          3.8G       783M       3.1G       5.7M        55M       327M

MemTotal:        4016004 kB
MemFree:         3212852 kB
Active:           448092 kB
Mem:          3.8G       784M       3.1G       5.7M        55M       327M

MemTotal:        4016004 kB
MemFree:         3213100 kB
Active:           450116 kB
Mem:          3.8G       784M       3.1G       5.7M        55M       327M

MemTotal:        4016004 kB
MemFree:         3213224 kB
Active:           450116 kB
Mem:          3.8G       783M       3.1G       5.7M        55M       327M

MemTotal:        4016004 kB
MemFree:         3213520 kB
Active:           450100 kB
Mem:          3.8G       783M       3.1G       5.7M        55M       327M

MemTotal:        4016004 kB
MemFree:         3213024 kB
Active:           450140 kB
Mem:          3.8G       784M       3.1G       5.7M        55M       327M

MemTotal:        4016004 kB
MemFree:         3213272 kB
Active:           450136 kB
Mem:          3.8G       784M       3.1G       5.7M        55M       327M

MemTotal:        4016004 kB
MemFree:         3213396 kB
Active:           450340 kB
Mem:          3.8G       784M       3.1G       5.7M        55M       327M

MemTotal:        4016004 kB
MemFree:         3213132 kB
Active:           450328 kB
Mem:          3.8G       784M       3.1G       5.7M        55M       327M

MemTotal:        4016004 kB
MemFree:         3212992 kB
Active:           450292 kB
Mem:          3.8G       784M       3.1G       5.7M        55M       327M

MemTotal:        4016004 kB
MemFree:         3212976 kB
Active:           450328 kB
Mem:          3.8G       783M       3.1G       5.7M        55M       327M

MemTotal:        4016004 kB
MemFree:         3213100 kB
Active:           450316 kB
Mem:          3.8G       784M       3.1G       5.7M        55M       327M

MemTotal:        4016004 kB
MemFree:         3212960 kB
Active:           450304 kB
Mem:          3.8G       784M       3.1G       5.7M        55M       327M

MemTotal:        4016004 kB
MemFree:         3213100 kB
Active:           450296 kB
Mem:          3.8G       784M       3.1G       5.7M        55M       327M

MemTotal:        4016004 kB
MemFree:         3213100 kB
Active:           450296 kB
Mem:          3.8G       784M       3.1G       5.7M        55M       327M

MemTotal:        4016004 kB
MemFree:         3213100 kB
Active:           450300 kB
Mem:          3.8G       784M       3.1G       5.7M        55M       327M

MemTotal:        4016004 kB
MemFree:         3212976 kB
Active:           450352 kB
Mem:          3.8G       784M       3.1G       5.7M        55M       327M

MemTotal:        4016004 kB
MemFree:         3213488 kB
Active:           450352 kB
Mem:          3.8G       783M       3.1G       5.7M        55M       327M

MemTotal:        4016004 kB
MemFree:         3214108 kB
Active:           450348 kB
Mem:          3.8G       783M       3.1G       5.7M        55M       327M

MemTotal:        4016004 kB
MemFree:         3213488 kB
Active:           450352 kB
Mem:          3.8G       783M       3.1G       5.7M        55M       327M

MemTotal:        4016004 kB
MemFree:         3213736 kB
Active:           450320 kB
Mem:          3.8G       784M       3.1G       5.7M        55M       327M

MemTotal:        4016004 kB
MemFree:         3213176 kB
Active:           450360 kB
Mem:          3.8G       783M       3.1G       5.7M        55M       327M

MemTotal:        4016004 kB
MemFree:         3213176 kB
Active:           450336 kB
Mem:          3.8G       783M       3.1G       5.7M        55M       327M

MemTotal:        4016004 kB
MemFree:         3212928 kB
Active:           450368 kB
Mem:          3.8G       784M       3.1G       5.7M        55M       327M

MemTotal:        4016004 kB
MemFree:         3212820 kB
Active:           450364 kB
Mem:          3.8G       783M       3.1G       5.7M        55M       327M

MemTotal:        4016004 kB
MemFree:         3213316 kB
Active:           450348 kB
Mem:          3.8G       784M       3.1G       5.7M        55M       327M

MemTotal:        4016004 kB
MemFree:         3213192 kB
Active:           450344 kB
Mem:          3.8G       784M       3.1G       5.7M        55M       327M

MemTotal:        4016004 kB
MemFree:         3213192 kB
Active:           450368 kB
Mem:          3.8G       784M       3.1G       5.7M        55M       327M

MemTotal:        4016004 kB
MemFree:         3213068 kB
Active:           450356 kB
Mem:          3.8G       783M       3.1G       5.7M        55M       327M

MemTotal:        4016004 kB
MemFree:         3212960 kB
Active:           450380 kB
Mem:          3.8G       783M       3.1G       5.7M        55M       327M

MemTotal:        4016004 kB
MemFree:         3213084 kB
Active:           450380 kB
Mem:          3.8G       784M       3.1G       5.7M        55M       327M

MemTotal:        4016004 kB
MemFree:         3213208 kB
Active:           450364 kB
Mem:          3.8G       784M       3.1G       5.7M        55M       327M

MemTotal:        4016004 kB
MemFree:         3212588 kB
Active:           450404 kB
Mem:          3.8G       784M       3.1G       5.7M        55M       327M

MemTotal:        4016004 kB
MemFree:         3212696 kB
Active:           450392 kB
Mem:          3.8G       784M       3.1G       5.7M        55M       327M

MemTotal:        4016004 kB
MemFree:         3212820 kB
Active:           450392 kB
Mem:          3.8G       784M       3.1G       5.7M        55M       327M

MemTotal:        4016004 kB
MemFree:         3212696 kB
Active:           450384 kB
Mem:          3.8G       784M       3.1G       5.7M        55M       327M

MemTotal:        4016004 kB
MemFree:         3212696 kB
Active:           450412 kB
Mem:          3.8G       784M       3.1G       5.7M        55M       327M

MemTotal:        4016004 kB
MemFree:         3212820 kB
Active:           450392 kB
Mem:          3.8G       784M       3.1G       5.7M        55M       327M

MemTotal:        4016004 kB
MemFree:         3212572 kB
Active:           450480 kB
Mem:          3.8G       784M       3.1G       5.7M        55M       327M

MemTotal:        4016004 kB
MemFree:         3101756 kB
Active:           450740 kB
Mem:          3.8G       893M       3.0G       5.7M        55M       435M

MemTotal:        4016004 kB
MemFree:         2988180 kB
Active:           450744 kB
Mem:          3.8G       1.0G       2.8G       5.7M        55M       544M

MemTotal:        4016004 kB
MemFree:         2919844 kB
Active:           450744 kB
Mem:          3.8G       1.0G       2.8G       5.7M        55M       609M

MemTotal:        4016004 kB
MemFree:         2904364 kB
Active:           450736 kB
Mem:          3.8G       1.1G       2.8G       5.7M        55M       625M

MemTotal:        4016004 kB
MemFree:         2793376 kB
Active:           450700 kB
Mem:          3.8G       1.2G       2.7G       5.7M        55M       731M

MemTotal:        4016004 kB
MemFree:         2759688 kB
Active:           450752 kB
Mem:          3.8G       1.2G       2.6G       5.7M        55M       763M

MemTotal:        4016004 kB
MemFree:         2688864 kB
Active:           450740 kB
Mem:          3.8G       1.3G       2.6G       5.7M        55M       832M

MemTotal:        4016004 kB
MemFree:         2659672 kB
Active:           450720 kB
Mem:          3.8G       1.3G       2.5G       5.7M        55M       860M

MemTotal:        4016004 kB
MemFree:         2639044 kB
Active:           450748 kB
Mem:          3.8G       1.3G       2.5G       5.7M        55M       880M

MemTotal:        4016004 kB
MemFree:         2559240 kB
Active:           450772 kB
Mem:          3.8G       1.4G       2.4G       5.7M        55M       956M

MemTotal:        4016004 kB
MemFree:         2558508 kB
Active:           450752 kB
Mem:          3.8G       1.4G       2.4G       5.7M        55M       956M

MemTotal:        4016004 kB
MemFree:         2556444 kB
Active:           448992 kB
Mem:          3.8G       1.4G       2.4G       5.7M        55M       958M

MemTotal:        4016004 kB
MemFree:         2555964 kB
Active:           448832 kB
Mem:          3.8G       1.4G       2.4G       5.7M        55M       959M

MemTotal:        4016004 kB
MemFree:         2483840 kB
Active:           450900 kB
Mem:          3.8G       1.5G       2.4G       5.7M        55M       1.0G

MemTotal:        4016004 kB
MemFree:         2353600 kB
Active:           450860 kB
Mem:          3.8G       1.6G       2.2G       5.7M        55M       1.1G

MemTotal:        4016004 kB
MemFree:         2226212 kB
Active:           450852 kB
Mem:          3.8G       1.7G       2.1G       5.7M        55M       1.2G

MemTotal:        4016004 kB
MemFree:         2205660 kB
Active:           450904 kB
Mem:          3.8G       1.7G       2.1G       5.7M        55M       1.3G

MemTotal:        4016004 kB
MemFree:         2204744 kB
Active:           450884 kB
Mem:          3.8G       1.7G       2.1G       5.7M        55M       1.3G

MemTotal:        4016004 kB
MemFree:         2106020 kB
Active:           450880 kB
Mem:          3.8G       1.8G       2.0G       5.7M        55M       1.4G

MemTotal:        4016004 kB
MemFree:         2104512 kB
Active:           450868 kB
Mem:          3.8G       1.8G       2.0G       5.7M        55M       1.4G

MemTotal:        4016004 kB
MemFree:         2023412 kB
Active:           450924 kB
Mem:          3.8G       1.9G       1.9G       5.7M        55M       1.4G

MemTotal:        4016004 kB
MemFree:         2004496 kB
Active:           450940 kB
Mem:          3.8G       1.9G       1.9G       5.7M        55M       1.5G

MemTotal:        4016004 kB
MemFree:         2002884 kB
Active:           450916 kB
Mem:          3.8G       1.9G       1.9G       5.7M        55M       1.5G

MemTotal:        4016004 kB
MemFree:         2000804 kB
Active:           450920 kB
Mem:          3.8G       1.9G       1.9G       5.7M        55M       1.5G

MemTotal:        4016004 kB
MemFree:         1999256 kB
Active:           450916 kB
Mem:          3.8G       1.9G       1.9G       5.7M        55M       1.5G

MemTotal:        4016004 kB
MemFree:         1892672 kB
Active:           450960 kB
Mem:          3.8G       2.0G       1.8G       5.7M        55M       1.6G

MemTotal:        4016004 kB
MemFree:         1761300 kB
Active:           450980 kB
Mem:          3.8G       2.2G       1.7G       5.7M        55M       1.7G

MemTotal:        4016004 kB
MemFree:         1633416 kB
Active:           450984 kB
Mem:          3.8G       2.3G       1.6G       5.7M        55M       1.8G

MemTotal:        4016004 kB
MemFree:         1505424 kB
Active:           450984 kB
Mem:          3.8G       2.4G       1.4G       5.7M        55M       1.9G

MemTotal:        4016004 kB
MemFree:         1400652 kB
Active:           450976 kB
Mem:          3.8G       2.5G       1.3G       5.7M        55M       2.0G

MemTotal:        4016004 kB
MemFree:         1318420 kB
Active:           450932 kB
Mem:          3.8G       2.6G       1.3G       5.7M        55M       2.1G

MemTotal:        4016004 kB
MemFree:         1316028 kB
Active:           450976 kB
Mem:          3.8G       2.6G       1.3G       5.7M        55M       2.1G

MemTotal:        4016004 kB
MemFree:         1315388 kB
Active:           451016 kB
Mem:          3.8G       2.6G       1.3G       5.7M        55M       2.1G

MemTotal:        4016004 kB
MemFree:         1315608 kB
Active:           451004 kB
Mem:          3.8G       2.6G       1.3G       5.7M        55M       2.1G

MemTotal:        4016004 kB
MemFree:         1314052 kB
Active:           451016 kB
Mem:          3.8G       2.6G       1.3G       5.7M        55M       2.1G

MemTotal:        4016004 kB
MemFree:         1299968 kB
Active:           450976 kB
Mem:          3.8G       2.6G       1.2G       5.7M        55M       2.1G

MemTotal:        4016004 kB
MemFree:         1297360 kB
Active:           451036 kB
Mem:          3.8G       2.6G       1.2G       5.7M        55M       2.1G

MemTotal:        4016004 kB
MemFree:         1296740 kB
Active:           451024 kB
Mem:          3.8G       2.6G       1.2G       5.7M        55M       2.1G

MemTotal:        4016004 kB
MemFree:         1296124 kB
Active:           451036 kB
Mem:          3.8G       2.6G       1.2G       5.7M        55M       2.1G

MemTotal:        4016004 kB
MemFree:         1295292 kB
Active:           451000 kB
Mem:          3.8G       2.6G       1.2G       5.7M        55M       2.1G

MemTotal:        4016004 kB
MemFree:         1171892 kB
Active:           451044 kB
Mem:          3.8G       2.7G       1.1G       5.7M        55M       2.2G

MemTotal:        4016004 kB
MemFree:         1044812 kB
Active:           449216 kB
Mem:          3.8G       2.8G       1.0G       5.7M        55M       2.4G

MemTotal:        4016004 kB
MemFree:          948004 kB
Active:           451104 kB
Mem:          3.8G       2.9G       925M       5.7M        55M       2.4G

MemTotal:        4016004 kB
MemFree:          914584 kB
Active:           451124 kB
Mem:          3.8G       3.0G       892M       5.7M        55M       2.5G

MemTotal:        4016004 kB
MemFree:          808696 kB
Active:           451140 kB
Mem:          3.8G       3.1G       789M       5.7M        55M       2.6G

MemTotal:        4016004 kB
MemFree:          683648 kB
Active:           451112 kB
Mem:          3.8G       3.2G       667M       5.7M        55M       2.7G

MemTotal:        4016004 kB
MemFree:          554524 kB
Active:           451120 kB
Mem:          3.8G       3.3G       541M       5.7M        55M       2.8G

MemTotal:        4016004 kB
MemFree:          552088 kB
Active:           451172 kB
Mem:          3.8G       3.3G       538M       5.7M        55M       2.8G

MemTotal:        4016004 kB
MemFree:          549972 kB
Active:           451208 kB
Mem:          3.8G       3.3G       537M       5.7M        55M       2.8G

MemTotal:        4016004 kB
MemFree:          549080 kB
Active:           451180 kB
Mem:          3.8G       3.3G       535M       5.7M        55M       2.8G

MemTotal:        4016004 kB
MemFree:          548100 kB
Active:           451176 kB
Mem:          3.8G       3.3G       535M       5.7M        55M       2.8G

MemTotal:        4016004 kB
MemFree:          546616 kB
Active:           449244 kB
Mem:          3.8G       3.3G       533M       5.7M        55M       2.8G

MemTotal:        4016004 kB
MemFree:          435212 kB
Active:           451196 kB
Mem:          3.8G       3.4G       425M       5.7M        55M       2.9G

MemTotal:        4016004 kB
MemFree:          306196 kB
Active:           451220 kB
Mem:          3.8G       3.5G       298M       5.7M        55M       3.1G

MemTotal:        4016004 kB
MemFree:          150632 kB
Active:           417800 kB
Mem:          3.8G       3.7G       143M       5.7M        40M       3.2G

MemTotal:        4016004 kB
MemFree:          146640 kB
Active:           418060 kB
Mem:          3.8G       3.7G       142M       5.7M        40M       3.2G

MemTotal:        4016004 kB
MemFree:          146256 kB
Active:           418008 kB
Mem:          3.8G       3.7G       142M       5.7M        40M       3.2G

MemTotal:        4016004 kB
MemFree:          146664 kB
Active:           418016 kB
Mem:          3.8G       3.7G       143M       5.7M        40M       3.2G

MemTotal:        4016004 kB
MemFree:          146824 kB
Active:           418008 kB
Mem:          3.8G       3.7G       143M       5.7M        40M       3.2G

MemTotal:        4016004 kB
MemFree:          144656 kB
Active:           418008 kB
Mem:          3.8G       3.7G       141M       5.7M        40M       3.2G

MemTotal:        4016004 kB
MemFree:          138108 kB
Active:           440472 kB
Mem:          3.8G       3.7G       134M       5.7M        22M       3.2G

MemTotal:        4016004 kB
MemFree:          125040 kB
Active:           474384 kB
Mem:          3.8G       3.7G       121M       5.7M        22M       3.3G

MemTotal:        4016004 kB
MemFree:          122744 kB
Active:           474588 kB
Mem:          3.8G       3.7G       119M       5.7M        22M       3.3G

MemTotal:        4016004 kB
MemFree:          121816 kB
Active:           474444 kB
Mem:          3.8G       3.7G       118M       5.7M        22M       3.3G

MemTotal:        4016004 kB
MemFree:          120144 kB
Active:           474412 kB
Mem:          3.8G       3.7G       117M       5.7M        22M       3.3G

MemTotal:        4016004 kB
MemFree:          119496 kB
Active:           474440 kB
Mem:          3.8G       3.7G       116M       5.7M        22M       3.3G

MemTotal:        4016004 kB
MemFree:          128332 kB
Active:           473928 kB
Mem:          3.8G       3.7G       124M       5.7M        22M       3.2G

MemTotal:        4016004 kB
MemFree:          126176 kB
Active:           470844 kB
Mem:          3.8G       3.7G       122M       5.7M        22M       3.3G

MemTotal:        4016004 kB
MemFree:          125380 kB
Active:           465640 kB
Mem:          3.8G       3.7G       122M       5.7M        22M       3.3G

MemTotal:        4016004 kB
MemFree:          126792 kB
Active:           460728 kB
Mem:          3.8G       3.7G       123M       5.7M        22M       3.3G

MemTotal:        4016004 kB
MemFree:          119180 kB
Active:           457184 kB
Mem:          3.8G       3.7G       116M       5.7M        22M       3.3G

MemTotal:        4016004 kB
MemFree:          135548 kB
Active:           455404 kB
Mem:          3.8G       3.7G       132M       5.7M        22M       3.2G

MemTotal:        4016004 kB
MemFree:          134712 kB
Active:           455400 kB
Mem:          3.8G       3.7G       131M       5.7M        22M       3.2G

MemTotal:        4016004 kB
MemFree:          131056 kB
Active:           455412 kB
Mem:          3.8G       3.7G       128M       5.7M        22M       3.2G

MemTotal:        4016004 kB
MemFree:          128292 kB
Active:           455388 kB
Mem:          3.8G       3.7G       125M       5.7M        22M       3.2G

MemTotal:        4016004 kB
MemFree:          127220 kB
Active:           455416 kB
Mem:          3.8G       3.7G       124M       5.7M        22M       3.2G

MemTotal:        4016004 kB
MemFree:          126248 kB
Active:           455436 kB
Mem:          3.8G       3.7G       123M       5.7M        22M       3.3G

MemTotal:        4016004 kB
MemFree:          125400 kB
Active:           455448 kB
Mem:          3.8G       3.7G       122M       5.7M        22M       3.3G

MemTotal:        4016004 kB
MemFree:          107408 kB
Active:           454284 kB
Mem:          3.8G       3.7G       104M       5.7M        22M       3.3G

MemTotal:        4016004 kB
MemFree:          119536 kB
Active:           448580 kB
Mem:          3.8G       3.7G       116M       5.7M        22M       3.3G

MemTotal:        4016004 kB
MemFree:          131668 kB
Active:           443244 kB
Mem:          3.8G       3.7G       128M       5.7M        22M       3.2G

MemTotal:        4016004 kB
MemFree:          118532 kB
Active:           442576 kB
Mem:          3.8G       3.7G       115M       5.7M        22M       3.3G

MemTotal:        4016004 kB
MemFree:          145204 kB
Active:           439308 kB
Mem:          3.8G       3.7G       141M       5.7M        22M       3.2G

MemTotal:        4016004 kB
MemFree:          128476 kB
Active:           438644 kB
Mem:          3.8G       3.7G       124M       5.7M        22M       3.2G

MemTotal:        4016004 kB
MemFree:          134744 kB
Active:           436832 kB
Mem:          3.8G       3.7G       131M       5.7M        22M       3.2G

MemTotal:        4016004 kB
MemFree:          129696 kB
Active:           435728 kB
Mem:          3.8G       3.7G       126M       5.7M        22M       3.2G

MemTotal:        4016004 kB
MemFree:          125512 kB
Active:           435708 kB
Mem:          3.8G       3.7G       122M       5.7M        22M       3.3G

MemTotal:        4016004 kB
MemFree:          125048 kB
Active:           435740 kB
Mem:          3.8G       3.7G       122M       5.7M        22M       3.3G

MemTotal:        4016004 kB
MemFree:          122896 kB
Active:           435744 kB
Mem:          3.8G       3.7G       120M       5.7M        22M       3.3G

MemTotal:        4016004 kB
MemFree:          122352 kB
Active:           435700 kB
Mem:          3.8G       3.7G       119M       5.7M        22M       3.3G

MemTotal:        4016004 kB
MemFree:          104784 kB
Active:           433180 kB
Mem:          3.8G       3.7G       107M       5.7M        22M       3.3G

MemTotal:        4016004 kB
MemFree:          121252 kB
Active:           427368 kB
Mem:          3.8G       3.7G       118M       5.7M        22M       3.3G

MemTotal:        4016004 kB
MemFree:          111536 kB
Active:           423920 kB
Mem:          3.8G       3.7G       108M       5.7M        22M       3.3G

MemTotal:        4016004 kB
MemFree:          128764 kB
Active:           416880 kB
Mem:          3.8G       3.7G       125M       5.7M        22M       3.2G

MemTotal:        4016004 kB
MemFree:          124060 kB
Active:           412824 kB
Mem:          3.8G       3.7G       121M       5.7M        22M       3.3G

MemTotal:        4016004 kB
MemFree:          150048 kB
Active:           406028 kB
Mem:          3.8G       3.7G       146M       5.7M        22M       3.2G

MemTotal:        4016004 kB
MemFree:          148204 kB
Active:           405916 kB
Mem:          3.8G       3.7G       144M       5.7M        22M       3.2G

MemTotal:        4016004 kB
MemFree:          147120 kB
Active:           405944 kB
Mem:          3.8G       3.7G       143M       5.7M        22M       3.2G

MemTotal:        4016004 kB
MemFree:          147512 kB
Active:           405916 kB
Mem:          3.8G       3.7G       144M       5.7M        22M       3.2G

MemTotal:        4016004 kB
MemFree:          147640 kB
Active:           405904 kB
Mem:          3.8G       3.7G       144M       5.7M        22M       3.2G

MemTotal:        4016004 kB
MemFree:          147636 kB
Active:           405928 kB
Mem:          3.8G       3.7G       143M       5.7M        22M       3.2G

MemTotal:        4016004 kB
MemFree:          128136 kB
Active:           405924 kB
Mem:          3.8G       3.7G       124M       5.7M        22M       3.2G

MemTotal:        4016004 kB
MemFree:          125588 kB
Active:           405920 kB
Mem:          3.8G       3.7G       122M       5.7M        22M       3.3G

MemTotal:        4016004 kB
MemFree:          124040 kB
Active:           405968 kB
Mem:          3.8G       3.7G       121M       5.7M        22M       3.3G

MemTotal:        4016004 kB
MemFree:          123392 kB
Active:           405928 kB
Mem:          3.8G       3.7G       120M       5.7M        22M       3.3G

MemTotal:        4016004 kB
MemFree:          145328 kB
Active:           403924 kB
Mem:          3.8G       3.7G       145M       5.7M        22M       3.2G

MemTotal:        4016004 kB
MemFree:          124344 kB
Active:           400472 kB
Mem:          3.8G       3.7G       120M       5.7M        22M       3.3G

MemTotal:        4016004 kB
MemFree:          132736 kB
Active:           395740 kB
Mem:          3.8G       3.7G       129M       5.7M        22M       3.2G

MemTotal:        4016004 kB
MemFree:          139896 kB
Active:           388512 kB
Mem:          3.8G       3.7G       136M       5.7M        22M       3.2G

MemTotal:        4016004 kB
MemFree:          148768 kB
Active:           386712 kB
Mem:          3.8G       3.7G       144M       5.7M        22M       3.2G

MemTotal:        4016004 kB
MemFree:          138452 kB
Active:           386492 kB
Mem:          3.8G       3.7G       135M       5.7M        22M       3.2G

MemTotal:        4016004 kB
MemFree:          131548 kB
Active:           386168 kB
Mem:          3.8G       3.7G       128M       5.7M        22M       3.2G

MemTotal:        4016004 kB
MemFree:          133924 kB
Active:           386032 kB
Mem:          3.8G       3.7G       130M       5.7M        22M       3.2G

MemTotal:        4016004 kB
MemFree:          132496 kB
Active:           386056 kB
Mem:          3.8G       3.7G       129M       5.7M        22M       3.2G

MemTotal:        4016004 kB
MemFree:          131704 kB
Active:           386056 kB
Mem:          3.8G       3.7G       128M       5.7M        22M       3.2G

MemTotal:        4016004 kB
MemFree:          131368 kB
Active:           386032 kB
Mem:          3.8G       3.7G       128M       5.7M        22M       3.2G

MemTotal:        4016004 kB
MemFree:          130660 kB
Active:           386044 kB
Mem:          3.8G       3.7G       127M       5.7M        22M       3.2G

MemTotal:        4016004 kB
MemFree:          122532 kB
Active:           386028 kB
Mem:          3.8G       3.7G       119M       5.7M        22M       3.3G

MemTotal:        4016004 kB
MemFree:          131220 kB
Active:           385896 kB
Mem:          3.8G       3.7G       131M       5.7M        22M       3.2G

MemTotal:        4016004 kB
MemFree:          123168 kB
Active:           385916 kB
Mem:          3.8G       3.7G       119M       5.7M        22M       3.3G

MemTotal:        4016004 kB
MemFree:          127888 kB
Active:           385936 kB
Mem:          3.8G       3.7G       124M       5.7M        22M       3.2G

MemTotal:        4016004 kB
MemFree:          116476 kB
Active:           385924 kB
Mem:          3.8G       3.7G       113M       5.7M        22M       3.3G

MemTotal:        4016004 kB
MemFree:          120216 kB
Active:           385924 kB
Mem:          3.8G       3.7G       116M       5.7M        22M       3.3G

MemTotal:        4016004 kB
MemFree:          136072 kB
Active:           385672 kB
Mem:          3.8G       3.7G       132M       5.7M        22M       3.2G

MemTotal:        4016004 kB
MemFree:          146276 kB
Active:           385560 kB
Mem:          3.8G       3.7G       142M       5.7M        22M       3.2G

MemTotal:        4016004 kB
MemFree:          145560 kB
Active:           385564 kB
Mem:          3.8G       3.7G       142M       5.7M        22M       3.2G

MemTotal:        4016004 kB
MemFree:          145160 kB
Active:           385584 kB
Mem:          3.8G       3.7G       141M       5.7M        22M       3.2G

MemTotal:        4016004 kB
MemFree:          143552 kB
Active:           385588 kB
Mem:          3.8G       3.7G       140M       5.7M        22M       3.2G

MemTotal:        4016004 kB
MemFree:          142432 kB
Active:           385588 kB
Mem:          3.8G       3.7G       139M       5.7M        22M       3.2G

MemTotal:        4016004 kB
MemFree:          126372 kB
Active:           385592 kB
Mem:          3.8G       3.7G       123M       5.7M        22M       3.2G

MemTotal:        4016004 kB
MemFree:          122860 kB
Active:           385604 kB
Mem:          3.8G       3.7G       119M       5.7M        22M       3.3G

MemTotal:        4016004 kB
MemFree:          121776 kB
Active:           385568 kB
Mem:          3.8G       3.7G       118M       5.7M        22M       3.3G

MemTotal:        4016004 kB
MemFree:          120996 kB
Active:           385596 kB
Mem:          3.8G       3.7G       117M       5.7M        22M       3.3G

MemTotal:        4016004 kB
MemFree:          120664 kB
Active:           385608 kB
Mem:          3.8G       3.7G       117M       5.7M        22M       3.3G

MemTotal:        4016004 kB
MemFree:          153220 kB
Active:           385592 kB
Mem:          3.8G       3.7G       148M       5.7M        22M       3.2G

MemTotal:        4016004 kB
MemFree:          136108 kB
Active:           384844 kB
Mem:          3.8G       3.7G       132M       5.7M        22M       3.2G

MemTotal:        4016004 kB
MemFree:          134684 kB
Active:           384816 kB
Mem:          3.8G       3.7G       131M       5.7M        22M       3.2G

MemTotal:        4016004 kB
MemFree:          110068 kB
Active:           384804 kB
Mem:          3.8G       3.7G       107M       5.7M        22M       3.3G

MemTotal:        4016004 kB
MemFree:          128112 kB
Active:           384868 kB
Mem:          3.8G       3.7G       125M       5.7M        22M       3.2G

MemTotal:        4016004 kB
MemFree:          123532 kB
Active:           384868 kB
Mem:          3.8G       3.7G       120M       5.7M        22M       3.2G

MemTotal:        4016004 kB
MemFree:          132324 kB
Active:           381320 kB
Mem:          3.8G       3.7G       129M       5.7M        22M       3.2G

MemTotal:        4016004 kB
MemFree:          106920 kB
Active:           381300 kB
Mem:          3.8G       3.7G       104M       5.7M        22M       3.3G

MemTotal:        4016004 kB
MemFree:          105544 kB
Active:           381320 kB
Mem:          3.8G       3.7G       103M       5.7M        22M       3.3G

MemTotal:        4016004 kB
MemFree:          105764 kB
Active:           381304 kB
Mem:          3.8G       3.7G       102M       5.7M        22M       3.3G

MemTotal:        4016004 kB
MemFree:          105676 kB
Active:           381328 kB
Mem:          3.8G       3.7G       102M       5.7M        22M       3.3G

MemTotal:        4016004 kB
MemFree:          107240 kB
Active:           381340 kB
Mem:          3.8G       3.7G       104M       5.7M        22M       3.3G

MemTotal:        4016004 kB
MemFree:          131088 kB
Active:           381344 kB
Mem:          3.8G       3.7G       127M       5.7M        22M       3.2G

MemTotal:        4016004 kB
MemFree:          130664 kB
Active:           377004 kB
Mem:          3.8G       3.7G       127M       5.7M        22M       3.2G

MemTotal:        4016004 kB
MemFree:          130088 kB
Active:           376840 kB
Mem:          3.8G       3.7G       126M       5.7M        22M       3.2G

MemTotal:        4016004 kB
MemFree:          121032 kB
Active:           376848 kB
Mem:          3.8G       3.7G       118M       5.7M        22M       3.2G

MemTotal:        4016004 kB
MemFree:          129588 kB
Active:           376848 kB
Mem:          3.8G       3.7G       126M       5.7M        22M       3.2G

MemTotal:        4016004 kB
MemFree:          133704 kB
Active:           376848 kB
Mem:          3.8G       3.7G       130M       5.7M        22M       3.2G

MemTotal:        4016004 kB
MemFree:          130740 kB
Active:           376800 kB
Mem:          3.8G       3.7G       127M       5.7M        22M       3.2G

MemTotal:        4016004 kB
MemFree:          109356 kB
Active:           376848 kB
Mem:          3.8G       3.7G       106M       5.7M        22M       3.3G

MemTotal:        4016004 kB
MemFree:          105900 kB
Active:           376820 kB
Mem:          3.8G       3.7G       103M       5.7M        22M       3.3G

MemTotal:        4016004 kB
MemFree:          105128 kB
Active:           376820 kB
Mem:          3.8G       3.7G       102M       5.7M        22M       3.3G

MemTotal:        4016004 kB
MemFree:          128620 kB
Active:           376856 kB
Mem:          3.8G       3.7G       125M       5.7M        22M       3.2G

MemTotal:        4016004 kB
MemFree:          117652 kB
Active:           376836 kB
Mem:          3.8G       3.7G       114M       5.7M        22M       3.3G

MemTotal:        4016004 kB
MemFree:          109356 kB
Active:           373704 kB
Mem:          3.8G       3.7G       106M       5.7M        22M       3.3G

MemTotal:        4016004 kB
MemFree:          138292 kB
Active:           372864 kB
Mem:          3.8G       3.7G       135M       5.7M        22M       3.2G

MemTotal:        4016004 kB
MemFree:          132060 kB
Active:           373544 kB
Mem:          3.8G       3.7G       128M       5.7M        22M       3.2G

MemTotal:        4016004 kB
MemFree:          130944 kB
Active:           373548 kB
Mem:          3.8G       3.7G       127M       5.7M        22M       3.2G

MemTotal:        4016004 kB
MemFree:          137052 kB
Active:           369348 kB
Mem:          3.8G       3.7G       133M       5.7M        22M       3.2G

MemTotal:        4016004 kB
MemFree:          124640 kB
Active:           369348 kB
Mem:          3.8G       3.7G       120M       5.7M        22M       3.2G

MemTotal:        4016004 kB
MemFree:          132544 kB
Active:           369220 kB
Mem:          3.8G       3.7G       129M       5.7M        22M       3.2G

MemTotal:        4016004 kB
MemFree:          132236 kB
Active:           369196 kB
Mem:          3.8G       3.7G       129M       5.7M        22M       3.2G

MemTotal:        4016004 kB
MemFree:          131340 kB
Active:           369244 kB
Mem:          3.8G       3.7G       128M       5.7M        22M       3.2G

MemTotal:        4016004 kB
MemFree:          130272 kB
Active:           369220 kB
Mem:          3.8G       3.7G       127M       5.7M        22M       3.2G

MemTotal:        4016004 kB
MemFree:          129812 kB
Active:           369224 kB
Mem:          3.8G       3.7G       126M       5.7M        22M       3.2G

MemTotal:        4016004 kB
MemFree:          129844 kB
Active:           368532 kB
Mem:          3.8G       3.7G       126M       5.7M        22M       3.2G

MemTotal:        4016004 kB
MemFree:          124088 kB
Active:           369572 kB
Mem:          3.8G       3.7G       121M       5.7M        22M       3.2G

MemTotal:        4016004 kB
MemFree:          127920 kB
Active:           358264 kB
Mem:          3.8G       3.7G       124M       5.7M        22M       3.2G

MemTotal:        4016004 kB
MemFree:          115480 kB
Active:           358140 kB
Mem:          3.8G       3.7G       112M       5.7M        22M       3.3G

MemTotal:        4016004 kB
MemFree:          131072 kB
Active:           358148 kB
Mem:          3.8G       3.7G       127M       5.7M        22M       3.2G

MemTotal:        4016004 kB
MemFree:          117132 kB
Active:           358200 kB
Mem:          3.8G       3.7G       114M       5.7M        22M       3.3G

MemTotal:        4016004 kB
MemFree:          145556 kB
Active:           358208 kB
Mem:          3.8G       3.7G       142M       5.7M        22M       3.2G

MemTotal:        4016004 kB
MemFree:          133336 kB
Active:           358220 kB
Mem:          3.8G       3.7G       130M       5.7M        22M       3.2G

MemTotal:        4016004 kB
MemFree:          132448 kB
Active:           358224 kB
Mem:          3.8G       3.7G       129M       5.7M        22M       3.2G

MemTotal:        4016004 kB
MemFree:          131452 kB
Active:           358212 kB
Mem:          3.8G       3.7G       128M       5.7M        22M       3.2G

MemTotal:        4016004 kB
MemFree:          129924 kB
Active:           356236 kB
Mem:          3.8G       3.7G       126M       5.7M        22M       3.2G

MemTotal:        4016004 kB
MemFree:          129968 kB
Active:           358208 kB
Mem:          3.8G       3.7G       126M       5.7M        22M       3.2G

MemTotal:        4016004 kB
MemFree:          120024 kB
Active:           358180 kB
Mem:          3.8G       3.7G       116M       5.7M        22M       3.3G

MemTotal:        4016004 kB
MemFree:          133472 kB
Active:           355940 kB
Mem:          3.8G       3.7G       130M       5.7M        22M       3.2G

MemTotal:        4016004 kB
MemFree:          127908 kB
Active:           355684 kB
Mem:          3.8G       3.7G       124M       5.7M        22M       3.2G

MemTotal:        4016004 kB
MemFree:          127964 kB
Active:           355692 kB
Mem:          3.8G       3.7G       124M       5.7M        22M       3.2G

MemTotal:        4016004 kB
MemFree:          105736 kB
Active:           355692 kB
Mem:          3.8G       3.7G       103M       5.7M        22M       3.3G

MemTotal:        4016004 kB
MemFree:          135324 kB
Active:           355696 kB
Mem:          3.8G       3.7G       132M       5.7M        22M       3.2G

MemTotal:        4016004 kB
MemFree:          136700 kB
Active:           355544 kB
Mem:          3.8G       3.7G       133M       5.7M        22M       3.2G

MemTotal:        4016004 kB
MemFree:          117216 kB
Active:           355556 kB
Mem:          3.8G       3.7G       113M       5.7M        22M       3.3G

MemTotal:        4016004 kB
MemFree:          104252 kB
Active:           355584 kB
Mem:          3.8G       3.7G       101M       5.7M        22M       3.3G

MemTotal:        4016004 kB
MemFree:          103540 kB
Active:           357604 kB
Mem:          3.8G       3.7G       101M       5.7M        22M       3.3G

MemTotal:        4016004 kB
MemFree:          152456 kB
Active:           356432 kB
Mem:          3.8G       3.7G       148M       5.7M        22M       3.2G

MemTotal:        4016004 kB
MemFree:          151508 kB
Active:           356252 kB
Mem:          3.8G       3.7G       147M       5.7M        22M       3.2G

MemTotal:        4016004 kB
MemFree:          126992 kB
Active:           356252 kB
Mem:          3.8G       3.7G       134M       5.7M        22M       3.2G

MemTotal:        4016004 kB
MemFree:          121616 kB
Active:           356252 kB
Mem:          3.8G       3.7G       118M       5.7M        22M       3.2G

MemTotal:        4016004 kB
MemFree:          126184 kB
Active:           356260 kB
Mem:          3.8G       3.7G       122M       5.7M        22M       3.2G

MemTotal:        4016004 kB
MemFree:          118572 kB
Active:           356260 kB
Mem:          3.8G       3.7G       116M       5.7M        22M       3.2G

MemTotal:        4016004 kB
MemFree:          137656 kB
Active:           352428 kB
Mem:          3.8G       3.7G       133M       5.7M        22M       3.2G

MemTotal:        4016004 kB
MemFree:          139956 kB
Active:           352384 kB
Mem:          3.8G       3.7G       136M       5.7M        22M       3.2G

MemTotal:        4016004 kB
MemFree:          138484 kB
Active:           352456 kB
Mem:          3.8G       3.7G       135M       5.7M        22M       3.2G

MemTotal:        4016004 kB
MemFree:          137416 kB
Active:           352460 kB
Mem:          3.8G       3.7G       134M       5.7M        22M       3.2G

MemTotal:        4016004 kB
MemFree:          136892 kB
Active:           352428 kB
Mem:          3.8G       3.7G       133M       5.7M        22M       3.2G

MemTotal:        4016004 kB
MemFree:          134840 kB
Active:           352412 kB
Mem:          3.8G       3.7G       131M       5.7M        22M       3.2G

MemTotal:        4016004 kB
MemFree:          130220 kB
Active:           352484 kB
Mem:          3.8G       3.7G       127M       5.7M        22M       3.2G

MemTotal:        4016004 kB
MemFree:          129872 kB
Active:           352488 kB
Mem:          3.8G       3.7G       126M       5.7M        22M       3.2G

MemTotal:        4016004 kB
MemFree:          129908 kB
Active:           352496 kB
Mem:          3.8G       3.7G       126M       5.7M        22M       3.2G

MemTotal:        4016004 kB
MemFree:          130156 kB
Active:           352456 kB
Mem:          3.8G       3.7G       126M       5.7M        22M       3.2G

MemTotal:        4016004 kB
MemFree:          117904 kB
Active:           352512 kB
Mem:          3.8G       3.7G       114M       5.7M        22M       3.2G

MemTotal:        4016004 kB
MemFree:          129876 kB
Active:           352516 kB
Mem:          3.8G       3.7G       126M       5.7M        22M       3.2G

MemTotal:        4016004 kB
MemFree:          128204 kB
Active:           351380 kB
Mem:          3.8G       3.7G       124M       5.7M        22M       3.2G

MemTotal:        4016004 kB
MemFree:          125344 kB
Active:           352708 kB
Mem:          3.8G       3.7G       122M       5.7M        22M       3.2G

MemTotal:        4016004 kB
MemFree:          161628 kB
Active:           306648 kB
Mem:          3.8G       3.7G       157M       5.7M        22M       3.2G

MemTotal:        4016004 kB
MemFree:          133324 kB
Active:           306608 kB
Mem:          3.8G       3.7G       129M       5.7M        22M       3.2G

MemTotal:        4016004 kB
MemFree:          128088 kB
Active:           306660 kB
Mem:          3.8G       3.7G       124M       5.7M        22M       3.2G

MemTotal:        4016004 kB
MemFree:          117244 kB
Active:           306660 kB
Mem:          3.8G       3.7G       114M       5.7M        22M       3.2G

MemTotal:        4016004 kB
MemFree:          130576 kB
Active:           306660 kB
Mem:          3.8G       3.7G       127M       5.7M        22M       3.2G

MemTotal:        4016004 kB
MemFree:          129428 kB
Active:           306660 kB
Mem:          3.8G       3.7G       126M       5.7M        22M       3.2G

MemTotal:        4016004 kB
MemFree:          127120 kB
Active:           306680 kB
Mem:          3.8G       3.7G       124M       5.7M        22M       3.2G

MemTotal:        4016004 kB
MemFree:          126536 kB
Active:           306676 kB
Mem:          3.8G       3.7G       123M       5.7M        22M       3.2G

MemTotal:        4016004 kB
MemFree:          120584 kB
Active:           306668 kB
Mem:          3.8G       3.7G       117M       5.7M        22M       3.2G

MemTotal:        4016004 kB
MemFree:          138224 kB
Active:           306684 kB
Mem:          3.8G       3.7G       134M       5.7M        22M       3.2G

MemTotal:        4016004 kB
MemFree:          106580 kB
Active:           306680 kB
Mem:          3.8G       3.7G       102M       5.7M        22M       3.3G

MemTotal:        4016004 kB
MemFree:          132080 kB
Active:           306652 kB
Mem:          3.8G       3.7G       128M       5.7M        22M       3.2G

MemTotal:        4016004 kB
MemFree:          105960 kB
Active:           306704 kB
Mem:          3.8G       3.7G       103M       5.7M        22M       3.3G

MemTotal:        4016004 kB
MemFree:          140072 kB
Active:           306536 kB
Mem:          3.8G       3.7G       137M       5.7M        22M       3.2G

MemTotal:        4016004 kB
MemFree:          136644 kB
Active:           306576 kB
Mem:          3.8G       3.7G       133M       5.7M        22M       3.2G

MemTotal:        4016004 kB
MemFree:          127016 kB
Active:           306132 kB
Mem:          3.8G       3.7G       124M       5.7M        22M       3.2G

MemTotal:        4016004 kB
MemFree:          125860 kB
Active:           306004 kB
Mem:          3.8G       3.7G       122M       5.7M        22M       3.2G

MemTotal:        4016004 kB
MemFree:          125548 kB
Active:           306032 kB
Mem:          3.8G       3.7G       122M       5.7M        22M       3.2G

MemTotal:        4016004 kB
MemFree:          121308 kB
Active:           307752 kB
Mem:          3.8G       3.7G       118M       5.7M        22M       3.2G

MemTotal:        4016004 kB
MemFree:          119896 kB
Active:           307672 kB
Mem:          3.8G       3.7G       117M       5.7M        22M       3.2G

MemTotal:        4016004 kB
MemFree:          123488 kB
Active:           307364 kB
Mem:          3.8G       3.7G       120M       5.7M        22M       3.2G

MemTotal:        4016004 kB
MemFree:          127580 kB
Active:           307044 kB
Mem:          3.8G       3.7G       124M       5.7M        22M       3.2G

MemTotal:        4016004 kB
MemFree:          127496 kB
Active:           306860 kB
Mem:          3.8G       3.7G       124M       5.7M        22M       3.2G

MemTotal:        4016004 kB
MemFree:          127620 kB
Active:           306856 kB
Mem:          3.8G       3.7G       124M       5.7M        22M       3.2G

MemTotal:        4016004 kB
MemFree:          127620 kB
Active:           306840 kB
Mem:          3.8G       3.7G       124M       5.7M        22M       3.2G

MemTotal:        4016004 kB
MemFree:          127620 kB
Active:           306852 kB
Mem:          3.8G       3.7G       124M       5.7M        22M       3.2G

MemTotal:        4016004 kB
MemFree:          127620 kB
Active:           306844 kB
Mem:          3.8G       3.7G       124M       5.7M        22M       3.2G

MemTotal:        4016004 kB
MemFree:          127744 kB
Active:           306828 kB
Mem:          3.8G       3.7G       124M       5.7M        22M       3.2G

MemTotal:        4016004 kB
MemFree:          127496 kB
Active:           306820 kB
Mem:          3.8G       3.7G       124M       5.7M        22M       3.2G

MemTotal:        4016004 kB
MemFree:          127744 kB
Active:           306864 kB
Mem:          3.8G       3.7G       125M       5.7M        22M       3.2G

MemTotal:        4016004 kB
MemFree:          128364 kB
Active:           306856 kB
Mem:          3.8G       3.7G       125M       5.7M        22M       3.2G

MemTotal:        4016004 kB
MemFree:          128116 kB
Active:           306848 kB
Mem:          3.8G       3.7G       125M       5.7M        22M       3.2G

MemTotal:        4016004 kB
MemFree:          127620 kB
Active:           306868 kB
Mem:          3.8G       3.7G       124M       5.7M        22M       3.2G

MemTotal:        4016004 kB
MemFree:          127620 kB
Active:           306836 kB
Mem:          3.8G       3.7G       124M       5.7M        22M       3.2G

MemTotal:        4016004 kB
MemFree:          127620 kB
Active:           306864 kB
Mem:          3.8G       3.7G       124M       5.7M        22M       3.2G

MemTotal:        4016004 kB
MemFree:          127372 kB
Active:           306836 kB
Mem:          3.8G       3.7G       124M       5.7M        22M       3.2G

MemTotal:        4016004 kB
MemFree:          126752 kB
Active:           306872 kB
Mem:          3.8G       3.7G       124M       5.7M        22M       3.2G

MemTotal:        4016004 kB
MemFree:          127248 kB
Active:           306820 kB
Mem:          3.8G       3.7G       124M       5.7M        22M       3.2G

MemTotal:        4016004 kB
MemFree:          127744 kB
Active:           306848 kB
Mem:          3.8G       3.7G       124M       5.7M        22M       3.2G

MemTotal:        4016004 kB
MemFree:          127868 kB
Active:           306860 kB
Mem:          3.8G       3.7G       124M       5.7M        22M       3.2G

MemTotal:        4016004 kB
MemFree:          128116 kB
Active:           306868 kB
Mem:          3.8G       3.7G       125M       5.7M        22M       3.2G

MemTotal:        4016004 kB
MemFree:          127992 kB
Active:           306880 kB
Mem:          3.8G       3.7G       125M       5.7M        22M       3.2G

MemTotal:        4016004 kB
MemFree:          128116 kB
Active:           306872 kB
Mem:          3.8G       3.7G       125M       5.7M        22M       3.2G

MemTotal:        4016004 kB
MemFree:          128240 kB
Active:           306848 kB
Mem:          3.8G       3.7G       125M       5.7M        22M       3.2G

MemTotal:        4016004 kB
MemFree:          128612 kB
Active:           306880 kB
Mem:          3.8G       3.7G       125M       5.7M        22M       3.2G

MemTotal:        4016004 kB
MemFree:          128240 kB
Active:           306904 kB
Mem:          3.8G       3.7G       125M       5.7M        22M       3.2G

MemTotal:        4016004 kB
MemFree:          127992 kB
Active:           306904 kB
Mem:          3.8G       3.7G       125M       5.7M        22M       3.2G

MemTotal:        4016004 kB
MemFree:          127992 kB
Active:           306848 kB
Mem:          3.8G       3.7G       124M       5.7M        22M       3.2G

MemTotal:        4016004 kB
MemFree:          127496 kB
Active:           306892 kB
Mem:          3.8G       3.7G       124M       5.7M        22M       3.2G

MemTotal:        4016004 kB
MemFree:          127496 kB
Active:           306868 kB
Mem:          3.8G       3.7G       124M       5.7M        22M       3.2G

MemTotal:        4016004 kB
MemFree:          127124 kB
Active:           306912 kB
Mem:          3.8G       3.7G       124M       5.7M        22M       3.2G

MemTotal:        4016004 kB
MemFree:          127744 kB
Active:           306868 kB
Mem:          3.8G       3.7G       124M       5.7M        22M       3.2G

MemTotal:        4016004 kB
MemFree:          127488 kB
Active:           306912 kB
Mem:          3.8G       3.7G       124M       5.7M        22M       3.2G

MemTotal:        4016004 kB
MemFree:          127580 kB
Active:           306900 kB
Mem:          3.8G       3.7G       124M       5.7M        22M       3.2G

MemTotal:        4016004 kB
MemFree:          128300 kB
Active:           306888 kB
Mem:          3.8G       3.7G       125M       5.7M        22M       3.2G

MemTotal:        4016004 kB
MemFree:          128396 kB
Active:           306904 kB
Mem:          3.8G       3.7G       125M       5.7M        22M       3.2G

MemTotal:        4016004 kB
MemFree:          128024 kB
Active:           306868 kB
Mem:          3.8G       3.7G       125M       5.7M        22M       3.2G

MemTotal:        4016004 kB
MemFree:          128024 kB
Active:           306920 kB
Mem:          3.8G       3.7G       125M       5.7M        22M       3.2G

MemTotal:        4016004 kB
MemFree:          128024 kB
Active:           306904 kB
Mem:          3.8G       3.7G       125M       5.7M        22M       3.2G

MemTotal:        4016004 kB
MemFree:          128148 kB
Active:           306884 kB
Mem:          3.8G       3.7G       125M       5.7M        22M       3.2G

MemTotal:        4016004 kB
MemFree:          127776 kB
Active:           306944 kB
Mem:          3.8G       3.7G       124M       5.7M        22M       3.2G

MemTotal:        4016004 kB
MemFree:          127776 kB
Active:           306912 kB
Mem:          3.8G       3.7G       124M       5.7M        22M       3.2G

MemTotal:        4016004 kB
MemFree:          127652 kB
Active:           306928 kB
Mem:          3.8G       3.7G       124M       5.7M        22M       3.2G

MemTotal:        4016004 kB
MemFree:          128024 kB
Active:           306924 kB
Mem:          3.8G       3.7G       124M       5.7M        22M       3.2G

MemTotal:        4016004 kB
MemFree:          128024 kB
Active:           306904 kB
Mem:          3.8G       3.7G       124M       5.7M        22M       3.2G

MemTotal:        4016004 kB
MemFree:          128024 kB
Active:           306936 kB
Mem:          3.8G       3.7G       124M       5.7M        22M       3.2G

MemTotal:        4016004 kB
MemFree:          127528 kB
Active:           306952 kB
Mem:          3.8G       3.7G       124M       5.7M        22M       3.2G

MemTotal:        4016004 kB
MemFree:          127280 kB
Active:           306952 kB
Mem:          3.8G       3.7G       124M       5.7M        22M       3.2G

MemTotal:        4016004 kB
MemFree:          126100 kB
Active:           306928 kB
Mem:          3.8G       3.7G       123M       5.7M        22M       3.2G

MemTotal:        4016004 kB
MemFree:          125852 kB
Active:           308980 kB
Mem:          3.8G       3.7G       123M       5.7M        22M       3.2G

MemTotal:        4016004 kB
MemFree:          125604 kB
Active:           308980 kB
Mem:          3.8G       3.7G       122M       5.7M        22M       3.2G

MemTotal:        4016004 kB
MemFree:          125976 kB
Active:           308972 kB
Mem:          3.8G       3.7G       123M       5.7M        22M       3.2G

MemTotal:        4016004 kB
MemFree:          125976 kB
Active:           308956 kB
Mem:          3.8G       3.7G       123M       5.7M        22M       3.2G

MemTotal:        4016004 kB
MemFree:          125604 kB
Active:           308988 kB
Mem:          3.8G       3.7G       122M       5.7M        22M       3.2G

MemTotal:        4016004 kB
MemFree:          125852 kB
Active:           308932 kB
Mem:          3.8G       3.7G       122M       5.7M        22M       3.2G

MemTotal:        4016004 kB
MemFree:          125976 kB
Active:           308936 kB
Mem:          3.8G       3.7G       122M       5.7M        22M       3.2G

MemTotal:        4016004 kB
MemFree:          125728 kB
Active:           308960 kB
Mem:          3.8G       3.7G       122M       5.7M        22M       3.2G

MemTotal:        4016004 kB
MemFree:          124984 kB
Active:           308996 kB
Mem:          3.8G       3.7G       122M       5.7M        22M       3.2G

MemTotal:        4016004 kB
MemFree:          125480 kB
Active:           308956 kB
Mem:          3.8G       3.7G       122M       5.7M        22M       3.2G

MemTotal:        4016004 kB
MemFree:          125356 kB
Active:           308996 kB
Mem:          3.8G       3.7G       122M       5.7M        22M       3.2G

MemTotal:        4016004 kB
MemFree:          125480 kB
Active:           308952 kB
Mem:          3.8G       3.7G       122M       5.7M        22M       3.2G

MemTotal:        4016004 kB
MemFree:          125356 kB
Active:           308968 kB
Mem:          3.8G       3.7G       122M       5.7M        22M       3.2G

MemTotal:        4016004 kB
MemFree:          125232 kB
Active:           309004 kB
Mem:          3.8G       3.7G       122M       5.7M        22M       3.2G

MemTotal:        4016004 kB
MemFree:          125232 kB
Active:           308964 kB
Mem:          3.8G       3.7G       122M       5.7M        22M       3.2G

MemTotal:        4016004 kB
MemFree:          125728 kB
Active:           309000 kB
Mem:          3.8G       3.7G       122M       5.7M        22M       3.2G

MemTotal:        4016004 kB
MemFree:          125728 kB
Active:           308948 kB
Mem:          3.8G       3.7G       122M       5.7M        22M       3.2G

MemTotal:        4016004 kB
MemFree:          125976 kB
Active:           308964 kB
Mem:          3.8G       3.7G       122M       5.7M        22M       3.2G

MemTotal:        4016004 kB
MemFree:          125728 kB
Active:           308968 kB
Mem:          3.8G       3.7G       123M       5.7M        22M       3.2G

MemTotal:        4016004 kB
MemFree:          125852 kB
Active:           308976 kB
Mem:          3.8G       3.7G       122M       5.7M        22M       3.2G

MemTotal:        4016004 kB
MemFree:          125976 kB
Active:           308952 kB
Mem:          3.8G       3.7G       123M       5.7M        22M       3.2G

MemTotal:        4016004 kB
MemFree:          125604 kB
Active:           309012 kB
Mem:          3.8G       3.7G       122M       5.7M        22M       3.2G

MemTotal:        4016004 kB
MemFree:          125604 kB
Active:           309012 kB
Mem:          3.8G       3.7G       122M       5.7M        22M       3.2G

MemTotal:        4016004 kB
MemFree:          125976 kB
Active:           308976 kB
Mem:          3.8G       3.7G       122M       5.7M        22M       3.2G

MemTotal:        4016004 kB
MemFree:          125480 kB
Active:           309016 kB
Mem:          3.8G       3.7G       122M       5.7M        22M       3.2G

MemTotal:        4016004 kB
MemFree:          125604 kB
Active:           309016 kB
Mem:          3.8G       3.7G       122M       5.7M        22M       3.2G

MemTotal:        4016004 kB
MemFree:          126100 kB
Active:           308984 kB
Mem:          3.8G       3.7G       123M       5.7M        22M       3.2G

MemTotal:        4016004 kB
MemFree:          126100 kB
Active:           308996 kB
Mem:          3.8G       3.7G       123M       5.7M        22M       3.2G

MemTotal:        4016004 kB
MemFree:          126100 kB
Active:           308980 kB
Mem:          3.8G       3.7G       123M       5.7M        22M       3.2G

MemTotal:        4016004 kB
MemFree:          125976 kB
Active:           309004 kB
Mem:          3.8G       3.7G       123M       5.7M        22M       3.2G

MemTotal:        4016004 kB
MemFree:          126224 kB
Active:           309016 kB
Mem:          3.8G       3.7G       123M       5.7M        22M       3.2G

MemTotal:        4016004 kB
MemFree:          125728 kB
Active:           308968 kB
Mem:          3.8G       3.7G       122M       5.7M        22M       3.2G

MemTotal:        4016004 kB
MemFree:          125728 kB
Active:           309012 kB
Mem:          3.8G       3.7G       122M       5.7M        22M       3.2G

MemTotal:        4016004 kB
MemFree:          125976 kB
Active:           308976 kB
Mem:          3.8G       3.7G       122M       5.7M        22M       3.2G

MemTotal:        4016004 kB
MemFree:          125976 kB
Active:           308968 kB
Mem:          3.8G       3.7G       123M       5.7M        22M       3.2G

MemTotal:        4016004 kB
MemFree:          125728 kB
Active:           309012 kB
Mem:          3.8G       3.7G       122M       5.7M        22M       3.2G

MemTotal:        4016004 kB
MemFree:          125728 kB
Active:           308980 kB
Mem:          3.8G       3.7G       122M       5.7M        22M       3.2G

MemTotal:        4016004 kB
MemFree:          125728 kB
Active:           308980 kB
Mem:          3.8G       3.7G       122M       5.7M        22M       3.2G

MemTotal:        4016004 kB
MemFree:          125232 kB
Active:           309028 kB
Mem:          3.8G       3.7G       122M       5.7M        22M       3.2G

MemTotal:        4016004 kB
MemFree:          125728 kB
Active:           309024 kB
Mem:          3.8G       3.7G       122M       5.7M        22M       3.2G

MemTotal:        4016004 kB
MemFree:          125728 kB
Active:           309008 kB
Mem:          3.8G       3.7G       122M       5.7M        22M       3.2G

MemTotal:        4016004 kB
MemFree:          125480 kB
Active:           309020 kB
Mem:          3.8G       3.7G       122M       5.7M        22M       3.2G

MemTotal:        4016004 kB
MemFree:          125480 kB
Active:           309036 kB
Mem:          3.8G       3.7G       122M       5.7M        22M       3.2G

MemTotal:        4016004 kB
MemFree:          125852 kB
Active:           309024 kB
Mem:          3.8G       3.7G       122M       5.7M        22M       3.2G

MemTotal:        4016004 kB
MemFree:          125728 kB
Active:           309012 kB
Mem:          3.8G       3.7G       122M       5.7M        22M       3.2G

MemTotal:        4016004 kB
MemFree:          125356 kB
Active:           309044 kB
Mem:          3.8G       3.7G       122M       5.7M        22M       3.2G

MemTotal:        4016004 kB
MemFree:          125480 kB
Active:           308988 kB
Mem:          3.8G       3.7G       122M       5.7M        22M       3.2G

MemTotal:        4016004 kB
MemFree:          125480 kB
Active:           308996 kB
Mem:          3.8G       3.7G       122M       5.7M        22M       3.2G

MemTotal:        4016004 kB
MemFree:          125852 kB
Active:           309024 kB
Mem:          3.8G       3.7G       122M       5.7M        22M       3.2G

MemTotal:        4016004 kB
MemFree:          125728 kB
Active:           308992 kB
Mem:          3.8G       3.7G       122M       5.7M        22M       3.2G

MemTotal:        4016004 kB
MemFree:          125356 kB
Active:           309048 kB
Mem:          3.8G       3.7G       122M       5.7M        22M       3.2G

MemTotal:        4016004 kB
MemFree:          124860 kB
Active:           309052 kB
Mem:          3.8G       3.7G       122M       5.7M        22M       3.2G

MemTotal:        4016004 kB
MemFree:          125604 kB
Active:           309032 kB
Mem:          3.8G       3.7G       122M       5.7M        22M       3.2G

MemTotal:        4016004 kB
MemFree:          125108 kB
Active:           309064 kB
Mem:          3.8G       3.7G       122M       5.7M        22M       3.2G

MemTotal:        4016004 kB
MemFree:          125480 kB
Active:           309012 kB
Mem:          3.8G       3.7G       122M       5.7M        22M       3.2G

MemTotal:        4016004 kB
MemFree:          125480 kB
Active:           309052 kB
Mem:          3.8G       3.7G       122M       5.7M        22M       3.2G

MemTotal:        4016004 kB
MemFree:          125852 kB
Active:           309028 kB
Mem:          3.8G       3.7G       122M       5.7M        22M       3.2G

MemTotal:        4016004 kB
MemFree:          125852 kB
Active:           309016 kB
Mem:          3.8G       3.7G       122M       5.7M        22M       3.2G

MemTotal:        4016004 kB
MemFree:          125852 kB
Active:           309044 kB
Mem:          3.8G       3.7G       122M       5.7M        22M       3.2G

MemTotal:        4016004 kB
MemFree:          125604 kB
Active:           309060 kB
Mem:          3.8G       3.7G       122M       5.7M        22M       3.2G

MemTotal:        4016004 kB
MemFree:          124860 kB
Active:           309072 kB
Mem:          3.8G       3.7G       122M       5.7M        22M       3.2G

MemTotal:        4016004 kB
MemFree:          125232 kB
Active:           309056 kB
Mem:          3.8G       3.7G       122M       5.7M        22M       3.2G

MemTotal:        4016004 kB
MemFree:          124860 kB
Active:           309084 kB
Mem:          3.8G       3.7G       121M       5.7M        22M       3.2G

MemTotal:        4016004 kB
MemFree:          125232 kB
Active:           309076 kB
Mem:          3.8G       3.7G       122M       5.7M        22M       3.2G

MemTotal:        4016004 kB
MemFree:          125232 kB
Active:           309040 kB
Mem:          3.8G       3.7G       122M       5.7M        22M       3.2G

MemTotal:        4016004 kB
MemFree:          125852 kB
Active:           309048 kB
Mem:          3.8G       3.7G       122M       5.7M        22M       3.2G

MemTotal:        4016004 kB
MemFree:          125480 kB
Active:           309088 kB
Mem:          3.8G       3.7G       122M       5.7M        22M       3.2G

MemTotal:        4016004 kB
MemFree:          125480 kB
Active:           309068 kB
Mem:          3.8G       3.7G       122M       5.7M        22M       3.2G

MemTotal:        4016004 kB
MemFree:          125480 kB
Active:           309040 kB
Mem:          3.8G       3.7G       122M       5.7M        22M       3.2G

MemTotal:        4016004 kB
MemFree:          124984 kB
Active:           309096 kB
Mem:          3.8G       3.7G       122M       5.7M        22M       3.2G

MemTotal:        4016004 kB
MemFree:          125356 kB
Active:           309060 kB
Mem:          3.8G       3.7G       122M       5.7M        22M       3.2G

MemTotal:        4016004 kB
MemFree:          125356 kB
Active:           309084 kB
Mem:          3.8G       3.7G       122M       5.7M        22M       3.2G

MemTotal:        4016004 kB
MemFree:          125604 kB
Active:           309048 kB
Mem:          3.8G       3.7G       122M       5.7M        22M       3.2G

MemTotal:        4016004 kB
MemFree:          125356 kB
Active:           309100 kB
Mem:          3.8G       3.7G       122M       5.7M        22M       3.2G

MemTotal:        4016004 kB
MemFree:          125728 kB
Active:           309096 kB
Mem:          3.8G       3.7G       122M       5.7M        22M       3.2G

MemTotal:        4016004 kB
MemFree:          125976 kB
Active:           309072 kB
Mem:          3.8G       3.7G       122M       5.7M        22M       3.2G

MemTotal:        4016004 kB
MemFree:          125852 kB
Active:           309060 kB
Mem:          3.8G       3.7G       122M       5.7M        22M       3.2G

MemTotal:        4016004 kB
MemFree:          125480 kB
Active:           309068 kB
Mem:          3.8G       3.7G       122M       5.7M        22M       3.2G

MemTotal:        4016004 kB
MemFree:          125108 kB
Active:           309104 kB
Mem:          3.8G       3.7G       122M       5.7M        22M       3.2G

MemTotal:        4016004 kB
MemFree:          125604 kB
Active:           309076 kB
Mem:          3.8G       3.7G       122M       5.7M        22M       3.2G

MemTotal:        4016004 kB
MemFree:          125852 kB
Active:           309080 kB
Mem:          3.8G       3.7G       122M       5.7M        22M       3.2G

MemTotal:        4016004 kB
MemFree:          125480 kB
Active:           309060 kB
Mem:          3.8G       3.7G       122M       5.7M        22M       3.2G

MemTotal:        4016004 kB
MemFree:          125480 kB
Active:           309064 kB
Mem:          3.8G       3.7G       122M       5.7M        22M       3.2G

MemTotal:        4016004 kB
MemFree:          125356 kB
Active:           309064 kB
Mem:          3.8G       3.7G       122M       5.7M        22M       3.2G

MemTotal:        4016004 kB
MemFree:          125728 kB
Active:           309108 kB
Mem:          3.8G       3.7G       122M       5.7M        22M       3.2G

MemTotal:        4016004 kB
MemFree:          125728 kB
Active:           309084 kB
Mem:          3.8G       3.7G       122M       5.7M        22M       3.2G

MemTotal:        4016004 kB
MemFree:          125976 kB
Active:           309068 kB
Mem:          3.8G       3.7G       122M       5.7M        22M       3.2G

MemTotal:        4016004 kB
MemFree:          125604 kB
Active:           309116 kB
Mem:          3.8G       3.7G       122M       5.7M        22M       3.2G

MemTotal:        4016004 kB
MemFree:          125852 kB
Active:           309100 kB
Mem:          3.8G       3.7G       122M       5.7M        22M       3.2G

MemTotal:        4016004 kB
MemFree:          125728 kB
Active:           309104 kB
Mem:          3.8G       3.7G       122M       5.7M        22M       3.2G

MemTotal:        4016004 kB
MemFree:          125604 kB
Active:           309124 kB
Mem:          3.8G       3.7G       122M       5.7M        22M       3.2G

MemTotal:        4016004 kB
MemFree:          125604 kB
Active:           309104 kB
Mem:          3.8G       3.7G       122M       5.7M        22M       3.2G

MemTotal:        4016004 kB
MemFree:          125728 kB
Active:           309096 kB
Mem:          3.8G       3.7G       122M       5.7M        22M       3.2G

MemTotal:        4016004 kB
MemFree:          125728 kB
Active:           309120 kB
Mem:          3.8G       3.7G       122M       5.7M        22M       3.2G

MemTotal:        4016004 kB
MemFree:          125356 kB
Active:           309132 kB
Mem:          3.8G       3.7G       122M       5.7M        22M       3.2G

MemTotal:        4016004 kB
MemFree:          125852 kB
Active:           309120 kB
Mem:          3.8G       3.7G       122M       5.7M        22M       3.2G

MemTotal:        4016004 kB
MemFree:          125852 kB
Active:           309100 kB
Mem:          3.8G       3.7G       122M       5.7M        22M       3.2G

MemTotal:        4016004 kB
MemFree:          125852 kB
Active:           309128 kB
Mem:          3.8G       3.7G       122M       5.7M        22M       3.2G

MemTotal:        4016004 kB
MemFree:          125852 kB
Active:           309116 kB
Mem:          3.8G       3.7G       122M       5.7M        22M       3.2G

MemTotal:        4016004 kB
MemFree:          123804 kB
Active:           309096 kB
Mem:          3.8G       3.7G       120M       5.7M        22M       3.2G

MemTotal:        4016004 kB
MemFree:          123804 kB
Active:           311164 kB
Mem:          3.8G       3.7G       120M       5.7M        22M       3.2G

MemTotal:        4016004 kB
MemFree:          123804 kB
Active:           311168 kB
Mem:          3.8G       3.7G       120M       5.7M        22M       3.2G

MemTotal:        4016004 kB
MemFree:          123804 kB
Active:           311156 kB
Mem:          3.8G       3.7G       120M       5.7M        22M       3.2G

MemTotal:        4016004 kB
MemFree:          123804 kB
Active:           311152 kB
Mem:          3.8G       3.7G       120M       5.7M        22M       3.2G

MemTotal:        4016004 kB
MemFree:          123928 kB
Active:           311140 kB
Mem:          3.8G       3.7G       121M       5.7M        22M       3.2G

MemTotal:        4016004 kB
MemFree:          124176 kB
Active:           311196 kB
Mem:          3.8G       3.7G       121M       5.7M        22M       3.2G

MemTotal:        4016004 kB
MemFree:          123928 kB
Active:           311196 kB
Mem:          3.8G       3.7G       120M       5.7M        22M       3.2G

MemTotal:        4016004 kB
MemFree:          123680 kB
Active:           311176 kB
Mem:          3.8G       3.7G       121M       5.7M        22M       3.2G

MemTotal:        4016004 kB
MemFree:          124052 kB
Active:           311152 kB
Mem:          3.8G       3.7G       121M       5.7M        22M       3.2G

MemTotal:        4016004 kB
MemFree:          123432 kB
Active:           311212 kB
Mem:          3.8G       3.7G       120M       5.7M        22M       3.2G

MemTotal:        4016004 kB
MemFree:          123432 kB
Active:           311176 kB
Mem:          3.8G       3.7G       120M       5.7M        22M       3.2G

MemTotal:        4016004 kB
MemFree:          123432 kB
Active:           311212 kB
Mem:          3.8G       3.7G       120M       5.7M        22M       3.2G

MemTotal:        4016004 kB
MemFree:          123308 kB
Active:           311172 kB
Mem:          3.8G       3.7G       120M       5.7M        22M       3.2G

MemTotal:        4016004 kB
MemFree:          122936 kB
Active:           311220 kB
Mem:          3.8G       3.7G       120M       5.7M        22M       3.2G

MemTotal:        4016004 kB
MemFree:          123432 kB
Active:           311192 kB
Mem:          3.8G       3.7G       120M       5.7M        22M       3.2G

MemTotal:        4016004 kB
MemFree:          123680 kB
Active:           311176 kB
Mem:          3.8G       3.7G       120M       5.7M        22M       3.2G

MemTotal:        4016004 kB
MemFree:          123556 kB
Active:           311236 kB
Mem:          3.8G       3.7G       120M       5.7M        22M       3.2G

MemTotal:        4016004 kB
MemFree:          123804 kB
Active:           311184 kB
Mem:          3.8G       3.7G       120M       5.7M        22M       3.2G

MemTotal:        4016004 kB
MemFree:          123804 kB
Active:           311192 kB
Mem:          3.8G       3.7G       121M       5.7M        22M       3.2G

MemTotal:        4016004 kB
MemFree:          124052 kB
Active:           311196 kB
Mem:          3.8G       3.7G       121M       5.7M        22M       3.2G

MemTotal:        4016004 kB
MemFree:          124052 kB
Active:           311228 kB
Mem:          3.8G       3.7G       121M       5.7M        22M       3.2G

MemTotal:        4016004 kB
MemFree:          124052 kB
Active:           311184 kB
Mem:          3.8G       3.7G       120M       5.7M        22M       3.2G

MemTotal:        4016004 kB
MemFree:          123804 kB
Active:           311212 kB
Mem:          3.8G       3.7G       120M       5.7M        22M       3.2G

MemTotal:        4016004 kB
MemFree:          123556 kB
Active:           311228 kB
Mem:          3.8G       3.7G       120M       5.7M        22M       3.2G

MemTotal:        4016004 kB
MemFree:          123928 kB
Active:           311204 kB
Mem:          3.8G       3.7G       121M       5.7M        22M       3.2G

MemTotal:        4016004 kB
MemFree:          123680 kB
Active:           311256 kB
Mem:          3.8G       3.7G       120M       5.7M        22M       3.2G

MemTotal:        4016004 kB
MemFree:          123680 kB
Active:           311212 kB
Mem:          3.8G       3.7G       120M       5.7M        22M       3.2G

MemTotal:        4016004 kB
MemFree:          123184 kB
Active:           311256 kB
Mem:          3.8G       3.7G       120M       5.7M        22M       3.2G

MemTotal:        4016004 kB
MemFree:          123556 kB
Active:           311252 kB
Mem:          3.8G       3.7G       120M       5.7M        22M       3.2G

MemTotal:        4016004 kB
MemFree:          123556 kB
Active:           311228 kB
Mem:          3.8G       3.7G       120M       5.7M        22M       3.2G

MemTotal:        4016004 kB
MemFree:          123432 kB
Active:           311236 kB
Mem:          3.8G       3.7G       120M       5.7M        22M       3.2G

MemTotal:        4016004 kB
MemFree:          123308 kB
Active:           311216 kB
Mem:          3.8G       3.7G       120M       5.7M        22M       3.2G

MemTotal:        4016004 kB
MemFree:          123804 kB
Active:           311220 kB
Mem:          3.8G       3.7G       120M       5.7M        23M       3.2G

MemTotal:        4016004 kB
MemFree:          123308 kB
Active:           311304 kB
Mem:          3.8G       3.7G       120M       5.7M        23M       3.2G

MemTotal:        4016004 kB
MemFree:          123184 kB
Active:           311304 kB
Mem:          3.8G       3.7G       120M       5.7M        23M       3.2G

MemTotal:        4016004 kB
MemFree:          123680 kB
Active:           311276 kB
Mem:          3.8G       3.7G       120M       5.7M        23M       3.2G

MemTotal:        4016004 kB
MemFree:          123184 kB
Active:           311452 kB
Mem:          3.8G       3.7G       120M       5.7M        23M       3.2G

MemTotal:        4016004 kB
MemFree:          122796 kB
Active:           311320 kB
Mem:          3.8G       3.7G       119M       5.7M        23M       3.2G

MemTotal:        4016004 kB
MemFree:          123044 kB
Active:           311272 kB
Mem:          3.8G       3.7G       120M       5.7M        23M       3.2G

