MemTotal:        4016004 kB
MemFree:         3210680 kB
Active:           449308 kB
Mem:          3.8G       786M       3.1G       5.8M        55M       322M

MemTotal:        4016004 kB
MemFree:         3213232 kB
Active:           447288 kB
Mem:          3.8G       784M       3.1G       5.8M        55M       322M

MemTotal:        4016004 kB
MemFree:         3213480 kB
Active:           447352 kB
Mem:          3.8G       783M       3.1G       5.8M        55M       322M

MemTotal:        4016004 kB
MemFree:         3213464 kB
Active:           447348 kB
Mem:          3.8G       784M       3.1G       5.8M        55M       322M

MemTotal:        4016004 kB
MemFree:         3213448 kB
Active:           447360 kB
Mem:          3.8G       783M       3.1G       5.8M        55M       322M

MemTotal:        4016004 kB
MemFree:         3211104 kB
Active:           447340 kB
Mem:          3.8G       786M       3.1G       5.8M        55M       322M

MemTotal:        4016004 kB
MemFree:         3211212 kB
Active:           449340 kB
Mem:          3.8G       785M       3.1G       5.8M        55M       322M

MemTotal:        4016004 kB
MemFree:         3211104 kB
Active:           449384 kB
Mem:          3.8G       786M       3.1G       5.8M        55M       322M

MemTotal:        4016004 kB
MemFree:         3211228 kB
Active:           449356 kB
Mem:          3.8G       786M       3.1G       5.8M        55M       322M

MemTotal:        4016004 kB
MemFree:         3211228 kB
Active:           449392 kB
Mem:          3.8G       786M       3.1G       5.8M        55M       322M

MemTotal:        4016004 kB
MemFree:         3210980 kB
Active:           449392 kB
Mem:          3.8G       786M       3.1G       5.8M        55M       322M

MemTotal:        4016004 kB
MemFree:         3211352 kB
Active:           449376 kB
Mem:          3.8G       785M       3.1G       5.8M        55M       322M

MemTotal:        4016004 kB
MemFree:         3211352 kB
Active:           449356 kB
Mem:          3.8G       785M       3.1G       5.8M        55M       322M

MemTotal:        4016004 kB
MemFree:         3211352 kB
Active:           449340 kB
Mem:          3.8G       785M       3.1G       5.8M        55M       322M

MemTotal:        4016004 kB
MemFree:         3211360 kB
Active:           449380 kB
Mem:          3.8G       785M       3.1G       5.8M        55M       322M

MemTotal:        4016004 kB
MemFree:         3210988 kB
Active:           449400 kB
Mem:          3.8G       786M       3.1G       5.8M        55M       322M

MemTotal:        4016004 kB
MemFree:         3211640 kB
Active:           449400 kB
Mem:          3.8G       785M       3.1G       5.8M        55M       322M

MemTotal:        4016004 kB
MemFree:         3211408 kB
Active:           449392 kB
Mem:          3.8G       785M       3.1G       5.8M        55M       322M

MemTotal:        4016004 kB
MemFree:         3211408 kB
Active:           449396 kB
Mem:          3.8G       785M       3.1G       5.8M        55M       322M

MemTotal:        4016004 kB
MemFree:         3211532 kB
Active:           449380 kB
Mem:          3.8G       785M       3.1G       5.8M        55M       322M

MemTotal:        4016004 kB
MemFree:         3211532 kB
Active:           449372 kB
Mem:          3.8G       785M       3.1G       5.8M        55M       322M

MemTotal:        4016004 kB
MemFree:         3211532 kB
Active:           449368 kB
Mem:          3.8G       785M       3.1G       5.8M        55M       322M

MemTotal:        4016004 kB
MemFree:         3211532 kB
Active:           449372 kB
Mem:          3.8G       785M       3.1G       5.8M        55M       322M

MemTotal:        4016004 kB
MemFree:         3211656 kB
Active:           449404 kB
Mem:          3.8G       785M       3.1G       5.8M        55M       322M

MemTotal:        4016004 kB
MemFree:         3211656 kB
Active:           449384 kB
Mem:          3.8G       785M       3.1G       5.8M        55M       322M

MemTotal:        4016004 kB
MemFree:         3211532 kB
Active:           449376 kB
Mem:          3.8G       785M       3.1G       5.8M        55M       322M

MemTotal:        4016004 kB
MemFree:         3211656 kB
Active:           449400 kB
Mem:          3.8G       785M       3.1G       5.8M        55M       322M

MemTotal:        4016004 kB
MemFree:         3211532 kB
Active:           449400 kB
Mem:          3.8G       785M       3.1G       5.8M        55M       322M

MemTotal:        4016004 kB
MemFree:         3211532 kB
Active:           449376 kB
Mem:          3.8G       785M       3.1G       5.8M        55M       322M

MemTotal:        4016004 kB
MemFree:         3211532 kB
Active:           449416 kB
Mem:          3.8G       785M       3.1G       5.8M        55M       322M

MemTotal:        4016004 kB
MemFree:         3211532 kB
Active:           449396 kB
Mem:          3.8G       785M       3.1G       5.8M        55M       322M

MemTotal:        4016004 kB
MemFree:         3211532 kB
Active:           449384 kB
Mem:          3.8G       785M       3.1G       5.8M        55M       322M

MemTotal:        4016004 kB
MemFree:         3211160 kB
Active:           449428 kB
Mem:          3.8G       785M       3.1G       5.8M        55M       322M

MemTotal:        4016004 kB
MemFree:         3211532 kB
Active:           449412 kB
Mem:          3.8G       785M       3.1G       5.8M        55M       322M

MemTotal:        4016004 kB
MemFree:         3211656 kB
Active:           449404 kB
Mem:          3.8G       785M       3.1G       5.8M        55M       322M

MemTotal:        4016004 kB
MemFree:         3211408 kB
Active:           449392 kB
Mem:          3.8G       785M       3.1G       5.8M        55M       322M

MemTotal:        4016004 kB
MemFree:         3211532 kB
Active:           449428 kB
Mem:          3.8G       785M       3.1G       5.8M        55M       322M

MemTotal:        4016004 kB
MemFree:         3211532 kB
Active:           449420 kB
Mem:          3.8G       785M       3.1G       5.8M        55M       322M

MemTotal:        4016004 kB
MemFree:         3211160 kB
Active:           449440 kB
Mem:          3.8G       785M       3.1G       5.8M        55M       322M

MemTotal:        4016004 kB
MemFree:         3210912 kB
Active:           449440 kB
Mem:          3.8G       785M       3.1G       5.8M        55M       322M

MemTotal:        4016004 kB
MemFree:         3211284 kB
Active:           449416 kB
Mem:          3.8G       785M       3.1G       5.8M        55M       322M

MemTotal:        4016004 kB
MemFree:         3211036 kB
Active:           449448 kB
Mem:          3.8G       786M       3.1G       5.8M        55M       322M

MemTotal:        4016004 kB
MemFree:         3211284 kB
Active:           449416 kB
Mem:          3.8G       785M       3.1G       5.8M        55M       322M

MemTotal:        4016004 kB
MemFree:         3211424 kB
Active:           449408 kB
Mem:          3.8G       785M       3.1G       5.8M        55M       322M

MemTotal:        4016004 kB
MemFree:         3211300 kB
Active:           449428 kB
Mem:          3.8G       786M       3.1G       5.8M        55M       322M

MemTotal:        4016004 kB
MemFree:         3210928 kB
Active:           449452 kB
Mem:          3.8G       786M       3.1G       5.8M        55M       322M

MemTotal:        4016004 kB
MemFree:         3211176 kB
Active:           449428 kB
Mem:          3.8G       785M       3.1G       5.8M        55M       322M

MemTotal:        4016004 kB
MemFree:         3211284 kB
Active:           449400 kB
Mem:          3.8G       786M       3.1G       5.8M        55M       322M

MemTotal:        4016004 kB
MemFree:         3210912 kB
Active:           449464 kB
Mem:          3.8G       786M       3.1G       5.8M        55M       322M

MemTotal:        4016004 kB
MemFree:         3211160 kB
Active:           449440 kB
Mem:          3.8G       785M       3.1G       5.8M        55M       322M

MemTotal:        4016004 kB
MemFree:         3211408 kB
Active:           449428 kB
Mem:          3.8G       785M       3.1G       5.8M        55M       322M

MemTotal:        4016004 kB
MemFree:         3211284 kB
Active:           449448 kB
Mem:          3.8G       785M       3.1G       5.8M        55M       322M

MemTotal:        4016004 kB
MemFree:         3211532 kB
Active:           449452 kB
Mem:          3.8G       785M       3.1G       5.8M        55M       322M

MemTotal:        4016004 kB
MemFree:         3210912 kB
Active:           449484 kB
Mem:          3.8G       786M       3.1G       5.8M        55M       322M

MemTotal:        4016004 kB
MemFree:         3211408 kB
Active:           449468 kB
Mem:          3.8G       785M       3.1G       5.8M        55M       322M

MemTotal:        4016004 kB
MemFree:         3211408 kB
Active:           449452 kB
Mem:          3.8G       785M       3.1G       5.8M        55M       322M

MemTotal:        4016004 kB
MemFree:         3210788 kB
Active:           449488 kB
Mem:          3.8G       786M       3.1G       5.8M        55M       322M

MemTotal:        4016004 kB
MemFree:         3211160 kB
Active:           449472 kB
Mem:          3.8G       786M       3.1G       5.8M        55M       322M

MemTotal:        4016004 kB
MemFree:         3211036 kB
Active:           449488 kB
Mem:          3.8G       786M       3.1G       5.8M        55M       322M

MemTotal:        4016004 kB
MemFree:         3211036 kB
Active:           449440 kB
Mem:          3.8G       786M       3.1G       5.8M        55M       322M

MemTotal:        4016004 kB
MemFree:         3211160 kB
Active:           449484 kB
Mem:          3.8G       785M       3.1G       5.8M        55M       322M

MemTotal:        4016004 kB
MemFree:         3211408 kB
Active:           449480 kB
Mem:          3.8G       785M       3.1G       5.8M        55M       322M

MemTotal:        4016004 kB
MemFree:         3211424 kB
Active:           449452 kB
Mem:          3.8G       785M       3.1G       5.8M        55M       322M

MemTotal:        4016004 kB
MemFree:         3210928 kB
Active:           449496 kB
Mem:          3.8G       786M       3.1G       5.8M        55M       322M

MemTotal:        4016004 kB
MemFree:         3210556 kB
Active:           449504 kB
Mem:          3.8G       786M       3.1G       5.8M        55M       322M

MemTotal:        4016004 kB
MemFree:         3210928 kB
Active:           449472 kB
Mem:          3.8G       786M       3.1G       5.8M        55M       322M

MemTotal:        4016004 kB
MemFree:         3210928 kB
Active:           449452 kB
Mem:          3.8G       786M       3.1G       5.8M        55M       322M

MemTotal:        4016004 kB
MemFree:         3210928 kB
Active:           449480 kB
Mem:          3.8G       786M       3.1G       5.8M        55M       322M

MemTotal:        4016004 kB
MemFree:         3211052 kB
Active:           449464 kB
Mem:          3.8G       786M       3.1G       5.8M        55M       322M

MemTotal:        4016004 kB
MemFree:         3210928 kB
Active:           449504 kB
Mem:          3.8G       786M       3.1G       5.8M        55M       322M

MemTotal:        4016004 kB
MemFree:         3210556 kB
Active:           449508 kB
Mem:          3.8G       786M       3.1G       5.8M        55M       322M

MemTotal:        4016004 kB
MemFree:         3211036 kB
Active:           449504 kB
Mem:          3.8G       786M       3.1G       5.8M        55M       322M

MemTotal:        4016004 kB
MemFree:         3210912 kB
Active:           449508 kB
Mem:          3.8G       786M       3.1G       5.8M        55M       322M

MemTotal:        4016004 kB
MemFree:         3210912 kB
Active:           449488 kB
Mem:          3.8G       786M       3.1G       5.8M        55M       322M

MemTotal:        4016004 kB
MemFree:         3210664 kB
Active:           449508 kB
Mem:          3.8G       786M       3.1G       5.8M        55M       322M

MemTotal:        4016004 kB
MemFree:         3210600 kB
Active:           447460 kB
Mem:          3.8G       786M       3.1G       5.8M        55M       322M

MemTotal:        4016004 kB
MemFree:         3210724 kB
Active:           449516 kB
Mem:          3.8G       786M       3.1G       5.8M        55M       322M

MemTotal:        4016004 kB
MemFree:         3210972 kB
Active:           449492 kB
Mem:          3.8G       786M       3.1G       5.8M        55M       322M

MemTotal:        4016004 kB
MemFree:         3210864 kB
Active:           449480 kB
Mem:          3.8G       786M       3.1G       5.8M        55M       322M

MemTotal:        4016004 kB
MemFree:         3210616 kB
Active:           449516 kB
Mem:          3.8G       786M       3.1G       5.8M        55M       322M

MemTotal:        4016004 kB
MemFree:         3210740 kB
Active:           449516 kB
Mem:          3.8G       786M       3.1G       5.8M        55M       322M

MemTotal:        4016004 kB
MemFree:         3210972 kB
Active:           449476 kB
Mem:          3.8G       786M       3.1G       5.8M        55M       322M

MemTotal:        4016004 kB
MemFree:         3210848 kB
Active:           449508 kB
Mem:          3.8G       786M       3.1G       5.8M        55M       322M

MemTotal:        4016004 kB
MemFree:         3210600 kB
Active:           449532 kB
Mem:          3.8G       786M       3.1G       5.8M        55M       322M

MemTotal:        4016004 kB
MemFree:         3210476 kB
Active:           449532 kB
Mem:          3.8G       786M       3.1G       5.8M        55M       322M

MemTotal:        4016004 kB
MemFree:         3210476 kB
Active:           449476 kB
Mem:          3.8G       786M       3.1G       5.8M        55M       322M

MemTotal:        4016004 kB
MemFree:         3210972 kB
Active:           449516 kB
Mem:          3.8G       786M       3.1G       5.8M        55M       322M

MemTotal:        4016004 kB
MemFree:         3210724 kB
Active:           449532 kB
Mem:          3.8G       786M       3.1G       5.8M        55M       322M

MemTotal:        4016004 kB
MemFree:         3211220 kB
Active:           449532 kB
Mem:          3.8G       786M       3.1G       5.8M        55M       322M

MemTotal:        4016004 kB
MemFree:         3211220 kB
Active:           449536 kB
Mem:          3.8G       785M       3.1G       5.8M        55M       322M

MemTotal:        4016004 kB
MemFree:         3210956 kB
Active:           449544 kB
Mem:          3.8G       785M       3.1G       5.8M        55M       322M

MemTotal:        4016004 kB
MemFree:         3210708 kB
Active:           449544 kB
Mem:          3.8G       786M       3.1G       5.8M        55M       322M

MemTotal:        4016004 kB
MemFree:         3210832 kB
Active:           449508 kB
Mem:          3.8G       786M       3.1G       5.8M        55M       322M

MemTotal:        4016004 kB
MemFree:         3210708 kB
Active:           449544 kB
Mem:          3.8G       786M       3.1G       5.8M        55M       322M

MemTotal:        4016004 kB
MemFree:         3210708 kB
Active:           449544 kB
Mem:          3.8G       786M       3.1G       5.8M        55M       322M

MemTotal:        4016004 kB
MemFree:         3208536 kB
Active:           449520 kB
Mem:          3.8G       788M       3.1G       5.8M        55M       322M

MemTotal:        4016004 kB
MemFree:         3209188 kB
Active:           451564 kB
Mem:          3.8G       787M       3.1G       5.8M        55M       322M

MemTotal:        4016004 kB
MemFree:         3209312 kB
Active:           451548 kB
Mem:          3.8G       787M       3.1G       5.8M        55M       322M

MemTotal:        4016004 kB
MemFree:         3208568 kB
Active:           451580 kB
Mem:          3.8G       788M       3.1G       5.8M        55M       322M

MemTotal:        4016004 kB
MemFree:         3208924 kB
Active:           451552 kB
Mem:          3.8G       788M       3.1G       5.8M        55M       322M

MemTotal:        4016004 kB
MemFree:         3208488 kB
Active:           451832 kB
Mem:          3.8G       788M       3.1G       5.8M        55M       322M

MemTotal:        4016004 kB
MemFree:         3165272 kB
Active:           452940 kB
Mem:          3.8G       831M       3.0G       5.8M        55M       363M

MemTotal:        4016004 kB
MemFree:         3125140 kB
Active:           452988 kB
Mem:          3.8G       870M       3.0G       5.8M        55M       402M

MemTotal:        4016004 kB
MemFree:         3078900 kB
Active:           452992 kB
Mem:          3.8G       915M       2.9G       5.8M        55M       447M

MemTotal:        4016004 kB
MemFree:         3034040 kB
Active:           453028 kB
Mem:          3.8G       960M       2.9G       5.8M        55M       491M

MemTotal:        4016004 kB
MemFree:         2986680 kB
Active:           451032 kB
Mem:          3.8G       1.0G       2.8G       5.8M        56M       534M

MemTotal:        4016004 kB
MemFree:         2942812 kB
Active:           453100 kB
Mem:          3.8G       1.0G       2.8G       5.8M        56M       578M

MemTotal:        4016004 kB
MemFree:         2897084 kB
Active:           453092 kB
Mem:          3.8G       1.1G       2.8G       5.8M        56M       621M

MemTotal:        4016004 kB
MemFree:         2852720 kB
Active:           453120 kB
Mem:          3.8G       1.1G       2.7G       5.8M        56M       663M

MemTotal:        4016004 kB
MemFree:         2807460 kB
Active:           453172 kB
Mem:          3.8G       1.2G       2.7G       5.8M        56M       706M

MemTotal:        4016004 kB
MemFree:         2761980 kB
Active:           453208 kB
Mem:          3.8G       1.2G       2.6G       5.8M        56M       750M

MemTotal:        4016004 kB
MemFree:         2716352 kB
Active:           453232 kB
Mem:          3.8G       1.2G       2.6G       5.8M        56M       794M

MemTotal:        4016004 kB
MemFree:         2671524 kB
Active:           453264 kB
Mem:          3.8G       1.3G       2.5G       5.8M        56M       837M

MemTotal:        4016004 kB
MemFree:         2625532 kB
Active:           453276 kB
Mem:          3.8G       1.3G       2.5G       5.8M        56M       881M

MemTotal:        4016004 kB
MemFree:         2580964 kB
Active:           453268 kB
Mem:          3.8G       1.4G       2.5G       5.8M        56M       924M

MemTotal:        4016004 kB
MemFree:         2536036 kB
Active:           451280 kB
Mem:          3.8G       1.4G       2.4G       5.8M        56M       967M

MemTotal:        4016004 kB
MemFree:         2491400 kB
Active:           453376 kB
Mem:          3.8G       1.5G       2.4G       5.8M        56M       1.0G

MemTotal:        4016004 kB
MemFree:         2480412 kB
Active:           453400 kB
Mem:          3.8G       1.5G       2.4G       5.8M        56M       1.0G

MemTotal:        4016004 kB
MemFree:         2435108 kB
Active:           453432 kB
Mem:          3.8G       1.5G       2.3G       5.8M        56M       1.0G

MemTotal:        4016004 kB
MemFree:         2389924 kB
Active:           453452 kB
Mem:          3.8G       1.6G       2.3G       5.8M        56M       1.1G

MemTotal:        4016004 kB
MemFree:         2343952 kB
Active:           453480 kB
Mem:          3.8G       1.6G       2.2G       5.8M        56M       1.1G

MemTotal:        4016004 kB
MemFree:         2298580 kB
Active:           453504 kB
Mem:          3.8G       1.6G       2.2G       5.8M        56M       1.2G

MemTotal:        4016004 kB
MemFree:         2252696 kB
Active:           453528 kB
Mem:          3.8G       1.7G       2.1G       5.8M        56M       1.2G

MemTotal:        4016004 kB
MemFree:         2207836 kB
Active:           453552 kB
Mem:          3.8G       1.7G       2.1G       5.8M        56M       1.3G

MemTotal:        4016004 kB
MemFree:         2162108 kB
Active:           453576 kB
Mem:          3.8G       1.8G       2.1G       5.8M        56M       1.3G

MemTotal:        4016004 kB
MemFree:         2117504 kB
Active:           453604 kB
Mem:          3.8G       1.8G       2.0G       5.8M        56M       1.3G

MemTotal:        4016004 kB
MemFree:         2071928 kB
Active:           453640 kB
Mem:          3.8G       1.9G       2.0G       5.8M        56M       1.4G

MemTotal:        4016004 kB
MemFree:         2037500 kB
Active:           453664 kB
Mem:          3.8G       1.9G       1.9G       5.8M        56M       1.4G

MemTotal:        4016004 kB
MemFree:         2020240 kB
Active:           453632 kB
Mem:          3.8G       1.9G       1.9G       5.8M        56M       1.4G

MemTotal:        4016004 kB
MemFree:         1975380 kB
Active:           453696 kB
Mem:          3.8G       1.9G       1.9G       5.8M        56M       1.5G

MemTotal:        4016004 kB
MemFree:         1929264 kB
Active:           453716 kB
Mem:          3.8G       2.0G       1.8G       5.8M        56M       1.5G

MemTotal:        4016004 kB
MemFree:         1885044 kB
Active:           453744 kB
Mem:          3.8G       2.0G       1.8G       5.8M        56M       1.6G

MemTotal:        4016004 kB
MemFree:         1851504 kB
Active:           453772 kB
Mem:          3.8G       2.1G       1.8G       5.8M        56M       1.6G

MemTotal:        4016004 kB
MemFree:         1850636 kB
Active:           453744 kB
Mem:          3.8G       2.1G       1.8G       5.8M        56M       1.6G

MemTotal:        4016004 kB
MemFree:         1835016 kB
Active:           453720 kB
Mem:          3.8G       2.1G       1.7G       5.8M        56M       1.6G

MemTotal:        4016004 kB
MemFree:         1787224 kB
Active:           455788 kB
Mem:          3.8G       2.1G       1.7G       5.8M        56M       1.6G

MemTotal:        4016004 kB
MemFree:         1742240 kB
Active:           455836 kB
Mem:          3.8G       2.2G       1.7G       5.8M        56M       1.7G

MemTotal:        4016004 kB
MemFree:         1696000 kB
Active:           455884 kB
Mem:          3.8G       2.2G       1.6G       5.8M        56M       1.7G

MemTotal:        4016004 kB
MemFree:         1651140 kB
Active:           455868 kB
Mem:          3.8G       2.3G       1.6G       5.8M        56M       1.8G

MemTotal:        4016004 kB
MemFree:         1606388 kB
Active:           455916 kB
Mem:          3.8G       2.3G       1.5G       5.8M        56M       1.8G

MemTotal:        4016004 kB
MemFree:         1562496 kB
Active:           455936 kB
Mem:          3.8G       2.3G       1.5G       5.8M        56M       1.9G

MemTotal:        4016004 kB
MemFree:         1515528 kB
Active:           456036 kB
Mem:          3.8G       2.4G       1.4G       5.8M        56M       1.9G

MemTotal:        4016004 kB
MemFree:         1480904 kB
Active:           456352 kB
Mem:          3.8G       2.4G       1.4G       5.8M        56M       1.9G

MemTotal:        4016004 kB
MemFree:         1458532 kB
Active:           463016 kB
Mem:          3.8G       2.4G       1.4G       5.8M        63M       1.9G

MemTotal:        4016004 kB
MemFree:         1413008 kB
Active:           462992 kB
Mem:          3.8G       2.5G       1.3G       5.8M        63M       2.0G

MemTotal:        4016004 kB
MemFree:         1365808 kB
Active:           462964 kB
Mem:          3.8G       2.5G       1.3G       5.8M        63M       2.0G

MemTotal:        4016004 kB
MemFree:         1319624 kB
Active:           462944 kB
Mem:          3.8G       2.6G       1.3G       5.8M        63M       2.1G

MemTotal:        4016004 kB
MemFree:         1284500 kB
Active:           462984 kB
Mem:          3.8G       2.6G       1.2G       5.8M        63M       2.1G

MemTotal:        4016004 kB
MemFree:         1250108 kB
Active:           462996 kB
Mem:          3.8G       2.6G       1.2G       5.8M        63M       2.1G

MemTotal:        4016004 kB
MemFree:         1204488 kB
Active:           462984 kB
Mem:          3.8G       2.7G       1.1G       5.8M        63M       2.2G

MemTotal:        4016004 kB
MemFree:         1157876 kB
Active:           462984 kB
Mem:          3.8G       2.7G       1.1G       5.8M        63M       2.2G

MemTotal:        4016004 kB
MemFree:         1110508 kB
Active:           463020 kB
Mem:          3.8G       2.8G       1.1G       5.8M        63M       2.3G

MemTotal:        4016004 kB
MemFree:         1063944 kB
Active:           463024 kB
Mem:          3.8G       2.8G       1.0G       5.8M        63M       2.3G

MemTotal:        4016004 kB
MemFree:          972144 kB
Active:           463092 kB
Mem:          3.8G       2.9G       948M       5.8M        63M       2.4G

MemTotal:        4016004 kB
MemFree:          925384 kB
Active:           463040 kB
Mem:          3.8G       2.9G       902M       5.8M        63M       2.4G

MemTotal:        4016004 kB
MemFree:          879220 kB
Active:           463068 kB
Mem:          3.8G       3.0G       857M       5.8M        63M       2.5G

MemTotal:        4016004 kB
MemFree:          842904 kB
Active:           463076 kB
Mem:          3.8G       3.0G       823M       5.8M        63M       2.5G

MemTotal:        4016004 kB
MemFree:          815968 kB
Active:           463084 kB
Mem:          3.8G       3.1G       795M       5.8M        63M       2.6G

MemTotal:        4016004 kB
MemFree:          770116 kB
Active:           463084 kB
Mem:          3.8G       3.1G       751M       5.8M        63M       2.6G

MemTotal:        4016004 kB
MemFree:          722884 kB
Active:           463084 kB
Mem:          3.8G       3.1G       705M       5.8M        63M       2.6G

MemTotal:        4016004 kB
MemFree:          676148 kB
Active:           463084 kB
Mem:          3.8G       3.2G       659M       5.8M        63M       2.7G

MemTotal:        4016004 kB
MemFree:          630148 kB
Active:           463084 kB
Mem:          3.8G       3.2G       614M       5.8M        63M       2.7G

MemTotal:        4016004 kB
MemFree:          584376 kB
Active:           463096 kB
Mem:          3.8G       3.3G       569M       5.8M        63M       2.8G

MemTotal:        4016004 kB
MemFree:          537256 kB
Active:           463104 kB
Mem:          3.8G       3.3G       524M       5.8M        63M       2.8G

MemTotal:        4016004 kB
MemFree:          491064 kB
Active:           463116 kB
Mem:          3.8G       3.4G       478M       5.8M        63M       2.9G

MemTotal:        4016004 kB
MemFree:          444884 kB
Active:           463116 kB
Mem:          3.8G       3.4G       433M       5.8M        63M       2.9G

MemTotal:        4016004 kB
MemFree:          398276 kB
Active:           463120 kB
Mem:          3.8G       3.5G       387M       5.8M        63M       2.9G

MemTotal:        4016004 kB
MemFree:          351176 kB
Active:           463132 kB
Mem:          3.8G       3.5G       342M       5.8M        63M       3.0G

MemTotal:        4016004 kB
MemFree:          305816 kB
Active:           463132 kB
Mem:          3.8G       3.5G       297M       5.8M        63M       3.0G

MemTotal:        4016004 kB
MemFree:          259004 kB
Active:           463132 kB
Mem:          3.8G       3.6G       251M       5.8M        63M       3.1G

MemTotal:        4016004 kB
MemFree:          213264 kB
Active:           463136 kB
Mem:          3.8G       3.6G       206M       5.8M        63M       3.1G

MemTotal:        4016004 kB
MemFree:          166080 kB
Active:           463112 kB
Mem:          3.8G       3.7G       160M       5.8M        63M       3.2G

MemTotal:        4016004 kB
MemFree:          119716 kB
Active:           463116 kB
Mem:          3.8G       3.7G       115M       5.8M        63M       3.2G

MemTotal:        4016004 kB
MemFree:          126120 kB
Active:           467084 kB
Mem:          3.8G       3.7G       106M       5.8M        28M       3.2G

MemTotal:        4016004 kB
MemFree:          106164 kB
Active:           525448 kB
Mem:          3.8G       3.7G       112M       5.8M        28M       3.2G

MemTotal:        4016004 kB
MemFree:          124380 kB
Active:           515172 kB
Mem:          3.8G       3.7G       121M       5.8M        28M       3.2G

MemTotal:        4016004 kB
MemFree:          133180 kB
Active:           509032 kB
Mem:          3.8G       3.7G       139M       5.8M        28M       3.2G

MemTotal:        4016004 kB
MemFree:          133900 kB
Active:           503840 kB
Mem:          3.8G       3.7G       129M       5.8M        28M       3.2G

MemTotal:        4016004 kB
MemFree:          125076 kB
Active:           500224 kB
Mem:          3.8G       3.7G       121M       5.8M        28M       3.2G

MemTotal:        4016004 kB
MemFree:          131484 kB
Active:           493964 kB
Mem:          3.8G       3.7G       127M       5.8M        28M       3.2G

MemTotal:        4016004 kB
MemFree:          117612 kB
Active:           493964 kB
Mem:          3.8G       3.7G       114M       5.8M        28M       3.2G

MemTotal:        4016004 kB
MemFree:          124888 kB
Active:           492144 kB
Mem:          3.8G       3.7G       120M       5.8M        28M       3.2G

MemTotal:        4016004 kB
MemFree:          125584 kB
Active:           487192 kB
Mem:          3.8G       3.7G       122M       5.8M        28M       3.2G

MemTotal:        4016004 kB
MemFree:          127440 kB
Active:           481432 kB
Mem:          3.8G       3.7G       123M       5.8M        28M       3.2G

MemTotal:        4016004 kB
MemFree:          110852 kB
Active:           478184 kB
Mem:          3.8G       3.7G       107M       5.8M        28M       3.2G

MemTotal:        4016004 kB
MemFree:          124952 kB
Active:           472856 kB
Mem:          3.8G       3.7G       121M       5.8M        28M       3.2G

MemTotal:        4016004 kB
MemFree:          145284 kB
Active:           466992 kB
Mem:          3.8G       3.7G       140M       5.8M        28M       3.2G

MemTotal:        4016004 kB
MemFree:          145800 kB
Active:           465532 kB
Mem:          3.8G       3.7G       141M       5.8M        28M       3.2G

MemTotal:        4016004 kB
MemFree:          124268 kB
Active:           465144 kB
Mem:          3.8G       3.7G       120M       5.8M        28M       3.2G

MemTotal:        4016004 kB
MemFree:          125220 kB
Active:           463236 kB
Mem:          3.8G       3.7G       122M       5.8M        28M       3.2G

MemTotal:        4016004 kB
MemFree:          130536 kB
Active:           461444 kB
Mem:          3.8G       3.7G       126M       5.8M        28M       3.2G

MemTotal:        4016004 kB
MemFree:          138704 kB
Active:           457276 kB
Mem:          3.8G       3.7G       134M       5.8M        28M       3.2G

MemTotal:        4016004 kB
MemFree:          140172 kB
Active:           455872 kB
Mem:          3.8G       3.7G       136M       5.8M        28M       3.2G

MemTotal:        4016004 kB
MemFree:          130324 kB
Active:           454700 kB
Mem:          3.8G       3.7G       125M       5.8M        28M       3.2G

MemTotal:        4016004 kB
MemFree:          120108 kB
Active:           453520 kB
Mem:          3.8G       3.7G       117M       5.8M        28M       3.2G

MemTotal:        4016004 kB
MemFree:          107400 kB
Active:           453428 kB
Mem:          3.8G       3.7G       104M       5.8M        28M       3.2G

MemTotal:        4016004 kB
MemFree:          127764 kB
Active:           450356 kB
Mem:          3.8G       3.7G       124M       5.8M        28M       3.2G

MemTotal:        4016004 kB
MemFree:          117904 kB
Active:           445156 kB
Mem:          3.8G       3.7G       114M       5.8M        28M       3.2G

MemTotal:        4016004 kB
MemFree:          125000 kB
Active:           439164 kB
Mem:          3.8G       3.7G       121M       5.8M        28M       3.2G

MemTotal:        4016004 kB
MemFree:          115080 kB
Active:           438140 kB
Mem:          3.8G       3.7G       111M       5.8M        28M       3.2G

MemTotal:        4016004 kB
MemFree:          127888 kB
Active:           436220 kB
Mem:          3.8G       3.7G       124M       5.8M        28M       3.2G

MemTotal:        4016004 kB
MemFree:          105076 kB
Active:           434940 kB
Mem:          3.8G       3.7G       125M       5.8M        28M       3.2G

MemTotal:        4016004 kB
MemFree:          123704 kB
Active:           432760 kB
Mem:          3.8G       3.7G       119M       5.8M        28M       3.2G

MemTotal:        4016004 kB
MemFree:          119772 kB
Active:           431600 kB
Mem:          3.8G       3.7G       117M       5.8M        28M       3.2G

MemTotal:        4016004 kB
MemFree:          113316 kB
Active:           433588 kB
Mem:          3.8G       3.7G       109M       5.8M        28M       3.2G

MemTotal:        4016004 kB
MemFree:          128176 kB
Active:           429508 kB
Mem:          3.8G       3.7G       124M       5.8M        28M       3.2G

MemTotal:        4016004 kB
MemFree:          122384 kB
Active:           427852 kB
Mem:          3.8G       3.7G       118M       5.8M        28M       3.2G

MemTotal:        4016004 kB
MemFree:          112840 kB
Active:           424860 kB
Mem:          3.8G       3.7G       109M       5.8M        28M       3.2G

MemTotal:        4016004 kB
MemFree:          109932 kB
Active:           424732 kB
Mem:          3.8G       3.7G       107M       5.8M        28M       3.2G

MemTotal:        4016004 kB
MemFree:          105840 kB
Active:           424692 kB
Mem:          3.8G       3.7G       102M       5.8M        28M       3.2G

MemTotal:        4016004 kB
MemFree:          120784 kB
Active:           422944 kB
Mem:          3.8G       3.7G       116M       5.8M        28M       3.2G

MemTotal:        4016004 kB
MemFree:          122132 kB
Active:           419136 kB
Mem:          3.8G       3.7G       117M       5.8M        28M       3.2G

MemTotal:        4016004 kB
MemFree:          110724 kB
Active:           417872 kB
Mem:          3.8G       3.7G       107M       5.8M        28M       3.2G

MemTotal:        4016004 kB
MemFree:          115388 kB
Active:           416200 kB
Mem:          3.8G       3.7G       111M       5.8M        28M       3.2G

MemTotal:        4016004 kB
MemFree:          122172 kB
Active:           413900 kB
Mem:          3.8G       3.7G       117M       5.8M        28M       3.2G

MemTotal:        4016004 kB
MemFree:          124456 kB
Active:           412696 kB
Mem:          3.8G       3.7G       120M       5.8M        28M       3.2G

MemTotal:        4016004 kB
MemFree:          114008 kB
Active:           409668 kB
Mem:          3.8G       3.7G       110M       5.8M        28M       3.2G

MemTotal:        4016004 kB
MemFree:          104736 kB
Active:           408388 kB
Mem:          3.8G       3.7G       122M       5.8M        28M       3.2G

MemTotal:        4016004 kB
MemFree:          111448 kB
Active:           406912 kB
Mem:          3.8G       3.7G       108M       5.8M        28M       3.2G

MemTotal:        4016004 kB
MemFree:          111248 kB
Active:           406744 kB
Mem:          3.8G       3.7G       108M       5.8M        28M       3.2G

MemTotal:        4016004 kB
MemFree:          122168 kB
Active:           405320 kB
Mem:          3.8G       3.7G       118M       5.8M        28M       3.2G

MemTotal:        4016004 kB
MemFree:          112228 kB
Active:           404176 kB
Mem:          3.8G       3.7G       108M       5.8M        28M       3.2G

MemTotal:        4016004 kB
MemFree:          112792 kB
Active:           402604 kB
Mem:          3.8G       3.7G       110M       5.8M        28M       3.2G

MemTotal:        4016004 kB
MemFree:          131212 kB
Active:           400832 kB
Mem:          3.8G       3.7G       128M       5.8M        28M       3.2G

MemTotal:        4016004 kB
MemFree:          131152 kB
Active:           400712 kB
Mem:          3.8G       3.7G       127M       5.8M        28M       3.2G

MemTotal:        4016004 kB
MemFree:          124708 kB
Active:           400712 kB
Mem:          3.8G       3.7G       121M       5.8M        28M       3.2G

MemTotal:        4016004 kB
MemFree:          115372 kB
Active:           399456 kB
Mem:          3.8G       3.7G       111M       5.8M        28M       3.2G

MemTotal:        4016004 kB
MemFree:          128776 kB
Active:           397796 kB
Mem:          3.8G       3.7G       124M       5.8M        28M       3.2G

MemTotal:        4016004 kB
MemFree:          113888 kB
Active:           395860 kB
Mem:          3.8G       3.7G       124M       5.8M        28M       3.2G

MemTotal:        4016004 kB
MemFree:          124444 kB
Active:           394172 kB
Mem:          3.8G       3.7G       120M       5.8M        28M       3.2G

MemTotal:        4016004 kB
MemFree:          125588 kB
Active:           392144 kB
Mem:          3.8G       3.7G       121M       5.8M        28M       3.2G

MemTotal:        4016004 kB
MemFree:          106892 kB
Active:           391628 kB
Mem:          3.8G       3.7G       102M       5.8M        28M       3.2G

MemTotal:        4016004 kB
MemFree:          125740 kB
Active:           391712 kB
Mem:          3.8G       3.7G       121M       5.8M        28M       3.2G

MemTotal:        4016004 kB
MemFree:          116876 kB
Active:           391316 kB
Mem:          3.8G       3.7G       113M       5.8M        28M       3.2G

MemTotal:        4016004 kB
MemFree:          131248 kB
Active:           391640 kB
Mem:          3.8G       3.7G       127M       5.8M        28M       3.2G

MemTotal:        4016004 kB
MemFree:          110428 kB
Active:           391268 kB
Mem:          3.8G       3.7G       106M       5.8M        28M       3.2G

MemTotal:        4016004 kB
MemFree:          125296 kB
Active:           391276 kB
Mem:          3.8G       3.7G       121M       5.8M        28M       3.2G

MemTotal:        4016004 kB
MemFree:          107832 kB
Active:           391524 kB
Mem:          3.8G       3.7G       104M       5.8M        28M       3.2G

MemTotal:        4016004 kB
MemFree:          110516 kB
Active:           391292 kB
Mem:          3.8G       3.7G       106M       5.8M        28M       3.2G

MemTotal:        4016004 kB
MemFree:          141072 kB
Active:           391300 kB
Mem:          3.8G       3.7G       137M       5.8M        28M       3.2G

MemTotal:        4016004 kB
MemFree:          140360 kB
Active:           391336 kB
Mem:          3.8G       3.7G       136M       5.8M        28M       3.2G

MemTotal:        4016004 kB
MemFree:          140456 kB
Active:           391192 kB
Mem:          3.8G       3.7G       137M       5.8M        28M       3.2G

MemTotal:        4016004 kB
MemFree:          134628 kB
Active:           391360 kB
Mem:          3.8G       3.7G       131M       5.8M        28M       3.2G

MemTotal:        4016004 kB
MemFree:          111344 kB
Active:           392420 kB
Mem:          3.8G       3.7G       107M       5.8M        28M       3.2G

MemTotal:        4016004 kB
MemFree:          126380 kB
Active:           390396 kB
Mem:          3.8G       3.7G       122M       5.8M        28M       3.2G

MemTotal:        4016004 kB
MemFree:          126048 kB
Active:           390180 kB
Mem:          3.8G       3.7G       124M       5.8M        28M       3.2G

MemTotal:        4016004 kB
MemFree:          104824 kB
Active:           390236 kB
Mem:          3.8G       3.7G       124M       5.8M        28M       3.2G

MemTotal:        4016004 kB
MemFree:          105988 kB
Active:           390256 kB
Mem:          3.8G       3.7G       106M       5.8M        28M       3.2G

MemTotal:        4016004 kB
MemFree:          107232 kB
Active:           390084 kB
Mem:          3.8G       3.7G       103M       5.8M        28M       3.2G

MemTotal:        4016004 kB
MemFree:          126424 kB
Active:           389968 kB
Mem:          3.8G       3.7G       123M       5.8M        28M       3.2G

MemTotal:        4016004 kB
MemFree:          111032 kB
Active:           389900 kB
Mem:          3.8G       3.7G       106M       5.8M        28M       3.2G

MemTotal:        4016004 kB
MemFree:          123484 kB
Active:           389860 kB
Mem:          3.8G       3.7G       120M       5.8M        28M       3.2G

MemTotal:        4016004 kB
MemFree:          125232 kB
Active:           389932 kB
Mem:          3.8G       3.7G       121M       5.8M        28M       3.2G

MemTotal:        4016004 kB
MemFree:          127088 kB
Active:           389876 kB
Mem:          3.8G       3.7G       123M       5.8M        28M       3.2G

MemTotal:        4016004 kB
MemFree:          116036 kB
Active:           389828 kB
Mem:          3.8G       3.7G       111M       5.8M        28M       3.2G

MemTotal:        4016004 kB
MemFree:          132260 kB
Active:           389912 kB
Mem:          3.8G       3.7G       129M       5.8M        28M       3.2G

MemTotal:        4016004 kB
MemFree:          142924 kB
Active:           389848 kB
Mem:          3.8G       3.7G       138M       5.8M        28M       3.2G

MemTotal:        4016004 kB
MemFree:          133380 kB
Active:           390116 kB
Mem:          3.8G       3.7G       128M       5.8M        28M       3.2G

MemTotal:        4016004 kB
MemFree:          148240 kB
Active:           390000 kB
Mem:          3.8G       3.7G       143M       5.8M        28M       3.2G

MemTotal:        4016004 kB
MemFree:          126444 kB
Active:           389568 kB
Mem:          3.8G       3.7G       122M       5.8M        28M       3.2G

MemTotal:        4016004 kB
MemFree:          140160 kB
Active:           389692 kB
Mem:          3.8G       3.7G       135M       5.8M        28M       3.2G

MemTotal:        4016004 kB
MemFree:          141056 kB
Active:           389704 kB
Mem:          3.8G       3.7G       136M       5.8M        28M       3.2G

MemTotal:        4016004 kB
MemFree:          131908 kB
Active:           388568 kB
Mem:          3.8G       3.7G       127M       5.8M        28M       3.2G

MemTotal:        4016004 kB
MemFree:          109740 kB
Active:           390352 kB
Mem:          3.8G       3.7G       106M       5.8M        28M       3.2G

MemTotal:        4016004 kB
MemFree:          124184 kB
Active:           387224 kB
Mem:          3.8G       3.7G       120M       5.8M        28M       3.2G

MemTotal:        4016004 kB
MemFree:          125828 kB
Active:           387096 kB
Mem:          3.8G       3.7G       122M       5.8M        28M       3.2G

MemTotal:        4016004 kB
MemFree:          105164 kB
Active:           387104 kB
Mem:          3.8G       3.7G       124M       5.8M        28M       3.2G

MemTotal:        4016004 kB
MemFree:          105708 kB
Active:           386812 kB
Mem:          3.8G       3.7G       102M       5.8M        28M       3.2G

MemTotal:        4016004 kB
MemFree:          127400 kB
Active:           386816 kB
Mem:          3.8G       3.7G       124M       5.8M        28M       3.2G

MemTotal:        4016004 kB
MemFree:          127944 kB
Active:           386824 kB
Mem:          3.8G       3.7G       124M       5.8M        28M       3.2G

MemTotal:        4016004 kB
MemFree:          117628 kB
Active:           386824 kB
Mem:          3.8G       3.7G       113M       5.8M        28M       3.2G

MemTotal:        4016004 kB
MemFree:          114084 kB
Active:           386824 kB
Mem:          3.8G       3.7G       111M       5.8M        28M       3.2G

MemTotal:        4016004 kB
MemFree:          118332 kB
Active:           384704 kB
Mem:          3.8G       3.7G       114M       5.8M        28M       3.2G

MemTotal:        4016004 kB
MemFree:          107560 kB
Active:           384388 kB
Mem:          3.8G       3.7G       104M       5.8M        28M       3.2G

MemTotal:        4016004 kB
MemFree:          134108 kB
Active:           385928 kB
Mem:          3.8G       3.7G       129M       5.8M        28M       3.2G

MemTotal:        4016004 kB
MemFree:          134120 kB
Active:           385800 kB
Mem:          3.8G       3.7G       130M       5.8M        28M       3.2G

MemTotal:        4016004 kB
MemFree:          135016 kB
Active:           385808 kB
Mem:          3.8G       3.7G       131M       5.8M        28M       3.2G

MemTotal:        4016004 kB
MemFree:          142096 kB
Active:           385804 kB
Mem:          3.8G       3.7G       137M       5.8M        28M       3.2G

MemTotal:        4016004 kB
MemFree:          132420 kB
Active:           385804 kB
Mem:          3.8G       3.7G       128M       5.8M        28M       3.2G

MemTotal:        4016004 kB
MemFree:          126652 kB
Active:           385264 kB
Mem:          3.8G       3.7G       123M       5.8M        28M       3.2G

MemTotal:        4016004 kB
MemFree:          124160 kB
Active:           385276 kB
Mem:          3.8G       3.7G       121M       5.8M        28M       3.2G

MemTotal:        4016004 kB
MemFree:          123356 kB
Active:           385296 kB
Mem:          3.8G       3.7G       120M       5.8M        28M       3.2G

MemTotal:        4016004 kB
MemFree:          123796 kB
Active:           385260 kB
Mem:          3.8G       3.7G       120M       5.8M        28M       3.2G

MemTotal:        4016004 kB
MemFree:          131688 kB
Active:           385276 kB
Mem:          3.8G       3.7G       127M       5.8M        28M       3.2G

MemTotal:        4016004 kB
MemFree:          121284 kB
Active:           387148 kB
Mem:          3.8G       3.7G       117M       5.8M        28M       3.2G

MemTotal:        4016004 kB
MemFree:          128256 kB
Active:           387196 kB
Mem:          3.8G       3.7G       124M       5.8M        28M       3.2G

MemTotal:        4016004 kB
MemFree:          117852 kB
Active:           387156 kB
Mem:          3.8G       3.7G       114M       5.8M        28M       3.2G

MemTotal:        4016004 kB
MemFree:          107216 kB
Active:           387164 kB
Mem:          3.8G       3.7G       103M       5.8M        28M       3.2G

MemTotal:        4016004 kB
MemFree:          113924 kB
Active:           387072 kB
Mem:          3.8G       3.7G       110M       5.8M        28M       3.2G

MemTotal:        4016004 kB
MemFree:          128740 kB
Active:           385548 kB
Mem:          3.8G       3.7G       125M       5.8M        28M       3.2G

MemTotal:        4016004 kB
MemFree:          135108 kB
Active:           385440 kB
Mem:          3.8G       3.7G       130M       5.8M        28M       3.2G

MemTotal:        4016004 kB
MemFree:          126444 kB
Active:           385348 kB
Mem:          3.8G       3.7G       122M       5.8M        28M       3.2G

MemTotal:        4016004 kB
MemFree:          116336 kB
Active:           385456 kB
Mem:          3.8G       3.7G       112M       5.8M        28M       3.2G

MemTotal:        4016004 kB
MemFree:          116672 kB
Active:           385456 kB
Mem:          3.8G       3.7G       113M       5.8M        28M       3.2G

MemTotal:        4016004 kB
MemFree:          112548 kB
Active:           385456 kB
Mem:          3.8G       3.7G       109M       5.8M        28M       3.2G

MemTotal:        4016004 kB
MemFree:          108892 kB
Active:           385468 kB
Mem:          3.8G       3.7G       106M       5.8M        28M       3.2G

MemTotal:        4016004 kB
MemFree:          126020 kB
Active:           385480 kB
Mem:          3.8G       3.7G       123M       5.8M        28M       3.2G

MemTotal:        4016004 kB
MemFree:          126296 kB
Active:           385444 kB
Mem:          3.8G       3.7G       123M       5.8M        28M       3.2G

MemTotal:        4016004 kB
MemFree:          126612 kB
Active:           385468 kB
Mem:          3.8G       3.7G       123M       5.8M        28M       3.2G

MemTotal:        4016004 kB
MemFree:          128664 kB
Active:           385488 kB
Mem:          3.8G       3.7G       124M       5.8M        28M       3.2G

MemTotal:        4016004 kB
MemFree:          123832 kB
Active:           385488 kB
Mem:          3.8G       3.7G       119M       5.8M        28M       3.2G

MemTotal:        4016004 kB
MemFree:          127584 kB
Active:           383940 kB
Mem:          3.8G       3.7G       123M       5.8M        28M       3.2G

MemTotal:        4016004 kB
MemFree:          129716 kB
Active:           383792 kB
Mem:          3.8G       3.7G       125M       5.8M        28M       3.2G

MemTotal:        4016004 kB
MemFree:          107796 kB
Active:           383832 kB
Mem:          3.8G       3.7G       104M       5.8M        28M       3.2G

MemTotal:        4016004 kB
MemFree:          126780 kB
Active:           383804 kB
Mem:          3.8G       3.7G       122M       5.8M        28M       3.2G

MemTotal:        4016004 kB
MemFree:          117260 kB
Active:           383828 kB
Mem:          3.8G       3.7G       113M       5.8M        28M       3.2G

MemTotal:        4016004 kB
MemFree:          119412 kB
Active:           383816 kB
Mem:          3.8G       3.7G       115M       5.8M        28M       3.2G

MemTotal:        4016004 kB
MemFree:          122340 kB
Active:           383792 kB
Mem:          3.8G       3.7G       119M       5.8M        28M       3.2G

MemTotal:        4016004 kB
MemFree:          121628 kB
Active:           383824 kB
Mem:          3.8G       3.7G       118M       5.8M        28M       3.2G

MemTotal:        4016004 kB
MemFree:          141768 kB
Active:           383832 kB
Mem:          3.8G       3.7G       136M       5.8M        28M       3.2G

MemTotal:        4016004 kB
MemFree:          128052 kB
Active:           377684 kB
Mem:          3.8G       3.7G       124M       5.8M        28M       3.2G

MemTotal:        4016004 kB
MemFree:          136748 kB
Active:           377732 kB
Mem:          3.8G       3.7G       133M       5.8M        28M       3.2G

MemTotal:        4016004 kB
MemFree:          105532 kB
Active:           377740 kB
Mem:          3.8G       3.7G       110M       5.8M        28M       3.2G

MemTotal:        4016004 kB
MemFree:          132144 kB
Active:           378040 kB
Mem:          3.8G       3.7G       131M       5.8M        28M       3.2G

MemTotal:        4016004 kB
MemFree:          125296 kB
Active:           377944 kB
Mem:          3.8G       3.7G       122M       5.8M        28M       3.2G

MemTotal:        4016004 kB
MemFree:          127588 kB
Active:           377944 kB
Mem:          3.8G       3.7G       123M       5.8M        28M       3.2G

MemTotal:        4016004 kB
MemFree:          110744 kB
Active:           377828 kB
Mem:          3.8G       3.7G       106M       5.8M        28M       3.2G

MemTotal:        4016004 kB
MemFree:          126708 kB
Active:           377832 kB
Mem:          3.8G       3.7G       122M       5.8M        28M       3.2G

MemTotal:        4016004 kB
MemFree:          130968 kB
Active:           377840 kB
Mem:          3.8G       3.7G       126M       5.8M        28M       3.2G

MemTotal:        4016004 kB
MemFree:          125576 kB
Active:           377844 kB
Mem:          3.8G       3.7G       122M       5.8M        28M       3.2G

MemTotal:        4016004 kB
MemFree:          109456 kB
Active:           377856 kB
Mem:          3.8G       3.7G       106M       5.8M        28M       3.2G

MemTotal:        4016004 kB
MemFree:          123796 kB
Active:           373472 kB
Mem:          3.8G       3.7G       120M       5.8M        28M       3.2G

MemTotal:        4016004 kB
MemFree:          124172 kB
Active:           373444 kB
Mem:          3.8G       3.7G       121M       5.8M        28M       3.2G

MemTotal:        4016004 kB
MemFree:          108720 kB
Active:           371432 kB
Mem:          3.8G       3.7G       104M       5.8M        28M       3.2G

MemTotal:        4016004 kB
MemFree:          134232 kB
Active:           373352 kB
Mem:          3.8G       3.7G       129M       5.8M        28M       3.2G

MemTotal:        4016004 kB
MemFree:          134656 kB
Active:           373352 kB
Mem:          3.8G       3.7G       130M       5.8M        28M       3.2G

MemTotal:        4016004 kB
MemFree:          112988 kB
Active:           373360 kB
Mem:          3.8G       3.7G       109M       5.8M        28M       3.2G

MemTotal:        4016004 kB
MemFree:          126664 kB
Active:           373360 kB
Mem:          3.8G       3.7G       122M       5.8M        28M       3.2G

MemTotal:        4016004 kB
MemFree:          127100 kB
Active:           373360 kB
Mem:          3.8G       3.7G       123M       5.8M        28M       3.2G

MemTotal:        4016004 kB
MemFree:          105368 kB
Active:           373328 kB
Mem:          3.8G       3.7G       124M       5.8M        28M       3.2G

MemTotal:        4016004 kB
MemFree:          125128 kB
Active:           373328 kB
Mem:          3.8G       3.7G       120M       5.8M        28M       3.2G

MemTotal:        4016004 kB
MemFree:          129604 kB
Active:           373372 kB
Mem:          3.8G       3.7G       126M       5.8M        28M       3.2G

MemTotal:        4016004 kB
MemFree:          129356 kB
Active:           373388 kB
Mem:          3.8G       3.7G       126M       5.8M        28M       3.2G

MemTotal:        4016004 kB
MemFree:          129424 kB
Active:           371732 kB
Mem:          3.8G       3.7G       125M       5.8M        28M       3.2G

MemTotal:        4016004 kB
MemFree:          118680 kB
Active:           371744 kB
Mem:          3.8G       3.7G       115M       5.8M        28M       3.2G

MemTotal:        4016004 kB
MemFree:          108300 kB
Active:           371752 kB
Mem:          3.8G       3.7G       104M       5.8M        28M       3.2G

MemTotal:        4016004 kB
MemFree:          122340 kB
Active:           371752 kB
Mem:          3.8G       3.7G       118M       5.8M        28M       3.2G

MemTotal:        4016004 kB
MemFree:          112076 kB
Active:           371760 kB
Mem:          3.8G       3.7G       108M       5.8M        28M       3.2G

MemTotal:        4016004 kB
MemFree:          127092 kB
Active:           371760 kB
Mem:          3.8G       3.7G       123M       5.8M        28M       3.2G

MemTotal:        4016004 kB
MemFree:          116952 kB
Active:           371764 kB
Mem:          3.8G       3.7G       113M       5.8M        28M       3.2G

MemTotal:        4016004 kB
MemFree:          124604 kB
Active:           371788 kB
Mem:          3.8G       3.7G       121M       5.8M        28M       3.2G

MemTotal:        4016004 kB
MemFree:          116032 kB
Active:           371760 kB
Mem:          3.8G       3.7G       112M       5.8M        28M       3.2G

MemTotal:        4016004 kB
MemFree:          125860 kB
Active:           371812 kB
Mem:          3.8G       3.7G       122M       5.8M        28M       3.2G

MemTotal:        4016004 kB
MemFree:          139668 kB
Active:           371812 kB
Mem:          3.8G       3.7G       135M       5.8M        28M       3.2G

MemTotal:        4016004 kB
MemFree:          127052 kB
Active:           371816 kB
Mem:          3.8G       3.7G       123M       5.8M        28M       3.2G

MemTotal:        4016004 kB
MemFree:          128176 kB
Active:           369060 kB
Mem:          3.8G       3.7G       124M       5.8M        28M       3.2G

MemTotal:        4016004 kB
MemFree:          106560 kB
Active:           369012 kB
Mem:          3.8G       3.7G       103M       5.8M        28M       3.2G

MemTotal:        4016004 kB
MemFree:          132772 kB
Active:           369068 kB
Mem:          3.8G       3.7G       129M       5.8M        28M       3.2G

MemTotal:        4016004 kB
MemFree:          141356 kB
Active:           369072 kB
Mem:          3.8G       3.7G       136M       5.8M        28M       3.2G

MemTotal:        4016004 kB
MemFree:          130676 kB
Active:           369060 kB
Mem:          3.8G       3.7G       127M       5.8M        28M       3.2G

MemTotal:        4016004 kB
MemFree:          120936 kB
Active:           369032 kB
Mem:          3.8G       3.7G       117M       5.8M        28M       3.2G

MemTotal:        4016004 kB
MemFree:          122576 kB
Active:           369072 kB
Mem:          3.8G       3.7G       119M       5.8M        28M       3.2G

MemTotal:        4016004 kB
MemFree:          130628 kB
Active:           369056 kB
Mem:          3.8G       3.7G       126M       5.8M        28M       3.2G

MemTotal:        4016004 kB
MemFree:          132872 kB
Active:           368512 kB
Mem:          3.8G       3.7G       128M       5.8M        28M       3.2G

MemTotal:        4016004 kB
MemFree:          122668 kB
Active:           369536 kB
Mem:          3.8G       3.7G       118M       5.8M        28M       3.2G

MemTotal:        4016004 kB
MemFree:          139644 kB
Active:           369548 kB
Mem:          3.8G       3.7G       136M       5.8M        28M       3.2G

MemTotal:        4016004 kB
MemFree:          130756 kB
Active:           369560 kB
Mem:          3.8G       3.7G       127M       5.8M        28M       3.2G

MemTotal:        4016004 kB
MemFree:          105148 kB
Active:           369548 kB
Mem:          3.8G       3.7G       125M       5.8M        28M       3.2G

MemTotal:        4016004 kB
MemFree:          128768 kB
Active:           369436 kB
Mem:          3.8G       3.7G       125M       5.8M        28M       3.2G

MemTotal:        4016004 kB
MemFree:          129208 kB
Active:           369400 kB
Mem:          3.8G       3.7G       126M       5.8M        28M       3.2G

MemTotal:        4016004 kB
MemFree:          114008 kB
Active:           364528 kB
Mem:          3.8G       3.7G       110M       5.8M        28M       3.2G

MemTotal:        4016004 kB
MemFree:          128452 kB
Active:           364528 kB
Mem:          3.8G       3.7G       124M       5.8M        28M       3.2G

MemTotal:        4016004 kB
MemFree:          123844 kB
Active:           364540 kB
Mem:          3.8G       3.7G       119M       5.8M        28M       3.2G

MemTotal:        4016004 kB
MemFree:          127948 kB
Active:           364540 kB
Mem:          3.8G       3.7G       124M       5.8M        28M       3.2G

MemTotal:        4016004 kB
MemFree:          124380 kB
Active:           364416 kB
Mem:          3.8G       3.7G       120M       5.8M        28M       3.2G

MemTotal:        4016004 kB
MemFree:          126824 kB
Active:           364360 kB
Mem:          3.8G       3.7G       122M       5.8M        28M       3.2G

MemTotal:        4016004 kB
MemFree:          128488 kB
Active:           364416 kB
Mem:          3.8G       3.7G       124M       5.8M        28M       3.2G

MemTotal:        4016004 kB
MemFree:          105796 kB
Active:           364424 kB
Mem:          3.8G       3.7G       102M       5.8M        28M       3.2G

MemTotal:        4016004 kB
MemFree:          133736 kB
Active:           364424 kB
Mem:          3.8G       3.7G       130M       5.8M        28M       3.2G

MemTotal:        4016004 kB
MemFree:          119904 kB
Active:           364384 kB
Mem:          3.8G       3.7G       115M       5.8M        28M       3.2G

MemTotal:        4016004 kB
MemFree:          109828 kB
Active:           364436 kB
Mem:          3.8G       3.7G       105M       5.8M        28M       3.2G

MemTotal:        4016004 kB
MemFree:          131492 kB
Active:           364380 kB
Mem:          3.8G       3.7G       130M       5.8M        28M       3.2G

MemTotal:        4016004 kB
MemFree:          125516 kB
Active:           364432 kB
Mem:          3.8G       3.7G       121M       5.8M        28M       3.2G

MemTotal:        4016004 kB
MemFree:          126912 kB
Active:           363800 kB
Mem:          3.8G       3.7G       123M       5.8M        28M       3.2G

MemTotal:        4016004 kB
MemFree:          110836 kB
Active:           363804 kB
Mem:          3.8G       3.7G       107M       5.8M        28M       3.2G

MemTotal:        4016004 kB
MemFree:          124812 kB
Active:           363804 kB
Mem:          3.8G       3.7G       121M       5.8M        28M       3.2G

MemTotal:        4016004 kB
MemFree:          112756 kB
Active:           363808 kB
Mem:          3.8G       3.7G       110M       5.8M        28M       3.2G

MemTotal:        4016004 kB
MemFree:          115048 kB
Active:           363824 kB
Mem:          3.8G       3.7G       111M       5.8M        28M       3.2G

MemTotal:        4016004 kB
MemFree:          104836 kB
Active:           363824 kB
Mem:          3.8G       3.7G       124M       5.8M        28M       3.2G

MemTotal:        4016004 kB
MemFree:          105780 kB
Active:           363824 kB
Mem:          3.8G       3.7G       117M       5.8M        28M       3.2G

MemTotal:        4016004 kB
MemFree:          127736 kB
Active:           363776 kB
Mem:          3.8G       3.7G       124M       5.8M        28M       3.2G

MemTotal:        4016004 kB
MemFree:          126504 kB
Active:           363804 kB
Mem:          3.8G       3.7G       122M       5.8M        28M       3.2G

MemTotal:        4016004 kB
MemFree:          127412 kB
Active:           363816 kB
Mem:          3.8G       3.7G       124M       5.8M        28M       3.2G

MemTotal:        4016004 kB
MemFree:          125776 kB
Active:           363812 kB
Mem:          3.8G       3.7G       122M       5.8M        28M       3.2G

MemTotal:        4016004 kB
MemFree:          122116 kB
Active:           364972 kB
Mem:          3.8G       3.7G       118M       5.8M        28M       3.2G

MemTotal:        4016004 kB
MemFree:          112100 kB
Active:           364968 kB
Mem:          3.8G       3.7G       108M       5.8M        28M       3.2G

MemTotal:        4016004 kB
MemFree:          119428 kB
Active:           364928 kB
Mem:          3.8G       3.7G       115M       5.8M        28M       3.2G

MemTotal:        4016004 kB
MemFree:          109040 kB
Active:           364972 kB
Mem:          3.8G       3.7G       106M       5.8M        28M       3.2G

MemTotal:        4016004 kB
MemFree:          126164 kB
Active:           364972 kB
Mem:          3.8G       3.7G       121M       5.8M        28M       3.2G

MemTotal:        4016004 kB
MemFree:          116148 kB
Active:           364972 kB
Mem:          3.8G       3.7G       112M       5.8M        28M       3.2G

MemTotal:        4016004 kB
MemFree:          105608 kB
Active:           364676 kB
Mem:          3.8G       3.7G       102M       5.8M        28M       3.2G

MemTotal:        4016004 kB
MemFree:          105484 kB
Active:           364636 kB
Mem:          3.8G       3.7G       103M       5.8M        28M       3.2G

MemTotal:        4016004 kB
MemFree:          105608 kB
Active:           364628 kB
Mem:          3.8G       3.7G       102M       5.8M        28M       3.2G

MemTotal:        4016004 kB
MemFree:          105608 kB
Active:           364676 kB
Mem:          3.8G       3.7G       103M       5.8M        28M       3.2G

MemTotal:        4016004 kB
MemFree:          105484 kB
Active:           364684 kB
Mem:          3.8G       3.7G       103M       5.8M        28M       3.2G

MemTotal:        4016004 kB
MemFree:          105608 kB
Active:           364676 kB
Mem:          3.8G       3.7G       103M       5.8M        28M       3.2G

MemTotal:        4016004 kB
MemFree:          105360 kB
Active:           364668 kB
Mem:          3.8G       3.7G       102M       5.8M        28M       3.2G

MemTotal:        4016004 kB
MemFree:          105484 kB
Active:           364644 kB
Mem:          3.8G       3.7G       103M       5.8M        28M       3.2G

MemTotal:        4016004 kB
MemFree:          105484 kB
Active:           364656 kB
Mem:          3.8G       3.7G       103M       5.8M        28M       3.2G

MemTotal:        4016004 kB
MemFree:          105360 kB
Active:           364664 kB
Mem:          3.8G       3.7G       102M       5.8M        28M       3.2G

MemTotal:        4016004 kB
MemFree:          105360 kB
Active:           364700 kB
Mem:          3.8G       3.7G       102M       5.8M        28M       3.2G

MemTotal:        4016004 kB
MemFree:          105484 kB
Active:           364700 kB
Mem:          3.8G       3.7G       103M       5.8M        28M       3.2G

MemTotal:        4016004 kB
MemFree:          105112 kB
Active:           364704 kB
Mem:          3.8G       3.7G       102M       5.8M        28M       3.2G

MemTotal:        4016004 kB
MemFree:          103312 kB
Active:           364680 kB
Mem:          3.8G       3.7G       100M       5.8M        28M       3.2G

MemTotal:        4016004 kB
MemFree:          103436 kB
Active:           366692 kB
Mem:          3.8G       3.7G       101M       5.8M        28M       3.2G

MemTotal:        4016004 kB
MemFree:          103436 kB
Active:           366692 kB
Mem:          3.8G       3.7G       101M       5.8M        28M       3.2G

MemTotal:        4016004 kB
MemFree:          103312 kB
Active:           366724 kB
Mem:          3.8G       3.7G       100M       5.8M        28M       3.2G

MemTotal:        4016004 kB
MemFree:          103436 kB
Active:           366712 kB
Mem:          3.8G       3.7G       101M       5.8M        28M       3.2G

MemTotal:        4016004 kB
MemFree:          103436 kB
Active:           366708 kB
Mem:          3.8G       3.7G       100M       5.8M        28M       3.2G

MemTotal:        4016004 kB
MemFree:          102940 kB
Active:           366740 kB
Mem:          3.8G       3.7G       100M       5.8M        28M       3.2G

MemTotal:        4016004 kB
MemFree:          103312 kB
Active:           366704 kB
Mem:          3.8G       3.7G       100M       5.8M        28M       3.2G

MemTotal:        4016004 kB
MemFree:          103340 kB
Active:           366740 kB
Mem:          3.8G       3.7G       100M       5.8M        28M       3.2G

MemTotal:        4016004 kB
MemFree:          152272 kB
Active:           364956 kB
Mem:          3.8G       3.7G       148M       5.8M        28M       3.2G

MemTotal:        4016004 kB
MemFree:          150600 kB
Active:           364908 kB
Mem:          3.8G       3.7G       147M       5.8M        28M       3.2G

MemTotal:        4016004 kB
MemFree:          151164 kB
Active:           366968 kB
Mem:          3.8G       3.7G       147M       5.8M        28M       3.2G

MemTotal:        4016004 kB
MemFree:          151384 kB
Active:           366928 kB
Mem:          3.8G       3.7G       147M       5.8M        28M       3.2G

MemTotal:        4016004 kB
MemFree:          151260 kB
Active:           366924 kB
Mem:          3.8G       3.7G       147M       5.8M        28M       3.2G

MemTotal:        4016004 kB
MemFree:          151260 kB
Active:           366980 kB
Mem:          3.8G       3.7G       147M       5.8M        28M       3.2G

MemTotal:        4016004 kB
MemFree:          151508 kB
Active:           366988 kB
Mem:          3.8G       3.7G       147M       5.8M        28M       3.2G

MemTotal:        4016004 kB
MemFree:          151632 kB
Active:           366960 kB
Mem:          3.8G       3.7G       147M       5.8M        28M       3.2G

MemTotal:        4016004 kB
MemFree:          151632 kB
Active:           366980 kB
Mem:          3.8G       3.7G       147M       5.8M        28M       3.2G

MemTotal:        4016004 kB
MemFree:          151508 kB
Active:           366996 kB
Mem:          3.8G       3.7G       147M       5.8M        28M       3.2G

MemTotal:        4016004 kB
MemFree:          151508 kB
Active:           366964 kB
Mem:          3.8G       3.7G       147M       5.8M        28M       3.2G

MemTotal:        4016004 kB
MemFree:          151384 kB
Active:           366940 kB
Mem:          3.8G       3.7G       147M       5.8M        28M       3.2G

MemTotal:        4016004 kB
MemFree:          151384 kB
Active:           366976 kB
Mem:          3.8G       3.7G       147M       5.8M        28M       3.2G

MemTotal:        4016004 kB
MemFree:          151384 kB
Active:           366940 kB
Mem:          3.8G       3.7G       147M       5.8M        28M       3.2G

MemTotal:        4016004 kB
MemFree:          151260 kB
Active:           366988 kB
Mem:          3.8G       3.7G       147M       5.8M        28M       3.2G

MemTotal:        4016004 kB
MemFree:          151384 kB
Active:           366968 kB
Mem:          3.8G       3.7G       147M       5.8M        28M       3.2G

MemTotal:        4016004 kB
MemFree:          151384 kB
Active:           366956 kB
Mem:          3.8G       3.7G       147M       5.8M        28M       3.2G

MemTotal:        4016004 kB
MemFree:          151588 kB
Active:           367000 kB
Mem:          3.8G       3.7G       148M       5.8M        28M       3.2G

MemTotal:        4016004 kB
MemFree:          151712 kB
Active:           366988 kB
Mem:          3.8G       3.7G       147M       5.8M        28M       3.2G

MemTotal:        4016004 kB
MemFree:          151588 kB
Active:           367004 kB
Mem:          3.8G       3.7G       148M       5.8M        28M       3.2G

MemTotal:        4016004 kB
MemFree:          151588 kB
Active:           366992 kB
Mem:          3.8G       3.7G       147M       5.8M        28M       3.2G

MemTotal:        4016004 kB
MemFree:          151588 kB
Active:           366992 kB
Mem:          3.8G       3.7G       147M       5.8M        28M       3.2G

MemTotal:        4016004 kB
MemFree:          151588 kB
Active:           366972 kB
Mem:          3.8G       3.7G       148M       5.8M        28M       3.2G

MemTotal:        4016004 kB
MemFree:          151588 kB
Active:           367000 kB
Mem:          3.8G       3.7G       147M       5.8M        28M       3.2G

MemTotal:        4016004 kB
MemFree:          151712 kB
Active:           367020 kB
Mem:          3.8G       3.7G       148M       5.8M        28M       3.2G

MemTotal:        4016004 kB
MemFree:          151588 kB
Active:           367008 kB
Mem:          3.8G       3.7G       147M       5.8M        28M       3.2G

MemTotal:        4016004 kB
MemFree:          151216 kB
Active:           366992 kB
Mem:          3.8G       3.7G       147M       5.8M        28M       3.2G

MemTotal:        4016004 kB
MemFree:          151216 kB
Active:           367016 kB
Mem:          3.8G       3.7G       147M       5.8M        28M       3.2G

MemTotal:        4016004 kB
MemFree:          151340 kB
Active:           367008 kB
Mem:          3.8G       3.7G       147M       5.8M        28M       3.2G

MemTotal:        4016004 kB
MemFree:          151464 kB
Active:           366984 kB
Mem:          3.8G       3.7G       147M       5.8M        28M       3.2G

MemTotal:        4016004 kB
MemFree:          151464 kB
Active:           367024 kB
Mem:          3.8G       3.7G       147M       5.8M        28M       3.2G

MemTotal:        4016004 kB
MemFree:          151588 kB
Active:           367032 kB
Mem:          3.8G       3.7G       148M       5.8M        28M       3.2G

MemTotal:        4016004 kB
MemFree:          151464 kB
Active:           367012 kB
Mem:          3.8G       3.7G       147M       5.8M        28M       3.2G

MemTotal:        4016004 kB
MemFree:          151588 kB
Active:           367012 kB
Mem:          3.8G       3.7G       147M       5.8M        28M       3.2G

MemTotal:        4016004 kB
MemFree:          151588 kB
Active:           367004 kB
Mem:          3.8G       3.7G       148M       5.8M        28M       3.2G

MemTotal:        4016004 kB
MemFree:          151464 kB
Active:           367032 kB
Mem:          3.8G       3.7G       147M       5.8M        28M       3.2G

MemTotal:        4016004 kB
MemFree:          151464 kB
Active:           367016 kB
Mem:          3.8G       3.7G       148M       5.8M        28M       3.2G

MemTotal:        4016004 kB
MemFree:          151960 kB
Active:           367020 kB
Mem:          3.8G       3.7G       148M       5.8M        28M       3.2G

MemTotal:        4016004 kB
MemFree:          151960 kB
Active:           367048 kB
Mem:          3.8G       3.7G       148M       5.8M        28M       3.2G

MemTotal:        4016004 kB
MemFree:          151960 kB
Active:           367016 kB
Mem:          3.8G       3.7G       148M       5.8M        28M       3.2G

MemTotal:        4016004 kB
MemFree:          152332 kB
Active:           367040 kB
Mem:          3.8G       3.7G       148M       5.8M        28M       3.2G

MemTotal:        4016004 kB
MemFree:          152332 kB
Active:           367052 kB
Mem:          3.8G       3.7G       149M       5.8M        28M       3.2G

MemTotal:        4016004 kB
MemFree:          152580 kB
Active:           367024 kB
Mem:          3.8G       3.7G       148M       5.8M        28M       3.2G

MemTotal:        4016004 kB
MemFree:          152580 kB
Active:           367056 kB
Mem:          3.8G       3.7G       149M       5.8M        28M       3.2G

MemTotal:        4016004 kB
MemFree:          152580 kB
Active:           367056 kB
Mem:          3.8G       3.7G       149M       5.8M        28M       3.2G

MemTotal:        4016004 kB
MemFree:          152332 kB
Active:           367064 kB
Mem:          3.8G       3.7G       148M       5.8M        28M       3.2G

MemTotal:        4016004 kB
MemFree:          152332 kB
Active:           367064 kB
Mem:          3.8G       3.7G       149M       5.8M        28M       3.2G

MemTotal:        4016004 kB
MemFree:          152580 kB
Active:           367064 kB
Mem:          3.8G       3.7G       148M       5.8M        28M       3.2G

MemTotal:        4016004 kB
MemFree:          152580 kB
Active:           367064 kB
Mem:          3.8G       3.7G       148M       5.8M        28M       3.2G

MemTotal:        4016004 kB
MemFree:          152580 kB
Active:           367068 kB
Mem:          3.8G       3.7G       148M       5.8M        28M       3.2G

MemTotal:        4016004 kB
MemFree:          152580 kB
Active:           367040 kB
Mem:          3.8G       3.7G       148M       5.8M        28M       3.2G

MemTotal:        4016004 kB
MemFree:          150160 kB
Active:           367052 kB
Mem:          3.8G       3.7G       146M       5.8M        28M       3.2G

MemTotal:        4016004 kB
MemFree:          150160 kB
Active:           369100 kB
Mem:          3.8G       3.7G       146M       5.8M        28M       3.2G

MemTotal:        4016004 kB
MemFree:          150160 kB
Active:           369068 kB
Mem:          3.8G       3.7G       146M       5.8M        28M       3.2G

MemTotal:        4016004 kB
MemFree:          150284 kB
Active:           369116 kB
Mem:          3.8G       3.7G       146M       5.8M        28M       3.2G

MemTotal:        4016004 kB
MemFree:          150160 kB
Active:           369076 kB
Mem:          3.8G       3.7G       146M       5.8M        28M       3.2G

MemTotal:        4016004 kB
MemFree:          150160 kB
Active:           369116 kB
Mem:          3.8G       3.7G       146M       5.8M        28M       3.2G

MemTotal:        4016004 kB
MemFree:          150408 kB
Active:           369116 kB
Mem:          3.8G       3.7G       146M       5.8M        28M       3.2G

MemTotal:        4016004 kB
MemFree:          150284 kB
Active:           369076 kB
Mem:          3.8G       3.7G       146M       5.8M        28M       3.2G

MemTotal:        4016004 kB
MemFree:          149912 kB
Active:           369120 kB
Mem:          3.8G       3.7G       146M       5.8M        28M       3.2G

MemTotal:        4016004 kB
MemFree:          150036 kB
Active:           369108 kB
Mem:          3.8G       3.7G       146M       5.8M        28M       3.2G

MemTotal:        4016004 kB
MemFree:          150160 kB
Active:           369084 kB
Mem:          3.8G       3.7G       146M       5.8M        28M       3.2G

MemTotal:        4016004 kB
MemFree:          150284 kB
Active:           369092 kB
Mem:          3.8G       3.7G       146M       5.8M        28M       3.2G

MemTotal:        4016004 kB
MemFree:          150036 kB
Active:           369084 kB
Mem:          3.8G       3.7G       146M       5.8M        28M       3.2G

MemTotal:        4016004 kB
MemFree:          149912 kB
Active:           369156 kB
Mem:          3.8G       3.7G       146M       5.8M        28M       3.2G

MemTotal:        4016004 kB
MemFree:          150284 kB
Active:           369152 kB
Mem:          3.8G       3.7G       146M       5.8M        28M       3.2G

MemTotal:        4016004 kB
MemFree:          150408 kB
Active:           369124 kB
Mem:          3.8G       3.7G       146M       5.8M        28M       3.2G

MemTotal:        4016004 kB
MemFree:          149772 kB
Active:           369228 kB
Mem:          3.8G       3.7G       146M       5.8M        28M       3.2G

MemTotal:        4016004 kB
MemFree:          149896 kB
Active:           369192 kB
Mem:          3.8G       3.7G       146M       5.8M        28M       3.2G

MemTotal:        4016004 kB
MemFree:          149896 kB
Active:           369220 kB
Mem:          3.8G       3.7G       146M       5.8M        28M       3.2G

MemTotal:        4016004 kB
MemFree:          149896 kB
Active:           369236 kB
Mem:          3.8G       3.7G       146M       5.8M        28M       3.2G

MemTotal:        4016004 kB
MemFree:          149896 kB
Active:           369224 kB
Mem:          3.8G       3.7G       146M       5.8M        28M       3.2G

MemTotal:        4016004 kB
MemFree:          149648 kB
Active:           369236 kB
Mem:          3.8G       3.7G       146M       5.8M        28M       3.2G

MemTotal:        4016004 kB
MemFree:          149896 kB
Active:           369200 kB
Mem:          3.8G       3.7G       146M       5.8M        28M       3.2G

MemTotal:        4016004 kB
MemFree:          149276 kB
Active:           369240 kB
Mem:          3.8G       3.7G       145M       5.8M        28M       3.2G

MemTotal:        4016004 kB
MemFree:          149400 kB
Active:           369216 kB
Mem:          3.8G       3.7G       145M       5.8M        28M       3.2G

MemTotal:        4016004 kB
MemFree:          149276 kB
Active:           369244 kB
Mem:          3.8G       3.7G       146M       5.8M        28M       3.2G

MemTotal:        4016004 kB
MemFree:          149276 kB
Active:           369244 kB
Mem:          3.8G       3.7G       145M       5.8M        28M       3.2G

MemTotal:        4016004 kB
MemFree:          149524 kB
Active:           369200 kB
Mem:          3.8G       3.7G       146M       5.8M        29M       3.2G

MemTotal:        4016004 kB
MemFree:          149772 kB
Active:           369212 kB
Mem:          3.8G       3.7G       145M       5.8M        29M       3.2G

MemTotal:        4016004 kB
MemFree:          149524 kB
Active:           369252 kB
Mem:          3.8G       3.7G       145M       5.8M        29M       3.2G

MemTotal:        4016004 kB
MemFree:          149400 kB
Active:           369200 kB
Mem:          3.8G       3.7G       145M       5.8M        29M       3.2G

MemTotal:        4016004 kB
MemFree:          149400 kB
Active:           369212 kB
Mem:          3.8G       3.7G       146M       5.8M        29M       3.2G

MemTotal:        4016004 kB
MemFree:          150036 kB
Active:           369244 kB
Mem:          3.8G       3.7G       146M       5.8M        29M       3.2G

MemTotal:        4016004 kB
MemFree:          149664 kB
Active:           369244 kB
Mem:          3.8G       3.7G       146M       5.8M        29M       3.2G

MemTotal:        4016004 kB
MemFree:          150036 kB
Active:           369248 kB
Mem:          3.8G       3.7G       146M       5.8M        29M       3.2G

MemTotal:        4016004 kB
MemFree:          149912 kB
Active:           369240 kB
Mem:          3.8G       3.7G       146M       5.8M        29M       3.2G

MemTotal:        4016004 kB
MemFree:          150036 kB
Active:           369256 kB
Mem:          3.8G       3.7G       146M       5.8M        29M       3.2G

MemTotal:        4016004 kB
MemFree:          150036 kB
Active:           369256 kB
Mem:          3.8G       3.7G       146M       5.8M        29M       3.2G

MemTotal:        4016004 kB
MemFree:          149416 kB
Active:           369260 kB
Mem:          3.8G       3.7G       146M       5.8M        29M       3.2G

MemTotal:        4016004 kB
MemFree:          149416 kB
Active:           369260 kB
Mem:          3.8G       3.7G       146M       5.8M        29M       3.2G

MemTotal:        4016004 kB
MemFree:          149788 kB
Active:           369260 kB
Mem:          3.8G       3.7G       146M       5.8M        29M       3.2G

MemTotal:        4016004 kB
MemFree:          149912 kB
Active:           369264 kB
Mem:          3.8G       3.7G       146M       5.8M        29M       3.2G

MemTotal:        4016004 kB
MemFree:          149540 kB
Active:           369272 kB
Mem:          3.8G       3.7G       146M       5.8M        29M       3.2G

MemTotal:        4016004 kB
MemFree:          149912 kB
Active:           369244 kB
Mem:          3.8G       3.7G       146M       5.8M        29M       3.2G

MemTotal:        4016004 kB
MemFree:          149912 kB
Active:           369268 kB
Mem:          3.8G       3.7G       146M       5.8M        29M       3.2G

MemTotal:        4016004 kB
MemFree:          149664 kB
Active:           369276 kB
Mem:          3.8G       3.7G       146M       5.8M        29M       3.2G

MemTotal:        4016004 kB
MemFree:          149540 kB
Active:           369240 kB
Mem:          3.8G       3.7G       145M       5.8M        29M       3.2G

MemTotal:        4016004 kB
MemFree:          149540 kB
Active:           369280 kB
Mem:          3.8G       3.7G       145M       5.8M        29M       3.2G

MemTotal:        4016004 kB
MemFree:          149540 kB
Active:           369280 kB
Mem:          3.8G       3.7G       146M       5.8M        29M       3.2G

MemTotal:        4016004 kB
MemFree:          149788 kB
Active:           369268 kB
Mem:          3.8G       3.7G       146M       5.8M        29M       3.2G

MemTotal:        4016004 kB
MemFree:          149788 kB
Active:           369256 kB
Mem:          3.8G       3.7G       146M       5.8M        29M       3.2G

MemTotal:        4016004 kB
MemFree:          149912 kB
Active:           369256 kB
Mem:          3.8G       3.7G       146M       5.8M        29M       3.2G

MemTotal:        4016004 kB
MemFree:          149912 kB
Active:           369232 kB
Mem:          3.8G       3.7G       146M       5.8M        29M       3.2G

MemTotal:        4016004 kB
MemFree:          149788 kB
Active:           369244 kB
Mem:          3.8G       3.7G       146M       5.8M        29M       3.2G

MemTotal:        4016004 kB
MemFree:          149788 kB
Active:           369224 kB
Mem:          3.8G       3.7G       146M       5.8M        29M       3.2G

MemTotal:        4016004 kB
MemFree:          149664 kB
Active:           369256 kB
Mem:          3.8G       3.7G       146M       5.8M        29M       3.2G

MemTotal:        4016004 kB
MemFree:          149788 kB
Active:           369288 kB
Mem:          3.8G       3.7G       146M       5.8M        29M       3.2G

MemTotal:        4016004 kB
MemFree:          149788 kB
Active:           369288 kB
Mem:          3.8G       3.7G       146M       5.8M        29M       3.2G

MemTotal:        4016004 kB
MemFree:          149540 kB
Active:           369264 kB
Mem:          3.8G       3.7G       146M       5.8M        29M       3.2G

MemTotal:        4016004 kB
MemFree:          149292 kB
Active:           369300 kB
Mem:          3.8G       3.7G       146M       5.8M        29M       3.2G

MemTotal:        4016004 kB
MemFree:          149292 kB
Active:           369300 kB
Mem:          3.8G       3.7G       145M       5.8M        29M       3.2G

MemTotal:        4016004 kB
MemFree:          149664 kB
Active:           369256 kB
Mem:          3.8G       3.7G       146M       5.8M        29M       3.2G

MemTotal:        4016004 kB
MemFree:          149168 kB
Active:           369308 kB
Mem:          3.8G       3.7G       145M       5.8M        29M       3.2G

MemTotal:        4016004 kB
MemFree:          149664 kB
Active:           369308 kB
Mem:          3.8G       3.7G       145M       5.8M        29M       3.2G

MemTotal:        4016004 kB
MemFree:          149788 kB
Active:           369308 kB
Mem:          3.8G       3.7G       146M       5.8M        29M       3.2G

MemTotal:        4016004 kB
MemFree:          149292 kB
Active:           369312 kB
Mem:          3.8G       3.7G       145M       5.8M        29M       3.2G

MemTotal:        4016004 kB
MemFree:          149416 kB
Active:           369312 kB
Mem:          3.8G       3.7G       145M       5.8M        29M       3.2G

MemTotal:        4016004 kB
MemFree:          149292 kB
Active:           369304 kB
Mem:          3.8G       3.7G       145M       5.8M        29M       3.2G

MemTotal:        4016004 kB
MemFree:          148796 kB
Active:           369312 kB
Mem:          3.8G       3.7G       145M       5.8M        29M       3.2G

MemTotal:        4016004 kB
MemFree:          149292 kB
Active:           369320 kB
Mem:          3.8G       3.7G       145M       5.8M        29M       3.2G

MemTotal:        4016004 kB
MemFree:          149292 kB
Active:           369300 kB
Mem:          3.8G       3.7G       145M       5.8M        29M       3.2G

MemTotal:        4016004 kB
MemFree:          149416 kB
Active:           369280 kB
Mem:          3.8G       3.7G       146M       5.8M        29M       3.2G

MemTotal:        4016004 kB
MemFree:          149664 kB
Active:           369280 kB
Mem:          3.8G       3.7G       146M       5.8M        29M       3.2G

MemTotal:        4016004 kB
MemFree:          149664 kB
Active:           369292 kB
Mem:          3.8G       3.7G       146M       5.8M        29M       3.2G

MemTotal:        4016004 kB
MemFree:          149416 kB
Active:           369284 kB
Mem:          3.8G       3.7G       145M       5.8M        29M       3.2G

MemTotal:        4016004 kB
MemFree:          149416 kB
Active:           369292 kB
Mem:          3.8G       3.7G       145M       5.8M        29M       3.2G

MemTotal:        4016004 kB
MemFree:          149292 kB
Active:           369292 kB
Mem:          3.8G       3.7G       145M       5.8M        29M       3.2G

MemTotal:        4016004 kB
MemFree:          149416 kB
Active:           369332 kB
Mem:          3.8G       3.7G       145M       5.8M        29M       3.2G

MemTotal:        4016004 kB
MemFree:          149416 kB
Active:           369312 kB
Mem:          3.8G       3.7G       145M       5.8M        29M       3.2G

MemTotal:        4016004 kB
MemFree:          149416 kB
Active:           369296 kB
Mem:          3.8G       3.7G       145M       5.8M        29M       3.2G

MemTotal:        4016004 kB
MemFree:          149664 kB
Active:           369296 kB
Mem:          3.8G       3.7G       146M       5.8M        29M       3.2G

MemTotal:        4016004 kB
MemFree:          149540 kB
Active:           369296 kB
Mem:          3.8G       3.7G       146M       5.8M        29M       3.2G

MemTotal:        4016004 kB
MemFree:          149540 kB
Active:           369296 kB
Mem:          3.8G       3.7G       146M       5.8M        29M       3.2G

MemTotal:        4016004 kB
MemFree:          149540 kB
Active:           369340 kB
Mem:          3.8G       3.7G       146M       5.8M        29M       3.2G

MemTotal:        4016004 kB
MemFree:          149664 kB
Active:           369332 kB
Mem:          3.8G       3.7G       146M       5.8M        29M       3.2G

MemTotal:        4016004 kB
MemFree:          149664 kB
Active:           369296 kB
Mem:          3.8G       3.7G       145M       5.8M        29M       3.2G

MemTotal:        4016004 kB
MemFree:          149664 kB
Active:           369304 kB
Mem:          3.8G       3.7G       146M       5.8M        29M       3.2G

MemTotal:        4016004 kB
MemFree:          149540 kB
Active:           369316 kB
Mem:          3.8G       3.7G       146M       5.8M        29M       3.2G

MemTotal:        4016004 kB
MemFree:          149664 kB
Active:           369336 kB
Mem:          3.8G       3.7G       146M       5.8M        29M       3.2G

MemTotal:        4016004 kB
MemFree:          149788 kB
Active:           369344 kB
Mem:          3.8G       3.7G       146M       5.8M        29M       3.2G

MemTotal:        4016004 kB
MemFree:          149664 kB
Active:           369328 kB
Mem:          3.8G       3.7G       146M       5.8M        29M       3.2G

MemTotal:        4016004 kB
MemFree:          149292 kB
Active:           369324 kB
Mem:          3.8G       3.7G       145M       5.8M        29M       3.2G

MemTotal:        4016004 kB
MemFree:          149416 kB
Active:           369324 kB
Mem:          3.8G       3.7G       145M       5.8M        29M       3.2G

MemTotal:        4016004 kB
MemFree:          149416 kB
Active:           369368 kB
Mem:          3.8G       3.7G       145M       5.8M        29M       3.2G

MemTotal:        4016004 kB
MemFree:          149292 kB
Active:           369368 kB
Mem:          3.8G       3.7G       145M       5.8M        29M       3.2G

MemTotal:        4016004 kB
MemFree:          148920 kB
Active:           369368 kB
Mem:          3.8G       3.7G       145M       5.8M        29M       3.2G

MemTotal:        4016004 kB
MemFree:          149292 kB
Active:           369340 kB
Mem:          3.8G       3.7G       146M       5.8M        29M       3.2G

MemTotal:        4016004 kB
MemFree:          149416 kB
Active:           369340 kB
Mem:          3.8G       3.7G       145M       5.8M        29M       3.2G

MemTotal:        4016004 kB
MemFree:          149540 kB
Active:           369336 kB
Mem:          3.8G       3.7G       145M       5.8M        29M       3.2G

MemTotal:        4016004 kB
MemFree:          149540 kB
Active:           369376 kB
Mem:          3.8G       3.7G       146M       5.8M        29M       3.2G

MemTotal:        4016004 kB
MemFree:          149292 kB
Active:           369376 kB
Mem:          3.8G       3.7G       146M       5.8M        29M       3.2G

MemTotal:        4016004 kB
MemFree:          149416 kB
Active:           369376 kB
Mem:          3.8G       3.7G       146M       5.8M        29M       3.2G

MemTotal:        4016004 kB
MemFree:          149788 kB
Active:           369344 kB
Mem:          3.8G       3.7G       146M       5.8M        29M       3.2G

MemTotal:        4016004 kB
MemFree:          149788 kB
Active:           369348 kB
Mem:          3.8G       3.7G       146M       5.8M        29M       3.2G

MemTotal:        4016004 kB
MemFree:          149292 kB
Active:           369380 kB
Mem:          3.8G       3.7G       146M       5.8M        29M       3.2G

MemTotal:        4016004 kB
MemFree:          149788 kB
Active:           369384 kB
Mem:          3.8G       3.7G       146M       5.8M        29M       3.2G

MemTotal:        4016004 kB
MemFree:          149788 kB
Active:           369356 kB
Mem:          3.8G       3.7G       146M       5.8M        29M       3.2G

MemTotal:        4016004 kB
MemFree:          149788 kB
Active:           369372 kB
Mem:          3.8G       3.7G       146M       5.8M        29M       3.2G

MemTotal:        4016004 kB
MemFree:          149416 kB
Active:           369348 kB
Mem:          3.8G       3.7G       146M       5.8M        29M       3.2G

MemTotal:        4016004 kB
MemFree:          149664 kB
Active:           369328 kB
Mem:          3.8G       3.7G       145M       5.8M        29M       3.2G

MemTotal:        4016004 kB
MemFree:          149292 kB
Active:           369392 kB
Mem:          3.8G       3.7G       145M       5.8M        29M       3.2G

MemTotal:        4016004 kB
MemFree:          149540 kB
Active:           369384 kB
Mem:          3.8G       3.7G       146M       5.8M        29M       3.2G

MemTotal:        4016004 kB
MemFree:          149540 kB
Active:           369380 kB
Mem:          3.8G       3.7G       145M       5.8M        29M       3.2G

MemTotal:        4016004 kB
MemFree:          149292 kB
Active:           369404 kB
Mem:          3.8G       3.7G       145M       5.8M        29M       3.2G

MemTotal:        4016004 kB
MemFree:          149292 kB
Active:           369376 kB
Mem:          3.8G       3.7G       145M       5.8M        29M       3.2G

MemTotal:        4016004 kB
MemFree:          148920 kB
Active:           369404 kB
Mem:          3.8G       3.7G       145M       5.8M        29M       3.2G

MemTotal:        4016004 kB
MemFree:          149044 kB
Active:           369372 kB
Mem:          3.8G       3.7G       145M       5.8M        29M       3.2G

MemTotal:        4016004 kB
MemFree:          149044 kB
Active:           369404 kB
Mem:          3.8G       3.7G       145M       5.8M        29M       3.2G

MemTotal:        4016004 kB
MemFree:          148796 kB
Active:           369416 kB
Mem:          3.8G       3.7G       145M       5.8M        29M       3.2G

MemTotal:        4016004 kB
MemFree:          149044 kB
Active:           369384 kB
Mem:          3.8G       3.7G       145M       5.8M        29M       3.2G

MemTotal:        4016004 kB
MemFree:          149168 kB
Active:           369388 kB
Mem:          3.8G       3.7G       145M       5.8M        29M       3.2G

MemTotal:        4016004 kB
MemFree:          149044 kB
Active:           369416 kB
Mem:          3.8G       3.7G       145M       5.8M        29M       3.2G

MemTotal:        4016004 kB
MemFree:          149416 kB
Active:           369384 kB
Mem:          3.8G       3.7G       145M       5.8M        29M       3.2G

MemTotal:        4016004 kB
MemFree:          149292 kB
Active:           369416 kB
Mem:          3.8G       3.7G       146M       5.8M        29M       3.2G

MemTotal:        4016004 kB
MemFree:          149540 kB
Active:           369384 kB
Mem:          3.8G       3.7G       146M       5.8M        29M       3.2G

MemTotal:        4016004 kB
MemFree:          149540 kB
Active:           369400 kB
Mem:          3.8G       3.7G       146M       5.8M        29M       3.2G

MemTotal:        4016004 kB
MemFree:          149540 kB
Active:           369380 kB
Mem:          3.8G       3.7G       145M       5.8M        29M       3.2G

MemTotal:        4016004 kB
MemFree:          149168 kB
Active:           369424 kB
Mem:          3.8G       3.7G       145M       5.8M        29M       3.2G

MemTotal:        4016004 kB
MemFree:          149540 kB
Active:           369388 kB
Mem:          3.8G       3.7G       146M       5.8M        29M       3.2G

MemTotal:        4016004 kB
MemFree:          149664 kB
Active:           369412 kB
Mem:          3.8G       3.7G       146M       5.8M        29M       3.2G

MemTotal:        4016004 kB
MemFree:          149540 kB
Active:           369424 kB
Mem:          3.8G       3.7G       146M       5.8M        29M       3.2G

MemTotal:        4016004 kB
MemFree:          149540 kB
Active:           369424 kB
Mem:          3.8G       3.7G       146M       5.8M        29M       3.2G

MemTotal:        4016004 kB
MemFree:          149540 kB
Active:           369424 kB
Mem:          3.8G       3.7G       145M       5.8M        29M       3.2G

MemTotal:        4016004 kB
MemFree:          149416 kB
Active:           369368 kB
Mem:          3.8G       3.7G       146M       5.8M        29M       3.2G

MemTotal:        4016004 kB
MemFree:          149664 kB
Active:           369376 kB
Mem:          3.8G       3.7G       145M       5.8M        29M       3.2G

MemTotal:        4016004 kB
MemFree:          149824 kB
Active:           369020 kB
Mem:          3.8G       3.7G       146M       5.8M        29M       3.2G

MemTotal:        4016004 kB
MemFree:          149824 kB
Active:           369020 kB
Mem:          3.8G       3.7G       146M       5.8M        29M       3.2G

MemTotal:        4016004 kB
MemFree:          149824 kB
Active:           368980 kB
Mem:          3.8G       3.7G       146M       5.8M        29M       3.2G

MemTotal:        4016004 kB
MemFree:          150196 kB
Active:           369024 kB
Mem:          3.8G       3.7G       146M       5.8M        29M       3.2G

MemTotal:        4016004 kB
MemFree:          149700 kB
Active:           369036 kB
Mem:          3.8G       3.7G       146M       5.8M        29M       3.2G

MemTotal:        4016004 kB
MemFree:          149576 kB
Active:           369036 kB
Mem:          3.8G       3.7G       146M       5.8M        29M       3.2G

MemTotal:        4016004 kB
MemFree:          149700 kB
Active:           369036 kB
Mem:          3.8G       3.7G       146M       5.8M        29M       3.2G

MemTotal:        4016004 kB
MemFree:          150196 kB
Active:           369032 kB
Mem:          3.8G       3.7G       146M       5.8M        29M       3.2G

MemTotal:        4016004 kB
MemFree:          149824 kB
Active:           369036 kB
Mem:          3.8G       3.7G       146M       5.8M        29M       3.2G

MemTotal:        4016004 kB
MemFree:          150320 kB
Active:           369028 kB
Mem:          3.8G       3.7G       146M       5.8M        29M       3.2G

MemTotal:        4016004 kB
MemFree:          150072 kB
Active:           369008 kB
Mem:          3.8G       3.7G       146M       5.8M        29M       3.2G

MemTotal:        4016004 kB
MemFree:          150320 kB
Active:           369048 kB
Mem:          3.8G       3.7G       146M       5.8M        29M       3.2G

MemTotal:        4016004 kB
MemFree:          149948 kB
Active:           369056 kB
Mem:          3.8G       3.7G       146M       5.8M        29M       3.2G

MemTotal:        4016004 kB
MemFree:          149700 kB
Active:           369056 kB
Mem:          3.8G       3.7G       146M       5.8M        29M       3.2G

MemTotal:        4016004 kB
MemFree:          149576 kB
Active:           369040 kB
Mem:          3.8G       3.7G       146M       5.8M        29M       3.2G

MemTotal:        4016004 kB
MemFree:          149948 kB
Active:           369020 kB
Mem:          3.8G       3.7G       146M       5.8M        29M       3.2G

MemTotal:        4016004 kB
MemFree:          150072 kB
Active:           369060 kB
Mem:          3.8G       3.7G       146M       5.8M        29M       3.2G

MemTotal:        4016004 kB
MemFree:          149576 kB
Active:           369064 kB
Mem:          3.8G       3.7G       146M       5.8M        29M       3.2G

MemTotal:        4016004 kB
MemFree:          149452 kB
Active:           369064 kB
Mem:          3.8G       3.7G       146M       5.8M        29M       3.2G

MemTotal:        4016004 kB
MemFree:          150104 kB
Active:           369060 kB
Mem:          3.8G       3.7G       146M       5.8M        29M       3.2G

MemTotal:        4016004 kB
MemFree:          149608 kB
Active:           369064 kB
Mem:          3.8G       3.7G       146M       5.8M        29M       3.2G

MemTotal:        4016004 kB
MemFree:          149484 kB
Active:           369064 kB
Mem:          3.8G       3.7G       145M       5.8M        29M       3.2G

MemTotal:        4016004 kB
MemFree:          149484 kB
Active:           369072 kB
Mem:          3.8G       3.7G       146M       5.8M        29M       3.2G

MemTotal:        4016004 kB
MemFree:          149732 kB
Active:           369060 kB
Mem:          3.8G       3.7G       146M       5.8M        29M       3.2G

MemTotal:        4016004 kB
MemFree:          149732 kB
Active:           369076 kB
Mem:          3.8G       3.7G       146M       5.8M        29M       3.2G

MemTotal:        4016004 kB
MemFree:          150104 kB
Active:           369044 kB
Mem:          3.8G       3.7G       146M       5.8M        29M       3.2G

MemTotal:        4016004 kB
MemFree:          149980 kB
Active:           369028 kB
Mem:          3.8G       3.7G       146M       5.8M        29M       3.2G

MemTotal:        4016004 kB
MemFree:          150104 kB
Active:           369056 kB
Mem:          3.8G       3.7G       146M       5.8M        29M       3.2G

MemTotal:        4016004 kB
MemFree:          149608 kB
Active:           369088 kB
Mem:          3.8G       3.7G       146M       5.8M        29M       3.2G

MemTotal:        4016004 kB
MemFree:          149980 kB
Active:           369060 kB
Mem:          3.8G       3.7G       146M       5.8M        29M       3.2G

MemTotal:        4016004 kB
MemFree:          150104 kB
Active:           369040 kB
