MemTotal:        4016004 kB
MemFree:         3202852 kB
Active:           458116 kB
Mem:          3.8G       793M       3.1G       5.7M        55M       327M

MemTotal:        4016004 kB
MemFree:         3203000 kB
Active:           457920 kB
Mem:          3.8G       793M       3.1G       5.7M        55M       327M

MemTotal:        4016004 kB
MemFree:         3203248 kB
Active:           457996 kB
Mem:          3.8G       793M       3.1G       5.7M        55M       327M

MemTotal:        4016004 kB
MemFree:         3203480 kB
Active:           457996 kB
Mem:          3.8G       793M       3.1G       5.7M        55M       327M

MemTotal:        4016004 kB
MemFree:         3203168 kB
Active:           457996 kB
Mem:          3.8G       793M       3.1G       5.7M        55M       327M

MemTotal:        4016004 kB
MemFree:         3202888 kB
Active:           458008 kB
Mem:          3.8G       793M       3.1G       5.7M        55M       327M

MemTotal:        4016004 kB
MemFree:         3203012 kB
Active:           458008 kB
Mem:          3.8G       793M       3.1G       5.7M        55M       327M

MemTotal:        4016004 kB
MemFree:         3203632 kB
Active:           457988 kB
Mem:          3.8G       793M       3.1G       5.7M        55M       327M

MemTotal:        4016004 kB
MemFree:         3203880 kB
Active:           457960 kB
Mem:          3.8G       793M       3.1G       5.7M        55M       327M

MemTotal:        4016004 kB
MemFree:         3203508 kB
Active:           458012 kB
Mem:          3.8G       793M       3.1G       5.7M        55M       327M

MemTotal:        4016004 kB
MemFree:         3203880 kB
Active:           457964 kB
Mem:          3.8G       793M       3.1G       5.7M        55M       327M

MemTotal:        4016004 kB
MemFree:         3203880 kB
Active:           457956 kB
Mem:          3.8G       793M       3.1G       5.7M        55M       327M

MemTotal:        4016004 kB
MemFree:         3203260 kB
Active:           458012 kB
Mem:          3.8G       793M       3.1G       5.7M        55M       327M

MemTotal:        4016004 kB
MemFree:         3203488 kB
Active:           456120 kB
Mem:          3.8G       793M       3.1G       5.7M        55M       327M

MemTotal:        4016004 kB
MemFree:         3205688 kB
Active:           456068 kB
Mem:          3.8G       791M       3.1G       5.7M        55M       327M

MemTotal:        4016004 kB
MemFree:         3205632 kB
Active:           455952 kB
Mem:          3.8G       791M       3.1G       5.7M        55M       327M

MemTotal:        4016004 kB
MemFree:         3205740 kB
Active:           455996 kB
Mem:          3.8G       791M       3.1G       5.7M        55M       327M

MemTotal:        4016004 kB
MemFree:         3205848 kB
Active:           455956 kB
Mem:          3.8G       791M       3.1G       5.7M        55M       327M

MemTotal:        4016004 kB
MemFree:         3205088 kB
Active:           456004 kB
Mem:          3.8G       791M       3.1G       5.7M        55M       327M

MemTotal:        4016004 kB
MemFree:         3205460 kB
Active:           455984 kB
Mem:          3.8G       791M       3.1G       5.7M        55M       327M

MemTotal:        4016004 kB
MemFree:         3205460 kB
Active:           455980 kB
Mem:          3.8G       791M       3.1G       5.7M        55M       327M

MemTotal:        4016004 kB
MemFree:         3205460 kB
Active:           455984 kB
Mem:          3.8G       791M       3.1G       5.7M        55M       327M

MemTotal:        4016004 kB
MemFree:         3205460 kB
Active:           455984 kB
Mem:          3.8G       791M       3.1G       5.7M        55M       327M

MemTotal:        4016004 kB
MemFree:         3203164 kB
Active:           455980 kB
Mem:          3.8G       793M       3.1G       5.7M        55M       327M

MemTotal:        4016004 kB
MemFree:         3203660 kB
Active:           458012 kB
Mem:          3.8G       793M       3.1G       5.7M        55M       327M

MemTotal:        4016004 kB
MemFree:         3203336 kB
Active:           458036 kB
Mem:          3.8G       793M       3.1G       5.7M        55M       327M

MemTotal:        4016004 kB
MemFree:         3203212 kB
Active:           458040 kB
Mem:          3.8G       793M       3.1G       5.7M        55M       327M

MemTotal:        4016004 kB
MemFree:         3203336 kB
Active:           458000 kB
Mem:          3.8G       793M       3.1G       5.7M        55M       327M

MemTotal:        4016004 kB
MemFree:         3203212 kB
Active:           458000 kB
Mem:          3.8G       793M       3.1G       5.7M        55M       327M

MemTotal:        4016004 kB
MemFree:         3203320 kB
Active:           457996 kB
Mem:          3.8G       793M       3.1G       5.7M        55M       327M

MemTotal:        4016004 kB
MemFree:         3203180 kB
Active:           458008 kB
Mem:          3.8G       793M       3.1G       5.7M        55M       327M

MemTotal:        4016004 kB
MemFree:         3203164 kB
Active:           458036 kB
Mem:          3.8G       794M       3.1G       5.7M        55M       327M

MemTotal:        4016004 kB
MemFree:         3203288 kB
Active:           458052 kB
Mem:          3.8G       793M       3.1G       5.7M        55M       327M

MemTotal:        4016004 kB
MemFree:         3203192 kB
Active:           456092 kB
Mem:          3.8G       793M       3.1G       5.7M        55M       327M

MemTotal:        4016004 kB
MemFree:         3203724 kB
Active:           458052 kB
Mem:          3.8G       793M       3.1G       5.7M        55M       327M

MemTotal:        4016004 kB
MemFree:         3203724 kB
Active:           458028 kB
Mem:          3.8G       793M       3.1G       5.7M        55M       327M

MemTotal:        4016004 kB
MemFree:         3203476 kB
Active:           458064 kB
Mem:          3.8G       793M       3.1G       5.7M        55M       327M

MemTotal:        4016004 kB
MemFree:         3203228 kB
Active:           458064 kB
Mem:          3.8G       793M       3.1G       5.7M        55M       327M

MemTotal:        4016004 kB
MemFree:         3203848 kB
Active:           458052 kB
Mem:          3.8G       793M       3.1G       5.7M        55M       327M

MemTotal:        4016004 kB
MemFree:         3203600 kB
Active:           458040 kB
Mem:          3.8G       793M       3.1G       5.7M        55M       327M

MemTotal:        4016004 kB
MemFree:         3203088 kB
Active:           458068 kB
Mem:          3.8G       793M       3.1G       5.7M        55M       327M

MemTotal:        4016004 kB
MemFree:         3203648 kB
Active:           458012 kB
Mem:          3.8G       793M       3.1G       5.7M        55M       327M

MemTotal:        4016004 kB
MemFree:         3203524 kB
Active:           458044 kB
Mem:          3.8G       793M       3.1G       5.7M        55M       327M

MemTotal:        4016004 kB
MemFree:         3203392 kB
Active:           456068 kB
Mem:          3.8G       793M       3.1G       5.7M        55M       327M

MemTotal:        4016004 kB
MemFree:         3203504 kB
Active:           458016 kB
Mem:          3.8G       793M       3.1G       5.7M        55M       327M

MemTotal:        4016004 kB
MemFree:         3203488 kB
Active:           458064 kB
Mem:          3.8G       793M       3.1G       5.7M        55M       327M

MemTotal:        4016004 kB
MemFree:         3203472 kB
Active:           458052 kB
Mem:          3.8G       793M       3.1G       5.7M        55M       327M

MemTotal:        4016004 kB
MemFree:         3203348 kB
Active:           458036 kB
Mem:          3.8G       793M       3.1G       5.7M        55M       327M

MemTotal:        4016004 kB
MemFree:         3203348 kB
Active:           458032 kB
Mem:          3.8G       793M       3.1G       5.7M        55M       327M

MemTotal:        4016004 kB
MemFree:         3203348 kB
Active:           458048 kB
Mem:          3.8G       793M       3.1G       5.7M        55M       327M

MemTotal:        4016004 kB
MemFree:         3202976 kB
Active:           458092 kB
Mem:          3.8G       793M       3.1G       5.7M        55M       327M

MemTotal:        4016004 kB
MemFree:         3203472 kB
Active:           458080 kB
Mem:          3.8G       793M       3.1G       5.7M        55M       327M

MemTotal:        4016004 kB
MemFree:         3203348 kB
Active:           458064 kB
Mem:          3.8G       793M       3.1G       5.7M        55M       327M

MemTotal:        4016004 kB
MemFree:         3202960 kB
Active:           458108 kB
Mem:          3.8G       793M       3.1G       5.7M        55M       327M

MemTotal:        4016004 kB
MemFree:         3203208 kB
Active:           458072 kB
Mem:          3.8G       794M       3.1G       5.7M        55M       327M

MemTotal:        4016004 kB
MemFree:         3203068 kB
Active:           458072 kB
Mem:          3.8G       794M       3.1G       5.7M        55M       327M

MemTotal:        4016004 kB
MemFree:         3203396 kB
Active:           458080 kB
Mem:          3.8G       793M       3.1G       5.7M        55M       327M

MemTotal:        4016004 kB
MemFree:         3203520 kB
Active:           458092 kB
Mem:          3.8G       793M       3.1G       5.7M        55M       327M

MemTotal:        4016004 kB
MemFree:         3203520 kB
Active:           458100 kB
Mem:          3.8G       793M       3.1G       5.7M        55M       327M

MemTotal:        4016004 kB
MemFree:         3203644 kB
Active:           458084 kB
Mem:          3.8G       793M       3.1G       5.7M        55M       327M

MemTotal:        4016004 kB
MemFree:         3203628 kB
Active:           458116 kB
Mem:          3.8G       793M       3.1G       5.7M        55M       327M

MemTotal:        4016004 kB
MemFree:         3203240 kB
Active:           458128 kB
Mem:          3.8G       793M       3.1G       5.7M        55M       327M

MemTotal:        4016004 kB
MemFree:         3202976 kB
Active:           458080 kB
Mem:          3.8G       794M       3.1G       5.7M        55M       327M

MemTotal:        4016004 kB
MemFree:         3202836 kB
Active:           458080 kB
Mem:          3.8G       794M       3.1G       5.7M        55M       327M

MemTotal:        4016004 kB
MemFree:         3202944 kB
Active:           458124 kB
Mem:          3.8G       793M       3.1G       5.7M        55M       327M

MemTotal:        4016004 kB
MemFree:         3203300 kB
Active:           458124 kB
Mem:          3.8G       793M       3.1G       5.7M        55M       327M

MemTotal:        4016004 kB
MemFree:         3203408 kB
Active:           458100 kB
Mem:          3.8G       793M       3.1G       5.7M        55M       327M

MemTotal:        4016004 kB
MemFree:         3203144 kB
Active:           458136 kB
Mem:          3.8G       793M       3.1G       5.7M        55M       327M

MemTotal:        4016004 kB
MemFree:         3203144 kB
Active:           458136 kB
Mem:          3.8G       793M       3.1G       5.7M        55M       327M

MemTotal:        4016004 kB
MemFree:         3203516 kB
Active:           458132 kB
Mem:          3.8G       793M       3.1G       5.7M        55M       327M

MemTotal:        4016004 kB
MemFree:         3203004 kB
Active:           458140 kB
Mem:          3.8G       794M       3.1G       5.7M        55M       327M

MemTotal:        4016004 kB
MemFree:         3202384 kB
Active:           458140 kB
Mem:          3.8G       794M       3.1G       5.7M        55M       327M

MemTotal:        4016004 kB
MemFree:         3202864 kB
Active:           458132 kB
Mem:          3.8G       794M       3.1G       5.7M        55M       327M

MemTotal:        4016004 kB
MemFree:         3202564 kB
Active:           456240 kB
Mem:          3.8G       794M       3.1G       5.7M        55M       327M

MemTotal:        4016004 kB
MemFree:         3203020 kB
Active:           458140 kB
Mem:          3.8G       793M       3.1G       5.7M        55M       327M

MemTotal:        4016004 kB
MemFree:         3203020 kB
Active:           458136 kB
Mem:          3.8G       794M       3.1G       5.7M        55M       327M

MemTotal:        4016004 kB
MemFree:         3203020 kB
Active:           458132 kB
Mem:          3.8G       793M       3.1G       5.7M        55M       327M

MemTotal:        4016004 kB
MemFree:         3202648 kB
Active:           458156 kB
Mem:          3.8G       794M       3.1G       5.7M        55M       327M

MemTotal:        4016004 kB
MemFree:         3202772 kB
Active:           458156 kB
Mem:          3.8G       794M       3.1G       5.7M        55M       327M

MemTotal:        4016004 kB
MemFree:         3203128 kB
Active:           458140 kB
Mem:          3.8G       794M       3.1G       5.7M        55M       327M

MemTotal:        4016004 kB
MemFree:         3202680 kB
Active:           458156 kB
Mem:          3.8G       794M       3.1G       5.7M        55M       327M

MemTotal:        4016004 kB
MemFree:         3202804 kB
Active:           458156 kB
Mem:          3.8G       793M       3.1G       5.7M        55M       327M

MemTotal:        4016004 kB
MemFree:         3203084 kB
Active:           458136 kB
Mem:          3.8G       794M       3.1G       5.7M        55M       327M

MemTotal:        4016004 kB
MemFree:         3202792 kB
Active:           456124 kB
Mem:          3.8G       794M       3.1G       5.7M        55M       328M

MemTotal:        4016004 kB
MemFree:         3203000 kB
Active:           458168 kB
Mem:          3.8G       794M       3.1G       5.7M        55M       328M

MemTotal:        4016004 kB
MemFree:         3203108 kB
Active:           458112 kB
Mem:          3.8G       793M       3.1G       5.7M        55M       328M

MemTotal:        4016004 kB
MemFree:         3203216 kB
Active:           458164 kB
Mem:          3.8G       793M       3.1G       5.7M        55M       328M

MemTotal:        4016004 kB
MemFree:         3202952 kB
Active:           458116 kB
Mem:          3.8G       793M       3.1G       5.7M        55M       327M

MemTotal:        4016004 kB
MemFree:         3202936 kB
Active:           458176 kB
Mem:          3.8G       793M       3.1G       5.7M        55M       328M

MemTotal:        4016004 kB
MemFree:         3203168 kB
Active:           458128 kB
Mem:          3.8G       794M       3.1G       5.7M        55M       328M

MemTotal:        4016004 kB
MemFree:         3203292 kB
Active:           458132 kB
Mem:          3.8G       793M       3.1G       5.7M        55M       328M

MemTotal:        4016004 kB
MemFree:         3203292 kB
Active:           458156 kB
Mem:          3.8G       793M       3.1G       5.7M        55M       328M

MemTotal:        4016004 kB
MemFree:         3203044 kB
Active:           458184 kB
Mem:          3.8G       794M       3.1G       5.7M        55M       328M

MemTotal:        4016004 kB
MemFree:         3203044 kB
Active:           458128 kB
Mem:          3.8G       794M       3.1G       5.7M        55M       328M

MemTotal:        4016004 kB
MemFree:         3203044 kB
Active:           458128 kB
Mem:          3.8G       794M       3.1G       5.7M        55M       328M

MemTotal:        4016004 kB
MemFree:         3202300 kB
Active:           458184 kB
Mem:          3.8G       794M       3.1G       5.7M        55M       328M

MemTotal:        4016004 kB
MemFree:         3202672 kB
Active:           458132 kB
Mem:          3.8G       794M       3.1G       5.7M        55M       328M

MemTotal:        4016004 kB
MemFree:         3202892 kB
Active:           458168 kB
Mem:          3.8G       794M       3.1G       5.7M        55M       328M

MemTotal:        4016004 kB
MemFree:         3202892 kB
Active:           458160 kB
Mem:          3.8G       794M       3.1G       5.7M        55M       328M

MemTotal:        4016004 kB
MemFree:         3202380 kB
Active:           458200 kB
Mem:          3.8G       794M       3.1G       5.7M        55M       328M

MemTotal:        4016004 kB
MemFree:         3202736 kB
Active:           458180 kB
Mem:          3.8G       794M       3.1G       5.7M        55M       328M

MemTotal:        4016004 kB
MemFree:         3202720 kB
Active:           458200 kB
Mem:          3.8G       794M       3.1G       5.7M        55M       328M

MemTotal:        4016004 kB
MemFree:         3202828 kB
Active:           458164 kB
Mem:          3.8G       794M       3.1G       5.7M        55M       328M

MemTotal:        4016004 kB
MemFree:         3202828 kB
Active:           458156 kB
Mem:          3.8G       793M       3.1G       5.7M        55M       328M

MemTotal:        4016004 kB
MemFree:         3202936 kB
Active:           458196 kB
Mem:          3.8G       793M       3.1G       5.7M        55M       328M

MemTotal:        4016004 kB
MemFree:         3202580 kB
Active:           458212 kB
Mem:          3.8G       794M       3.1G       5.7M        55M       328M

MemTotal:        4016004 kB
MemFree:         3202952 kB
Active:           458188 kB
Mem:          3.8G       794M       3.1G       5.7M        55M       328M

MemTotal:        4016004 kB
MemFree:         3202952 kB
Active:           458184 kB
Mem:          3.8G       794M       3.1G       5.7M        55M       328M

MemTotal:        4016004 kB
MemFree:         3202580 kB
Active:           458212 kB
Mem:          3.8G       794M       3.1G       5.7M        55M       328M

MemTotal:        4016004 kB
MemFree:         3203200 kB
Active:           458200 kB
Mem:          3.8G       794M       3.1G       5.7M        55M       328M

MemTotal:        4016004 kB
MemFree:         3202952 kB
Active:           458188 kB
Mem:          3.8G       794M       3.1G       5.7M        55M       328M

MemTotal:        4016004 kB
MemFree:         3202936 kB
Active:           458184 kB
Mem:          3.8G       794M       3.1G       5.7M        55M       328M

MemTotal:        4016004 kB
MemFree:         3203000 kB
Active:           458188 kB
Mem:          3.8G       793M       3.1G       5.7M        55M       328M

MemTotal:        4016004 kB
MemFree:         3203124 kB
Active:           458204 kB
Mem:          3.8G       793M       3.1G       5.7M        55M       328M

MemTotal:        4016004 kB
MemFree:         3203232 kB
Active:           458192 kB
Mem:          3.8G       793M       3.1G       5.7M        55M       328M

MemTotal:        4016004 kB
MemFree:         3202596 kB
Active:           458224 kB
Mem:          3.8G       794M       3.1G       5.7M        55M       328M

MemTotal:        4016004 kB
MemFree:         3202704 kB
Active:           458228 kB
Mem:          3.8G       794M       3.1G       5.7M        55M       328M

MemTotal:        4016004 kB
MemFree:         3203200 kB
Active:           458216 kB
Mem:          3.8G       794M       3.1G       5.7M        55M       328M

MemTotal:        4016004 kB
MemFree:         3202704 kB
Active:           458236 kB
Mem:          3.8G       794M       3.1G       5.7M        55M       328M

MemTotal:        4016004 kB
MemFree:         3202208 kB
Active:           458236 kB
Mem:          3.8G       794M       3.1G       5.7M        55M       328M

MemTotal:        4016004 kB
MemFree:         3202812 kB
Active:           458220 kB
Mem:          3.8G       794M       3.1G       5.7M        55M       328M

MemTotal:        4016004 kB
MemFree:         3203200 kB
Active:           458232 kB
Mem:          3.8G       793M       3.1G       5.7M        55M       328M

MemTotal:        4016004 kB
MemFree:         3202704 kB
Active:           458244 kB
Mem:          3.8G       793M       3.1G       5.7M        55M       328M

MemTotal:        4016004 kB
MemFree:         3200656 kB
Active:           458244 kB
Mem:          3.8G       795M       3.1G       5.7M        55M       328M

MemTotal:        4016004 kB
MemFree:         3201028 kB
Active:           460252 kB
Mem:          3.8G       795M       3.1G       5.7M        55M       328M

MemTotal:        4016004 kB
MemFree:         3201028 kB
Active:           460240 kB
Mem:          3.8G       795M       3.1G       5.7M        55M       328M

MemTotal:        4016004 kB
MemFree:         3200656 kB
Active:           460272 kB
Mem:          3.8G       795M       3.1G       5.7M        55M       328M

MemTotal:        4016004 kB
MemFree:         3201028 kB
Active:           460216 kB
Mem:          3.8G       796M       3.1G       5.7M        55M       328M

MemTotal:        4016004 kB
MemFree:         3201324 kB
Active:           460276 kB
Mem:          3.8G       795M       3.1G       5.7M        55M       328M

MemTotal:        4016004 kB
MemFree:         3200796 kB
Active:           460280 kB
Mem:          3.8G       795M       3.1G       5.7M        55M       328M

MemTotal:        4016004 kB
MemFree:         3200796 kB
Active:           460280 kB
Mem:          3.8G       795M       3.1G       5.7M        55M       328M

MemTotal:        4016004 kB
MemFree:         3201292 kB
Active:           460244 kB
Mem:          3.8G       795M       3.1G       5.7M        55M       328M

MemTotal:        4016004 kB
MemFree:         3201416 kB
Active:           460244 kB
Mem:          3.8G       795M       3.1G       5.7M        55M       328M

MemTotal:        4016004 kB
MemFree:         3201152 kB
Active:           460252 kB
Mem:          3.8G       795M       3.1G       5.7M        55M       328M

MemTotal:        4016004 kB
MemFree:         3201136 kB
Active:           460252 kB
Mem:          3.8G       795M       3.1G       5.7M        55M       328M

MemTotal:        4016004 kB
MemFree:         3200640 kB
Active:           460280 kB
Mem:          3.8G       796M       3.1G       5.7M        55M       328M

MemTotal:        4016004 kB
MemFree:         3200640 kB
Active:           460288 kB
Mem:          3.8G       796M       3.1G       5.7M        55M       328M

MemTotal:        4016004 kB
MemFree:         3200888 kB
Active:           460260 kB
Mem:          3.8G       795M       3.1G       5.7M        55M       328M

MemTotal:        4016004 kB
MemFree:         3201012 kB
Active:           460244 kB
Mem:          3.8G       795M       3.1G       5.7M        55M       328M

MemTotal:        4016004 kB
MemFree:         3200516 kB
Active:           460300 kB
Mem:          3.8G       796M       3.1G       5.7M        55M       328M

MemTotal:        4016004 kB
MemFree:         3200764 kB
Active:           460296 kB
Mem:          3.8G       796M       3.1G       5.7M        55M       328M

MemTotal:        4016004 kB
MemFree:         3200796 kB
Active:           460248 kB
Mem:          3.8G       796M       3.1G       5.7M        55M       328M

MemTotal:        4016004 kB
MemFree:         3200548 kB
Active:           460300 kB
Mem:          3.8G       796M       3.1G       5.7M        55M       328M

MemTotal:        4016004 kB
MemFree:         3200044 kB
Active:           458420 kB
Mem:          3.8G       796M       3.1G       5.7M        55M       328M

MemTotal:        4016004 kB
MemFree:         3200292 kB
Active:           460348 kB
Mem:          3.8G       796M       3.1G       5.7M        55M       328M

MemTotal:        4016004 kB
MemFree:         3200664 kB
Active:           460368 kB
Mem:          3.8G       796M       3.1G       5.7M        55M       328M

MemTotal:        4016004 kB
MemFree:         3200772 kB
Active:           460368 kB
Mem:          3.8G       796M       3.1G       5.7M        55M       328M

MemTotal:        4016004 kB
MemFree:         3200508 kB
Active:           460420 kB
Mem:          3.8G       796M       3.1G       5.7M        55M       328M

MemTotal:        4016004 kB
MemFree:         3201304 kB
Active:           460364 kB
Mem:          3.8G       795M       3.1G       5.7M        55M       328M

MemTotal:        4016004 kB
MemFree:         3201320 kB
Active:           460384 kB
Mem:          3.8G       795M       3.1G       5.7M        55M       328M

MemTotal:        4016004 kB
MemFree:         3200948 kB
Active:           460384 kB
Mem:          3.8G       795M       3.1G       5.7M        55M       328M

MemTotal:        4016004 kB
MemFree:         3200948 kB
Active:           460376 kB
Mem:          3.8G       796M       3.1G       5.7M        55M       328M

MemTotal:        4016004 kB
MemFree:         3200824 kB
Active:           460392 kB
Mem:          3.8G       796M       3.1G       5.7M        55M       328M

MemTotal:        4016004 kB
MemFree:         3200092 kB
Active:           458444 kB
Mem:          3.8G       796M       3.1G       5.7M        55M       328M

MemTotal:        4016004 kB
MemFree:         3200752 kB
Active:           460384 kB
Mem:          3.8G       796M       3.1G       5.7M        55M       328M

MemTotal:        4016004 kB
MemFree:         3201124 kB
Active:           460384 kB
Mem:          3.8G       796M       3.1G       5.7M        55M       328M

MemTotal:        4016004 kB
MemFree:         3201000 kB
Active:           460400 kB
Mem:          3.8G       795M       3.1G       5.7M        55M       328M

MemTotal:        4016004 kB
MemFree:         3200752 kB
Active:           460444 kB
Mem:          3.8G       795M       3.1G       5.7M        55M       328M

MemTotal:        4016004 kB
MemFree:         3201156 kB
Active:           460420 kB
Mem:          3.8G       795M       3.1G       5.7M        55M       328M

MemTotal:        4016004 kB
MemFree:         3201172 kB
Active:           460400 kB
Mem:          3.8G       795M       3.1G       5.7M        55M       328M

MemTotal:        4016004 kB
MemFree:         3201296 kB
Active:           460396 kB
Mem:          3.8G       795M       3.1G       5.7M        55M       328M

MemTotal:        4016004 kB
MemFree:         3201312 kB
Active:           460392 kB
Mem:          3.8G       795M       3.1G       5.7M        55M       328M

MemTotal:        4016004 kB
MemFree:         3201204 kB
Active:           460444 kB
Mem:          3.8G       795M       3.1G       5.7M        55M       328M

MemTotal:        4016004 kB
MemFree:         3200708 kB
Active:           460452 kB
Mem:          3.8G       795M       3.1G       5.7M        55M       328M

MemTotal:        4016004 kB
MemFree:         3200616 kB
Active:           460456 kB
Mem:          3.8G       796M       3.1G       5.7M        55M       328M

MemTotal:        4016004 kB
MemFree:         3200880 kB
Active:           460408 kB
Mem:          3.8G       795M       3.1G       5.7M        55M       328M

MemTotal:        4016004 kB
MemFree:         3200632 kB
Active:           460460 kB
Mem:          3.8G       796M       3.1G       5.7M        55M       328M

MemTotal:        4016004 kB
MemFree:         3201128 kB
Active:           460412 kB
Mem:          3.8G       795M       3.1G       5.7M        55M       328M

MemTotal:        4016004 kB
MemFree:         3201112 kB
Active:           460404 kB
Mem:          3.8G       795M       3.1G       5.7M        55M       328M

MemTotal:        4016004 kB
MemFree:         3201220 kB
Active:           460460 kB
Mem:          3.8G       795M       3.1G       5.7M        55M       328M

MemTotal:        4016004 kB
MemFree:         3201112 kB
Active:           460460 kB
Mem:          3.8G       795M       3.1G       5.7M        55M       328M

MemTotal:        4016004 kB
MemFree:         3201220 kB
Active:           460416 kB
Mem:          3.8G       795M       3.1G       5.7M        55M       328M

MemTotal:        4016004 kB
MemFree:         3201360 kB
Active:           460464 kB
Mem:          3.8G       795M       3.1G       5.7M        55M       328M

MemTotal:        4016004 kB
MemFree:         3200972 kB
Active:           460468 kB
Mem:          3.8G       795M       3.1G       5.7M        55M       328M

MemTotal:        4016004 kB
MemFree:         3200848 kB
Active:           460472 kB
Mem:          3.8G       796M       3.1G       5.7M        55M       328M

MemTotal:        4016004 kB
MemFree:         3201360 kB
Active:           460420 kB
Mem:          3.8G       795M       3.1G       5.7M        55M       328M

MemTotal:        4016004 kB
MemFree:         3201360 kB
Active:           460428 kB
Mem:          3.8G       795M       3.1G       5.7M        55M       328M

MemTotal:        4016004 kB
MemFree:         3201748 kB
Active:           460396 kB
Mem:          3.8G       795M       3.1G       5.7M        55M       328M

MemTotal:        4016004 kB
MemFree:         3201700 kB
Active:           460260 kB
Mem:          3.8G       795M       3.1G       5.7M        55M       328M

MemTotal:        4016004 kB
MemFree:         3201592 kB
Active:           460280 kB
Mem:          3.8G       795M       3.1G       5.7M        55M       328M

MemTotal:        4016004 kB
MemFree:         3201468 kB
Active:           460316 kB
Mem:          3.8G       795M       3.1G       5.7M        55M       328M

MemTotal:        4016004 kB
MemFree:         3201392 kB
Active:           460288 kB
Mem:          3.8G       795M       3.1G       5.7M        55M       328M

MemTotal:        4016004 kB
MemFree:         3201276 kB
Active:           460428 kB
Mem:          3.8G       795M       3.1G       5.7M        55M       328M

MemTotal:        4016004 kB
MemFree:         3200880 kB
Active:           460320 kB
Mem:          3.8G       796M       3.1G       5.7M        55M       328M

MemTotal:        4016004 kB
MemFree:         3201176 kB
Active:           460308 kB
Mem:          3.8G       795M       3.1G       5.7M        55M       328M

MemTotal:        4016004 kB
MemFree:         3201220 kB
Active:           460312 kB
Mem:          3.8G       795M       3.1G       5.7M        55M       328M

MemTotal:        4016004 kB
MemFree:         3201344 kB
Active:           460400 kB
Mem:          3.8G       795M       3.1G       5.7M        55M       328M

MemTotal:        4016004 kB
MemFree:         3201252 kB
Active:           460328 kB
Mem:          3.8G       795M       3.1G       5.7M        55M       328M

MemTotal:        4016004 kB
MemFree:         3201360 kB
Active:           460308 kB
Mem:          3.8G       795M       3.1G       5.7M        55M       328M

MemTotal:        4016004 kB
MemFree:         3201400 kB
Active:           460384 kB
Mem:          3.8G       795M       3.1G       5.7M        55M       328M

MemTotal:        4016004 kB
MemFree:         3200988 kB
Active:           460328 kB
Mem:          3.8G       795M       3.1G       5.7M        55M       328M

MemTotal:        4016004 kB
MemFree:         3201268 kB
Active:           460312 kB
Mem:          3.8G       795M       3.1G       5.7M        55M       328M

MemTotal:        4016004 kB
MemFree:         3200912 kB
Active:           460444 kB
Mem:          3.8G       795M       3.1G       5.7M        55M       328M

MemTotal:        4016004 kB
MemFree:         3201316 kB
Active:           460344 kB
Mem:          3.8G       795M       3.1G       5.7M        55M       328M

MemTotal:        4016004 kB
MemFree:         3201160 kB
Active:           460360 kB
Mem:          3.8G       795M       3.1G       5.7M        55M       328M

MemTotal:        4016004 kB
MemFree:         3201096 kB
Active:           460460 kB
Mem:          3.8G       795M       3.1G       5.7M        55M       328M

MemTotal:        4016004 kB
MemFree:         3201096 kB
Active:           460328 kB
Mem:          3.8G       795M       3.1G       5.7M        55M       328M

MemTotal:        4016004 kB
MemFree:         3200864 kB
Active:           460456 kB
Mem:          3.8G       796M       3.1G       5.7M        55M       328M

MemTotal:        4016004 kB
MemFree:         3201096 kB
Active:           460312 kB
Mem:          3.8G       795M       3.1G       5.7M        55M       328M

MemTotal:        4016004 kB
MemFree:         3201096 kB
Active:           460328 kB
Mem:          3.8G       795M       3.1G       5.7M        55M       328M

MemTotal:        4016004 kB
MemFree:         3201220 kB
Active:           460216 kB
Mem:          3.8G       795M       3.1G       5.7M        55M       328M

MemTotal:        4016004 kB
MemFree:         3201220 kB
Active:           460204 kB
Mem:          3.8G       795M       3.1G       5.7M        55M       328M

MemTotal:        4016004 kB
MemFree:         3200864 kB
Active:           460456 kB
Mem:          3.8G       796M       3.1G       5.7M        55M       328M

MemTotal:        4016004 kB
MemFree:         3200988 kB
Active:           460456 kB
Mem:          3.8G       795M       3.1G       5.7M        55M       328M

MemTotal:        4016004 kB
MemFree:         3200616 kB
Active:           460484 kB
Mem:          3.8G       796M       3.1G       5.7M        55M       328M

MemTotal:        4016004 kB
MemFree:         3201128 kB
Active:           460360 kB
Mem:          3.8G       795M       3.1G       5.7M        55M       328M

MemTotal:        4016004 kB
MemFree:         3201516 kB
Active:           460368 kB
Mem:          3.8G       795M       3.1G       5.7M        55M       328M

MemTotal:        4016004 kB
MemFree:         3201392 kB
Active:           460336 kB
Mem:          3.8G       795M       3.1G       5.7M        55M       328M

MemTotal:        4016004 kB
MemFree:         3201020 kB
Active:           460384 kB
Mem:          3.8G       795M       3.1G       5.7M        55M       328M

MemTotal:        4016004 kB
MemFree:         3201020 kB
Active:           460384 kB
Mem:          3.8G       795M       3.1G       5.7M        55M       328M

MemTotal:        4016004 kB
MemFree:         3201392 kB
Active:           460364 kB
Mem:          3.8G       795M       3.1G       5.7M        55M       328M

MemTotal:        4016004 kB
MemFree:         3201020 kB
Active:           460384 kB
Mem:          3.8G       795M       3.1G       5.7M        55M       328M

MemTotal:        4016004 kB
MemFree:         3200896 kB
Active:           460380 kB
Mem:          3.8G       796M       3.1G       5.7M        55M       328M

MemTotal:        4016004 kB
MemFree:         3198972 kB
Active:           460356 kB
Mem:          3.8G       797M       3.1G       5.7M        55M       328M

MemTotal:        4016004 kB
MemFree:         3198972 kB
Active:           462416 kB
Mem:          3.8G       797M       3.1G       5.7M        55M       328M

MemTotal:        4016004 kB
MemFree:         3199468 kB
Active:           462392 kB
Mem:          3.8G       797M       3.1G       5.7M        55M       328M

MemTotal:        4016004 kB
MemFree:         3199468 kB
Active:           462412 kB
Mem:          3.8G       797M       3.1G       5.7M        55M       328M

MemTotal:        4016004 kB
MemFree:         3199344 kB
Active:           462412 kB
Mem:          3.8G       797M       3.1G       5.7M        55M       328M

MemTotal:        4016004 kB
MemFree:         3198848 kB
Active:           462420 kB
Mem:          3.8G       797M       3.1G       5.7M        55M       328M

MemTotal:        4016004 kB
MemFree:         3198972 kB
Active:           462424 kB
Mem:          3.8G       797M       3.1G       5.7M        55M       328M

MemTotal:        4016004 kB
MemFree:         3198848 kB
Active:           462372 kB
Mem:          3.8G       798M       3.1G       5.7M        55M       328M

MemTotal:        4016004 kB
MemFree:         3199096 kB
Active:           462420 kB
Mem:          3.8G       797M       3.1G       5.7M        55M       328M

MemTotal:        4016004 kB
MemFree:         3199468 kB
Active:           462392 kB
Mem:          3.8G       797M       3.1G       5.7M        55M       328M

MemTotal:        4016004 kB
MemFree:         3198472 kB
Active:           460380 kB
Mem:          3.8G       798M       3.1G       5.7M        55M       328M

MemTotal:        4016004 kB
MemFree:         3198968 kB
Active:           462420 kB
Mem:          3.8G       798M       3.1G       5.7M        55M       328M

MemTotal:        4016004 kB
MemFree:         3198968 kB
Active:           462408 kB
Mem:          3.8G       797M       3.1G       5.7M        55M       328M

MemTotal:        4016004 kB
MemFree:         3198968 kB
Active:           462376 kB
Mem:          3.8G       797M       3.1G       5.7M        55M       328M

MemTotal:        4016004 kB
MemFree:         3199464 kB
Active:           462376 kB
Mem:          3.8G       797M       3.1G       5.7M        55M       328M

MemTotal:        4016004 kB
MemFree:         3199464 kB
Active:           462424 kB
Mem:          3.8G       797M       3.1G       5.7M        55M       328M

MemTotal:        4016004 kB
MemFree:         3199092 kB
Active:           462440 kB
Mem:          3.8G       797M       3.1G       5.7M        55M       328M

MemTotal:        4016004 kB
MemFree:         3199340 kB
Active:           462436 kB
Mem:          3.8G       797M       3.1G       5.7M        55M       328M

MemTotal:        4016004 kB
MemFree:         3199340 kB
Active:           462436 kB
Mem:          3.8G       797M       3.1G       5.7M        55M       328M

MemTotal:        4016004 kB
MemFree:         3198720 kB
Active:           462444 kB
Mem:          3.8G       797M       3.1G       5.7M        55M       328M

MemTotal:        4016004 kB
MemFree:         3198968 kB
Active:           462444 kB
Mem:          3.8G       797M       3.1G       5.7M        55M       328M

MemTotal:        4016004 kB
MemFree:         3199340 kB
Active:           462420 kB
Mem:          3.8G       797M       3.1G       5.7M        55M       328M

MemTotal:        4016004 kB
MemFree:         3199092 kB
Active:           462444 kB
Mem:          3.8G       797M       3.1G       5.7M        55M       328M

MemTotal:        4016004 kB
MemFree:         3199092 kB
Active:           462456 kB
Mem:          3.8G       797M       3.1G       5.7M        55M       328M

MemTotal:        4016004 kB
MemFree:         3199216 kB
Active:           462456 kB
Mem:          3.8G       797M       3.1G       5.7M        55M       328M

MemTotal:        4016004 kB
MemFree:         3198844 kB
Active:           462456 kB
Mem:          3.8G       798M       3.1G       5.7M        55M       328M

MemTotal:        4016004 kB
MemFree:         3199216 kB
Active:           462436 kB
Mem:          3.8G       797M       3.1G       5.7M        55M       328M

MemTotal:        4016004 kB
MemFree:         3198720 kB
Active:           462456 kB
Mem:          3.8G       797M       3.1G       5.7M        55M       328M

MemTotal:        4016004 kB
MemFree:         3199216 kB
Active:           462456 kB
Mem:          3.8G       797M       3.1G       5.7M        55M       328M

MemTotal:        4016004 kB
MemFree:         3199092 kB
Active:           462424 kB
Mem:          3.8G       797M       3.1G       5.7M        55M       328M

MemTotal:        4016004 kB
MemFree:         3199340 kB
Active:           462452 kB
Mem:          3.8G       797M       3.1G       5.7M        55M       328M

MemTotal:        4016004 kB
MemFree:         3199712 kB
Active:           462424 kB
Mem:          3.8G       797M       3.1G       5.7M        55M       328M

MemTotal:        4016004 kB
MemFree:         3199588 kB
Active:           462456 kB
Mem:          3.8G       797M       3.1G       5.7M        55M       328M

MemTotal:        4016004 kB
MemFree:         3199340 kB
Active:           462444 kB
Mem:          3.8G       797M       3.1G       5.7M        55M       328M

MemTotal:        4016004 kB
MemFree:         3199092 kB
Active:           462472 kB
Mem:          3.8G       797M       3.1G       5.7M        55M       328M

MemTotal:        4016004 kB
MemFree:         3199464 kB
Active:           462428 kB
Mem:          3.8G       797M       3.1G       5.7M        55M       328M

MemTotal:        4016004 kB
MemFree:         3199464 kB
Active:           462448 kB
Mem:          3.8G       797M       3.1G       5.7M        55M       328M

MemTotal:        4016004 kB
MemFree:         3199464 kB
Active:           462448 kB
Mem:          3.8G       797M       3.1G       5.7M        55M       328M

MemTotal:        4016004 kB
MemFree:         3199464 kB
Active:           462448 kB
Mem:          3.8G       797M       3.1G       5.7M        55M       328M

MemTotal:        4016004 kB
MemFree:         3199588 kB
Active:           462424 kB
Mem:          3.8G       797M       3.1G       5.7M        55M       328M

MemTotal:        4016004 kB
MemFree:         3198160 kB
Active:           460428 kB
Mem:          3.8G       798M       3.1G       5.7M        55M       328M

MemTotal:        4016004 kB
MemFree:         3198780 kB
Active:           462468 kB
Mem:          3.8G       798M       3.1G       5.7M        55M       328M

MemTotal:        4016004 kB
MemFree:         3199028 kB
Active:           462432 kB
Mem:          3.8G       797M       3.1G       5.7M        55M       328M

MemTotal:        4016004 kB
MemFree:         3198904 kB
Active:           462468 kB
Mem:          3.8G       797M       3.1G       5.7M        55M       328M

MemTotal:        4016004 kB
MemFree:         3198532 kB
Active:           462488 kB
Mem:          3.8G       798M       3.1G       5.7M        55M       328M

MemTotal:        4016004 kB
MemFree:         3198036 kB
Active:           462488 kB
Mem:          3.8G       798M       3.0G       5.7M        55M       328M

MemTotal:        4016004 kB
MemFree:         3198408 kB
Active:           462480 kB
Mem:          3.8G       798M       3.1G       5.7M        55M       328M

MemTotal:        4016004 kB
MemFree:         3199028 kB
Active:           462476 kB
Mem:          3.8G       797M       3.1G       5.7M        55M       328M

MemTotal:        4016004 kB
MemFree:         3199028 kB
Active:           462492 kB
Mem:          3.8G       797M       3.1G       5.7M        55M       328M

MemTotal:        4016004 kB
MemFree:         3199152 kB
Active:           462488 kB
Mem:          3.8G       797M       3.1G       5.7M        55M       328M

MemTotal:        4016004 kB
MemFree:         3197964 kB
Active:           460452 kB
Mem:          3.8G       798M       3.0G       5.7M        55M       328M

MemTotal:        4016004 kB
MemFree:         3198336 kB
Active:           462460 kB
Mem:          3.8G       798M       3.1G       5.7M        55M       328M

MemTotal:        4016004 kB
MemFree:         3198460 kB
Active:           462460 kB
Mem:          3.8G       798M       3.0G       5.7M        55M       328M

MemTotal:        4016004 kB
MemFree:         3198072 kB
Active:           462508 kB
Mem:          3.8G       798M       3.1G       5.7M        55M       328M

MemTotal:        4016004 kB
MemFree:         3198816 kB
Active:           462460 kB
Mem:          3.8G       798M       3.1G       5.7M        55M       328M

MemTotal:        4016004 kB
MemFree:         3198816 kB
Active:           462492 kB
Mem:          3.8G       798M       3.1G       5.7M        55M       328M

MemTotal:        4016004 kB
MemFree:         3198816 kB
Active:           462476 kB
Mem:          3.8G       798M       3.1G       5.7M        55M       328M

MemTotal:        4016004 kB
MemFree:         3198444 kB
Active:           462508 kB
Mem:          3.8G       798M       3.1G       5.7M        55M       328M

MemTotal:        4016004 kB
MemFree:         3198816 kB
Active:           462508 kB
Mem:          3.8G       798M       3.1G       5.7M        55M       328M

MemTotal:        4016004 kB
MemFree:         3199064 kB
Active:           462488 kB
Mem:          3.8G       797M       3.1G       5.7M        55M       328M

MemTotal:        4016004 kB
MemFree:         3198056 kB
Active:           460460 kB
Mem:          3.8G       798M       3.1G       5.7M        55M       328M

MemTotal:        4016004 kB
MemFree:         3198180 kB
Active:           462512 kB
Mem:          3.8G       798M       3.1G       5.7M        55M       328M

MemTotal:        4016004 kB
MemFree:         3198552 kB
Active:           462500 kB
Mem:          3.8G       798M       3.1G       5.7M        55M       328M

MemTotal:        4016004 kB
MemFree:         3198924 kB
Active:           462468 kB
Mem:          3.8G       797M       3.1G       5.7M        55M       328M

MemTotal:        4016004 kB
MemFree:         3198924 kB
Active:           462520 kB
Mem:          3.8G       797M       3.1G       5.7M        55M       328M

MemTotal:        4016004 kB
MemFree:         3199048 kB
Active:           462500 kB
Mem:          3.8G       797M       3.1G       5.7M        55M       328M

MemTotal:        4016004 kB
MemFree:         3199172 kB
Active:           462516 kB
Mem:          3.8G       797M       3.1G       5.7M        55M       328M

MemTotal:        4016004 kB
MemFree:         3199172 kB
Active:           462476 kB
Mem:          3.8G       797M       3.1G       5.7M        55M       328M

MemTotal:        4016004 kB
MemFree:         3198924 kB
Active:           462500 kB
Mem:          3.8G       797M       3.1G       5.7M        55M       328M

MemTotal:        4016004 kB
MemFree:         3198924 kB
Active:           462496 kB
Mem:          3.8G       797M       3.1G       5.7M        55M       328M

MemTotal:        4016004 kB
MemFree:         3197804 kB
Active:           460480 kB
Mem:          3.8G       798M       3.0G       5.7M        55M       328M

MemTotal:        4016004 kB
MemFree:         3198548 kB
Active:           462508 kB
Mem:          3.8G       798M       3.1G       5.7M        55M       328M

MemTotal:        4016004 kB
MemFree:         3198176 kB
Active:           462484 kB
Mem:          3.8G       798M       3.1G       5.7M        55M       328M

MemTotal:        4016004 kB
MemFree:         3198424 kB
Active:           462512 kB
Mem:          3.8G       798M       3.1G       5.7M        55M       328M

MemTotal:        4016004 kB
MemFree:         3197928 kB
Active:           462528 kB
Mem:          3.8G       798M       3.0G       5.7M        55M       328M

MemTotal:        4016004 kB
MemFree:         3198052 kB
Active:           462520 kB
Mem:          3.8G       798M       3.0G       5.7M        55M       328M

MemTotal:        4016004 kB
MemFree:         3197804 kB
Active:           462532 kB
Mem:          3.8G       799M       3.0G       5.7M        55M       328M

MemTotal:        4016004 kB
MemFree:         3198176 kB
Active:           462496 kB
Mem:          3.8G       798M       3.0G       5.7M        55M       328M

MemTotal:        4016004 kB
MemFree:         3198052 kB
Active:           462536 kB
Mem:          3.8G       798M       3.0G       5.7M        55M       328M

MemTotal:        4016004 kB
MemFree:         3198796 kB
Active:           462536 kB
Mem:          3.8G       797M       3.1G       5.7M        55M       328M

MemTotal:        4016004 kB
MemFree:         3199044 kB
Active:           462520 kB
Mem:          3.8G       798M       3.1G       5.7M        55M       328M

MemTotal:        4016004 kB
MemFree:         3198408 kB
Active:           462560 kB
Mem:          3.8G       798M       3.1G       5.7M        55M       328M

MemTotal:        4016004 kB
MemFree:         3198532 kB
Active:           462560 kB
Mem:          3.8G       798M       3.1G       5.7M        55M       328M

MemTotal:        4016004 kB
MemFree:         3198780 kB
Active:           462516 kB
Mem:          3.8G       797M       3.1G       5.7M        55M       328M

MemTotal:        4016004 kB
MemFree:         3199152 kB
Active:           462524 kB
Mem:          3.8G       797M       3.1G       5.7M        55M       328M

MemTotal:        4016004 kB
MemFree:         3198408 kB
Active:           462560 kB
Mem:          3.8G       798M       3.1G       5.7M        55M       328M

MemTotal:        4016004 kB
MemFree:         3198780 kB
Active:           462516 kB
Mem:          3.8G       798M       3.1G       5.7M        55M       328M

MemTotal:        4016004 kB
MemFree:         3198624 kB
Active:           462636 kB
Mem:          3.8G       797M       3.1G       5.7M        55M       328M

MemTotal:        4016004 kB
MemFree:         3157296 kB
Active:           463096 kB
Mem:          3.8G       839M       3.0G       5.7M        55M       368M

MemTotal:        4016004 kB
MemFree:         3137728 kB
Active:           463116 kB
Mem:          3.8G       858M       3.0G       5.7M        55M       386M

MemTotal:        4016004 kB
MemFree:         3098232 kB
Active:           463136 kB
Mem:          3.8G       896M       3.0G       5.7M        55M       424M

MemTotal:        4016004 kB
MemFree:         3053620 kB
Active:           463164 kB
Mem:          3.8G       940M       2.9G       5.7M        55M       467M

MemTotal:        4016004 kB
MemFree:         3009256 kB
Active:           463188 kB
Mem:          3.8G       984M       2.9G       5.7M        55M       510M

MemTotal:        4016004 kB
MemFree:         2964628 kB
Active:           463208 kB
Mem:          3.8G       1.0G       2.8G       5.7M        55M       553M

MemTotal:        4016004 kB
MemFree:         2919892 kB
Active:           463240 kB
Mem:          3.8G       1.0G       2.8G       5.7M        55M       596M

MemTotal:        4016004 kB
MemFree:         2875652 kB
Active:           463260 kB
Mem:          3.8G       1.1G       2.7G       5.7M        55M       639M

MemTotal:        4016004 kB
MemFree:         2830792 kB
Active:           463284 kB
Mem:          3.8G       1.1G       2.7G       5.7M        55M       681M

MemTotal:        4016004 kB
MemFree:         2785832 kB
Active:           463308 kB
Mem:          3.8G       1.2G       2.7G       5.7M        55M       724M

MemTotal:        4016004 kB
MemFree:         2741152 kB
Active:           463328 kB
Mem:          3.8G       1.2G       2.6G       5.7M        55M       767M

MemTotal:        4016004 kB
MemFree:         2696512 kB
Active:           463360 kB
Mem:          3.8G       1.3G       2.6G       5.7M        55M       810M

MemTotal:        4016004 kB
MemFree:         2649572 kB
Active:           465404 kB
Mem:          3.8G       1.3G       2.5G       5.7M        55M       853M

MemTotal:        4016004 kB
MemFree:         2605736 kB
Active:           465424 kB
Mem:          3.8G       1.3G       2.5G       5.7M        55M       896M

MemTotal:        4016004 kB
MemFree:         2599900 kB
Active:           465436 kB
Mem:          3.8G       1.4G       2.5G       5.7M        55M       901M

MemTotal:        4016004 kB
MemFree:         2555396 kB
Active:           465464 kB
Mem:          3.8G       1.4G       2.4G       5.7M        55M       944M

MemTotal:        4016004 kB
MemFree:         2536504 kB
Active:           465476 kB
Mem:          3.8G       1.4G       2.4G       5.7M        55M       962M

MemTotal:        4016004 kB
MemFree:         2536260 kB
Active:           465484 kB
Mem:          3.8G       1.4G       2.4G       5.7M        55M       962M

MemTotal:        4016004 kB
MemFree:         2508952 kB
Active:           465500 kB
Mem:          3.8G       1.4G       2.4G       5.7M        56M       989M

MemTotal:        4016004 kB
MemFree:         2464588 kB
Active:           465520 kB
Mem:          3.8G       1.5G       2.4G       5.7M        56M       1.0G

MemTotal:        4016004 kB
MemFree:         2419852 kB
Active:           465544 kB
Mem:          3.8G       1.5G       2.3G       5.7M        56M       1.0G

MemTotal:        4016004 kB
MemFree:         2375612 kB
Active:           465572 kB
Mem:          3.8G       1.6G       2.3G       5.7M        56M       1.1G

MemTotal:        4016004 kB
MemFree:         2331852 kB
Active:           465592 kB
Mem:          3.8G       1.6G       2.2G       5.7M        56M       1.1G

MemTotal:        4016004 kB
MemFree:         2286868 kB
Active:           465664 kB
Mem:          3.8G       1.6G       2.2G       5.7M        56M       1.2G

MemTotal:        4016004 kB
MemFree:         2241484 kB
Active:           465684 kB
Mem:          3.8G       1.7G       2.1G       5.7M        56M       1.2G

MemTotal:        4016004 kB
MemFree:         2197168 kB
Active:           465704 kB
Mem:          3.8G       1.7G       2.1G       5.7M        56M       1.3G

MemTotal:        4016004 kB
MemFree:         2159420 kB
Active:           465748 kB
Mem:          3.8G       1.8G       2.1G       5.7M        56M       1.3G

MemTotal:        4016004 kB
MemFree:         2157832 kB
Active:           465764 kB
Mem:          3.8G       1.8G       2.1G       5.7M        56M       1.3G

MemTotal:        4016004 kB
MemFree:         2136616 kB
Active:           465788 kB
Mem:          3.8G       1.8G       2.0G       5.7M        56M       1.3G

MemTotal:        4016004 kB
MemFree:         2092688 kB
Active:           465812 kB
Mem:          3.8G       1.8G       2.0G       5.7M        56M       1.4G

MemTotal:        4016004 kB
MemFree:         2048064 kB
Active:           465836 kB
Mem:          3.8G       1.9G       2.0G       5.7M        56M       1.4G

MemTotal:        4016004 kB
MemFree:         2003204 kB
Active:           465856 kB
Mem:          3.8G       1.9G       1.9G       5.7M        56M       1.4G

MemTotal:        4016004 kB
MemFree:         1958840 kB
Active:           465892 kB
Mem:          3.8G       2.0G       1.9G       5.7M        56M       1.5G

MemTotal:        4016004 kB
MemFree:         1913980 kB
Active:           465912 kB
Mem:          3.8G       2.0G       1.8G       5.7M        56M       1.5G

MemTotal:        4016004 kB
MemFree:         1869368 kB
Active:           465936 kB
Mem:          3.8G       2.0G       1.8G       5.7M        56M       1.6G

MemTotal:        4016004 kB
MemFree:         1824740 kB
Active:           465956 kB
Mem:          3.8G       2.1G       1.7G       5.7M        56M       1.6G

MemTotal:        4016004 kB
MemFree:         1805736 kB
Active:           465968 kB
Mem:          3.8G       2.1G       1.7G       5.7M        56M       1.6G

MemTotal:        4016004 kB
MemFree:         1787400 kB
Active:           465984 kB
Mem:          3.8G       2.1G       1.7G       5.7M        56M       1.6G

MemTotal:        4016004 kB
MemFree:         1742540 kB
Active:           466008 kB
Mem:          3.8G       2.2G       1.7G       5.7M        56M       1.7G

MemTotal:        4016004 kB
MemFree:         1716992 kB
Active:           466024 kB
Mem:          3.8G       2.2G       1.6G       5.7M        56M       1.7G

MemTotal:        4016004 kB
MemFree:         1690364 kB
Active:           466044 kB
Mem:          3.8G       2.2G       1.6G       5.7M        56M       1.7G

MemTotal:        4016004 kB
MemFree:         1671116 kB
Active:           466060 kB
Mem:          3.8G       2.2G       1.6G       5.7M        56M       1.8G

MemTotal:        4016004 kB
MemFree:         1670748 kB
Active:           466044 kB
Mem:          3.8G       2.2G       1.6G       5.7M        56M       1.8G

MemTotal:        4016004 kB
MemFree:         1655044 kB
Active:           466076 kB
Mem:          3.8G       2.3G       1.6G       5.7M        56M       1.8G

MemTotal:        4016004 kB
MemFree:         1610804 kB
Active:           466104 kB
Mem:          3.8G       2.3G       1.5G       5.7M        56M       1.8G

MemTotal:        4016004 kB
MemFree:         1566316 kB
Active:           466128 kB
Mem:          3.8G       2.3G       1.5G       5.7M        56M       1.9G

MemTotal:        4016004 kB
MemFree:         1521796 kB
Active:           466112 kB
Mem:          3.8G       2.4G       1.5G       5.7M        56M       1.9G

MemTotal:        4016004 kB
MemFree:         1476936 kB
Active:           466152 kB
Mem:          3.8G       2.4G       1.4G       5.7M        56M       1.9G

MemTotal:        4016004 kB
MemFree:         1431828 kB
Active:           466200 kB
Mem:          3.8G       2.5G       1.4G       5.7M        56M       2.0G

MemTotal:        4016004 kB
MemFree:         1387340 kB
Active:           466228 kB
Mem:          3.8G       2.5G       1.3G       5.7M        56M       2.0G

MemTotal:        4016004 kB
MemFree:         1344448 kB
Active:           466260 kB
Mem:          3.8G       2.5G       1.3G       5.7M        56M       2.1G

MemTotal:        4016004 kB
MemFree:         1298984 kB
Active:           466280 kB
Mem:          3.8G       2.6G       1.2G       5.7M        56M       2.1G

MemTotal:        4016004 kB
MemFree:         1254400 kB
Active:           466312 kB
Mem:          3.8G       2.6G       1.2G       5.7M        56M       2.1G

MemTotal:        4016004 kB
MemFree:         1210132 kB
Active:           466312 kB
Mem:          3.8G       2.7G       1.2G       5.7M        56M       2.2G

MemTotal:        4016004 kB
MemFree:         1165208 kB
Active:           466352 kB
Mem:          3.8G       2.7G       1.1G       5.7M        56M       2.2G

MemTotal:        4016004 kB
MemFree:         1120800 kB
Active:           466324 kB
Mem:          3.8G       2.8G       1.1G       5.7M        56M       2.3G

MemTotal:        4016004 kB
MemFree:         1091976 kB
Active:           466416 kB
Mem:          3.8G       2.8G       1.0G       5.7M        56M       2.3G

MemTotal:        4016004 kB
MemFree:         1091372 kB
Active:           466428 kB
Mem:          3.8G       2.8G       1.0G       5.7M        56M       2.3G

MemTotal:        4016004 kB
MemFree:         1070152 kB
Active:           466444 kB
Mem:          3.8G       2.8G       1.0G       5.7M        56M       2.3G

MemTotal:        4016004 kB
MemFree:         1025304 kB
Active:           466468 kB
Mem:          3.8G       2.9G       1.0G       5.7M        56M       2.4G

MemTotal:        4016004 kB
MemFree:          980808 kB
Active:           466488 kB
Mem:          3.8G       2.9G       957M       5.7M        56M       2.4G

MemTotal:        4016004 kB
MemFree:          936360 kB
Active:           466512 kB
Mem:          3.8G       2.9G       914M       5.7M        56M       2.4G

MemTotal:        4016004 kB
MemFree:          891624 kB
Active:           466548 kB
Mem:          3.8G       3.0G       870M       5.7M        56M       2.5G

MemTotal:        4016004 kB
MemFree:          846764 kB
Active:           466568 kB
Mem:          3.8G       3.0G       826M       5.7M        56M       2.5G

MemTotal:        4016004 kB
MemFree:          802012 kB
Active:           466592 kB
Mem:          3.8G       3.1G       783M       5.7M        56M       2.6G

MemTotal:        4016004 kB
MemFree:          757648 kB
Active:           466612 kB
Mem:          3.8G       3.1G       739M       5.7M        56M       2.6G

MemTotal:        4016004 kB
MemFree:          738288 kB
Active:           466632 kB
Mem:          3.8G       3.1G       720M       5.7M        56M       2.6G

MemTotal:        4016004 kB
MemFree:          737888 kB
Active:           466636 kB
Mem:          3.8G       3.1G       720M       5.7M        56M       2.6G

MemTotal:        4016004 kB
MemFree:          718360 kB
Active:           466644 kB
Mem:          3.8G       3.1G       701M       5.7M        56M       2.6G

MemTotal:        4016004 kB
MemFree:          673624 kB
Active:           466664 kB
Mem:          3.8G       3.2G       657M       5.7M        56M       2.7G

MemTotal:        4016004 kB
MemFree:          628888 kB
Active:           466660 kB
Mem:          3.8G       3.2G       613M       5.7M        57M       2.7G

MemTotal:        4016004 kB
MemFree:          612512 kB
Active:           466712 kB
Mem:          3.8G       3.2G       597M       5.7M        57M       2.7G

MemTotal:        4016004 kB
MemFree:          610312 kB
Active:           466684 kB
Mem:          3.8G       3.2G       595M       5.7M        57M       2.7G

MemTotal:        4016004 kB
MemFree:          609788 kB
Active:           468712 kB
Mem:          3.8G       3.2G       595M       5.7M        57M       2.7G

MemTotal:        4016004 kB
MemFree:          604864 kB
Active:           468756 kB
Mem:          3.8G       3.3G       590M       5.7M        57M       2.8G

MemTotal:        4016004 kB
MemFree:          560144 kB
Active:           468780 kB
Mem:          3.8G       3.3G       546M       5.7M        57M       2.8G

MemTotal:        4016004 kB
MemFree:          515548 kB
Active:           468800 kB
Mem:          3.8G       3.3G       502M       5.7M        57M       2.8G

MemTotal:        4016004 kB
MemFree:          470796 kB
Active:           468824 kB
Mem:          3.8G       3.4G       459M       5.7M        57M       2.9G

MemTotal:        4016004 kB
MemFree:          425688 kB
Active:           468852 kB
Mem:          3.8G       3.4G       415M       5.7M        57M       2.9G

MemTotal:        4016004 kB
MemFree:          381680 kB
Active:           468872 kB
Mem:          3.8G       3.5G       372M       5.7M        57M       3.0G

MemTotal:        4016004 kB
MemFree:          336820 kB
Active:           468892 kB
Mem:          3.8G       3.5G       328M       5.7M        57M       3.0G

MemTotal:        4016004 kB
MemFree:          291712 kB
Active:           468916 kB
Mem:          3.8G       3.6G       284M       5.7M        57M       3.0G

MemTotal:        4016004 kB
MemFree:          247956 kB
Active:           468944 kB
Mem:          3.8G       3.6G       241M       5.7M        57M       3.1G

MemTotal:        4016004 kB
MemFree:          202604 kB
Active:           468964 kB
Mem:          3.8G       3.6G       197M       5.7M        57M       3.1G

MemTotal:        4016004 kB
MemFree:          158252 kB
Active:           468988 kB
Mem:          3.8G       3.7G       154M       5.7M        57M       3.2G

MemTotal:        4016004 kB
MemFree:          113704 kB
Active:           468972 kB
Mem:          3.8G       3.7G       110M       5.7M        57M       3.2G

MemTotal:        4016004 kB
MemFree:          132884 kB
Active:           465928 kB
Mem:          3.8G       3.7G       127M       5.7M        25M       3.2G

MemTotal:        4016004 kB
MemFree:          131268 kB
Active:           466108 kB
Mem:          3.8G       3.7G       127M       5.7M        25M       3.2G

MemTotal:        4016004 kB
MemFree:          121684 kB
Active:           478744 kB
Mem:          3.8G       3.7G       118M       5.7M        24M       3.2G

MemTotal:        4016004 kB
MemFree:          110472 kB
Active:           490928 kB
Mem:          3.8G       3.7G       107M       5.7M        23M       3.2G

MemTotal:        4016004 kB
MemFree:          121040 kB
Active:           533948 kB
Mem:          3.8G       3.7G       116M       5.7M        23M       3.2G

MemTotal:        4016004 kB
MemFree:          126508 kB
Active:           526424 kB
Mem:          3.8G       3.7G       123M       5.7M        23M       3.2G

MemTotal:        4016004 kB
MemFree:          129256 kB
Active:           518976 kB
Mem:          3.8G       3.7G       125M       5.7M        23M       3.2G

MemTotal:        4016004 kB
MemFree:          137712 kB
Active:           512856 kB
Mem:          3.8G       3.7G       134M       5.7M        23M       3.2G

MemTotal:        4016004 kB
MemFree:          128816 kB
Active:           507388 kB
Mem:          3.8G       3.7G       125M       5.7M        23M       3.2G

MemTotal:        4016004 kB
MemFree:          120064 kB
Active:           502124 kB
Mem:          3.8G       3.7G       117M       5.7M        23M       3.2G

MemTotal:        4016004 kB
MemFree:          127156 kB
Active:           494452 kB
Mem:          3.8G       3.7G       123M       5.7M        23M       3.2G

MemTotal:        4016004 kB
MemFree:          136128 kB
Active:           487448 kB
Mem:          3.8G       3.7G       132M       5.7M        23M       3.2G

MemTotal:        4016004 kB
MemFree:          125996 kB
Active:           484016 kB
Mem:          3.8G       3.7G       123M       5.7M        24M       3.2G

MemTotal:        4016004 kB
MemFree:          128844 kB
Active:           483012 kB
Mem:          3.8G       3.7G       125M       5.7M        24M       3.2G

MemTotal:        4016004 kB
MemFree:          131940 kB
Active:           481488 kB
Mem:          3.8G       3.7G       128M       5.7M        24M       3.2G

MemTotal:        4016004 kB
MemFree:          116940 kB
Active:           476148 kB
Mem:          3.8G       3.7G       113M       5.7M        24M       3.2G

MemTotal:        4016004 kB
MemFree:          107608 kB
Active:           475028 kB
Mem:          3.8G       3.7G       104M       5.7M        24M       3.2G

MemTotal:        4016004 kB
MemFree:          122764 kB
Active:           473132 kB
Mem:          3.8G       3.7G       119M       5.7M        24M       3.2G

MemTotal:        4016004 kB
MemFree:          112996 kB
Active:           472008 kB
Mem:          3.8G       3.7G       109M       5.7M        24M       3.2G

MemTotal:        4016004 kB
MemFree:          111520 kB
Active:           470240 kB
Mem:          3.8G       3.7G       108M       5.7M        24M       3.2G

MemTotal:        4016004 kB
MemFree:          125532 kB
Active:           468604 kB
Mem:          3.8G       3.7G       122M       5.7M        24M       3.2G

MemTotal:        4016004 kB
MemFree:          127060 kB
Active:           466712 kB
Mem:          3.8G       3.7G       123M       5.7M        24M       3.2G

MemTotal:        4016004 kB
MemFree:          119228 kB
Active:           465324 kB
Mem:          3.8G       3.7G       116M       5.7M        24M       3.2G

MemTotal:        4016004 kB
MemFree:          120624 kB
Active:           463812 kB
Mem:          3.8G       3.7G       117M       5.7M        24M       3.2G

MemTotal:        4016004 kB
MemFree:          111024 kB
Active:           463828 kB
Mem:          3.8G       3.7G       107M       5.7M        24M       3.2G

MemTotal:        4016004 kB
MemFree:          127332 kB
Active:           461928 kB
Mem:          3.8G       3.7G       124M       5.7M        24M       3.2G

MemTotal:        4016004 kB
MemFree:          136600 kB
Active:           459776 kB
Mem:          3.8G       3.7G       133M       5.7M        24M       3.2G

MemTotal:        4016004 kB
MemFree:          134596 kB
Active:           458776 kB
Mem:          3.8G       3.7G       131M       5.7M        24M       3.2G

MemTotal:        4016004 kB
MemFree:          108628 kB
Active:           458672 kB
Mem:          3.8G       3.7G       105M       5.7M        24M       3.2G

MemTotal:        4016004 kB
MemFree:          134068 kB
Active:           456516 kB
Mem:          3.8G       3.7G       131M       5.7M        24M       3.2G

MemTotal:        4016004 kB
MemFree:          124876 kB
Active:           455388 kB
Mem:          3.8G       3.7G       121M       5.7M        24M       3.2G

MemTotal:        4016004 kB
MemFree:          115500 kB
Active:           454128 kB
Mem:          3.8G       3.7G       112M       5.7M        24M       3.2G

MemTotal:        4016004 kB
MemFree:          106724 kB
Active:           450988 kB
Mem:          3.8G       3.7G       103M       5.7M        24M       3.2G

MemTotal:        4016004 kB
MemFree:          134140 kB
Active:           448852 kB
Mem:          3.8G       3.7G       130M       5.7M        24M       3.2G

MemTotal:        4016004 kB
MemFree:          126008 kB
Active:           447720 kB
Mem:          3.8G       3.7G       122M       5.7M        24M       3.2G

MemTotal:        4016004 kB
MemFree:          108688 kB
Active:           446720 kB
Mem:          3.8G       3.7G       105M       5.7M        24M       3.2G

MemTotal:        4016004 kB
MemFree:          110612 kB
Active:           445076 kB
Mem:          3.8G       3.7G       108M       5.7M        24M       3.2G

MemTotal:        4016004 kB
MemFree:          113492 kB
Active:           441464 kB
Mem:          3.8G       3.7G       110M       5.7M        24M       3.2G

MemTotal:        4016004 kB
MemFree:          119076 kB
Active:           439588 kB
Mem:          3.8G       3.7G       115M       5.7M        24M       3.2G

MemTotal:        4016004 kB
MemFree:          109528 kB
Active:           438456 kB
Mem:          3.8G       3.7G       106M       5.7M        24M       3.2G

MemTotal:        4016004 kB
MemFree:          125284 kB
Active:           436816 kB
Mem:          3.8G       3.7G       122M       5.7M        24M       3.2G

MemTotal:        4016004 kB
MemFree:          122160 kB
Active:           433380 kB
Mem:          3.8G       3.7G       119M       5.7M        24M       3.2G

MemTotal:        4016004 kB
MemFree:          142660 kB
Active:           427368 kB
Mem:          3.8G       3.7G       138M       5.7M        24M       3.2G

MemTotal:        4016004 kB
MemFree:          126356 kB
Active:           427332 kB
Mem:          3.8G       3.7G       123M       5.7M        24M       3.2G

MemTotal:        4016004 kB
MemFree:          117016 kB
Active:           426252 kB
Mem:          3.8G       3.7G       114M       5.7M        24M       3.2G

MemTotal:        4016004 kB
MemFree:          104728 kB
Active:           426264 kB
Mem:          3.8G       3.7G       106M       5.7M        24M       3.2G

MemTotal:        4016004 kB
MemFree:          106984 kB
Active:           425652 kB
Mem:          3.8G       3.7G       103M       5.7M        24M       3.2G

MemTotal:        4016004 kB
MemFree:          132692 kB
Active:           423496 kB
Mem:          3.8G       3.7G       129M       5.7M        24M       3.2G

MemTotal:        4016004 kB
MemFree:          127980 kB
Active:           422880 kB
Mem:          3.8G       3.7G       124M       5.7M        24M       3.2G

MemTotal:        4016004 kB
MemFree:          132020 kB
Active:           421692 kB
Mem:          3.8G       3.7G       128M       5.7M        24M       3.2G

MemTotal:        4016004 kB
MemFree:          123012 kB
Active:           420612 kB
Mem:          3.8G       3.7G       120M       5.7M        24M       3.2G

MemTotal:        4016004 kB
MemFree:          130176 kB
Active:           418584 kB
Mem:          3.8G       3.7G       126M       5.7M        24M       3.2G

MemTotal:        4016004 kB
MemFree:          130952 kB
Active:           416688 kB
Mem:          3.8G       3.7G       127M       5.7M        24M       3.2G

MemTotal:        4016004 kB
MemFree:          122036 kB
Active:           415684 kB
Mem:          3.8G       3.7G       119M       5.7M        24M       3.2G

MemTotal:        4016004 kB
MemFree:          126184 kB
Active:           413924 kB
Mem:          3.8G       3.7G       122M       5.7M        24M       3.2G

MemTotal:        4016004 kB
MemFree:          104792 kB
Active:           413180 kB
Mem:          3.8G       3.7G       102M       5.7M        24M       3.2G

MemTotal:        4016004 kB
MemFree:          109124 kB
Active:           412180 kB
Mem:          3.8G       3.7G       106M       5.7M        24M       3.2G

MemTotal:        4016004 kB
MemFree:          126240 kB
Active:           410924 kB
Mem:          3.8G       3.7G       123M       5.7M        24M       3.2G

MemTotal:        4016004 kB
MemFree:          126648 kB
Active:           409920 kB
Mem:          3.8G       3.7G       123M       5.7M        25M       3.2G

MemTotal:        4016004 kB
MemFree:          126932 kB
Active:           409796 kB
Mem:          3.8G       3.7G       123M       5.7M        25M       3.2G

MemTotal:        4016004 kB
MemFree:          123744 kB
Active:           409800 kB
Mem:          3.8G       3.7G       121M       5.7M        25M       3.2G

MemTotal:        4016004 kB
MemFree:          115112 kB
Active:           408668 kB
Mem:          3.8G       3.7G       112M       5.7M        25M       3.2G

MemTotal:        4016004 kB
MemFree:          106568 kB
Active:           407536 kB
Mem:          3.8G       3.7G       103M       5.7M        25M       3.2G

MemTotal:        4016004 kB
MemFree:          118732 kB
Active:           405644 kB
Mem:          3.8G       3.7G       115M       5.7M        25M       3.2G

MemTotal:        4016004 kB
MemFree:          110096 kB
Active:           402536 kB
Mem:          3.8G       3.7G       107M       5.7M        25M       3.2G

MemTotal:        4016004 kB
MemFree:          124236 kB
Active:           400800 kB
Mem:          3.8G       3.7G       121M       5.7M        25M       3.2G

MemTotal:        4016004 kB
MemFree:          133328 kB
Active:           398648 kB
Mem:          3.8G       3.7G       130M       5.7M        25M       3.2G

MemTotal:        4016004 kB
MemFree:          124520 kB
Active:           397656 kB
Mem:          3.8G       3.7G       121M       5.7M        25M       3.2G

MemTotal:        4016004 kB
MemFree:          121532 kB
Active:           396532 kB
Mem:          3.8G       3.7G       118M       5.7M        25M       3.2G

MemTotal:        4016004 kB
MemFree:          109148 kB
Active:           396404 kB
Mem:          3.8G       3.7G       106M       5.7M        25M       3.2G

MemTotal:        4016004 kB
MemFree:          123520 kB
Active:           396452 kB
Mem:          3.8G       3.7G       120M       5.7M        25M       3.2G

MemTotal:        4016004 kB
MemFree:          105920 kB
Active:           396396 kB
Mem:          3.8G       3.7G       103M       5.7M        25M       3.2G

MemTotal:        4016004 kB
MemFree:          133836 kB
Active:           396416 kB
Mem:          3.8G       3.7G       130M       5.7M        25M       3.2G

MemTotal:        4016004 kB
MemFree:          118880 kB
Active:           396416 kB
Mem:          3.8G       3.7G       115M       5.7M        25M       3.2G

MemTotal:        4016004 kB
MemFree:          109800 kB
Active:           396472 kB
Mem:          3.8G       3.7G       106M       5.7M        25M       3.2G

MemTotal:        4016004 kB
MemFree:          116152 kB
Active:           396496 kB
Mem:          3.8G       3.7G       113M       5.7M        25M       3.2G

MemTotal:        4016004 kB
MemFree:          123232 kB
Active:           396516 kB
Mem:          3.8G       3.7G       120M       5.7M        25M       3.2G

MemTotal:        4016004 kB
MemFree:          115756 kB
Active:           396452 kB
Mem:          3.8G       3.7G       112M       5.7M        25M       3.2G

MemTotal:        4016004 kB
MemFree:          107092 kB
Active:           396480 kB
Mem:          3.8G       3.7G       104M       5.7M        25M       3.2G

MemTotal:        4016004 kB
MemFree:          109784 kB
Active:           396508 kB
Mem:          3.8G       3.7G       107M       5.7M        25M       3.2G

MemTotal:        4016004 kB
MemFree:          136848 kB
Active:           396528 kB
Mem:          3.8G       3.7G       132M       5.7M        25M       3.2G

MemTotal:        4016004 kB
MemFree:          123128 kB
Active:           396556 kB
Mem:          3.8G       3.7G       119M       5.7M        25M       3.2G

MemTotal:        4016004 kB
MemFree:          137448 kB
Active:           396588 kB
Mem:          3.8G       3.7G       133M       5.7M        25M       3.2G

MemTotal:        4016004 kB
MemFree:          127700 kB
Active:           396608 kB
Mem:          3.8G       3.7G       123M       5.7M        25M       3.2G

MemTotal:        4016004 kB
MemFree:          139756 kB
Active:           396536 kB
Mem:          3.8G       3.7G       135M       5.7M        25M       3.2G

MemTotal:        4016004 kB
MemFree:          130628 kB
Active:           396444 kB
Mem:          3.8G       3.7G       127M       5.7M        25M       3.2G

MemTotal:        4016004 kB
MemFree:          122136 kB
Active:           396492 kB
Mem:          3.8G       3.7G       119M       5.7M        25M       3.2G

MemTotal:        4016004 kB
MemFree:          127844 kB
Active:           399048 kB
Mem:          3.8G       3.7G       124M       5.7M        27M       3.2G

MemTotal:        4016004 kB
MemFree:          118716 kB
Active:           399508 kB
Mem:          3.8G       3.7G       115M       5.7M        28M       3.2G

MemTotal:        4016004 kB
MemFree:          108428 kB
Active:           399764 kB
Mem:          3.8G       3.7G       105M       5.7M        28M       3.2G

MemTotal:        4016004 kB
MemFree:          115124 kB
Active:           400036 kB
Mem:          3.8G       3.7G       111M       5.7M        28M       3.2G

MemTotal:        4016004 kB
MemFree:          104864 kB
Active:           400264 kB
Mem:          3.8G       3.7G       117M       5.7M        28M       3.2G

MemTotal:        4016004 kB
MemFree:          128024 kB
Active:           400692 kB
Mem:          3.8G       3.7G       125M       5.7M        29M       3.2G

MemTotal:        4016004 kB
MemFree:          126744 kB
Active:           400632 kB
Mem:          3.8G       3.7G       123M       5.7M        29M       3.2G

MemTotal:        4016004 kB
MemFree:          131548 kB
Active:           400644 kB
Mem:          3.8G       3.7G       127M       5.7M        29M       3.2G

MemTotal:        4016004 kB
MemFree:          126304 kB
Active:           400604 kB
Mem:          3.8G       3.7G       123M       5.7M        29M       3.2G

MemTotal:        4016004 kB
MemFree:          126092 kB
Active:           400644 kB
Mem:          3.8G       3.7G       122M       5.7M        29M       3.2G

MemTotal:        4016004 kB
MemFree:          139484 kB
Active:           400652 kB
Mem:          3.8G       3.7G       135M       5.7M        29M       3.2G

MemTotal:        4016004 kB
MemFree:          129220 kB
Active:           400652 kB
Mem:          3.8G       3.7G       125M       5.7M        29M       3.2G

MemTotal:        4016004 kB
MemFree:          117172 kB
Active:           400628 kB
Mem:          3.8G       3.7G       114M       5.7M        29M       3.2G

MemTotal:        4016004 kB
MemFree:          126656 kB
Active:           400664 kB
Mem:          3.8G       3.7G       123M       5.7M        29M       3.2G

MemTotal:        4016004 kB
MemFree:          114984 kB
Active:           400664 kB
Mem:          3.8G       3.7G       111M       5.7M        29M       3.2G

MemTotal:        4016004 kB
MemFree:          127292 kB
Active:           395948 kB
Mem:          3.8G       3.7G       123M       5.7M        29M       3.2G

MemTotal:        4016004 kB
MemFree:          111436 kB
Active:           395948 kB
Mem:          3.8G       3.7G       108M       5.7M        29M       3.2G

MemTotal:        4016004 kB
MemFree:          117572 kB
Active:           395940 kB
Mem:          3.8G       3.7G       114M       5.7M        29M       3.2G

MemTotal:        4016004 kB
MemFree:          105512 kB
Active:           395948 kB
Mem:          3.8G       3.7G       102M       5.7M        30M       3.2G

MemTotal:        4016004 kB
MemFree:          128336 kB
Active:           395960 kB
Mem:          3.8G       3.7G       125M       5.7M        30M       3.2G

MemTotal:        4016004 kB
MemFree:          134664 kB
Active:           395960 kB
Mem:          3.8G       3.7G       131M       5.7M        30M       3.2G

MemTotal:        4016004 kB
MemFree:          125000 kB
Active:           395960 kB
Mem:          3.8G       3.7G       121M       5.7M        30M       3.2G

MemTotal:        4016004 kB
MemFree:          117268 kB
Active:           394084 kB
Mem:          3.8G       3.7G       114M       5.7M        30M       3.2G

MemTotal:        4016004 kB
MemFree:          105516 kB
Active:           393880 kB
Mem:          3.8G       3.7G       102M       5.7M        30M       3.2G

MemTotal:        4016004 kB
MemFree:          142452 kB
Active:           393884 kB
Mem:          3.8G       3.7G       139M       5.7M        30M       3.2G

MemTotal:        4016004 kB
MemFree:          132456 kB
Active:           393852 kB
Mem:          3.8G       3.7G       128M       5.7M        30M       3.2G

MemTotal:        4016004 kB
MemFree:          133352 kB
Active:           393884 kB
Mem:          3.8G       3.7G       129M       5.7M        30M       3.2G

MemTotal:        4016004 kB
MemFree:          128056 kB
Active:           393884 kB
Mem:          3.8G       3.7G       124M       5.7M        30M       3.2G

MemTotal:        4016004 kB
MemFree:          109132 kB
Active:           393896 kB
Mem:          3.8G       3.7G       106M       5.7M        30M       3.2G

MemTotal:        4016004 kB
MemFree:          130952 kB
Active:           393904 kB
Mem:          3.8G       3.7G       127M       5.7M        30M       3.2G

MemTotal:        4016004 kB
MemFree:          115300 kB
Active:           393876 kB
Mem:          3.8G       3.7G       112M       5.7M        30M       3.2G

MemTotal:        4016004 kB
MemFree:          107020 kB
Active:           392104 kB
Mem:          3.8G       3.7G       104M       5.7M        30M       3.2G

MemTotal:        4016004 kB
MemFree:          131140 kB
Active:           392108 kB
Mem:          3.8G       3.7G       128M       5.7M        30M       3.2G

MemTotal:        4016004 kB
MemFree:          124672 kB
Active:           392108 kB
Mem:          3.8G       3.7G       121M       5.7M        30M       3.2G

MemTotal:        4016004 kB
MemFree:          131600 kB
Active:           392116 kB
Mem:          3.8G       3.7G       127M       5.7M        30M       3.2G

MemTotal:        4016004 kB
MemFree:          119700 kB
Active:           392076 kB
Mem:          3.8G       3.7G       116M       5.7M        30M       3.2G

MemTotal:        4016004 kB
MemFree:          126788 kB
Active:           392120 kB
Mem:          3.8G       3.7G       123M       5.7M        30M       3.2G

MemTotal:        4016004 kB
MemFree:          124432 kB
Active:           392088 kB
Mem:          3.8G       3.7G       125M       5.7M        30M       3.2G

MemTotal:        4016004 kB
MemFree:          122892 kB
Active:           392124 kB
Mem:          3.8G       3.7G       119M       5.7M        30M       3.2G

MemTotal:        4016004 kB
MemFree:          124460 kB
Active:           392132 kB
Mem:          3.8G       3.7G       121M       5.7M        30M       3.2G

MemTotal:        4016004 kB
MemFree:          118968 kB
Active:           391044 kB
Mem:          3.8G       3.7G       115M       5.7M        30M       3.2G

MemTotal:        4016004 kB
MemFree:          106572 kB
Active:           390880 kB
Mem:          3.8G       3.7G       103M       5.7M        30M       3.2G

MemTotal:        4016004 kB
MemFree:          117824 kB
Active:           390884 kB
Mem:          3.8G       3.7G       115M       5.7M        30M       3.2G

MemTotal:        4016004 kB
MemFree:          112172 kB
Active:           390904 kB
Mem:          3.8G       3.7G       109M       5.7M        30M       3.2G

MemTotal:        4016004 kB
MemFree:          111276 kB
Active:           390912 kB
Mem:          3.8G       3.7G       108M       5.7M        30M       3.2G

MemTotal:        4016004 kB
MemFree:          111620 kB
Active:           390864 kB
Mem:          3.8G       3.7G       108M       5.7M        30M       3.2G

MemTotal:        4016004 kB
MemFree:          133012 kB
Active:           390920 kB
Mem:          3.8G       3.7G       129M       5.7M        30M       3.2G

MemTotal:        4016004 kB
MemFree:          121624 kB
Active:           390920 kB
Mem:          3.8G       3.7G       118M       5.7M        30M       3.2G

MemTotal:        4016004 kB
MemFree:          112052 kB
Active:           390928 kB
Mem:          3.8G       3.7G       108M       5.7M        30M       3.2G

MemTotal:        4016004 kB
MemFree:          114124 kB
Active:           390928 kB
Mem:          3.8G       3.7G       110M       5.7M        30M       3.2G

MemTotal:        4016004 kB
MemFree:          120956 kB
Active:           390928 kB
Mem:          3.8G       3.7G       117M       5.7M        30M       3.2G

MemTotal:        4016004 kB
MemFree:          110072 kB
Active:           390928 kB
Mem:          3.8G       3.7G       106M       5.7M        30M       3.2G

MemTotal:        4016004 kB
MemFree:          110488 kB
Active:           379868 kB
Mem:          3.8G       3.7G       107M       5.7M        30M       3.2G

MemTotal:        4016004 kB
MemFree:          120336 kB
Active:           379868 kB
Mem:          3.8G       3.7G       117M       5.7M        30M       3.2G

MemTotal:        4016004 kB
MemFree:          109860 kB
Active:           379876 kB
Mem:          3.8G       3.7G       107M       5.7M        30M       3.2G

MemTotal:        4016004 kB
MemFree:          123312 kB
Active:           379876 kB
Mem:          3.8G       3.7G       120M       5.7M        30M       3.2G

MemTotal:        4016004 kB
MemFree:          117052 kB
Active:           379876 kB
Mem:          3.8G       3.7G       114M       5.7M        30M       3.2G

MemTotal:        4016004 kB
MemFree:          105984 kB
Active:           379888 kB
Mem:          3.8G       3.7G       103M       5.7M        30M       3.2G

MemTotal:        4016004 kB
MemFree:          123436 kB
Active:           379888 kB
Mem:          3.8G       3.7G       120M       5.7M        30M       3.2G

MemTotal:        4016004 kB
MemFree:          122436 kB
Active:           379864 kB
Mem:          3.8G       3.7G       119M       5.7M        30M       3.2G

MemTotal:        4016004 kB
MemFree:          122256 kB
Active:           379908 kB
Mem:          3.8G       3.7G       119M       5.7M        30M       3.2G

MemTotal:        4016004 kB
MemFree:          121952 kB
Active:           379904 kB
Mem:          3.8G       3.7G       119M       5.7M        30M       3.2G

MemTotal:        4016004 kB
MemFree:          106528 kB
Active:           379912 kB
Mem:          3.8G       3.7G       103M       5.7M        30M       3.2G

MemTotal:        4016004 kB
MemFree:          124832 kB
Active:           379912 kB
Mem:          3.8G       3.7G       122M       5.7M        30M       3.2G

MemTotal:        4016004 kB
MemFree:          115124 kB
Active:           379924 kB
Mem:          3.8G       3.7G       112M       5.7M        30M       3.2G

MemTotal:        4016004 kB
MemFree:          105108 kB
Active:           379924 kB
Mem:          3.8G       3.7G       102M       5.7M        30M       3.2G

MemTotal:        4016004 kB
MemFree:          127704 kB
Active:           377268 kB
Mem:          3.8G       3.7G       124M       5.7M        30M       3.2G

MemTotal:        4016004 kB
MemFree:          122760 kB
Active:           377272 kB
Mem:          3.8G       3.7G       119M       5.7M        30M       3.2G

MemTotal:        4016004 kB
MemFree:          121012 kB
Active:           377272 kB
Mem:          3.8G       3.7G       117M       5.7M        30M       3.2G

MemTotal:        4016004 kB
MemFree:          127224 kB
Active:           377276 kB
Mem:          3.8G       3.7G       123M       5.7M        30M       3.2G

MemTotal:        4016004 kB
MemFree:          123424 kB
Active:           377280 kB
Mem:          3.8G       3.7G       120M       5.7M        30M       3.2G

MemTotal:        4016004 kB
MemFree:          113024 kB
Active:           377280 kB
Mem:          3.8G       3.7G       110M       5.7M        30M       3.2G

MemTotal:        4016004 kB
MemFree:          109452 kB
Active:           377296 kB
Mem:          3.8G       3.7G       106M       5.7M        30M       3.2G

MemTotal:        4016004 kB
MemFree:          128688 kB
Active:           377312 kB
Mem:          3.8G       3.7G       125M       5.7M        30M       3.2G

MemTotal:        4016004 kB
MemFree:          119504 kB
Active:           377312 kB
Mem:          3.8G       3.7G       115M       5.7M        30M       3.2G

MemTotal:        4016004 kB
MemFree:          125532 kB
Active:           377316 kB
Mem:          3.8G       3.7G       122M       5.7M        30M       3.2G

MemTotal:        4016004 kB
MemFree:          127424 kB
Active:           377320 kB
Mem:          3.8G       3.7G       124M       5.7M        30M       3.2G

MemTotal:        4016004 kB
MemFree:          125888 kB
Active:           374424 kB
Mem:          3.8G       3.7G       122M       5.7M        30M       3.2G

MemTotal:        4016004 kB
MemFree:          127576 kB
Active:           374376 kB
Mem:          3.8G       3.7G       124M       5.7M        30M       3.2G

MemTotal:        4016004 kB
MemFree:          123208 kB
Active:           374408 kB
Mem:          3.8G       3.7G       120M       5.7M        30M       3.2G

MemTotal:        4016004 kB
MemFree:          125752 kB
Active:           374412 kB
Mem:          3.8G       3.7G       122M       5.7M        30M       3.2G

MemTotal:        4016004 kB
MemFree:          121824 kB
Active:           374416 kB
Mem:          3.8G       3.7G       118M       5.7M        30M       3.2G

MemTotal:        4016004 kB
MemFree:          125036 kB
Active:           374416 kB
Mem:          3.8G       3.7G       121M       5.7M        30M       3.2G

MemTotal:        4016004 kB
MemFree:          118680 kB
Active:           374416 kB
Mem:          3.8G       3.7G       115M       5.7M        30M       3.2G

MemTotal:        4016004 kB
MemFree:          111412 kB
Active:           374428 kB
Mem:          3.8G       3.7G       108M       5.7M        30M       3.2G

MemTotal:        4016004 kB
MemFree:          110824 kB
Active:           374392 kB
Mem:          3.8G       3.7G       107M       5.7M        30M       3.2G

MemTotal:        4016004 kB
MemFree:          110616 kB
Active:           374432 kB
Mem:          3.8G       3.7G       108M       5.7M        30M       3.2G

MemTotal:        4016004 kB
MemFree:          109920 kB
Active:           374432 kB
Mem:          3.8G       3.7G       106M       5.7M        30M       3.2G

MemTotal:        4016004 kB
MemFree:          134612 kB
Active:           374436 kB
Mem:          3.8G       3.7G       131M       5.7M        30M       3.2G

MemTotal:        4016004 kB
MemFree:          125476 kB
Active:           374396 kB
Mem:          3.8G       3.7G       122M       5.7M        30M       3.2G

MemTotal:        4016004 kB
MemFree:          131028 kB
Active:           374444 kB
Mem:          3.8G       3.7G       127M       5.7M        30M       3.2G

MemTotal:        4016004 kB
MemFree:          125608 kB
Active:           374448 kB
Mem:          3.8G       3.7G       122M       5.7M        30M       3.2G

MemTotal:        4016004 kB
MemFree:          106000 kB
Active:           371752 kB
Mem:          3.8G       3.7G       103M       5.7M        30M       3.2G

MemTotal:        4016004 kB
MemFree:          126584 kB
Active:           371696 kB
Mem:          3.8G       3.7G       123M       5.7M        30M       3.2G

MemTotal:        4016004 kB
MemFree:          116288 kB
Active:           371704 kB
Mem:          3.8G       3.7G       107M       5.7M        30M       3.2G

MemTotal:        4016004 kB
MemFree:          128908 kB
Active:           371728 kB
Mem:          3.8G       3.7G       126M       5.7M        30M       3.2G

MemTotal:        4016004 kB
MemFree:          119600 kB
Active:           371728 kB
Mem:          3.8G       3.7G       116M       5.7M        30M       3.2G

MemTotal:        4016004 kB
MemFree:          120620 kB
Active:           371728 kB
Mem:          3.8G       3.7G       116M       5.7M        30M       3.2G

MemTotal:        4016004 kB
MemFree:          136676 kB
Active:           371728 kB
Mem:          3.8G       3.7G       133M       5.7M        30M       3.2G

MemTotal:        4016004 kB
MemFree:          125312 kB
Active:           371724 kB
Mem:          3.8G       3.7G       122M       5.7M        30M       3.2G

MemTotal:        4016004 kB
MemFree:          125124 kB
Active:           371760 kB
Mem:          3.8G       3.7G       121M       5.7M        30M       3.2G

MemTotal:        4016004 kB
MemFree:          146408 kB
Active:           371772 kB
Mem:          3.8G       3.7G       142M       5.7M        30M       3.2G

MemTotal:        4016004 kB
MemFree:          123496 kB
Active:           371776 kB
Mem:          3.8G       3.7G       120M       5.7M        30M       3.2G

MemTotal:        4016004 kB
MemFree:          129064 kB
Active:           371776 kB
Mem:          3.8G       3.7G       125M       5.7M        30M       3.2G

MemTotal:        4016004 kB
MemFree:          135868 kB
Active:           371780 kB
Mem:          3.8G       3.7G       132M       5.7M        30M       3.2G

MemTotal:        4016004 kB
MemFree:          120236 kB
Active:           366916 kB
Mem:          3.8G       3.7G       117M       5.7M        30M       3.2G

MemTotal:        4016004 kB
MemFree:          126836 kB
Active:           366780 kB
Mem:          3.8G       3.7G       123M       5.7M        30M       3.2G

MemTotal:        4016004 kB
MemFree:          142648 kB
Active:           366780 kB
Mem:          3.8G       3.7G       138M       5.7M        30M       3.2G

MemTotal:        4016004 kB
MemFree:          128324 kB
Active:           366784 kB
Mem:          3.8G       3.7G       125M       5.7M        30M       3.2G

MemTotal:        4016004 kB
MemFree:          123176 kB
Active:           366796 kB
Mem:          3.8G       3.7G       120M       5.7M        30M       3.2G

MemTotal:        4016004 kB
MemFree:          126844 kB
Active:           366804 kB
Mem:          3.8G       3.7G       123M       5.7M        30M       3.2G

MemTotal:        4016004 kB
MemFree:          107276 kB
Active:           366804 kB
Mem:          3.8G       3.7G       104M       5.7M        30M       3.2G

MemTotal:        4016004 kB
MemFree:          104864 kB
Active:           366820 kB
Mem:          3.8G       3.7G       110M       5.7M        30M       3.2G

MemTotal:        4016004 kB
MemFree:          123056 kB
Active:           366820 kB
Mem:          3.8G       3.7G       120M       5.7M        30M       3.2G

MemTotal:        4016004 kB
MemFree:          117236 kB
Active:           366820 kB
Mem:          3.8G       3.7G       114M       5.7M        30M       3.2G

MemTotal:        4016004 kB
MemFree:          126568 kB
Active:           366780 kB
Mem:          3.8G       3.7G       123M       5.7M        30M       3.2G

MemTotal:        4016004 kB
MemFree:          134248 kB
Active:           366828 kB
Mem:          3.8G       3.7G       131M       5.7M        30M       3.2G

MemTotal:        4016004 kB
MemFree:          124968 kB
Active:           366828 kB
Mem:          3.8G       3.7G       121M       5.7M        30M       3.2G

MemTotal:        4016004 kB
MemFree:          132188 kB
Active:           366824 kB
Mem:          3.8G       3.7G       128M       5.7M        30M       3.2G

MemTotal:        4016004 kB
MemFree:          126868 kB
Active:           366836 kB
Mem:          3.8G       3.7G       123M       5.7M        30M       3.2G

MemTotal:        4016004 kB
MemFree:          110048 kB
Active:           366836 kB
Mem:          3.8G       3.7G       106M       5.7M        30M       3.2G

MemTotal:        4016004 kB
MemFree:          128648 kB
Active:           366840 kB
Mem:          3.8G       3.7G       125M       5.7M        30M       3.2G

MemTotal:        4016004 kB
MemFree:          109904 kB
Active:           366840 kB
Mem:          3.8G       3.7G       106M       5.7M        30M       3.2G

MemTotal:        4016004 kB
MemFree:          125548 kB
Active:           366708 kB
Mem:          3.8G       3.7G       122M       5.7M        30M       3.2G

MemTotal:        4016004 kB
MemFree:          120216 kB
Active:           366620 kB
Mem:          3.8G       3.7G       117M       5.7M        30M       3.2G

MemTotal:        4016004 kB
MemFree:          119816 kB
Active:           366580 kB
Mem:          3.8G       3.7G       116M       5.7M        30M       3.2G

MemTotal:        4016004 kB
MemFree:          128764 kB
Active:           366620 kB
Mem:          3.8G       3.7G       125M       5.7M        30M       3.2G

MemTotal:        4016004 kB
MemFree:          119972 kB
Active:           366584 kB
Mem:          3.8G       3.7G       116M       5.7M        30M       3.2G

MemTotal:        4016004 kB
MemFree:          120036 kB
Active:           366632 kB
Mem:          3.8G       3.7G       116M       5.7M        30M       3.2G

MemTotal:        4016004 kB
MemFree:          137140 kB
Active:           366344 kB
Mem:          3.8G       3.7G       133M       5.7M        30M       3.2G

MemTotal:        4016004 kB
MemFree:          136924 kB
Active:           366332 kB
Mem:          3.8G       3.7G       133M       5.7M        30M       3.2G

MemTotal:        4016004 kB
MemFree:          136800 kB
Active:           366276 kB
Mem:          3.8G       3.7G       133M       5.7M        30M       3.2G

MemTotal:        4016004 kB
MemFree:          136924 kB
Active:           366332 kB
Mem:          3.8G       3.7G       133M       5.7M        30M       3.2G

MemTotal:        4016004 kB
MemFree:          136924 kB
Active:           366300 kB
Mem:          3.8G       3.7G       133M       5.7M        30M       3.2G

MemTotal:        4016004 kB
MemFree:          136676 kB
Active:           366340 kB
Mem:          3.8G       3.7G       133M       5.7M        30M       3.2G

MemTotal:        4016004 kB
MemFree:          136924 kB
Active:           366296 kB
Mem:          3.8G       3.7G       133M       5.7M        30M       3.2G

MemTotal:        4016004 kB
MemFree:          137172 kB
Active:           366312 kB
Mem:          3.8G       3.7G       133M       5.7M        30M       3.2G

MemTotal:        4016004 kB
MemFree:          137048 kB
Active:           366304 kB
Mem:          3.8G       3.7G       133M       5.7M        30M       3.2G

MemTotal:        4016004 kB
MemFree:          136676 kB
Active:           366352 kB
Mem:          3.8G       3.7G       133M       5.7M        30M       3.2G

MemTotal:        4016004 kB
MemFree:          136924 kB
Active:           366296 kB
Mem:          3.8G       3.7G       133M       5.7M        30M       3.2G

MemTotal:        4016004 kB
MemFree:          136924 kB
Active:           366328 kB
Mem:          3.8G       3.7G       133M       5.7M        30M       3.2G

MemTotal:        4016004 kB
MemFree:          137048 kB
Active:           366328 kB
Mem:          3.8G       3.7G       133M       5.7M        30M       3.2G

MemTotal:        4016004 kB
MemFree:          136800 kB
Active:           366304 kB
Mem:          3.8G       3.7G       133M       5.7M        30M       3.2G

MemTotal:        4016004 kB
MemFree:          136552 kB
Active:           366360 kB
Mem:          3.8G       3.7G       133M       5.7M        30M       3.2G

MemTotal:        4016004 kB
MemFree:          137048 kB
Active:           366320 kB
Mem:          3.8G       3.7G       133M       5.7M        30M       3.2G

MemTotal:        4016004 kB
MemFree:          136924 kB
Active:           366308 kB
Mem:          3.8G       3.7G       133M       5.7M        30M       3.2G

MemTotal:        4016004 kB
MemFree:          136924 kB
Active:           366320 kB
Mem:          3.8G       3.7G       133M       5.7M        30M       3.2G

MemTotal:        4016004 kB
MemFree:          136924 kB
Active:           366356 kB
Mem:          3.8G       3.7G       133M       5.7M        30M       3.2G

MemTotal:        4016004 kB
MemFree:          136800 kB
Active:           366340 kB
Mem:          3.8G       3.7G       133M       5.7M        30M       3.2G

MemTotal:        4016004 kB
MemFree:          137048 kB
Active:           366336 kB
Mem:          3.8G       3.7G       133M       5.7M        30M       3.2G

MemTotal:        4016004 kB
MemFree:          137048 kB
Active:           366332 kB
Mem:          3.8G       3.7G       133M       5.7M        30M       3.2G

MemTotal:        4016004 kB
MemFree:          136924 kB
Active:           366340 kB
Mem:          3.8G       3.7G       133M       5.7M        30M       3.2G

MemTotal:        4016004 kB
MemFree:          136800 kB
Active:           366380 kB
Mem:          3.8G       3.7G       133M       5.7M        30M       3.2G

MemTotal:        4016004 kB
MemFree:          136764 kB
Active:           366376 kB
Mem:          3.8G       3.7G       133M       5.7M        30M       3.2G

MemTotal:        4016004 kB
MemFree:          136796 kB
Active:           366340 kB
