MemTotal:        4016004 kB
MemFree:         3229596 kB
Active:           430776 kB
Mem:          3.8G       770M       3.1G       5.7M        55M       319M

MemTotal:        4016004 kB
MemFree:         3226732 kB
Active:           433624 kB
Mem:          3.8G       771M       3.1G       5.7M        55M       319M

MemTotal:        4016004 kB
MemFree:         3226204 kB
Active:           433716 kB
Mem:          3.8G       771M       3.1G       5.7M        55M       319M

MemTotal:        4016004 kB
MemFree:         3225816 kB
Active:           433700 kB
Mem:          3.8G       771M       3.1G       5.7M        55M       319M

MemTotal:        4016004 kB
MemFree:         3225692 kB
Active:           433680 kB
Mem:          3.8G       771M       3.1G       5.7M        55M       319M

MemTotal:        4016004 kB
MemFree:         3225304 kB
Active:           433728 kB
Mem:          3.8G       772M       3.1G       5.7M        55M       319M

MemTotal:        4016004 kB
MemFree:         3224956 kB
Active:           431756 kB
Mem:          3.8G       772M       3.1G       5.7M        55M       319M

MemTotal:        4016004 kB
MemFree:         3224772 kB
Active:           433744 kB
Mem:          3.8G       772M       3.1G       5.7M        55M       319M

MemTotal:        4016004 kB
MemFree:         3225376 kB
Active:           433728 kB
Mem:          3.8G       772M       3.1G       5.7M        55M       319M

MemTotal:        4016004 kB
MemFree:         3225360 kB
Active:           433732 kB
Mem:          3.8G       772M       3.1G       5.7M        55M       319M

MemTotal:        4016004 kB
MemFree:         3225716 kB
Active:           433692 kB
Mem:          3.8G       772M       3.1G       5.7M        55M       319M

MemTotal:        4016004 kB
MemFree:         3225592 kB
Active:           433712 kB
Mem:          3.8G       772M       3.1G       5.7M        55M       319M

MemTotal:        4016004 kB
MemFree:         3224708 kB
Active:           433752 kB
Mem:          3.8G       772M       3.1G       5.7M        55M       319M

MemTotal:        4016004 kB
MemFree:         3225188 kB
Active:           433740 kB
Mem:          3.8G       772M       3.1G       5.7M        55M       319M

MemTotal:        4016004 kB
MemFree:         3224692 kB
Active:           433752 kB
Mem:          3.8G       772M       3.1G       5.7M        55M       319M

MemTotal:        4016004 kB
MemFree:         3225064 kB
Active:           433736 kB
Mem:          3.8G       772M       3.1G       5.7M        55M       319M

MemTotal:        4016004 kB
MemFree:         3225096 kB
Active:           433700 kB
Mem:          3.8G       772M       3.1G       5.7M        55M       319M

MemTotal:        4016004 kB
MemFree:         3225204 kB
Active:           433716 kB
Mem:          3.8G       772M       3.1G       5.7M        55M       319M

MemTotal:        4016004 kB
MemFree:         3225328 kB
Active:           433744 kB
Mem:          3.8G       772M       3.1G       5.7M        55M       319M

MemTotal:        4016004 kB
MemFree:         3225452 kB
Active:           433740 kB
Mem:          3.8G       772M       3.1G       5.7M        55M       319M

MemTotal:        4016004 kB
MemFree:         3225824 kB
Active:           433708 kB
Mem:          3.8G       771M       3.1G       5.7M        55M       319M

MemTotal:        4016004 kB
MemFree:         3225452 kB
Active:           433760 kB
Mem:          3.8G       771M       3.1G       5.7M        55M       319M

MemTotal:        4016004 kB
MemFree:         3225560 kB
Active:           433740 kB
Mem:          3.8G       772M       3.1G       5.7M        55M       319M

MemTotal:        4016004 kB
MemFree:         3225544 kB
Active:           433716 kB
Mem:          3.8G       771M       3.1G       5.7M        55M       319M

MemTotal:        4016004 kB
MemFree:         3225528 kB
Active:           433724 kB
Mem:          3.8G       771M       3.1G       5.7M        55M       319M

MemTotal:        4016004 kB
MemFree:         3225528 kB
Active:           433752 kB
Mem:          3.8G       771M       3.1G       5.7M        55M       319M

MemTotal:        4016004 kB
MemFree:         3224892 kB
Active:           433760 kB
Mem:          3.8G       772M       3.1G       5.7M        55M       319M

MemTotal:        4016004 kB
MemFree:         3225372 kB
Active:           433716 kB
Mem:          3.8G       772M       3.1G       5.7M        55M       319M

MemTotal:        4016004 kB
MemFree:         3225372 kB
Active:           433744 kB
Mem:          3.8G       772M       3.1G       5.7M        55M       319M

MemTotal:        4016004 kB
MemFree:         3225108 kB
Active:           433752 kB
Mem:          3.8G       772M       3.1G       5.7M        55M       319M

MemTotal:        4016004 kB
MemFree:         3224984 kB
Active:           433724 kB
Mem:          3.8G       772M       3.1G       5.7M        55M       319M

MemTotal:        4016004 kB
MemFree:         3224736 kB
Active:           433772 kB
Mem:          3.8G       772M       3.1G       5.7M        55M       319M

MemTotal:        4016004 kB
MemFree:         3225356 kB
Active:           433732 kB
Mem:          3.8G       772M       3.1G       5.7M        55M       319M

MemTotal:        4016004 kB
MemFree:         3225340 kB
Active:           433764 kB
Mem:          3.8G       772M       3.1G       5.7M        55M       319M

MemTotal:        4016004 kB
MemFree:         3225696 kB
Active:           433732 kB
Mem:          3.8G       772M       3.1G       5.7M        55M       319M

MemTotal:        4016004 kB
MemFree:         3225452 kB
Active:           433780 kB
Mem:          3.8G       772M       3.1G       5.7M        55M       319M

MemTotal:        4016004 kB
MemFree:         3225300 kB
Active:           431820 kB
Mem:          3.8G       772M       3.1G       5.7M        55M       319M

MemTotal:        4016004 kB
MemFree:         3225500 kB
Active:           433876 kB
Mem:          3.8G       771M       3.1G       5.7M        55M       319M

MemTotal:        4016004 kB
MemFree:         3225128 kB
Active:           433884 kB
Mem:          3.8G       772M       3.1G       5.7M        55M       319M

MemTotal:        4016004 kB
MemFree:         3225748 kB
Active:           433868 kB
Mem:          3.8G       772M       3.1G       5.7M        55M       319M

MemTotal:        4016004 kB
MemFree:         3225252 kB
Active:           433888 kB
Mem:          3.8G       772M       3.1G       5.7M        55M       319M

MemTotal:        4016004 kB
MemFree:         3225004 kB
Active:           433856 kB
Mem:          3.8G       772M       3.1G       5.7M        55M       319M

MemTotal:        4016004 kB
MemFree:         3225128 kB
Active:           433872 kB
Mem:          3.8G       772M       3.1G       5.7M        55M       319M

MemTotal:        4016004 kB
MemFree:         3225004 kB
Active:           433892 kB
Mem:          3.8G       772M       3.1G       5.7M        55M       319M

MemTotal:        4016004 kB
MemFree:         3225128 kB
Active:           433840 kB
Mem:          3.8G       772M       3.1G       5.7M        55M       319M

MemTotal:        4016004 kB
MemFree:         3224880 kB
Active:           433896 kB
Mem:          3.8G       772M       3.1G       5.7M        55M       319M

MemTotal:        4016004 kB
MemFree:         3224780 kB
Active:           431948 kB
Mem:          3.8G       772M       3.1G       5.7M        55M       319M

MemTotal:        4016004 kB
MemFree:         3224876 kB
Active:           433908 kB
Mem:          3.8G       772M       3.1G       5.7M        55M       319M

MemTotal:        4016004 kB
MemFree:         3225016 kB
Active:           433908 kB
Mem:          3.8G       772M       3.1G       5.7M        55M       319M

MemTotal:        4016004 kB
MemFree:         3224892 kB
Active:           433916 kB
Mem:          3.8G       772M       3.1G       5.7M        55M       319M

MemTotal:        4016004 kB
MemFree:         3224892 kB
Active:           433932 kB
Mem:          3.8G       772M       3.1G       5.7M        55M       319M

MemTotal:        4016004 kB
MemFree:         3225016 kB
Active:           433952 kB
Mem:          3.8G       772M       3.1G       5.7M        55M       319M

MemTotal:        4016004 kB
MemFree:         3225140 kB
Active:           433960 kB
Mem:          3.8G       772M       3.1G       5.7M        55M       319M

MemTotal:        4016004 kB
MemFree:         3225140 kB
Active:           433940 kB
Mem:          3.8G       772M       3.1G       5.7M        55M       319M

MemTotal:        4016004 kB
MemFree:         3225388 kB
Active:           433916 kB
Mem:          3.8G       772M       3.1G       5.7M        55M       319M

MemTotal:        4016004 kB
MemFree:         3225512 kB
Active:           433936 kB
Mem:          3.8G       772M       3.1G       5.7M        55M       319M

MemTotal:        4016004 kB
MemFree:         3225016 kB
Active:           433976 kB
Mem:          3.8G       772M       3.1G       5.7M        55M       319M

MemTotal:        4016004 kB
MemFree:         3225500 kB
Active:           433944 kB
Mem:          3.8G       771M       3.1G       5.7M        55M       319M

MemTotal:        4016004 kB
MemFree:         3225624 kB
Active:           433984 kB
Mem:          3.8G       771M       3.1G       5.7M        55M       319M

MemTotal:        4016004 kB
MemFree:         3225004 kB
Active:           433984 kB
Mem:          3.8G       772M       3.1G       5.7M        55M       319M

MemTotal:        4016004 kB
MemFree:         3225376 kB
Active:           433972 kB
Mem:          3.8G       772M       3.1G       5.7M        55M       319M

MemTotal:        4016004 kB
MemFree:         3225500 kB
Active:           433928 kB
Mem:          3.8G       771M       3.1G       5.7M        55M       319M

MemTotal:        4016004 kB
MemFree:         3225500 kB
Active:           433964 kB
Mem:          3.8G       772M       3.1G       5.7M        55M       319M

MemTotal:        4016004 kB
MemFree:         3224864 kB
Active:           433984 kB
Mem:          3.8G       772M       3.1G       5.7M        55M       319M

MemTotal:        4016004 kB
MemFree:         3225220 kB
Active:           433968 kB
Mem:          3.8G       772M       3.1G       5.7M        55M       319M

MemTotal:        4016004 kB
MemFree:         3225204 kB
Active:           433932 kB
Mem:          3.8G       772M       3.1G       5.7M        55M       319M

MemTotal:        4016004 kB
MemFree:         3224956 kB
Active:           433956 kB
Mem:          3.8G       772M       3.1G       5.7M        55M       319M

MemTotal:        4016004 kB
MemFree:         3225080 kB
Active:           433976 kB
Mem:          3.8G       772M       3.1G       5.7M        55M       319M

MemTotal:        4016004 kB
MemFree:         3225080 kB
Active:           433972 kB
Mem:          3.8G       772M       3.1G       5.7M        55M       319M

MemTotal:        4016004 kB
MemFree:         3225312 kB
Active:           433976 kB
Mem:          3.8G       772M       3.1G       5.7M        55M       319M

MemTotal:        4016004 kB
MemFree:         3225312 kB
Active:           433976 kB
Mem:          3.8G       772M       3.1G       5.7M        55M       319M

MemTotal:        4016004 kB
MemFree:         3224940 kB
Active:           433976 kB
Mem:          3.8G       772M       3.1G       5.7M        55M       319M

MemTotal:        4016004 kB
MemFree:         3225172 kB
Active:           433988 kB
Mem:          3.8G       772M       3.1G       5.7M        55M       319M

MemTotal:        4016004 kB
MemFree:         3224924 kB
Active:           433980 kB
Mem:          3.8G       772M       3.1G       5.7M        55M       319M

MemTotal:        4016004 kB
MemFree:         3224924 kB
Active:           433960 kB
Mem:          3.8G       772M       3.1G       5.7M        55M       319M

MemTotal:        4016004 kB
MemFree:         3224924 kB
Active:           433980 kB
Mem:          3.8G       772M       3.1G       5.7M        55M       319M

MemTotal:        4016004 kB
MemFree:         3224924 kB
Active:           433960 kB
Mem:          3.8G       772M       3.1G       5.7M        55M       319M

MemTotal:        4016004 kB
MemFree:         3225032 kB
Active:           433948 kB
Mem:          3.8G       772M       3.1G       5.7M        55M       319M

MemTotal:        4016004 kB
MemFree:         3225064 kB
Active:           433956 kB
Mem:          3.8G       772M       3.1G       5.7M        55M       319M

MemTotal:        4016004 kB
MemFree:         3225188 kB
Active:           433976 kB
Mem:          3.8G       772M       3.1G       5.7M        55M       319M

MemTotal:        4016004 kB
MemFree:         3224692 kB
Active:           434004 kB
Mem:          3.8G       772M       3.1G       5.7M        55M       319M

MemTotal:        4016004 kB
MemFree:         3225064 kB
Active:           433952 kB
Mem:          3.8G       772M       3.1G       5.7M        55M       319M

MemTotal:        4016004 kB
MemFree:         3225064 kB
Active:           433972 kB
Mem:          3.8G       772M       3.1G       5.7M        55M       319M

MemTotal:        4016004 kB
MemFree:         3225064 kB
Active:           433984 kB
Mem:          3.8G       772M       3.1G       5.7M        55M       319M

MemTotal:        4016004 kB
MemFree:         3224692 kB
Active:           434020 kB
Mem:          3.8G       772M       3.1G       5.7M        55M       319M

MemTotal:        4016004 kB
MemFree:         3224444 kB
Active:           434020 kB
Mem:          3.8G       772M       3.1G       5.7M        55M       319M

MemTotal:        4016004 kB
MemFree:         3223140 kB
Active:           434004 kB
Mem:          3.8G       774M       3.1G       5.7M        55M       319M

MemTotal:        4016004 kB
MemFree:         3223016 kB
Active:           433960 kB
Mem:          3.8G       774M       3.1G       5.7M        55M       319M

MemTotal:        4016004 kB
MemFree:         3222768 kB
Active:           436048 kB
Mem:          3.8G       774M       3.1G       5.7M        55M       319M

MemTotal:        4016004 kB
MemFree:         3223388 kB
Active:           435996 kB
Mem:          3.8G       773M       3.1G       5.7M        55M       319M

MemTotal:        4016004 kB
MemFree:         3223636 kB
Active:           436016 kB
Mem:          3.8G       773M       3.1G       5.7M        55M       319M

MemTotal:        4016004 kB
MemFree:         3223884 kB
Active:           436032 kB
Mem:          3.8G       773M       3.1G       5.7M        55M       319M

MemTotal:        4016004 kB
MemFree:         3223248 kB
Active:           436056 kB
Mem:          3.8G       774M       3.1G       5.7M        55M       319M

MemTotal:        4016004 kB
MemFree:         3222984 kB
Active:           436032 kB
Mem:          3.8G       774M       3.1G       5.7M        55M       319M

MemTotal:        4016004 kB
MemFree:         3222860 kB
Active:           436056 kB
Mem:          3.8G       774M       3.1G       5.7M        55M       319M

MemTotal:        4016004 kB
MemFree:         3222984 kB
Active:           436036 kB
Mem:          3.8G       774M       3.1G       5.7M        55M       319M

MemTotal:        4016004 kB
MemFree:         3223340 kB
Active:           434104 kB
Mem:          3.8G       774M       3.1G       5.7M        55M       319M

MemTotal:        4016004 kB
MemFree:         3223152 kB
Active:           436036 kB
Mem:          3.8G       774M       3.1G       5.7M        55M       319M

MemTotal:        4016004 kB
MemFree:         3223152 kB
Active:           436028 kB
Mem:          3.8G       774M       3.1G       5.7M        55M       319M

MemTotal:        4016004 kB
MemFree:         3223136 kB
Active:           436076 kB
Mem:          3.8G       774M       3.1G       5.7M        55M       319M

MemTotal:        4016004 kB
MemFree:         3222640 kB
Active:           436452 kB
Mem:          3.8G       775M       3.1G       5.7M        55M       319M

MemTotal:        4016004 kB
MemFree:         3178412 kB
Active:           438792 kB
Mem:          3.8G       818M       3.0G       5.7M        56M       359M

MemTotal:        4016004 kB
MemFree:         3135788 kB
Active:           440928 kB
Mem:          3.8G       860M       3.0G       5.7M        58M       398M

MemTotal:        4016004 kB
MemFree:         3089912 kB
Active:           441224 kB
Mem:          3.8G       904M       2.9G       5.7M        58M       442M

MemTotal:        4016004 kB
MemFree:         3043804 kB
Active:           441620 kB
Mem:          3.8G       949M       2.9G       5.7M        58M       485M

MemTotal:        4016004 kB
MemFree:         2997952 kB
Active:           441988 kB
Mem:          3.8G       994M       2.9G       5.7M        59M       528M

MemTotal:        4016004 kB
MemFree:         2951844 kB
Active:           442196 kB
Mem:          3.8G       1.0G       2.8G       5.7M        59M       572M

MemTotal:        4016004 kB
MemFree:         2906828 kB
Active:           442500 kB
Mem:          3.8G       1.1G       2.8G       5.7M        59M       616M

MemTotal:        4016004 kB
MemFree:         2861084 kB
Active:           442764 kB
Mem:          3.8G       1.1G       2.7G       5.7M        59M       660M

MemTotal:        4016004 kB
MemFree:         2815436 kB
Active:           442896 kB
Mem:          3.8G       1.1G       2.7G       5.7M        60M       703M

MemTotal:        4016004 kB
MemFree:         2770448 kB
Active:           443284 kB
Mem:          3.8G       1.2G       2.6G       5.7M        60M       747M

MemTotal:        4016004 kB
MemFree:         2724392 kB
Active:           443544 kB
Mem:          3.8G       1.2G       2.6G       5.7M        60M       791M

MemTotal:        4016004 kB
MemFree:         2678160 kB
Active:           443688 kB
Mem:          3.8G       1.3G       2.6G       5.7M        60M       835M

MemTotal:        4016004 kB
MemFree:         2632824 kB
Active:           443940 kB
Mem:          3.8G       1.3G       2.5G       5.7M        61M       877M

MemTotal:        4016004 kB
MemFree:         2587792 kB
Active:           444376 kB
Mem:          3.8G       1.4G       2.5G       5.7M        61M       921M

MemTotal:        4016004 kB
MemFree:         2540712 kB
Active:           444736 kB
Mem:          3.8G       1.4G       2.4G       5.7M        61M       966M

MemTotal:        4016004 kB
MemFree:         2494388 kB
Active:           443096 kB
Mem:          3.8G       1.5G       2.4G       5.7M        62M       1.0G

MemTotal:        4016004 kB
MemFree:         2451168 kB
Active:           445196 kB
Mem:          3.8G       1.5G       2.3G       5.7M        62M       1.0G

MemTotal:        4016004 kB
MemFree:         2405324 kB
Active:           445432 kB
Mem:          3.8G       1.5G       2.3G       5.7M        62M       1.1G

MemTotal:        4016004 kB
MemFree:         2359000 kB
Active:           445688 kB
Mem:          3.8G       1.6G       2.2G       5.7M        62M       1.1G

MemTotal:        4016004 kB
MemFree:         2313208 kB
Active:           445816 kB
Mem:          3.8G       1.6G       2.2G       5.7M        62M       1.2G

MemTotal:        4016004 kB
MemFree:         2268460 kB
Active:           445156 kB
Mem:          3.8G       1.7G       2.2G       5.7M        62M       1.2G

MemTotal:        4016004 kB
MemFree:         2222936 kB
Active:           445172 kB
Mem:          3.8G       1.7G       2.1G       5.7M        62M       1.2G

MemTotal:        4016004 kB
MemFree:         2177576 kB
Active:           445172 kB
Mem:          3.8G       1.8G       2.1G       5.7M        62M       1.3G

MemTotal:        4016004 kB
MemFree:         2131988 kB
Active:           445188 kB
Mem:          3.8G       1.8G       2.0G       5.7M        62M       1.3G

MemTotal:        4016004 kB
MemFree:         2085812 kB
Active:           445196 kB
Mem:          3.8G       1.8G       2.0G       5.7M        62M       1.4G

MemTotal:        4016004 kB
MemFree:         2039808 kB
Active:           445292 kB
Mem:          3.8G       1.9G       1.9G       5.7M        62M       1.4G

MemTotal:        4016004 kB
MemFree:         2029536 kB
Active:           445168 kB
Mem:          3.8G       1.9G       1.9G       5.7M        62M       1.4G

MemTotal:        4016004 kB
MemFree:         1984180 kB
Active:           445152 kB
Mem:          3.8G       1.9G       1.9G       5.7M        62M       1.5G

MemTotal:        4016004 kB
MemFree:         1937716 kB
Active:           445208 kB
Mem:          3.8G       2.0G       1.8G       5.7M        62M       1.5G

MemTotal:        4016004 kB
MemFree:         1891972 kB
Active:           445208 kB
Mem:          3.8G       2.0G       1.8G       5.7M        62M       1.6G

MemTotal:        4016004 kB
MemFree:         1847064 kB
Active:           445208 kB
Mem:          3.8G       2.1G       1.8G       5.7M        62M       1.6G

MemTotal:        4016004 kB
MemFree:         1808212 kB
Active:           445216 kB
Mem:          3.8G       2.1G       1.7G       5.7M        62M       1.6G

MemTotal:        4016004 kB
MemFree:         1762732 kB
Active:           445216 kB
Mem:          3.8G       2.1G       1.7G       5.7M        62M       1.7G

MemTotal:        4016004 kB
MemFree:         1717360 kB
Active:           445216 kB
Mem:          3.8G       2.2G       1.6G       5.7M        62M       1.7G

MemTotal:        4016004 kB
MemFree:         1670944 kB
Active:           445228 kB
Mem:          3.8G       2.2G       1.6G       5.7M        62M       1.8G

MemTotal:        4016004 kB
MemFree:         1625484 kB
Active:           445292 kB
Mem:          3.8G       2.3G       1.5G       5.7M        62M       1.8G

MemTotal:        4016004 kB
MemFree:         1579656 kB
Active:           445260 kB
Mem:          3.8G       2.3G       1.5G       5.7M        62M       1.8G

MemTotal:        4016004 kB
MemFree:         1534280 kB
Active:           445264 kB
Mem:          3.8G       2.4G       1.5G       5.7M        62M       1.9G

MemTotal:        4016004 kB
MemFree:         1471856 kB
Active:           445412 kB
Mem:          3.8G       2.4G       1.4G       5.7M        62M       1.9G

MemTotal:        4016004 kB
MemFree:         1426480 kB
Active:           445272 kB
Mem:          3.8G       2.5G       1.4G       5.7M        62M       2.0G

MemTotal:        4016004 kB
MemFree:         1379124 kB
Active:           445272 kB
Mem:          3.8G       2.5G       1.3G       5.7M        62M       2.0G

MemTotal:        4016004 kB
MemFree:         1333736 kB
Active:           445280 kB
Mem:          3.8G       2.6G       1.3G       5.7M        62M       2.1G

MemTotal:        4016004 kB
MemFree:         1286980 kB
Active:           445280 kB
Mem:          3.8G       2.6G       1.2G       5.7M        62M       2.1G

MemTotal:        4016004 kB
MemFree:         1239712 kB
Active:           445288 kB
Mem:          3.8G       2.6G       1.2G       5.7M        62M       2.2G

MemTotal:        4016004 kB
MemFree:         1194272 kB
Active:           445300 kB
Mem:          3.8G       2.7G       1.1G       5.7M        62M       2.2G

MemTotal:        4016004 kB
MemFree:         1147832 kB
Active:           445300 kB
Mem:          3.8G       2.7G       1.1G       5.7M        62M       2.3G

MemTotal:        4016004 kB
MemFree:         1100728 kB
Active:           445308 kB
Mem:          3.8G       2.8G       1.0G       5.7M        62M       2.3G

MemTotal:        4016004 kB
MemFree:         1054496 kB
Active:           445308 kB
Mem:          3.8G       2.8G       1.0G       5.7M        62M       2.3G

MemTotal:        4016004 kB
MemFree:         1008360 kB
Active:           445308 kB
Mem:          3.8G       2.9G       983M       5.7M        62M       2.4G

MemTotal:        4016004 kB
MemFree:          961784 kB
Active:           445276 kB
Mem:          3.8G       2.9G       938M       5.7M        62M       2.4G

MemTotal:        4016004 kB
MemFree:          922600 kB
Active:           445296 kB
Mem:          3.8G       3.0G       900M       5.7M        63M       2.5G

MemTotal:        4016004 kB
MemFree:          890276 kB
Active:           445332 kB
Mem:          3.8G       3.0G       868M       5.7M        63M       2.5G

MemTotal:        4016004 kB
MemFree:          843484 kB
Active:           445360 kB
Mem:          3.8G       3.0G       823M       5.7M        63M       2.5G

MemTotal:        4016004 kB
MemFree:          796440 kB
Active:           445308 kB
Mem:          3.8G       3.1G       777M       5.7M        63M       2.6G

MemTotal:        4016004 kB
MemFree:          750352 kB
Active:           445324 kB
Mem:          3.8G       3.1G       732M       5.7M        63M       2.6G

MemTotal:        4016004 kB
MemFree:          703384 kB
Active:           445348 kB
Mem:          3.8G       3.2G       686M       5.7M        63M       2.7G

MemTotal:        4016004 kB
MemFree:          657780 kB
Active:           445332 kB
Mem:          3.8G       3.2G       641M       5.7M        63M       2.7G

MemTotal:        4016004 kB
MemFree:          611400 kB
Active:           445372 kB
Mem:          3.8G       3.2G       596M       5.7M        63M       2.8G

MemTotal:        4016004 kB
MemFree:          564540 kB
Active:           445372 kB
Mem:          3.8G       3.3G       551M       5.7M        63M       2.8G

MemTotal:        4016004 kB
MemFree:          518448 kB
Active:           445372 kB
Mem:          3.8G       3.3G       506M       5.7M        63M       2.8G

MemTotal:        4016004 kB
MemFree:          472980 kB
Active:           445392 kB
Mem:          3.8G       3.4G       460M       5.7M        63M       2.9G

MemTotal:        4016004 kB
MemFree:          427312 kB
Active:           445364 kB
Mem:          3.8G       3.4G       417M       5.7M        63M       2.9G

MemTotal:        4016004 kB
MemFree:          380812 kB
Active:           445384 kB
Mem:          3.8G       3.5G       371M       5.7M        63M       3.0G

MemTotal:        4016004 kB
MemFree:          335104 kB
Active:           445404 kB
Mem:          3.8G       3.5G       326M       5.7M        63M       3.0G

MemTotal:        4016004 kB
MemFree:          289180 kB
Active:           445392 kB
Mem:          3.8G       3.6G       281M       5.7M        63M       3.1G

MemTotal:        4016004 kB
MemFree:          242324 kB
Active:           445416 kB
Mem:          3.8G       3.6G       236M       5.7M        63M       3.1G

MemTotal:        4016004 kB
MemFree:          194992 kB
Active:           445404 kB
Mem:          3.8G       3.6G       189M       5.7M        63M       3.1G

MemTotal:        4016004 kB
MemFree:          148508 kB
Active:           445420 kB
Mem:          3.8G       3.7G       144M       5.7M        63M       3.2G

MemTotal:        4016004 kB
MemFree:          126908 kB
Active:           443640 kB
Mem:          3.8G       3.7G       131M       5.7M        28M       3.2G

MemTotal:        4016004 kB
MemFree:          106280 kB
Active:           445764 kB
Mem:          3.8G       3.7G       103M       5.7M        28M       3.3G

MemTotal:        4016004 kB
MemFree:          148176 kB
Active:           502936 kB
Mem:          3.8G       3.7G       143M       5.7M        27M       3.2G

MemTotal:        4016004 kB
MemFree:          125136 kB
Active:           502796 kB
Mem:          3.8G       3.7G       120M       5.7M        27M       3.2G

MemTotal:        4016004 kB
MemFree:          108668 kB
Active:           498548 kB
Mem:          3.8G       3.7G       105M       5.7M        27M       3.3G

MemTotal:        4016004 kB
MemFree:          117768 kB
Active:           493556 kB
Mem:          3.8G       3.7G       114M       5.7M        27M       3.3G

MemTotal:        4016004 kB
MemFree:          108120 kB
Active:           490104 kB
Mem:          3.8G       3.7G       105M       5.7M        27M       3.3G

MemTotal:        4016004 kB
MemFree:          134544 kB
Active:           481316 kB
Mem:          3.8G       3.7G       131M       5.7M        27M       3.2G

MemTotal:        4016004 kB
MemFree:          125700 kB
Active:           477860 kB
Mem:          3.8G       3.7G       122M       5.7M        27M       3.2G

MemTotal:        4016004 kB
MemFree:          111516 kB
Active:           474668 kB
Mem:          3.8G       3.7G       107M       5.7M        27M       3.3G

MemTotal:        4016004 kB
MemFree:          124812 kB
Active:           469432 kB
Mem:          3.8G       3.7G       121M       5.7M        27M       3.2G

MemTotal:        4016004 kB
MemFree:          129572 kB
Active:           463688 kB
Mem:          3.8G       3.7G       126M       5.7M        27M       3.2G

MemTotal:        4016004 kB
MemFree:          132768 kB
Active:           454576 kB
Mem:          3.8G       3.7G       129M       5.7M        27M       3.2G

MemTotal:        4016004 kB
MemFree:          127332 kB
Active:           452912 kB
Mem:          3.8G       3.7G       123M       5.7M        27M       3.2G

MemTotal:        4016004 kB
MemFree:          142724 kB
Active:           449812 kB
Mem:          3.8G       3.7G       138M       5.7M        27M       3.2G

MemTotal:        4016004 kB
MemFree:          133296 kB
Active:           448688 kB
Mem:          3.8G       3.7G       129M       5.7M        27M       3.2G

MemTotal:        4016004 kB
MemFree:          128544 kB
Active:           447116 kB
Mem:          3.8G       3.7G       125M       5.7M        27M       3.2G

MemTotal:        4016004 kB
MemFree:          113620 kB
Active:           445988 kB
Mem:          3.8G       3.7G       109M       5.7M        27M       3.3G

MemTotal:        4016004 kB
MemFree:          127224 kB
Active:           444288 kB
Mem:          3.8G       3.7G       123M       5.7M        27M       3.2G

MemTotal:        4016004 kB
MemFree:          126816 kB
Active:           444180 kB
Mem:          3.8G       3.7G       123M       5.7M        27M       3.2G

MemTotal:        4016004 kB
MemFree:          126856 kB
Active:           444208 kB
Mem:          3.8G       3.7G       123M       5.7M        27M       3.2G

MemTotal:        4016004 kB
MemFree:          124176 kB
Active:           443172 kB
Mem:          3.8G       3.7G       120M       5.7M        27M       3.2G

MemTotal:        4016004 kB
MemFree:          128020 kB
Active:           442044 kB
Mem:          3.8G       3.7G       124M       5.7M        27M       3.2G

MemTotal:        4016004 kB
MemFree:          124840 kB
Active:           440384 kB
Mem:          3.8G       3.7G       121M       5.7M        27M       3.2G

MemTotal:        4016004 kB
MemFree:          126548 kB
Active:           439192 kB
Mem:          3.8G       3.7G       122M       5.7M        27M       3.2G

MemTotal:        4016004 kB
MemFree:          123472 kB
Active:           437560 kB
Mem:          3.8G       3.7G       119M       5.7M        27M       3.2G

MemTotal:        4016004 kB
MemFree:          106984 kB
Active:           436432 kB
Mem:          3.8G       3.7G       103M       5.7M        27M       3.3G

MemTotal:        4016004 kB
MemFree:          131256 kB
Active:           435148 kB
Mem:          3.8G       3.7G       127M       5.7M        27M       3.2G

MemTotal:        4016004 kB
MemFree:          122272 kB
Active:           431972 kB
Mem:          3.8G       3.7G       119M       5.7M        27M       3.2G

MemTotal:        4016004 kB
MemFree:          107872 kB
Active:           431216 kB
Mem:          3.8G       3.7G       105M       5.7M        27M       3.3G

MemTotal:        4016004 kB
MemFree:          124292 kB
Active:           430168 kB
Mem:          3.8G       3.7G       121M       5.7M        27M       3.2G

MemTotal:        4016004 kB
MemFree:          133244 kB
Active:           428044 kB
Mem:          3.8G       3.7G       129M       5.7M        27M       3.2G

MemTotal:        4016004 kB
MemFree:          123228 kB
Active:           427020 kB
Mem:          3.8G       3.7G       119M       5.7M        27M       3.2G

MemTotal:        4016004 kB
MemFree:          113368 kB
Active:           425888 kB
Mem:          3.8G       3.7G       110M       5.7M        27M       3.3G

MemTotal:        4016004 kB
MemFree:          128752 kB
Active:           424096 kB
Mem:          3.8G       3.7G       125M       5.7M        27M       3.2G

MemTotal:        4016004 kB
MemFree:          106624 kB
Active:           423200 kB
Mem:          3.8G       3.7G       104M       5.7M        27M       3.3G

MemTotal:        4016004 kB
MemFree:          123352 kB
Active:           421168 kB
Mem:          3.8G       3.7G       119M       5.7M        27M       3.2G

MemTotal:        4016004 kB
MemFree:          124280 kB
Active:           419640 kB
Mem:          3.8G       3.7G       121M       5.7M        27M       3.2G

MemTotal:        4016004 kB
MemFree:          126996 kB
Active:           417976 kB
Mem:          3.8G       3.7G       123M       5.7M        27M       3.2G

MemTotal:        4016004 kB
MemFree:          135072 kB
Active:           416064 kB
Mem:          3.8G       3.7G       131M       5.7M        28M       3.2G

MemTotal:        4016004 kB
MemFree:          124804 kB
Active:           414788 kB
Mem:          3.8G       3.7G       121M       5.7M        28M       3.2G

MemTotal:        4016004 kB
MemFree:          106320 kB
Active:           414672 kB
Mem:          3.8G       3.7G       103M       5.7M        28M       3.3G

MemTotal:        4016004 kB
MemFree:          105452 kB
Active:           414632 kB
Mem:          3.8G       3.7G       103M       5.7M        28M       3.3G

MemTotal:        4016004 kB
MemFree:          105708 kB
Active:           414632 kB
Mem:          3.8G       3.7G       102M       5.7M        28M       3.3G

MemTotal:        4016004 kB
MemFree:          129192 kB
Active:           411000 kB
Mem:          3.8G       3.7G       125M       5.7M        28M       3.2G

MemTotal:        4016004 kB
MemFree:          120868 kB
Active:           409984 kB
Mem:          3.8G       3.7G       117M       5.7M        28M       3.2G

MemTotal:        4016004 kB
MemFree:          110472 kB
Active:           408832 kB
Mem:          3.8G       3.7G       107M       5.7M        28M       3.3G

MemTotal:        4016004 kB
MemFree:          118008 kB
Active:           406792 kB
Mem:          3.8G       3.7G       115M       5.7M        28M       3.2G

MemTotal:        4016004 kB
MemFree:          108940 kB
Active:           405640 kB
Mem:          3.8G       3.7G       106M       5.7M        28M       3.3G

MemTotal:        4016004 kB
MemFree:          130020 kB
Active:           403464 kB
Mem:          3.8G       3.7G       126M       5.7M        28M       3.2G

MemTotal:        4016004 kB
MemFree:          121280 kB
Active:           402316 kB
Mem:          3.8G       3.7G       118M       5.7M        28M       3.2G

MemTotal:        4016004 kB
MemFree:          125252 kB
Active:           400652 kB
Mem:          3.8G       3.7G       122M       5.7M        28M       3.2G

MemTotal:        4016004 kB
MemFree:          125232 kB
Active:           400488 kB
Mem:          3.8G       3.7G       122M       5.7M        28M       3.2G

MemTotal:        4016004 kB
MemFree:          122636 kB
Active:           400484 kB
Mem:          3.8G       3.7G       119M       5.7M        28M       3.2G

MemTotal:        4016004 kB
MemFree:          112744 kB
Active:           399388 kB
Mem:          3.8G       3.7G       109M       5.7M        28M       3.3G

MemTotal:        4016004 kB
MemFree:          127832 kB
Active:           397724 kB
Mem:          3.8G       3.7G       124M       5.7M        28M       3.2G

MemTotal:        4016004 kB
MemFree:          127960 kB
Active:           396700 kB
Mem:          3.8G       3.7G       124M       5.7M        28M       3.2G

MemTotal:        4016004 kB
MemFree:          131728 kB
Active:           397596 kB
Mem:          3.8G       3.7G       128M       5.7M        28M       3.2G

MemTotal:        4016004 kB
MemFree:          133820 kB
Active:           395676 kB
Mem:          3.8G       3.7G       130M       5.7M        28M       3.2G

MemTotal:        4016004 kB
MemFree:          124656 kB
Active:           394396 kB
Mem:          3.8G       3.7G       121M       5.7M        28M       3.2G

MemTotal:        4016004 kB
MemFree:          114680 kB
Active:           391296 kB
Mem:          3.8G       3.7G       111M       5.7M        28M       3.3G

MemTotal:        4016004 kB
MemFree:          105640 kB
Active:           390152 kB
Mem:          3.8G       3.7G       102M       5.7M        28M       3.3G

MemTotal:        4016004 kB
MemFree:          132080 kB
Active:           385928 kB
Mem:          3.8G       3.7G       128M       5.7M        28M       3.2G

MemTotal:        4016004 kB
MemFree:          128016 kB
Active:           384264 kB
Mem:          3.8G       3.7G       125M       5.7M        28M       3.2G

MemTotal:        4016004 kB
MemFree:          130228 kB
Active:           380844 kB
Mem:          3.8G       3.7G       126M       5.7M        28M       3.2G

MemTotal:        4016004 kB
MemFree:          121032 kB
Active:           380600 kB
Mem:          3.8G       3.7G       117M       5.7M        28M       3.2G

MemTotal:        4016004 kB
MemFree:          122568 kB
Active:           380600 kB
Mem:          3.8G       3.7G       119M       5.7M        28M       3.2G

MemTotal:        4016004 kB
MemFree:          130924 kB
Active:           380868 kB
Mem:          3.8G       3.7G       126M       5.7M        28M       3.2G

MemTotal:        4016004 kB
MemFree:          109236 kB
Active:           380868 kB
Mem:          3.8G       3.7G       106M       5.7M        28M       3.3G

MemTotal:        4016004 kB
MemFree:          119396 kB
Active:           380872 kB
Mem:          3.8G       3.7G       116M       5.7M        28M       3.2G

MemTotal:        4016004 kB
MemFree:          108792 kB
Active:           380776 kB
Mem:          3.8G       3.7G       105M       5.7M        28M       3.3G

MemTotal:        4016004 kB
MemFree:          118028 kB
Active:           380776 kB
Mem:          3.8G       3.7G       115M       5.7M        28M       3.2G

MemTotal:        4016004 kB
MemFree:          117660 kB
Active:           380768 kB
Mem:          3.8G       3.7G       114M       5.7M        28M       3.2G

MemTotal:        4016004 kB
MemFree:          117860 kB
Active:           380724 kB
Mem:          3.8G       3.7G       114M       5.7M        28M       3.2G

MemTotal:        4016004 kB
MemFree:          120872 kB
Active:           380784 kB
Mem:          3.8G       3.7G       117M       5.7M        28M       3.2G

MemTotal:        4016004 kB
MemFree:          124312 kB
Active:           378628 kB
Mem:          3.8G       3.7G       120M       5.7M        28M       3.2G

MemTotal:        4016004 kB
MemFree:          108096 kB
Active:           378632 kB
Mem:          3.8G       3.7G       105M       5.7M        28M       3.3G

MemTotal:        4016004 kB
MemFree:          129912 kB
Active:           378852 kB
Mem:          3.8G       3.7G       131M       5.7M        28M       3.2G

MemTotal:        4016004 kB
MemFree:          126172 kB
Active:           378728 kB
Mem:          3.8G       3.7G       123M       5.7M        28M       3.2G

MemTotal:        4016004 kB
MemFree:          135624 kB
Active:           378728 kB
Mem:          3.8G       3.7G       131M       5.7M        28M       3.2G

MemTotal:        4016004 kB
MemFree:          125716 kB
Active:           378604 kB
Mem:          3.8G       3.7G       122M       5.7M        28M       3.2G

MemTotal:        4016004 kB
MemFree:          127812 kB
Active:           378600 kB
Mem:          3.8G       3.7G       124M       5.7M        28M       3.2G

MemTotal:        4016004 kB
MemFree:          131156 kB
Active:           378396 kB
Mem:          3.8G       3.7G       127M       5.7M        28M       3.2G

MemTotal:        4016004 kB
MemFree:          122620 kB
Active:           378304 kB
Mem:          3.8G       3.7G       119M       5.7M        28M       3.2G

MemTotal:        4016004 kB
MemFree:          124820 kB
Active:           378304 kB
Mem:          3.8G       3.7G       121M       5.7M        28M       3.2G

MemTotal:        4016004 kB
MemFree:          132804 kB
Active:           378304 kB
Mem:          3.8G       3.7G       129M       5.7M        28M       3.2G

MemTotal:        4016004 kB
MemFree:          104976 kB
Active:           378316 kB
Mem:          3.8G       3.7G       109M       5.7M        28M       3.3G

MemTotal:        4016004 kB
MemFree:          124968 kB
Active:           378328 kB
Mem:          3.8G       3.7G       121M       5.7M        28M       3.2G

MemTotal:        4016004 kB
MemFree:          115988 kB
Active:           378236 kB
Mem:          3.8G       3.7G       113M       5.7M        28M       3.3G

MemTotal:        4016004 kB
MemFree:          105956 kB
Active:           378236 kB
Mem:          3.8G       3.7G       103M       5.7M        28M       3.3G

MemTotal:        4016004 kB
MemFree:          114540 kB
Active:           378252 kB
Mem:          3.8G       3.7G       111M       5.7M        28M       3.3G

MemTotal:        4016004 kB
MemFree:          124400 kB
Active:           378252 kB
Mem:          3.8G       3.7G       120M       5.7M        28M       3.2G

MemTotal:        4016004 kB
MemFree:          124344 kB
Active:           378240 kB
Mem:          3.8G       3.7G       121M       5.7M        28M       3.2G

MemTotal:        4016004 kB
MemFree:          119668 kB
Active:           378220 kB
Mem:          3.8G       3.7G       116M       5.7M        28M       3.2G

MemTotal:        4016004 kB
MemFree:          125168 kB
Active:           378264 kB
Mem:          3.8G       3.7G       122M       5.7M        28M       3.2G

MemTotal:        4016004 kB
MemFree:          126684 kB
Active:           378268 kB
Mem:          3.8G       3.7G       123M       5.7M        28M       3.2G

MemTotal:        4016004 kB
MemFree:          118652 kB
Active:           378276 kB
Mem:          3.8G       3.7G       114M       5.7M        28M       3.2G

MemTotal:        4016004 kB
MemFree:          108884 kB
Active:           377508 kB
Mem:          3.8G       3.7G       106M       5.7M        28M       3.3G

MemTotal:        4016004 kB
MemFree:          135588 kB
Active:           377508 kB
Mem:          3.8G       3.7G       132M       5.7M        28M       3.2G

MemTotal:        4016004 kB
MemFree:          131720 kB
Active:           377508 kB
Mem:          3.8G       3.7G       128M       5.7M        28M       3.2G

MemTotal:        4016004 kB
MemFree:          149268 kB
Active:           377524 kB
Mem:          3.8G       3.7G       145M       5.7M        28M       3.2G

MemTotal:        4016004 kB
MemFree:          127224 kB
Active:           377536 kB
Mem:          3.8G       3.7G       123M       5.7M        28M       3.2G

MemTotal:        4016004 kB
MemFree:          110304 kB
Active:           377544 kB
Mem:          3.8G       3.7G       107M       5.7M        28M       3.3G

MemTotal:        4016004 kB
MemFree:          120220 kB
Active:           377548 kB
Mem:          3.8G       3.7G       116M       5.7M        28M       3.2G

MemTotal:        4016004 kB
MemFree:          108096 kB
Active:           376540 kB
Mem:          3.8G       3.7G       104M       5.7M        28M       3.3G

MemTotal:        4016004 kB
MemFree:          124432 kB
Active:           376544 kB
Mem:          3.8G       3.7G       121M       5.7M        28M       3.2G

MemTotal:        4016004 kB
MemFree:          124452 kB
Active:           376248 kB
Mem:          3.8G       3.7G       121M       5.7M        28M       3.2G

MemTotal:        4016004 kB
MemFree:          120256 kB
Active:           378228 kB
Mem:          3.8G       3.7G       116M       5.7M        28M       3.2G

MemTotal:        4016004 kB
MemFree:          110488 kB
Active:           376848 kB
Mem:          3.8G       3.7G       107M       5.7M        28M       3.3G

MemTotal:        4016004 kB
MemFree:          114904 kB
Active:           376696 kB
Mem:          3.8G       3.7G       112M       5.7M        28M       3.2G

MemTotal:        4016004 kB
MemFree:          129796 kB
Active:           376700 kB
Mem:          3.8G       3.7G       126M       5.7M        28M       3.2G

MemTotal:        4016004 kB
MemFree:          143748 kB
Active:           376708 kB
Mem:          3.8G       3.7G       140M       5.7M        28M       3.2G

MemTotal:        4016004 kB
MemFree:          139900 kB
Active:           371280 kB
Mem:          3.8G       3.7G       136M       5.7M        28M       3.2G

MemTotal:        4016004 kB
MemFree:          130848 kB
Active:           371156 kB
Mem:          3.8G       3.7G       127M       5.7M        28M       3.2G

MemTotal:        4016004 kB
MemFree:          121756 kB
Active:           371156 kB
Mem:          3.8G       3.7G       118M       5.7M        28M       3.2G

MemTotal:        4016004 kB
MemFree:          111772 kB
Active:           371156 kB
Mem:          3.8G       3.7G       109M       5.7M        28M       3.3G

MemTotal:        4016004 kB
MemFree:          105176 kB
Active:           371156 kB
Mem:          3.8G       3.7G       102M       5.7M        28M       3.3G

MemTotal:        4016004 kB
MemFree:          105364 kB
Active:           371168 kB
Mem:          3.8G       3.7G       102M       5.7M        28M       3.3G

MemTotal:        4016004 kB
MemFree:          141136 kB
Active:           371176 kB
Mem:          3.8G       3.7G       137M       5.7M        28M       3.2G

MemTotal:        4016004 kB
MemFree:          132916 kB
Active:           371176 kB
Mem:          3.8G       3.7G       129M       5.7M        28M       3.2G

MemTotal:        4016004 kB
MemFree:          123384 kB
Active:           371180 kB
Mem:          3.8G       3.7G       120M       5.7M        28M       3.2G

MemTotal:        4016004 kB
MemFree:          128372 kB
Active:           371180 kB
Mem:          3.8G       3.7G       124M       5.7M        28M       3.2G

MemTotal:        4016004 kB
MemFree:          131176 kB
Active:           366760 kB
Mem:          3.8G       3.7G       127M       5.7M        28M       3.2G

MemTotal:        4016004 kB
MemFree:          132556 kB
Active:           366632 kB
Mem:          3.8G       3.7G       128M       5.7M        28M       3.2G

MemTotal:        4016004 kB
MemFree:          136068 kB
Active:           366632 kB
Mem:          3.8G       3.7G       133M       5.7M        28M       3.2G

MemTotal:        4016004 kB
MemFree:          139008 kB
Active:           366632 kB
Mem:          3.8G       3.7G       135M       5.7M        28M       3.2G

MemTotal:        4016004 kB
MemFree:          132992 kB
Active:           367788 kB
Mem:          3.8G       3.7G       129M       5.7M        28M       3.2G

MemTotal:        4016004 kB
MemFree:          111104 kB
Active:           367772 kB
Mem:          3.8G       3.7G       119M       5.7M        28M       3.2G

MemTotal:        4016004 kB
MemFree:          106124 kB
Active:           367656 kB
Mem:          3.8G       3.7G       102M       5.7M        28M       3.3G

MemTotal:        4016004 kB
MemFree:          122696 kB
Active:           367656 kB
Mem:          3.8G       3.7G       119M       5.7M        28M       3.2G

MemTotal:        4016004 kB
MemFree:          122568 kB
Active:           367668 kB
Mem:          3.8G       3.7G       119M       5.7M        28M       3.2G

MemTotal:        4016004 kB
MemFree:          139852 kB
Active:           365796 kB
Mem:          3.8G       3.7G       136M       5.7M        28M       3.2G

MemTotal:        4016004 kB
MemFree:          125160 kB
Active:           365796 kB
Mem:          3.8G       3.7G       121M       5.7M        28M       3.2G

MemTotal:        4016004 kB
MemFree:          105028 kB
Active:           365808 kB
Mem:          3.8G       3.7G       102M       5.7M        28M       3.3G

MemTotal:        4016004 kB
MemFree:          119440 kB
Active:           365808 kB
Mem:          3.8G       3.7G       116M       5.7M        28M       3.2G

MemTotal:        4016004 kB
MemFree:          110416 kB
Active:           365812 kB
Mem:          3.8G       3.7G       107M       5.7M        28M       3.3G

MemTotal:        4016004 kB
MemFree:          112164 kB
Active:           365804 kB
Mem:          3.8G       3.7G       109M       5.7M        28M       3.2G

MemTotal:        4016004 kB
MemFree:          127500 kB
Active:           365812 kB
Mem:          3.8G       3.7G       123M       5.7M        28M       3.2G

MemTotal:        4016004 kB
MemFree:          109120 kB
Active:           365816 kB
Mem:          3.8G       3.7G       105M       5.7M        28M       3.3G

MemTotal:        4016004 kB
MemFree:          123796 kB
Active:           365816 kB
Mem:          3.8G       3.7G       122M       5.7M        28M       3.2G

MemTotal:        4016004 kB
MemFree:          119916 kB
Active:           365816 kB
Mem:          3.8G       3.7G       116M       5.7M        28M       3.2G

MemTotal:        4016004 kB
MemFree:          125776 kB
Active:           365828 kB
Mem:          3.8G       3.7G       122M       5.7M        28M       3.2G

MemTotal:        4016004 kB
MemFree:          137076 kB
Active:           360000 kB
Mem:          3.8G       3.7G       133M       5.7M        28M       3.2G

MemTotal:        4016004 kB
MemFree:          127780 kB
Active:           360000 kB
Mem:          3.8G       3.7G       124M       5.7M        28M       3.2G

MemTotal:        4016004 kB
MemFree:          107724 kB
Active:           360012 kB
Mem:          3.8G       3.7G       104M       5.7M        28M       3.3G

MemTotal:        4016004 kB
MemFree:          134784 kB
Active:           360016 kB
Mem:          3.8G       3.7G       131M       5.7M        28M       3.2G

MemTotal:        4016004 kB
MemFree:          150548 kB
Active:           362700 kB
Mem:          3.8G       3.7G       146M       5.7M        28M       3.2G

MemTotal:        4016004 kB
MemFree:          105076 kB
Active:           362560 kB
Mem:          3.8G       3.7G       102M       5.7M        28M       3.3G

MemTotal:        4016004 kB
MemFree:          124356 kB
Active:           362180 kB
Mem:          3.8G       3.7G       120M       5.7M        28M       3.2G

MemTotal:        4016004 kB
MemFree:          116804 kB
Active:           362192 kB
Mem:          3.8G       3.7G       113M       5.7M        28M       3.2G

MemTotal:        4016004 kB
MemFree:          107316 kB
Active:           362192 kB
Mem:          3.8G       3.7G       104M       5.7M        28M       3.2G

MemTotal:        4016004 kB
MemFree:          133676 kB
Active:           361084 kB
Mem:          3.8G       3.7G       130M       5.7M        28M       3.2G

MemTotal:        4016004 kB
MemFree:          133972 kB
Active:           361072 kB
Mem:          3.8G       3.7G       130M       5.7M        28M       3.2G

MemTotal:        4016004 kB
MemFree:          133820 kB
Active:           361056 kB
Mem:          3.8G       3.7G       130M       5.7M        28M       3.2G

MemTotal:        4016004 kB
MemFree:          131384 kB
Active:           361108 kB
Mem:          3.8G       3.7G       127M       5.7M        28M       3.2G

MemTotal:        4016004 kB
MemFree:          111512 kB
Active:           360980 kB
Mem:          3.8G       3.7G       108M       5.7M        28M       3.2G

MemTotal:        4016004 kB
MemFree:          125956 kB
Active:           360980 kB
Mem:          3.8G       3.7G       122M       5.7M        28M       3.2G

MemTotal:        4016004 kB
MemFree:          109308 kB
Active:           360988 kB
Mem:          3.8G       3.7G       105M       5.7M        28M       3.2G

MemTotal:        4016004 kB
MemFree:          136388 kB
Active:           360988 kB
Mem:          3.8G       3.7G       132M       5.7M        28M       3.2G

MemTotal:        4016004 kB
MemFree:          126848 kB
Active:           360988 kB
Mem:          3.8G       3.7G       123M       5.7M        28M       3.2G

MemTotal:        4016004 kB
MemFree:          128580 kB
Active:           360992 kB
Mem:          3.8G       3.7G       125M       5.7M        28M       3.2G

MemTotal:        4016004 kB
MemFree:          137336 kB
Active:           360996 kB
Mem:          3.8G       3.7G       134M       5.7M        28M       3.2G

MemTotal:        4016004 kB
MemFree:          134412 kB
Active:           361004 kB
Mem:          3.8G       3.7G       130M       5.7M        28M       3.2G

MemTotal:        4016004 kB
MemFree:          111244 kB
Active:           361032 kB
Mem:          3.8G       3.7G       108M       5.7M        28M       3.2G

MemTotal:        4016004 kB
MemFree:          129392 kB
Active:           359920 kB
Mem:          3.8G       3.7G       126M       5.7M        28M       3.2G

MemTotal:        4016004 kB
MemFree:          127180 kB
Active:           359828 kB
Mem:          3.8G       3.7G       123M       5.7M        28M       3.2G

MemTotal:        4016004 kB
MemFree:          107740 kB
Active:           359856 kB
Mem:          3.8G       3.7G       104M       5.7M        28M       3.2G

MemTotal:        4016004 kB
MemFree:          130824 kB
Active:           359856 kB
Mem:          3.8G       3.7G       127M       5.7M        28M       3.2G

MemTotal:        4016004 kB
MemFree:          130676 kB
Active:           359832 kB
Mem:          3.8G       3.7G       127M       5.7M        28M       3.2G

MemTotal:        4016004 kB
MemFree:          129248 kB
Active:           359864 kB
Mem:          3.8G       3.7G       125M       5.7M        28M       3.2G

MemTotal:        4016004 kB
MemFree:          119216 kB
Active:           359868 kB
Mem:          3.8G       3.7G       116M       5.7M        28M       3.2G

MemTotal:        4016004 kB
MemFree:          124576 kB
Active:           359868 kB
Mem:          3.8G       3.7G       121M       5.7M        28M       3.2G

MemTotal:        4016004 kB
MemFree:          140492 kB
Active:           359876 kB
Mem:          3.8G       3.7G       136M       5.7M        28M       3.2G

MemTotal:        4016004 kB
MemFree:          142860 kB
Active:           359880 kB
Mem:          3.8G       3.7G       139M       5.7M        28M       3.2G

MemTotal:        4016004 kB
MemFree:          132812 kB
Active:           359880 kB
Mem:          3.8G       3.7G       128M       5.7M        28M       3.2G

MemTotal:        4016004 kB
MemFree:          104816 kB
Active:           359884 kB
Mem:          3.8G       3.7G       106M       5.7M        28M       3.2G

MemTotal:        4016004 kB
MemFree:          106696 kB
Active:           359888 kB
Mem:          3.8G       3.7G       103M       5.7M        28M       3.2G

MemTotal:        4016004 kB
MemFree:          128404 kB
Active:           359900 kB
Mem:          3.8G       3.7G       125M       5.7M        28M       3.2G

MemTotal:        4016004 kB
MemFree:          128188 kB
Active:           359888 kB
Mem:          3.8G       3.7G       124M       5.7M        28M       3.2G

MemTotal:        4016004 kB
MemFree:          128092 kB
Active:           359916 kB
Mem:          3.8G       3.7G       124M       5.7M        28M       3.2G

MemTotal:        4016004 kB
MemFree:          129972 kB
Active:           359916 kB
Mem:          3.8G       3.7G       126M       5.7M        28M       3.2G

MemTotal:        4016004 kB
MemFree:          114116 kB
Active:           357092 kB
Mem:          3.8G       3.7G       111M       5.7M        28M       3.2G

MemTotal:        4016004 kB
MemFree:          105108 kB
Active:           357092 kB
Mem:          3.8G       3.7G       102M       5.7M        28M       3.2G

MemTotal:        4016004 kB
MemFree:          106608 kB
Active:           357100 kB
Mem:          3.8G       3.7G       104M       5.7M        28M       3.2G

MemTotal:        4016004 kB
MemFree:          127556 kB
Active:           357100 kB
Mem:          3.8G       3.7G       124M       5.7M        28M       3.2G

MemTotal:        4016004 kB
MemFree:          129820 kB
Active:           357100 kB
Mem:          3.8G       3.7G       126M       5.7M        28M       3.2G

MemTotal:        4016004 kB
MemFree:          120316 kB
Active:           357100 kB
Mem:          3.8G       3.7G       116M       5.7M        28M       3.2G

MemTotal:        4016004 kB
MemFree:          128500 kB
Active:           357100 kB
Mem:          3.8G       3.7G       125M       5.7M        28M       3.2G

MemTotal:        4016004 kB
MemFree:          124240 kB
Active:           357120 kB
Mem:          3.8G       3.7G       120M       5.7M        28M       3.2G

MemTotal:        4016004 kB
MemFree:          111856 kB
Active:           357120 kB
Mem:          3.8G       3.7G       108M       5.7M        28M       3.2G

MemTotal:        4016004 kB
MemFree:          134192 kB
Active:           357132 kB
Mem:          3.8G       3.7G       131M       5.7M        28M       3.2G

MemTotal:        4016004 kB
MemFree:          124236 kB
Active:           357132 kB
Mem:          3.8G       3.7G       121M       5.7M        28M       3.2G

MemTotal:        4016004 kB
MemFree:          135672 kB
Active:           357136 kB
Mem:          3.8G       3.7G       131M       5.7M        28M       3.2G

MemTotal:        4016004 kB
MemFree:          125688 kB
Active:           357136 kB
Mem:          3.8G       3.7G       122M       5.7M        28M       3.2G

MemTotal:        4016004 kB
MemFree:          140472 kB
Active:           357148 kB
Mem:          3.8G       3.7G       136M       5.7M        28M       3.2G

MemTotal:        4016004 kB
MemFree:          134684 kB
Active:           354680 kB
Mem:          3.8G       3.7G       131M       5.7M        28M       3.2G

MemTotal:        4016004 kB
MemFree:          125420 kB
Active:           354648 kB
Mem:          3.8G       3.7G       122M       5.7M        28M       3.2G

MemTotal:        4016004 kB
MemFree:          133736 kB
Active:           354648 kB
Mem:          3.8G       3.7G       130M       5.7M        28M       3.2G

MemTotal:        4016004 kB
MemFree:          138448 kB
Active:           354656 kB
Mem:          3.8G       3.7G       134M       5.7M        28M       3.2G

MemTotal:        4016004 kB
MemFree:          129072 kB
Active:           354656 kB
Mem:          3.8G       3.7G       126M       5.7M        28M       3.2G

MemTotal:        4016004 kB
MemFree:          120060 kB
Active:           354656 kB
Mem:          3.8G       3.7G       116M       5.7M        28M       3.2G

MemTotal:        4016004 kB
MemFree:          128288 kB
Active:           354656 kB
Mem:          3.8G       3.7G       125M       5.7M        28M       3.2G

MemTotal:        4016004 kB
MemFree:          125624 kB
Active:           354668 kB
Mem:          3.8G       3.7G       122M       5.7M        28M       3.2G

MemTotal:        4016004 kB
MemFree:          125224 kB
Active:           354680 kB
Mem:          3.8G       3.7G       122M       5.7M        28M       3.2G

MemTotal:        4016004 kB
MemFree:          125692 kB
Active:           354644 kB
Mem:          3.8G       3.7G       122M       5.7M        28M       3.2G

MemTotal:        4016004 kB
MemFree:          110244 kB
Active:           354684 kB
Mem:          3.8G       3.7G       107M       5.7M        28M       3.2G

MemTotal:        4016004 kB
MemFree:          125384 kB
Active:           354692 kB
Mem:          3.8G       3.7G       121M       5.7M        28M       3.2G

MemTotal:        4016004 kB
MemFree:          128280 kB
Active:           354692 kB
Mem:          3.8G       3.7G       124M       5.7M        28M       3.2G

MemTotal:        4016004 kB
MemFree:          133748 kB
Active:           354700 kB
Mem:          3.8G       3.7G       129M       5.7M        28M       3.2G

MemTotal:        4016004 kB
MemFree:          129808 kB
Active:           354700 kB
Mem:          3.8G       3.7G       126M       5.7M        28M       3.2G

MemTotal:        4016004 kB
MemFree:          119156 kB
Active:           354700 kB
Mem:          3.8G       3.7G       116M       5.7M        28M       3.2G

MemTotal:        4016004 kB
MemFree:          128964 kB
Active:           354700 kB
Mem:          3.8G       3.7G       125M       5.7M        28M       3.2G

MemTotal:        4016004 kB
MemFree:          119320 kB
Active:           354700 kB
Mem:          3.8G       3.7G       116M       5.7M        28M       3.2G

MemTotal:        4016004 kB
MemFree:          110360 kB
Active:           354708 kB
Mem:          3.8G       3.7G       107M       5.7M        28M       3.2G

MemTotal:        4016004 kB
MemFree:          117692 kB
Active:           354516 kB
Mem:          3.8G       3.7G       114M       5.7M        28M       3.2G

MemTotal:        4016004 kB
MemFree:          109040 kB
Active:           354516 kB
Mem:          3.8G       3.7G       105M       5.7M        28M       3.2G

MemTotal:        4016004 kB
MemFree:          139616 kB
Active:           354516 kB
Mem:          3.8G       3.7G       136M       5.7M        28M       3.2G

MemTotal:        4016004 kB
MemFree:          118184 kB
Active:           354528 kB
Mem:          3.8G       3.7G       114M       5.7M        28M       3.2G

MemTotal:        4016004 kB
MemFree:          110328 kB
Active:           354528 kB
Mem:          3.8G       3.7G       107M       5.7M        28M       3.2G

MemTotal:        4016004 kB
MemFree:          109484 kB
Active:           354508 kB
Mem:          3.8G       3.7G       106M       5.7M        28M       3.2G

MemTotal:        4016004 kB
MemFree:          108616 kB
Active:           354240 kB
Mem:          3.8G       3.7G       105M       5.7M        28M       3.2G

MemTotal:        4016004 kB
MemFree:          108864 kB
Active:           354220 kB
Mem:          3.8G       3.7G       105M       5.7M        28M       3.2G

MemTotal:        4016004 kB
MemFree:          108740 kB
Active:           354212 kB
Mem:          3.8G       3.7G       106M       5.7M        28M       3.2G

MemTotal:        4016004 kB
MemFree:          108740 kB
Active:           354204 kB
Mem:          3.8G       3.7G       106M       5.7M        28M       3.2G

MemTotal:        4016004 kB
MemFree:          108740 kB
Active:           354204 kB
Mem:          3.8G       3.7G       106M       5.7M        28M       3.2G

MemTotal:        4016004 kB
MemFree:          108616 kB
Active:           354204 kB
Mem:          3.8G       3.7G       106M       5.7M        28M       3.2G

MemTotal:        4016004 kB
MemFree:          108864 kB
Active:           354224 kB
Mem:          3.8G       3.7G       105M       5.7M        28M       3.2G

MemTotal:        4016004 kB
MemFree:          108740 kB
Active:           354220 kB
Mem:          3.8G       3.7G       105M       5.7M        28M       3.2G

MemTotal:        4016004 kB
MemFree:          108740 kB
Active:           354240 kB
Mem:          3.8G       3.7G       106M       5.7M        28M       3.2G

MemTotal:        4016004 kB
MemFree:          108740 kB
Active:           354240 kB
Mem:          3.8G       3.7G       105M       5.7M        28M       3.2G

MemTotal:        4016004 kB
MemFree:          108864 kB
Active:           354264 kB
Mem:          3.8G       3.7G       106M       5.7M        28M       3.2G

MemTotal:        4016004 kB
MemFree:          108864 kB
Active:           354240 kB
Mem:          3.8G       3.7G       105M       5.7M        28M       3.2G

MemTotal:        4016004 kB
MemFree:          108864 kB
Active:           354212 kB
Mem:          3.8G       3.7G       106M       5.7M        28M       3.2G

MemTotal:        4016004 kB
MemFree:          108864 kB
Active:           354216 kB
Mem:          3.8G       3.7G       106M       5.7M        28M       3.2G

MemTotal:        4016004 kB
MemFree:          108864 kB
Active:           354260 kB
Mem:          3.8G       3.7G       106M       5.7M        28M       3.2G

MemTotal:        4016004 kB
MemFree:          108740 kB
Active:           354216 kB
Mem:          3.8G       3.7G       106M       5.7M        28M       3.2G

MemTotal:        4016004 kB
MemFree:          108864 kB
Active:           354228 kB
Mem:          3.8G       3.7G       106M       5.7M        28M       3.2G

MemTotal:        4016004 kB
MemFree:          108864 kB
Active:           354232 kB
Mem:          3.8G       3.7G       106M       5.7M        28M       3.2G

MemTotal:        4016004 kB
MemFree:          108864 kB
Active:           354264 kB
Mem:          3.8G       3.7G       106M       5.7M        28M       3.2G

MemTotal:        4016004 kB
MemFree:          108864 kB
Active:           354256 kB
Mem:          3.8G       3.7G       106M       5.7M        28M       3.2G

MemTotal:        4016004 kB
MemFree:          108740 kB
Active:           354252 kB
Mem:          3.8G       3.7G       106M       5.7M        28M       3.2G

MemTotal:        4016004 kB
MemFree:          108740 kB
Active:           354260 kB
Mem:          3.8G       3.7G       106M       5.7M        28M       3.2G

MemTotal:        4016004 kB
MemFree:          108740 kB
Active:           354272 kB
Mem:          3.8G       3.7G       106M       5.7M        28M       3.2G

MemTotal:        4016004 kB
MemFree:          108864 kB
Active:           354268 kB
Mem:          3.8G       3.7G       106M       5.7M        28M       3.2G

MemTotal:        4016004 kB
MemFree:          108864 kB
Active:           354264 kB
Mem:          3.8G       3.7G       106M       5.7M        28M       3.2G

MemTotal:        4016004 kB
MemFree:          108864 kB
Active:           354264 kB
Mem:          3.8G       3.7G       105M       5.7M        28M       3.2G

MemTotal:        4016004 kB
MemFree:          108864 kB
Active:           354272 kB
Mem:          3.8G       3.7G       105M       5.7M        28M       3.2G

MemTotal:        4016004 kB
MemFree:          108864 kB
Active:           354280 kB
Mem:          3.8G       3.7G       105M       5.7M        28M       3.2G

MemTotal:        4016004 kB
MemFree:          108740 kB
Active:           354292 kB
Mem:          3.8G       3.7G       105M       5.7M        28M       3.2G

MemTotal:        4016004 kB
MemFree:          108740 kB
Active:           354276 kB
Mem:          3.8G       3.7G       105M       5.7M        28M       3.2G

MemTotal:        4016004 kB
MemFree:          108368 kB
Active:           354296 kB
Mem:          3.8G       3.7G       105M       5.7M        28M       3.2G

MemTotal:        4016004 kB
MemFree:          108740 kB
Active:           354304 kB
Mem:          3.8G       3.7G       106M       5.7M        28M       3.2G

MemTotal:        4016004 kB
MemFree:          108740 kB
Active:           354264 kB
Mem:          3.8G       3.7G       105M       5.7M        28M       3.2G

MemTotal:        4016004 kB
MemFree:          108864 kB
Active:           354292 kB
Mem:          3.8G       3.7G       106M       5.7M        28M       3.2G

MemTotal:        4016004 kB
MemFree:          108864 kB
Active:           354292 kB
Mem:          3.8G       3.7G       105M       5.7M        28M       3.2G

MemTotal:        4016004 kB
MemFree:          108740 kB
Active:           354300 kB
Mem:          3.8G       3.7G       105M       5.7M        28M       3.2G

MemTotal:        4016004 kB
MemFree:          108740 kB
Active:           354288 kB
Mem:          3.8G       3.7G       105M       5.7M        28M       3.2G

MemTotal:        4016004 kB
MemFree:          108740 kB
Active:           354284 kB
Mem:          3.8G       3.7G       106M       5.7M        28M       3.2G

MemTotal:        4016004 kB
MemFree:          108616 kB
Active:           354308 kB
Mem:          3.8G       3.7G       106M       5.7M        28M       3.2G

MemTotal:        4016004 kB
MemFree:          108864 kB
Active:           354280 kB
Mem:          3.8G       3.7G       105M       5.7M        28M       3.2G

MemTotal:        4016004 kB
MemFree:          108740 kB
Active:           354280 kB
Mem:          3.8G       3.7G       105M       5.7M        28M       3.2G

MemTotal:        4016004 kB
MemFree:          108740 kB
Active:           354316 kB
Mem:          3.8G       3.7G       106M       5.7M        28M       3.2G

MemTotal:        4016004 kB
MemFree:          108740 kB
Active:           354268 kB
Mem:          3.8G       3.7G       106M       5.7M        28M       3.2G

MemTotal:        4016004 kB
MemFree:          108740 kB
Active:           354296 kB
Mem:          3.8G       3.7G       105M       5.7M        28M       3.2G

MemTotal:        4016004 kB
MemFree:          108740 kB
Active:           354304 kB
Mem:          3.8G       3.7G       105M       5.7M        28M       3.2G

MemTotal:        4016004 kB
MemFree:          108864 kB
Active:           354312 kB
Mem:          3.8G       3.7G       106M       5.7M        28M       3.2G

MemTotal:        4016004 kB
MemFree:          108740 kB
Active:           354328 kB
Mem:          3.8G       3.7G       106M       5.7M        28M       3.2G

MemTotal:        4016004 kB
MemFree:          108740 kB
Active:           354288 kB
Mem:          3.8G       3.7G       105M       5.7M        28M       3.2G

MemTotal:        4016004 kB
MemFree:          108740 kB
Active:           354324 kB
Mem:          3.8G       3.7G       105M       5.7M        28M       3.2G

MemTotal:        4016004 kB
MemFree:          108740 kB
Active:           354324 kB
Mem:          3.8G       3.7G       105M       5.7M        28M       3.2G

MemTotal:        4016004 kB
MemFree:          108740 kB
Active:           354276 kB
Mem:          3.8G       3.7G       106M       5.7M        28M       3.2G

MemTotal:        4016004 kB
MemFree:          108740 kB
Active:           354280 kB
Mem:          3.8G       3.7G       105M       5.7M        28M       3.2G

MemTotal:        4016004 kB
MemFree:          108740 kB
Active:           354280 kB
Mem:          3.8G       3.7G       105M       5.7M        28M       3.2G

MemTotal:        4016004 kB
MemFree:          108740 kB
Active:           354332 kB
Mem:          3.8G       3.7G       106M       5.7M        28M       3.2G

MemTotal:        4016004 kB
MemFree:          108616 kB
Active:           354300 kB
Mem:          3.8G       3.7G       106M       5.7M        28M       3.2G

MemTotal:        4016004 kB
MemFree:          108740 kB
Active:           354324 kB
Mem:          3.8G       3.7G       106M       5.7M        28M       3.2G

MemTotal:        4016004 kB
MemFree:          108740 kB
Active:           354340 kB
Mem:          3.8G       3.7G       105M       5.7M        28M       3.2G

MemTotal:        4016004 kB
MemFree:          108740 kB
Active:           354336 kB
Mem:          3.8G       3.7G       106M       5.7M        28M       3.2G

MemTotal:        4016004 kB
MemFree:          108616 kB
Active:           354308 kB
Mem:          3.8G       3.7G       106M       5.7M        28M       3.2G

MemTotal:        4016004 kB
MemFree:          108740 kB
Active:           354324 kB
Mem:          3.8G       3.7G       105M       5.7M        28M       3.2G

MemTotal:        4016004 kB
MemFree:          108724 kB
Active:           354336 kB
Mem:          3.8G       3.7G       105M       5.7M        28M       3.2G

MemTotal:        4016004 kB
MemFree:          108600 kB
Active:           354352 kB
Mem:          3.8G       3.7G       106M       5.7M        28M       3.2G

MemTotal:        4016004 kB
MemFree:          108600 kB
Active:           354308 kB
Mem:          3.8G       3.7G       106M       5.7M        28M       3.2G

MemTotal:        4016004 kB
MemFree:          108600 kB
Active:           354312 kB
Mem:          3.8G       3.7G       105M       5.7M        28M       3.2G

MemTotal:        4016004 kB
MemFree:          108600 kB
Active:           354340 kB
Mem:          3.8G       3.7G       106M       5.7M        28M       3.2G

MemTotal:        4016004 kB
MemFree:          108724 kB
Active:           354364 kB
Mem:          3.8G       3.7G       106M       5.7M        28M       3.2G

MemTotal:        4016004 kB
MemFree:          108600 kB
Active:           354368 kB
Mem:          3.8G       3.7G       106M       5.7M        28M       3.2G

MemTotal:        4016004 kB
MemFree:          108228 kB
Active:           354376 kB
Mem:          3.8G       3.7G       105M       5.7M        28M       3.2G

MemTotal:        4016004 kB
MemFree:          108724 kB
Active:           354352 kB
Mem:          3.8G       3.7G       106M       5.7M        28M       3.2G

MemTotal:        4016004 kB
MemFree:          108600 kB
Active:           354352 kB
Mem:          3.8G       3.7G       105M       5.7M        28M       3.2G

MemTotal:        4016004 kB
MemFree:          108600 kB
Active:           354380 kB
Mem:          3.8G       3.7G       105M       5.7M        28M       3.2G

MemTotal:        4016004 kB
MemFree:          108600 kB
Active:           354364 kB
Mem:          3.8G       3.7G       106M       5.7M        28M       3.2G

MemTotal:        4016004 kB
MemFree:          108600 kB
Active:           354344 kB
Mem:          3.8G       3.7G       106M       5.7M        28M       3.2G

MemTotal:        4016004 kB
MemFree:          108600 kB
Active:           354360 kB
Mem:          3.8G       3.7G       106M       5.7M        28M       3.2G

MemTotal:        4016004 kB
MemFree:          108600 kB
Active:           354372 kB
Mem:          3.8G       3.7G       106M       5.7M        28M       3.2G

MemTotal:        4016004 kB
MemFree:          108476 kB
Active:           354372 kB
Mem:          3.8G       3.7G       105M       5.7M        28M       3.2G

MemTotal:        4016004 kB
MemFree:          108724 kB
Active:           354352 kB
Mem:          3.8G       3.7G       105M       5.7M        28M       3.2G

MemTotal:        4016004 kB
MemFree:          108724 kB
Active:           354380 kB
Mem:          3.8G       3.7G       106M       5.7M        28M       3.2G

MemTotal:        4016004 kB
MemFree:          108600 kB
Active:           354368 kB
Mem:          3.8G       3.7G       106M       5.7M        28M       3.2G

MemTotal:        4016004 kB
MemFree:          108600 kB
Active:           354376 kB
Mem:          3.8G       3.7G       105M       5.7M        28M       3.2G

MemTotal:        4016004 kB
MemFree:          108600 kB
Active:           354364 kB
Mem:          3.8G       3.7G       106M       5.7M        28M       3.2G

MemTotal:        4016004 kB
MemFree:          108600 kB
Active:           354380 kB
Mem:          3.8G       3.7G       105M       5.7M        28M       3.2G

MemTotal:        4016004 kB
MemFree:          108600 kB
Active:           354380 kB
Mem:          3.8G       3.7G       105M       5.7M        28M       3.2G

MemTotal:        4016004 kB
MemFree:          108600 kB
Active:           354364 kB
Mem:          3.8G       3.7G       106M       5.7M        28M       3.2G

MemTotal:        4016004 kB
MemFree:          108352 kB
Active:           354400 kB
Mem:          3.8G       3.7G       106M       5.7M        28M       3.2G

MemTotal:        4016004 kB
MemFree:          108600 kB
Active:           354400 kB
Mem:          3.8G       3.7G       106M       5.7M        28M       3.2G

MemTotal:        4016004 kB
MemFree:          108600 kB
Active:           354400 kB
Mem:          3.8G       3.7G       105M       5.7M        28M       3.2G

MemTotal:        4016004 kB
MemFree:          108600 kB
Active:           354388 kB
Mem:          3.8G       3.7G       105M       5.7M        28M       3.2G

MemTotal:        4016004 kB
MemFree:          108600 kB
Active:           354388 kB
Mem:          3.8G       3.7G       106M       5.7M        28M       3.2G

MemTotal:        4016004 kB
MemFree:          108476 kB
Active:           354404 kB
Mem:          3.8G       3.7G       105M       5.7M        28M       3.2G

MemTotal:        4016004 kB
MemFree:          108476 kB
Active:           354428 kB
Mem:          3.8G       3.7G       105M       5.7M        28M       3.2G

MemTotal:        4016004 kB
MemFree:          108336 kB
Active:           354504 kB
Mem:          3.8G       3.7G       105M       5.7M        28M       3.2G

MemTotal:        4016004 kB
MemFree:          108460 kB
Active:           354488 kB
Mem:          3.8G       3.7G       105M       5.7M        28M       3.2G

MemTotal:        4016004 kB
MemFree:          108336 kB
Active:           354492 kB
Mem:          3.8G       3.7G       105M       5.7M        28M       3.2G

MemTotal:        4016004 kB
MemFree:          108460 kB
Active:           354484 kB
Mem:          3.8G       3.7G       105M       5.7M        28M       3.2G

MemTotal:        4016004 kB
MemFree:          108336 kB
Active:           354476 kB
Mem:          3.8G       3.7G       105M       5.7M        28M       3.2G

MemTotal:        4016004 kB
MemFree:          108336 kB
Active:           354468 kB
Mem:          3.8G       3.7G       105M       5.7M        28M       3.2G

MemTotal:        4016004 kB
MemFree:          108212 kB
Active:           354476 kB
Mem:          3.8G       3.7G       105M       5.7M        28M       3.2G

MemTotal:        4016004 kB
MemFree:          108336 kB
Active:           354504 kB
Mem:          3.8G       3.7G       105M       5.7M        28M       3.2G

MemTotal:        4016004 kB
MemFree:          108336 kB
Active:           354512 kB
Mem:          3.8G       3.7G       105M       5.7M        28M       3.2G

MemTotal:        4016004 kB
MemFree:          108336 kB
Active:           354476 kB
Mem:          3.8G       3.7G       105M       5.7M        28M       3.2G

MemTotal:        4016004 kB
MemFree:          108336 kB
Active:           354492 kB
Mem:          3.8G       3.7G       105M       5.7M        28M       3.2G

MemTotal:        4016004 kB
MemFree:          108336 kB
Active:           354480 kB
Mem:          3.8G       3.7G       105M       5.7M        28M       3.2G

MemTotal:        4016004 kB
MemFree:          108336 kB
Active:           354484 kB
Mem:          3.8G       3.7G       105M       5.7M        28M       3.2G

MemTotal:        4016004 kB
MemFree:          108336 kB
Active:           354484 kB
Mem:          3.8G       3.7G       105M       5.7M        28M       3.2G

MemTotal:        4016004 kB
MemFree:          108460 kB
Active:           354488 kB
Mem:          3.8G       3.7G       105M       5.7M        28M       3.2G

MemTotal:        4016004 kB
MemFree:          108336 kB
Active:           354496 kB
Mem:          3.8G       3.7G       105M       5.7M        28M       3.2G

MemTotal:        4016004 kB
MemFree:          108352 kB
Active:           354528 kB
Mem:          3.8G       3.7G       105M       5.7M        28M       3.2G

MemTotal:        4016004 kB
MemFree:          108352 kB
Active:           354484 kB
Mem:          3.8G       3.7G       105M       5.7M        28M       3.2G

MemTotal:        4016004 kB
MemFree:          108352 kB
Active:           354480 kB
Mem:          3.8G       3.7G       105M       5.7M        28M       3.2G

MemTotal:        4016004 kB
MemFree:          108352 kB
Active:           354528 kB
Mem:          3.8G       3.7G       105M       5.7M        28M       3.2G

MemTotal:        4016004 kB
MemFree:          108352 kB
Active:           354524 kB
Mem:          3.8G       3.7G       105M       5.7M        28M       3.2G

MemTotal:        4016004 kB
MemFree:          108352 kB
Active:           354528 kB
Mem:          3.8G       3.7G       105M       5.7M        28M       3.2G

MemTotal:        4016004 kB
MemFree:          108352 kB
Active:           354488 kB
Mem:          3.8G       3.7G       105M       5.7M        28M       3.2G

MemTotal:        4016004 kB
MemFree:          108352 kB
Active:           354524 kB
Mem:          3.8G       3.7G       105M       5.7M        28M       3.2G

MemTotal:        4016004 kB
MemFree:          108352 kB
Active:           354532 kB
Mem:          3.8G       3.7G       105M       5.7M        28M       3.2G

MemTotal:        4016004 kB
MemFree:          108352 kB
Active:           354540 kB
Mem:          3.8G       3.7G       105M       5.7M        28M       3.2G

MemTotal:        4016004 kB
MemFree:          108352 kB
Active:           354500 kB
Mem:          3.8G       3.7G       105M       5.7M        28M       3.2G

MemTotal:        4016004 kB
MemFree:          108228 kB
Active:           354500 kB
Mem:          3.8G       3.7G       105M       5.7M        28M       3.2G

MemTotal:        4016004 kB
MemFree:          108476 kB
Active:           354512 kB
Mem:          3.8G       3.7G       105M       5.7M        28M       3.2G

MemTotal:        4016004 kB
MemFree:          108352 kB
Active:           354504 kB
Mem:          3.8G       3.7G       105M       5.7M        28M       3.2G

MemTotal:        4016004 kB
MemFree:          108352 kB
Active:           354560 kB
Mem:          3.8G       3.7G       105M       5.7M        28M       3.2G

MemTotal:        4016004 kB
MemFree:          108352 kB
Active:           354552 kB
Mem:          3.8G       3.7G       105M       5.7M        28M       3.2G

MemTotal:        4016004 kB
MemFree:          108352 kB
Active:           354548 kB
Mem:          3.8G       3.7G       105M       5.7M        28M       3.2G

MemTotal:        4016004 kB
MemFree:          108352 kB
Active:           354548 kB
Mem:          3.8G       3.7G       105M       5.7M        28M       3.2G

MemTotal:        4016004 kB
MemFree:          108352 kB
Active:           354508 kB
Mem:          3.8G       3.7G       105M       5.7M        28M       3.2G

MemTotal:        4016004 kB
MemFree:          108352 kB
Active:           354560 kB
Mem:          3.8G       3.7G       105M       5.7M        28M       3.2G

MemTotal:        4016004 kB
MemFree:          108352 kB
Active:           354516 kB
Mem:          3.8G       3.7G       105M       5.7M        28M       3.2G

MemTotal:        4016004 kB
MemFree:          108352 kB
Active:           354536 kB
Mem:          3.8G       3.7G       105M       5.7M        28M       3.2G

MemTotal:        4016004 kB
MemFree:          108228 kB
Active:           354560 kB
Mem:          3.8G       3.7G       105M       5.7M        28M       3.2G

MemTotal:        4016004 kB
MemFree:          108228 kB
Active:           354584 kB
Mem:          3.8G       3.7G       105M       5.7M        28M       3.2G

MemTotal:        4016004 kB
MemFree:          108228 kB
Active:           354564 kB
Mem:          3.8G       3.7G       105M       5.7M        28M       3.2G

MemTotal:        4016004 kB
MemFree:          108228 kB
Active:           354572 kB
Mem:          3.8G       3.7G       105M       5.7M        28M       3.2G

MemTotal:        4016004 kB
MemFree:          108228 kB
Active:           354580 kB
Mem:          3.8G       3.7G       105M       5.7M        28M       3.2G

MemTotal:        4016004 kB
MemFree:          108228 kB
Active:           354576 kB
Mem:          3.8G       3.7G       105M       5.7M        28M       3.2G

MemTotal:        4016004 kB
MemFree:          108352 kB
Active:           354588 kB
Mem:          3.8G       3.7G       105M       5.7M        28M       3.2G

MemTotal:        4016004 kB
MemFree:          108228 kB
Active:           354540 kB
Mem:          3.8G       3.7G       105M       5.7M        28M       3.2G

MemTotal:        4016004 kB
MemFree:          108352 kB
Active:           354580 kB
Mem:          3.8G       3.7G       105M       5.7M        28M       3.2G

MemTotal:        4016004 kB
MemFree:          108352 kB
Active:           354536 kB
Mem:          3.8G       3.7G       105M       5.7M        28M       3.2G

MemTotal:        4016004 kB
MemFree:          108228 kB
Active:           354584 kB
Mem:          3.8G       3.7G       105M       5.7M        28M       3.2G

MemTotal:        4016004 kB
MemFree:          108352 kB
Active:           354568 kB
Mem:          3.8G       3.7G       105M       5.7M        28M       3.2G

MemTotal:        4016004 kB
MemFree:          108228 kB
Active:           354580 kB
Mem:          3.8G       3.7G       105M       5.7M        28M       3.2G

MemTotal:        4016004 kB
MemFree:          108352 kB
Active:           354592 kB
Mem:          3.8G       3.7G       105M       5.7M        28M       3.2G

MemTotal:        4016004 kB
MemFree:          108228 kB
Active:           354596 kB
Mem:          3.8G       3.7G       105M       5.7M        28M       3.2G

MemTotal:        4016004 kB
MemFree:          108228 kB
Active:           354588 kB
Mem:          3.8G       3.7G       105M       5.7M        28M       3.2G

MemTotal:        4016004 kB
MemFree:          108228 kB
Active:           354584 kB
Mem:          3.8G       3.7G       105M       5.7M        28M       3.2G

MemTotal:        4016004 kB
MemFree:          108352 kB
Active:           354600 kB
Mem:          3.8G       3.7G       105M       5.7M        28M       3.2G

MemTotal:        4016004 kB
MemFree:          108352 kB
Active:           354556 kB
Mem:          3.8G       3.7G       105M       5.7M        28M       3.2G

MemTotal:        4016004 kB
MemFree:          108352 kB
Active:           354592 kB
Mem:          3.8G       3.7G       105M       5.7M        28M       3.2G

MemTotal:        4016004 kB
MemFree:          108228 kB
Active:           354556 kB
Mem:          3.8G       3.7G       105M       5.7M        28M       3.2G

MemTotal:        4016004 kB
MemFree:          108352 kB
Active:           354588 kB
Mem:          3.8G       3.7G       105M       5.7M        28M       3.2G

MemTotal:        4016004 kB
MemFree:          108228 kB
Active:           354612 kB
Mem:          3.8G       3.7G       105M       5.7M        28M       3.2G

MemTotal:        4016004 kB
MemFree:          108228 kB
Active:           354604 kB
Mem:          3.8G       3.7G       105M       5.7M        28M       3.2G

MemTotal:        4016004 kB
MemFree:          108228 kB
Active:           354612 kB
Mem:          3.8G       3.7G       105M       5.7M        28M       3.2G

MemTotal:        4016004 kB
MemFree:          108228 kB
Active:           354568 kB
Mem:          3.8G       3.7G       105M       5.7M        28M       3.2G

MemTotal:        4016004 kB
MemFree:          108228 kB
Active:           354612 kB
Mem:          3.8G       3.7G       105M       5.7M        28M       3.2G

MemTotal:        4016004 kB
MemFree:          108228 kB
Active:           354572 kB
Mem:          3.8G       3.7G       105M       5.7M        28M       3.2G

MemTotal:        4016004 kB
MemFree:          108352 kB
Active:           354588 kB
Mem:          3.8G       3.7G       105M       5.7M        28M       3.2G

MemTotal:        4016004 kB
MemFree:          108228 kB
Active:           354612 kB
Mem:          3.8G       3.7G       105M       5.7M        28M       3.2G

MemTotal:        4016004 kB
MemFree:          108228 kB
Active:           354580 kB
Mem:          3.8G       3.7G       105M       5.7M        28M       3.2G

MemTotal:        4016004 kB
MemFree:          108352 kB
Active:           354620 kB
Mem:          3.8G       3.7G       105M       5.7M        28M       3.2G

MemTotal:        4016004 kB
MemFree:          108228 kB
Active:           354624 kB
Mem:          3.8G       3.7G       105M       5.7M        28M       3.2G

MemTotal:        4016004 kB
MemFree:          107856 kB
Active:           354640 kB
Mem:          3.8G       3.7G       105M       5.7M        28M       3.2G

MemTotal:        4016004 kB
MemFree:          108352 kB
Active:           354620 kB
Mem:          3.8G       3.7G       105M       5.7M        28M       3.2G

MemTotal:        4016004 kB
MemFree:          108228 kB
Active:           354636 kB
Mem:          3.8G       3.7G       105M       5.7M        28M       3.2G

MemTotal:        4016004 kB
MemFree:          108352 kB
Active:           354600 kB
Mem:          3.8G       3.7G       105M       5.7M        28M       3.2G

MemTotal:        4016004 kB
MemFree:          107856 kB
Active:           354644 kB
Mem:          3.8G       3.7G       105M       5.7M        28M       3.2G

MemTotal:        4016004 kB
MemFree:          108228 kB
Active:           354636 kB
Mem:          3.8G       3.7G       105M       5.7M        28M       3.2G

MemTotal:        4016004 kB
MemFree:          108228 kB
Active:           354612 kB
Mem:          3.8G       3.7G       105M       5.7M        28M       3.2G

MemTotal:        4016004 kB
MemFree:          108244 kB
Active:           354644 kB
Mem:          3.8G       3.7G       105M       5.7M        28M       3.2G

MemTotal:        4016004 kB
MemFree:          108244 kB
Active:           354616 kB
Mem:          3.8G       3.7G       105M       5.7M        28M       3.2G

MemTotal:        4016004 kB
MemFree:          108120 kB
Active:           354632 kB
Mem:          3.8G       3.7G       105M       5.7M        28M       3.2G

MemTotal:        4016004 kB
MemFree:          108368 kB
Active:           354648 kB
Mem:          3.8G       3.7G       105M       5.7M        28M       3.2G

MemTotal:        4016004 kB
MemFree:          108244 kB
Active:           354612 kB
Mem:          3.8G       3.7G       105M       5.7M        28M       3.2G

MemTotal:        4016004 kB
MemFree:          108368 kB
Active:           354636 kB
Mem:          3.8G       3.7G       105M       5.7M        28M       3.2G

MemTotal:        4016004 kB
MemFree:          108244 kB
Active:           354644 kB
Mem:          3.8G       3.7G       105M       5.7M        28M       3.2G

MemTotal:        4016004 kB
MemFree:          108244 kB
Active:           354612 kB
Mem:          3.8G       3.7G       105M       5.7M        28M       3.2G

MemTotal:        4016004 kB
MemFree:          108244 kB
Active:           354620 kB
Mem:          3.8G       3.7G       105M       5.7M        28M       3.2G

MemTotal:        4016004 kB
MemFree:          108244 kB
Active:           354648 kB
Mem:          3.8G       3.7G       105M       5.7M        28M       3.2G

MemTotal:        4016004 kB
MemFree:          108244 kB
Active:           354644 kB
Mem:          3.8G       3.7G       105M       5.7M        28M       3.2G

MemTotal:        4016004 kB
MemFree:          108244 kB
Active:           354664 kB
Mem:          3.8G       3.7G       105M       5.7M        28M       3.2G

MemTotal:        4016004 kB
MemFree:          108120 kB
Active:           354664 kB
Mem:          3.8G       3.7G       105M       5.7M        28M       3.2G

MemTotal:        4016004 kB
MemFree:          108244 kB
Active:           354632 kB
Mem:          3.8G       3.7G       105M       5.7M        28M       3.2G

MemTotal:        4016004 kB
MemFree:          108244 kB
Active:           354620 kB
Mem:          3.8G       3.7G       105M       5.7M        28M       3.2G

MemTotal:        4016004 kB
MemFree:          108244 kB
Active:           354616 kB
Mem:          3.8G       3.7G       105M       5.7M        28M       3.2G

MemTotal:        4016004 kB
MemFree:          108244 kB
Active:           354640 kB
Mem:          3.8G       3.7G       105M       5.7M        28M       3.2G

MemTotal:        4016004 kB
MemFree:          108244 kB
Active:           354644 kB
Mem:          3.8G       3.7G       105M       5.7M        28M       3.2G

MemTotal:        4016004 kB
MemFree:          108244 kB
Active:           354660 kB
Mem:          3.8G       3.7G       105M       5.7M        28M       3.2G

MemTotal:        4016004 kB
MemFree:          108244 kB
Active:           354676 kB
Mem:          3.8G       3.7G       105M       5.7M        28M       3.2G

MemTotal:        4016004 kB
MemFree:          108252 kB
Active:           354680 kB
Mem:          3.8G       3.7G       105M       5.7M        28M       3.2G

MemTotal:        4016004 kB
MemFree:          108128 kB
Active:           354680 kB
Mem:          3.8G       3.7G       105M       5.7M        28M       3.2G

MemTotal:        4016004 kB
MemFree:          108252 kB
Active:           354676 kB
Mem:          3.8G       3.7G       105M       5.7M        28M       3.2G

MemTotal:        4016004 kB
MemFree:          108252 kB
Active:           354676 kB
Mem:          3.8G       3.7G       105M       5.7M        28M       3.2G

MemTotal:        4016004 kB
MemFree:          107880 kB
Active:           354692 kB
Mem:          3.8G       3.7G       105M       5.7M        28M       3.2G

MemTotal:        4016004 kB
MemFree:          108128 kB
Active:           354680 kB
Mem:          3.8G       3.7G       105M       5.7M        28M       3.2G

MemTotal:        4016004 kB
MemFree:          108252 kB
Active:           354680 kB
Mem:          3.8G       3.7G       105M       5.7M        28M       3.2G

MemTotal:        4016004 kB
MemFree:          108252 kB
Active:           354672 kB
Mem:          3.8G       3.7G       105M       5.7M        28M       3.2G

MemTotal:        4016004 kB
MemFree:          108128 kB
Active:           354692 kB
Mem:          3.8G       3.7G       105M       5.7M        28M       3.2G

MemTotal:        4016004 kB
MemFree:          108004 kB
Active:           354648 kB
Mem:          3.8G       3.7G       105M       5.7M        28M       3.2G

MemTotal:        4016004 kB
MemFree:          108128 kB
Active:           354660 kB
Mem:          3.8G       3.7G       105M       5.7M        28M       3.2G

MemTotal:        4016004 kB
MemFree:          108252 kB
Active:           354688 kB
Mem:          3.8G       3.7G       105M       5.7M        28M       3.2G

MemTotal:        4016004 kB
MemFree:          108128 kB
Active:           354652 kB
Mem:          3.8G       3.7G       105M       5.7M        28M       3.2G

MemTotal:        4016004 kB
MemFree:          108128 kB
Active:           354644 kB
Mem:          3.8G       3.7G       105M       5.7M        28M       3.2G

MemTotal:        4016004 kB
MemFree:          108128 kB
Active:           354664 kB
Mem:          3.8G       3.7G       105M       5.7M        28M       3.2G

MemTotal:        4016004 kB
MemFree:          108128 kB
Active:           354688 kB
Mem:          3.8G       3.7G       105M       5.7M        28M       3.2G

MemTotal:        4016004 kB
MemFree:          108252 kB
Active:           354700 kB
Mem:          3.8G       3.7G       105M       5.7M        28M       3.2G

MemTotal:        4016004 kB
MemFree:          108128 kB
Active:           354700 kB
Mem:          3.8G       3.7G       105M       5.7M        28M       3.2G

MemTotal:        4016004 kB
MemFree:          108128 kB
Active:           354656 kB
Mem:          3.8G       3.7G       105M       5.7M        28M       3.2G

MemTotal:        4016004 kB
MemFree:          108128 kB
Active:           354676 kB
Mem:          3.8G       3.7G       105M       5.7M        28M       3.2G

MemTotal:        4016004 kB
MemFree:          108252 kB
Active:           354696 kB
Mem:          3.8G       3.7G       105M       5.7M        28M       3.2G

MemTotal:        4016004 kB
MemFree:          107928 kB
Active:           354492 kB
Mem:          3.8G       3.7G       105M       5.7M        28M       3.2G

MemTotal:        4016004 kB
MemFree:          107556 kB
Active:           354452 kB
Mem:          3.8G       3.7G       105M       5.7M        28M       3.2G

MemTotal:        4016004 kB
MemFree:          107432 kB
Active:           354504 kB
Mem:          3.8G       3.7G       104M       5.7M        28M       3.2G

MemTotal:        4016004 kB
MemFree:          106936 kB
Active:           354516 kB
Mem:          3.8G       3.7G       104M       5.7M        28M       3.2G

MemTotal:        4016004 kB
MemFree:          107432 kB
Active:           354484 kB
Mem:          3.8G       3.7G       104M       5.7M        28M       3.2G

MemTotal:        4016004 kB
MemFree:          107060 kB
Active:           354516 kB
Mem:          3.8G       3.7G       104M       5.7M        28M       3.2G

MemTotal:        4016004 kB
MemFree:          107432 kB
Active:           354488 kB
Mem:          3.8G       3.7G       104M       5.7M        28M       3.2G

MemTotal:        4016004 kB
MemFree:          107432 kB
Active:           354508 kB
Mem:          3.8G       3.7G       104M       5.7M        28M       3.2G

MemTotal:        4016004 kB
MemFree:          107432 kB
Active:           354480 kB
Mem:          3.8G       3.7G       104M       5.7M        28M       3.2G

MemTotal:        4016004 kB
MemFree:          107432 kB
Active:           354520 kB
Mem:          3.8G       3.7G       104M       5.7M        28M       3.2G

MemTotal:        4016004 kB
MemFree:          107432 kB
Active:           354520 kB
Mem:          3.8G       3.7G       104M       5.7M        28M       3.2G

MemTotal:        4016004 kB
MemFree:          107432 kB
Active:           354528 kB
Mem:          3.8G       3.7G       104M       5.7M        28M       3.2G

MemTotal:        4016004 kB
MemFree:          107556 kB
Active:           354500 kB
Mem:          3.8G       3.7G       104M       5.7M        28M       3.2G

MemTotal:        4016004 kB
MemFree:          107432 kB
Active:           354516 kB
Mem:          3.8G       3.7G       104M       5.7M        28M       3.2G

MemTotal:        4016004 kB
MemFree:          107432 kB
Active:           354480 kB
Mem:          3.8G       3.7G       104M       5.7M        28M       3.2G

MemTotal:        4016004 kB
MemFree:          107556 kB
Active:           354492 kB
Mem:          3.8G       3.7G       105M       5.7M        28M       3.2G

MemTotal:        4016004 kB
MemFree:          107432 kB
Active:           354516 kB
Mem:          3.8G       3.7G       104M       5.7M        28M       3.2G

MemTotal:        4016004 kB
MemFree:          107432 kB
Active:           354516 kB
Mem:          3.8G       3.7G       104M       5.7M        28M       3.2G

MemTotal:        4016004 kB
MemFree:          107556 kB
Active:           354540 kB
Mem:          3.8G       3.7G       104M       5.7M        28M       3.2G

MemTotal:        4016004 kB
MemFree:          107060 kB
Active:           354544 kB
Mem:          3.8G       3.7G       104M       5.7M        28M       3.2G

MemTotal:        4016004 kB
MemFree:          107432 kB
Active:           354508 kB
Mem:          3.8G       3.7G       104M       5.7M        28M       3.2G

MemTotal:        4016004 kB
MemFree:          107432 kB
Active:           354540 kB
Mem:          3.8G       3.7G       104M       5.7M        28M       3.2G

MemTotal:        4016004 kB
MemFree:          107556 kB
Active:           354532 kB
Mem:          3.8G       3.7G       105M       5.7M        28M       3.2G

MemTotal:        4016004 kB
MemFree:          107432 kB
Active:           354520 kB
Mem:          3.8G       3.7G       104M       5.7M        28M       3.2G

MemTotal:        4016004 kB
MemFree:          107308 kB
Active:           354552 kB
Mem:          3.8G       3.7G       104M       5.7M        28M       3.2G

MemTotal:        4016004 kB
MemFree:          107432 kB
Active:           354548 kB
Mem:          3.8G       3.7G       104M       5.7M        28M       3.2G

MemTotal:        4016004 kB
MemFree:          107432 kB
Active:           354508 kB
Mem:          3.8G       3.7G       104M       5.7M        28M       3.2G

MemTotal:        4016004 kB
MemFree:          107556 kB
Active:           354528 kB
Mem:          3.8G       3.7G       105M       5.7M        28M       3.2G

MemTotal:        4016004 kB
MemFree:          107308 kB
Active:           354568 kB
Mem:          3.8G       3.7G       104M       5.7M        28M       3.2G

MemTotal:        4016004 kB
MemFree:          107308 kB
Active:           354532 kB
