MemTotal:        4016004 kB
MemFree:         3218768 kB
Active:           441744 kB
Mem:          3.8G       778M       3.1G       5.7M        55M       327M

MemTotal:        4016004 kB
MemFree:         3218832 kB
Active:           441816 kB
Mem:          3.8G       778M       3.1G       5.7M        55M       327M

MemTotal:        4016004 kB
MemFree:         3218832 kB
Active:           441892 kB
Mem:          3.8G       778M       3.1G       5.7M        55M       327M

MemTotal:        4016004 kB
MemFree:         3219288 kB
Active:           439868 kB
Mem:          3.8G       777M       3.1G       5.7M        55M       327M

MemTotal:        4016004 kB
MemFree:         3219548 kB
Active:           441856 kB
Mem:          3.8G       777M       3.1G       5.7M        55M       327M

MemTotal:        4016004 kB
MemFree:         3219252 kB
Active:           441904 kB
Mem:          3.8G       777M       3.1G       5.7M        55M       327M

MemTotal:        4016004 kB
MemFree:         3219484 kB
Active:           441892 kB
Mem:          3.8G       777M       3.1G       5.7M        55M       327M

MemTotal:        4016004 kB
MemFree:         3219592 kB
Active:           441880 kB
Mem:          3.8G       777M       3.1G       5.7M        55M       327M

MemTotal:        4016004 kB
MemFree:         3219576 kB
Active:           441856 kB
Mem:          3.8G       777M       3.1G       5.7M        55M       327M

MemTotal:        4016004 kB
MemFree:         3219172 kB
Active:           441904 kB
Mem:          3.8G       778M       3.1G       5.7M        55M       327M

MemTotal:        4016004 kB
MemFree:         3219468 kB
Active:           441900 kB
Mem:          3.8G       777M       3.1G       5.7M        55M       327M

MemTotal:        4016004 kB
MemFree:         3219096 kB
Active:           441904 kB
Mem:          3.8G       778M       3.1G       5.7M        55M       327M

MemTotal:        4016004 kB
MemFree:         3219220 kB
Active:           441880 kB
Mem:          3.8G       778M       3.1G       5.7M        55M       327M

MemTotal:        4016004 kB
MemFree:         3222552 kB
Active:           436004 kB
Mem:          3.8G       774M       3.1G       5.7M        55M       327M

MemTotal:        4016004 kB
MemFree:         3223152 kB
Active:           437844 kB
Mem:          3.8G       774M       3.1G       5.7M        55M       327M

MemTotal:        4016004 kB
MemFree:         3222656 kB
Active:           437860 kB
Mem:          3.8G       774M       3.1G       5.7M        55M       327M

MemTotal:        4016004 kB
MemFree:         3222656 kB
Active:           437860 kB
Mem:          3.8G       774M       3.1G       5.7M        55M       327M

MemTotal:        4016004 kB
MemFree:         3223368 kB
Active:           437836 kB
Mem:          3.8G       774M       3.1G       5.7M        55M       327M

MemTotal:        4016004 kB
MemFree:         3223352 kB
Active:           437820 kB
Mem:          3.8G       774M       3.1G       5.7M        55M       327M

MemTotal:        4016004 kB
MemFree:         3223076 kB
Active:           437860 kB
Mem:          3.8G       774M       3.1G       5.7M        55M       327M

MemTotal:        4016004 kB
MemFree:         3223572 kB
Active:           437812 kB
Mem:          3.8G       773M       3.1G       5.7M        55M       327M

MemTotal:        4016004 kB
MemFree:         3223696 kB
Active:           437836 kB
Mem:          3.8G       773M       3.1G       5.7M        55M       327M

MemTotal:        4016004 kB
MemFree:         3223680 kB
Active:           437864 kB
Mem:          3.8G       774M       3.1G       5.7M        55M       327M

MemTotal:        4016004 kB
MemFree:         3223060 kB
Active:           437868 kB
Mem:          3.8G       774M       3.1G       5.7M        55M       327M

MemTotal:        4016004 kB
MemFree:         3223060 kB
Active:           437868 kB
Mem:          3.8G       774M       3.1G       5.7M        55M       327M

MemTotal:        4016004 kB
MemFree:         3223400 kB
Active:           437864 kB
Mem:          3.8G       774M       3.1G       5.7M        55M       327M

MemTotal:        4016004 kB
MemFree:         3223400 kB
Active:           437820 kB
Mem:          3.8G       773M       3.1G       5.7M        55M       327M

MemTotal:        4016004 kB
MemFree:         3223136 kB
Active:           437876 kB
Mem:          3.8G       774M       3.1G       5.7M        55M       327M

MemTotal:        4016004 kB
MemFree:         3223120 kB
Active:           437884 kB
Mem:          3.8G       774M       3.1G       5.7M        55M       327M

MemTotal:        4016004 kB
MemFree:         3223740 kB
Active:           437864 kB
Mem:          3.8G       773M       3.1G       5.7M        55M       327M

MemTotal:        4016004 kB
MemFree:         3223400 kB
Active:           437888 kB
Mem:          3.8G       773M       3.1G       5.7M        55M       327M

MemTotal:        4016004 kB
MemFree:         3223772 kB
Active:           437868 kB
Mem:          3.8G       773M       3.1G       5.7M        55M       327M

MemTotal:        4016004 kB
MemFree:         3223648 kB
Active:           437864 kB
Mem:          3.8G       774M       3.1G       5.7M        55M       327M

MemTotal:        4016004 kB
MemFree:         3222884 kB
Active:           436108 kB
Mem:          3.8G       774M       3.1G       5.7M        55M       327M

MemTotal:        4016004 kB
MemFree:         3222964 kB
Active:           437876 kB
Mem:          3.8G       774M       3.1G       5.7M        55M       327M

MemTotal:        4016004 kB
MemFree:         3222964 kB
Active:           437872 kB
Mem:          3.8G       774M       3.1G       5.7M        55M       327M

MemTotal:        4016004 kB
MemFree:         3222700 kB
Active:           437928 kB
Mem:          3.8G       774M       3.1G       5.7M        55M       327M

MemTotal:        4016004 kB
MemFree:         3222932 kB
Active:           437908 kB
Mem:          3.8G       774M       3.1G       5.7M        55M       327M

MemTotal:        4016004 kB
MemFree:         3223012 kB
Active:           437912 kB
Mem:          3.8G       774M       3.1G       5.7M        55M       327M

MemTotal:        4016004 kB
MemFree:         3222888 kB
Active:           437916 kB
Mem:          3.8G       774M       3.1G       5.7M        55M       327M

MemTotal:        4016004 kB
MemFree:         3222888 kB
Active:           437940 kB
Mem:          3.8G       774M       3.1G       5.7M        55M       327M

MemTotal:        4016004 kB
MemFree:         3223384 kB
Active:           437932 kB
Mem:          3.8G       774M       3.1G       5.7M        55M       327M

MemTotal:        4016004 kB
MemFree:         3223368 kB
Active:           437932 kB
Mem:          3.8G       773M       3.1G       5.7M        55M       327M

MemTotal:        4016004 kB
MemFree:         3223476 kB
Active:           435996 kB
Mem:          3.8G       774M       3.1G       5.7M        55M       327M

MemTotal:        4016004 kB
MemFree:         3223132 kB
Active:           437960 kB
Mem:          3.8G       774M       3.1G       5.7M        55M       327M

MemTotal:        4016004 kB
MemFree:         3223488 kB
Active:           437904 kB
Mem:          3.8G       774M       3.1G       5.7M        55M       327M

MemTotal:        4016004 kB
MemFree:         3223552 kB
Active:           437960 kB
Mem:          3.8G       773M       3.1G       5.7M        55M       327M

MemTotal:        4016004 kB
MemFree:         3222932 kB
Active:           437964 kB
Mem:          3.8G       774M       3.1G       5.7M        55M       327M

MemTotal:        4016004 kB
MemFree:         3223180 kB
Active:           437956 kB
Mem:          3.8G       774M       3.1G       5.7M        55M       327M

MemTotal:        4016004 kB
MemFree:         3223180 kB
Active:           437964 kB
Mem:          3.8G       774M       3.1G       5.7M        55M       327M

MemTotal:        4016004 kB
MemFree:         3223040 kB
Active:           437984 kB
Mem:          3.8G       774M       3.1G       5.7M        55M       327M

MemTotal:        4016004 kB
MemFree:         3222776 kB
Active:           437984 kB
Mem:          3.8G       774M       3.1G       5.7M        55M       327M

MemTotal:        4016004 kB
MemFree:         3223024 kB
Active:           437976 kB
Mem:          3.8G       774M       3.1G       5.7M        55M       327M

MemTotal:        4016004 kB
MemFree:         3222932 kB
Active:           435992 kB
Mem:          3.8G       774M       3.1G       5.7M        55M       327M

MemTotal:        4016004 kB
MemFree:         3223296 kB
Active:           437984 kB
Mem:          3.8G       774M       3.1G       5.7M        55M       327M

MemTotal:        4016004 kB
MemFree:         3223096 kB
Active:           437944 kB
Mem:          3.8G       774M       3.1G       5.7M        55M       327M

MemTotal:        4016004 kB
MemFree:         3222972 kB
Active:           437996 kB
Mem:          3.8G       774M       3.1G       5.7M        55M       327M

MemTotal:        4016004 kB
MemFree:         3222848 kB
Active:           438004 kB
Mem:          3.8G       774M       3.1G       5.7M        55M       327M

MemTotal:        4016004 kB
MemFree:         3223204 kB
Active:           438008 kB
Mem:          3.8G       774M       3.1G       5.7M        55M       328M

MemTotal:        4016004 kB
MemFree:         3223204 kB
Active:           437996 kB
Mem:          3.8G       774M       3.1G       5.7M        55M       328M

MemTotal:        4016004 kB
MemFree:         3222816 kB
Active:           438012 kB
Mem:          3.8G       774M       3.1G       5.7M        55M       328M

MemTotal:        4016004 kB
MemFree:         3223048 kB
Active:           437996 kB
Mem:          3.8G       774M       3.1G       5.7M        55M       328M

MemTotal:        4016004 kB
MemFree:         3222676 kB
Active:           438012 kB
Mem:          3.8G       774M       3.1G       5.7M        55M       328M

MemTotal:        4016004 kB
MemFree:         3223172 kB
Active:           437992 kB
Mem:          3.8G       774M       3.1G       5.7M        55M       327M

MemTotal:        4016004 kB
MemFree:         3223280 kB
Active:           437996 kB
Mem:          3.8G       774M       3.1G       5.7M        55M       328M

MemTotal:        4016004 kB
MemFree:         3223096 kB
Active:           437992 kB
Mem:          3.8G       774M       3.1G       5.7M        55M       328M

MemTotal:        4016004 kB
MemFree:         3223220 kB
Active:           437972 kB
Mem:          3.8G       774M       3.1G       5.7M        55M       328M

MemTotal:        4016004 kB
MemFree:         3223220 kB
Active:           437968 kB
Mem:          3.8G       774M       3.1G       5.7M        55M       328M

MemTotal:        4016004 kB
MemFree:         3222848 kB
Active:           438020 kB
Mem:          3.8G       774M       3.1G       5.7M        55M       328M

MemTotal:        4016004 kB
MemFree:         3223080 kB
Active:           438008 kB
Mem:          3.8G       774M       3.1G       5.7M        55M       328M

MemTotal:        4016004 kB
MemFree:         3223064 kB
Active:           438016 kB
Mem:          3.8G       774M       3.1G       5.7M        55M       328M

MemTotal:        4016004 kB
MemFree:         3222800 kB
Active:           438024 kB
Mem:          3.8G       774M       3.1G       5.7M        55M       328M

MemTotal:        4016004 kB
MemFree:         3223156 kB
Active:           437996 kB
Mem:          3.8G       774M       3.1G       5.7M        55M       328M

MemTotal:        4016004 kB
MemFree:         3221156 kB
Active:           438016 kB
Mem:          3.8G       776M       3.1G       5.7M        55M       328M

MemTotal:        4016004 kB
MemFree:         3221156 kB
Active:           440044 kB
Mem:          3.8G       776M       3.1G       5.7M        55M       328M

MemTotal:        4016004 kB
MemFree:         3220536 kB
Active:           440048 kB
Mem:          3.8G       776M       3.1G       5.7M        55M       328M

MemTotal:        4016004 kB
MemFree:         3221032 kB
Active:           440004 kB
Mem:          3.8G       776M       3.1G       5.7M        55M       328M

MemTotal:        4016004 kB
MemFree:         3220908 kB
Active:           440020 kB
Mem:          3.8G       776M       3.1G       5.7M        55M       328M

MemTotal:        4016004 kB
MemFree:         3220544 kB
Active:           440056 kB
Mem:          3.8G       776M       3.1G       5.7M        55M       328M

MemTotal:        4016004 kB
MemFree:         3220652 kB
Active:           440056 kB
Mem:          3.8G       776M       3.1G       5.7M        55M       328M

MemTotal:        4016004 kB
MemFree:         3220884 kB
Active:           440004 kB
Mem:          3.8G       776M       3.1G       5.7M        55M       328M

MemTotal:        4016004 kB
MemFree:         3220604 kB
Active:           440056 kB
Mem:          3.8G       776M       3.1G       5.7M        55M       328M

MemTotal:        4016004 kB
MemFree:         3220932 kB
Active:           440048 kB
Mem:          3.8G       776M       3.1G       5.7M        55M       328M

MemTotal:        4016004 kB
MemFree:         3221180 kB
Active:           440052 kB
Mem:          3.8G       776M       3.1G       5.7M        55M       328M

MemTotal:        4016004 kB
MemFree:         3221056 kB
Active:           440060 kB
Mem:          3.8G       776M       3.1G       5.7M        55M       328M

MemTotal:        4016004 kB
MemFree:         3220668 kB
Active:           440068 kB
Mem:          3.8G       776M       3.1G       5.7M        55M       328M

MemTotal:        4016004 kB
MemFree:         3220932 kB
Active:           440064 kB
Mem:          3.8G       776M       3.1G       5.7M        55M       328M

MemTotal:        4016004 kB
MemFree:         3220900 kB
Active:           440024 kB
Mem:          3.8G       776M       3.1G       5.7M        55M       328M

MemTotal:        4016004 kB
MemFree:         3220884 kB
Active:           440044 kB
Mem:          3.8G       776M       3.1G       5.7M        55M       328M

MemTotal:        4016004 kB
MemFree:         3220744 kB
Active:           440076 kB
Mem:          3.8G       776M       3.1G       5.7M        55M       328M

MemTotal:        4016004 kB
MemFree:         3221056 kB
Active:           440040 kB
Mem:          3.8G       776M       3.1G       5.7M        55M       328M

MemTotal:        4016004 kB
MemFree:         3221304 kB
Active:           440052 kB
Mem:          3.8G       776M       3.1G       5.7M        55M       328M

MemTotal:        4016004 kB
MemFree:         3221180 kB
Active:           440040 kB
Mem:          3.8G       776M       3.1G       5.7M        55M       328M

MemTotal:        4016004 kB
MemFree:         3220668 kB
Active:           440080 kB
Mem:          3.8G       776M       3.1G       5.7M        55M       328M

MemTotal:        4016004 kB
MemFree:         3220932 kB
Active:           440024 kB
Mem:          3.8G       776M       3.1G       5.7M        55M       328M

MemTotal:        4016004 kB
MemFree:         3221180 kB
Active:           440036 kB
Mem:          3.8G       776M       3.1G       5.7M        55M       328M

MemTotal:        4016004 kB
MemFree:         3221164 kB
Active:           440048 kB
Mem:          3.8G       776M       3.1G       5.7M        55M       328M

MemTotal:        4016004 kB
MemFree:         3221024 kB
Active:           440080 kB
Mem:          3.8G       776M       3.1G       5.7M        55M       328M

MemTotal:        4016004 kB
MemFree:         3220992 kB
Active:           440044 kB
Mem:          3.8G       776M       3.1G       5.7M        55M       328M

MemTotal:        4016004 kB
MemFree:         3220604 kB
Active:           440244 kB
Mem:          3.8G       776M       3.1G       5.7M        55M       328M

MemTotal:        4016004 kB
MemFree:         3220712 kB
Active:           440208 kB
Mem:          3.8G       776M       3.1G       5.7M        55M       328M

MemTotal:        4016004 kB
MemFree:         3220808 kB
Active:           440152 kB
Mem:          3.8G       776M       3.1G       5.7M        55M       328M

MemTotal:        4016004 kB
MemFree:         3220904 kB
Active:           440120 kB
Mem:          3.8G       776M       3.1G       5.7M        55M       328M

MemTotal:        4016004 kB
MemFree:         3220064 kB
Active:           438268 kB
Mem:          3.8G       776M       3.1G       5.7M        55M       328M

MemTotal:        4016004 kB
MemFree:         3220352 kB
Active:           440208 kB
Mem:          3.8G       776M       3.1G       5.7M        55M       328M

MemTotal:        4016004 kB
MemFree:         3220600 kB
Active:           440320 kB
Mem:          3.8G       776M       3.1G       5.7M        55M       328M

MemTotal:        4016004 kB
MemFree:         3220476 kB
Active:           440208 kB
Mem:          3.8G       776M       3.1G       5.7M        55M       328M

MemTotal:        4016004 kB
MemFree:         3220584 kB
Active:           440208 kB
Mem:          3.8G       776M       3.1G       5.7M        55M       328M

MemTotal:        4016004 kB
MemFree:         3220632 kB
Active:           440268 kB
Mem:          3.8G       776M       3.1G       5.7M        55M       328M

MemTotal:        4016004 kB
MemFree:         3220608 kB
Active:           440252 kB
Mem:          3.8G       776M       3.1G       5.7M        55M       328M

MemTotal:        4016004 kB
MemFree:         3220288 kB
Active:           440216 kB
Mem:          3.8G       776M       3.1G       5.7M        55M       328M

MemTotal:        4016004 kB
MemFree:         3220644 kB
Active:           440176 kB
Mem:          3.8G       776M       3.1G       5.7M        55M       328M

MemTotal:        4016004 kB
MemFree:         3220740 kB
Active:           440220 kB
Mem:          3.8G       776M       3.1G       5.7M        55M       328M

MemTotal:        4016004 kB
MemFree:         3220320 kB
Active:           438292 kB
Mem:          3.8G       776M       3.1G       5.7M        55M       328M

MemTotal:        4016004 kB
MemFree:         3220744 kB
Active:           440336 kB
Mem:          3.8G       776M       3.1G       5.7M        55M       328M

MemTotal:        4016004 kB
MemFree:         3220572 kB
Active:           440216 kB
Mem:          3.8G       776M       3.1G       5.7M        55M       328M

MemTotal:        4016004 kB
MemFree:         3220324 kB
Active:           440224 kB
Mem:          3.8G       776M       3.1G       5.7M        55M       328M

MemTotal:        4016004 kB
MemFree:         3220664 kB
Active:           440216 kB
Mem:          3.8G       776M       3.1G       5.7M        55M       328M

MemTotal:        4016004 kB
MemFree:         3220168 kB
Active:           440232 kB
Mem:          3.8G       776M       3.1G       5.7M        55M       328M

MemTotal:        4016004 kB
MemFree:         3220772 kB
Active:           440112 kB
Mem:          3.8G       776M       3.1G       5.7M        55M       328M

MemTotal:        4016004 kB
MemFree:         3220152 kB
Active:           440316 kB
Mem:          3.8G       776M       3.1G       5.7M        55M       328M

MemTotal:        4016004 kB
MemFree:         3220152 kB
Active:           440456 kB
Mem:          3.8G       777M       3.1G       5.7M        55M       328M

MemTotal:        4016004 kB
MemFree:         3220416 kB
Active:           440100 kB
Mem:          3.8G       776M       3.1G       5.7M        55M       328M

MemTotal:        4016004 kB
MemFree:         3218320 kB
Active:           440176 kB
Mem:          3.8G       778M       3.1G       5.7M        55M       328M

MemTotal:        4016004 kB
MemFree:         3218276 kB
Active:           442400 kB
Mem:          3.8G       779M       3.1G       5.7M        55M       328M

MemTotal:        4016004 kB
MemFree:         3218680 kB
Active:           442228 kB
Mem:          3.8G       778M       3.1G       5.7M        55M       328M

MemTotal:        4016004 kB
MemFree:         3218680 kB
Active:           442244 kB
Mem:          3.8G       778M       3.1G       5.7M        55M       328M

MemTotal:        4016004 kB
MemFree:         3218308 kB
Active:           442264 kB
Mem:          3.8G       779M       3.1G       5.7M        55M       328M

MemTotal:        4016004 kB
MemFree:         3218308 kB
Active:           442272 kB
Mem:          3.8G       778M       3.1G       5.7M        55M       328M

MemTotal:        4016004 kB
MemFree:         3218432 kB
Active:           442272 kB
Mem:          3.8G       779M       3.1G       5.7M        55M       328M

MemTotal:        4016004 kB
MemFree:         3218308 kB
Active:           442236 kB
Mem:          3.8G       779M       3.1G       5.7M        55M       328M

MemTotal:        4016004 kB
MemFree:         3218060 kB
Active:           442272 kB
Mem:          3.8G       779M       3.1G       5.7M        55M       328M

MemTotal:        4016004 kB
MemFree:         3218276 kB
Active:           442260 kB
Mem:          3.8G       778M       3.1G       5.7M        55M       328M

MemTotal:        4016004 kB
MemFree:         3218400 kB
Active:           442272 kB
Mem:          3.8G       778M       3.1G       5.7M        55M       328M

MemTotal:        4016004 kB
MemFree:         3218632 kB
Active:           442224 kB
Mem:          3.8G       778M       3.1G       5.7M        55M       328M

MemTotal:        4016004 kB
MemFree:         3218696 kB
Active:           442248 kB
Mem:          3.8G       778M       3.1G       5.7M        55M       328M

MemTotal:        4016004 kB
MemFree:         3218820 kB
Active:           442260 kB
Mem:          3.8G       778M       3.1G       5.7M        55M       328M

MemTotal:        4016004 kB
MemFree:         3218820 kB
Active:           442280 kB
Mem:          3.8G       778M       3.1G       5.7M        55M       328M

MemTotal:        4016004 kB
MemFree:         3218572 kB
Active:           442256 kB
Mem:          3.8G       779M       3.1G       5.7M        55M       328M

MemTotal:        4016004 kB
MemFree:         3218432 kB
Active:           442248 kB
Mem:          3.8G       779M       3.1G       5.7M        55M       328M

MemTotal:        4016004 kB
MemFree:         3218308 kB
Active:           442240 kB
Mem:          3.8G       778M       3.1G       5.7M        55M       328M

MemTotal:        4016004 kB
MemFree:         3218804 kB
Active:           442256 kB
Mem:          3.8G       778M       3.1G       5.7M        55M       328M

MemTotal:        4016004 kB
MemFree:         3218804 kB
Active:           442292 kB
Mem:          3.8G       778M       3.1G       5.7M        55M       328M

MemTotal:        4016004 kB
MemFree:         3218664 kB
Active:           442292 kB
Mem:          3.8G       778M       3.1G       5.7M        55M       328M

MemTotal:        4016004 kB
MemFree:         3219036 kB
Active:           442288 kB
Mem:          3.8G       778M       3.1G       5.7M        55M       328M

MemTotal:        4016004 kB
MemFree:         3219036 kB
Active:           442276 kB
Mem:          3.8G       778M       3.1G       5.7M        55M       328M

MemTotal:        4016004 kB
MemFree:         3219036 kB
Active:           442300 kB
Mem:          3.8G       778M       3.1G       5.7M        55M       328M

MemTotal:        4016004 kB
MemFree:         3219136 kB
Active:           442308 kB
Mem:          3.8G       778M       3.1G       5.7M        55M       328M

MemTotal:        4016004 kB
MemFree:         3219136 kB
Active:           442276 kB
Mem:          3.8G       778M       3.1G       5.7M        55M       328M

MemTotal:        4016004 kB
MemFree:         3218764 kB
Active:           442308 kB
Mem:          3.8G       778M       3.1G       5.7M        55M       328M

MemTotal:        4016004 kB
MemFree:         3218888 kB
Active:           442256 kB
Mem:          3.8G       778M       3.1G       5.7M        55M       328M

MemTotal:        4016004 kB
MemFree:         3219012 kB
Active:           442288 kB
Mem:          3.8G       778M       3.1G       5.7M        55M       328M

MemTotal:        4016004 kB
MemFree:         3219012 kB
Active:           442300 kB
Mem:          3.8G       778M       3.1G       5.7M        55M       328M

MemTotal:        4016004 kB
MemFree:         3219008 kB
Active:           440280 kB
Mem:          3.8G       778M       3.1G       5.7M        55M       328M

MemTotal:        4016004 kB
MemFree:         3218900 kB
Active:           440296 kB
Mem:          3.8G       778M       3.1G       5.7M        55M       328M

MemTotal:        4016004 kB
MemFree:         3219024 kB
Active:           442336 kB
Mem:          3.8G       778M       3.1G       5.7M        55M       328M

MemTotal:        4016004 kB
MemFree:         3219024 kB
Active:           442304 kB
Mem:          3.8G       778M       3.1G       5.7M        55M       328M

MemTotal:        4016004 kB
MemFree:         3218884 kB
Active:           442348 kB
Mem:          3.8G       778M       3.1G       5.7M        55M       328M

MemTotal:        4016004 kB
MemFree:         3219132 kB
Active:           442344 kB
Mem:          3.8G       778M       3.1G       5.7M        55M       328M

MemTotal:        4016004 kB
MemFree:         3219132 kB
Active:           442304 kB
Mem:          3.8G       778M       3.1G       5.7M        55M       328M

MemTotal:        4016004 kB
MemFree:         3218776 kB
Active:           442356 kB
Mem:          3.8G       778M       3.1G       5.7M        55M       328M

MemTotal:        4016004 kB
MemFree:         3219088 kB
Active:           442348 kB
Mem:          3.8G       778M       3.1G       5.7M        55M       328M

MemTotal:        4016004 kB
MemFree:         3219212 kB
Active:           442344 kB
Mem:          3.8G       778M       3.1G       5.7M        55M       328M

MemTotal:        4016004 kB
MemFree:         3219228 kB
Active:           442340 kB
Mem:          3.8G       778M       3.1G       5.7M        55M       328M

MemTotal:        4016004 kB
MemFree:         3218856 kB
Active:           442360 kB
Mem:          3.8G       778M       3.1G       5.7M        55M       328M

MemTotal:        4016004 kB
MemFree:         3218996 kB
Active:           442320 kB
Mem:          3.8G       778M       3.1G       5.7M        55M       328M

MemTotal:        4016004 kB
MemFree:         3219136 kB
Active:           442328 kB
Mem:          3.8G       778M       3.1G       5.7M        55M       328M

MemTotal:        4016004 kB
MemFree:         3219136 kB
Active:           442352 kB
Mem:          3.8G       778M       3.1G       5.7M        55M       328M

MemTotal:        4016004 kB
MemFree:         3218888 kB
Active:           442364 kB
Mem:          3.8G       778M       3.1G       5.7M        55M       328M

MemTotal:        4016004 kB
MemFree:         3219136 kB
Active:           442316 kB
Mem:          3.8G       778M       3.1G       5.7M        55M       328M

MemTotal:        4016004 kB
MemFree:         3219136 kB
Active:           442328 kB
Mem:          3.8G       778M       3.1G       5.7M        55M       328M

MemTotal:        4016004 kB
MemFree:         3218764 kB
Active:           442328 kB
Mem:          3.8G       778M       3.1G       5.7M        55M       328M

MemTotal:        4016004 kB
MemFree:         3219012 kB
Active:           442340 kB
Mem:          3.8G       778M       3.1G       5.7M        55M       328M

MemTotal:        4016004 kB
MemFree:         3216964 kB
Active:           442316 kB
Mem:          3.8G       780M       3.1G       5.7M        55M       328M

MemTotal:        4016004 kB
MemFree:         3217460 kB
Active:           444380 kB
Mem:          3.8G       779M       3.1G       5.7M        55M       328M

MemTotal:        4016004 kB
MemFree:         3217460 kB
Active:           444384 kB
Mem:          3.8G       779M       3.1G       5.7M        55M       328M

MemTotal:        4016004 kB
MemFree:         3217584 kB
Active:           444340 kB
Mem:          3.8G       779M       3.1G       5.7M        55M       328M

MemTotal:        4016004 kB
MemFree:         3217352 kB
Active:           444228 kB
Mem:          3.8G       779M       3.1G       5.7M        55M       328M

MemTotal:        4016004 kB
MemFree:         3217848 kB
Active:           444224 kB
Mem:          3.8G       779M       3.1G       5.7M        55M       328M

MemTotal:        4016004 kB
MemFree:         3217848 kB
Active:           444192 kB
Mem:          3.8G       779M       3.1G       5.7M        55M       328M

MemTotal:        4016004 kB
MemFree:         3217724 kB
Active:           444188 kB
Mem:          3.8G       779M       3.1G       5.7M        55M       328M

MemTotal:        4016004 kB
MemFree:         3217228 kB
Active:           444240 kB
Mem:          3.8G       779M       3.1G       5.7M        55M       328M

MemTotal:        4016004 kB
MemFree:         3217228 kB
Active:           444228 kB
Mem:          3.8G       780M       3.1G       5.7M        55M       328M

MemTotal:        4016004 kB
MemFree:         3217412 kB
Active:           442172 kB
Mem:          3.8G       779M       3.1G       5.7M        55M       328M

MemTotal:        4016004 kB
MemFree:         3216916 kB
Active:           444244 kB
Mem:          3.8G       780M       3.1G       5.7M        55M       328M

MemTotal:        4016004 kB
MemFree:         3217164 kB
Active:           444244 kB
Mem:          3.8G       780M       3.1G       5.7M        55M       328M

MemTotal:        4016004 kB
MemFree:         3217412 kB
Active:           444236 kB
Mem:          3.8G       779M       3.1G       5.7M        55M       328M

MemTotal:        4016004 kB
MemFree:         3217412 kB
Active:           444232 kB
Mem:          3.8G       779M       3.1G       5.7M        55M       328M

MemTotal:        4016004 kB
MemFree:         3217040 kB
Active:           444252 kB
Mem:          3.8G       780M       3.1G       5.7M        55M       328M

MemTotal:        4016004 kB
MemFree:         3217288 kB
Active:           444244 kB
Mem:          3.8G       780M       3.1G       5.7M        55M       328M

MemTotal:        4016004 kB
MemFree:         3217412 kB
Active:           444232 kB
Mem:          3.8G       780M       3.1G       5.7M        55M       328M

MemTotal:        4016004 kB
MemFree:         3217288 kB
Active:           444224 kB
Mem:          3.8G       780M       3.1G       5.7M        55M       328M

MemTotal:        4016004 kB
MemFree:         3216792 kB
Active:           444256 kB
Mem:          3.8G       780M       3.1G       5.7M        55M       328M

MemTotal:        4016004 kB
MemFree:         3217536 kB
Active:           444204 kB
Mem:          3.8G       779M       3.1G       5.7M        55M       328M

MemTotal:        4016004 kB
MemFree:         3217280 kB
Active:           444268 kB
Mem:          3.8G       780M       3.1G       5.7M        55M       328M

MemTotal:        4016004 kB
MemFree:         3217404 kB
Active:           444244 kB
Mem:          3.8G       779M       3.1G       5.7M        55M       328M

MemTotal:        4016004 kB
MemFree:         3217032 kB
Active:           444268 kB
Mem:          3.8G       780M       3.1G       5.7M        55M       328M

MemTotal:        4016004 kB
MemFree:         3217280 kB
Active:           444260 kB
Mem:          3.8G       780M       3.1G       5.7M        55M       328M

MemTotal:        4016004 kB
MemFree:         3217032 kB
Active:           444272 kB
Mem:          3.8G       780M       3.1G       5.7M        55M       328M

MemTotal:        4016004 kB
MemFree:         3217156 kB
Active:           444264 kB
Mem:          3.8G       780M       3.1G       5.7M        55M       328M

MemTotal:        4016004 kB
MemFree:         3217156 kB
Active:           444268 kB
Mem:          3.8G       780M       3.1G       5.7M        55M       328M

MemTotal:        4016004 kB
MemFree:         3217156 kB
Active:           444228 kB
Mem:          3.8G       780M       3.1G       5.7M        55M       328M

MemTotal:        4016004 kB
MemFree:         3216784 kB
Active:           444280 kB
Mem:          3.8G       780M       3.1G       5.7M        55M       328M

MemTotal:        4016004 kB
MemFree:         3216832 kB
Active:           442232 kB
Mem:          3.8G       780M       3.1G       5.7M        55M       328M

MemTotal:        4016004 kB
MemFree:         3217220 kB
Active:           444280 kB
Mem:          3.8G       780M       3.1G       5.7M        55M       328M

MemTotal:        4016004 kB
MemFree:         3217096 kB
Active:           444244 kB
Mem:          3.8G       780M       3.1G       5.7M        55M       328M

MemTotal:        4016004 kB
MemFree:         3216848 kB
Active:           444296 kB
Mem:          3.8G       780M       3.1G       5.7M        55M       328M

MemTotal:        4016004 kB
MemFree:         3216972 kB
Active:           444300 kB
Mem:          3.8G       780M       3.1G       5.7M        55M       328M

MemTotal:        4016004 kB
MemFree:         3217096 kB
Active:           444296 kB
Mem:          3.8G       780M       3.1G       5.7M        55M       328M

MemTotal:        4016004 kB
MemFree:         3216848 kB
Active:           444284 kB
Mem:          3.8G       780M       3.1G       5.7M        55M       328M

MemTotal:        4016004 kB
MemFree:         3216972 kB
Active:           444296 kB
Mem:          3.8G       780M       3.1G       5.7M        55M       328M

MemTotal:        4016004 kB
MemFree:         3216724 kB
Active:           444308 kB
Mem:          3.8G       780M       3.1G       5.7M        55M       328M

MemTotal:        4016004 kB
MemFree:         3216600 kB
Active:           444308 kB
Mem:          3.8G       780M       3.1G       5.7M        55M       328M

MemTotal:        4016004 kB
MemFree:         3216460 kB
Active:           442268 kB
Mem:          3.8G       780M       3.1G       5.7M        55M       328M

MemTotal:        4016004 kB
MemFree:         3217080 kB
Active:           444260 kB
Mem:          3.8G       780M       3.1G       5.7M        55M       328M

MemTotal:        4016004 kB
MemFree:         3216584 kB
Active:           444316 kB
Mem:          3.8G       780M       3.1G       5.7M        55M       328M

MemTotal:        4016004 kB
MemFree:         3216708 kB
Active:           444316 kB
Mem:          3.8G       780M       3.1G       5.7M        55M       328M

MemTotal:        4016004 kB
MemFree:         3216584 kB
Active:           444316 kB
Mem:          3.8G       780M       3.1G       5.7M        55M       328M

MemTotal:        4016004 kB
MemFree:         3216832 kB
Active:           444272 kB
Mem:          3.8G       780M       3.1G       5.7M        55M       328M

MemTotal:        4016004 kB
MemFree:         3217328 kB
Active:           444288 kB
Mem:          3.8G       779M       3.1G       5.7M        55M       328M

MemTotal:        4016004 kB
MemFree:         3216956 kB
Active:           444328 kB
Mem:          3.8G       780M       3.1G       5.7M        55M       328M

MemTotal:        4016004 kB
MemFree:         3217204 kB
Active:           444320 kB
Mem:          3.8G       780M       3.1G       5.7M        55M       328M

MemTotal:        4016004 kB
MemFree:         3217328 kB
Active:           444320 kB
Mem:          3.8G       779M       3.1G       5.7M        55M       328M

MemTotal:        4016004 kB
MemFree:         3215340 kB
Active:           442252 kB
Mem:          3.8G       782M       3.1G       5.7M        55M       328M

MemTotal:        4016004 kB
MemFree:         3215340 kB
Active:           446324 kB
Mem:          3.8G       782M       3.1G       5.7M        55M       328M

MemTotal:        4016004 kB
MemFree:         3214968 kB
Active:           446368 kB
Mem:          3.8G       782M       3.1G       5.7M        55M       328M

MemTotal:        4016004 kB
MemFree:         3214968 kB
Active:           446368 kB
Mem:          3.8G       782M       3.1G       5.7M        55M       328M

MemTotal:        4016004 kB
MemFree:         3214348 kB
Active:           446368 kB
Mem:          3.8G       782M       3.1G       5.7M        55M       328M

MemTotal:        4016004 kB
MemFree:         3214968 kB
Active:           446312 kB
Mem:          3.8G       782M       3.1G       5.7M        55M       328M

MemTotal:        4016004 kB
MemFree:         3214472 kB
Active:           446368 kB
Mem:          3.8G       782M       3.1G       5.7M        55M       328M

MemTotal:        4016004 kB
MemFree:         3214472 kB
Active:           446368 kB
Mem:          3.8G       782M       3.1G       5.7M        55M       328M

MemTotal:        4016004 kB
MemFree:         3214844 kB
Active:           446352 kB
Mem:          3.8G       782M       3.1G       5.7M        55M       328M

MemTotal:        4016004 kB
MemFree:         3215092 kB
Active:           446344 kB
Mem:          3.8G       782M       3.1G       5.7M        55M       328M

MemTotal:        4016004 kB
MemFree:         3212796 kB
Active:           446348 kB
Mem:          3.8G       784M       3.1G       5.7M        55M       328M

MemTotal:        4016004 kB
MemFree:         3212548 kB
Active:           448396 kB
Mem:          3.8G       784M       3.1G       5.7M        55M       328M

MemTotal:        4016004 kB
MemFree:         3212920 kB
Active:           448340 kB
Mem:          3.8G       784M       3.1G       5.7M        55M       328M

MemTotal:        4016004 kB
MemFree:         3212548 kB
Active:           448408 kB
Mem:          3.8G       784M       3.1G       5.7M        55M       328M

MemTotal:        4016004 kB
MemFree:         3212796 kB
Active:           448392 kB
Mem:          3.8G       784M       3.1G       5.7M        55M       328M

MemTotal:        4016004 kB
MemFree:         3212920 kB
Active:           448396 kB
Mem:          3.8G       784M       3.1G       5.7M        55M       328M

MemTotal:        4016004 kB
MemFree:         3212920 kB
Active:           448400 kB
Mem:          3.8G       784M       3.1G       5.7M        55M       328M

MemTotal:        4016004 kB
MemFree:         3213416 kB
Active:           448356 kB
Mem:          3.8G       783M       3.1G       5.7M        55M       328M

MemTotal:        4016004 kB
MemFree:         3213292 kB
Active:           448356 kB
Mem:          3.8G       784M       3.1G       5.7M        55M       328M

MemTotal:        4016004 kB
MemFree:         3213168 kB
Active:           448376 kB
Mem:          3.8G       783M       3.1G       5.7M        55M       328M

MemTotal:        4016004 kB
MemFree:         3212796 kB
Active:           448416 kB
Mem:          3.8G       784M       3.1G       5.7M        55M       328M

MemTotal:        4016004 kB
MemFree:         3212672 kB
Active:           448420 kB
Mem:          3.8G       784M       3.1G       5.7M        55M       328M

MemTotal:        4016004 kB
MemFree:         3212796 kB
Active:           448420 kB
Mem:          3.8G       784M       3.1G       5.7M        55M       328M

MemTotal:        4016004 kB
MemFree:         3213168 kB
Active:           448412 kB
Mem:          3.8G       783M       3.1G       5.7M        55M       328M

MemTotal:        4016004 kB
MemFree:         3212796 kB
Active:           448424 kB
Mem:          3.8G       784M       3.1G       5.7M        55M       328M

MemTotal:        4016004 kB
MemFree:         3213044 kB
Active:           448416 kB
Mem:          3.8G       784M       3.1G       5.7M        55M       328M

MemTotal:        4016004 kB
MemFree:         3212920 kB
Active:           448416 kB
Mem:          3.8G       784M       3.1G       5.7M        55M       328M

MemTotal:        4016004 kB
MemFree:         3213044 kB
Active:           448368 kB
Mem:          3.8G       784M       3.1G       5.7M        55M       328M

MemTotal:        4016004 kB
MemFree:         3212548 kB
Active:           448428 kB
Mem:          3.8G       784M       3.1G       5.7M        55M       328M

MemTotal:        4016004 kB
MemFree:         3212796 kB
Active:           448400 kB
Mem:          3.8G       784M       3.1G       5.7M        55M       328M

MemTotal:        4016004 kB
MemFree:         3212796 kB
Active:           448404 kB
Mem:          3.8G       784M       3.1G       5.7M        55M       328M

MemTotal:        4016004 kB
MemFree:         3213044 kB
Active:           448400 kB
Mem:          3.8G       784M       3.1G       5.7M        55M       328M

MemTotal:        4016004 kB
MemFree:         3212920 kB
Active:           448400 kB
Mem:          3.8G       784M       3.1G       5.7M        55M       328M

MemTotal:        4016004 kB
MemFree:         3213044 kB
Active:           448392 kB
Mem:          3.8G       784M       3.1G       5.7M        55M       328M

MemTotal:        4016004 kB
MemFree:         3212920 kB
Active:           448440 kB
Mem:          3.8G       784M       3.1G       5.7M        55M       328M

MemTotal:        4016004 kB
MemFree:         3213044 kB
Active:           448412 kB
Mem:          3.8G       784M       3.1G       5.7M        55M       328M

MemTotal:        4016004 kB
MemFree:         3213168 kB
Active:           448408 kB
Mem:          3.8G       784M       3.1G       5.7M        55M       328M

MemTotal:        4016004 kB
MemFree:         3213044 kB
Active:           448444 kB
Mem:          3.8G       784M       3.1G       5.7M        55M       328M

MemTotal:        4016004 kB
MemFree:         3213044 kB
Active:           448424 kB
Mem:          3.8G       784M       3.1G       5.7M        55M       328M

MemTotal:        4016004 kB
MemFree:         3213168 kB
Active:           448428 kB
Mem:          3.8G       784M       3.1G       5.7M        55M       328M

MemTotal:        4016004 kB
MemFree:         3211120 kB
Active:           448424 kB
Mem:          3.8G       785M       3.1G       5.7M        55M       328M

MemTotal:        4016004 kB
MemFree:         3211120 kB
Active:           450448 kB
Mem:          3.8G       786M       3.1G       5.7M        55M       328M

MemTotal:        4016004 kB
MemFree:         3210996 kB
Active:           450444 kB
Mem:          3.8G       786M       3.1G       5.7M        55M       328M

MemTotal:        4016004 kB
MemFree:         3211120 kB
Active:           450436 kB
Mem:          3.8G       786M       3.1G       5.7M        55M       328M

MemTotal:        4016004 kB
MemFree:         3210624 kB
Active:           450484 kB
Mem:          3.8G       786M       3.1G       5.7M        55M       328M

MemTotal:        4016004 kB
MemFree:         3210500 kB
Active:           450472 kB
Mem:          3.8G       786M       3.1G       5.7M        55M       328M

MemTotal:        4016004 kB
MemFree:         3210376 kB
Active:           450456 kB
Mem:          3.8G       786M       3.1G       5.7M        55M       328M

MemTotal:        4016004 kB
MemFree:         3210624 kB
Active:           450448 kB
Mem:          3.8G       786M       3.1G       5.7M        55M       328M

MemTotal:        4016004 kB
MemFree:         3210128 kB
Active:           450484 kB
Mem:          3.8G       786M       3.1G       5.7M        55M       328M

MemTotal:        4016004 kB
MemFree:         3210128 kB
Active:           450488 kB
Mem:          3.8G       786M       3.1G       5.7M        55M       328M

MemTotal:        4016004 kB
MemFree:         3208452 kB
Active:           450464 kB
Mem:          3.8G       788M       3.1G       5.7M        55M       328M

MemTotal:        4016004 kB
MemFree:         3209072 kB
Active:           452484 kB
Mem:          3.8G       788M       3.1G       5.7M        55M       328M

MemTotal:        4016004 kB
MemFree:         3208452 kB
Active:           452516 kB
Mem:          3.8G       788M       3.1G       5.7M        55M       328M

MemTotal:        4016004 kB
MemFree:         3208576 kB
Active:           452496 kB
Mem:          3.8G       788M       3.1G       5.7M        55M       328M

MemTotal:        4016004 kB
MemFree:         3208576 kB
Active:           452488 kB
Mem:          3.8G       788M       3.1G       5.7M        55M       328M

MemTotal:        4016004 kB
MemFree:         3208576 kB
Active:           452508 kB
Mem:          3.8G       788M       3.1G       5.7M        55M       328M

MemTotal:        4016004 kB
MemFree:         3208080 kB
Active:           452532 kB
Mem:          3.8G       788M       3.1G       5.7M        55M       328M

MemTotal:        4016004 kB
MemFree:         3208452 kB
Active:           452476 kB
Mem:          3.8G       788M       3.1G       5.7M        55M       328M

MemTotal:        4016004 kB
MemFree:         3208948 kB
Active:           452476 kB
Mem:          3.8G       788M       3.1G       5.7M        55M       328M

MemTotal:        4016004 kB
MemFree:         3208452 kB
Active:           452532 kB
Mem:          3.8G       788M       3.1G       5.7M        55M       328M

MemTotal:        4016004 kB
MemFree:         3208824 kB
Active:           452524 kB
Mem:          3.8G       788M       3.1G       5.7M        55M       328M

MemTotal:        4016004 kB
MemFree:         3208948 kB
Active:           452476 kB
Mem:          3.8G       788M       3.1G       5.7M        55M       328M

MemTotal:        4016004 kB
MemFree:         3208948 kB
Active:           452476 kB
Mem:          3.8G       788M       3.1G       5.7M        55M       328M

MemTotal:        4016004 kB
MemFree:         3208948 kB
Active:           452528 kB
Mem:          3.8G       788M       3.1G       5.7M        55M       328M

MemTotal:        4016004 kB
MemFree:         3208948 kB
Active:           452532 kB
Mem:          3.8G       788M       3.1G       5.7M        55M       328M

MemTotal:        4016004 kB
MemFree:         3208576 kB
Active:           452532 kB
Mem:          3.8G       788M       3.1G       5.7M        55M       328M

MemTotal:        4016004 kB
MemFree:         3209072 kB
Active:           452484 kB
Mem:          3.8G       788M       3.1G       5.7M        55M       328M

MemTotal:        4016004 kB
MemFree:         3208948 kB
Active:           452528 kB
Mem:          3.8G       788M       3.1G       5.7M        55M       328M

MemTotal:        4016004 kB
MemFree:         3208948 kB
Active:           452476 kB
Mem:          3.8G       788M       3.1G       5.7M        55M       328M

MemTotal:        4016004 kB
MemFree:         3208576 kB
Active:           452556 kB
Mem:          3.8G       788M       3.1G       5.7M        55M       328M

MemTotal:        4016004 kB
MemFree:         3207520 kB
Active:           450560 kB
Mem:          3.8G       789M       3.1G       5.7M        55M       328M

MemTotal:        4016004 kB
MemFree:         3208264 kB
Active:           452572 kB
Mem:          3.8G       788M       3.1G       5.7M        55M       328M

MemTotal:        4016004 kB
MemFree:         3208264 kB
Active:           452596 kB
Mem:          3.8G       788M       3.1G       5.7M        55M       328M

MemTotal:        4016004 kB
MemFree:         3207892 kB
Active:           452616 kB
Mem:          3.8G       789M       3.1G       5.7M        55M       328M

MemTotal:        4016004 kB
MemFree:         3208140 kB
Active:           452616 kB
Mem:          3.8G       788M       3.1G       5.7M        55M       328M

MemTotal:        4016004 kB
MemFree:         3208636 kB
Active:           452608 kB
Mem:          3.8G       788M       3.1G       5.7M        55M       328M

MemTotal:        4016004 kB
MemFree:         3208760 kB
Active:           452560 kB
Mem:          3.8G       788M       3.1G       5.7M        55M       328M

MemTotal:        4016004 kB
MemFree:         3207952 kB
Active:           452728 kB
Mem:          3.8G       788M       3.1G       5.7M        55M       328M

MemTotal:        4016004 kB
MemFree:         3166068 kB
Active:           453128 kB
Mem:          3.8G       830M       3.0G       5.7M        55M       369M

MemTotal:        4016004 kB
MemFree:         3121068 kB
Active:           453156 kB
Mem:          3.8G       874M       3.0G       5.7M        55M       412M

MemTotal:        4016004 kB
MemFree:         3075836 kB
Active:           453180 kB
Mem:          3.8G       918M       2.9G       5.7M        55M       455M

MemTotal:        4016004 kB
MemFree:         3031100 kB
Active:           453204 kB
Mem:          3.8G       962M       2.9G       5.7M        55M       498M

MemTotal:        4016004 kB
MemFree:         2986240 kB
Active:           453236 kB
Mem:          3.8G       1.0G       2.8G       5.7M        55M       541M

MemTotal:        4016004 kB
MemFree:         2941116 kB
Active:           453256 kB
Mem:          3.8G       1.0G       2.8G       5.7M        55M       585M

MemTotal:        4016004 kB
MemFree:         2895908 kB
Active:           453288 kB
Mem:          3.8G       1.1G       2.8G       5.7M        55M       627M

MemTotal:        4016004 kB
MemFree:         2851328 kB
Active:           453312 kB
Mem:          3.8G       1.1G       2.7G       5.7M        55M       671M

MemTotal:        4016004 kB
MemFree:         2805956 kB
Active:           453332 kB
Mem:          3.8G       1.2G       2.7G       5.7M        55M       714M

MemTotal:        4016004 kB
MemFree:         2761208 kB
Active:           453360 kB
Mem:          3.8G       1.2G       2.6G       5.7M        55M       757M

MemTotal:        4016004 kB
MemFree:         2715908 kB
Active:           453380 kB
Mem:          3.8G       1.2G       2.6G       5.7M        55M       801M

MemTotal:        4016004 kB
MemFree:         2671464 kB
Active:           453408 kB
Mem:          3.8G       1.3G       2.5G       5.7M        55M       843M

MemTotal:        4016004 kB
MemFree:         2658492 kB
Active:           455452 kB
Mem:          3.8G       1.3G       2.5G       5.7M        55M       854M

MemTotal:        4016004 kB
MemFree:         2613284 kB
Active:           455472 kB
Mem:          3.8G       1.3G       2.5G       5.7M        55M       897M

MemTotal:        4016004 kB
MemFree:         2568488 kB
Active:           455496 kB
Mem:          3.8G       1.4G       2.4G       5.7M        55M       940M

MemTotal:        4016004 kB
MemFree:         2523432 kB
Active:           455520 kB
Mem:          3.8G       1.4G       2.4G       5.7M        55M       984M

MemTotal:        4016004 kB
MemFree:         2478916 kB
Active:           455548 kB
Mem:          3.8G       1.5G       2.4G       5.7M        55M       1.0G

MemTotal:        4016004 kB
MemFree:         2434180 kB
Active:           455576 kB
Mem:          3.8G       1.5G       2.3G       5.7M        55M       1.0G

MemTotal:        4016004 kB
MemFree:         2388932 kB
Active:           455592 kB
Mem:          3.8G       1.6G       2.3G       5.7M        55M       1.1G

MemTotal:        4016004 kB
MemFree:         2344196 kB
Active:           455612 kB
Mem:          3.8G       1.6G       2.2G       5.7M        55M       1.1G

MemTotal:        4016004 kB
MemFree:         2298832 kB
Active:           455636 kB
Mem:          3.8G       1.6G       2.2G       5.7M        55M       1.2G

MemTotal:        4016004 kB
MemFree:         2269816 kB
Active:           455656 kB
Mem:          3.8G       1.7G       2.2G       5.7M        55M       1.2G

MemTotal:        4016004 kB
MemFree:         2227420 kB
Active:           455680 kB
Mem:          3.8G       1.7G       2.1G       5.7M        55M       1.2G

MemTotal:        4016004 kB
MemFree:         2224964 kB
Active:           455756 kB
Mem:          3.8G       1.7G       2.1G       5.7M        55M       1.2G

MemTotal:        4016004 kB
MemFree:         2223936 kB
Active:           455772 kB
Mem:          3.8G       1.7G       2.1G       5.7M        55M       1.2G

MemTotal:        4016004 kB
MemFree:         2193836 kB
Active:           455792 kB
Mem:          3.8G       1.7G       2.1G       5.7M        56M       1.3G

MemTotal:        4016004 kB
MemFree:         2179300 kB
Active:           455808 kB
Mem:          3.8G       1.8G       2.1G       5.7M        56M       1.3G

MemTotal:        4016004 kB
MemFree:         2137420 kB
Active:           455836 kB
Mem:          3.8G       1.8G       2.0G       5.7M        56M       1.3G

MemTotal:        4016004 kB
MemFree:         2093944 kB
Active:           459484 kB
Mem:          3.8G       1.8G       2.0G       5.7M        58M       1.4G

MemTotal:        4016004 kB
MemFree:         2047588 kB
Active:           459708 kB
Mem:          3.8G       1.9G       2.0G       5.7M        59M       1.4G

MemTotal:        4016004 kB
MemFree:         2000984 kB
Active:           459968 kB
Mem:          3.8G       1.9G       1.9G       5.7M        59M       1.4G

MemTotal:        4016004 kB
MemFree:         1954636 kB
Active:           460236 kB
Mem:          3.8G       2.0G       1.9G       5.7M        59M       1.5G

MemTotal:        4016004 kB
MemFree:         1908272 kB
Active:           460492 kB
Mem:          3.8G       2.0G       1.8G       5.7M        59M       1.5G

MemTotal:        4016004 kB
MemFree:         1861936 kB
Active:           460748 kB
Mem:          3.8G       2.1G       1.8G       5.7M        60M       1.6G

MemTotal:        4016004 kB
MemFree:         1815720 kB
Active:           461004 kB
Mem:          3.8G       2.1G       1.7G       5.7M        60M       1.6G

MemTotal:        4016004 kB
MemFree:         1772508 kB
Active:           463332 kB
Mem:          3.8G       2.1G       1.7G       5.7M        62M       1.7G

MemTotal:        4016004 kB
MemFree:         1772300 kB
Active:           463152 kB
Mem:          3.8G       2.1G       1.7G       5.7M        62M       1.7G

MemTotal:        4016004 kB
MemFree:         1772412 kB
Active:           463168 kB
Mem:          3.8G       2.1G       1.7G       5.7M        62M       1.7G

MemTotal:        4016004 kB
MemFree:         1728728 kB
Active:           463176 kB
Mem:          3.8G       2.2G       1.6G       5.7M        62M       1.7G

MemTotal:        4016004 kB
MemFree:         1681948 kB
Active:           463176 kB
Mem:          3.8G       2.2G       1.6G       5.7M        62M       1.7G

MemTotal:        4016004 kB
MemFree:         1635812 kB
Active:           463176 kB
Mem:          3.8G       2.3G       1.6G       5.7M        62M       1.8G

MemTotal:        4016004 kB
MemFree:         1589588 kB
Active:           463180 kB
Mem:          3.8G       2.3G       1.5G       5.7M        63M       1.8G

MemTotal:        4016004 kB
MemFree:         1542976 kB
Active:           463188 kB
Mem:          3.8G       2.4G       1.5G       5.7M        63M       1.9G

MemTotal:        4016004 kB
MemFree:         1496380 kB
Active:           463192 kB
Mem:          3.8G       2.4G       1.4G       5.7M        63M       1.9G

MemTotal:        4016004 kB
MemFree:         1450264 kB
Active:           463196 kB
Mem:          3.8G       2.4G       1.4G       5.7M        63M       2.0G

MemTotal:        4016004 kB
MemFree:         1403388 kB
Active:           463216 kB
Mem:          3.8G       2.5G       1.3G       5.7M        63M       2.0G

MemTotal:        4016004 kB
MemFree:         1356840 kB
Active:           463216 kB
Mem:          3.8G       2.5G       1.3G       5.7M        63M       2.0G

MemTotal:        4016004 kB
MemFree:         1310552 kB
Active:           463224 kB
Mem:          3.8G       2.6G       1.2G       5.7M        63M       2.1G

MemTotal:        4016004 kB
MemFree:         1263724 kB
Active:           463224 kB
Mem:          3.8G       2.6G       1.2G       5.7M        63M       2.1G

MemTotal:        4016004 kB
MemFree:         1241492 kB
Active:           463224 kB
Mem:          3.8G       2.6G       1.2G       5.7M        63M       2.2G

MemTotal:        4016004 kB
MemFree:         1206180 kB
Active:           463236 kB
Mem:          3.8G       2.7G       1.2G       5.7M        63M       2.2G

MemTotal:        4016004 kB
MemFree:         1170784 kB
Active:           463236 kB
Mem:          3.8G       2.7G       1.1G       5.7M        63M       2.2G

MemTotal:        4016004 kB
MemFree:         1170040 kB
Active:           463240 kB
Mem:          3.8G       2.7G       1.1G       5.7M        63M       2.2G

MemTotal:        4016004 kB
MemFree:         1160048 kB
Active:           463240 kB
Mem:          3.8G       2.7G       1.1G       5.7M        63M       2.2G

MemTotal:        4016004 kB
MemFree:         1113684 kB
Active:           463244 kB
Mem:          3.8G       2.8G       1.1G       5.7M        63M       2.3G

MemTotal:        4016004 kB
MemFree:         1066964 kB
Active:           463244 kB
Mem:          3.8G       2.8G       1.0G       5.7M        63M       2.3G

MemTotal:        4016004 kB
MemFree:         1020724 kB
Active:           463244 kB
Mem:          3.8G       2.9G       996M       5.7M        63M       2.4G

MemTotal:        4016004 kB
MemFree:          974500 kB
Active:           463252 kB
Mem:          3.8G       2.9G       951M       5.7M        63M       2.4G

MemTotal:        4016004 kB
MemFree:          927888 kB
Active:           463252 kB
Mem:          3.8G       2.9G       905M       5.7M        63M       2.5G

MemTotal:        4016004 kB
MemFree:          881268 kB
Active:           463256 kB
Mem:          3.8G       3.0G       860M       5.7M        63M       2.5G

MemTotal:        4016004 kB
MemFree:          834584 kB
Active:           463280 kB
Mem:          3.8G       3.0G       814M       5.7M        63M       2.5G

MemTotal:        4016004 kB
MemFree:          798772 kB
Active:           463288 kB
Mem:          3.8G       3.1G       779M       5.7M        63M       2.6G

MemTotal:        4016004 kB
MemFree:          798588 kB
Active:           463300 kB
Mem:          3.8G       3.1G       779M       5.7M        63M       2.6G

MemTotal:        4016004 kB
MemFree:          798748 kB
Active:           463300 kB
Mem:          3.8G       3.1G       780M       5.7M        63M       2.6G

MemTotal:        4016004 kB
MemFree:          786328 kB
Active:           463304 kB
Mem:          3.8G       3.1G       767M       5.7M        63M       2.6G

MemTotal:        4016004 kB
MemFree:          739484 kB
Active:           463308 kB
Mem:          3.8G       3.1G       721M       5.7M        63M       2.6G

MemTotal:        4016004 kB
MemFree:          693276 kB
Active:           463308 kB
Mem:          3.8G       3.2G       676M       5.7M        63M       2.7G

MemTotal:        4016004 kB
MemFree:          646556 kB
Active:           463316 kB
Mem:          3.8G       3.2G       631M       5.7M        63M       2.7G

MemTotal:        4016004 kB
MemFree:          599820 kB
Active:           463316 kB
Mem:          3.8G       3.3G       585M       5.7M        63M       2.8G

MemTotal:        4016004 kB
MemFree:          553472 kB
Active:           463316 kB
Mem:          3.8G       3.3G       540M       5.7M        63M       2.8G

MemTotal:        4016004 kB
MemFree:          506612 kB
Active:           463316 kB
Mem:          3.8G       3.3G       494M       5.7M        63M       2.8G

MemTotal:        4016004 kB
MemFree:          460100 kB
Active:           463316 kB
Mem:          3.8G       3.4G       449M       5.7M        63M       2.9G

MemTotal:        4016004 kB
MemFree:          449248 kB
Active:           463316 kB
Mem:          3.8G       3.4G       438M       5.7M        63M       2.9G

MemTotal:        4016004 kB
MemFree:          402072 kB
Active:           463328 kB
Mem:          3.8G       3.4G       392M       5.7M        63M       2.9G

MemTotal:        4016004 kB
MemFree:          355956 kB
Active:           463328 kB
Mem:          3.8G       3.5G       347M       5.7M        63M       3.0G

MemTotal:        4016004 kB
MemFree:          309052 kB
Active:           463328 kB
Mem:          3.8G       3.5G       301M       5.7M        63M       3.0G

MemTotal:        4016004 kB
MemFree:          296512 kB
Active:           463340 kB
Mem:          3.8G       3.5G       289M       5.7M        63M       3.0G

MemTotal:        4016004 kB
MemFree:          296188 kB
Active:           463352 kB
Mem:          3.8G       3.5G       289M       5.7M        63M       3.0G

MemTotal:        4016004 kB
MemFree:          296284 kB
Active:           463356 kB
Mem:          3.8G       3.5G       289M       5.7M        63M       3.0G

MemTotal:        4016004 kB
MemFree:          296288 kB
Active:           463356 kB
Mem:          3.8G       3.5G       289M       5.7M        63M       3.0G

MemTotal:        4016004 kB
MemFree:          265616 kB
Active:           463360 kB
Mem:          3.8G       3.6G       258M       5.7M        63M       3.1G

MemTotal:        4016004 kB
MemFree:          219144 kB
Active:           463360 kB
Mem:          3.8G       3.6G       213M       5.7M        63M       3.1G

MemTotal:        4016004 kB
MemFree:          172160 kB
Active:           463368 kB
Mem:          3.8G       3.7G       167M       5.7M        63M       3.2G

MemTotal:        4016004 kB
MemFree:          125440 kB
Active:           463368 kB
Mem:          3.8G       3.7G       122M       5.7M        63M       3.2G

MemTotal:        4016004 kB
MemFree:          136984 kB
Active:           469216 kB
Mem:          3.8G       3.7G       131M       5.7M        29M       3.2G

MemTotal:        4016004 kB
MemFree:          129324 kB
Active:           473472 kB
Mem:          3.8G       3.7G       125M       5.7M        29M       3.2G

MemTotal:        4016004 kB
MemFree:          133800 kB
Active:           518928 kB
Mem:          3.8G       3.7G       130M       5.7M        29M       3.2G

MemTotal:        4016004 kB
MemFree:          133904 kB
Active:           514448 kB
Mem:          3.8G       3.7G       131M       5.7M        29M       3.2G

MemTotal:        4016004 kB
MemFree:          134888 kB
Active:           507620 kB
Mem:          3.8G       3.7G       131M       5.7M        29M       3.2G

MemTotal:        4016004 kB
MemFree:          138292 kB
Active:           501736 kB
Mem:          3.8G       3.7G       134M       5.7M        29M       3.2G

MemTotal:        4016004 kB
MemFree:          128084 kB
Active:           498408 kB
Mem:          3.8G       3.7G       124M       5.7M        29M       3.2G

MemTotal:        4016004 kB
MemFree:          119212 kB
Active:           494836 kB
Mem:          3.8G       3.7G       116M       5.7M        29M       3.2G

MemTotal:        4016004 kB
MemFree:          139500 kB
Active:           490344 kB
Mem:          3.8G       3.7G       135M       5.7M        29M       3.2G

MemTotal:        4016004 kB
MemFree:          119596 kB
Active:           490348 kB
Mem:          3.8G       3.7G       116M       5.7M        29M       3.2G

MemTotal:        4016004 kB
MemFree:          109052 kB
Active:           486904 kB
Mem:          3.8G       3.7G       106M       5.7M        29M       3.3G

MemTotal:        4016004 kB
MemFree:          122692 kB
Active:           481528 kB
Mem:          3.8G       3.7G       119M       5.7M        29M       3.2G

MemTotal:        4016004 kB
MemFree:          112044 kB
Active:           478072 kB
Mem:          3.8G       3.7G       109M       5.7M        29M       3.2G

MemTotal:        4016004 kB
MemFree:          107692 kB
Active:           472588 kB
Mem:          3.8G       3.7G       104M       5.7M        29M       3.3G

MemTotal:        4016004 kB
MemFree:          109688 kB
Active:           468752 kB
Mem:          3.8G       3.7G       106M       5.7M        29M       3.3G

MemTotal:        4016004 kB
MemFree:          134952 kB
Active:           461588 kB
Mem:          3.8G       3.7G       131M       5.7M        29M       3.2G

MemTotal:        4016004 kB
MemFree:          112580 kB
Active:           460436 kB
Mem:          3.8G       3.7G       109M       5.7M        29M       3.2G

MemTotal:        4016004 kB
MemFree:          125852 kB
Active:           458780 kB
Mem:          3.8G       3.7G       122M       5.7M        29M       3.2G

MemTotal:        4016004 kB
MemFree:          120240 kB
Active:           455016 kB
Mem:          3.8G       3.7G       116M       5.7M        29M       3.2G

MemTotal:        4016004 kB
MemFree:          127584 kB
Active:           453864 kB
Mem:          3.8G       3.7G       124M       5.7M        29M       3.2G

MemTotal:        4016004 kB
MemFree:          117740 kB
Active:           452724 kB
Mem:          3.8G       3.7G       114M       5.7M        29M       3.2G

MemTotal:        4016004 kB
MemFree:          143036 kB
Active:           450548 kB
Mem:          3.8G       3.7G       139M       5.7M        29M       3.2G

MemTotal:        4016004 kB
MemFree:          133696 kB
Active:           450552 kB
Mem:          3.8G       3.7G       130M       5.7M        29M       3.2G

MemTotal:        4016004 kB
MemFree:          122320 kB
Active:           450560 kB
Mem:          3.8G       3.7G       119M       5.7M        29M       3.2G

MemTotal:        4016004 kB
MemFree:          122044 kB
Active:           450564 kB
Mem:          3.8G       3.7G       119M       5.7M        29M       3.2G

MemTotal:        4016004 kB
MemFree:          122236 kB
Active:           450564 kB
Mem:          3.8G       3.7G       119M       5.7M        29M       3.2G

MemTotal:        4016004 kB
MemFree:          112176 kB
Active:           449416 kB
Mem:          3.8G       3.7G       109M       5.7M        29M       3.2G

MemTotal:        4016004 kB
MemFree:          114684 kB
Active:           448136 kB
Mem:          3.8G       3.7G       111M       5.7M        29M       3.2G

MemTotal:        4016004 kB
MemFree:          127552 kB
Active:           446480 kB
Mem:          3.8G       3.7G       124M       5.7M        29M       3.2G

MemTotal:        4016004 kB
MemFree:          105424 kB
Active:           445332 kB
Mem:          3.8G       3.7G       102M       5.7M        29M       3.3G

MemTotal:        4016004 kB
MemFree:          112008 kB
Active:           443288 kB
Mem:          3.8G       3.7G       108M       5.7M        29M       3.2G

MemTotal:        4016004 kB
MemFree:          125016 kB
Active:           441624 kB
Mem:          3.8G       3.7G       121M       5.7M        29M       3.2G

MemTotal:        4016004 kB
MemFree:          126700 kB
Active:           439960 kB
Mem:          3.8G       3.7G       123M       5.7M        29M       3.2G

MemTotal:        4016004 kB
MemFree:          110084 kB
Active:           439832 kB
Mem:          3.8G       3.7G       107M       5.7M        29M       3.2G

MemTotal:        4016004 kB
MemFree:          124092 kB
Active:           438176 kB
Mem:          3.8G       3.7G       131M       5.7M        29M       3.2G

MemTotal:        4016004 kB
MemFree:          107180 kB
Active:           437536 kB
Mem:          3.8G       3.7G       104M       5.7M        29M       3.3G

MemTotal:        4016004 kB
MemFree:          132504 kB
Active:           435372 kB
Mem:          3.8G       3.7G       128M       5.7M        29M       3.2G

MemTotal:        4016004 kB
MemFree:          133156 kB
Active:           433708 kB
Mem:          3.8G       3.7G       129M       5.7M        29M       3.2G

MemTotal:        4016004 kB
MemFree:          131988 kB
Active:           433068 kB
Mem:          3.8G       3.7G       128M       5.7M        29M       3.2G

MemTotal:        4016004 kB
MemFree:          133476 kB
Active:           431412 kB
Mem:          3.8G       3.7G       129M       5.7M        29M       3.2G

MemTotal:        4016004 kB
MemFree:          151588 kB
Active:           429236 kB
Mem:          3.8G       3.7G       147M       5.7M        29M       3.2G

MemTotal:        4016004 kB
MemFree:          105772 kB
Active:           429240 kB
Mem:          3.8G       3.7G       103M       5.7M        29M       3.3G

MemTotal:        4016004 kB
MemFree:          131608 kB
Active:           427072 kB
Mem:          3.8G       3.7G       128M       5.7M        29M       3.2G

MemTotal:        4016004 kB
MemFree:          135572 kB
Active:           425932 kB
Mem:          3.8G       3.7G       132M       5.7M        29M       3.2G

MemTotal:        4016004 kB
MemFree:          116400 kB
Active:           424916 kB
Mem:          3.8G       3.7G       113M       5.7M        29M       3.2G

MemTotal:        4016004 kB
MemFree:          105764 kB
Active:           423764 kB
Mem:          3.8G       3.7G       102M       5.7M        29M       3.3G

MemTotal:        4016004 kB
MemFree:          119592 kB
Active:           421972 kB
Mem:          3.8G       3.7G       115M       5.7M        29M       3.2G

MemTotal:        4016004 kB
MemFree:          146328 kB
Active:           417852 kB
Mem:          3.8G       3.7G       142M       5.7M        29M       3.2G

MemTotal:        4016004 kB
MemFree:          140484 kB
Active:           417864 kB
Mem:          3.8G       3.7G       136M       5.7M        29M       3.2G

MemTotal:        4016004 kB
MemFree:          153760 kB
Active:           416080 kB
Mem:          3.8G       3.7G       150M       5.7M        29M       3.2G

MemTotal:        4016004 kB
MemFree:          107904 kB
Active:           416080 kB
Mem:          3.8G       3.7G       104M       5.7M        29M       3.3G

MemTotal:        4016004 kB
MemFree:          120892 kB
Active:           413904 kB
Mem:          3.8G       3.7G       117M       5.7M        29M       3.2G

MemTotal:        4016004 kB
MemFree:          135336 kB
Active:           412752 kB
Mem:          3.8G       3.7G       132M       5.7M        29M       3.2G

MemTotal:        4016004 kB
MemFree:          130524 kB
Active:           412764 kB
Mem:          3.8G       3.7G       126M       5.7M        29M       3.2G

MemTotal:        4016004 kB
MemFree:          129812 kB
Active:           412768 kB
Mem:          3.8G       3.7G       126M       5.7M        29M       3.2G

MemTotal:        4016004 kB
MemFree:          129784 kB
Active:           412768 kB
Mem:          3.8G       3.7G       126M       5.7M        29M       3.2G

MemTotal:        4016004 kB
MemFree:          106368 kB
Active:           412776 kB
Mem:          3.8G       3.7G       103M       5.7M        29M       3.3G

MemTotal:        4016004 kB
MemFree:          144636 kB
Active:           410344 kB
Mem:          3.8G       3.7G       140M       5.7M        29M       3.2G

MemTotal:        4016004 kB
MemFree:          133348 kB
Active:           409332 kB
Mem:          3.8G       3.7G       129M       5.7M        29M       3.2G

MemTotal:        4016004 kB
MemFree:          104732 kB
Active:           408308 kB
Mem:          3.8G       3.7G       124M       5.7M        29M       3.2G

MemTotal:        4016004 kB
MemFree:          105488 kB
Active:           406644 kB
Mem:          3.8G       3.7G       102M       5.7M        29M       3.3G

MemTotal:        4016004 kB
MemFree:          107252 kB
Active:           404980 kB
Mem:          3.8G       3.7G       103M       5.7M        29M       3.3G

MemTotal:        4016004 kB
MemFree:          120656 kB
Active:           403188 kB
Mem:          3.8G       3.7G       117M       5.7M        29M       3.2G

MemTotal:        4016004 kB
MemFree:          146492 kB
Active:           401280 kB
Mem:          3.8G       3.7G       142M       5.7M        29M       3.2G

MemTotal:        4016004 kB
MemFree:          124676 kB
Active:           401164 kB
Mem:          3.8G       3.7G       121M       5.7M        29M       3.2G

MemTotal:        4016004 kB
MemFree:          137476 kB
Active:           398992 kB
Mem:          3.8G       3.7G       133M       5.7M        29M       3.2G

MemTotal:        4016004 kB
MemFree:          126908 kB
Active:           397972 kB
Mem:          3.8G       3.7G       123M       5.7M        29M       3.2G

MemTotal:        4016004 kB
MemFree:          116148 kB
Active:           396692 kB
Mem:          3.8G       3.7G       112M       5.7M        29M       3.2G

MemTotal:        4016004 kB
MemFree:          125336 kB
Active:           396060 kB
Mem:          3.8G       3.7G       122M       5.7M        29M       3.2G

MemTotal:        4016004 kB
MemFree:          118608 kB
Active:           395556 kB
Mem:          3.8G       3.7G       115M       5.7M        29M       3.2G

MemTotal:        4016004 kB
MemFree:          118632 kB
Active:           395436 kB
Mem:          3.8G       3.7G       115M       5.7M        29M       3.2G

MemTotal:        4016004 kB
MemFree:          135004 kB
Active:           395324 kB
Mem:          3.8G       3.7G       131M       5.7M        29M       3.2G

MemTotal:        4016004 kB
MemFree:          143612 kB
Active:           395284 kB
Mem:          3.8G       3.7G       139M       5.7M        29M       3.2G

MemTotal:        4016004 kB
MemFree:          128464 kB
Active:           395284 kB
Mem:          3.8G       3.7G       125M       5.7M        29M       3.2G

MemTotal:        4016004 kB
MemFree:          121416 kB
Active:           395288 kB
Mem:          3.8G       3.7G       118M       5.7M        29M       3.2G

MemTotal:        4016004 kB
MemFree:          110764 kB
Active:           395296 kB
Mem:          3.8G       3.7G       107M       5.7M        29M       3.2G

MemTotal:        4016004 kB
MemFree:          123936 kB
Active:           395296 kB
Mem:          3.8G       3.7G       120M       5.7M        29M       3.2G

MemTotal:        4016004 kB
MemFree:          113788 kB
Active:           395296 kB
Mem:          3.8G       3.7G       110M       5.7M        29M       3.2G

MemTotal:        4016004 kB
MemFree:          120520 kB
Active:           395216 kB
Mem:          3.8G       3.7G       117M       5.7M        29M       3.2G

MemTotal:        4016004 kB
MemFree:          110520 kB
Active:           395216 kB
Mem:          3.8G       3.7G       107M       5.7M        29M       3.2G

MemTotal:        4016004 kB
MemFree:          124592 kB
Active:           395228 kB
Mem:          3.8G       3.7G       121M       5.7M        29M       3.2G

MemTotal:        4016004 kB
MemFree:          143004 kB
Active:           395240 kB
Mem:          3.8G       3.7G       139M       5.7M        29M       3.2G

MemTotal:        4016004 kB
MemFree:          125264 kB
Active:           395240 kB
Mem:          3.8G       3.7G       122M       5.7M        29M       3.2G

MemTotal:        4016004 kB
MemFree:          124964 kB
Active:           395244 kB
Mem:          3.8G       3.7G       122M       5.7M        29M       3.2G

MemTotal:        4016004 kB
MemFree:          105464 kB
Active:           395272 kB
Mem:          3.8G       3.7G       102M       5.7M        29M       3.3G

MemTotal:        4016004 kB
MemFree:          107312 kB
Active:           395272 kB
Mem:          3.8G       3.7G       104M       5.7M        29M       3.2G

MemTotal:        4016004 kB
MemFree:          126904 kB
Active:           395276 kB
Mem:          3.8G       3.7G       123M       5.7M        29M       3.2G

MemTotal:        4016004 kB
MemFree:          145392 kB
Active:           395276 kB
Mem:          3.8G       3.7G       141M       5.7M        29M       3.2G

MemTotal:        4016004 kB
MemFree:          136084 kB
Active:           395276 kB
Mem:          3.8G       3.7G       132M       5.7M        29M       3.2G

MemTotal:        4016004 kB
MemFree:          106992 kB
Active:           395284 kB
Mem:          3.8G       3.7G       103M       5.7M        29M       3.2G

MemTotal:        4016004 kB
MemFree:          108260 kB
Active:           395284 kB
Mem:          3.8G       3.7G       105M       5.7M        29M       3.2G

MemTotal:        4016004 kB
MemFree:          133692 kB
Active:           395320 kB
Mem:          3.8G       3.7G       129M       5.7M        29M       3.2G

MemTotal:        4016004 kB
MemFree:          151808 kB
Active:           395320 kB
Mem:          3.8G       3.7G       147M       5.7M        29M       3.2G

MemTotal:        4016004 kB
MemFree:          106700 kB
Active:           395172 kB
Mem:          3.8G       3.7G       103M       5.7M        29M       3.2G

MemTotal:        4016004 kB
MemFree:          144032 kB
Active:           395184 kB
Mem:          3.8G       3.7G       140M       5.7M        29M       3.2G

MemTotal:        4016004 kB
MemFree:          123360 kB
Active:           395248 kB
Mem:          3.8G       3.7G       119M       5.7M        29M       3.2G

MemTotal:        4016004 kB
MemFree:          122616 kB
Active:           395264 kB
Mem:          3.8G       3.7G       119M       5.7M        29M       3.2G

MemTotal:        4016004 kB
MemFree:          122608 kB
Active:           395264 kB
Mem:          3.8G       3.7G       119M       5.7M        29M       3.2G

MemTotal:        4016004 kB
MemFree:          117164 kB
Active:           395264 kB
Mem:          3.8G       3.7G       114M       5.7M        29M       3.2G

MemTotal:        4016004 kB
MemFree:          118840 kB
Active:           395268 kB
Mem:          3.8G       3.7G       115M       5.7M        29M       3.2G

MemTotal:        4016004 kB
MemFree:          132616 kB
Active:           395144 kB
Mem:          3.8G       3.7G       129M       5.7M        29M       3.2G

MemTotal:        4016004 kB
MemFree:          122352 kB
Active:           395152 kB
Mem:          3.8G       3.7G       118M       5.7M        29M       3.2G

MemTotal:        4016004 kB
MemFree:          123976 kB
Active:           395152 kB
Mem:          3.8G       3.7G       120M       5.7M        29M       3.2G

MemTotal:        4016004 kB
MemFree:          114240 kB
Active:           394716 kB
Mem:          3.8G       3.7G       110M       5.7M        29M       3.2G

MemTotal:        4016004 kB
MemFree:          127208 kB
Active:           394716 kB
Mem:          3.8G       3.7G       124M       5.7M        29M       3.2G

MemTotal:        4016004 kB
MemFree:          109940 kB
Active:           394716 kB
Mem:          3.8G       3.7G       106M       5.7M        29M       3.2G

MemTotal:        4016004 kB
MemFree:          110956 kB
Active:           394724 kB
Mem:          3.8G       3.7G       107M       5.7M        29M       3.2G

MemTotal:        4016004 kB
MemFree:          128936 kB
Active:           394724 kB
Mem:          3.8G       3.7G       125M       5.7M        29M       3.2G

MemTotal:        4016004 kB
MemFree:          135420 kB
Active:           394736 kB
Mem:          3.8G       3.7G       132M       5.7M        29M       3.2G

MemTotal:        4016004 kB
MemFree:          127692 kB
Active:           394736 kB
Mem:          3.8G       3.7G       124M       5.7M        29M       3.2G

MemTotal:        4016004 kB
MemFree:          112988 kB
Active:           394740 kB
Mem:          3.8G       3.7G       109M       5.7M        29M       3.2G

MemTotal:        4016004 kB
MemFree:          105764 kB
Active:           394740 kB
Mem:          3.8G       3.7G       103M       5.7M        29M       3.2G

MemTotal:        4016004 kB
MemFree:          105668 kB
Active:           394748 kB
Mem:          3.8G       3.7G       103M       5.7M        29M       3.2G

MemTotal:        4016004 kB
MemFree:          128396 kB
Active:           394748 kB
Mem:          3.8G       3.7G       125M       5.7M        29M       3.2G

MemTotal:        4016004 kB
MemFree:          112600 kB
Active:           394628 kB
Mem:          3.8G       3.7G       109M       5.7M        29M       3.2G

MemTotal:        4016004 kB
MemFree:          125672 kB
Active:           388524 kB
Mem:          3.8G       3.7G       122M       5.7M        29M       3.2G

MemTotal:        4016004 kB
MemFree:          127848 kB
Active:           388532 kB
Mem:          3.8G       3.7G       123M       5.7M        29M       3.2G

MemTotal:        4016004 kB
MemFree:          117336 kB
Active:           388532 kB
Mem:          3.8G       3.7G       114M       5.7M        29M       3.2G

MemTotal:        4016004 kB
MemFree:          118960 kB
Active:           388532 kB
Mem:          3.8G       3.7G       115M       5.7M        29M       3.2G

MemTotal:        4016004 kB
MemFree:          108820 kB
Active:           388532 kB
Mem:          3.8G       3.7G       106M       5.7M        29M       3.2G

MemTotal:        4016004 kB
MemFree:          121480 kB
Active:           388536 kB
Mem:          3.8G       3.7G       118M       5.7M        29M       3.2G

MemTotal:        4016004 kB
MemFree:          107904 kB
Active:           388540 kB
Mem:          3.8G       3.7G       105M       5.7M        29M       3.2G

MemTotal:        4016004 kB
MemFree:          134160 kB
Active:           387904 kB
Mem:          3.8G       3.7G       130M       5.7M        29M       3.2G

MemTotal:        4016004 kB
MemFree:          137428 kB
Active:           387728 kB
Mem:          3.8G       3.7G       134M       5.7M        29M       3.2G

MemTotal:        4016004 kB
MemFree:          154104 kB
Active:           387740 kB
Mem:          3.8G       3.7G       150M       5.7M        29M       3.2G

MemTotal:        4016004 kB
MemFree:          107272 kB
Active:           387744 kB
Mem:          3.8G       3.7G       104M       5.7M        29M       3.2G

MemTotal:        4016004 kB
MemFree:          115920 kB
Active:           387748 kB
Mem:          3.8G       3.7G       112M       5.7M        29M       3.2G

MemTotal:        4016004 kB
MemFree:          132188 kB
Active:           387756 kB
Mem:          3.8G       3.7G       128M       5.7M        29M       3.2G

MemTotal:        4016004 kB
MemFree:          128064 kB
Active:           387768 kB
Mem:          3.8G       3.7G       124M       5.7M        29M       3.2G

MemTotal:        4016004 kB
MemFree:          130704 kB
Active:           387768 kB
Mem:          3.8G       3.7G       127M       5.7M        29M       3.2G

MemTotal:        4016004 kB
MemFree:          108152 kB
Active:           387768 kB
Mem:          3.8G       3.7G       105M       5.7M        29M       3.2G

MemTotal:        4016004 kB
MemFree:          122216 kB
Active:           387772 kB
Mem:          3.8G       3.7G       118M       5.7M        29M       3.2G

MemTotal:        4016004 kB
MemFree:          122476 kB
Active:           387780 kB
Mem:          3.8G       3.7G       119M       5.7M        29M       3.2G

MemTotal:        4016004 kB
MemFree:          107812 kB
Active:           385508 kB
Mem:          3.8G       3.7G       104M       5.7M        29M       3.2G

MemTotal:        4016004 kB
MemFree:          133384 kB
Active:           385508 kB
Mem:          3.8G       3.7G       129M       5.7M        29M       3.2G

MemTotal:        4016004 kB
MemFree:          133768 kB
Active:           385508 kB
Mem:          3.8G       3.7G       130M       5.7M        29M       3.2G

MemTotal:        4016004 kB
MemFree:          104864 kB
Active:           385516 kB
Mem:          3.8G       3.7G       124M       5.7M        29M       3.2G

MemTotal:        4016004 kB
MemFree:          106428 kB
Active:           385516 kB
Mem:          3.8G       3.7G       103M       5.7M        29M       3.2G

MemTotal:        4016004 kB
MemFree:          136768 kB
Active:           385528 kB
Mem:          3.8G       3.7G       133M       5.7M        29M       3.2G

MemTotal:        4016004 kB
MemFree:          156132 kB
Active:           385528 kB
Mem:          3.8G       3.7G       152M       5.7M        29M       3.2G

MemTotal:        4016004 kB
MemFree:          143748 kB
Active:           385532 kB
Mem:          3.8G       3.7G       139M       5.7M        29M       3.2G

MemTotal:        4016004 kB
MemFree:          136588 kB
Active:           385544 kB
Mem:          3.8G       3.7G       133M       5.7M        29M       3.2G

MemTotal:        4016004 kB
MemFree:          136272 kB
Active:           385548 kB
Mem:          3.8G       3.7G       133M       5.7M        29M       3.2G

MemTotal:        4016004 kB
MemFree:          136464 kB
Active:           385548 kB
Mem:          3.8G       3.7G       133M       5.7M        29M       3.2G

MemTotal:        4016004 kB
MemFree:          135088 kB
Active:           385552 kB
Mem:          3.8G       3.7G       131M       5.7M        29M       3.2G

MemTotal:        4016004 kB
MemFree:          126716 kB
Active:           384984 kB
Mem:          3.8G       3.7G       123M       5.7M        29M       3.2G

MemTotal:        4016004 kB
MemFree:          115956 kB
Active:           384800 kB
Mem:          3.8G       3.7G       112M       5.7M        29M       3.2G

MemTotal:        4016004 kB
MemFree:          117828 kB
Active:           384800 kB
Mem:          3.8G       3.7G       114M       5.7M        29M       3.2G

MemTotal:        4016004 kB
MemFree:          107440 kB
Active:           384800 kB
Mem:          3.8G       3.7G       104M       5.7M        29M       3.2G

MemTotal:        4016004 kB
MemFree:          120364 kB
Active:           384800 kB
Mem:          3.8G       3.7G       117M       5.7M        29M       3.2G

MemTotal:        4016004 kB
MemFree:          109960 kB
Active:           384800 kB
Mem:          3.8G       3.7G       107M       5.7M        29M       3.2G

MemTotal:        4016004 kB
MemFree:          111940 kB
Active:           384808 kB
Mem:          3.8G       3.7G       109M       5.7M        29M       3.2G

MemTotal:        4016004 kB
MemFree:          124724 kB
Active:           384808 kB
Mem:          3.8G       3.7G       121M       5.7M        29M       3.2G

MemTotal:        4016004 kB
MemFree:          114772 kB
Active:           384812 kB
Mem:          3.8G       3.7G       111M       5.7M        29M       3.2G

MemTotal:        4016004 kB
MemFree:          118708 kB
Active:           370632 kB
Mem:          3.8G       3.7G       115M       5.7M        29M       3.2G

MemTotal:        4016004 kB
MemFree:          119276 kB
Active:           370636 kB
Mem:          3.8G       3.7G       116M       5.7M        29M       3.2G

MemTotal:        4016004 kB
MemFree:          137040 kB
Active:           370644 kB
Mem:          3.8G       3.7G       133M       5.7M        29M       3.2G

MemTotal:        4016004 kB
MemFree:          121936 kB
Active:           370644 kB
Mem:          3.8G       3.7G       118M       5.7M        29M       3.2G

MemTotal:        4016004 kB
MemFree:          117788 kB
Active:           370656 kB
Mem:          3.8G       3.7G       114M       5.7M        29M       3.2G

MemTotal:        4016004 kB
MemFree:          124536 kB
Active:           370656 kB
Mem:          3.8G       3.7G       121M       5.7M        29M       3.2G

MemTotal:        4016004 kB
MemFree:          114880 kB
Active:           370656 kB
Mem:          3.8G       3.7G       111M       5.7M        29M       3.2G

MemTotal:        4016004 kB
MemFree:          127516 kB
Active:           370660 kB
Mem:          3.8G       3.7G       124M       5.7M        29M       3.2G

MemTotal:        4016004 kB
MemFree:          127668 kB
Active:           370672 kB
Mem:          3.8G       3.7G       124M       5.7M        29M       3.2G

MemTotal:        4016004 kB
MemFree:          137848 kB
Active:           370672 kB
Mem:          3.8G       3.7G       133M       5.7M        29M       3.2G

MemTotal:        4016004 kB
MemFree:          127832 kB
Active:           370672 kB
Mem:          3.8G       3.7G       124M       5.7M        29M       3.2G

MemTotal:        4016004 kB
MemFree:          117180 kB
Active:           370672 kB
Mem:          3.8G       3.7G       114M       5.7M        29M       3.2G

MemTotal:        4016004 kB
MemFree:          126128 kB
Active:           369652 kB
Mem:          3.8G       3.7G       122M       5.7M        29M       3.2G

MemTotal:        4016004 kB
MemFree:          108832 kB
Active:           369524 kB
Mem:          3.8G       3.7G       106M       5.7M        29M       3.2G

MemTotal:        4016004 kB
MemFree:          146796 kB
Active:           369524 kB
Mem:          3.8G       3.7G       142M       5.7M        29M       3.2G

MemTotal:        4016004 kB
MemFree:          121708 kB
Active:           369528 kB
Mem:          3.8G       3.7G       118M       5.7M        29M       3.2G

MemTotal:        4016004 kB
MemFree:          124684 kB
Active:           369540 kB
Mem:          3.8G       3.7G       121M       5.7M        29M       3.2G

MemTotal:        4016004 kB
MemFree:          130200 kB
Active:           369540 kB
Mem:          3.8G       3.7G       126M       5.7M        29M       3.2G

MemTotal:        4016004 kB
MemFree:          129988 kB
Active:           369544 kB
Mem:          3.8G       3.7G       126M       5.7M        29M       3.2G

MemTotal:        4016004 kB
MemFree:          110664 kB
Active:           369544 kB
Mem:          3.8G       3.7G       107M       5.7M        29M       3.2G

MemTotal:        4016004 kB
MemFree:          130516 kB
Active:           369548 kB
Mem:          3.8G       3.7G       126M       5.7M        29M       3.2G

MemTotal:        4016004 kB
MemFree:          143068 kB
Active:           369548 kB
Mem:          3.8G       3.7G       139M       5.7M        29M       3.2G

MemTotal:        4016004 kB
MemFree:          133532 kB
Active:           369548 kB
Mem:          3.8G       3.7G       130M       5.7M        29M       3.2G

MemTotal:        4016004 kB
MemFree:          116324 kB
Active:           369556 kB
Mem:          3.8G       3.7G       113M       5.7M        29M       3.2G

MemTotal:        4016004 kB
MemFree:          130100 kB
Active:           369556 kB
Mem:          3.8G       3.7G       126M       5.7M        29M       3.2G

MemTotal:        4016004 kB
MemFree:          132096 kB
Active:           369556 kB
Mem:          3.8G       3.7G       128M       5.7M        29M       3.2G

MemTotal:        4016004 kB
MemFree:          124200 kB
Active:           367140 kB
Mem:          3.8G       3.7G       121M       5.7M        29M       3.2G

MemTotal:        4016004 kB
MemFree:          120488 kB
Active:           367024 kB
Mem:          3.8G       3.7G       117M       5.7M        29M       3.2G

MemTotal:        4016004 kB
MemFree:          119612 kB
Active:           367028 kB
Mem:          3.8G       3.7G       116M       5.7M        29M       3.2G

MemTotal:        4016004 kB
MemFree:          119032 kB
Active:           367092 kB
Mem:          3.8G       3.7G       116M       5.7M        29M       3.2G

MemTotal:        4016004 kB
MemFree:          109324 kB
Active:           367056 kB
Mem:          3.8G       3.7G       106M       5.7M        29M       3.2G

MemTotal:        4016004 kB
MemFree:          116776 kB
Active:           367056 kB
Mem:          3.8G       3.7G       113M       5.7M        29M       3.2G

MemTotal:        4016004 kB
MemFree:          106388 kB
Active:           367056 kB
Mem:          3.8G       3.7G       103M       5.7M        29M       3.2G

MemTotal:        4016004 kB
MemFree:          132192 kB
Active:           367064 kB
Mem:          3.8G       3.7G       128M       5.7M        29M       3.2G

MemTotal:        4016004 kB
MemFree:          132964 kB
Active:           366936 kB
Mem:          3.8G       3.7G       129M       5.7M        29M       3.2G

MemTotal:        4016004 kB
MemFree:          134092 kB
Active:           366936 kB
Mem:          3.8G       3.7G       130M       5.7M        29M       3.2G

MemTotal:        4016004 kB
MemFree:          104980 kB
Active:           366940 kB
Mem:          3.8G       3.7G       124M       5.7M        29M       3.2G

MemTotal:        4016004 kB
MemFree:          126428 kB
Active:           366940 kB
Mem:          3.8G       3.7G       122M       5.7M        29M       3.2G

MemTotal:        4016004 kB
MemFree:          145988 kB
Active:           366948 kB
Mem:          3.8G       3.7G       142M       5.7M        29M       3.2G

MemTotal:        4016004 kB
MemFree:          135432 kB
Active:           366948 kB
Mem:          3.8G       3.7G       132M       5.7M        29M       3.2G

MemTotal:        4016004 kB
MemFree:          122372 kB
Active:           366948 kB
Mem:          3.8G       3.7G       119M       5.7M        29M       3.2G

MemTotal:        4016004 kB
MemFree:          121908 kB
Active:           366952 kB
Mem:          3.8G       3.7G       119M       5.7M        29M       3.2G

MemTotal:        4016004 kB
MemFree:          117312 kB
Active:           366980 kB
Mem:          3.8G       3.7G       114M       5.7M        29M       3.2G

MemTotal:        4016004 kB
MemFree:          117128 kB
Active:           366992 kB
Mem:          3.8G       3.7G       114M       5.7M        29M       3.2G

MemTotal:        4016004 kB
MemFree:          110328 kB
Active:           366992 kB
Mem:          3.8G       3.7G       107M       5.7M        29M       3.2G

MemTotal:        4016004 kB
MemFree:          127824 kB
Active:           364012 kB
Mem:          3.8G       3.7G       124M       5.7M        29M       3.2G

MemTotal:        4016004 kB
MemFree:          127952 kB
Active:           364012 kB
Mem:          3.8G       3.7G       124M       5.7M        29M       3.2G

MemTotal:        4016004 kB
MemFree:          105436 kB
Active:           364012 kB
Mem:          3.8G       3.7G       124M       5.7M        29M       3.2G

MemTotal:        4016004 kB
MemFree:          125304 kB
Active:           364020 kB
Mem:          3.8G       3.7G       121M       5.7M        29M       3.2G

MemTotal:        4016004 kB
MemFree:          105104 kB
Active:           364020 kB
Mem:          3.8G       3.7G       125M       5.7M        29M       3.2G

MemTotal:        4016004 kB
MemFree:          124724 kB
Active:           364020 kB
Mem:          3.8G       3.7G       121M       5.7M        29M       3.2G

MemTotal:        4016004 kB
MemFree:          108616 kB
Active:           364020 kB
Mem:          3.8G       3.7G       105M       5.7M        29M       3.2G

MemTotal:        4016004 kB
MemFree:          117772 kB
Active:           364020 kB
Mem:          3.8G       3.7G       114M       5.7M        29M       3.2G

MemTotal:        4016004 kB
MemFree:          107044 kB
Active:           364028 kB
Mem:          3.8G       3.7G       104M       5.7M        29M       3.2G

MemTotal:        4016004 kB
MemFree:          127340 kB
Active:           364040 kB
Mem:          3.8G       3.7G       124M       5.7M        29M       3.2G

MemTotal:        4016004 kB
MemFree:          133708 kB
Active:           364052 kB
Mem:          3.8G       3.7G       130M       5.7M        29M       3.2G

MemTotal:        4016004 kB
MemFree:          123452 kB
Active:           364056 kB
Mem:          3.8G       3.7G       120M       5.7M        29M       3.2G

MemTotal:        4016004 kB
MemFree:          133620 kB
Active:           364056 kB
Mem:          3.8G       3.7G       130M       5.7M        29M       3.2G

MemTotal:        4016004 kB
MemFree:          104856 kB
Active:           364064 kB
Mem:          3.8G       3.7G       125M       5.7M        29M       3.2G

MemTotal:        4016004 kB
MemFree:          129676 kB
Active:           364064 kB
Mem:          3.8G       3.7G       126M       5.7M        29M       3.2G

MemTotal:        4016004 kB
MemFree:          124984 kB
Active:           364064 kB
Mem:          3.8G       3.7G       121M       5.7M        29M       3.2G

MemTotal:        4016004 kB
MemFree:          111064 kB
Active:           362656 kB
Mem:          3.8G       3.7G       107M       5.7M        29M       3.2G

MemTotal:        4016004 kB
MemFree:          124980 kB
Active:           362428 kB
Mem:          3.8G       3.7G       121M       5.7M        29M       3.2G

MemTotal:        4016004 kB
MemFree:          144460 kB
Active:           362440 kB
Mem:          3.8G       3.7G       140M       5.7M        29M       3.2G

MemTotal:        4016004 kB
MemFree:          146472 kB
Active:           362440 kB
Mem:          3.8G       3.7G       142M       5.7M        29M       3.2G

MemTotal:        4016004 kB
MemFree:          124172 kB
Active:           362440 kB
Mem:          3.8G       3.7G       121M       5.7M        29M       3.2G

MemTotal:        4016004 kB
MemFree:          116704 kB
Active:           362440 kB
Mem:          3.8G       3.7G       113M       5.7M        29M       3.2G

MemTotal:        4016004 kB
MemFree:          134532 kB
Active:           362456 kB
Mem:          3.8G       3.7G       130M       5.7M        29M       3.2G

MemTotal:        4016004 kB
MemFree:          133904 kB
Active:           362464 kB
Mem:          3.8G       3.7G       130M       5.7M        29M       3.2G

MemTotal:        4016004 kB
MemFree:          134096 kB
Active:           362464 kB
Mem:          3.8G       3.7G       130M       5.7M        29M       3.2G

MemTotal:        4016004 kB
MemFree:          109548 kB
Active:           362636 kB
Mem:          3.8G       3.7G       106M       5.7M        29M       3.2G

MemTotal:        4016004 kB
MemFree:          135244 kB
Active:           362472 kB
Mem:          3.8G       3.7G       131M       5.7M        29M       3.2G

MemTotal:        4016004 kB
MemFree:          142448 kB
Active:           362472 kB
Mem:          3.8G       3.7G       138M       5.7M        29M       3.2G

MemTotal:        4016004 kB
MemFree:          132804 kB
Active:           362480 kB
Mem:          3.8G       3.7G       129M       5.7M        29M       3.2G

MemTotal:        4016004 kB
MemFree:          122276 kB
Active:           362480 kB
Mem:          3.8G       3.7G       118M       5.7M        29M       3.2G

MemTotal:        4016004 kB
MemFree:          106652 kB
Active:           362200 kB
Mem:          3.8G       3.7G       104M       5.7M        29M       3.2G

MemTotal:        4016004 kB
MemFree:          106652 kB
Active:           362200 kB
Mem:          3.8G       3.7G       104M       5.7M        29M       3.2G

MemTotal:        4016004 kB
MemFree:          106652 kB
Active:           362200 kB
Mem:          3.8G       3.7G       104M       5.7M        29M       3.2G

MemTotal:        4016004 kB
MemFree:          106652 kB
Active:           362200 kB
Mem:          3.8G       3.7G       104M       5.7M        29M       3.2G

MemTotal:        4016004 kB
MemFree:          106652 kB
Active:           362208 kB
Mem:          3.8G       3.7G       104M       5.7M        29M       3.2G

MemTotal:        4016004 kB
MemFree:          106652 kB
Active:           362208 kB
Mem:          3.8G       3.7G       104M       5.7M        29M       3.2G

MemTotal:        4016004 kB
MemFree:          106652 kB
Active:           362212 kB
Mem:          3.8G       3.7G       104M       5.7M        29M       3.2G

MemTotal:        4016004 kB
MemFree:          106652 kB
Active:           362216 kB
Mem:          3.8G       3.7G       104M       5.7M        29M       3.2G

MemTotal:        4016004 kB
MemFree:          106652 kB
Active:           362220 kB
Mem:          3.8G       3.7G       104M       5.7M        29M       3.2G

MemTotal:        4016004 kB
MemFree:          106652 kB
Active:           362224 kB
Mem:          3.8G       3.7G       104M       5.7M        29M       3.2G

MemTotal:        4016004 kB
MemFree:          106652 kB
Active:           362224 kB
Mem:          3.8G       3.7G       104M       5.7M        29M       3.2G

MemTotal:        4016004 kB
MemFree:          106652 kB
Active:           362224 kB
Mem:          3.8G       3.7G       104M       5.7M        29M       3.2G

MemTotal:        4016004 kB
MemFree:          106652 kB
Active:           362232 kB
Mem:          3.8G       3.7G       104M       5.7M        29M       3.2G

MemTotal:        4016004 kB
MemFree:          106776 kB
Active:           362232 kB
Mem:          3.8G       3.7G       104M       5.7M        29M       3.2G

MemTotal:        4016004 kB
MemFree:          106776 kB
Active:           362232 kB
