MemTotal:        4016004 kB
MemFree:         3235252 kB
Active:           424996 kB
Mem:          3.8G       762M       3.1G       5.7M        55M       319M

MemTotal:        4016004 kB
MemFree:         3235432 kB
Active:           425028 kB
Mem:          3.8G       762M       3.1G       5.7M        55M       319M

MemTotal:        4016004 kB
MemFree:         3235680 kB
Active:           425096 kB
Mem:          3.8G       761M       3.1G       5.7M        55M       319M

MemTotal:        4016004 kB
MemFree:         3235432 kB
Active:           425104 kB
Mem:          3.8G       762M       3.1G       5.7M        55M       319M

MemTotal:        4016004 kB
MemFree:         3235804 kB
Active:           425104 kB
Mem:          3.8G       761M       3.1G       5.7M        55M       319M

MemTotal:        4016004 kB
MemFree:         3236300 kB
Active:           425060 kB
Mem:          3.8G       761M       3.1G       5.7M        55M       319M

MemTotal:        4016004 kB
MemFree:         3236160 kB
Active:           425088 kB
Mem:          3.8G       761M       3.1G       5.7M        55M       319M

MemTotal:        4016004 kB
MemFree:         3235184 kB
Active:           423308 kB
Mem:          3.8G       762M       3.1G       5.7M        55M       319M

MemTotal:        4016004 kB
MemFree:         3235868 kB
Active:           425096 kB
Mem:          3.8G       761M       3.1G       5.7M        55M       319M

MemTotal:        4016004 kB
MemFree:         3236348 kB
Active:           425072 kB
Mem:          3.8G       761M       3.1G       5.7M        55M       319M

MemTotal:        4016004 kB
MemFree:         3235960 kB
Active:           425124 kB
Mem:          3.8G       761M       3.1G       5.7M        55M       319M

MemTotal:        4016004 kB
MemFree:         3235820 kB
Active:           425092 kB
Mem:          3.8G       761M       3.1G       5.7M        55M       319M

MemTotal:        4016004 kB
MemFree:         3235680 kB
Active:           425116 kB
Mem:          3.8G       762M       3.1G       5.7M        55M       319M

MemTotal:        4016004 kB
MemFree:         3235292 kB
Active:           425128 kB
Mem:          3.8G       762M       3.1G       5.7M        55M       319M

MemTotal:        4016004 kB
MemFree:         3235648 kB
Active:           425108 kB
Mem:          3.8G       762M       3.1G       5.7M        55M       319M

MemTotal:        4016004 kB
MemFree:         3235756 kB
Active:           425080 kB
Mem:          3.8G       762M       3.1G       5.7M        55M       319M

MemTotal:        4016004 kB
MemFree:         3235540 kB
Active:           425116 kB
Mem:          3.8G       762M       3.1G       5.7M        55M       319M

MemTotal:        4016004 kB
MemFree:         3235664 kB
Active:           425108 kB
Mem:          3.8G       762M       3.1G       5.7M        55M       319M

MemTotal:        4016004 kB
MemFree:         3235788 kB
Active:           425132 kB
Mem:          3.8G       761M       3.1G       5.7M        55M       319M

MemTotal:        4016004 kB
MemFree:         3236160 kB
Active:           425124 kB
Mem:          3.8G       761M       3.1G       5.7M        55M       319M

MemTotal:        4016004 kB
MemFree:         3235540 kB
Active:           425100 kB
Mem:          3.8G       762M       3.1G       5.7M        55M       319M

MemTotal:        4016004 kB
MemFree:         3235292 kB
Active:           425140 kB
Mem:          3.8G       762M       3.1G       5.7M        55M       319M

MemTotal:        4016004 kB
MemFree:         3235664 kB
Active:           425116 kB
Mem:          3.8G       762M       3.1G       5.7M        55M       319M

MemTotal:        4016004 kB
MemFree:         3235540 kB
Active:           425108 kB
Mem:          3.8G       762M       3.1G       5.7M        55M       319M

MemTotal:        4016004 kB
MemFree:         3235168 kB
Active:           425140 kB
Mem:          3.8G       762M       3.1G       5.7M        55M       319M

MemTotal:        4016004 kB
MemFree:         3235044 kB
Active:           425140 kB
Mem:          3.8G       762M       3.1G       5.7M        55M       319M

MemTotal:        4016004 kB
MemFree:         3235168 kB
Active:           425140 kB
Mem:          3.8G       762M       3.1G       5.7M        55M       319M

MemTotal:        4016004 kB
MemFree:         3235088 kB
Active:           423220 kB
Mem:          3.8G       762M       3.1G       5.7M        55M       319M

MemTotal:        4016004 kB
MemFree:         3235228 kB
Active:           425152 kB
Mem:          3.8G       762M       3.1G       5.7M        55M       319M

MemTotal:        4016004 kB
MemFree:         3235600 kB
Active:           425116 kB
Mem:          3.8G       762M       3.1G       5.7M        55M       319M

MemTotal:        4016004 kB
MemFree:         3235600 kB
Active:           425144 kB
Mem:          3.8G       762M       3.1G       5.7M        55M       319M

MemTotal:        4016004 kB
MemFree:         3235104 kB
Active:           425152 kB
Mem:          3.8G       762M       3.1G       5.7M        55M       319M

MemTotal:        4016004 kB
MemFree:         3235476 kB
Active:           425128 kB
Mem:          3.8G       762M       3.1G       5.7M        55M       319M

MemTotal:        4016004 kB
MemFree:         3235972 kB
Active:           425116 kB
Mem:          3.8G       761M       3.1G       5.7M        55M       319M

MemTotal:        4016004 kB
MemFree:         3235832 kB
Active:           425156 kB
Mem:          3.8G       761M       3.1G       5.7M        55M       319M

MemTotal:        4016004 kB
MemFree:         3235940 kB
Active:           425136 kB
Mem:          3.8G       761M       3.1G       5.7M        55M       319M

MemTotal:        4016004 kB
MemFree:         3235972 kB
Active:           425152 kB
Mem:          3.8G       761M       3.1G       5.7M        55M       319M

MemTotal:        4016004 kB
MemFree:         3235600 kB
Active:           425164 kB
Mem:          3.8G       762M       3.1G       5.7M        55M       319M

MemTotal:        4016004 kB
MemFree:         3235972 kB
Active:           425136 kB
Mem:          3.8G       761M       3.1G       5.7M        55M       319M

MemTotal:        4016004 kB
MemFree:         3236096 kB
Active:           425160 kB
Mem:          3.8G       761M       3.1G       5.7M        55M       319M

MemTotal:        4016004 kB
MemFree:         3235600 kB
Active:           425176 kB
Mem:          3.8G       762M       3.1G       5.7M        55M       319M

MemTotal:        4016004 kB
MemFree:         3235848 kB
Active:           425160 kB
Mem:          3.8G       761M       3.1G       5.7M        55M       319M

MemTotal:        4016004 kB
MemFree:         3235848 kB
Active:           425132 kB
Mem:          3.8G       762M       3.1G       5.7M        55M       319M

MemTotal:        4016004 kB
MemFree:         3235940 kB
Active:           425168 kB
Mem:          3.8G       761M       3.1G       5.7M        55M       319M

MemTotal:        4016004 kB
MemFree:         3236220 kB
Active:           425140 kB
Mem:          3.8G       761M       3.1G       5.7M        55M       319M

MemTotal:        4016004 kB
MemFree:         3236096 kB
Active:           425160 kB
Mem:          3.8G       762M       3.1G       5.7M        55M       319M

MemTotal:        4016004 kB
MemFree:         3235848 kB
Active:           425144 kB
Mem:          3.8G       761M       3.1G       5.7M        55M       319M

MemTotal:        4016004 kB
MemFree:         3235600 kB
Active:           425188 kB
Mem:          3.8G       762M       3.1G       5.7M        55M       319M

MemTotal:        4016004 kB
MemFree:         3236096 kB
Active:           425192 kB
Mem:          3.8G       761M       3.1G       5.7M        55M       319M

MemTotal:        4016004 kB
MemFree:         3235724 kB
Active:           425200 kB
Mem:          3.8G       762M       3.1G       5.7M        55M       319M

MemTotal:        4016004 kB
MemFree:         3235600 kB
Active:           425168 kB
Mem:          3.8G       762M       3.1G       5.7M        55M       319M

MemTotal:        4016004 kB
MemFree:         3235476 kB
Active:           425184 kB
Mem:          3.8G       762M       3.1G       5.7M        55M       319M

MemTotal:        4016004 kB
MemFree:         3235632 kB
Active:           425220 kB
Mem:          3.8G       761M       3.1G       5.7M        55M       319M

MemTotal:        4016004 kB
MemFree:         3236004 kB
Active:           425180 kB
Mem:          3.8G       761M       3.1G       5.7M        55M       319M

MemTotal:        4016004 kB
MemFree:         3235880 kB
Active:           425216 kB
Mem:          3.8G       762M       3.1G       5.7M        55M       319M

MemTotal:        4016004 kB
MemFree:         3235756 kB
Active:           425176 kB
Mem:          3.8G       762M       3.1G       5.7M        55M       319M

MemTotal:        4016004 kB
MemFree:         3235880 kB
Active:           425180 kB
Mem:          3.8G       761M       3.1G       5.7M        55M       319M

MemTotal:        4016004 kB
MemFree:         3233956 kB
Active:           425172 kB
Mem:          3.8G       763M       3.1G       5.7M        55M       319M

MemTotal:        4016004 kB
MemFree:         3233444 kB
Active:           427256 kB
Mem:          3.8G       763M       3.1G       5.7M        55M       319M

MemTotal:        4016004 kB
MemFree:         3233428 kB
Active:           427256 kB
Mem:          3.8G       764M       3.1G       5.7M        55M       319M

MemTotal:        4016004 kB
MemFree:         3233536 kB
Active:           427252 kB
Mem:          3.8G       764M       3.1G       5.7M        55M       319M

MemTotal:        4016004 kB
MemFree:         3233552 kB
Active:           427228 kB
Mem:          3.8G       764M       3.1G       5.7M        55M       319M

MemTotal:        4016004 kB
MemFree:         3233552 kB
Active:           427232 kB
Mem:          3.8G       764M       3.1G       5.7M        55M       319M

MemTotal:        4016004 kB
MemFree:         3233180 kB
Active:           427264 kB
Mem:          3.8G       764M       3.1G       5.7M        55M       319M

MemTotal:        4016004 kB
MemFree:         3233552 kB
Active:           427236 kB
Mem:          3.8G       764M       3.1G       5.7M        55M       319M

MemTotal:        4016004 kB
MemFree:         3233676 kB
Active:           427220 kB
Mem:          3.8G       764M       3.1G       5.7M        55M       319M

MemTotal:        4016004 kB
MemFree:         3233552 kB
Active:           427264 kB
Mem:          3.8G       764M       3.1G       5.7M        55M       319M

MemTotal:        4016004 kB
MemFree:         3233552 kB
Active:           427264 kB
Mem:          3.8G       764M       3.1G       5.7M        55M       319M

MemTotal:        4016004 kB
MemFree:         3233412 kB
Active:           427216 kB
Mem:          3.8G       764M       3.1G       5.7M        55M       319M

MemTotal:        4016004 kB
MemFree:         3232948 kB
Active:           427264 kB
Mem:          3.8G       764M       3.1G       5.7M        55M       319M

MemTotal:        4016004 kB
MemFree:         3233212 kB
Active:           427216 kB
Mem:          3.8G       764M       3.1G       5.7M        55M       319M

MemTotal:        4016004 kB
MemFree:         3233460 kB
Active:           427240 kB
Mem:          3.8G       764M       3.1G       5.7M        55M       319M

MemTotal:        4016004 kB
MemFree:         3233584 kB
Active:           427208 kB
Mem:          3.8G       764M       3.1G       5.7M        55M       319M

MemTotal:        4016004 kB
MemFree:         3233180 kB
Active:           427268 kB
Mem:          3.8G       764M       3.1G       5.7M        55M       319M

MemTotal:        4016004 kB
MemFree:         3233428 kB
Active:           427236 kB
Mem:          3.8G       764M       3.1G       5.7M        55M       319M

MemTotal:        4016004 kB
MemFree:         3233460 kB
Active:           427256 kB
Mem:          3.8G       764M       3.1G       5.7M        55M       319M

MemTotal:        4016004 kB
MemFree:         3233196 kB
Active:           427276 kB
Mem:          3.8G       764M       3.1G       5.7M        55M       319M

MemTotal:        4016004 kB
MemFree:         3233460 kB
Active:           427224 kB
Mem:          3.8G       764M       3.1G       5.7M        55M       319M

MemTotal:        4016004 kB
MemFree:         3233584 kB
Active:           427252 kB
Mem:          3.8G       764M       3.1G       5.7M        55M       319M

MemTotal:        4016004 kB
MemFree:         3233692 kB
Active:           427232 kB
Mem:          3.8G       764M       3.1G       5.7M        55M       319M

MemTotal:        4016004 kB
MemFree:         3233412 kB
Active:           427380 kB
Mem:          3.8G       764M       3.1G       5.7M        55M       319M

MemTotal:        4016004 kB
MemFree:         3233272 kB
Active:           427288 kB
Mem:          3.8G       764M       3.1G       5.7M        55M       319M

MemTotal:        4016004 kB
MemFree:         3233584 kB
Active:           427228 kB
Mem:          3.8G       764M       3.1G       5.7M        55M       319M

MemTotal:        4016004 kB
MemFree:         3233584 kB
Active:           427240 kB
Mem:          3.8G       764M       3.1G       5.7M        55M       319M

MemTotal:        4016004 kB
MemFree:         3233460 kB
Active:           427464 kB
Mem:          3.8G       764M       3.1G       5.7M        55M       319M

MemTotal:        4016004 kB
MemFree:         3233460 kB
Active:           427272 kB
Mem:          3.8G       764M       3.1G       5.7M        55M       319M

MemTotal:        4016004 kB
MemFree:         3233304 kB
Active:           427256 kB
Mem:          3.8G       764M       3.1G       5.7M        55M       319M

MemTotal:        4016004 kB
MemFree:         3231224 kB
Active:           427280 kB
Mem:          3.8G       766M       3.1G       5.7M        55M       319M

MemTotal:        4016004 kB
MemFree:         3231032 kB
Active:           429408 kB
Mem:          3.8G       766M       3.1G       5.7M        55M       319M

MemTotal:        4016004 kB
MemFree:         3231628 kB
Active:           429320 kB
Mem:          3.8G       765M       3.1G       5.7M        55M       319M

MemTotal:        4016004 kB
MemFree:         3231736 kB
Active:           429396 kB
Mem:          3.8G       766M       3.1G       5.7M        55M       319M

MemTotal:        4016004 kB
MemFree:         3231628 kB
Active:           429328 kB
Mem:          3.8G       765M       3.1G       5.7M        55M       319M

MemTotal:        4016004 kB
MemFree:         3231644 kB
Active:           429416 kB
Mem:          3.8G       766M       3.1G       5.7M        55M       319M

MemTotal:        4016004 kB
MemFree:         3231520 kB
Active:           429448 kB
Mem:          3.8G       765M       3.1G       5.7M        55M       319M

MemTotal:        4016004 kB
MemFree:         3231636 kB
Active:           429348 kB
Mem:          3.8G       766M       3.1G       5.7M        55M       319M

MemTotal:        4016004 kB
MemFree:         3231156 kB
Active:           429472 kB
Mem:          3.8G       766M       3.1G       5.7M        55M       319M

MemTotal:        4016004 kB
MemFree:         3231608 kB
Active:           429396 kB
Mem:          3.8G       765M       3.1G       5.7M        55M       319M

MemTotal:        4016004 kB
MemFree:         3231608 kB
Active:           429332 kB
Mem:          3.8G       766M       3.1G       5.7M        55M       319M

MemTotal:        4016004 kB
MemFree:         3231264 kB
Active:           429484 kB
Mem:          3.8G       766M       3.1G       5.7M        55M       319M

MemTotal:        4016004 kB
MemFree:         3231456 kB
Active:           429332 kB
Mem:          3.8G       766M       3.1G       5.7M        55M       319M

MemTotal:        4016004 kB
MemFree:         3231192 kB
Active:           429592 kB
Mem:          3.8G       766M       3.1G       5.7M        55M       319M

MemTotal:        4016004 kB
MemFree:         3188124 kB
Active:           430464 kB
Mem:          3.8G       808M       3.0G       5.7M        55M       361M

MemTotal:        4016004 kB
MemFree:         3141856 kB
Active:           430584 kB
Mem:          3.8G       854M       3.0G       5.7M        55M       405M

MemTotal:        4016004 kB
MemFree:         3097352 kB
Active:           430604 kB
Mem:          3.8G       897M       3.0G       5.7M        55M       448M

MemTotal:        4016004 kB
MemFree:         3051004 kB
Active:           430644 kB
Mem:          3.8G       942M       2.9G       5.7M        55M       492M

MemTotal:        4016004 kB
MemFree:         3004764 kB
Active:           430668 kB
Mem:          3.8G       987M       2.9G       5.7M        56M       537M

MemTotal:        4016004 kB
MemFree:         2959920 kB
Active:           430692 kB
Mem:          3.8G       1.0G       2.8G       5.7M        56M       579M

MemTotal:        4016004 kB
MemFree:         2958864 kB
Active:           428744 kB
Mem:          3.8G       1.0G       2.8G       5.7M        56M       579M

MemTotal:        4016004 kB
MemFree:         2950204 kB
Active:           430796 kB
Mem:          3.8G       1.0G       2.8G       5.7M        56M       589M

MemTotal:        4016004 kB
MemFree:         2903964 kB
Active:           430824 kB
Mem:          3.8G       1.1G       2.8G       5.7M        56M       633M

MemTotal:        4016004 kB
MemFree:         2857492 kB
Active:           430848 kB
Mem:          3.8G       1.1G       2.7G       5.7M        56M       678M

MemTotal:        4016004 kB
MemFree:         2812880 kB
Active:           430872 kB
Mem:          3.8G       1.1G       2.7G       5.7M        56M       721M

MemTotal:        4016004 kB
MemFree:         2766392 kB
Active:           430900 kB
Mem:          3.8G       1.2G       2.6G       5.7M        56M       765M

MemTotal:        4016004 kB
MemFree:         2721780 kB
Active:           430920 kB
Mem:          3.8G       1.2G       2.6G       5.7M        56M       810M

MemTotal:        4016004 kB
MemFree:         2675556 kB
Active:           430944 kB
Mem:          3.8G       1.3G       2.6G       5.7M        56M       853M

MemTotal:        4016004 kB
MemFree:         2629840 kB
Active:           430972 kB
Mem:          3.8G       1.3G       2.5G       5.7M        56M       896M

MemTotal:        4016004 kB
MemFree:         2584696 kB
Active:           431000 kB
Mem:          3.8G       1.4G       2.5G       5.7M        56M       940M

MemTotal:        4016004 kB
MemFree:         2573296 kB
Active:           429052 kB
Mem:          3.8G       1.4G       2.5G       5.7M        56M       950M

MemTotal:        4016004 kB
MemFree:         2573612 kB
Active:           431100 kB
Mem:          3.8G       1.4G       2.5G       5.7M        56M       950M

MemTotal:        4016004 kB
MemFree:         2529380 kB
Active:           431124 kB
Mem:          3.8G       1.4G       2.4G       5.7M        56M       993M

MemTotal:        4016004 kB
MemFree:         2482784 kB
Active:           431152 kB
Mem:          3.8G       1.5G       2.4G       5.7M        56M       1.0G

MemTotal:        4016004 kB
MemFree:         2437040 kB
Active:           431176 kB
Mem:          3.8G       1.5G       2.3G       5.7M        56M       1.1G

MemTotal:        4016004 kB
MemFree:         2428416 kB
Active:           431184 kB
Mem:          3.8G       1.5G       2.3G       5.7M        56M       1.1G

MemTotal:        4016004 kB
MemFree:         2428080 kB
Active:           431196 kB
Mem:          3.8G       1.5G       2.3G       5.7M        56M       1.1G

MemTotal:        4016004 kB
MemFree:         2411744 kB
Active:           431212 kB
Mem:          3.8G       1.5G       2.3G       5.7M        56M       1.1G

MemTotal:        4016004 kB
MemFree:         2365444 kB
Active:           431240 kB
Mem:          3.8G       1.6G       2.3G       5.7M        56M       1.1G

MemTotal:        4016004 kB
MemFree:         2320616 kB
Active:           431264 kB
Mem:          3.8G       1.6G       2.2G       5.7M        56M       1.2G

MemTotal:        4016004 kB
MemFree:         2274376 kB
Active:           431280 kB
Mem:          3.8G       1.7G       2.2G       5.7M        56M       1.2G

MemTotal:        4016004 kB
MemFree:         2228152 kB
Active:           431308 kB
Mem:          3.8G       1.7G       2.1G       5.7M        56M       1.3G

MemTotal:        4016004 kB
MemFree:         2183292 kB
Active:           431332 kB
Mem:          3.8G       1.7G       2.1G       5.7M        56M       1.3G

MemTotal:        4016004 kB
MemFree:         2137176 kB
Active:           431356 kB
Mem:          3.8G       1.8G       2.0G       5.7M        56M       1.3G

MemTotal:        4016004 kB
MemFree:         2092440 kB
Active:           431380 kB
Mem:          3.8G       1.8G       2.0G       5.7M        56M       1.4G

MemTotal:        4016004 kB
MemFree:         2046364 kB
Active:           431400 kB
Mem:          3.8G       1.9G       2.0G       5.7M        56M       1.4G

MemTotal:        4016004 kB
MemFree:         2030708 kB
Active:           431424 kB
Mem:          3.8G       1.9G       1.9G       5.7M        56M       1.4G

MemTotal:        4016004 kB
MemFree:         2010204 kB
Active:           431440 kB
Mem:          3.8G       1.9G       1.9G       5.7M        56M       1.5G

MemTotal:        4016004 kB
MemFree:         1964708 kB
Active:           431460 kB
Mem:          3.8G       2.0G       1.9G       5.7M        56M       1.5G

MemTotal:        4016004 kB
MemFree:         1918608 kB
Active:           431488 kB
Mem:          3.8G       2.0G       1.8G       5.7M        56M       1.5G

MemTotal:        4016004 kB
MemFree:         1873260 kB
Active:           431988 kB
Mem:          3.8G       2.0G       1.8G       5.7M        56M       1.6G

MemTotal:        4016004 kB
MemFree:         1858336 kB
Active:           431996 kB
Mem:          3.8G       2.1G       1.8G       5.7M        56M       1.6G

MemTotal:        4016004 kB
MemFree:         1833596 kB
Active:           432036 kB
Mem:          3.8G       2.1G       1.7G       5.7M        56M       1.6G

MemTotal:        4016004 kB
MemFree:         1788968 kB
Active:           432056 kB
Mem:          3.8G       2.1G       1.7G       5.7M        56M       1.7G

MemTotal:        4016004 kB
MemFree:         1742484 kB
Active:           432080 kB
Mem:          3.8G       2.2G       1.7G       5.7M        56M       1.7G

MemTotal:        4016004 kB
MemFree:         1696480 kB
Active:           432104 kB
Mem:          3.8G       2.2G       1.6G       5.7M        56M       1.8G

MemTotal:        4016004 kB
MemFree:         1652364 kB
Active:           432124 kB
Mem:          3.8G       2.3G       1.6G       5.7M        56M       1.8G

MemTotal:        4016004 kB
MemFree:         1606000 kB
Active:           432152 kB
Mem:          3.8G       2.3G       1.5G       5.7M        56M       1.8G

MemTotal:        4016004 kB
MemFree:         1559776 kB
Active:           432180 kB
Mem:          3.8G       2.3G       1.5G       5.7M        56M       1.9G

MemTotal:        4016004 kB
MemFree:         1514916 kB
Active:           432200 kB
Mem:          3.8G       2.4G       1.4G       5.7M        56M       1.9G

MemTotal:        4016004 kB
MemFree:         1469488 kB
Active:           432224 kB
Mem:          3.8G       2.4G       1.4G       5.7M        56M       2.0G

MemTotal:        4016004 kB
MemFree:         1422800 kB
Active:           432256 kB
Mem:          3.8G       2.5G       1.4G       5.7M        56M       2.0G

MemTotal:        4016004 kB
MemFree:         1403072 kB
Active:           432272 kB
Mem:          3.8G       2.5G       1.3G       5.7M        56M       2.0G

MemTotal:        4016004 kB
MemFree:         1358460 kB
Active:           432300 kB
Mem:          3.8G       2.5G       1.3G       5.7M        56M       2.1G

MemTotal:        4016004 kB
MemFree:         1312748 kB
Active:           432324 kB
Mem:          3.8G       2.6G       1.3G       5.7M        56M       2.1G

MemTotal:        4016004 kB
MemFree:         1267360 kB
Active:           432352 kB
Mem:          3.8G       2.6G       1.2G       5.7M        56M       2.2G

MemTotal:        4016004 kB
MemFree:         1220980 kB
Active:           432384 kB
Mem:          3.8G       2.7G       1.2G       5.7M        56M       2.2G

MemTotal:        4016004 kB
MemFree:         1217352 kB
Active:           432396 kB
Mem:          3.8G       2.7G       1.2G       5.7M        56M       2.2G

MemTotal:        4016004 kB
MemFree:         1214596 kB
Active:           432444 kB
Mem:          3.8G       2.7G       1.2G       5.7M        56M       2.2G

MemTotal:        4016004 kB
MemFree:         1167180 kB
Active:           434452 kB
Mem:          3.8G       2.7G       1.1G       5.7M        57M       2.2G

MemTotal:        4016004 kB
MemFree:         1122976 kB
Active:           434452 kB
Mem:          3.8G       2.8G       1.1G       5.7M        57M       2.3G

MemTotal:        4016004 kB
MemFree:         1076752 kB
Active:           434476 kB
Mem:          3.8G       2.8G       1.0G       5.7M        57M       2.3G

MemTotal:        4016004 kB
MemFree:         1030512 kB
Active:           434504 kB
Mem:          3.8G       2.8G       1.0G       5.7M        57M       2.4G

MemTotal:        4016004 kB
MemFree:          985652 kB
Active:           434524 kB
Mem:          3.8G       2.9G       962M       5.7M        57M       2.4G

MemTotal:        4016004 kB
MemFree:          939552 kB
Active:           434548 kB
Mem:          3.8G       2.9G       917M       5.7M        57M       2.5G

MemTotal:        4016004 kB
MemFree:          894676 kB
Active:           434568 kB
Mem:          3.8G       3.0G       871M       5.7M        57M       2.5G

MemTotal:        4016004 kB
MemFree:          873812 kB
Active:           434592 kB
Mem:          3.8G       3.0G       853M       5.7M        57M       2.5G

MemTotal:        4016004 kB
MemFree:          827824 kB
Active:           434640 kB
Mem:          3.8G       3.0G       808M       5.7M        57M       2.6G

MemTotal:        4016004 kB
MemFree:          783512 kB
Active:           434660 kB
Mem:          3.8G       3.1G       764M       5.7M        57M       2.6G

MemTotal:        4016004 kB
MemFree:          737748 kB
Active:           434700 kB
Mem:          3.8G       3.1G       718M       5.7M        57M       2.7G

MemTotal:        4016004 kB
MemFree:          691312 kB
Active:           434720 kB
Mem:          3.8G       3.2G       674M       5.7M        57M       2.7G

MemTotal:        4016004 kB
MemFree:          645920 kB
Active:           434740 kB
Mem:          3.8G       3.2G       630M       5.7M        57M       2.7G

MemTotal:        4016004 kB
MemFree:          600024 kB
Active:           434776 kB
Mem:          3.8G       3.3G       585M       5.7M        57M       2.8G

MemTotal:        4016004 kB
MemFree:          553692 kB
Active:           434804 kB
Mem:          3.8G       3.3G       540M       5.7M        57M       2.8G

MemTotal:        4016004 kB
MemFree:          508912 kB
Active:           434828 kB
Mem:          3.8G       3.3G       496M       5.7M        57M       2.9G

MemTotal:        4016004 kB
MemFree:          463116 kB
Active:           434848 kB
Mem:          3.8G       3.4G       452M       5.7M        57M       2.9G

MemTotal:        4016004 kB
MemFree:          418352 kB
Active:           434872 kB
Mem:          3.8G       3.4G       408M       5.7M        57M       2.9G

MemTotal:        4016004 kB
MemFree:          372268 kB
Active:           434908 kB
Mem:          3.8G       3.5G       363M       5.7M        57M       3.0G

MemTotal:        4016004 kB
MemFree:          325920 kB
Active:           434932 kB
Mem:          3.8G       3.5G       318M       5.7M        57M       3.0G

MemTotal:        4016004 kB
MemFree:          281060 kB
Active:           434952 kB
Mem:          3.8G       3.6G       274M       5.7M        57M       3.1G

MemTotal:        4016004 kB
MemFree:          235432 kB
Active:           434976 kB
Mem:          3.8G       3.6G       228M       5.7M        57M       3.1G

MemTotal:        4016004 kB
MemFree:          188868 kB
Active:           435008 kB
Mem:          3.8G       3.7G       184M       5.7M        57M       3.2G

MemTotal:        4016004 kB
MemFree:          143588 kB
Active:           435036 kB
Mem:          3.8G       3.7G       139M       5.7M        57M       3.2G

MemTotal:        4016004 kB
MemFree:          134372 kB
Active:           431716 kB
Mem:          3.8G       3.7G       130M       5.7M        24M       3.2G

MemTotal:        4016004 kB
MemFree:          122032 kB
Active:           445356 kB
Mem:          3.8G       3.7G       118M       5.7M        22M       3.3G

MemTotal:        4016004 kB
MemFree:          108936 kB
Active:           461696 kB
Mem:          3.8G       3.7G       152M       5.7M        22M       3.2G

MemTotal:        4016004 kB
MemFree:          136372 kB
Active:           498100 kB
Mem:          3.8G       3.7G       132M       5.7M        22M       3.2G

MemTotal:        4016004 kB
MemFree:          136208 kB
Active:           498104 kB
Mem:          3.8G       3.7G       133M       5.7M        22M       3.2G

MemTotal:        4016004 kB
MemFree:          136336 kB
Active:           498104 kB
Mem:          3.8G       3.7G       133M       5.7M        22M       3.2G

MemTotal:        4016004 kB
MemFree:          134908 kB
Active:           494668 kB
Mem:          3.8G       3.7G       131M       5.7M        22M       3.3G

MemTotal:        4016004 kB
MemFree:          124892 kB
Active:           491244 kB
Mem:          3.8G       3.7G       121M       5.7M        22M       3.3G

MemTotal:        4016004 kB
MemFree:          129260 kB
Active:           485420 kB
Mem:          3.8G       3.7G       125M       5.7M        22M       3.3G

MemTotal:        4016004 kB
MemFree:          143780 kB
Active:           476032 kB
Mem:          3.8G       3.7G       140M       5.7M        22M       3.2G

MemTotal:        4016004 kB
MemFree:          135748 kB
Active:           472596 kB
Mem:          3.8G       3.7G       130M       5.7M        22M       3.3G

MemTotal:        4016004 kB
MemFree:          116664 kB
Active:           467984 kB
Mem:          3.8G       3.7G       113M       5.7M        22M       3.3G

MemTotal:        4016004 kB
MemFree:          136780 kB
Active:           461492 kB
Mem:          3.8G       3.7G       133M       5.7M        22M       3.2G

MemTotal:        4016004 kB
MemFree:          140248 kB
Active:           456524 kB
Mem:          3.8G       3.7G       136M       5.7M        22M       3.2G

MemTotal:        4016004 kB
MemFree:          106504 kB
Active:           455024 kB
Mem:          3.8G       3.7G       103M       5.7M        22M       3.3G

MemTotal:        4016004 kB
MemFree:          155568 kB
Active:           448236 kB
Mem:          3.8G       3.7G       151M       5.7M        22M       3.2G

MemTotal:        4016004 kB
MemFree:          109692 kB
Active:           448260 kB
Mem:          3.8G       3.7G       106M       5.7M        22M       3.3G

MemTotal:        4016004 kB
MemFree:          125220 kB
Active:           442788 kB
Mem:          3.8G       3.7G       121M       5.7M        22M       3.3G

MemTotal:        4016004 kB
MemFree:          116528 kB
Active:           441532 kB
Mem:          3.8G       3.7G       112M       5.7M        22M       3.3G

MemTotal:        4016004 kB
MemFree:          117468 kB
Active:           439896 kB
Mem:          3.8G       3.7G       114M       5.7M        22M       3.3G

MemTotal:        4016004 kB
MemFree:          126536 kB
Active:           437872 kB
Mem:          3.8G       3.7G       123M       5.7M        22M       3.3G

MemTotal:        4016004 kB
MemFree:          129824 kB
Active:           436616 kB
Mem:          3.8G       3.7G       126M       5.7M        22M       3.3G

MemTotal:        4016004 kB
MemFree:          131472 kB
Active:           435608 kB
Mem:          3.8G       3.7G       128M       5.7M        22M       3.2G

MemTotal:        4016004 kB
MemFree:          126944 kB
Active:           434484 kB
Mem:          3.8G       3.7G       123M       5.7M        22M       3.3G

MemTotal:        4016004 kB
MemFree:          112588 kB
Active:           433476 kB
Mem:          3.8G       3.7G       109M       5.7M        22M       3.3G

MemTotal:        4016004 kB
MemFree:          114572 kB
Active:           431152 kB
Mem:          3.8G       3.7G       111M       5.7M        22M       3.3G

MemTotal:        4016004 kB
MemFree:          128100 kB
Active:           427980 kB
Mem:          3.8G       3.7G       125M       5.7M        22M       3.3G

MemTotal:        4016004 kB
MemFree:          114676 kB
Active:           427236 kB
Mem:          3.8G       3.7G       111M       5.7M        22M       3.3G

MemTotal:        4016004 kB
MemFree:          109768 kB
Active:           427256 kB
Mem:          3.8G       3.7G       106M       5.7M        22M       3.3G

MemTotal:        4016004 kB
MemFree:          107564 kB
Active:           425740 kB
Mem:          3.8G       3.7G       104M       5.7M        22M       3.3G

MemTotal:        4016004 kB
MemFree:          134128 kB
Active:           423460 kB
Mem:          3.8G       3.7G       130M       5.7M        22M       3.2G

MemTotal:        4016004 kB
MemFree:          125088 kB
Active:           422328 kB
Mem:          3.8G       3.7G       121M       5.7M        22M       3.3G

MemTotal:        4016004 kB
MemFree:          126324 kB
Active:           420700 kB
Mem:          3.8G       3.7G       123M       5.7M        22M       3.3G

MemTotal:        4016004 kB
MemFree:          131544 kB
Active:           420320 kB
Mem:          3.8G       3.7G       128M       5.7M        22M       3.2G

MemTotal:        4016004 kB
MemFree:          131888 kB
Active:           420320 kB
Mem:          3.8G       3.7G       128M       5.7M        22M       3.2G

MemTotal:        4016004 kB
MemFree:          131288 kB
Active:           417996 kB
Mem:          3.8G       3.7G       128M       5.7M        22M       3.2G

MemTotal:        4016004 kB
MemFree:          112880 kB
Active:           418888 kB
Mem:          3.8G       3.7G       124M       5.7M        22M       3.3G

MemTotal:        4016004 kB
MemFree:          121552 kB
Active:           416608 kB
Mem:          3.8G       3.7G       118M       5.7M        22M       3.3G

MemTotal:        4016004 kB
MemFree:          111520 kB
Active:           415484 kB
Mem:          3.8G       3.7G       108M       5.7M        22M       3.3G

MemTotal:        4016004 kB
MemFree:          127072 kB
Active:           413716 kB
Mem:          3.8G       3.7G       123M       5.7M        23M       3.3G

MemTotal:        4016004 kB
MemFree:          123256 kB
Active:           412200 kB
Mem:          3.8G       3.7G       120M       5.7M        23M       3.3G

MemTotal:        4016004 kB
MemFree:          107396 kB
Active:           411204 kB
Mem:          3.8G       3.7G       104M       5.7M        23M       3.3G

MemTotal:        4016004 kB
MemFree:          134712 kB
Active:           406992 kB
Mem:          3.8G       3.7G       131M       5.7M        23M       3.2G

MemTotal:        4016004 kB
MemFree:          136184 kB
Active:           405232 kB
Mem:          3.8G       3.7G       132M       5.7M        23M       3.2G

MemTotal:        4016004 kB
MemFree:          127084 kB
Active:           403984 kB
Mem:          3.8G       3.7G       123M       5.7M        23M       3.3G

MemTotal:        4016004 kB
MemFree:          118708 kB
Active:           403032 kB
Mem:          3.8G       3.7G       115M       5.7M        23M       3.3G

MemTotal:        4016004 kB
MemFree:          109256 kB
Active:           401904 kB
Mem:          3.8G       3.7G       106M       5.7M        23M       3.3G

MemTotal:        4016004 kB
MemFree:          124428 kB
Active:           398020 kB
Mem:          3.8G       3.7G       121M       5.7M        23M       3.3G

MemTotal:        4016004 kB
MemFree:          128308 kB
Active:           396392 kB
Mem:          3.8G       3.7G       124M       5.7M        23M       3.3G

MemTotal:        4016004 kB
MemFree:          136712 kB
Active:           394756 kB
Mem:          3.8G       3.7G       133M       5.7M        23M       3.2G

MemTotal:        4016004 kB
MemFree:          127200 kB
Active:           393500 kB
Mem:          3.8G       3.7G       123M       5.7M        23M       3.3G

MemTotal:        4016004 kB
MemFree:          119348 kB
Active:           392372 kB
Mem:          3.8G       3.7G       116M       5.7M        23M       3.3G

MemTotal:        4016004 kB
MemFree:          121296 kB
Active:           390472 kB
Mem:          3.8G       3.7G       117M       5.7M        23M       3.3G

MemTotal:        4016004 kB
MemFree:          123804 kB
Active:           388840 kB
Mem:          3.8G       3.7G       120M       5.7M        23M       3.3G

MemTotal:        4016004 kB
MemFree:          138960 kB
Active:           386688 kB
Mem:          3.8G       3.7G       135M       5.7M        23M       3.2G

MemTotal:        4016004 kB
MemFree:          129300 kB
Active:           385556 kB
Mem:          3.8G       3.7G       125M       5.7M        23M       3.3G

MemTotal:        4016004 kB
MemFree:          119656 kB
Active:           384432 kB
Mem:          3.8G       3.7G       116M       5.7M        23M       3.3G

MemTotal:        4016004 kB
MemFree:          122416 kB
Active:           382800 kB
Mem:          3.8G       3.7G       119M       5.7M        23M       3.3G

MemTotal:        4016004 kB
MemFree:          112068 kB
Active:           381548 kB
Mem:          3.8G       3.7G       109M       5.7M        23M       3.3G

MemTotal:        4016004 kB
MemFree:          128108 kB
Active:           379888 kB
Mem:          3.8G       3.7G       125M       5.7M        23M       3.3G

MemTotal:        4016004 kB
MemFree:          106280 kB
Active:           378520 kB
Mem:          3.8G       3.7G       103M       5.7M        23M       3.3G

MemTotal:        4016004 kB
MemFree:          134168 kB
Active:           376244 kB
Mem:          3.8G       3.7G       130M       5.7M        23M       3.2G

MemTotal:        4016004 kB
MemFree:          132200 kB
Active:           375636 kB
Mem:          3.8G       3.7G       128M       5.7M        23M       3.2G

MemTotal:        4016004 kB
MemFree:          130948 kB
Active:           375584 kB
Mem:          3.8G       3.7G       127M       5.7M        23M       3.2G

MemTotal:        4016004 kB
MemFree:          130572 kB
Active:           375636 kB
Mem:          3.8G       3.7G       127M       5.7M        23M       3.2G

MemTotal:        4016004 kB
MemFree:          130708 kB
Active:           375620 kB
Mem:          3.8G       3.7G       127M       5.7M        23M       3.2G

MemTotal:        4016004 kB
MemFree:          124012 kB
Active:           375536 kB
Mem:          3.8G       3.7G       120M       5.7M        23M       3.3G

MemTotal:        4016004 kB
MemFree:          109640 kB
Active:           375580 kB
Mem:          3.8G       3.7G       106M       5.7M        23M       3.3G

MemTotal:        4016004 kB
MemFree:          125208 kB
Active:           375592 kB
Mem:          3.8G       3.7G       132M       5.7M        23M       3.2G

MemTotal:        4016004 kB
MemFree:          132464 kB
Active:           375456 kB
Mem:          3.8G       3.7G       128M       5.7M        23M       3.2G

MemTotal:        4016004 kB
MemFree:          135052 kB
Active:           375512 kB
Mem:          3.8G       3.7G       131M       5.7M        23M       3.2G

MemTotal:        4016004 kB
MemFree:          126292 kB
Active:           375512 kB
Mem:          3.8G       3.7G       122M       5.7M        23M       3.3G

MemTotal:        4016004 kB
MemFree:          128676 kB
Active:           375536 kB
Mem:          3.8G       3.7G       125M       5.7M        23M       3.2G

MemTotal:        4016004 kB
MemFree:          119728 kB
Active:           375600 kB
Mem:          3.8G       3.7G       116M       5.7M        23M       3.3G

MemTotal:        4016004 kB
MemFree:          125220 kB
Active:           372552 kB
Mem:          3.8G       3.7G       121M       5.7M        23M       3.3G

MemTotal:        4016004 kB
MemFree:          115260 kB
Active:           372744 kB
Mem:          3.8G       3.7G       112M       5.7M        23M       3.3G

MemTotal:        4016004 kB
MemFree:          107164 kB
Active:           372724 kB
Mem:          3.8G       3.7G       104M       5.7M        23M       3.3G

MemTotal:        4016004 kB
MemFree:          114820 kB
Active:           372768 kB
Mem:          3.8G       3.7G       111M       5.7M        23M       3.3G

MemTotal:        4016004 kB
MemFree:          106200 kB
Active:           372812 kB
Mem:          3.8G       3.7G       103M       5.7M        23M       3.3G

MemTotal:        4016004 kB
MemFree:          122200 kB
Active:           372852 kB
Mem:          3.8G       3.7G       119M       5.7M        23M       3.3G

MemTotal:        4016004 kB
MemFree:          121768 kB
Active:           372852 kB
Mem:          3.8G       3.7G       118M       5.7M        23M       3.3G

MemTotal:        4016004 kB
MemFree:          121952 kB
Active:           372812 kB
Mem:          3.8G       3.7G       119M       5.7M        23M       3.3G

MemTotal:        4016004 kB
MemFree:          116548 kB
Active:           372832 kB
Mem:          3.8G       3.7G       113M       5.7M        23M       3.3G

MemTotal:        4016004 kB
MemFree:          107000 kB
Active:           372792 kB
Mem:          3.8G       3.7G       103M       5.7M        23M       3.3G

MemTotal:        4016004 kB
MemFree:          115956 kB
Active:           372828 kB
Mem:          3.8G       3.7G       112M       5.7M        23M       3.3G

MemTotal:        4016004 kB
MemFree:          106184 kB
Active:           372492 kB
Mem:          3.8G       3.7G       103M       5.7M        23M       3.3G

MemTotal:        4016004 kB
MemFree:          115000 kB
Active:           371396 kB
Mem:          3.8G       3.7G       110M       5.7M        23M       3.3G

MemTotal:        4016004 kB
MemFree:          105108 kB
Active:           371424 kB
Mem:          3.8G       3.7G       102M       5.7M        24M       3.3G

MemTotal:        4016004 kB
MemFree:          131780 kB
Active:           371272 kB
Mem:          3.8G       3.7G       128M       5.7M        24M       3.2G

MemTotal:        4016004 kB
MemFree:          130940 kB
Active:           371332 kB
Mem:          3.8G       3.7G       127M       5.7M        24M       3.2G

MemTotal:        4016004 kB
MemFree:          121496 kB
Active:           371392 kB
Mem:          3.8G       3.7G       118M       5.7M        24M       3.3G

MemTotal:        4016004 kB
MemFree:          123340 kB
Active:           371380 kB
Mem:          3.8G       3.7G       119M       5.7M        24M       3.3G

MemTotal:        4016004 kB
MemFree:          115136 kB
Active:           371424 kB
Mem:          3.8G       3.7G       111M       5.7M        24M       3.3G

MemTotal:        4016004 kB
MemFree:          105352 kB
Active:           371416 kB
Mem:          3.8G       3.7G       102M       5.7M        24M       3.3G

MemTotal:        4016004 kB
MemFree:          132756 kB
Active:           371196 kB
Mem:          3.8G       3.7G       129M       5.7M        24M       3.2G

MemTotal:        4016004 kB
MemFree:          116904 kB
Active:           371236 kB
Mem:          3.8G       3.7G       113M       5.7M        24M       3.3G

MemTotal:        4016004 kB
MemFree:          112200 kB
Active:           371220 kB
Mem:          3.8G       3.7G       109M       5.7M        24M       3.3G

MemTotal:        4016004 kB
MemFree:          105680 kB
Active:           369832 kB
Mem:          3.8G       3.7G       102M       5.7M        24M       3.3G

MemTotal:        4016004 kB
MemFree:          108648 kB
Active:           369836 kB
Mem:          3.8G       3.7G       105M       5.7M        24M       3.3G

MemTotal:        4016004 kB
MemFree:          124660 kB
Active:           369856 kB
Mem:          3.8G       3.7G       121M       5.7M        24M       3.3G

MemTotal:        4016004 kB
MemFree:          128308 kB
Active:           369896 kB
Mem:          3.8G       3.7G       124M       5.7M        24M       3.2G

MemTotal:        4016004 kB
MemFree:          130056 kB
Active:           369908 kB
Mem:          3.8G       3.7G       126M       5.7M        24M       3.2G

MemTotal:        4016004 kB
MemFree:          132316 kB
Active:           369896 kB
Mem:          3.8G       3.7G       128M       5.7M        24M       3.2G

MemTotal:        4016004 kB
MemFree:          124656 kB
Active:           369928 kB
Mem:          3.8G       3.7G       120M       5.7M        24M       3.3G

MemTotal:        4016004 kB
MemFree:          117976 kB
Active:           367732 kB
Mem:          3.8G       3.7G       114M       5.7M        24M       3.3G

MemTotal:        4016004 kB
MemFree:          109012 kB
Active:           367752 kB
Mem:          3.8G       3.7G       105M       5.7M        24M       3.3G

MemTotal:        4016004 kB
MemFree:          120512 kB
Active:           367780 kB
Mem:          3.8G       3.7G       117M       5.7M        24M       3.3G

MemTotal:        4016004 kB
MemFree:          118536 kB
Active:           367804 kB
Mem:          3.8G       3.7G       115M       5.7M        24M       3.3G

MemTotal:        4016004 kB
MemFree:          112804 kB
Active:           367860 kB
Mem:          3.8G       3.7G       109M       5.7M        24M       3.3G

MemTotal:        4016004 kB
MemFree:          128288 kB
Active:           367844 kB
Mem:          3.8G       3.7G       124M       5.7M        24M       3.2G

MemTotal:        4016004 kB
MemFree:          127192 kB
Active:           367876 kB
Mem:          3.8G       3.7G       124M       5.7M        24M       3.2G

MemTotal:        4016004 kB
MemFree:          125992 kB
Active:           367908 kB
Mem:          3.8G       3.7G       122M       5.7M        24M       3.3G

MemTotal:        4016004 kB
MemFree:          128996 kB
Active:           367940 kB
Mem:          3.8G       3.7G       125M       5.7M        24M       3.2G

MemTotal:        4016004 kB
MemFree:          120592 kB
Active:           367960 kB
Mem:          3.8G       3.7G       117M       5.7M        24M       3.3G

MemTotal:        4016004 kB
MemFree:          112436 kB
Active:           367644 kB
Mem:          3.8G       3.7G       109M       5.7M        24M       3.3G

MemTotal:        4016004 kB
MemFree:          127924 kB
Active:           367668 kB
Mem:          3.8G       3.7G       124M       5.7M        24M       3.2G

MemTotal:        4016004 kB
MemFree:          106896 kB
Active:           367688 kB
Mem:          3.8G       3.7G       103M       5.7M        24M       3.3G

MemTotal:        4016004 kB
MemFree:          134292 kB
Active:           367716 kB
Mem:          3.8G       3.7G       131M       5.7M        24M       3.2G

MemTotal:        4016004 kB
MemFree:          127720 kB
Active:           367728 kB
Mem:          3.8G       3.7G       124M       5.7M        24M       3.2G

MemTotal:        4016004 kB
MemFree:          121780 kB
Active:           367752 kB
Mem:          3.8G       3.7G       118M       5.7M        24M       3.3G

MemTotal:        4016004 kB
MemFree:          121332 kB
Active:           367756 kB
Mem:          3.8G       3.7G       118M       5.7M        24M       3.3G

MemTotal:        4016004 kB
MemFree:          121028 kB
Active:           367756 kB
Mem:          3.8G       3.7G       118M       5.7M        24M       3.3G

MemTotal:        4016004 kB
MemFree:          127620 kB
Active:           367772 kB
Mem:          3.8G       3.7G       124M       5.7M        24M       3.2G

MemTotal:        4016004 kB
MemFree:          119960 kB
Active:           367792 kB
Mem:          3.8G       3.7G       116M       5.7M        24M       3.3G

MemTotal:        4016004 kB
MemFree:          111680 kB
Active:           367820 kB
Mem:          3.8G       3.7G       108M       5.7M        24M       3.3G

MemTotal:        4016004 kB
MemFree:          117136 kB
Active:           365360 kB
Mem:          3.8G       3.7G       113M       5.7M        24M       3.3G

MemTotal:        4016004 kB
MemFree:          120636 kB
Active:           365380 kB
Mem:          3.8G       3.7G       117M       5.7M        24M       3.3G

MemTotal:        4016004 kB
MemFree:          135544 kB
Active:           365404 kB
Mem:          3.8G       3.7G       131M       5.7M        24M       3.2G

MemTotal:        4016004 kB
MemFree:          127248 kB
Active:           365424 kB
Mem:          3.8G       3.7G       123M       5.7M        24M       3.2G

MemTotal:        4016004 kB
MemFree:          136328 kB
Active:           365448 kB
Mem:          3.8G       3.7G       132M       5.7M        24M       3.2G

MemTotal:        4016004 kB
MemFree:          110644 kB
Active:           365472 kB
Mem:          3.8G       3.7G       107M       5.7M        24M       3.3G

MemTotal:        4016004 kB
MemFree:          126884 kB
Active:           365504 kB
Mem:          3.8G       3.7G       123M       5.7M        24M       3.2G

MemTotal:        4016004 kB
MemFree:          115180 kB
Active:           365524 kB
Mem:          3.8G       3.7G       111M       5.7M        24M       3.3G

MemTotal:        4016004 kB
MemFree:          106792 kB
Active:           365556 kB
Mem:          3.8G       3.7G       104M       5.7M        24M       3.3G

MemTotal:        4016004 kB
MemFree:          119188 kB
Active:           364056 kB
Mem:          3.8G       3.7G       116M       5.7M        24M       3.3G

MemTotal:        4016004 kB
MemFree:          115076 kB
Active:           364072 kB
Mem:          3.8G       3.7G       112M       5.7M        24M       3.3G

MemTotal:        4016004 kB
MemFree:          114752 kB
Active:           364076 kB
Mem:          3.8G       3.7G       112M       5.7M        24M       3.3G

MemTotal:        4016004 kB
MemFree:          114864 kB
Active:           364076 kB
Mem:          3.8G       3.7G       112M       5.7M        24M       3.3G

MemTotal:        4016004 kB
MemFree:          110608 kB
Active:           364076 kB
Mem:          3.8G       3.7G       107M       5.7M        24M       3.3G

MemTotal:        4016004 kB
MemFree:          126740 kB
Active:           364104 kB
Mem:          3.8G       3.7G       123M       5.7M        24M       3.2G

MemTotal:        4016004 kB
MemFree:          106324 kB
Active:           364132 kB
Mem:          3.8G       3.7G       103M       5.7M        25M       3.3G

MemTotal:        4016004 kB
MemFree:          115280 kB
Active:           364156 kB
Mem:          3.8G       3.7G       112M       5.7M        25M       3.3G

MemTotal:        4016004 kB
MemFree:          107108 kB
Active:           364176 kB
Mem:          3.8G       3.7G       103M       5.7M        25M       3.3G

MemTotal:        4016004 kB
MemFree:          134168 kB
Active:           364200 kB
Mem:          3.8G       3.7G       130M       5.7M        25M       3.2G

MemTotal:        4016004 kB
MemFree:          125252 kB
Active:           364220 kB
Mem:          3.8G       3.7G       122M       5.7M        25M       3.2G

MemTotal:        4016004 kB
MemFree:          127000 kB
Active:           364252 kB
Mem:          3.8G       3.7G       123M       5.7M        25M       3.2G

MemTotal:        4016004 kB
MemFree:          105392 kB
Active:           364280 kB
Mem:          3.8G       3.7G       102M       5.7M        25M       3.3G

MemTotal:        4016004 kB
MemFree:          133712 kB
Active:           358188 kB
Mem:          3.8G       3.7G       130M       5.7M        25M       3.2G

MemTotal:        4016004 kB
MemFree:          130712 kB
Active:           358212 kB
Mem:          3.8G       3.7G       127M       5.7M        25M       3.2G

MemTotal:        4016004 kB
MemFree:          122268 kB
Active:           358236 kB
Mem:          3.8G       3.7G       118M       5.7M        25M       3.2G

MemTotal:        4016004 kB
MemFree:          114836 kB
Active:           358264 kB
Mem:          3.8G       3.7G       111M       5.7M        25M       3.3G

MemTotal:        4016004 kB
MemFree:          120424 kB
Active:           358280 kB
Mem:          3.8G       3.7G       117M       5.7M        25M       3.3G

MemTotal:        4016004 kB
MemFree:          133456 kB
Active:           358304 kB
Mem:          3.8G       3.7G       129M       5.7M        25M       3.2G

MemTotal:        4016004 kB
MemFree:          124160 kB
Active:           358328 kB
Mem:          3.8G       3.7G       120M       5.7M        25M       3.2G

MemTotal:        4016004 kB
MemFree:          106548 kB
Active:           358348 kB
Mem:          3.8G       3.7G       103M       5.7M        25M       3.3G

MemTotal:        4016004 kB
MemFree:          120140 kB
Active:           358360 kB
Mem:          3.8G       3.7G       117M       5.7M        25M       3.3G

MemTotal:        4016004 kB
MemFree:          111736 kB
Active:           358392 kB
Mem:          3.8G       3.7G       108M       5.7M        25M       3.3G

MemTotal:        4016004 kB
MemFree:          120816 kB
Active:           358416 kB
Mem:          3.8G       3.7G       117M       5.7M        25M       3.2G

MemTotal:        4016004 kB
MemFree:          114848 kB
Active:           355904 kB
Mem:          3.8G       3.7G       111M       5.7M        25M       3.3G

MemTotal:        4016004 kB
MemFree:          124052 kB
Active:           355928 kB
Mem:          3.8G       3.7G       120M       5.7M        25M       3.2G

MemTotal:        4016004 kB
MemFree:          126452 kB
Active:           355956 kB
Mem:          3.8G       3.7G       123M       5.7M        25M       3.2G

MemTotal:        4016004 kB
MemFree:          129380 kB
Active:           355980 kB
Mem:          3.8G       3.7G       125M       5.7M        25M       3.2G

MemTotal:        4016004 kB
MemFree:          120172 kB
Active:           356008 kB
Mem:          3.8G       3.7G       116M       5.7M        25M       3.2G

MemTotal:        4016004 kB
MemFree:          119616 kB
Active:           356008 kB
Mem:          3.8G       3.7G       116M       5.7M        25M       3.2G

MemTotal:        4016004 kB
MemFree:          117928 kB
Active:           356032 kB
Mem:          3.8G       3.7G       114M       5.7M        25M       3.3G

MemTotal:        4016004 kB
MemFree:          123156 kB
Active:           358088 kB
Mem:          3.8G       3.7G       120M       5.7M        25M       3.2G

MemTotal:        4016004 kB
MemFree:          120552 kB
Active:           358204 kB
Mem:          3.8G       3.7G       117M       5.7M        25M       3.2G

MemTotal:        4016004 kB
MemFree:          107048 kB
Active:           358116 kB
Mem:          3.8G       3.7G       103M       5.7M        25M       3.3G

MemTotal:        4016004 kB
MemFree:          127644 kB
Active:           358084 kB
Mem:          3.8G       3.7G       124M       5.7M        25M       3.2G

MemTotal:        4016004 kB
MemFree:          119612 kB
Active:           358128 kB
Mem:          3.8G       3.7G       116M       5.7M        25M       3.2G

MemTotal:        4016004 kB
MemFree:          110960 kB
Active:           358148 kB
Mem:          3.8G       3.7G       107M       5.7M        25M       3.3G

MemTotal:        4016004 kB
MemFree:          114568 kB
Active:           358180 kB
Mem:          3.8G       3.7G       111M       5.7M        25M       3.3G

MemTotal:        4016004 kB
MemFree:          125912 kB
Active:           355456 kB
Mem:          3.8G       3.7G       122M       5.7M        25M       3.2G

MemTotal:        4016004 kB
MemFree:          115476 kB
Active:           356356 kB
Mem:          3.8G       3.7G       112M       5.7M        25M       3.3G

MemTotal:        4016004 kB
MemFree:          126524 kB
Active:           358768 kB
Mem:          3.8G       3.7G       123M       5.7M        28M       3.2G

MemTotal:        4016004 kB
MemFree:          124012 kB
Active:           360884 kB
Mem:          3.8G       3.7G       120M       5.7M        28M       3.2G

MemTotal:        4016004 kB
MemFree:          124888 kB
Active:           360892 kB
Mem:          3.8G       3.7G       121M       5.7M        28M       3.2G

MemTotal:        4016004 kB
MemFree:          127676 kB
Active:           360048 kB
Mem:          3.8G       3.7G       124M       5.7M        28M       3.2G

MemTotal:        4016004 kB
MemFree:          112132 kB
Active:           360048 kB
Mem:          3.8G       3.7G       109M       5.7M        28M       3.2G

MemTotal:        4016004 kB
MemFree:          125960 kB
Active:           360048 kB
Mem:          3.8G       3.7G       122M       5.7M        28M       3.2G

MemTotal:        4016004 kB
MemFree:          122928 kB
Active:           360060 kB
Mem:          3.8G       3.7G       119M       5.7M        28M       3.2G

MemTotal:        4016004 kB
MemFree:          113020 kB
Active:           360060 kB
Mem:          3.8G       3.7G       109M       5.7M        28M       3.2G

MemTotal:        4016004 kB
MemFree:          127184 kB
Active:           360064 kB
Mem:          3.8G       3.7G       123M       5.7M        28M       3.2G

MemTotal:        4016004 kB
MemFree:          116880 kB
Active:           360064 kB
Mem:          3.8G       3.7G       113M       5.7M        28M       3.2G

MemTotal:        4016004 kB
MemFree:          134552 kB
Active:           357248 kB
Mem:          3.8G       3.7G       130M       5.7M        28M       3.2G

MemTotal:        4016004 kB
MemFree:          141688 kB
Active:           357268 kB
Mem:          3.8G       3.7G       137M       5.7M        28M       3.2G

MemTotal:        4016004 kB
MemFree:          128468 kB
Active:           357268 kB
Mem:          3.8G       3.7G       125M       5.7M        28M       3.2G

MemTotal:        4016004 kB
MemFree:          117568 kB
Active:           357280 kB
Mem:          3.8G       3.7G       114M       5.7M        28M       3.2G

MemTotal:        4016004 kB
MemFree:          107948 kB
Active:           357280 kB
Mem:          3.8G       3.7G       104M       5.7M        28M       3.3G

MemTotal:        4016004 kB
MemFree:          122720 kB
Active:           357280 kB
Mem:          3.8G       3.7G       119M       5.7M        28M       3.2G

MemTotal:        4016004 kB
MemFree:          128212 kB
Active:           357280 kB
Mem:          3.8G       3.7G       125M       5.7M        28M       3.2G

MemTotal:        4016004 kB
MemFree:          117204 kB
Active:           357288 kB
Mem:          3.8G       3.7G       113M       5.7M        28M       3.2G

MemTotal:        4016004 kB
MemFree:          125012 kB
Active:           357288 kB
Mem:          3.8G       3.7G       121M       5.7M        28M       3.2G

MemTotal:        4016004 kB
MemFree:          120964 kB
Active:           357288 kB
Mem:          3.8G       3.7G       117M       5.7M        28M       3.2G

MemTotal:        4016004 kB
MemFree:          128028 kB
Active:           357292 kB
Mem:          3.8G       3.7G       124M       5.7M        28M       3.2G

MemTotal:        4016004 kB
MemFree:          124808 kB
Active:           357300 kB
Mem:          3.8G       3.7G       121M       5.7M        28M       3.2G

MemTotal:        4016004 kB
MemFree:          126528 kB
Active:           357300 kB
Mem:          3.8G       3.7G       123M       5.7M        28M       3.2G

MemTotal:        4016004 kB
MemFree:          131568 kB
Active:           353780 kB
Mem:          3.8G       3.7G       128M       5.7M        28M       3.2G

MemTotal:        4016004 kB
MemFree:          122748 kB
Active:           353720 kB
Mem:          3.8G       3.7G       119M       5.7M        28M       3.2G

MemTotal:        4016004 kB
MemFree:          111500 kB
Active:           353720 kB
Mem:          3.8G       3.7G       108M       5.7M        28M       3.2G

MemTotal:        4016004 kB
MemFree:          118064 kB
Active:           353732 kB
Mem:          3.8G       3.7G       114M       5.7M        28M       3.2G

MemTotal:        4016004 kB
MemFree:          117788 kB
Active:           353736 kB
Mem:          3.8G       3.7G       115M       5.7M        28M       3.2G

MemTotal:        4016004 kB
MemFree:          117512 kB
Active:           353736 kB
Mem:          3.8G       3.7G       115M       5.7M        28M       3.2G

MemTotal:        4016004 kB
MemFree:          122656 kB
Active:           353740 kB
Mem:          3.8G       3.7G       119M       5.7M        28M       3.2G

MemTotal:        4016004 kB
MemFree:          112748 kB
Active:           353740 kB
Mem:          3.8G       3.7G       109M       5.7M        28M       3.2G

MemTotal:        4016004 kB
MemFree:          131588 kB
Active:           353748 kB
Mem:          3.8G       3.7G       128M       5.7M        28M       3.2G

MemTotal:        4016004 kB
MemFree:          121724 kB
Active:           353748 kB
Mem:          3.8G       3.7G       118M       5.7M        28M       3.2G

MemTotal:        4016004 kB
MemFree:          125844 kB
Active:           353748 kB
Mem:          3.8G       3.7G       122M       5.7M        28M       3.2G

MemTotal:        4016004 kB
MemFree:          114696 kB
Active:           353752 kB
Mem:          3.8G       3.7G       112M       5.7M        28M       3.2G

MemTotal:        4016004 kB
MemFree:          105176 kB
Active:           353736 kB
Mem:          3.8G       3.7G       125M       5.7M        28M       3.2G

MemTotal:        4016004 kB
MemFree:          105808 kB
Active:           353760 kB
Mem:          3.8G       3.7G       102M       5.7M        28M       3.3G

MemTotal:        4016004 kB
MemFree:          131576 kB
Active:           353760 kB
Mem:          3.8G       3.7G       128M       5.7M        28M       3.2G

MemTotal:        4016004 kB
MemFree:          133108 kB
Active:           353732 kB
Mem:          3.8G       3.7G       129M       5.7M        28M       3.2G

MemTotal:        4016004 kB
MemFree:          114732 kB
Active:           353760 kB
Mem:          3.8G       3.7G       111M       5.7M        28M       3.2G

MemTotal:        4016004 kB
MemFree:          122824 kB
Active:           353740 kB
Mem:          3.8G       3.7G       119M       5.7M        28M       3.2G

MemTotal:        4016004 kB
MemFree:          113308 kB
Active:           353652 kB
Mem:          3.8G       3.7G       109M       5.7M        28M       3.2G

MemTotal:        4016004 kB
MemFree:          113204 kB
Active:           353656 kB
Mem:          3.8G       3.7G       110M       5.7M        28M       3.2G

MemTotal:        4016004 kB
MemFree:          116080 kB
Active:           353668 kB
Mem:          3.8G       3.7G       112M       5.7M        28M       3.2G

MemTotal:        4016004 kB
MemFree:          122736 kB
Active:           353640 kB
Mem:          3.8G       3.7G       119M       5.7M        28M       3.2G

MemTotal:        4016004 kB
MemFree:          112708 kB
Active:           353648 kB
Mem:          3.8G       3.7G       109M       5.7M        28M       3.2G

MemTotal:        4016004 kB
MemFree:          125532 kB
Active:           353376 kB
Mem:          3.8G       3.7G       122M       5.7M        28M       3.2G

MemTotal:        4016004 kB
MemFree:          125316 kB
Active:           353364 kB
Mem:          3.8G       3.7G       122M       5.7M        28M       3.2G

MemTotal:        4016004 kB
MemFree:          125192 kB
Active:           353376 kB
Mem:          3.8G       3.7G       122M       5.7M        28M       3.2G

MemTotal:        4016004 kB
MemFree:          125316 kB
Active:           353384 kB
Mem:          3.8G       3.7G       122M       5.7M        28M       3.2G

MemTotal:        4016004 kB
MemFree:          125192 kB
Active:           353360 kB
Mem:          3.8G       3.7G       122M       5.7M        28M       3.2G

MemTotal:        4016004 kB
MemFree:          125192 kB
Active:           353380 kB
Mem:          3.8G       3.7G       122M       5.7M        28M       3.2G

MemTotal:        4016004 kB
MemFree:          125316 kB
Active:           353340 kB
Mem:          3.8G       3.7G       122M       5.7M        28M       3.2G

MemTotal:        4016004 kB
MemFree:          125192 kB
Active:           353368 kB
Mem:          3.8G       3.7G       122M       5.7M        28M       3.2G

MemTotal:        4016004 kB
MemFree:          124944 kB
Active:           353340 kB
Mem:          3.8G       3.7G       122M       5.7M        28M       3.2G

MemTotal:        4016004 kB
MemFree:          125068 kB
Active:           353356 kB
Mem:          3.8G       3.7G       122M       5.7M        28M       3.2G

MemTotal:        4016004 kB
MemFree:          125068 kB
Active:           353340 kB
Mem:          3.8G       3.7G       122M       5.7M        28M       3.2G

MemTotal:        4016004 kB
MemFree:          125068 kB
Active:           353364 kB
Mem:          3.8G       3.7G       122M       5.7M        28M       3.2G

MemTotal:        4016004 kB
MemFree:          125068 kB
Active:           353408 kB
Mem:          3.8G       3.7G       121M       5.7M        28M       3.2G

MemTotal:        4016004 kB
MemFree:          124572 kB
Active:           353408 kB
Mem:          3.8G       3.7G       121M       5.7M        28M       3.2G

MemTotal:        4016004 kB
MemFree:          124572 kB
Active:           353412 kB
Mem:          3.8G       3.7G       121M       5.7M        28M       3.2G

MemTotal:        4016004 kB
MemFree:          124572 kB
Active:           353416 kB
Mem:          3.8G       3.7G       121M       5.7M        28M       3.2G

MemTotal:        4016004 kB
MemFree:          124572 kB
Active:           353416 kB
Mem:          3.8G       3.7G       121M       5.7M        28M       3.2G

MemTotal:        4016004 kB
MemFree:          124572 kB
Active:           353416 kB
Mem:          3.8G       3.7G       121M       5.7M        28M       3.2G

MemTotal:        4016004 kB
MemFree:          124572 kB
Active:           353416 kB
Mem:          3.8G       3.7G       121M       5.7M        28M       3.2G

MemTotal:        4016004 kB
MemFree:          124572 kB
Active:           353416 kB
Mem:          3.8G       3.7G       121M       5.7M        28M       3.2G

MemTotal:        4016004 kB
MemFree:          124448 kB
Active:           353424 kB
Mem:          3.8G       3.7G       121M       5.7M        28M       3.2G

MemTotal:        4016004 kB
MemFree:          124464 kB
Active:           353424 kB
Mem:          3.8G       3.7G       121M       5.7M        28M       3.2G

MemTotal:        4016004 kB
MemFree:          124464 kB
Active:           353424 kB
Mem:          3.8G       3.7G       121M       5.7M        28M       3.2G

MemTotal:        4016004 kB
MemFree:          124464 kB
Active:           353424 kB
Mem:          3.8G       3.7G       121M       5.7M        28M       3.2G

MemTotal:        4016004 kB
MemFree:          124464 kB
Active:           353424 kB
Mem:          3.8G       3.7G       121M       5.7M        28M       3.2G

MemTotal:        4016004 kB
MemFree:          124464 kB
Active:           353424 kB
Mem:          3.8G       3.7G       121M       5.7M        28M       3.2G

MemTotal:        4016004 kB
MemFree:          124464 kB
Active:           353424 kB
Mem:          3.8G       3.7G       121M       5.7M        28M       3.2G

MemTotal:        4016004 kB
MemFree:          124352 kB
Active:           353424 kB
Mem:          3.8G       3.7G       121M       5.7M        28M       3.2G

MemTotal:        4016004 kB
MemFree:          124384 kB
Active:           353440 kB
Mem:          3.8G       3.7G       121M       5.7M        28M       3.2G

MemTotal:        4016004 kB
MemFree:          124464 kB
Active:           353448 kB
Mem:          3.8G       3.7G       121M       5.7M        28M       3.2G

MemTotal:        4016004 kB
MemFree:          124464 kB
Active:           353448 kB
Mem:          3.8G       3.7G       121M       5.7M        28M       3.2G

MemTotal:        4016004 kB
MemFree:          124340 kB
Active:           353448 kB
Mem:          3.8G       3.7G       121M       5.7M        28M       3.2G

MemTotal:        4016004 kB
MemFree:          124340 kB
Active:           353448 kB
Mem:          3.8G       3.7G       121M       5.7M        28M       3.2G

MemTotal:        4016004 kB
MemFree:          124340 kB
Active:           353456 kB
Mem:          3.8G       3.7G       121M       5.7M        28M       3.2G

MemTotal:        4016004 kB
MemFree:          124340 kB
Active:           353456 kB
Mem:          3.8G       3.7G       121M       5.7M        28M       3.2G

MemTotal:        4016004 kB
MemFree:          124340 kB
Active:           353456 kB
Mem:          3.8G       3.7G       121M       5.7M        28M       3.2G

MemTotal:        4016004 kB
MemFree:          124340 kB
Active:           353456 kB
Mem:          3.8G       3.7G       121M       5.7M        28M       3.2G

MemTotal:        4016004 kB
MemFree:          124340 kB
Active:           353456 kB
Mem:          3.8G       3.7G       121M       5.7M        28M       3.2G

MemTotal:        4016004 kB
MemFree:          124340 kB
Active:           353456 kB
Mem:          3.8G       3.7G       121M       5.7M        28M       3.2G

MemTotal:        4016004 kB
MemFree:          124340 kB
Active:           353464 kB
Mem:          3.8G       3.7G       121M       5.7M        28M       3.2G

MemTotal:        4016004 kB
MemFree:          124340 kB
Active:           353464 kB
Mem:          3.8G       3.7G       121M       5.7M        28M       3.2G

MemTotal:        4016004 kB
MemFree:          124340 kB
Active:           353468 kB
Mem:          3.8G       3.7G       121M       5.7M        28M       3.2G

MemTotal:        4016004 kB
MemFree:          124340 kB
Active:           353468 kB
Mem:          3.8G       3.7G       121M       5.7M        28M       3.2G

MemTotal:        4016004 kB
MemFree:          124340 kB
Active:           353472 kB
Mem:          3.8G       3.7G       121M       5.7M        28M       3.2G

MemTotal:        4016004 kB
MemFree:          124340 kB
Active:           353472 kB
Mem:          3.8G       3.7G       121M       5.7M        28M       3.2G

MemTotal:        4016004 kB
MemFree:          124340 kB
Active:           353472 kB
Mem:          3.8G       3.7G       121M       5.7M        28M       3.2G

MemTotal:        4016004 kB
MemFree:          124340 kB
Active:           353472 kB
Mem:          3.8G       3.7G       121M       5.7M        28M       3.2G

MemTotal:        4016004 kB
MemFree:          124340 kB
Active:           353472 kB
Mem:          3.8G       3.7G       121M       5.7M        28M       3.2G

MemTotal:        4016004 kB
MemFree:          124340 kB
Active:           353476 kB
Mem:          3.8G       3.7G       121M       5.7M        28M       3.2G

MemTotal:        4016004 kB
MemFree:          124340 kB
Active:           353484 kB
Mem:          3.8G       3.7G       121M       5.7M        28M       3.2G

MemTotal:        4016004 kB
MemFree:          124340 kB
Active:           353488 kB
Mem:          3.8G       3.7G       121M       5.7M        28M       3.2G

MemTotal:        4016004 kB
MemFree:          124340 kB
Active:           353488 kB
Mem:          3.8G       3.7G       121M       5.7M        28M       3.2G

MemTotal:        4016004 kB
MemFree:          124340 kB
Active:           353488 kB
Mem:          3.8G       3.7G       121M       5.7M        28M       3.2G

MemTotal:        4016004 kB
MemFree:          124340 kB
Active:           353492 kB
Mem:          3.8G       3.7G       121M       5.7M        28M       3.2G

MemTotal:        4016004 kB
MemFree:          124340 kB
Active:           353492 kB
Mem:          3.8G       3.7G       121M       5.7M        28M       3.2G

MemTotal:        4016004 kB
MemFree:          124340 kB
Active:           353496 kB
Mem:          3.8G       3.7G       121M       5.7M        28M       3.2G

MemTotal:        4016004 kB
MemFree:          124340 kB
Active:           353500 kB
Mem:          3.8G       3.7G       121M       5.7M        28M       3.2G

MemTotal:        4016004 kB
MemFree:          124340 kB
Active:           353504 kB
Mem:          3.8G       3.7G       121M       5.7M        28M       3.2G

MemTotal:        4016004 kB
MemFree:          124340 kB
Active:           353504 kB
Mem:          3.8G       3.7G       121M       5.7M        28M       3.2G

MemTotal:        4016004 kB
MemFree:          124340 kB
Active:           353504 kB
Mem:          3.8G       3.7G       121M       5.7M        28M       3.2G

MemTotal:        4016004 kB
MemFree:          124216 kB
Active:           353504 kB
Mem:          3.8G       3.7G       121M       5.7M        28M       3.2G

MemTotal:        4016004 kB
MemFree:          124216 kB
Active:           353516 kB
Mem:          3.8G       3.7G       121M       5.7M        28M       3.2G

MemTotal:        4016004 kB
MemFree:          124216 kB
Active:           353516 kB
Mem:          3.8G       3.7G       121M       5.7M        28M       3.2G

MemTotal:        4016004 kB
MemFree:          124216 kB
Active:           353516 kB
Mem:          3.8G       3.7G       121M       5.7M        28M       3.2G

MemTotal:        4016004 kB
MemFree:          124216 kB
Active:           353516 kB
Mem:          3.8G       3.7G       121M       5.7M        28M       3.2G

MemTotal:        4016004 kB
MemFree:          124216 kB
Active:           353528 kB
Mem:          3.8G       3.7G       121M       5.7M        28M       3.2G

MemTotal:        4016004 kB
MemFree:          124216 kB
Active:           353528 kB
Mem:          3.8G       3.7G       121M       5.7M        28M       3.2G

MemTotal:        4016004 kB
MemFree:          124216 kB
Active:           353528 kB
Mem:          3.8G       3.7G       121M       5.7M        28M       3.2G

MemTotal:        4016004 kB
MemFree:          124216 kB
Active:           353528 kB
Mem:          3.8G       3.7G       121M       5.7M        28M       3.2G

MemTotal:        4016004 kB
MemFree:          124216 kB
Active:           353528 kB
Mem:          3.8G       3.7G       121M       5.7M        28M       3.2G

MemTotal:        4016004 kB
MemFree:          124216 kB
Active:           353528 kB
Mem:          3.8G       3.7G       121M       5.7M        28M       3.2G

MemTotal:        4016004 kB
MemFree:          124216 kB
Active:           353540 kB
Mem:          3.8G       3.7G       121M       5.7M        28M       3.2G

MemTotal:        4016004 kB
MemFree:          124216 kB
Active:           353540 kB
Mem:          3.8G       3.7G       121M       5.7M        28M       3.2G

MemTotal:        4016004 kB
MemFree:          124216 kB
Active:           353540 kB
Mem:          3.8G       3.7G       121M       5.7M        28M       3.2G

MemTotal:        4016004 kB
MemFree:          124216 kB
Active:           353540 kB
Mem:          3.8G       3.7G       121M       5.7M        28M       3.2G

MemTotal:        4016004 kB
MemFree:          124216 kB
Active:           353540 kB
Mem:          3.8G       3.7G       121M       5.7M        28M       3.2G

MemTotal:        4016004 kB
MemFree:          124216 kB
Active:           353540 kB
Mem:          3.8G       3.7G       121M       5.7M        28M       3.2G

MemTotal:        4016004 kB
MemFree:          124216 kB
Active:           353548 kB
Mem:          3.8G       3.7G       121M       5.7M        28M       3.2G

MemTotal:        4016004 kB
MemFree:          124208 kB
Active:           353660 kB
Mem:          3.8G       3.7G       121M       5.7M        28M       3.2G

MemTotal:        4016004 kB
MemFree:          123944 kB
Active:           353724 kB
Mem:          3.8G       3.7G       121M       5.7M        28M       3.2G

MemTotal:        4016004 kB
MemFree:          123944 kB
Active:           353724 kB
Mem:          3.8G       3.7G       121M       5.7M        28M       3.2G

MemTotal:        4016004 kB
MemFree:          123944 kB
Active:           353724 kB
Mem:          3.8G       3.7G       121M       5.7M        28M       3.2G

MemTotal:        4016004 kB
MemFree:          123944 kB
Active:           353724 kB
Mem:          3.8G       3.7G       121M       5.7M        28M       3.2G

MemTotal:        4016004 kB
MemFree:          123944 kB
Active:           353724 kB
Mem:          3.8G       3.7G       121M       5.7M        28M       3.2G

MemTotal:        4016004 kB
MemFree:          123944 kB
Active:           353732 kB
Mem:          3.8G       3.7G       121M       5.7M        28M       3.2G

MemTotal:        4016004 kB
MemFree:          123944 kB
Active:           353736 kB
Mem:          3.8G       3.7G       121M       5.7M        28M       3.2G

MemTotal:        4016004 kB
MemFree:          123944 kB
Active:           353736 kB
Mem:          3.8G       3.7G       121M       5.7M        28M       3.2G

MemTotal:        4016004 kB
MemFree:          123944 kB
Active:           353736 kB
Mem:          3.8G       3.7G       121M       5.7M        28M       3.2G

MemTotal:        4016004 kB
MemFree:          123944 kB
Active:           353740 kB
Mem:          3.8G       3.7G       121M       5.7M        28M       3.2G

MemTotal:        4016004 kB
MemFree:          123944 kB
Active:           353740 kB
Mem:          3.8G       3.7G       121M       5.7M        28M       3.2G

MemTotal:        4016004 kB
MemFree:          123944 kB
Active:           353740 kB
Mem:          3.8G       3.7G       121M       5.7M        28M       3.2G

MemTotal:        4016004 kB
MemFree:          123944 kB
Active:           353748 kB
Mem:          3.8G       3.7G       121M       5.7M        28M       3.2G

MemTotal:        4016004 kB
MemFree:          123820 kB
Active:           353748 kB
Mem:          3.8G       3.7G       120M       5.7M        28M       3.2G

MemTotal:        4016004 kB
MemFree:          123820 kB
Active:           353748 kB
Mem:          3.8G       3.7G       120M       5.7M        28M       3.2G

MemTotal:        4016004 kB
MemFree:          123696 kB
Active:           353748 kB
Mem:          3.8G       3.7G       120M       5.7M        28M       3.2G

MemTotal:        4016004 kB
MemFree:          123712 kB
Active:           353740 kB
Mem:          3.8G       3.7G       120M       5.7M        28M       3.2G

MemTotal:        4016004 kB
MemFree:          123712 kB
Active:           353740 kB
Mem:          3.8G       3.7G       120M       5.7M        28M       3.2G

MemTotal:        4016004 kB
MemFree:          123712 kB
Active:           353744 kB
Mem:          3.8G       3.7G       120M       5.7M        28M       3.2G

MemTotal:        4016004 kB
MemFree:          123712 kB
Active:           353748 kB
Mem:          3.8G       3.7G       120M       5.7M        28M       3.2G

MemTotal:        4016004 kB
MemFree:          123712 kB
Active:           353756 kB
Mem:          3.8G       3.7G       120M       5.7M        28M       3.2G

MemTotal:        4016004 kB
MemFree:          123712 kB
Active:           353756 kB
Mem:          3.8G       3.7G       120M       5.7M        28M       3.2G

MemTotal:        4016004 kB
MemFree:          123712 kB
Active:           353756 kB
Mem:          3.8G       3.7G       120M       5.7M        28M       3.2G

MemTotal:        4016004 kB
MemFree:          123836 kB
Active:           353756 kB
Mem:          3.8G       3.7G       120M       5.7M        28M       3.2G

MemTotal:        4016004 kB
MemFree:          123836 kB
Active:           353756 kB
Mem:          3.8G       3.7G       120M       5.7M        28M       3.2G

MemTotal:        4016004 kB
MemFree:          123836 kB
Active:           353756 kB
Mem:          3.8G       3.7G       120M       5.7M        28M       3.2G

MemTotal:        4016004 kB
MemFree:          123836 kB
Active:           353760 kB
Mem:          3.8G       3.7G       120M       5.7M        28M       3.2G

MemTotal:        4016004 kB
MemFree:          123836 kB
Active:           353764 kB
Mem:          3.8G       3.7G       120M       5.7M        28M       3.2G

MemTotal:        4016004 kB
MemFree:          123836 kB
Active:           353764 kB
Mem:          3.8G       3.7G       120M       5.7M        28M       3.2G

MemTotal:        4016004 kB
MemFree:          123836 kB
Active:           353772 kB
Mem:          3.8G       3.7G       120M       5.7M        28M       3.2G

MemTotal:        4016004 kB
MemFree:          123836 kB
Active:           353772 kB
Mem:          3.8G       3.7G       120M       5.7M        28M       3.2G

MemTotal:        4016004 kB
MemFree:          123836 kB
Active:           353776 kB
Mem:          3.8G       3.7G       120M       5.7M        28M       3.2G

MemTotal:        4016004 kB
MemFree:          123836 kB
Active:           353776 kB
Mem:          3.8G       3.7G       120M       5.7M        28M       3.2G

MemTotal:        4016004 kB
MemFree:          123836 kB
Active:           353780 kB
Mem:          3.8G       3.7G       120M       5.7M        28M       3.2G

MemTotal:        4016004 kB
MemFree:          123836 kB
Active:           353780 kB
Mem:          3.8G       3.7G       120M       5.7M        28M       3.2G

MemTotal:        4016004 kB
MemFree:          123836 kB
Active:           353780 kB
Mem:          3.8G       3.7G       120M       5.7M        28M       3.2G

MemTotal:        4016004 kB
MemFree:          123836 kB
Active:           353780 kB
Mem:          3.8G       3.7G       120M       5.7M        28M       3.2G

MemTotal:        4016004 kB
MemFree:          123836 kB
Active:           353780 kB
Mem:          3.8G       3.7G       120M       5.7M        28M       3.2G

MemTotal:        4016004 kB
MemFree:          123836 kB
Active:           353792 kB
Mem:          3.8G       3.7G       120M       5.7M        28M       3.2G

MemTotal:        4016004 kB
MemFree:          123836 kB
Active:           353796 kB
Mem:          3.8G       3.7G       120M       5.7M        28M       3.2G

MemTotal:        4016004 kB
MemFree:          123836 kB
Active:           353796 kB
Mem:          3.8G       3.7G       120M       5.7M        28M       3.2G

MemTotal:        4016004 kB
MemFree:          123836 kB
Active:           353796 kB
Mem:          3.8G       3.7G       120M       5.7M        28M       3.2G

MemTotal:        4016004 kB
MemFree:          123836 kB
Active:           353796 kB
Mem:          3.8G       3.7G       120M       5.7M        28M       3.2G

MemTotal:        4016004 kB
MemFree:          123836 kB
Active:           353796 kB
Mem:          3.8G       3.7G       120M       5.7M        28M       3.2G

MemTotal:        4016004 kB
MemFree:          123836 kB
Active:           353804 kB
Mem:          3.8G       3.7G       120M       5.7M        28M       3.2G

MemTotal:        4016004 kB
MemFree:          123836 kB
Active:           353804 kB
Mem:          3.8G       3.7G       120M       5.7M        28M       3.2G

MemTotal:        4016004 kB
MemFree:          123836 kB
Active:           353804 kB
Mem:          3.8G       3.7G       120M       5.7M        28M       3.2G

MemTotal:        4016004 kB
MemFree:          123836 kB
Active:           353808 kB
Mem:          3.8G       3.7G       120M       5.7M        28M       3.2G

MemTotal:        4016004 kB
MemFree:          123836 kB
Active:           353808 kB
Mem:          3.8G       3.7G       120M       5.7M        28M       3.2G

MemTotal:        4016004 kB
MemFree:          123836 kB
Active:           353808 kB
Mem:          3.8G       3.7G       120M       5.7M        28M       3.2G

MemTotal:        4016004 kB
MemFree:          123836 kB
Active:           353808 kB
Mem:          3.8G       3.7G       120M       5.7M        28M       3.2G

MemTotal:        4016004 kB
MemFree:          123836 kB
Active:           353808 kB
Mem:          3.8G       3.7G       120M       5.7M        28M       3.2G

MemTotal:        4016004 kB
MemFree:          123836 kB
Active:           353808 kB
Mem:          3.8G       3.7G       120M       5.7M        28M       3.2G

MemTotal:        4016004 kB
MemFree:          123836 kB
Active:           353816 kB
Mem:          3.8G       3.7G       120M       5.7M        28M       3.2G

MemTotal:        4016004 kB
MemFree:          123852 kB
Active:           353816 kB
Mem:          3.8G       3.7G       120M       5.7M        28M       3.2G

MemTotal:        4016004 kB
MemFree:          123852 kB
Active:           353816 kB
Mem:          3.8G       3.7G       120M       5.7M        28M       3.2G

MemTotal:        4016004 kB
MemFree:          123852 kB
Active:           353816 kB
Mem:          3.8G       3.7G       120M       5.7M        28M       3.2G

MemTotal:        4016004 kB
MemFree:          123852 kB
Active:           353816 kB
Mem:          3.8G       3.7G       120M       5.7M        28M       3.2G

MemTotal:        4016004 kB
MemFree:          123852 kB
Active:           353816 kB
Mem:          3.8G       3.7G       120M       5.7M        28M       3.2G

MemTotal:        4016004 kB
MemFree:          123852 kB
Active:           353820 kB
Mem:          3.8G       3.7G       120M       5.7M        28M       3.2G

MemTotal:        4016004 kB
MemFree:          123852 kB
Active:           353824 kB
Mem:          3.8G       3.7G       120M       5.7M        28M       3.2G

MemTotal:        4016004 kB
MemFree:          123852 kB
Active:           353828 kB
Mem:          3.8G       3.7G       120M       5.7M        28M       3.2G

MemTotal:        4016004 kB
MemFree:          123852 kB
Active:           353828 kB
Mem:          3.8G       3.7G       120M       5.7M        28M       3.2G

MemTotal:        4016004 kB
MemFree:          123852 kB
Active:           353828 kB
Mem:          3.8G       3.7G       120M       5.7M        28M       3.2G

MemTotal:        4016004 kB
MemFree:          123852 kB
Active:           353828 kB
Mem:          3.8G       3.7G       120M       5.7M        28M       3.2G

MemTotal:        4016004 kB
MemFree:          123852 kB
Active:           353828 kB
Mem:          3.8G       3.7G       120M       5.7M        28M       3.2G

MemTotal:        4016004 kB
MemFree:          123852 kB
Active:           353828 kB
Mem:          3.8G       3.7G       120M       5.7M        28M       3.2G

MemTotal:        4016004 kB
MemFree:          123852 kB
Active:           353836 kB
Mem:          3.8G       3.7G       120M       5.7M        28M       3.2G

MemTotal:        4016004 kB
MemFree:          123728 kB
Active:           353844 kB
Mem:          3.8G       3.7G       120M       5.7M        28M       3.2G

MemTotal:        4016004 kB
MemFree:          123728 kB
Active:           353844 kB
Mem:          3.8G       3.7G       120M       5.7M        28M       3.2G

MemTotal:        4016004 kB
MemFree:          123728 kB
Active:           353844 kB
Mem:          3.8G       3.7G       120M       5.7M        28M       3.2G

MemTotal:        4016004 kB
MemFree:          123728 kB
Active:           353844 kB
Mem:          3.8G       3.7G       120M       5.7M        28M       3.2G

MemTotal:        4016004 kB
MemFree:          123728 kB
Active:           353848 kB
Mem:          3.8G       3.7G       120M       5.7M        28M       3.2G

MemTotal:        4016004 kB
MemFree:          123728 kB
Active:           353856 kB
Mem:          3.8G       3.7G       120M       5.7M        28M       3.2G

MemTotal:        4016004 kB
MemFree:          123728 kB
Active:           353856 kB
Mem:          3.8G       3.7G       120M       5.7M        28M       3.2G

MemTotal:        4016004 kB
MemFree:          123728 kB
Active:           353860 kB
Mem:          3.8G       3.7G       120M       5.7M        28M       3.2G

MemTotal:        4016004 kB
MemFree:          123728 kB
Active:           353860 kB
Mem:          3.8G       3.7G       120M       5.7M        28M       3.2G

MemTotal:        4016004 kB
MemFree:          123728 kB
Active:           353860 kB
Mem:          3.8G       3.7G       120M       5.7M        28M       3.2G

MemTotal:        4016004 kB
MemFree:          123604 kB
Active:           353860 kB
Mem:          3.8G       3.7G       120M       5.7M        28M       3.2G

MemTotal:        4016004 kB
MemFree:          123604 kB
Active:           353860 kB
Mem:          3.8G       3.7G       120M       5.7M        28M       3.2G

MemTotal:        4016004 kB
MemFree:          123604 kB
Active:           353860 kB
Mem:          3.8G       3.7G       120M       5.7M        28M       3.2G

MemTotal:        4016004 kB
MemFree:          123604 kB
Active:           353868 kB
Mem:          3.8G       3.7G       120M       5.7M        28M       3.2G

MemTotal:        4016004 kB
MemFree:          123604 kB
Active:           353868 kB
Mem:          3.8G       3.7G       120M       5.7M        28M       3.2G

MemTotal:        4016004 kB
MemFree:          123604 kB
Active:           353868 kB
Mem:          3.8G       3.7G       120M       5.7M        28M       3.2G

MemTotal:        4016004 kB
MemFree:          123604 kB
Active:           353868 kB
Mem:          3.8G       3.7G       120M       5.7M        28M       3.2G

MemTotal:        4016004 kB
MemFree:          123604 kB
Active:           353868 kB
Mem:          3.8G       3.7G       120M       5.7M        28M       3.2G

MemTotal:        4016004 kB
MemFree:          123728 kB
Active:           353872 kB
Mem:          3.8G       3.7G       120M       5.7M        28M       3.2G

MemTotal:        4016004 kB
MemFree:          123728 kB
Active:           353872 kB
Mem:          3.8G       3.7G       120M       5.7M        28M       3.2G

MemTotal:        4016004 kB
MemFree:          123728 kB
Active:           353872 kB
Mem:          3.8G       3.7G       120M       5.7M        28M       3.2G

MemTotal:        4016004 kB
MemFree:          123728 kB
Active:           353880 kB
Mem:          3.8G       3.7G       120M       5.7M        28M       3.2G

MemTotal:        4016004 kB
MemFree:          123728 kB
Active:           353884 kB
Mem:          3.8G       3.7G       120M       5.7M        28M       3.2G

MemTotal:        4016004 kB
MemFree:          123728 kB
Active:           353884 kB
Mem:          3.8G       3.7G       120M       5.7M        28M       3.2G

MemTotal:        4016004 kB
MemFree:          123728 kB
Active:           353884 kB
Mem:          3.8G       3.7G       120M       5.7M        28M       3.2G

MemTotal:        4016004 kB
MemFree:          123728 kB
Active:           353884 kB
Mem:          3.8G       3.7G       120M       5.7M        28M       3.2G

MemTotal:        4016004 kB
MemFree:          123728 kB
Active:           353884 kB
Mem:          3.8G       3.7G       120M       5.7M        28M       3.2G

MemTotal:        4016004 kB
MemFree:          123728 kB
Active:           353892 kB
Mem:          3.8G       3.7G       120M       5.7M        28M       3.2G

MemTotal:        4016004 kB
MemFree:          123728 kB
Active:           353892 kB
Mem:          3.8G       3.7G       120M       5.7M        28M       3.2G

MemTotal:        4016004 kB
MemFree:          123728 kB
Active:           353896 kB
Mem:          3.8G       3.7G       120M       5.7M        28M       3.2G

MemTotal:        4016004 kB
MemFree:          123728 kB
Active:           353896 kB
Mem:          3.8G       3.7G       120M       5.7M        28M       3.2G

MemTotal:        4016004 kB
MemFree:          123728 kB
Active:           353896 kB
Mem:          3.8G       3.7G       120M       5.7M        28M       3.2G

MemTotal:        4016004 kB
MemFree:          123728 kB
Active:           353896 kB
Mem:          3.8G       3.7G       120M       5.7M        28M       3.2G

MemTotal:        4016004 kB
MemFree:          123728 kB
Active:           353896 kB
Mem:          3.8G       3.7G       120M       5.7M        28M       3.2G

MemTotal:        4016004 kB
MemFree:          123728 kB
Active:           353908 kB
Mem:          3.8G       3.7G       120M       5.7M        28M       3.2G

MemTotal:        4016004 kB
MemFree:          123728 kB
Active:           353908 kB
Mem:          3.8G       3.7G       120M       5.7M        28M       3.2G

MemTotal:        4016004 kB
MemFree:          123728 kB
Active:           353908 kB
Mem:          3.8G       3.7G       120M       5.7M        28M       3.2G

MemTotal:        4016004 kB
MemFree:          123728 kB
Active:           353908 kB
Mem:          3.8G       3.7G       120M       5.7M        28M       3.2G

MemTotal:        4016004 kB
MemFree:          123728 kB
Active:           353908 kB
Mem:          3.8G       3.7G       120M       5.7M        28M       3.2G

MemTotal:        4016004 kB
MemFree:          123728 kB
Active:           353908 kB
Mem:          3.8G       3.7G       120M       5.7M        28M       3.2G

MemTotal:        4016004 kB
MemFree:          123728 kB
Active:           353916 kB
Mem:          3.8G       3.7G       120M       5.7M        28M       3.2G

MemTotal:        4016004 kB
MemFree:          123728 kB
Active:           353916 kB
Mem:          3.8G       3.7G       120M       5.7M        28M       3.2G

MemTotal:        4016004 kB
MemFree:          123728 kB
Active:           353916 kB
Mem:          3.8G       3.7G       120M       5.7M        28M       3.2G

MemTotal:        4016004 kB
MemFree:          123728 kB
Active:           353916 kB
Mem:          3.8G       3.7G       120M       5.7M        28M       3.2G

MemTotal:        4016004 kB
MemFree:          123728 kB
Active:           353916 kB
Mem:          3.8G       3.7G       120M       5.7M        28M       3.2G

MemTotal:        4016004 kB
MemFree:          123728 kB
Active:           353916 kB
Mem:          3.8G       3.7G       120M       5.7M        28M       3.2G

MemTotal:        4016004 kB
MemFree:          123728 kB
Active:           353916 kB
Mem:          3.8G       3.7G       120M       5.7M        28M       3.2G

MemTotal:        4016004 kB
MemFree:          123728 kB
Active:           353916 kB
Mem:          3.8G       3.7G       120M       5.7M        28M       3.2G

MemTotal:        4016004 kB
MemFree:          123728 kB
Active:           353920 kB
Mem:          3.8G       3.7G       120M       5.7M        28M       3.2G

MemTotal:        4016004 kB
MemFree:          123728 kB
Active:           353920 kB
Mem:          3.8G       3.7G       120M       5.7M        28M       3.2G

MemTotal:        4016004 kB
MemFree:          123728 kB
Active:           353920 kB
Mem:          3.8G       3.7G       120M       5.7M        28M       3.2G

MemTotal:        4016004 kB
MemFree:          123876 kB
Active:           353920 kB
Mem:          3.8G       3.7G       120M       5.7M        28M       3.2G

MemTotal:        4016004 kB
MemFree:          124164 kB
Active:           353676 kB
Mem:          3.8G       3.7G       121M       5.7M        28M       3.2G

MemTotal:        4016004 kB
MemFree:          124660 kB
Active:           353676 kB
Mem:          3.8G       3.7G       121M       5.7M        29M       3.2G

MemTotal:        4016004 kB
MemFree:          124660 kB
Active:           353652 kB
Mem:          3.8G       3.7G       121M       5.7M        29M       3.2G

MemTotal:        4016004 kB
MemFree:          124660 kB
Active:           353636 kB
Mem:          3.8G       3.7G       121M       5.7M        29M       3.2G

MemTotal:        4016004 kB
MemFree:          124668 kB
Active:           353652 kB
Mem:          3.8G       3.7G       121M       5.7M        29M       3.2G

MemTotal:        4016004 kB
MemFree:          124792 kB
Active:           353660 kB
Mem:          3.8G       3.7G       122M       5.7M        29M       3.2G

MemTotal:        4016004 kB
MemFree:          124544 kB
Active:           353692 kB
Mem:          3.8G       3.7G       121M       5.7M        29M       3.2G

MemTotal:        4016004 kB
MemFree:          124420 kB
Active:           353692 kB
Mem:          3.8G       3.7G       121M       5.7M        29M       3.2G

MemTotal:        4016004 kB
MemFree:          124792 kB
Active:           353692 kB
Mem:          3.8G       3.7G       121M       5.7M        29M       3.2G

MemTotal:        4016004 kB
MemFree:          124436 kB
Active:           353708 kB
Mem:          3.8G       3.7G       121M       5.7M        29M       3.2G

MemTotal:        4016004 kB
MemFree:          124684 kB
Active:           353664 kB
Mem:          3.8G       3.7G       121M       5.7M        29M       3.2G

MemTotal:        4016004 kB
MemFree:          124312 kB
Active:           353712 kB
Mem:          3.8G       3.7G       121M       5.7M        29M       3.2G

MemTotal:        4016004 kB
MemFree:          124312 kB
Active:           353712 kB
Mem:          3.8G       3.7G       121M       5.7M        29M       3.2G

MemTotal:        4016004 kB
MemFree:          124808 kB
Active:           353700 kB
Mem:          3.8G       3.7G       121M       5.7M        29M       3.2G

MemTotal:        4016004 kB
MemFree:          124312 kB
Active:           353712 kB
Mem:          3.8G       3.7G       121M       5.7M        29M       3.2G

MemTotal:        4016004 kB
MemFree:          124436 kB
Active:           353672 kB
Mem:          3.8G       3.7G       121M       5.7M        29M       3.2G

MemTotal:        4016004 kB
MemFree:          124064 kB
Active:           353720 kB
Mem:          3.8G       3.7G       121M       5.7M        29M       3.2G

MemTotal:        4016004 kB
MemFree:          124064 kB
Active:           353720 kB
Mem:          3.8G       3.7G       121M       5.7M        29M       3.2G

MemTotal:        4016004 kB
MemFree:          124560 kB
Active:           353688 kB
Mem:          3.8G       3.7G       121M       5.7M        29M       3.2G

MemTotal:        4016004 kB
MemFree:          124560 kB
Active:           353708 kB
Mem:          3.8G       3.7G       121M       5.7M        29M       3.2G

MemTotal:        4016004 kB
MemFree:          124188 kB
Active:           353720 kB
Mem:          3.8G       3.7G       121M       5.7M        29M       3.2G

MemTotal:        4016004 kB
MemFree:          124312 kB
Active:           353728 kB
Mem:          3.8G       3.7G       121M       5.7M        29M       3.2G

MemTotal:        4016004 kB
MemFree:          124064 kB
Active:           353728 kB
Mem:          3.8G       3.7G       121M       5.7M        29M       3.2G

MemTotal:        4016004 kB
MemFree:          124312 kB
Active:           353732 kB
Mem:          3.8G       3.7G       121M       5.7M        29M       3.2G

MemTotal:        4016004 kB
MemFree:          124560 kB
Active:           353696 kB
Mem:          3.8G       3.7G       121M       5.7M        29M       3.2G

MemTotal:        4016004 kB
MemFree:          124436 kB
Active:           353684 kB
Mem:          3.8G       3.7G       121M       5.7M        29M       3.2G

MemTotal:        4016004 kB
MemFree:          124312 kB
Active:           353712 kB
Mem:          3.8G       3.7G       121M       5.7M        29M       3.2G

MemTotal:        4016004 kB
MemFree:          124436 kB
Active:           353704 kB
Mem:          3.8G       3.7G       121M       5.7M        29M       3.2G

MemTotal:        4016004 kB
MemFree:          124436 kB
Active:           353724 kB
Mem:          3.8G       3.7G       121M       5.7M        29M       3.2G

MemTotal:        4016004 kB
MemFree:          124684 kB
Active:           353700 kB
