MemTotal:        4016004 kB
MemFree:         3242440 kB
Active:           417352 kB
Mem:          3.8G       755M       3.1G       5.7M        50M       319M

MemTotal:        4016004 kB
MemFree:         3242812 kB
Active:           417164 kB
Mem:          3.8G       754M       3.1G       5.7M        50M       319M

MemTotal:        4016004 kB
MemFree:         3243308 kB
Active:           417240 kB
Mem:          3.8G       754M       3.1G       5.7M        50M       319M

MemTotal:        4016004 kB
MemFree:         3243168 kB
Active:           417240 kB
Mem:          3.8G       754M       3.1G       5.7M        50M       319M

MemTotal:        4016004 kB
MemFree:         3243664 kB
Active:           417216 kB
Mem:          3.8G       754M       3.1G       5.7M        50M       319M

MemTotal:        4016004 kB
MemFree:         3243540 kB
Active:           417236 kB
Mem:          3.8G       754M       3.1G       5.7M        50M       319M

MemTotal:        4016004 kB
MemFree:         3243524 kB
Active:           417252 kB
Mem:          3.8G       754M       3.1G       5.7M        50M       319M

MemTotal:        4016004 kB
MemFree:         3243400 kB
Active:           417232 kB
Mem:          3.8G       754M       3.1G       5.7M        50M       319M

MemTotal:        4016004 kB
MemFree:         3243152 kB
Active:           417264 kB
Mem:          3.8G       754M       3.1G       5.7M        50M       319M

MemTotal:        4016004 kB
MemFree:         3243896 kB
Active:           417236 kB
Mem:          3.8G       754M       3.1G       5.7M        50M       319M

MemTotal:        4016004 kB
MemFree:         3244020 kB
Active:           417240 kB
Mem:          3.8G       753M       3.1G       5.7M        50M       319M

MemTotal:        4016004 kB
MemFree:         3244268 kB
Active:           417208 kB
Mem:          3.8G       753M       3.1G       5.7M        50M       319M

MemTotal:        4016004 kB
MemFree:         3244268 kB
Active:           417260 kB
Mem:          3.8G       753M       3.1G       5.7M        50M       319M

MemTotal:        4016004 kB
MemFree:         3244424 kB
Active:           417232 kB
Mem:          3.8G       753M       3.1G       5.7M        50M       319M

MemTotal:        4016004 kB
MemFree:         3244300 kB
Active:           417228 kB
Mem:          3.8G       753M       3.1G       5.7M        50M       319M

MemTotal:        4016004 kB
MemFree:         3244020 kB
Active:           417240 kB
Mem:          3.8G       754M       3.1G       5.7M        50M       319M

MemTotal:        4016004 kB
MemFree:         3244144 kB
Active:           417252 kB
Mem:          3.8G       753M       3.1G       5.7M        50M       319M

MemTotal:        4016004 kB
MemFree:         3244268 kB
Active:           417220 kB
Mem:          3.8G       753M       3.1G       5.7M        50M       319M

MemTotal:        4016004 kB
MemFree:         3244392 kB
Active:           417228 kB
Mem:          3.8G       753M       3.1G       5.7M        50M       319M

MemTotal:        4016004 kB
MemFree:         3243880 kB
Active:           417268 kB
Mem:          3.8G       753M       3.1G       5.7M        50M       319M

MemTotal:        4016004 kB
MemFree:         3243988 kB
Active:           417248 kB
Mem:          3.8G       753M       3.1G       5.7M        50M       319M

MemTotal:        4016004 kB
MemFree:         3243972 kB
Active:           417220 kB
Mem:          3.8G       753M       3.1G       5.7M        50M       319M

MemTotal:        4016004 kB
MemFree:         3244176 kB
Active:           415320 kB
Mem:          3.8G       753M       3.1G       5.7M        50M       319M

MemTotal:        4016004 kB
MemFree:         3244124 kB
Active:           417256 kB
Mem:          3.8G       753M       3.1G       5.7M        50M       319M

MemTotal:        4016004 kB
MemFree:         3244448 kB
Active:           417276 kB
Mem:          3.8G       753M       3.1G       5.7M        50M       319M

MemTotal:        4016004 kB
MemFree:         3243860 kB
Active:           417256 kB
Mem:          3.8G       754M       3.1G       5.7M        50M       319M

MemTotal:        4016004 kB
MemFree:         3243860 kB
Active:           417276 kB
Mem:          3.8G       754M       3.1G       5.7M        50M       319M

MemTotal:        4016004 kB
MemFree:         3242868 kB
Active:           417288 kB
Mem:          3.8G       754M       3.1G       5.7M        50M       319M

MemTotal:        4016004 kB
MemFree:         3243224 kB
Active:           417264 kB
Mem:          3.8G       754M       3.1G       5.7M        50M       319M

MemTotal:        4016004 kB
MemFree:         3243208 kB
Active:           417280 kB
Mem:          3.8G       754M       3.1G       5.7M        50M       319M

MemTotal:        4016004 kB
MemFree:         3243256 kB
Active:           417288 kB
Mem:          3.8G       754M       3.1G       5.7M        50M       319M

MemTotal:        4016004 kB
MemFree:         3243256 kB
Active:           417288 kB
Mem:          3.8G       754M       3.1G       5.7M        50M       319M

MemTotal:        4016004 kB
MemFree:         3241084 kB
Active:           417252 kB
Mem:          3.8G       756M       3.1G       5.7M        50M       319M

MemTotal:        4016004 kB
MemFree:         3241332 kB
Active:           419292 kB
Mem:          3.8G       756M       3.1G       5.7M        50M       319M

MemTotal:        4016004 kB
MemFree:         3241332 kB
Active:           419272 kB
Mem:          3.8G       756M       3.1G       5.7M        50M       319M

MemTotal:        4016004 kB
MemFree:         3241580 kB
Active:           419284 kB
Mem:          3.8G       756M       3.1G       5.7M        50M       319M

MemTotal:        4016004 kB
MemFree:         3241580 kB
Active:           419320 kB
Mem:          3.8G       756M       3.1G       5.7M        50M       319M

MemTotal:        4016004 kB
MemFree:         3241580 kB
Active:           419328 kB
Mem:          3.8G       756M       3.1G       5.7M        50M       319M

MemTotal:        4016004 kB
MemFree:         3241580 kB
Active:           419308 kB
Mem:          3.8G       756M       3.1G       5.7M        50M       319M

MemTotal:        4016004 kB
MemFree:         3241580 kB
Active:           419332 kB
Mem:          3.8G       756M       3.1G       5.7M        50M       319M

MemTotal:        4016004 kB
MemFree:         3241332 kB
Active:           419340 kB
Mem:          3.8G       756M       3.1G       5.7M        50M       319M

MemTotal:        4016004 kB
MemFree:         3241056 kB
Active:           419348 kB
Mem:          3.8G       756M       3.1G       5.7M        50M       319M

MemTotal:        4016004 kB
MemFree:         3241364 kB
Active:           417268 kB
Mem:          3.8G       756M       3.1G       5.7M        50M       319M

MemTotal:        4016004 kB
MemFree:         3241240 kB
Active:           419356 kB
Mem:          3.8G       756M       3.1G       5.7M        50M       319M

MemTotal:        4016004 kB
MemFree:         3241612 kB
Active:           419300 kB
Mem:          3.8G       756M       3.1G       5.7M        50M       319M

MemTotal:        4016004 kB
MemFree:         3241612 kB
Active:           419352 kB
Mem:          3.8G       756M       3.1G       5.7M        50M       319M

MemTotal:        4016004 kB
MemFree:         3241612 kB
Active:           419336 kB
Mem:          3.8G       756M       3.1G       5.7M        50M       319M

MemTotal:        4016004 kB
MemFree:         3241364 kB
Active:           419328 kB
Mem:          3.8G       756M       3.1G       5.7M        50M       319M

MemTotal:        4016004 kB
MemFree:         3241364 kB
Active:           419316 kB
Mem:          3.8G       756M       3.1G       5.7M        50M       319M

MemTotal:        4016004 kB
MemFree:         3241768 kB
Active:           419324 kB
Mem:          3.8G       756M       3.1G       5.7M        50M       319M

MemTotal:        4016004 kB
MemFree:         3241644 kB
Active:           419364 kB
Mem:          3.8G       756M       3.1G       5.7M        50M       319M

MemTotal:        4016004 kB
MemFree:         3240900 kB
Active:           419368 kB
Mem:          3.8G       756M       3.1G       5.7M        50M       319M

MemTotal:        4016004 kB
MemFree:         3240696 kB
Active:           417344 kB
Mem:          3.8G       757M       3.1G       5.7M        50M       319M

MemTotal:        4016004 kB
MemFree:         3241052 kB
Active:           419392 kB
Mem:          3.8G       757M       3.1G       5.7M        50M       319M

MemTotal:        4016004 kB
MemFree:         3240912 kB
Active:           419384 kB
Mem:          3.8G       757M       3.1G       5.7M        50M       319M

MemTotal:        4016004 kB
MemFree:         3240416 kB
Active:           419436 kB
Mem:          3.8G       757M       3.1G       5.7M        50M       319M

MemTotal:        4016004 kB
MemFree:         3241144 kB
Active:           419420 kB
Mem:          3.8G       756M       3.1G       5.7M        50M       319M

MemTotal:        4016004 kB
MemFree:         3241624 kB
Active:           419428 kB
Mem:          3.8G       756M       3.1G       5.7M        50M       319M

MemTotal:        4016004 kB
MemFree:         3241608 kB
Active:           419428 kB
Mem:          3.8G       756M       3.1G       5.7M        50M       319M

MemTotal:        4016004 kB
MemFree:         3241716 kB
Active:           419432 kB
Mem:          3.8G       756M       3.1G       5.7M        50M       319M

MemTotal:        4016004 kB
MemFree:         3241452 kB
Active:           419424 kB
Mem:          3.8G       756M       3.1G       5.7M        50M       319M

MemTotal:        4016004 kB
MemFree:         3241436 kB
Active:           419432 kB
Mem:          3.8G       756M       3.1G       5.7M        50M       319M

MemTotal:        4016004 kB
MemFree:         3240940 kB
Active:           419456 kB
Mem:          3.8G       756M       3.1G       5.7M        50M       319M

MemTotal:        4016004 kB
MemFree:         3241328 kB
Active:           419452 kB
Mem:          3.8G       756M       3.1G       5.7M        50M       319M

MemTotal:        4016004 kB
MemFree:         3241452 kB
Active:           419436 kB
Mem:          3.8G       756M       3.1G       5.7M        50M       319M

MemTotal:        4016004 kB
MemFree:         3241328 kB
Active:           419448 kB
Mem:          3.8G       756M       3.1G       5.7M        50M       319M

MemTotal:        4016004 kB
MemFree:         3241328 kB
Active:           419452 kB
Mem:          3.8G       756M       3.1G       5.7M        50M       319M

MemTotal:        4016004 kB
MemFree:         3241452 kB
Active:           419424 kB
Mem:          3.8G       756M       3.1G       5.7M        50M       319M

MemTotal:        4016004 kB
MemFree:         3241452 kB
Active:           419420 kB
Mem:          3.8G       756M       3.1G       5.7M        50M       319M

MemTotal:        4016004 kB
MemFree:         3241204 kB
Active:           419448 kB
Mem:          3.8G       756M       3.1G       5.7M        50M       319M

MemTotal:        4016004 kB
MemFree:         3241328 kB
Active:           419428 kB
Mem:          3.8G       756M       3.1G       5.7M        50M       319M

MemTotal:        4016004 kB
MemFree:         3241452 kB
Active:           419440 kB
Mem:          3.8G       756M       3.1G       5.7M        50M       319M

MemTotal:        4016004 kB
MemFree:         3241324 kB
Active:           417376 kB
Mem:          3.8G       756M       3.1G       5.7M        50M       319M

MemTotal:        4016004 kB
MemFree:         3241572 kB
Active:           419436 kB
Mem:          3.8G       756M       3.1G       5.7M        50M       319M

MemTotal:        4016004 kB
MemFree:         3241448 kB
Active:           419452 kB
Mem:          3.8G       756M       3.1G       5.7M        50M       319M

MemTotal:        4016004 kB
MemFree:         3241572 kB
Active:           419456 kB
Mem:          3.8G       756M       3.1G       5.7M        50M       319M

MemTotal:        4016004 kB
MemFree:         3241200 kB
Active:           419452 kB
Mem:          3.8G       757M       3.1G       5.7M        50M       319M

MemTotal:        4016004 kB
MemFree:         3241076 kB
Active:           419440 kB
Mem:          3.8G       756M       3.1G       5.7M        50M       319M

MemTotal:        4016004 kB
MemFree:         3241388 kB
Active:           419420 kB
Mem:          3.8G       756M       3.1G       5.7M        50M       319M

MemTotal:        4016004 kB
MemFree:         3241264 kB
Active:           419428 kB
Mem:          3.8G       756M       3.1G       5.7M        50M       319M

MemTotal:        4016004 kB
MemFree:         3241264 kB
Active:           419416 kB
Mem:          3.8G       756M       3.1G       5.7M        50M       319M

MemTotal:        4016004 kB
MemFree:         3241212 kB
Active:           417556 kB
Mem:          3.8G       756M       3.1G       5.7M        50M       319M

MemTotal:        4016004 kB
MemFree:         3241496 kB
Active:           419528 kB
Mem:          3.8G       756M       3.1G       5.7M        50M       319M

MemTotal:        4016004 kB
MemFree:         3241124 kB
Active:           419572 kB
Mem:          3.8G       756M       3.1G       5.7M        50M       319M

MemTotal:        4016004 kB
MemFree:         3241372 kB
Active:           419516 kB
Mem:          3.8G       756M       3.1G       5.7M        50M       319M

MemTotal:        4016004 kB
MemFree:         3241620 kB
Active:           419528 kB
Mem:          3.8G       756M       3.1G       5.7M        50M       319M

MemTotal:        4016004 kB
MemFree:         3241496 kB
Active:           419516 kB
Mem:          3.8G       756M       3.1G       5.7M        50M       319M

MemTotal:        4016004 kB
MemFree:         3241000 kB
Active:           419572 kB
Mem:          3.8G       756M       3.1G       5.7M        50M       319M

MemTotal:        4016004 kB
MemFree:         3241248 kB
Active:           419548 kB
Mem:          3.8G       756M       3.1G       5.7M        50M       319M

MemTotal:        4016004 kB
MemFree:         3241248 kB
Active:           419524 kB
Mem:          3.8G       756M       3.1G       5.7M        50M       319M

MemTotal:        4016004 kB
MemFree:         3241296 kB
Active:           419572 kB
Mem:          3.8G       756M       3.1G       5.7M        50M       319M

MemTotal:        4016004 kB
MemFree:         3241156 kB
Active:           417648 kB
Mem:          3.8G       756M       3.1G       5.7M        50M       319M

MemTotal:        4016004 kB
MemFree:         3241356 kB
Active:           419572 kB
Mem:          3.8G       756M       3.1G       5.7M        50M       319M

MemTotal:        4016004 kB
MemFree:         3241232 kB
Active:           419576 kB
Mem:          3.8G       756M       3.1G       5.7M        50M       319M

MemTotal:        4016004 kB
MemFree:         3241356 kB
Active:           419576 kB
Mem:          3.8G       756M       3.1G       5.7M        50M       319M

MemTotal:        4016004 kB
MemFree:         3241356 kB
Active:           419588 kB
Mem:          3.8G       756M       3.1G       5.7M        50M       319M

MemTotal:        4016004 kB
MemFree:         3241604 kB
Active:           419592 kB
Mem:          3.8G       756M       3.1G       5.7M        50M       319M

MemTotal:        4016004 kB
MemFree:         3241480 kB
Active:           419584 kB
Mem:          3.8G       756M       3.1G       5.7M        50M       319M

MemTotal:        4016004 kB
MemFree:         3241480 kB
Active:           419608 kB
Mem:          3.8G       756M       3.1G       5.7M        50M       319M

MemTotal:        4016004 kB
MemFree:         3240860 kB
Active:           419612 kB
Mem:          3.8G       756M       3.1G       5.7M        50M       319M

MemTotal:        4016004 kB
MemFree:         3240704 kB
Active:           419724 kB
Mem:          3.8G       757M       3.1G       5.7M        50M       319M

MemTotal:        4016004 kB
MemFree:         3196784 kB
Active:           420256 kB
Mem:          3.8G       800M       3.0G       5.7M        50M       363M

MemTotal:        4016004 kB
MemFree:         3148404 kB
Active:           420260 kB
Mem:          3.8G       848M       3.0G       5.7M        50M       409M

MemTotal:        4016004 kB
MemFree:         3099080 kB
Active:           420308 kB
Mem:          3.8G       896M       3.0G       5.7M        50M       457M

MemTotal:        4016004 kB
MemFree:         3049740 kB
Active:           420360 kB
Mem:          3.8G       944M       2.9G       5.7M        50M       504M

MemTotal:        4016004 kB
MemFree:         3000152 kB
Active:           420356 kB
Mem:          3.8G       992M       2.9G       5.7M        50M       551M

MemTotal:        4016004 kB
MemFree:         2958820 kB
Active:           420412 kB
Mem:          3.8G       1.0G       2.8G       5.7M        50M       590M

MemTotal:        4016004 kB
MemFree:         2946792 kB
Active:           420432 kB
Mem:          3.8G       1.0G       2.8G       5.7M        50M       602M

MemTotal:        4016004 kB
MemFree:         2898336 kB
Active:           420476 kB
Mem:          3.8G       1.1G       2.8G       5.7M        50M       649M

MemTotal:        4016004 kB
MemFree:         2847384 kB
Active:           420476 kB
Mem:          3.8G       1.1G       2.7G       5.7M        50M       697M

MemTotal:        4016004 kB
MemFree:         2798788 kB
Active:           420516 kB
Mem:          3.8G       1.2G       2.7G       5.7M        51M       744M

MemTotal:        4016004 kB
MemFree:         2786604 kB
Active:           420488 kB
Mem:          3.8G       1.2G       2.7G       5.7M        51M       755M

MemTotal:        4016004 kB
MemFree:         2746596 kB
Active:           420552 kB
Mem:          3.8G       1.2G       2.6G       5.7M        51M       794M

MemTotal:        4016004 kB
MemFree:         2698000 kB
Active:           420584 kB
Mem:          3.8G       1.3G       2.6G       5.7M        51M       841M

MemTotal:        4016004 kB
MemFree:         2684584 kB
Active:           420620 kB
Mem:          3.8G       1.3G       2.6G       5.7M        51M       853M

MemTotal:        4016004 kB
MemFree:         2648732 kB
Active:           420656 kB
Mem:          3.8G       1.3G       2.5G       5.7M        51M       888M

MemTotal:        4016004 kB
MemFree:         2620896 kB
Active:           420668 kB
Mem:          3.8G       1.3G       2.5G       5.7M        51M       914M

MemTotal:        4016004 kB
MemFree:         2619756 kB
Active:           420680 kB
Mem:          3.8G       1.3G       2.5G       5.7M        51M       916M

MemTotal:        4016004 kB
MemFree:         2571688 kB
Active:           420684 kB
Mem:          3.8G       1.4G       2.5G       5.7M        51M       963M

MemTotal:        4016004 kB
MemFree:         2522224 kB
Active:           420752 kB
Mem:          3.8G       1.4G       2.4G       5.7M        51M       1.0G

MemTotal:        4016004 kB
MemFree:         2471208 kB
Active:           420748 kB
Mem:          3.8G       1.5G       2.4G       5.7M        51M       1.0G

MemTotal:        4016004 kB
MemFree:         2421760 kB
Active:           422788 kB
Mem:          3.8G       1.5G       2.3G       5.7M        51M       1.1G

MemTotal:        4016004 kB
MemFree:         2372916 kB
Active:           422832 kB
Mem:          3.8G       1.6G       2.3G       5.7M        51M       1.1G

MemTotal:        4016004 kB
MemFree:         2324412 kB
Active:           422868 kB
Mem:          3.8G       1.6G       2.2G       5.7M        51M       1.2G

MemTotal:        4016004 kB
MemFree:         2276468 kB
Active:           422868 kB
Mem:          3.8G       1.7G       2.2G       5.7M        51M       1.2G

MemTotal:        4016004 kB
MemFree:         2229864 kB
Active:           422896 kB
Mem:          3.8G       1.7G       2.1G       5.7M        51M       1.3G

MemTotal:        4016004 kB
MemFree:         2229644 kB
Active:           422904 kB
Mem:          3.8G       1.7G       2.1G       5.7M        51M       1.3G

MemTotal:        4016004 kB
MemFree:         2229584 kB
Active:           422948 kB
Mem:          3.8G       1.7G       2.1G       5.7M        51M       1.3G

MemTotal:        4016004 kB
MemFree:         2222572 kB
Active:           422944 kB
Mem:          3.8G       1.7G       2.1G       5.7M        51M       1.3G

MemTotal:        4016004 kB
MemFree:         2173356 kB
Active:           422944 kB
Mem:          3.8G       1.8G       2.1G       5.7M        51M       1.3G

MemTotal:        4016004 kB
MemFree:         2122892 kB
Active:           420944 kB
Mem:          3.8G       1.8G       2.0G       5.7M        51M       1.4G

MemTotal:        4016004 kB
MemFree:         2074792 kB
Active:           422984 kB
Mem:          3.8G       1.9G       2.0G       5.7M        51M       1.4G

MemTotal:        4016004 kB
MemFree:         2025328 kB
Active:           423012 kB
Mem:          3.8G       1.9G       1.9G       5.7M        51M       1.5G

MemTotal:        4016004 kB
MemFree:         1975120 kB
Active:           423040 kB
Mem:          3.8G       1.9G       1.9G       5.7M        51M       1.5G

MemTotal:        4016004 kB
MemFree:         1926276 kB
Active:           423088 kB
Mem:          3.8G       2.0G       1.8G       5.7M        51M       1.5G

MemTotal:        4016004 kB
MemFree:         1877260 kB
Active:           423068 kB
Mem:          3.8G       2.0G       1.8G       5.7M        51M       1.6G

MemTotal:        4016004 kB
MemFree:         1854536 kB
Active:           423136 kB
Mem:          3.8G       2.1G       1.8G       5.7M        51M       1.6G

MemTotal:        4016004 kB
MemFree:         1805584 kB
Active:           423172 kB
Mem:          3.8G       2.1G       1.7G       5.7M        51M       1.7G

MemTotal:        4016004 kB
MemFree:         1787680 kB
Active:           423192 kB
Mem:          3.8G       2.1G       1.7G       5.7M        51M       1.7G

MemTotal:        4016004 kB
MemFree:         1785916 kB
Active:           421164 kB
Mem:          3.8G       2.1G       1.7G       5.7M        51M       1.7G

MemTotal:        4016004 kB
MemFree:         1740020 kB
Active:           423196 kB
Mem:          3.8G       2.2G       1.7G       5.7M        51M       1.7G

MemTotal:        4016004 kB
MemFree:         1732940 kB
Active:           423248 kB
Mem:          3.8G       2.2G       1.7G       5.7M        51M       1.7G

MemTotal:        4016004 kB
MemFree:         1698564 kB
Active:           423240 kB
Mem:          3.8G       2.2G       1.6G       5.7M        51M       1.8G

MemTotal:        4016004 kB
MemFree:         1649504 kB
Active:           423292 kB
Mem:          3.8G       2.3G       1.6G       5.7M        51M       1.8G

MemTotal:        4016004 kB
MemFree:         1599360 kB
Active:           423328 kB
Mem:          3.8G       2.3G       1.5G       5.7M        51M       1.9G

MemTotal:        4016004 kB
MemFree:         1551508 kB
Active:           423316 kB
Mem:          3.8G       2.4G       1.5G       5.7M        51M       1.9G

MemTotal:        4016004 kB
MemFree:         1502044 kB
Active:           423364 kB
Mem:          3.8G       2.4G       1.4G       5.7M        51M       1.9G

MemTotal:        4016004 kB
MemFree:         1453200 kB
Active:           423348 kB
Mem:          3.8G       2.4G       1.4G       5.7M        51M       2.0G

MemTotal:        4016004 kB
MemFree:         1404448 kB
Active:           423400 kB
Mem:          3.8G       2.5G       1.3G       5.7M        51M       2.0G

MemTotal:        4016004 kB
MemFree:         1354156 kB
Active:           421404 kB
Mem:          3.8G       2.5G       1.3G       5.7M        51M       2.1G

MemTotal:        4016004 kB
MemFree:         1344044 kB
Active:           423468 kB
Mem:          3.8G       2.5G       1.3G       5.7M        51M       2.1G

MemTotal:        4016004 kB
MemFree:         1343920 kB
Active:           423484 kB
Mem:          3.8G       2.5G       1.3G       5.7M        51M       2.1G

MemTotal:        4016004 kB
MemFree:         1344140 kB
Active:           423504 kB
Mem:          3.8G       2.5G       1.3G       5.7M        51M       2.1G

MemTotal:        4016004 kB
MemFree:         1305964 kB
Active:           423500 kB
Mem:          3.8G       2.6G       1.2G       5.7M        51M       2.1G

MemTotal:        4016004 kB
MemFree:         1256004 kB
Active:           423564 kB
Mem:          3.8G       2.6G       1.2G       5.7M        51M       2.2G

MemTotal:        4016004 kB
MemFree:         1206664 kB
Active:           423620 kB
Mem:          3.8G       2.7G       1.1G       5.7M        51M       2.2G

MemTotal:        4016004 kB
MemFree:         1157948 kB
Active:           423636 kB
Mem:          3.8G       2.7G       1.1G       5.7M        51M       2.3G

MemTotal:        4016004 kB
MemFree:         1108608 kB
Active:           423636 kB
Mem:          3.8G       2.8G       1.1G       5.7M        51M       2.3G

MemTotal:        4016004 kB
MemFree:         1058460 kB
Active:           423628 kB
Mem:          3.8G       2.8G       1.0G       5.7M        51M       2.4G

MemTotal:        4016004 kB
MemFree:         1010004 kB
Active:           425708 kB
Mem:          3.8G       2.9G       985M       5.7M        51M       2.4G

MemTotal:        4016004 kB
MemFree:          989728 kB
Active:           425732 kB
Mem:          3.8G       2.9G       966M       5.7M        52M       2.4G

MemTotal:        4016004 kB
MemFree:          953580 kB
Active:           425744 kB
Mem:          3.8G       2.9G       930M       5.7M        52M       2.5G

MemTotal:        4016004 kB
MemFree:          904716 kB
Active:           425788 kB
Mem:          3.8G       3.0G       883M       5.7M        52M       2.5G

MemTotal:        4016004 kB
MemFree:          856680 kB
Active:           425800 kB
Mem:          3.8G       3.0G       836M       5.7M        52M       2.5G

MemTotal:        4016004 kB
MemFree:          807716 kB
Active:           425828 kB
Mem:          3.8G       3.1G       787M       5.7M        52M       2.6G

MemTotal:        4016004 kB
MemFree:          758708 kB
Active:           425884 kB
Mem:          3.8G       3.1G       739M       5.7M        52M       2.6G

MemTotal:        4016004 kB
MemFree:          708688 kB
Active:           425884 kB
Mem:          3.8G       3.2G       690M       5.7M        52M       2.7G

MemTotal:        4016004 kB
MemFree:          659308 kB
Active:           425952 kB
Mem:          3.8G       3.2G       642M       5.7M        52M       2.7G

MemTotal:        4016004 kB
MemFree:          609968 kB
Active:           425996 kB
Mem:          3.8G       3.2G       594M       5.7M        52M       2.8G

MemTotal:        4016004 kB
MemFree:          565540 kB
Active:           426012 kB
Mem:          3.8G       3.3G       552M       5.7M        52M       2.8G

MemTotal:        4016004 kB
MemFree:          547808 kB
Active:           426076 kB
Mem:          3.8G       3.3G       534M       5.7M        52M       2.8G

MemTotal:        4016004 kB
MemFree:          499336 kB
Active:           425956 kB
Mem:          3.8G       3.4G       486M       5.7M        52M       2.9G

MemTotal:        4016004 kB
MemFree:          493376 kB
Active:           425940 kB
Mem:          3.8G       3.4G       481M       5.7M        52M       2.9G

MemTotal:        4016004 kB
MemFree:          492988 kB
Active:           425988 kB
Mem:          3.8G       3.4G       481M       5.7M        52M       2.9G

MemTotal:        4016004 kB
MemFree:          493224 kB
Active:           426000 kB
Mem:          3.8G       3.4G       481M       5.7M        52M       2.9G

MemTotal:        4016004 kB
MemFree:          468876 kB
Active:           426052 kB
Mem:          3.8G       3.4G       456M       5.7M        52M       2.9G

MemTotal:        4016004 kB
MemFree:          419536 kB
Active:           426044 kB
Mem:          3.8G       3.4G       408M       5.7M        52M       3.0G

MemTotal:        4016004 kB
MemFree:          369140 kB
Active:           424060 kB
Mem:          3.8G       3.5G       359M       5.7M        52M       3.0G

MemTotal:        4016004 kB
MemFree:          319552 kB
Active:           426124 kB
Mem:          3.8G       3.5G       311M       5.7M        52M       3.1G

MemTotal:        4016004 kB
MemFree:          270832 kB
Active:           426116 kB
Mem:          3.8G       3.6G       264M       5.7M        52M       3.1G

MemTotal:        4016004 kB
MemFree:          222360 kB
Active:           426172 kB
Mem:          3.8G       3.6G       216M       5.7M        52M       3.1G

MemTotal:        4016004 kB
MemFree:          172524 kB
Active:           426152 kB
Mem:          3.8G       3.7G       167M       5.7M        52M       3.2G

MemTotal:        4016004 kB
MemFree:          144436 kB
Active:           426220 kB
Mem:          3.8G       3.7G       140M       5.7M        52M       3.2G

MemTotal:        4016004 kB
MemFree:          131252 kB
Active:           421480 kB
Mem:          3.8G       3.7G       141M       5.7M        19M       3.2G

MemTotal:        4016004 kB
MemFree:          121524 kB
Active:           427724 kB
Mem:          3.8G       3.7G       118M       5.7M        19M       3.3G

MemTotal:        4016004 kB
MemFree:          116468 kB
Active:           437292 kB
Mem:          3.8G       3.7G       111M       5.7M        19M       3.3G

MemTotal:        4016004 kB
MemFree:          125484 kB
Active:           463192 kB
Mem:          3.8G       3.7G       122M       5.7M        19M       3.3G

MemTotal:        4016004 kB
MemFree:          125608 kB
Active:           463176 kB
Mem:          3.8G       3.7G       122M       5.7M        19M       3.3G

MemTotal:        4016004 kB
MemFree:          120332 kB
Active:           482920 kB
Mem:          3.8G       3.7G       116M       5.7M        19M       3.3G

MemTotal:        4016004 kB
MemFree:          121560 kB
Active:           480076 kB
Mem:          3.8G       3.7G       117M       5.7M        19M       3.3G

MemTotal:        4016004 kB
MemFree:          119572 kB
Active:           475036 kB
Mem:          3.8G       3.7G       115M       5.7M        19M       3.3G

MemTotal:        4016004 kB
MemFree:          124312 kB
Active:           466944 kB
Mem:          3.8G       3.7G       120M       5.7M        19M       3.3G

MemTotal:        4016004 kB
MemFree:          111304 kB
Active:           463516 kB
Mem:          3.8G       3.7G       107M       5.7M        19M       3.3G

MemTotal:        4016004 kB
MemFree:          135124 kB
Active:           456744 kB
Mem:          3.8G       3.7G       131M       5.7M        19M       3.3G

MemTotal:        4016004 kB
MemFree:          133524 kB
Active:           449744 kB
Mem:          3.8G       3.7G       129M       5.7M        19M       3.3G

MemTotal:        4016004 kB
MemFree:          127428 kB
Active:           444796 kB
Mem:          3.8G       3.7G       123M       5.7M        19M       3.3G

MemTotal:        4016004 kB
MemFree:          126756 kB
Active:           441344 kB
Mem:          3.8G       3.7G       122M       5.7M        19M       3.3G

MemTotal:        4016004 kB
MemFree:          120896 kB
Active:           441708 kB
Mem:          3.8G       3.7G       116M       5.7M        19M       3.3G

MemTotal:        4016004 kB
MemFree:          109552 kB
Active:           441760 kB
Mem:          3.8G       3.7G       106M       5.7M        19M       3.3G

MemTotal:        4016004 kB
MemFree:          110944 kB
Active:           441268 kB
Mem:          3.8G       3.7G       107M       5.7M        19M       3.3G

MemTotal:        4016004 kB
MemFree:          128244 kB
Active:           439204 kB
Mem:          3.8G       3.7G       125M       5.7M        20M       3.3G

MemTotal:        4016004 kB
MemFree:          129336 kB
Active:           438996 kB
Mem:          3.8G       3.7G       126M       5.7M        20M       3.3G

MemTotal:        4016004 kB
MemFree:          124528 kB
Active:           437988 kB
Mem:          3.8G       3.7G       120M       5.7M        20M       3.3G

MemTotal:        4016004 kB
MemFree:          105320 kB
Active:           436836 kB
Mem:          3.8G       3.7G       125M       5.7M        20M       3.3G

MemTotal:        4016004 kB
MemFree:          122692 kB
Active:           434820 kB
Mem:          3.8G       3.7G       119M       5.7M        20M       3.3G

MemTotal:        4016004 kB
MemFree:          134608 kB
Active:           432912 kB
Mem:          3.8G       3.7G       130M       5.7M        20M       3.3G

MemTotal:        4016004 kB
MemFree:          115476 kB
Active:           432932 kB
Mem:          3.8G       3.7G       111M       5.7M        20M       3.3G

MemTotal:        4016004 kB
MemFree:          126856 kB
Active:           431188 kB
Mem:          3.8G       3.7G       122M       5.7M        20M       3.3G

MemTotal:        4016004 kB
MemFree:          125792 kB
Active:           425480 kB
Mem:          3.8G       3.7G       122M       5.7M        20M       3.3G

MemTotal:        4016004 kB
MemFree:          123732 kB
Active:           424872 kB
Mem:          3.8G       3.7G       120M       5.7M        20M       3.3G

MemTotal:        4016004 kB
MemFree:          126692 kB
Active:           424236 kB
Mem:          3.8G       3.7G       123M       5.7M        20M       3.3G

MemTotal:        4016004 kB
MemFree:          126136 kB
Active:           424280 kB
Mem:          3.8G       3.7G       123M       5.7M        20M       3.3G

MemTotal:        4016004 kB
MemFree:          115928 kB
Active:           424268 kB
Mem:          3.8G       3.7G       112M       5.7M        20M       3.3G

MemTotal:        4016004 kB
MemFree:          111088 kB
Active:           422492 kB
Mem:          3.8G       3.7G       107M       5.7M        20M       3.3G

MemTotal:        4016004 kB
MemFree:          134304 kB
Active:           418316 kB
Mem:          3.8G       3.7G       130M       5.7M        20M       3.3G

MemTotal:        4016004 kB
MemFree:          121540 kB
Active:           414924 kB
Mem:          3.8G       3.7G       117M       5.7M        20M       3.3G

MemTotal:        4016004 kB
MemFree:          108904 kB
Active:           415832 kB
Mem:          3.8G       3.7G       105M       5.7M        20M       3.3G

MemTotal:        4016004 kB
MemFree:          107800 kB
Active:           413896 kB
Mem:          3.8G       3.7G       103M       5.7M        20M       3.3G

MemTotal:        4016004 kB
MemFree:          109796 kB
Active:           410040 kB
Mem:          3.8G       3.7G       106M       5.7M        20M       3.3G

MemTotal:        4016004 kB
MemFree:          115872 kB
Active:           408184 kB
Mem:          3.8G       3.7G       113M       5.7M        20M       3.3G

MemTotal:        4016004 kB
MemFree:          105736 kB
Active:           407032 kB
Mem:          3.8G       3.7G       125M       5.7M        20M       3.3G

MemTotal:        4016004 kB
MemFree:          123728 kB
Active:           404920 kB
Mem:          3.8G       3.7G       119M       5.7M        20M       3.3G

MemTotal:        4016004 kB
MemFree:          105268 kB
Active:           403952 kB
Mem:          3.8G       3.7G       125M       5.7M        20M       3.3G

MemTotal:        4016004 kB
MemFree:          123284 kB
Active:           399952 kB
Mem:          3.8G       3.7G       119M       5.7M        20M       3.3G

MemTotal:        4016004 kB
MemFree:          135388 kB
Active:           398032 kB
Mem:          3.8G       3.7G       131M       5.7M        20M       3.3G

MemTotal:        4016004 kB
MemFree:          123308 kB
Active:           397044 kB
Mem:          3.8G       3.7G       119M       5.7M        20M       3.3G

MemTotal:        4016004 kB
MemFree:          111260 kB
Active:           395956 kB
Mem:          3.8G       3.7G       108M       5.7M        20M       3.3G

MemTotal:        4016004 kB
MemFree:          111056 kB
Active:           394296 kB
Mem:          3.8G       3.7G       108M       5.7M        20M       3.3G

MemTotal:        4016004 kB
MemFree:          134940 kB
Active:           391932 kB
Mem:          3.8G       3.7G       130M       5.7M        20M       3.3G

MemTotal:        4016004 kB
MemFree:          123296 kB
Active:           390776 kB
Mem:          3.8G       3.7G       119M       5.7M        20M       3.3G

MemTotal:        4016004 kB
MemFree:          124548 kB
Active:           388908 kB
Mem:          3.8G       3.7G       120M       5.7M        20M       3.3G

MemTotal:        4016004 kB
MemFree:          130684 kB
Active:           386848 kB
Mem:          3.8G       3.7G       126M       5.7M        20M       3.3G

MemTotal:        4016004 kB
MemFree:          120624 kB
Active:           386904 kB
Mem:          3.8G       3.7G       117M       5.7M        20M       3.3G

MemTotal:        4016004 kB
MemFree:          108952 kB
Active:           385776 kB
Mem:          3.8G       3.7G       105M       5.7M        20M       3.3G

MemTotal:        4016004 kB
MemFree:          134468 kB
Active:           384660 kB
Mem:          3.8G       3.7G       131M       5.7M        20M       3.3G

MemTotal:        4016004 kB
MemFree:          132460 kB
Active:           384644 kB
Mem:          3.8G       3.7G       128M       5.7M        20M       3.3G

MemTotal:        4016004 kB
MemFree:          118708 kB
Active:           383532 kB
Mem:          3.8G       3.7G       115M       5.7M        20M       3.3G

MemTotal:        4016004 kB
MemFree:          105856 kB
Active:           382384 kB
Mem:          3.8G       3.7G       102M       5.7M        20M       3.3G

MemTotal:        4016004 kB
MemFree:          128000 kB
Active:           379984 kB
Mem:          3.8G       3.7G       124M       5.7M        20M       3.3G

MemTotal:        4016004 kB
MemFree:          121628 kB
Active:           378464 kB
Mem:          3.8G       3.7G       117M       5.7M        20M       3.3G

MemTotal:        4016004 kB
MemFree:          126436 kB
Active:           376688 kB
Mem:          3.8G       3.7G       122M       5.7M        20M       3.3G

MemTotal:        4016004 kB
MemFree:          136688 kB
Active:           374400 kB
Mem:          3.8G       3.7G       132M       5.7M        20M       3.2G

MemTotal:        4016004 kB
MemFree:          128376 kB
Active:           373300 kB
Mem:          3.8G       3.7G       125M       5.7M        20M       3.3G

MemTotal:        4016004 kB
MemFree:          126256 kB
Active:           373200 kB
Mem:          3.8G       3.7G       123M       5.7M        20M       3.3G

MemTotal:        4016004 kB
MemFree:          125760 kB
Active:           373176 kB
Mem:          3.8G       3.7G       122M       5.7M        20M       3.3G

MemTotal:        4016004 kB
MemFree:          125888 kB
Active:           373196 kB
Mem:          3.8G       3.7G       122M       5.7M        20M       3.3G

MemTotal:        4016004 kB
MemFree:          105388 kB
Active:           373196 kB
Mem:          3.8G       3.7G       125M       5.7M        20M       3.3G

MemTotal:        4016004 kB
MemFree:          124248 kB
Active:           371060 kB
Mem:          3.8G       3.7G       120M       5.7M        20M       3.3G

MemTotal:        4016004 kB
MemFree:          105164 kB
Active:           370064 kB
Mem:          3.8G       3.7G       108M       5.7M        20M       3.3G

MemTotal:        4016004 kB
MemFree:          123156 kB
Active:           368056 kB
Mem:          3.8G       3.7G       119M       5.7M        21M       3.3G

MemTotal:        4016004 kB
MemFree:          134808 kB
Active:           367976 kB
Mem:          3.8G       3.7G       130M       5.7M        21M       3.2G

MemTotal:        4016004 kB
MemFree:          123692 kB
Active:           367892 kB
Mem:          3.8G       3.7G       119M       5.7M        21M       3.3G

MemTotal:        4016004 kB
MemFree:          121736 kB
Active:           367888 kB
Mem:          3.8G       3.7G       117M       5.7M        21M       3.3G

MemTotal:        4016004 kB
MemFree:          108728 kB
Active:           367812 kB
Mem:          3.8G       3.7G       104M       5.7M        21M       3.3G

MemTotal:        4016004 kB
MemFree:          135220 kB
Active:           367720 kB
Mem:          3.8G       3.7G       131M       5.7M        21M       3.2G

MemTotal:        4016004 kB
MemFree:          139840 kB
Active:           367724 kB
Mem:          3.8G       3.7G       136M       5.7M        21M       3.2G

MemTotal:        4016004 kB
MemFree:          121776 kB
Active:           367708 kB
Mem:          3.8G       3.7G       118M       5.7M        21M       3.3G

MemTotal:        4016004 kB
MemFree:          117440 kB
Active:           367748 kB
Mem:          3.8G       3.7G       113M       5.7M        21M       3.3G

MemTotal:        4016004 kB
MemFree:          105552 kB
Active:           367800 kB
Mem:          3.8G       3.7G       125M       5.7M        21M       3.3G

MemTotal:        4016004 kB
MemFree:          129012 kB
Active:           367628 kB
Mem:          3.8G       3.7G       125M       5.7M        21M       3.3G

MemTotal:        4016004 kB
MemFree:          112324 kB
Active:           367660 kB
Mem:          3.8G       3.7G       109M       5.7M        21M       3.3G

MemTotal:        4016004 kB
MemFree:          135096 kB
Active:           367656 kB
Mem:          3.8G       3.7G       131M       5.7M        21M       3.2G

MemTotal:        4016004 kB
MemFree:          140760 kB
Active:           367676 kB
Mem:          3.8G       3.7G       136M       5.7M        21M       3.2G

MemTotal:        4016004 kB
MemFree:          129488 kB
Active:           367700 kB
Mem:          3.8G       3.7G       125M       5.7M        21M       3.3G

MemTotal:        4016004 kB
MemFree:          117348 kB
Active:           367752 kB
Mem:          3.8G       3.7G       114M       5.7M        21M       3.3G

MemTotal:        4016004 kB
MemFree:          117424 kB
Active:           367796 kB
Mem:          3.8G       3.7G       114M       5.7M        21M       3.3G

MemTotal:        4016004 kB
MemFree:          126116 kB
Active:           367816 kB
Mem:          3.8G       3.7G       121M       5.7M        21M       3.3G

MemTotal:        4016004 kB
MemFree:          121392 kB
Active:           367816 kB
Mem:          3.8G       3.7G       118M       5.7M        21M       3.3G

MemTotal:        4016004 kB
MemFree:          114644 kB
Active:           367848 kB
Mem:          3.8G       3.7G       111M       5.7M        21M       3.3G

MemTotal:        4016004 kB
MemFree:          114336 kB
Active:           367884 kB
Mem:          3.8G       3.7G       111M       5.7M        21M       3.3G

MemTotal:        4016004 kB
MemFree:          114528 kB
Active:           367884 kB
Mem:          3.8G       3.7G       111M       5.7M        21M       3.3G

MemTotal:        4016004 kB
MemFree:          119104 kB
Active:           367888 kB
Mem:          3.8G       3.7G       115M       5.7M        21M       3.3G

MemTotal:        4016004 kB
MemFree:          106360 kB
Active:           367912 kB
Mem:          3.8G       3.7G       102M       5.7M        21M       3.3G

MemTotal:        4016004 kB
MemFree:          125636 kB
Active:           367932 kB
Mem:          3.8G       3.7G       121M       5.7M        21M       3.3G

MemTotal:        4016004 kB
MemFree:          135136 kB
Active:           367968 kB
Mem:          3.8G       3.7G       131M       5.7M        21M       3.2G

MemTotal:        4016004 kB
MemFree:          123988 kB
Active:           367996 kB
Mem:          3.8G       3.7G       119M       5.7M        21M       3.3G

MemTotal:        4016004 kB
MemFree:          111368 kB
Active:           368020 kB
Mem:          3.8G       3.7G       108M       5.7M        21M       3.3G

MemTotal:        4016004 kB
MemFree:          134692 kB
Active:           367976 kB
Mem:          3.8G       3.7G       130M       5.7M        21M       3.2G

MemTotal:        4016004 kB
MemFree:          141664 kB
Active:           368008 kB
Mem:          3.8G       3.7G       137M       5.7M        21M       3.2G

MemTotal:        4016004 kB
MemFree:          129648 kB
Active:           368028 kB
Mem:          3.8G       3.7G       125M       5.7M        21M       3.3G

MemTotal:        4016004 kB
MemFree:          118656 kB
Active:           368052 kB
Mem:          3.8G       3.7G       114M       5.7M        21M       3.3G

MemTotal:        4016004 kB
MemFree:          118080 kB
Active:           368084 kB
Mem:          3.8G       3.7G       114M       5.7M        21M       3.3G

MemTotal:        4016004 kB
MemFree:          123440 kB
Active:           368108 kB
Mem:          3.8G       3.7G       119M       5.7M        21M       3.3G

MemTotal:        4016004 kB
MemFree:          104784 kB
Active:           368152 kB
Mem:          3.8G       3.7G       124M       5.7M        21M       3.3G

MemTotal:        4016004 kB
MemFree:          110912 kB
Active:           368176 kB
Mem:          3.8G       3.7G       107M       5.7M        21M       3.3G

MemTotal:        4016004 kB
MemFree:          135292 kB
Active:           368088 kB
Mem:          3.8G       3.7G       131M       5.7M        21M       3.2G

MemTotal:        4016004 kB
MemFree:          135144 kB
Active:           368108 kB
Mem:          3.8G       3.7G       131M       5.7M        21M       3.2G

MemTotal:        4016004 kB
MemFree:          123300 kB
Active:           368164 kB
Mem:          3.8G       3.7G       119M       5.7M        21M       3.3G

MemTotal:        4016004 kB
MemFree:          110416 kB
Active:           368164 kB
Mem:          3.8G       3.7G       106M       5.7M        21M       3.3G

MemTotal:        4016004 kB
MemFree:          133988 kB
Active:           368208 kB
Mem:          3.8G       3.7G       130M       5.7M        21M       3.2G

MemTotal:        4016004 kB
MemFree:          110192 kB
Active:           368200 kB
Mem:          3.8G       3.7G       106M       5.7M        21M       3.3G

MemTotal:        4016004 kB
MemFree:          133144 kB
Active:           368260 kB
Mem:          3.8G       3.7G       129M       5.7M        21M       3.2G

MemTotal:        4016004 kB
MemFree:          118076 kB
Active:           361500 kB
Mem:          3.8G       3.7G       113M       5.7M        21M       3.3G

MemTotal:        4016004 kB
MemFree:          136712 kB
Active:           361352 kB
Mem:          3.8G       3.7G       133M       5.7M        21M       3.2G

MemTotal:        4016004 kB
MemFree:          108356 kB
Active:           361392 kB
Mem:          3.8G       3.7G       105M       5.7M        21M       3.3G

MemTotal:        4016004 kB
MemFree:          133048 kB
Active:           361400 kB
Mem:          3.8G       3.7G       128M       5.7M        21M       3.2G

MemTotal:        4016004 kB
MemFree:          139016 kB
Active:           361440 kB
Mem:          3.8G       3.7G       134M       5.7M        22M       3.2G

MemTotal:        4016004 kB
MemFree:          108236 kB
Active:           361404 kB
Mem:          3.8G       3.7G       104M       5.7M        22M       3.3G

MemTotal:        4016004 kB
MemFree:          132552 kB
Active:           361456 kB
Mem:          3.8G       3.7G       128M       5.7M        22M       3.2G

MemTotal:        4016004 kB
MemFree:          131216 kB
Active:           361472 kB
Mem:          3.8G       3.7G       126M       5.7M        22M       3.2G

MemTotal:        4016004 kB
MemFree:          119324 kB
Active:           361516 kB
Mem:          3.8G       3.7G       115M       5.7M        22M       3.3G

MemTotal:        4016004 kB
MemFree:          118980 kB
Active:           361280 kB
Mem:          3.8G       3.7G       115M       5.7M        22M       3.3G

MemTotal:        4016004 kB
MemFree:          118992 kB
Active:           361308 kB
Mem:          3.8G       3.7G       115M       5.7M        22M       3.3G

MemTotal:        4016004 kB
MemFree:          130320 kB
Active:           361364 kB
Mem:          3.8G       3.7G       126M       5.7M        22M       3.2G

MemTotal:        4016004 kB
MemFree:          112696 kB
Active:           361372 kB
Mem:          3.8G       3.7G       109M       5.7M        22M       3.3G

MemTotal:        4016004 kB
MemFree:          121700 kB
Active:           361420 kB
Mem:          3.8G       3.7G       118M       5.7M        22M       3.3G

MemTotal:        4016004 kB
MemFree:          129420 kB
Active:           361440 kB
Mem:          3.8G       3.7G       126M       5.7M        22M       3.2G

MemTotal:        4016004 kB
MemFree:          128900 kB
Active:           361424 kB
Mem:          3.8G       3.7G       124M       5.7M        22M       3.2G

MemTotal:        4016004 kB
MemFree:          128108 kB
Active:           361460 kB
Mem:          3.8G       3.7G       124M       5.7M        22M       3.3G

MemTotal:        4016004 kB
MemFree:          104700 kB
Active:           361464 kB
Mem:          3.8G       3.7G       125M       5.7M        22M       3.2G

MemTotal:        4016004 kB
MemFree:          122568 kB
Active:           361380 kB
Mem:          3.8G       3.7G       119M       5.7M        22M       3.3G

MemTotal:        4016004 kB
MemFree:          104848 kB
Active:           361372 kB
Mem:          3.8G       3.7G       124M       5.7M        22M       3.2G

MemTotal:        4016004 kB
MemFree:          119432 kB
Active:           359956 kB
Mem:          3.8G       3.7G       116M       5.7M        22M       3.3G

MemTotal:        4016004 kB
MemFree:          107928 kB
Active:           359688 kB
Mem:          3.8G       3.7G       104M       5.7M        22M       3.3G

MemTotal:        4016004 kB
MemFree:          119048 kB
Active:           359716 kB
Mem:          3.8G       3.7G       116M       5.7M        22M       3.3G

MemTotal:        4016004 kB
MemFree:          118924 kB
Active:           359756 kB
Mem:          3.8G       3.7G       115M       5.7M        22M       3.3G

MemTotal:        4016004 kB
MemFree:          125896 kB
Active:           359768 kB
Mem:          3.8G       3.7G       121M       5.7M        22M       3.3G

MemTotal:        4016004 kB
MemFree:          125988 kB
Active:           359780 kB
Mem:          3.8G       3.7G       122M       5.7M        22M       3.3G

MemTotal:        4016004 kB
MemFree:          126572 kB
Active:           359788 kB
Mem:          3.8G       3.7G       122M       5.7M        22M       3.3G

MemTotal:        4016004 kB
MemFree:          120052 kB
Active:           359816 kB
Mem:          3.8G       3.7G       116M       5.7M        22M       3.3G

MemTotal:        4016004 kB
MemFree:          107292 kB
Active:           359864 kB
Mem:          3.8G       3.7G       104M       5.7M        22M       3.3G

MemTotal:        4016004 kB
MemFree:          119316 kB
Active:           359884 kB
Mem:          3.8G       3.7G       115M       5.7M        22M       3.3G

MemTotal:        4016004 kB
MemFree:          106200 kB
Active:           359944 kB
Mem:          3.8G       3.7G       103M       5.7M        22M       3.3G

MemTotal:        4016004 kB
MemFree:          117932 kB
Active:           354272 kB
Mem:          3.8G       3.7G       113M       5.7M        22M       3.3G

MemTotal:        4016004 kB
MemFree:          106924 kB
Active:           354300 kB
Mem:          3.8G       3.7G       102M       5.7M        22M       3.3G

MemTotal:        4016004 kB
MemFree:          124360 kB
Active:           354360 kB
Mem:          3.8G       3.7G       120M       5.7M        22M       3.3G

MemTotal:        4016004 kB
MemFree:          111076 kB
Active:           354384 kB
Mem:          3.8G       3.7G       106M       5.7M        22M       3.3G

MemTotal:        4016004 kB
MemFree:          109044 kB
Active:           354412 kB
Mem:          3.8G       3.7G       105M       5.7M        22M       3.3G

MemTotal:        4016004 kB
MemFree:          132388 kB
Active:           354408 kB
Mem:          3.8G       3.7G       128M       5.7M        22M       3.2G

MemTotal:        4016004 kB
MemFree:          132384 kB
Active:           354460 kB
Mem:          3.8G       3.7G       133M       5.7M        22M       3.2G

MemTotal:        4016004 kB
MemFree:          142844 kB
Active:           354456 kB
Mem:          3.8G       3.7G       138M       5.7M        22M       3.2G

MemTotal:        4016004 kB
MemFree:          142352 kB
Active:           354512 kB
Mem:          3.8G       3.7G       137M       5.7M        22M       3.2G

MemTotal:        4016004 kB
MemFree:          141372 kB
Active:           354532 kB
Mem:          3.8G       3.7G       137M       5.7M        22M       3.2G

MemTotal:        4016004 kB
MemFree:          128760 kB
Active:           350968 kB
Mem:          3.8G       3.7G       148M       5.7M        22M       3.2G

MemTotal:        4016004 kB
MemFree:          105044 kB
Active:           350916 kB
Mem:          3.8G       3.7G       125M       5.7M        22M       3.2G

MemTotal:        4016004 kB
MemFree:          120592 kB
Active:           350908 kB
Mem:          3.8G       3.7G       117M       5.7M        22M       3.3G

MemTotal:        4016004 kB
MemFree:          120904 kB
Active:           350964 kB
Mem:          3.8G       3.7G       117M       5.7M        22M       3.3G

MemTotal:        4016004 kB
MemFree:          117212 kB
Active:           350984 kB
Mem:          3.8G       3.7G       113M       5.7M        22M       3.3G

MemTotal:        4016004 kB
MemFree:          116948 kB
Active:           351020 kB
Mem:          3.8G       3.7G       113M       5.7M        22M       3.3G

MemTotal:        4016004 kB
MemFree:          123816 kB
Active:           351064 kB
Mem:          3.8G       3.7G       120M       5.7M        22M       3.3G

MemTotal:        4016004 kB
MemFree:          106312 kB
Active:           351044 kB
Mem:          3.8G       3.7G       103M       5.7M        22M       3.3G

MemTotal:        4016004 kB
MemFree:          131124 kB
Active:           351096 kB
Mem:          3.8G       3.7G       126M       5.7M        22M       3.2G

MemTotal:        4016004 kB
MemFree:          107592 kB
Active:           351132 kB
Mem:          3.8G       3.7G       103M       5.7M        23M       3.3G

MemTotal:        4016004 kB
MemFree:          124220 kB
Active:           351156 kB
Mem:          3.8G       3.7G       120M       5.7M        23M       3.3G

MemTotal:        4016004 kB
MemFree:          106624 kB
Active:           351148 kB
Mem:          3.8G       3.7G       102M       5.7M        23M       3.3G

MemTotal:        4016004 kB
MemFree:          118788 kB
Active:           351180 kB
Mem:          3.8G       3.7G       115M       5.7M        23M       3.3G

MemTotal:        4016004 kB
MemFree:          106152 kB
Active:           351200 kB
Mem:          3.8G       3.7G       103M       5.7M        23M       3.3G

MemTotal:        4016004 kB
MemFree:          106588 kB
Active:           349876 kB
Mem:          3.8G       3.7G       103M       5.7M        23M       3.3G

MemTotal:        4016004 kB
MemFree:          122476 kB
Active:           349860 kB
Mem:          3.8G       3.7G       118M       5.7M        23M       3.3G

MemTotal:        4016004 kB
MemFree:          135628 kB
Active:           349872 kB
Mem:          3.8G       3.7G       132M       5.7M        23M       3.2G

MemTotal:        4016004 kB
MemFree:          135544 kB
Active:           349900 kB
Mem:          3.8G       3.7G       132M       5.7M        23M       3.2G

MemTotal:        4016004 kB
MemFree:          123804 kB
Active:           349900 kB
Mem:          3.8G       3.7G       119M       5.7M        23M       3.3G

MemTotal:        4016004 kB
MemFree:          110424 kB
Active:           349932 kB
Mem:          3.8G       3.7G       106M       5.7M        23M       3.3G

MemTotal:        4016004 kB
MemFree:          127920 kB
Active:           349924 kB
Mem:          3.8G       3.7G       124M       5.7M        23M       3.2G

MemTotal:        4016004 kB
MemFree:          127808 kB
Active:           349972 kB
Mem:          3.8G       3.7G       124M       5.7M        23M       3.2G

MemTotal:        4016004 kB
MemFree:          109220 kB
Active:           350016 kB
Mem:          3.8G       3.7G       105M       5.7M        23M       3.3G

MemTotal:        4016004 kB
MemFree:          126948 kB
Active:           350036 kB
Mem:          3.8G       3.7G       123M       5.7M        23M       3.2G

MemTotal:        4016004 kB
MemFree:          106408 kB
Active:           350068 kB
Mem:          3.8G       3.7G       102M       5.7M        23M       3.3G

MemTotal:        4016004 kB
MemFree:          125300 kB
Active:           350120 kB
Mem:          3.8G       3.7G       121M       5.7M        23M       3.2G

MemTotal:        4016004 kB
MemFree:          128000 kB
Active:           350132 kB
Mem:          3.8G       3.7G       124M       5.7M        23M       3.2G

MemTotal:        4016004 kB
MemFree:          110944 kB
Active:           350124 kB
Mem:          3.8G       3.7G       107M       5.7M        23M       3.3G

MemTotal:        4016004 kB
MemFree:          122712 kB
Active:           350192 kB
Mem:          3.8G       3.7G       118M       5.7M        23M       3.2G

MemTotal:        4016004 kB
MemFree:          128316 kB
Active:           350212 kB
Mem:          3.8G       3.7G       124M       5.7M        23M       3.2G

MemTotal:        4016004 kB
MemFree:          122840 kB
Active:           346928 kB
Mem:          3.8G       3.7G       118M       5.7M        23M       3.3G

MemTotal:        4016004 kB
MemFree:          127664 kB
Active:           346980 kB
Mem:          3.8G       3.7G       124M       5.7M        23M       3.2G

MemTotal:        4016004 kB
MemFree:          122012 kB
Active:           347016 kB
Mem:          3.8G       3.7G       117M       5.7M        23M       3.3G

MemTotal:        4016004 kB
MemFree:          109004 kB
Active:           347040 kB
Mem:          3.8G       3.7G       105M       5.7M        23M       3.3G

MemTotal:        4016004 kB
MemFree:          107496 kB
Active:           347060 kB
Mem:          3.8G       3.7G       103M       5.7M        23M       3.3G

MemTotal:        4016004 kB
MemFree:          120996 kB
Active:           347084 kB
Mem:          3.8G       3.7G       117M       5.7M        23M       3.3G

MemTotal:        4016004 kB
MemFree:          119676 kB
Active:           347100 kB
Mem:          3.8G       3.7G       116M       5.7M        23M       3.3G

MemTotal:        4016004 kB
MemFree:          110904 kB
Active:           347136 kB
Mem:          3.8G       3.7G       108M       5.7M        23M       3.3G

MemTotal:        4016004 kB
MemFree:          124796 kB
Active:           347160 kB
Mem:          3.8G       3.7G       121M       5.7M        23M       3.2G

MemTotal:        4016004 kB
MemFree:          124976 kB
Active:           347180 kB
Mem:          3.8G       3.7G       121M       5.7M        23M       3.2G

MemTotal:        4016004 kB
MemFree:          128312 kB
Active:           347208 kB
Mem:          3.8G       3.7G       124M       5.7M        23M       3.2G

MemTotal:        4016004 kB
MemFree:          122700 kB
Active:           347228 kB
Mem:          3.8G       3.7G       119M       5.7M        23M       3.2G

MemTotal:        4016004 kB
MemFree:          128168 kB
Active:           347252 kB
Mem:          3.8G       3.7G       124M       5.7M        23M       3.2G

MemTotal:        4016004 kB
MemFree:          116292 kB
Active:           347296 kB
Mem:          3.8G       3.7G       112M       5.7M        23M       3.3G

MemTotal:        4016004 kB
MemFree:          128044 kB
Active:           347316 kB
Mem:          3.8G       3.7G       123M       5.7M        23M       3.2G

MemTotal:        4016004 kB
MemFree:          126792 kB
Active:           347348 kB
Mem:          3.8G       3.7G       123M       5.7M        23M       3.2G

MemTotal:        4016004 kB
MemFree:          122236 kB
Active:           346608 kB
Mem:          3.8G       3.7G       118M       5.7M        23M       3.2G

MemTotal:        4016004 kB
MemFree:          121056 kB
Active:           346632 kB
Mem:          3.8G       3.7G       116M       5.7M        23M       3.2G

MemTotal:        4016004 kB
MemFree:          126348 kB
Active:           346644 kB
Mem:          3.8G       3.7G       122M       5.7M        23M       3.2G

MemTotal:        4016004 kB
MemFree:          113568 kB
Active:           346676 kB
Mem:          3.8G       3.7G       110M       5.7M        23M       3.3G

MemTotal:        4016004 kB
MemFree:          113292 kB
Active:           346632 kB
Mem:          3.8G       3.7G       110M       5.7M        23M       3.3G

MemTotal:        4016004 kB
MemFree:          112940 kB
Active:           346728 kB
Mem:          3.8G       3.7G       110M       5.7M        23M       3.3G

MemTotal:        4016004 kB
MemFree:          110064 kB
Active:           348964 kB
Mem:          3.8G       3.7G       106M       5.7M        25M       3.3G

MemTotal:        4016004 kB
MemFree:          126412 kB
Active:           349216 kB
Mem:          3.8G       3.7G       122M       5.7M        25M       3.2G

MemTotal:        4016004 kB
MemFree:          125640 kB
Active:           349344 kB
Mem:          3.8G       3.7G       121M       5.7M        25M       3.2G

MemTotal:        4016004 kB
MemFree:          125692 kB
Active:           349612 kB
Mem:          3.8G       3.7G       121M       5.7M        26M       3.2G

MemTotal:        4016004 kB
MemFree:          121784 kB
Active:           348632 kB
Mem:          3.8G       3.7G       118M       5.7M        26M       3.2G

MemTotal:        4016004 kB
MemFree:          122112 kB
Active:           348484 kB
Mem:          3.8G       3.7G       118M       5.7M        26M       3.2G

MemTotal:        4016004 kB
MemFree:          121988 kB
Active:           348500 kB
Mem:          3.8G       3.7G       119M       5.7M        26M       3.2G

MemTotal:        4016004 kB
MemFree:          122360 kB
Active:           348480 kB
Mem:          3.8G       3.7G       119M       5.7M        26M       3.2G

MemTotal:        4016004 kB
MemFree:          122484 kB
Active:           348480 kB
Mem:          3.8G       3.7G       119M       5.7M        26M       3.2G

MemTotal:        4016004 kB
MemFree:          122344 kB
Active:           348508 kB
Mem:          3.8G       3.7G       119M       5.7M        26M       3.2G

MemTotal:        4016004 kB
MemFree:          122732 kB
Active:           348512 kB
Mem:          3.8G       3.7G       119M       5.7M        26M       3.2G

MemTotal:        4016004 kB
MemFree:          122360 kB
Active:           348484 kB
Mem:          3.8G       3.7G       119M       5.7M        26M       3.2G

MemTotal:        4016004 kB
MemFree:          122360 kB
Active:           348516 kB
Mem:          3.8G       3.7G       119M       5.7M        26M       3.2G

MemTotal:        4016004 kB
MemFree:          122236 kB
Active:           348524 kB
Mem:          3.8G       3.7G       119M       5.7M        26M       3.2G

MemTotal:        4016004 kB
MemFree:          122112 kB
Active:           348540 kB
Mem:          3.8G       3.7G       119M       5.7M        26M       3.2G

MemTotal:        4016004 kB
MemFree:          122112 kB
Active:           348488 kB
Mem:          3.8G       3.7G       119M       5.7M        26M       3.2G

MemTotal:        4016004 kB
MemFree:          122236 kB
Active:           348508 kB
Mem:          3.8G       3.7G       119M       5.7M        26M       3.2G

MemTotal:        4016004 kB
MemFree:          122360 kB
Active:           348524 kB
Mem:          3.8G       3.7G       119M       5.7M        26M       3.2G

MemTotal:        4016004 kB
MemFree:          122236 kB
Active:           348524 kB
Mem:          3.8G       3.7G       119M       5.7M        26M       3.2G

MemTotal:        4016004 kB
MemFree:          122360 kB
Active:           348552 kB
Mem:          3.8G       3.7G       119M       5.7M        26M       3.2G

MemTotal:        4016004 kB
MemFree:          122360 kB
Active:           348544 kB
Mem:          3.8G       3.7G       119M       5.7M        26M       3.2G

MemTotal:        4016004 kB
MemFree:          122112 kB
Active:           348520 kB
Mem:          3.8G       3.7G       119M       5.7M        26M       3.2G

MemTotal:        4016004 kB
MemFree:          122360 kB
Active:           348548 kB
Mem:          3.8G       3.7G       119M       5.7M        26M       3.2G

MemTotal:        4016004 kB
MemFree:          122360 kB
Active:           348536 kB
Mem:          3.8G       3.7G       119M       5.7M        26M       3.2G

MemTotal:        4016004 kB
MemFree:          122360 kB
Active:           348568 kB
Mem:          3.8G       3.7G       119M       5.7M        26M       3.2G

MemTotal:        4016004 kB
MemFree:          122040 kB
Active:           348540 kB
Mem:          3.8G       3.7G       119M       5.7M        26M       3.2G

MemTotal:        4016004 kB
MemFree:          121916 kB
Active:           348572 kB
Mem:          3.8G       3.7G       119M       5.7M        26M       3.2G

MemTotal:        4016004 kB
MemFree:          122392 kB
Active:           348580 kB
Mem:          3.8G       3.7G       119M       5.7M        26M       3.2G

MemTotal:        4016004 kB
MemFree:          122464 kB
Active:           348580 kB
Mem:          3.8G       3.7G       119M       5.7M        26M       3.2G

MemTotal:        4016004 kB
MemFree:          122340 kB
Active:           348580 kB
Mem:          3.8G       3.7G       119M       5.7M        26M       3.2G

MemTotal:        4016004 kB
MemFree:          122216 kB
Active:           348596 kB
Mem:          3.8G       3.7G       119M       5.7M        26M       3.2G

MemTotal:        4016004 kB
MemFree:          122340 kB
Active:           348592 kB
Mem:          3.8G       3.7G       119M       5.7M        26M       3.2G

MemTotal:        4016004 kB
MemFree:          122340 kB
Active:           348568 kB
Mem:          3.8G       3.7G       119M       5.7M        26M       3.2G

MemTotal:        4016004 kB
MemFree:          122340 kB
Active:           348552 kB
Mem:          3.8G       3.7G       119M       5.7M        26M       3.2G

MemTotal:        4016004 kB
MemFree:          122092 kB
Active:           348596 kB
Mem:          3.8G       3.7G       119M       5.7M        26M       3.2G

MemTotal:        4016004 kB
MemFree:          122588 kB
Active:           348596 kB
Mem:          3.8G       3.7G       119M       5.7M        26M       3.2G

MemTotal:        4016004 kB
MemFree:          121968 kB
Active:           348604 kB
Mem:          3.8G       3.7G       119M       5.7M        26M       3.2G

MemTotal:        4016004 kB
MemFree:          122340 kB
Active:           348584 kB
Mem:          3.8G       3.7G       119M       5.7M        26M       3.2G

MemTotal:        4016004 kB
MemFree:          122340 kB
Active:           348580 kB
Mem:          3.8G       3.7G       119M       5.7M        26M       3.2G

MemTotal:        4016004 kB
MemFree:          122340 kB
Active:           348548 kB
Mem:          3.8G       3.7G       119M       5.7M        26M       3.2G

MemTotal:        4016004 kB
MemFree:          122340 kB
Active:           348596 kB
Mem:          3.8G       3.7G       119M       5.7M        26M       3.2G

MemTotal:        4016004 kB
MemFree:          122464 kB
Active:           348604 kB
Mem:          3.8G       3.7G       119M       5.7M        26M       3.2G

MemTotal:        4016004 kB
MemFree:          122340 kB
Active:           348584 kB
Mem:          3.8G       3.7G       119M       5.7M        26M       3.2G

MemTotal:        4016004 kB
MemFree:          122340 kB
Active:           348608 kB
Mem:          3.8G       3.7G       119M       5.7M        26M       3.2G

MemTotal:        4016004 kB
MemFree:          122464 kB
Active:           348592 kB
Mem:          3.8G       3.7G       119M       5.7M        26M       3.2G

MemTotal:        4016004 kB
MemFree:          122588 kB
Active:           348612 kB
Mem:          3.8G       3.7G       119M       5.7M        26M       3.2G

MemTotal:        4016004 kB
MemFree:          122464 kB
Active:           348576 kB
Mem:          3.8G       3.7G       119M       5.7M        26M       3.2G

MemTotal:        4016004 kB
MemFree:          122092 kB
Active:           348596 kB
Mem:          3.8G       3.7G       118M       5.7M        26M       3.2G

MemTotal:        4016004 kB
MemFree:          122216 kB
Active:           348568 kB
Mem:          3.8G       3.7G       119M       5.7M        26M       3.2G

MemTotal:        4016004 kB
MemFree:          122340 kB
Active:           348628 kB
Mem:          3.8G       3.7G       119M       5.7M        26M       3.2G

MemTotal:        4016004 kB
MemFree:          122340 kB
Active:           348628 kB
Mem:          3.8G       3.7G       119M       5.7M        26M       3.2G

MemTotal:        4016004 kB
MemFree:          122340 kB
Active:           348628 kB
Mem:          3.8G       3.7G       119M       5.7M        26M       3.2G

MemTotal:        4016004 kB
MemFree:          122340 kB
Active:           348576 kB
Mem:          3.8G       3.7G       119M       5.7M        26M       3.2G

MemTotal:        4016004 kB
MemFree:          122340 kB
Active:           348616 kB
Mem:          3.8G       3.7G       119M       5.7M        26M       3.2G

MemTotal:        4016004 kB
MemFree:          122464 kB
Active:           348632 kB
Mem:          3.8G       3.7G       119M       5.7M        26M       3.2G

MemTotal:        4016004 kB
MemFree:          122464 kB
Active:           348612 kB
Mem:          3.8G       3.7G       119M       5.7M        26M       3.2G

MemTotal:        4016004 kB
MemFree:          122216 kB
Active:           348588 kB
Mem:          3.8G       3.7G       119M       5.7M        26M       3.2G

MemTotal:        4016004 kB
MemFree:          122340 kB
Active:           348620 kB
Mem:          3.8G       3.7G       119M       5.7M        26M       3.2G

MemTotal:        4016004 kB
MemFree:          122340 kB
Active:           348648 kB
Mem:          3.8G       3.7G       119M       5.7M        26M       3.2G

MemTotal:        4016004 kB
MemFree:          122464 kB
Active:           348652 kB
Mem:          3.8G       3.7G       119M       5.7M        26M       3.2G

MemTotal:        4016004 kB
MemFree:          122588 kB
Active:           348636 kB
Mem:          3.8G       3.7G       119M       5.7M        26M       3.2G

MemTotal:        4016004 kB
MemFree:          122092 kB
Active:           348652 kB
Mem:          3.8G       3.7G       119M       5.7M        26M       3.2G

MemTotal:        4016004 kB
MemFree:          122464 kB
Active:           348632 kB
Mem:          3.8G       3.7G       119M       5.7M        26M       3.2G

MemTotal:        4016004 kB
MemFree:          122432 kB
Active:           348664 kB
Mem:          3.8G       3.7G       119M       5.7M        26M       3.2G

MemTotal:        4016004 kB
MemFree:          122216 kB
Active:           348640 kB
Mem:          3.8G       3.7G       119M       5.7M        26M       3.2G

MemTotal:        4016004 kB
MemFree:          122340 kB
Active:           348660 kB
Mem:          3.8G       3.7G       119M       5.7M        26M       3.2G

MemTotal:        4016004 kB
MemFree:          122464 kB
Active:           348632 kB
Mem:          3.8G       3.7G       119M       5.7M        26M       3.2G

MemTotal:        4016004 kB
MemFree:          122232 kB
Active:           348656 kB
Mem:          3.8G       3.7G       119M       5.7M        26M       3.2G

MemTotal:        4016004 kB
MemFree:          121860 kB
Active:           348672 kB
Mem:          3.8G       3.7G       119M       5.7M        26M       3.2G

MemTotal:        4016004 kB
MemFree:          122232 kB
Active:           348660 kB
Mem:          3.8G       3.7G       119M       5.7M        26M       3.2G

MemTotal:        4016004 kB
MemFree:          122232 kB
Active:           348652 kB
Mem:          3.8G       3.7G       119M       5.7M        26M       3.2G

MemTotal:        4016004 kB
MemFree:          122092 kB
Active:           348712 kB
Mem:          3.8G       3.7G       119M       5.7M        26M       3.2G

MemTotal:        4016004 kB
MemFree:          122216 kB
Active:           348688 kB
Mem:          3.8G       3.7G       119M       5.7M        26M       3.2G

MemTotal:        4016004 kB
MemFree:          122092 kB
Active:           348720 kB
Mem:          3.8G       3.7G       119M       5.7M        26M       3.2G

MemTotal:        4016004 kB
MemFree:          122696 kB
Active:           348760 kB
Mem:          3.8G       3.7G       119M       5.7M        26M       3.2G

MemTotal:        4016004 kB
MemFree:          123068 kB
Active:           348756 kB
Mem:          3.8G       3.7G       120M       5.7M        26M       3.2G

MemTotal:        4016004 kB
MemFree:          122820 kB
Active:           348780 kB
Mem:          3.8G       3.7G       119M       5.7M        26M       3.2G

MemTotal:        4016004 kB
MemFree:          122572 kB
Active:           348780 kB
Mem:          3.8G       3.7G       119M       5.7M        26M       3.2G

MemTotal:        4016004 kB
MemFree:          123068 kB
Active:           348772 kB
Mem:          3.8G       3.7G       119M       5.7M        26M       3.2G

MemTotal:        4016004 kB
MemFree:          122696 kB
Active:           348780 kB
Mem:          3.8G       3.7G       119M       5.7M        26M       3.2G

MemTotal:        4016004 kB
MemFree:          122944 kB
Active:           348768 kB
Mem:          3.8G       3.7G       119M       5.7M        26M       3.2G

MemTotal:        4016004 kB
MemFree:          122572 kB
Active:           348776 kB
Mem:          3.8G       3.7G       119M       5.7M        26M       3.2G

MemTotal:        4016004 kB
MemFree:          122448 kB
Active:           348732 kB
Mem:          3.8G       3.7G       119M       5.7M        26M       3.2G

MemTotal:        4016004 kB
MemFree:          122324 kB
Active:           348752 kB
Mem:          3.8G       3.7G       119M       5.7M        26M       3.2G

MemTotal:        4016004 kB
MemFree:          122076 kB
Active:           348772 kB
Mem:          3.8G       3.7G       119M       5.7M        26M       3.2G

MemTotal:        4016004 kB
MemFree:          122200 kB
Active:           348796 kB
Mem:          3.8G       3.7G       119M       5.7M        26M       3.2G

MemTotal:        4016004 kB
MemFree:          122076 kB
Active:           348760 kB
Mem:          3.8G       3.7G       119M       5.7M        26M       3.2G

MemTotal:        4016004 kB
MemFree:          122324 kB
Active:           348764 kB
Mem:          3.8G       3.7G       119M       5.7M        26M       3.2G

MemTotal:        4016004 kB
MemFree:          122448 kB
Active:           348772 kB
Mem:          3.8G       3.7G       119M       5.7M        26M       3.2G

MemTotal:        4016004 kB
MemFree:          122464 kB
Active:           348768 kB
Mem:          3.8G       3.7G       119M       5.7M        26M       3.2G

MemTotal:        4016004 kB
MemFree:          122464 kB
Active:           348780 kB
Mem:          3.8G       3.7G       119M       5.7M        26M       3.2G

MemTotal:        4016004 kB
MemFree:          122216 kB
Active:           348796 kB
Mem:          3.8G       3.7G       119M       5.7M        26M       3.2G

MemTotal:        4016004 kB
MemFree:          122216 kB
Active:           348776 kB
Mem:          3.8G       3.7G       119M       5.7M        26M       3.2G

MemTotal:        4016004 kB
MemFree:          122216 kB
Active:           348796 kB
Mem:          3.8G       3.7G       119M       5.7M        26M       3.2G

MemTotal:        4016004 kB
MemFree:          122216 kB
Active:           348768 kB
Mem:          3.8G       3.7G       119M       5.7M        26M       3.2G

MemTotal:        4016004 kB
MemFree:          122464 kB
Active:           348768 kB
Mem:          3.8G       3.7G       119M       5.7M        26M       3.2G

MemTotal:        4016004 kB
MemFree:          122464 kB
Active:           348804 kB
Mem:          3.8G       3.7G       119M       5.7M        26M       3.2G

MemTotal:        4016004 kB
MemFree:          122464 kB
Active:           348764 kB
Mem:          3.8G       3.7G       119M       5.7M        26M       3.2G

MemTotal:        4016004 kB
MemFree:          122464 kB
Active:           348776 kB
Mem:          3.8G       3.7G       119M       5.7M        26M       3.2G

MemTotal:        4016004 kB
MemFree:          122340 kB
Active:           348800 kB
Mem:          3.8G       3.7G       119M       5.7M        26M       3.2G

MemTotal:        4016004 kB
MemFree:          122216 kB
Active:           348780 kB
Mem:          3.8G       3.7G       119M       5.7M        26M       3.2G

MemTotal:        4016004 kB
MemFree:          122084 kB
Active:           348816 kB
Mem:          3.8G       3.7G       119M       5.7M        26M       3.2G

MemTotal:        4016004 kB
MemFree:          122224 kB
Active:           348768 kB
Mem:          3.8G       3.7G       119M       5.7M        26M       3.2G

MemTotal:        4016004 kB
MemFree:          122224 kB
Active:           348788 kB
Mem:          3.8G       3.7G       119M       5.7M        26M       3.2G

MemTotal:        4016004 kB
MemFree:          122100 kB
Active:           348768 kB
Mem:          3.8G       3.7G       119M       5.7M        26M       3.2G

MemTotal:        4016004 kB
MemFree:          122224 kB
Active:           348816 kB
Mem:          3.8G       3.7G       119M       5.7M        26M       3.2G

MemTotal:        4016004 kB
MemFree:          122224 kB
Active:           348808 kB
Mem:          3.8G       3.7G       119M       5.7M        26M       3.2G

MemTotal:        4016004 kB
MemFree:          122356 kB
Active:           348816 kB
Mem:          3.8G       3.7G       119M       5.7M        26M       3.2G

MemTotal:        4016004 kB
MemFree:          121984 kB
Active:           348796 kB
Mem:          3.8G       3.7G       119M       5.7M        26M       3.2G

MemTotal:        4016004 kB
MemFree:          121984 kB
Active:           348784 kB
Mem:          3.8G       3.7G       119M       5.7M        26M       3.2G

MemTotal:        4016004 kB
MemFree:          122356 kB
Active:           348816 kB
Mem:          3.8G       3.7G       119M       5.7M        26M       3.2G

MemTotal:        4016004 kB
MemFree:          122356 kB
Active:           348832 kB
Mem:          3.8G       3.7G       119M       5.7M        26M       3.2G

MemTotal:        4016004 kB
MemFree:          122356 kB
Active:           348800 kB
Mem:          3.8G       3.7G       119M       5.7M        26M       3.2G

MemTotal:        4016004 kB
MemFree:          122356 kB
Active:           348792 kB
Mem:          3.8G       3.7G       119M       5.7M        26M       3.2G

MemTotal:        4016004 kB
MemFree:          122356 kB
Active:           348824 kB
Mem:          3.8G       3.7G       119M       5.7M        26M       3.2G

MemTotal:        4016004 kB
MemFree:          122232 kB
Active:           348784 kB
Mem:          3.8G       3.7G       119M       5.7M        26M       3.2G

MemTotal:        4016004 kB
MemFree:          122108 kB
Active:           348816 kB
Mem:          3.8G       3.7G       119M       5.7M        26M       3.2G

MemTotal:        4016004 kB
MemFree:          122356 kB
Active:           348800 kB
Mem:          3.8G       3.7G       119M       5.7M        26M       3.2G

MemTotal:        4016004 kB
MemFree:          122604 kB
Active:           348848 kB
Mem:          3.8G       3.7G       119M       5.7M        26M       3.2G

MemTotal:        4016004 kB
MemFree:          122340 kB
Active:           348808 kB
Mem:          3.8G       3.7G       119M       5.7M        26M       3.2G

MemTotal:        4016004 kB
MemFree:          122356 kB
Active:           348852 kB
Mem:          3.8G       3.7G       119M       5.7M        26M       3.2G

MemTotal:        4016004 kB
MemFree:          122232 kB
Active:           348832 kB
Mem:          3.8G       3.7G       119M       5.7M        26M       3.2G

MemTotal:        4016004 kB
MemFree:          122232 kB
Active:           348848 kB
Mem:          3.8G       3.7G       119M       5.7M        26M       3.2G

MemTotal:        4016004 kB
MemFree:          122852 kB
Active:           348808 kB
Mem:          3.8G       3.7G       119M       5.7M        26M       3.2G

MemTotal:        4016004 kB
MemFree:          122356 kB
Active:           348852 kB
Mem:          3.8G       3.7G       119M       5.7M        26M       3.2G

MemTotal:        4016004 kB
MemFree:          122852 kB
Active:           348840 kB
Mem:          3.8G       3.7G       119M       5.7M        26M       3.2G

MemTotal:        4016004 kB
MemFree:          122976 kB
Active:           348848 kB
Mem:          3.8G       3.7G       119M       5.7M        26M       3.2G

MemTotal:        4016004 kB
MemFree:          122728 kB
Active:           348872 kB
Mem:          3.8G       3.7G       119M       5.7M        26M       3.2G

MemTotal:        4016004 kB
MemFree:          122480 kB
Active:           348820 kB
Mem:          3.8G       3.7G       119M       5.7M        26M       3.2G

MemTotal:        4016004 kB
MemFree:          122356 kB
Active:           348856 kB
Mem:          3.8G       3.7G       119M       5.7M        26M       3.2G

MemTotal:        4016004 kB
MemFree:          122480 kB
Active:           348828 kB
Mem:          3.8G       3.7G       119M       5.7M        26M       3.2G

MemTotal:        4016004 kB
MemFree:          122480 kB
Active:           348860 kB
Mem:          3.8G       3.7G       119M       5.7M        26M       3.2G

MemTotal:        4016004 kB
MemFree:          122356 kB
Active:           348848 kB
Mem:          3.8G       3.7G       119M       5.7M        26M       3.2G

MemTotal:        4016004 kB
MemFree:          122232 kB
Active:           348852 kB
Mem:          3.8G       3.7G       119M       5.7M        26M       3.2G

MemTotal:        4016004 kB
MemFree:          122232 kB
Active:           348844 kB
Mem:          3.8G       3.7G       119M       5.7M        26M       3.2G

MemTotal:        4016004 kB
MemFree:          122108 kB
Active:           348848 kB
Mem:          3.8G       3.7G       119M       5.7M        26M       3.2G

MemTotal:        4016004 kB
MemFree:          122232 kB
Active:           348864 kB
Mem:          3.8G       3.7G       119M       5.7M        26M       3.2G

MemTotal:        4016004 kB
MemFree:          122232 kB
Active:           348844 kB
Mem:          3.8G       3.7G       119M       5.7M        26M       3.2G

MemTotal:        4016004 kB
MemFree:          121860 kB
Active:           348904 kB
Mem:          3.8G       3.7G       119M       5.7M        26M       3.2G

MemTotal:        4016004 kB
MemFree:          122356 kB
Active:           348880 kB
Mem:          3.8G       3.7G       119M       5.7M        26M       3.2G

MemTotal:        4016004 kB
MemFree:          122232 kB
Active:           348864 kB
Mem:          3.8G       3.7G       119M       5.7M        26M       3.2G

MemTotal:        4016004 kB
MemFree:          122232 kB
Active:           348892 kB
Mem:          3.8G       3.7G       119M       5.7M        26M       3.2G

MemTotal:        4016004 kB
MemFree:          122232 kB
Active:           348880 kB
Mem:          3.8G       3.7G       119M       5.7M        26M       3.2G

MemTotal:        4016004 kB
MemFree:          121984 kB
Active:           348884 kB
Mem:          3.8G       3.7G       119M       5.7M        26M       3.2G

MemTotal:        4016004 kB
MemFree:          121984 kB
Active:           348904 kB
Mem:          3.8G       3.7G       119M       5.7M        26M       3.2G

MemTotal:        4016004 kB
MemFree:          121984 kB
Active:           348884 kB
Mem:          3.8G       3.7G       119M       5.7M        26M       3.2G

MemTotal:        4016004 kB
MemFree:          122108 kB
Active:           348908 kB
Mem:          3.8G       3.7G       119M       5.7M        26M       3.2G

MemTotal:        4016004 kB
MemFree:          122232 kB
Active:           348904 kB
Mem:          3.8G       3.7G       119M       5.7M        26M       3.2G

MemTotal:        4016004 kB
MemFree:          122232 kB
Active:           348884 kB
Mem:          3.8G       3.7G       119M       5.7M        26M       3.2G

MemTotal:        4016004 kB
MemFree:          122232 kB
Active:           348912 kB
Mem:          3.8G       3.7G       119M       5.7M        26M       3.2G

MemTotal:        4016004 kB
MemFree:          122356 kB
Active:           348868 kB
Mem:          3.8G       3.7G       119M       5.7M        26M       3.2G

MemTotal:        4016004 kB
MemFree:          122480 kB
Active:           348908 kB
Mem:          3.8G       3.7G       119M       5.7M        26M       3.2G

MemTotal:        4016004 kB
MemFree:          122232 kB
Active:           348904 kB
Mem:          3.8G       3.7G       119M       5.7M        26M       3.2G

MemTotal:        4016004 kB
MemFree:          122356 kB
Active:           348888 kB
Mem:          3.8G       3.7G       119M       5.7M        26M       3.2G

MemTotal:        4016004 kB
MemFree:          122356 kB
Active:           348908 kB
Mem:          3.8G       3.7G       119M       5.7M        26M       3.2G

MemTotal:        4016004 kB
MemFree:          122232 kB
Active:           348872 kB
Mem:          3.8G       3.7G       119M       5.7M        26M       3.2G

MemTotal:        4016004 kB
MemFree:          122324 kB
Active:           348904 kB
Mem:          3.8G       3.7G       119M       5.7M        26M       3.2G

MemTotal:        4016004 kB
MemFree:          122356 kB
Active:           348892 kB
Mem:          3.8G       3.7G       119M       5.7M        26M       3.2G

MemTotal:        4016004 kB
MemFree:          122356 kB
Active:           348916 kB
Mem:          3.8G       3.7G       119M       5.7M        26M       3.2G

MemTotal:        4016004 kB
MemFree:          122232 kB
Active:           348908 kB
Mem:          3.8G       3.7G       119M       5.7M        26M       3.2G

MemTotal:        4016004 kB
MemFree:          122232 kB
Active:           348932 kB
Mem:          3.8G       3.7G       119M       5.7M        26M       3.2G

MemTotal:        4016004 kB
MemFree:          122232 kB
Active:           348908 kB
Mem:          3.8G       3.7G       119M       5.7M        26M       3.2G

MemTotal:        4016004 kB
MemFree:          122356 kB
Active:           348892 kB
Mem:          3.8G       3.7G       119M       5.7M        26M       3.2G

MemTotal:        4016004 kB
MemFree:          122232 kB
Active:           348904 kB
Mem:          3.8G       3.7G       119M       5.7M        26M       3.2G

MemTotal:        4016004 kB
MemFree:          122232 kB
Active:           348936 kB
Mem:          3.8G       3.7G       119M       5.7M        26M       3.2G

MemTotal:        4016004 kB
MemFree:          122356 kB
Active:           348912 kB
Mem:          3.8G       3.7G       119M       5.7M        26M       3.2G

MemTotal:        4016004 kB
MemFree:          122356 kB
Active:           348936 kB
Mem:          3.8G       3.7G       119M       5.7M        26M       3.2G

MemTotal:        4016004 kB
MemFree:          122108 kB
Active:           348920 kB
Mem:          3.8G       3.7G       119M       5.7M        26M       3.2G

MemTotal:        4016004 kB
MemFree:          122108 kB
Active:           348916 kB
Mem:          3.8G       3.7G       119M       5.7M        26M       3.2G

MemTotal:        4016004 kB
MemFree:          122108 kB
Active:           348944 kB
Mem:          3.8G       3.7G       119M       5.7M        26M       3.2G

MemTotal:        4016004 kB
MemFree:          122108 kB
Active:           348940 kB
Mem:          3.8G       3.7G       119M       5.7M        26M       3.2G

MemTotal:        4016004 kB
MemFree:          122108 kB
Active:           348952 kB
Mem:          3.8G       3.7G       119M       5.7M        26M       3.2G

MemTotal:        4016004 kB
MemFree:          122108 kB
Active:           348916 kB
Mem:          3.8G       3.7G       119M       5.7M        26M       3.2G

MemTotal:        4016004 kB
MemFree:          122108 kB
Active:           348928 kB
Mem:          3.8G       3.7G       119M       5.7M        26M       3.2G

MemTotal:        4016004 kB
MemFree:          122108 kB
Active:           348956 kB
Mem:          3.8G       3.7G       119M       5.7M        26M       3.2G

MemTotal:        4016004 kB
MemFree:          121984 kB
Active:           348920 kB
Mem:          3.8G       3.7G       118M       5.7M        26M       3.2G

MemTotal:        4016004 kB
MemFree:          122108 kB
Active:           348932 kB
Mem:          3.8G       3.7G       119M       5.7M        26M       3.2G

MemTotal:        4016004 kB
MemFree:          122232 kB
Active:           348960 kB
Mem:          3.8G       3.7G       119M       5.7M        26M       3.2G

MemTotal:        4016004 kB
MemFree:          122232 kB
Active:           348948 kB
Mem:          3.8G       3.7G       119M       5.7M        26M       3.2G

MemTotal:        4016004 kB
MemFree:          121984 kB
Active:           348960 kB
Mem:          3.8G       3.7G       119M       5.7M        26M       3.2G

MemTotal:        4016004 kB
MemFree:          121984 kB
Active:           348948 kB
Mem:          3.8G       3.7G       119M       5.7M        26M       3.2G

MemTotal:        4016004 kB
MemFree:          122108 kB
Active:           348932 kB
Mem:          3.8G       3.7G       119M       5.7M        26M       3.2G

MemTotal:        4016004 kB
MemFree:          122108 kB
Active:           348960 kB
Mem:          3.8G       3.7G       119M       5.7M        26M       3.2G

MemTotal:        4016004 kB
MemFree:          122108 kB
Active:           348960 kB
Mem:          3.8G       3.7G       119M       5.7M        26M       3.2G

MemTotal:        4016004 kB
MemFree:          122108 kB
Active:           348956 kB
Mem:          3.8G       3.7G       119M       5.7M        26M       3.2G

MemTotal:        4016004 kB
MemFree:          122108 kB
Active:           348956 kB
Mem:          3.8G       3.7G       119M       5.7M        26M       3.2G

MemTotal:        4016004 kB
MemFree:          121984 kB
Active:           348944 kB
Mem:          3.8G       3.7G       119M       5.7M        26M       3.2G

MemTotal:        4016004 kB
MemFree:          122108 kB
Active:           348960 kB
Mem:          3.8G       3.7G       119M       5.7M        26M       3.2G

MemTotal:        4016004 kB
MemFree:          122232 kB
Active:           348976 kB
Mem:          3.8G       3.7G       119M       5.7M        26M       3.2G

MemTotal:        4016004 kB
MemFree:          122108 kB
Active:           348948 kB
Mem:          3.8G       3.7G       119M       5.7M        26M       3.2G

MemTotal:        4016004 kB
MemFree:          122256 kB
Active:           348836 kB
Mem:          3.8G       3.7G       119M       5.7M        26M       3.2G

MemTotal:        4016004 kB
MemFree:          123128 kB
Active:           348636 kB
Mem:          3.8G       3.7G       120M       5.7M        26M       3.2G

MemTotal:        4016004 kB
MemFree:          122756 kB
Active:           348688 kB
Mem:          3.8G       3.7G       120M       5.7M        26M       3.2G

MemTotal:        4016004 kB
MemFree:          123376 kB
Active:           348680 kB
Mem:          3.8G       3.7G       120M       5.7M        26M       3.2G

MemTotal:        4016004 kB
MemFree:          123128 kB
Active:           348648 kB
Mem:          3.8G       3.7G       120M       5.7M        26M       3.2G

MemTotal:        4016004 kB
MemFree:          123128 kB
Active:           348680 kB
Mem:          3.8G       3.7G       120M       5.7M        26M       3.2G

MemTotal:        4016004 kB
MemFree:          122880 kB
Active:           348704 kB
Mem:          3.8G       3.7G       120M       5.7M        26M       3.2G

MemTotal:        4016004 kB
MemFree:          123252 kB
Active:           348664 kB
Mem:          3.8G       3.7G       120M       5.7M        26M       3.2G

MemTotal:        4016004 kB
MemFree:          123128 kB
Active:           348672 kB
Mem:          3.8G       3.7G       120M       5.7M        26M       3.2G

MemTotal:        4016004 kB
MemFree:          123220 kB
Active:           348664 kB
Mem:          3.8G       3.7G       120M       5.7M        26M       3.2G

MemTotal:        4016004 kB
MemFree:          123624 kB
Active:           348668 kB
Mem:          3.8G       3.7G       120M       5.7M        26M       3.2G

MemTotal:        4016004 kB
MemFree:          123624 kB
Active:           348660 kB
Mem:          3.8G       3.7G       120M       5.7M        26M       3.2G

MemTotal:        4016004 kB
MemFree:          123624 kB
Active:           348668 kB
Mem:          3.8G       3.7G       120M       5.7M        26M       3.2G

MemTotal:        4016004 kB
MemFree:          123872 kB
Active:           348668 kB
Mem:          3.8G       3.7G       121M       5.7M        26M       3.2G

MemTotal:        4016004 kB
MemFree:          123872 kB
Active:           348688 kB
Mem:          3.8G       3.7G       121M       5.7M        26M       3.2G

MemTotal:        4016004 kB
MemFree:          123624 kB
Active:           348656 kB
Mem:          3.8G       3.7G       120M       5.7M        26M       3.2G

MemTotal:        4016004 kB
MemFree:          123860 kB
Active:           348668 kB
Mem:          3.8G       3.7G       120M       5.7M        26M       3.2G

MemTotal:        4016004 kB
MemFree:          123736 kB
Active:           348668 kB
Mem:          3.8G       3.7G       120M       5.7M        26M       3.2G

MemTotal:        4016004 kB
MemFree:          123860 kB
Active:           348672 kB
Mem:          3.8G       3.7G       120M       5.7M        26M       3.2G

MemTotal:        4016004 kB
MemFree:          124108 kB
Active:           348660 kB
Mem:          3.8G       3.7G       121M       5.7M        26M       3.2G

MemTotal:        4016004 kB
MemFree:          123736 kB
Active:           348708 kB
Mem:          3.8G       3.7G       120M       5.7M        26M       3.2G

MemTotal:        4016004 kB
MemFree:          123984 kB
Active:           348708 kB
Mem:          3.8G       3.7G       121M       5.7M        26M       3.2G

MemTotal:        4016004 kB
MemFree:          124232 kB
Active:           348676 kB
Mem:          3.8G       3.7G       121M       5.7M        26M       3.2G

MemTotal:        4016004 kB
MemFree:          123860 kB
Active:           348672 kB
Mem:          3.8G       3.7G       120M       5.7M        26M       3.2G

MemTotal:        4016004 kB
MemFree:          123984 kB
Active:           348716 kB
Mem:          3.8G       3.7G       121M       5.7M        26M       3.2G

MemTotal:        4016004 kB
MemFree:          124232 kB
Active:           348712 kB
Mem:          3.8G       3.7G       121M       5.7M        26M       3.2G

MemTotal:        4016004 kB
MemFree:          124232 kB
Active:           348708 kB
Mem:          3.8G       3.7G       121M       5.7M        26M       3.2G

MemTotal:        4016004 kB
MemFree:          123860 kB
Active:           348736 kB
Mem:          3.8G       3.7G       121M       5.7M        26M       3.2G

MemTotal:        4016004 kB
MemFree:          123984 kB
Active:           348728 kB
Mem:          3.8G       3.7G       120M       5.7M        26M       3.2G

MemTotal:        4016004 kB
MemFree:          123984 kB
Active:           348708 kB
Mem:          3.8G       3.7G       121M       5.7M        26M       3.2G

MemTotal:        4016004 kB
MemFree:          123860 kB
Active:           348704 kB
Mem:          3.8G       3.7G       121M       5.7M        26M       3.2G

MemTotal:        4016004 kB
MemFree:          123860 kB
Active:           348740 kB
Mem:          3.8G       3.7G       121M       5.7M        26M       3.2G

MemTotal:        4016004 kB
MemFree:          124356 kB
Active:           348692 kB
Mem:          3.8G       3.7G       121M       5.7M        26M       3.2G

MemTotal:        4016004 kB
MemFree:          124232 kB
Active:           348736 kB
Mem:          3.8G       3.7G       121M       5.7M        26M       3.2G

MemTotal:        4016004 kB
MemFree:          124232 kB
Active:           348716 kB
Mem:          3.8G       3.7G       121M       5.7M        26M       3.2G

MemTotal:        4016004 kB
MemFree:          124232 kB
Active:           348716 kB
Mem:          3.8G       3.7G       121M       5.7M        26M       3.2G

MemTotal:        4016004 kB
MemFree:          124356 kB
Active:           348708 kB
Mem:          3.8G       3.7G       121M       5.7M        26M       3.2G

MemTotal:        4016004 kB
MemFree:          123736 kB
Active:           348760 kB
Mem:          3.8G       3.7G       120M       5.7M        26M       3.2G

MemTotal:        4016004 kB
MemFree:          123860 kB
Active:           348724 kB
Mem:          3.8G       3.7G       121M       5.7M        26M       3.2G

MemTotal:        4016004 kB
MemFree:          123612 kB
Active:           348760 kB
Mem:          3.8G       3.7G       120M       5.7M        26M       3.2G

MemTotal:        4016004 kB
MemFree:          123612 kB
Active:           348756 kB
Mem:          3.8G       3.7G       120M       5.7M        26M       3.2G

MemTotal:        4016004 kB
MemFree:          123736 kB
Active:           348748 kB
Mem:          3.8G       3.7G       120M       5.7M        26M       3.2G

MemTotal:        4016004 kB
MemFree:          123736 kB
Active:           348744 kB
Mem:          3.8G       3.7G       120M       5.7M        26M       3.2G

MemTotal:        4016004 kB
MemFree:          123736 kB
Active:           348724 kB
Mem:          3.8G       3.7G       120M       5.7M        26M       3.2G

MemTotal:        4016004 kB
MemFree:          123364 kB
Active:           348780 kB
Mem:          3.8G       3.7G       120M       5.7M        26M       3.2G

MemTotal:        4016004 kB
MemFree:          123240 kB
Active:           348748 kB
Mem:          3.8G       3.7G       120M       5.7M        26M       3.2G

MemTotal:        4016004 kB
MemFree:          123364 kB
Active:           348764 kB
Mem:          3.8G       3.7G       120M       5.7M        26M       3.2G

MemTotal:        4016004 kB
MemFree:          123240 kB
Active:           348788 kB
Mem:          3.8G       3.7G       120M       5.7M        26M       3.2G

MemTotal:        4016004 kB
MemFree:          123612 kB
Active:           348768 kB
Mem:          3.8G       3.7G       120M       5.7M        26M       3.2G

MemTotal:        4016004 kB
MemFree:          123692 kB
Active:           348756 kB
Mem:          3.8G       3.7G       120M       5.7M        26M       3.2G

MemTotal:        4016004 kB
MemFree:          123568 kB
Active:           348756 kB
Mem:          3.8G       3.7G       120M       5.7M        26M       3.2G

MemTotal:        4016004 kB
MemFree:          123568 kB
Active:           348764 kB
Mem:          3.8G       3.7G       120M       5.7M        26M       3.2G

MemTotal:        4016004 kB
MemFree:          123692 kB
Active:           348768 kB
Mem:          3.8G       3.7G       120M       5.7M        26M       3.2G

MemTotal:        4016004 kB
MemFree:          124188 kB
Active:           348760 kB
