MemTotal:        4016004 kB
MemFree:         3248780 kB
Active:           409688 kB
Mem:          3.8G       749M       3.1G       5.7M        54M       315M

MemTotal:        4016004 kB
MemFree:         3249372 kB
Active:           409484 kB
Mem:          3.8G       748M       3.1G       5.7M        54M       316M

MemTotal:        4016004 kB
MemFree:         3249464 kB
Active:           409524 kB
Mem:          3.8G       748M       3.1G       5.7M        54M       316M

MemTotal:        4016004 kB
MemFree:         3249324 kB
Active:           409528 kB
Mem:          3.8G       748M       3.1G       5.7M        54M       316M

MemTotal:        4016004 kB
MemFree:         3249308 kB
Active:           409548 kB
Mem:          3.8G       748M       3.1G       5.7M        54M       316M

MemTotal:        4016004 kB
MemFree:         3249308 kB
Active:           409552 kB
Mem:          3.8G       748M       3.1G       5.7M        54M       316M

MemTotal:        4016004 kB
MemFree:         3249616 kB
Active:           407472 kB
Mem:          3.8G       748M       3.1G       5.7M        54M       316M

MemTotal:        4016004 kB
MemFree:         3249104 kB
Active:           407524 kB
Mem:          3.8G       748M       3.1G       5.7M        54M       316M

MemTotal:        4016004 kB
MemFree:         3249460 kB
Active:           409564 kB
Mem:          3.8G       748M       3.1G       5.7M        54M       316M

MemTotal:        4016004 kB
MemFree:         3248824 kB
Active:           409572 kB
Mem:          3.8G       748M       3.1G       5.7M        54M       316M

MemTotal:        4016004 kB
MemFree:         3249056 kB
Active:           409552 kB
Mem:          3.8G       749M       3.1G       5.7M        54M       316M

MemTotal:        4016004 kB
MemFree:         3248932 kB
Active:           409528 kB
Mem:          3.8G       749M       3.1G       5.7M        54M       316M

MemTotal:        4016004 kB
MemFree:         3249056 kB
Active:           409536 kB
Mem:          3.8G       749M       3.1G       5.7M        54M       316M

MemTotal:        4016004 kB
MemFree:         3248932 kB
Active:           409548 kB
Mem:          3.8G       749M       3.1G       5.7M        54M       316M

MemTotal:        4016004 kB
MemFree:         3248684 kB
Active:           409580 kB
Mem:          3.8G       749M       3.1G       5.7M        54M       316M

MemTotal:        4016004 kB
MemFree:         3249072 kB
Active:           409580 kB
Mem:          3.8G       748M       3.1G       5.7M        54M       316M

MemTotal:        4016004 kB
MemFree:         3248868 kB
Active:           407504 kB
Mem:          3.8G       749M       3.1G       5.7M        54M       316M

MemTotal:        4016004 kB
MemFree:         3249224 kB
Active:           409576 kB
Mem:          3.8G       748M       3.1G       5.7M        54M       316M

MemTotal:        4016004 kB
MemFree:         3248976 kB
Active:           409584 kB
Mem:          3.8G       748M       3.1G       5.7M        54M       316M

MemTotal:        4016004 kB
MemFree:         3249248 kB
Active:           409532 kB
Mem:          3.8G       748M       3.1G       5.7M        54M       316M

MemTotal:        4016004 kB
MemFree:         3249356 kB
Active:           409536 kB
Mem:          3.8G       748M       3.1G       5.7M        54M       316M

MemTotal:        4016004 kB
MemFree:         3249356 kB
Active:           409568 kB
Mem:          3.8G       748M       3.1G       5.7M        54M       316M

MemTotal:        4016004 kB
MemFree:         3249340 kB
Active:           409576 kB
Mem:          3.8G       748M       3.1G       5.7M        54M       316M

MemTotal:        4016004 kB
MemFree:         3249092 kB
Active:           409588 kB
Mem:          3.8G       748M       3.1G       5.7M        54M       316M

MemTotal:        4016004 kB
MemFree:         3249200 kB
Active:           409568 kB
Mem:          3.8G       748M       3.1G       5.7M        54M       316M

MemTotal:        4016004 kB
MemFree:         3248952 kB
Active:           409592 kB
Mem:          3.8G       748M       3.1G       5.7M        54M       316M

MemTotal:        4016004 kB
MemFree:         3249012 kB
Active:           407616 kB
Mem:          3.8G       749M       3.1G       5.7M        54M       316M

MemTotal:        4016004 kB
MemFree:         3249244 kB
Active:           409692 kB
Mem:          3.8G       748M       3.1G       5.7M        54M       316M

MemTotal:        4016004 kB
MemFree:         3248872 kB
Active:           409728 kB
Mem:          3.8G       749M       3.1G       5.7M        54M       316M

MemTotal:        4016004 kB
MemFree:         3249244 kB
Active:           409704 kB
Mem:          3.8G       748M       3.1G       5.7M        54M       316M

MemTotal:        4016004 kB
MemFree:         3248996 kB
Active:           409728 kB
Mem:          3.8G       748M       3.1G       5.7M        54M       316M

MemTotal:        4016004 kB
MemFree:         3249368 kB
Active:           409728 kB
Mem:          3.8G       748M       3.1G       5.7M        54M       316M

MemTotal:        4016004 kB
MemFree:         3248856 kB
Active:           409728 kB
Mem:          3.8G       748M       3.1G       5.7M        54M       316M

MemTotal:        4016004 kB
MemFree:         3249228 kB
Active:           409728 kB
Mem:          3.8G       748M       3.1G       5.7M        54M       316M

MemTotal:        4016004 kB
MemFree:         3249260 kB
Active:           409708 kB
Mem:          3.8G       748M       3.1G       5.7M        54M       316M

MemTotal:        4016004 kB
MemFree:         3249508 kB
Active:           409684 kB
Mem:          3.8G       748M       3.1G       5.7M        54M       316M

MemTotal:        4016004 kB
MemFree:         3249384 kB
Active:           409740 kB
Mem:          3.8G       748M       3.1G       5.7M        54M       316M

MemTotal:        4016004 kB
MemFree:         3249508 kB
Active:           409688 kB
Mem:          3.8G       748M       3.1G       5.7M        54M       316M

MemTotal:        4016004 kB
MemFree:         3249508 kB
Active:           409708 kB
Mem:          3.8G       748M       3.1G       5.7M        54M       316M

MemTotal:        4016004 kB
MemFree:         3249632 kB
Active:           409752 kB
Mem:          3.8G       748M       3.1G       5.7M        54M       316M

MemTotal:        4016004 kB
MemFree:         3249632 kB
Active:           409756 kB
Mem:          3.8G       748M       3.1G       5.7M        54M       316M

MemTotal:        4016004 kB
MemFree:         3249508 kB
Active:           409732 kB
Mem:          3.8G       748M       3.1G       5.7M        54M       316M

MemTotal:        4016004 kB
MemFree:         3249756 kB
Active:           409732 kB
Mem:          3.8G       748M       3.1G       5.7M        54M       316M

MemTotal:        4016004 kB
MemFree:         3249508 kB
Active:           409720 kB
Mem:          3.8G       748M       3.1G       5.7M        54M       316M

MemTotal:        4016004 kB
MemFree:         3249756 kB
Active:           409772 kB
Mem:          3.8G       748M       3.1G       5.7M        54M       316M

MemTotal:        4016004 kB
MemFree:         3249632 kB
Active:           409752 kB
Mem:          3.8G       748M       3.1G       5.7M        54M       316M

MemTotal:        4016004 kB
MemFree:         3248824 kB
Active:           407884 kB
Mem:          3.8G       748M       3.1G       5.7M        54M       316M

MemTotal:        4016004 kB
MemFree:         3248800 kB
Active:           409932 kB
Mem:          3.8G       748M       3.1G       5.7M        54M       316M

MemTotal:        4016004 kB
MemFree:         3249296 kB
Active:           409900 kB
Mem:          3.8G       748M       3.1G       5.7M        54M       316M

MemTotal:        4016004 kB
MemFree:         3248924 kB
Active:           409944 kB
Mem:          3.8G       749M       3.1G       5.7M        54M       316M

MemTotal:        4016004 kB
MemFree:         3248836 kB
Active:           409928 kB
Mem:          3.8G       749M       3.1G       5.7M        54M       316M

MemTotal:        4016004 kB
MemFree:         3248712 kB
Active:           409936 kB
Mem:          3.8G       749M       3.1G       5.7M        54M       316M

MemTotal:        4016004 kB
MemFree:         3248960 kB
Active:           409940 kB
Mem:          3.8G       749M       3.1G       5.7M        54M       316M

MemTotal:        4016004 kB
MemFree:         3248448 kB
Active:           409964 kB
Mem:          3.8G       749M       3.1G       5.7M        54M       316M

MemTotal:        4016004 kB
MemFree:         3248556 kB
Active:           409964 kB
Mem:          3.8G       749M       3.1G       5.7M        54M       316M

MemTotal:        4016004 kB
MemFree:         3248928 kB
Active:           409940 kB
Mem:          3.8G       749M       3.1G       5.7M        54M       316M

MemTotal:        4016004 kB
MemFree:         3248928 kB
Active:           409948 kB
Mem:          3.8G       749M       3.1G       5.7M        54M       316M

MemTotal:        4016004 kB
MemFree:         3248928 kB
Active:           409956 kB
Mem:          3.8G       748M       3.1G       5.7M        54M       316M

MemTotal:        4016004 kB
MemFree:         3249176 kB
Active:           409928 kB
Mem:          3.8G       748M       3.1G       5.7M        54M       316M

MemTotal:        4016004 kB
MemFree:         3249300 kB
Active:           409936 kB
Mem:          3.8G       748M       3.1G       5.7M        54M       316M

MemTotal:        4016004 kB
MemFree:         3249004 kB
Active:           410064 kB
Mem:          3.8G       749M       3.1G       5.7M        54M       316M

MemTotal:        4016004 kB
MemFree:         3134404 kB
Active:           410428 kB
Mem:          3.8G       861M       3.0G       5.7M        55M       427M

MemTotal:        4016004 kB
MemFree:         3131112 kB
Active:           410432 kB
Mem:          3.8G       864M       3.0G       5.7M        55M       429M

MemTotal:        4016004 kB
MemFree:         3067948 kB
Active:           410436 kB
Mem:          3.8G       926M       2.9G       5.7M        55M       490M

MemTotal:        4016004 kB
MemFree:         2951984 kB
Active:           410440 kB
Mem:          3.8G       1.0G       2.8G       5.7M        55M       602M

MemTotal:        4016004 kB
MemFree:         2834656 kB
Active:           410420 kB
Mem:          3.8G       1.1G       2.7G       5.7M        55M       714M

MemTotal:        4016004 kB
MemFree:         2792548 kB
Active:           408404 kB
Mem:          3.8G       1.2G       2.7G       5.7M        55M       755M

MemTotal:        4016004 kB
MemFree:         2751720 kB
Active:           410432 kB
Mem:          3.8G       1.2G       2.6G       5.7M        55M       794M

MemTotal:        4016004 kB
MemFree:         2693932 kB
Active:           410436 kB
Mem:          3.8G       1.3G       2.6G       5.7M        55M       850M

MemTotal:        4016004 kB
MemFree:         2692220 kB
Active:           410436 kB
Mem:          3.8G       1.3G       2.6G       5.7M        55M       852M

MemTotal:        4016004 kB
MemFree:         2690716 kB
Active:           410504 kB
Mem:          3.8G       1.3G       2.6G       5.7M        55M       853M

MemTotal:        4016004 kB
MemFree:         2689896 kB
Active:           410480 kB
Mem:          3.8G       1.3G       2.6G       5.7M        55M       854M

MemTotal:        4016004 kB
MemFree:         2687856 kB
Active:           410484 kB
Mem:          3.8G       1.3G       2.6G       5.7M        55M       855M

MemTotal:        4016004 kB
MemFree:         2595116 kB
Active:           410508 kB
Mem:          3.8G       1.4G       2.5G       5.7M        55M       946M

MemTotal:        4016004 kB
MemFree:         2459032 kB
Active:           410480 kB
Mem:          3.8G       1.5G       2.3G       5.7M        55M       1.1G

MemTotal:        4016004 kB
MemFree:         2333392 kB
Active:           410464 kB
Mem:          3.8G       1.6G       2.2G       5.7M        55M       1.2G

MemTotal:        4016004 kB
MemFree:         2332864 kB
Active:           410496 kB
Mem:          3.8G       1.6G       2.2G       5.7M        55M       1.2G

MemTotal:        4016004 kB
MemFree:         2247364 kB
Active:           410496 kB
Mem:          3.8G       1.7G       2.1G       5.7M        55M       1.3G

MemTotal:        4016004 kB
MemFree:         2236696 kB
Active:           410512 kB
Mem:          3.8G       1.7G       2.1G       5.7M        55M       1.3G

MemTotal:        4016004 kB
MemFree:         2180104 kB
Active:           410532 kB
Mem:          3.8G       1.8G       2.1G       5.7M        55M       1.3G

MemTotal:        4016004 kB
MemFree:         2135532 kB
Active:           410536 kB
Mem:          3.8G       1.8G       2.0G       5.7M        55M       1.4G

MemTotal:        4016004 kB
MemFree:         2102800 kB
Active:           410492 kB
Mem:          3.8G       1.8G       2.0G       5.7M        55M       1.4G

MemTotal:        4016004 kB
MemFree:         2037108 kB
Active:           410548 kB
Mem:          3.8G       1.9G       1.9G       5.7M        55M       1.4G

MemTotal:        4016004 kB
MemFree:         2035148 kB
Active:           410568 kB
Mem:          3.8G       1.9G       1.9G       5.7M        55M       1.4G

MemTotal:        4016004 kB
MemFree:         2033476 kB
Active:           410532 kB
Mem:          3.8G       1.9G       1.9G       5.7M        55M       1.5G

MemTotal:        4016004 kB
MemFree:         2032408 kB
Active:           410548 kB
Mem:          3.8G       1.9G       1.9G       5.7M        55M       1.5G

MemTotal:        4016004 kB
MemFree:         2029520 kB
Active:           408548 kB
Mem:          3.8G       1.9G       1.9G       5.7M        55M       1.5G

MemTotal:        4016004 kB
MemFree:         1899904 kB
Active:           410612 kB
Mem:          3.8G       2.0G       1.8G       5.7M        55M       1.6G

MemTotal:        4016004 kB
MemFree:         1769664 kB
Active:           410588 kB
Mem:          3.8G       2.1G       1.7G       5.7M        55M       1.7G

MemTotal:        4016004 kB
MemFree:         1682796 kB
Active:           410616 kB
Mem:          3.8G       2.2G       1.6G       5.7M        55M       1.8G

MemTotal:        4016004 kB
MemFree:         1605932 kB
Active:           410596 kB
Mem:          3.8G       2.3G       1.5G       5.7M        55M       1.9G

MemTotal:        4016004 kB
MemFree:         1580600 kB
Active:           410600 kB
Mem:          3.8G       2.3G       1.5G       5.7M        55M       1.9G

MemTotal:        4016004 kB
MemFree:         1579284 kB
Active:           410608 kB
Mem:          3.8G       2.3G       1.5G       5.7M        55M       1.9G

MemTotal:        4016004 kB
MemFree:         1482656 kB
Active:           410576 kB
Mem:          3.8G       2.4G       1.4G       5.7M        55M       2.0G

MemTotal:        4016004 kB
MemFree:         1482392 kB
Active:           410636 kB
Mem:          3.8G       2.4G       1.4G       5.7M        55M       2.0G

MemTotal:        4016004 kB
MemFree:         1480964 kB
Active:           410592 kB
Mem:          3.8G       2.4G       1.4G       5.7M        55M       2.0G

MemTotal:        4016004 kB
MemFree:         1479132 kB
Active:           408604 kB
Mem:          3.8G       2.4G       1.4G       5.7M        55M       2.0G

MemTotal:        4016004 kB
MemFree:         1478544 kB
Active:           410608 kB
Mem:          3.8G       2.4G       1.4G       5.7M        55M       2.0G

MemTotal:        4016004 kB
MemFree:         1414096 kB
Active:           410620 kB
Mem:          3.8G       2.5G       1.3G       5.7M        55M       2.0G

MemTotal:        4016004 kB
MemFree:         1291064 kB
Active:           410652 kB
Mem:          3.8G       2.6G       1.2G       5.7M        55M       2.1G

MemTotal:        4016004 kB
MemFree:         1162656 kB
Active:           410652 kB
Mem:          3.8G       2.7G       1.1G       5.7M        55M       2.3G

MemTotal:        4016004 kB
MemFree:         1127964 kB
Active:           410660 kB
Mem:          3.8G       2.8G       1.1G       5.7M        55M       2.3G

MemTotal:        4016004 kB
MemFree:         1065248 kB
Active:           410616 kB
Mem:          3.8G       2.8G       1.0G       5.7M        55M       2.4G

MemTotal:        4016004 kB
MemFree:         1036724 kB
Active:           410676 kB
Mem:          3.8G       2.8G       1.0G       5.7M        55M       2.4G

MemTotal:        4016004 kB
MemFree:          972740 kB
Active:           410680 kB
Mem:          3.8G       2.9G       949M       5.7M        55M       2.4G

MemTotal:        4016004 kB
MemFree:          945500 kB
Active:           410648 kB
Mem:          3.8G       2.9G       923M       5.7M        55M       2.5G

MemTotal:        4016004 kB
MemFree:          901104 kB
Active:           408668 kB
Mem:          3.8G       3.0G       879M       5.7M        55M       2.5G

MemTotal:        4016004 kB
MemFree:          792736 kB
Active:           410716 kB
Mem:          3.8G       3.1G       774M       5.7M        55M       2.6G

MemTotal:        4016004 kB
MemFree:          787884 kB
Active:           410676 kB
Mem:          3.8G       3.1G       769M       5.7M        55M       2.6G

MemTotal:        4016004 kB
MemFree:          786984 kB
Active:           410672 kB
Mem:          3.8G       3.1G       768M       5.7M        55M       2.6G

MemTotal:        4016004 kB
MemFree:          785808 kB
Active:           410700 kB
Mem:          3.8G       3.1G       767M       5.7M        55M       2.6G

MemTotal:        4016004 kB
MemFree:          720384 kB
Active:           410740 kB
Mem:          3.8G       3.1G       703M       5.7M        55M       2.7G

MemTotal:        4016004 kB
MemFree:          589976 kB
Active:           410708 kB
Mem:          3.8G       3.3G       576M       5.7M        55M       2.8G

MemTotal:        4016004 kB
MemFree:          589048 kB
Active:           410740 kB
Mem:          3.8G       3.3G       575M       5.7M        55M       2.8G

MemTotal:        4016004 kB
MemFree:          500252 kB
Active:           410728 kB
Mem:          3.8G       3.4G       488M       5.7M        55M       2.9G

MemTotal:        4016004 kB
MemFree:          499940 kB
Active:           410768 kB
Mem:          3.8G       3.4G       488M       5.7M        55M       2.9G

MemTotal:        4016004 kB
MemFree:          498068 kB
Active:           410736 kB
Mem:          3.8G       3.4G       486M       5.7M        55M       2.9G

MemTotal:        4016004 kB
MemFree:          498292 kB
Active:           412800 kB
Mem:          3.8G       3.4G       486M       5.7M        55M       2.9G

MemTotal:        4016004 kB
MemFree:          496388 kB
Active:           412760 kB
Mem:          3.8G       3.4G       484M       5.7M        55M       2.9G

MemTotal:        4016004 kB
MemFree:          398440 kB
Active:           412800 kB
Mem:          3.8G       3.4G       389M       5.7M        55M       3.0G

MemTotal:        4016004 kB
MemFree:          287576 kB
Active:           412812 kB
Mem:          3.8G       3.6G       280M       5.7M        55M       3.1G

MemTotal:        4016004 kB
MemFree:          167660 kB
Active:           412832 kB
Mem:          3.8G       3.7G       162M       5.7M        55M       3.2G

MemTotal:        4016004 kB
MemFree:          145280 kB
Active:           412832 kB
Mem:          3.8G       3.7G       141M       5.7M        55M       3.2G

MemTotal:        4016004 kB
MemFree:          131972 kB
Active:           417108 kB
Mem:          3.8G       3.7G       117M       5.7M        20M       3.3G

MemTotal:        4016004 kB
MemFree:          120308 kB
Active:           440052 kB
Mem:          3.8G       3.7G       116M       5.7M        20M       3.3G

MemTotal:        4016004 kB
MemFree:          154824 kB
Active:           468652 kB
Mem:          3.8G       3.7G       150M       5.7M        20M       3.2G

MemTotal:        4016004 kB
MemFree:          143680 kB
Active:           459888 kB
Mem:          3.8G       3.7G       139M       5.7M        20M       3.3G

MemTotal:        4016004 kB
MemFree:          141988 kB
Active:           459848 kB
Mem:          3.8G       3.7G       138M       5.7M        20M       3.3G

MemTotal:        4016004 kB
MemFree:          141912 kB
Active:           459852 kB
Mem:          3.8G       3.7G       138M       5.7M        20M       3.3G

MemTotal:        4016004 kB
MemFree:          141760 kB
Active:           459900 kB
Mem:          3.8G       3.7G       138M       5.7M        20M       3.3G

MemTotal:        4016004 kB
MemFree:          131156 kB
Active:           451416 kB
Mem:          3.8G       3.7G       127M       5.7M        20M       3.3G

MemTotal:        4016004 kB
MemFree:          146792 kB
Active:           433952 kB
Mem:          3.8G       3.7G       143M       5.7M        20M       3.3G

MemTotal:        4016004 kB
MemFree:          145996 kB
Active:           424736 kB
Mem:          3.8G       3.7G       142M       5.7M        20M       3.3G

MemTotal:        4016004 kB
MemFree:          138460 kB
Active:           424724 kB
Mem:          3.8G       3.7G       134M       5.7M        20M       3.3G

MemTotal:        4016004 kB
MemFree:          133636 kB
Active:           423216 kB
Mem:          3.8G       3.7G       130M       5.7M        20M       3.3G

MemTotal:        4016004 kB
MemFree:          137964 kB
Active:           420920 kB
Mem:          3.8G       3.7G       134M       5.7M        20M       3.3G

MemTotal:        4016004 kB
MemFree:          126892 kB
Active:           420944 kB
Mem:          3.8G       3.7G       123M       5.7M        20M       3.3G

MemTotal:        4016004 kB
MemFree:          131940 kB
Active:           418620 kB
Mem:          3.8G       3.7G       128M       5.7M        20M       3.3G

MemTotal:        4016004 kB
MemFree:          120736 kB
Active:           418120 kB
Mem:          3.8G       3.7G       117M       5.7M        20M       3.3G

MemTotal:        4016004 kB
MemFree:          128476 kB
Active:           416728 kB
Mem:          3.8G       3.7G       125M       5.7M        20M       3.3G

MemTotal:        4016004 kB
MemFree:          125396 kB
Active:           416736 kB
Mem:          3.8G       3.7G       122M       5.7M        20M       3.3G

MemTotal:        4016004 kB
MemFree:          125056 kB
Active:           416684 kB
Mem:          3.8G       3.7G       121M       5.7M        20M       3.3G

MemTotal:        4016004 kB
MemFree:          122920 kB
Active:           416696 kB
Mem:          3.8G       3.7G       119M       5.7M        20M       3.3G

MemTotal:        4016004 kB
MemFree:          120216 kB
Active:           416744 kB
Mem:          3.8G       3.7G       117M       5.7M        20M       3.3G

MemTotal:        4016004 kB
MemFree:          136992 kB
Active:           413168 kB
Mem:          3.8G       3.7G       133M       5.7M        20M       3.3G

MemTotal:        4016004 kB
MemFree:          130328 kB
Active:           408308 kB
Mem:          3.8G       3.7G       126M       5.7M        20M       3.3G

MemTotal:        4016004 kB
MemFree:          126988 kB
Active:           405484 kB
Mem:          3.8G       3.7G       122M       5.7M        20M       3.3G

MemTotal:        4016004 kB
MemFree:          129088 kB
Active:           403584 kB
Mem:          3.8G       3.7G       125M       5.7M        20M       3.3G

MemTotal:        4016004 kB
MemFree:          127912 kB
Active:           403456 kB
Mem:          3.8G       3.7G       124M       5.7M        20M       3.3G

MemTotal:        4016004 kB
MemFree:          145644 kB
Active:           400352 kB
Mem:          3.8G       3.7G       142M       5.7M        20M       3.3G

MemTotal:        4016004 kB
MemFree:          112340 kB
Active:           400272 kB
Mem:          3.8G       3.7G       109M       5.7M        20M       3.3G

MemTotal:        4016004 kB
MemFree:          133976 kB
Active:           397440 kB
Mem:          3.8G       3.7G       130M       5.7M        20M       3.3G

MemTotal:        4016004 kB
MemFree:          132800 kB
Active:           397336 kB
Mem:          3.8G       3.7G       129M       5.7M        20M       3.3G

MemTotal:        4016004 kB
MemFree:          132368 kB
Active:           397292 kB
Mem:          3.8G       3.7G       128M       5.7M        20M       3.3G

MemTotal:        4016004 kB
MemFree:          131132 kB
Active:           397352 kB
Mem:          3.8G       3.7G       128M       5.7M        20M       3.3G

MemTotal:        4016004 kB
MemFree:          125544 kB
Active:           396028 kB
Mem:          3.8G       3.7G       121M       5.7M        20M       3.3G

MemTotal:        4016004 kB
MemFree:          134884 kB
Active:           391860 kB
Mem:          3.8G       3.7G       131M       5.7M        20M       3.3G

MemTotal:        4016004 kB
MemFree:          107032 kB
Active:           390716 kB
Mem:          3.8G       3.7G       104M       5.7M        20M       3.3G

MemTotal:        4016004 kB
MemFree:          140940 kB
Active:           388108 kB
Mem:          3.8G       3.7G       137M       5.7M        20M       3.3G

MemTotal:        4016004 kB
MemFree:          117712 kB
Active:           387596 kB
Mem:          3.8G       3.7G       113M       5.7M        20M       3.3G

MemTotal:        4016004 kB
MemFree:          124028 kB
Active:           386848 kB
Mem:          3.8G       3.7G       120M       5.7M        20M       3.3G

MemTotal:        4016004 kB
MemFree:          106656 kB
Active:           385584 kB
Mem:          3.8G       3.7G       103M       5.7M        20M       3.3G

MemTotal:        4016004 kB
MemFree:          132864 kB
Active:           383004 kB
Mem:          3.8G       3.7G       129M       5.7M        20M       3.3G

MemTotal:        4016004 kB
MemFree:          128768 kB
Active:           382912 kB
Mem:          3.8G       3.7G       125M       5.7M        20M       3.3G

MemTotal:        4016004 kB
MemFree:          126888 kB
Active:           382900 kB
Mem:          3.8G       3.7G       123M       5.7M        20M       3.3G

MemTotal:        4016004 kB
MemFree:          126580 kB
Active:           382892 kB
Mem:          3.8G       3.7G       123M       5.7M        20M       3.3G

MemTotal:        4016004 kB
MemFree:          127000 kB
Active:           382888 kB
Mem:          3.8G       3.7G       124M       5.7M        20M       3.3G

MemTotal:        4016004 kB
MemFree:          132668 kB
Active:           381408 kB
Mem:          3.8G       3.7G       128M       5.7M        20M       3.3G

MemTotal:        4016004 kB
MemFree:          134452 kB
Active:           377912 kB
Mem:          3.8G       3.7G       130M       5.7M        20M       3.3G

MemTotal:        4016004 kB
MemFree:          131448 kB
Active:           373224 kB
Mem:          3.8G       3.7G       127M       5.7M        20M       3.3G

MemTotal:        4016004 kB
MemFree:          143048 kB
Active:           370664 kB
Mem:          3.8G       3.7G       139M       5.7M        20M       3.3G

MemTotal:        4016004 kB
MemFree:          149588 kB
Active:           368872 kB
Mem:          3.8G       3.7G       146M       5.7M        20M       3.2G

MemTotal:        4016004 kB
MemFree:          123760 kB
Active:           368752 kB
Mem:          3.8G       3.7G       120M       5.7M        20M       3.3G

MemTotal:        4016004 kB
MemFree:          138296 kB
Active:           367092 kB
Mem:          3.8G       3.7G       135M       5.7M        20M       3.3G

MemTotal:        4016004 kB
MemFree:          116716 kB
Active:           365172 kB
Mem:          3.8G       3.7G       113M       5.7M        20M       3.3G

MemTotal:        4016004 kB
MemFree:          135484 kB
Active:           363520 kB
Mem:          3.8G       3.7G       132M       5.7M        20M       3.3G

MemTotal:        4016004 kB
MemFree:          134864 kB
Active:           363496 kB
Mem:          3.8G       3.7G       131M       5.7M        20M       3.3G

MemTotal:        4016004 kB
MemFree:          135472 kB
Active:           363544 kB
Mem:          3.8G       3.7G       132M       5.7M        20M       3.3G

MemTotal:        4016004 kB
MemFree:          133524 kB
Active:           363548 kB
Mem:          3.8G       3.7G       130M       5.7M        20M       3.3G

MemTotal:        4016004 kB
MemFree:          132864 kB
Active:           363544 kB
Mem:          3.8G       3.7G       129M       5.7M        20M       3.3G

MemTotal:        4016004 kB
MemFree:          125728 kB
Active:           362000 kB
Mem:          3.8G       3.7G       122M       5.7M        20M       3.3G

MemTotal:        4016004 kB
MemFree:          125548 kB
Active:           356984 kB
Mem:          3.8G       3.7G       122M       5.7M        20M       3.3G

MemTotal:        4016004 kB
MemFree:          124776 kB
Active:           356820 kB
Mem:          3.8G       3.7G       121M       5.7M        20M       3.3G

MemTotal:        4016004 kB
MemFree:          125992 kB
Active:           356836 kB
Mem:          3.8G       3.7G       123M       5.7M        20M       3.3G

MemTotal:        4016004 kB
MemFree:          120072 kB
Active:           354548 kB
Mem:          3.8G       3.7G       116M       5.7M        20M       3.3G

MemTotal:        4016004 kB
MemFree:          118512 kB
Active:           354580 kB
Mem:          3.8G       3.7G       115M       5.7M        20M       3.3G

MemTotal:        4016004 kB
MemFree:          129148 kB
Active:           354532 kB
Mem:          3.8G       3.7G       125M       5.7M        20M       3.3G

MemTotal:        4016004 kB
MemFree:          130328 kB
Active:           354592 kB
Mem:          3.8G       3.7G       127M       5.7M        20M       3.3G

MemTotal:        4016004 kB
MemFree:          128980 kB
Active:           354552 kB
Mem:          3.8G       3.7G       125M       5.7M        20M       3.3G

MemTotal:        4016004 kB
MemFree:          131424 kB
Active:           354600 kB
Mem:          3.8G       3.7G       127M       5.7M        20M       3.3G

MemTotal:        4016004 kB
MemFree:          130088 kB
Active:           354556 kB
Mem:          3.8G       3.7G       126M       5.7M        20M       3.3G

MemTotal:        4016004 kB
MemFree:          129592 kB
Active:           354568 kB
Mem:          3.8G       3.7G       126M       5.7M        20M       3.3G

MemTotal:        4016004 kB
MemFree:          128416 kB
Active:           354612 kB
Mem:          3.8G       3.7G       125M       5.7M        20M       3.3G

MemTotal:        4016004 kB
MemFree:          127960 kB
Active:           354568 kB
Mem:          3.8G       3.7G       124M       5.7M        20M       3.3G

MemTotal:        4016004 kB
MemFree:          125344 kB
Active:           354524 kB
Mem:          3.8G       3.7G       130M       5.7M        20M       3.3G

MemTotal:        4016004 kB
MemFree:          142716 kB
Active:           356092 kB
Mem:          3.8G       3.7G       138M       5.7M        20M       3.3G

MemTotal:        4016004 kB
MemFree:          136148 kB
Active:           355848 kB
Mem:          3.8G       3.7G       131M       5.7M        20M       3.3G

MemTotal:        4016004 kB
MemFree:          137756 kB
Active:           355344 kB
Mem:          3.8G       3.7G       134M       5.7M        20M       3.3G

MemTotal:        4016004 kB
MemFree:          123220 kB
Active:           355360 kB
Mem:          3.8G       3.7G       119M       5.7M        20M       3.3G

MemTotal:        4016004 kB
MemFree:          152468 kB
Active:           355388 kB
Mem:          3.8G       3.7G       148M       5.7M        20M       3.2G

MemTotal:        4016004 kB
MemFree:          119012 kB
Active:           355392 kB
Mem:          3.8G       3.7G       116M       5.7M        20M       3.3G

MemTotal:        4016004 kB
MemFree:          116080 kB
Active:           355392 kB
Mem:          3.8G       3.7G       113M       5.7M        20M       3.3G

MemTotal:        4016004 kB
MemFree:          115364 kB
Active:           355344 kB
Mem:          3.8G       3.7G       112M       5.7M        20M       3.3G

MemTotal:        4016004 kB
MemFree:          113748 kB
Active:           355356 kB
Mem:          3.8G       3.7G       111M       5.7M        20M       3.3G

MemTotal:        4016004 kB
MemFree:          111708 kB
Active:           355352 kB
Mem:          3.8G       3.7G       108M       5.7M        20M       3.3G

MemTotal:        4016004 kB
MemFree:          110860 kB
Active:           355356 kB
Mem:          3.8G       3.7G       108M       5.7M        20M       3.3G

MemTotal:        4016004 kB
MemFree:          115616 kB
Active:           355388 kB
Mem:          3.8G       3.7G       115M       5.7M        20M       3.3G

MemTotal:        4016004 kB
MemFree:          121640 kB
Active:           354400 kB
Mem:          3.8G       3.7G       118M       5.7M        20M       3.3G

MemTotal:        4016004 kB
MemFree:          136020 kB
Active:           354428 kB
Mem:          3.8G       3.7G       132M       5.7M        20M       3.3G

MemTotal:        4016004 kB
MemFree:          114176 kB
Active:           354428 kB
Mem:          3.8G       3.7G       110M       5.7M        20M       3.3G

MemTotal:        4016004 kB
MemFree:          149184 kB
Active:           352540 kB
Mem:          3.8G       3.7G       145M       5.7M        20M       3.2G

MemTotal:        4016004 kB
MemFree:          148600 kB
Active:           352432 kB
Mem:          3.8G       3.7G       145M       5.7M        20M       3.2G

MemTotal:        4016004 kB
MemFree:          135636 kB
Active:           352384 kB
Mem:          3.8G       3.7G       132M       5.7M        20M       3.3G

MemTotal:        4016004 kB
MemFree:          134836 kB
Active:           352412 kB
Mem:          3.8G       3.7G       131M       5.7M        20M       3.3G

MemTotal:        4016004 kB
MemFree:          133376 kB
Active:           353104 kB
Mem:          3.8G       3.7G       130M       5.7M        20M       3.3G

MemTotal:        4016004 kB
MemFree:          132728 kB
Active:           353072 kB
Mem:          3.8G       3.7G       129M       5.7M        20M       3.3G

MemTotal:        4016004 kB
MemFree:          131156 kB
Active:           353048 kB
Mem:          3.8G       3.7G       127M       5.7M        20M       3.3G

MemTotal:        4016004 kB
MemFree:          141596 kB
Active:           352984 kB
Mem:          3.8G       3.7G       138M       5.7M        20M       3.3G

MemTotal:        4016004 kB
MemFree:          113128 kB
Active:           352856 kB
Mem:          3.8G       3.7G       110M       5.7M        20M       3.3G

MemTotal:        4016004 kB
MemFree:          127752 kB
Active:           352048 kB
Mem:          3.8G       3.7G       124M       5.7M        20M       3.3G

MemTotal:        4016004 kB
MemFree:          143404 kB
Active:           352124 kB
Mem:          3.8G       3.7G       140M       5.7M        20M       3.3G

MemTotal:        4016004 kB
MemFree:          125676 kB
Active:           352084 kB
Mem:          3.8G       3.7G       122M       5.7M        20M       3.3G

MemTotal:        4016004 kB
MemFree:          124940 kB
Active:           351956 kB
Mem:          3.8G       3.7G       122M       5.7M        20M       3.3G

MemTotal:        4016004 kB
MemFree:          118584 kB
Active:           352004 kB
Mem:          3.8G       3.7G       115M       5.7M        20M       3.3G

MemTotal:        4016004 kB
MemFree:          134992 kB
Active:           352004 kB
Mem:          3.8G       3.7G       131M       5.7M        20M       3.3G

MemTotal:        4016004 kB
MemFree:          129560 kB
Active:           352980 kB
Mem:          3.8G       3.7G       126M       5.7M        20M       3.3G

MemTotal:        4016004 kB
MemFree:          128108 kB
Active:           353048 kB
Mem:          3.8G       3.7G       124M       5.7M        20M       3.3G

MemTotal:        4016004 kB
MemFree:          126716 kB
Active:           353060 kB
Mem:          3.8G       3.7G       123M       5.7M        20M       3.3G

MemTotal:        4016004 kB
MemFree:          124964 kB
Active:           353044 kB
Mem:          3.8G       3.7G       121M       5.7M        20M       3.3G

MemTotal:        4016004 kB
MemFree:          120028 kB
Active:           353048 kB
Mem:          3.8G       3.7G       117M       5.7M        20M       3.3G

MemTotal:        4016004 kB
MemFree:          131860 kB
Active:           350536 kB
Mem:          3.8G       3.7G       128M       5.7M        20M       3.3G

MemTotal:        4016004 kB
MemFree:          138584 kB
Active:           350560 kB
Mem:          3.8G       3.7G       135M       5.7M        20M       3.3G

MemTotal:        4016004 kB
MemFree:          131600 kB
Active:           350560 kB
Mem:          3.8G       3.7G       128M       5.7M        20M       3.3G

MemTotal:        4016004 kB
MemFree:          134636 kB
Active:           347648 kB
Mem:          3.8G       3.7G       131M       5.7M        20M       3.3G

MemTotal:        4016004 kB
MemFree:          143972 kB
Active:           347648 kB
Mem:          3.8G       3.7G       140M       5.7M        20M       3.2G

MemTotal:        4016004 kB
MemFree:          132928 kB
Active:           347616 kB
Mem:          3.8G       3.7G       129M       5.7M        20M       3.3G

MemTotal:        4016004 kB
MemFree:          137712 kB
Active:           347660 kB
Mem:          3.8G       3.7G       134M       5.7M        20M       3.3G

MemTotal:        4016004 kB
MemFree:          107020 kB
Active:           347620 kB
Mem:          3.8G       3.7G       104M       5.7M        20M       3.3G

MemTotal:        4016004 kB
MemFree:          104748 kB
Active:           347632 kB
Mem:          3.8G       3.7G       108M       5.7M        20M       3.3G

MemTotal:        4016004 kB
MemFree:          127752 kB
Active:           347528 kB
Mem:          3.8G       3.7G       124M       5.7M        20M       3.3G

MemTotal:        4016004 kB
MemFree:          127416 kB
Active:           347524 kB
Mem:          3.8G       3.7G       124M       5.7M        20M       3.3G

MemTotal:        4016004 kB
MemFree:          126492 kB
Active:           347520 kB
Mem:          3.8G       3.7G       123M       5.7M        20M       3.3G

MemTotal:        4016004 kB
MemFree:          136236 kB
Active:           347564 kB
Mem:          3.8G       3.7G       132M       5.7M        20M       3.3G

MemTotal:        4016004 kB
MemFree:          126120 kB
Active:           344184 kB
Mem:          3.8G       3.7G       122M       5.7M        20M       3.3G

MemTotal:        4016004 kB
MemFree:          138944 kB
Active:           343940 kB
Mem:          3.8G       3.7G       136M       5.7M        20M       3.3G

MemTotal:        4016004 kB
MemFree:          119664 kB
Active:           343916 kB
Mem:          3.8G       3.7G       116M       5.7M        20M       3.3G

MemTotal:        4016004 kB
MemFree:          130956 kB
Active:           343892 kB
Mem:          3.8G       3.7G       127M       5.7M        20M       3.3G

MemTotal:        4016004 kB
MemFree:          113736 kB
Active:           343924 kB
Mem:          3.8G       3.7G       110M       5.7M        20M       3.3G

MemTotal:        4016004 kB
MemFree:          106584 kB
Active:           343932 kB
Mem:          3.8G       3.7G       103M       5.7M        20M       3.3G

MemTotal:        4016004 kB
MemFree:          142668 kB
Active:           343956 kB
Mem:          3.8G       3.7G       139M       5.7M        20M       3.2G

MemTotal:        4016004 kB
MemFree:          142108 kB
Active:           343948 kB
Mem:          3.8G       3.7G       138M       5.7M        20M       3.2G

MemTotal:        4016004 kB
MemFree:          140748 kB
Active:           343968 kB
Mem:          3.8G       3.7G       136M       5.7M        20M       3.2G

MemTotal:        4016004 kB
MemFree:          138796 kB
Active:           343988 kB
Mem:          3.8G       3.7G       135M       5.7M        20M       3.3G

MemTotal:        4016004 kB
MemFree:          136120 kB
Active:           343968 kB
Mem:          3.8G       3.7G       132M       5.7M        20M       3.3G

MemTotal:        4016004 kB
MemFree:          137896 kB
Active:           341768 kB
Mem:          3.8G       3.7G       134M       5.7M        20M       3.3G

MemTotal:        4016004 kB
MemFree:          119120 kB
Active:           341628 kB
Mem:          3.8G       3.7G       115M       5.7M        20M       3.3G

MemTotal:        4016004 kB
MemFree:          136788 kB
Active:           341632 kB
Mem:          3.8G       3.7G       133M       5.7M        20M       3.3G

MemTotal:        4016004 kB
MemFree:          137164 kB
Active:           341628 kB
Mem:          3.8G       3.7G       133M       5.7M        20M       3.3G

MemTotal:        4016004 kB
MemFree:          145804 kB
Active:           341652 kB
Mem:          3.8G       3.7G       142M       5.7M        20M       3.2G

MemTotal:        4016004 kB
MemFree:          125192 kB
Active:           341656 kB
Mem:          3.8G       3.7G       121M       5.7M        20M       3.3G

MemTotal:        4016004 kB
MemFree:          129916 kB
Active:           341660 kB
Mem:          3.8G       3.7G       126M       5.7M        20M       3.3G

MemTotal:        4016004 kB
MemFree:          136404 kB
Active:           341616 kB
Mem:          3.8G       3.7G       132M       5.7M        20M       3.3G

MemTotal:        4016004 kB
MemFree:          136372 kB
Active:           341672 kB
Mem:          3.8G       3.7G       132M       5.7M        20M       3.3G

MemTotal:        4016004 kB
MemFree:          135816 kB
Active:           341688 kB
Mem:          3.8G       3.7G       133M       5.7M        20M       3.3G

MemTotal:        4016004 kB
MemFree:          136508 kB
Active:           341688 kB
Mem:          3.8G       3.7G       133M       5.7M        20M       3.3G

MemTotal:        4016004 kB
MemFree:          122824 kB
Active:           341688 kB
Mem:          3.8G       3.7G       119M       5.7M        20M       3.3G

MemTotal:        4016004 kB
MemFree:          132316 kB
Active:           339560 kB
Mem:          3.8G       3.7G       128M       5.7M        20M       3.3G

MemTotal:        4016004 kB
MemFree:          136848 kB
Active:           339536 kB
Mem:          3.8G       3.7G       133M       5.7M        20M       3.3G

MemTotal:        4016004 kB
MemFree:          141748 kB
Active:           339516 kB
Mem:          3.8G       3.7G       138M       5.7M        20M       3.2G

MemTotal:        4016004 kB
MemFree:          121448 kB
Active:           339520 kB
Mem:          3.8G       3.7G       118M       5.7M        20M       3.3G

MemTotal:        4016004 kB
MemFree:          127444 kB
Active:           339536 kB
Mem:          3.8G       3.7G       124M       5.7M        20M       3.3G

MemTotal:        4016004 kB
MemFree:          126444 kB
Active:           339484 kB
Mem:          3.8G       3.7G       128M       5.7M        20M       3.3G

MemTotal:        4016004 kB
MemFree:          122492 kB
Active:           339360 kB
Mem:          3.8G       3.7G       118M       5.7M        20M       3.3G

MemTotal:        4016004 kB
MemFree:          130296 kB
Active:           339428 kB
Mem:          3.8G       3.7G       127M       5.7M        20M       3.3G

MemTotal:        4016004 kB
MemFree:          129936 kB
Active:           339432 kB
Mem:          3.8G       3.7G       127M       5.7M        20M       3.3G

MemTotal:        4016004 kB
MemFree:          128616 kB
Active:           339444 kB
Mem:          3.8G       3.7G       125M       5.7M        20M       3.3G

MemTotal:        4016004 kB
MemFree:          127412 kB
Active:           339440 kB
Mem:          3.8G       3.7G       124M       5.7M        20M       3.3G

MemTotal:        4016004 kB
MemFree:          126704 kB
Active:           339392 kB
Mem:          3.8G       3.7G       123M       5.7M        20M       3.3G

MemTotal:        4016004 kB
MemFree:          107224 kB
Active:           339416 kB
Mem:          3.8G       3.7G       104M       5.7M        20M       3.3G

MemTotal:        4016004 kB
MemFree:          105072 kB
Active:           338424 kB
Mem:          3.8G       3.7G       106M       5.7M        20M       3.3G

MemTotal:        4016004 kB
MemFree:          135096 kB
Active:           338424 kB
Mem:          3.8G       3.7G       131M       5.7M        20M       3.3G

MemTotal:        4016004 kB
MemFree:          135988 kB
Active:           338392 kB
Mem:          3.8G       3.7G       132M       5.7M        20M       3.3G

MemTotal:        4016004 kB
MemFree:          118124 kB
Active:           338388 kB
Mem:          3.8G       3.7G       115M       5.7M        20M       3.3G

MemTotal:        4016004 kB
MemFree:          133368 kB
Active:           338428 kB
Mem:          3.8G       3.7G       129M       5.7M        20M       3.3G

MemTotal:        4016004 kB
MemFree:          120872 kB
Active:           338384 kB
Mem:          3.8G       3.7G       117M       5.7M        20M       3.3G

MemTotal:        4016004 kB
MemFree:          143148 kB
Active:           338448 kB
Mem:          3.8G       3.7G       139M       5.7M        20M       3.2G

MemTotal:        4016004 kB
MemFree:          108560 kB
Active:           338444 kB
Mem:          3.8G       3.7G       105M       5.7M        20M       3.3G

MemTotal:        4016004 kB
MemFree:          107468 kB
Active:           338432 kB
Mem:          3.8G       3.7G       105M       5.7M        20M       3.3G

MemTotal:        4016004 kB
MemFree:          106212 kB
Active:           338460 kB
Mem:          3.8G       3.7G       103M       5.7M        20M       3.3G

MemTotal:        4016004 kB
MemFree:          128848 kB
Active:           338412 kB
Mem:          3.8G       3.7G       125M       5.7M        20M       3.3G

MemTotal:        4016004 kB
MemFree:          127796 kB
Active:           338424 kB
Mem:          3.8G       3.7G       124M       5.7M        20M       3.3G

MemTotal:        4016004 kB
MemFree:          121384 kB
Active:           338468 kB
Mem:          3.8G       3.7G       118M       5.7M        20M       3.3G

MemTotal:        4016004 kB
MemFree:          131468 kB
Active:           338372 kB
Mem:          3.8G       3.7G       128M       5.7M        20M       3.3G

MemTotal:        4016004 kB
MemFree:          126404 kB
Active:           338076 kB
Mem:          3.8G       3.7G       123M       5.7M        20M       3.3G

MemTotal:        4016004 kB
MemFree:          132244 kB
Active:           339300 kB
Mem:          3.8G       3.7G       128M       5.7M        20M       3.3G

MemTotal:        4016004 kB
MemFree:          131500 kB
Active:           339316 kB
Mem:          3.8G       3.7G       128M       5.7M        20M       3.3G

MemTotal:        4016004 kB
MemFree:          132244 kB
Active:           339320 kB
Mem:          3.8G       3.7G       129M       5.7M        20M       3.3G

MemTotal:        4016004 kB
MemFree:          132244 kB
Active:           339268 kB
Mem:          3.8G       3.7G       129M       5.7M        20M       3.3G

MemTotal:        4016004 kB
MemFree:          132368 kB
Active:           339276 kB
Mem:          3.8G       3.7G       129M       5.7M        20M       3.3G

MemTotal:        4016004 kB
MemFree:          132120 kB
Active:           339324 kB
Mem:          3.8G       3.7G       129M       5.7M        20M       3.3G

MemTotal:        4016004 kB
MemFree:          132368 kB
Active:           339280 kB
Mem:          3.8G       3.7G       129M       5.7M        20M       3.3G

MemTotal:        4016004 kB
MemFree:          132368 kB
Active:           339272 kB
Mem:          3.8G       3.7G       129M       5.7M        20M       3.3G

MemTotal:        4016004 kB
MemFree:          132244 kB
Active:           339324 kB
Mem:          3.8G       3.7G       129M       5.7M        20M       3.3G

MemTotal:        4016004 kB
MemFree:          132492 kB
Active:           339304 kB
Mem:          3.8G       3.7G       129M       5.7M        20M       3.3G

MemTotal:        4016004 kB
MemFree:          132368 kB
Active:           339316 kB
Mem:          3.8G       3.7G       129M       5.7M        20M       3.3G

MemTotal:        4016004 kB
MemFree:          132244 kB
Active:           339284 kB
Mem:          3.8G       3.7G       129M       5.7M        20M       3.3G

MemTotal:        4016004 kB
MemFree:          132120 kB
Active:           339296 kB
Mem:          3.8G       3.7G       129M       5.7M        20M       3.3G

MemTotal:        4016004 kB
MemFree:          132244 kB
Active:           339288 kB
Mem:          3.8G       3.7G       129M       5.7M        20M       3.3G

MemTotal:        4016004 kB
MemFree:          131996 kB
Active:           339336 kB
Mem:          3.8G       3.7G       129M       5.7M        20M       3.3G

MemTotal:        4016004 kB
MemFree:          132244 kB
Active:           339288 kB
Mem:          3.8G       3.7G       129M       5.7M        20M       3.3G

MemTotal:        4016004 kB
MemFree:          132244 kB
Active:           339296 kB
Mem:          3.8G       3.7G       129M       5.7M        20M       3.3G

MemTotal:        4016004 kB
MemFree:          132616 kB
Active:           339292 kB
Mem:          3.8G       3.7G       129M       5.7M        20M       3.3G

MemTotal:        4016004 kB
MemFree:          132244 kB
Active:           339340 kB
Mem:          3.8G       3.7G       129M       5.7M        20M       3.3G

MemTotal:        4016004 kB
MemFree:          132244 kB
Active:           339292 kB
Mem:          3.8G       3.7G       129M       5.7M        20M       3.3G

MemTotal:        4016004 kB
MemFree:          132492 kB
Active:           339340 kB
Mem:          3.8G       3.7G       129M       5.7M        20M       3.3G

MemTotal:        4016004 kB
MemFree:          131996 kB
Active:           339340 kB
Mem:          3.8G       3.7G       129M       5.7M        20M       3.3G

MemTotal:        4016004 kB
MemFree:          131872 kB
Active:           339352 kB
Mem:          3.8G       3.7G       128M       5.7M        20M       3.3G

MemTotal:        4016004 kB
MemFree:          132244 kB
Active:           339316 kB
Mem:          3.8G       3.7G       128M       5.7M        20M       3.3G

MemTotal:        4016004 kB
MemFree:          131776 kB
Active:           339336 kB
Mem:          3.8G       3.7G       128M       5.7M        20M       3.3G

MemTotal:        4016004 kB
MemFree:          131528 kB
Active:           339316 kB
Mem:          3.8G       3.7G       128M       5.7M        20M       3.3G

MemTotal:        4016004 kB
MemFree:          131872 kB
Active:           339336 kB
Mem:          3.8G       3.7G       128M       5.7M        20M       3.3G

MemTotal:        4016004 kB
MemFree:          131980 kB
Active:           339308 kB
Mem:          3.8G       3.7G       128M       5.7M        20M       3.3G

MemTotal:        4016004 kB
MemFree:          131828 kB
Active:           339368 kB
Mem:          3.8G       3.7G       128M       5.7M        20M       3.3G

MemTotal:        4016004 kB
MemFree:          132076 kB
Active:           339328 kB
Mem:          3.8G       3.7G       128M       5.7M        20M       3.3G

MemTotal:        4016004 kB
MemFree:          131828 kB
Active:           339352 kB
Mem:          3.8G       3.7G       128M       5.7M        20M       3.3G

MemTotal:        4016004 kB
MemFree:          131332 kB
Active:           339376 kB
Mem:          3.8G       3.7G       128M       5.7M        20M       3.3G

MemTotal:        4016004 kB
MemFree:          131704 kB
Active:           339360 kB
Mem:          3.8G       3.7G       128M       5.7M        20M       3.3G

MemTotal:        4016004 kB
MemFree:          131952 kB
Active:           339364 kB
Mem:          3.8G       3.7G       128M       5.7M        20M       3.3G

MemTotal:        4016004 kB
MemFree:          132572 kB
Active:           339372 kB
Mem:          3.8G       3.7G       129M       5.7M        20M       3.3G

MemTotal:        4016004 kB
MemFree:          132200 kB
Active:           339388 kB
Mem:          3.8G       3.7G       129M       5.7M        20M       3.3G

MemTotal:        4016004 kB
MemFree:          132200 kB
Active:           339344 kB
Mem:          3.8G       3.7G       129M       5.7M        20M       3.3G

MemTotal:        4016004 kB
MemFree:          132200 kB
Active:           339340 kB
Mem:          3.8G       3.7G       128M       5.7M        20M       3.3G

MemTotal:        4016004 kB
MemFree:          132200 kB
Active:           339352 kB
Mem:          3.8G       3.7G       129M       5.7M        20M       3.3G

MemTotal:        4016004 kB
MemFree:          132076 kB
Active:           339360 kB
Mem:          3.8G       3.7G       129M       5.7M        20M       3.3G

MemTotal:        4016004 kB
MemFree:          132200 kB
Active:           339376 kB
Mem:          3.8G       3.7G       128M       5.7M        20M       3.3G

MemTotal:        4016004 kB
MemFree:          132200 kB
Active:           339388 kB
Mem:          3.8G       3.7G       128M       5.7M        20M       3.3G

MemTotal:        4016004 kB
MemFree:          132200 kB
Active:           339388 kB
Mem:          3.8G       3.7G       129M       5.7M        20M       3.3G

MemTotal:        4016004 kB
MemFree:          132076 kB
Active:           339400 kB
Mem:          3.8G       3.7G       129M       5.7M        20M       3.3G

MemTotal:        4016004 kB
MemFree:          132076 kB
Active:           339396 kB
Mem:          3.8G       3.7G       129M       5.7M        20M       3.3G

MemTotal:        4016004 kB
MemFree:          132200 kB
Active:           339352 kB
Mem:          3.8G       3.7G       128M       5.7M        20M       3.3G

MemTotal:        4016004 kB
MemFree:          132076 kB
Active:           339368 kB
Mem:          3.8G       3.7G       129M       5.7M        20M       3.3G

MemTotal:        4016004 kB
MemFree:          131952 kB
Active:           339360 kB
Mem:          3.8G       3.7G       128M       5.7M        20M       3.3G

MemTotal:        4016004 kB
MemFree:          132076 kB
Active:           339484 kB
Mem:          3.8G       3.7G       128M       5.7M        20M       3.3G

MemTotal:        4016004 kB
MemFree:          121440 kB
Active:           347280 kB
Mem:          3.8G       3.7G       118M       5.7M        27M       3.3G

MemTotal:        4016004 kB
MemFree:          122248 kB
Active:           347164 kB
Mem:          3.8G       3.7G       119M       5.7M        27M       3.3G

MemTotal:        4016004 kB
MemFree:          122248 kB
Active:           347164 kB
Mem:          3.8G       3.7G       119M       5.7M        27M       3.3G

MemTotal:        4016004 kB
MemFree:          122248 kB
Active:           347120 kB
Mem:          3.8G       3.7G       119M       5.7M        27M       3.3G

MemTotal:        4016004 kB
MemFree:          122248 kB
Active:           347132 kB
Mem:          3.8G       3.7G       119M       5.7M        27M       3.3G

MemTotal:        4016004 kB
MemFree:          121628 kB
Active:           347180 kB
Mem:          3.8G       3.7G       119M       5.7M        27M       3.3G

MemTotal:        4016004 kB
MemFree:          122124 kB
Active:           347176 kB
Mem:          3.8G       3.7G       119M       5.7M        27M       3.3G

MemTotal:        4016004 kB
MemFree:          122124 kB
Active:           347140 kB
Mem:          3.8G       3.7G       119M       5.7M        27M       3.3G

MemTotal:        4016004 kB
MemFree:          122124 kB
Active:           347152 kB
Mem:          3.8G       3.7G       119M       5.7M        27M       3.3G

MemTotal:        4016004 kB
MemFree:          122248 kB
Active:           347160 kB
Mem:          3.8G       3.7G       119M       5.7M        27M       3.3G

MemTotal:        4016004 kB
MemFree:          122248 kB
Active:           347184 kB
Mem:          3.8G       3.7G       119M       5.7M        27M       3.3G

MemTotal:        4016004 kB
MemFree:          122124 kB
Active:           347172 kB
Mem:          3.8G       3.7G       119M       5.7M        27M       3.3G

MemTotal:        4016004 kB
MemFree:          121876 kB
Active:           347140 kB
Mem:          3.8G       3.7G       119M       5.7M        27M       3.3G

MemTotal:        4016004 kB
MemFree:          122000 kB
Active:           347136 kB
Mem:          3.8G       3.7G       119M       5.7M        27M       3.3G

MemTotal:        4016004 kB
MemFree:          121628 kB
Active:           347188 kB
Mem:          3.8G       3.7G       119M       5.7M        27M       3.3G

MemTotal:        4016004 kB
MemFree:          121628 kB
Active:           347188 kB
Mem:          3.8G       3.7G       119M       5.7M        27M       3.3G

MemTotal:        4016004 kB
MemFree:          122000 kB
Active:           347148 kB
Mem:          3.8G       3.7G       118M       5.7M        27M       3.3G

MemTotal:        4016004 kB
MemFree:          122000 kB
Active:           347184 kB
Mem:          3.8G       3.7G       119M       5.7M        27M       3.3G

MemTotal:        4016004 kB
MemFree:          122000 kB
Active:           347192 kB
Mem:          3.8G       3.7G       119M       5.7M        27M       3.3G

MemTotal:        4016004 kB
MemFree:          121876 kB
Active:           347196 kB
Mem:          3.8G       3.7G       119M       5.7M        27M       3.3G

MemTotal:        4016004 kB
MemFree:          122496 kB
Active:           347160 kB
Mem:          3.8G       3.7G       119M       5.7M        27M       3.3G

MemTotal:        4016004 kB
MemFree:          122000 kB
Active:           347196 kB
Mem:          3.8G       3.7G       119M       5.7M        27M       3.3G

MemTotal:        4016004 kB
MemFree:          121876 kB
Active:           347200 kB
Mem:          3.8G       3.7G       119M       5.7M        27M       3.3G

MemTotal:        4016004 kB
MemFree:          122248 kB
Active:           347180 kB
Mem:          3.8G       3.7G       119M       5.7M        27M       3.3G

MemTotal:        4016004 kB
MemFree:          122248 kB
Active:           347184 kB
Mem:          3.8G       3.7G       119M       5.7M        27M       3.3G

MemTotal:        4016004 kB
MemFree:          122124 kB
Active:           347164 kB
Mem:          3.8G       3.7G       119M       5.7M        27M       3.3G

MemTotal:        4016004 kB
MemFree:          122124 kB
Active:           347176 kB
Mem:          3.8G       3.7G       119M       5.7M        27M       3.3G

MemTotal:        4016004 kB
MemFree:          122124 kB
Active:           347180 kB
Mem:          3.8G       3.7G       119M       5.7M        27M       3.3G

MemTotal:        4016004 kB
MemFree:          121876 kB
Active:           347208 kB
Mem:          3.8G       3.7G       119M       5.7M        27M       3.3G

MemTotal:        4016004 kB
MemFree:          122372 kB
Active:           347172 kB
Mem:          3.8G       3.7G       119M       5.7M        27M       3.3G

MemTotal:        4016004 kB
MemFree:          122496 kB
Active:           347196 kB
Mem:          3.8G       3.7G       119M       5.7M        27M       3.3G

MemTotal:        4016004 kB
MemFree:          122372 kB
Active:           347152 kB
Mem:          3.8G       3.7G       119M       5.7M        27M       3.3G

MemTotal:        4016004 kB
MemFree:          122124 kB
Active:           347212 kB
Mem:          3.8G       3.7G       119M       5.7M        27M       3.3G

MemTotal:        4016004 kB
MemFree:          122496 kB
Active:           347208 kB
Mem:          3.8G       3.7G       119M       5.7M        27M       3.3G

MemTotal:        4016004 kB
MemFree:          122496 kB
Active:           347164 kB
Mem:          3.8G       3.7G       119M       5.7M        27M       3.3G

MemTotal:        4016004 kB
MemFree:          122620 kB
Active:           347188 kB
Mem:          3.8G       3.7G       119M       5.7M        27M       3.3G

MemTotal:        4016004 kB
MemFree:          122248 kB
Active:           347188 kB
Mem:          3.8G       3.7G       119M       5.7M        27M       3.3G

MemTotal:        4016004 kB
MemFree:          122496 kB
Active:           347180 kB
Mem:          3.8G       3.7G       119M       5.7M        27M       3.3G

MemTotal:        4016004 kB
MemFree:          122372 kB
Active:           347220 kB
Mem:          3.8G       3.7G       119M       5.7M        27M       3.3G

MemTotal:        4016004 kB
MemFree:          122620 kB
Active:           347192 kB
Mem:          3.8G       3.7G       119M       5.7M        27M       3.3G

MemTotal:        4016004 kB
MemFree:          122496 kB
Active:           347192 kB
Mem:          3.8G       3.7G       119M       5.7M        27M       3.3G

MemTotal:        4016004 kB
MemFree:          122496 kB
Active:           347176 kB
Mem:          3.8G       3.7G       119M       5.7M        27M       3.3G

MemTotal:        4016004 kB
MemFree:          122124 kB
Active:           347224 kB
Mem:          3.8G       3.7G       119M       5.7M        27M       3.3G

MemTotal:        4016004 kB
MemFree:          122248 kB
Active:           347192 kB
Mem:          3.8G       3.7G       119M       5.7M        27M       3.3G

MemTotal:        4016004 kB
MemFree:          122496 kB
Active:           347200 kB
Mem:          3.8G       3.7G       119M       5.7M        27M       3.3G

MemTotal:        4016004 kB
MemFree:          122496 kB
Active:           347196 kB
Mem:          3.8G       3.7G       119M       5.7M        27M       3.3G

MemTotal:        4016004 kB
MemFree:          122248 kB
Active:           347216 kB
Mem:          3.8G       3.7G       119M       5.7M        27M       3.3G

MemTotal:        4016004 kB
MemFree:          122496 kB
Active:           347220 kB
Mem:          3.8G       3.7G       119M       5.7M        27M       3.3G

MemTotal:        4016004 kB
MemFree:          122620 kB
Active:           347224 kB
Mem:          3.8G       3.7G       119M       5.7M        27M       3.3G

MemTotal:        4016004 kB
MemFree:          122620 kB
Active:           347224 kB
Mem:          3.8G       3.7G       119M       5.7M        27M       3.3G

MemTotal:        4016004 kB
MemFree:          122620 kB
Active:           347212 kB
Mem:          3.8G       3.7G       119M       5.7M        27M       3.3G

MemTotal:        4016004 kB
MemFree:          122744 kB
Active:           347212 kB
Mem:          3.8G       3.7G       119M       5.7M        27M       3.3G

MemTotal:        4016004 kB
MemFree:          122620 kB
Active:           347216 kB
Mem:          3.8G       3.7G       119M       5.7M        27M       3.3G

MemTotal:        4016004 kB
MemFree:          122496 kB
Active:           347228 kB
Mem:          3.8G       3.7G       119M       5.7M        27M       3.3G

MemTotal:        4016004 kB
MemFree:          122496 kB
Active:           347240 kB
Mem:          3.8G       3.7G       119M       5.7M        27M       3.3G

MemTotal:        4016004 kB
MemFree:          122496 kB
Active:           347196 kB
Mem:          3.8G       3.7G       119M       5.7M        27M       3.3G

MemTotal:        4016004 kB
MemFree:          122372 kB
Active:           347216 kB
Mem:          3.8G       3.7G       119M       5.7M        27M       3.3G

MemTotal:        4016004 kB
MemFree:          122372 kB
Active:           347208 kB
Mem:          3.8G       3.7G       119M       5.7M        27M       3.3G

MemTotal:        4016004 kB
MemFree:          122248 kB
Active:           347240 kB
Mem:          3.8G       3.7G       119M       5.7M        27M       3.3G

MemTotal:        4016004 kB
MemFree:          121876 kB
Active:           347264 kB
Mem:          3.8G       3.7G       119M       5.7M        27M       3.3G

MemTotal:        4016004 kB
MemFree:          122248 kB
Active:           347216 kB
Mem:          3.8G       3.7G       119M       5.7M        27M       3.3G

MemTotal:        4016004 kB
MemFree:          122620 kB
Active:           347252 kB
Mem:          3.8G       3.7G       119M       5.7M        27M       3.3G

MemTotal:        4016004 kB
MemFree:          122248 kB
Active:           347272 kB
Mem:          3.8G       3.7G       119M       5.7M        27M       3.3G

MemTotal:        4016004 kB
MemFree:          122248 kB
Active:           347228 kB
Mem:          3.8G       3.7G       119M       5.7M        27M       3.3G

MemTotal:        4016004 kB
MemFree:          122248 kB
Active:           347220 kB
Mem:          3.8G       3.7G       119M       5.7M        27M       3.3G

MemTotal:        4016004 kB
MemFree:          122248 kB
Active:           347240 kB
Mem:          3.8G       3.7G       119M       5.7M        27M       3.3G

MemTotal:        4016004 kB
MemFree:          121628 kB
Active:           347280 kB
Mem:          3.8G       3.7G       119M       5.7M        27M       3.3G

MemTotal:        4016004 kB
MemFree:          121628 kB
Active:           347280 kB
Mem:          3.8G       3.7G       118M       5.7M        27M       3.3G

MemTotal:        4016004 kB
MemFree:          122000 kB
Active:           347256 kB
Mem:          3.8G       3.7G       119M       5.7M        27M       3.3G

MemTotal:        4016004 kB
MemFree:          122124 kB
Active:           347260 kB
Mem:          3.8G       3.7G       119M       5.7M        27M       3.3G

MemTotal:        4016004 kB
MemFree:          122496 kB
Active:           347224 kB
Mem:          3.8G       3.7G       119M       5.7M        27M       3.3G

MemTotal:        4016004 kB
MemFree:          122496 kB
Active:           347236 kB
Mem:          3.8G       3.7G       119M       5.7M        27M       3.3G

MemTotal:        4016004 kB
MemFree:          122620 kB
Active:           347236 kB
Mem:          3.8G       3.7G       119M       5.7M        27M       3.3G

MemTotal:        4016004 kB
MemFree:          122248 kB
Active:           347288 kB
Mem:          3.8G       3.7G       119M       5.7M        27M       3.3G

MemTotal:        4016004 kB
MemFree:          122372 kB
Active:           347288 kB
Mem:          3.8G       3.7G       119M       5.7M        27M       3.3G

MemTotal:        4016004 kB
MemFree:          122752 kB
Active:           347268 kB
Mem:          3.8G       3.7G       119M       5.7M        27M       3.3G

MemTotal:        4016004 kB
MemFree:          122256 kB
Active:           347300 kB
Mem:          3.8G       3.7G       119M       5.7M        27M       3.3G

MemTotal:        4016004 kB
MemFree:          122504 kB
Active:           347252 kB
Mem:          3.8G       3.7G       119M       5.7M        27M       3.3G

MemTotal:        4016004 kB
MemFree:          122132 kB
Active:           347304 kB
Mem:          3.8G       3.7G       119M       5.7M        27M       3.3G

MemTotal:        4016004 kB
MemFree:          122132 kB
Active:           347276 kB
Mem:          3.8G       3.7G       119M       5.7M        27M       3.3G

MemTotal:        4016004 kB
MemFree:          121884 kB
Active:           347304 kB
Mem:          3.8G       3.7G       119M       5.7M        27M       3.3G

MemTotal:        4016004 kB
MemFree:          122256 kB
Active:           347292 kB
Mem:          3.8G       3.7G       119M       5.7M        27M       3.3G

MemTotal:        4016004 kB
MemFree:          122504 kB
Active:           347280 kB
Mem:          3.8G       3.7G       119M       5.7M        27M       3.3G

MemTotal:        4016004 kB
MemFree:          122140 kB
Active:           347312 kB
Mem:          3.8G       3.7G       119M       5.7M        27M       3.3G

MemTotal:        4016004 kB
MemFree:          122388 kB
Active:           347264 kB
Mem:          3.8G       3.7G       119M       5.7M        27M       3.3G

MemTotal:        4016004 kB
MemFree:          122388 kB
Active:           347312 kB
Mem:          3.8G       3.7G       119M       5.7M        27M       3.3G

MemTotal:        4016004 kB
MemFree:          122388 kB
Active:           347264 kB
Mem:          3.8G       3.7G       119M       5.7M        27M       3.3G

MemTotal:        4016004 kB
MemFree:          122016 kB
Active:           347324 kB
Mem:          3.8G       3.7G       119M       5.7M        27M       3.3G

MemTotal:        4016004 kB
MemFree:          122140 kB
Active:           347288 kB
Mem:          3.8G       3.7G       119M       5.7M        27M       3.3G

MemTotal:        4016004 kB
MemFree:          122140 kB
Active:           347300 kB
Mem:          3.8G       3.7G       119M       5.7M        27M       3.3G

MemTotal:        4016004 kB
MemFree:          122140 kB
Active:           347324 kB
Mem:          3.8G       3.7G       119M       5.7M        27M       3.3G

MemTotal:        4016004 kB
MemFree:          122264 kB
Active:           347276 kB
Mem:          3.8G       3.7G       119M       5.7M        27M       3.3G

MemTotal:        4016004 kB
MemFree:          122016 kB
Active:           347324 kB
Mem:          3.8G       3.7G       119M       5.7M        27M       3.3G

MemTotal:        4016004 kB
MemFree:          122512 kB
Active:           347308 kB
Mem:          3.8G       3.7G       119M       5.7M        27M       3.3G

MemTotal:        4016004 kB
MemFree:          122388 kB
Active:           347324 kB
Mem:          3.8G       3.7G       119M       5.7M        27M       3.3G

MemTotal:        4016004 kB
MemFree:          122140 kB
Active:           347332 kB
Mem:          3.8G       3.7G       119M       5.7M        27M       3.3G

MemTotal:        4016004 kB
MemFree:          122016 kB
Active:           347292 kB
Mem:          3.8G       3.7G       119M       5.7M        27M       3.3G

MemTotal:        4016004 kB
MemFree:          121892 kB
Active:           347332 kB
Mem:          3.8G       3.7G       119M       5.7M        27M       3.3G

MemTotal:        4016004 kB
MemFree:          122264 kB
Active:           347284 kB
Mem:          3.8G       3.7G       119M       5.7M        27M       3.3G

MemTotal:        4016004 kB
MemFree:          122636 kB
Active:           347312 kB
Mem:          3.8G       3.7G       119M       5.7M        27M       3.3G

MemTotal:        4016004 kB
MemFree:          122636 kB
Active:           347312 kB
Mem:          3.8G       3.7G       119M       5.7M        27M       3.3G

MemTotal:        4016004 kB
MemFree:          122512 kB
Active:           347312 kB
Mem:          3.8G       3.7G       119M       5.7M        27M       3.3G

MemTotal:        4016004 kB
MemFree:          122512 kB
Active:           347332 kB
Mem:          3.8G       3.7G       119M       5.7M        27M       3.3G

MemTotal:        4016004 kB
MemFree:          122512 kB
Active:           347308 kB
Mem:          3.8G       3.7G       119M       5.7M        27M       3.3G

MemTotal:        4016004 kB
MemFree:          122636 kB
Active:           347316 kB
Mem:          3.8G       3.7G       120M       5.7M        27M       3.3G

MemTotal:        4016004 kB
MemFree:          123008 kB
Active:           347328 kB
Mem:          3.8G       3.7G       119M       5.7M        27M       3.3G

MemTotal:        4016004 kB
MemFree:          122884 kB
Active:           347324 kB
Mem:          3.8G       3.7G       119M       5.7M        27M       3.3G

MemTotal:        4016004 kB
MemFree:          122884 kB
Active:           347332 kB
Mem:          3.8G       3.7G       120M       5.7M        27M       3.3G

MemTotal:        4016004 kB
MemFree:          122636 kB
Active:           347356 kB
Mem:          3.8G       3.7G       119M       5.7M        27M       3.3G

MemTotal:        4016004 kB
MemFree:          122636 kB
Active:           347304 kB
Mem:          3.8G       3.7G       119M       5.7M        27M       3.3G

MemTotal:        4016004 kB
MemFree:          122636 kB
Active:           347336 kB
Mem:          3.8G       3.7G       119M       5.7M        27M       3.3G

MemTotal:        4016004 kB
MemFree:          122636 kB
Active:           347312 kB
Mem:          3.8G       3.7G       119M       5.7M        27M       3.3G

MemTotal:        4016004 kB
MemFree:          122512 kB
Active:           347360 kB
Mem:          3.8G       3.7G       119M       5.7M        27M       3.3G

MemTotal:        4016004 kB
MemFree:          122140 kB
Active:           347348 kB
Mem:          3.8G       3.7G       118M       5.7M        27M       3.3G

MemTotal:        4016004 kB
MemFree:          122016 kB
Active:           347348 kB
Mem:          3.8G       3.7G       119M       5.7M        27M       3.3G

MemTotal:        4016004 kB
MemFree:          122264 kB
Active:           347352 kB
Mem:          3.8G       3.7G       119M       5.7M        27M       3.3G

MemTotal:        4016004 kB
MemFree:          122512 kB
Active:           347356 kB
Mem:          3.8G       3.7G       119M       5.7M        27M       3.3G

MemTotal:        4016004 kB
MemFree:          122512 kB
Active:           347356 kB
Mem:          3.8G       3.7G       119M       5.7M        27M       3.3G

MemTotal:        4016004 kB
MemFree:          122264 kB
Active:           347384 kB
Mem:          3.8G       3.7G       119M       5.7M        27M       3.3G

MemTotal:        4016004 kB
MemFree:          122264 kB
Active:           347336 kB
Mem:          3.8G       3.7G       119M       5.7M        27M       3.3G

MemTotal:        4016004 kB
MemFree:          122140 kB
Active:           347332 kB
Mem:          3.8G       3.7G       119M       5.7M        27M       3.3G

MemTotal:        4016004 kB
MemFree:          122388 kB
Active:           347360 kB
Mem:          3.8G       3.7G       119M       5.7M        27M       3.3G

MemTotal:        4016004 kB
MemFree:          122016 kB
Active:           347392 kB
Mem:          3.8G       3.7G       119M       5.7M        27M       3.3G

MemTotal:        4016004 kB
MemFree:          122264 kB
Active:           347352 kB
Mem:          3.8G       3.7G       119M       5.7M        27M       3.3G

MemTotal:        4016004 kB
MemFree:          122264 kB
Active:           347364 kB
Mem:          3.8G       3.7G       119M       5.7M        27M       3.3G

MemTotal:        4016004 kB
MemFree:          122388 kB
Active:           347376 kB
Mem:          3.8G       3.7G       119M       5.7M        27M       3.3G

MemTotal:        4016004 kB
MemFree:          122016 kB
Active:           347392 kB
Mem:          3.8G       3.7G       119M       5.7M        27M       3.3G

MemTotal:        4016004 kB
MemFree:          122016 kB
Active:           347392 kB
Mem:          3.8G       3.7G       119M       5.7M        28M       3.3G

MemTotal:        4016004 kB
MemFree:          122388 kB
Active:           347372 kB
Mem:          3.8G       3.7G       119M       5.7M        28M       3.3G

MemTotal:        4016004 kB
MemFree:          122264 kB
Active:           347352 kB
Mem:          3.8G       3.7G       119M       5.7M        28M       3.3G

MemTotal:        4016004 kB
MemFree:          122512 kB
Active:           347376 kB
Mem:          3.8G       3.7G       119M       5.7M        28M       3.3G

MemTotal:        4016004 kB
MemFree:          122636 kB
Active:           347380 kB
Mem:          3.8G       3.7G       119M       5.7M        28M       3.3G

MemTotal:        4016004 kB
MemFree:          122760 kB
Active:           347360 kB
Mem:          3.8G       3.7G       119M       5.7M        28M       3.3G

MemTotal:        4016004 kB
MemFree:          122884 kB
Active:           347528 kB
Mem:          3.8G       3.7G       119M       5.7M        28M       3.3G

MemTotal:        4016004 kB
MemFree:          122264 kB
Active:           347576 kB
Mem:          3.8G       3.7G       119M       5.7M        28M       3.3G

MemTotal:        4016004 kB
MemFree:          122388 kB
Active:           347724 kB
Mem:          3.8G       3.7G       119M       5.7M        28M       3.3G

MemTotal:        4016004 kB
MemFree:          122000 kB
Active:           347596 kB
Mem:          3.8G       3.7G       119M       5.7M        28M       3.3G

