MemTotal:        4016004 kB
MemFree:         3250076 kB
Active:           412940 kB
Mem:          3.8G       747M       3.1G       5.7M        54M       313M

MemTotal:        4016004 kB
MemFree:         3250336 kB
Active:           412876 kB
Mem:          3.8G       747M       3.1G       5.7M        54M       313M

MemTotal:        4016004 kB
MemFree:         3250444 kB
Active:           412904 kB
Mem:          3.8G       747M       3.1G       5.7M        54M       313M

MemTotal:        4016004 kB
MemFree:         3250304 kB
Active:           412916 kB
Mem:          3.8G       747M       3.1G       5.7M        54M       313M

MemTotal:        4016004 kB
MemFree:         3250288 kB
Active:           412924 kB
Mem:          3.8G       747M       3.1G       5.7M        54M       313M

MemTotal:        4016004 kB
MemFree:         3249900 kB
Active:           412952 kB
Mem:          3.8G       748M       3.1G       5.7M        54M       313M

MemTotal:        4016004 kB
MemFree:         3249976 kB
Active:           412916 kB
Mem:          3.8G       748M       3.1G       5.7M        54M       313M

MemTotal:        4016004 kB
MemFree:         3249960 kB
Active:           412940 kB
Mem:          3.8G       748M       3.1G       5.7M        54M       313M

MemTotal:        4016004 kB
MemFree:         3250332 kB
Active:           412944 kB
Mem:          3.8G       747M       3.1G       5.7M        54M       313M

MemTotal:        4016004 kB
MemFree:         3249836 kB
Active:           412960 kB
Mem:          3.8G       748M       3.1G       5.7M        54M       313M

MemTotal:        4016004 kB
MemFree:         3250084 kB
Active:           412960 kB
Mem:          3.8G       747M       3.1G       5.7M        54M       313M

MemTotal:        4016004 kB
MemFree:         3250084 kB
Active:           412932 kB
Mem:          3.8G       747M       3.1G       5.7M        54M       313M

MemTotal:        4016004 kB
MemFree:         3249704 kB
Active:           412964 kB
Mem:          3.8G       748M       3.1G       5.7M        54M       313M

MemTotal:        4016004 kB
MemFree:         3250076 kB
Active:           412912 kB
Mem:          3.8G       747M       3.1G       5.7M        54M       313M

MemTotal:        4016004 kB
MemFree:         3249456 kB
Active:           412968 kB
Mem:          3.8G       748M       3.1G       5.7M        54M       313M

MemTotal:        4016004 kB
MemFree:         3249908 kB
Active:           412916 kB
Mem:          3.8G       748M       3.1G       5.7M        54M       313M

MemTotal:        4016004 kB
MemFree:         3249816 kB
Active:           412968 kB
Mem:          3.8G       747M       3.1G       5.7M        54M       313M

MemTotal:        4016004 kB
MemFree:         3250000 kB
Active:           410900 kB
Mem:          3.8G       747M       3.1G       5.7M        54M       313M

MemTotal:        4016004 kB
MemFree:         3250124 kB
Active:           412960 kB
Mem:          3.8G       747M       3.1G       5.7M        54M       313M

MemTotal:        4016004 kB
MemFree:         3250232 kB
Active:           412956 kB
Mem:          3.8G       748M       3.1G       5.7M        54M       313M

MemTotal:        4016004 kB
MemFree:         3250092 kB
Active:           412960 kB
Mem:          3.8G       747M       3.1G       5.7M        54M       313M

MemTotal:        4016004 kB
MemFree:         3249580 kB
Active:           412988 kB
Mem:          3.8G       748M       3.1G       5.7M        54M       313M

MemTotal:        4016004 kB
MemFree:         3249812 kB
Active:           412956 kB
Mem:          3.8G       748M       3.1G       5.7M        54M       313M

MemTotal:        4016004 kB
MemFree:         3249688 kB
Active:           412988 kB
Mem:          3.8G       748M       3.1G       5.7M        54M       313M

MemTotal:        4016004 kB
MemFree:         3249564 kB
Active:           412988 kB
Mem:          3.8G       748M       3.1G       5.7M        54M       313M

MemTotal:        4016004 kB
MemFree:         3249812 kB
Active:           412984 kB
Mem:          3.8G       748M       3.1G       5.7M        54M       313M

MemTotal:        4016004 kB
MemFree:         3249440 kB
Active:           412992 kB
Mem:          3.8G       748M       3.1G       5.7M        54M       313M

MemTotal:        4016004 kB
MemFree:         3249812 kB
Active:           412948 kB
Mem:          3.8G       748M       3.1G       5.7M        54M       313M

MemTotal:        4016004 kB
MemFree:         3249688 kB
Active:           412960 kB
Mem:          3.8G       748M       3.1G       5.7M        54M       313M

MemTotal:        4016004 kB
MemFree:         3249316 kB
Active:           413000 kB
Mem:          3.8G       748M       3.1G       5.7M        54M       313M

MemTotal:        4016004 kB
MemFree:         3249440 kB
Active:           413000 kB
Mem:          3.8G       748M       3.1G       5.7M        54M       313M

MemTotal:        4016004 kB
MemFree:         3249812 kB
Active:           412964 kB
Mem:          3.8G       748M       3.1G       5.7M        54M       313M

MemTotal:        4016004 kB
MemFree:         3249424 kB
Active:           413012 kB
Mem:          3.8G       748M       3.1G       5.7M        54M       314M

MemTotal:        4016004 kB
MemFree:         3250168 kB
Active:           412976 kB
Mem:          3.8G       748M       3.1G       5.7M        54M       313M

MemTotal:        4016004 kB
MemFree:         3250216 kB
Active:           412988 kB
Mem:          3.8G       747M       3.1G       5.7M        54M       314M

MemTotal:        4016004 kB
MemFree:         3250216 kB
Active:           412992 kB
Mem:          3.8G       747M       3.1G       5.7M        54M       314M

MemTotal:        4016004 kB
MemFree:         3249844 kB
Active:           413024 kB
Mem:          3.8G       747M       3.1G       5.7M        54M       314M

MemTotal:        4016004 kB
MemFree:         3250152 kB
Active:           410928 kB
Mem:          3.8G       748M       3.1G       5.7M        54M       314M

MemTotal:        4016004 kB
MemFree:         3249780 kB
Active:           413032 kB
Mem:          3.8G       748M       3.1G       5.7M        54M       314M

MemTotal:        4016004 kB
MemFree:         3250136 kB
Active:           413028 kB
Mem:          3.8G       748M       3.1G       5.7M        54M       314M

MemTotal:        4016004 kB
MemFree:         3249252 kB
Active:           413036 kB
Mem:          3.8G       748M       3.1G       5.7M        54M       314M

MemTotal:        4016004 kB
MemFree:         3249360 kB
Active:           413008 kB
Mem:          3.8G       748M       3.1G       5.7M        54M       314M

MemTotal:        4016004 kB
MemFree:         3249112 kB
Active:           413048 kB
Mem:          3.8G       748M       3.1G       5.7M        54M       314M

MemTotal:        4016004 kB
MemFree:         3249764 kB
Active:           413036 kB
Mem:          3.8G       748M       3.1G       5.7M        54M       314M

MemTotal:        4016004 kB
MemFree:         3249764 kB
Active:           412992 kB
Mem:          3.8G       748M       3.1G       5.7M        54M       314M

MemTotal:        4016004 kB
MemFree:         3249764 kB
Active:           413008 kB
Mem:          3.8G       748M       3.1G       5.7M        54M       314M

MemTotal:        4016004 kB
MemFree:         3250012 kB
Active:           413020 kB
Mem:          3.8G       748M       3.1G       5.7M        54M       314M

MemTotal:        4016004 kB
MemFree:         3250136 kB
Active:           413032 kB
Mem:          3.8G       748M       3.1G       5.7M        54M       314M

MemTotal:        4016004 kB
MemFree:         3250168 kB
Active:           413036 kB
Mem:          3.8G       748M       3.1G       5.7M        54M       314M

MemTotal:        4016004 kB
MemFree:         3250416 kB
Active:           413044 kB
Mem:          3.8G       747M       3.1G       5.7M        54M       314M

MemTotal:        4016004 kB
MemFree:         3250292 kB
Active:           413012 kB
Mem:          3.8G       747M       3.1G       5.7M        54M       314M

MemTotal:        4016004 kB
MemFree:         3250292 kB
Active:           413016 kB
Mem:          3.8G       747M       3.1G       5.7M        54M       314M

MemTotal:        4016004 kB
MemFree:         3249888 kB
Active:           413076 kB
Mem:          3.8G       748M       3.1G       5.7M        54M       314M

MemTotal:        4016004 kB
MemFree:         3249888 kB
Active:           413068 kB
Mem:          3.8G       748M       3.1G       5.7M        54M       314M

MemTotal:        4016004 kB
MemFree:         3249516 kB
Active:           413076 kB
Mem:          3.8G       748M       3.1G       5.7M        54M       314M

MemTotal:        4016004 kB
MemFree:         3249500 kB
Active:           413068 kB
Mem:          3.8G       748M       3.1G       5.7M        54M       314M

MemTotal:        4016004 kB
MemFree:         3249004 kB
Active:           413080 kB
Mem:          3.8G       748M       3.1G       5.7M        54M       314M

MemTotal:        4016004 kB
MemFree:         3249376 kB
Active:           413072 kB
Mem:          3.8G       748M       3.1G       5.7M        54M       314M

MemTotal:        4016004 kB
MemFree:         3249748 kB
Active:           413088 kB
Mem:          3.8G       748M       3.1G       5.7M        54M       314M

MemTotal:        4016004 kB
MemFree:         3249748 kB
Active:           413052 kB
Mem:          3.8G       748M       3.1G       5.7M        54M       314M

MemTotal:        4016004 kB
MemFree:         3249624 kB
Active:           413044 kB
Mem:          3.8G       748M       3.1G       5.7M        54M       314M

MemTotal:        4016004 kB
MemFree:         3249624 kB
Active:           413048 kB
Mem:          3.8G       748M       3.1G       5.7M        54M       314M

MemTotal:        4016004 kB
MemFree:         3249672 kB
Active:           413060 kB
Mem:          3.8G       748M       3.1G       5.7M        54M       314M

MemTotal:        4016004 kB
MemFree:         3249796 kB
Active:           413076 kB
Mem:          3.8G       748M       3.1G       5.7M        54M       314M

MemTotal:        4016004 kB
MemFree:         3249796 kB
Active:           413060 kB
Mem:          3.8G       748M       3.1G       5.7M        54M       314M

MemTotal:        4016004 kB
MemFree:         3249796 kB
Active:           413056 kB
Mem:          3.8G       748M       3.1G       5.7M        54M       314M

MemTotal:        4016004 kB
MemFree:         3249284 kB
Active:           413096 kB
Mem:          3.8G       748M       3.1G       5.7M        54M       314M

MemTotal:        4016004 kB
MemFree:         3249516 kB
Active:           413084 kB
Mem:          3.8G       748M       3.1G       5.7M        54M       314M

MemTotal:        4016004 kB
MemFree:         3249500 kB
Active:           413088 kB
Mem:          3.8G       748M       3.1G       5.7M        54M       314M

MemTotal:        4016004 kB
MemFree:         3249484 kB
Active:           413076 kB
Mem:          3.8G       748M       3.1G       5.7M        54M       314M

MemTotal:        4016004 kB
MemFree:         3249376 kB
Active:           413100 kB
Mem:          3.8G       748M       3.1G       5.7M        54M       314M

MemTotal:        4016004 kB
MemFree:         3249624 kB
Active:           413096 kB
Mem:          3.8G       748M       3.1G       5.7M        54M       314M

MemTotal:        4016004 kB
MemFree:         3249748 kB
Active:           413052 kB
Mem:          3.8G       748M       3.1G       5.7M        54M       314M

MemTotal:        4016004 kB
MemFree:         3249500 kB
Active:           413100 kB
Mem:          3.8G       748M       3.1G       5.7M        54M       314M

MemTotal:        4016004 kB
MemFree:         3249748 kB
Active:           413088 kB
Mem:          3.8G       748M       3.1G       5.7M        54M       314M

MemTotal:        4016004 kB
MemFree:         3249872 kB
Active:           413076 kB
Mem:          3.8G       748M       3.1G       5.7M        54M       314M

MemTotal:        4016004 kB
MemFree:         3249748 kB
Active:           413076 kB
Mem:          3.8G       748M       3.1G       5.7M        54M       314M

MemTotal:        4016004 kB
MemFree:         3249112 kB
Active:           411248 kB
Mem:          3.8G       748M       3.1G       5.7M        54M       314M

MemTotal:        4016004 kB
MemFree:         3249484 kB
Active:           413296 kB
Mem:          3.8G       748M       3.1G       5.7M        54M       314M

MemTotal:        4016004 kB
MemFree:         3249484 kB
Active:           413244 kB
Mem:          3.8G       748M       3.1G       5.7M        54M       314M

MemTotal:        4016004 kB
MemFree:         3249484 kB
Active:           413252 kB
Mem:          3.8G       748M       3.1G       5.7M        54M       314M

MemTotal:        4016004 kB
MemFree:         3249220 kB
Active:           413300 kB
Mem:          3.8G       748M       3.1G       5.7M        54M       314M

MemTotal:        4016004 kB
MemFree:         3249576 kB
Active:           413300 kB
Mem:          3.8G       748M       3.1G       5.7M        54M       314M

MemTotal:        4016004 kB
MemFree:         3249436 kB
Active:           413292 kB
Mem:          3.8G       748M       3.1G       5.7M        54M       314M

MemTotal:        4016004 kB
MemFree:         3249436 kB
Active:           413304 kB
Mem:          3.8G       748M       3.1G       5.7M        54M       314M

MemTotal:        4016004 kB
MemFree:         3249188 kB
Active:           413316 kB
Mem:          3.8G       748M       3.1G       5.7M        54M       314M

MemTotal:        4016004 kB
MemFree:         3249684 kB
Active:           413308 kB
Mem:          3.8G       748M       3.1G       5.7M        54M       314M

MemTotal:        4016004 kB
MemFree:         3249560 kB
Active:           413316 kB
Mem:          3.8G       748M       3.1G       5.7M        54M       314M

MemTotal:        4016004 kB
MemFree:         3249064 kB
Active:           413324 kB
Mem:          3.8G       748M       3.1G       5.7M        54M       314M

MemTotal:        4016004 kB
MemFree:         3249188 kB
Active:           413284 kB
Mem:          3.8G       748M       3.1G       5.7M        54M       314M

MemTotal:        4016004 kB
MemFree:         3249436 kB
Active:           413316 kB
Mem:          3.8G       748M       3.1G       5.7M        54M       314M

MemTotal:        4016004 kB
MemFree:         3249732 kB
Active:           413324 kB
Mem:          3.8G       748M       3.1G       5.7M        54M       314M

MemTotal:        4016004 kB
MemFree:         3249856 kB
Active:           413284 kB
Mem:          3.8G       748M       3.1G       5.7M        54M       314M

MemTotal:        4016004 kB
MemFree:         3249732 kB
Active:           413288 kB
Mem:          3.8G       748M       3.1G       5.7M        54M       314M

MemTotal:        4016004 kB
MemFree:         3249236 kB
Active:           413324 kB
Mem:          3.8G       748M       3.1G       5.7M        54M       314M

MemTotal:        4016004 kB
MemFree:         3249716 kB
Active:           413308 kB
Mem:          3.8G       748M       3.1G       5.7M        54M       314M

MemTotal:        4016004 kB
MemFree:         3249824 kB
Active:           413292 kB
Mem:          3.8G       748M       3.1G       5.7M        54M       314M

MemTotal:        4016004 kB
MemFree:         3249000 kB
Active:           411416 kB
Mem:          3.8G       748M       3.1G       5.7M        54M       314M

MemTotal:        4016004 kB
MemFree:         3249248 kB
Active:           413416 kB
Mem:          3.8G       749M       3.1G       5.7M        54M       314M

MemTotal:        4016004 kB
MemFree:         3248876 kB
Active:           413464 kB
Mem:          3.8G       748M       3.1G       5.7M        54M       314M

MemTotal:        4016004 kB
MemFree:         3249340 kB
Active:           413600 kB
Mem:          3.8G       748M       3.1G       5.7M        54M       314M

MemTotal:        4016004 kB
MemFree:         3208756 kB
Active:           413964 kB
Mem:          3.8G       788M       3.1G       5.7M        55M       353M

MemTotal:        4016004 kB
MemFree:         3164784 kB
Active:           414028 kB
Mem:          3.8G       831M       3.0G       5.7M        55M       395M

MemTotal:        4016004 kB
MemFree:         3121444 kB
Active:           414048 kB
Mem:          3.8G       873M       3.0G       5.7M        55M       437M

MemTotal:        4016004 kB
MemFree:         3077576 kB
Active:           414080 kB
Mem:          3.8G       916M       2.9G       5.7M        55M       479M

MemTotal:        4016004 kB
MemFree:         3033832 kB
Active:           414100 kB
Mem:          3.8G       959M       2.9G       5.7M        55M       521M

MemTotal:        4016004 kB
MemFree:         2989964 kB
Active:           414120 kB
Mem:          3.8G       1.0G       2.9G       5.7M        55M       563M

MemTotal:        4016004 kB
MemFree:         2946388 kB
Active:           414288 kB
Mem:          3.8G       1.0G       2.8G       5.7M        55M       605M

MemTotal:        4016004 kB
MemFree:         2902644 kB
Active:           414312 kB
Mem:          3.8G       1.1G       2.8G       5.7M        55M       647M

MemTotal:        4016004 kB
MemFree:         2859024 kB
Active:           414332 kB
Mem:          3.8G       1.1G       2.7G       5.7M        55M       689M

MemTotal:        4016004 kB
MemFree:         2845892 kB
Active:           414348 kB
Mem:          3.8G       1.1G       2.7G       5.7M        55M       702M

MemTotal:        4016004 kB
MemFree:         2804212 kB
Active:           414372 kB
Mem:          3.8G       1.2G       2.7G       5.7M        55M       741M

MemTotal:        4016004 kB
MemFree:         2760452 kB
Active:           414400 kB
Mem:          3.8G       1.2G       2.6G       5.7M        55M       784M

MemTotal:        4016004 kB
MemFree:         2745268 kB
Active:           414420 kB
Mem:          3.8G       1.2G       2.6G       5.7M        55M       798M

MemTotal:        4016004 kB
MemFree:         2706612 kB
Active:           414440 kB
Mem:          3.8G       1.2G       2.6G       5.7M        55M       835M

MemTotal:        4016004 kB
MemFree:         2663148 kB
Active:           414460 kB
Mem:          3.8G       1.3G       2.5G       5.7M        55M       876M

MemTotal:        4016004 kB
MemFree:         2619872 kB
Active:           414488 kB
Mem:          3.8G       1.3G       2.5G       5.7M        55M       919M

MemTotal:        4016004 kB
MemFree:         2576692 kB
Active:           414508 kB
Mem:          3.8G       1.4G       2.5G       5.7M        55M       960M

MemTotal:        4016004 kB
MemFree:         2532824 kB
Active:           414536 kB
Mem:          3.8G       1.4G       2.4G       5.7M        55M       1.0G

MemTotal:        4016004 kB
MemFree:         2489204 kB
Active:           414556 kB
Mem:          3.8G       1.5G       2.4G       5.7M        55M       1.0G

MemTotal:        4016004 kB
MemFree:         2445708 kB
Active:           414576 kB
Mem:          3.8G       1.5G       2.3G       5.7M        55M       1.1G

MemTotal:        4016004 kB
MemFree:         2401824 kB
Active:           414608 kB
Mem:          3.8G       1.5G       2.3G       5.7M        55M       1.1G

MemTotal:        4016004 kB
MemFree:         2358560 kB
Active:           414636 kB
Mem:          3.8G       1.6G       2.2G       5.7M        55M       1.1G

MemTotal:        4016004 kB
MemFree:         2315068 kB
Active:           414656 kB
Mem:          3.8G       1.6G       2.2G       5.7M        55M       1.2G

MemTotal:        4016004 kB
MemFree:         2289248 kB
Active:           414688 kB
Mem:          3.8G       1.6G       2.2G       5.7M        55M       1.2G

MemTotal:        4016004 kB
MemFree:         2274556 kB
Active:           414696 kB
Mem:          3.8G       1.7G       2.2G       5.7M        55M       1.2G

MemTotal:        4016004 kB
MemFree:         2230560 kB
Active:           414724 kB
Mem:          3.8G       1.7G       2.1G       5.7M        55M       1.3G

MemTotal:        4016004 kB
MemFree:         2229524 kB
Active:           414736 kB
Mem:          3.8G       1.7G       2.1G       5.7M        55M       1.3G

MemTotal:        4016004 kB
MemFree:         2216260 kB
Active:           414740 kB
Mem:          3.8G       1.7G       2.1G       5.7M        55M       1.3G

MemTotal:        4016004 kB
MemFree:         2172160 kB
Active:           414760 kB
Mem:          3.8G       1.8G       2.1G       5.7M        55M       1.3G

MemTotal:        4016004 kB
MemFree:         2128044 kB
Active:           414784 kB
Mem:          3.8G       1.8G       2.0G       5.7M        55M       1.4G

MemTotal:        4016004 kB
MemFree:         2083680 kB
Active:           414804 kB
Mem:          3.8G       1.8G       2.0G       5.7M        55M       1.4G

MemTotal:        4016004 kB
MemFree:         2039316 kB
Active:           414832 kB
Mem:          3.8G       1.9G       1.9G       5.7M        55M       1.4G

MemTotal:        4016004 kB
MemFree:         1995696 kB
Active:           414852 kB
Mem:          3.8G       1.9G       1.9G       5.7M        55M       1.5G

MemTotal:        4016004 kB
MemFree:         1951440 kB
Active:           414876 kB
Mem:          3.8G       2.0G       1.9G       5.7M        55M       1.5G

MemTotal:        4016004 kB
MemFree:         1936404 kB
Active:           414900 kB
Mem:          3.8G       2.0G       1.8G       5.7M        55M       1.5G

MemTotal:        4016004 kB
MemFree:         1901328 kB
Active:           414928 kB
Mem:          3.8G       2.0G       1.8G       5.7M        55M       1.6G

MemTotal:        4016004 kB
MemFree:         1857400 kB
Active:           414956 kB
Mem:          3.8G       2.1G       1.8G       5.7M        55M       1.6G

MemTotal:        4016004 kB
MemFree:         1837568 kB
Active:           415020 kB
Mem:          3.8G       2.1G       1.8G       5.7M        55M       1.6G

MemTotal:        4016004 kB
MemFree:         1809012 kB
Active:           415040 kB
Mem:          3.8G       2.1G       1.7G       5.7M        55M       1.7G

MemTotal:        4016004 kB
MemFree:         1765612 kB
Active:           415060 kB
Mem:          3.8G       2.1G       1.7G       5.7M        55M       1.7G

MemTotal:        4016004 kB
MemFree:         1721996 kB
Active:           415080 kB
Mem:          3.8G       2.2G       1.6G       5.7M        55M       1.7G

MemTotal:        4016004 kB
MemFree:         1706004 kB
Active:           415092 kB
Mem:          3.8G       2.2G       1.6G       5.7M        55M       1.8G

MemTotal:        4016004 kB
MemFree:         1661888 kB
Active:           415116 kB
Mem:          3.8G       2.2G       1.6G       5.7M        55M       1.8G

MemTotal:        4016004 kB
MemFree:         1617524 kB
Active:           415140 kB
Mem:          3.8G       2.3G       1.5G       5.7M        55M       1.8G

MemTotal:        4016004 kB
MemFree:         1573268 kB
Active:           415164 kB
Mem:          3.8G       2.3G       1.5G       5.7M        55M       1.9G

MemTotal:        4016004 kB
MemFree:         1529524 kB
Active:           415184 kB
Mem:          3.8G       2.4G       1.5G       5.7M        55M       1.9G

MemTotal:        4016004 kB
MemFree:         1485532 kB
Active:           415216 kB
Mem:          3.8G       2.4G       1.4G       5.7M        55M       2.0G

MemTotal:        4016004 kB
MemFree:         1441292 kB
Active:           415248 kB
Mem:          3.8G       2.5G       1.4G       5.7M        55M       2.0G

MemTotal:        4016004 kB
MemFree:         1397676 kB
Active:           415268 kB
Mem:          3.8G       2.5G       1.3G       5.7M        55M       2.0G

MemTotal:        4016004 kB
MemFree:         1382140 kB
Active:           415292 kB
Mem:          3.8G       2.5G       1.3G       5.7M        55M       2.1G

MemTotal:        4016004 kB
MemFree:         1342128 kB
Active:           415312 kB
Mem:          3.8G       2.6G       1.3G       5.7M        56M       2.1G

MemTotal:        4016004 kB
MemFree:         1340880 kB
Active:           415324 kB
Mem:          3.8G       2.6G       1.3G       5.7M        56M       2.1G

MemTotal:        4016004 kB
MemFree:         1340048 kB
Active:           415328 kB
Mem:          3.8G       2.6G       1.3G       5.7M        56M       2.1G

MemTotal:        4016004 kB
MemFree:         1296940 kB
Active:           415356 kB
Mem:          3.8G       2.6G       1.2G       5.7M        56M       2.1G

MemTotal:        4016004 kB
MemFree:         1252700 kB
Active:           415380 kB
Mem:          3.8G       2.6G       1.2G       5.7M        56M       2.2G

MemTotal:        4016004 kB
MemFree:         1209004 kB
Active:           415456 kB
Mem:          3.8G       2.7G       1.2G       5.7M        56M       2.2G

MemTotal:        4016004 kB
MemFree:         1164624 kB
Active:           415480 kB
Mem:          3.8G       2.7G       1.1G       5.7M        56M       2.3G

MemTotal:        4016004 kB
MemFree:         1120632 kB
Active:           415500 kB
Mem:          3.8G       2.8G       1.1G       5.7M        56M       2.3G

MemTotal:        4016004 kB
MemFree:         1076268 kB
Active:           415520 kB
Mem:          3.8G       2.8G       1.0G       5.7M        56M       2.3G

MemTotal:        4016004 kB
MemFree:         1031904 kB
Active:           415544 kB
Mem:          3.8G       2.8G       1.0G       5.7M        56M       2.4G

MemTotal:        4016004 kB
MemFree:         1029288 kB
Active:           415548 kB
Mem:          3.8G       2.8G       1.0G       5.7M        56M       2.4G

MemTotal:        4016004 kB
MemFree:          991700 kB
Active:           415584 kB
Mem:          3.8G       2.9G       967M       5.7M        56M       2.4G

MemTotal:        4016004 kB
MemFree:          947708 kB
Active:           415608 kB
Mem:          3.8G       2.9G       924M       5.7M        56M       2.5G

MemTotal:        4016004 kB
MemFree:          903260 kB
Active:           415632 kB
Mem:          3.8G       3.0G       881M       5.7M        56M       2.5G

MemTotal:        4016004 kB
MemFree:          859520 kB
Active:           415652 kB
Mem:          3.8G       3.0G       838M       5.7M        56M       2.6G

MemTotal:        4016004 kB
MemFree:          815636 kB
Active:           415680 kB
Mem:          3.8G       3.1G       796M       5.7M        56M       2.6G

MemTotal:        4016004 kB
MemFree:          771536 kB
Active:           415708 kB
Mem:          3.8G       3.1G       752M       5.7M        56M       2.6G

MemTotal:        4016004 kB
MemFree:          726808 kB
Active:           415732 kB
Mem:          3.8G       3.1G       709M       5.7M        56M       2.7G

MemTotal:        4016004 kB
MemFree:          682412 kB
Active:           415780 kB
Mem:          3.8G       3.2G       666M       5.7M        56M       2.7G

MemTotal:        4016004 kB
MemFree:          638532 kB
Active:           415808 kB
Mem:          3.8G       3.2G       623M       5.7M        56M       2.8G

MemTotal:        4016004 kB
MemFree:          594324 kB
Active:           415832 kB
Mem:          3.8G       3.3G       580M       5.7M        56M       2.8G

MemTotal:        4016004 kB
MemFree:          550132 kB
Active:           415856 kB
Mem:          3.8G       3.3G       537M       5.7M        56M       2.8G

MemTotal:        4016004 kB
MemFree:          506764 kB
Active:           415880 kB
Mem:          3.8G       3.3G       494M       5.7M        56M       2.9G

MemTotal:        4016004 kB
MemFree:          477280 kB
Active:           415900 kB
Mem:          3.8G       3.4G       466M       5.7M        56M       2.9G

MemTotal:        4016004 kB
MemFree:          452208 kB
Active:           415920 kB
Mem:          3.8G       3.4G       441M       5.7M        56M       2.9G

MemTotal:        4016004 kB
MemFree:          416832 kB
Active:           416436 kB
Mem:          3.8G       3.4G       406M       5.7M        56M       3.0G

MemTotal:        4016004 kB
MemFree:          416528 kB
Active:           416440 kB
Mem:          3.8G       3.4G       406M       5.7M        56M       3.0G

MemTotal:        4016004 kB
MemFree:          411388 kB
Active:           416272 kB
Mem:          3.8G       3.4G       400M       5.7M        56M       3.0G

MemTotal:        4016004 kB
MemFree:          367444 kB
Active:           416296 kB
Mem:          3.8G       3.5G       358M       5.7M        56M       3.0G

MemTotal:        4016004 kB
MemFree:          323312 kB
Active:           416324 kB
Mem:          3.8G       3.5G       315M       5.7M        56M       3.1G

MemTotal:        4016004 kB
MemFree:          278948 kB
Active:           416316 kB
Mem:          3.8G       3.6G       272M       5.7M        56M       3.1G

MemTotal:        4016004 kB
MemFree:          234584 kB
Active:           416336 kB
Mem:          3.8G       3.6G       228M       5.7M        56M       3.1G

MemTotal:        4016004 kB
MemFree:          190640 kB
Active:           416352 kB
Mem:          3.8G       3.6G       185M       5.7M        56M       3.2G

MemTotal:        4016004 kB
MemFree:          146276 kB
Active:           416376 kB
Mem:          3.8G       3.7G       142M       5.7M        56M       3.2G

MemTotal:        4016004 kB
MemFree:          124900 kB
Active:           416404 kB
Mem:          3.8G       3.7G       121M       5.7M        56M       3.2G

MemTotal:        4016004 kB
MemFree:          130760 kB
Active:           413048 kB
Mem:          3.8G       3.7G       125M       5.7M        23M       3.3G

MemTotal:        4016004 kB
MemFree:          121348 kB
Active:           426608 kB
Mem:          3.8G       3.7G       118M       5.7M        21M       3.3G

MemTotal:        4016004 kB
MemFree:          132788 kB
Active:           443272 kB
Mem:          3.8G       3.7G       113M       5.7M        21M       3.3G

MemTotal:        4016004 kB
MemFree:          114952 kB
Active:           443304 kB
Mem:          3.8G       3.7G       111M       5.7M        21M       3.3G

MemTotal:        4016004 kB
MemFree:          134208 kB
Active:           479164 kB
Mem:          3.8G       3.7G       131M       5.7M        21M       3.3G

MemTotal:        4016004 kB
MemFree:          132908 kB
Active:           475700 kB
Mem:          3.8G       3.7G       129M       5.7M        21M       3.3G

MemTotal:        4016004 kB
MemFree:          125756 kB
Active:           472400 kB
Mem:          3.8G       3.7G       121M       5.7M        21M       3.3G

MemTotal:        4016004 kB
MemFree:          111400 kB
Active:           465492 kB
Mem:          3.8G       3.7G       108M       5.7M        21M       3.3G

MemTotal:        4016004 kB
MemFree:          128012 kB
Active:           459964 kB
Mem:          3.8G       3.7G       124M       5.7M        21M       3.3G

MemTotal:        4016004 kB
MemFree:          122228 kB
Active:           456676 kB
Mem:          3.8G       3.7G       118M       5.7M        21M       3.3G

MemTotal:        4016004 kB
MemFree:          124548 kB
Active:           453744 kB
Mem:          3.8G       3.7G       121M       5.7M        21M       3.3G

MemTotal:        4016004 kB
MemFree:          125272 kB
Active:           456144 kB
Mem:          3.8G       3.7G       122M       5.7M        27M       3.3G

MemTotal:        4016004 kB
MemFree:          121652 kB
Active:           449580 kB
Mem:          3.8G       3.7G       118M       5.7M        27M       3.3G

MemTotal:        4016004 kB
MemFree:          124892 kB
Active:           442944 kB
Mem:          3.8G       3.7G       121M       5.7M        27M       3.3G

MemTotal:        4016004 kB
MemFree:          120864 kB
Active:           443012 kB
Mem:          3.8G       3.7G       117M       5.7M        27M       3.3G

MemTotal:        4016004 kB
MemFree:          107688 kB
Active:           442904 kB
Mem:          3.8G       3.7G       104M       5.7M        27M       3.3G

MemTotal:        4016004 kB
MemFree:          117864 kB
Active:           438552 kB
Mem:          3.8G       3.7G       114M       5.7M        27M       3.3G

MemTotal:        4016004 kB
MemFree:          108704 kB
Active:           437408 kB
Mem:          3.8G       3.7G       105M       5.7M        27M       3.3G

MemTotal:        4016004 kB
MemFree:          135256 kB
Active:           434980 kB
Mem:          3.8G       3.7G       132M       5.7M        27M       3.3G

MemTotal:        4016004 kB
MemFree:          125180 kB
Active:           434064 kB
Mem:          3.8G       3.7G       121M       5.7M        27M       3.3G

MemTotal:        4016004 kB
MemFree:          108964 kB
Active:           433164 kB
Mem:          3.8G       3.7G       105M       5.7M        27M       3.3G

MemTotal:        4016004 kB
MemFree:          134936 kB
Active:           430756 kB
Mem:          3.8G       3.7G       131M       5.7M        27M       3.3G

MemTotal:        4016004 kB
MemFree:          126984 kB
Active:           429476 kB
Mem:          3.8G       3.7G       123M       5.7M        27M       3.3G

MemTotal:        4016004 kB
MemFree:          128928 kB
Active:           428340 kB
Mem:          3.8G       3.7G       125M       5.7M        27M       3.3G

MemTotal:        4016004 kB
MemFree:          106296 kB
Active:           428516 kB
Mem:          3.8G       3.7G       103M       5.7M        27M       3.3G

MemTotal:        4016004 kB
MemFree:          136116 kB
Active:           426196 kB
Mem:          3.8G       3.7G       132M       5.7M        27M       3.3G

MemTotal:        4016004 kB
MemFree:          120852 kB
Active:           426152 kB
Mem:          3.8G       3.7G       117M       5.7M        27M       3.3G

MemTotal:        4016004 kB
MemFree:          111952 kB
Active:           424800 kB
Mem:          3.8G       3.7G       108M       5.7M        27M       3.3G

MemTotal:        4016004 kB
MemFree:          115248 kB
Active:           423660 kB
Mem:          3.8G       3.7G       111M       5.7M        27M       3.3G

MemTotal:        4016004 kB
MemFree:          113316 kB
Active:           423872 kB
Mem:          3.8G       3.7G       110M       5.7M        27M       3.3G

MemTotal:        4016004 kB
MemFree:          104804 kB
Active:           422680 kB
Mem:          3.8G       3.7G       124M       5.7M        27M       3.3G

MemTotal:        4016004 kB
MemFree:          119696 kB
Active:           418808 kB
Mem:          3.8G       3.7G       116M       5.7M        27M       3.3G

MemTotal:        4016004 kB
MemFree:          127784 kB
Active:           417036 kB
Mem:          3.8G       3.7G       124M       5.7M        27M       3.3G

MemTotal:        4016004 kB
MemFree:          124200 kB
Active:           415512 kB
Mem:          3.8G       3.7G       120M       5.7M        27M       3.3G

MemTotal:        4016004 kB
MemFree:          127328 kB
Active:           414232 kB
Mem:          3.8G       3.7G       123M       5.7M        27M       3.3G

MemTotal:        4016004 kB
MemFree:          108788 kB
Active:           413852 kB
Mem:          3.8G       3.7G       105M       5.7M        27M       3.3G

MemTotal:        4016004 kB
MemFree:          126396 kB
Active:           410068 kB
Mem:          3.8G       3.7G       123M       5.7M        27M       3.3G

MemTotal:        4016004 kB
MemFree:          122928 kB
Active:           408536 kB
Mem:          3.8G       3.7G       118M       5.7M        27M       3.3G

MemTotal:        4016004 kB
MemFree:          113888 kB
Active:           407896 kB
Mem:          3.8G       3.7G       110M       5.7M        27M       3.3G

MemTotal:        4016004 kB
MemFree:          113612 kB
Active:           407908 kB
Mem:          3.8G       3.7G       110M       5.7M        27M       3.3G

MemTotal:        4016004 kB
MemFree:          128296 kB
Active:           406760 kB
Mem:          3.8G       3.7G       124M       5.7M        27M       3.3G

MemTotal:        4016004 kB
MemFree:          118716 kB
Active:           405608 kB
Mem:          3.8G       3.7G       115M       5.7M        27M       3.3G

MemTotal:        4016004 kB
MemFree:          120216 kB
Active:           401728 kB
Mem:          3.8G       3.7G       116M       5.7M        27M       3.3G

MemTotal:        4016004 kB
MemFree:          127932 kB
Active:           399680 kB
Mem:          3.8G       3.7G       124M       5.7M        27M       3.3G

MemTotal:        4016004 kB
MemFree:          118272 kB
Active:           396596 kB
Mem:          3.8G       3.7G       115M       5.7M        27M       3.3G

MemTotal:        4016004 kB
MemFree:          108380 kB
Active:           393400 kB
Mem:          3.8G       3.7G       105M       5.7M        27M       3.3G

MemTotal:        4016004 kB
MemFree:          113596 kB
Active:           391480 kB
Mem:          3.8G       3.7G       110M       5.7M        27M       3.3G

MemTotal:        4016004 kB
MemFree:          122820 kB
Active:           389816 kB
Mem:          3.8G       3.7G       119M       5.7M        27M       3.3G

MemTotal:        4016004 kB
MemFree:          139016 kB
Active:           387908 kB
Mem:          3.8G       3.7G       135M       5.7M        27M       3.3G

MemTotal:        4016004 kB
MemFree:          143520 kB
Active:           385612 kB
Mem:          3.8G       3.7G       139M       5.7M        27M       3.2G

MemTotal:        4016004 kB
MemFree:          133088 kB
Active:           384464 kB
Mem:          3.8G       3.7G       129M       5.7M        27M       3.3G

MemTotal:        4016004 kB
MemFree:          106900 kB
Active:           384464 kB
Mem:          3.8G       3.7G       104M       5.7M        27M       3.3G

MemTotal:        4016004 kB
MemFree:          105600 kB
Active:           384476 kB
Mem:          3.8G       3.7G       102M       5.7M        27M       3.3G

MemTotal:        4016004 kB
MemFree:          142528 kB
Active:           382824 kB
Mem:          3.8G       3.7G       139M       5.7M        27M       3.2G

MemTotal:        4016004 kB
MemFree:          140688 kB
Active:           382444 kB
Mem:          3.8G       3.7G       137M       5.7M        27M       3.2G

MemTotal:        4016004 kB
MemFree:          125688 kB
Active:           382448 kB
Mem:          3.8G       3.7G       121M       5.7M        27M       3.3G

MemTotal:        4016004 kB
MemFree:          140100 kB
Active:           380400 kB
Mem:          3.8G       3.7G       137M       5.7M        27M       3.2G

MemTotal:        4016004 kB
MemFree:          130812 kB
Active:           379248 kB
Mem:          3.8G       3.7G       127M       5.7M        27M       3.3G

MemTotal:        4016004 kB
MemFree:          122160 kB
Active:           378100 kB
Mem:          3.8G       3.7G       118M       5.7M        27M       3.3G

MemTotal:        4016004 kB
MemFree:          112732 kB
Active:           376956 kB
Mem:          3.8G       3.7G       109M       5.7M        27M       3.3G

MemTotal:        4016004 kB
MemFree:          127364 kB
Active:           373332 kB
Mem:          3.8G       3.7G       123M       5.7M        27M       3.3G

MemTotal:        4016004 kB
MemFree:          123684 kB
Active:           371672 kB
Mem:          3.8G       3.7G       119M       5.7M        27M       3.3G

MemTotal:        4016004 kB
MemFree:          107552 kB
Active:           370648 kB
Mem:          3.8G       3.7G       104M       5.7M        27M       3.3G

MemTotal:        4016004 kB
MemFree:          134800 kB
Active:           368348 kB
Mem:          3.8G       3.7G       130M       5.7M        27M       3.3G

MemTotal:        4016004 kB
MemFree:          123540 kB
Active:           368356 kB
Mem:          3.8G       3.7G       120M       5.7M        27M       3.3G

MemTotal:        4016004 kB
MemFree:          125100 kB
Active:           368372 kB
Mem:          3.8G       3.7G       121M       5.7M        27M       3.3G

MemTotal:        4016004 kB
MemFree:          116172 kB
Active:           368372 kB
Mem:          3.8G       3.7G       113M       5.7M        27M       3.3G

MemTotal:        4016004 kB
MemFree:          105960 kB
Active:           368372 kB
Mem:          3.8G       3.7G       103M       5.7M        27M       3.3G

MemTotal:        4016004 kB
MemFree:          127848 kB
Active:           368372 kB
Mem:          3.8G       3.7G       124M       5.7M        27M       3.3G

MemTotal:        4016004 kB
MemFree:          131384 kB
Active:           368388 kB
Mem:          3.8G       3.7G       127M       5.7M        27M       3.3G

MemTotal:        4016004 kB
MemFree:          110812 kB
Active:           368392 kB
Mem:          3.8G       3.7G       107M       5.7M        27M       3.3G

MemTotal:        4016004 kB
MemFree:          125736 kB
Active:           368392 kB
Mem:          3.8G       3.7G       121M       5.7M        27M       3.3G

MemTotal:        4016004 kB
MemFree:          136772 kB
Active:           368392 kB
Mem:          3.8G       3.7G       133M       5.7M        27M       3.3G

MemTotal:        4016004 kB
MemFree:          112948 kB
Active:           368408 kB
Mem:          3.8G       3.7G       109M       5.7M        27M       3.3G

MemTotal:        4016004 kB
MemFree:          127832 kB
Active:           368416 kB
Mem:          3.8G       3.7G       124M       5.7M        27M       3.3G

MemTotal:        4016004 kB
MemFree:          118548 kB
Active:           368424 kB
Mem:          3.8G       3.7G       116M       5.7M        27M       3.3G

MemTotal:        4016004 kB
MemFree:          113052 kB
Active:           368436 kB
Mem:          3.8G       3.7G       110M       5.7M        27M       3.3G

MemTotal:        4016004 kB
MemFree:          113176 kB
Active:           368444 kB
Mem:          3.8G       3.7G       110M       5.7M        27M       3.3G

MemTotal:        4016004 kB
MemFree:          112284 kB
Active:           368464 kB
Mem:          3.8G       3.7G       109M       5.7M        27M       3.3G

MemTotal:        4016004 kB
MemFree:          117788 kB
Active:           368484 kB
Mem:          3.8G       3.7G       114M       5.7M        27M       3.3G

MemTotal:        4016004 kB
MemFree:          135588 kB
Active:           365564 kB
Mem:          3.8G       3.7G       132M       5.7M        27M       3.3G

MemTotal:        4016004 kB
MemFree:          145008 kB
Active:           365564 kB
Mem:          3.8G       3.7G       141M       5.7M        27M       3.2G

MemTotal:        4016004 kB
MemFree:          134948 kB
Active:           365564 kB
Mem:          3.8G       3.7G       131M       5.7M        27M       3.3G

MemTotal:        4016004 kB
MemFree:          125952 kB
Active:           365564 kB
Mem:          3.8G       3.7G       122M       5.7M        27M       3.3G

MemTotal:        4016004 kB
MemFree:          128212 kB
Active:           365568 kB
Mem:          3.8G       3.7G       124M       5.7M        27M       3.3G

MemTotal:        4016004 kB
MemFree:          136904 kB
Active:           365568 kB
Mem:          3.8G       3.7G       133M       5.7M        27M       3.3G

MemTotal:        4016004 kB
MemFree:          127708 kB
Active:           365564 kB
Mem:          3.8G       3.7G       124M       5.7M        27M       3.3G

MemTotal:        4016004 kB
MemFree:          117916 kB
Active:           365568 kB
Mem:          3.8G       3.7G       114M       5.7M        27M       3.3G

MemTotal:        4016004 kB
MemFree:          118348 kB
Active:           365584 kB
Mem:          3.8G       3.7G       115M       5.7M        27M       3.3G

MemTotal:        4016004 kB
MemFree:          108676 kB
Active:           365584 kB
Mem:          3.8G       3.7G       105M       5.7M        27M       3.3G

MemTotal:        4016004 kB
MemFree:          134864 kB
Active:           365584 kB
Mem:          3.8G       3.7G       131M       5.7M        27M       3.3G

MemTotal:        4016004 kB
MemFree:          125816 kB
Active:           365600 kB
Mem:          3.8G       3.7G       122M       5.7M        27M       3.3G

MemTotal:        4016004 kB
MemFree:          123144 kB
Active:           365600 kB
Mem:          3.8G       3.7G       119M       5.7M        27M       3.3G

MemTotal:        4016004 kB
MemFree:          125688 kB
Active:           365600 kB
Mem:          3.8G       3.7G       122M       5.7M        27M       3.3G

MemTotal:        4016004 kB
MemFree:          122400 kB
Active:           365480 kB
Mem:          3.8G       3.7G       119M       5.7M        27M       3.3G

MemTotal:        4016004 kB
MemFree:          124892 kB
Active:           365480 kB
Mem:          3.8G       3.7G       121M       5.7M        27M       3.3G

MemTotal:        4016004 kB
MemFree:          128020 kB
Active:           365480 kB
Mem:          3.8G       3.7G       124M       5.7M        27M       3.3G

MemTotal:        4016004 kB
MemFree:          112408 kB
Active:           365480 kB
Mem:          3.8G       3.7G       109M       5.7M        27M       3.3G

MemTotal:        4016004 kB
MemFree:          127340 kB
Active:           365480 kB
Mem:          3.8G       3.7G       123M       5.7M        27M       3.3G

MemTotal:        4016004 kB
MemFree:          121160 kB
Active:           367512 kB
Mem:          3.8G       3.7G       117M       5.7M        27M       3.3G

MemTotal:        4016004 kB
MemFree:          111236 kB
Active:           366360 kB
Mem:          3.8G       3.7G       108M       5.7M        27M       3.3G

MemTotal:        4016004 kB
MemFree:          132888 kB
Active:           364280 kB
Mem:          3.8G       3.7G       129M       5.7M        27M       3.3G

MemTotal:        4016004 kB
MemFree:          129572 kB
Active:           364296 kB
Mem:          3.8G       3.7G       126M       5.7M        27M       3.3G

MemTotal:        4016004 kB
MemFree:          131464 kB
Active:           364308 kB
Mem:          3.8G       3.7G       127M       5.7M        27M       3.3G

MemTotal:        4016004 kB
MemFree:          117364 kB
Active:           364308 kB
Mem:          3.8G       3.7G       114M       5.7M        27M       3.3G

MemTotal:        4016004 kB
MemFree:          115896 kB
Active:           364456 kB
Mem:          3.8G       3.7G       112M       5.7M        27M       3.3G

MemTotal:        4016004 kB
MemFree:          112476 kB
Active:           364312 kB
Mem:          3.8G       3.7G       109M       5.7M        27M       3.3G

MemTotal:        4016004 kB
MemFree:          133072 kB
Active:           364348 kB
Mem:          3.8G       3.7G       129M       5.7M        27M       3.3G

MemTotal:        4016004 kB
MemFree:          123908 kB
Active:           364348 kB
Mem:          3.8G       3.7G       120M       5.7M        27M       3.3G

MemTotal:        4016004 kB
MemFree:          126044 kB
Active:           364356 kB
Mem:          3.8G       3.7G       122M       5.7M        27M       3.3G

MemTotal:        4016004 kB
MemFree:          128412 kB
Active:           364356 kB
Mem:          3.8G       3.7G       124M       5.7M        27M       3.3G

MemTotal:        4016004 kB
MemFree:          140748 kB
Active:           360576 kB
Mem:          3.8G       3.7G       136M       5.7M        27M       3.2G

MemTotal:        4016004 kB
MemFree:          131304 kB
Active:           360580 kB
Mem:          3.8G       3.7G       127M       5.7M        27M       3.3G

MemTotal:        4016004 kB
MemFree:          123956 kB
Active:           360580 kB
Mem:          3.8G       3.7G       120M       5.7M        27M       3.3G

MemTotal:        4016004 kB
MemFree:          123460 kB
Active:           360584 kB
Mem:          3.8G       3.7G       120M       5.7M        27M       3.3G

MemTotal:        4016004 kB
MemFree:          116252 kB
Active:           360600 kB
Mem:          3.8G       3.7G       113M       5.7M        27M       3.3G

MemTotal:        4016004 kB
MemFree:          106656 kB
Active:           360600 kB
Mem:          3.8G       3.7G       104M       5.7M        27M       3.3G

MemTotal:        4016004 kB
MemFree:          134700 kB
Active:           360600 kB
Mem:          3.8G       3.7G       131M       5.7M        27M       3.2G

MemTotal:        4016004 kB
MemFree:          126108 kB
Active:           360600 kB
Mem:          3.8G       3.7G       123M       5.7M        27M       3.3G

MemTotal:        4016004 kB
MemFree:          105204 kB
Active:           361364 kB
Mem:          3.8G       3.7G       102M       5.7M        27M       3.3G

MemTotal:        4016004 kB
MemFree:          127780 kB
Active:           360204 kB
Mem:          3.8G       3.7G       124M       5.7M        27M       3.3G

MemTotal:        4016004 kB
MemFree:          118388 kB
Active:           359820 kB
Mem:          3.8G       3.7G       115M       5.7M        27M       3.3G

MemTotal:        4016004 kB
MemFree:          121020 kB
Active:           359820 kB
Mem:          3.8G       3.7G       118M       5.7M        27M       3.3G

MemTotal:        4016004 kB
MemFree:          130844 kB
Active:           359820 kB
Mem:          3.8G       3.7G       127M       5.7M        27M       3.3G

MemTotal:        4016004 kB
MemFree:          123064 kB
Active:           359836 kB
Mem:          3.8G       3.7G       119M       5.7M        27M       3.3G

MemTotal:        4016004 kB
MemFree:          125320 kB
Active:           359844 kB
Mem:          3.8G       3.7G       122M       5.7M        27M       3.3G

MemTotal:        4016004 kB
MemFree:          125588 kB
Active:           359844 kB
Mem:          3.8G       3.7G       122M       5.7M        27M       3.3G

MemTotal:        4016004 kB
MemFree:          111888 kB
Active:           359860 kB
Mem:          3.8G       3.7G       108M       5.7M        27M       3.3G

MemTotal:        4016004 kB
MemFree:          132036 kB
Active:           359860 kB
Mem:          3.8G       3.7G       128M       5.7M        27M       3.2G

MemTotal:        4016004 kB
MemFree:          134148 kB
Active:           356164 kB
Mem:          3.8G       3.7G       130M       5.7M        27M       3.2G

MemTotal:        4016004 kB
MemFree:          131632 kB
Active:           356168 kB
Mem:          3.8G       3.7G       128M       5.7M        27M       3.2G

MemTotal:        4016004 kB
MemFree:          135616 kB
Active:           355920 kB
Mem:          3.8G       3.7G       132M       5.7M        27M       3.2G

MemTotal:        4016004 kB
MemFree:          144324 kB
Active:           355920 kB
Mem:          3.8G       3.7G       140M       5.7M        27M       3.2G

MemTotal:        4016004 kB
MemFree:          135224 kB
Active:           355924 kB
Mem:          3.8G       3.7G       132M       5.7M        27M       3.2G

MemTotal:        4016004 kB
MemFree:          127684 kB
Active:           355924 kB
Mem:          3.8G       3.7G       123M       5.7M        27M       3.3G

MemTotal:        4016004 kB
MemFree:          135384 kB
Active:           355932 kB
Mem:          3.8G       3.7G       131M       5.7M        27M       3.2G

MemTotal:        4016004 kB
MemFree:          126364 kB
Active:           355932 kB
Mem:          3.8G       3.7G       122M       5.7M        27M       3.3G

MemTotal:        4016004 kB
MemFree:          122936 kB
Active:           355932 kB
Mem:          3.8G       3.7G       119M       5.7M        27M       3.3G

MemTotal:        4016004 kB
MemFree:          107404 kB
Active:           355944 kB
Mem:          3.8G       3.7G       104M       5.7M        27M       3.3G

MemTotal:        4016004 kB
MemFree:          113884 kB
Active:           355944 kB
Mem:          3.8G       3.7G       111M       5.7M        27M       3.3G

MemTotal:        4016004 kB
MemFree:          113252 kB
Active:           355956 kB
Mem:          3.8G       3.7G       110M       5.7M        27M       3.3G

MemTotal:        4016004 kB
MemFree:          113412 kB
Active:           355956 kB
Mem:          3.8G       3.7G       110M       5.7M        27M       3.3G

MemTotal:        4016004 kB
MemFree:          129880 kB
Active:           355224 kB
Mem:          3.8G       3.7G       126M       5.7M        27M       3.2G

MemTotal:        4016004 kB
MemFree:          121708 kB
Active:           355204 kB
Mem:          3.8G       3.7G       119M       5.7M        27M       3.3G

MemTotal:        4016004 kB
MemFree:          112544 kB
Active:           355208 kB
Mem:          3.8G       3.7G       109M       5.7M        27M       3.3G

MemTotal:        4016004 kB
MemFree:          116060 kB
Active:           355216 kB
Mem:          3.8G       3.7G       112M       5.7M        27M       3.3G

MemTotal:        4016004 kB
MemFree:          124752 kB
Active:           355224 kB
Mem:          3.8G       3.7G       121M       5.7M        27M       3.3G

MemTotal:        4016004 kB
MemFree:          115480 kB
Active:           355224 kB
Mem:          3.8G       3.7G       111M       5.7M        27M       3.3G

MemTotal:        4016004 kB
MemFree:          105944 kB
Active:           355224 kB
Mem:          3.8G       3.7G       102M       5.7M        27M       3.3G

MemTotal:        4016004 kB
MemFree:          107768 kB
Active:           356828 kB
Mem:          3.8G       3.7G       104M       5.7M        27M       3.3G

MemTotal:        4016004 kB
MemFree:          140316 kB
Active:           355548 kB
Mem:          3.8G       3.7G       136M       5.7M        27M       3.2G

MemTotal:        4016004 kB
MemFree:          128504 kB
Active:           355556 kB
Mem:          3.8G       3.7G       125M       5.7M        27M       3.2G

MemTotal:        4016004 kB
MemFree:          126812 kB
Active:           353992 kB
Mem:          3.8G       3.7G       123M       5.7M        27M       3.3G

MemTotal:        4016004 kB
MemFree:          105592 kB
Active:           353992 kB
Mem:          3.8G       3.7G       102M       5.7M        27M       3.3G

MemTotal:        4016004 kB
MemFree:          128492 kB
Active:           354004 kB
Mem:          3.8G       3.7G       125M       5.7M        27M       3.2G

MemTotal:        4016004 kB
MemFree:          129444 kB
Active:           354016 kB
Mem:          3.8G       3.7G       125M       5.7M        27M       3.2G

MemTotal:        4016004 kB
MemFree:          119696 kB
Active:           354020 kB
Mem:          3.8G       3.7G       116M       5.7M        27M       3.3G

MemTotal:        4016004 kB
MemFree:          119640 kB
Active:           354024 kB
Mem:          3.8G       3.7G       116M       5.7M        27M       3.3G

MemTotal:        4016004 kB
MemFree:          136320 kB
Active:           354032 kB
Mem:          3.8G       3.7G       133M       5.7M        27M       3.2G

MemTotal:        4016004 kB
MemFree:          127436 kB
Active:           354040 kB
Mem:          3.8G       3.7G       124M       5.7M        27M       3.3G

MemTotal:        4016004 kB
MemFree:          106368 kB
Active:           354044 kB
Mem:          3.8G       3.7G       103M       5.7M        27M       3.3G

MemTotal:        4016004 kB
MemFree:          133180 kB
Active:           354052 kB
Mem:          3.8G       3.7G       129M       5.7M        27M       3.2G

MemTotal:        4016004 kB
MemFree:          117584 kB
Active:           354052 kB
Mem:          3.8G       3.7G       114M       5.7M        27M       3.3G

MemTotal:        4016004 kB
MemFree:          108172 kB
Active:           354052 kB
Mem:          3.8G       3.7G       104M       5.7M        27M       3.3G

MemTotal:        4016004 kB
MemFree:          115888 kB
Active:           354052 kB
Mem:          3.8G       3.7G       112M       5.7M        27M       3.3G

MemTotal:        4016004 kB
MemFree:          106480 kB
Active:           354052 kB
Mem:          3.8G       3.7G       103M       5.7M        27M       3.3G

MemTotal:        4016004 kB
MemFree:          121880 kB
Active:           353008 kB
Mem:          3.8G       3.7G       118M       5.7M        27M       3.3G

MemTotal:        4016004 kB
MemFree:          126816 kB
Active:           353020 kB
Mem:          3.8G       3.7G       122M       5.7M        27M       3.3G

MemTotal:        4016004 kB
MemFree:          105348 kB
Active:           353020 kB
Mem:          3.8G       3.7G       125M       5.7M        27M       3.2G

MemTotal:        4016004 kB
MemFree:          108248 kB
Active:           353020 kB
Mem:          3.8G       3.7G       104M       5.7M        27M       3.3G

MemTotal:        4016004 kB
MemFree:          110668 kB
Active:           353020 kB
Mem:          3.8G       3.7G       107M       5.7M        27M       3.3G

MemTotal:        4016004 kB
MemFree:          113036 kB
Active:           353028 kB
Mem:          3.8G       3.7G       109M       5.7M        27M       3.3G

MemTotal:        4016004 kB
MemFree:          127904 kB
Active:           353028 kB
Mem:          3.8G       3.7G       123M       5.7M        27M       3.2G

MemTotal:        4016004 kB
MemFree:          124360 kB
Active:           353028 kB
Mem:          3.8G       3.7G       120M       5.7M        27M       3.3G

MemTotal:        4016004 kB
MemFree:          126952 kB
Active:           353032 kB
Mem:          3.8G       3.7G       122M       5.7M        27M       3.2G

MemTotal:        4016004 kB
MemFree:          127500 kB
Active:           353044 kB
Mem:          3.8G       3.7G       123M       5.7M        27M       3.2G

MemTotal:        4016004 kB
MemFree:          123948 kB
Active:           353056 kB
Mem:          3.8G       3.7G       119M       5.7M        27M       3.3G

MemTotal:        4016004 kB
MemFree:          126588 kB
Active:           353056 kB
Mem:          3.8G       3.7G       123M       5.7M        27M       3.2G

MemTotal:        4016004 kB
MemFree:          124004 kB
Active:           353060 kB
Mem:          3.8G       3.7G       120M       5.7M        27M       3.3G

MemTotal:        4016004 kB
MemFree:          123636 kB
Active:           353064 kB
Mem:          3.8G       3.7G       120M       5.7M        27M       3.3G

MemTotal:        4016004 kB
MemFree:          118744 kB
Active:           350316 kB
Mem:          3.8G       3.7G       115M       5.7M        27M       3.3G

MemTotal:        4016004 kB
MemFree:          109320 kB
Active:           350316 kB
Mem:          3.8G       3.7G       106M       5.7M        27M       3.3G

MemTotal:        4016004 kB
MemFree:          126872 kB
Active:           350324 kB
Mem:          3.8G       3.7G       123M       5.7M        27M       3.2G

MemTotal:        4016004 kB
MemFree:          118064 kB
Active:           350324 kB
Mem:          3.8G       3.7G       114M       5.7M        27M       3.3G

MemTotal:        4016004 kB
MemFree:          126332 kB
Active:           350324 kB
Mem:          3.8G       3.7G       123M       5.7M        27M       3.2G

MemTotal:        4016004 kB
MemFree:          122708 kB
Active:           350324 kB
Mem:          3.8G       3.7G       119M       5.7M        27M       3.3G

MemTotal:        4016004 kB
MemFree:          127612 kB
Active:           350332 kB
Mem:          3.8G       3.7G       124M       5.7M        27M       3.2G

MemTotal:        4016004 kB
MemFree:          124980 kB
Active:           350332 kB
Mem:          3.8G       3.7G       121M       5.7M        27M       3.3G

MemTotal:        4016004 kB
MemFree:          127696 kB
Active:           350336 kB
Mem:          3.8G       3.7G       123M       5.7M        27M       3.2G

MemTotal:        4016004 kB
MemFree:          130920 kB
Active:           351732 kB
Mem:          3.8G       3.7G       126M       5.7M        27M       3.2G

MemTotal:        4016004 kB
MemFree:          122212 kB
Active:           351348 kB
Mem:          3.8G       3.7G       118M       5.7M        27M       3.3G

MemTotal:        4016004 kB
MemFree:          121544 kB
Active:           351352 kB
Mem:          3.8G       3.7G       118M       5.7M        27M       3.3G

MemTotal:        4016004 kB
MemFree:          121488 kB
Active:           351364 kB
Mem:          3.8G       3.7G       118M       5.7M        27M       3.3G

MemTotal:        4016004 kB
MemFree:          106640 kB
Active:           351368 kB
Mem:          3.8G       3.7G       103M       5.7M        27M       3.3G

MemTotal:        4016004 kB
MemFree:          133408 kB
Active:           351368 kB
Mem:          3.8G       3.7G       130M       5.7M        27M       3.2G

MemTotal:        4016004 kB
MemFree:          124540 kB
Active:           351368 kB
Mem:          3.8G       3.7G       121M       5.7M        27M       3.2G

MemTotal:        4016004 kB
MemFree:          124540 kB
Active:           347708 kB
Mem:          3.8G       3.7G       120M       5.7M        27M       3.2G

MemTotal:        4016004 kB
MemFree:          129156 kB
Active:           347716 kB
Mem:          3.8G       3.7G       125M       5.7M        27M       3.2G

MemTotal:        4016004 kB
MemFree:          125960 kB
Active:           347716 kB
Mem:          3.8G       3.7G       122M       5.7M        27M       3.2G

MemTotal:        4016004 kB
MemFree:          114640 kB
Active:           349740 kB
Mem:          3.8G       3.7G       110M       5.7M        27M       3.3G

MemTotal:        4016004 kB
MemFree:          134988 kB
Active:           348716 kB
Mem:          3.8G       3.7G       130M       5.7M        27M       3.2G

MemTotal:        4016004 kB
MemFree:          136464 kB
Active:           348716 kB
Mem:          3.8G       3.7G       132M       5.7M        27M       3.2G

MemTotal:        4016004 kB
MemFree:          128044 kB
Active:           348728 kB
Mem:          3.8G       3.7G       124M       5.7M        27M       3.2G

MemTotal:        4016004 kB
MemFree:          143372 kB
Active:           348728 kB
Mem:          3.8G       3.7G       139M       5.7M        27M       3.2G

MemTotal:        4016004 kB
MemFree:          143032 kB
Active:           348744 kB
Mem:          3.8G       3.7G       139M       5.7M        27M       3.2G

MemTotal:        4016004 kB
MemFree:          134736 kB
Active:           348752 kB
Mem:          3.8G       3.7G       130M       5.7M        27M       3.2G

MemTotal:        4016004 kB
MemFree:          143400 kB
Active:           348752 kB
Mem:          3.8G       3.7G       139M       5.7M        27M       3.2G

MemTotal:        4016004 kB
MemFree:          143064 kB
Active:           348760 kB
Mem:          3.8G       3.7G       139M       5.7M        27M       3.2G

MemTotal:        4016004 kB
MemFree:          105788 kB
Active:           348768 kB
Mem:          3.8G       3.7G       102M       5.7M        27M       3.3G

MemTotal:        4016004 kB
MemFree:          132972 kB
Active:           348768 kB
Mem:          3.8G       3.7G       129M       5.7M        27M       3.2G

MemTotal:        4016004 kB
MemFree:          134348 kB
Active:           348768 kB
Mem:          3.8G       3.7G       130M       5.7M        27M       3.2G

MemTotal:        4016004 kB
MemFree:          143924 kB
Active:           348768 kB
Mem:          3.8G       3.7G       139M       5.7M        27M       3.2G

MemTotal:        4016004 kB
MemFree:          136084 kB
Active:           347300 kB
Mem:          3.8G       3.7G       131M       5.7M        27M       3.2G

MemTotal:        4016004 kB
MemFree:          126556 kB
Active:           347084 kB
Mem:          3.8G       3.7G       123M       5.7M        27M       3.2G

MemTotal:        4016004 kB
MemFree:          117596 kB
Active:           347084 kB
Mem:          3.8G       3.7G       113M       5.7M        27M       3.3G

MemTotal:        4016004 kB
MemFree:          128396 kB
Active:           347084 kB
Mem:          3.8G       3.7G       125M       5.7M        27M       3.2G

MemTotal:        4016004 kB
MemFree:          127304 kB
Active:           347100 kB
Mem:          3.8G       3.7G       123M       5.7M        27M       3.2G

MemTotal:        4016004 kB
MemFree:          126796 kB
Active:           347104 kB
Mem:          3.8G       3.7G       123M       5.7M        27M       3.2G

MemTotal:        4016004 kB
MemFree:          117540 kB
Active:           347112 kB
Mem:          3.8G       3.7G       113M       5.7M        27M       3.3G

MemTotal:        4016004 kB
MemFree:          107772 kB
Active:           347112 kB
Mem:          3.8G       3.7G       104M       5.7M        27M       3.3G

MemTotal:        4016004 kB
MemFree:          109024 kB
Active:           347112 kB
Mem:          3.8G       3.7G       105M       5.7M        27M       3.3G

MemTotal:        4016004 kB
MemFree:          124800 kB
Active:           347120 kB
Mem:          3.8G       3.7G       125M       5.7M        27M       3.2G

MemTotal:        4016004 kB
MemFree:          108568 kB
Active:           347120 kB
Mem:          3.8G       3.7G       104M       5.7M        27M       3.3G

MemTotal:        4016004 kB
MemFree:          134744 kB
Active:           347120 kB
Mem:          3.8G       3.7G       131M       5.7M        27M       3.2G

MemTotal:        4016004 kB
MemFree:          126964 kB
Active:           346808 kB
Mem:          3.8G       3.7G       123M       5.7M        27M       3.2G

MemTotal:        4016004 kB
MemFree:          126964 kB
Active:           346808 kB
Mem:          3.8G       3.7G       123M       5.7M        27M       3.2G

MemTotal:        4016004 kB
MemFree:          126964 kB
Active:           346808 kB
Mem:          3.8G       3.7G       123M       5.7M        27M       3.2G

MemTotal:        4016004 kB
MemFree:          126964 kB
Active:           346816 kB
Mem:          3.8G       3.7G       123M       5.7M        27M       3.2G

MemTotal:        4016004 kB
MemFree:          126964 kB
Active:           346820 kB
Mem:          3.8G       3.7G       123M       5.7M        27M       3.2G

MemTotal:        4016004 kB
MemFree:          126964 kB
Active:           346824 kB
Mem:          3.8G       3.7G       123M       5.7M        27M       3.2G

MemTotal:        4016004 kB
MemFree:          126716 kB
Active:           346824 kB
Mem:          3.8G       3.7G       123M       5.7M        27M       3.2G

MemTotal:        4016004 kB
MemFree:          126592 kB
Active:           346824 kB
Mem:          3.8G       3.7G       123M       5.7M        27M       3.2G

MemTotal:        4016004 kB
MemFree:          126716 kB
Active:           346824 kB
Mem:          3.8G       3.7G       123M       5.7M        27M       3.2G

MemTotal:        4016004 kB
MemFree:          126716 kB
Active:           346824 kB
Mem:          3.8G       3.7G       123M       5.7M        27M       3.2G

MemTotal:        4016004 kB
MemFree:          126592 kB
Active:           346832 kB
Mem:          3.8G       3.7G       123M       5.7M        27M       3.2G

MemTotal:        4016004 kB
MemFree:          126688 kB
Active:           346844 kB
Mem:          3.8G       3.7G       123M       5.7M        27M       3.2G

MemTotal:        4016004 kB
MemFree:          126688 kB
Active:           346844 kB
Mem:          3.8G       3.7G       123M       5.7M        27M       3.2G

MemTotal:        4016004 kB
MemFree:          126564 kB
Active:           346844 kB
Mem:          3.8G       3.7G       123M       5.7M        27M       3.2G

MemTotal:        4016004 kB
MemFree:          126564 kB
Active:           346844 kB
Mem:          3.8G       3.7G       123M       5.7M        27M       3.2G

MemTotal:        4016004 kB
MemFree:          126688 kB
Active:           346844 kB
Mem:          3.8G       3.7G       123M       5.7M        27M       3.2G

MemTotal:        4016004 kB
MemFree:          126140 kB
Active:           346864 kB
Mem:          3.8G       3.7G       123M       5.7M        27M       3.2G

MemTotal:        4016004 kB
MemFree:          126172 kB
Active:           346864 kB
Mem:          3.8G       3.7G       123M       5.7M        27M       3.2G

MemTotal:        4016004 kB
MemFree:          126424 kB
Active:           346868 kB
Mem:          3.8G       3.7G       123M       5.7M        27M       3.2G

MemTotal:        4016004 kB
MemFree:          126492 kB
Active:           346876 kB
Mem:          3.8G       3.7G       123M       5.7M        27M       3.2G

MemTotal:        4016004 kB
MemFree:          126492 kB
Active:           346876 kB
Mem:          3.8G       3.7G       123M       5.7M        27M       3.2G

MemTotal:        4016004 kB
MemFree:          126492 kB
Active:           346876 kB
Mem:          3.8G       3.7G       123M       5.7M        27M       3.2G

MemTotal:        4016004 kB
MemFree:          126492 kB
Active:           346884 kB
Mem:          3.8G       3.7G       123M       5.7M        27M       3.2G

MemTotal:        4016004 kB
MemFree:          126368 kB
Active:           346884 kB
Mem:          3.8G       3.7G       123M       5.7M        27M       3.2G

MemTotal:        4016004 kB
MemFree:          126492 kB
Active:           346884 kB
Mem:          3.8G       3.7G       123M       5.7M        27M       3.2G

MemTotal:        4016004 kB
MemFree:          126492 kB
Active:           346884 kB
Mem:          3.8G       3.7G       123M       5.7M        27M       3.2G

MemTotal:        4016004 kB
MemFree:          126492 kB
Active:           346884 kB
Mem:          3.8G       3.7G       123M       5.7M        27M       3.2G

MemTotal:        4016004 kB
MemFree:          126492 kB
Active:           346884 kB
Mem:          3.8G       3.7G       123M       5.7M        27M       3.2G

MemTotal:        4016004 kB
MemFree:          126492 kB
Active:           346884 kB
Mem:          3.8G       3.7G       123M       5.7M        27M       3.2G

MemTotal:        4016004 kB
MemFree:          126492 kB
Active:           346884 kB
Mem:          3.8G       3.7G       123M       5.7M        27M       3.2G

MemTotal:        4016004 kB
MemFree:          126492 kB
Active:           346884 kB
Mem:          3.8G       3.7G       123M       5.7M        27M       3.2G

MemTotal:        4016004 kB
MemFree:          126492 kB
Active:           346888 kB
Mem:          3.8G       3.7G       123M       5.7M        27M       3.2G

MemTotal:        4016004 kB
MemFree:          126492 kB
Active:           346888 kB
Mem:          3.8G       3.7G       123M       5.7M        27M       3.2G

MemTotal:        4016004 kB
MemFree:          126368 kB
Active:           346892 kB
Mem:          3.8G       3.7G       123M       5.7M        27M       3.2G

MemTotal:        4016004 kB
MemFree:          126368 kB
Active:           346892 kB
Mem:          3.8G       3.7G       123M       5.7M        27M       3.2G

MemTotal:        4016004 kB
MemFree:          126492 kB
Active:           346892 kB
Mem:          3.8G       3.7G       123M       5.7M        27M       3.2G

MemTotal:        4016004 kB
MemFree:          126368 kB
Active:           346892 kB
Mem:          3.8G       3.7G       123M       5.7M        27M       3.2G

MemTotal:        4016004 kB
MemFree:          126368 kB
Active:           346896 kB
Mem:          3.8G       3.7G       123M       5.7M        27M       3.2G

MemTotal:        4016004 kB
MemFree:          126368 kB
Active:           346896 kB
Mem:          3.8G       3.7G       123M       5.7M        27M       3.2G

MemTotal:        4016004 kB
MemFree:          126368 kB
Active:           346904 kB
Mem:          3.8G       3.7G       123M       5.7M        27M       3.2G

MemTotal:        4016004 kB
MemFree:          126368 kB
Active:           346908 kB
Mem:          3.8G       3.7G       123M       5.7M        27M       3.2G

MemTotal:        4016004 kB
MemFree:          126492 kB
Active:           346908 kB
Mem:          3.8G       3.7G       123M       5.7M        27M       3.2G

MemTotal:        4016004 kB
MemFree:          126368 kB
Active:           346908 kB
Mem:          3.8G       3.7G       123M       5.7M        27M       3.2G

MemTotal:        4016004 kB
MemFree:          126368 kB
Active:           346912 kB
Mem:          3.8G       3.7G       123M       5.7M        27M       3.2G

MemTotal:        4016004 kB
MemFree:          126492 kB
Active:           346912 kB
Mem:          3.8G       3.7G       123M       5.7M        27M       3.2G

MemTotal:        4016004 kB
MemFree:          126492 kB
Active:           346916 kB
Mem:          3.8G       3.7G       123M       5.7M        27M       3.2G

MemTotal:        4016004 kB
MemFree:          126368 kB
Active:           346920 kB
Mem:          3.8G       3.7G       123M       5.7M        27M       3.2G

MemTotal:        4016004 kB
MemFree:          126368 kB
Active:           346924 kB
Mem:          3.8G       3.7G       123M       5.7M        27M       3.2G

MemTotal:        4016004 kB
MemFree:          126368 kB
Active:           346924 kB
Mem:          3.8G       3.7G       123M       5.7M        27M       3.2G

MemTotal:        4016004 kB
MemFree:          126368 kB
Active:           346924 kB
Mem:          3.8G       3.7G       123M       5.7M        27M       3.2G

MemTotal:        4016004 kB
MemFree:          126492 kB
Active:           346924 kB
Mem:          3.8G       3.7G       123M       5.7M        27M       3.2G

MemTotal:        4016004 kB
MemFree:          126368 kB
Active:           346936 kB
Mem:          3.8G       3.7G       123M       5.7M        27M       3.2G

MemTotal:        4016004 kB
MemFree:          126368 kB
Active:           346936 kB
Mem:          3.8G       3.7G       123M       5.7M        27M       3.2G

MemTotal:        4016004 kB
MemFree:          126492 kB
Active:           346936 kB
Mem:          3.8G       3.7G       123M       5.7M        27M       3.2G

MemTotal:        4016004 kB
MemFree:          126492 kB
Active:           346936 kB
Mem:          3.8G       3.7G       123M       5.7M        27M       3.2G

MemTotal:        4016004 kB
MemFree:          126368 kB
Active:           346940 kB
Mem:          3.8G       3.7G       123M       5.7M        27M       3.2G

MemTotal:        4016004 kB
MemFree:          126368 kB
Active:           346948 kB
Mem:          3.8G       3.7G       123M       5.7M        27M       3.2G

MemTotal:        4016004 kB
MemFree:          126368 kB
Active:           346948 kB
Mem:          3.8G       3.7G       123M       5.7M        27M       3.2G

MemTotal:        4016004 kB
MemFree:          126368 kB
Active:           346948 kB
Mem:          3.8G       3.7G       123M       5.7M        27M       3.2G

MemTotal:        4016004 kB
MemFree:          126244 kB
Active:           346948 kB
Mem:          3.8G       3.7G       123M       5.7M        27M       3.2G

MemTotal:        4016004 kB
MemFree:          126244 kB
Active:           346948 kB
Mem:          3.8G       3.7G       123M       5.7M        27M       3.2G

MemTotal:        4016004 kB
MemFree:          126244 kB
Active:           346952 kB
Mem:          3.8G       3.7G       123M       5.7M        27M       3.2G

MemTotal:        4016004 kB
MemFree:          126368 kB
Active:           346952 kB
Mem:          3.8G       3.7G       123M       5.7M        27M       3.2G

MemTotal:        4016004 kB
MemFree:          126368 kB
Active:           346952 kB
Mem:          3.8G       3.7G       123M       5.7M        27M       3.2G

MemTotal:        4016004 kB
MemFree:          126368 kB
Active:           346952 kB
Mem:          3.8G       3.7G       123M       5.7M        27M       3.2G

MemTotal:        4016004 kB
MemFree:          126368 kB
Active:           346952 kB
Mem:          3.8G       3.7G       123M       5.7M        28M       3.2G

MemTotal:        4016004 kB
MemFree:          126228 kB
Active:           346984 kB
Mem:          3.8G       3.7G       123M       5.7M        28M       3.2G

MemTotal:        4016004 kB
MemFree:          126228 kB
Active:           346984 kB
Mem:          3.8G       3.7G       123M       5.7M        28M       3.2G

MemTotal:        4016004 kB
MemFree:          126228 kB
Active:           346984 kB
Mem:          3.8G       3.7G       123M       5.7M        28M       3.2G

MemTotal:        4016004 kB
MemFree:          126104 kB
Active:           346984 kB
Mem:          3.8G       3.7G       123M       5.7M        28M       3.2G

MemTotal:        4016004 kB
MemFree:          126212 kB
Active:           347036 kB
Mem:          3.8G       3.7G       123M       5.7M        28M       3.2G

MemTotal:        4016004 kB
MemFree:          126088 kB
Active:           347036 kB
Mem:          3.8G       3.7G       123M       5.7M        28M       3.2G

MemTotal:        4016004 kB
MemFree:          126088 kB
Active:           347044 kB
Mem:          3.8G       3.7G       123M       5.7M        28M       3.2G

MemTotal:        4016004 kB
MemFree:          126088 kB
Active:           347044 kB
Mem:          3.8G       3.7G       123M       5.7M        28M       3.2G

MemTotal:        4016004 kB
MemFree:          126088 kB
Active:           347044 kB
Mem:          3.8G       3.7G       123M       5.7M        28M       3.2G

MemTotal:        4016004 kB
MemFree:          126088 kB
Active:           347048 kB
Mem:          3.8G       3.7G       123M       5.7M        28M       3.2G

MemTotal:        4016004 kB
MemFree:          126088 kB
Active:           347048 kB
Mem:          3.8G       3.7G       123M       5.7M        28M       3.2G

MemTotal:        4016004 kB
MemFree:          126088 kB
Active:           347052 kB
Mem:          3.8G       3.7G       123M       5.7M        28M       3.2G

MemTotal:        4016004 kB
MemFree:          126088 kB
Active:           347052 kB
Mem:          3.8G       3.7G       123M       5.7M        28M       3.2G

MemTotal:        4016004 kB
MemFree:          126088 kB
Active:           347052 kB
Mem:          3.8G       3.7G       123M       5.7M        28M       3.2G

MemTotal:        4016004 kB
MemFree:          126088 kB
Active:           347052 kB
Mem:          3.8G       3.7G       123M       5.7M        28M       3.2G

MemTotal:        4016004 kB
MemFree:          126088 kB
Active:           347060 kB
Mem:          3.8G       3.7G       122M       5.7M        28M       3.2G

MemTotal:        4016004 kB
MemFree:          126088 kB
Active:           347060 kB
Mem:          3.8G       3.7G       123M       5.7M        28M       3.2G

MemTotal:        4016004 kB
MemFree:          126088 kB
Active:           347060 kB
Mem:          3.8G       3.7G       123M       5.7M        28M       3.2G

MemTotal:        4016004 kB
MemFree:          126088 kB
Active:           347064 kB
Mem:          3.8G       3.7G       123M       5.7M        28M       3.2G

MemTotal:        4016004 kB
MemFree:          126088 kB
Active:           347068 kB
Mem:          3.8G       3.7G       123M       5.7M        28M       3.2G

MemTotal:        4016004 kB
MemFree:          126104 kB
Active:           347060 kB
Mem:          3.8G       3.7G       123M       5.7M        28M       3.2G

MemTotal:        4016004 kB
MemFree:          126104 kB
Active:           347064 kB
Mem:          3.8G       3.7G       123M       5.7M        28M       3.2G

MemTotal:        4016004 kB
MemFree:          126104 kB
Active:           347076 kB
Mem:          3.8G       3.7G       123M       5.7M        28M       3.2G

MemTotal:        4016004 kB
MemFree:          126104 kB
Active:           347076 kB
Mem:          3.8G       3.7G       123M       5.7M        28M       3.2G

MemTotal:        4016004 kB
MemFree:          126104 kB
Active:           347076 kB
Mem:          3.8G       3.7G       123M       5.7M        28M       3.2G

MemTotal:        4016004 kB
MemFree:          125980 kB
Active:           347076 kB
Mem:          3.8G       3.7G       123M       5.7M        28M       3.2G

MemTotal:        4016004 kB
MemFree:          126104 kB
Active:           347076 kB
Mem:          3.8G       3.7G       123M       5.7M        28M       3.2G

MemTotal:        4016004 kB
MemFree:          125980 kB
Active:           347076 kB
Mem:          3.8G       3.7G       123M       5.7M        28M       3.2G

MemTotal:        4016004 kB
MemFree:          125980 kB
Active:           347084 kB
Mem:          3.8G       3.7G       123M       5.7M        28M       3.2G

MemTotal:        4016004 kB
MemFree:          125980 kB
Active:           347088 kB
Mem:          3.8G       3.7G       123M       5.7M        28M       3.2G

MemTotal:        4016004 kB
MemFree:          125980 kB
Active:           347092 kB
Mem:          3.8G       3.7G       123M       5.7M        28M       3.2G

MemTotal:        4016004 kB
MemFree:          125980 kB
Active:           347092 kB
Mem:          3.8G       3.7G       123M       5.7M        28M       3.2G

MemTotal:        4016004 kB
MemFree:          125856 kB
Active:           347092 kB
Mem:          3.8G       3.7G       123M       5.7M        28M       3.2G

MemTotal:        4016004 kB
MemFree:          125980 kB
Active:           347092 kB
Mem:          3.8G       3.7G       123M       5.7M        28M       3.2G

MemTotal:        4016004 kB
MemFree:          125980 kB
Active:           347096 kB
Mem:          3.8G       3.7G       123M       5.7M        28M       3.2G

MemTotal:        4016004 kB
MemFree:          125980 kB
Active:           347096 kB
Mem:          3.8G       3.7G       123M       5.7M        28M       3.2G

MemTotal:        4016004 kB
MemFree:          125980 kB
Active:           347104 kB
Mem:          3.8G       3.7G       123M       5.7M        28M       3.2G

MemTotal:        4016004 kB
MemFree:          125980 kB
Active:           347104 kB
Mem:          3.8G       3.7G       123M       5.7M        28M       3.2G

MemTotal:        4016004 kB
MemFree:          125980 kB
Active:           347104 kB
Mem:          3.8G       3.7G       123M       5.7M        28M       3.2G

MemTotal:        4016004 kB
MemFree:          125980 kB
Active:           347104 kB
Mem:          3.8G       3.7G       123M       5.7M        28M       3.2G

MemTotal:        4016004 kB
MemFree:          125980 kB
Active:           347104 kB
Mem:          3.8G       3.7G       123M       5.7M        28M       3.2G

MemTotal:        4016004 kB
MemFree:          125856 kB
Active:           347120 kB
Mem:          3.8G       3.7G       122M       5.7M        28M       3.2G

MemTotal:        4016004 kB
MemFree:          125980 kB
Active:           347120 kB
Mem:          3.8G       3.7G       122M       5.7M        28M       3.2G

MemTotal:        4016004 kB
MemFree:          125856 kB
Active:           347124 kB
Mem:          3.8G       3.7G       122M       5.7M        28M       3.2G

MemTotal:        4016004 kB
MemFree:          125980 kB
Active:           347124 kB
Mem:          3.8G       3.7G       123M       5.7M        28M       3.2G

MemTotal:        4016004 kB
MemFree:          125856 kB
Active:           347124 kB
Mem:          3.8G       3.7G       122M       5.7M        28M       3.2G

MemTotal:        4016004 kB
MemFree:          125856 kB
Active:           347124 kB
Mem:          3.8G       3.7G       122M       5.7M        28M       3.2G

MemTotal:        4016004 kB
MemFree:          125856 kB
Active:           347132 kB
Mem:          3.8G       3.7G       122M       5.7M        28M       3.2G

MemTotal:        4016004 kB
MemFree:          125856 kB
Active:           347132 kB
Mem:          3.8G       3.7G       122M       5.7M        28M       3.2G

MemTotal:        4016004 kB
MemFree:          125856 kB
Active:           347132 kB
Mem:          3.8G       3.7G       122M       5.7M        28M       3.2G

MemTotal:        4016004 kB
MemFree:          125980 kB
Active:           347136 kB
Mem:          3.8G       3.7G       122M       5.7M        28M       3.2G

MemTotal:        4016004 kB
MemFree:          125856 kB
Active:           347136 kB
Mem:          3.8G       3.7G       122M       5.7M        28M       3.2G

MemTotal:        4016004 kB
MemFree:          125856 kB
Active:           347136 kB
Mem:          3.8G       3.7G       123M       5.7M        28M       3.2G

MemTotal:        4016004 kB
MemFree:          125980 kB
Active:           347136 kB
Mem:          3.8G       3.7G       123M       5.7M        28M       3.2G

MemTotal:        4016004 kB
MemFree:          125980 kB
Active:           347136 kB
Mem:          3.8G       3.7G       123M       5.7M        28M       3.2G

MemTotal:        4016004 kB
MemFree:          125856 kB
Active:           347136 kB
Mem:          3.8G       3.7G       122M       5.7M        28M       3.2G

MemTotal:        4016004 kB
MemFree:          125856 kB
Active:           347144 kB
Mem:          3.8G       3.7G       122M       5.7M        28M       3.2G

MemTotal:        4016004 kB
MemFree:          125856 kB
Active:           347144 kB
Mem:          3.8G       3.7G       122M       5.7M        28M       3.2G

MemTotal:        4016004 kB
MemFree:          125856 kB
Active:           347144 kB
Mem:          3.8G       3.7G       122M       5.7M        28M       3.2G

MemTotal:        4016004 kB
MemFree:          125980 kB
Active:           347144 kB
Mem:          3.8G       3.7G       123M       5.7M        28M       3.2G

MemTotal:        4016004 kB
MemFree:          125980 kB
Active:           347144 kB
Mem:          3.8G       3.7G       122M       5.7M        28M       3.2G

MemTotal:        4016004 kB
MemFree:          126104 kB
Active:           347144 kB
Mem:          3.8G       3.7G       123M       5.7M        28M       3.2G

MemTotal:        4016004 kB
MemFree:          126104 kB
Active:           347152 kB
Mem:          3.8G       3.7G       123M       5.7M        28M       3.2G

MemTotal:        4016004 kB
MemFree:          126104 kB
Active:           347152 kB
Mem:          3.8G       3.7G       123M       5.7M        28M       3.2G

MemTotal:        4016004 kB
MemFree:          126104 kB
Active:           347156 kB
Mem:          3.8G       3.7G       123M       5.7M        28M       3.2G

MemTotal:        4016004 kB
MemFree:          125980 kB
Active:           347156 kB
Mem:          3.8G       3.7G       123M       5.7M        28M       3.2G

MemTotal:        4016004 kB
MemFree:          125980 kB
Active:           347156 kB
Mem:          3.8G       3.7G       122M       5.7M        28M       3.2G

MemTotal:        4016004 kB
MemFree:          125980 kB
Active:           347156 kB
Mem:          3.8G       3.7G       123M       5.7M        28M       3.2G

MemTotal:        4016004 kB
MemFree:          125980 kB
Active:           347156 kB
Mem:          3.8G       3.7G       123M       5.7M        28M       3.2G

MemTotal:        4016004 kB
MemFree:          125856 kB
Active:           347156 kB
Mem:          3.8G       3.7G       123M       5.7M        28M       3.2G

MemTotal:        4016004 kB
MemFree:          125980 kB
Active:           347164 kB
Mem:          3.8G       3.7G       123M       5.7M        28M       3.2G

MemTotal:        4016004 kB
MemFree:          125980 kB
Active:           347172 kB
Mem:          3.8G       3.7G       123M       5.7M        28M       3.2G

MemTotal:        4016004 kB
MemFree:          125856 kB
Active:           347172 kB
Mem:          3.8G       3.7G       122M       5.7M        28M       3.2G

MemTotal:        4016004 kB
MemFree:          125856 kB
Active:           347172 kB
Mem:          3.8G       3.7G       122M       5.7M        28M       3.2G

MemTotal:        4016004 kB
MemFree:          125856 kB
Active:           347172 kB
Mem:          3.8G       3.7G       122M       5.7M        28M       3.2G

MemTotal:        4016004 kB
MemFree:          125856 kB
Active:           347176 kB
Mem:          3.8G       3.7G       122M       5.7M        28M       3.2G

MemTotal:        4016004 kB
MemFree:          125980 kB
Active:           347184 kB
Mem:          3.8G       3.7G       123M       5.7M        28M       3.2G

MemTotal:        4016004 kB
MemFree:          125980 kB
Active:           347184 kB
Mem:          3.8G       3.7G       123M       5.7M        28M       3.2G

MemTotal:        4016004 kB
MemFree:          125980 kB
Active:           347188 kB
Mem:          3.8G       3.7G       123M       5.7M        28M       3.2G

MemTotal:        4016004 kB
MemFree:          125980 kB
Active:           347188 kB
Mem:          3.8G       3.7G       123M       5.7M        28M       3.2G

MemTotal:        4016004 kB
MemFree:          125980 kB
Active:           347188 kB
Mem:          3.8G       3.7G       123M       5.7M        28M       3.2G

MemTotal:        4016004 kB
MemFree:          125980 kB
Active:           347188 kB
Mem:          3.8G       3.7G       123M       5.7M        28M       3.2G

MemTotal:        4016004 kB
MemFree:          125856 kB
Active:           347196 kB
Mem:          3.8G       3.7G       122M       5.7M        28M       3.2G

MemTotal:        4016004 kB
MemFree:          125856 kB
Active:           347196 kB
Mem:          3.8G       3.7G       122M       5.7M        28M       3.2G

MemTotal:        4016004 kB
MemFree:          125856 kB
Active:           347196 kB
Mem:          3.8G       3.7G       122M       5.7M        28M       3.2G

MemTotal:        4016004 kB
MemFree:          125980 kB
Active:           347196 kB
Mem:          3.8G       3.7G       123M       5.7M        28M       3.2G

MemTotal:        4016004 kB
MemFree:          125980 kB
Active:           347196 kB
Mem:          3.8G       3.7G       123M       5.7M        28M       3.2G

MemTotal:        4016004 kB
MemFree:          125980 kB
Active:           347196 kB
Mem:          3.8G       3.7G       123M       5.7M        28M       3.2G

MemTotal:        4016004 kB
MemFree:          125980 kB
Active:           347196 kB
Mem:          3.8G       3.7G       123M       5.7M        28M       3.2G

MemTotal:        4016004 kB
MemFree:          125980 kB
Active:           347200 kB
Mem:          3.8G       3.7G       123M       5.7M        28M       3.2G

MemTotal:        4016004 kB
MemFree:          125856 kB
Active:           347200 kB
Mem:          3.8G       3.7G       122M       5.7M        28M       3.2G

MemTotal:        4016004 kB
MemFree:          125856 kB
Active:           347200 kB
Mem:          3.8G       3.7G       122M       5.7M        28M       3.2G

MemTotal:        4016004 kB
MemFree:          125856 kB
Active:           347208 kB
Mem:          3.8G       3.7G       122M       5.7M        28M       3.2G

MemTotal:        4016004 kB
MemFree:          125732 kB
Active:           347212 kB
Mem:          3.8G       3.7G       122M       5.7M        28M       3.2G

MemTotal:        4016004 kB
MemFree:          125732 kB
Active:           347212 kB
Mem:          3.8G       3.7G       122M       5.7M        28M       3.2G

MemTotal:        4016004 kB
MemFree:          125856 kB
Active:           347212 kB
Mem:          3.8G       3.7G       122M       5.7M        28M       3.2G

MemTotal:        4016004 kB
MemFree:          125856 kB
Active:           347212 kB
Mem:          3.8G       3.7G       122M       5.7M        28M       3.2G

MemTotal:        4016004 kB
MemFree:          125856 kB
Active:           347212 kB
Mem:          3.8G       3.7G       122M       5.7M        28M       3.2G

MemTotal:        4016004 kB
MemFree:          125856 kB
Active:           347220 kB
Mem:          3.8G       3.7G       122M       5.7M        28M       3.2G

MemTotal:        4016004 kB
MemFree:          125856 kB
Active:           347220 kB
Mem:          3.8G       3.7G       122M       5.7M        28M       3.2G

MemTotal:        4016004 kB
MemFree:          125856 kB
Active:           347224 kB
Mem:          3.8G       3.7G       122M       5.7M        28M       3.2G

MemTotal:        4016004 kB
MemFree:          125856 kB
Active:           347224 kB
Mem:          3.8G       3.7G       122M       5.7M        28M       3.2G

MemTotal:        4016004 kB
MemFree:          125856 kB
Active:           347224 kB
Mem:          3.8G       3.7G       122M       5.7M        28M       3.2G

MemTotal:        4016004 kB
MemFree:          125732 kB
Active:           347224 kB
Mem:          3.8G       3.7G       122M       5.7M        28M       3.2G

MemTotal:        4016004 kB
MemFree:          125732 kB
Active:           347224 kB
Mem:          3.8G       3.7G       122M       5.7M        28M       3.2G

MemTotal:        4016004 kB
MemFree:          125856 kB
Active:           347236 kB
Mem:          3.8G       3.7G       122M       5.7M        28M       3.2G

MemTotal:        4016004 kB
MemFree:          125732 kB
Active:           347236 kB
Mem:          3.8G       3.7G       122M       5.7M        28M       3.2G

MemTotal:        4016004 kB
MemFree:          125732 kB
Active:           347236 kB
Mem:          3.8G       3.7G       122M       5.7M        28M       3.2G

MemTotal:        4016004 kB
MemFree:          125732 kB
Active:           347236 kB
Mem:          3.8G       3.7G       122M       5.7M        28M       3.2G

MemTotal:        4016004 kB
MemFree:          125732 kB
Active:           347236 kB
Mem:          3.8G       3.7G       122M       5.7M        28M       3.2G

MemTotal:        4016004 kB
MemFree:          125856 kB
Active:           347236 kB
Mem:          3.8G       3.7G       122M       5.7M        28M       3.2G

MemTotal:        4016004 kB
MemFree:          125856 kB
Active:           347244 kB
Mem:          3.8G       3.7G       122M       5.7M        28M       3.2G

MemTotal:        4016004 kB
MemFree:          125732 kB
Active:           347244 kB
Mem:          3.8G       3.7G       122M       5.7M        28M       3.2G

MemTotal:        4016004 kB
MemFree:          125856 kB
Active:           347244 kB
Mem:          3.8G       3.7G       122M       5.7M        28M       3.2G

MemTotal:        4016004 kB
MemFree:          125856 kB
Active:           347244 kB
Mem:          3.8G       3.7G       122M       5.7M        28M       3.2G

MemTotal:        4016004 kB
MemFree:          125856 kB
Active:           347244 kB
Mem:          3.8G       3.7G       122M       5.7M        28M       3.2G

MemTotal:        4016004 kB
MemFree:          125856 kB
Active:           347244 kB
Mem:          3.8G       3.7G       122M       5.7M        28M       3.2G

MemTotal:        4016004 kB
MemFree:          125856 kB
Active:           347244 kB
Mem:          3.8G       3.7G       122M       5.7M        28M       3.2G

MemTotal:        4016004 kB
MemFree:          125732 kB
Active:           347252 kB
Mem:          3.8G       3.7G       122M       5.7M        28M       3.2G

MemTotal:        4016004 kB
MemFree:          125856 kB
Active:           347256 kB
Mem:          3.8G       3.7G       122M       5.7M        28M       3.2G

MemTotal:        4016004 kB
MemFree:          125732 kB
Active:           347256 kB
Mem:          3.8G       3.7G       122M       5.7M        28M       3.2G

MemTotal:        4016004 kB
MemFree:          125732 kB
Active:           347256 kB
Mem:          3.8G       3.7G       122M       5.7M        28M       3.2G

MemTotal:        4016004 kB
MemFree:          125532 kB
Active:           347032 kB
Mem:          3.8G       3.7G       122M       5.7M        28M       3.2G

MemTotal:        4016004 kB
MemFree:          125284 kB
Active:           347044 kB
Mem:          3.8G       3.7G       122M       5.7M        28M       3.2G

MemTotal:        4016004 kB
MemFree:          125656 kB
Active:           347004 kB
Mem:          3.8G       3.7G       122M       5.7M        28M       3.2G

MemTotal:        4016004 kB
MemFree:          125656 kB
Active:           347004 kB
Mem:          3.8G       3.7G       122M       5.7M        28M       3.2G

MemTotal:        4016004 kB
MemFree:          125532 kB
Active:           347004 kB
Mem:          3.8G       3.7G       122M       5.7M        28M       3.2G

MemTotal:        4016004 kB
MemFree:          125284 kB
Active:           347056 kB
Mem:          3.8G       3.7G       122M       5.7M        28M       3.2G

MemTotal:        4016004 kB
MemFree:          125284 kB
Active:           347008 kB
Mem:          3.8G       3.7G       122M       5.7M        28M       3.2G

MemTotal:        4016004 kB
MemFree:          124664 kB
Active:           347060 kB
Mem:          3.8G       3.7G       121M       5.7M        28M       3.2G

MemTotal:        4016004 kB
MemFree:          124664 kB
Active:           347060 kB
Mem:          3.8G       3.7G       122M       5.7M        28M       3.2G

MemTotal:        4016004 kB
MemFree:          125320 kB
Active:           347064 kB
Mem:          3.8G       3.7G       122M       5.7M        28M       3.2G

MemTotal:        4016004 kB
MemFree:          125320 kB
Active:           347024 kB
Mem:          3.8G       3.7G       122M       5.7M        28M       3.2G

MemTotal:        4016004 kB
MemFree:          124824 kB
Active:           347080 kB
Mem:          3.8G       3.7G       121M       5.7M        28M       3.2G

MemTotal:        4016004 kB
MemFree:          125072 kB
Active:           347072 kB
Mem:          3.8G       3.7G       122M       5.7M        28M       3.2G

MemTotal:        4016004 kB
MemFree:          125072 kB
Active:           347076 kB
Mem:          3.8G       3.7G       122M       5.7M        28M       3.2G

MemTotal:        4016004 kB
MemFree:          124948 kB
Active:           347080 kB
Mem:          3.8G       3.7G       121M       5.7M        28M       3.2G

MemTotal:        4016004 kB
MemFree:          124824 kB
Active:           347080 kB
Mem:          3.8G       3.7G       121M       5.7M        28M       3.2G

MemTotal:        4016004 kB
MemFree:          125444 kB
Active:           347060 kB
Mem:          3.8G       3.7G       122M       5.7M        28M       3.2G

MemTotal:        4016004 kB
MemFree:          125320 kB
Active:           347064 kB
Mem:          3.8G       3.7G       122M       5.7M        28M       3.2G

MemTotal:        4016004 kB
MemFree:          125320 kB
Active:           347032 kB
Mem:          3.8G       3.7G       122M       5.7M        28M       3.2G

MemTotal:        4016004 kB
MemFree:          125444 kB
Active:           347048 kB
Mem:          3.8G       3.7G       122M       5.7M        28M       3.2G

MemTotal:        4016004 kB
MemFree:          125444 kB
Active:           347044 kB
Mem:          3.8G       3.7G       122M       5.7M        28M       3.2G

MemTotal:        4016004 kB
MemFree:          125460 kB
Active:           347064 kB
Mem:          3.8G       3.7G       121M       5.7M        28M       3.2G

MemTotal:        4016004 kB
MemFree:          124592 kB
Active:           347096 kB
Mem:          3.8G       3.7G       121M       5.7M        28M       3.2G

MemTotal:        4016004 kB
MemFree:          125336 kB
Active:           347088 kB
Mem:          3.8G       3.7G       122M       5.7M        28M       3.2G

MemTotal:        4016004 kB
MemFree:          124964 kB
Active:           347100 kB
Mem:          3.8G       3.7G       122M       5.7M        28M       3.2G

MemTotal:        4016004 kB
MemFree:          125336 kB
Active:           347060 kB
Mem:          3.8G       3.7G       122M       5.7M        28M       3.2G

MemTotal:        4016004 kB
MemFree:          125212 kB
Active:           347064 kB
Mem:          3.8G       3.7G       122M       5.7M        28M       3.2G

MemTotal:        4016004 kB
MemFree:          124964 kB
Active:           347072 kB
Mem:          3.8G       3.7G       121M       5.7M        28M       3.2G

MemTotal:        4016004 kB
MemFree:          124964 kB
Active:           347084 kB
Mem:          3.8G       3.7G       121M       5.7M        28M       3.2G

MemTotal:        4016004 kB
MemFree:          125104 kB
Active:           347080 kB
Mem:          3.8G       3.7G       122M       5.7M        28M       3.2G

MemTotal:        4016004 kB
MemFree:          125476 kB
Active:           347072 kB
