MemTotal:        4016004 kB
MemFree:         3239824 kB
Active:           423988 kB
Mem:          3.8G       757M       3.1G       5.7M        51M       320M

MemTotal:        4016004 kB
MemFree:         3239816 kB
Active:           423792 kB
Mem:          3.8G       758M       3.1G       5.7M        51M       320M

MemTotal:        4016004 kB
MemFree:         3239660 kB
Active:           423852 kB
Mem:          3.8G       758M       3.1G       5.7M        51M       320M

MemTotal:        4016004 kB
MemFree:         3239272 kB
Active:           423876 kB
Mem:          3.8G       758M       3.1G       5.7M        51M       320M

MemTotal:        4016004 kB
MemFree:         3239504 kB
Active:           423860 kB
Mem:          3.8G       758M       3.1G       5.7M        51M       320M

MemTotal:        4016004 kB
MemFree:         3239612 kB
Active:           423872 kB
Mem:          3.8G       758M       3.1G       5.7M        51M       320M

MemTotal:        4016004 kB
MemFree:         3239160 kB
Active:           423884 kB
Mem:          3.8G       758M       3.1G       5.7M        51M       320M

MemTotal:        4016004 kB
MemFree:         3239516 kB
Active:           423864 kB
Mem:          3.8G       758M       3.1G       5.7M        51M       320M

MemTotal:        4016004 kB
MemFree:         3239376 kB
Active:           423836 kB
Mem:          3.8G       758M       3.1G       5.7M        51M       320M

MemTotal:        4016004 kB
MemFree:         3239112 kB
Active:           423888 kB
Mem:          3.8G       758M       3.1G       5.7M        51M       320M

MemTotal:        4016004 kB
MemFree:         3239424 kB
Active:           423860 kB
Mem:          3.8G       758M       3.1G       5.7M        51M       320M

MemTotal:        4016004 kB
MemFree:         3239548 kB
Active:           423844 kB
Mem:          3.8G       758M       3.1G       5.7M        51M       320M

MemTotal:        4016004 kB
MemFree:         3239704 kB
Active:           423856 kB
Mem:          3.8G       758M       3.1G       5.7M        51M       320M

MemTotal:        4016004 kB
MemFree:         3239704 kB
Active:           423876 kB
Mem:          3.8G       758M       3.1G       5.7M        51M       320M

MemTotal:        4016004 kB
MemFree:         3237688 kB
Active:           425876 kB
Mem:          3.8G       760M       3.1G       5.7M        51M       320M

MemTotal:        4016004 kB
MemFree:         3237564 kB
Active:           425908 kB
Mem:          3.8G       760M       3.1G       5.7M        51M       320M

MemTotal:        4016004 kB
MemFree:         3237672 kB
Active:           425888 kB
Mem:          3.8G       760M       3.1G       5.7M        51M       320M

MemTotal:        4016004 kB
MemFree:         3237284 kB
Active:           425928 kB
Mem:          3.8G       760M       3.1G       5.7M        51M       320M

MemTotal:        4016004 kB
MemFree:         3237500 kB
Active:           425920 kB
Mem:          3.8G       760M       3.1G       5.7M        51M       320M

MemTotal:        4016004 kB
MemFree:         3237688 kB
Active:           425888 kB
Mem:          3.8G       760M       3.1G       5.7M        51M       320M

MemTotal:        4016004 kB
MemFree:         3237812 kB
Active:           425932 kB
Mem:          3.8G       760M       3.1G       5.7M        51M       320M

MemTotal:        4016004 kB
MemFree:         3237688 kB
Active:           425928 kB
Mem:          3.8G       760M       3.1G       5.7M        51M       320M

MemTotal:        4016004 kB
MemFree:         3237688 kB
Active:           425908 kB
Mem:          3.8G       760M       3.1G       5.7M        51M       320M

MemTotal:        4016004 kB
MemFree:         3237192 kB
Active:           425936 kB
Mem:          3.8G       760M       3.1G       5.7M        51M       320M

MemTotal:        4016004 kB
MemFree:         3237548 kB
Active:           425912 kB
Mem:          3.8G       760M       3.1G       5.7M        51M       320M

MemTotal:        4016004 kB
MemFree:         3237532 kB
Active:           425896 kB
Mem:          3.8G       760M       3.1G       5.7M        51M       320M

MemTotal:        4016004 kB
MemFree:         3237516 kB
Active:           425924 kB
Mem:          3.8G       760M       3.1G       5.7M        51M       320M

MemTotal:        4016004 kB
MemFree:         3237624 kB
Active:           425920 kB
Mem:          3.8G       760M       3.1G       5.7M        51M       320M

MemTotal:        4016004 kB
MemFree:         3237548 kB
Active:           425884 kB
Mem:          3.8G       760M       3.1G       5.7M        51M       320M

MemTotal:        4016004 kB
MemFree:         3237548 kB
Active:           425908 kB
Mem:          3.8G       760M       3.1G       5.7M        51M       320M

MemTotal:        4016004 kB
MemFree:         3237548 kB
Active:           425928 kB
Mem:          3.8G       760M       3.1G       5.7M        51M       320M

MemTotal:        4016004 kB
MemFree:         3237672 kB
Active:           425896 kB
Mem:          3.8G       760M       3.1G       5.7M        51M       320M

MemTotal:        4016004 kB
MemFree:         3237796 kB
Active:           425904 kB
Mem:          3.8G       760M       3.1G       5.7M        51M       320M

MemTotal:        4016004 kB
MemFree:         3237424 kB
Active:           425924 kB
Mem:          3.8G       760M       3.1G       5.7M        51M       320M

MemTotal:        4016004 kB
MemFree:         3237516 kB
Active:           425928 kB
Mem:          3.8G       760M       3.1G       5.7M        51M       320M

MemTotal:        4016004 kB
MemFree:         3237500 kB
Active:           425904 kB
Mem:          3.8G       760M       3.1G       5.7M        51M       320M

MemTotal:        4016004 kB
MemFree:         3236944 kB
Active:           425908 kB
Mem:          3.8G       760M       3.1G       5.7M        51M       320M

MemTotal:        4016004 kB
MemFree:         3236696 kB
Active:           425952 kB
Mem:          3.8G       760M       3.1G       5.7M        51M       320M

MemTotal:        4016004 kB
MemFree:         3237192 kB
Active:           425924 kB
Mem:          3.8G       760M       3.1G       5.7M        51M       320M

MemTotal:        4016004 kB
MemFree:         3236944 kB
Active:           425952 kB
Mem:          3.8G       760M       3.1G       5.7M        51M       320M

MemTotal:        4016004 kB
MemFree:         3237068 kB
Active:           425940 kB
Mem:          3.8G       760M       3.1G       5.7M        51M       320M

MemTotal:        4016004 kB
MemFree:         3236820 kB
Active:           425968 kB
Mem:          3.8G       761M       3.1G       5.7M        51M       320M

MemTotal:        4016004 kB
MemFree:         3236820 kB
Active:           425952 kB
Mem:          3.8G       760M       3.1G       5.7M        51M       320M

MemTotal:        4016004 kB
MemFree:         3234524 kB
Active:           425976 kB
Mem:          3.8G       762M       3.1G       5.7M        51M       320M

MemTotal:        4016004 kB
MemFree:         3235004 kB
Active:           427952 kB
Mem:          3.8G       762M       3.1G       5.7M        51M       320M

MemTotal:        4016004 kB
MemFree:         3234616 kB
Active:           428000 kB
Mem:          3.8G       763M       3.1G       5.7M        51M       320M

MemTotal:        4016004 kB
MemFree:         3234972 kB
Active:           427996 kB
Mem:          3.8G       762M       3.1G       5.7M        51M       320M

MemTotal:        4016004 kB
MemFree:         3234848 kB
Active:           427944 kB
Mem:          3.8G       762M       3.1G       5.7M        51M       320M

MemTotal:        4016004 kB
MemFree:         3234708 kB
Active:           428004 kB
Mem:          3.8G       762M       3.1G       5.7M        51M       320M

MemTotal:        4016004 kB
MemFree:         3234756 kB
Active:           427956 kB
Mem:          3.8G       762M       3.1G       5.7M        51M       320M

MemTotal:        4016004 kB
MemFree:         3235252 kB
Active:           427972 kB
Mem:          3.8G       762M       3.1G       5.7M        51M       320M

MemTotal:        4016004 kB
MemFree:         3235128 kB
Active:           427968 kB
Mem:          3.8G       762M       3.1G       5.7M        51M       320M

MemTotal:        4016004 kB
MemFree:         3235252 kB
Active:           428020 kB
Mem:          3.8G       762M       3.1G       5.7M        51M       320M

MemTotal:        4016004 kB
MemFree:         3235252 kB
Active:           428008 kB
Mem:          3.8G       762M       3.1G       5.7M        51M       320M

MemTotal:        4016004 kB
MemFree:         3235252 kB
Active:           427972 kB
Mem:          3.8G       762M       3.1G       5.7M        51M       320M

MemTotal:        4016004 kB
MemFree:         3235112 kB
Active:           427996 kB
Mem:          3.8G       762M       3.1G       5.7M        51M       320M

MemTotal:        4016004 kB
MemFree:         3235096 kB
Active:           428008 kB
Mem:          3.8G       762M       3.1G       5.7M        51M       320M

MemTotal:        4016004 kB
MemFree:         3234832 kB
Active:           428032 kB
Mem:          3.8G       762M       3.1G       5.7M        51M       320M

MemTotal:        4016004 kB
MemFree:         3235080 kB
Active:           428012 kB
Mem:          3.8G       762M       3.1G       5.7M        51M       320M

MemTotal:        4016004 kB
MemFree:         3234692 kB
Active:           428040 kB
Mem:          3.8G       763M       3.1G       5.7M        51M       320M

MemTotal:        4016004 kB
MemFree:         3235172 kB
Active:           427992 kB
Mem:          3.8G       762M       3.1G       5.7M        51M       320M

MemTotal:        4016004 kB
MemFree:         3235236 kB
Active:           428024 kB
Mem:          3.8G       762M       3.1G       5.7M        51M       320M

MemTotal:        4016004 kB
MemFree:         3234988 kB
Active:           428040 kB
Mem:          3.8G       762M       3.1G       5.7M        51M       320M

MemTotal:        4016004 kB
MemFree:         3235240 kB
Active:           426104 kB
Mem:          3.8G       762M       3.1G       5.7M        51M       320M

MemTotal:        4016004 kB
MemFree:         3235172 kB
Active:           428020 kB
Mem:          3.8G       762M       3.1G       5.7M        51M       320M

MemTotal:        4016004 kB
MemFree:         3235296 kB
Active:           428044 kB
Mem:          3.8G       762M       3.1G       5.7M        51M       320M

MemTotal:        4016004 kB
MemFree:         3235280 kB
Active:           428052 kB
Mem:          3.8G       762M       3.1G       5.7M        51M       320M

MemTotal:        4016004 kB
MemFree:         3235032 kB
Active:           428060 kB
Mem:          3.8G       762M       3.1G       5.7M        51M       320M

MemTotal:        4016004 kB
MemFree:         3235388 kB
Active:           428020 kB
Mem:          3.8G       762M       3.1G       5.7M        51M       320M

MemTotal:        4016004 kB
MemFree:         3235372 kB
Active:           428040 kB
Mem:          3.8G       762M       3.1G       5.7M        51M       320M

MemTotal:        4016004 kB
MemFree:         3235356 kB
Active:           428036 kB
Mem:          3.8G       762M       3.1G       5.7M        51M       320M

MemTotal:        4016004 kB
MemFree:         3234908 kB
Active:           428064 kB
Mem:          3.8G       762M       3.1G       5.7M        51M       320M

MemTotal:        4016004 kB
MemFree:         3235280 kB
Active:           428012 kB
Mem:          3.8G       762M       3.1G       5.7M        51M       320M

MemTotal:        4016004 kB
MemFree:         3233164 kB
Active:           428032 kB
Mem:          3.8G       764M       3.1G       5.7M        51M       320M

MemTotal:        4016004 kB
MemFree:         3233292 kB
Active:           430084 kB
Mem:          3.8G       764M       3.1G       5.7M        51M       320M

MemTotal:        4016004 kB
MemFree:         3232796 kB
Active:           430088 kB
Mem:          3.8G       764M       3.1G       5.7M        51M       320M

MemTotal:        4016004 kB
MemFree:         3232424 kB
Active:           430096 kB
Mem:          3.8G       765M       3.1G       5.7M        51M       320M

MemTotal:        4016004 kB
MemFree:         3232796 kB
Active:           430048 kB
Mem:          3.8G       764M       3.1G       5.7M        51M       320M

MemTotal:        4016004 kB
MemFree:         3232888 kB
Active:           430060 kB
Mem:          3.8G       764M       3.1G       5.7M        51M       320M

MemTotal:        4016004 kB
MemFree:         3232748 kB
Active:           430080 kB
Mem:          3.8G       764M       3.1G       5.7M        51M       320M

MemTotal:        4016004 kB
MemFree:         3232564 kB
Active:           430096 kB
Mem:          3.8G       765M       3.1G       5.7M        51M       320M

MemTotal:        4016004 kB
MemFree:         3232688 kB
Active:           430096 kB
Mem:          3.8G       765M       3.1G       5.7M        51M       320M

MemTotal:        4016004 kB
MemFree:         3232688 kB
Active:           430044 kB
Mem:          3.8G       764M       3.1G       5.7M        51M       320M

MemTotal:        4016004 kB
MemFree:         3232624 kB
Active:           428020 kB
Mem:          3.8G       764M       3.1G       5.7M        51M       320M

MemTotal:        4016004 kB
MemFree:         3232996 kB
Active:           430068 kB
Mem:          3.8G       764M       3.1G       5.7M        51M       320M

MemTotal:        4016004 kB
MemFree:         3233244 kB
Active:           430096 kB
Mem:          3.8G       764M       3.1G       5.7M        51M       320M

MemTotal:        4016004 kB
MemFree:         3233120 kB
Active:           430104 kB
Mem:          3.8G       764M       3.1G       5.7M        51M       320M

MemTotal:        4016004 kB
MemFree:         3233104 kB
Active:           430068 kB
Mem:          3.8G       764M       3.1G       5.7M        51M       320M

MemTotal:        4016004 kB
MemFree:         3232716 kB
Active:           430116 kB
Mem:          3.8G       764M       3.1G       5.7M        51M       320M

MemTotal:        4016004 kB
MemFree:         3233088 kB
Active:           430084 kB
Mem:          3.8G       764M       3.1G       5.7M        51M       320M

MemTotal:        4016004 kB
MemFree:         3233212 kB
Active:           430084 kB
Mem:          3.8G       764M       3.1G       5.7M        51M       320M

MemTotal:        4016004 kB
MemFree:         3232824 kB
Active:           430120 kB
Mem:          3.8G       764M       3.1G       5.7M        51M       320M

MemTotal:        4016004 kB
MemFree:         3233120 kB
Active:           430112 kB
Mem:          3.8G       764M       3.1G       5.7M        51M       320M

MemTotal:        4016004 kB
MemFree:         3233056 kB
Active:           428048 kB
Mem:          3.8G       764M       3.1G       5.7M        51M       320M

MemTotal:        4016004 kB
MemFree:         3232560 kB
Active:           430124 kB
Mem:          3.8G       765M       3.1G       5.7M        51M       320M

MemTotal:        4016004 kB
MemFree:         3233056 kB
Active:           430116 kB
Mem:          3.8G       764M       3.1G       5.7M        51M       320M

MemTotal:        4016004 kB
MemFree:         3232808 kB
Active:           430124 kB
Mem:          3.8G       764M       3.1G       5.7M        51M       320M

MemTotal:        4016004 kB
MemFree:         3233056 kB
Active:           430084 kB
Mem:          3.8G       764M       3.1G       5.7M        51M       320M

MemTotal:        4016004 kB
MemFree:         3232916 kB
Active:           430104 kB
Mem:          3.8G       764M       3.1G       5.7M        51M       320M

MemTotal:        4016004 kB
MemFree:         3232900 kB
Active:           430076 kB
Mem:          3.8G       764M       3.1G       5.7M        51M       320M

MemTotal:        4016004 kB
MemFree:         3232636 kB
Active:           430136 kB
Mem:          3.8G       765M       3.1G       5.7M        51M       320M

MemTotal:        4016004 kB
MemFree:         3191180 kB
Active:           430784 kB
Mem:          3.8G       805M       3.0G       5.7M        51M       360M

MemTotal:        4016004 kB
MemFree:         3146692 kB
Active:           430804 kB
Mem:          3.8G       849M       3.0G       5.7M        51M       404M

MemTotal:        4016004 kB
MemFree:         3097476 kB
Active:           430808 kB
Mem:          3.8G       897M       3.0G       5.7M        51M       451M

MemTotal:        4016004 kB
MemFree:         3047640 kB
Active:           430864 kB
Mem:          3.8G       946M       2.9G       5.7M        51M       498M

MemTotal:        4016004 kB
MemFree:         2998796 kB
Active:           430872 kB
Mem:          3.8G       993M       2.9G       5.7M        51M       545M

MemTotal:        4016004 kB
MemFree:         2950464 kB
Active:           430868 kB
Mem:          3.8G       1.0G       2.8G       5.7M        51M       592M

MemTotal:        4016004 kB
MemFree:         2901620 kB
Active:           430888 kB
Mem:          3.8G       1.1G       2.8G       5.7M        51M       638M

MemTotal:        4016004 kB
MemFree:         2852404 kB
Active:           430968 kB
Mem:          3.8G       1.1G       2.7G       5.7M        51M       686M

MemTotal:        4016004 kB
MemFree:         2829736 kB
Active:           431000 kB
Mem:          3.8G       1.1G       2.7G       5.7M        51M       708M

MemTotal:        4016004 kB
MemFree:         2780956 kB
Active:           431028 kB
Mem:          3.8G       1.2G       2.7G       5.7M        51M       754M

MemTotal:        4016004 kB
MemFree:         2746384 kB
Active:           431024 kB
Mem:          3.8G       1.2G       2.6G       5.7M        51M       787M

MemTotal:        4016004 kB
MemFree:         2707792 kB
Active:           431080 kB
Mem:          3.8G       1.2G       2.6G       5.7M        51M       822M

MemTotal:        4016004 kB
MemFree:         2694556 kB
Active:           431076 kB
Mem:          3.8G       1.3G       2.6G       5.7M        51M       835M

MemTotal:        4016004 kB
MemFree:         2646656 kB
Active:           431124 kB
Mem:          3.8G       1.3G       2.5G       5.7M        51M       881M

MemTotal:        4016004 kB
MemFree:         2598480 kB
Active:           431124 kB
Mem:          3.8G       1.4G       2.5G       5.7M        51M       928M

MemTotal:        4016004 kB
MemFree:         2549760 kB
Active:           431172 kB
Mem:          3.8G       1.4G       2.4G       5.7M        51M       975M

MemTotal:        4016004 kB
MemFree:         2500172 kB
Active:           431212 kB
Mem:          3.8G       1.4G       2.4G       5.7M        51M       1.0G

MemTotal:        4016004 kB
MemFree:         2451824 kB
Active:           431232 kB
Mem:          3.8G       1.5G       2.3G       5.7M        51M       1.0G

MemTotal:        4016004 kB
MemFree:         2403368 kB
Active:           431280 kB
Mem:          3.8G       1.5G       2.3G       5.7M        51M       1.1G

MemTotal:        4016004 kB
MemFree:         2354412 kB
Active:           433320 kB
Mem:          3.8G       1.6G       2.2G       5.7M        51M       1.1G

MemTotal:        4016004 kB
MemFree:         2352816 kB
Active:           433376 kB
Mem:          3.8G       1.6G       2.2G       5.7M        51M       1.1G

MemTotal:        4016004 kB
MemFree:         2308764 kB
Active:           433396 kB
Mem:          3.8G       1.6G       2.2G       5.7M        51M       1.2G

MemTotal:        4016004 kB
MemFree:         2259176 kB
Active:           433424 kB
Mem:          3.8G       1.7G       2.2G       5.7M        51M       1.2G

MemTotal:        4016004 kB
MemFree:         2249720 kB
Active:           433448 kB
Mem:          3.8G       1.7G       2.1G       5.7M        51M       1.2G

MemTotal:        4016004 kB
MemFree:         2209188 kB
Active:           433472 kB
Mem:          3.8G       1.7G       2.1G       5.7M        51M       1.3G

MemTotal:        4016004 kB
MemFree:         2209192 kB
Active:           433484 kB
Mem:          3.8G       1.7G       2.1G       5.7M        51M       1.3G

MemTotal:        4016004 kB
MemFree:         2200732 kB
Active:           433484 kB
Mem:          3.8G       1.7G       2.1G       5.7M        51M       1.3G

MemTotal:        4016004 kB
MemFree:         2151924 kB
Active:           433500 kB
Mem:          3.8G       1.8G       2.1G       5.7M        52M       1.3G

MemTotal:        4016004 kB
MemFree:         2103592 kB
Active:           433524 kB
Mem:          3.8G       1.8G       2.0G       5.7M        52M       1.4G

MemTotal:        4016004 kB
MemFree:         2054376 kB
Active:           433552 kB
Mem:          3.8G       1.9G       2.0G       5.7M        52M       1.4G

MemTotal:        4016004 kB
MemFree:         2005904 kB
Active:           433580 kB
Mem:          3.8G       1.9G       1.9G       5.7M        52M       1.5G

MemTotal:        4016004 kB
MemFree:         1957680 kB
Active:           433604 kB
Mem:          3.8G       2.0G       1.9G       5.7M        52M       1.5G

MemTotal:        4016004 kB
MemFree:         1907844 kB
Active:           433624 kB
Mem:          3.8G       2.0G       1.8G       5.7M        52M       1.6G

MemTotal:        4016004 kB
MemFree:         1858944 kB
Active:           433648 kB
Mem:          3.8G       2.1G       1.8G       5.7M        52M       1.6G

MemTotal:        4016004 kB
MemFree:         1810080 kB
Active:           433648 kB
Mem:          3.8G       2.1G       1.7G       5.7M        52M       1.6G

MemTotal:        4016004 kB
MemFree:         1804252 kB
Active:           433668 kB
Mem:          3.8G       2.1G       1.7G       5.7M        52M       1.7G

MemTotal:        4016004 kB
MemFree:         1794304 kB
Active:           433712 kB
Mem:          3.8G       2.1G       1.7G       5.7M        52M       1.7G

MemTotal:        4016004 kB
MemFree:         1746300 kB
Active:           433756 kB
Mem:          3.8G       2.2G       1.7G       5.7M        52M       1.7G

MemTotal:        4016004 kB
MemFree:         1697152 kB
Active:           433776 kB
Mem:          3.8G       2.2G       1.6G       5.7M        52M       1.8G

MemTotal:        4016004 kB
MemFree:         1648652 kB
Active:           433788 kB
Mem:          3.8G       2.3G       1.6G       5.7M        52M       1.8G

MemTotal:        4016004 kB
MemFree:         1598876 kB
Active:           432056 kB
Mem:          3.8G       2.3G       1.5G       5.7M        52M       1.8G

MemTotal:        4016004 kB
MemFree:         1550172 kB
Active:           432112 kB
Mem:          3.8G       2.4G       1.5G       5.7M        52M       1.9G

MemTotal:        4016004 kB
MemFree:         1501204 kB
Active:           432112 kB
Mem:          3.8G       2.4G       1.4G       5.7M        52M       1.9G

MemTotal:        4016004 kB
MemFree:         1452480 kB
Active:           432164 kB
Mem:          3.8G       2.4G       1.4G       5.7M        52M       2.0G

MemTotal:        4016004 kB
MemFree:         1404616 kB
Active:           432160 kB
Mem:          3.8G       2.5G       1.3G       5.7M        52M       2.0G

MemTotal:        4016004 kB
MemFree:         1355636 kB
Active:           432180 kB
Mem:          3.8G       2.5G       1.3G       5.7M        52M       2.1G

MemTotal:        4016004 kB
MemFree:         1305652 kB
Active:           432240 kB
Mem:          3.8G       2.6G       1.2G       5.7M        52M       2.1G

MemTotal:        4016004 kB
MemFree:         1257268 kB
Active:           432256 kB
Mem:          3.8G       2.6G       1.2G       5.7M        52M       2.2G

MemTotal:        4016004 kB
MemFree:         1253616 kB
Active:           432284 kB
Mem:          3.8G       2.6G       1.2G       5.7M        52M       2.2G

MemTotal:        4016004 kB
MemFree:         1253408 kB
Active:           432264 kB
Mem:          3.8G       2.6G       1.2G       5.7M        52M       2.2G

MemTotal:        4016004 kB
MemFree:         1209324 kB
Active:           432364 kB
Mem:          3.8G       2.7G       1.2G       5.7M        52M       2.2G

MemTotal:        4016004 kB
MemFree:         1160904 kB
Active:           432384 kB
Mem:          3.8G       2.7G       1.1G       5.7M        52M       2.3G

MemTotal:        4016004 kB
MemFree:         1111704 kB
Active:           434436 kB
Mem:          3.8G       2.8G       1.1G       5.7M        52M       2.3G

MemTotal:        4016004 kB
MemFree:         1062736 kB
Active:           434448 kB
Mem:          3.8G       2.8G       1.0G       5.7M        52M       2.3G

MemTotal:        4016004 kB
MemFree:         1013892 kB
Active:           434508 kB
Mem:          3.8G       2.9G       989M       5.7M        52M       2.4G

MemTotal:        4016004 kB
MemFree:          965048 kB
Active:           434528 kB
Mem:          3.8G       2.9G       941M       5.7M        52M       2.4G

MemTotal:        4016004 kB
MemFree:          915848 kB
Active:           434592 kB
Mem:          3.8G       3.0G       893M       5.7M        52M       2.5G

MemTotal:        4016004 kB
MemFree:          866924 kB
Active:           434608 kB
Mem:          3.8G       3.0G       845M       5.7M        52M       2.5G

MemTotal:        4016004 kB
MemFree:          818144 kB
Active:           434632 kB
Mem:          3.8G       3.1G       797M       5.7M        52M       2.6G

MemTotal:        4016004 kB
MemFree:          798152 kB
Active:           434620 kB
Mem:          3.8G       3.1G       779M       5.7M        52M       2.6G

MemTotal:        4016004 kB
MemFree:          754208 kB
Active:           434684 kB
Mem:          3.8G       3.1G       735M       5.7M        52M       2.6G

MemTotal:        4016004 kB
MemFree:          720952 kB
Active:           434700 kB
Mem:          3.8G       3.1G       703M       5.7M        52M       2.7G

MemTotal:        4016004 kB
MemFree:          720800 kB
Active:           434680 kB
Mem:          3.8G       3.1G       703M       5.7M        52M       2.7G

MemTotal:        4016004 kB
MemFree:          682348 kB
Active:           434764 kB
Mem:          3.8G       3.2G       665M       5.7M        52M       2.7G

MemTotal:        4016004 kB
MemFree:          650168 kB
Active:           434800 kB
Mem:          3.8G       3.2G       634M       5.7M        52M       2.7G

MemTotal:        4016004 kB
MemFree:          600220 kB
Active:           434868 kB
Mem:          3.8G       3.3G       585M       5.7M        52M       2.8G

MemTotal:        4016004 kB
MemFree:          551796 kB
Active:           434892 kB
Mem:          3.8G       3.3G       538M       5.7M        52M       2.8G

MemTotal:        4016004 kB
MemFree:          502332 kB
Active:           434912 kB
Mem:          3.8G       3.4G       489M       5.7M        52M       2.9G

MemTotal:        4016004 kB
MemFree:          452620 kB
Active:           434936 kB
Mem:          3.8G       3.4G       441M       5.7M        52M       2.9G

MemTotal:        4016004 kB
MemFree:          404024 kB
Active:           434964 kB
Mem:          3.8G       3.4G       393M       5.7M        52M       3.0G

MemTotal:        4016004 kB
MemFree:          354932 kB
Active:           434960 kB
Mem:          3.8G       3.5G       346M       5.7M        53M       3.0G

MemTotal:        4016004 kB
MemFree:          326224 kB
Active:           434888 kB
Mem:          3.8G       3.5G       318M       5.7M        53M       3.0G

MemTotal:        4016004 kB
MemFree:          282792 kB
Active:           434860 kB
Mem:          3.8G       3.6G       275M       5.7M        53M       3.1G

MemTotal:        4016004 kB
MemFree:          235756 kB
Active:           434872 kB
Mem:          3.8G       3.6G       229M       5.7M        53M       3.1G

MemTotal:        4016004 kB
MemFree:          200816 kB
Active:           434900 kB
Mem:          3.8G       3.6G       195M       5.7M        53M       3.2G

MemTotal:        4016004 kB
MemFree:          150996 kB
Active:           434960 kB
Mem:          3.8G       3.7G       146M       5.7M        53M       3.2G

MemTotal:        4016004 kB
MemFree:          143784 kB
Active:           435020 kB
Mem:          3.8G       3.7G       140M       5.7M        53M       3.2G

MemTotal:        4016004 kB
MemFree:          143984 kB
Active:           434984 kB
Mem:          3.8G       3.7G       140M       5.7M        53M       3.2G

MemTotal:        4016004 kB
MemFree:          122772 kB
Active:           433008 kB
Mem:          3.8G       3.7G       119M       5.7M        53M       3.2G

MemTotal:        4016004 kB
MemFree:          122552 kB
Active:           432432 kB
Mem:          3.8G       3.7G       117M       5.7M        20M       3.3G

MemTotal:        4016004 kB
MemFree:          112884 kB
Active:           442360 kB
Mem:          3.8G       3.7G       110M       5.7M        20M       3.3G

MemTotal:        4016004 kB
MemFree:          136580 kB
Active:           487132 kB
Mem:          3.8G       3.7G       131M       5.7M        20M       3.3G

MemTotal:        4016004 kB
MemFree:          109436 kB
Active:           485512 kB
Mem:          3.8G       3.7G       105M       5.7M        20M       3.3G

MemTotal:        4016004 kB
MemFree:          127304 kB
Active:           479104 kB
Mem:          3.8G       3.7G       123M       5.7M        20M       3.3G

MemTotal:        4016004 kB
MemFree:          108964 kB
Active:           475920 kB
Mem:          3.8G       3.7G       104M       5.7M        20M       3.3G

MemTotal:        4016004 kB
MemFree:          126580 kB
Active:           467600 kB
Mem:          3.8G       3.7G       122M       5.7M        20M       3.3G

MemTotal:        4016004 kB
MemFree:          108788 kB
Active:           464788 kB
Mem:          3.8G       3.7G       104M       5.7M        20M       3.3G

MemTotal:        4016004 kB
MemFree:          135412 kB
Active:           461100 kB
Mem:          3.8G       3.7G       132M       5.7M        20M       3.2G

MemTotal:        4016004 kB
MemFree:          135616 kB
Active:           461116 kB
Mem:          3.8G       3.7G       132M       5.7M        20M       3.2G

MemTotal:        4016004 kB
MemFree:          107992 kB
Active:           461076 kB
Mem:          3.8G       3.7G       104M       5.7M        20M       3.3G

MemTotal:        4016004 kB
MemFree:          112376 kB
Active:           454996 kB
Mem:          3.8G       3.7G       109M       5.7M        20M       3.3G

MemTotal:        4016004 kB
MemFree:          124596 kB
Active:           449768 kB
Mem:          3.8G       3.7G       124M       5.7M        20M       3.3G

MemTotal:        4016004 kB
MemFree:          124152 kB
Active:           445576 kB
Mem:          3.8G       3.7G       120M       5.7M        20M       3.3G

MemTotal:        4016004 kB
MemFree:          124040 kB
Active:           443940 kB
Mem:          3.8G       3.7G       119M       5.7M        20M       3.3G

MemTotal:        4016004 kB
MemFree:          135336 kB
Active:           440188 kB
Mem:          3.8G       3.7G       130M       5.7M        20M       3.2G

MemTotal:        4016004 kB
MemFree:          138696 kB
Active:           436068 kB
Mem:          3.8G       3.7G       134M       5.7M        20M       3.2G

MemTotal:        4016004 kB
MemFree:          126532 kB
Active:           434936 kB
Mem:          3.8G       3.7G       122M       5.7M        20M       3.3G

MemTotal:        4016004 kB
MemFree:          124844 kB
Active:           433040 kB
Mem:          3.8G       3.7G       121M       5.7M        20M       3.3G

MemTotal:        4016004 kB
MemFree:          125400 kB
Active:           432040 kB
Mem:          3.8G       3.7G       122M       5.7M        20M       3.3G

MemTotal:        4016004 kB
MemFree:          125840 kB
Active:           430784 kB
Mem:          3.8G       3.7G       122M       5.7M        20M       3.3G

MemTotal:        4016004 kB
MemFree:          110264 kB
Active:           430296 kB
Mem:          3.8G       3.7G       107M       5.7M        20M       3.3G

MemTotal:        4016004 kB
MemFree:          110112 kB
Active:           430296 kB
Mem:          3.8G       3.7G       107M       5.7M        20M       3.3G

MemTotal:        4016004 kB
MemFree:          110708 kB
Active:           430296 kB
Mem:          3.8G       3.7G       107M       5.7M        20M       3.3G

MemTotal:        4016004 kB
MemFree:          130932 kB
Active:           429276 kB
Mem:          3.8G       3.7G       127M       5.7M        20M       3.3G

MemTotal:        4016004 kB
MemFree:          129768 kB
Active:           427256 kB
Mem:          3.8G       3.7G       125M       5.7M        20M       3.3G

MemTotal:        4016004 kB
MemFree:          117752 kB
Active:           426136 kB
Mem:          3.8G       3.7G       114M       5.7M        20M       3.3G

MemTotal:        4016004 kB
MemFree:          124104 kB
Active:           424504 kB
Mem:          3.8G       3.7G       120M       5.7M        20M       3.3G

MemTotal:        4016004 kB
MemFree:          112088 kB
Active:           423380 kB
Mem:          3.8G       3.7G       108M       5.7M        20M       3.3G

MemTotal:        4016004 kB
MemFree:          135256 kB
Active:           421332 kB
Mem:          3.8G       3.7G       131M       5.7M        21M       3.2G

MemTotal:        4016004 kB
MemFree:          134600 kB
Active:           417548 kB
Mem:          3.8G       3.7G       130M       5.7M        21M       3.2G

MemTotal:        4016004 kB
MemFree:          133668 kB
Active:           416040 kB
Mem:          3.8G       3.7G       130M       5.7M        21M       3.2G

MemTotal:        4016004 kB
MemFree:          135704 kB
Active:           414144 kB
Mem:          3.8G       3.7G       132M       5.7M        21M       3.2G

MemTotal:        4016004 kB
MemFree:          124988 kB
Active:           413016 kB
Mem:          3.8G       3.7G       126M       5.7M        21M       3.3G

MemTotal:        4016004 kB
MemFree:          135852 kB
Active:           410860 kB
Mem:          3.8G       3.7G       132M       5.7M        21M       3.2G

MemTotal:        4016004 kB
MemFree:          128244 kB
Active:           409372 kB
Mem:          3.8G       3.7G       125M       5.7M        21M       3.3G

MemTotal:        4016004 kB
MemFree:          136452 kB
Active:           408756 kB
Mem:          3.8G       3.7G       133M       5.7M        21M       3.2G

MemTotal:        4016004 kB
MemFree:          137128 kB
Active:           408756 kB
Mem:          3.8G       3.7G       133M       5.7M        21M       3.2G

MemTotal:        4016004 kB
MemFree:          116556 kB
Active:           408152 kB
Mem:          3.8G       3.7G       112M       5.7M        21M       3.3G

MemTotal:        4016004 kB
MemFree:          127820 kB
Active:           404472 kB
Mem:          3.8G       3.7G       124M       5.7M        21M       3.3G

MemTotal:        4016004 kB
MemFree:          117728 kB
Active:           403072 kB
Mem:          3.8G       3.7G       113M       5.7M        21M       3.3G

MemTotal:        4016004 kB
MemFree:          104844 kB
Active:           401972 kB
Mem:          3.8G       3.7G       124M       5.7M        21M       3.3G

MemTotal:        4016004 kB
MemFree:          126392 kB
Active:           397568 kB
Mem:          3.8G       3.7G       122M       5.7M        21M       3.3G

MemTotal:        4016004 kB
MemFree:          118148 kB
Active:           396012 kB
Mem:          3.8G       3.7G       114M       5.7M        21M       3.3G

MemTotal:        4016004 kB
MemFree:          105420 kB
Active:           394924 kB
Mem:          3.8G       3.7G       102M       5.7M        21M       3.3G

MemTotal:        4016004 kB
MemFree:          125544 kB
Active:           392640 kB
Mem:          3.8G       3.7G       121M       5.7M        21M       3.3G

MemTotal:        4016004 kB
MemFree:          117884 kB
Active:           387120 kB
Mem:          3.8G       3.7G       114M       5.7M        21M       3.3G

MemTotal:        4016004 kB
MemFree:          121852 kB
Active:           385484 kB
Mem:          3.8G       3.7G       118M       5.7M        21M       3.3G

MemTotal:        4016004 kB
MemFree:          106168 kB
Active:           385472 kB
Mem:          3.8G       3.7G       102M       5.7M        21M       3.3G

MemTotal:        4016004 kB
MemFree:          123512 kB
Active:           383316 kB
Mem:          3.8G       3.7G       119M       5.7M        21M       3.3G

MemTotal:        4016004 kB
MemFree:          112392 kB
Active:           382300 kB
Mem:          3.8G       3.7G       108M       5.7M        21M       3.3G

MemTotal:        4016004 kB
MemFree:          130148 kB
Active:           378276 kB
Mem:          3.8G       3.7G       126M       5.7M        21M       3.3G

MemTotal:        4016004 kB
MemFree:          111840 kB
Active:           377152 kB
Mem:          3.8G       3.7G       108M       5.7M        21M       3.3G

MemTotal:        4016004 kB
MemFree:          135148 kB
Active:           374960 kB
Mem:          3.8G       3.7G       131M       5.7M        21M       3.2G

MemTotal:        4016004 kB
MemFree:          134432 kB
Active:           375124 kB
Mem:          3.8G       3.7G       130M       5.7M        21M       3.2G

MemTotal:        4016004 kB
MemFree:          136612 kB
Active:           371704 kB
Mem:          3.8G       3.7G       132M       5.7M        21M       3.2G

MemTotal:        4016004 kB
MemFree:          142700 kB
Active:           370708 kB
Mem:          3.8G       3.7G       138M       5.7M        21M       3.2G

MemTotal:        4016004 kB
MemFree:          130308 kB
Active:           370608 kB
Mem:          3.8G       3.7G       126M       5.7M        21M       3.3G

MemTotal:        4016004 kB
MemFree:          130524 kB
Active:           370632 kB
Mem:          3.8G       3.7G       127M       5.7M        21M       3.2G

MemTotal:        4016004 kB
MemFree:          133908 kB
Active:           370652 kB
Mem:          3.8G       3.7G       129M       5.7M        21M       3.2G

MemTotal:        4016004 kB
MemFree:          132576 kB
Active:           370704 kB
Mem:          3.8G       3.7G       128M       5.7M        21M       3.2G

MemTotal:        4016004 kB
MemFree:          121464 kB
Active:           370728 kB
Mem:          3.8G       3.7G       117M       5.7M        21M       3.3G

MemTotal:        4016004 kB
MemFree:          109576 kB
Active:           370764 kB
Mem:          3.8G       3.7G       106M       5.7M        21M       3.3G

MemTotal:        4016004 kB
MemFree:          133396 kB
Active:           370788 kB
Mem:          3.8G       3.7G       129M       5.7M        21M       3.2G

MemTotal:        4016004 kB
MemFree:          129704 kB
Active:           370768 kB
Mem:          3.8G       3.7G       125M       5.7M        21M       3.3G

MemTotal:        4016004 kB
MemFree:          142712 kB
Active:           370832 kB
Mem:          3.8G       3.7G       138M       5.7M        21M       3.2G

MemTotal:        4016004 kB
MemFree:          130924 kB
Active:           370720 kB
Mem:          3.8G       3.7G       126M       5.7M        21M       3.3G

MemTotal:        4016004 kB
MemFree:          136424 kB
Active:           370724 kB
Mem:          3.8G       3.7G       132M       5.7M        21M       3.2G

MemTotal:        4016004 kB
MemFree:          124472 kB
Active:           370760 kB
Mem:          3.8G       3.7G       120M       5.7M        21M       3.3G

MemTotal:        4016004 kB
MemFree:          111232 kB
Active:           370764 kB
Mem:          3.8G       3.7G       108M       5.7M        21M       3.3G

MemTotal:        4016004 kB
MemFree:          110708 kB
Active:           370752 kB
Mem:          3.8G       3.7G       107M       5.7M        21M       3.3G

MemTotal:        4016004 kB
MemFree:          110868 kB
Active:           370764 kB
Mem:          3.8G       3.7G       108M       5.7M        21M       3.3G

MemTotal:        4016004 kB
MemFree:          104968 kB
Active:           370780 kB
Mem:          3.8G       3.7G       124M       5.7M        21M       3.3G

MemTotal:        4016004 kB
MemFree:          117848 kB
Active:           370828 kB
Mem:          3.8G       3.7G       114M       5.7M        21M       3.3G

MemTotal:        4016004 kB
MemFree:          105336 kB
Active:           370816 kB
Mem:          3.8G       3.7G       125M       5.7M        21M       3.3G

MemTotal:        4016004 kB
MemFree:          118232 kB
Active:           370700 kB
Mem:          3.8G       3.7G       114M       5.7M        22M       3.3G

MemTotal:        4016004 kB
MemFree:          105984 kB
Active:           370696 kB
Mem:          3.8G       3.7G       102M       5.7M        22M       3.3G

MemTotal:        4016004 kB
MemFree:          117652 kB
Active:           370692 kB
Mem:          3.8G       3.7G       114M       5.7M        22M       3.3G

MemTotal:        4016004 kB
MemFree:          105512 kB
Active:           370776 kB
Mem:          3.8G       3.7G       102M       5.7M        22M       3.3G

MemTotal:        4016004 kB
MemFree:          123144 kB
Active:           370800 kB
Mem:          3.8G       3.7G       119M       5.7M        22M       3.3G

MemTotal:        4016004 kB
MemFree:          126484 kB
Active:           370780 kB
Mem:          3.8G       3.7G       133M       5.7M        22M       3.2G

MemTotal:        4016004 kB
MemFree:          125752 kB
Active:           370848 kB
Mem:          3.8G       3.7G       121M       5.7M        22M       3.3G

MemTotal:        4016004 kB
MemFree:          126540 kB
Active:           370832 kB
Mem:          3.8G       3.7G       121M       5.7M        22M       3.3G

MemTotal:        4016004 kB
MemFree:          122952 kB
Active:           370884 kB
Mem:          3.8G       3.7G       119M       5.7M        22M       3.3G

MemTotal:        4016004 kB
MemFree:          134924 kB
Active:           370912 kB
Mem:          3.8G       3.7G       130M       5.7M        22M       3.2G

MemTotal:        4016004 kB
MemFree:          131888 kB
Active:           370932 kB
Mem:          3.8G       3.7G       128M       5.7M        22M       3.2G

MemTotal:        4016004 kB
MemFree:          131988 kB
Active:           372988 kB
Mem:          3.8G       3.7G       128M       5.7M        22M       3.2G

MemTotal:        4016004 kB
MemFree:          122424 kB
Active:           372212 kB
Mem:          3.8G       3.7G       118M       5.7M        22M       3.3G

MemTotal:        4016004 kB
MemFree:          121816 kB
Active:           372116 kB
Mem:          3.8G       3.7G       117M       5.7M        22M       3.3G

MemTotal:        4016004 kB
MemFree:          109180 kB
Active:           372144 kB
Mem:          3.8G       3.7G       105M       5.7M        22M       3.3G

MemTotal:        4016004 kB
MemFree:          133388 kB
Active:           372148 kB
Mem:          3.8G       3.7G       129M       5.7M        22M       3.2G

MemTotal:        4016004 kB
MemFree:          137012 kB
Active:           372040 kB
Mem:          3.8G       3.7G       132M       5.7M        22M       3.2G

MemTotal:        4016004 kB
MemFree:          141984 kB
Active:           372012 kB
Mem:          3.8G       3.7G       137M       5.7M        22M       3.2G

MemTotal:        4016004 kB
MemFree:          122088 kB
Active:           371172 kB
Mem:          3.8G       3.7G       119M       5.7M        22M       3.3G

MemTotal:        4016004 kB
MemFree:          121716 kB
Active:           371228 kB
Mem:          3.8G       3.7G       118M       5.7M        22M       3.3G

MemTotal:        4016004 kB
MemFree:          121688 kB
Active:           371216 kB
Mem:          3.8G       3.7G       118M       5.7M        22M       3.3G

MemTotal:        4016004 kB
MemFree:          108324 kB
Active:           371232 kB
Mem:          3.8G       3.7G       105M       5.7M        22M       3.3G

MemTotal:        4016004 kB
MemFree:          107068 kB
Active:           371128 kB
Mem:          3.8G       3.7G       104M       5.7M        22M       3.3G

MemTotal:        4016004 kB
MemFree:          142552 kB
Active:           371008 kB
Mem:          3.8G       3.7G       138M       5.7M        22M       3.2G

MemTotal:        4016004 kB
MemFree:          135768 kB
Active:           371016 kB
Mem:          3.8G       3.7G       131M       5.7M        22M       3.2G

MemTotal:        4016004 kB
MemFree:          132960 kB
Active:           368360 kB
Mem:          3.8G       3.7G       128M       5.7M        22M       3.2G

MemTotal:        4016004 kB
MemFree:          119752 kB
Active:           368228 kB
Mem:          3.8G       3.7G       116M       5.7M        22M       3.3G

MemTotal:        4016004 kB
MemFree:          107876 kB
Active:           368660 kB
Mem:          3.8G       3.7G       104M       5.7M        22M       3.3G

MemTotal:        4016004 kB
MemFree:          135176 kB
Active:           368652 kB
Mem:          3.8G       3.7G       132M       5.7M        22M       3.2G

MemTotal:        4016004 kB
MemFree:          114796 kB
Active:           368668 kB
Mem:          3.8G       3.7G       111M       5.7M        22M       3.3G

MemTotal:        4016004 kB
MemFree:          126372 kB
Active:           368716 kB
Mem:          3.8G       3.7G       122M       5.7M        22M       3.3G

MemTotal:        4016004 kB
MemFree:          108044 kB
Active:           368708 kB
Mem:          3.8G       3.7G       104M       5.7M        22M       3.3G

MemTotal:        4016004 kB
MemFree:          133092 kB
Active:           368760 kB
Mem:          3.8G       3.7G       128M       5.7M        22M       3.2G

MemTotal:        4016004 kB
MemFree:          136132 kB
Active:           368780 kB
Mem:          3.8G       3.7G       132M       5.7M        22M       3.2G

MemTotal:        4016004 kB
MemFree:          135608 kB
Active:           368764 kB
Mem:          3.8G       3.7G       132M       5.7M        22M       3.2G

MemTotal:        4016004 kB
MemFree:          135924 kB
Active:           370872 kB
Mem:          3.8G       3.7G       132M       5.7M        22M       3.2G

MemTotal:        4016004 kB
MemFree:          125384 kB
Active:           370320 kB
Mem:          3.8G       3.7G       121M       5.7M        22M       3.3G

MemTotal:        4016004 kB
MemFree:          105032 kB
Active:           366232 kB
Mem:          3.8G       3.7G       124M       5.7M        22M       3.2G

MemTotal:        4016004 kB
MemFree:          117196 kB
Active:           366232 kB
Mem:          3.8G       3.7G       113M       5.7M        22M       3.3G

MemTotal:        4016004 kB
MemFree:          105304 kB
Active:           366272 kB
Mem:          3.8G       3.7G       124M       5.7M        22M       3.2G

MemTotal:        4016004 kB
MemFree:          120444 kB
Active:           366152 kB
Mem:          3.8G       3.7G       116M       5.7M        22M       3.3G

MemTotal:        4016004 kB
MemFree:          107312 kB
Active:           366212 kB
Mem:          3.8G       3.7G       104M       5.7M        22M       3.3G

MemTotal:        4016004 kB
MemFree:          105932 kB
Active:           366212 kB
Mem:          3.8G       3.7G       102M       5.7M        22M       3.3G

MemTotal:        4016004 kB
MemFree:          135424 kB
Active:           366268 kB
Mem:          3.8G       3.7G       132M       5.7M        22M       3.2G

MemTotal:        4016004 kB
MemFree:          135732 kB
Active:           364836 kB
Mem:          3.8G       3.7G       132M       5.7M        22M       3.2G

MemTotal:        4016004 kB
MemFree:          130272 kB
Active:           364780 kB
Mem:          3.8G       3.7G       125M       5.7M        22M       3.2G

MemTotal:        4016004 kB
MemFree:          116508 kB
Active:           364796 kB
Mem:          3.8G       3.7G       112M       5.7M        22M       3.3G

MemTotal:        4016004 kB
MemFree:          105052 kB
Active:           364804 kB
Mem:          3.8G       3.7G       124M       5.7M        22M       3.2G

MemTotal:        4016004 kB
MemFree:          113040 kB
Active:           366908 kB
Mem:          3.8G       3.7G       109M       5.7M        22M       3.3G

MemTotal:        4016004 kB
MemFree:          124788 kB
Active:           366032 kB
Mem:          3.8G       3.7G       132M       5.7M        23M       3.2G

MemTotal:        4016004 kB
MemFree:          136944 kB
Active:           366040 kB
Mem:          3.8G       3.7G       132M       5.7M        23M       3.2G

MemTotal:        4016004 kB
MemFree:          125088 kB
Active:           366068 kB
Mem:          3.8G       3.7G       121M       5.7M        23M       3.2G

MemTotal:        4016004 kB
MemFree:          125116 kB
Active:           366104 kB
Mem:          3.8G       3.7G       121M       5.7M        23M       3.2G

MemTotal:        4016004 kB
MemFree:          125796 kB
Active:           364492 kB
Mem:          3.8G       3.7G       122M       5.7M        23M       3.2G

MemTotal:        4016004 kB
MemFree:          114028 kB
Active:           364492 kB
Mem:          3.8G       3.7G       110M       5.7M        23M       3.3G

MemTotal:        4016004 kB
MemFree:          126096 kB
Active:           364496 kB
Mem:          3.8G       3.7G       121M       5.7M        23M       3.2G

MemTotal:        4016004 kB
MemFree:          124280 kB
Active:           364436 kB
Mem:          3.8G       3.7G       131M       5.7M        23M       3.2G

MemTotal:        4016004 kB
MemFree:          122980 kB
Active:           364448 kB
Mem:          3.8G       3.7G       118M       5.7M        23M       3.2G

MemTotal:        4016004 kB
MemFree:          122404 kB
Active:           364488 kB
Mem:          3.8G       3.7G       118M       5.7M        23M       3.2G

MemTotal:        4016004 kB
MemFree:          105580 kB
Active:           364520 kB
Mem:          3.8G       3.7G       102M       5.7M        23M       3.3G

MemTotal:        4016004 kB
MemFree:          131848 kB
Active:           364540 kB
Mem:          3.8G       3.7G       128M       5.7M        23M       3.2G

MemTotal:        4016004 kB
MemFree:          120332 kB
Active:           364544 kB
Mem:          3.8G       3.7G       116M       5.7M        23M       3.3G

MemTotal:        4016004 kB
MemFree:          130604 kB
Active:           364548 kB
Mem:          3.8G       3.7G       127M       5.7M        23M       3.2G

MemTotal:        4016004 kB
MemFree:          141420 kB
Active:           358916 kB
Mem:          3.8G       3.7G       137M       5.7M        23M       3.2G

MemTotal:        4016004 kB
MemFree:          129684 kB
Active:           358756 kB
Mem:          3.8G       3.7G       125M       5.7M        23M       3.2G

MemTotal:        4016004 kB
MemFree:          115372 kB
Active:           358772 kB
Mem:          3.8G       3.7G       111M       5.7M        23M       3.3G

MemTotal:        4016004 kB
MemFree:          113276 kB
Active:           358760 kB
Mem:          3.8G       3.7G       109M       5.7M        23M       3.3G

MemTotal:        4016004 kB
MemFree:          125736 kB
Active:           360844 kB
Mem:          3.8G       3.7G       121M       5.7M        23M       3.2G

MemTotal:        4016004 kB
MemFree:          131176 kB
Active:           360264 kB
Mem:          3.8G       3.7G       127M       5.7M        23M       3.2G

MemTotal:        4016004 kB
MemFree:          129740 kB
Active:           360292 kB
Mem:          3.8G       3.7G       125M       5.7M        23M       3.2G

MemTotal:        4016004 kB
MemFree:          115704 kB
Active:           360276 kB
Mem:          3.8G       3.7G       112M       5.7M        23M       3.3G

MemTotal:        4016004 kB
MemFree:          127788 kB
Active:           360316 kB
Mem:          3.8G       3.7G       124M       5.7M        23M       3.2G

MemTotal:        4016004 kB
MemFree:          126832 kB
Active:           360332 kB
Mem:          3.8G       3.7G       123M       5.7M        23M       3.2G

MemTotal:        4016004 kB
MemFree:          120036 kB
Active:           360352 kB
Mem:          3.8G       3.7G       116M       5.7M        23M       3.2G

MemTotal:        4016004 kB
MemFree:          131704 kB
Active:           360340 kB
Mem:          3.8G       3.7G       127M       5.7M        23M       3.2G

MemTotal:        4016004 kB
MemFree:          108092 kB
Active:           359568 kB
Mem:          3.8G       3.7G       104M       5.7M        23M       3.3G

MemTotal:        4016004 kB
MemFree:          135560 kB
Active:           356768 kB
Mem:          3.8G       3.7G       131M       5.7M        23M       3.2G

MemTotal:        4016004 kB
MemFree:          141928 kB
Active:           356676 kB
Mem:          3.8G       3.7G       137M       5.7M        23M       3.2G

MemTotal:        4016004 kB
MemFree:          129168 kB
Active:           356700 kB
Mem:          3.8G       3.7G       125M       5.7M        23M       3.2G

MemTotal:        4016004 kB
MemFree:          117028 kB
Active:           356572 kB
Mem:          3.8G       3.7G       114M       5.7M        23M       3.3G

MemTotal:        4016004 kB
MemFree:          120012 kB
Active:           356616 kB
Mem:          3.8G       3.7G       115M       5.7M        23M       3.2G

MemTotal:        4016004 kB
MemFree:          123832 kB
Active:           356612 kB
Mem:          3.8G       3.7G       120M       5.7M        23M       3.2G

MemTotal:        4016004 kB
MemFree:          127148 kB
Active:           356660 kB
Mem:          3.8G       3.7G       123M       5.7M        23M       3.2G

MemTotal:        4016004 kB
MemFree:          109712 kB
Active:           356680 kB
Mem:          3.8G       3.7G       105M       5.7M        23M       3.3G

MemTotal:        4016004 kB
MemFree:          127024 kB
Active:           356684 kB
Mem:          3.8G       3.7G       122M       5.7M        23M       3.2G

MemTotal:        4016004 kB
MemFree:          115868 kB
Active:           356732 kB
Mem:          3.8G       3.7G       111M       5.7M        23M       3.3G

MemTotal:        4016004 kB
MemFree:          116284 kB
Active:           356748 kB
Mem:          3.8G       3.7G       112M       5.7M        23M       3.3G

MemTotal:        4016004 kB
MemFree:          128160 kB
Active:           356740 kB
Mem:          3.8G       3.7G       124M       5.7M        23M       3.2G

MemTotal:        4016004 kB
MemFree:          110372 kB
Active:           356816 kB
Mem:          3.8G       3.7G       106M       5.7M        23M       3.3G

MemTotal:        4016004 kB
MemFree:          124728 kB
Active:           354548 kB
Mem:          3.8G       3.7G       131M       5.7M        23M       3.2G

MemTotal:        4016004 kB
MemFree:          137180 kB
Active:           354444 kB
Mem:          3.8G       3.7G       133M       5.7M        23M       3.2G

MemTotal:        4016004 kB
MemFree:          115028 kB
Active:           354480 kB
Mem:          3.8G       3.7G       112M       5.7M        23M       3.3G

MemTotal:        4016004 kB
MemFree:          133804 kB
Active:           355800 kB
Mem:          3.8G       3.7G       130M       5.7M        23M       3.2G

MemTotal:        4016004 kB
MemFree:          132436 kB
Active:           355664 kB
Mem:          3.8G       3.7G       128M       5.7M        23M       3.2G

MemTotal:        4016004 kB
MemFree:          108800 kB
Active:           355652 kB
Mem:          3.8G       3.7G       104M       5.7M        23M       3.3G

MemTotal:        4016004 kB
MemFree:          126340 kB
Active:           355672 kB
Mem:          3.8G       3.7G       122M       5.7M        24M       3.2G

MemTotal:        4016004 kB
MemFree:          137832 kB
Active:           355720 kB
Mem:          3.8G       3.7G       133M       5.7M        24M       3.2G

MemTotal:        4016004 kB
MemFree:          137844 kB
Active:           355704 kB
Mem:          3.8G       3.7G       133M       5.7M        24M       3.2G

MemTotal:        4016004 kB
MemFree:          142816 kB
Active:           355768 kB
Mem:          3.8G       3.7G       138M       5.7M        24M       3.2G

MemTotal:        4016004 kB
MemFree:          130416 kB
Active:           355788 kB
Mem:          3.8G       3.7G       126M       5.7M        24M       3.2G

MemTotal:        4016004 kB
MemFree:          130616 kB
Active:           355836 kB
Mem:          3.8G       3.7G       126M       5.7M        24M       3.2G

MemTotal:        4016004 kB
MemFree:          110116 kB
Active:           353056 kB
Mem:          3.8G       3.7G       107M       5.7M        24M       3.3G

MemTotal:        4016004 kB
MemFree:          118592 kB
Active:           353088 kB
Mem:          3.8G       3.7G       115M       5.7M        24M       3.2G

MemTotal:        4016004 kB
MemFree:          112352 kB
Active:           353060 kB
Mem:          3.8G       3.7G       108M       5.7M        24M       3.2G

MemTotal:        4016004 kB
MemFree:          124892 kB
Active:           353108 kB
Mem:          3.8G       3.7G       120M       5.7M        24M       3.2G

MemTotal:        4016004 kB
MemFree:          120304 kB
Active:           353088 kB
Mem:          3.8G       3.7G       117M       5.7M        24M       3.2G

MemTotal:        4016004 kB
MemFree:          133536 kB
Active:           353096 kB
Mem:          3.8G       3.7G       129M       5.7M        24M       3.2G

MemTotal:        4016004 kB
MemFree:          134004 kB
Active:           353008 kB
Mem:          3.8G       3.7G       130M       5.7M        24M       3.2G

MemTotal:        4016004 kB
MemFree:          122484 kB
Active:           353016 kB
Mem:          3.8G       3.7G       118M       5.7M        24M       3.2G

MemTotal:        4016004 kB
MemFree:          109476 kB
Active:           353064 kB
Mem:          3.8G       3.7G       106M       5.7M        24M       3.3G

MemTotal:        4016004 kB
MemFree:          108992 kB
Active:           353088 kB
Mem:          3.8G       3.7G       105M       5.7M        24M       3.3G

MemTotal:        4016004 kB
MemFree:          108772 kB
Active:           353100 kB
Mem:          3.8G       3.7G       105M       5.7M        24M       3.3G

MemTotal:        4016004 kB
MemFree:          132736 kB
Active:           353152 kB
Mem:          3.8G       3.7G       128M       5.7M        24M       3.2G

MemTotal:        4016004 kB
MemFree:          136660 kB
Active:           353152 kB
Mem:          3.8G       3.7G       133M       5.7M        24M       3.2G

MemTotal:        4016004 kB
MemFree:          123484 kB
Active:           353172 kB
Mem:          3.8G       3.7G       120M       5.7M        24M       3.2G

MemTotal:        4016004 kB
MemFree:          122880 kB
Active:           353204 kB
Mem:          3.8G       3.7G       120M       5.7M        24M       3.2G

MemTotal:        4016004 kB
MemFree:          122636 kB
Active:           353204 kB
Mem:          3.8G       3.7G       120M       5.7M        24M       3.2G

MemTotal:        4016004 kB
MemFree:          128312 kB
Active:           353160 kB
Mem:          3.8G       3.7G       124M       5.7M        24M       3.2G

MemTotal:        4016004 kB
MemFree:          116064 kB
Active:           356204 kB
Mem:          3.8G       3.7G       112M       5.7M        24M       3.2G

MemTotal:        4016004 kB
MemFree:          127748 kB
Active:           355436 kB
Mem:          3.8G       3.7G       124M       5.7M        24M       3.2G

MemTotal:        4016004 kB
MemFree:          109160 kB
Active:           355436 kB
Mem:          3.8G       3.7G       105M       5.7M        24M       3.3G

MemTotal:        4016004 kB
MemFree:          121192 kB
Active:           351660 kB
Mem:          3.8G       3.7G       117M       5.7M        24M       3.2G

MemTotal:        4016004 kB
MemFree:          109812 kB
Active:           351696 kB
Mem:          3.8G       3.7G       106M       5.7M        24M       3.2G

MemTotal:        4016004 kB
MemFree:          122720 kB
Active:           351728 kB
Mem:          3.8G       3.7G       118M       5.7M        24M       3.2G

MemTotal:        4016004 kB
MemFree:          128112 kB
Active:           351720 kB
Mem:          3.8G       3.7G       124M       5.7M        24M       3.2G

MemTotal:        4016004 kB
MemFree:          125040 kB
Active:           351776 kB
Mem:          3.8G       3.7G       131M       5.7M        24M       3.2G

MemTotal:        4016004 kB
MemFree:          118776 kB
Active:           351680 kB
Mem:          3.8G       3.7G       114M       5.7M        24M       3.2G

MemTotal:        4016004 kB
MemFree:          106016 kB
Active:           351704 kB
Mem:          3.8G       3.7G       103M       5.7M        24M       3.3G

MemTotal:        4016004 kB
MemFree:          124000 kB
Active:           351592 kB
Mem:          3.8G       3.7G       120M       5.7M        24M       3.2G

MemTotal:        4016004 kB
MemFree:          112068 kB
Active:           351628 kB
Mem:          3.8G       3.7G       108M       5.7M        24M       3.2G

MemTotal:        4016004 kB
MemFree:          116888 kB
Active:           351504 kB
Mem:          3.8G       3.7G       114M       5.7M        24M       3.2G

MemTotal:        4016004 kB
MemFree:          117288 kB
Active:           351408 kB
Mem:          3.8G       3.7G       114M       5.7M        24M       3.2G

MemTotal:        4016004 kB
MemFree:          117532 kB
Active:           351320 kB
Mem:          3.8G       3.7G       114M       5.7M        24M       3.2G

MemTotal:        4016004 kB
MemFree:          117448 kB
Active:           351312 kB
Mem:          3.8G       3.7G       114M       5.7M        24M       3.2G

MemTotal:        4016004 kB
MemFree:          117696 kB
Active:           351316 kB
Mem:          3.8G       3.7G       114M       5.7M        24M       3.2G

MemTotal:        4016004 kB
MemFree:          117820 kB
Active:           351360 kB
Mem:          3.8G       3.7G       114M       5.7M        24M       3.2G

MemTotal:        4016004 kB
MemFree:          117572 kB
Active:           351340 kB
Mem:          3.8G       3.7G       114M       5.7M        24M       3.2G

MemTotal:        4016004 kB
MemFree:          117680 kB
Active:           351328 kB
Mem:          3.8G       3.7G       114M       5.7M        24M       3.2G

MemTotal:        4016004 kB
MemFree:          117696 kB
Active:           351332 kB
Mem:          3.8G       3.7G       114M       5.7M        24M       3.2G

MemTotal:        4016004 kB
MemFree:          117572 kB
Active:           351344 kB
Mem:          3.8G       3.7G       114M       5.7M        24M       3.2G

MemTotal:        4016004 kB
MemFree:          117820 kB
Active:           351360 kB
Mem:          3.8G       3.7G       114M       5.7M        24M       3.2G

MemTotal:        4016004 kB
MemFree:          117696 kB
Active:           351340 kB
Mem:          3.8G       3.7G       114M       5.7M        24M       3.2G

MemTotal:        4016004 kB
MemFree:          117696 kB
Active:           351356 kB
Mem:          3.8G       3.7G       114M       5.7M        24M       3.2G

MemTotal:        4016004 kB
MemFree:          117448 kB
Active:           351372 kB
Mem:          3.8G       3.7G       114M       5.7M        24M       3.2G

MemTotal:        4016004 kB
MemFree:          117572 kB
Active:           351352 kB
Mem:          3.8G       3.7G       114M       5.7M        24M       3.2G

MemTotal:        4016004 kB
MemFree:          117572 kB
Active:           351348 kB
Mem:          3.8G       3.7G       114M       5.7M        24M       3.2G

MemTotal:        4016004 kB
MemFree:          117696 kB
Active:           351356 kB
Mem:          3.8G       3.7G       114M       5.7M        24M       3.2G

MemTotal:        4016004 kB
MemFree:          117572 kB
Active:           351348 kB
Mem:          3.8G       3.7G       114M       5.7M        24M       3.2G

MemTotal:        4016004 kB
MemFree:          117572 kB
Active:           351388 kB
Mem:          3.8G       3.7G       114M       5.7M        24M       3.2G

MemTotal:        4016004 kB
MemFree:          117696 kB
Active:           351356 kB
Mem:          3.8G       3.7G       114M       5.7M        24M       3.2G

MemTotal:        4016004 kB
MemFree:          115648 kB
Active:           351388 kB
Mem:          3.8G       3.7G       112M       5.7M        24M       3.2G

MemTotal:        4016004 kB
MemFree:          115524 kB
Active:           351360 kB
Mem:          3.8G       3.7G       112M       5.7M        24M       3.2G

MemTotal:        4016004 kB
MemFree:          115648 kB
Active:           351388 kB
Mem:          3.8G       3.7G       112M       5.7M        24M       3.2G

MemTotal:        4016004 kB
MemFree:          115648 kB
Active:           351352 kB
Mem:          3.8G       3.7G       112M       5.7M        24M       3.2G

MemTotal:        4016004 kB
MemFree:          115524 kB
Active:           351376 kB
Mem:          3.8G       3.7G       112M       5.7M        24M       3.2G

MemTotal:        4016004 kB
MemFree:          115524 kB
Active:           351404 kB
Mem:          3.8G       3.7G       112M       5.7M        24M       3.2G

MemTotal:        4016004 kB
MemFree:          115524 kB
Active:           351400 kB
Mem:          3.8G       3.7G       112M       5.7M        24M       3.2G

MemTotal:        4016004 kB
MemFree:          115524 kB
Active:           351368 kB
Mem:          3.8G       3.7G       112M       5.7M        24M       3.2G

MemTotal:        4016004 kB
MemFree:          115556 kB
Active:           351424 kB
Mem:          3.8G       3.7G       112M       5.7M        24M       3.2G

MemTotal:        4016004 kB
MemFree:          115496 kB
Active:           351404 kB
Mem:          3.8G       3.7G       112M       5.7M        24M       3.2G

MemTotal:        4016004 kB
MemFree:          115496 kB
Active:           351424 kB
Mem:          3.8G       3.7G       112M       5.7M        24M       3.2G

MemTotal:        4016004 kB
MemFree:          115248 kB
Active:           351432 kB
Mem:          3.8G       3.7G       112M       5.7M        24M       3.2G

MemTotal:        4016004 kB
MemFree:          115124 kB
Active:           351432 kB
Mem:          3.8G       3.7G       112M       5.7M        24M       3.2G

MemTotal:        4016004 kB
MemFree:          115496 kB
Active:           351440 kB
Mem:          3.8G       3.7G       112M       5.7M        24M       3.2G

MemTotal:        4016004 kB
MemFree:          115372 kB
Active:           351412 kB
Mem:          3.8G       3.7G       112M       5.7M        24M       3.2G

MemTotal:        4016004 kB
MemFree:          115620 kB
Active:           351384 kB
Mem:          3.8G       3.7G       112M       5.7M        24M       3.2G

MemTotal:        4016004 kB
MemFree:          115620 kB
Active:           351432 kB
Mem:          3.8G       3.7G       112M       5.7M        24M       3.2G

MemTotal:        4016004 kB
MemFree:          115620 kB
Active:           351412 kB
Mem:          3.8G       3.7G       112M       5.7M        24M       3.2G

MemTotal:        4016004 kB
MemFree:          115496 kB
Active:           351440 kB
Mem:          3.8G       3.7G       112M       5.7M        24M       3.2G

MemTotal:        4016004 kB
MemFree:          115496 kB
Active:           351400 kB
Mem:          3.8G       3.7G       112M       5.7M        24M       3.2G

MemTotal:        4016004 kB
MemFree:          115496 kB
Active:           351440 kB
Mem:          3.8G       3.7G       112M       5.7M        24M       3.2G

MemTotal:        4016004 kB
MemFree:          115496 kB
Active:           351424 kB
Mem:          3.8G       3.7G       112M       5.7M        24M       3.2G

MemTotal:        4016004 kB
MemFree:          115124 kB
Active:           351448 kB
Mem:          3.8G       3.7G       112M       5.7M        24M       3.2G

MemTotal:        4016004 kB
MemFree:          115496 kB
Active:           351432 kB
Mem:          3.8G       3.7G       112M       5.7M        24M       3.2G

MemTotal:        4016004 kB
MemFree:          115372 kB
Active:           351448 kB
Mem:          3.8G       3.7G       112M       5.7M        24M       3.2G

MemTotal:        4016004 kB
MemFree:          115372 kB
Active:           351424 kB
Mem:          3.8G       3.7G       112M       5.7M        24M       3.2G

MemTotal:        4016004 kB
MemFree:          115372 kB
Active:           351460 kB
Mem:          3.8G       3.7G       112M       5.7M        24M       3.2G

MemTotal:        4016004 kB
MemFree:          115248 kB
Active:           351464 kB
Mem:          3.8G       3.7G       112M       5.7M        24M       3.2G

MemTotal:        4016004 kB
MemFree:          115388 kB
Active:           351464 kB
Mem:          3.8G       3.7G       112M       5.7M        24M       3.2G

MemTotal:        4016004 kB
MemFree:          115264 kB
Active:           351456 kB
Mem:          3.8G       3.7G       112M       5.7M        24M       3.2G

MemTotal:        4016004 kB
MemFree:          115264 kB
Active:           353492 kB
Mem:          3.8G       3.7G       112M       5.7M        24M       3.2G

MemTotal:        4016004 kB
MemFree:          111908 kB
Active:           356372 kB
Mem:          3.8G       3.7G       109M       5.7M        26M       3.2G

MemTotal:        4016004 kB
MemFree:          112536 kB
Active:           355768 kB
Mem:          3.8G       3.7G       109M       5.7M        26M       3.2G

MemTotal:        4016004 kB
MemFree:          111916 kB
Active:           355820 kB
Mem:          3.8G       3.7G       109M       5.7M        26M       3.2G

MemTotal:        4016004 kB
MemFree:          112412 kB
Active:           355788 kB
Mem:          3.8G       3.7G       109M       5.7M        26M       3.2G

MemTotal:        4016004 kB
MemFree:          112288 kB
Active:           355788 kB
Mem:          3.8G       3.7G       109M       5.7M        26M       3.2G

MemTotal:        4016004 kB
MemFree:          112288 kB
Active:           355808 kB
Mem:          3.8G       3.7G       109M       5.7M        26M       3.2G

MemTotal:        4016004 kB
MemFree:          112412 kB
Active:           355816 kB
Mem:          3.8G       3.7G       109M       5.7M        26M       3.2G

MemTotal:        4016004 kB
MemFree:          112288 kB
Active:           355796 kB
Mem:          3.8G       3.7G       109M       5.7M        26M       3.2G

MemTotal:        4016004 kB
MemFree:          111916 kB
Active:           355836 kB
Mem:          3.8G       3.7G       109M       5.7M        26M       3.2G

MemTotal:        4016004 kB
MemFree:          112412 kB
Active:           355832 kB
Mem:          3.8G       3.7G       109M       5.7M        26M       3.2G

MemTotal:        4016004 kB
MemFree:          112288 kB
Active:           355836 kB
Mem:          3.8G       3.7G       109M       5.7M        26M       3.2G

MemTotal:        4016004 kB
MemFree:          112272 kB
Active:           355836 kB
Mem:          3.8G       3.7G       109M       5.7M        26M       3.2G

MemTotal:        4016004 kB
MemFree:          112396 kB
Active:           355820 kB
Mem:          3.8G       3.7G       109M       5.7M        26M       3.2G

MemTotal:        4016004 kB
MemFree:          112396 kB
Active:           355848 kB
Mem:          3.8G       3.7G       109M       5.7M        26M       3.2G

MemTotal:        4016004 kB
MemFree:          112272 kB
Active:           355812 kB
Mem:          3.8G       3.7G       109M       5.7M        26M       3.2G

MemTotal:        4016004 kB
MemFree:          112272 kB
Active:           355848 kB
Mem:          3.8G       3.7G       109M       5.7M        26M       3.2G

MemTotal:        4016004 kB
MemFree:          111900 kB
Active:           355852 kB
Mem:          3.8G       3.7G       109M       5.7M        26M       3.2G

MemTotal:        4016004 kB
MemFree:          112024 kB
Active:           355856 kB
Mem:          3.8G       3.7G       109M       5.7M        26M       3.2G

MemTotal:        4016004 kB
MemFree:          112148 kB
Active:           355840 kB
Mem:          3.8G       3.7G       109M       5.7M        26M       3.2G

MemTotal:        4016004 kB
MemFree:          112148 kB
Active:           355864 kB
Mem:          3.8G       3.7G       109M       5.7M        27M       3.2G

MemTotal:        4016004 kB
MemFree:          111900 kB
Active:           355988 kB
Mem:          3.8G       3.7G       109M       5.7M        27M       3.2G

MemTotal:        4016004 kB
MemFree:          112024 kB
Active:           355960 kB
Mem:          3.8G       3.7G       109M       5.7M        27M       3.2G

MemTotal:        4016004 kB
MemFree:          111512 kB
Active:           356052 kB
Mem:          3.8G       3.7G       109M       5.7M        27M       3.2G

MemTotal:        4016004 kB
MemFree:          111884 kB
Active:           356048 kB
Mem:          3.8G       3.7G       109M       5.7M        27M       3.2G

MemTotal:        4016004 kB
MemFree:          112132 kB
Active:           356032 kB
Mem:          3.8G       3.7G       109M       5.7M        27M       3.2G

MemTotal:        4016004 kB
MemFree:          112132 kB
Active:           356028 kB
Mem:          3.8G       3.7G       109M       5.7M        27M       3.2G

MemTotal:        4016004 kB
MemFree:          111636 kB
Active:           356064 kB
Mem:          3.8G       3.7G       109M       5.7M        27M       3.2G

MemTotal:        4016004 kB
MemFree:          112132 kB
Active:           356036 kB
Mem:          3.8G       3.7G       109M       5.7M        27M       3.2G

MemTotal:        4016004 kB
MemFree:          112132 kB
Active:           356064 kB
Mem:          3.8G       3.7G       109M       5.7M        27M       3.2G

MemTotal:        4016004 kB
MemFree:          111636 kB
Active:           356068 kB
Mem:          3.8G       3.7G       109M       5.7M        27M       3.2G

MemTotal:        4016004 kB
MemFree:          112008 kB
Active:           356032 kB
Mem:          3.8G       3.7G       109M       5.7M        27M       3.2G

MemTotal:        4016004 kB
MemFree:          111636 kB
Active:           356068 kB
Mem:          3.8G       3.7G       109M       5.7M        27M       3.2G

MemTotal:        4016004 kB
MemFree:          112008 kB
Active:           356036 kB
Mem:          3.8G       3.7G       109M       5.7M        27M       3.2G

MemTotal:        4016004 kB
MemFree:          111884 kB
Active:           356068 kB
Mem:          3.8G       3.7G       109M       5.7M        27M       3.2G

MemTotal:        4016004 kB
MemFree:          112008 kB
Active:           356036 kB
Mem:          3.8G       3.7G       109M       5.7M        27M       3.2G

MemTotal:        4016004 kB
MemFree:          112008 kB
Active:           356076 kB
Mem:          3.8G       3.7G       109M       5.7M        27M       3.2G

MemTotal:        4016004 kB
MemFree:          111884 kB
Active:           356076 kB
Mem:          3.8G       3.7G       109M       5.7M        27M       3.2G

MemTotal:        4016004 kB
MemFree:          112024 kB
Active:           356040 kB
Mem:          3.8G       3.7G       109M       5.7M        27M       3.2G

MemTotal:        4016004 kB
MemFree:          112024 kB
Active:           356044 kB
Mem:          3.8G       3.7G       109M       5.7M        27M       3.2G

MemTotal:        4016004 kB
MemFree:          112024 kB
Active:           356068 kB
Mem:          3.8G       3.7G       109M       5.7M        27M       3.2G

MemTotal:        4016004 kB
MemFree:          112024 kB
Active:           356072 kB
Mem:          3.8G       3.7G       109M       5.7M        27M       3.2G

MemTotal:        4016004 kB
MemFree:          112024 kB
Active:           356060 kB
Mem:          3.8G       3.7G       109M       5.7M        27M       3.2G

MemTotal:        4016004 kB
MemFree:          112024 kB
Active:           356036 kB
Mem:          3.8G       3.7G       109M       5.7M        27M       3.2G

MemTotal:        4016004 kB
MemFree:          112024 kB
Active:           356028 kB
Mem:          3.8G       3.7G       109M       5.7M        27M       3.2G

MemTotal:        4016004 kB
MemFree:          111652 kB
Active:           356080 kB
Mem:          3.8G       3.7G       109M       5.7M        27M       3.2G

MemTotal:        4016004 kB
MemFree:          112024 kB
Active:           356056 kB
Mem:          3.8G       3.7G       109M       5.7M        27M       3.2G

MemTotal:        4016004 kB
MemFree:          112024 kB
Active:           356080 kB
Mem:          3.8G       3.7G       109M       5.7M        27M       3.2G

MemTotal:        4016004 kB
MemFree:          112024 kB
Active:           356044 kB
Mem:          3.8G       3.7G       109M       5.7M        27M       3.2G

MemTotal:        4016004 kB
MemFree:          112024 kB
Active:           356060 kB
Mem:          3.8G       3.7G       109M       5.7M        27M       3.2G

MemTotal:        4016004 kB
MemFree:          111884 kB
Active:           356080 kB
Mem:          3.8G       3.7G       109M       5.7M        27M       3.2G

MemTotal:        4016004 kB
MemFree:          112024 kB
Active:           356060 kB
Mem:          3.8G       3.7G       109M       5.7M        27M       3.2G

MemTotal:        4016004 kB
MemFree:          111900 kB
Active:           356056 kB
Mem:          3.8G       3.7G       109M       5.7M        27M       3.2G

MemTotal:        4016004 kB
MemFree:          111900 kB
Active:           356068 kB
Mem:          3.8G       3.7G       109M       5.7M        27M       3.2G

MemTotal:        4016004 kB
MemFree:          112024 kB
Active:           356092 kB
Mem:          3.8G       3.7G       109M       5.7M        27M       3.2G

MemTotal:        4016004 kB
MemFree:          111900 kB
Active:           356104 kB
Mem:          3.8G       3.7G       109M       5.7M        27M       3.2G

MemTotal:        4016004 kB
MemFree:          111652 kB
Active:           356104 kB
Mem:          3.8G       3.7G       109M       5.7M        27M       3.2G

MemTotal:        4016004 kB
MemFree:          111528 kB
Active:           356104 kB
Mem:          3.8G       3.7G       109M       5.7M        27M       3.2G

MemTotal:        4016004 kB
MemFree:          112024 kB
Active:           356100 kB
Mem:          3.8G       3.7G       109M       5.7M        27M       3.2G

MemTotal:        4016004 kB
MemFree:          111900 kB
Active:           356104 kB
Mem:          3.8G       3.7G       109M       5.7M        27M       3.2G

MemTotal:        4016004 kB
MemFree:          111900 kB
Active:           356072 kB
Mem:          3.8G       3.7G       109M       5.7M        27M       3.2G

MemTotal:        4016004 kB
MemFree:          112024 kB
Active:           356112 kB
Mem:          3.8G       3.7G       109M       5.7M        27M       3.2G

MemTotal:        4016004 kB
MemFree:          111900 kB
Active:           356084 kB
Mem:          3.8G       3.7G       109M       5.7M        27M       3.2G

MemTotal:        4016004 kB
MemFree:          111900 kB
Active:           356080 kB
Mem:          3.8G       3.7G       109M       5.7M        27M       3.2G

MemTotal:        4016004 kB
MemFree:          111900 kB
Active:           356076 kB
Mem:          3.8G       3.7G       109M       5.7M        27M       3.2G

MemTotal:        4016004 kB
MemFree:          112024 kB
Active:           356104 kB
Mem:          3.8G       3.7G       109M       5.7M        27M       3.2G

MemTotal:        4016004 kB
MemFree:          111900 kB
Active:           356120 kB
Mem:          3.8G       3.7G       109M       5.7M        27M       3.2G

MemTotal:        4016004 kB
MemFree:          111900 kB
Active:           356108 kB
Mem:          3.8G       3.7G       109M       5.7M        27M       3.2G

MemTotal:        4016004 kB
MemFree:          112024 kB
Active:           356120 kB
Mem:          3.8G       3.7G       109M       5.7M        27M       3.2G

MemTotal:        4016004 kB
MemFree:          112024 kB
Active:           356096 kB
Mem:          3.8G       3.7G       109M       5.7M        27M       3.2G

MemTotal:        4016004 kB
MemFree:          111900 kB
Active:           356128 kB
Mem:          3.8G       3.7G       109M       5.7M        27M       3.2G

MemTotal:        4016004 kB
MemFree:          112024 kB
Active:           356128 kB
Mem:          3.8G       3.7G       109M       5.7M        27M       3.2G

MemTotal:        4016004 kB
MemFree:          112024 kB
Active:           356112 kB
Mem:          3.8G       3.7G       109M       5.7M        27M       3.2G

MemTotal:        4016004 kB
MemFree:          111900 kB
Active:           356116 kB
Mem:          3.8G       3.7G       109M       5.7M        27M       3.2G

MemTotal:        4016004 kB
MemFree:          111900 kB
Active:           356116 kB
Mem:          3.8G       3.7G       109M       5.7M        27M       3.2G

MemTotal:        4016004 kB
MemFree:          112024 kB
Active:           356132 kB
Mem:          3.8G       3.7G       109M       5.7M        27M       3.2G

MemTotal:        4016004 kB
MemFree:          112024 kB
Active:           356116 kB
Mem:          3.8G       3.7G       109M       5.7M        27M       3.2G

MemTotal:        4016004 kB
MemFree:          111900 kB
Active:           356112 kB
Mem:          3.8G       3.7G       109M       5.7M        27M       3.2G

MemTotal:        4016004 kB
MemFree:          111900 kB
Active:           356132 kB
Mem:          3.8G       3.7G       109M       5.7M        27M       3.2G

MemTotal:        4016004 kB
MemFree:          111900 kB
Active:           356104 kB
Mem:          3.8G       3.7G       109M       5.7M        27M       3.2G

MemTotal:        4016004 kB
MemFree:          111652 kB
Active:           356156 kB
Mem:          3.8G       3.7G       109M       5.7M        27M       3.2G

MemTotal:        4016004 kB
MemFree:          111528 kB
Active:           356164 kB
Mem:          3.8G       3.7G       108M       5.7M        27M       3.2G

MemTotal:        4016004 kB
MemFree:          111528 kB
Active:           356168 kB
Mem:          3.8G       3.7G       109M       5.7M        27M       3.2G

MemTotal:        4016004 kB
MemFree:          112024 kB
Active:           356136 kB
Mem:          3.8G       3.7G       109M       5.7M        27M       3.2G

MemTotal:        4016004 kB
MemFree:          111748 kB
Active:           356172 kB
Mem:          3.8G       3.7G       109M       5.7M        27M       3.2G

MemTotal:        4016004 kB
MemFree:          111872 kB
Active:           356144 kB
Mem:          3.8G       3.7G       109M       5.7M        27M       3.2G

MemTotal:        4016004 kB
MemFree:          111996 kB
Active:           356148 kB
Mem:          3.8G       3.7G       109M       5.7M        27M       3.2G

MemTotal:        4016004 kB
MemFree:          111996 kB
Active:           356124 kB
Mem:          3.8G       3.7G       109M       5.7M        27M       3.2G

MemTotal:        4016004 kB
MemFree:          111996 kB
Active:           356172 kB
Mem:          3.8G       3.7G       109M       5.7M        27M       3.2G

MemTotal:        4016004 kB
MemFree:          112120 kB
Active:           356180 kB
Mem:          3.8G       3.7G       109M       5.7M        27M       3.2G

MemTotal:        4016004 kB
MemFree:          112120 kB
Active:           356180 kB
Mem:          3.8G       3.7G       109M       5.7M        27M       3.2G

MemTotal:        4016004 kB
MemFree:          111996 kB
Active:           356144 kB
Mem:          3.8G       3.7G       109M       5.7M        27M       3.2G

MemTotal:        4016004 kB
MemFree:          111996 kB
Active:           356160 kB
Mem:          3.8G       3.7G       109M       5.7M        27M       3.2G

MemTotal:        4016004 kB
MemFree:          111996 kB
Active:           356160 kB
Mem:          3.8G       3.7G       109M       5.7M        27M       3.2G

MemTotal:        4016004 kB
MemFree:          111996 kB
Active:           356136 kB
Mem:          3.8G       3.7G       109M       5.7M        27M       3.2G

MemTotal:        4016004 kB
MemFree:          111500 kB
Active:           356184 kB
Mem:          3.8G       3.7G       109M       5.7M        27M       3.2G

MemTotal:        4016004 kB
MemFree:          111872 kB
Active:           356164 kB
Mem:          3.8G       3.7G       109M       5.7M        27M       3.2G

MemTotal:        4016004 kB
MemFree:          111872 kB
Active:           356164 kB
Mem:          3.8G       3.7G       109M       5.7M        27M       3.2G

MemTotal:        4016004 kB
MemFree:          111872 kB
Active:           356172 kB
Mem:          3.8G       3.7G       109M       5.7M        27M       3.2G

MemTotal:        4016004 kB
MemFree:          111996 kB
Active:           356192 kB
Mem:          3.8G       3.7G       109M       5.7M        27M       3.2G

MemTotal:        4016004 kB
MemFree:          111872 kB
Active:           356160 kB
Mem:          3.8G       3.7G       109M       5.7M        27M       3.2G

MemTotal:        4016004 kB
MemFree:          111748 kB
Active:           356156 kB
Mem:          3.8G       3.7G       109M       5.7M        27M       3.2G

MemTotal:        4016004 kB
MemFree:          111872 kB
Active:           356192 kB
Mem:          3.8G       3.7G       109M       5.7M        27M       3.2G

MemTotal:        4016004 kB
MemFree:          111748 kB
Active:           356160 kB
Mem:          3.8G       3.7G       109M       5.7M        27M       3.2G

MemTotal:        4016004 kB
MemFree:          111748 kB
Active:           356164 kB
Mem:          3.8G       3.7G       109M       5.7M        27M       3.2G

MemTotal:        4016004 kB
MemFree:          111872 kB
Active:           356204 kB
Mem:          3.8G       3.7G       109M       5.7M        27M       3.2G

MemTotal:        4016004 kB
MemFree:          111856 kB
Active:           356176 kB
Mem:          3.8G       3.7G       109M       5.7M        27M       3.2G

MemTotal:        4016004 kB
MemFree:          111872 kB
Active:           356172 kB
Mem:          3.8G       3.7G       109M       5.7M        27M       3.2G

MemTotal:        4016004 kB
MemFree:          111872 kB
Active:           356176 kB
Mem:          3.8G       3.7G       109M       5.7M        27M       3.2G

MemTotal:        4016004 kB
MemFree:          111872 kB
Active:           356148 kB
Mem:          3.8G       3.7G       109M       5.7M        27M       3.2G

MemTotal:        4016004 kB
MemFree:          111872 kB
Active:           356200 kB
Mem:          3.8G       3.7G       109M       5.7M        27M       3.2G

MemTotal:        4016004 kB
MemFree:          111872 kB
Active:           356212 kB
Mem:          3.8G       3.7G       109M       5.7M        27M       3.2G

MemTotal:        4016004 kB
MemFree:          111872 kB
Active:           356200 kB
Mem:          3.8G       3.7G       109M       5.7M        27M       3.2G

MemTotal:        4016004 kB
MemFree:          111748 kB
Active:           356200 kB
Mem:          3.8G       3.7G       109M       5.7M        27M       3.2G

MemTotal:        4016004 kB
MemFree:          111112 kB
Active:           356520 kB
Mem:          3.8G       3.7G       108M       5.7M        27M       3.2G

MemTotal:        4016004 kB
MemFree:          111128 kB
Active:           356280 kB
Mem:          3.8G       3.7G       108M       5.7M        27M       3.2G

MemTotal:        4016004 kB
MemFree:          111376 kB
Active:           356276 kB
Mem:          3.8G       3.7G       108M       5.7M        27M       3.2G

MemTotal:        4016004 kB
MemFree:          111500 kB
Active:           356276 kB
Mem:          3.8G       3.7G       108M       5.7M        27M       3.2G

MemTotal:        4016004 kB
MemFree:          111128 kB
Active:           356292 kB
Mem:          3.8G       3.7G       108M       5.7M        27M       3.2G

MemTotal:        4016004 kB
MemFree:          111376 kB
Active:           356272 kB
Mem:          3.8G       3.7G       108M       5.7M        27M       3.2G

MemTotal:        4016004 kB
MemFree:          111500 kB
Active:           356268 kB
Mem:          3.8G       3.7G       108M       5.7M        27M       3.2G

MemTotal:        4016004 kB
MemFree:          111500 kB
Active:           356268 kB
Mem:          3.8G       3.7G       108M       5.7M        27M       3.2G

MemTotal:        4016004 kB
MemFree:          111500 kB
Active:           356260 kB
Mem:          3.8G       3.7G       108M       5.7M        27M       3.2G

MemTotal:        4016004 kB
MemFree:          111500 kB
Active:           356272 kB
Mem:          3.8G       3.7G       108M       5.7M        27M       3.2G

MemTotal:        4016004 kB
MemFree:          111500 kB
Active:           356300 kB
Mem:          3.8G       3.7G       108M       5.7M        27M       3.2G

MemTotal:        4016004 kB
MemFree:          111624 kB
Active:           356260 kB
Mem:          3.8G       3.7G       108M       5.7M        27M       3.2G

MemTotal:        4016004 kB
MemFree:          111500 kB
Active:           356304 kB
Mem:          3.8G       3.7G       108M       5.7M        27M       3.2G

MemTotal:        4016004 kB
MemFree:          111500 kB
Active:           356264 kB
Mem:          3.8G       3.7G       108M       5.7M        27M       3.2G

MemTotal:        4016004 kB
MemFree:          111624 kB
Active:           356280 kB
Mem:          3.8G       3.7G       108M       5.7M        27M       3.2G

MemTotal:        4016004 kB
MemFree:          111500 kB
Active:           356264 kB
Mem:          3.8G       3.7G       108M       5.7M        27M       3.2G

MemTotal:        4016004 kB
MemFree:          111500 kB
Active:           356304 kB
Mem:          3.8G       3.7G       108M       5.7M        27M       3.2G

MemTotal:        4016004 kB
MemFree:          111500 kB
Active:           356312 kB
Mem:          3.8G       3.7G       108M       5.7M        27M       3.2G

MemTotal:        4016004 kB
MemFree:          111500 kB
Active:           356304 kB
Mem:          3.8G       3.7G       108M       5.7M        27M       3.2G

MemTotal:        4016004 kB
MemFree:          111624 kB
Active:           356308 kB
Mem:          3.8G       3.7G       108M       5.7M        27M       3.2G

MemTotal:        4016004 kB
MemFree:          111500 kB
Active:           356300 kB
Mem:          3.8G       3.7G       108M       5.7M        27M       3.2G

MemTotal:        4016004 kB
MemFree:          111500 kB
Active:           356320 kB
Mem:          3.8G       3.7G       108M       5.7M        27M       3.2G

MemTotal:        4016004 kB
MemFree:          111624 kB
Active:           356320 kB
Mem:          3.8G       3.7G       108M       5.7M        27M       3.2G

MemTotal:        4016004 kB
MemFree:          111624 kB
Active:           356292 kB
Mem:          3.8G       3.7G       108M       5.7M        27M       3.2G

MemTotal:        4016004 kB
MemFree:          111500 kB
Active:           356288 kB
Mem:          3.8G       3.7G       108M       5.7M        27M       3.2G

MemTotal:        4016004 kB
MemFree:          111952 kB
Active:           356136 kB
Mem:          3.8G       3.7G       109M       5.7M        27M       3.2G

MemTotal:        4016004 kB
MemFree:          112388 kB
Active:           356004 kB
Mem:          3.8G       3.7G       109M       5.7M        27M       3.2G

MemTotal:        4016004 kB
MemFree:          112388 kB
Active:           355992 kB
Mem:          3.8G       3.7G       109M       5.7M        27M       3.2G

MemTotal:        4016004 kB
MemFree:          112140 kB
Active:           356020 kB
Mem:          3.8G       3.7G       109M       5.7M        27M       3.2G

MemTotal:        4016004 kB
MemFree:          112388 kB
Active:           356012 kB
Mem:          3.8G       3.7G       109M       5.7M        27M       3.2G

MemTotal:        4016004 kB
MemFree:          112016 kB
Active:           356020 kB
Mem:          3.8G       3.7G       109M       5.7M        27M       3.2G

MemTotal:        4016004 kB
MemFree:          112388 kB
Active:           356024 kB
Mem:          3.8G       3.7G       109M       5.7M        27M       3.2G

MemTotal:        4016004 kB
MemFree:          112388 kB
Active:           355992 kB
Mem:          3.8G       3.7G       109M       5.7M        27M       3.2G

MemTotal:        4016004 kB
MemFree:          112388 kB
Active:           355988 kB
Mem:          3.8G       3.7G       109M       5.7M        27M       3.2G

MemTotal:        4016004 kB
MemFree:          112016 kB
Active:           356036 kB
Mem:          3.8G       3.7G       109M       5.7M        27M       3.2G

MemTotal:        4016004 kB
MemFree:          112388 kB
Active:           355980 kB
Mem:          3.8G       3.7G       109M       5.7M        27M       3.2G

MemTotal:        4016004 kB
MemFree:          112388 kB
Active:           356012 kB
Mem:          3.8G       3.7G       109M       5.7M        27M       3.2G

MemTotal:        4016004 kB
MemFree:          112016 kB
Active:           356036 kB
Mem:          3.8G       3.7G       109M       5.7M        27M       3.2G

MemTotal:        4016004 kB
MemFree:          112388 kB
Active:           355992 kB
Mem:          3.8G       3.7G       109M       5.7M        27M       3.2G

MemTotal:        4016004 kB
MemFree:          112532 kB
Active:           356000 kB
Mem:          3.8G       3.7G       109M       5.7M        27M       3.2G

MemTotal:        4016004 kB
MemFree:          112532 kB
Active:           355988 kB
Mem:          3.8G       3.7G       109M       5.7M        27M       3.2G

MemTotal:        4016004 kB
MemFree:          112408 kB
Active:           356008 kB
Mem:          3.8G       3.7G       109M       5.7M        27M       3.2G

MemTotal:        4016004 kB
MemFree:          112500 kB
Active:           356016 kB
Mem:          3.8G       3.7G       109M       5.7M        27M       3.2G

MemTotal:        4016004 kB
MemFree:          112408 kB
Active:           356004 kB
Mem:          3.8G       3.7G       109M       5.7M        27M       3.2G

MemTotal:        4016004 kB
MemFree:          112408 kB
Active:           356012 kB
Mem:          3.8G       3.7G       109M       5.7M        27M       3.2G

MemTotal:        4016004 kB
MemFree:          112160 kB
Active:           356052 kB
Mem:          3.8G       3.7G       109M       5.7M        27M       3.2G

MemTotal:        4016004 kB
MemFree:          112408 kB
Active:           356044 kB
Mem:          3.8G       3.7G       109M       5.7M        27M       3.2G

MemTotal:        4016004 kB
MemFree:          112160 kB
Active:           356056 kB
Mem:          3.8G       3.7G       109M       5.7M        27M       3.2G

MemTotal:        4016004 kB
MemFree:          112408 kB
Active:           356040 kB
Mem:          3.8G       3.7G       109M       5.7M        27M       3.2G

MemTotal:        4016004 kB
MemFree:          112456 kB
Active:           356040 kB
Mem:          3.8G       3.7G       109M       5.7M        27M       3.2G

MemTotal:        4016004 kB
MemFree:          112208 kB
Active:           356056 kB
Mem:          3.8G       3.7G       109M       5.7M        27M       3.2G

MemTotal:        4016004 kB
MemFree:          112084 kB
Active:           356064 kB
Mem:          3.8G       3.7G       109M       5.7M        27M       3.2G

MemTotal:        4016004 kB
MemFree:          112456 kB
Active:           356008 kB
Mem:          3.8G       3.7G       109M       5.7M        27M       3.2G

MemTotal:        4016004 kB
MemFree:          112332 kB
Active:           356056 kB
Mem:          3.8G       3.7G       109M       5.7M        27M       3.2G

MemTotal:        4016004 kB
MemFree:          112456 kB
Active:           356012 kB
Mem:          3.8G       3.7G       109M       5.7M        27M       3.2G

MemTotal:        4016004 kB
MemFree:          112208 kB
Active:           356072 kB
Mem:          3.8G       3.7G       109M       5.7M        27M       3.2G

MemTotal:        4016004 kB
MemFree:          112456 kB
Active:           356032 kB
Mem:          3.8G       3.7G       109M       5.7M        27M       3.2G

MemTotal:        4016004 kB
MemFree:          112580 kB
Active:           356016 kB
Mem:          3.8G       3.7G       109M       5.7M        27M       3.2G

MemTotal:        4016004 kB
MemFree:          112332 kB
Active:           356076 kB
Mem:          3.8G       3.7G       109M       5.7M        27M       3.2G

MemTotal:        4016004 kB
MemFree:          112704 kB
Active:           356052 kB
Mem:          3.8G       3.7G       109M       5.7M        27M       3.2G

MemTotal:        4016004 kB
MemFree:          112704 kB
Active:           356056 kB
Mem:          3.8G       3.7G       109M       5.7M        27M       3.2G

MemTotal:        4016004 kB
MemFree:          112208 kB
Active:           356092 kB
Mem:          3.8G       3.7G       109M       5.7M        27M       3.2G

MemTotal:        4016004 kB
MemFree:          112580 kB
Active:           356068 kB
Mem:          3.8G       3.7G       109M       5.7M        27M       3.2G

MemTotal:        4016004 kB
MemFree:          112704 kB
Active:           356088 kB
Mem:          3.8G       3.7G       109M       5.7M        27M       3.2G

MemTotal:        4016004 kB
MemFree:          112332 kB
Active:           356092 kB
Mem:          3.8G       3.7G       109M       5.7M        27M       3.2G

MemTotal:        4016004 kB
MemFree:          112828 kB
Active:           356100 kB
Mem:          3.8G       3.7G       110M       5.7M        27M       3.2G

MemTotal:        4016004 kB
MemFree:          112704 kB
Active:           356072 kB
Mem:          3.8G       3.7G       109M       5.7M        27M       3.2G

MemTotal:        4016004 kB
MemFree:          112704 kB
Active:           356084 kB
Mem:          3.8G       3.7G       110M       5.7M        27M       3.2G

MemTotal:        4016004 kB
MemFree:          112704 kB
Active:           356048 kB
Mem:          3.8G       3.7G       110M       5.7M        27M       3.2G

MemTotal:        4016004 kB
MemFree:          112828 kB
Active:           356052 kB
Mem:          3.8G       3.7G       110M       5.7M        27M       3.2G

MemTotal:        4016004 kB
MemFree:          112828 kB
Active:           356064 kB
Mem:          3.8G       3.7G       110M       5.7M        27M       3.2G

MemTotal:        4016004 kB
MemFree:          112704 kB
Active:           356076 kB
Mem:          3.8G       3.7G       110M       5.7M        27M       3.2G

MemTotal:        4016004 kB
MemFree:          112828 kB
Active:           356072 kB
Mem:          3.8G       3.7G       110M       5.7M        27M       3.2G

MemTotal:        4016004 kB
MemFree:          112828 kB
Active:           356068 kB
Mem:          3.8G       3.7G       110M       5.7M        27M       3.2G

MemTotal:        4016004 kB
MemFree:          112828 kB
Active:           356100 kB
Mem:          3.8G       3.7G       110M       5.7M        27M       3.2G

MemTotal:        4016004 kB
MemFree:          112332 kB
Active:           356080 kB
Mem:          3.8G       3.7G       109M       5.7M        27M       3.2G

MemTotal:        4016004 kB
MemFree:          112084 kB
Active:           356124 kB
Mem:          3.8G       3.7G       109M       5.7M        27M       3.2G

MemTotal:        4016004 kB
MemFree:          112456 kB
Active:           356112 kB
Mem:          3.8G       3.7G       109M       5.7M        27M       3.2G

MemTotal:        4016004 kB
MemFree:          112580 kB
Active:           356128 kB
Mem:          3.8G       3.7G       109M       5.7M        27M       3.2G

MemTotal:        4016004 kB
MemFree:          112456 kB
Active:           356092 kB
