MemTotal:        4016004 kB
MemFree:         3216760 kB
Active:           444584 kB
Mem:          3.8G       780M       3.1G       5.7M        55M       327M

MemTotal:        4016004 kB
MemFree:         3217016 kB
Active:           444572 kB
Mem:          3.8G       780M       3.1G       5.7M        55M       327M

MemTotal:        4016004 kB
MemFree:         3217248 kB
Active:           444648 kB
Mem:          3.8G       780M       3.1G       5.7M        55M       327M

MemTotal:        4016004 kB
MemFree:         3217728 kB
Active:           444612 kB
Mem:          3.8G       779M       3.1G       5.7M        55M       327M

MemTotal:        4016004 kB
MemFree:         3217216 kB
Active:           444648 kB
Mem:          3.8G       779M       3.1G       5.7M        55M       327M

MemTotal:        4016004 kB
MemFree:         3217308 kB
Active:           444596 kB
Mem:          3.8G       779M       3.1G       5.7M        55M       327M

MemTotal:        4016004 kB
MemFree:         3217508 kB
Active:           444628 kB
Mem:          3.8G       779M       3.1G       5.7M        55M       327M

MemTotal:        4016004 kB
MemFree:         3216872 kB
Active:           444660 kB
Mem:          3.8G       780M       3.1G       5.7M        55M       327M

MemTotal:        4016004 kB
MemFree:         3217352 kB
Active:           444628 kB
Mem:          3.8G       779M       3.1G       5.7M        55M       327M

MemTotal:        4016004 kB
MemFree:         3217336 kB
Active:           444608 kB
Mem:          3.8G       779M       3.1G       5.7M        55M       327M

MemTotal:        4016004 kB
MemFree:         3217320 kB
Active:           444616 kB
Mem:          3.8G       780M       3.1G       5.7M        55M       327M

MemTotal:        4016004 kB
MemFree:         3217180 kB
Active:           444616 kB
Mem:          3.8G       780M       3.1G       5.7M        55M       327M

MemTotal:        4016004 kB
MemFree:         3217164 kB
Active:           444636 kB
Mem:          3.8G       780M       3.1G       5.7M        55M       327M

MemTotal:        4016004 kB
MemFree:         3216776 kB
Active:           444660 kB
Mem:          3.8G       780M       3.1G       5.7M        55M       327M

MemTotal:        4016004 kB
MemFree:         3216140 kB
Active:           444668 kB
Mem:          3.8G       781M       3.1G       5.7M        55M       327M

MemTotal:        4016004 kB
MemFree:         3218528 kB
Active:           442644 kB
Mem:          3.8G       778M       3.1G       5.7M        55M       327M

MemTotal:        4016004 kB
MemFree:         3218140 kB
Active:           442644 kB
Mem:          3.8G       779M       3.1G       5.7M        55M       327M

MemTotal:        4016004 kB
MemFree:         3218512 kB
Active:           442600 kB
Mem:          3.8G       778M       3.1G       5.7M        55M       327M

MemTotal:        4016004 kB
MemFree:         3218468 kB
Active:           442640 kB
Mem:          3.8G       778M       3.1G       5.7M        55M       327M

MemTotal:        4016004 kB
MemFree:         3218468 kB
Active:           442616 kB
Mem:          3.8G       778M       3.1G       5.7M        55M       327M

MemTotal:        4016004 kB
MemFree:         3219212 kB
Active:           442600 kB
Mem:          3.8G       778M       3.1G       5.7M        55M       327M

MemTotal:        4016004 kB
MemFree:         3218840 kB
Active:           442652 kB
Mem:          3.8G       778M       3.1G       5.7M        55M       327M

MemTotal:        4016004 kB
MemFree:         3219212 kB
Active:           442644 kB
Mem:          3.8G       778M       3.1G       5.7M        55M       327M

MemTotal:        4016004 kB
MemFree:         3219212 kB
Active:           442612 kB
Mem:          3.8G       778M       3.1G       5.7M        55M       327M

MemTotal:        4016004 kB
MemFree:         3218964 kB
Active:           442652 kB
Mem:          3.8G       778M       3.1G       5.7M        55M       327M

MemTotal:        4016004 kB
MemFree:         3216916 kB
Active:           442628 kB
Mem:          3.8G       780M       3.1G       5.7M        55M       327M

MemTotal:        4016004 kB
MemFree:         3217164 kB
Active:           444656 kB
Mem:          3.8G       780M       3.1G       5.7M        55M       327M

MemTotal:        4016004 kB
MemFree:         3217412 kB
Active:           444624 kB
Mem:          3.8G       780M       3.1G       5.7M        55M       327M

MemTotal:        4016004 kB
MemFree:         3217412 kB
Active:           444640 kB
Mem:          3.8G       780M       3.1G       5.7M        55M       327M

MemTotal:        4016004 kB
MemFree:         3217412 kB
Active:           444636 kB
Mem:          3.8G       780M       3.1G       5.7M        55M       327M

MemTotal:        4016004 kB
MemFree:         3217396 kB
Active:           444664 kB
Mem:          3.8G       780M       3.1G       5.7M        55M       327M

MemTotal:        4016004 kB
MemFree:         3217132 kB
Active:           444632 kB
Mem:          3.8G       780M       3.1G       5.7M        55M       327M

MemTotal:        4016004 kB
MemFree:         3217116 kB
Active:           444692 kB
Mem:          3.8G       780M       3.1G       5.7M        55M       327M

MemTotal:        4016004 kB
MemFree:         3217348 kB
Active:           444660 kB
Mem:          3.8G       780M       3.1G       5.7M        55M       327M

MemTotal:        4016004 kB
MemFree:         3217348 kB
Active:           444672 kB
Mem:          3.8G       780M       3.1G       5.7M        55M       327M

MemTotal:        4016004 kB
MemFree:         3215040 kB
Active:           446748 kB
Mem:          3.8G       782M       3.1G       5.7M        55M       327M

MemTotal:        4016004 kB
MemFree:         3215040 kB
Active:           446704 kB
Mem:          3.8G       782M       3.1G       5.7M        55M       327M

MemTotal:        4016004 kB
MemFree:         3214544 kB
Active:           446728 kB
Mem:          3.8G       782M       3.1G       5.7M        55M       327M

MemTotal:        4016004 kB
MemFree:         3215040 kB
Active:           446672 kB
Mem:          3.8G       782M       3.1G       5.7M        55M       327M

MemTotal:        4016004 kB
MemFree:         3214792 kB
Active:           446728 kB
Mem:          3.8G       782M       3.1G       5.7M        55M       327M

MemTotal:        4016004 kB
MemFree:         3214792 kB
Active:           446732 kB
Mem:          3.8G       782M       3.1G       5.7M        55M       327M

MemTotal:        4016004 kB
MemFree:         3215164 kB
Active:           446704 kB
Mem:          3.8G       782M       3.1G       5.7M        55M       327M

MemTotal:        4016004 kB
MemFree:         3215164 kB
Active:           446712 kB
Mem:          3.8G       782M       3.1G       5.7M        55M       327M

MemTotal:        4016004 kB
MemFree:         3215164 kB
Active:           446708 kB
Mem:          3.8G       782M       3.1G       5.7M        55M       327M

MemTotal:        4016004 kB
MemFree:         3214916 kB
Active:           446748 kB
Mem:          3.8G       782M       3.1G       5.7M        55M       327M

MemTotal:        4016004 kB
MemFree:         3215164 kB
Active:           446748 kB
Mem:          3.8G       782M       3.1G       5.7M        55M       327M

MemTotal:        4016004 kB
MemFree:         3215148 kB
Active:           446720 kB
Mem:          3.8G       782M       3.1G       5.7M        55M       327M

MemTotal:        4016004 kB
MemFree:         3215380 kB
Active:           446740 kB
Mem:          3.8G       781M       3.1G       5.7M        55M       327M

MemTotal:        4016004 kB
MemFree:         3215364 kB
Active:           446720 kB
Mem:          3.8G       781M       3.1G       5.7M        55M       327M

MemTotal:        4016004 kB
MemFree:         3215348 kB
Active:           446748 kB
Mem:          3.8G       781M       3.1G       5.7M        55M       327M

MemTotal:        4016004 kB
MemFree:         3215208 kB
Active:           446756 kB
Mem:          3.8G       781M       3.1G       5.7M        55M       327M

MemTotal:        4016004 kB
MemFree:         3215040 kB
Active:           446764 kB
Mem:          3.8G       781M       3.1G       5.7M        55M       327M

MemTotal:        4016004 kB
MemFree:         3215412 kB
Active:           446756 kB
Mem:          3.8G       781M       3.1G       5.7M        55M       327M

MemTotal:        4016004 kB
MemFree:         3215412 kB
Active:           446732 kB
Mem:          3.8G       782M       3.1G       5.7M        55M       327M

MemTotal:        4016004 kB
MemFree:         3215040 kB
Active:           446780 kB
Mem:          3.8G       782M       3.1G       5.7M        55M       327M

MemTotal:        4016004 kB
MemFree:         3215156 kB
Active:           444684 kB
Mem:          3.8G       782M       3.1G       5.7M        55M       327M

MemTotal:        4016004 kB
MemFree:         3214908 kB
Active:           444724 kB
Mem:          3.8G       782M       3.1G       5.7M        55M       328M

MemTotal:        4016004 kB
MemFree:         3214784 kB
Active:           446740 kB
Mem:          3.8G       782M       3.1G       5.7M        55M       327M

MemTotal:        4016004 kB
MemFree:         3214536 kB
Active:           446792 kB
Mem:          3.8G       782M       3.1G       5.7M        55M       328M

MemTotal:        4016004 kB
MemFree:         3214644 kB
Active:           446792 kB
Mem:          3.8G       782M       3.1G       5.7M        55M       328M

MemTotal:        4016004 kB
MemFree:         3214892 kB
Active:           446740 kB
Mem:          3.8G       782M       3.1G       5.7M        55M       328M

MemTotal:        4016004 kB
MemFree:         3214752 kB
Active:           446792 kB
Mem:          3.8G       782M       3.1G       5.7M        55M       328M

MemTotal:        4016004 kB
MemFree:         3214860 kB
Active:           446740 kB
Mem:          3.8G       782M       3.1G       5.7M        55M       328M

MemTotal:        4016004 kB
MemFree:         3214844 kB
Active:           446780 kB
Mem:          3.8G       782M       3.1G       5.7M        55M       328M

MemTotal:        4016004 kB
MemFree:         3214580 kB
Active:           446800 kB
Mem:          3.8G       782M       3.1G       5.7M        55M       328M

MemTotal:        4016004 kB
MemFree:         3215092 kB
Active:           444712 kB
Mem:          3.8G       782M       3.1G       5.7M        55M       328M

MemTotal:        4016004 kB
MemFree:         3215092 kB
Active:           446748 kB
Mem:          3.8G       782M       3.1G       5.7M        55M       328M

MemTotal:        4016004 kB
MemFree:         3214844 kB
Active:           446772 kB
Mem:          3.8G       782M       3.1G       5.7M        55M       328M

MemTotal:        4016004 kB
MemFree:         3214224 kB
Active:           446800 kB
Mem:          3.8G       782M       3.1G       5.7M        55M       328M

MemTotal:        4016004 kB
MemFree:         3214472 kB
Active:           446788 kB
Mem:          3.8G       782M       3.1G       5.7M        55M       328M

MemTotal:        4016004 kB
MemFree:         3214596 kB
Active:           446788 kB
Mem:          3.8G       782M       3.1G       5.7M        55M       328M

MemTotal:        4016004 kB
MemFree:         3214100 kB
Active:           446804 kB
Mem:          3.8G       783M       3.1G       5.7M        55M       328M

MemTotal:        4016004 kB
MemFree:         3214720 kB
Active:           446752 kB
Mem:          3.8G       782M       3.1G       5.7M        55M       328M

MemTotal:        4016004 kB
MemFree:         3214472 kB
Active:           446768 kB
Mem:          3.8G       782M       3.1G       5.7M        55M       328M

MemTotal:        4016004 kB
MemFree:         3214828 kB
Active:           446800 kB
Mem:          3.8G       782M       3.1G       5.7M        55M       328M

MemTotal:        4016004 kB
MemFree:         3214564 kB
Active:           446804 kB
Mem:          3.8G       782M       3.1G       5.7M        55M       328M

MemTotal:        4016004 kB
MemFree:         3214672 kB
Active:           446768 kB
Mem:          3.8G       782M       3.1G       5.7M        55M       328M

MemTotal:        4016004 kB
MemFree:         3214796 kB
Active:           446768 kB
Mem:          3.8G       782M       3.1G       5.7M        55M       328M

MemTotal:        4016004 kB
MemFree:         3214300 kB
Active:           446812 kB
Mem:          3.8G       782M       3.1G       5.7M        55M       328M

MemTotal:        4016004 kB
MemFree:         3214656 kB
Active:           446760 kB
Mem:          3.8G       782M       3.1G       5.7M        55M       328M

MemTotal:        4016004 kB
MemFree:         3214640 kB
Active:           446788 kB
Mem:          3.8G       782M       3.1G       5.7M        55M       328M

MemTotal:        4016004 kB
MemFree:         3214844 kB
Active:           446788 kB
Mem:          3.8G       782M       3.1G       5.7M        55M       328M

MemTotal:        4016004 kB
MemFree:         3214472 kB
Active:           446812 kB
Mem:          3.8G       782M       3.1G       5.7M        55M       328M

MemTotal:        4016004 kB
MemFree:         3214968 kB
Active:           446764 kB
Mem:          3.8G       782M       3.1G       5.7M        55M       328M

MemTotal:        4016004 kB
MemFree:         3214968 kB
Active:           446788 kB
Mem:          3.8G       782M       3.1G       5.7M        55M       328M

MemTotal:        4016004 kB
MemFree:         3214532 kB
Active:           444720 kB
Mem:          3.8G       782M       3.1G       5.7M        55M       328M

MemTotal:        4016004 kB
MemFree:         3214656 kB
Active:           446828 kB
Mem:          3.8G       782M       3.1G       5.7M        55M       328M

MemTotal:        4016004 kB
MemFree:         3214780 kB
Active:           446824 kB
Mem:          3.8G       782M       3.1G       5.7M        55M       328M

MemTotal:        4016004 kB
MemFree:         3214656 kB
Active:           446780 kB
Mem:          3.8G       782M       3.1G       5.7M        55M       328M

MemTotal:        4016004 kB
MemFree:         3214284 kB
Active:           446836 kB
Mem:          3.8G       782M       3.1G       5.7M        55M       328M

MemTotal:        4016004 kB
MemFree:         3214392 kB
Active:           446840 kB
Mem:          3.8G       782M       3.1G       5.7M        55M       328M

MemTotal:        4016004 kB
MemFree:         3214640 kB
Active:           446800 kB
Mem:          3.8G       782M       3.1G       5.7M        55M       328M

MemTotal:        4016004 kB
MemFree:         3214872 kB
Active:           446840 kB
Mem:          3.8G       782M       3.1G       5.7M        55M       328M

MemTotal:        4016004 kB
MemFree:         3214732 kB
Active:           446796 kB
Mem:          3.8G       782M       3.1G       5.7M        55M       328M

MemTotal:        4016004 kB
MemFree:         3214592 kB
Active:           446816 kB
Mem:          3.8G       782M       3.1G       5.7M        55M       328M

MemTotal:        4016004 kB
MemFree:         3214344 kB
Active:           446840 kB
Mem:          3.8G       782M       3.1G       5.7M        55M       328M

MemTotal:        4016004 kB
MemFree:         3214096 kB
Active:           446848 kB
Mem:          3.8G       782M       3.1G       5.7M        55M       328M

MemTotal:        4016004 kB
MemFree:         3214080 kB
Active:           446856 kB
Mem:          3.8G       782M       3.1G       5.7M        55M       328M

MemTotal:        4016004 kB
MemFree:         3214796 kB
Active:           446816 kB
Mem:          3.8G       782M       3.1G       5.7M        55M       328M

MemTotal:        4016004 kB
MemFree:         3214424 kB
Active:           446856 kB
Mem:          3.8G       782M       3.1G       5.7M        55M       328M

MemTotal:        4016004 kB
MemFree:         3214624 kB
Active:           447092 kB
Mem:          3.8G       783M       3.1G       5.7M        55M       328M

MemTotal:        4016004 kB
MemFree:         3173512 kB
Active:           447820 kB
Mem:          3.8G       824M       3.0G       5.7M        55M       368M

MemTotal:        4016004 kB
MemFree:         3131008 kB
Active:           447848 kB
Mem:          3.8G       864M       3.0G       5.7M        55M       408M

MemTotal:        4016004 kB
MemFree:         3087620 kB
Active:           447868 kB
Mem:          3.8G       907M       2.9G       5.7M        55M       450M

MemTotal:        4016004 kB
MemFree:         3045504 kB
Active:           447896 kB
Mem:          3.8G       948M       2.9G       5.7M        55M       490M

MemTotal:        4016004 kB
MemFree:         3002612 kB
Active:           447912 kB
Mem:          3.8G       989M       2.9G       5.7M        55M       531M

MemTotal:        4016004 kB
MemFree:         2959116 kB
Active:           447932 kB
Mem:          3.8G       1.0G       2.8G       5.7M        55M       573M

MemTotal:        4016004 kB
MemFree:         2915496 kB
Active:           447964 kB
Mem:          3.8G       1.1G       2.8G       5.7M        55M       615M

MemTotal:        4016004 kB
MemFree:         2871364 kB
Active:           447988 kB
Mem:          3.8G       1.1G       2.7G       5.7M        55M       657M

MemTotal:        4016004 kB
MemFree:         2827152 kB
Active:           448004 kB
Mem:          3.8G       1.1G       2.7G       5.7M        55M       699M

MemTotal:        4016004 kB
MemFree:         2784136 kB
Active:           448024 kB
Mem:          3.8G       1.2G       2.7G       5.7M        55M       741M

MemTotal:        4016004 kB
MemFree:         2740008 kB
Active:           448052 kB
Mem:          3.8G       1.2G       2.6G       5.7M        55M       783M

MemTotal:        4016004 kB
MemFree:         2696920 kB
Active:           448076 kB
Mem:          3.8G       1.3G       2.6G       5.7M        55M       825M

MemTotal:        4016004 kB
MemFree:         2653796 kB
Active:           448104 kB
Mem:          3.8G       1.3G       2.5G       5.7M        55M       866M

MemTotal:        4016004 kB
MemFree:         2610700 kB
Active:           448132 kB
Mem:          3.8G       1.3G       2.5G       5.7M        55M       907M

MemTotal:        4016004 kB
MemFree:         2565300 kB
Active:           450200 kB
Mem:          3.8G       1.4G       2.4G       5.7M        55M       949M

MemTotal:        4016004 kB
MemFree:         2522068 kB
Active:           450216 kB
Mem:          3.8G       1.4G       2.4G       5.7M        55M       991M

MemTotal:        4016004 kB
MemFree:         2480500 kB
Active:           450208 kB
Mem:          3.8G       1.5G       2.4G       5.7M        55M       1.0G

MemTotal:        4016004 kB
MemFree:         2437256 kB
Active:           450276 kB
Mem:          3.8G       1.5G       2.3G       5.7M        55M       1.0G

MemTotal:        4016004 kB
MemFree:         2394892 kB
Active:           450292 kB
Mem:          3.8G       1.5G       2.3G       5.7M        55M       1.1G

MemTotal:        4016004 kB
MemFree:         2350512 kB
Active:           450316 kB
Mem:          3.8G       1.6G       2.2G       5.7M        55M       1.1G

MemTotal:        4016004 kB
MemFree:         2307000 kB
Active:           450320 kB
Mem:          3.8G       1.6G       2.2G       5.7M        55M       1.2G

MemTotal:        4016004 kB
MemFree:         2264868 kB
Active:           450368 kB
Mem:          3.8G       1.7G       2.2G       5.7M        55M       1.2G

MemTotal:        4016004 kB
MemFree:         2221992 kB
Active:           450388 kB
Mem:          3.8G       1.7G       2.1G       5.7M        55M       1.3G

MemTotal:        4016004 kB
MemFree:         2178868 kB
Active:           450416 kB
Mem:          3.8G       1.8G       2.1G       5.7M        55M       1.3G

MemTotal:        4016004 kB
MemFree:         2135060 kB
Active:           450440 kB
Mem:          3.8G       1.8G       2.0G       5.7M        55M       1.3G

MemTotal:        4016004 kB
MemFree:         2091652 kB
Active:           450492 kB
Mem:          3.8G       1.8G       2.0G       5.7M        55M       1.4G

MemTotal:        4016004 kB
MemFree:         2090588 kB
Active:           450508 kB
Mem:          3.8G       1.8G       2.0G       5.7M        55M       1.4G

MemTotal:        4016004 kB
MemFree:         2046856 kB
Active:           450532 kB
Mem:          3.8G       1.9G       2.0G       5.7M        55M       1.4G

MemTotal:        4016004 kB
MemFree:         2003284 kB
Active:           450556 kB
Mem:          3.8G       1.9G       1.9G       5.7M        55M       1.5G

MemTotal:        4016004 kB
MemFree:         1960552 kB
Active:           450568 kB
Mem:          3.8G       2.0G       1.9G       5.7M        55M       1.5G

MemTotal:        4016004 kB
MemFree:         1916684 kB
Active:           450592 kB
Mem:          3.8G       2.0G       1.8G       5.7M        55M       1.5G

MemTotal:        4016004 kB
MemFree:         1873776 kB
Active:           450568 kB
Mem:          3.8G       2.0G       1.8G       5.7M        55M       1.6G

MemTotal:        4016004 kB
MemFree:         1832248 kB
Active:           450644 kB
Mem:          3.8G       2.1G       1.7G       5.7M        55M       1.6G

MemTotal:        4016004 kB
MemFree:         1787636 kB
Active:           450660 kB
Mem:          3.8G       2.1G       1.7G       5.7M        56M       1.7G

MemTotal:        4016004 kB
MemFree:         1743984 kB
Active:           450684 kB
Mem:          3.8G       2.2G       1.7G       5.7M        56M       1.7G

MemTotal:        4016004 kB
MemFree:         1701000 kB
Active:           450716 kB
Mem:          3.8G       2.2G       1.6G       5.7M        56M       1.7G

MemTotal:        4016004 kB
MemFree:         1664000 kB
Active:           450752 kB
Mem:          3.8G       2.2G       1.6G       5.7M        56M       1.8G

MemTotal:        4016004 kB
MemFree:         1621364 kB
Active:           450776 kB
Mem:          3.8G       2.3G       1.5G       5.7M        56M       1.8G

MemTotal:        4016004 kB
MemFree:         1552220 kB
Active:           450816 kB
Mem:          3.8G       2.3G       1.5G       5.7M        56M       1.9G

MemTotal:        4016004 kB
MemFree:         1508340 kB
Active:           450852 kB
Mem:          3.8G       2.4G       1.4G       5.7M        56M       1.9G

MemTotal:        4016004 kB
MemFree:         1465172 kB
Active:           450876 kB
Mem:          3.8G       2.4G       1.4G       5.7M        56M       2.0G

MemTotal:        4016004 kB
MemFree:         1421932 kB
Active:           450896 kB
Mem:          3.8G       2.5G       1.4G       5.7M        56M       2.0G

MemTotal:        4016004 kB
MemFree:         1380676 kB
Active:           450920 kB
Mem:          3.8G       2.5G       1.3G       5.7M        56M       2.0G

MemTotal:        4016004 kB
MemFree:         1338080 kB
Active:           450940 kB
Mem:          3.8G       2.6G       1.3G       5.7M        56M       2.1G

MemTotal:        4016004 kB
MemFree:         1294336 kB
Active:           450964 kB
Mem:          3.8G       2.6G       1.2G       5.7M        56M       2.1G

MemTotal:        4016004 kB
MemFree:         1250332 kB
Active:           450988 kB
Mem:          3.8G       2.6G       1.2G       5.7M        56M       2.2G

MemTotal:        4016004 kB
MemFree:         1207704 kB
Active:           451020 kB
Mem:          3.8G       2.7G       1.2G       5.7M        56M       2.2G

MemTotal:        4016004 kB
MemFree:         1166132 kB
Active:           451044 kB
Mem:          3.8G       2.7G       1.1G       5.7M        56M       2.2G

MemTotal:        4016004 kB
MemFree:         1121560 kB
Active:           451076 kB
Mem:          3.8G       2.8G       1.1G       5.7M        56M       2.3G

MemTotal:        4016004 kB
MemFree:         1079904 kB
Active:           451104 kB
Mem:          3.8G       2.8G       1.0G       5.7M        56M       2.3G

MemTotal:        4016004 kB
MemFree:         1056796 kB
Active:           451120 kB
Mem:          3.8G       2.8G       1.0G       5.7M        56M       2.3G

MemTotal:        4016004 kB
MemFree:         1028868 kB
Active:           451148 kB
Mem:          3.8G       2.8G       1.0G       5.7M        56M       2.4G

MemTotal:        4016004 kB
MemFree:          984120 kB
Active:           451168 kB
Mem:          3.8G       2.9G       960M       5.7M        56M       2.4G

MemTotal:        4016004 kB
MemFree:          941060 kB
Active:           451264 kB
Mem:          3.8G       2.9G       918M       5.7M        56M       2.5G

MemTotal:        4016004 kB
MemFree:          899616 kB
Active:           454208 kB
Mem:          3.8G       3.0G       878M       5.7M        58M       2.5G

MemTotal:        4016004 kB
MemFree:          855872 kB
Active:           455052 kB
Mem:          3.8G       3.0G       835M       5.7M        59M       2.5G

MemTotal:        4016004 kB
MemFree:          811624 kB
Active:           455344 kB
Mem:          3.8G       3.1G       792M       5.7M        59M       2.6G

MemTotal:        4016004 kB
MemFree:          767996 kB
Active:           455632 kB
Mem:          3.8G       3.1G       749M       5.7M        59M       2.6G

MemTotal:        4016004 kB
MemFree:          723964 kB
Active:           455708 kB
Mem:          3.8G       3.1G       706M       5.7M        60M       2.7G

MemTotal:        4016004 kB
MemFree:          680588 kB
Active:           455980 kB
Mem:          3.8G       3.2G       663M       5.7M        60M       2.7G

MemTotal:        4016004 kB
MemFree:          636340 kB
Active:           456280 kB
Mem:          3.8G       3.2G       621M       5.7M        60M       2.7G

MemTotal:        4016004 kB
MemFree:          592676 kB
Active:           456504 kB
Mem:          3.8G       3.3G       577M       5.7M        60M       2.8G

MemTotal:        4016004 kB
MemFree:          546188 kB
Active:           456808 kB
Mem:          3.8G       3.3G       533M       5.7M        61M       2.8G

MemTotal:        4016004 kB
MemFree:          502792 kB
Active:           457044 kB
Mem:          3.8G       3.4G       490M       5.7M        61M       2.9G

MemTotal:        4016004 kB
MemFree:          458472 kB
Active:           457180 kB
Mem:          3.8G       3.4G       447M       5.7M        61M       2.9G

MemTotal:        4016004 kB
MemFree:          413040 kB
Active:           457732 kB
Mem:          3.8G       3.4G       402M       5.7M        61M       2.9G

MemTotal:        4016004 kB
MemFree:          370284 kB
Active:           457972 kB
Mem:          3.8G       3.5G       360M       5.7M        62M       3.0G

MemTotal:        4016004 kB
MemFree:          326976 kB
Active:           458256 kB
Mem:          3.8G       3.5G       319M       5.7M        62M       3.0G

MemTotal:        4016004 kB
MemFree:          281116 kB
Active:           458384 kB
Mem:          3.8G       3.6G       274M       5.7M        62M       3.1G

MemTotal:        4016004 kB
MemFree:          235652 kB
Active:           458520 kB
Mem:          3.8G       3.6G       229M       5.7M        62M       3.1G

MemTotal:        4016004 kB
MemFree:          191924 kB
Active:           458720 kB
Mem:          3.8G       3.6G       187M       5.7M        62M       3.1G

MemTotal:        4016004 kB
MemFree:          146680 kB
Active:           457980 kB
Mem:          3.8G       3.7G       142M       5.7M        62M       3.2G

MemTotal:        4016004 kB
MemFree:          104648 kB
Active:           457988 kB
Mem:          3.8G       3.7G       124M       5.7M        40M       3.2G

MemTotal:        4016004 kB
MemFree:          107268 kB
Active:           459752 kB
Mem:          3.8G       3.7G       104M       5.7M        29M       3.3G

MemTotal:        4016004 kB
MemFree:          124872 kB
Active:           492340 kB
Mem:          3.8G       3.7G       150M       5.7M        29M       3.2G

MemTotal:        4016004 kB
MemFree:          117768 kB
Active:           515444 kB
Mem:          3.8G       3.7G       113M       5.7M        29M       3.3G

MemTotal:        4016004 kB
MemFree:          110144 kB
Active:           512000 kB
Mem:          3.8G       3.7G       107M       5.7M        29M       3.3G

MemTotal:        4016004 kB
MemFree:          119168 kB
Active:           505856 kB
Mem:          3.8G       3.7G       116M       5.7M        29M       3.2G

MemTotal:        4016004 kB
MemFree:          111944 kB
Active:           502396 kB
Mem:          3.8G       3.7G       109M       5.7M        29M       3.3G

MemTotal:        4016004 kB
MemFree:          128068 kB
Active:           497040 kB
Mem:          3.8G       3.7G       124M       5.7M        29M       3.2G

MemTotal:        4016004 kB
MemFree:          109604 kB
Active:           493076 kB
Mem:          3.8G       3.7G       106M       5.7M        29M       3.3G

MemTotal:        4016004 kB
MemFree:          124540 kB
Active:           486076 kB
Mem:          3.8G       3.7G       121M       5.7M        29M       3.2G

MemTotal:        4016004 kB
MemFree:          106604 kB
Active:           483984 kB
Mem:          3.8G       3.7G       103M       5.7M        29M       3.3G

MemTotal:        4016004 kB
MemFree:          128828 kB
Active:           477468 kB
Mem:          3.8G       3.7G       125M       5.7M        29M       3.2G

MemTotal:        4016004 kB
MemFree:          129236 kB
Active:           471912 kB
Mem:          3.8G       3.7G       125M       5.7M        29M       3.2G

MemTotal:        4016004 kB
MemFree:          111636 kB
Active:           471860 kB
Mem:          3.8G       3.7G       108M       5.7M        29M       3.3G

MemTotal:        4016004 kB
MemFree:          128772 kB
Active:           466664 kB
Mem:          3.8G       3.7G       125M       5.7M        29M       3.2G

MemTotal:        4016004 kB
MemFree:          120896 kB
Active:           464508 kB
Mem:          3.8G       3.7G       117M       5.7M        29M       3.2G

MemTotal:        4016004 kB
MemFree:          130432 kB
Active:           462568 kB
Mem:          3.8G       3.7G       126M       5.7M        29M       3.2G

MemTotal:        4016004 kB
MemFree:          121504 kB
Active:           461308 kB
Mem:          3.8G       3.7G       117M       5.7M        29M       3.2G

MemTotal:        4016004 kB
MemFree:          111800 kB
Active:           460156 kB
Mem:          3.8G       3.7G       108M       5.7M        29M       3.3G

MemTotal:        4016004 kB
MemFree:          132412 kB
Active:           457992 kB
Mem:          3.8G       3.7G       129M       5.7M        29M       3.2G

MemTotal:        4016004 kB
MemFree:          126472 kB
Active:           454584 kB
Mem:          3.8G       3.7G       123M       5.7M        29M       3.2G

MemTotal:        4016004 kB
MemFree:          130724 kB
Active:           453052 kB
Mem:          3.8G       3.7G       127M       5.7M        29M       3.2G

MemTotal:        4016004 kB
MemFree:          133108 kB
Active:           451132 kB
Mem:          3.8G       3.7G       130M       5.7M        29M       3.2G

MemTotal:        4016004 kB
MemFree:          141792 kB
Active:           448932 kB
Mem:          3.8G       3.7G       138M       5.7M        29M       3.2G

MemTotal:        4016004 kB
MemFree:          133548 kB
Active:           447952 kB
Mem:          3.8G       3.7G       129M       5.7M        29M       3.2G

MemTotal:        4016004 kB
MemFree:          124004 kB
Active:           446812 kB
Mem:          3.8G       3.7G       120M       5.7M        29M       3.2G

MemTotal:        4016004 kB
MemFree:          116508 kB
Active:           443648 kB
Mem:          3.8G       3.7G       113M       5.7M        29M       3.3G

MemTotal:        4016004 kB
MemFree:          120604 kB
Active:           441996 kB
Mem:          3.8G       3.7G       116M       5.7M        29M       3.2G

MemTotal:        4016004 kB
MemFree:          123648 kB
Active:           440332 kB
Mem:          3.8G       3.7G       120M       5.7M        29M       3.2G

MemTotal:        4016004 kB
MemFree:          131728 kB
Active:           436304 kB
Mem:          3.8G       3.7G       128M       5.7M        29M       3.2G

MemTotal:        4016004 kB
MemFree:          124712 kB
Active:           435284 kB
Mem:          3.8G       3.7G       121M       5.7M        29M       3.2G

MemTotal:        4016004 kB
MemFree:          111224 kB
Active:           434096 kB
Mem:          3.8G       3.7G       107M       5.7M        29M       3.3G

MemTotal:        4016004 kB
MemFree:          127036 kB
Active:           432476 kB
Mem:          3.8G       3.7G       123M       5.7M        29M       3.2G

MemTotal:        4016004 kB
MemFree:          120480 kB
Active:           431196 kB
Mem:          3.8G       3.7G       117M       5.7M        29M       3.2G

MemTotal:        4016004 kB
MemFree:          105596 kB
Active:           430304 kB
Mem:          3.8G       3.7G       102M       5.7M        29M       3.3G

MemTotal:        4016004 kB
MemFree:          131048 kB
Active:           425912 kB
Mem:          3.8G       3.7G       127M       5.7M        29M       3.2G

MemTotal:        4016004 kB
MemFree:          117544 kB
Active:           424896 kB
Mem:          3.8G       3.7G       113M       5.7M        29M       3.3G

MemTotal:        4016004 kB
MemFree:          108056 kB
Active:           423872 kB
Mem:          3.8G       3.7G       105M       5.7M        29M       3.3G

MemTotal:        4016004 kB
MemFree:          124700 kB
Active:           421824 kB
Mem:          3.8G       3.7G       121M       5.7M        29M       3.2G

MemTotal:        4016004 kB
MemFree:          117496 kB
Active:           420804 kB
Mem:          3.8G       3.7G       114M       5.7M        29M       3.2G

MemTotal:        4016004 kB
MemFree:          126684 kB
Active:           418640 kB
Mem:          3.8G       3.7G       123M       5.7M        29M       3.2G

MemTotal:        4016004 kB
MemFree:          119032 kB
Active:           417360 kB
Mem:          3.8G       3.7G       115M       5.7M        29M       3.2G

MemTotal:        4016004 kB
MemFree:          109040 kB
Active:           414284 kB
Mem:          3.8G       3.7G       106M       5.7M        29M       3.3G

MemTotal:        4016004 kB
MemFree:          119616 kB
Active:           412264 kB
Mem:          3.8G       3.7G       116M       5.7M        29M       3.2G

MemTotal:        4016004 kB
MemFree:          111764 kB
Active:           410860 kB
Mem:          3.8G       3.7G       108M       5.7M        29M       3.3G

MemTotal:        4016004 kB
MemFree:          127068 kB
Active:           409076 kB
Mem:          3.8G       3.7G       123M       5.7M        29M       3.2G

MemTotal:        4016004 kB
MemFree:          106336 kB
Active:           407672 kB
Mem:          3.8G       3.7G       103M       5.7M        29M       3.3G

MemTotal:        4016004 kB
MemFree:          128024 kB
Active:           405624 kB
Mem:          3.8G       3.7G       124M       5.7M        29M       3.2G

MemTotal:        4016004 kB
MemFree:          113084 kB
Active:           404488 kB
Mem:          3.8G       3.7G       110M       5.7M        29M       3.3G

MemTotal:        4016004 kB
MemFree:          105468 kB
Active:           405512 kB
Mem:          3.8G       3.7G       113M       5.7M        29M       3.2G

MemTotal:        4016004 kB
MemFree:          127360 kB
Active:           403348 kB
Mem:          3.8G       3.7G       123M       5.7M        29M       3.2G

MemTotal:        4016004 kB
MemFree:          110428 kB
Active:           402452 kB
Mem:          3.8G       3.7G       107M       5.7M        29M       3.3G

MemTotal:        4016004 kB
MemFree:          127120 kB
Active:           400664 kB
Mem:          3.8G       3.7G       123M       5.7M        29M       3.2G

MemTotal:        4016004 kB
MemFree:          121744 kB
Active:           399264 kB
Mem:          3.8G       3.7G       118M       5.7M        29M       3.2G

MemTotal:        4016004 kB
MemFree:          127436 kB
Active:           397856 kB
Mem:          3.8G       3.7G       123M       5.7M        29M       3.2G

MemTotal:        4016004 kB
MemFree:          126324 kB
Active:           396324 kB
Mem:          3.8G       3.7G       123M       5.7M        29M       3.2G

MemTotal:        4016004 kB
MemFree:          118112 kB
Active:           395176 kB
Mem:          3.8G       3.7G       114M       5.7M        29M       3.2G

MemTotal:        4016004 kB
MemFree:          128720 kB
Active:           393256 kB
Mem:          3.8G       3.7G       125M       5.7M        29M       3.2G

MemTotal:        4016004 kB
MemFree:          121440 kB
Active:           392876 kB
Mem:          3.8G       3.7G       118M       5.7M        29M       3.2G

MemTotal:        4016004 kB
MemFree:          112800 kB
Active:           392684 kB
Mem:          3.8G       3.7G       109M       5.7M        29M       3.3G

MemTotal:        4016004 kB
MemFree:          111848 kB
Active:           392692 kB
Mem:          3.8G       3.7G       109M       5.7M        29M       3.3G

MemTotal:        4016004 kB
MemFree:          135432 kB
Active:           392704 kB
Mem:          3.8G       3.7G       132M       5.7M        29M       3.2G

MemTotal:        4016004 kB
MemFree:          127356 kB
Active:           392704 kB
Mem:          3.8G       3.7G       124M       5.7M        29M       3.2G

MemTotal:        4016004 kB
MemFree:          115576 kB
Active:           392580 kB
Mem:          3.8G       3.7G       112M       5.7M        29M       3.2G

MemTotal:        4016004 kB
MemFree:          106912 kB
Active:           392580 kB
Mem:          3.8G       3.7G       104M       5.7M        29M       3.3G

MemTotal:        4016004 kB
MemFree:          112644 kB
Active:           392476 kB
Mem:          3.8G       3.7G       109M       5.7M        29M       3.3G

MemTotal:        4016004 kB
MemFree:          126732 kB
Active:           392480 kB
Mem:          3.8G       3.7G       124M       5.7M        29M       3.2G

MemTotal:        4016004 kB
MemFree:          118796 kB
Active:           392492 kB
Mem:          3.8G       3.7G       116M       5.7M        29M       3.2G

MemTotal:        4016004 kB
MemFree:          125960 kB
Active:           392512 kB
Mem:          3.8G       3.7G       122M       5.7M        29M       3.2G

MemTotal:        4016004 kB
MemFree:          145116 kB
Active:           394684 kB
Mem:          3.8G       3.7G       141M       5.7M        29M       3.2G

MemTotal:        4016004 kB
MemFree:          123008 kB
Active:           393228 kB
Mem:          3.8G       3.7G       121M       5.7M        29M       3.2G

MemTotal:        4016004 kB
MemFree:          105708 kB
Active:           392320 kB
Mem:          3.8G       3.7G       102M       5.7M        29M       3.3G

MemTotal:        4016004 kB
MemFree:          124616 kB
Active:           392164 kB
Mem:          3.8G       3.7G       121M       5.7M        29M       3.2G

MemTotal:        4016004 kB
MemFree:          116460 kB
Active:           392128 kB
Mem:          3.8G       3.7G       113M       5.7M        29M       3.2G

MemTotal:        4016004 kB
MemFree:          125664 kB
Active:           392168 kB
Mem:          3.8G       3.7G       122M       5.7M        29M       3.2G

MemTotal:        4016004 kB
MemFree:          119740 kB
Active:           392172 kB
Mem:          3.8G       3.7G       116M       5.7M        29M       3.2G

MemTotal:        4016004 kB
MemFree:          111092 kB
Active:           392384 kB
Mem:          3.8G       3.7G       107M       5.7M        29M       3.3G

MemTotal:        4016004 kB
MemFree:          125180 kB
Active:           391952 kB
Mem:          3.8G       3.7G       122M       5.7M        29M       3.2G

MemTotal:        4016004 kB
MemFree:          106420 kB
Active:           391952 kB
Mem:          3.8G       3.7G       102M       5.7M        29M       3.3G

MemTotal:        4016004 kB
MemFree:          134788 kB
Active:           390948 kB
Mem:          3.8G       3.7G       131M       5.7M        29M       3.2G

MemTotal:        4016004 kB
MemFree:          135784 kB
Active:           392880 kB
Mem:          3.8G       3.7G       132M       5.7M        29M       3.2G

MemTotal:        4016004 kB
MemFree:          135792 kB
Active:           392912 kB
Mem:          3.8G       3.7G       132M       5.7M        29M       3.2G

MemTotal:        4016004 kB
MemFree:          133868 kB
Active:           390580 kB
Mem:          3.8G       3.7G       130M       5.7M        29M       3.2G

MemTotal:        4016004 kB
MemFree:          115800 kB
Active:           390360 kB
Mem:          3.8G       3.7G       112M       5.7M        29M       3.2G

MemTotal:        4016004 kB
MemFree:          108064 kB
Active:           390360 kB
Mem:          3.8G       3.7G       105M       5.7M        29M       3.3G

MemTotal:        4016004 kB
MemFree:          123680 kB
Active:           390328 kB
Mem:          3.8G       3.7G       120M       5.7M        29M       3.2G

MemTotal:        4016004 kB
MemFree:          144328 kB
Active:           390220 kB
Mem:          3.8G       3.7G       140M       5.7M        29M       3.2G

MemTotal:        4016004 kB
MemFree:          125212 kB
Active:           390152 kB
Mem:          3.8G       3.7G       121M       5.7M        29M       3.2G

MemTotal:        4016004 kB
MemFree:          105752 kB
Active:           390160 kB
Mem:          3.8G       3.7G       103M       5.7M        29M       3.3G

MemTotal:        4016004 kB
MemFree:          121644 kB
Active:           389868 kB
Mem:          3.8G       3.7G       119M       5.7M        29M       3.2G

MemTotal:        4016004 kB
MemFree:          130960 kB
Active:           392988 kB
Mem:          3.8G       3.7G       127M       5.7M        29M       3.2G

MemTotal:        4016004 kB
MemFree:          124204 kB
Active:           392852 kB
Mem:          3.8G       3.7G       121M       5.7M        29M       3.2G

MemTotal:        4016004 kB
MemFree:          110816 kB
Active:           392880 kB
Mem:          3.8G       3.7G       107M       5.7M        29M       3.3G

MemTotal:        4016004 kB
MemFree:          122068 kB
Active:           392880 kB
Mem:          3.8G       3.7G       119M       5.7M        29M       3.2G

MemTotal:        4016004 kB
MemFree:          122612 kB
Active:           388308 kB
Mem:          3.8G       3.7G       119M       5.7M        29M       3.2G

MemTotal:        4016004 kB
MemFree:          107464 kB
Active:           388140 kB
Mem:          3.8G       3.7G       104M       5.7M        29M       3.3G

MemTotal:        4016004 kB
MemFree:          116244 kB
Active:           388140 kB
Mem:          3.8G       3.7G       113M       5.7M        29M       3.2G

MemTotal:        4016004 kB
MemFree:          108268 kB
Active:           388144 kB
Mem:          3.8G       3.7G       105M       5.7M        29M       3.3G

MemTotal:        4016004 kB
MemFree:          121160 kB
Active:           388148 kB
Mem:          3.8G       3.7G       118M       5.7M        29M       3.2G

MemTotal:        4016004 kB
MemFree:          114116 kB
Active:           388148 kB
Mem:          3.8G       3.7G       110M       5.7M        29M       3.2G

MemTotal:        4016004 kB
MemFree:          105356 kB
Active:           388156 kB
Mem:          3.8G       3.7G       102M       5.7M        29M       3.3G

MemTotal:        4016004 kB
MemFree:          130640 kB
Active:           386128 kB
Mem:          3.8G       3.7G       127M       5.7M        29M       3.2G

MemTotal:        4016004 kB
MemFree:          133840 kB
Active:           385932 kB
Mem:          3.8G       3.7G       130M       5.7M        29M       3.2G

MemTotal:        4016004 kB
MemFree:          141616 kB
Active:           385952 kB
Mem:          3.8G       3.7G       138M       5.7M        29M       3.2G

MemTotal:        4016004 kB
MemFree:          134548 kB
Active:           385940 kB
Mem:          3.8G       3.7G       131M       5.7M        29M       3.2G

MemTotal:        4016004 kB
MemFree:          123324 kB
Active:           385964 kB
Mem:          3.8G       3.7G       120M       5.7M        29M       3.2G

MemTotal:        4016004 kB
MemFree:          120324 kB
Active:           385924 kB
Mem:          3.8G       3.7G       117M       5.7M        29M       3.2G

MemTotal:        4016004 kB
MemFree:          124136 kB
Active:           385988 kB
Mem:          3.8G       3.7G       121M       5.7M        29M       3.2G

MemTotal:        4016004 kB
MemFree:          117736 kB
Active:           385988 kB
Mem:          3.8G       3.7G       114M       5.7M        29M       3.2G

MemTotal:        4016004 kB
MemFree:          127904 kB
Active:           385988 kB
Mem:          3.8G       3.7G       124M       5.7M        29M       3.2G

MemTotal:        4016004 kB
MemFree:          119280 kB
Active:           385996 kB
Mem:          3.8G       3.7G       116M       5.7M        29M       3.2G

MemTotal:        4016004 kB
MemFree:          111728 kB
Active:           385996 kB
Mem:          3.8G       3.7G       108M       5.7M        29M       3.2G

MemTotal:        4016004 kB
MemFree:          123556 kB
Active:           384472 kB
Mem:          3.8G       3.7G       120M       5.7M        29M       3.2G

MemTotal:        4016004 kB
MemFree:          113124 kB
Active:           384380 kB
Mem:          3.8G       3.7G       110M       5.7M        29M       3.2G

MemTotal:        4016004 kB
MemFree:          106800 kB
Active:           384384 kB
Mem:          3.8G       3.7G       104M       5.7M        29M       3.3G

MemTotal:        4016004 kB
MemFree:          112116 kB
Active:           384392 kB
Mem:          3.8G       3.7G       109M       5.7M        29M       3.2G

MemTotal:        4016004 kB
MemFree:          104880 kB
Active:           384396 kB
Mem:          3.8G       3.7G       116M       5.7M        29M       3.2G

MemTotal:        4016004 kB
MemFree:          128608 kB
Active:           384228 kB
Mem:          3.8G       3.7G       125M       5.7M        29M       3.2G

MemTotal:        4016004 kB
MemFree:          116412 kB
Active:           384280 kB
Mem:          3.8G       3.7G       113M       5.7M        29M       3.2G

MemTotal:        4016004 kB
MemFree:          109912 kB
Active:           386248 kB
Mem:          3.8G       3.7G       106M       5.7M        29M       3.2G

MemTotal:        4016004 kB
MemFree:          128084 kB
Active:           383288 kB
Mem:          3.8G       3.7G       124M       5.7M        29M       3.2G

MemTotal:        4016004 kB
MemFree:          126260 kB
Active:           382952 kB
Mem:          3.8G       3.7G       123M       5.7M        29M       3.2G

MemTotal:        4016004 kB
MemFree:          107668 kB
Active:           382952 kB
Mem:          3.8G       3.7G       104M       5.7M        29M       3.2G

MemTotal:        4016004 kB
MemFree:          124512 kB
Active:           382956 kB
Mem:          3.8G       3.7G       121M       5.7M        29M       3.2G

MemTotal:        4016004 kB
MemFree:          116916 kB
Active:           382956 kB
Mem:          3.8G       3.7G       113M       5.7M        29M       3.2G

MemTotal:        4016004 kB
MemFree:          107752 kB
Active:           382964 kB
Mem:          3.8G       3.7G       104M       5.7M        29M       3.2G

MemTotal:        4016004 kB
MemFree:          114136 kB
Active:           382964 kB
Mem:          3.8G       3.7G       111M       5.7M        29M       3.2G

MemTotal:        4016004 kB
MemFree:          124716 kB
Active:           382952 kB
Mem:          3.8G       3.7G       121M       5.7M        29M       3.2G

MemTotal:        4016004 kB
MemFree:          127392 kB
Active:           382976 kB
Mem:          3.8G       3.7G       124M       5.7M        29M       3.2G

MemTotal:        4016004 kB
MemFree:          107732 kB
Active:           382968 kB
Mem:          3.8G       3.7G       104M       5.7M        29M       3.2G

MemTotal:        4016004 kB
MemFree:          129832 kB
Active:           373148 kB
Mem:          3.8G       3.7G       125M       5.7M        29M       3.2G

MemTotal:        4016004 kB
MemFree:          147252 kB
Active:           372908 kB
Mem:          3.8G       3.7G       144M       5.7M        29M       3.2G

MemTotal:        4016004 kB
MemFree:          127688 kB
Active:           372908 kB
Mem:          3.8G       3.7G       124M       5.7M        29M       3.2G

MemTotal:        4016004 kB
MemFree:          136696 kB
Active:           372784 kB
Mem:          3.8G       3.7G       133M       5.7M        29M       3.2G

MemTotal:        4016004 kB
MemFree:          129224 kB
Active:           372784 kB
Mem:          3.8G       3.7G       125M       5.7M        29M       3.2G

MemTotal:        4016004 kB
MemFree:          115100 kB
Active:           372792 kB
Mem:          3.8G       3.7G       111M       5.7M        29M       3.2G

MemTotal:        4016004 kB
MemFree:          106448 kB
Active:           372792 kB
Mem:          3.8G       3.7G       103M       5.7M        29M       3.2G

MemTotal:        4016004 kB
MemFree:          115692 kB
Active:           372792 kB
Mem:          3.8G       3.7G       112M       5.7M        29M       3.2G

MemTotal:        4016004 kB
MemFree:          108104 kB
Active:           372796 kB
Mem:          3.8G       3.7G       105M       5.7M        29M       3.2G

MemTotal:        4016004 kB
MemFree:          125068 kB
Active:           372796 kB
Mem:          3.8G       3.7G       122M       5.7M        29M       3.2G

MemTotal:        4016004 kB
MemFree:          107984 kB
Active:           372804 kB
Mem:          3.8G       3.7G       105M       5.7M        29M       3.2G

MemTotal:        4016004 kB
MemFree:          127144 kB
Active:           370008 kB
Mem:          3.8G       3.7G       123M       5.7M        29M       3.2G

MemTotal:        4016004 kB
MemFree:          110880 kB
Active:           369976 kB
Mem:          3.8G       3.7G       108M       5.7M        29M       3.2G

MemTotal:        4016004 kB
MemFree:          126896 kB
Active:           370024 kB
Mem:          3.8G       3.7G       123M       5.7M        29M       3.2G

MemTotal:        4016004 kB
MemFree:          124724 kB
Active:           370024 kB
Mem:          3.8G       3.7G       121M       5.7M        29M       3.2G

MemTotal:        4016004 kB
MemFree:          105544 kB
Active:           370028 kB
Mem:          3.8G       3.7G       103M       5.7M        29M       3.2G

MemTotal:        4016004 kB
MemFree:          126668 kB
Active:           370032 kB
Mem:          3.8G       3.7G       123M       5.7M        29M       3.2G

MemTotal:        4016004 kB
MemFree:          119128 kB
Active:           370008 kB
Mem:          3.8G       3.7G       116M       5.7M        29M       3.2G

MemTotal:        4016004 kB
MemFree:          110352 kB
Active:           370004 kB
Mem:          3.8G       3.7G       107M       5.7M        29M       3.2G

MemTotal:        4016004 kB
MemFree:          118440 kB
Active:           368948 kB
Mem:          3.8G       3.7G       115M       5.7M        29M       3.2G

MemTotal:        4016004 kB
MemFree:          111968 kB
Active:           370104 kB
Mem:          3.8G       3.7G       109M       5.7M        29M       3.2G

MemTotal:        4016004 kB
MemFree:          105616 kB
Active:           369976 kB
Mem:          3.8G       3.7G       102M       5.7M        29M       3.2G

MemTotal:        4016004 kB
MemFree:          109328 kB
Active:           369720 kB
Mem:          3.8G       3.7G       105M       5.7M        29M       3.2G

MemTotal:        4016004 kB
MemFree:          129820 kB
Active:           367128 kB
Mem:          3.8G       3.7G       126M       5.7M        29M       3.2G

MemTotal:        4016004 kB
MemFree:          125028 kB
Active:           367028 kB
Mem:          3.8G       3.7G       122M       5.7M        29M       3.2G

MemTotal:        4016004 kB
MemFree:          137812 kB
Active:           367020 kB
Mem:          3.8G       3.7G       133M       5.7M        29M       3.2G

MemTotal:        4016004 kB
MemFree:          130544 kB
Active:           367044 kB
Mem:          3.8G       3.7G       126M       5.7M        29M       3.2G

MemTotal:        4016004 kB
MemFree:          122564 kB
Active:           367012 kB
Mem:          3.8G       3.7G       118M       5.7M        29M       3.2G

MemTotal:        4016004 kB
MemFree:          125700 kB
Active:           367024 kB
Mem:          3.8G       3.7G       122M       5.7M        29M       3.2G

MemTotal:        4016004 kB
MemFree:          106048 kB
Active:           367056 kB
Mem:          3.8G       3.7G       103M       5.7M        29M       3.2G

MemTotal:        4016004 kB
MemFree:          135672 kB
Active:           367064 kB
Mem:          3.8G       3.7G       132M       5.7M        29M       3.2G

MemTotal:        4016004 kB
MemFree:          128888 kB
Active:           367064 kB
Mem:          3.8G       3.7G       125M       5.7M        29M       3.2G

MemTotal:        4016004 kB
MemFree:          138568 kB
Active:           367064 kB
Mem:          3.8G       3.7G       135M       5.7M        29M       3.2G

MemTotal:        4016004 kB
MemFree:          130676 kB
Active:           367064 kB
Mem:          3.8G       3.7G       126M       5.7M        29M       3.2G

MemTotal:        4016004 kB
MemFree:          127712 kB
Active:           367064 kB
Mem:          3.8G       3.7G       124M       5.7M        29M       3.2G

MemTotal:        4016004 kB
MemFree:          116364 kB
Active:           367020 kB
Mem:          3.8G       3.7G       113M       5.7M        29M       3.2G

MemTotal:        4016004 kB
MemFree:          110360 kB
Active:           364664 kB
Mem:          3.8G       3.7G       107M       5.7M        29M       3.2G

MemTotal:        4016004 kB
MemFree:          117116 kB
Active:           364420 kB
Mem:          3.8G       3.7G       114M       5.7M        29M       3.2G

MemTotal:        4016004 kB
MemFree:          133012 kB
Active:           364428 kB
Mem:          3.8G       3.7G       129M       5.7M        29M       3.2G

MemTotal:        4016004 kB
MemFree:          123592 kB
Active:           365816 kB
Mem:          3.8G       3.7G       120M       5.7M        29M       3.2G

MemTotal:        4016004 kB
MemFree:          117004 kB
Active:           365836 kB
Mem:          3.8G       3.7G       114M       5.7M        29M       3.2G

MemTotal:        4016004 kB
MemFree:          126116 kB
Active:           365720 kB
Mem:          3.8G       3.7G       122M       5.7M        29M       3.2G

MemTotal:        4016004 kB
MemFree:          116688 kB
Active:           365724 kB
Mem:          3.8G       3.7G       113M       5.7M        29M       3.2G

MemTotal:        4016004 kB
MemFree:          108516 kB
Active:           365732 kB
Mem:          3.8G       3.7G       105M       5.7M        29M       3.2G

MemTotal:        4016004 kB
MemFree:          113160 kB
Active:           365756 kB
Mem:          3.8G       3.7G       109M       5.7M        29M       3.2G

MemTotal:        4016004 kB
MemFree:          128880 kB
Active:           365768 kB
Mem:          3.8G       3.7G       125M       5.7M        29M       3.2G

MemTotal:        4016004 kB
MemFree:          119480 kB
Active:           365760 kB
Mem:          3.8G       3.7G       116M       5.7M        29M       3.2G

MemTotal:        4016004 kB
MemFree:          119336 kB
Active:           365784 kB
Mem:          3.8G       3.7G       125M       5.7M        29M       3.2G

MemTotal:        4016004 kB
MemFree:          124212 kB
Active:           365788 kB
Mem:          3.8G       3.7G       121M       5.7M        29M       3.2G

MemTotal:        4016004 kB
MemFree:          107876 kB
Active:           362892 kB
Mem:          3.8G       3.7G       105M       5.7M        29M       3.2G

MemTotal:        4016004 kB
MemFree:          125516 kB
Active:           362844 kB
Mem:          3.8G       3.7G       122M       5.7M        29M       3.2G

MemTotal:        4016004 kB
MemFree:          123328 kB
Active:           362868 kB
Mem:          3.8G       3.7G       119M       5.7M        29M       3.2G

MemTotal:        4016004 kB
MemFree:          108336 kB
Active:           362828 kB
Mem:          3.8G       3.7G       105M       5.7M        29M       3.2G

MemTotal:        4016004 kB
MemFree:          135060 kB
Active:           362856 kB
Mem:          3.8G       3.7G       132M       5.7M        29M       3.2G

MemTotal:        4016004 kB
MemFree:          133104 kB
Active:           362868 kB
Mem:          3.8G       3.7G       130M       5.7M        29M       3.2G

MemTotal:        4016004 kB
MemFree:          131908 kB
Active:           362816 kB
Mem:          3.8G       3.7G       127M       5.7M        29M       3.2G

MemTotal:        4016004 kB
MemFree:          142076 kB
Active:           362876 kB
Mem:          3.8G       3.7G       138M       5.7M        29M       3.2G

MemTotal:        4016004 kB
MemFree:          121528 kB
Active:           362876 kB
Mem:          3.8G       3.7G       118M       5.7M        29M       3.2G

MemTotal:        4016004 kB
MemFree:          110016 kB
Active:           362856 kB
Mem:          3.8G       3.7G       106M       5.7M        29M       3.2G

MemTotal:        4016004 kB
MemFree:          126364 kB
Active:           362908 kB
Mem:          3.8G       3.7G       123M       5.7M        29M       3.2G

MemTotal:        4016004 kB
MemFree:          128920 kB
Active:           362908 kB
Mem:          3.8G       3.7G       125M       5.7M        29M       3.2G

MemTotal:        4016004 kB
MemFree:          109040 kB
Active:           362864 kB
Mem:          3.8G       3.7G       106M       5.7M        29M       3.2G

MemTotal:        4016004 kB
MemFree:          126188 kB
Active:           362916 kB
Mem:          3.8G       3.7G       122M       5.7M        29M       3.2G

MemTotal:        4016004 kB
MemFree:          106140 kB
Active:           362916 kB
Mem:          3.8G       3.7G       103M       5.7M        29M       3.2G

MemTotal:        4016004 kB
MemFree:          117248 kB
Active:           362916 kB
Mem:          3.8G       3.7G       114M       5.7M        29M       3.2G

MemTotal:        4016004 kB
MemFree:          108056 kB
Active:           362916 kB
Mem:          3.8G       3.7G       105M       5.7M        29M       3.2G

MemTotal:        4016004 kB
MemFree:          116080 kB
Active:           360452 kB
Mem:          3.8G       3.7G       113M       5.7M        29M       3.2G

MemTotal:        4016004 kB
MemFree:          109320 kB
Active:           360408 kB
Mem:          3.8G       3.7G       106M       5.7M        29M       3.2G

MemTotal:        4016004 kB
MemFree:          126736 kB
Active:           360408 kB
Mem:          3.8G       3.7G       122M       5.7M        29M       3.2G

MemTotal:        4016004 kB
MemFree:          121040 kB
Active:           360408 kB
Mem:          3.8G       3.7G       117M       5.7M        29M       3.2G

MemTotal:        4016004 kB
MemFree:          127136 kB
Active:           360272 kB
Mem:          3.8G       3.7G       123M       5.7M        29M       3.2G

MemTotal:        4016004 kB
MemFree:          127796 kB
Active:           360192 kB
Mem:          3.8G       3.7G       124M       5.7M        30M       3.2G

MemTotal:        4016004 kB
MemFree:          128420 kB
Active:           360080 kB
Mem:          3.8G       3.7G       125M       5.7M        30M       3.2G

MemTotal:        4016004 kB
MemFree:          128172 kB
Active:           360124 kB
Mem:          3.8G       3.7G       125M       5.7M        30M       3.2G

MemTotal:        4016004 kB
MemFree:          128296 kB
Active:           360072 kB
Mem:          3.8G       3.7G       125M       5.7M        30M       3.2G

MemTotal:        4016004 kB
MemFree:          128296 kB
Active:           360084 kB
Mem:          3.8G       3.7G       125M       5.7M        30M       3.2G

MemTotal:        4016004 kB
MemFree:          128172 kB
Active:           360080 kB
Mem:          3.8G       3.7G       125M       5.7M        30M       3.2G

MemTotal:        4016004 kB
MemFree:          127676 kB
Active:           360136 kB
Mem:          3.8G       3.7G       124M       5.7M        30M       3.2G

MemTotal:        4016004 kB
MemFree:          127676 kB
Active:           360108 kB
Mem:          3.8G       3.7G       124M       5.7M        30M       3.2G

MemTotal:        4016004 kB
MemFree:          127676 kB
Active:           360116 kB
Mem:          3.8G       3.7G       124M       5.7M        30M       3.2G

MemTotal:        4016004 kB
MemFree:          127304 kB
Active:           360136 kB
Mem:          3.8G       3.7G       124M       5.7M        30M       3.2G

MemTotal:        4016004 kB
MemFree:          127800 kB
Active:           360100 kB
Mem:          3.8G       3.7G       124M       5.7M        30M       3.2G

MemTotal:        4016004 kB
MemFree:          127800 kB
Active:           360108 kB
Mem:          3.8G       3.7G       124M       5.7M        30M       3.2G

MemTotal:        4016004 kB
MemFree:          127552 kB
Active:           360136 kB
Mem:          3.8G       3.7G       124M       5.7M        30M       3.2G

MemTotal:        4016004 kB
MemFree:          127676 kB
Active:           360124 kB
Mem:          3.8G       3.7G       124M       5.7M        30M       3.2G

MemTotal:        4016004 kB
MemFree:          127552 kB
Active:           360140 kB
Mem:          3.8G       3.7G       124M       5.7M        30M       3.2G

MemTotal:        4016004 kB
MemFree:          127428 kB
Active:           360140 kB
Mem:          3.8G       3.7G       124M       5.7M        30M       3.2G

MemTotal:        4016004 kB
MemFree:          127304 kB
Active:           360140 kB
Mem:          3.8G       3.7G       124M       5.7M        30M       3.2G

MemTotal:        4016004 kB
MemFree:          125132 kB
Active:           360140 kB
Mem:          3.8G       3.7G       122M       5.7M        30M       3.2G

MemTotal:        4016004 kB
MemFree:          125504 kB
Active:           362148 kB
Mem:          3.8G       3.7G       122M       5.7M        30M       3.2G

MemTotal:        4016004 kB
MemFree:          125132 kB
Active:           362192 kB
Mem:          3.8G       3.7G       122M       5.7M        30M       3.2G

MemTotal:        4016004 kB
MemFree:          125628 kB
Active:           362160 kB
Mem:          3.8G       3.7G       122M       5.7M        30M       3.2G

MemTotal:        4016004 kB
MemFree:          125628 kB
Active:           362180 kB
Mem:          3.8G       3.7G       122M       5.7M        30M       3.2G

MemTotal:        4016004 kB
MemFree:          125628 kB
Active:           362196 kB
Mem:          3.8G       3.7G       122M       5.7M        30M       3.2G

MemTotal:        4016004 kB
MemFree:          125256 kB
Active:           362204 kB
Mem:          3.8G       3.7G       122M       5.7M        30M       3.2G

MemTotal:        4016004 kB
MemFree:          125752 kB
Active:           362164 kB
Mem:          3.8G       3.7G       122M       5.7M        30M       3.2G

MemTotal:        4016004 kB
MemFree:          125752 kB
Active:           362180 kB
Mem:          3.8G       3.7G       122M       5.7M        30M       3.2G

MemTotal:        4016004 kB
MemFree:          126000 kB
Active:           362196 kB
Mem:          3.8G       3.7G       123M       5.7M        30M       3.2G

MemTotal:        4016004 kB
MemFree:          125752 kB
Active:           362212 kB
Mem:          3.8G       3.7G       122M       5.7M        30M       3.2G

MemTotal:        4016004 kB
MemFree:          126032 kB
Active:           362188 kB
Mem:          3.8G       3.7G       122M       5.7M        30M       3.2G

MemTotal:        4016004 kB
MemFree:          126032 kB
Active:           362208 kB
Mem:          3.8G       3.7G       123M       5.7M        30M       3.2G

MemTotal:        4016004 kB
MemFree:          126156 kB
Active:           362176 kB
Mem:          3.8G       3.7G       123M       5.7M        30M       3.2G

MemTotal:        4016004 kB
MemFree:          126156 kB
Active:           362180 kB
Mem:          3.8G       3.7G       123M       5.7M        30M       3.2G

MemTotal:        4016004 kB
MemFree:          125784 kB
Active:           362220 kB
Mem:          3.8G       3.7G       122M       5.7M        30M       3.2G

MemTotal:        4016004 kB
MemFree:          126032 kB
Active:           362216 kB
Mem:          3.8G       3.7G       123M       5.7M        30M       3.2G

MemTotal:        4016004 kB
MemFree:          126032 kB
Active:           362176 kB
Mem:          3.8G       3.7G       123M       5.7M        30M       3.2G

MemTotal:        4016004 kB
MemFree:          126280 kB
Active:           362196 kB
Mem:          3.8G       3.7G       123M       5.7M        30M       3.2G

MemTotal:        4016004 kB
MemFree:          125784 kB
Active:           362228 kB
Mem:          3.8G       3.7G       123M       5.7M        30M       3.2G

MemTotal:        4016004 kB
MemFree:          125784 kB
Active:           362228 kB
Mem:          3.8G       3.7G       122M       5.7M        30M       3.2G

MemTotal:        4016004 kB
MemFree:          125908 kB
Active:           362220 kB
Mem:          3.8G       3.7G       122M       5.7M        30M       3.2G

MemTotal:        4016004 kB
MemFree:          125412 kB
Active:           362232 kB
Mem:          3.8G       3.7G       122M       5.7M        30M       3.2G

MemTotal:        4016004 kB
MemFree:          126032 kB
Active:           362216 kB
Mem:          3.8G       3.7G       122M       5.7M        30M       3.2G

MemTotal:        4016004 kB
MemFree:          126032 kB
Active:           362228 kB
Mem:          3.8G       3.7G       122M       5.7M        30M       3.2G

MemTotal:        4016004 kB
MemFree:          126156 kB
Active:           362216 kB
Mem:          3.8G       3.7G       123M       5.7M        30M       3.2G

MemTotal:        4016004 kB
MemFree:          125660 kB
Active:           362240 kB
Mem:          3.8G       3.7G       122M       5.7M        30M       3.2G

MemTotal:        4016004 kB
MemFree:          125040 kB
Active:           362240 kB
Mem:          3.8G       3.7G       122M       5.7M        30M       3.2G

MemTotal:        4016004 kB
MemFree:          125660 kB
Active:           362212 kB
Mem:          3.8G       3.7G       122M       5.7M        30M       3.2G

MemTotal:        4016004 kB
MemFree:          125164 kB
Active:           362248 kB
Mem:          3.8G       3.7G       122M       5.7M        30M       3.2G

MemTotal:        4016004 kB
MemFree:          125536 kB
Active:           362196 kB
Mem:          3.8G       3.7G       122M       5.7M        30M       3.2G

MemTotal:        4016004 kB
MemFree:          125536 kB
Active:           362232 kB
Mem:          3.8G       3.7G       122M       5.7M        30M       3.2G

MemTotal:        4016004 kB
MemFree:          125784 kB
Active:           362204 kB
Mem:          3.8G       3.7G       122M       5.7M        30M       3.2G

MemTotal:        4016004 kB
MemFree:          126032 kB
Active:           362212 kB
Mem:          3.8G       3.7G       122M       5.7M        30M       3.2G

MemTotal:        4016004 kB
MemFree:          125908 kB
Active:           362244 kB
Mem:          3.8G       3.7G       122M       5.7M        30M       3.2G

MemTotal:        4016004 kB
MemFree:          126032 kB
Active:           362212 kB
Mem:          3.8G       3.7G       123M       5.7M        30M       3.2G

MemTotal:        4016004 kB
MemFree:          126156 kB
Active:           362216 kB
Mem:          3.8G       3.7G       123M       5.7M        30M       3.2G

MemTotal:        4016004 kB
MemFree:          125908 kB
Active:           362236 kB
Mem:          3.8G       3.7G       122M       5.7M        30M       3.2G

MemTotal:        4016004 kB
MemFree:          125908 kB
Active:           362252 kB
Mem:          3.8G       3.7G       122M       5.7M        30M       3.2G

MemTotal:        4016004 kB
MemFree:          126032 kB
Active:           362224 kB
Mem:          3.8G       3.7G       122M       5.7M        30M       3.2G

MemTotal:        4016004 kB
MemFree:          125412 kB
Active:           362260 kB
Mem:          3.8G       3.7G       122M       5.7M        30M       3.2G

MemTotal:        4016004 kB
MemFree:          124668 kB
Active:           362260 kB
Mem:          3.8G       3.7G       121M       5.7M        30M       3.2G

MemTotal:        4016004 kB
MemFree:          125164 kB
Active:           362240 kB
Mem:          3.8G       3.7G       122M       5.7M        30M       3.2G

MemTotal:        4016004 kB
MemFree:          124792 kB
Active:           362260 kB
Mem:          3.8G       3.7G       121M       5.7M        30M       3.2G

MemTotal:        4016004 kB
MemFree:          125164 kB
Active:           362268 kB
Mem:          3.8G       3.7G       122M       5.7M        30M       3.2G

MemTotal:        4016004 kB
MemFree:          125536 kB
Active:           362216 kB
Mem:          3.8G       3.7G       122M       5.7M        30M       3.2G

MemTotal:        4016004 kB
MemFree:          125180 kB
Active:           362268 kB
Mem:          3.8G       3.7G       122M       5.7M        30M       3.2G

MemTotal:        4016004 kB
MemFree:          125552 kB
Active:           362260 kB
Mem:          3.8G       3.7G       122M       5.7M        30M       3.2G

MemTotal:        4016004 kB
MemFree:          125676 kB
Active:           362232 kB
Mem:          3.8G       3.7G       122M       5.7M        30M       3.2G

MemTotal:        4016004 kB
MemFree:          125676 kB
Active:           362228 kB
Mem:          3.8G       3.7G       122M       5.7M        30M       3.2G

MemTotal:        4016004 kB
MemFree:          125800 kB
Active:           362264 kB
Mem:          3.8G       3.7G       122M       5.7M        30M       3.2G

MemTotal:        4016004 kB
MemFree:          126048 kB
Active:           362268 kB
Mem:          3.8G       3.7G       122M       5.7M        30M       3.2G

MemTotal:        4016004 kB
MemFree:          126172 kB
Active:           362248 kB
Mem:          3.8G       3.7G       122M       5.7M        30M       3.2G

MemTotal:        4016004 kB
MemFree:          126048 kB
Active:           362252 kB
Mem:          3.8G       3.7G       123M       5.7M        30M       3.2G

MemTotal:        4016004 kB
MemFree:          125800 kB
Active:           362284 kB
Mem:          3.8G       3.7G       122M       5.7M        30M       3.2G

MemTotal:        4016004 kB
MemFree:          125924 kB
Active:           362276 kB
Mem:          3.8G       3.7G       123M       5.7M        30M       3.2G

MemTotal:        4016004 kB
MemFree:          125924 kB
Active:           362272 kB
Mem:          3.8G       3.7G       122M       5.7M        30M       3.2G

MemTotal:        4016004 kB
MemFree:          125924 kB
Active:           362264 kB
Mem:          3.8G       3.7G       122M       5.7M        30M       3.2G

MemTotal:        4016004 kB
MemFree:          125676 kB
Active:           362272 kB
Mem:          3.8G       3.7G       122M       5.7M        30M       3.2G

MemTotal:        4016004 kB
MemFree:          125676 kB
Active:           362268 kB
Mem:          3.8G       3.7G       122M       5.7M        30M       3.2G

MemTotal:        4016004 kB
MemFree:          125180 kB
Active:           362300 kB
Mem:          3.8G       3.7G       122M       5.7M        30M       3.2G

MemTotal:        4016004 kB
MemFree:          125056 kB
Active:           362300 kB
Mem:          3.8G       3.7G       122M       5.7M        30M       3.2G

MemTotal:        4016004 kB
MemFree:          125428 kB
Active:           362248 kB
Mem:          3.8G       3.7G       122M       5.7M        30M       3.2G

MemTotal:        4016004 kB
MemFree:          125428 kB
Active:           362276 kB
Mem:          3.8G       3.7G       122M       5.7M        30M       3.2G

MemTotal:        4016004 kB
MemFree:          124932 kB
Active:           362308 kB
Mem:          3.8G       3.7G       122M       5.7M        30M       3.2G

MemTotal:        4016004 kB
MemFree:          125552 kB
Active:           362284 kB
Mem:          3.8G       3.7G       122M       5.7M        30M       3.2G

MemTotal:        4016004 kB
MemFree:          125552 kB
Active:           362256 kB
Mem:          3.8G       3.7G       122M       5.7M        30M       3.2G

MemTotal:        4016004 kB
MemFree:          125924 kB
Active:           362284 kB
Mem:          3.8G       3.7G       122M       5.7M        30M       3.2G

MemTotal:        4016004 kB
MemFree:          125676 kB
Active:           362288 kB
Mem:          3.8G       3.7G       122M       5.7M        30M       3.2G

MemTotal:        4016004 kB
MemFree:          125924 kB
Active:           362300 kB
Mem:          3.8G       3.7G       123M       5.7M        30M       3.2G

MemTotal:        4016004 kB
MemFree:          126172 kB
Active:           362264 kB
Mem:          3.8G       3.7G       123M       5.7M        30M       3.2G

MemTotal:        4016004 kB
MemFree:          125676 kB
Active:           362328 kB
Mem:          3.8G       3.7G       122M       5.7M        30M       3.2G

MemTotal:        4016004 kB
MemFree:          126048 kB
Active:           362308 kB
Mem:          3.8G       3.7G       122M       5.7M        30M       3.2G

MemTotal:        4016004 kB
MemFree:          126048 kB
Active:           362272 kB
Mem:          3.8G       3.7G       122M       5.7M        30M       3.2G

MemTotal:        4016004 kB
MemFree:          126048 kB
Active:           362296 kB
Mem:          3.8G       3.7G       123M       5.7M        30M       3.2G

MemTotal:        4016004 kB
MemFree:          126048 kB
Active:           362276 kB
Mem:          3.8G       3.7G       122M       5.7M        30M       3.2G

MemTotal:        4016004 kB
MemFree:          126048 kB
Active:           362296 kB
Mem:          3.8G       3.7G       123M       5.7M        30M       3.2G

MemTotal:        4016004 kB
MemFree:          125924 kB
Active:           362324 kB
Mem:          3.8G       3.7G       123M       5.7M        30M       3.2G

MemTotal:        4016004 kB
MemFree:          125552 kB
Active:           362332 kB
Mem:          3.8G       3.7G       122M       5.7M        30M       3.2G

MemTotal:        4016004 kB
MemFree:          125428 kB
Active:           362296 kB
Mem:          3.8G       3.7G       122M       5.7M        30M       3.2G

MemTotal:        4016004 kB
MemFree:          123504 kB
Active:           362316 kB
Mem:          3.8G       3.7G       120M       5.7M        30M       3.2G

MemTotal:        4016004 kB
MemFree:          123504 kB
Active:           364360 kB
Mem:          3.8G       3.7G       120M       5.7M        30M       3.2G

MemTotal:        4016004 kB
MemFree:          123380 kB
Active:           364356 kB
Mem:          3.8G       3.7G       120M       5.7M        30M       3.2G

MemTotal:        4016004 kB
MemFree:          123504 kB
Active:           364400 kB
Mem:          3.8G       3.7G       120M       5.7M        30M       3.2G

MemTotal:        4016004 kB
MemFree:          123380 kB
Active:           364376 kB
Mem:          3.8G       3.7G       120M       5.7M        30M       3.2G

MemTotal:        4016004 kB
MemFree:          123504 kB
Active:           364392 kB
Mem:          3.8G       3.7G       120M       5.7M        30M       3.2G

MemTotal:        4016004 kB
MemFree:          123488 kB
Active:           364420 kB
Mem:          3.8G       3.7G       120M       5.7M        30M       3.2G

MemTotal:        4016004 kB
MemFree:          122992 kB
Active:           364420 kB
Mem:          3.8G       3.7G       120M       5.7M        30M       3.2G

MemTotal:        4016004 kB
MemFree:          122992 kB
Active:           364420 kB
Mem:          3.8G       3.7G       120M       5.7M        30M       3.2G

MemTotal:        4016004 kB
MemFree:          122868 kB
Active:           364428 kB
Mem:          3.8G       3.7G       120M       5.7M        30M       3.2G

MemTotal:        4016004 kB
MemFree:          123364 kB
Active:           364400 kB
Mem:          3.8G       3.7G       120M       5.7M        30M       3.2G

MemTotal:        4016004 kB
MemFree:          123488 kB
Active:           364416 kB
Mem:          3.8G       3.7G       120M       5.7M        30M       3.2G

MemTotal:        4016004 kB
MemFree:          122992 kB
Active:           364428 kB
Mem:          3.8G       3.7G       120M       5.7M        30M       3.2G

MemTotal:        4016004 kB
MemFree:          123364 kB
Active:           364396 kB
Mem:          3.8G       3.7G       120M       5.7M        30M       3.2G

MemTotal:        4016004 kB
MemFree:          123240 kB
Active:           364432 kB
Mem:          3.8G       3.7G       120M       5.7M        30M       3.2G

MemTotal:        4016004 kB
MemFree:          123240 kB
Active:           364436 kB
Mem:          3.8G       3.7G       120M       5.7M        30M       3.2G

MemTotal:        4016004 kB
MemFree:          123612 kB
Active:           364380 kB
Mem:          3.8G       3.7G       120M       5.7M        30M       3.2G

MemTotal:        4016004 kB
MemFree:          123612 kB
Active:           364396 kB
Mem:          3.8G       3.7G       120M       5.7M        30M       3.2G

MemTotal:        4016004 kB
MemFree:          123736 kB
Active:           364400 kB
Mem:          3.8G       3.7G       120M       5.7M        30M       3.2G

MemTotal:        4016004 kB
MemFree:          123860 kB
Active:           364404 kB
Mem:          3.8G       3.7G       120M       5.7M        30M       3.2G

MemTotal:        4016004 kB
MemFree:          123860 kB
Active:           364396 kB
Mem:          3.8G       3.7G       120M       5.7M        30M       3.2G

MemTotal:        4016004 kB
MemFree:          123248 kB
Active:           364444 kB
Mem:          3.8G       3.7G       120M       5.7M        30M       3.2G

MemTotal:        4016004 kB
MemFree:          123636 kB
Active:           364416 kB
Mem:          3.8G       3.7G       120M       5.7M        30M       3.2G

MemTotal:        4016004 kB
MemFree:          123760 kB
Active:           364400 kB
Mem:          3.8G       3.7G       120M       5.7M        30M       3.2G

MemTotal:        4016004 kB
MemFree:          123760 kB
Active:           364432 kB
Mem:          3.8G       3.7G       120M       5.7M        30M       3.2G

MemTotal:        4016004 kB
MemFree:          123264 kB
Active:           364436 kB
Mem:          3.8G       3.7G       120M       5.7M        30M       3.2G

MemTotal:        4016004 kB
MemFree:          123636 kB
Active:           364408 kB
Mem:          3.8G       3.7G       120M       5.7M        30M       3.2G

MemTotal:        4016004 kB
MemFree:          123636 kB
Active:           364420 kB
Mem:          3.8G       3.7G       120M       5.7M        30M       3.2G

MemTotal:        4016004 kB
MemFree:          123884 kB
Active:           364396 kB
Mem:          3.8G       3.7G       120M       5.7M        30M       3.2G

MemTotal:        4016004 kB
MemFree:          123512 kB
Active:           364452 kB
Mem:          3.8G       3.7G       120M       5.7M        30M       3.2G

MemTotal:        4016004 kB
MemFree:          124008 kB
Active:           364412 kB
Mem:          3.8G       3.7G       121M       5.7M        30M       3.2G

MemTotal:        4016004 kB
MemFree:          123884 kB
Active:           364444 kB
Mem:          3.8G       3.7G       120M       5.7M        30M       3.2G

MemTotal:        4016004 kB
MemFree:          123512 kB
Active:           364452 kB
Mem:          3.8G       3.7G       120M       5.7M        30M       3.2G

MemTotal:        4016004 kB
MemFree:          123760 kB
Active:           364452 kB
Mem:          3.8G       3.7G       120M       5.7M        30M       3.2G

MemTotal:        4016004 kB
MemFree:          123760 kB
Active:           364432 kB
Mem:          3.8G       3.7G       120M       5.7M        30M       3.2G

MemTotal:        4016004 kB
MemFree:          123388 kB
Active:           364468 kB
Mem:          3.8G       3.7G       120M       5.7M        30M       3.2G

MemTotal:        4016004 kB
MemFree:          123636 kB
Active:           364456 kB
Mem:          3.8G       3.7G       120M       5.7M        30M       3.2G

MemTotal:        4016004 kB
MemFree:          123388 kB
Active:           364428 kB
Mem:          3.8G       3.7G       120M       5.7M        30M       3.2G

MemTotal:        4016004 kB
MemFree:          123512 kB
Active:           364448 kB
Mem:          3.8G       3.7G       120M       5.7M        30M       3.2G

MemTotal:        4016004 kB
MemFree:          123264 kB
Active:           364472 kB
Mem:          3.8G       3.7G       120M       5.7M        30M       3.2G

MemTotal:        4016004 kB
MemFree:          123388 kB
Active:           364428 kB
Mem:          3.8G       3.7G       119M       5.7M        30M       3.2G

MemTotal:        4016004 kB
MemFree:          122892 kB
Active:           364424 kB
Mem:          3.8G       3.7G       120M       5.7M        30M       3.2G

MemTotal:        4016004 kB
MemFree:          123388 kB
Active:           364436 kB
Mem:          3.8G       3.7G       120M       5.7M        30M       3.2G

MemTotal:        4016004 kB
MemFree:          122892 kB
Active:           364476 kB
Mem:          3.8G       3.7G       120M       5.7M        30M       3.2G

MemTotal:        4016004 kB
MemFree:          122768 kB
Active:           364476 kB
Mem:          3.8G       3.7G       120M       5.7M        30M       3.2G

MemTotal:        4016004 kB
MemFree:          123512 kB
Active:           364424 kB
Mem:          3.8G       3.7G       120M       5.7M        30M       3.2G

MemTotal:        4016004 kB
MemFree:          123016 kB
Active:           364480 kB
Mem:          3.8G       3.7G       120M       5.7M        30M       3.2G

MemTotal:        4016004 kB
MemFree:          123264 kB
Active:           364480 kB
Mem:          3.8G       3.7G       120M       5.7M        30M       3.2G

MemTotal:        4016004 kB
MemFree:          123512 kB
Active:           364440 kB
Mem:          3.8G       3.7G       120M       5.7M        30M       3.2G

MemTotal:        4016004 kB
MemFree:          123512 kB
Active:           364468 kB
Mem:          3.8G       3.7G       120M       5.7M        30M       3.2G

MemTotal:        4016004 kB
MemFree:          123388 kB
Active:           364436 kB
Mem:          3.8G       3.7G       120M       5.7M        30M       3.2G

MemTotal:        4016004 kB
MemFree:          123140 kB
Active:           364468 kB
Mem:          3.8G       3.7G       120M       5.7M        30M       3.2G

MemTotal:        4016004 kB
MemFree:          122892 kB
Active:           364492 kB
Mem:          3.8G       3.7G       120M       5.7M        30M       3.2G

MemTotal:        4016004 kB
MemFree:          123396 kB
Active:           364496 kB
Mem:          3.8G       3.7G       120M       5.7M        30M       3.2G

MemTotal:        4016004 kB
MemFree:          123396 kB
Active:           364468 kB
Mem:          3.8G       3.7G       120M       5.7M        30M       3.2G

MemTotal:        4016004 kB
MemFree:          122900 kB
Active:           364504 kB
Mem:          3.8G       3.7G       120M       5.7M        30M       3.2G

MemTotal:        4016004 kB
MemFree:          123024 kB
Active:           364484 kB
Mem:          3.8G       3.7G       120M       5.7M        30M       3.2G

MemTotal:        4016004 kB
MemFree:          123396 kB
Active:           364468 kB
Mem:          3.8G       3.7G       120M       5.7M        30M       3.2G

MemTotal:        4016004 kB
MemFree:          123272 kB
Active:           364456 kB
Mem:          3.8G       3.7G       120M       5.7M        30M       3.2G

MemTotal:        4016004 kB
MemFree:          123396 kB
Active:           364452 kB
Mem:          3.8G       3.7G       120M       5.7M        30M       3.2G

MemTotal:        4016004 kB
MemFree:          123396 kB
Active:           364480 kB
Mem:          3.8G       3.7G       120M       5.7M        30M       3.2G

MemTotal:        4016004 kB
MemFree:          123272 kB
Active:           364500 kB
Mem:          3.8G       3.7G       120M       5.7M        30M       3.2G

MemTotal:        4016004 kB
MemFree:          123272 kB
Active:           364512 kB
Mem:          3.8G       3.7G       120M       5.7M        30M       3.2G

MemTotal:        4016004 kB
MemFree:          123396 kB
Active:           364464 kB
Mem:          3.8G       3.7G       120M       5.7M        30M       3.2G

MemTotal:        4016004 kB
MemFree:          123272 kB
Active:           364476 kB
Mem:          3.8G       3.7G       120M       5.7M        30M       3.2G

MemTotal:        4016004 kB
MemFree:          123272 kB
Active:           364512 kB
Mem:          3.8G       3.7G       120M       5.7M        30M       3.2G

MemTotal:        4016004 kB
MemFree:          123520 kB
Active:           364504 kB
Mem:          3.8G       3.7G       120M       5.7M        30M       3.2G

MemTotal:        4016004 kB
MemFree:          123272 kB
Active:           364524 kB
Mem:          3.8G       3.7G       120M       5.7M        30M       3.2G

MemTotal:        4016004 kB
MemFree:          123396 kB
Active:           364488 kB
Mem:          3.8G       3.7G       120M       5.7M        30M       3.2G

MemTotal:        4016004 kB
MemFree:          122900 kB
Active:           364528 kB
Mem:          3.8G       3.7G       120M       5.7M        30M       3.2G

MemTotal:        4016004 kB
MemFree:          123396 kB
Active:           364480 kB
Mem:          3.8G       3.7G       120M       5.7M        30M       3.2G

MemTotal:        4016004 kB
MemFree:          123396 kB
Active:           364496 kB
Mem:          3.8G       3.7G       120M       5.7M        30M       3.2G

MemTotal:        4016004 kB
MemFree:          122900 kB
Active:           364528 kB
Mem:          3.8G       3.7G       119M       5.7M        30M       3.2G

MemTotal:        4016004 kB
MemFree:          123148 kB
Active:           364524 kB
Mem:          3.8G       3.7G       120M       5.7M        30M       3.2G

MemTotal:        4016004 kB
MemFree:          123148 kB
Active:           364480 kB
Mem:          3.8G       3.7G       120M       5.7M        30M       3.2G

MemTotal:        4016004 kB
MemFree:          123396 kB
Active:           364516 kB
Mem:          3.8G       3.7G       120M       5.7M        30M       3.2G

MemTotal:        4016004 kB
MemFree:          123024 kB
Active:           364544 kB
Mem:          3.8G       3.7G       120M       5.7M        30M       3.2G

MemTotal:        4016004 kB
MemFree:          122900 kB
Active:           364544 kB
Mem:          3.8G       3.7G       120M       5.7M        30M       3.2G

MemTotal:        4016004 kB
MemFree:          123272 kB
Active:           364528 kB
Mem:          3.8G       3.7G       120M       5.7M        30M       3.2G

MemTotal:        4016004 kB
MemFree:          123024 kB
Active:           364544 kB
Mem:          3.8G       3.7G       120M       5.7M        30M       3.2G

MemTotal:        4016004 kB
MemFree:          122776 kB
Active:           364548 kB
Mem:          3.8G       3.7G       120M       5.7M        30M       3.2G

MemTotal:        4016004 kB
MemFree:          123148 kB
Active:           364540 kB
Mem:          3.8G       3.7G       120M       5.7M        30M       3.2G

MemTotal:        4016004 kB
MemFree:          123396 kB
Active:           364520 kB
Mem:          3.8G       3.7G       120M       5.7M        30M       3.2G

MemTotal:        4016004 kB
MemFree:          123272 kB
Active:           364560 kB
Mem:          3.8G       3.7G       120M       5.7M        30M       3.2G

MemTotal:        4016004 kB
MemFree:          123644 kB
Active:           364536 kB
Mem:          3.8G       3.7G       120M       5.7M        30M       3.2G

MemTotal:        4016004 kB
MemFree:          123768 kB
Active:           364504 kB
Mem:          3.8G       3.7G       120M       5.7M        30M       3.2G

MemTotal:        4016004 kB
MemFree:          123768 kB
Active:           364540 kB
Mem:          3.8G       3.7G       120M       5.7M        30M       3.2G

MemTotal:        4016004 kB
MemFree:          123644 kB
Active:           364564 kB
Mem:          3.8G       3.7G       120M       5.7M        30M       3.2G

MemTotal:        4016004 kB
MemFree:          123644 kB
Active:           364560 kB
Mem:          3.8G       3.7G       120M       5.7M        30M       3.2G

MemTotal:        4016004 kB
MemFree:          123644 kB
Active:           364544 kB
Mem:          3.8G       3.7G       120M       5.7M        30M       3.2G

MemTotal:        4016004 kB
MemFree:          123148 kB
Active:           364568 kB
Mem:          3.8G       3.7G       120M       5.7M        30M       3.2G

MemTotal:        4016004 kB
MemFree:          123520 kB
Active:           364544 kB
Mem:          3.8G       3.7G       120M       5.7M        30M       3.2G

MemTotal:        4016004 kB
MemFree:          123148 kB
Active:           364568 kB
Mem:          3.8G       3.7G       120M       5.7M        30M       3.2G

MemTotal:        4016004 kB
MemFree:          123520 kB
Active:           364556 kB
Mem:          3.8G       3.7G       120M       5.7M        30M       3.2G

MemTotal:        4016004 kB
MemFree:          123272 kB
Active:           364572 kB
Mem:          3.8G       3.7G       120M       5.7M        30M       3.2G

MemTotal:        4016004 kB
MemFree:          123520 kB
Active:           364560 kB
Mem:          3.8G       3.7G       120M       5.7M        30M       3.2G

MemTotal:        4016004 kB
MemFree:          123520 kB
Active:           364520 kB
Mem:          3.8G       3.7G       120M       5.7M        30M       3.2G

MemTotal:        4016004 kB
MemFree:          123644 kB
Active:           364572 kB
Mem:          3.8G       3.7G       120M       5.7M        30M       3.2G

MemTotal:        4016004 kB
MemFree:          123520 kB
Active:           364532 kB
Mem:          3.8G       3.7G       120M       5.7M        30M       3.2G

MemTotal:        4016004 kB
MemFree:          123644 kB
Active:           364556 kB
Mem:          3.8G       3.7G       120M       5.7M        30M       3.2G

MemTotal:        4016004 kB
MemFree:          123148 kB
Active:           364584 kB
Mem:          3.8G       3.7G       120M       5.7M        30M       3.2G

MemTotal:        4016004 kB
MemFree:          123024 kB
Active:           364584 kB
Mem:          3.8G       3.7G       120M       5.7M        30M       3.2G

MemTotal:        4016004 kB
MemFree:          123644 kB
Active:           364560 kB
Mem:          3.8G       3.7G       120M       5.7M        30M       3.2G

MemTotal:        4016004 kB
MemFree:          123148 kB
Active:           364592 kB
Mem:          3.8G       3.7G       120M       5.7M        30M       3.2G

MemTotal:        4016004 kB
MemFree:          123644 kB
Active:           364576 kB
Mem:          3.8G       3.7G       120M       5.7M        30M       3.2G

MemTotal:        4016004 kB
MemFree:          123644 kB
Active:           364540 kB
Mem:          3.8G       3.7G       120M       5.7M        30M       3.2G

MemTotal:        4016004 kB
MemFree:          123768 kB
Active:           364564 kB
Mem:          3.8G       3.7G       120M       5.7M        30M       3.2G

MemTotal:        4016004 kB
MemFree:          123396 kB
Active:           364596 kB
Mem:          3.8G       3.7G       120M       5.7M        30M       3.2G

MemTotal:        4016004 kB
MemFree:          123272 kB
Active:           364556 kB
Mem:          3.8G       3.7G       120M       5.7M        30M       3.2G

MemTotal:        4016004 kB
MemFree:          123272 kB
Active:           364552 kB
Mem:          3.8G       3.7G       120M       5.7M        30M       3.2G

MemTotal:        4016004 kB
MemFree:          123024 kB
Active:           364608 kB
Mem:          3.8G       3.7G       120M       5.7M        30M       3.2G

MemTotal:        4016004 kB
MemFree:          123272 kB
Active:           364584 kB
Mem:          3.8G       3.7G       120M       5.7M        30M       3.2G

MemTotal:        4016004 kB
MemFree:          123520 kB
Active:           364560 kB
Mem:          3.8G       3.7G       120M       5.7M        30M       3.2G

MemTotal:        4016004 kB
MemFree:          123520 kB
Active:           364580 kB
Mem:          3.8G       3.7G       120M       5.7M        30M       3.2G

MemTotal:        4016004 kB
MemFree:          123024 kB
Active:           364608 kB
Mem:          3.8G       3.7G       120M       5.7M        30M       3.2G

MemTotal:        4016004 kB
MemFree:          123148 kB
Active:           364564 kB
Mem:          3.8G       3.7G       120M       5.7M        30M       3.2G

MemTotal:        4016004 kB
MemFree:          123148 kB
Active:           364580 kB
Mem:          3.8G       3.7G       120M       5.7M        30M       3.2G

MemTotal:        4016004 kB
MemFree:          123024 kB
Active:           364616 kB
Mem:          3.8G       3.7G       120M       5.7M        30M       3.2G

MemTotal:        4016004 kB
MemFree:          123272 kB
Active:           364608 kB
Mem:          3.8G       3.7G       120M       5.7M        30M       3.2G

MemTotal:        4016004 kB
MemFree:          123396 kB
Active:           364588 kB
Mem:          3.8G       3.7G       120M       5.7M        30M       3.2G

MemTotal:        4016004 kB
MemFree:          123396 kB
Active:           364580 kB
Mem:          3.8G       3.7G       120M       5.7M        30M       3.2G

MemTotal:        4016004 kB
MemFree:          123396 kB
Active:           364612 kB
Mem:          3.8G       3.7G       120M       5.7M        30M       3.2G

MemTotal:        4016004 kB
MemFree:          123396 kB
Active:           364600 kB
Mem:          3.8G       3.7G       120M       5.7M        30M       3.2G

MemTotal:        4016004 kB
MemFree:          123024 kB
Active:           364588 kB
Mem:          3.8G       3.7G       120M       5.7M        30M       3.2G

MemTotal:        4016004 kB
MemFree:          122776 kB
Active:           364620 kB
Mem:          3.8G       3.7G       119M       5.7M        30M       3.2G

MemTotal:        4016004 kB
MemFree:          123024 kB
Active:           364564 kB
Mem:          3.8G       3.7G       120M       5.7M        30M       3.2G

MemTotal:        4016004 kB
MemFree:          123396 kB
Active:           364584 kB
Mem:          3.8G       3.7G       120M       5.7M        30M       3.2G

MemTotal:        4016004 kB
MemFree:          123396 kB
Active:           364616 kB
Mem:          3.8G       3.7G       120M       5.7M        30M       3.2G

MemTotal:        4016004 kB
MemFree:          123396 kB
Active:           364576 kB
Mem:          3.8G       3.7G       120M       5.7M        30M       3.2G

MemTotal:        4016004 kB
MemFree:          123396 kB
Active:           364572 kB
Mem:          3.8G       3.7G       120M       5.7M        30M       3.2G

MemTotal:        4016004 kB
MemFree:          123396 kB
Active:           364608 kB
Mem:          3.8G       3.7G       120M       5.7M        30M       3.2G

MemTotal:        4016004 kB
MemFree:          123396 kB
Active:           364616 kB
Mem:          3.8G       3.7G       120M       5.7M        30M       3.2G

MemTotal:        4016004 kB
MemFree:          123396 kB
Active:           364580 kB
Mem:          3.8G       3.7G       120M       5.7M        30M       3.2G

MemTotal:        4016004 kB
MemFree:          123396 kB
Active:           364604 kB
Mem:          3.8G       3.7G       120M       5.7M        30M       3.2G

MemTotal:        4016004 kB
MemFree:          122652 kB
Active:           364636 kB
Mem:          3.8G       3.7G       119M       5.7M        30M       3.2G

MemTotal:        4016004 kB
MemFree:          122900 kB
Active:           364608 kB
Mem:          3.8G       3.7G       119M       5.7M        30M       3.2G

MemTotal:        4016004 kB
MemFree:          123024 kB
Active:           364596 kB
Mem:          3.8G       3.7G       120M       5.7M        30M       3.2G

MemTotal:        4016004 kB
MemFree:          122900 kB
Active:           364596 kB
Mem:          3.8G       3.7G       120M       5.7M        30M       3.2G

MemTotal:        4016004 kB
MemFree:          122652 kB
Active:           364656 kB
Mem:          3.8G       3.7G       119M       5.7M        30M       3.2G

MemTotal:        4016004 kB
MemFree:          122528 kB
Active:           364656 kB
Mem:          3.8G       3.7G       119M       5.7M        30M       3.2G

MemTotal:        4016004 kB
MemFree:          123396 kB
Active:           364624 kB
Mem:          3.8G       3.7G       120M       5.7M        30M       3.2G

MemTotal:        4016004 kB
MemFree:          123148 kB
Active:           364648 kB
Mem:          3.8G       3.7G       120M       5.7M        30M       3.2G

MemTotal:        4016004 kB
MemFree:          123148 kB
Active:           364612 kB
Mem:          3.8G       3.7G       120M       5.7M        30M       3.2G

MemTotal:        4016004 kB
MemFree:          123272 kB
Active:           364632 kB
Mem:          3.8G       3.7G       120M       5.7M        30M       3.2G

MemTotal:        4016004 kB
MemFree:          123272 kB
Active:           364628 kB
Mem:          3.8G       3.7G       120M       5.7M        30M       3.2G

MemTotal:        4016004 kB
MemFree:          123148 kB
Active:           364608 kB
Mem:          3.8G       3.7G       120M       5.7M        30M       3.2G

MemTotal:        4016004 kB
MemFree:          123148 kB
Active:           364624 kB
Mem:          3.8G       3.7G       120M       5.7M        30M       3.2G

MemTotal:        4016004 kB
MemFree:          123272 kB
Active:           364656 kB
Mem:          3.8G       3.7G       120M       5.7M        30M       3.2G

MemTotal:        4016004 kB
MemFree:          123272 kB
Active:           364632 kB
Mem:          3.8G       3.7G       120M       5.7M        30M       3.2G

MemTotal:        4016004 kB
MemFree:          122900 kB
Active:           364672 kB
Mem:          3.8G       3.7G       119M       5.7M        30M       3.2G

MemTotal:        4016004 kB
MemFree:          123024 kB
Active:           364620 kB
Mem:          3.8G       3.7G       120M       5.7M        30M       3.2G

MemTotal:        4016004 kB
MemFree:          123024 kB
Active:           364624 kB
Mem:          3.8G       3.7G       120M       5.7M        30M       3.2G

MemTotal:        4016004 kB
MemFree:          122652 kB
Active:           364680 kB
Mem:          3.8G       3.7G       120M       5.7M        30M       3.2G

MemTotal:        4016004 kB
MemFree:          122900 kB
Active:           364664 kB
Mem:          3.8G       3.7G       120M       5.7M        30M       3.2G

MemTotal:        4016004 kB
MemFree:          123024 kB
Active:           364668 kB
Mem:          3.8G       3.7G       120M       5.7M        30M       3.2G

MemTotal:        4016004 kB
MemFree:          122776 kB
Active:           364688 kB
Mem:          3.8G       3.7G       119M       5.7M        30M       3.2G

MemTotal:        4016004 kB
MemFree:          122900 kB
Active:           364664 kB
Mem:          3.8G       3.7G       120M       5.7M        30M       3.2G

MemTotal:        4016004 kB
MemFree:          123148 kB
Active:           364688 kB
