MemTotal:        4016004 kB
MemFree:         3230312 kB
Active:           429392 kB
Mem:          3.8G       767M       3.1G       5.7M        55M       320M

MemTotal:        4016004 kB
MemFree:         3230800 kB
Active:           429360 kB
Mem:          3.8G       766M       3.1G       5.7M        55M       320M

MemTotal:        4016004 kB
MemFree:         3230924 kB
Active:           429448 kB
Mem:          3.8G       766M       3.1G       5.7M        55M       320M

MemTotal:        4016004 kB
MemFree:         3230660 kB
Active:           429440 kB
Mem:          3.8G       766M       3.1G       5.7M        55M       320M

MemTotal:        4016004 kB
MemFree:         3230768 kB
Active:           429468 kB
Mem:          3.8G       766M       3.1G       5.7M        55M       320M

MemTotal:        4016004 kB
MemFree:         3230752 kB
Active:           429436 kB
Mem:          3.8G       766M       3.1G       5.7M        55M       320M

MemTotal:        4016004 kB
MemFree:         3230488 kB
Active:           429472 kB
Mem:          3.8G       767M       3.1G       5.7M        55M       320M

MemTotal:        4016004 kB
MemFree:         3230844 kB
Active:           429484 kB
Mem:          3.8G       766M       3.1G       5.7M        55M       320M

MemTotal:        4016004 kB
MemFree:         3231200 kB
Active:           429476 kB
Mem:          3.8G       766M       3.1G       5.7M        55M       320M

MemTotal:        4016004 kB
MemFree:         3231076 kB
Active:           429480 kB
Mem:          3.8G       766M       3.1G       5.7M        55M       320M

MemTotal:        4016004 kB
MemFree:         3230712 kB
Active:           429448 kB
Mem:          3.8G       767M       3.1G       5.7M        55M       320M

MemTotal:        4016004 kB
MemFree:         3231068 kB
Active:           429480 kB
Mem:          3.8G       766M       3.1G       5.7M        55M       320M

MemTotal:        4016004 kB
MemFree:         3230804 kB
Active:           429504 kB
Mem:          3.8G       766M       3.1G       5.7M        55M       320M

MemTotal:        4016004 kB
MemFree:         3230680 kB
Active:           429476 kB
Mem:          3.8G       766M       3.1G       5.7M        55M       320M

MemTotal:        4016004 kB
MemFree:         3230680 kB
Active:           429496 kB
Mem:          3.8G       766M       3.1G       5.7M        55M       320M

MemTotal:        4016004 kB
MemFree:         3232104 kB
Active:           425512 kB
Mem:          3.8G       765M       3.1G       5.7M        55M       320M

MemTotal:        4016004 kB
MemFree:         3232196 kB
Active:           427436 kB
Mem:          3.8G       765M       3.1G       5.7M        55M       320M

MemTotal:        4016004 kB
MemFree:         3232056 kB
Active:           427448 kB
Mem:          3.8G       765M       3.1G       5.7M        55M       320M

MemTotal:        4016004 kB
MemFree:         3232288 kB
Active:           427452 kB
Mem:          3.8G       765M       3.1G       5.7M        55M       320M

MemTotal:        4016004 kB
MemFree:         3232396 kB
Active:           427484 kB
Mem:          3.8G       764M       3.1G       5.7M        55M       320M

MemTotal:        4016004 kB
MemFree:         3232628 kB
Active:           427444 kB
Mem:          3.8G       764M       3.1G       5.7M        55M       320M

MemTotal:        4016004 kB
MemFree:         3232612 kB
Active:           427488 kB
Mem:          3.8G       764M       3.1G       5.7M        55M       320M

MemTotal:        4016004 kB
MemFree:         3232668 kB
Active:           427456 kB
Mem:          3.8G       764M       3.1G       5.7M        55M       320M

MemTotal:        4016004 kB
MemFree:         3231984 kB
Active:           427900 kB
Mem:          3.8G       765M       3.1G       5.7M        55M       320M

MemTotal:        4016004 kB
MemFree:         3232188 kB
Active:           427636 kB
Mem:          3.8G       765M       3.1G       5.7M        55M       320M

MemTotal:        4016004 kB
MemFree:         3231816 kB
Active:           427688 kB
Mem:          3.8G       765M       3.1G       5.7M        55M       320M

MemTotal:        4016004 kB
MemFree:         3232436 kB
Active:           427680 kB
Mem:          3.8G       765M       3.1G       5.7M        55M       320M

MemTotal:        4016004 kB
MemFree:         3232188 kB
Active:           427688 kB
Mem:          3.8G       765M       3.1G       5.7M        55M       320M

MemTotal:        4016004 kB
MemFree:         3232312 kB
Active:           427644 kB
Mem:          3.8G       765M       3.1G       5.7M        55M       320M

MemTotal:        4016004 kB
MemFree:         3231940 kB
Active:           427700 kB
Mem:          3.8G       765M       3.1G       5.7M        55M       320M

MemTotal:        4016004 kB
MemFree:         3231940 kB
Active:           427664 kB
Mem:          3.8G       765M       3.1G       5.7M        55M       320M

MemTotal:        4016004 kB
MemFree:         3231940 kB
Active:           427704 kB
Mem:          3.8G       765M       3.1G       5.7M        55M       320M

MemTotal:        4016004 kB
MemFree:         3232436 kB
Active:           427656 kB
Mem:          3.8G       765M       3.1G       5.7M        55M       320M

MemTotal:        4016004 kB
MemFree:         3232064 kB
Active:           427708 kB
Mem:          3.8G       765M       3.1G       5.7M        55M       320M

MemTotal:        4016004 kB
MemFree:         3232188 kB
Active:           427708 kB
Mem:          3.8G       765M       3.1G       5.7M        55M       320M

MemTotal:        4016004 kB
MemFree:         3232420 kB
Active:           427652 kB
Mem:          3.8G       765M       3.1G       5.7M        55M       320M

MemTotal:        4016004 kB
MemFree:         3232404 kB
Active:           427716 kB
Mem:          3.8G       765M       3.1G       5.7M        55M       320M

MemTotal:        4016004 kB
MemFree:         3232140 kB
Active:           427712 kB
Mem:          3.8G       765M       3.1G       5.7M        55M       320M

MemTotal:        4016004 kB
MemFree:         3232248 kB
Active:           427688 kB
Mem:          3.8G       765M       3.1G       5.7M        55M       320M

MemTotal:        4016004 kB
MemFree:         3232372 kB
Active:           427720 kB
Mem:          3.8G       765M       3.1G       5.7M        55M       320M

MemTotal:        4016004 kB
MemFree:         3232124 kB
Active:           427696 kB
Mem:          3.8G       765M       3.1G       5.7M        55M       320M

MemTotal:        4016004 kB
MemFree:         3232124 kB
Active:           427672 kB
Mem:          3.8G       765M       3.1G       5.7M        55M       320M

MemTotal:        4016004 kB
MemFree:         3232000 kB
Active:           427724 kB
Mem:          3.8G       765M       3.1G       5.7M        55M       320M

MemTotal:        4016004 kB
MemFree:         3232000 kB
Active:           427716 kB
Mem:          3.8G       765M       3.1G       5.7M        55M       320M

MemTotal:        4016004 kB
MemFree:         3231984 kB
Active:           427692 kB
Mem:          3.8G       765M       3.1G       5.7M        55M       320M

MemTotal:        4016004 kB
MemFree:         3230108 kB
Active:           427692 kB
Mem:          3.8G       767M       3.1G       5.7M        55M       320M

MemTotal:        4016004 kB
MemFree:         3229612 kB
Active:           429760 kB
Mem:          3.8G       767M       3.1G       5.7M        55M       320M

MemTotal:        4016004 kB
MemFree:         3229984 kB
Active:           429704 kB
Mem:          3.8G       767M       3.1G       5.7M        55M       320M

MemTotal:        4016004 kB
MemFree:         3230356 kB
Active:           429712 kB
Mem:          3.8G       767M       3.1G       5.7M        55M       320M

MemTotal:        4016004 kB
MemFree:         3230480 kB
Active:           429744 kB
Mem:          3.8G       767M       3.1G       5.7M        55M       320M

MemTotal:        4016004 kB
MemFree:         3230480 kB
Active:           429764 kB
Mem:          3.8G       767M       3.1G       5.7M        55M       320M

MemTotal:        4016004 kB
MemFree:         3230356 kB
Active:           429736 kB
Mem:          3.8G       767M       3.1G       5.7M        55M       320M

MemTotal:        4016004 kB
MemFree:         3230888 kB
Active:           429728 kB
Mem:          3.8G       767M       3.1G       5.7M        55M       320M

MemTotal:        4016004 kB
MemFree:         3230516 kB
Active:           429780 kB
Mem:          3.8G       767M       3.1G       5.7M        55M       320M

MemTotal:        4016004 kB
MemFree:         3230144 kB
Active:           429796 kB
Mem:          3.8G       767M       3.1G       5.7M        55M       320M

MemTotal:        4016004 kB
MemFree:         3230640 kB
Active:           429772 kB
Mem:          3.8G       766M       3.1G       5.7M        55M       320M

MemTotal:        4016004 kB
MemFree:         3230640 kB
Active:           429780 kB
Mem:          3.8G       767M       3.1G       5.7M        55M       320M

MemTotal:        4016004 kB
MemFree:         3230516 kB
Active:           429800 kB
Mem:          3.8G       767M       3.1G       5.7M        55M       320M

MemTotal:        4016004 kB
MemFree:         3230516 kB
Active:           429764 kB
Mem:          3.8G       767M       3.1G       5.7M        55M       320M

MemTotal:        4016004 kB
MemFree:         3231012 kB
Active:           429764 kB
Mem:          3.8G       766M       3.1G       5.7M        55M       320M

MemTotal:        4016004 kB
MemFree:         3231244 kB
Active:           429796 kB
Mem:          3.8G       766M       3.1G       5.7M        55M       320M

MemTotal:        4016004 kB
MemFree:         3230872 kB
Active:           429752 kB
Mem:          3.8G       766M       3.1G       5.7M        55M       320M

MemTotal:        4016004 kB
MemFree:         3230748 kB
Active:           429776 kB
Mem:          3.8G       766M       3.1G       5.7M        55M       320M

MemTotal:        4016004 kB
MemFree:         3230748 kB
Active:           429800 kB
Mem:          3.8G       766M       3.1G       5.7M        55M       320M

MemTotal:        4016004 kB
MemFree:         3230872 kB
Active:           429804 kB
Mem:          3.8G       766M       3.1G       5.7M        55M       320M

MemTotal:        4016004 kB
MemFree:         3230132 kB
Active:           427872 kB
Mem:          3.8G       767M       3.1G       5.7M        55M       320M

MemTotal:        4016004 kB
MemFree:         3230296 kB
Active:           429804 kB
Mem:          3.8G       767M       3.1G       5.7M        55M       320M

MemTotal:        4016004 kB
MemFree:         3230188 kB
Active:           429784 kB
Mem:          3.8G       767M       3.1G       5.7M        55M       320M

MemTotal:        4016004 kB
MemFree:         3230312 kB
Active:           429764 kB
Mem:          3.8G       767M       3.1G       5.7M        55M       320M

MemTotal:        4016004 kB
MemFree:         3230560 kB
Active:           429792 kB
Mem:          3.8G       767M       3.1G       5.7M        55M       320M

MemTotal:        4016004 kB
MemFree:         3230560 kB
Active:           429808 kB
Mem:          3.8G       767M       3.1G       5.7M        55M       320M

MemTotal:        4016004 kB
MemFree:         3230684 kB
Active:           429820 kB
Mem:          3.8G       767M       3.1G       5.7M        55M       320M

MemTotal:        4016004 kB
MemFree:         3230420 kB
Active:           429828 kB
Mem:          3.8G       767M       3.1G       5.7M        55M       320M

MemTotal:        4016004 kB
MemFree:         3230512 kB
Active:           429788 kB
Mem:          3.8G       767M       3.1G       5.7M        55M       320M

MemTotal:        4016004 kB
MemFree:         3229924 kB
Active:           429844 kB
Mem:          3.8G       767M       3.1G       5.7M        55M       320M

MemTotal:        4016004 kB
MemFree:         3230172 kB
Active:           429844 kB
Mem:          3.8G       767M       3.1G       5.7M        55M       320M

MemTotal:        4016004 kB
MemFree:         3230388 kB
Active:           429804 kB
Mem:          3.8G       767M       3.1G       5.7M        55M       320M

MemTotal:        4016004 kB
MemFree:         3230388 kB
Active:           429936 kB
Mem:          3.8G       766M       3.1G       5.7M        55M       320M

MemTotal:        4016004 kB
MemFree:         3230544 kB
Active:           429800 kB
Mem:          3.8G       767M       3.1G       5.7M        55M       320M

MemTotal:        4016004 kB
MemFree:         3230172 kB
Active:           429852 kB
Mem:          3.8G       767M       3.1G       5.7M        55M       320M

MemTotal:        4016004 kB
MemFree:         3230560 kB
Active:           429956 kB
Mem:          3.8G       766M       3.1G       5.7M        55M       320M

MemTotal:        4016004 kB
MemFree:         3230460 kB
Active:           429928 kB
Mem:          3.8G       767M       3.1G       5.7M        55M       320M

MemTotal:        4016004 kB
MemFree:         3230636 kB
Active:           429852 kB
Mem:          3.8G       767M       3.1G       5.7M        55M       320M

MemTotal:        4016004 kB
MemFree:         3230760 kB
Active:           429880 kB
Mem:          3.8G       766M       3.1G       5.7M        55M       320M

MemTotal:        4016004 kB
MemFree:         3230620 kB
Active:           429848 kB
Mem:          3.8G       766M       3.1G       5.7M        55M       320M

MemTotal:        4016004 kB
MemFree:         3230724 kB
Active:           429964 kB
Mem:          3.8G       766M       3.1G       5.7M        55M       320M

MemTotal:        4016004 kB
MemFree:         3230828 kB
Active:           429892 kB
Mem:          3.8G       766M       3.1G       5.7M        55M       320M

MemTotal:        4016004 kB
MemFree:         3230808 kB
Active:           429812 kB
Mem:          3.8G       766M       3.1G       5.7M        55M       320M

MemTotal:        4016004 kB
MemFree:         3230592 kB
Active:           429816 kB
Mem:          3.8G       766M       3.1G       5.7M        55M       320M

MemTotal:        4016004 kB
MemFree:         3230452 kB
Active:           429832 kB
Mem:          3.8G       767M       3.1G       5.7M        55M       320M

MemTotal:        4016004 kB
MemFree:         3230436 kB
Active:           429740 kB
Mem:          3.8G       767M       3.1G       5.7M        55M       320M

MemTotal:        4016004 kB
MemFree:         3230528 kB
Active:           429836 kB
Mem:          3.8G       767M       3.1G       5.7M        55M       320M

MemTotal:        4016004 kB
MemFree:         3230388 kB
Active:           429908 kB
Mem:          3.8G       767M       3.1G       5.7M        55M       320M

MemTotal:        4016004 kB
MemFree:         3230528 kB
Active:           429880 kB
Mem:          3.8G       766M       3.1G       5.7M        55M       320M

MemTotal:        4016004 kB
MemFree:         3230728 kB
Active:           429780 kB
Mem:          3.8G       767M       3.1G       5.7M        55M       320M

MemTotal:        4016004 kB
MemFree:         3228664 kB
Active:           429780 kB
Mem:          3.8G       769M       3.1G       5.7M        55M       320M

MemTotal:        4016004 kB
MemFree:         3228620 kB
Active:           432024 kB
Mem:          3.8G       769M       3.1G       5.7M        55M       320M

MemTotal:        4016004 kB
MemFree:         3228620 kB
Active:           431864 kB
Mem:          3.8G       769M       3.1G       5.7M        55M       320M

MemTotal:        4016004 kB
MemFree:         3228464 kB
Active:           431972 kB
Mem:          3.8G       769M       3.1G       5.7M        55M       320M

MemTotal:        4016004 kB
MemFree:         3228340 kB
Active:           431936 kB
Mem:          3.8G       769M       3.1G       5.7M        55M       320M

MemTotal:        4016004 kB
MemFree:         3228104 kB
Active:           432268 kB
Mem:          3.8G       769M       3.1G       5.7M        55M       320M

MemTotal:        4016004 kB
MemFree:         3125684 kB
Active:           433064 kB
Mem:          3.8G       871M       3.0G       5.7M        55M       420M

MemTotal:        4016004 kB
MemFree:         3018920 kB
Active:           433168 kB
Mem:          3.8G       975M       2.9G       5.7M        55M       522M

MemTotal:        4016004 kB
MemFree:         2881820 kB
Active:           433276 kB
Mem:          3.8G       1.1G       2.7G       5.7M        55M       654M

MemTotal:        4016004 kB
MemFree:         2757300 kB
Active:           433396 kB
Mem:          3.8G       1.2G       2.6G       5.7M        55M       774M

MemTotal:        4016004 kB
MemFree:         2637600 kB
Active:           433232 kB
Mem:          3.8G       1.3G       2.5G       5.7M        55M       889M

MemTotal:        4016004 kB
MemFree:         2624368 kB
Active:           433272 kB
Mem:          3.8G       1.3G       2.5G       5.7M        55M       900M

MemTotal:        4016004 kB
MemFree:         2621856 kB
Active:           433304 kB
Mem:          3.8G       1.3G       2.5G       5.7M        55M       902M

MemTotal:        4016004 kB
MemFree:         2616904 kB
Active:           433340 kB
Mem:          3.8G       1.3G       2.5G       5.7M        55M       907M

MemTotal:        4016004 kB
MemFree:         2613072 kB
Active:           433404 kB
Mem:          3.8G       1.3G       2.5G       5.7M        55M       910M

MemTotal:        4016004 kB
MemFree:         2519264 kB
Active:           433452 kB
Mem:          3.8G       1.4G       2.4G       5.7M        55M       1.0G

MemTotal:        4016004 kB
MemFree:         2499168 kB
Active:           433452 kB
Mem:          3.8G       1.4G       2.4G       5.7M        55M       1.0G

MemTotal:        4016004 kB
MemFree:         2497868 kB
Active:           433392 kB
Mem:          3.8G       1.4G       2.4G       5.7M        55M       1.0G

MemTotal:        4016004 kB
MemFree:         2493740 kB
Active:           433400 kB
Mem:          3.8G       1.5G       2.4G       5.7M        55M       1.0G

MemTotal:        4016004 kB
MemFree:         2487380 kB
Active:           433412 kB
Mem:          3.8G       1.5G       2.4G       5.7M        55M       1.0G

MemTotal:        4016004 kB
MemFree:         2484392 kB
Active:           431364 kB
Mem:          3.8G       1.5G       2.4G       5.7M        55M       1.0G

MemTotal:        4016004 kB
MemFree:         2443176 kB
Active:           433428 kB
Mem:          3.8G       1.5G       2.3G       5.7M        55M       1.1G

MemTotal:        4016004 kB
MemFree:         2315292 kB
Active:           433428 kB
Mem:          3.8G       1.6G       2.2G       5.7M        55M       1.2G

MemTotal:        4016004 kB
MemFree:         2185672 kB
Active:           433428 kB
Mem:          3.8G       1.7G       2.1G       5.7M        55M       1.3G

MemTotal:        4016004 kB
MemFree:         2151056 kB
Active:           433436 kB
Mem:          3.8G       1.8G       2.1G       5.7M        55M       1.3G

MemTotal:        4016004 kB
MemFree:         2147584 kB
Active:           433444 kB
Mem:          3.8G       1.8G       2.0G       5.7M        55M       1.3G

MemTotal:        4016004 kB
MemFree:         2101780 kB
Active:           433448 kB
Mem:          3.8G       1.8G       2.0G       5.7M        55M       1.4G

MemTotal:        4016004 kB
MemFree:         1995492 kB
Active:           433456 kB
Mem:          3.8G       1.9G       1.9G       5.7M        55M       1.5G

MemTotal:        4016004 kB
MemFree:         1930176 kB
Active:           433456 kB
Mem:          3.8G       2.0G       1.8G       5.7M        55M       1.5G

MemTotal:        4016004 kB
MemFree:         1928472 kB
Active:           433448 kB
Mem:          3.8G       2.0G       1.8G       5.7M        55M       1.5G

MemTotal:        4016004 kB
MemFree:         1922516 kB
Active:           433472 kB
Mem:          3.8G       2.0G       1.8G       5.7M        55M       1.5G

MemTotal:        4016004 kB
MemFree:         1904072 kB
Active:           433480 kB
Mem:          3.8G       2.0G       1.8G       5.7M        55M       1.6G

MemTotal:        4016004 kB
MemFree:         1774452 kB
Active:           433480 kB
Mem:          3.8G       2.1G       1.7G       5.7M        55M       1.7G

MemTotal:        4016004 kB
MemFree:         1744508 kB
Active:           433480 kB
Mem:          3.8G       2.2G       1.7G       5.7M        55M       1.7G

MemTotal:        4016004 kB
MemFree:         1739112 kB
Active:           433492 kB
Mem:          3.8G       2.2G       1.7G       5.7M        55M       1.7G

MemTotal:        4016004 kB
MemFree:         1736400 kB
Active:           433492 kB
Mem:          3.8G       2.2G       1.7G       5.7M        55M       1.7G

MemTotal:        4016004 kB
MemFree:         1735224 kB
Active:           433492 kB
Mem:          3.8G       2.2G       1.7G       5.7M        55M       1.7G

MemTotal:        4016004 kB
MemFree:         1730040 kB
Active:           433500 kB
Mem:          3.8G       2.2G       1.6G       5.7M        55M       1.7G

MemTotal:        4016004 kB
MemFree:         1607504 kB
Active:           433500 kB
Mem:          3.8G       2.3G       1.5G       5.7M        55M       1.8G

MemTotal:        4016004 kB
MemFree:         1492424 kB
Active:           433500 kB
Mem:          3.8G       2.4G       1.4G       5.7M        55M       1.9G

MemTotal:        4016004 kB
MemFree:         1391088 kB
Active:           433508 kB
Mem:          3.8G       2.5G       1.3G       5.7M        55M       2.0G

MemTotal:        4016004 kB
MemFree:         1390624 kB
Active:           433488 kB
Mem:          3.8G       2.5G       1.3G       5.7M        55M       2.0G

MemTotal:        4016004 kB
MemFree:         1358912 kB
Active:           433532 kB
Mem:          3.8G       2.5G       1.3G       5.7M        55M       2.1G

MemTotal:        4016004 kB
MemFree:         1251224 kB
Active:           433532 kB
Mem:          3.8G       2.6G       1.2G       5.7M        55M       2.2G

MemTotal:        4016004 kB
MemFree:         1173516 kB
Active:           433532 kB
Mem:          3.8G       2.7G       1.1G       5.7M        55M       2.2G

MemTotal:        4016004 kB
MemFree:         1159412 kB
Active:           433532 kB
Mem:          3.8G       2.7G       1.1G       5.7M        55M       2.3G

MemTotal:        4016004 kB
MemFree:         1156356 kB
Active:           433548 kB
Mem:          3.8G       2.7G       1.1G       5.7M        55M       2.3G

MemTotal:        4016004 kB
MemFree:         1156276 kB
Active:           433560 kB
Mem:          3.8G       2.7G       1.1G       5.7M        55M       2.3G

MemTotal:        4016004 kB
MemFree:         1153024 kB
Active:           433604 kB
Mem:          3.8G       2.7G       1.1G       5.7M        55M       2.3G

MemTotal:        4016004 kB
MemFree:         1148936 kB
Active:           433604 kB
Mem:          3.8G       2.7G       1.1G       5.7M        55M       2.3G

MemTotal:        4016004 kB
MemFree:         1048952 kB
Active:           433584 kB
Mem:          3.8G       2.8G       1.0G       5.7M        55M       2.4G

MemTotal:        4016004 kB
MemFree:          919084 kB
Active:           435632 kB
Mem:          3.8G       3.0G       896M       5.7M        55M       2.5G

MemTotal:        4016004 kB
MemFree:          813320 kB
Active:           435624 kB
Mem:          3.8G       3.1G       793M       5.7M        55M       2.6G

MemTotal:        4016004 kB
MemFree:          810824 kB
Active:           435612 kB
Mem:          3.8G       3.1G       791M       5.7M        55M       2.6G

MemTotal:        4016004 kB
MemFree:          754184 kB
Active:           435640 kB
Mem:          3.8G       3.1G       734M       5.7M        55M       2.6G

MemTotal:        4016004 kB
MemFree:          626904 kB
Active:           435660 kB
Mem:          3.8G       3.2G       609M       5.7M        55M       2.8G

MemTotal:        4016004 kB
MemFree:          498528 kB
Active:           435620 kB
Mem:          3.8G       3.4G       482M       5.7M        55M       2.9G

MemTotal:        4016004 kB
MemFree:          383572 kB
Active:           435620 kB
Mem:          3.8G       3.5G       372M       5.7M        55M       3.0G

MemTotal:        4016004 kB
MemFree:          338836 kB
Active:           435628 kB
Mem:          3.8G       3.5G       331M       5.7M        55M       3.0G

MemTotal:        4016004 kB
MemFree:          333312 kB
Active:           435676 kB
Mem:          3.8G       3.5G       325M       5.7M        55M       3.0G

MemTotal:        4016004 kB
MemFree:          331108 kB
Active:           433608 kB
Mem:          3.8G       3.5G       323M       5.7M        55M       3.0G

MemTotal:        4016004 kB
MemFree:          329144 kB
Active:           435656 kB
Mem:          3.8G       3.5G       320M       5.7M        55M       3.0G

MemTotal:        4016004 kB
MemFree:          323908 kB
Active:           435716 kB
Mem:          3.8G       3.5G       316M       5.7M        55M       3.0G

MemTotal:        4016004 kB
MemFree:          289480 kB
Active:           435716 kB
Mem:          3.8G       3.6G       282M       5.7M        55M       3.1G

MemTotal:        4016004 kB
MemFree:          282652 kB
Active:           435756 kB
Mem:          3.8G       3.6G       276M       5.7M        55M       3.1G

MemTotal:        4016004 kB
MemFree:          279400 kB
Active:           435768 kB
Mem:          3.8G       3.6G       272M       5.7M        55M       3.1G

MemTotal:        4016004 kB
MemFree:          276672 kB
Active:           435788 kB
Mem:          3.8G       3.6G       270M       5.7M        55M       3.1G

MemTotal:        4016004 kB
MemFree:          273868 kB
Active:           435788 kB
Mem:          3.8G       3.6G       267M       5.7M        55M       3.1G

MemTotal:        4016004 kB
MemFree:          269180 kB
Active:           435788 kB
Mem:          3.8G       3.6G       260M       5.7M        55M       3.1G

MemTotal:        4016004 kB
MemFree:          159836 kB
Active:           435800 kB
Mem:          3.8G       3.7G       152M       5.7M        55M       3.2G

MemTotal:        4016004 kB
MemFree:          138408 kB
Active:           469332 kB
Mem:          3.8G       3.7G       122M       5.7M        20M       3.3G

MemTotal:        4016004 kB
MemFree:          119848 kB
Active:           472604 kB
Mem:          3.8G       3.7G       122M       5.7M        20M       3.3G

MemTotal:        4016004 kB
MemFree:          124440 kB
Active:           466172 kB
Mem:          3.8G       3.7G       121M       5.7M        20M       3.3G

MemTotal:        4016004 kB
MemFree:          128024 kB
Active:           464272 kB
Mem:          3.8G       3.7G       125M       5.7M        20M       3.3G

MemTotal:        4016004 kB
MemFree:          122884 kB
Active:           458776 kB
Mem:          3.8G       3.7G       115M       5.7M        20M       3.3G

MemTotal:        4016004 kB
MemFree:          135168 kB
Active:           454988 kB
Mem:          3.8G       3.7G       131M       5.7M        20M       3.2G

MemTotal:        4016004 kB
MemFree:          135292 kB
Active:           455000 kB
Mem:          3.8G       3.7G       131M       5.7M        20M       3.2G

MemTotal:        4016004 kB
MemFree:          126820 kB
Active:           452944 kB
Mem:          3.8G       3.7G       123M       5.7M        20M       3.3G

MemTotal:        4016004 kB
MemFree:          131468 kB
Active:           451940 kB
Mem:          3.8G       3.7G       128M       5.7M        20M       3.3G

MemTotal:        4016004 kB
MemFree:          140876 kB
Active:           444996 kB
Mem:          3.8G       3.7G       135M       5.7M        20M       3.2G

MemTotal:        4016004 kB
MemFree:          123232 kB
Active:           435040 kB
Mem:          3.8G       3.7G       119M       5.7M        20M       3.3G

MemTotal:        4016004 kB
MemFree:          145420 kB
Active:           433260 kB
Mem:          3.8G       3.7G       142M       5.7M        20M       3.2G

MemTotal:        4016004 kB
MemFree:          142136 kB
Active:           429932 kB
Mem:          3.8G       3.7G       137M       5.7M        20M       3.2G

MemTotal:        4016004 kB
MemFree:          148552 kB
Active:           423932 kB
Mem:          3.8G       3.7G       143M       5.7M        20M       3.2G

MemTotal:        4016004 kB
MemFree:          146576 kB
Active:           420564 kB
Mem:          3.8G       3.7G       141M       5.7M        20M       3.2G

MemTotal:        4016004 kB
MemFree:          145196 kB
Active:           417632 kB
Mem:          3.8G       3.7G       141M       5.7M        20M       3.2G

MemTotal:        4016004 kB
MemFree:          145328 kB
Active:           417520 kB
Mem:          3.8G       3.7G       141M       5.7M        20M       3.2G

MemTotal:        4016004 kB
MemFree:          140052 kB
Active:           417560 kB
Mem:          3.8G       3.7G       136M       5.7M        20M       3.2G

MemTotal:        4016004 kB
MemFree:          135360 kB
Active:           417568 kB
Mem:          3.8G       3.7G       131M       5.7M        20M       3.2G

MemTotal:        4016004 kB
MemFree:          131756 kB
Active:           417568 kB
Mem:          3.8G       3.7G       128M       5.7M        20M       3.3G

MemTotal:        4016004 kB
MemFree:          129896 kB
Active:           417568 kB
Mem:          3.8G       3.7G       126M       5.7M        20M       3.3G

MemTotal:        4016004 kB
MemFree:          126580 kB
Active:           417528 kB
Mem:          3.8G       3.7G       123M       5.7M        20M       3.3G

MemTotal:        4016004 kB
MemFree:          126240 kB
Active:           417552 kB
Mem:          3.8G       3.7G       123M       5.7M        20M       3.3G

MemTotal:        4016004 kB
MemFree:          126460 kB
Active:           417524 kB
Mem:          3.8G       3.7G       123M       5.7M        20M       3.3G

MemTotal:        4016004 kB
MemFree:          123636 kB
Active:           417580 kB
Mem:          3.8G       3.7G       119M       5.7M        20M       3.3G

MemTotal:        4016004 kB
MemFree:          123408 kB
Active:           414132 kB
Mem:          3.8G       3.7G       129M       5.7M        20M       3.3G

MemTotal:        4016004 kB
MemFree:          143496 kB
Active:           408752 kB
Mem:          3.8G       3.7G       138M       5.7M        20M       3.2G

MemTotal:        4016004 kB
MemFree:          126000 kB
Active:           406052 kB
Mem:          3.8G       3.7G       122M       5.7M        20M       3.3G

MemTotal:        4016004 kB
MemFree:          126724 kB
Active:           404128 kB
Mem:          3.8G       3.7G       122M       5.7M        20M       3.3G

MemTotal:        4016004 kB
MemFree:          133772 kB
Active:           403220 kB
Mem:          3.8G       3.7G       130M       5.7M        20M       3.2G

MemTotal:        4016004 kB
MemFree:          132052 kB
Active:           399760 kB
Mem:          3.8G       3.7G       127M       5.7M        20M       3.3G

MemTotal:        4016004 kB
MemFree:          120516 kB
Active:           398616 kB
Mem:          3.8G       3.7G       116M       5.7M        20M       3.3G

MemTotal:        4016004 kB
MemFree:          144680 kB
Active:           396932 kB
Mem:          3.8G       3.7G       141M       5.7M        20M       3.2G

MemTotal:        4016004 kB
MemFree:          143068 kB
Active:           396828 kB
Mem:          3.8G       3.7G       139M       5.7M        20M       3.2G

MemTotal:        4016004 kB
MemFree:          139304 kB
Active:           396868 kB
Mem:          3.8G       3.7G       136M       5.7M        20M       3.2G

MemTotal:        4016004 kB
MemFree:          136204 kB
Active:           396872 kB
Mem:          3.8G       3.7G       133M       5.7M        20M       3.2G

MemTotal:        4016004 kB
MemFree:          131608 kB
Active:           396872 kB
Mem:          3.8G       3.7G       128M       5.7M        20M       3.3G

MemTotal:        4016004 kB
MemFree:          125808 kB
Active:           393484 kB
Mem:          3.8G       3.7G       123M       5.7M        20M       3.3G

MemTotal:        4016004 kB
MemFree:          152336 kB
Active:           390240 kB
Mem:          3.8G       3.7G       147M       5.7M        20M       3.2G

MemTotal:        4016004 kB
MemFree:          121420 kB
Active:           387572 kB
Mem:          3.8G       3.7G       116M       5.7M        20M       3.3G

MemTotal:        4016004 kB
MemFree:          126824 kB
Active:           386040 kB
Mem:          3.8G       3.7G       124M       5.7M        20M       3.3G

MemTotal:        4016004 kB
MemFree:          132152 kB
Active:           383588 kB
Mem:          3.8G       3.7G       129M       5.7M        20M       3.2G

MemTotal:        4016004 kB
MemFree:          127744 kB
Active:           383084 kB
Mem:          3.8G       3.7G       124M       5.7M        20M       3.3G

MemTotal:        4016004 kB
MemFree:          133000 kB
Active:           381804 kB
Mem:          3.8G       3.7G       129M       5.7M        20M       3.2G

MemTotal:        4016004 kB
MemFree:          134996 kB
Active:           380700 kB
Mem:          3.8G       3.7G       131M       5.7M        20M       3.2G

MemTotal:        4016004 kB
MemFree:          132764 kB
Active:           380576 kB
Mem:          3.8G       3.7G       129M       5.7M        20M       3.2G

MemTotal:        4016004 kB
MemFree:          129940 kB
Active:           380584 kB
Mem:          3.8G       3.7G       126M       5.7M        20M       3.3G

MemTotal:        4016004 kB
MemFree:          124084 kB
Active:           378692 kB
Mem:          3.8G       3.7G       121M       5.7M        20M       3.3G

MemTotal:        4016004 kB
MemFree:          124588 kB
Active:           380580 kB
Mem:          3.8G       3.7G       122M       5.7M        20M       3.3G

MemTotal:        4016004 kB
MemFree:          111056 kB
Active:           379324 kB
Mem:          3.8G       3.7G       106M       5.7M        20M       3.3G

MemTotal:        4016004 kB
MemFree:          133292 kB
Active:           375484 kB
Mem:          3.8G       3.7G       127M       5.7M        20M       3.3G

MemTotal:        4016004 kB
MemFree:          134104 kB
Active:           372376 kB
Mem:          3.8G       3.7G       128M       5.7M        20M       3.2G

MemTotal:        4016004 kB
MemFree:          136544 kB
Active:           372220 kB
Mem:          3.8G       3.7G       133M       5.7M        20M       3.2G

MemTotal:        4016004 kB
MemFree:          120148 kB
Active:           372256 kB
Mem:          3.8G       3.7G       116M       5.7M        20M       3.3G

MemTotal:        4016004 kB
MemFree:          143744 kB
Active:           371048 kB
Mem:          3.8G       3.7G       140M       5.7M        20M       3.2G

MemTotal:        4016004 kB
MemFree:          127944 kB
Active:           371004 kB
Mem:          3.8G       3.7G       123M       5.7M        20M       3.3G

MemTotal:        4016004 kB
MemFree:          134968 kB
Active:           371056 kB
Mem:          3.8G       3.7G       132M       5.7M        20M       3.2G

MemTotal:        4016004 kB
MemFree:          133728 kB
Active:           371064 kB
Mem:          3.8G       3.7G       130M       5.7M        20M       3.2G

MemTotal:        4016004 kB
MemFree:          133076 kB
Active:           371068 kB
Mem:          3.8G       3.7G       129M       5.7M        20M       3.2G

MemTotal:        4016004 kB
MemFree:          133052 kB
Active:           371040 kB
Mem:          3.8G       3.7G       129M       5.7M        20M       3.2G

MemTotal:        4016004 kB
MemFree:          129316 kB
Active:           371072 kB
Mem:          3.8G       3.7G       124M       5.7M        20M       3.3G

MemTotal:        4016004 kB
MemFree:          116600 kB
Active:           369008 kB
Mem:          3.8G       3.7G       136M       5.7M        20M       3.2G

MemTotal:        4016004 kB
MemFree:          120328 kB
Active:           368848 kB
Mem:          3.8G       3.7G       138M       5.7M        20M       3.2G

MemTotal:        4016004 kB
MemFree:          116788 kB
Active:           368892 kB
Mem:          3.8G       3.7G       112M       5.7M        20M       3.3G

MemTotal:        4016004 kB
MemFree:          110848 kB
Active:           368892 kB
Mem:          3.8G       3.7G       105M       5.7M        20M       3.3G

MemTotal:        4016004 kB
MemFree:          127148 kB
Active:           368872 kB
Mem:          3.8G       3.7G       124M       5.7M        20M       3.3G

MemTotal:        4016004 kB
MemFree:          125336 kB
Active:           368860 kB
Mem:          3.8G       3.7G       120M       5.7M        20M       3.3G

MemTotal:        4016004 kB
MemFree:          126796 kB
Active:           368876 kB
Mem:          3.8G       3.7G       123M       5.7M        20M       3.3G

MemTotal:        4016004 kB
MemFree:          130332 kB
Active:           368884 kB
Mem:          3.8G       3.7G       127M       5.7M        20M       3.2G

MemTotal:        4016004 kB
MemFree:          128016 kB
Active:           368876 kB
Mem:          3.8G       3.7G       125M       5.7M        20M       3.3G

MemTotal:        4016004 kB
MemFree:          126308 kB
Active:           368920 kB
Mem:          3.8G       3.7G       122M       5.7M        20M       3.3G

MemTotal:        4016004 kB
MemFree:          122440 kB
Active:           368900 kB
Mem:          3.8G       3.7G       119M       5.7M        20M       3.3G

MemTotal:        4016004 kB
MemFree:          127520 kB
Active:           368892 kB
Mem:          3.8G       3.7G       124M       5.7M        20M       3.3G

MemTotal:        4016004 kB
MemFree:          113608 kB
Active:           368484 kB
Mem:          3.8G       3.7G       124M       5.7M        20M       3.3G

MemTotal:        4016004 kB
MemFree:          128500 kB
Active:           368424 kB
Mem:          3.8G       3.7G       125M       5.7M        20M       3.3G

MemTotal:        4016004 kB
MemFree:          123956 kB
Active:           368188 kB
Mem:          3.8G       3.7G       118M       5.7M        20M       3.3G

MemTotal:        4016004 kB
MemFree:          122292 kB
Active:           368148 kB
Mem:          3.8G       3.7G       116M       5.7M        20M       3.3G

MemTotal:        4016004 kB
MemFree:          139408 kB
Active:           368164 kB
Mem:          3.8G       3.7G       140M       5.7M        20M       3.2G

MemTotal:        4016004 kB
MemFree:          132664 kB
Active:           368148 kB
Mem:          3.8G       3.7G       129M       5.7M        20M       3.2G

MemTotal:        4016004 kB
MemFree:          131796 kB
Active:           368160 kB
Mem:          3.8G       3.7G       128M       5.7M        20M       3.2G

MemTotal:        4016004 kB
MemFree:          128672 kB
Active:           368188 kB
Mem:          3.8G       3.7G       125M       5.7M        20M       3.2G

MemTotal:        4016004 kB
MemFree:          126256 kB
Active:           368148 kB
Mem:          3.8G       3.7G       123M       5.7M        20M       3.3G

MemTotal:        4016004 kB
MemFree:          125048 kB
Active:           368160 kB
Mem:          3.8G       3.7G       122M       5.7M        20M       3.3G

MemTotal:        4016004 kB
MemFree:          119184 kB
Active:           368184 kB
Mem:          3.8G       3.7G       114M       5.7M        20M       3.3G

MemTotal:        4016004 kB
MemFree:          106048 kB
Active:           368204 kB
Mem:          3.8G       3.7G       125M       5.7M        20M       3.2G

MemTotal:        4016004 kB
MemFree:          127620 kB
Active:           362644 kB
Mem:          3.8G       3.7G       123M       5.7M        20M       3.3G

MemTotal:        4016004 kB
MemFree:          144344 kB
Active:           361096 kB
Mem:          3.8G       3.7G       138M       5.7M        20M       3.2G

MemTotal:        4016004 kB
MemFree:          131080 kB
Active:           362896 kB
Mem:          3.8G       3.7G       127M       5.7M        20M       3.2G

MemTotal:        4016004 kB
MemFree:          128104 kB
Active:           362784 kB
Mem:          3.8G       3.7G       124M       5.7M        20M       3.2G

MemTotal:        4016004 kB
MemFree:          128732 kB
Active:           362792 kB
Mem:          3.8G       3.7G       125M       5.7M        20M       3.3G

MemTotal:        4016004 kB
MemFree:          115308 kB
Active:           362708 kB
Mem:          3.8G       3.7G       109M       5.7M        20M       3.3G

MemTotal:        4016004 kB
MemFree:          133452 kB
Active:           362736 kB
Mem:          3.8G       3.7G       129M       5.7M        20M       3.2G

MemTotal:        4016004 kB
MemFree:          131224 kB
Active:           362748 kB
Mem:          3.8G       3.7G       127M       5.7M        20M       3.2G

MemTotal:        4016004 kB
MemFree:          131040 kB
Active:           362720 kB
Mem:          3.8G       3.7G       126M       5.7M        20M       3.2G

MemTotal:        4016004 kB
MemFree:          128740 kB
Active:           362868 kB
Mem:          3.8G       3.7G       125M       5.7M        20M       3.2G

MemTotal:        4016004 kB
MemFree:          140504 kB
Active:           362760 kB
Mem:          3.8G       3.7G       135M       5.7M        20M       3.2G

MemTotal:        4016004 kB
MemFree:          107000 kB
Active:           362636 kB
Mem:          3.8G       3.7G       108M       5.7M        20M       3.3G

MemTotal:        4016004 kB
MemFree:          117040 kB
Active:           358096 kB
Mem:          3.8G       3.7G       112M       5.7M        20M       3.3G

MemTotal:        4016004 kB
MemFree:          114412 kB
Active:           357816 kB
Mem:          3.8G       3.7G       131M       5.7M        20M       3.2G

MemTotal:        4016004 kB
MemFree:          137172 kB
Active:           357816 kB
Mem:          3.8G       3.7G       132M       5.7M        20M       3.2G

MemTotal:        4016004 kB
MemFree:          134052 kB
Active:           357060 kB
Mem:          3.8G       3.7G       126M       5.7M        20M       3.2G

MemTotal:        4016004 kB
MemFree:          146928 kB
Active:           357060 kB
Mem:          3.8G       3.7G       143M       5.7M        20M       3.2G

MemTotal:        4016004 kB
MemFree:          144964 kB
Active:           357048 kB
Mem:          3.8G       3.7G       141M       5.7M        20M       3.2G

MemTotal:        4016004 kB
MemFree:          144224 kB
Active:           357076 kB
Mem:          3.8G       3.7G       140M       5.7M        20M       3.2G

MemTotal:        4016004 kB
MemFree:          144168 kB
Active:           357076 kB
Mem:          3.8G       3.7G       140M       5.7M        20M       3.2G

MemTotal:        4016004 kB
MemFree:          142432 kB
Active:           357048 kB
Mem:          3.8G       3.7G       139M       5.7M        20M       3.2G

MemTotal:        4016004 kB
MemFree:          137376 kB
Active:           357068 kB
Mem:          3.8G       3.7G       134M       5.7M        20M       3.2G

MemTotal:        4016004 kB
MemFree:          136312 kB
Active:           357072 kB
Mem:          3.8G       3.7G       133M       5.7M        20M       3.2G

MemTotal:        4016004 kB
MemFree:          135768 kB
Active:           357080 kB
Mem:          3.8G       3.7G       132M       5.7M        20M       3.2G

MemTotal:        4016004 kB
MemFree:          134628 kB
Active:           357104 kB
Mem:          3.8G       3.7G       129M       5.7M        20M       3.2G

MemTotal:        4016004 kB
MemFree:          142124 kB
Active:           349488 kB
Mem:          3.8G       3.7G       137M       5.7M        20M       3.2G

MemTotal:        4016004 kB
MemFree:          152328 kB
Active:           349280 kB
Mem:          3.8G       3.7G       148M       5.7M        20M       3.2G

MemTotal:        4016004 kB
MemFree:          120352 kB
Active:           349304 kB
Mem:          3.8G       3.7G       117M       5.7M        20M       3.3G

MemTotal:        4016004 kB
MemFree:          135772 kB
Active:           349336 kB
Mem:          3.8G       3.7G       130M       5.7M        20M       3.2G

MemTotal:        4016004 kB
MemFree:          129116 kB
Active:           349336 kB
Mem:          3.8G       3.7G       125M       5.7M        20M       3.2G

MemTotal:        4016004 kB
MemFree:          138944 kB
Active:           349336 kB
Mem:          3.8G       3.7G       135M       5.7M        20M       3.2G

MemTotal:        4016004 kB
MemFree:          139316 kB
Active:           351360 kB
Mem:          3.8G       3.7G       135M       5.7M        20M       3.2G

MemTotal:        4016004 kB
MemFree:          138020 kB
Active:           351408 kB
Mem:          3.8G       3.7G       134M       5.7M        20M       3.2G

MemTotal:        4016004 kB
MemFree:          137948 kB
Active:           351396 kB
Mem:          3.8G       3.7G       134M       5.7M        20M       3.2G

MemTotal:        4016004 kB
MemFree:          138136 kB
Active:           351388 kB
Mem:          3.8G       3.7G       134M       5.7M        20M       3.2G

MemTotal:        4016004 kB
MemFree:          147808 kB
Active:           350716 kB
Mem:          3.8G       3.7G       143M       5.7M        20M       3.2G

MemTotal:        4016004 kB
MemFree:          132036 kB
Active:           350508 kB
Mem:          3.8G       3.7G       127M       5.7M        20M       3.2G

MemTotal:        4016004 kB
MemFree:          131052 kB
Active:           350508 kB
Mem:          3.8G       3.7G       125M       5.7M        20M       3.2G

MemTotal:        4016004 kB
MemFree:          142812 kB
Active:           350520 kB
Mem:          3.8G       3.7G       139M       5.7M        20M       3.2G

MemTotal:        4016004 kB
MemFree:          127340 kB
Active:           350536 kB
Mem:          3.8G       3.7G       121M       5.7M        20M       3.2G

MemTotal:        4016004 kB
MemFree:          126948 kB
Active:           349848 kB
Mem:          3.8G       3.7G       123M       5.7M        20M       3.2G

MemTotal:        4016004 kB
MemFree:          113104 kB
Active:           348956 kB
Mem:          3.8G       3.7G       109M       5.7M        20M       3.3G

MemTotal:        4016004 kB
MemFree:          134660 kB
Active:           348700 kB
Mem:          3.8G       3.7G       131M       5.7M        20M       3.2G

MemTotal:        4016004 kB
MemFree:          116184 kB
Active:           348560 kB
Mem:          3.8G       3.7G       109M       5.7M        20M       3.3G

MemTotal:        4016004 kB
MemFree:          127420 kB
Active:           348592 kB
Mem:          3.8G       3.7G       124M       5.7M        20M       3.2G

MemTotal:        4016004 kB
MemFree:          126368 kB
Active:           348596 kB
Mem:          3.8G       3.7G       123M       5.7M        20M       3.2G

MemTotal:        4016004 kB
MemFree:          126216 kB
Active:           348560 kB
Mem:          3.8G       3.7G       123M       5.7M        20M       3.2G

MemTotal:        4016004 kB
MemFree:          125772 kB
Active:           348596 kB
Mem:          3.8G       3.7G       122M       5.7M        20M       3.2G

MemTotal:        4016004 kB
MemFree:          115896 kB
Active:           348564 kB
Mem:          3.8G       3.7G       109M       5.7M        20M       3.3G

MemTotal:        4016004 kB
MemFree:          142796 kB
Active:           348600 kB
Mem:          3.8G       3.7G       136M       5.7M        20M       3.2G

MemTotal:        4016004 kB
MemFree:          112780 kB
Active:           348584 kB
Mem:          3.8G       3.7G       107M       5.7M        20M       3.3G

MemTotal:        4016004 kB
MemFree:          133272 kB
Active:           345984 kB
Mem:          3.8G       3.7G       127M       5.7M        20M       3.2G

MemTotal:        4016004 kB
MemFree:          115444 kB
Active:           345684 kB
Mem:          3.8G       3.7G       108M       5.7M        20M       3.3G

MemTotal:        4016004 kB
MemFree:          138892 kB
Active:           345696 kB
Mem:          3.8G       3.7G       135M       5.7M        20M       3.2G

MemTotal:        4016004 kB
MemFree:          110060 kB
Active:           345724 kB
Mem:          3.8G       3.7G       105M       5.7M        20M       3.3G

MemTotal:        4016004 kB
MemFree:          139288 kB
Active:           345740 kB
Mem:          3.8G       3.7G       135M       5.7M        20M       3.2G

MemTotal:        4016004 kB
MemFree:          127184 kB
Active:           345732 kB
Mem:          3.8G       3.7G       124M       5.7M        20M       3.2G

MemTotal:        4016004 kB
MemFree:          125832 kB
Active:           345748 kB
Mem:          3.8G       3.7G       122M       5.7M        20M       3.2G

MemTotal:        4016004 kB
MemFree:          125316 kB
Active:           345740 kB
Mem:          3.8G       3.7G       122M       5.7M        20M       3.2G

MemTotal:        4016004 kB
MemFree:          124972 kB
Active:           345724 kB
Mem:          3.8G       3.7G       121M       5.7M        20M       3.2G

MemTotal:        4016004 kB
MemFree:          124908 kB
Active:           347520 kB
Mem:          3.8G       3.7G       119M       5.7M        20M       3.2G

MemTotal:        4016004 kB
MemFree:          129456 kB
Active:           346876 kB
Mem:          3.8G       3.7G       123M       5.7M        20M       3.2G

MemTotal:        4016004 kB
MemFree:          120520 kB
Active:           346868 kB
Mem:          3.8G       3.7G       116M       5.7M        20M       3.3G

MemTotal:        4016004 kB
MemFree:          132576 kB
Active:           344396 kB
Mem:          3.8G       3.7G       129M       5.7M        20M       3.2G

MemTotal:        4016004 kB
MemFree:          119712 kB
Active:           344372 kB
Mem:          3.8G       3.7G       113M       5.7M        20M       3.3G

MemTotal:        4016004 kB
MemFree:          130248 kB
Active:           344428 kB
Mem:          3.8G       3.7G       125M       5.7M        20M       3.2G

MemTotal:        4016004 kB
MemFree:          148100 kB
Active:           344316 kB
Mem:          3.8G       3.7G       144M       5.7M        20M       3.2G

MemTotal:        4016004 kB
MemFree:          136680 kB
Active:           344280 kB
Mem:          3.8G       3.7G       133M       5.7M        20M       3.2G

MemTotal:        4016004 kB
MemFree:          136788 kB
Active:           344304 kB
Mem:          3.8G       3.7G       133M       5.7M        20M       3.2G

MemTotal:        4016004 kB
MemFree:          136112 kB
Active:           344332 kB
Mem:          3.8G       3.7G       132M       5.7M        20M       3.2G

MemTotal:        4016004 kB
MemFree:          135804 kB
Active:           344320 kB
Mem:          3.8G       3.7G       132M       5.7M        20M       3.2G

MemTotal:        4016004 kB
MemFree:          135436 kB
Active:           344336 kB
Mem:          3.8G       3.7G       132M       5.7M        20M       3.2G

MemTotal:        4016004 kB
MemFree:          116672 kB
Active:           344324 kB
Mem:          3.8G       3.7G       110M       5.7M        20M       3.3G

MemTotal:        4016004 kB
MemFree:          121820 kB
Active:           344340 kB
Mem:          3.8G       3.7G       115M       5.7M        20M       3.2G

MemTotal:        4016004 kB
MemFree:          125876 kB
Active:           344340 kB
Mem:          3.8G       3.7G       143M       5.7M        20M       3.2G

MemTotal:        4016004 kB
MemFree:          133140 kB
Active:           344176 kB
Mem:          3.8G       3.7G       129M       5.7M        20M       3.2G

MemTotal:        4016004 kB
MemFree:          119236 kB
Active:           344192 kB
Mem:          3.8G       3.7G       114M       5.7M        20M       3.2G

MemTotal:        4016004 kB
MemFree:          131928 kB
Active:           344204 kB
Mem:          3.8G       3.7G       125M       5.7M        20M       3.2G

MemTotal:        4016004 kB
MemFree:          133828 kB
Active:           344204 kB
Mem:          3.8G       3.7G       130M       5.7M        20M       3.2G

MemTotal:        4016004 kB
MemFree:          134184 kB
Active:           344208 kB
Mem:          3.8G       3.7G       131M       5.7M        20M       3.2G

MemTotal:        4016004 kB
MemFree:          135076 kB
Active:           344196 kB
Mem:          3.8G       3.7G       131M       5.7M        20M       3.2G

MemTotal:        4016004 kB
MemFree:          134056 kB
Active:           344228 kB
Mem:          3.8G       3.7G       130M       5.7M        20M       3.2G

MemTotal:        4016004 kB
MemFree:          133124 kB
Active:           344196 kB
Mem:          3.8G       3.7G       129M       5.7M        20M       3.2G

MemTotal:        4016004 kB
MemFree:          128860 kB
Active:           344240 kB
Mem:          3.8G       3.7G       125M       5.7M        20M       3.2G

MemTotal:        4016004 kB
MemFree:          121704 kB
Active:           343932 kB
Mem:          3.8G       3.7G       119M       5.7M        20M       3.2G

MemTotal:        4016004 kB
MemFree:          122200 kB
Active:           343904 kB
Mem:          3.8G       3.7G       119M       5.7M        20M       3.2G

MemTotal:        4016004 kB
MemFree:          122448 kB
Active:           343916 kB
Mem:          3.8G       3.7G       119M       5.7M        20M       3.2G

MemTotal:        4016004 kB
MemFree:          122200 kB
Active:           343920 kB
Mem:          3.8G       3.7G       119M       5.7M        20M       3.2G

MemTotal:        4016004 kB
MemFree:          122200 kB
Active:           343896 kB
Mem:          3.8G       3.7G       119M       5.7M        20M       3.2G

MemTotal:        4016004 kB
MemFree:          122200 kB
Active:           343940 kB
Mem:          3.8G       3.7G       119M       5.7M        20M       3.2G

MemTotal:        4016004 kB
MemFree:          122200 kB
Active:           343940 kB
Mem:          3.8G       3.7G       118M       5.7M        20M       3.2G

MemTotal:        4016004 kB
MemFree:          121952 kB
Active:           343912 kB
Mem:          3.8G       3.7G       119M       5.7M        20M       3.2G

MemTotal:        4016004 kB
MemFree:          121332 kB
Active:           343944 kB
Mem:          3.8G       3.7G       118M       5.7M        20M       3.2G

MemTotal:        4016004 kB
MemFree:          121456 kB
Active:           343924 kB
Mem:          3.8G       3.7G       118M       5.7M        20M       3.2G

MemTotal:        4016004 kB
MemFree:          121580 kB
Active:           343932 kB
Mem:          3.8G       3.7G       118M       5.7M        20M       3.2G

MemTotal:        4016004 kB
MemFree:          121704 kB
Active:           343928 kB
Mem:          3.8G       3.7G       118M       5.7M        20M       3.2G

MemTotal:        4016004 kB
MemFree:          121952 kB
Active:           343920 kB
Mem:          3.8G       3.7G       118M       5.7M        20M       3.2G

MemTotal:        4016004 kB
MemFree:          121828 kB
Active:           343932 kB
Mem:          3.8G       3.7G       119M       5.7M        20M       3.2G

MemTotal:        4016004 kB
MemFree:          121704 kB
Active:           343932 kB
Mem:          3.8G       3.7G       118M       5.7M        20M       3.2G

MemTotal:        4016004 kB
MemFree:          121580 kB
Active:           343920 kB
Mem:          3.8G       3.7G       118M       5.7M        20M       3.2G

MemTotal:        4016004 kB
MemFree:          121704 kB
Active:           343952 kB
Mem:          3.8G       3.7G       118M       5.7M        20M       3.2G

MemTotal:        4016004 kB
MemFree:          121704 kB
Active:           343932 kB
Mem:          3.8G       3.7G       118M       5.7M        20M       3.2G

MemTotal:        4016004 kB
MemFree:          121704 kB
Active:           343932 kB
Mem:          3.8G       3.7G       118M       5.7M        20M       3.2G

MemTotal:        4016004 kB
MemFree:          121704 kB
Active:           343928 kB
Mem:          3.8G       3.7G       118M       5.7M        20M       3.2G

MemTotal:        4016004 kB
MemFree:          121704 kB
Active:           343932 kB
Mem:          3.8G       3.7G       118M       5.7M        20M       3.2G

MemTotal:        4016004 kB
MemFree:          121456 kB
Active:           343956 kB
Mem:          3.8G       3.7G       118M       5.7M        20M       3.2G

MemTotal:        4016004 kB
MemFree:          121828 kB
Active:           343928 kB
Mem:          3.8G       3.7G       118M       5.7M        20M       3.2G

MemTotal:        4016004 kB
MemFree:          121952 kB
Active:           343904 kB
Mem:          3.8G       3.7G       118M       5.7M        20M       3.2G

MemTotal:        4016004 kB
MemFree:          121828 kB
Active:           343960 kB
Mem:          3.8G       3.7G       118M       5.7M        20M       3.2G

MemTotal:        4016004 kB
MemFree:          121456 kB
Active:           343968 kB
Mem:          3.8G       3.7G       118M       5.7M        20M       3.2G

MemTotal:        4016004 kB
MemFree:          121704 kB
Active:           343960 kB
Mem:          3.8G       3.7G       118M       5.7M        20M       3.2G

MemTotal:        4016004 kB
MemFree:          121580 kB
Active:           343964 kB
Mem:          3.8G       3.7G       118M       5.7M        20M       3.2G

MemTotal:        4016004 kB
MemFree:          121580 kB
Active:           343952 kB
Mem:          3.8G       3.7G       118M       5.7M        20M       3.2G

MemTotal:        4016004 kB
MemFree:          121580 kB
Active:           343964 kB
Mem:          3.8G       3.7G       118M       5.7M        20M       3.2G

MemTotal:        4016004 kB
MemFree:          121580 kB
Active:           343952 kB
Mem:          3.8G       3.7G       118M       5.7M        20M       3.2G

MemTotal:        4016004 kB
MemFree:          121580 kB
Active:           343952 kB
Mem:          3.8G       3.7G       118M       5.7M        20M       3.2G

MemTotal:        4016004 kB
MemFree:          121704 kB
Active:           343976 kB
Mem:          3.8G       3.7G       118M       5.7M        20M       3.2G

MemTotal:        4016004 kB
MemFree:          121612 kB
Active:           343976 kB
Mem:          3.8G       3.7G       118M       5.7M        20M       3.2G

MemTotal:        4016004 kB
MemFree:          121736 kB
Active:           343932 kB
Mem:          3.8G       3.7G       118M       5.7M        20M       3.2G

MemTotal:        4016004 kB
MemFree:          121612 kB
Active:           343952 kB
Mem:          3.8G       3.7G       118M       5.7M        20M       3.2G

MemTotal:        4016004 kB
MemFree:          121736 kB
Active:           343948 kB
Mem:          3.8G       3.7G       118M       5.7M        20M       3.2G

MemTotal:        4016004 kB
MemFree:          121488 kB
Active:           343932 kB
Mem:          3.8G       3.7G       118M       5.7M        20M       3.2G

MemTotal:        4016004 kB
MemFree:          121612 kB
Active:           343976 kB
Mem:          3.8G       3.7G       118M       5.7M        20M       3.2G

MemTotal:        4016004 kB
MemFree:          121488 kB
Active:           343996 kB
Mem:          3.8G       3.7G       118M       5.7M        20M       3.2G

MemTotal:        4016004 kB
MemFree:          121612 kB
Active:           343960 kB
Mem:          3.8G       3.7G       118M       5.7M        20M       3.2G

MemTotal:        4016004 kB
MemFree:          121612 kB
Active:           343984 kB
Mem:          3.8G       3.7G       118M       5.7M        20M       3.2G

MemTotal:        4016004 kB
MemFree:          121488 kB
Active:           343984 kB
Mem:          3.8G       3.7G       118M       5.7M        20M       3.2G

MemTotal:        4016004 kB
MemFree:          121488 kB
Active:           344000 kB
Mem:          3.8G       3.7G       118M       5.7M        20M       3.2G

MemTotal:        4016004 kB
MemFree:          121364 kB
Active:           343984 kB
Mem:          3.8G       3.7G       118M       5.7M        20M       3.2G

MemTotal:        4016004 kB
MemFree:          121488 kB
Active:           343984 kB
Mem:          3.8G       3.7G       118M       5.7M        20M       3.2G

MemTotal:        4016004 kB
MemFree:          121488 kB
Active:           343976 kB
Mem:          3.8G       3.7G       118M       5.7M        20M       3.2G

MemTotal:        4016004 kB
MemFree:          121488 kB
Active:           343980 kB
Mem:          3.8G       3.7G       118M       5.7M        20M       3.2G

MemTotal:        4016004 kB
MemFree:          121364 kB
Active:           344004 kB
Mem:          3.8G       3.7G       118M       5.7M        20M       3.2G

MemTotal:        4016004 kB
MemFree:          121488 kB
Active:           343956 kB
Mem:          3.8G       3.7G       118M       5.7M        20M       3.2G

MemTotal:        4016004 kB
MemFree:          121612 kB
Active:           344004 kB
Mem:          3.8G       3.7G       118M       5.7M        20M       3.2G

MemTotal:        4016004 kB
MemFree:          121612 kB
Active:           343960 kB
Mem:          3.8G       3.7G       118M       5.7M        20M       3.2G

MemTotal:        4016004 kB
MemFree:          121612 kB
Active:           344004 kB
Mem:          3.8G       3.7G       118M       5.7M        20M       3.2G

MemTotal:        4016004 kB
MemFree:          121364 kB
Active:           344008 kB
Mem:          3.8G       3.7G       118M       5.7M        20M       3.2G

MemTotal:        4016004 kB
MemFree:          121488 kB
Active:           343972 kB
Mem:          3.8G       3.7G       118M       5.7M        20M       3.2G

MemTotal:        4016004 kB
MemFree:          121488 kB
Active:           343984 kB
Mem:          3.8G       3.7G       118M       5.7M        20M       3.2G

MemTotal:        4016004 kB
MemFree:          121488 kB
Active:           343968 kB
Mem:          3.8G       3.7G       118M       5.7M        20M       3.2G

MemTotal:        4016004 kB
MemFree:          121364 kB
Active:           343992 kB
Mem:          3.8G       3.7G       118M       5.7M        20M       3.2G

MemTotal:        4016004 kB
MemFree:          121488 kB
Active:           343980 kB
Mem:          3.8G       3.7G       118M       5.7M        20M       3.2G

MemTotal:        4016004 kB
MemFree:          121488 kB
Active:           343964 kB
Mem:          3.8G       3.7G       118M       5.7M        20M       3.2G

MemTotal:        4016004 kB
MemFree:          121612 kB
Active:           343980 kB
Mem:          3.8G       3.7G       118M       5.7M        20M       3.2G

MemTotal:        4016004 kB
MemFree:          121488 kB
Active:           343972 kB
Mem:          3.8G       3.7G       118M       5.7M        20M       3.2G

MemTotal:        4016004 kB
MemFree:          121488 kB
Active:           344028 kB
Mem:          3.8G       3.7G       118M       5.7M        20M       3.2G

MemTotal:        4016004 kB
MemFree:          121488 kB
Active:           344012 kB
Mem:          3.8G       3.7G       118M       5.7M        20M       3.2G

MemTotal:        4016004 kB
MemFree:          121364 kB
Active:           344008 kB
Mem:          3.8G       3.7G       118M       5.7M        20M       3.2G

MemTotal:        4016004 kB
MemFree:          121240 kB
Active:           344032 kB
Mem:          3.8G       3.7G       118M       5.7M        20M       3.2G

MemTotal:        4016004 kB
MemFree:          121364 kB
Active:           344024 kB
Mem:          3.8G       3.7G       118M       5.7M        20M       3.2G

MemTotal:        4016004 kB
MemFree:          121364 kB
Active:           344008 kB
Mem:          3.8G       3.7G       118M       5.7M        20M       3.2G

MemTotal:        4016004 kB
MemFree:          121364 kB
Active:           343996 kB
Mem:          3.8G       3.7G       118M       5.7M        20M       3.2G

MemTotal:        4016004 kB
MemFree:          121364 kB
Active:           344012 kB
Mem:          3.8G       3.7G       118M       5.7M        20M       3.2G

MemTotal:        4016004 kB
MemFree:          121488 kB
Active:           344000 kB
Mem:          3.8G       3.7G       118M       5.7M        20M       3.2G

MemTotal:        4016004 kB
MemFree:          121488 kB
Active:           344008 kB
Mem:          3.8G       3.7G       118M       5.7M        20M       3.2G

MemTotal:        4016004 kB
MemFree:          121364 kB
Active:           344044 kB
Mem:          3.8G       3.7G       118M       5.7M        20M       3.2G

MemTotal:        4016004 kB
MemFree:          121240 kB
Active:           344040 kB
Mem:          3.8G       3.7G       118M       5.7M        20M       3.2G

MemTotal:        4016004 kB
MemFree:          121488 kB
Active:           344016 kB
Mem:          3.8G       3.7G       118M       5.7M        20M       3.2G

MemTotal:        4016004 kB
MemFree:          121116 kB
Active:           344060 kB
Mem:          3.8G       3.7G       118M       5.7M        20M       3.2G

MemTotal:        4016004 kB
MemFree:          121364 kB
Active:           344012 kB
Mem:          3.8G       3.7G       118M       5.7M        20M       3.2G

MemTotal:        4016004 kB
MemFree:          121488 kB
Active:           344016 kB
Mem:          3.8G       3.7G       118M       5.7M        20M       3.2G

MemTotal:        4016004 kB
MemFree:          121116 kB
Active:           344060 kB
Mem:          3.8G       3.7G       118M       5.7M        20M       3.2G

MemTotal:        4016004 kB
MemFree:          121364 kB
Active:           344060 kB
Mem:          3.8G       3.7G       118M       5.7M        20M       3.2G

MemTotal:        4016004 kB
MemFree:          121612 kB
Active:           344028 kB
Mem:          3.8G       3.7G       118M       5.7M        20M       3.2G

MemTotal:        4016004 kB
MemFree:          121364 kB
Active:           344016 kB
Mem:          3.8G       3.7G       118M       5.7M        20M       3.2G

MemTotal:        4016004 kB
MemFree:          121364 kB
Active:           344020 kB
Mem:          3.8G       3.7G       118M       5.7M        20M       3.2G

MemTotal:        4016004 kB
MemFree:          120868 kB
Active:           344068 kB
Mem:          3.8G       3.7G       118M       5.7M        20M       3.2G

MemTotal:        4016004 kB
MemFree:          121364 kB
Active:           344032 kB
Mem:          3.8G       3.7G       118M       5.7M        20M       3.2G

MemTotal:        4016004 kB
MemFree:          121488 kB
Active:           344012 kB
Mem:          3.8G       3.7G       118M       5.7M        20M       3.2G

MemTotal:        4016004 kB
MemFree:          121364 kB
Active:           344052 kB
Mem:          3.8G       3.7G       118M       5.7M        20M       3.2G

MemTotal:        4016004 kB
MemFree:          121488 kB
Active:           344056 kB
Mem:          3.8G       3.7G       118M       5.7M        20M       3.2G

MemTotal:        4016004 kB
MemFree:          121116 kB
Active:           344076 kB
Mem:          3.8G       3.7G       118M       5.7M        20M       3.2G

MemTotal:        4016004 kB
MemFree:          121488 kB
Active:           344064 kB
Mem:          3.8G       3.7G       118M       5.7M        20M       3.2G

MemTotal:        4016004 kB
MemFree:          121364 kB
Active:           344036 kB
Mem:          3.8G       3.7G       118M       5.7M        20M       3.2G

MemTotal:        4016004 kB
MemFree:          121364 kB
Active:           344076 kB
Mem:          3.8G       3.7G       118M       5.7M        20M       3.2G

MemTotal:        4016004 kB
MemFree:          121364 kB
Active:           344068 kB
Mem:          3.8G       3.7G       118M       5.7M        20M       3.2G

MemTotal:        4016004 kB
MemFree:          121364 kB
Active:           344044 kB
Mem:          3.8G       3.7G       118M       5.7M        20M       3.2G

MemTotal:        4016004 kB
MemFree:          121364 kB
Active:           344044 kB
Mem:          3.8G       3.7G       118M       5.7M        20M       3.2G

MemTotal:        4016004 kB
MemFree:          121240 kB
Active:           344080 kB
Mem:          3.8G       3.7G       118M       5.7M        20M       3.2G

MemTotal:        4016004 kB
MemFree:          121488 kB
Active:           344072 kB
Mem:          3.8G       3.7G       118M       5.7M        20M       3.2G

MemTotal:        4016004 kB
MemFree:          121364 kB
Active:           344076 kB
Mem:          3.8G       3.7G       118M       5.7M        20M       3.2G

MemTotal:        4016004 kB
MemFree:          120992 kB
Active:           344088 kB
Mem:          3.8G       3.7G       118M       5.7M        20M       3.2G

MemTotal:        4016004 kB
MemFree:          121488 kB
Active:           344076 kB
Mem:          3.8G       3.7G       118M       5.7M        20M       3.2G

MemTotal:        4016004 kB
MemFree:          121116 kB
Active:           344088 kB
Mem:          3.8G       3.7G       118M       5.7M        20M       3.2G

MemTotal:        4016004 kB
MemFree:          121488 kB
Active:           344044 kB
Mem:          3.8G       3.7G       118M       5.7M        20M       3.2G

MemTotal:        4016004 kB
MemFree:          121240 kB
Active:           344100 kB
Mem:          3.8G       3.7G       118M       5.7M        20M       3.2G

MemTotal:        4016004 kB
MemFree:          121612 kB
Active:           344044 kB
Mem:          3.8G       3.7G       118M       5.7M        20M       3.2G

MemTotal:        4016004 kB
MemFree:          121240 kB
Active:           344072 kB
Mem:          3.8G       3.7G       118M       5.7M        20M       3.2G

MemTotal:        4016004 kB
MemFree:          121240 kB
Active:           344064 kB
Mem:          3.8G       3.7G       118M       5.7M        20M       3.2G

MemTotal:        4016004 kB
MemFree:          121240 kB
Active:           344056 kB
Mem:          3.8G       3.7G       118M       5.7M        20M       3.2G

MemTotal:        4016004 kB
MemFree:          121364 kB
Active:           344100 kB
Mem:          3.8G       3.7G       118M       5.7M        20M       3.2G

MemTotal:        4016004 kB
MemFree:          121240 kB
Active:           344084 kB
Mem:          3.8G       3.7G       118M       5.7M        20M       3.2G

MemTotal:        4016004 kB
MemFree:          121240 kB
Active:           344076 kB
Mem:          3.8G       3.7G       118M       5.7M        20M       3.2G

MemTotal:        4016004 kB
MemFree:          121364 kB
Active:           344056 kB
Mem:          3.8G       3.7G       118M       5.7M        20M       3.2G

MemTotal:        4016004 kB
MemFree:          121364 kB
Active:           344104 kB
Mem:          3.8G       3.7G       118M       5.7M        20M       3.2G

MemTotal:        4016004 kB
MemFree:          121364 kB
Active:           344112 kB
Mem:          3.8G       3.7G       118M       5.7M        20M       3.2G

MemTotal:        4016004 kB
MemFree:          121240 kB
Active:           344080 kB
Mem:          3.8G       3.7G       118M       5.7M        20M       3.2G

MemTotal:        4016004 kB
MemFree:          120868 kB
Active:           344120 kB
Mem:          3.8G       3.7G       118M       5.7M        20M       3.2G

MemTotal:        4016004 kB
MemFree:          121240 kB
Active:           344112 kB
Mem:          3.8G       3.7G       118M       5.7M        20M       3.2G

MemTotal:        4016004 kB
MemFree:          121240 kB
Active:           344092 kB
Mem:          3.8G       3.7G       118M       5.7M        20M       3.2G

MemTotal:        4016004 kB
MemFree:          121116 kB
Active:           344128 kB
Mem:          3.8G       3.7G       118M       5.7M        20M       3.2G

MemTotal:        4016004 kB
MemFree:          121256 kB
Active:           344104 kB
Mem:          3.8G       3.7G       118M       5.7M        20M       3.2G

MemTotal:        4016004 kB
MemFree:          121132 kB
Active:           344112 kB
Mem:          3.8G       3.7G       118M       5.7M        20M       3.2G

MemTotal:        4016004 kB
MemFree:          121132 kB
Active:           344104 kB
Mem:          3.8G       3.7G       118M       5.7M        20M       3.2G

MemTotal:        4016004 kB
MemFree:          121256 kB
Active:           344124 kB
Mem:          3.8G       3.7G       118M       5.7M        20M       3.2G

MemTotal:        4016004 kB
MemFree:          120884 kB
Active:           344144 kB
Mem:          3.8G       3.7G       118M       5.7M        20M       3.2G

MemTotal:        4016004 kB
MemFree:          121380 kB
Active:           344116 kB
Mem:          3.8G       3.7G       118M       5.7M        20M       3.2G

MemTotal:        4016004 kB
MemFree:          121256 kB
Active:           344096 kB
Mem:          3.8G       3.7G       118M       5.7M        20M       3.2G

MemTotal:        4016004 kB
MemFree:          121256 kB
Active:           344116 kB
Mem:          3.8G       3.7G       118M       5.7M        20M       3.2G

MemTotal:        4016004 kB
MemFree:          121380 kB
Active:           344116 kB
Mem:          3.8G       3.7G       118M       5.7M        20M       3.2G

MemTotal:        4016004 kB
MemFree:          121132 kB
Active:           344120 kB
Mem:          3.8G       3.7G       118M       5.7M        20M       3.2G

MemTotal:        4016004 kB
MemFree:          121132 kB
Active:           344124 kB
Mem:          3.8G       3.7G       118M       5.7M        20M       3.2G

MemTotal:        4016004 kB
MemFree:          121132 kB
Active:           344120 kB
Mem:          3.8G       3.7G       118M       5.7M        20M       3.2G

MemTotal:        4016004 kB
MemFree:          120760 kB
Active:           344160 kB
Mem:          3.8G       3.7G       118M       5.7M        20M       3.2G

MemTotal:        4016004 kB
MemFree:          121132 kB
Active:           344120 kB
Mem:          3.8G       3.7G       118M       5.7M        20M       3.2G

MemTotal:        4016004 kB
MemFree:          121380 kB
Active:           344124 kB
Mem:          3.8G       3.7G       118M       5.7M        20M       3.2G

MemTotal:        4016004 kB
MemFree:          121256 kB
Active:           344128 kB
Mem:          3.8G       3.7G       118M       5.7M        20M       3.2G

MemTotal:        4016004 kB
MemFree:          121380 kB
Active:           344164 kB
Mem:          3.8G       3.7G       118M       5.7M        20M       3.2G

MemTotal:        4016004 kB
MemFree:          121256 kB
Active:           344152 kB
Mem:          3.8G       3.7G       118M       5.7M        20M       3.2G

MemTotal:        4016004 kB
MemFree:          121256 kB
Active:           344156 kB
Mem:          3.8G       3.7G       118M       5.7M        20M       3.2G

MemTotal:        4016004 kB
MemFree:          121132 kB
Active:           344156 kB
Mem:          3.8G       3.7G       118M       5.7M        20M       3.2G

MemTotal:        4016004 kB
MemFree:          121132 kB
Active:           344156 kB
Mem:          3.8G       3.7G       118M       5.7M        20M       3.2G

MemTotal:        4016004 kB
MemFree:          121008 kB
Active:           344176 kB
Mem:          3.8G       3.7G       118M       5.7M        20M       3.2G

MemTotal:        4016004 kB
MemFree:          121008 kB
Active:           344216 kB
Mem:          3.8G       3.7G       118M       5.7M        20M       3.2G

MemTotal:        4016004 kB
MemFree:          121116 kB
Active:           344240 kB
Mem:          3.8G       3.7G       118M       5.7M        20M       3.2G

MemTotal:        4016004 kB
MemFree:          120992 kB
Active:           344212 kB
Mem:          3.8G       3.7G       118M       5.7M        20M       3.2G

MemTotal:        4016004 kB
MemFree:          121736 kB
Active:           344208 kB
Mem:          3.8G       3.7G       118M       5.7M        20M       3.2G

MemTotal:        4016004 kB
MemFree:          121240 kB
Active:           344208 kB
Mem:          3.8G       3.7G       118M       5.7M        20M       3.2G

MemTotal:        4016004 kB
MemFree:          119068 kB
Active:           344200 kB
Mem:          3.8G       3.7G       116M       5.7M        20M       3.2G

MemTotal:        4016004 kB
MemFree:          118944 kB
Active:           346240 kB
Mem:          3.8G       3.7G       116M       5.7M        20M       3.2G

MemTotal:        4016004 kB
MemFree:          119068 kB
Active:           346252 kB
Mem:          3.8G       3.7G       116M       5.7M        20M       3.2G

MemTotal:        4016004 kB
MemFree:          119192 kB
Active:           346256 kB
Mem:          3.8G       3.7G       116M       5.7M        20M       3.2G

MemTotal:        4016004 kB
MemFree:          118944 kB
Active:           346260 kB
Mem:          3.8G       3.7G       116M       5.7M        20M       3.2G

MemTotal:        4016004 kB
MemFree:          119068 kB
Active:           346256 kB
Mem:          3.8G       3.7G       116M       5.7M        20M       3.2G

MemTotal:        4016004 kB
MemFree:          119068 kB
Active:           346224 kB
Mem:          3.8G       3.7G       116M       5.7M        20M       3.2G

MemTotal:        4016004 kB
MemFree:          119068 kB
Active:           346268 kB
Mem:          3.8G       3.7G       115M       5.7M        20M       3.2G

MemTotal:        4016004 kB
MemFree:          118944 kB
Active:           346220 kB
Mem:          3.8G       3.7G       116M       5.7M        20M       3.2G

MemTotal:        4016004 kB
MemFree:          118820 kB
Active:           346224 kB
Mem:          3.8G       3.7G       116M       5.7M        20M       3.2G

MemTotal:        4016004 kB
MemFree:          118944 kB
Active:           346268 kB
Mem:          3.8G       3.7G       116M       5.7M        20M       3.2G

MemTotal:        4016004 kB
MemFree:          118944 kB
Active:           346268 kB
Mem:          3.8G       3.7G       116M       5.7M        20M       3.2G

MemTotal:        4016004 kB
MemFree:          118960 kB
Active:           346260 kB
Mem:          3.8G       3.7G       116M       5.7M        20M       3.2G

MemTotal:        4016004 kB
MemFree:          118960 kB
Active:           346260 kB
Mem:          3.8G       3.7G       116M       5.7M        20M       3.2G

MemTotal:        4016004 kB
MemFree:          118960 kB
Active:           346220 kB
Mem:          3.8G       3.7G       116M       5.7M        20M       3.2G

MemTotal:        4016004 kB
MemFree:          118960 kB
Active:           346224 kB
Mem:          3.8G       3.7G       116M       5.7M        20M       3.2G

MemTotal:        4016004 kB
MemFree:          118960 kB
Active:           346228 kB
Mem:          3.8G       3.7G       116M       5.7M        20M       3.2G

MemTotal:        4016004 kB
MemFree:          118960 kB
Active:           346264 kB
Mem:          3.8G       3.7G       116M       5.7M        20M       3.2G

MemTotal:        4016004 kB
MemFree:          118960 kB
Active:           346268 kB
Mem:          3.8G       3.7G       116M       5.7M        21M       3.2G

MemTotal:        4016004 kB
MemFree:          118464 kB
Active:           346296 kB
Mem:          3.8G       3.7G       115M       5.7M        21M       3.2G

MemTotal:        4016004 kB
MemFree:          119084 kB
Active:           346284 kB
Mem:          3.8G       3.7G       116M       5.7M        21M       3.2G

MemTotal:        4016004 kB
MemFree:          119084 kB
Active:           346276 kB
Mem:          3.8G       3.7G       116M       5.7M        21M       3.2G

MemTotal:        4016004 kB
MemFree:          118960 kB
Active:           346256 kB
Mem:          3.8G       3.7G       116M       5.7M        21M       3.2G

MemTotal:        4016004 kB
MemFree:          119084 kB
Active:           346272 kB
Mem:          3.8G       3.7G       116M       5.7M        21M       3.2G

MemTotal:        4016004 kB
MemFree:          118960 kB
Active:           346276 kB
Mem:          3.8G       3.7G       116M       5.7M        21M       3.2G

MemTotal:        4016004 kB
MemFree:          118960 kB
Active:           346296 kB
Mem:          3.8G       3.7G       116M       5.7M        21M       3.2G

MemTotal:        4016004 kB
MemFree:          118836 kB
Active:           346308 kB
Mem:          3.8G       3.7G       116M       5.7M        21M       3.2G

MemTotal:        4016004 kB
MemFree:          118588 kB
Active:           346312 kB
Mem:          3.8G       3.7G       116M       5.7M        21M       3.2G

MemTotal:        4016004 kB
MemFree:          119084 kB
Active:           346280 kB
Mem:          3.8G       3.7G       116M       5.7M        21M       3.2G

MemTotal:        4016004 kB
MemFree:          118588 kB
Active:           346312 kB
Mem:          3.8G       3.7G       115M       5.7M        21M       3.2G

MemTotal:        4016004 kB
MemFree:          118960 kB
Active:           346308 kB
Mem:          3.8G       3.7G       116M       5.7M        21M       3.2G

MemTotal:        4016004 kB
MemFree:          118960 kB
Active:           346316 kB
Mem:          3.8G       3.7G       116M       5.7M        21M       3.2G

MemTotal:        4016004 kB
MemFree:          118960 kB
Active:           346296 kB
Mem:          3.8G       3.7G       116M       5.7M        21M       3.2G

MemTotal:        4016004 kB
MemFree:          118960 kB
Active:           346300 kB
Mem:          3.8G       3.7G       116M       5.7M        21M       3.2G

MemTotal:        4016004 kB
MemFree:          119084 kB
Active:           346296 kB
Mem:          3.8G       3.7G       116M       5.7M        21M       3.2G

MemTotal:        4016004 kB
MemFree:          119084 kB
Active:           346280 kB
Mem:          3.8G       3.7G       116M       5.7M        21M       3.2G

MemTotal:        4016004 kB
MemFree:          119084 kB
Active:           346292 kB
Mem:          3.8G       3.7G       116M       5.7M        21M       3.2G

MemTotal:        4016004 kB
MemFree:          119084 kB
Active:           346300 kB
Mem:          3.8G       3.7G       116M       5.7M        21M       3.2G

MemTotal:        4016004 kB
MemFree:          119580 kB
Active:           346308 kB
Mem:          3.8G       3.7G       116M       5.7M        21M       3.2G

MemTotal:        4016004 kB
MemFree:          119704 kB
Active:           346296 kB
Mem:          3.8G       3.7G       116M       5.7M        21M       3.2G

MemTotal:        4016004 kB
MemFree:          119456 kB
Active:           346284 kB
Mem:          3.8G       3.7G       116M       5.7M        21M       3.2G

MemTotal:        4016004 kB
MemFree:          118960 kB
Active:           346296 kB
Mem:          3.8G       3.7G       116M       5.7M        21M       3.2G

MemTotal:        4016004 kB
MemFree:          118712 kB
Active:           346336 kB
Mem:          3.8G       3.7G       116M       5.7M        21M       3.2G

MemTotal:        4016004 kB
MemFree:          118960 kB
Active:           346280 kB
Mem:          3.8G       3.7G       116M       5.7M        21M       3.2G

MemTotal:        4016004 kB
MemFree:          118960 kB
Active:           346292 kB
Mem:          3.8G       3.7G       115M       5.7M        21M       3.2G

MemTotal:        4016004 kB
MemFree:          118960 kB
Active:           346300 kB
Mem:          3.8G       3.7G       116M       5.7M        21M       3.2G

MemTotal:        4016004 kB
MemFree:          118960 kB
Active:           346316 kB
Mem:          3.8G       3.7G       116M       5.7M        21M       3.2G

MemTotal:        4016004 kB
MemFree:          119208 kB
Active:           346344 kB
Mem:          3.8G       3.7G       116M       5.7M        21M       3.2G

MemTotal:        4016004 kB
MemFree:          119084 kB
Active:           346292 kB
Mem:          3.8G       3.7G       115M       5.7M        21M       3.2G

MemTotal:        4016004 kB
MemFree:          118960 kB
Active:           346292 kB
Mem:          3.8G       3.7G       116M       5.7M        21M       3.2G

MemTotal:        4016004 kB
MemFree:          118960 kB
Active:           346348 kB
Mem:          3.8G       3.7G       116M       5.7M        21M       3.2G

MemTotal:        4016004 kB
MemFree:          118960 kB
Active:           346336 kB
Mem:          3.8G       3.7G       116M       5.7M        21M       3.2G

MemTotal:        4016004 kB
MemFree:          119084 kB
Active:           346332 kB
Mem:          3.8G       3.7G       115M       5.7M        21M       3.2G

MemTotal:        4016004 kB
MemFree:          118836 kB
Active:           346300 kB
Mem:          3.8G       3.7G       116M       5.7M        21M       3.2G

MemTotal:        4016004 kB
MemFree:          118836 kB
Active:           346340 kB
Mem:          3.8G       3.7G       116M       5.7M        21M       3.2G

MemTotal:        4016004 kB
MemFree:          118960 kB
Active:           346340 kB
Mem:          3.8G       3.7G       116M       5.7M        21M       3.2G

MemTotal:        4016004 kB
MemFree:          118960 kB
Active:           346316 kB
Mem:          3.8G       3.7G       115M       5.7M        21M       3.2G

MemTotal:        4016004 kB
MemFree:          118960 kB
Active:           346344 kB
Mem:          3.8G       3.7G       116M       5.7M        21M       3.2G

MemTotal:        4016004 kB
MemFree:          119456 kB
Active:           346336 kB
Mem:          3.8G       3.7G       116M       5.7M        21M       3.2G

MemTotal:        4016004 kB
MemFree:          119084 kB
Active:           346360 kB
Mem:          3.8G       3.7G       116M       5.7M        21M       3.2G

MemTotal:        4016004 kB
MemFree:          119456 kB
Active:           346320 kB
Mem:          3.8G       3.7G       116M       5.7M        21M       3.2G

MemTotal:        4016004 kB
MemFree:          119208 kB
Active:           346368 kB
Mem:          3.8G       3.7G       116M       5.7M        21M       3.2G

MemTotal:        4016004 kB
MemFree:          119084 kB
Active:           346336 kB
Mem:          3.8G       3.7G       116M       5.7M        21M       3.2G

MemTotal:        4016004 kB
MemFree:          118960 kB
Active:           346356 kB
Mem:          3.8G       3.7G       116M       5.7M        21M       3.2G

MemTotal:        4016004 kB
MemFree:          118960 kB
Active:           346340 kB
Mem:          3.8G       3.7G       116M       5.7M        21M       3.2G

MemTotal:        4016004 kB
MemFree:          118836 kB
Active:           346332 kB
Mem:          3.8G       3.7G       115M       5.7M        21M       3.2G

MemTotal:        4016004 kB
MemFree:          118836 kB
Active:           346320 kB
Mem:          3.8G       3.7G       115M       5.7M        21M       3.2G

MemTotal:        4016004 kB
MemFree:          118836 kB
Active:           346372 kB
Mem:          3.8G       3.7G       116M       5.7M        21M       3.2G

MemTotal:        4016004 kB
MemFree:          118836 kB
Active:           346368 kB
Mem:          3.8G       3.7G       115M       5.7M        21M       3.2G

MemTotal:        4016004 kB
MemFree:          118836 kB
Active:           346344 kB
Mem:          3.8G       3.7G       116M       5.7M        21M       3.2G

MemTotal:        4016004 kB
MemFree:          118712 kB
Active:           346372 kB
Mem:          3.8G       3.7G       115M       5.7M        21M       3.2G

MemTotal:        4016004 kB
MemFree:          118836 kB
Active:           346356 kB
Mem:          3.8G       3.7G       116M       5.7M        21M       3.2G

MemTotal:        4016004 kB
MemFree:          118960 kB
Active:           346348 kB
Mem:          3.8G       3.7G       116M       5.7M        21M       3.2G

MemTotal:        4016004 kB
MemFree:          118836 kB
Active:           346352 kB
Mem:          3.8G       3.7G       116M       5.7M        21M       3.2G

MemTotal:        4016004 kB
MemFree:          118960 kB
Active:           346360 kB
Mem:          3.8G       3.7G       115M       5.7M        21M       3.2G

MemTotal:        4016004 kB
MemFree:          118836 kB
Active:           346392 kB
Mem:          3.8G       3.7G       115M       5.7M        21M       3.2G

MemTotal:        4016004 kB
MemFree:          118836 kB
Active:           346400 kB
Mem:          3.8G       3.7G       115M       5.7M        21M       3.2G

MemTotal:        4016004 kB
MemFree:          118836 kB
Active:           346404 kB
Mem:          3.8G       3.7G       115M       5.7M        21M       3.2G

MemTotal:        4016004 kB
MemFree:          118712 kB
Active:           346396 kB
Mem:          3.8G       3.7G       115M       5.7M        21M       3.2G

MemTotal:        4016004 kB
MemFree:          118836 kB
Active:           346380 kB
Mem:          3.8G       3.7G       116M       5.7M        21M       3.2G

MemTotal:        4016004 kB
MemFree:          118836 kB
Active:           346376 kB
Mem:          3.8G       3.7G       115M       5.7M        21M       3.2G

MemTotal:        4016004 kB
MemFree:          118836 kB
Active:           346376 kB
Mem:          3.8G       3.7G       116M       5.7M        21M       3.2G

MemTotal:        4016004 kB
MemFree:          118960 kB
Active:           346368 kB
Mem:          3.8G       3.7G       115M       5.7M        21M       3.2G

MemTotal:        4016004 kB
MemFree:          118836 kB
Active:           346400 kB
Mem:          3.8G       3.7G       115M       5.7M        21M       3.2G

MemTotal:        4016004 kB
MemFree:          118836 kB
Active:           346356 kB
Mem:          3.8G       3.7G       116M       5.7M        21M       3.2G

MemTotal:        4016004 kB
MemFree:          118836 kB
Active:           346400 kB
Mem:          3.8G       3.7G       115M       5.7M        21M       3.2G

MemTotal:        4016004 kB
MemFree:          118712 kB
Active:           346408 kB
Mem:          3.8G       3.7G       115M       5.7M        21M       3.2G

MemTotal:        4016004 kB
MemFree:          118712 kB
Active:           346384 kB
Mem:          3.8G       3.7G       115M       5.7M        21M       3.2G

MemTotal:        4016004 kB
MemFree:          118464 kB
Active:           346416 kB
Mem:          3.8G       3.7G       115M       5.7M        21M       3.2G

MemTotal:        4016004 kB
MemFree:          118836 kB
Active:           346400 kB
Mem:          3.8G       3.7G       116M       5.7M        21M       3.2G

MemTotal:        4016004 kB
MemFree:          118836 kB
Active:           346412 kB
Mem:          3.8G       3.7G       115M       5.7M        21M       3.2G

MemTotal:        4016004 kB
MemFree:          118712 kB
Active:           346380 kB
Mem:          3.8G       3.7G       115M       5.7M        21M       3.2G

MemTotal:        4016004 kB
MemFree:          118960 kB
Active:           346420 kB
Mem:          3.8G       3.7G       116M       5.7M        21M       3.2G

MemTotal:        4016004 kB
MemFree:          119456 kB
Active:           346372 kB
Mem:          3.8G       3.7G       116M       5.7M        21M       3.2G

MemTotal:        4016004 kB
MemFree:          119084 kB
Active:           346420 kB
Mem:          3.8G       3.7G       116M       5.7M        21M       3.2G

MemTotal:        4016004 kB
MemFree:          118836 kB
Active:           346408 kB
Mem:          3.8G       3.7G       115M       5.7M        21M       3.2G

MemTotal:        4016004 kB
MemFree:          118836 kB
Active:           346432 kB
Mem:          3.8G       3.7G       115M       5.7M        21M       3.2G

MemTotal:        4016004 kB
MemFree:          118836 kB
Active:           346412 kB
Mem:          3.8G       3.7G       115M       5.7M        21M       3.2G

MemTotal:        4016004 kB
MemFree:          118712 kB
Active:           346424 kB
Mem:          3.8G       3.7G       115M       5.7M        21M       3.2G

MemTotal:        4016004 kB
MemFree:          118836 kB
Active:           346384 kB
Mem:          3.8G       3.7G       115M       5.7M        21M       3.2G

MemTotal:        4016004 kB
MemFree:          118836 kB
Active:           346392 kB
Mem:          3.8G       3.7G       115M       5.7M        21M       3.2G

MemTotal:        4016004 kB
MemFree:          118836 kB
Active:           346440 kB
Mem:          3.8G       3.7G       115M       5.7M        21M       3.2G

MemTotal:        4016004 kB
MemFree:          118712 kB
Active:           346408 kB
Mem:          3.8G       3.7G       115M       5.7M        21M       3.2G

MemTotal:        4016004 kB
MemFree:          118712 kB
Active:           346416 kB
Mem:          3.8G       3.7G       115M       5.7M        21M       3.2G

MemTotal:        4016004 kB
MemFree:          118588 kB
Active:           346452 kB
Mem:          3.8G       3.7G       115M       5.7M        21M       3.2G

MemTotal:        4016004 kB
MemFree:          118712 kB
Active:           346412 kB
Mem:          3.8G       3.7G       115M       5.7M        21M       3.2G

MemTotal:        4016004 kB
MemFree:          118712 kB
Active:           346396 kB
Mem:          3.8G       3.7G       115M       5.7M        21M       3.2G

MemTotal:        4016004 kB
MemFree:          118712 kB
Active:           346408 kB
Mem:          3.8G       3.7G       115M       5.7M        21M       3.2G

MemTotal:        4016004 kB
MemFree:          118712 kB
Active:           346452 kB
Mem:          3.8G       3.7G       115M       5.7M        21M       3.2G

MemTotal:        4016004 kB
MemFree:          118588 kB
Active:           346436 kB
Mem:          3.8G       3.7G       115M       5.7M        21M       3.2G

MemTotal:        4016004 kB
MemFree:          118588 kB
Active:           346424 kB
Mem:          3.8G       3.7G       115M       5.7M        21M       3.2G

MemTotal:        4016004 kB
MemFree:          118464 kB
Active:           346404 kB
Mem:          3.8G       3.7G       115M       5.7M        21M       3.2G

MemTotal:        4016004 kB
MemFree:          118588 kB
Active:           346456 kB
Mem:          3.8G       3.7G       115M       5.7M        21M       3.2G

MemTotal:        4016004 kB
MemFree:          118712 kB
Active:           346440 kB
Mem:          3.8G       3.7G       115M       5.7M        21M       3.2G

MemTotal:        4016004 kB
MemFree:          118712 kB
Active:           346460 kB
Mem:          3.8G       3.7G       115M       5.7M        21M       3.2G

MemTotal:        4016004 kB
MemFree:          119428 kB
Active:           346296 kB
Mem:          3.8G       3.7G       117M       5.7M        21M       3.2G

MemTotal:        4016004 kB
MemFree:          119492 kB
Active:           346060 kB
Mem:          3.8G       3.7G       116M       5.7M        21M       3.2G

MemTotal:        4016004 kB
MemFree:          119616 kB
Active:           346060 kB
Mem:          3.8G       3.7G       117M       5.7M        21M       3.2G

MemTotal:        4016004 kB
MemFree:          120112 kB
Active:           346032 kB
Mem:          3.8G       3.7G       117M       5.7M        21M       3.2G

MemTotal:        4016004 kB
MemFree:          120236 kB
Active:           346044 kB
Mem:          3.8G       3.7G       117M       5.7M        21M       3.2G

MemTotal:        4016004 kB
MemFree:          119988 kB
Active:           346052 kB
Mem:          3.8G       3.7G       117M       5.7M        21M       3.2G

MemTotal:        4016004 kB
MemFree:          119988 kB
Active:           346056 kB
Mem:          3.8G       3.7G       117M       5.7M        21M       3.2G

MemTotal:        4016004 kB
MemFree:          119900 kB
Active:           346068 kB
Mem:          3.8G       3.7G       117M       5.7M        21M       3.2G

MemTotal:        4016004 kB
MemFree:          120272 kB
Active:           346032 kB
Mem:          3.8G       3.7G       117M       5.7M        21M       3.2G

MemTotal:        4016004 kB
MemFree:          120396 kB
Active:           346036 kB
Mem:          3.8G       3.7G       117M       5.7M        21M       3.2G

MemTotal:        4016004 kB
MemFree:          120396 kB
Active:           346044 kB
Mem:          3.8G       3.7G       117M       5.7M        21M       3.2G

MemTotal:        4016004 kB
MemFree:          120396 kB
Active:           346036 kB
Mem:          3.8G       3.7G       117M       5.7M        21M       3.2G

MemTotal:        4016004 kB
MemFree:          120024 kB
Active:           346076 kB
Mem:          3.8G       3.7G       117M       5.7M        21M       3.2G

MemTotal:        4016004 kB
MemFree:          120396 kB
Active:           346072 kB
Mem:          3.8G       3.7G       117M       5.7M        21M       3.2G

MemTotal:        4016004 kB
MemFree:          120148 kB
Active:           346060 kB
Mem:          3.8G       3.7G       117M       5.7M        21M       3.2G

MemTotal:        4016004 kB
MemFree:          120272 kB
Active:           346052 kB
Mem:          3.8G       3.7G       117M       5.7M        21M       3.2G

MemTotal:        4016004 kB
MemFree:          120396 kB
Active:           346060 kB
Mem:          3.8G       3.7G       117M       5.7M        21M       3.2G

MemTotal:        4016004 kB
MemFree:          120520 kB
Active:           346084 kB
Mem:          3.8G       3.7G       117M       5.7M        21M       3.2G

MemTotal:        4016004 kB
MemFree:          120396 kB
Active:           346040 kB
Mem:          3.8G       3.7G       117M       5.7M        21M       3.2G

MemTotal:        4016004 kB
MemFree:          119900 kB
Active:           346104 kB
Mem:          3.8G       3.7G       117M       5.7M        21M       3.2G

MemTotal:        4016004 kB
MemFree:          120272 kB
Active:           346084 kB
Mem:          3.8G       3.7G       117M       5.7M        21M       3.2G

MemTotal:        4016004 kB
MemFree:          120520 kB
Active:           346080 kB
Mem:          3.8G       3.7G       117M       5.7M        21M       3.2G

MemTotal:        4016004 kB
MemFree:          119760 kB
Active:           346400 kB
Mem:          3.8G       3.7G       116M       5.7M        21M       3.2G

MemTotal:        4016004 kB
MemFree:          119652 kB
Active:           346200 kB
Mem:          3.8G       3.7G       116M       5.7M        21M       3.2G

MemTotal:        4016004 kB
MemFree:          120024 kB
Active:           346164 kB
Mem:          3.8G       3.7G       117M       5.7M        21M       3.2G

MemTotal:        4016004 kB
MemFree:          120148 kB
Active:           346164 kB
Mem:          3.8G       3.7G       117M       5.7M        21M       3.2G

MemTotal:        4016004 kB
MemFree:          120148 kB
Active:           346152 kB
Mem:          3.8G       3.7G       117M       5.7M        21M       3.2G

MemTotal:        4016004 kB
MemFree:          120148 kB
Active:           346196 kB
Mem:          3.8G       3.7G       117M       5.7M        21M       3.2G

MemTotal:        4016004 kB
MemFree:          120272 kB
Active:           346180 kB
Mem:          3.8G       3.7G       117M       5.7M        21M       3.2G

MemTotal:        4016004 kB
MemFree:          120024 kB
Active:           346192 kB
Mem:          3.8G       3.7G       117M       5.7M        21M       3.2G

MemTotal:        4016004 kB
MemFree:          120024 kB
Active:           346204 kB
Mem:          3.8G       3.7G       117M       5.7M        21M       3.2G

MemTotal:        4016004 kB
MemFree:          120148 kB
Active:           346164 kB
Mem:          3.8G       3.7G       117M       5.7M        21M       3.2G

MemTotal:        4016004 kB
MemFree:          119528 kB
Active:           346196 kB
Mem:          3.8G       3.7G       116M       5.7M        21M       3.2G

MemTotal:        4016004 kB
MemFree:          119652 kB
Active:           346188 kB
Mem:          3.8G       3.7G       116M       5.7M        21M       3.2G

MemTotal:        4016004 kB
MemFree:          119776 kB
Active:           346204 kB
