MemTotal:        4016004 kB
MemFree:         3204588 kB
Active:           456588 kB
Mem:          3.8G       792M       3.1G       5.7M        54M       324M

MemTotal:        4016004 kB
MemFree:         3205312 kB
Active:           456444 kB
Mem:          3.8G       791M       3.1G       5.7M        54M       324M

MemTotal:        4016004 kB
MemFree:         3205188 kB
Active:           456524 kB
Mem:          3.8G       791M       3.1G       5.7M        54M       324M

MemTotal:        4016004 kB
MemFree:         3205544 kB
Active:           456572 kB
Mem:          3.8G       791M       3.1G       5.7M        54M       324M

MemTotal:        4016004 kB
MemFree:         3206148 kB
Active:           456532 kB
Mem:          3.8G       790M       3.1G       5.7M        54M       324M

MemTotal:        4016004 kB
MemFree:         3205884 kB
Active:           456584 kB
Mem:          3.8G       790M       3.1G       5.7M        54M       324M

MemTotal:        4016004 kB
MemFree:         3205636 kB
Active:           456584 kB
Mem:          3.8G       791M       3.1G       5.7M        54M       324M

MemTotal:        4016004 kB
MemFree:         3206132 kB
Active:           456576 kB
Mem:          3.8G       791M       3.1G       5.7M        54M       324M

MemTotal:        4016004 kB
MemFree:         3205868 kB
Active:           456572 kB
Mem:          3.8G       791M       3.1G       5.7M        54M       324M

MemTotal:        4016004 kB
MemFree:         3205976 kB
Active:           456544 kB
Mem:          3.8G       791M       3.1G       5.7M        54M       324M

MemTotal:        4016004 kB
MemFree:         3206084 kB
Active:           456536 kB
Mem:          3.8G       791M       3.1G       5.7M        54M       324M

MemTotal:        4016004 kB
MemFree:         3206100 kB
Active:           456532 kB
Mem:          3.8G       791M       3.1G       5.7M        54M       324M

MemTotal:        4016004 kB
MemFree:         3205852 kB
Active:           456552 kB
Mem:          3.8G       791M       3.1G       5.7M        54M       324M

MemTotal:        4016004 kB
MemFree:         3207868 kB
Active:           454528 kB
Mem:          3.8G       789M       3.1G       5.7M        54M       324M

MemTotal:        4016004 kB
MemFree:         3207868 kB
Active:           454528 kB
Mem:          3.8G       789M       3.1G       5.7M        54M       324M

MemTotal:        4016004 kB
MemFree:         3207992 kB
Active:           454544 kB
Mem:          3.8G       789M       3.1G       5.7M        54M       324M

MemTotal:        4016004 kB
MemFree:         3207744 kB
Active:           454524 kB
Mem:          3.8G       789M       3.1G       5.7M        54M       324M

MemTotal:        4016004 kB
MemFree:         3207744 kB
Active:           454532 kB
Mem:          3.8G       789M       3.1G       5.7M        54M       324M

MemTotal:        4016004 kB
MemFree:         3207868 kB
Active:           454528 kB
Mem:          3.8G       789M       3.1G       5.7M        54M       324M

MemTotal:        4016004 kB
MemFree:         3207992 kB
Active:           454560 kB
Mem:          3.8G       789M       3.1G       5.7M        54M       324M

MemTotal:        4016004 kB
MemFree:         3207620 kB
Active:           454580 kB
Mem:          3.8G       789M       3.1G       5.7M        54M       324M

MemTotal:        4016004 kB
MemFree:         3207868 kB
Active:           454564 kB
Mem:          3.8G       789M       3.1G       5.7M        54M       324M

MemTotal:        4016004 kB
MemFree:         3207868 kB
Active:           454572 kB
Mem:          3.8G       789M       3.1G       5.7M        54M       324M

MemTotal:        4016004 kB
MemFree:         3207868 kB
Active:           454572 kB
Mem:          3.8G       789M       3.1G       5.7M        54M       324M

MemTotal:        4016004 kB
MemFree:         3207868 kB
Active:           454532 kB
Mem:          3.8G       789M       3.1G       5.7M        54M       324M

MemTotal:        4016004 kB
MemFree:         3207836 kB
Active:           454544 kB
Mem:          3.8G       789M       3.1G       5.7M        54M       324M

MemTotal:        4016004 kB
MemFree:         3207324 kB
Active:           454588 kB
Mem:          3.8G       789M       3.1G       5.7M        54M       324M

MemTotal:        4016004 kB
MemFree:         3207556 kB
Active:           454564 kB
Mem:          3.8G       789M       3.1G       5.7M        54M       324M

MemTotal:        4016004 kB
MemFree:         3207664 kB
Active:           454564 kB
Mem:          3.8G       789M       3.1G       5.7M        54M       324M

MemTotal:        4016004 kB
MemFree:         3207664 kB
Active:           454584 kB
Mem:          3.8G       789M       3.1G       5.7M        54M       324M

MemTotal:        4016004 kB
MemFree:         3207992 kB
Active:           454580 kB
Mem:          3.8G       789M       3.1G       5.7M        54M       324M

MemTotal:        4016004 kB
MemFree:         3207372 kB
Active:           454604 kB
Mem:          3.8G       789M       3.1G       5.7M        54M       324M

MemTotal:        4016004 kB
MemFree:         3206744 kB
Active:           452556 kB
Mem:          3.8G       790M       3.1G       5.7M        54M       324M

MemTotal:        4016004 kB
MemFree:         3207116 kB
Active:           454580 kB
Mem:          3.8G       789M       3.1G       5.7M        54M       324M

MemTotal:        4016004 kB
MemFree:         3207240 kB
Active:           454596 kB
Mem:          3.8G       789M       3.1G       5.7M        54M       324M

MemTotal:        4016004 kB
MemFree:         3207488 kB
Active:           454588 kB
Mem:          3.8G       789M       3.1G       5.7M        54M       324M

MemTotal:        4016004 kB
MemFree:         3207348 kB
Active:           454556 kB
Mem:          3.8G       789M       3.1G       5.7M        54M       324M

MemTotal:        4016004 kB
MemFree:         3207596 kB
Active:           454608 kB
Mem:          3.8G       789M       3.1G       5.7M        54M       324M

MemTotal:        4016004 kB
MemFree:         3207332 kB
Active:           454560 kB
Mem:          3.8G       789M       3.1G       5.7M        54M       324M

MemTotal:        4016004 kB
MemFree:         3207316 kB
Active:           454588 kB
Mem:          3.8G       789M       3.1G       5.7M        54M       324M

MemTotal:        4016004 kB
MemFree:         3207068 kB
Active:           454616 kB
Mem:          3.8G       789M       3.1G       5.7M        54M       324M

MemTotal:        4016004 kB
MemFree:         3207300 kB
Active:           454584 kB
Mem:          3.8G       789M       3.1G       5.7M        54M       324M

MemTotal:        4016004 kB
MemFree:         3207160 kB
Active:           454600 kB
Mem:          3.8G       789M       3.1G       5.7M        54M       324M

MemTotal:        4016004 kB
MemFree:         3207208 kB
Active:           454628 kB
Mem:          3.8G       789M       3.1G       5.7M        54M       324M

MemTotal:        4016004 kB
MemFree:         3207084 kB
Active:           454628 kB
Mem:          3.8G       789M       3.1G       5.7M        54M       324M

MemTotal:        4016004 kB
MemFree:         3207456 kB
Active:           454584 kB
Mem:          3.8G       789M       3.1G       5.7M        54M       324M

MemTotal:        4016004 kB
MemFree:         3207704 kB
Active:           454628 kB
Mem:          3.8G       789M       3.1G       5.7M        54M       324M

MemTotal:        4016004 kB
MemFree:         3207704 kB
Active:           454612 kB
Mem:          3.8G       789M       3.1G       5.7M        54M       324M

MemTotal:        4016004 kB
MemFree:         3207580 kB
Active:           454584 kB
Mem:          3.8G       789M       3.1G       5.7M        54M       324M

MemTotal:        4016004 kB
MemFree:         3207704 kB
Active:           454632 kB
Mem:          3.8G       789M       3.1G       5.7M        54M       324M

MemTotal:        4016004 kB
MemFree:         3207332 kB
Active:           454644 kB
Mem:          3.8G       789M       3.1G       5.7M        54M       324M

MemTotal:        4016004 kB
MemFree:         3207828 kB
Active:           454640 kB
Mem:          3.8G       789M       3.1G       5.7M        54M       324M

MemTotal:        4016004 kB
MemFree:         3207456 kB
Active:           454620 kB
Mem:          3.8G       789M       3.1G       5.7M        54M       324M

MemTotal:        4016004 kB
MemFree:         3207580 kB
Active:           454624 kB
Mem:          3.8G       789M       3.1G       5.7M        54M       324M

MemTotal:        4016004 kB
MemFree:         3207332 kB
Active:           454664 kB
Mem:          3.8G       789M       3.1G       5.7M        54M       324M

MemTotal:        4016004 kB
MemFree:         3207456 kB
Active:           454664 kB
Mem:          3.8G       789M       3.1G       5.7M        54M       324M

MemTotal:        4016004 kB
MemFree:         3207672 kB
Active:           454648 kB
Mem:          3.8G       789M       3.1G       5.7M        54M       324M

MemTotal:        4016004 kB
MemFree:         3207672 kB
Active:           454612 kB
Mem:          3.8G       788M       3.1G       5.7M        54M       324M

MemTotal:        4016004 kB
MemFree:         3207920 kB
Active:           454668 kB
Mem:          3.8G       789M       3.1G       5.7M        54M       324M

MemTotal:        4016004 kB
MemFree:         3207796 kB
Active:           454644 kB
Mem:          3.8G       789M       3.1G       5.7M        54M       324M

MemTotal:        4016004 kB
MemFree:         3207780 kB
Active:           454656 kB
Mem:          3.8G       789M       3.1G       5.7M        54M       324M

MemTotal:        4016004 kB
MemFree:         3207904 kB
Active:           454668 kB
Mem:          3.8G       789M       3.1G       5.7M        54M       324M

MemTotal:        4016004 kB
MemFree:         3207656 kB
Active:           454644 kB
Mem:          3.8G       789M       3.1G       5.7M        54M       324M

MemTotal:        4016004 kB
MemFree:         3207736 kB
Active:           454648 kB
Mem:          3.8G       789M       3.1G       5.7M        54M       324M

MemTotal:        4016004 kB
MemFree:         3207488 kB
Active:           454676 kB
Mem:          3.8G       789M       3.1G       5.7M        54M       324M

MemTotal:        4016004 kB
MemFree:         3207612 kB
Active:           454624 kB
Mem:          3.8G       789M       3.1G       5.7M        54M       324M

MemTotal:        4016004 kB
MemFree:         3207612 kB
Active:           454664 kB
Mem:          3.8G       789M       3.1G       5.7M        54M       324M

MemTotal:        4016004 kB
MemFree:         3207240 kB
Active:           454680 kB
Mem:          3.8G       789M       3.1G       5.7M        54M       324M

MemTotal:        4016004 kB
MemFree:         3207116 kB
Active:           454680 kB
Mem:          3.8G       789M       3.1G       5.7M        54M       324M

MemTotal:        4016004 kB
MemFree:         3207116 kB
Active:           454680 kB
Mem:          3.8G       789M       3.1G       5.7M        54M       324M

MemTotal:        4016004 kB
MemFree:         3207240 kB
Active:           454652 kB
Mem:          3.8G       789M       3.1G       5.7M        54M       324M

MemTotal:        4016004 kB
MemFree:         3206868 kB
Active:           454684 kB
Mem:          3.8G       789M       3.1G       5.7M        54M       324M

MemTotal:        4016004 kB
MemFree:         3206868 kB
Active:           454684 kB
Mem:          3.8G       789M       3.1G       5.7M        54M       324M

MemTotal:        4016004 kB
MemFree:         3207240 kB
Active:           454656 kB
Mem:          3.8G       789M       3.1G       5.7M        54M       324M

MemTotal:        4016004 kB
MemFree:         3207240 kB
Active:           454648 kB
Mem:          3.8G       789M       3.1G       5.7M        54M       324M

MemTotal:        4016004 kB
MemFree:         3207488 kB
Active:           454640 kB
Mem:          3.8G       789M       3.1G       5.7M        54M       324M

MemTotal:        4016004 kB
MemFree:         3207596 kB
Active:           454688 kB
Mem:          3.8G       789M       3.1G       5.7M        54M       324M

MemTotal:        4016004 kB
MemFree:         3207552 kB
Active:           454688 kB
Mem:          3.8G       789M       3.1G       5.7M        54M       324M

MemTotal:        4016004 kB
MemFree:         3207180 kB
Active:           454692 kB
Mem:          3.8G       789M       3.1G       5.7M        54M       324M

MemTotal:        4016004 kB
MemFree:         3207428 kB
Active:           454640 kB
Mem:          3.8G       789M       3.1G       5.7M        54M       324M

MemTotal:        4016004 kB
MemFree:         3207552 kB
Active:           454688 kB
Mem:          3.8G       789M       3.1G       5.7M        54M       324M

MemTotal:        4016004 kB
MemFree:         3207676 kB
Active:           454688 kB
Mem:          3.8G       789M       3.1G       5.7M        54M       324M

MemTotal:        4016004 kB
MemFree:         3207800 kB
Active:           454680 kB
Mem:          3.8G       789M       3.1G       5.7M        54M       324M

MemTotal:        4016004 kB
MemFree:         3207800 kB
Active:           454656 kB
Mem:          3.8G       789M       3.1G       5.7M        54M       324M

MemTotal:        4016004 kB
MemFree:         3208156 kB
Active:           454656 kB
Mem:          3.8G       789M       3.1G       5.7M        54M       324M

MemTotal:        4016004 kB
MemFree:         3207768 kB
Active:           454688 kB
Mem:          3.8G       789M       3.1G       5.7M        54M       324M

MemTotal:        4016004 kB
MemFree:         3207644 kB
Active:           454708 kB
Mem:          3.8G       789M       3.1G       5.7M        54M       324M

MemTotal:        4016004 kB
MemFree:         3207644 kB
Active:           454668 kB
Mem:          3.8G       789M       3.1G       5.7M        54M       324M

MemTotal:        4016004 kB
MemFree:         3207380 kB
Active:           454668 kB
Mem:          3.8G       789M       3.1G       5.7M        54M       324M

MemTotal:        4016004 kB
MemFree:         3207504 kB
Active:           454704 kB
Mem:          3.8G       789M       3.1G       5.7M        54M       324M

MemTotal:        4016004 kB
MemFree:         3207552 kB
Active:           454704 kB
Mem:          3.8G       789M       3.1G       5.7M        54M       324M

MemTotal:        4016004 kB
MemFree:         3207676 kB
Active:           454704 kB
Mem:          3.8G       789M       3.1G       5.7M        54M       324M

MemTotal:        4016004 kB
MemFree:         3206868 kB
Active:           452680 kB
Mem:          3.8G       790M       3.1G       5.7M        54M       324M

MemTotal:        4016004 kB
MemFree:         3207364 kB
Active:           454700 kB
Mem:          3.8G       789M       3.1G       5.7M        54M       324M

MemTotal:        4016004 kB
MemFree:         3207364 kB
Active:           454692 kB
Mem:          3.8G       789M       3.1G       5.7M        54M       324M

MemTotal:        4016004 kB
MemFree:         3207720 kB
Active:           454696 kB
Mem:          3.8G       789M       3.1G       5.7M        54M       324M

MemTotal:        4016004 kB
MemFree:         3207456 kB
Active:           454736 kB
Mem:          3.8G       789M       3.1G       5.7M        54M       324M

MemTotal:        4016004 kB
MemFree:         3207688 kB
Active:           454696 kB
Mem:          3.8G       789M       3.1G       5.7M        54M       324M

MemTotal:        4016004 kB
MemFree:         3207688 kB
Active:           454696 kB
Mem:          3.8G       789M       3.1G       5.7M        54M       324M

MemTotal:        4016004 kB
MemFree:         3207300 kB
Active:           454712 kB
Mem:          3.8G       789M       3.1G       5.7M        54M       324M

MemTotal:        4016004 kB
MemFree:         3207284 kB
Active:           454864 kB
Mem:          3.8G       790M       3.1G       5.7M        54M       324M

MemTotal:        4016004 kB
MemFree:         3205932 kB
Active:           455296 kB
Mem:          3.8G       790M       3.1G       5.7M        54M       325M

MemTotal:        4016004 kB
MemFree:         3203376 kB
Active:           455632 kB
Mem:          3.8G       793M       3.1G       5.7M        54M       327M

MemTotal:        4016004 kB
MemFree:         3201576 kB
Active:           455820 kB
Mem:          3.8G       795M       3.1G       5.7M        55M       328M

MemTotal:        4016004 kB
MemFree:         3200224 kB
Active:           455908 kB
Mem:          3.8G       796M       3.1G       5.7M        55M       329M

MemTotal:        4016004 kB
MemFree:         3198544 kB
Active:           456516 kB
Mem:          3.8G       798M       3.1G       5.7M        55M       330M

MemTotal:        4016004 kB
MemFree:         3196588 kB
Active:           456684 kB
Mem:          3.8G       800M       3.0G       5.7M        55M       331M

MemTotal:        4016004 kB
MemFree:         3195196 kB
Active:           456904 kB
Mem:          3.8G       801M       3.0G       5.7M        56M       332M

MemTotal:        4016004 kB
MemFree:         3194264 kB
Active:           456928 kB
Mem:          3.8G       802M       3.0G       5.7M        56M       333M

MemTotal:        4016004 kB
MemFree:         3194232 kB
Active:           456960 kB
Mem:          3.8G       802M       3.0G       5.7M        56M       333M

MemTotal:        4016004 kB
MemFree:         3193984 kB
Active:           456960 kB
Mem:          3.8G       802M       3.0G       5.7M        56M       333M

MemTotal:        4016004 kB
MemFree:         3193984 kB
Active:           456948 kB
Mem:          3.8G       802M       3.0G       5.7M        56M       333M

MemTotal:        4016004 kB
MemFree:         3193984 kB
Active:           456940 kB
Mem:          3.8G       802M       3.0G       5.7M        56M       333M

MemTotal:        4016004 kB
MemFree:         3193612 kB
Active:           456936 kB
Mem:          3.8G       803M       3.0G       5.7M        56M       333M

MemTotal:        4016004 kB
MemFree:         3191452 kB
Active:           456992 kB
Mem:          3.8G       805M       3.0G       5.7M        56M       335M

MemTotal:        4016004 kB
MemFree:         3191124 kB
Active:           456992 kB
Mem:          3.8G       805M       3.0G       5.7M        56M       336M

MemTotal:        4016004 kB
MemFree:         3189832 kB
Active:           457060 kB
Mem:          3.8G       807M       3.0G       5.7M        56M       337M

MemTotal:        4016004 kB
MemFree:         3188728 kB
Active:           457080 kB
Mem:          3.8G       808M       3.0G       5.7M        56M       338M

MemTotal:        4016004 kB
MemFree:         3187468 kB
Active:           457092 kB
Mem:          3.8G       808M       3.0G       5.7M        56M       338M

MemTotal:        4016004 kB
MemFree:         3185960 kB
Active:           457128 kB
Mem:          3.8G       810M       3.0G       5.7M        56M       339M

MemTotal:        4016004 kB
MemFree:         3184840 kB
Active:           457204 kB
Mem:          3.8G       812M       3.0G       5.7M        56M       340M

MemTotal:        4016004 kB
MemFree:         3182556 kB
Active:           457264 kB
Mem:          3.8G       814M       3.0G       5.7M        56M       341M

MemTotal:        4016004 kB
MemFree:         3180288 kB
Active:           457312 kB
Mem:          3.8G       816M       3.0G       5.7M        56M       342M

MemTotal:        4016004 kB
MemFree:         3179896 kB
Active:           457300 kB
Mem:          3.8G       816M       3.0G       5.7M        56M       343M

MemTotal:        4016004 kB
MemFree:         3179196 kB
Active:           457364 kB
Mem:          3.8G       817M       3.0G       5.7M        56M       343M

MemTotal:        4016004 kB
MemFree:         3177920 kB
Active:           457404 kB
Mem:          3.8G       818M       3.0G       5.7M        56M       344M

MemTotal:        4016004 kB
MemFree:         3178104 kB
Active:           457416 kB
Mem:          3.8G       818M       3.0G       5.7M        56M       345M

MemTotal:        4016004 kB
MemFree:         3178132 kB
Active:           457432 kB
Mem:          3.8G       818M       3.0G       5.7M        56M       345M

MemTotal:        4016004 kB
MemFree:         3176808 kB
Active:           457440 kB
Mem:          3.8G       820M       3.0G       5.7M        56M       346M

MemTotal:        4016004 kB
MemFree:         3175052 kB
Active:           457512 kB
Mem:          3.8G       821M       3.0G       5.7M        56M       347M

MemTotal:        4016004 kB
MemFree:         3174180 kB
Active:           457588 kB
Mem:          3.8G       822M       3.0G       5.7M        56M       348M

MemTotal:        4016004 kB
MemFree:         3173884 kB
Active:           457600 kB
Mem:          3.8G       822M       3.0G       5.7M        56M       348M

MemTotal:        4016004 kB
MemFree:         3170908 kB
Active:           459696 kB
Mem:          3.8G       825M       3.0G       5.7M        56M       348M

MemTotal:        4016004 kB
MemFree:         3170192 kB
Active:           459720 kB
Mem:          3.8G       826M       3.0G       5.7M        56M       349M

MemTotal:        4016004 kB
MemFree:         3168792 kB
Active:           459820 kB
Mem:          3.8G       827M       3.0G       5.7M        56M       351M

MemTotal:        4016004 kB
MemFree:         3166384 kB
Active:           459868 kB
Mem:          3.8G       829M       3.0G       5.7M        56M       352M

MemTotal:        4016004 kB
MemFree:         3165544 kB
Active:           459928 kB
Mem:          3.8G       830M       3.0G       5.7M        56M       353M

MemTotal:        4016004 kB
MemFree:         3165324 kB
Active:           459940 kB
Mem:          3.8G       830M       3.0G       5.7M        56M       353M

MemTotal:        4016004 kB
MemFree:         3164732 kB
Active:           459952 kB
Mem:          3.8G       831M       3.0G       5.7M        56M       354M

MemTotal:        4016004 kB
MemFree:         3163008 kB
Active:           460012 kB
Mem:          3.8G       833M       3.0G       5.7M        57M       355M

MemTotal:        4016004 kB
MemFree:         3161268 kB
Active:           460076 kB
Mem:          3.8G       834M       3.0G       5.7M        57M       356M

MemTotal:        4016004 kB
MemFree:         3160272 kB
Active:           460140 kB
Mem:          3.8G       835M       3.0G       5.7M        57M       357M

MemTotal:        4016004 kB
MemFree:         3159044 kB
Active:           460156 kB
Mem:          3.8G       836M       3.0G       5.7M        57M       357M

MemTotal:        4016004 kB
MemFree:         3157628 kB
Active:           460176 kB
Mem:          3.8G       838M       3.0G       5.7M        57M       358M

MemTotal:        4016004 kB
MemFree:         3157020 kB
Active:           460208 kB
Mem:          3.8G       839M       3.0G       5.7M        57M       359M

MemTotal:        4016004 kB
MemFree:         3156288 kB
Active:           460224 kB
Mem:          3.8G       839M       3.0G       5.7M        57M       359M

MemTotal:        4016004 kB
MemFree:         3154880 kB
Active:           460292 kB
Mem:          3.8G       840M       3.0G       5.7M        57M       360M

MemTotal:        4016004 kB
MemFree:         3153308 kB
Active:           460412 kB
Mem:          3.8G       842M       3.0G       5.7M        57M       362M

MemTotal:        4016004 kB
MemFree:         3152888 kB
Active:           460484 kB
Mem:          3.8G       843M       3.0G       5.7M        57M       363M

MemTotal:        4016004 kB
MemFree:         3151136 kB
Active:           460504 kB
Mem:          3.8G       845M       3.0G       5.7M        57M       364M

MemTotal:        4016004 kB
MemFree:         3149256 kB
Active:           460532 kB
Mem:          3.8G       846M       3.0G       5.7M        57M       365M

MemTotal:        4016004 kB
MemFree:         3147904 kB
Active:           460636 kB
Mem:          3.8G       847M       3.0G       5.7M        57M       366M

MemTotal:        4016004 kB
MemFree:         3146192 kB
Active:           458688 kB
Mem:          3.8G       849M       3.0G       5.7M        57M       367M

MemTotal:        4016004 kB
MemFree:         3145568 kB
Active:           460804 kB
Mem:          3.8G       850M       3.0G       5.7M        57M       368M

MemTotal:        4016004 kB
MemFree:         3143836 kB
Active:           461272 kB
Mem:          3.8G       851M       3.0G       5.7M        58M       369M

MemTotal:        4016004 kB
MemFree:         3143056 kB
Active:           461428 kB
Mem:          3.8G       853M       3.0G       5.7M        58M       369M

MemTotal:        4016004 kB
MemFree:         3141472 kB
Active:           461488 kB
Mem:          3.8G       854M       3.0G       5.7M        58M       370M

MemTotal:        4016004 kB
MemFree:         3141004 kB
Active:           461496 kB
Mem:          3.8G       854M       3.0G       5.7M        58M       371M

MemTotal:        4016004 kB
MemFree:         3140272 kB
Active:           461540 kB
Mem:          3.8G       855M       3.0G       5.7M        58M       371M

MemTotal:        4016004 kB
MemFree:         3139680 kB
Active:           461572 kB
Mem:          3.8G       856M       3.0G       5.7M        58M       371M

MemTotal:        4016004 kB
MemFree:         3139104 kB
Active:           461728 kB
Mem:          3.8G       856M       3.0G       5.7M        58M       372M

MemTotal:        4016004 kB
MemFree:         3137752 kB
Active:           461748 kB
Mem:          3.8G       858M       3.0G       5.7M        58M       373M

MemTotal:        4016004 kB
MemFree:         3135036 kB
Active:           463840 kB
Mem:          3.8G       860M       3.0G       5.7M        58M       373M

MemTotal:        4016004 kB
MemFree:         3134224 kB
Active:           463896 kB
Mem:          3.8G       861M       3.0G       5.7M        58M       374M

MemTotal:        4016004 kB
MemFree:         3133572 kB
Active:           463932 kB
Mem:          3.8G       861M       3.0G       5.7M        58M       374M

MemTotal:        4016004 kB
MemFree:         3132528 kB
Active:           464076 kB
Mem:          3.8G       862M       3.0G       5.7M        59M       375M

MemTotal:        4016004 kB
MemFree:         3131592 kB
Active:           464108 kB
Mem:          3.8G       863M       3.0G       5.7M        59M       375M

MemTotal:        4016004 kB
MemFree:         3131032 kB
Active:           464176 kB
Mem:          3.8G       864M       3.0G       5.7M        59M       376M

MemTotal:        4016004 kB
MemFree:         3130484 kB
Active:           464196 kB
Mem:          3.8G       864M       3.0G       5.7M        59M       376M

MemTotal:        4016004 kB
MemFree:         3129596 kB
Active:           464280 kB
Mem:          3.8G       865M       3.0G       5.7M        59M       377M

MemTotal:        4016004 kB
MemFree:         3128864 kB
Active:           464296 kB
Mem:          3.8G       866M       3.0G       5.7M        59M       377M

MemTotal:        4016004 kB
MemFree:         3127480 kB
Active:           464416 kB
Mem:          3.8G       867M       3.0G       5.7M        59M       378M

MemTotal:        4016004 kB
MemFree:         3127168 kB
Active:           464436 kB
Mem:          3.8G       868M       3.0G       5.7M        59M       379M

MemTotal:        4016004 kB
MemFree:         3126080 kB
Active:           464480 kB
Mem:          3.8G       869M       3.0G       5.7M        59M       379M

MemTotal:        4016004 kB
MemFree:         3125640 kB
Active:           464536 kB
Mem:          3.8G       869M       3.0G       5.7M        59M       380M

MemTotal:        4016004 kB
MemFree:         3125072 kB
Active:           464440 kB
Mem:          3.8G       870M       3.0G       5.7M        59M       380M

MemTotal:        4016004 kB
MemFree:         3124424 kB
Active:           464484 kB
Mem:          3.8G       870M       3.0G       5.7M        59M       381M

MemTotal:        4016004 kB
MemFree:         3123756 kB
Active:           464600 kB
Mem:          3.8G       871M       3.0G       5.7M        59M       381M

MemTotal:        4016004 kB
MemFree:         3123024 kB
Active:           464676 kB
Mem:          3.8G       872M       3.0G       5.7M        59M       381M

MemTotal:        4016004 kB
MemFree:         3121408 kB
Active:           464756 kB
Mem:          3.8G       873M       3.0G       5.7M        59M       382M

MemTotal:        4016004 kB
MemFree:         3120660 kB
Active:           464832 kB
Mem:          3.8G       874M       3.0G       5.7M        59M       383M

MemTotal:        4016004 kB
MemFree:         3119772 kB
Active:           464864 kB
Mem:          3.8G       875M       3.0G       5.7M        59M       383M

MemTotal:        4016004 kB
MemFree:         3117224 kB
Active:           464848 kB
Mem:          3.8G       877M       3.0G       5.7M        59M       384M

MemTotal:        4016004 kB
MemFree:         3116912 kB
Active:           466936 kB
Mem:          3.8G       878M       3.0G       5.7M        60M       384M

MemTotal:        4016004 kB
MemFree:         3115604 kB
Active:           467020 kB
Mem:          3.8G       879M       3.0G       5.7M        60M       385M

MemTotal:        4016004 kB
MemFree:         3114888 kB
Active:           467024 kB
Mem:          3.8G       880M       3.0G       5.7M        60M       385M

MemTotal:        4016004 kB
MemFree:         3113972 kB
Active:           467084 kB
Mem:          3.8G       881M       3.0G       5.7M        60M       385M

MemTotal:        4016004 kB
MemFree:         3113832 kB
Active:           467088 kB
Mem:          3.8G       880M       3.0G       5.7M        60M       385M

MemTotal:        4016004 kB
MemFree:         3113956 kB
Active:           467088 kB
Mem:          3.8G       880M       3.0G       5.7M        60M       386M

MemTotal:        4016004 kB
MemFree:         3113364 kB
Active:           467136 kB
Mem:          3.8G       881M       3.0G       5.7M        60M       386M

MemTotal:        4016004 kB
MemFree:         3112524 kB
Active:           467144 kB
Mem:          3.8G       882M       3.0G       5.7M        60M       387M

MemTotal:        4016004 kB
MemFree:         3112040 kB
Active:           467108 kB
Mem:          3.8G       882M       3.0G       5.7M        60M       387M

MemTotal:        4016004 kB
MemFree:         3111368 kB
Active:           467168 kB
Mem:          3.8G       883M       3.0G       5.7M        60M       388M

MemTotal:        4016004 kB
MemFree:         3110588 kB
Active:           467292 kB
Mem:          3.8G       884M       3.0G       5.7M        60M       388M

MemTotal:        4016004 kB
MemFree:         3109608 kB
Active:           467404 kB
Mem:          3.8G       885M       3.0G       5.7M        60M       389M

MemTotal:        4016004 kB
MemFree:         3108440 kB
Active:           467532 kB
Mem:          3.8G       886M       3.0G       5.7M        60M       389M

MemTotal:        4016004 kB
MemFree:         3107012 kB
Active:           467664 kB
Mem:          3.8G       887M       3.0G       5.7M        60M       390M

MemTotal:        4016004 kB
MemFree:         3106872 kB
Active:           467712 kB
Mem:          3.8G       887M       3.0G       5.7M        60M       390M

MemTotal:        4016004 kB
MemFree:         3106888 kB
Active:           467700 kB
Mem:          3.8G       888M       3.0G       5.7M        60M       390M

MemTotal:        4016004 kB
MemFree:         3106888 kB
Active:           467700 kB
Mem:          3.8G       887M       3.0G       5.7M        60M       390M

MemTotal:        4016004 kB
MemFree:         3105784 kB
Active:           467740 kB
Mem:          3.8G       888M       3.0G       5.7M        60M       391M

MemTotal:        4016004 kB
MemFree:         3104524 kB
Active:           467812 kB
Mem:          3.8G       890M       3.0G       5.7M        60M       392M

MemTotal:        4016004 kB
MemFree:         3103576 kB
Active:           468052 kB
Mem:          3.8G       891M       3.0G       5.7M        60M       392M

MemTotal:        4016004 kB
MemFree:         3101144 kB
Active:           468368 kB
Mem:          3.8G       893M       3.0G       5.7M        61M       394M

MemTotal:        4016004 kB
MemFree:         3100336 kB
Active:           468476 kB
Mem:          3.8G       894M       3.0G       5.7M        61M       394M

MemTotal:        4016004 kB
MemFree:         3099340 kB
Active:           468548 kB
Mem:          3.8G       895M       3.0G       5.7M        61M       395M

MemTotal:        4016004 kB
MemFree:         3099400 kB
Active:           468604 kB
Mem:          3.8G       895M       3.0G       5.7M        61M       396M

MemTotal:        4016004 kB
MemFree:         3097564 kB
Active:           468872 kB
Mem:          3.8G       896M       3.0G       5.7M        61M       396M

MemTotal:        4016004 kB
MemFree:         3097036 kB
Active:           468912 kB
Mem:          3.8G       897M       3.0G       5.7M        61M       397M

MemTotal:        4016004 kB
MemFree:         3097144 kB
Active:           468896 kB
Mem:          3.8G       897M       3.0G       5.7M        61M       397M

MemTotal:        4016004 kB
MemFree:         3096304 kB
Active:           468932 kB
Mem:          3.8G       898M       3.0G       5.7M        61M       397M

MemTotal:        4016004 kB
MemFree:         3094876 kB
Active:           468940 kB
Mem:          3.8G       899M       3.0G       5.7M        61M       398M

MemTotal:        4016004 kB
MemFree:         3094096 kB
Active:           468972 kB
Mem:          3.8G       900M       3.0G       5.7M        61M       398M

MemTotal:        4016004 kB
MemFree:         3094388 kB
Active:           468924 kB
Mem:          3.8G       899M       3.0G       5.7M        61M       398M

MemTotal:        4016004 kB
MemFree:         3094140 kB
Active:           468980 kB
Mem:          3.8G       900M       3.0G       5.7M        61M       398M

MemTotal:        4016004 kB
MemFree:         3093952 kB
Active:           469120 kB
Mem:          3.8G       900M       3.0G       5.7M        61M       399M

MemTotal:        4016004 kB
MemFree:         3093208 kB
Active:           469260 kB
Mem:          3.8G       901M       2.9G       5.7M        62M       399M

MemTotal:        4016004 kB
MemFree:         3093084 kB
Active:           469236 kB
Mem:          3.8G       901M       2.9G       5.7M        62M       399M

MemTotal:        4016004 kB
MemFree:         3093376 kB
Active:           469300 kB
Mem:          3.8G       901M       2.9G       5.7M        62M       399M

MemTotal:        4016004 kB
MemFree:         3092724 kB
Active:           469304 kB
Mem:          3.8G       901M       2.9G       5.7M        62M       400M

MemTotal:        4016004 kB
MemFree:         3091400 kB
Active:           469348 kB
Mem:          3.8G       903M       2.9G       5.7M        62M       401M

MemTotal:        4016004 kB
MemFree:         3090856 kB
Active:           469344 kB
Mem:          3.8G       903M       2.9G       5.7M        62M       401M

MemTotal:        4016004 kB
MemFree:         3089192 kB
Active:           469396 kB
Mem:          3.8G       905M       2.9G       5.7M        62M       403M

MemTotal:        4016004 kB
MemFree:         3088120 kB
Active:           469528 kB
Mem:          3.8G       906M       2.9G       5.7M        62M       404M

MemTotal:        4016004 kB
MemFree:         3087000 kB
Active:           469620 kB
Mem:          3.8G       907M       2.9G       5.7M        62M       404M

MemTotal:        4016004 kB
MemFree:         3085524 kB
Active:           469572 kB
Mem:          3.8G       908M       2.9G       5.7M        62M       405M

MemTotal:        4016004 kB
MemFree:         3084172 kB
Active:           469664 kB
Mem:          3.8G       910M       2.9G       5.7M        62M       406M

MemTotal:        4016004 kB
MemFree:         3082572 kB
Active:           469656 kB
Mem:          3.8G       911M       2.9G       5.7M        62M       407M

MemTotal:        4016004 kB
MemFree:         3080616 kB
Active:           469716 kB
Mem:          3.8G       913M       2.9G       5.7M        62M       408M

MemTotal:        4016004 kB
MemFree:         3079448 kB
Active:           469848 kB
Mem:          3.8G       915M       2.9G       5.7M        62M       409M

MemTotal:        4016004 kB
MemFree:         3078140 kB
Active:           470052 kB
Mem:          3.8G       916M       2.9G       5.7M        62M       410M

MemTotal:        4016004 kB
MemFree:         3076384 kB
Active:           470100 kB
Mem:          3.8G       917M       2.9G       5.7M        62M       411M

MemTotal:        4016004 kB
MemFree:         3075372 kB
Active:           470152 kB
Mem:          3.8G       918M       2.9G       5.7M        63M       412M

MemTotal:        4016004 kB
MemFree:         3074212 kB
Active:           470380 kB
Mem:          3.8G       920M       2.9G       5.7M        63M       413M

MemTotal:        4016004 kB
MemFree:         3072440 kB
Active:           470424 kB
Mem:          3.8G       921M       2.9G       5.7M        63M       414M

MemTotal:        4016004 kB
MemFree:         3071444 kB
Active:           470472 kB
Mem:          3.8G       922M       2.9G       5.7M        63M       415M

MemTotal:        4016004 kB
MemFree:         3070432 kB
Active:           470544 kB
Mem:          3.8G       923M       2.9G       5.7M        63M       416M

MemTotal:        4016004 kB
MemFree:         3069220 kB
Active:           470568 kB
Mem:          3.8G       924M       2.9G       5.7M        63M       417M

MemTotal:        4016004 kB
MemFree:         3068380 kB
Active:           470556 kB
Mem:          3.8G       925M       2.9G       5.7M        63M       418M

MemTotal:        4016004 kB
MemFree:         3065940 kB
Active:           470584 kB
Mem:          3.8G       928M       2.9G       5.7M        63M       419M

MemTotal:        4016004 kB
MemFree:         3061676 kB
Active:           470632 kB
Mem:          3.8G       932M       2.9G       5.7M        63M       423M

MemTotal:        4016004 kB
MemFree:         3061148 kB
Active:           470644 kB
Mem:          3.8G       932M       2.9G       5.7M        63M       423M

MemTotal:        4016004 kB
MemFree:         3060324 kB
Active:           470684 kB
Mem:          3.8G       932M       2.9G       5.7M        63M       423M

MemTotal:        4016004 kB
MemFree:         3060400 kB
Active:           470684 kB
Mem:          3.8G       933M       2.9G       5.7M        63M       424M

MemTotal:        4016004 kB
MemFree:         3058612 kB
Active:           470780 kB
Mem:          3.8G       935M       2.9G       5.7M        63M       425M

MemTotal:        4016004 kB
MemFree:         3057800 kB
Active:           470904 kB
Mem:          3.8G       935M       2.9G       5.7M        63M       426M

MemTotal:        4016004 kB
MemFree:         3056680 kB
Active:           470920 kB
Mem:          3.8G       936M       2.9G       5.7M        63M       426M

MemTotal:        4016004 kB
MemFree:         3055576 kB
Active:           470964 kB
Mem:          3.8G       938M       2.9G       5.7M        63M       428M

MemTotal:        4016004 kB
MemFree:         3053572 kB
Active:           471004 kB
Mem:          3.8G       940M       2.9G       5.7M        63M       429M

MemTotal:        4016004 kB
MemFree:         3052140 kB
Active:           471080 kB
Mem:          3.8G       941M       2.9G       5.7M        63M       430M

MemTotal:        4016004 kB
MemFree:         3050572 kB
Active:           471108 kB
Mem:          3.8G       943M       2.9G       5.7M        63M       432M

MemTotal:        4016004 kB
MemFree:         3048892 kB
Active:           471228 kB
Mem:          3.8G       944M       2.9G       5.7M        64M       432M

MemTotal:        4016004 kB
MemFree:         3047492 kB
Active:           471260 kB
Mem:          3.8G       946M       2.9G       5.7M        64M       433M

MemTotal:        4016004 kB
MemFree:         3046680 kB
Active:           471388 kB
Mem:          3.8G       946M       2.9G       5.7M        64M       434M

MemTotal:        4016004 kB
MemFree:         3045764 kB
Active:           471452 kB
Mem:          3.8G       947M       2.9G       5.7M        64M       435M

MemTotal:        4016004 kB
MemFree:         3044536 kB
Active:           471616 kB
Mem:          3.8G       949M       2.9G       5.7M        64M       435M

MemTotal:        4016004 kB
MemFree:         3043136 kB
Active:           471660 kB
Mem:          3.8G       950M       2.9G       5.7M        64M       437M

MemTotal:        4016004 kB
MemFree:         3040560 kB
Active:           471704 kB
Mem:          3.8G       952M       2.9G       5.7M        64M       438M

MemTotal:        4016004 kB
MemFree:         3039300 kB
Active:           471880 kB
Mem:          3.8G       954M       2.9G       5.7M        64M       439M

MemTotal:        4016004 kB
MemFree:         3035980 kB
Active:           472084 kB
Mem:          3.8G       956M       2.9G       5.7M        64M       442M

MemTotal:        4016004 kB
MemFree:         3035512 kB
Active:           472100 kB
Mem:          3.8G       957M       2.9G       5.7M        64M       442M

MemTotal:        4016004 kB
MemFree:         3035264 kB
Active:           472112 kB
Mem:          3.8G       957M       2.9G       5.7M        64M       442M

MemTotal:        4016004 kB
MemFree:         3035264 kB
Active:           472112 kB
Mem:          3.8G       957M       2.9G       5.7M        64M       442M

MemTotal:        4016004 kB
MemFree:         3034468 kB
Active:           472096 kB
Mem:          3.8G       958M       2.9G       5.7M        64M       443M

MemTotal:        4016004 kB
MemFree:         3032528 kB
Active:           472168 kB
Mem:          3.8G       960M       2.9G       5.7M        64M       445M

MemTotal:        4016004 kB
MemFree:         3031312 kB
Active:           472228 kB
Mem:          3.8G       961M       2.9G       5.7M        65M       445M

MemTotal:        4016004 kB
MemFree:         3030488 kB
Active:           472384 kB
Mem:          3.8G       962M       2.9G       5.7M        65M       446M

MemTotal:        4016004 kB
MemFree:         3028684 kB
Active:           472420 kB
Mem:          3.8G       964M       2.9G       5.7M        65M       447M

MemTotal:        4016004 kB
MemFree:         3026604 kB
Active:           472480 kB
Mem:          3.8G       966M       2.9G       5.7M        65M       449M

MemTotal:        4016004 kB
MemFree:         3025236 kB
Active:           472524 kB
Mem:          3.8G       967M       2.9G       5.7M        65M       450M

MemTotal:        4016004 kB
MemFree:         3023744 kB
Active:           472568 kB
Mem:          3.8G       969M       2.9G       5.7M        65M       451M

MemTotal:        4016004 kB
MemFree:         3023336 kB
Active:           472576 kB
Mem:          3.8G       969M       2.9G       5.7M        65M       451M

MemTotal:        4016004 kB
MemFree:         3022388 kB
Active:           472536 kB
Mem:          3.8G       970M       2.9G       5.7M        65M       452M

MemTotal:        4016004 kB
MemFree:         3020740 kB
Active:           472604 kB
Mem:          3.8G       971M       2.9G       5.7M        65M       453M

MemTotal:        4016004 kB
MemFree:         3019760 kB
Active:           472620 kB
Mem:          3.8G       973M       2.9G       5.7M        65M       454M

MemTotal:        4016004 kB
MemFree:         3017756 kB
Active:           472660 kB
Mem:          3.8G       974M       2.9G       5.7M        65M       455M

MemTotal:        4016004 kB
MemFree:         3015968 kB
Active:           472700 kB
Mem:          3.8G       976M       2.9G       5.7M        65M       456M

MemTotal:        4016004 kB
MemFree:         3014692 kB
Active:           472688 kB
Mem:          3.8G       978M       2.9G       5.7M        65M       458M

MemTotal:        4016004 kB
MemFree:         3011168 kB
Active:           473512 kB
Mem:          3.8G       981M       2.9G       5.7M        65M       459M

MemTotal:        4016004 kB
MemFree:         3002200 kB
Active:           480568 kB
Mem:          3.8G       990M       2.9G       5.7M        72M       460M

MemTotal:        4016004 kB
MemFree:         3001980 kB
Active:           480524 kB
Mem:          3.8G       990M       2.9G       5.7M        72M       460M

MemTotal:        4016004 kB
MemFree:         3001024 kB
Active:           480888 kB
Mem:          3.8G       991M       2.9G       5.7M        73M       461M

MemTotal:        4016004 kB
MemFree:         3000064 kB
Active:           480964 kB
Mem:          3.8G       992M       2.9G       5.7M        73M       461M

MemTotal:        4016004 kB
MemFree:         2999752 kB
Active:           480964 kB
Mem:          3.8G       992M       2.9G       5.7M        73M       461M

MemTotal:        4016004 kB
MemFree:         2999672 kB
Active:           481132 kB
Mem:          3.8G       992M       2.9G       5.7M        73M       462M

MemTotal:        4016004 kB
MemFree:         2998272 kB
Active:           481224 kB
Mem:          3.8G       994M       2.9G       5.7M        73M       462M

MemTotal:        4016004 kB
MemFree:         2997012 kB
Active:           481392 kB
Mem:          3.8G       995M       2.9G       5.7M        73M       463M

MemTotal:        4016004 kB
MemFree:         2996748 kB
Active:           481440 kB
Mem:          3.8G       995M       2.9G       5.7M        73M       463M

MemTotal:        4016004 kB
MemFree:         2996700 kB
Active:           481436 kB
Mem:          3.8G       995M       2.9G       5.7M        73M       463M

MemTotal:        4016004 kB
MemFree:         2996288 kB
Active:           481468 kB
Mem:          3.8G       995M       2.9G       5.7M        73M       463M

MemTotal:        4016004 kB
MemFree:         2995648 kB
Active:           481448 kB
Mem:          3.8G       996M       2.9G       5.7M        73M       464M

MemTotal:        4016004 kB
MemFree:         2995072 kB
Active:           481532 kB
Mem:          3.8G       997M       2.9G       5.7M        73M       465M

MemTotal:        4016004 kB
MemFree:         2992104 kB
Active:           483616 kB
Mem:          3.8G       1.0G       2.9G       5.7M        73M       466M

MemTotal:        4016004 kB
MemFree:         2991000 kB
Active:           483744 kB
Mem:          3.8G       1.0G       2.9G       5.7M        74M       467M

MemTotal:        4016004 kB
MemFree:         2989196 kB
Active:           483868 kB
Mem:          3.8G       1.0G       2.9G       5.7M        74M       468M

MemTotal:        4016004 kB
MemFree:         2986912 kB
Active:           483920 kB
Mem:          3.8G       1.0G       2.8G       5.7M        74M       469M

MemTotal:        4016004 kB
MemFree:         2985420 kB
Active:           484024 kB
Mem:          3.8G       1.0G       2.8G       5.7M        74M       471M

MemTotal:        4016004 kB
MemFree:         2982888 kB
Active:           484056 kB
Mem:          3.8G       1.0G       2.8G       5.7M        74M       472M

MemTotal:        4016004 kB
MemFree:         2982096 kB
Active:           484104 kB
Mem:          3.8G       1.0G       2.8G       5.7M        74M       473M

MemTotal:        4016004 kB
MemFree:         2982312 kB
Active:           484124 kB
Mem:          3.8G       1.0G       2.8G       5.7M        74M       473M

MemTotal:        4016004 kB
MemFree:         2981908 kB
Active:           484124 kB
Mem:          3.8G       1.0G       2.8G       5.7M        74M       473M

MemTotal:        4016004 kB
MemFree:         2980900 kB
Active:           484144 kB
Mem:          3.8G       1.0G       2.8G       5.7M        74M       473M

MemTotal:        4016004 kB
MemFree:         2980316 kB
Active:           484176 kB
Mem:          3.8G       1.0G       2.8G       5.7M        74M       474M

MemTotal:        4016004 kB
MemFree:         2980300 kB
Active:           484208 kB
Mem:          3.8G       1.0G       2.8G       5.7M        74M       474M

MemTotal:        4016004 kB
MemFree:         2978744 kB
Active:           484192 kB
Mem:          3.8G       1.0G       2.8G       5.7M        74M       475M

MemTotal:        4016004 kB
MemFree:         2977484 kB
Active:           484476 kB
Mem:          3.8G       1.0G       2.8G       5.7M        74M       476M

MemTotal:        4016004 kB
MemFree:         2977356 kB
Active:           484576 kB
Mem:          3.8G       1.0G       2.8G       5.7M        74M       476M

MemTotal:        4016004 kB
MemFree:         2976984 kB
Active:           484544 kB
Mem:          3.8G       1.0G       2.8G       5.7M        74M       476M

MemTotal:        4016004 kB
MemFree:         2976796 kB
Active:           484612 kB
Mem:          3.8G       1.0G       2.8G       5.7M        74M       476M

MemTotal:        4016004 kB
MemFree:         2976360 kB
Active:           484616 kB
Mem:          3.8G       1.0G       2.8G       5.7M        74M       477M

MemTotal:        4016004 kB
MemFree:         2974664 kB
Active:           484676 kB
Mem:          3.8G       1.0G       2.8G       5.7M        74M       478M

MemTotal:        4016004 kB
MemFree:         2973764 kB
Active:           484772 kB
Mem:          3.8G       1.0G       2.8G       5.7M        74M       478M

MemTotal:        4016004 kB
MemFree:         2970836 kB
Active:           484780 kB
Mem:          3.8G       1.0G       2.8G       5.7M        75M       478M

MemTotal:        4016004 kB
MemFree:         2969660 kB
Active:           486896 kB
Mem:          3.8G       1.0G       2.8G       5.7M        75M       479M

MemTotal:        4016004 kB
MemFree:         2968788 kB
Active:           487168 kB
Mem:          3.8G       1.0G       2.8G       5.7M        75M       480M

MemTotal:        4016004 kB
MemFree:         2967560 kB
Active:           487260 kB
Mem:          3.8G       1.0G       2.8G       5.7M        75M       480M

MemTotal:        4016004 kB
MemFree:         2966732 kB
Active:           487444 kB
Mem:          3.8G       1.0G       2.8G       5.7M        75M       481M

MemTotal:        4016004 kB
MemFree:         2965892 kB
Active:           487516 kB
Mem:          3.8G       1.0G       2.8G       5.7M        75M       482M

MemTotal:        4016004 kB
MemFree:         2964816 kB
Active:           487660 kB
Mem:          3.8G       1.0G       2.8G       5.7M        75M       482M

MemTotal:        4016004 kB
MemFree:         2963788 kB
Active:           487676 kB
Mem:          3.8G       1.0G       2.8G       5.7M        75M       483M

MemTotal:        4016004 kB
MemFree:         2962732 kB
Active:           487704 kB
Mem:          3.8G       1.0G       2.8G       5.7M        75M       484M

MemTotal:        4016004 kB
MemFree:         2961952 kB
Active:           487888 kB
Mem:          3.8G       1.0G       2.8G       5.7M        76M       484M

MemTotal:        4016004 kB
MemFree:         2960256 kB
Active:           488040 kB
Mem:          3.8G       1.0G       2.8G       5.7M        76M       485M

MemTotal:        4016004 kB
MemFree:         2959492 kB
Active:           488092 kB
Mem:          3.8G       1.0G       2.8G       5.7M        76M       486M

MemTotal:        4016004 kB
MemFree:         2957752 kB
Active:           488164 kB
Mem:          3.8G       1.0G       2.8G       5.7M        76M       487M

MemTotal:        4016004 kB
MemFree:         2956992 kB
Active:           488184 kB
Mem:          3.8G       1.0G       2.8G       5.7M        76M       487M

MemTotal:        4016004 kB
MemFree:         2956680 kB
Active:           488176 kB
Mem:          3.8G       1.0G       2.8G       5.7M        76M       488M

MemTotal:        4016004 kB
MemFree:         2956524 kB
Active:           488232 kB
Mem:          3.8G       1.0G       2.8G       5.7M        76M       488M

MemTotal:        4016004 kB
MemFree:         2956012 kB
Active:           488240 kB
Mem:          3.8G       1.0G       2.8G       5.7M        76M       488M

MemTotal:        4016004 kB
MemFree:         2955604 kB
Active:           488256 kB
Mem:          3.8G       1.0G       2.8G       5.7M        76M       489M

MemTotal:        4016004 kB
MemFree:         2955232 kB
Active:           488256 kB
Mem:          3.8G       1.0G       2.8G       5.7M        76M       489M

MemTotal:        4016004 kB
MemFree:         2955044 kB
Active:           488240 kB
Mem:          3.8G       1.0G       2.8G       5.7M        76M       489M

MemTotal:        4016004 kB
MemFree:         2954268 kB
Active:           488312 kB
Mem:          3.8G       1.0G       2.8G       5.7M        76M       490M

MemTotal:        4016004 kB
MemFree:         2952960 kB
Active:           488388 kB
Mem:          3.8G       1.0G       2.8G       5.7M        76M       491M

MemTotal:        4016004 kB
MemFree:         2952412 kB
Active:           488396 kB
Mem:          3.8G       1.0G       2.8G       5.7M        76M       491M

MemTotal:        4016004 kB
MemFree:         2951524 kB
Active:           488356 kB
Mem:          3.8G       1.0G       2.8G       5.7M        76M       492M

MemTotal:        4016004 kB
MemFree:         2950712 kB
Active:           488412 kB
Mem:          3.8G       1.0G       2.8G       5.7M        76M       493M

MemTotal:        4016004 kB
MemFree:         2949392 kB
Active:           488432 kB
Mem:          3.8G       1.0G       2.8G       5.7M        76M       494M

MemTotal:        4016004 kB
MemFree:         2947324 kB
Active:           488396 kB
Mem:          3.8G       1.0G       2.8G       5.7M        76M       495M

MemTotal:        4016004 kB
MemFree:         2945072 kB
Active:           488596 kB
Mem:          3.8G       1.0G       2.8G       5.7M        76M       497M

MemTotal:        4016004 kB
MemFree:         2943752 kB
Active:           488668 kB
Mem:          3.8G       1.0G       2.8G       5.7M        76M       498M

MemTotal:        4016004 kB
MemFree:         2941816 kB
Active:           486792 kB
Mem:          3.8G       1.0G       2.8G       5.7M        76M       499M

MemTotal:        4016004 kB
MemFree:         2941280 kB
Active:           488796 kB
Mem:          3.8G       1.0G       2.8G       5.7M        76M       500M

MemTotal:        4016004 kB
MemFree:         2940812 kB
Active:           488812 kB
Mem:          3.8G       1.0G       2.8G       5.7M        76M       500M

MemTotal:        4016004 kB
MemFree:         2940640 kB
Active:           488812 kB
Mem:          3.8G       1.0G       2.8G       5.7M        76M       500M

MemTotal:        4016004 kB
MemFree:         2939676 kB
Active:           488816 kB
Mem:          3.8G       1.0G       2.8G       5.7M        76M       501M

MemTotal:        4016004 kB
MemFree:         2938308 kB
Active:           488868 kB
Mem:          3.8G       1.0G       2.8G       5.7M        76M       502M

MemTotal:        4016004 kB
MemFree:         2937328 kB
Active:           488864 kB
Mem:          3.8G       1.0G       2.8G       5.7M        76M       503M

MemTotal:        4016004 kB
MemFree:         2935992 kB
Active:           488916 kB
Mem:          3.8G       1.0G       2.8G       5.7M        77M       503M

MemTotal:        4016004 kB
MemFree:         2934312 kB
Active:           489184 kB
Mem:          3.8G       1.0G       2.8G       5.7M        77M       505M

MemTotal:        4016004 kB
MemFree:         2932108 kB
Active:           489256 kB
Mem:          3.8G       1.0G       2.8G       5.7M        77M       506M

MemTotal:        4016004 kB
MemFree:         2932316 kB
Active:           489332 kB
Mem:          3.8G       1.0G       2.8G       5.7M        77M       506M

MemTotal:        4016004 kB
MemFree:         2931336 kB
Active:           489332 kB
Mem:          3.8G       1.0G       2.8G       5.7M        77M       506M

MemTotal:        4016004 kB
MemFree:         2930092 kB
Active:           489428 kB
Mem:          3.8G       1.0G       2.8G       5.7M        77M       507M

MemTotal:        4016004 kB
MemFree:         2928396 kB
Active:           489496 kB
Mem:          3.8G       1.0G       2.8G       5.7M        77M       508M

MemTotal:        4016004 kB
MemFree:         2927092 kB
Active:           489504 kB
Mem:          3.8G       1.0G       2.8G       5.7M        77M       509M

MemTotal:        4016004 kB
MemFree:         2927276 kB
Active:           489504 kB
Mem:          3.8G       1.0G       2.8G       5.7M        77M       510M

MemTotal:        4016004 kB
MemFree:         2926976 kB
Active:           489524 kB
Mem:          3.8G       1.0G       2.8G       5.7M        77M       511M

MemTotal:        4016004 kB
MemFree:         2926060 kB
Active:           489548 kB
Mem:          3.8G       1.0G       2.8G       5.7M        77M       511M

MemTotal:        4016004 kB
MemFree:         2923916 kB
Active:           489896 kB
Mem:          3.8G       1.0G       2.8G       5.7M        78M       512M

MemTotal:        4016004 kB
MemFree:         2922964 kB
Active:           489904 kB
Mem:          3.8G       1.0G       2.8G       5.7M        78M       513M

MemTotal:        4016004 kB
MemFree:         2921596 kB
Active:           489928 kB
Mem:          3.8G       1.0G       2.8G       5.7M        78M       513M

MemTotal:        4016004 kB
MemFree:         2919840 kB
Active:           490332 kB
Mem:          3.8G       1.0G       2.8G       5.7M        78M       515M

MemTotal:        4016004 kB
MemFree:         2919140 kB
Active:           490352 kB
Mem:          3.8G       1.0G       2.8G       5.7M        78M       515M

MemTotal:        4016004 kB
MemFree:         2918236 kB
Active:           490364 kB
Mem:          3.8G       1.0G       2.8G       5.7M        78M       516M

MemTotal:        4016004 kB
MemFree:         2917240 kB
Active:           490436 kB
Mem:          3.8G       1.0G       2.8G       5.7M        78M       517M

MemTotal:        4016004 kB
MemFree:         2915452 kB
Active:           490476 kB
Mem:          3.8G       1.0G       2.8G       5.7M        78M       517M

MemTotal:        4016004 kB
MemFree:         2915480 kB
Active:           490448 kB
Mem:          3.8G       1.0G       2.8G       5.7M        78M       518M

MemTotal:        4016004 kB
MemFree:         2915276 kB
Active:           490496 kB
Mem:          3.8G       1.1G       2.8G       5.7M        78M       518M

MemTotal:        4016004 kB
MemFree:         2913988 kB
Active:           490504 kB
Mem:          3.8G       1.1G       2.8G       5.7M        78M       518M

MemTotal:        4016004 kB
MemFree:         2913600 kB
Active:           490504 kB
Mem:          3.8G       1.1G       2.8G       5.7M        78M       519M

MemTotal:        4016004 kB
MemFree:         2913832 kB
Active:           490484 kB
Mem:          3.8G       1.1G       2.8G       5.7M        78M       519M

MemTotal:        4016004 kB
MemFree:         2913692 kB
Active:           490512 kB
Mem:          3.8G       1.1G       2.8G       5.7M        78M       519M

MemTotal:        4016004 kB
MemFree:         2913180 kB
Active:           490512 kB
Mem:          3.8G       1.1G       2.8G       5.7M        78M       519M

MemTotal:        4016004 kB
MemFree:         2912528 kB
Active:           490516 kB
Mem:          3.8G       1.1G       2.8G       5.7M        78M       519M

MemTotal:        4016004 kB
MemFree:         2912776 kB
Active:           490464 kB
Mem:          3.8G       1.1G       2.8G       5.7M        78M       519M

MemTotal:        4016004 kB
MemFree:         2912092 kB
Active:           490472 kB
Mem:          3.8G       1.1G       2.8G       5.7M        78M       519M

MemTotal:        4016004 kB
MemFree:         2911804 kB
Active:           490524 kB
Mem:          3.8G       1.1G       2.8G       5.7M        78M       520M

MemTotal:        4016004 kB
MemFree:         2910620 kB
Active:           490524 kB
Mem:          3.8G       1.1G       2.8G       5.7M        78M       521M

MemTotal:        4016004 kB
MemFree:         2910276 kB
Active:           490488 kB
Mem:          3.8G       1.1G       2.8G       5.7M        78M       521M

MemTotal:        4016004 kB
MemFree:         2909404 kB
Active:           490504 kB
Mem:          3.8G       1.1G       2.8G       5.7M        78M       522M

MemTotal:        4016004 kB
MemFree:         2907944 kB
Active:           490776 kB
Mem:          3.8G       1.1G       2.8G       5.7M        78M       523M

MemTotal:        4016004 kB
MemFree:         2905828 kB
Active:           490776 kB
Mem:          3.8G       1.1G       2.8G       5.7M        78M       525M

MemTotal:        4016004 kB
MemFree:         2904304 kB
Active:           490752 kB
Mem:          3.8G       1.1G       2.8G       5.7M        78M       526M

MemTotal:        4016004 kB
MemFree:         2903560 kB
Active:           490820 kB
Mem:          3.8G       1.1G       2.8G       5.7M        78M       526M

MemTotal:        4016004 kB
MemFree:         2903064 kB
Active:           490844 kB
Mem:          3.8G       1.1G       2.8G       5.7M        78M       526M

MemTotal:        4016004 kB
MemFree:         2902628 kB
Active:           490856 kB
Mem:          3.8G       1.1G       2.8G       5.7M        78M       527M

MemTotal:        4016004 kB
MemFree:         2902876 kB
Active:           490856 kB
Mem:          3.8G       1.1G       2.8G       5.7M        78M       527M

MemTotal:        4016004 kB
MemFree:         2902192 kB
Active:           490880 kB
Mem:          3.8G       1.1G       2.8G       5.7M        78M       528M

MemTotal:        4016004 kB
MemFree:         2900032 kB
Active:           490940 kB
Mem:          3.8G       1.1G       2.8G       5.7M        78M       529M

MemTotal:        4016004 kB
MemFree:         2899020 kB
Active:           490948 kB
Mem:          3.8G       1.1G       2.8G       5.7M        78M       530M

MemTotal:        4016004 kB
MemFree:         2895868 kB
Active:           493036 kB
Mem:          3.8G       1.1G       2.8G       5.7M        79M       530M

MemTotal:        4016004 kB
MemFree:         2895788 kB
Active:           493024 kB
Mem:          3.8G       1.1G       2.8G       5.7M        79M       531M

MemTotal:        4016004 kB
MemFree:         2894416 kB
Active:           493020 kB
Mem:          3.8G       1.1G       2.8G       5.7M        79M       532M

MemTotal:        4016004 kB
MemFree:         2892568 kB
Active:           493092 kB
Mem:          3.8G       1.1G       2.8G       5.7M        79M       533M

MemTotal:        4016004 kB
MemFree:         2891508 kB
Active:           493140 kB
Mem:          3.8G       1.1G       2.8G       5.7M        79M       534M

MemTotal:        4016004 kB
MemFree:         2889240 kB
Active:           493184 kB
Mem:          3.8G       1.1G       2.8G       5.7M        79M       535M

MemTotal:        4016004 kB
MemFree:         2888492 kB
Active:           493216 kB
Mem:          3.8G       1.1G       2.8G       5.7M        79M       536M

MemTotal:        4016004 kB
MemFree:         2886348 kB
Active:           493272 kB
Mem:          3.8G       1.1G       2.8G       5.7M        79M       538M

MemTotal:        4016004 kB
MemFree:         2886004 kB
Active:           493268 kB
Mem:          3.8G       1.1G       2.8G       5.7M        79M       538M

MemTotal:        4016004 kB
MemFree:         2883440 kB
Active:           493332 kB
Mem:          3.8G       1.1G       2.7G       5.7M        79M       540M

MemTotal:        4016004 kB
MemFree:         2882228 kB
Active:           493364 kB
Mem:          3.8G       1.1G       2.7G       5.7M        79M       541M

MemTotal:        4016004 kB
MemFree:         2881776 kB
Active:           493408 kB
Mem:          3.8G       1.1G       2.7G       5.7M        79M       542M

MemTotal:        4016004 kB
MemFree:         2881388 kB
Active:           493408 kB
Mem:          3.8G       1.1G       2.7G       5.7M        79M       542M

MemTotal:        4016004 kB
MemFree:         2879540 kB
Active:           493408 kB
Mem:          3.8G       1.1G       2.7G       5.7M        79M       544M

MemTotal:        4016004 kB
MemFree:         2876776 kB
Active:           493440 kB
Mem:          3.8G       1.1G       2.7G       5.7M        79M       545M

MemTotal:        4016004 kB
MemFree:         2875564 kB
Active:           493460 kB
Mem:          3.8G       1.1G       2.7G       5.7M        79M       546M

MemTotal:        4016004 kB
MemFree:         2875188 kB
Active:           493500 kB
Mem:          3.8G       1.1G       2.7G       5.7M        79M       547M

MemTotal:        4016004 kB
MemFree:         2874408 kB
Active:           493560 kB
Mem:          3.8G       1.1G       2.7G       5.7M        79M       547M

MemTotal:        4016004 kB
MemFree:         2872916 kB
Active:           493512 kB
Mem:          3.8G       1.1G       2.7G       5.7M        79M       548M

MemTotal:        4016004 kB
MemFree:         2871596 kB
Active:           493600 kB
Mem:          3.8G       1.1G       2.7G       5.7M        79M       549M

MemTotal:        4016004 kB
MemFree:         2869636 kB
Active:           493604 kB
Mem:          3.8G       1.1G       2.7G       5.7M        79M       551M

MemTotal:        4016004 kB
MemFree:         2868408 kB
Active:           493648 kB
Mem:          3.8G       1.1G       2.7G       5.7M        79M       551M

MemTotal:        4016004 kB
MemFree:         2867736 kB
Active:           493724 kB
Mem:          3.8G       1.1G       2.7G       5.7M        79M       552M

MemTotal:        4016004 kB
MemFree:         2867796 kB
Active:           493908 kB
Mem:          3.8G       1.1G       2.7G       5.7M        79M       552M

MemTotal:        4016004 kB
MemFree:         2867276 kB
Active:           493908 kB
Mem:          3.8G       1.1G       2.7G       5.7M        80M       553M

MemTotal:        4016004 kB
MemFree:         2866368 kB
Active:           494356 kB
Mem:          3.8G       1.1G       2.7G       5.7M        80M       553M

MemTotal:        4016004 kB
MemFree:         2864660 kB
Active:           494700 kB
Mem:          3.8G       1.1G       2.7G       5.7M        80M       554M

MemTotal:        4016004 kB
MemFree:         2863464 kB
Active:           494940 kB
Mem:          3.8G       1.1G       2.7G       5.7M        80M       554M

MemTotal:        4016004 kB
MemFree:         2862780 kB
Active:           494908 kB
Mem:          3.8G       1.1G       2.7G       5.7M        80M       555M

MemTotal:        4016004 kB
MemFree:         2861660 kB
Active:           494960 kB
Mem:          3.8G       1.1G       2.7G       5.7M        80M       556M

MemTotal:        4016004 kB
MemFree:         2860168 kB
Active:           494972 kB
Mem:          3.8G       1.1G       2.7G       5.7M        80M       556M

MemTotal:        4016004 kB
MemFree:         2859608 kB
Active:           494980 kB
Mem:          3.8G       1.1G       2.7G       5.7M        80M       557M

MemTotal:        4016004 kB
MemFree:         2858724 kB
Active:           494968 kB
Mem:          3.8G       1.1G       2.7G       5.7M        80M       557M

MemTotal:        4016004 kB
MemFree:         2858288 kB
Active:           495012 kB
Mem:          3.8G       1.1G       2.7G       5.7M        80M       558M

MemTotal:        4016004 kB
MemFree:         2858008 kB
Active:           494976 kB
Mem:          3.8G       1.1G       2.7G       5.7M        80M       558M

MemTotal:        4016004 kB
MemFree:         2858116 kB
Active:           495004 kB
Mem:          3.8G       1.1G       2.7G       5.7M        80M       558M

MemTotal:        4016004 kB
MemFree:         2857480 kB
Active:           495040 kB
Mem:          3.8G       1.1G       2.7G       5.7M        80M       558M

MemTotal:        4016004 kB
MemFree:         2857340 kB
Active:           495040 kB
Mem:          3.8G       1.1G       2.7G       5.7M        80M       559M

MemTotal:        4016004 kB
MemFree:         2857292 kB
Active:           495028 kB
Mem:          3.8G       1.1G       2.7G       5.7M        80M       559M

MemTotal:        4016004 kB
MemFree:         2857152 kB
Active:           495024 kB
Mem:          3.8G       1.1G       2.7G       5.7M        80M       559M

MemTotal:        4016004 kB
MemFree:         2856980 kB
Active:           495060 kB
Mem:          3.8G       1.1G       2.7G       5.7M        80M       559M

MemTotal:        4016004 kB
MemFree:         2856544 kB
Active:           495040 kB
Mem:          3.8G       1.1G       2.7G       5.7M        80M       559M

MemTotal:        4016004 kB
MemFree:         2855240 kB
Active:           495028 kB
Mem:          3.8G       1.1G       2.7G       5.7M        80M       560M

MemTotal:        4016004 kB
MemFree:         2853904 kB
Active:           495076 kB
Mem:          3.8G       1.1G       2.7G       5.7M        80M       561M

MemTotal:        4016004 kB
MemFree:         2852536 kB
Active:           495092 kB
Mem:          3.8G       1.1G       2.7G       5.7M        80M       562M

MemTotal:        4016004 kB
MemFree:         2852348 kB
Active:           495100 kB
Mem:          3.8G       1.1G       2.7G       5.7M        80M       563M

MemTotal:        4016004 kB
MemFree:         2851740 kB
Active:           495092 kB
Mem:          3.8G       1.1G       2.7G       5.7M        80M       563M

MemTotal:        4016004 kB
MemFree:         2850916 kB
Active:           495096 kB
Mem:          3.8G       1.1G       2.7G       5.7M        80M       564M

MemTotal:        4016004 kB
MemFree:         2850276 kB
Active:           495124 kB
Mem:          3.8G       1.1G       2.7G       5.7M        80M       565M

MemTotal:        4016004 kB
MemFree:         2848924 kB
Active:           495136 kB
Mem:          3.8G       1.1G       2.7G       5.7M        80M       566M

MemTotal:        4016004 kB
MemFree:         2848288 kB
Active:           495140 kB
Mem:          3.8G       1.1G       2.7G       5.7M        80M       566M

MemTotal:        4016004 kB
MemFree:         2848164 kB
Active:           495148 kB
Mem:          3.8G       1.1G       2.7G       5.7M        80M       566M

MemTotal:        4016004 kB
MemFree:         2847032 kB
Active:           495140 kB
Mem:          3.8G       1.1G       2.7G       5.7M        80M       566M

MemTotal:        4016004 kB
MemFree:         2846316 kB
Active:           495128 kB
Mem:          3.8G       1.1G       2.7G       5.7M        80M       567M

MemTotal:        4016004 kB
MemFree:         2845568 kB
Active:           495172 kB
Mem:          3.8G       1.1G       2.7G       5.7M        81M       568M

MemTotal:        4016004 kB
MemFree:         2845040 kB
Active:           495168 kB
Mem:          3.8G       1.1G       2.7G       5.7M        81M       569M

MemTotal:        4016004 kB
MemFree:         2843796 kB
Active:           495148 kB
Mem:          3.8G       1.1G       2.7G       5.7M        81M       569M

MemTotal:        4016004 kB
MemFree:         2842692 kB
Active:           495200 kB
Mem:          3.8G       1.1G       2.7G       5.7M        81M       570M

MemTotal:        4016004 kB
MemFree:         2841124 kB
Active:           495208 kB
Mem:          3.8G       1.1G       2.7G       5.7M        81M       571M

MemTotal:        4016004 kB
MemFree:         2840596 kB
Active:           495184 kB
Mem:          3.8G       1.1G       2.7G       5.7M        81M       572M

MemTotal:        4016004 kB
MemFree:         2839864 kB
Active:           495216 kB
Mem:          3.8G       1.1G       2.7G       5.7M        81M       572M

MemTotal:        4016004 kB
MemFree:         2839180 kB
Active:           495236 kB
Mem:          3.8G       1.1G       2.7G       5.7M        81M       573M

MemTotal:        4016004 kB
MemFree:         2838916 kB
Active:           495192 kB
Mem:          3.8G       1.1G       2.7G       5.7M        81M       573M

MemTotal:        4016004 kB
MemFree:         2838744 kB
Active:           495248 kB
Mem:          3.8G       1.1G       2.7G       5.7M        81M       573M

MemTotal:        4016004 kB
MemFree:         2838124 kB
Active:           495252 kB
Mem:          3.8G       1.1G       2.7G       5.7M        81M       573M

MemTotal:        4016004 kB
MemFree:         2837736 kB
Active:           495264 kB
Mem:          3.8G       1.1G       2.7G       5.7M        81M       573M

MemTotal:        4016004 kB
MemFree:         2837364 kB
Active:           495268 kB
Mem:          3.8G       1.1G       2.7G       5.7M        81M       574M

MemTotal:        4016004 kB
MemFree:         2837448 kB
Active:           495224 kB
Mem:          3.8G       1.1G       2.7G       5.7M        81M       574M

MemTotal:        4016004 kB
MemFree:         2836380 kB
Active:           495296 kB
Mem:          3.8G       1.1G       2.7G       5.7M        81M       575M

MemTotal:        4016004 kB
MemFree:         2835400 kB
Active:           495308 kB
Mem:          3.8G       1.1G       2.7G       5.7M        81M       576M

MemTotal:        4016004 kB
MemFree:         2834064 kB
Active:           495316 kB
Mem:          3.8G       1.1G       2.7G       5.7M        81M       577M

MemTotal:        4016004 kB
MemFree:         2833364 kB
Active:           495324 kB
Mem:          3.8G       1.1G       2.7G       5.7M        81M       577M

MemTotal:        4016004 kB
MemFree:         2832260 kB
Active:           495336 kB
Mem:          3.8G       1.1G       2.7G       5.7M        81M       578M

MemTotal:        4016004 kB
MemFree:         2830520 kB
Active:           495348 kB
Mem:          3.8G       1.1G       2.7G       5.7M        81M       579M

MemTotal:        4016004 kB
MemFree:         2829836 kB
Active:           495368 kB
Mem:          3.8G       1.1G       2.7G       5.7M        81M       580M

MemTotal:        4016004 kB
MemFree:         2828328 kB
Active:           495336 kB
Mem:          3.8G       1.1G       2.7G       5.7M        81M       581M

MemTotal:        4016004 kB
MemFree:         2827160 kB
Active:           495456 kB
Mem:          3.8G       1.1G       2.7G       5.7M        81M       582M

MemTotal:        4016004 kB
MemFree:         2826676 kB
Active:           495512 kB
Mem:          3.8G       1.1G       2.7G       5.7M        81M       582M

MemTotal:        4016004 kB
MemFree:         2826256 kB
Active:           495596 kB
Mem:          3.8G       1.1G       2.7G       5.7M        81M       582M

MemTotal:        4016004 kB
MemFree:         2825556 kB
Active:           495632 kB
Mem:          3.8G       1.1G       2.7G       5.7M        81M       583M

MemTotal:        4016004 kB
MemFree:         2824856 kB
Active:           495680 kB
Mem:          3.8G       1.1G       2.7G       5.7M        81M       584M

MemTotal:        4016004 kB
MemFree:         2824560 kB
Active:           495736 kB
Mem:          3.8G       1.1G       2.7G       5.7M        81M       584M

MemTotal:        4016004 kB
MemFree:         2824264 kB
Active:           495708 kB
Mem:          3.8G       1.1G       2.7G       5.7M        81M       584M

MemTotal:        4016004 kB
MemFree:         2823644 kB
Active:           495792 kB
Mem:          3.8G       1.1G       2.7G       5.7M        81M       584M

MemTotal:        4016004 kB
MemFree:         2823472 kB
Active:           495764 kB
Mem:          3.8G       1.1G       2.7G       5.7M        81M       584M

MemTotal:        4016004 kB
MemFree:         2823316 kB
Active:           495804 kB
Mem:          3.8G       1.1G       2.7G       5.7M        81M       585M

MemTotal:        4016004 kB
MemFree:         2822240 kB
Active:           495820 kB
Mem:          3.8G       1.1G       2.7G       5.7M        81M       585M

MemTotal:        4016004 kB
MemFree:         2821120 kB
Active:           495824 kB
Mem:          3.8G       1.1G       2.7G       5.7M        81M       586M

MemTotal:        4016004 kB
MemFree:         2819752 kB
Active:           496124 kB
Mem:          3.8G       1.1G       2.7G       5.7M        81M       587M

MemTotal:        4016004 kB
MemFree:         2818632 kB
Active:           496040 kB
Mem:          3.8G       1.1G       2.7G       5.7M        81M       588M

MemTotal:        4016004 kB
MemFree:         2818008 kB
Active:           496156 kB
Mem:          3.8G       1.1G       2.7G       5.7M        81M       588M

MemTotal:        4016004 kB
MemFree:         2817000 kB
Active:           496168 kB
Mem:          3.8G       1.1G       2.7G       5.7M        81M       589M

MemTotal:        4016004 kB
MemFree:         2816952 kB
Active:           496168 kB
Mem:          3.8G       1.1G       2.7G       5.7M        81M       589M

MemTotal:        4016004 kB
MemFree:         2815816 kB
Active:           496176 kB
Mem:          3.8G       1.1G       2.7G       5.7M        81M       590M

MemTotal:        4016004 kB
MemFree:         2814464 kB
Active:           496204 kB
Mem:          3.8G       1.1G       2.7G       5.7M        81M       591M

MemTotal:        4016004 kB
MemFree:         2814184 kB
Active:           496220 kB
Mem:          3.8G       1.1G       2.7G       5.7M        81M       591M

MemTotal:        4016004 kB
MemFree:         2813440 kB
Active:           496236 kB
Mem:          3.8G       1.1G       2.7G       5.7M        81M       592M

MemTotal:        4016004 kB
MemFree:         2812632 kB
Active:           496248 kB
Mem:          3.8G       1.1G       2.7G       5.7M        81M       592M

MemTotal:        4016004 kB
MemFree:         2812552 kB
Active:           496244 kB
Mem:          3.8G       1.1G       2.7G       5.7M        81M       592M

MemTotal:        4016004 kB
MemFree:         2811432 kB
Active:           496200 kB
Mem:          3.8G       1.1G       2.7G       5.7M        81M       593M

MemTotal:        4016004 kB
MemFree:         2810344 kB
Active:           496276 kB
Mem:          3.8G       1.1G       2.7G       5.7M        82M       594M

MemTotal:        4016004 kB
MemFree:         2808632 kB
Active:           496340 kB
Mem:          3.8G       1.2G       2.7G       5.7M        82M       595M

MemTotal:        4016004 kB
MemFree:         2808616 kB
Active:           496376 kB
Mem:          3.8G       1.2G       2.7G       5.7M        82M       596M

MemTotal:        4016004 kB
MemFree:         2807432 kB
Active:           496416 kB
Mem:          3.8G       1.2G       2.7G       5.7M        82M       597M

MemTotal:        4016004 kB
MemFree:         2806156 kB
Active:           496480 kB
Mem:          3.8G       1.2G       2.7G       5.7M        82M       597M

MemTotal:        4016004 kB
MemFree:         2804696 kB
Active:           496536 kB
Mem:          3.8G       1.2G       2.7G       5.7M        82M       598M

MemTotal:        4016004 kB
MemFree:         2803452 kB
Active:           496584 kB
Mem:          3.8G       1.2G       2.7G       5.7M        82M       599M

MemTotal:        4016004 kB
MemFree:         2802456 kB
Active:           496604 kB
Mem:          3.8G       1.2G       2.7G       5.7M        82M       600M

MemTotal:        4016004 kB
MemFree:         2801072 kB
Active:           496720 kB
Mem:          3.8G       1.2G       2.7G       5.7M        82M       600M

MemTotal:        4016004 kB
MemFree:         2800480 kB
Active:           496708 kB
Mem:          3.8G       1.2G       2.7G       5.7M        82M       601M

MemTotal:        4016004 kB
MemFree:         2799684 kB
Active:           496736 kB
Mem:          3.8G       1.2G       2.7G       5.7M        82M       602M

MemTotal:        4016004 kB
MemFree:         2798332 kB
Active:           496780 kB
Mem:          3.8G       1.2G       2.7G       5.7M        82M       602M

MemTotal:        4016004 kB
MemFree:         2798456 kB
Active:           496808 kB
Mem:          3.8G       1.2G       2.7G       5.7M        82M       602M

MemTotal:        4016004 kB
MemFree:         2798112 kB
Active:           496804 kB
Mem:          3.8G       1.2G       2.7G       5.7M        82M       603M

MemTotal:        4016004 kB
MemFree:         2796636 kB
Active:           496852 kB
Mem:          3.8G       1.2G       2.7G       5.7M        82M       603M

MemTotal:        4016004 kB
MemFree:         2795608 kB
Active:           496904 kB
Mem:          3.8G       1.2G       2.7G       5.7M        82M       604M

MemTotal:        4016004 kB
MemFree:         2795156 kB
Active:           497032 kB
Mem:          3.8G       1.2G       2.7G       5.7M        82M       604M

MemTotal:        4016004 kB
MemFree:         2794784 kB
Active:           497056 kB
Mem:          3.8G       1.2G       2.7G       5.7M        82M       604M

MemTotal:        4016004 kB
MemFree:         2794892 kB
Active:           497072 kB
Mem:          3.8G       1.2G       2.7G       5.7M        82M       604M

MemTotal:        4016004 kB
MemFree:         2794036 kB
Active:           497072 kB
Mem:          3.8G       1.2G       2.7G       5.7M        82M       606M

MemTotal:        4016004 kB
MemFree:         2792684 kB
Active:           497092 kB
Mem:          3.8G       1.2G       2.7G       5.7M        82M       607M

MemTotal:        4016004 kB
MemFree:         2792000 kB
Active:           497124 kB
Mem:          3.8G       1.2G       2.7G       5.7M        82M       607M

MemTotal:        4016004 kB
MemFree:         2792124 kB
Active:           497084 kB
Mem:          3.8G       1.2G       2.7G       5.7M        82M       607M

MemTotal:        4016004 kB
MemFree:         2792076 kB
Active:           497072 kB
Mem:          3.8G       1.2G       2.7G       5.7M        82M       607M

MemTotal:        4016004 kB
MemFree:         2791144 kB
Active:           497132 kB
Mem:          3.8G       1.2G       2.7G       5.7M        82M       608M

MemTotal:        4016004 kB
MemFree:         2788256 kB
Active:           497152 kB
Mem:          3.8G       1.2G       2.7G       5.7M        82M       610M

MemTotal:        4016004 kB
MemFree:         2786980 kB
Active:           497140 kB
Mem:          3.8G       1.2G       2.7G       5.7M        82M       612M

MemTotal:        4016004 kB
MemFree:         2785068 kB
Active:           497156 kB
Mem:          3.8G       1.2G       2.7G       5.7M        82M       613M

MemTotal:        4016004 kB
MemFree:         2783824 kB
Active:           497208 kB
Mem:          3.8G       1.2G       2.7G       5.7M        82M       614M

MemTotal:        4016004 kB
MemFree:         2781912 kB
Active:           497196 kB
Mem:          3.8G       1.2G       2.7G       5.7M        82M       615M

MemTotal:        4016004 kB
MemFree:         2780404 kB
Active:           497224 kB
Mem:          3.8G       1.2G       2.7G       5.7M        82M       616M

MemTotal:        4016004 kB
MemFree:         2778524 kB
Active:           497328 kB
Mem:          3.8G       1.2G       2.6G       5.7M        83M       617M

MemTotal:        4016004 kB
MemFree:         2778384 kB
Active:           497332 kB
Mem:          3.8G       1.2G       2.6G       5.7M        83M       617M

MemTotal:        4016004 kB
MemFree:         2777716 kB
Active:           497392 kB
Mem:          3.8G       1.2G       2.6G       5.7M        83M       617M

MemTotal:        4016004 kB
MemFree:         2777900 kB
Active:           497376 kB
Mem:          3.8G       1.2G       2.6G       5.7M        83M       618M

MemTotal:        4016004 kB
MemFree:         2776484 kB
Active:           497568 kB
Mem:          3.8G       1.2G       2.6G       5.7M        83M       618M

MemTotal:        4016004 kB
MemFree:         2775316 kB
Active:           497740 kB
Mem:          3.8G       1.2G       2.6G       5.7M        83M       619M

MemTotal:        4016004 kB
MemFree:         2774040 kB
Active:           497812 kB
Mem:          3.8G       1.2G       2.6G       5.7M        83M       620M

MemTotal:        4016004 kB
MemFree:         2773060 kB
Active:           497856 kB
Mem:          3.8G       1.2G       2.6G       5.7M        83M       621M

MemTotal:        4016004 kB
MemFree:         2771520 kB
Active:           498036 kB
Mem:          3.8G       1.2G       2.6G       5.7M        83M       622M

MemTotal:        4016004 kB
MemFree:         2771192 kB
Active:           498124 kB
Mem:          3.8G       1.2G       2.6G       5.7M        83M       622M

MemTotal:        4016004 kB
MemFree:         2769496 kB
Active:           498140 kB
Mem:          3.8G       1.2G       2.6G       5.7M        83M       623M

MemTotal:        4016004 kB
MemFree:         2768796 kB
Active:           498424 kB
Mem:          3.8G       1.2G       2.6G       5.7M        84M       623M

MemTotal:        4016004 kB
MemFree:         2768552 kB
Active:           498500 kB
Mem:          3.8G       1.2G       2.6G       5.7M        84M       624M

MemTotal:        4016004 kB
MemFree:         2768016 kB
Active:           498508 kB
Mem:          3.8G       1.2G       2.6G       5.7M        84M       624M

MemTotal:        4016004 kB
MemFree:         2767736 kB
Active:           498520 kB
Mem:          3.8G       1.2G       2.6G       5.7M        84M       624M

MemTotal:        4016004 kB
MemFree:         2767036 kB
Active:           498548 kB
Mem:          3.8G       1.2G       2.6G       5.7M        84M       625M

MemTotal:        4016004 kB
MemFree:         2766212 kB
Active:           498580 kB
Mem:          3.8G       1.2G       2.6G       5.7M        84M       625M

MemTotal:        4016004 kB
MemFree:         2766388 kB
Active:           498640 kB
Mem:          3.8G       1.2G       2.6G       5.7M        84M       625M

MemTotal:        4016004 kB
MemFree:         2766016 kB
Active:           498656 kB
Mem:          3.8G       1.2G       2.6G       5.7M        84M       625M

MemTotal:        4016004 kB
MemFree:         2766016 kB
Active:           498636 kB
Mem:          3.8G       1.2G       2.6G       5.7M        84M       626M

MemTotal:        4016004 kB
MemFree:         2764336 kB
Active:           498696 kB
Mem:          3.8G       1.2G       2.6G       5.7M        84M       627M

MemTotal:        4016004 kB
MemFree:         2763092 kB
Active:           498764 kB
Mem:          3.8G       1.2G       2.6G       5.7M        84M       627M

MemTotal:        4016004 kB
MemFree:         2761256 kB
Active:           498868 kB
Mem:          3.8G       1.2G       2.6G       5.7M        84M       629M

MemTotal:        4016004 kB
MemFree:         2759500 kB
Active:           498936 kB
Mem:          3.8G       1.2G       2.6G       5.7M        84M       630M

MemTotal:        4016004 kB
MemFree:         2759140 kB
Active:           498932 kB
Mem:          3.8G       1.2G       2.6G       5.7M        84M       630M

MemTotal:        4016004 kB
MemFree:         2757864 kB
Active:           499000 kB
Mem:          3.8G       1.2G       2.6G       5.7M        84M       631M

MemTotal:        4016004 kB
MemFree:         2756696 kB
Active:           499120 kB
Mem:          3.8G       1.2G       2.6G       5.7M        84M       632M

MemTotal:        4016004 kB
MemFree:         2755576 kB
Active:           499200 kB
Mem:          3.8G       1.2G       2.6G       5.7M        84M       633M

MemTotal:        4016004 kB
MemFree:         2752596 kB
Active:           499304 kB
Mem:          3.8G       1.2G       2.6G       5.7M        84M       635M

MemTotal:        4016004 kB
MemFree:         2751976 kB
Active:           499344 kB
Mem:          3.8G       1.2G       2.6G       5.7M        84M       636M

MemTotal:        4016004 kB
MemFree:         2750300 kB
Active:           499352 kB
Mem:          3.8G       1.2G       2.6G       5.7M        84M       637M

MemTotal:        4016004 kB
MemFree:         2749648 kB
Active:           499360 kB
Mem:          3.8G       1.2G       2.6G       5.7M        84M       637M

MemTotal:        4016004 kB
MemFree:         2748140 kB
Active:           499360 kB
Mem:          3.8G       1.2G       2.6G       5.7M        85M       639M

MemTotal:        4016004 kB
MemFree:         2746976 kB
Active:           499488 kB
Mem:          3.8G       1.2G       2.6G       5.7M        85M       639M

MemTotal:        4016004 kB
MemFree:         2746056 kB
Active:           499596 kB
Mem:          3.8G       1.2G       2.6G       5.7M        85M       640M

MemTotal:        4016004 kB
MemFree:         2744176 kB
Active:           499640 kB
Mem:          3.8G       1.2G       2.6G       5.7M        85M       641M

MemTotal:        4016004 kB
MemFree:         2743244 kB
Active:           499652 kB
Mem:          3.8G       1.2G       2.6G       5.7M        85M       642M

MemTotal:        4016004 kB
MemFree:         2742140 kB
Active:           499784 kB
Mem:          3.8G       1.2G       2.6G       5.7M        85M       643M

MemTotal:        4016004 kB
MemFree:         2741252 kB
Active:           499836 kB
Mem:          3.8G       1.2G       2.6G       5.7M        85M       643M

MemTotal:        4016004 kB
MemFree:         2740272 kB
Active:           499916 kB
Mem:          3.8G       1.2G       2.6G       5.7M        85M       644M

MemTotal:        4016004 kB
MemFree:         2739540 kB
Active:           499916 kB
Mem:          3.8G       1.2G       2.6G       5.7M        85M       644M

MemTotal:        4016004 kB
MemFree:         2738884 kB
Active:           500052 kB
Mem:          3.8G       1.2G       2.6G       5.7M        85M       645M

MemTotal:        4016004 kB
MemFree:         2736088 kB
Active:           500140 kB
Mem:          3.8G       1.2G       2.6G       5.7M        85M       647M

MemTotal:        4016004 kB
MemFree:         2735448 kB
Active:           500148 kB
Mem:          3.8G       1.2G       2.6G       5.7M        85M       648M

MemTotal:        4016004 kB
MemFree:         2734716 kB
Active:           500200 kB
Mem:          3.8G       1.2G       2.6G       5.7M        85M       648M

MemTotal:        4016004 kB
MemFree:         2734280 kB
Active:           500296 kB
Mem:          3.8G       1.2G       2.6G       5.7M        85M       648M

MemTotal:        4016004 kB
MemFree:         2734124 kB
Active:           500372 kB
Mem:          3.8G       1.2G       2.6G       5.7M        85M       649M

MemTotal:        4016004 kB
MemFree:         2733860 kB
Active:           500284 kB
Mem:          3.8G       1.2G       2.6G       5.7M        85M       649M

MemTotal:        4016004 kB
MemFree:         2731668 kB
Active:           500280 kB
Mem:          3.8G       1.2G       2.6G       5.7M        85M       650M

MemTotal:        4016004 kB
MemFree:         2731060 kB
Active:           500304 kB
Mem:          3.8G       1.2G       2.6G       5.7M        85M       651M

MemTotal:        4016004 kB
MemFree:         2729100 kB
Active:           500500 kB
Mem:          3.8G       1.2G       2.6G       5.7M        86M       652M

MemTotal:        4016004 kB
MemFree:         2725872 kB
Active:           500512 kB
Mem:          3.8G       1.2G       2.6G       5.7M        86M       654M

MemTotal:        4016004 kB
MemFree:         2724640 kB
Active:           500564 kB
Mem:          3.8G       1.2G       2.6G       5.7M        86M       656M

MemTotal:        4016004 kB
MemFree:         2722372 kB
Active:           500688 kB
Mem:          3.8G       1.2G       2.6G       5.7M        86M       657M

MemTotal:        4016004 kB
MemFree:         2720992 kB
Active:           500700 kB
Mem:          3.8G       1.2G       2.6G       5.7M        86M       658M

MemTotal:        4016004 kB
MemFree:         2720304 kB
Active:           500764 kB
Mem:          3.8G       1.2G       2.6G       5.7M        86M       659M

MemTotal:        4016004 kB
MemFree:         2719124 kB
Active:           500808 kB
Mem:          3.8G       1.2G       2.6G       5.7M        86M       660M

MemTotal:        4016004 kB
MemFree:         2717648 kB
Active:           500772 kB
Mem:          3.8G       1.2G       2.6G       5.7M        86M       661M

MemTotal:        4016004 kB
MemFree:         2716080 kB
Active:           500852 kB
Mem:          3.8G       1.2G       2.6G       5.7M        86M       663M

MemTotal:        4016004 kB
MemFree:         2714712 kB
Active:           501112 kB
Mem:          3.8G       1.2G       2.6G       5.7M        86M       664M

MemTotal:        4016004 kB
MemFree:         2712508 kB
Active:           500984 kB
Mem:          3.8G       1.2G       2.6G       5.7M        86M       665M

MemTotal:        4016004 kB
MemFree:         2712320 kB
Active:           500976 kB
Mem:          3.8G       1.2G       2.6G       5.7M        86M       666M

MemTotal:        4016004 kB
MemFree:         2712256 kB
Active:           501012 kB
Mem:          3.8G       1.2G       2.6G       5.7M        86M       666M

MemTotal:        4016004 kB
MemFree:         2711652 kB
Active:           501060 kB
Mem:          3.8G       1.2G       2.6G       5.7M        86M       666M

MemTotal:        4016004 kB
MemFree:         2709836 kB
Active:           501068 kB
Mem:          3.8G       1.2G       2.6G       5.7M        86M       668M

MemTotal:        4016004 kB
MemFree:         2705320 kB
Active:           501068 kB
Mem:          3.8G       1.3G       2.6G       5.7M        86M       671M

MemTotal:        4016004 kB
MemFree:         2703728 kB
Active:           501388 kB
Mem:          3.8G       1.3G       2.6G       5.7M        86M       673M

MemTotal:        4016004 kB
MemFree:         2702540 kB
Active:           501444 kB
Mem:          3.8G       1.3G       2.6G       5.7M        86M       673M

MemTotal:        4016004 kB
MemFree:         2701740 kB
Active:           501428 kB
Mem:          3.8G       1.3G       2.6G       5.7M        86M       674M

MemTotal:        4016004 kB
MemFree:         2701428 kB
Active:           501428 kB
Mem:          3.8G       1.3G       2.6G       5.7M        86M       674M

MemTotal:        4016004 kB
MemFree:         2698480 kB
Active:           501428 kB
Mem:          3.8G       1.3G       2.6G       5.7M        86M       676M

MemTotal:        4016004 kB
MemFree:         2697268 kB
Active:           501700 kB
Mem:          3.8G       1.3G       2.6G       5.7M        87M       678M

MemTotal:        4016004 kB
MemFree:         2694796 kB
Active:           501872 kB
Mem:          3.8G       1.3G       2.6G       5.7M        87M       679M

MemTotal:        4016004 kB
MemFree:         2692924 kB
Active:           502324 kB
Mem:          3.8G       1.3G       2.6G       5.7M        87M       680M

MemTotal:        4016004 kB
MemFree:         2691284 kB
Active:           502340 kB
Mem:          3.8G       1.3G       2.6G       5.7M        87M       682M

MemTotal:        4016004 kB
MemFree:         2689484 kB
Active:           502392 kB
Mem:          3.8G       1.3G       2.6G       5.7M        87M       682M

MemTotal:        4016004 kB
MemFree:         2689360 kB
Active:           502352 kB
Mem:          3.8G       1.3G       2.6G       5.7M        87M       683M

MemTotal:        4016004 kB
MemFree:         2688504 kB
Active:           502392 kB
Mem:          3.8G       1.3G       2.6G       5.7M        87M       684M

MemTotal:        4016004 kB
MemFree:         2686648 kB
Active:           502788 kB
Mem:          3.8G       1.3G       2.6G       5.7M        88M       685M

MemTotal:        4016004 kB
MemFree:         2685072 kB
Active:           502804 kB
Mem:          3.8G       1.3G       2.6G       5.7M        88M       686M

MemTotal:        4016004 kB
MemFree:         2681796 kB
Active:           502892 kB
Mem:          3.8G       1.3G       2.6G       5.7M        88M       689M

MemTotal:        4016004 kB
MemFree:         2680164 kB
Active:           502856 kB
Mem:          3.8G       1.3G       2.6G       5.7M        88M       690M

MemTotal:        4016004 kB
MemFree:         2677340 kB
Active:           503052 kB
Mem:          3.8G       1.3G       2.6G       5.7M        88M       692M

MemTotal:        4016004 kB
MemFree:         2674484 kB
Active:           502892 kB
Mem:          3.8G       1.3G       2.6G       5.7M        88M       695M

MemTotal:        4016004 kB
MemFree:         2672700 kB
Active:           503092 kB
Mem:          3.8G       1.3G       2.5G       5.7M        88M       696M

MemTotal:        4016004 kB
MemFree:         2671196 kB
Active:           503116 kB
Mem:          3.8G       1.3G       2.5G       5.7M        88M       697M

MemTotal:        4016004 kB
MemFree:         2669380 kB
Active:           503072 kB
Mem:          3.8G       1.3G       2.5G       5.7M        88M       699M

MemTotal:        4016004 kB
MemFree:         2667612 kB
Active:           503112 kB
Mem:          3.8G       1.3G       2.5G       5.7M        88M       701M

MemTotal:        4016004 kB
MemFree:         2666712 kB
Active:           503108 kB
Mem:          3.8G       1.3G       2.5G       5.7M        88M       702M

MemTotal:        4016004 kB
MemFree:         2665952 kB
Active:           503136 kB
Mem:          3.8G       1.3G       2.5G       5.7M        88M       702M

MemTotal:        4016004 kB
MemFree:         2663220 kB
Active:           503288 kB
Mem:          3.8G       1.3G       2.5G       5.7M        88M       704M

MemTotal:        4016004 kB
MemFree:         2661060 kB
Active:           503300 kB
Mem:          3.8G       1.3G       2.5G       5.7M        88M       706M

MemTotal:        4016004 kB
MemFree:         2658932 kB
Active:           503316 kB
Mem:          3.8G       1.3G       2.5G       5.7M        88M       708M

MemTotal:        4016004 kB
MemFree:         2656836 kB
Active:           503280 kB
Mem:          3.8G       1.3G       2.5G       5.7M        88M       709M

MemTotal:        4016004 kB
MemFree:         2656120 kB
Active:           503464 kB
Mem:          3.8G       1.3G       2.5G       5.7M        88M       710M

MemTotal:        4016004 kB
MemFree:         2654440 kB
Active:           503472 kB
Mem:          3.8G       1.3G       2.5G       5.7M        88M       711M

MemTotal:        4016004 kB
MemFree:         2653460 kB
Active:           503480 kB
Mem:          3.8G       1.3G       2.5G       5.7M        88M       712M

MemTotal:        4016004 kB
MemFree:         2652684 kB
Active:           503480 kB
Mem:          3.8G       1.3G       2.5G       5.7M        88M       712M

MemTotal:        4016004 kB
MemFree:         2652528 kB
Active:           503488 kB
Mem:          3.8G       1.3G       2.5G       5.7M        88M       712M

MemTotal:        4016004 kB
MemFree:         2650912 kB
Active:           503656 kB
Mem:          3.8G       1.3G       2.5G       5.7M        89M       713M

MemTotal:        4016004 kB
MemFree:         2649164 kB
Active:           503816 kB
Mem:          3.8G       1.3G       2.5G       5.7M        89M       715M

MemTotal:        4016004 kB
MemFree:         2647680 kB
Active:           503992 kB
Mem:          3.8G       1.3G       2.5G       5.7M        89M       716M

MemTotal:        4016004 kB
MemFree:         2647416 kB
Active:           503960 kB
Mem:          3.8G       1.3G       2.5G       5.7M        89M       716M

MemTotal:        4016004 kB
MemFree:         2645056 kB
Active:           504028 kB
Mem:          3.8G       1.3G       2.5G       5.7M        89M       717M

MemTotal:        4016004 kB
MemFree:         2643920 kB
Active:           504036 kB
Mem:          3.8G       1.3G       2.5G       5.7M        89M       719M

MemTotal:        4016004 kB
MemFree:         2642180 kB
Active:           504060 kB
Mem:          3.8G       1.3G       2.5G       5.7M        89M       720M

MemTotal:        4016004 kB
MemFree:         2640920 kB
Active:           504072 kB
