MemTotal:        4016004 kB
MemFree:         3230268 kB
Active:           432616 kB
Mem:          3.8G       767M       3.1G       5.7M        52M       322M

MemTotal:        4016004 kB
MemFree:         3230088 kB
Active:           432924 kB
Mem:          3.8G       767M       3.1G       5.7M        52M       323M

MemTotal:        4016004 kB
MemFree:         3230444 kB
Active:           432992 kB
Mem:          3.8G       767M       3.1G       5.7M        52M       323M

MemTotal:        4016004 kB
MemFree:         3230320 kB
Active:           433016 kB
Mem:          3.8G       767M       3.1G       5.7M        52M       323M

MemTotal:        4016004 kB
MemFree:         3229724 kB
Active:           431148 kB
Mem:          3.8G       767M       3.1G       5.7M        52M       323M

MemTotal:        4016004 kB
MemFree:         3229976 kB
Active:           433000 kB
Mem:          3.8G       767M       3.1G       5.7M        52M       323M

MemTotal:        4016004 kB
MemFree:         3230084 kB
Active:           433012 kB
Mem:          3.8G       767M       3.1G       5.7M        52M       323M

MemTotal:        4016004 kB
MemFree:         3230192 kB
Active:           433040 kB
Mem:          3.8G       767M       3.1G       5.7M        52M       323M

MemTotal:        4016004 kB
MemFree:         3230192 kB
Active:           433044 kB
Mem:          3.8G       767M       3.1G       5.7M        52M       323M

MemTotal:        4016004 kB
MemFree:         3230316 kB
Active:           433052 kB
Mem:          3.8G       767M       3.1G       5.7M        52M       323M

MemTotal:        4016004 kB
MemFree:         3230300 kB
Active:           433020 kB
Mem:          3.8G       767M       3.1G       5.7M        52M       323M

MemTotal:        4016004 kB
MemFree:         3230284 kB
Active:           433032 kB
Mem:          3.8G       767M       3.1G       5.7M        52M       323M

MemTotal:        4016004 kB
MemFree:         3230036 kB
Active:           433036 kB
Mem:          3.8G       767M       3.1G       5.7M        52M       323M

MemTotal:        4016004 kB
MemFree:         3230036 kB
Active:           433024 kB
Mem:          3.8G       767M       3.1G       5.7M        52M       323M

MemTotal:        4016004 kB
MemFree:         3230160 kB
Active:           433012 kB
Mem:          3.8G       767M       3.1G       5.7M        52M       323M

MemTotal:        4016004 kB
MemFree:         3230688 kB
Active:           433040 kB
Mem:          3.8G       767M       3.1G       5.7M        52M       323M

MemTotal:        4016004 kB
MemFree:         3230316 kB
Active:           433056 kB
Mem:          3.8G       767M       3.1G       5.7M        52M       323M

MemTotal:        4016004 kB
MemFree:         3230564 kB
Active:           433008 kB
Mem:          3.8G       767M       3.1G       5.7M        52M       323M

MemTotal:        4016004 kB
MemFree:         3230424 kB
Active:           433044 kB
Mem:          3.8G       767M       3.1G       5.7M        52M       323M

MemTotal:        4016004 kB
MemFree:         3230300 kB
Active:           433012 kB
Mem:          3.8G       767M       3.1G       5.7M        52M       323M

MemTotal:        4016004 kB
MemFree:         3230052 kB
Active:           433008 kB
Mem:          3.8G       767M       3.1G       5.7M        52M       323M

MemTotal:        4016004 kB
MemFree:         3230176 kB
Active:           433016 kB
Mem:          3.8G       767M       3.1G       5.7M        52M       323M

MemTotal:        4016004 kB
MemFree:         3230284 kB
Active:           433020 kB
Mem:          3.8G       767M       3.1G       5.7M        52M       323M

MemTotal:        4016004 kB
MemFree:         3229896 kB
Active:           433024 kB
Mem:          3.8G       767M       3.1G       5.7M        52M       323M

MemTotal:        4016004 kB
MemFree:         3230268 kB
Active:           433032 kB
Mem:          3.8G       767M       3.1G       5.7M        52M       323M

MemTotal:        4016004 kB
MemFree:         3230284 kB
Active:           433044 kB
Mem:          3.8G       767M       3.1G       5.7M        52M       323M

MemTotal:        4016004 kB
MemFree:         3230284 kB
Active:           433040 kB
Mem:          3.8G       767M       3.1G       5.7M        52M       323M

MemTotal:        4016004 kB
MemFree:         3230036 kB
Active:           433068 kB
Mem:          3.8G       767M       3.1G       5.7M        52M       323M

MemTotal:        4016004 kB
MemFree:         3230408 kB
Active:           433056 kB
Mem:          3.8G       767M       3.1G       5.7M        52M       323M

MemTotal:        4016004 kB
MemFree:         3230532 kB
Active:           433060 kB
Mem:          3.8G       767M       3.1G       5.7M        52M       323M

MemTotal:        4016004 kB
MemFree:         3230144 kB
Active:           433072 kB
Mem:          3.8G       767M       3.1G       5.7M        52M       323M

MemTotal:        4016004 kB
MemFree:         3230656 kB
Active:           433068 kB
Mem:          3.8G       766M       3.1G       5.7M        52M       323M

MemTotal:        4016004 kB
MemFree:         3230376 kB
Active:           433020 kB
Mem:          3.8G       767M       3.1G       5.7M        52M       323M

MemTotal:        4016004 kB
MemFree:         3230532 kB
Active:           433020 kB
Mem:          3.8G       767M       3.1G       5.7M        52M       323M

MemTotal:        4016004 kB
MemFree:         3230656 kB
Active:           433068 kB
Mem:          3.8G       767M       3.1G       5.7M        52M       323M

MemTotal:        4016004 kB
MemFree:         3230656 kB
Active:           433080 kB
Mem:          3.8G       767M       3.1G       5.7M        52M       323M

MemTotal:        4016004 kB
MemFree:         3230532 kB
Active:           433064 kB
Mem:          3.8G       766M       3.1G       5.7M        52M       323M

MemTotal:        4016004 kB
MemFree:         3230656 kB
Active:           433068 kB
Mem:          3.8G       766M       3.1G       5.7M        52M       323M

MemTotal:        4016004 kB
MemFree:         3230656 kB
Active:           433040 kB
Mem:          3.8G       767M       3.1G       5.7M        52M       323M

MemTotal:        4016004 kB
MemFree:         3230160 kB
Active:           433088 kB
Mem:          3.8G       767M       3.1G       5.7M        52M       323M

MemTotal:        4016004 kB
MemFree:         3230532 kB
Active:           433072 kB
Mem:          3.8G       767M       3.1G       5.7M        52M       323M

MemTotal:        4016004 kB
MemFree:         3230532 kB
Active:           433056 kB
Mem:          3.8G       767M       3.1G       5.7M        52M       323M

MemTotal:        4016004 kB
MemFree:         3230392 kB
Active:           433072 kB
Mem:          3.8G       767M       3.1G       5.7M        52M       323M

MemTotal:        4016004 kB
MemFree:         3230020 kB
Active:           433108 kB
Mem:          3.8G       767M       3.1G       5.7M        52M       323M

MemTotal:        4016004 kB
MemFree:         3228468 kB
Active:           433048 kB
Mem:          3.8G       769M       3.1G       5.7M        52M       323M

MemTotal:        4016004 kB
MemFree:         3228220 kB
Active:           435100 kB
Mem:          3.8G       769M       3.1G       5.7M        52M       323M

MemTotal:        4016004 kB
MemFree:         3227928 kB
Active:           435132 kB
Mem:          3.8G       769M       3.1G       5.7M        52M       323M

MemTotal:        4016004 kB
MemFree:         3228300 kB
Active:           435092 kB
Mem:          3.8G       769M       3.1G       5.7M        52M       323M

MemTotal:        4016004 kB
MemFree:         3228176 kB
Active:           435124 kB
Mem:          3.8G       769M       3.1G       5.7M        52M       323M

MemTotal:        4016004 kB
MemFree:         3228300 kB
Active:           435108 kB
Mem:          3.8G       769M       3.1G       5.7M        52M       323M

MemTotal:        4016004 kB
MemFree:         3228176 kB
Active:           435136 kB
Mem:          3.8G       769M       3.1G       5.7M        52M       323M

MemTotal:        4016004 kB
MemFree:         3228424 kB
Active:           435112 kB
Mem:          3.8G       769M       3.1G       5.7M        52M       323M

MemTotal:        4016004 kB
MemFree:         3228548 kB
Active:           435136 kB
Mem:          3.8G       768M       3.1G       5.7M        52M       323M

MemTotal:        4016004 kB
MemFree:         3228176 kB
Active:           435160 kB
Mem:          3.8G       769M       3.1G       5.7M        52M       323M

MemTotal:        4016004 kB
MemFree:         3227804 kB
Active:           435160 kB
Mem:          3.8G       769M       3.1G       5.7M        52M       323M

MemTotal:        4016004 kB
MemFree:         3228160 kB
Active:           435128 kB
Mem:          3.8G       769M       3.1G       5.7M        52M       323M

MemTotal:        4016004 kB
MemFree:         3228144 kB
Active:           435120 kB
Mem:          3.8G       769M       3.1G       5.7M        52M       323M

MemTotal:        4016004 kB
MemFree:         3227524 kB
Active:           435164 kB
Mem:          3.8G       769M       3.1G       5.7M        52M       323M

MemTotal:        4016004 kB
MemFree:         3227880 kB
Active:           435164 kB
Mem:          3.8G       770M       3.1G       5.7M        52M       323M

MemTotal:        4016004 kB
MemFree:         3227756 kB
Active:           435156 kB
Mem:          3.8G       770M       3.1G       5.7M        52M       323M

MemTotal:        4016004 kB
MemFree:         3228036 kB
Active:           435156 kB
Mem:          3.8G       769M       3.1G       5.7M        52M       323M

MemTotal:        4016004 kB
MemFree:         3228036 kB
Active:           435148 kB
Mem:          3.8G       769M       3.1G       5.7M        52M       323M

MemTotal:        4016004 kB
MemFree:         3228160 kB
Active:           435124 kB
Mem:          3.8G       769M       3.1G       5.7M        52M       323M

MemTotal:        4016004 kB
MemFree:         3228012 kB
Active:           433272 kB
Mem:          3.8G       769M       3.1G       5.7M        52M       323M

MemTotal:        4016004 kB
MemFree:         3227972 kB
Active:           435176 kB
Mem:          3.8G       769M       3.1G       5.7M        52M       323M

MemTotal:        4016004 kB
MemFree:         3227848 kB
Active:           435192 kB
Mem:          3.8G       769M       3.1G       5.7M        52M       323M

MemTotal:        4016004 kB
MemFree:         3227972 kB
Active:           435148 kB
Mem:          3.8G       769M       3.1G       5.7M        52M       323M

MemTotal:        4016004 kB
MemFree:         3227848 kB
Active:           435160 kB
Mem:          3.8G       769M       3.1G       5.7M        52M       323M

MemTotal:        4016004 kB
MemFree:         3227724 kB
Active:           435140 kB
Mem:          3.8G       769M       3.1G       5.7M        52M       323M

MemTotal:        4016004 kB
MemFree:         3227724 kB
Active:           435164 kB
Mem:          3.8G       769M       3.1G       5.7M        52M       323M

MemTotal:        4016004 kB
MemFree:         3227912 kB
Active:           435188 kB
Mem:          3.8G       769M       3.1G       5.7M        52M       323M

MemTotal:        4016004 kB
MemFree:         3227912 kB
Active:           435144 kB
Mem:          3.8G       769M       3.1G       5.7M        52M       323M

MemTotal:        4016004 kB
MemFree:         3227788 kB
Active:           435180 kB
Mem:          3.8G       769M       3.1G       5.7M        52M       323M

MemTotal:        4016004 kB
MemFree:         3225988 kB
Active:           435164 kB
Mem:          3.8G       771M       3.1G       5.7M        52M       323M

MemTotal:        4016004 kB
MemFree:         3226236 kB
Active:           437164 kB
Mem:          3.8G       771M       3.1G       5.7M        52M       323M

MemTotal:        4016004 kB
MemFree:         3226236 kB
Active:           437168 kB
Mem:          3.8G       771M       3.1G       5.7M        52M       323M

MemTotal:        4016004 kB
MemFree:         3225972 kB
Active:           437200 kB
Mem:          3.8G       771M       3.1G       5.7M        52M       323M

MemTotal:        4016004 kB
MemFree:         3226204 kB
Active:           437184 kB
Mem:          3.8G       771M       3.1G       5.7M        52M       323M

MemTotal:        4016004 kB
MemFree:         3217480 kB
Active:           444140 kB
Mem:          3.8G       779M       3.1G       5.7M        59M       322M

MemTotal:        4016004 kB
MemFree:         3217060 kB
Active:           445012 kB
Mem:          3.8G       780M       3.1G       5.7M        60M       323M

MemTotal:        4016004 kB
MemFree:         3216944 kB
Active:           445012 kB
Mem:          3.8G       780M       3.1G       5.7M        60M       323M

MemTotal:        4016004 kB
MemFree:         3216432 kB
Active:           445032 kB
Mem:          3.8G       780M       3.1G       5.7M        60M       323M

MemTotal:        4016004 kB
MemFree:         3216928 kB
Active:           445008 kB
Mem:          3.8G       780M       3.1G       5.7M        60M       323M

MemTotal:        4016004 kB
MemFree:         3216904 kB
Active:           442952 kB
Mem:          3.8G       780M       3.1G       5.7M        60M       323M

MemTotal:        4016004 kB
MemFree:         3216848 kB
Active:           445032 kB
Mem:          3.8G       780M       3.1G       5.7M        60M       323M

MemTotal:        4016004 kB
MemFree:         3216848 kB
Active:           445024 kB
Mem:          3.8G       780M       3.1G       5.7M        60M       323M

MemTotal:        4016004 kB
MemFree:         3216848 kB
Active:           445012 kB
Mem:          3.8G       780M       3.1G       5.7M        60M       323M

MemTotal:        4016004 kB
MemFree:         3216848 kB
Active:           445000 kB
Mem:          3.8G       780M       3.1G       5.7M        60M       323M

MemTotal:        4016004 kB
MemFree:         3217096 kB
Active:           445044 kB
Mem:          3.8G       780M       3.1G       5.7M        60M       323M

MemTotal:        4016004 kB
MemFree:         3216476 kB
Active:           445052 kB
Mem:          3.8G       781M       3.1G       5.7M        60M       323M

MemTotal:        4016004 kB
MemFree:         3216460 kB
Active:           445052 kB
Mem:          3.8G       781M       3.1G       5.7M        60M       323M

MemTotal:        4016004 kB
MemFree:         3215840 kB
Active:           445024 kB
Mem:          3.8G       781M       3.1G       5.7M        60M       323M

MemTotal:        4016004 kB
MemFree:         3215824 kB
Active:           445040 kB
Mem:          3.8G       781M       3.1G       5.7M        60M       323M

MemTotal:        4016004 kB
MemFree:         3216008 kB
Active:           443008 kB
Mem:          3.8G       781M       3.1G       5.7M        60M       323M

MemTotal:        4016004 kB
MemFree:         3216192 kB
Active:           445036 kB
Mem:          3.8G       781M       3.1G       5.7M        60M       323M

MemTotal:        4016004 kB
MemFree:         3215944 kB
Active:           445028 kB
Mem:          3.8G       781M       3.1G       5.7M        60M       323M

MemTotal:        4016004 kB
MemFree:         3216688 kB
Active:           445028 kB
Mem:          3.8G       780M       3.1G       5.7M        60M       323M

MemTotal:        4016004 kB
MemFree:         3216688 kB
Active:           445068 kB
Mem:          3.8G       780M       3.1G       5.7M        60M       323M

MemTotal:        4016004 kB
MemFree:         3216796 kB
Active:           445056 kB
Mem:          3.8G       780M       3.1G       5.7M        60M       323M

MemTotal:        4016004 kB
MemFree:         3216764 kB
Active:           445052 kB
Mem:          3.8G       780M       3.1G       5.7M        60M       323M

MemTotal:        4016004 kB
MemFree:         3216500 kB
Active:           445104 kB
Mem:          3.8G       780M       3.1G       5.7M        60M       323M

MemTotal:        4016004 kB
MemFree:         3173960 kB
Active:           445984 kB
Mem:          3.8G       822M       3.0G       5.7M        60M       364M

MemTotal:        4016004 kB
MemFree:         3128820 kB
Active:           446024 kB
Mem:          3.8G       867M       3.0G       5.7M        60M       407M

MemTotal:        4016004 kB
MemFree:         3082812 kB
Active:           446004 kB
Mem:          3.8G       911M       2.9G       5.7M        60M       451M

MemTotal:        4016004 kB
MemFree:         3038340 kB
Active:           446020 kB
Mem:          3.8G       955M       2.9G       5.7M        60M       495M

MemTotal:        4016004 kB
MemFree:         2993076 kB
Active:           446020 kB
Mem:          3.8G       999M       2.9G       5.7M        60M       538M

MemTotal:        4016004 kB
MemFree:         2947472 kB
Active:           446008 kB
Mem:          3.8G       1.0G       2.8G       5.7M        60M       582M

MemTotal:        4016004 kB
MemFree:         2901480 kB
Active:           446032 kB
Mem:          3.8G       1.1G       2.8G       5.7M        60M       626M

MemTotal:        4016004 kB
MemFree:         2856136 kB
Active:           446036 kB
Mem:          3.8G       1.1G       2.7G       5.7M        60M       669M

MemTotal:        4016004 kB
MemFree:         2810528 kB
Active:           446048 kB
Mem:          3.8G       1.2G       2.7G       5.7M        60M       712M

MemTotal:        4016004 kB
MemFree:         2765140 kB
Active:           446052 kB
Mem:          3.8G       1.2G       2.6G       5.7M        60M       756M

MemTotal:        4016004 kB
MemFree:         2730220 kB
Active:           446072 kB
Mem:          3.8G       1.2G       2.6G       5.7M        60M       790M

MemTotal:        4016004 kB
MemFree:         2712488 kB
Active:           446088 kB
Mem:          3.8G       1.2G       2.6G       5.7M        60M       808M

MemTotal:        4016004 kB
MemFree:         2665260 kB
Active:           448168 kB
Mem:          3.8G       1.3G       2.5G       5.7M        60M       851M

MemTotal:        4016004 kB
MemFree:         2620744 kB
Active:           448144 kB
Mem:          3.8G       1.3G       2.5G       5.7M        60M       894M

MemTotal:        4016004 kB
MemFree:         2575688 kB
Active:           448164 kB
Mem:          3.8G       1.4G       2.5G       5.7M        60M       937M

MemTotal:        4016004 kB
MemFree:         2530208 kB
Active:           448136 kB
Mem:          3.8G       1.4G       2.4G       5.7M        60M       981M

MemTotal:        4016004 kB
MemFree:         2484976 kB
Active:           448180 kB
Mem:          3.8G       1.5G       2.4G       5.7M        60M       1.0G

MemTotal:        4016004 kB
MemFree:         2439232 kB
Active:           448184 kB
Mem:          3.8G       1.5G       2.3G       5.7M        60M       1.0G

MemTotal:        4016004 kB
MemFree:         2392404 kB
Active:           448184 kB
Mem:          3.8G       1.5G       2.3G       5.7M        60M       1.1G

MemTotal:        4016004 kB
MemFree:         2348520 kB
Active:           448184 kB
Mem:          3.8G       1.6G       2.2G       5.7M        60M       1.1G

MemTotal:        4016004 kB
MemFree:         2311312 kB
Active:           448188 kB
Mem:          3.8G       1.6G       2.2G       5.7M        60M       1.2G

MemTotal:        4016004 kB
MemFree:         2297940 kB
Active:           448200 kB
Mem:          3.8G       1.6G       2.2G       5.7M        60M       1.2G

MemTotal:        4016004 kB
MemFree:         2252724 kB
Active:           448364 kB
Mem:          3.8G       1.7G       2.1G       5.7M        60M       1.2G

MemTotal:        4016004 kB
MemFree:         2207136 kB
Active:           448364 kB
Mem:          3.8G       1.7G       2.1G       5.7M        60M       1.3G

MemTotal:        4016004 kB
MemFree:         2162152 kB
Active:           448364 kB
Mem:          3.8G       1.8G       2.1G       5.7M        60M       1.3G

MemTotal:        4016004 kB
MemFree:         2122964 kB
Active:           448376 kB
Mem:          3.8G       1.8G       2.0G       5.7M        60M       1.3G

MemTotal:        4016004 kB
MemFree:         2102464 kB
Active:           448384 kB
Mem:          3.8G       1.8G       2.0G       5.7M        60M       1.4G

MemTotal:        4016004 kB
MemFree:         2056864 kB
Active:           448380 kB
Mem:          3.8G       1.9G       2.0G       5.7M        60M       1.4G

MemTotal:        4016004 kB
MemFree:         2010816 kB
Active:           448388 kB
Mem:          3.8G       1.9G       1.9G       5.7M        60M       1.4G

MemTotal:        4016004 kB
MemFree:         1964116 kB
Active:           448392 kB
Mem:          3.8G       2.0G       1.9G       5.7M        60M       1.5G

MemTotal:        4016004 kB
MemFree:         1919504 kB
Active:           448392 kB
Mem:          3.8G       2.0G       1.8G       5.7M        60M       1.5G

MemTotal:        4016004 kB
MemFree:         1872908 kB
Active:           448392 kB
Mem:          3.8G       2.0G       1.8G       5.7M        60M       1.6G

MemTotal:        4016004 kB
MemFree:         1830280 kB
Active:           448368 kB
Mem:          3.8G       2.1G       1.7G       5.7M        60M       1.6G

MemTotal:        4016004 kB
MemFree:         1783792 kB
Active:           448396 kB
Mem:          3.8G       2.1G       1.7G       5.7M        60M       1.7G

MemTotal:        4016004 kB
MemFree:         1739916 kB
Active:           448400 kB
Mem:          3.8G       2.2G       1.7G       5.7M        60M       1.7G

MemTotal:        4016004 kB
MemFree:         1693600 kB
Active:           448416 kB
Mem:          3.8G       2.2G       1.6G       5.7M        60M       1.7G

MemTotal:        4016004 kB
MemFree:         1648484 kB
Active:           448420 kB
Mem:          3.8G       2.3G       1.6G       5.7M        60M       1.8G

MemTotal:        4016004 kB
MemFree:         1604276 kB
Active:           448388 kB
Mem:          3.8G       2.3G       1.5G       5.7M        60M       1.8G

MemTotal:        4016004 kB
MemFree:         1558424 kB
Active:           448428 kB
Mem:          3.8G       2.3G       1.5G       5.7M        60M       1.9G

MemTotal:        4016004 kB
MemFree:         1512668 kB
Active:           448432 kB
Mem:          3.8G       2.4G       1.4G       5.7M        60M       1.9G

MemTotal:        4016004 kB
MemFree:         1467004 kB
Active:           448444 kB
Mem:          3.8G       2.4G       1.4G       5.7M        60M       2.0G

MemTotal:        4016004 kB
MemFree:         1422224 kB
Active:           446544 kB
Mem:          3.8G       2.5G       1.4G       5.7M        60M       2.0G

MemTotal:        4016004 kB
MemFree:         1376468 kB
Active:           448440 kB
Mem:          3.8G       2.5G       1.3G       5.7M        60M       2.0G

MemTotal:        4016004 kB
MemFree:         1331964 kB
Active:           448412 kB
Mem:          3.8G       2.6G       1.3G       5.7M        60M       2.1G

MemTotal:        4016004 kB
MemFree:         1285220 kB
Active:           448468 kB
Mem:          3.8G       2.6G       1.2G       5.7M        60M       2.1G

MemTotal:        4016004 kB
MemFree:         1240836 kB
Active:           448468 kB
Mem:          3.8G       2.6G       1.2G       5.7M        60M       2.2G

MemTotal:        4016004 kB
MemFree:         1196364 kB
Active:           448440 kB
Mem:          3.8G       2.7G       1.1G       5.7M        60M       2.2G

MemTotal:        4016004 kB
MemFree:         1151304 kB
Active:           448468 kB
Mem:          3.8G       2.7G       1.1G       5.7M        60M       2.3G

MemTotal:        4016004 kB
MemFree:         1107808 kB
Active:           448464 kB
Mem:          3.8G       2.8G       1.1G       5.7M        60M       2.3G

MemTotal:        4016004 kB
MemFree:         1060700 kB
Active:           448484 kB
Mem:          3.8G       2.8G       1.0G       5.7M        60M       2.3G

MemTotal:        4016004 kB
MemFree:         1016336 kB
Active:           448548 kB
Mem:          3.8G       2.9G       992M       5.7M        60M       2.4G

MemTotal:        4016004 kB
MemFree:          998384 kB
Active:           446640 kB
Mem:          3.8G       2.9G       975M       5.7M        60M       2.4G

MemTotal:        4016004 kB
MemFree:          951324 kB
Active:           448576 kB
Mem:          3.8G       2.9G       928M       5.7M        60M       2.4G

MemTotal:        4016004 kB
MemFree:          905276 kB
Active:           448580 kB
Mem:          3.8G       3.0G       883M       5.7M        60M       2.5G

MemTotal:        4016004 kB
MemFree:          860588 kB
Active:           448584 kB
Mem:          3.8G       3.0G       839M       5.7M        60M       2.5G

MemTotal:        4016004 kB
MemFree:          814752 kB
Active:           448584 kB
Mem:          3.8G       3.1G       795M       5.7M        60M       2.6G

MemTotal:        4016004 kB
MemFree:          770496 kB
Active:           448584 kB
Mem:          3.8G       3.1G       752M       5.7M        60M       2.6G

MemTotal:        4016004 kB
MemFree:          724504 kB
Active:           448592 kB
Mem:          3.8G       3.1G       707M       5.7M        60M       2.7G

MemTotal:        4016004 kB
MemFree:          678528 kB
Active:           448592 kB
Mem:          3.8G       3.2G       662M       5.7M        60M       2.7G

MemTotal:        4016004 kB
MemFree:          633808 kB
Active:           448584 kB
Mem:          3.8G       3.2G       618M       5.7M        60M       2.7G

MemTotal:        4016004 kB
MemFree:          588988 kB
Active:           448600 kB
Mem:          3.8G       3.3G       574M       5.7M        60M       2.8G

MemTotal:        4016004 kB
MemFree:          544516 kB
Active:           448600 kB
Mem:          3.8G       3.3G       531M       5.7M        60M       2.8G

MemTotal:        4016004 kB
MemFree:          497968 kB
Active:           448556 kB
Mem:          3.8G       3.4G       486M       5.7M        60M       2.9G

MemTotal:        4016004 kB
MemFree:          453620 kB
Active:           448592 kB
Mem:          3.8G       3.4G       442M       5.7M        60M       2.9G

MemTotal:        4016004 kB
MemFree:          409380 kB
Active:           448604 kB
Mem:          3.8G       3.4G       399M       5.7M        60M       2.9G

MemTotal:        4016004 kB
MemFree:          363912 kB
Active:           448628 kB
Mem:          3.8G       3.5G       354M       5.7M        60M       3.0G

MemTotal:        4016004 kB
MemFree:          319084 kB
Active:           448672 kB
Mem:          3.8G       3.5G       310M       5.7M        60M       3.0G

MemTotal:        4016004 kB
MemFree:          273868 kB
Active:           448736 kB
Mem:          3.8G       3.6G       266M       5.7M        60M       3.1G

MemTotal:        4016004 kB
MemFree:          228264 kB
Active:           448736 kB
Mem:          3.8G       3.6G       222M       5.7M        60M       3.1G

MemTotal:        4016004 kB
MemFree:          182612 kB
Active:           448736 kB
Mem:          3.8G       3.7G       178M       5.7M        60M       3.2G

MemTotal:        4016004 kB
MemFree:          137972 kB
Active:           448736 kB
Mem:          3.8G       3.7G       135M       5.7M        60M       3.2G

MemTotal:        4016004 kB
MemFree:          137212 kB
Active:           450848 kB
Mem:          3.8G       3.7G       137M       5.7M        27M       3.2G

MemTotal:        4016004 kB
MemFree:          133392 kB
Active:           460872 kB
Mem:          3.8G       3.7G       129M       5.7M        27M       3.2G

MemTotal:        4016004 kB
MemFree:          134688 kB
Active:           507200 kB
Mem:          3.8G       3.7G       131M       5.7M        27M       3.2G

MemTotal:        4016004 kB
MemFree:          136780 kB
Active:           505968 kB
Mem:          3.8G       3.7G       131M       5.7M        27M       3.2G

MemTotal:        4016004 kB
MemFree:          126860 kB
Active:           497652 kB
Mem:          3.8G       3.7G       123M       5.7M        27M       3.2G

MemTotal:        4016004 kB
MemFree:          122868 kB
Active:           494220 kB
Mem:          3.8G       3.7G       119M       5.7M        27M       3.3G

MemTotal:        4016004 kB
MemFree:          113468 kB
Active:           490780 kB
Mem:          3.8G       3.7G       110M       5.7M        27M       3.3G

MemTotal:        4016004 kB
MemFree:          127208 kB
Active:           483372 kB
Mem:          3.8G       3.7G       123M       5.7M        27M       3.2G

MemTotal:        4016004 kB
MemFree:          120308 kB
Active:           479708 kB
Mem:          3.8G       3.7G       116M       5.7M        27M       3.3G

MemTotal:        4016004 kB
MemFree:          112308 kB
Active:           476256 kB
Mem:          3.8G       3.7G       108M       5.7M        27M       3.3G

MemTotal:        4016004 kB
MemFree:          124256 kB
Active:           468968 kB
Mem:          3.8G       3.7G       120M       5.7M        27M       3.2G

MemTotal:        4016004 kB
MemFree:          121792 kB
Active:           466280 kB
Mem:          3.8G       3.7G       118M       5.7M        27M       3.3G

MemTotal:        4016004 kB
MemFree:          106752 kB
Active:           463208 kB
Mem:          3.8G       3.7G       103M       5.7M        27M       3.3G

MemTotal:        4016004 kB
MemFree:          130784 kB
Active:           452328 kB
Mem:          3.8G       3.7G       127M       5.7M        27M       3.2G

MemTotal:        4016004 kB
MemFree:          121524 kB
Active:           451060 kB
Mem:          3.8G       3.7G       118M       5.7M        27M       3.3G

MemTotal:        4016004 kB
MemFree:          137572 kB
Active:           449144 kB
Mem:          3.8G       3.7G       133M       5.7M        27M       3.2G

MemTotal:        4016004 kB
MemFree:          129044 kB
Active:           447996 kB
Mem:          3.8G       3.7G       125M       5.7M        27M       3.2G

MemTotal:        4016004 kB
MemFree:          119360 kB
Active:           446848 kB
Mem:          3.8G       3.7G       116M       5.7M        27M       3.3G

MemTotal:        4016004 kB
MemFree:          123752 kB
Active:           444808 kB
Mem:          3.8G       3.7G       120M       5.7M        27M       3.2G

MemTotal:        4016004 kB
MemFree:          116124 kB
Active:           441680 kB
Mem:          3.8G       3.7G       113M       5.7M        27M       3.3G

MemTotal:        4016004 kB
MemFree:          108028 kB
Active:           442508 kB
Mem:          3.8G       3.7G       105M       5.7M        27M       3.3G

MemTotal:        4016004 kB
MemFree:          132584 kB
Active:           440352 kB
Mem:          3.8G       3.7G       129M       5.7M        27M       3.2G

MemTotal:        4016004 kB
MemFree:          124384 kB
Active:           439168 kB
Mem:          3.8G       3.7G       120M       5.7M        27M       3.2G

MemTotal:        4016004 kB
MemFree:          107448 kB
Active:           436068 kB
Mem:          3.8G       3.7G       104M       5.7M        27M       3.3G

MemTotal:        4016004 kB
MemFree:          135140 kB
Active:           427828 kB
Mem:          3.8G       3.7G       132M       5.7M        27M       3.2G

MemTotal:        4016004 kB
MemFree:          143092 kB
Active:           425776 kB
Mem:          3.8G       3.7G       138M       5.7M        27M       3.2G

MemTotal:        4016004 kB
MemFree:          134104 kB
Active:           424764 kB
Mem:          3.8G       3.7G       131M       5.7M        27M       3.2G

MemTotal:        4016004 kB
MemFree:          126964 kB
Active:           423624 kB
Mem:          3.8G       3.7G       123M       5.7M        27M       3.2G

MemTotal:        4016004 kB
MemFree:          117092 kB
Active:           422456 kB
Mem:          3.8G       3.7G       113M       5.7M        27M       3.3G

MemTotal:        4016004 kB
MemFree:          122416 kB
Active:           418648 kB
Mem:          3.8G       3.7G       119M       5.7M        27M       3.2G

MemTotal:        4016004 kB
MemFree:          114820 kB
Active:           420420 kB
Mem:          3.8G       3.7G       111M       5.7M        27M       3.3G

MemTotal:        4016004 kB
MemFree:          116572 kB
Active:           418500 kB
Mem:          3.8G       3.7G       113M       5.7M        27M       3.3G

MemTotal:        4016004 kB
MemFree:          124712 kB
Active:           416580 kB
Mem:          3.8G       3.7G       121M       5.7M        27M       3.2G

MemTotal:        4016004 kB
MemFree:          115348 kB
Active:           415428 kB
Mem:          3.8G       3.7G       112M       5.7M        27M       3.3G

MemTotal:        4016004 kB
MemFree:          108516 kB
Active:           414124 kB
Mem:          3.8G       3.7G       105M       5.7M        27M       3.3G

MemTotal:        4016004 kB
MemFree:          135492 kB
Active:           411996 kB
Mem:          3.8G       3.7G       131M       5.7M        27M       3.2G

MemTotal:        4016004 kB
MemFree:          125352 kB
Active:           410844 kB
Mem:          3.8G       3.7G       122M       5.7M        27M       3.2G

MemTotal:        4016004 kB
MemFree:          134356 kB
Active:           408928 kB
Mem:          3.8G       3.7G       130M       5.7M        27M       3.2G

MemTotal:        4016004 kB
MemFree:          126412 kB
Active:           407632 kB
Mem:          3.8G       3.7G       122M       5.7M        27M       3.2G

MemTotal:        4016004 kB
MemFree:          116552 kB
Active:           406508 kB
Mem:          3.8G       3.7G       113M       5.7M        27M       3.3G

MemTotal:        4016004 kB
MemFree:          119524 kB
Active:           404584 kB
Mem:          3.8G       3.7G       116M       5.7M        27M       3.3G

MemTotal:        4016004 kB
MemFree:          111144 kB
Active:           403444 kB
Mem:          3.8G       3.7G       108M       5.7M        27M       3.3G

MemTotal:        4016004 kB
MemFree:          126140 kB
Active:           401652 kB
Mem:          3.8G       3.7G       122M       5.7M        27M       3.2G

MemTotal:        4016004 kB
MemFree:          116504 kB
Active:           400512 kB
Mem:          3.8G       3.7G       112M       5.7M        27M       3.3G

MemTotal:        4016004 kB
MemFree:          120244 kB
Active:           398792 kB
Mem:          3.8G       3.7G       116M       5.7M        27M       3.3G

MemTotal:        4016004 kB
MemFree:          127620 kB
Active:           396680 kB
Mem:          3.8G       3.7G       124M       5.7M        27M       3.2G

MemTotal:        4016004 kB
MemFree:          144460 kB
Active:           394632 kB
Mem:          3.8G       3.7G       140M       5.7M        27M       3.2G

MemTotal:        4016004 kB
MemFree:          124524 kB
Active:           394004 kB
Mem:          3.8G       3.7G       121M       5.7M        27M       3.2G

MemTotal:        4016004 kB
MemFree:          126356 kB
Active:           392344 kB
Mem:          3.8G       3.7G       123M       5.7M        27M       3.2G

MemTotal:        4016004 kB
MemFree:          128544 kB
Active:           390428 kB
Mem:          3.8G       3.7G       125M       5.7M        27M       3.2G

MemTotal:        4016004 kB
MemFree:          119700 kB
Active:           389288 kB
Mem:          3.8G       3.7G       117M       5.7M        27M       3.3G

MemTotal:        4016004 kB
MemFree:          111452 kB
Active:           388128 kB
Mem:          3.8G       3.7G       108M       5.7M        27M       3.3G

MemTotal:        4016004 kB
MemFree:          125932 kB
Active:           386220 kB
Mem:          3.8G       3.7G       122M       5.7M        27M       3.2G

MemTotal:        4016004 kB
MemFree:          134616 kB
Active:           385456 kB
Mem:          3.8G       3.7G       131M       5.7M        27M       3.2G

MemTotal:        4016004 kB
MemFree:          135500 kB
Active:           385456 kB
Mem:          3.8G       3.7G       132M       5.7M        27M       3.2G

MemTotal:        4016004 kB
MemFree:          127248 kB
Active:           385456 kB
Mem:          3.8G       3.7G       124M       5.7M        27M       3.2G

MemTotal:        4016004 kB
MemFree:          129200 kB
Active:           385468 kB
Mem:          3.8G       3.7G       126M       5.7M        27M       3.2G

MemTotal:        4016004 kB
MemFree:          139960 kB
Active:           385476 kB
Mem:          3.8G       3.7G       136M       5.7M        27M       3.2G

MemTotal:        4016004 kB
MemFree:          131480 kB
Active:           385480 kB
Mem:          3.8G       3.7G       128M       5.7M        27M       3.2G

MemTotal:        4016004 kB
MemFree:          117744 kB
Active:           385464 kB
Mem:          3.8G       3.7G       114M       5.7M        27M       3.3G

MemTotal:        4016004 kB
MemFree:          108756 kB
Active:           385080 kB
Mem:          3.8G       3.7G       105M       5.7M        27M       3.3G

MemTotal:        4016004 kB
MemFree:          117288 kB
Active:           385092 kB
Mem:          3.8G       3.7G       114M       5.7M        27M       3.3G

MemTotal:        4016004 kB
MemFree:          108552 kB
Active:           384916 kB
Mem:          3.8G       3.7G       106M       5.7M        27M       3.3G

MemTotal:        4016004 kB
MemFree:          136640 kB
Active:           384924 kB
Mem:          3.8G       3.7G       132M       5.7M        27M       3.2G

MemTotal:        4016004 kB
MemFree:          108096 kB
Active:           384928 kB
Mem:          3.8G       3.7G       105M       5.7M        27M       3.3G

MemTotal:        4016004 kB
MemFree:          134776 kB
Active:           384928 kB
Mem:          3.8G       3.7G       131M       5.7M        27M       3.2G

MemTotal:        4016004 kB
MemFree:          132920 kB
Active:           384916 kB
Mem:          3.8G       3.7G       129M       5.7M        27M       3.2G

MemTotal:        4016004 kB
MemFree:          125156 kB
Active:           384940 kB
Mem:          3.8G       3.7G       121M       5.7M        27M       3.2G

MemTotal:        4016004 kB
MemFree:          127996 kB
Active:           384844 kB
Mem:          3.8G       3.7G       124M       5.7M        27M       3.2G

MemTotal:        4016004 kB
MemFree:          108492 kB
Active:           385456 kB
Mem:          3.8G       3.7G       105M       5.7M        27M       3.3G

MemTotal:        4016004 kB
MemFree:          127552 kB
Active:           385076 kB
Mem:          3.8G       3.7G       124M       5.7M        27M       3.2G

MemTotal:        4016004 kB
MemFree:          112712 kB
Active:           385080 kB
Mem:          3.8G       3.7G       109M       5.7M        27M       3.3G

MemTotal:        4016004 kB
MemFree:          127180 kB
Active:           384972 kB
Mem:          3.8G       3.7G       124M       5.7M        27M       3.2G

MemTotal:        4016004 kB
MemFree:          112528 kB
Active:           384976 kB
Mem:          3.8G       3.7G       109M       5.7M        27M       3.3G

MemTotal:        4016004 kB
MemFree:          116684 kB
Active:           384980 kB
Mem:          3.8G       3.7G       113M       5.7M        27M       3.3G

MemTotal:        4016004 kB
MemFree:          113040 kB
Active:           384976 kB
Mem:          3.8G       3.7G       110M       5.7M        27M       3.3G

MemTotal:        4016004 kB
MemFree:          127716 kB
Active:           384980 kB
Mem:          3.8G       3.7G       124M       5.7M        27M       3.2G

MemTotal:        4016004 kB
MemFree:          105284 kB
Active:           384840 kB
Mem:          3.8G       3.7G       102M       5.7M        27M       3.3G

MemTotal:        4016004 kB
MemFree:          134284 kB
Active:           384688 kB
Mem:          3.8G       3.7G       130M       5.7M        27M       3.2G

MemTotal:        4016004 kB
MemFree:          125688 kB
Active:           384684 kB
Mem:          3.8G       3.7G       122M       5.7M        27M       3.2G

MemTotal:        4016004 kB
MemFree:          127724 kB
Active:           384700 kB
Mem:          3.8G       3.7G       124M       5.7M        27M       3.2G

MemTotal:        4016004 kB
MemFree:          107328 kB
Active:           384552 kB
Mem:          3.8G       3.7G       104M       5.7M        27M       3.3G

MemTotal:        4016004 kB
MemFree:          135148 kB
Active:           384412 kB
Mem:          3.8G       3.7G       132M       5.7M        27M       3.2G

MemTotal:        4016004 kB
MemFree:          125980 kB
Active:           384388 kB
Mem:          3.8G       3.7G       123M       5.7M        27M       3.2G

MemTotal:        4016004 kB
MemFree:          131236 kB
Active:           384368 kB
Mem:          3.8G       3.7G       128M       5.7M        27M       3.2G

MemTotal:        4016004 kB
MemFree:          138804 kB
Active:           384404 kB
Mem:          3.8G       3.7G       135M       5.7M        27M       3.2G

MemTotal:        4016004 kB
MemFree:          131244 kB
Active:           384388 kB
Mem:          3.8G       3.7G       127M       5.7M        27M       3.2G

MemTotal:        4016004 kB
MemFree:          123440 kB
Active:           384392 kB
Mem:          3.8G       3.7G       120M       5.7M        27M       3.2G

MemTotal:        4016004 kB
MemFree:          130592 kB
Active:           384376 kB
Mem:          3.8G       3.7G       127M       5.7M        27M       3.2G

MemTotal:        4016004 kB
MemFree:          121680 kB
Active:           386184 kB
Mem:          3.8G       3.7G       118M       5.7M        27M       3.2G

MemTotal:        4016004 kB
MemFree:          112376 kB
Active:           386012 kB
Mem:          3.8G       3.7G       109M       5.7M        27M       3.3G

MemTotal:        4016004 kB
MemFree:          125816 kB
Active:           381696 kB
Mem:          3.8G       3.7G       122M       5.7M        27M       3.2G

MemTotal:        4016004 kB
MemFree:          115276 kB
Active:           381688 kB
Mem:          3.8G       3.7G       112M       5.7M        27M       3.2G

MemTotal:        4016004 kB
MemFree:          108092 kB
Active:           381684 kB
Mem:          3.8G       3.7G       105M       5.7M        27M       3.3G

MemTotal:        4016004 kB
MemFree:          119948 kB
Active:           381728 kB
Mem:          3.8G       3.7G       117M       5.7M        27M       3.2G

MemTotal:        4016004 kB
MemFree:          133968 kB
Active:           381684 kB
Mem:          3.8G       3.7G       130M       5.7M        27M       3.2G

MemTotal:        4016004 kB
MemFree:          127264 kB
Active:           381740 kB
Mem:          3.8G       3.7G       123M       5.7M        27M       3.2G

MemTotal:        4016004 kB
MemFree:          107012 kB
Active:           381744 kB
Mem:          3.8G       3.7G       104M       5.7M        27M       3.3G

MemTotal:        4016004 kB
MemFree:          110996 kB
Active:           381744 kB
Mem:          3.8G       3.7G       108M       5.7M        27M       3.3G

MemTotal:        4016004 kB
MemFree:          130216 kB
Active:           379028 kB
Mem:          3.8G       3.7G       127M       5.7M        27M       3.2G

MemTotal:        4016004 kB
MemFree:          123548 kB
Active:           378820 kB
Mem:          3.8G       3.7G       120M       5.7M        27M       3.2G

MemTotal:        4016004 kB
MemFree:          108808 kB
Active:           378844 kB
Mem:          3.8G       3.7G       106M       5.7M        27M       3.3G

MemTotal:        4016004 kB
MemFree:          125524 kB
Active:           378856 kB
Mem:          3.8G       3.7G       122M       5.7M        27M       3.2G

MemTotal:        4016004 kB
MemFree:          134612 kB
Active:           378860 kB
Mem:          3.8G       3.7G       131M       5.7M        27M       3.2G

MemTotal:        4016004 kB
MemFree:          129980 kB
Active:           378876 kB
Mem:          3.8G       3.7G       126M       5.7M        27M       3.2G

MemTotal:        4016004 kB
MemFree:          133668 kB
Active:           378868 kB
Mem:          3.8G       3.7G       130M       5.7M        27M       3.2G

MemTotal:        4016004 kB
MemFree:          146424 kB
Active:           378876 kB
Mem:          3.8G       3.7G       142M       5.7M        27M       3.2G

MemTotal:        4016004 kB
MemFree:          146800 kB
Active:           378888 kB
Mem:          3.8G       3.7G       143M       5.7M        27M       3.2G

MemTotal:        4016004 kB
MemFree:          107464 kB
Active:           378900 kB
Mem:          3.8G       3.7G       104M       5.7M        27M       3.3G

MemTotal:        4016004 kB
MemFree:          136124 kB
Active:           377748 kB
Mem:          3.8G       3.7G       132M       5.7M        27M       3.2G

MemTotal:        4016004 kB
MemFree:          127040 kB
Active:           377592 kB
Mem:          3.8G       3.7G       123M       5.7M        27M       3.2G

MemTotal:        4016004 kB
MemFree:          130272 kB
Active:           377572 kB
Mem:          3.8G       3.7G       126M       5.7M        27M       3.2G

MemTotal:        4016004 kB
MemFree:          132752 kB
Active:           377628 kB
Mem:          3.8G       3.7G       129M       5.7M        27M       3.2G

MemTotal:        4016004 kB
MemFree:          141840 kB
Active:           377564 kB
Mem:          3.8G       3.7G       138M       5.7M        27M       3.2G

MemTotal:        4016004 kB
MemFree:          132636 kB
Active:           377608 kB
Mem:          3.8G       3.7G       129M       5.7M        27M       3.2G

MemTotal:        4016004 kB
MemFree:          123356 kB
Active:           377600 kB
Mem:          3.8G       3.7G       120M       5.7M        27M       3.2G

MemTotal:        4016004 kB
MemFree:          133112 kB
Active:           377616 kB
Mem:          3.8G       3.7G       129M       5.7M        27M       3.2G

MemTotal:        4016004 kB
MemFree:          125128 kB
Active:           377644 kB
Mem:          3.8G       3.7G       121M       5.7M        27M       3.2G

MemTotal:        4016004 kB
MemFree:          131332 kB
Active:           377656 kB
Mem:          3.8G       3.7G       127M       5.7M        27M       3.2G

MemTotal:        4016004 kB
MemFree:          125224 kB
Active:           375880 kB
Mem:          3.8G       3.7G       122M       5.7M        27M       3.2G

MemTotal:        4016004 kB
MemFree:          117428 kB
Active:           375868 kB
Mem:          3.8G       3.7G       113M       5.7M        27M       3.2G

MemTotal:        4016004 kB
MemFree:          108876 kB
Active:           375880 kB
Mem:          3.8G       3.7G       106M       5.7M        27M       3.3G

MemTotal:        4016004 kB
MemFree:          112488 kB
Active:           375884 kB
Mem:          3.8G       3.7G       110M       5.7M        27M       3.2G

MemTotal:        4016004 kB
MemFree:          121940 kB
Active:           375888 kB
Mem:          3.8G       3.7G       119M       5.7M        27M       3.2G

MemTotal:        4016004 kB
MemFree:          115396 kB
Active:           375888 kB
Mem:          3.8G       3.7G       112M       5.7M        27M       3.2G

MemTotal:        4016004 kB
MemFree:          122988 kB
Active:           375888 kB
Mem:          3.8G       3.7G       119M       5.7M        27M       3.2G

MemTotal:        4016004 kB
MemFree:          115064 kB
Active:           375888 kB
Mem:          3.8G       3.7G       112M       5.7M        27M       3.2G

MemTotal:        4016004 kB
MemFree:          106428 kB
Active:           375896 kB
Mem:          3.8G       3.7G       103M       5.7M        27M       3.3G

MemTotal:        4016004 kB
MemFree:          135936 kB
Active:           374464 kB
Mem:          3.8G       3.7G       133M       5.7M        27M       3.2G

MemTotal:        4016004 kB
MemFree:          106444 kB
Active:           376468 kB
Mem:          3.8G       3.7G       103M       5.7M        27M       3.3G

MemTotal:        4016004 kB
MemFree:          124052 kB
Active:           366608 kB
Mem:          3.8G       3.7G       121M       5.7M        27M       3.2G

MemTotal:        4016004 kB
MemFree:          115092 kB
Active:           366584 kB
Mem:          3.8G       3.7G       112M       5.7M        27M       3.2G

MemTotal:        4016004 kB
MemFree:          106540 kB
Active:           366628 kB
Mem:          3.8G       3.7G       104M       5.7M        27M       3.3G

MemTotal:        4016004 kB
MemFree:          142604 kB
Active:           366608 kB
Mem:          3.8G       3.7G       139M       5.7M        27M       3.2G

MemTotal:        4016004 kB
MemFree:          134176 kB
Active:           366584 kB
Mem:          3.8G       3.7G       130M       5.7M        27M       3.2G

MemTotal:        4016004 kB
MemFree:          125004 kB
Active:           366632 kB
Mem:          3.8G       3.7G       122M       5.7M        27M       3.2G

MemTotal:        4016004 kB
MemFree:          140940 kB
Active:           366640 kB
Mem:          3.8G       3.7G       136M       5.7M        27M       3.2G

MemTotal:        4016004 kB
MemFree:          131936 kB
Active:           364660 kB
Mem:          3.8G       3.7G       128M       5.7M        27M       3.2G

MemTotal:        4016004 kB
MemFree:          124192 kB
Active:           366136 kB
Mem:          3.8G       3.7G       121M       5.7M        27M       3.2G

MemTotal:        4016004 kB
MemFree:          129656 kB
Active:           365980 kB
Mem:          3.8G       3.7G       126M       5.7M        27M       3.2G

MemTotal:        4016004 kB
MemFree:          116368 kB
Active:           366012 kB
Mem:          3.8G       3.7G       113M       5.7M        27M       3.2G

MemTotal:        4016004 kB
MemFree:          115980 kB
Active:           365988 kB
Mem:          3.8G       3.7G       112M       5.7M        27M       3.2G

MemTotal:        4016004 kB
MemFree:          115772 kB
Active:           366060 kB
Mem:          3.8G       3.7G       113M       5.7M        27M       3.2G

MemTotal:        4016004 kB
MemFree:          113672 kB
Active:           366060 kB
Mem:          3.8G       3.7G       111M       5.7M        27M       3.2G

MemTotal:        4016004 kB
MemFree:          107640 kB
Active:           364076 kB
Mem:          3.8G       3.7G       105M       5.7M        27M       3.3G

MemTotal:        4016004 kB
MemFree:          107268 kB
Active:           363952 kB
Mem:          3.8G       3.7G       104M       5.7M        27M       3.3G

MemTotal:        4016004 kB
MemFree:          135312 kB
Active:           363968 kB
Mem:          3.8G       3.7G       131M       5.7M        27M       3.2G

MemTotal:        4016004 kB
MemFree:          105332 kB
Active:           366048 kB
Mem:          3.8G       3.7G       102M       5.7M        27M       3.3G

MemTotal:        4016004 kB
MemFree:          130888 kB
Active:           365128 kB
Mem:          3.8G       3.7G       127M       5.7M        27M       3.2G

MemTotal:        4016004 kB
MemFree:          122092 kB
Active:           364956 kB
Mem:          3.8G       3.7G       118M       5.7M        27M       3.2G

MemTotal:        4016004 kB
MemFree:          131192 kB
Active:           364972 kB
Mem:          3.8G       3.7G       128M       5.7M        27M       3.2G

MemTotal:        4016004 kB
MemFree:          122804 kB
Active:           364960 kB
Mem:          3.8G       3.7G       119M       5.7M        27M       3.2G

MemTotal:        4016004 kB
MemFree:          113156 kB
Active:           365008 kB
Mem:          3.8G       3.7G       110M       5.7M        27M       3.2G

MemTotal:        4016004 kB
MemFree:          135748 kB
Active:           365008 kB
Mem:          3.8G       3.7G       132M       5.7M        27M       3.2G

MemTotal:        4016004 kB
MemFree:          121068 kB
Active:           365004 kB
Mem:          3.8G       3.7G       117M       5.7M        27M       3.2G

MemTotal:        4016004 kB
MemFree:          131644 kB
Active:           365000 kB
Mem:          3.8G       3.7G       127M       5.7M        27M       3.2G

MemTotal:        4016004 kB
MemFree:          122840 kB
Active:           365028 kB
Mem:          3.8G       3.7G       120M       5.7M        27M       3.2G

MemTotal:        4016004 kB
MemFree:          116616 kB
Active:           362376 kB
Mem:          3.8G       3.7G       114M       5.7M        27M       3.2G

MemTotal:        4016004 kB
MemFree:          110696 kB
Active:           362380 kB
Mem:          3.8G       3.7G       107M       5.7M        27M       3.2G

MemTotal:        4016004 kB
MemFree:          126280 kB
Active:           362384 kB
Mem:          3.8G       3.7G       123M       5.7M        27M       3.2G

MemTotal:        4016004 kB
MemFree:          105668 kB
Active:           362392 kB
Mem:          3.8G       3.7G       103M       5.7M        27M       3.3G

MemTotal:        4016004 kB
MemFree:          112624 kB
Active:           362348 kB
Mem:          3.8G       3.7G       110M       5.7M        27M       3.2G

MemTotal:        4016004 kB
MemFree:          110312 kB
Active:           362384 kB
Mem:          3.8G       3.7G       107M       5.7M        27M       3.2G

MemTotal:        4016004 kB
MemFree:          112092 kB
Active:           362412 kB
Mem:          3.8G       3.7G       108M       5.7M        27M       3.2G

MemTotal:        4016004 kB
MemFree:          114752 kB
Active:           362412 kB
Mem:          3.8G       3.7G       111M       5.7M        27M       3.2G

MemTotal:        4016004 kB
MemFree:          140304 kB
Active:           362360 kB
Mem:          3.8G       3.7G       136M       5.7M        27M       3.2G

MemTotal:        4016004 kB
MemFree:          139868 kB
Active:           362384 kB
Mem:          3.8G       3.7G       136M       5.7M        27M       3.2G

MemTotal:        4016004 kB
MemFree:          139656 kB
Active:           362380 kB
Mem:          3.8G       3.7G       136M       5.7M        27M       3.2G

MemTotal:        4016004 kB
MemFree:          127960 kB
Active:           362400 kB
Mem:          3.8G       3.7G       125M       5.7M        27M       3.2G

MemTotal:        4016004 kB
MemFree:          106904 kB
Active:           362436 kB
Mem:          3.8G       3.7G       104M       5.7M        27M       3.2G

MemTotal:        4016004 kB
MemFree:          116960 kB
Active:           362384 kB
Mem:          3.8G       3.7G       113M       5.7M        27M       3.2G

MemTotal:        4016004 kB
MemFree:          107688 kB
Active:           362392 kB
Mem:          3.8G       3.7G       104M       5.7M        27M       3.2G

MemTotal:        4016004 kB
MemFree:          135380 kB
Active:           362408 kB
Mem:          3.8G       3.7G       132M       5.7M        27M       3.2G

MemTotal:        4016004 kB
MemFree:          130328 kB
Active:           359140 kB
Mem:          3.8G       3.7G       127M       5.7M        27M       3.2G

MemTotal:        4016004 kB
MemFree:          104784 kB
Active:           358988 kB
Mem:          3.8G       3.7G       108M       5.7M        27M       3.2G

MemTotal:        4016004 kB
MemFree:          107292 kB
Active:           358988 kB
Mem:          3.8G       3.7G       104M       5.7M        27M       3.2G

MemTotal:        4016004 kB
MemFree:          128460 kB
Active:           358992 kB
Mem:          3.8G       3.7G       125M       5.7M        27M       3.2G

MemTotal:        4016004 kB
MemFree:          133448 kB
Active:           359000 kB
Mem:          3.8G       3.7G       130M       5.7M        27M       3.2G

MemTotal:        4016004 kB
MemFree:          105652 kB
Active:           359016 kB
Mem:          3.8G       3.7G       102M       5.7M        27M       3.3G

MemTotal:        4016004 kB
MemFree:          131620 kB
Active:           359028 kB
Mem:          3.8G       3.7G       128M       5.7M        27M       3.2G

MemTotal:        4016004 kB
MemFree:          123532 kB
Active:           358988 kB
Mem:          3.8G       3.7G       120M       5.7M        27M       3.2G

MemTotal:        4016004 kB
MemFree:          114848 kB
Active:           359028 kB
Mem:          3.8G       3.7G       111M       5.7M        27M       3.2G

MemTotal:        4016004 kB
MemFree:          118464 kB
Active:           359012 kB
Mem:          3.8G       3.7G       115M       5.7M        27M       3.2G

MemTotal:        4016004 kB
MemFree:          109380 kB
Active:           359032 kB
Mem:          3.8G       3.7G       106M       5.7M        27M       3.2G

MemTotal:        4016004 kB
MemFree:          125212 kB
Active:           359020 kB
Mem:          3.8G       3.7G       121M       5.7M        27M       3.2G

MemTotal:        4016004 kB
MemFree:          104832 kB
Active:           359036 kB
Mem:          3.8G       3.7G       102M       5.7M        27M       3.2G

MemTotal:        4016004 kB
MemFree:          133640 kB
Active:           358892 kB
Mem:          3.8G       3.7G       129M       5.7M        27M       3.2G

MemTotal:        4016004 kB
MemFree:          127000 kB
Active:           358916 kB
Mem:          3.8G       3.7G       132M       5.7M        27M       3.2G

MemTotal:        4016004 kB
MemFree:          127436 kB
Active:           358920 kB
Mem:          3.8G       3.7G       124M       5.7M        27M       3.2G

MemTotal:        4016004 kB
MemFree:          131456 kB
Active:           354928 kB
Mem:          3.8G       3.7G       128M       5.7M        27M       3.2G

MemTotal:        4016004 kB
MemFree:          129056 kB
Active:           354748 kB
Mem:          3.8G       3.7G       125M       5.7M        27M       3.2G

MemTotal:        4016004 kB
MemFree:          135628 kB
Active:           354756 kB
Mem:          3.8G       3.7G       132M       5.7M        27M       3.2G

MemTotal:        4016004 kB
MemFree:          122536 kB
Active:           354764 kB
Mem:          3.8G       3.7G       119M       5.7M        27M       3.2G

MemTotal:        4016004 kB
MemFree:          113512 kB
Active:           354768 kB
Mem:          3.8G       3.7G       110M       5.7M        27M       3.2G

MemTotal:        4016004 kB
MemFree:          106472 kB
Active:           354776 kB
Mem:          3.8G       3.7G       103M       5.7M        27M       3.2G

MemTotal:        4016004 kB
MemFree:          110656 kB
Active:           354476 kB
Mem:          3.8G       3.7G       108M       5.7M        27M       3.2G

MemTotal:        4016004 kB
MemFree:          111400 kB
Active:           354464 kB
Mem:          3.8G       3.7G       108M       5.7M        27M       3.2G

MemTotal:        4016004 kB
MemFree:          111276 kB
Active:           354456 kB
Mem:          3.8G       3.7G       108M       5.7M        27M       3.2G

MemTotal:        4016004 kB
MemFree:          111028 kB
Active:           354476 kB
Mem:          3.8G       3.7G       108M       5.7M        27M       3.2G

MemTotal:        4016004 kB
MemFree:          110780 kB
Active:           354476 kB
Mem:          3.8G       3.7G       108M       5.7M        27M       3.2G

MemTotal:        4016004 kB
MemFree:          110780 kB
Active:           354472 kB
Mem:          3.8G       3.7G       108M       5.7M        27M       3.2G

MemTotal:        4016004 kB
MemFree:          110780 kB
Active:           354472 kB
Mem:          3.8G       3.7G       108M       5.7M        27M       3.2G

MemTotal:        4016004 kB
MemFree:          110780 kB
Active:           354476 kB
Mem:          3.8G       3.7G       108M       5.7M        27M       3.2G

MemTotal:        4016004 kB
MemFree:          110780 kB
Active:           354480 kB
Mem:          3.8G       3.7G       107M       5.7M        27M       3.2G

MemTotal:        4016004 kB
MemFree:          110780 kB
Active:           354464 kB
Mem:          3.8G       3.7G       108M       5.7M        27M       3.2G

MemTotal:        4016004 kB
MemFree:          110780 kB
Active:           354448 kB
Mem:          3.8G       3.7G       108M       5.7M        27M       3.2G

MemTotal:        4016004 kB
MemFree:          110408 kB
Active:           354488 kB
Mem:          3.8G       3.7G       108M       5.7M        27M       3.2G

MemTotal:        4016004 kB
MemFree:          110780 kB
Active:           354468 kB
Mem:          3.8G       3.7G       107M       5.7M        27M       3.2G

MemTotal:        4016004 kB
MemFree:          110780 kB
Active:           354448 kB
Mem:          3.8G       3.7G       108M       5.7M        27M       3.2G

MemTotal:        4016004 kB
MemFree:          110532 kB
Active:           354440 kB
Mem:          3.8G       3.7G       107M       5.7M        27M       3.2G

MemTotal:        4016004 kB
MemFree:          110532 kB
Active:           354480 kB
Mem:          3.8G       3.7G       107M       5.7M        27M       3.2G

MemTotal:        4016004 kB
MemFree:          110532 kB
Active:           354472 kB
Mem:          3.8G       3.7G       107M       5.7M        27M       3.2G

MemTotal:        4016004 kB
MemFree:          110408 kB
Active:           354456 kB
Mem:          3.8G       3.7G       107M       5.7M        27M       3.2G

MemTotal:        4016004 kB
MemFree:          110408 kB
Active:           354488 kB
Mem:          3.8G       3.7G       108M       5.7M        27M       3.2G

MemTotal:        4016004 kB
MemFree:          110284 kB
Active:           354496 kB
Mem:          3.8G       3.7G       107M       5.7M        27M       3.2G

MemTotal:        4016004 kB
MemFree:          110780 kB
Active:           354460 kB
Mem:          3.8G       3.7G       108M       5.7M        27M       3.2G

MemTotal:        4016004 kB
MemFree:          110656 kB
Active:           354444 kB
Mem:          3.8G       3.7G       108M       5.7M        27M       3.2G

MemTotal:        4016004 kB
MemFree:          110532 kB
Active:           354500 kB
Mem:          3.8G       3.7G       107M       5.7M        27M       3.2G

MemTotal:        4016004 kB
MemFree:          110780 kB
Active:           354468 kB
Mem:          3.8G       3.7G       108M       5.7M        27M       3.2G

MemTotal:        4016004 kB
MemFree:          110304 kB
Active:           354508 kB
Mem:          3.8G       3.7G       107M       5.7M        27M       3.2G

MemTotal:        4016004 kB
MemFree:          110428 kB
Active:           354520 kB
Mem:          3.8G       3.7G       107M       5.7M        27M       3.2G

MemTotal:        4016004 kB
MemFree:          110556 kB
Active:           354500 kB
Mem:          3.8G       3.7G       107M       5.7M        27M       3.2G

MemTotal:        4016004 kB
MemFree:          110408 kB
Active:           354524 kB
Mem:          3.8G       3.7G       107M       5.7M        27M       3.2G

MemTotal:        4016004 kB
MemFree:          110844 kB
Active:           354516 kB
Mem:          3.8G       3.7G       108M       5.7M        27M       3.2G

MemTotal:        4016004 kB
MemFree:          110720 kB
Active:           354508 kB
Mem:          3.8G       3.7G       108M       5.7M        27M       3.2G

MemTotal:        4016004 kB
MemFree:          110224 kB
Active:           354536 kB
Mem:          3.8G       3.7G       107M       5.7M        27M       3.2G

MemTotal:        4016004 kB
MemFree:          110100 kB
Active:           354540 kB
Mem:          3.8G       3.7G       107M       5.7M        27M       3.2G

MemTotal:        4016004 kB
MemFree:          110472 kB
Active:           354528 kB
Mem:          3.8G       3.7G       107M       5.7M        27M       3.2G

MemTotal:        4016004 kB
MemFree:          110472 kB
Active:           354516 kB
Mem:          3.8G       3.7G       107M       5.7M        27M       3.2G

MemTotal:        4016004 kB
MemFree:          110472 kB
Active:           354496 kB
Mem:          3.8G       3.7G       107M       5.7M        27M       3.2G

MemTotal:        4016004 kB
MemFree:          110720 kB
Active:           354528 kB
Mem:          3.8G       3.7G       108M       5.7M        27M       3.2G

MemTotal:        4016004 kB
MemFree:          110596 kB
Active:           354524 kB
Mem:          3.8G       3.7G       108M       5.7M        27M       3.2G

MemTotal:        4016004 kB
MemFree:          110720 kB
Active:           354496 kB
Mem:          3.8G       3.7G       108M       5.7M        27M       3.2G

MemTotal:        4016004 kB
MemFree:          110348 kB
Active:           354560 kB
Mem:          3.8G       3.7G       107M       5.7M        27M       3.2G

MemTotal:        4016004 kB
MemFree:          108672 kB
Active:           354528 kB
Mem:          3.8G       3.7G       106M       5.7M        27M       3.2G

MemTotal:        4016004 kB
MemFree:          108548 kB
Active:           356528 kB
Mem:          3.8G       3.7G       106M       5.7M        27M       3.2G

MemTotal:        4016004 kB
MemFree:          108424 kB
Active:           356536 kB
Mem:          3.8G       3.7G       105M       5.7M        27M       3.2G

MemTotal:        4016004 kB
MemFree:          108424 kB
Active:           356536 kB
Mem:          3.8G       3.7G       105M       5.7M        27M       3.2G

MemTotal:        4016004 kB
MemFree:          108548 kB
Active:           356560 kB
Mem:          3.8G       3.7G       105M       5.7M        27M       3.2G

MemTotal:        4016004 kB
MemFree:          108424 kB
Active:           356564 kB
Mem:          3.8G       3.7G       105M       5.7M        27M       3.2G

MemTotal:        4016004 kB
MemFree:          108176 kB
Active:           356592 kB
Mem:          3.8G       3.7G       105M       5.7M        27M       3.2G

MemTotal:        4016004 kB
MemFree:          108672 kB
Active:           356584 kB
Mem:          3.8G       3.7G       105M       5.7M        27M       3.2G

MemTotal:        4016004 kB
MemFree:          108548 kB
Active:           356536 kB
Mem:          3.8G       3.7G       106M       5.7M        27M       3.2G

MemTotal:        4016004 kB
MemFree:          108548 kB
Active:           356556 kB
Mem:          3.8G       3.7G       105M       5.7M        27M       3.2G

MemTotal:        4016004 kB
MemFree:          108424 kB
Active:           356564 kB
Mem:          3.8G       3.7G       105M       5.7M        27M       3.2G

MemTotal:        4016004 kB
MemFree:          108548 kB
Active:           356548 kB
Mem:          3.8G       3.7G       105M       5.7M        27M       3.2G

MemTotal:        4016004 kB
MemFree:          108548 kB
Active:           356584 kB
Mem:          3.8G       3.7G       105M       5.7M        27M       3.2G

MemTotal:        4016004 kB
MemFree:          108548 kB
Active:           356548 kB
Mem:          3.8G       3.7G       106M       5.7M        27M       3.2G

MemTotal:        4016004 kB
MemFree:          108672 kB
Active:           356584 kB
Mem:          3.8G       3.7G       105M       5.7M        27M       3.2G

MemTotal:        4016004 kB
MemFree:          108548 kB
Active:           356580 kB
Mem:          3.8G       3.7G       106M       5.7M        27M       3.2G

MemTotal:        4016004 kB
MemFree:          108548 kB
Active:           356556 kB
Mem:          3.8G       3.7G       106M       5.7M        27M       3.2G

MemTotal:        4016004 kB
MemFree:          108160 kB
Active:           356608 kB
Mem:          3.8G       3.7G       105M       5.7M        27M       3.2G

MemTotal:        4016004 kB
MemFree:          108052 kB
Active:           356608 kB
Mem:          3.8G       3.7G       105M       5.7M        27M       3.2G

MemTotal:        4016004 kB
MemFree:          108376 kB
Active:           356596 kB
Mem:          3.8G       3.7G       106M       5.7M        27M       3.2G

MemTotal:        4016004 kB
MemFree:          106500 kB
Active:           356584 kB
Mem:          3.8G       3.7G       103M       5.7M        27M       3.2G

MemTotal:        4016004 kB
MemFree:          106004 kB
Active:           358656 kB
Mem:          3.8G       3.7G       103M       5.7M        27M       3.2G

MemTotal:        4016004 kB
MemFree:          106376 kB
Active:           358616 kB
Mem:          3.8G       3.7G       103M       5.7M        27M       3.2G

MemTotal:        4016004 kB
MemFree:          106128 kB
Active:           358668 kB
Mem:          3.8G       3.7G       103M       5.7M        27M       3.2G

MemTotal:        4016004 kB
MemFree:          106500 kB
Active:           358632 kB
Mem:          3.8G       3.7G       103M       5.7M        27M       3.2G

MemTotal:        4016004 kB
MemFree:          106128 kB
Active:           358668 kB
Mem:          3.8G       3.7G       103M       5.7M        27M       3.2G

MemTotal:        4016004 kB
MemFree:          106500 kB
Active:           358640 kB
Mem:          3.8G       3.7G       104M       5.7M        27M       3.2G

MemTotal:        4016004 kB
MemFree:          106500 kB
Active:           358624 kB
Mem:          3.8G       3.7G       104M       5.7M        27M       3.2G

MemTotal:        4016004 kB
MemFree:          106376 kB
Active:           358632 kB
Mem:          3.8G       3.7G       103M       5.7M        27M       3.2G

MemTotal:        4016004 kB
MemFree:          106376 kB
Active:           358648 kB
Mem:          3.8G       3.7G       103M       5.7M        27M       3.2G

MemTotal:        4016004 kB
MemFree:          106376 kB
Active:           358676 kB
Mem:          3.8G       3.7G       103M       5.7M        27M       3.2G

MemTotal:        4016004 kB
MemFree:          106252 kB
Active:           358664 kB
Mem:          3.8G       3.7G       103M       5.7M        27M       3.2G

MemTotal:        4016004 kB
MemFree:          106252 kB
Active:           358644 kB
Mem:          3.8G       3.7G       103M       5.7M        27M       3.2G

MemTotal:        4016004 kB
MemFree:          106252 kB
Active:           358644 kB
Mem:          3.8G       3.7G       103M       5.7M        27M       3.2G

MemTotal:        4016004 kB
MemFree:          106376 kB
Active:           358640 kB
Mem:          3.8G       3.7G       103M       5.7M        27M       3.2G

MemTotal:        4016004 kB
MemFree:          106376 kB
Active:           358628 kB
Mem:          3.8G       3.7G       103M       5.7M        27M       3.2G

MemTotal:        4016004 kB
MemFree:          106376 kB
Active:           358668 kB
Mem:          3.8G       3.7G       103M       5.7M        27M       3.2G

MemTotal:        4016004 kB
MemFree:          106376 kB
Active:           358656 kB
Mem:          3.8G       3.7G       103M       5.7M        27M       3.2G

MemTotal:        4016004 kB
MemFree:          106004 kB
Active:           358692 kB
Mem:          3.8G       3.7G       103M       5.7M        27M       3.2G

MemTotal:        4016004 kB
MemFree:          106004 kB
Active:           358692 kB
Mem:          3.8G       3.7G       103M       5.7M        27M       3.2G

MemTotal:        4016004 kB
MemFree:          106500 kB
Active:           358656 kB
Mem:          3.8G       3.7G       103M       5.7M        27M       3.2G

MemTotal:        4016004 kB
MemFree:          106376 kB
Active:           358648 kB
Mem:          3.8G       3.7G       103M       5.7M        27M       3.2G

MemTotal:        4016004 kB
MemFree:          106376 kB
Active:           358640 kB
Mem:          3.8G       3.7G       103M       5.7M        27M       3.2G

MemTotal:        4016004 kB
MemFree:          106376 kB
Active:           358648 kB
Mem:          3.8G       3.7G       103M       5.7M        27M       3.2G

MemTotal:        4016004 kB
MemFree:          106376 kB
Active:           358676 kB
Mem:          3.8G       3.7G       103M       5.7M        27M       3.2G

MemTotal:        4016004 kB
MemFree:          106500 kB
Active:           358664 kB
Mem:          3.8G       3.7G       103M       5.7M        27M       3.2G

MemTotal:        4016004 kB
MemFree:          106376 kB
Active:           358652 kB
Mem:          3.8G       3.7G       103M       5.7M        27M       3.2G

MemTotal:        4016004 kB
MemFree:          106376 kB
Active:           358684 kB
Mem:          3.8G       3.7G       103M       5.7M        27M       3.2G

MemTotal:        4016004 kB
MemFree:          106376 kB
Active:           358704 kB
Mem:          3.8G       3.7G       103M       5.7M        27M       3.2G

MemTotal:        4016004 kB
MemFree:          106376 kB
Active:           358668 kB
Mem:          3.8G       3.7G       103M       5.7M        27M       3.2G

MemTotal:        4016004 kB
MemFree:          106376 kB
Active:           358688 kB
Mem:          3.8G       3.7G       103M       5.7M        27M       3.2G

MemTotal:        4016004 kB
MemFree:          106376 kB
Active:           358676 kB
Mem:          3.8G       3.7G       103M       5.7M        27M       3.2G

MemTotal:        4016004 kB
MemFree:          106376 kB
Active:           358664 kB
Mem:          3.8G       3.7G       103M       5.7M        27M       3.2G

MemTotal:        4016004 kB
MemFree:          106376 kB
Active:           358668 kB
Mem:          3.8G       3.7G       103M       5.7M        27M       3.2G

MemTotal:        4016004 kB
MemFree:          106500 kB
Active:           358708 kB
Mem:          3.8G       3.7G       103M       5.7M        27M       3.2G

MemTotal:        4016004 kB
MemFree:          106500 kB
Active:           358724 kB
Mem:          3.8G       3.7G       104M       5.7M        27M       3.2G

MemTotal:        4016004 kB
MemFree:          106004 kB
Active:           358736 kB
Mem:          3.8G       3.7G       103M       5.7M        27M       3.2G

MemTotal:        4016004 kB
MemFree:          106376 kB
Active:           358708 kB
Mem:          3.8G       3.7G       103M       5.7M        27M       3.2G

MemTotal:        4016004 kB
MemFree:          105880 kB
Active:           358736 kB
Mem:          3.8G       3.7G       103M       5.7M        27M       3.2G

MemTotal:        4016004 kB
MemFree:          105888 kB
Active:           358744 kB
Mem:          3.8G       3.7G       103M       5.7M        27M       3.2G

MemTotal:        4016004 kB
MemFree:          106260 kB
Active:           358708 kB
Mem:          3.8G       3.7G       103M       5.7M        27M       3.2G

MemTotal:        4016004 kB
MemFree:          106260 kB
Active:           358720 kB
Mem:          3.8G       3.7G       103M       5.7M        27M       3.2G

MemTotal:        4016004 kB
MemFree:          106384 kB
Active:           358708 kB
Mem:          3.8G       3.7G       103M       5.7M        27M       3.2G

MemTotal:        4016004 kB
MemFree:          106508 kB
Active:           358692 kB
Mem:          3.8G       3.7G       103M       5.7M        27M       3.2G

MemTotal:        4016004 kB
MemFree:          106384 kB
Active:           358744 kB
Mem:          3.8G       3.7G       103M       5.7M        27M       3.2G

MemTotal:        4016004 kB
MemFree:          106384 kB
Active:           358764 kB
Mem:          3.8G       3.7G       103M       5.7M        27M       3.2G

MemTotal:        4016004 kB
MemFree:          106012 kB
Active:           358924 kB
Mem:          3.8G       3.7G       103M       5.7M        27M       3.2G

MemTotal:        4016004 kB
MemFree:          105872 kB
Active:           358828 kB
Mem:          3.8G       3.7G       103M       5.7M        27M       3.2G

MemTotal:        4016004 kB
MemFree:          105872 kB
Active:           358828 kB
Mem:          3.8G       3.7G       103M       5.7M        27M       3.2G

MemTotal:        4016004 kB
MemFree:          106244 kB
Active:           358780 kB
Mem:          3.8G       3.7G       103M       5.7M        28M       3.2G

MemTotal:        4016004 kB
MemFree:          106244 kB
Active:           358820 kB
Mem:          3.8G       3.7G       103M       5.7M        28M       3.2G

MemTotal:        4016004 kB
MemFree:          105748 kB
Active:           358836 kB
Mem:          3.8G       3.7G       103M       5.7M        28M       3.2G

MemTotal:        4016004 kB
MemFree:          106120 kB
Active:           358780 kB
Mem:          3.8G       3.7G       103M       5.7M        28M       3.2G

MemTotal:        4016004 kB
MemFree:          106368 kB
Active:           358808 kB
Mem:          3.8G       3.7G       103M       5.7M        28M       3.2G

MemTotal:        4016004 kB
MemFree:          106244 kB
Active:           358784 kB
Mem:          3.8G       3.7G       103M       5.7M        28M       3.2G

MemTotal:        4016004 kB
MemFree:          106368 kB
Active:           358824 kB
Mem:          3.8G       3.7G       103M       5.7M        28M       3.2G

MemTotal:        4016004 kB
MemFree:          105624 kB
Active:           358836 kB
Mem:          3.8G       3.7G       103M       5.7M        28M       3.2G

MemTotal:        4016004 kB
MemFree:          105996 kB
Active:           358812 kB
Mem:          3.8G       3.7G       103M       5.7M        28M       3.2G

MemTotal:        4016004 kB
MemFree:          106244 kB
Active:           358788 kB
Mem:          3.8G       3.7G       103M       5.7M        28M       3.2G

MemTotal:        4016004 kB
MemFree:          106120 kB
Active:           358832 kB
Mem:          3.8G       3.7G       103M       5.7M        28M       3.2G

MemTotal:        4016004 kB
MemFree:          106120 kB
Active:           358804 kB
Mem:          3.8G       3.7G       103M       5.7M        28M       3.2G

MemTotal:        4016004 kB
MemFree:          105748 kB
Active:           358844 kB
Mem:          3.8G       3.7G       103M       5.7M        28M       3.2G

MemTotal:        4016004 kB
MemFree:          106244 kB
Active:           358824 kB
Mem:          3.8G       3.7G       103M       5.7M        28M       3.2G

MemTotal:        4016004 kB
MemFree:          106260 kB
Active:           358816 kB
Mem:          3.8G       3.7G       103M       5.7M        28M       3.2G

MemTotal:        4016004 kB
MemFree:          106260 kB
Active:           358796 kB
Mem:          3.8G       3.7G       103M       5.7M        28M       3.2G

MemTotal:        4016004 kB
MemFree:          106244 kB
Active:           358832 kB
Mem:          3.8G       3.7G       103M       5.7M        28M       3.2G

MemTotal:        4016004 kB
MemFree:          106212 kB
Active:           358812 kB
Mem:          3.8G       3.7G       103M       5.7M        28M       3.2G

MemTotal:        4016004 kB
MemFree:          106012 kB
Active:           358844 kB
Mem:          3.8G       3.7G       103M       5.7M        28M       3.2G

MemTotal:        4016004 kB
MemFree:          106260 kB
Active:           358808 kB
Mem:          3.8G       3.7G       103M       5.7M        28M       3.2G

MemTotal:        4016004 kB
MemFree:          106012 kB
Active:           358844 kB
Mem:          3.8G       3.7G       103M       5.7M        28M       3.2G

MemTotal:        4016004 kB
MemFree:          105764 kB
Active:           358844 kB
Mem:          3.8G       3.7G       103M       5.7M        28M       3.2G

MemTotal:        4016004 kB
MemFree:          106136 kB
Active:           358844 kB
Mem:          3.8G       3.7G       103M       5.7M        28M       3.2G

MemTotal:        4016004 kB
MemFree:          106136 kB
Active:           358848 kB
Mem:          3.8G       3.7G       103M       5.7M        28M       3.2G

MemTotal:        4016004 kB
MemFree:          106136 kB
Active:           358808 kB
Mem:          3.8G       3.7G       103M       5.7M        28M       3.2G

MemTotal:        4016004 kB
MemFree:          106136 kB
Active:           358796 kB
Mem:          3.8G       3.7G       103M       5.7M        28M       3.2G

MemTotal:        4016004 kB
MemFree:          105640 kB
Active:           358856 kB
Mem:          3.8G       3.7G       103M       5.7M        28M       3.2G

MemTotal:        4016004 kB
MemFree:          106136 kB
Active:           358848 kB
Mem:          3.8G       3.7G       103M       5.7M        28M       3.2G

MemTotal:        4016004 kB
MemFree:          105888 kB
Active:           358856 kB
Mem:          3.8G       3.7G       103M       5.7M        28M       3.2G

MemTotal:        4016004 kB
MemFree:          106136 kB
Active:           358852 kB
Mem:          3.8G       3.7G       103M       5.7M        28M       3.2G

MemTotal:        4016004 kB
MemFree:          106260 kB
Active:           358856 kB
Mem:          3.8G       3.7G       103M       5.7M        28M       3.2G

MemTotal:        4016004 kB
MemFree:          106136 kB
Active:           358832 kB
Mem:          3.8G       3.7G       103M       5.7M        28M       3.2G

MemTotal:        4016004 kB
MemFree:          105888 kB
Active:           358824 kB
Mem:          3.8G       3.7G       103M       5.7M        28M       3.2G

MemTotal:        4016004 kB
MemFree:          106012 kB
Active:           358872 kB
Mem:          3.8G       3.7G       103M       5.7M        28M       3.2G

MemTotal:        4016004 kB
MemFree:          105888 kB
Active:           358852 kB
Mem:          3.8G       3.7G       103M       5.7M        28M       3.2G

MemTotal:        4016004 kB
MemFree:          105888 kB
Active:           358852 kB
Mem:          3.8G       3.7G       103M       5.7M        28M       3.2G

MemTotal:        4016004 kB
MemFree:          105888 kB
Active:           358876 kB
Mem:          3.8G       3.7G       103M       5.7M        28M       3.2G

MemTotal:        4016004 kB
MemFree:          106012 kB
Active:           358832 kB
Mem:          3.8G       3.7G       103M       5.7M        28M       3.2G

MemTotal:        4016004 kB
MemFree:          106012 kB
Active:           358824 kB
Mem:          3.8G       3.7G       103M       5.7M        28M       3.2G

MemTotal:        4016004 kB
MemFree:          106012 kB
Active:           358848 kB
Mem:          3.8G       3.7G       103M       5.7M        28M       3.2G

MemTotal:        4016004 kB
MemFree:          105516 kB
Active:           358884 kB
Mem:          3.8G       3.7G       103M       5.7M        28M       3.2G

MemTotal:        4016004 kB
MemFree:          106012 kB
Active:           358876 kB
Mem:          3.8G       3.7G       103M       5.7M        28M       3.2G

MemTotal:        4016004 kB
MemFree:          105764 kB
Active:           358876 kB
Mem:          3.8G       3.7G       103M       5.7M        28M       3.2G

MemTotal:        4016004 kB
MemFree:          105888 kB
Active:           358844 kB
Mem:          3.8G       3.7G       103M       5.7M        28M       3.2G

MemTotal:        4016004 kB
MemFree:          105640 kB
Active:           358868 kB
Mem:          3.8G       3.7G       103M       5.7M        28M       3.2G

MemTotal:        4016004 kB
MemFree:          105888 kB
Active:           358888 kB
Mem:          3.8G       3.7G       103M       5.7M        28M       3.2G

MemTotal:        4016004 kB
MemFree:          106012 kB
Active:           358880 kB
Mem:          3.8G       3.7G       103M       5.7M        28M       3.2G

MemTotal:        4016004 kB
MemFree:          105888 kB
Active:           358844 kB
Mem:          3.8G       3.7G       103M       5.7M        28M       3.2G

MemTotal:        4016004 kB
MemFree:          106012 kB
Active:           358864 kB
Mem:          3.8G       3.7G       103M       5.7M        28M       3.2G

MemTotal:        4016004 kB
MemFree:          105516 kB
Active:           358908 kB
Mem:          3.8G       3.7G       103M       5.7M        28M       3.2G

MemTotal:        4016004 kB
MemFree:          106012 kB
Active:           358868 kB
Mem:          3.8G       3.7G       103M       5.7M        28M       3.2G

MemTotal:        4016004 kB
MemFree:          105888 kB
Active:           358884 kB
Mem:          3.8G       3.7G       103M       5.7M        28M       3.2G

MemTotal:        4016004 kB
MemFree:          105640 kB
Active:           358912 kB
Mem:          3.8G       3.7G       103M       5.7M        28M       3.2G

MemTotal:        4016004 kB
MemFree:          105640 kB
Active:           358912 kB
Mem:          3.8G       3.7G       103M       5.7M        28M       3.2G

MemTotal:        4016004 kB
MemFree:          106136 kB
Active:           358880 kB
Mem:          3.8G       3.7G       103M       5.7M        28M       3.2G

MemTotal:        4016004 kB
MemFree:          106012 kB
Active:           358872 kB
Mem:          3.8G       3.7G       103M       5.7M        28M       3.2G

MemTotal:        4016004 kB
MemFree:          105764 kB
Active:           358912 kB
Mem:          3.8G       3.7G       103M       5.7M        28M       3.2G

MemTotal:        4016004 kB
MemFree:          106012 kB
Active:           358912 kB
Mem:          3.8G       3.7G       103M       5.7M        28M       3.2G

MemTotal:        4016004 kB
MemFree:          106012 kB
Active:           358904 kB
Mem:          3.8G       3.7G       103M       5.7M        28M       3.2G

MemTotal:        4016004 kB
MemFree:          106136 kB
Active:           358920 kB
Mem:          3.8G       3.7G       103M       5.7M        28M       3.2G

MemTotal:        4016004 kB
MemFree:          106136 kB
Active:           358912 kB
Mem:          3.8G       3.7G       103M       5.7M        28M       3.2G

MemTotal:        4016004 kB
MemFree:          106136 kB
Active:           358880 kB
Mem:          3.8G       3.7G       103M       5.7M        28M       3.2G

MemTotal:        4016004 kB
MemFree:          106136 kB
Active:           358868 kB
Mem:          3.8G       3.7G       103M       5.7M        28M       3.2G

MemTotal:        4016004 kB
MemFree:          106260 kB
Active:           358908 kB
Mem:          3.8G       3.7G       103M       5.7M        28M       3.2G

MemTotal:        4016004 kB
MemFree:          105764 kB
Active:           358924 kB
Mem:          3.8G       3.7G       103M       5.7M        28M       3.2G

MemTotal:        4016004 kB
MemFree:          106136 kB
Active:           358896 kB
Mem:          3.8G       3.7G       103M       5.7M        28M       3.2G

MemTotal:        4016004 kB
MemFree:          106136 kB
Active:           358896 kB
Mem:          3.8G       3.7G       103M       5.7M        28M       3.2G

MemTotal:        4016004 kB
MemFree:          106136 kB
Active:           358876 kB
Mem:          3.8G       3.7G       103M       5.7M        28M       3.2G

MemTotal:        4016004 kB
MemFree:          106260 kB
Active:           358920 kB
Mem:          3.8G       3.7G       103M       5.7M        28M       3.2G

MemTotal:        4016004 kB
MemFree:          106260 kB
Active:           358896 kB
Mem:          3.8G       3.7G       103M       5.7M        28M       3.2G

MemTotal:        4016004 kB
MemFree:          106136 kB
Active:           358884 kB
Mem:          3.8G       3.7G       103M       5.7M        28M       3.2G

MemTotal:        4016004 kB
MemFree:          105888 kB
Active:           358908 kB
Mem:          3.8G       3.7G       103M       5.7M        28M       3.2G

MemTotal:        4016004 kB
MemFree:          105516 kB
Active:           358940 kB
Mem:          3.8G       3.7G       103M       5.7M        28M       3.2G

MemTotal:        4016004 kB
MemFree:          105764 kB
Active:           358888 kB
Mem:          3.8G       3.7G       103M       5.7M        28M       3.2G

MemTotal:        4016004 kB
MemFree:          106012 kB
Active:           358944 kB
Mem:          3.8G       3.7G       103M       5.7M        28M       3.2G

MemTotal:        4016004 kB
MemFree:          105764 kB
Active:           358948 kB
Mem:          3.8G       3.7G       103M       5.7M        28M       3.2G

MemTotal:        4016004 kB
MemFree:          105888 kB
Active:           358896 kB
Mem:          3.8G       3.7G       103M       5.7M        28M       3.2G

MemTotal:        4016004 kB
MemFree:          106012 kB
Active:           358908 kB
Mem:          3.8G       3.7G       103M       5.7M        28M       3.2G

MemTotal:        4016004 kB
MemFree:          105888 kB
Active:           358916 kB
Mem:          3.8G       3.7G       103M       5.7M        28M       3.2G

MemTotal:        4016004 kB
MemFree:          105888 kB
Active:           358916 kB
Mem:          3.8G       3.7G       103M       5.7M        28M       3.2G

MemTotal:        4016004 kB
MemFree:          106012 kB
Active:           358924 kB
Mem:          3.8G       3.7G       103M       5.7M        28M       3.2G

MemTotal:        4016004 kB
MemFree:          105888 kB
Active:           358960 kB
Mem:          3.8G       3.7G       103M       5.7M        28M       3.2G

MemTotal:        4016004 kB
MemFree:          105964 kB
Active:           358940 kB
Mem:          3.8G       3.7G       103M       5.7M        28M       3.2G

MemTotal:        4016004 kB
MemFree:          105764 kB
Active:           358964 kB
Mem:          3.8G       3.7G       103M       5.7M        28M       3.2G

MemTotal:        4016004 kB
MemFree:          105608 kB
Active:           358964 kB
Mem:          3.8G       3.7G       103M       5.7M        28M       3.2G

MemTotal:        4016004 kB
MemFree:          105888 kB
Active:           358920 kB
Mem:          3.8G       3.7G       103M       5.7M        28M       3.2G

MemTotal:        4016004 kB
MemFree:          106012 kB
Active:           358968 kB
Mem:          3.8G       3.7G       103M       5.7M        28M       3.2G

MemTotal:        4016004 kB
MemFree:          106012 kB
Active:           358920 kB
Mem:          3.8G       3.7G       103M       5.7M        28M       3.2G

MemTotal:        4016004 kB
MemFree:          105640 kB
Active:           358928 kB
Mem:          3.8G       3.7G       103M       5.7M        28M       3.2G

MemTotal:        4016004 kB
MemFree:          105888 kB
Active:           358916 kB
Mem:          3.8G       3.7G       103M       5.7M        28M       3.2G

MemTotal:        4016004 kB
MemFree:          105888 kB
Active:           358956 kB
Mem:          3.8G       3.7G       103M       5.7M        28M       3.2G

MemTotal:        4016004 kB
MemFree:          105888 kB
Active:           358920 kB
Mem:          3.8G       3.7G       103M       5.7M        28M       3.2G

MemTotal:        4016004 kB
MemFree:          106012 kB
Active:           358956 kB
Mem:          3.8G       3.7G       103M       5.7M        28M       3.2G

MemTotal:        4016004 kB
MemFree:          105888 kB
Active:           358948 kB
Mem:          3.8G       3.7G       103M       5.7M        28M       3.2G

MemTotal:        4016004 kB
MemFree:          106012 kB
Active:           358988 kB
Mem:          3.8G       3.7G       103M       5.7M        28M       3.2G

MemTotal:        4016004 kB
MemFree:          105888 kB
Active:           358972 kB
Mem:          3.8G       3.7G       103M       5.7M        28M       3.2G

MemTotal:        4016004 kB
MemFree:          106012 kB
Active:           358976 kB
Mem:          3.8G       3.7G       103M       5.7M        28M       3.2G

MemTotal:        4016004 kB
MemFree:          105640 kB
Active:           358948 kB
Mem:          3.8G       3.7G       103M       5.7M        28M       3.2G

MemTotal:        4016004 kB
MemFree:          105640 kB
Active:           358948 kB
Mem:          3.8G       3.7G       103M       5.7M        28M       3.2G

MemTotal:        4016004 kB
MemFree:          105764 kB
Active:           358984 kB
Mem:          3.8G       3.7G       103M       5.7M        28M       3.2G

MemTotal:        4016004 kB
MemFree:          105640 kB
Active:           358968 kB
Mem:          3.8G       3.7G       103M       5.7M        28M       3.2G

MemTotal:        4016004 kB
MemFree:          106012 kB
Active:           358976 kB
Mem:          3.8G       3.7G       103M       5.7M        28M       3.2G

MemTotal:        4016004 kB
MemFree:          105888 kB
Active:           358976 kB
Mem:          3.8G       3.7G       103M       5.7M        28M       3.2G

MemTotal:        4016004 kB
MemFree:          105888 kB
Active:           358984 kB
Mem:          3.8G       3.7G       103M       5.7M        28M       3.2G

MemTotal:        4016004 kB
MemFree:          105888 kB
Active:           358968 kB
Mem:          3.8G       3.7G       103M       5.7M        28M       3.2G

MemTotal:        4016004 kB
MemFree:          105764 kB
Active:           358996 kB
Mem:          3.8G       3.7G       103M       5.7M        28M       3.2G

MemTotal:        4016004 kB
MemFree:          105392 kB
Active:           359004 kB
Mem:          3.8G       3.7G       103M       5.7M        28M       3.2G

MemTotal:        4016004 kB
MemFree:          105888 kB
Active:           358956 kB
Mem:          3.8G       3.7G       103M       5.7M        28M       3.2G

MemTotal:        4016004 kB
MemFree:          106012 kB
Active:           359008 kB
Mem:          3.8G       3.7G       103M       5.7M        28M       3.2G

MemTotal:        4016004 kB
MemFree:          105888 kB
Active:           358992 kB
Mem:          3.8G       3.7G       103M       5.7M        28M       3.2G

MemTotal:        4016004 kB
MemFree:          106012 kB
Active:           358996 kB
Mem:          3.8G       3.7G       103M       5.7M        28M       3.2G

MemTotal:        4016004 kB
MemFree:          106012 kB
Active:           358972 kB
Mem:          3.8G       3.7G       103M       5.7M        28M       3.2G

MemTotal:        4016004 kB
MemFree:          105764 kB
Active:           358968 kB
Mem:          3.8G       3.7G       103M       5.7M        28M       3.2G

MemTotal:        4016004 kB
MemFree:          105392 kB
Active:           359020 kB
Mem:          3.8G       3.7G       103M       5.7M        28M       3.2G

MemTotal:        4016004 kB
MemFree:          105888 kB
Active:           358976 kB
Mem:          3.8G       3.7G       103M       5.7M        28M       3.2G

MemTotal:        4016004 kB
MemFree:          105888 kB
Active:           358996 kB
Mem:          3.8G       3.7G       103M       5.7M        28M       3.2G

MemTotal:        4016004 kB
MemFree:          106012 kB
Active:           358992 kB
Mem:          3.8G       3.7G       103M       5.7M        28M       3.2G

MemTotal:        4016004 kB
MemFree:          106012 kB
Active:           359016 kB
Mem:          3.8G       3.7G       103M       5.7M        28M       3.2G

MemTotal:        4016004 kB
MemFree:          105640 kB
Active:           359020 kB
Mem:          3.8G       3.7G       103M       5.7M        28M       3.2G

MemTotal:        4016004 kB
MemFree:          105764 kB
Active:           358976 kB
Mem:          3.8G       3.7G       103M       5.7M        28M       3.2G

MemTotal:        4016004 kB
MemFree:          106012 kB
Active:           359012 kB
Mem:          3.8G       3.7G       103M       5.7M        28M       3.2G

MemTotal:        4016004 kB
MemFree:          105640 kB
Active:           359024 kB
Mem:          3.8G       3.7G       103M       5.7M        28M       3.2G

MemTotal:        4016004 kB
MemFree:          105888 kB
Active:           358972 kB
Mem:          3.8G       3.7G       103M       5.7M        28M       3.2G

MemTotal:        4016004 kB
MemFree:          105888 kB
Active:           359012 kB
Mem:          3.8G       3.7G       103M       5.7M        28M       3.2G

MemTotal:        4016004 kB
MemFree:          106012 kB
Active:           359024 kB
Mem:          3.8G       3.7G       103M       5.7M        28M       3.2G

MemTotal:        4016004 kB
MemFree:          105500 kB
Active:           359024 kB
Mem:          3.8G       3.7G       103M       5.7M        28M       3.2G

MemTotal:        4016004 kB
MemFree:          105376 kB
Active:           359028 kB
Mem:          3.8G       3.7G       103M       5.7M        28M       3.2G

MemTotal:        4016004 kB
MemFree:          105252 kB
Active:           359036 kB
Mem:          3.8G       3.7G       103M       5.7M        28M       3.2G

MemTotal:        4016004 kB
MemFree:          105500 kB
Active:           359040 kB
Mem:          3.8G       3.7G       103M       5.7M        28M       3.2G

MemTotal:        4016004 kB
MemFree:          105872 kB
Active:           359028 kB
Mem:          3.8G       3.7G       103M       5.7M        28M       3.2G

MemTotal:        4016004 kB
MemFree:          105624 kB
Active:           359040 kB
Mem:          3.8G       3.7G       103M       5.7M        28M       3.2G

MemTotal:        4016004 kB
MemFree:          105872 kB
Active:           358984 kB
Mem:          3.8G       3.7G       103M       5.7M        28M       3.2G

MemTotal:        4016004 kB
MemFree:          105376 kB
Active:           359044 kB
Mem:          3.8G       3.7G       103M       5.7M        28M       3.2G

MemTotal:        4016004 kB
MemFree:          105748 kB
Active:           359056 kB
Mem:          3.8G       3.7G       103M       5.7M        28M       3.2G

MemTotal:        4016004 kB
MemFree:          105888 kB
Active:           359060 kB
Mem:          3.8G       3.7G       103M       5.7M        28M       3.2G

MemTotal:        4016004 kB
MemFree:          105392 kB
Active:           359060 kB
Mem:          3.8G       3.7G       103M       5.7M        28M       3.2G

MemTotal:        4016004 kB
MemFree:          105888 kB
Active:           359056 kB
Mem:          3.8G       3.7G       103M       5.7M        28M       3.2G

MemTotal:        4016004 kB
MemFree:          105888 kB
Active:           359040 kB
Mem:          3.8G       3.7G       103M       5.7M        28M       3.2G

MemTotal:        4016004 kB
MemFree:          105640 kB
Active:           359060 kB
Mem:          3.8G       3.7G       103M       5.7M        28M       3.2G

MemTotal:        4016004 kB
MemFree:          105996 kB
Active:           359044 kB
Mem:          3.8G       3.7G       103M       5.7M        28M       3.2G

MemTotal:        4016004 kB
MemFree:          105872 kB
Active:           359024 kB
Mem:          3.8G       3.7G       103M       5.7M        28M       3.2G

MemTotal:        4016004 kB
MemFree:          105996 kB
Active:           359016 kB
Mem:          3.8G       3.7G       103M       5.7M        28M       3.2G

MemTotal:        4016004 kB
MemFree:          106244 kB
Active:           359012 kB
Mem:          3.8G       3.7G       103M       5.7M        28M       3.2G

MemTotal:        4016004 kB
MemFree:          105872 kB
Active:           359068 kB
Mem:          3.8G       3.7G       103M       5.7M        28M       3.2G

MemTotal:        4016004 kB
MemFree:          105872 kB
Active:           359016 kB
Mem:          3.8G       3.7G       103M       5.7M        28M       3.2G

MemTotal:        4016004 kB
MemFree:          105748 kB
Active:           359044 kB
Mem:          3.8G       3.7G       103M       5.7M        28M       3.2G

MemTotal:        4016004 kB
MemFree:          105748 kB
Active:           359040 kB
Mem:          3.8G       3.7G       103M       5.7M        28M       3.2G

MemTotal:        4016004 kB
MemFree:          105500 kB
Active:           359080 kB
Mem:          3.8G       3.7G       103M       5.7M        28M       3.2G

MemTotal:        4016004 kB
MemFree:          105624 kB
Active:           359084 kB
Mem:          3.8G       3.7G       103M       5.7M        28M       3.2G

MemTotal:        4016004 kB
MemFree:          105996 kB
Active:           359056 kB
Mem:          3.8G       3.7G       103M       5.7M        28M       3.2G

MemTotal:        4016004 kB
MemFree:          105484 kB
Active:           359084 kB
Mem:          3.8G       3.7G       103M       5.7M        28M       3.2G

MemTotal:        4016004 kB
MemFree:          105748 kB
Active:           359052 kB
Mem:          3.8G       3.7G       103M       5.7M        28M       3.2G

MemTotal:        4016004 kB
MemFree:          105748 kB
Active:           359056 kB
Mem:          3.8G       3.7G       103M       5.7M        28M       3.2G

MemTotal:        4016004 kB
MemFree:          105500 kB
Active:           359092 kB
