MemTotal:        4016004 kB
MemFree:         3246328 kB
Active:           414136 kB
Mem:          3.8G       751M       3.1G       5.7M        55M       318M

MemTotal:        4016004 kB
MemFree:         3246524 kB
Active:           414312 kB
Mem:          3.8G       751M       3.1G       5.7M        55M       319M

MemTotal:        4016004 kB
MemFree:         3246508 kB
Active:           414404 kB
Mem:          3.8G       751M       3.1G       5.7M        55M       319M

MemTotal:        4016004 kB
MemFree:         3246368 kB
Active:           414408 kB
Mem:          3.8G       751M       3.1G       5.7M        55M       319M

MemTotal:        4016004 kB
MemFree:         3246864 kB
Active:           414352 kB
Mem:          3.8G       751M       3.1G       5.7M        55M       319M

MemTotal:        4016004 kB
MemFree:         3246600 kB
Active:           414408 kB
Mem:          3.8G       751M       3.1G       5.7M        55M       319M

MemTotal:        4016004 kB
MemFree:         3246888 kB
Active:           412344 kB
Mem:          3.8G       751M       3.1G       5.7M        55M       319M

MemTotal:        4016004 kB
MemFree:         3246020 kB
Active:           412368 kB
Mem:          3.8G       751M       3.1G       5.7M        55M       319M

MemTotal:        4016004 kB
MemFree:         3246516 kB
Active:           414360 kB
Mem:          3.8G       751M       3.1G       5.7M        55M       319M

MemTotal:        4016004 kB
MemFree:         3246128 kB
Active:           414416 kB
Mem:          3.8G       751M       3.1G       5.7M        55M       319M

MemTotal:        4016004 kB
MemFree:         3246236 kB
Active:           414408 kB
Mem:          3.8G       751M       3.1G       5.7M        55M       319M

MemTotal:        4016004 kB
MemFree:         3246344 kB
Active:           414368 kB
Mem:          3.8G       751M       3.1G       5.7M        55M       319M

MemTotal:        4016004 kB
MemFree:         3246204 kB
Active:           414368 kB
Mem:          3.8G       751M       3.1G       5.7M        55M       319M

MemTotal:        4016004 kB
MemFree:         3246052 kB
Active:           414420 kB
Mem:          3.8G       751M       3.1G       5.7M        55M       319M

MemTotal:        4016004 kB
MemFree:         3246176 kB
Active:           414404 kB
Mem:          3.8G       751M       3.1G       5.7M        55M       319M

MemTotal:        4016004 kB
MemFree:         3246432 kB
Active:           414400 kB
Mem:          3.8G       751M       3.1G       5.7M        55M       319M

MemTotal:        4016004 kB
MemFree:         3246152 kB
Active:           412388 kB
Mem:          3.8G       751M       3.1G       5.7M        55M       319M

MemTotal:        4016004 kB
MemFree:         3246524 kB
Active:           414408 kB
Mem:          3.8G       751M       3.1G       5.7M        55M       319M

MemTotal:        4016004 kB
MemFree:         3246616 kB
Active:           414412 kB
Mem:          3.8G       751M       3.1G       5.7M        55M       319M

MemTotal:        4016004 kB
MemFree:         3246228 kB
Active:           414436 kB
Mem:          3.8G       751M       3.1G       5.7M        55M       319M

MemTotal:        4016004 kB
MemFree:         3246584 kB
Active:           414432 kB
Mem:          3.8G       751M       3.1G       5.7M        55M       319M

MemTotal:        4016004 kB
MemFree:         3246692 kB
Active:           414404 kB
Mem:          3.8G       751M       3.1G       5.7M        55M       319M

MemTotal:        4016004 kB
MemFree:         3246568 kB
Active:           414420 kB
Mem:          3.8G       751M       3.1G       5.7M        55M       319M

MemTotal:        4016004 kB
MemFree:         3246552 kB
Active:           414416 kB
Mem:          3.8G       751M       3.1G       5.7M        55M       319M

MemTotal:        4016004 kB
MemFree:         3246508 kB
Active:           414420 kB
Mem:          3.8G       751M       3.1G       5.7M        55M       319M

MemTotal:        4016004 kB
MemFree:         3246508 kB
Active:           414420 kB
Mem:          3.8G       751M       3.1G       5.7M        55M       319M

MemTotal:        4016004 kB
MemFree:         3246508 kB
Active:           414388 kB
Mem:          3.8G       751M       3.1G       5.7M        55M       319M

MemTotal:        4016004 kB
MemFree:         3246136 kB
Active:           414444 kB
Mem:          3.8G       751M       3.1G       5.7M        55M       319M

MemTotal:        4016004 kB
MemFree:         3246632 kB
Active:           414432 kB
Mem:          3.8G       751M       3.1G       5.7M        55M       319M

MemTotal:        4016004 kB
MemFree:         3246756 kB
Active:           414444 kB
Mem:          3.8G       751M       3.1G       5.7M        55M       319M

MemTotal:        4016004 kB
MemFree:         3246260 kB
Active:           414456 kB
Mem:          3.8G       751M       3.1G       5.7M        55M       319M

MemTotal:        4016004 kB
MemFree:         3246616 kB
Active:           414440 kB
Mem:          3.8G       751M       3.1G       5.7M        55M       319M

MemTotal:        4016004 kB
MemFree:         3246352 kB
Active:           414460 kB
Mem:          3.8G       751M       3.1G       5.7M        55M       319M

MemTotal:        4016004 kB
MemFree:         3245964 kB
Active:           414468 kB
Mem:          3.8G       751M       3.1G       5.7M        55M       319M

MemTotal:        4016004 kB
MemFree:         3245808 kB
Active:           414476 kB
Mem:          3.8G       752M       3.1G       5.7M        55M       319M

MemTotal:        4016004 kB
MemFree:         3246164 kB
Active:           414428 kB
Mem:          3.8G       751M       3.1G       5.7M        55M       319M

MemTotal:        4016004 kB
MemFree:         3246048 kB
Active:           412492 kB
Mem:          3.8G       751M       3.1G       5.7M        55M       319M

MemTotal:        4016004 kB
MemFree:         3246420 kB
Active:           414548 kB
Mem:          3.8G       751M       3.1G       5.7M        55M       319M

MemTotal:        4016004 kB
MemFree:         3246048 kB
Active:           414588 kB
Mem:          3.8G       751M       3.1G       5.7M        55M       319M

MemTotal:        4016004 kB
MemFree:         3246172 kB
Active:           414572 kB
Mem:          3.8G       752M       3.1G       5.7M        55M       319M

MemTotal:        4016004 kB
MemFree:         3245924 kB
Active:           414544 kB
Mem:          3.8G       752M       3.1G       5.7M        55M       319M

MemTotal:        4016004 kB
MemFree:         3245800 kB
Active:           414552 kB
Mem:          3.8G       752M       3.1G       5.7M        55M       319M

MemTotal:        4016004 kB
MemFree:         3245676 kB
Active:           414540 kB
Mem:          3.8G       752M       3.1G       5.7M        55M       319M

MemTotal:        4016004 kB
MemFree:         3245768 kB
Active:           414544 kB
Mem:          3.8G       752M       3.1G       5.7M        55M       319M

MemTotal:        4016004 kB
MemFree:         3246248 kB
Active:           414544 kB
Mem:          3.8G       751M       3.1G       5.7M        55M       319M

MemTotal:        4016004 kB
MemFree:         3246108 kB
Active:           414568 kB
Mem:          3.8G       751M       3.1G       5.7M        55M       319M

MemTotal:        4016004 kB
MemFree:         3246084 kB
Active:           412592 kB
Mem:          3.8G       751M       3.1G       5.7M        55M       319M

MemTotal:        4016004 kB
MemFree:         3245684 kB
Active:           414672 kB
Mem:          3.8G       752M       3.1G       5.7M        55M       319M

MemTotal:        4016004 kB
MemFree:         3245808 kB
Active:           414680 kB
Mem:          3.8G       752M       3.1G       5.7M        55M       319M

MemTotal:        4016004 kB
MemFree:         3246180 kB
Active:           414680 kB
Mem:          3.8G       752M       3.1G       5.7M        55M       319M

MemTotal:        4016004 kB
MemFree:         3246180 kB
Active:           414628 kB
Mem:          3.8G       752M       3.1G       5.7M        55M       319M

MemTotal:        4016004 kB
MemFree:         3245684 kB
Active:           414684 kB
Mem:          3.8G       752M       3.1G       5.7M        55M       319M

MemTotal:        4016004 kB
MemFree:         3246164 kB
Active:           414672 kB
Mem:          3.8G       752M       3.1G       5.7M        55M       319M

MemTotal:        4016004 kB
MemFree:         3245776 kB
Active:           414700 kB
Mem:          3.8G       752M       3.1G       5.7M        55M       319M

MemTotal:        4016004 kB
MemFree:         3246148 kB
Active:           414668 kB
Mem:          3.8G       752M       3.1G       5.7M        55M       319M

MemTotal:        4016004 kB
MemFree:         3245636 kB
Active:           414708 kB
Mem:          3.8G       752M       3.1G       5.7M        55M       319M

MemTotal:        4016004 kB
MemFree:         3245868 kB
Active:           414692 kB
Mem:          3.8G       752M       3.1G       5.7M        55M       319M

MemTotal:        4016004 kB
MemFree:         3245868 kB
Active:           414688 kB
Mem:          3.8G       752M       3.1G       5.7M        55M       319M

MemTotal:        4016004 kB
MemFree:         3246100 kB
Active:           414716 kB
Mem:          3.8G       752M       3.1G       5.7M        55M       319M

MemTotal:        4016004 kB
MemFree:         3245836 kB
Active:           414720 kB
Mem:          3.8G       751M       3.1G       5.7M        55M       319M

MemTotal:        4016004 kB
MemFree:         3246084 kB
Active:           414708 kB
Mem:          3.8G       752M       3.1G       5.7M        55M       319M

MemTotal:        4016004 kB
MemFree:         3245652 kB
Active:           414720 kB
Mem:          3.8G       752M       3.1G       5.7M        55M       319M

MemTotal:        4016004 kB
MemFree:         3245900 kB
Active:           414708 kB
Mem:          3.8G       752M       3.1G       5.7M        55M       319M

MemTotal:        4016004 kB
MemFree:         3245900 kB
Active:           414696 kB
Mem:          3.8G       752M       3.1G       5.7M        55M       319M

MemTotal:        4016004 kB
MemFree:         3246024 kB
Active:           414700 kB
Mem:          3.8G       751M       3.1G       5.7M        55M       319M

MemTotal:        4016004 kB
MemFree:         3245652 kB
Active:           414728 kB
Mem:          3.8G       752M       3.1G       5.7M        55M       319M

MemTotal:        4016004 kB
MemFree:         3245776 kB
Active:           414728 kB
Mem:          3.8G       752M       3.1G       5.7M        55M       319M

MemTotal:        4016004 kB
MemFree:         3245776 kB
Active:           414716 kB
Mem:          3.8G       752M       3.1G       5.7M        55M       319M

MemTotal:        4016004 kB
MemFree:         3245620 kB
Active:           414716 kB
Mem:          3.8G       752M       3.1G       5.7M        55M       319M

MemTotal:        4016004 kB
MemFree:         3245232 kB
Active:           414728 kB
Mem:          3.8G       752M       3.1G       5.7M        55M       319M

MemTotal:        4016004 kB
MemFree:         3245464 kB
Active:           414732 kB
Mem:          3.8G       752M       3.1G       5.7M        55M       319M

MemTotal:        4016004 kB
MemFree:         3245820 kB
Active:           414720 kB
Mem:          3.8G       752M       3.1G       5.7M        55M       319M

MemTotal:        4016004 kB
MemFree:         3245776 kB
Active:           414728 kB
Mem:          3.8G       751M       3.1G       5.7M        55M       319M

MemTotal:        4016004 kB
MemFree:         3245900 kB
Active:           414716 kB
Mem:          3.8G       752M       3.1G       5.7M        55M       319M

MemTotal:        4016004 kB
MemFree:         3245776 kB
Active:           414684 kB
Mem:          3.8G       752M       3.1G       5.7M        55M       319M

MemTotal:        4016004 kB
MemFree:         3245652 kB
Active:           414732 kB
Mem:          3.8G       752M       3.1G       5.7M        55M       319M

MemTotal:        4016004 kB
MemFree:         3245776 kB
Active:           414708 kB
Mem:          3.8G       752M       3.1G       5.7M        55M       319M

MemTotal:        4016004 kB
MemFree:         3245404 kB
Active:           414740 kB
Mem:          3.8G       752M       3.1G       5.7M        55M       319M

MemTotal:        4016004 kB
MemFree:         3245404 kB
Active:           414740 kB
Mem:          3.8G       752M       3.1G       5.7M        55M       319M

MemTotal:        4016004 kB
MemFree:         3245280 kB
Active:           414740 kB
Mem:          3.8G       752M       3.1G       5.7M        55M       319M

MemTotal:        4016004 kB
MemFree:         3245140 kB
Active:           414740 kB
Mem:          3.8G       752M       3.1G       5.7M        55M       319M

MemTotal:        4016004 kB
MemFree:         3245620 kB
Active:           414716 kB
Mem:          3.8G       752M       3.1G       5.7M        55M       319M

MemTotal:        4016004 kB
MemFree:         3245728 kB
Active:           414708 kB
Mem:          3.8G       752M       3.1G       5.7M        55M       319M

MemTotal:        4016004 kB
MemFree:         3245356 kB
Active:           414756 kB
Mem:          3.8G       752M       3.1G       5.7M        55M       319M

MemTotal:        4016004 kB
MemFree:         3245712 kB
Active:           414736 kB
Mem:          3.8G       751M       3.1G       5.7M        55M       319M

MemTotal:        4016004 kB
MemFree:         3246164 kB
Active:           414752 kB
Mem:          3.8G       751M       3.1G       5.7M        55M       319M

MemTotal:        4016004 kB
MemFree:         3244240 kB
Active:           414684 kB
Mem:          3.8G       753M       3.1G       5.7M        55M       319M

MemTotal:        4016004 kB
MemFree:         3244240 kB
Active:           416760 kB
Mem:          3.8G       753M       3.1G       5.7M        55M       319M

MemTotal:        4016004 kB
MemFree:         3244488 kB
Active:           416760 kB
Mem:          3.8G       753M       3.1G       5.7M        55M       319M

MemTotal:        4016004 kB
MemFree:         3243992 kB
Active:           416788 kB
Mem:          3.8G       753M       3.1G       5.7M        55M       319M

MemTotal:        4016004 kB
MemFree:         3244116 kB
Active:           416772 kB
Mem:          3.8G       753M       3.1G       5.7M        55M       319M

MemTotal:        4016004 kB
MemFree:         3243976 kB
Active:           416784 kB
Mem:          3.8G       753M       3.1G       5.7M        55M       319M

MemTotal:        4016004 kB
MemFree:         3244192 kB
Active:           416792 kB
Mem:          3.8G       753M       3.1G       5.7M        55M       319M

MemTotal:        4016004 kB
MemFree:         3243804 kB
Active:           416792 kB
Mem:          3.8G       754M       3.1G       5.7M        55M       319M

MemTotal:        4016004 kB
MemFree:         3243664 kB
Active:           416788 kB
Mem:          3.8G       754M       3.1G       5.7M        55M       319M

MemTotal:        4016004 kB
MemFree:         3243912 kB
Active:           416752 kB
Mem:          3.8G       754M       3.1G       5.7M        55M       319M

MemTotal:        4016004 kB
MemFree:         3243868 kB
Active:           416788 kB
Mem:          3.8G       753M       3.1G       5.7M        55M       319M

MemTotal:        4016004 kB
MemFree:         3243620 kB
Active:           416804 kB
Mem:          3.8G       754M       3.1G       5.7M        55M       319M

MemTotal:        4016004 kB
MemFree:         3243992 kB
Active:           416788 kB
Mem:          3.8G       753M       3.1G       5.7M        55M       319M

MemTotal:        4016004 kB
MemFree:         3243992 kB
Active:           416752 kB
Mem:          3.8G       754M       3.1G       5.7M        55M       319M

MemTotal:        4016004 kB
MemFree:         3243696 kB
Active:           417040 kB
Mem:          3.8G       754M       3.1G       5.7M        55M       319M

MemTotal:        4016004 kB
MemFree:         3199448 kB
Active:           418132 kB
Mem:          3.8G       798M       3.1G       5.7M        55M       360M

MemTotal:        4016004 kB
MemFree:         3152284 kB
Active:           418192 kB
Mem:          3.8G       843M       3.0G       5.7M        55M       404M

MemTotal:        4016004 kB
MemFree:         3107548 kB
Active:           418224 kB
Mem:          3.8G       887M       3.0G       5.7M        55M       447M

MemTotal:        4016004 kB
MemFree:         3061260 kB
Active:           418260 kB
Mem:          3.8G       933M       2.9G       5.7M        55M       492M

MemTotal:        4016004 kB
MemFree:         3014756 kB
Active:           418284 kB
Mem:          3.8G       977M       2.9G       5.7M        55M       537M

MemTotal:        4016004 kB
MemFree:         2969772 kB
Active:           418304 kB
Mem:          3.8G       1.0G       2.8G       5.7M        55M       579M

MemTotal:        4016004 kB
MemFree:         2923392 kB
Active:           418332 kB
Mem:          3.8G       1.0G       2.8G       5.7M        55M       624M

MemTotal:        4016004 kB
MemFree:         2878640 kB
Active:           418356 kB
Mem:          3.8G       1.1G       2.7G       5.7M        55M       667M

MemTotal:        4016004 kB
MemFree:         2833372 kB
Active:           418376 kB
Mem:          3.8G       1.1G       2.7G       5.7M        55M       711M

MemTotal:        4016004 kB
MemFree:         2787376 kB
Active:           418400 kB
Mem:          3.8G       1.2G       2.7G       5.7M        55M       756M

MemTotal:        4016004 kB
MemFree:         2740936 kB
Active:           418432 kB
Mem:          3.8G       1.2G       2.6G       5.7M        55M       800M

MemTotal:        4016004 kB
MemFree:         2704576 kB
Active:           418460 kB
Mem:          3.8G       1.3G       2.6G       5.7M        55M       835M

MemTotal:        4016004 kB
MemFree:         2659840 kB
Active:           418484 kB
Mem:          3.8G       1.3G       2.5G       5.7M        55M       879M

MemTotal:        4016004 kB
MemFree:         2613340 kB
Active:           418508 kB
Mem:          3.8G       1.3G       2.5G       5.7M        56M       922M

MemTotal:        4016004 kB
MemFree:         2568828 kB
Active:           418516 kB
Mem:          3.8G       1.4G       2.4G       5.7M        56M       965M

MemTotal:        4016004 kB
MemFree:         2522352 kB
Active:           418548 kB
Mem:          3.8G       1.4G       2.4G       5.7M        56M       1.0G

MemTotal:        4016004 kB
MemFree:         2522120 kB
Active:           418560 kB
Mem:          3.8G       1.4G       2.4G       5.7M        56M       1.0G

MemTotal:        4016004 kB
MemFree:         2522092 kB
Active:           418612 kB
Mem:          3.8G       1.4G       2.4G       5.7M        56M       1.0G

MemTotal:        4016004 kB
MemFree:         2522444 kB
Active:           418596 kB
Mem:          3.8G       1.4G       2.4G       5.7M        56M       1.0G

MemTotal:        4016004 kB
MemFree:         2475656 kB
Active:           418600 kB
Mem:          3.8G       1.5G       2.4G       5.7M        56M       1.0G

MemTotal:        4016004 kB
MemFree:         2431044 kB
Active:           418656 kB
Mem:          3.8G       1.5G       2.3G       5.7M        56M       1.1G

MemTotal:        4016004 kB
MemFree:         2384556 kB
Active:           418680 kB
Mem:          3.8G       1.6G       2.3G       5.7M        56M       1.1G

MemTotal:        4016004 kB
MemFree:         2338952 kB
Active:           418708 kB
Mem:          3.8G       1.6G       2.2G       5.7M        56M       1.2G

MemTotal:        4016004 kB
MemFree:         2293720 kB
Active:           418716 kB
Mem:          3.8G       1.6G       2.2G       5.7M        56M       1.2G

MemTotal:        4016004 kB
MemFree:         2247356 kB
Active:           418704 kB
Mem:          3.8G       1.7G       2.1G       5.7M        56M       1.2G

MemTotal:        4016004 kB
MemFree:         2201364 kB
Active:           418764 kB
Mem:          3.8G       1.7G       2.1G       5.7M        56M       1.3G

MemTotal:        4016004 kB
MemFree:         2160196 kB
Active:           418752 kB
Mem:          3.8G       1.8G       2.1G       5.7M        56M       1.3G

MemTotal:        4016004 kB
MemFree:         2160328 kB
Active:           418804 kB
Mem:          3.8G       1.8G       2.1G       5.7M        56M       1.3G

MemTotal:        4016004 kB
MemFree:         2160224 kB
Active:           418792 kB
Mem:          3.8G       1.8G       2.1G       5.7M        56M       1.3G

MemTotal:        4016004 kB
MemFree:         2135220 kB
Active:           418824 kB
Mem:          3.8G       1.8G       2.0G       5.7M        56M       1.4G

MemTotal:        4016004 kB
MemFree:         2090408 kB
Active:           418828 kB
Mem:          3.8G       1.8G       2.0G       5.7M        56M       1.4G

MemTotal:        4016004 kB
MemFree:         2044432 kB
Active:           418872 kB
Mem:          3.8G       1.9G       1.9G       5.7M        56M       1.4G

MemTotal:        4016004 kB
MemFree:         1997944 kB
Active:           418872 kB
Mem:          3.8G       1.9G       1.9G       5.7M        56M       1.5G

MemTotal:        4016004 kB
MemFree:         1953704 kB
Active:           418900 kB
Mem:          3.8G       2.0G       1.9G       5.7M        56M       1.5G

MemTotal:        4016004 kB
MemFree:         1908028 kB
Active:           418940 kB
Mem:          3.8G       2.0G       1.8G       5.7M        56M       1.6G

MemTotal:        4016004 kB
MemFree:         1860984 kB
Active:           416916 kB
Mem:          3.8G       2.1G       1.8G       5.7M        56M       1.6G

MemTotal:        4016004 kB
MemFree:         1816404 kB
Active:           419012 kB
Mem:          3.8G       2.1G       1.7G       5.7M        56M       1.6G

MemTotal:        4016004 kB
MemFree:         1780772 kB
Active:           419032 kB
Mem:          3.8G       2.1G       1.7G       5.7M        56M       1.7G

MemTotal:        4016004 kB
MemFree:         1746132 kB
Active:           419020 kB
Mem:          3.8G       2.2G       1.7G       5.7M        56M       1.7G

MemTotal:        4016004 kB
MemFree:         1699784 kB
Active:           419084 kB
Mem:          3.8G       2.2G       1.6G       5.7M        56M       1.8G

MemTotal:        4016004 kB
MemFree:         1655172 kB
Active:           419072 kB
Mem:          3.8G       2.3G       1.6G       5.7M        56M       1.8G

MemTotal:        4016004 kB
MemFree:         1608808 kB
Active:           419084 kB
Mem:          3.8G       2.3G       1.5G       5.7M        56M       1.8G

MemTotal:        4016004 kB
MemFree:         1562584 kB
Active:           419144 kB
Mem:          3.8G       2.3G       1.5G       5.7M        56M       1.9G

MemTotal:        4016004 kB
MemFree:         1518540 kB
Active:           419160 kB
Mem:          3.8G       2.4G       1.4G       5.7M        56M       1.9G

MemTotal:        4016004 kB
MemFree:         1472008 kB
Active:           419216 kB
Mem:          3.8G       2.4G       1.4G       5.7M        56M       2.0G

MemTotal:        4016004 kB
MemFree:         1425564 kB
Active:           417172 kB
Mem:          3.8G       2.5G       1.4G       5.7M        56M       2.0G

MemTotal:        4016004 kB
MemFree:         1381060 kB
Active:           419264 kB
Mem:          3.8G       2.5G       1.3G       5.7M        56M       2.1G

MemTotal:        4016004 kB
MemFree:         1347412 kB
Active:           419264 kB
Mem:          3.8G       2.5G       1.3G       5.7M        56M       2.1G

MemTotal:        4016004 kB
MemFree:         1347056 kB
Active:           419308 kB
Mem:          3.8G       2.5G       1.3G       5.7M        56M       2.1G

MemTotal:        4016004 kB
MemFree:         1337868 kB
Active:           419272 kB
Mem:          3.8G       2.6G       1.3G       5.7M        56M       2.1G

MemTotal:        4016004 kB
MemFree:         1293228 kB
Active:           419328 kB
Mem:          3.8G       2.6G       1.2G       5.7M        56M       2.1G

MemTotal:        4016004 kB
MemFree:         1246636 kB
Active:           419360 kB
Mem:          3.8G       2.6G       1.2G       5.7M        56M       2.2G

MemTotal:        4016004 kB
MemFree:         1201756 kB
Active:           419380 kB
Mem:          3.8G       2.7G       1.1G       5.7M        56M       2.2G

MemTotal:        4016004 kB
MemFree:         1156012 kB
Active:           419412 kB
Mem:          3.8G       2.7G       1.1G       5.7M        56M       2.3G

MemTotal:        4016004 kB
MemFree:         1109912 kB
Active:           419436 kB
Mem:          3.8G       2.8G       1.1G       5.7M        56M       2.3G

MemTotal:        4016004 kB
MemFree:         1063664 kB
Active:           417480 kB
Mem:          3.8G       2.8G       1.0G       5.7M        56M       2.4G

MemTotal:        4016004 kB
MemFree:         1018424 kB
Active:           419484 kB
Mem:          3.8G       2.9G       993M       5.7M        56M       2.4G

MemTotal:        4016004 kB
MemFree:          973760 kB
Active:           419504 kB
Mem:          3.8G       2.9G       950M       5.7M        56M       2.4G

MemTotal:        4016004 kB
MemFree:          961856 kB
Active:           419496 kB
Mem:          3.8G       2.9G       938M       5.7M        56M       2.5G

MemTotal:        4016004 kB
MemFree:          923668 kB
Active:           419564 kB
Mem:          3.8G       2.9G       901M       5.7M        56M       2.5G

MemTotal:        4016004 kB
MemFree:          878652 kB
Active:           419580 kB
Mem:          3.8G       3.0G       857M       5.7M        56M       2.5G

MemTotal:        4016004 kB
MemFree:          832800 kB
Active:           419608 kB
Mem:          3.8G       3.0G       812M       5.7M        56M       2.6G

MemTotal:        4016004 kB
MemFree:          787464 kB
Active:           419624 kB
Mem:          3.8G       3.1G       768M       5.7M        56M       2.6G

MemTotal:        4016004 kB
MemFree:          740968 kB
Active:           419632 kB
Mem:          3.8G       3.1G       723M       5.7M        57M       2.7G

MemTotal:        4016004 kB
MemFree:          739976 kB
Active:           419700 kB
Mem:          3.8G       3.1G       722M       5.7M        57M       2.7G

MemTotal:        4016004 kB
MemFree:          737412 kB
Active:           419748 kB
Mem:          3.8G       3.1G       719M       5.7M        57M       2.7G

MemTotal:        4016004 kB
MemFree:          691948 kB
Active:           419720 kB
Mem:          3.8G       3.2G       675M       5.7M        57M       2.7G

MemTotal:        4016004 kB
MemFree:          645848 kB
Active:           419716 kB
Mem:          3.8G       3.2G       629M       5.7M        57M       2.7G

MemTotal:        4016004 kB
MemFree:          601236 kB
Active:           419768 kB
Mem:          3.8G       3.3G       586M       5.7M        57M       2.8G

MemTotal:        4016004 kB
MemFree:          555492 kB
Active:           419772 kB
Mem:          3.8G       3.3G       541M       5.7M        57M       2.8G

MemTotal:        4016004 kB
MemFree:          509888 kB
Active:           419772 kB
Mem:          3.8G       3.3G       496M       5.7M        57M       2.9G

MemTotal:        4016004 kB
MemFree:          464020 kB
Active:           419816 kB
Mem:          3.8G       3.4G       452M       5.7M        57M       2.9G

MemTotal:        4016004 kB
MemFree:          418044 kB
Active:           419872 kB
Mem:          3.8G       3.4G       407M       5.7M        57M       3.0G

MemTotal:        4016004 kB
MemFree:          373552 kB
Active:           419868 kB
Mem:          3.8G       3.5G       363M       5.7M        57M       3.0G

MemTotal:        4016004 kB
MemFree:          325484 kB
Active:           419940 kB
Mem:          3.8G       3.5G       317M       5.7M        57M       3.0G

MemTotal:        4016004 kB
MemFree:          281560 kB
Active:           419944 kB
Mem:          3.8G       3.6G       273M       5.7M        57M       3.1G

MemTotal:        4016004 kB
MemFree:          235668 kB
Active:           419812 kB
Mem:          3.8G       3.6G       229M       5.7M        57M       3.1G

MemTotal:        4016004 kB
MemFree:          210216 kB
Active:           419800 kB
Mem:          3.8G       3.6G       204M       5.7M        57M       3.2G

MemTotal:        4016004 kB
MemFree:          163992 kB
Active:           419864 kB
Mem:          3.8G       3.7G       159M       5.7M        57M       3.2G

MemTotal:        4016004 kB
MemFree:          119024 kB
Active:           419880 kB
Mem:          3.8G       3.7G       115M       5.7M        57M       3.2G

MemTotal:        4016004 kB
MemFree:          127280 kB
Active:           425432 kB
Mem:          3.8G       3.7G       127M       5.7M        22M       3.3G

MemTotal:        4016004 kB
MemFree:          126344 kB
Active:           478516 kB
Mem:          3.8G       3.7G       122M       5.7M        22M       3.3G

MemTotal:        4016004 kB
MemFree:          139432 kB
Active:           473336 kB
Mem:          3.8G       3.7G       134M       5.7M        22M       3.3G

MemTotal:        4016004 kB
MemFree:          131384 kB
Active:           470040 kB
Mem:          3.8G       3.7G       127M       5.7M        22M       3.3G

MemTotal:        4016004 kB
MemFree:          121616 kB
Active:           466472 kB
Mem:          3.8G       3.7G       118M       5.7M        22M       3.3G

MemTotal:        4016004 kB
MemFree:          113708 kB
Active:           463040 kB
Mem:          3.8G       3.7G       109M       5.7M        22M       3.3G

MemTotal:        4016004 kB
MemFree:          105380 kB
Active:           459616 kB
Mem:          3.8G       3.7G       121M       5.7M        22M       3.3G

MemTotal:        4016004 kB
MemFree:          107364 kB
Active:           453888 kB
Mem:          3.8G       3.7G       104M       5.7M        22M       3.3G

MemTotal:        4016004 kB
MemFree:          128188 kB
Active:           445492 kB
Mem:          3.8G       3.7G       124M       5.7M        22M       3.3G

MemTotal:        4016004 kB
MemFree:          111308 kB
Active:           442364 kB
Mem:          3.8G       3.7G       108M       5.7M        22M       3.3G

MemTotal:        4016004 kB
MemFree:          128172 kB
Active:           437520 kB
Mem:          3.8G       3.7G       124M       5.7M        22M       3.3G

MemTotal:        4016004 kB
MemFree:          128128 kB
Active:           435500 kB
Mem:          3.8G       3.7G       125M       5.7M        22M       3.3G

MemTotal:        4016004 kB
MemFree:          119916 kB
Active:           437412 kB
Mem:          3.8G       3.7G       116M       5.7M        22M       3.3G

MemTotal:        4016004 kB
MemFree:          112196 kB
Active:           432048 kB
Mem:          3.8G       3.7G       108M       5.7M        22M       3.3G

MemTotal:        4016004 kB
MemFree:          120160 kB
Active:           427048 kB
Mem:          3.8G       3.7G       116M       5.7M        22M       3.3G

MemTotal:        4016004 kB
MemFree:          110500 kB
Active:           425912 kB
Mem:          3.8G       3.7G       107M       5.7M        22M       3.3G

MemTotal:        4016004 kB
MemFree:          127004 kB
Active:           424304 kB
Mem:          3.8G       3.7G       123M       5.7M        22M       3.3G

MemTotal:        4016004 kB
MemFree:          128024 kB
Active:           422396 kB
Mem:          3.8G       3.7G       124M       5.7M        22M       3.3G

MemTotal:        4016004 kB
MemFree:          106588 kB
Active:           420916 kB
Mem:          3.8G       3.7G       103M       5.7M        22M       3.3G

MemTotal:        4016004 kB
MemFree:          128052 kB
Active:           418740 kB
Mem:          3.8G       3.7G       123M       5.7M        22M       3.3G

MemTotal:        4016004 kB
MemFree:          130844 kB
Active:           417112 kB
Mem:          3.8G       3.7G       128M       5.7M        22M       3.3G

MemTotal:        4016004 kB
MemFree:          136124 kB
Active:           415120 kB
Mem:          3.8G       3.7G       133M       5.7M        22M       3.3G

MemTotal:        4016004 kB
MemFree:          141668 kB
Active:           415752 kB
Mem:          3.8G       3.7G       136M       5.7M        22M       3.3G

MemTotal:        4016004 kB
MemFree:          133160 kB
Active:           414724 kB
Mem:          3.8G       3.7G       129M       5.7M        22M       3.3G

MemTotal:        4016004 kB
MemFree:          123600 kB
Active:           413460 kB
Mem:          3.8G       3.7G       119M       5.7M        22M       3.3G

MemTotal:        4016004 kB
MemFree:          132032 kB
Active:           411484 kB
Mem:          3.8G       3.7G       128M       5.7M        22M       3.3G

MemTotal:        4016004 kB
MemFree:          131060 kB
Active:           411456 kB
Mem:          3.8G       3.7G       127M       5.7M        22M       3.3G

MemTotal:        4016004 kB
MemFree:          128436 kB
Active:           408904 kB
Mem:          3.8G       3.7G       125M       5.7M        22M       3.3G

MemTotal:        4016004 kB
MemFree:          133044 kB
Active:           407384 kB
Mem:          3.8G       3.7G       128M       5.7M        22M       3.3G

MemTotal:        4016004 kB
MemFree:          112348 kB
Active:           406628 kB
Mem:          3.8G       3.7G       109M       5.7M        22M       3.3G

MemTotal:        4016004 kB
MemFree:          127336 kB
Active:           404968 kB
Mem:          3.8G       3.7G       124M       5.7M        22M       3.3G

MemTotal:        4016004 kB
MemFree:          106328 kB
Active:           403620 kB
Mem:          3.8G       3.7G       103M       5.7M        22M       3.3G

MemTotal:        4016004 kB
MemFree:          127048 kB
Active:           401448 kB
Mem:          3.8G       3.7G       123M       5.7M        22M       3.3G

MemTotal:        4016004 kB
MemFree:          130820 kB
Active:           399952 kB
Mem:          3.8G       3.7G       127M       5.7M        22M       3.3G

MemTotal:        4016004 kB
MemFree:          121332 kB
Active:           398692 kB
Mem:          3.8G       3.7G       117M       5.7M        22M       3.3G

MemTotal:        4016004 kB
MemFree:          130948 kB
Active:           397036 kB
Mem:          3.8G       3.7G       127M       5.7M        22M       3.3G

MemTotal:        4016004 kB
MemFree:          129956 kB
Active:           397068 kB
Mem:          3.8G       3.7G       126M       5.7M        22M       3.3G

MemTotal:        4016004 kB
MemFree:          129960 kB
Active:           397064 kB
Mem:          3.8G       3.7G       126M       5.7M        22M       3.3G

MemTotal:        4016004 kB
MemFree:          130056 kB
Active:           397072 kB
Mem:          3.8G       3.7G       127M       5.7M        22M       3.3G

MemTotal:        4016004 kB
MemFree:          107448 kB
Active:           397096 kB
Mem:          3.8G       3.7G       104M       5.7M        22M       3.3G

MemTotal:        4016004 kB
MemFree:          116220 kB
Active:           395088 kB
Mem:          3.8G       3.7G       112M       5.7M        23M       3.3G

MemTotal:        4016004 kB
MemFree:          107180 kB
Active:           393968 kB
Mem:          3.8G       3.7G       104M       5.7M        23M       3.3G

MemTotal:        4016004 kB
MemFree:          114648 kB
Active:           389932 kB
Mem:          3.8G       3.7G       111M       5.7M        23M       3.3G

MemTotal:        4016004 kB
MemFree:          106988 kB
Active:           388788 kB
Mem:          3.8G       3.7G       120M       5.7M        23M       3.3G

MemTotal:        4016004 kB
MemFree:          127832 kB
Active:           386612 kB
Mem:          3.8G       3.7G       124M       5.7M        23M       3.3G

MemTotal:        4016004 kB
MemFree:          112360 kB
Active:           385652 kB
Mem:          3.8G       3.7G       109M       5.7M        23M       3.3G

MemTotal:        4016004 kB
MemFree:          127992 kB
Active:           384036 kB
Mem:          3.8G       3.7G       124M       5.7M        23M       3.3G

MemTotal:        4016004 kB
MemFree:          105732 kB
Active:           382624 kB
Mem:          3.8G       3.7G       103M       5.7M        23M       3.3G

MemTotal:        4016004 kB
MemFree:          127060 kB
Active:           380636 kB
Mem:          3.8G       3.7G       123M       5.7M        23M       3.3G

MemTotal:        4016004 kB
MemFree:          126312 kB
Active:           378836 kB
Mem:          3.8G       3.7G       123M       5.7M        23M       3.3G

MemTotal:        4016004 kB
MemFree:          117336 kB
Active:           377604 kB
Mem:          3.8G       3.7G       113M       5.7M        23M       3.3G

MemTotal:        4016004 kB
MemFree:          108428 kB
Active:           378496 kB
Mem:          3.8G       3.7G       103M       5.7M        23M       3.3G

MemTotal:        4016004 kB
MemFree:          135128 kB
Active:           376328 kB
Mem:          3.8G       3.7G       131M       5.7M        23M       3.3G

MemTotal:        4016004 kB
MemFree:          126880 kB
Active:           375236 kB
Mem:          3.8G       3.7G       121M       5.7M        23M       3.3G

MemTotal:        4016004 kB
MemFree:          129192 kB
Active:           373432 kB
Mem:          3.8G       3.7G       125M       5.7M        23M       3.3G

MemTotal:        4016004 kB
MemFree:          137376 kB
Active:           371540 kB
Mem:          3.8G       3.7G       132M       5.7M        23M       3.3G

MemTotal:        4016004 kB
MemFree:          116224 kB
Active:           371460 kB
Mem:          3.8G       3.7G       113M       5.7M        23M       3.3G

MemTotal:        4016004 kB
MemFree:          108316 kB
Active:           370324 kB
Mem:          3.8G       3.7G       103M       5.7M        23M       3.3G

MemTotal:        4016004 kB
MemFree:          134988 kB
Active:           368184 kB
Mem:          3.8G       3.7G       131M       5.7M        23M       3.3G

MemTotal:        4016004 kB
MemFree:          124956 kB
Active:           367932 kB
Mem:          3.8G       3.7G       121M       5.7M        23M       3.3G

MemTotal:        4016004 kB
MemFree:          109756 kB
Active:           367836 kB
Mem:          3.8G       3.7G       107M       5.7M        23M       3.3G

MemTotal:        4016004 kB
MemFree:          104964 kB
Active:           367860 kB
Mem:          3.8G       3.7G       125M       5.7M        23M       3.3G

MemTotal:        4016004 kB
MemFree:          128836 kB
Active:           369760 kB
Mem:          3.8G       3.7G       125M       5.7M        23M       3.3G

MemTotal:        4016004 kB
MemFree:          113740 kB
Active:           369244 kB
Mem:          3.8G       3.7G       110M       5.7M        23M       3.3G

MemTotal:        4016004 kB
MemFree:          133892 kB
Active:           368892 kB
Mem:          3.8G       3.7G       130M       5.7M        23M       3.3G

MemTotal:        4016004 kB
MemFree:          127224 kB
Active:           368924 kB
Mem:          3.8G       3.7G       124M       5.7M        23M       3.3G

MemTotal:        4016004 kB
MemFree:          125428 kB
Active:           368924 kB
Mem:          3.8G       3.7G       122M       5.7M        23M       3.3G

MemTotal:        4016004 kB
MemFree:          112764 kB
Active:           368972 kB
Mem:          3.8G       3.7G       110M       5.7M        23M       3.3G

MemTotal:        4016004 kB
MemFree:          127324 kB
Active:           368984 kB
Mem:          3.8G       3.7G       123M       5.7M        23M       3.3G

MemTotal:        4016004 kB
MemFree:          106348 kB
Active:           369040 kB
Mem:          3.8G       3.7G       102M       5.7M        23M       3.3G

MemTotal:        4016004 kB
MemFree:          127200 kB
Active:           368912 kB
Mem:          3.8G       3.7G       123M       5.7M        23M       3.3G

MemTotal:        4016004 kB
MemFree:          106968 kB
Active:           367056 kB
Mem:          3.8G       3.7G       125M       5.7M        23M       3.3G

MemTotal:        4016004 kB
MemFree:          126356 kB
Active:           366360 kB
Mem:          3.8G       3.7G       123M       5.7M        23M       3.3G

MemTotal:        4016004 kB
MemFree:          118056 kB
Active:           366372 kB
Mem:          3.8G       3.7G       114M       5.7M        23M       3.3G

MemTotal:        4016004 kB
MemFree:          109528 kB
Active:           366420 kB
Mem:          3.8G       3.7G       105M       5.7M        23M       3.3G

MemTotal:        4016004 kB
MemFree:          118096 kB
Active:           366428 kB
Mem:          3.8G       3.7G       113M       5.7M        23M       3.3G

MemTotal:        4016004 kB
MemFree:          116156 kB
Active:           366488 kB
Mem:          3.8G       3.7G       113M       5.7M        23M       3.3G

MemTotal:        4016004 kB
MemFree:          128172 kB
Active:           366472 kB
Mem:          3.8G       3.7G       124M       5.7M        23M       3.3G

MemTotal:        4016004 kB
MemFree:          125024 kB
Active:           366508 kB
Mem:          3.8G       3.7G       121M       5.7M        23M       3.3G

MemTotal:        4016004 kB
MemFree:          105708 kB
Active:           366432 kB
Mem:          3.8G       3.7G       125M       5.7M        23M       3.3G

MemTotal:        4016004 kB
MemFree:          128252 kB
Active:           366448 kB
Mem:          3.8G       3.7G       125M       5.7M        23M       3.3G

MemTotal:        4016004 kB
MemFree:          125996 kB
Active:           366516 kB
Mem:          3.8G       3.7G       122M       5.7M        23M       3.3G

MemTotal:        4016004 kB
MemFree:          123408 kB
Active:           366492 kB
Mem:          3.8G       3.7G       119M       5.7M        23M       3.3G

MemTotal:        4016004 kB
MemFree:          127640 kB
Active:           366504 kB
Mem:          3.8G       3.7G       124M       5.7M        23M       3.3G

MemTotal:        4016004 kB
MemFree:          124088 kB
Active:           366544 kB
Mem:          3.8G       3.7G       120M       5.7M        23M       3.3G

MemTotal:        4016004 kB
MemFree:          107996 kB
Active:           366552 kB
Mem:          3.8G       3.7G       104M       5.7M        23M       3.3G

MemTotal:        4016004 kB
MemFree:          129072 kB
Active:           366608 kB
Mem:          3.8G       3.7G       125M       5.7M        23M       3.3G

MemTotal:        4016004 kB
MemFree:          120188 kB
Active:           366536 kB
Mem:          3.8G       3.7G       117M       5.7M        24M       3.3G

MemTotal:        4016004 kB
MemFree:          110528 kB
Active:           366588 kB
Mem:          3.8G       3.7G       107M       5.7M        24M       3.3G

MemTotal:        4016004 kB
MemFree:          120012 kB
Active:           366320 kB
Mem:          3.8G       3.7G       117M       5.7M        24M       3.3G

MemTotal:        4016004 kB
MemFree:          111852 kB
Active:           366336 kB
Mem:          3.8G       3.7G       109M       5.7M        24M       3.3G

MemTotal:        4016004 kB
MemFree:          126500 kB
Active:           366364 kB
Mem:          3.8G       3.7G       123M       5.7M        24M       3.3G

MemTotal:        4016004 kB
MemFree:          126748 kB
Active:           366124 kB
Mem:          3.8G       3.7G       123M       5.7M        24M       3.3G

MemTotal:        4016004 kB
MemFree:          124728 kB
Active:           365344 kB
Mem:          3.8G       3.7G       120M       5.7M        24M       3.3G

MemTotal:        4016004 kB
MemFree:          126140 kB
Active:           365380 kB
Mem:          3.8G       3.7G       122M       5.7M        24M       3.3G

MemTotal:        4016004 kB
MemFree:          125676 kB
Active:           365360 kB
Mem:          3.8G       3.7G       122M       5.7M        24M       3.3G

MemTotal:        4016004 kB
MemFree:          117852 kB
Active:           365272 kB
Mem:          3.8G       3.7G       114M       5.7M        24M       3.3G

MemTotal:        4016004 kB
MemFree:          133272 kB
Active:           365392 kB
Mem:          3.8G       3.7G       129M       5.7M        24M       3.3G

MemTotal:        4016004 kB
MemFree:          118916 kB
Active:           365440 kB
Mem:          3.8G       3.7G       116M       5.7M        24M       3.3G

MemTotal:        4016004 kB
MemFree:          110868 kB
Active:           365412 kB
Mem:          3.8G       3.7G       107M       5.7M        24M       3.3G

MemTotal:        4016004 kB
MemFree:          123796 kB
Active:           365472 kB
Mem:          3.8G       3.7G       120M       5.7M        24M       3.3G

MemTotal:        4016004 kB
MemFree:          137308 kB
Active:           365512 kB
Mem:          3.8G       3.7G       133M       5.7M        24M       3.2G

MemTotal:        4016004 kB
MemFree:          129584 kB
Active:           365504 kB
Mem:          3.8G       3.7G       126M       5.7M        24M       3.3G

MemTotal:        4016004 kB
MemFree:          121496 kB
Active:           365560 kB
Mem:          3.8G       3.7G       118M       5.7M        24M       3.3G

MemTotal:        4016004 kB
MemFree:          115096 kB
Active:           363100 kB
Mem:          3.8G       3.7G       111M       5.7M        24M       3.3G

MemTotal:        4016004 kB
MemFree:          106568 kB
Active:           363128 kB
Mem:          3.8G       3.7G       103M       5.7M        24M       3.3G

MemTotal:        4016004 kB
MemFree:          134248 kB
Active:           363160 kB
Mem:          3.8G       3.7G       130M       5.7M        24M       3.3G

MemTotal:        4016004 kB
MemFree:          125332 kB
Active:           363172 kB
Mem:          3.8G       3.7G       122M       5.7M        24M       3.3G

MemTotal:        4016004 kB
MemFree:          110356 kB
Active:           363224 kB
Mem:          3.8G       3.7G       106M       5.7M        24M       3.3G

MemTotal:        4016004 kB
MemFree:          135524 kB
Active:           363244 kB
Mem:          3.8G       3.7G       132M       5.7M        24M       3.2G

MemTotal:        4016004 kB
MemFree:          114020 kB
Active:           365312 kB
Mem:          3.8G       3.7G       110M       5.7M        24M       3.3G

MemTotal:        4016004 kB
MemFree:          126156 kB
Active:           364432 kB
Mem:          3.8G       3.7G       122M       5.7M        24M       3.3G

MemTotal:        4016004 kB
MemFree:          125876 kB
Active:           364200 kB
Mem:          3.8G       3.7G       122M       5.7M        24M       3.3G

MemTotal:        4016004 kB
MemFree:          108848 kB
Active:           364196 kB
Mem:          3.8G       3.7G       105M       5.7M        24M       3.3G

MemTotal:        4016004 kB
MemFree:          125868 kB
Active:           364124 kB
Mem:          3.8G       3.7G       122M       5.7M        24M       3.3G

MemTotal:        4016004 kB
MemFree:          128272 kB
Active:           364128 kB
Mem:          3.8G       3.7G       124M       5.7M        24M       3.3G

MemTotal:        4016004 kB
MemFree:          127908 kB
Active:           364144 kB
Mem:          3.8G       3.7G       124M       5.7M        24M       3.3G

MemTotal:        4016004 kB
MemFree:          114064 kB
Active:           364140 kB
Mem:          3.8G       3.7G       110M       5.7M        24M       3.3G

MemTotal:        4016004 kB
MemFree:          105288 kB
Active:           364168 kB
Mem:          3.8G       3.7G       115M       5.7M        24M       3.3G

MemTotal:        4016004 kB
MemFree:          126396 kB
Active:           364040 kB
Mem:          3.8G       3.7G       122M       5.7M        24M       3.3G

MemTotal:        4016004 kB
MemFree:          111900 kB
Active:           364108 kB
Mem:          3.8G       3.7G       109M       5.7M        24M       3.3G

MemTotal:        4016004 kB
MemFree:          127388 kB
Active:           364120 kB
Mem:          3.8G       3.7G       123M       5.7M        24M       3.3G

MemTotal:        4016004 kB
MemFree:          127928 kB
Active:           361408 kB
Mem:          3.8G       3.7G       124M       5.7M        24M       3.3G

MemTotal:        4016004 kB
MemFree:          106976 kB
Active:           361464 kB
Mem:          3.8G       3.7G       103M       5.7M        24M       3.3G

MemTotal:        4016004 kB
MemFree:          132704 kB
Active:           361432 kB
Mem:          3.8G       3.7G       128M       5.7M        24M       3.2G

MemTotal:        4016004 kB
MemFree:          111728 kB
Active:           361476 kB
Mem:          3.8G       3.7G       108M       5.7M        24M       3.3G

MemTotal:        4016004 kB
MemFree:          111360 kB
Active:           361488 kB
Mem:          3.8G       3.7G       108M       5.7M        24M       3.3G

MemTotal:        4016004 kB
MemFree:          111116 kB
Active:           361484 kB
Mem:          3.8G       3.7G       108M       5.7M        24M       3.3G

MemTotal:        4016004 kB
MemFree:          116524 kB
Active:           361500 kB
Mem:          3.8G       3.7G       113M       5.7M        24M       3.3G

MemTotal:        4016004 kB
MemFree:          108368 kB
Active:           361512 kB
Mem:          3.8G       3.7G       104M       5.7M        24M       3.3G

MemTotal:        4016004 kB
MemFree:          117076 kB
Active:           361576 kB
Mem:          3.8G       3.7G       113M       5.7M        24M       3.3G

MemTotal:        4016004 kB
MemFree:          120204 kB
Active:           361600 kB
Mem:          3.8G       3.7G       116M       5.7M        24M       3.3G

MemTotal:        4016004 kB
MemFree:          111412 kB
Active:           361596 kB
Mem:          3.8G       3.7G       107M       5.7M        24M       3.3G

MemTotal:        4016004 kB
MemFree:          127024 kB
Active:           361616 kB
Mem:          3.8G       3.7G       122M       5.7M        24M       3.3G

MemTotal:        4016004 kB
MemFree:          106356 kB
Active:           360912 kB
Mem:          3.8G       3.7G       103M       5.7M        24M       3.3G

MemTotal:        4016004 kB
MemFree:          133256 kB
Active:           360956 kB
Mem:          3.8G       3.7G       130M       5.7M        24M       3.2G

MemTotal:        4016004 kB
MemFree:          131264 kB
Active:           360976 kB
Mem:          3.8G       3.7G       127M       5.7M        24M       3.2G

MemTotal:        4016004 kB
MemFree:          122984 kB
Active:           360992 kB
Mem:          3.8G       3.7G       119M       5.7M        24M       3.3G

MemTotal:        4016004 kB
MemFree:          114028 kB
Active:           361032 kB
Mem:          3.8G       3.7G       111M       5.7M        25M       3.3G

MemTotal:        4016004 kB
MemFree:          105748 kB
Active:           361044 kB
Mem:          3.8G       3.7G       102M       5.7M        25M       3.3G

MemTotal:        4016004 kB
MemFree:          121576 kB
Active:           361048 kB
Mem:          3.8G       3.7G       118M       5.7M        25M       3.3G

MemTotal:        4016004 kB
MemFree:          133056 kB
Active:           361060 kB
Mem:          3.8G       3.7G       128M       5.7M        25M       3.2G

MemTotal:        4016004 kB
MemFree:          143472 kB
Active:           361080 kB
Mem:          3.8G       3.7G       138M       5.7M        25M       3.2G

MemTotal:        4016004 kB
MemFree:          141920 kB
Active:           354652 kB
Mem:          3.8G       3.7G       137M       5.7M        25M       3.2G

MemTotal:        4016004 kB
MemFree:          133480 kB
Active:           354480 kB
Mem:          3.8G       3.7G       130M       5.7M        25M       3.2G

MemTotal:        4016004 kB
MemFree:          125724 kB
Active:           354496 kB
Mem:          3.8G       3.7G       121M       5.7M        25M       3.3G

MemTotal:        4016004 kB
MemFree:          129984 kB
Active:           354496 kB
Mem:          3.8G       3.7G       126M       5.7M        25M       3.3G

MemTotal:        4016004 kB
MemFree:          110172 kB
Active:           354516 kB
Mem:          3.8G       3.7G       106M       5.7M        25M       3.3G

MemTotal:        4016004 kB
MemFree:          125520 kB
Active:           354576 kB
Mem:          3.8G       3.7G       122M       5.7M        25M       3.3G

MemTotal:        4016004 kB
MemFree:          135340 kB
Active:           354612 kB
Mem:          3.8G       3.7G       131M       5.7M        25M       3.2G

MemTotal:        4016004 kB
MemFree:          132928 kB
Active:           355772 kB
Mem:          3.8G       3.7G       129M       5.7M        25M       3.2G

MemTotal:        4016004 kB
MemFree:          147600 kB
Active:           355740 kB
Mem:          3.8G       3.7G       143M       5.7M        25M       3.2G

MemTotal:        4016004 kB
MemFree:          131740 kB
Active:           355812 kB
Mem:          3.8G       3.7G       127M       5.7M        25M       3.2G

MemTotal:        4016004 kB
MemFree:          118984 kB
Active:           353588 kB
Mem:          3.8G       3.7G       115M       5.7M        25M       3.3G

MemTotal:        4016004 kB
MemFree:          110304 kB
Active:           353624 kB
Mem:          3.8G       3.7G       106M       5.7M        25M       3.3G

MemTotal:        4016004 kB
MemFree:          143056 kB
Active:           353604 kB
Mem:          3.8G       3.7G       139M       5.7M        25M       3.2G

MemTotal:        4016004 kB
MemFree:          110616 kB
Active:           353648 kB
Mem:          3.8G       3.7G       107M       5.7M        25M       3.3G

MemTotal:        4016004 kB
MemFree:          125980 kB
Active:           353664 kB
Mem:          3.8G       3.7G       122M       5.7M        25M       3.3G

MemTotal:        4016004 kB
MemFree:          135456 kB
Active:           353704 kB
Mem:          3.8G       3.7G       131M       5.7M        25M       3.2G

MemTotal:        4016004 kB
MemFree:          136584 kB
Active:           353600 kB
Mem:          3.8G       3.7G       132M       5.7M        25M       3.2G

MemTotal:        4016004 kB
MemFree:          134024 kB
Active:           353592 kB
Mem:          3.8G       3.7G       130M       5.7M        25M       3.2G

MemTotal:        4016004 kB
MemFree:          138324 kB
Active:           353632 kB
Mem:          3.8G       3.7G       133M       5.7M        25M       3.2G

MemTotal:        4016004 kB
MemFree:          142588 kB
Active:           353680 kB
Mem:          3.8G       3.7G       138M       5.7M        25M       3.2G

MemTotal:        4016004 kB
MemFree:          108272 kB
Active:           353712 kB
Mem:          3.8G       3.7G       105M       5.7M        25M       3.3G

MemTotal:        4016004 kB
MemFree:          105824 kB
Active:           353744 kB
Mem:          3.8G       3.7G       103M       5.7M        25M       3.3G

MemTotal:        4016004 kB
MemFree:          135664 kB
Active:           353768 kB
Mem:          3.8G       3.7G       132M       5.7M        25M       3.2G

MemTotal:        4016004 kB
MemFree:          136072 kB
Active:           353764 kB
Mem:          3.8G       3.7G       132M       5.7M        25M       3.2G

MemTotal:        4016004 kB
MemFree:          134372 kB
Active:           353756 kB
Mem:          3.8G       3.7G       130M       5.7M        25M       3.2G

MemTotal:        4016004 kB
MemFree:          129180 kB
Active:           350288 kB
Mem:          3.8G       3.7G       124M       5.7M        25M       3.2G

MemTotal:        4016004 kB
MemFree:          113740 kB
Active:           350168 kB
Mem:          3.8G       3.7G       110M       5.7M        25M       3.3G

MemTotal:        4016004 kB
MemFree:          105584 kB
Active:           350200 kB
Mem:          3.8G       3.7G       125M       5.7M        25M       3.2G

MemTotal:        4016004 kB
MemFree:          104976 kB
Active:           350220 kB
Mem:          3.8G       3.7G       124M       5.7M        25M       3.2G

MemTotal:        4016004 kB
MemFree:          126440 kB
Active:           350244 kB
Mem:          3.8G       3.7G       122M       5.7M        25M       3.2G

MemTotal:        4016004 kB
MemFree:          106256 kB
Active:           350264 kB
Mem:          3.8G       3.7G       102M       5.7M        25M       3.3G

MemTotal:        4016004 kB
MemFree:          127408 kB
Active:           352208 kB
Mem:          3.8G       3.7G       123M       5.7M        27M       3.2G

MemTotal:        4016004 kB
MemFree:          120500 kB
Active:           353712 kB
Mem:          3.8G       3.7G       116M       5.7M        28M       3.3G

MemTotal:        4016004 kB
MemFree:          121456 kB
Active:           353996 kB
Mem:          3.8G       3.7G       118M       5.7M        28M       3.2G

MemTotal:        4016004 kB
MemFree:          112404 kB
Active:           353784 kB
Mem:          3.8G       3.7G       108M       5.7M        28M       3.3G

MemTotal:        4016004 kB
MemFree:          113780 kB
Active:           353340 kB
Mem:          3.8G       3.7G       110M       5.7M        28M       3.3G

MemTotal:        4016004 kB
MemFree:          121024 kB
Active:           353344 kB
Mem:          3.8G       3.7G       117M       5.7M        28M       3.2G

MemTotal:        4016004 kB
MemFree:          113724 kB
Active:           351060 kB
Mem:          3.8G       3.7G       110M       5.7M        28M       3.3G

MemTotal:        4016004 kB
MemFree:          109772 kB
Active:           351068 kB
Mem:          3.8G       3.7G       106M       5.7M        28M       3.3G

MemTotal:        4016004 kB
MemFree:          113904 kB
Active:           351112 kB
Mem:          3.8G       3.7G       110M       5.7M        28M       3.3G

MemTotal:        4016004 kB
MemFree:          108836 kB
Active:           351112 kB
Mem:          3.8G       3.7G       106M       5.7M        28M       3.3G

MemTotal:        4016004 kB
MemFree:          134988 kB
Active:           351084 kB
Mem:          3.8G       3.7G       130M       5.7M        28M       3.2G

MemTotal:        4016004 kB
MemFree:          125596 kB
Active:           351068 kB
Mem:          3.8G       3.7G       121M       5.7M        28M       3.2G

MemTotal:        4016004 kB
MemFree:          139636 kB
Active:           351124 kB
Mem:          3.8G       3.7G       135M       5.7M        28M       3.2G

MemTotal:        4016004 kB
MemFree:          134052 kB
Active:           351116 kB
Mem:          3.8G       3.7G       130M       5.7M        28M       3.2G

MemTotal:        4016004 kB
MemFree:          135424 kB
Active:           351124 kB
Mem:          3.8G       3.7G       131M       5.7M        28M       3.2G

MemTotal:        4016004 kB
MemFree:          125924 kB
Active:           351100 kB
Mem:          3.8G       3.7G       121M       5.7M        28M       3.2G

MemTotal:        4016004 kB
MemFree:          132896 kB
Active:           351100 kB
Mem:          3.8G       3.7G       128M       5.7M        28M       3.2G

MemTotal:        4016004 kB
MemFree:          132228 kB
Active:           351092 kB
Mem:          3.8G       3.7G       128M       5.7M        28M       3.2G

MemTotal:        4016004 kB
MemFree:          129156 kB
Active:           351140 kB
Mem:          3.8G       3.7G       125M       5.7M        28M       3.2G

MemTotal:        4016004 kB
MemFree:          108248 kB
Active:           351144 kB
Mem:          3.8G       3.7G       105M       5.7M        28M       3.3G

MemTotal:        4016004 kB
MemFree:          109432 kB
Active:           347600 kB
Mem:          3.8G       3.7G       105M       5.7M        28M       3.3G

MemTotal:        4016004 kB
MemFree:          130048 kB
Active:           347600 kB
Mem:          3.8G       3.7G       127M       5.7M        28M       3.2G

MemTotal:        4016004 kB
MemFree:          129928 kB
Active:           347580 kB
Mem:          3.8G       3.7G       126M       5.7M        28M       3.2G

MemTotal:        4016004 kB
MemFree:          122260 kB
Active:           347588 kB
Mem:          3.8G       3.7G       118M       5.7M        28M       3.2G

MemTotal:        4016004 kB
MemFree:          126552 kB
Active:           347580 kB
Mem:          3.8G       3.7G       122M       5.7M        28M       3.2G

MemTotal:        4016004 kB
MemFree:          115916 kB
Active:           347596 kB
Mem:          3.8G       3.7G       112M       5.7M        28M       3.3G

MemTotal:        4016004 kB
MemFree:          105512 kB
Active:           347616 kB
Mem:          3.8G       3.7G       124M       5.7M        28M       3.2G

MemTotal:        4016004 kB
MemFree:          106408 kB
Active:           347588 kB
Mem:          3.8G       3.7G       102M       5.7M        28M       3.3G

MemTotal:        4016004 kB
MemFree:          136040 kB
Active:           347616 kB
Mem:          3.8G       3.7G       132M       5.7M        28M       3.2G

MemTotal:        4016004 kB
MemFree:          129884 kB
Active:           347616 kB
Mem:          3.8G       3.7G       125M       5.7M        28M       3.2G

MemTotal:        4016004 kB
MemFree:          107320 kB
Active:           347616 kB
Mem:          3.8G       3.7G       103M       5.7M        28M       3.3G

MemTotal:        4016004 kB
MemFree:          129372 kB
Active:           347616 kB
Mem:          3.8G       3.7G       126M       5.7M        28M       3.2G

MemTotal:        4016004 kB
MemFree:          123244 kB
Active:           347632 kB
Mem:          3.8G       3.7G       119M       5.7M        28M       3.2G

MemTotal:        4016004 kB
MemFree:          130652 kB
Active:           347612 kB
Mem:          3.8G       3.7G       126M       5.7M        28M       3.2G

MemTotal:        4016004 kB
MemFree:          119972 kB
Active:           347640 kB
Mem:          3.8G       3.7G       116M       5.7M        28M       3.2G

MemTotal:        4016004 kB
MemFree:          109296 kB
Active:           347640 kB
Mem:          3.8G       3.7G       106M       5.7M        28M       3.3G

MemTotal:        4016004 kB
MemFree:          116516 kB
Active:           347640 kB
Mem:          3.8G       3.7G       112M       5.7M        28M       3.3G

MemTotal:        4016004 kB
MemFree:          106628 kB
Active:           347512 kB
Mem:          3.8G       3.7G       103M       5.7M        28M       3.3G

MemTotal:        4016004 kB
MemFree:          126480 kB
Active:           347516 kB
Mem:          3.8G       3.7G       122M       5.7M        28M       3.2G

MemTotal:        4016004 kB
MemFree:          127376 kB
Active:           347520 kB
Mem:          3.8G       3.7G       123M       5.7M        28M       3.2G

MemTotal:        4016004 kB
MemFree:          127380 kB
Active:           347396 kB
Mem:          3.8G       3.7G       124M       5.7M        28M       3.2G

MemTotal:        4016004 kB
MemFree:          128088 kB
Active:           347204 kB
Mem:          3.8G       3.7G       125M       5.7M        28M       3.2G

MemTotal:        4016004 kB
MemFree:          128088 kB
Active:           347232 kB
Mem:          3.8G       3.7G       124M       5.7M        28M       3.2G

MemTotal:        4016004 kB
MemFree:          127716 kB
Active:           347244 kB
Mem:          3.8G       3.7G       125M       5.7M        28M       3.2G

MemTotal:        4016004 kB
MemFree:          128460 kB
Active:           347200 kB
Mem:          3.8G       3.7G       125M       5.7M        28M       3.2G

MemTotal:        4016004 kB
MemFree:          128168 kB
Active:           347220 kB
Mem:          3.8G       3.7G       125M       5.7M        28M       3.2G

MemTotal:        4016004 kB
MemFree:          128324 kB
Active:           347212 kB
Mem:          3.8G       3.7G       125M       5.7M        28M       3.2G

MemTotal:        4016004 kB
MemFree:          128152 kB
Active:           347224 kB
Mem:          3.8G       3.7G       125M       5.7M        28M       3.2G

MemTotal:        4016004 kB
MemFree:          128156 kB
Active:           347244 kB
Mem:          3.8G       3.7G       125M       5.7M        28M       3.2G

MemTotal:        4016004 kB
MemFree:          128004 kB
Active:           347272 kB
Mem:          3.8G       3.7G       125M       5.7M        28M       3.2G

MemTotal:        4016004 kB
MemFree:          128376 kB
Active:           347232 kB
Mem:          3.8G       3.7G       125M       5.7M        28M       3.2G

MemTotal:        4016004 kB
MemFree:          128004 kB
Active:           347276 kB
Mem:          3.8G       3.7G       125M       5.7M        28M       3.2G

MemTotal:        4016004 kB
MemFree:          128252 kB
Active:           347244 kB
Mem:          3.8G       3.7G       125M       5.7M        28M       3.2G

MemTotal:        4016004 kB
MemFree:          128252 kB
Active:           347228 kB
Mem:          3.8G       3.7G       125M       5.7M        28M       3.2G

MemTotal:        4016004 kB
MemFree:          128252 kB
Active:           347244 kB
Mem:          3.8G       3.7G       125M       5.7M        28M       3.2G

MemTotal:        4016004 kB
MemFree:          128128 kB
Active:           347252 kB
Mem:          3.8G       3.7G       125M       5.7M        28M       3.2G

MemTotal:        4016004 kB
MemFree:          128252 kB
Active:           347280 kB
Mem:          3.8G       3.7G       125M       5.7M        28M       3.2G

MemTotal:        4016004 kB
MemFree:          128128 kB
Active:           347244 kB
Mem:          3.8G       3.7G       125M       5.7M        28M       3.2G

MemTotal:        4016004 kB
MemFree:          128252 kB
Active:           347272 kB
Mem:          3.8G       3.7G       125M       5.7M        28M       3.2G

MemTotal:        4016004 kB
MemFree:          128252 kB
Active:           347272 kB
Mem:          3.8G       3.7G       125M       5.7M        28M       3.2G

MemTotal:        4016004 kB
MemFree:          128128 kB
Active:           347280 kB
Mem:          3.8G       3.7G       125M       5.7M        28M       3.2G

MemTotal:        4016004 kB
MemFree:          128252 kB
Active:           347264 kB
Mem:          3.8G       3.7G       125M       5.7M        28M       3.2G

MemTotal:        4016004 kB
MemFree:          128252 kB
Active:           347276 kB
Mem:          3.8G       3.7G       125M       5.7M        28M       3.2G

MemTotal:        4016004 kB
MemFree:          128376 kB
Active:           347296 kB
Mem:          3.8G       3.7G       125M       5.7M        28M       3.2G

MemTotal:        4016004 kB
MemFree:          128004 kB
Active:           347260 kB
Mem:          3.8G       3.7G       125M       5.7M        28M       3.2G

MemTotal:        4016004 kB
MemFree:          128004 kB
Active:           347260 kB
Mem:          3.8G       3.7G       125M       5.7M        28M       3.2G

MemTotal:        4016004 kB
MemFree:          128004 kB
Active:           347300 kB
Mem:          3.8G       3.7G       125M       5.7M        28M       3.2G

MemTotal:        4016004 kB
MemFree:          128004 kB
Active:           347280 kB
Mem:          3.8G       3.7G       125M       5.7M        28M       3.2G

MemTotal:        4016004 kB
MemFree:          128004 kB
Active:           347276 kB
Mem:          3.8G       3.7G       125M       5.7M        28M       3.2G

MemTotal:        4016004 kB
MemFree:          128128 kB
Active:           347304 kB
Mem:          3.8G       3.7G       125M       5.7M        28M       3.2G

MemTotal:        4016004 kB
MemFree:          128004 kB
Active:           347304 kB
Mem:          3.8G       3.7G       125M       5.7M        28M       3.2G

MemTotal:        4016004 kB
MemFree:          128128 kB
Active:           347268 kB
Mem:          3.8G       3.7G       125M       5.7M        28M       3.2G

MemTotal:        4016004 kB
MemFree:          128376 kB
Active:           347264 kB
Mem:          3.8G       3.7G       125M       5.7M        28M       3.2G

MemTotal:        4016004 kB
MemFree:          128252 kB
Active:           347308 kB
Mem:          3.8G       3.7G       125M       5.7M        28M       3.2G

MemTotal:        4016004 kB
MemFree:          128376 kB
Active:           347308 kB
Mem:          3.8G       3.7G       125M       5.7M        28M       3.2G

MemTotal:        4016004 kB
MemFree:          128376 kB
Active:           347280 kB
Mem:          3.8G       3.7G       125M       5.7M        28M       3.2G

MemTotal:        4016004 kB
MemFree:          128128 kB
Active:           347312 kB
Mem:          3.8G       3.7G       125M       5.7M        28M       3.2G

MemTotal:        4016004 kB
MemFree:          128128 kB
Active:           347308 kB
Mem:          3.8G       3.7G       125M       5.7M        28M       3.2G

MemTotal:        4016004 kB
MemFree:          128252 kB
Active:           347308 kB
Mem:          3.8G       3.7G       125M       5.7M        28M       3.2G

MemTotal:        4016004 kB
MemFree:          128128 kB
Active:           347276 kB
Mem:          3.8G       3.7G       125M       5.7M        28M       3.2G

MemTotal:        4016004 kB
MemFree:          128252 kB
Active:           347296 kB
Mem:          3.8G       3.7G       125M       5.7M        28M       3.2G

MemTotal:        4016004 kB
MemFree:          127880 kB
Active:           347300 kB
Mem:          3.8G       3.7G       124M       5.7M        28M       3.2G

MemTotal:        4016004 kB
MemFree:          127880 kB
Active:           347316 kB
Mem:          3.8G       3.7G       124M       5.7M        28M       3.2G

MemTotal:        4016004 kB
MemFree:          127880 kB
Active:           347328 kB
Mem:          3.8G       3.7G       124M       5.7M        28M       3.2G

MemTotal:        4016004 kB
MemFree:          128128 kB
Active:           347332 kB
Mem:          3.8G       3.7G       124M       5.7M        28M       3.2G

MemTotal:        4016004 kB
MemFree:          128004 kB
Active:           347312 kB
Mem:          3.8G       3.7G       124M       5.7M        28M       3.2G

MemTotal:        4016004 kB
MemFree:          127880 kB
Active:           347304 kB
Mem:          3.8G       3.7G       124M       5.7M        28M       3.2G

MemTotal:        4016004 kB
MemFree:          128128 kB
Active:           347308 kB
Mem:          3.8G       3.7G       124M       5.7M        28M       3.2G

MemTotal:        4016004 kB
MemFree:          128252 kB
Active:           347328 kB
Mem:          3.8G       3.7G       125M       5.7M        28M       3.2G

MemTotal:        4016004 kB
MemFree:          128252 kB
Active:           347320 kB
Mem:          3.8G       3.7G       125M       5.7M        28M       3.2G

MemTotal:        4016004 kB
MemFree:          128004 kB
Active:           347312 kB
Mem:          3.8G       3.7G       125M       5.7M        28M       3.2G

MemTotal:        4016004 kB
MemFree:          128004 kB
Active:           347336 kB
Mem:          3.8G       3.7G       125M       5.7M        28M       3.2G

MemTotal:        4016004 kB
MemFree:          128128 kB
Active:           347320 kB
Mem:          3.8G       3.7G       125M       5.7M        28M       3.2G

MemTotal:        4016004 kB
MemFree:          128252 kB
Active:           347356 kB
Mem:          3.8G       3.7G       125M       5.7M        28M       3.2G

MemTotal:        4016004 kB
MemFree:          128252 kB
Active:           347324 kB
Mem:          3.8G       3.7G       125M       5.7M        28M       3.2G

MemTotal:        4016004 kB
MemFree:          128128 kB
Active:           347340 kB
Mem:          3.8G       3.7G       124M       5.7M        28M       3.2G

MemTotal:        4016004 kB
MemFree:          128128 kB
Active:           347344 kB
Mem:          3.8G       3.7G       124M       5.7M        28M       3.2G

MemTotal:        4016004 kB
MemFree:          128004 kB
Active:           347332 kB
Mem:          3.8G       3.7G       124M       5.7M        28M       3.2G

MemTotal:        4016004 kB
MemFree:          127880 kB
Active:           347328 kB
Mem:          3.8G       3.7G       124M       5.7M        28M       3.2G

MemTotal:        4016004 kB
MemFree:          127756 kB
Active:           347356 kB
Mem:          3.8G       3.7G       124M       5.7M        28M       3.2G

MemTotal:        4016004 kB
MemFree:          127880 kB
Active:           347372 kB
Mem:          3.8G       3.7G       124M       5.7M        28M       3.2G

MemTotal:        4016004 kB
MemFree:          127880 kB
Active:           347340 kB
Mem:          3.8G       3.7G       124M       5.7M        28M       3.2G

MemTotal:        4016004 kB
MemFree:          127756 kB
Active:           347344 kB
Mem:          3.8G       3.7G       124M       5.7M        28M       3.2G

MemTotal:        4016004 kB
MemFree:          127756 kB
Active:           347372 kB
Mem:          3.8G       3.7G       124M       5.7M        28M       3.2G

MemTotal:        4016004 kB
MemFree:          128128 kB
Active:           347348 kB
Mem:          3.8G       3.7G       124M       5.7M        28M       3.2G

MemTotal:        4016004 kB
MemFree:          128128 kB
Active:           347360 kB
Mem:          3.8G       3.7G       124M       5.7M        28M       3.2G

MemTotal:        4016004 kB
MemFree:          128004 kB
Active:           347380 kB
Mem:          3.8G       3.7G       124M       5.7M        28M       3.2G

MemTotal:        4016004 kB
MemFree:          127880 kB
Active:           347356 kB
Mem:          3.8G       3.7G       125M       5.7M        28M       3.2G

MemTotal:        4016004 kB
MemFree:          128004 kB
Active:           347372 kB
Mem:          3.8G       3.7G       124M       5.7M        28M       3.2G

MemTotal:        4016004 kB
MemFree:          128004 kB
Active:           347368 kB
Mem:          3.8G       3.7G       124M       5.7M        28M       3.2G

MemTotal:        4016004 kB
MemFree:          128004 kB
Active:           347384 kB
Mem:          3.8G       3.7G       125M       5.7M        28M       3.2G

MemTotal:        4016004 kB
MemFree:          128004 kB
Active:           347368 kB
Mem:          3.8G       3.7G       124M       5.7M        28M       3.2G

MemTotal:        4016004 kB
MemFree:          127508 kB
Active:           347408 kB
Mem:          3.8G       3.7G       124M       5.7M        28M       3.2G

MemTotal:        4016004 kB
MemFree:          127880 kB
Active:           347384 kB
Mem:          3.8G       3.7G       124M       5.7M        28M       3.2G

MemTotal:        4016004 kB
MemFree:          127880 kB
Active:           347408 kB
Mem:          3.8G       3.7G       124M       5.7M        28M       3.2G

MemTotal:        4016004 kB
MemFree:          128020 kB
Active:           347380 kB
Mem:          3.8G       3.7G       125M       5.7M        28M       3.2G

MemTotal:        4016004 kB
MemFree:          128144 kB
Active:           347376 kB
Mem:          3.8G       3.7G       125M       5.7M        28M       3.2G

MemTotal:        4016004 kB
MemFree:          127648 kB
Active:           347420 kB
Mem:          3.8G       3.7G       124M       5.7M        28M       3.2G

MemTotal:        4016004 kB
MemFree:          127896 kB
Active:           347424 kB
Mem:          3.8G       3.7G       124M       5.7M        28M       3.2G

MemTotal:        4016004 kB
MemFree:          127772 kB
Active:           347428 kB
Mem:          3.8G       3.7G       124M       5.7M        28M       3.2G

MemTotal:        4016004 kB
MemFree:          127896 kB
Active:           347728 kB
Mem:          3.8G       3.7G       124M       5.7M        28M       3.2G

MemTotal:        4016004 kB
MemFree:          127508 kB
Active:           347496 kB
Mem:          3.8G       3.7G       124M       5.7M        28M       3.2G

MemTotal:        4016004 kB
MemFree:          127384 kB
Active:           347492 kB
Mem:          3.8G       3.7G       124M       5.7M        28M       3.2G

MemTotal:        4016004 kB
MemFree:          127508 kB
Active:           347476 kB
Mem:          3.8G       3.7G       124M       5.7M        28M       3.2G

MemTotal:        4016004 kB
MemFree:          127632 kB
Active:           347504 kB
Mem:          3.8G       3.7G       124M       5.7M        28M       3.2G

MemTotal:        4016004 kB
MemFree:          127508 kB
Active:           347484 kB
Mem:          3.8G       3.7G       124M       5.7M        28M       3.2G

MemTotal:        4016004 kB
MemFree:          127632 kB
Active:           347508 kB
Mem:          3.8G       3.7G       124M       5.7M        28M       3.2G

MemTotal:        4016004 kB
MemFree:          127508 kB
Active:           347488 kB
Mem:          3.8G       3.7G       124M       5.7M        28M       3.2G

MemTotal:        4016004 kB
MemFree:          127384 kB
Active:           347512 kB
Mem:          3.8G       3.7G       124M       5.7M        28M       3.2G

MemTotal:        4016004 kB
MemFree:          127012 kB
Active:           347516 kB
Mem:          3.8G       3.7G       124M       5.7M        28M       3.2G

MemTotal:        4016004 kB
MemFree:          127260 kB
Active:           347516 kB
Mem:          3.8G       3.7G       124M       5.7M        28M       3.2G

MemTotal:        4016004 kB
MemFree:          127384 kB
Active:           347492 kB
Mem:          3.8G       3.7G       124M       5.7M        28M       3.2G

MemTotal:        4016004 kB
MemFree:          127384 kB
Active:           347476 kB
Mem:          3.8G       3.7G       124M       5.7M        28M       3.2G

MemTotal:        4016004 kB
MemFree:          127136 kB
Active:           347524 kB
Mem:          3.8G       3.7G       124M       5.7M        28M       3.2G

MemTotal:        4016004 kB
MemFree:          127508 kB
Active:           347504 kB
Mem:          3.8G       3.7G       124M       5.7M        28M       3.2G

MemTotal:        4016004 kB
MemFree:          127384 kB
Active:           347512 kB
Mem:          3.8G       3.7G       124M       5.7M        28M       3.2G

MemTotal:        4016004 kB
MemFree:          127012 kB
Active:           347532 kB
Mem:          3.8G       3.7G       124M       5.7M        28M       3.2G

MemTotal:        4016004 kB
MemFree:          127400 kB
Active:           347504 kB
Mem:          3.8G       3.7G       124M       5.7M        28M       3.2G

MemTotal:        4016004 kB
MemFree:          127400 kB
Active:           347484 kB
Mem:          3.8G       3.7G       124M       5.7M        28M       3.2G

MemTotal:        4016004 kB
MemFree:          127276 kB
Active:           347500 kB
Mem:          3.8G       3.7G       124M       5.7M        28M       3.2G

MemTotal:        4016004 kB
MemFree:          127028 kB
Active:           347524 kB
Mem:          3.8G       3.7G       124M       5.7M        28M       3.2G

MemTotal:        4016004 kB
MemFree:          127276 kB
Active:           347492 kB
Mem:          3.8G       3.7G       124M       5.7M        28M       3.2G

MemTotal:        4016004 kB
MemFree:          127276 kB
Active:           347504 kB
Mem:          3.8G       3.7G       124M       5.7M        28M       3.2G

MemTotal:        4016004 kB
MemFree:          127276 kB
Active:           347528 kB
Mem:          3.8G       3.7G       124M       5.7M        28M       3.2G

MemTotal:        4016004 kB
MemFree:          126904 kB
Active:           347540 kB
Mem:          3.8G       3.7G       124M       5.7M        28M       3.2G

MemTotal:        4016004 kB
MemFree:          127276 kB
Active:           347516 kB
Mem:          3.8G       3.7G       124M       5.7M        28M       3.2G

MemTotal:        4016004 kB
MemFree:          127400 kB
Active:           347536 kB
Mem:          3.8G       3.7G       124M       5.7M        28M       3.2G

MemTotal:        4016004 kB
MemFree:          127028 kB
Active:           347548 kB
Mem:          3.8G       3.7G       124M       5.7M        28M       3.2G

MemTotal:        4016004 kB
MemFree:          127276 kB
Active:           347540 kB
Mem:          3.8G       3.7G       124M       5.7M        28M       3.2G

MemTotal:        4016004 kB
MemFree:          127400 kB
Active:           347540 kB
Mem:          3.8G       3.7G       124M       5.7M        28M       3.2G

MemTotal:        4016004 kB
MemFree:          127524 kB
Active:           347520 kB
Mem:          3.8G       3.7G       124M       5.7M        28M       3.2G

MemTotal:        4016004 kB
MemFree:          127400 kB
Active:           347532 kB
Mem:          3.8G       3.7G       124M       5.7M        28M       3.2G

MemTotal:        4016004 kB
MemFree:          127400 kB
Active:           347548 kB
Mem:          3.8G       3.7G       124M       5.7M        28M       3.2G

MemTotal:        4016004 kB
MemFree:          127400 kB
Active:           347564 kB
Mem:          3.8G       3.7G       124M       5.7M        28M       3.2G

MemTotal:        4016004 kB
MemFree:          127276 kB
Active:           347532 kB
Mem:          3.8G       3.7G       124M       5.7M        28M       3.2G

MemTotal:        4016004 kB
MemFree:          127400 kB
Active:           347532 kB
Mem:          3.8G       3.7G       124M       5.7M        28M       3.2G

MemTotal:        4016004 kB
MemFree:          127276 kB
Active:           347544 kB
Mem:          3.8G       3.7G       124M       5.7M        28M       3.2G

MemTotal:        4016004 kB
MemFree:          126904 kB
Active:           347568 kB
Mem:          3.8G       3.7G       124M       5.7M        28M       3.2G

MemTotal:        4016004 kB
MemFree:          126904 kB
Active:           347568 kB
Mem:          3.8G       3.7G       123M       5.7M        28M       3.2G

MemTotal:        4016004 kB
MemFree:          126904 kB
Active:           347568 kB
Mem:          3.8G       3.7G       123M       5.7M        28M       3.2G

MemTotal:        4016004 kB
MemFree:          126904 kB
Active:           347528 kB
Mem:          3.8G       3.7G       124M       5.7M        28M       3.2G

MemTotal:        4016004 kB
MemFree:          127028 kB
Active:           347544 kB
Mem:          3.8G       3.7G       124M       5.7M        28M       3.2G

MemTotal:        4016004 kB
MemFree:          126904 kB
Active:           347580 kB
Mem:          3.8G       3.7G       123M       5.7M        28M       3.2G

MemTotal:        4016004 kB
MemFree:          126904 kB
Active:           347556 kB
Mem:          3.8G       3.7G       123M       5.7M        28M       3.2G

MemTotal:        4016004 kB
MemFree:          126780 kB
Active:           347584 kB
Mem:          3.8G       3.7G       123M       5.7M        28M       3.2G

MemTotal:        4016004 kB
MemFree:          126904 kB
Active:           347528 kB
Mem:          3.8G       3.7G       123M       5.7M        28M       3.2G

MemTotal:        4016004 kB
MemFree:          127152 kB
Active:           347552 kB
Mem:          3.8G       3.7G       124M       5.7M        28M       3.2G

MemTotal:        4016004 kB
MemFree:          127152 kB
Active:           347556 kB
Mem:          3.8G       3.7G       123M       5.7M        28M       3.2G

MemTotal:        4016004 kB
MemFree:          127028 kB
Active:           347568 kB
Mem:          3.8G       3.7G       124M       5.7M        28M       3.2G

MemTotal:        4016004 kB
MemFree:          127028 kB
Active:           347584 kB
Mem:          3.8G       3.7G       124M       5.7M        28M       3.2G

MemTotal:        4016004 kB
MemFree:          127152 kB
Active:           347596 kB
Mem:          3.8G       3.7G       124M       5.7M        28M       3.2G

MemTotal:        4016004 kB
MemFree:          126904 kB
Active:           347556 kB
Mem:          3.8G       3.7G       123M       5.7M        28M       3.2G

MemTotal:        4016004 kB
MemFree:          127152 kB
Active:           347596 kB
Mem:          3.8G       3.7G       124M       5.7M        28M       3.2G

MemTotal:        4016004 kB
MemFree:          127152 kB
Active:           347596 kB
Mem:          3.8G       3.7G       124M       5.7M        28M       3.2G

MemTotal:        4016004 kB
MemFree:          127276 kB
Active:           347588 kB
Mem:          3.8G       3.7G       124M       5.7M        28M       3.2G

MemTotal:        4016004 kB
MemFree:          126904 kB
Active:           347608 kB
Mem:          3.8G       3.7G       124M       5.7M        28M       3.2G

MemTotal:        4016004 kB
MemFree:          127152 kB
Active:           347588 kB
Mem:          3.8G       3.7G       124M       5.7M        28M       3.2G

MemTotal:        4016004 kB
MemFree:          127152 kB
Active:           347592 kB
Mem:          3.8G       3.7G       124M       5.7M        28M       3.2G

MemTotal:        4016004 kB
MemFree:          126780 kB
Active:           347608 kB
Mem:          3.8G       3.7G       124M       5.7M        28M       3.2G

MemTotal:        4016004 kB
MemFree:          126780 kB
Active:           347608 kB
Mem:          3.8G       3.7G       123M       5.7M        28M       3.2G

MemTotal:        4016004 kB
MemFree:          127152 kB
Active:           347576 kB
Mem:          3.8G       3.7G       124M       5.7M        28M       3.2G

MemTotal:        4016004 kB
MemFree:          126780 kB
Active:           347612 kB
Mem:          3.8G       3.7G       124M       5.7M        28M       3.2G

MemTotal:        4016004 kB
MemFree:          127028 kB
Active:           347584 kB
Mem:          3.8G       3.7G       124M       5.7M        28M       3.2G

MemTotal:        4016004 kB
MemFree:          127028 kB
Active:           347592 kB
Mem:          3.8G       3.7G       124M       5.7M        28M       3.2G

MemTotal:        4016004 kB
MemFree:          127152 kB
Active:           347576 kB
Mem:          3.8G       3.7G       124M       5.7M        28M       3.2G

MemTotal:        4016004 kB
MemFree:          126780 kB
Active:           347628 kB
Mem:          3.8G       3.7G       123M       5.7M        28M       3.2G

MemTotal:        4016004 kB
MemFree:          127028 kB
Active:           347620 kB
Mem:          3.8G       3.7G       124M       5.7M        28M       3.2G

MemTotal:        4016004 kB
MemFree:          127152 kB
Active:           347612 kB
Mem:          3.8G       3.7G       124M       5.7M        28M       3.2G

MemTotal:        4016004 kB
MemFree:          127028 kB
Active:           347628 kB
Mem:          3.8G       3.7G       123M       5.7M        28M       3.2G

MemTotal:        4016004 kB
MemFree:          127028 kB
Active:           347632 kB
Mem:          3.8G       3.7G       124M       5.7M        28M       3.2G

MemTotal:        4016004 kB
MemFree:          126780 kB
Active:           347636 kB
Mem:          3.8G       3.7G       124M       5.7M        28M       3.2G

MemTotal:        4016004 kB
MemFree:          127276 kB
Active:           347604 kB
Mem:          3.8G       3.7G       124M       5.7M        28M       3.2G

MemTotal:        4016004 kB
MemFree:          127028 kB
Active:           347620 kB
Mem:          3.8G       3.7G       123M       5.7M        28M       3.2G

MemTotal:        4016004 kB
MemFree:          127152 kB
Active:           347636 kB
Mem:          3.8G       3.7G       124M       5.7M        28M       3.2G

MemTotal:        4016004 kB
MemFree:          126656 kB
Active:           347652 kB
Mem:          3.8G       3.7G       123M       5.7M        28M       3.2G

MemTotal:        4016004 kB
MemFree:          127028 kB
Active:           347632 kB
Mem:          3.8G       3.7G       124M       5.7M        28M       3.2G

MemTotal:        4016004 kB
MemFree:          127152 kB
Active:           347616 kB
Mem:          3.8G       3.7G       124M       5.7M        28M       3.2G

MemTotal:        4016004 kB
MemFree:          127028 kB
Active:           347636 kB
Mem:          3.8G       3.7G       124M       5.7M        28M       3.2G

MemTotal:        4016004 kB
MemFree:          127028 kB
Active:           347656 kB
Mem:          3.8G       3.7G       123M       5.7M        28M       3.2G

MemTotal:        4016004 kB
MemFree:          127028 kB
Active:           347624 kB
Mem:          3.8G       3.7G       123M       5.7M        28M       3.2G

MemTotal:        4016004 kB
MemFree:          126656 kB
Active:           347660 kB
Mem:          3.8G       3.7G       123M       5.7M        28M       3.2G

MemTotal:        4016004 kB
MemFree:          126780 kB
Active:           347664 kB
Mem:          3.8G       3.7G       123M       5.7M        28M       3.2G

MemTotal:        4016004 kB
MemFree:          127152 kB
Active:           347644 kB
Mem:          3.8G       3.7G       123M       5.7M        28M       3.2G

MemTotal:        4016004 kB
MemFree:          126904 kB
Active:           347656 kB
Mem:          3.8G       3.7G       123M       5.7M        28M       3.2G

MemTotal:        4016004 kB
MemFree:          126904 kB
Active:           347668 kB
Mem:          3.8G       3.7G       123M       5.7M        28M       3.2G

MemTotal:        4016004 kB
MemFree:          126904 kB
Active:           347668 kB
Mem:          3.8G       3.7G       123M       5.7M        28M       3.2G

MemTotal:        4016004 kB
MemFree:          127028 kB
Active:           347668 kB
Mem:          3.8G       3.7G       123M       5.7M        28M       3.2G

MemTotal:        4016004 kB
MemFree:          127028 kB
Active:           347636 kB
Mem:          3.8G       3.7G       124M       5.7M        28M       3.2G

MemTotal:        4016004 kB
MemFree:          127028 kB
Active:           347652 kB
Mem:          3.8G       3.7G       123M       5.7M        28M       3.2G

MemTotal:        4016004 kB
MemFree:          127028 kB
Active:           347636 kB
Mem:          3.8G       3.7G       123M       5.7M        28M       3.2G

MemTotal:        4016004 kB
MemFree:          126904 kB
Active:           347680 kB
Mem:          3.8G       3.7G       123M       5.7M        28M       3.2G

MemTotal:        4016004 kB
MemFree:          127028 kB
Active:           347652 kB
Mem:          3.8G       3.7G       124M       5.7M        28M       3.2G

MemTotal:        4016004 kB
MemFree:          127028 kB
Active:           347680 kB
Mem:          3.8G       3.7G       124M       5.7M        28M       3.2G

MemTotal:        4016004 kB
MemFree:          127152 kB
Active:           347688 kB
Mem:          3.8G       3.7G       124M       5.7M        28M       3.2G

MemTotal:        4016004 kB
MemFree:          127152 kB
Active:           347652 kB
Mem:          3.8G       3.7G       124M       5.7M        28M       3.2G

MemTotal:        4016004 kB
MemFree:          127028 kB
Active:           347672 kB
Mem:          3.8G       3.7G       124M       5.7M        28M       3.2G

MemTotal:        4016004 kB
MemFree:          126904 kB
Active:           347640 kB
Mem:          3.8G       3.7G       123M       5.7M        28M       3.2G

MemTotal:        4016004 kB
MemFree:          126904 kB
Active:           347700 kB
Mem:          3.8G       3.7G       123M       5.7M        28M       3.2G

MemTotal:        4016004 kB
MemFree:          127028 kB
Active:           347644 kB
Mem:          3.8G       3.7G       124M       5.7M        28M       3.2G

MemTotal:        4016004 kB
MemFree:          127028 kB
Active:           347668 kB
Mem:          3.8G       3.7G       124M       5.7M        28M       3.2G

MemTotal:        4016004 kB
MemFree:          126904 kB
Active:           347708 kB
Mem:          3.8G       3.7G       123M       5.7M        28M       3.2G

MemTotal:        4016004 kB
MemFree:          127028 kB
Active:           347656 kB
Mem:          3.8G       3.7G       123M       5.7M        28M       3.2G

MemTotal:        4016004 kB
MemFree:          127028 kB
Active:           347708 kB
Mem:          3.8G       3.7G       123M       5.7M        28M       3.2G

MemTotal:        4016004 kB
MemFree:          127152 kB
Active:           347688 kB
Mem:          3.8G       3.7G       124M       5.7M        28M       3.2G

MemTotal:        4016004 kB
MemFree:          127276 kB
Active:           347684 kB
Mem:          3.8G       3.7G       124M       5.7M        28M       3.2G

MemTotal:        4016004 kB
MemFree:          127276 kB
Active:           347712 kB
Mem:          3.8G       3.7G       124M       5.7M        28M       3.2G

MemTotal:        4016004 kB
MemFree:          127028 kB
Active:           347684 kB
Mem:          3.8G       3.7G       123M       5.7M        28M       3.2G

MemTotal:        4016004 kB
MemFree:          127028 kB
Active:           347696 kB
Mem:          3.8G       3.7G       124M       5.7M        28M       3.2G

MemTotal:        4016004 kB
MemFree:          127152 kB
Active:           347720 kB
Mem:          3.8G       3.7G       124M       5.7M        28M       3.2G

MemTotal:        4016004 kB
MemFree:          126780 kB
Active:           347724 kB
Mem:          3.8G       3.7G       123M       5.7M        28M       3.2G

MemTotal:        4016004 kB
MemFree:          127152 kB
Active:           347688 kB
Mem:          3.8G       3.7G       124M       5.7M        28M       3.2G

MemTotal:        4016004 kB
MemFree:          126780 kB
Active:           347724 kB
Mem:          3.8G       3.7G       123M       5.7M        28M       3.2G

MemTotal:        4016004 kB
MemFree:          126904 kB
Active:           347728 kB
Mem:          3.8G       3.7G       123M       5.7M        28M       3.2G

MemTotal:        4016004 kB
MemFree:          126904 kB
Active:           347700 kB
Mem:          3.8G       3.7G       123M       5.7M        28M       3.2G

MemTotal:        4016004 kB
MemFree:          126904 kB
Active:           347724 kB
Mem:          3.8G       3.7G       124M       5.7M        28M       3.2G

MemTotal:        4016004 kB
MemFree:          127152 kB
Active:           347704 kB
Mem:          3.8G       3.7G       124M       5.7M        28M       3.2G

MemTotal:        4016004 kB
MemFree:          127028 kB
Active:           347716 kB
Mem:          3.8G       3.7G       123M       5.7M        28M       3.2G

MemTotal:        4016004 kB
MemFree:          127028 kB
Active:           347728 kB
Mem:          3.8G       3.7G       123M       5.7M        28M       3.2G

MemTotal:        4016004 kB
MemFree:          126904 kB
Active:           347716 kB
Mem:          3.8G       3.7G       123M       5.7M        28M       3.2G

MemTotal:        4016004 kB
MemFree:          127404 kB
Active:           347472 kB
Mem:          3.8G       3.7G       124M       5.7M        28M       3.2G

MemTotal:        4016004 kB
MemFree:          127684 kB
Active:           347324 kB
Mem:          3.8G       3.7G       124M       5.7M        28M       3.2G

MemTotal:        4016004 kB
MemFree:          128180 kB
Active:           347284 kB
Mem:          3.8G       3.7G       125M       5.7M        28M       3.2G

MemTotal:        4016004 kB
MemFree:          128180 kB
Active:           347284 kB
Mem:          3.8G       3.7G       125M       5.7M        28M       3.2G

MemTotal:        4016004 kB
MemFree:          128056 kB
Active:           347280 kB
Mem:          3.8G       3.7G       125M       5.7M        28M       3.2G

MemTotal:        4016004 kB
MemFree:          128292 kB
Active:           347284 kB
Mem:          3.8G       3.7G       125M       5.7M        28M       3.2G

MemTotal:        4016004 kB
MemFree:          128416 kB
Active:           347280 kB
Mem:          3.8G       3.7G       125M       5.7M        28M       3.2G

MemTotal:        4016004 kB
MemFree:          128168 kB
Active:           347284 kB
Mem:          3.8G       3.7G       125M       5.7M        28M       3.2G

MemTotal:        4016004 kB
MemFree:          127920 kB
Active:           347348 kB
Mem:          3.8G       3.7G       125M       5.7M        28M       3.2G

MemTotal:        4016004 kB
MemFree:          128292 kB
Active:           347344 kB
Mem:          3.8G       3.7G       125M       5.7M        28M       3.2G

MemTotal:        4016004 kB
MemFree:          127920 kB
Active:           347348 kB
Mem:          3.8G       3.7G       124M       5.7M        28M       3.2G

MemTotal:        4016004 kB
MemFree:          127796 kB
Active:           347348 kB
Mem:          3.8G       3.7G       124M       5.7M        28M       3.2G

MemTotal:        4016004 kB
MemFree:          128044 kB
Active:           347316 kB
Mem:          3.8G       3.7G       125M       5.7M        28M       3.2G

MemTotal:        4016004 kB
MemFree:          128292 kB
Active:           347312 kB
Mem:          3.8G       3.7G       124M       5.7M        28M       3.2G

MemTotal:        4016004 kB
MemFree:          127796 kB
Active:           347364 kB
Mem:          3.8G       3.7G       124M       5.7M        28M       3.2G

MemTotal:        4016004 kB
MemFree:          127920 kB
Active:           347368 kB
Mem:          3.8G       3.7G       124M       5.7M        28M       3.2G

MemTotal:        4016004 kB
MemFree:          128292 kB
Active:           347356 kB
Mem:          3.8G       3.7G       125M       5.7M        28M       3.2G

MemTotal:        4016004 kB
MemFree:          128308 kB
Active:           347312 kB
Mem:          3.8G       3.7G       125M       5.7M        28M       3.2G

MemTotal:        4016004 kB
MemFree:          128308 kB
Active:           347372 kB
Mem:          3.8G       3.7G       125M       5.7M        28M       3.2G

MemTotal:        4016004 kB
MemFree:          128556 kB
Active:           347320 kB
Mem:          3.8G       3.7G       125M       5.7M        28M       3.2G

MemTotal:        4016004 kB
MemFree:          128556 kB
Active:           347324 kB
Mem:          3.8G       3.7G       125M       5.7M        28M       3.2G

MemTotal:        4016004 kB
MemFree:          127936 kB
Active:           347376 kB
Mem:          3.8G       3.7G       124M       5.7M        28M       3.2G

MemTotal:        4016004 kB
MemFree:          127936 kB
Active:           347360 kB
Mem:          3.8G       3.7G       124M       5.7M        28M       3.2G

MemTotal:        4016004 kB
MemFree:          128060 kB
Active:           347324 kB
Mem:          3.8G       3.7G       124M       5.7M        28M       3.2G

MemTotal:        4016004 kB
MemFree:          127688 kB
Active:           347376 kB
Mem:          3.8G       3.7G       124M       5.7M        28M       3.2G

MemTotal:        4016004 kB
MemFree:          127812 kB
Active:           347376 kB
Mem:          3.8G       3.7G       124M       5.7M        28M       3.2G

MemTotal:        4016004 kB
MemFree:          128184 kB
Active:           347360 kB
Mem:          3.8G       3.7G       125M       5.7M        28M       3.2G

MemTotal:        4016004 kB
MemFree:          128308 kB
Active:           347372 kB
Mem:          3.8G       3.7G       125M       5.7M        28M       3.2G

MemTotal:        4016004 kB
MemFree:          128060 kB
Active:           347396 kB
Mem:          3.8G       3.7G       125M       5.7M        28M       3.2G

MemTotal:        4016004 kB
MemFree:          127936 kB
Active:           347400 kB
Mem:          3.8G       3.7G       125M       5.7M        28M       3.2G

MemTotal:        4016004 kB
MemFree:          128308 kB
Active:           347376 kB
Mem:          3.8G       3.7G       125M       5.7M        28M       3.2G

MemTotal:        4016004 kB
MemFree:          128308 kB
Active:           347368 kB
Mem:          3.8G       3.7G       125M       5.7M        28M       3.2G

MemTotal:        4016004 kB
MemFree:          128308 kB
Active:           347372 kB
Mem:          3.8G       3.7G       125M       5.7M        28M       3.2G

MemTotal:        4016004 kB
MemFree:          128308 kB
Active:           347384 kB
Mem:          3.8G       3.7G       125M       5.7M        28M       3.2G

MemTotal:        4016004 kB
MemFree:          128184 kB
Active:           347380 kB
