MemTotal:        4016004 kB
MemFree:         3232644 kB
Active:           428148 kB
Mem:          3.8G       765M       3.1G       5.7M        55M       319M

MemTotal:        4016004 kB
MemFree:         3234996 kB
Active:           426136 kB
Mem:          3.8G       762M       3.1G       5.7M        55M       320M

MemTotal:        4016004 kB
MemFree:         3235228 kB
Active:           426196 kB
Mem:          3.8G       762M       3.1G       5.7M        55M       320M

MemTotal:        4016004 kB
MemFree:         3235584 kB
Active:           426180 kB
Mem:          3.8G       762M       3.1G       5.7M        55M       320M

MemTotal:        4016004 kB
MemFree:         3235568 kB
Active:           426168 kB
Mem:          3.8G       762M       3.1G       5.7M        55M       320M

MemTotal:        4016004 kB
MemFree:         3235676 kB
Active:           426176 kB
Mem:          3.8G       762M       3.1G       5.7M        55M       320M

MemTotal:        4016004 kB
MemFree:         3235488 kB
Active:           426152 kB
Mem:          3.8G       762M       3.1G       5.7M        55M       320M

MemTotal:        4016004 kB
MemFree:         3235332 kB
Active:           426192 kB
Mem:          3.8G       762M       3.1G       5.7M        55M       320M

MemTotal:        4016004 kB
MemFree:         3235316 kB
Active:           426180 kB
Mem:          3.8G       762M       3.1G       5.7M        55M       320M

MemTotal:        4016004 kB
MemFree:         3235424 kB
Active:           426164 kB
Mem:          3.8G       762M       3.1G       5.7M        55M       320M

MemTotal:        4016004 kB
MemFree:         3235532 kB
Active:           426204 kB
Mem:          3.8G       762M       3.1G       5.7M        55M       320M

MemTotal:        4016004 kB
MemFree:         3235596 kB
Active:           426196 kB
Mem:          3.8G       762M       3.1G       5.7M        55M       320M

MemTotal:        4016004 kB
MemFree:         3235596 kB
Active:           426172 kB
Mem:          3.8G       762M       3.1G       5.7M        55M       320M

MemTotal:        4016004 kB
MemFree:         3235720 kB
Active:           426212 kB
Mem:          3.8G       761M       3.1G       5.7M        55M       320M

MemTotal:        4016004 kB
MemFree:         3235720 kB
Active:           426184 kB
Mem:          3.8G       761M       3.1G       5.7M        55M       320M

MemTotal:        4016004 kB
MemFree:         3235596 kB
Active:           426220 kB
Mem:          3.8G       762M       3.1G       5.7M        55M       320M

MemTotal:        4016004 kB
MemFree:         3235628 kB
Active:           426224 kB
Mem:          3.8G       762M       3.1G       5.7M        55M       320M

MemTotal:        4016004 kB
MemFree:         3235504 kB
Active:           426200 kB
Mem:          3.8G       762M       3.1G       5.7M        55M       320M

MemTotal:        4016004 kB
MemFree:         3235488 kB
Active:           426168 kB
Mem:          3.8G       762M       3.1G       5.7M        55M       320M

MemTotal:        4016004 kB
MemFree:         3235348 kB
Active:           426204 kB
Mem:          3.8G       762M       3.1G       5.7M        55M       320M

MemTotal:        4016004 kB
MemFree:         3235332 kB
Active:           426176 kB
Mem:          3.8G       762M       3.1G       5.7M        55M       320M

MemTotal:        4016004 kB
MemFree:         3235564 kB
Active:           426204 kB
Mem:          3.8G       762M       3.1G       5.7M        55M       320M

MemTotal:        4016004 kB
MemFree:         3235536 kB
Active:           426196 kB
Mem:          3.8G       762M       3.1G       5.7M        55M       320M

MemTotal:        4016004 kB
MemFree:         3235412 kB
Active:           426216 kB
Mem:          3.8G       762M       3.1G       5.7M        55M       320M

MemTotal:        4016004 kB
MemFree:         3235040 kB
Active:           426232 kB
Mem:          3.8G       762M       3.1G       5.7M        55M       320M

MemTotal:        4016004 kB
MemFree:         3235164 kB
Active:           426208 kB
Mem:          3.8G       762M       3.1G       5.7M        55M       320M

MemTotal:        4016004 kB
MemFree:         3235164 kB
Active:           426176 kB
Mem:          3.8G       762M       3.1G       5.7M        55M       320M

MemTotal:        4016004 kB
MemFree:         3235272 kB
Active:           426212 kB
Mem:          3.8G       762M       3.1G       5.7M        55M       320M

MemTotal:        4016004 kB
MemFree:         3235504 kB
Active:           426200 kB
Mem:          3.8G       762M       3.1G       5.7M        55M       320M

MemTotal:        4016004 kB
MemFree:         3235116 kB
Active:           426244 kB
Mem:          3.8G       762M       3.1G       5.7M        55M       320M

MemTotal:        4016004 kB
MemFree:         3235520 kB
Active:           426232 kB
Mem:          3.8G       762M       3.1G       5.7M        55M       320M

MemTotal:        4016004 kB
MemFree:         3235520 kB
Active:           426212 kB
Mem:          3.8G       762M       3.1G       5.7M        55M       320M

MemTotal:        4016004 kB
MemFree:         3235396 kB
Active:           426196 kB
Mem:          3.8G       762M       3.1G       5.7M        55M       320M

MemTotal:        4016004 kB
MemFree:         3235396 kB
Active:           426220 kB
Mem:          3.8G       762M       3.1G       5.7M        55M       320M

MemTotal:        4016004 kB
MemFree:         3235148 kB
Active:           426252 kB
Mem:          3.8G       762M       3.1G       5.7M        55M       320M

MemTotal:        4016004 kB
MemFree:         3234960 kB
Active:           424204 kB
Mem:          3.8G       762M       3.1G       5.7M        55M       320M

MemTotal:        4016004 kB
MemFree:         3234696 kB
Active:           426256 kB
Mem:          3.8G       762M       3.1G       5.7M        55M       320M

MemTotal:        4016004 kB
MemFree:         3234944 kB
Active:           426256 kB
Mem:          3.8G       762M       3.1G       5.7M        55M       320M

MemTotal:        4016004 kB
MemFree:         3235116 kB
Active:           426248 kB
Mem:          3.8G       762M       3.1G       5.7M        55M       320M

MemTotal:        4016004 kB
MemFree:         3234868 kB
Active:           426232 kB
Mem:          3.8G       762M       3.1G       5.7M        55M       320M

MemTotal:        4016004 kB
MemFree:         3234868 kB
Active:           426260 kB
Mem:          3.8G       762M       3.1G       5.7M        55M       320M

MemTotal:        4016004 kB
MemFree:         3235488 kB
Active:           426264 kB
Mem:          3.8G       762M       3.1G       5.7M        55M       320M

MemTotal:        4016004 kB
MemFree:         3235364 kB
Active:           426272 kB
Mem:          3.8G       762M       3.1G       5.7M        55M       320M

MemTotal:        4016004 kB
MemFree:         3235860 kB
Active:           426236 kB
Mem:          3.8G       761M       3.1G       5.7M        55M       320M

MemTotal:        4016004 kB
MemFree:         3235488 kB
Active:           426264 kB
Mem:          3.8G       762M       3.1G       5.7M        55M       320M

MemTotal:        4016004 kB
MemFree:         3235612 kB
Active:           426240 kB
Mem:          3.8G       762M       3.1G       5.7M        55M       320M

MemTotal:        4016004 kB
MemFree:         3235348 kB
Active:           426260 kB
Mem:          3.8G       762M       3.1G       5.7M        55M       320M

MemTotal:        4016004 kB
MemFree:         3235488 kB
Active:           426280 kB
Mem:          3.8G       762M       3.1G       5.7M        55M       320M

MemTotal:        4016004 kB
MemFree:         3235116 kB
Active:           426292 kB
Mem:          3.8G       762M       3.1G       5.7M        55M       320M

MemTotal:        4016004 kB
MemFree:         3235488 kB
Active:           426260 kB
Mem:          3.8G       762M       3.1G       5.7M        55M       320M

MemTotal:        4016004 kB
MemFree:         3234744 kB
Active:           426296 kB
Mem:          3.8G       762M       3.1G       5.7M        55M       320M

MemTotal:        4016004 kB
MemFree:         3234868 kB
Active:           426268 kB
Mem:          3.8G       762M       3.1G       5.7M        55M       320M

MemTotal:        4016004 kB
MemFree:         3234620 kB
Active:           426316 kB
Mem:          3.8G       762M       3.1G       5.7M        55M       320M

MemTotal:        4016004 kB
MemFree:         3234868 kB
Active:           426280 kB
Mem:          3.8G       763M       3.1G       5.7M        55M       320M

MemTotal:        4016004 kB
MemFree:         3235116 kB
Active:           426312 kB
Mem:          3.8G       762M       3.1G       5.7M        55M       320M

MemTotal:        4016004 kB
MemFree:         3234368 kB
Active:           424268 kB
Mem:          3.8G       763M       3.1G       5.7M        55M       320M

MemTotal:        4016004 kB
MemFree:         3234476 kB
Active:           426320 kB
Mem:          3.8G       762M       3.1G       5.7M        55M       320M

MemTotal:        4016004 kB
MemFree:         3234972 kB
Active:           426264 kB
Mem:          3.8G       762M       3.1G       5.7M        55M       320M

MemTotal:        4016004 kB
MemFree:         3235112 kB
Active:           426304 kB
Mem:          3.8G       762M       3.1G       5.7M        55M       320M

MemTotal:        4016004 kB
MemFree:         3235112 kB
Active:           426328 kB
Mem:          3.8G       762M       3.1G       5.7M        55M       320M

MemTotal:        4016004 kB
MemFree:         3235484 kB
Active:           426320 kB
Mem:          3.8G       762M       3.1G       5.7M        55M       320M

MemTotal:        4016004 kB
MemFree:         3235484 kB
Active:           426308 kB
Mem:          3.8G       762M       3.1G       5.7M        55M       320M

MemTotal:        4016004 kB
MemFree:         3235484 kB
Active:           426284 kB
Mem:          3.8G       762M       3.1G       5.7M        55M       320M

MemTotal:        4016004 kB
MemFree:         3235112 kB
Active:           426328 kB
Mem:          3.8G       762M       3.1G       5.7M        55M       320M

MemTotal:        4016004 kB
MemFree:         3235220 kB
Active:           426328 kB
Mem:          3.8G       762M       3.1G       5.7M        55M       320M

MemTotal:        4016004 kB
MemFree:         3234784 kB
Active:           424300 kB
Mem:          3.8G       763M       3.1G       5.7M        55M       320M

MemTotal:        4016004 kB
MemFree:         3235172 kB
Active:           426340 kB
Mem:          3.8G       762M       3.1G       5.7M        55M       320M

MemTotal:        4016004 kB
MemFree:         3234552 kB
Active:           426348 kB
Mem:          3.8G       762M       3.1G       5.7M        55M       320M

MemTotal:        4016004 kB
MemFree:         3235172 kB
Active:           426304 kB
Mem:          3.8G       762M       3.1G       5.7M        55M       320M

MemTotal:        4016004 kB
MemFree:         3234800 kB
Active:           426348 kB
Mem:          3.8G       762M       3.1G       5.7M        55M       320M

MemTotal:        4016004 kB
MemFree:         3234800 kB
Active:           426352 kB
Mem:          3.8G       762M       3.1G       5.7M        55M       320M

MemTotal:        4016004 kB
MemFree:         3235172 kB
Active:           426308 kB
Mem:          3.8G       762M       3.1G       5.7M        55M       320M

MemTotal:        4016004 kB
MemFree:         3235172 kB
Active:           426352 kB
Mem:          3.8G       762M       3.1G       5.7M        55M       320M

MemTotal:        4016004 kB
MemFree:         3234908 kB
Active:           426352 kB
Mem:          3.8G       762M       3.1G       5.7M        55M       320M

MemTotal:        4016004 kB
MemFree:         3235264 kB
Active:           426324 kB
Mem:          3.8G       762M       3.1G       5.7M        55M       320M

MemTotal:        4016004 kB
MemFree:         3235436 kB
Active:           426304 kB
Mem:          3.8G       762M       3.1G       5.7M        55M       320M

MemTotal:        4016004 kB
MemFree:         3234940 kB
Active:           426360 kB
Mem:          3.8G       762M       3.1G       5.7M        55M       320M

MemTotal:        4016004 kB
MemFree:         3235312 kB
Active:           426328 kB
Mem:          3.8G       762M       3.1G       5.7M        55M       320M

MemTotal:        4016004 kB
MemFree:         3235312 kB
Active:           426308 kB
Mem:          3.8G       762M       3.1G       5.7M        55M       320M

MemTotal:        4016004 kB
MemFree:         3235312 kB
Active:           426340 kB
Mem:          3.8G       762M       3.1G       5.7M        55M       320M

MemTotal:        4016004 kB
MemFree:         3235172 kB
Active:           426312 kB
Mem:          3.8G       762M       3.1G       5.7M        55M       320M

MemTotal:        4016004 kB
MemFree:         3235032 kB
Active:           426340 kB
Mem:          3.8G       763M       3.1G       5.7M        55M       320M

MemTotal:        4016004 kB
MemFree:         3235016 kB
Active:           426356 kB
Mem:          3.8G       762M       3.1G       5.7M        55M       320M

MemTotal:        4016004 kB
MemFree:         3235172 kB
Active:           426368 kB
Mem:          3.8G       762M       3.1G       5.7M        55M       320M

MemTotal:        4016004 kB
MemFree:         3234800 kB
Active:           426380 kB
Mem:          3.8G       762M       3.1G       5.7M        55M       320M

MemTotal:        4016004 kB
MemFree:         3234860 kB
Active:           424336 kB
Mem:          3.8G       762M       3.1G       5.7M        55M       320M

MemTotal:        4016004 kB
MemFree:         3234984 kB
Active:           426372 kB
Mem:          3.8G       762M       3.1G       5.7M        55M       320M

MemTotal:        4016004 kB
MemFree:         3234984 kB
Active:           426392 kB
Mem:          3.8G       762M       3.1G       5.7M        55M       320M

MemTotal:        4016004 kB
MemFree:         3234984 kB
Active:           426384 kB
Mem:          3.8G       762M       3.1G       5.7M        55M       320M

MemTotal:        4016004 kB
MemFree:         3234968 kB
Active:           426352 kB
Mem:          3.8G       762M       3.1G       5.7M        55M       320M

MemTotal:        4016004 kB
MemFree:         3234736 kB
Active:           426400 kB
Mem:          3.8G       762M       3.1G       5.7M        55M       320M

MemTotal:        4016004 kB
MemFree:         3234736 kB
Active:           426400 kB
Mem:          3.8G       762M       3.1G       5.7M        55M       320M

MemTotal:        4016004 kB
MemFree:         3234984 kB
Active:           426368 kB
Mem:          3.8G       762M       3.1G       5.7M        55M       320M

MemTotal:        4016004 kB
MemFree:         3234612 kB
Active:           426408 kB
Mem:          3.8G       763M       3.1G       5.7M        55M       320M

MemTotal:        4016004 kB
MemFree:         3234984 kB
Active:           426400 kB
Mem:          3.8G       762M       3.1G       5.7M        55M       320M

MemTotal:        4016004 kB
MemFree:         3234964 kB
Active:           424316 kB
Mem:          3.8G       763M       3.1G       5.7M        55M       320M

MemTotal:        4016004 kB
MemFree:         3235120 kB
Active:           426388 kB
Mem:          3.8G       762M       3.1G       5.7M        55M       320M

MemTotal:        4016004 kB
MemFree:         3234500 kB
Active:           426412 kB
Mem:          3.8G       763M       3.1G       5.7M        55M       320M

MemTotal:        4016004 kB
MemFree:         3234748 kB
Active:           426400 kB
Mem:          3.8G       763M       3.1G       5.7M        55M       320M

MemTotal:        4016004 kB
MemFree:         3234748 kB
Active:           426356 kB
Mem:          3.8G       763M       3.1G       5.7M        55M       320M

MemTotal:        4016004 kB
MemFree:         3234124 kB
Active:           426708 kB
Mem:          3.8G       763M       3.1G       5.7M        55M       320M

MemTotal:        4016004 kB
MemFree:         3132352 kB
Active:           427676 kB
Mem:          3.8G       864M       3.0G       5.7M        55M       419M

MemTotal:        4016004 kB
MemFree:         3037888 kB
Active:           427780 kB
Mem:          3.8G       956M       2.9G       5.7M        55M       509M

MemTotal:        4016004 kB
MemFree:         2905028 kB
Active:           427780 kB
Mem:          3.8G       1.1G       2.8G       5.7M        55M       638M

MemTotal:        4016004 kB
MemFree:         2782384 kB
Active:           427788 kB
Mem:          3.8G       1.2G       2.7G       5.7M        55M       754M

MemTotal:        4016004 kB
MemFree:         2670420 kB
Active:           427788 kB
Mem:          3.8G       1.3G       2.5G       5.7M        55M       862M

MemTotal:        4016004 kB
MemFree:         2541496 kB
Active:           427788 kB
Mem:          3.8G       1.4G       2.4G       5.7M        55M       985M

MemTotal:        4016004 kB
MemFree:         2535176 kB
Active:           427816 kB
Mem:          3.8G       1.4G       2.4G       5.7M        55M       991M

MemTotal:        4016004 kB
MemFree:         2529624 kB
Active:           427828 kB
Mem:          3.8G       1.4G       2.4G       5.7M        55M       996M

MemTotal:        4016004 kB
MemFree:         2526400 kB
Active:           427816 kB
Mem:          3.8G       1.4G       2.4G       5.7M        55M       999M

MemTotal:        4016004 kB
MemFree:         2476432 kB
Active:           427816 kB
Mem:          3.8G       1.5G       2.4G       5.7M        55M       1.0G

MemTotal:        4016004 kB
MemFree:         2341556 kB
Active:           427832 kB
Mem:          3.8G       1.6G       2.2G       5.7M        55M       1.1G

MemTotal:        4016004 kB
MemFree:         2332808 kB
Active:           428372 kB
Mem:          3.8G       1.6G       2.2G       5.7M        55M       1.2G

MemTotal:        4016004 kB
MemFree:         2329968 kB
Active:           428084 kB
Mem:          3.8G       1.6G       2.2G       5.7M        55M       1.2G

MemTotal:        4016004 kB
MemFree:         2326860 kB
Active:           428092 kB
Mem:          3.8G       1.6G       2.2G       5.7M        55M       1.2G

MemTotal:        4016004 kB
MemFree:         2282952 kB
Active:           428028 kB
Mem:          3.8G       1.7G       2.2G       5.7M        55M       1.2G

MemTotal:        4016004 kB
MemFree:         2280340 kB
Active:           428080 kB
Mem:          3.8G       1.7G       2.2G       5.7M        55M       1.2G

MemTotal:        4016004 kB
MemFree:         2279456 kB
Active:           428036 kB
Mem:          3.8G       1.7G       2.2G       5.7M        55M       1.2G

MemTotal:        4016004 kB
MemFree:         2278016 kB
Active:           428100 kB
Mem:          3.8G       1.7G       2.2G       5.7M        55M       1.2G

MemTotal:        4016004 kB
MemFree:         2269864 kB
Active:           430152 kB
Mem:          3.8G       1.7G       2.2G       5.7M        55M       1.2G

MemTotal:        4016004 kB
MemFree:         2266876 kB
Active:           430156 kB
Mem:          3.8G       1.7G       2.2G       5.7M        55M       1.2G

MemTotal:        4016004 kB
MemFree:         2148728 kB
Active:           430160 kB
Mem:          3.8G       1.8G       2.0G       5.7M        55M       1.3G

MemTotal:        4016004 kB
MemFree:         2030764 kB
Active:           430160 kB
Mem:          3.8G       1.9G       1.9G       5.7M        55M       1.4G

MemTotal:        4016004 kB
MemFree:         1943260 kB
Active:           430132 kB
Mem:          3.8G       2.0G       1.9G       5.7M        55M       1.5G

MemTotal:        4016004 kB
MemFree:         1926440 kB
Active:           430172 kB
Mem:          3.8G       2.0G       1.8G       5.7M        55M       1.5G

MemTotal:        4016004 kB
MemFree:         1843412 kB
Active:           428228 kB
Mem:          3.8G       2.1G       1.8G       5.7M        55M       1.6G

MemTotal:        4016004 kB
MemFree:         1755552 kB
Active:           430280 kB
Mem:          3.8G       2.2G       1.7G       5.7M        55M       1.7G

MemTotal:        4016004 kB
MemFree:         1667196 kB
Active:           430256 kB
Mem:          3.8G       2.2G       1.6G       5.7M        55M       1.8G

MemTotal:        4016004 kB
MemFree:         1638748 kB
Active:           430236 kB
Mem:          3.8G       2.3G       1.6G       5.7M        55M       1.8G

MemTotal:        4016004 kB
MemFree:         1635440 kB
Active:           430300 kB
Mem:          3.8G       2.3G       1.6G       5.7M        55M       1.8G

MemTotal:        4016004 kB
MemFree:         1632792 kB
Active:           430304 kB
Mem:          3.8G       2.3G       1.6G       5.7M        55M       1.8G

MemTotal:        4016004 kB
MemFree:         1629820 kB
Active:           430260 kB
Mem:          3.8G       2.3G       1.6G       5.7M        55M       1.8G

MemTotal:        4016004 kB
MemFree:         1568816 kB
Active:           430308 kB
Mem:          3.8G       2.3G       1.5G       5.7M        55M       1.9G

MemTotal:        4016004 kB
MemFree:         1489424 kB
Active:           430296 kB
Mem:          3.8G       2.4G       1.4G       5.7M        55M       1.9G

MemTotal:        4016004 kB
MemFree:         1487428 kB
Active:           430316 kB
Mem:          3.8G       2.4G       1.4G       5.7M        55M       1.9G

MemTotal:        4016004 kB
MemFree:         1483172 kB
Active:           428436 kB
Mem:          3.8G       2.4G       1.4G       5.7M        55M       2.0G

MemTotal:        4016004 kB
MemFree:         1479984 kB
Active:           428288 kB
Mem:          3.8G       2.4G       1.4G       5.7M        55M       2.0G

MemTotal:        4016004 kB
MemFree:         1476560 kB
Active:           428304 kB
Mem:          3.8G       2.4G       1.4G       5.7M        55M       2.0G

MemTotal:        4016004 kB
MemFree:         1397028 kB
Active:           428320 kB
Mem:          3.8G       2.5G       1.3G       5.7M        55M       2.0G

MemTotal:        4016004 kB
MemFree:         1269268 kB
Active:           430368 kB
Mem:          3.8G       2.6G       1.2G       5.7M        55M       2.2G

MemTotal:        4016004 kB
MemFree:         1139912 kB
Active:           430372 kB
Mem:          3.8G       2.7G       1.1G       5.7M        55M       2.3G

MemTotal:        4016004 kB
MemFree:         1094008 kB
Active:           430380 kB
Mem:          3.8G       2.8G       1.0G       5.7M        55M       2.3G

MemTotal:        4016004 kB
MemFree:         1033724 kB
Active:           430324 kB
Mem:          3.8G       2.8G       1.0G       5.7M        55M       2.4G

MemTotal:        4016004 kB
MemFree:         1009792 kB
Active:           430380 kB
Mem:          3.8G       2.9G       985M       5.7M        55M       2.4G

MemTotal:        4016004 kB
MemFree:          922048 kB
Active:           430400 kB
Mem:          3.8G       3.0G       898M       5.7M        55M       2.5G

MemTotal:        4016004 kB
MemFree:          792412 kB
Active:           430408 kB
Mem:          3.8G       3.1G       771M       5.7M        55M       2.6G

MemTotal:        4016004 kB
MemFree:          661296 kB
Active:           430408 kB
Mem:          3.8G       3.2G       643M       5.7M        55M       2.7G

MemTotal:        4016004 kB
MemFree:          629848 kB
Active:           430408 kB
Mem:          3.8G       3.2G       614M       5.7M        55M       2.8G

MemTotal:        4016004 kB
MemFree:          628724 kB
Active:           430420 kB
Mem:          3.8G       3.2G       613M       5.7M        55M       2.8G

MemTotal:        4016004 kB
MemFree:          628008 kB
Active:           430440 kB
Mem:          3.8G       3.2G       613M       5.7M        55M       2.8G

MemTotal:        4016004 kB
MemFree:          623856 kB
Active:           430428 kB
Mem:          3.8G       3.2G       608M       5.7M        55M       2.8G

MemTotal:        4016004 kB
MemFree:          621084 kB
Active:           430476 kB
Mem:          3.8G       3.2G       606M       5.7M        55M       2.8G

MemTotal:        4016004 kB
MemFree:          600504 kB
Active:           430464 kB
Mem:          3.8G       3.3G       586M       5.7M        55M       2.8G

MemTotal:        4016004 kB
MemFree:          598232 kB
Active:           430456 kB
Mem:          3.8G       3.3G       584M       5.7M        55M       2.8G

MemTotal:        4016004 kB
MemFree:          598172 kB
Active:           430492 kB
Mem:          3.8G       3.3G       584M       5.7M        55M       2.8G

MemTotal:        4016004 kB
MemFree:          590660 kB
Active:           430432 kB
Mem:          3.8G       3.3G       576M       5.7M        55M       2.8G

MemTotal:        4016004 kB
MemFree:          585608 kB
Active:           430556 kB
Mem:          3.8G       3.3G       571M       5.7M        55M       2.8G

MemTotal:        4016004 kB
MemFree:          492836 kB
Active:           430556 kB
Mem:          3.8G       3.4G       479M       5.7M        55M       2.9G

MemTotal:        4016004 kB
MemFree:          380376 kB
Active:           430560 kB
Mem:          3.8G       3.5G       369M       5.7M        55M       3.0G

MemTotal:        4016004 kB
MemFree:          271000 kB
Active:           430560 kB
Mem:          3.8G       3.6G       262M       5.7M        55M       3.1G

MemTotal:        4016004 kB
MemFree:          254644 kB
Active:           430560 kB
Mem:          3.8G       3.6G       248M       5.7M        55M       3.1G

MemTotal:        4016004 kB
MemFree:          182132 kB
Active:           430556 kB
Mem:          3.8G       3.7G       176M       5.7M        55M       3.2G

MemTotal:        4016004 kB
MemFree:          127200 kB
Active:           430580 kB
Mem:          3.8G       3.7G       122M       5.7M        55M       3.2G

MemTotal:        4016004 kB
MemFree:          107460 kB
Active:           428788 kB
Mem:          3.8G       3.7G       119M       5.7M        20M       3.3G

MemTotal:        4016004 kB
MemFree:          117896 kB
Active:           473268 kB
Mem:          3.8G       3.7G       111M       5.7M        20M       3.3G

MemTotal:        4016004 kB
MemFree:          114088 kB
Active:           473296 kB
Mem:          3.8G       3.7G       111M       5.7M        20M       3.3G

MemTotal:        4016004 kB
MemFree:          141408 kB
Active:           466464 kB
Mem:          3.8G       3.7G       137M       5.7M        20M       3.2G

MemTotal:        4016004 kB
MemFree:          140748 kB
Active:           466548 kB
Mem:          3.8G       3.7G       137M       5.7M        20M       3.2G

MemTotal:        4016004 kB
MemFree:          133372 kB
Active:           466368 kB
Mem:          3.8G       3.7G       129M       5.7M        20M       3.3G

MemTotal:        4016004 kB
MemFree:          129668 kB
Active:           466564 kB
Mem:          3.8G       3.7G       125M       5.7M        20M       3.3G

MemTotal:        4016004 kB
MemFree:          125716 kB
Active:           466632 kB
Mem:          3.8G       3.7G       122M       5.7M        20M       3.3G

MemTotal:        4016004 kB
MemFree:          109872 kB
Active:           462716 kB
Mem:          3.8G       3.7G       105M       5.7M        20M       3.3G

MemTotal:        4016004 kB
MemFree:          126068 kB
Active:           454692 kB
Mem:          3.8G       3.7G       120M       5.7M        20M       3.3G

MemTotal:        4016004 kB
MemFree:          144016 kB
Active:           444436 kB
Mem:          3.8G       3.7G       138M       5.7M        20M       3.2G

MemTotal:        4016004 kB
MemFree:          118720 kB
Active:           443156 kB
Mem:          3.8G       3.7G       113M       5.7M        20M       3.3G

MemTotal:        4016004 kB
MemFree:          131352 kB
Active:           436532 kB
Mem:          3.8G       3.7G       125M       5.7M        20M       3.3G

MemTotal:        4016004 kB
MemFree:          126304 kB
Active:           432688 kB
Mem:          3.8G       3.7G       119M       5.7M        20M       3.3G

MemTotal:        4016004 kB
MemFree:          133272 kB
Active:           431528 kB
Mem:          3.8G       3.7G       129M       5.7M        20M       3.3G

MemTotal:        4016004 kB
MemFree:          129684 kB
Active:           431612 kB
Mem:          3.8G       3.7G       126M       5.7M        20M       3.3G

MemTotal:        4016004 kB
MemFree:          126648 kB
Active:           431508 kB
Mem:          3.8G       3.7G       123M       5.7M        20M       3.3G

MemTotal:        4016004 kB
MemFree:          123520 kB
Active:           431568 kB
Mem:          3.8G       3.7G       120M       5.7M        20M       3.3G

MemTotal:        4016004 kB
MemFree:          127360 kB
Active:           429700 kB
Mem:          3.8G       3.7G       124M       5.7M        20M       3.3G

MemTotal:        4016004 kB
MemFree:          137472 kB
Active:           430932 kB
Mem:          3.8G       3.7G       134M       5.7M        20M       3.2G

MemTotal:        4016004 kB
MemFree:          138364 kB
Active:           431048 kB
Mem:          3.8G       3.7G       135M       5.7M        20M       3.2G

MemTotal:        4016004 kB
MemFree:          138840 kB
Active:           430900 kB
Mem:          3.8G       3.7G       135M       5.7M        20M       3.2G

MemTotal:        4016004 kB
MemFree:          133432 kB
Active:           431080 kB
Mem:          3.8G       3.7G       129M       5.7M        20M       3.3G

MemTotal:        4016004 kB
MemFree:          126220 kB
Active:           427776 kB
Mem:          3.8G       3.7G       123M       5.7M        20M       3.3G

MemTotal:        4016004 kB
MemFree:          124244 kB
Active:           425864 kB
Mem:          3.8G       3.7G       120M       5.7M        20M       3.3G

MemTotal:        4016004 kB
MemFree:          117292 kB
Active:           423260 kB
Mem:          3.8G       3.7G       112M       5.7M        20M       3.3G

MemTotal:        4016004 kB
MemFree:          147128 kB
Active:           420440 kB
Mem:          3.8G       3.7G       143M       5.7M        20M       3.2G

MemTotal:        4016004 kB
MemFree:          143560 kB
Active:           420428 kB
Mem:          3.8G       3.7G       139M       5.7M        20M       3.2G

MemTotal:        4016004 kB
MemFree:          130104 kB
Active:           415556 kB
Mem:          3.8G       3.7G       123M       5.7M        20M       3.3G

MemTotal:        4016004 kB
MemFree:          149268 kB
Active:           413144 kB
Mem:          3.8G       3.7G       145M       5.7M        20M       3.2G

MemTotal:        4016004 kB
MemFree:          120244 kB
Active:           413036 kB
Mem:          3.8G       3.7G       115M       5.7M        20M       3.3G

MemTotal:        4016004 kB
MemFree:          127088 kB
Active:           411220 kB
Mem:          3.8G       3.7G       123M       5.7M        20M       3.3G

MemTotal:        4016004 kB
MemFree:          123252 kB
Active:           411468 kB
Mem:          3.8G       3.7G       120M       5.7M        20M       3.3G

MemTotal:        4016004 kB
MemFree:          119556 kB
Active:           411296 kB
Mem:          3.8G       3.7G       116M       5.7M        20M       3.3G

MemTotal:        4016004 kB
MemFree:          117092 kB
Active:           411364 kB
Mem:          3.8G       3.7G       113M       5.7M        20M       3.3G

MemTotal:        4016004 kB
MemFree:          116268 kB
Active:           411384 kB
Mem:          3.8G       3.7G       113M       5.7M        20M       3.3G

MemTotal:        4016004 kB
MemFree:          127372 kB
Active:           409272 kB
Mem:          3.8G       3.7G       121M       5.7M        20M       3.3G

MemTotal:        4016004 kB
MemFree:          129468 kB
Active:           406016 kB
Mem:          3.8G       3.7G       125M       5.7M        20M       3.3G

MemTotal:        4016004 kB
MemFree:          154096 kB
Active:           394036 kB
Mem:          3.8G       3.7G       148M       5.7M        20M       3.2G

MemTotal:        4016004 kB
MemFree:          132616 kB
Active:           394064 kB
Mem:          3.8G       3.7G       127M       5.7M        20M       3.3G

MemTotal:        4016004 kB
MemFree:          138316 kB
Active:           392764 kB
Mem:          3.8G       3.7G       134M       5.7M        20M       3.2G

MemTotal:        4016004 kB
MemFree:          140688 kB
Active:           388968 kB
Mem:          3.8G       3.7G       134M       5.7M        20M       3.2G

MemTotal:        4016004 kB
MemFree:          127688 kB
Active:           385480 kB
Mem:          3.8G       3.7G       123M       5.7M        20M       3.3G

MemTotal:        4016004 kB
MemFree:          128320 kB
Active:           382696 kB
Mem:          3.8G       3.7G       125M       5.7M        20M       3.3G

MemTotal:        4016004 kB
MemFree:          121848 kB
Active:           382656 kB
Mem:          3.8G       3.7G       118M       5.7M        20M       3.3G

MemTotal:        4016004 kB
MemFree:          119008 kB
Active:           382720 kB
Mem:          3.8G       3.7G       115M       5.7M        20M       3.3G

MemTotal:        4016004 kB
MemFree:          118112 kB
Active:           382504 kB
Mem:          3.8G       3.7G       115M       5.7M        20M       3.3G

MemTotal:        4016004 kB
MemFree:          118304 kB
Active:           382556 kB
Mem:          3.8G       3.7G       115M       5.7M        20M       3.3G

MemTotal:        4016004 kB
MemFree:          139792 kB
Active:           378748 kB
Mem:          3.8G       3.7G       136M       5.7M        20M       3.2G

MemTotal:        4016004 kB
MemFree:          135468 kB
Active:           378756 kB
Mem:          3.8G       3.7G       132M       5.7M        20M       3.2G

MemTotal:        4016004 kB
MemFree:          132508 kB
Active:           378756 kB
Mem:          3.8G       3.7G       129M       5.7M        20M       3.3G

MemTotal:        4016004 kB
MemFree:          132792 kB
Active:           380760 kB
Mem:          3.8G       3.7G       129M       5.7M        20M       3.3G

MemTotal:        4016004 kB
MemFree:          127668 kB
Active:           380812 kB
Mem:          3.8G       3.7G       124M       5.7M        20M       3.3G

MemTotal:        4016004 kB
MemFree:          134604 kB
Active:           376460 kB
Mem:          3.8G       3.7G       128M       5.7M        20M       3.3G

MemTotal:        4016004 kB
MemFree:          124304 kB
Active:           369920 kB
Mem:          3.8G       3.7G       119M       5.7M        20M       3.3G

MemTotal:        4016004 kB
MemFree:          123392 kB
Active:           367360 kB
Mem:          3.8G       3.7G       117M       5.7M        20M       3.3G

MemTotal:        4016004 kB
MemFree:          120928 kB
Active:           366224 kB
Mem:          3.8G       3.7G       117M       5.7M        20M       3.3G

MemTotal:        4016004 kB
MemFree:          144748 kB
Active:           364952 kB
Mem:          3.8G       3.7G       141M       5.7M        20M       3.2G

MemTotal:        4016004 kB
MemFree:          109104 kB
Active:           364940 kB
Mem:          3.8G       3.7G       105M       5.7M        20M       3.3G

MemTotal:        4016004 kB
MemFree:          145800 kB
Active:           363692 kB
Mem:          3.8G       3.7G       142M       5.7M        20M       3.2G

MemTotal:        4016004 kB
MemFree:          142664 kB
Active:           363736 kB
Mem:          3.8G       3.7G       139M       5.7M        20M       3.2G

MemTotal:        4016004 kB
MemFree:          140248 kB
Active:           363728 kB
Mem:          3.8G       3.7G       136M       5.7M        20M       3.2G

MemTotal:        4016004 kB
MemFree:          139472 kB
Active:           363716 kB
Mem:          3.8G       3.7G       136M       5.7M        20M       3.2G

MemTotal:        4016004 kB
MemFree:          124844 kB
Active:           363744 kB
Mem:          3.8G       3.7G       119M       5.7M        20M       3.3G

MemTotal:        4016004 kB
MemFree:          116388 kB
Active:           363740 kB
Mem:          3.8G       3.7G       121M       5.7M        20M       3.3G

MemTotal:        4016004 kB
MemFree:          111016 kB
Active:           363748 kB
Mem:          3.8G       3.7G       107M       5.7M        20M       3.3G

MemTotal:        4016004 kB
MemFree:          131068 kB
Active:           363752 kB
Mem:          3.8G       3.7G       127M       5.7M        20M       3.3G

MemTotal:        4016004 kB
MemFree:          139824 kB
Active:           363760 kB
Mem:          3.8G       3.7G       135M       5.7M        20M       3.2G

MemTotal:        4016004 kB
MemFree:          118752 kB
Active:           363772 kB
Mem:          3.8G       3.7G       115M       5.7M        20M       3.3G

MemTotal:        4016004 kB
MemFree:          125416 kB
Active:           363752 kB
Mem:          3.8G       3.7G       122M       5.7M        20M       3.3G

MemTotal:        4016004 kB
MemFree:          112592 kB
Active:           363776 kB
Mem:          3.8G       3.7G       109M       5.7M        20M       3.3G

MemTotal:        4016004 kB
MemFree:          110232 kB
Active:           363776 kB
Mem:          3.8G       3.7G       107M       5.7M        20M       3.3G

MemTotal:        4016004 kB
MemFree:          131012 kB
Active:           362964 kB
Mem:          3.8G       3.7G       118M       5.7M        20M       3.3G

MemTotal:        4016004 kB
MemFree:          130544 kB
Active:           363008 kB
Mem:          3.8G       3.7G       126M       5.7M        20M       3.3G

MemTotal:        4016004 kB
MemFree:          126764 kB
Active:           362968 kB
Mem:          3.8G       3.7G       123M       5.7M        20M       3.3G

MemTotal:        4016004 kB
MemFree:          122360 kB
Active:           362984 kB
Mem:          3.8G       3.7G       118M       5.7M        20M       3.3G

MemTotal:        4016004 kB
MemFree:          118584 kB
Active:           363016 kB
Mem:          3.8G       3.7G       115M       5.7M        20M       3.3G

MemTotal:        4016004 kB
MemFree:          121004 kB
Active:           362996 kB
Mem:          3.8G       3.7G       115M       5.7M        20M       3.3G

MemTotal:        4016004 kB
MemFree:          135768 kB
Active:           363024 kB
Mem:          3.8G       3.7G       130M       5.7M        20M       3.2G

MemTotal:        4016004 kB
MemFree:          133776 kB
Active:           361480 kB
Mem:          3.8G       3.7G       128M       5.7M        20M       3.3G

MemTotal:        4016004 kB
MemFree:          131152 kB
Active:           361284 kB
Mem:          3.8G       3.7G       124M       5.7M        20M       3.3G

MemTotal:        4016004 kB
MemFree:          105860 kB
Active:           361192 kB
Mem:          3.8G       3.7G       103M       5.7M        20M       3.3G

MemTotal:        4016004 kB
MemFree:          137324 kB
Active:           361200 kB
Mem:          3.8G       3.7G       134M       5.7M        20M       3.2G

MemTotal:        4016004 kB
MemFree:          136040 kB
Active:           361200 kB
Mem:          3.8G       3.7G       132M       5.7M        20M       3.2G

MemTotal:        4016004 kB
MemFree:          129416 kB
Active:           361204 kB
Mem:          3.8G       3.7G       125M       5.7M        20M       3.3G

MemTotal:        4016004 kB
MemFree:          137424 kB
Active:           359184 kB
Mem:          3.8G       3.7G       131M       5.7M        20M       3.2G

MemTotal:        4016004 kB
MemFree:          124316 kB
Active:           359184 kB
Mem:          3.8G       3.7G       120M       5.7M        20M       3.3G

MemTotal:        4016004 kB
MemFree:          134792 kB
Active:           359204 kB
Mem:          3.8G       3.7G       131M       5.7M        20M       3.2G

MemTotal:        4016004 kB
MemFree:          132648 kB
Active:           359216 kB
Mem:          3.8G       3.7G       129M       5.7M        20M       3.2G

MemTotal:        4016004 kB
MemFree:          128528 kB
Active:           359216 kB
Mem:          3.8G       3.7G       125M       5.7M        20M       3.3G

MemTotal:        4016004 kB
MemFree:          126452 kB
Active:           359216 kB
Mem:          3.8G       3.7G       123M       5.7M        20M       3.3G

MemTotal:        4016004 kB
MemFree:          124680 kB
Active:           359216 kB
Mem:          3.8G       3.7G       121M       5.7M        20M       3.3G

MemTotal:        4016004 kB
MemFree:          122584 kB
Active:           359216 kB
Mem:          3.8G       3.7G       119M       5.7M        20M       3.3G

MemTotal:        4016004 kB
MemFree:          135836 kB
Active:           359228 kB
Mem:          3.8G       3.7G       130M       5.7M        20M       3.2G

MemTotal:        4016004 kB
MemFree:          143496 kB
Active:           358400 kB
Mem:          3.8G       3.7G       139M       5.7M        20M       3.2G

MemTotal:        4016004 kB
MemFree:          141792 kB
Active:           358400 kB
Mem:          3.8G       3.7G       137M       5.7M        20M       3.2G

MemTotal:        4016004 kB
MemFree:          139052 kB
Active:           358380 kB
Mem:          3.8G       3.7G       135M       5.7M        20M       3.2G

MemTotal:        4016004 kB
MemFree:          125880 kB
Active:           358404 kB
Mem:          3.8G       3.7G       121M       5.7M        20M       3.3G

MemTotal:        4016004 kB
MemFree:          118656 kB
Active:           359040 kB
Mem:          3.8G       3.7G       113M       5.7M        20M       3.3G

MemTotal:        4016004 kB
MemFree:          129576 kB
Active:           356452 kB
Mem:          3.8G       3.7G       125M       5.7M        20M       3.3G

MemTotal:        4016004 kB
MemFree:          125088 kB
Active:           356328 kB
Mem:          3.8G       3.7G       121M       5.7M        20M       3.3G

MemTotal:        4016004 kB
MemFree:          123028 kB
Active:           356296 kB
Mem:          3.8G       3.7G       120M       5.7M        20M       3.3G

MemTotal:        4016004 kB
MemFree:          125104 kB
Active:           356308 kB
Mem:          3.8G       3.7G       120M       5.7M        20M       3.3G

MemTotal:        4016004 kB
MemFree:          112492 kB
Active:           356336 kB
Mem:          3.8G       3.7G       108M       5.7M        20M       3.3G

MemTotal:        4016004 kB
MemFree:          124996 kB
Active:           356336 kB
Mem:          3.8G       3.7G       121M       5.7M        20M       3.3G

MemTotal:        4016004 kB
MemFree:          117428 kB
Active:           356040 kB
Mem:          3.8G       3.7G       115M       5.7M        20M       3.3G

MemTotal:        4016004 kB
MemFree:          123788 kB
Active:           355924 kB
Mem:          3.8G       3.7G       120M       5.7M        20M       3.3G

MemTotal:        4016004 kB
MemFree:          122820 kB
Active:           355936 kB
Mem:          3.8G       3.7G       120M       5.7M        20M       3.3G

MemTotal:        4016004 kB
MemFree:          120116 kB
Active:           355936 kB
Mem:          3.8G       3.7G       117M       5.7M        20M       3.3G

MemTotal:        4016004 kB
MemFree:          118308 kB
Active:           357968 kB
Mem:          3.8G       3.7G       115M       5.7M        20M       3.3G

MemTotal:        4016004 kB
MemFree:          122604 kB
Active:           350800 kB
Mem:          3.8G       3.7G       117M       5.7M        20M       3.3G

MemTotal:        4016004 kB
MemFree:          133100 kB
Active:           350800 kB
Mem:          3.8G       3.7G       130M       5.7M        20M       3.2G

MemTotal:        4016004 kB
MemFree:          124756 kB
Active:           350800 kB
Mem:          3.8G       3.7G       121M       5.7M        20M       3.3G

MemTotal:        4016004 kB
MemFree:          136156 kB
Active:           350812 kB
Mem:          3.8G       3.7G       131M       5.7M        20M       3.2G

MemTotal:        4016004 kB
MemFree:          123752 kB
Active:           350812 kB
Mem:          3.8G       3.7G       120M       5.7M        20M       3.3G

MemTotal:        4016004 kB
MemFree:          145680 kB
Active:           349024 kB
Mem:          3.8G       3.7G       141M       5.7M        20M       3.2G

MemTotal:        4016004 kB
MemFree:          106424 kB
Active:           349024 kB
Mem:          3.8G       3.7G       121M       5.7M        20M       3.3G

MemTotal:        4016004 kB
MemFree:          131344 kB
Active:           349024 kB
Mem:          3.8G       3.7G       127M       5.7M        20M       3.2G

MemTotal:        4016004 kB
MemFree:          130464 kB
Active:           349040 kB
Mem:          3.8G       3.7G       127M       5.7M        20M       3.2G

MemTotal:        4016004 kB
MemFree:          129972 kB
Active:           349040 kB
Mem:          3.8G       3.7G       127M       5.7M        20M       3.2G

MemTotal:        4016004 kB
MemFree:          130024 kB
Active:           349040 kB
Mem:          3.8G       3.7G       127M       5.7M        20M       3.2G

MemTotal:        4016004 kB
MemFree:          120124 kB
Active:           349040 kB
Mem:          3.8G       3.7G       115M       5.7M        20M       3.3G

MemTotal:        4016004 kB
MemFree:          131208 kB
Active:           349044 kB
Mem:          3.8G       3.7G       127M       5.7M        20M       3.2G

MemTotal:        4016004 kB
MemFree:          123284 kB
Active:           349052 kB
Mem:          3.8G       3.7G       117M       5.7M        20M       3.3G

MemTotal:        4016004 kB
MemFree:          115144 kB
Active:           346868 kB
Mem:          3.8G       3.7G       111M       5.7M        20M       3.3G

MemTotal:        4016004 kB
MemFree:          122136 kB
Active:           346896 kB
Mem:          3.8G       3.7G       117M       5.7M        20M       3.3G

MemTotal:        4016004 kB
MemFree:          131608 kB
Active:           346900 kB
Mem:          3.8G       3.7G       128M       5.7M        20M       3.2G

MemTotal:        4016004 kB
MemFree:          131144 kB
Active:           346876 kB
Mem:          3.8G       3.7G       128M       5.7M        20M       3.2G

MemTotal:        4016004 kB
MemFree:          134776 kB
Active:           346016 kB
Mem:          3.8G       3.7G       129M       5.7M        20M       3.2G

MemTotal:        4016004 kB
MemFree:          120808 kB
Active:           347564 kB
Mem:          3.8G       3.7G       116M       5.7M        20M       3.3G

MemTotal:        4016004 kB
MemFree:          138128 kB
Active:           346948 kB
Mem:          3.8G       3.7G       135M       5.7M        20M       3.2G

MemTotal:        4016004 kB
MemFree:          138152 kB
Active:           346956 kB
Mem:          3.8G       3.7G       134M       5.7M        20M       3.2G

MemTotal:        4016004 kB
MemFree:          137548 kB
Active:           346960 kB
Mem:          3.8G       3.7G       134M       5.7M        20M       3.2G

MemTotal:        4016004 kB
MemFree:          136344 kB
Active:           346960 kB
Mem:          3.8G       3.7G       133M       5.7M        20M       3.2G

MemTotal:        4016004 kB
MemFree:          115932 kB
Active:           346968 kB
Mem:          3.8G       3.7G       121M       5.7M        20M       3.3G

MemTotal:        4016004 kB
MemFree:          117692 kB
Active:           344240 kB
Mem:          3.8G       3.7G       112M       5.7M        20M       3.3G

MemTotal:        4016004 kB
MemFree:          129016 kB
Active:           344200 kB
Mem:          3.8G       3.7G       123M       5.7M        20M       3.2G

MemTotal:        4016004 kB
MemFree:          127020 kB
Active:           344244 kB
Mem:          3.8G       3.7G       123M       5.7M        20M       3.2G

MemTotal:        4016004 kB
MemFree:          137604 kB
Active:           344244 kB
Mem:          3.8G       3.7G       132M       5.7M        20M       3.2G

MemTotal:        4016004 kB
MemFree:          125420 kB
Active:           344216 kB
Mem:          3.8G       3.7G       121M       5.7M        20M       3.3G

MemTotal:        4016004 kB
MemFree:          122020 kB
Active:           344224 kB
Mem:          3.8G       3.7G       118M       5.7M        20M       3.3G

MemTotal:        4016004 kB
MemFree:          127964 kB
Active:           340436 kB
Mem:          3.8G       3.7G       124M       5.7M        20M       3.2G

MemTotal:        4016004 kB
MemFree:          127204 kB
Active:           340440 kB
Mem:          3.8G       3.7G       124M       5.7M        20M       3.2G

MemTotal:        4016004 kB
MemFree:          126052 kB
Active:           340436 kB
Mem:          3.8G       3.7G       122M       5.7M        20M       3.2G

MemTotal:        4016004 kB
MemFree:          125136 kB
Active:           340444 kB
Mem:          3.8G       3.7G       122M       5.7M        20M       3.3G

MemTotal:        4016004 kB
MemFree:          125152 kB
Active:           340432 kB
Mem:          3.8G       3.7G       122M       5.7M        20M       3.3G

MemTotal:        4016004 kB
MemFree:          139688 kB
Active:           340444 kB
Mem:          3.8G       3.7G       133M       5.7M        20M       3.2G

MemTotal:        4016004 kB
MemFree:          124676 kB
Active:           340448 kB
Mem:          3.8G       3.7G       120M       5.7M        20M       3.3G

MemTotal:        4016004 kB
MemFree:          125144 kB
Active:           340456 kB
Mem:          3.8G       3.7G       120M       5.7M        20M       3.3G

MemTotal:        4016004 kB
MemFree:          130876 kB
Active:           342500 kB
Mem:          3.8G       3.7G       127M       5.7M        20M       3.2G

MemTotal:        4016004 kB
MemFree:          123868 kB
Active:           342512 kB
Mem:          3.8G       3.7G       118M       5.7M        20M       3.3G

MemTotal:        4016004 kB
MemFree:          112040 kB
Active:           342524 kB
Mem:          3.8G       3.7G       109M       5.7M        20M       3.3G

MemTotal:        4016004 kB
MemFree:          142256 kB
Active:           340476 kB
Mem:          3.8G       3.7G       138M       5.7M        20M       3.2G

MemTotal:        4016004 kB
MemFree:          106352 kB
Active:           340480 kB
Mem:          3.8G       3.7G       103M       5.7M        20M       3.3G

MemTotal:        4016004 kB
MemFree:          105616 kB
Active:           340488 kB
Mem:          3.8G       3.7G       102M       5.7M        20M       3.3G

MemTotal:        4016004 kB
MemFree:          104904 kB
Active:           340492 kB
Mem:          3.8G       3.7G       102M       5.7M        20M       3.3G

MemTotal:        4016004 kB
MemFree:          105468 kB
Active:           340476 kB
Mem:          3.8G       3.7G       102M       5.7M        20M       3.3G

MemTotal:        4016004 kB
MemFree:          118896 kB
Active:           340464 kB
Mem:          3.8G       3.7G       113M       5.7M        20M       3.3G

MemTotal:        4016004 kB
MemFree:          141588 kB
Active:           340476 kB
Mem:          3.8G       3.7G       136M       5.7M        20M       3.2G

MemTotal:        4016004 kB
MemFree:          122332 kB
Active:           342528 kB
Mem:          3.8G       3.7G       118M       5.7M        20M       3.2G

MemTotal:        4016004 kB
MemFree:          127660 kB
Active:           342528 kB
Mem:          3.8G       3.7G       121M       5.7M        20M       3.2G

MemTotal:        4016004 kB
MemFree:          135040 kB
Active:           342520 kB
Mem:          3.8G       3.7G       131M       5.7M        20M       3.2G

MemTotal:        4016004 kB
MemFree:          145924 kB
Active:           342536 kB
Mem:          3.8G       3.7G       142M       5.7M        20M       3.2G

MemTotal:        4016004 kB
MemFree:          108872 kB
Active:           342548 kB
Mem:          3.8G       3.7G       104M       5.7M        20M       3.3G

MemTotal:        4016004 kB
MemFree:          130484 kB
Active:           342548 kB
Mem:          3.8G       3.7G       127M       5.7M        20M       3.2G

MemTotal:        4016004 kB
MemFree:          129972 kB
Active:           342408 kB
Mem:          3.8G       3.7G       123M       5.7M        20M       3.2G

MemTotal:        4016004 kB
MemFree:          112976 kB
Active:           342420 kB
Mem:          3.8G       3.7G       109M       5.7M        20M       3.3G

MemTotal:        4016004 kB
MemFree:          110392 kB
Active:           342436 kB
Mem:          3.8G       3.7G       107M       5.7M        20M       3.3G

MemTotal:        4016004 kB
MemFree:          110024 kB
Active:           342424 kB
Mem:          3.8G       3.7G       107M       5.7M        20M       3.3G

MemTotal:        4016004 kB
MemFree:          108664 kB
Active:           342436 kB
Mem:          3.8G       3.7G       105M       5.7M        20M       3.3G

MemTotal:        4016004 kB
MemFree:          138408 kB
Active:           342436 kB
Mem:          3.8G       3.7G       132M       5.7M        21M       3.2G

MemTotal:        4016004 kB
MemFree:          118064 kB
Active:           342400 kB
Mem:          3.8G       3.7G       112M       5.7M        21M       3.3G

MemTotal:        4016004 kB
MemFree:          107416 kB
Active:           342152 kB
Mem:          3.8G       3.7G       104M       5.7M        21M       3.3G

MemTotal:        4016004 kB
MemFree:          107168 kB
Active:           342152 kB
Mem:          3.8G       3.7G       104M       5.7M        21M       3.3G

MemTotal:        4016004 kB
MemFree:          107416 kB
Active:           342140 kB
Mem:          3.8G       3.7G       104M       5.7M        21M       3.3G

MemTotal:        4016004 kB
MemFree:          107292 kB
Active:           342148 kB
Mem:          3.8G       3.7G       104M       5.7M        21M       3.3G

MemTotal:        4016004 kB
MemFree:          107168 kB
Active:           342148 kB
Mem:          3.8G       3.7G       104M       5.7M        21M       3.3G

MemTotal:        4016004 kB
MemFree:          107296 kB
Active:           342124 kB
Mem:          3.8G       3.7G       104M       5.7M        21M       3.3G

MemTotal:        4016004 kB
MemFree:          107296 kB
Active:           342144 kB
Mem:          3.8G       3.7G       104M       5.7M        21M       3.3G

MemTotal:        4016004 kB
MemFree:          107420 kB
Active:           342124 kB
Mem:          3.8G       3.7G       104M       5.7M        21M       3.3G

MemTotal:        4016004 kB
MemFree:          107172 kB
Active:           342148 kB
Mem:          3.8G       3.7G       104M       5.7M        21M       3.3G

MemTotal:        4016004 kB
MemFree:          107296 kB
Active:           342168 kB
Mem:          3.8G       3.7G       104M       5.7M        21M       3.3G

MemTotal:        4016004 kB
MemFree:          107296 kB
Active:           342164 kB
Mem:          3.8G       3.7G       105M       5.7M        21M       3.3G

MemTotal:        4016004 kB
MemFree:          107420 kB
Active:           342184 kB
Mem:          3.8G       3.7G       104M       5.7M        21M       3.3G

MemTotal:        4016004 kB
MemFree:          107916 kB
Active:           342168 kB
Mem:          3.8G       3.7G       105M       5.7M        21M       3.3G

MemTotal:        4016004 kB
MemFree:          107916 kB
Active:           342156 kB
Mem:          3.8G       3.7G       105M       5.7M        21M       3.3G

MemTotal:        4016004 kB
MemFree:          107916 kB
Active:           342172 kB
Mem:          3.8G       3.7G       105M       5.7M        21M       3.3G

MemTotal:        4016004 kB
MemFree:          107792 kB
Active:           342188 kB
Mem:          3.8G       3.7G       105M       5.7M        21M       3.3G

MemTotal:        4016004 kB
MemFree:          105372 kB
Active:           342172 kB
Mem:          3.8G       3.7G       103M       5.7M        21M       3.3G

MemTotal:        4016004 kB
MemFree:          105744 kB
Active:           342168 kB
Mem:          3.8G       3.7G       103M       5.7M        21M       3.3G

MemTotal:        4016004 kB
MemFree:          105868 kB
Active:           342168 kB
Mem:          3.8G       3.7G       103M       5.7M        21M       3.3G

MemTotal:        4016004 kB
MemFree:          105868 kB
Active:           342148 kB
Mem:          3.8G       3.7G       103M       5.7M        21M       3.3G

MemTotal:        4016004 kB
MemFree:          105496 kB
Active:           344220 kB
Mem:          3.8G       3.7G       103M       5.7M        21M       3.3G

MemTotal:        4016004 kB
MemFree:          105868 kB
Active:           344212 kB
Mem:          3.8G       3.7G       103M       5.7M        21M       3.3G

MemTotal:        4016004 kB
MemFree:          105868 kB
Active:           344172 kB
Mem:          3.8G       3.7G       103M       5.7M        21M       3.3G

MemTotal:        4016004 kB
MemFree:          105868 kB
Active:           344184 kB
Mem:          3.8G       3.7G       103M       5.7M        21M       3.3G

MemTotal:        4016004 kB
MemFree:          105868 kB
Active:           344208 kB
Mem:          3.8G       3.7G       103M       5.7M        21M       3.3G

MemTotal:        4016004 kB
MemFree:          105744 kB
Active:           344224 kB
Mem:          3.8G       3.7G       103M       5.7M        21M       3.3G

MemTotal:        4016004 kB
MemFree:          105868 kB
Active:           344224 kB
Mem:          3.8G       3.7G       103M       5.7M        21M       3.3G

MemTotal:        4016004 kB
MemFree:          105744 kB
Active:           344224 kB
Mem:          3.8G       3.7G       103M       5.7M        21M       3.3G

MemTotal:        4016004 kB
MemFree:          105744 kB
Active:           344224 kB
Mem:          3.8G       3.7G       103M       5.7M        21M       3.3G

MemTotal:        4016004 kB
MemFree:          105744 kB
Active:           344224 kB
Mem:          3.8G       3.7G       103M       5.7M        21M       3.3G

MemTotal:        4016004 kB
MemFree:          105616 kB
Active:           344252 kB
Mem:          3.8G       3.7G       103M       5.7M        21M       3.3G

MemTotal:        4016004 kB
MemFree:          105712 kB
Active:           344236 kB
Mem:          3.8G       3.7G       103M       5.7M        21M       3.3G

MemTotal:        4016004 kB
MemFree:          105824 kB
Active:           344244 kB
Mem:          3.8G       3.7G       103M       5.7M        21M       3.3G

MemTotal:        4016004 kB
MemFree:          105700 kB
Active:           344252 kB
Mem:          3.8G       3.7G       103M       5.7M        21M       3.3G

MemTotal:        4016004 kB
MemFree:          105824 kB
Active:           344216 kB
Mem:          3.8G       3.7G       103M       5.7M        21M       3.3G

MemTotal:        4016004 kB
MemFree:          105824 kB
Active:           344220 kB
Mem:          3.8G       3.7G       103M       5.7M        21M       3.3G

MemTotal:        4016004 kB
MemFree:          103900 kB
Active:           344212 kB
Mem:          3.8G       3.7G       101M       5.7M        21M       3.3G

MemTotal:        4016004 kB
MemFree:          103776 kB
Active:           344228 kB
Mem:          3.8G       3.7G       101M       5.7M        21M       3.3G

MemTotal:        4016004 kB
MemFree:          103776 kB
Active:           344220 kB
Mem:          3.8G       3.7G       101M       5.7M        21M       3.3G

MemTotal:        4016004 kB
MemFree:          103776 kB
Active:           344244 kB
Mem:          3.8G       3.7G       101M       5.7M        21M       3.3G

MemTotal:        4016004 kB
MemFree:          103652 kB
Active:           344264 kB
Mem:          3.8G       3.7G       101M       5.7M        21M       3.3G

MemTotal:        4016004 kB
MemFree:          103776 kB
Active:           344264 kB
Mem:          3.8G       3.7G       101M       5.7M        21M       3.3G

MemTotal:        4016004 kB
MemFree:          103280 kB
Active:           344264 kB
Mem:          3.8G       3.7G       101M       5.7M        21M       3.3G

MemTotal:        4016004 kB
MemFree:          103528 kB
Active:           344264 kB
Mem:          3.8G       3.7G       101M       5.7M        21M       3.3G

MemTotal:        4016004 kB
MemFree:          103528 kB
Active:           344264 kB
Mem:          3.8G       3.7G       101M       5.7M        21M       3.3G

MemTotal:        4016004 kB
MemFree:          103776 kB
Active:           344268 kB
Mem:          3.8G       3.7G       101M       5.7M        21M       3.3G

MemTotal:        4016004 kB
MemFree:          103776 kB
Active:           344272 kB
Mem:          3.8G       3.7G       101M       5.7M        21M       3.3G

MemTotal:        4016004 kB
MemFree:          103280 kB
Active:           344272 kB
Mem:          3.8G       3.7G       101M       5.7M        21M       3.3G

MemTotal:        4016004 kB
MemFree:          103652 kB
Active:           344272 kB
Mem:          3.8G       3.7G       101M       5.7M        21M       3.3G

MemTotal:        4016004 kB
MemFree:          103652 kB
Active:           344260 kB
Mem:          3.8G       3.7G       101M       5.7M        21M       3.3G

MemTotal:        4016004 kB
MemFree:          103776 kB
Active:           344272 kB
Mem:          3.8G       3.7G       101M       5.7M        21M       3.3G

MemTotal:        4016004 kB
MemFree:          103776 kB
Active:           344268 kB
Mem:          3.8G       3.7G       101M       5.7M        21M       3.3G

MemTotal:        4016004 kB
MemFree:          103404 kB
Active:           344272 kB
Mem:          3.8G       3.7G       101M       5.7M        21M       3.3G

MemTotal:        4016004 kB
MemFree:          103776 kB
Active:           344276 kB
Mem:          3.8G       3.7G       101M       5.7M        21M       3.3G

MemTotal:        4016004 kB
MemFree:          103652 kB
Active:           344260 kB
Mem:          3.8G       3.7G       101M       5.7M        21M       3.3G

MemTotal:        4016004 kB
MemFree:          103776 kB
Active:           344268 kB
Mem:          3.8G       3.7G       101M       5.7M        21M       3.3G

MemTotal:        4016004 kB
MemFree:          103776 kB
Active:           344276 kB
Mem:          3.8G       3.7G       101M       5.7M        21M       3.3G

MemTotal:        4016004 kB
MemFree:          103776 kB
Active:           344260 kB
Mem:          3.8G       3.7G       101M       5.7M        21M       3.3G

MemTotal:        4016004 kB
MemFree:          103776 kB
Active:           344280 kB
Mem:          3.8G       3.7G       101M       5.7M        21M       3.3G

MemTotal:        4016004 kB
MemFree:          103404 kB
Active:           344292 kB
Mem:          3.8G       3.7G       101M       5.7M        21M       3.3G

MemTotal:        4016004 kB
MemFree:          103652 kB
Active:           344292 kB
Mem:          3.8G       3.7G       101M       5.7M        21M       3.3G

MemTotal:        4016004 kB
MemFree:          103652 kB
Active:           344292 kB
Mem:          3.8G       3.7G       101M       5.7M        21M       3.3G

MemTotal:        4016004 kB
MemFree:          103652 kB
Active:           344264 kB
Mem:          3.8G       3.7G       101M       5.7M        21M       3.3G

MemTotal:        4016004 kB
MemFree:          103280 kB
Active:           344296 kB
Mem:          3.8G       3.7G       101M       5.7M        21M       3.3G

MemTotal:        4016004 kB
MemFree:          103652 kB
Active:           344300 kB
Mem:          3.8G       3.7G       101M       5.7M        21M       3.3G

MemTotal:        4016004 kB
MemFree:          103652 kB
Active:           344300 kB
Mem:          3.8G       3.7G       101M       5.7M        21M       3.3G

MemTotal:        4016004 kB
MemFree:          103652 kB
Active:           344276 kB
Mem:          3.8G       3.7G       101M       5.7M        21M       3.3G

MemTotal:        4016004 kB
MemFree:          103652 kB
Active:           344308 kB
Mem:          3.8G       3.7G       101M       5.7M        21M       3.3G

MemTotal:        4016004 kB
MemFree:          103652 kB
Active:           344304 kB
Mem:          3.8G       3.7G       101M       5.7M        21M       3.3G

MemTotal:        4016004 kB
MemFree:          103652 kB
Active:           344304 kB
Mem:          3.8G       3.7G       101M       5.7M        21M       3.3G

MemTotal:        4016004 kB
MemFree:          103652 kB
Active:           344300 kB
Mem:          3.8G       3.7G       101M       5.7M        21M       3.3G

MemTotal:        4016004 kB
MemFree:          103776 kB
Active:           346356 kB
Mem:          3.8G       3.7G       100M       5.7M        21M       3.3G

MemTotal:        4016004 kB
MemFree:          103280 kB
Active:           346368 kB
Mem:          3.8G       3.7G       101M       5.7M        21M       3.3G

MemTotal:        4016004 kB
MemFree:          103776 kB
Active:           346376 kB
Mem:          3.8G       3.7G       101M       5.7M        21M       3.3G

MemTotal:        4016004 kB
MemFree:          103404 kB
Active:           346376 kB
Mem:          3.8G       3.7G       101M       5.7M        21M       3.3G

MemTotal:        4016004 kB
MemFree:          103652 kB
Active:           346368 kB
Mem:          3.8G       3.7G       101M       5.7M        21M       3.3G

MemTotal:        4016004 kB
MemFree:          103652 kB
Active:           346368 kB
Mem:          3.8G       3.7G       101M       5.7M        21M       3.3G

MemTotal:        4016004 kB
MemFree:          103404 kB
Active:           346376 kB
Mem:          3.8G       3.7G       101M       5.7M        21M       3.3G

MemTotal:        4016004 kB
MemFree:          103776 kB
Active:           346360 kB
Mem:          3.8G       3.7G       101M       5.7M        21M       3.3G

MemTotal:        4016004 kB
MemFree:          103404 kB
Active:           346380 kB
Mem:          3.8G       3.7G       101M       5.7M        21M       3.3G

MemTotal:        4016004 kB
MemFree:          103652 kB
Active:           346376 kB
Mem:          3.8G       3.7G       101M       5.7M        21M       3.3G

MemTotal:        4016004 kB
MemFree:          103776 kB
Active:           346332 kB
Mem:          3.8G       3.7G       101M       5.7M        21M       3.3G

MemTotal:        4016004 kB
MemFree:          103776 kB
Active:           346384 kB
Mem:          3.8G       3.7G       101M       5.7M        21M       3.3G

MemTotal:        4016004 kB
MemFree:          103404 kB
Active:           346384 kB
Mem:          3.8G       3.7G       101M       5.7M        21M       3.3G

MemTotal:        4016004 kB
MemFree:          103652 kB
Active:           346360 kB
Mem:          3.8G       3.7G       100M       5.7M        21M       3.3G

MemTotal:        4016004 kB
MemFree:          103280 kB
Active:           346384 kB
Mem:          3.8G       3.7G       100M       5.7M        21M       3.3G

MemTotal:        4016004 kB
MemFree:          101232 kB
Active:           346368 kB
Mem:          3.8G       3.7G        99M       5.7M        21M       3.3G

MemTotal:        4016004 kB
MemFree:          101728 kB
Active:           346320 kB
Mem:          3.8G       3.7G        99M       5.7M        21M       3.3G

MemTotal:        4016004 kB
MemFree:          101728 kB
Active:           346312 kB
Mem:          3.8G       3.7G        99M       5.7M        21M       3.3G

MemTotal:        4016004 kB
MemFree:          101604 kB
Active:           346352 kB
Mem:          3.8G       3.7G        99M       5.7M        21M       3.3G

MemTotal:        4016004 kB
MemFree:          101604 kB
Active:           346340 kB
Mem:          3.8G       3.7G        99M       5.7M        21M       3.3G

MemTotal:        4016004 kB
MemFree:          101232 kB
Active:           346368 kB
Mem:          3.8G       3.7G        99M       5.7M        21M       3.3G

MemTotal:        4016004 kB
MemFree:          101728 kB
Active:           346360 kB
Mem:          3.8G       3.7G        99M       5.7M        21M       3.3G

MemTotal:        4016004 kB
MemFree:          101728 kB
Active:           346340 kB
Mem:          3.8G       3.7G        99M       5.7M        21M       3.3G

MemTotal:        4016004 kB
MemFree:          101604 kB
Active:           346344 kB
Mem:          3.8G       3.7G        98M       5.7M        21M       3.3G

MemTotal:        4016004 kB
MemFree:          101480 kB
Active:           346340 kB
Mem:          3.8G       3.7G        99M       5.7M        21M       3.3G

MemTotal:        4016004 kB
MemFree:          101480 kB
Active:           346324 kB
Mem:          3.8G       3.7G        99M       5.7M        21M       3.3G

MemTotal:        4016004 kB
MemFree:          101480 kB
Active:           346372 kB
Mem:          3.8G       3.7G        98M       5.7M        21M       3.3G

MemTotal:        4016004 kB
MemFree:          101604 kB
Active:           346340 kB
Mem:          3.8G       3.7G        99M       5.7M        21M       3.3G

MemTotal:        4016004 kB
MemFree:          101480 kB
Active:           346332 kB
Mem:          3.8G       3.7G        99M       5.7M        21M       3.3G

MemTotal:        4016004 kB
MemFree:          101480 kB
Active:           346368 kB
Mem:          3.8G       3.7G        99M       5.7M        21M       3.3G

MemTotal:        4016004 kB
MemFree:          101480 kB
Active:           346380 kB
Mem:          3.8G       3.7G        99M       5.7M        21M       3.3G

MemTotal:        4016004 kB
MemFree:          101480 kB
Active:           346348 kB
Mem:          3.8G       3.7G        98M       5.7M        21M       3.3G

MemTotal:        4016004 kB
MemFree:          101604 kB
Active:           346388 kB
Mem:          3.8G       3.7G        99M       5.7M        21M       3.3G

MemTotal:        4016004 kB
MemFree:          101108 kB
Active:           346388 kB
Mem:          3.8G       3.7G        99M       5.7M        21M       3.3G

MemTotal:        4016004 kB
MemFree:          101480 kB
Active:           346348 kB
Mem:          3.8G       3.7G        99M       5.7M        21M       3.3G

MemTotal:        4016004 kB
MemFree:          101604 kB
Active:           346388 kB
Mem:          3.8G       3.7G        99M       5.7M        21M       3.3G

MemTotal:        4016004 kB
MemFree:          101108 kB
Active:           346392 kB
Mem:          3.8G       3.7G        98M       5.7M        21M       3.3G

MemTotal:        4016004 kB
MemFree:          101356 kB
Active:           346372 kB
Mem:          3.8G       3.7G        99M       5.7M        21M       3.3G

MemTotal:        4016004 kB
MemFree:          101356 kB
Active:           346376 kB
Mem:          3.8G       3.7G        99M       5.7M        21M       3.3G

MemTotal:        4016004 kB
MemFree:          101604 kB
Active:           346388 kB
Mem:          3.8G       3.7G        99M       5.7M        21M       3.3G

MemTotal:        4016004 kB
MemFree:          101480 kB
Active:           346392 kB
Mem:          3.8G       3.7G        99M       5.7M        21M       3.3G

MemTotal:        4016004 kB
MemFree:          101480 kB
Active:           346396 kB
Mem:          3.8G       3.7G        98M       5.7M        21M       3.3G

MemTotal:        4016004 kB
MemFree:          101480 kB
Active:           346396 kB
Mem:          3.8G       3.7G        98M       5.7M        21M       3.3G

MemTotal:        4016004 kB
MemFree:          101356 kB
Active:           346404 kB
Mem:          3.8G       3.7G        99M       5.7M        21M       3.3G

MemTotal:        4016004 kB
MemFree:          101480 kB
Active:           346408 kB
Mem:          3.8G       3.7G        98M       5.7M        21M       3.3G

MemTotal:        4016004 kB
MemFree:          101480 kB
Active:           346372 kB
Mem:          3.8G       3.7G        98M       5.7M        21M       3.3G

MemTotal:        4016004 kB
MemFree:          101480 kB
Active:           346364 kB
Mem:          3.8G       3.7G        99M       5.7M        21M       3.3G

MemTotal:        4016004 kB
MemFree:          101108 kB
Active:           346416 kB
Mem:          3.8G       3.7G        98M       5.7M        21M       3.3G

MemTotal:        4016004 kB
MemFree:          101372 kB
Active:           346376 kB
Mem:          3.8G       3.7G        99M       5.7M        21M       3.3G

MemTotal:        4016004 kB
MemFree:          101372 kB
Active:           346408 kB
Mem:          3.8G       3.7G        99M       5.7M        21M       3.3G

MemTotal:        4016004 kB
MemFree:          101496 kB
Active:           346396 kB
Mem:          3.8G       3.7G        98M       5.7M        21M       3.3G

MemTotal:        4016004 kB
MemFree:          101496 kB
Active:           346396 kB
Mem:          3.8G       3.7G        98M       5.7M        21M       3.3G

MemTotal:        4016004 kB
MemFree:          101496 kB
Active:           346372 kB
Mem:          3.8G       3.7G        98M       5.7M        21M       3.3G

MemTotal:        4016004 kB
MemFree:          101496 kB
Active:           346380 kB
Mem:          3.8G       3.7G        98M       5.7M        21M       3.3G

MemTotal:        4016004 kB
MemFree:          101496 kB
Active:           346396 kB
Mem:          3.8G       3.7G        98M       5.7M        21M       3.3G

MemTotal:        4016004 kB
MemFree:          101372 kB
Active:           346392 kB
Mem:          3.8G       3.7G        98M       5.7M        21M       3.3G

MemTotal:        4016004 kB
MemFree:          101248 kB
Active:           346428 kB
Mem:          3.8G       3.7G        98M       5.7M        21M       3.3G

MemTotal:        4016004 kB
MemFree:          101248 kB
Active:           346392 kB
Mem:          3.8G       3.7G        98M       5.7M        21M       3.3G

MemTotal:        4016004 kB
MemFree:          101372 kB
Active:           346392 kB
Mem:          3.8G       3.7G        99M       5.7M        21M       3.3G

MemTotal:        4016004 kB
MemFree:          101388 kB
Active:           346436 kB
Mem:          3.8G       3.7G        99M       5.7M        21M       3.3G

MemTotal:        4016004 kB
MemFree:          101016 kB
Active:           348500 kB
Mem:          3.8G       3.7G        98M       5.7M        21M       3.3G

MemTotal:        4016004 kB
MemFree:          101512 kB
Active:           348480 kB
Mem:          3.8G       3.7G        98M       5.7M        21M       3.3G

MemTotal:        4016004 kB
MemFree:          101388 kB
Active:           348480 kB
Mem:          3.8G       3.7G        99M       5.7M        21M       3.3G

MemTotal:        4016004 kB
MemFree:          101388 kB
Active:           348460 kB
Mem:          3.8G       3.7G        98M       5.7M        21M       3.3G

MemTotal:        4016004 kB
MemFree:          101512 kB
Active:           348476 kB
Mem:          3.8G       3.7G        98M       5.7M        21M       3.3G

MemTotal:        4016004 kB
MemFree:          101388 kB
Active:           348496 kB
Mem:          3.8G       3.7G        98M       5.7M        21M       3.3G

MemTotal:        4016004 kB
MemFree:          101264 kB
Active:           348464 kB
Mem:          3.8G       3.7G        98M       5.7M        21M       3.3G

MemTotal:        4016004 kB
MemFree:          101264 kB
Active:           348500 kB
Mem:          3.8G       3.7G        98M       5.7M        21M       3.3G

MemTotal:        4016004 kB
MemFree:          101264 kB
Active:           348468 kB
Mem:          3.8G       3.7G        98M       5.7M        21M       3.3G

MemTotal:        4016004 kB
MemFree:          101264 kB
Active:           348596 kB
Mem:          3.8G       3.7G        98M       5.7M        21M       3.3G

MemTotal:        4016004 kB
MemFree:          150368 kB
Active:           347824 kB
Mem:          3.8G       3.7G       146M       5.7M        21M       3.2G

MemTotal:        4016004 kB
MemFree:          150724 kB
Active:           347828 kB
Mem:          3.8G       3.7G       147M       5.7M        21M       3.2G

MemTotal:        4016004 kB
MemFree:          150600 kB
Active:           347844 kB
Mem:          3.8G       3.7G       147M       5.7M        21M       3.2G

MemTotal:        4016004 kB
MemFree:          150972 kB
Active:           347812 kB
Mem:          3.8G       3.7G       147M       5.7M        21M       3.2G

MemTotal:        4016004 kB
MemFree:          151096 kB
Active:           347828 kB
Mem:          3.8G       3.7G       147M       5.7M        21M       3.2G

MemTotal:        4016004 kB
MemFree:          150972 kB
Active:           347852 kB
Mem:          3.8G       3.7G       147M       5.7M        21M       3.2G

MemTotal:        4016004 kB
MemFree:          150848 kB
Active:           347852 kB
Mem:          3.8G       3.7G       147M       5.7M        21M       3.2G

MemTotal:        4016004 kB
MemFree:          150848 kB
Active:           347820 kB
Mem:          3.8G       3.7G       147M       5.7M        21M       3.2G

MemTotal:        4016004 kB
MemFree:          150848 kB
Active:           347832 kB
Mem:          3.8G       3.7G       147M       5.7M        21M       3.2G

MemTotal:        4016004 kB
MemFree:          151096 kB
Active:           347848 kB
Mem:          3.8G       3.7G       147M       5.7M        21M       3.2G

MemTotal:        4016004 kB
MemFree:          150848 kB
Active:           347848 kB
Mem:          3.8G       3.7G       147M       5.7M        21M       3.2G

MemTotal:        4016004 kB
MemFree:          150972 kB
Active:           347824 kB
Mem:          3.8G       3.7G       147M       5.7M        21M       3.2G

MemTotal:        4016004 kB
MemFree:          151344 kB
Active:           347824 kB
Mem:          3.8G       3.7G       147M       5.7M        21M       3.2G

MemTotal:        4016004 kB
MemFree:          151220 kB
Active:           347824 kB
Mem:          3.8G       3.7G       147M       5.7M        21M       3.2G

MemTotal:        4016004 kB
MemFree:          151840 kB
Active:           347788 kB
Mem:          3.8G       3.7G       148M       5.7M        21M       3.2G

MemTotal:        4016004 kB
MemFree:          151964 kB
Active:           347852 kB
Mem:          3.8G       3.7G       148M       5.7M        21M       3.2G

MemTotal:        4016004 kB
MemFree:          151964 kB
Active:           347840 kB
Mem:          3.8G       3.7G       148M       5.7M        21M       3.2G

MemTotal:        4016004 kB
MemFree:          153964 kB
Active:           345808 kB
Mem:          3.8G       3.7G       150M       5.7M        21M       3.2G

MemTotal:        4016004 kB
MemFree:          153964 kB
Active:           345804 kB
Mem:          3.8G       3.7G       150M       5.7M        21M       3.2G

MemTotal:        4016004 kB
MemFree:          153716 kB
Active:           345832 kB
Mem:          3.8G       3.7G       150M       5.7M        21M       3.2G

MemTotal:        4016004 kB
MemFree:          153964 kB
Active:           345828 kB
Mem:          3.8G       3.7G       150M       5.7M        21M       3.2G

MemTotal:        4016004 kB
MemFree:          153716 kB
Active:           345844 kB
Mem:          3.8G       3.7G       150M       5.7M        21M       3.2G

MemTotal:        4016004 kB
MemFree:          154212 kB
Active:           345828 kB
Mem:          3.8G       3.7G       150M       5.7M        21M       3.2G

MemTotal:        4016004 kB
MemFree:          154212 kB
Active:           345844 kB
Mem:          3.8G       3.7G       150M       5.7M        21M       3.2G

MemTotal:        4016004 kB
MemFree:          154088 kB
Active:           345848 kB
Mem:          3.8G       3.7G       150M       5.7M        21M       3.2G

MemTotal:        4016004 kB
MemFree:          154088 kB
Active:           345852 kB
Mem:          3.8G       3.7G       150M       5.7M        21M       3.2G

MemTotal:        4016004 kB
MemFree:          154088 kB
Active:           345848 kB
Mem:          3.8G       3.7G       150M       5.7M        21M       3.2G

MemTotal:        4016004 kB
MemFree:          154088 kB
Active:           345856 kB
Mem:          3.8G       3.7G       150M       5.7M        21M       3.2G

MemTotal:        4016004 kB
MemFree:          154212 kB
Active:           345840 kB
Mem:          3.8G       3.7G       150M       5.7M        21M       3.2G

MemTotal:        4016004 kB
MemFree:          154088 kB
Active:           345848 kB
Mem:          3.8G       3.7G       150M       5.7M        21M       3.2G

MemTotal:        4016004 kB
MemFree:          154088 kB
Active:           345856 kB
Mem:          3.8G       3.7G       150M       5.7M        21M       3.2G

MemTotal:        4016004 kB
MemFree:          154088 kB
Active:           345828 kB
Mem:          3.8G       3.7G       150M       5.7M        21M       3.2G

MemTotal:        4016004 kB
MemFree:          154088 kB
Active:           345864 kB
Mem:          3.8G       3.7G       150M       5.7M        21M       3.2G

MemTotal:        4016004 kB
MemFree:          153716 kB
Active:           345872 kB
Mem:          3.8G       3.7G       150M       5.7M        21M       3.2G

MemTotal:        4016004 kB
MemFree:          154088 kB
Active:           345876 kB
Mem:          3.8G       3.7G       150M       5.7M        21M       3.2G

MemTotal:        4016004 kB
MemFree:          154088 kB
Active:           345868 kB
Mem:          3.8G       3.7G       150M       5.7M        21M       3.2G

MemTotal:        4016004 kB
MemFree:          154088 kB
Active:           345840 kB
Mem:          3.8G       3.7G       150M       5.7M        21M       3.2G

MemTotal:        4016004 kB
MemFree:          154212 kB
Active:           345872 kB
Mem:          3.8G       3.7G       150M       5.7M        21M       3.2G

MemTotal:        4016004 kB
MemFree:          154088 kB
Active:           345872 kB
Mem:          3.8G       3.7G       150M       5.7M        21M       3.2G

MemTotal:        4016004 kB
MemFree:          153964 kB
Active:           345868 kB
Mem:          3.8G       3.7G       150M       5.7M        21M       3.2G

MemTotal:        4016004 kB
MemFree:          154212 kB
Active:           345868 kB
Mem:          3.8G       3.7G       150M       5.7M        21M       3.2G

MemTotal:        4016004 kB
MemFree:          154212 kB
Active:           345848 kB
Mem:          3.8G       3.7G       150M       5.7M        21M       3.2G

MemTotal:        4016004 kB
MemFree:          154088 kB
Active:           345868 kB
Mem:          3.8G       3.7G       150M       5.7M        21M       3.2G

MemTotal:        4016004 kB
MemFree:          154088 kB
Active:           345832 kB
Mem:          3.8G       3.7G       150M       5.7M        21M       3.2G

MemTotal:        4016004 kB
MemFree:          154088 kB
Active:           345864 kB
Mem:          3.8G       3.7G       150M       5.7M        21M       3.2G

MemTotal:        4016004 kB
MemFree:          154088 kB
Active:           345864 kB
Mem:          3.8G       3.7G       150M       5.7M        21M       3.2G

MemTotal:        4016004 kB
MemFree:          154088 kB
Active:           345896 kB
Mem:          3.8G       3.7G       150M       5.7M        21M       3.2G

MemTotal:        4016004 kB
MemFree:          153964 kB
Active:           345896 kB
Mem:          3.8G       3.7G       150M       5.7M        21M       3.2G

MemTotal:        4016004 kB
MemFree:          153716 kB
Active:           345904 kB
Mem:          3.8G       3.7G       150M       5.7M        21M       3.2G

MemTotal:        4016004 kB
MemFree:          153964 kB
Active:           345900 kB
Mem:          3.8G       3.7G       150M       5.7M        21M       3.2G

MemTotal:        4016004 kB
MemFree:          153964 kB
Active:           345884 kB
Mem:          3.8G       3.7G       150M       5.7M        21M       3.2G

MemTotal:        4016004 kB
MemFree:          153964 kB
Active:           345856 kB
Mem:          3.8G       3.7G       150M       5.7M        21M       3.2G

MemTotal:        4016004 kB
MemFree:          153592 kB
Active:           345912 kB
Mem:          3.8G       3.7G       150M       5.7M        21M       3.2G

MemTotal:        4016004 kB
MemFree:          153840 kB
Active:           345896 kB
Mem:          3.8G       3.7G       150M       5.7M        21M       3.2G

MemTotal:        4016004 kB
MemFree:          153344 kB
Active:           345912 kB
Mem:          3.8G       3.7G       149M       5.7M        21M       3.2G

MemTotal:        4016004 kB
MemFree:          153716 kB
Active:           345904 kB
Mem:          3.8G       3.7G       150M       5.7M        21M       3.2G

MemTotal:        4016004 kB
MemFree:          153840 kB
Active:           345892 kB
Mem:          3.8G       3.7G       150M       5.7M        21M       3.2G

MemTotal:        4016004 kB
MemFree:          153716 kB
Active:           345904 kB
Mem:          3.8G       3.7G       150M       5.7M        21M       3.2G

MemTotal:        4016004 kB
MemFree:          153840 kB
Active:           345884 kB
Mem:          3.8G       3.7G       150M       5.7M        21M       3.2G

MemTotal:        4016004 kB
MemFree:          153840 kB
Active:           345864 kB
Mem:          3.8G       3.7G       150M       5.7M        21M       3.2G

MemTotal:        4016004 kB
MemFree:          153840 kB
Active:           345920 kB
Mem:          3.8G       3.7G       150M       5.7M        21M       3.2G

MemTotal:        4016004 kB
MemFree:          153964 kB
Active:           345904 kB
Mem:          3.8G       3.7G       150M       5.7M        21M       3.2G

MemTotal:        4016004 kB
MemFree:          153840 kB
Active:           345884 kB
Mem:          3.8G       3.7G       150M       5.7M        21M       3.2G

MemTotal:        4016004 kB
MemFree:          153840 kB
Active:           345924 kB
Mem:          3.8G       3.7G       150M       5.7M        21M       3.2G

MemTotal:        4016004 kB
MemFree:          153468 kB
Active:           345936 kB
Mem:          3.8G       3.7G       150M       5.7M        21M       3.2G

MemTotal:        4016004 kB
MemFree:          154088 kB
Active:           345896 kB
Mem:          3.8G       3.7G       150M       5.7M        21M       3.2G

MemTotal:        4016004 kB
MemFree:          153840 kB
Active:           345932 kB
Mem:          3.8G       3.7G       150M       5.7M        21M       3.2G

MemTotal:        4016004 kB
MemFree:          153840 kB
Active:           345932 kB
Mem:          3.8G       3.7G       150M       5.7M        21M       3.2G

MemTotal:        4016004 kB
MemFree:          153964 kB
Active:           345936 kB
Mem:          3.8G       3.7G       150M       5.7M        21M       3.2G

MemTotal:        4016004 kB
MemFree:          153840 kB
Active:           345920 kB
Mem:          3.8G       3.7G       149M       5.7M        21M       3.2G

MemTotal:        4016004 kB
MemFree:          153716 kB
Active:           345920 kB
Mem:          3.8G       3.7G       149M       5.7M        21M       3.2G

MemTotal:        4016004 kB
MemFree:          153344 kB
Active:           345952 kB
Mem:          3.8G       3.7G       149M       5.7M        21M       3.2G

MemTotal:        4016004 kB
MemFree:          153096 kB
Active:           345952 kB
Mem:          3.8G       3.7G       149M       5.7M        21M       3.2G

MemTotal:        4016004 kB
MemFree:          153592 kB
Active:           345944 kB
Mem:          3.8G       3.7G       149M       5.7M        21M       3.2G

MemTotal:        4016004 kB
MemFree:          153220 kB
Active:           345952 kB
Mem:          3.8G       3.7G       149M       5.7M        21M       3.2G

MemTotal:        4016004 kB
MemFree:          153468 kB
Active:           345948 kB
Mem:          3.8G       3.7G       149M       5.7M        21M       3.2G

MemTotal:        4016004 kB
MemFree:          153468 kB
Active:           345956 kB
Mem:          3.8G       3.7G       149M       5.7M        21M       3.2G

MemTotal:        4016004 kB
MemFree:          153592 kB
Active:           345960 kB
Mem:          3.8G       3.7G       149M       5.7M        21M       3.2G

MemTotal:        4016004 kB
MemFree:          153840 kB
Active:           345948 kB
Mem:          3.8G       3.7G       150M       5.7M        21M       3.2G

MemTotal:        4016004 kB
MemFree:          153716 kB
Active:           345964 kB
Mem:          3.8G       3.7G       149M       5.7M        21M       3.2G

MemTotal:        4016004 kB
MemFree:          153220 kB
Active:           345968 kB
Mem:          3.8G       3.7G       149M       5.7M        21M       3.2G

MemTotal:        4016004 kB
MemFree:          153096 kB
Active:           345968 kB
Mem:          3.8G       3.7G       149M       5.7M        21M       3.2G

MemTotal:        4016004 kB
MemFree:          153592 kB
Active:           345932 kB
Mem:          3.8G       3.7G       149M       5.7M        21M       3.2G

MemTotal:        4016004 kB
MemFree:          153468 kB
Active:           345932 kB
Mem:          3.8G       3.7G       149M       5.7M        21M       3.2G

MemTotal:        4016004 kB
MemFree:          153468 kB
Active:           345976 kB
Mem:          3.8G       3.7G       149M       5.7M        21M       3.2G

MemTotal:        4016004 kB
MemFree:          153468 kB
Active:           345964 kB
Mem:          3.8G       3.7G       149M       5.7M        21M       3.2G

MemTotal:        4016004 kB
MemFree:          153964 kB
Active:           345956 kB
Mem:          3.8G       3.7G       150M       5.7M        21M       3.2G

MemTotal:        4016004 kB
MemFree:          153716 kB
Active:           345920 kB
Mem:          3.8G       3.7G       149M       5.7M        21M       3.2G

MemTotal:        4016004 kB
MemFree:          153468 kB
Active:           345976 kB
Mem:          3.8G       3.7G       149M       5.7M        21M       3.2G

MemTotal:        4016004 kB
MemFree:          153592 kB
Active:           345968 kB
Mem:          3.8G       3.7G       149M       5.7M        21M       3.2G

MemTotal:        4016004 kB
MemFree:          153592 kB
Active:           345984 kB
Mem:          3.8G       3.7G       149M       5.7M        21M       3.2G

MemTotal:        4016004 kB
MemFree:          153220 kB
Active:           345988 kB
Mem:          3.8G       3.7G       149M       5.7M        21M       3.2G

MemTotal:        4016004 kB
MemFree:          153468 kB
Active:           345984 kB
Mem:          3.8G       3.7G       149M       5.7M        21M       3.2G

MemTotal:        4016004 kB
MemFree:          153592 kB
Active:           345952 kB
Mem:          3.8G       3.7G       149M       5.7M        21M       3.2G

MemTotal:        4016004 kB
MemFree:          153592 kB
Active:           345936 kB
Mem:          3.8G       3.7G       150M       5.7M        21M       3.2G

MemTotal:        4016004 kB
MemFree:          153468 kB
Active:           346000 kB
Mem:          3.8G       3.7G       149M       5.7M        21M       3.2G

MemTotal:        4016004 kB
MemFree:          153840 kB
Active:           345992 kB
Mem:          3.8G       3.7G       149M       5.7M        21M       3.2G

MemTotal:        4016004 kB
MemFree:          153716 kB
Active:           346000 kB
Mem:          3.8G       3.7G       150M       5.7M        21M       3.2G

MemTotal:        4016004 kB
MemFree:          153716 kB
Active:           345988 kB
Mem:          3.8G       3.7G       150M       5.7M        21M       3.2G

MemTotal:        4016004 kB
MemFree:          153716 kB
Active:           346008 kB
Mem:          3.8G       3.7G       150M       5.7M        21M       3.2G

MemTotal:        4016004 kB
MemFree:          153716 kB
Active:           345972 kB
Mem:          3.8G       3.7G       150M       5.7M        21M       3.2G

MemTotal:        4016004 kB
MemFree:          153840 kB
Active:           345980 kB
Mem:          3.8G       3.7G       150M       5.7M        21M       3.2G

MemTotal:        4016004 kB
MemFree:          153840 kB
Active:           345968 kB
Mem:          3.8G       3.7G       150M       5.7M        21M       3.2G

MemTotal:        4016004 kB
MemFree:          153468 kB
Active:           346012 kB
Mem:          3.8G       3.7G       149M       5.7M        21M       3.2G

MemTotal:        4016004 kB
MemFree:          153964 kB
Active:           346012 kB
Mem:          3.8G       3.7G       150M       5.7M        21M       3.2G

MemTotal:        4016004 kB
MemFree:          153592 kB
Active:           346004 kB
Mem:          3.8G       3.7G       150M       5.7M        21M       3.2G

MemTotal:        4016004 kB
MemFree:          153220 kB
Active:           346024 kB
Mem:          3.8G       3.7G       149M       5.7M        21M       3.2G

MemTotal:        4016004 kB
MemFree:          153468 kB
Active:           345988 kB
Mem:          3.8G       3.7G       149M       5.7M        21M       3.2G

MemTotal:        4016004 kB
MemFree:          153096 kB
Active:           346024 kB
Mem:          3.8G       3.7G       149M       5.7M        21M       3.2G

MemTotal:        4016004 kB
MemFree:          153592 kB
Active:           346008 kB
Mem:          3.8G       3.7G       149M       5.7M        21M       3.2G

MemTotal:        4016004 kB
MemFree:          153592 kB
Active:           345996 kB
Mem:          3.8G       3.7G       149M       5.7M        21M       3.2G

MemTotal:        4016004 kB
MemFree:          153344 kB
Active:           346020 kB
Mem:          3.8G       3.7G       149M       5.7M        21M       3.2G

MemTotal:        4016004 kB
MemFree:          153468 kB
Active:           346012 kB
Mem:          3.8G       3.7G       149M       5.7M        21M       3.2G

MemTotal:        4016004 kB
MemFree:          153468 kB
Active:           346016 kB
Mem:          3.8G       3.7G       150M       5.7M        21M       3.2G

MemTotal:        4016004 kB
MemFree:          153964 kB
Active:           346008 kB
Mem:          3.8G       3.7G       150M       5.7M        21M       3.2G

MemTotal:        4016004 kB
MemFree:          153840 kB
Active:           345976 kB
Mem:          3.8G       3.7G       150M       5.7M        21M       3.2G

MemTotal:        4016004 kB
MemFree:          153592 kB
Active:           346032 kB
Mem:          3.8G       3.7G       150M       5.7M        21M       3.2G

MemTotal:        4016004 kB
MemFree:          153964 kB
Active:           345996 kB
Mem:          3.8G       3.7G       150M       5.7M        21M       3.2G

MemTotal:        4016004 kB
MemFree:          153964 kB
Active:           346024 kB
Mem:          3.8G       3.7G       150M       5.7M        21M       3.2G

MemTotal:        4016004 kB
MemFree:          153840 kB
Active:           346012 kB
Mem:          3.8G       3.7G       149M       5.7M        21M       3.2G

MemTotal:        4016004 kB
MemFree:          153752 kB
Active:           345628 kB
Mem:          3.8G       3.7G       150M       5.7M        21M       3.2G

MemTotal:        4016004 kB
MemFree:          154000 kB
Active:           345628 kB
Mem:          3.8G       3.7G       150M       5.7M        21M       3.2G

MemTotal:        4016004 kB
MemFree:          154000 kB
Active:           345616 kB
Mem:          3.8G       3.7G       150M       5.7M        21M       3.2G

MemTotal:        4016004 kB
MemFree:          154000 kB
Active:           345576 kB
Mem:          3.8G       3.7G       150M       5.7M        21M       3.2G

MemTotal:        4016004 kB
MemFree:          153504 kB
Active:           345628 kB
Mem:          3.8G       3.7G       149M       5.7M        21M       3.2G

MemTotal:        4016004 kB
MemFree:          153256 kB
Active:           345632 kB
Mem:          3.8G       3.7G       149M       5.7M        21M       3.2G

MemTotal:        4016004 kB
MemFree:          153380 kB
Active:           345644 kB
Mem:          3.8G       3.7G       149M       5.7M        21M       3.2G

MemTotal:        4016004 kB
MemFree:          153752 kB
Active:           345620 kB
Mem:          3.8G       3.7G       150M       5.7M        21M       3.2G

MemTotal:        4016004 kB
MemFree:          154248 kB
Active:           345596 kB
Mem:          3.8G       3.7G       150M       5.7M        21M       3.2G

MemTotal:        4016004 kB
MemFree:          154248 kB
Active:           345608 kB
Mem:          3.8G       3.7G       150M       5.7M        21M       3.2G

MemTotal:        4016004 kB
MemFree:          153752 kB
Active:           345644 kB
Mem:          3.8G       3.7G       150M       5.7M        21M       3.2G

MemTotal:        4016004 kB
MemFree:          153628 kB
Active:           345652 kB
Mem:          3.8G       3.7G       150M       5.7M        21M       3.2G

MemTotal:        4016004 kB
MemFree:          154000 kB
Active:           345620 kB
Mem:          3.8G       3.7G       150M       5.7M        21M       3.2G

MemTotal:        4016004 kB
MemFree:          153628 kB
Active:           345664 kB
Mem:          3.8G       3.7G       150M       5.7M        21M       3.2G

MemTotal:        4016004 kB
MemFree:          154124 kB
Active:           345628 kB
Mem:          3.8G       3.7G       150M       5.7M        21M       3.2G

MemTotal:        4016004 kB
MemFree:          154124 kB
Active:           345640 kB
Mem:          3.8G       3.7G       150M       5.7M        21M       3.2G

MemTotal:        4016004 kB
MemFree:          154372 kB
Active:           345656 kB
Mem:          3.8G       3.7G       150M       5.7M        21M       3.2G

MemTotal:        4016004 kB
MemFree:          153876 kB
Active:           345664 kB
Mem:          3.8G       3.7G       150M       5.7M        21M       3.2G

MemTotal:        4016004 kB
MemFree:          153876 kB
Active:           345664 kB
Mem:          3.8G       3.7G       150M       5.7M        21M       3.2G

MemTotal:        4016004 kB
MemFree:          153876 kB
Active:           345628 kB
Mem:          3.8G       3.7G       150M       5.7M        21M       3.2G

MemTotal:        4016004 kB
MemFree:          153876 kB
Active:           345668 kB
Mem:          3.8G       3.7G       150M       5.7M        21M       3.2G

MemTotal:        4016004 kB
MemFree:          153256 kB
Active:           345672 kB
Mem:          3.8G       3.7G       149M       5.7M        21M       3.2G

MemTotal:        4016004 kB
MemFree:          153256 kB
Active:           345672 kB
Mem:          3.8G       3.7G       149M       5.7M        21M       3.2G

MemTotal:        4016004 kB
MemFree:          153380 kB
Active:           345664 kB
Mem:          3.8G       3.7G       150M       5.7M        21M       3.2G

MemTotal:        4016004 kB
MemFree:          153504 kB
Active:           345680 kB
Mem:          3.8G       3.7G       149M       5.7M        21M       3.2G

MemTotal:        4016004 kB
MemFree:          153256 kB
Active:           345680 kB
Mem:          3.8G       3.7G       149M       5.7M        21M       3.2G

MemTotal:        4016004 kB
MemFree:          153380 kB
Active:           345664 kB
Mem:          3.8G       3.7G       149M       5.7M        21M       3.2G

MemTotal:        4016004 kB
MemFree:          153504 kB
Active:           345660 kB
Mem:          3.8G       3.7G       149M       5.7M        21M       3.2G

MemTotal:        4016004 kB
MemFree:          153504 kB
Active:           345628 kB
Mem:          3.8G       3.7G       149M       5.7M        21M       3.2G

MemTotal:        4016004 kB
MemFree:          153504 kB
Active:           345632 kB
Mem:          3.8G       3.7G       149M       5.7M        21M       3.2G

MemTotal:        4016004 kB
MemFree:          153504 kB
Active:           345672 kB
Mem:          3.8G       3.7G       149M       5.7M        21M       3.2G

MemTotal:        4016004 kB
MemFree:          153504 kB
Active:           345640 kB
Mem:          3.8G       3.7G       149M       5.7M        21M       3.2G

MemTotal:        4016004 kB
MemFree:          153132 kB
Active:           345696 kB
