MemTotal:        4016004 kB
MemFree:         3253788 kB
Active:           406116 kB
Mem:          3.8G       744M       3.1G       5.7M        54M       314M

MemTotal:        4016004 kB
MemFree:         3253108 kB
Active:           406408 kB
Mem:          3.8G       745M       3.1G       5.7M        54M       314M

MemTotal:        4016004 kB
MemFree:         3252364 kB
Active:           406488 kB
Mem:          3.8G       745M       3.1G       5.7M        54M       314M

MemTotal:        4016004 kB
MemFree:         3252860 kB
Active:           406432 kB
Mem:          3.8G       745M       3.1G       5.7M        54M       314M

MemTotal:        4016004 kB
MemFree:         3252968 kB
Active:           406472 kB
Mem:          3.8G       745M       3.1G       5.7M        54M       314M

MemTotal:        4016004 kB
MemFree:         3252968 kB
Active:           406448 kB
Mem:          3.8G       745M       3.1G       5.7M        54M       314M

MemTotal:        4016004 kB
MemFree:         3252820 kB
Active:           404556 kB
Mem:          3.8G       745M       3.1G       5.7M        54M       314M

MemTotal:        4016004 kB
MemFree:         3252268 kB
Active:           406508 kB
Mem:          3.8G       745M       3.1G       5.7M        54M       314M

MemTotal:        4016004 kB
MemFree:         3252640 kB
Active:           406508 kB
Mem:          3.8G       745M       3.1G       5.7M        54M       314M

MemTotal:        4016004 kB
MemFree:         3252764 kB
Active:           406508 kB
Mem:          3.8G       745M       3.1G       5.7M        54M       314M

MemTotal:        4016004 kB
MemFree:         3252640 kB
Active:           406496 kB
Mem:          3.8G       745M       3.1G       5.7M        54M       314M

MemTotal:        4016004 kB
MemFree:         3252640 kB
Active:           406480 kB
Mem:          3.8G       745M       3.1G       5.7M        54M       314M

MemTotal:        4016004 kB
MemFree:         3252624 kB
Active:           406456 kB
Mem:          3.8G       745M       3.1G       5.7M        54M       314M

MemTotal:        4016004 kB
MemFree:         3253104 kB
Active:           406500 kB
Mem:          3.8G       745M       3.1G       5.7M        54M       314M

MemTotal:        4016004 kB
MemFree:         3253228 kB
Active:           406472 kB
Mem:          3.8G       745M       3.1G       5.7M        54M       314M

MemTotal:        4016004 kB
MemFree:         3253104 kB
Active:           406488 kB
Mem:          3.8G       745M       3.1G       5.7M        54M       314M

MemTotal:        4016004 kB
MemFree:         3250592 kB
Active:           406516 kB
Mem:          3.8G       747M       3.1G       5.7M        54M       314M

MemTotal:        4016004 kB
MemFree:         3250592 kB
Active:           406492 kB
Mem:          3.8G       747M       3.1G       5.7M        54M       314M

MemTotal:        4016004 kB
MemFree:         3251088 kB
Active:           408484 kB
Mem:          3.8G       746M       3.1G       5.7M        54M       314M

MemTotal:        4016004 kB
MemFree:         3250964 kB
Active:           408524 kB
Mem:          3.8G       747M       3.1G       5.7M        54M       314M

MemTotal:        4016004 kB
MemFree:         3250468 kB
Active:           408548 kB
Mem:          3.8G       747M       3.1G       5.7M        54M       314M

MemTotal:        4016004 kB
MemFree:         3250344 kB
Active:           408520 kB
Mem:          3.8G       747M       3.1G       5.7M        54M       314M

MemTotal:        4016004 kB
MemFree:         3250592 kB
Active:           408504 kB
Mem:          3.8G       747M       3.1G       5.7M        54M       314M

MemTotal:        4016004 kB
MemFree:         3250964 kB
Active:           408540 kB
Mem:          3.8G       747M       3.1G       5.7M        54M       314M

MemTotal:        4016004 kB
MemFree:         3250964 kB
Active:           408508 kB
Mem:          3.8G       747M       3.1G       5.7M        54M       314M

MemTotal:        4016004 kB
MemFree:         3251088 kB
Active:           408500 kB
Mem:          3.8G       747M       3.1G       5.7M        54M       314M

MemTotal:        4016004 kB
MemFree:         3251088 kB
Active:           408508 kB
Mem:          3.8G       747M       3.1G       5.7M        54M       314M

MemTotal:        4016004 kB
MemFree:         3250948 kB
Active:           408548 kB
Mem:          3.8G       747M       3.1G       5.7M        54M       314M

MemTotal:        4016004 kB
MemFree:         3250948 kB
Active:           408524 kB
Mem:          3.8G       747M       3.1G       5.7M        54M       314M

MemTotal:        4016004 kB
MemFree:         3251056 kB
Active:           408512 kB
Mem:          3.8G       747M       3.1G       5.7M        54M       314M

MemTotal:        4016004 kB
MemFree:         3250916 kB
Active:           408540 kB
Mem:          3.8G       747M       3.1G       5.7M        54M       314M

MemTotal:        4016004 kB
MemFree:         3250528 kB
Active:           408560 kB
Mem:          3.8G       747M       3.1G       5.7M        54M       314M

MemTotal:        4016004 kB
MemFree:         3250760 kB
Active:           408540 kB
Mem:          3.8G       747M       3.1G       5.7M        54M       314M

MemTotal:        4016004 kB
MemFree:         3250388 kB
Active:           408560 kB
Mem:          3.8G       747M       3.1G       5.7M        54M       314M

MemTotal:        4016004 kB
MemFree:         3250560 kB
Active:           408528 kB
Mem:          3.8G       747M       3.1G       5.7M        54M       314M

MemTotal:        4016004 kB
MemFree:         3250808 kB
Active:           408556 kB
Mem:          3.8G       747M       3.1G       5.7M        54M       314M

MemTotal:        4016004 kB
MemFree:         3248636 kB
Active:           408552 kB
Mem:          3.8G       749M       3.1G       5.7M        54M       314M

MemTotal:        4016004 kB
MemFree:         3248512 kB
Active:           408500 kB
Mem:          3.8G       749M       3.1G       5.7M        54M       314M

MemTotal:        4016004 kB
MemFree:         3248388 kB
Active:           408544 kB
Mem:          3.8G       749M       3.1G       5.7M        54M       314M

MemTotal:        4016004 kB
MemFree:         3248884 kB
Active:           410568 kB
Mem:          3.8G       749M       3.1G       5.7M        54M       314M

MemTotal:        4016004 kB
MemFree:         3248512 kB
Active:           410580 kB
Mem:          3.8G       749M       3.1G       5.7M        54M       314M

MemTotal:        4016004 kB
MemFree:         3248264 kB
Active:           410560 kB
Mem:          3.8G       749M       3.1G       5.7M        54M       314M

MemTotal:        4016004 kB
MemFree:         3248512 kB
Active:           410592 kB
Mem:          3.8G       749M       3.1G       5.7M        54M       314M

MemTotal:        4016004 kB
MemFree:         3248388 kB
Active:           410572 kB
Mem:          3.8G       749M       3.1G       5.7M        54M       314M

MemTotal:        4016004 kB
MemFree:         3248512 kB
Active:           410596 kB
Mem:          3.8G       749M       3.1G       5.7M        54M       314M

MemTotal:        4016004 kB
MemFree:         3248620 kB
Active:           410560 kB
Mem:          3.8G       749M       3.1G       5.7M        54M       314M

MemTotal:        4016004 kB
MemFree:         3248300 kB
Active:           408736 kB
Mem:          3.8G       749M       3.1G       5.7M        54M       314M

MemTotal:        4016004 kB
MemFree:         3248292 kB
Active:           410728 kB
Mem:          3.8G       749M       3.1G       5.7M        54M       314M

MemTotal:        4016004 kB
MemFree:         3248292 kB
Active:           410684 kB
Mem:          3.8G       749M       3.1G       5.7M        54M       314M

MemTotal:        4016004 kB
MemFree:         3248152 kB
Active:           410704 kB
Mem:          3.8G       749M       3.1G       5.7M        54M       314M

MemTotal:        4016004 kB
MemFree:         3248356 kB
Active:           410728 kB
Mem:          3.8G       749M       3.1G       5.7M        54M       314M

MemTotal:        4016004 kB
MemFree:         3248480 kB
Active:           410704 kB
Mem:          3.8G       750M       3.1G       5.7M        54M       314M

MemTotal:        4016004 kB
MemFree:         3248356 kB
Active:           410720 kB
Mem:          3.8G       749M       3.1G       5.7M        54M       314M

MemTotal:        4016004 kB
MemFree:         3248604 kB
Active:           410756 kB
Mem:          3.8G       749M       3.1G       5.7M        54M       314M

MemTotal:        4016004 kB
MemFree:         3248356 kB
Active:           410760 kB
Mem:          3.8G       749M       3.1G       5.7M        54M       314M

MemTotal:        4016004 kB
MemFree:         3248976 kB
Active:           410720 kB
Mem:          3.8G       749M       3.1G       5.7M        54M       314M

MemTotal:        4016004 kB
MemFree:         3248852 kB
Active:           410744 kB
Mem:          3.8G       749M       3.1G       5.7M        54M       314M

MemTotal:        4016004 kB
MemFree:         3248852 kB
Active:           410720 kB
Mem:          3.8G       749M       3.1G       5.7M        54M       314M

MemTotal:        4016004 kB
MemFree:         3248356 kB
Active:           410772 kB
Mem:          3.8G       749M       3.1G       5.7M        54M       314M

MemTotal:        4016004 kB
MemFree:         3248356 kB
Active:           410740 kB
Mem:          3.8G       749M       3.1G       5.7M        54M       314M

MemTotal:        4016004 kB
MemFree:         3248464 kB
Active:           410724 kB
Mem:          3.8G       749M       3.1G       5.7M        54M       314M

MemTotal:        4016004 kB
MemFree:         3248696 kB
Active:           410748 kB
Mem:          3.8G       749M       3.1G       5.7M        54M       314M

MemTotal:        4016004 kB
MemFree:         3248588 kB
Active:           410732 kB
Mem:          3.8G       749M       3.1G       5.7M        54M       314M

MemTotal:        4016004 kB
MemFree:         3248712 kB
Active:           410748 kB
Mem:          3.8G       749M       3.1G       5.7M        54M       314M

MemTotal:        4016004 kB
MemFree:         3248216 kB
Active:           410780 kB
Mem:          3.8G       749M       3.1G       5.7M        54M       314M

MemTotal:        4016004 kB
MemFree:         3248340 kB
Active:           410776 kB
Mem:          3.8G       749M       3.1G       5.7M        54M       314M

MemTotal:        4016004 kB
MemFree:         3248200 kB
Active:           408852 kB
Mem:          3.8G       749M       3.1G       5.7M        54M       314M

MemTotal:        4016004 kB
MemFree:         3248324 kB
Active:           410848 kB
Mem:          3.8G       749M       3.1G       5.7M        54M       314M

MemTotal:        4016004 kB
MemFree:         3248076 kB
Active:           410884 kB
Mem:          3.8G       749M       3.1G       5.7M        54M       314M

MemTotal:        4016004 kB
MemFree:         3248572 kB
Active:           410864 kB
Mem:          3.8G       749M       3.1G       5.7M        54M       314M

MemTotal:        4016004 kB
MemFree:         3248448 kB
Active:           410832 kB
Mem:          3.8G       749M       3.1G       5.7M        54M       314M

MemTotal:        4016004 kB
MemFree:         3248572 kB
Active:           410888 kB
Mem:          3.8G       749M       3.1G       5.7M        54M       314M

MemTotal:        4016004 kB
MemFree:         3248680 kB
Active:           410852 kB
Mem:          3.8G       749M       3.1G       5.7M        54M       314M

MemTotal:        4016004 kB
MemFree:         3248804 kB
Active:           410832 kB
Mem:          3.8G       749M       3.1G       5.7M        54M       314M

MemTotal:        4016004 kB
MemFree:         3248680 kB
Active:           410872 kB
Mem:          3.8G       749M       3.1G       5.7M        54M       314M

MemTotal:        4016004 kB
MemFree:         3248804 kB
Active:           410844 kB
Mem:          3.8G       749M       3.1G       5.7M        54M       314M

MemTotal:        4016004 kB
MemFree:         3246552 kB
Active:           408988 kB
Mem:          3.8G       751M       3.1G       5.7M        54M       314M

MemTotal:        4016004 kB
MemFree:         3246304 kB
Active:           408780 kB
Mem:          3.8G       751M       3.1G       5.7M        54M       314M

MemTotal:        4016004 kB
MemFree:         3246412 kB
Active:           412888 kB
Mem:          3.8G       751M       3.1G       5.7M        54M       314M

MemTotal:        4016004 kB
MemFree:         3246040 kB
Active:           412920 kB
Mem:          3.8G       751M       3.1G       5.7M        54M       314M

MemTotal:        4016004 kB
MemFree:         3246148 kB
Active:           412864 kB
Mem:          3.8G       751M       3.1G       5.7M        54M       314M

MemTotal:        4016004 kB
MemFree:         3246380 kB
Active:           412880 kB
Mem:          3.8G       751M       3.1G       5.7M        54M       314M

MemTotal:        4016004 kB
MemFree:         3246240 kB
Active:           412932 kB
Mem:          3.8G       751M       3.1G       5.7M        54M       314M

MemTotal:        4016004 kB
MemFree:         3246304 kB
Active:           412888 kB
Mem:          3.8G       751M       3.1G       5.7M        54M       314M

MemTotal:        4016004 kB
MemFree:         3246428 kB
Active:           412924 kB
Mem:          3.8G       751M       3.1G       5.7M        54M       314M

MemTotal:        4016004 kB
MemFree:         3246552 kB
Active:           412932 kB
Mem:          3.8G       751M       3.1G       5.7M        54M       314M

MemTotal:        4016004 kB
MemFree:         3246304 kB
Active:           412920 kB
Mem:          3.8G       751M       3.1G       5.7M        54M       314M

MemTotal:        4016004 kB
MemFree:         3246552 kB
Active:           412948 kB
Mem:          3.8G       751M       3.1G       5.7M        54M       314M

MemTotal:        4016004 kB
MemFree:         3246428 kB
Active:           412920 kB
Mem:          3.8G       751M       3.1G       5.7M        54M       314M

MemTotal:        4016004 kB
MemFree:         3246428 kB
Active:           412944 kB
Mem:          3.8G       751M       3.1G       5.7M        54M       314M

MemTotal:        4016004 kB
MemFree:         3246180 kB
Active:           412948 kB
Mem:          3.8G       751M       3.1G       5.7M        54M       314M

MemTotal:        4016004 kB
MemFree:         3246180 kB
Active:           412920 kB
Mem:          3.8G       751M       3.1G       5.7M        54M       314M

MemTotal:        4016004 kB
MemFree:         3245932 kB
Active:           412948 kB
Mem:          3.8G       751M       3.1G       5.7M        54M       314M

MemTotal:        4016004 kB
MemFree:         3246304 kB
Active:           412924 kB
Mem:          3.8G       751M       3.1G       5.7M        54M       314M

MemTotal:        4016004 kB
MemFree:         3246304 kB
Active:           412908 kB
Mem:          3.8G       751M       3.1G       5.7M        54M       314M

MemTotal:        4016004 kB
MemFree:         3246288 kB
Active:           412896 kB
Mem:          3.8G       751M       3.1G       5.7M        54M       314M

MemTotal:        4016004 kB
MemFree:         3246476 kB
Active:           412920 kB
Mem:          3.8G       751M       3.1G       5.7M        54M       314M

MemTotal:        4016004 kB
MemFree:         3246600 kB
Active:           412932 kB
Mem:          3.8G       751M       3.1G       5.7M        54M       314M

MemTotal:        4016004 kB
MemFree:         3246476 kB
Active:           412952 kB
Mem:          3.8G       751M       3.1G       5.7M        54M       314M

MemTotal:        4016004 kB
MemFree:         3246476 kB
Active:           412912 kB
Mem:          3.8G       751M       3.1G       5.7M        54M       314M

MemTotal:        4016004 kB
MemFree:         3246196 kB
Active:           412960 kB
Mem:          3.8G       751M       3.1G       5.7M        54M       314M

MemTotal:        4016004 kB
MemFree:         3207272 kB
Active:           413300 kB
Mem:          3.8G       789M       3.1G       5.7M        55M       352M

MemTotal:        4016004 kB
MemFree:         3166380 kB
Active:           413340 kB
Mem:          3.8G       829M       3.0G       5.7M        55M       392M

MemTotal:        4016004 kB
MemFree:         3124296 kB
Active:           413348 kB
Mem:          3.8G       871M       3.0G       5.7M        55M       432M

MemTotal:        4016004 kB
MemFree:         3081188 kB
Active:           413328 kB
Mem:          3.8G       913M       2.9G       5.7M        55M       473M

MemTotal:        4016004 kB
MemFree:         3038064 kB
Active:           413408 kB
Mem:          3.8G       955M       2.9G       5.7M        55M       514M

MemTotal:        4016004 kB
MemFree:         2994628 kB
Active:           415420 kB
Mem:          3.8G       997M       2.9G       5.7M        55M       554M

MemTotal:        4016004 kB
MemFree:         2952356 kB
Active:           415472 kB
Mem:          3.8G       1.0G       2.8G       5.7M        55M       595M

MemTotal:        4016004 kB
MemFree:         2910084 kB
Active:           415464 kB
Mem:          3.8G       1.1G       2.8G       5.7M        55M       636M

MemTotal:        4016004 kB
MemFree:         2867280 kB
Active:           415500 kB
Mem:          3.8G       1.1G       2.7G       5.7M        55M       676M

MemTotal:        4016004 kB
MemFree:         2825216 kB
Active:           415540 kB
Mem:          3.8G       1.1G       2.7G       5.7M        55M       717M

MemTotal:        4016004 kB
MemFree:         2782992 kB
Active:           415512 kB
Mem:          3.8G       1.2G       2.7G       5.7M        55M       757M

MemTotal:        4016004 kB
MemFree:         2740788 kB
Active:           415564 kB
Mem:          3.8G       1.2G       2.6G       5.7M        55M       798M

MemTotal:        4016004 kB
MemFree:         2698108 kB
Active:           415568 kB
Mem:          3.8G       1.3G       2.6G       5.7M        55M       839M

MemTotal:        4016004 kB
MemFree:         2686052 kB
Active:           415616 kB
Mem:          3.8G       1.3G       2.6G       5.7M        55M       850M

MemTotal:        4016004 kB
MemFree:         2674744 kB
Active:           415656 kB
Mem:          3.8G       1.3G       2.6G       5.7M        55M       861M

MemTotal:        4016004 kB
MemFree:         2633372 kB
Active:           415660 kB
Mem:          3.8G       1.3G       2.5G       5.7M        55M       902M

MemTotal:        4016004 kB
MemFree:         2591348 kB
Active:           415660 kB
Mem:          3.8G       1.4G       2.5G       5.7M        55M       942M

MemTotal:        4016004 kB
MemFree:         2548120 kB
Active:           415728 kB
Mem:          3.8G       1.4G       2.4G       5.7M        55M       983M

MemTotal:        4016004 kB
MemFree:         2506112 kB
Active:           415736 kB
Mem:          3.8G       1.4G       2.4G       5.7M        55M       1.0G

MemTotal:        4016004 kB
MemFree:         2463608 kB
Active:           415772 kB
Mem:          3.8G       1.5G       2.3G       5.7M        55M       1.0G

MemTotal:        4016004 kB
MemFree:         2421104 kB
Active:           415780 kB
Mem:          3.8G       1.5G       2.3G       5.7M        55M       1.1G

MemTotal:        4016004 kB
MemFree:         2379700 kB
Active:           415772 kB
Mem:          3.8G       1.6G       2.3G       5.7M        55M       1.1G

MemTotal:        4016004 kB
MemFree:         2338064 kB
Active:           415808 kB
Mem:          3.8G       1.6G       2.2G       5.7M        55M       1.2G

MemTotal:        4016004 kB
MemFree:         2295400 kB
Active:           415864 kB
Mem:          3.8G       1.6G       2.2G       5.7M        55M       1.2G

MemTotal:        4016004 kB
MemFree:         2253364 kB
Active:           415832 kB
Mem:          3.8G       1.7G       2.1G       5.7M        55M       1.2G

MemTotal:        4016004 kB
MemFree:         2232592 kB
Active:           415856 kB
Mem:          3.8G       1.7G       2.1G       5.7M        55M       1.3G

MemTotal:        4016004 kB
MemFree:         2225268 kB
Active:           415924 kB
Mem:          3.8G       1.7G       2.1G       5.7M        55M       1.3G

MemTotal:        4016004 kB
MemFree:         2182700 kB
Active:           415904 kB
Mem:          3.8G       1.7G       2.1G       5.7M        55M       1.3G

MemTotal:        4016004 kB
MemFree:         2140292 kB
Active:           415944 kB
Mem:          3.8G       1.8G       2.0G       5.7M        55M       1.3G

MemTotal:        4016004 kB
MemFree:         2098956 kB
Active:           415948 kB
Mem:          3.8G       1.8G       2.0G       5.7M        55M       1.4G

MemTotal:        4016004 kB
MemFree:         2057480 kB
Active:           415992 kB
Mem:          3.8G       1.9G       2.0G       5.7M        55M       1.4G

MemTotal:        4016004 kB
MemFree:         2015472 kB
Active:           416000 kB
Mem:          3.8G       1.9G       1.9G       5.7M        55M       1.5G

MemTotal:        4016004 kB
MemFree:         1973464 kB
Active:           416048 kB
Mem:          3.8G       1.9G       1.9G       5.7M        55M       1.5G

MemTotal:        4016004 kB
MemFree:         1930464 kB
Active:           416040 kB
Mem:          3.8G       2.0G       1.8G       5.7M        55M       1.5G

MemTotal:        4016004 kB
MemFree:         1889448 kB
Active:           416096 kB
Mem:          3.8G       2.0G       1.8G       5.7M        55M       1.6G

MemTotal:        4016004 kB
MemFree:         1846320 kB
Active:           416136 kB
Mem:          3.8G       2.1G       1.8G       5.7M        55M       1.6G

MemTotal:        4016004 kB
MemFree:         1803740 kB
Active:           416124 kB
Mem:          3.8G       2.1G       1.7G       5.7M        55M       1.7G

MemTotal:        4016004 kB
MemFree:         1776412 kB
Active:           416140 kB
Mem:          3.8G       2.1G       1.7G       5.7M        55M       1.7G

MemTotal:        4016004 kB
MemFree:         1764668 kB
Active:           416144 kB
Mem:          3.8G       2.1G       1.7G       5.7M        55M       1.7G

MemTotal:        4016004 kB
MemFree:         1722856 kB
Active:           416176 kB
Mem:          3.8G       2.2G       1.6G       5.7M        55M       1.7G

MemTotal:        4016004 kB
MemFree:         1680216 kB
Active:           416236 kB
Mem:          3.8G       2.2G       1.6G       5.7M        55M       1.8G

MemTotal:        4016004 kB
MemFree:         1638960 kB
Active:           416216 kB
Mem:          3.8G       2.3G       1.6G       5.7M        55M       1.8G

MemTotal:        4016004 kB
MemFree:         1596828 kB
Active:           416288 kB
Mem:          3.8G       2.3G       1.5G       5.7M        55M       1.9G

MemTotal:        4016004 kB
MemFree:         1555084 kB
Active:           416284 kB
Mem:          3.8G       2.3G       1.5G       5.7M        55M       1.9G

MemTotal:        4016004 kB
MemFree:         1512952 kB
Active:           416280 kB
Mem:          3.8G       2.4G       1.4G       5.7M        55M       1.9G

MemTotal:        4016004 kB
MemFree:         1471332 kB
Active:           416336 kB
Mem:          3.8G       2.4G       1.4G       5.7M        55M       2.0G

MemTotal:        4016004 kB
MemFree:         1427960 kB
Active:           416372 kB
Mem:          3.8G       2.5G       1.4G       5.7M        55M       2.0G

MemTotal:        4016004 kB
MemFree:         1386432 kB
Active:           416408 kB
Mem:          3.8G       2.5G       1.3G       5.7M        55M       2.1G

MemTotal:        4016004 kB
MemFree:         1344332 kB
Active:           416392 kB
Mem:          3.8G       2.5G       1.3G       5.7M        55M       2.1G

MemTotal:        4016004 kB
MemFree:         1321296 kB
Active:           416460 kB
Mem:          3.8G       2.6G       1.3G       5.7M        56M       2.1G

MemTotal:        4016004 kB
MemFree:         1304764 kB
Active:           416440 kB
Mem:          3.8G       2.6G       1.2G       5.7M        56M       2.1G

MemTotal:        4016004 kB
MemFree:         1262108 kB
Active:           416464 kB
Mem:          3.8G       2.6G       1.2G       5.7M        56M       2.2G

MemTotal:        4016004 kB
MemFree:         1192904 kB
Active:           416436 kB
Mem:          3.8G       2.7G       1.1G       5.7M        56M       2.2G

MemTotal:        4016004 kB
MemFree:         1150216 kB
Active:           416544 kB
Mem:          3.8G       2.7G       1.1G       5.7M        56M       2.3G

MemTotal:        4016004 kB
MemFree:         1108704 kB
Active:           416584 kB
Mem:          3.8G       2.8G       1.1G       5.7M        56M       2.3G

MemTotal:        4016004 kB
MemFree:         1066308 kB
Active:           414528 kB
Mem:          3.8G       2.8G       1.0G       5.7M        56M       2.4G

MemTotal:        4016004 kB
MemFree:         1023928 kB
Active:           414572 kB
Mem:          3.8G       2.9G       1.0G       5.7M        56M       2.4G

MemTotal:        4016004 kB
MemFree:          981672 kB
Active:           416620 kB
Mem:          3.8G       2.9G       958M       5.7M        56M       2.4G

MemTotal:        4016004 kB
MemFree:          938844 kB
Active:           416648 kB
Mem:          3.8G       2.9G       916M       5.7M        56M       2.5G

MemTotal:        4016004 kB
MemFree:          896684 kB
Active:           416688 kB
Mem:          3.8G       3.0G       875M       5.7M        56M       2.5G

MemTotal:        4016004 kB
MemFree:          869340 kB
Active:           416712 kB
Mem:          3.8G       3.0G       848M       5.7M        56M       2.5G

MemTotal:        4016004 kB
MemFree:          834680 kB
Active:           416764 kB
Mem:          3.8G       3.0G       815M       5.7M        56M       2.6G

MemTotal:        4016004 kB
MemFree:          793784 kB
Active:           416752 kB
Mem:          3.8G       3.1G       774M       5.7M        56M       2.6G

MemTotal:        4016004 kB
MemFree:          751044 kB
Active:           416804 kB
Mem:          3.8G       3.1G       733M       5.7M        56M       2.6G

MemTotal:        4016004 kB
MemFree:          707972 kB
Active:           416836 kB
Mem:          3.8G       3.2G       691M       5.7M        56M       2.7G

MemTotal:        4016004 kB
MemFree:          665812 kB
Active:           414808 kB
Mem:          3.8G       3.2G       649M       5.7M        56M       2.7G

MemTotal:        4016004 kB
MemFree:          623464 kB
Active:           416880 kB
Mem:          3.8G       3.2G       608M       5.7M        56M       2.8G

MemTotal:        4016004 kB
MemFree:          580076 kB
Active:           416900 kB
Mem:          3.8G       3.3G       566M       5.7M        56M       2.8G

MemTotal:        4016004 kB
MemFree:          538580 kB
Active:           416916 kB
Mem:          3.8G       3.3G       525M       5.7M        56M       2.8G

MemTotal:        4016004 kB
MemFree:          507584 kB
Active:           416948 kB
Mem:          3.8G       3.3G       495M       5.7M        56M       2.9G

MemTotal:        4016004 kB
MemFree:          469408 kB
Active:           416976 kB
Mem:          3.8G       3.4G       458M       5.7M        56M       2.9G

MemTotal:        4016004 kB
MemFree:          426656 kB
Active:           416956 kB
Mem:          3.8G       3.4G       416M       5.7M        56M       3.0G

MemTotal:        4016004 kB
MemFree:          406524 kB
Active:           416980 kB
Mem:          3.8G       3.4G       397M       5.7M        56M       3.0G

MemTotal:        4016004 kB
MemFree:          390944 kB
Active:           417040 kB
Mem:          3.8G       3.5G       381M       5.7M        56M       3.0G

MemTotal:        4016004 kB
MemFree:          348628 kB
Active:           417036 kB
Mem:          3.8G       3.5G       340M       5.7M        56M       3.0G

MemTotal:        4016004 kB
MemFree:          307044 kB
Active:           417060 kB
Mem:          3.8G       3.5G       299M       5.7M        56M       3.1G

MemTotal:        4016004 kB
MemFree:          264304 kB
Active:           417104 kB
Mem:          3.8G       3.6G       257M       5.7M        56M       3.1G

MemTotal:        4016004 kB
MemFree:          221784 kB
Active:           417128 kB
Mem:          3.8G       3.6G       216M       5.7M        56M       3.1G

MemTotal:        4016004 kB
MemFree:          179404 kB
Active:           417100 kB
Mem:          3.8G       3.7G       175M       5.7M        56M       3.2G

MemTotal:        4016004 kB
MemFree:          137288 kB
Active:           416952 kB
Mem:          3.8G       3.7G       133M       5.7M        56M       3.2G

MemTotal:        4016004 kB
MemFree:          130880 kB
Active:           413664 kB
Mem:          3.8G       3.7G       126M       5.7M        22M       3.3G

MemTotal:        4016004 kB
MemFree:          131268 kB
Active:           425044 kB
Mem:          3.8G       3.7G       105M       5.7M        21M       3.3G

MemTotal:        4016004 kB
MemFree:          107596 kB
Active:           436508 kB
Mem:          3.8G       3.7G       105M       5.7M        21M       3.3G

MemTotal:        4016004 kB
MemFree:          125552 kB
Active:           474728 kB
Mem:          3.8G       3.7G       119M       5.7M        21M       3.3G

MemTotal:        4016004 kB
MemFree:          120056 kB
Active:           471472 kB
Mem:          3.8G       3.7G       117M       5.7M        21M       3.3G

MemTotal:        4016004 kB
MemFree:          107916 kB
Active:           468300 kB
Mem:          3.8G       3.7G       105M       5.7M        21M       3.3G

MemTotal:        4016004 kB
MemFree:          126680 kB
Active:           461068 kB
Mem:          3.8G       3.7G       123M       5.7M        21M       3.3G

MemTotal:        4016004 kB
MemFree:          122908 kB
Active:           456868 kB
Mem:          3.8G       3.7G       120M       5.7M        21M       3.3G

MemTotal:        4016004 kB
MemFree:          107224 kB
Active:           454200 kB
Mem:          3.8G       3.7G       104M       5.7M        21M       3.3G

MemTotal:        4016004 kB
MemFree:          121744 kB
Active:           448452 kB
Mem:          3.8G       3.7G       118M       5.7M        21M       3.3G

MemTotal:        4016004 kB
MemFree:          123104 kB
Active:           443112 kB
Mem:          3.8G       3.7G       119M       5.7M        21M       3.3G

MemTotal:        4016004 kB
MemFree:          109120 kB
Active:           440576 kB
Mem:          3.8G       3.7G       106M       5.7M        21M       3.3G

MemTotal:        4016004 kB
MemFree:          126292 kB
Active:           433616 kB
Mem:          3.8G       3.7G       122M       5.7M        21M       3.3G

MemTotal:        4016004 kB
MemFree:          123632 kB
Active:           431848 kB
Mem:          3.8G       3.7G       120M       5.7M        21M       3.3G

MemTotal:        4016004 kB
MemFree:          107344 kB
Active:           430928 kB
Mem:          3.8G       3.7G       105M       5.7M        21M       3.3G

MemTotal:        4016004 kB
MemFree:          108092 kB
Active:           429584 kB
Mem:          3.8G       3.7G       105M       5.7M        21M       3.3G

MemTotal:        4016004 kB
MemFree:          105780 kB
Active:           429552 kB
Mem:          3.8G       3.7G       103M       5.7M        21M       3.3G

MemTotal:        4016004 kB
MemFree:          107924 kB
Active:           429088 kB
Mem:          3.8G       3.7G       105M       5.7M        21M       3.3G

MemTotal:        4016004 kB
MemFree:          134168 kB
Active:           424544 kB
Mem:          3.8G       3.7G       131M       5.7M        21M       3.3G

MemTotal:        4016004 kB
MemFree:          126908 kB
Active:           423592 kB
Mem:          3.8G       3.7G       124M       5.7M        21M       3.3G

MemTotal:        4016004 kB
MemFree:          108216 kB
Active:           422976 kB
Mem:          3.8G       3.7G       105M       5.7M        21M       3.3G

MemTotal:        4016004 kB
MemFree:          126820 kB
Active:           421172 kB
Mem:          3.8G       3.7G       123M       5.7M        21M       3.3G

MemTotal:        4016004 kB
MemFree:          122736 kB
Active:           419824 kB
Mem:          3.8G       3.7G       119M       5.7M        21M       3.3G

MemTotal:        4016004 kB
MemFree:          128816 kB
Active:           416480 kB
Mem:          3.8G       3.7G       125M       5.7M        21M       3.3G

MemTotal:        4016004 kB
MemFree:          124464 kB
Active:           417192 kB
Mem:          3.8G       3.7G       121M       5.7M        22M       3.3G

MemTotal:        4016004 kB
MemFree:          110680 kB
Active:           414164 kB
Mem:          3.8G       3.7G       107M       5.7M        22M       3.3G

MemTotal:        4016004 kB
MemFree:          128604 kB
Active:           412428 kB
Mem:          3.8G       3.7G       125M       5.7M        22M       3.3G

MemTotal:        4016004 kB
MemFree:          122724 kB
Active:           411248 kB
Mem:          3.8G       3.7G       119M       5.7M        22M       3.3G

MemTotal:        4016004 kB
MemFree:          128944 kB
Active:           409896 kB
Mem:          3.8G       3.7G       125M       5.7M        22M       3.3G

MemTotal:        4016004 kB
MemFree:          127736 kB
Active:           409880 kB
Mem:          3.8G       3.7G       124M       5.7M        22M       3.3G

MemTotal:        4016004 kB
MemFree:          126888 kB
Active:           409388 kB
Mem:          3.8G       3.7G       123M       5.7M        22M       3.3G

MemTotal:        4016004 kB
MemFree:          125608 kB
Active:           407920 kB
Mem:          3.8G       3.7G       122M       5.7M        22M       3.3G

MemTotal:        4016004 kB
MemFree:          109144 kB
Active:           407008 kB
Mem:          3.8G       3.7G       106M       5.7M        22M       3.3G

MemTotal:        4016004 kB
MemFree:          128044 kB
Active:           402652 kB
Mem:          3.8G       3.7G       124M       5.7M        22M       3.3G

MemTotal:        4016004 kB
MemFree:          121540 kB
Active:           401376 kB
Mem:          3.8G       3.7G       118M       5.7M        22M       3.3G

MemTotal:        4016004 kB
MemFree:          110184 kB
Active:           400260 kB
Mem:          3.8G       3.7G       107M       5.7M        22M       3.3G

MemTotal:        4016004 kB
MemFree:          126948 kB
Active:           398644 kB
Mem:          3.8G       3.7G       126M       5.7M        22M       3.3G

MemTotal:        4016004 kB
MemFree:          124840 kB
Active:           397500 kB
Mem:          3.8G       3.7G       121M       5.7M        22M       3.3G

MemTotal:        4016004 kB
MemFree:          108172 kB
Active:           396896 kB
Mem:          3.8G       3.7G       105M       5.7M        22M       3.3G

MemTotal:        4016004 kB
MemFree:          127000 kB
Active:           395136 kB
Mem:          3.8G       3.7G       124M       5.7M        22M       3.3G

MemTotal:        4016004 kB
MemFree:          120988 kB
Active:           393992 kB
Mem:          3.8G       3.7G       118M       5.7M        22M       3.3G

MemTotal:        4016004 kB
MemFree:          104872 kB
Active:           393352 kB
Mem:          3.8G       3.7G       102M       5.7M        22M       3.3G

MemTotal:        4016004 kB
MemFree:          127076 kB
Active:           392012 kB
Mem:          3.8G       3.7G       124M       5.7M        22M       3.3G

MemTotal:        4016004 kB
MemFree:          121636 kB
Active:           391004 kB
Mem:          3.8G       3.7G       118M       5.7M        22M       3.3G

MemTotal:        4016004 kB
MemFree:          108864 kB
Active:           392000 kB
Mem:          3.8G       3.7G       106M       5.7M        22M       3.3G

MemTotal:        4016004 kB
MemFree:          127676 kB
Active:           390372 kB
Mem:          3.8G       3.7G       124M       5.7M        22M       3.3G

MemTotal:        4016004 kB
MemFree:          112680 kB
Active:           389200 kB
Mem:          3.8G       3.7G       109M       5.7M        22M       3.3G

MemTotal:        4016004 kB
MemFree:          106684 kB
Active:           388124 kB
Mem:          3.8G       3.7G       104M       5.7M        22M       3.3G

MemTotal:        4016004 kB
MemFree:          130212 kB
Active:           385968 kB
Mem:          3.8G       3.7G       127M       5.7M        22M       3.3G

MemTotal:        4016004 kB
MemFree:          117948 kB
Active:           384836 kB
Mem:          3.8G       3.7G       115M       5.7M        22M       3.3G

MemTotal:        4016004 kB
MemFree:          112720 kB
Active:           383844 kB
Mem:          3.8G       3.7G       110M       5.7M        22M       3.3G

MemTotal:        4016004 kB
MemFree:          118340 kB
Active:           382840 kB
Mem:          3.8G       3.7G       115M       5.7M        22M       3.3G

MemTotal:        4016004 kB
MemFree:          113016 kB
Active:           381712 kB
Mem:          3.8G       3.7G       110M       5.7M        22M       3.3G

MemTotal:        4016004 kB
MemFree:          107884 kB
Active:           380964 kB
Mem:          3.8G       3.7G       105M       5.7M        22M       3.3G

MemTotal:        4016004 kB
MemFree:          106968 kB
Active:           380980 kB
Mem:          3.8G       3.7G       104M       5.7M        22M       3.3G

MemTotal:        4016004 kB
MemFree:          106716 kB
Active:           380848 kB
Mem:          3.8G       3.7G       103M       5.7M        22M       3.3G

MemTotal:        4016004 kB
MemFree:          125144 kB
Active:           379352 kB
Mem:          3.8G       3.7G       122M       5.7M        22M       3.3G

MemTotal:        4016004 kB
MemFree:          110260 kB
Active:           378304 kB
Mem:          3.8G       3.7G       107M       5.7M        22M       3.3G

MemTotal:        4016004 kB
MemFree:          129176 kB
Active:           376680 kB
Mem:          3.8G       3.7G       125M       5.7M        22M       3.3G

MemTotal:        4016004 kB
MemFree:          124820 kB
Active:           375316 kB
Mem:          3.8G       3.7G       122M       5.7M        22M       3.3G

MemTotal:        4016004 kB
MemFree:          108508 kB
Active:           374704 kB
Mem:          3.8G       3.7G       105M       5.7M        22M       3.3G

MemTotal:        4016004 kB
MemFree:          126424 kB
Active:           372876 kB
Mem:          3.8G       3.7G       122M       5.7M        22M       3.3G

MemTotal:        4016004 kB
MemFree:          126060 kB
Active:           370776 kB
Mem:          3.8G       3.7G       122M       5.7M        22M       3.3G

MemTotal:        4016004 kB
MemFree:          108972 kB
Active:           372072 kB
Mem:          3.8G       3.7G       105M       5.7M        22M       3.3G

MemTotal:        4016004 kB
MemFree:          128148 kB
Active:           370304 kB
Mem:          3.8G       3.7G       124M       5.7M        22M       3.3G

MemTotal:        4016004 kB
MemFree:          122832 kB
Active:           369156 kB
Mem:          3.8G       3.7G       119M       5.7M        22M       3.3G

MemTotal:        4016004 kB
MemFree:          110856 kB
Active:           369064 kB
Mem:          3.8G       3.7G       107M       5.7M        22M       3.3G

MemTotal:        4016004 kB
MemFree:          123072 kB
Active:           367388 kB
Mem:          3.8G       3.7G       120M       5.7M        22M       3.3G

MemTotal:        4016004 kB
MemFree:          135980 kB
Active:           364864 kB
Mem:          3.8G       3.7G       132M       5.7M        22M       3.3G

MemTotal:        4016004 kB
MemFree:          135892 kB
Active:           364880 kB
Mem:          3.8G       3.7G       132M       5.7M        22M       3.3G

MemTotal:        4016004 kB
MemFree:          135756 kB
Active:           364900 kB
Mem:          3.8G       3.7G       132M       5.7M        22M       3.3G

MemTotal:        4016004 kB
MemFree:          126368 kB
Active:           364856 kB
Mem:          3.8G       3.7G       122M       5.7M        22M       3.3G

MemTotal:        4016004 kB
MemFree:          133116 kB
Active:           364868 kB
Mem:          3.8G       3.7G       129M       5.7M        22M       3.3G

MemTotal:        4016004 kB
MemFree:          140968 kB
Active:           364940 kB
Mem:          3.8G       3.7G       137M       5.7M        22M       3.2G

MemTotal:        4016004 kB
MemFree:          130056 kB
Active:           363920 kB
Mem:          3.8G       3.7G       126M       5.7M        22M       3.3G

MemTotal:        4016004 kB
MemFree:          136964 kB
Active:           363848 kB
Mem:          3.8G       3.7G       133M       5.7M        22M       3.3G

MemTotal:        4016004 kB
MemFree:          136260 kB
Active:           363844 kB
Mem:          3.8G       3.7G       133M       5.7M        22M       3.3G

MemTotal:        4016004 kB
MemFree:          136372 kB
Active:           363896 kB
Mem:          3.8G       3.7G       133M       5.7M        23M       3.3G

MemTotal:        4016004 kB
MemFree:          111984 kB
Active:           363920 kB
Mem:          3.8G       3.7G       109M       5.7M        23M       3.3G

MemTotal:        4016004 kB
MemFree:          105936 kB
Active:           363940 kB
Mem:          3.8G       3.7G       103M       5.7M        23M       3.3G

MemTotal:        4016004 kB
MemFree:          124928 kB
Active:           363976 kB
Mem:          3.8G       3.7G       122M       5.7M        23M       3.3G

MemTotal:        4016004 kB
MemFree:          130448 kB
Active:           364008 kB
Mem:          3.8G       3.7G       127M       5.7M        23M       3.3G

MemTotal:        4016004 kB
MemFree:          107584 kB
Active:           363988 kB
Mem:          3.8G       3.7G       105M       5.7M        23M       3.3G

MemTotal:        4016004 kB
MemFree:          126972 kB
Active:           363000 kB
Mem:          3.8G       3.7G       124M       5.7M        23M       3.3G

MemTotal:        4016004 kB
MemFree:          124136 kB
Active:           362988 kB
Mem:          3.8G       3.7G       120M       5.7M        23M       3.3G

MemTotal:        4016004 kB
MemFree:          107124 kB
Active:           363032 kB
Mem:          3.8G       3.7G       104M       5.7M        23M       3.3G

MemTotal:        4016004 kB
MemFree:          126208 kB
Active:           363024 kB
Mem:          3.8G       3.7G       122M       5.7M        23M       3.3G

MemTotal:        4016004 kB
MemFree:          126132 kB
Active:           363064 kB
Mem:          3.8G       3.7G       122M       5.7M        23M       3.3G

MemTotal:        4016004 kB
MemFree:          108296 kB
Active:           363108 kB
Mem:          3.8G       3.7G       105M       5.7M        23M       3.3G

MemTotal:        4016004 kB
MemFree:          127596 kB
Active:           363088 kB
Mem:          3.8G       3.7G       124M       5.7M        23M       3.3G

MemTotal:        4016004 kB
MemFree:          121908 kB
Active:           363148 kB
Mem:          3.8G       3.7G       118M       5.7M        23M       3.3G

MemTotal:        4016004 kB
MemFree:          105156 kB
Active:           363168 kB
Mem:          3.8G       3.7G       102M       5.7M        23M       3.3G

MemTotal:        4016004 kB
MemFree:          128748 kB
Active:           363188 kB
Mem:          3.8G       3.7G       125M       5.7M        23M       3.3G

MemTotal:        4016004 kB
MemFree:          112460 kB
Active:           363224 kB
Mem:          3.8G       3.7G       109M       5.7M        23M       3.3G

MemTotal:        4016004 kB
MemFree:          131356 kB
Active:           363204 kB
Mem:          3.8G       3.7G       127M       5.7M        23M       3.3G

MemTotal:        4016004 kB
MemFree:          135864 kB
Active:           363232 kB
Mem:          3.8G       3.7G       132M       5.7M        23M       3.2G

MemTotal:        4016004 kB
MemFree:          112464 kB
Active:           363268 kB
Mem:          3.8G       3.7G       109M       5.7M        23M       3.3G

MemTotal:        4016004 kB
MemFree:          106296 kB
Active:           363136 kB
Mem:          3.8G       3.7G       103M       5.7M        23M       3.3G

MemTotal:        4016004 kB
MemFree:          126088 kB
Active:           362752 kB
Mem:          3.8G       3.7G       122M       5.7M        23M       3.3G

MemTotal:        4016004 kB
MemFree:          120288 kB
Active:           362688 kB
Mem:          3.8G       3.7G       117M       5.7M        23M       3.3G

MemTotal:        4016004 kB
MemFree:          113584 kB
Active:           362672 kB
Mem:          3.8G       3.7G       111M       5.7M        23M       3.3G

MemTotal:        4016004 kB
MemFree:          119948 kB
Active:           362700 kB
Mem:          3.8G       3.7G       116M       5.7M        23M       3.3G

MemTotal:        4016004 kB
MemFree:          113480 kB
Active:           362752 kB
Mem:          3.8G       3.7G       111M       5.7M        23M       3.3G

MemTotal:        4016004 kB
MemFree:          108260 kB
Active:           362720 kB
Mem:          3.8G       3.7G       104M       5.7M        23M       3.3G

MemTotal:        4016004 kB
MemFree:          131736 kB
Active:           362764 kB
Mem:          3.8G       3.7G       129M       5.7M        23M       3.3G

MemTotal:        4016004 kB
MemFree:          121724 kB
Active:           362772 kB
Mem:          3.8G       3.7G       119M       5.7M        23M       3.3G

MemTotal:        4016004 kB
MemFree:          118432 kB
Active:           362848 kB
Mem:          3.8G       3.7G       115M       5.7M        23M       3.3G

MemTotal:        4016004 kB
MemFree:          127244 kB
Active:           361088 kB
Mem:          3.8G       3.7G       123M       5.7M        23M       3.3G

MemTotal:        4016004 kB
MemFree:          121800 kB
Active:           361092 kB
Mem:          3.8G       3.7G       118M       5.7M        23M       3.3G

MemTotal:        4016004 kB
MemFree:          106560 kB
Active:           361056 kB
Mem:          3.8G       3.7G       104M       5.7M        23M       3.3G

MemTotal:        4016004 kB
MemFree:          124508 kB
Active:           361104 kB
Mem:          3.8G       3.7G       121M       5.7M        23M       3.3G

MemTotal:        4016004 kB
MemFree:          124444 kB
Active:           361148 kB
Mem:          3.8G       3.7G       121M       5.7M        23M       3.3G

MemTotal:        4016004 kB
MemFree:          113064 kB
Active:           361180 kB
Mem:          3.8G       3.7G       110M       5.7M        23M       3.3G

MemTotal:        4016004 kB
MemFree:          126256 kB
Active:           361184 kB
Mem:          3.8G       3.7G       122M       5.7M        23M       3.3G

MemTotal:        4016004 kB
MemFree:          125984 kB
Active:           361100 kB
Mem:          3.8G       3.7G       122M       5.7M        23M       3.3G

MemTotal:        4016004 kB
MemFree:          112772 kB
Active:           361264 kB
Mem:          3.8G       3.7G       110M       5.7M        23M       3.3G

MemTotal:        4016004 kB
MemFree:          110484 kB
Active:           359372 kB
Mem:          3.8G       3.7G       107M       5.7M        23M       3.3G

MemTotal:        4016004 kB
MemFree:          132228 kB
Active:           359224 kB
Mem:          3.8G       3.7G       128M       5.7M        23M       3.2G

MemTotal:        4016004 kB
MemFree:          119212 kB
Active:           359168 kB
Mem:          3.8G       3.7G       125M       5.7M        23M       3.3G

MemTotal:        4016004 kB
MemFree:          105272 kB
Active:           359312 kB
Mem:          3.8G       3.7G       105M       5.7M        23M       3.3G

MemTotal:        4016004 kB
MemFree:          128552 kB
Active:           359268 kB
Mem:          3.8G       3.7G       125M       5.7M        23M       3.3G

MemTotal:        4016004 kB
MemFree:          116976 kB
Active:           359428 kB
Mem:          3.8G       3.7G       114M       5.7M        23M       3.3G

MemTotal:        4016004 kB
MemFree:          110880 kB
Active:           359316 kB
Mem:          3.8G       3.7G       107M       5.7M        23M       3.3G

MemTotal:        4016004 kB
MemFree:          135436 kB
Active:           359344 kB
Mem:          3.8G       3.7G       132M       5.7M        23M       3.2G

MemTotal:        4016004 kB
MemFree:          129276 kB
Active:           358756 kB
Mem:          3.8G       3.7G       126M       5.7M        23M       3.3G

MemTotal:        4016004 kB
MemFree:          135748 kB
Active:           358732 kB
Mem:          3.8G       3.7G       132M       5.7M        23M       3.2G

MemTotal:        4016004 kB
MemFree:          128336 kB
Active:           358644 kB
Mem:          3.8G       3.7G       125M       5.7M        24M       3.3G

MemTotal:        4016004 kB
MemFree:          106064 kB
Active:           358684 kB
Mem:          3.8G       3.7G       103M       5.7M        24M       3.3G

MemTotal:        4016004 kB
MemFree:          130864 kB
Active:           358828 kB
Mem:          3.8G       3.7G       127M       5.7M        24M       3.2G

MemTotal:        4016004 kB
MemFree:          132792 kB
Active:           358852 kB
Mem:          3.8G       3.7G       130M       5.7M        24M       3.2G

MemTotal:        4016004 kB
MemFree:          133120 kB
Active:           358756 kB
Mem:          3.8G       3.7G       130M       5.7M        24M       3.2G

MemTotal:        4016004 kB
MemFree:          133788 kB
Active:           358876 kB
Mem:          3.8G       3.7G       130M       5.7M        24M       3.2G

MemTotal:        4016004 kB
MemFree:          115876 kB
Active:           358728 kB
Mem:          3.8G       3.7G       112M       5.7M        24M       3.3G

MemTotal:        4016004 kB
MemFree:          109224 kB
Active:           358900 kB
Mem:          3.8G       3.7G       106M       5.7M        24M       3.3G

MemTotal:        4016004 kB
MemFree:          127452 kB
Active:           358892 kB
Mem:          3.8G       3.7G       124M       5.7M        24M       3.3G

MemTotal:        4016004 kB
MemFree:          122024 kB
Active:           358852 kB
Mem:          3.8G       3.7G       119M       5.7M        24M       3.3G

MemTotal:        4016004 kB
MemFree:          109112 kB
Active:           356360 kB
Mem:          3.8G       3.7G       106M       5.7M        24M       3.3G

MemTotal:        4016004 kB
MemFree:          132576 kB
Active:           356092 kB
Mem:          3.8G       3.7G       128M       5.7M        24M       3.2G

MemTotal:        4016004 kB
MemFree:          121072 kB
Active:           356232 kB
Mem:          3.8G       3.7G       117M       5.7M        24M       3.3G

MemTotal:        4016004 kB
MemFree:          107600 kB
Active:           356268 kB
Mem:          3.8G       3.7G       105M       5.7M        24M       3.3G

MemTotal:        4016004 kB
MemFree:          108092 kB
Active:           356284 kB
Mem:          3.8G       3.7G       105M       5.7M        24M       3.3G

MemTotal:        4016004 kB
MemFree:          118848 kB
Active:           356420 kB
Mem:          3.8G       3.7G       115M       5.7M        24M       3.3G

MemTotal:        4016004 kB
MemFree:          106772 kB
Active:           356332 kB
Mem:          3.8G       3.7G       104M       5.7M        24M       3.3G

MemTotal:        4016004 kB
MemFree:          127888 kB
Active:           356324 kB
Mem:          3.8G       3.7G       124M       5.7M        24M       3.3G

MemTotal:        4016004 kB
MemFree:          124932 kB
Active:           356336 kB
Mem:          3.8G       3.7G       122M       5.7M        24M       3.3G

MemTotal:        4016004 kB
MemFree:          114600 kB
Active:           356340 kB
Mem:          3.8G       3.7G       111M       5.7M        24M       3.3G

MemTotal:        4016004 kB
MemFree:          108308 kB
Active:           356384 kB
Mem:          3.8G       3.7G       105M       5.7M        24M       3.3G

MemTotal:        4016004 kB
MemFree:          134092 kB
Active:           354468 kB
Mem:          3.8G       3.7G       130M       5.7M        24M       3.2G

MemTotal:        4016004 kB
MemFree:          123084 kB
Active:           354492 kB
Mem:          3.8G       3.7G       125M       5.7M        24M       3.2G

MemTotal:        4016004 kB
MemFree:          105008 kB
Active:           354492 kB
Mem:          3.8G       3.7G       106M       5.7M        24M       3.3G

MemTotal:        4016004 kB
MemFree:          129092 kB
Active:           354488 kB
Mem:          3.8G       3.7G       126M       5.7M        24M       3.2G

MemTotal:        4016004 kB
MemFree:          144396 kB
Active:           354572 kB
Mem:          3.8G       3.7G       140M       5.7M        24M       3.2G

MemTotal:        4016004 kB
MemFree:          126436 kB
Active:           354600 kB
Mem:          3.8G       3.7G       123M       5.7M        24M       3.3G

MemTotal:        4016004 kB
MemFree:          135528 kB
Active:           354588 kB
Mem:          3.8G       3.7G       132M       5.7M        24M       3.2G

MemTotal:        4016004 kB
MemFree:          126532 kB
Active:           354628 kB
Mem:          3.8G       3.7G       123M       5.7M        24M       3.3G

MemTotal:        4016004 kB
MemFree:          132544 kB
Active:           354624 kB
Mem:          3.8G       3.7G       128M       5.7M        24M       3.2G

MemTotal:        4016004 kB
MemFree:          131588 kB
Active:           354640 kB
Mem:          3.8G       3.7G       128M       5.7M        24M       3.2G

MemTotal:        4016004 kB
MemFree:          122808 kB
Active:           354680 kB
Mem:          3.8G       3.7G       119M       5.7M        24M       3.3G

MemTotal:        4016004 kB
MemFree:          116868 kB
Active:           354704 kB
Mem:          3.8G       3.7G       124M       5.7M        24M       3.2G

MemTotal:        4016004 kB
MemFree:          117084 kB
Active:           351776 kB
Mem:          3.8G       3.7G       113M       5.7M        24M       3.3G

MemTotal:        4016004 kB
MemFree:          129564 kB
Active:           351792 kB
Mem:          3.8G       3.7G       126M       5.7M        24M       3.2G

MemTotal:        4016004 kB
MemFree:          124652 kB
Active:           351828 kB
Mem:          3.8G       3.7G       121M       5.7M        24M       3.3G

MemTotal:        4016004 kB
MemFree:          107568 kB
Active:           351864 kB
Mem:          3.8G       3.7G       104M       5.7M        24M       3.3G

MemTotal:        4016004 kB
MemFree:          125700 kB
Active:           351892 kB
Mem:          3.8G       3.7G       122M       5.7M        24M       3.3G

MemTotal:        4016004 kB
MemFree:          125852 kB
Active:           351900 kB
Mem:          3.8G       3.7G       122M       5.7M        24M       3.3G

MemTotal:        4016004 kB
MemFree:          110256 kB
Active:           351944 kB
Mem:          3.8G       3.7G       107M       5.7M        24M       3.3G

MemTotal:        4016004 kB
MemFree:          121896 kB
Active:           351956 kB
Mem:          3.8G       3.7G       119M       5.7M        24M       3.3G

MemTotal:        4016004 kB
MemFree:          106884 kB
Active:           351996 kB
Mem:          3.8G       3.7G       104M       5.7M        24M       3.3G

MemTotal:        4016004 kB
MemFree:          107132 kB
Active:           351956 kB
Mem:          3.8G       3.7G       104M       5.7M        24M       3.3G

MemTotal:        4016004 kB
MemFree:          128596 kB
Active:           352020 kB
Mem:          3.8G       3.7G       125M       5.7M        24M       3.2G

MemTotal:        4016004 kB
MemFree:          117148 kB
Active:           352008 kB
Mem:          3.8G       3.7G       114M       5.7M        24M       3.3G

MemTotal:        4016004 kB
MemFree:          111708 kB
Active:           352008 kB
Mem:          3.8G       3.7G       109M       5.7M        24M       3.3G

MemTotal:        4016004 kB
MemFree:          135752 kB
Active:           352076 kB
Mem:          3.8G       3.7G       132M       5.7M        24M       3.2G

MemTotal:        4016004 kB
MemFree:          126152 kB
Active:           350144 kB
Mem:          3.8G       3.7G       122M       5.7M        24M       3.3G

MemTotal:        4016004 kB
MemFree:          113904 kB
Active:           350188 kB
Mem:          3.8G       3.7G       111M       5.7M        24M       3.3G

MemTotal:        4016004 kB
MemFree:          108104 kB
Active:           350240 kB
Mem:          3.8G       3.7G       105M       5.7M        24M       3.3G

MemTotal:        4016004 kB
MemFree:          113712 kB
Active:           350204 kB
Mem:          3.8G       3.7G       110M       5.7M        24M       3.3G

MemTotal:        4016004 kB
MemFree:          129412 kB
Active:           350260 kB
Mem:          3.8G       3.7G       126M       5.7M        24M       3.2G

MemTotal:        4016004 kB
MemFree:          122488 kB
Active:           350300 kB
Mem:          3.8G       3.7G       118M       5.7M        24M       3.3G

MemTotal:        4016004 kB
MemFree:          116380 kB
Active:           350332 kB
Mem:          3.8G       3.7G       113M       5.7M        24M       3.3G

MemTotal:        4016004 kB
MemFree:          136336 kB
Active:           350300 kB
Mem:          3.8G       3.7G       133M       5.7M        24M       3.2G

MemTotal:        4016004 kB
MemFree:          104804 kB
Active:           350368 kB
Mem:          3.8G       3.7G       106M       5.7M        25M       3.3G

MemTotal:        4016004 kB
MemFree:          127384 kB
Active:           350380 kB
Mem:          3.8G       3.7G       124M       5.7M        25M       3.2G

MemTotal:        4016004 kB
MemFree:          107428 kB
Active:           350376 kB
Mem:          3.8G       3.7G       104M       5.7M        25M       3.3G

MemTotal:        4016004 kB
MemFree:          131484 kB
Active:           350428 kB
Mem:          3.8G       3.7G       128M       5.7M        25M       3.2G

MemTotal:        4016004 kB
MemFree:          119892 kB
Active:           350424 kB
Mem:          3.8G       3.7G       116M       5.7M        25M       3.3G

MemTotal:        4016004 kB
MemFree:          109552 kB
Active:           350460 kB
Mem:          3.8G       3.7G       106M       5.7M        25M       3.3G

MemTotal:        4016004 kB
MemFree:          129412 kB
Active:           348584 kB
Mem:          3.8G       3.7G       125M       5.7M        25M       3.2G

MemTotal:        4016004 kB
MemFree:          124492 kB
Active:           348388 kB
Mem:          3.8G       3.7G       121M       5.7M        25M       3.3G

MemTotal:        4016004 kB
MemFree:          107904 kB
Active:           348432 kB
Mem:          3.8G       3.7G       105M       5.7M        25M       3.3G

MemTotal:        4016004 kB
MemFree:          127292 kB
Active:           348412 kB
Mem:          3.8G       3.7G       124M       5.7M        25M       3.2G

MemTotal:        4016004 kB
MemFree:          116732 kB
Active:           348472 kB
Mem:          3.8G       3.7G       114M       5.7M        25M       3.3G

MemTotal:        4016004 kB
MemFree:          108408 kB
Active:           348500 kB
Mem:          3.8G       3.7G       105M       5.7M        25M       3.3G

MemTotal:        4016004 kB
MemFree:          127284 kB
Active:           348532 kB
Mem:          3.8G       3.7G       124M       5.7M        25M       3.2G

MemTotal:        4016004 kB
MemFree:          124504 kB
Active:           348516 kB
Mem:          3.8G       3.7G       121M       5.7M        25M       3.2G

MemTotal:        4016004 kB
MemFree:          115864 kB
Active:           348560 kB
Mem:          3.8G       3.7G       113M       5.7M        25M       3.3G

MemTotal:        4016004 kB
MemFree:          125276 kB
Active:           348548 kB
Mem:          3.8G       3.7G       122M       5.7M        25M       3.2G

MemTotal:        4016004 kB
MemFree:          126148 kB
Active:           348560 kB
Mem:          3.8G       3.7G       122M       5.7M        25M       3.2G

MemTotal:        4016004 kB
MemFree:          109488 kB
Active:           348628 kB
Mem:          3.8G       3.7G       106M       5.7M        25M       3.3G

MemTotal:        4016004 kB
MemFree:          111344 kB
Active:           348648 kB
Mem:          3.8G       3.7G       119M       5.7M        25M       3.3G

MemTotal:        4016004 kB
MemFree:          126032 kB
Active:           348672 kB
Mem:          3.8G       3.7G       122M       5.7M        25M       3.2G

MemTotal:        4016004 kB
MemFree:          108684 kB
Active:           348696 kB
Mem:          3.8G       3.7G       105M       5.7M        25M       3.3G

MemTotal:        4016004 kB
MemFree:          127012 kB
Active:           347828 kB
Mem:          3.8G       3.7G       123M       5.7M        25M       3.2G

MemTotal:        4016004 kB
MemFree:          121640 kB
Active:           347852 kB
Mem:          3.8G       3.7G       118M       5.7M        25M       3.3G

MemTotal:        4016004 kB
MemFree:          110572 kB
Active:           347876 kB
Mem:          3.8G       3.7G       107M       5.7M        25M       3.3G

MemTotal:        4016004 kB
MemFree:          113180 kB
Active:           347900 kB
Mem:          3.8G       3.7G       110M       5.7M        25M       3.3G

MemTotal:        4016004 kB
MemFree:          107164 kB
Active:           347920 kB
Mem:          3.8G       3.7G       104M       5.7M        25M       3.3G

MemTotal:        4016004 kB
MemFree:          133360 kB
Active:           347932 kB
Mem:          3.8G       3.7G       130M       5.7M        25M       3.2G

MemTotal:        4016004 kB
MemFree:          133552 kB
Active:           347944 kB
Mem:          3.8G       3.7G       130M       5.7M        25M       3.2G

MemTotal:        4016004 kB
MemFree:          133896 kB
Active:           347948 kB
Mem:          3.8G       3.7G       130M       5.7M        25M       3.2G

MemTotal:        4016004 kB
MemFree:          116972 kB
Active:           347952 kB
Mem:          3.8G       3.7G       113M       5.7M        25M       3.3G

MemTotal:        4016004 kB
MemFree:          112228 kB
Active:           347980 kB
Mem:          3.8G       3.7G       109M       5.7M        25M       3.3G

MemTotal:        4016004 kB
MemFree:          105064 kB
Active:           348004 kB
Mem:          3.8G       3.7G       102M       5.7M        25M       3.3G

MemTotal:        4016004 kB
MemFree:          127412 kB
Active:           347972 kB
Mem:          3.8G       3.7G       123M       5.7M        25M       3.2G

MemTotal:        4016004 kB
MemFree:          112064 kB
Active:           348024 kB
Mem:          3.8G       3.7G       109M       5.7M        25M       3.3G

MemTotal:        4016004 kB
MemFree:          106140 kB
Active:           348072 kB
Mem:          3.8G       3.7G       103M       5.7M        25M       3.3G

MemTotal:        4016004 kB
MemFree:          130472 kB
Active:           348056 kB
Mem:          3.8G       3.7G       127M       5.7M        25M       3.2G

MemTotal:        4016004 kB
MemFree:          124440 kB
Active:           348120 kB
Mem:          3.8G       3.7G       121M       5.7M        25M       3.2G

MemTotal:        4016004 kB
MemFree:          137084 kB
Active:           348120 kB
Mem:          3.8G       3.7G       133M       5.7M        25M       3.2G

MemTotal:        4016004 kB
MemFree:          131316 kB
Active:           348156 kB
Mem:          3.8G       3.7G       127M       5.7M        25M       3.2G

MemTotal:        4016004 kB
MemFree:          119144 kB
Active:           348144 kB
Mem:          3.8G       3.7G       116M       5.7M        25M       3.3G

MemTotal:        4016004 kB
MemFree:          127280 kB
Active:           348212 kB
Mem:          3.8G       3.7G       123M       5.7M        25M       3.2G

MemTotal:        4016004 kB
MemFree:          123128 kB
Active:           348224 kB
Mem:          3.8G       3.7G       120M       5.7M        25M       3.2G

MemTotal:        4016004 kB
MemFree:          112080 kB
Active:           347200 kB
Mem:          3.8G       3.7G       109M       5.7M        25M       3.3G

MemTotal:        4016004 kB
MemFree:          107540 kB
Active:           347208 kB
Mem:          3.8G       3.7G       104M       5.7M        25M       3.3G

MemTotal:        4016004 kB
MemFree:          117136 kB
Active:           347248 kB
Mem:          3.8G       3.7G       114M       5.7M        25M       3.3G

MemTotal:        4016004 kB
MemFree:          112840 kB
Active:           347216 kB
Mem:          3.8G       3.7G       109M       5.7M        25M       3.3G

MemTotal:        4016004 kB
MemFree:          129580 kB
Active:           346968 kB
Mem:          3.8G       3.7G       126M       5.7M        25M       3.2G

MemTotal:        4016004 kB
MemFree:          129456 kB
Active:           346968 kB
Mem:          3.8G       3.7G       126M       5.7M        25M       3.2G

MemTotal:        4016004 kB
MemFree:          129580 kB
Active:           346932 kB
Mem:          3.8G       3.7G       126M       5.7M        25M       3.2G

MemTotal:        4016004 kB
MemFree:          129208 kB
Active:           346952 kB
Mem:          3.8G       3.7G       126M       5.7M        25M       3.2G

MemTotal:        4016004 kB
MemFree:          129332 kB
Active:           346920 kB
Mem:          3.8G       3.7G       126M       5.7M        25M       3.2G

MemTotal:        4016004 kB
MemFree:          129084 kB
Active:           346976 kB
Mem:          3.8G       3.7G       126M       5.7M        25M       3.2G

MemTotal:        4016004 kB
MemFree:          128960 kB
Active:           346980 kB
Mem:          3.8G       3.7G       125M       5.7M        25M       3.2G

MemTotal:        4016004 kB
MemFree:          128960 kB
Active:           346932 kB
Mem:          3.8G       3.7G       126M       5.7M        25M       3.2G

MemTotal:        4016004 kB
MemFree:          129208 kB
Active:           346972 kB
Mem:          3.8G       3.7G       126M       5.7M        25M       3.2G

MemTotal:        4016004 kB
MemFree:          129084 kB
Active:           346928 kB
Mem:          3.8G       3.7G       126M       5.7M        25M       3.2G

MemTotal:        4016004 kB
MemFree:          128836 kB
Active:           346984 kB
Mem:          3.8G       3.7G       126M       5.7M        25M       3.2G

MemTotal:        4016004 kB
MemFree:          129456 kB
Active:           346968 kB
Mem:          3.8G       3.7G       126M       5.7M        25M       3.2G

MemTotal:        4016004 kB
MemFree:          129332 kB
Active:           346984 kB
Mem:          3.8G       3.7G       126M       5.7M        25M       3.2G

MemTotal:        4016004 kB
MemFree:          129332 kB
Active:           346992 kB
Mem:          3.8G       3.7G       126M       5.7M        25M       3.2G

MemTotal:        4016004 kB
MemFree:          129704 kB
Active:           346936 kB
Mem:          3.8G       3.7G       126M       5.7M        25M       3.2G

MemTotal:        4016004 kB
MemFree:          129952 kB
Active:           346936 kB
Mem:          3.8G       3.7G       126M       5.7M        25M       3.2G

MemTotal:        4016004 kB
MemFree:          129456 kB
Active:           346956 kB
Mem:          3.8G       3.7G       126M       5.7M        25M       3.2G

MemTotal:        4016004 kB
MemFree:          129456 kB
Active:           346956 kB
Mem:          3.8G       3.7G       126M       5.7M        25M       3.2G

MemTotal:        4016004 kB
MemFree:          129456 kB
Active:           346948 kB
Mem:          3.8G       3.7G       126M       5.7M        25M       3.2G

MemTotal:        4016004 kB
MemFree:          129208 kB
Active:           346948 kB
Mem:          3.8G       3.7G       126M       5.7M        25M       3.2G

MemTotal:        4016004 kB
MemFree:          129084 kB
Active:           346940 kB
Mem:          3.8G       3.7G       125M       5.7M        25M       3.2G

MemTotal:        4016004 kB
MemFree:          129100 kB
Active:           346964 kB
Mem:          3.8G       3.7G       126M       5.7M        25M       3.2G

MemTotal:        4016004 kB
MemFree:          128728 kB
Active:           347004 kB
Mem:          3.8G       3.7G       126M       5.7M        25M       3.2G

MemTotal:        4016004 kB
MemFree:          129224 kB
Active:           346956 kB
Mem:          3.8G       3.7G       126M       5.7M        25M       3.2G

MemTotal:        4016004 kB
MemFree:          129348 kB
Active:           346992 kB
Mem:          3.8G       3.7G       126M       5.7M        25M       3.2G

MemTotal:        4016004 kB
MemFree:          129224 kB
Active:           346952 kB
Mem:          3.8G       3.7G       126M       5.7M        25M       3.2G

MemTotal:        4016004 kB
MemFree:          129000 kB
Active:           347008 kB
Mem:          3.8G       3.7G       125M       5.7M        25M       3.2G

MemTotal:        4016004 kB
MemFree:          128784 kB
Active:           347012 kB
Mem:          3.8G       3.7G       126M       5.7M        25M       3.2G

MemTotal:        4016004 kB
MemFree:          129316 kB
Active:           346980 kB
Mem:          3.8G       3.7G       126M       5.7M        25M       3.2G

MemTotal:        4016004 kB
MemFree:          129688 kB
Active:           346960 kB
Mem:          3.8G       3.7G       126M       5.7M        25M       3.2G

MemTotal:        4016004 kB
MemFree:          129440 kB
Active:           347008 kB
Mem:          3.8G       3.7G       126M       5.7M        25M       3.2G

MemTotal:        4016004 kB
MemFree:          129440 kB
Active:           346980 kB
Mem:          3.8G       3.7G       126M       5.7M        25M       3.2G

MemTotal:        4016004 kB
MemFree:          129564 kB
Active:           347012 kB
Mem:          3.8G       3.7G       126M       5.7M        25M       3.2G

MemTotal:        4016004 kB
MemFree:          129440 kB
Active:           346984 kB
Mem:          3.8G       3.7G       126M       5.7M        25M       3.2G

MemTotal:        4016004 kB
MemFree:          129192 kB
Active:           347024 kB
Mem:          3.8G       3.7G       125M       5.7M        25M       3.2G

MemTotal:        4016004 kB
MemFree:          128136 kB
Active:           347688 kB
Mem:          3.8G       3.7G       125M       5.7M        25M       3.2G

MemTotal:        4016004 kB
MemFree:          125928 kB
Active:           349316 kB
Mem:          3.8G       3.7G       123M       5.7M        27M       3.2G

MemTotal:        4016004 kB
MemFree:          126176 kB
Active:           349292 kB
Mem:          3.8G       3.7G       123M       5.7M        27M       3.2G

MemTotal:        4016004 kB
MemFree:          126176 kB
Active:           349268 kB
Mem:          3.8G       3.7G       123M       5.7M        27M       3.2G

MemTotal:        4016004 kB
MemFree:          126176 kB
Active:           349304 kB
Mem:          3.8G       3.7G       123M       5.7M        27M       3.2G

MemTotal:        4016004 kB
MemFree:          126424 kB
Active:           349272 kB
Mem:          3.8G       3.7G       123M       5.7M        27M       3.2G

MemTotal:        4016004 kB
MemFree:          126300 kB
Active:           349308 kB
Mem:          3.8G       3.7G       123M       5.7M        27M       3.2G

MemTotal:        4016004 kB
MemFree:          126672 kB
Active:           349304 kB
Mem:          3.8G       3.7G       123M       5.7M        27M       3.2G

MemTotal:        4016004 kB
MemFree:          126920 kB
Active:           349276 kB
Mem:          3.8G       3.7G       123M       5.7M        27M       3.2G

MemTotal:        4016004 kB
MemFree:          126920 kB
Active:           349324 kB
Mem:          3.8G       3.7G       123M       5.7M        27M       3.2G

MemTotal:        4016004 kB
MemFree:          126920 kB
Active:           349300 kB
Mem:          3.8G       3.7G       123M       5.7M        27M       3.2G

MemTotal:        4016004 kB
MemFree:          127044 kB
Active:           349324 kB
Mem:          3.8G       3.7G       124M       5.7M        27M       3.2G

MemTotal:        4016004 kB
MemFree:          126672 kB
Active:           349292 kB
Mem:          3.8G       3.7G       123M       5.7M        27M       3.2G

MemTotal:        4016004 kB
MemFree:          126424 kB
Active:           349320 kB
Mem:          3.8G       3.7G       123M       5.7M        27M       3.2G

MemTotal:        4016004 kB
MemFree:          126548 kB
Active:           349332 kB
Mem:          3.8G       3.7G       123M       5.7M        27M       3.2G

MemTotal:        4016004 kB
MemFree:          126332 kB
Active:           349344 kB
Mem:          3.8G       3.7G       123M       5.7M        27M       3.2G

MemTotal:        4016004 kB
MemFree:          126828 kB
Active:           349308 kB
Mem:          3.8G       3.7G       123M       5.7M        27M       3.2G

MemTotal:        4016004 kB
MemFree:          126704 kB
Active:           349332 kB
Mem:          3.8G       3.7G       123M       5.7M        27M       3.2G

MemTotal:        4016004 kB
MemFree:          126704 kB
Active:           349304 kB
Mem:          3.8G       3.7G       123M       5.7M        27M       3.2G

MemTotal:        4016004 kB
MemFree:          126208 kB
Active:           349360 kB
Mem:          3.8G       3.7G       123M       5.7M        27M       3.2G

MemTotal:        4016004 kB
MemFree:          126332 kB
Active:           349308 kB
Mem:          3.8G       3.7G       123M       5.7M        27M       3.2G

MemTotal:        4016004 kB
MemFree:          126456 kB
Active:           349344 kB
Mem:          3.8G       3.7G       123M       5.7M        27M       3.2G

MemTotal:        4016004 kB
MemFree:          126084 kB
Active:           349364 kB
Mem:          3.8G       3.7G       123M       5.7M        27M       3.2G

MemTotal:        4016004 kB
MemFree:          126084 kB
Active:           349364 kB
Mem:          3.8G       3.7G       123M       5.7M        27M       3.2G

MemTotal:        4016004 kB
MemFree:          126456 kB
Active:           349360 kB
Mem:          3.8G       3.7G       123M       5.7M        27M       3.2G

MemTotal:        4016004 kB
MemFree:          126456 kB
Active:           349320 kB
Mem:          3.8G       3.7G       123M       5.7M        27M       3.2G

MemTotal:        4016004 kB
MemFree:          126332 kB
Active:           349360 kB
Mem:          3.8G       3.7G       123M       5.7M        27M       3.2G

MemTotal:        4016004 kB
MemFree:          126332 kB
Active:           349340 kB
Mem:          3.8G       3.7G       123M       5.7M        28M       3.2G

MemTotal:        4016004 kB
MemFree:          126332 kB
Active:           349336 kB
Mem:          3.8G       3.7G       123M       5.7M        28M       3.2G

MemTotal:        4016004 kB
MemFree:          126596 kB
Active:           349364 kB
Mem:          3.8G       3.7G       123M       5.7M        28M       3.2G

MemTotal:        4016004 kB
MemFree:          126224 kB
Active:           349340 kB
Mem:          3.8G       3.7G       122M       5.7M        28M       3.2G

MemTotal:        4016004 kB
MemFree:          126224 kB
Active:           349376 kB
Mem:          3.8G       3.7G       123M       5.7M        28M       3.2G

MemTotal:        4016004 kB
MemFree:          126720 kB
Active:           349320 kB
Mem:          3.8G       3.7G       123M       5.7M        28M       3.2G

MemTotal:        4016004 kB
MemFree:          126472 kB
Active:           349408 kB
Mem:          3.8G       3.7G       123M       5.7M        28M       3.2G

MemTotal:        4016004 kB
MemFree:          126596 kB
Active:           349384 kB
Mem:          3.8G       3.7G       123M       5.7M        28M       3.2G

MemTotal:        4016004 kB
MemFree:          126720 kB
Active:           349376 kB
Mem:          3.8G       3.7G       123M       5.7M        28M       3.2G

MemTotal:        4016004 kB
MemFree:          126472 kB
Active:           349416 kB
Mem:          3.8G       3.7G       123M       5.7M        28M       3.2G

MemTotal:        4016004 kB
MemFree:          126068 kB
Active:           349484 kB
Mem:          3.8G       3.7G       123M       5.7M        28M       3.2G

MemTotal:        4016004 kB
MemFree:          126564 kB
Active:           349468 kB
Mem:          3.8G       3.7G       123M       5.7M        28M       3.2G

MemTotal:        4016004 kB
MemFree:          126316 kB
Active:           349444 kB
Mem:          3.8G       3.7G       123M       5.7M        28M       3.2G

MemTotal:        4016004 kB
MemFree:          126936 kB
Active:           349440 kB
Mem:          3.8G       3.7G       123M       5.7M        28M       3.2G

MemTotal:        4016004 kB
MemFree:          126688 kB
Active:           349472 kB
Mem:          3.8G       3.7G       123M       5.7M        28M       3.2G

MemTotal:        4016004 kB
MemFree:          126688 kB
Active:           349444 kB
Mem:          3.8G       3.7G       123M       5.7M        28M       3.2G

MemTotal:        4016004 kB
MemFree:          126688 kB
Active:           349436 kB
Mem:          3.8G       3.7G       123M       5.7M        28M       3.2G

MemTotal:        4016004 kB
MemFree:          126440 kB
Active:           349496 kB
Mem:          3.8G       3.7G       123M       5.7M        28M       3.2G

MemTotal:        4016004 kB
MemFree:          126564 kB
Active:           349460 kB
Mem:          3.8G       3.7G       123M       5.7M        28M       3.2G

MemTotal:        4016004 kB
MemFree:          126068 kB
Active:           349500 kB
Mem:          3.8G       3.7G       123M       5.7M        28M       3.2G

MemTotal:        4016004 kB
MemFree:          126316 kB
Active:           349476 kB
Mem:          3.8G       3.7G       123M       5.7M        28M       3.2G

MemTotal:        4016004 kB
MemFree:          126688 kB
Active:           349456 kB
Mem:          3.8G       3.7G       123M       5.7M        28M       3.2G

MemTotal:        4016004 kB
MemFree:          126812 kB
Active:           349476 kB
Mem:          3.8G       3.7G       123M       5.7M        28M       3.2G

MemTotal:        4016004 kB
MemFree:          126316 kB
Active:           349508 kB
Mem:          3.8G       3.7G       123M       5.7M        28M       3.2G

MemTotal:        4016004 kB
MemFree:          126316 kB
Active:           349464 kB
Mem:          3.8G       3.7G       123M       5.7M        28M       3.2G

MemTotal:        4016004 kB
MemFree:          126316 kB
Active:           349484 kB
Mem:          3.8G       3.7G       123M       5.7M        28M       3.2G

MemTotal:        4016004 kB
MemFree:          125960 kB
Active:           349500 kB
Mem:          3.8G       3.7G       123M       5.7M        28M       3.2G

MemTotal:        4016004 kB
MemFree:          125712 kB
Active:           349500 kB
Mem:          3.8G       3.7G       122M       5.7M        28M       3.2G

MemTotal:        4016004 kB
MemFree:          125836 kB
Active:           349492 kB
Mem:          3.8G       3.7G       122M       5.7M        28M       3.2G

MemTotal:        4016004 kB
MemFree:          126316 kB
Active:           349508 kB
Mem:          3.8G       3.7G       123M       5.7M        28M       3.2G

MemTotal:        4016004 kB
MemFree:          125820 kB
Active:           349508 kB
Mem:          3.8G       3.7G       123M       5.7M        28M       3.2G

MemTotal:        4016004 kB
MemFree:          126316 kB
Active:           349504 kB
Mem:          3.8G       3.7G       123M       5.7M        28M       3.2G

MemTotal:        4016004 kB
MemFree:          126192 kB
Active:           349460 kB
Mem:          3.8G       3.7G       123M       5.7M        28M       3.2G

MemTotal:        4016004 kB
MemFree:          126316 kB
Active:           349496 kB
Mem:          3.8G       3.7G       123M       5.7M        28M       3.2G

MemTotal:        4016004 kB
MemFree:          126316 kB
Active:           349516 kB
Mem:          3.8G       3.7G       123M       5.7M        28M       3.2G

MemTotal:        4016004 kB
MemFree:          126316 kB
Active:           349508 kB
Mem:          3.8G       3.7G       123M       5.7M        28M       3.2G

MemTotal:        4016004 kB
MemFree:          126440 kB
Active:           349484 kB
Mem:          3.8G       3.7G       123M       5.7M        28M       3.2G

MemTotal:        4016004 kB
MemFree:          126564 kB
Active:           349516 kB
Mem:          3.8G       3.7G       123M       5.7M        28M       3.2G

MemTotal:        4016004 kB
MemFree:          126688 kB
Active:           349488 kB
Mem:          3.8G       3.7G       123M       5.7M        28M       3.2G

MemTotal:        4016004 kB
MemFree:          126548 kB
Active:           349508 kB
Mem:          3.8G       3.7G       123M       5.7M        28M       3.2G

MemTotal:        4016004 kB
MemFree:          126176 kB
Active:           349536 kB
Mem:          3.8G       3.7G       123M       5.7M        28M       3.2G

MemTotal:        4016004 kB
MemFree:          126424 kB
Active:           349528 kB
Mem:          3.8G       3.7G       123M       5.7M        28M       3.2G

MemTotal:        4016004 kB
MemFree:          126300 kB
Active:           349496 kB
Mem:          3.8G       3.7G       123M       5.7M        28M       3.2G

MemTotal:        4016004 kB
MemFree:          126548 kB
Active:           349516 kB
Mem:          3.8G       3.7G       123M       5.7M        28M       3.2G

MemTotal:        4016004 kB
MemFree:          126176 kB
Active:           349544 kB
Mem:          3.8G       3.7G       123M       5.7M        28M       3.2G

MemTotal:        4016004 kB
MemFree:          125804 kB
Active:           349544 kB
Mem:          3.8G       3.7G       123M       5.7M        28M       3.2G

MemTotal:        4016004 kB
MemFree:          126176 kB
Active:           349500 kB
Mem:          3.8G       3.7G       123M       5.7M        28M       3.2G

MemTotal:        4016004 kB
MemFree:          126176 kB
Active:           349520 kB
Mem:          3.8G       3.7G       123M       5.7M        28M       3.2G

MemTotal:        4016004 kB
MemFree:          126300 kB
Active:           349552 kB
Mem:          3.8G       3.7G       123M       5.7M        28M       3.2G

MemTotal:        4016004 kB
MemFree:          126300 kB
Active:           349516 kB
Mem:          3.8G       3.7G       123M       5.7M        28M       3.2G

MemTotal:        4016004 kB
MemFree:          126424 kB
Active:           349500 kB
Mem:          3.8G       3.7G       123M       5.7M        28M       3.2G

MemTotal:        4016004 kB
MemFree:          126672 kB
Active:           349544 kB
Mem:          3.8G       3.7G       123M       5.7M        28M       3.2G

MemTotal:        4016004 kB
MemFree:          126796 kB
Active:           349528 kB
Mem:          3.8G       3.7G       123M       5.7M        28M       3.2G

MemTotal:        4016004 kB
MemFree:          126796 kB
Active:           349508 kB
Mem:          3.8G       3.7G       123M       5.7M        28M       3.2G

MemTotal:        4016004 kB
MemFree:          126796 kB
Active:           349536 kB
Mem:          3.8G       3.7G       123M       5.7M        28M       3.2G

MemTotal:        4016004 kB
MemFree:          126672 kB
Active:           349528 kB
Mem:          3.8G       3.7G       123M       5.7M        28M       3.2G

MemTotal:        4016004 kB
MemFree:          126920 kB
Active:           349492 kB
Mem:          3.8G       3.7G       123M       5.7M        28M       3.2G

MemTotal:        4016004 kB
MemFree:          126920 kB
Active:           349524 kB
Mem:          3.8G       3.7G       123M       5.7M        28M       3.2G

MemTotal:        4016004 kB
MemFree:          126672 kB
Active:           349564 kB
Mem:          3.8G       3.7G       123M       5.7M        28M       3.2G

MemTotal:        4016004 kB
MemFree:          126672 kB
Active:           349512 kB
Mem:          3.8G       3.7G       123M       5.7M        28M       3.2G

MemTotal:        4016004 kB
MemFree:          126548 kB
Active:           349536 kB
Mem:          3.8G       3.7G       123M       5.7M        28M       3.2G

MemTotal:        4016004 kB
MemFree:          125928 kB
Active:           349572 kB
Mem:          3.8G       3.7G       122M       5.7M        28M       3.2G

MemTotal:        4016004 kB
MemFree:          125804 kB
Active:           349528 kB
Mem:          3.8G       3.7G       123M       5.7M        28M       3.2G

MemTotal:        4016004 kB
MemFree:          126424 kB
Active:           349556 kB
Mem:          3.8G       3.7G       123M       5.7M        28M       3.2G

MemTotal:        4016004 kB
MemFree:          126424 kB
Active:           349528 kB
Mem:          3.8G       3.7G       123M       5.7M        28M       3.2G

MemTotal:        4016004 kB
MemFree:          126052 kB
Active:           349532 kB
Mem:          3.8G       3.7G       123M       5.7M        28M       3.2G

MemTotal:        4016004 kB
MemFree:          126052 kB
Active:           349560 kB
Mem:          3.8G       3.7G       123M       5.7M        28M       3.2G

MemTotal:        4016004 kB
MemFree:          126176 kB
Active:           349556 kB
Mem:          3.8G       3.7G       123M       5.7M        28M       3.2G

MemTotal:        4016004 kB
MemFree:          125804 kB
Active:           349584 kB
Mem:          3.8G       3.7G       122M       5.7M        28M       3.2G

MemTotal:        4016004 kB
MemFree:          126052 kB
Active:           349528 kB
Mem:          3.8G       3.7G       123M       5.7M        28M       3.2G

MemTotal:        4016004 kB
MemFree:          126300 kB
Active:           349548 kB
Mem:          3.8G       3.7G       123M       5.7M        28M       3.2G

MemTotal:        4016004 kB
MemFree:          125680 kB
Active:           349584 kB
Mem:          3.8G       3.7G       122M       5.7M        28M       3.2G

MemTotal:        4016004 kB
MemFree:          125804 kB
Active:           349592 kB
Mem:          3.8G       3.7G       123M       5.7M        28M       3.2G

MemTotal:        4016004 kB
MemFree:          126300 kB
Active:           349556 kB
Mem:          3.8G       3.7G       123M       5.7M        28M       3.2G

MemTotal:        4016004 kB
MemFree:          126176 kB
Active:           349568 kB
Mem:          3.8G       3.7G       123M       5.7M        28M       3.2G

MemTotal:        4016004 kB
MemFree:          126176 kB
Active:           349588 kB
Mem:          3.8G       3.7G       123M       5.7M        28M       3.2G

MemTotal:        4016004 kB
MemFree:          126176 kB
Active:           349592 kB
Mem:          3.8G       3.7G       122M       5.7M        28M       3.2G

MemTotal:        4016004 kB
MemFree:          126176 kB
Active:           349596 kB
Mem:          3.8G       3.7G       122M       5.7M        28M       3.2G

MemTotal:        4016004 kB
MemFree:          125804 kB
Active:           349608 kB
Mem:          3.8G       3.7G       123M       5.7M        28M       3.2G

MemTotal:        4016004 kB
MemFree:          126176 kB
Active:           349552 kB
Mem:          3.8G       3.7G       122M       5.7M        28M       3.2G

MemTotal:        4016004 kB
MemFree:          125680 kB
Active:           349608 kB
Mem:          3.8G       3.7G       122M       5.7M        28M       3.2G

MemTotal:        4016004 kB
MemFree:          125928 kB
Active:           349568 kB
Mem:          3.8G       3.7G       123M       5.7M        28M       3.2G

MemTotal:        4016004 kB
MemFree:          126052 kB
Active:           349564 kB
Mem:          3.8G       3.7G       123M       5.7M        28M       3.2G

MemTotal:        4016004 kB
MemFree:          125928 kB
Active:           349584 kB
Mem:          3.8G       3.7G       122M       5.7M        28M       3.2G

MemTotal:        4016004 kB
MemFree:          125928 kB
Active:           349608 kB
Mem:          3.8G       3.7G       122M       5.7M        28M       3.2G

MemTotal:        4016004 kB
MemFree:          125928 kB
Active:           349592 kB
Mem:          3.8G       3.7G       123M       5.7M        28M       3.2G

MemTotal:        4016004 kB
MemFree:          126052 kB
Active:           349592 kB
Mem:          3.8G       3.7G       122M       5.7M        28M       3.2G

MemTotal:        4016004 kB
MemFree:          125928 kB
Active:           349580 kB
Mem:          3.8G       3.7G       123M       5.7M        28M       3.2G

MemTotal:        4016004 kB
MemFree:          125928 kB
Active:           349612 kB
Mem:          3.8G       3.7G       123M       5.7M        28M       3.2G

MemTotal:        4016004 kB
MemFree:          126176 kB
Active:           349584 kB
Mem:          3.8G       3.7G       123M       5.7M        28M       3.2G

MemTotal:        4016004 kB
MemFree:          126300 kB
Active:           349612 kB
Mem:          3.8G       3.7G       123M       5.7M        28M       3.2G

MemTotal:        4016004 kB
MemFree:          126300 kB
Active:           349584 kB
Mem:          3.8G       3.7G       123M       5.7M        28M       3.2G

MemTotal:        4016004 kB
MemFree:          126300 kB
Active:           349600 kB
Mem:          3.8G       3.7G       123M       5.7M        28M       3.2G

MemTotal:        4016004 kB
MemFree:          126176 kB
Active:           349628 kB
Mem:          3.8G       3.7G       123M       5.7M        28M       3.2G

MemTotal:        4016004 kB
MemFree:          126300 kB
Active:           349600 kB
Mem:          3.8G       3.7G       123M       5.7M        28M       3.2G

MemTotal:        4016004 kB
MemFree:          125804 kB
Active:           349632 kB
Mem:          3.8G       3.7G       122M       5.7M        28M       3.2G

MemTotal:        4016004 kB
MemFree:          125680 kB
Active:           349632 kB
Mem:          3.8G       3.7G       122M       5.7M        28M       3.2G

MemTotal:        4016004 kB
MemFree:          125804 kB
Active:           349592 kB
Mem:          3.8G       3.7G       122M       5.7M        28M       3.2G

MemTotal:        4016004 kB
MemFree:          126052 kB
Active:           349600 kB
Mem:          3.8G       3.7G       122M       5.7M        28M       3.2G

MemTotal:        4016004 kB
MemFree:          125556 kB
Active:           349648 kB
Mem:          3.8G       3.7G       122M       5.7M        28M       3.2G

MemTotal:        4016004 kB
MemFree:          125804 kB
Active:           349600 kB
Mem:          3.8G       3.7G       122M       5.7M        28M       3.2G

MemTotal:        4016004 kB
MemFree:          125680 kB
Active:           349628 kB
Mem:          3.8G       3.7G       122M       5.7M        28M       3.2G

MemTotal:        4016004 kB
MemFree:          125804 kB
Active:           349592 kB
Mem:          3.8G       3.7G       122M       5.7M        28M       3.2G

MemTotal:        4016004 kB
MemFree:          125680 kB
Active:           349648 kB
Mem:          3.8G       3.7G       122M       5.7M        28M       3.2G

MemTotal:        4016004 kB
MemFree:          126052 kB
Active:           349604 kB
Mem:          3.8G       3.7G       122M       5.7M        28M       3.2G

MemTotal:        4016004 kB
MemFree:          126300 kB
Active:           349624 kB
Mem:          3.8G       3.7G       123M       5.7M        28M       3.2G

MemTotal:        4016004 kB
MemFree:          126424 kB
Active:           349600 kB
Mem:          3.8G       3.7G       123M       5.7M        28M       3.2G

MemTotal:        4016004 kB
MemFree:          125928 kB
Active:           349660 kB
Mem:          3.8G       3.7G       123M       5.7M        28M       3.2G

MemTotal:        4016004 kB
MemFree:          126052 kB
Active:           349628 kB
Mem:          3.8G       3.7G       123M       5.7M        28M       3.2G

MemTotal:        4016004 kB
MemFree:          125556 kB
Active:           349660 kB
Mem:          3.8G       3.7G       122M       5.7M        28M       3.2G

MemTotal:        4016004 kB
MemFree:          125928 kB
Active:           349644 kB
Mem:          3.8G       3.7G       123M       5.7M        28M       3.2G

MemTotal:        4016004 kB
MemFree:          126052 kB
Active:           349660 kB
Mem:          3.8G       3.7G       122M       5.7M        28M       3.2G

MemTotal:        4016004 kB
MemFree:          126052 kB
Active:           349648 kB
Mem:          3.8G       3.7G       123M       5.7M        28M       3.2G

MemTotal:        4016004 kB
MemFree:          126052 kB
Active:           349624 kB
Mem:          3.8G       3.7G       122M       5.7M        28M       3.2G

MemTotal:        4016004 kB
MemFree:          126424 kB
Active:           349668 kB
Mem:          3.8G       3.7G       123M       5.7M        28M       3.2G

MemTotal:        4016004 kB
MemFree:          126300 kB
Active:           349648 kB
Mem:          3.8G       3.7G       123M       5.7M        28M       3.2G

MemTotal:        4016004 kB
MemFree:          125928 kB
Active:           349672 kB
Mem:          3.8G       3.7G       123M       5.7M        28M       3.2G

MemTotal:        4016004 kB
MemFree:          126052 kB
Active:           349624 kB
Mem:          3.8G       3.7G       122M       5.7M        28M       3.2G

MemTotal:        4016004 kB
MemFree:          126176 kB
Active:           349676 kB
Mem:          3.8G       3.7G       123M       5.7M        28M       3.2G

MemTotal:        4016004 kB
MemFree:          126176 kB
Active:           349648 kB
Mem:          3.8G       3.7G       123M       5.7M        28M       3.2G

MemTotal:        4016004 kB
MemFree:          126300 kB
Active:           349672 kB
Mem:          3.8G       3.7G       123M       5.7M        28M       3.2G

MemTotal:        4016004 kB
MemFree:          126176 kB
Active:           349672 kB
Mem:          3.8G       3.7G       123M       5.7M        28M       3.2G

MemTotal:        4016004 kB
MemFree:          126424 kB
Active:           349660 kB
Mem:          3.8G       3.7G       123M       5.7M        28M       3.2G

MemTotal:        4016004 kB
MemFree:          126300 kB
Active:           349636 kB
Mem:          3.8G       3.7G       123M       5.7M        28M       3.2G

MemTotal:        4016004 kB
MemFree:          125928 kB
Active:           349680 kB
Mem:          3.8G       3.7G       123M       5.7M        28M       3.2G

MemTotal:        4016004 kB
MemFree:          126052 kB
Active:           349624 kB
Mem:          3.8G       3.7G       122M       5.7M        28M       3.2G

MemTotal:        4016004 kB
MemFree:          125432 kB
Active:           349684 kB
Mem:          3.8G       3.7G       122M       5.7M        28M       3.2G

MemTotal:        4016004 kB
MemFree:          125928 kB
Active:           349672 kB
Mem:          3.8G       3.7G       123M       5.7M        28M       3.2G

MemTotal:        4016004 kB
MemFree:          125928 kB
Active:           349652 kB
Mem:          3.8G       3.7G       122M       5.7M        28M       3.2G

MemTotal:        4016004 kB
MemFree:          125928 kB
Active:           349628 kB
Mem:          3.8G       3.7G       122M       5.7M        28M       3.2G

MemTotal:        4016004 kB
MemFree:          125432 kB
Active:           349684 kB
Mem:          3.8G       3.7G       122M       5.7M        28M       3.2G

MemTotal:        4016004 kB
MemFree:          125556 kB
Active:           349684 kB
Mem:          3.8G       3.7G       122M       5.7M        28M       3.2G

MemTotal:        4016004 kB
MemFree:          125680 kB
Active:           349668 kB
Mem:          3.8G       3.7G       122M       5.7M        28M       3.2G

MemTotal:        4016004 kB
MemFree:          125804 kB
Active:           349644 kB
Mem:          3.8G       3.7G       122M       5.7M        28M       3.2G

MemTotal:        4016004 kB
MemFree:          125432 kB
Active:           349700 kB
Mem:          3.8G       3.7G       122M       5.7M        28M       3.2G

MemTotal:        4016004 kB
MemFree:          125680 kB
Active:           349676 kB
Mem:          3.8G       3.7G       122M       5.7M        28M       3.2G

MemTotal:        4016004 kB
MemFree:          125680 kB
Active:           349652 kB
Mem:          3.8G       3.7G       122M       5.7M        28M       3.2G

MemTotal:        4016004 kB
MemFree:          126176 kB
Active:           349688 kB
Mem:          3.8G       3.7G       123M       5.7M        28M       3.2G

MemTotal:        4016004 kB
MemFree:          125680 kB
Active:           349716 kB
Mem:          3.8G       3.7G       122M       5.7M        28M       3.2G

MemTotal:        4016004 kB
MemFree:          125680 kB
Active:           349708 kB
Mem:          3.8G       3.7G       122M       5.7M        28M       3.2G

MemTotal:        4016004 kB
MemFree:          125308 kB
Active:           349720 kB
Mem:          3.8G       3.7G       122M       5.7M        28M       3.2G

MemTotal:        4016004 kB
MemFree:          125556 kB
Active:           349664 kB
Mem:          3.8G       3.7G       122M       5.7M        28M       3.2G

MemTotal:        4016004 kB
MemFree:          125680 kB
Active:           349712 kB
Mem:          3.8G       3.7G       122M       5.7M        28M       3.2G

MemTotal:        4016004 kB
MemFree:          125680 kB
Active:           349692 kB
Mem:          3.8G       3.7G       122M       5.7M        28M       3.2G

MemTotal:        4016004 kB
MemFree:          125308 kB
Active:           349720 kB
Mem:          3.8G       3.7G       122M       5.7M        28M       3.2G

MemTotal:        4016004 kB
MemFree:          125680 kB
Active:           349688 kB
Mem:          3.8G       3.7G       122M       5.7M        28M       3.2G

MemTotal:        4016004 kB
MemFree:          125804 kB
Active:           349720 kB
Mem:          3.8G       3.7G       122M       5.7M        28M       3.2G

MemTotal:        4016004 kB
MemFree:          125556 kB
Active:           349728 kB
Mem:          3.8G       3.7G       122M       5.7M        28M       3.2G

MemTotal:        4016004 kB
MemFree:          125804 kB
Active:           349728 kB
Mem:          3.8G       3.7G       123M       5.7M        28M       3.2G

MemTotal:        4016004 kB
MemFree:          126052 kB
Active:           349728 kB
Mem:          3.8G       3.7G       123M       5.7M        28M       3.2G

MemTotal:        4016004 kB
MemFree:          125928 kB
Active:           349712 kB
Mem:          3.8G       3.7G       123M       5.7M        28M       3.2G

MemTotal:        4016004 kB
MemFree:          125804 kB
Active:           349680 kB
Mem:          3.8G       3.7G       122M       5.7M        28M       3.2G

MemTotal:        4016004 kB
MemFree:          125556 kB
Active:           349740 kB
Mem:          3.8G       3.7G       122M       5.7M        28M       3.2G

MemTotal:        4016004 kB
MemFree:          125928 kB
Active:           349708 kB
Mem:          3.8G       3.7G       123M       5.7M        28M       3.2G

MemTotal:        4016004 kB
MemFree:          126052 kB
Active:           349732 kB
Mem:          3.8G       3.7G       123M       5.7M        28M       3.2G

MemTotal:        4016004 kB
MemFree:          126300 kB
Active:           349700 kB
Mem:          3.8G       3.7G       123M       5.7M        28M       3.2G

MemTotal:        4016004 kB
MemFree:          125928 kB
Active:           349704 kB
Mem:          3.8G       3.7G       122M       5.7M        28M       3.2G

MemTotal:        4016004 kB
MemFree:          125928 kB
Active:           349736 kB
Mem:          3.8G       3.7G       123M       5.7M        28M       3.2G

MemTotal:        4016004 kB
MemFree:          126052 kB
Active:           349708 kB
