MemTotal:        4016004 kB
MemFree:         3237340 kB
Active:           424508 kB
Mem:          3.8G       760M       3.1G       5.7M        52M       322M

MemTotal:        4016004 kB
MemFree:         3236936 kB
Active:           424792 kB
Mem:          3.8G       760M       3.1G       5.7M        52M       322M

MemTotal:        4016004 kB
MemFree:         3236656 kB
Active:           424912 kB
Mem:          3.8G       761M       3.1G       5.7M        52M       322M

MemTotal:        4016004 kB
MemFree:         3236532 kB
Active:           424932 kB
Mem:          3.8G       761M       3.1G       5.7M        52M       322M

MemTotal:        4016004 kB
MemFree:         3236284 kB
Active:           424940 kB
Mem:          3.8G       761M       3.1G       5.7M        52M       322M

MemTotal:        4016004 kB
MemFree:         3236408 kB
Active:           424940 kB
Mem:          3.8G       761M       3.1G       5.7M        52M       322M

MemTotal:        4016004 kB
MemFree:         3236392 kB
Active:           424892 kB
Mem:          3.8G       761M       3.1G       5.7M        52M       322M

MemTotal:        4016004 kB
MemFree:         3236872 kB
Active:           424896 kB
Mem:          3.8G       760M       3.1G       5.7M        52M       322M

MemTotal:        4016004 kB
MemFree:         3236748 kB
Active:           424912 kB
Mem:          3.8G       760M       3.1G       5.7M        52M       322M

MemTotal:        4016004 kB
MemFree:         3236236 kB
Active:           424956 kB
Mem:          3.8G       761M       3.1G       5.7M        52M       322M

MemTotal:        4016004 kB
MemFree:         3236592 kB
Active:           424944 kB
Mem:          3.8G       761M       3.1G       5.7M        52M       322M

MemTotal:        4016004 kB
MemFree:         3236700 kB
Active:           424900 kB
Mem:          3.8G       761M       3.1G       5.7M        52M       322M

MemTotal:        4016004 kB
MemFree:         3236700 kB
Active:           424932 kB
Mem:          3.8G       761M       3.1G       5.7M        52M       322M

MemTotal:        4016004 kB
MemFree:         3236204 kB
Active:           424920 kB
Mem:          3.8G       761M       3.1G       5.7M        52M       322M

MemTotal:        4016004 kB
MemFree:         3236236 kB
Active:           424904 kB
Mem:          3.8G       761M       3.1G       5.7M        52M       322M

MemTotal:        4016004 kB
MemFree:         3236236 kB
Active:           424912 kB
Mem:          3.8G       761M       3.1G       5.7M        52M       322M

MemTotal:        4016004 kB
MemFree:         3236484 kB
Active:           424956 kB
Mem:          3.8G       761M       3.1G       5.7M        52M       322M

MemTotal:        4016004 kB
MemFree:         3235988 kB
Active:           424960 kB
Mem:          3.8G       761M       3.1G       5.7M        52M       322M

MemTotal:        4016004 kB
MemFree:         3235988 kB
Active:           424924 kB
Mem:          3.8G       761M       3.1G       5.7M        52M       322M

MemTotal:        4016004 kB
MemFree:         3236236 kB
Active:           424924 kB
Mem:          3.8G       761M       3.1G       5.7M        52M       322M

MemTotal:        4016004 kB
MemFree:         3236236 kB
Active:           424920 kB
Mem:          3.8G       761M       3.1G       5.7M        52M       322M

MemTotal:        4016004 kB
MemFree:         3236360 kB
Active:           424928 kB
Mem:          3.8G       761M       3.1G       5.7M        52M       322M

MemTotal:        4016004 kB
MemFree:         3236856 kB
Active:           424952 kB
Mem:          3.8G       761M       3.1G       5.7M        52M       322M

MemTotal:        4016004 kB
MemFree:         3236732 kB
Active:           424964 kB
Mem:          3.8G       761M       3.1G       5.7M        52M       322M

MemTotal:        4016004 kB
MemFree:         3234064 kB
Active:           424972 kB
Mem:          3.8G       763M       3.1G       5.7M        52M       322M

MemTotal:        4016004 kB
MemFree:         3233816 kB
Active:           426996 kB
Mem:          3.8G       763M       3.1G       5.7M        52M       322M

MemTotal:        4016004 kB
MemFree:         3234188 kB
Active:           426976 kB
Mem:          3.8G       763M       3.1G       5.7M        52M       322M

MemTotal:        4016004 kB
MemFree:         3233816 kB
Active:           426996 kB
Mem:          3.8G       763M       3.1G       5.7M        52M       322M

MemTotal:        4016004 kB
MemFree:         3233800 kB
Active:           427000 kB
Mem:          3.8G       763M       3.1G       5.7M        52M       322M

MemTotal:        4016004 kB
MemFree:         3234388 kB
Active:           426956 kB
Mem:          3.8G       763M       3.1G       5.7M        52M       322M

MemTotal:        4016004 kB
MemFree:         3233752 kB
Active:           427000 kB
Mem:          3.8G       763M       3.1G       5.7M        52M       322M

MemTotal:        4016004 kB
MemFree:         3234124 kB
Active:           426952 kB
Mem:          3.8G       763M       3.1G       5.7M        52M       322M

MemTotal:        4016004 kB
MemFree:         3234620 kB
Active:           427004 kB
Mem:          3.8G       763M       3.1G       5.7M        52M       322M

MemTotal:        4016004 kB
MemFree:         3234480 kB
Active:           426956 kB
Mem:          3.8G       763M       3.1G       5.7M        52M       322M

MemTotal:        4016004 kB
MemFree:         3234480 kB
Active:           427000 kB
Mem:          3.8G       763M       3.1G       5.7M        52M       322M

MemTotal:        4016004 kB
MemFree:         3234604 kB
Active:           426996 kB
Mem:          3.8G       763M       3.1G       5.7M        52M       322M

MemTotal:        4016004 kB
MemFree:         3234604 kB
Active:           426984 kB
Mem:          3.8G       763M       3.1G       5.7M        52M       322M

MemTotal:        4016004 kB
MemFree:         3234076 kB
Active:           426996 kB
Mem:          3.8G       763M       3.1G       5.7M        52M       322M

MemTotal:        4016004 kB
MemFree:         3233968 kB
Active:           427020 kB
Mem:          3.8G       763M       3.1G       5.7M        52M       322M

MemTotal:        4016004 kB
MemFree:         3233968 kB
Active:           426992 kB
Mem:          3.8G       763M       3.1G       5.7M        52M       322M

MemTotal:        4016004 kB
MemFree:         3234076 kB
Active:           427008 kB
Mem:          3.8G       763M       3.1G       5.7M        52M       322M

MemTotal:        4016004 kB
MemFree:         3234556 kB
Active:           426984 kB
Mem:          3.8G       762M       3.1G       5.7M        52M       322M

MemTotal:        4016004 kB
MemFree:         3234540 kB
Active:           427008 kB
Mem:          3.8G       763M       3.1G       5.7M        52M       322M

MemTotal:        4016004 kB
MemFree:         3234168 kB
Active:           427036 kB
Mem:          3.8G       763M       3.1G       5.7M        52M       322M

MemTotal:        4016004 kB
MemFree:         3234168 kB
Active:           427036 kB
Mem:          3.8G       763M       3.1G       5.7M        52M       322M

MemTotal:        4016004 kB
MemFree:         3234292 kB
Active:           427028 kB
Mem:          3.8G       763M       3.1G       5.7M        52M       322M

MemTotal:        4016004 kB
MemFree:         3234540 kB
Active:           426988 kB
Mem:          3.8G       763M       3.1G       5.7M        52M       322M

MemTotal:        4016004 kB
MemFree:         3233920 kB
Active:           427032 kB
Mem:          3.8G       763M       3.1G       5.7M        52M       322M

MemTotal:        4016004 kB
MemFree:         3233904 kB
Active:           427004 kB
Mem:          3.8G       763M       3.1G       5.7M        52M       322M

MemTotal:        4016004 kB
MemFree:         3234136 kB
Active:           427040 kB
Mem:          3.8G       763M       3.1G       5.7M        52M       322M

MemTotal:        4016004 kB
MemFree:         3233748 kB
Active:           427008 kB
Mem:          3.8G       764M       3.1G       5.7M        52M       322M

MemTotal:        4016004 kB
MemFree:         3233624 kB
Active:           427044 kB
Mem:          3.8G       764M       3.1G       5.7M        52M       322M

MemTotal:        4016004 kB
MemFree:         3233872 kB
Active:           427012 kB
Mem:          3.8G       763M       3.1G       5.7M        52M       322M

MemTotal:        4016004 kB
MemFree:         3233752 kB
Active:           425140 kB
Mem:          3.8G       763M       3.1G       5.7M        52M       322M

MemTotal:        4016004 kB
MemFree:         3233808 kB
Active:           427076 kB
Mem:          3.8G       764M       3.1G       5.7M        52M       322M

MemTotal:        4016004 kB
MemFree:         3233296 kB
Active:           427076 kB
Mem:          3.8G       764M       3.1G       5.7M        52M       322M

MemTotal:        4016004 kB
MemFree:         3233916 kB
Active:           427048 kB
Mem:          3.8G       764M       3.1G       5.7M        52M       322M

MemTotal:        4016004 kB
MemFree:         3234040 kB
Active:           427072 kB
Mem:          3.8G       763M       3.1G       5.7M        52M       322M

MemTotal:        4016004 kB
MemFree:         3234024 kB
Active:           427060 kB
Mem:          3.8G       763M       3.1G       5.7M        52M       322M

MemTotal:        4016004 kB
MemFree:         3234024 kB
Active:           427044 kB
Mem:          3.8G       763M       3.1G       5.7M        52M       322M

MemTotal:        4016004 kB
MemFree:         3234024 kB
Active:           427044 kB
Mem:          3.8G       763M       3.1G       5.7M        52M       322M

MemTotal:        4016004 kB
MemFree:         3234148 kB
Active:           427060 kB
Mem:          3.8G       763M       3.1G       5.7M        52M       322M

MemTotal:        4016004 kB
MemFree:         3234616 kB
Active:           427044 kB
Mem:          3.8G       763M       3.1G       5.7M        52M       322M

MemTotal:        4016004 kB
MemFree:         3232280 kB
Active:           427160 kB
Mem:          3.8G       765M       3.1G       5.7M        52M       322M

MemTotal:        4016004 kB
MemFree:         3232316 kB
Active:           429112 kB
Mem:          3.8G       765M       3.1G       5.7M        52M       322M

MemTotal:        4016004 kB
MemFree:         3231944 kB
Active:           429120 kB
Mem:          3.8G       765M       3.1G       5.7M        52M       322M

MemTotal:        4016004 kB
MemFree:         3232068 kB
Active:           429088 kB
Mem:          3.8G       765M       3.1G       5.7M        52M       322M

MemTotal:        4016004 kB
MemFree:         3232192 kB
Active:           429072 kB
Mem:          3.8G       765M       3.1G       5.7M        52M       322M

MemTotal:        4016004 kB
MemFree:         3232068 kB
Active:           429084 kB
Mem:          3.8G       765M       3.1G       5.7M        52M       322M

MemTotal:        4016004 kB
MemFree:         3232192 kB
Active:           429072 kB
Mem:          3.8G       765M       3.1G       5.7M        52M       322M

MemTotal:        4016004 kB
MemFree:         3232192 kB
Active:           429096 kB
Mem:          3.8G       765M       3.1G       5.7M        52M       322M

MemTotal:        4016004 kB
MemFree:         3232192 kB
Active:           429080 kB
Mem:          3.8G       765M       3.1G       5.7M        52M       322M

MemTotal:        4016004 kB
MemFree:         3232192 kB
Active:           429096 kB
Mem:          3.8G       765M       3.1G       5.7M        52M       322M

MemTotal:        4016004 kB
MemFree:         3232244 kB
Active:           427224 kB
Mem:          3.8G       765M       3.1G       5.7M        52M       322M

MemTotal:        4016004 kB
MemFree:         3232380 kB
Active:           429104 kB
Mem:          3.8G       765M       3.1G       5.7M        52M       322M

MemTotal:        4016004 kB
MemFree:         3232380 kB
Active:           429084 kB
Mem:          3.8G       765M       3.1G       5.7M        52M       322M

MemTotal:        4016004 kB
MemFree:         3232256 kB
Active:           429104 kB
Mem:          3.8G       765M       3.1G       5.7M        52M       322M

MemTotal:        4016004 kB
MemFree:         3232008 kB
Active:           429124 kB
Mem:          3.8G       765M       3.1G       5.7M        52M       322M

MemTotal:        4016004 kB
MemFree:         3231884 kB
Active:           429140 kB
Mem:          3.8G       765M       3.1G       5.7M        52M       322M

MemTotal:        4016004 kB
MemFree:         3231884 kB
Active:           429152 kB
Mem:          3.8G       766M       3.1G       5.7M        52M       322M

MemTotal:        4016004 kB
MemFree:         3231636 kB
Active:           429112 kB
Mem:          3.8G       765M       3.1G       5.7M        52M       322M

MemTotal:        4016004 kB
MemFree:         3231404 kB
Active:           429152 kB
Mem:          3.8G       766M       3.1G       5.7M        52M       322M

MemTotal:        4016004 kB
MemFree:         3231900 kB
Active:           429148 kB
Mem:          3.8G       765M       3.1G       5.7M        52M       322M

MemTotal:        4016004 kB
MemFree:         3232024 kB
Active:           429128 kB
Mem:          3.8G       765M       3.1G       5.7M        52M       322M

MemTotal:        4016004 kB
MemFree:         3232008 kB
Active:           429112 kB
Mem:          3.8G       765M       3.1G       5.7M        52M       322M

MemTotal:        4016004 kB
MemFree:         3232256 kB
Active:           429112 kB
Mem:          3.8G       765M       3.1G       5.7M        52M       322M

MemTotal:        4016004 kB
MemFree:         3231884 kB
Active:           429160 kB
Mem:          3.8G       765M       3.1G       5.7M        52M       322M

MemTotal:        4016004 kB
MemFree:         3232380 kB
Active:           429164 kB
Mem:          3.8G       765M       3.1G       5.7M        52M       322M

MemTotal:        4016004 kB
MemFree:         3232240 kB
Active:           429148 kB
Mem:          3.8G       765M       3.1G       5.7M        52M       322M

MemTotal:        4016004 kB
MemFree:         3232488 kB
Active:           429148 kB
Mem:          3.8G       765M       3.1G       5.7M        52M       322M

MemTotal:        4016004 kB
MemFree:         3232348 kB
Active:           429156 kB
Mem:          3.8G       765M       3.1G       5.7M        52M       322M

MemTotal:        4016004 kB
MemFree:         3232224 kB
Active:           429156 kB
Mem:          3.8G       765M       3.1G       5.7M        52M       322M

MemTotal:        4016004 kB
MemFree:         3232348 kB
Active:           429176 kB
Mem:          3.8G       765M       3.1G       5.7M        52M       322M

MemTotal:        4016004 kB
MemFree:         3232348 kB
Active:           429136 kB
Mem:          3.8G       765M       3.1G       5.7M        52M       322M

MemTotal:        4016004 kB
MemFree:         3232304 kB
Active:           429132 kB
Mem:          3.8G       765M       3.1G       5.7M        52M       322M

MemTotal:        4016004 kB
MemFree:         3232180 kB
Active:           429124 kB
Mem:          3.8G       765M       3.1G       5.7M        52M       322M

MemTotal:        4016004 kB
MemFree:         3231808 kB
Active:           429180 kB
Mem:          3.8G       765M       3.1G       5.7M        52M       322M

MemTotal:        4016004 kB
MemFree:         3232056 kB
Active:           429152 kB
Mem:          3.8G       765M       3.1G       5.7M        52M       322M

MemTotal:        4016004 kB
MemFree:         3232180 kB
Active:           429144 kB
Mem:          3.8G       765M       3.1G       5.7M        52M       322M

MemTotal:        4016004 kB
MemFree:         3232056 kB
Active:           429160 kB
Mem:          3.8G       765M       3.1G       5.7M        52M       322M

MemTotal:        4016004 kB
MemFree:         3232040 kB
Active:           429132 kB
Mem:          3.8G       765M       3.1G       5.7M        52M       322M

MemTotal:        4016004 kB
MemFree:         2822008 kB
Active:           438644 kB
Mem:          3.8G       1.1G       2.7G       5.7M        52M       705M

MemTotal:        4016004 kB
MemFree:         2777652 kB
Active:           439368 kB
Mem:          3.8G       1.2G       2.6G       5.7M        52M       747M

MemTotal:        4016004 kB
MemFree:         2728684 kB
Active:           439636 kB
Mem:          3.8G       1.2G       2.6G       5.7M        52M       793M

MemTotal:        4016004 kB
MemFree:         2682676 kB
Active:           439836 kB
Mem:          3.8G       1.3G       2.6G       5.7M        52M       837M

MemTotal:        4016004 kB
MemFree:         2636916 kB
Active:           440060 kB
Mem:          3.8G       1.3G       2.5G       5.7M        52M       880M

MemTotal:        4016004 kB
MemFree:         2591328 kB
Active:           440296 kB
Mem:          3.8G       1.4G       2.5G       5.7M        52M       923M

MemTotal:        4016004 kB
MemFree:         2554120 kB
Active:           440480 kB
Mem:          3.8G       1.4G       2.4G       5.7M        52M       958M

MemTotal:        4016004 kB
MemFree:         2520780 kB
Active:           440612 kB
Mem:          3.8G       1.4G       2.4G       5.7M        52M       991M

MemTotal:        4016004 kB
MemFree:         2478840 kB
Active:           440768 kB
Mem:          3.8G       1.5G       2.4G       5.7M        52M       1.0G

MemTotal:        4016004 kB
MemFree:         2427928 kB
Active:           440968 kB
Mem:          3.8G       1.5G       2.3G       5.7M        52M       1.1G

MemTotal:        4016004 kB
MemFree:         2380896 kB
Active:           441180 kB
Mem:          3.8G       1.6G       2.3G       5.7M        52M       1.1G

MemTotal:        4016004 kB
MemFree:         2357040 kB
Active:           441284 kB
Mem:          3.8G       1.6G       2.2G       5.7M        52M       1.1G

MemTotal:        4016004 kB
MemFree:         2320792 kB
Active:           441428 kB
Mem:          3.8G       1.6G       2.2G       5.7M        52M       1.2G

MemTotal:        4016004 kB
MemFree:         2288104 kB
Active:           441548 kB
Mem:          3.8G       1.6G       2.2G       5.7M        52M       1.2G

MemTotal:        4016004 kB
MemFree:         2198808 kB
Active:           441784 kB
Mem:          3.8G       1.7G       2.1G       5.7M        52M       1.3G

MemTotal:        4016004 kB
MemFree:         2154908 kB
Active:           442000 kB
Mem:          3.8G       1.8G       2.1G       5.7M        52M       1.3G

MemTotal:        4016004 kB
MemFree:         2130712 kB
Active:           442156 kB
Mem:          3.8G       1.8G       2.0G       5.7M        52M       1.3G

MemTotal:        4016004 kB
MemFree:         2129520 kB
Active:           442172 kB
Mem:          3.8G       1.8G       2.0G       5.7M        52M       1.3G

MemTotal:        4016004 kB
MemFree:         2101040 kB
Active:           442164 kB
Mem:          3.8G       1.8G       2.0G       5.7M        52M       1.4G

MemTotal:        4016004 kB
MemFree:         2020624 kB
Active:           442484 kB
Mem:          3.8G       1.9G       1.9G       5.7M        52M       1.4G

MemTotal:        4016004 kB
MemFree:         1952176 kB
Active:           442732 kB
Mem:          3.8G       2.0G       1.9G       5.7M        52M       1.5G

MemTotal:        4016004 kB
MemFree:         1897004 kB
Active:           443100 kB
Mem:          3.8G       2.0G       1.8G       5.7M        52M       1.5G

MemTotal:        4016004 kB
MemFree:         1850504 kB
Active:           443196 kB
Mem:          3.8G       2.1G       1.8G       5.7M        52M       1.6G

MemTotal:        4016004 kB
MemFree:         1807636 kB
Active:           443364 kB
Mem:          3.8G       2.1G       1.7G       5.7M        52M       1.6G

MemTotal:        4016004 kB
MemFree:         1789236 kB
Active:           443460 kB
Mem:          3.8G       2.1G       1.7G       5.7M        52M       1.6G

MemTotal:        4016004 kB
MemFree:         1771580 kB
Active:           443544 kB
Mem:          3.8G       2.1G       1.7G       5.7M        52M       1.7G

MemTotal:        4016004 kB
MemFree:         1735980 kB
Active:           443600 kB
Mem:          3.8G       2.2G       1.7G       5.7M        52M       1.7G

MemTotal:        4016004 kB
MemFree:         1628492 kB
Active:           443852 kB
Mem:          3.8G       2.3G       1.6G       5.7M        52M       1.8G

MemTotal:        4016004 kB
MemFree:         1575732 kB
Active:           444244 kB
Mem:          3.8G       2.3G       1.5G       5.7M        52M       1.8G

MemTotal:        4016004 kB
MemFree:         1523380 kB
Active:           444348 kB
Mem:          3.8G       2.4G       1.5G       5.7M        52M       1.9G

MemTotal:        4016004 kB
MemFree:         1492496 kB
Active:           444620 kB
Mem:          3.8G       2.4G       1.4G       5.7M        52M       1.9G

MemTotal:        4016004 kB
MemFree:         1452684 kB
Active:           444796 kB
Mem:          3.8G       2.4G       1.4G       5.7M        52M       2.0G

MemTotal:        4016004 kB
MemFree:         1406164 kB
Active:           444912 kB
Mem:          3.8G       2.5G       1.3G       5.7M        52M       2.0G

MemTotal:        4016004 kB
MemFree:         1364776 kB
Active:           445096 kB
Mem:          3.8G       2.5G       1.3G       5.7M        52M       2.0G

MemTotal:        4016004 kB
MemFree:         1327520 kB
Active:           445256 kB
Mem:          3.8G       2.6G       1.3G       5.7M        52M       2.1G

MemTotal:        4016004 kB
MemFree:         1309044 kB
Active:           445348 kB
Mem:          3.8G       2.6G       1.2G       5.7M        52M       2.1G

MemTotal:        4016004 kB
MemFree:         1288540 kB
Active:           445472 kB
Mem:          3.8G       2.6G       1.2G       5.7M        52M       2.1G

MemTotal:        4016004 kB
MemFree:         1242216 kB
Active:           445556 kB
Mem:          3.8G       2.6G       1.2G       5.7M        52M       2.2G

MemTotal:        4016004 kB
MemFree:         1134424 kB
Active:           445780 kB
Mem:          3.8G       2.7G       1.1G       5.7M        52M       2.3G

MemTotal:        4016004 kB
MemFree:         1087944 kB
Active:           446168 kB
Mem:          3.8G       2.8G       1.0G       5.7M        52M       2.3G

MemTotal:        4016004 kB
MemFree:         1070552 kB
Active:           446332 kB
Mem:          3.8G       2.8G       1.0G       5.7M        52M       2.3G

MemTotal:        4016004 kB
MemFree:         1058448 kB
Active:           446400 kB
Mem:          3.8G       2.8G       1.0G       5.7M        52M       2.3G

MemTotal:        4016004 kB
MemFree:         1031356 kB
Active:           446412 kB
Mem:          3.8G       2.8G       1.0G       5.7M        52M       2.3G

MemTotal:        4016004 kB
MemFree:          912216 kB
Active:           446924 kB
Mem:          3.8G       3.0G       890M       5.7M        52M       2.5G

MemTotal:        4016004 kB
MemFree:          864860 kB
Active:           447148 kB
Mem:          3.8G       3.0G       844M       5.7M        52M       2.5G

MemTotal:        4016004 kB
MemFree:          840076 kB
Active:           447300 kB
Mem:          3.8G       3.0G       820M       5.7M        52M       2.5G

MemTotal:        4016004 kB
MemFree:          814720 kB
Active:           447404 kB
Mem:          3.8G       3.1G       795M       5.7M        52M       2.5G

MemTotal:        4016004 kB
MemFree:          785208 kB
Active:           447508 kB
Mem:          3.8G       3.1G       765M       5.7M        52M       2.6G

MemTotal:        4016004 kB
MemFree:          695176 kB
Active:           447864 kB
Mem:          3.8G       3.2G       677M       5.7M        52M       2.7G

MemTotal:        4016004 kB
MemFree:          651796 kB
Active:           448024 kB
Mem:          3.8G       3.2G       636M       5.7M        52M       2.7G

MemTotal:        4016004 kB
MemFree:          625984 kB
Active:           448152 kB
Mem:          3.8G       3.2G       610M       5.7M        52M       2.7G

MemTotal:        4016004 kB
MemFree:          604860 kB
Active:           448232 kB
Mem:          3.8G       3.3G       590M       5.7M        52M       2.7G

MemTotal:        4016004 kB
MemFree:          494304 kB
Active:           448504 kB
Mem:          3.8G       3.4G       482M       5.7M        52M       2.8G

MemTotal:        4016004 kB
MemFree:          438632 kB
Active:           448824 kB
Mem:          3.8G       3.4G       427M       5.7M        52M       2.9G

MemTotal:        4016004 kB
MemFree:          403076 kB
Active:           449012 kB
Mem:          3.8G       3.4G       393M       5.7M        52M       2.9G

MemTotal:        4016004 kB
MemFree:          402332 kB
Active:           449016 kB
Mem:          3.8G       3.4G       392M       5.7M        52M       2.9G

MemTotal:        4016004 kB
MemFree:          341192 kB
Active:           449264 kB
Mem:          3.8G       3.5G       332M       5.7M        52M       3.0G

MemTotal:        4016004 kB
MemFree:          269416 kB
Active:           449540 kB
Mem:          3.8G       3.6G       262M       5.7M        52M       3.1G

MemTotal:        4016004 kB
MemFree:          234880 kB
Active:           430908 kB
Mem:          3.8G       3.6G       229M       5.7M        41M       3.1G

MemTotal:        4016004 kB
MemFree:          191708 kB
Active:           430324 kB
Mem:          3.8G       3.6G       186M       5.7M        41M       3.1G

MemTotal:        4016004 kB
MemFree:          159048 kB
Active:           418972 kB
Mem:          3.8G       3.7G       155M       5.7M        41M       3.2G

MemTotal:        4016004 kB
MemFree:          147688 kB
Active:           419032 kB
Mem:          3.8G       3.7G       143M       5.7M        41M       3.2G

MemTotal:        4016004 kB
MemFree:          134232 kB
Active:           419048 kB
Mem:          3.8G       3.7G       131M       5.7M        41M       3.2G

MemTotal:        4016004 kB
MemFree:          143700 kB
Active:           444648 kB
Mem:          3.8G       3.7G       122M       5.7M        19M       3.2G

MemTotal:        4016004 kB
MemFree:          106760 kB
Active:           472048 kB
Mem:          3.8G       3.7G       127M       5.7M        19M       3.2G

MemTotal:        4016004 kB
MemFree:          128964 kB
Active:           467492 kB
Mem:          3.8G       3.7G       125M       5.7M        19M       3.2G

MemTotal:        4016004 kB
MemFree:          143004 kB
Active:           465064 kB
Mem:          3.8G       3.7G       138M       5.7M        19M       3.2G

MemTotal:        4016004 kB
MemFree:          114304 kB
Active:           464408 kB
Mem:          3.8G       3.7G       111M       5.7M        19M       3.2G

MemTotal:        4016004 kB
MemFree:          106732 kB
Active:           464372 kB
Mem:          3.8G       3.7G       103M       5.7M        19M       3.2G

MemTotal:        4016004 kB
MemFree:          124480 kB
Active:           463748 kB
Mem:          3.8G       3.7G       120M       5.7M        19M       3.2G

MemTotal:        4016004 kB
MemFree:          113612 kB
Active:           462652 kB
Mem:          3.8G       3.7G       110M       5.7M        19M       3.2G

MemTotal:        4016004 kB
MemFree:          118848 kB
Active:           461544 kB
Mem:          3.8G       3.7G       115M       5.7M        19M       3.2G

MemTotal:        4016004 kB
MemFree:          122392 kB
Active:           460956 kB
Mem:          3.8G       3.7G       119M       5.7M        19M       3.2G

MemTotal:        4016004 kB
MemFree:          115908 kB
Active:           459972 kB
Mem:          3.8G       3.7G       112M       5.7M        19M       3.2G

MemTotal:        4016004 kB
MemFree:          118304 kB
Active:           459448 kB
Mem:          3.8G       3.7G       115M       5.7M        19M       3.2G

MemTotal:        4016004 kB
MemFree:          128832 kB
Active:           456112 kB
Mem:          3.8G       3.7G       125M       5.7M        19M       3.2G

MemTotal:        4016004 kB
MemFree:          141800 kB
Active:           456688 kB
Mem:          3.8G       3.7G       138M       5.7M        19M       3.2G

MemTotal:        4016004 kB
MemFree:          140508 kB
Active:           454760 kB
Mem:          3.8G       3.7G       135M       5.7M        19M       3.2G

MemTotal:        4016004 kB
MemFree:          121660 kB
Active:           453632 kB
Mem:          3.8G       3.7G       117M       5.7M        19M       3.2G

MemTotal:        4016004 kB
MemFree:          127784 kB
Active:           452564 kB
Mem:          3.8G       3.7G       124M       5.7M        19M       3.2G

MemTotal:        4016004 kB
MemFree:          109812 kB
Active:           452636 kB
Mem:          3.8G       3.7G       106M       5.7M        19M       3.2G

MemTotal:        4016004 kB
MemFree:          138124 kB
Active:           447432 kB
Mem:          3.8G       3.7G       134M       5.7M        19M       3.2G

MemTotal:        4016004 kB
MemFree:          128244 kB
Active:           445272 kB
Mem:          3.8G       3.7G       129M       5.7M        19M       3.2G

MemTotal:        4016004 kB
MemFree:          105656 kB
Active:           445316 kB
Mem:          3.8G       3.7G       102M       5.7M        19M       3.2G

MemTotal:        4016004 kB
MemFree:          105008 kB
Active:           445304 kB
Mem:          3.8G       3.7G       102M       5.7M        19M       3.2G

MemTotal:        4016004 kB
MemFree:          122752 kB
Active:           442916 kB
Mem:          3.8G       3.7G       119M       5.7M        19M       3.2G

MemTotal:        4016004 kB
MemFree:          125940 kB
Active:           439232 kB
Mem:          3.8G       3.7G       122M       5.7M        19M       3.2G

MemTotal:        4016004 kB
MemFree:          114908 kB
Active:           438284 kB
Mem:          3.8G       3.7G       111M       5.7M        19M       3.2G

MemTotal:        4016004 kB
MemFree:          120872 kB
Active:           436528 kB
Mem:          3.8G       3.7G       117M       5.7M        19M       3.2G

MemTotal:        4016004 kB
MemFree:          147824 kB
Active:           435144 kB
Mem:          3.8G       3.7G       144M       5.7M        19M       3.2G

MemTotal:        4016004 kB
MemFree:          115264 kB
Active:           435300 kB
Mem:          3.8G       3.7G       111M       5.7M        19M       3.2G

MemTotal:        4016004 kB
MemFree:          119944 kB
Active:           434156 kB
Mem:          3.8G       3.7G       116M       5.7M        19M       3.2G

MemTotal:        4016004 kB
MemFree:          123656 kB
Active:           432988 kB
Mem:          3.8G       3.7G       120M       5.7M        19M       3.2G

MemTotal:        4016004 kB
MemFree:          136512 kB
Active:           431340 kB
Mem:          3.8G       3.7G       132M       5.7M        19M       3.2G

MemTotal:        4016004 kB
MemFree:          121836 kB
Active:           430196 kB
Mem:          3.8G       3.7G       118M       5.7M        19M       3.2G

MemTotal:        4016004 kB
MemFree:          138964 kB
Active:           428500 kB
Mem:          3.8G       3.7G       135M       5.7M        19M       3.2G

MemTotal:        4016004 kB
MemFree:          138680 kB
Active:           428340 kB
Mem:          3.8G       3.7G       135M       5.7M        19M       3.2G

MemTotal:        4016004 kB
MemFree:          126668 kB
Active:           427440 kB
Mem:          3.8G       3.7G       122M       5.7M        20M       3.2G

MemTotal:        4016004 kB
MemFree:          125364 kB
Active:           425408 kB
Mem:          3.8G       3.7G       121M       5.7M        20M       3.2G

MemTotal:        4016004 kB
MemFree:          117804 kB
Active:           423848 kB
Mem:          3.8G       3.7G       114M       5.7M        20M       3.2G

MemTotal:        4016004 kB
MemFree:          123528 kB
Active:           422172 kB
Mem:          3.8G       3.7G       119M       5.7M        20M       3.2G

MemTotal:        4016004 kB
MemFree:          120144 kB
Active:           420440 kB
Mem:          3.8G       3.7G       117M       5.7M        20M       3.2G

MemTotal:        4016004 kB
MemFree:          127052 kB
Active:           419208 kB
Mem:          3.8G       3.7G       123M       5.7M        20M       3.2G

MemTotal:        4016004 kB
MemFree:          126892 kB
Active:           418656 kB
Mem:          3.8G       3.7G       123M       5.7M        20M       3.2G

MemTotal:        4016004 kB
MemFree:          109880 kB
Active:           420160 kB
Mem:          3.8G       3.7G       107M       5.7M        20M       3.2G

MemTotal:        4016004 kB
MemFree:          125824 kB
Active:           418144 kB
Mem:          3.8G       3.7G       128M       5.7M        20M       3.2G

MemTotal:        4016004 kB
MemFree:          138708 kB
Active:           414048 kB
Mem:          3.8G       3.7G       135M       5.7M        20M       3.2G

MemTotal:        4016004 kB
MemFree:          123292 kB
Active:           412304 kB
Mem:          3.8G       3.7G       120M       5.7M        20M       3.2G

MemTotal:        4016004 kB
MemFree:          125288 kB
Active:           410760 kB
Mem:          3.8G       3.7G       121M       5.7M        20M       3.2G

MemTotal:        4016004 kB
MemFree:          129192 kB
Active:           409036 kB
Mem:          3.8G       3.7G       125M       5.7M        20M       3.2G

MemTotal:        4016004 kB
MemFree:          128028 kB
Active:           408028 kB
Mem:          3.8G       3.7G       124M       5.7M        20M       3.2G

MemTotal:        4016004 kB
MemFree:          104684 kB
Active:           407980 kB
Mem:          3.8G       3.7G       110M       5.7M        20M       3.2G

MemTotal:        4016004 kB
MemFree:          126152 kB
Active:           406912 kB
Mem:          3.8G       3.7G       122M       5.7M        20M       3.2G

MemTotal:        4016004 kB
MemFree:          129568 kB
Active:           405504 kB
Mem:          3.8G       3.7G       125M       5.7M        20M       3.2G

MemTotal:        4016004 kB
MemFree:          109728 kB
Active:           403608 kB
Mem:          3.8G       3.7G       106M       5.7M        20M       3.2G

MemTotal:        4016004 kB
MemFree:          126152 kB
Active:           401684 kB
Mem:          3.8G       3.7G       122M       5.7M        20M       3.2G

MemTotal:        4016004 kB
MemFree:          143668 kB
Active:           399924 kB
Mem:          3.8G       3.7G       139M       5.7M        20M       3.2G

MemTotal:        4016004 kB
MemFree:          110580 kB
Active:           400044 kB
Mem:          3.8G       3.7G       108M       5.7M        20M       3.2G

MemTotal:        4016004 kB
MemFree:          132504 kB
Active:           397632 kB
Mem:          3.8G       3.7G       128M       5.7M        20M       3.2G

MemTotal:        4016004 kB
MemFree:          120096 kB
Active:           397800 kB
Mem:          3.8G       3.7G       116M       5.7M        20M       3.2G

MemTotal:        4016004 kB
MemFree:          125088 kB
Active:           398708 kB
Mem:          3.8G       3.7G       121M       5.7M        20M       3.2G

MemTotal:        4016004 kB
MemFree:          126392 kB
Active:           398684 kB
Mem:          3.8G       3.7G       123M       5.7M        20M       3.2G

MemTotal:        4016004 kB
MemFree:          129464 kB
Active:           398836 kB
Mem:          3.8G       3.7G       126M       5.7M        20M       3.2G

MemTotal:        4016004 kB
MemFree:          127000 kB
Active:           398816 kB
Mem:          3.8G       3.7G       123M       5.7M        20M       3.2G

MemTotal:        4016004 kB
MemFree:          107752 kB
Active:           398896 kB
Mem:          3.8G       3.7G       104M       5.7M        20M       3.2G

MemTotal:        4016004 kB
MemFree:          143544 kB
Active:           399232 kB
Mem:          3.8G       3.7G       139M       5.7M        20M       3.2G

MemTotal:        4016004 kB
MemFree:          105960 kB
Active:           399436 kB
Mem:          3.8G       3.7G       102M       5.7M        20M       3.2G

MemTotal:        4016004 kB
MemFree:          128124 kB
Active:           399444 kB
Mem:          3.8G       3.7G       124M       5.7M        20M       3.2G

MemTotal:        4016004 kB
MemFree:          127508 kB
Active:           399452 kB
Mem:          3.8G       3.7G       124M       5.7M        20M       3.2G

MemTotal:        4016004 kB
MemFree:          144032 kB
Active:           399724 kB
Mem:          3.8G       3.7G       140M       5.7M        20M       3.2G

MemTotal:        4016004 kB
MemFree:          126944 kB
Active:           398828 kB
Mem:          3.8G       3.7G       123M       5.7M        20M       3.2G

MemTotal:        4016004 kB
MemFree:          108512 kB
Active:           399868 kB
Mem:          3.8G       3.7G       105M       5.7M        20M       3.2G

MemTotal:        4016004 kB
MemFree:          122700 kB
Active:           398124 kB
Mem:          3.8G       3.7G       118M       5.7M        20M       3.2G

MemTotal:        4016004 kB
MemFree:          120144 kB
Active:           398060 kB
Mem:          3.8G       3.7G       116M       5.7M        20M       3.2G

MemTotal:        4016004 kB
MemFree:          113244 kB
Active:           398156 kB
Mem:          3.8G       3.7G       110M       5.7M        20M       3.2G

MemTotal:        4016004 kB
MemFree:          130708 kB
Active:           398584 kB
Mem:          3.8G       3.7G       127M       5.7M        20M       3.2G

MemTotal:        4016004 kB
MemFree:          132696 kB
Active:           398764 kB
Mem:          3.8G       3.7G       129M       5.7M        20M       3.2G

MemTotal:        4016004 kB
MemFree:          125260 kB
Active:           406228 kB
Mem:          3.8G       3.7G       122M       5.7M        27M       3.2G

MemTotal:        4016004 kB
MemFree:          115516 kB
Active:           406116 kB
Mem:          3.8G       3.7G       112M       5.7M        27M       3.2G

MemTotal:        4016004 kB
MemFree:          109732 kB
Active:           405880 kB
Mem:          3.8G       3.7G       106M       5.7M        27M       3.2G

MemTotal:        4016004 kB
MemFree:          129120 kB
Active:           403736 kB
Mem:          3.8G       3.7G       125M       5.7M        27M       3.2G

MemTotal:        4016004 kB
MemFree:          123004 kB
Active:           403924 kB
Mem:          3.8G       3.7G       119M       5.7M        27M       3.2G

MemTotal:        4016004 kB
MemFree:          131020 kB
Active:           404172 kB
Mem:          3.8G       3.7G       127M       5.7M        27M       3.2G

MemTotal:        4016004 kB
MemFree:          129844 kB
Active:           404140 kB
Mem:          3.8G       3.7G       126M       5.7M        27M       3.2G

MemTotal:        4016004 kB
MemFree:          139368 kB
Active:           404240 kB
Mem:          3.8G       3.7G       135M       5.7M        27M       3.2G

MemTotal:        4016004 kB
MemFree:          112960 kB
Active:           404536 kB
Mem:          3.8G       3.7G       109M       5.7M        27M       3.2G

MemTotal:        4016004 kB
MemFree:          105396 kB
Active:           404824 kB
Mem:          3.8G       3.7G       111M       5.7M        27M       3.2G

MemTotal:        4016004 kB
MemFree:          122152 kB
Active:           405016 kB
Mem:          3.8G       3.7G       119M       5.7M        27M       3.2G

MemTotal:        4016004 kB
MemFree:          106260 kB
Active:           400472 kB
Mem:          3.8G       3.7G       103M       5.7M        27M       3.2G

MemTotal:        4016004 kB
MemFree:          123324 kB
Active:           400612 kB
Mem:          3.8G       3.7G       119M       5.7M        27M       3.2G

MemTotal:        4016004 kB
MemFree:          122356 kB
Active:           400680 kB
Mem:          3.8G       3.7G       119M       5.7M        27M       3.2G

MemTotal:        4016004 kB
MemFree:          114432 kB
Active:           400844 kB
Mem:          3.8G       3.7G       111M       5.7M        27M       3.2G

MemTotal:        4016004 kB
MemFree:          116172 kB
Active:           401080 kB
Mem:          3.8G       3.7G       113M       5.7M        27M       3.2G

MemTotal:        4016004 kB
MemFree:          114476 kB
Active:           401276 kB
Mem:          3.8G       3.7G       111M       5.7M        27M       3.2G

MemTotal:        4016004 kB
MemFree:          105352 kB
Active:           401408 kB
Mem:          3.8G       3.7G       102M       5.7M        27M       3.2G

MemTotal:        4016004 kB
MemFree:          106612 kB
Active:           401472 kB
Mem:          3.8G       3.7G       103M       5.7M        27M       3.2G

MemTotal:        4016004 kB
MemFree:          128932 kB
Active:           401600 kB
Mem:          3.8G       3.7G       125M       5.7M        27M       3.2G

MemTotal:        4016004 kB
MemFree:          124068 kB
Active:           401236 kB
Mem:          3.8G       3.7G       120M       5.7M        27M       3.2G

MemTotal:        4016004 kB
MemFree:          119428 kB
Active:           401492 kB
Mem:          3.8G       3.7G       116M       5.7M        27M       3.2G

MemTotal:        4016004 kB
MemFree:          114040 kB
Active:           401700 kB
Mem:          3.8G       3.7G       110M       5.7M        27M       3.2G

MemTotal:        4016004 kB
MemFree:          114912 kB
Active:           401860 kB
Mem:          3.8G       3.7G       111M       5.7M        27M       3.2G

MemTotal:        4016004 kB
MemFree:          125244 kB
Active:           402008 kB
Mem:          3.8G       3.7G       121M       5.7M        27M       3.2G

MemTotal:        4016004 kB
MemFree:          126416 kB
Active:           402496 kB
Mem:          3.8G       3.7G       123M       5.7M        27M       3.2G

MemTotal:        4016004 kB
MemFree:          118076 kB
Active:           402712 kB
Mem:          3.8G       3.7G       114M       5.7M        27M       3.2G

MemTotal:        4016004 kB
MemFree:          133052 kB
Active:           400824 kB
Mem:          3.8G       3.7G       129M       5.7M        27M       3.2G

MemTotal:        4016004 kB
MemFree:          132360 kB
Active:           400832 kB
Mem:          3.8G       3.7G       128M       5.7M        27M       3.2G

MemTotal:        4016004 kB
MemFree:          131996 kB
Active:           400784 kB
Mem:          3.8G       3.7G       128M       5.7M        27M       3.2G

MemTotal:        4016004 kB
MemFree:          127132 kB
Active:           401256 kB
Mem:          3.8G       3.7G       123M       5.7M        27M       3.2G

MemTotal:        4016004 kB
MemFree:          130528 kB
Active:           403560 kB
Mem:          3.8G       3.7G       126M       5.7M        27M       3.2G

MemTotal:        4016004 kB
MemFree:          107380 kB
Active:           403708 kB
Mem:          3.8G       3.7G       104M       5.7M        27M       3.2G

MemTotal:        4016004 kB
MemFree:          135112 kB
Active:           403008 kB
Mem:          3.8G       3.7G       131M       5.7M        27M       3.2G

MemTotal:        4016004 kB
MemFree:          124584 kB
Active:           403108 kB
Mem:          3.8G       3.7G       121M       5.7M        27M       3.2G

MemTotal:        4016004 kB
MemFree:          105660 kB
Active:           395212 kB
Mem:          3.8G       3.7G       102M       5.7M        27M       3.2G

MemTotal:        4016004 kB
MemFree:          129384 kB
Active:           395168 kB
Mem:          3.8G       3.7G       125M       5.7M        27M       3.2G

MemTotal:        4016004 kB
MemFree:          143520 kB
Active:           395332 kB
Mem:          3.8G       3.7G       139M       5.7M        27M       3.2G

MemTotal:        4016004 kB
MemFree:          113988 kB
Active:           395516 kB
Mem:          3.8G       3.7G       110M       5.7M        27M       3.2G

MemTotal:        4016004 kB
MemFree:          116360 kB
Active:           395644 kB
Mem:          3.8G       3.7G       113M       5.7M        27M       3.2G

MemTotal:        4016004 kB
MemFree:          122900 kB
Active:           395784 kB
Mem:          3.8G       3.7G       119M       5.7M        27M       3.2G

MemTotal:        4016004 kB
MemFree:          128952 kB
Active:           396172 kB
Mem:          3.8G       3.7G       125M       5.7M        27M       3.2G

MemTotal:        4016004 kB
MemFree:          124424 kB
Active:           396332 kB
Mem:          3.8G       3.7G       121M       5.7M        27M       3.2G

MemTotal:        4016004 kB
MemFree:          105560 kB
Active:           396368 kB
Mem:          3.8G       3.7G       102M       5.7M        27M       3.2G

MemTotal:        4016004 kB
MemFree:          137324 kB
Active:           396464 kB
Mem:          3.8G       3.7G       133M       5.7M        27M       3.2G

MemTotal:        4016004 kB
MemFree:          129964 kB
Active:           396732 kB
Mem:          3.8G       3.7G       126M       5.7M        27M       3.2G

MemTotal:        4016004 kB
MemFree:          105588 kB
Active:           394308 kB
Mem:          3.8G       3.7G       102M       5.7M        27M       3.2G

MemTotal:        4016004 kB
MemFree:          127044 kB
Active:           394508 kB
Mem:          3.8G       3.7G       123M       5.7M        27M       3.2G

MemTotal:        4016004 kB
MemFree:          125500 kB
Active:           394616 kB
Mem:          3.8G       3.7G       126M       5.7M        27M       3.2G

MemTotal:        4016004 kB
MemFree:          126700 kB
Active:           394720 kB
Mem:          3.8G       3.7G       123M       5.7M        27M       3.2G

MemTotal:        4016004 kB
MemFree:          119428 kB
Active:           396336 kB
Mem:          3.8G       3.7G       116M       5.7M        27M       3.2G

MemTotal:        4016004 kB
MemFree:          119744 kB
Active:           396448 kB
Mem:          3.8G       3.7G       116M       5.7M        27M       3.2G

MemTotal:        4016004 kB
MemFree:          124824 kB
Active:           396572 kB
Mem:          3.8G       3.7G       121M       5.7M        27M       3.2G

MemTotal:        4016004 kB
MemFree:          109488 kB
Active:           397072 kB
Mem:          3.8G       3.7G       106M       5.7M        27M       3.2G

MemTotal:        4016004 kB
MemFree:          124888 kB
Active:           395504 kB
Mem:          3.8G       3.7G       121M       5.7M        27M       3.2G

MemTotal:        4016004 kB
MemFree:          116428 kB
Active:           395648 kB
Mem:          3.8G       3.7G       113M       5.7M        27M       3.2G

MemTotal:        4016004 kB
MemFree:          106416 kB
Active:           395688 kB
Mem:          3.8G       3.7G       103M       5.7M        27M       3.2G

MemTotal:        4016004 kB
MemFree:          131616 kB
Active:           396716 kB
Mem:          3.8G       3.7G       132M       5.7M        27M       3.2G

MemTotal:        4016004 kB
MemFree:          136892 kB
Active:           396908 kB
Mem:          3.8G       3.7G       133M       5.7M        27M       3.2G

MemTotal:        4016004 kB
MemFree:          125284 kB
Active:           397392 kB
Mem:          3.8G       3.7G       121M       5.7M        27M       3.2G

MemTotal:        4016004 kB
MemFree:          121640 kB
Active:           397548 kB
Mem:          3.8G       3.7G       118M       5.7M        27M       3.2G

MemTotal:        4016004 kB
MemFree:          120652 kB
Active:           397548 kB
Mem:          3.8G       3.7G       117M       5.7M        27M       3.2G

MemTotal:        4016004 kB
MemFree:          137084 kB
Active:           397676 kB
Mem:          3.8G       3.7G       133M       5.7M        27M       3.2G

MemTotal:        4016004 kB
MemFree:          117592 kB
Active:           398028 kB
Mem:          3.8G       3.7G       114M       5.7M        27M       3.2G

MemTotal:        4016004 kB
MemFree:          127136 kB
Active:           398224 kB
Mem:          3.8G       3.7G       123M       5.7M        27M       3.2G

MemTotal:        4016004 kB
MemFree:          145656 kB
Active:           398388 kB
Mem:          3.8G       3.7G       141M       5.7M        27M       3.2G

MemTotal:        4016004 kB
MemFree:          137716 kB
Active:           395512 kB
Mem:          3.8G       3.7G       134M       5.7M        27M       3.2G

MemTotal:        4016004 kB
MemFree:          113848 kB
Active:           395468 kB
Mem:          3.8G       3.7G       110M       5.7M        27M       3.2G

MemTotal:        4016004 kB
MemFree:          130236 kB
Active:           395580 kB
Mem:          3.8G       3.7G       126M       5.7M        27M       3.2G

MemTotal:        4016004 kB
MemFree:          124476 kB
Active:           395680 kB
Mem:          3.8G       3.7G       120M       5.7M        27M       3.2G

MemTotal:        4016004 kB
MemFree:          109836 kB
Active:           395804 kB
Mem:          3.8G       3.7G       107M       5.7M        27M       3.2G

MemTotal:        4016004 kB
MemFree:          110196 kB
Active:           396112 kB
Mem:          3.8G       3.7G       107M       5.7M        27M       3.2G

MemTotal:        4016004 kB
MemFree:          114492 kB
Active:           396348 kB
Mem:          3.8G       3.7G       111M       5.7M        27M       3.2G

MemTotal:        4016004 kB
MemFree:          128012 kB
Active:           396460 kB
Mem:          3.8G       3.7G       124M       5.7M        27M       3.2G

MemTotal:        4016004 kB
MemFree:          127932 kB
Active:           396508 kB
Mem:          3.8G       3.7G       124M       5.7M        27M       3.2G

MemTotal:        4016004 kB
MemFree:          131524 kB
Active:           396644 kB
Mem:          3.8G       3.7G       127M       5.7M        27M       3.2G

MemTotal:        4016004 kB
MemFree:          105812 kB
Active:           396964 kB
Mem:          3.8G       3.7G       102M       5.7M        27M       3.2G

MemTotal:        4016004 kB
MemFree:          129064 kB
Active:           395620 kB
Mem:          3.8G       3.7G       125M       5.7M        27M       3.2G

MemTotal:        4016004 kB
MemFree:          111516 kB
Active:           397644 kB
Mem:          3.8G       3.7G       108M       5.7M        27M       3.2G

MemTotal:        4016004 kB
MemFree:          114056 kB
Active:           397692 kB
Mem:          3.8G       3.7G       111M       5.7M        27M       3.2G

MemTotal:        4016004 kB
MemFree:          136476 kB
Active:           397860 kB
Mem:          3.8G       3.7G       132M       5.7M        27M       3.2G

MemTotal:        4016004 kB
MemFree:          111000 kB
Active:           395856 kB
Mem:          3.8G       3.7G       106M       5.7M        27M       3.2G

MemTotal:        4016004 kB
MemFree:          125944 kB
Active:           396036 kB
Mem:          3.8G       3.7G       122M       5.7M        27M       3.2G

MemTotal:        4016004 kB
MemFree:          125144 kB
Active:           396200 kB
Mem:          3.8G       3.7G       122M       5.7M        27M       3.2G

MemTotal:        4016004 kB
MemFree:          125180 kB
Active:           396164 kB
Mem:          3.8G       3.7G       121M       5.7M        27M       3.2G

MemTotal:        4016004 kB
MemFree:          130664 kB
Active:           396192 kB
Mem:          3.8G       3.7G       127M       5.7M        27M       3.2G

MemTotal:        4016004 kB
MemFree:          131444 kB
Active:           396692 kB
Mem:          3.8G       3.7G       127M       5.7M        27M       3.2G

MemTotal:        4016004 kB
MemFree:          134896 kB
Active:           396916 kB
Mem:          3.8G       3.7G       130M       5.7M        27M       3.2G

MemTotal:        4016004 kB
MemFree:          109024 kB
Active:           397088 kB
Mem:          3.8G       3.7G       105M       5.7M        27M       3.2G

MemTotal:        4016004 kB
MemFree:          106688 kB
Active:           397252 kB
Mem:          3.8G       3.7G       103M       5.7M        27M       3.2G

MemTotal:        4016004 kB
MemFree:          124656 kB
Active:           397396 kB
Mem:          3.8G       3.7G       120M       5.7M        27M       3.2G

MemTotal:        4016004 kB
MemFree:          105284 kB
Active:           397472 kB
Mem:          3.8G       3.7G       107M       5.7M        27M       3.2G

MemTotal:        4016004 kB
MemFree:          127624 kB
Active:           397504 kB
Mem:          3.8G       3.7G       123M       5.7M        27M       3.2G

MemTotal:        4016004 kB
MemFree:          132352 kB
Active:           397780 kB
Mem:          3.8G       3.7G       128M       5.7M        27M       3.2G

MemTotal:        4016004 kB
MemFree:          133256 kB
Active:           398096 kB
Mem:          3.8G       3.7G       129M       5.7M        27M       3.2G

MemTotal:        4016004 kB
MemFree:          135436 kB
Active:           398288 kB
Mem:          3.8G       3.7G       132M       5.7M        27M       3.2G

MemTotal:        4016004 kB
MemFree:          135412 kB
Active:           398392 kB
Mem:          3.8G       3.7G       131M       5.7M        27M       3.2G

MemTotal:        4016004 kB
MemFree:          134564 kB
Active:           398460 kB
Mem:          3.8G       3.7G       131M       5.7M        27M       3.2G

MemTotal:        4016004 kB
MemFree:          134788 kB
Active:           398560 kB
Mem:          3.8G       3.7G       131M       5.7M        27M       3.2G

MemTotal:        4016004 kB
MemFree:          128352 kB
Active:           397084 kB
Mem:          3.8G       3.7G       124M       5.7M        27M       3.2G

MemTotal:        4016004 kB
MemFree:          130604 kB
Active:           397472 kB
Mem:          3.8G       3.7G       126M       5.7M        27M       3.2G

MemTotal:        4016004 kB
MemFree:          112344 kB
Active:           397568 kB
Mem:          3.8G       3.7G       109M       5.7M        27M       3.2G

MemTotal:        4016004 kB
MemFree:          111036 kB
Active:           397904 kB
Mem:          3.8G       3.7G       107M       5.7M        27M       3.2G

MemTotal:        4016004 kB
MemFree:          126196 kB
Active:           398100 kB
Mem:          3.8G       3.7G       122M       5.7M        27M       3.2G

MemTotal:        4016004 kB
MemFree:          128152 kB
Active:           398272 kB
Mem:          3.8G       3.7G       124M       5.7M        27M       3.2G

MemTotal:        4016004 kB
MemFree:          132248 kB
Active:           398440 kB
Mem:          3.8G       3.7G       128M       5.7M        27M       3.2G

MemTotal:        4016004 kB
MemFree:          125396 kB
Active:           398596 kB
Mem:          3.8G       3.7G       126M       5.7M        27M       3.2G

MemTotal:        4016004 kB
MemFree:          128808 kB
Active:           399092 kB
Mem:          3.8G       3.7G       125M       5.7M        27M       3.2G

MemTotal:        4016004 kB
MemFree:          116576 kB
Active:           399452 kB
Mem:          3.8G       3.7G       113M       5.7M        27M       3.2G

MemTotal:        4016004 kB
MemFree:          129640 kB
Active:           399616 kB
Mem:          3.8G       3.7G       126M       5.7M        27M       3.2G

MemTotal:        4016004 kB
MemFree:          129568 kB
Active:           399124 kB
Mem:          3.8G       3.7G       126M       5.7M        27M       3.2G

MemTotal:        4016004 kB
MemFree:          129232 kB
Active:           399176 kB
Mem:          3.8G       3.7G       126M       5.7M        27M       3.2G

MemTotal:        4016004 kB
MemFree:          127836 kB
Active:           399172 kB
Mem:          3.8G       3.7G       124M       5.7M        27M       3.2G

MemTotal:        4016004 kB
MemFree:          126028 kB
Active:           399720 kB
Mem:          3.8G       3.7G       122M       5.7M        27M       3.2G

MemTotal:        4016004 kB
MemFree:          112928 kB
Active:           399984 kB
Mem:          3.8G       3.7G       109M       5.7M        27M       3.2G

MemTotal:        4016004 kB
MemFree:          111660 kB
Active:           400004 kB
Mem:          3.8G       3.7G       109M       5.7M        27M       3.2G

MemTotal:        4016004 kB
MemFree:          111984 kB
Active:           399976 kB
Mem:          3.8G       3.7G       109M       5.7M        27M       3.2G

MemTotal:        4016004 kB
MemFree:          128416 kB
Active:           400336 kB
Mem:          3.8G       3.7G       125M       5.7M        27M       3.2G

MemTotal:        4016004 kB
MemFree:          108384 kB
Active:           400640 kB
Mem:          3.8G       3.7G       105M       5.7M        27M       3.2G

MemTotal:        4016004 kB
MemFree:          137140 kB
Active:           400880 kB
Mem:          3.8G       3.7G       133M       5.7M        27M       3.2G

MemTotal:        4016004 kB
MemFree:          141252 kB
Active:           401092 kB
Mem:          3.8G       3.7G       137M       5.7M        27M       3.2G

MemTotal:        4016004 kB
MemFree:          129824 kB
Active:           401280 kB
Mem:          3.8G       3.7G       126M       5.7M        27M       3.2G

MemTotal:        4016004 kB
MemFree:          106448 kB
Active:           401396 kB
Mem:          3.8G       3.7G       103M       5.7M        27M       3.2G

MemTotal:        4016004 kB
MemFree:          123516 kB
Active:           401500 kB
Mem:          3.8G       3.7G       129M       5.7M        27M       3.2G

MemTotal:        4016004 kB
MemFree:          122180 kB
Active:           402068 kB
Mem:          3.8G       3.7G       118M       5.7M        27M       3.2G

MemTotal:        4016004 kB
MemFree:          112876 kB
Active:           402324 kB
Mem:          3.8G       3.7G       109M       5.7M        27M       3.2G

MemTotal:        4016004 kB
MemFree:          130356 kB
Active:           402892 kB
Mem:          3.8G       3.7G       126M       5.7M        27M       3.2G

MemTotal:        4016004 kB
MemFree:          125276 kB
Active:           403100 kB
Mem:          3.8G       3.7G       121M       5.7M        27M       3.2G

MemTotal:        4016004 kB
MemFree:          128620 kB
Active:           403324 kB
Mem:          3.8G       3.7G       125M       5.7M        27M       3.2G

MemTotal:        4016004 kB
MemFree:          112656 kB
Active:           403384 kB
Mem:          3.8G       3.7G       109M       5.7M        27M       3.2G

MemTotal:        4016004 kB
MemFree:          120412 kB
Active:           403468 kB
Mem:          3.8G       3.7G       117M       5.7M        27M       3.2G

MemTotal:        4016004 kB
MemFree:          124868 kB
Active:           403664 kB
Mem:          3.8G       3.7G       121M       5.7M        27M       3.2G

MemTotal:        4016004 kB
MemFree:          132696 kB
Active:           404024 kB
Mem:          3.8G       3.7G       128M       5.7M        27M       3.2G

MemTotal:        4016004 kB
MemFree:          139776 kB
Active:           404220 kB
Mem:          3.8G       3.7G       136M       5.7M        27M       3.2G

MemTotal:        4016004 kB
MemFree:          122384 kB
Active:           404300 kB
Mem:          3.8G       3.7G       119M       5.7M        27M       3.2G

MemTotal:        4016004 kB
MemFree:          135872 kB
Active:           404364 kB
Mem:          3.8G       3.7G       132M       5.7M        27M       3.2G

MemTotal:        4016004 kB
MemFree:          136980 kB
Active:           404556 kB
Mem:          3.8G       3.7G       133M       5.7M        27M       3.2G

MemTotal:        4016004 kB
MemFree:          133080 kB
Active:           404872 kB
Mem:          3.8G       3.7G       129M       5.7M        27M       3.2G

MemTotal:        4016004 kB
MemFree:          134320 kB
Active:           405052 kB
Mem:          3.8G       3.7G       129M       5.7M        27M       3.2G

MemTotal:        4016004 kB
MemFree:          123216 kB
Active:           405184 kB
Mem:          3.8G       3.7G       119M       5.7M        27M       3.2G

MemTotal:        4016004 kB
MemFree:          126416 kB
Active:           405212 kB
Mem:          3.8G       3.7G       123M       5.7M        27M       3.2G

MemTotal:        4016004 kB
MemFree:          142932 kB
Active:           405364 kB
Mem:          3.8G       3.7G       139M       5.7M        27M       3.2G

MemTotal:        4016004 kB
MemFree:          133352 kB
Active:           405612 kB
Mem:          3.8G       3.7G       129M       5.7M        28M       3.2G

MemTotal:        4016004 kB
MemFree:          122880 kB
Active:           405972 kB
Mem:          3.8G       3.7G       119M       5.7M        28M       3.2G

MemTotal:        4016004 kB
MemFree:          129704 kB
Active:           406132 kB
Mem:          3.8G       3.7G       126M       5.7M        28M       3.2G

MemTotal:        4016004 kB
MemFree:          126648 kB
Active:           406264 kB
Mem:          3.8G       3.7G       123M       5.7M        28M       3.2G

MemTotal:        4016004 kB
MemFree:          135564 kB
Active:           406404 kB
Mem:          3.8G       3.7G       131M       5.7M        28M       3.2G

MemTotal:        4016004 kB
MemFree:          112696 kB
Active:           406692 kB
Mem:          3.8G       3.7G       109M       5.7M        28M       3.2G

MemTotal:        4016004 kB
MemFree:          127760 kB
Active:           406860 kB
Mem:          3.8G       3.7G       124M       5.7M        28M       3.2G

MemTotal:        4016004 kB
MemFree:          110328 kB
Active:           407024 kB
Mem:          3.8G       3.7G       107M       5.7M        28M       3.2G

MemTotal:        4016004 kB
MemFree:          124700 kB
Active:           407148 kB
Mem:          3.8G       3.7G       121M       5.7M        28M       3.2G

MemTotal:        4016004 kB
MemFree:          136004 kB
Active:           407244 kB
Mem:          3.8G       3.7G       131M       5.7M        28M       3.2G

MemTotal:        4016004 kB
MemFree:          125104 kB
Active:           407352 kB
Mem:          3.8G       3.7G       121M       5.7M        28M       3.2G

MemTotal:        4016004 kB
MemFree:          132060 kB
Active:           407592 kB
Mem:          3.8G       3.7G       128M       5.7M        28M       3.2G

MemTotal:        4016004 kB
MemFree:          129908 kB
Active:           407848 kB
Mem:          3.8G       3.7G       126M       5.7M        28M       3.2G

MemTotal:        4016004 kB
MemFree:          130376 kB
Active:           407972 kB
Mem:          3.8G       3.7G       127M       5.7M        28M       3.2G

MemTotal:        4016004 kB
MemFree:          130136 kB
Active:           407984 kB
Mem:          3.8G       3.7G       127M       5.7M        28M       3.2G

MemTotal:        4016004 kB
MemFree:          122912 kB
Active:           408200 kB
Mem:          3.8G       3.7G       119M       5.7M        28M       3.2G

MemTotal:        4016004 kB
MemFree:          125308 kB
Active:           408472 kB
Mem:          3.8G       3.7G       122M       5.7M        28M       3.2G

MemTotal:        4016004 kB
MemFree:          121608 kB
Active:           408708 kB
Mem:          3.8G       3.7G       118M       5.7M        28M       3.2G

MemTotal:        4016004 kB
MemFree:          126724 kB
Active:           408936 kB
Mem:          3.8G       3.7G       123M       5.7M        28M       3.2G

MemTotal:        4016004 kB
MemFree:          122148 kB
Active:           409096 kB
Mem:          3.8G       3.7G       118M       5.7M        28M       3.2G

MemTotal:        4016004 kB
MemFree:          131896 kB
Active:           409228 kB
Mem:          3.8G       3.7G       128M       5.7M        28M       3.2G

MemTotal:        4016004 kB
MemFree:          126816 kB
Active:           409456 kB
Mem:          3.8G       3.7G       123M       5.7M        28M       3.2G

MemTotal:        4016004 kB
MemFree:          132872 kB
Active:           409616 kB
Mem:          3.8G       3.7G       129M       5.7M        28M       3.2G

MemTotal:        4016004 kB
MemFree:          120620 kB
Active:           409796 kB
Mem:          3.8G       3.7G       117M       5.7M        28M       3.2G

MemTotal:        4016004 kB
MemFree:          125532 kB
Active:           409980 kB
Mem:          3.8G       3.7G       122M       5.7M        28M       3.2G

MemTotal:        4016004 kB
MemFree:          142628 kB
Active:           410140 kB
Mem:          3.8G       3.7G       138M       5.7M        28M       3.2G

MemTotal:        4016004 kB
MemFree:          114124 kB
Active:           410288 kB
Mem:          3.8G       3.7G       111M       5.7M        28M       3.2G

MemTotal:        4016004 kB
MemFree:          142888 kB
Active:           410372 kB
Mem:          3.8G       3.7G       139M       5.7M        28M       3.2G

MemTotal:        4016004 kB
MemFree:          127712 kB
Active:           410468 kB
Mem:          3.8G       3.7G       124M       5.7M        28M       3.2G

MemTotal:        4016004 kB
MemFree:          130904 kB
Active:           410696 kB
Mem:          3.8G       3.7G       127M       5.7M        28M       3.2G

MemTotal:        4016004 kB
MemFree:          120676 kB
Active:           410924 kB
Mem:          3.8G       3.7G       117M       5.7M        28M       3.2G

MemTotal:        4016004 kB
MemFree:          117676 kB
Active:           411124 kB
Mem:          3.8G       3.7G       114M       5.7M        28M       3.2G

MemTotal:        4016004 kB
MemFree:          131924 kB
Active:           411096 kB
Mem:          3.8G       3.7G       128M       5.7M        28M       3.2G

MemTotal:        4016004 kB
MemFree:          118720 kB
Active:           411372 kB
Mem:          3.8G       3.7G       115M       5.7M        28M       3.2G

MemTotal:        4016004 kB
MemFree:          112224 kB
Active:           411616 kB
Mem:          3.8G       3.7G       108M       5.7M        28M       3.2G

MemTotal:        4016004 kB
MemFree:          124332 kB
Active:           411820 kB
Mem:          3.8G       3.7G       121M       5.7M        28M       3.2G

MemTotal:        4016004 kB
MemFree:          124640 kB
Active:           412052 kB
Mem:          3.8G       3.7G       121M       5.7M        28M       3.2G

MemTotal:        4016004 kB
MemFree:          119228 kB
Active:           412260 kB
Mem:          3.8G       3.7G       116M       5.7M        28M       3.2G

MemTotal:        4016004 kB
MemFree:          130312 kB
Active:           412344 kB
Mem:          3.8G       3.7G       127M       5.7M        28M       3.2G

MemTotal:        4016004 kB
MemFree:          131580 kB
Active:           412496 kB
Mem:          3.8G       3.7G       128M       5.7M        28M       3.2G

MemTotal:        4016004 kB
MemFree:          124980 kB
Active:           412876 kB
Mem:          3.8G       3.7G       121M       5.7M        28M       3.2G

MemTotal:        4016004 kB
MemFree:          134748 kB
Active:           413132 kB
Mem:          3.8G       3.7G       131M       5.7M        28M       3.2G

MemTotal:        4016004 kB
MemFree:          111484 kB
Active:           413228 kB
Mem:          3.8G       3.7G       108M       5.7M        28M       3.2G

MemTotal:        4016004 kB
MemFree:          135892 kB
Active:           413332 kB
Mem:          3.8G       3.7G       132M       5.7M        28M       3.2G

MemTotal:        4016004 kB
MemFree:          125080 kB
Active:           413644 kB
Mem:          3.8G       3.7G       121M       5.7M        28M       3.2G

MemTotal:        4016004 kB
MemFree:          117824 kB
Active:           413824 kB
Mem:          3.8G       3.7G       114M       5.7M        28M       3.2G

MemTotal:        4016004 kB
MemFree:          114644 kB
Active:           413968 kB
Mem:          3.8G       3.7G       111M       5.7M        28M       3.2G

MemTotal:        4016004 kB
MemFree:          109436 kB
Active:           414144 kB
Mem:          3.8G       3.7G       115M       5.7M        28M       3.2G

MemTotal:        4016004 kB
MemFree:          117560 kB
Active:           414296 kB
Mem:          3.8G       3.7G       113M       5.7M        28M       3.2G

MemTotal:        4016004 kB
MemFree:          139672 kB
Active:           414712 kB
Mem:          3.8G       3.7G       136M       5.7M        28M       3.2G

MemTotal:        4016004 kB
MemFree:          133692 kB
Active:           414956 kB
Mem:          3.8G       3.7G       130M       5.7M        28M       3.2G

MemTotal:        4016004 kB
MemFree:          127184 kB
Active:           415168 kB
Mem:          3.8G       3.7G       123M       5.7M        28M       3.2G

MemTotal:        4016004 kB
MemFree:          108744 kB
Active:           415192 kB
Mem:          3.8G       3.7G       105M       5.7M        28M       3.2G

MemTotal:        4016004 kB
MemFree:          134268 kB
Active:           415308 kB
Mem:          3.8G       3.7G       131M       5.7M        28M       3.2G

MemTotal:        4016004 kB
MemFree:          139944 kB
Active:           415496 kB
Mem:          3.8G       3.7G       136M       5.7M        28M       3.2G

MemTotal:        4016004 kB
MemFree:          106148 kB
Active:           415892 kB
Mem:          3.8G       3.7G       103M       5.7M        28M       3.2G

MemTotal:        4016004 kB
MemFree:          121928 kB
Active:           416076 kB
Mem:          3.8G       3.7G       118M       5.7M        28M       3.2G

MemTotal:        4016004 kB
MemFree:          121468 kB
Active:           416080 kB
Mem:          3.8G       3.7G       118M       5.7M        28M       3.2G

MemTotal:        4016004 kB
MemFree:          110240 kB
Active:           416100 kB
Mem:          3.8G       3.7G       106M       5.7M        28M       3.2G

MemTotal:        4016004 kB
MemFree:          125700 kB
Active:           416476 kB
Mem:          3.8G       3.7G       122M       5.7M        28M       3.2G

MemTotal:        4016004 kB
MemFree:          126988 kB
Active:           416760 kB
Mem:          3.8G       3.7G       123M       5.7M        28M       3.2G

MemTotal:        4016004 kB
MemFree:          119412 kB
Active:           416932 kB
Mem:          3.8G       3.7G       115M       5.7M        28M       3.2G

MemTotal:        4016004 kB
MemFree:          112520 kB
Active:           417108 kB
Mem:          3.8G       3.7G       109M       5.7M        28M       3.2G

MemTotal:        4016004 kB
MemFree:          120308 kB
Active:           417296 kB
Mem:          3.8G       3.7G       117M       5.7M        28M       3.2G

MemTotal:        4016004 kB
MemFree:          125872 kB
Active:           417308 kB
Mem:          3.8G       3.7G       122M       5.7M        28M       3.2G

MemTotal:        4016004 kB
MemFree:          108752 kB
Active:           417380 kB
Mem:          3.8G       3.7G       105M       5.7M        28M       3.2G

MemTotal:        4016004 kB
MemFree:          127996 kB
Active:           417560 kB
Mem:          3.8G       3.7G       124M       5.7M        28M       3.2G

MemTotal:        4016004 kB
MemFree:          133700 kB
Active:           417984 kB
Mem:          3.8G       3.7G       130M       5.7M        28M       3.2G

MemTotal:        4016004 kB
MemFree:          126184 kB
Active:           418184 kB
Mem:          3.8G       3.7G       123M       5.7M        28M       3.2G

MemTotal:        4016004 kB
MemFree:          125380 kB
Active:           418152 kB
Mem:          3.8G       3.7G       122M       5.7M        28M       3.2G

MemTotal:        4016004 kB
MemFree:          125468 kB
Active:           418204 kB
Mem:          3.8G       3.7G       122M       5.7M        28M       3.2G

MemTotal:        4016004 kB
MemFree:          125740 kB
Active:           418164 kB
Mem:          3.8G       3.7G       122M       5.7M        28M       3.2G

MemTotal:        4016004 kB
MemFree:          130912 kB
Active:           418736 kB
Mem:          3.8G       3.7G       127M       5.7M        28M       3.2G

MemTotal:        4016004 kB
MemFree:          121044 kB
Active:           418996 kB
Mem:          3.8G       3.7G       117M       5.7M        28M       3.2G

MemTotal:        4016004 kB
MemFree:          112936 kB
Active:           419160 kB
Mem:          3.8G       3.7G       109M       5.7M        28M       3.2G

MemTotal:        4016004 kB
MemFree:          113152 kB
Active:           419716 kB
Mem:          3.8G       3.7G       109M       5.7M        28M       3.2G

MemTotal:        4016004 kB
MemFree:          122636 kB
Active:           419976 kB
Mem:          3.8G       3.7G       119M       5.7M        28M       3.2G

MemTotal:        4016004 kB
MemFree:          109484 kB
Active:           420192 kB
Mem:          3.8G       3.7G       106M       5.7M        28M       3.2G

MemTotal:        4016004 kB
MemFree:          141344 kB
Active:           420396 kB
Mem:          3.8G       3.7G       137M       5.7M        28M       3.2G

MemTotal:        4016004 kB
MemFree:          110288 kB
Active:           420576 kB
Mem:          3.8G       3.7G       106M       5.7M        28M       3.2G

MemTotal:        4016004 kB
MemFree:          142764 kB
Active:           421112 kB
Mem:          3.8G       3.7G       139M       5.7M        28M       3.2G

MemTotal:        4016004 kB
MemFree:          134796 kB
Active:           421364 kB
Mem:          3.8G       3.7G       131M       5.7M        28M       3.2G

MemTotal:        4016004 kB
MemFree:          105176 kB
Active:           421580 kB
Mem:          3.8G       3.7G       102M       5.7M        28M       3.2G

MemTotal:        4016004 kB
MemFree:          106428 kB
Active:           421792 kB
Mem:          3.8G       3.7G       103M       5.7M        28M       3.2G

MemTotal:        4016004 kB
MemFree:          114504 kB
Active:           421952 kB
Mem:          3.8G       3.7G       111M       5.7M        28M       3.2G

MemTotal:        4016004 kB
MemFree:          143376 kB
Active:           422332 kB
Mem:          3.8G       3.7G       139M       5.7M        28M       3.2G

MemTotal:        4016004 kB
MemFree:          136408 kB
Active:           422568 kB
Mem:          3.8G       3.7G       132M       5.7M        28M       3.2G

MemTotal:        4016004 kB
MemFree:          114040 kB
Active:           422764 kB
Mem:          3.8G       3.7G       110M       5.7M        28M       3.2G

MemTotal:        4016004 kB
MemFree:          126000 kB
Active:           422796 kB
Mem:          3.8G       3.7G       122M       5.7M        28M       3.2G

MemTotal:        4016004 kB
MemFree:          131748 kB
Active:           422904 kB
Mem:          3.8G       3.7G       127M       5.7M        28M       3.2G

MemTotal:        4016004 kB
MemFree:          117444 kB
Active:           423240 kB
Mem:          3.8G       3.7G       114M       5.7M        28M       3.2G

MemTotal:        4016004 kB
MemFree:          122808 kB
Active:           423468 kB
Mem:          3.8G       3.7G       119M       5.7M        28M       3.2G

MemTotal:        4016004 kB
MemFree:          115556 kB
Active:           423672 kB
Mem:          3.8G       3.7G       112M       5.7M        28M       3.2G

MemTotal:        4016004 kB
MemFree:          114416 kB
Active:           423836 kB
Mem:          3.8G       3.7G       111M       5.7M        28M       3.2G

MemTotal:        4016004 kB
MemFree:          106304 kB
Active:           423932 kB
Mem:          3.8G       3.7G       103M       5.7M        28M       3.2G

MemTotal:        4016004 kB
MemFree:          105788 kB
Active:           423920 kB
Mem:          3.8G       3.7G       103M       5.7M        28M       3.2G

MemTotal:        4016004 kB
MemFree:          132908 kB
Active:           424108 kB
Mem:          3.8G       3.7G       129M       5.7M        28M       3.2G

MemTotal:        4016004 kB
MemFree:          109368 kB
Active:           424572 kB
Mem:          3.8G       3.7G       105M       5.7M        28M       3.2G

MemTotal:        4016004 kB
MemFree:          118876 kB
Active:           424860 kB
Mem:          3.8G       3.7G       115M       5.7M        28M       3.2G

MemTotal:        4016004 kB
MemFree:          127092 kB
Active:           425004 kB
Mem:          3.8G       3.7G       123M       5.7M        28M       3.2G

MemTotal:        4016004 kB
MemFree:          133508 kB
Active:           425144 kB
Mem:          3.8G       3.7G       130M       5.7M        28M       3.2G

MemTotal:        4016004 kB
MemFree:          145440 kB
Active:           425320 kB
Mem:          3.8G       3.7G       141M       5.7M        28M       3.2G

MemTotal:        4016004 kB
MemFree:          131380 kB
Active:           425564 kB
Mem:          3.8G       3.7G       128M       5.7M        28M       3.2G

MemTotal:        4016004 kB
MemFree:          135484 kB
Active:           425740 kB
Mem:          3.8G       3.7G       131M       5.7M        28M       3.2G

MemTotal:        4016004 kB
MemFree:          107800 kB
Active:           425856 kB
Mem:          3.8G       3.7G       105M       5.7M        28M       3.2G

MemTotal:        4016004 kB
MemFree:          121300 kB
Active:           425924 kB
Mem:          3.8G       3.7G       117M       5.7M        28M       3.2G

MemTotal:        4016004 kB
MemFree:          127240 kB
Active:           426080 kB
Mem:          3.8G       3.7G       124M       5.7M        28M       3.2G

MemTotal:        4016004 kB
MemFree:          124236 kB
Active:           426304 kB
Mem:          3.8G       3.7G       121M       5.7M        28M       3.2G

MemTotal:        4016004 kB
MemFree:          110328 kB
Active:           426552 kB
Mem:          3.8G       3.7G       106M       5.7M        28M       3.2G

MemTotal:        4016004 kB
MemFree:          127720 kB
Active:           426648 kB
Mem:          3.8G       3.7G       124M       5.7M        28M       3.2G

MemTotal:        4016004 kB
MemFree:          126576 kB
Active:           426600 kB
Mem:          3.8G       3.7G       123M       5.7M        28M       3.2G

MemTotal:        4016004 kB
MemFree:          129292 kB
Active:           426812 kB
Mem:          3.8G       3.7G       126M       5.7M        28M       3.2G

MemTotal:        4016004 kB
MemFree:          105324 kB
Active:           427132 kB
Mem:          3.8G       3.7G       102M       5.7M        28M       3.2G

MemTotal:        4016004 kB
MemFree:          122680 kB
Active:           427384 kB
Mem:          3.8G       3.7G       119M       5.7M        28M       3.2G

MemTotal:        4016004 kB
MemFree:          114308 kB
Active:           427580 kB
Mem:          3.8G       3.7G       111M       5.7M        28M       3.2G

MemTotal:        4016004 kB
MemFree:          107360 kB
Active:           427728 kB
Mem:          3.8G       3.7G       104M       5.7M        28M       3.2G

MemTotal:        4016004 kB
MemFree:          138776 kB
Active:           427916 kB
Mem:          3.8G       3.7G       135M       5.7M        28M       3.2G

MemTotal:        4016004 kB
MemFree:          110132 kB
Active:           428004 kB
Mem:          3.8G       3.7G       107M       5.7M        28M       3.2G

MemTotal:        4016004 kB
MemFree:          125776 kB
Active:           428108 kB
Mem:          3.8G       3.7G       122M       5.7M        28M       3.2G

MemTotal:        4016004 kB
MemFree:          139136 kB
Active:           428236 kB
Mem:          3.8G       3.7G       135M       5.7M        28M       3.2G

MemTotal:        4016004 kB
MemFree:          138144 kB
Active:           428532 kB
Mem:          3.8G       3.7G       138M       5.7M        28M       3.2G

MemTotal:        4016004 kB
MemFree:          110596 kB
Active:           428784 kB
Mem:          3.8G       3.7G       107M       5.7M        28M       3.2G

MemTotal:        4016004 kB
MemFree:          129152 kB
Active:           428888 kB
Mem:          3.8G       3.7G       125M       5.7M        28M       3.2G

MemTotal:        4016004 kB
MemFree:          128392 kB
Active:           428860 kB
Mem:          3.8G       3.7G       125M       5.7M        28M       3.2G

MemTotal:        4016004 kB
MemFree:          125176 kB
Active:           429152 kB
Mem:          3.8G       3.7G       121M       5.7M        28M       3.2G

MemTotal:        4016004 kB
MemFree:          128096 kB
Active:           429424 kB
Mem:          3.8G       3.7G       124M       5.7M        28M       3.2G

MemTotal:        4016004 kB
MemFree:          121488 kB
Active:           429668 kB
Mem:          3.8G       3.7G       117M       5.7M        28M       3.2G

MemTotal:        4016004 kB
MemFree:          115100 kB
Active:           429856 kB
Mem:          3.8G       3.7G       112M       5.7M        28M       3.2G

MemTotal:        4016004 kB
MemFree:          123256 kB
Active:           430032 kB
Mem:          3.8G       3.7G       120M       5.7M        28M       3.2G

MemTotal:        4016004 kB
MemFree:          125456 kB
Active:           430140 kB
Mem:          3.8G       3.7G       121M       5.7M        28M       3.2G

MemTotal:        4016004 kB
MemFree:          128628 kB
Active:           430208 kB
Mem:          3.8G       3.7G       125M       5.7M        28M       3.2G

MemTotal:        4016004 kB
MemFree:          124484 kB
Active:           430312 kB
Mem:          3.8G       3.7G       120M       5.7M        28M       3.2G

MemTotal:        4016004 kB
MemFree:          123976 kB
Active:           430584 kB
Mem:          3.8G       3.7G       120M       5.7M        28M       3.2G

MemTotal:        4016004 kB
MemFree:          125960 kB
Active:           430836 kB
Mem:          3.8G       3.7G       122M       5.7M        28M       3.2G

MemTotal:        4016004 kB
MemFree:          120828 kB
Active:           430996 kB
Mem:          3.8G       3.7G       117M       5.7M        28M       3.2G

MemTotal:        4016004 kB
MemFree:          129348 kB
Active:           431068 kB
Mem:          3.8G       3.7G       126M       5.7M        28M       3.2G

MemTotal:        4016004 kB
MemFree:          135592 kB
Active:           431216 kB
Mem:          3.8G       3.7G       132M       5.7M        28M       3.2G

MemTotal:        4016004 kB
MemFree:          108096 kB
Active:           431520 kB
Mem:          3.8G       3.7G       104M       5.7M        28M       3.2G

MemTotal:        4016004 kB
MemFree:          107348 kB
Active:           431768 kB
Mem:          3.8G       3.7G       104M       5.7M        28M       3.2G

MemTotal:        4016004 kB
MemFree:          118636 kB
Active:           431904 kB
Mem:          3.8G       3.7G       115M       5.7M        28M       3.2G

MemTotal:        4016004 kB
MemFree:          128572 kB
Active:           432024 kB
Mem:          3.8G       3.7G       124M       5.7M        28M       3.2G

MemTotal:        4016004 kB
MemFree:          129668 kB
Active:           432120 kB
Mem:          3.8G       3.7G       126M       5.7M        28M       3.2G

MemTotal:        4016004 kB
MemFree:          121380 kB
Active:           432240 kB
Mem:          3.8G       3.7G       118M       5.7M        28M       3.2G

MemTotal:        4016004 kB
MemFree:          139592 kB
Active:           432516 kB
Mem:          3.8G       3.7G       135M       5.7M        28M       3.2G

MemTotal:        4016004 kB
MemFree:          142728 kB
Active:           432784 kB
Mem:          3.8G       3.7G       139M       5.7M        28M       3.2G

MemTotal:        4016004 kB
MemFree:          133900 kB
Active:           432892 kB
Mem:          3.8G       3.7G       130M       5.7M        28M       3.2G

MemTotal:        4016004 kB
MemFree:          118292 kB
Active:           433092 kB
Mem:          3.8G       3.7G       114M       5.7M        28M       3.2G

MemTotal:        4016004 kB
MemFree:          122616 kB
Active:           433496 kB
Mem:          3.8G       3.7G       119M       5.7M        28M       3.2G

MemTotal:        4016004 kB
MemFree:          128976 kB
Active:           433676 kB
Mem:          3.8G       3.7G       125M       5.7M        28M       3.2G

MemTotal:        4016004 kB
MemFree:          128164 kB
Active:           433752 kB
Mem:          3.8G       3.7G       125M       5.7M        28M       3.2G

MemTotal:        4016004 kB
MemFree:          128916 kB
Active:           433748 kB
Mem:          3.8G       3.7G       125M       5.7M        28M       3.2G

MemTotal:        4016004 kB
MemFree:          126524 kB
Active:           434284 kB
Mem:          3.8G       3.7G       123M       5.7M        28M       3.2G

MemTotal:        4016004 kB
MemFree:          116520 kB
Active:           434536 kB
Mem:          3.8G       3.7G       113M       5.7M        28M       3.2G

MemTotal:        4016004 kB
MemFree:          151528 kB
Active:           434708 kB
Mem:          3.8G       3.7G       147M       5.7M        28M       3.1G

MemTotal:        4016004 kB
MemFree:          108420 kB
Active:           434892 kB
Mem:          3.8G       3.7G       105M       5.7M        28M       3.2G

MemTotal:        4016004 kB
MemFree:          121304 kB
Active:           435036 kB
Mem:          3.8G       3.7G       118M       5.7M        28M       3.2G

MemTotal:        4016004 kB
MemFree:          127892 kB
Active:           435128 kB
Mem:          3.8G       3.7G       124M       5.7M        28M       3.2G

MemTotal:        4016004 kB
MemFree:          109216 kB
Active:           435220 kB
Mem:          3.8G       3.7G       106M       5.7M        28M       3.2G

MemTotal:        4016004 kB
MemFree:          123828 kB
Active:           435364 kB
Mem:          3.8G       3.7G       120M       5.7M        28M       3.2G

MemTotal:        4016004 kB
MemFree:          123220 kB
Active:           435644 kB
Mem:          3.8G       3.7G       119M       5.7M        28M       3.2G

MemTotal:        4016004 kB
MemFree:          114784 kB
Active:           435864 kB
Mem:          3.8G       3.7G       111M       5.7M        28M       3.2G

MemTotal:        4016004 kB
MemFree:          118736 kB
Active:           436004 kB
Mem:          3.8G       3.7G       115M       5.7M        28M       3.2G

MemTotal:        4016004 kB
MemFree:          144416 kB
Active:           436068 kB
Mem:          3.8G       3.7G       140M       5.7M        28M       3.2G

MemTotal:        4016004 kB
MemFree:          113392 kB
Active:           436208 kB
Mem:          3.8G       3.7G       110M       5.7M        28M       3.2G

MemTotal:        4016004 kB
MemFree:          136824 kB
Active:           436464 kB
Mem:          3.8G       3.7G       133M       5.7M        28M       3.2G

MemTotal:        4016004 kB
MemFree:          123024 kB
Active:           436724 kB
Mem:          3.8G       3.7G       119M       5.7M        28M       3.2G

MemTotal:        4016004 kB
MemFree:          124528 kB
Active:           436952 kB
Mem:          3.8G       3.7G       121M       5.7M        28M       3.2G

MemTotal:        4016004 kB
MemFree:          124048 kB
Active:           437028 kB
Mem:          3.8G       3.7G       120M       5.7M        28M       3.2G

MemTotal:        4016004 kB
MemFree:          132788 kB
Active:           437184 kB
Mem:          3.8G       3.7G       129M       5.7M        28M       3.2G

MemTotal:        4016004 kB
MemFree:          118556 kB
Active:           437568 kB
Mem:          3.8G       3.7G       115M       5.7M        28M       3.2G

MemTotal:        4016004 kB
MemFree:          115284 kB
Active:           437824 kB
Mem:          3.8G       3.7G       112M       5.7M        28M       3.2G

MemTotal:        4016004 kB
MemFree:          114512 kB
Active:           437836 kB
Mem:          3.8G       3.7G       111M       5.7M        28M       3.2G

MemTotal:        4016004 kB
MemFree:          125948 kB
Active:           437924 kB
Mem:          3.8G       3.7G       122M       5.7M        28M       3.2G

MemTotal:        4016004 kB
MemFree:          135384 kB
Active:           438272 kB
Mem:          3.8G       3.7G       130M       5.7M        28M       3.2G

MemTotal:        4016004 kB
MemFree:          116304 kB
Active:           438504 kB
Mem:          3.8G       3.7G       112M       5.7M        28M       3.2G

MemTotal:        4016004 kB
MemFree:          106240 kB
Active:           438672 kB
Mem:          3.8G       3.7G       103M       5.7M        28M       3.2G

MemTotal:        4016004 kB
MemFree:          134300 kB
Active:           438840 kB
Mem:          3.8G       3.7G       130M       5.7M        28M       3.2G

MemTotal:        4016004 kB
MemFree:          121156 kB
Active:           438988 kB
Mem:          3.8G       3.7G       117M       5.7M        28M       3.2G

MemTotal:        4016004 kB
MemFree:          137268 kB
Active:           439076 kB
Mem:          3.8G       3.7G       133M       5.7M        28M       3.2G

MemTotal:        4016004 kB
MemFree:          115716 kB
Active:           439196 kB
Mem:          3.8G       3.7G       112M       5.7M        28M       3.2G

MemTotal:        4016004 kB
MemFree:         3389068 kB
Active:           347496 kB
Mem:          3.8G       612M       3.2G       5.7M        28M       184M

MemTotal:        4016004 kB
MemFree:         3389956 kB
Active:           346628 kB
Mem:          3.8G       611M       3.2G       5.7M        28M       183M

MemTotal:        4016004 kB
MemFree:         3390328 kB
Active:           346628 kB
Mem:          3.8G       610M       3.2G       5.7M        28M       183M

MemTotal:        4016004 kB
MemFree:         3390576 kB
Active:           346620 kB
Mem:          3.8G       610M       3.2G       5.7M        28M       183M

MemTotal:        4016004 kB
MemFree:         3390700 kB
Active:           346672 kB
Mem:          3.8G       610M       3.2G       5.7M        28M       183M

MemTotal:        4016004 kB
MemFree:         3390824 kB
Active:           346652 kB
Mem:          3.8G       610M       3.2G       5.7M        28M       183M

MemTotal:        4016004 kB
MemFree:         3390692 kB
Active:           346672 kB
Mem:          3.8G       610M       3.2G       5.7M        28M       183M

MemTotal:        4016004 kB
MemFree:         3390568 kB
Active:           346692 kB
Mem:          3.8G       610M       3.2G       5.7M        28M       183M

MemTotal:        4016004 kB
MemFree:         3390940 kB
Active:           346676 kB
Mem:          3.8G       610M       3.2G       5.7M        28M       183M

MemTotal:        4016004 kB
MemFree:         3390940 kB
Active:           346664 kB
Mem:          3.8G       610M       3.2G       5.7M        28M       183M

MemTotal:        4016004 kB
MemFree:         3391064 kB
Active:           346640 kB
Mem:          3.8G       610M       3.2G       5.7M        28M       183M

MemTotal:        4016004 kB
MemFree:         3391436 kB
Active:           346684 kB
Mem:          3.8G       610M       3.2G       5.7M        28M       183M

MemTotal:        4016004 kB
MemFree:         3390940 kB
Active:           346712 kB
Mem:          3.8G       610M       3.2G       5.7M        28M       183M

MemTotal:        4016004 kB
MemFree:         3390940 kB
Active:           346708 kB
Mem:          3.8G       610M       3.2G       5.7M        28M       183M

MemTotal:        4016004 kB
MemFree:         3391188 kB
Active:           346684 kB
Mem:          3.8G       610M       3.2G       5.7M        28M       183M

MemTotal:        4016004 kB
MemFree:         3391312 kB
Active:           346676 kB
Mem:          3.8G       610M       3.2G       5.7M        28M       183M

MemTotal:        4016004 kB
MemFree:         3391312 kB
Active:           346708 kB
Mem:          3.8G       610M       3.2G       5.7M        28M       183M

MemTotal:        4016004 kB
MemFree:         3390816 kB
Active:           346716 kB
Mem:          3.8G       610M       3.2G       5.7M        28M       183M

MemTotal:        4016004 kB
MemFree:         3390444 kB
Active:           346716 kB
Mem:          3.8G       610M       3.2G       5.7M        28M       183M

MemTotal:        4016004 kB
MemFree:         3390816 kB
Active:           346668 kB
Mem:          3.8G       610M       3.2G       5.7M        28M       183M

MemTotal:        4016004 kB
MemFree:         3390940 kB
Active:           346692 kB
Mem:          3.8G       610M       3.2G       5.7M        28M       183M

MemTotal:        4016004 kB
MemFree:         3390816 kB
Active:           346684 kB
Mem:          3.8G       610M       3.2G       5.7M        28M       183M

MemTotal:        4016004 kB
MemFree:         3390816 kB
Active:           346672 kB
Mem:          3.8G       610M       3.2G       5.7M        28M       183M

MemTotal:        4016004 kB
MemFree:         3390940 kB
Active:           346720 kB
Mem:          3.8G       610M       3.2G       5.7M        28M       183M

MemTotal:        4016004 kB
MemFree:         3391048 kB
Active:           346696 kB
Mem:          3.8G       610M       3.2G       5.7M        28M       183M

MemTotal:        4016004 kB
MemFree:         3390940 kB
Active:           346676 kB
Mem:          3.8G       610M       3.2G       5.7M        28M       183M

MemTotal:        4016004 kB
MemFree:         3390816 kB
Active:           346712 kB
Mem:          3.8G       610M       3.2G       5.7M        28M       183M

MemTotal:        4016004 kB
MemFree:         3390940 kB
Active:           346704 kB
Mem:          3.8G       610M       3.2G       5.7M        28M       183M

MemTotal:        4016004 kB
MemFree:         3391064 kB
Active:           346676 kB
Mem:          3.8G       610M       3.2G       5.7M        28M       183M

MemTotal:        4016004 kB
MemFree:         3390940 kB
Active:           346724 kB
Mem:          3.8G       610M       3.2G       5.7M        28M       183M

MemTotal:        4016004 kB
MemFree:         3390692 kB
Active:           346736 kB
Mem:          3.8G       610M       3.2G       5.7M        28M       183M

MemTotal:        4016004 kB
MemFree:         3390196 kB
Active:           346736 kB
Mem:          3.8G       610M       3.2G       5.7M        28M       183M

MemTotal:        4016004 kB
MemFree:         3390320 kB
Active:           346692 kB
Mem:          3.8G       611M       3.2G       5.7M        28M       183M

MemTotal:        4016004 kB
MemFree:         3389824 kB
Active:           346736 kB
Mem:          3.8G       611M       3.2G       5.7M        28M       183M

MemTotal:        4016004 kB
MemFree:         3390444 kB
Active:           346704 kB
Mem:          3.8G       610M       3.2G       5.7M        28M       183M

MemTotal:        4016004 kB
MemFree:         3390320 kB
Active:           346740 kB
Mem:          3.8G       610M       3.2G       5.7M        28M       183M

MemTotal:        4016004 kB
MemFree:         3390692 kB
Active:           346696 kB
Mem:          3.8G       610M       3.2G       5.7M        28M       183M

MemTotal:        4016004 kB
MemFree:         3390692 kB
Active:           346740 kB
Mem:          3.8G       610M       3.2G       5.7M        28M       183M

MemTotal:        4016004 kB
MemFree:         3390568 kB
Active:           346704 kB
Mem:          3.8G       610M       3.2G       5.7M        28M       183M

MemTotal:        4016004 kB
MemFree:         3390568 kB
Active:           346688 kB
Mem:          3.8G       610M       3.2G       5.7M        28M       183M

MemTotal:        4016004 kB
MemFree:         3390692 kB
Active:           346740 kB
Mem:          3.8G       610M       3.2G       5.7M        28M       183M

MemTotal:        4016004 kB
MemFree:         3390444 kB
Active:           346752 kB
Mem:          3.8G       610M       3.2G       5.7M        28M       183M

MemTotal:        4016004 kB
MemFree:         3390692 kB
Active:           346744 kB
Mem:          3.8G       610M       3.2G       5.7M        28M       183M

MemTotal:        4016004 kB
MemFree:         3390320 kB
Active:           346756 kB
Mem:          3.8G       610M       3.2G       5.7M        28M       183M

MemTotal:        4016004 kB
MemFree:         3390708 kB
Active:           346736 kB
Mem:          3.8G       610M       3.2G       5.7M        28M       183M

MemTotal:        4016004 kB
MemFree:         3390584 kB
Active:           346712 kB
Mem:          3.8G       610M       3.2G       5.7M        28M       183M

MemTotal:        4016004 kB
MemFree:         3390336 kB
Active:           346756 kB
Mem:          3.8G       610M       3.2G       5.7M        28M       183M

MemTotal:        4016004 kB
MemFree:         3390460 kB
Active:           346752 kB
Mem:          3.8G       610M       3.2G       5.7M        28M       183M

MemTotal:        4016004 kB
MemFree:         3391204 kB
Active:           346752 kB
Mem:          3.8G       610M       3.2G       5.7M        28M       183M

MemTotal:        4016004 kB
MemFree:         3390460 kB
Active:           346776 kB
Mem:          3.8G       610M       3.2G       5.7M        28M       183M

MemTotal:        4016004 kB
MemFree:         3390832 kB
Active:           346760 kB
Mem:          3.8G       610M       3.2G       5.7M        28M       183M

MemTotal:        4016004 kB
MemFree:         3391080 kB
Active:           346740 kB
Mem:          3.8G       610M       3.2G       5.7M        28M       183M

MemTotal:        4016004 kB
MemFree:         3391080 kB
Active:           346768 kB
Mem:          3.8G       610M       3.2G       5.7M        28M       183M

MemTotal:        4016004 kB
MemFree:         3391328 kB
Active:           346748 kB
Mem:          3.8G       610M       3.2G       5.7M        28M       183M

MemTotal:        4016004 kB
MemFree:         3391204 kB
Active:           346776 kB
Mem:          3.8G       610M       3.2G       5.7M        28M       183M

MemTotal:        4016004 kB
MemFree:         3391328 kB
Active:           346736 kB
Mem:          3.8G       610M       3.2G       5.7M        28M       183M

MemTotal:        4016004 kB
MemFree:         3391204 kB
Active:           346772 kB
Mem:          3.8G       610M       3.2G       5.7M        28M       183M

MemTotal:        4016004 kB
MemFree:         3391328 kB
Active:           346752 kB
Mem:          3.8G       610M       3.2G       5.7M        28M       183M

MemTotal:        4016004 kB
MemFree:         3390956 kB
Active:           346728 kB
Mem:          3.8G       610M       3.2G       5.7M        28M       183M

MemTotal:        4016004 kB
MemFree:         3390460 kB
Active:           346784 kB
Mem:          3.8G       610M       3.2G       5.7M        28M       183M

MemTotal:        4016004 kB
MemFree:         3390832 kB
Active:           346740 kB
Mem:          3.8G       610M       3.2G       5.7M        28M       184M

MemTotal:        4016004 kB
MemFree:         3390832 kB
Active:           346784 kB
Mem:          3.8G       610M       3.2G       5.7M        28M       184M

MemTotal:        4016004 kB
MemFree:         3390832 kB
Active:           346792 kB
Mem:          3.8G       610M       3.2G       5.7M        28M       184M

MemTotal:        4016004 kB
MemFree:         3390832 kB
Active:           346784 kB
Mem:          3.8G       610M       3.2G       5.7M        28M       184M

MemTotal:        4016004 kB
MemFree:         3390832 kB
Active:           346744 kB
Mem:          3.8G       610M       3.2G       5.7M        28M       184M

MemTotal:        4016004 kB
MemFree:         3390832 kB
Active:           346784 kB
Mem:          3.8G       610M       3.2G       5.7M        28M       184M

MemTotal:        4016004 kB
MemFree:         3390460 kB
Active:           346804 kB
Mem:          3.8G       610M       3.2G       5.7M        28M       184M

MemTotal:        4016004 kB
MemFree:         3390956 kB
Active:           346756 kB
Mem:          3.8G       610M       3.2G       5.7M        28M       184M

MemTotal:        4016004 kB
MemFree:         3391080 kB
Active:           346784 kB
