MemTotal:        4016004 kB
MemFree:         3248256 kB
Active:           413128 kB
Mem:          3.8G       749M       3.1G       5.7M        55M       316M

MemTotal:        4016004 kB
MemFree:         3247644 kB
Active:           413292 kB
Mem:          3.8G       749M       3.1G       5.7M        55M       316M

MemTotal:        4016004 kB
MemFree:         3247876 kB
Active:           413332 kB
Mem:          3.8G       750M       3.1G       5.7M        55M       316M

MemTotal:        4016004 kB
MemFree:         3247860 kB
Active:           413344 kB
Mem:          3.8G       750M       3.1G       5.7M        55M       316M

MemTotal:        4016004 kB
MemFree:         3247828 kB
Active:           413372 kB
Mem:          3.8G       750M       3.1G       5.7M        55M       316M

MemTotal:        4016004 kB
MemFree:         3247656 kB
Active:           413324 kB
Mem:          3.8G       750M       3.1G       5.7M        55M       316M

MemTotal:        4016004 kB
MemFree:         3247344 kB
Active:           411328 kB
Mem:          3.8G       750M       3.1G       5.7M        55M       316M

MemTotal:        4016004 kB
MemFree:         3246848 kB
Active:           413376 kB
Mem:          3.8G       750M       3.1G       5.7M        55M       316M

MemTotal:        4016004 kB
MemFree:         3247204 kB
Active:           413340 kB
Mem:          3.8G       750M       3.1G       5.7M        55M       316M

MemTotal:        4016004 kB
MemFree:         3246832 kB
Active:           413380 kB
Mem:          3.8G       750M       3.1G       5.7M        55M       316M

MemTotal:        4016004 kB
MemFree:         3247824 kB
Active:           413364 kB
Mem:          3.8G       750M       3.1G       5.7M        55M       316M

MemTotal:        4016004 kB
MemFree:         3247824 kB
Active:           413348 kB
Mem:          3.8G       750M       3.1G       5.7M        55M       316M

MemTotal:        4016004 kB
MemFree:         3247484 kB
Active:           413380 kB
Mem:          3.8G       750M       3.1G       5.7M        55M       316M

MemTotal:        4016004 kB
MemFree:         3247360 kB
Active:           413348 kB
Mem:          3.8G       750M       3.1G       5.7M        55M       316M

MemTotal:        4016004 kB
MemFree:         3247484 kB
Active:           413340 kB
Mem:          3.8G       750M       3.1G       5.7M        55M       316M

MemTotal:        4016004 kB
MemFree:         3247608 kB
Active:           413336 kB
Mem:          3.8G       750M       3.1G       5.7M        55M       316M

MemTotal:        4016004 kB
MemFree:         3247608 kB
Active:           413348 kB
Mem:          3.8G       750M       3.1G       5.7M        55M       316M

MemTotal:        4016004 kB
MemFree:         3247096 kB
Active:           413384 kB
Mem:          3.8G       750M       3.1G       5.7M        55M       316M

MemTotal:        4016004 kB
MemFree:         3246832 kB
Active:           413384 kB
Mem:          3.8G       750M       3.1G       5.7M        55M       316M

MemTotal:        4016004 kB
MemFree:         3247312 kB
Active:           413376 kB
Mem:          3.8G       750M       3.1G       5.7M        55M       316M

MemTotal:        4016004 kB
MemFree:         3246924 kB
Active:           413364 kB
Mem:          3.8G       751M       3.1G       5.7M        55M       316M

MemTotal:        4016004 kB
MemFree:         3246676 kB
Active:           413392 kB
Mem:          3.8G       750M       3.1G       5.7M        55M       316M

MemTotal:        4016004 kB
MemFree:         3247280 kB
Active:           413376 kB
Mem:          3.8G       750M       3.1G       5.7M        55M       316M

MemTotal:        4016004 kB
MemFree:         3247172 kB
Active:           413344 kB
Mem:          3.8G       751M       3.1G       5.7M        55M       316M

MemTotal:        4016004 kB
MemFree:         3247172 kB
Active:           413392 kB
Mem:          3.8G       750M       3.1G       5.7M        55M       316M

MemTotal:        4016004 kB
MemFree:         3247296 kB
Active:           413352 kB
Mem:          3.8G       750M       3.1G       5.7M        55M       316M

MemTotal:        4016004 kB
MemFree:         3247172 kB
Active:           413360 kB
Mem:          3.8G       751M       3.1G       5.7M        55M       316M

MemTotal:        4016004 kB
MemFree:         3246676 kB
Active:           413396 kB
Mem:          3.8G       751M       3.1G       5.7M        55M       316M

MemTotal:        4016004 kB
MemFree:         3247048 kB
Active:           413372 kB
Mem:          3.8G       751M       3.1G       5.7M        55M       316M

MemTotal:        4016004 kB
MemFree:         3247048 kB
Active:           413372 kB
Mem:          3.8G       750M       3.1G       5.7M        55M       316M

MemTotal:        4016004 kB
MemFree:         3247172 kB
Active:           413408 kB
Mem:          3.8G       750M       3.1G       5.7M        55M       316M

MemTotal:        4016004 kB
MemFree:         3247544 kB
Active:           413364 kB
Mem:          3.8G       750M       3.1G       5.7M        55M       316M

MemTotal:        4016004 kB
MemFree:         3247544 kB
Active:           413368 kB
Mem:          3.8G       750M       3.1G       5.7M        55M       316M

MemTotal:        4016004 kB
MemFree:         3247544 kB
Active:           413368 kB
Mem:          3.8G       750M       3.1G       5.7M        55M       316M

MemTotal:        4016004 kB
MemFree:         3247280 kB
Active:           413388 kB
Mem:          3.8G       750M       3.1G       5.7M        55M       316M

MemTotal:        4016004 kB
MemFree:         3247140 kB
Active:           413372 kB
Mem:          3.8G       750M       3.1G       5.7M        55M       316M

MemTotal:        4016004 kB
MemFree:         3247496 kB
Active:           413372 kB
Mem:          3.8G       750M       3.1G       5.7M        55M       316M

MemTotal:        4016004 kB
MemFree:         3247248 kB
Active:           413412 kB
Mem:          3.8G       750M       3.1G       5.7M        55M       316M

MemTotal:        4016004 kB
MemFree:         3247000 kB
Active:           413416 kB
Mem:          3.8G       750M       3.1G       5.7M        55M       316M

MemTotal:        4016004 kB
MemFree:         3246876 kB
Active:           413392 kB
Mem:          3.8G       751M       3.1G       5.7M        55M       316M

MemTotal:        4016004 kB
MemFree:         3246676 kB
Active:           413384 kB
Mem:          3.8G       751M       3.1G       5.7M        55M       316M

MemTotal:        4016004 kB
MemFree:         3246304 kB
Active:           413428 kB
Mem:          3.8G       751M       3.1G       5.7M        55M       316M

MemTotal:        4016004 kB
MemFree:         3246800 kB
Active:           413376 kB
Mem:          3.8G       751M       3.1G       5.7M        55M       316M

MemTotal:        4016004 kB
MemFree:         3246676 kB
Active:           413420 kB
Mem:          3.8G       751M       3.1G       5.7M        55M       316M

MemTotal:        4016004 kB
MemFree:         3246412 kB
Active:           413432 kB
Mem:          3.8G       751M       3.1G       5.7M        55M       316M

MemTotal:        4016004 kB
MemFree:         3247016 kB
Active:           413392 kB
Mem:          3.8G       750M       3.1G       5.7M        55M       316M

MemTotal:        4016004 kB
MemFree:         3247016 kB
Active:           413376 kB
Mem:          3.8G       750M       3.1G       5.7M        55M       316M

MemTotal:        4016004 kB
MemFree:         3247264 kB
Active:           413412 kB
Mem:          3.8G       750M       3.1G       5.7M        55M       316M

MemTotal:        4016004 kB
MemFree:         3247264 kB
Active:           413440 kB
Mem:          3.8G       750M       3.1G       5.7M        55M       316M

MemTotal:        4016004 kB
MemFree:         3247512 kB
Active:           413392 kB
Mem:          3.8G       750M       3.1G       5.7M        55M       316M

MemTotal:        4016004 kB
MemFree:         3247512 kB
Active:           413436 kB
Mem:          3.8G       750M       3.1G       5.7M        55M       316M

MemTotal:        4016004 kB
MemFree:         3247512 kB
Active:           413404 kB
Mem:          3.8G       750M       3.1G       5.7M        55M       316M

MemTotal:        4016004 kB
MemFree:         3247248 kB
Active:           413424 kB
Mem:          3.8G       750M       3.1G       5.7M        55M       316M

MemTotal:        4016004 kB
MemFree:         3247444 kB
Active:           413440 kB
Mem:          3.8G       750M       3.1G       5.7M        55M       316M

MemTotal:        4016004 kB
MemFree:         3247196 kB
Active:           413448 kB
Mem:          3.8G       750M       3.1G       5.7M        55M       316M

MemTotal:        4016004 kB
MemFree:         3247320 kB
Active:           413432 kB
Mem:          3.8G       750M       3.1G       5.7M        55M       316M

MemTotal:        4016004 kB
MemFree:         3247568 kB
Active:           413432 kB
Mem:          3.8G       750M       3.1G       5.7M        55M       316M

MemTotal:        4016004 kB
MemFree:         3247692 kB
Active:           413432 kB
Mem:          3.8G       750M       3.1G       5.7M        55M       316M

MemTotal:        4016004 kB
MemFree:         3247816 kB
Active:           413448 kB
Mem:          3.8G       750M       3.1G       5.7M        55M       316M

MemTotal:        4016004 kB
MemFree:         3247304 kB
Active:           413464 kB
Mem:          3.8G       750M       3.1G       5.7M        55M       316M

MemTotal:        4016004 kB
MemFree:         3247304 kB
Active:           413420 kB
Mem:          3.8G       750M       3.1G       5.7M        55M       316M

MemTotal:        4016004 kB
MemFree:         3247180 kB
Active:           413472 kB
Mem:          3.8G       750M       3.1G       5.7M        55M       316M

MemTotal:        4016004 kB
MemFree:         3247104 kB
Active:           413484 kB
Mem:          3.8G       751M       3.1G       5.7M        55M       316M

MemTotal:        4016004 kB
MemFree:         3246732 kB
Active:           413484 kB
Mem:          3.8G       750M       3.1G       5.7M        55M       316M

MemTotal:        4016004 kB
MemFree:         3247352 kB
Active:           413432 kB
Mem:          3.8G       750M       3.1G       5.7M        55M       316M

MemTotal:        4016004 kB
MemFree:         3246980 kB
Active:           413484 kB
Mem:          3.8G       750M       3.1G       5.7M        55M       316M

MemTotal:        4016004 kB
MemFree:         3247476 kB
Active:           413428 kB
Mem:          3.8G       750M       3.1G       5.7M        55M       316M

MemTotal:        4016004 kB
MemFree:         3247600 kB
Active:           413448 kB
Mem:          3.8G       750M       3.1G       5.7M        55M       316M

MemTotal:        4016004 kB
MemFree:         3247352 kB
Active:           413456 kB
Mem:          3.8G       750M       3.1G       5.7M        55M       316M

MemTotal:        4016004 kB
MemFree:         3247492 kB
Active:           413428 kB
Mem:          3.8G       750M       3.1G       5.7M        55M       316M

MemTotal:        4016004 kB
MemFree:         3247616 kB
Active:           413460 kB
Mem:          3.8G       750M       3.1G       5.7M        55M       316M

MemTotal:        4016004 kB
MemFree:         3247988 kB
Active:           413448 kB
Mem:          3.8G       750M       3.1G       5.7M        55M       316M

MemTotal:        4016004 kB
MemFree:         3247972 kB
Active:           413440 kB
Mem:          3.8G       750M       3.1G       5.7M        55M       316M

MemTotal:        4016004 kB
MemFree:         3247708 kB
Active:           413452 kB
Mem:          3.8G       750M       3.1G       5.7M        55M       316M

MemTotal:        4016004 kB
MemFree:         3247816 kB
Active:           413448 kB
Mem:          3.8G       750M       3.1G       5.7M        55M       316M

MemTotal:        4016004 kB
MemFree:         3247832 kB
Active:           413440 kB
Mem:          3.8G       750M       3.1G       5.7M        55M       316M

MemTotal:        4016004 kB
MemFree:         3246528 kB
Active:           411460 kB
Mem:          3.8G       751M       3.1G       5.7M        55M       316M

MemTotal:        4016004 kB
MemFree:         3246652 kB
Active:           413508 kB
Mem:          3.8G       751M       3.1G       5.7M        55M       316M

MemTotal:        4016004 kB
MemFree:         3246900 kB
Active:           413488 kB
Mem:          3.8G       751M       3.1G       5.7M        55M       316M

MemTotal:        4016004 kB
MemFree:         3247148 kB
Active:           413484 kB
Mem:          3.8G       750M       3.1G       5.7M        55M       316M

MemTotal:        4016004 kB
MemFree:         3246776 kB
Active:           413508 kB
Mem:          3.8G       751M       3.1G       5.7M        55M       316M

MemTotal:        4016004 kB
MemFree:         3246900 kB
Active:           413508 kB
Mem:          3.8G       751M       3.1G       5.7M        55M       316M

MemTotal:        4016004 kB
MemFree:         3246776 kB
Active:           413512 kB
Mem:          3.8G       751M       3.1G       5.7M        55M       316M

MemTotal:        4016004 kB
MemFree:         3246576 kB
Active:           413528 kB
Mem:          3.8G       751M       3.1G       5.7M        55M       316M

MemTotal:        4016004 kB
MemFree:         3246948 kB
Active:           413520 kB
Mem:          3.8G       751M       3.1G       5.7M        55M       316M

MemTotal:        4016004 kB
MemFree:         3247072 kB
Active:           413524 kB
Mem:          3.8G       750M       3.1G       5.7M        55M       316M

MemTotal:        4016004 kB
MemFree:         3246824 kB
Active:           413528 kB
Mem:          3.8G       751M       3.1G       5.7M        55M       316M

MemTotal:        4016004 kB
MemFree:         3247056 kB
Active:           413516 kB
Mem:          3.8G       751M       3.1G       5.7M        55M       316M

MemTotal:        4016004 kB
MemFree:         3247056 kB
Active:           413488 kB
Mem:          3.8G       751M       3.1G       5.7M        55M       316M

MemTotal:        4016004 kB
MemFree:         3247304 kB
Active:           413512 kB
Mem:          3.8G       750M       3.1G       5.7M        55M       316M

MemTotal:        4016004 kB
MemFree:         3247304 kB
Active:           413520 kB
Mem:          3.8G       750M       3.1G       5.7M        55M       316M

MemTotal:        4016004 kB
MemFree:         3247164 kB
Active:           413520 kB
Mem:          3.8G       750M       3.1G       5.7M        55M       316M

MemTotal:        4016004 kB
MemFree:         3247272 kB
Active:           413508 kB
Mem:          3.8G       750M       3.1G       5.7M        55M       316M

MemTotal:        4016004 kB
MemFree:         3246900 kB
Active:           413536 kB
Mem:          3.8G       751M       3.1G       5.7M        55M       316M

MemTotal:        4016004 kB
MemFree:         3247008 kB
Active:           413488 kB
Mem:          3.8G       750M       3.1G       5.7M        55M       316M

MemTotal:        4016004 kB
MemFree:         3246744 kB
Active:           413536 kB
Mem:          3.8G       751M       3.1G       5.7M        55M       316M

MemTotal:        4016004 kB
MemFree:         3246496 kB
Active:           413544 kB
Mem:          3.8G       751M       3.1G       5.7M        55M       316M

MemTotal:        4016004 kB
MemFree:         3247116 kB
Active:           413516 kB
Mem:          3.8G       750M       3.1G       5.7M        55M       316M

MemTotal:        4016004 kB
MemFree:         3247736 kB
Active:           413496 kB
Mem:          3.8G       750M       3.1G       5.7M        55M       316M

MemTotal:        4016004 kB
MemFree:         3247736 kB
Active:           413488 kB
Mem:          3.8G       750M       3.1G       5.7M        55M       316M

MemTotal:        4016004 kB
MemFree:         3247084 kB
Active:           413692 kB
Mem:          3.8G       750M       3.1G       5.7M        55M       316M

MemTotal:        4016004 kB
MemFree:         3205952 kB
Active:           414376 kB
Mem:          3.8G       792M       3.1G       5.7M        55M       356M

MemTotal:        4016004 kB
MemFree:         3161216 kB
Active:           414444 kB
Mem:          3.8G       835M       3.0G       5.7M        55M       399M

MemTotal:        4016004 kB
MemFree:         3115860 kB
Active:           414488 kB
Mem:          3.8G       880M       3.0G       5.7M        55M       443M

MemTotal:        4016004 kB
MemFree:         3071124 kB
Active:           414476 kB
Mem:          3.8G       923M       2.9G       5.7M        55M       486M

MemTotal:        4016004 kB
MemFree:         3026372 kB
Active:           414528 kB
Mem:          3.8G       966M       2.9G       5.7M        55M       528M

MemTotal:        4016004 kB
MemFree:         2981636 kB
Active:           414536 kB
Mem:          3.8G       1.0G       2.8G       5.7M        56M       571M

MemTotal:        4016004 kB
MemFree:         2937148 kB
Active:           414592 kB
Mem:          3.8G       1.0G       2.8G       5.7M        56M       614M

MemTotal:        4016004 kB
MemFree:         2891916 kB
Active:           414596 kB
Mem:          3.8G       1.1G       2.8G       5.7M        56M       657M

MemTotal:        4016004 kB
MemFree:         2847672 kB
Active:           414644 kB
Mem:          3.8G       1.1G       2.7G       5.7M        56M       700M

MemTotal:        4016004 kB
MemFree:         2803200 kB
Active:           414664 kB
Mem:          3.8G       1.2G       2.7G       5.7M        56M       743M

MemTotal:        4016004 kB
MemFree:         2759032 kB
Active:           414688 kB
Mem:          3.8G       1.2G       2.6G       5.7M        56M       784M

MemTotal:        4016004 kB
MemFree:         2735908 kB
Active:           414704 kB
Mem:          3.8G       1.2G       2.6G       5.7M        56M       807M

MemTotal:        4016004 kB
MemFree:         2691172 kB
Active:           414732 kB
Mem:          3.8G       1.3G       2.6G       5.7M        56M       849M

MemTotal:        4016004 kB
MemFree:         2687292 kB
Active:           414736 kB
Mem:          3.8G       1.3G       2.6G       5.7M        56M       853M

MemTotal:        4016004 kB
MemFree:         2658072 kB
Active:           414744 kB
Mem:          3.8G       1.3G       2.5G       5.7M        56M       881M

MemTotal:        4016004 kB
MemFree:         2610908 kB
Active:           414788 kB
Mem:          3.8G       1.3G       2.5G       5.7M        56M       924M

MemTotal:        4016004 kB
MemFree:         2611036 kB
Active:           416812 kB
Mem:          3.8G       1.3G       2.5G       5.7M        56M       924M

MemTotal:        4016004 kB
MemFree:         2574812 kB
Active:           416836 kB
Mem:          3.8G       1.4G       2.5G       5.7M        56M       959M

MemTotal:        4016004 kB
MemFree:         2530820 kB
Active:           416844 kB
Mem:          3.8G       1.4G       2.4G       5.7M        56M       1.0G

MemTotal:        4016004 kB
MemFree:         2486068 kB
Active:           416888 kB
Mem:          3.8G       1.5G       2.4G       5.7M        56M       1.0G

MemTotal:        4016004 kB
MemFree:         2441456 kB
Active:           416880 kB
Mem:          3.8G       1.5G       2.3G       5.7M        56M       1.1G

MemTotal:        4016004 kB
MemFree:         2396472 kB
Active:           416960 kB
Mem:          3.8G       1.5G       2.3G       5.7M        56M       1.1G

MemTotal:        4016004 kB
MemFree:         2352232 kB
Active:           416968 kB
Mem:          3.8G       1.6G       2.2G       5.7M        56M       1.1G

MemTotal:        4016004 kB
MemFree:         2308300 kB
Active:           416988 kB
Mem:          3.8G       1.6G       2.2G       5.7M        56M       1.2G

MemTotal:        4016004 kB
MemFree:         2263364 kB
Active:           416988 kB
Mem:          3.8G       1.7G       2.2G       5.7M        56M       1.2G

MemTotal:        4016004 kB
MemFree:         2231144 kB
Active:           414948 kB
Mem:          3.8G       1.7G       2.1G       5.7M        56M       1.3G

MemTotal:        4016004 kB
MemFree:         2229564 kB
Active:           417036 kB
Mem:          3.8G       1.7G       2.1G       5.7M        56M       1.3G

MemTotal:        4016004 kB
MemFree:         2218392 kB
Active:           417056 kB
Mem:          3.8G       1.7G       2.1G       5.7M        56M       1.3G

MemTotal:        4016004 kB
MemFree:         2173876 kB
Active:           417104 kB
Mem:          3.8G       1.8G       2.1G       5.7M        56M       1.3G

MemTotal:        4016004 kB
MemFree:         2128880 kB
Active:           417124 kB
Mem:          3.8G       1.8G       2.0G       5.7M        56M       1.4G

MemTotal:        4016004 kB
MemFree:         2084208 kB
Active:           417112 kB
Mem:          3.8G       1.8G       2.0G       5.7M        56M       1.4G

MemTotal:        4016004 kB
MemFree:         2039224 kB
Active:           417176 kB
Mem:          3.8G       1.9G       1.9G       5.7M        56M       1.4G

MemTotal:        4016004 kB
MemFree:         1995232 kB
Active:           417172 kB
Mem:          3.8G       1.9G       1.9G       5.7M        56M       1.5G

MemTotal:        4016004 kB
MemFree:         1950744 kB
Active:           417188 kB
Mem:          3.8G       2.0G       1.9G       5.7M        56M       1.5G

MemTotal:        4016004 kB
MemFree:         1905992 kB
Active:           417220 kB
Mem:          3.8G       2.0G       1.8G       5.7M        56M       1.6G

MemTotal:        4016004 kB
MemFree:         1860848 kB
Active:           415276 kB
Mem:          3.8G       2.1G       1.8G       5.7M        56M       1.6G

MemTotal:        4016004 kB
MemFree:         1831060 kB
Active:           417280 kB
Mem:          3.8G       2.1G       1.7G       5.7M        56M       1.6G

MemTotal:        4016004 kB
MemFree:         1786580 kB
Active:           417280 kB
Mem:          3.8G       2.1G       1.7G       5.7M        56M       1.7G

MemTotal:        4016004 kB
MemFree:         1772064 kB
Active:           417304 kB
Mem:          3.8G       2.1G       1.7G       5.7M        56M       1.7G

MemTotal:        4016004 kB
MemFree:         1749256 kB
Active:           417348 kB
Mem:          3.8G       2.2G       1.7G       5.7M        56M       1.7G

MemTotal:        4016004 kB
MemFree:         1705312 kB
Active:           417356 kB
Mem:          3.8G       2.2G       1.6G       5.7M        56M       1.8G

MemTotal:        4016004 kB
MemFree:         1678516 kB
Active:           417364 kB
Mem:          3.8G       2.2G       1.6G       5.7M        56M       1.8G

MemTotal:        4016004 kB
MemFree:         1662508 kB
Active:           417364 kB
Mem:          3.8G       2.2G       1.6G       5.7M        56M       1.8G

MemTotal:        4016004 kB
MemFree:         1617772 kB
Active:           417420 kB
Mem:          3.8G       2.3G       1.5G       5.7M        56M       1.8G

MemTotal:        4016004 kB
MemFree:         1573408 kB
Active:           417436 kB
Mem:          3.8G       2.3G       1.5G       5.7M        56M       1.9G

MemTotal:        4016004 kB
MemFree:         1528668 kB
Active:           415472 kB
Mem:          3.8G       2.4G       1.5G       5.7M        56M       1.9G

MemTotal:        4016004 kB
MemFree:         1484176 kB
Active:           417496 kB
Mem:          3.8G       2.4G       1.4G       5.7M        56M       2.0G

MemTotal:        4016004 kB
MemFree:         1439424 kB
Active:           417520 kB
Mem:          3.8G       2.5G       1.4G       5.7M        56M       2.0G

MemTotal:        4016004 kB
MemFree:         1416280 kB
Active:           417532 kB
Mem:          3.8G       2.5G       1.4G       5.7M        56M       2.0G

MemTotal:        4016004 kB
MemFree:         1372104 kB
Active:           417568 kB
Mem:          3.8G       2.5G       1.3G       5.7M        56M       2.1G

MemTotal:        4016004 kB
MemFree:         1327460 kB
Active:           417588 kB
Mem:          3.8G       2.6G       1.3G       5.7M        56M       2.1G

MemTotal:        4016004 kB
MemFree:         1326244 kB
Active:           417556 kB
Mem:          3.8G       2.6G       1.3G       5.7M        56M       2.1G

MemTotal:        4016004 kB
MemFree:         1327272 kB
Active:           417576 kB
Mem:          3.8G       2.6G       1.3G       5.7M        56M       2.1G

MemTotal:        4016004 kB
MemFree:         1322256 kB
Active:           417592 kB
Mem:          3.8G       2.6G       1.3G       5.7M        56M       2.1G

MemTotal:        4016004 kB
MemFree:         1277800 kB
Active:           417612 kB
Mem:          3.8G       2.6G       1.2G       5.7M        56M       2.2G

MemTotal:        4016004 kB
MemFree:         1230956 kB
Active:           417660 kB
Mem:          3.8G       2.7G       1.2G       5.7M        56M       2.2G

MemTotal:        4016004 kB
MemFree:         1186204 kB
Active:           419672 kB
Mem:          3.8G       2.7G       1.1G       5.7M        56M       2.2G

MemTotal:        4016004 kB
MemFree:         1140724 kB
Active:           419740 kB
Mem:          3.8G       2.7G       1.1G       5.7M        56M       2.3G

MemTotal:        4016004 kB
MemFree:         1096732 kB
Active:           419748 kB
Mem:          3.8G       2.8G       1.0G       5.7M        57M       2.3G

MemTotal:        4016004 kB
MemFree:         1051624 kB
Active:           419748 kB
Mem:          3.8G       2.8G       1.0G       5.7M        57M       2.4G

MemTotal:        4016004 kB
MemFree:         1007244 kB
Active:           419784 kB
Mem:          3.8G       2.9G       982M       5.7M        57M       2.4G

MemTotal:        4016004 kB
MemFree:          964332 kB
Active:           419956 kB
Mem:          3.8G       2.9G       940M       5.7M        57M       2.4G

MemTotal:        4016004 kB
MemFree:          958552 kB
Active:           419944 kB
Mem:          3.8G       2.9G       935M       5.7M        57M       2.5G

MemTotal:        4016004 kB
MemFree:          921632 kB
Active:           419956 kB
Mem:          3.8G       3.0G       899M       5.7M        57M       2.5G

MemTotal:        4016004 kB
MemFree:          876648 kB
Active:           420012 kB
Mem:          3.8G       3.0G       855M       5.7M        57M       2.5G

MemTotal:        4016004 kB
MemFree:          832404 kB
Active:           420016 kB
Mem:          3.8G       3.0G       811M       5.7M        57M       2.6G

MemTotal:        4016004 kB
MemFree:          787852 kB
Active:           420084 kB
Mem:          3.8G       3.1G       768M       5.7M        57M       2.6G

MemTotal:        4016004 kB
MemFree:          781964 kB
Active:           420064 kB
Mem:          3.8G       3.1G       763M       5.7M        57M       2.6G

MemTotal:        4016004 kB
MemFree:          750300 kB
Active:           420064 kB
Mem:          3.8G       3.1G       731M       5.7M        57M       2.6G

MemTotal:        4016004 kB
MemFree:          705688 kB
Active:           420116 kB
Mem:          3.8G       3.2G       687M       5.7M        57M       2.7G

MemTotal:        4016004 kB
MemFree:          660952 kB
Active:           420104 kB
Mem:          3.8G       3.2G       644M       5.7M        57M       2.7G

MemTotal:        4016004 kB
MemFree:          615968 kB
Active:           420184 kB
Mem:          3.8G       3.2G       600M       5.7M        57M       2.8G

MemTotal:        4016004 kB
MemFree:          595112 kB
Active:           420200 kB
Mem:          3.8G       3.3G       579M       5.7M        57M       2.8G

MemTotal:        4016004 kB
MemFree:          549864 kB
Active:           420224 kB
Mem:          3.8G       3.3G       536M       5.7M        57M       2.8G

MemTotal:        4016004 kB
MemFree:          537972 kB
Active:           420240 kB
Mem:          3.8G       3.3G       525M       5.7M        57M       2.8G

MemTotal:        4016004 kB
MemFree:          493096 kB
Active:           418316 kB
Mem:          3.8G       3.4G       480M       5.7M        57M       2.9G

MemTotal:        4016004 kB
MemFree:          452920 kB
Active:           420300 kB
Mem:          3.8G       3.4G       442M       5.7M        57M       2.9G

MemTotal:        4016004 kB
MemFree:          452984 kB
Active:           420272 kB
Mem:          3.8G       3.4G       442M       5.7M        57M       2.9G

MemTotal:        4016004 kB
MemFree:          452892 kB
Active:           420308 kB
Mem:          3.8G       3.4G       442M       5.7M        57M       2.9G

MemTotal:        4016004 kB
MemFree:          452228 kB
Active:           420168 kB
Mem:          3.8G       3.4G       440M       5.7M        57M       2.9G

MemTotal:        4016004 kB
MemFree:          408384 kB
Active:           420152 kB
Mem:          3.8G       3.4G       398M       5.7M        57M       3.0G

MemTotal:        4016004 kB
MemFree:          364004 kB
Active:           420192 kB
Mem:          3.8G       3.5G       354M       5.7M        57M       3.0G

MemTotal:        4016004 kB
MemFree:          319392 kB
Active:           420196 kB
Mem:          3.8G       3.5G       311M       5.7M        57M       3.1G

MemTotal:        4016004 kB
MemFree:          274780 kB
Active:           420208 kB
Mem:          3.8G       3.6G       267M       5.7M        57M       3.1G

MemTotal:        4016004 kB
MemFree:          229796 kB
Active:           420260 kB
Mem:          3.8G       3.6G       223M       5.7M        57M       3.1G

MemTotal:        4016004 kB
MemFree:          185320 kB
Active:           418436 kB
Mem:          3.8G       3.7G       180M       5.7M        57M       3.2G

MemTotal:        4016004 kB
MemFree:          140740 kB
Active:           420348 kB
Mem:          3.8G       3.7G       136M       5.7M        57M       3.2G

MemTotal:        4016004 kB
MemFree:          132620 kB
Active:           417036 kB
Mem:          3.8G       3.7G       123M       5.7M        23M       3.3G

MemTotal:        4016004 kB
MemFree:          121580 kB
Active:           426944 kB
Mem:          3.8G       3.7G       117M       5.7M        23M       3.3G

MemTotal:        4016004 kB
MemFree:          108660 kB
Active:           443200 kB
Mem:          3.8G       3.7G       130M       5.7M        22M       3.3G

MemTotal:        4016004 kB
MemFree:          125028 kB
Active:           480728 kB
Mem:          3.8G       3.7G       120M       5.7M        22M       3.3G

MemTotal:        4016004 kB
MemFree:          134296 kB
Active:           477232 kB
Mem:          3.8G       3.7G       131M       5.7M        22M       3.3G

MemTotal:        4016004 kB
MemFree:          129768 kB
Active:           477252 kB
Mem:          3.8G       3.7G       126M       5.7M        22M       3.3G

MemTotal:        4016004 kB
MemFree:          128736 kB
Active:           477376 kB
Mem:          3.8G       3.7G       124M       5.7M        22M       3.3G

MemTotal:        4016004 kB
MemFree:          144504 kB
Active:           468008 kB
Mem:          3.8G       3.7G       139M       5.7M        22M       3.3G

MemTotal:        4016004 kB
MemFree:          135468 kB
Active:           466748 kB
Mem:          3.8G       3.7G       131M       5.7M        22M       3.3G

MemTotal:        4016004 kB
MemFree:          108352 kB
Active:           463960 kB
Mem:          3.8G       3.7G       104M       5.7M        22M       3.3G

MemTotal:        4016004 kB
MemFree:          130212 kB
Active:           457588 kB
Mem:          3.8G       3.7G       133M       5.7M        22M       3.3G

MemTotal:        4016004 kB
MemFree:          134664 kB
Active:           452592 kB
Mem:          3.8G       3.7G       131M       5.7M        22M       3.3G

MemTotal:        4016004 kB
MemFree:          131936 kB
Active:           447908 kB
Mem:          3.8G       3.7G       130M       5.7M        22M       3.3G

MemTotal:        4016004 kB
MemFree:          126088 kB
Active:           443832 kB
Mem:          3.8G       3.7G       121M       5.7M        22M       3.3G

MemTotal:        4016004 kB
MemFree:          109960 kB
Active:           442320 kB
Mem:          3.8G       3.7G       106M       5.7M        22M       3.3G

MemTotal:        4016004 kB
MemFree:          126204 kB
Active:           440648 kB
Mem:          3.8G       3.7G       122M       5.7M        22M       3.3G

MemTotal:        4016004 kB
MemFree:          135040 kB
Active:           438660 kB
Mem:          3.8G       3.7G       131M       5.7M        23M       3.3G

MemTotal:        4016004 kB
MemFree:          135996 kB
Active:           437008 kB
Mem:          3.8G       3.7G       132M       5.7M        23M       3.3G

MemTotal:        4016004 kB
MemFree:          105628 kB
Active:           437004 kB
Mem:          3.8G       3.7G       124M       5.7M        23M       3.3G

MemTotal:        4016004 kB
MemFree:          125336 kB
Active:           435028 kB
Mem:          3.8G       3.7G       122M       5.7M        23M       3.3G

MemTotal:        4016004 kB
MemFree:          123252 kB
Active:           434856 kB
Mem:          3.8G       3.7G       120M       5.7M        23M       3.3G

MemTotal:        4016004 kB
MemFree:          123288 kB
Active:           434920 kB
Mem:          3.8G       3.7G       120M       5.7M        23M       3.3G

MemTotal:        4016004 kB
MemFree:          123448 kB
Active:           434876 kB
Mem:          3.8G       3.7G       120M       5.7M        23M       3.3G

MemTotal:        4016004 kB
MemFree:          122096 kB
Active:           433792 kB
Mem:          3.8G       3.7G       117M       5.7M        23M       3.3G

MemTotal:        4016004 kB
MemFree:          106424 kB
Active:           432788 kB
Mem:          3.8G       3.7G       103M       5.7M        23M       3.3G

MemTotal:        4016004 kB
MemFree:          128384 kB
Active:           430612 kB
Mem:          3.8G       3.7G       124M       5.7M        23M       3.3G

MemTotal:        4016004 kB
MemFree:          119500 kB
Active:           429512 kB
Mem:          3.8G       3.7G       115M       5.7M        23M       3.3G

MemTotal:        4016004 kB
MemFree:          121744 kB
Active:           427584 kB
Mem:          3.8G       3.7G       118M       5.7M        23M       3.3G

MemTotal:        4016004 kB
MemFree:          113588 kB
Active:           426476 kB
Mem:          3.8G       3.7G       109M       5.7M        23M       3.3G

MemTotal:        4016004 kB
MemFree:          105184 kB
Active:           425328 kB
Mem:          3.8G       3.7G       124M       5.7M        23M       3.3G

MemTotal:        4016004 kB
MemFree:          125804 kB
Active:           421352 kB
Mem:          3.8G       3.7G       122M       5.7M        23M       3.3G

MemTotal:        4016004 kB
MemFree:          106716 kB
Active:           421280 kB
Mem:          3.8G       3.7G       103M       5.7M        23M       3.3G

MemTotal:        4016004 kB
MemFree:          122476 kB
Active:           419504 kB
Mem:          3.8G       3.7G       118M       5.7M        23M       3.3G

MemTotal:        4016004 kB
MemFree:          123680 kB
Active:           418612 kB
Mem:          3.8G       3.7G       120M       5.7M        23M       3.3G

MemTotal:        4016004 kB
MemFree:          108952 kB
Active:           417500 kB
Mem:          3.8G       3.7G       105M       5.7M        23M       3.3G

MemTotal:        4016004 kB
MemFree:          129712 kB
Active:           416512 kB
Mem:          3.8G       3.7G       126M       5.7M        23M       3.3G

MemTotal:        4016004 kB
MemFree:          130148 kB
Active:           416496 kB
Mem:          3.8G       3.7G       127M       5.7M        23M       3.3G

MemTotal:        4016004 kB
MemFree:          130492 kB
Active:           416468 kB
Mem:          3.8G       3.7G       127M       5.7M        23M       3.3G

MemTotal:        4016004 kB
MemFree:          127828 kB
Active:           416016 kB
Mem:          3.8G       3.7G       124M       5.7M        23M       3.3G

MemTotal:        4016004 kB
MemFree:          122416 kB
Active:           414512 kB
Mem:          3.8G       3.7G       118M       5.7M        23M       3.3G

MemTotal:        4016004 kB
MemFree:          112664 kB
Active:           413384 kB
Mem:          3.8G       3.7G       109M       5.7M        23M       3.3G

MemTotal:        4016004 kB
MemFree:          128812 kB
Active:           411620 kB
Mem:          3.8G       3.7G       125M       5.7M        23M       3.3G

MemTotal:        4016004 kB
MemFree:          120408 kB
Active:           410496 kB
Mem:          3.8G       3.7G       116M       5.7M        23M       3.3G

MemTotal:        4016004 kB
MemFree:          129860 kB
Active:           406536 kB
Mem:          3.8G       3.7G       125M       5.7M        23M       3.3G

MemTotal:        4016004 kB
MemFree:          133360 kB
Active:           402880 kB
Mem:          3.8G       3.7G       129M       5.7M        23M       3.3G

MemTotal:        4016004 kB
MemFree:          137092 kB
Active:           401240 kB
Mem:          3.8G       3.7G       132M       5.7M        23M       3.3G

MemTotal:        4016004 kB
MemFree:          127368 kB
Active:           401252 kB
Mem:          3.8G       3.7G       124M       5.7M        23M       3.3G

MemTotal:        4016004 kB
MemFree:          127652 kB
Active:           401264 kB
Mem:          3.8G       3.7G       124M       5.7M        23M       3.3G

MemTotal:        4016004 kB
MemFree:          126832 kB
Active:           400136 kB
Mem:          3.8G       3.7G       123M       5.7M        23M       3.3G

MemTotal:        4016004 kB
MemFree:          112584 kB
Active:           399120 kB
Mem:          3.8G       3.7G       109M       5.7M        23M       3.3G

MemTotal:        4016004 kB
MemFree:          104800 kB
Active:           397968 kB
Mem:          3.8G       3.7G       124M       5.7M        23M       3.3G

MemTotal:        4016004 kB
MemFree:          125404 kB
Active:           396096 kB
Mem:          3.8G       3.7G       122M       5.7M        23M       3.3G

MemTotal:        4016004 kB
MemFree:          125252 kB
Active:           396096 kB
Mem:          3.8G       3.7G       122M       5.7M        23M       3.3G

MemTotal:        4016004 kB
MemFree:          126124 kB
Active:           396100 kB
Mem:          3.8G       3.7G       123M       5.7M        23M       3.3G

MemTotal:        4016004 kB
MemFree:          118448 kB
Active:           396084 kB
Mem:          3.8G       3.7G       114M       5.7M        23M       3.3G

MemTotal:        4016004 kB
MemFree:          109148 kB
Active:           394988 kB
Mem:          3.8G       3.7G       105M       5.7M        23M       3.3G

MemTotal:        4016004 kB
MemFree:          125584 kB
Active:           393348 kB
Mem:          3.8G       3.7G       121M       5.7M        23M       3.3G

MemTotal:        4016004 kB
MemFree:          113032 kB
Active:           391968 kB
Mem:          3.8G       3.7G       109M       5.7M        23M       3.3G

MemTotal:        4016004 kB
MemFree:          129360 kB
Active:           390328 kB
Mem:          3.8G       3.7G       125M       5.7M        23M       3.3G

MemTotal:        4016004 kB
MemFree:          127084 kB
Active:           388688 kB
Mem:          3.8G       3.7G       123M       5.7M        23M       3.3G

MemTotal:        4016004 kB
MemFree:          133100 kB
Active:           387300 kB
Mem:          3.8G       3.7G       129M       5.7M        23M       3.3G

MemTotal:        4016004 kB
MemFree:          113132 kB
Active:           386560 kB
Mem:          3.8G       3.7G       109M       5.7M        23M       3.3G

MemTotal:        4016004 kB
MemFree:          121436 kB
Active:           385428 kB
Mem:          3.8G       3.7G       118M       5.7M        23M       3.3G

MemTotal:        4016004 kB
MemFree:          110864 kB
Active:           384396 kB
Mem:          3.8G       3.7G       106M       5.7M        23M       3.3G

MemTotal:        4016004 kB
MemFree:          132468 kB
Active:           380416 kB
Mem:          3.8G       3.7G       128M       5.7M        23M       3.3G

MemTotal:        4016004 kB
MemFree:          117824 kB
Active:           379316 kB
Mem:          3.8G       3.7G       114M       5.7M        23M       3.3G

MemTotal:        4016004 kB
MemFree:          132920 kB
Active:           378180 kB
Mem:          3.8G       3.7G       129M       5.7M        23M       3.3G

MemTotal:        4016004 kB
MemFree:          132612 kB
Active:           378208 kB
Mem:          3.8G       3.7G       129M       5.7M        23M       3.3G

MemTotal:        4016004 kB
MemFree:          132492 kB
Active:           378176 kB
Mem:          3.8G       3.7G       129M       5.7M        23M       3.3G

MemTotal:        4016004 kB
MemFree:          132312 kB
Active:           378192 kB
Mem:          3.8G       3.7G       129M       5.7M        23M       3.3G

MemTotal:        4016004 kB
MemFree:          133580 kB
Active:           377172 kB
Mem:          3.8G       3.7G       129M       5.7M        23M       3.3G

MemTotal:        4016004 kB
MemFree:          119196 kB
Active:           376032 kB
Mem:          3.8G       3.7G       114M       5.7M        23M       3.3G

MemTotal:        4016004 kB
MemFree:          110792 kB
Active:           374948 kB
Mem:          3.8G       3.7G       106M       5.7M        23M       3.3G

MemTotal:        4016004 kB
MemFree:          132160 kB
Active:           372936 kB
Mem:          3.8G       3.7G       127M       5.7M        23M       3.3G

MemTotal:        4016004 kB
MemFree:          144476 kB
Active:           369052 kB
Mem:          3.8G       3.7G       140M       5.7M        24M       3.2G

MemTotal:        4016004 kB
MemFree:          125124 kB
Active:           368176 kB
Mem:          3.8G       3.7G       132M       5.7M        24M       3.3G

MemTotal:        4016004 kB
MemFree:          128104 kB
Active:           366916 kB
Mem:          3.8G       3.7G       123M       5.7M        24M       3.3G

MemTotal:        4016004 kB
MemFree:          125220 kB
Active:           366948 kB
Mem:          3.8G       3.7G       120M       5.7M        24M       3.3G

MemTotal:        4016004 kB
MemFree:          110976 kB
Active:           368124 kB
Mem:          3.8G       3.7G       107M       5.7M        24M       3.3G

MemTotal:        4016004 kB
MemFree:          126756 kB
Active:           368032 kB
Mem:          3.8G       3.7G       122M       5.7M        24M       3.3G

MemTotal:        4016004 kB
MemFree:          106048 kB
Active:           368056 kB
Mem:          3.8G       3.7G       103M       5.7M        24M       3.3G

MemTotal:        4016004 kB
MemFree:          126724 kB
Active:           367936 kB
Mem:          3.8G       3.7G       124M       5.7M        24M       3.3G

MemTotal:        4016004 kB
MemFree:          127560 kB
Active:           367940 kB
Mem:          3.8G       3.7G       124M       5.7M        24M       3.3G

MemTotal:        4016004 kB
MemFree:          131392 kB
Active:           364836 kB
Mem:          3.8G       3.7G       127M       5.7M        24M       3.3G

MemTotal:        4016004 kB
MemFree:          123536 kB
Active:           364764 kB
Mem:          3.8G       3.7G       120M       5.7M        24M       3.3G

MemTotal:        4016004 kB
MemFree:          115816 kB
Active:           364788 kB
Mem:          3.8G       3.7G       112M       5.7M        24M       3.3G

MemTotal:        4016004 kB
MemFree:          113612 kB
Active:           364816 kB
Mem:          3.8G       3.7G       109M       5.7M        24M       3.3G

MemTotal:        4016004 kB
MemFree:          116924 kB
Active:           364812 kB
Mem:          3.8G       3.7G       112M       5.7M        24M       3.3G

MemTotal:        4016004 kB
MemFree:          108380 kB
Active:           366120 kB
Mem:          3.8G       3.7G       105M       5.7M        24M       3.3G

MemTotal:        4016004 kB
MemFree:          112936 kB
Active:           366064 kB
Mem:          3.8G       3.7G       109M       5.7M        24M       3.3G

MemTotal:        4016004 kB
MemFree:          122372 kB
Active:           366084 kB
Mem:          3.8G       3.7G       118M       5.7M        24M       3.3G

MemTotal:        4016004 kB
MemFree:          114680 kB
Active:           365976 kB
Mem:          3.8G       3.7G       110M       5.7M        24M       3.3G

MemTotal:        4016004 kB
MemFree:          112648 kB
Active:           366012 kB
Mem:          3.8G       3.7G       109M       5.7M        24M       3.3G

MemTotal:        4016004 kB
MemFree:          144392 kB
Active:           366028 kB
Mem:          3.8G       3.7G       139M       5.7M        24M       3.2G

MemTotal:        4016004 kB
MemFree:          113936 kB
Active:           366048 kB
Mem:          3.8G       3.7G       111M       5.7M        24M       3.3G

MemTotal:        4016004 kB
MemFree:          126588 kB
Active:           366060 kB
Mem:          3.8G       3.7G       122M       5.7M        24M       3.3G

MemTotal:        4016004 kB
MemFree:          136320 kB
Active:           366036 kB
Mem:          3.8G       3.7G       131M       5.7M        24M       3.2G

MemTotal:        4016004 kB
MemFree:          135132 kB
Active:           365128 kB
Mem:          3.8G       3.7G       132M       5.7M        24M       3.2G

MemTotal:        4016004 kB
MemFree:          126096 kB
Active:           367112 kB
Mem:          3.8G       3.7G       121M       5.7M        24M       3.3G

MemTotal:        4016004 kB
MemFree:          118048 kB
Active:           366116 kB
Mem:          3.8G       3.7G       114M       5.7M        24M       3.3G

MemTotal:        4016004 kB
MemFree:          109768 kB
Active:           366152 kB
Mem:          3.8G       3.7G       106M       5.7M        24M       3.3G

MemTotal:        4016004 kB
MemFree:          125356 kB
Active:           366176 kB
Mem:          3.8G       3.7G       121M       5.7M        24M       3.3G

MemTotal:        4016004 kB
MemFree:          131648 kB
Active:           366176 kB
Mem:          3.8G       3.7G       131M       5.7M        24M       3.2G

MemTotal:        4016004 kB
MemFree:          128560 kB
Active:           366308 kB
Mem:          3.8G       3.7G       124M       5.7M        24M       3.3G

MemTotal:        4016004 kB
MemFree:          123480 kB
Active:           369156 kB
Mem:          3.8G       3.7G       118M       5.7M        26M       3.3G

MemTotal:        4016004 kB
MemFree:          115976 kB
Active:           368980 kB
Mem:          3.8G       3.7G       113M       5.7M        27M       3.3G

MemTotal:        4016004 kB
MemFree:          109596 kB
Active:           370532 kB
Mem:          3.8G       3.7G       106M       5.7M        28M       3.3G

MemTotal:        4016004 kB
MemFree:          136380 kB
Active:           370052 kB
Mem:          3.8G       3.7G       133M       5.7M        28M       3.2G

MemTotal:        4016004 kB
MemFree:          136284 kB
Active:           369840 kB
Mem:          3.8G       3.7G       132M       5.7M        28M       3.2G

MemTotal:        4016004 kB
MemFree:          136380 kB
Active:           369860 kB
Mem:          3.8G       3.7G       132M       5.7M        28M       3.2G

MemTotal:        4016004 kB
MemFree:          108700 kB
Active:           369820 kB
Mem:          3.8G       3.7G       104M       5.7M        28M       3.3G

MemTotal:        4016004 kB
MemFree:          110572 kB
Active:           368840 kB
Mem:          3.8G       3.7G       107M       5.7M        28M       3.3G

MemTotal:        4016004 kB
MemFree:          125728 kB
Active:           368808 kB
Mem:          3.8G       3.7G       121M       5.7M        28M       3.3G

MemTotal:        4016004 kB
MemFree:          115076 kB
Active:           368848 kB
Mem:          3.8G       3.7G       111M       5.7M        28M       3.3G

MemTotal:        4016004 kB
MemFree:          116220 kB
Active:           368848 kB
Mem:          3.8G       3.7G       113M       5.7M        28M       3.3G

MemTotal:        4016004 kB
MemFree:          120572 kB
Active:           368816 kB
Mem:          3.8G       3.7G       116M       5.7M        28M       3.3G

MemTotal:        4016004 kB
MemFree:          111316 kB
Active:           368016 kB
Mem:          3.8G       3.7G       107M       5.7M        28M       3.3G

MemTotal:        4016004 kB
MemFree:          105204 kB
Active:           370044 kB
Mem:          3.8G       3.7G       102M       5.7M        28M       3.3G

MemTotal:        4016004 kB
MemFree:          124072 kB
Active:           369956 kB
Mem:          3.8G       3.7G       125M       5.7M        28M       3.2G

MemTotal:        4016004 kB
MemFree:          123292 kB
Active:           369940 kB
Mem:          3.8G       3.7G       119M       5.7M        28M       3.3G

MemTotal:        4016004 kB
MemFree:          126152 kB
Active:           369924 kB
Mem:          3.8G       3.7G       122M       5.7M        28M       3.3G

MemTotal:        4016004 kB
MemFree:          128116 kB
Active:           369952 kB
Mem:          3.8G       3.7G       124M       5.7M        28M       3.2G

MemTotal:        4016004 kB
MemFree:          106568 kB
Active:           369956 kB
Mem:          3.8G       3.7G       102M       5.7M        28M       3.3G

MemTotal:        4016004 kB
MemFree:          122332 kB
Active:           369976 kB
Mem:          3.8G       3.7G       119M       5.7M        28M       3.3G

MemTotal:        4016004 kB
MemFree:          115344 kB
Active:           364460 kB
Mem:          3.8G       3.7G       111M       5.7M        28M       3.3G

MemTotal:        4016004 kB
MemFree:          105304 kB
Active:           364464 kB
Mem:          3.8G       3.7G       124M       5.7M        28M       3.2G

MemTotal:        4016004 kB
MemFree:          106652 kB
Active:           364460 kB
Mem:          3.8G       3.7G       103M       5.7M        28M       3.3G

MemTotal:        4016004 kB
MemFree:          126988 kB
Active:           364460 kB
Mem:          3.8G       3.7G       123M       5.7M        28M       3.2G

MemTotal:        4016004 kB
MemFree:          128736 kB
Active:           364448 kB
Mem:          3.8G       3.7G       124M       5.7M        28M       3.2G

MemTotal:        4016004 kB
MemFree:          107188 kB
Active:           364424 kB
Mem:          3.8G       3.7G       104M       5.7M        28M       3.3G

MemTotal:        4016004 kB
MemFree:          133240 kB
Active:           364448 kB
Mem:          3.8G       3.7G       129M       5.7M        28M       3.2G

MemTotal:        4016004 kB
MemFree:          120840 kB
Active:           361668 kB
Mem:          3.8G       3.7G       116M       5.7M        28M       3.3G

MemTotal:        4016004 kB
MemFree:          128680 kB
Active:           361660 kB
Mem:          3.8G       3.7G       124M       5.7M        28M       3.2G

MemTotal:        4016004 kB
MemFree:          106840 kB
Active:           361656 kB
Mem:          3.8G       3.7G       103M       5.7M        28M       3.3G

MemTotal:        4016004 kB
MemFree:          113252 kB
Active:           361692 kB
Mem:          3.8G       3.7G       110M       5.7M        28M       3.3G

MemTotal:        4016004 kB
MemFree:          120864 kB
Active:           361712 kB
Mem:          3.8G       3.7G       116M       5.7M        28M       3.3G

MemTotal:        4016004 kB
MemFree:          129820 kB
Active:           361692 kB
Mem:          3.8G       3.7G       126M       5.7M        28M       3.2G

MemTotal:        4016004 kB
MemFree:          121160 kB
Active:           361688 kB
Mem:          3.8G       3.7G       116M       5.7M        28M       3.3G

MemTotal:        4016004 kB
MemFree:          106904 kB
Active:           361696 kB
Mem:          3.8G       3.7G       103M       5.7M        28M       3.3G

MemTotal:        4016004 kB
MemFree:          107676 kB
Active:           361688 kB
Mem:          3.8G       3.7G       104M       5.7M        28M       3.3G

MemTotal:        4016004 kB
MemFree:          133852 kB
Active:           361684 kB
Mem:          3.8G       3.7G       129M       5.7M        28M       3.2G

MemTotal:        4016004 kB
MemFree:          125216 kB
Active:           359324 kB
Mem:          3.8G       3.7G       121M       5.7M        28M       3.2G

MemTotal:        4016004 kB
MemFree:          132624 kB
Active:           359328 kB
Mem:          3.8G       3.7G       128M       5.7M        28M       3.2G

MemTotal:        4016004 kB
MemFree:          122608 kB
Active:           359340 kB
Mem:          3.8G       3.7G       118M       5.7M        28M       3.3G

MemTotal:        4016004 kB
MemFree:          112688 kB
Active:           359356 kB
Mem:          3.8G       3.7G       109M       5.7M        28M       3.3G

MemTotal:        4016004 kB
MemFree:          114900 kB
Active:           359356 kB
Mem:          3.8G       3.7G       110M       5.7M        28M       3.3G

MemTotal:        4016004 kB
MemFree:          135104 kB
Active:           359356 kB
Mem:          3.8G       3.7G       131M       5.7M        28M       3.2G

MemTotal:        4016004 kB
MemFree:          107892 kB
Active:           359368 kB
Mem:          3.8G       3.7G       105M       5.7M        28M       3.3G

MemTotal:        4016004 kB
MemFree:          134468 kB
Active:           360740 kB
Mem:          3.8G       3.7G       130M       5.7M        28M       3.2G

MemTotal:        4016004 kB
MemFree:          134808 kB
Active:           360780 kB
Mem:          3.8G       3.7G       131M       5.7M        28M       3.2G

MemTotal:        4016004 kB
MemFree:          140748 kB
Active:           357164 kB
Mem:          3.8G       3.7G       137M       5.7M        28M       3.2G

MemTotal:        4016004 kB
MemFree:          131924 kB
Active:           357128 kB
Mem:          3.8G       3.7G       127M       5.7M        28M       3.2G

MemTotal:        4016004 kB
MemFree:          122156 kB
Active:           357168 kB
Mem:          3.8G       3.7G       118M       5.7M        28M       3.2G

MemTotal:        4016004 kB
MemFree:          125220 kB
Active:           357176 kB
Mem:          3.8G       3.7G       121M       5.7M        28M       3.2G

MemTotal:        4016004 kB
MemFree:          133060 kB
Active:           357180 kB
Mem:          3.8G       3.7G       128M       5.7M        28M       3.2G

MemTotal:        4016004 kB
MemFree:          122284 kB
Active:           357132 kB
Mem:          3.8G       3.7G       118M       5.7M        28M       3.2G

MemTotal:        4016004 kB
MemFree:          108052 kB
Active:           357184 kB
Mem:          3.8G       3.7G       104M       5.7M        28M       3.3G

MemTotal:        4016004 kB
MemFree:          118068 kB
Active:           357200 kB
Mem:          3.8G       3.7G       115M       5.7M        28M       3.3G

MemTotal:        4016004 kB
MemFree:          116524 kB
Active:           357168 kB
Mem:          3.8G       3.7G       113M       5.7M        28M       3.3G

MemTotal:        4016004 kB
MemFree:          125636 kB
Active:           357072 kB
Mem:          3.8G       3.7G       121M       5.7M        28M       3.2G

MemTotal:        4016004 kB
MemFree:          115960 kB
Active:           355612 kB
Mem:          3.8G       3.7G       112M       5.7M        28M       3.3G

MemTotal:        4016004 kB
MemFree:          106320 kB
Active:           355472 kB
Mem:          3.8G       3.7G       102M       5.7M        28M       3.3G

MemTotal:        4016004 kB
MemFree:          108828 kB
Active:           355508 kB
Mem:          3.8G       3.7G       104M       5.7M        29M       3.3G

MemTotal:        4016004 kB
MemFree:          111072 kB
Active:           355496 kB
Mem:          3.8G       3.7G       106M       5.7M        29M       3.3G

MemTotal:        4016004 kB
MemFree:          117796 kB
Active:           355512 kB
Mem:          3.8G       3.7G       114M       5.7M        29M       3.3G

MemTotal:        4016004 kB
MemFree:          105840 kB
Active:           355484 kB
Mem:          3.8G       3.7G       109M       5.7M        29M       3.3G

MemTotal:        4016004 kB
MemFree:          126608 kB
Active:           356724 kB
Mem:          3.8G       3.7G       122M       5.7M        29M       3.2G

MemTotal:        4016004 kB
MemFree:          133604 kB
Active:           356764 kB
Mem:          3.8G       3.7G       130M       5.7M        29M       3.2G

MemTotal:        4016004 kB
MemFree:          129400 kB
Active:           356648 kB
Mem:          3.8G       3.7G       126M       5.7M        29M       3.2G

MemTotal:        4016004 kB
MemFree:          126960 kB
Active:           356628 kB
Mem:          3.8G       3.7G       123M       5.7M        29M       3.2G

MemTotal:        4016004 kB
MemFree:          125224 kB
Active:           356616 kB
Mem:          3.8G       3.7G       122M       5.7M        29M       3.2G

MemTotal:        4016004 kB
MemFree:          105012 kB
Active:           356028 kB
Mem:          3.8G       3.7G       125M       5.7M        29M       3.2G

MemTotal:        4016004 kB
MemFree:          124728 kB
Active:           355820 kB
Mem:          3.8G       3.7G       121M       5.7M        29M       3.2G

MemTotal:        4016004 kB
MemFree:          128344 kB
Active:           355856 kB
Mem:          3.8G       3.7G       124M       5.7M        29M       3.2G

MemTotal:        4016004 kB
MemFree:          106616 kB
Active:           355868 kB
Mem:          3.8G       3.7G       103M       5.7M        29M       3.3G

MemTotal:        4016004 kB
MemFree:          134736 kB
Active:           355868 kB
Mem:          3.8G       3.7G       130M       5.7M        29M       3.2G

MemTotal:        4016004 kB
MemFree:          135260 kB
Active:           355868 kB
Mem:          3.8G       3.7G       130M       5.7M        29M       3.2G

MemTotal:        4016004 kB
MemFree:          125228 kB
Active:           355876 kB
Mem:          3.8G       3.7G       121M       5.7M        29M       3.2G

MemTotal:        4016004 kB
MemFree:          127860 kB
Active:           355864 kB
Mem:          3.8G       3.7G       123M       5.7M        29M       3.2G

MemTotal:        4016004 kB
MemFree:          134196 kB
Active:           355876 kB
Mem:          3.8G       3.7G       130M       5.7M        29M       3.2G

MemTotal:        4016004 kB
MemFree:          124540 kB
Active:           355892 kB
Mem:          3.8G       3.7G       120M       5.7M        29M       3.2G

MemTotal:        4016004 kB
MemFree:          109124 kB
Active:           355844 kB
Mem:          3.8G       3.7G       105M       5.7M        29M       3.3G

MemTotal:        4016004 kB
MemFree:          128384 kB
Active:           355892 kB
Mem:          3.8G       3.7G       124M       5.7M        29M       3.2G

MemTotal:        4016004 kB
MemFree:          128884 kB
Active:           355896 kB
Mem:          3.8G       3.7G       126M       5.7M        29M       3.2G

MemTotal:        4016004 kB
MemFree:          123300 kB
Active:           353292 kB
Mem:          3.8G       3.7G       119M       5.7M        29M       3.2G

MemTotal:        4016004 kB
MemFree:          113712 kB
Active:           351976 kB
Mem:          3.8G       3.7G       109M       5.7M        29M       3.3G

MemTotal:        4016004 kB
MemFree:          133612 kB
Active:           351944 kB
Mem:          3.8G       3.7G       129M       5.7M        29M       3.2G

MemTotal:        4016004 kB
MemFree:          134320 kB
Active:           351944 kB
Mem:          3.8G       3.7G       129M       5.7M        29M       3.2G

MemTotal:        4016004 kB
MemFree:          125156 kB
Active:           353232 kB
Mem:          3.8G       3.7G       121M       5.7M        29M       3.2G

MemTotal:        4016004 kB
MemFree:          139692 kB
Active:           353196 kB
Mem:          3.8G       3.7G       136M       5.7M        29M       3.2G

MemTotal:        4016004 kB
MemFree:          131764 kB
Active:           353216 kB
Mem:          3.8G       3.7G       127M       5.7M        29M       3.2G

MemTotal:        4016004 kB
MemFree:          133128 kB
Active:           353104 kB
Mem:          3.8G       3.7G       129M       5.7M        29M       3.2G

MemTotal:        4016004 kB
MemFree:          129632 kB
Active:           352976 kB
Mem:          3.8G       3.7G       126M       5.7M        29M       3.2G

MemTotal:        4016004 kB
MemFree:          112416 kB
Active:           352960 kB
Mem:          3.8G       3.7G       108M       5.7M        29M       3.3G

MemTotal:        4016004 kB
MemFree:          108760 kB
Active:           352956 kB
Mem:          3.8G       3.7G       106M       5.7M        29M       3.3G

MemTotal:        4016004 kB
MemFree:          108264 kB
Active:           352948 kB
Mem:          3.8G       3.7G       105M       5.7M        29M       3.3G

MemTotal:        4016004 kB
MemFree:          105376 kB
Active:           353004 kB
Mem:          3.8G       3.7G       119M       5.7M        29M       3.2G

MemTotal:        4016004 kB
MemFree:          123516 kB
Active:           349956 kB
Mem:          3.8G       3.7G       120M       5.7M        29M       3.2G

MemTotal:        4016004 kB
MemFree:          122896 kB
Active:           349768 kB
Mem:          3.8G       3.7G       119M       5.7M        29M       3.2G

MemTotal:        4016004 kB
MemFree:          111740 kB
Active:           349752 kB
Mem:          3.8G       3.7G       107M       5.7M        29M       3.3G

MemTotal:        4016004 kB
MemFree:          126220 kB
Active:           349760 kB
Mem:          3.8G       3.7G       122M       5.7M        29M       3.2G

MemTotal:        4016004 kB
MemFree:          122568 kB
Active:           349780 kB
Mem:          3.8G       3.7G       118M       5.7M        29M       3.2G

MemTotal:        4016004 kB
MemFree:          105964 kB
Active:           349784 kB
Mem:          3.8G       3.7G       102M       5.7M        29M       3.3G

MemTotal:        4016004 kB
MemFree:          126328 kB
Active:           349752 kB
Mem:          3.8G       3.7G       122M       5.7M        29M       3.2G

MemTotal:        4016004 kB
MemFree:          127844 kB
Active:           349788 kB
Mem:          3.8G       3.7G       123M       5.7M        29M       3.2G

MemTotal:        4016004 kB
MemFree:          110716 kB
Active:           349796 kB
Mem:          3.8G       3.7G       107M       5.7M        29M       3.3G

MemTotal:        4016004 kB
MemFree:          124684 kB
Active:           349804 kB
Mem:          3.8G       3.7G       121M       5.7M        29M       3.2G

MemTotal:        4016004 kB
MemFree:          117316 kB
Active:           349752 kB
Mem:          3.8G       3.7G       114M       5.7M        29M       3.2G

MemTotal:        4016004 kB
MemFree:          117596 kB
Active:           349776 kB
Mem:          3.8G       3.7G       114M       5.7M        29M       3.2G

MemTotal:        4016004 kB
MemFree:          117504 kB
Active:           349820 kB
Mem:          3.8G       3.7G       114M       5.7M        29M       3.2G

MemTotal:        4016004 kB
MemFree:          116648 kB
Active:           349792 kB
Mem:          3.8G       3.7G       113M       5.7M        29M       3.2G

MemTotal:        4016004 kB
MemFree:          106224 kB
Active:           349836 kB
Mem:          3.8G       3.7G       102M       5.7M        29M       3.3G

MemTotal:        4016004 kB
MemFree:          126732 kB
Active:           349816 kB
Mem:          3.8G       3.7G       123M       5.7M        29M       3.2G

MemTotal:        4016004 kB
MemFree:          128232 kB
Active:           349828 kB
Mem:          3.8G       3.7G       124M       5.7M        29M       3.2G

MemTotal:        4016004 kB
MemFree:          112512 kB
Active:           349796 kB
Mem:          3.8G       3.7G       108M       5.7M        29M       3.3G

MemTotal:        4016004 kB
MemFree:          126744 kB
Active:           349548 kB
Mem:          3.8G       3.7G       123M       5.7M        29M       3.2G

MemTotal:        4016004 kB
MemFree:          123520 kB
Active:           349348 kB
Mem:          3.8G       3.7G       119M       5.7M        29M       3.2G

MemTotal:        4016004 kB
MemFree:          131096 kB
Active:           349392 kB
Mem:          3.8G       3.7G       126M       5.7M        29M       3.2G

MemTotal:        4016004 kB
MemFree:          126920 kB
Active:           349400 kB
Mem:          3.8G       3.7G       122M       5.7M        29M       3.2G

MemTotal:        4016004 kB
MemFree:          116516 kB
Active:           349408 kB
Mem:          3.8G       3.7G       113M       5.7M        29M       3.2G

MemTotal:        4016004 kB
MemFree:          124348 kB
Active:           349416 kB
Mem:          3.8G       3.7G       120M       5.7M        29M       3.2G

MemTotal:        4016004 kB
MemFree:          122660 kB
Active:           349404 kB
Mem:          3.8G       3.7G       119M       5.7M        29M       3.2G

MemTotal:        4016004 kB
MemFree:          118536 kB
Active:           349456 kB
Mem:          3.8G       3.7G       115M       5.7M        29M       3.2G

MemTotal:        4016004 kB
MemFree:          128392 kB
Active:           349536 kB
Mem:          3.8G       3.7G       125M       5.7M        29M       3.2G

MemTotal:        4016004 kB
MemFree:          128628 kB
Active:           349540 kB
Mem:          3.8G       3.7G       125M       5.7M        29M       3.2G

MemTotal:        4016004 kB
MemFree:          129060 kB
Active:           349556 kB
Mem:          3.8G       3.7G       126M       5.7M        29M       3.2G

MemTotal:        4016004 kB
MemFree:          115920 kB
Active:           349604 kB
Mem:          3.8G       3.7G       111M       5.7M        29M       3.2G

MemTotal:        4016004 kB
MemFree:          105880 kB
Active:           349468 kB
Mem:          3.8G       3.7G       102M       5.7M        29M       3.3G

MemTotal:        4016004 kB
MemFree:          107148 kB
Active:           349440 kB
Mem:          3.8G       3.7G       103M       5.7M        29M       3.3G

MemTotal:        4016004 kB
MemFree:          108648 kB
Active:           349472 kB
Mem:          3.8G       3.7G       105M       5.7M        29M       3.3G

MemTotal:        4016004 kB
MemFree:          135324 kB
Active:           349140 kB
Mem:          3.8G       3.7G       132M       5.7M        29M       3.2G

MemTotal:        4016004 kB
MemFree:          135324 kB
Active:           349132 kB
Mem:          3.8G       3.7G       131M       5.7M        29M       3.2G

MemTotal:        4016004 kB
MemFree:          135200 kB
Active:           349164 kB
Mem:          3.8G       3.7G       131M       5.7M        29M       3.2G

MemTotal:        4016004 kB
MemFree:          135200 kB
Active:           349156 kB
Mem:          3.8G       3.7G       131M       5.7M        29M       3.2G

MemTotal:        4016004 kB
MemFree:          135076 kB
Active:           349132 kB
Mem:          3.8G       3.7G       131M       5.7M        29M       3.2G

MemTotal:        4016004 kB
MemFree:          135200 kB
Active:           349164 kB
Mem:          3.8G       3.7G       132M       5.7M        29M       3.2G

MemTotal:        4016004 kB
MemFree:          135200 kB
Active:           349160 kB
Mem:          3.8G       3.7G       132M       5.7M        29M       3.2G

MemTotal:        4016004 kB
MemFree:          135076 kB
Active:           349120 kB
Mem:          3.8G       3.7G       131M       5.7M        29M       3.2G

MemTotal:        4016004 kB
MemFree:          134952 kB
Active:           349160 kB
Mem:          3.8G       3.7G       132M       5.7M        29M       3.2G

MemTotal:        4016004 kB
MemFree:          134828 kB
Active:           349172 kB
Mem:          3.8G       3.7G       131M       5.7M        29M       3.2G

MemTotal:        4016004 kB
MemFree:          135076 kB
Active:           349132 kB
Mem:          3.8G       3.7G       131M       5.7M        29M       3.2G

MemTotal:        4016004 kB
MemFree:          134952 kB
Active:           349144 kB
Mem:          3.8G       3.7G       131M       5.7M        29M       3.2G

MemTotal:        4016004 kB
MemFree:          135448 kB
Active:           349172 kB
Mem:          3.8G       3.7G       132M       5.7M        29M       3.2G

MemTotal:        4016004 kB
MemFree:          135076 kB
Active:           349156 kB
Mem:          3.8G       3.7G       131M       5.7M        29M       3.2G

MemTotal:        4016004 kB
MemFree:          135076 kB
Active:           349124 kB
Mem:          3.8G       3.7G       131M       5.7M        29M       3.2G

MemTotal:        4016004 kB
MemFree:          134952 kB
Active:           349168 kB
Mem:          3.8G       3.7G       131M       5.7M        29M       3.2G

MemTotal:        4016004 kB
MemFree:          134952 kB
Active:           349160 kB
Mem:          3.8G       3.7G       131M       5.7M        29M       3.2G

MemTotal:        4016004 kB
MemFree:          134952 kB
Active:           349152 kB
Mem:          3.8G       3.7G       131M       5.7M        29M       3.2G

MemTotal:        4016004 kB
MemFree:          135076 kB
Active:           349172 kB
Mem:          3.8G       3.7G       131M       5.7M        29M       3.2G

MemTotal:        4016004 kB
MemFree:          135076 kB
Active:           349152 kB
Mem:          3.8G       3.7G       131M       5.7M        29M       3.2G

MemTotal:        4016004 kB
MemFree:          135200 kB
Active:           349188 kB
Mem:          3.8G       3.7G       131M       5.7M        29M       3.2G

MemTotal:        4016004 kB
MemFree:          134828 kB
Active:           349192 kB
Mem:          3.8G       3.7G       132M       5.7M        29M       3.2G

MemTotal:        4016004 kB
MemFree:          135200 kB
Active:           349180 kB
Mem:          3.8G       3.7G       131M       5.7M        29M       3.2G

MemTotal:        4016004 kB
MemFree:          134540 kB
Active:           349176 kB
Mem:          3.8G       3.7G       131M       5.7M        29M       3.2G

MemTotal:        4016004 kB
MemFree:          134448 kB
Active:           349200 kB
Mem:          3.8G       3.7G       131M       5.7M        29M       3.2G

MemTotal:        4016004 kB
MemFree:          134764 kB
Active:           349172 kB
Mem:          3.8G       3.7G       131M       5.7M        29M       3.2G

MemTotal:        4016004 kB
MemFree:          134828 kB
Active:           349156 kB
Mem:          3.8G       3.7G       131M       5.7M        29M       3.2G

MemTotal:        4016004 kB
MemFree:          134828 kB
Active:           349204 kB
Mem:          3.8G       3.7G       131M       5.7M        29M       3.2G

MemTotal:        4016004 kB
MemFree:          134952 kB
Active:           349172 kB
Mem:          3.8G       3.7G       131M       5.7M        29M       3.2G

MemTotal:        4016004 kB
MemFree:          134828 kB
Active:           349200 kB
Mem:          3.8G       3.7G       131M       5.7M        29M       3.2G

MemTotal:        4016004 kB
MemFree:          134828 kB
Active:           349220 kB
Mem:          3.8G       3.7G       131M       5.7M        29M       3.2G

MemTotal:        4016004 kB
MemFree:          134828 kB
Active:           349180 kB
Mem:          3.8G       3.7G       131M       5.7M        29M       3.2G

MemTotal:        4016004 kB
MemFree:          135076 kB
Active:           349208 kB
Mem:          3.8G       3.7G       131M       5.7M        29M       3.2G

MemTotal:        4016004 kB
MemFree:          134952 kB
Active:           349188 kB
Mem:          3.8G       3.7G       131M       5.7M        29M       3.2G

MemTotal:        4016004 kB
MemFree:          134952 kB
Active:           349212 kB
Mem:          3.8G       3.7G       131M       5.7M        29M       3.2G

MemTotal:        4016004 kB
MemFree:          134952 kB
Active:           349224 kB
Mem:          3.8G       3.7G       131M       5.7M        29M       3.2G

MemTotal:        4016004 kB
MemFree:          135076 kB
Active:           349200 kB
Mem:          3.8G       3.7G       131M       5.7M        29M       3.2G

MemTotal:        4016004 kB
MemFree:          135200 kB
Active:           349228 kB
Mem:          3.8G       3.7G       131M       5.7M        29M       3.2G

MemTotal:        4016004 kB
MemFree:          134952 kB
Active:           349204 kB
Mem:          3.8G       3.7G       131M       5.7M        29M       3.2G

MemTotal:        4016004 kB
MemFree:          135076 kB
Active:           349220 kB
Mem:          3.8G       3.7G       131M       5.7M        29M       3.2G

MemTotal:        4016004 kB
MemFree:          135076 kB
Active:           349188 kB
Mem:          3.8G       3.7G       131M       5.7M        29M       3.2G

MemTotal:        4016004 kB
MemFree:          135076 kB
Active:           349204 kB
Mem:          3.8G       3.7G       131M       5.7M        29M       3.2G

MemTotal:        4016004 kB
MemFree:          134704 kB
Active:           349252 kB
Mem:          3.8G       3.7G       131M       5.7M        29M       3.2G

MemTotal:        4016004 kB
MemFree:          135076 kB
Active:           349232 kB
Mem:          3.8G       3.7G       131M       5.7M        29M       3.2G

MemTotal:        4016004 kB
MemFree:          135076 kB
Active:           349252 kB
Mem:          3.8G       3.7G       131M       5.7M        29M       3.2G

MemTotal:        4016004 kB
MemFree:          134952 kB
Active:           349236 kB
Mem:          3.8G       3.7G       131M       5.7M        29M       3.2G

MemTotal:        4016004 kB
MemFree:          135076 kB
Active:           349248 kB
Mem:          3.8G       3.7G       131M       5.7M        29M       3.2G

MemTotal:        4016004 kB
MemFree:          134952 kB
Active:           349260 kB
Mem:          3.8G       3.7G       131M       5.7M        29M       3.2G

MemTotal:        4016004 kB
MemFree:          134952 kB
Active:           349228 kB
Mem:          3.8G       3.7G       131M       5.7M        29M       3.2G

MemTotal:        4016004 kB
MemFree:          135076 kB
Active:           349256 kB
Mem:          3.8G       3.7G       131M       5.7M        29M       3.2G

MemTotal:        4016004 kB
MemFree:          135324 kB
Active:           349264 kB
Mem:          3.8G       3.7G       132M       5.7M        29M       3.2G

MemTotal:        4016004 kB
MemFree:          134952 kB
Active:           349276 kB
Mem:          3.8G       3.7G       131M       5.7M        29M       3.2G

MemTotal:        4016004 kB
MemFree:          135200 kB
Active:           349272 kB
Mem:          3.8G       3.7G       132M       5.7M        29M       3.2G

MemTotal:        4016004 kB
MemFree:          134828 kB
Active:           349280 kB
Mem:          3.8G       3.7G       131M       5.7M        29M       3.2G

MemTotal:        4016004 kB
MemFree:          135324 kB
Active:           349260 kB
Mem:          3.8G       3.7G       132M       5.7M        29M       3.2G

MemTotal:        4016004 kB
MemFree:          135820 kB
Active:           349240 kB
Mem:          3.8G       3.7G       132M       5.7M        29M       3.2G

MemTotal:        4016004 kB
MemFree:          135944 kB
Active:           349276 kB
Mem:          3.8G       3.7G       132M       5.7M        29M       3.2G

MemTotal:        4016004 kB
MemFree:          135696 kB
Active:           349252 kB
Mem:          3.8G       3.7G       132M       5.7M        29M       3.2G

MemTotal:        4016004 kB
MemFree:          134952 kB
Active:           349280 kB
Mem:          3.8G       3.7G       131M       5.7M        29M       3.2G

MemTotal:        4016004 kB
MemFree:          135324 kB
Active:           349292 kB
Mem:          3.8G       3.7G       132M       5.7M        29M       3.2G

MemTotal:        4016004 kB
MemFree:          135076 kB
Active:           349308 kB
Mem:          3.8G       3.7G       131M       5.7M        29M       3.2G

MemTotal:        4016004 kB
MemFree:          135200 kB
Active:           349468 kB
Mem:          3.8G       3.7G       131M       5.7M        29M       3.2G

MemTotal:        4016004 kB
MemFree:          135060 kB
Active:           349344 kB
Mem:          3.8G       3.7G       131M       5.7M        29M       3.2G

MemTotal:        4016004 kB
MemFree:          134564 kB
Active:           349340 kB
Mem:          3.8G       3.7G       131M       5.7M        29M       3.2G

MemTotal:        4016004 kB
MemFree:          134812 kB
Active:           349360 kB
Mem:          3.8G       3.7G       131M       5.7M        29M       3.2G

MemTotal:        4016004 kB
MemFree:          134812 kB
Active:           349360 kB
Mem:          3.8G       3.7G       131M       5.7M        29M       3.2G

MemTotal:        4016004 kB
MemFree:          134812 kB
Active:           349316 kB
Mem:          3.8G       3.7G       131M       5.7M        29M       3.2G

MemTotal:        4016004 kB
MemFree:          134812 kB
Active:           349360 kB
Mem:          3.8G       3.7G       131M       5.7M        29M       3.2G

MemTotal:        4016004 kB
MemFree:          134564 kB
Active:           349340 kB
Mem:          3.8G       3.7G       131M       5.7M        29M       3.2G

MemTotal:        4016004 kB
MemFree:          134688 kB
Active:           349380 kB
Mem:          3.8G       3.7G       131M       5.7M        29M       3.2G

MemTotal:        4016004 kB
MemFree:          134192 kB
Active:           349384 kB
Mem:          3.8G       3.7G       131M       5.7M        29M       3.2G

MemTotal:        4016004 kB
MemFree:          134564 kB
Active:           349340 kB
Mem:          3.8G       3.7G       131M       5.7M        29M       3.2G

MemTotal:        4016004 kB
MemFree:          134564 kB
Active:           349380 kB
Mem:          3.8G       3.7G       131M       5.7M        29M       3.2G

MemTotal:        4016004 kB
MemFree:          134564 kB
Active:           349360 kB
Mem:          3.8G       3.7G       131M       5.7M        29M       3.2G

MemTotal:        4016004 kB
MemFree:          134564 kB
Active:           349364 kB
Mem:          3.8G       3.7G       131M       5.7M        29M       3.2G

MemTotal:        4016004 kB
MemFree:          134688 kB
Active:           349372 kB
Mem:          3.8G       3.7G       131M       5.7M        29M       3.2G

MemTotal:        4016004 kB
MemFree:          134936 kB
Active:           349348 kB
Mem:          3.8G       3.7G       131M       5.7M        29M       3.2G

MemTotal:        4016004 kB
MemFree:          134688 kB
Active:           349392 kB
Mem:          3.8G       3.7G       131M       5.7M        29M       3.2G

MemTotal:        4016004 kB
MemFree:          134704 kB
Active:           349380 kB
Mem:          3.8G       3.7G       131M       5.7M        29M       3.2G

MemTotal:        4016004 kB
MemFree:          134828 kB
Active:           349348 kB
Mem:          3.8G       3.7G       131M       5.7M        29M       3.2G

MemTotal:        4016004 kB
MemFree:          134704 kB
Active:           349376 kB
Mem:          3.8G       3.7G       131M       5.7M        29M       3.2G

MemTotal:        4016004 kB
MemFree:          134704 kB
Active:           349376 kB
Mem:          3.8G       3.7G       131M       5.7M        29M       3.2G

MemTotal:        4016004 kB
MemFree:          134704 kB
Active:           349356 kB
Mem:          3.8G       3.7G       131M       5.7M        29M       3.2G

MemTotal:        4016004 kB
MemFree:          134580 kB
Active:           349380 kB
Mem:          3.8G       3.7G       131M       5.7M        29M       3.2G

MemTotal:        4016004 kB
MemFree:          134580 kB
Active:           349396 kB
Mem:          3.8G       3.7G       131M       5.7M        29M       3.2G

MemTotal:        4016004 kB
MemFree:          134580 kB
Active:           349388 kB
Mem:          3.8G       3.7G       131M       5.7M        29M       3.2G

MemTotal:        4016004 kB
MemFree:          134208 kB
Active:           349408 kB
Mem:          3.8G       3.7G       131M       5.7M        29M       3.2G

MemTotal:        4016004 kB
MemFree:          134456 kB
Active:           349380 kB
Mem:          3.8G       3.7G       131M       5.7M        29M       3.2G

MemTotal:        4016004 kB
MemFree:          134580 kB
Active:           349412 kB
Mem:          3.8G       3.7G       131M       5.7M        29M       3.2G

MemTotal:        4016004 kB
MemFree:          134456 kB
Active:           349380 kB
Mem:          3.8G       3.7G       131M       5.7M        29M       3.2G

MemTotal:        4016004 kB
MemFree:          134828 kB
Active:           349364 kB
Mem:          3.8G       3.7G       131M       5.7M        29M       3.2G

MemTotal:        4016004 kB
MemFree:          134704 kB
Active:           349400 kB
Mem:          3.8G       3.7G       131M       5.7M        29M       3.2G

MemTotal:        4016004 kB
MemFree:          134704 kB
Active:           349408 kB
Mem:          3.8G       3.7G       131M       5.7M        29M       3.2G

MemTotal:        4016004 kB
MemFree:          134704 kB
Active:           349384 kB
Mem:          3.8G       3.7G       131M       5.7M        29M       3.2G

MemTotal:        4016004 kB
MemFree:          134580 kB
Active:           349388 kB
Mem:          3.8G       3.7G       131M       5.7M        29M       3.2G

MemTotal:        4016004 kB
MemFree:          134580 kB
Active:           349400 kB
Mem:          3.8G       3.7G       131M       5.7M        29M       3.2G

MemTotal:        4016004 kB
MemFree:          134704 kB
Active:           349380 kB
Mem:          3.8G       3.7G       131M       5.7M        29M       3.2G

MemTotal:        4016004 kB
MemFree:          134580 kB
Active:           349416 kB
Mem:          3.8G       3.7G       131M       5.7M        29M       3.2G

MemTotal:        4016004 kB
MemFree:          134580 kB
Active:           349384 kB
Mem:          3.8G       3.7G       131M       5.7M        29M       3.2G

MemTotal:        4016004 kB
MemFree:          134704 kB
Active:           349368 kB
Mem:          3.8G       3.7G       131M       5.7M        29M       3.2G

MemTotal:        4016004 kB
MemFree:          134828 kB
Active:           349412 kB
Mem:          3.8G       3.7G       131M       5.7M        29M       3.2G

MemTotal:        4016004 kB
MemFree:          134828 kB
Active:           349428 kB
Mem:          3.8G       3.7G       131M       5.7M        29M       3.2G

MemTotal:        4016004 kB
MemFree:          134704 kB
Active:           349400 kB
Mem:          3.8G       3.7G       131M       5.7M        29M       3.2G

MemTotal:        4016004 kB
MemFree:          134580 kB
Active:           349384 kB
Mem:          3.8G       3.7G       131M       5.7M        29M       3.2G

MemTotal:        4016004 kB
MemFree:          134704 kB
Active:           349424 kB
Mem:          3.8G       3.7G       131M       5.7M        29M       3.2G

MemTotal:        4016004 kB
MemFree:          134580 kB
Active:           349436 kB
Mem:          3.8G       3.7G       131M       5.7M        29M       3.2G

MemTotal:        4016004 kB
MemFree:          134580 kB
Active:           349428 kB
Mem:          3.8G       3.7G       131M       5.7M        29M       3.2G

MemTotal:        4016004 kB
MemFree:          134596 kB
Active:           349420 kB
Mem:          3.8G       3.7G       131M       5.7M        29M       3.2G

MemTotal:        4016004 kB
MemFree:          134596 kB
Active:           349448 kB
Mem:          3.8G       3.7G       131M       5.7M        29M       3.2G

MemTotal:        4016004 kB
MemFree:          134596 kB
Active:           349440 kB
Mem:          3.8G       3.7G       131M       5.7M        29M       3.2G

MemTotal:        4016004 kB
MemFree:          134720 kB
Active:           349416 kB
Mem:          3.8G       3.7G       131M       5.7M        29M       3.2G

MemTotal:        4016004 kB
MemFree:          134720 kB
Active:           349424 kB
Mem:          3.8G       3.7G       131M       5.7M        29M       3.2G

MemTotal:        4016004 kB
MemFree:          134596 kB
Active:           349452 kB
Mem:          3.8G       3.7G       131M       5.7M        29M       3.2G

MemTotal:        4016004 kB
MemFree:          134472 kB
Active:           349400 kB
Mem:          3.8G       3.7G       131M       5.7M        29M       3.2G

MemTotal:        4016004 kB
MemFree:          134348 kB
Active:           349436 kB
Mem:          3.8G       3.7G       131M       5.7M        29M       3.2G

MemTotal:        4016004 kB
MemFree:          134596 kB
Active:           349444 kB
Mem:          3.8G       3.7G       131M       5.7M        29M       3.2G

MemTotal:        4016004 kB
MemFree:          134596 kB
Active:           349460 kB
Mem:          3.8G       3.7G       131M       5.7M        29M       3.2G

MemTotal:        4016004 kB
MemFree:          134596 kB
Active:           349464 kB
Mem:          3.8G       3.7G       131M       5.7M        29M       3.2G

MemTotal:        4016004 kB
MemFree:          134472 kB
Active:           349444 kB
Mem:          3.8G       3.7G       131M       5.7M        29M       3.2G

MemTotal:        4016004 kB
MemFree:          134596 kB
Active:           349432 kB
Mem:          3.8G       3.7G       131M       5.7M        29M       3.2G

MemTotal:        4016004 kB
MemFree:          134472 kB
Active:           349456 kB
Mem:          3.8G       3.7G       131M       5.7M        29M       3.2G

MemTotal:        4016004 kB
MemFree:          134472 kB
Active:           349456 kB
Mem:          3.8G       3.7G       131M       5.7M        29M       3.2G

MemTotal:        4016004 kB
MemFree:          134472 kB
Active:           349476 kB
Mem:          3.8G       3.7G       131M       5.7M        29M       3.2G

MemTotal:        4016004 kB
MemFree:          134472 kB
Active:           349456 kB
Mem:          3.8G       3.7G       131M       5.7M        29M       3.2G

MemTotal:        4016004 kB
MemFree:          134720 kB
Active:           349436 kB
Mem:          3.8G       3.7G       131M       5.7M        29M       3.2G

MemTotal:        4016004 kB
MemFree:          134720 kB
Active:           349468 kB
Mem:          3.8G       3.7G       131M       5.7M        29M       3.2G

MemTotal:        4016004 kB
MemFree:          134844 kB
Active:           349432 kB
Mem:          3.8G       3.7G       131M       5.7M        29M       3.2G

MemTotal:        4016004 kB
MemFree:          134720 kB
Active:           349440 kB
Mem:          3.8G       3.7G       131M       5.7M        29M       3.2G

MemTotal:        4016004 kB
MemFree:          134720 kB
Active:           349480 kB
Mem:          3.8G       3.7G       131M       5.7M        29M       3.2G

MemTotal:        4016004 kB
MemFree:          134348 kB
Active:           349496 kB
Mem:          3.8G       3.7G       130M       5.7M        29M       3.2G

MemTotal:        4016004 kB
MemFree:          134348 kB
Active:           349480 kB
Mem:          3.8G       3.7G       130M       5.7M        29M       3.2G

MemTotal:        4016004 kB
MemFree:          133728 kB
Active:           349496 kB
Mem:          3.8G       3.7G       130M       5.7M        29M       3.2G

MemTotal:        4016004 kB
MemFree:          134596 kB
Active:           349492 kB
Mem:          3.8G       3.7G       131M       5.7M        29M       3.2G

MemTotal:        4016004 kB
MemFree:          134472 kB
Active:           349484 kB
Mem:          3.8G       3.7G       131M       5.7M        29M       3.2G

MemTotal:        4016004 kB
MemFree:          134720 kB
Active:           349476 kB
Mem:          3.8G       3.7G       131M       5.7M        29M       3.2G

MemTotal:        4016004 kB
MemFree:          134348 kB
Active:           349504 kB
Mem:          3.8G       3.7G       131M       5.7M        29M       3.2G

MemTotal:        4016004 kB
MemFree:          134348 kB
Active:           349460 kB
Mem:          3.8G       3.7G       131M       5.7M        29M       3.2G

MemTotal:        4016004 kB
MemFree:          134472 kB
Active:           349492 kB
Mem:          3.8G       3.7G       131M       5.7M        29M       3.2G

MemTotal:        4016004 kB
MemFree:          134224 kB
Active:           349460 kB
Mem:          3.8G       3.7G       130M       5.7M        29M       3.2G

MemTotal:        4016004 kB
MemFree:          134596 kB
Active:           349504 kB
Mem:          3.8G       3.7G       131M       5.7M        29M       3.2G

MemTotal:        4016004 kB
MemFree:          134596 kB
Active:           349496 kB
Mem:          3.8G       3.7G       131M       5.7M        29M       3.2G

MemTotal:        4016004 kB
MemFree:          134596 kB
Active:           349468 kB
Mem:          3.8G       3.7G       131M       5.7M        29M       3.2G

MemTotal:        4016004 kB
MemFree:          134596 kB
Active:           349484 kB
Mem:          3.8G       3.7G       131M       5.7M        29M       3.2G

MemTotal:        4016004 kB
MemFree:          134472 kB
Active:           349508 kB
Mem:          3.8G       3.7G       131M       5.7M        29M       3.2G

MemTotal:        4016004 kB
MemFree:          134472 kB
Active:           349468 kB
Mem:          3.8G       3.7G       131M       5.7M        29M       3.2G

MemTotal:        4016004 kB
MemFree:          134472 kB
Active:           349484 kB
Mem:          3.8G       3.7G       131M       5.7M        29M       3.2G

MemTotal:        4016004 kB
MemFree:          134472 kB
Active:           349500 kB
Mem:          3.8G       3.7G       131M       5.7M        29M       3.2G

MemTotal:        4016004 kB
MemFree:          134596 kB
Active:           349500 kB
Mem:          3.8G       3.7G       131M       5.7M        29M       3.2G

MemTotal:        4016004 kB
MemFree:          134720 kB
Active:           349520 kB
Mem:          3.8G       3.7G       131M       5.7M        29M       3.2G

MemTotal:        4016004 kB
MemFree:          134472 kB
Active:           349488 kB
Mem:          3.8G       3.7G       131M       5.7M        29M       3.2G

MemTotal:        4016004 kB
MemFree:          134596 kB
Active:           349476 kB
Mem:          3.8G       3.7G       131M       5.7M        29M       3.2G

MemTotal:        4016004 kB
MemFree:          134472 kB
Active:           349492 kB
Mem:          3.8G       3.7G       131M       5.7M        29M       3.2G

MemTotal:        4016004 kB
MemFree:          134348 kB
Active:           349476 kB
Mem:          3.8G       3.7G       131M       5.7M        29M       3.2G

MemTotal:        4016004 kB
MemFree:          134472 kB
Active:           349496 kB
Mem:          3.8G       3.7G       131M       5.7M        29M       3.2G

MemTotal:        4016004 kB
MemFree:          134472 kB
Active:           349472 kB
Mem:          3.8G       3.7G       131M       5.7M        29M       3.2G

MemTotal:        4016004 kB
MemFree:          134348 kB
Active:           349512 kB
Mem:          3.8G       3.7G       131M       5.7M        29M       3.2G

MemTotal:        4016004 kB
MemFree:          134472 kB
Active:           349528 kB
Mem:          3.8G       3.7G       131M       5.7M        29M       3.2G

MemTotal:        4016004 kB
MemFree:          134224 kB
Active:           349532 kB
Mem:          3.8G       3.7G       130M       5.7M        29M       3.2G

MemTotal:        4016004 kB
MemFree:          134224 kB
Active:           349500 kB
Mem:          3.8G       3.7G       131M       5.7M        29M       3.2G

MemTotal:        4016004 kB
MemFree:          134348 kB
Active:           349528 kB
Mem:          3.8G       3.7G       131M       5.7M        29M       3.2G

MemTotal:        4016004 kB
MemFree:          134348 kB
Active:           349508 kB
Mem:          3.8G       3.7G       131M       5.7M        29M       3.2G

MemTotal:        4016004 kB
MemFree:          134472 kB
Active:           349496 kB
Mem:          3.8G       3.7G       131M       5.7M        29M       3.2G

MemTotal:        4016004 kB
MemFree:          134348 kB
Active:           349528 kB
Mem:          3.8G       3.7G       131M       5.7M        29M       3.2G

MemTotal:        4016004 kB
MemFree:          134472 kB
Active:           349548 kB
Mem:          3.8G       3.7G       131M       5.7M        29M       3.2G

MemTotal:        4016004 kB
MemFree:          134348 kB
Active:           349520 kB
Mem:          3.8G       3.7G       131M       5.7M        29M       3.2G

MemTotal:        4016004 kB
MemFree:          134596 kB
Active:           349532 kB
Mem:          3.8G       3.7G       131M       5.7M        29M       3.2G

MemTotal:        4016004 kB
MemFree:          134596 kB
Active:           349556 kB
Mem:          3.8G       3.7G       131M       5.7M        29M       3.2G

MemTotal:        4016004 kB
MemFree:          134596 kB
Active:           349556 kB
Mem:          3.8G       3.7G       131M       5.7M        29M       3.2G

MemTotal:        4016004 kB
MemFree:          134472 kB
Active:           349544 kB
Mem:          3.8G       3.7G       131M       5.7M        29M       3.2G

MemTotal:        4016004 kB
MemFree:          134456 kB
Active:           349508 kB
Mem:          3.8G       3.7G       131M       5.7M        29M       3.2G

MemTotal:        4016004 kB
MemFree:          134456 kB
Active:           349544 kB
Mem:          3.8G       3.7G       131M       5.7M        29M       3.2G

MemTotal:        4016004 kB
MemFree:          134208 kB
Active:           349568 kB
Mem:          3.8G       3.7G       131M       5.7M        29M       3.2G

MemTotal:        4016004 kB
MemFree:          133960 kB
Active:           349568 kB
Mem:          3.8G       3.7G       130M       5.7M        29M       3.2G

MemTotal:        4016004 kB
MemFree:          133712 kB
Active:           349568 kB
Mem:          3.8G       3.7G       130M       5.7M        29M       3.2G

MemTotal:        4016004 kB
MemFree:          133836 kB
Active:           349568 kB
Mem:          3.8G       3.7G       130M       5.7M        29M       3.2G

MemTotal:        4016004 kB
MemFree:          134456 kB
Active:           349556 kB
Mem:          3.8G       3.7G       131M       5.7M        29M       3.2G

MemTotal:        4016004 kB
MemFree:          134580 kB
Active:           349548 kB
Mem:          3.8G       3.7G       131M       5.7M        29M       3.2G

MemTotal:        4016004 kB
MemFree:          134456 kB
Active:           349512 kB
Mem:          3.8G       3.7G       131M       5.7M        29M       3.2G

MemTotal:        4016004 kB
MemFree:          134440 kB
Active:           349536 kB
Mem:          3.8G       3.7G       131M       5.7M        29M       3.2G

MemTotal:        4016004 kB
MemFree:          135024 kB
Active:           349232 kB
Mem:          3.8G       3.7G       131M       5.7M        29M       3.2G

MemTotal:        4016004 kB
MemFree:          135740 kB
Active:           349160 kB
Mem:          3.8G       3.7G       132M       5.7M        29M       3.2G

MemTotal:        4016004 kB
MemFree:          135864 kB
Active:           349112 kB
Mem:          3.8G       3.7G       132M       5.7M        29M       3.2G

MemTotal:        4016004 kB
MemFree:          135988 kB
Active:           349124 kB
Mem:          3.8G       3.7G       132M       5.7M        29M       3.2G

MemTotal:        4016004 kB
MemFree:          136112 kB
Active:           349124 kB
Mem:          3.8G       3.7G       132M       5.7M        29M       3.2G

MemTotal:        4016004 kB
MemFree:          135988 kB
Active:           349176 kB
Mem:          3.8G       3.7G       132M       5.7M        29M       3.2G

MemTotal:        4016004 kB
MemFree:          135740 kB
Active:           349180 kB
Mem:          3.8G       3.7G       132M       5.7M        29M       3.2G

MemTotal:        4016004 kB
MemFree:          135988 kB
Active:           349164 kB
Mem:          3.8G       3.7G       132M       5.7M        29M       3.2G

MemTotal:        4016004 kB
MemFree:          135988 kB
Active:           349156 kB
Mem:          3.8G       3.7G       132M       5.7M        29M       3.2G

MemTotal:        4016004 kB
MemFree:          135740 kB
Active:           349140 kB
Mem:          3.8G       3.7G       132M       5.7M        29M       3.2G

MemTotal:        4016004 kB
MemFree:          135616 kB
Active:           349148 kB
Mem:          3.8G       3.7G       132M       5.7M        29M       3.2G

MemTotal:        4016004 kB
MemFree:          135864 kB
Active:           349148 kB
Mem:          3.8G       3.7G       132M       5.7M        29M       3.2G

MemTotal:        4016004 kB
MemFree:          135864 kB
Active:           349188 kB
Mem:          3.8G       3.7G       132M       5.7M        29M       3.2G

MemTotal:        4016004 kB
MemFree:          135988 kB
Active:           349148 kB
Mem:          3.8G       3.7G       132M       5.7M        29M       3.2G

MemTotal:        4016004 kB
MemFree:          135988 kB
Active:           349152 kB
Mem:          3.8G       3.7G       132M       5.7M        29M       3.2G

MemTotal:        4016004 kB
MemFree:          136112 kB
Active:           349160 kB
Mem:          3.8G       3.7G       132M       5.7M        29M       3.2G

MemTotal:        4016004 kB
MemFree:          135988 kB
Active:           349172 kB
Mem:          3.8G       3.7G       132M       5.7M        29M       3.2G

MemTotal:        4016004 kB
MemFree:          135988 kB
Active:           349180 kB
Mem:          3.8G       3.7G       132M       5.7M        29M       3.2G

MemTotal:        4016004 kB
MemFree:          135740 kB
Active:           349208 kB
Mem:          3.8G       3.7G       132M       5.7M        29M       3.2G

MemTotal:        4016004 kB
MemFree:          136360 kB
Active:           349200 kB
Mem:          3.8G       3.7G       133M       5.7M        29M       3.2G

MemTotal:        4016004 kB
MemFree:          136484 kB
Active:           349152 kB
Mem:          3.8G       3.7G       133M       5.7M        29M       3.2G

MemTotal:        4016004 kB
MemFree:          136488 kB
Active:           349200 kB
Mem:          3.8G       3.7G       133M       5.7M        29M       3.2G

MemTotal:        4016004 kB
MemFree:          136612 kB
Active:           349192 kB
Mem:          3.8G       3.7G       133M       5.7M        29M       3.2G

MemTotal:        4016004 kB
MemFree:          136612 kB
Active:           349164 kB
Mem:          3.8G       3.7G       133M       5.7M        29M       3.2G

MemTotal:        4016004 kB
MemFree:          136488 kB
Active:           349164 kB
Mem:          3.8G       3.7G       133M       5.7M        29M       3.2G

MemTotal:        4016004 kB
MemFree:          136612 kB
Active:           349204 kB
Mem:          3.8G       3.7G       133M       5.7M        29M       3.2G

MemTotal:        4016004 kB
MemFree:          136240 kB
Active:           349176 kB
Mem:          3.8G       3.7G       133M       5.7M        29M       3.2G

MemTotal:        4016004 kB
MemFree:          136364 kB
Active:           349212 kB
Mem:          3.8G       3.7G       133M       5.7M        29M       3.2G

MemTotal:        4016004 kB
MemFree:          136240 kB
Active:           349192 kB
Mem:          3.8G       3.7G       132M       5.7M        29M       3.2G

MemTotal:        4016004 kB
MemFree:          135868 kB
Active:           349212 kB
Mem:          3.8G       3.7G       132M       5.7M        29M       3.2G

MemTotal:        4016004 kB
MemFree:          135868 kB
Active:           349204 kB
Mem:          3.8G       3.7G       132M       5.7M        29M       3.2G

MemTotal:        4016004 kB
MemFree:          136364 kB
Active:           349220 kB
