MemTotal:        4016004 kB
MemFree:         3196304 kB
Active:           463488 kB
Mem:          3.8G       800M       3.0G       5.7M        63M       327M

MemTotal:        4016004 kB
MemFree:         3196296 kB
Active:           463652 kB
Mem:          3.8G       800M       3.0G       5.7M        63M       327M

MemTotal:        4016004 kB
MemFree:         3196280 kB
Active:           463764 kB
Mem:          3.8G       800M       3.0G       5.7M        63M       327M

MemTotal:        4016004 kB
MemFree:         3196264 kB
Active:           463768 kB
Mem:          3.8G       800M       3.0G       5.7M        63M       327M

MemTotal:        4016004 kB
MemFree:         3195752 kB
Active:           463772 kB
Mem:          3.8G       800M       3.0G       5.7M        63M       327M

MemTotal:        4016004 kB
MemFree:         3195736 kB
Active:           463788 kB
Mem:          3.8G       801M       3.0G       5.7M        63M       327M

MemTotal:        4016004 kB
MemFree:         3195720 kB
Active:           463792 kB
Mem:          3.8G       801M       3.0G       5.7M        63M       327M

MemTotal:        4016004 kB
MemFree:         3195332 kB
Active:           463804 kB
Mem:          3.8G       801M       3.0G       5.7M        63M       327M

MemTotal:        4016004 kB
MemFree:         3195456 kB
Active:           463788 kB
Mem:          3.8G       801M       3.0G       5.7M        63M       327M

MemTotal:        4016004 kB
MemFree:         3195672 kB
Active:           463804 kB
Mem:          3.8G       801M       3.0G       5.7M        63M       327M

MemTotal:        4016004 kB
MemFree:         3195672 kB
Active:           463804 kB
Mem:          3.8G       801M       3.0G       5.7M        63M       327M

MemTotal:        4016004 kB
MemFree:         3195672 kB
Active:           463792 kB
Mem:          3.8G       801M       3.0G       5.7M        63M       327M

MemTotal:        4016004 kB
MemFree:         3195704 kB
Active:           463788 kB
Mem:          3.8G       800M       3.0G       5.7M        63M       327M

MemTotal:        4016004 kB
MemFree:         3195580 kB
Active:           463756 kB
Mem:          3.8G       801M       3.0G       5.7M        63M       327M

MemTotal:        4016004 kB
MemFree:         3196504 kB
Active:           461876 kB
Mem:          3.8G       800M       3.0G       5.7M        63M       327M

MemTotal:        4016004 kB
MemFree:         3197280 kB
Active:           461744 kB
Mem:          3.8G       799M       3.0G       5.7M        63M       327M

MemTotal:        4016004 kB
MemFree:         3197404 kB
Active:           461764 kB
Mem:          3.8G       799M       3.0G       5.7M        63M       327M

MemTotal:        4016004 kB
MemFree:         3197280 kB
Active:           461772 kB
Mem:          3.8G       799M       3.0G       5.7M        63M       327M

MemTotal:        4016004 kB
MemFree:         3197016 kB
Active:           461788 kB
Mem:          3.8G       799M       3.0G       5.7M        63M       327M

MemTotal:        4016004 kB
MemFree:         3197248 kB
Active:           461788 kB
Mem:          3.8G       799M       3.0G       5.7M        63M       327M

MemTotal:        4016004 kB
MemFree:         3197372 kB
Active:           461776 kB
Mem:          3.8G       799M       3.0G       5.7M        63M       327M

MemTotal:        4016004 kB
MemFree:         3197248 kB
Active:           461796 kB
Mem:          3.8G       799M       3.0G       5.7M        63M       327M

MemTotal:        4016004 kB
MemFree:         3197604 kB
Active:           461768 kB
Mem:          3.8G       799M       3.0G       5.7M        63M       327M

MemTotal:        4016004 kB
MemFree:         3197588 kB
Active:           461796 kB
Mem:          3.8G       799M       3.0G       5.7M        63M       327M

MemTotal:        4016004 kB
MemFree:         3197024 kB
Active:           459752 kB
Mem:          3.8G       799M       3.0G       5.7M        63M       327M

MemTotal:        4016004 kB
MemFree:         3197156 kB
Active:           461788 kB
Mem:          3.8G       799M       3.0G       5.7M        63M       327M

MemTotal:        4016004 kB
MemFree:         3197140 kB
Active:           461752 kB
Mem:          3.8G       799M       3.0G       5.7M        63M       327M

MemTotal:        4016004 kB
MemFree:         3197016 kB
Active:           461800 kB
Mem:          3.8G       799M       3.0G       5.7M        63M       327M

MemTotal:        4016004 kB
MemFree:         3196644 kB
Active:           461812 kB
Mem:          3.8G       799M       3.0G       5.7M        63M       327M

MemTotal:        4016004 kB
MemFree:         3197124 kB
Active:           461756 kB
Mem:          3.8G       799M       3.0G       5.7M        63M       327M

MemTotal:        4016004 kB
MemFree:         3197356 kB
Active:           461812 kB
Mem:          3.8G       799M       3.0G       5.7M        63M       327M

MemTotal:        4016004 kB
MemFree:         3197528 kB
Active:           461808 kB
Mem:          3.8G       799M       3.0G       5.7M        63M       327M

MemTotal:        4016004 kB
MemFree:         3197280 kB
Active:           461808 kB
Mem:          3.8G       799M       3.0G       5.7M        63M       327M

MemTotal:        4016004 kB
MemFree:         3197404 kB
Active:           461804 kB
Mem:          3.8G       799M       3.0G       5.7M        63M       327M

MemTotal:        4016004 kB
MemFree:         3197280 kB
Active:           461808 kB
Mem:          3.8G       799M       3.0G       5.7M        63M       327M

MemTotal:        4016004 kB
MemFree:         3197404 kB
Active:           461796 kB
Mem:          3.8G       799M       3.0G       5.7M        63M       327M

MemTotal:        4016004 kB
MemFree:         3197404 kB
Active:           461796 kB
Mem:          3.8G       799M       3.0G       5.7M        63M       327M

MemTotal:        4016004 kB
MemFree:         3197548 kB
Active:           461800 kB
Mem:          3.8G       799M       3.0G       5.7M        63M       327M

MemTotal:        4016004 kB
MemFree:         3198292 kB
Active:           461800 kB
Mem:          3.8G       798M       3.0G       5.7M        63M       327M

MemTotal:        4016004 kB
MemFree:         3198028 kB
Active:           461800 kB
Mem:          3.8G       799M       3.0G       5.7M        63M       327M

MemTotal:        4016004 kB
MemFree:         3197888 kB
Active:           461788 kB
Mem:          3.8G       798M       3.0G       5.7M        63M       327M

MemTotal:        4016004 kB
MemFree:         3198120 kB
Active:           461788 kB
Mem:          3.8G       798M       3.0G       5.7M        63M       327M

MemTotal:        4016004 kB
MemFree:         3197624 kB
Active:           461840 kB
Mem:          3.8G       799M       3.0G       5.7M        63M       327M

MemTotal:        4016004 kB
MemFree:         3197500 kB
Active:           461788 kB
Mem:          3.8G       799M       3.0G       5.7M        63M       327M

MemTotal:        4016004 kB
MemFree:         3196940 kB
Active:           459804 kB
Mem:          3.8G       799M       3.0G       5.7M        63M       327M

MemTotal:        4016004 kB
MemFree:         3197808 kB
Active:           461812 kB
Mem:          3.8G       799M       3.0G       5.7M        63M       327M

MemTotal:        4016004 kB
MemFree:         3197808 kB
Active:           461848 kB
Mem:          3.8G       798M       3.0G       5.7M        63M       327M

MemTotal:        4016004 kB
MemFree:         3198040 kB
Active:           461820 kB
Mem:          3.8G       798M       3.0G       5.7M        63M       327M

MemTotal:        4016004 kB
MemFree:         3197916 kB
Active:           461856 kB
Mem:          3.8G       798M       3.1G       5.7M        63M       327M

MemTotal:        4016004 kB
MemFree:         3197916 kB
Active:           461864 kB
Mem:          3.8G       798M       3.0G       5.7M        63M       327M

MemTotal:        4016004 kB
MemFree:         3198040 kB
Active:           461820 kB
Mem:          3.8G       799M       3.0G       5.7M        63M       327M

MemTotal:        4016004 kB
MemFree:         3198024 kB
Active:           461860 kB
Mem:          3.8G       799M       3.0G       5.7M        63M       327M

MemTotal:        4016004 kB
MemFree:         3197900 kB
Active:           461848 kB
Mem:          3.8G       798M       3.0G       5.7M        63M       327M

MemTotal:        4016004 kB
MemFree:         3198024 kB
Active:           461864 kB
Mem:          3.8G       798M       3.0G       5.7M        63M       327M

MemTotal:        4016004 kB
MemFree:         3197836 kB
Active:           459852 kB
Mem:          3.8G       799M       3.0G       5.7M        63M       327M

MemTotal:        4016004 kB
MemFree:         3197712 kB
Active:           459808 kB
Mem:          3.8G       799M       3.0G       5.7M        63M       327M

MemTotal:        4016004 kB
MemFree:         3197696 kB
Active:           461896 kB
Mem:          3.8G       799M       3.0G       5.7M        63M       327M

MemTotal:        4016004 kB
MemFree:         3197696 kB
Active:           461896 kB
Mem:          3.8G       799M       3.0G       5.7M        63M       327M

MemTotal:        4016004 kB
MemFree:         3197696 kB
Active:           461892 kB
Mem:          3.8G       799M       3.0G       5.7M        63M       327M

MemTotal:        4016004 kB
MemFree:         3197324 kB
Active:           461912 kB
Mem:          3.8G       799M       3.0G       5.7M        63M       327M

MemTotal:        4016004 kB
MemFree:         3197820 kB
Active:           461900 kB
Mem:          3.8G       799M       3.0G       5.7M        63M       327M

MemTotal:        4016004 kB
MemFree:         3197820 kB
Active:           461900 kB
Mem:          3.8G       799M       3.0G       5.7M        63M       327M

MemTotal:        4016004 kB
MemFree:         3197820 kB
Active:           461900 kB
Mem:          3.8G       799M       3.0G       5.7M        63M       327M

MemTotal:        4016004 kB
MemFree:         3197820 kB
Active:           461912 kB
Mem:          3.8G       799M       3.0G       5.7M        63M       327M

MemTotal:        4016004 kB
MemFree:         3195524 kB
Active:           461896 kB
Mem:          3.8G       800M       3.0G       5.7M        63M       327M

MemTotal:        4016004 kB
MemFree:         3195896 kB
Active:           463892 kB
Mem:          3.8G       800M       3.0G       5.7M        63M       327M

MemTotal:        4016004 kB
MemFree:         3195896 kB
Active:           463924 kB
Mem:          3.8G       800M       3.0G       5.7M        63M       327M

MemTotal:        4016004 kB
MemFree:         3195524 kB
Active:           463944 kB
Mem:          3.8G       801M       3.0G       5.7M        63M       327M

MemTotal:        4016004 kB
MemFree:         3195524 kB
Active:           463944 kB
Mem:          3.8G       801M       3.0G       5.7M        63M       327M

MemTotal:        4016004 kB
MemFree:         3195464 kB
Active:           463916 kB
Mem:          3.8G       801M       3.0G       5.7M        63M       327M

MemTotal:        4016004 kB
MemFree:         3195464 kB
Active:           463900 kB
Mem:          3.8G       801M       3.0G       5.7M        63M       327M

MemTotal:        4016004 kB
MemFree:         3195464 kB
Active:           463948 kB
Mem:          3.8G       801M       3.0G       5.7M        63M       327M

MemTotal:        4016004 kB
MemFree:         3195712 kB
Active:           463944 kB
Mem:          3.8G       801M       3.0G       5.7M        63M       327M

MemTotal:        4016004 kB
MemFree:         3195836 kB
Active:           463916 kB
Mem:          3.8G       801M       3.0G       5.7M        63M       327M

MemTotal:        4016004 kB
MemFree:         3195588 kB
Active:           463916 kB
Mem:          3.8G       801M       3.0G       5.7M        63M       327M

MemTotal:        4016004 kB
MemFree:         3195308 kB
Active:           463916 kB
Mem:          3.8G       801M       3.0G       5.7M        63M       327M

MemTotal:        4016004 kB
MemFree:         3195292 kB
Active:           463900 kB
Mem:          3.8G       801M       3.0G       5.7M        63M       327M

MemTotal:        4016004 kB
MemFree:         3195540 kB
Active:           463916 kB
Mem:          3.8G       801M       3.0G       5.7M        63M       327M

MemTotal:        4016004 kB
MemFree:         3195416 kB
Active:           463912 kB
Mem:          3.8G       801M       3.0G       5.7M        63M       327M

MemTotal:        4016004 kB
MemFree:         3195524 kB
Active:           463940 kB
Mem:          3.8G       801M       3.0G       5.7M        63M       327M

MemTotal:        4016004 kB
MemFree:         3195524 kB
Active:           463920 kB
Mem:          3.8G       801M       3.0G       5.7M        63M       327M

MemTotal:        4016004 kB
MemFree:         3195260 kB
Active:           463904 kB
Mem:          3.8G       801M       3.0G       5.7M        63M       327M

MemTotal:        4016004 kB
MemFree:         3195276 kB
Active:           463940 kB
Mem:          3.8G       801M       3.0G       5.7M        63M       327M

MemTotal:        4016004 kB
MemFree:         3195400 kB
Active:           463936 kB
Mem:          3.8G       801M       3.0G       5.7M        63M       327M

MemTotal:        4016004 kB
MemFree:         3195400 kB
Active:           463924 kB
Mem:          3.8G       801M       3.0G       5.7M        63M       327M

MemTotal:        4016004 kB
MemFree:         3195028 kB
Active:           463928 kB
Mem:          3.8G       801M       3.0G       5.7M        63M       327M

MemTotal:        4016004 kB
MemFree:         3195152 kB
Active:           463928 kB
Mem:          3.8G       801M       3.0G       5.7M        63M       327M

MemTotal:        4016004 kB
MemFree:         3195524 kB
Active:           463972 kB
Mem:          3.8G       801M       3.0G       5.7M        63M       327M

MemTotal:        4016004 kB
MemFree:         3195772 kB
Active:           463932 kB
Mem:          3.8G       801M       3.0G       5.7M        63M       327M

MemTotal:        4016004 kB
MemFree:         3195772 kB
Active:           463940 kB
Mem:          3.8G       800M       3.0G       5.7M        63M       327M

MemTotal:        4016004 kB
MemFree:         3195772 kB
Active:           463940 kB
Mem:          3.8G       801M       3.0G       5.7M        63M       327M

MemTotal:        4016004 kB
MemFree:         3195648 kB
Active:           463984 kB
Mem:          3.8G       801M       3.0G       5.7M        63M       327M

MemTotal:        4016004 kB
MemFree:         3195648 kB
Active:           463972 kB
Mem:          3.8G       801M       3.0G       5.7M        63M       327M

MemTotal:        4016004 kB
MemFree:         3195896 kB
Active:           463960 kB
Mem:          3.8G       801M       3.0G       5.7M        63M       327M

MemTotal:        4016004 kB
MemFree:         3193476 kB
Active:           466032 kB
Mem:          3.8G       803M       3.0G       5.7M        63M       327M

MemTotal:        4016004 kB
MemFree:         3193212 kB
Active:           465996 kB
Mem:          3.8G       803M       3.0G       5.7M        63M       327M

MemTotal:        4016004 kB
MemFree:         3193568 kB
Active:           465964 kB
Mem:          3.8G       803M       3.0G       5.7M        63M       327M

MemTotal:        4016004 kB
MemFree:         3193196 kB
Active:           466012 kB
Mem:          3.8G       803M       3.0G       5.7M        63M       327M

MemTotal:        4016004 kB
MemFree:         3192824 kB
Active:           466020 kB
Mem:          3.8G       803M       3.0G       5.7M        63M       327M

MemTotal:        4016004 kB
MemFree:         3192808 kB
Active:           466020 kB
Mem:          3.8G       803M       3.0G       5.7M        63M       327M

MemTotal:        4016004 kB
MemFree:         3193040 kB
Active:           466236 kB
Mem:          3.8G       804M       3.0G       5.7M        63M       327M

MemTotal:        4016004 kB
MemFree:         3152844 kB
Active:           466352 kB
Mem:          3.8G       843M       3.0G       5.7M        63M       367M

MemTotal:        4016004 kB
MemFree:         3107844 kB
Active:           466324 kB
Mem:          3.8G       886M       3.0G       5.7M        63M       410M

MemTotal:        4016004 kB
MemFree:         3063092 kB
Active:           466336 kB
Mem:          3.8G       930M       2.9G       5.7M        63M       453M

MemTotal:        4016004 kB
MemFree:         3018712 kB
Active:           466380 kB
Mem:          3.8G       973M       2.9G       5.7M        63M       495M

MemTotal:        4016004 kB
MemFree:         2974224 kB
Active:           466360 kB
Mem:          3.8G       1.0G       2.8G       5.7M        63M       538M

MemTotal:        4016004 kB
MemFree:         2930976 kB
Active:           466380 kB
Mem:          3.8G       1.0G       2.8G       5.7M        63M       581M

MemTotal:        4016004 kB
MemFree:         2887480 kB
Active:           466332 kB
Mem:          3.8G       1.1G       2.8G       5.7M        63M       623M

MemTotal:        4016004 kB
MemFree:         2842992 kB
Active:           466380 kB
Mem:          3.8G       1.1G       2.7G       5.7M        63M       665M

MemTotal:        4016004 kB
MemFree:         2797692 kB
Active:           466388 kB
Mem:          3.8G       1.2G       2.7G       5.7M        63M       708M

MemTotal:        4016004 kB
MemFree:         2754184 kB
Active:           466340 kB
Mem:          3.8G       1.2G       2.6G       5.7M        63M       750M

MemTotal:        4016004 kB
MemFree:         2739908 kB
Active:           466400 kB
Mem:          3.8G       1.2G       2.6G       5.7M        63M       764M

MemTotal:        4016004 kB
MemFree:         2739508 kB
Active:           466416 kB
Mem:          3.8G       1.2G       2.6G       5.7M        63M       764M

MemTotal:        4016004 kB
MemFree:         2739512 kB
Active:           466360 kB
Mem:          3.8G       1.2G       2.6G       5.7M        63M       764M

MemTotal:        4016004 kB
MemFree:         2738740 kB
Active:           464440 kB
Mem:          3.8G       1.2G       2.6G       5.7M        63M       764M

MemTotal:        4016004 kB
MemFree:         2695232 kB
Active:           466512 kB
Mem:          3.8G       1.3G       2.6G       5.7M        63M       807M

MemTotal:        4016004 kB
MemFree:         2652792 kB
Active:           466492 kB
Mem:          3.8G       1.3G       2.5G       5.7M        63M       848M

MemTotal:        4016004 kB
MemFree:         2607668 kB
Active:           466520 kB
Mem:          3.8G       1.3G       2.5G       5.7M        63M       891M

MemTotal:        4016004 kB
MemFree:         2563056 kB
Active:           466520 kB
Mem:          3.8G       1.4G       2.4G       5.7M        63M       934M

MemTotal:        4016004 kB
MemFree:         2518676 kB
Active:           466520 kB
Mem:          3.8G       1.4G       2.4G       5.7M        63M       977M

MemTotal:        4016004 kB
MemFree:         2473692 kB
Active:           466532 kB
Mem:          3.8G       1.5G       2.4G       5.7M        63M       1.0G

MemTotal:        4016004 kB
MemFree:         2429576 kB
Active:           466532 kB
Mem:          3.8G       1.5G       2.3G       5.7M        63M       1.0G

MemTotal:        4016004 kB
MemFree:         2386080 kB
Active:           466508 kB
Mem:          3.8G       1.6G       2.3G       5.7M        63M       1.1G

MemTotal:        4016004 kB
MemFree:         2342192 kB
Active:           466528 kB
Mem:          3.8G       1.6G       2.2G       5.7M        63M       1.1G

MemTotal:        4016004 kB
MemFree:         2299196 kB
Active:           466540 kB
Mem:          3.8G       1.6G       2.2G       5.7M        63M       1.2G

MemTotal:        4016004 kB
MemFree:         2288048 kB
Active:           466544 kB
Mem:          3.8G       1.6G       2.2G       5.7M        63M       1.2G

MemTotal:        4016004 kB
MemFree:         2281556 kB
Active:           466556 kB
Mem:          3.8G       1.7G       2.2G       5.7M        63M       1.2G

MemTotal:        4016004 kB
MemFree:         2236948 kB
Active:           466524 kB
Mem:          3.8G       1.7G       2.1G       5.7M        63M       1.2G

MemTotal:        4016004 kB
MemFree:         2192292 kB
Active:           466572 kB
Mem:          3.8G       1.7G       2.1G       5.7M        63M       1.3G

MemTotal:        4016004 kB
MemFree:         2149160 kB
Active:           466536 kB
Mem:          3.8G       1.8G       2.0G       5.7M        63M       1.3G

MemTotal:        4016004 kB
MemFree:         2104548 kB
Active:           466516 kB
Mem:          3.8G       1.8G       2.0G       5.7M        63M       1.3G

MemTotal:        4016004 kB
MemFree:         2060804 kB
Active:           466552 kB
Mem:          3.8G       1.9G       2.0G       5.7M        63M       1.4G

MemTotal:        4016004 kB
MemFree:         2015820 kB
Active:           466576 kB
Mem:          3.8G       1.9G       1.9G       5.7M        63M       1.4G

MemTotal:        4016004 kB
MemFree:         1971316 kB
Active:           466556 kB
Mem:          3.8G       2.0G       1.9G       5.7M        63M       1.5G

MemTotal:        4016004 kB
MemFree:         1935132 kB
Active:           466556 kB
Mem:          3.8G       2.0G       1.8G       5.7M        63M       1.5G

MemTotal:        4016004 kB
MemFree:         1917080 kB
Active:           466584 kB
Mem:          3.8G       2.0G       1.8G       5.7M        63M       1.5G

MemTotal:        4016004 kB
MemFree:         1872780 kB
Active:           466608 kB
Mem:          3.8G       2.0G       1.8G       5.7M        63M       1.6G

MemTotal:        4016004 kB
MemFree:         1834504 kB
Active:           466596 kB
Mem:          3.8G       2.1G       1.7G       5.7M        63M       1.6G

MemTotal:        4016004 kB
MemFree:         1823628 kB
Active:           466624 kB
Mem:          3.8G       2.1G       1.7G       5.7M        63M       1.6G

MemTotal:        4016004 kB
MemFree:         1779728 kB
Active:           466580 kB
Mem:          3.8G       2.1G       1.7G       5.7M        63M       1.6G

MemTotal:        4016004 kB
MemFree:         1735616 kB
Active:           466628 kB
Mem:          3.8G       2.2G       1.7G       5.7M        63M       1.7G

MemTotal:        4016004 kB
MemFree:         1692248 kB
Active:           466616 kB
Mem:          3.8G       2.2G       1.6G       5.7M        63M       1.7G

MemTotal:        4016004 kB
MemFree:         1647688 kB
Active:           466636 kB
Mem:          3.8G       2.3G       1.6G       5.7M        63M       1.8G

MemTotal:        4016004 kB
MemFree:         1602572 kB
Active:           466644 kB
Mem:          3.8G       2.3G       1.5G       5.7M        63M       1.8G

MemTotal:        4016004 kB
MemFree:         1558628 kB
Active:           466644 kB
Mem:          3.8G       2.3G       1.5G       5.7M        63M       1.9G

MemTotal:        4016004 kB
MemFree:         1514264 kB
Active:           466600 kB
Mem:          3.8G       2.4G       1.4G       5.7M        63M       1.9G

MemTotal:        4016004 kB
MemFree:         1483160 kB
Active:           466608 kB
Mem:          3.8G       2.4G       1.4G       5.7M        63M       1.9G

MemTotal:        4016004 kB
MemFree:         1469892 kB
Active:           466648 kB
Mem:          3.8G       2.4G       1.4G       5.7M        63M       1.9G

MemTotal:        4016004 kB
MemFree:         1425656 kB
Active:           466668 kB
Mem:          3.8G       2.5G       1.4G       5.7M        63M       2.0G

MemTotal:        4016004 kB
MemFree:         1391492 kB
Active:           466616 kB
Mem:          3.8G       2.5G       1.3G       5.7M        63M       2.0G

MemTotal:        4016004 kB
MemFree:         1384936 kB
Active:           466660 kB
Mem:          3.8G       2.5G       1.3G       5.7M        63M       2.0G

MemTotal:        4016004 kB
MemFree:         1340184 kB
Active:           466680 kB
Mem:          3.8G       2.6G       1.3G       5.7M        63M       2.1G

MemTotal:        4016004 kB
MemFree:         1319044 kB
Active:           466680 kB
Mem:          3.8G       2.6G       1.3G       5.7M        63M       2.1G

MemTotal:        4016004 kB
MemFree:         1317664 kB
Active:           466684 kB
Mem:          3.8G       2.6G       1.3G       5.7M        63M       2.1G

MemTotal:        4016004 kB
MemFree:         1273092 kB
Active:           466696 kB
Mem:          3.8G       2.6G       1.2G       5.7M        63M       2.1G

MemTotal:        4016004 kB
MemFree:         1229968 kB
Active:           466684 kB
Mem:          3.8G       2.7G       1.2G       5.7M        63M       2.2G

MemTotal:        4016004 kB
MemFree:         1185000 kB
Active:           466700 kB
Mem:          3.8G       2.7G       1.1G       5.7M        63M       2.2G

MemTotal:        4016004 kB
MemFree:         1140388 kB
Active:           466656 kB
Mem:          3.8G       2.7G       1.1G       5.7M        63M       2.2G

MemTotal:        4016004 kB
MemFree:         1096148 kB
Active:           466656 kB
Mem:          3.8G       2.8G       1.0G       5.7M        63M       2.3G

MemTotal:        4016004 kB
MemFree:         1052776 kB
Active:           466656 kB
Mem:          3.8G       2.8G       1.0G       5.7M        63M       2.3G

MemTotal:        4016004 kB
MemFree:         1008380 kB
Active:           466712 kB
Mem:          3.8G       2.9G       984M       5.7M        63M       2.4G

MemTotal:        4016004 kB
MemFree:          963428 kB
Active:           466656 kB
Mem:          3.8G       2.9G       940M       5.7M        63M       2.4G

MemTotal:        4016004 kB
MemFree:          959360 kB
Active:           466712 kB
Mem:          3.8G       2.9G       936M       5.7M        63M       2.4G

MemTotal:        4016004 kB
MemFree:          956388 kB
Active:           466704 kB
Mem:          3.8G       2.9G       933M       5.7M        63M       2.4G

MemTotal:        4016004 kB
MemFree:          936952 kB
Active:           466720 kB
Mem:          3.8G       2.9G       914M       5.7M        63M       2.4G

MemTotal:        4016004 kB
MemFree:          893200 kB
Active:           466708 kB
Mem:          3.8G       3.0G       871M       5.7M        63M       2.5G

MemTotal:        4016004 kB
MemFree:          848404 kB
Active:           466712 kB
Mem:          3.8G       3.0G       828M       5.7M        63M       2.5G

MemTotal:        4016004 kB
MemFree:          804040 kB
Active:           466716 kB
Mem:          3.8G       3.1G       784M       5.7M        63M       2.6G

MemTotal:        4016004 kB
MemFree:          758932 kB
Active:           466764 kB
Mem:          3.8G       3.1G       740M       5.7M        63M       2.6G

MemTotal:        4016004 kB
MemFree:          714444 kB
Active:           466760 kB
Mem:          3.8G       3.1G       697M       5.7M        63M       2.6G

MemTotal:        4016004 kB
MemFree:          669088 kB
Active:           466752 kB
Mem:          3.8G       3.2G       653M       5.7M        63M       2.7G

MemTotal:        4016004 kB
MemFree:          625080 kB
Active:           466748 kB
Mem:          3.8G       3.2G       609M       5.7M        63M       2.7G

MemTotal:        4016004 kB
MemFree:          607904 kB
Active:           466764 kB
Mem:          3.8G       3.3G       593M       5.7M        63M       2.7G

MemTotal:        4016004 kB
MemFree:          572548 kB
Active:           466764 kB
Mem:          3.8G       3.3G       558M       5.7M        63M       2.8G

MemTotal:        4016004 kB
MemFree:          527440 kB
Active:           466760 kB
Mem:          3.8G       3.3G       515M       5.7M        63M       2.8G

MemTotal:        4016004 kB
MemFree:          526132 kB
Active:           466764 kB
Mem:          3.8G       3.3G       513M       5.7M        63M       2.8G

MemTotal:        4016004 kB
MemFree:          487192 kB
Active:           466772 kB
Mem:          3.8G       3.4G       475M       5.7M        63M       2.9G

MemTotal:        4016004 kB
MemFree:          442648 kB
Active:           466620 kB
Mem:          3.8G       3.4G       432M       5.7M        63M       2.9G

MemTotal:        4016004 kB
MemFree:          397824 kB
Active:           466584 kB
Mem:          3.8G       3.5G       388M       5.7M        63M       2.9G

MemTotal:        4016004 kB
MemFree:          353572 kB
Active:           466636 kB
Mem:          3.8G       3.5G       344M       5.7M        63M       3.0G

MemTotal:        4016004 kB
MemFree:          309316 kB
Active:           466628 kB
Mem:          3.8G       3.5G       302M       5.7M        63M       3.0G

MemTotal:        4016004 kB
MemFree:          265200 kB
Active:           466588 kB
Mem:          3.8G       3.6G       257M       5.7M        63M       3.1G

MemTotal:        4016004 kB
MemFree:          219968 kB
Active:           466640 kB
Mem:          3.8G       3.6G       214M       5.7M        63M       3.1G

MemTotal:        4016004 kB
MemFree:          175728 kB
Active:           466648 kB
Mem:          3.8G       3.7G       171M       5.7M        63M       3.2G

MemTotal:        4016004 kB
MemFree:          131612 kB
Active:           466600 kB
Mem:          3.8G       3.7G       128M       5.7M        63M       3.2G

MemTotal:        4016004 kB
MemFree:          123280 kB
Active:           463328 kB
Mem:          3.8G       3.7G       124M       5.7M        30M       3.2G

MemTotal:        4016004 kB
MemFree:          114184 kB
Active:           476012 kB
Mem:          3.8G       3.7G       111M       5.7M        30M       3.2G

MemTotal:        4016004 kB
MemFree:          131112 kB
Active:           488300 kB
Mem:          3.8G       3.7G       127M       5.7M        30M       3.2G

MemTotal:        4016004 kB
MemFree:          130824 kB
Active:           488384 kB
Mem:          3.8G       3.7G       127M       5.7M        30M       3.2G

MemTotal:        4016004 kB
MemFree:          130488 kB
Active:           488324 kB
Mem:          3.8G       3.7G       127M       5.7M        30M       3.2G

MemTotal:        4016004 kB
MemFree:          129196 kB
Active:           488272 kB
Mem:          3.8G       3.7G       126M       5.7M        30M       3.2G

MemTotal:        4016004 kB
MemFree:          141840 kB
Active:           528840 kB
Mem:          3.8G       3.7G       137M       5.7M        30M       3.2G

MemTotal:        4016004 kB
MemFree:          126884 kB
Active:           525736 kB
Mem:          3.8G       3.7G       123M       5.7M        30M       3.2G

MemTotal:        4016004 kB
MemFree:          124428 kB
Active:           519316 kB
Mem:          3.8G       3.7G       121M       5.7M        30M       3.2G

MemTotal:        4016004 kB
MemFree:          128184 kB
Active:           513976 kB
Mem:          3.8G       3.7G       124M       5.7M        30M       3.2G

MemTotal:        4016004 kB
MemFree:          118656 kB
Active:           510516 kB
Mem:          3.8G       3.7G       115M       5.7M        30M       3.2G

MemTotal:        4016004 kB
MemFree:          120892 kB
Active:           504636 kB
Mem:          3.8G       3.7G       118M       5.7M        30M       3.2G

MemTotal:        4016004 kB
MemFree:          127340 kB
Active:           496956 kB
Mem:          3.8G       3.7G       123M       5.7M        30M       3.2G

MemTotal:        4016004 kB
MemFree:          136760 kB
Active:           490116 kB
Mem:          3.8G       3.7G       132M       5.7M        30M       3.2G

MemTotal:        4016004 kB
MemFree:          127904 kB
Active:           486676 kB
Mem:          3.8G       3.7G       124M       5.7M        30M       3.2G

MemTotal:        4016004 kB
MemFree:          119856 kB
Active:           483228 kB
Mem:          3.8G       3.7G       117M       5.7M        30M       3.2G

MemTotal:        4016004 kB
MemFree:          123428 kB
Active:           479644 kB
Mem:          3.8G       3.7G       120M       5.7M        30M       3.2G

MemTotal:        4016004 kB
MemFree:          120120 kB
Active:           479652 kB
Mem:          3.8G       3.7G       117M       5.7M        30M       3.2G

MemTotal:        4016004 kB
MemFree:          125868 kB
Active:           474384 kB
Mem:          3.8G       3.7G       123M       5.7M        30M       3.2G

MemTotal:        4016004 kB
MemFree:          111220 kB
Active:           471952 kB
Mem:          3.8G       3.7G       108M       5.7M        30M       3.2G

MemTotal:        4016004 kB
MemFree:          133076 kB
Active:           467684 kB
Mem:          3.8G       3.7G       129M       5.7M        30M       3.2G

MemTotal:        4016004 kB
MemFree:          124296 kB
Active:           466536 kB
Mem:          3.8G       3.7G       121M       5.7M        30M       3.2G

MemTotal:        4016004 kB
MemFree:          127048 kB
Active:           464600 kB
Mem:          3.8G       3.7G       123M       5.7M        30M       3.2G

MemTotal:        4016004 kB
MemFree:          109000 kB
Active:           463984 kB
Mem:          3.8G       3.7G       106M       5.7M        30M       3.3G

MemTotal:        4016004 kB
MemFree:          136000 kB
Active:           461684 kB
Mem:          3.8G       3.7G       132M       5.7M        30M       3.2G

MemTotal:        4016004 kB
MemFree:          127176 kB
Active:           460540 kB
Mem:          3.8G       3.7G       124M       5.7M        30M       3.2G

MemTotal:        4016004 kB
MemFree:          132632 kB
Active:           459132 kB
Mem:          3.8G       3.7G       129M       5.7M        30M       3.2G

MemTotal:        4016004 kB
MemFree:          112252 kB
Active:           458448 kB
Mem:          3.8G       3.7G       109M       5.7M        30M       3.2G

MemTotal:        4016004 kB
MemFree:          128796 kB
Active:           456656 kB
Mem:          3.8G       3.7G       125M       5.7M        30M       3.2G

MemTotal:        4016004 kB
MemFree:          121420 kB
Active:           458504 kB
Mem:          3.8G       3.7G       118M       5.7M        30M       3.2G

MemTotal:        4016004 kB
MemFree:          134916 kB
Active:           455760 kB
Mem:          3.8G       3.7G       131M       5.7M        30M       3.2G

MemTotal:        4016004 kB
MemFree:          127540 kB
Active:           454644 kB
Mem:          3.8G       3.7G       124M       5.7M        30M       3.2G

MemTotal:        4016004 kB
MemFree:          108088 kB
Active:           453868 kB
Mem:          3.8G       3.7G       105M       5.7M        30M       3.2G

MemTotal:        4016004 kB
MemFree:          124652 kB
Active:           450116 kB
Mem:          3.8G       3.7G       121M       5.7M        30M       3.2G

MemTotal:        4016004 kB
MemFree:          121956 kB
Active:           448584 kB
Mem:          3.8G       3.7G       118M       5.7M        30M       3.2G

MemTotal:        4016004 kB
MemFree:          112520 kB
Active:           447424 kB
Mem:          3.8G       3.7G       109M       5.7M        30M       3.2G

MemTotal:        4016004 kB
MemFree:          128668 kB
Active:           445628 kB
Mem:          3.8G       3.7G       125M       5.7M        30M       3.2G

MemTotal:        4016004 kB
MemFree:          122284 kB
Active:           444456 kB
Mem:          3.8G       3.7G       118M       5.7M        30M       3.2G

MemTotal:        4016004 kB
MemFree:          123056 kB
Active:           440560 kB
Mem:          3.8G       3.7G       119M       5.7M        30M       3.2G

MemTotal:        4016004 kB
MemFree:          108008 kB
Active:           440836 kB
Mem:          3.8G       3.7G       105M       5.7M        30M       3.2G

MemTotal:        4016004 kB
MemFree:          110180 kB
Active:           439600 kB
Mem:          3.8G       3.7G       107M       5.7M        30M       3.2G

MemTotal:        4016004 kB
MemFree:          113504 kB
Active:           438448 kB
Mem:          3.8G       3.7G       110M       5.7M        30M       3.2G

MemTotal:        4016004 kB
MemFree:          129744 kB
Active:           437164 kB
Mem:          3.8G       3.7G       126M       5.7M        30M       3.2G

MemTotal:        4016004 kB
MemFree:          126464 kB
Active:           435392 kB
Mem:          3.8G       3.7G       123M       5.7M        30M       3.2G

MemTotal:        4016004 kB
MemFree:          120116 kB
Active:           434368 kB
Mem:          3.8G       3.7G       116M       5.7M        30M       3.2G

MemTotal:        4016004 kB
MemFree:          126920 kB
Active:           432328 kB
Mem:          3.8G       3.7G       124M       5.7M        30M       3.2G

MemTotal:        4016004 kB
MemFree:          120552 kB
Active:           431180 kB
Mem:          3.8G       3.7G       117M       5.7M        30M       3.2G

MemTotal:        4016004 kB
MemFree:          111956 kB
Active:           429900 kB
Mem:          3.8G       3.7G       109M       5.7M        30M       3.2G

MemTotal:        4016004 kB
MemFree:          128880 kB
Active:           426220 kB
Mem:          3.8G       3.7G       126M       5.7M        30M       3.2G

MemTotal:        4016004 kB
MemFree:          119296 kB
Active:           425100 kB
Mem:          3.8G       3.7G       115M       5.7M        30M       3.2G

MemTotal:        4016004 kB
MemFree:          109248 kB
Active:           425876 kB
Mem:          3.8G       3.7G       106M       5.7M        30M       3.2G

MemTotal:        4016004 kB
MemFree:          119172 kB
Active:           424216 kB
Mem:          3.8G       3.7G       116M       5.7M        30M       3.2G

MemTotal:        4016004 kB
MemFree:          110380 kB
Active:           423076 kB
Mem:          3.8G       3.7G       108M       5.7M        30M       3.2G

MemTotal:        4016004 kB
MemFree:          126144 kB
Active:           421880 kB
Mem:          3.8G       3.7G       123M       5.7M        30M       3.2G

MemTotal:        4016004 kB
MemFree:          117384 kB
Active:           421424 kB
Mem:          3.8G       3.7G       114M       5.7M        30M       3.2G

MemTotal:        4016004 kB
MemFree:          109492 kB
Active:           420148 kB
Mem:          3.8G       3.7G       106M       5.7M        30M       3.2G

MemTotal:        4016004 kB
MemFree:          125108 kB
Active:           418328 kB
Mem:          3.8G       3.7G       121M       5.7M        30M       3.2G

MemTotal:        4016004 kB
MemFree:          116636 kB
Active:           417176 kB
Mem:          3.8G       3.7G       113M       5.7M        30M       3.2G

MemTotal:        4016004 kB
MemFree:          128980 kB
Active:           415416 kB
Mem:          3.8G       3.7G       125M       5.7M        30M       3.2G

MemTotal:        4016004 kB
MemFree:          120904 kB
Active:           412224 kB
Mem:          3.8G       3.7G       118M       5.7M        30M       3.2G

MemTotal:        4016004 kB
MemFree:          127720 kB
Active:           410592 kB
Mem:          3.8G       3.7G       124M       5.7M        30M       3.2G

MemTotal:        4016004 kB
MemFree:          125572 kB
Active:           409152 kB
Mem:          3.8G       3.7G       121M       5.7M        30M       3.2G

MemTotal:        4016004 kB
MemFree:          110456 kB
Active:           408064 kB
Mem:          3.8G       3.7G       107M       5.7M        30M       3.2G

MemTotal:        4016004 kB
MemFree:          119784 kB
Active:           406908 kB
Mem:          3.8G       3.7G       116M       5.7M        30M       3.2G

MemTotal:        4016004 kB
MemFree:          128092 kB
Active:           405264 kB
Mem:          3.8G       3.7G       124M       5.7M        30M       3.2G

MemTotal:        4016004 kB
MemFree:          109240 kB
Active:           404888 kB
Mem:          3.8G       3.7G       106M       5.7M        30M       3.2G

MemTotal:        4016004 kB
MemFree:          112168 kB
Active:           403876 kB
Mem:          3.8G       3.7G       109M       5.7M        30M       3.2G

MemTotal:        4016004 kB
MemFree:          127640 kB
Active:           402084 kB
Mem:          3.8G       3.7G       124M       5.7M        30M       3.2G

MemTotal:        4016004 kB
MemFree:          119752 kB
Active:           400932 kB
Mem:          3.8G       3.7G       116M       5.7M        30M       3.2G

MemTotal:        4016004 kB
MemFree:          111900 kB
Active:           399680 kB
Mem:          3.8G       3.7G       108M       5.7M        30M       3.2G

MemTotal:        4016004 kB
MemFree:          111780 kB
Active:           397884 kB
Mem:          3.8G       3.7G       108M       5.7M        30M       3.2G

MemTotal:        4016004 kB
MemFree:          127392 kB
Active:           397004 kB
Mem:          3.8G       3.7G       123M       5.7M        30M       3.2G

MemTotal:        4016004 kB
MemFree:          105924 kB
Active:           396980 kB
Mem:          3.8G       3.7G       102M       5.7M        30M       3.2G

MemTotal:        4016004 kB
MemFree:          126376 kB
Active:           397004 kB
Mem:          3.8G       3.7G       122M       5.7M        30M       3.2G

MemTotal:        4016004 kB
MemFree:          111396 kB
Active:           397008 kB
Mem:          3.8G       3.7G       109M       5.7M        30M       3.2G

MemTotal:        4016004 kB
MemFree:          127044 kB
Active:           396932 kB
Mem:          3.8G       3.7G       124M       5.7M        30M       3.2G

MemTotal:        4016004 kB
MemFree:          119376 kB
Active:           396924 kB
Mem:          3.8G       3.7G       116M       5.7M        30M       3.2G

MemTotal:        4016004 kB
MemFree:          112468 kB
Active:           396940 kB
Mem:          3.8G       3.7G       109M       5.7M        30M       3.2G

MemTotal:        4016004 kB
MemFree:          112592 kB
Active:           396924 kB
Mem:          3.8G       3.7G       109M       5.7M        30M       3.2G

MemTotal:        4016004 kB
MemFree:          111836 kB
Active:           396940 kB
Mem:          3.8G       3.7G       109M       5.7M        30M       3.2G

MemTotal:        4016004 kB
MemFree:          112056 kB
Active:           396940 kB
Mem:          3.8G       3.7G       109M       5.7M        30M       3.2G

MemTotal:        4016004 kB
MemFree:          126904 kB
Active:           396976 kB
Mem:          3.8G       3.7G       123M       5.7M        30M       3.2G

MemTotal:        4016004 kB
MemFree:          117356 kB
Active:           396976 kB
Mem:          3.8G       3.7G       113M       5.7M        30M       3.2G

MemTotal:        4016004 kB
MemFree:          108844 kB
Active:           396992 kB
Mem:          3.8G       3.7G       106M       5.7M        30M       3.2G

MemTotal:        4016004 kB
MemFree:          117816 kB
Active:           396992 kB
Mem:          3.8G       3.7G       114M       5.7M        30M       3.2G

MemTotal:        4016004 kB
MemFree:          108348 kB
Active:           396908 kB
Mem:          3.8G       3.7G       106M       5.7M        30M       3.2G

MemTotal:        4016004 kB
MemFree:          125452 kB
Active:           396916 kB
Mem:          3.8G       3.7G       126M       5.7M        30M       3.2G

MemTotal:        4016004 kB
MemFree:          127840 kB
Active:           396908 kB
Mem:          3.8G       3.7G       124M       5.7M        30M       3.2G

MemTotal:        4016004 kB
MemFree:          110648 kB
Active:           396920 kB
Mem:          3.8G       3.7G       108M       5.7M        30M       3.2G

MemTotal:        4016004 kB
MemFree:          113920 kB
Active:           397520 kB
Mem:          3.8G       3.7G       111M       5.7M        30M       3.2G

MemTotal:        4016004 kB
MemFree:          106836 kB
Active:           396884 kB
Mem:          3.8G       3.7G       104M       5.7M        30M       3.2G

MemTotal:        4016004 kB
MemFree:          136716 kB
Active:           396760 kB
Mem:          3.8G       3.7G       133M       5.7M        30M       3.2G

MemTotal:        4016004 kB
MemFree:          122740 kB
Active:           396612 kB
Mem:          3.8G       3.7G       119M       5.7M        30M       3.2G

MemTotal:        4016004 kB
MemFree:          113612 kB
Active:           396568 kB
Mem:          3.8G       3.7G       111M       5.7M        30M       3.2G

MemTotal:        4016004 kB
MemFree:          104940 kB
Active:           396628 kB
Mem:          3.8G       3.7G       102M       5.7M        30M       3.2G

MemTotal:        4016004 kB
MemFree:          108352 kB
Active:           396620 kB
Mem:          3.8G       3.7G       105M       5.7M        30M       3.2G

MemTotal:        4016004 kB
MemFree:          124280 kB
Active:           396636 kB
Mem:          3.8G       3.7G       121M       5.7M        30M       3.2G

MemTotal:        4016004 kB
MemFree:          116752 kB
Active:           396564 kB
Mem:          3.8G       3.7G       113M       5.7M        30M       3.2G

MemTotal:        4016004 kB
MemFree:          108784 kB
Active:           396636 kB
Mem:          3.8G       3.7G       106M       5.7M        30M       3.2G

MemTotal:        4016004 kB
MemFree:          134028 kB
Active:           397588 kB
Mem:          3.8G       3.7G       131M       5.7M        30M       3.2G

MemTotal:        4016004 kB
MemFree:          106256 kB
Active:           397596 kB
Mem:          3.8G       3.7G       103M       5.7M        30M       3.2G

MemTotal:        4016004 kB
MemFree:          110744 kB
Active:           397600 kB
Mem:          3.8G       3.7G       108M       5.7M        30M       3.2G

MemTotal:        4016004 kB
MemFree:          121348 kB
Active:           397600 kB
Mem:          3.8G       3.7G       118M       5.7M        30M       3.2G

MemTotal:        4016004 kB
MemFree:          132180 kB
Active:           397588 kB
Mem:          3.8G       3.7G       129M       5.7M        30M       3.2G

MemTotal:        4016004 kB
MemFree:          117212 kB
Active:           397588 kB
Mem:          3.8G       3.7G       114M       5.7M        30M       3.2G

MemTotal:        4016004 kB
MemFree:          133800 kB
Active:           397612 kB
Mem:          3.8G       3.7G       130M       5.7M        30M       3.2G

MemTotal:        4016004 kB
MemFree:          125256 kB
Active:           397628 kB
Mem:          3.8G       3.7G       121M       5.7M        30M       3.2G

MemTotal:        4016004 kB
MemFree:          110308 kB
Active:           391108 kB
Mem:          3.8G       3.7G       107M       5.7M        30M       3.2G

MemTotal:        4016004 kB
MemFree:          107056 kB
Active:           391156 kB
Mem:          3.8G       3.7G       104M       5.7M        30M       3.2G

MemTotal:        4016004 kB
MemFree:          135568 kB
Active:           391132 kB
Mem:          3.8G       3.7G       132M       5.7M        30M       3.2G

MemTotal:        4016004 kB
MemFree:          126424 kB
Active:           391132 kB
Mem:          3.8G       3.7G       123M       5.7M        30M       3.2G

MemTotal:        4016004 kB
MemFree:          126476 kB
Active:           391128 kB
Mem:          3.8G       3.7G       123M       5.7M        30M       3.2G

MemTotal:        4016004 kB
MemFree:          125512 kB
Active:           391168 kB
Mem:          3.8G       3.7G       122M       5.7M        30M       3.2G

MemTotal:        4016004 kB
MemFree:          123712 kB
Active:           391180 kB
Mem:          3.8G       3.7G       121M       5.7M        30M       3.2G

MemTotal:        4016004 kB
MemFree:          125336 kB
Active:           391188 kB
Mem:          3.8G       3.7G       122M       5.7M        30M       3.2G

MemTotal:        4016004 kB
MemFree:          115292 kB
Active:           391176 kB
Mem:          3.8G       3.7G       112M       5.7M        30M       3.2G

MemTotal:        4016004 kB
MemFree:          107384 kB
Active:           390532 kB
Mem:          3.8G       3.7G       104M       5.7M        30M       3.2G

MemTotal:        4016004 kB
MemFree:          118388 kB
Active:           390532 kB
Mem:          3.8G       3.7G       115M       5.7M        30M       3.2G

MemTotal:        4016004 kB
MemFree:          120280 kB
Active:           392580 kB
Mem:          3.8G       3.7G       117M       5.7M        30M       3.2G

MemTotal:        4016004 kB
MemFree:          112528 kB
Active:           392568 kB
Mem:          3.8G       3.7G       110M       5.7M        30M       3.2G

MemTotal:        4016004 kB
MemFree:          105336 kB
Active:           392592 kB
Mem:          3.8G       3.7G       103M       5.7M        30M       3.2G

MemTotal:        4016004 kB
MemFree:          126332 kB
Active:           392592 kB
Mem:          3.8G       3.7G       123M       5.7M        30M       3.2G

MemTotal:        4016004 kB
MemFree:          131108 kB
Active:           392580 kB
Mem:          3.8G       3.7G       128M       5.7M        30M       3.2G

MemTotal:        4016004 kB
MemFree:          136812 kB
Active:           392576 kB
Mem:          3.8G       3.7G       133M       5.7M        30M       3.2G

MemTotal:        4016004 kB
MemFree:          142800 kB
Active:           391084 kB
Mem:          3.8G       3.7G       139M       5.7M        30M       3.2G

MemTotal:        4016004 kB
MemFree:          134004 kB
Active:           390908 kB
Mem:          3.8G       3.7G       130M       5.7M        30M       3.2G

MemTotal:        4016004 kB
MemFree:          134860 kB
Active:           390940 kB
Mem:          3.8G       3.7G       131M       5.7M        30M       3.2G

MemTotal:        4016004 kB
MemFree:          122192 kB
Active:           390948 kB
Mem:          3.8G       3.7G       118M       5.7M        30M       3.2G

MemTotal:        4016004 kB
MemFree:          112548 kB
Active:           390964 kB
Mem:          3.8G       3.7G       109M       5.7M        30M       3.2G

MemTotal:        4016004 kB
MemFree:          106056 kB
Active:           390936 kB
Mem:          3.8G       3.7G       102M       5.7M        30M       3.2G

MemTotal:        4016004 kB
MemFree:          107316 kB
Active:           390976 kB
Mem:          3.8G       3.7G       104M       5.7M        30M       3.2G

MemTotal:        4016004 kB
MemFree:          135084 kB
Active:           390968 kB
Mem:          3.8G       3.7G       131M       5.7M        30M       3.2G

MemTotal:        4016004 kB
MemFree:          125832 kB
Active:           390984 kB
Mem:          3.8G       3.7G       123M       5.7M        30M       3.2G

MemTotal:        4016004 kB
MemFree:          104936 kB
Active:           390984 kB
Mem:          3.8G       3.7G       102M       5.7M        30M       3.2G

MemTotal:        4016004 kB
MemFree:          127064 kB
Active:           390020 kB
Mem:          3.8G       3.7G       123M       5.7M        30M       3.2G

MemTotal:        4016004 kB
MemFree:          130276 kB
Active:           389820 kB
Mem:          3.8G       3.7G       126M       5.7M        30M       3.2G

MemTotal:        4016004 kB
MemFree:          142536 kB
Active:           389844 kB
Mem:          3.8G       3.7G       138M       5.7M        30M       3.2G

MemTotal:        4016004 kB
MemFree:          133092 kB
Active:           389848 kB
Mem:          3.8G       3.7G       130M       5.7M        30M       3.2G

MemTotal:        4016004 kB
MemFree:          119644 kB
Active:           389848 kB
Mem:          3.8G       3.7G       116M       5.7M        30M       3.2G

MemTotal:        4016004 kB
MemFree:          111588 kB
Active:           391004 kB
Mem:          3.8G       3.7G       108M       5.7M        30M       3.2G

MemTotal:        4016004 kB
MemFree:          117008 kB
Active:           390840 kB
Mem:          3.8G       3.7G       113M       5.7M        30M       3.2G

MemTotal:        4016004 kB
MemFree:          108152 kB
Active:           390844 kB
Mem:          3.8G       3.7G       105M       5.7M        30M       3.2G

MemTotal:        4016004 kB
MemFree:          128820 kB
Active:           390868 kB
Mem:          3.8G       3.7G       125M       5.7M        30M       3.2G

MemTotal:        4016004 kB
MemFree:          120160 kB
Active:           390884 kB
Mem:          3.8G       3.7G       117M       5.7M        30M       3.2G

MemTotal:        4016004 kB
MemFree:          113688 kB
Active:           377404 kB
Mem:          3.8G       3.7G       111M       5.7M        30M       3.2G

MemTotal:        4016004 kB
MemFree:          105408 kB
Active:           377428 kB
Mem:          3.8G       3.7G       102M       5.7M        30M       3.2G

MemTotal:        4016004 kB
MemFree:          112908 kB
Active:           377300 kB
Mem:          3.8G       3.7G       109M       5.7M        30M       3.2G

MemTotal:        4016004 kB
MemFree:          112976 kB
Active:           377320 kB
Mem:          3.8G       3.7G       110M       5.7M        30M       3.2G

MemTotal:        4016004 kB
MemFree:          127336 kB
Active:           377904 kB
Mem:          3.8G       3.7G       124M       5.7M        30M       3.2G

MemTotal:        4016004 kB
MemFree:          118364 kB
Active:           378544 kB
Mem:          3.8G       3.7G       115M       5.7M        30M       3.2G

MemTotal:        4016004 kB
MemFree:          126652 kB
Active:           377540 kB
Mem:          3.8G       3.7G       123M       5.7M        30M       3.2G

MemTotal:        4016004 kB
MemFree:          129700 kB
Active:           377520 kB
Mem:          3.8G       3.7G       126M       5.7M        30M       3.2G

MemTotal:        4016004 kB
MemFree:          132824 kB
Active:           377508 kB
Mem:          3.8G       3.7G       129M       5.7M        30M       3.2G

MemTotal:        4016004 kB
MemFree:          141432 kB
Active:           377484 kB
Mem:          3.8G       3.7G       138M       5.7M        30M       3.2G

MemTotal:        4016004 kB
MemFree:          133436 kB
Active:           377536 kB
Mem:          3.8G       3.7G       130M       5.7M        30M       3.2G

MemTotal:        4016004 kB
MemFree:          126520 kB
Active:           375468 kB
Mem:          3.8G       3.7G       123M       5.7M        30M       3.2G

MemTotal:        4016004 kB
MemFree:          130380 kB
Active:           375296 kB
Mem:          3.8G       3.7G       127M       5.7M        30M       3.2G

MemTotal:        4016004 kB
MemFree:          134232 kB
Active:           375288 kB
Mem:          3.8G       3.7G       131M       5.7M        30M       3.2G

MemTotal:        4016004 kB
MemFree:          126888 kB
Active:           374840 kB
Mem:          3.8G       3.7G       123M       5.7M        30M       3.2G

MemTotal:        4016004 kB
MemFree:          127360 kB
Active:           374684 kB
Mem:          3.8G       3.7G       124M       5.7M        30M       3.2G

MemTotal:        4016004 kB
MemFree:          119868 kB
Active:           374708 kB
Mem:          3.8G       3.7G       116M       5.7M        30M       3.2G

MemTotal:        4016004 kB
MemFree:          127288 kB
Active:           374748 kB
Mem:          3.8G       3.7G       124M       5.7M        30M       3.2G

MemTotal:        4016004 kB
MemFree:          111120 kB
Active:           374744 kB
Mem:          3.8G       3.7G       107M       5.7M        30M       3.2G

MemTotal:        4016004 kB
MemFree:          126144 kB
Active:           374704 kB
Mem:          3.8G       3.7G       123M       5.7M        30M       3.2G

MemTotal:        4016004 kB
MemFree:          120672 kB
Active:           374716 kB
Mem:          3.8G       3.7G       117M       5.7M        30M       3.2G

MemTotal:        4016004 kB
MemFree:          105536 kB
Active:           374764 kB
Mem:          3.8G       3.7G       103M       5.7M        30M       3.2G

MemTotal:        4016004 kB
MemFree:          115452 kB
Active:           374768 kB
Mem:          3.8G       3.7G       112M       5.7M        30M       3.2G

MemTotal:        4016004 kB
MemFree:          133688 kB
Active:           374768 kB
Mem:          3.8G       3.7G       130M       5.7M        30M       3.2G

MemTotal:        4016004 kB
MemFree:          126292 kB
Active:           372620 kB
Mem:          3.8G       3.7G       123M       5.7M        30M       3.2G

MemTotal:        4016004 kB
MemFree:          117584 kB
Active:           372412 kB
Mem:          3.8G       3.7G       114M       5.7M        30M       3.2G

MemTotal:        4016004 kB
MemFree:          109644 kB
Active:           372396 kB
Mem:          3.8G       3.7G       107M       5.7M        30M       3.2G

MemTotal:        4016004 kB
MemFree:          125320 kB
Active:           372420 kB
Mem:          3.8G       3.7G       121M       5.7M        30M       3.2G

MemTotal:        4016004 kB
MemFree:          110528 kB
Active:           372420 kB
Mem:          3.8G       3.7G       107M       5.7M        30M       3.2G

MemTotal:        4016004 kB
MemFree:          128244 kB
Active:           372420 kB
Mem:          3.8G       3.7G       125M       5.7M        30M       3.2G

MemTotal:        4016004 kB
MemFree:          127516 kB
Active:           372436 kB
Mem:          3.8G       3.7G       124M       5.7M        30M       3.2G

MemTotal:        4016004 kB
MemFree:          127188 kB
Active:           372568 kB
Mem:          3.8G       3.7G       124M       5.7M        30M       3.2G

MemTotal:        4016004 kB
MemFree:          118568 kB
Active:           372468 kB
Mem:          3.8G       3.7G       116M       5.7M        30M       3.2G

MemTotal:        4016004 kB
MemFree:          110024 kB
Active:           372472 kB
Mem:          3.8G       3.7G       107M       5.7M        30M       3.2G

MemTotal:        4016004 kB
MemFree:          113292 kB
Active:           372472 kB
Mem:          3.8G       3.7G       110M       5.7M        30M       3.2G

MemTotal:        4016004 kB
MemFree:          130664 kB
Active:           372480 kB
Mem:          3.8G       3.7G       127M       5.7M        30M       3.2G

MemTotal:        4016004 kB
MemFree:          122632 kB
Active:           372480 kB
Mem:          3.8G       3.7G       119M       5.7M        30M       3.2G

MemTotal:        4016004 kB
MemFree:          127992 kB
Active:           372480 kB
Mem:          3.8G       3.7G       125M       5.7M        30M       3.2G

MemTotal:        4016004 kB
MemFree:          133508 kB
Active:           369580 kB
Mem:          3.8G       3.7G       130M       5.7M        30M       3.2G

MemTotal:        4016004 kB
MemFree:          133180 kB
Active:           369580 kB
Mem:          3.8G       3.7G       130M       5.7M        30M       3.2G

MemTotal:        4016004 kB
MemFree:          112968 kB
Active:           369588 kB
Mem:          3.8G       3.7G       110M       5.7M        30M       3.2G

MemTotal:        4016004 kB
MemFree:          104904 kB
Active:           369588 kB
Mem:          3.8G       3.7G       102M       5.7M        30M       3.2G

MemTotal:        4016004 kB
MemFree:          106792 kB
Active:           369588 kB
Mem:          3.8G       3.7G       104M       5.7M        30M       3.2G

MemTotal:        4016004 kB
MemFree:          124340 kB
Active:           369600 kB
Mem:          3.8G       3.7G       121M       5.7M        30M       3.2G

MemTotal:        4016004 kB
MemFree:          130708 kB
Active:           369612 kB
Mem:          3.8G       3.7G       127M       5.7M        30M       3.2G

MemTotal:        4016004 kB
MemFree:          147372 kB
Active:           369576 kB
Mem:          3.8G       3.7G       143M       5.7M        30M       3.2G

MemTotal:        4016004 kB
MemFree:          127724 kB
Active:           369604 kB
Mem:          3.8G       3.7G       124M       5.7M        30M       3.2G

MemTotal:        4016004 kB
MemFree:          130140 kB
Active:           369624 kB
Mem:          3.8G       3.7G       127M       5.7M        30M       3.2G

MemTotal:        4016004 kB
MemFree:          137732 kB
Active:           369624 kB
Mem:          3.8G       3.7G       134M       5.7M        30M       3.2G

MemTotal:        4016004 kB
MemFree:          131160 kB
Active:           369624 kB
Mem:          3.8G       3.7G       127M       5.7M        30M       3.2G

MemTotal:        4016004 kB
MemFree:          122660 kB
Active:           369632 kB
Mem:          3.8G       3.7G       119M       5.7M        30M       3.2G

MemTotal:        4016004 kB
MemFree:          114984 kB
Active:           369636 kB
Mem:          3.8G       3.7G       111M       5.7M        30M       3.2G

MemTotal:        4016004 kB
MemFree:          115924 kB
Active:           369612 kB
Mem:          3.8G       3.7G       113M       5.7M        30M       3.2G

MemTotal:        4016004 kB
MemFree:          125268 kB
Active:           369324 kB
Mem:          3.8G       3.7G       122M       5.7M        30M       3.2G

MemTotal:        4016004 kB
MemFree:          126108 kB
Active:           366044 kB
Mem:          3.8G       3.7G       123M       5.7M        30M       3.2G

MemTotal:        4016004 kB
MemFree:          126356 kB
Active:           366056 kB
Mem:          3.8G       3.7G       123M       5.7M        30M       3.2G

MemTotal:        4016004 kB
MemFree:          114392 kB
Active:           366060 kB
Mem:          3.8G       3.7G       111M       5.7M        30M       3.2G

MemTotal:        4016004 kB
MemFree:          107012 kB
Active:           366008 kB
Mem:          3.8G       3.7G       104M       5.7M        30M       3.2G

MemTotal:        4016004 kB
MemFree:          118948 kB
Active:           366064 kB
Mem:          3.8G       3.7G       116M       5.7M        30M       3.2G

MemTotal:        4016004 kB
MemFree:          112344 kB
Active:           366068 kB
Mem:          3.8G       3.7G       109M       5.7M        30M       3.2G

MemTotal:        4016004 kB
MemFree:          128524 kB
Active:           366068 kB
Mem:          3.8G       3.7G       125M       5.7M        30M       3.2G

MemTotal:        4016004 kB
MemFree:          121328 kB
Active:           366076 kB
Mem:          3.8G       3.7G       118M       5.7M        30M       3.2G

MemTotal:        4016004 kB
MemFree:          105156 kB
Active:           368100 kB
Mem:          3.8G       3.7G       108M       5.7M        30M       3.2G

MemTotal:        4016004 kB
MemFree:          122420 kB
Active:           368100 kB
Mem:          3.8G       3.7G       118M       5.7M        30M       3.2G

MemTotal:        4016004 kB
MemFree:          107880 kB
Active:           368080 kB
Mem:          3.8G       3.7G       104M       5.7M        30M       3.2G

MemTotal:        4016004 kB
MemFree:          129620 kB
Active:           368124 kB
Mem:          3.8G       3.7G       126M       5.7M        30M       3.2G

MemTotal:        4016004 kB
MemFree:          126436 kB
Active:           368128 kB
Mem:          3.8G       3.7G       123M       5.7M        30M       3.2G

MemTotal:        4016004 kB
MemFree:          124460 kB
Active:           368140 kB
Mem:          3.8G       3.7G       121M       5.7M        30M       3.2G

MemTotal:        4016004 kB
MemFree:          125672 kB
Active:           368140 kB
Mem:          3.8G       3.7G       122M       5.7M        30M       3.2G

MemTotal:        4016004 kB
MemFree:          122848 kB
Active:           368144 kB
Mem:          3.8G       3.7G       119M       5.7M        30M       3.2G

MemTotal:        4016004 kB
MemFree:          122760 kB
Active:           367840 kB
Mem:          3.8G       3.7G       119M       5.7M        30M       3.2G

MemTotal:        4016004 kB
MemFree:          122512 kB
Active:           367808 kB
Mem:          3.8G       3.7G       119M       5.7M        30M       3.2G

MemTotal:        4016004 kB
MemFree:          121892 kB
Active:           367848 kB
Mem:          3.8G       3.7G       119M       5.7M        30M       3.2G

MemTotal:        4016004 kB
MemFree:          122016 kB
Active:           367792 kB
Mem:          3.8G       3.7G       119M       5.7M        30M       3.2G

MemTotal:        4016004 kB
MemFree:          122016 kB
Active:           367836 kB
Mem:          3.8G       3.7G       119M       5.7M        30M       3.2G

MemTotal:        4016004 kB
MemFree:          121892 kB
Active:           367824 kB
Mem:          3.8G       3.7G       119M       5.7M        30M       3.2G

MemTotal:        4016004 kB
MemFree:          121644 kB
Active:           367860 kB
Mem:          3.8G       3.7G       118M       5.7M        30M       3.2G

MemTotal:        4016004 kB
MemFree:          121892 kB
Active:           367864 kB
Mem:          3.8G       3.7G       118M       5.7M        30M       3.2G

MemTotal:        4016004 kB
MemFree:          121892 kB
Active:           367856 kB
Mem:          3.8G       3.7G       119M       5.7M        30M       3.2G

MemTotal:        4016004 kB
MemFree:          121768 kB
Active:           367844 kB
Mem:          3.8G       3.7G       118M       5.7M        30M       3.2G

MemTotal:        4016004 kB
MemFree:          121272 kB
Active:           367864 kB
Mem:          3.8G       3.7G       118M       5.7M        30M       3.2G

MemTotal:        4016004 kB
MemFree:          121520 kB
Active:           367860 kB
Mem:          3.8G       3.7G       118M       5.7M        30M       3.2G

MemTotal:        4016004 kB
MemFree:          121520 kB
Active:           367856 kB
Mem:          3.8G       3.7G       118M       5.7M        30M       3.2G

MemTotal:        4016004 kB
MemFree:          121396 kB
Active:           367848 kB
Mem:          3.8G       3.7G       118M       5.7M        30M       3.2G

MemTotal:        4016004 kB
MemFree:          121396 kB
Active:           367828 kB
Mem:          3.8G       3.7G       118M       5.7M        30M       3.2G

MemTotal:        4016004 kB
MemFree:          121396 kB
Active:           367828 kB
Mem:          3.8G       3.7G       118M       5.7M        30M       3.2G

MemTotal:        4016004 kB
MemFree:          121520 kB
Active:           367872 kB
Mem:          3.8G       3.7G       118M       5.7M        30M       3.2G

MemTotal:        4016004 kB
MemFree:          122016 kB
Active:           367868 kB
Mem:          3.8G       3.7G       119M       5.7M        30M       3.2G

MemTotal:        4016004 kB
MemFree:          122388 kB
Active:           367864 kB
Mem:          3.8G       3.7G       119M       5.7M        30M       3.2G

MemTotal:        4016004 kB
MemFree:          122016 kB
Active:           367872 kB
Mem:          3.8G       3.7G       119M       5.7M        30M       3.2G

MemTotal:        4016004 kB
MemFree:          122140 kB
Active:           367836 kB
Mem:          3.8G       3.7G       119M       5.7M        30M       3.2G

MemTotal:        4016004 kB
MemFree:          122140 kB
Active:           367836 kB
Mem:          3.8G       3.7G       119M       5.7M        30M       3.2G

MemTotal:        4016004 kB
MemFree:          122140 kB
Active:           367856 kB
Mem:          3.8G       3.7G       119M       5.7M        30M       3.2G

MemTotal:        4016004 kB
MemFree:          121768 kB
Active:           367880 kB
Mem:          3.8G       3.7G       119M       5.7M        30M       3.2G

MemTotal:        4016004 kB
MemFree:          121892 kB
Active:           367864 kB
Mem:          3.8G       3.7G       119M       5.7M        30M       3.2G

MemTotal:        4016004 kB
MemFree:          122264 kB
Active:           367856 kB
Mem:          3.8G       3.7G       119M       5.7M        30M       3.2G

MemTotal:        4016004 kB
MemFree:          122140 kB
Active:           367848 kB
Mem:          3.8G       3.7G       119M       5.7M        30M       3.2G

MemTotal:        4016004 kB
MemFree:          122076 kB
Active:           367880 kB
Mem:          3.8G       3.7G       118M       5.7M        30M       3.2G

MemTotal:        4016004 kB
MemFree:          121828 kB
Active:           367892 kB
Mem:          3.8G       3.7G       118M       5.7M        30M       3.2G

MemTotal:        4016004 kB
MemFree:          122296 kB
Active:           367856 kB
Mem:          3.8G       3.7G       119M       5.7M        30M       3.2G

MemTotal:        4016004 kB
MemFree:          121924 kB
Active:           367904 kB
Mem:          3.8G       3.7G       119M       5.7M        30M       3.2G

MemTotal:        4016004 kB
MemFree:          121924 kB
Active:           367904 kB
Mem:          3.8G       3.7G       119M       5.7M        30M       3.2G

MemTotal:        4016004 kB
MemFree:          122296 kB
Active:           367860 kB
Mem:          3.8G       3.7G       119M       5.7M        30M       3.2G

MemTotal:        4016004 kB
MemFree:          122296 kB
Active:           367908 kB
Mem:          3.8G       3.7G       119M       5.7M        30M       3.2G

MemTotal:        4016004 kB
MemFree:          122172 kB
Active:           367856 kB
Mem:          3.8G       3.7G       119M       5.7M        30M       3.2G

MemTotal:        4016004 kB
MemFree:          122172 kB
Active:           367904 kB
Mem:          3.8G       3.7G       119M       5.7M        30M       3.2G

MemTotal:        4016004 kB
MemFree:          121924 kB
Active:           367856 kB
Mem:          3.8G       3.7G       119M       5.7M        30M       3.2G

MemTotal:        4016004 kB
MemFree:          122048 kB
Active:           367904 kB
Mem:          3.8G       3.7G       119M       5.7M        30M       3.2G

MemTotal:        4016004 kB
MemFree:          122172 kB
Active:           367912 kB
Mem:          3.8G       3.7G       119M       5.7M        30M       3.2G

MemTotal:        4016004 kB
MemFree:          122544 kB
Active:           367864 kB
Mem:          3.8G       3.7G       119M       5.7M        30M       3.2G

MemTotal:        4016004 kB
MemFree:          122172 kB
Active:           367920 kB
Mem:          3.8G       3.7G       119M       5.7M        30M       3.2G

MemTotal:        4016004 kB
MemFree:          121924 kB
Active:           367904 kB
Mem:          3.8G       3.7G       118M       5.7M        30M       3.2G

MemTotal:        4016004 kB
MemFree:          120000 kB
Active:           367896 kB
Mem:          3.8G       3.7G       117M       5.7M        30M       3.2G

MemTotal:        4016004 kB
MemFree:          120496 kB
Active:           369892 kB
Mem:          3.8G       3.7G       117M       5.7M        30M       3.2G

MemTotal:        4016004 kB
MemFree:          120124 kB
Active:           369920 kB
Mem:          3.8G       3.7G       117M       5.7M        30M       3.2G

MemTotal:        4016004 kB
MemFree:          120124 kB
Active:           369928 kB
Mem:          3.8G       3.7G       117M       5.7M        30M       3.2G

MemTotal:        4016004 kB
MemFree:          120124 kB
Active:           369892 kB
Mem:          3.8G       3.7G       117M       5.7M        30M       3.2G

MemTotal:        4016004 kB
MemFree:          120248 kB
Active:           369916 kB
Mem:          3.8G       3.7G       117M       5.7M        30M       3.2G

MemTotal:        4016004 kB
MemFree:          119628 kB
Active:           369956 kB
Mem:          3.8G       3.7G       116M       5.7M        30M       3.2G

MemTotal:        4016004 kB
MemFree:          120000 kB
Active:           369952 kB
Mem:          3.8G       3.7G       117M       5.7M        30M       3.2G

MemTotal:        4016004 kB
MemFree:          119752 kB
Active:           369964 kB
Mem:          3.8G       3.7G       117M       5.7M        30M       3.2G

MemTotal:        4016004 kB
MemFree:          119876 kB
Active:           369968 kB
Mem:          3.8G       3.7G       117M       5.7M        30M       3.2G

MemTotal:        4016004 kB
MemFree:          120248 kB
Active:           369924 kB
Mem:          3.8G       3.7G       117M       5.7M        30M       3.2G

MemTotal:        4016004 kB
MemFree:          120124 kB
Active:           369920 kB
Mem:          3.8G       3.7G       117M       5.7M        30M       3.2G

MemTotal:        4016004 kB
MemFree:          120000 kB
Active:           369928 kB
Mem:          3.8G       3.7G       116M       5.7M        30M       3.2G

MemTotal:        4016004 kB
MemFree:          119876 kB
Active:           369960 kB
Mem:          3.8G       3.7G       117M       5.7M        30M       3.2G

MemTotal:        4016004 kB
MemFree:          120000 kB
Active:           369956 kB
Mem:          3.8G       3.7G       117M       5.7M        30M       3.2G

MemTotal:        4016004 kB
MemFree:          120000 kB
Active:           369956 kB
Mem:          3.8G       3.7G       117M       5.7M        30M       3.2G

MemTotal:        4016004 kB
MemFree:          119876 kB
Active:           369948 kB
Mem:          3.8G       3.7G       116M       5.7M        30M       3.2G

MemTotal:        4016004 kB
MemFree:          119876 kB
Active:           369948 kB
Mem:          3.8G       3.7G       117M       5.7M        30M       3.2G

MemTotal:        4016004 kB
MemFree:          119876 kB
Active:           369980 kB
Mem:          3.8G       3.7G       117M       5.7M        30M       3.2G

MemTotal:        4016004 kB
MemFree:          119876 kB
Active:           369948 kB
Mem:          3.8G       3.7G       117M       5.7M        30M       3.2G

MemTotal:        4016004 kB
MemFree:          120124 kB
Active:           369992 kB
Mem:          3.8G       3.7G       117M       5.7M        30M       3.2G

MemTotal:        4016004 kB
MemFree:          120124 kB
Active:           369996 kB
Mem:          3.8G       3.7G       117M       5.7M        30M       3.2G

MemTotal:        4016004 kB
MemFree:          119628 kB
Active:           369996 kB
Mem:          3.8G       3.7G       117M       5.7M        30M       3.2G

MemTotal:        4016004 kB
MemFree:          120124 kB
Active:           369952 kB
Mem:          3.8G       3.7G       117M       5.7M        30M       3.2G

MemTotal:        4016004 kB
MemFree:          120372 kB
Active:           369940 kB
Mem:          3.8G       3.7G       117M       5.7M        30M       3.2G

MemTotal:        4016004 kB
MemFree:          120372 kB
Active:           369992 kB
Mem:          3.8G       3.7G       116M       5.7M        30M       3.2G

MemTotal:        4016004 kB
MemFree:          120124 kB
Active:           369976 kB
Mem:          3.8G       3.7G       117M       5.7M        30M       3.2G

MemTotal:        4016004 kB
MemFree:          119876 kB
Active:           369968 kB
Mem:          3.8G       3.7G       116M       5.7M        30M       3.2G

MemTotal:        4016004 kB
MemFree:          119876 kB
Active:           369980 kB
Mem:          3.8G       3.7G       117M       5.7M        30M       3.2G

MemTotal:        4016004 kB
MemFree:          119876 kB
Active:           369948 kB
Mem:          3.8G       3.7G       116M       5.7M        30M       3.2G

MemTotal:        4016004 kB
MemFree:          119876 kB
Active:           369992 kB
Mem:          3.8G       3.7G       116M       5.7M        30M       3.2G

MemTotal:        4016004 kB
MemFree:          119876 kB
Active:           369996 kB
Mem:          3.8G       3.7G       117M       5.7M        30M       3.2G

MemTotal:        4016004 kB
MemFree:          120248 kB
Active:           369996 kB
Mem:          3.8G       3.7G       117M       5.7M        30M       3.2G

MemTotal:        4016004 kB
MemFree:          120248 kB
Active:           370036 kB
Mem:          3.8G       3.7G       116M       5.7M        30M       3.2G

MemTotal:        4016004 kB
MemFree:          120248 kB
Active:           370040 kB
Mem:          3.8G       3.7G       117M       5.7M        30M       3.2G

MemTotal:        4016004 kB
MemFree:          120248 kB
Active:           370028 kB
Mem:          3.8G       3.7G       117M       5.7M        30M       3.2G

MemTotal:        4016004 kB
MemFree:          119736 kB
Active:           370092 kB
Mem:          3.8G       3.7G       117M       5.7M        30M       3.2G

MemTotal:        4016004 kB
MemFree:          119612 kB
Active:           370060 kB
Mem:          3.8G       3.7G       116M       5.7M        30M       3.2G

MemTotal:        4016004 kB
MemFree:          119736 kB
Active:           370056 kB
Mem:          3.8G       3.7G       116M       5.7M        30M       3.2G

MemTotal:        4016004 kB
MemFree:          120108 kB
Active:           370060 kB
Mem:          3.8G       3.7G       117M       5.7M        30M       3.2G

MemTotal:        4016004 kB
MemFree:          120108 kB
Active:           370056 kB
Mem:          3.8G       3.7G       117M       5.7M        30M       3.2G

MemTotal:        4016004 kB
MemFree:          119488 kB
Active:           370100 kB
Mem:          3.8G       3.7G       116M       5.7M        30M       3.2G

MemTotal:        4016004 kB
MemFree:          119860 kB
Active:           370080 kB
Mem:          3.8G       3.7G       117M       5.7M        30M       3.2G

MemTotal:        4016004 kB
MemFree:          119612 kB
Active:           370076 kB
Mem:          3.8G       3.7G       116M       5.7M        30M       3.2G

MemTotal:        4016004 kB
MemFree:          119488 kB
Active:           370072 kB
Mem:          3.8G       3.7G       116M       5.7M        30M       3.2G

MemTotal:        4016004 kB
MemFree:          119612 kB
Active:           370084 kB
Mem:          3.8G       3.7G       116M       5.7M        30M       3.2G

MemTotal:        4016004 kB
MemFree:          119612 kB
Active:           370108 kB
Mem:          3.8G       3.7G       116M       5.7M        30M       3.2G

MemTotal:        4016004 kB
MemFree:          119240 kB
Active:           370108 kB
Mem:          3.8G       3.7G       116M       5.7M        30M       3.2G

MemTotal:        4016004 kB
MemFree:          119612 kB
Active:           370072 kB
Mem:          3.8G       3.7G       116M       5.7M        30M       3.2G

MemTotal:        4016004 kB
MemFree:          119240 kB
Active:           370108 kB
Mem:          3.8G       3.7G       116M       5.7M        30M       3.2G

MemTotal:        4016004 kB
MemFree:          119736 kB
Active:           370108 kB
Mem:          3.8G       3.7G       116M       5.7M        30M       3.2G

MemTotal:        4016004 kB
MemFree:          119612 kB
Active:           370100 kB
Mem:          3.8G       3.7G       116M       5.7M        30M       3.2G

MemTotal:        4016004 kB
MemFree:          119256 kB
Active:           370108 kB
Mem:          3.8G       3.7G       116M       5.7M        30M       3.2G

MemTotal:        4016004 kB
MemFree:          119752 kB
Active:           370068 kB
Mem:          3.8G       3.7G       116M       5.7M        30M       3.2G

MemTotal:        4016004 kB
MemFree:          119380 kB
Active:           370108 kB
Mem:          3.8G       3.7G       116M       5.7M        30M       3.2G

MemTotal:        4016004 kB
MemFree:          120124 kB
Active:           370096 kB
Mem:          3.8G       3.7G       117M       5.7M        30M       3.2G

MemTotal:        4016004 kB
MemFree:          120248 kB
Active:           370096 kB
Mem:          3.8G       3.7G       117M       5.7M        30M       3.2G

MemTotal:        4016004 kB
MemFree:          119876 kB
Active:           370124 kB
Mem:          3.8G       3.7G       117M       5.7M        30M       3.2G

MemTotal:        4016004 kB
MemFree:          119876 kB
Active:           370104 kB
Mem:          3.8G       3.7G       116M       5.7M        30M       3.2G

MemTotal:        4016004 kB
MemFree:          119752 kB
Active:           370096 kB
Mem:          3.8G       3.7G       116M       5.7M        30M       3.2G

MemTotal:        4016004 kB
MemFree:          118728 kB
Active:           370344 kB
Mem:          3.8G       3.7G       116M       5.7M        30M       3.2G

MemTotal:        4016004 kB
MemFree:          119132 kB
Active:           370228 kB
Mem:          3.8G       3.7G       116M       5.7M        30M       3.2G

MemTotal:        4016004 kB
MemFree:          119628 kB
Active:           370176 kB
Mem:          3.8G       3.7G       116M       5.7M        30M       3.2G

MemTotal:        4016004 kB
MemFree:          119628 kB
Active:           370232 kB
Mem:          3.8G       3.7G       116M       5.7M        30M       3.2G

MemTotal:        4016004 kB
MemFree:          120000 kB
Active:           370200 kB
Mem:          3.8G       3.7G       116M       5.7M        30M       3.2G

MemTotal:        4016004 kB
MemFree:          119752 kB
Active:           370244 kB
Mem:          3.8G       3.7G       116M       5.7M        30M       3.2G

MemTotal:        4016004 kB
MemFree:          119628 kB
Active:           370236 kB
Mem:          3.8G       3.7G       116M       5.7M        30M       3.2G

MemTotal:        4016004 kB
MemFree:          119752 kB
Active:           370192 kB
Mem:          3.8G       3.7G       116M       5.7M        30M       3.2G

MemTotal:        4016004 kB
MemFree:          119752 kB
Active:           370236 kB
Mem:          3.8G       3.7G       116M       5.7M        30M       3.2G

MemTotal:        4016004 kB
MemFree:          119380 kB
Active:           370248 kB
Mem:          3.8G       3.7G       116M       5.7M        30M       3.2G

MemTotal:        4016004 kB
MemFree:          119628 kB
Active:           370236 kB
Mem:          3.8G       3.7G       116M       5.7M        30M       3.2G

MemTotal:        4016004 kB
MemFree:          119504 kB
Active:           370220 kB
Mem:          3.8G       3.7G       116M       5.7M        30M       3.2G

MemTotal:        4016004 kB
MemFree:          119132 kB
Active:           370256 kB
Mem:          3.8G       3.7G       116M       5.7M        30M       3.2G

MemTotal:        4016004 kB
MemFree:          118884 kB
Active:           370248 kB
Mem:          3.8G       3.7G       116M       5.7M        30M       3.2G

MemTotal:        4016004 kB
MemFree:          118760 kB
Active:           370232 kB
Mem:          3.8G       3.7G       116M       5.7M        30M       3.2G

MemTotal:        4016004 kB
MemFree:          118512 kB
Active:           370256 kB
Mem:          3.8G       3.7G       116M       5.7M        30M       3.2G

MemTotal:        4016004 kB
MemFree:          119008 kB
Active:           370244 kB
Mem:          3.8G       3.7G       116M       5.7M        30M       3.2G

MemTotal:        4016004 kB
MemFree:          119008 kB
Active:           370248 kB
Mem:          3.8G       3.7G       116M       5.7M        30M       3.2G

MemTotal:        4016004 kB
MemFree:          119380 kB
Active:           370236 kB
Mem:          3.8G       3.7G       116M       5.7M        30M       3.2G

MemTotal:        4016004 kB
MemFree:          119256 kB
Active:           370272 kB
Mem:          3.8G       3.7G       116M       5.7M        30M       3.2G

MemTotal:        4016004 kB
MemFree:          119628 kB
Active:           370260 kB
Mem:          3.8G       3.7G       116M       5.7M        30M       3.2G

MemTotal:        4016004 kB
MemFree:          120124 kB
Active:           370216 kB
Mem:          3.8G       3.7G       117M       5.7M        30M       3.2G

MemTotal:        4016004 kB
MemFree:          119504 kB
Active:           370272 kB
Mem:          3.8G       3.7G       116M       5.7M        30M       3.2G

MemTotal:        4016004 kB
MemFree:          119628 kB
Active:           370268 kB
Mem:          3.8G       3.7G       116M       5.7M        30M       3.2G

MemTotal:        4016004 kB
MemFree:          119504 kB
Active:           370220 kB
Mem:          3.8G       3.7G       116M       5.7M        30M       3.2G

MemTotal:        4016004 kB
MemFree:          119628 kB
Active:           370264 kB
Mem:          3.8G       3.7G       116M       5.7M        30M       3.2G

MemTotal:        4016004 kB
MemFree:          119628 kB
Active:           370248 kB
Mem:          3.8G       3.7G       117M       5.7M        30M       3.2G

MemTotal:        4016004 kB
MemFree:          120000 kB
Active:           370260 kB
Mem:          3.8G       3.7G       116M       5.7M        30M       3.2G

MemTotal:        4016004 kB
MemFree:          120124 kB
Active:           370248 kB
Mem:          3.8G       3.7G       117M       5.7M        30M       3.2G

MemTotal:        4016004 kB
MemFree:          120000 kB
Active:           370244 kB
Mem:          3.8G       3.7G       117M       5.7M        30M       3.2G

MemTotal:        4016004 kB
MemFree:          120000 kB
Active:           370240 kB
Mem:          3.8G       3.7G       117M       5.7M        30M       3.2G

MemTotal:        4016004 kB
MemFree:          120000 kB
Active:           370272 kB
Mem:          3.8G       3.7G       117M       5.7M        30M       3.2G

MemTotal:        4016004 kB
MemFree:          120124 kB
Active:           370264 kB
Mem:          3.8G       3.7G       116M       5.7M        30M       3.2G

MemTotal:        4016004 kB
MemFree:          119876 kB
Active:           370272 kB
Mem:          3.8G       3.7G       117M       5.7M        30M       3.2G

MemTotal:        4016004 kB
MemFree:          119876 kB
Active:           370260 kB
Mem:          3.8G       3.7G       117M       5.7M        30M       3.2G

MemTotal:        4016004 kB
MemFree:          120000 kB
Active:           370268 kB
Mem:          3.8G       3.7G       116M       5.7M        30M       3.2G

MemTotal:        4016004 kB
MemFree:          120000 kB
Active:           370292 kB
Mem:          3.8G       3.7G       117M       5.7M        30M       3.2G

MemTotal:        4016004 kB
MemFree:          119504 kB
Active:           370276 kB
Mem:          3.8G       3.7G       116M       5.7M        30M       3.2G

MemTotal:        4016004 kB
MemFree:          120000 kB
Active:           370268 kB
Mem:          3.8G       3.7G       116M       5.7M        30M       3.2G

MemTotal:        4016004 kB
MemFree:          120000 kB
Active:           370308 kB
Mem:          3.8G       3.7G       117M       5.7M        30M       3.2G

MemTotal:        4016004 kB
MemFree:          119256 kB
Active:           370304 kB
Mem:          3.8G       3.7G       116M       5.7M        30M       3.2G

MemTotal:        4016004 kB
MemFree:          119256 kB
Active:           370304 kB
Mem:          3.8G       3.7G       116M       5.7M        30M       3.2G

MemTotal:        4016004 kB
MemFree:          119504 kB
Active:           370296 kB
Mem:          3.8G       3.7G       116M       5.7M        30M       3.2G

MemTotal:        4016004 kB
MemFree:          119612 kB
Active:           370276 kB
Mem:          3.8G       3.7G       116M       5.7M        30M       3.2G

MemTotal:        4016004 kB
MemFree:          119472 kB
Active:           370272 kB
Mem:          3.8G       3.7G       116M       5.7M        30M       3.2G

MemTotal:        4016004 kB
MemFree:          119348 kB
Active:           370308 kB
Mem:          3.8G       3.7G       116M       5.7M        30M       3.2G

MemTotal:        4016004 kB
MemFree:          119348 kB
Active:           370264 kB
Mem:          3.8G       3.7G       116M       5.7M        30M       3.2G

MemTotal:        4016004 kB
MemFree:          118976 kB
Active:           370324 kB
Mem:          3.8G       3.7G       116M       5.7M        30M       3.2G

MemTotal:        4016004 kB
MemFree:          119348 kB
Active:           370304 kB
Mem:          3.8G       3.7G       116M       5.7M        30M       3.2G

MemTotal:        4016004 kB
MemFree:          118976 kB
Active:           370324 kB
Mem:          3.8G       3.7G       116M       5.7M        30M       3.2G

MemTotal:        4016004 kB
MemFree:          118852 kB
Active:           370328 kB
Mem:          3.8G       3.7G       116M       5.7M        30M       3.2G

MemTotal:        4016004 kB
MemFree:          119100 kB
Active:           370304 kB
Mem:          3.8G       3.7G       116M       5.7M        30M       3.2G

MemTotal:        4016004 kB
MemFree:          118852 kB
Active:           370288 kB
Mem:          3.8G       3.7G       116M       5.7M        30M       3.2G

MemTotal:        4016004 kB
MemFree:          118604 kB
Active:           370340 kB
Mem:          3.8G       3.7G       116M       5.7M        30M       3.2G

MemTotal:        4016004 kB
MemFree:          119348 kB
Active:           370336 kB
Mem:          3.8G       3.7G       116M       5.7M        30M       3.2G

MemTotal:        4016004 kB
MemFree:          120092 kB
Active:           370304 kB
Mem:          3.8G       3.7G       116M       5.7M        30M       3.2G

MemTotal:        4016004 kB
MemFree:          119472 kB
Active:           370336 kB
Mem:          3.8G       3.7G       116M       5.7M        30M       3.2G

MemTotal:        4016004 kB
MemFree:          119224 kB
Active:           370340 kB
Mem:          3.8G       3.7G       116M       5.7M        30M       3.2G

MemTotal:        4016004 kB
MemFree:          119348 kB
Active:           370332 kB
Mem:          3.8G       3.7G       116M       5.7M        30M       3.2G

MemTotal:        4016004 kB
MemFree:          119348 kB
Active:           370292 kB
Mem:          3.8G       3.7G       116M       5.7M        30M       3.2G

MemTotal:        4016004 kB
MemFree:          119348 kB
Active:           370332 kB
Mem:          3.8G       3.7G       116M       5.7M        30M       3.2G

MemTotal:        4016004 kB
MemFree:          119100 kB
Active:           370332 kB
Mem:          3.8G       3.7G       116M       5.7M        30M       3.2G

MemTotal:        4016004 kB
MemFree:          119100 kB
Active:           370308 kB
Mem:          3.8G       3.7G       116M       5.7M        30M       3.2G

MemTotal:        4016004 kB
MemFree:          119472 kB
Active:           370312 kB
Mem:          3.8G       3.7G       116M       5.7M        30M       3.2G

MemTotal:        4016004 kB
MemFree:          118728 kB
Active:           370352 kB
Mem:          3.8G       3.7G       116M       5.7M        30M       3.2G

MemTotal:        4016004 kB
MemFree:          118728 kB
Active:           370352 kB
Mem:          3.8G       3.7G       116M       5.7M        30M       3.2G

MemTotal:        4016004 kB
MemFree:          119100 kB
Active:           370320 kB
Mem:          3.8G       3.7G       116M       5.7M        30M       3.2G

MemTotal:        4016004 kB
MemFree:          118728 kB
Active:           370360 kB
Mem:          3.8G       3.7G       116M       5.7M        30M       3.2G

MemTotal:        4016004 kB
MemFree:          119348 kB
Active:           370316 kB
Mem:          3.8G       3.7G       116M       5.7M        30M       3.2G

MemTotal:        4016004 kB
MemFree:          119596 kB
Active:           370304 kB
Mem:          3.8G       3.7G       116M       5.7M        30M       3.2G

MemTotal:        4016004 kB
MemFree:          119720 kB
Active:           370344 kB
Mem:          3.8G       3.7G       116M       5.7M        30M       3.2G

MemTotal:        4016004 kB
MemFree:          119472 kB
Active:           370364 kB
Mem:          3.8G       3.7G       116M       5.7M        30M       3.2G

MemTotal:        4016004 kB
MemFree:          119348 kB
Active:           370352 kB
Mem:          3.8G       3.7G       116M       5.7M        30M       3.2G

MemTotal:        4016004 kB
MemFree:          119472 kB
Active:           370352 kB
Mem:          3.8G       3.7G       116M       5.7M        30M       3.2G

MemTotal:        4016004 kB
MemFree:          118852 kB
Active:           370372 kB
Mem:          3.8G       3.7G       116M       5.7M        30M       3.2G

MemTotal:        4016004 kB
MemFree:          119348 kB
Active:           370324 kB
Mem:          3.8G       3.7G       116M       5.7M        30M       3.2G

MemTotal:        4016004 kB
MemFree:          119256 kB
Active:           370316 kB
Mem:          3.8G       3.7G       116M       5.7M        30M       3.2G

MemTotal:        4016004 kB
MemFree:          119504 kB
Active:           370348 kB
Mem:          3.8G       3.7G       116M       5.7M        30M       3.2G

MemTotal:        4016004 kB
MemFree:          119752 kB
Active:           370348 kB
Mem:          3.8G       3.7G       116M       5.7M        30M       3.2G

MemTotal:        4016004 kB
MemFree:          119628 kB
Active:           370352 kB
Mem:          3.8G       3.7G       116M       5.7M        30M       3.2G

MemTotal:        4016004 kB
MemFree:          119256 kB
Active:           370380 kB
Mem:          3.8G       3.7G       116M       5.7M        30M       3.2G

MemTotal:        4016004 kB
MemFree:          119256 kB
Active:           370332 kB
Mem:          3.8G       3.7G       116M       5.7M        30M       3.2G

MemTotal:        4016004 kB
MemFree:          119132 kB
Active:           370340 kB
Mem:          3.8G       3.7G       116M       5.7M        30M       3.2G

MemTotal:        4016004 kB
MemFree:          119132 kB
Active:           370348 kB
Mem:          3.8G       3.7G       116M       5.7M        30M       3.2G

MemTotal:        4016004 kB
MemFree:          119256 kB
Active:           370348 kB
Mem:          3.8G       3.7G       116M       5.7M        30M       3.2G

MemTotal:        4016004 kB
MemFree:          119132 kB
Active:           370384 kB
Mem:          3.8G       3.7G       116M       5.7M        30M       3.2G

MemTotal:        4016004 kB
MemFree:          119504 kB
Active:           370384 kB
Mem:          3.8G       3.7G       116M       5.7M        30M       3.2G

MemTotal:        4016004 kB
MemFree:          119504 kB
Active:           370388 kB
Mem:          3.8G       3.7G       116M       5.7M        30M       3.2G

MemTotal:        4016004 kB
MemFree:          119380 kB
Active:           370344 kB
Mem:          3.8G       3.7G       116M       5.7M        30M       3.2G

MemTotal:        4016004 kB
MemFree:          119380 kB
Active:           370340 kB
Mem:          3.8G       3.7G       116M       5.7M        30M       3.2G

MemTotal:        4016004 kB
MemFree:          119504 kB
Active:           370384 kB
Mem:          3.8G       3.7G       116M       5.7M        30M       3.2G

MemTotal:        4016004 kB
MemFree:          119504 kB
Active:           370344 kB
Mem:          3.8G       3.7G       116M       5.7M        30M       3.2G

MemTotal:        4016004 kB
MemFree:          119008 kB
Active:           370396 kB
Mem:          3.8G       3.7G       116M       5.7M        30M       3.2G

MemTotal:        4016004 kB
MemFree:          119504 kB
Active:           370368 kB
Mem:          3.8G       3.7G       116M       5.7M        30M       3.2G

MemTotal:        4016004 kB
MemFree:          119380 kB
Active:           370356 kB
Mem:          3.8G       3.7G       116M       5.7M        30M       3.2G

MemTotal:        4016004 kB
MemFree:          119008 kB
Active:           370392 kB
Mem:          3.8G       3.7G       115M       5.7M        30M       3.2G

MemTotal:        4016004 kB
MemFree:          119008 kB
Active:           370380 kB
Mem:          3.8G       3.7G       116M       5.7M        30M       3.2G

MemTotal:        4016004 kB
MemFree:          119008 kB
Active:           370396 kB
Mem:          3.8G       3.7G       116M       5.7M        30M       3.2G

MemTotal:        4016004 kB
MemFree:          118636 kB
Active:           370400 kB
Mem:          3.8G       3.7G       116M       5.7M        30M       3.2G

MemTotal:        4016004 kB
MemFree:          119132 kB
Active:           370384 kB
Mem:          3.8G       3.7G       116M       5.7M        31M       3.2G

MemTotal:        4016004 kB
MemFree:          119256 kB
Active:           370384 kB
Mem:          3.8G       3.7G       116M       5.7M        31M       3.2G

MemTotal:        4016004 kB
MemFree:          119256 kB
Active:           370408 kB
Mem:          3.8G       3.7G       116M       5.7M        31M       3.2G

MemTotal:        4016004 kB
MemFree:          119380 kB
Active:           370408 kB
Mem:          3.8G       3.7G       116M       5.7M        31M       3.2G

MemTotal:        4016004 kB
MemFree:          119132 kB
Active:           370416 kB
Mem:          3.8G       3.7G       116M       5.7M        31M       3.2G

MemTotal:        4016004 kB
MemFree:          119132 kB
Active:           370412 kB
Mem:          3.8G       3.7G       116M       5.7M        31M       3.2G

MemTotal:        4016004 kB
MemFree:          119256 kB
Active:           370400 kB
Mem:          3.8G       3.7G       116M       5.7M        31M       3.2G

MemTotal:        4016004 kB
MemFree:          119132 kB
Active:           370424 kB
Mem:          3.8G       3.7G       116M       5.7M        31M       3.2G

MemTotal:        4016004 kB
MemFree:          119132 kB
Active:           370416 kB
Mem:          3.8G       3.7G       116M       5.7M        31M       3.2G

MemTotal:        4016004 kB
MemFree:          118760 kB
Active:           370432 kB
Mem:          3.8G       3.7G       116M       5.7M        31M       3.2G

MemTotal:        4016004 kB
MemFree:          119256 kB
Active:           370424 kB
Mem:          3.8G       3.7G       116M       5.7M        31M       3.2G

MemTotal:        4016004 kB
MemFree:          119256 kB
Active:           370424 kB
Mem:          3.8G       3.7G       116M       5.7M        31M       3.2G

MemTotal:        4016004 kB
MemFree:          119256 kB
Active:           370424 kB
Mem:          3.8G       3.7G       116M       5.7M        31M       3.2G

MemTotal:        4016004 kB
MemFree:          119380 kB
Active:           370424 kB
Mem:          3.8G       3.7G       116M       5.7M        31M       3.2G

MemTotal:        4016004 kB
MemFree:          118760 kB
Active:           370384 kB
Mem:          3.8G       3.7G       116M       5.7M        31M       3.2G

MemTotal:        4016004 kB
MemFree:          118760 kB
Active:           370436 kB
Mem:          3.8G       3.7G       115M       5.7M        31M       3.2G

MemTotal:        4016004 kB
MemFree:          118884 kB
Active:           370420 kB
Mem:          3.8G       3.7G       116M       5.7M        31M       3.2G

MemTotal:        4016004 kB
MemFree:          119008 kB
Active:           370432 kB
Mem:          3.8G       3.7G       116M       5.7M        31M       3.2G

MemTotal:        4016004 kB
MemFree:          118884 kB
Active:           370432 kB
Mem:          3.8G       3.7G       116M       5.7M        31M       3.2G

MemTotal:        4016004 kB
MemFree:          118884 kB
Active:           370424 kB
Mem:          3.8G       3.7G       116M       5.7M        31M       3.2G

MemTotal:        4016004 kB
MemFree:          118884 kB
Active:           370452 kB
Mem:          3.8G       3.7G       116M       5.7M        31M       3.2G

MemTotal:        4016004 kB
MemFree:          119380 kB
Active:           370452 kB
Mem:          3.8G       3.7G       116M       5.7M        31M       3.2G

MemTotal:        4016004 kB
MemFree:          119380 kB
Active:           370444 kB
Mem:          3.8G       3.7G       116M       5.7M        31M       3.2G

MemTotal:        4016004 kB
MemFree:          119876 kB
Active:           370408 kB
Mem:          3.8G       3.7G       117M       5.7M        31M       3.2G

MemTotal:        4016004 kB
MemFree:          119752 kB
Active:           370412 kB
Mem:          3.8G       3.7G       116M       5.7M        31M       3.2G

MemTotal:        4016004 kB
MemFree:          119752 kB
Active:           370444 kB
Mem:          3.8G       3.7G       116M       5.7M        31M       3.2G

MemTotal:        4016004 kB
MemFree:          119380 kB
Active:           370464 kB
Mem:          3.8G       3.7G       116M       5.7M        31M       3.2G

MemTotal:        4016004 kB
MemFree:          119752 kB
Active:           370460 kB
Mem:          3.8G       3.7G       116M       5.7M        31M       3.2G

MemTotal:        4016004 kB
MemFree:          119752 kB
Active:           370436 kB
