MemTotal:        4016004 kB
MemFree:         3239124 kB
Active:           417192 kB
Mem:          3.8G       758M       3.1G       5.7M        62M       315M

MemTotal:        4016004 kB
MemFree:         3239524 kB
Active:           417056 kB
Mem:          3.8G       758M       3.1G       5.7M        62M       315M

MemTotal:        4016004 kB
MemFree:         3240004 kB
Active:           417132 kB
Mem:          3.8G       757M       3.1G       5.7M        62M       315M

MemTotal:        4016004 kB
MemFree:         3239864 kB
Active:           417136 kB
Mem:          3.8G       757M       3.1G       5.7M        62M       315M

MemTotal:        4016004 kB
MemFree:         3240220 kB
Active:           417136 kB
Mem:          3.8G       757M       3.1G       5.7M        62M       315M

MemTotal:        4016004 kB
MemFree:         3240096 kB
Active:           417136 kB
Mem:          3.8G       757M       3.1G       5.7M        62M       315M

MemTotal:        4016004 kB
MemFree:         3240220 kB
Active:           417096 kB
Mem:          3.8G       757M       3.1G       5.7M        62M       315M

MemTotal:        4016004 kB
MemFree:         3239972 kB
Active:           417112 kB
Mem:          3.8G       757M       3.1G       5.7M        62M       315M

MemTotal:        4016004 kB
MemFree:         3240080 kB
Active:           417096 kB
Mem:          3.8G       757M       3.1G       5.7M        62M       315M

MemTotal:        4016004 kB
MemFree:         3239816 kB
Active:           417124 kB
Mem:          3.8G       758M       3.1G       5.7M        62M       315M

MemTotal:        4016004 kB
MemFree:         3239816 kB
Active:           417108 kB
Mem:          3.8G       758M       3.1G       5.7M        62M       315M

MemTotal:        4016004 kB
MemFree:         3239940 kB
Active:           417144 kB
Mem:          3.8G       757M       3.1G       5.7M        62M       315M

MemTotal:        4016004 kB
MemFree:         3239940 kB
Active:           417104 kB
Mem:          3.8G       758M       3.1G       5.7M        62M       315M

MemTotal:        4016004 kB
MemFree:         3239692 kB
Active:           417120 kB
Mem:          3.8G       758M       3.1G       5.7M        62M       315M

MemTotal:        4016004 kB
MemFree:         3239676 kB
Active:           417140 kB
Mem:          3.8G       758M       3.1G       5.7M        62M       315M

MemTotal:        4016004 kB
MemFree:         3239956 kB
Active:           417152 kB
Mem:          3.8G       757M       3.1G       5.7M        62M       315M

MemTotal:        4016004 kB
MemFree:         3238016 kB
Active:           417096 kB
Mem:          3.8G       759M       3.1G       5.7M        62M       315M

MemTotal:        4016004 kB
MemFree:         3238016 kB
Active:           417120 kB
Mem:          3.8G       759M       3.1G       5.7M        62M       315M

MemTotal:        4016004 kB
MemFree:         3238016 kB
Active:           417092 kB
Mem:          3.8G       759M       3.1G       5.7M        62M       315M

MemTotal:        4016004 kB
MemFree:         3238140 kB
Active:           417080 kB
Mem:          3.8G       759M       3.1G       5.7M        62M       315M

MemTotal:        4016004 kB
MemFree:         3238544 kB
Active:           419180 kB
Mem:          3.8G       759M       3.1G       5.7M        62M       315M

MemTotal:        4016004 kB
MemFree:         3238420 kB
Active:           419156 kB
Mem:          3.8G       759M       3.1G       5.7M        62M       315M

MemTotal:        4016004 kB
MemFree:         3238296 kB
Active:           419168 kB
Mem:          3.8G       759M       3.1G       5.7M        62M       315M

MemTotal:        4016004 kB
MemFree:         3238296 kB
Active:           419140 kB
Mem:          3.8G       759M       3.1G       5.7M        62M       315M

MemTotal:        4016004 kB
MemFree:         3238420 kB
Active:           419160 kB
Mem:          3.8G       759M       3.1G       5.7M        62M       315M

MemTotal:        4016004 kB
MemFree:         3238296 kB
Active:           419140 kB
Mem:          3.8G       759M       3.1G       5.7M        62M       315M

MemTotal:        4016004 kB
MemFree:         3238048 kB
Active:           419184 kB
Mem:          3.8G       759M       3.1G       5.7M        62M       315M

MemTotal:        4016004 kB
MemFree:         3238668 kB
Active:           419140 kB
Mem:          3.8G       759M       3.1G       5.7M        62M       315M

MemTotal:        4016004 kB
MemFree:         3238668 kB
Active:           419164 kB
Mem:          3.8G       759M       3.1G       5.7M        62M       315M

MemTotal:        4016004 kB
MemFree:         3238296 kB
Active:           419156 kB
Mem:          3.8G       759M       3.1G       5.7M        62M       315M

MemTotal:        4016004 kB
MemFree:         3238048 kB
Active:           419176 kB
Mem:          3.8G       759M       3.1G       5.7M        62M       315M

MemTotal:        4016004 kB
MemFree:         3238420 kB
Active:           419140 kB
Mem:          3.8G       759M       3.1G       5.7M        62M       315M

MemTotal:        4016004 kB
MemFree:         3238420 kB
Active:           419192 kB
Mem:          3.8G       759M       3.1G       5.7M        62M       315M

MemTotal:        4016004 kB
MemFree:         3238172 kB
Active:           419144 kB
Mem:          3.8G       759M       3.1G       5.7M        62M       315M

MemTotal:        4016004 kB
MemFree:         3238296 kB
Active:           419176 kB
Mem:          3.8G       759M       3.1G       5.7M        62M       315M

MemTotal:        4016004 kB
MemFree:         3238296 kB
Active:           419168 kB
Mem:          3.8G       759M       3.1G       5.7M        62M       315M

MemTotal:        4016004 kB
MemFree:         3238280 kB
Active:           419184 kB
Mem:          3.8G       759M       3.1G       5.7M        62M       315M

MemTotal:        4016004 kB
MemFree:         3237908 kB
Active:           419164 kB
Mem:          3.8G       759M       3.1G       5.7M        62M       315M

MemTotal:        4016004 kB
MemFree:         3238016 kB
Active:           419172 kB
Mem:          3.8G       759M       3.1G       5.7M        62M       315M

MemTotal:        4016004 kB
MemFree:         3237876 kB
Active:           419196 kB
Mem:          3.8G       760M       3.1G       5.7M        62M       315M

MemTotal:        4016004 kB
MemFree:         3237504 kB
Active:           419208 kB
Mem:          3.8G       759M       3.1G       5.7M        62M       315M

MemTotal:        4016004 kB
MemFree:         3237876 kB
Active:           419184 kB
Mem:          3.8G       759M       3.1G       5.7M        62M       315M

MemTotal:        4016004 kB
MemFree:         3237860 kB
Active:           419164 kB
Mem:          3.8G       759M       3.1G       5.7M        62M       315M

MemTotal:        4016004 kB
MemFree:         3237596 kB
Active:           419192 kB
Mem:          3.8G       760M       3.1G       5.7M        62M       315M

MemTotal:        4016004 kB
MemFree:         3237348 kB
Active:           419216 kB
Mem:          3.8G       760M       3.1G       5.7M        62M       315M

MemTotal:        4016004 kB
MemFree:         3237828 kB
Active:           419208 kB
Mem:          3.8G       760M       3.1G       5.7M        62M       315M

MemTotal:        4016004 kB
MemFree:         3237444 kB
Active:           417268 kB
Mem:          3.8G       760M       3.1G       5.7M        62M       315M

MemTotal:        4016004 kB
MemFree:         3237664 kB
Active:           419304 kB
Mem:          3.8G       760M       3.1G       5.7M        62M       315M

MemTotal:        4016004 kB
MemFree:         3237664 kB
Active:           419316 kB
Mem:          3.8G       759M       3.1G       5.7M        62M       315M

MemTotal:        4016004 kB
MemFree:         3237912 kB
Active:           419328 kB
Mem:          3.8G       759M       3.1G       5.7M        62M       315M

MemTotal:        4016004 kB
MemFree:         3237664 kB
Active:           419336 kB
Mem:          3.8G       759M       3.1G       5.7M        62M       315M

MemTotal:        4016004 kB
MemFree:         3238284 kB
Active:           419292 kB
Mem:          3.8G       759M       3.1G       5.7M        62M       315M

MemTotal:        4016004 kB
MemFree:         3238408 kB
Active:           419356 kB
Mem:          3.8G       759M       3.1G       5.7M        62M       315M

MemTotal:        4016004 kB
MemFree:         3238144 kB
Active:           419364 kB
Mem:          3.8G       759M       3.1G       5.7M        62M       315M

MemTotal:        4016004 kB
MemFree:         3237772 kB
Active:           419364 kB
Mem:          3.8G       759M       3.1G       5.7M        62M       315M

MemTotal:        4016004 kB
MemFree:         3238144 kB
Active:           419352 kB
Mem:          3.8G       759M       3.1G       5.7M        62M       315M

MemTotal:        4016004 kB
MemFree:         3238016 kB
Active:           417308 kB
Mem:          3.8G       759M       3.1G       5.7M        62M       315M

MemTotal:        4016004 kB
MemFree:         3237520 kB
Active:           417320 kB
Mem:          3.8G       760M       3.1G       5.7M        62M       315M

MemTotal:        4016004 kB
MemFree:         3237272 kB
Active:           419368 kB
Mem:          3.8G       760M       3.1G       5.7M        62M       315M

MemTotal:        4016004 kB
MemFree:         3237768 kB
Active:           419336 kB
Mem:          3.8G       760M       3.1G       5.7M        62M       315M

MemTotal:        4016004 kB
MemFree:         3237736 kB
Active:           419488 kB
Mem:          3.8G       760M       3.1G       5.7M        62M       315M

MemTotal:        4016004 kB
MemFree:         3128808 kB
Active:           419984 kB
Mem:          3.8G       867M       3.0G       5.7M        62M       421M

MemTotal:        4016004 kB
MemFree:         3080392 kB
Active:           420040 kB
Mem:          3.8G       913M       2.9G       5.7M        62M       466M

MemTotal:        4016004 kB
MemFree:         3055132 kB
Active:           420048 kB
Mem:          3.8G       938M       2.9G       5.7M        62M       491M

MemTotal:        4016004 kB
MemFree:         2939308 kB
Active:           420008 kB
Mem:          3.8G       1.0G       2.8G       5.7M        62M       603M

MemTotal:        4016004 kB
MemFree:         2827096 kB
Active:           420020 kB
Mem:          3.8G       1.1G       2.7G       5.7M        62M       711M

MemTotal:        4016004 kB
MemFree:         2780524 kB
Active:           420036 kB
Mem:          3.8G       1.2G       2.7G       5.7M        62M       755M

MemTotal:        4016004 kB
MemFree:         2753496 kB
Active:           420052 kB
Mem:          3.8G       1.2G       2.6G       5.7M        62M       781M

MemTotal:        4016004 kB
MemFree:         2681908 kB
Active:           420052 kB
Mem:          3.8G       1.3G       2.6G       5.7M        62M       850M

MemTotal:        4016004 kB
MemFree:         2677172 kB
Active:           420080 kB
Mem:          3.8G       1.3G       2.6G       5.7M        62M       854M

MemTotal:        4016004 kB
MemFree:         2675808 kB
Active:           420092 kB
Mem:          3.8G       1.3G       2.6G       5.7M        62M       855M

MemTotal:        4016004 kB
MemFree:         2674412 kB
Active:           420048 kB
Mem:          3.8G       1.3G       2.6G       5.7M        62M       856M

MemTotal:        4016004 kB
MemFree:         2673304 kB
Active:           420068 kB
Mem:          3.8G       1.3G       2.5G       5.7M        62M       857M

MemTotal:        4016004 kB
MemFree:         2590872 kB
Active:           420088 kB
Mem:          3.8G       1.4G       2.5G       5.7M        62M       937M

MemTotal:        4016004 kB
MemFree:         2454184 kB
Active:           420056 kB
Mem:          3.8G       1.5G       2.3G       5.7M        62M       1.0G

MemTotal:        4016004 kB
MemFree:         2327044 kB
Active:           420076 kB
Mem:          3.8G       1.6G       2.2G       5.7M        62M       1.2G

MemTotal:        4016004 kB
MemFree:         2320880 kB
Active:           420084 kB
Mem:          3.8G       1.6G       2.2G       5.7M        62M       1.2G

MemTotal:        4016004 kB
MemFree:         2251640 kB
Active:           420056 kB
Mem:          3.8G       1.7G       2.1G       5.7M        62M       1.2G

MemTotal:        4016004 kB
MemFree:         2222780 kB
Active:           420080 kB
Mem:          3.8G       1.7G       2.1G       5.7M        62M       1.3G

MemTotal:        4016004 kB
MemFree:         2129820 kB
Active:           420108 kB
Mem:          3.8G       1.8G       2.0G       5.7M        62M       1.3G

MemTotal:        4016004 kB
MemFree:         2120704 kB
Active:           420124 kB
Mem:          3.8G       1.8G       2.0G       5.7M        62M       1.4G

MemTotal:        4016004 kB
MemFree:         2093456 kB
Active:           420096 kB
Mem:          3.8G       1.8G       2.0G       5.7M        62M       1.4G

MemTotal:        4016004 kB
MemFree:         2021712 kB
Active:           420148 kB
Mem:          3.8G       1.9G       1.9G       5.7M        62M       1.5G

MemTotal:        4016004 kB
MemFree:         2019876 kB
Active:           420128 kB
Mem:          3.8G       1.9G       1.9G       5.7M        62M       1.5G

MemTotal:        4016004 kB
MemFree:         2018916 kB
Active:           420132 kB
Mem:          3.8G       1.9G       1.9G       5.7M        62M       1.5G

MemTotal:        4016004 kB
MemFree:         2016828 kB
Active:           420120 kB
Mem:          3.8G       1.9G       1.9G       5.7M        62M       1.5G

MemTotal:        4016004 kB
MemFree:         1981052 kB
Active:           418092 kB
Mem:          3.8G       1.9G       1.9G       5.7M        62M       1.5G

MemTotal:        4016004 kB
MemFree:         1844084 kB
Active:           420172 kB
Mem:          3.8G       2.1G       1.8G       5.7M        62M       1.6G

MemTotal:        4016004 kB
MemFree:         1716976 kB
Active:           420120 kB
Mem:          3.8G       2.2G       1.6G       5.7M        62M       1.7G

MemTotal:        4016004 kB
MemFree:         1589092 kB
Active:           420152 kB
Mem:          3.8G       2.3G       1.5G       5.7M        62M       1.9G

MemTotal:        4016004 kB
MemFree:         1474136 kB
Active:           420168 kB
Mem:          3.8G       2.4G       1.4G       5.7M        62M       2.0G

MemTotal:        4016004 kB
MemFree:         1315996 kB
Active:           420144 kB
Mem:          3.8G       2.6G       1.3G       5.7M        62M       2.1G

MemTotal:        4016004 kB
MemFree:         1313176 kB
Active:           420180 kB
Mem:          3.8G       2.6G       1.3G       5.7M        62M       2.1G

MemTotal:        4016004 kB
MemFree:         1313144 kB
Active:           420160 kB
Mem:          3.8G       2.6G       1.3G       5.7M        62M       2.1G

MemTotal:        4016004 kB
MemFree:         1313536 kB
Active:           420188 kB
Mem:          3.8G       2.6G       1.3G       5.7M        62M       2.1G

MemTotal:        4016004 kB
MemFree:         1313404 kB
Active:           420208 kB
Mem:          3.8G       2.6G       1.3G       5.7M        62M       2.1G

MemTotal:        4016004 kB
MemFree:         1311780 kB
Active:           420208 kB
Mem:          3.8G       2.6G       1.3G       5.7M        62M       2.1G

MemTotal:        4016004 kB
MemFree:         1275080 kB
Active:           420160 kB
Mem:          3.8G       2.6G       1.2G       5.7M        62M       2.2G

MemTotal:        4016004 kB
MemFree:         1274620 kB
Active:           420216 kB
Mem:          3.8G       2.6G       1.2G       5.7M        62M       2.2G

MemTotal:        4016004 kB
MemFree:         1272416 kB
Active:           420192 kB
Mem:          3.8G       2.6G       1.2G       5.7M        62M       2.2G

MemTotal:        4016004 kB
MemFree:         1271612 kB
Active:           420232 kB
Mem:          3.8G       2.6G       1.2G       5.7M        62M       2.2G

MemTotal:        4016004 kB
MemFree:         1218976 kB
Active:           420220 kB
Mem:          3.8G       2.7G       1.2G       5.7M        62M       2.2G

MemTotal:        4016004 kB
MemFree:         1092332 kB
Active:           420240 kB
Mem:          3.8G       2.8G       1.0G       5.7M        62M       2.3G

MemTotal:        4016004 kB
MemFree:          981328 kB
Active:           420240 kB
Mem:          3.8G       2.9G       957M       5.7M        62M       2.4G

MemTotal:        4016004 kB
MemFree:          920236 kB
Active:           420252 kB
Mem:          3.8G       3.0G       898M       5.7M        62M       2.5G

MemTotal:        4016004 kB
MemFree:          883672 kB
Active:           420212 kB
Mem:          3.8G       3.0G       862M       5.7M        62M       2.5G

MemTotal:        4016004 kB
MemFree:          774932 kB
Active:           420264 kB
Mem:          3.8G       3.1G       756M       5.7M        62M       2.6G

MemTotal:        4016004 kB
MemFree:          638476 kB
Active:           420224 kB
Mem:          3.8G       3.2G       622M       5.7M        62M       2.8G

MemTotal:        4016004 kB
MemFree:          618716 kB
Active:           420216 kB
Mem:          3.8G       3.2G       603M       5.7M        62M       2.8G

MemTotal:        4016004 kB
MemFree:          617448 kB
Active:           420252 kB
Mem:          3.8G       3.2G       602M       5.7M        62M       2.8G

MemTotal:        4016004 kB
MemFree:          616272 kB
Active:           420308 kB
Mem:          3.8G       3.2G       601M       5.7M        62M       2.8G

MemTotal:        4016004 kB
MemFree:          590016 kB
Active:           420288 kB
Mem:          3.8G       3.3G       575M       5.7M        62M       2.8G

MemTotal:        4016004 kB
MemFree:          588552 kB
Active:           420288 kB
Mem:          3.8G       3.3G       574M       5.7M        62M       2.8G

MemTotal:        4016004 kB
MemFree:          586968 kB
Active:           420328 kB
Mem:          3.8G       3.3G       573M       5.7M        62M       2.8G

MemTotal:        4016004 kB
MemFree:          584876 kB
Active:           420332 kB
Mem:          3.8G       3.3G       571M       5.7M        62M       2.8G

MemTotal:        4016004 kB
MemFree:          582244 kB
Active:           420464 kB
Mem:          3.8G       3.3G       568M       5.7M        62M       2.8G

MemTotal:        4016004 kB
MemFree:          456472 kB
Active:           420348 kB
Mem:          3.8G       3.4G       444M       5.7M        62M       2.9G

MemTotal:        4016004 kB
MemFree:          326464 kB
Active:           420348 kB
Mem:          3.8G       3.5G       318M       5.7M        62M       3.0G

MemTotal:        4016004 kB
MemFree:          230512 kB
Active:           420344 kB
Mem:          3.8G       3.6G       224M       5.7M        62M       3.1G

MemTotal:        4016004 kB
MemFree:          192472 kB
Active:           420324 kB
Mem:          3.8G       3.6G       187M       5.7M        62M       3.2G

MemTotal:        4016004 kB
MemFree:          154076 kB
Active:           420368 kB
Mem:          3.8G       3.7G       150M       5.7M        62M       3.2G

MemTotal:        4016004 kB
MemFree:          122248 kB
Active:           424628 kB
Mem:          3.8G       3.7G       115M       5.7M        27M       3.3G

MemTotal:        4016004 kB
MemFree:          118024 kB
Active:           424684 kB
Mem:          3.8G       3.7G       115M       5.7M        27M       3.3G

MemTotal:        4016004 kB
MemFree:          122372 kB
Active:           438800 kB
Mem:          3.8G       3.7G       118M       5.7M        27M       3.3G

MemTotal:        4016004 kB
MemFree:          119516 kB
Active:           438680 kB
Mem:          3.8G       3.7G       116M       5.7M        27M       3.3G

MemTotal:        4016004 kB
MemFree:          119072 kB
Active:           438724 kB
Mem:          3.8G       3.7G       116M       5.7M        27M       3.3G

MemTotal:        4016004 kB
MemFree:          118420 kB
Active:           438688 kB
Mem:          3.8G       3.7G       115M       5.7M        27M       3.3G

MemTotal:        4016004 kB
MemFree:          144688 kB
Active:           479340 kB
Mem:          3.8G       3.7G       140M       5.7M        27M       3.2G

MemTotal:        4016004 kB
MemFree:          121720 kB
Active:           479580 kB
Mem:          3.8G       3.7G       118M       5.7M        27M       3.3G

MemTotal:        4016004 kB
MemFree:          129068 kB
Active:           469268 kB
Mem:          3.8G       3.7G       125M       5.7M        27M       3.3G

MemTotal:        4016004 kB
MemFree:          144480 kB
Active:           451372 kB
Mem:          3.8G       3.7G       140M       5.7M        27M       3.2G

MemTotal:        4016004 kB
MemFree:          131188 kB
Active:           445164 kB
Mem:          3.8G       3.7G       127M       5.7M        27M       3.3G

MemTotal:        4016004 kB
MemFree:          130376 kB
Active:           439636 kB
Mem:          3.8G       3.7G       126M       5.7M        27M       3.3G

MemTotal:        4016004 kB
MemFree:          134292 kB
Active:           436972 kB
Mem:          3.8G       3.7G       130M       5.7M        27M       3.3G

MemTotal:        4016004 kB
MemFree:          127936 kB
Active:           435940 kB
Mem:          3.8G       3.7G       124M       5.7M        27M       3.3G

MemTotal:        4016004 kB
MemFree:          126528 kB
Active:           434424 kB
Mem:          3.8G       3.7G       123M       5.7M        27M       3.3G

MemTotal:        4016004 kB
MemFree:          125556 kB
Active:           436444 kB
Mem:          3.8G       3.7G       122M       5.7M        27M       3.3G

MemTotal:        4016004 kB
MemFree:          124816 kB
Active:           436456 kB
Mem:          3.8G       3.7G       121M       5.7M        27M       3.3G

MemTotal:        4016004 kB
MemFree:          122776 kB
Active:           436424 kB
Mem:          3.8G       3.7G       119M       5.7M        27M       3.3G

MemTotal:        4016004 kB
MemFree:          111516 kB
Active:           432080 kB
Mem:          3.8G       3.7G       108M       5.7M        27M       3.3G

MemTotal:        4016004 kB
MemFree:          137604 kB
Active:           427844 kB
Mem:          3.8G       3.7G       133M       5.7M        27M       3.3G

MemTotal:        4016004 kB
MemFree:          147760 kB
Active:           424784 kB
Mem:          3.8G       3.7G       144M       5.7M        27M       3.2G

MemTotal:        4016004 kB
MemFree:          131316 kB
Active:           420264 kB
Mem:          3.8G       3.7G       127M       5.7M        27M       3.3G

MemTotal:        4016004 kB
MemFree:          123300 kB
Active:           419732 kB
Mem:          3.8G       3.7G       120M       5.7M        27M       3.3G

MemTotal:        4016004 kB
MemFree:          135220 kB
Active:           415176 kB
Mem:          3.8G       3.7G       132M       5.7M        27M       3.3G

MemTotal:        4016004 kB
MemFree:          140696 kB
Active:           414720 kB
Mem:          3.8G       3.7G       137M       5.7M        27M       3.2G

MemTotal:        4016004 kB
MemFree:          140000 kB
Active:           414644 kB
Mem:          3.8G       3.7G       136M       5.7M        27M       3.3G

MemTotal:        4016004 kB
MemFree:          138900 kB
Active:           414628 kB
Mem:          3.8G       3.7G       135M       5.7M        27M       3.3G

MemTotal:        4016004 kB
MemFree:          138952 kB
Active:           414636 kB
Mem:          3.8G       3.7G       135M       5.7M        27M       3.3G

MemTotal:        4016004 kB
MemFree:          137620 kB
Active:           414672 kB
Mem:          3.8G       3.7G       134M       5.7M        27M       3.3G

MemTotal:        4016004 kB
MemFree:          126940 kB
Active:           409508 kB
Mem:          3.8G       3.7G       123M       5.7M        27M       3.3G

MemTotal:        4016004 kB
MemFree:          133292 kB
Active:           403624 kB
Mem:          3.8G       3.7G       129M       5.7M        27M       3.3G

MemTotal:        4016004 kB
MemFree:          129260 kB
Active:           399768 kB
Mem:          3.8G       3.7G       126M       5.7M        27M       3.3G

MemTotal:        4016004 kB
MemFree:          113192 kB
Active:           398620 kB
Mem:          3.8G       3.7G       109M       5.7M        27M       3.3G

MemTotal:        4016004 kB
MemFree:          111580 kB
Active:           392528 kB
Mem:          3.8G       3.7G       108M       5.7M        27M       3.3G

MemTotal:        4016004 kB
MemFree:          143952 kB
Active:           387740 kB
Mem:          3.8G       3.7G       140M       5.7M        27M       3.2G

MemTotal:        4016004 kB
MemFree:          153532 kB
Active:           381632 kB
Mem:          3.8G       3.7G       149M       5.7M        27M       3.2G

MemTotal:        4016004 kB
MemFree:          149372 kB
Active:           381668 kB
Mem:          3.8G       3.7G       145M       5.7M        27M       3.2G

MemTotal:        4016004 kB
MemFree:          147356 kB
Active:           381652 kB
Mem:          3.8G       3.7G       143M       5.7M        27M       3.2G

MemTotal:        4016004 kB
MemFree:          146336 kB
Active:           381684 kB
Mem:          3.8G       3.7G       142M       5.7M        27M       3.2G

MemTotal:        4016004 kB
MemFree:          145876 kB
Active:           381648 kB
Mem:          3.8G       3.7G       142M       5.7M        27M       3.2G

MemTotal:        4016004 kB
MemFree:          145044 kB
Active:           381680 kB
Mem:          3.8G       3.7G       141M       5.7M        27M       3.2G

MemTotal:        4016004 kB
MemFree:          144008 kB
Active:           381656 kB
Mem:          3.8G       3.7G       140M       5.7M        27M       3.2G

MemTotal:        4016004 kB
MemFree:          141096 kB
Active:           381736 kB
Mem:          3.8G       3.7G       137M       5.7M        27M       3.2G

MemTotal:        4016004 kB
MemFree:          140264 kB
Active:           381740 kB
Mem:          3.8G       3.7G       136M       5.7M        27M       3.2G

MemTotal:        4016004 kB
MemFree:          139416 kB
Active:           381712 kB
Mem:          3.8G       3.7G       136M       5.7M        27M       3.3G

MemTotal:        4016004 kB
MemFree:          138152 kB
Active:           380468 kB
Mem:          3.8G       3.7G       134M       5.7M        27M       3.3G

MemTotal:        4016004 kB
MemFree:          116408 kB
Active:           378168 kB
Mem:          3.8G       3.7G       113M       5.7M        27M       3.3G

MemTotal:        4016004 kB
MemFree:          140144 kB
Active:           373944 kB
Mem:          3.8G       3.7G       136M       5.7M        27M       3.2G

MemTotal:        4016004 kB
MemFree:          127788 kB
Active:           371512 kB
Mem:          3.8G       3.7G       124M       5.7M        27M       3.3G

MemTotal:        4016004 kB
MemFree:          127168 kB
Active:           370856 kB
Mem:          3.8G       3.7G       123M       5.7M        27M       3.3G

MemTotal:        4016004 kB
MemFree:          129716 kB
Active:           369220 kB
Mem:          3.8G       3.7G       126M       5.7M        27M       3.3G

MemTotal:        4016004 kB
MemFree:          123080 kB
Active:           367308 kB
Mem:          3.8G       3.7G       120M       5.7M        27M       3.3G

MemTotal:        4016004 kB
MemFree:          118900 kB
Active:           366668 kB
Mem:          3.8G       3.7G       115M       5.7M        27M       3.3G

MemTotal:        4016004 kB
MemFree:          126352 kB
Active:           366176 kB
Mem:          3.8G       3.7G       123M       5.7M        27M       3.3G

MemTotal:        4016004 kB
MemFree:          123904 kB
Active:           366064 kB
Mem:          3.8G       3.7G       121M       5.7M        27M       3.3G

MemTotal:        4016004 kB
MemFree:          122680 kB
Active:           366068 kB
Mem:          3.8G       3.7G       119M       5.7M        27M       3.3G

MemTotal:        4016004 kB
MemFree:          122268 kB
Active:           366024 kB
Mem:          3.8G       3.7G       119M       5.7M        27M       3.3G

MemTotal:        4016004 kB
MemFree:          130544 kB
Active:           366068 kB
Mem:          3.8G       3.7G       127M       5.7M        27M       3.3G

MemTotal:        4016004 kB
MemFree:          124048 kB
Active:           365772 kB
Mem:          3.8G       3.7G       120M       5.7M        27M       3.3G

MemTotal:        4016004 kB
MemFree:          106996 kB
Active:           365508 kB
Mem:          3.8G       3.7G       104M       5.7M        27M       3.3G

MemTotal:        4016004 kB
MemFree:          120280 kB
Active:           365476 kB
Mem:          3.8G       3.7G       116M       5.7M        27M       3.3G

MemTotal:        4016004 kB
MemFree:          126500 kB
Active:           365560 kB
Mem:          3.8G       3.7G       123M       5.7M        27M       3.3G

MemTotal:        4016004 kB
MemFree:          129204 kB
Active:           362792 kB
Mem:          3.8G       3.7G       126M       5.7M        27M       3.3G

MemTotal:        4016004 kB
MemFree:          131348 kB
Active:           362576 kB
Mem:          3.8G       3.7G       127M       5.7M        27M       3.3G

MemTotal:        4016004 kB
MemFree:          122344 kB
Active:           361992 kB
Mem:          3.8G       3.7G       118M       5.7M        27M       3.3G

MemTotal:        4016004 kB
MemFree:          119556 kB
Active:           363556 kB
Mem:          3.8G       3.7G       116M       5.7M        27M       3.3G

MemTotal:        4016004 kB
MemFree:          118268 kB
Active:           363252 kB
Mem:          3.8G       3.7G       115M       5.7M        27M       3.3G

MemTotal:        4016004 kB
MemFree:          116440 kB
Active:           363500 kB
Mem:          3.8G       3.7G       113M       5.7M        27M       3.3G

MemTotal:        4016004 kB
MemFree:          115500 kB
Active:           363316 kB
Mem:          3.8G       3.7G       112M       5.7M        27M       3.3G

MemTotal:        4016004 kB
MemFree:          121676 kB
Active:           363188 kB
Mem:          3.8G       3.7G       118M       5.7M        27M       3.3G

MemTotal:        4016004 kB
MemFree:          118588 kB
Active:           363072 kB
Mem:          3.8G       3.7G       115M       5.7M        27M       3.3G

MemTotal:        4016004 kB
MemFree:          129256 kB
Active:           363072 kB
Mem:          3.8G       3.7G       125M       5.7M        27M       3.3G

MemTotal:        4016004 kB
MemFree:          119960 kB
Active:           363220 kB
Mem:          3.8G       3.7G       116M       5.7M        27M       3.3G

MemTotal:        4016004 kB
MemFree:          124968 kB
Active:           363072 kB
Mem:          3.8G       3.7G       122M       5.7M        27M       3.3G

MemTotal:        4016004 kB
MemFree:          136872 kB
Active:           363084 kB
Mem:          3.8G       3.7G       133M       5.7M        27M       3.3G

MemTotal:        4016004 kB
MemFree:          132576 kB
Active:           363048 kB
Mem:          3.8G       3.7G       129M       5.7M        27M       3.3G

MemTotal:        4016004 kB
MemFree:          130260 kB
Active:           362956 kB
Mem:          3.8G       3.7G       127M       5.7M        27M       3.3G

MemTotal:        4016004 kB
MemFree:          128364 kB
Active:           362712 kB
Mem:          3.8G       3.7G       125M       5.7M        27M       3.3G

MemTotal:        4016004 kB
MemFree:          127268 kB
Active:           362836 kB
Mem:          3.8G       3.7G       124M       5.7M        27M       3.3G

MemTotal:        4016004 kB
MemFree:          127040 kB
Active:           362692 kB
Mem:          3.8G       3.7G       123M       5.7M        27M       3.3G

MemTotal:        4016004 kB
MemFree:          122704 kB
Active:           362720 kB
Mem:          3.8G       3.7G       119M       5.7M        27M       3.3G

MemTotal:        4016004 kB
MemFree:          135736 kB
Active:           362732 kB
Mem:          3.8G       3.7G       134M       5.7M        27M       3.2G

MemTotal:        4016004 kB
MemFree:          141240 kB
Active:           362732 kB
Mem:          3.8G       3.7G       137M       5.7M        27M       3.2G

MemTotal:        4016004 kB
MemFree:          145852 kB
Active:           361972 kB
Mem:          3.8G       3.7G       141M       5.7M        27M       3.2G

MemTotal:        4016004 kB
MemFree:          124444 kB
Active:           361960 kB
Mem:          3.8G       3.7G       121M       5.7M        27M       3.3G

MemTotal:        4016004 kB
MemFree:          127368 kB
Active:           363124 kB
Mem:          3.8G       3.7G       124M       5.7M        27M       3.3G

MemTotal:        4016004 kB
MemFree:          125212 kB
Active:           363136 kB
Mem:          3.8G       3.7G       121M       5.7M        27M       3.3G

MemTotal:        4016004 kB
MemFree:          127076 kB
Active:           363140 kB
Mem:          3.8G       3.7G       124M       5.7M        27M       3.3G

MemTotal:        4016004 kB
MemFree:          126792 kB
Active:           363152 kB
Mem:          3.8G       3.7G       123M       5.7M        27M       3.3G

MemTotal:        4016004 kB
MemFree:          125848 kB
Active:           363152 kB
Mem:          3.8G       3.7G       122M       5.7M        27M       3.3G

MemTotal:        4016004 kB
MemFree:          124924 kB
Active:           363152 kB
Mem:          3.8G       3.7G       121M       5.7M        27M       3.3G

MemTotal:        4016004 kB
MemFree:          124448 kB
Active:           363032 kB
Mem:          3.8G       3.7G       121M       5.7M        27M       3.3G

MemTotal:        4016004 kB
MemFree:          134624 kB
Active:           360804 kB
Mem:          3.8G       3.7G       130M       5.7M        27M       3.3G

MemTotal:        4016004 kB
MemFree:          128416 kB
Active:           360804 kB
Mem:          3.8G       3.7G       124M       5.7M        27M       3.3G

MemTotal:        4016004 kB
MemFree:          126188 kB
Active:           362188 kB
Mem:          3.8G       3.7G       122M       5.7M        27M       3.3G

MemTotal:        4016004 kB
MemFree:          108688 kB
Active:           361932 kB
Mem:          3.8G       3.7G       105M       5.7M        27M       3.3G

MemTotal:        4016004 kB
MemFree:          137636 kB
Active:           361108 kB
Mem:          3.8G       3.7G       134M       5.7M        27M       3.2G

MemTotal:        4016004 kB
MemFree:          131904 kB
Active:           360932 kB
Mem:          3.8G       3.7G       128M       5.7M        27M       3.2G

MemTotal:        4016004 kB
MemFree:          139392 kB
Active:           360936 kB
Mem:          3.8G       3.7G       135M       5.7M        27M       3.2G

MemTotal:        4016004 kB
MemFree:          138020 kB
Active:           360952 kB
Mem:          3.8G       3.7G       134M       5.7M        27M       3.2G

MemTotal:        4016004 kB
MemFree:          137804 kB
Active:           360952 kB
Mem:          3.8G       3.7G       134M       5.7M        27M       3.2G

MemTotal:        4016004 kB
MemFree:          137188 kB
Active:           360904 kB
Mem:          3.8G       3.7G       133M       5.7M        27M       3.2G

MemTotal:        4016004 kB
MemFree:          137380 kB
Active:           360924 kB
Mem:          3.8G       3.7G       133M       5.7M        27M       3.2G

MemTotal:        4016004 kB
MemFree:          122300 kB
Active:           360964 kB
Mem:          3.8G       3.7G       118M       5.7M        27M       3.3G

MemTotal:        4016004 kB
MemFree:          126500 kB
Active:           361300 kB
Mem:          3.8G       3.7G       123M       5.7M        27M       3.3G

MemTotal:        4016004 kB
MemFree:          135764 kB
Active:           358568 kB
Mem:          3.8G       3.7G       132M       5.7M        27M       3.2G

MemTotal:        4016004 kB
MemFree:          137096 kB
Active:           358576 kB
Mem:          3.8G       3.7G       133M       5.7M        27M       3.2G

MemTotal:        4016004 kB
MemFree:          104960 kB
Active:           358588 kB
Mem:          3.8G       3.7G       108M       5.7M        27M       3.3G

MemTotal:        4016004 kB
MemFree:          123448 kB
Active:           358460 kB
Mem:          3.8G       3.7G       120M       5.7M        27M       3.3G

MemTotal:        4016004 kB
MemFree:          132440 kB
Active:           358460 kB
Mem:          3.8G       3.7G       128M       5.7M        27M       3.2G

MemTotal:        4016004 kB
MemFree:          114196 kB
Active:           358464 kB
Mem:          3.8G       3.7G       111M       5.7M        27M       3.3G

MemTotal:        4016004 kB
MemFree:          127464 kB
Active:           358484 kB
Mem:          3.8G       3.7G       124M       5.7M        27M       3.3G

MemTotal:        4016004 kB
MemFree:          128100 kB
Active:           358464 kB
Mem:          3.8G       3.7G       124M       5.7M        27M       3.3G

MemTotal:        4016004 kB
MemFree:          126368 kB
Active:           358484 kB
Mem:          3.8G       3.7G       123M       5.7M        27M       3.3G

MemTotal:        4016004 kB
MemFree:          125268 kB
Active:           358484 kB
Mem:          3.8G       3.7G       122M       5.7M        27M       3.3G

MemTotal:        4016004 kB
MemFree:          118460 kB
Active:           357976 kB
Mem:          3.8G       3.7G       115M       5.7M        27M       3.3G

MemTotal:        4016004 kB
MemFree:          128204 kB
Active:           355140 kB
Mem:          3.8G       3.7G       124M       5.7M        27M       3.3G

MemTotal:        4016004 kB
MemFree:          127576 kB
Active:           355140 kB
Mem:          3.8G       3.7G       124M       5.7M        27M       3.3G

MemTotal:        4016004 kB
MemFree:          119060 kB
Active:           355152 kB
Mem:          3.8G       3.7G       116M       5.7M        27M       3.3G

MemTotal:        4016004 kB
MemFree:          135764 kB
Active:           355152 kB
Mem:          3.8G       3.7G       132M       5.7M        27M       3.2G

MemTotal:        4016004 kB
MemFree:          125592 kB
Active:           355152 kB
Mem:          3.8G       3.7G       122M       5.7M        27M       3.3G

MemTotal:        4016004 kB
MemFree:          136496 kB
Active:           351816 kB
Mem:          3.8G       3.7G       133M       5.7M        27M       3.2G

MemTotal:        4016004 kB
MemFree:          127096 kB
Active:           351820 kB
Mem:          3.8G       3.7G       123M       5.7M        27M       3.3G

MemTotal:        4016004 kB
MemFree:          123488 kB
Active:           351832 kB
Mem:          3.8G       3.7G       120M       5.7M        27M       3.3G

MemTotal:        4016004 kB
MemFree:          122080 kB
Active:           351832 kB
Mem:          3.8G       3.7G       118M       5.7M        27M       3.3G

MemTotal:        4016004 kB
MemFree:          119324 kB
Active:           351836 kB
Mem:          3.8G       3.7G       116M       5.7M        27M       3.3G

MemTotal:        4016004 kB
MemFree:          117660 kB
Active:           351836 kB
Mem:          3.8G       3.7G       114M       5.7M        27M       3.3G

MemTotal:        4016004 kB
MemFree:          139168 kB
Active:           351844 kB
Mem:          3.8G       3.7G       135M       5.7M        27M       3.2G

MemTotal:        4016004 kB
MemFree:          127268 kB
Active:           351848 kB
Mem:          3.8G       3.7G       123M       5.7M        27M       3.3G

MemTotal:        4016004 kB
MemFree:          120876 kB
Active:           351848 kB
Mem:          3.8G       3.7G       117M       5.7M        27M       3.3G

MemTotal:        4016004 kB
MemFree:          127796 kB
Active:           350156 kB
Mem:          3.8G       3.7G       124M       5.7M        27M       3.2G

MemTotal:        4016004 kB
MemFree:          129720 kB
Active:           350156 kB
Mem:          3.8G       3.7G       126M       5.7M        27M       3.2G

MemTotal:        4016004 kB
MemFree:          134132 kB
Active:           350164 kB
Mem:          3.8G       3.7G       130M       5.7M        27M       3.2G

MemTotal:        4016004 kB
MemFree:          126444 kB
Active:           350164 kB
Mem:          3.8G       3.7G       123M       5.7M        27M       3.3G

MemTotal:        4016004 kB
MemFree:          128540 kB
Active:           350116 kB
Mem:          3.8G       3.7G       125M       5.7M        27M       3.3G

MemTotal:        4016004 kB
MemFree:          112004 kB
Active:           350192 kB
Mem:          3.8G       3.7G       109M       5.7M        27M       3.3G

MemTotal:        4016004 kB
MemFree:          109716 kB
Active:           350204 kB
Mem:          3.8G       3.7G       106M       5.7M        27M       3.3G

MemTotal:        4016004 kB
MemFree:          108632 kB
Active:           350204 kB
Mem:          3.8G       3.7G       105M       5.7M        27M       3.3G

MemTotal:        4016004 kB
MemFree:          107244 kB
Active:           350212 kB
Mem:          3.8G       3.7G       104M       5.7M        27M       3.3G

MemTotal:        4016004 kB
MemFree:          136588 kB
Active:           350220 kB
Mem:          3.8G       3.7G       132M       5.7M        27M       3.2G

MemTotal:        4016004 kB
MemFree:          131292 kB
Active:           350220 kB
Mem:          3.8G       3.7G       127M       5.7M        27M       3.2G

MemTotal:        4016004 kB
MemFree:          142196 kB
Active:           350220 kB
Mem:          3.8G       3.7G       138M       5.7M        27M       3.2G

MemTotal:        4016004 kB
MemFree:          114244 kB
Active:           347304 kB
Mem:          3.8G       3.7G       111M       5.7M        27M       3.3G

MemTotal:        4016004 kB
MemFree:          136816 kB
Active:           347196 kB
Mem:          3.8G       3.7G       133M       5.7M        27M       3.2G

MemTotal:        4016004 kB
MemFree:          119588 kB
Active:           347196 kB
Mem:          3.8G       3.7G       116M       5.7M        27M       3.3G

MemTotal:        4016004 kB
MemFree:          134456 kB
Active:           347200 kB
Mem:          3.8G       3.7G       131M       5.7M        27M       3.2G

MemTotal:        4016004 kB
MemFree:          140024 kB
Active:           347200 kB
Mem:          3.8G       3.7G       136M       5.7M        27M       3.2G

MemTotal:        4016004 kB
MemFree:          113200 kB
Active:           347220 kB
Mem:          3.8G       3.7G       110M       5.7M        27M       3.3G

MemTotal:        4016004 kB
MemFree:          111892 kB
Active:           347220 kB
Mem:          3.8G       3.7G       108M       5.7M        27M       3.3G

MemTotal:        4016004 kB
MemFree:          109940 kB
Active:           347232 kB
Mem:          3.8G       3.7G       107M       5.7M        27M       3.3G

MemTotal:        4016004 kB
MemFree:          109076 kB
Active:           347232 kB
Mem:          3.8G       3.7G       106M       5.7M        27M       3.3G

MemTotal:        4016004 kB
MemFree:          108276 kB
Active:           347232 kB
Mem:          3.8G       3.7G       105M       5.7M        27M       3.3G

MemTotal:        4016004 kB
MemFree:          134888 kB
Active:           347240 kB
Mem:          3.8G       3.7G       131M       5.7M        27M       3.2G

MemTotal:        4016004 kB
MemFree:          122456 kB
Active:           347244 kB
Mem:          3.8G       3.7G       119M       5.7M        27M       3.3G

MemTotal:        4016004 kB
MemFree:          112432 kB
Active:           347244 kB
Mem:          3.8G       3.7G       109M       5.7M        27M       3.3G

MemTotal:        4016004 kB
MemFree:          130088 kB
Active:           346192 kB
Mem:          3.8G       3.7G       126M       5.7M        27M       3.2G

MemTotal:        4016004 kB
MemFree:          140980 kB
Active:           346196 kB
Mem:          3.8G       3.7G       137M       5.7M        27M       3.2G

MemTotal:        4016004 kB
MemFree:          148676 kB
Active:           346196 kB
Mem:          3.8G       3.7G       144M       5.7M        27M       3.2G

MemTotal:        4016004 kB
MemFree:          122768 kB
Active:           346204 kB
Mem:          3.8G       3.7G       118M       5.7M        27M       3.3G

MemTotal:        4016004 kB
MemFree:          134404 kB
Active:           346216 kB
Mem:          3.8G       3.7G       131M       5.7M        27M       3.2G

MemTotal:        4016004 kB
MemFree:          134708 kB
Active:           346220 kB
Mem:          3.8G       3.7G       131M       5.7M        27M       3.2G

MemTotal:        4016004 kB
MemFree:          133196 kB
Active:           346228 kB
Mem:          3.8G       3.7G       130M       5.7M        27M       3.2G

MemTotal:        4016004 kB
MemFree:          132452 kB
Active:           346228 kB
Mem:          3.8G       3.7G       129M       5.7M        27M       3.2G

MemTotal:        4016004 kB
MemFree:          131588 kB
Active:           346232 kB
Mem:          3.8G       3.7G       128M       5.7M        27M       3.2G

MemTotal:        4016004 kB
MemFree:          132624 kB
Active:           347876 kB
Mem:          3.8G       3.7G       128M       5.7M        27M       3.2G

MemTotal:        4016004 kB
MemFree:          116496 kB
Active:           347876 kB
Mem:          3.8G       3.7G       113M       5.7M        27M       3.3G

MemTotal:        4016004 kB
MemFree:          115200 kB
Active:           347876 kB
Mem:          3.8G       3.7G       112M       5.7M        27M       3.3G

MemTotal:        4016004 kB
MemFree:          117816 kB
Active:           347888 kB
Mem:          3.8G       3.7G       114M       5.7M        27M       3.3G

MemTotal:        4016004 kB
MemFree:          129748 kB
Active:           347832 kB
Mem:          3.8G       3.7G       126M       5.7M        27M       3.2G

MemTotal:        4016004 kB
MemFree:          120344 kB
Active:           347832 kB
Mem:          3.8G       3.7G       117M       5.7M        27M       3.3G

MemTotal:        4016004 kB
MemFree:          143120 kB
Active:           347840 kB
Mem:          3.8G       3.7G       139M       5.7M        27M       3.2G

MemTotal:        4016004 kB
MemFree:          106072 kB
Active:           347852 kB
Mem:          3.8G       3.7G       103M       5.7M        27M       3.3G

MemTotal:        4016004 kB
MemFree:          105780 kB
Active:           347856 kB
Mem:          3.8G       3.7G       103M       5.7M        27M       3.3G

MemTotal:        4016004 kB
MemFree:          105876 kB
Active:           347864 kB
Mem:          3.8G       3.7G       103M       5.7M        27M       3.3G

MemTotal:        4016004 kB
MemFree:          106284 kB
Active:           347828 kB
Mem:          3.8G       3.7G       103M       5.7M        27M       3.3G

MemTotal:        4016004 kB
MemFree:          128836 kB
Active:           347872 kB
Mem:          3.8G       3.7G       125M       5.7M        27M       3.2G

MemTotal:        4016004 kB
MemFree:          125800 kB
Active:           347872 kB
Mem:          3.8G       3.7G       122M       5.7M        27M       3.2G

MemTotal:        4016004 kB
MemFree:          130816 kB
Active:           347560 kB
Mem:          3.8G       3.7G       127M       5.7M        27M       3.2G

MemTotal:        4016004 kB
MemFree:          131064 kB
Active:           347528 kB
Mem:          3.8G       3.7G       127M       5.7M        27M       3.2G

MemTotal:        4016004 kB
MemFree:          130692 kB
Active:           347568 kB
Mem:          3.8G       3.7G       127M       5.7M        27M       3.2G

MemTotal:        4016004 kB
MemFree:          130940 kB
Active:           347516 kB
Mem:          3.8G       3.7G       127M       5.7M        27M       3.2G

MemTotal:        4016004 kB
MemFree:          130816 kB
Active:           347568 kB
Mem:          3.8G       3.7G       127M       5.7M        27M       3.2G

MemTotal:        4016004 kB
MemFree:          130692 kB
Active:           347568 kB
Mem:          3.8G       3.7G       127M       5.7M        27M       3.2G

MemTotal:        4016004 kB
MemFree:          130940 kB
Active:           347568 kB
Mem:          3.8G       3.7G       127M       5.7M        27M       3.2G

MemTotal:        4016004 kB
MemFree:          131188 kB
Active:           347536 kB
Mem:          3.8G       3.7G       127M       5.7M        27M       3.2G

MemTotal:        4016004 kB
MemFree:          131064 kB
Active:           347520 kB
Mem:          3.8G       3.7G       127M       5.7M        27M       3.2G

MemTotal:        4016004 kB
MemFree:          131188 kB
Active:           347556 kB
Mem:          3.8G       3.7G       127M       5.7M        27M       3.2G

MemTotal:        4016004 kB
MemFree:          130940 kB
Active:           347528 kB
Mem:          3.8G       3.7G       127M       5.7M        27M       3.2G

MemTotal:        4016004 kB
MemFree:          130940 kB
Active:           347540 kB
Mem:          3.8G       3.7G       127M       5.7M        27M       3.2G

MemTotal:        4016004 kB
MemFree:          130748 kB
Active:           347372 kB
Mem:          3.8G       3.7G       127M       5.7M        27M       3.2G

MemTotal:        4016004 kB
MemFree:          131368 kB
Active:           347344 kB
Mem:          3.8G       3.7G       128M       5.7M        27M       3.2G

MemTotal:        4016004 kB
MemFree:          131616 kB
Active:           347372 kB
Mem:          3.8G       3.7G       128M       5.7M        27M       3.2G

MemTotal:        4016004 kB
MemFree:          131616 kB
Active:           347372 kB
Mem:          3.8G       3.7G       128M       5.7M        27M       3.2G

MemTotal:        4016004 kB
MemFree:          131616 kB
Active:           347360 kB
Mem:          3.8G       3.7G       128M       5.7M        27M       3.2G

MemTotal:        4016004 kB
MemFree:          131736 kB
Active:           346848 kB
Mem:          3.8G       3.7G       128M       5.7M        27M       3.2G

MemTotal:        4016004 kB
MemFree:          131860 kB
Active:           348900 kB
Mem:          3.8G       3.7G       128M       5.7M        27M       3.2G

MemTotal:        4016004 kB
MemFree:          131860 kB
Active:           348908 kB
Mem:          3.8G       3.7G       128M       5.7M        27M       3.2G

MemTotal:        4016004 kB
MemFree:          131488 kB
Active:           348880 kB
Mem:          3.8G       3.7G       128M       5.7M        27M       3.2G

MemTotal:        4016004 kB
MemFree:          131612 kB
Active:           348884 kB
Mem:          3.8G       3.7G       128M       5.7M        27M       3.2G

MemTotal:        4016004 kB
MemFree:          131584 kB
Active:           348884 kB
Mem:          3.8G       3.7G       128M       5.7M        27M       3.2G

MemTotal:        4016004 kB
MemFree:          130964 kB
Active:           348916 kB
Mem:          3.8G       3.7G       127M       5.7M        27M       3.2G

MemTotal:        4016004 kB
MemFree:          131088 kB
Active:           348896 kB
Mem:          3.8G       3.7G       128M       5.7M        27M       3.2G

MemTotal:        4016004 kB
MemFree:          131212 kB
Active:           348900 kB
Mem:          3.8G       3.7G       128M       5.7M        27M       3.2G

MemTotal:        4016004 kB
MemFree:          131584 kB
Active:           348864 kB
Mem:          3.8G       3.7G       128M       5.7M        27M       3.2G

MemTotal:        4016004 kB
MemFree:          130964 kB
Active:           348924 kB
Mem:          3.8G       3.7G       128M       5.7M        27M       3.2G

MemTotal:        4016004 kB
MemFree:          131204 kB
Active:           348880 kB
Mem:          3.8G       3.7G       127M       5.7M        27M       3.2G

MemTotal:        4016004 kB
MemFree:          131020 kB
Active:           348888 kB
Mem:          3.8G       3.7G       127M       5.7M        27M       3.2G

MemTotal:        4016004 kB
MemFree:          130868 kB
Active:           348900 kB
Mem:          3.8G       3.7G       127M       5.7M        27M       3.2G

MemTotal:        4016004 kB
MemFree:          130744 kB
Active:           348896 kB
Mem:          3.8G       3.7G       127M       5.7M        27M       3.2G

MemTotal:        4016004 kB
MemFree:          130744 kB
Active:           348912 kB
Mem:          3.8G       3.7G       127M       5.7M        27M       3.2G

MemTotal:        4016004 kB
MemFree:          130496 kB
Active:           348932 kB
Mem:          3.8G       3.7G       127M       5.7M        27M       3.2G

MemTotal:        4016004 kB
MemFree:          131116 kB
Active:           348936 kB
Mem:          3.8G       3.7G       128M       5.7M        27M       3.2G

MemTotal:        4016004 kB
MemFree:          131488 kB
Active:           348896 kB
Mem:          3.8G       3.7G       128M       5.7M        27M       3.2G

MemTotal:        4016004 kB
MemFree:          131488 kB
Active:           348900 kB
Mem:          3.8G       3.7G       128M       5.7M        27M       3.2G

MemTotal:        4016004 kB
MemFree:          129440 kB
Active:           348924 kB
Mem:          3.8G       3.7G       126M       5.7M        27M       3.2G

MemTotal:        4016004 kB
MemFree:          129688 kB
Active:           350944 kB
Mem:          3.8G       3.7G       126M       5.7M        27M       3.2G

MemTotal:        4016004 kB
MemFree:          129812 kB
Active:           350944 kB
Mem:          3.8G       3.7G       126M       5.7M        27M       3.2G

MemTotal:        4016004 kB
MemFree:          129316 kB
Active:           350960 kB
Mem:          3.8G       3.7G       126M       5.7M        27M       3.2G

MemTotal:        4016004 kB
MemFree:          129316 kB
Active:           350952 kB
Mem:          3.8G       3.7G       126M       5.7M        27M       3.2G

MemTotal:        4016004 kB
MemFree:          129688 kB
Active:           350964 kB
Mem:          3.8G       3.7G       126M       5.7M        27M       3.2G

MemTotal:        4016004 kB
MemFree:          129688 kB
Active:           350992 kB
Mem:          3.8G       3.7G       126M       5.7M        27M       3.2G

MemTotal:        4016004 kB
MemFree:          129316 kB
Active:           351008 kB
Mem:          3.8G       3.7G       126M       5.7M        27M       3.2G

MemTotal:        4016004 kB
MemFree:          129564 kB
Active:           350972 kB
Mem:          3.8G       3.7G       126M       5.7M        27M       3.2G

MemTotal:        4016004 kB
MemFree:          129812 kB
Active:           350992 kB
Mem:          3.8G       3.7G       126M       5.7M        27M       3.2G

MemTotal:        4016004 kB
MemFree:          129688 kB
Active:           351016 kB
Mem:          3.8G       3.7G       126M       5.7M        27M       3.2G

MemTotal:        4016004 kB
MemFree:          129564 kB
Active:           350968 kB
Mem:          3.8G       3.7G       126M       5.7M        27M       3.2G

MemTotal:        4016004 kB
MemFree:          129564 kB
Active:           351000 kB
Mem:          3.8G       3.7G       126M       5.7M        27M       3.2G

MemTotal:        4016004 kB
MemFree:          129564 kB
Active:           351020 kB
Mem:          3.8G       3.7G       126M       5.7M        27M       3.2G

MemTotal:        4016004 kB
MemFree:          129068 kB
Active:           350976 kB
Mem:          3.8G       3.7G       126M       5.7M        27M       3.2G

MemTotal:        4016004 kB
MemFree:          129440 kB
Active:           351020 kB
Mem:          3.8G       3.7G       126M       5.7M        27M       3.2G

MemTotal:        4016004 kB
MemFree:          129192 kB
Active:           351024 kB
Mem:          3.8G       3.7G       126M       5.7M        27M       3.2G

MemTotal:        4016004 kB
MemFree:          129192 kB
Active:           350980 kB
Mem:          3.8G       3.7G       126M       5.7M        27M       3.2G

MemTotal:        4016004 kB
MemFree:          129192 kB
Active:           350996 kB
Mem:          3.8G       3.7G       126M       5.7M        27M       3.2G

MemTotal:        4016004 kB
MemFree:          129192 kB
Active:           351012 kB
Mem:          3.8G       3.7G       126M       5.7M        27M       3.2G

MemTotal:        4016004 kB
MemFree:          128944 kB
Active:           351032 kB
Mem:          3.8G       3.7G       126M       5.7M        27M       3.2G

MemTotal:        4016004 kB
MemFree:          128944 kB
Active:           351032 kB
Mem:          3.8G       3.7G       126M       5.7M        27M       3.2G

MemTotal:        4016004 kB
MemFree:          129316 kB
Active:           350984 kB
Mem:          3.8G       3.7G       126M       5.7M        27M       3.2G

MemTotal:        4016004 kB
MemFree:          128944 kB
Active:           351032 kB
Mem:          3.8G       3.7G       126M       5.7M        27M       3.2G

MemTotal:        4016004 kB
MemFree:          129192 kB
Active:           350980 kB
Mem:          3.8G       3.7G       126M       5.7M        27M       3.2G

MemTotal:        4016004 kB
MemFree:          129440 kB
Active:           351024 kB
Mem:          3.8G       3.7G       126M       5.7M        27M       3.2G

MemTotal:        4016004 kB
MemFree:          129440 kB
Active:           351028 kB
Mem:          3.8G       3.7G       126M       5.7M        27M       3.2G

MemTotal:        4016004 kB
MemFree:          129192 kB
Active:           351040 kB
Mem:          3.8G       3.7G       126M       5.7M        27M       3.2G

MemTotal:        4016004 kB
MemFree:          128820 kB
Active:           351040 kB
Mem:          3.8G       3.7G       125M       5.7M        27M       3.2G

MemTotal:        4016004 kB
MemFree:          128696 kB
Active:           351016 kB
Mem:          3.8G       3.7G       125M       5.7M        27M       3.2G

MemTotal:        4016004 kB
MemFree:          128696 kB
Active:           351044 kB
Mem:          3.8G       3.7G       125M       5.7M        27M       3.2G

MemTotal:        4016004 kB
MemFree:          129316 kB
Active:           351032 kB
Mem:          3.8G       3.7G       126M       5.7M        27M       3.2G

MemTotal:        4016004 kB
MemFree:          129208 kB
Active:           351008 kB
Mem:          3.8G       3.7G       126M       5.7M        27M       3.2G

MemTotal:        4016004 kB
MemFree:          129208 kB
Active:           351024 kB
Mem:          3.8G       3.7G       126M       5.7M        27M       3.2G

MemTotal:        4016004 kB
MemFree:          128464 kB
Active:           351052 kB
Mem:          3.8G       3.7G       125M       5.7M        27M       3.2G

MemTotal:        4016004 kB
MemFree:          128712 kB
Active:           351004 kB
Mem:          3.8G       3.7G       125M       5.7M        27M       3.2G

MemTotal:        4016004 kB
MemFree:          128836 kB
Active:           351040 kB
Mem:          3.8G       3.7G       125M       5.7M        27M       3.2G

MemTotal:        4016004 kB
MemFree:          128836 kB
Active:           351000 kB
Mem:          3.8G       3.7G       125M       5.7M        27M       3.2G

MemTotal:        4016004 kB
MemFree:          128588 kB
Active:           351052 kB
Mem:          3.8G       3.7G       125M       5.7M        27M       3.2G

MemTotal:        4016004 kB
MemFree:          129180 kB
Active:           350996 kB
Mem:          3.8G       3.7G       126M       5.7M        27M       3.2G

MemTotal:        4016004 kB
MemFree:          129552 kB
Active:           351012 kB
Mem:          3.8G       3.7G       126M       5.7M        27M       3.2G

MemTotal:        4016004 kB
MemFree:          129552 kB
Active:           351016 kB
Mem:          3.8G       3.7G       126M       5.7M        27M       3.2G

MemTotal:        4016004 kB
MemFree:          129676 kB
Active:           351016 kB
Mem:          3.8G       3.7G       126M       5.7M        27M       3.2G

MemTotal:        4016004 kB
MemFree:          129552 kB
Active:           351036 kB
Mem:          3.8G       3.7G       126M       5.7M        27M       3.2G

MemTotal:        4016004 kB
MemFree:          129552 kB
Active:           351044 kB
Mem:          3.8G       3.7G       126M       5.7M        27M       3.2G

MemTotal:        4016004 kB
MemFree:          129304 kB
Active:           351064 kB
Mem:          3.8G       3.7G       126M       5.7M        27M       3.2G

MemTotal:        4016004 kB
MemFree:          129676 kB
Active:           351048 kB
Mem:          3.8G       3.7G       126M       5.7M        27M       3.2G

MemTotal:        4016004 kB
MemFree:          129552 kB
Active:           351052 kB
Mem:          3.8G       3.7G       126M       5.7M        27M       3.2G

MemTotal:        4016004 kB
MemFree:          129676 kB
Active:           351044 kB
Mem:          3.8G       3.7G       126M       5.7M        27M       3.2G

MemTotal:        4016004 kB
MemFree:          129428 kB
Active:           351052 kB
Mem:          3.8G       3.7G       126M       5.7M        27M       3.2G

MemTotal:        4016004 kB
MemFree:          129552 kB
Active:           351064 kB
Mem:          3.8G       3.7G       126M       5.7M        27M       3.2G

MemTotal:        4016004 kB
MemFree:          129676 kB
Active:           351012 kB
Mem:          3.8G       3.7G       126M       5.7M        27M       3.2G

MemTotal:        4016004 kB
MemFree:          129552 kB
Active:           351052 kB
Mem:          3.8G       3.7G       126M       5.7M        27M       3.2G

MemTotal:        4016004 kB
MemFree:          129428 kB
Active:           351060 kB
Mem:          3.8G       3.7G       126M       5.7M        27M       3.2G

MemTotal:        4016004 kB
MemFree:          129180 kB
Active:           351012 kB
Mem:          3.8G       3.7G       126M       5.7M        27M       3.2G

MemTotal:        4016004 kB
MemFree:          129304 kB
Active:           351020 kB
Mem:          3.8G       3.7G       126M       5.7M        27M       3.2G

MemTotal:        4016004 kB
MemFree:          129428 kB
Active:           351052 kB
Mem:          3.8G       3.7G       126M       5.7M        27M       3.2G

MemTotal:        4016004 kB
MemFree:          129428 kB
Active:           351060 kB
Mem:          3.8G       3.7G       126M       5.7M        27M       3.2G

MemTotal:        4016004 kB
MemFree:          129428 kB
Active:           351032 kB
Mem:          3.8G       3.7G       126M       5.7M        27M       3.2G

MemTotal:        4016004 kB
MemFree:          129180 kB
Active:           351032 kB
Mem:          3.8G       3.7G       126M       5.7M        27M       3.2G

MemTotal:        4016004 kB
MemFree:          129552 kB
Active:           351036 kB
Mem:          3.8G       3.7G       126M       5.7M        27M       3.2G

MemTotal:        4016004 kB
MemFree:          129180 kB
Active:           351084 kB
Mem:          3.8G       3.7G       126M       5.7M        27M       3.2G

MemTotal:        4016004 kB
MemFree:          129056 kB
Active:           351032 kB
Mem:          3.8G       3.7G       126M       5.7M        27M       3.2G

MemTotal:        4016004 kB
MemFree:          129304 kB
Active:           351056 kB
Mem:          3.8G       3.7G       126M       5.7M        27M       3.2G

MemTotal:        4016004 kB
MemFree:          129428 kB
Active:           351084 kB
Mem:          3.8G       3.7G       126M       5.7M        27M       3.2G

MemTotal:        4016004 kB
MemFree:          129304 kB
Active:           351044 kB
Mem:          3.8G       3.7G       126M       5.7M        27M       3.2G

MemTotal:        4016004 kB
MemFree:          128932 kB
Active:           351092 kB
Mem:          3.8G       3.7G       126M       5.7M        27M       3.2G

MemTotal:        4016004 kB
MemFree:          129428 kB
Active:           351092 kB
Mem:          3.8G       3.7G       126M       5.7M        27M       3.2G

MemTotal:        4016004 kB
MemFree:          129180 kB
Active:           351104 kB
Mem:          3.8G       3.7G       126M       5.7M        27M       3.2G

MemTotal:        4016004 kB
MemFree:          129056 kB
Active:           351052 kB
Mem:          3.8G       3.7G       125M       5.7M        27M       3.2G

MemTotal:        4016004 kB
MemFree:          129056 kB
Active:           351064 kB
Mem:          3.8G       3.7G       125M       5.7M        27M       3.2G

MemTotal:        4016004 kB
MemFree:          129056 kB
Active:           351064 kB
Mem:          3.8G       3.7G       126M       5.7M        27M       3.2G

MemTotal:        4016004 kB
MemFree:          129056 kB
Active:           351080 kB
Mem:          3.8G       3.7G       125M       5.7M        27M       3.2G

MemTotal:        4016004 kB
MemFree:          128436 kB
Active:           351108 kB
Mem:          3.8G       3.7G       125M       5.7M        27M       3.2G

MemTotal:        4016004 kB
MemFree:          128932 kB
Active:           351064 kB
Mem:          3.8G       3.7G       126M       5.7M        27M       3.2G

MemTotal:        4016004 kB
MemFree:          128808 kB
Active:           351116 kB
Mem:          3.8G       3.7G       126M       5.7M        27M       3.2G

MemTotal:        4016004 kB
MemFree:          129304 kB
Active:           351096 kB
Mem:          3.8G       3.7G       126M       5.7M        27M       3.2G

MemTotal:        4016004 kB
MemFree:          129800 kB
Active:           351096 kB
Mem:          3.8G       3.7G       126M       5.7M        27M       3.2G

MemTotal:        4016004 kB
MemFree:          129676 kB
Active:           351060 kB
Mem:          3.8G       3.7G       126M       5.7M        27M       3.2G

MemTotal:        4016004 kB
MemFree:          129800 kB
Active:           351088 kB
Mem:          3.8G       3.7G       126M       5.7M        27M       3.2G

MemTotal:        4016004 kB
MemFree:          129924 kB
Active:           351072 kB
Mem:          3.8G       3.7G       126M       5.7M        27M       3.2G

MemTotal:        4016004 kB
MemFree:          129800 kB
Active:           351104 kB
Mem:          3.8G       3.7G       126M       5.7M        27M       3.2G

MemTotal:        4016004 kB
MemFree:          129304 kB
Active:           351124 kB
Mem:          3.8G       3.7G       126M       5.7M        27M       3.2G

MemTotal:        4016004 kB
MemFree:          129056 kB
Active:           351124 kB
Mem:          3.8G       3.7G       126M       5.7M        27M       3.2G

MemTotal:        4016004 kB
MemFree:          129056 kB
Active:           351084 kB
Mem:          3.8G       3.7G       126M       5.7M        27M       3.2G

MemTotal:        4016004 kB
MemFree:          129180 kB
Active:           351088 kB
Mem:          3.8G       3.7G       126M       5.7M        27M       3.2G

MemTotal:        4016004 kB
MemFree:          129304 kB
Active:           351132 kB
Mem:          3.8G       3.7G       126M       5.7M        27M       3.2G

MemTotal:        4016004 kB
MemFree:          129056 kB
Active:           351132 kB
Mem:          3.8G       3.7G       126M       5.7M        27M       3.2G

MemTotal:        4016004 kB
MemFree:          129428 kB
Active:           351100 kB
Mem:          3.8G       3.7G       126M       5.7M        27M       3.2G

MemTotal:        4016004 kB
MemFree:          129428 kB
Active:           351112 kB
Mem:          3.8G       3.7G       126M       5.7M        27M       3.2G

MemTotal:        4016004 kB
MemFree:          129180 kB
Active:           351132 kB
Mem:          3.8G       3.7G       126M       5.7M        27M       3.2G

MemTotal:        4016004 kB
MemFree:          129428 kB
Active:           351084 kB
Mem:          3.8G       3.7G       126M       5.7M        27M       3.2G

MemTotal:        4016004 kB
MemFree:          129552 kB
Active:           351124 kB
Mem:          3.8G       3.7G       126M       5.7M        27M       3.2G

MemTotal:        4016004 kB
MemFree:          129428 kB
Active:           351092 kB
Mem:          3.8G       3.7G       126M       5.7M        27M       3.2G

MemTotal:        4016004 kB
MemFree:          128808 kB
Active:           351152 kB
Mem:          3.8G       3.7G       126M       5.7M        27M       3.2G

MemTotal:        4016004 kB
MemFree:          129180 kB
Active:           351148 kB
Mem:          3.8G       3.7G       126M       5.7M        27M       3.2G

MemTotal:        4016004 kB
MemFree:          129180 kB
Active:           351128 kB
Mem:          3.8G       3.7G       126M       5.7M        27M       3.2G

MemTotal:        4016004 kB
MemFree:          129304 kB
Active:           351136 kB
Mem:          3.8G       3.7G       126M       5.7M        27M       3.2G

MemTotal:        4016004 kB
MemFree:          128808 kB
Active:           351108 kB
Mem:          3.8G       3.7G       125M       5.7M        27M       3.2G

MemTotal:        4016004 kB
MemFree:          128808 kB
Active:           351116 kB
Mem:          3.8G       3.7G       125M       5.7M        27M       3.2G

MemTotal:        4016004 kB
MemFree:          128684 kB
Active:           351124 kB
Mem:          3.8G       3.7G       125M       5.7M        27M       3.2G

MemTotal:        4016004 kB
MemFree:          129056 kB
Active:           351128 kB
Mem:          3.8G       3.7G       125M       5.7M        27M       3.2G

MemTotal:        4016004 kB
MemFree:          129056 kB
Active:           351152 kB
Mem:          3.8G       3.7G       125M       5.7M        27M       3.2G

MemTotal:        4016004 kB
MemFree:          129180 kB
Active:           351120 kB
Mem:          3.8G       3.7G       126M       5.7M        27M       3.2G

MemTotal:        4016004 kB
MemFree:          129304 kB
Active:           351128 kB
Mem:          3.8G       3.7G       126M       5.7M        27M       3.2G

MemTotal:        4016004 kB
MemFree:          129304 kB
Active:           351108 kB
Mem:          3.8G       3.7G       126M       5.7M        27M       3.2G

MemTotal:        4016004 kB
MemFree:          129428 kB
Active:           351152 kB
Mem:          3.8G       3.7G       126M       5.7M        27M       3.2G

MemTotal:        4016004 kB
MemFree:          128932 kB
Active:           351172 kB
Mem:          3.8G       3.7G       126M       5.7M        27M       3.2G

MemTotal:        4016004 kB
MemFree:          129304 kB
Active:           351124 kB
Mem:          3.8G       3.7G       126M       5.7M        27M       3.2G

MemTotal:        4016004 kB
MemFree:          129676 kB
Active:           351148 kB
Mem:          3.8G       3.7G       126M       5.7M        27M       3.2G

MemTotal:        4016004 kB
MemFree:          129180 kB
Active:           351176 kB
Mem:          3.8G       3.7G       126M       5.7M        27M       3.2G

MemTotal:        4016004 kB
MemFree:          129304 kB
Active:           351136 kB
Mem:          3.8G       3.7G       126M       5.7M        27M       3.2G

MemTotal:        4016004 kB
MemFree:          128932 kB
Active:           351152 kB
Mem:          3.8G       3.7G       125M       5.7M        27M       3.2G

MemTotal:        4016004 kB
MemFree:          128932 kB
Active:           351160 kB
Mem:          3.8G       3.7G       125M       5.7M        27M       3.2G

MemTotal:        4016004 kB
MemFree:          128560 kB
Active:           351188 kB
Mem:          3.8G       3.7G       125M       5.7M        27M       3.2G

MemTotal:        4016004 kB
MemFree:          129056 kB
Active:           351172 kB
Mem:          3.8G       3.7G       126M       5.7M        27M       3.2G

MemTotal:        4016004 kB
MemFree:          129180 kB
Active:           351180 kB
Mem:          3.8G       3.7G       126M       5.7M        27M       3.2G

MemTotal:        4016004 kB
MemFree:          129304 kB
Active:           351144 kB
Mem:          3.8G       3.7G       126M       5.7M        27M       3.2G

MemTotal:        4016004 kB
MemFree:          129676 kB
Active:           351152 kB
Mem:          3.8G       3.7G       126M       5.7M        27M       3.2G

MemTotal:        4016004 kB
MemFree:          129180 kB
Active:           351200 kB
Mem:          3.8G       3.7G       126M       5.7M        27M       3.2G

MemTotal:        4016004 kB
MemFree:          129320 kB
Active:           351160 kB
Mem:          3.8G       3.7G       126M       5.7M        27M       3.2G

MemTotal:        4016004 kB
MemFree:          129692 kB
Active:           351188 kB
Mem:          3.8G       3.7G       126M       5.7M        27M       3.2G

MemTotal:        4016004 kB
MemFree:          129320 kB
Active:           351188 kB
Mem:          3.8G       3.7G       126M       5.7M        27M       3.2G

MemTotal:        4016004 kB
MemFree:          129196 kB
Active:           351172 kB
Mem:          3.8G       3.7G       126M       5.7M        27M       3.2G

MemTotal:        4016004 kB
MemFree:          129320 kB
Active:           351168 kB
Mem:          3.8G       3.7G       126M       5.7M        27M       3.2G

MemTotal:        4016004 kB
MemFree:          129444 kB
Active:           351192 kB
Mem:          3.8G       3.7G       126M       5.7M        27M       3.2G

MemTotal:        4016004 kB
MemFree:          129320 kB
Active:           351204 kB
Mem:          3.8G       3.7G       126M       5.7M        27M       3.2G

MemTotal:        4016004 kB
MemFree:          129072 kB
Active:           351176 kB
Mem:          3.8G       3.7G       126M       5.7M        27M       3.2G

MemTotal:        4016004 kB
MemFree:          129196 kB
Active:           351196 kB
Mem:          3.8G       3.7G       126M       5.7M        27M       3.2G

MemTotal:        4016004 kB
MemFree:          128700 kB
Active:           351224 kB
Mem:          3.8G       3.7G       125M       5.7M        27M       3.2G

MemTotal:        4016004 kB
MemFree:          128824 kB
Active:           351228 kB
Mem:          3.8G       3.7G       126M       5.7M        27M       3.2G

MemTotal:        4016004 kB
MemFree:          129072 kB
Active:           351224 kB
Mem:          3.8G       3.7G       125M       5.7M        27M       3.2G

MemTotal:        4016004 kB
MemFree:          129072 kB
Active:           351188 kB
Mem:          3.8G       3.7G       125M       5.7M        27M       3.2G

MemTotal:        4016004 kB
MemFree:          128684 kB
Active:           351236 kB
Mem:          3.8G       3.7G       125M       5.7M        27M       3.2G

MemTotal:        4016004 kB
MemFree:          128932 kB
Active:           351188 kB
Mem:          3.8G       3.7G       125M       5.7M        27M       3.2G

MemTotal:        4016004 kB
MemFree:          129180 kB
Active:           351184 kB
Mem:          3.8G       3.7G       126M       5.7M        27M       3.2G

MemTotal:        4016004 kB
MemFree:          129180 kB
Active:           351196 kB
Mem:          3.8G       3.7G       126M       5.7M        27M       3.2G

MemTotal:        4016004 kB
MemFree:          129056 kB
Active:           351240 kB
Mem:          3.8G       3.7G       126M       5.7M        27M       3.2G

MemTotal:        4016004 kB
MemFree:          129676 kB
Active:           351232 kB
Mem:          3.8G       3.7G       126M       5.7M        27M       3.2G

MemTotal:        4016004 kB
MemFree:          129800 kB
Active:           351212 kB
Mem:          3.8G       3.7G       126M       5.7M        27M       3.2G

MemTotal:        4016004 kB
MemFree:          129800 kB
Active:           351192 kB
Mem:          3.8G       3.7G       126M       5.7M        27M       3.2G

MemTotal:        4016004 kB
MemFree:          129428 kB
Active:           351196 kB
Mem:          3.8G       3.7G       126M       5.7M        27M       3.2G

MemTotal:        4016004 kB
MemFree:          129428 kB
Active:           351216 kB
Mem:          3.8G       3.7G       126M       5.7M        28M       3.2G

MemTotal:        4016004 kB
MemFree:          128948 kB
Active:           351340 kB
Mem:          3.8G       3.7G       125M       5.7M        28M       3.2G

MemTotal:        4016004 kB
MemFree:          128948 kB
Active:           351356 kB
Mem:          3.8G       3.7G       125M       5.7M        28M       3.2G

