MemTotal:        4016004 kB
MemFree:         3229332 kB
Active:           430904 kB
Mem:          3.8G       768M       3.1G       5.7M        55M       320M

MemTotal:        4016004 kB
MemFree:         3231352 kB
Active:           428696 kB
Mem:          3.8G       766M       3.1G       5.7M        55M       320M

MemTotal:        4016004 kB
MemFree:         3231460 kB
Active:           428752 kB
Mem:          3.8G       766M       3.1G       5.7M        55M       320M

MemTotal:        4016004 kB
MemFree:         3231444 kB
Active:           428720 kB
Mem:          3.8G       766M       3.1G       5.7M        55M       320M

MemTotal:        4016004 kB
MemFree:         3231180 kB
Active:           428768 kB
Mem:          3.8G       766M       3.1G       5.7M        55M       320M

MemTotal:        4016004 kB
MemFree:         3231000 kB
Active:           428776 kB
Mem:          3.8G       766M       3.1G       5.7M        55M       320M

MemTotal:        4016004 kB
MemFree:         3231108 kB
Active:           428776 kB
Mem:          3.8G       766M       3.1G       5.7M        55M       320M

MemTotal:        4016004 kB
MemFree:         3231356 kB
Active:           428728 kB
Mem:          3.8G       766M       3.1G       5.7M        55M       320M

MemTotal:        4016004 kB
MemFree:         3232084 kB
Active:           428744 kB
Mem:          3.8G       765M       3.1G       5.7M        55M       320M

MemTotal:        4016004 kB
MemFree:         3232084 kB
Active:           428760 kB
Mem:          3.8G       765M       3.1G       5.7M        55M       320M

MemTotal:        4016004 kB
MemFree:         3232208 kB
Active:           428728 kB
Mem:          3.8G       765M       3.1G       5.7M        55M       320M

MemTotal:        4016004 kB
MemFree:         3231588 kB
Active:           428776 kB
Mem:          3.8G       765M       3.1G       5.7M        55M       320M

MemTotal:        4016004 kB
MemFree:         3231960 kB
Active:           428768 kB
Mem:          3.8G       765M       3.1G       5.7M        55M       320M

MemTotal:        4016004 kB
MemFree:         3232084 kB
Active:           428740 kB
Mem:          3.8G       766M       3.1G       5.7M        55M       320M

MemTotal:        4016004 kB
MemFree:         3231340 kB
Active:           428784 kB
Mem:          3.8G       766M       3.1G       5.7M        55M       320M

MemTotal:        4016004 kB
MemFree:         3231464 kB
Active:           428784 kB
Mem:          3.8G       766M       3.1G       5.7M        55M       320M

MemTotal:        4016004 kB
MemFree:         3231620 kB
Active:           428784 kB
Mem:          3.8G       765M       3.1G       5.7M        55M       320M

MemTotal:        4016004 kB
MemFree:         3231868 kB
Active:           428780 kB
Mem:          3.8G       765M       3.1G       5.7M        55M       320M

MemTotal:        4016004 kB
MemFree:         3231868 kB
Active:           428736 kB
Mem:          3.8G       765M       3.1G       5.7M        55M       320M

MemTotal:        4016004 kB
MemFree:         3232040 kB
Active:           428752 kB
Mem:          3.8G       765M       3.1G       5.7M        55M       320M

MemTotal:        4016004 kB
MemFree:         3231916 kB
Active:           428768 kB
Mem:          3.8G       765M       3.1G       5.7M        55M       320M

MemTotal:        4016004 kB
MemFree:         3231792 kB
Active:           428768 kB
Mem:          3.8G       765M       3.1G       5.7M        55M       320M

MemTotal:        4016004 kB
MemFree:         3231916 kB
Active:           428756 kB
Mem:          3.8G       765M       3.1G       5.7M        55M       320M

MemTotal:        4016004 kB
MemFree:         3231916 kB
Active:           428792 kB
Mem:          3.8G       765M       3.1G       5.7M        55M       320M

MemTotal:        4016004 kB
MemFree:         3232272 kB
Active:           428784 kB
Mem:          3.8G       765M       3.1G       5.7M        55M       320M

MemTotal:        4016004 kB
MemFree:         3232148 kB
Active:           428776 kB
Mem:          3.8G       765M       3.1G       5.7M        55M       320M

MemTotal:        4016004 kB
MemFree:         3232148 kB
Active:           428736 kB
Mem:          3.8G       765M       3.1G       5.7M        55M       320M

MemTotal:        4016004 kB
MemFree:         3232272 kB
Active:           428744 kB
Mem:          3.8G       765M       3.1G       5.7M        55M       320M

MemTotal:        4016004 kB
MemFree:         3232272 kB
Active:           428748 kB
Mem:          3.8G       765M       3.1G       5.7M        55M       320M

MemTotal:        4016004 kB
MemFree:         3232288 kB
Active:           428764 kB
Mem:          3.8G       765M       3.1G       5.7M        55M       320M

MemTotal:        4016004 kB
MemFree:         3231668 kB
Active:           428800 kB
Mem:          3.8G       765M       3.1G       5.7M        55M       320M

MemTotal:        4016004 kB
MemFree:         3232164 kB
Active:           428788 kB
Mem:          3.8G       765M       3.1G       5.7M        55M       320M

MemTotal:        4016004 kB
MemFree:         3231792 kB
Active:           428800 kB
Mem:          3.8G       765M       3.1G       5.7M        55M       320M

MemTotal:        4016004 kB
MemFree:         3231916 kB
Active:           428764 kB
Mem:          3.8G       765M       3.1G       5.7M        55M       320M

MemTotal:        4016004 kB
MemFree:         3231668 kB
Active:           428808 kB
Mem:          3.8G       765M       3.1G       5.7M        55M       320M

MemTotal:        4016004 kB
MemFree:         3232024 kB
Active:           428796 kB
Mem:          3.8G       765M       3.1G       5.7M        55M       320M

MemTotal:        4016004 kB
MemFree:         3232024 kB
Active:           428800 kB
Mem:          3.8G       765M       3.1G       5.7M        55M       320M

MemTotal:        4016004 kB
MemFree:         3231652 kB
Active:           428812 kB
Mem:          3.8G       765M       3.1G       5.7M        55M       320M

MemTotal:        4016004 kB
MemFree:         3231652 kB
Active:           428812 kB
Mem:          3.8G       765M       3.1G       5.7M        55M       320M

MemTotal:        4016004 kB
MemFree:         3231652 kB
Active:           428804 kB
Mem:          3.8G       765M       3.1G       5.7M        55M       320M

MemTotal:        4016004 kB
MemFree:         3232180 kB
Active:           428812 kB
Mem:          3.8G       765M       3.1G       5.7M        55M       320M

MemTotal:        4016004 kB
MemFree:         3231436 kB
Active:           428820 kB
Mem:          3.8G       765M       3.1G       5.7M        55M       320M

MemTotal:        4016004 kB
MemFree:         3231808 kB
Active:           428808 kB
Mem:          3.8G       765M       3.1G       5.7M        55M       320M

MemTotal:        4016004 kB
MemFree:         3232056 kB
Active:           428808 kB
Mem:          3.8G       765M       3.1G       5.7M        55M       320M

MemTotal:        4016004 kB
MemFree:         3231668 kB
Active:           428828 kB
Mem:          3.8G       765M       3.1G       5.7M        55M       320M

MemTotal:        4016004 kB
MemFree:         3232164 kB
Active:           428800 kB
Mem:          3.8G       765M       3.1G       5.7M        55M       320M

MemTotal:        4016004 kB
MemFree:         3232148 kB
Active:           428828 kB
Mem:          3.8G       765M       3.1G       5.7M        55M       320M

MemTotal:        4016004 kB
MemFree:         3232024 kB
Active:           428820 kB
Mem:          3.8G       765M       3.1G       5.7M        55M       320M

MemTotal:        4016004 kB
MemFree:         3231652 kB
Active:           428836 kB
Mem:          3.8G       765M       3.1G       5.7M        55M       320M

MemTotal:        4016004 kB
MemFree:         3232024 kB
Active:           428836 kB
Mem:          3.8G       765M       3.1G       5.7M        55M       320M

MemTotal:        4016004 kB
MemFree:         3232024 kB
Active:           428828 kB
Mem:          3.8G       765M       3.1G       5.7M        55M       320M

MemTotal:        4016004 kB
MemFree:         3231652 kB
Active:           428840 kB
Mem:          3.8G       765M       3.1G       5.7M        55M       320M

MemTotal:        4016004 kB
MemFree:         3231916 kB
Active:           428832 kB
Mem:          3.8G       765M       3.1G       5.7M        55M       320M

MemTotal:        4016004 kB
MemFree:         3231916 kB
Active:           428844 kB
Mem:          3.8G       765M       3.1G       5.7M        55M       320M

MemTotal:        4016004 kB
MemFree:         3231792 kB
Active:           428808 kB
Mem:          3.8G       765M       3.1G       5.7M        55M       320M

MemTotal:        4016004 kB
MemFree:         3231792 kB
Active:           428840 kB
Mem:          3.8G       765M       3.1G       5.7M        55M       320M

MemTotal:        4016004 kB
MemFree:         3231916 kB
Active:           428840 kB
Mem:          3.8G       765M       3.1G       5.7M        55M       320M

MemTotal:        4016004 kB
MemFree:         3231668 kB
Active:           428808 kB
Mem:          3.8G       765M       3.1G       5.7M        55M       320M

MemTotal:        4016004 kB
MemFree:         3231792 kB
Active:           428868 kB
Mem:          3.8G       765M       3.1G       5.7M        55M       320M

MemTotal:        4016004 kB
MemFree:         3231544 kB
Active:           428868 kB
Mem:          3.8G       765M       3.1G       5.7M        55M       320M

MemTotal:        4016004 kB
MemFree:         3232040 kB
Active:           428816 kB
Mem:          3.8G       765M       3.1G       5.7M        55M       320M

MemTotal:        4016004 kB
MemFree:         3231668 kB
Active:           428868 kB
Mem:          3.8G       765M       3.1G       5.7M        55M       320M

MemTotal:        4016004 kB
MemFree:         3231932 kB
Active:           428836 kB
Mem:          3.8G       765M       3.1G       5.7M        55M       320M

MemTotal:        4016004 kB
MemFree:         3232180 kB
Active:           428832 kB
Mem:          3.8G       765M       3.1G       5.7M        55M       320M

MemTotal:        4016004 kB
MemFree:         3231684 kB
Active:           428876 kB
Mem:          3.8G       765M       3.1G       5.7M        55M       320M

MemTotal:        4016004 kB
MemFree:         3232056 kB
Active:           428820 kB
Mem:          3.8G       765M       3.1G       5.7M        55M       320M

MemTotal:        4016004 kB
MemFree:         3232056 kB
Active:           428836 kB
Mem:          3.8G       766M       3.1G       5.7M        55M       320M

MemTotal:        4016004 kB
MemFree:         3231312 kB
Active:           428876 kB
Mem:          3.8G       766M       3.1G       5.7M        55M       320M

MemTotal:        4016004 kB
MemFree:         3231668 kB
Active:           428856 kB
Mem:          3.8G       766M       3.1G       5.7M        55M       320M

MemTotal:        4016004 kB
MemFree:         3231652 kB
Active:           428860 kB
Mem:          3.8G       765M       3.1G       5.7M        55M       320M

MemTotal:        4016004 kB
MemFree:         3232008 kB
Active:           428860 kB
Mem:          3.8G       765M       3.1G       5.7M        55M       320M

MemTotal:        4016004 kB
MemFree:         3232008 kB
Active:           428880 kB
Mem:          3.8G       765M       3.1G       5.7M        55M       320M

MemTotal:        4016004 kB
MemFree:         3231636 kB
Active:           428872 kB
Mem:          3.8G       765M       3.1G       5.7M        55M       320M

MemTotal:        4016004 kB
MemFree:         3231636 kB
Active:           428880 kB
Mem:          3.8G       765M       3.1G       5.7M        55M       320M

MemTotal:        4016004 kB
MemFree:         3231868 kB
Active:           428868 kB
Mem:          3.8G       765M       3.1G       5.7M        55M       320M

MemTotal:        4016004 kB
MemFree:         3231992 kB
Active:           428864 kB
Mem:          3.8G       765M       3.1G       5.7M        55M       320M

MemTotal:        4016004 kB
MemFree:         3231480 kB
Active:           428888 kB
Mem:          3.8G       766M       3.1G       5.7M        55M       320M

MemTotal:        4016004 kB
MemFree:         3231852 kB
Active:           428860 kB
Mem:          3.8G       765M       3.1G       5.7M        55M       320M

MemTotal:        4016004 kB
MemFree:         3231852 kB
Active:           428872 kB
Mem:          3.8G       765M       3.1G       5.7M        55M       320M

MemTotal:        4016004 kB
MemFree:         3231852 kB
Active:           428872 kB
Mem:          3.8G       765M       3.1G       5.7M        55M       320M

MemTotal:        4016004 kB
MemFree:         3231604 kB
Active:           428888 kB
Mem:          3.8G       765M       3.1G       5.7M        55M       320M

MemTotal:        4016004 kB
MemFree:         3231356 kB
Active:           428892 kB
Mem:          3.8G       766M       3.1G       5.7M        55M       320M

MemTotal:        4016004 kB
MemFree:         3231728 kB
Active:           428856 kB
Mem:          3.8G       765M       3.1G       5.7M        55M       320M

MemTotal:        4016004 kB
MemFree:         3231604 kB
Active:           428908 kB
Mem:          3.8G       766M       3.1G       5.7M        55M       320M

MemTotal:        4016004 kB
MemFree:         3231852 kB
Active:           428880 kB
Mem:          3.8G       765M       3.1G       5.7M        55M       320M

MemTotal:        4016004 kB
MemFree:         3231808 kB
Active:           428896 kB
Mem:          3.8G       765M       3.1G       5.7M        55M       320M

MemTotal:        4016004 kB
MemFree:         3230800 kB
Active:           426912 kB
Mem:          3.8G       766M       3.1G       5.7M        55M       320M

MemTotal:        4016004 kB
MemFree:         3230676 kB
Active:           428960 kB
Mem:          3.8G       766M       3.1G       5.7M        55M       320M

MemTotal:        4016004 kB
MemFree:         3230800 kB
Active:           428972 kB
Mem:          3.8G       766M       3.1G       5.7M        55M       320M

MemTotal:        4016004 kB
MemFree:         3231420 kB
Active:           428916 kB
Mem:          3.8G       766M       3.1G       5.7M        55M       320M

MemTotal:        4016004 kB
MemFree:         3231404 kB
Active:           428916 kB
Mem:          3.8G       766M       3.1G       5.7M        55M       320M

MemTotal:        4016004 kB
MemFree:         3231388 kB
Active:           428928 kB
Mem:          3.8G       766M       3.1G       5.7M        55M       320M

MemTotal:        4016004 kB
MemFree:         3230752 kB
Active:           428972 kB
Mem:          3.8G       766M       3.1G       5.7M        55M       320M

MemTotal:        4016004 kB
MemFree:         3230752 kB
Active:           428972 kB
Mem:          3.8G       766M       3.1G       5.7M        55M       320M

MemTotal:        4016004 kB
MemFree:         3231248 kB
Active:           428916 kB
Mem:          3.8G       766M       3.1G       5.7M        55M       320M

MemTotal:        4016004 kB
MemFree:         3231744 kB
Active:           428956 kB
Mem:          3.8G       766M       3.1G       5.7M        55M       320M

MemTotal:        4016004 kB
MemFree:         3231744 kB
Active:           428944 kB
Mem:          3.8G       766M       3.1G       5.7M        55M       320M

MemTotal:        4016004 kB
MemFree:         3230876 kB
Active:           428984 kB
Mem:          3.8G       766M       3.1G       5.7M        55M       320M

MemTotal:        4016004 kB
MemFree:         3231124 kB
Active:           428968 kB
Mem:          3.8G       766M       3.1G       5.7M        55M       320M

MemTotal:        4016004 kB
MemFree:         3231000 kB
Active:           428972 kB
Mem:          3.8G       766M       3.1G       5.7M        55M       320M

MemTotal:        4016004 kB
MemFree:         3230672 kB
Active:           429260 kB
Mem:          3.8G       767M       3.1G       5.7M        55M       320M

MemTotal:        4016004 kB
MemFree:         3124948 kB
Active:           430252 kB
Mem:          3.8G       871M       3.0G       5.7M        55M       422M

MemTotal:        4016004 kB
MemFree:         3117540 kB
Active:           430348 kB
Mem:          3.8G       878M       3.0G       5.7M        55M       429M

MemTotal:        4016004 kB
MemFree:         3050996 kB
Active:           430340 kB
Mem:          3.8G       944M       2.9G       5.7M        55M       494M

MemTotal:        4016004 kB
MemFree:         2920724 kB
Active:           430368 kB
Mem:          3.8G       1.0G       2.8G       5.7M        55M       619M

MemTotal:        4016004 kB
MemFree:         2810976 kB
Active:           430372 kB
Mem:          3.8G       1.2G       2.7G       5.7M        55M       724M

MemTotal:        4016004 kB
MemFree:         2771592 kB
Active:           430384 kB
Mem:          3.8G       1.2G       2.6G       5.7M        55M       760M

MemTotal:        4016004 kB
MemFree:         2758464 kB
Active:           430392 kB
Mem:          3.8G       1.2G       2.6G       5.7M        55M       775M

MemTotal:        4016004 kB
MemFree:         2636736 kB
Active:           430392 kB
Mem:          3.8G       1.3G       2.5G       5.7M        55M       893M

MemTotal:        4016004 kB
MemFree:         2516820 kB
Active:           430396 kB
Mem:          3.8G       1.4G       2.4G       5.7M        55M       1.0G

MemTotal:        4016004 kB
MemFree:         2404112 kB
Active:           430392 kB
Mem:          3.8G       1.5G       2.3G       5.7M        55M       1.1G

MemTotal:        4016004 kB
MemFree:         2299232 kB
Active:           430396 kB
Mem:          3.8G       1.6G       2.2G       5.7M        55M       1.2G

MemTotal:        4016004 kB
MemFree:         2292588 kB
Active:           430428 kB
Mem:          3.8G       1.6G       2.2G       5.7M        55M       1.2G

MemTotal:        4016004 kB
MemFree:         2289076 kB
Active:           430452 kB
Mem:          3.8G       1.6G       2.2G       5.7M        55M       1.2G

MemTotal:        4016004 kB
MemFree:         2283744 kB
Active:           430484 kB
Mem:          3.8G       1.7G       2.2G       5.7M        55M       1.2G

MemTotal:        4016004 kB
MemFree:         2280148 kB
Active:           430484 kB
Mem:          3.8G       1.7G       2.2G       5.7M        55M       1.2G

MemTotal:        4016004 kB
MemFree:         2277580 kB
Active:           430500 kB
Mem:          3.8G       1.7G       2.2G       5.7M        55M       1.2G

MemTotal:        4016004 kB
MemFree:         2274792 kB
Active:           430512 kB
Mem:          3.8G       1.7G       2.2G       5.7M        55M       1.2G

MemTotal:        4016004 kB
MemFree:         2274980 kB
Active:           430504 kB
Mem:          3.8G       1.7G       2.2G       5.7M        55M       1.2G

MemTotal:        4016004 kB
MemFree:         2274960 kB
Active:           430500 kB
Mem:          3.8G       1.7G       2.2G       5.7M        55M       1.2G

MemTotal:        4016004 kB
MemFree:         2275092 kB
Active:           430532 kB
Mem:          3.8G       1.7G       2.2G       5.7M        55M       1.2G

MemTotal:        4016004 kB
MemFree:         2204364 kB
Active:           430544 kB
Mem:          3.8G       1.7G       2.1G       5.7M        55M       1.3G

MemTotal:        4016004 kB
MemFree:         2081440 kB
Active:           430544 kB
Mem:          3.8G       1.8G       2.0G       5.7M        55M       1.4G

MemTotal:        4016004 kB
MemFree:         1972964 kB
Active:           430520 kB
Mem:          3.8G       2.0G       1.9G       5.7M        55M       1.5G

MemTotal:        4016004 kB
MemFree:         1926840 kB
Active:           430520 kB
Mem:          3.8G       2.0G       1.8G       5.7M        55M       1.5G

MemTotal:        4016004 kB
MemFree:         1921916 kB
Active:           430516 kB
Mem:          3.8G       2.0G       1.8G       5.7M        55M       1.5G

MemTotal:        4016004 kB
MemFree:         1821716 kB
Active:           430556 kB
Mem:          3.8G       2.1G       1.7G       5.7M        55M       1.6G

MemTotal:        4016004 kB
MemFree:         1714216 kB
Active:           430520 kB
Mem:          3.8G       2.2G       1.6G       5.7M        55M       1.7G

MemTotal:        4016004 kB
MemFree:         1707888 kB
Active:           430564 kB
Mem:          3.8G       2.2G       1.6G       5.7M        55M       1.7G

MemTotal:        4016004 kB
MemFree:         1670672 kB
Active:           430580 kB
Mem:          3.8G       2.2G       1.6G       5.7M        55M       1.8G

MemTotal:        4016004 kB
MemFree:         1647216 kB
Active:           430584 kB
Mem:          3.8G       2.3G       1.6G       5.7M        55M       1.8G

MemTotal:        4016004 kB
MemFree:         1642772 kB
Active:           430592 kB
Mem:          3.8G       2.3G       1.6G       5.7M        55M       1.8G

MemTotal:        4016004 kB
MemFree:         1639056 kB
Active:           430592 kB
Mem:          3.8G       2.3G       1.6G       5.7M        55M       1.8G

MemTotal:        4016004 kB
MemFree:         1637332 kB
Active:           430596 kB
Mem:          3.8G       2.3G       1.6G       5.7M        55M       1.8G

MemTotal:        4016004 kB
MemFree:         1626256 kB
Active:           430600 kB
Mem:          3.8G       2.3G       1.5G       5.7M        55M       1.8G

MemTotal:        4016004 kB
MemFree:         1498372 kB
Active:           430568 kB
Mem:          3.8G       2.4G       1.4G       5.7M        55M       1.9G

MemTotal:        4016004 kB
MemFree:         1382112 kB
Active:           430592 kB
Mem:          3.8G       2.5G       1.3G       5.7M        55M       2.1G

MemTotal:        4016004 kB
MemFree:         1297856 kB
Active:           430604 kB
Mem:          3.8G       2.6G       1.2G       5.7M        55M       2.1G

MemTotal:        4016004 kB
MemFree:         1227024 kB
Active:           430628 kB
Mem:          3.8G       2.7G       1.2G       5.7M        55M       2.2G

MemTotal:        4016004 kB
MemFree:         1212672 kB
Active:           430636 kB
Mem:          3.8G       2.7G       1.2G       5.7M        55M       2.2G

MemTotal:        4016004 kB
MemFree:         1209728 kB
Active:           430636 kB
Mem:          3.8G       2.7G       1.2G       5.7M        55M       2.2G

MemTotal:        4016004 kB
MemFree:         1129652 kB
Active:           430636 kB
Mem:          3.8G       2.8G       1.1G       5.7M        55M       2.3G

MemTotal:        4016004 kB
MemFree:         1080140 kB
Active:           430636 kB
Mem:          3.8G       2.8G       1.0G       5.7M        55M       2.3G

MemTotal:        4016004 kB
MemFree:         1077324 kB
Active:           430660 kB
Mem:          3.8G       2.8G       1.0G       5.7M        55M       2.3G

MemTotal:        4016004 kB
MemFree:         1071936 kB
Active:           430704 kB
Mem:          3.8G       2.8G       1.0G       5.7M        55M       2.3G

MemTotal:        4016004 kB
MemFree:         1067720 kB
Active:           430708 kB
Mem:          3.8G       2.8G       1.0G       5.7M        55M       2.3G

MemTotal:        4016004 kB
MemFree:         1062660 kB
Active:           432700 kB
Mem:          3.8G       2.8G       1.0G       5.7M        55M       2.3G

MemTotal:        4016004 kB
MemFree:          947156 kB
Active:           432708 kB
Mem:          3.8G       2.9G       922M       5.7M        55M       2.5G

MemTotal:        4016004 kB
MemFree:          818156 kB
Active:           432700 kB
Mem:          3.8G       3.1G       796M       5.7M        55M       2.6G

MemTotal:        4016004 kB
MemFree:          712376 kB
Active:           432720 kB
Mem:          3.8G       3.2G       693M       5.7M        55M       2.7G

MemTotal:        4016004 kB
MemFree:          584776 kB
Active:           432744 kB
Mem:          3.8G       3.3G       568M       5.7M        55M       2.8G

MemTotal:        4016004 kB
MemFree:          473324 kB
Active:           432748 kB
Mem:          3.8G       3.4G       460M       5.7M        55M       2.9G

MemTotal:        4016004 kB
MemFree:          367188 kB
Active:           432720 kB
Mem:          3.8G       3.5G       355M       5.7M        55M       3.0G

MemTotal:        4016004 kB
MemFree:          359048 kB
Active:           432776 kB
Mem:          3.8G       3.5G       350M       5.7M        55M       3.0G

MemTotal:        4016004 kB
MemFree:          356264 kB
Active:           432776 kB
Mem:          3.8G       3.5G       348M       5.7M        55M       3.0G

MemTotal:        4016004 kB
MemFree:          350936 kB
Active:           432792 kB
Mem:          3.8G       3.5G       342M       5.7M        55M       3.0G

MemTotal:        4016004 kB
MemFree:          345556 kB
Active:           432812 kB
Mem:          3.8G       3.5G       337M       5.7M        55M       3.0G

MemTotal:        4016004 kB
MemFree:          294104 kB
Active:           432832 kB
Mem:          3.8G       3.6G       285M       5.7M        55M       3.1G

MemTotal:        4016004 kB
MemFree:          157400 kB
Active:           432832 kB
Mem:          3.8G       3.7G       151M       5.7M        55M       3.2G

MemTotal:        4016004 kB
MemFree:          132580 kB
Active:           432824 kB
Mem:          3.8G       3.7G       129M       5.7M        55M       3.2G

MemTotal:        4016004 kB
MemFree:          125120 kB
Active:           432856 kB
Mem:          3.8G       3.7G       121M       5.7M        55M       3.2G

MemTotal:        4016004 kB
MemFree:          121836 kB
Active:           432872 kB
Mem:          3.8G       3.7G       118M       5.7M        55M       3.2G

MemTotal:        4016004 kB
MemFree:          135656 kB
Active:           427712 kB
Mem:          3.8G       3.7G       126M       5.7M        23M       3.3G

MemTotal:        4016004 kB
MemFree:          129684 kB
Active:           427808 kB
Mem:          3.8G       3.7G       126M       5.7M        23M       3.3G

MemTotal:        4016004 kB
MemFree:          129188 kB
Active:           427776 kB
Mem:          3.8G       3.7G       126M       5.7M        23M       3.3G

MemTotal:        4016004 kB
MemFree:          129568 kB
Active:           427804 kB
Mem:          3.8G       3.7G       126M       5.7M        23M       3.3G

MemTotal:        4016004 kB
MemFree:          123468 kB
Active:           427812 kB
Mem:          3.8G       3.7G       120M       5.7M        23M       3.3G

MemTotal:        4016004 kB
MemFree:          133308 kB
Active:           492828 kB
Mem:          3.8G       3.7G       136M       5.7M        20M       3.2G

MemTotal:        4016004 kB
MemFree:          133704 kB
Active:           465356 kB
Mem:          3.8G       3.7G       130M       5.7M        20M       3.3G

MemTotal:        4016004 kB
MemFree:          111228 kB
Active:           461952 kB
Mem:          3.8G       3.7G       106M       5.7M        20M       3.3G

MemTotal:        4016004 kB
MemFree:          126748 kB
Active:           451332 kB
Mem:          3.8G       3.7G       120M       5.7M        20M       3.3G

MemTotal:        4016004 kB
MemFree:          134996 kB
Active:           441512 kB
Mem:          3.8G       3.7G       129M       5.7M        20M       3.3G

MemTotal:        4016004 kB
MemFree:          148240 kB
Active:           437416 kB
Mem:          3.8G       3.7G       143M       5.7M        20M       3.2G

MemTotal:        4016004 kB
MemFree:          151016 kB
Active:           434360 kB
Mem:          3.8G       3.7G       147M       5.7M        20M       3.2G

MemTotal:        4016004 kB
MemFree:          148136 kB
Active:           434352 kB
Mem:          3.8G       3.7G       143M       5.7M        20M       3.2G

MemTotal:        4016004 kB
MemFree:          142428 kB
Active:           434396 kB
Mem:          3.8G       3.7G       138M       5.7M        20M       3.2G

MemTotal:        4016004 kB
MemFree:          139196 kB
Active:           434260 kB
Mem:          3.8G       3.7G       135M       5.7M        20M       3.2G

MemTotal:        4016004 kB
MemFree:          135704 kB
Active:           434260 kB
Mem:          3.8G       3.7G       132M       5.7M        20M       3.2G

MemTotal:        4016004 kB
MemFree:          133276 kB
Active:           434264 kB
Mem:          3.8G       3.7G       129M       5.7M        20M       3.3G

MemTotal:        4016004 kB
MemFree:          126704 kB
Active:           434280 kB
Mem:          3.8G       3.7G       123M       5.7M        20M       3.3G

MemTotal:        4016004 kB
MemFree:          123588 kB
Active:           434280 kB
Mem:          3.8G       3.7G       120M       5.7M        20M       3.3G

MemTotal:        4016004 kB
MemFree:          120708 kB
Active:           434272 kB
Mem:          3.8G       3.7G       116M       5.7M        20M       3.3G

MemTotal:        4016004 kB
MemFree:          128772 kB
Active:           427884 kB
Mem:          3.8G       3.7G       122M       5.7M        20M       3.3G

MemTotal:        4016004 kB
MemFree:          129516 kB
Active:           424308 kB
Mem:          3.8G       3.7G       123M       5.7M        20M       3.3G

MemTotal:        4016004 kB
MemFree:          148200 kB
Active:           421892 kB
Mem:          3.8G       3.7G       144M       5.7M        20M       3.2G

MemTotal:        4016004 kB
MemFree:          121868 kB
Active:           421892 kB
Mem:          3.8G       3.7G       116M       5.7M        20M       3.3G

MemTotal:        4016004 kB
MemFree:          128084 kB
Active:           419672 kB
Mem:          3.8G       3.7G       125M       5.7M        20M       3.3G

MemTotal:        4016004 kB
MemFree:          128176 kB
Active:           417124 kB
Mem:          3.8G       3.7G       125M       5.7M        20M       3.3G

MemTotal:        4016004 kB
MemFree:          138120 kB
Active:           412520 kB
Mem:          3.8G       3.7G       134M       5.7M        20M       3.2G

MemTotal:        4016004 kB
MemFree:          135496 kB
Active:           412396 kB
Mem:          3.8G       3.7G       131M       5.7M        20M       3.2G

MemTotal:        4016004 kB
MemFree:          132972 kB
Active:           412416 kB
Mem:          3.8G       3.7G       129M       5.7M        20M       3.3G

MemTotal:        4016004 kB
MemFree:          131008 kB
Active:           412416 kB
Mem:          3.8G       3.7G       127M       5.7M        20M       3.3G

MemTotal:        4016004 kB
MemFree:          125492 kB
Active:           414444 kB
Mem:          3.8G       3.7G       122M       5.7M        20M       3.3G

MemTotal:        4016004 kB
MemFree:          108388 kB
Active:           413300 kB
Mem:          3.8G       3.7G       103M       5.7M        20M       3.3G

MemTotal:        4016004 kB
MemFree:          141836 kB
Active:           409464 kB
Mem:          3.8G       3.7G       137M       5.7M        20M       3.2G

MemTotal:        4016004 kB
MemFree:          126492 kB
Active:           404940 kB
Mem:          3.8G       3.7G       143M       5.7M        20M       3.2G

MemTotal:        4016004 kB
MemFree:          142264 kB
Active:           402252 kB
Mem:          3.8G       3.7G       139M       5.7M        20M       3.2G

MemTotal:        4016004 kB
MemFree:          152308 kB
Active:           400808 kB
Mem:          3.8G       3.7G       148M       5.7M        20M       3.2G

MemTotal:        4016004 kB
MemFree:          117436 kB
Active:           400852 kB
Mem:          3.8G       3.7G       111M       5.7M        20M       3.3G

MemTotal:        4016004 kB
MemFree:          132380 kB
Active:           397624 kB
Mem:          3.8G       3.7G       128M       5.7M        20M       3.3G

MemTotal:        4016004 kB
MemFree:          141600 kB
Active:           395316 kB
Mem:          3.8G       3.7G       138M       5.7M        20M       3.2G

MemTotal:        4016004 kB
MemFree:          139180 kB
Active:           395344 kB
Mem:          3.8G       3.7G       135M       5.7M        20M       3.2G

MemTotal:        4016004 kB
MemFree:          135276 kB
Active:           395360 kB
Mem:          3.8G       3.7G       132M       5.7M        20M       3.2G

MemTotal:        4016004 kB
MemFree:          135248 kB
Active:           395356 kB
Mem:          3.8G       3.7G       132M       5.7M        20M       3.2G

MemTotal:        4016004 kB
MemFree:          113164 kB
Active:           395352 kB
Mem:          3.8G       3.7G       106M       5.7M        20M       3.3G

MemTotal:        4016004 kB
MemFree:          130492 kB
Active:           390108 kB
Mem:          3.8G       3.7G       125M       5.7M        20M       3.3G

MemTotal:        4016004 kB
MemFree:          148812 kB
Active:           384880 kB
Mem:          3.8G       3.7G       143M       5.7M        20M       3.2G

MemTotal:        4016004 kB
MemFree:          134632 kB
Active:           383092 kB
Mem:          3.8G       3.7G       131M       5.7M        20M       3.2G

MemTotal:        4016004 kB
MemFree:          119056 kB
Active:           382568 kB
Mem:          3.8G       3.7G       118M       5.7M        20M       3.3G

MemTotal:        4016004 kB
MemFree:          116688 kB
Active:           381788 kB
Mem:          3.8G       3.7G       114M       5.7M        20M       3.3G

MemTotal:        4016004 kB
MemFree:          143176 kB
Active:           378880 kB
Mem:          3.8G       3.7G       140M       5.7M        20M       3.2G

MemTotal:        4016004 kB
MemFree:          141040 kB
Active:           376920 kB
Mem:          3.8G       3.7G       136M       5.7M        20M       3.2G

MemTotal:        4016004 kB
MemFree:          126860 kB
Active:           376460 kB
Mem:          3.8G       3.7G       123M       5.7M        20M       3.3G

MemTotal:        4016004 kB
MemFree:          144664 kB
Active:           375052 kB
Mem:          3.8G       3.7G       141M       5.7M        20M       3.2G

MemTotal:        4016004 kB
MemFree:          145100 kB
Active:           375068 kB
Mem:          3.8G       3.7G       141M       5.7M        20M       3.2G

MemTotal:        4016004 kB
MemFree:          145040 kB
Active:           375016 kB
Mem:          3.8G       3.7G       141M       5.7M        20M       3.2G

MemTotal:        4016004 kB
MemFree:          145448 kB
Active:           375064 kB
Mem:          3.8G       3.7G       141M       5.7M        20M       3.2G

MemTotal:        4016004 kB
MemFree:          137592 kB
Active:           375072 kB
Mem:          3.8G       3.7G       133M       5.7M        20M       3.2G

MemTotal:        4016004 kB
MemFree:          136356 kB
Active:           371236 kB
Mem:          3.8G       3.7G       131M       5.7M        20M       3.2G

MemTotal:        4016004 kB
MemFree:          137828 kB
Active:           370980 kB
Mem:          3.8G       3.7G       131M       5.7M        20M       3.2G

MemTotal:        4016004 kB
MemFree:          141040 kB
Active:           370716 kB
Mem:          3.8G       3.7G       137M       5.7M        20M       3.2G

MemTotal:        4016004 kB
MemFree:          116968 kB
Active:           370716 kB
Mem:          3.8G       3.7G       112M       5.7M        20M       3.3G

MemTotal:        4016004 kB
MemFree:          139376 kB
Active:           368720 kB
Mem:          3.8G       3.7G       136M       5.7M        20M       3.2G

MemTotal:        4016004 kB
MemFree:          144456 kB
Active:           370276 kB
Mem:          3.8G       3.7G       140M       5.7M        20M       3.2G

MemTotal:        4016004 kB
MemFree:          135216 kB
Active:           370296 kB
Mem:          3.8G       3.7G       130M       5.7M        20M       3.2G

MemTotal:        4016004 kB
MemFree:          136452 kB
Active:           370336 kB
Mem:          3.8G       3.7G       132M       5.7M        20M       3.2G

MemTotal:        4016004 kB
MemFree:          134392 kB
Active:           370332 kB
Mem:          3.8G       3.7G       130M       5.7M        20M       3.2G

MemTotal:        4016004 kB
MemFree:          133264 kB
Active:           370348 kB
Mem:          3.8G       3.7G       130M       5.7M        20M       3.2G

MemTotal:        4016004 kB
MemFree:          131728 kB
Active:           370348 kB
Mem:          3.8G       3.7G       128M       5.7M        20M       3.2G

MemTotal:        4016004 kB
MemFree:          130976 kB
Active:           370348 kB
Mem:          3.8G       3.7G       128M       5.7M        20M       3.3G

MemTotal:        4016004 kB
MemFree:          135592 kB
Active:           370360 kB
Mem:          3.8G       3.7G       130M       5.7M        20M       3.2G

MemTotal:        4016004 kB
MemFree:          134484 kB
Active:           370104 kB
Mem:          3.8G       3.7G       128M       5.7M        20M       3.2G

MemTotal:        4016004 kB
MemFree:          140376 kB
Active:           368536 kB
Mem:          3.8G       3.7G       133M       5.7M        20M       3.2G

MemTotal:        4016004 kB
MemFree:          118604 kB
Active:           369496 kB
Mem:          3.8G       3.7G       115M       5.7M        20M       3.3G

MemTotal:        4016004 kB
MemFree:          124508 kB
Active:           369476 kB
Mem:          3.8G       3.7G       118M       5.7M        20M       3.3G

MemTotal:        4016004 kB
MemFree:          137564 kB
Active:           369496 kB
Mem:          3.8G       3.7G       128M       5.7M        20M       3.2G

MemTotal:        4016004 kB
MemFree:          128032 kB
Active:           369532 kB
Mem:          3.8G       3.7G       124M       5.7M        20M       3.3G

MemTotal:        4016004 kB
MemFree:          141380 kB
Active:           369536 kB
Mem:          3.8G       3.7G       138M       5.7M        20M       3.2G

MemTotal:        4016004 kB
MemFree:          140472 kB
Active:           369540 kB
Mem:          3.8G       3.7G       136M       5.7M        20M       3.2G

MemTotal:        4016004 kB
MemFree:          139432 kB
Active:           369536 kB
Mem:          3.8G       3.7G       136M       5.7M        20M       3.2G

MemTotal:        4016004 kB
MemFree:          139560 kB
Active:           369548 kB
Mem:          3.8G       3.7G       136M       5.7M        20M       3.2G

MemTotal:        4016004 kB
MemFree:          105820 kB
Active:           369524 kB
Mem:          3.8G       3.7G       124M       5.7M        20M       3.3G

MemTotal:        4016004 kB
MemFree:          133932 kB
Active:           369160 kB
Mem:          3.8G       3.7G       130M       5.7M        20M       3.2G

MemTotal:        4016004 kB
MemFree:          134280 kB
Active:           369060 kB
Mem:          3.8G       3.7G       129M       5.7M        20M       3.2G

MemTotal:        4016004 kB
MemFree:          146876 kB
Active:           369064 kB
Mem:          3.8G       3.7G       142M       5.7M        20M       3.2G

MemTotal:        4016004 kB
MemFree:          142904 kB
Active:           365996 kB
Mem:          3.8G       3.7G       139M       5.7M        20M       3.2G

MemTotal:        4016004 kB
MemFree:          139640 kB
Active:           365860 kB
Mem:          3.8G       3.7G       134M       5.7M        20M       3.2G

MemTotal:        4016004 kB
MemFree:          132168 kB
Active:           365840 kB
Mem:          3.8G       3.7G       126M       5.7M        20M       3.3G

MemTotal:        4016004 kB
MemFree:          123672 kB
Active:           365836 kB
Mem:          3.8G       3.7G       119M       5.7M        20M       3.3G

MemTotal:        4016004 kB
MemFree:          128036 kB
Active:           365836 kB
Mem:          3.8G       3.7G       124M       5.7M        20M       3.3G

MemTotal:        4016004 kB
MemFree:          145364 kB
Active:           365860 kB
Mem:          3.8G       3.7G       142M       5.7M        20M       3.2G

MemTotal:        4016004 kB
MemFree:          145552 kB
Active:           365872 kB
Mem:          3.8G       3.7G       142M       5.7M        20M       3.2G

MemTotal:        4016004 kB
MemFree:          144996 kB
Active:           365876 kB
Mem:          3.8G       3.7G       141M       5.7M        20M       3.2G

MemTotal:        4016004 kB
MemFree:          133236 kB
Active:           365904 kB
Mem:          3.8G       3.7G       126M       5.7M        20M       3.2G

MemTotal:        4016004 kB
MemFree:          134376 kB
Active:           364920 kB
Mem:          3.8G       3.7G       128M       5.7M        20M       3.2G

MemTotal:        4016004 kB
MemFree:          127400 kB
Active:           364820 kB
Mem:          3.8G       3.7G       120M       5.7M        20M       3.3G

MemTotal:        4016004 kB
MemFree:          146428 kB
Active:           364840 kB
Mem:          3.8G       3.7G       139M       5.7M        20M       3.2G

MemTotal:        4016004 kB
MemFree:          111324 kB
Active:           364840 kB
Mem:          3.8G       3.7G       107M       5.7M        20M       3.3G

MemTotal:        4016004 kB
MemFree:          136912 kB
Active:           364844 kB
Mem:          3.8G       3.7G       133M       5.7M        20M       3.2G

MemTotal:        4016004 kB
MemFree:          127596 kB
Active:           362692 kB
Mem:          3.8G       3.7G       123M       5.7M        20M       3.3G

MemTotal:        4016004 kB
MemFree:          119400 kB
Active:           362580 kB
Mem:          3.8G       3.7G       137M       5.7M        20M       3.2G

MemTotal:        4016004 kB
MemFree:          131712 kB
Active:           362640 kB
Mem:          3.8G       3.7G       127M       5.7M        20M       3.2G

MemTotal:        4016004 kB
MemFree:          145148 kB
Active:           362620 kB
Mem:          3.8G       3.7G       141M       5.7M        20M       3.2G

MemTotal:        4016004 kB
MemFree:          145064 kB
Active:           364632 kB
Mem:          3.8G       3.7G       140M       5.7M        20M       3.2G

MemTotal:        4016004 kB
MemFree:          143204 kB
Active:           364652 kB
Mem:          3.8G       3.7G       139M       5.7M        20M       3.2G

MemTotal:        4016004 kB
MemFree:          143396 kB
Active:           364648 kB
Mem:          3.8G       3.7G       139M       5.7M        20M       3.2G

MemTotal:        4016004 kB
MemFree:          120968 kB
Active:           364152 kB
Mem:          3.8G       3.7G       116M       5.7M        20M       3.3G

MemTotal:        4016004 kB
MemFree:          138412 kB
Active:           363876 kB
Mem:          3.8G       3.7G       133M       5.7M        20M       3.2G

MemTotal:        4016004 kB
MemFree:          116492 kB
Active:           356672 kB
Mem:          3.8G       3.7G       112M       5.7M        20M       3.3G

MemTotal:        4016004 kB
MemFree:          119388 kB
Active:           356672 kB
Mem:          3.8G       3.7G       113M       5.7M        20M       3.3G

MemTotal:        4016004 kB
MemFree:          140520 kB
Active:           356628 kB
Mem:          3.8G       3.7G       136M       5.7M        20M       3.2G

MemTotal:        4016004 kB
MemFree:          128124 kB
Active:           356660 kB
Mem:          3.8G       3.7G       122M       5.7M        20M       3.2G

MemTotal:        4016004 kB
MemFree:          132828 kB
Active:           356692 kB
Mem:          3.8G       3.7G       132M       5.7M        20M       3.2G

MemTotal:        4016004 kB
MemFree:          120688 kB
Active:           356684 kB
Mem:          3.8G       3.7G       116M       5.7M        20M       3.3G

MemTotal:        4016004 kB
MemFree:          140804 kB
Active:           354720 kB
Mem:          3.8G       3.7G       137M       5.7M        20M       3.2G

MemTotal:        4016004 kB
MemFree:          138628 kB
Active:           354732 kB
Mem:          3.8G       3.7G       135M       5.7M        20M       3.2G

MemTotal:        4016004 kB
MemFree:          138412 kB
Active:           354736 kB
Mem:          3.8G       3.7G       135M       5.7M        20M       3.2G

MemTotal:        4016004 kB
MemFree:          138256 kB
Active:           354732 kB
Mem:          3.8G       3.7G       134M       5.7M        21M       3.2G

MemTotal:        4016004 kB
MemFree:          127444 kB
Active:           354724 kB
Mem:          3.8G       3.7G       121M       5.7M        21M       3.3G

MemTotal:        4016004 kB
MemFree:          146024 kB
Active:           354688 kB
Mem:          3.8G       3.7G       141M       5.7M        21M       3.2G

MemTotal:        4016004 kB
MemFree:          138388 kB
Active:           354744 kB
Mem:          3.8G       3.7G       141M       5.7M        21M       3.2G

MemTotal:        4016004 kB
MemFree:          123132 kB
Active:           352436 kB
Mem:          3.8G       3.7G       120M       5.7M        21M       3.2G

MemTotal:        4016004 kB
MemFree:          126568 kB
Active:           353724 kB
Mem:          3.8G       3.7G       122M       5.7M        21M       3.2G

MemTotal:        4016004 kB
MemFree:          105408 kB
Active:           353716 kB
Mem:          3.8G       3.7G       124M       5.7M        21M       3.2G

MemTotal:        4016004 kB
MemFree:          126908 kB
Active:           353576 kB
Mem:          3.8G       3.7G       123M       5.7M        21M       3.2G

MemTotal:        4016004 kB
MemFree:          136692 kB
Active:           353596 kB
Mem:          3.8G       3.7G       133M       5.7M        21M       3.2G

MemTotal:        4016004 kB
MemFree:          136692 kB
Active:           353640 kB
Mem:          3.8G       3.7G       133M       5.7M        21M       3.2G

MemTotal:        4016004 kB
MemFree:          135384 kB
Active:           353612 kB
Mem:          3.8G       3.7G       131M       5.7M        21M       3.2G

MemTotal:        4016004 kB
MemFree:          134284 kB
Active:           353640 kB
Mem:          3.8G       3.7G       131M       5.7M        21M       3.2G

MemTotal:        4016004 kB
MemFree:          133236 kB
Active:           353648 kB
Mem:          3.8G       3.7G       130M       5.7M        21M       3.2G

MemTotal:        4016004 kB
MemFree:          130564 kB
Active:           353652 kB
Mem:          3.8G       3.7G       129M       5.7M        21M       3.2G

MemTotal:        4016004 kB
MemFree:          126436 kB
Active:           353536 kB
Mem:          3.8G       3.7G       121M       5.7M        21M       3.2G

MemTotal:        4016004 kB
MemFree:          129588 kB
Active:           351180 kB
Mem:          3.8G       3.7G       123M       5.7M        21M       3.2G

MemTotal:        4016004 kB
MemFree:          134248 kB
Active:           351204 kB
Mem:          3.8G       3.7G       130M       5.7M        21M       3.2G

MemTotal:        4016004 kB
MemFree:          131900 kB
Active:           351204 kB
Mem:          3.8G       3.7G       128M       5.7M        21M       3.2G

MemTotal:        4016004 kB
MemFree:          115672 kB
Active:           351196 kB
Mem:          3.8G       3.7G       110M       5.7M        21M       3.3G

MemTotal:        4016004 kB
MemFree:          133088 kB
Active:           351204 kB
Mem:          3.8G       3.7G       129M       5.7M        21M       3.2G

MemTotal:        4016004 kB
MemFree:          139328 kB
Active:           351216 kB
Mem:          3.8G       3.7G       136M       5.7M        21M       3.2G

MemTotal:        4016004 kB
MemFree:          139068 kB
Active:           351184 kB
Mem:          3.8G       3.7G       135M       5.7M        21M       3.2G

MemTotal:        4016004 kB
MemFree:          138192 kB
Active:           351232 kB
Mem:          3.8G       3.7G       134M       5.7M        21M       3.2G

MemTotal:        4016004 kB
MemFree:          136380 kB
Active:           351232 kB
Mem:          3.8G       3.7G       132M       5.7M        21M       3.2G

MemTotal:        4016004 kB
MemFree:          136636 kB
Active:           351236 kB
Mem:          3.8G       3.7G       133M       5.7M        21M       3.2G

MemTotal:        4016004 kB
MemFree:          139484 kB
Active:           351248 kB
Mem:          3.8G       3.7G       133M       5.7M        21M       3.2G

MemTotal:        4016004 kB
MemFree:          129156 kB
Active:           348736 kB
Mem:          3.8G       3.7G       123M       5.7M        21M       3.2G

MemTotal:        4016004 kB
MemFree:          124280 kB
Active:           348740 kB
Mem:          3.8G       3.7G       119M       5.7M        21M       3.2G

MemTotal:        4016004 kB
MemFree:          125316 kB
Active:           348612 kB
Mem:          3.8G       3.7G       121M       5.7M        21M       3.2G

MemTotal:        4016004 kB
MemFree:          124616 kB
Active:           348620 kB
Mem:          3.8G       3.7G       120M       5.7M        21M       3.2G

MemTotal:        4016004 kB
MemFree:          141308 kB
Active:           348584 kB
Mem:          3.8G       3.7G       137M       5.7M        21M       3.2G

MemTotal:        4016004 kB
MemFree:          136420 kB
Active:           348620 kB
Mem:          3.8G       3.7G       133M       5.7M        21M       3.2G

MemTotal:        4016004 kB
MemFree:          111916 kB
Active:           348620 kB
Mem:          3.8G       3.7G       108M       5.7M        21M       3.3G

MemTotal:        4016004 kB
MemFree:          110228 kB
Active:           348636 kB
Mem:          3.8G       3.7G       107M       5.7M        21M       3.3G

MemTotal:        4016004 kB
MemFree:          109604 kB
Active:           348648 kB
Mem:          3.8G       3.7G       107M       5.7M        21M       3.3G

MemTotal:        4016004 kB
MemFree:          109856 kB
Active:           348628 kB
Mem:          3.8G       3.7G       106M       5.7M        21M       3.3G

MemTotal:        4016004 kB
MemFree:          107676 kB
Active:           348628 kB
Mem:          3.8G       3.7G       105M       5.7M        21M       3.3G

MemTotal:        4016004 kB
MemFree:          141544 kB
Active:           345416 kB
Mem:          3.8G       3.7G       133M       5.7M        21M       3.2G

MemTotal:        4016004 kB
MemFree:          119028 kB
Active:           345432 kB
Mem:          3.8G       3.7G       115M       5.7M        21M       3.3G

MemTotal:        4016004 kB
MemFree:          108652 kB
Active:           345444 kB
Mem:          3.8G       3.7G       106M       5.7M        21M       3.3G

MemTotal:        4016004 kB
MemFree:          118212 kB
Active:           345452 kB
Mem:          3.8G       3.7G       114M       5.7M        21M       3.3G

MemTotal:        4016004 kB
MemFree:          132848 kB
Active:           345452 kB
Mem:          3.8G       3.7G       129M       5.7M        21M       3.2G

MemTotal:        4016004 kB
MemFree:          134532 kB
Active:           345448 kB
Mem:          3.8G       3.7G       128M       5.7M        21M       3.2G

MemTotal:        4016004 kB
MemFree:          137528 kB
Active:           345468 kB
Mem:          3.8G       3.7G       134M       5.7M        21M       3.2G

MemTotal:        4016004 kB
MemFree:          110652 kB
Active:           345432 kB
Mem:          3.8G       3.7G       108M       5.7M        21M       3.3G

MemTotal:        4016004 kB
MemFree:          110988 kB
Active:           345476 kB
Mem:          3.8G       3.7G       108M       5.7M        21M       3.3G

MemTotal:        4016004 kB
MemFree:          110660 kB
Active:           345476 kB
Mem:          3.8G       3.7G       108M       5.7M        21M       3.3G

MemTotal:        4016004 kB
MemFree:          108960 kB
Active:           345464 kB
Mem:          3.8G       3.7G       106M       5.7M        21M       3.3G

MemTotal:        4016004 kB
MemFree:          119656 kB
Active:           345488 kB
Mem:          3.8G       3.7G       115M       5.7M        21M       3.3G

MemTotal:        4016004 kB
MemFree:          125864 kB
Active:           345356 kB
Mem:          3.8G       3.7G       121M       5.7M        21M       3.2G

MemTotal:        4016004 kB
MemFree:          132676 kB
Active:           345376 kB
Mem:          3.8G       3.7G       128M       5.7M        21M       3.2G

MemTotal:        4016004 kB
MemFree:          116812 kB
Active:           345376 kB
Mem:          3.8G       3.7G       113M       5.7M        21M       3.3G

MemTotal:        4016004 kB
MemFree:          109296 kB
Active:           345076 kB
Mem:          3.8G       3.7G       106M       5.7M        21M       3.3G

MemTotal:        4016004 kB
MemFree:          109048 kB
Active:           345068 kB
Mem:          3.8G       3.7G       106M       5.7M        21M       3.3G

MemTotal:        4016004 kB
MemFree:          107124 kB
Active:           345044 kB
Mem:          3.8G       3.7G       104M       5.7M        21M       3.3G

MemTotal:        4016004 kB
MemFree:          107496 kB
Active:           347084 kB
Mem:          3.8G       3.7G       105M       5.7M        21M       3.3G

MemTotal:        4016004 kB
MemFree:          107480 kB
Active:           347108 kB
Mem:          3.8G       3.7G       104M       5.7M        21M       3.3G

MemTotal:        4016004 kB
MemFree:          107108 kB
Active:           347100 kB
Mem:          3.8G       3.7G       104M       5.7M        21M       3.3G

MemTotal:        4016004 kB
MemFree:          107108 kB
Active:           347120 kB
Mem:          3.8G       3.7G       104M       5.7M        21M       3.3G

MemTotal:        4016004 kB
MemFree:          107268 kB
Active:           347128 kB
Mem:          3.8G       3.7G       104M       5.7M        21M       3.3G

MemTotal:        4016004 kB
MemFree:          107428 kB
Active:           347128 kB
Mem:          3.8G       3.7G       104M       5.7M        21M       3.3G

MemTotal:        4016004 kB
MemFree:          107428 kB
Active:           347096 kB
Mem:          3.8G       3.7G       105M       5.7M        21M       3.3G

MemTotal:        4016004 kB
MemFree:          107552 kB
Active:           347128 kB
Mem:          3.8G       3.7G       104M       5.7M        21M       3.3G

MemTotal:        4016004 kB
MemFree:          107428 kB
Active:           347100 kB
Mem:          3.8G       3.7G       104M       5.7M        21M       3.3G

MemTotal:        4016004 kB
MemFree:          107180 kB
Active:           347140 kB
Mem:          3.8G       3.7G       104M       5.7M        21M       3.3G

MemTotal:        4016004 kB
MemFree:          107428 kB
Active:           347108 kB
Mem:          3.8G       3.7G       104M       5.7M        21M       3.3G

MemTotal:        4016004 kB
MemFree:          107552 kB
Active:           347136 kB
Mem:          3.8G       3.7G       104M       5.7M        21M       3.3G

MemTotal:        4016004 kB
MemFree:          107056 kB
Active:           347148 kB
Mem:          3.8G       3.7G       104M       5.7M        21M       3.3G

MemTotal:        4016004 kB
MemFree:          107056 kB
Active:           347128 kB
Mem:          3.8G       3.7G       104M       5.7M        21M       3.3G

MemTotal:        4016004 kB
MemFree:          107056 kB
Active:           347116 kB
Mem:          3.8G       3.7G       104M       5.7M        21M       3.3G

MemTotal:        4016004 kB
MemFree:          107180 kB
Active:           347140 kB
Mem:          3.8G       3.7G       104M       5.7M        21M       3.3G

MemTotal:        4016004 kB
MemFree:          107180 kB
Active:           347152 kB
Mem:          3.8G       3.7G       104M       5.7M        21M       3.3G

MemTotal:        4016004 kB
MemFree:          107180 kB
Active:           347132 kB
Mem:          3.8G       3.7G       104M       5.7M        21M       3.3G

MemTotal:        4016004 kB
MemFree:          107180 kB
Active:           347104 kB
Mem:          3.8G       3.7G       104M       5.7M        21M       3.3G

MemTotal:        4016004 kB
MemFree:          107056 kB
Active:           347144 kB
Mem:          3.8G       3.7G       104M       5.7M        21M       3.3G

MemTotal:        4016004 kB
MemFree:          107056 kB
Active:           347120 kB
Mem:          3.8G       3.7G       104M       5.7M        21M       3.3G

MemTotal:        4016004 kB
MemFree:          107056 kB
Active:           347128 kB
Mem:          3.8G       3.7G       104M       5.7M        21M       3.3G

MemTotal:        4016004 kB
MemFree:          107056 kB
Active:           347168 kB
Mem:          3.8G       3.7G       104M       5.7M        21M       3.3G

MemTotal:        4016004 kB
MemFree:          107304 kB
Active:           347140 kB
Mem:          3.8G       3.7G       104M       5.7M        21M       3.3G

MemTotal:        4016004 kB
MemFree:          107428 kB
Active:           347152 kB
Mem:          3.8G       3.7G       104M       5.7M        21M       3.3G

MemTotal:        4016004 kB
MemFree:          107428 kB
Active:           347168 kB
Mem:          3.8G       3.7G       104M       5.7M        21M       3.3G

MemTotal:        4016004 kB
MemFree:          107428 kB
Active:           347160 kB
Mem:          3.8G       3.7G       104M       5.7M        21M       3.3G

MemTotal:        4016004 kB
MemFree:          107428 kB
Active:           347168 kB
Mem:          3.8G       3.7G       104M       5.7M        21M       3.3G

MemTotal:        4016004 kB
MemFree:          107180 kB
Active:           347120 kB
Mem:          3.8G       3.7G       104M       5.7M        21M       3.3G

MemTotal:        4016004 kB
MemFree:          107056 kB
Active:           347112 kB
Mem:          3.8G       3.7G       104M       5.7M        21M       3.3G

MemTotal:        4016004 kB
MemFree:          107180 kB
Active:           347156 kB
Mem:          3.8G       3.7G       104M       5.7M        21M       3.3G

MemTotal:        4016004 kB
MemFree:          106808 kB
Active:           347176 kB
Mem:          3.8G       3.7G       104M       5.7M        21M       3.3G

MemTotal:        4016004 kB
MemFree:          107056 kB
Active:           347156 kB
Mem:          3.8G       3.7G       104M       5.7M        21M       3.3G

MemTotal:        4016004 kB
MemFree:          107056 kB
Active:           347148 kB
Mem:          3.8G       3.7G       104M       5.7M        21M       3.3G

MemTotal:        4016004 kB
MemFree:          107428 kB
Active:           347180 kB
Mem:          3.8G       3.7G       104M       5.7M        21M       3.3G

MemTotal:        4016004 kB
MemFree:          107304 kB
Active:           347152 kB
Mem:          3.8G       3.7G       104M       5.7M        21M       3.3G

MemTotal:        4016004 kB
MemFree:          107428 kB
Active:           347176 kB
Mem:          3.8G       3.7G       104M       5.7M        21M       3.3G

MemTotal:        4016004 kB
MemFree:          107428 kB
Active:           347168 kB
Mem:          3.8G       3.7G       104M       5.7M        21M       3.3G

MemTotal:        4016004 kB
MemFree:          107428 kB
Active:           347160 kB
Mem:          3.8G       3.7G       104M       5.7M        21M       3.3G

MemTotal:        4016004 kB
MemFree:          107304 kB
Active:           347188 kB
Mem:          3.8G       3.7G       104M       5.7M        21M       3.3G

MemTotal:        4016004 kB
MemFree:          106932 kB
Active:           347188 kB
Mem:          3.8G       3.7G       104M       5.7M        21M       3.3G

MemTotal:        4016004 kB
MemFree:          107056 kB
Active:           347176 kB
Mem:          3.8G       3.7G       104M       5.7M        21M       3.3G

MemTotal:        4016004 kB
MemFree:          106932 kB
Active:           347160 kB
Mem:          3.8G       3.7G       104M       5.7M        21M       3.3G

MemTotal:        4016004 kB
MemFree:          106808 kB
Active:           347180 kB
Mem:          3.8G       3.7G       104M       5.7M        21M       3.3G

MemTotal:        4016004 kB
MemFree:          106904 kB
Active:           347140 kB
Mem:          3.8G       3.7G       104M       5.7M        21M       3.3G

MemTotal:        4016004 kB
MemFree:          107028 kB
Active:           347152 kB
Mem:          3.8G       3.7G       104M       5.7M        21M       3.3G

MemTotal:        4016004 kB
MemFree:          107028 kB
Active:           347140 kB
Mem:          3.8G       3.7G       104M       5.7M        21M       3.3G

MemTotal:        4016004 kB
MemFree:          107124 kB
Active:           347160 kB
Mem:          3.8G       3.7G       104M       5.7M        21M       3.3G

MemTotal:        4016004 kB
MemFree:          107124 kB
Active:           347156 kB
Mem:          3.8G       3.7G       104M       5.7M        21M       3.3G

MemTotal:        4016004 kB
MemFree:          107124 kB
Active:           347172 kB
Mem:          3.8G       3.7G       104M       5.7M        21M       3.3G

MemTotal:        4016004 kB
MemFree:          107248 kB
Active:           347164 kB
Mem:          3.8G       3.7G       104M       5.7M        21M       3.3G

MemTotal:        4016004 kB
MemFree:          107372 kB
Active:           347160 kB
Mem:          3.8G       3.7G       104M       5.7M        21M       3.3G

MemTotal:        4016004 kB
MemFree:          107372 kB
Active:           347188 kB
Mem:          3.8G       3.7G       104M       5.7M        21M       3.3G

MemTotal:        4016004 kB
MemFree:          107372 kB
Active:           347152 kB
Mem:          3.8G       3.7G       104M       5.7M        21M       3.3G

MemTotal:        4016004 kB
MemFree:          107372 kB
Active:           347176 kB
Mem:          3.8G       3.7G       104M       5.7M        21M       3.3G

MemTotal:        4016004 kB
MemFree:          107496 kB
Active:           347168 kB
Mem:          3.8G       3.7G       104M       5.7M        21M       3.3G

MemTotal:        4016004 kB
MemFree:          107000 kB
Active:           347160 kB
Mem:          3.8G       3.7G       104M       5.7M        21M       3.3G

MemTotal:        4016004 kB
MemFree:          106628 kB
Active:           347208 kB
Mem:          3.8G       3.7G       104M       5.7M        21M       3.3G

MemTotal:        4016004 kB
MemFree:          107000 kB
Active:           347172 kB
Mem:          3.8G       3.7G       104M       5.7M        21M       3.3G

MemTotal:        4016004 kB
MemFree:          106876 kB
Active:           347168 kB
Mem:          3.8G       3.7G       104M       5.7M        21M       3.3G

MemTotal:        4016004 kB
MemFree:          107124 kB
Active:           347180 kB
Mem:          3.8G       3.7G       104M       5.7M        21M       3.3G

MemTotal:        4016004 kB
MemFree:          107372 kB
Active:           347212 kB
Mem:          3.8G       3.7G       104M       5.7M        21M       3.3G

MemTotal:        4016004 kB
MemFree:          107496 kB
Active:           347224 kB
Mem:          3.8G       3.7G       104M       5.7M        21M       3.3G

MemTotal:        4016004 kB
MemFree:          107000 kB
Active:           347216 kB
Mem:          3.8G       3.7G       104M       5.7M        21M       3.3G

MemTotal:        4016004 kB
MemFree:          107000 kB
Active:           347216 kB
Mem:          3.8G       3.7G       104M       5.7M        21M       3.3G

MemTotal:        4016004 kB
MemFree:          107248 kB
Active:           347168 kB
Mem:          3.8G       3.7G       105M       5.7M        21M       3.3G

MemTotal:        4016004 kB
MemFree:          107496 kB
Active:           347208 kB
Mem:          3.8G       3.7G       104M       5.7M        21M       3.3G

MemTotal:        4016004 kB
MemFree:          107496 kB
Active:           347232 kB
Mem:          3.8G       3.7G       104M       5.7M        21M       3.3G

MemTotal:        4016004 kB
MemFree:          107620 kB
Active:           347224 kB
Mem:          3.8G       3.7G       105M       5.7M        21M       3.3G

MemTotal:        4016004 kB
MemFree:          107372 kB
Active:           347224 kB
Mem:          3.8G       3.7G       104M       5.7M        21M       3.3G

MemTotal:        4016004 kB
MemFree:          107372 kB
Active:           347232 kB
Mem:          3.8G       3.7G       104M       5.7M        21M       3.3G

MemTotal:        4016004 kB
MemFree:          107372 kB
Active:           347200 kB
Mem:          3.8G       3.7G       104M       5.7M        21M       3.3G

MemTotal:        4016004 kB
MemFree:          107372 kB
Active:           347204 kB
Mem:          3.8G       3.7G       104M       5.7M        21M       3.3G

MemTotal:        4016004 kB
MemFree:          107248 kB
Active:           347204 kB
Mem:          3.8G       3.7G       104M       5.7M        21M       3.3G

MemTotal:        4016004 kB
MemFree:          107124 kB
Active:           347212 kB
Mem:          3.8G       3.7G       104M       5.7M        21M       3.3G

MemTotal:        4016004 kB
MemFree:          107124 kB
Active:           347240 kB
Mem:          3.8G       3.7G       104M       5.7M        21M       3.3G

MemTotal:        4016004 kB
MemFree:          107124 kB
Active:           347236 kB
Mem:          3.8G       3.7G       104M       5.7M        21M       3.3G

MemTotal:        4016004 kB
MemFree:          107124 kB
Active:           347232 kB
Mem:          3.8G       3.7G       104M       5.7M        21M       3.3G

MemTotal:        4016004 kB
MemFree:          107000 kB
Active:           347228 kB
Mem:          3.8G       3.7G       104M       5.7M        21M       3.3G

MemTotal:        4016004 kB
MemFree:          107124 kB
Active:           347248 kB
Mem:          3.8G       3.7G       104M       5.7M        21M       3.3G

MemTotal:        4016004 kB
MemFree:          107124 kB
Active:           347224 kB
Mem:          3.8G       3.7G       104M       5.7M        21M       3.3G

MemTotal:        4016004 kB
MemFree:          107124 kB
Active:           347196 kB
Mem:          3.8G       3.7G       104M       5.7M        21M       3.3G

MemTotal:        4016004 kB
MemFree:          107000 kB
Active:           347212 kB
Mem:          3.8G       3.7G       104M       5.7M        21M       3.3G

MemTotal:        4016004 kB
MemFree:          107000 kB
Active:           347212 kB
Mem:          3.8G       3.7G       104M       5.7M        21M       3.3G

MemTotal:        4016004 kB
MemFree:          107124 kB
Active:           347244 kB
Mem:          3.8G       3.7G       104M       5.7M        21M       3.3G

MemTotal:        4016004 kB
MemFree:          107124 kB
Active:           347252 kB
Mem:          3.8G       3.7G       104M       5.7M        21M       3.3G

MemTotal:        4016004 kB
MemFree:          107000 kB
Active:           347212 kB
Mem:          3.8G       3.7G       104M       5.7M        21M       3.3G

MemTotal:        4016004 kB
MemFree:          106628 kB
Active:           347256 kB
Mem:          3.8G       3.7G       104M       5.7M        21M       3.3G

MemTotal:        4016004 kB
MemFree:          107000 kB
Active:           347216 kB
Mem:          3.8G       3.7G       104M       5.7M        21M       3.3G

MemTotal:        4016004 kB
MemFree:          106876 kB
Active:           347224 kB
Mem:          3.8G       3.7G       104M       5.7M        21M       3.3G

MemTotal:        4016004 kB
MemFree:          107000 kB
Active:           347264 kB
Mem:          3.8G       3.7G       104M       5.7M        21M       3.3G

MemTotal:        4016004 kB
MemFree:          107000 kB
Active:           347260 kB
Mem:          3.8G       3.7G       104M       5.7M        21M       3.3G

MemTotal:        4016004 kB
MemFree:          107000 kB
Active:           347228 kB
Mem:          3.8G       3.7G       104M       5.7M        21M       3.3G

MemTotal:        4016004 kB
MemFree:          107000 kB
Active:           347240 kB
Mem:          3.8G       3.7G       104M       5.7M        21M       3.3G

MemTotal:        4016004 kB
MemFree:          107000 kB
Active:           347256 kB
Mem:          3.8G       3.7G       104M       5.7M        21M       3.3G

MemTotal:        4016004 kB
MemFree:          107000 kB
Active:           347264 kB
Mem:          3.8G       3.7G       104M       5.7M        21M       3.3G

MemTotal:        4016004 kB
MemFree:          107000 kB
Active:           347268 kB
Mem:          3.8G       3.7G       104M       5.7M        21M       3.3G

MemTotal:        4016004 kB
MemFree:          106876 kB
Active:           347240 kB
Mem:          3.8G       3.7G       104M       5.7M        21M       3.3G

MemTotal:        4016004 kB
MemFree:          107000 kB
Active:           347256 kB
Mem:          3.8G       3.7G       104M       5.7M        21M       3.3G

MemTotal:        4016004 kB
MemFree:          107000 kB
Active:           347248 kB
Mem:          3.8G       3.7G       104M       5.7M        21M       3.3G

MemTotal:        4016004 kB
MemFree:          106504 kB
Active:           347284 kB
Mem:          3.8G       3.7G       104M       5.7M        21M       3.3G

MemTotal:        4016004 kB
MemFree:          106876 kB
Active:           347260 kB
Mem:          3.8G       3.7G       104M       5.7M        21M       3.3G

MemTotal:        4016004 kB
MemFree:          107000 kB
Active:           347272 kB
Mem:          3.8G       3.7G       104M       5.7M        21M       3.3G

MemTotal:        4016004 kB
MemFree:          106628 kB
Active:           347296 kB
Mem:          3.8G       3.7G       104M       5.7M        21M       3.3G

MemTotal:        4016004 kB
MemFree:          107000 kB
Active:           347280 kB
Mem:          3.8G       3.7G       104M       5.7M        21M       3.3G

MemTotal:        4016004 kB
MemFree:          107000 kB
Active:           347288 kB
Mem:          3.8G       3.7G       104M       5.7M        21M       3.3G

MemTotal:        4016004 kB
MemFree:          107000 kB
Active:           347248 kB
Mem:          3.8G       3.7G       104M       5.7M        21M       3.3G

MemTotal:        4016004 kB
MemFree:          106876 kB
Active:           347288 kB
Mem:          3.8G       3.7G       104M       5.7M        21M       3.3G

MemTotal:        4016004 kB
MemFree:          106876 kB
Active:           347260 kB
Mem:          3.8G       3.7G       104M       5.7M        21M       3.3G

MemTotal:        4016004 kB
MemFree:          106876 kB
Active:           347272 kB
Mem:          3.8G       3.7G       104M       5.7M        21M       3.3G

MemTotal:        4016004 kB
MemFree:          107000 kB
Active:           347296 kB
Mem:          3.8G       3.7G       104M       5.7M        21M       3.3G

MemTotal:        4016004 kB
MemFree:          107000 kB
Active:           347296 kB
Mem:          3.8G       3.7G       104M       5.7M        21M       3.3G

MemTotal:        4016004 kB
MemFree:          106876 kB
Active:           347272 kB
Mem:          3.8G       3.7G       104M       5.7M        21M       3.3G

MemTotal:        4016004 kB
MemFree:          106876 kB
Active:           347288 kB
Mem:          3.8G       3.7G       104M       5.7M        21M       3.3G

MemTotal:        4016004 kB
MemFree:          106876 kB
Active:           347312 kB
Mem:          3.8G       3.7G       104M       5.7M        21M       3.3G

MemTotal:        4016004 kB
MemFree:          106876 kB
Active:           347296 kB
Mem:          3.8G       3.7G       104M       5.7M        21M       3.3G

MemTotal:        4016004 kB
MemFree:          106752 kB
Active:           347288 kB
Mem:          3.8G       3.7G       104M       5.7M        21M       3.3G

MemTotal:        4016004 kB
MemFree:          107000 kB
Active:           347324 kB
Mem:          3.8G       3.7G       104M       5.7M        21M       3.3G

MemTotal:        4016004 kB
MemFree:          106876 kB
Active:           347304 kB
Mem:          3.8G       3.7G       104M       5.7M        21M       3.3G

MemTotal:        4016004 kB
MemFree:          106876 kB
Active:           347320 kB
Mem:          3.8G       3.7G       104M       5.7M        21M       3.3G

MemTotal:        4016004 kB
MemFree:          106876 kB
Active:           347292 kB
Mem:          3.8G       3.7G       104M       5.7M        21M       3.3G

MemTotal:        4016004 kB
MemFree:          106380 kB
Active:           347332 kB
Mem:          3.8G       3.7G       104M       5.7M        21M       3.3G

MemTotal:        4016004 kB
MemFree:          106380 kB
Active:           347332 kB
Mem:          3.8G       3.7G       104M       5.7M        21M       3.3G

MemTotal:        4016004 kB
MemFree:          106752 kB
Active:           347332 kB
Mem:          3.8G       3.7G       104M       5.7M        21M       3.3G

MemTotal:        4016004 kB
MemFree:          106768 kB
Active:           347332 kB
Mem:          3.8G       3.7G       104M       5.7M        21M       3.3G

MemTotal:        4016004 kB
MemFree:          106768 kB
Active:           347340 kB
Mem:          3.8G       3.7G       104M       5.7M        21M       3.3G

MemTotal:        4016004 kB
MemFree:          106768 kB
Active:           347292 kB
Mem:          3.8G       3.7G       104M       5.7M        21M       3.3G

MemTotal:        4016004 kB
MemFree:          106768 kB
Active:           347320 kB
Mem:          3.8G       3.7G       104M       5.7M        21M       3.3G

MemTotal:        4016004 kB
MemFree:          106876 kB
Active:           347308 kB
Mem:          3.8G       3.7G       104M       5.7M        21M       3.3G

MemTotal:        4016004 kB
MemFree:          106752 kB
Active:           347332 kB
Mem:          3.8G       3.7G       104M       5.7M        21M       3.3G

MemTotal:        4016004 kB
MemFree:          106752 kB
Active:           347336 kB
Mem:          3.8G       3.7G       104M       5.7M        21M       3.3G

MemTotal:        4016004 kB
MemFree:          106380 kB
Active:           347356 kB
Mem:          3.8G       3.7G       104M       5.7M        21M       3.3G

MemTotal:        4016004 kB
MemFree:          106752 kB
Active:           347348 kB
Mem:          3.8G       3.7G       104M       5.7M        21M       3.3G

MemTotal:        4016004 kB
MemFree:          106628 kB
Active:           347316 kB
Mem:          3.8G       3.7G       104M       5.7M        21M       3.3G

MemTotal:        4016004 kB
MemFree:          106752 kB
Active:           347332 kB
Mem:          3.8G       3.7G       104M       5.7M        21M       3.3G

MemTotal:        4016004 kB
MemFree:          106752 kB
Active:           347328 kB
Mem:          3.8G       3.7G       104M       5.7M        21M       3.3G

MemTotal:        4016004 kB
MemFree:          106752 kB
Active:           347364 kB
Mem:          3.8G       3.7G       104M       5.7M        21M       3.3G

MemTotal:        4016004 kB
MemFree:          106752 kB
Active:           347336 kB
Mem:          3.8G       3.7G       104M       5.7M        21M       3.3G

MemTotal:        4016004 kB
MemFree:          106752 kB
Active:           347332 kB
Mem:          3.8G       3.7G       104M       5.7M        21M       3.3G

MemTotal:        4016004 kB
MemFree:          106752 kB
Active:           347328 kB
Mem:          3.8G       3.7G       104M       5.7M        21M       3.3G

MemTotal:        4016004 kB
MemFree:          106752 kB
Active:           347344 kB
Mem:          3.8G       3.7G       104M       5.7M        21M       3.3G

MemTotal:        4016004 kB
MemFree:          106752 kB
Active:           347332 kB
Mem:          3.8G       3.7G       104M       5.7M        21M       3.3G

MemTotal:        4016004 kB
MemFree:          106628 kB
Active:           347452 kB
Mem:          3.8G       3.7G       104M       5.7M        21M       3.3G

MemTotal:        4016004 kB
MemFree:          106628 kB
Active:           347460 kB
Mem:          3.8G       3.7G       104M       5.7M        21M       3.3G

MemTotal:        4016004 kB
MemFree:          106628 kB
Active:           347464 kB
Mem:          3.8G       3.7G       104M       5.7M        21M       3.3G

MemTotal:        4016004 kB
MemFree:          106488 kB
Active:           347452 kB
Mem:          3.8G       3.7G       103M       5.7M        21M       3.3G

MemTotal:        4016004 kB
MemFree:          106612 kB
Active:           347480 kB
Mem:          3.8G       3.7G       104M       5.7M        21M       3.3G

MemTotal:        4016004 kB
MemFree:          106240 kB
Active:           347480 kB
Mem:          3.8G       3.7G       104M       5.7M        21M       3.3G

MemTotal:        4016004 kB
MemFree:          106364 kB
Active:           347488 kB
Mem:          3.8G       3.7G       104M       5.7M        21M       3.3G

MemTotal:        4016004 kB
MemFree:          106612 kB
Active:           347436 kB
Mem:          3.8G       3.7G       104M       5.7M        21M       3.3G

MemTotal:        4016004 kB
MemFree:          106736 kB
Active:           347456 kB
Mem:          3.8G       3.7G       104M       5.7M        21M       3.3G

MemTotal:        4016004 kB
MemFree:          106612 kB
Active:           347456 kB
Mem:          3.8G       3.7G       104M       5.7M        21M       3.3G

MemTotal:        4016004 kB
MemFree:          106612 kB
Active:           347476 kB
Mem:          3.8G       3.7G       104M       5.7M        21M       3.3G

MemTotal:        4016004 kB
MemFree:          106736 kB
Active:           347468 kB
Mem:          3.8G       3.7G       104M       5.7M        21M       3.3G

MemTotal:        4016004 kB
MemFree:          106736 kB
Active:           347484 kB
Mem:          3.8G       3.7G       104M       5.7M        21M       3.3G

MemTotal:        4016004 kB
MemFree:          106364 kB
Active:           347492 kB
Mem:          3.8G       3.7G       104M       5.7M        21M       3.3G

MemTotal:        4016004 kB
MemFree:          106736 kB
Active:           347484 kB
Mem:          3.8G       3.7G       104M       5.7M        21M       3.3G

MemTotal:        4016004 kB
MemFree:          106364 kB
Active:           347492 kB
Mem:          3.8G       3.7G       103M       5.7M        21M       3.3G

MemTotal:        4016004 kB
MemFree:          106612 kB
Active:           347440 kB
Mem:          3.8G       3.7G       104M       5.7M        21M       3.3G

MemTotal:        4016004 kB
MemFree:          106612 kB
Active:           347500 kB
Mem:          3.8G       3.7G       104M       5.7M        21M       3.3G

MemTotal:        4016004 kB
MemFree:          106612 kB
Active:           347456 kB
Mem:          3.8G       3.7G       104M       5.7M        21M       3.3G

MemTotal:        4016004 kB
MemFree:          106752 kB
Active:           347496 kB
Mem:          3.8G       3.7G       104M       5.7M        21M       3.3G

MemTotal:        4016004 kB
MemFree:          106628 kB
Active:           347484 kB
Mem:          3.8G       3.7G       104M       5.7M        21M       3.3G

MemTotal:        4016004 kB
MemFree:          106744 kB
Active:           347464 kB
Mem:          3.8G       3.7G       104M       5.7M        21M       3.3G

MemTotal:        4016004 kB
MemFree:          106620 kB
Active:           347448 kB
Mem:          3.8G       3.7G       104M       5.7M        21M       3.3G

MemTotal:        4016004 kB
MemFree:          106620 kB
Active:           347500 kB
Mem:          3.8G       3.7G       104M       5.7M        21M       3.3G

MemTotal:        4016004 kB
MemFree:          106620 kB
Active:           347472 kB
Mem:          3.8G       3.7G       104M       5.7M        21M       3.3G

MemTotal:        4016004 kB
MemFree:          106620 kB
Active:           347468 kB
Mem:          3.8G       3.7G       104M       5.7M        21M       3.3G

MemTotal:        4016004 kB
MemFree:          106620 kB
Active:           347500 kB
Mem:          3.8G       3.7G       104M       5.7M        21M       3.3G

MemTotal:        4016004 kB
MemFree:          106620 kB
Active:           347480 kB
Mem:          3.8G       3.7G       104M       5.7M        21M       3.3G

MemTotal:        4016004 kB
MemFree:          106620 kB
Active:           347496 kB
Mem:          3.8G       3.7G       103M       5.7M        21M       3.3G

MemTotal:        4016004 kB
MemFree:          106496 kB
Active:           347488 kB
Mem:          3.8G       3.7G       104M       5.7M        21M       3.3G

MemTotal:        4016004 kB
MemFree:          106496 kB
Active:           347508 kB
Mem:          3.8G       3.7G       104M       5.7M        21M       3.3G

MemTotal:        4016004 kB
MemFree:          106620 kB
Active:           347472 kB
Mem:          3.8G       3.7G       104M       5.7M        21M       3.3G

MemTotal:        4016004 kB
MemFree:          106496 kB
Active:           347484 kB
Mem:          3.8G       3.7G       104M       5.7M        21M       3.3G

MemTotal:        4016004 kB
MemFree:          106496 kB
Active:           347488 kB
Mem:          3.8G       3.7G       103M       5.7M        21M       3.3G

MemTotal:        4016004 kB
MemFree:          106496 kB
Active:           347492 kB
Mem:          3.8G       3.7G       104M       5.7M        21M       3.3G

MemTotal:        4016004 kB
MemFree:          106620 kB
Active:           347524 kB
Mem:          3.8G       3.7G       103M       5.7M        21M       3.3G

MemTotal:        4016004 kB
MemFree:          106620 kB
Active:           347492 kB
Mem:          3.8G       3.7G       104M       5.7M        21M       3.3G

MemTotal:        4016004 kB
MemFree:          106620 kB
Active:           347504 kB
Mem:          3.8G       3.7G       104M       5.7M        21M       3.3G

MemTotal:        4016004 kB
MemFree:          106496 kB
Active:           347524 kB
Mem:          3.8G       3.7G       104M       5.7M        21M       3.3G

MemTotal:        4016004 kB
MemFree:          106496 kB
Active:           347492 kB
Mem:          3.8G       3.7G       104M       5.7M        21M       3.3G

MemTotal:        4016004 kB
MemFree:          106496 kB
Active:           347512 kB
Mem:          3.8G       3.7G       104M       5.7M        21M       3.3G

MemTotal:        4016004 kB
MemFree:          106496 kB
Active:           347504 kB
Mem:          3.8G       3.7G       103M       5.7M        21M       3.3G

MemTotal:        4016004 kB
MemFree:          106124 kB
Active:           347536 kB
Mem:          3.8G       3.7G       103M       5.7M        21M       3.3G

MemTotal:        4016004 kB
MemFree:          106620 kB
Active:           347532 kB
Mem:          3.8G       3.7G       104M       5.7M        21M       3.3G

MemTotal:        4016004 kB
MemFree:          106496 kB
Active:           347504 kB
Mem:          3.8G       3.7G       104M       5.7M        21M       3.3G

MemTotal:        4016004 kB
MemFree:          106744 kB
Active:           347544 kB
Mem:          3.8G       3.7G       104M       5.7M        21M       3.3G

MemTotal:        4016004 kB
MemFree:          106620 kB
Active:           347540 kB
Mem:          3.8G       3.7G       104M       5.7M        21M       3.3G

MemTotal:        4016004 kB
MemFree:          106248 kB
Active:           347556 kB
Mem:          3.8G       3.7G       104M       5.7M        21M       3.3G

MemTotal:        4016004 kB
MemFree:          106620 kB
Active:           347516 kB
Mem:          3.8G       3.7G       104M       5.7M        21M       3.3G

MemTotal:        4016004 kB
MemFree:          106248 kB
Active:           347556 kB
Mem:          3.8G       3.7G       104M       5.7M        21M       3.3G

MemTotal:        4016004 kB
MemFree:          106372 kB
Active:           347564 kB
Mem:          3.8G       3.7G       103M       5.7M        21M       3.3G

MemTotal:        4016004 kB
MemFree:          106620 kB
Active:           347548 kB
Mem:          3.8G       3.7G       104M       5.7M        21M       3.3G

MemTotal:        4016004 kB
MemFree:          106620 kB
Active:           347564 kB
Mem:          3.8G       3.7G       104M       5.7M        21M       3.3G

MemTotal:        4016004 kB
MemFree:          106620 kB
Active:           347532 kB
Mem:          3.8G       3.7G       104M       5.7M        21M       3.3G

MemTotal:        4016004 kB
MemFree:          106620 kB
Active:           347556 kB
Mem:          3.8G       3.7G       104M       5.7M        21M       3.3G

MemTotal:        4016004 kB
MemFree:          106620 kB
Active:           347520 kB
Mem:          3.8G       3.7G       103M       5.7M        21M       3.3G

MemTotal:        4016004 kB
MemFree:          106620 kB
Active:           347536 kB
Mem:          3.8G       3.7G       104M       5.7M        21M       3.3G

MemTotal:        4016004 kB
MemFree:          106620 kB
Active:           347512 kB
Mem:          3.8G       3.7G       104M       5.7M        21M       3.3G

MemTotal:        4016004 kB
MemFree:          106496 kB
Active:           347540 kB
Mem:          3.8G       3.7G       104M       5.7M        21M       3.3G

MemTotal:        4016004 kB
MemFree:          106496 kB
Active:           347576 kB
Mem:          3.8G       3.7G       104M       5.7M        21M       3.3G

MemTotal:        4016004 kB
MemFree:          106496 kB
Active:           347544 kB
Mem:          3.8G       3.7G       104M       5.7M        21M       3.3G

MemTotal:        4016004 kB
MemFree:          106496 kB
Active:           347544 kB
Mem:          3.8G       3.7G       104M       5.7M        21M       3.3G

MemTotal:        4016004 kB
MemFree:          106496 kB
Active:           347552 kB
Mem:          3.8G       3.7G       104M       5.7M        21M       3.3G

MemTotal:        4016004 kB
MemFree:          106496 kB
Active:           347576 kB
Mem:          3.8G       3.7G       104M       5.7M        21M       3.3G

MemTotal:        4016004 kB
MemFree:          106496 kB
Active:           347560 kB
Mem:          3.8G       3.7G       104M       5.7M        21M       3.3G

MemTotal:        4016004 kB
MemFree:          106620 kB
Active:           347580 kB
Mem:          3.8G       3.7G       104M       5.7M        21M       3.3G

MemTotal:        4016004 kB
MemFree:          106124 kB
Active:           347592 kB
Mem:          3.8G       3.7G       103M       5.7M        21M       3.3G

MemTotal:        4016004 kB
MemFree:          106496 kB
Active:           347568 kB
Mem:          3.8G       3.7G       104M       5.7M        21M       3.3G

MemTotal:        4016004 kB
MemFree:          106496 kB
Active:           347568 kB
Mem:          3.8G       3.7G       104M       5.7M        21M       3.3G

MemTotal:        4016004 kB
MemFree:          106496 kB
Active:           347556 kB
Mem:          3.8G       3.7G       103M       5.7M        21M       3.3G

MemTotal:        4016004 kB
MemFree:          106620 kB
Active:           347552 kB
Mem:          3.8G       3.7G       104M       5.7M        21M       3.3G

MemTotal:        4016004 kB
MemFree:          106620 kB
Active:           347584 kB
Mem:          3.8G       3.7G       103M       5.7M        21M       3.3G

MemTotal:        4016004 kB
MemFree:          105736 kB
Active:           347900 kB
Mem:          3.8G       3.7G       102M       5.7M        21M       3.3G

MemTotal:        4016004 kB
MemFree:          129808 kB
Active:           347084 kB
Mem:          3.8G       3.7G       126M       5.7M        21M       3.2G

MemTotal:        4016004 kB
MemFree:          129808 kB
Active:           347084 kB
Mem:          3.8G       3.7G       127M       5.7M        21M       3.2G

MemTotal:        4016004 kB
MemFree:          130180 kB
Active:           347080 kB
Mem:          3.8G       3.7G       127M       5.7M        21M       3.2G

MemTotal:        4016004 kB
MemFree:          130180 kB
Active:           347076 kB
Mem:          3.8G       3.7G       127M       5.7M        21M       3.2G

MemTotal:        4016004 kB
MemFree:          130428 kB
Active:           347080 kB
Mem:          3.8G       3.7G       127M       5.7M        21M       3.2G

MemTotal:        4016004 kB
MemFree:          130552 kB
Active:           347068 kB
Mem:          3.8G       3.7G       127M       5.7M        21M       3.2G

MemTotal:        4016004 kB
MemFree:          130552 kB
Active:           347096 kB
Mem:          3.8G       3.7G       127M       5.7M        21M       3.2G

MemTotal:        4016004 kB
MemFree:          130180 kB
Active:           347100 kB
Mem:          3.8G       3.7G       127M       5.7M        21M       3.2G

MemTotal:        4016004 kB
MemFree:          130428 kB
Active:           347084 kB
Mem:          3.8G       3.7G       127M       5.7M        21M       3.2G

MemTotal:        4016004 kB
MemFree:          130552 kB
Active:           347076 kB
Mem:          3.8G       3.7G       127M       5.7M        21M       3.2G

MemTotal:        4016004 kB
MemFree:          130552 kB
Active:           347088 kB
Mem:          3.8G       3.7G       127M       5.7M        21M       3.2G

MemTotal:        4016004 kB
MemFree:          130552 kB
Active:           347076 kB
Mem:          3.8G       3.7G       127M       5.7M        21M       3.2G

MemTotal:        4016004 kB
MemFree:          130552 kB
Active:           347076 kB
Mem:          3.8G       3.7G       127M       5.7M        21M       3.2G

MemTotal:        4016004 kB
MemFree:          130428 kB
Active:           347088 kB
Mem:          3.8G       3.7G       127M       5.7M        21M       3.2G

MemTotal:        4016004 kB
MemFree:          130180 kB
Active:           347108 kB
Mem:          3.8G       3.7G       127M       5.7M        21M       3.2G

MemTotal:        4016004 kB
MemFree:          130056 kB
Active:           347108 kB
Mem:          3.8G       3.7G       127M       5.7M        21M       3.2G

MemTotal:        4016004 kB
MemFree:          130428 kB
Active:           347080 kB
Mem:          3.8G       3.7G       127M       5.7M        21M       3.2G

MemTotal:        4016004 kB
MemFree:          130676 kB
Active:           347100 kB
Mem:          3.8G       3.7G       127M       5.7M        21M       3.2G

MemTotal:        4016004 kB
MemFree:          130800 kB
Active:           347104 kB
Mem:          3.8G       3.7G       127M       5.7M        21M       3.2G

MemTotal:        4016004 kB
MemFree:          130800 kB
Active:           347060 kB
Mem:          3.8G       3.7G       127M       5.7M        21M       3.2G

MemTotal:        4016004 kB
MemFree:          130676 kB
Active:           347088 kB
Mem:          3.8G       3.7G       127M       5.7M        21M       3.2G

MemTotal:        4016004 kB
MemFree:          130304 kB
Active:           347120 kB
Mem:          3.8G       3.7G       127M       5.7M        21M       3.2G

MemTotal:        4016004 kB
MemFree:          130428 kB
Active:           347088 kB
Mem:          3.8G       3.7G       127M       5.7M        21M       3.2G

MemTotal:        4016004 kB
MemFree:          130428 kB
Active:           347108 kB
Mem:          3.8G       3.7G       127M       5.7M        21M       3.2G

MemTotal:        4016004 kB
MemFree:          130304 kB
Active:           347084 kB
Mem:          3.8G       3.7G       127M       5.7M        21M       3.2G

MemTotal:        4016004 kB
MemFree:          130924 kB
Active:           347100 kB
Mem:          3.8G       3.7G       127M       5.7M        21M       3.2G

MemTotal:        4016004 kB
MemFree:          130800 kB
Active:           347072 kB
Mem:          3.8G       3.7G       127M       5.7M        21M       3.2G

MemTotal:        4016004 kB
MemFree:          130800 kB
Active:           347132 kB
Mem:          3.8G       3.7G       127M       5.7M        21M       3.2G

MemTotal:        4016004 kB
MemFree:          130304 kB
Active:           347132 kB
Mem:          3.8G       3.7G       127M       5.7M        21M       3.2G

MemTotal:        4016004 kB
MemFree:          130552 kB
Active:           347120 kB
Mem:          3.8G       3.7G       127M       5.7M        21M       3.2G

MemTotal:        4016004 kB
MemFree:          130552 kB
Active:           347084 kB
Mem:          3.8G       3.7G       127M       5.7M        21M       3.2G

MemTotal:        4016004 kB
MemFree:          130304 kB
Active:           347136 kB
Mem:          3.8G       3.7G       127M       5.7M        21M       3.2G

MemTotal:        4016004 kB
MemFree:          130676 kB
Active:           347108 kB
Mem:          3.8G       3.7G       127M       5.7M        21M       3.2G

MemTotal:        4016004 kB
MemFree:          130800 kB
Active:           347124 kB
Mem:          3.8G       3.7G       127M       5.7M        21M       3.2G

MemTotal:        4016004 kB
MemFree:          130676 kB
Active:           347088 kB
Mem:          3.8G       3.7G       127M       5.7M        21M       3.2G

MemTotal:        4016004 kB
MemFree:          130304 kB
Active:           347148 kB
Mem:          3.8G       3.7G       127M       5.7M        21M       3.2G

MemTotal:        4016004 kB
MemFree:          130676 kB
Active:           347132 kB
Mem:          3.8G       3.7G       127M       5.7M        21M       3.2G

MemTotal:        4016004 kB
MemFree:          130800 kB
Active:           347128 kB
Mem:          3.8G       3.7G       127M       5.7M        21M       3.2G

MemTotal:        4016004 kB
MemFree:          130676 kB
Active:           347148 kB
Mem:          3.8G       3.7G       127M       5.7M        21M       3.2G

MemTotal:        4016004 kB
MemFree:          130428 kB
Active:           347148 kB
Mem:          3.8G       3.7G       127M       5.7M        21M       3.2G

MemTotal:        4016004 kB
MemFree:          130180 kB
Active:           347128 kB
Mem:          3.8G       3.7G       126M       5.7M        21M       3.2G

MemTotal:        4016004 kB
MemFree:          130304 kB
Active:           347112 kB
Mem:          3.8G       3.7G       127M       5.7M        21M       3.2G

MemTotal:        4016004 kB
MemFree:          130552 kB
Active:           347152 kB
Mem:          3.8G       3.7G       127M       5.7M        21M       3.2G

MemTotal:        4016004 kB
MemFree:          130552 kB
Active:           347120 kB
Mem:          3.8G       3.7G       127M       5.7M        21M       3.2G

MemTotal:        4016004 kB
MemFree:          130552 kB
Active:           347144 kB
Mem:          3.8G       3.7G       127M       5.7M        21M       3.2G

MemTotal:        4016004 kB
MemFree:          130676 kB
Active:           347156 kB
Mem:          3.8G       3.7G       127M       5.7M        21M       3.2G

MemTotal:        4016004 kB
MemFree:          130304 kB
Active:           347156 kB
Mem:          3.8G       3.7G       127M       5.7M        21M       3.2G

MemTotal:        4016004 kB
MemFree:          130304 kB
Active:           347156 kB
Mem:          3.8G       3.7G       127M       5.7M        21M       3.2G

MemTotal:        4016004 kB
MemFree:          131076 kB
Active:           347000 kB
Mem:          3.8G       3.7G       127M       5.7M        21M       3.2G

MemTotal:        4016004 kB
MemFree:          130960 kB
Active:           346748 kB
Mem:          3.8G       3.7G       127M       5.7M        21M       3.2G

MemTotal:        4016004 kB
MemFree:          131332 kB
Active:           346724 kB
Mem:          3.8G       3.7G       128M       5.7M        21M       3.2G

MemTotal:        4016004 kB
MemFree:          131952 kB
Active:           346696 kB
Mem:          3.8G       3.7G       129M       5.7M        21M       3.2G

MemTotal:        4016004 kB
MemFree:          132076 kB
Active:           346744 kB
Mem:          3.8G       3.7G       129M       5.7M        21M       3.2G

MemTotal:        4016004 kB
MemFree:          131952 kB
Active:           346696 kB
Mem:          3.8G       3.7G       128M       5.7M        21M       3.2G

MemTotal:        4016004 kB
MemFree:          131704 kB
Active:           346760 kB
Mem:          3.8G       3.7G       128M       5.7M        21M       3.2G

MemTotal:        4016004 kB
MemFree:          131704 kB
Active:           346764 kB
Mem:          3.8G       3.7G       128M       5.7M        21M       3.2G

MemTotal:        4016004 kB
MemFree:          132076 kB
Active:           346736 kB
Mem:          3.8G       3.7G       129M       5.7M        21M       3.2G

MemTotal:        4016004 kB
MemFree:          132324 kB
Active:           346744 kB
Mem:          3.8G       3.7G       129M       5.7M        21M       3.2G

MemTotal:        4016004 kB
MemFree:          132324 kB
Active:           346768 kB
Mem:          3.8G       3.7G       129M       5.7M        21M       3.2G

MemTotal:        4016004 kB
MemFree:          132200 kB
Active:           346772 kB
Mem:          3.8G       3.7G       128M       5.7M        21M       3.2G

MemTotal:        4016004 kB
MemFree:          131828 kB
Active:           346776 kB
Mem:          3.8G       3.7G       128M       5.7M        21M       3.2G

MemTotal:        4016004 kB
MemFree:          132200 kB
Active:           346732 kB
Mem:          3.8G       3.7G       129M       5.7M        21M       3.2G

MemTotal:        4016004 kB
MemFree:          131828 kB
Active:           346788 kB
Mem:          3.8G       3.7G       128M       5.7M        21M       3.2G

MemTotal:        4016004 kB
MemFree:          132200 kB
Active:           346776 kB
Mem:          3.8G       3.7G       128M       5.7M        21M       3.2G

MemTotal:        4016004 kB
MemFree:          131704 kB
Active:           346788 kB
Mem:          3.8G       3.7G       128M       5.7M        21M       3.2G

MemTotal:        4016004 kB
MemFree:          132200 kB
Active:           346736 kB
Mem:          3.8G       3.7G       128M       5.7M        21M       3.2G

MemTotal:        4016004 kB
MemFree:          132200 kB
Active:           346744 kB
Mem:          3.8G       3.7G       128M       5.7M        21M       3.2G

MemTotal:        4016004 kB
MemFree:          131828 kB
Active:           346788 kB
Mem:          3.8G       3.7G       128M       5.7M        21M       3.2G

MemTotal:        4016004 kB
MemFree:          131828 kB
Active:           346748 kB
Mem:          3.8G       3.7G       128M       5.7M        21M       3.2G

MemTotal:        4016004 kB
MemFree:          132076 kB
Active:           346756 kB
Mem:          3.8G       3.7G       129M       5.7M        21M       3.2G

MemTotal:        4016004 kB
MemFree:          132200 kB
Active:           346748 kB
Mem:          3.8G       3.7G       128M       5.7M        21M       3.2G

MemTotal:        4016004 kB
MemFree:          132076 kB
Active:           346756 kB
Mem:          3.8G       3.7G       129M       5.7M        21M       3.2G

MemTotal:        4016004 kB
MemFree:          131704 kB
Active:           346796 kB
Mem:          3.8G       3.7G       128M       5.7M        21M       3.2G

MemTotal:        4016004 kB
MemFree:          132156 kB
Active:           346768 kB
Mem:          3.8G       3.7G       129M       5.7M        21M       3.2G

MemTotal:        4016004 kB
MemFree:          132280 kB
Active:           346760 kB
Mem:          3.8G       3.7G       129M       5.7M        21M       3.2G

MemTotal:        4016004 kB
MemFree:          132280 kB
Active:           346792 kB
Mem:          3.8G       3.7G       129M       5.7M        21M       3.2G

MemTotal:        4016004 kB
MemFree:          132404 kB
Active:           346784 kB
Mem:          3.8G       3.7G       129M       5.7M        21M       3.2G

MemTotal:        4016004 kB
MemFree:          132528 kB
Active:           346792 kB
Mem:          3.8G       3.7G       129M       5.7M        21M       3.2G

MemTotal:        4016004 kB
MemFree:          132528 kB
Active:           346768 kB
Mem:          3.8G       3.7G       129M       5.7M        21M       3.2G

MemTotal:        4016004 kB
MemFree:          132280 kB
Active:           346808 kB
Mem:          3.8G       3.7G       129M       5.7M        21M       3.2G

MemTotal:        4016004 kB
MemFree:          132156 kB
Active:           346788 kB
Mem:          3.8G       3.7G       129M       5.7M        21M       3.2G

MemTotal:        4016004 kB
MemFree:          132032 kB
Active:           346820 kB
