MemTotal:        4016004 kB
MemFree:         3214916 kB
Active:           450456 kB
Mem:          3.8G       782M       3.1G       5.7M        56M       326M

MemTotal:        4016004 kB
MemFree:         3216148 kB
Active:           448884 kB
Mem:          3.8G       780M       3.1G       5.7M        56M       326M

MemTotal:        4016004 kB
MemFree:         3216528 kB
Active:           448952 kB
Mem:          3.8G       780M       3.1G       5.7M        56M       326M

MemTotal:        4016004 kB
MemFree:         3216264 kB
Active:           448928 kB
Mem:          3.8G       780M       3.1G       5.7M        56M       326M

MemTotal:        4016004 kB
MemFree:         3215832 kB
Active:           446964 kB
Mem:          3.8G       781M       3.1G       5.7M        56M       326M

MemTotal:        4016004 kB
MemFree:         3215796 kB
Active:           448976 kB
Mem:          3.8G       781M       3.1G       5.7M        56M       326M

MemTotal:        4016004 kB
MemFree:         3216028 kB
Active:           448964 kB
Mem:          3.8G       781M       3.1G       5.7M        56M       326M

MemTotal:        4016004 kB
MemFree:         3215828 kB
Active:           448980 kB
Mem:          3.8G       781M       3.1G       5.7M        56M       326M

MemTotal:        4016004 kB
MemFree:         3216200 kB
Active:           448972 kB
Mem:          3.8G       781M       3.1G       5.7M        56M       326M

MemTotal:        4016004 kB
MemFree:         3216324 kB
Active:           448976 kB
Mem:          3.8G       780M       3.1G       5.7M        56M       326M

MemTotal:        4016004 kB
MemFree:         3216060 kB
Active:           448980 kB
Mem:          3.8G       781M       3.1G       5.7M        56M       326M

MemTotal:        4016004 kB
MemFree:         3216308 kB
Active:           448944 kB
Mem:          3.8G       780M       3.1G       5.7M        56M       326M

MemTotal:        4016004 kB
MemFree:         3216308 kB
Active:           448928 kB
Mem:          3.8G       781M       3.1G       5.7M        56M       326M

MemTotal:        4016004 kB
MemFree:         3216292 kB
Active:           448980 kB
Mem:          3.8G       780M       3.1G       5.7M        56M       326M

MemTotal:        4016004 kB
MemFree:         3215904 kB
Active:           448988 kB
Mem:          3.8G       781M       3.1G       5.7M        56M       326M

MemTotal:        4016004 kB
MemFree:         3218120 kB
Active:           446952 kB
Mem:          3.8G       779M       3.1G       5.7M        56M       326M

MemTotal:        4016004 kB
MemFree:         3218356 kB
Active:           446964 kB
Mem:          3.8G       779M       3.1G       5.7M        56M       326M

MemTotal:        4016004 kB
MemFree:         3217984 kB
Active:           446964 kB
Mem:          3.8G       779M       3.1G       5.7M        56M       326M

MemTotal:        4016004 kB
MemFree:         3217860 kB
Active:           446964 kB
Mem:          3.8G       779M       3.1G       5.7M        56M       326M

MemTotal:        4016004 kB
MemFree:         3218108 kB
Active:           446936 kB
Mem:          3.8G       779M       3.1G       5.7M        56M       326M

MemTotal:        4016004 kB
MemFree:         3218108 kB
Active:           446960 kB
Mem:          3.8G       779M       3.1G       5.7M        56M       326M

MemTotal:        4016004 kB
MemFree:         3217704 kB
Active:           446972 kB
Mem:          3.8G       779M       3.1G       5.7M        56M       326M

MemTotal:        4016004 kB
MemFree:         3218076 kB
Active:           446944 kB
Mem:          3.8G       779M       3.1G       5.7M        56M       326M

MemTotal:        4016004 kB
MemFree:         3218184 kB
Active:           446944 kB
Mem:          3.8G       778M       3.1G       5.7M        56M       326M

MemTotal:        4016004 kB
MemFree:         3218540 kB
Active:           446940 kB
Mem:          3.8G       779M       3.1G       5.7M        56M       326M

MemTotal:        4016004 kB
MemFree:         3218028 kB
Active:           446972 kB
Mem:          3.8G       779M       3.1G       5.7M        56M       326M

MemTotal:        4016004 kB
MemFree:         3218524 kB
Active:           446936 kB
Mem:          3.8G       778M       3.1G       5.7M        56M       326M

MemTotal:        4016004 kB
MemFree:         3218556 kB
Active:           446932 kB
Mem:          3.8G       779M       3.1G       5.7M        56M       326M

MemTotal:        4016004 kB
MemFree:         3217688 kB
Active:           446988 kB
Mem:          3.8G       779M       3.1G       5.7M        56M       326M

MemTotal:        4016004 kB
MemFree:         3217812 kB
Active:           446988 kB
Mem:          3.8G       779M       3.1G       5.7M        56M       326M

MemTotal:        4016004 kB
MemFree:         3218184 kB
Active:           446984 kB
Mem:          3.8G       779M       3.1G       5.7M        56M       326M

MemTotal:        4016004 kB
MemFree:         3218308 kB
Active:           446976 kB
Mem:          3.8G       779M       3.1G       5.7M        56M       326M

MemTotal:        4016004 kB
MemFree:         3217936 kB
Active:           446952 kB
Mem:          3.8G       779M       3.1G       5.7M        56M       326M

MemTotal:        4016004 kB
MemFree:         3217936 kB
Active:           446944 kB
Mem:          3.8G       779M       3.1G       5.7M        56M       326M

MemTotal:        4016004 kB
MemFree:         3217936 kB
Active:           446964 kB
Mem:          3.8G       779M       3.1G       5.7M        56M       326M

MemTotal:        4016004 kB
MemFree:         3217904 kB
Active:           446996 kB
Mem:          3.8G       779M       3.1G       5.7M        56M       326M

MemTotal:        4016004 kB
MemFree:         3218152 kB
Active:           446956 kB
Mem:          3.8G       779M       3.1G       5.7M        56M       326M

MemTotal:        4016004 kB
MemFree:         3218356 kB
Active:           446964 kB
Mem:          3.8G       779M       3.1G       5.7M        56M       326M

MemTotal:        4016004 kB
MemFree:         3218356 kB
Active:           446964 kB
Mem:          3.8G       779M       3.1G       5.7M        56M       326M

MemTotal:        4016004 kB
MemFree:         3218232 kB
Active:           446968 kB
Mem:          3.8G       779M       3.1G       5.7M        56M       326M

MemTotal:        4016004 kB
MemFree:         3217984 kB
Active:           447004 kB
Mem:          3.8G       779M       3.1G       5.7M        56M       326M

MemTotal:        4016004 kB
MemFree:         3217968 kB
Active:           446984 kB
Mem:          3.8G       779M       3.1G       5.7M        56M       326M

MemTotal:        4016004 kB
MemFree:         3217952 kB
Active:           446980 kB
Mem:          3.8G       779M       3.1G       5.7M        56M       326M

MemTotal:        4016004 kB
MemFree:         3217688 kB
Active:           447020 kB
Mem:          3.8G       779M       3.1G       5.7M        56M       326M

MemTotal:        4016004 kB
MemFree:         3215872 kB
Active:           447012 kB
Mem:          3.8G       781M       3.1G       5.7M        56M       326M

MemTotal:        4016004 kB
MemFree:         3215484 kB
Active:           449044 kB
Mem:          3.8G       781M       3.1G       5.7M        56M       326M

MemTotal:        4016004 kB
MemFree:         3215516 kB
Active:           449048 kB
Mem:          3.8G       781M       3.1G       5.7M        56M       326M

MemTotal:        4016004 kB
MemFree:         3215640 kB
Active:           449016 kB
Mem:          3.8G       781M       3.1G       5.7M        56M       326M

MemTotal:        4016004 kB
MemFree:         3215764 kB
Active:           449004 kB
Mem:          3.8G       781M       3.1G       5.7M        56M       326M

MemTotal:        4016004 kB
MemFree:         3215764 kB
Active:           449060 kB
Mem:          3.8G       781M       3.1G       5.7M        56M       326M

MemTotal:        4016004 kB
MemFree:         3215640 kB
Active:           449060 kB
Mem:          3.8G       781M       3.1G       5.7M        56M       326M

MemTotal:        4016004 kB
MemFree:         3216136 kB
Active:           449044 kB
Mem:          3.8G       781M       3.1G       5.7M        56M       326M

MemTotal:        4016004 kB
MemFree:         3215764 kB
Active:           449076 kB
Mem:          3.8G       781M       3.1G       5.7M        56M       326M

MemTotal:        4016004 kB
MemFree:         3216012 kB
Active:           449036 kB
Mem:          3.8G       781M       3.1G       5.7M        56M       326M

MemTotal:        4016004 kB
MemFree:         3215608 kB
Active:           449076 kB
Mem:          3.8G       781M       3.1G       5.7M        56M       326M

MemTotal:        4016004 kB
MemFree:         3215468 kB
Active:           449076 kB
Mem:          3.8G       781M       3.1G       5.7M        56M       326M

MemTotal:        4016004 kB
MemFree:         3215688 kB
Active:           449080 kB
Mem:          3.8G       781M       3.1G       5.7M        56M       326M

MemTotal:        4016004 kB
MemFree:         3216184 kB
Active:           449024 kB
Mem:          3.8G       781M       3.1G       5.7M        56M       326M

MemTotal:        4016004 kB
MemFree:         3216232 kB
Active:           449080 kB
Mem:          3.8G       781M       3.1G       5.7M        56M       326M

MemTotal:        4016004 kB
MemFree:         3215860 kB
Active:           449088 kB
Mem:          3.8G       781M       3.1G       5.7M        56M       326M

MemTotal:        4016004 kB
MemFree:         3215472 kB
Active:           449088 kB
Mem:          3.8G       781M       3.1G       5.7M        56M       326M

MemTotal:        4016004 kB
MemFree:         3096732 kB
Active:           449408 kB
Mem:          3.8G       897M       3.0G       5.7M        56M       440M

MemTotal:        4016004 kB
MemFree:         3093704 kB
Active:           449408 kB
Mem:          3.8G       900M       3.0G       5.7M        56M       444M

MemTotal:        4016004 kB
MemFree:         3020016 kB
Active:           449384 kB
Mem:          3.8G       973M       2.9G       5.7M        56M       516M

MemTotal:        4016004 kB
MemFree:         2899352 kB
Active:           447524 kB
Mem:          3.8G       1.1G       2.8G       5.7M        56M       631M

MemTotal:        4016004 kB
MemFree:         2786164 kB
Active:           449436 kB
Mem:          3.8G       1.2G       2.7G       5.7M        56M       740M

MemTotal:        4016004 kB
MemFree:         2761468 kB
Active:           449436 kB
Mem:          3.8G       1.2G       2.6G       5.7M        56M       763M

MemTotal:        4016004 kB
MemFree:         2675516 kB
Active:           449428 kB
Mem:          3.8G       1.3G       2.6G       5.7M        56M       846M

MemTotal:        4016004 kB
MemFree:         2662348 kB
Active:           449452 kB
Mem:          3.8G       1.3G       2.5G       5.7M        56M       858M

MemTotal:        4016004 kB
MemFree:         2661396 kB
Active:           449428 kB
Mem:          3.8G       1.3G       2.5G       5.7M        56M       858M

MemTotal:        4016004 kB
MemFree:         2661376 kB
Active:           449416 kB
Mem:          3.8G       1.3G       2.5G       5.7M        56M       858M

MemTotal:        4016004 kB
MemFree:         2659664 kB
Active:           449472 kB
Mem:          3.8G       1.3G       2.5G       5.7M        56M       860M

MemTotal:        4016004 kB
MemFree:         2651540 kB
Active:           449452 kB
Mem:          3.8G       1.3G       2.5G       5.7M        56M       869M

MemTotal:        4016004 kB
MemFree:         2530432 kB
Active:           449456 kB
Mem:          3.8G       1.4G       2.4G       5.7M        56M       985M

MemTotal:        4016004 kB
MemFree:         2405600 kB
Active:           449484 kB
Mem:          3.8G       1.5G       2.3G       5.7M        56M       1.1G

MemTotal:        4016004 kB
MemFree:         2305680 kB
Active:           451508 kB
Mem:          3.8G       1.6G       2.2G       5.7M        56M       1.2G

MemTotal:        4016004 kB
MemFree:         2304564 kB
Active:           451468 kB
Mem:          3.8G       1.6G       2.2G       5.7M        56M       1.2G

MemTotal:        4016004 kB
MemFree:         2206624 kB
Active:           451508 kB
Mem:          3.8G       1.7G       2.1G       5.7M        56M       1.3G

MemTotal:        4016004 kB
MemFree:         2152016 kB
Active:           451520 kB
Mem:          3.8G       1.8G       2.1G       5.7M        56M       1.3G

MemTotal:        4016004 kB
MemFree:         2107436 kB
Active:           451524 kB
Mem:          3.8G       1.8G       2.0G       5.7M        56M       1.4G

MemTotal:        4016004 kB
MemFree:         2106040 kB
Active:           451524 kB
Mem:          3.8G       1.8G       2.0G       5.7M        56M       1.4G

MemTotal:        4016004 kB
MemFree:         2010324 kB
Active:           451520 kB
Mem:          3.8G       1.9G       1.9G       5.7M        56M       1.4G

MemTotal:        4016004 kB
MemFree:         2005760 kB
Active:           451540 kB
Mem:          3.8G       1.9G       1.9G       5.7M        56M       1.5G

MemTotal:        4016004 kB
MemFree:         2005216 kB
Active:           451512 kB
Mem:          3.8G       1.9G       1.9G       5.7M        56M       1.5G

MemTotal:        4016004 kB
MemFree:         2002616 kB
Active:           451664 kB
Mem:          3.8G       1.9G       1.9G       5.7M        56M       1.5G

MemTotal:        4016004 kB
MemFree:         1987340 kB
Active:           451568 kB
Mem:          3.8G       1.9G       1.9G       5.7M        56M       1.5G

MemTotal:        4016004 kB
MemFree:         1850000 kB
Active:           451592 kB
Mem:          3.8G       2.1G       1.8G       5.7M        56M       1.6G

MemTotal:        4016004 kB
MemFree:         1721744 kB
Active:           451572 kB
Mem:          3.8G       2.2G       1.6G       5.7M        56M       1.7G

MemTotal:        4016004 kB
MemFree:         1653508 kB
Active:           451592 kB
Mem:          3.8G       2.3G       1.6G       5.7M        56M       1.8G

MemTotal:        4016004 kB
MemFree:         1650476 kB
Active:           451604 kB
Mem:          3.8G       2.3G       1.6G       5.7M        56M       1.8G

MemTotal:        4016004 kB
MemFree:         1581872 kB
Active:           451564 kB
Mem:          3.8G       2.3G       1.5G       5.7M        56M       1.9G

MemTotal:        4016004 kB
MemFree:         1566304 kB
Active:           451612 kB
Mem:          3.8G       2.3G       1.5G       5.7M        56M       1.9G

MemTotal:        4016004 kB
MemFree:         1486524 kB
Active:           451568 kB
Mem:          3.8G       2.4G       1.4G       5.7M        56M       1.9G

MemTotal:        4016004 kB
MemFree:         1464432 kB
Active:           451612 kB
Mem:          3.8G       2.4G       1.4G       5.7M        56M       2.0G

MemTotal:        4016004 kB
MemFree:         1401932 kB
Active:           449572 kB
Mem:          3.8G       2.5G       1.3G       5.7M        56M       2.0G

MemTotal:        4016004 kB
MemFree:         1401044 kB
Active:           451580 kB
Mem:          3.8G       2.5G       1.3G       5.7M        56M       2.0G

MemTotal:        4016004 kB
MemFree:         1399440 kB
Active:           451644 kB
Mem:          3.8G       2.5G       1.3G       5.7M        56M       2.0G

MemTotal:        4016004 kB
MemFree:         1398544 kB
Active:           451592 kB
Mem:          3.8G       2.5G       1.3G       5.7M        56M       2.0G

MemTotal:        4016004 kB
MemFree:         1397588 kB
Active:           451648 kB
Mem:          3.8G       2.5G       1.3G       5.7M        56M       2.0G

MemTotal:        4016004 kB
MemFree:         1302708 kB
Active:           451648 kB
Mem:          3.8G       2.6G       1.2G       5.7M        56M       2.1G

MemTotal:        4016004 kB
MemFree:         1170052 kB
Active:           451656 kB
Mem:          3.8G       2.7G       1.1G       5.7M        56M       2.2G

MemTotal:        4016004 kB
MemFree:         1051980 kB
Active:           451656 kB
Mem:          3.8G       2.8G       1.0G       5.7M        56M       2.3G

MemTotal:        4016004 kB
MemFree:         1046476 kB
Active:           451624 kB
Mem:          3.8G       2.8G       1.0G       5.7M        56M       2.4G

MemTotal:        4016004 kB
MemFree:          971852 kB
Active:           451676 kB
Mem:          3.8G       2.9G       948M       5.7M        56M       2.4G

MemTotal:        4016004 kB
MemFree:          968148 kB
Active:           451760 kB
Mem:          3.8G       2.9G       945M       5.7M        56M       2.4G

MemTotal:        4016004 kB
MemFree:          885388 kB
Active:           451644 kB
Mem:          3.8G       3.0G       864M       5.7M        56M       2.5G

MemTotal:        4016004 kB
MemFree:          834964 kB
Active:           451712 kB
Mem:          3.8G       3.0G       814M       5.7M        56M       2.6G

MemTotal:        4016004 kB
MemFree:          808692 kB
Active:           451712 kB
Mem:          3.8G       3.1G       789M       5.7M        56M       2.6G

MemTotal:        4016004 kB
MemFree:          807140 kB
Active:           451724 kB
Mem:          3.8G       3.1G       787M       5.7M        56M       2.6G

MemTotal:        4016004 kB
MemFree:          806492 kB
Active:           451708 kB
Mem:          3.8G       3.1G       787M       5.7M        56M       2.6G

MemTotal:        4016004 kB
MemFree:          806480 kB
Active:           451688 kB
Mem:          3.8G       3.1G       787M       5.7M        56M       2.6G

MemTotal:        4016004 kB
MemFree:          802548 kB
Active:           451724 kB
Mem:          3.8G       3.1G       783M       5.7M        56M       2.6G

MemTotal:        4016004 kB
MemFree:          675548 kB
Active:           451736 kB
Mem:          3.8G       3.2G       659M       5.7M        56M       2.7G

MemTotal:        4016004 kB
MemFree:          543696 kB
Active:           451680 kB
Mem:          3.8G       3.3G       530M       5.7M        56M       2.8G

MemTotal:        4016004 kB
MemFree:          456820 kB
Active:           451736 kB
Mem:          3.8G       3.4G       445M       5.7M        56M       2.9G

MemTotal:        4016004 kB
MemFree:          407164 kB
Active:           451736 kB
Mem:          3.8G       3.4G       397M       5.7M        56M       3.0G

MemTotal:        4016004 kB
MemFree:          384604 kB
Active:           451744 kB
Mem:          3.8G       3.5G       374M       5.7M        56M       3.0G

MemTotal:        4016004 kB
MemFree:          317156 kB
Active:           451760 kB
Mem:          3.8G       3.5G       309M       5.7M        56M       3.0G

MemTotal:        4016004 kB
MemFree:          258196 kB
Active:           451760 kB
Mem:          3.8G       3.6G       252M       5.7M        56M       3.1G

MemTotal:        4016004 kB
MemFree:          221060 kB
Active:           451760 kB
Mem:          3.8G       3.6G       215M       5.7M        56M       3.1G

MemTotal:        4016004 kB
MemFree:          191288 kB
Active:           451764 kB
Mem:          3.8G       3.6G       186M       5.7M        56M       3.2G

MemTotal:        4016004 kB
MemFree:          190896 kB
Active:           451740 kB
Mem:          3.8G       3.6G       186M       5.7M        56M       3.2G

MemTotal:        4016004 kB
MemFree:          188824 kB
Active:           451788 kB
Mem:          3.8G       3.6G       184M       5.7M        56M       3.2G

MemTotal:        4016004 kB
MemFree:          187944 kB
Active:           451792 kB
Mem:          3.8G       3.7G       183M       5.7M        56M       3.2G

MemTotal:        4016004 kB
MemFree:          134980 kB
Active:           460016 kB
Mem:          3.8G       3.7G       126M       5.7M        22M       3.2G

MemTotal:        4016004 kB
MemFree:          128324 kB
Active:           500164 kB
Mem:          3.8G       3.7G       124M       5.7M        22M       3.2G

MemTotal:        4016004 kB
MemFree:          140660 kB
Active:           491164 kB
Mem:          3.8G       3.7G       136M       5.7M        22M       3.2G

MemTotal:        4016004 kB
MemFree:          127608 kB
Active:           484328 kB
Mem:          3.8G       3.7G       124M       5.7M        22M       3.2G

MemTotal:        4016004 kB
MemFree:          124332 kB
Active:           484200 kB
Mem:          3.8G       3.7G       121M       5.7M        22M       3.3G

MemTotal:        4016004 kB
MemFree:          128320 kB
Active:           477424 kB
Mem:          3.8G       3.7G       125M       5.7M        22M       3.2G

MemTotal:        4016004 kB
MemFree:          127284 kB
Active:           471760 kB
Mem:          3.8G       3.7G       124M       5.7M        22M       3.2G

MemTotal:        4016004 kB
MemFree:          125116 kB
Active:           471668 kB
Mem:          3.8G       3.7G       122M       5.7M        22M       3.2G

MemTotal:        4016004 kB
MemFree:          122292 kB
Active:           473720 kB
Mem:          3.8G       3.7G       119M       5.7M        22M       3.3G

MemTotal:        4016004 kB
MemFree:          121348 kB
Active:           473692 kB
Mem:          3.8G       3.7G       118M       5.7M        22M       3.3G

MemTotal:        4016004 kB
MemFree:          120380 kB
Active:           473704 kB
Mem:          3.8G       3.7G       117M       5.7M        22M       3.3G

MemTotal:        4016004 kB
MemFree:          117524 kB
Active:           461520 kB
Mem:          3.8G       3.7G       114M       5.7M        22M       3.3G

MemTotal:        4016004 kB
MemFree:          117692 kB
Active:           454240 kB
Mem:          3.8G       3.7G       114M       5.7M        22M       3.3G

MemTotal:        4016004 kB
MemFree:          114296 kB
Active:           451044 kB
Mem:          3.8G       3.7G       111M       5.7M        22M       3.3G

MemTotal:        4016004 kB
MemFree:          137720 kB
Active:           448368 kB
Mem:          3.8G       3.7G       134M       5.7M        22M       3.2G

MemTotal:        4016004 kB
MemFree:          126916 kB
Active:           448244 kB
Mem:          3.8G       3.7G       123M       5.7M        22M       3.2G

MemTotal:        4016004 kB
MemFree:          130172 kB
Active:           446972 kB
Mem:          3.8G       3.7G       127M       5.7M        22M       3.2G

MemTotal:        4016004 kB
MemFree:          142296 kB
Active:           440960 kB
Mem:          3.8G       3.7G       138M       5.7M        22M       3.2G

MemTotal:        4016004 kB
MemFree:          141108 kB
Active:           440988 kB
Mem:          3.8G       3.7G       137M       5.7M        22M       3.2G

MemTotal:        4016004 kB
MemFree:          139792 kB
Active:           440952 kB
Mem:          3.8G       3.7G       136M       5.7M        22M       3.2G

MemTotal:        4016004 kB
MemFree:          138616 kB
Active:           441016 kB
Mem:          3.8G       3.7G       135M       5.7M        22M       3.2G

MemTotal:        4016004 kB
MemFree:          136916 kB
Active:           441060 kB
Mem:          3.8G       3.7G       133M       5.7M        22M       3.2G

MemTotal:        4016004 kB
MemFree:          136232 kB
Active:           441056 kB
Mem:          3.8G       3.7G       132M       5.7M        22M       3.2G

MemTotal:        4016004 kB
MemFree:          133708 kB
Active:           439288 kB
Mem:          3.8G       3.7G       130M       5.7M        22M       3.2G

MemTotal:        4016004 kB
MemFree:          141504 kB
Active:           434848 kB
Mem:          3.8G       3.7G       137M       5.7M        22M       3.2G

MemTotal:        4016004 kB
MemFree:          108676 kB
Active:           432412 kB
Mem:          3.8G       3.7G       106M       5.7M        22M       3.3G

MemTotal:        4016004 kB
MemFree:          124536 kB
Active:           428532 kB
Mem:          3.8G       3.7G       121M       5.7M        22M       3.2G

MemTotal:        4016004 kB
MemFree:          123264 kB
Active:           428536 kB
Mem:          3.8G       3.7G       120M       5.7M        22M       3.2G

MemTotal:        4016004 kB
MemFree:          122336 kB
Active:           423696 kB
Mem:          3.8G       3.7G       118M       5.7M        22M       3.2G

MemTotal:        4016004 kB
MemFree:          136244 kB
Active:           422640 kB
Mem:          3.8G       3.7G       133M       5.7M        23M       3.2G

MemTotal:        4016004 kB
MemFree:          126132 kB
Active:           422124 kB
Mem:          3.8G       3.7G       122M       5.7M        23M       3.2G

MemTotal:        4016004 kB
MemFree:          124260 kB
Active:           419316 kB
Mem:          3.8G       3.7G       121M       5.7M        23M       3.2G

MemTotal:        4016004 kB
MemFree:          124012 kB
Active:           419320 kB
Mem:          3.8G       3.7G       121M       5.7M        23M       3.2G

MemTotal:        4016004 kB
MemFree:          123500 kB
Active:           419384 kB
Mem:          3.8G       3.7G       120M       5.7M        23M       3.2G

MemTotal:        4016004 kB
MemFree:          122304 kB
Active:           419392 kB
Mem:          3.8G       3.7G       119M       5.7M        23M       3.2G

MemTotal:        4016004 kB
MemFree:          122044 kB
Active:           418784 kB
Mem:          3.8G       3.7G       119M       5.7M        23M       3.2G

MemTotal:        4016004 kB
MemFree:          138656 kB
Active:           413808 kB
Mem:          3.8G       3.7G       134M       5.7M        23M       3.2G

MemTotal:        4016004 kB
MemFree:          135480 kB
Active:           409840 kB
Mem:          3.8G       3.7G       132M       5.7M        23M       3.2G

MemTotal:        4016004 kB
MemFree:          114328 kB
Active:           407004 kB
Mem:          3.8G       3.7G       111M       5.7M        23M       3.3G

MemTotal:        4016004 kB
MemFree:          105132 kB
Active:           403312 kB
Mem:          3.8G       3.7G       103M       5.7M        23M       3.3G

MemTotal:        4016004 kB
MemFree:          129752 kB
Active:           398452 kB
Mem:          3.8G       3.7G       126M       5.7M        23M       3.2G

MemTotal:        4016004 kB
MemFree:          148624 kB
Active:           394868 kB
Mem:          3.8G       3.7G       144M       5.7M        23M       3.2G

MemTotal:        4016004 kB
MemFree:          146584 kB
Active:           394888 kB
Mem:          3.8G       3.7G       143M       5.7M        23M       3.2G

MemTotal:        4016004 kB
MemFree:          146244 kB
Active:           394892 kB
Mem:          3.8G       3.7G       142M       5.7M        23M       3.2G

MemTotal:        4016004 kB
MemFree:          146476 kB
Active:           394884 kB
Mem:          3.8G       3.7G       142M       5.7M        23M       3.2G

MemTotal:        4016004 kB
MemFree:          145736 kB
Active:           394836 kB
Mem:          3.8G       3.7G       141M       5.7M        23M       3.2G

MemTotal:        4016004 kB
MemFree:          133440 kB
Active:           394896 kB
Mem:          3.8G       3.7G       130M       5.7M        23M       3.2G

MemTotal:        4016004 kB
MemFree:          128860 kB
Active:           394900 kB
Mem:          3.8G       3.7G       125M       5.7M        23M       3.2G

MemTotal:        4016004 kB
MemFree:          126316 kB
Active:           399032 kB
Mem:          3.8G       3.7G       123M       5.7M        23M       3.2G

MemTotal:        4016004 kB
MemFree:          126044 kB
Active:           399008 kB
Mem:          3.8G       3.7G       123M       5.7M        23M       3.2G

MemTotal:        4016004 kB
MemFree:          126364 kB
Active:           399012 kB
Mem:          3.8G       3.7G       123M       5.7M        23M       3.2G

MemTotal:        4016004 kB
MemFree:          136848 kB
Active:           396680 kB
Mem:          3.8G       3.7G       133M       5.7M        23M       3.2G

MemTotal:        4016004 kB
MemFree:          128008 kB
Active:           392180 kB
Mem:          3.8G       3.7G       124M       5.7M        23M       3.2G

MemTotal:        4016004 kB
MemFree:          148108 kB
Active:           388648 kB
Mem:          3.8G       3.7G       143M       5.7M        23M       3.2G

MemTotal:        4016004 kB
MemFree:          132592 kB
Active:           388260 kB
Mem:          3.8G       3.7G       128M       5.7M        23M       3.2G

MemTotal:        4016004 kB
MemFree:          122144 kB
Active:           388088 kB
Mem:          3.8G       3.7G       118M       5.7M        23M       3.2G

MemTotal:        4016004 kB
MemFree:          130800 kB
Active:           388136 kB
Mem:          3.8G       3.7G       127M       5.7M        23M       3.2G

MemTotal:        4016004 kB
MemFree:          125460 kB
Active:           388112 kB
Mem:          3.8G       3.7G       122M       5.7M        23M       3.2G

MemTotal:        4016004 kB
MemFree:          136304 kB
Active:           386156 kB
Mem:          3.8G       3.7G       133M       5.7M        23M       3.2G

MemTotal:        4016004 kB
MemFree:          117804 kB
Active:           387308 kB
Mem:          3.8G       3.7G       115M       5.7M        23M       3.3G

MemTotal:        4016004 kB
MemFree:          117060 kB
Active:           387320 kB
Mem:          3.8G       3.7G       114M       5.7M        23M       3.3G

MemTotal:        4016004 kB
MemFree:          116044 kB
Active:           387332 kB
Mem:          3.8G       3.7G       113M       5.7M        23M       3.3G

MemTotal:        4016004 kB
MemFree:          114940 kB
Active:           387340 kB
Mem:          3.8G       3.7G       112M       5.7M        23M       3.3G

MemTotal:        4016004 kB
MemFree:          113620 kB
Active:           387316 kB
Mem:          3.8G       3.7G       110M       5.7M        23M       3.3G

MemTotal:        4016004 kB
MemFree:          111228 kB
Active:           386964 kB
Mem:          3.8G       3.7G       108M       5.7M        23M       3.3G

MemTotal:        4016004 kB
MemFree:          138312 kB
Active:           386964 kB
Mem:          3.8G       3.7G       134M       5.7M        23M       3.2G

MemTotal:        4016004 kB
MemFree:          116400 kB
Active:           386916 kB
Mem:          3.8G       3.7G       113M       5.7M        23M       3.3G

MemTotal:        4016004 kB
MemFree:          117352 kB
Active:           386916 kB
Mem:          3.8G       3.7G       114M       5.7M        23M       3.2G

MemTotal:        4016004 kB
MemFree:          146424 kB
Active:           386792 kB
Mem:          3.8G       3.7G       142M       5.7M        23M       3.2G

MemTotal:        4016004 kB
MemFree:          126904 kB
Active:           386792 kB
Mem:          3.8G       3.7G       123M       5.7M        23M       3.2G

MemTotal:        4016004 kB
MemFree:          143692 kB
Active:           386668 kB
Mem:          3.8G       3.7G       137M       5.7M        23M       3.2G

MemTotal:        4016004 kB
MemFree:          108248 kB
Active:           386644 kB
Mem:          3.8G       3.7G       105M       5.7M        23M       3.3G

MemTotal:        4016004 kB
MemFree:          107000 kB
Active:           386652 kB
Mem:          3.8G       3.7G       104M       5.7M        23M       3.3G

MemTotal:        4016004 kB
MemFree:          105904 kB
Active:           386628 kB
Mem:          3.8G       3.7G       103M       5.7M        23M       3.3G

MemTotal:        4016004 kB
MemFree:          105504 kB
Active:           386664 kB
Mem:          3.8G       3.7G       103M       5.7M        23M       3.3G

MemTotal:        4016004 kB
MemFree:          105664 kB
Active:           386668 kB
Mem:          3.8G       3.7G       103M       5.7M        23M       3.3G

MemTotal:        4016004 kB
MemFree:          133332 kB
Active:           386640 kB
Mem:          3.8G       3.7G       130M       5.7M        23M       3.2G

MemTotal:        4016004 kB
MemFree:          131512 kB
Active:           386688 kB
Mem:          3.8G       3.7G       127M       5.7M        23M       3.2G

MemTotal:        4016004 kB
MemFree:          123616 kB
Active:           383052 kB
Mem:          3.8G       3.7G       120M       5.7M        23M       3.2G

MemTotal:        4016004 kB
MemFree:          148132 kB
Active:           382908 kB
Mem:          3.8G       3.7G       144M       5.7M        23M       3.2G

MemTotal:        4016004 kB
MemFree:          116232 kB
Active:           382916 kB
Mem:          3.8G       3.7G       113M       5.7M        23M       3.3G

MemTotal:        4016004 kB
MemFree:          146920 kB
Active:           382932 kB
Mem:          3.8G       3.7G       143M       5.7M        23M       3.2G

MemTotal:        4016004 kB
MemFree:          115500 kB
Active:           382948 kB
Mem:          3.8G       3.7G       116M       5.7M        23M       3.2G

MemTotal:        4016004 kB
MemFree:          136792 kB
Active:           382952 kB
Mem:          3.8G       3.7G       133M       5.7M        23M       3.2G

MemTotal:        4016004 kB
MemFree:          136992 kB
Active:           382916 kB
Mem:          3.8G       3.7G       134M       5.7M        23M       3.2G

MemTotal:        4016004 kB
MemFree:          136436 kB
Active:           382932 kB
Mem:          3.8G       3.7G       133M       5.7M        23M       3.2G

MemTotal:        4016004 kB
MemFree:          135292 kB
Active:           382936 kB
Mem:          3.8G       3.7G       132M       5.7M        23M       3.2G

MemTotal:        4016004 kB
MemFree:          132760 kB
Active:           382924 kB
Mem:          3.8G       3.7G       129M       5.7M        23M       3.2G

MemTotal:        4016004 kB
MemFree:          134176 kB
Active:           379912 kB
Mem:          3.8G       3.7G       130M       5.7M        23M       3.2G

MemTotal:        4016004 kB
MemFree:          131612 kB
Active:           379760 kB
Mem:          3.8G       3.7G       128M       5.7M        23M       3.2G

MemTotal:        4016004 kB
MemFree:          130224 kB
Active:           379776 kB
Mem:          3.8G       3.7G       126M       5.7M        23M       3.2G

MemTotal:        4016004 kB
MemFree:          141704 kB
Active:           379780 kB
Mem:          3.8G       3.7G       137M       5.7M        23M       3.2G

MemTotal:        4016004 kB
MemFree:          123752 kB
Active:           379064 kB
Mem:          3.8G       3.7G       120M       5.7M        23M       3.2G

MemTotal:        4016004 kB
MemFree:          135924 kB
Active:           378948 kB
Mem:          3.8G       3.7G       132M       5.7M        23M       3.2G

MemTotal:        4016004 kB
MemFree:          132452 kB
Active:           378928 kB
Mem:          3.8G       3.7G       128M       5.7M        23M       3.2G

MemTotal:        4016004 kB
MemFree:          131240 kB
Active:           378956 kB
Mem:          3.8G       3.7G       127M       5.7M        23M       3.2G

MemTotal:        4016004 kB
MemFree:          130184 kB
Active:           378916 kB
Mem:          3.8G       3.7G       127M       5.7M        23M       3.2G

MemTotal:        4016004 kB
MemFree:          130280 kB
Active:           378912 kB
Mem:          3.8G       3.7G       127M       5.7M        23M       3.2G

MemTotal:        4016004 kB
MemFree:          128428 kB
Active:           378952 kB
Mem:          3.8G       3.7G       125M       5.7M        23M       3.2G

MemTotal:        4016004 kB
MemFree:          124008 kB
Active:           380232 kB
Mem:          3.8G       3.7G       120M       5.7M        23M       3.2G

MemTotal:        4016004 kB
MemFree:          122364 kB
Active:           380108 kB
Mem:          3.8G       3.7G       119M       5.7M        23M       3.2G

MemTotal:        4016004 kB
MemFree:          132144 kB
Active:           378232 kB
Mem:          3.8G       3.7G       128M       5.7M        23M       3.2G

MemTotal:        4016004 kB
MemFree:          129372 kB
Active:           378108 kB
Mem:          3.8G       3.7G       126M       5.7M        23M       3.2G

MemTotal:        4016004 kB
MemFree:          141536 kB
Active:           378128 kB
Mem:          3.8G       3.7G       138M       5.7M        23M       3.2G

MemTotal:        4016004 kB
MemFree:          111208 kB
Active:           378080 kB
Mem:          3.8G       3.7G       108M       5.7M        23M       3.3G

MemTotal:        4016004 kB
MemFree:          141168 kB
Active:           378128 kB
Mem:          3.8G       3.7G       137M       5.7M        23M       3.2G

MemTotal:        4016004 kB
MemFree:          106044 kB
Active:           378088 kB
Mem:          3.8G       3.7G       103M       5.7M        23M       3.3G

MemTotal:        4016004 kB
MemFree:          105416 kB
Active:           378120 kB
Mem:          3.8G       3.7G       102M       5.7M        23M       3.3G

MemTotal:        4016004 kB
MemFree:          103500 kB
Active:           380156 kB
Mem:          3.8G       3.7G       100M       5.7M        23M       3.3G

MemTotal:        4016004 kB
MemFree:          151508 kB
Active:           379432 kB
Mem:          3.8G       3.7G       148M       5.7M        23M       3.2G

MemTotal:        4016004 kB
MemFree:          134172 kB
Active:           379432 kB
Mem:          3.8G       3.7G       130M       5.7M        23M       3.2G

MemTotal:        4016004 kB
MemFree:          135896 kB
Active:           368068 kB
Mem:          3.8G       3.7G       132M       5.7M        23M       3.2G

MemTotal:        4016004 kB
MemFree:          136844 kB
Active:           367904 kB
Mem:          3.8G       3.7G       140M       5.7M        23M       3.2G

MemTotal:        4016004 kB
MemFree:          140252 kB
Active:           367908 kB
Mem:          3.8G       3.7G       136M       5.7M        23M       3.2G

MemTotal:        4016004 kB
MemFree:          131668 kB
Active:           365264 kB
Mem:          3.8G       3.7G       128M       5.7M        23M       3.2G

MemTotal:        4016004 kB
MemFree:          143860 kB
Active:           365064 kB
Mem:          3.8G       3.7G       140M       5.7M        23M       3.2G

MemTotal:        4016004 kB
MemFree:          149964 kB
Active:           365064 kB
Mem:          3.8G       3.7G       146M       5.7M        23M       3.2G

MemTotal:        4016004 kB
MemFree:          145600 kB
Active:           365064 kB
Mem:          3.8G       3.7G       142M       5.7M        23M       3.2G

MemTotal:        4016004 kB
MemFree:          144484 kB
Active:           366200 kB
Mem:          3.8G       3.7G       141M       5.7M        23M       3.2G

MemTotal:        4016004 kB
MemFree:          145688 kB
Active:           368184 kB
Mem:          3.8G       3.7G       142M       5.7M        23M       3.2G

MemTotal:        4016004 kB
MemFree:          143896 kB
Active:           368240 kB
Mem:          3.8G       3.7G       140M       5.7M        23M       3.2G

MemTotal:        4016004 kB
MemFree:          134988 kB
Active:           368244 kB
Mem:          3.8G       3.7G       131M       5.7M        23M       3.2G

MemTotal:        4016004 kB
MemFree:          117204 kB
Active:           368244 kB
Mem:          3.8G       3.7G       114M       5.7M        23M       3.2G

MemTotal:        4016004 kB
MemFree:          114864 kB
Active:           368260 kB
Mem:          3.8G       3.7G       112M       5.7M        23M       3.2G

MemTotal:        4016004 kB
MemFree:          113816 kB
Active:           368264 kB
Mem:          3.8G       3.7G       110M       5.7M        23M       3.2G

MemTotal:        4016004 kB
MemFree:          112976 kB
Active:           368212 kB
Mem:          3.8G       3.7G       110M       5.7M        23M       3.2G

MemTotal:        4016004 kB
MemFree:          135524 kB
Active:           366704 kB
Mem:          3.8G       3.7G       131M       5.7M        23M       3.2G

MemTotal:        4016004 kB
MemFree:          127268 kB
Active:           363792 kB
Mem:          3.8G       3.7G       124M       5.7M        23M       3.2G

MemTotal:        4016004 kB
MemFree:          131844 kB
Active:           361244 kB
Mem:          3.8G       3.7G       128M       5.7M        23M       3.2G

MemTotal:        4016004 kB
MemFree:          133768 kB
Active:           360860 kB
Mem:          3.8G       3.7G       130M       5.7M        23M       3.2G

MemTotal:        4016004 kB
MemFree:          131684 kB
Active:           360732 kB
Mem:          3.8G       3.7G       128M       5.7M        23M       3.2G

MemTotal:        4016004 kB
MemFree:          141708 kB
Active:           360732 kB
Mem:          3.8G       3.7G       138M       5.7M        23M       3.2G

MemTotal:        4016004 kB
MemFree:          136328 kB
Active:           360736 kB
Mem:          3.8G       3.7G       133M       5.7M        23M       3.2G

MemTotal:        4016004 kB
MemFree:          139664 kB
Active:           360748 kB
Mem:          3.8G       3.7G       135M       5.7M        23M       3.2G

MemTotal:        4016004 kB
MemFree:          138716 kB
Active:           360752 kB
Mem:          3.8G       3.7G       135M       5.7M        23M       3.2G

MemTotal:        4016004 kB
MemFree:          136788 kB
Active:           361056 kB
Mem:          3.8G       3.7G       133M       5.7M        23M       3.2G

MemTotal:        4016004 kB
MemFree:          135524 kB
Active:           360772 kB
Mem:          3.8G       3.7G       132M       5.7M        23M       3.2G

MemTotal:        4016004 kB
MemFree:          135124 kB
Active:           360760 kB
Mem:          3.8G       3.7G       131M       5.7M        23M       3.2G

MemTotal:        4016004 kB
MemFree:          132212 kB
Active:           358372 kB
Mem:          3.8G       3.7G       129M       5.7M        23M       3.2G

MemTotal:        4016004 kB
MemFree:          116684 kB
Active:           357932 kB
Mem:          3.8G       3.7G       124M       5.7M        23M       3.2G

MemTotal:        4016004 kB
MemFree:          129868 kB
Active:           357964 kB
Mem:          3.8G       3.7G       126M       5.7M        23M       3.2G

MemTotal:        4016004 kB
MemFree:          118896 kB
Active:           357964 kB
Mem:          3.8G       3.7G       115M       5.7M        23M       3.2G

MemTotal:        4016004 kB
MemFree:          132848 kB
Active:           357928 kB
Mem:          3.8G       3.7G       128M       5.7M        23M       3.2G

MemTotal:        4016004 kB
MemFree:          149568 kB
Active:           311776 kB
Mem:          3.8G       3.7G       145M       5.7M        23M       3.2G

MemTotal:        4016004 kB
MemFree:          150204 kB
Active:           311620 kB
Mem:          3.8G       3.7G       146M       5.7M        23M       3.2G

MemTotal:        4016004 kB
MemFree:          148956 kB
Active:           311604 kB
Mem:          3.8G       3.7G       144M       5.7M        23M       3.2G

MemTotal:        4016004 kB
MemFree:          147280 kB
Active:           311652 kB
Mem:          3.8G       3.7G       143M       5.7M        23M       3.2G

MemTotal:        4016004 kB
MemFree:          146020 kB
Active:           311652 kB
Mem:          3.8G       3.7G       142M       5.7M        23M       3.2G

MemTotal:        4016004 kB
MemFree:          137176 kB
Active:           313720 kB
Mem:          3.8G       3.7G       133M       5.7M        23M       3.2G

MemTotal:        4016004 kB
MemFree:          135492 kB
Active:           313652 kB
Mem:          3.8G       3.7G       132M       5.7M        23M       3.2G

MemTotal:        4016004 kB
MemFree:          135400 kB
Active:           313688 kB
Mem:          3.8G       3.7G       132M       5.7M        23M       3.2G

MemTotal:        4016004 kB
MemFree:          135532 kB
Active:           313708 kB
Mem:          3.8G       3.7G       132M       5.7M        23M       3.2G

MemTotal:        4016004 kB
MemFree:          134088 kB
Active:           313696 kB
Mem:          3.8G       3.7G       130M       5.7M        23M       3.2G

MemTotal:        4016004 kB
MemFree:          144816 kB
Active:           312708 kB
Mem:          3.8G       3.7G       141M       5.7M        23M       3.2G

MemTotal:        4016004 kB
MemFree:          127092 kB
Active:           312712 kB
Mem:          3.8G       3.7G       123M       5.7M        23M       3.2G

MemTotal:        4016004 kB
MemFree:          126996 kB
Active:           312712 kB
Mem:          3.8G       3.7G       123M       5.7M        23M       3.2G

MemTotal:        4016004 kB
MemFree:          120224 kB
Active:           312720 kB
Mem:          3.8G       3.7G       117M       5.7M        23M       3.2G

MemTotal:        4016004 kB
MemFree:          131252 kB
Active:           312676 kB
Mem:          3.8G       3.7G       128M       5.7M        23M       3.2G

MemTotal:        4016004 kB
MemFree:          131548 kB
Active:           312680 kB
Mem:          3.8G       3.7G       127M       5.7M        23M       3.2G

MemTotal:        4016004 kB
MemFree:          128748 kB
Active:           312720 kB
Mem:          3.8G       3.7G       125M       5.7M        23M       3.2G

MemTotal:        4016004 kB
MemFree:          119692 kB
Active:           312720 kB
Mem:          3.8G       3.7G       117M       5.7M        23M       3.2G

MemTotal:        4016004 kB
MemFree:          138264 kB
Active:           309948 kB
Mem:          3.8G       3.7G       134M       5.7M        23M       3.2G

MemTotal:        4016004 kB
MemFree:          137100 kB
Active:           309720 kB
Mem:          3.8G       3.7G       133M       5.7M        23M       3.2G

MemTotal:        4016004 kB
MemFree:          135648 kB
Active:           309780 kB
Mem:          3.8G       3.7G       132M       5.7M        23M       3.2G

MemTotal:        4016004 kB
MemFree:          134940 kB
Active:           309744 kB
Mem:          3.8G       3.7G       131M       5.7M        23M       3.2G

MemTotal:        4016004 kB
MemFree:          135592 kB
Active:           309784 kB
Mem:          3.8G       3.7G       132M       5.7M        23M       3.2G

MemTotal:        4016004 kB
MemFree:          136136 kB
Active:           309792 kB
Mem:          3.8G       3.7G       132M       5.7M        23M       3.2G

MemTotal:        4016004 kB
MemFree:          134504 kB
Active:           309744 kB
Mem:          3.8G       3.7G       130M       5.7M        23M       3.2G

MemTotal:        4016004 kB
MemFree:          135084 kB
Active:           310764 kB
Mem:          3.8G       3.7G       132M       5.7M        23M       3.2G

MemTotal:        4016004 kB
MemFree:          128012 kB
Active:           310456 kB
Mem:          3.8G       3.7G       125M       5.7M        23M       3.2G

MemTotal:        4016004 kB
MemFree:          128020 kB
Active:           310332 kB
Mem:          3.8G       3.7G       125M       5.7M        23M       3.2G

MemTotal:        4016004 kB
MemFree:          128392 kB
Active:           310284 kB
Mem:          3.8G       3.7G       125M       5.7M        23M       3.2G

MemTotal:        4016004 kB
MemFree:          128268 kB
Active:           310292 kB
Mem:          3.8G       3.7G       125M       5.7M        23M       3.2G

MemTotal:        4016004 kB
MemFree:          128224 kB
Active:           310336 kB
Mem:          3.8G       3.7G       125M       5.7M        23M       3.2G

MemTotal:        4016004 kB
MemFree:          127904 kB
Active:           310340 kB
Mem:          3.8G       3.7G       124M       5.7M        23M       3.2G

MemTotal:        4016004 kB
MemFree:          127896 kB
Active:           310296 kB
Mem:          3.8G       3.7G       124M       5.7M        23M       3.2G

MemTotal:        4016004 kB
MemFree:          127900 kB
Active:           310328 kB
Mem:          3.8G       3.7G       124M       5.7M        23M       3.2G

MemTotal:        4016004 kB
MemFree:          127800 kB
Active:           310352 kB
Mem:          3.8G       3.7G       124M       5.7M        23M       3.2G

MemTotal:        4016004 kB
MemFree:          128312 kB
Active:           310324 kB
Mem:          3.8G       3.7G       125M       5.7M        23M       3.2G

MemTotal:        4016004 kB
MemFree:          128436 kB
Active:           310324 kB
Mem:          3.8G       3.7G       125M       5.7M        23M       3.2G

MemTotal:        4016004 kB
MemFree:          128436 kB
Active:           310332 kB
Mem:          3.8G       3.7G       125M       5.7M        23M       3.2G

MemTotal:        4016004 kB
MemFree:          127924 kB
Active:           310364 kB
Mem:          3.8G       3.7G       125M       5.7M        23M       3.2G

MemTotal:        4016004 kB
MemFree:          128436 kB
Active:           310344 kB
Mem:          3.8G       3.7G       125M       5.7M        23M       3.2G

MemTotal:        4016004 kB
MemFree:          128188 kB
Active:           310316 kB
Mem:          3.8G       3.7G       124M       5.7M        23M       3.2G

MemTotal:        4016004 kB
MemFree:          127676 kB
Active:           310364 kB
Mem:          3.8G       3.7G       124M       5.7M        23M       3.2G

MemTotal:        4016004 kB
MemFree:          128188 kB
Active:           310332 kB
Mem:          3.8G       3.7G       124M       5.7M        23M       3.2G

MemTotal:        4016004 kB
MemFree:          128048 kB
Active:           310332 kB
Mem:          3.8G       3.7G       125M       5.7M        23M       3.2G

MemTotal:        4016004 kB
MemFree:          128064 kB
Active:           310344 kB
Mem:          3.8G       3.7G       125M       5.7M        23M       3.2G

MemTotal:        4016004 kB
MemFree:          127676 kB
Active:           310376 kB
Mem:          3.8G       3.7G       124M       5.7M        23M       3.2G

MemTotal:        4016004 kB
MemFree:          128064 kB
Active:           310360 kB
Mem:          3.8G       3.7G       124M       5.7M        23M       3.2G

MemTotal:        4016004 kB
MemFree:          127940 kB
Active:           310360 kB
Mem:          3.8G       3.7G       124M       5.7M        23M       3.2G

MemTotal:        4016004 kB
MemFree:          128032 kB
Active:           310332 kB
Mem:          3.8G       3.7G       125M       5.7M        23M       3.2G

MemTotal:        4016004 kB
MemFree:          127924 kB
Active:           310388 kB
Mem:          3.8G       3.7G       125M       5.7M        23M       3.2G

MemTotal:        4016004 kB
MemFree:          128312 kB
Active:           310352 kB
Mem:          3.8G       3.7G       125M       5.7M        23M       3.2G

MemTotal:        4016004 kB
MemFree:          128188 kB
Active:           310348 kB
Mem:          3.8G       3.7G       125M       5.7M        23M       3.2G

MemTotal:        4016004 kB
MemFree:          127800 kB
Active:           310392 kB
Mem:          3.8G       3.7G       124M       5.7M        23M       3.2G

MemTotal:        4016004 kB
MemFree:          128064 kB
Active:           310444 kB
Mem:          3.8G       3.7G       124M       5.7M        23M       3.2G

MemTotal:        4016004 kB
MemFree:          127940 kB
Active:           310500 kB
Mem:          3.8G       3.7G       125M       5.7M        23M       3.2G

MemTotal:        4016004 kB
MemFree:          127784 kB
Active:           310460 kB
Mem:          3.8G       3.7G       124M       5.7M        23M       3.2G

MemTotal:        4016004 kB
MemFree:          127676 kB
Active:           310404 kB
Mem:          3.8G       3.7G       124M       5.7M        23M       3.2G

MemTotal:        4016004 kB
MemFree:          127660 kB
Active:           310404 kB
Mem:          3.8G       3.7G       124M       5.7M        23M       3.2G

MemTotal:        4016004 kB
MemFree:          127412 kB
Active:           310420 kB
Mem:          3.8G       3.7G       124M       5.7M        23M       3.2G

MemTotal:        4016004 kB
MemFree:          127644 kB
Active:           310384 kB
Mem:          3.8G       3.7G       124M       5.7M        23M       3.2G

MemTotal:        4016004 kB
MemFree:          128064 kB
Active:           310484 kB
Mem:          3.8G       3.7G       125M       5.7M        23M       3.2G

MemTotal:        4016004 kB
MemFree:          127988 kB
Active:           310488 kB
Mem:          3.8G       3.7G       125M       5.7M        23M       3.2G

MemTotal:        4016004 kB
MemFree:          128012 kB
Active:           310440 kB
Mem:          3.8G       3.7G       125M       5.7M        23M       3.2G

MemTotal:        4016004 kB
MemFree:          127460 kB
Active:           310540 kB
Mem:          3.8G       3.7G       124M       5.7M        23M       3.2G

MemTotal:        4016004 kB
MemFree:          128156 kB
Active:           310364 kB
Mem:          3.8G       3.7G       125M       5.7M        23M       3.2G

MemTotal:        4016004 kB
MemFree:          126216 kB
Active:           310380 kB
Mem:          3.8G       3.7G       123M       5.7M        23M       3.2G

MemTotal:        4016004 kB
MemFree:          126464 kB
Active:           312420 kB
Mem:          3.8G       3.7G       123M       5.7M        23M       3.2G

MemTotal:        4016004 kB
MemFree:          126340 kB
Active:           312412 kB
Mem:          3.8G       3.7G       123M       5.7M        23M       3.2G

MemTotal:        4016004 kB
MemFree:          126356 kB
Active:           312320 kB
Mem:          3.8G       3.7G       123M       5.7M        23M       3.2G

MemTotal:        4016004 kB
MemFree:          126464 kB
Active:           312292 kB
Mem:          3.8G       3.7G       123M       5.7M        23M       3.2G

MemTotal:        4016004 kB
MemFree:          126464 kB
Active:           312276 kB
Mem:          3.8G       3.7G       123M       5.7M        23M       3.2G

MemTotal:        4016004 kB
MemFree:          126588 kB
Active:           312344 kB
Mem:          3.8G       3.7G       123M       5.7M        23M       3.2G

MemTotal:        4016004 kB
MemFree:          126348 kB
Active:           312320 kB
Mem:          3.8G       3.7G       123M       5.7M        23M       3.2G

MemTotal:        4016004 kB
MemFree:          126348 kB
Active:           312352 kB
Mem:          3.8G       3.7G       123M       5.7M        23M       3.2G

MemTotal:        4016004 kB
MemFree:          125992 kB
Active:           312568 kB
Mem:          3.8G       3.7G       122M       5.7M        23M       3.2G

MemTotal:        4016004 kB
MemFree:          125776 kB
Active:           312460 kB
Mem:          3.8G       3.7G       122M       5.7M        23M       3.2G

MemTotal:        4016004 kB
MemFree:          126024 kB
Active:           312436 kB
Mem:          3.8G       3.7G       122M       5.7M        23M       3.2G

MemTotal:        4016004 kB
MemFree:          125900 kB
Active:           312476 kB
Mem:          3.8G       3.7G       122M       5.7M        23M       3.2G

MemTotal:        4016004 kB
MemFree:          126272 kB
Active:           312436 kB
Mem:          3.8G       3.7G       123M       5.7M        23M       3.2G

MemTotal:        4016004 kB
MemFree:          126148 kB
Active:           312472 kB
Mem:          3.8G       3.7G       123M       5.7M        23M       3.2G

MemTotal:        4016004 kB
MemFree:          125900 kB
Active:           312488 kB
Mem:          3.8G       3.7G       123M       5.7M        23M       3.2G

MemTotal:        4016004 kB
MemFree:          125900 kB
Active:           312488 kB
Mem:          3.8G       3.7G       123M       5.7M        23M       3.2G

MemTotal:        4016004 kB
MemFree:          126148 kB
Active:           312432 kB
Mem:          3.8G       3.7G       123M       5.7M        23M       3.2G

MemTotal:        4016004 kB
MemFree:          126148 kB
Active:           312448 kB
Mem:          3.8G       3.7G       123M       5.7M        23M       3.2G

MemTotal:        4016004 kB
MemFree:          126272 kB
Active:           312448 kB
Mem:          3.8G       3.7G       123M       5.7M        23M       3.2G

MemTotal:        4016004 kB
MemFree:          124348 kB
Active:           312460 kB
Mem:          3.8G       3.7G       121M       5.7M        23M       3.2G

MemTotal:        4016004 kB
MemFree:          124348 kB
Active:           314500 kB
Mem:          3.8G       3.7G       121M       5.7M        23M       3.2G

MemTotal:        4016004 kB
MemFree:          124224 kB
Active:           314520 kB
Mem:          3.8G       3.7G       121M       5.7M        23M       3.2G

MemTotal:        4016004 kB
MemFree:          124224 kB
Active:           314508 kB
Mem:          3.8G       3.7G       121M       5.7M        23M       3.2G

MemTotal:        4016004 kB
MemFree:          123728 kB
Active:           314520 kB
Mem:          3.8G       3.7G       121M       5.7M        23M       3.2G

MemTotal:        4016004 kB
MemFree:          124472 kB
Active:           314496 kB
Mem:          3.8G       3.7G       121M       5.7M        23M       3.2G

MemTotal:        4016004 kB
MemFree:          124472 kB
Active:           314480 kB
Mem:          3.8G       3.7G       121M       5.7M        23M       3.2G

MemTotal:        4016004 kB
MemFree:          124472 kB
Active:           314508 kB
Mem:          3.8G       3.7G       121M       5.7M        23M       3.2G

MemTotal:        4016004 kB
MemFree:          124472 kB
Active:           314476 kB
Mem:          3.8G       3.7G       121M       5.7M        23M       3.2G

MemTotal:        4016004 kB
MemFree:          124472 kB
Active:           314516 kB
Mem:          3.8G       3.7G       121M       5.7M        23M       3.2G

MemTotal:        4016004 kB
MemFree:          124224 kB
Active:           314504 kB
Mem:          3.8G       3.7G       121M       5.7M        23M       3.2G

MemTotal:        4016004 kB
MemFree:          124472 kB
Active:           314500 kB
Mem:          3.8G       3.7G       121M       5.7M        23M       3.2G

MemTotal:        4016004 kB
MemFree:          124100 kB
Active:           314532 kB
Mem:          3.8G       3.7G       121M       5.7M        23M       3.2G

MemTotal:        4016004 kB
MemFree:          124348 kB
Active:           314524 kB
Mem:          3.8G       3.7G       121M       5.7M        23M       3.2G

MemTotal:        4016004 kB
MemFree:          124348 kB
Active:           314540 kB
Mem:          3.8G       3.7G       121M       5.7M        23M       3.2G

MemTotal:        4016004 kB
MemFree:          124348 kB
Active:           314524 kB
Mem:          3.8G       3.7G       121M       5.7M        23M       3.2G

MemTotal:        4016004 kB
MemFree:          123976 kB
Active:           314544 kB
Mem:          3.8G       3.7G       121M       5.7M        23M       3.2G

MemTotal:        4016004 kB
MemFree:          123728 kB
Active:           314516 kB
Mem:          3.8G       3.7G       121M       5.7M        23M       3.2G

MemTotal:        4016004 kB
MemFree:          123976 kB
Active:           314520 kB
Mem:          3.8G       3.7G       121M       5.7M        23M       3.2G

MemTotal:        4016004 kB
MemFree:          123976 kB
Active:           314520 kB
Mem:          3.8G       3.7G       120M       5.7M        23M       3.2G

MemTotal:        4016004 kB
MemFree:          123604 kB
Active:           314544 kB
Mem:          3.8G       3.7G       120M       5.7M        23M       3.2G

MemTotal:        4016004 kB
MemFree:          123976 kB
Active:           314516 kB
Mem:          3.8G       3.7G       121M       5.7M        23M       3.2G

MemTotal:        4016004 kB
MemFree:          123976 kB
Active:           314504 kB
Mem:          3.8G       3.7G       120M       5.7M        23M       3.2G

MemTotal:        4016004 kB
MemFree:          123976 kB
Active:           314508 kB
Mem:          3.8G       3.7G       120M       5.7M        23M       3.2G

MemTotal:        4016004 kB
MemFree:          124224 kB
Active:           314492 kB
Mem:          3.8G       3.7G       121M       5.7M        23M       3.2G

MemTotal:        4016004 kB
MemFree:          124356 kB
Active:           314544 kB
Mem:          3.8G       3.7G       121M       5.7M        23M       3.2G

MemTotal:        4016004 kB
MemFree:          123984 kB
Active:           314548 kB
Mem:          3.8G       3.7G       121M       5.7M        23M       3.2G

MemTotal:        4016004 kB
MemFree:          124232 kB
Active:           314536 kB
Mem:          3.8G       3.7G       121M       5.7M        23M       3.2G

MemTotal:        4016004 kB
MemFree:          123984 kB
Active:           314560 kB
Mem:          3.8G       3.7G       121M       5.7M        23M       3.2G

MemTotal:        4016004 kB
MemFree:          124232 kB
Active:           314548 kB
Mem:          3.8G       3.7G       121M       5.7M        23M       3.2G

MemTotal:        4016004 kB
MemFree:          124356 kB
Active:           314540 kB
Mem:          3.8G       3.7G       121M       5.7M        23M       3.2G

MemTotal:        4016004 kB
MemFree:          123984 kB
Active:           314560 kB
Mem:          3.8G       3.7G       120M       5.7M        23M       3.2G

MemTotal:        4016004 kB
MemFree:          124108 kB
Active:           314504 kB
Mem:          3.8G       3.7G       120M       5.7M        23M       3.2G

MemTotal:        4016004 kB
MemFree:          123860 kB
Active:           314524 kB
Mem:          3.8G       3.7G       120M       5.7M        23M       3.2G

MemTotal:        4016004 kB
MemFree:          123488 kB
Active:           314560 kB
Mem:          3.8G       3.7G       120M       5.7M        23M       3.2G

MemTotal:        4016004 kB
MemFree:          123984 kB
Active:           314504 kB
Mem:          3.8G       3.7G       120M       5.7M        23M       3.2G

MemTotal:        4016004 kB
MemFree:          123612 kB
Active:           314564 kB
Mem:          3.8G       3.7G       120M       5.7M        23M       3.2G

MemTotal:        4016004 kB
MemFree:          124108 kB
Active:           314540 kB
Mem:          3.8G       3.7G       121M       5.7M        23M       3.2G

MemTotal:        4016004 kB
MemFree:          123736 kB
Active:           314552 kB
Mem:          3.8G       3.7G       120M       5.7M        23M       3.2G

MemTotal:        4016004 kB
MemFree:          123736 kB
Active:           314552 kB
Mem:          3.8G       3.7G       120M       5.7M        23M       3.2G

MemTotal:        4016004 kB
MemFree:          123488 kB
Active:           314568 kB
Mem:          3.8G       3.7G       120M       5.7M        23M       3.2G

MemTotal:        4016004 kB
MemFree:          123736 kB
Active:           314572 kB
Mem:          3.8G       3.7G       120M       5.7M        23M       3.2G

MemTotal:        4016004 kB
MemFree:          123736 kB
Active:           314560 kB
Mem:          3.8G       3.7G       121M       5.7M        23M       3.2G

MemTotal:        4016004 kB
MemFree:          124108 kB
Active:           314548 kB
Mem:          3.8G       3.7G       121M       5.7M        23M       3.2G

MemTotal:        4016004 kB
MemFree:          123736 kB
Active:           314580 kB
Mem:          3.8G       3.7G       121M       5.7M        23M       3.2G

MemTotal:        4016004 kB
MemFree:          124108 kB
Active:           314580 kB
Mem:          3.8G       3.7G       121M       5.7M        23M       3.2G

MemTotal:        4016004 kB
MemFree:          124232 kB
Active:           314576 kB
Mem:          3.8G       3.7G       121M       5.7M        23M       3.2G

MemTotal:        4016004 kB
MemFree:          123860 kB
Active:           314588 kB
Mem:          3.8G       3.7G       120M       5.7M        23M       3.2G

MemTotal:        4016004 kB
MemFree:          124108 kB
Active:           314564 kB
Mem:          3.8G       3.7G       120M       5.7M        23M       3.2G

MemTotal:        4016004 kB
MemFree:          122060 kB
Active:           314576 kB
Mem:          3.8G       3.7G       119M       5.7M        23M       3.2G

MemTotal:        4016004 kB
MemFree:          122060 kB
Active:           316560 kB
Mem:          3.8G       3.7G       119M       5.7M        23M       3.2G

MemTotal:        4016004 kB
MemFree:          121688 kB
Active:           316616 kB
Mem:          3.8G       3.7G       118M       5.7M        23M       3.2G

MemTotal:        4016004 kB
MemFree:          121688 kB
Active:           316604 kB
Mem:          3.8G       3.7G       118M       5.7M        23M       3.2G

MemTotal:        4016004 kB
MemFree:          121688 kB
Active:           316588 kB
Mem:          3.8G       3.7G       118M       5.7M        23M       3.2G

MemTotal:        4016004 kB
MemFree:          121688 kB
Active:           316576 kB
Mem:          3.8G       3.7G       118M       5.7M        23M       3.2G

MemTotal:        4016004 kB
MemFree:          121688 kB
Active:           316620 kB
Mem:          3.8G       3.7G       118M       5.7M        23M       3.2G

MemTotal:        4016004 kB
MemFree:          122184 kB
Active:           316624 kB
Mem:          3.8G       3.7G       119M       5.7M        23M       3.2G

MemTotal:        4016004 kB
MemFree:          122184 kB
Active:           316608 kB
Mem:          3.8G       3.7G       119M       5.7M        23M       3.2G

MemTotal:        4016004 kB
MemFree:          121812 kB
Active:           316628 kB
Mem:          3.8G       3.7G       119M       5.7M        23M       3.2G

MemTotal:        4016004 kB
MemFree:          122060 kB
Active:           316608 kB
Mem:          3.8G       3.7G       119M       5.7M        23M       3.2G

MemTotal:        4016004 kB
MemFree:          122060 kB
Active:           316596 kB
Mem:          3.8G       3.7G       119M       5.7M        23M       3.2G

MemTotal:        4016004 kB
MemFree:          122060 kB
Active:           316580 kB
Mem:          3.8G       3.7G       119M       5.7M        23M       3.2G

MemTotal:        4016004 kB
MemFree:          122060 kB
Active:           316632 kB
Mem:          3.8G       3.7G       119M       5.7M        23M       3.2G

MemTotal:        4016004 kB
MemFree:          122060 kB
Active:           316608 kB
Mem:          3.8G       3.7G       119M       5.7M        23M       3.2G

MemTotal:        4016004 kB
MemFree:          121688 kB
Active:           316636 kB
Mem:          3.8G       3.7G       118M       5.7M        23M       3.2G

MemTotal:        4016004 kB
MemFree:          121688 kB
Active:           316616 kB
Mem:          3.8G       3.7G       118M       5.7M        23M       3.2G

MemTotal:        4016004 kB
MemFree:          121688 kB
Active:           316624 kB
Mem:          3.8G       3.7G       118M       5.7M        23M       3.2G

MemTotal:        4016004 kB
MemFree:          121316 kB
Active:           316636 kB
Mem:          3.8G       3.7G       118M       5.7M        23M       3.2G

MemTotal:        4016004 kB
MemFree:          121688 kB
Active:           316596 kB
Mem:          3.8G       3.7G       118M       5.7M        23M       3.2G

MemTotal:        4016004 kB
MemFree:          121688 kB
Active:           316636 kB
Mem:          3.8G       3.7G       118M       5.7M        23M       3.2G

MemTotal:        4016004 kB
MemFree:          121812 kB
Active:           316640 kB
Mem:          3.8G       3.7G       118M       5.7M        23M       3.2G

MemTotal:        4016004 kB
MemFree:          121440 kB
Active:           316644 kB
Mem:          3.8G       3.7G       118M       5.7M        23M       3.2G

MemTotal:        4016004 kB
MemFree:          121688 kB
Active:           316620 kB
Mem:          3.8G       3.7G       118M       5.7M        23M       3.2G

MemTotal:        4016004 kB
MemFree:          121688 kB
Active:           316632 kB
Mem:          3.8G       3.7G       118M       5.7M        23M       3.2G

MemTotal:        4016004 kB
MemFree:          121688 kB
Active:           316644 kB
Mem:          3.8G       3.7G       119M       5.7M        23M       3.2G

MemTotal:        4016004 kB
MemFree:          121812 kB
Active:           316644 kB
Mem:          3.8G       3.7G       118M       5.7M        23M       3.2G

MemTotal:        4016004 kB
MemFree:          121688 kB
Active:           316648 kB
Mem:          3.8G       3.7G       118M       5.7M        23M       3.2G

MemTotal:        4016004 kB
MemFree:          121936 kB
Active:           316620 kB
Mem:          3.8G       3.7G       119M       5.7M        23M       3.2G

MemTotal:        4016004 kB
MemFree:          121440 kB
Active:           316656 kB
Mem:          3.8G       3.7G       118M       5.7M        23M       3.2G

MemTotal:        4016004 kB
MemFree:          121564 kB
Active:           316656 kB
Mem:          3.8G       3.7G       118M       5.7M        23M       3.2G

MemTotal:        4016004 kB
MemFree:          122060 kB
Active:           316604 kB
Mem:          3.8G       3.7G       118M       5.7M        23M       3.2G

MemTotal:        4016004 kB
MemFree:          121440 kB
Active:           316656 kB
Mem:          3.8G       3.7G       118M       5.7M        23M       3.2G

MemTotal:        4016004 kB
MemFree:          121688 kB
Active:           316648 kB
Mem:          3.8G       3.7G       118M       5.7M        23M       3.2G

MemTotal:        4016004 kB
MemFree:          121192 kB
Active:           316664 kB
Mem:          3.8G       3.7G       118M       5.7M        23M       3.2G

MemTotal:        4016004 kB
MemFree:          121440 kB
Active:           316664 kB
Mem:          3.8G       3.7G       118M       5.7M        23M       3.2G

MemTotal:        4016004 kB
MemFree:          121440 kB
Active:           316664 kB
Mem:          3.8G       3.7G       118M       5.7M        23M       3.2G

MemTotal:        4016004 kB
MemFree:          121688 kB
Active:           316648 kB
Mem:          3.8G       3.7G       118M       5.7M        23M       3.2G

MemTotal:        4016004 kB
MemFree:          121688 kB
Active:           316648 kB
Mem:          3.8G       3.7G       118M       5.7M        23M       3.2G

MemTotal:        4016004 kB
MemFree:          121812 kB
Active:           316664 kB
Mem:          3.8G       3.7G       118M       5.7M        23M       3.2G

MemTotal:        4016004 kB
MemFree:          121192 kB
Active:           316668 kB
Mem:          3.8G       3.7G       118M       5.7M        23M       3.2G

MemTotal:        4016004 kB
MemFree:          121688 kB
Active:           316620 kB
Mem:          3.8G       3.7G       118M       5.7M        23M       3.2G

MemTotal:        4016004 kB
MemFree:          121936 kB
Active:           316656 kB
Mem:          3.8G       3.7G       119M       5.7M        23M       3.2G

MemTotal:        4016004 kB
MemFree:          121936 kB
Active:           316640 kB
Mem:          3.8G       3.7G       119M       5.7M        23M       3.2G

MemTotal:        4016004 kB
MemFree:          121936 kB
Active:           316636 kB
Mem:          3.8G       3.7G       118M       5.7M        23M       3.2G

MemTotal:        4016004 kB
MemFree:          122060 kB
Active:           316628 kB
Mem:          3.8G       3.7G       119M       5.7M        23M       3.2G

MemTotal:        4016004 kB
MemFree:          122184 kB
Active:           316616 kB
Mem:          3.8G       3.7G       119M       5.7M        23M       3.2G

MemTotal:        4016004 kB
MemFree:          122308 kB
Active:           316672 kB
Mem:          3.8G       3.7G       119M       5.7M        23M       3.2G

MemTotal:        4016004 kB
MemFree:          122308 kB
Active:           316672 kB
Mem:          3.8G       3.7G       119M       5.7M        23M       3.2G

MemTotal:        4016004 kB
MemFree:          122184 kB
Active:           316664 kB
Mem:          3.8G       3.7G       119M       5.7M        23M       3.2G

MemTotal:        4016004 kB
MemFree:          122308 kB
Active:           316652 kB
Mem:          3.8G       3.7G       119M       5.7M        23M       3.2G

MemTotal:        4016004 kB
MemFree:          122060 kB
Active:           316652 kB
Mem:          3.8G       3.7G       119M       5.7M        23M       3.2G

MemTotal:        4016004 kB
MemFree:          122060 kB
Active:           316684 kB
Mem:          3.8G       3.7G       119M       5.7M        23M       3.2G

MemTotal:        4016004 kB
MemFree:          122308 kB
Active:           316680 kB
Mem:          3.8G       3.7G       119M       5.7M        23M       3.2G

MemTotal:        4016004 kB
MemFree:          121688 kB
Active:           316696 kB
Mem:          3.8G       3.7G       119M       5.7M        23M       3.2G

MemTotal:        4016004 kB
MemFree:          121936 kB
Active:           316672 kB
Mem:          3.8G       3.7G       118M       5.7M        23M       3.2G

MemTotal:        4016004 kB
MemFree:          121936 kB
Active:           316656 kB
Mem:          3.8G       3.7G       118M       5.7M        23M       3.2G

MemTotal:        4016004 kB
MemFree:          121688 kB
Active:           316704 kB
Mem:          3.8G       3.7G       118M       5.7M        23M       3.2G

MemTotal:        4016004 kB
MemFree:          121936 kB
Active:           316676 kB
Mem:          3.8G       3.7G       118M       5.7M        23M       3.2G

MemTotal:        4016004 kB
MemFree:          121812 kB
Active:           316704 kB
Mem:          3.8G       3.7G       118M       5.7M        23M       3.2G

MemTotal:        4016004 kB
MemFree:          121440 kB
Active:           316716 kB
Mem:          3.8G       3.7G       118M       5.7M        23M       3.2G

MemTotal:        4016004 kB
MemFree:          121688 kB
Active:           316692 kB
Mem:          3.8G       3.7G       118M       5.7M        23M       3.2G

MemTotal:        4016004 kB
MemFree:          121688 kB
Active:           316704 kB
Mem:          3.8G       3.7G       118M       5.7M        23M       3.2G

MemTotal:        4016004 kB
MemFree:          121688 kB
Active:           316660 kB
Mem:          3.8G       3.7G       118M       5.7M        23M       3.2G

MemTotal:        4016004 kB
MemFree:          121440 kB
Active:           316720 kB
Mem:          3.8G       3.7G       118M       5.7M        23M       3.2G

MemTotal:        4016004 kB
MemFree:          121316 kB
Active:           316720 kB
Mem:          3.8G       3.7G       118M       5.7M        23M       3.2G

MemTotal:        4016004 kB
MemFree:          121688 kB
Active:           316704 kB
Mem:          3.8G       3.7G       118M       5.7M        23M       3.2G

MemTotal:        4016004 kB
MemFree:          121936 kB
Active:           316692 kB
Mem:          3.8G       3.7G       118M       5.7M        23M       3.2G

MemTotal:        4016004 kB
MemFree:          121440 kB
Active:           316728 kB
Mem:          3.8G       3.7G       118M       5.7M        23M       3.2G

MemTotal:        4016004 kB
MemFree:          121688 kB
Active:           316716 kB
Mem:          3.8G       3.7G       118M       5.7M        23M       3.2G

MemTotal:        4016004 kB
MemFree:          121704 kB
Active:           316696 kB
Mem:          3.8G       3.7G       119M       5.7M        23M       3.2G

MemTotal:        4016004 kB
MemFree:          121580 kB
Active:           316732 kB
Mem:          3.8G       3.7G       118M       5.7M        23M       3.2G

MemTotal:        4016004 kB
MemFree:          121952 kB
Active:           316704 kB
Mem:          3.8G       3.7G       118M       5.7M        23M       3.2G

MemTotal:        4016004 kB
MemFree:          121456 kB
Active:           316732 kB
Mem:          3.8G       3.7G       118M       5.7M        23M       3.2G

MemTotal:        4016004 kB
MemFree:          121704 kB
Active:           316736 kB
Mem:          3.8G       3.7G       118M       5.7M        23M       3.2G

MemTotal:        4016004 kB
MemFree:          121332 kB
Active:           316768 kB
Mem:          3.8G       3.7G       118M       5.7M        23M       3.2G

MemTotal:        4016004 kB
MemFree:          121828 kB
Active:           316724 kB
Mem:          3.8G       3.7G       118M       5.7M        23M       3.2G

MemTotal:        4016004 kB
MemFree:          121812 kB
Active:           316732 kB
Mem:          3.8G       3.7G       118M       5.7M        23M       3.2G

MemTotal:        4016004 kB
MemFree:          122060 kB
Active:           316748 kB
Mem:          3.8G       3.7G       119M       5.7M        23M       3.2G

