MemTotal:        4016004 kB
MemFree:         3224132 kB
Active:           434572 kB
Mem:          3.8G       773M       3.1G       5.7M        63M       319M

MemTotal:        4016004 kB
MemFree:         3224080 kB
Active:           434512 kB
Mem:          3.8G       773M       3.1G       5.7M        63M       319M

MemTotal:        4016004 kB
MemFree:         3224452 kB
Active:           434540 kB
Mem:          3.8G       772M       3.1G       5.7M        63M       319M

MemTotal:        4016004 kB
MemFree:         3225056 kB
Active:           434568 kB
Mem:          3.8G       772M       3.1G       5.7M        63M       319M

MemTotal:        4016004 kB
MemFree:         3225040 kB
Active:           434544 kB
Mem:          3.8G       772M       3.1G       5.7M        63M       319M

MemTotal:        4016004 kB
MemFree:         3222572 kB
Active:           434564 kB
Mem:          3.8G       774M       3.1G       5.7M        63M       319M

MemTotal:        4016004 kB
MemFree:         3222292 kB
Active:           436620 kB
Mem:          3.8G       774M       3.1G       5.7M        63M       319M

MemTotal:        4016004 kB
MemFree:         3221888 kB
Active:           436620 kB
Mem:          3.8G       775M       3.1G       5.7M        63M       319M

MemTotal:        4016004 kB
MemFree:         3222136 kB
Active:           436572 kB
Mem:          3.8G       775M       3.1G       5.7M        63M       319M

MemTotal:        4016004 kB
MemFree:         3222384 kB
Active:           436580 kB
Mem:          3.8G       775M       3.1G       5.7M        63M       319M

MemTotal:        4016004 kB
MemFree:         3222244 kB
Active:           436620 kB
Mem:          3.8G       775M       3.1G       5.7M        63M       319M

MemTotal:        4016004 kB
MemFree:         3222104 kB
Active:           436572 kB
Mem:          3.8G       775M       3.1G       5.7M        63M       319M

MemTotal:        4016004 kB
MemFree:         3222432 kB
Active:           436608 kB
Mem:          3.8G       774M       3.1G       5.7M        63M       319M

MemTotal:        4016004 kB
MemFree:         3222184 kB
Active:           436620 kB
Mem:          3.8G       775M       3.1G       5.7M        63M       319M

MemTotal:        4016004 kB
MemFree:         3222556 kB
Active:           436580 kB
Mem:          3.8G       775M       3.1G       5.7M        63M       319M

MemTotal:        4016004 kB
MemFree:         3221624 kB
Active:           434588 kB
Mem:          3.8G       775M       3.1G       5.7M        63M       319M

MemTotal:        4016004 kB
MemFree:         3222028 kB
Active:           436636 kB
Mem:          3.8G       775M       3.1G       5.7M        63M       319M

MemTotal:        4016004 kB
MemFree:         3222260 kB
Active:           436632 kB
Mem:          3.8G       775M       3.1G       5.7M        63M       319M

MemTotal:        4016004 kB
MemFree:         3222368 kB
Active:           436616 kB
Mem:          3.8G       774M       3.1G       5.7M        63M       319M

MemTotal:        4016004 kB
MemFree:         3222228 kB
Active:           436636 kB
Mem:          3.8G       775M       3.1G       5.7M        63M       319M

MemTotal:        4016004 kB
MemFree:         3222600 kB
Active:           436620 kB
Mem:          3.8G       774M       3.1G       5.7M        63M       319M

MemTotal:        4016004 kB
MemFree:         3222600 kB
Active:           436596 kB
Mem:          3.8G       774M       3.1G       5.7M        63M       319M

MemTotal:        4016004 kB
MemFree:         3222228 kB
Active:           436644 kB
Mem:          3.8G       775M       3.1G       5.7M        63M       319M

MemTotal:        4016004 kB
MemFree:         3222600 kB
Active:           436616 kB
Mem:          3.8G       774M       3.1G       5.7M        63M       319M

MemTotal:        4016004 kB
MemFree:         3222724 kB
Active:           436596 kB
Mem:          3.8G       774M       3.1G       5.7M        63M       319M

MemTotal:        4016004 kB
MemFree:         3222972 kB
Active:           436636 kB
Mem:          3.8G       774M       3.1G       5.7M        63M       319M

MemTotal:        4016004 kB
MemFree:         3222352 kB
Active:           436648 kB
Mem:          3.8G       774M       3.1G       5.7M        63M       319M

MemTotal:        4016004 kB
MemFree:         3222508 kB
Active:           436604 kB
Mem:          3.8G       774M       3.1G       5.7M        63M       319M

MemTotal:        4016004 kB
MemFree:         3222632 kB
Active:           436600 kB
Mem:          3.8G       774M       3.1G       5.7M        63M       319M

MemTotal:        4016004 kB
MemFree:         3222012 kB
Active:           436656 kB
Mem:          3.8G       775M       3.1G       5.7M        63M       319M

MemTotal:        4016004 kB
MemFree:         3222136 kB
Active:           436656 kB
Mem:          3.8G       775M       3.1G       5.7M        63M       319M

MemTotal:        4016004 kB
MemFree:         3222384 kB
Active:           436640 kB
Mem:          3.8G       774M       3.1G       5.7M        63M       319M

MemTotal:        4016004 kB
MemFree:         3222616 kB
Active:           436612 kB
Mem:          3.8G       774M       3.1G       5.7M        63M       319M

MemTotal:        4016004 kB
MemFree:         3222228 kB
Active:           436668 kB
Mem:          3.8G       775M       3.1G       5.7M        63M       319M

MemTotal:        4016004 kB
MemFree:         3222616 kB
Active:           436660 kB
Mem:          3.8G       774M       3.1G       5.7M        63M       319M

MemTotal:        4016004 kB
MemFree:         3221436 kB
Active:           434640 kB
Mem:          3.8G       775M       3.1G       5.7M        63M       319M

MemTotal:        4016004 kB
MemFree:         3221436 kB
Active:           436692 kB
Mem:          3.8G       775M       3.1G       5.7M        63M       319M

MemTotal:        4016004 kB
MemFree:         3221932 kB
Active:           436668 kB
Mem:          3.8G       775M       3.1G       5.7M        63M       319M

MemTotal:        4016004 kB
MemFree:         3221808 kB
Active:           436676 kB
Mem:          3.8G       775M       3.1G       5.7M        63M       319M

MemTotal:        4016004 kB
MemFree:         3221932 kB
Active:           436652 kB
Mem:          3.8G       775M       3.1G       5.7M        63M       319M

MemTotal:        4016004 kB
MemFree:         3221808 kB
Active:           436696 kB
Mem:          3.8G       775M       3.1G       5.7M        63M       319M

MemTotal:        4016004 kB
MemFree:         3222180 kB
Active:           436672 kB
Mem:          3.8G       775M       3.1G       5.7M        63M       319M

MemTotal:        4016004 kB
MemFree:         3222288 kB
Active:           436696 kB
Mem:          3.8G       775M       3.1G       5.7M        63M       319M

MemTotal:        4016004 kB
MemFree:         3222460 kB
Active:           436680 kB
Mem:          3.8G       775M       3.1G       5.7M        63M       319M

MemTotal:        4016004 kB
MemFree:         3222088 kB
Active:           436708 kB
Mem:          3.8G       775M       3.1G       5.7M        63M       319M

MemTotal:        4016004 kB
MemFree:         3221900 kB
Active:           434660 kB
Mem:          3.8G       775M       3.1G       5.7M        63M       319M

MemTotal:        4016004 kB
MemFree:         3222520 kB
Active:           436664 kB
Mem:          3.8G       775M       3.1G       5.7M        63M       319M

MemTotal:        4016004 kB
MemFree:         3222520 kB
Active:           436696 kB
Mem:          3.8G       774M       3.1G       5.7M        63M       319M

MemTotal:        4016004 kB
MemFree:         3222876 kB
Active:           436680 kB
Mem:          3.8G       774M       3.1G       5.7M        63M       319M

MemTotal:        4016004 kB
MemFree:         3222736 kB
Active:           436664 kB
Mem:          3.8G       774M       3.1G       5.7M        63M       319M

MemTotal:        4016004 kB
MemFree:         3222472 kB
Active:           436720 kB
Mem:          3.8G       775M       3.1G       5.7M        63M       319M

MemTotal:        4016004 kB
MemFree:         3222332 kB
Active:           436672 kB
Mem:          3.8G       775M       3.1G       5.7M        63M       319M

MemTotal:        4016004 kB
MemFree:         3221696 kB
Active:           436736 kB
Mem:          3.8G       775M       3.1G       5.7M        63M       319M

MemTotal:        4016004 kB
MemFree:         3222108 kB
Active:           436712 kB
Mem:          3.8G       775M       3.1G       5.7M        63M       319M

MemTotal:        4016004 kB
MemFree:         3222232 kB
Active:           436680 kB
Mem:          3.8G       775M       3.1G       5.7M        63M       319M

MemTotal:        4016004 kB
MemFree:         3221612 kB
Active:           436736 kB
Mem:          3.8G       775M       3.1G       5.7M        63M       319M

MemTotal:        4016004 kB
MemFree:         3222356 kB
Active:           436696 kB
Mem:          3.8G       775M       3.1G       5.7M        63M       319M

MemTotal:        4016004 kB
MemFree:         3222356 kB
Active:           436732 kB
Mem:          3.8G       775M       3.1G       5.7M        63M       319M

MemTotal:        4016004 kB
MemFree:         3222356 kB
Active:           436700 kB
Mem:          3.8G       774M       3.1G       5.7M        63M       319M

MemTotal:        4016004 kB
MemFree:         3222668 kB
Active:           436736 kB
Mem:          3.8G       774M       3.1G       5.7M        63M       319M

MemTotal:        4016004 kB
MemFree:         3222668 kB
Active:           436716 kB
Mem:          3.8G       774M       3.1G       5.7M        63M       319M

MemTotal:        4016004 kB
MemFree:         3222048 kB
Active:           436748 kB
Mem:          3.8G       775M       3.1G       5.7M        63M       319M

MemTotal:        4016004 kB
MemFree:         3222048 kB
Active:           436748 kB
Mem:          3.8G       775M       3.1G       5.7M        63M       319M

MemTotal:        4016004 kB
MemFree:         3222544 kB
Active:           436704 kB
Mem:          3.8G       775M       3.1G       5.7M        63M       319M

MemTotal:        4016004 kB
MemFree:         3222528 kB
Active:           436756 kB
Mem:          3.8G       774M       3.1G       5.7M        63M       319M

MemTotal:        4016004 kB
MemFree:         3222512 kB
Active:           436720 kB
Mem:          3.8G       775M       3.1G       5.7M        63M       319M

MemTotal:        4016004 kB
MemFree:         3222620 kB
Active:           436736 kB
Mem:          3.8G       775M       3.1G       5.7M        63M       319M

MemTotal:        4016004 kB
MemFree:         3222232 kB
Active:           436748 kB
Mem:          3.8G       775M       3.1G       5.7M        63M       319M

MemTotal:        4016004 kB
MemFree:         3222356 kB
Active:           436708 kB
Mem:          3.8G       775M       3.1G       5.7M        63M       319M

MemTotal:        4016004 kB
MemFree:         3222356 kB
Active:           436716 kB
Mem:          3.8G       775M       3.1G       5.7M        63M       319M

MemTotal:        4016004 kB
MemFree:         3222232 kB
Active:           436732 kB
Mem:          3.8G       775M       3.1G       5.7M        63M       319M

MemTotal:        4016004 kB
MemFree:         3221984 kB
Active:           436760 kB
Mem:          3.8G       775M       3.1G       5.7M        63M       319M

MemTotal:        4016004 kB
MemFree:         3222108 kB
Active:           436712 kB
Mem:          3.8G       775M       3.1G       5.7M        63M       319M

MemTotal:        4016004 kB
MemFree:         3222356 kB
Active:           436756 kB
Mem:          3.8G       775M       3.1G       5.7M        63M       319M

MemTotal:        4016004 kB
MemFree:         3222356 kB
Active:           436736 kB
Mem:          3.8G       775M       3.1G       5.7M        63M       319M

MemTotal:        4016004 kB
MemFree:         3219672 kB
Active:           436736 kB
Mem:          3.8G       777M       3.1G       5.7M        63M       319M

MemTotal:        4016004 kB
MemFree:         3219380 kB
Active:           438792 kB
Mem:          3.8G       777M       3.1G       5.7M        63M       319M

MemTotal:        4016004 kB
MemFree:         3219380 kB
Active:           438792 kB
Mem:          3.8G       777M       3.1G       5.7M        63M       319M

MemTotal:        4016004 kB
MemFree:         3219876 kB
Active:           438744 kB
Mem:          3.8G       777M       3.1G       5.7M        63M       319M

MemTotal:        4016004 kB
MemFree:         3219504 kB
Active:           438792 kB
Mem:          3.8G       777M       3.1G       5.7M        63M       319M

MemTotal:        4016004 kB
MemFree:         3219736 kB
Active:           438764 kB
Mem:          3.8G       777M       3.1G       5.7M        63M       319M

MemTotal:        4016004 kB
MemFree:         3219844 kB
Active:           438752 kB
Mem:          3.8G       777M       3.1G       5.7M        63M       319M

MemTotal:        4016004 kB
MemFree:         3219828 kB
Active:           438796 kB
Mem:          3.8G       777M       3.1G       5.7M        63M       319M

MemTotal:        4016004 kB
MemFree:         3220184 kB
Active:           438800 kB
Mem:          3.8G       777M       3.1G       5.7M        63M       319M

MemTotal:        4016004 kB
MemFree:         3220184 kB
Active:           438776 kB
Mem:          3.8G       777M       3.1G       5.7M        63M       319M

MemTotal:        4016004 kB
MemFree:         3220432 kB
Active:           438764 kB
Mem:          3.8G       777M       3.1G       5.7M        63M       319M

MemTotal:        4016004 kB
MemFree:         3220308 kB
Active:           438792 kB
Mem:          3.8G       777M       3.1G       5.7M        63M       319M

MemTotal:        4016004 kB
MemFree:         3219812 kB
Active:           438808 kB
Mem:          3.8G       777M       3.1G       5.7M        63M       319M

MemTotal:        4016004 kB
MemFree:         3220060 kB
Active:           438776 kB
Mem:          3.8G       777M       3.1G       5.7M        63M       319M

MemTotal:        4016004 kB
MemFree:         3220308 kB
Active:           438772 kB
Mem:          3.8G       777M       3.1G       5.7M        63M       319M

MemTotal:        4016004 kB
MemFree:         3220192 kB
Active:           438812 kB
Mem:          3.8G       777M       3.1G       5.7M        63M       319M

MemTotal:        4016004 kB
MemFree:         3220316 kB
Active:           438792 kB
Mem:          3.8G       777M       3.1G       5.7M        63M       319M

MemTotal:        4016004 kB
MemFree:         3219944 kB
Active:           438820 kB
Mem:          3.8G       777M       3.1G       5.7M        63M       319M

MemTotal:        4016004 kB
MemFree:         3220068 kB
Active:           438792 kB
Mem:          3.8G       777M       3.1G       5.7M        63M       319M

MemTotal:        4016004 kB
MemFree:         3220100 kB
Active:           438776 kB
Mem:          3.8G       777M       3.1G       5.7M        63M       319M

MemTotal:        4016004 kB
MemFree:         3219032 kB
Active:           436828 kB
Mem:          3.8G       778M       3.1G       5.7M        63M       319M

MemTotal:        4016004 kB
MemFree:         3219652 kB
Active:           438844 kB
Mem:          3.8G       777M       3.1G       5.7M        63M       319M

MemTotal:        4016004 kB
MemFree:         3219652 kB
Active:           438864 kB
Mem:          3.8G       777M       3.1G       5.7M        63M       319M

MemTotal:        4016004 kB
MemFree:         3219652 kB
Active:           438840 kB
Mem:          3.8G       777M       3.1G       5.7M        63M       319M

MemTotal:        4016004 kB
MemFree:         3219652 kB
Active:           438868 kB
Mem:          3.8G       777M       3.1G       5.7M        63M       319M

MemTotal:        4016004 kB
MemFree:         3218904 kB
Active:           439260 kB
Mem:          3.8G       778M       3.1G       5.7M        63M       319M

MemTotal:        4016004 kB
MemFree:         3174956 kB
Active:           440044 kB
Mem:          3.8G       821M       3.0G       5.7M        63M       362M

MemTotal:        4016004 kB
MemFree:         3128396 kB
Active:           440044 kB
Mem:          3.8G       867M       3.0G       5.7M        63M       407M

MemTotal:        4016004 kB
MemFree:         3082156 kB
Active:           440044 kB
Mem:          3.8G       912M       2.9G       5.7M        63M       452M

MemTotal:        4016004 kB
MemFree:         3034692 kB
Active:           440052 kB
Mem:          3.8G       958M       2.9G       5.7M        63M       497M

MemTotal:        4016004 kB
MemFree:         2987908 kB
Active:           440052 kB
Mem:          3.8G       1.0G       2.8G       5.7M        63M       543M

MemTotal:        4016004 kB
MemFree:         2941792 kB
Active:           440060 kB
Mem:          3.8G       1.0G       2.8G       5.7M        63M       587M

MemTotal:        4016004 kB
MemFree:         2893816 kB
Active:           440060 kB
Mem:          3.8G       1.1G       2.8G       5.7M        63M       633M

MemTotal:        4016004 kB
MemFree:         2847972 kB
Active:           440060 kB
Mem:          3.8G       1.1G       2.7G       5.7M        63M       677M

MemTotal:        4016004 kB
MemFree:         2800840 kB
Active:           440064 kB
Mem:          3.8G       1.2G       2.7G       5.7M        63M       722M

MemTotal:        4016004 kB
MemFree:         2754228 kB
Active:           440076 kB
Mem:          3.8G       1.2G       2.6G       5.7M        63M       767M

MemTotal:        4016004 kB
MemFree:         2713952 kB
Active:           440096 kB
Mem:          3.8G       1.2G       2.6G       5.7M        63M       806M

MemTotal:        4016004 kB
MemFree:         2666304 kB
Active:           440100 kB
Mem:          3.8G       1.3G       2.5G       5.7M        63M       851M

MemTotal:        4016004 kB
MemFree:         2620116 kB
Active:           440100 kB
Mem:          3.8G       1.3G       2.5G       5.7M        63M       896M

MemTotal:        4016004 kB
MemFree:         2574032 kB
Active:           440100 kB
Mem:          3.8G       1.4G       2.5G       5.7M        63M       940M

MemTotal:        4016004 kB
MemFree:         2521952 kB
Active:           440100 kB
Mem:          3.8G       1.4G       2.4G       5.7M        63M       990M

MemTotal:        4016004 kB
MemFree:         2486144 kB
Active:           440124 kB
Mem:          3.8G       1.5G       2.4G       5.7M        63M       1.0G

MemTotal:        4016004 kB
MemFree:         2439176 kB
Active:           440124 kB
Mem:          3.8G       1.5G       2.3G       5.7M        63M       1.0G

MemTotal:        4016004 kB
MemFree:         2392700 kB
Active:           440124 kB
Mem:          3.8G       1.5G       2.3G       5.7M        63M       1.1G

MemTotal:        4016004 kB
MemFree:         2345980 kB
Active:           440124 kB
Mem:          3.8G       1.6G       2.2G       5.7M        63M       1.1G

MemTotal:        4016004 kB
MemFree:         2299616 kB
Active:           440132 kB
Mem:          3.8G       1.6G       2.2G       5.7M        63M       1.2G

MemTotal:        4016004 kB
MemFree:         2252400 kB
Active:           440140 kB
Mem:          3.8G       1.7G       2.1G       5.7M        63M       1.2G

MemTotal:        4016004 kB
MemFree:         2206536 kB
Active:           440144 kB
Mem:          3.8G       1.7G       2.1G       5.7M        63M       1.3G

MemTotal:        4016004 kB
MemFree:         2158712 kB
Active:           440152 kB
Mem:          3.8G       1.8G       2.1G       5.7M        63M       1.3G

MemTotal:        4016004 kB
MemFree:         2111712 kB
Active:           440156 kB
Mem:          3.8G       1.8G       2.0G       5.7M        63M       1.4G

MemTotal:        4016004 kB
MemFree:         2065164 kB
Active:           440160 kB
Mem:          3.8G       1.9G       2.0G       5.7M        63M       1.4G

MemTotal:        4016004 kB
MemFree:         2041236 kB
Active:           440160 kB
Mem:          3.8G       1.9G       1.9G       5.7M        63M       1.4G

MemTotal:        4016004 kB
MemFree:         1994920 kB
Active:           440168 kB
Mem:          3.8G       1.9G       1.9G       5.7M        63M       1.5G

MemTotal:        4016004 kB
MemFree:         1947688 kB
Active:           440168 kB
Mem:          3.8G       2.0G       1.9G       5.7M        63M       1.5G

MemTotal:        4016004 kB
MemFree:         1900448 kB
Active:           440184 kB
Mem:          3.8G       2.0G       1.8G       5.7M        63M       1.6G

MemTotal:        4016004 kB
MemFree:         1854192 kB
Active:           440196 kB
Mem:          3.8G       2.1G       1.8G       5.7M        63M       1.6G

MemTotal:        4016004 kB
MemFree:         1846296 kB
Active:           440204 kB
Mem:          3.8G       2.1G       1.8G       5.7M        63M       1.6G

MemTotal:        4016004 kB
MemFree:         1846176 kB
Active:           440208 kB
Mem:          3.8G       2.1G       1.8G       5.7M        63M       1.6G

MemTotal:        4016004 kB
MemFree:         1841036 kB
Active:           440208 kB
Mem:          3.8G       2.1G       1.8G       5.7M        63M       1.6G

MemTotal:        4016004 kB
MemFree:         1794348 kB
Active:           440212 kB
Mem:          3.8G       2.1G       1.7G       5.7M        63M       1.7G

MemTotal:        4016004 kB
MemFree:         1747612 kB
Active:           440220 kB
Mem:          3.8G       2.2G       1.7G       5.7M        63M       1.7G

MemTotal:        4016004 kB
MemFree:         1701140 kB
Active:           440232 kB
Mem:          3.8G       2.2G       1.6G       5.7M        63M       1.7G

MemTotal:        4016004 kB
MemFree:         1653908 kB
Active:           440232 kB
Mem:          3.8G       2.3G       1.6G       5.7M        63M       1.8G

MemTotal:        4016004 kB
MemFree:         1606816 kB
Active:           440232 kB
Mem:          3.8G       2.3G       1.5G       5.7M        63M       1.8G

MemTotal:        4016004 kB
MemFree:         1560328 kB
Active:           440236 kB
Mem:          3.8G       2.3G       1.5G       5.7M        63M       1.9G

MemTotal:        4016004 kB
MemFree:         1514500 kB
Active:           440240 kB
Mem:          3.8G       2.4G       1.4G       5.7M        63M       1.9G

MemTotal:        4016004 kB
MemFree:         1506884 kB
Active:           440252 kB
Mem:          3.8G       2.4G       1.4G       5.7M        63M       1.9G

MemTotal:        4016004 kB
MemFree:         1506392 kB
Active:           440252 kB
Mem:          3.8G       2.4G       1.4G       5.7M        63M       1.9G

MemTotal:        4016004 kB
MemFree:         1460216 kB
Active:           440256 kB
Mem:          3.8G       2.4G       1.4G       5.7M        63M       2.0G

MemTotal:        4016004 kB
MemFree:         1412876 kB
Active:           440256 kB
Mem:          3.8G       2.5G       1.3G       5.7M        63M       2.0G

MemTotal:        4016004 kB
MemFree:         1364648 kB
Active:           442284 kB
Mem:          3.8G       2.5G       1.3G       5.7M        63M       2.1G

MemTotal:        4016004 kB
MemFree:         1317996 kB
Active:           442292 kB
Mem:          3.8G       2.6G       1.3G       5.7M        63M       2.1G

MemTotal:        4016004 kB
MemFree:         1270544 kB
Active:           442304 kB
Mem:          3.8G       2.6G       1.2G       5.7M        63M       2.1G

MemTotal:        4016004 kB
MemFree:         1223656 kB
Active:           442304 kB
Mem:          3.8G       2.7G       1.2G       5.7M        63M       2.2G

MemTotal:        4016004 kB
MemFree:         1177108 kB
Active:           442304 kB
Mem:          3.8G       2.7G       1.1G       5.7M        63M       2.2G

MemTotal:        4016004 kB
MemFree:         1129792 kB
Active:           442308 kB
Mem:          3.8G       2.8G       1.1G       5.7M        63M       2.3G

MemTotal:        4016004 kB
MemFree:         1083580 kB
Active:           442316 kB
Mem:          3.8G       2.8G       1.0G       5.7M        63M       2.3G

MemTotal:        4016004 kB
MemFree:         1036720 kB
Active:           442320 kB
Mem:          3.8G       2.8G       1.0G       5.7M        63M       2.4G

MemTotal:        4016004 kB
MemFree:          989380 kB
Active:           442324 kB
Mem:          3.8G       2.9G       965M       5.7M        63M       2.4G

MemTotal:        4016004 kB
MemFree:          943584 kB
Active:           442328 kB
Mem:          3.8G       2.9G       921M       5.7M        63M       2.4G

MemTotal:        4016004 kB
MemFree:          896216 kB
Active:           442336 kB
Mem:          3.8G       3.0G       874M       5.7M        63M       2.5G

MemTotal:        4016004 kB
MemFree:          858272 kB
Active:           442352 kB
Mem:          3.8G       3.0G       837M       5.7M        63M       2.5G

MemTotal:        4016004 kB
MemFree:          811924 kB
Active:           442360 kB
Mem:          3.8G       3.1G       792M       5.7M        63M       2.6G

MemTotal:        4016004 kB
MemFree:          765436 kB
Active:           442360 kB
Mem:          3.8G       3.1G       747M       5.7M        63M       2.6G

MemTotal:        4016004 kB
MemFree:          717268 kB
Active:           442376 kB
Mem:          3.8G       3.1G       699M       5.7M        63M       2.7G

MemTotal:        4016004 kB
MemFree:          670936 kB
Active:           442384 kB
Mem:          3.8G       3.2G       654M       5.7M        63M       2.7G

MemTotal:        4016004 kB
MemFree:          646432 kB
Active:           442384 kB
Mem:          3.8G       3.2G       631M       5.7M        63M       2.7G

MemTotal:        4016004 kB
MemFree:          646280 kB
Active:           442388 kB
Mem:          3.8G       3.2G       631M       5.7M        63M       2.7G

MemTotal:        4016004 kB
MemFree:          613776 kB
Active:           442392 kB
Mem:          3.8G       3.2G       598M       5.7M        63M       2.8G

MemTotal:        4016004 kB
MemFree:          566684 kB
Active:           442396 kB
Mem:          3.8G       3.3G       552M       5.7M        63M       2.8G

MemTotal:        4016004 kB
MemFree:          519872 kB
Active:           442396 kB
Mem:          3.8G       3.3G       507M       5.7M        63M       2.8G

MemTotal:        4016004 kB
MemFree:          472904 kB
Active:           442408 kB
Mem:          3.8G       3.4G       461M       5.7M        63M       2.9G

MemTotal:        4016004 kB
MemFree:          426680 kB
Active:           442408 kB
Mem:          3.8G       3.4G       416M       5.7M        63M       2.9G

MemTotal:        4016004 kB
MemFree:          379604 kB
Active:           442408 kB
Mem:          3.8G       3.5G       369M       5.7M        63M       3.0G

MemTotal:        4016004 kB
MemFree:          332124 kB
Active:           442420 kB
Mem:          3.8G       3.5G       324M       5.7M        63M       3.0G

MemTotal:        4016004 kB
MemFree:          286120 kB
Active:           442420 kB
Mem:          3.8G       3.6G       278M       5.7M        63M       3.1G

MemTotal:        4016004 kB
MemFree:          238920 kB
Active:           442428 kB
Mem:          3.8G       3.6G       232M       5.7M        63M       3.1G

MemTotal:        4016004 kB
MemFree:          192096 kB
Active:           442428 kB
Mem:          3.8G       3.6G       186M       5.7M        63M       3.2G

MemTotal:        4016004 kB
MemFree:          145360 kB
Active:           442444 kB
Mem:          3.8G       3.7G       141M       5.7M        63M       3.2G

MemTotal:        4016004 kB
MemFree:          133696 kB
Active:           439116 kB
Mem:          3.8G       3.7G       110M       5.7M        28M       3.3G

MemTotal:        4016004 kB
MemFree:          112304 kB
Active:           457244 kB
Mem:          3.8G       3.7G       106M       5.7M        28M       3.3G

MemTotal:        4016004 kB
MemFree:          130860 kB
Active:           499424 kB
Mem:          3.8G       3.7G       127M       5.7M        28M       3.2G

MemTotal:        4016004 kB
MemFree:          148120 kB
Active:           489776 kB
Mem:          3.8G       3.7G       143M       5.7M        28M       3.2G

MemTotal:        4016004 kB
MemFree:          126360 kB
Active:           487700 kB
Mem:          3.8G       3.7G       123M       5.7M        28M       3.2G

MemTotal:        4016004 kB
MemFree:          108896 kB
Active:           484244 kB
Mem:          3.8G       3.7G       106M       5.7M        28M       3.3G

MemTotal:        4016004 kB
MemFree:          129812 kB
Active:           479656 kB
Mem:          3.8G       3.7G       126M       5.7M        28M       3.2G

MemTotal:        4016004 kB
MemFree:          120996 kB
Active:           479656 kB
Mem:          3.8G       3.7G       117M       5.7M        28M       3.3G

MemTotal:        4016004 kB
MemFree:          111476 kB
Active:           476208 kB
Mem:          3.8G       3.7G       108M       5.7M        28M       3.3G

MemTotal:        4016004 kB
MemFree:          125308 kB
Active:           470960 kB
Mem:          3.8G       3.7G       121M       5.7M        28M       3.2G

MemTotal:        4016004 kB
MemFree:          124820 kB
Active:           461212 kB
Mem:          3.8G       3.7G       121M       5.7M        28M       3.2G

MemTotal:        4016004 kB
MemFree:          120520 kB
Active:           456868 kB
Mem:          3.8G       3.7G       117M       5.7M        28M       3.3G

MemTotal:        4016004 kB
MemFree:          120336 kB
Active:           456872 kB
Mem:          3.8G       3.7G       117M       5.7M        28M       3.3G

MemTotal:        4016004 kB
MemFree:          120328 kB
Active:           456872 kB
Mem:          3.8G       3.7G       117M       5.7M        28M       3.3G

MemTotal:        4016004 kB
MemFree:          116976 kB
Active:           456872 kB
Mem:          3.8G       3.7G       113M       5.7M        28M       3.3G

MemTotal:        4016004 kB
MemFree:          106496 kB
Active:           454444 kB
Mem:          3.8G       3.7G       103M       5.7M        28M       3.3G

MemTotal:        4016004 kB
MemFree:          110228 kB
Active:           448548 kB
Mem:          3.8G       3.7G       107M       5.7M        28M       3.3G

MemTotal:        4016004 kB
MemFree:          112860 kB
Active:           446756 kB
Mem:          3.8G       3.7G       109M       5.7M        28M       3.3G

MemTotal:        4016004 kB
MemFree:          126436 kB
Active:           445096 kB
Mem:          3.8G       3.7G       123M       5.7M        28M       3.2G

MemTotal:        4016004 kB
MemFree:          121084 kB
Active:           443304 kB
Mem:          3.8G       3.7G       117M       5.7M        28M       3.3G

MemTotal:        4016004 kB
MemFree:          124452 kB
Active:           442028 kB
Mem:          3.8G       3.7G       121M       5.7M        28M       3.2G

MemTotal:        4016004 kB
MemFree:          127584 kB
Active:           438816 kB
Mem:          3.8G       3.7G       124M       5.7M        28M       3.2G

MemTotal:        4016004 kB
MemFree:          126872 kB
Active:           438832 kB
Mem:          3.8G       3.7G       123M       5.7M        28M       3.2G

MemTotal:        4016004 kB
MemFree:          127124 kB
Active:           438832 kB
Mem:          3.8G       3.7G       124M       5.7M        28M       3.2G

MemTotal:        4016004 kB
MemFree:          115396 kB
Active:           437684 kB
Mem:          3.8G       3.7G       112M       5.7M        28M       3.3G

MemTotal:        4016004 kB
MemFree:          134864 kB
Active:           435636 kB
Mem:          3.8G       3.7G       131M       5.7M        28M       3.2G

MemTotal:        4016004 kB
MemFree:          125040 kB
Active:           434364 kB
Mem:          3.8G       3.7G       121M       5.7M        28M       3.2G

MemTotal:        4016004 kB
MemFree:          132740 kB
Active:           432704 kB
Mem:          3.8G       3.7G       129M       5.7M        28M       3.2G

MemTotal:        4016004 kB
MemFree:          121132 kB
Active:           431560 kB
Mem:          3.8G       3.7G       118M       5.7M        28M       3.3G

MemTotal:        4016004 kB
MemFree:          111172 kB
Active:           430408 kB
Mem:          3.8G       3.7G       108M       5.7M        28M       3.3G

MemTotal:        4016004 kB
MemFree:          131036 kB
Active:           427316 kB
Mem:          3.8G       3.7G       127M       5.7M        28M       3.2G

MemTotal:        4016004 kB
MemFree:          114916 kB
Active:           427328 kB
Mem:          3.8G       3.7G       111M       5.7M        28M       3.3G

MemTotal:        4016004 kB
MemFree:          105140 kB
Active:           426180 kB
Mem:          3.8G       3.7G       106M       5.7M        28M       3.3G

MemTotal:        4016004 kB
MemFree:          124140 kB
Active:           424008 kB
Mem:          3.8G       3.7G       120M       5.7M        28M       3.2G

MemTotal:        4016004 kB
MemFree:          134088 kB
Active:           422092 kB
Mem:          3.8G       3.7G       129M       5.7M        28M       3.2G

MemTotal:        4016004 kB
MemFree:          124428 kB
Active:           420940 kB
Mem:          3.8G       3.7G       121M       5.7M        28M       3.2G

MemTotal:        4016004 kB
MemFree:          104772 kB
Active:           420184 kB
Mem:          3.8G       3.7G       124M       5.7M        28M       3.2G

MemTotal:        4016004 kB
MemFree:          123340 kB
Active:           418016 kB
Mem:          3.8G       3.7G       120M       5.7M        28M       3.3G

MemTotal:        4016004 kB
MemFree:          124532 kB
Active:           416864 kB
Mem:          3.8G       3.7G       121M       5.7M        28M       3.2G

MemTotal:        4016004 kB
MemFree:          115712 kB
Active:           415456 kB
Mem:          3.8G       3.7G       112M       5.7M        28M       3.3G

MemTotal:        4016004 kB
MemFree:          128056 kB
Active:           412524 kB
Mem:          3.8G       3.7G       124M       5.7M        28M       3.2G

MemTotal:        4016004 kB
MemFree:          119784 kB
Active:           411128 kB
Mem:          3.8G       3.7G       116M       5.7M        28M       3.3G

MemTotal:        4016004 kB
MemFree:          108604 kB
Active:           409984 kB
Mem:          3.8G       3.7G       105M       5.7M        28M       3.3G

MemTotal:        4016004 kB
MemFree:          108648 kB
Active:           408064 kB
Mem:          3.8G       3.7G       105M       5.7M        28M       3.3G

MemTotal:        4016004 kB
MemFree:          134908 kB
Active:           405888 kB
Mem:          3.8G       3.7G       131M       5.7M        28M       3.2G

MemTotal:        4016004 kB
MemFree:          124228 kB
Active:           404740 kB
Mem:          3.8G       3.7G       121M       5.7M        28M       3.2G

MemTotal:        4016004 kB
MemFree:          127892 kB
Active:           402828 kB
Mem:          3.8G       3.7G       125M       5.7M        28M       3.2G

MemTotal:        4016004 kB
MemFree:          105400 kB
Active:           401680 kB
Mem:          3.8G       3.7G       102M       5.7M        28M       3.3G

MemTotal:        4016004 kB
MemFree:          113984 kB
Active:           400020 kB
Mem:          3.8G       3.7G       110M       5.7M        28M       3.3G

MemTotal:        4016004 kB
MemFree:          128008 kB
Active:           398360 kB
Mem:          3.8G       3.7G       124M       5.7M        28M       3.2G

MemTotal:        4016004 kB
MemFree:          134444 kB
Active:           398088 kB
Mem:          3.8G       3.7G       130M       5.7M        28M       3.2G

MemTotal:        4016004 kB
MemFree:          124296 kB
Active:           396944 kB
Mem:          3.8G       3.7G       120M       5.7M        28M       3.2G

MemTotal:        4016004 kB
MemFree:          113160 kB
Active:           395792 kB
Mem:          3.8G       3.7G       110M       5.7M        28M       3.3G

MemTotal:        4016004 kB
MemFree:          114740 kB
Active:           394128 kB
Mem:          3.8G       3.7G       111M       5.7M        28M       3.3G

MemTotal:        4016004 kB
MemFree:          116888 kB
Active:           392468 kB
Mem:          3.8G       3.7G       113M       5.7M        28M       3.3G

MemTotal:        4016004 kB
MemFree:          118020 kB
Active:           391328 kB
Mem:          3.8G       3.7G       114M       5.7M        28M       3.3G

MemTotal:        4016004 kB
MemFree:          117548 kB
Active:           391340 kB
Mem:          3.8G       3.7G       114M       5.7M        28M       3.3G

MemTotal:        4016004 kB
MemFree:          117520 kB
Active:           391344 kB
Mem:          3.8G       3.7G       114M       5.7M        28M       3.3G

MemTotal:        4016004 kB
MemFree:          117776 kB
Active:           391344 kB
Mem:          3.8G       3.7G       115M       5.7M        28M       3.3G

MemTotal:        4016004 kB
MemFree:          119276 kB
Active:           389428 kB
Mem:          3.8G       3.7G       116M       5.7M        28M       3.3G

MemTotal:        4016004 kB
MemFree:          108872 kB
Active:           388276 kB
Mem:          3.8G       3.7G       106M       5.7M        28M       3.3G

MemTotal:        4016004 kB
MemFree:          134692 kB
Active:           386108 kB
Mem:          3.8G       3.7G       131M       5.7M        28M       3.2G

MemTotal:        4016004 kB
MemFree:          140904 kB
Active:           384064 kB
Mem:          3.8G       3.7G       137M       5.7M        28M       3.2G

MemTotal:        4016004 kB
MemFree:          143164 kB
Active:           382656 kB
Mem:          3.8G       3.7G       139M       5.7M        28M       3.2G

MemTotal:        4016004 kB
MemFree:          133752 kB
Active:           381632 kB
Mem:          3.8G       3.7G       130M       5.7M        28M       3.2G

MemTotal:        4016004 kB
MemFree:          123112 kB
Active:           381376 kB
Mem:          3.8G       3.7G       119M       5.7M        28M       3.2G

MemTotal:        4016004 kB
MemFree:          122732 kB
Active:           381380 kB
Mem:          3.8G       3.7G       119M       5.7M        28M       3.2G

MemTotal:        4016004 kB
MemFree:          119128 kB
Active:           381380 kB
Mem:          3.8G       3.7G       115M       5.7M        28M       3.3G

MemTotal:        4016004 kB
MemFree:          108852 kB
Active:           381384 kB
Mem:          3.8G       3.7G       105M       5.7M        28M       3.3G

MemTotal:        4016004 kB
MemFree:          134300 kB
Active:           381384 kB
Mem:          3.8G       3.7G       130M       5.7M        28M       3.2G

MemTotal:        4016004 kB
MemFree:          125660 kB
Active:           381388 kB
Mem:          3.8G       3.7G       122M       5.7M        28M       3.2G

MemTotal:        4016004 kB
MemFree:          127912 kB
Active:           381432 kB
Mem:          3.8G       3.7G       124M       5.7M        28M       3.2G

MemTotal:        4016004 kB
MemFree:          125440 kB
Active:           381432 kB
Mem:          3.8G       3.7G       121M       5.7M        28M       3.2G

MemTotal:        4016004 kB
MemFree:          126656 kB
Active:           381436 kB
Mem:          3.8G       3.7G       122M       5.7M        28M       3.2G

MemTotal:        4016004 kB
MemFree:          124036 kB
Active:           379396 kB
Mem:          3.8G       3.7G       120M       5.7M        28M       3.2G

MemTotal:        4016004 kB
MemFree:          126248 kB
Active:           379400 kB
Mem:          3.8G       3.7G       122M       5.7M        28M       3.2G

MemTotal:        4016004 kB
MemFree:          118776 kB
Active:           379408 kB
Mem:          3.8G       3.7G       115M       5.7M        28M       3.3G

MemTotal:        4016004 kB
MemFree:          107876 kB
Active:           379408 kB
Mem:          3.8G       3.7G       104M       5.7M        28M       3.3G

MemTotal:        4016004 kB
MemFree:          127824 kB
Active:           379408 kB
Mem:          3.8G       3.7G       124M       5.7M        28M       3.2G

MemTotal:        4016004 kB
MemFree:          128208 kB
Active:           379412 kB
Mem:          3.8G       3.7G       124M       5.7M        28M       3.2G

MemTotal:        4016004 kB
MemFree:          106556 kB
Active:           379332 kB
Mem:          3.8G       3.7G       103M       5.7M        28M       3.3G

MemTotal:        4016004 kB
MemFree:          124752 kB
Active:           379340 kB
Mem:          3.8G       3.7G       121M       5.7M        28M       3.2G

MemTotal:        4016004 kB
MemFree:          115144 kB
Active:           379356 kB
Mem:          3.8G       3.7G       111M       5.7M        28M       3.3G

MemTotal:        4016004 kB
MemFree:          104804 kB
Active:           379356 kB
Mem:          3.8G       3.7G       124M       5.7M        28M       3.2G

MemTotal:        4016004 kB
MemFree:          118880 kB
Active:           379356 kB
Mem:          3.8G       3.7G       115M       5.7M        28M       3.2G

MemTotal:        4016004 kB
MemFree:          108056 kB
Active:           379360 kB
Mem:          3.8G       3.7G       104M       5.7M        28M       3.3G

MemTotal:        4016004 kB
MemFree:          109528 kB
Active:           379256 kB
Mem:          3.8G       3.7G       106M       5.7M        28M       3.3G

MemTotal:        4016004 kB
MemFree:          115748 kB
Active:           379260 kB
Mem:          3.8G       3.7G       112M       5.7M        28M       3.3G

MemTotal:        4016004 kB
MemFree:          105640 kB
Active:           378956 kB
Mem:          3.8G       3.7G       102M       5.7M        28M       3.3G

MemTotal:        4016004 kB
MemFree:          133152 kB
Active:           378816 kB
Mem:          3.8G       3.7G       130M       5.7M        28M       3.2G

MemTotal:        4016004 kB
MemFree:          105288 kB
Active:           380700 kB
Mem:          3.8G       3.7G       102M       5.7M        28M       3.3G

MemTotal:        4016004 kB
MemFree:          123004 kB
Active:           379804 kB
Mem:          3.8G       3.7G       119M       5.7M        28M       3.2G

MemTotal:        4016004 kB
MemFree:          107100 kB
Active:           379812 kB
Mem:          3.8G       3.7G       103M       5.7M        28M       3.3G

MemTotal:        4016004 kB
MemFree:          125960 kB
Active:           379812 kB
Mem:          3.8G       3.7G       122M       5.7M        28M       3.2G

MemTotal:        4016004 kB
MemFree:          108856 kB
Active:           379032 kB
Mem:          3.8G       3.7G       105M       5.7M        28M       3.3G

MemTotal:        4016004 kB
MemFree:          107984 kB
Active:           379052 kB
Mem:          3.8G       3.7G       105M       5.7M        28M       3.3G

MemTotal:        4016004 kB
MemFree:          133804 kB
Active:           379064 kB
Mem:          3.8G       3.7G       130M       5.7M        28M       3.2G

MemTotal:        4016004 kB
MemFree:          133432 kB
Active:           379068 kB
Mem:          3.8G       3.7G       130M       5.7M        28M       3.2G

MemTotal:        4016004 kB
MemFree:          133436 kB
Active:           379068 kB
Mem:          3.8G       3.7G       130M       5.7M        28M       3.2G

MemTotal:        4016004 kB
MemFree:          135476 kB
Active:           379076 kB
Mem:          3.8G       3.7G       131M       5.7M        28M       3.2G

MemTotal:        4016004 kB
MemFree:          124784 kB
Active:           379080 kB
Mem:          3.8G       3.7G       121M       5.7M        28M       3.2G

MemTotal:        4016004 kB
MemFree:          126548 kB
Active:           379088 kB
Mem:          3.8G       3.7G       122M       5.7M        28M       3.2G

MemTotal:        4016004 kB
MemFree:          106388 kB
Active:           379088 kB
Mem:          3.8G       3.7G       103M       5.7M        28M       3.3G

MemTotal:        4016004 kB
MemFree:          107408 kB
Active:           379088 kB
Mem:          3.8G       3.7G       104M       5.7M        28M       3.3G

MemTotal:        4016004 kB
MemFree:          114984 kB
Active:           379088 kB
Mem:          3.8G       3.7G       111M       5.7M        28M       3.3G

MemTotal:        4016004 kB
MemFree:          106860 kB
Active:           376728 kB
Mem:          3.8G       3.7G       103M       5.7M        28M       3.3G

MemTotal:        4016004 kB
MemFree:          114180 kB
Active:           376736 kB
Mem:          3.8G       3.7G       111M       5.7M        28M       3.3G

MemTotal:        4016004 kB
MemFree:          127656 kB
Active:           376736 kB
Mem:          3.8G       3.7G       124M       5.7M        28M       3.2G

MemTotal:        4016004 kB
MemFree:          123368 kB
Active:           376736 kB
Mem:          3.8G       3.7G       120M       5.7M        28M       3.2G

MemTotal:        4016004 kB
MemFree:          125676 kB
Active:           376748 kB
Mem:          3.8G       3.7G       122M       5.7M        28M       3.2G

MemTotal:        4016004 kB
MemFree:          121168 kB
Active:           376996 kB
Mem:          3.8G       3.7G       117M       5.7M        28M       3.2G

MemTotal:        4016004 kB
MemFree:          106084 kB
Active:           376876 kB
Mem:          3.8G       3.7G       103M       5.7M        28M       3.3G

MemTotal:        4016004 kB
MemFree:          127748 kB
Active:           376628 kB
Mem:          3.8G       3.7G       124M       5.7M        28M       3.2G

MemTotal:        4016004 kB
MemFree:          116344 kB
Active:           376640 kB
Mem:          3.8G       3.7G       113M       5.7M        28M       3.2G

MemTotal:        4016004 kB
MemFree:          106344 kB
Active:           376644 kB
Mem:          3.8G       3.7G       102M       5.7M        28M       3.3G

MemTotal:        4016004 kB
MemFree:          113188 kB
Active:           376644 kB
Mem:          3.8G       3.7G       110M       5.7M        28M       3.3G

MemTotal:        4016004 kB
MemFree:          116880 kB
Active:           376644 kB
Mem:          3.8G       3.7G       113M       5.7M        28M       3.2G

MemTotal:        4016004 kB
MemFree:          106848 kB
Active:           376656 kB
Mem:          3.8G       3.7G       104M       5.7M        28M       3.3G

MemTotal:        4016004 kB
MemFree:          113820 kB
Active:           376656 kB
Mem:          3.8G       3.7G       110M       5.7M        28M       3.3G

MemTotal:        4016004 kB
MemFree:          127680 kB
Active:           376656 kB
Mem:          3.8G       3.7G       124M       5.7M        28M       3.2G

MemTotal:        4016004 kB
MemFree:          131920 kB
Active:           374012 kB
Mem:          3.8G       3.7G       128M       5.7M        28M       3.2G

MemTotal:        4016004 kB
MemFree:          118516 kB
Active:           373840 kB
Mem:          3.8G       3.7G       114M       5.7M        28M       3.2G

MemTotal:        4016004 kB
MemFree:          119320 kB
Active:           373848 kB
Mem:          3.8G       3.7G       116M       5.7M        28M       3.2G

MemTotal:        4016004 kB
MemFree:          110952 kB
Active:           373852 kB
Mem:          3.8G       3.7G       107M       5.7M        28M       3.3G

MemTotal:        4016004 kB
MemFree:          127308 kB
Active:           373864 kB
Mem:          3.8G       3.7G       123M       5.7M        28M       3.2G

MemTotal:        4016004 kB
MemFree:          116752 kB
Active:           373864 kB
Mem:          3.8G       3.7G       113M       5.7M        28M       3.2G

MemTotal:        4016004 kB
MemFree:          135836 kB
Active:           373864 kB
Mem:          3.8G       3.7G       132M       5.7M        28M       3.2G

MemTotal:        4016004 kB
MemFree:          125644 kB
Active:           373872 kB
Mem:          3.8G       3.7G       122M       5.7M        28M       3.2G

MemTotal:        4016004 kB
MemFree:          109468 kB
Active:           373876 kB
Mem:          3.8G       3.7G       106M       5.7M        28M       3.3G

MemTotal:        4016004 kB
MemFree:          135188 kB
Active:           373876 kB
Mem:          3.8G       3.7G       131M       5.7M        28M       3.2G

MemTotal:        4016004 kB
MemFree:          149496 kB
Active:           375008 kB
Mem:          3.8G       3.7G       145M       5.7M        28M       3.2G

MemTotal:        4016004 kB
MemFree:          128044 kB
Active:           374316 kB
Mem:          3.8G       3.7G       124M       5.7M        28M       3.2G

MemTotal:        4016004 kB
MemFree:          148708 kB
Active:           374124 kB
Mem:          3.8G       3.7G       144M       5.7M        28M       3.2G

MemTotal:        4016004 kB
MemFree:          126404 kB
Active:           374124 kB
Mem:          3.8G       3.7G       122M       5.7M        28M       3.2G

MemTotal:        4016004 kB
MemFree:          121936 kB
Active:           374124 kB
Mem:          3.8G       3.7G       118M       5.7M        28M       3.2G

MemTotal:        4016004 kB
MemFree:          128920 kB
Active:           374136 kB
Mem:          3.8G       3.7G       125M       5.7M        28M       3.2G

MemTotal:        4016004 kB
MemFree:          128540 kB
Active:           374156 kB
Mem:          3.8G       3.7G       125M       5.7M        28M       3.2G

MemTotal:        4016004 kB
MemFree:          128700 kB
Active:           374156 kB
Mem:          3.8G       3.7G       125M       5.7M        28M       3.2G

MemTotal:        4016004 kB
MemFree:          128860 kB
Active:           374156 kB
Mem:          3.8G       3.7G       125M       5.7M        28M       3.2G

MemTotal:        4016004 kB
MemFree:          125808 kB
Active:           374168 kB
Mem:          3.8G       3.7G       122M       5.7M        28M       3.2G

MemTotal:        4016004 kB
MemFree:          126440 kB
Active:           374172 kB
Mem:          3.8G       3.7G       123M       5.7M        28M       3.2G

MemTotal:        4016004 kB
MemFree:          104768 kB
Active:           374180 kB
Mem:          3.8G       3.7G       124M       5.7M        28M       3.2G

MemTotal:        4016004 kB
MemFree:          121892 kB
Active:           374184 kB
Mem:          3.8G       3.7G       118M       5.7M        28M       3.2G

MemTotal:        4016004 kB
MemFree:          105056 kB
Active:           374184 kB
Mem:          3.8G       3.7G       131M       5.7M        28M       3.2G

MemTotal:        4016004 kB
MemFree:          120092 kB
Active:           367120 kB
Mem:          3.8G       3.7G       117M       5.7M        28M       3.2G

MemTotal:        4016004 kB
MemFree:          127620 kB
Active:           367124 kB
Mem:          3.8G       3.7G       124M       5.7M        28M       3.2G

MemTotal:        4016004 kB
MemFree:          118380 kB
Active:           367132 kB
Mem:          3.8G       3.7G       114M       5.7M        28M       3.2G

MemTotal:        4016004 kB
MemFree:          108148 kB
Active:           367132 kB
Mem:          3.8G       3.7G       105M       5.7M        28M       3.3G

MemTotal:        4016004 kB
MemFree:          127920 kB
Active:           367132 kB
Mem:          3.8G       3.7G       124M       5.7M        28M       3.2G

MemTotal:        4016004 kB
MemFree:          112868 kB
Active:           367132 kB
Mem:          3.8G       3.7G       109M       5.7M        28M       3.2G

MemTotal:        4016004 kB
MemFree:          111020 kB
Active:           367144 kB
Mem:          3.8G       3.7G       108M       5.7M        28M       3.2G

MemTotal:        4016004 kB
MemFree:          108200 kB
Active:           367156 kB
Mem:          3.8G       3.7G       105M       5.7M        28M       3.3G

MemTotal:        4016004 kB
MemFree:          107676 kB
Active:           367160 kB
Mem:          3.8G       3.7G       105M       5.7M        28M       3.3G

MemTotal:        4016004 kB
MemFree:          127552 kB
Active:           367160 kB
Mem:          3.8G       3.7G       124M       5.7M        28M       3.2G

MemTotal:        4016004 kB
MemFree:          134572 kB
Active:           367164 kB
Mem:          3.8G       3.7G       130M       5.7M        28M       3.2G

MemTotal:        4016004 kB
MemFree:          141528 kB
Active:           367168 kB
Mem:          3.8G       3.7G       137M       5.7M        28M       3.2G

MemTotal:        4016004 kB
MemFree:          134320 kB
Active:           365076 kB
Mem:          3.8G       3.7G       130M       5.7M        28M       3.2G

MemTotal:        4016004 kB
MemFree:          124288 kB
Active:           364904 kB
Mem:          3.8G       3.7G       120M       5.7M        28M       3.2G

MemTotal:        4016004 kB
MemFree:          125432 kB
Active:           364932 kB
Mem:          3.8G       3.7G       121M       5.7M        28M       3.2G

MemTotal:        4016004 kB
MemFree:          132512 kB
Active:           364892 kB
Mem:          3.8G       3.7G       128M       5.7M        28M       3.2G

MemTotal:        4016004 kB
MemFree:          122620 kB
Active:           364916 kB
Mem:          3.8G       3.7G       119M       5.7M        28M       3.2G

MemTotal:        4016004 kB
MemFree:          128284 kB
Active:           364940 kB
Mem:          3.8G       3.7G       124M       5.7M        28M       3.2G

MemTotal:        4016004 kB
MemFree:          122208 kB
Active:           364912 kB
Mem:          3.8G       3.7G       118M       5.7M        28M       3.2G

MemTotal:        4016004 kB
MemFree:          111424 kB
Active:           364912 kB
Mem:          3.8G       3.7G       108M       5.7M        28M       3.2G

MemTotal:        4016004 kB
MemFree:          110868 kB
Active:           364940 kB
Mem:          3.8G       3.7G       108M       5.7M        28M       3.2G

MemTotal:        4016004 kB
MemFree:          124128 kB
Active:           364968 kB
Mem:          3.8G       3.7G       120M       5.7M        28M       3.2G

MemTotal:        4016004 kB
MemFree:          127992 kB
Active:           364980 kB
Mem:          3.8G       3.7G       124M       5.7M        28M       3.2G

MemTotal:        4016004 kB
MemFree:          124756 kB
Active:           364948 kB
Mem:          3.8G       3.7G       121M       5.7M        28M       3.2G

MemTotal:        4016004 kB
MemFree:          119724 kB
Active:           364832 kB
Mem:          3.8G       3.7G       116M       5.7M        28M       3.2G

MemTotal:        4016004 kB
MemFree:          109460 kB
Active:           364844 kB
Mem:          3.8G       3.7G       106M       5.7M        28M       3.2G

MemTotal:        4016004 kB
MemFree:          126524 kB
Active:           361952 kB
Mem:          3.8G       3.7G       123M       5.7M        28M       3.2G

MemTotal:        4016004 kB
MemFree:          107564 kB
Active:           361920 kB
Mem:          3.8G       3.7G       104M       5.7M        28M       3.3G

MemTotal:        4016004 kB
MemFree:          133384 kB
Active:           361928 kB
Mem:          3.8G       3.7G       129M       5.7M        28M       3.2G

MemTotal:        4016004 kB
MemFree:          123568 kB
Active:           361916 kB
Mem:          3.8G       3.7G       120M       5.7M        28M       3.2G

MemTotal:        4016004 kB
MemFree:          125192 kB
Active:           361940 kB
Mem:          3.8G       3.7G       121M       5.7M        28M       3.2G

MemTotal:        4016004 kB
MemFree:          141704 kB
Active:           361916 kB
Mem:          3.8G       3.7G       138M       5.7M        28M       3.2G

MemTotal:        4016004 kB
MemFree:          141148 kB
Active:           361924 kB
Mem:          3.8G       3.7G       137M       5.7M        28M       3.2G

MemTotal:        4016004 kB
MemFree:          140552 kB
Active:           361972 kB
Mem:          3.8G       3.7G       137M       5.7M        28M       3.2G

MemTotal:        4016004 kB
MemFree:          140772 kB
Active:           361944 kB
Mem:          3.8G       3.7G       137M       5.7M        28M       3.2G

MemTotal:        4016004 kB
MemFree:          130124 kB
Active:           361980 kB
Mem:          3.8G       3.7G       126M       5.7M        28M       3.2G

MemTotal:        4016004 kB
MemFree:          120388 kB
Active:           361952 kB
Mem:          3.8G       3.7G       117M       5.7M        28M       3.2G

MemTotal:        4016004 kB
MemFree:          109984 kB
Active:           361988 kB
Mem:          3.8G       3.7G       106M       5.7M        28M       3.2G

MemTotal:        4016004 kB
MemFree:          135300 kB
Active:           361968 kB
Mem:          3.8G       3.7G       131M       5.7M        28M       3.2G

MemTotal:        4016004 kB
MemFree:          138172 kB
Active:           361988 kB
Mem:          3.8G       3.7G       134M       5.7M        28M       3.2G

MemTotal:        4016004 kB
MemFree:          142356 kB
Active:           359060 kB
Mem:          3.8G       3.7G       138M       5.7M        28M       3.2G

MemTotal:        4016004 kB
MemFree:          132512 kB
Active:           359028 kB
Mem:          3.8G       3.7G       128M       5.7M        28M       3.2G

MemTotal:        4016004 kB
MemFree:          122248 kB
Active:           359048 kB
Mem:          3.8G       3.7G       119M       5.7M        28M       3.2G

MemTotal:        4016004 kB
MemFree:          108668 kB
Active:           359012 kB
Mem:          3.8G       3.7G       105M       5.7M        28M       3.2G

MemTotal:        4016004 kB
MemFree:          110200 kB
Active:           359012 kB
Mem:          3.8G       3.7G       107M       5.7M        28M       3.2G

MemTotal:        4016004 kB
MemFree:          117792 kB
Active:           359012 kB
Mem:          3.8G       3.7G       114M       5.7M        28M       3.2G

MemTotal:        4016004 kB
MemFree:          134728 kB
Active:           359048 kB
Mem:          3.8G       3.7G       131M       5.7M        28M       3.2G

MemTotal:        4016004 kB
MemFree:          126276 kB
Active:           359044 kB
Mem:          3.8G       3.7G       122M       5.7M        28M       3.2G

MemTotal:        4016004 kB
MemFree:          128056 kB
Active:           359024 kB
Mem:          3.8G       3.7G       124M       5.7M        28M       3.2G

MemTotal:        4016004 kB
MemFree:          128140 kB
Active:           359060 kB
Mem:          3.8G       3.7G       125M       5.7M        28M       3.2G

MemTotal:        4016004 kB
MemFree:          109872 kB
Active:           359044 kB
Mem:          3.8G       3.7G       106M       5.7M        28M       3.2G

MemTotal:        4016004 kB
MemFree:          129616 kB
Active:           359064 kB
Mem:          3.8G       3.7G       126M       5.7M        28M       3.2G

MemTotal:        4016004 kB
MemFree:          119708 kB
Active:           359060 kB
Mem:          3.8G       3.7G       116M       5.7M        28M       3.2G

MemTotal:        4016004 kB
MemFree:          109940 kB
Active:           359032 kB
Mem:          3.8G       3.7G       107M       5.7M        28M       3.2G

MemTotal:        4016004 kB
MemFree:          110960 kB
Active:           359096 kB
Mem:          3.8G       3.7G       107M       5.7M        28M       3.2G

MemTotal:        4016004 kB
MemFree:          125016 kB
Active:           359096 kB
Mem:          3.8G       3.7G       122M       5.7M        28M       3.2G

MemTotal:        4016004 kB
MemFree:          110776 kB
Active:           355460 kB
Mem:          3.8G       3.7G       108M       5.7M        28M       3.2G

MemTotal:        4016004 kB
MemFree:          120224 kB
Active:           355472 kB
Mem:          3.8G       3.7G       117M       5.7M        28M       3.2G

MemTotal:        4016004 kB
MemFree:          120168 kB
Active:           355476 kB
Mem:          3.8G       3.7G       117M       5.7M        28M       3.2G

MemTotal:        4016004 kB
MemFree:          119292 kB
Active:           355488 kB
Mem:          3.8G       3.7G       116M       5.7M        28M       3.2G

MemTotal:        4016004 kB
MemFree:          119420 kB
Active:           355488 kB
Mem:          3.8G       3.7G       116M       5.7M        28M       3.2G

MemTotal:        4016004 kB
MemFree:          119612 kB
Active:           355488 kB
Mem:          3.8G       3.7G       116M       5.7M        28M       3.2G

MemTotal:        4016004 kB
MemFree:          121860 kB
Active:           355492 kB
Mem:          3.8G       3.7G       118M       5.7M        28M       3.2G

MemTotal:        4016004 kB
MemFree:          111968 kB
Active:           355492 kB
Mem:          3.8G       3.7G       108M       5.7M        28M       3.2G

MemTotal:        4016004 kB
MemFree:          112724 kB
Active:           355500 kB
Mem:          3.8G       3.7G       109M       5.7M        28M       3.2G

MemTotal:        4016004 kB
MemFree:          113232 kB
Active:           355500 kB
Mem:          3.8G       3.7G       110M       5.7M        28M       3.2G

MemTotal:        4016004 kB
MemFree:          127728 kB
Active:           355500 kB
Mem:          3.8G       3.7G       124M       5.7M        28M       3.2G

MemTotal:        4016004 kB
MemFree:          108188 kB
Active:           355500 kB
Mem:          3.8G       3.7G       105M       5.7M        28M       3.2G

MemTotal:        4016004 kB
MemFree:          110324 kB
Active:           355500 kB
Mem:          3.8G       3.7G       106M       5.7M        28M       3.2G

MemTotal:        4016004 kB
MemFree:          135632 kB
Active:           355508 kB
Mem:          3.8G       3.7G       132M       5.7M        28M       3.2G

MemTotal:        4016004 kB
MemFree:          126236 kB
Active:           355512 kB
Mem:          3.8G       3.7G       122M       5.7M        28M       3.2G

MemTotal:        4016004 kB
MemFree:          128264 kB
Active:           355512 kB
Mem:          3.8G       3.7G       124M       5.7M        28M       3.2G

MemTotal:        4016004 kB
MemFree:          128632 kB
Active:           355512 kB
Mem:          3.8G       3.7G       125M       5.7M        28M       3.2G

MemTotal:        4016004 kB
MemFree:          114752 kB
Active:           355528 kB
Mem:          3.8G       3.7G       111M       5.7M        28M       3.2G

MemTotal:        4016004 kB
MemFree:          114120 kB
Active:           355540 kB
Mem:          3.8G       3.7G       111M       5.7M        28M       3.2G

MemTotal:        4016004 kB
MemFree:          114124 kB
Active:           355544 kB
Mem:          3.8G       3.7G       111M       5.7M        28M       3.2G

MemTotal:        4016004 kB
MemFree:          124452 kB
Active:           355548 kB
Mem:          3.8G       3.7G       121M       5.7M        28M       3.2G

MemTotal:        4016004 kB
MemFree:          114268 kB
Active:           355552 kB
Mem:          3.8G       3.7G       111M       5.7M        28M       3.2G

MemTotal:        4016004 kB
MemFree:          127780 kB
Active:           355432 kB
Mem:          3.8G       3.7G       124M       5.7M        28M       3.2G

MemTotal:        4016004 kB
MemFree:          126096 kB
Active:           355440 kB
Mem:          3.8G       3.7G       122M       5.7M        28M       3.2G

MemTotal:        4016004 kB
MemFree:          122056 kB
Active:           355444 kB
Mem:          3.8G       3.7G       118M       5.7M        28M       3.2G

MemTotal:        4016004 kB
MemFree:          115544 kB
Active:           355300 kB
Mem:          3.8G       3.7G       112M       5.7M        28M       3.2G

MemTotal:        4016004 kB
MemFree:          115204 kB
Active:           355168 kB
Mem:          3.8G       3.7G       112M       5.7M        28M       3.2G

MemTotal:        4016004 kB
MemFree:          115080 kB
Active:           355168 kB
Mem:          3.8G       3.7G       112M       5.7M        28M       3.2G

MemTotal:        4016004 kB
MemFree:          114956 kB
Active:           355172 kB
Mem:          3.8G       3.7G       112M       5.7M        28M       3.2G

MemTotal:        4016004 kB
MemFree:          114956 kB
Active:           355180 kB
Mem:          3.8G       3.7G       112M       5.7M        28M       3.2G

MemTotal:        4016004 kB
MemFree:          114956 kB
Active:           355184 kB
Mem:          3.8G       3.7G       112M       5.7M        28M       3.2G

MemTotal:        4016004 kB
MemFree:          114956 kB
Active:           355184 kB
Mem:          3.8G       3.7G       112M       5.7M        28M       3.2G

MemTotal:        4016004 kB
MemFree:          114956 kB
Active:           355184 kB
Mem:          3.8G       3.7G       112M       5.7M        28M       3.2G

MemTotal:        4016004 kB
MemFree:          115080 kB
Active:           355184 kB
Mem:          3.8G       3.7G       112M       5.7M        28M       3.2G

MemTotal:        4016004 kB
MemFree:          114956 kB
Active:           355184 kB
Mem:          3.8G       3.7G       112M       5.7M        28M       3.2G

MemTotal:        4016004 kB
MemFree:          114956 kB
Active:           355192 kB
Mem:          3.8G       3.7G       112M       5.7M        28M       3.2G

MemTotal:        4016004 kB
MemFree:          114956 kB
Active:           355192 kB
Mem:          3.8G       3.7G       112M       5.7M        28M       3.2G

MemTotal:        4016004 kB
MemFree:          114956 kB
Active:           355192 kB
Mem:          3.8G       3.7G       112M       5.7M        28M       3.2G

MemTotal:        4016004 kB
MemFree:          114956 kB
Active:           355192 kB
Mem:          3.8G       3.7G       112M       5.7M        28M       3.2G

MemTotal:        4016004 kB
MemFree:          114956 kB
Active:           355192 kB
Mem:          3.8G       3.7G       112M       5.7M        28M       3.2G

MemTotal:        4016004 kB
MemFree:          114956 kB
Active:           355196 kB
Mem:          3.8G       3.7G       112M       5.7M        28M       3.2G

MemTotal:        4016004 kB
MemFree:          114956 kB
Active:           355200 kB
Mem:          3.8G       3.7G       112M       5.7M        28M       3.2G

MemTotal:        4016004 kB
MemFree:          115080 kB
Active:           355200 kB
Mem:          3.8G       3.7G       112M       5.7M        28M       3.2G

MemTotal:        4016004 kB
MemFree:          114956 kB
Active:           355200 kB
Mem:          3.8G       3.7G       112M       5.7M        28M       3.2G

MemTotal:        4016004 kB
MemFree:          115080 kB
Active:           355200 kB
Mem:          3.8G       3.7G       112M       5.7M        28M       3.2G

MemTotal:        4016004 kB
MemFree:          115080 kB
Active:           355200 kB
Mem:          3.8G       3.7G       112M       5.7M        28M       3.2G

MemTotal:        4016004 kB
MemFree:          114956 kB
Active:           355208 kB
Mem:          3.8G       3.7G       112M       5.7M        28M       3.2G

MemTotal:        4016004 kB
MemFree:          114956 kB
Active:           355208 kB
Mem:          3.8G       3.7G       112M       5.7M        28M       3.2G

MemTotal:        4016004 kB
MemFree:          114956 kB
Active:           355208 kB
Mem:          3.8G       3.7G       112M       5.7M        28M       3.2G

MemTotal:        4016004 kB
MemFree:          114956 kB
Active:           355208 kB
Mem:          3.8G       3.7G       112M       5.7M        28M       3.2G

MemTotal:        4016004 kB
MemFree:          114800 kB
Active:           355208 kB
Mem:          3.8G       3.7G       112M       5.7M        28M       3.2G

MemTotal:        4016004 kB
MemFree:          114800 kB
Active:           355212 kB
Mem:          3.8G       3.7G       112M       5.7M        28M       3.2G

MemTotal:        4016004 kB
MemFree:          114692 kB
Active:           355220 kB
Mem:          3.8G       3.7G       112M       5.7M        28M       3.2G

MemTotal:        4016004 kB
MemFree:          114944 kB
Active:           355220 kB
Mem:          3.8G       3.7G       112M       5.7M        28M       3.2G

MemTotal:        4016004 kB
MemFree:          115008 kB
Active:           355220 kB
Mem:          3.8G       3.7G       112M       5.7M        28M       3.2G

MemTotal:        4016004 kB
MemFree:          115008 kB
Active:           355232 kB
Mem:          3.8G       3.7G       112M       5.7M        28M       3.2G

MemTotal:        4016004 kB
MemFree:          114884 kB
Active:           355232 kB
Mem:          3.8G       3.7G       112M       5.7M        28M       3.2G

MemTotal:        4016004 kB
MemFree:          114884 kB
Active:           355240 kB
Mem:          3.8G       3.7G       112M       5.7M        28M       3.2G

MemTotal:        4016004 kB
MemFree:          114884 kB
Active:           355240 kB
Mem:          3.8G       3.7G       112M       5.7M        28M       3.2G

MemTotal:        4016004 kB
MemFree:          114760 kB
Active:           355240 kB
Mem:          3.8G       3.7G       112M       5.7M        28M       3.2G

MemTotal:        4016004 kB
MemFree:          114884 kB
Active:           355240 kB
Mem:          3.8G       3.7G       112M       5.7M        28M       3.2G

MemTotal:        4016004 kB
MemFree:          114884 kB
Active:           355240 kB
Mem:          3.8G       3.7G       112M       5.7M        28M       3.2G

MemTotal:        4016004 kB
MemFree:          114884 kB
Active:           355248 kB
Mem:          3.8G       3.7G       112M       5.7M        28M       3.2G

MemTotal:        4016004 kB
MemFree:          114760 kB
Active:           355248 kB
Mem:          3.8G       3.7G       112M       5.7M        28M       3.2G

MemTotal:        4016004 kB
MemFree:          114760 kB
Active:           355248 kB
Mem:          3.8G       3.7G       112M       5.7M        28M       3.2G

MemTotal:        4016004 kB
MemFree:          114760 kB
Active:           355248 kB
Mem:          3.8G       3.7G       112M       5.7M        28M       3.2G

MemTotal:        4016004 kB
MemFree:          114760 kB
Active:           355248 kB
Mem:          3.8G       3.7G       112M       5.7M        28M       3.2G

MemTotal:        4016004 kB
MemFree:          114884 kB
Active:           355252 kB
Mem:          3.8G       3.7G       112M       5.7M        28M       3.2G

MemTotal:        4016004 kB
MemFree:          114760 kB
Active:           355252 kB
Mem:          3.8G       3.7G       112M       5.7M        28M       3.2G

MemTotal:        4016004 kB
MemFree:          114760 kB
Active:           355256 kB
Mem:          3.8G       3.7G       112M       5.7M        28M       3.2G

MemTotal:        4016004 kB
MemFree:          114884 kB
Active:           355256 kB
Mem:          3.8G       3.7G       112M       5.7M        28M       3.2G

MemTotal:        4016004 kB
MemFree:          114884 kB
Active:           355256 kB
Mem:          3.8G       3.7G       112M       5.7M        28M       3.2G

MemTotal:        4016004 kB
MemFree:          114884 kB
Active:           355256 kB
Mem:          3.8G       3.7G       112M       5.7M        28M       3.2G

MemTotal:        4016004 kB
MemFree:          114884 kB
Active:           355256 kB
Mem:          3.8G       3.7G       112M       5.7M        28M       3.2G

MemTotal:        4016004 kB
MemFree:          114760 kB
Active:           355260 kB
Mem:          3.8G       3.7G       112M       5.7M        28M       3.2G

MemTotal:        4016004 kB
MemFree:          114884 kB
Active:           355268 kB
Mem:          3.8G       3.7G       112M       5.7M        28M       3.2G

MemTotal:        4016004 kB
MemFree:          114884 kB
Active:           355276 kB
Mem:          3.8G       3.7G       112M       5.7M        28M       3.2G

MemTotal:        4016004 kB
MemFree:          114884 kB
Active:           355276 kB
Mem:          3.8G       3.7G       112M       5.7M        28M       3.2G

MemTotal:        4016004 kB
MemFree:          114760 kB
Active:           355276 kB
Mem:          3.8G       3.7G       112M       5.7M        28M       3.2G

MemTotal:        4016004 kB
MemFree:          114884 kB
Active:           355280 kB
Mem:          3.8G       3.7G       112M       5.7M        28M       3.2G

MemTotal:        4016004 kB
MemFree:          114884 kB
Active:           355284 kB
Mem:          3.8G       3.7G       112M       5.7M        28M       3.2G

MemTotal:        4016004 kB
MemFree:          114884 kB
Active:           355288 kB
Mem:          3.8G       3.7G       112M       5.7M        28M       3.2G

MemTotal:        4016004 kB
MemFree:          114760 kB
Active:           355292 kB
Mem:          3.8G       3.7G       112M       5.7M        28M       3.2G

MemTotal:        4016004 kB
MemFree:          114636 kB
Active:           355296 kB
Mem:          3.8G       3.7G       111M       5.7M        28M       3.2G

MemTotal:        4016004 kB
MemFree:          114760 kB
Active:           355296 kB
Mem:          3.8G       3.7G       112M       5.7M        28M       3.2G

MemTotal:        4016004 kB
MemFree:          114760 kB
Active:           355296 kB
Mem:          3.8G       3.7G       112M       5.7M        28M       3.2G

MemTotal:        4016004 kB
MemFree:          114636 kB
Active:           355296 kB
Mem:          3.8G       3.7G       111M       5.7M        28M       3.2G

MemTotal:        4016004 kB
MemFree:          114760 kB
Active:           355308 kB
Mem:          3.8G       3.7G       112M       5.7M        28M       3.2G

MemTotal:        4016004 kB
MemFree:          114636 kB
Active:           355308 kB
Mem:          3.8G       3.7G       111M       5.7M        28M       3.2G

MemTotal:        4016004 kB
MemFree:          114636 kB
Active:           355308 kB
Mem:          3.8G       3.7G       111M       5.7M        28M       3.2G

MemTotal:        4016004 kB
MemFree:          114636 kB
Active:           355308 kB
Mem:          3.8G       3.7G       111M       5.7M        28M       3.2G

MemTotal:        4016004 kB
MemFree:          114636 kB
Active:           355324 kB
Mem:          3.8G       3.7G       111M       5.7M        28M       3.2G

MemTotal:        4016004 kB
MemFree:          114760 kB
Active:           355324 kB
Mem:          3.8G       3.7G       112M       5.7M        28M       3.2G

MemTotal:        4016004 kB
MemFree:          114636 kB
Active:           355324 kB
Mem:          3.8G       3.7G       111M       5.7M        28M       3.2G

MemTotal:        4016004 kB
MemFree:          114636 kB
Active:           355324 kB
Mem:          3.8G       3.7G       112M       5.7M        28M       3.2G

MemTotal:        4016004 kB
MemFree:          114636 kB
Active:           355324 kB
Mem:          3.8G       3.7G       112M       5.7M        28M       3.2G

MemTotal:        4016004 kB
MemFree:          114636 kB
Active:           355324 kB
Mem:          3.8G       3.7G       111M       5.7M        28M       3.2G

MemTotal:        4016004 kB
MemFree:          114636 kB
Active:           355336 kB
Mem:          3.8G       3.7G       111M       5.7M        28M       3.2G

MemTotal:        4016004 kB
MemFree:          114636 kB
Active:           355336 kB
Mem:          3.8G       3.7G       111M       5.7M        28M       3.2G

MemTotal:        4016004 kB
MemFree:          114636 kB
Active:           355336 kB
Mem:          3.8G       3.7G       111M       5.7M        28M       3.2G

MemTotal:        4016004 kB
MemFree:          114512 kB
Active:           355336 kB
Mem:          3.8G       3.7G       111M       5.7M        28M       3.2G

MemTotal:        4016004 kB
MemFree:          114760 kB
Active:           355336 kB
Mem:          3.8G       3.7G       112M       5.7M        28M       3.2G

MemTotal:        4016004 kB
MemFree:          114636 kB
Active:           355336 kB
Mem:          3.8G       3.7G       111M       5.7M        28M       3.2G

MemTotal:        4016004 kB
MemFree:          114396 kB
Active:           355468 kB
Mem:          3.8G       3.7G       111M       5.7M        28M       3.2G

MemTotal:        4016004 kB
MemFree:          114396 kB
Active:           355468 kB
Mem:          3.8G       3.7G       111M       5.7M        28M       3.2G

MemTotal:        4016004 kB
MemFree:          114396 kB
Active:           355468 kB
Mem:          3.8G       3.7G       111M       5.7M        28M       3.2G

MemTotal:        4016004 kB
MemFree:          114520 kB
Active:           355468 kB
Mem:          3.8G       3.7G       111M       5.7M        28M       3.2G

MemTotal:        4016004 kB
MemFree:          114504 kB
Active:           355484 kB
Mem:          3.8G       3.7G       111M       5.7M        28M       3.2G

MemTotal:        4016004 kB
MemFree:          114504 kB
Active:           355484 kB
Mem:          3.8G       3.7G       111M       5.7M        28M       3.2G

MemTotal:        4016004 kB
MemFree:          114504 kB
Active:           355492 kB
Mem:          3.8G       3.7G       111M       5.7M        28M       3.2G

MemTotal:        4016004 kB
MemFree:          114504 kB
Active:           355492 kB
Mem:          3.8G       3.7G       111M       5.7M        28M       3.2G

MemTotal:        4016004 kB
MemFree:          114504 kB
Active:           355496 kB
Mem:          3.8G       3.7G       111M       5.7M        28M       3.2G

MemTotal:        4016004 kB
MemFree:          114504 kB
Active:           355500 kB
Mem:          3.8G       3.7G       111M       5.7M        28M       3.2G

MemTotal:        4016004 kB
MemFree:          114504 kB
Active:           355500 kB
Mem:          3.8G       3.7G       111M       5.7M        28M       3.2G

MemTotal:        4016004 kB
MemFree:          114504 kB
Active:           355500 kB
Mem:          3.8G       3.7G       111M       5.7M        28M       3.2G

MemTotal:        4016004 kB
MemFree:          114504 kB
Active:           355500 kB
Mem:          3.8G       3.7G       111M       5.7M        28M       3.2G

MemTotal:        4016004 kB
MemFree:          114256 kB
Active:           355500 kB
Mem:          3.8G       3.7G       111M       5.7M        28M       3.2G

MemTotal:        4016004 kB
MemFree:          114380 kB
Active:           355508 kB
Mem:          3.8G       3.7G       111M       5.7M        28M       3.2G

MemTotal:        4016004 kB
MemFree:          114256 kB
Active:           355508 kB
Mem:          3.8G       3.7G       111M       5.7M        28M       3.2G

MemTotal:        4016004 kB
MemFree:          114380 kB
Active:           355508 kB
Mem:          3.8G       3.7G       111M       5.7M        28M       3.2G

MemTotal:        4016004 kB
MemFree:          114380 kB
Active:           355508 kB
Mem:          3.8G       3.7G       111M       5.7M        28M       3.2G

MemTotal:        4016004 kB
MemFree:          114380 kB
Active:           355508 kB
Mem:          3.8G       3.7G       111M       5.7M        28M       3.2G

MemTotal:        4016004 kB
MemFree:          114256 kB
Active:           355516 kB
Mem:          3.8G       3.7G       111M       5.7M        28M       3.2G

MemTotal:        4016004 kB
MemFree:          114272 kB
Active:           355512 kB
Mem:          3.8G       3.7G       111M       5.7M        28M       3.2G

MemTotal:        4016004 kB
MemFree:          114520 kB
Active:           355516 kB
Mem:          3.8G       3.7G       111M       5.7M        28M       3.2G

MemTotal:        4016004 kB
MemFree:          114396 kB
Active:           355516 kB
Mem:          3.8G       3.7G       111M       5.7M        28M       3.2G

MemTotal:        4016004 kB
MemFree:          114520 kB
Active:           355516 kB
Mem:          3.8G       3.7G       111M       5.7M        28M       3.2G

MemTotal:        4016004 kB
MemFree:          114520 kB
Active:           355516 kB
Mem:          3.8G       3.7G       111M       5.7M        28M       3.2G

MemTotal:        4016004 kB
MemFree:          114396 kB
Active:           355516 kB
Mem:          3.8G       3.7G       111M       5.7M        28M       3.2G

MemTotal:        4016004 kB
MemFree:          114396 kB
Active:           355516 kB
Mem:          3.8G       3.7G       111M       5.7M        28M       3.2G

MemTotal:        4016004 kB
MemFree:          114396 kB
Active:           355524 kB
Mem:          3.8G       3.7G       111M       5.7M        28M       3.2G

MemTotal:        4016004 kB
MemFree:          114396 kB
Active:           355528 kB
Mem:          3.8G       3.7G       111M       5.7M        28M       3.2G

MemTotal:        4016004 kB
MemFree:          114396 kB
Active:           355532 kB
Mem:          3.8G       3.7G       111M       5.7M        28M       3.2G

MemTotal:        4016004 kB
MemFree:          114396 kB
Active:           355532 kB
Mem:          3.8G       3.7G       111M       5.7M        28M       3.2G

MemTotal:        4016004 kB
MemFree:          114272 kB
Active:           355532 kB
Mem:          3.8G       3.7G       111M       5.7M        28M       3.2G

MemTotal:        4016004 kB
MemFree:          114396 kB
Active:           355532 kB
Mem:          3.8G       3.7G       111M       5.7M        28M       3.2G

MemTotal:        4016004 kB
MemFree:          114396 kB
Active:           355536 kB
Mem:          3.8G       3.7G       111M       5.7M        28M       3.2G

MemTotal:        4016004 kB
MemFree:          113568 kB
Active:           355700 kB
Mem:          3.8G       3.7G       110M       5.7M        28M       3.2G

MemTotal:        4016004 kB
MemFree:          113528 kB
Active:           355648 kB
Mem:          3.8G       3.7G       110M       5.7M        28M       3.2G

MemTotal:        4016004 kB
MemFree:          113652 kB
Active:           355648 kB
Mem:          3.8G       3.7G       110M       5.7M        28M       3.2G

MemTotal:        4016004 kB
MemFree:          113652 kB
Active:           355648 kB
Mem:          3.8G       3.7G       110M       5.7M        28M       3.2G

MemTotal:        4016004 kB
MemFree:          113652 kB
Active:           355648 kB
Mem:          3.8G       3.7G       110M       5.7M        28M       3.2G

MemTotal:        4016004 kB
MemFree:          113652 kB
Active:           355648 kB
Mem:          3.8G       3.7G       110M       5.7M        28M       3.2G

MemTotal:        4016004 kB
MemFree:          113528 kB
Active:           355660 kB
Mem:          3.8G       3.7G       110M       5.7M        28M       3.2G

MemTotal:        4016004 kB
MemFree:          113528 kB
Active:           355660 kB
Mem:          3.8G       3.7G       110M       5.7M        28M       3.2G

MemTotal:        4016004 kB
MemFree:          113528 kB
Active:           355664 kB
Mem:          3.8G       3.7G       110M       5.7M        28M       3.2G

MemTotal:        4016004 kB
MemFree:          113528 kB
Active:           355664 kB
Mem:          3.8G       3.7G       110M       5.7M        28M       3.2G

MemTotal:        4016004 kB
MemFree:          113528 kB
Active:           355664 kB
Mem:          3.8G       3.7G       110M       5.7M        28M       3.2G

MemTotal:        4016004 kB
MemFree:          113652 kB
Active:           355664 kB
Mem:          3.8G       3.7G       110M       5.7M        28M       3.2G

MemTotal:        4016004 kB
MemFree:          113528 kB
Active:           355672 kB
Mem:          3.8G       3.7G       110M       5.7M        28M       3.2G

MemTotal:        4016004 kB
MemFree:          113528 kB
Active:           355672 kB
Mem:          3.8G       3.7G       110M       5.7M        28M       3.2G

MemTotal:        4016004 kB
MemFree:          113652 kB
Active:           355672 kB
Mem:          3.8G       3.7G       110M       5.7M        28M       3.2G

MemTotal:        4016004 kB
MemFree:          113528 kB
Active:           355676 kB
Mem:          3.8G       3.7G       110M       5.7M        28M       3.2G

MemTotal:        4016004 kB
MemFree:          113528 kB
Active:           355676 kB
Mem:          3.8G       3.7G       110M       5.7M        28M       3.2G

MemTotal:        4016004 kB
MemFree:          113528 kB
Active:           355676 kB
Mem:          3.8G       3.7G       110M       5.7M        28M       3.2G

MemTotal:        4016004 kB
MemFree:          113528 kB
Active:           355676 kB
Mem:          3.8G       3.7G       110M       5.7M        28M       3.2G

MemTotal:        4016004 kB
MemFree:          113528 kB
Active:           355676 kB
Mem:          3.8G       3.7G       110M       5.7M        28M       3.2G

MemTotal:        4016004 kB
MemFree:          113652 kB
Active:           355676 kB
Mem:          3.8G       3.7G       110M       5.7M        28M       3.2G

MemTotal:        4016004 kB
MemFree:          113652 kB
Active:           355684 kB
Mem:          3.8G       3.7G       110M       5.7M        28M       3.2G

MemTotal:        4016004 kB
MemFree:          113652 kB
Active:           355684 kB
Mem:          3.8G       3.7G       110M       5.7M        28M       3.2G

MemTotal:        4016004 kB
MemFree:          113528 kB
Active:           355684 kB
Mem:          3.8G       3.7G       110M       5.7M        28M       3.2G

MemTotal:        4016004 kB
MemFree:          113528 kB
Active:           355684 kB
Mem:          3.8G       3.7G       110M       5.7M        28M       3.2G

MemTotal:        4016004 kB
MemFree:          113528 kB
Active:           355684 kB
Mem:          3.8G       3.7G       110M       5.7M        28M       3.2G

MemTotal:        4016004 kB
MemFree:          113528 kB
Active:           355684 kB
Mem:          3.8G       3.7G       110M       5.7M        28M       3.2G

MemTotal:        4016004 kB
MemFree:          113404 kB
Active:           355688 kB
Mem:          3.8G       3.7G       110M       5.7M        28M       3.2G

MemTotal:        4016004 kB
MemFree:          113528 kB
Active:           355688 kB
Mem:          3.8G       3.7G       110M       5.7M        28M       3.2G

MemTotal:        4016004 kB
MemFree:          113528 kB
Active:           355692 kB
Mem:          3.8G       3.7G       110M       5.7M        28M       3.2G

MemTotal:        4016004 kB
MemFree:          113528 kB
Active:           355692 kB
Mem:          3.8G       3.7G       110M       5.7M        28M       3.2G

MemTotal:        4016004 kB
MemFree:          113528 kB
Active:           355700 kB
Mem:          3.8G       3.7G       110M       5.7M        28M       3.2G

MemTotal:        4016004 kB
MemFree:          113404 kB
Active:           355700 kB
Mem:          3.8G       3.7G       110M       5.7M        28M       3.2G

MemTotal:        4016004 kB
MemFree:          113404 kB
Active:           355700 kB
Mem:          3.8G       3.7G       110M       5.7M        28M       3.2G

MemTotal:        4016004 kB
MemFree:          113404 kB
Active:           355700 kB
Mem:          3.8G       3.7G       110M       5.7M        28M       3.2G

MemTotal:        4016004 kB
MemFree:          113404 kB
Active:           355700 kB
Mem:          3.8G       3.7G       110M       5.7M        28M       3.2G

MemTotal:        4016004 kB
MemFree:          113528 kB
Active:           355708 kB
Mem:          3.8G       3.7G       110M       5.7M        28M       3.2G

MemTotal:        4016004 kB
MemFree:          113528 kB
Active:           355708 kB
Mem:          3.8G       3.7G       110M       5.7M        28M       3.2G

MemTotal:        4016004 kB
MemFree:          113404 kB
Active:           355708 kB
Mem:          3.8G       3.7G       110M       5.7M        28M       3.2G

MemTotal:        4016004 kB
MemFree:          113528 kB
Active:           355708 kB
Mem:          3.8G       3.7G       110M       5.7M        28M       3.2G

MemTotal:        4016004 kB
MemFree:          113528 kB
Active:           355720 kB
Mem:          3.8G       3.7G       110M       5.7M        28M       3.2G

MemTotal:        4016004 kB
MemFree:          113528 kB
Active:           355720 kB
Mem:          3.8G       3.7G       110M       5.7M        28M       3.2G

MemTotal:        4016004 kB
MemFree:          113404 kB
Active:           355720 kB
Mem:          3.8G       3.7G       110M       5.7M        28M       3.2G

MemTotal:        4016004 kB
MemFree:          113404 kB
Active:           355724 kB
Mem:          3.8G       3.7G       110M       5.7M        28M       3.2G

MemTotal:        4016004 kB
MemFree:          113404 kB
Active:           355724 kB
Mem:          3.8G       3.7G       110M       5.7M        28M       3.2G

MemTotal:        4016004 kB
MemFree:          113528 kB
Active:           355724 kB
Mem:          3.8G       3.7G       110M       5.7M        28M       3.2G

MemTotal:        4016004 kB
MemFree:          113404 kB
Active:           355724 kB
Mem:          3.8G       3.7G       110M       5.7M        28M       3.2G

MemTotal:        4016004 kB
MemFree:          113404 kB
Active:           355724 kB
Mem:          3.8G       3.7G       110M       5.7M        28M       3.2G

MemTotal:        4016004 kB
MemFree:          113528 kB
Active:           355724 kB
Mem:          3.8G       3.7G       110M       5.7M        28M       3.2G

MemTotal:        4016004 kB
MemFree:          113528 kB
Active:           355732 kB
Mem:          3.8G       3.7G       110M       5.7M        28M       3.2G

MemTotal:        4016004 kB
MemFree:          113528 kB
Active:           355732 kB
Mem:          3.8G       3.7G       110M       5.7M        28M       3.2G

MemTotal:        4016004 kB
MemFree:          113528 kB
Active:           355732 kB
Mem:          3.8G       3.7G       110M       5.7M        28M       3.2G

MemTotal:        4016004 kB
MemFree:          113528 kB
Active:           355732 kB
Mem:          3.8G       3.7G       110M       5.7M        28M       3.2G

MemTotal:        4016004 kB
MemFree:          113528 kB
Active:           355732 kB
Mem:          3.8G       3.7G       110M       5.7M        28M       3.2G

MemTotal:        4016004 kB
MemFree:          113404 kB
Active:           355736 kB
Mem:          3.8G       3.7G       110M       5.7M        28M       3.2G

MemTotal:        4016004 kB
MemFree:          113404 kB
Active:           355736 kB
Mem:          3.8G       3.7G       110M       5.7M        29M       3.2G

MemTotal:        4016004 kB
MemFree:          113404 kB
Active:           355744 kB
Mem:          3.8G       3.7G       110M       5.7M        29M       3.2G

MemTotal:        4016004 kB
MemFree:          113404 kB
Active:           355752 kB
Mem:          3.8G       3.7G       110M       5.7M        29M       3.2G

MemTotal:        4016004 kB
MemFree:          113404 kB
Active:           355756 kB
Mem:          3.8G       3.7G       110M       5.7M        29M       3.2G

MemTotal:        4016004 kB
MemFree:          113528 kB
Active:           355756 kB
Mem:          3.8G       3.7G       110M       5.7M        29M       3.2G

MemTotal:        4016004 kB
MemFree:          113528 kB
Active:           355756 kB
Mem:          3.8G       3.7G       110M       5.7M        29M       3.2G

MemTotal:        4016004 kB
MemFree:          113404 kB
Active:           355756 kB
Mem:          3.8G       3.7G       110M       5.7M        29M       3.2G

MemTotal:        4016004 kB
MemFree:          113404 kB
Active:           355756 kB
Mem:          3.8G       3.7G       110M       5.7M        29M       3.2G

MemTotal:        4016004 kB
MemFree:          113404 kB
Active:           355764 kB
Mem:          3.8G       3.7G       110M       5.7M        29M       3.2G

MemTotal:        4016004 kB
MemFree:          113528 kB
Active:           355764 kB
Mem:          3.8G       3.7G       110M       5.7M        29M       3.2G

MemTotal:        4016004 kB
MemFree:          113528 kB
Active:           355768 kB
Mem:          3.8G       3.7G       110M       5.7M        29M       3.2G

MemTotal:        4016004 kB
MemFree:          113528 kB
Active:           355768 kB
Mem:          3.8G       3.7G       110M       5.7M        29M       3.2G

MemTotal:        4016004 kB
MemFree:          113528 kB
Active:           355768 kB
Mem:          3.8G       3.7G       110M       5.7M        29M       3.2G

MemTotal:        4016004 kB
MemFree:          113528 kB
Active:           355768 kB
Mem:          3.8G       3.7G       110M       5.7M        29M       3.2G

MemTotal:        4016004 kB
MemFree:          113528 kB
Active:           355768 kB
Mem:          3.8G       3.7G       110M       5.7M        29M       3.2G

MemTotal:        4016004 kB
MemFree:          113528 kB
Active:           355780 kB
Mem:          3.8G       3.7G       110M       5.7M        29M       3.2G

MemTotal:        4016004 kB
MemFree:          113404 kB
Active:           355780 kB
Mem:          3.8G       3.7G       110M       5.7M        29M       3.2G

MemTotal:        4016004 kB
MemFree:          113404 kB
Active:           355780 kB
Mem:          3.8G       3.7G       110M       5.7M        29M       3.2G

MemTotal:        4016004 kB
MemFree:          113404 kB
Active:           355780 kB
Mem:          3.8G       3.7G       110M       5.7M        29M       3.2G

MemTotal:        4016004 kB
MemFree:          113404 kB
Active:           355780 kB
Mem:          3.8G       3.7G       110M       5.7M        29M       3.2G

MemTotal:        4016004 kB
MemFree:          113404 kB
Active:           355780 kB
Mem:          3.8G       3.7G       110M       5.7M        29M       3.2G

MemTotal:        4016004 kB
MemFree:          113280 kB
Active:           355788 kB
Mem:          3.8G       3.7G       110M       5.7M        29M       3.2G

MemTotal:        4016004 kB
MemFree:          113280 kB
Active:           355788 kB
Mem:          3.8G       3.7G       110M       5.7M        29M       3.2G

MemTotal:        4016004 kB
MemFree:          113404 kB
Active:           355788 kB
Mem:          3.8G       3.7G       110M       5.7M        29M       3.2G

MemTotal:        4016004 kB
MemFree:          113404 kB
Active:           355788 kB
Mem:          3.8G       3.7G       110M       5.7M        29M       3.2G

MemTotal:        4016004 kB
MemFree:          113404 kB
Active:           355788 kB
Mem:          3.8G       3.7G       110M       5.7M        29M       3.2G

MemTotal:        4016004 kB
MemFree:          113404 kB
Active:           355788 kB
Mem:          3.8G       3.7G       110M       5.7M        29M       3.2G

MemTotal:        4016004 kB
MemFree:          113404 kB
Active:           355788 kB
Mem:          3.8G       3.7G       110M       5.7M        29M       3.2G

MemTotal:        4016004 kB
MemFree:          113528 kB
Active:           355788 kB
Mem:          3.8G       3.7G       110M       5.7M        29M       3.2G

MemTotal:        4016004 kB
MemFree:          113528 kB
Active:           355792 kB
Mem:          3.8G       3.7G       110M       5.7M        29M       3.2G

MemTotal:        4016004 kB
MemFree:          113528 kB
Active:           355792 kB
Mem:          3.8G       3.7G       110M       5.7M        29M       3.2G

MemTotal:        4016004 kB
MemFree:          113528 kB
Active:           355792 kB
Mem:          3.8G       3.7G       110M       5.7M        29M       3.2G

MemTotal:        4016004 kB
MemFree:          113404 kB
Active:           355792 kB
Mem:          3.8G       3.7G       110M       5.7M        29M       3.2G

MemTotal:        4016004 kB
MemFree:          113404 kB
Active:           355792 kB
Mem:          3.8G       3.7G       110M       5.7M        29M       3.2G

MemTotal:        4016004 kB
MemFree:          113328 kB
Active:           355580 kB
Mem:          3.8G       3.7G       110M       5.7M        29M       3.2G

MemTotal:        4016004 kB
MemFree:          113080 kB
Active:           355576 kB
Mem:          3.8G       3.7G       110M       5.7M        29M       3.2G

MemTotal:        4016004 kB
MemFree:          113176 kB
Active:           355552 kB
Mem:          3.8G       3.7G       110M       5.7M        29M       3.2G

MemTotal:        4016004 kB
MemFree:          112804 kB
Active:           355592 kB
Mem:          3.8G       3.7G       110M       5.7M        29M       3.2G

MemTotal:        4016004 kB
MemFree:          113176 kB
Active:           355552 kB
Mem:          3.8G       3.7G       110M       5.7M        29M       3.2G

MemTotal:        4016004 kB
MemFree:          113052 kB
Active:           355588 kB
Mem:          3.8G       3.7G       110M       5.7M        29M       3.2G

MemTotal:        4016004 kB
MemFree:          113176 kB
Active:           355560 kB
Mem:          3.8G       3.7G       110M       5.7M        29M       3.2G

MemTotal:        4016004 kB
MemFree:          113052 kB
Active:           355608 kB
Mem:          3.8G       3.7G       110M       5.7M        29M       3.2G

MemTotal:        4016004 kB
MemFree:          113424 kB
Active:           355552 kB
Mem:          3.8G       3.7G       110M       5.7M        29M       3.2G

MemTotal:        4016004 kB
MemFree:          113424 kB
Active:           355572 kB
Mem:          3.8G       3.7G       110M       5.7M        29M       3.2G

MemTotal:        4016004 kB
MemFree:          113300 kB
Active:           355604 kB
Mem:          3.8G       3.7G       110M       5.7M        29M       3.2G

MemTotal:        4016004 kB
MemFree:          113052 kB
Active:           355612 kB
Mem:          3.8G       3.7G       110M       5.7M        29M       3.2G

MemTotal:        4016004 kB
MemFree:          113424 kB
Active:           355588 kB
Mem:          3.8G       3.7G       110M       5.7M        29M       3.2G

MemTotal:        4016004 kB
MemFree:          113424 kB
Active:           355556 kB
Mem:          3.8G       3.7G       110M       5.7M        29M       3.2G

MemTotal:        4016004 kB
MemFree:          113176 kB
Active:           355612 kB
Mem:          3.8G       3.7G       110M       5.7M        29M       3.2G

MemTotal:        4016004 kB
MemFree:          112812 kB
Active:           355620 kB
Mem:          3.8G       3.7G       110M       5.7M        29M       3.2G

MemTotal:        4016004 kB
MemFree:          112936 kB
Active:           355620 kB
Mem:          3.8G       3.7G       110M       5.7M        29M       3.2G

MemTotal:        4016004 kB
MemFree:          112936 kB
Active:           355584 kB
Mem:          3.8G       3.7G       110M       5.7M        29M       3.2G

MemTotal:        4016004 kB
MemFree:          112812 kB
Active:           355620 kB
Mem:          3.8G       3.7G       110M       5.7M        29M       3.2G

MemTotal:        4016004 kB
MemFree:          113184 kB
Active:           355600 kB
Mem:          3.8G       3.7G       110M       5.7M        29M       3.2G

MemTotal:        4016004 kB
MemFree:          113324 kB
Active:           355572 kB
Mem:          3.8G       3.7G       110M       5.7M        29M       3.2G

MemTotal:        4016004 kB
MemFree:          112952 kB
Active:           355628 kB
Mem:          3.8G       3.7G       110M       5.7M        29M       3.2G

MemTotal:        4016004 kB
MemFree:          112952 kB
Active:           355632 kB
Mem:          3.8G       3.7G       110M       5.7M        29M       3.2G

MemTotal:        4016004 kB
MemFree:          113448 kB
Active:           355596 kB
Mem:          3.8G       3.7G       110M       5.7M        29M       3.2G

MemTotal:        4016004 kB
MemFree:          113572 kB
Active:           355616 kB
Mem:          3.8G       3.7G       110M       5.7M        29M       3.2G

MemTotal:        4016004 kB
MemFree:          113076 kB
Active:           355636 kB
Mem:          3.8G       3.7G       110M       5.7M        29M       3.2G

MemTotal:        4016004 kB
MemFree:          113076 kB
Active:           355592 kB
Mem:          3.8G       3.7G       110M       5.7M        29M       3.2G

MemTotal:        4016004 kB
MemFree:          112952 kB
Active:           355612 kB
Mem:          3.8G       3.7G       110M       5.7M        29M       3.2G

MemTotal:        4016004 kB
MemFree:          113076 kB
Active:           355636 kB
