MemTotal:        4016004 kB
MemFree:         3235860 kB
Active:           426056 kB
Mem:          3.8G       761M       3.1G       5.7M        51M       319M

MemTotal:        4016004 kB
MemFree:         3227420 kB
Active:           434356 kB
Mem:          3.8G       770M       3.1G       5.7M        58M       319M

MemTotal:        4016004 kB
MemFree:         3227612 kB
Active:           433936 kB
Mem:          3.8G       770M       3.1G       5.7M        58M       319M

MemTotal:        4016004 kB
MemFree:         3227472 kB
Active:           433904 kB
Mem:          3.8G       770M       3.1G       5.7M        58M       319M

MemTotal:        4016004 kB
MemFree:         3227052 kB
Active:           433940 kB
Mem:          3.8G       770M       3.1G       5.7M        58M       319M

MemTotal:        4016004 kB
MemFree:         3227408 kB
Active:           433908 kB
Mem:          3.8G       769M       3.1G       5.7M        58M       319M

MemTotal:        4016004 kB
MemFree:         3227268 kB
Active:           433952 kB
Mem:          3.8G       770M       3.1G       5.7M        58M       319M

MemTotal:        4016004 kB
MemFree:         3227252 kB
Active:           433952 kB
Mem:          3.8G       770M       3.1G       5.7M        58M       319M

MemTotal:        4016004 kB
MemFree:         3227624 kB
Active:           433912 kB
Mem:          3.8G       769M       3.1G       5.7M        58M       319M

MemTotal:        4016004 kB
MemFree:         3227376 kB
Active:           433952 kB
Mem:          3.8G       769M       3.1G       5.7M        58M       319M

MemTotal:        4016004 kB
MemFree:         3227500 kB
Active:           433952 kB
Mem:          3.8G       770M       3.1G       5.7M        58M       319M

MemTotal:        4016004 kB
MemFree:         3227872 kB
Active:           433912 kB
Mem:          3.8G       769M       3.1G       5.7M        58M       319M

MemTotal:        4016004 kB
MemFree:         3227996 kB
Active:           433928 kB
Mem:          3.8G       769M       3.1G       5.7M        58M       319M

MemTotal:        4016004 kB
MemFree:         3227524 kB
Active:           433952 kB
Mem:          3.8G       770M       3.1G       5.7M        58M       319M

MemTotal:        4016004 kB
MemFree:         3227396 kB
Active:           431912 kB
Mem:          3.8G       769M       3.1G       5.7M        58M       319M

MemTotal:        4016004 kB
MemFree:         3227924 kB
Active:           433956 kB
Mem:          3.8G       769M       3.1G       5.7M        58M       319M

MemTotal:        4016004 kB
MemFree:         3227428 kB
Active:           433960 kB
Mem:          3.8G       770M       3.1G       5.7M        58M       319M

MemTotal:        4016004 kB
MemFree:         3227924 kB
Active:           433948 kB
Mem:          3.8G       769M       3.1G       5.7M        58M       319M

MemTotal:        4016004 kB
MemFree:         3227908 kB
Active:           433940 kB
Mem:          3.8G       769M       3.1G       5.7M        58M       319M

MemTotal:        4016004 kB
MemFree:         3227892 kB
Active:           433956 kB
Mem:          3.8G       770M       3.1G       5.7M        58M       319M

MemTotal:        4016004 kB
MemFree:         3227504 kB
Active:           433968 kB
Mem:          3.8G       770M       3.1G       5.7M        58M       319M

MemTotal:        4016004 kB
MemFree:         3227412 kB
Active:           433912 kB
Mem:          3.8G       770M       3.1G       5.7M        58M       319M

MemTotal:        4016004 kB
MemFree:         3227164 kB
Active:           433968 kB
Mem:          3.8G       770M       3.1G       5.7M        58M       319M

MemTotal:        4016004 kB
MemFree:         3227536 kB
Active:           433952 kB
Mem:          3.8G       770M       3.1G       5.7M        58M       319M

MemTotal:        4016004 kB
MemFree:         3227164 kB
Active:           433952 kB
Mem:          3.8G       770M       3.1G       5.7M        58M       319M

MemTotal:        4016004 kB
MemFree:         3227164 kB
Active:           433912 kB
Mem:          3.8G       770M       3.1G       5.7M        58M       319M

MemTotal:        4016004 kB
MemFree:         3226884 kB
Active:           433968 kB
Mem:          3.8G       770M       3.1G       5.7M        58M       319M

MemTotal:        4016004 kB
MemFree:         3227552 kB
Active:           433948 kB
Mem:          3.8G       770M       3.1G       5.7M        58M       319M

MemTotal:        4016004 kB
MemFree:         3227552 kB
Active:           433948 kB
Mem:          3.8G       770M       3.1G       5.7M        58M       319M

MemTotal:        4016004 kB
MemFree:         3227304 kB
Active:           433956 kB
Mem:          3.8G       769M       3.1G       5.7M        58M       319M

MemTotal:        4016004 kB
MemFree:         3227520 kB
Active:           433936 kB
Mem:          3.8G       770M       3.1G       5.7M        58M       319M

MemTotal:        4016004 kB
MemFree:         3227164 kB
Active:           433976 kB
Mem:          3.8G       769M       3.1G       5.7M        58M       319M

MemTotal:        4016004 kB
MemFree:         3227536 kB
Active:           433920 kB
Mem:          3.8G       770M       3.1G       5.7M        58M       319M

MemTotal:        4016004 kB
MemFree:         3227164 kB
Active:           433984 kB
Mem:          3.8G       770M       3.1G       5.7M        58M       319M

MemTotal:        4016004 kB
MemFree:         3227660 kB
Active:           433956 kB
Mem:          3.8G       769M       3.1G       5.7M        58M       319M

MemTotal:        4016004 kB
MemFree:         3227692 kB
Active:           433956 kB
Mem:          3.8G       769M       3.1G       5.7M        58M       319M

MemTotal:        4016004 kB
MemFree:         3227692 kB
Active:           433956 kB
Mem:          3.8G       769M       3.1G       5.7M        58M       319M

MemTotal:        4016004 kB
MemFree:         3227568 kB
Active:           433952 kB
Mem:          3.8G       769M       3.1G       5.7M        58M       319M

MemTotal:        4016004 kB
MemFree:         3227272 kB
Active:           433996 kB
Mem:          3.8G       770M       3.1G       5.7M        58M       319M

MemTotal:        4016004 kB
MemFree:         3227644 kB
Active:           433964 kB
Mem:          3.8G       770M       3.1G       5.7M        58M       319M

MemTotal:        4016004 kB
MemFree:         3227504 kB
Active:           433948 kB
Mem:          3.8G       769M       3.1G       5.7M        58M       319M

MemTotal:        4016004 kB
MemFree:         3227520 kB
Active:           433988 kB
Mem:          3.8G       769M       3.1G       5.7M        58M       319M

MemTotal:        4016004 kB
MemFree:         3227272 kB
Active:           433996 kB
Mem:          3.8G       770M       3.1G       5.7M        58M       319M

MemTotal:        4016004 kB
MemFree:         3225224 kB
Active:           433980 kB
Mem:          3.8G       772M       3.1G       5.7M        58M       319M

MemTotal:        4016004 kB
MemFree:         3225348 kB
Active:           435988 kB
Mem:          3.8G       772M       3.1G       5.7M        58M       319M

MemTotal:        4016004 kB
MemFree:         3225348 kB
Active:           435980 kB
Mem:          3.8G       772M       3.1G       5.7M        58M       319M

MemTotal:        4016004 kB
MemFree:         3225472 kB
Active:           436024 kB
Mem:          3.8G       772M       3.1G       5.7M        58M       319M

MemTotal:        4016004 kB
MemFree:         3225084 kB
Active:           436028 kB
Mem:          3.8G       772M       3.1G       5.7M        58M       319M

MemTotal:        4016004 kB
MemFree:         3225272 kB
Active:           435996 kB
Mem:          3.8G       772M       3.1G       5.7M        58M       319M

MemTotal:        4016004 kB
MemFree:         3225396 kB
Active:           435980 kB
Mem:          3.8G       772M       3.1G       5.7M        58M       319M

MemTotal:        4016004 kB
MemFree:         3225132 kB
Active:           436040 kB
Mem:          3.8G       772M       3.1G       5.7M        58M       319M

MemTotal:        4016004 kB
MemFree:         3225240 kB
Active:           436032 kB
Mem:          3.8G       772M       3.1G       5.7M        58M       319M

MemTotal:        4016004 kB
MemFree:         3225348 kB
Active:           436012 kB
Mem:          3.8G       772M       3.1G       5.7M        58M       319M

MemTotal:        4016004 kB
MemFree:         3224400 kB
Active:           434020 kB
Mem:          3.8G       772M       3.1G       5.7M        58M       319M

MemTotal:        4016004 kB
MemFree:         3225300 kB
Active:           436040 kB
Mem:          3.8G       772M       3.1G       5.7M        58M       319M

MemTotal:        4016004 kB
MemFree:         3225548 kB
Active:           436048 kB
Mem:          3.8G       772M       3.1G       5.7M        58M       319M

MemTotal:        4016004 kB
MemFree:         3225424 kB
Active:           436036 kB
Mem:          3.8G       772M       3.1G       5.7M        58M       319M

MemTotal:        4016004 kB
MemFree:         3225052 kB
Active:           436072 kB
Mem:          3.8G       772M       3.1G       5.7M        58M       319M

MemTotal:        4016004 kB
MemFree:         3225440 kB
Active:           436072 kB
Mem:          3.8G       772M       3.1G       5.7M        58M       319M

MemTotal:        4016004 kB
MemFree:         3225316 kB
Active:           436064 kB
Mem:          3.8G       772M       3.1G       5.7M        58M       319M

MemTotal:        4016004 kB
MemFree:         3225068 kB
Active:           436080 kB
Mem:          3.8G       772M       3.1G       5.7M        58M       319M

MemTotal:        4016004 kB
MemFree:         3225300 kB
Active:           436080 kB
Mem:          3.8G       772M       3.1G       5.7M        58M       319M

MemTotal:        4016004 kB
MemFree:         3225284 kB
Active:           436064 kB
Mem:          3.8G       771M       3.1G       5.7M        58M       319M

MemTotal:        4016004 kB
MemFree:         3225300 kB
Active:           436052 kB
Mem:          3.8G       772M       3.1G       5.7M        58M       319M

MemTotal:        4016004 kB
MemFree:         3225052 kB
Active:           436088 kB
Mem:          3.8G       772M       3.1G       5.7M        58M       319M

MemTotal:        4016004 kB
MemFree:         3225052 kB
Active:           436088 kB
Mem:          3.8G       772M       3.1G       5.7M        58M       319M

MemTotal:        4016004 kB
MemFree:         3225424 kB
Active:           436084 kB
Mem:          3.8G       772M       3.1G       5.7M        58M       319M

MemTotal:        4016004 kB
MemFree:         3225456 kB
Active:           436080 kB
Mem:          3.8G       771M       3.1G       5.7M        58M       319M

MemTotal:        4016004 kB
MemFree:         3224960 kB
Active:           436088 kB
Mem:          3.8G       772M       3.1G       5.7M        58M       319M

MemTotal:        4016004 kB
MemFree:         3225084 kB
Active:           436072 kB
Mem:          3.8G       772M       3.1G       5.7M        58M       319M

MemTotal:        4016004 kB
MemFree:         3225052 kB
Active:           436048 kB
Mem:          3.8G       772M       3.1G       5.7M        58M       319M

MemTotal:        4016004 kB
MemFree:         3225160 kB
Active:           436040 kB
Mem:          3.8G       772M       3.1G       5.7M        58M       319M

MemTotal:        4016004 kB
MemFree:         3225268 kB
Active:           436044 kB
Mem:          3.8G       772M       3.1G       5.7M        58M       319M

MemTotal:        4016004 kB
MemFree:         3224320 kB
Active:           434044 kB
Mem:          3.8G       772M       3.1G       5.7M        58M       319M

MemTotal:        4016004 kB
MemFree:         3224708 kB
Active:           436052 kB
Mem:          3.8G       772M       3.1G       5.7M        58M       319M

MemTotal:        4016004 kB
MemFree:         3224832 kB
Active:           436036 kB
Mem:          3.8G       772M       3.1G       5.7M        58M       319M

MemTotal:        4016004 kB
MemFree:         3224956 kB
Active:           436104 kB
Mem:          3.8G       772M       3.1G       5.7M        58M       319M

MemTotal:        4016004 kB
MemFree:         3225328 kB
Active:           436084 kB
Mem:          3.8G       772M       3.1G       5.7M        58M       319M

MemTotal:        4016004 kB
MemFree:         3225328 kB
Active:           436056 kB
Mem:          3.8G       771M       3.1G       5.7M        58M       319M

MemTotal:        4016004 kB
MemFree:         3224956 kB
Active:           436104 kB
Mem:          3.8G       772M       3.1G       5.7M        58M       319M

MemTotal:        4016004 kB
MemFree:         3225268 kB
Active:           436084 kB
Mem:          3.8G       772M       3.1G       5.7M        58M       319M

MemTotal:        4016004 kB
MemFree:         3225020 kB
Active:           436104 kB
Mem:          3.8G       772M       3.1G       5.7M        58M       319M

MemTotal:        4016004 kB
MemFree:         3224896 kB
Active:           436108 kB
Mem:          3.8G       772M       3.1G       5.7M        58M       319M

MemTotal:        4016004 kB
MemFree:         3225252 kB
Active:           436080 kB
Mem:          3.8G       772M       3.1G       5.7M        58M       319M

MemTotal:        4016004 kB
MemFree:         3225236 kB
Active:           436092 kB
Mem:          3.8G       772M       3.1G       5.7M        58M       319M

MemTotal:        4016004 kB
MemFree:         3225344 kB
Active:           436092 kB
Mem:          3.8G       772M       3.1G       5.7M        58M       319M

MemTotal:        4016004 kB
MemFree:         3225344 kB
Active:           436076 kB
Mem:          3.8G       772M       3.1G       5.7M        58M       319M

MemTotal:        4016004 kB
MemFree:         3225344 kB
Active:           436120 kB
Mem:          3.8G       772M       3.1G       5.7M        58M       319M

MemTotal:        4016004 kB
MemFree:         3225220 kB
Active:           436108 kB
Mem:          3.8G       772M       3.1G       5.7M        58M       319M

MemTotal:        4016004 kB
MemFree:         3225096 kB
Active:           436128 kB
Mem:          3.8G       772M       3.1G       5.7M        58M       319M

MemTotal:        4016004 kB
MemFree:         3224972 kB
Active:           436128 kB
Mem:          3.8G       772M       3.1G       5.7M        58M       319M

MemTotal:        4016004 kB
MemFree:         3225220 kB
Active:           436128 kB
Mem:          3.8G       772M       3.1G       5.7M        58M       319M

MemTotal:        4016004 kB
MemFree:         3225600 kB
Active:           436104 kB
Mem:          3.8G       771M       3.1G       5.7M        58M       319M

MemTotal:        4016004 kB
MemFree:         3225508 kB
Active:           436108 kB
Mem:          3.8G       772M       3.1G       5.7M        58M       319M

MemTotal:        4016004 kB
MemFree:         3225508 kB
Active:           436120 kB
Mem:          3.8G       772M       3.1G       5.7M        58M       319M

MemTotal:        4016004 kB
MemFree:         3225616 kB
Active:           436132 kB
Mem:          3.8G       772M       3.1G       5.7M        58M       319M

MemTotal:        4016004 kB
MemFree:         3225352 kB
Active:           436108 kB
Mem:          3.8G       772M       3.1G       5.7M        58M       319M

MemTotal:        4016004 kB
MemFree:         3224872 kB
Active:           436148 kB
Mem:          3.8G       772M       3.1G       5.7M        58M       319M

MemTotal:        4016004 kB
MemFree:         3225244 kB
Active:           436120 kB
Mem:          3.8G       772M       3.1G       5.7M        58M       319M

MemTotal:        4016004 kB
MemFree:         3225120 kB
Active:           436112 kB
Mem:          3.8G       772M       3.1G       5.7M        58M       319M

MemTotal:        4016004 kB
MemFree:         3224592 kB
Active:           436148 kB
Mem:          3.8G       772M       3.1G       5.7M        58M       319M

MemTotal:        4016004 kB
MemFree:         3179912 kB
Active:           436656 kB
Mem:          3.8G       817M       3.0G       5.7M        58M       364M

MemTotal:        4016004 kB
MemFree:         3130200 kB
Active:           436800 kB
Mem:          3.8G       865M       3.0G       5.7M        58M       411M

MemTotal:        4016004 kB
MemFree:         3081232 kB
Active:           436796 kB
Mem:          3.8G       913M       2.9G       5.7M        58M       458M

MemTotal:        4016004 kB
MemFree:         3031892 kB
Active:           436784 kB
Mem:          3.8G       962M       2.9G       5.7M        58M       505M

MemTotal:        4016004 kB
MemFree:         2981188 kB
Active:           436816 kB
Mem:          3.8G       1.0G       2.8G       5.7M        58M       554M

MemTotal:        4016004 kB
MemFree:         2930872 kB
Active:           436788 kB
Mem:          3.8G       1.0G       2.8G       5.7M        58M       602M

MemTotal:        4016004 kB
MemFree:         2881516 kB
Active:           436820 kB
Mem:          3.8G       1.1G       2.7G       5.7M        58M       650M

MemTotal:        4016004 kB
MemFree:         2870512 kB
Active:           436844 kB
Mem:          3.8G       1.1G       2.7G       5.7M        58M       659M

MemTotal:        4016004 kB
MemFree:         2828012 kB
Active:           436856 kB
Mem:          3.8G       1.1G       2.7G       5.7M        58M       701M

MemTotal:        4016004 kB
MemFree:         2777836 kB
Active:           436856 kB
Mem:          3.8G       1.2G       2.6G       5.7M        58M       749M

MemTotal:        4016004 kB
MemFree:         2771364 kB
Active:           436876 kB
Mem:          3.8G       1.2G       2.6G       5.7M        58M       755M

MemTotal:        4016004 kB
MemFree:         2746556 kB
Active:           436920 kB
Mem:          3.8G       1.2G       2.6G       5.7M        58M       780M

MemTotal:        4016004 kB
MemFree:         2695852 kB
Active:           436920 kB
Mem:          3.8G       1.3G       2.6G       5.7M        58M       828M

MemTotal:        4016004 kB
MemFree:         2646300 kB
Active:           436920 kB
Mem:          3.8G       1.3G       2.5G       5.7M        58M       876M

MemTotal:        4016004 kB
MemFree:         2595940 kB
Active:           436920 kB
Mem:          3.8G       1.4G       2.5G       5.7M        58M       924M

MemTotal:        4016004 kB
MemFree:         2545484 kB
Active:           436924 kB
Mem:          3.8G       1.4G       2.4G       5.7M        58M       973M

MemTotal:        4016004 kB
MemFree:         2495648 kB
Active:           436936 kB
Mem:          3.8G       1.5G       2.4G       5.7M        58M       1.0G

MemTotal:        4016004 kB
MemFree:         2445688 kB
Active:           436936 kB
Mem:          3.8G       1.5G       2.3G       5.7M        58M       1.0G

MemTotal:        4016004 kB
MemFree:         2419848 kB
Active:           436936 kB
Mem:          3.8G       1.5G       2.3G       5.7M        58M       1.1G

MemTotal:        4016004 kB
MemFree:         2385528 kB
Active:           436936 kB
Mem:          3.8G       1.6G       2.3G       5.7M        58M       1.1G

MemTotal:        4016004 kB
MemFree:         2335416 kB
Active:           436948 kB
Mem:          3.8G       1.6G       2.2G       5.7M        58M       1.1G

MemTotal:        4016004 kB
MemFree:         2319872 kB
Active:           436956 kB
Mem:          3.8G       1.6G       2.2G       5.7M        58M       1.2G

MemTotal:        4016004 kB
MemFree:         2272216 kB
Active:           436968 kB
Mem:          3.8G       1.7G       2.2G       5.7M        58M       1.2G

MemTotal:        4016004 kB
MemFree:         2221952 kB
Active:           436968 kB
Mem:          3.8G       1.7G       2.1G       5.7M        58M       1.3G

MemTotal:        4016004 kB
MemFree:         2173976 kB
Active:           436968 kB
Mem:          3.8G       1.8G       2.1G       5.7M        58M       1.3G

MemTotal:        4016004 kB
MemFree:         2131256 kB
Active:           436976 kB
Mem:          3.8G       1.8G       2.0G       5.7M        58M       1.3G

MemTotal:        4016004 kB
MemFree:         2081296 kB
Active:           436976 kB
Mem:          3.8G       1.8G       2.0G       5.7M        58M       1.4G

MemTotal:        4016004 kB
MemFree:         2031088 kB
Active:           436980 kB
Mem:          3.8G       1.9G       1.9G       5.7M        58M       1.4G

MemTotal:        4016004 kB
MemFree:         1981624 kB
Active:           436980 kB
Mem:          3.8G       1.9G       1.9G       5.7M        58M       1.5G

MemTotal:        4016004 kB
MemFree:         1945576 kB
Active:           436992 kB
Mem:          3.8G       2.0G       1.9G       5.7M        58M       1.5G

MemTotal:        4016004 kB
MemFree:         1913444 kB
Active:           437000 kB
Mem:          3.8G       2.0G       1.8G       5.7M        58M       1.5G

MemTotal:        4016004 kB
MemFree:         1867828 kB
Active:           437000 kB
Mem:          3.8G       2.0G       1.8G       5.7M        58M       1.6G

MemTotal:        4016004 kB
MemFree:         1846836 kB
Active:           437004 kB
Mem:          3.8G       2.1G       1.8G       5.7M        58M       1.6G

MemTotal:        4016004 kB
MemFree:         1796528 kB
Active:           437012 kB
Mem:          3.8G       2.1G       1.7G       5.7M        58M       1.7G

MemTotal:        4016004 kB
MemFree:         1773264 kB
Active:           437012 kB
Mem:          3.8G       2.1G       1.7G       5.7M        58M       1.7G

MemTotal:        4016004 kB
MemFree:         1762480 kB
Active:           437016 kB
Mem:          3.8G       2.1G       1.7G       5.7M        58M       1.7G

MemTotal:        4016004 kB
MemFree:         1713112 kB
Active:           437028 kB
Mem:          3.8G       2.2G       1.6G       5.7M        58M       1.7G

MemTotal:        4016004 kB
MemFree:         1663772 kB
Active:           437032 kB
Mem:          3.8G       2.2G       1.6G       5.7M        58M       1.8G

MemTotal:        4016004 kB
MemFree:         1613936 kB
Active:           437032 kB
Mem:          3.8G       2.3G       1.5G       5.7M        58M       1.8G

MemTotal:        4016004 kB
MemFree:         1561944 kB
Active:           437036 kB
Mem:          3.8G       2.3G       1.5G       5.7M        58M       1.9G

MemTotal:        4016004 kB
MemFree:         1515208 kB
Active:           439068 kB
Mem:          3.8G       2.4G       1.4G       5.7M        58M       1.9G

MemTotal:        4016004 kB
MemFree:         1497132 kB
Active:           439064 kB
Mem:          3.8G       2.4G       1.4G       5.7M        58M       1.9G

MemTotal:        4016004 kB
MemFree:         1446636 kB
Active:           439080 kB
Mem:          3.8G       2.5G       1.4G       5.7M        58M       2.0G

MemTotal:        4016004 kB
MemFree:         1414864 kB
Active:           439080 kB
Mem:          3.8G       2.5G       1.3G       5.7M        58M       2.0G

MemTotal:        4016004 kB
MemFree:         1414896 kB
Active:           439092 kB
Mem:          3.8G       2.5G       1.3G       5.7M        58M       2.0G

MemTotal:        4016004 kB
MemFree:         1414860 kB
Active:           439108 kB
Mem:          3.8G       2.5G       1.3G       5.7M        58M       2.0G

MemTotal:        4016004 kB
MemFree:         1414928 kB
Active:           439112 kB
Mem:          3.8G       2.5G       1.3G       5.7M        58M       2.0G

MemTotal:        4016004 kB
MemFree:         1365620 kB
Active:           439116 kB
Mem:          3.8G       2.5G       1.3G       5.7M        58M       2.1G

MemTotal:        4016004 kB
MemFree:         1316156 kB
Active:           439116 kB
Mem:          3.8G       2.6G       1.3G       5.7M        58M       2.1G

MemTotal:        4016004 kB
MemFree:         1266180 kB
Active:           437164 kB
Mem:          3.8G       2.6G       1.2G       5.7M        58M       2.2G

MemTotal:        4016004 kB
MemFree:         1215856 kB
Active:           439224 kB
Mem:          3.8G       2.7G       1.2G       5.7M        58M       2.2G

MemTotal:        4016004 kB
MemFree:         1166640 kB
Active:           439228 kB
Mem:          3.8G       2.7G       1.1G       5.7M        58M       2.2G

MemTotal:        4016004 kB
MemFree:         1116184 kB
Active:           439228 kB
Mem:          3.8G       2.8G       1.1G       5.7M        58M       2.3G

MemTotal:        4016004 kB
MemFree:         1066348 kB
Active:           439228 kB
Mem:          3.8G       2.8G       1.0G       5.7M        58M       2.3G

MemTotal:        4016004 kB
MemFree:         1034872 kB
Active:           439272 kB
Mem:          3.8G       2.8G       1.0G       5.7M        58M       2.4G

MemTotal:        4016004 kB
MemFree:          990496 kB
Active:           439280 kB
Mem:          3.8G       2.9G       966M       5.7M        58M       2.4G

MemTotal:        4016004 kB
MemFree:          940324 kB
Active:           439280 kB
Mem:          3.8G       2.9G       917M       5.7M        58M       2.5G

MemTotal:        4016004 kB
MemFree:          890056 kB
Active:           439292 kB
Mem:          3.8G       3.0G       867M       5.7M        58M       2.5G

MemTotal:        4016004 kB
MemFree:          854820 kB
Active:           439292 kB
Mem:          3.8G       3.0G       833M       5.7M        58M       2.5G

MemTotal:        4016004 kB
MemFree:          824220 kB
Active:           437264 kB
Mem:          3.8G       3.0G       804M       5.7M        58M       2.6G

MemTotal:        4016004 kB
MemFree:          824648 kB
Active:           439296 kB
Mem:          3.8G       3.0G       805M       5.7M        58M       2.6G

MemTotal:        4016004 kB
MemFree:          809988 kB
Active:           439348 kB
Mem:          3.8G       3.1G       790M       5.7M        58M       2.6G

MemTotal:        4016004 kB
MemFree:          759664 kB
Active:           439352 kB
Mem:          3.8G       3.1G       741M       5.7M        58M       2.6G

MemTotal:        4016004 kB
MemFree:          709952 kB
Active:           439352 kB
Mem:          3.8G       3.2G       692M       5.7M        58M       2.7G

MemTotal:        4016004 kB
MemFree:          659372 kB
Active:           439352 kB
Mem:          3.8G       3.2G       643M       5.7M        58M       2.7G

MemTotal:        4016004 kB
MemFree:          608916 kB
Active:           439360 kB
Mem:          3.8G       3.2G       593M       5.7M        58M       2.8G

MemTotal:        4016004 kB
MemFree:          559204 kB
Active:           439372 kB
Mem:          3.8G       3.3G       545M       5.7M        58M       2.8G

MemTotal:        4016004 kB
MemFree:          509700 kB
Active:           439384 kB
Mem:          3.8G       3.3G       496M       5.7M        58M       2.9G

MemTotal:        4016004 kB
MemFree:          459152 kB
Active:           439384 kB
Mem:          3.8G       3.4G       447M       5.7M        58M       2.9G

MemTotal:        4016004 kB
MemFree:          409680 kB
Active:           439396 kB
Mem:          3.8G       3.4G       399M       5.7M        58M       3.0G

MemTotal:        4016004 kB
MemFree:          360644 kB
Active:           439396 kB
Mem:          3.8G       3.5G       351M       5.7M        58M       3.0G

MemTotal:        4016004 kB
MemFree:          334744 kB
Active:           439268 kB
Mem:          3.8G       3.5G       326M       5.7M        58M       3.0G

MemTotal:        4016004 kB
MemFree:          293812 kB
Active:           439272 kB
Mem:          3.8G       3.6G       286M       5.7M        58M       3.1G

MemTotal:        4016004 kB
MemFree:          293656 kB
Active:           439272 kB
Mem:          3.8G       3.6G       286M       5.7M        58M       3.1G

MemTotal:        4016004 kB
MemFree:          293392 kB
Active:           439288 kB
Mem:          3.8G       3.6G       286M       5.7M        58M       3.1G

MemTotal:        4016004 kB
MemFree:          293472 kB
Active:           439312 kB
Mem:          3.8G       3.6G       286M       5.7M        58M       3.1G

MemTotal:        4016004 kB
MemFree:          269376 kB
Active:           439364 kB
Mem:          3.8G       3.6G       261M       5.7M        58M       3.1G

MemTotal:        4016004 kB
MemFree:          219620 kB
Active:           439372 kB
Mem:          3.8G       3.6G       213M       5.7M        58M       3.1G

MemTotal:        4016004 kB
MemFree:          168652 kB
Active:           439372 kB
Mem:          3.8G       3.7G       163M       5.7M        58M       3.2G

MemTotal:        4016004 kB
MemFree:          118072 kB
Active:           439372 kB
Mem:          3.8G       3.7G       113M       5.7M        58M       3.2G

MemTotal:        4016004 kB
MemFree:          119448 kB
Active:           441936 kB
Mem:          3.8G       3.7G       114M       5.7M        26M       3.3G

MemTotal:        4016004 kB
MemFree:          106688 kB
Active:           451672 kB
Mem:          3.8G       3.7G       102M       5.7M        26M       3.3G

MemTotal:        4016004 kB
MemFree:          126156 kB
Active:           496728 kB
Mem:          3.8G       3.7G       121M       5.7M        26M       3.3G

MemTotal:        4016004 kB
MemFree:          115228 kB
Active:           495148 kB
Mem:          3.8G       3.7G       111M       5.7M        26M       3.3G

MemTotal:        4016004 kB
MemFree:          126572 kB
Active:           487896 kB
Mem:          3.8G       3.7G       122M       5.7M        26M       3.3G

MemTotal:        4016004 kB
MemFree:          122816 kB
Active:           484696 kB
Mem:          3.8G       3.7G       119M       5.7M        26M       3.3G

MemTotal:        4016004 kB
MemFree:          132784 kB
Active:           477736 kB
Mem:          3.8G       3.7G       128M       5.7M        26M       3.2G

MemTotal:        4016004 kB
MemFree:          136292 kB
Active:           474408 kB
Mem:          3.8G       3.7G       133M       5.7M        26M       3.2G

MemTotal:        4016004 kB
MemFree:          110116 kB
Active:           474304 kB
Mem:          3.8G       3.7G       106M       5.7M        26M       3.3G

MemTotal:        4016004 kB
MemFree:          134272 kB
Active:           467544 kB
Mem:          3.8G       3.7G       129M       5.7M        26M       3.2G

MemTotal:        4016004 kB
MemFree:          143372 kB
Active:           464704 kB
Mem:          3.8G       3.7G       139M       5.7M        26M       3.2G

MemTotal:        4016004 kB
MemFree:          116532 kB
Active:           464732 kB
Mem:          3.8G       3.7G       112M       5.7M        26M       3.3G

MemTotal:        4016004 kB
MemFree:          119800 kB
Active:           458684 kB
Mem:          3.8G       3.7G       116M       5.7M        26M       3.3G

MemTotal:        4016004 kB
MemFree:          105552 kB
Active:           455156 kB
Mem:          3.8G       3.7G       124M       5.7M        26M       3.2G

MemTotal:        4016004 kB
MemFree:          122428 kB
Active:           448716 kB
Mem:          3.8G       3.7G       118M       5.7M        26M       3.3G

MemTotal:        4016004 kB
MemFree:          126120 kB
Active:           443736 kB
Mem:          3.8G       3.7G       121M       5.7M        26M       3.3G

MemTotal:        4016004 kB
MemFree:          123908 kB
Active:           440180 kB
Mem:          3.8G       3.7G       119M       5.7M        26M       3.3G

MemTotal:        4016004 kB
MemFree:          120540 kB
Active:           438272 kB
Mem:          3.8G       3.7G       116M       5.7M        26M       3.3G

MemTotal:        4016004 kB
MemFree:          125268 kB
Active:           436092 kB
Mem:          3.8G       3.7G       120M       5.7M        26M       3.3G

MemTotal:        4016004 kB
MemFree:          124856 kB
Active:           435468 kB
Mem:          3.8G       3.7G       121M       5.7M        26M       3.3G

MemTotal:        4016004 kB
MemFree:          127148 kB
Active:           434940 kB
Mem:          3.8G       3.7G       123M       5.7M        26M       3.3G

MemTotal:        4016004 kB
MemFree:          125416 kB
Active:           434808 kB
Mem:          3.8G       3.7G       122M       5.7M        26M       3.3G

MemTotal:        4016004 kB
MemFree:          125112 kB
Active:           434844 kB
Mem:          3.8G       3.7G       122M       5.7M        26M       3.3G

MemTotal:        4016004 kB
MemFree:          109380 kB
Active:           434028 kB
Mem:          3.8G       3.7G       105M       5.7M        26M       3.3G

MemTotal:        4016004 kB
MemFree:          126008 kB
Active:           431872 kB
Mem:          3.8G       3.7G       122M       5.7M        26M       3.3G

MemTotal:        4016004 kB
MemFree:          113124 kB
Active:           430716 kB
Mem:          3.8G       3.7G       109M       5.7M        26M       3.3G

MemTotal:        4016004 kB
MemFree:          126184 kB
Active:           424720 kB
Mem:          3.8G       3.7G       122M       5.7M        26M       3.2G

MemTotal:        4016004 kB
MemFree:          125412 kB
Active:           425596 kB
Mem:          3.8G       3.7G       121M       5.7M        26M       3.3G

MemTotal:        4016004 kB
MemFree:          124844 kB
Active:           421932 kB
Mem:          3.8G       3.7G       120M       5.7M        26M       3.3G

MemTotal:        4016004 kB
MemFree:          121668 kB
Active:           419988 kB
Mem:          3.8G       3.7G       117M       5.7M        26M       3.3G

MemTotal:        4016004 kB
MemFree:          108216 kB
Active:           418704 kB
Mem:          3.8G       3.7G       104M       5.7M        26M       3.3G

MemTotal:        4016004 kB
MemFree:          135868 kB
Active:           417604 kB
Mem:          3.8G       3.7G       132M       5.7M        26M       3.2G

MemTotal:        4016004 kB
MemFree:          123928 kB
Active:           417592 kB
Mem:          3.8G       3.7G       120M       5.7M        26M       3.3G

MemTotal:        4016004 kB
MemFree:          111052 kB
Active:           416600 kB
Mem:          3.8G       3.7G       107M       5.7M        26M       3.3G

MemTotal:        4016004 kB
MemFree:          127844 kB
Active:           412288 kB
Mem:          3.8G       3.7G       123M       5.7M        26M       3.2G

MemTotal:        4016004 kB
MemFree:          125780 kB
Active:           410752 kB
Mem:          3.8G       3.7G       121M       5.7M        26M       3.3G

MemTotal:        4016004 kB
MemFree:          134220 kB
Active:           412284 kB
Mem:          3.8G       3.7G       129M       5.7M        26M       3.2G

MemTotal:        4016004 kB
MemFree:          115384 kB
Active:           411260 kB
Mem:          3.8G       3.7G       112M       5.7M        26M       3.3G

MemTotal:        4016004 kB
MemFree:          126260 kB
Active:           409468 kB
Mem:          3.8G       3.7G       122M       5.7M        26M       3.2G

MemTotal:        4016004 kB
MemFree:          128956 kB
Active:           407944 kB
Mem:          3.8G       3.7G       126M       5.7M        26M       3.2G

MemTotal:        4016004 kB
MemFree:          108324 kB
Active:           407960 kB
Mem:          3.8G       3.7G       104M       5.7M        26M       3.3G

MemTotal:        4016004 kB
MemFree:          106232 kB
Active:           406300 kB
Mem:          3.8G       3.7G       102M       5.7M        26M       3.3G

MemTotal:        4016004 kB
MemFree:          110460 kB
Active:           404252 kB
Mem:          3.8G       3.7G       106M       5.7M        26M       3.3G

MemTotal:        4016004 kB
MemFree:          133320 kB
Active:           403100 kB
Mem:          3.8G       3.7G       130M       5.7M        26M       3.2G

MemTotal:        4016004 kB
MemFree:          133480 kB
Active:           403100 kB
Mem:          3.8G       3.7G       130M       5.7M        26M       3.2G

MemTotal:        4016004 kB
MemFree:          107608 kB
Active:           405864 kB
Mem:          3.8G       3.7G       104M       5.7M        26M       3.3G

MemTotal:        4016004 kB
MemFree:          118764 kB
Active:           400744 kB
Mem:          3.8G       3.7G       114M       5.7M        26M       3.3G

MemTotal:        4016004 kB
MemFree:          105588 kB
Active:           399556 kB
Mem:          3.8G       3.7G       102M       5.7M        26M       3.3G

MemTotal:        4016004 kB
MemFree:          126864 kB
Active:           397260 kB
Mem:          3.8G       3.7G       123M       5.7M        26M       3.2G

MemTotal:        4016004 kB
MemFree:          125412 kB
Active:           393708 kB
Mem:          3.8G       3.7G       121M       5.7M        26M       3.2G

MemTotal:        4016004 kB
MemFree:          143368 kB
Active:           391536 kB
Mem:          3.8G       3.7G       139M       5.7M        26M       3.2G

MemTotal:        4016004 kB
MemFree:          129616 kB
Active:           390356 kB
Mem:          3.8G       3.7G       125M       5.7M        26M       3.2G

MemTotal:        4016004 kB
MemFree:          116568 kB
Active:           389232 kB
Mem:          3.8G       3.7G       113M       5.7M        26M       3.3G

MemTotal:        4016004 kB
MemFree:          125024 kB
Active:           387420 kB
Mem:          3.8G       3.7G       121M       5.7M        26M       3.2G

MemTotal:        4016004 kB
MemFree:          135624 kB
Active:           385416 kB
Mem:          3.8G       3.7G       131M       5.7M        26M       3.2G

MemTotal:        4016004 kB
MemFree:          108688 kB
Active:           384508 kB
Mem:          3.8G       3.7G       105M       5.7M        26M       3.3G

MemTotal:        4016004 kB
MemFree:          109344 kB
Active:           385976 kB
Mem:          3.8G       3.7G       105M       5.7M        26M       3.3G

MemTotal:        4016004 kB
MemFree:          126040 kB
Active:           383688 kB
Mem:          3.8G       3.7G       126M       5.7M        26M       3.2G

MemTotal:        4016004 kB
MemFree:          128008 kB
Active:           383068 kB
Mem:          3.8G       3.7G       125M       5.7M        26M       3.2G

MemTotal:        4016004 kB
MemFree:          126880 kB
Active:           381784 kB
Mem:          3.8G       3.7G       122M       5.7M        26M       3.2G

MemTotal:        4016004 kB
MemFree:          124992 kB
Active:           380608 kB
Mem:          3.8G       3.7G       120M       5.7M        26M       3.2G

MemTotal:        4016004 kB
MemFree:          123804 kB
Active:           378816 kB
Mem:          3.8G       3.7G       119M       5.7M        26M       3.2G

MemTotal:        4016004 kB
MemFree:          131132 kB
Active:           378832 kB
Mem:          3.8G       3.7G       126M       5.7M        26M       3.2G

MemTotal:        4016004 kB
MemFree:          117628 kB
Active:           378844 kB
Mem:          3.8G       3.7G       113M       5.7M        26M       3.3G

MemTotal:        4016004 kB
MemFree:          127680 kB
Active:           378860 kB
Mem:          3.8G       3.7G       123M       5.7M        26M       3.2G

MemTotal:        4016004 kB
MemFree:          125732 kB
Active:           378860 kB
Mem:          3.8G       3.7G       121M       5.7M        26M       3.2G

MemTotal:        4016004 kB
MemFree:          118324 kB
Active:           378872 kB
Mem:          3.8G       3.7G       114M       5.7M        26M       3.3G

MemTotal:        4016004 kB
MemFree:          105744 kB
Active:           378848 kB
Mem:          3.8G       3.7G       103M       5.7M        26M       3.3G

MemTotal:        4016004 kB
MemFree:          110764 kB
Active:           378740 kB
Mem:          3.8G       3.7G       106M       5.7M        26M       3.3G

MemTotal:        4016004 kB
MemFree:          134208 kB
Active:           378752 kB
Mem:          3.8G       3.7G       130M       5.7M        26M       3.2G

MemTotal:        4016004 kB
MemFree:          121512 kB
Active:           378716 kB
Mem:          3.8G       3.7G       117M       5.7M        26M       3.3G

MemTotal:        4016004 kB
MemFree:          120160 kB
Active:           378684 kB
Mem:          3.8G       3.7G       116M       5.7M        26M       3.3G

MemTotal:        4016004 kB
MemFree:          130836 kB
Active:           378692 kB
Mem:          3.8G       3.7G       127M       5.7M        26M       3.2G

MemTotal:        4016004 kB
MemFree:          134196 kB
Active:           378716 kB
Mem:          3.8G       3.7G       130M       5.7M        26M       3.2G

MemTotal:        4016004 kB
MemFree:          121808 kB
Active:           378716 kB
Mem:          3.8G       3.7G       117M       5.7M        26M       3.3G

MemTotal:        4016004 kB
MemFree:          107232 kB
Active:           378728 kB
Mem:          3.8G       3.7G       103M       5.7M        26M       3.3G

MemTotal:        4016004 kB
MemFree:          124032 kB
Active:           378652 kB
Mem:          3.8G       3.7G       119M       5.7M        26M       3.2G

MemTotal:        4016004 kB
MemFree:          127540 kB
Active:           378656 kB
Mem:          3.8G       3.7G       123M       5.7M        26M       3.2G

MemTotal:        4016004 kB
MemFree:          128792 kB
Active:           378628 kB
Mem:          3.8G       3.7G       124M       5.7M        26M       3.2G

MemTotal:        4016004 kB
MemFree:          133008 kB
Active:           378652 kB
Mem:          3.8G       3.7G       128M       5.7M        26M       3.2G

MemTotal:        4016004 kB
MemFree:          116088 kB
Active:           378668 kB
Mem:          3.8G       3.7G       111M       5.7M        26M       3.3G

MemTotal:        4016004 kB
MemFree:          114604 kB
Active:           378692 kB
Mem:          3.8G       3.7G       111M       5.7M        26M       3.3G

MemTotal:        4016004 kB
MemFree:          112852 kB
Active:           378692 kB
Mem:          3.8G       3.7G       109M       5.7M        26M       3.3G

MemTotal:        4016004 kB
MemFree:          111112 kB
Active:           378632 kB
Mem:          3.8G       3.7G       107M       5.7M        26M       3.3G

MemTotal:        4016004 kB
MemFree:          122628 kB
Active:           378632 kB
Mem:          3.8G       3.7G       118M       5.7M        26M       3.2G

MemTotal:        4016004 kB
MemFree:          139132 kB
Active:           378632 kB
Mem:          3.8G       3.7G       135M       5.7M        26M       3.2G

MemTotal:        4016004 kB
MemFree:          148196 kB
Active:           378664 kB
Mem:          3.8G       3.7G       143M       5.7M        26M       3.2G

MemTotal:        4016004 kB
MemFree:          135212 kB
Active:           378644 kB
Mem:          3.8G       3.7G       131M       5.7M        26M       3.2G

MemTotal:        4016004 kB
MemFree:          139848 kB
Active:           378664 kB
Mem:          3.8G       3.7G       135M       5.7M        26M       3.2G

MemTotal:        4016004 kB
MemFree:          128136 kB
Active:           378052 kB
Mem:          3.8G       3.7G       123M       5.7M        26M       3.2G

MemTotal:        4016004 kB
MemFree:          125704 kB
Active:           376288 kB
Mem:          3.8G       3.7G       122M       5.7M        26M       3.2G

MemTotal:        4016004 kB
MemFree:          107792 kB
Active:           378260 kB
Mem:          3.8G       3.7G       104M       5.7M        26M       3.3G

MemTotal:        4016004 kB
MemFree:          130452 kB
Active:           377848 kB
Mem:          3.8G       3.7G       127M       5.7M        26M       3.2G

MemTotal:        4016004 kB
MemFree:          129976 kB
Active:           377892 kB
Mem:          3.8G       3.7G       126M       5.7M        26M       3.2G

MemTotal:        4016004 kB
MemFree:          108412 kB
Active:           377888 kB
Mem:          3.8G       3.7G       105M       5.7M        26M       3.3G

MemTotal:        4016004 kB
MemFree:          130744 kB
Active:           377904 kB
Mem:          3.8G       3.7G       127M       5.7M        26M       3.2G

MemTotal:        4016004 kB
MemFree:          105832 kB
Active:           377880 kB
Mem:          3.8G       3.7G       102M       5.7M        26M       3.3G

MemTotal:        4016004 kB
MemFree:          129032 kB
Active:           377752 kB
Mem:          3.8G       3.7G       124M       5.7M        26M       3.2G

MemTotal:        4016004 kB
MemFree:          108896 kB
Active:           372748 kB
Mem:          3.8G       3.7G       105M       5.7M        26M       3.3G

MemTotal:        4016004 kB
MemFree:          125136 kB
Active:           372752 kB
Mem:          3.8G       3.7G       121M       5.7M        26M       3.2G

MemTotal:        4016004 kB
MemFree:          118460 kB
Active:           372748 kB
Mem:          3.8G       3.7G       115M       5.7M        26M       3.2G

MemTotal:        4016004 kB
MemFree:          114152 kB
Active:           372764 kB
Mem:          3.8G       3.7G       110M       5.7M        26M       3.3G

MemTotal:        4016004 kB
MemFree:          110876 kB
Active:           372724 kB
Mem:          3.8G       3.7G       108M       5.7M        26M       3.3G

MemTotal:        4016004 kB
MemFree:          110416 kB
Active:           372768 kB
Mem:          3.8G       3.7G       108M       5.7M        26M       3.3G

MemTotal:        4016004 kB
MemFree:          118852 kB
Active:           372768 kB
Mem:          3.8G       3.7G       114M       5.7M        26M       3.3G

MemTotal:        4016004 kB
MemFree:          105100 kB
Active:           372744 kB
Mem:          3.8G       3.7G       124M       5.7M        26M       3.2G

MemTotal:        4016004 kB
MemFree:          118628 kB
Active:           372760 kB
Mem:          3.8G       3.7G       114M       5.7M        26M       3.3G

MemTotal:        4016004 kB
MemFree:          105512 kB
Active:           372764 kB
Mem:          3.8G       3.7G       125M       5.7M        26M       3.2G

MemTotal:        4016004 kB
MemFree:          137524 kB
Active:           370152 kB
Mem:          3.8G       3.7G       133M       5.7M        26M       3.2G

MemTotal:        4016004 kB
MemFree:          135748 kB
Active:           370016 kB
Mem:          3.8G       3.7G       131M       5.7M        26M       3.2G

MemTotal:        4016004 kB
MemFree:          124228 kB
Active:           370032 kB
Mem:          3.8G       3.7G       120M       5.7M        26M       3.2G

MemTotal:        4016004 kB
MemFree:          123524 kB
Active:           370048 kB
Mem:          3.8G       3.7G       119M       5.7M        26M       3.2G

MemTotal:        4016004 kB
MemFree:          121968 kB
Active:           370044 kB
Mem:          3.8G       3.7G       118M       5.7M        26M       3.2G

MemTotal:        4016004 kB
MemFree:          108896 kB
Active:           370040 kB
Mem:          3.8G       3.7G       105M       5.7M        26M       3.3G

MemTotal:        4016004 kB
MemFree:          131916 kB
Active:           370056 kB
Mem:          3.8G       3.7G       128M       5.7M        26M       3.2G

MemTotal:        4016004 kB
MemFree:          127012 kB
Active:           370040 kB
Mem:          3.8G       3.7G       123M       5.7M        26M       3.2G

MemTotal:        4016004 kB
MemFree:          126116 kB
Active:           370076 kB
Mem:          3.8G       3.7G       121M       5.7M        26M       3.2G

MemTotal:        4016004 kB
MemFree:          124216 kB
Active:           365232 kB
Mem:          3.8G       3.7G       119M       5.7M        26M       3.2G

MemTotal:        4016004 kB
MemFree:          128064 kB
Active:           365208 kB
Mem:          3.8G       3.7G       123M       5.7M        26M       3.2G

MemTotal:        4016004 kB
MemFree:          121544 kB
Active:           365208 kB
Mem:          3.8G       3.7G       116M       5.7M        26M       3.2G

MemTotal:        4016004 kB
MemFree:          125696 kB
Active:           365232 kB
Mem:          3.8G       3.7G       122M       5.7M        26M       3.2G

MemTotal:        4016004 kB
MemFree:          118616 kB
Active:           365240 kB
Mem:          3.8G       3.7G       115M       5.7M        26M       3.2G

MemTotal:        4016004 kB
MemFree:          106716 kB
Active:           365220 kB
Mem:          3.8G       3.7G       103M       5.7M        26M       3.3G

MemTotal:        4016004 kB
MemFree:          106912 kB
Active:           365212 kB
Mem:          3.8G       3.7G       104M       5.7M        26M       3.3G

MemTotal:        4016004 kB
MemFree:          106664 kB
Active:           365256 kB
Mem:          3.8G       3.7G       104M       5.7M        26M       3.3G

MemTotal:        4016004 kB
MemFree:          123892 kB
Active:           365248 kB
Mem:          3.8G       3.7G       131M       5.7M        26M       3.2G

MemTotal:        4016004 kB
MemFree:          135956 kB
Active:           364148 kB
Mem:          3.8G       3.7G       132M       5.7M        26M       3.2G

MemTotal:        4016004 kB
MemFree:          130088 kB
Active:           364020 kB
Mem:          3.8G       3.7G       126M       5.7M        26M       3.2G

MemTotal:        4016004 kB
MemFree:          130156 kB
Active:           364024 kB
Mem:          3.8G       3.7G       126M       5.7M        26M       3.2G

MemTotal:        4016004 kB
MemFree:          106464 kB
Active:           364028 kB
Mem:          3.8G       3.7G       125M       5.7M        26M       3.2G

MemTotal:        4016004 kB
MemFree:          119000 kB
Active:           364028 kB
Mem:          3.8G       3.7G       115M       5.7M        26M       3.2G

MemTotal:        4016004 kB
MemFree:          105868 kB
Active:           364036 kB
Mem:          3.8G       3.7G       125M       5.7M        26M       3.2G

MemTotal:        4016004 kB
MemFree:          124376 kB
Active:           364036 kB
Mem:          3.8G       3.7G       131M       5.7M        26M       3.2G

MemTotal:        4016004 kB
MemFree:          122856 kB
Active:           364040 kB
Mem:          3.8G       3.7G       119M       5.7M        26M       3.2G

MemTotal:        4016004 kB
MemFree:          120792 kB
Active:           364040 kB
Mem:          3.8G       3.7G       117M       5.7M        26M       3.2G

MemTotal:        4016004 kB
MemFree:          143120 kB
Active:           364060 kB
Mem:          3.8G       3.7G       139M       5.7M        26M       3.2G

MemTotal:        4016004 kB
MemFree:          113208 kB
Active:           364072 kB
Mem:          3.8G       3.7G       110M       5.7M        26M       3.3G

MemTotal:        4016004 kB
MemFree:          107056 kB
Active:           358068 kB
Mem:          3.8G       3.7G       104M       5.7M        26M       3.3G

MemTotal:        4016004 kB
MemFree:          113148 kB
Active:           359040 kB
Mem:          3.8G       3.7G       109M       5.7M        26M       3.3G

MemTotal:        4016004 kB
MemFree:          123960 kB
Active:           358940 kB
Mem:          3.8G       3.7G       131M       5.7M        26M       3.2G

MemTotal:        4016004 kB
MemFree:          139916 kB
Active:           358960 kB
Mem:          3.8G       3.7G       135M       5.7M        26M       3.2G

MemTotal:        4016004 kB
MemFree:          126784 kB
Active:           358972 kB
Mem:          3.8G       3.7G       123M       5.7M        26M       3.2G

MemTotal:        4016004 kB
MemFree:          107824 kB
Active:           358948 kB
Mem:          3.8G       3.7G       103M       5.7M        26M       3.3G

MemTotal:        4016004 kB
MemFree:          129932 kB
Active:           358976 kB
Mem:          3.8G       3.7G       126M       5.7M        26M       3.2G

MemTotal:        4016004 kB
MemFree:          105648 kB
Active:           358976 kB
Mem:          3.8G       3.7G       125M       5.7M        26M       3.2G

MemTotal:        4016004 kB
MemFree:          119644 kB
Active:           358852 kB
Mem:          3.8G       3.7G       116M       5.7M        26M       3.2G

MemTotal:        4016004 kB
MemFree:          124124 kB
Active:           358868 kB
Mem:          3.8G       3.7G       132M       5.7M        26M       3.2G

MemTotal:        4016004 kB
MemFree:          119944 kB
Active:           359340 kB
Mem:          3.8G       3.7G       116M       5.7M        26M       3.2G

MemTotal:        4016004 kB
MemFree:          133736 kB
Active:           358844 kB
Mem:          3.8G       3.7G       129M       5.7M        26M       3.2G

MemTotal:        4016004 kB
MemFree:          130324 kB
Active:           358844 kB
Mem:          3.8G       3.7G       126M       5.7M        26M       3.2G

MemTotal:        4016004 kB
MemFree:          129556 kB
Active:           358848 kB
Mem:          3.8G       3.7G       126M       5.7M        26M       3.2G

MemTotal:        4016004 kB
MemFree:          106324 kB
Active:           358800 kB
Mem:          3.8G       3.7G       102M       5.7M        26M       3.3G

MemTotal:        4016004 kB
MemFree:          121588 kB
Active:           358860 kB
Mem:          3.8G       3.7G       117M       5.7M        26M       3.2G

MemTotal:        4016004 kB
MemFree:          126644 kB
Active:           358820 kB
Mem:          3.8G       3.7G       122M       5.7M        26M       3.2G

MemTotal:        4016004 kB
MemFree:          120000 kB
Active:           358836 kB
Mem:          3.8G       3.7G       115M       5.7M        26M       3.2G

MemTotal:        4016004 kB
MemFree:          106496 kB
Active:           358852 kB
Mem:          3.8G       3.7G       103M       5.7M        26M       3.3G

MemTotal:        4016004 kB
MemFree:          128020 kB
Active:           358872 kB
Mem:          3.8G       3.7G       123M       5.7M        26M       3.2G

MemTotal:        4016004 kB
MemFree:          120252 kB
Active:           358872 kB
Mem:          3.8G       3.7G       115M       5.7M        26M       3.2G

MemTotal:        4016004 kB
MemFree:          108440 kB
Active:           358872 kB
Mem:          3.8G       3.7G       105M       5.7M        26M       3.3G

MemTotal:        4016004 kB
MemFree:          106880 kB
Active:           358884 kB
Mem:          3.8G       3.7G       104M       5.7M        26M       3.3G

MemTotal:        4016004 kB
MemFree:          106536 kB
Active:           358888 kB
Mem:          3.8G       3.7G       104M       5.7M        26M       3.3G

MemTotal:        4016004 kB
MemFree:          106792 kB
Active:           358896 kB
Mem:          3.8G       3.7G       104M       5.7M        26M       3.3G

MemTotal:        4016004 kB
MemFree:          107780 kB
Active:           358880 kB
Mem:          3.8G       3.7G       104M       5.7M        26M       3.3G

MemTotal:        4016004 kB
MemFree:          127464 kB
Active:           356140 kB
Mem:          3.8G       3.7G       123M       5.7M        26M       3.2G

MemTotal:        4016004 kB
MemFree:          126608 kB
Active:           356052 kB
Mem:          3.8G       3.7G       122M       5.7M        26M       3.2G

MemTotal:        4016004 kB
MemFree:          119568 kB
Active:           356048 kB
Mem:          3.8G       3.7G       115M       5.7M        26M       3.2G

MemTotal:        4016004 kB
MemFree:          106436 kB
Active:           356068 kB
Mem:          3.8G       3.7G       103M       5.7M        26M       3.3G

MemTotal:        4016004 kB
MemFree:          105456 kB
Active:           355956 kB
Mem:          3.8G       3.7G       125M       5.7M        26M       3.2G

MemTotal:        4016004 kB
MemFree:          117496 kB
Active:           355928 kB
Mem:          3.8G       3.7G       113M       5.7M        26M       3.2G

MemTotal:        4016004 kB
MemFree:          116884 kB
Active:           355952 kB
Mem:          3.8G       3.7G       112M       5.7M        26M       3.2G

MemTotal:        4016004 kB
MemFree:          113968 kB
Active:           355944 kB
Mem:          3.8G       3.7G       110M       5.7M        26M       3.2G

MemTotal:        4016004 kB
MemFree:          107080 kB
Active:           355956 kB
Mem:          3.8G       3.7G       104M       5.7M        26M       3.3G

MemTotal:        4016004 kB
MemFree:          133496 kB
Active:           355948 kB
Mem:          3.8G       3.7G       129M       5.7M        26M       3.2G

MemTotal:        4016004 kB
MemFree:          132548 kB
Active:           355976 kB
Mem:          3.8G       3.7G       128M       5.7M        26M       3.2G

MemTotal:        4016004 kB
MemFree:          129812 kB
Active:           355952 kB
Mem:          3.8G       3.7G       126M       5.7M        26M       3.2G

MemTotal:        4016004 kB
MemFree:          117212 kB
Active:           355984 kB
Mem:          3.8G       3.7G       113M       5.7M        26M       3.2G

MemTotal:        4016004 kB
MemFree:          116388 kB
Active:           355984 kB
Mem:          3.8G       3.7G       112M       5.7M        26M       3.2G

MemTotal:        4016004 kB
MemFree:          121112 kB
Active:           355984 kB
Mem:          3.8G       3.7G       117M       5.7M        26M       3.2G

MemTotal:        4016004 kB
MemFree:          109472 kB
Active:           354116 kB
Mem:          3.8G       3.7G       106M       5.7M        26M       3.3G

MemTotal:        4016004 kB
MemFree:          126844 kB
Active:           354120 kB
Mem:          3.8G       3.7G       122M       5.7M        26M       3.2G

MemTotal:        4016004 kB
MemFree:          126756 kB
Active:           354152 kB
Mem:          3.8G       3.7G       122M       5.7M        26M       3.2G

MemTotal:        4016004 kB
MemFree:          131016 kB
Active:           354164 kB
Mem:          3.8G       3.7G       126M       5.7M        26M       3.2G

MemTotal:        4016004 kB
MemFree:          117852 kB
Active:           354124 kB
Mem:          3.8G       3.7G       113M       5.7M        26M       3.2G

MemTotal:        4016004 kB
MemFree:          124336 kB
Active:           354148 kB
Mem:          3.8G       3.7G       120M       5.7M        26M       3.2G

MemTotal:        4016004 kB
MemFree:          115076 kB
Active:           354176 kB
Mem:          3.8G       3.7G       111M       5.7M        26M       3.2G

MemTotal:        4016004 kB
MemFree:          114824 kB
Active:           354180 kB
Mem:          3.8G       3.7G       112M       5.7M        26M       3.2G

MemTotal:        4016004 kB
MemFree:          112868 kB
Active:           354172 kB
Mem:          3.8G       3.7G       109M       5.7M        26M       3.2G

MemTotal:        4016004 kB
MemFree:          134992 kB
Active:           354192 kB
Mem:          3.8G       3.7G       131M       5.7M        26M       3.2G

MemTotal:        4016004 kB
MemFree:          134440 kB
Active:           354164 kB
Mem:          3.8G       3.7G       130M       5.7M        26M       3.2G

MemTotal:        4016004 kB
MemFree:          126888 kB
Active:           354200 kB
Mem:          3.8G       3.7G       123M       5.7M        26M       3.2G

MemTotal:        4016004 kB
MemFree:          126544 kB
Active:           354196 kB
Mem:          3.8G       3.7G       122M       5.7M        26M       3.2G

MemTotal:        4016004 kB
MemFree:          125004 kB
Active:           354164 kB
Mem:          3.8G       3.7G       121M       5.7M        26M       3.2G

MemTotal:        4016004 kB
MemFree:          118384 kB
Active:           354212 kB
Mem:          3.8G       3.7G       114M       5.7M        26M       3.2G

MemTotal:        4016004 kB
MemFree:          117800 kB
Active:           354172 kB
Mem:          3.8G       3.7G       114M       5.7M        26M       3.2G

MemTotal:        4016004 kB
MemFree:          118216 kB
Active:           354216 kB
Mem:          3.8G       3.7G       114M       5.7M        26M       3.2G

MemTotal:        4016004 kB
MemFree:          126840 kB
Active:           354016 kB
Mem:          3.8G       3.7G       123M       5.7M        26M       3.2G

MemTotal:        4016004 kB
MemFree:          113148 kB
Active:           354028 kB
Mem:          3.8G       3.7G       109M       5.7M        26M       3.2G

MemTotal:        4016004 kB
MemFree:          126176 kB
Active:           353696 kB
Mem:          3.8G       3.7G       122M       5.7M        26M       3.2G

MemTotal:        4016004 kB
MemFree:          129280 kB
Active:           353704 kB
Mem:          3.8G       3.7G       125M       5.7M        26M       3.2G

MemTotal:        4016004 kB
MemFree:          127180 kB
Active:           353676 kB
Mem:          3.8G       3.7G       123M       5.7M        26M       3.2G

MemTotal:        4016004 kB
MemFree:          124032 kB
Active:           353588 kB
Mem:          3.8G       3.7G       121M       5.7M        26M       3.2G

MemTotal:        4016004 kB
MemFree:          124324 kB
Active:           353500 kB
Mem:          3.8G       3.7G       121M       5.7M        26M       3.2G

MemTotal:        4016004 kB
MemFree:          124872 kB
Active:           353372 kB
Mem:          3.8G       3.7G       121M       5.7M        26M       3.2G

MemTotal:        4016004 kB
MemFree:          125176 kB
Active:           353388 kB
Mem:          3.8G       3.7G       122M       5.7M        26M       3.2G

MemTotal:        4016004 kB
MemFree:          125300 kB
Active:           353392 kB
Mem:          3.8G       3.7G       122M       5.7M        26M       3.2G

MemTotal:        4016004 kB
MemFree:          125300 kB
Active:           353412 kB
Mem:          3.8G       3.7G       122M       5.7M        26M       3.2G

MemTotal:        4016004 kB
MemFree:          125176 kB
Active:           353396 kB
Mem:          3.8G       3.7G       122M       5.7M        26M       3.2G

MemTotal:        4016004 kB
MemFree:          125176 kB
Active:           353396 kB
Mem:          3.8G       3.7G       122M       5.7M        26M       3.2G

MemTotal:        4016004 kB
MemFree:          125300 kB
Active:           353416 kB
Mem:          3.8G       3.7G       122M       5.7M        26M       3.2G

MemTotal:        4016004 kB
MemFree:          125176 kB
Active:           353408 kB
Mem:          3.8G       3.7G       121M       5.7M        26M       3.2G

MemTotal:        4016004 kB
MemFree:          124928 kB
Active:           353416 kB
Mem:          3.8G       3.7G       122M       5.7M        26M       3.2G

MemTotal:        4016004 kB
MemFree:          124556 kB
Active:           353424 kB
Mem:          3.8G       3.7G       121M       5.7M        26M       3.2G

MemTotal:        4016004 kB
MemFree:          124556 kB
Active:           353384 kB
Mem:          3.8G       3.7G       121M       5.7M        26M       3.2G

MemTotal:        4016004 kB
MemFree:          124680 kB
Active:           353424 kB
Mem:          3.8G       3.7G       121M       5.7M        26M       3.2G

MemTotal:        4016004 kB
MemFree:          124680 kB
Active:           353428 kB
Mem:          3.8G       3.7G       121M       5.7M        26M       3.2G

MemTotal:        4016004 kB
MemFree:          124556 kB
Active:           353400 kB
Mem:          3.8G       3.7G       121M       5.7M        26M       3.2G

MemTotal:        4016004 kB
MemFree:          124524 kB
Active:           353400 kB
Mem:          3.8G       3.7G       121M       5.7M        26M       3.2G

MemTotal:        4016004 kB
MemFree:          124184 kB
Active:           353432 kB
Mem:          3.8G       3.7G       121M       5.7M        26M       3.2G

MemTotal:        4016004 kB
MemFree:          124680 kB
Active:           353444 kB
Mem:          3.8G       3.7G       121M       5.7M        26M       3.2G

MemTotal:        4016004 kB
MemFree:          124308 kB
Active:           353444 kB
Mem:          3.8G       3.7G       121M       5.7M        26M       3.2G

MemTotal:        4016004 kB
MemFree:          124308 kB
Active:           353448 kB
Mem:          3.8G       3.7G       121M       5.7M        26M       3.2G

MemTotal:        4016004 kB
MemFree:          124556 kB
Active:           353448 kB
Mem:          3.8G       3.7G       121M       5.7M        26M       3.2G

MemTotal:        4016004 kB
MemFree:          124556 kB
Active:           353448 kB
Mem:          3.8G       3.7G       121M       5.7M        26M       3.2G

MemTotal:        4016004 kB
MemFree:          124184 kB
Active:           353456 kB
Mem:          3.8G       3.7G       121M       5.7M        26M       3.2G

MemTotal:        4016004 kB
MemFree:          124556 kB
Active:           353436 kB
Mem:          3.8G       3.7G       121M       5.7M        26M       3.2G

MemTotal:        4016004 kB
MemFree:          124556 kB
Active:           353456 kB
Mem:          3.8G       3.7G       121M       5.7M        26M       3.2G

MemTotal:        4016004 kB
MemFree:          125176 kB
Active:           353412 kB
Mem:          3.8G       3.7G       121M       5.7M        26M       3.2G

MemTotal:        4016004 kB
MemFree:          125052 kB
Active:           353440 kB
Mem:          3.8G       3.7G       122M       5.7M        26M       3.2G

MemTotal:        4016004 kB
MemFree:          125176 kB
Active:           353464 kB
Mem:          3.8G       3.7G       122M       5.7M        26M       3.2G

MemTotal:        4016004 kB
MemFree:          124836 kB
Active:           353476 kB
Mem:          3.8G       3.7G       122M       5.7M        26M       3.2G

MemTotal:        4016004 kB
MemFree:          125084 kB
Active:           353440 kB
Mem:          3.8G       3.7G       122M       5.7M        26M       3.2G

MemTotal:        4016004 kB
MemFree:          125084 kB
Active:           353452 kB
Mem:          3.8G       3.7G       122M       5.7M        26M       3.2G

MemTotal:        4016004 kB
MemFree:          125084 kB
Active:           353460 kB
Mem:          3.8G       3.7G       122M       5.7M        26M       3.2G

MemTotal:        4016004 kB
MemFree:          124960 kB
Active:           353472 kB
Mem:          3.8G       3.7G       122M       5.7M        26M       3.2G

MemTotal:        4016004 kB
MemFree:          125084 kB
Active:           353488 kB
Mem:          3.8G       3.7G       121M       5.7M        26M       3.2G

MemTotal:        4016004 kB
MemFree:          125084 kB
Active:           353464 kB
Mem:          3.8G       3.7G       122M       5.7M        26M       3.2G

MemTotal:        4016004 kB
MemFree:          125084 kB
Active:           353464 kB
Mem:          3.8G       3.7G       121M       5.7M        26M       3.2G

MemTotal:        4016004 kB
MemFree:          124960 kB
Active:           353456 kB
Mem:          3.8G       3.7G       122M       5.7M        26M       3.2G

MemTotal:        4016004 kB
MemFree:          124960 kB
Active:           353500 kB
Mem:          3.8G       3.7G       122M       5.7M        26M       3.2G

MemTotal:        4016004 kB
MemFree:          125084 kB
Active:           353468 kB
Mem:          3.8G       3.7G       121M       5.7M        26M       3.2G

MemTotal:        4016004 kB
MemFree:          125084 kB
Active:           353488 kB
Mem:          3.8G       3.7G       122M       5.7M        26M       3.2G

MemTotal:        4016004 kB
MemFree:          125084 kB
Active:           353476 kB
Mem:          3.8G       3.7G       122M       5.7M        26M       3.2G

MemTotal:        4016004 kB
MemFree:          125084 kB
Active:           353464 kB
Mem:          3.8G       3.7G       122M       5.7M        26M       3.2G

MemTotal:        4016004 kB
MemFree:          124836 kB
Active:           353504 kB
Mem:          3.8G       3.7G       121M       5.7M        26M       3.2G

MemTotal:        4016004 kB
MemFree:          124960 kB
Active:           353456 kB
Mem:          3.8G       3.7G       122M       5.7M        26M       3.2G

MemTotal:        4016004 kB
MemFree:          124712 kB
Active:           353508 kB
Mem:          3.8G       3.7G       121M       5.7M        26M       3.2G

MemTotal:        4016004 kB
MemFree:          124960 kB
Active:           353492 kB
Mem:          3.8G       3.7G       122M       5.7M        26M       3.2G

MemTotal:        4016004 kB
MemFree:          125084 kB
Active:           353464 kB
Mem:          3.8G       3.7G       122M       5.7M        26M       3.2G

MemTotal:        4016004 kB
MemFree:          125084 kB
Active:           353500 kB
Mem:          3.8G       3.7G       121M       5.7M        26M       3.2G

MemTotal:        4016004 kB
MemFree:          124960 kB
Active:           353500 kB
Mem:          3.8G       3.7G       122M       5.7M        26M       3.2G

MemTotal:        4016004 kB
MemFree:          125084 kB
Active:           353476 kB
Mem:          3.8G       3.7G       122M       5.7M        26M       3.2G

MemTotal:        4016004 kB
MemFree:          124960 kB
Active:           353484 kB
Mem:          3.8G       3.7G       121M       5.7M        26M       3.2G

MemTotal:        4016004 kB
MemFree:          125084 kB
Active:           353500 kB
Mem:          3.8G       3.7G       121M       5.7M        26M       3.2G

MemTotal:        4016004 kB
MemFree:          124960 kB
Active:           353484 kB
Mem:          3.8G       3.7G       121M       5.7M        26M       3.2G

MemTotal:        4016004 kB
MemFree:          125068 kB
Active:           353500 kB
Mem:          3.8G       3.7G       122M       5.7M        26M       3.2G

MemTotal:        4016004 kB
MemFree:          124836 kB
Active:           353524 kB
Mem:          3.8G       3.7G       121M       5.7M        26M       3.2G

MemTotal:        4016004 kB
MemFree:          124836 kB
Active:           353496 kB
Mem:          3.8G       3.7G       121M       5.7M        26M       3.2G

MemTotal:        4016004 kB
MemFree:          124836 kB
Active:           353488 kB
Mem:          3.8G       3.7G       121M       5.7M        26M       3.2G

MemTotal:        4016004 kB
MemFree:          124836 kB
Active:           353512 kB
Mem:          3.8G       3.7G       121M       5.7M        26M       3.2G

MemTotal:        4016004 kB
MemFree:          124836 kB
Active:           353496 kB
Mem:          3.8G       3.7G       121M       5.7M        26M       3.2G

MemTotal:        4016004 kB
MemFree:          124836 kB
Active:           353516 kB
Mem:          3.8G       3.7G       121M       5.7M        26M       3.2G

MemTotal:        4016004 kB
MemFree:          124836 kB
Active:           353516 kB
Mem:          3.8G       3.7G       121M       5.7M        26M       3.2G

MemTotal:        4016004 kB
MemFree:          124960 kB
Active:           353536 kB
Mem:          3.8G       3.7G       121M       5.7M        26M       3.2G

MemTotal:        4016004 kB
MemFree:          124836 kB
Active:           353484 kB
Mem:          3.8G       3.7G       121M       5.7M        26M       3.2G

MemTotal:        4016004 kB
MemFree:          124960 kB
Active:           353516 kB
Mem:          3.8G       3.7G       121M       5.7M        26M       3.2G

MemTotal:        4016004 kB
MemFree:          124960 kB
Active:           353508 kB
Mem:          3.8G       3.7G       121M       5.7M        26M       3.2G

MemTotal:        4016004 kB
MemFree:          124960 kB
Active:           353528 kB
Mem:          3.8G       3.7G       122M       5.7M        26M       3.2G

MemTotal:        4016004 kB
MemFree:          124960 kB
Active:           353536 kB
Mem:          3.8G       3.7G       121M       5.7M        26M       3.2G

MemTotal:        4016004 kB
MemFree:          124836 kB
Active:           353552 kB
Mem:          3.8G       3.7G       121M       5.7M        26M       3.2G

MemTotal:        4016004 kB
MemFree:          124836 kB
Active:           353556 kB
Mem:          3.8G       3.7G       121M       5.7M        26M       3.2G

MemTotal:        4016004 kB
MemFree:          124836 kB
Active:           353540 kB
Mem:          3.8G       3.7G       121M       5.7M        26M       3.2G

MemTotal:        4016004 kB
MemFree:          124836 kB
Active:           353544 kB
Mem:          3.8G       3.7G       121M       5.7M        26M       3.2G

MemTotal:        4016004 kB
MemFree:          124696 kB
Active:           353552 kB
Mem:          3.8G       3.7G       121M       5.7M        26M       3.2G

MemTotal:        4016004 kB
MemFree:          124712 kB
Active:           353604 kB
Mem:          3.8G       3.7G       121M       5.7M        26M       3.2G

MemTotal:        4016004 kB
MemFree:          124464 kB
Active:           353604 kB
Mem:          3.8G       3.7G       121M       5.7M        26M       3.2G

MemTotal:        4016004 kB
MemFree:          124324 kB
Active:           353624 kB
Mem:          3.8G       3.7G       121M       5.7M        26M       3.2G

MemTotal:        4016004 kB
MemFree:          124572 kB
Active:           353596 kB
Mem:          3.8G       3.7G       121M       5.7M        26M       3.2G

MemTotal:        4016004 kB
MemFree:          124696 kB
Active:           353604 kB
Mem:          3.8G       3.7G       121M       5.7M        26M       3.2G

MemTotal:        4016004 kB
MemFree:          124572 kB
Active:           353608 kB
Mem:          3.8G       3.7G       121M       5.7M        26M       3.2G

MemTotal:        4016004 kB
MemFree:          124820 kB
Active:           353616 kB
Mem:          3.8G       3.7G       121M       5.7M        26M       3.2G

MemTotal:        4016004 kB
MemFree:          124696 kB
Active:           353604 kB
Mem:          3.8G       3.7G       121M       5.7M        26M       3.2G

MemTotal:        4016004 kB
MemFree:          124696 kB
Active:           353640 kB
Mem:          3.8G       3.7G       121M       5.7M        26M       3.2G

MemTotal:        4016004 kB
MemFree:          124696 kB
Active:           353600 kB
Mem:          3.8G       3.7G       121M       5.7M        26M       3.2G

MemTotal:        4016004 kB
MemFree:          124696 kB
Active:           353640 kB
Mem:          3.8G       3.7G       121M       5.7M        26M       3.2G

MemTotal:        4016004 kB
MemFree:          124572 kB
Active:           353652 kB
Mem:          3.8G       3.7G       121M       5.7M        26M       3.2G

MemTotal:        4016004 kB
MemFree:          124696 kB
Active:           353652 kB
Mem:          3.8G       3.7G       121M       5.7M        26M       3.2G

MemTotal:        4016004 kB
MemFree:          124696 kB
Active:           353648 kB
Mem:          3.8G       3.7G       121M       5.7M        26M       3.2G

MemTotal:        4016004 kB
MemFree:          124324 kB
Active:           353656 kB
Mem:          3.8G       3.7G       121M       5.7M        26M       3.2G

MemTotal:        4016004 kB
MemFree:          124200 kB
Active:           353616 kB
Mem:          3.8G       3.7G       121M       5.7M        26M       3.2G

MemTotal:        4016004 kB
MemFree:          124200 kB
Active:           353632 kB
Mem:          3.8G       3.7G       121M       5.7M        26M       3.2G

MemTotal:        4016004 kB
MemFree:          126324 kB
Active:           351612 kB
Mem:          3.8G       3.7G       123M       5.7M        26M       3.2G

MemTotal:        4016004 kB
MemFree:          126324 kB
Active:           351640 kB
Mem:          3.8G       3.7G       123M       5.7M        26M       3.2G

MemTotal:        4016004 kB
MemFree:          126200 kB
Active:           351628 kB
Mem:          3.8G       3.7G       123M       5.7M        26M       3.2G

MemTotal:        4016004 kB
MemFree:          126324 kB
Active:           351624 kB
Mem:          3.8G       3.7G       123M       5.7M        26M       3.2G

MemTotal:        4016004 kB
MemFree:          126696 kB
Active:           351596 kB
Mem:          3.8G       3.7G       123M       5.7M        26M       3.2G

MemTotal:        4016004 kB
MemFree:          126696 kB
Active:           351644 kB
Mem:          3.8G       3.7G       123M       5.7M        26M       3.2G

MemTotal:        4016004 kB
MemFree:          126696 kB
Active:           351628 kB
Mem:          3.8G       3.7G       123M       5.7M        26M       3.2G

MemTotal:        4016004 kB
MemFree:          126696 kB
Active:           351628 kB
Mem:          3.8G       3.7G       123M       5.7M        26M       3.2G

MemTotal:        4016004 kB
MemFree:          126572 kB
Active:           351612 kB
Mem:          3.8G       3.7G       123M       5.7M        26M       3.2G

MemTotal:        4016004 kB
MemFree:          126324 kB
Active:           351652 kB
Mem:          3.8G       3.7G       123M       5.7M        26M       3.2G

MemTotal:        4016004 kB
MemFree:          126696 kB
Active:           351608 kB
Mem:          3.8G       3.7G       123M       5.7M        26M       3.2G

MemTotal:        4016004 kB
MemFree:          126572 kB
Active:           351612 kB
Mem:          3.8G       3.7G       123M       5.7M        26M       3.2G

MemTotal:        4016004 kB
MemFree:          126572 kB
Active:           351620 kB
Mem:          3.8G       3.7G       123M       5.7M        26M       3.2G

MemTotal:        4016004 kB
MemFree:          126820 kB
Active:           351660 kB
Mem:          3.8G       3.7G       123M       5.7M        26M       3.2G

MemTotal:        4016004 kB
MemFree:          126696 kB
Active:           351648 kB
Mem:          3.8G       3.7G       123M       5.7M        26M       3.2G

MemTotal:        4016004 kB
MemFree:          126200 kB
Active:           351668 kB
Mem:          3.8G       3.7G       123M       5.7M        26M       3.2G

MemTotal:        4016004 kB
MemFree:          126696 kB
Active:           351652 kB
Mem:          3.8G       3.7G       123M       5.7M        26M       3.2G

MemTotal:        4016004 kB
MemFree:          126556 kB
Active:           351628 kB
Mem:          3.8G       3.7G       123M       5.7M        26M       3.2G

MemTotal:        4016004 kB
MemFree:          126572 kB
Active:           351652 kB
Mem:          3.8G       3.7G       123M       5.7M        26M       3.2G

MemTotal:        4016004 kB
MemFree:          126572 kB
Active:           351676 kB
Mem:          3.8G       3.7G       123M       5.7M        26M       3.2G

MemTotal:        4016004 kB
MemFree:          126572 kB
Active:           351660 kB
Mem:          3.8G       3.7G       123M       5.7M        26M       3.2G

MemTotal:        4016004 kB
MemFree:          126324 kB
Active:           351676 kB
Mem:          3.8G       3.7G       123M       5.7M        26M       3.2G

MemTotal:        4016004 kB
MemFree:          126200 kB
Active:           351676 kB
Mem:          3.8G       3.7G       123M       5.7M        26M       3.2G

MemTotal:        4016004 kB
MemFree:          126696 kB
Active:           351640 kB
Mem:          3.8G       3.7G       123M       5.7M        26M       3.2G

MemTotal:        4016004 kB
MemFree:          126696 kB
Active:           351676 kB
Mem:          3.8G       3.7G       123M       5.7M        26M       3.2G

MemTotal:        4016004 kB
MemFree:          126324 kB
Active:           351684 kB
Mem:          3.8G       3.7G       123M       5.7M        26M       3.2G

MemTotal:        4016004 kB
MemFree:          126696 kB
Active:           351644 kB
Mem:          3.8G       3.7G       123M       5.7M        26M       3.2G

MemTotal:        4016004 kB
MemFree:          126572 kB
Active:           351652 kB
Mem:          3.8G       3.7G       123M       5.7M        26M       3.2G

MemTotal:        4016004 kB
MemFree:          126696 kB
Active:           351684 kB
Mem:          3.8G       3.7G       123M       5.7M        26M       3.2G

MemTotal:        4016004 kB
MemFree:          126572 kB
Active:           351644 kB
Mem:          3.8G       3.7G       123M       5.7M        26M       3.2G

MemTotal:        4016004 kB
MemFree:          126696 kB
Active:           351672 kB
Mem:          3.8G       3.7G       123M       5.7M        26M       3.2G

MemTotal:        4016004 kB
MemFree:          126572 kB
Active:           351656 kB
Mem:          3.8G       3.7G       123M       5.7M        26M       3.2G

MemTotal:        4016004 kB
MemFree:          126200 kB
Active:           351696 kB
Mem:          3.8G       3.7G       123M       5.7M        26M       3.2G

MemTotal:        4016004 kB
MemFree:          126572 kB
Active:           351656 kB
Mem:          3.8G       3.7G       123M       5.7M        26M       3.2G

MemTotal:        4016004 kB
MemFree:          126696 kB
Active:           351660 kB
Mem:          3.8G       3.7G       123M       5.7M        26M       3.2G

MemTotal:        4016004 kB
MemFree:          126572 kB
Active:           351648 kB
Mem:          3.8G       3.7G       123M       5.7M        26M       3.2G

MemTotal:        4016004 kB
MemFree:          126572 kB
Active:           351688 kB
Mem:          3.8G       3.7G       123M       5.7M        26M       3.2G

MemTotal:        4016004 kB
MemFree:          126448 kB
Active:           351700 kB
Mem:          3.8G       3.7G       123M       5.7M        26M       3.2G

MemTotal:        4016004 kB
MemFree:          126572 kB
Active:           351708 kB
Mem:          3.8G       3.7G       123M       5.7M        26M       3.2G

MemTotal:        4016004 kB
MemFree:          126448 kB
Active:           351680 kB
Mem:          3.8G       3.7G       123M       5.7M        26M       3.2G

MemTotal:        4016004 kB
MemFree:          126448 kB
Active:           351692 kB
Mem:          3.8G       3.7G       123M       5.7M        26M       3.2G

MemTotal:        4016004 kB
MemFree:          126572 kB
Active:           351712 kB
Mem:          3.8G       3.7G       123M       5.7M        26M       3.2G

MemTotal:        4016004 kB
MemFree:          126200 kB
Active:           351736 kB
Mem:          3.8G       3.7G       123M       5.7M        26M       3.2G

MemTotal:        4016004 kB
MemFree:          126696 kB
Active:           351684 kB
Mem:          3.8G       3.7G       123M       5.7M        26M       3.2G

MemTotal:        4016004 kB
MemFree:          126448 kB
Active:           351720 kB
Mem:          3.8G       3.7G       123M       5.7M        26M       3.2G

MemTotal:        4016004 kB
MemFree:          126200 kB
Active:           351736 kB
Mem:          3.8G       3.7G       123M       5.7M        26M       3.2G

MemTotal:        4016004 kB
MemFree:          126448 kB
Active:           351696 kB
Mem:          3.8G       3.7G       123M       5.7M        26M       3.2G

MemTotal:        4016004 kB
MemFree:          126572 kB
Active:           351708 kB
Mem:          3.8G       3.7G       123M       5.7M        26M       3.2G

MemTotal:        4016004 kB
MemFree:          126696 kB
Active:           351732 kB
Mem:          3.8G       3.7G       123M       5.7M        26M       3.2G

MemTotal:        4016004 kB
MemFree:          126572 kB
Active:           351744 kB
Mem:          3.8G       3.7G       123M       5.7M        26M       3.2G

MemTotal:        4016004 kB
MemFree:          126448 kB
Active:           351716 kB
Mem:          3.8G       3.7G       123M       5.7M        26M       3.2G

MemTotal:        4016004 kB
MemFree:          126448 kB
Active:           351724 kB
Mem:          3.8G       3.7G       123M       5.7M        26M       3.2G

MemTotal:        4016004 kB
MemFree:          126448 kB
Active:           351724 kB
Mem:          3.8G       3.7G       123M       5.7M        26M       3.2G

MemTotal:        4016004 kB
MemFree:          126324 kB
Active:           351744 kB
Mem:          3.8G       3.7G       123M       5.7M        26M       3.2G

MemTotal:        4016004 kB
MemFree:          126448 kB
Active:           351704 kB
Mem:          3.8G       3.7G       123M       5.7M        26M       3.2G

MemTotal:        4016004 kB
MemFree:          126448 kB
Active:           351744 kB
Mem:          3.8G       3.7G       123M       5.7M        26M       3.2G

MemTotal:        4016004 kB
MemFree:          126572 kB
Active:           351712 kB
Mem:          3.8G       3.7G       123M       5.7M        26M       3.2G

MemTotal:        4016004 kB
MemFree:          126572 kB
Active:           351724 kB
Mem:          3.8G       3.7G       123M       5.7M        26M       3.2G

MemTotal:        4016004 kB
MemFree:          126448 kB
Active:           351744 kB
Mem:          3.8G       3.7G       123M       5.7M        26M       3.2G

MemTotal:        4016004 kB
MemFree:          126572 kB
Active:           351744 kB
Mem:          3.8G       3.7G       123M       5.7M        26M       3.2G

MemTotal:        4016004 kB
MemFree:          126076 kB
Active:           351748 kB
Mem:          3.8G       3.7G       123M       5.7M        26M       3.2G

MemTotal:        4016004 kB
MemFree:          126448 kB
Active:           351744 kB
Mem:          3.8G       3.7G       123M       5.7M        26M       3.2G

MemTotal:        4016004 kB
MemFree:          126572 kB
Active:           351740 kB
Mem:          3.8G       3.7G       123M       5.7M        26M       3.2G

MemTotal:        4016004 kB
MemFree:          126572 kB
Active:           351720 kB
Mem:          3.8G       3.7G       123M       5.7M        26M       3.2G

MemTotal:        4016004 kB
MemFree:          126572 kB
Active:           351712 kB
Mem:          3.8G       3.7G       123M       5.7M        26M       3.2G

MemTotal:        4016004 kB
MemFree:          126572 kB
Active:           351704 kB
Mem:          3.8G       3.7G       123M       5.7M        26M       3.2G

MemTotal:        4016004 kB
MemFree:          126324 kB
Active:           351732 kB
Mem:          3.8G       3.7G       123M       5.7M        26M       3.2G

MemTotal:        4016004 kB
MemFree:          126572 kB
Active:           351724 kB
Mem:          3.8G       3.7G       123M       5.7M        26M       3.2G

MemTotal:        4016004 kB
MemFree:          126572 kB
Active:           351720 kB
Mem:          3.8G       3.7G       123M       5.7M        26M       3.2G

MemTotal:        4016004 kB
MemFree:          126448 kB
Active:           351748 kB
Mem:          3.8G       3.7G       123M       5.7M        26M       3.2G

MemTotal:        4016004 kB
MemFree:          126572 kB
Active:           351752 kB
Mem:          3.8G       3.7G       123M       5.7M        26M       3.2G

MemTotal:        4016004 kB
MemFree:          126432 kB
Active:           351752 kB
Mem:          3.8G       3.7G       123M       5.7M        26M       3.2G

MemTotal:        4016004 kB
MemFree:          126448 kB
Active:           351736 kB
Mem:          3.8G       3.7G       123M       5.7M        26M       3.2G

MemTotal:        4016004 kB
MemFree:          126076 kB
Active:           351756 kB
Mem:          3.8G       3.7G       123M       5.7M        26M       3.2G

MemTotal:        4016004 kB
MemFree:          126696 kB
Active:           351724 kB
Mem:          3.8G       3.7G       123M       5.7M        26M       3.2G

MemTotal:        4016004 kB
MemFree:          126696 kB
Active:           351756 kB
Mem:          3.8G       3.7G       123M       5.7M        26M       3.2G

MemTotal:        4016004 kB
MemFree:          126572 kB
Active:           351760 kB
Mem:          3.8G       3.7G       123M       5.7M        26M       3.2G

MemTotal:        4016004 kB
MemFree:          126696 kB
Active:           351728 kB
Mem:          3.8G       3.7G       123M       5.7M        26M       3.2G

MemTotal:        4016004 kB
MemFree:          126696 kB
Active:           351732 kB
Mem:          3.8G       3.7G       123M       5.7M        26M       3.2G

MemTotal:        4016004 kB
MemFree:          126696 kB
Active:           351736 kB
Mem:          3.8G       3.7G       123M       5.7M        26M       3.2G

MemTotal:        4016004 kB
MemFree:          126448 kB
Active:           351740 kB
Mem:          3.8G       3.7G       123M       5.7M        26M       3.2G

MemTotal:        4016004 kB
MemFree:          126448 kB
Active:           351740 kB
Mem:          3.8G       3.7G       123M       5.7M        26M       3.2G

MemTotal:        4016004 kB
MemFree:          126572 kB
Active:           351736 kB
Mem:          3.8G       3.7G       123M       5.7M        26M       3.2G

MemTotal:        4016004 kB
MemFree:          126324 kB
Active:           351768 kB
Mem:          3.8G       3.7G       123M       5.7M        26M       3.2G

MemTotal:        4016004 kB
MemFree:          126324 kB
Active:           351740 kB
Mem:          3.8G       3.7G       123M       5.7M        26M       3.2G

MemTotal:        4016004 kB
MemFree:          126076 kB
Active:           351772 kB
Mem:          3.8G       3.7G       123M       5.7M        26M       3.2G

MemTotal:        4016004 kB
MemFree:          126076 kB
Active:           351772 kB
Mem:          3.8G       3.7G       123M       5.7M        26M       3.2G

MemTotal:        4016004 kB
MemFree:          126076 kB
Active:           351772 kB
Mem:          3.8G       3.7G       123M       5.7M        26M       3.2G

MemTotal:        4016004 kB
MemFree:          126324 kB
Active:           351732 kB
Mem:          3.8G       3.7G       123M       5.7M        26M       3.2G

MemTotal:        4016004 kB
MemFree:          126540 kB
Active:           351748 kB
Mem:          3.8G       3.7G       123M       5.7M        26M       3.2G

MemTotal:        4016004 kB
MemFree:          126076 kB
Active:           351772 kB
Mem:          3.8G       3.7G       123M       5.7M        26M       3.2G

MemTotal:        4016004 kB
MemFree:          126200 kB
Active:           351732 kB
Mem:          3.8G       3.7G       122M       5.7M        26M       3.2G

MemTotal:        4016004 kB
MemFree:          126200 kB
Active:           351752 kB
Mem:          3.8G       3.7G       123M       5.7M        26M       3.2G

MemTotal:        4016004 kB
MemFree:          126200 kB
Active:           351772 kB
Mem:          3.8G       3.7G       123M       5.7M        26M       3.2G

MemTotal:        4016004 kB
MemFree:          126200 kB
Active:           351736 kB
Mem:          3.8G       3.7G       123M       5.7M        26M       3.2G

MemTotal:        4016004 kB
MemFree:          126076 kB
Active:           351744 kB
Mem:          3.8G       3.7G       123M       5.7M        26M       3.2G

MemTotal:        4016004 kB
MemFree:          126076 kB
Active:           351776 kB
Mem:          3.8G       3.7G       123M       5.7M        26M       3.2G

MemTotal:        4016004 kB
MemFree:          126572 kB
Active:           351740 kB
Mem:          3.8G       3.7G       123M       5.7M        26M       3.2G

MemTotal:        4016004 kB
MemFree:          126572 kB
Active:           351752 kB
Mem:          3.8G       3.7G       123M       5.7M        26M       3.2G

MemTotal:        4016004 kB
MemFree:          126308 kB
Active:           351924 kB
Mem:          3.8G       3.7G       123M       5.7M        26M       3.2G

MemTotal:        4016004 kB
MemFree:          125332 kB
Active:           351956 kB
Mem:          3.8G       3.7G       122M       5.7M        26M       3.2G

MemTotal:        4016004 kB
MemFree:          126592 kB
Active:           351636 kB
Mem:          3.8G       3.7G       123M       5.7M        26M       3.2G

MemTotal:        4016004 kB
MemFree:          126592 kB
Active:           351632 kB
Mem:          3.8G       3.7G       123M       5.7M        26M       3.2G

MemTotal:        4016004 kB
MemFree:          126220 kB
Active:           351644 kB
Mem:          3.8G       3.7G       123M       5.7M        26M       3.2G

MemTotal:        4016004 kB
MemFree:          126592 kB
Active:           351616 kB
Mem:          3.8G       3.7G       123M       5.7M        26M       3.2G

MemTotal:        4016004 kB
MemFree:          126344 kB
Active:           351596 kB
Mem:          3.8G       3.7G       123M       5.7M        26M       3.2G

MemTotal:        4016004 kB
MemFree:          126468 kB
Active:           351652 kB
Mem:          3.8G       3.7G       123M       5.7M        26M       3.2G

MemTotal:        4016004 kB
MemFree:          126716 kB
Active:           351620 kB
Mem:          3.8G       3.7G       123M       5.7M        26M       3.2G

MemTotal:        4016004 kB
MemFree:          126716 kB
Active:           351600 kB
Mem:          3.8G       3.7G       123M       5.7M        26M       3.2G

MemTotal:        4016004 kB
MemFree:          126724 kB
Active:           351636 kB
Mem:          3.8G       3.7G       123M       5.7M        26M       3.2G

MemTotal:        4016004 kB
MemFree:          126608 kB
Active:           351628 kB
Mem:          3.8G       3.7G       123M       5.7M        26M       3.2G

MemTotal:        4016004 kB
MemFree:          126608 kB
Active:           351628 kB
Mem:          3.8G       3.7G       123M       5.7M        26M       3.2G

MemTotal:        4016004 kB
MemFree:          126980 kB
Active:           351636 kB
Mem:          3.8G       3.7G       123M       5.7M        26M       3.2G

MemTotal:        4016004 kB
MemFree:          126856 kB
Active:           351632 kB
Mem:          3.8G       3.7G       123M       5.7M        26M       3.2G

MemTotal:        4016004 kB
MemFree:          126688 kB
Active:           351664 kB
Mem:          3.8G       3.7G       123M       5.7M        26M       3.2G

MemTotal:        4016004 kB
MemFree:          126564 kB
Active:           351640 kB
Mem:          3.8G       3.7G       123M       5.7M        26M       3.2G

MemTotal:        4016004 kB
MemFree:          126192 kB
Active:           351672 kB
Mem:          3.8G       3.7G       123M       5.7M        26M       3.2G

MemTotal:        4016004 kB
MemFree:          126440 kB
Active:           351644 kB
Mem:          3.8G       3.7G       123M       5.7M        26M       3.2G

MemTotal:        4016004 kB
MemFree:          126068 kB
Active:           351672 kB
Mem:          3.8G       3.7G       123M       5.7M        26M       3.2G

MemTotal:        4016004 kB
MemFree:          126440 kB
Active:           351648 kB
Mem:          3.8G       3.7G       123M       5.7M        26M       3.2G

MemTotal:        4016004 kB
MemFree:          126440 kB
Active:           351628 kB
Mem:          3.8G       3.7G       123M       5.7M        26M       3.2G

MemTotal:        4016004 kB
MemFree:          126440 kB
Active:           351672 kB
Mem:          3.8G       3.7G       123M       5.7M        26M       3.2G

MemTotal:        4016004 kB
MemFree:          126688 kB
Active:           351616 kB
Mem:          3.8G       3.7G       123M       5.7M        26M       3.2G

MemTotal:        4016004 kB
MemFree:          126812 kB
Active:           351660 kB
Mem:          3.8G       3.7G       123M       5.7M        26M       3.2G

MemTotal:        4016004 kB
MemFree:          126688 kB
Active:           351684 kB
Mem:          3.8G       3.7G       123M       5.7M        26M       3.2G

MemTotal:        4016004 kB
MemFree:          126564 kB
Active:           351684 kB
Mem:          3.8G       3.7G       123M       5.7M        26M       3.2G

MemTotal:        4016004 kB
MemFree:          126936 kB
Active:           351632 kB
Mem:          3.8G       3.7G       123M       5.7M        26M       3.2G

MemTotal:        4016004 kB
MemFree:          127012 kB
Active:           351680 kB
Mem:          3.8G       3.7G       124M       5.7M        26M       3.2G

MemTotal:        4016004 kB
MemFree:          126844 kB
Active:           351684 kB
Mem:          3.8G       3.7G       123M       5.7M        26M       3.2G

MemTotal:        4016004 kB
MemFree:          127092 kB
Active:           351672 kB
Mem:          3.8G       3.7G       123M       5.7M        26M       3.2G

MemTotal:        4016004 kB
MemFree:          126968 kB
Active:           351636 kB
Mem:          3.8G       3.7G       123M       5.7M        26M       3.2G

MemTotal:        4016004 kB
MemFree:          127092 kB
Active:           351664 kB
Mem:          3.8G       3.7G       124M       5.7M        26M       3.2G

MemTotal:        4016004 kB
MemFree:          127216 kB
Active:           351656 kB
Mem:          3.8G       3.7G       123M       5.7M        26M       3.2G

MemTotal:        4016004 kB
MemFree:          127092 kB
Active:           351688 kB
Mem:          3.8G       3.7G       124M       5.7M        26M       3.2G

MemTotal:        4016004 kB
MemFree:          127092 kB
Active:           351676 kB
Mem:          3.8G       3.7G       123M       5.7M        26M       3.2G

MemTotal:        4016004 kB
MemFree:          127216 kB
Active:           351704 kB
Mem:          3.8G       3.7G       124M       5.7M        26M       3.2G

MemTotal:        4016004 kB
MemFree:          127216 kB
Active:           351684 kB
Mem:          3.8G       3.7G       124M       5.7M        26M       3.2G

MemTotal:        4016004 kB
MemFree:          127092 kB
Active:           351660 kB
Mem:          3.8G       3.7G       123M       5.7M        26M       3.2G

MemTotal:        4016004 kB
MemFree:          127092 kB
Active:           351692 kB
Mem:          3.8G       3.7G       123M       5.7M        26M       3.2G

MemTotal:        4016004 kB
MemFree:          127092 kB
Active:           351688 kB
Mem:          3.8G       3.7G       124M       5.7M        26M       3.2G

MemTotal:        4016004 kB
MemFree:          126844 kB
Active:           351712 kB
Mem:          3.8G       3.7G       123M       5.7M        26M       3.2G

MemTotal:        4016004 kB
MemFree:          126844 kB
Active:           351700 kB
Mem:          3.8G       3.7G       123M       5.7M        26M       3.2G

MemTotal:        4016004 kB
MemFree:          126844 kB
Active:           351696 kB
Mem:          3.8G       3.7G       123M       5.7M        26M       3.2G

MemTotal:        4016004 kB
MemFree:          126596 kB
Active:           351728 kB
Mem:          3.8G       3.7G       123M       5.7M        26M       3.2G

MemTotal:        4016004 kB
MemFree:          126596 kB
Active:           351728 kB
Mem:          3.8G       3.7G       123M       5.7M        26M       3.2G

MemTotal:        4016004 kB
MemFree:          126596 kB
Active:           351728 kB
Mem:          3.8G       3.7G       123M       5.7M        26M       3.2G

MemTotal:        4016004 kB
MemFree:          126472 kB
Active:           351728 kB
Mem:          3.8G       3.7G       123M       5.7M        26M       3.2G

MemTotal:        4016004 kB
MemFree:          126720 kB
Active:           351692 kB
Mem:          3.8G       3.7G       123M       5.7M        26M       3.2G

MemTotal:        4016004 kB
MemFree:          126844 kB
Active:           351684 kB
Mem:          3.8G       3.7G       123M       5.7M        26M       3.2G

MemTotal:        4016004 kB
MemFree:          126844 kB
Active:           351748 kB
Mem:          3.8G       3.7G       124M       5.7M        26M       3.2G

MemTotal:        4016004 kB
MemFree:          126596 kB
Active:           351748 kB
Mem:          3.8G       3.7G       123M       5.7M        26M       3.2G

MemTotal:        4016004 kB
MemFree:          126968 kB
Active:           351724 kB
Mem:          3.8G       3.7G       124M       5.7M        26M       3.2G

MemTotal:        4016004 kB
MemFree:          127000 kB
Active:           351700 kB
Mem:          3.8G       3.7G       124M       5.7M        26M       3.2G

MemTotal:        4016004 kB
MemFree:          127000 kB
Active:           351736 kB
Mem:          3.8G       3.7G       124M       5.7M        26M       3.2G

MemTotal:        4016004 kB
MemFree:          127000 kB
Active:           351732 kB
Mem:          3.8G       3.7G       124M       5.7M        26M       3.2G

MemTotal:        4016004 kB
MemFree:          127248 kB
Active:           351704 kB
Mem:          3.8G       3.7G       124M       5.7M        26M       3.2G

MemTotal:        4016004 kB
MemFree:          127248 kB
Active:           351752 kB
Mem:          3.8G       3.7G       124M       5.7M        26M       3.2G

MemTotal:        4016004 kB
MemFree:          126752 kB
Active:           351760 kB
