MemTotal:        4016004 kB
MemFree:         3192532 kB
Active:           465448 kB
Mem:          3.8G       804M       3.0G       5.7M        63M       327M

MemTotal:        4016004 kB
MemFree:         3192864 kB
Active:           465540 kB
Mem:          3.8G       804M       3.0G       5.7M        63M       327M

MemTotal:        4016004 kB
MemFree:         3193120 kB
Active:           465512 kB
Mem:          3.8G       803M       3.0G       5.7M        63M       327M

MemTotal:        4016004 kB
MemFree:         3193104 kB
Active:           465504 kB
Mem:          3.8G       803M       3.0G       5.7M        63M       327M

MemTotal:        4016004 kB
MemFree:         3193072 kB
Active:           465492 kB
Mem:          3.8G       803M       3.0G       5.7M        63M       327M

MemTotal:        4016004 kB
MemFree:         3192592 kB
Active:           465540 kB
Mem:          3.8G       803M       3.0G       5.7M        63M       327M

MemTotal:        4016004 kB
MemFree:         3192932 kB
Active:           465644 kB
Mem:          3.8G       803M       3.0G       5.7M        63M       327M

MemTotal:        4016004 kB
MemFree:         3192716 kB
Active:           465504 kB
Mem:          3.8G       803M       3.0G       5.7M        63M       327M

MemTotal:        4016004 kB
MemFree:         3192312 kB
Active:           465540 kB
Mem:          3.8G       803M       3.0G       5.7M        63M       327M

MemTotal:        4016004 kB
MemFree:         3192684 kB
Active:           465644 kB
Mem:          3.8G       803M       3.0G       5.7M        63M       327M

MemTotal:        4016004 kB
MemFree:         3192668 kB
Active:           465532 kB
Mem:          3.8G       804M       3.0G       5.7M        63M       327M

MemTotal:        4016004 kB
MemFree:         3192900 kB
Active:           465628 kB
Mem:          3.8G       803M       3.0G       5.7M        63M       327M

MemTotal:        4016004 kB
MemFree:         3193008 kB
Active:           465652 kB
Mem:          3.8G       803M       3.0G       5.7M        63M       327M

MemTotal:        4016004 kB
MemFree:         3192900 kB
Active:           465536 kB
Mem:          3.8G       803M       3.0G       5.7M        63M       327M

MemTotal:        4016004 kB
MemFree:         3193096 kB
Active:           465700 kB
Mem:          3.8G       803M       3.0G       5.7M        63M       327M

MemTotal:        4016004 kB
MemFree:         3193344 kB
Active:           465624 kB
Mem:          3.8G       803M       3.0G       5.7M        63M       327M

MemTotal:        4016004 kB
MemFree:         3193388 kB
Active:           465532 kB
Mem:          3.8G       803M       3.0G       5.7M        63M       327M

MemTotal:        4016004 kB
MemFree:         3193248 kB
Active:           465520 kB
Mem:          3.8G       803M       3.0G       5.7M        63M       327M

MemTotal:        4016004 kB
MemFree:         3193236 kB
Active:           465500 kB
Mem:          3.8G       803M       3.0G       5.7M        63M       327M

MemTotal:        4016004 kB
MemFree:         3193344 kB
Active:           465492 kB
Mem:          3.8G       803M       3.0G       5.7M        63M       327M

MemTotal:        4016004 kB
MemFree:         3193080 kB
Active:           465548 kB
Mem:          3.8G       803M       3.0G       5.7M        63M       327M

MemTotal:        4016004 kB
MemFree:         3192692 kB
Active:           465640 kB
Mem:          3.8G       803M       3.0G       5.7M        63M       327M

MemTotal:        4016004 kB
MemFree:         3192972 kB
Active:           465460 kB
Mem:          3.8G       803M       3.0G       5.7M        63M       327M

MemTotal:        4016004 kB
MemFree:         3193312 kB
Active:           465428 kB
Mem:          3.8G       803M       3.0G       5.7M        63M       327M

MemTotal:        4016004 kB
MemFree:         3193156 kB
Active:           465688 kB
Mem:          3.8G       803M       3.0G       5.7M        63M       327M

MemTotal:        4016004 kB
MemFree:         3192800 kB
Active:           465452 kB
Mem:          3.8G       803M       3.0G       5.7M        63M       327M

MemTotal:        4016004 kB
MemFree:         3193048 kB
Active:           465532 kB
Mem:          3.8G       803M       3.0G       5.7M        63M       327M

MemTotal:        4016004 kB
MemFree:         3192644 kB
Active:           465560 kB
Mem:          3.8G       803M       3.0G       5.7M        63M       327M

MemTotal:        4016004 kB
MemFree:         3192768 kB
Active:           465568 kB
Mem:          3.8G       803M       3.0G       5.7M        63M       327M

MemTotal:        4016004 kB
MemFree:         3193016 kB
Active:           465564 kB
Mem:          3.8G       803M       3.0G       5.7M        63M       327M

MemTotal:        4016004 kB
MemFree:         3193188 kB
Active:           465560 kB
Mem:          3.8G       803M       3.0G       5.7M        63M       327M

MemTotal:        4016004 kB
MemFree:         3193048 kB
Active:           465568 kB
Mem:          3.8G       803M       3.0G       5.7M        63M       327M

MemTotal:        4016004 kB
MemFree:         3193296 kB
Active:           465532 kB
Mem:          3.8G       803M       3.0G       5.7M        63M       327M

MemTotal:        4016004 kB
MemFree:         3193312 kB
Active:           465532 kB
Mem:          3.8G       803M       3.0G       5.7M        63M       327M

MemTotal:        4016004 kB
MemFree:         3193328 kB
Active:           465632 kB
Mem:          3.8G       803M       3.0G       5.7M        63M       327M

MemTotal:        4016004 kB
MemFree:         3193384 kB
Active:           465648 kB
Mem:          3.8G       803M       3.0G       5.7M        63M       327M

MemTotal:        4016004 kB
MemFree:         3193284 kB
Active:           465572 kB
Mem:          3.8G       803M       3.0G       5.7M        63M       327M

MemTotal:        4016004 kB
MemFree:         3193512 kB
Active:           465544 kB
Mem:          3.8G       803M       3.0G       5.7M        63M       327M

MemTotal:        4016004 kB
MemFree:         3193296 kB
Active:           465556 kB
Mem:          3.8G       803M       3.0G       5.7M        63M       327M

MemTotal:        4016004 kB
MemFree:         3193064 kB
Active:           465564 kB
Mem:          3.8G       803M       3.0G       5.7M        63M       327M

MemTotal:        4016004 kB
MemFree:         3193312 kB
Active:           465580 kB
Mem:          3.8G       803M       3.0G       5.7M        63M       327M

MemTotal:        4016004 kB
MemFree:         3192924 kB
Active:           465604 kB
Mem:          3.8G       803M       3.0G       5.7M        63M       327M

MemTotal:        4016004 kB
MemFree:         3190856 kB
Active:           465420 kB
Mem:          3.8G       805M       3.0G       5.7M        63M       327M

MemTotal:        4016004 kB
MemFree:         3190964 kB
Active:           465420 kB
Mem:          3.8G       805M       3.0G       5.7M        63M       327M

MemTotal:        4016004 kB
MemFree:         3190948 kB
Active:           465544 kB
Mem:          3.8G       805M       3.0G       5.7M        63M       327M

MemTotal:        4016004 kB
MemFree:         3190824 kB
Active:           467604 kB
Mem:          3.8G       805M       3.0G       5.7M        63M       327M

MemTotal:        4016004 kB
MemFree:         3190840 kB
Active:           467632 kB
Mem:          3.8G       806M       3.0G       5.7M        63M       327M

MemTotal:        4016004 kB
MemFree:         3190592 kB
Active:           467612 kB
Mem:          3.8G       806M       3.0G       5.7M        63M       327M

MemTotal:        4016004 kB
MemFree:         3190376 kB
Active:           467636 kB
Mem:          3.8G       806M       3.0G       5.7M        63M       327M

MemTotal:        4016004 kB
MemFree:         3190624 kB
Active:           467632 kB
Mem:          3.8G       806M       3.0G       5.7M        63M       327M

MemTotal:        4016004 kB
MemFree:         3190624 kB
Active:           467628 kB
Mem:          3.8G       806M       3.0G       5.7M        63M       327M

MemTotal:        4016004 kB
MemFree:         3190624 kB
Active:           467620 kB
Mem:          3.8G       806M       3.0G       5.7M        63M       327M

MemTotal:        4016004 kB
MemFree:         3190872 kB
Active:           467648 kB
Mem:          3.8G       805M       3.0G       5.7M        63M       327M

MemTotal:        4016004 kB
MemFree:         3190996 kB
Active:           467656 kB
Mem:          3.8G       805M       3.0G       5.7M        63M       327M

MemTotal:        4016004 kB
MemFree:         3190872 kB
Active:           467612 kB
Mem:          3.8G       805M       3.0G       5.7M        63M       327M

MemTotal:        4016004 kB
MemFree:         3191368 kB
Active:           467624 kB
Mem:          3.8G       805M       3.0G       5.7M        63M       327M

MemTotal:        4016004 kB
MemFree:         3190748 kB
Active:           467676 kB
Mem:          3.8G       805M       3.0G       5.7M        63M       327M

MemTotal:        4016004 kB
MemFree:         3191128 kB
Active:           467648 kB
Mem:          3.8G       805M       3.0G       5.7M        63M       327M

MemTotal:        4016004 kB
MemFree:         3191004 kB
Active:           467664 kB
Mem:          3.8G       805M       3.0G       5.7M        63M       327M

MemTotal:        4016004 kB
MemFree:         3191112 kB
Active:           467632 kB
Mem:          3.8G       805M       3.0G       5.7M        63M       327M

MemTotal:        4016004 kB
MemFree:         3191112 kB
Active:           467664 kB
Mem:          3.8G       805M       3.0G       5.7M        63M       327M

MemTotal:        4016004 kB
MemFree:         3191656 kB
Active:           467656 kB
Mem:          3.8G       805M       3.0G       5.7M        63M       327M

MemTotal:        4016004 kB
MemFree:         3190032 kB
Active:           465636 kB
Mem:          3.8G       806M       3.0G       5.7M        63M       327M

MemTotal:        4016004 kB
MemFree:         3190280 kB
Active:           467684 kB
Mem:          3.8G       806M       3.0G       5.7M        63M       327M

MemTotal:        4016004 kB
MemFree:         3190776 kB
Active:           467632 kB
Mem:          3.8G       806M       3.0G       5.7M        63M       327M

MemTotal:        4016004 kB
MemFree:         3190652 kB
Active:           467636 kB
Mem:          3.8G       806M       3.0G       5.7M        63M       327M

MemTotal:        4016004 kB
MemFree:         3190652 kB
Active:           467660 kB
Mem:          3.8G       805M       3.0G       5.7M        63M       327M

MemTotal:        4016004 kB
MemFree:         3190652 kB
Active:           467668 kB
Mem:          3.8G       805M       3.0G       5.7M        63M       327M

MemTotal:        4016004 kB
MemFree:         3190652 kB
Active:           467672 kB
Mem:          3.8G       805M       3.0G       5.7M        63M       327M

MemTotal:        4016004 kB
MemFree:         3190776 kB
Active:           467680 kB
Mem:          3.8G       806M       3.0G       5.7M        63M       327M

MemTotal:        4016004 kB
MemFree:         3190776 kB
Active:           467664 kB
Mem:          3.8G       805M       3.0G       5.7M        63M       327M

MemTotal:        4016004 kB
MemFree:         3190652 kB
Active:           467664 kB
Mem:          3.8G       805M       3.0G       5.7M        63M       327M

MemTotal:        4016004 kB
MemFree:         3191148 kB
Active:           467660 kB
Mem:          3.8G       805M       3.0G       5.7M        63M       327M

MemTotal:        4016004 kB
MemFree:         3190900 kB
Active:           467688 kB
Mem:          3.8G       805M       3.0G       5.7M        63M       327M

MemTotal:        4016004 kB
MemFree:         3191148 kB
Active:           467636 kB
Mem:          3.8G       805M       3.0G       5.7M        63M       327M

MemTotal:        4016004 kB
MemFree:         3191520 kB
Active:           467636 kB
Mem:          3.8G       805M       3.0G       5.7M        63M       327M

MemTotal:        4016004 kB
MemFree:         3191164 kB
Active:           467660 kB
Mem:          3.8G       805M       3.0G       5.7M        63M       327M

MemTotal:        4016004 kB
MemFree:         3190916 kB
Active:           467696 kB
Mem:          3.8G       805M       3.0G       5.7M        63M       327M

MemTotal:        4016004 kB
MemFree:         3191040 kB
Active:           467668 kB
Mem:          3.8G       805M       3.0G       5.7M        63M       327M

MemTotal:        4016004 kB
MemFree:         3191164 kB
Active:           467668 kB
Mem:          3.8G       805M       3.0G       5.7M        63M       327M

MemTotal:        4016004 kB
MemFree:         3190544 kB
Active:           467696 kB
Mem:          3.8G       806M       3.0G       5.7M        63M       327M

MemTotal:        4016004 kB
MemFree:         3190668 kB
Active:           467648 kB
Mem:          3.8G       806M       3.0G       5.7M        63M       327M

MemTotal:        4016004 kB
MemFree:         3190480 kB
Active:           465660 kB
Mem:          3.8G       805M       3.0G       5.7M        63M       327M

MemTotal:        4016004 kB
MemFree:         3190852 kB
Active:           467692 kB
Mem:          3.8G       805M       3.0G       5.7M        63M       327M

MemTotal:        4016004 kB
MemFree:         3191100 kB
Active:           467692 kB
Mem:          3.8G       805M       3.0G       5.7M        63M       327M

MemTotal:        4016004 kB
MemFree:         3190976 kB
Active:           467700 kB
Mem:          3.8G       805M       3.0G       5.7M        63M       327M

MemTotal:        4016004 kB
MemFree:         3190976 kB
Active:           467708 kB
Mem:          3.8G       805M       3.0G       5.7M        63M       327M

MemTotal:        4016004 kB
MemFree:         3190852 kB
Active:           467672 kB
Mem:          3.8G       805M       3.0G       5.7M        63M       327M

MemTotal:        4016004 kB
MemFree:         3191224 kB
Active:           467720 kB
Mem:          3.8G       805M       3.0G       5.7M        63M       327M

MemTotal:        4016004 kB
MemFree:         3191384 kB
Active:           467696 kB
Mem:          3.8G       805M       3.0G       5.7M        63M       327M

MemTotal:        4016004 kB
MemFree:         3191384 kB
Active:           467708 kB
Mem:          3.8G       805M       3.0G       5.7M        63M       327M

MemTotal:        4016004 kB
MemFree:         3191136 kB
Active:           467688 kB
Mem:          3.8G       805M       3.0G       5.7M        63M       327M

MemTotal:        4016004 kB
MemFree:         3191260 kB
Active:           467728 kB
Mem:          3.8G       805M       3.0G       5.7M        63M       327M

MemTotal:        4016004 kB
MemFree:         3191244 kB
Active:           467676 kB
Mem:          3.8G       805M       3.0G       5.7M        63M       327M

MemTotal:        4016004 kB
MemFree:         3191244 kB
Active:           467736 kB
Mem:          3.8G       805M       3.0G       5.7M        63M       327M

MemTotal:        4016004 kB
MemFree:         3190484 kB
Active:           467740 kB
Mem:          3.8G       805M       3.0G       5.7M        63M       327M

MemTotal:        4016004 kB
MemFree:         3190964 kB
Active:           467732 kB
Mem:          3.8G       805M       3.0G       5.7M        63M       327M

MemTotal:        4016004 kB
MemFree:         3191088 kB
Active:           467700 kB
Mem:          3.8G       805M       3.0G       5.7M        63M       327M

MemTotal:        4016004 kB
MemFree:         3190840 kB
Active:           467744 kB
Mem:          3.8G       805M       3.0G       5.7M        63M       327M

MemTotal:        4016004 kB
MemFree:         3191088 kB
Active:           467692 kB
Mem:          3.8G       805M       3.0G       5.7M        63M       327M

MemTotal:        4016004 kB
MemFree:         3191040 kB
Active:           467888 kB
Mem:          3.8G       805M       3.0G       5.7M        63M       327M

MemTotal:        4016004 kB
MemFree:         3147992 kB
Active:           468288 kB
Mem:          3.8G       848M       3.0G       5.7M        63M       369M

MemTotal:        4016004 kB
MemFree:         3101412 kB
Active:           468296 kB
Mem:          3.8G       893M       3.0G       5.7M        63M       414M

MemTotal:        4016004 kB
MemFree:         3055172 kB
Active:           468296 kB
Mem:          3.8G       938M       2.9G       5.7M        63M       458M

MemTotal:        4016004 kB
MemFree:         3008684 kB
Active:           468280 kB
Mem:          3.8G       984M       2.9G       5.7M        63M       503M

MemTotal:        4016004 kB
MemFree:         2962460 kB
Active:           468304 kB
Mem:          3.8G       1.0G       2.8G       5.7M        63M       548M

MemTotal:        4016004 kB
MemFree:         2915848 kB
Active:           468320 kB
Mem:          3.8G       1.0G       2.8G       5.7M        63M       592M

MemTotal:        4016004 kB
MemFree:         2869608 kB
Active:           468296 kB
Mem:          3.8G       1.1G       2.7G       5.7M        63M       637M

MemTotal:        4016004 kB
MemFree:         2823516 kB
Active:           468328 kB
Mem:          3.8G       1.1G       2.7G       5.7M        63M       681M

MemTotal:        4016004 kB
MemFree:         2776504 kB
Active:           468292 kB
Mem:          3.8G       1.2G       2.6G       5.7M        63M       726M

MemTotal:        4016004 kB
MemFree:         2733068 kB
Active:           468300 kB
Mem:          3.8G       1.2G       2.6G       5.7M        63M       768M

MemTotal:        4016004 kB
MemFree:         2687932 kB
Active:           468360 kB
Mem:          3.8G       1.3G       2.6G       5.7M        63M       812M

MemTotal:        4016004 kB
MemFree:         2639560 kB
Active:           470392 kB
Mem:          3.8G       1.3G       2.5G       5.7M        63M       857M

MemTotal:        4016004 kB
MemFree:         2593604 kB
Active:           470392 kB
Mem:          3.8G       1.4G       2.5G       5.7M        63M       901M

MemTotal:        4016004 kB
MemFree:         2563236 kB
Active:           470396 kB
Mem:          3.8G       1.4G       2.4G       5.7M        63M       930M

MemTotal:        4016004 kB
MemFree:         2541484 kB
Active:           470408 kB
Mem:          3.8G       1.4G       2.4G       5.7M        63M       951M

MemTotal:        4016004 kB
MemFree:         2496020 kB
Active:           470408 kB
Mem:          3.8G       1.4G       2.4G       5.7M        63M       994M

MemTotal:        4016004 kB
MemFree:         2495620 kB
Active:           470404 kB
Mem:          3.8G       1.5G       2.4G       5.7M        63M       994M

MemTotal:        4016004 kB
MemFree:         2489100 kB
Active:           470404 kB
Mem:          3.8G       1.5G       2.4G       5.7M        63M       1.0G

MemTotal:        4016004 kB
MemFree:         2442876 kB
Active:           470424 kB
Mem:          3.8G       1.5G       2.3G       5.7M        63M       1.0G

MemTotal:        4016004 kB
MemFree:         2396388 kB
Active:           470424 kB
Mem:          3.8G       1.5G       2.3G       5.7M        63M       1.1G

MemTotal:        4016004 kB
MemFree:         2350288 kB
Active:           470424 kB
Mem:          3.8G       1.6G       2.2G       5.7M        63M       1.1G

MemTotal:        4016004 kB
MemFree:         2303676 kB
Active:           470432 kB
Mem:          3.8G       1.6G       2.2G       5.7M        63M       1.2G

MemTotal:        4016004 kB
MemFree:         2257048 kB
Active:           470432 kB
Mem:          3.8G       1.7G       2.2G       5.7M        63M       1.2G

MemTotal:        4016004 kB
MemFree:         2211040 kB
Active:           470432 kB
Mem:          3.8G       1.7G       2.1G       5.7M        63M       1.2G

MemTotal:        4016004 kB
MemFree:         2165188 kB
Active:           470448 kB
Mem:          3.8G       1.8G       2.1G       5.7M        63M       1.3G

MemTotal:        4016004 kB
MemFree:         2118996 kB
Active:           470448 kB
Mem:          3.8G       1.8G       2.0G       5.7M        63M       1.3G

MemTotal:        4016004 kB
MemFree:         2106224 kB
Active:           470472 kB
Mem:          3.8G       1.8G       2.0G       5.7M        63M       1.3G

MemTotal:        4016004 kB
MemFree:         2059288 kB
Active:           470472 kB
Mem:          3.8G       1.9G       2.0G       5.7M        63M       1.4G

MemTotal:        4016004 kB
MemFree:         2013332 kB
Active:           470472 kB
Mem:          3.8G       1.9G       1.9G       5.7M        63M       1.4G

MemTotal:        4016004 kB
MemFree:         1966692 kB
Active:           470456 kB
Mem:          3.8G       2.0G       1.9G       5.7M        63M       1.5G

MemTotal:        4016004 kB
MemFree:         1920628 kB
Active:           470472 kB
Mem:          3.8G       2.0G       1.8G       5.7M        63M       1.5G

MemTotal:        4016004 kB
MemFree:         1874016 kB
Active:           470480 kB
Mem:          3.8G       2.0G       1.8G       5.7M        63M       1.6G

MemTotal:        4016004 kB
MemFree:         1828040 kB
Active:           470484 kB
Mem:          3.8G       2.1G       1.7G       5.7M        63M       1.6G

MemTotal:        4016004 kB
MemFree:         1780824 kB
Active:           470460 kB
Mem:          3.8G       2.1G       1.7G       5.7M        63M       1.6G

MemTotal:        4016004 kB
MemFree:         1764792 kB
Active:           470496 kB
Mem:          3.8G       2.1G       1.7G       5.7M        63M       1.7G

MemTotal:        4016004 kB
MemFree:         1727996 kB
Active:           470516 kB
Mem:          3.8G       2.2G       1.6G       5.7M        63M       1.7G

MemTotal:        4016004 kB
MemFree:         1681492 kB
Active:           470524 kB
Mem:          3.8G       2.2G       1.6G       5.7M        63M       1.7G

MemTotal:        4016004 kB
MemFree:         1670968 kB
Active:           470524 kB
Mem:          3.8G       2.2G       1.6G       5.7M        63M       1.7G

MemTotal:        4016004 kB
MemFree:         1636416 kB
Active:           470536 kB
Mem:          3.8G       2.3G       1.6G       5.7M        63M       1.8G

MemTotal:        4016004 kB
MemFree:         1590800 kB
Active:           470540 kB
Mem:          3.8G       2.3G       1.5G       5.7M        63M       1.8G

MemTotal:        4016004 kB
MemFree:         1546920 kB
Active:           470540 kB
Mem:          3.8G       2.4G       1.5G       5.7M        63M       1.9G

MemTotal:        4016004 kB
MemFree:         1512248 kB
Active:           470556 kB
Mem:          3.8G       2.4G       1.4G       5.7M        63M       1.9G

MemTotal:        4016004 kB
MemFree:         1465636 kB
Active:           470560 kB
Mem:          3.8G       2.4G       1.4G       5.7M        63M       1.9G

MemTotal:        4016004 kB
MemFree:         1419396 kB
Active:           470540 kB
Mem:          3.8G       2.5G       1.4G       5.7M        63M       2.0G

MemTotal:        4016004 kB
MemFree:         1373312 kB
Active:           470552 kB
Mem:          3.8G       2.5G       1.3G       5.7M        63M       2.0G

MemTotal:        4016004 kB
MemFree:         1326872 kB
Active:           470564 kB
Mem:          3.8G       2.6G       1.3G       5.7M        63M       2.1G

MemTotal:        4016004 kB
MemFree:         1280632 kB
Active:           470572 kB
Mem:          3.8G       2.6G       1.2G       5.7M        63M       2.1G

MemTotal:        4016004 kB
MemFree:         1233696 kB
Active:           470532 kB
Mem:          3.8G       2.7G       1.2G       5.7M        63M       2.2G

MemTotal:        4016004 kB
MemFree:         1222396 kB
Active:           470572 kB
Mem:          3.8G       2.7G       1.2G       5.7M        63M       2.2G

MemTotal:        4016004 kB
MemFree:         1175600 kB
Active:           470580 kB
Mem:          3.8G       2.7G       1.1G       5.7M        63M       2.2G

MemTotal:        4016004 kB
MemFree:         1136184 kB
Active:           470588 kB
Mem:          3.8G       2.7G       1.1G       5.7M        63M       2.2G

MemTotal:        4016004 kB
MemFree:         1135384 kB
Active:           470560 kB
Mem:          3.8G       2.7G       1.1G       5.7M        63M       2.2G

MemTotal:        4016004 kB
MemFree:         1133856 kB
Active:           470756 kB
Mem:          3.8G       2.7G       1.1G       5.7M        63M       2.2G

MemTotal:        4016004 kB
MemFree:         1088264 kB
Active:           470616 kB
Mem:          3.8G       2.8G       1.0G       5.7M        63M       2.3G

MemTotal:        4016004 kB
MemFree:         1041716 kB
Active:           470620 kB
Mem:          3.8G       2.8G       1.0G       5.7M        63M       2.3G

MemTotal:        4016004 kB
MemFree:          995988 kB
Active:           470596 kB
Mem:          3.8G       2.9G       971M       5.7M        63M       2.4G

MemTotal:        4016004 kB
MemFree:          950012 kB
Active:           470628 kB
Mem:          3.8G       2.9G       927M       5.7M        63M       2.4G

MemTotal:        4016004 kB
MemFree:          903276 kB
Active:           470628 kB
Mem:          3.8G       3.0G       881M       5.7M        63M       2.5G

MemTotal:        4016004 kB
MemFree:          857300 kB
Active:           470628 kB
Mem:          3.8G       3.0G       836M       5.7M        63M       2.5G

MemTotal:        4016004 kB
MemFree:          810192 kB
Active:           470608 kB
Mem:          3.8G       3.1G       790M       5.7M        63M       2.6G

MemTotal:        4016004 kB
MemFree:          784848 kB
Active:           468580 kB
Mem:          3.8G       3.1G       766M       5.7M        63M       2.6G

MemTotal:        4016004 kB
MemFree:          784844 kB
Active:           470616 kB
Mem:          3.8G       3.1G       766M       5.7M        63M       2.6G

MemTotal:        4016004 kB
MemFree:          771372 kB
Active:           470640 kB
Mem:          3.8G       3.1G       752M       5.7M        63M       2.6G

MemTotal:        4016004 kB
MemFree:          725148 kB
Active:           470664 kB
Mem:          3.8G       3.1G       707M       5.7M        63M       2.6G

MemTotal:        4016004 kB
MemFree:          678784 kB
Active:           470664 kB
Mem:          3.8G       3.2G       661M       5.7M        63M       2.7G

MemTotal:        4016004 kB
MemFree:          632064 kB
Active:           470668 kB
Mem:          3.8G       3.2G       616M       5.7M        63M       2.7G

MemTotal:        4016004 kB
MemFree:          603104 kB
Active:           470660 kB
Mem:          3.8G       3.3G       588M       5.7M        63M       2.8G

MemTotal:        4016004 kB
MemFree:          578912 kB
Active:           470696 kB
Mem:          3.8G       3.3G       564M       5.7M        63M       2.8G

MemTotal:        4016004 kB
MemFree:          531836 kB
Active:           470696 kB
Mem:          3.8G       3.3G       519M       5.7M        63M       2.8G

MemTotal:        4016004 kB
MemFree:          485368 kB
Active:           470700 kB
Mem:          3.8G       3.4G       473M       5.7M        63M       2.9G

MemTotal:        4016004 kB
MemFree:          440296 kB
Active:           470700 kB
Mem:          3.8G       3.4G       429M       5.7M        63M       2.9G

MemTotal:        4016004 kB
MemFree:          393360 kB
Active:           470672 kB
Mem:          3.8G       3.5G       383M       5.7M        63M       2.9G

MemTotal:        4016004 kB
MemFree:          347604 kB
Active:           470696 kB
Mem:          3.8G       3.5G       338M       5.7M        63M       3.0G

MemTotal:        4016004 kB
MemFree:          300156 kB
Active:           470564 kB
Mem:          3.8G       3.5G       293M       5.7M        63M       3.0G

MemTotal:        4016004 kB
MemFree:          253792 kB
Active:           470540 kB
Mem:          3.8G       3.6G       247M       5.7M        63M       3.1G

MemTotal:        4016004 kB
MemFree:          207704 kB
Active:           470540 kB
Mem:          3.8G       3.6G       202M       5.7M        63M       3.1G

MemTotal:        4016004 kB
MemFree:          161544 kB
Active:           470540 kB
Mem:          3.8G       3.7G       157M       5.7M        63M       3.2G

MemTotal:        4016004 kB
MemFree:          138144 kB
Active:           470540 kB
Mem:          3.8G       3.7G       134M       5.7M        63M       3.2G

MemTotal:        4016004 kB
MemFree:          127244 kB
Active:           467368 kB
Mem:          3.8G       3.7G       122M       5.7M        31M       3.2G

MemTotal:        4016004 kB
MemFree:          120120 kB
Active:           467272 kB
Mem:          3.8G       3.7G       117M       5.7M        31M       3.2G

MemTotal:        4016004 kB
MemFree:          113852 kB
Active:           467264 kB
Mem:          3.8G       3.7G       110M       5.7M        31M       3.2G

MemTotal:        4016004 kB
MemFree:          107496 kB
Active:           482068 kB
Mem:          3.8G       3.7G       104M       5.7M        30M       3.2G

MemTotal:        4016004 kB
MemFree:          130904 kB
Active:           496524 kB
Mem:          3.8G       3.7G       125M       5.7M        30M       3.2G

MemTotal:        4016004 kB
MemFree:          105040 kB
Active:           496544 kB
Mem:          3.8G       3.7G       102M       5.7M        30M       3.2G

MemTotal:        4016004 kB
MemFree:          116708 kB
Active:           534220 kB
Mem:          3.8G       3.7G       112M       5.7M        30M       3.2G

MemTotal:        4016004 kB
MemFree:          105312 kB
Active:           530776 kB
Mem:          3.8G       3.7G       102M       5.7M        30M       3.2G

MemTotal:        4016004 kB
MemFree:          130600 kB
Active:           521988 kB
Mem:          3.8G       3.7G       127M       5.7M        30M       3.2G

MemTotal:        4016004 kB
MemFree:          133084 kB
Active:           517644 kB
Mem:          3.8G       3.7G       129M       5.7M        30M       3.2G

MemTotal:        4016004 kB
MemFree:          110772 kB
Active:           515848 kB
Mem:          3.8G       3.7G       107M       5.7M        30M       3.2G

MemTotal:        4016004 kB
MemFree:          130108 kB
Active:           509324 kB
Mem:          3.8G       3.7G       126M       5.7M        30M       3.2G

MemTotal:        4016004 kB
MemFree:          117600 kB
Active:           507776 kB
Mem:          3.8G       3.7G       114M       5.7M        30M       3.2G

MemTotal:        4016004 kB
MemFree:          127108 kB
Active:           503848 kB
Mem:          3.8G       3.7G       123M       5.7M        30M       3.2G

MemTotal:        4016004 kB
MemFree:          126584 kB
Active:           503848 kB
Mem:          3.8G       3.7G       123M       5.7M        30M       3.2G

MemTotal:        4016004 kB
MemFree:          112172 kB
Active:           504048 kB
Mem:          3.8G       3.7G       109M       5.7M        30M       3.2G

MemTotal:        4016004 kB
MemFree:          125024 kB
Active:           498624 kB
Mem:          3.8G       3.7G       121M       5.7M        30M       3.2G

MemTotal:        4016004 kB
MemFree:          127340 kB
Active:           493640 kB
Mem:          3.8G       3.7G       123M       5.7M        30M       3.2G

MemTotal:        4016004 kB
MemFree:          124004 kB
Active:           489672 kB
Mem:          3.8G       3.7G       128M       5.7M        30M       3.2G

MemTotal:        4016004 kB
MemFree:          125460 kB
Active:           484028 kB
Mem:          3.8G       3.7G       122M       5.7M        30M       3.2G

MemTotal:        4016004 kB
MemFree:          127780 kB
Active:           482236 kB
Mem:          3.8G       3.7G       124M       5.7M        30M       3.2G

MemTotal:        4016004 kB
MemFree:          127740 kB
Active:           480572 kB
Mem:          3.8G       3.7G       124M       5.7M        30M       3.2G

MemTotal:        4016004 kB
MemFree:          118228 kB
Active:           477384 kB
Mem:          3.8G       3.7G       114M       5.7M        30M       3.2G

MemTotal:        4016004 kB
MemFree:          108444 kB
Active:           476276 kB
Mem:          3.8G       3.7G       104M       5.7M        30M       3.2G

MemTotal:        4016004 kB
MemFree:          126888 kB
Active:           474100 kB
Mem:          3.8G       3.7G       123M       5.7M        30M       3.2G

MemTotal:        4016004 kB
MemFree:          128700 kB
Active:           472576 kB
Mem:          3.8G       3.7G       124M       5.7M        30M       3.2G

MemTotal:        4016004 kB
MemFree:          106352 kB
Active:           472428 kB
Mem:          3.8G       3.7G       103M       5.7M        30M       3.2G

MemTotal:        4016004 kB
MemFree:          105572 kB
Active:           472440 kB
Mem:          3.8G       3.7G       107M       5.7M        30M       3.2G

MemTotal:        4016004 kB
MemFree:          126664 kB
Active:           472152 kB
Mem:          3.8G       3.7G       123M       5.7M        30M       3.2G

MemTotal:        4016004 kB
MemFree:          130848 kB
Active:           468004 kB
Mem:          3.8G       3.7G       127M       5.7M        30M       3.2G

MemTotal:        4016004 kB
MemFree:          121412 kB
Active:           466728 kB
Mem:          3.8G       3.7G       118M       5.7M        30M       3.2G

MemTotal:        4016004 kB
MemFree:          120676 kB
Active:           462912 kB
Mem:          3.8G       3.7G       117M       5.7M        30M       3.2G

MemTotal:        4016004 kB
MemFree:          123192 kB
Active:           457328 kB
Mem:          3.8G       3.7G       119M       5.7M        30M       3.2G

MemTotal:        4016004 kB
MemFree:          113036 kB
Active:           457204 kB
Mem:          3.8G       3.7G       109M       5.7M        30M       3.2G

MemTotal:        4016004 kB
MemFree:          126092 kB
Active:           455540 kB
Mem:          3.8G       3.7G       122M       5.7M        30M       3.2G

MemTotal:        4016004 kB
MemFree:          126064 kB
Active:           453620 kB
Mem:          3.8G       3.7G       122M       5.7M        30M       3.2G

MemTotal:        4016004 kB
MemFree:          111600 kB
Active:           452084 kB
Mem:          3.8G       3.7G       109M       5.7M        30M       3.2G

MemTotal:        4016004 kB
MemFree:          125688 kB
Active:           450296 kB
Mem:          3.8G       3.7G       122M       5.7M        30M       3.2G

MemTotal:        4016004 kB
MemFree:          107892 kB
Active:           449672 kB
Mem:          3.8G       3.7G       104M       5.7M        30M       3.2G

MemTotal:        4016004 kB
MemFree:          126988 kB
Active:           447624 kB
Mem:          3.8G       3.7G       123M       5.7M        30M       3.2G

MemTotal:        4016004 kB
MemFree:          121632 kB
Active:           445840 kB
Mem:          3.8G       3.7G       119M       5.7M        30M       3.2G

MemTotal:        4016004 kB
MemFree:          110880 kB
Active:           444696 kB
Mem:          3.8G       3.7G       108M       5.7M        30M       3.2G

MemTotal:        4016004 kB
MemFree:          120180 kB
Active:           444800 kB
Mem:          3.8G       3.7G       116M       5.7M        30M       3.2G

MemTotal:        4016004 kB
MemFree:          106824 kB
Active:           444772 kB
Mem:          3.8G       3.7G       103M       5.7M        30M       3.2G

MemTotal:        4016004 kB
MemFree:          110696 kB
Active:           440436 kB
Mem:          3.8G       3.7G       107M       5.7M        30M       3.2G

MemTotal:        4016004 kB
MemFree:          112940 kB
Active:           438772 kB
Mem:          3.8G       3.7G       109M       5.7M        30M       3.2G

MemTotal:        4016004 kB
MemFree:          125112 kB
Active:           437108 kB
Mem:          3.8G       3.7G       122M       5.7M        30M       3.2G

MemTotal:        4016004 kB
MemFree:          111284 kB
Active:           436468 kB
Mem:          3.8G       3.7G       108M       5.7M        30M       3.2G

MemTotal:        4016004 kB
MemFree:          112972 kB
Active:           435452 kB
Mem:          3.8G       3.7G       110M       5.7M        30M       3.2G

MemTotal:        4016004 kB
MemFree:          126376 kB
Active:           433660 kB
Mem:          3.8G       3.7G       122M       5.7M        30M       3.2G

MemTotal:        4016004 kB
MemFree:          126308 kB
Active:           431740 kB
Mem:          3.8G       3.7G       123M       5.7M        30M       3.2G

MemTotal:        4016004 kB
MemFree:          127136 kB
Active:           430716 kB
Mem:          3.8G       3.7G       123M       5.7M        30M       3.2G

MemTotal:        4016004 kB
MemFree:          124800 kB
Active:           430604 kB
Mem:          3.8G       3.7G       121M       5.7M        30M       3.2G

MemTotal:        4016004 kB
MemFree:          124120 kB
Active:           430592 kB
Mem:          3.8G       3.7G       121M       5.7M        30M       3.2G

MemTotal:        4016004 kB
MemFree:          124248 kB
Active:           430580 kB
Mem:          3.8G       3.7G       120M       5.7M        30M       3.2G

MemTotal:        4016004 kB
MemFree:          124772 kB
Active:           430112 kB
Mem:          3.8G       3.7G       121M       5.7M        30M       3.2G

MemTotal:        4016004 kB
MemFree:          119584 kB
Active:           428448 kB
Mem:          3.8G       3.7G       116M       5.7M        30M       3.2G

MemTotal:        4016004 kB
MemFree:          108696 kB
Active:           427300 kB
Mem:          3.8G       3.7G       106M       5.7M        30M       3.2G

MemTotal:        4016004 kB
MemFree:          110928 kB
Active:           425516 kB
Mem:          3.8G       3.7G       107M       5.7M        30M       3.2G

MemTotal:        4016004 kB
MemFree:          124120 kB
Active:           423852 kB
Mem:          3.8G       3.7G       121M       5.7M        30M       3.2G

MemTotal:        4016004 kB
MemFree:          113820 kB
Active:           422572 kB
Mem:          3.8G       3.7G       110M       5.7M        30M       3.2G

MemTotal:        4016004 kB
MemFree:          127084 kB
Active:           420908 kB
Mem:          3.8G       3.7G       123M       5.7M        30M       3.2G

MemTotal:        4016004 kB
MemFree:          112512 kB
Active:           419756 kB
Mem:          3.8G       3.7G       109M       5.7M        30M       3.2G

MemTotal:        4016004 kB
MemFree:          111696 kB
Active:           419704 kB
Mem:          3.8G       3.7G       108M       5.7M        30M       3.2G

MemTotal:        4016004 kB
MemFree:          125364 kB
Active:           418100 kB
Mem:          3.8G       3.7G       122M       5.7M        30M       3.2G

MemTotal:        4016004 kB
MemFree:          108508 kB
Active:           417464 kB
Mem:          3.8G       3.7G       105M       5.7M        30M       3.2G

MemTotal:        4016004 kB
MemFree:          137220 kB
Active:           415812 kB
Mem:          3.8G       3.7G       133M       5.7M        30M       3.2G

MemTotal:        4016004 kB
MemFree:          126220 kB
Active:           414732 kB
Mem:          3.8G       3.7G       122M       5.7M        30M       3.2G

MemTotal:        4016004 kB
MemFree:          125276 kB
Active:           413512 kB
Mem:          3.8G       3.7G       122M       5.7M        30M       3.2G

MemTotal:        4016004 kB
MemFree:          116564 kB
Active:           413476 kB
Mem:          3.8G       3.7G       112M       5.7M        30M       3.2G

MemTotal:        4016004 kB
MemFree:          129836 kB
Active:           411856 kB
Mem:          3.8G       3.7G       126M       5.7M        30M       3.2G

MemTotal:        4016004 kB
MemFree:          119804 kB
Active:           410708 kB
Mem:          3.8G       3.7G       116M       5.7M        30M       3.2G

MemTotal:        4016004 kB
MemFree:          133312 kB
Active:           409104 kB
Mem:          3.8G       3.7G       130M       5.7M        30M       3.2G

MemTotal:        4016004 kB
MemFree:          122936 kB
Active:           407852 kB
Mem:          3.8G       3.7G       120M       5.7M        30M       3.2G

MemTotal:        4016004 kB
MemFree:          129976 kB
Active:           405812 kB
Mem:          3.8G       3.7G       126M       5.7M        30M       3.2G

MemTotal:        4016004 kB
MemFree:          130772 kB
Active:           404004 kB
Mem:          3.8G       3.7G       126M       5.7M        30M       3.2G

MemTotal:        4016004 kB
MemFree:          135272 kB
Active:           402368 kB
Mem:          3.8G       3.7G       131M       5.7M        30M       3.2G

MemTotal:        4016004 kB
MemFree:          135556 kB
Active:           401316 kB
Mem:          3.8G       3.7G       132M       5.7M        30M       3.2G

MemTotal:        4016004 kB
MemFree:          135680 kB
Active:           401244 kB
Mem:          3.8G       3.7G       132M       5.7M        30M       3.2G

MemTotal:        4016004 kB
MemFree:          135900 kB
Active:           401260 kB
Mem:          3.8G       3.7G       132M       5.7M        30M       3.2G

MemTotal:        4016004 kB
MemFree:          110356 kB
Active:           401280 kB
Mem:          3.8G       3.7G       107M       5.7M        30M       3.2G

MemTotal:        4016004 kB
MemFree:          124880 kB
Active:           401024 kB
Mem:          3.8G       3.7G       130M       5.7M        30M       3.2G

MemTotal:        4016004 kB
MemFree:          125512 kB
Active:           401036 kB
Mem:          3.8G       3.7G       121M       5.7M        30M       3.2G

MemTotal:        4016004 kB
MemFree:          114552 kB
Active:           400908 kB
Mem:          3.8G       3.7G       110M       5.7M        30M       3.2G

MemTotal:        4016004 kB
MemFree:          122568 kB
Active:           400916 kB
Mem:          3.8G       3.7G       119M       5.7M        30M       3.2G

MemTotal:        4016004 kB
MemFree:          123784 kB
Active:           400920 kB
Mem:          3.8G       3.7G       120M       5.7M        30M       3.2G

MemTotal:        4016004 kB
MemFree:          131672 kB
Active:           400860 kB
Mem:          3.8G       3.7G       128M       5.7M        30M       3.2G

MemTotal:        4016004 kB
MemFree:          120640 kB
Active:           400860 kB
Mem:          3.8G       3.7G       117M       5.7M        30M       3.2G

MemTotal:        4016004 kB
MemFree:          110420 kB
Active:           400860 kB
Mem:          3.8G       3.7G       107M       5.7M        30M       3.2G

MemTotal:        4016004 kB
MemFree:          139392 kB
Active:           400868 kB
Mem:          3.8G       3.7G       135M       5.7M        30M       3.2G

MemTotal:        4016004 kB
MemFree:          139328 kB
Active:           400892 kB
Mem:          3.8G       3.7G       135M       5.7M        30M       3.2G

MemTotal:        4016004 kB
MemFree:          123592 kB
Active:           400904 kB
Mem:          3.8G       3.7G       120M       5.7M        30M       3.2G

MemTotal:        4016004 kB
MemFree:          134312 kB
Active:           402164 kB
Mem:          3.8G       3.7G       131M       5.7M        30M       3.2G

MemTotal:        4016004 kB
MemFree:          140920 kB
Active:           402172 kB
Mem:          3.8G       3.7G       137M       5.7M        30M       3.2G

MemTotal:        4016004 kB
MemFree:          140160 kB
Active:           402180 kB
Mem:          3.8G       3.7G       136M       5.7M        30M       3.2G

MemTotal:        4016004 kB
MemFree:          123924 kB
Active:           402180 kB
Mem:          3.8G       3.7G       120M       5.7M        30M       3.2G

MemTotal:        4016004 kB
MemFree:          113056 kB
Active:           401964 kB
Mem:          3.8G       3.7G       110M       5.7M        30M       3.2G

MemTotal:        4016004 kB
MemFree:          127304 kB
Active:           401964 kB
Mem:          3.8G       3.7G       123M       5.7M        30M       3.2G

MemTotal:        4016004 kB
MemFree:          124140 kB
Active:           401840 kB
Mem:          3.8G       3.7G       121M       5.7M        30M       3.2G

MemTotal:        4016004 kB
MemFree:          119372 kB
Active:           401824 kB
Mem:          3.8G       3.7G       116M       5.7M        30M       3.2G

MemTotal:        4016004 kB
MemFree:          108796 kB
Active:           401848 kB
Mem:          3.8G       3.7G       106M       5.7M        30M       3.2G

MemTotal:        4016004 kB
MemFree:          133812 kB
Active:           401848 kB
Mem:          3.8G       3.7G       130M       5.7M        30M       3.2G

MemTotal:        4016004 kB
MemFree:          129112 kB
Active:           401848 kB
Mem:          3.8G       3.7G       126M       5.7M        30M       3.2G

MemTotal:        4016004 kB
MemFree:          121400 kB
Active:           401820 kB
Mem:          3.8G       3.7G       118M       5.7M        30M       3.2G

MemTotal:        4016004 kB
MemFree:          121056 kB
Active:           401808 kB
Mem:          3.8G       3.7G       118M       5.7M        30M       3.2G

MemTotal:        4016004 kB
MemFree:          121276 kB
Active:           401788 kB
Mem:          3.8G       3.7G       118M       5.7M        30M       3.2G

MemTotal:        4016004 kB
MemFree:          122580 kB
Active:           401828 kB
Mem:          3.8G       3.7G       118M       5.7M        30M       3.2G

MemTotal:        4016004 kB
MemFree:          120356 kB
Active:           401832 kB
Mem:          3.8G       3.7G       124M       5.7M        30M       3.2G

MemTotal:        4016004 kB
MemFree:          123616 kB
Active:           401832 kB
Mem:          3.8G       3.7G       120M       5.7M        30M       3.2G

MemTotal:        4016004 kB
MemFree:          125300 kB
Active:           401840 kB
Mem:          3.8G       3.7G       121M       5.7M        30M       3.2G

MemTotal:        4016004 kB
MemFree:          119984 kB
Active:           401820 kB
Mem:          3.8G       3.7G       116M       5.7M        30M       3.2G

MemTotal:        4016004 kB
MemFree:          124596 kB
Active:           401844 kB
Mem:          3.8G       3.7G       120M       5.7M        30M       3.2G

MemTotal:        4016004 kB
MemFree:          123772 kB
Active:           395600 kB
Mem:          3.8G       3.7G       120M       5.7M        30M       3.2G

MemTotal:        4016004 kB
MemFree:          121024 kB
Active:           395468 kB
Mem:          3.8G       3.7G       117M       5.7M        30M       3.2G

MemTotal:        4016004 kB
MemFree:          124856 kB
Active:           395488 kB
Mem:          3.8G       3.7G       121M       5.7M        30M       3.2G

MemTotal:        4016004 kB
MemFree:          115560 kB
Active:           395496 kB
Mem:          3.8G       3.7G       112M       5.7M        30M       3.2G

MemTotal:        4016004 kB
MemFree:          127288 kB
Active:           395496 kB
Mem:          3.8G       3.7G       124M       5.7M        30M       3.2G

MemTotal:        4016004 kB
MemFree:          137608 kB
Active:           395496 kB
Mem:          3.8G       3.7G       134M       5.7M        30M       3.2G

MemTotal:        4016004 kB
MemFree:          112444 kB
Active:           395508 kB
Mem:          3.8G       3.7G       109M       5.7M        30M       3.2G

MemTotal:        4016004 kB
MemFree:          106968 kB
Active:           395508 kB
Mem:          3.8G       3.7G       104M       5.7M        30M       3.2G

MemTotal:        4016004 kB
MemFree:          107096 kB
Active:           395488 kB
Mem:          3.8G       3.7G       104M       5.7M        30M       3.2G

MemTotal:        4016004 kB
MemFree:          126644 kB
Active:           395516 kB
Mem:          3.8G       3.7G       123M       5.7M        30M       3.2G

MemTotal:        4016004 kB
MemFree:          115852 kB
Active:           395900 kB
Mem:          3.8G       3.7G       113M       5.7M        30M       3.2G

MemTotal:        4016004 kB
MemFree:          116012 kB
Active:           394748 kB
Mem:          3.8G       3.7G       112M       5.7M        30M       3.2G

MemTotal:        4016004 kB
MemFree:          122968 kB
Active:           394244 kB
Mem:          3.8G       3.7G       120M       5.7M        30M       3.2G

MemTotal:        4016004 kB
MemFree:          112180 kB
Active:           394244 kB
Mem:          3.8G       3.7G       109M       5.7M        30M       3.2G

MemTotal:        4016004 kB
MemFree:          126156 kB
Active:           394248 kB
Mem:          3.8G       3.7G       122M       5.7M        30M       3.2G

MemTotal:        4016004 kB
MemFree:          132320 kB
Active:           394248 kB
Mem:          3.8G       3.7G       129M       5.7M        30M       3.2G

MemTotal:        4016004 kB
MemFree:          127372 kB
Active:           394248 kB
Mem:          3.8G       3.7G       124M       5.7M        30M       3.2G

MemTotal:        4016004 kB
MemFree:          134508 kB
Active:           394256 kB
Mem:          3.8G       3.7G       131M       5.7M        30M       3.2G

MemTotal:        4016004 kB
MemFree:          130672 kB
Active:           394268 kB
Mem:          3.8G       3.7G       127M       5.7M        30M       3.2G

MemTotal:        4016004 kB
MemFree:          125888 kB
Active:           394280 kB
Mem:          3.8G       3.7G       122M       5.7M        30M       3.2G

MemTotal:        4016004 kB
MemFree:          108980 kB
Active:           394284 kB
Mem:          3.8G       3.7G       106M       5.7M        30M       3.2G

MemTotal:        4016004 kB
MemFree:          131280 kB
Active:           392572 kB
Mem:          3.8G       3.7G       127M       5.7M        30M       3.2G

MemTotal:        4016004 kB
MemFree:          119444 kB
Active:           392580 kB
Mem:          3.8G       3.7G       116M       5.7M        30M       3.2G

MemTotal:        4016004 kB
MemFree:          121696 kB
Active:           392588 kB
Mem:          3.8G       3.7G       118M       5.7M        30M       3.2G

MemTotal:        4016004 kB
MemFree:          127216 kB
Active:           392588 kB
Mem:          3.8G       3.7G       123M       5.7M        30M       3.2G

MemTotal:        4016004 kB
MemFree:          140392 kB
Active:           392592 kB
Mem:          3.8G       3.7G       136M       5.7M        30M       3.2G

MemTotal:        4016004 kB
MemFree:          130248 kB
Active:           392592 kB
Mem:          3.8G       3.7G       126M       5.7M        30M       3.2G

MemTotal:        4016004 kB
MemFree:          122728 kB
Active:           392612 kB
Mem:          3.8G       3.7G       119M       5.7M        30M       3.2G

MemTotal:        4016004 kB
MemFree:          124464 kB
Active:           392620 kB
Mem:          3.8G       3.7G       120M       5.7M        30M       3.2G

MemTotal:        4016004 kB
MemFree:          118004 kB
Active:           391356 kB
Mem:          3.8G       3.7G       114M       5.7M        30M       3.2G

MemTotal:        4016004 kB
MemFree:          113956 kB
Active:           391348 kB
Mem:          3.8G       3.7G       110M       5.7M        30M       3.2G

MemTotal:        4016004 kB
MemFree:          116148 kB
Active:           391368 kB
Mem:          3.8G       3.7G       112M       5.7M        30M       3.2G

MemTotal:        4016004 kB
MemFree:          123836 kB
Active:           391384 kB
Mem:          3.8G       3.7G       123M       5.7M        30M       3.2G

MemTotal:        4016004 kB
MemFree:          119160 kB
Active:           391384 kB
Mem:          3.8G       3.7G       115M       5.7M        30M       3.2G

MemTotal:        4016004 kB
MemFree:          108532 kB
Active:           391388 kB
Mem:          3.8G       3.7G       105M       5.7M        30M       3.2G

MemTotal:        4016004 kB
MemFree:          127260 kB
Active:           391388 kB
Mem:          3.8G       3.7G       124M       5.7M        30M       3.2G

MemTotal:        4016004 kB
MemFree:          110720 kB
Active:           391364 kB
Mem:          3.8G       3.7G       108M       5.7M        30M       3.2G

MemTotal:        4016004 kB
MemFree:          124192 kB
Active:           391396 kB
Mem:          3.8G       3.7G       121M       5.7M        30M       3.2G

MemTotal:        4016004 kB
MemFree:          144572 kB
Active:           378328 kB
Mem:          3.8G       3.7G       140M       5.7M        30M       3.2G

MemTotal:        4016004 kB
MemFree:          134088 kB
Active:           378164 kB
Mem:          3.8G       3.7G       130M       5.7M        30M       3.2G

MemTotal:        4016004 kB
MemFree:          125644 kB
Active:           378164 kB
Mem:          3.8G       3.7G       121M       5.7M        30M       3.2G

MemTotal:        4016004 kB
MemFree:          125484 kB
Active:           378152 kB
Mem:          3.8G       3.7G       122M       5.7M        30M       3.2G

MemTotal:        4016004 kB
MemFree:          120204 kB
Active:           378172 kB
Mem:          3.8G       3.7G       117M       5.7M        30M       3.2G

MemTotal:        4016004 kB
MemFree:          125936 kB
Active:           378184 kB
Mem:          3.8G       3.7G       122M       5.7M        30M       3.2G

MemTotal:        4016004 kB
MemFree:          130116 kB
Active:           378172 kB
Mem:          3.8G       3.7G       126M       5.7M        30M       3.2G

MemTotal:        4016004 kB
MemFree:          131404 kB
Active:           378176 kB
Mem:          3.8G       3.7G       128M       5.7M        30M       3.2G

MemTotal:        4016004 kB
MemFree:          126848 kB
Active:           378188 kB
Mem:          3.8G       3.7G       123M       5.7M        30M       3.2G

MemTotal:        4016004 kB
MemFree:          116208 kB
Active:           378168 kB
Mem:          3.8G       3.7G       112M       5.7M        30M       3.2G

MemTotal:        4016004 kB
MemFree:          105688 kB
Active:           378196 kB
Mem:          3.8G       3.7G       103M       5.7M        30M       3.2G

MemTotal:        4016004 kB
MemFree:          116276 kB
Active:           375720 kB
Mem:          3.8G       3.7G       113M       5.7M        30M       3.2G

MemTotal:        4016004 kB
MemFree:          106136 kB
Active:           375720 kB
Mem:          3.8G       3.7G       102M       5.7M        30M       3.2G

MemTotal:        4016004 kB
MemFree:          108620 kB
Active:           375736 kB
Mem:          3.8G       3.7G       105M       5.7M        30M       3.2G

MemTotal:        4016004 kB
MemFree:          114204 kB
Active:           375744 kB
Mem:          3.8G       3.7G       111M       5.7M        30M       3.2G

MemTotal:        4016004 kB
MemFree:          104956 kB
Active:           375748 kB
Mem:          3.8G       3.7G       107M       5.7M        30M       3.2G

MemTotal:        4016004 kB
MemFree:          127248 kB
Active:           375752 kB
Mem:          3.8G       3.7G       124M       5.7M        30M       3.2G

MemTotal:        4016004 kB
MemFree:          110732 kB
Active:           375708 kB
Mem:          3.8G       3.7G       107M       5.7M        30M       3.2G

MemTotal:        4016004 kB
MemFree:          134892 kB
Active:           375772 kB
Mem:          3.8G       3.7G       131M       5.7M        30M       3.2G

MemTotal:        4016004 kB
MemFree:          125232 kB
Active:           375772 kB
Mem:          3.8G       3.7G       121M       5.7M        30M       3.2G

MemTotal:        4016004 kB
MemFree:          132728 kB
Active:           375776 kB
Mem:          3.8G       3.7G       129M       5.7M        30M       3.2G

MemTotal:        4016004 kB
MemFree:          121968 kB
Active:           375776 kB
Mem:          3.8G       3.7G       118M       5.7M        30M       3.2G

MemTotal:        4016004 kB
MemFree:          105892 kB
Active:           375780 kB
Mem:          3.8G       3.7G       102M       5.7M        30M       3.2G

MemTotal:        4016004 kB
MemFree:          122452 kB
Active:           372784 kB
Mem:          3.8G       3.7G       118M       5.7M        30M       3.2G

MemTotal:        4016004 kB
MemFree:          125432 kB
Active:           372792 kB
Mem:          3.8G       3.7G       122M       5.7M        30M       3.2G

MemTotal:        4016004 kB
MemFree:          121056 kB
Active:           372804 kB
Mem:          3.8G       3.7G       117M       5.7M        30M       3.2G

MemTotal:        4016004 kB
MemFree:          125772 kB
Active:           372804 kB
Mem:          3.8G       3.7G       122M       5.7M        30M       3.2G

MemTotal:        4016004 kB
MemFree:          120400 kB
Active:           372804 kB
Mem:          3.8G       3.7G       117M       5.7M        30M       3.2G

MemTotal:        4016004 kB
MemFree:          127416 kB
Active:           372804 kB
Mem:          3.8G       3.7G       123M       5.7M        30M       3.2G

MemTotal:        4016004 kB
MemFree:          126772 kB
Active:           372800 kB
Mem:          3.8G       3.7G       123M       5.7M        30M       3.2G

MemTotal:        4016004 kB
MemFree:          121516 kB
Active:           372824 kB
Mem:          3.8G       3.7G       118M       5.7M        30M       3.2G

MemTotal:        4016004 kB
MemFree:          125816 kB
Active:           372824 kB
Mem:          3.8G       3.7G       122M       5.7M        30M       3.2G

MemTotal:        4016004 kB
MemFree:          121248 kB
Active:           373784 kB
Mem:          3.8G       3.7G       117M       5.7M        30M       3.2G

MemTotal:        4016004 kB
MemFree:          126116 kB
Active:           373788 kB
Mem:          3.8G       3.7G       122M       5.7M        30M       3.2G

MemTotal:        4016004 kB
MemFree:          112692 kB
Active:           373788 kB
Mem:          3.8G       3.7G       109M       5.7M        30M       3.2G

MemTotal:        4016004 kB
MemFree:          118288 kB
Active:           371224 kB
Mem:          3.8G       3.7G       114M       5.7M        30M       3.2G

MemTotal:        4016004 kB
MemFree:          106320 kB
Active:           371032 kB
Mem:          3.8G       3.7G       103M       5.7M        30M       3.2G

MemTotal:        4016004 kB
MemFree:          123956 kB
Active:           371032 kB
Mem:          3.8G       3.7G       120M       5.7M        30M       3.2G

MemTotal:        4016004 kB
MemFree:          115640 kB
Active:           371040 kB
Mem:          3.8G       3.7G       122M       5.7M        30M       3.2G

MemTotal:        4016004 kB
MemFree:          118296 kB
Active:           371056 kB
Mem:          3.8G       3.7G       115M       5.7M        30M       3.2G

MemTotal:        4016004 kB
MemFree:          122284 kB
Active:           371064 kB
Mem:          3.8G       3.7G       119M       5.7M        30M       3.2G

MemTotal:        4016004 kB
MemFree:          118428 kB
Active:           371076 kB
Mem:          3.8G       3.7G       114M       5.7M        30M       3.2G

MemTotal:        4016004 kB
MemFree:          124652 kB
Active:           371076 kB
Mem:          3.8G       3.7G       121M       5.7M        30M       3.2G

MemTotal:        4016004 kB
MemFree:          120388 kB
Active:           370948 kB
Mem:          3.8G       3.7G       116M       5.7M        30M       3.2G

MemTotal:        4016004 kB
MemFree:          115844 kB
Active:           370952 kB
Mem:          3.8G       3.7G       124M       5.7M        30M       3.2G

MemTotal:        4016004 kB
MemFree:          118560 kB
Active:           370792 kB
Mem:          3.8G       3.7G       115M       5.7M        30M       3.2G

MemTotal:        4016004 kB
MemFree:          108676 kB
Active:           370836 kB
Mem:          3.8G       3.7G       105M       5.7M        30M       3.2G

MemTotal:        4016004 kB
MemFree:          127292 kB
Active:           370836 kB
Mem:          3.8G       3.7G       123M       5.7M        30M       3.2G

MemTotal:        4016004 kB
MemFree:          135392 kB
Active:           370836 kB
Mem:          3.8G       3.7G       131M       5.7M        30M       3.2G

MemTotal:        4016004 kB
MemFree:          113868 kB
Active:           368700 kB
Mem:          3.8G       3.7G       110M       5.7M        30M       3.2G

MemTotal:        4016004 kB
MemFree:          127732 kB
Active:           368648 kB
Mem:          3.8G       3.7G       124M       5.7M        30M       3.2G

MemTotal:        4016004 kB
MemFree:          125484 kB
Active:           368648 kB
Mem:          3.8G       3.7G       122M       5.7M        30M       3.2G

MemTotal:        4016004 kB
MemFree:          108796 kB
Active:           370696 kB
Mem:          3.8G       3.7G       105M       5.7M        30M       3.2G

MemTotal:        4016004 kB
MemFree:          123272 kB
Active:           369916 kB
Mem:          3.8G       3.7G       120M       5.7M        30M       3.2G

MemTotal:        4016004 kB
MemFree:          133340 kB
Active:           369788 kB
Mem:          3.8G       3.7G       129M       5.7M        30M       3.2G

MemTotal:        4016004 kB
MemFree:          122976 kB
Active:           369768 kB
Mem:          3.8G       3.7G       119M       5.7M        30M       3.2G

MemTotal:        4016004 kB
MemFree:          127528 kB
Active:           369792 kB
Mem:          3.8G       3.7G       124M       5.7M        30M       3.2G

MemTotal:        4016004 kB
MemFree:          122492 kB
Active:           369796 kB
Mem:          3.8G       3.7G       119M       5.7M        30M       3.2G

MemTotal:        4016004 kB
MemFree:          126092 kB
Active:           369796 kB
Mem:          3.8G       3.7G       122M       5.7M        30M       3.2G

MemTotal:        4016004 kB
MemFree:          120764 kB
Active:           369796 kB
Mem:          3.8G       3.7G       117M       5.7M        30M       3.2G

MemTotal:        4016004 kB
MemFree:          124824 kB
Active:           369808 kB
Mem:          3.8G       3.7G       121M       5.7M        30M       3.2G

MemTotal:        4016004 kB
MemFree:          120324 kB
Active:           369820 kB
Mem:          3.8G       3.7G       116M       5.7M        30M       3.2G

MemTotal:        4016004 kB
MemFree:          115616 kB
Active:           369820 kB
Mem:          3.8G       3.7G       122M       5.7M        30M       3.2G

MemTotal:        4016004 kB
MemFree:          122884 kB
Active:           369820 kB
Mem:          3.8G       3.7G       119M       5.7M        30M       3.2G

MemTotal:        4016004 kB
MemFree:          125000 kB
Active:           367380 kB
Mem:          3.8G       3.7G       121M       5.7M        30M       3.2G

MemTotal:        4016004 kB
MemFree:          110244 kB
Active:           367312 kB
Mem:          3.8G       3.7G       107M       5.7M        30M       3.2G

MemTotal:        4016004 kB
MemFree:          134712 kB
Active:           367320 kB
Mem:          3.8G       3.7G       131M       5.7M        30M       3.2G

MemTotal:        4016004 kB
MemFree:          118808 kB
Active:           367100 kB
Mem:          3.8G       3.7G       116M       5.7M        30M       3.2G

MemTotal:        4016004 kB
MemFree:          119264 kB
Active:           367012 kB
Mem:          3.8G       3.7G       116M       5.7M        30M       3.2G

MemTotal:        4016004 kB
MemFree:          119608 kB
Active:           366992 kB
Mem:          3.8G       3.7G       116M       5.7M        30M       3.2G

MemTotal:        4016004 kB
MemFree:          119112 kB
Active:           367000 kB
Mem:          3.8G       3.7G       115M       5.7M        30M       3.2G

MemTotal:        4016004 kB
MemFree:          119112 kB
Active:           367004 kB
Mem:          3.8G       3.7G       115M       5.7M        30M       3.2G

MemTotal:        4016004 kB
MemFree:          118988 kB
Active:           367012 kB
Mem:          3.8G       3.7G       115M       5.7M        30M       3.2G

MemTotal:        4016004 kB
MemFree:          118740 kB
Active:           367000 kB
Mem:          3.8G       3.7G       115M       5.7M        30M       3.2G

MemTotal:        4016004 kB
MemFree:          118864 kB
Active:           367004 kB
Mem:          3.8G       3.7G       115M       5.7M        30M       3.2G

MemTotal:        4016004 kB
MemFree:          118864 kB
Active:           367008 kB
Mem:          3.8G       3.7G       115M       5.7M        30M       3.2G

MemTotal:        4016004 kB
MemFree:          118740 kB
Active:           367028 kB
Mem:          3.8G       3.7G       115M       5.7M        30M       3.2G

MemTotal:        4016004 kB
MemFree:          118740 kB
Active:           367016 kB
Mem:          3.8G       3.7G       115M       5.7M        30M       3.2G

MemTotal:        4016004 kB
MemFree:          118616 kB
Active:           367012 kB
Mem:          3.8G       3.7G       115M       5.7M        30M       3.2G

MemTotal:        4016004 kB
MemFree:          118864 kB
Active:           367020 kB
Mem:          3.8G       3.7G       115M       5.7M        30M       3.2G

MemTotal:        4016004 kB
MemFree:          118740 kB
Active:           367032 kB
Mem:          3.8G       3.7G       115M       5.7M        30M       3.2G

MemTotal:        4016004 kB
MemFree:          118988 kB
Active:           367028 kB
Mem:          3.8G       3.7G       115M       5.7M        30M       3.2G

MemTotal:        4016004 kB
MemFree:          117064 kB
Active:           366992 kB
Mem:          3.8G       3.7G       114M       5.7M        30M       3.2G

MemTotal:        4016004 kB
MemFree:          117064 kB
Active:           369044 kB
Mem:          3.8G       3.7G       114M       5.7M        30M       3.2G

MemTotal:        4016004 kB
MemFree:          116940 kB
Active:           369020 kB
Mem:          3.8G       3.7G       113M       5.7M        30M       3.2G

MemTotal:        4016004 kB
MemFree:          116940 kB
Active:           369052 kB
Mem:          3.8G       3.7G       113M       5.7M        30M       3.2G

MemTotal:        4016004 kB
MemFree:          117064 kB
Active:           369032 kB
Mem:          3.8G       3.7G       113M       5.7M        30M       3.2G

MemTotal:        4016004 kB
MemFree:          117188 kB
Active:           369064 kB
Mem:          3.8G       3.7G       114M       5.7M        30M       3.2G

MemTotal:        4016004 kB
MemFree:          117096 kB
Active:           369040 kB
Mem:          3.8G       3.7G       113M       5.7M        30M       3.2G

MemTotal:        4016004 kB
MemFree:          116724 kB
Active:           369052 kB
Mem:          3.8G       3.7G       113M       5.7M        30M       3.2G

MemTotal:        4016004 kB
MemFree:          116724 kB
Active:           369020 kB
Mem:          3.8G       3.7G       113M       5.7M        30M       3.2G

MemTotal:        4016004 kB
MemFree:          116724 kB
Active:           369084 kB
Mem:          3.8G       3.7G       113M       5.7M        30M       3.2G

MemTotal:        4016004 kB
MemFree:          116724 kB
Active:           369060 kB
Mem:          3.8G       3.7G       113M       5.7M        30M       3.2G

MemTotal:        4016004 kB
MemFree:          116600 kB
Active:           369028 kB
Mem:          3.8G       3.7G       113M       5.7M        30M       3.2G

MemTotal:        4016004 kB
MemFree:          116724 kB
Active:           369072 kB
Mem:          3.8G       3.7G       113M       5.7M        30M       3.2G

MemTotal:        4016004 kB
MemFree:          116472 kB
Active:           369068 kB
Mem:          3.8G       3.7G       113M       5.7M        30M       3.2G

MemTotal:        4016004 kB
MemFree:          116472 kB
Active:           369064 kB
Mem:          3.8G       3.7G       113M       5.7M        30M       3.2G

MemTotal:        4016004 kB
MemFree:          116784 kB
Active:           369084 kB
Mem:          3.8G       3.7G       114M       5.7M        30M       3.2G

MemTotal:        4016004 kB
MemFree:          116908 kB
Active:           369072 kB
Mem:          3.8G       3.7G       113M       5.7M        30M       3.2G

MemTotal:        4016004 kB
MemFree:          116908 kB
Active:           369084 kB
Mem:          3.8G       3.7G       113M       5.7M        30M       3.2G

MemTotal:        4016004 kB
MemFree:          116908 kB
Active:           369080 kB
Mem:          3.8G       3.7G       113M       5.7M        30M       3.2G

MemTotal:        4016004 kB
MemFree:          116908 kB
Active:           369112 kB
Mem:          3.8G       3.7G       113M       5.7M        30M       3.2G

MemTotal:        4016004 kB
MemFree:          116784 kB
Active:           369076 kB
Mem:          3.8G       3.7G       113M       5.7M        30M       3.2G

MemTotal:        4016004 kB
MemFree:          117032 kB
Active:           369100 kB
Mem:          3.8G       3.7G       113M       5.7M        30M       3.2G

MemTotal:        4016004 kB
MemFree:          116784 kB
Active:           369108 kB
Mem:          3.8G       3.7G       113M       5.7M        30M       3.2G

MemTotal:        4016004 kB
MemFree:          116908 kB
Active:           369104 kB
Mem:          3.8G       3.7G       113M       5.7M        30M       3.2G

MemTotal:        4016004 kB
MemFree:          116784 kB
Active:           369112 kB
Mem:          3.8G       3.7G       113M       5.7M        30M       3.2G

MemTotal:        4016004 kB
MemFree:          116784 kB
Active:           369068 kB
Mem:          3.8G       3.7G       113M       5.7M        30M       3.2G

MemTotal:        4016004 kB
MemFree:          116908 kB
Active:           369088 kB
Mem:          3.8G       3.7G       113M       5.7M        30M       3.2G

MemTotal:        4016004 kB
MemFree:          116660 kB
Active:           369108 kB
Mem:          3.8G       3.7G       113M       5.7M        30M       3.2G

MemTotal:        4016004 kB
MemFree:          116660 kB
Active:           369104 kB
Mem:          3.8G       3.7G       113M       5.7M        30M       3.2G

MemTotal:        4016004 kB
MemFree:          116660 kB
Active:           369088 kB
Mem:          3.8G       3.7G       113M       5.7M        30M       3.2G

MemTotal:        4016004 kB
MemFree:          116660 kB
Active:           369120 kB
Mem:          3.8G       3.7G       113M       5.7M        30M       3.2G

MemTotal:        4016004 kB
MemFree:          116660 kB
Active:           369112 kB
Mem:          3.8G       3.7G       113M       5.7M        30M       3.2G

MemTotal:        4016004 kB
MemFree:          116536 kB
Active:           369100 kB
Mem:          3.8G       3.7G       114M       5.7M        30M       3.2G

MemTotal:        4016004 kB
MemFree:          116908 kB
Active:           369100 kB
Mem:          3.8G       3.7G       113M       5.7M        30M       3.2G

MemTotal:        4016004 kB
MemFree:          116908 kB
Active:           369116 kB
Mem:          3.8G       3.7G       113M       5.7M        30M       3.2G

MemTotal:        4016004 kB
MemFree:          117032 kB
Active:           369128 kB
Mem:          3.8G       3.7G       113M       5.7M        30M       3.2G

MemTotal:        4016004 kB
MemFree:          116908 kB
Active:           369116 kB
Mem:          3.8G       3.7G       113M       5.7M        30M       3.2G

MemTotal:        4016004 kB
MemFree:          117032 kB
Active:           369108 kB
Mem:          3.8G       3.7G       113M       5.7M        30M       3.2G

MemTotal:        4016004 kB
MemFree:          117140 kB
Active:           369124 kB
Mem:          3.8G       3.7G       113M       5.7M        30M       3.2G

MemTotal:        4016004 kB
MemFree:          116892 kB
Active:           369136 kB
Mem:          3.8G       3.7G       113M       5.7M        30M       3.2G

MemTotal:        4016004 kB
MemFree:          116784 kB
Active:           369128 kB
Mem:          3.8G       3.7G       113M       5.7M        30M       3.2G

MemTotal:        4016004 kB
MemFree:          116908 kB
Active:           369120 kB
Mem:          3.8G       3.7G       113M       5.7M        30M       3.2G

MemTotal:        4016004 kB
MemFree:          116784 kB
Active:           369148 kB
Mem:          3.8G       3.7G       113M       5.7M        30M       3.2G

MemTotal:        4016004 kB
MemFree:          116908 kB
Active:           369156 kB
Mem:          3.8G       3.7G       113M       5.7M        30M       3.2G

MemTotal:        4016004 kB
MemFree:          116660 kB
Active:           369120 kB
Mem:          3.8G       3.7G       113M       5.7M        30M       3.2G

MemTotal:        4016004 kB
MemFree:          116784 kB
Active:           369124 kB
Mem:          3.8G       3.7G       113M       5.7M        30M       3.2G

MemTotal:        4016004 kB
MemFree:          116784 kB
Active:           369132 kB
Mem:          3.8G       3.7G       113M       5.7M        30M       3.2G

MemTotal:        4016004 kB
MemFree:          116660 kB
Active:           369140 kB
Mem:          3.8G       3.7G       113M       5.7M        30M       3.2G

MemTotal:        4016004 kB
MemFree:          116536 kB
Active:           369136 kB
Mem:          3.8G       3.7G       113M       5.7M        30M       3.2G

MemTotal:        4016004 kB
MemFree:          116660 kB
Active:           369128 kB
Mem:          3.8G       3.7G       113M       5.7M        30M       3.2G

MemTotal:        4016004 kB
MemFree:          116908 kB
Active:           369132 kB
Mem:          3.8G       3.7G       113M       5.7M        30M       3.2G

MemTotal:        4016004 kB
MemFree:          116784 kB
Active:           369160 kB
Mem:          3.8G       3.7G       113M       5.7M        30M       3.2G

MemTotal:        4016004 kB
MemFree:          116908 kB
Active:           369148 kB
Mem:          3.8G       3.7G       113M       5.7M        30M       3.2G

MemTotal:        4016004 kB
MemFree:          117032 kB
Active:           369156 kB
Mem:          3.8G       3.7G       113M       5.7M        30M       3.2G

MemTotal:        4016004 kB
MemFree:          116908 kB
Active:           369156 kB
Mem:          3.8G       3.7G       113M       5.7M        30M       3.2G

MemTotal:        4016004 kB
MemFree:          116908 kB
Active:           369172 kB
Mem:          3.8G       3.7G       113M       5.7M        30M       3.2G

MemTotal:        4016004 kB
MemFree:          116784 kB
Active:           369184 kB
Mem:          3.8G       3.7G       113M       5.7M        30M       3.2G

MemTotal:        4016004 kB
MemFree:          116784 kB
Active:           369168 kB
Mem:          3.8G       3.7G       113M       5.7M        30M       3.2G

MemTotal:        4016004 kB
MemFree:          116784 kB
Active:           369180 kB
Mem:          3.8G       3.7G       113M       5.7M        30M       3.2G

MemTotal:        4016004 kB
MemFree:          116660 kB
Active:           369160 kB
Mem:          3.8G       3.7G       113M       5.7M        30M       3.2G

MemTotal:        4016004 kB
MemFree:          116784 kB
Active:           369148 kB
Mem:          3.8G       3.7G       113M       5.7M        30M       3.2G

MemTotal:        4016004 kB
MemFree:          116660 kB
Active:           369184 kB
Mem:          3.8G       3.7G       113M       5.7M        30M       3.2G

MemTotal:        4016004 kB
MemFree:          116784 kB
Active:           369192 kB
Mem:          3.8G       3.7G       113M       5.7M        30M       3.2G

MemTotal:        4016004 kB
MemFree:          116660 kB
Active:           369200 kB
Mem:          3.8G       3.7G       113M       5.7M        30M       3.2G

MemTotal:        4016004 kB
MemFree:          116412 kB
Active:           369208 kB
Mem:          3.8G       3.7G       113M       5.7M        30M       3.2G

MemTotal:        4016004 kB
MemFree:          116412 kB
Active:           369200 kB
Mem:          3.8G       3.7G       113M       5.7M        30M       3.2G

MemTotal:        4016004 kB
MemFree:          116536 kB
Active:           369216 kB
Mem:          3.8G       3.7G       113M       5.7M        30M       3.2G

MemTotal:        4016004 kB
MemFree:          116660 kB
Active:           369368 kB
Mem:          3.8G       3.7G       113M       5.7M        30M       3.2G

MemTotal:        4016004 kB
MemFree:          116148 kB
Active:           369292 kB
Mem:          3.8G       3.7G       113M       5.7M        30M       3.2G

MemTotal:        4016004 kB
MemFree:          115652 kB
Active:           369300 kB
Mem:          3.8G       3.7G       113M       5.7M        30M       3.2G

MemTotal:        4016004 kB
MemFree:          115900 kB
Active:           369264 kB
Mem:          3.8G       3.7G       112M       5.7M        30M       3.2G

MemTotal:        4016004 kB
MemFree:          115900 kB
Active:           369280 kB
Mem:          3.8G       3.7G       112M       5.7M        30M       3.2G

MemTotal:        4016004 kB
MemFree:          116024 kB
Active:           369268 kB
Mem:          3.8G       3.7G       112M       5.7M        30M       3.2G

MemTotal:        4016004 kB
MemFree:          115900 kB
Active:           369280 kB
Mem:          3.8G       3.7G       113M       5.7M        30M       3.2G

MemTotal:        4016004 kB
MemFree:          116148 kB
Active:           369264 kB
Mem:          3.8G       3.7G       113M       5.7M        30M       3.2G

MemTotal:        4016004 kB
MemFree:          116148 kB
Active:           369300 kB
Mem:          3.8G       3.7G       113M       5.7M        30M       3.2G

MemTotal:        4016004 kB
MemFree:          116148 kB
Active:           369296 kB
Mem:          3.8G       3.7G       113M       5.7M        30M       3.2G

MemTotal:        4016004 kB
MemFree:          116148 kB
Active:           369248 kB
Mem:          3.8G       3.7G       113M       5.7M        30M       3.2G

MemTotal:        4016004 kB
MemFree:          116148 kB
Active:           369296 kB
Mem:          3.8G       3.7G       113M       5.7M        30M       3.2G

MemTotal:        4016004 kB
MemFree:          116148 kB
Active:           369288 kB
Mem:          3.8G       3.7G       113M       5.7M        30M       3.2G

MemTotal:        4016004 kB
MemFree:          116148 kB
Active:           369296 kB
Mem:          3.8G       3.7G       113M       5.7M        30M       3.2G

MemTotal:        4016004 kB
MemFree:          116148 kB
Active:           369276 kB
Mem:          3.8G       3.7G       112M       5.7M        30M       3.2G

MemTotal:        4016004 kB
MemFree:          116148 kB
Active:           369300 kB
Mem:          3.8G       3.7G       113M       5.7M        30M       3.2G

MemTotal:        4016004 kB
MemFree:          116272 kB
Active:           369296 kB
Mem:          3.8G       3.7G       113M       5.7M        30M       3.2G

MemTotal:        4016004 kB
MemFree:          116288 kB
Active:           369280 kB
Mem:          3.8G       3.7G       113M       5.7M        30M       3.2G

MemTotal:        4016004 kB
MemFree:          116164 kB
Active:           369268 kB
Mem:          3.8G       3.7G       113M       5.7M        30M       3.2G

MemTotal:        4016004 kB
MemFree:          116164 kB
Active:           369292 kB
Mem:          3.8G       3.7G       113M       5.7M        30M       3.2G

MemTotal:        4016004 kB
MemFree:          116288 kB
Active:           369288 kB
Mem:          3.8G       3.7G       113M       5.7M        30M       3.2G

MemTotal:        4016004 kB
MemFree:          116412 kB
Active:           369260 kB
Mem:          3.8G       3.7G       113M       5.7M        30M       3.2G

MemTotal:        4016004 kB
MemFree:          116288 kB
Active:           369296 kB
Mem:          3.8G       3.7G       113M       5.7M        30M       3.2G

MemTotal:        4016004 kB
MemFree:          116288 kB
Active:           369316 kB
Mem:          3.8G       3.7G       113M       5.7M        30M       3.2G

MemTotal:        4016004 kB
MemFree:          115916 kB
Active:           369292 kB
Mem:          3.8G       3.7G       112M       5.7M        30M       3.2G

MemTotal:        4016004 kB
MemFree:          115916 kB
Active:           369300 kB
Mem:          3.8G       3.7G       112M       5.7M        30M       3.2G

MemTotal:        4016004 kB
MemFree:          115916 kB
Active:           369316 kB
Mem:          3.8G       3.7G       112M       5.7M        30M       3.2G

MemTotal:        4016004 kB
MemFree:          116040 kB
Active:           369324 kB
Mem:          3.8G       3.7G       112M       5.7M        30M       3.2G

MemTotal:        4016004 kB
MemFree:          115916 kB
Active:           369308 kB
Mem:          3.8G       3.7G       112M       5.7M        30M       3.2G

MemTotal:        4016004 kB
MemFree:          115916 kB
Active:           369308 kB
Mem:          3.8G       3.7G       112M       5.7M        30M       3.2G

MemTotal:        4016004 kB
MemFree:          115916 kB
Active:           369292 kB
Mem:          3.8G       3.7G       112M       5.7M        30M       3.2G

MemTotal:        4016004 kB
MemFree:          115916 kB
Active:           369308 kB
Mem:          3.8G       3.7G       112M       5.7M        30M       3.2G

MemTotal:        4016004 kB
MemFree:          115792 kB
Active:           369324 kB
Mem:          3.8G       3.7G       113M       5.7M        30M       3.2G

MemTotal:        4016004 kB
MemFree:          116040 kB
Active:           369316 kB
Mem:          3.8G       3.7G       113M       5.7M        30M       3.2G

MemTotal:        4016004 kB
MemFree:          116040 kB
Active:           369292 kB
Mem:          3.8G       3.7G       113M       5.7M        30M       3.2G

MemTotal:        4016004 kB
MemFree:          115652 kB
Active:           369496 kB
Mem:          3.8G       3.7G       112M       5.7M        30M       3.2G

MemTotal:        4016004 kB
MemFree:          115280 kB
Active:           369504 kB
Mem:          3.8G       3.7G       112M       5.7M        30M       3.2G

MemTotal:        4016004 kB
MemFree:          115544 kB
Active:           369420 kB
Mem:          3.8G       3.7G       112M       5.7M        30M       3.2G

MemTotal:        4016004 kB
MemFree:          115420 kB
Active:           369432 kB
Mem:          3.8G       3.7G       112M       5.7M        30M       3.2G

MemTotal:        4016004 kB
MemFree:          115792 kB
Active:           369440 kB
Mem:          3.8G       3.7G       113M       5.7M        30M       3.2G

MemTotal:        4016004 kB
MemFree:          115792 kB
Active:           369424 kB
Mem:          3.8G       3.7G       112M       5.7M        30M       3.2G

MemTotal:        4016004 kB
MemFree:          116040 kB
Active:           369448 kB
Mem:          3.8G       3.7G       113M       5.7M        30M       3.2G

MemTotal:        4016004 kB
MemFree:          116056 kB
Active:           369444 kB
Mem:          3.8G       3.7G       113M       5.7M        30M       3.2G

MemTotal:        4016004 kB
MemFree:          115932 kB
Active:           369448 kB
Mem:          3.8G       3.7G       113M       5.7M        30M       3.2G

MemTotal:        4016004 kB
MemFree:          115808 kB
Active:           369432 kB
Mem:          3.8G       3.7G       112M       5.7M        30M       3.2G

MemTotal:        4016004 kB
MemFree:          115684 kB
Active:           369444 kB
Mem:          3.8G       3.7G       112M       5.7M        30M       3.2G

MemTotal:        4016004 kB
MemFree:          115684 kB
Active:           369456 kB
Mem:          3.8G       3.7G       112M       5.7M        30M       3.2G

MemTotal:        4016004 kB
MemFree:          115684 kB
Active:           369416 kB
Mem:          3.8G       3.7G       112M       5.7M        30M       3.2G

MemTotal:        4016004 kB
MemFree:          115808 kB
Active:           369424 kB
Mem:          3.8G       3.7G       112M       5.7M        30M       3.2G

MemTotal:        4016004 kB
MemFree:          115932 kB
Active:           369460 kB
Mem:          3.8G       3.7G       112M       5.7M        30M       3.2G

MemTotal:        4016004 kB
MemFree:          115808 kB
Active:           369444 kB
Mem:          3.8G       3.7G       112M       5.7M        30M       3.2G

MemTotal:        4016004 kB
MemFree:          115684 kB
Active:           369464 kB
Mem:          3.8G       3.7G       112M       5.7M        30M       3.2G

MemTotal:        4016004 kB
MemFree:          115808 kB
Active:           369452 kB
Mem:          3.8G       3.7G       112M       5.7M        30M       3.2G

MemTotal:        4016004 kB
MemFree:          115808 kB
Active:           369468 kB
Mem:          3.8G       3.7G       112M       5.7M        30M       3.2G

MemTotal:        4016004 kB
MemFree:          115932 kB
Active:           369464 kB
Mem:          3.8G       3.7G       113M       5.7M        30M       3.2G

MemTotal:        4016004 kB
MemFree:          115684 kB
Active:           369448 kB
Mem:          3.8G       3.7G       112M       5.7M        30M       3.2G

MemTotal:        4016004 kB
MemFree:          116056 kB
Active:           369456 kB
Mem:          3.8G       3.7G       113M       5.7M        30M       3.2G

MemTotal:        4016004 kB
MemFree:          116056 kB
Active:           369484 kB
Mem:          3.8G       3.7G       113M       5.7M        30M       3.2G

MemTotal:        4016004 kB
MemFree:          116056 kB
Active:           369460 kB
Mem:          3.8G       3.7G       113M       5.7M        30M       3.2G

MemTotal:        4016004 kB
MemFree:          115932 kB
Active:           369456 kB
Mem:          3.8G       3.7G       112M       5.7M        30M       3.2G

MemTotal:        4016004 kB
MemFree:          116056 kB
Active:           369484 kB
Mem:          3.8G       3.7G       113M       5.7M        30M       3.2G

MemTotal:        4016004 kB
MemFree:          116040 kB
Active:           369472 kB
Mem:          3.8G       3.7G       113M       5.7M        30M       3.2G

MemTotal:        4016004 kB
MemFree:          115916 kB
Active:           369460 kB
Mem:          3.8G       3.7G       112M       5.7M        30M       3.2G

MemTotal:        4016004 kB
MemFree:          115900 kB
Active:           369480 kB
Mem:          3.8G       3.7G       112M       5.7M        30M       3.2G

MemTotal:        4016004 kB
MemFree:          115900 kB
Active:           369448 kB
Mem:          3.8G       3.7G       112M       5.7M        30M       3.2G

MemTotal:        4016004 kB
MemFree:          115652 kB
Active:           369484 kB
Mem:          3.8G       3.7G       112M       5.7M        30M       3.2G

MemTotal:        4016004 kB
MemFree:          115652 kB
Active:           369476 kB
Mem:          3.8G       3.7G       112M       5.7M        30M       3.2G

MemTotal:        4016004 kB
MemFree:          115652 kB
Active:           369484 kB
Mem:          3.8G       3.7G       112M       5.7M        30M       3.2G

MemTotal:        4016004 kB
MemFree:          115776 kB
Active:           369492 kB
Mem:          3.8G       3.7G       112M       5.7M        30M       3.2G

MemTotal:        4016004 kB
MemFree:          115652 kB
Active:           369480 kB
Mem:          3.8G       3.7G       112M       5.7M        30M       3.2G

MemTotal:        4016004 kB
MemFree:          115652 kB
Active:           369476 kB
Mem:          3.8G       3.7G       112M       5.7M        30M       3.2G

MemTotal:        4016004 kB
MemFree:          115776 kB
Active:           369492 kB
Mem:          3.8G       3.7G       112M       5.7M        30M       3.2G

MemTotal:        4016004 kB
MemFree:          115776 kB
Active:           369496 kB
Mem:          3.8G       3.7G       112M       5.7M        30M       3.2G

MemTotal:        4016004 kB
MemFree:          116024 kB
Active:           369504 kB
Mem:          3.8G       3.7G       113M       5.7M        30M       3.2G

MemTotal:        4016004 kB
MemFree:          116024 kB
Active:           369480 kB
Mem:          3.8G       3.7G       113M       5.7M        30M       3.2G

MemTotal:        4016004 kB
MemFree:          116148 kB
Active:           369492 kB
Mem:          3.8G       3.7G       112M       5.7M        30M       3.2G

MemTotal:        4016004 kB
MemFree:          116024 kB
Active:           369504 kB
Mem:          3.8G       3.7G       113M       5.7M        30M       3.2G

MemTotal:        4016004 kB
MemFree:          116024 kB
Active:           369500 kB
Mem:          3.8G       3.7G       113M       5.7M        30M       3.2G

MemTotal:        4016004 kB
MemFree:          116024 kB
Active:           369524 kB
Mem:          3.8G       3.7G       113M       5.7M        30M       3.2G

MemTotal:        4016004 kB
MemFree:          116024 kB
Active:           369504 kB
Mem:          3.8G       3.7G       112M       5.7M        30M       3.2G

MemTotal:        4016004 kB
MemFree:          115900 kB
Active:           369476 kB
Mem:          3.8G       3.7G       112M       5.7M        30M       3.2G

MemTotal:        4016004 kB
MemFree:          115776 kB
Active:           369520 kB
Mem:          3.8G       3.7G       112M       5.7M        30M       3.2G

MemTotal:        4016004 kB
MemFree:          115528 kB
Active:           369512 kB
Mem:          3.8G       3.7G       112M       5.7M        30M       3.2G

MemTotal:        4016004 kB
MemFree:          115528 kB
Active:           369512 kB
Mem:          3.8G       3.7G       112M       5.7M        30M       3.2G

MemTotal:        4016004 kB
MemFree:          115560 kB
Active:           369508 kB
Mem:          3.8G       3.7G       112M       5.7M        30M       3.2G

MemTotal:        4016004 kB
MemFree:          115560 kB
Active:           369496 kB
Mem:          3.8G       3.7G       112M       5.7M        30M       3.2G

MemTotal:        4016004 kB
MemFree:          115560 kB
Active:           369504 kB
Mem:          3.8G       3.7G       112M       5.7M        30M       3.2G

MemTotal:        4016004 kB
MemFree:          115560 kB
Active:           369508 kB
Mem:          3.8G       3.7G       112M       5.7M        30M       3.2G

MemTotal:        4016004 kB
MemFree:          115808 kB
Active:           369508 kB
Mem:          3.8G       3.7G       112M       5.7M        30M       3.2G

MemTotal:        4016004 kB
MemFree:          115684 kB
Active:           369520 kB
Mem:          3.8G       3.7G       112M       5.7M        30M       3.2G

MemTotal:        4016004 kB
MemFree:          115560 kB
Active:           369492 kB
Mem:          3.8G       3.7G       112M       5.7M        30M       3.2G

MemTotal:        4016004 kB
MemFree:          115808 kB
Active:           369528 kB
Mem:          3.8G       3.7G       112M       5.7M        30M       3.2G

MemTotal:        4016004 kB
MemFree:          115684 kB
Active:           369548 kB
Mem:          3.8G       3.7G       112M       5.7M        30M       3.2G

MemTotal:        4016004 kB
MemFree:          115684 kB
Active:           369516 kB
Mem:          3.8G       3.7G       112M       5.7M        30M       3.2G

MemTotal:        4016004 kB
MemFree:          115808 kB
Active:           369524 kB
Mem:          3.8G       3.7G       112M       5.7M        30M       3.2G

MemTotal:        4016004 kB
MemFree:          115560 kB
Active:           369536 kB
Mem:          3.8G       3.7G       112M       5.7M        30M       3.2G

MemTotal:        4016004 kB
MemFree:          115684 kB
Active:           369556 kB
Mem:          3.8G       3.7G       112M       5.7M        30M       3.2G

MemTotal:        4016004 kB
MemFree:          115684 kB
Active:           369556 kB
Mem:          3.8G       3.7G       112M       5.7M        30M       3.2G

MemTotal:        4016004 kB
MemFree:          115684 kB
Active:           369552 kB
Mem:          3.8G       3.7G       112M       5.7M        30M       3.2G

MemTotal:        4016004 kB
MemFree:          115684 kB
Active:           369556 kB
Mem:          3.8G       3.7G       112M       5.7M        30M       3.2G

MemTotal:        4016004 kB
MemFree:          115684 kB
Active:           369532 kB
Mem:          3.8G       3.7G       112M       5.7M        30M       3.2G

MemTotal:        4016004 kB
MemFree:          115684 kB
Active:           369552 kB
Mem:          3.8G       3.7G       112M       5.7M        30M       3.2G

MemTotal:        4016004 kB
MemFree:          115544 kB
Active:           369512 kB
Mem:          3.8G       3.7G       112M       5.7M        31M       3.2G

MemTotal:        4016004 kB
MemFree:          115668 kB
Active:           369548 kB
Mem:          3.8G       3.7G       112M       5.7M        31M       3.2G

MemTotal:        4016004 kB
MemFree:          115544 kB
Active:           369548 kB
Mem:          3.8G       3.7G       112M       5.7M        31M       3.2G

MemTotal:        4016004 kB
MemFree:          115792 kB
Active:           369548 kB
Mem:          3.8G       3.7G       112M       5.7M        31M       3.2G

MemTotal:        4016004 kB
MemFree:          115544 kB
Active:           369516 kB
Mem:          3.8G       3.7G       112M       5.7M        31M       3.2G

MemTotal:        4016004 kB
MemFree:          115668 kB
Active:           369568 kB
Mem:          3.8G       3.7G       112M       5.7M        31M       3.2G

MemTotal:        4016004 kB
MemFree:          115668 kB
Active:           369516 kB
Mem:          3.8G       3.7G       112M       5.7M        31M       3.2G

MemTotal:        4016004 kB
MemFree:          115668 kB
Active:           369528 kB
Mem:          3.8G       3.7G       112M       5.7M        31M       3.2G

MemTotal:        4016004 kB
MemFree:          115792 kB
Active:           369560 kB
Mem:          3.8G       3.7G       112M       5.7M        31M       3.2G

MemTotal:        4016004 kB
MemFree:          115544 kB
Active:           369572 kB
Mem:          3.8G       3.7G       112M       5.7M        31M       3.2G

MemTotal:        4016004 kB
MemFree:          115544 kB
Active:           369556 kB
Mem:          3.8G       3.7G       112M       5.7M        31M       3.2G

MemTotal:        4016004 kB
MemFree:          115544 kB
Active:           369576 kB
Mem:          3.8G       3.7G       112M       5.7M        31M       3.2G

MemTotal:        4016004 kB
MemFree:          115544 kB
Active:           369572 kB
Mem:          3.8G       3.7G       112M       5.7M        31M       3.2G

MemTotal:        4016004 kB
MemFree:          115544 kB
Active:           369560 kB
Mem:          3.8G       3.7G       112M       5.7M        31M       3.2G

MemTotal:        4016004 kB
MemFree:          115916 kB
Active:           369572 kB
Mem:          3.8G       3.7G       112M       5.7M        31M       3.2G

MemTotal:        4016004 kB
MemFree:          115916 kB
Active:           369564 kB
Mem:          3.8G       3.7G       112M       5.7M        31M       3.2G

MemTotal:        4016004 kB
MemFree:          115916 kB
Active:           369564 kB
Mem:          3.8G       3.7G       113M       5.7M        31M       3.2G

MemTotal:        4016004 kB
MemFree:          115792 kB
Active:           369552 kB
Mem:          3.8G       3.7G       112M       5.7M        31M       3.2G

MemTotal:        4016004 kB
MemFree:          115916 kB
Active:           369544 kB
Mem:          3.8G       3.7G       112M       5.7M        31M       3.2G

MemTotal:        4016004 kB
MemFree:          116040 kB
Active:           369560 kB
Mem:          3.8G       3.7G       113M       5.7M        31M       3.2G

MemTotal:        4016004 kB
MemFree:          115360 kB
Active:           369316 kB
Mem:          3.8G       3.7G       112M       5.7M        31M       3.2G

MemTotal:        4016004 kB
MemFree:          115236 kB
Active:           369336 kB
Mem:          3.8G       3.7G       112M       5.7M        31M       3.2G

MemTotal:        4016004 kB
MemFree:          115236 kB
Active:           369336 kB
Mem:          3.8G       3.7G       112M       5.7M        31M       3.2G

MemTotal:        4016004 kB
MemFree:          115732 kB
Active:           369348 kB
Mem:          3.8G       3.7G       112M       5.7M        31M       3.2G

MemTotal:        4016004 kB
MemFree:          115732 kB
Active:           369356 kB
Mem:          3.8G       3.7G       113M       5.7M        31M       3.2G

MemTotal:        4016004 kB
MemFree:          115732 kB
Active:           369360 kB
Mem:          3.8G       3.7G       112M       5.7M        31M       3.2G

MemTotal:        4016004 kB
MemFree:          115608 kB
Active:           369312 kB
Mem:          3.8G       3.7G       112M       5.7M        31M       3.2G

MemTotal:        4016004 kB
MemFree:          115608 kB
Active:           369340 kB
Mem:          3.8G       3.7G       112M       5.7M        31M       3.2G

MemTotal:        4016004 kB
MemFree:          115856 kB
Active:           369348 kB
Mem:          3.8G       3.7G       113M       5.7M        31M       3.2G

MemTotal:        4016004 kB
MemFree:          115856 kB
Active:           369348 kB
Mem:          3.8G       3.7G       113M       5.7M        31M       3.2G

MemTotal:        4016004 kB
MemFree:          115980 kB
Active:           369340 kB
Mem:          3.8G       3.7G       113M       5.7M        31M       3.2G

MemTotal:        4016004 kB
MemFree:          115608 kB
Active:           369348 kB
Mem:          3.8G       3.7G       112M       5.7M        31M       3.2G

MemTotal:        4016004 kB
MemFree:          115608 kB
Active:           369356 kB
Mem:          3.8G       3.7G       112M       5.7M        31M       3.2G

MemTotal:        4016004 kB
MemFree:          115608 kB
Active:           369352 kB
Mem:          3.8G       3.7G       112M       5.7M        31M       3.2G

MemTotal:        4016004 kB
MemFree:          115236 kB
Active:           369384 kB
Mem:          3.8G       3.7G       112M       5.7M        31M       3.2G

MemTotal:        4016004 kB
MemFree:          115608 kB
Active:           369364 kB
Mem:          3.8G       3.7G       112M       5.7M        31M       3.2G

MemTotal:        4016004 kB
MemFree:          115360 kB
Active:           369392 kB
Mem:          3.8G       3.7G       112M       5.7M        31M       3.2G

MemTotal:        4016004 kB
MemFree:          116104 kB
Active:           369368 kB
Mem:          3.8G       3.7G       113M       5.7M        31M       3.2G

MemTotal:        4016004 kB
MemFree:          116228 kB
Active:           369376 kB
Mem:          3.8G       3.7G       113M       5.7M        31M       3.2G

MemTotal:        4016004 kB
MemFree:          116228 kB
Active:           369340 kB
Mem:          3.8G       3.7G       113M       5.7M        31M       3.2G

MemTotal:        4016004 kB
MemFree:          116228 kB
Active:           369400 kB
Mem:          3.8G       3.7G       113M       5.7M        31M       3.2G

MemTotal:        4016004 kB
MemFree:          116228 kB
Active:           369372 kB
Mem:          3.8G       3.7G       113M       5.7M        31M       3.2G

MemTotal:        4016004 kB
MemFree:          116104 kB
Active:           369368 kB
Mem:          3.8G       3.7G       113M       5.7M        31M       3.2G

MemTotal:        4016004 kB
MemFree:          116352 kB
Active:           369352 kB
Mem:          3.8G       3.7G       113M       5.7M        31M       3.2G

MemTotal:        4016004 kB
MemFree:          116104 kB
Active:           369356 kB
Mem:          3.8G       3.7G       113M       5.7M        31M       3.2G

MemTotal:        4016004 kB
MemFree:          116104 kB
Active:           369356 kB
Mem:          3.8G       3.7G       112M       5.7M        31M       3.2G

MemTotal:        4016004 kB
MemFree:          115484 kB
Active:           369400 kB
Mem:          3.8G       3.7G       112M       5.7M        31M       3.2G

MemTotal:        4016004 kB
MemFree:          115484 kB
Active:           369396 kB
Mem:          3.8G       3.7G       112M       5.7M        31M       3.2G

MemTotal:        4016004 kB
MemFree:          115360 kB
Active:           369404 kB
