MemTotal:        4016004 kB
MemFree:         3209420 kB
Active:           455828 kB
Mem:          3.8G       788M       3.1G       5.7M        55M       326M

MemTotal:        4016004 kB
MemFree:         3208916 kB
Active:           456268 kB
Mem:          3.8G       788M       3.1G       5.7M        55M       326M

MemTotal:        4016004 kB
MemFree:         3208132 kB
Active:           456364 kB
Mem:          3.8G       788M       3.1G       5.7M        55M       326M

MemTotal:        4016004 kB
MemFree:         3208272 kB
Active:           454436 kB
Mem:          3.8G       788M       3.1G       5.7M        55M       326M

MemTotal:        4016004 kB
MemFree:         3208036 kB
Active:           456364 kB
Mem:          3.8G       789M       3.1G       5.7M        55M       326M

MemTotal:        4016004 kB
MemFree:         3207648 kB
Active:           456400 kB
Mem:          3.8G       789M       3.1G       5.7M        55M       326M

MemTotal:        4016004 kB
MemFree:         3207912 kB
Active:           456272 kB
Mem:          3.8G       789M       3.1G       5.7M        55M       326M

MemTotal:        4016004 kB
MemFree:         3207384 kB
Active:           456384 kB
Mem:          3.8G       789M       3.1G       5.7M        55M       326M

MemTotal:        4016004 kB
MemFree:         3207384 kB
Active:           456308 kB
Mem:          3.8G       789M       3.1G       5.7M        55M       326M

MemTotal:        4016004 kB
MemFree:         3207244 kB
Active:           456448 kB
Mem:          3.8G       789M       3.1G       5.7M        55M       326M

MemTotal:        4016004 kB
MemFree:         3207648 kB
Active:           456412 kB
Mem:          3.8G       789M       3.1G       5.7M        55M       326M

MemTotal:        4016004 kB
MemFree:         3207460 kB
Active:           456548 kB
Mem:          3.8G       789M       3.1G       5.7M        55M       326M

MemTotal:        4016004 kB
MemFree:         3207368 kB
Active:           456404 kB
Mem:          3.8G       789M       3.1G       5.7M        55M       326M

MemTotal:        4016004 kB
MemFree:         3205320 kB
Active:           456420 kB
Mem:          3.8G       791M       3.1G       5.7M        55M       326M

MemTotal:        4016004 kB
MemFree:         3205304 kB
Active:           456368 kB
Mem:          3.8G       791M       3.1G       5.7M        55M       326M

MemTotal:        4016004 kB
MemFree:         3205288 kB
Active:           458452 kB
Mem:          3.8G       791M       3.1G       5.7M        55M       326M

MemTotal:        4016004 kB
MemFree:         3205552 kB
Active:           458400 kB
Mem:          3.8G       791M       3.1G       5.7M        55M       326M

MemTotal:        4016004 kB
MemFree:         3205568 kB
Active:           458448 kB
Mem:          3.8G       791M       3.1G       5.7M        55M       326M

MemTotal:        4016004 kB
MemFree:         3205428 kB
Active:           458440 kB
Mem:          3.8G       791M       3.1G       5.7M        55M       326M

MemTotal:        4016004 kB
MemFree:         3205584 kB
Active:           458428 kB
Mem:          3.8G       791M       3.1G       5.7M        55M       326M

MemTotal:        4016004 kB
MemFree:         3205196 kB
Active:           458452 kB
Mem:          3.8G       791M       3.1G       5.7M        55M       326M

MemTotal:        4016004 kB
MemFree:         3205660 kB
Active:           458444 kB
Mem:          3.8G       791M       3.1G       5.7M        55M       326M

MemTotal:        4016004 kB
MemFree:         3205816 kB
Active:           458420 kB
Mem:          3.8G       791M       3.1G       5.7M        55M       326M

MemTotal:        4016004 kB
MemFree:         3205444 kB
Active:           458460 kB
Mem:          3.8G       791M       3.1G       5.7M        55M       326M

MemTotal:        4016004 kB
MemFree:         3205444 kB
Active:           458412 kB
Mem:          3.8G       791M       3.1G       5.7M        55M       326M

MemTotal:        4016004 kB
MemFree:         3205584 kB
Active:           458420 kB
Mem:          3.8G       791M       3.1G       5.7M        55M       326M

MemTotal:        4016004 kB
MemFree:         3205212 kB
Active:           458460 kB
Mem:          3.8G       791M       3.1G       5.7M        55M       326M

MemTotal:        4016004 kB
MemFree:         3205660 kB
Active:           458444 kB
Mem:          3.8G       791M       3.1G       5.7M        55M       326M

MemTotal:        4016004 kB
MemFree:         3205660 kB
Active:           458320 kB
Mem:          3.8G       791M       3.1G       5.7M        55M       326M

MemTotal:        4016004 kB
MemFree:         3206032 kB
Active:           458440 kB
Mem:          3.8G       791M       3.1G       5.7M        55M       326M

MemTotal:        4016004 kB
MemFree:         3205304 kB
Active:           458572 kB
Mem:          3.8G       791M       3.1G       5.7M        55M       326M

MemTotal:        4016004 kB
MemFree:         3205832 kB
Active:           458436 kB
Mem:          3.8G       791M       3.1G       5.7M        55M       326M

MemTotal:        4016004 kB
MemFree:         3205956 kB
Active:           458452 kB
Mem:          3.8G       791M       3.1G       5.7M        55M       326M

MemTotal:        4016004 kB
MemFree:         3205692 kB
Active:           458428 kB
Mem:          3.8G       791M       3.1G       5.7M        55M       326M

MemTotal:        4016004 kB
MemFree:         3205304 kB
Active:           458472 kB
Mem:          3.8G       791M       3.1G       5.7M        55M       326M

MemTotal:        4016004 kB
MemFree:         3205412 kB
Active:           458436 kB
Mem:          3.8G       791M       3.1G       5.7M        55M       326M

MemTotal:        4016004 kB
MemFree:         3205272 kB
Active:           458428 kB
Mem:          3.8G       791M       3.1G       5.7M        55M       326M

MemTotal:        4016004 kB
MemFree:         3204760 kB
Active:           458484 kB
Mem:          3.8G       791M       3.1G       5.7M        55M       326M

MemTotal:        4016004 kB
MemFree:         3205116 kB
Active:           458456 kB
Mem:          3.8G       792M       3.1G       5.7M        55M       326M

MemTotal:        4016004 kB
MemFree:         3205224 kB
Active:           458456 kB
Mem:          3.8G       791M       3.1G       5.7M        55M       326M

MemTotal:        4016004 kB
MemFree:         3205472 kB
Active:           458472 kB
Mem:          3.8G       791M       3.1G       5.7M        55M       326M

MemTotal:        4016004 kB
MemFree:         3205084 kB
Active:           458464 kB
Mem:          3.8G       791M       3.1G       5.7M        55M       326M

MemTotal:        4016004 kB
MemFree:         3204960 kB
Active:           458456 kB
Mem:          3.8G       792M       3.1G       5.7M        55M       326M

MemTotal:        4016004 kB
MemFree:         3203020 kB
Active:           458432 kB
Mem:          3.8G       793M       3.1G       5.7M        55M       326M

MemTotal:        4016004 kB
MemFree:         3202772 kB
Active:           460532 kB
Mem:          3.8G       793M       3.1G       5.7M        55M       326M

MemTotal:        4016004 kB
MemFree:         3203268 kB
Active:           460528 kB
Mem:          3.8G       793M       3.1G       5.7M        55M       326M

MemTotal:        4016004 kB
MemFree:         3203252 kB
Active:           460508 kB
Mem:          3.8G       794M       3.1G       5.7M        55M       326M

MemTotal:        4016004 kB
MemFree:         3203128 kB
Active:           460492 kB
Mem:          3.8G       793M       3.1G       5.7M        55M       326M

MemTotal:        4016004 kB
MemFree:         3202572 kB
Active:           460544 kB
Mem:          3.8G       793M       3.1G       5.7M        55M       326M

MemTotal:        4016004 kB
MemFree:         3203316 kB
Active:           460544 kB
Mem:          3.8G       793M       3.1G       5.7M        55M       326M

MemTotal:        4016004 kB
MemFree:         3203192 kB
Active:           460520 kB
Mem:          3.8G       793M       3.1G       5.7M        55M       326M

MemTotal:        4016004 kB
MemFree:         3203316 kB
Active:           460552 kB
Mem:          3.8G       793M       3.1G       5.7M        55M       326M

MemTotal:        4016004 kB
MemFree:         3203440 kB
Active:           460536 kB
Mem:          3.8G       793M       3.1G       5.7M        55M       326M

MemTotal:        4016004 kB
MemFree:         3203068 kB
Active:           460528 kB
Mem:          3.8G       793M       3.1G       5.7M        55M       326M

MemTotal:        4016004 kB
MemFree:         3203068 kB
Active:           460568 kB
Mem:          3.8G       793M       3.1G       5.7M        55M       326M

MemTotal:        4016004 kB
MemFree:         3202944 kB
Active:           460568 kB
Mem:          3.8G       793M       3.1G       5.7M        55M       326M

MemTotal:        4016004 kB
MemFree:         3203068 kB
Active:           460572 kB
Mem:          3.8G       793M       3.1G       5.7M        55M       326M

MemTotal:        4016004 kB
MemFree:         3203440 kB
Active:           460572 kB
Mem:          3.8G       793M       3.1G       5.7M        55M       326M

MemTotal:        4016004 kB
MemFree:         3203564 kB
Active:           460568 kB
Mem:          3.8G       793M       3.1G       5.7M        55M       326M

MemTotal:        4016004 kB
MemFree:         3203192 kB
Active:           460580 kB
Mem:          3.8G       793M       3.1G       5.7M        55M       326M

MemTotal:        4016004 kB
MemFree:         3203144 kB
Active:           460576 kB
Mem:          3.8G       793M       3.1G       5.7M        55M       326M

MemTotal:        4016004 kB
MemFree:         3087412 kB
Active:           461064 kB
Mem:          3.8G       907M       2.9G       5.7M        55M       439M

MemTotal:        4016004 kB
MemFree:         2975060 kB
Active:           461128 kB
Mem:          3.8G       1.0G       2.8G       5.7M        55M       547M

MemTotal:        4016004 kB
MemFree:         2854880 kB
Active:           461132 kB
Mem:          3.8G       1.1G       2.7G       5.7M        55M       663M

MemTotal:        4016004 kB
MemFree:         2850720 kB
Active:           461144 kB
Mem:          3.8G       1.1G       2.7G       5.7M        55M       666M

MemTotal:        4016004 kB
MemFree:         2759588 kB
Active:           461152 kB
Mem:          3.8G       1.2G       2.6G       5.7M        55M       753M

MemTotal:        4016004 kB
MemFree:         2758336 kB
Active:           461164 kB
Mem:          3.8G       1.2G       2.6G       5.7M        55M       754M

MemTotal:        4016004 kB
MemFree:         2756800 kB
Active:           461168 kB
Mem:          3.8G       1.2G       2.6G       5.7M        55M       755M

MemTotal:        4016004 kB
MemFree:         2755160 kB
Active:           461168 kB
Mem:          3.8G       1.2G       2.6G       5.7M        55M       757M

MemTotal:        4016004 kB
MemFree:         2753396 kB
Active:           461168 kB
Mem:          3.8G       1.2G       2.6G       5.7M        55M       758M

MemTotal:        4016004 kB
MemFree:         2708772 kB
Active:           461172 kB
Mem:          3.8G       1.2G       2.6G       5.7M        55M       802M

MemTotal:        4016004 kB
MemFree:         2603892 kB
Active:           461168 kB
Mem:          3.8G       1.3G       2.5G       5.7M        55M       903M

MemTotal:        4016004 kB
MemFree:         2472024 kB
Active:           461172 kB
Mem:          3.8G       1.5G       2.4G       5.7M        55M       1.0G

MemTotal:        4016004 kB
MemFree:         2405228 kB
Active:           459144 kB
Mem:          3.8G       1.5G       2.3G       5.7M        55M       1.1G

MemTotal:        4016004 kB
MemFree:         2339396 kB
Active:           461192 kB
Mem:          3.8G       1.6G       2.2G       5.7M        55M       1.1G

MemTotal:        4016004 kB
MemFree:         2315740 kB
Active:           461192 kB
Mem:          3.8G       1.6G       2.2G       5.7M        55M       1.2G

MemTotal:        4016004 kB
MemFree:         2244424 kB
Active:           461192 kB
Mem:          3.8G       1.7G       2.1G       5.7M        55M       1.2G

MemTotal:        4016004 kB
MemFree:         2225960 kB
Active:           461192 kB
Mem:          3.8G       1.7G       2.1G       5.7M        55M       1.2G

MemTotal:        4016004 kB
MemFree:         2188188 kB
Active:           461208 kB
Mem:          3.8G       1.7G       2.1G       5.7M        55M       1.3G

MemTotal:        4016004 kB
MemFree:         2131856 kB
Active:           461212 kB
Mem:          3.8G       1.8G       2.0G       5.7M        55M       1.3G

MemTotal:        4016004 kB
MemFree:         2129608 kB
Active:           461224 kB
Mem:          3.8G       1.8G       2.0G       5.7M        55M       1.3G

MemTotal:        4016004 kB
MemFree:         2128384 kB
Active:           461204 kB
Mem:          3.8G       1.8G       2.0G       5.7M        55M       1.3G

MemTotal:        4016004 kB
MemFree:         2127392 kB
Active:           461236 kB
Mem:          3.8G       1.8G       2.0G       5.7M        55M       1.3G

MemTotal:        4016004 kB
MemFree:         2066516 kB
Active:           461244 kB
Mem:          3.8G       1.9G       2.0G       5.7M        55M       1.4G

MemTotal:        4016004 kB
MemFree:         1957032 kB
Active:           461212 kB
Mem:          3.8G       2.0G       1.9G       5.7M        55M       1.5G

MemTotal:        4016004 kB
MemFree:         1819336 kB
Active:           461248 kB
Mem:          3.8G       2.1G       1.7G       5.7M        55M       1.6G

MemTotal:        4016004 kB
MemFree:         1780956 kB
Active:           461252 kB
Mem:          3.8G       2.1G       1.7G       5.7M        55M       1.7G

MemTotal:        4016004 kB
MemFree:         1749148 kB
Active:           461252 kB
Mem:          3.8G       2.2G       1.7G       5.7M        55M       1.7G

MemTotal:        4016004 kB
MemFree:         1689684 kB
Active:           461272 kB
Mem:          3.8G       2.2G       1.6G       5.7M        55M       1.7G

MemTotal:        4016004 kB
MemFree:         1647368 kB
Active:           461272 kB
Mem:          3.8G       2.3G       1.6G       5.7M        55M       1.8G

MemTotal:        4016004 kB
MemFree:         1598496 kB
Active:           461272 kB
Mem:          3.8G       2.3G       1.5G       5.7M        55M       1.8G

MemTotal:        4016004 kB
MemFree:         1598312 kB
Active:           461276 kB
Mem:          3.8G       2.3G       1.5G       5.7M        55M       1.8G

MemTotal:        4016004 kB
MemFree:         1597072 kB
Active:           461296 kB
Mem:          3.8G       2.3G       1.5G       5.7M        55M       1.8G

MemTotal:        4016004 kB
MemFree:         1595360 kB
Active:           459304 kB
Mem:          3.8G       2.3G       1.5G       5.7M        55M       1.8G

MemTotal:        4016004 kB
MemFree:         1595740 kB
Active:           461356 kB
Mem:          3.8G       2.3G       1.5G       5.7M        55M       1.8G

MemTotal:        4016004 kB
MemFree:         1488520 kB
Active:           461356 kB
Mem:          3.8G       2.4G       1.4G       5.7M        55M       1.9G

MemTotal:        4016004 kB
MemFree:         1384492 kB
Active:           461332 kB
Mem:          3.8G       2.5G       1.3G       5.7M        55M       2.0G

MemTotal:        4016004 kB
MemFree:         1252516 kB
Active:           461360 kB
Mem:          3.8G       2.6G       1.2G       5.7M        55M       2.2G

MemTotal:        4016004 kB
MemFree:         1247524 kB
Active:           461368 kB
Mem:          3.8G       2.6G       1.2G       5.7M        55M       2.2G

MemTotal:        4016004 kB
MemFree:         1158300 kB
Active:           461372 kB
Mem:          3.8G       2.7G       1.1G       5.7M        55M       2.2G

MemTotal:        4016004 kB
MemFree:         1155624 kB
Active:           461392 kB
Mem:          3.8G       2.7G       1.1G       5.7M        55M       2.2G

MemTotal:        4016004 kB
MemFree:         1065648 kB
Active:           461392 kB
Mem:          3.8G       2.8G       1.0G       5.7M        55M       2.3G

MemTotal:        4016004 kB
MemFree:         1058816 kB
Active:           461392 kB
Mem:          3.8G       2.8G       1.0G       5.7M        55M       2.3G

MemTotal:        4016004 kB
MemFree:          974232 kB
Active:           461420 kB
Mem:          3.8G       2.9G       950M       5.7M        55M       2.4G

MemTotal:        4016004 kB
MemFree:          973364 kB
Active:           461436 kB
Mem:          3.8G       2.9G       950M       5.7M        55M       2.4G

MemTotal:        4016004 kB
MemFree:          971652 kB
Active:           461444 kB
Mem:          3.8G       2.9G       948M       5.7M        55M       2.4G

MemTotal:        4016004 kB
MemFree:          970536 kB
Active:           461444 kB
Mem:          3.8G       2.9G       947M       5.7M        55M       2.4G

MemTotal:        4016004 kB
MemFree:          960000 kB
Active:           461444 kB
Mem:          3.8G       2.9G       937M       5.7M        55M       2.4G

MemTotal:        4016004 kB
MemFree:          851632 kB
Active:           461448 kB
Mem:          3.8G       3.0G       831M       5.7M        55M       2.5G

MemTotal:        4016004 kB
MemFree:          752828 kB
Active:           461432 kB
Mem:          3.8G       3.1G       734M       5.7M        55M       2.6G

MemTotal:        4016004 kB
MemFree:          625952 kB
Active:           461456 kB
Mem:          3.8G       3.2G       610M       5.7M        55M       2.7G

MemTotal:        4016004 kB
MemFree:          581608 kB
Active:           461468 kB
Mem:          3.8G       3.3G       567M       5.7M        55M       2.8G

MemTotal:        4016004 kB
MemFree:          519740 kB
Active:           461472 kB
Mem:          3.8G       3.3G       507M       5.7M        55M       2.8G

MemTotal:        4016004 kB
MemFree:          518348 kB
Active:           461472 kB
Mem:          3.8G       3.3G       506M       5.7M        55M       2.8G

MemTotal:        4016004 kB
MemFree:          445620 kB
Active:           461476 kB
Mem:          3.8G       3.4G       434M       5.7M        55M       2.9G

MemTotal:        4016004 kB
MemFree:          415984 kB
Active:           461484 kB
Mem:          3.8G       3.4G       405M       5.7M        55M       2.9G

MemTotal:        4016004 kB
MemFree:          362396 kB
Active:           461484 kB
Mem:          3.8G       3.5G       353M       5.7M        55M       3.0G

MemTotal:        4016004 kB
MemFree:          359244 kB
Active:           461496 kB
Mem:          3.8G       3.5G       350M       5.7M        55M       3.0G

MemTotal:        4016004 kB
MemFree:          357680 kB
Active:           461508 kB
Mem:          3.8G       3.5G       349M       5.7M        55M       3.0G

MemTotal:        4016004 kB
MemFree:          356476 kB
Active:           461508 kB
Mem:          3.8G       3.5G       347M       5.7M        55M       3.0G

MemTotal:        4016004 kB
MemFree:          345708 kB
Active:           461484 kB
Mem:          3.8G       3.5G       336M       5.7M        55M       3.0G

MemTotal:        4016004 kB
MemFree:          228008 kB
Active:           461524 kB
Mem:          3.8G       3.6G       222M       5.7M        55M       3.1G

MemTotal:        4016004 kB
MemFree:          105456 kB
Active:           461524 kB
Mem:          3.8G       3.7G       102M       5.7M        55M       3.2G

MemTotal:        4016004 kB
MemFree:          130400 kB
Active:           516620 kB
Mem:          3.8G       3.7G       125M       5.7M        22M       3.2G

MemTotal:        4016004 kB
MemFree:          126488 kB
Active:           510908 kB
Mem:          3.8G       3.7G       123M       5.7M        22M       3.2G

MemTotal:        4016004 kB
MemFree:          126868 kB
Active:           510428 kB
Mem:          3.8G       3.7G       123M       5.7M        22M       3.2G

MemTotal:        4016004 kB
MemFree:          121240 kB
Active:           498056 kB
Mem:          3.8G       3.7G       118M       5.7M        22M       3.2G

MemTotal:        4016004 kB
MemFree:          120620 kB
Active:           498060 kB
Mem:          3.8G       3.7G       117M       5.7M        22M       3.2G

MemTotal:        4016004 kB
MemFree:          120652 kB
Active:           498028 kB
Mem:          3.8G       3.7G       117M       5.7M        22M       3.2G

MemTotal:        4016004 kB
MemFree:          120596 kB
Active:           498072 kB
Mem:          3.8G       3.7G       117M       5.7M        22M       3.2G

MemTotal:        4016004 kB
MemFree:          118888 kB
Active:           498076 kB
Mem:          3.8G       3.7G       116M       5.7M        22M       3.2G

MemTotal:        4016004 kB
MemFree:          129220 kB
Active:           481588 kB
Mem:          3.8G       3.7G       126M       5.7M        22M       3.2G

MemTotal:        4016004 kB
MemFree:          119532 kB
Active:           467276 kB
Mem:          3.8G       3.7G       116M       5.7M        22M       3.2G

MemTotal:        4016004 kB
MemFree:          136068 kB
Active:           464212 kB
Mem:          3.8G       3.7G       132M       5.7M        22M       3.2G

MemTotal:        4016004 kB
MemFree:          118260 kB
Active:           463064 kB
Mem:          3.8G       3.7G       115M       5.7M        22M       3.2G

MemTotal:        4016004 kB
MemFree:          110500 kB
Active:           462940 kB
Mem:          3.8G       3.7G       107M       5.7M        22M       3.3G

MemTotal:        4016004 kB
MemFree:          133864 kB
Active:           458064 kB
Mem:          3.8G       3.7G       130M       5.7M        22M       3.2G

MemTotal:        4016004 kB
MemFree:          134580 kB
Active:           456788 kB
Mem:          3.8G       3.7G       131M       5.7M        22M       3.2G

MemTotal:        4016004 kB
MemFree:          158312 kB
Active:           454756 kB
Mem:          3.8G       3.7G       154M       5.7M        22M       3.2G

MemTotal:        4016004 kB
MemFree:          116572 kB
Active:           454244 kB
Mem:          3.8G       3.7G       113M       5.7M        22M       3.3G

MemTotal:        4016004 kB
MemFree:          137764 kB
Active:           453100 kB
Mem:          3.8G       3.7G       134M       5.7M        22M       3.2G

MemTotal:        4016004 kB
MemFree:          137104 kB
Active:           453080 kB
Mem:          3.8G       3.7G       133M       5.7M        22M       3.2G

MemTotal:        4016004 kB
MemFree:          135712 kB
Active:           453108 kB
Mem:          3.8G       3.7G       132M       5.7M        22M       3.2G

MemTotal:        4016004 kB
MemFree:          134508 kB
Active:           453108 kB
Mem:          3.8G       3.7G       131M       5.7M        22M       3.2G

MemTotal:        4016004 kB
MemFree:          131132 kB
Active:           451324 kB
Mem:          3.8G       3.7G       127M       5.7M        22M       3.2G

MemTotal:        4016004 kB
MemFree:          127268 kB
Active:           444968 kB
Mem:          3.8G       3.7G       124M       5.7M        22M       3.2G

MemTotal:        4016004 kB
MemFree:          142892 kB
Active:           439720 kB
Mem:          3.8G       3.7G       139M       5.7M        22M       3.2G

MemTotal:        4016004 kB
MemFree:          131508 kB
Active:           439080 kB
Mem:          3.8G       3.7G       128M       5.7M        22M       3.2G

MemTotal:        4016004 kB
MemFree:          110440 kB
Active:           437424 kB
Mem:          3.8G       3.7G       107M       5.7M        22M       3.3G

MemTotal:        4016004 kB
MemFree:          125420 kB
Active:           434240 kB
Mem:          3.8G       3.7G       121M       5.7M        22M       3.2G

MemTotal:        4016004 kB
MemFree:          124472 kB
Active:           434204 kB
Mem:          3.8G       3.7G       121M       5.7M        22M       3.2G

MemTotal:        4016004 kB
MemFree:          115772 kB
Active:           433704 kB
Mem:          3.8G       3.7G       112M       5.7M        22M       3.3G

MemTotal:        4016004 kB
MemFree:          133772 kB
Active:           432432 kB
Mem:          3.8G       3.7G       130M       5.7M        22M       3.2G

MemTotal:        4016004 kB
MemFree:          132532 kB
Active:           432440 kB
Mem:          3.8G       3.7G       129M       5.7M        22M       3.2G

MemTotal:        4016004 kB
MemFree:          131388 kB
Active:           432448 kB
Mem:          3.8G       3.7G       128M       5.7M        22M       3.2G

MemTotal:        4016004 kB
MemFree:          129380 kB
Active:           432744 kB
Mem:          3.8G       3.7G       126M       5.7M        22M       3.2G

MemTotal:        4016004 kB
MemFree:          130908 kB
Active:           428616 kB
Mem:          3.8G       3.7G       127M       5.7M        22M       3.2G

MemTotal:        4016004 kB
MemFree:          145992 kB
Active:           423368 kB
Mem:          3.8G       3.7G       142M       5.7M        22M       3.2G

MemTotal:        4016004 kB
MemFree:          143668 kB
Active:           420432 kB
Mem:          3.8G       3.7G       140M       5.7M        22M       3.2G

MemTotal:        4016004 kB
MemFree:          136508 kB
Active:           418588 kB
Mem:          3.8G       3.7G       133M       5.7M        22M       3.2G

MemTotal:        4016004 kB
MemFree:          136024 kB
Active:           418600 kB
Mem:          3.8G       3.7G       132M       5.7M        22M       3.2G

MemTotal:        4016004 kB
MemFree:          130692 kB
Active:           416860 kB
Mem:          3.8G       3.7G       127M       5.7M        22M       3.2G

MemTotal:        4016004 kB
MemFree:          113256 kB
Active:           415580 kB
Mem:          3.8G       3.7G       110M       5.7M        22M       3.3G

MemTotal:        4016004 kB
MemFree:          110300 kB
Active:           415592 kB
Mem:          3.8G       3.7G       107M       5.7M        22M       3.3G

MemTotal:        4016004 kB
MemFree:          108828 kB
Active:           415580 kB
Mem:          3.8G       3.7G       106M       5.7M        22M       3.3G

MemTotal:        4016004 kB
MemFree:          108608 kB
Active:           415580 kB
Mem:          3.8G       3.7G       105M       5.7M        22M       3.3G

MemTotal:        4016004 kB
MemFree:          107092 kB
Active:           415612 kB
Mem:          3.8G       3.7G       104M       5.7M        22M       3.3G

MemTotal:        4016004 kB
MemFree:          125516 kB
Active:           413256 kB
Mem:          3.8G       3.7G       122M       5.7M        22M       3.2G

MemTotal:        4016004 kB
MemFree:          129448 kB
Active:           408196 kB
Mem:          3.8G       3.7G       126M       5.7M        22M       3.2G

MemTotal:        4016004 kB
MemFree:          132468 kB
Active:           403076 kB
Mem:          3.8G       3.7G       129M       5.7M        22M       3.2G

MemTotal:        4016004 kB
MemFree:          125952 kB
Active:           401360 kB
Mem:          3.8G       3.7G       122M       5.7M        22M       3.2G

MemTotal:        4016004 kB
MemFree:          136208 kB
Active:           400284 kB
Mem:          3.8G       3.7G       133M       5.7M        22M       3.2G

MemTotal:        4016004 kB
MemFree:          131092 kB
Active:           398332 kB
Mem:          3.8G       3.7G       127M       5.7M        22M       3.2G

MemTotal:        4016004 kB
MemFree:          122772 kB
Active:           397856 kB
Mem:          3.8G       3.7G       119M       5.7M        22M       3.2G

MemTotal:        4016004 kB
MemFree:          125680 kB
Active:           396584 kB
Mem:          3.8G       3.7G       122M       5.7M        22M       3.2G

MemTotal:        4016004 kB
MemFree:          123144 kB
Active:           396540 kB
Mem:          3.8G       3.7G       120M       5.7M        22M       3.2G

MemTotal:        4016004 kB
MemFree:          121956 kB
Active:           396572 kB
Mem:          3.8G       3.7G       118M       5.7M        22M       3.2G

MemTotal:        4016004 kB
MemFree:          120692 kB
Active:           396568 kB
Mem:          3.8G       3.7G       117M       5.7M        22M       3.2G

MemTotal:        4016004 kB
MemFree:          108204 kB
Active:           396596 kB
Mem:          3.8G       3.7G       105M       5.7M        22M       3.3G

MemTotal:        4016004 kB
MemFree:          138248 kB
Active:           392512 kB
Mem:          3.8G       3.7G       134M       5.7M        22M       3.2G

MemTotal:        4016004 kB
MemFree:          127560 kB
Active:           394052 kB
Mem:          3.8G       3.7G       123M       5.7M        22M       3.2G

MemTotal:        4016004 kB
MemFree:          142120 kB
Active:           391468 kB
Mem:          3.8G       3.7G       138M       5.7M        22M       3.2G

MemTotal:        4016004 kB
MemFree:          108488 kB
Active:           391244 kB
Mem:          3.8G       3.7G       105M       5.7M        22M       3.3G

MemTotal:        4016004 kB
MemFree:          148624 kB
Active:           391116 kB
Mem:          3.8G       3.7G       145M       5.7M        22M       3.2G

MemTotal:        4016004 kB
MemFree:          141380 kB
Active:           391012 kB
Mem:          3.8G       3.7G       137M       5.7M        22M       3.2G

MemTotal:        4016004 kB
MemFree:          137484 kB
Active:           390992 kB
Mem:          3.8G       3.7G       134M       5.7M        22M       3.2G

MemTotal:        4016004 kB
MemFree:          136544 kB
Active:           390984 kB
Mem:          3.8G       3.7G       133M       5.7M        22M       3.2G

MemTotal:        4016004 kB
MemFree:          135460 kB
Active:           390992 kB
Mem:          3.8G       3.7G       131M       5.7M        22M       3.2G

MemTotal:        4016004 kB
MemFree:          134532 kB
Active:           391000 kB
Mem:          3.8G       3.7G       131M       5.7M        22M       3.2G

MemTotal:        4016004 kB
MemFree:          133900 kB
Active:           391008 kB
Mem:          3.8G       3.7G       130M       5.7M        22M       3.2G

MemTotal:        4016004 kB
MemFree:          132560 kB
Active:           388820 kB
Mem:          3.8G       3.7G       129M       5.7M        22M       3.2G

MemTotal:        4016004 kB
MemFree:          124136 kB
Active:           388708 kB
Mem:          3.8G       3.7G       120M       5.7M        22M       3.2G

MemTotal:        4016004 kB
MemFree:          106404 kB
Active:           388608 kB
Mem:          3.8G       3.7G       103M       5.7M        22M       3.3G

MemTotal:        4016004 kB
MemFree:          131664 kB
Active:           388608 kB
Mem:          3.8G       3.7G       128M       5.7M        22M       3.2G

MemTotal:        4016004 kB
MemFree:          116000 kB
Active:           388600 kB
Mem:          3.8G       3.7G       113M       5.7M        22M       3.2G

MemTotal:        4016004 kB
MemFree:          131172 kB
Active:           388604 kB
Mem:          3.8G       3.7G       127M       5.7M        22M       3.2G

MemTotal:        4016004 kB
MemFree:          132036 kB
Active:           388420 kB
Mem:          3.8G       3.7G       128M       5.7M        22M       3.2G

MemTotal:        4016004 kB
MemFree:          138672 kB
Active:           388428 kB
Mem:          3.8G       3.7G       135M       5.7M        22M       3.2G

MemTotal:        4016004 kB
MemFree:          139700 kB
Active:           388376 kB
Mem:          3.8G       3.7G       136M       5.7M        22M       3.2G

MemTotal:        4016004 kB
MemFree:          139132 kB
Active:           388392 kB
Mem:          3.8G       3.7G       135M       5.7M        22M       3.2G

MemTotal:        4016004 kB
MemFree:          136188 kB
Active:           388412 kB
Mem:          3.8G       3.7G       132M       5.7M        22M       3.2G

MemTotal:        4016004 kB
MemFree:          134264 kB
Active:           390424 kB
Mem:          3.8G       3.7G       130M       5.7M        22M       3.2G

MemTotal:        4016004 kB
MemFree:          107060 kB
Active:           390428 kB
Mem:          3.8G       3.7G       104M       5.7M        22M       3.3G

MemTotal:        4016004 kB
MemFree:          118844 kB
Active:           390484 kB
Mem:          3.8G       3.7G       116M       5.7M        22M       3.2G

MemTotal:        4016004 kB
MemFree:          135496 kB
Active:           385668 kB
Mem:          3.8G       3.7G       132M       5.7M        22M       3.2G

MemTotal:        4016004 kB
MemFree:          139780 kB
Active:           385672 kB
Mem:          3.8G       3.7G       136M       5.7M        22M       3.2G

MemTotal:        4016004 kB
MemFree:          124312 kB
Active:           385640 kB
Mem:          3.8G       3.7G       121M       5.7M        22M       3.2G

MemTotal:        4016004 kB
MemFree:          134048 kB
Active:           385684 kB
Mem:          3.8G       3.7G       130M       5.7M        22M       3.2G

MemTotal:        4016004 kB
MemFree:          113796 kB
Active:           385656 kB
Mem:          3.8G       3.7G       110M       5.7M        22M       3.2G

MemTotal:        4016004 kB
MemFree:          109744 kB
Active:           383492 kB
Mem:          3.8G       3.7G       106M       5.7M        22M       3.2G

MemTotal:        4016004 kB
MemFree:          136616 kB
Active:           383368 kB
Mem:          3.8G       3.7G       133M       5.7M        22M       3.2G

MemTotal:        4016004 kB
MemFree:          132140 kB
Active:           383364 kB
Mem:          3.8G       3.7G       128M       5.7M        22M       3.2G

MemTotal:        4016004 kB
MemFree:          131812 kB
Active:           383328 kB
Mem:          3.8G       3.7G       128M       5.7M        22M       3.2G

MemTotal:        4016004 kB
MemFree:          131412 kB
Active:           383384 kB
Mem:          3.8G       3.7G       128M       5.7M        22M       3.2G

MemTotal:        4016004 kB
MemFree:          129044 kB
Active:           383356 kB
Mem:          3.8G       3.7G       125M       5.7M        22M       3.2G

MemTotal:        4016004 kB
MemFree:          124592 kB
Active:           383340 kB
Mem:          3.8G       3.7G       120M       5.7M        22M       3.2G

MemTotal:        4016004 kB
MemFree:          135116 kB
Active:           382512 kB
Mem:          3.8G       3.7G       131M       5.7M        22M       3.2G

MemTotal:        4016004 kB
MemFree:          133204 kB
Active:           382468 kB
Mem:          3.8G       3.7G       129M       5.7M        22M       3.2G

MemTotal:        4016004 kB
MemFree:          151220 kB
Active:           382472 kB
Mem:          3.8G       3.7G       147M       5.7M        22M       3.2G

MemTotal:        4016004 kB
MemFree:          105352 kB
Active:           382424 kB
Mem:          3.8G       3.7G       102M       5.7M        22M       3.3G

MemTotal:        4016004 kB
MemFree:          138532 kB
Active:           382244 kB
Mem:          3.8G       3.7G       134M       5.7M        22M       3.2G

MemTotal:        4016004 kB
MemFree:          126840 kB
Active:           381856 kB
Mem:          3.8G       3.7G       123M       5.7M        22M       3.2G

MemTotal:        4016004 kB
MemFree:          131764 kB
Active:           381836 kB
Mem:          3.8G       3.7G       128M       5.7M        22M       3.2G

MemTotal:        4016004 kB
MemFree:          149248 kB
Active:           380280 kB
Mem:          3.8G       3.7G       145M       5.7M        22M       3.2G

MemTotal:        4016004 kB
MemFree:          148192 kB
Active:           380168 kB
Mem:          3.8G       3.7G       144M       5.7M        22M       3.2G

MemTotal:        4016004 kB
MemFree:          147244 kB
Active:           380212 kB
Mem:          3.8G       3.7G       143M       5.7M        22M       3.2G

MemTotal:        4016004 kB
MemFree:          146780 kB
Active:           380192 kB
Mem:          3.8G       3.7G       142M       5.7M        22M       3.2G

MemTotal:        4016004 kB
MemFree:          145464 kB
Active:           380192 kB
Mem:          3.8G       3.7G       141M       5.7M        22M       3.2G

MemTotal:        4016004 kB
MemFree:          124796 kB
Active:           380212 kB
Mem:          3.8G       3.7G       121M       5.7M        22M       3.2G

MemTotal:        4016004 kB
MemFree:          128960 kB
Active:           380216 kB
Mem:          3.8G       3.7G       125M       5.7M        22M       3.2G

MemTotal:        4016004 kB
MemFree:          128628 kB
Active:           370508 kB
Mem:          3.8G       3.7G       125M       5.7M        22M       3.2G

MemTotal:        4016004 kB
MemFree:          119716 kB
Active:           370424 kB
Mem:          3.8G       3.7G       116M       5.7M        22M       3.2G

MemTotal:        4016004 kB
MemFree:          140128 kB
Active:           370424 kB
Mem:          3.8G       3.7G       136M       5.7M        22M       3.2G

MemTotal:        4016004 kB
MemFree:          149680 kB
Active:           370424 kB
Mem:          3.8G       3.7G       145M       5.7M        22M       3.2G

MemTotal:        4016004 kB
MemFree:          148376 kB
Active:           370496 kB
Mem:          3.8G       3.7G       144M       5.7M        22M       3.2G

MemTotal:        4016004 kB
MemFree:          148172 kB
Active:           370480 kB
Mem:          3.8G       3.7G       144M       5.7M        22M       3.2G

MemTotal:        4016004 kB
MemFree:          147584 kB
Active:           370720 kB
Mem:          3.8G       3.7G       144M       5.7M        22M       3.2G

MemTotal:        4016004 kB
MemFree:          120316 kB
Active:           370700 kB
Mem:          3.8G       3.7G       117M       5.7M        22M       3.2G

MemTotal:        4016004 kB
MemFree:          119572 kB
Active:           370716 kB
Mem:          3.8G       3.7G       116M       5.7M        22M       3.2G

MemTotal:        4016004 kB
MemFree:          119856 kB
Active:           370720 kB
Mem:          3.8G       3.7G       117M       5.7M        22M       3.2G

MemTotal:        4016004 kB
MemFree:          117784 kB
Active:           370804 kB
Mem:          3.8G       3.7G       115M       5.7M        22M       3.2G

MemTotal:        4016004 kB
MemFree:          116808 kB
Active:           370892 kB
Mem:          3.8G       3.7G       113M       5.7M        22M       3.2G

MemTotal:        4016004 kB
MemFree:          122028 kB
Active:           368184 kB
Mem:          3.8G       3.7G       119M       5.7M        22M       3.2G

MemTotal:        4016004 kB
MemFree:          134884 kB
Active:           368184 kB
Mem:          3.8G       3.7G       130M       5.7M        23M       3.2G

MemTotal:        4016004 kB
MemFree:          128428 kB
Active:           368192 kB
Mem:          3.8G       3.7G       124M       5.7M        23M       3.2G

MemTotal:        4016004 kB
MemFree:          124344 kB
Active:           368200 kB
Mem:          3.8G       3.7G       120M       5.7M        23M       3.2G

MemTotal:        4016004 kB
MemFree:          128004 kB
Active:           366588 kB
Mem:          3.8G       3.7G       124M       5.7M        23M       3.2G

MemTotal:        4016004 kB
MemFree:          149128 kB
Active:           366592 kB
Mem:          3.8G       3.7G       145M       5.7M        23M       3.2G

MemTotal:        4016004 kB
MemFree:          149764 kB
Active:           366676 kB
Mem:          3.8G       3.7G       145M       5.7M        23M       3.2G

MemTotal:        4016004 kB
MemFree:          148272 kB
Active:           366756 kB
Mem:          3.8G       3.7G       144M       5.7M        23M       3.2G

MemTotal:        4016004 kB
MemFree:          137772 kB
Active:           366144 kB
Mem:          3.8G       3.7G       134M       5.7M        23M       3.2G

MemTotal:        4016004 kB
MemFree:          137104 kB
Active:           366160 kB
Mem:          3.8G       3.7G       133M       5.7M        23M       3.2G

MemTotal:        4016004 kB
MemFree:          136796 kB
Active:           366176 kB
Mem:          3.8G       3.7G       133M       5.7M        23M       3.2G

MemTotal:        4016004 kB
MemFree:          136924 kB
Active:           366176 kB
Mem:          3.8G       3.7G       133M       5.7M        23M       3.2G

MemTotal:        4016004 kB
MemFree:          135608 kB
Active:           366180 kB
Mem:          3.8G       3.7G       131M       5.7M        23M       3.2G

MemTotal:        4016004 kB
MemFree:          141840 kB
Active:           366180 kB
Mem:          3.8G       3.7G       138M       5.7M        23M       3.2G

MemTotal:        4016004 kB
MemFree:          115592 kB
Active:           361512 kB
Mem:          3.8G       3.7G       112M       5.7M        23M       3.2G

MemTotal:        4016004 kB
MemFree:          121588 kB
Active:           361404 kB
Mem:          3.8G       3.7G       118M       5.7M        23M       3.2G

MemTotal:        4016004 kB
MemFree:          111008 kB
Active:           361404 kB
Mem:          3.8G       3.7G       107M       5.7M        23M       3.2G

MemTotal:        4016004 kB
MemFree:          125192 kB
Active:           361408 kB
Mem:          3.8G       3.7G       121M       5.7M        23M       3.2G

MemTotal:        4016004 kB
MemFree:          106436 kB
Active:           361376 kB
Mem:          3.8G       3.7G       104M       5.7M        23M       3.2G

MemTotal:        4016004 kB
MemFree:          126496 kB
Active:           361416 kB
Mem:          3.8G       3.7G       123M       5.7M        23M       3.2G

MemTotal:        4016004 kB
MemFree:          129968 kB
Active:           361432 kB
Mem:          3.8G       3.7G       126M       5.7M        23M       3.2G

MemTotal:        4016004 kB
MemFree:          110820 kB
Active:           361436 kB
Mem:          3.8G       3.7G       108M       5.7M        23M       3.2G

MemTotal:        4016004 kB
MemFree:          137112 kB
Active:           361436 kB
Mem:          3.8G       3.7G       134M       5.7M        23M       3.2G

MemTotal:        4016004 kB
MemFree:          135620 kB
Active:           361448 kB
Mem:          3.8G       3.7G       131M       5.7M        23M       3.2G

MemTotal:        4016004 kB
MemFree:          133964 kB
Active:           361396 kB
Mem:          3.8G       3.7G       130M       5.7M        23M       3.2G

MemTotal:        4016004 kB
MemFree:          133812 kB
Active:           361444 kB
Mem:          3.8G       3.7G       130M       5.7M        23M       3.2G

MemTotal:        4016004 kB
MemFree:          126048 kB
Active:           361396 kB
Mem:          3.8G       3.7G       122M       5.7M        23M       3.2G

MemTotal:        4016004 kB
MemFree:          109516 kB
Active:           315444 kB
Mem:          3.8G       3.7G       107M       5.7M        23M       3.2G

MemTotal:        4016004 kB
MemFree:          119920 kB
Active:           315444 kB
Mem:          3.8G       3.7G       116M       5.7M        23M       3.2G

MemTotal:        4016004 kB
MemFree:          148488 kB
Active:           315444 kB
Mem:          3.8G       3.7G       144M       5.7M        23M       3.2G

MemTotal:        4016004 kB
MemFree:          139904 kB
Active:           315444 kB
Mem:          3.8G       3.7G       136M       5.7M        23M       3.2G

MemTotal:        4016004 kB
MemFree:          141912 kB
Active:           315456 kB
Mem:          3.8G       3.7G       138M       5.7M        23M       3.2G

MemTotal:        4016004 kB
MemFree:          121820 kB
Active:           315468 kB
Mem:          3.8G       3.7G       118M       5.7M        23M       3.2G

MemTotal:        4016004 kB
MemFree:          140864 kB
Active:           315472 kB
Mem:          3.8G       3.7G       137M       5.7M        23M       3.2G

MemTotal:        4016004 kB
MemFree:          139088 kB
Active:           315480 kB
Mem:          3.8G       3.7G       135M       5.7M        23M       3.2G

MemTotal:        4016004 kB
MemFree:          135616 kB
Active:           315460 kB
Mem:          3.8G       3.7G       132M       5.7M        23M       3.2G

MemTotal:        4016004 kB
MemFree:          134768 kB
Active:           317508 kB
Mem:          3.8G       3.7G       131M       5.7M        23M       3.2G

MemTotal:        4016004 kB
MemFree:          132976 kB
Active:           317512 kB
Mem:          3.8G       3.7G       129M       5.7M        23M       3.2G

MemTotal:        4016004 kB
MemFree:          135424 kB
Active:           317004 kB
Mem:          3.8G       3.7G       132M       5.7M        23M       3.2G

MemTotal:        4016004 kB
MemFree:          133688 kB
Active:           313868 kB
Mem:          3.8G       3.7G       130M       5.7M        23M       3.2G

MemTotal:        4016004 kB
MemFree:          126668 kB
Active:           313868 kB
Mem:          3.8G       3.7G       122M       5.7M        23M       3.2G

MemTotal:        4016004 kB
MemFree:          137756 kB
Active:           313868 kB
Mem:          3.8G       3.7G       134M       5.7M        23M       3.2G

MemTotal:        4016004 kB
MemFree:          136776 kB
Active:           313888 kB
Mem:          3.8G       3.7G       132M       5.7M        23M       3.2G

MemTotal:        4016004 kB
MemFree:          142176 kB
Active:           313888 kB
Mem:          3.8G       3.7G       138M       5.7M        23M       3.2G

MemTotal:        4016004 kB
MemFree:          142896 kB
Active:           313888 kB
Mem:          3.8G       3.7G       139M       5.7M        23M       3.2G

MemTotal:        4016004 kB
MemFree:          108764 kB
Active:           313888 kB
Mem:          3.8G       3.7G       106M       5.7M        23M       3.2G

MemTotal:        4016004 kB
MemFree:          108360 kB
Active:           313892 kB
Mem:          3.8G       3.7G       105M       5.7M        23M       3.2G

MemTotal:        4016004 kB
MemFree:          106920 kB
Active:           313912 kB
Mem:          3.8G       3.7G       104M       5.7M        23M       3.2G

MemTotal:        4016004 kB
MemFree:          129208 kB
Active:           313912 kB
Mem:          3.8G       3.7G       126M       5.7M        23M       3.2G

MemTotal:        4016004 kB
MemFree:          128424 kB
Active:           313860 kB
Mem:          3.8G       3.7G       125M       5.7M        23M       3.2G

MemTotal:        4016004 kB
MemFree:          131588 kB
Active:           313608 kB
Mem:          3.8G       3.7G       128M       5.7M        23M       3.2G

MemTotal:        4016004 kB
MemFree:          131712 kB
Active:           313580 kB
Mem:          3.8G       3.7G       128M       5.7M        23M       3.2G

MemTotal:        4016004 kB
MemFree:          131340 kB
Active:           313608 kB
Mem:          3.8G       3.7G       128M       5.7M        23M       3.2G

MemTotal:        4016004 kB
MemFree:          131464 kB
Active:           313560 kB
Mem:          3.8G       3.7G       128M       5.7M        23M       3.2G

MemTotal:        4016004 kB
MemFree:          131216 kB
Active:           313616 kB
Mem:          3.8G       3.7G       128M       5.7M        23M       3.2G

MemTotal:        4016004 kB
MemFree:          131464 kB
Active:           313560 kB
Mem:          3.8G       3.7G       128M       5.7M        23M       3.2G

MemTotal:        4016004 kB
MemFree:          131340 kB
Active:           313616 kB
Mem:          3.8G       3.7G       128M       5.7M        23M       3.2G

MemTotal:        4016004 kB
MemFree:          131340 kB
Active:           313572 kB
Mem:          3.8G       3.7G       128M       5.7M        23M       3.2G

MemTotal:        4016004 kB
MemFree:          131464 kB
Active:           313616 kB
Mem:          3.8G       3.7G       128M       5.7M        23M       3.2G

MemTotal:        4016004 kB
MemFree:          131464 kB
Active:           313568 kB
Mem:          3.8G       3.7G       128M       5.7M        23M       3.2G

MemTotal:        4016004 kB
MemFree:          131340 kB
Active:           313616 kB
Mem:          3.8G       3.7G       128M       5.7M        23M       3.2G

MemTotal:        4016004 kB
MemFree:          131464 kB
Active:           313572 kB
Mem:          3.8G       3.7G       128M       5.7M        23M       3.2G

MemTotal:        4016004 kB
MemFree:          131464 kB
Active:           313616 kB
Mem:          3.8G       3.7G       128M       5.7M        23M       3.2G

MemTotal:        4016004 kB
MemFree:          131884 kB
Active:           313396 kB
Mem:          3.8G       3.7G       128M       5.7M        23M       3.2G

MemTotal:        4016004 kB
MemFree:          131388 kB
Active:           313432 kB
Mem:          3.8G       3.7G       128M       5.7M        23M       3.2G

MemTotal:        4016004 kB
MemFree:          131512 kB
Active:           313416 kB
Mem:          3.8G       3.7G       128M       5.7M        23M       3.2G

MemTotal:        4016004 kB
MemFree:          131388 kB
Active:           313432 kB
Mem:          3.8G       3.7G       128M       5.7M        23M       3.2G

MemTotal:        4016004 kB
MemFree:          131636 kB
Active:           313380 kB
Mem:          3.8G       3.7G       128M       5.7M        23M       3.2G

MemTotal:        4016004 kB
MemFree:          131636 kB
Active:           313428 kB
Mem:          3.8G       3.7G       128M       5.7M        23M       3.2G

MemTotal:        4016004 kB
MemFree:          131760 kB
Active:           313376 kB
Mem:          3.8G       3.7G       128M       5.7M        23M       3.2G

MemTotal:        4016004 kB
MemFree:          131264 kB
Active:           313436 kB
Mem:          3.8G       3.7G       128M       5.7M        23M       3.2G

MemTotal:        4016004 kB
MemFree:          131760 kB
Active:           313400 kB
Mem:          3.8G       3.7G       128M       5.7M        23M       3.2G

MemTotal:        4016004 kB
MemFree:          131700 kB
Active:           313436 kB
Mem:          3.8G       3.7G       128M       5.7M        23M       3.2G

MemTotal:        4016004 kB
MemFree:          131452 kB
Active:           313444 kB
Mem:          3.8G       3.7G       128M       5.7M        23M       3.2G

MemTotal:        4016004 kB
MemFree:          131204 kB
Active:           313456 kB
Mem:          3.8G       3.7G       128M       5.7M        23M       3.2G

MemTotal:        4016004 kB
MemFree:          129404 kB
Active:           313416 kB
Mem:          3.8G       3.7G       126M       5.7M        23M       3.2G

MemTotal:        4016004 kB
MemFree:          129404 kB
Active:           313412 kB
Mem:          3.8G       3.7G       126M       5.7M        23M       3.2G

MemTotal:        4016004 kB
MemFree:          129420 kB
Active:           315472 kB
Mem:          3.8G       3.7G       126M       5.7M        23M       3.2G

MemTotal:        4016004 kB
MemFree:          129792 kB
Active:           315468 kB
Mem:          3.8G       3.7G       126M       5.7M        23M       3.2G

MemTotal:        4016004 kB
MemFree:          130040 kB
Active:           315468 kB
Mem:          3.8G       3.7G       126M       5.7M        23M       3.2G

MemTotal:        4016004 kB
MemFree:          130040 kB
Active:           315456 kB
Mem:          3.8G       3.7G       126M       5.7M        23M       3.2G

MemTotal:        4016004 kB
MemFree:          129668 kB
Active:           315440 kB
Mem:          3.8G       3.7G       126M       5.7M        23M       3.2G

MemTotal:        4016004 kB
MemFree:          129856 kB
Active:           315452 kB
Mem:          3.8G       3.7G       126M       5.7M        23M       3.2G

MemTotal:        4016004 kB
MemFree:          129764 kB
Active:           315468 kB
Mem:          3.8G       3.7G       126M       5.7M        23M       3.2G

MemTotal:        4016004 kB
MemFree:          129764 kB
Active:           315456 kB
Mem:          3.8G       3.7G       126M       5.7M        23M       3.2G

MemTotal:        4016004 kB
MemFree:          129764 kB
Active:           315496 kB
Mem:          3.8G       3.7G       126M       5.7M        23M       3.2G

MemTotal:        4016004 kB
MemFree:          129764 kB
Active:           315468 kB
Mem:          3.8G       3.7G       126M       5.7M        23M       3.2G

MemTotal:        4016004 kB
MemFree:          129888 kB
Active:           315500 kB
Mem:          3.8G       3.7G       126M       5.7M        23M       3.2G

MemTotal:        4016004 kB
MemFree:          130136 kB
Active:           315496 kB
Mem:          3.8G       3.7G       127M       5.7M        23M       3.2G

MemTotal:        4016004 kB
MemFree:          130136 kB
Active:           315488 kB
Mem:          3.8G       3.7G       127M       5.7M        23M       3.2G

MemTotal:        4016004 kB
MemFree:          130384 kB
Active:           315468 kB
Mem:          3.8G       3.7G       127M       5.7M        23M       3.2G

MemTotal:        4016004 kB
MemFree:          130136 kB
Active:           315480 kB
Mem:          3.8G       3.7G       127M       5.7M        23M       3.2G

MemTotal:        4016004 kB
MemFree:          130136 kB
Active:           315476 kB
Mem:          3.8G       3.7G       126M       5.7M        23M       3.2G

MemTotal:        4016004 kB
MemFree:          130136 kB
Active:           315496 kB
Mem:          3.8G       3.7G       127M       5.7M        23M       3.2G

MemTotal:        4016004 kB
MemFree:          129888 kB
Active:           315524 kB
Mem:          3.8G       3.7G       126M       5.7M        23M       3.2G

MemTotal:        4016004 kB
MemFree:          128212 kB
Active:           315468 kB
Mem:          3.8G       3.7G       124M       5.7M        23M       3.2G

MemTotal:        4016004 kB
MemFree:          128088 kB
Active:           317508 kB
Mem:          3.8G       3.7G       124M       5.7M        23M       3.2G

MemTotal:        4016004 kB
MemFree:          128012 kB
Active:           317532 kB
Mem:          3.8G       3.7G       124M       5.7M        23M       3.2G

MemTotal:        4016004 kB
MemFree:          127888 kB
Active:           317508 kB
Mem:          3.8G       3.7G       124M       5.7M        23M       3.2G

MemTotal:        4016004 kB
MemFree:          127764 kB
Active:           317556 kB
Mem:          3.8G       3.7G       124M       5.7M        23M       3.2G

MemTotal:        4016004 kB
MemFree:          128012 kB
Active:           317544 kB
Mem:          3.8G       3.7G       124M       5.7M        23M       3.2G

MemTotal:        4016004 kB
MemFree:          127888 kB
Active:           317532 kB
Mem:          3.8G       3.7G       124M       5.7M        23M       3.2G

MemTotal:        4016004 kB
MemFree:          127888 kB
Active:           317576 kB
Mem:          3.8G       3.7G       124M       5.7M        23M       3.2G

MemTotal:        4016004 kB
MemFree:          127640 kB
Active:           317572 kB
Mem:          3.8G       3.7G       124M       5.7M        23M       3.2G

MemTotal:        4016004 kB
MemFree:          127764 kB
Active:           317560 kB
Mem:          3.8G       3.7G       124M       5.7M        23M       3.2G

MemTotal:        4016004 kB
MemFree:          127640 kB
Active:           317544 kB
Mem:          3.8G       3.7G       124M       5.7M        23M       3.2G

MemTotal:        4016004 kB
MemFree:          128012 kB
Active:           317544 kB
Mem:          3.8G       3.7G       125M       5.7M        23M       3.2G

MemTotal:        4016004 kB
MemFree:          128136 kB
Active:           317532 kB
Mem:          3.8G       3.7G       125M       5.7M        23M       3.2G

MemTotal:        4016004 kB
MemFree:          128012 kB
Active:           317576 kB
Mem:          3.8G       3.7G       125M       5.7M        23M       3.2G

MemTotal:        4016004 kB
MemFree:          128136 kB
Active:           317588 kB
Mem:          3.8G       3.7G       125M       5.7M        23M       3.2G

MemTotal:        4016004 kB
MemFree:          128012 kB
Active:           317544 kB
Mem:          3.8G       3.7G       125M       5.7M        23M       3.2G

MemTotal:        4016004 kB
MemFree:          128012 kB
Active:           317540 kB
Mem:          3.8G       3.7G       125M       5.7M        23M       3.2G

MemTotal:        4016004 kB
MemFree:          128384 kB
Active:           317548 kB
Mem:          3.8G       3.7G       124M       5.7M        23M       3.2G

MemTotal:        4016004 kB
MemFree:          128136 kB
Active:           317576 kB
Mem:          3.8G       3.7G       124M       5.7M        23M       3.2G

MemTotal:        4016004 kB
MemFree:          128012 kB
Active:           317548 kB
Mem:          3.8G       3.7G       124M       5.7M        23M       3.2G

MemTotal:        4016004 kB
MemFree:          127640 kB
Active:           317596 kB
Mem:          3.8G       3.7G       124M       5.7M        23M       3.2G

MemTotal:        4016004 kB
MemFree:          127888 kB
Active:           317592 kB
Mem:          3.8G       3.7G       124M       5.7M        23M       3.2G

MemTotal:        4016004 kB
MemFree:          127888 kB
Active:           317556 kB
Mem:          3.8G       3.7G       124M       5.7M        23M       3.2G

MemTotal:        4016004 kB
MemFree:          127872 kB
Active:           317540 kB
Mem:          3.8G       3.7G       124M       5.7M        23M       3.2G

MemTotal:        4016004 kB
MemFree:          127996 kB
Active:           317592 kB
Mem:          3.8G       3.7G       124M       5.7M        23M       3.2G

MemTotal:        4016004 kB
MemFree:          128120 kB
Active:           317572 kB
Mem:          3.8G       3.7G       124M       5.7M        23M       3.2G

MemTotal:        4016004 kB
MemFree:          127996 kB
Active:           317560 kB
Mem:          3.8G       3.7G       124M       5.7M        23M       3.2G

MemTotal:        4016004 kB
MemFree:          127872 kB
Active:           317608 kB
Mem:          3.8G       3.7G       124M       5.7M        23M       3.2G

MemTotal:        4016004 kB
MemFree:          127996 kB
Active:           317600 kB
Mem:          3.8G       3.7G       124M       5.7M        23M       3.2G

MemTotal:        4016004 kB
MemFree:          127500 kB
Active:           317616 kB
Mem:          3.8G       3.7G       124M       5.7M        23M       3.2G

MemTotal:        4016004 kB
MemFree:          127500 kB
Active:           317616 kB
Mem:          3.8G       3.7G       124M       5.7M        23M       3.2G

MemTotal:        4016004 kB
MemFree:          127996 kB
Active:           317608 kB
Mem:          3.8G       3.7G       125M       5.7M        23M       3.2G

MemTotal:        4016004 kB
MemFree:          127996 kB
Active:           317604 kB
Mem:          3.8G       3.7G       125M       5.7M        23M       3.2G

MemTotal:        4016004 kB
MemFree:          127872 kB
Active:           317568 kB
Mem:          3.8G       3.7G       125M       5.7M        23M       3.2G

MemTotal:        4016004 kB
MemFree:          127996 kB
Active:           317564 kB
Mem:          3.8G       3.7G       124M       5.7M        23M       3.2G

MemTotal:        4016004 kB
MemFree:          128120 kB
Active:           317568 kB
Mem:          3.8G       3.7G       124M       5.7M        23M       3.2G

MemTotal:        4016004 kB
MemFree:          128120 kB
Active:           317568 kB
Mem:          3.8G       3.7G       124M       5.7M        23M       3.2G

MemTotal:        4016004 kB
MemFree:          127872 kB
Active:           317600 kB
Mem:          3.8G       3.7G       125M       5.7M        23M       3.2G

MemTotal:        4016004 kB
MemFree:          127996 kB
Active:           317612 kB
Mem:          3.8G       3.7G       125M       5.7M        23M       3.2G

MemTotal:        4016004 kB
MemFree:          128120 kB
Active:           317600 kB
Mem:          3.8G       3.7G       125M       5.7M        23M       3.2G

MemTotal:        4016004 kB
MemFree:          128120 kB
Active:           317568 kB
Mem:          3.8G       3.7G       125M       5.7M        23M       3.2G

MemTotal:        4016004 kB
MemFree:          128120 kB
Active:           317616 kB
Mem:          3.8G       3.7G       125M       5.7M        23M       3.2G

MemTotal:        4016004 kB
MemFree:          128244 kB
Active:           317620 kB
Mem:          3.8G       3.7G       125M       5.7M        23M       3.2G

MemTotal:        4016004 kB
MemFree:          128244 kB
Active:           317608 kB
Mem:          3.8G       3.7G       125M       5.7M        23M       3.2G

MemTotal:        4016004 kB
MemFree:          127872 kB
Active:           317624 kB
Mem:          3.8G       3.7G       124M       5.7M        23M       3.2G

MemTotal:        4016004 kB
MemFree:          128120 kB
Active:           317608 kB
Mem:          3.8G       3.7G       125M       5.7M        23M       3.2G

MemTotal:        4016004 kB
MemFree:          127624 kB
Active:           317628 kB
Mem:          3.8G       3.7G       124M       5.7M        23M       3.2G

MemTotal:        4016004 kB
MemFree:          127748 kB
Active:           317612 kB
Mem:          3.8G       3.7G       124M       5.7M        23M       3.2G

MemTotal:        4016004 kB
MemFree:          127376 kB
Active:           317628 kB
Mem:          3.8G       3.7G       124M       5.7M        23M       3.2G

MemTotal:        4016004 kB
MemFree:          127748 kB
Active:           317600 kB
Mem:          3.8G       3.7G       124M       5.7M        23M       3.2G

MemTotal:        4016004 kB
MemFree:          127748 kB
Active:           317608 kB
Mem:          3.8G       3.7G       124M       5.7M        23M       3.2G

MemTotal:        4016004 kB
MemFree:          127872 kB
Active:           317592 kB
Mem:          3.8G       3.7G       124M       5.7M        23M       3.2G

MemTotal:        4016004 kB
MemFree:          127872 kB
Active:           317580 kB
Mem:          3.8G       3.7G       124M       5.7M        23M       3.2G

MemTotal:        4016004 kB
MemFree:          127748 kB
Active:           317604 kB
Mem:          3.8G       3.7G       124M       5.7M        23M       3.2G

MemTotal:        4016004 kB
MemFree:          127872 kB
Active:           317576 kB
Mem:          3.8G       3.7G       124M       5.7M        23M       3.2G

MemTotal:        4016004 kB
MemFree:          127872 kB
Active:           317620 kB
Mem:          3.8G       3.7G       124M       5.7M        23M       3.2G

MemTotal:        4016004 kB
MemFree:          127748 kB
Active:           317616 kB
Mem:          3.8G       3.7G       124M       5.7M        23M       3.2G

MemTotal:        4016004 kB
MemFree:          127872 kB
Active:           317648 kB
Mem:          3.8G       3.7G       124M       5.7M        23M       3.2G

MemTotal:        4016004 kB
MemFree:          127624 kB
Active:           317628 kB
Mem:          3.8G       3.7G       124M       5.7M        23M       3.2G

MemTotal:        4016004 kB
MemFree:          127872 kB
Active:           317620 kB
Mem:          3.8G       3.7G       124M       5.7M        23M       3.2G

MemTotal:        4016004 kB
MemFree:          127624 kB
Active:           317648 kB
Mem:          3.8G       3.7G       124M       5.7M        23M       3.2G

MemTotal:        4016004 kB
MemFree:          127872 kB
Active:           317652 kB
Mem:          3.8G       3.7G       124M       5.7M        23M       3.2G

MemTotal:        4016004 kB
MemFree:          128368 kB
Active:           317656 kB
Mem:          3.8G       3.7G       125M       5.7M        23M       3.2G

MemTotal:        4016004 kB
MemFree:          128244 kB
Active:           317628 kB
Mem:          3.8G       3.7G       125M       5.7M        23M       3.2G

MemTotal:        4016004 kB
MemFree:          127872 kB
Active:           317664 kB
Mem:          3.8G       3.7G       125M       5.7M        23M       3.2G

MemTotal:        4016004 kB
MemFree:          128244 kB
Active:           317612 kB
Mem:          3.8G       3.7G       125M       5.7M        23M       3.2G

MemTotal:        4016004 kB
MemFree:          128120 kB
Active:           317652 kB
Mem:          3.8G       3.7G       125M       5.7M        23M       3.2G

MemTotal:        4016004 kB
MemFree:          128244 kB
Active:           317648 kB
Mem:          3.8G       3.7G       125M       5.7M        23M       3.2G

MemTotal:        4016004 kB
MemFree:          127500 kB
Active:           317672 kB
Mem:          3.8G       3.7G       124M       5.7M        23M       3.2G

MemTotal:        4016004 kB
MemFree:          127872 kB
Active:           317628 kB
Mem:          3.8G       3.7G       124M       5.7M        23M       3.2G

MemTotal:        4016004 kB
MemFree:          127624 kB
Active:           317672 kB
Mem:          3.8G       3.7G       124M       5.7M        23M       3.2G

MemTotal:        4016004 kB
MemFree:          127624 kB
Active:           317636 kB
Mem:          3.8G       3.7G       124M       5.7M        23M       3.2G

MemTotal:        4016004 kB
MemFree:          127624 kB
Active:           317676 kB
Mem:          3.8G       3.7G       124M       5.7M        23M       3.2G

MemTotal:        4016004 kB
MemFree:          127624 kB
Active:           317656 kB
Mem:          3.8G       3.7G       124M       5.7M        23M       3.2G

MemTotal:        4016004 kB
MemFree:          127252 kB
Active:           317680 kB
Mem:          3.8G       3.7G       124M       5.7M        23M       3.2G

MemTotal:        4016004 kB
MemFree:          127748 kB
Active:           317632 kB
Mem:          3.8G       3.7G       124M       5.7M        23M       3.2G

MemTotal:        4016004 kB
MemFree:          127872 kB
Active:           317628 kB
Mem:          3.8G       3.7G       124M       5.7M        23M       3.2G

MemTotal:        4016004 kB
MemFree:          128120 kB
Active:           317640 kB
Mem:          3.8G       3.7G       124M       5.7M        23M       3.2G

MemTotal:        4016004 kB
MemFree:          127996 kB
Active:           317652 kB
Mem:          3.8G       3.7G       124M       5.7M        23M       3.2G

MemTotal:        4016004 kB
MemFree:          128120 kB
Active:           317652 kB
Mem:          3.8G       3.7G       125M       5.7M        23M       3.2G

MemTotal:        4016004 kB
MemFree:          128120 kB
Active:           317652 kB
Mem:          3.8G       3.7G       125M       5.7M        23M       3.2G

MemTotal:        4016004 kB
MemFree:          127748 kB
Active:           317660 kB
Mem:          3.8G       3.7G       124M       5.7M        23M       3.2G

MemTotal:        4016004 kB
MemFree:          127748 kB
Active:           317680 kB
Mem:          3.8G       3.7G       124M       5.7M        23M       3.2G

MemTotal:        4016004 kB
MemFree:          127748 kB
Active:           317680 kB
Mem:          3.8G       3.7G       124M       5.7M        23M       3.2G

MemTotal:        4016004 kB
MemFree:          127872 kB
Active:           317672 kB
Mem:          3.8G       3.7G       124M       5.7M        23M       3.2G

MemTotal:        4016004 kB
MemFree:          127500 kB
Active:           317652 kB
Mem:          3.8G       3.7G       124M       5.7M        23M       3.2G

MemTotal:        4016004 kB
MemFree:          127624 kB
Active:           317644 kB
Mem:          3.8G       3.7G       124M       5.7M        23M       3.2G

MemTotal:        4016004 kB
MemFree:          127624 kB
Active:           317656 kB
Mem:          3.8G       3.7G       124M       5.7M        23M       3.2G

MemTotal:        4016004 kB
MemFree:          127748 kB
Active:           317696 kB
Mem:          3.8G       3.7G       124M       5.7M        23M       3.2G

MemTotal:        4016004 kB
MemFree:          127996 kB
Active:           317680 kB
Mem:          3.8G       3.7G       125M       5.7M        23M       3.2G

MemTotal:        4016004 kB
MemFree:          127996 kB
Active:           317680 kB
Mem:          3.8G       3.7G       124M       5.7M        23M       3.2G

MemTotal:        4016004 kB
MemFree:          127996 kB
Active:           317644 kB
Mem:          3.8G       3.7G       125M       5.7M        23M       3.2G

MemTotal:        4016004 kB
MemFree:          128120 kB
Active:           317692 kB
Mem:          3.8G       3.7G       125M       5.7M        23M       3.2G

MemTotal:        4016004 kB
MemFree:          128368 kB
Active:           317700 kB
Mem:          3.8G       3.7G       125M       5.7M        23M       3.2G

MemTotal:        4016004 kB
MemFree:          127500 kB
Active:           317708 kB
Mem:          3.8G       3.7G       124M       5.7M        23M       3.2G

MemTotal:        4016004 kB
MemFree:          127624 kB
Active:           317668 kB
Mem:          3.8G       3.7G       124M       5.7M        23M       3.2G

MemTotal:        4016004 kB
MemFree:          127500 kB
Active:           317680 kB
Mem:          3.8G       3.7G       124M       5.7M        23M       3.2G

MemTotal:        4016004 kB
MemFree:          127872 kB
Active:           317664 kB
Mem:          3.8G       3.7G       124M       5.7M        23M       3.2G

MemTotal:        4016004 kB
MemFree:          127872 kB
Active:           317660 kB
Mem:          3.8G       3.7G       124M       5.7M        23M       3.2G

MemTotal:        4016004 kB
MemFree:          127748 kB
Active:           317712 kB
Mem:          3.8G       3.7G       124M       5.7M        23M       3.2G

MemTotal:        4016004 kB
MemFree:          127748 kB
Active:           317664 kB
Mem:          3.8G       3.7G       124M       5.7M        23M       3.2G

MemTotal:        4016004 kB
MemFree:          127748 kB
Active:           317672 kB
Mem:          3.8G       3.7G       124M       5.7M        23M       3.2G

MemTotal:        4016004 kB
MemFree:          127252 kB
Active:           317716 kB
Mem:          3.8G       3.7G       124M       5.7M        23M       3.2G

MemTotal:        4016004 kB
MemFree:          127624 kB
Active:           317688 kB
Mem:          3.8G       3.7G       124M       5.7M        23M       3.2G

MemTotal:        4016004 kB
MemFree:          127748 kB
Active:           317696 kB
Mem:          3.8G       3.7G       124M       5.7M        23M       3.2G

MemTotal:        4016004 kB
MemFree:          127500 kB
Active:           317724 kB
Mem:          3.8G       3.7G       124M       5.7M        23M       3.2G

MemTotal:        4016004 kB
MemFree:          127748 kB
Active:           317700 kB
Mem:          3.8G       3.7G       124M       5.7M        23M       3.2G

MemTotal:        4016004 kB
MemFree:          127872 kB
Active:           317700 kB
Mem:          3.8G       3.7G       124M       5.7M        23M       3.2G

MemTotal:        4016004 kB
MemFree:          127872 kB
Active:           317676 kB
Mem:          3.8G       3.7G       124M       5.7M        23M       3.2G

MemTotal:        4016004 kB
MemFree:          127748 kB
Active:           317720 kB
Mem:          3.8G       3.7G       124M       5.7M        23M       3.2G

MemTotal:        4016004 kB
MemFree:          127748 kB
Active:           317712 kB
Mem:          3.8G       3.7G       124M       5.7M        23M       3.2G

MemTotal:        4016004 kB
MemFree:          127624 kB
Active:           317688 kB
Mem:          3.8G       3.7G       124M       5.7M        23M       3.2G

MemTotal:        4016004 kB
MemFree:          127624 kB
Active:           317720 kB
Mem:          3.8G       3.7G       124M       5.7M        23M       3.2G

MemTotal:        4016004 kB
MemFree:          127624 kB
Active:           317712 kB
Mem:          3.8G       3.7G       124M       5.7M        23M       3.2G

MemTotal:        4016004 kB
MemFree:          128120 kB
Active:           317716 kB
Mem:          3.8G       3.7G       125M       5.7M        23M       3.2G

MemTotal:        4016004 kB
MemFree:          128368 kB
Active:           317720 kB
Mem:          3.8G       3.7G       124M       5.7M        23M       3.2G

MemTotal:        4016004 kB
MemFree:          127872 kB
Active:           317696 kB
Mem:          3.8G       3.7G       124M       5.7M        23M       3.2G

MemTotal:        4016004 kB
MemFree:          127872 kB
Active:           317696 kB
Mem:          3.8G       3.7G       124M       5.7M        23M       3.2G

MemTotal:        4016004 kB
MemFree:          127748 kB
Active:           317736 kB
Mem:          3.8G       3.7G       124M       5.7M        23M       3.2G

MemTotal:        4016004 kB
MemFree:          127872 kB
Active:           317752 kB
Mem:          3.8G       3.7G       124M       5.7M        23M       3.2G

MemTotal:        4016004 kB
MemFree:          127748 kB
Active:           317732 kB
Mem:          3.8G       3.7G       124M       5.7M        23M       3.2G

MemTotal:        4016004 kB
MemFree:          127376 kB
Active:           317724 kB
Mem:          3.8G       3.7G       124M       5.7M        23M       3.2G

MemTotal:        4016004 kB
MemFree:          127748 kB
Active:           317720 kB
Mem:          3.8G       3.7G       124M       5.7M        23M       3.2G

MemTotal:        4016004 kB
MemFree:          127748 kB
Active:           317724 kB
Mem:          3.8G       3.7G       124M       5.7M        23M       3.2G

MemTotal:        4016004 kB
MemFree:          127764 kB
Active:           317760 kB
Mem:          3.8G       3.7G       124M       5.7M        23M       3.2G

MemTotal:        4016004 kB
MemFree:          127764 kB
Active:           317748 kB
Mem:          3.8G       3.7G       124M       5.7M        23M       3.2G

MemTotal:        4016004 kB
MemFree:          127888 kB
Active:           317740 kB
Mem:          3.8G       3.7G       124M       5.7M        23M       3.2G

MemTotal:        4016004 kB
MemFree:          127764 kB
Active:           317744 kB
Mem:          3.8G       3.7G       124M       5.7M        23M       3.2G

MemTotal:        4016004 kB
MemFree:          127268 kB
Active:           317788 kB
Mem:          3.8G       3.7G       124M       5.7M        23M       3.2G

MemTotal:        4016004 kB
MemFree:          127764 kB
Active:           317764 kB
Mem:          3.8G       3.7G       124M       5.7M        23M       3.2G

MemTotal:        4016004 kB
MemFree:          127640 kB
Active:           317740 kB
Mem:          3.8G       3.7G       124M       5.7M        23M       3.2G

MemTotal:        4016004 kB
MemFree:          128012 kB
Active:           317732 kB
Mem:          3.8G       3.7G       125M       5.7M        23M       3.2G

MemTotal:        4016004 kB
MemFree:          128136 kB
Active:           317736 kB
Mem:          3.8G       3.7G       125M       5.7M        23M       3.2G

MemTotal:        4016004 kB
MemFree:          128012 kB
Active:           317752 kB
Mem:          3.8G       3.7G       125M       5.7M        23M       3.2G

MemTotal:        4016004 kB
MemFree:          128136 kB
Active:           317880 kB
Mem:          3.8G       3.7G       125M       5.7M        23M       3.2G

MemTotal:        4016004 kB
MemFree:          128136 kB
Active:           317880 kB
Mem:          3.8G       3.7G       125M       5.7M        23M       3.2G

MemTotal:        4016004 kB
MemFree:          128012 kB
Active:           317876 kB
Mem:          3.8G       3.7G       124M       5.7M        23M       3.2G

MemTotal:        4016004 kB
MemFree:          127764 kB
Active:           318136 kB
Mem:          3.8G       3.7G       124M       5.7M        23M       3.2G

MemTotal:        4016004 kB
MemFree:          127128 kB
Active:           317908 kB
Mem:          3.8G       3.7G       124M       5.7M        23M       3.2G

MemTotal:        4016004 kB
MemFree:          127252 kB
Active:           317892 kB
Mem:          3.8G       3.7G       124M       5.7M        23M       3.2G

MemTotal:        4016004 kB
MemFree:          127128 kB
Active:           317892 kB
Mem:          3.8G       3.7G       124M       5.7M        23M       3.2G

MemTotal:        4016004 kB
MemFree:          127252 kB
Active:           317880 kB
Mem:          3.8G       3.7G       124M       5.7M        23M       3.2G

MemTotal:        4016004 kB
MemFree:          126756 kB
Active:           317916 kB
Mem:          3.8G       3.7G       123M       5.7M        23M       3.2G

