MemTotal:        4016004 kB
MemFree:         3210632 kB
Active:           448704 kB
Mem:          3.8G       786M       3.1G       5.7M        56M       327M

MemTotal:        4016004 kB
MemFree:         3211256 kB
Active:           448644 kB
Mem:          3.8G       786M       3.1G       5.7M        56M       327M

MemTotal:        4016004 kB
MemFree:         3210604 kB
Active:           448728 kB
Mem:          3.8G       786M       3.1G       5.7M        56M       327M

MemTotal:        4016004 kB
MemFree:         3210236 kB
Active:           446800 kB
Mem:          3.8G       786M       3.1G       5.7M        56M       327M

MemTotal:        4016004 kB
MemFree:         3210400 kB
Active:           448708 kB
Mem:          3.8G       786M       3.1G       5.7M        56M       327M

MemTotal:        4016004 kB
MemFree:         3210400 kB
Active:           448740 kB
Mem:          3.8G       786M       3.1G       5.7M        56M       327M

MemTotal:        4016004 kB
MemFree:         3210260 kB
Active:           448724 kB
Mem:          3.8G       786M       3.1G       5.7M        56M       327M

MemTotal:        4016004 kB
MemFree:         3210244 kB
Active:           448696 kB
Mem:          3.8G       786M       3.1G       5.7M        56M       327M

MemTotal:        4016004 kB
MemFree:         3210352 kB
Active:           448692 kB
Mem:          3.8G       786M       3.1G       5.7M        56M       327M

MemTotal:        4016004 kB
MemFree:         3210632 kB
Active:           448712 kB
Mem:          3.8G       786M       3.1G       5.7M        56M       327M

MemTotal:        4016004 kB
MemFree:         3210632 kB
Active:           448692 kB
Mem:          3.8G       786M       3.1G       5.7M        56M       327M

MemTotal:        4016004 kB
MemFree:         3210384 kB
Active:           448740 kB
Mem:          3.8G       786M       3.1G       5.7M        56M       327M

MemTotal:        4016004 kB
MemFree:         3210012 kB
Active:           448744 kB
Mem:          3.8G       786M       3.1G       5.7M        56M       327M

MemTotal:        4016004 kB
MemFree:         3208212 kB
Active:           448744 kB
Mem:          3.8G       788M       3.1G       5.7M        56M       327M

MemTotal:        4016004 kB
MemFree:         3208864 kB
Active:           450736 kB
Mem:          3.8G       788M       3.1G       5.7M        56M       327M

MemTotal:        4016004 kB
MemFree:         3208492 kB
Active:           450772 kB
Mem:          3.8G       788M       3.1G       5.7M        56M       327M

MemTotal:        4016004 kB
MemFree:         3208492 kB
Active:           450736 kB
Mem:          3.8G       788M       3.1G       5.7M        56M       327M

MemTotal:        4016004 kB
MemFree:         3208740 kB
Active:           450732 kB
Mem:          3.8G       788M       3.1G       5.7M        56M       327M

MemTotal:        4016004 kB
MemFree:         3207856 kB
Active:           450772 kB
Mem:          3.8G       788M       3.1G       5.7M        56M       327M

MemTotal:        4016004 kB
MemFree:         3207732 kB
Active:           450772 kB
Mem:          3.8G       789M       3.1G       5.7M        56M       327M

MemTotal:        4016004 kB
MemFree:         3208104 kB
Active:           450768 kB
Mem:          3.8G       788M       3.1G       5.7M        56M       327M

MemTotal:        4016004 kB
MemFree:         3208352 kB
Active:           450752 kB
Mem:          3.8G       788M       3.1G       5.7M        56M       327M

MemTotal:        4016004 kB
MemFree:         3207856 kB
Active:           450780 kB
Mem:          3.8G       788M       3.1G       5.7M        56M       327M

MemTotal:        4016004 kB
MemFree:         3208088 kB
Active:           448832 kB
Mem:          3.8G       788M       3.1G       5.7M        56M       327M

MemTotal:        4016004 kB
MemFree:         3208468 kB
Active:           450740 kB
Mem:          3.8G       788M       3.1G       5.7M        56M       327M

MemTotal:        4016004 kB
MemFree:         3208468 kB
Active:           450724 kB
Mem:          3.8G       788M       3.1G       5.7M        56M       327M

MemTotal:        4016004 kB
MemFree:         3208080 kB
Active:           450784 kB
Mem:          3.8G       788M       3.1G       5.7M        56M       327M

MemTotal:        4016004 kB
MemFree:         3208452 kB
Active:           450728 kB
Mem:          3.8G       788M       3.1G       5.7M        56M       327M

MemTotal:        4016004 kB
MemFree:         3208312 kB
Active:           450764 kB
Mem:          3.8G       788M       3.1G       5.7M        56M       327M

MemTotal:        4016004 kB
MemFree:         3208064 kB
Active:           450792 kB
Mem:          3.8G       788M       3.1G       5.7M        56M       327M

MemTotal:        4016004 kB
MemFree:         3208296 kB
Active:           450744 kB
Mem:          3.8G       788M       3.1G       5.7M        56M       327M

MemTotal:        4016004 kB
MemFree:         3208420 kB
Active:           450776 kB
Mem:          3.8G       788M       3.1G       5.7M        56M       327M

MemTotal:        4016004 kB
MemFree:         3208528 kB
Active:           450748 kB
Mem:          3.8G       788M       3.1G       5.7M        56M       327M

MemTotal:        4016004 kB
MemFree:         3208600 kB
Active:           448864 kB
Mem:          3.8G       788M       3.1G       5.7M        56M       327M

MemTotal:        4016004 kB
MemFree:         3208492 kB
Active:           450744 kB
Mem:          3.8G       788M       3.1G       5.7M        56M       327M

MemTotal:        4016004 kB
MemFree:         3208600 kB
Active:           450776 kB
Mem:          3.8G       788M       3.1G       5.7M        56M       327M

MemTotal:        4016004 kB
MemFree:         3208848 kB
Active:           450772 kB
Mem:          3.8G       788M       3.1G       5.7M        56M       327M

MemTotal:        4016004 kB
MemFree:         3208600 kB
Active:           450808 kB
Mem:          3.8G       788M       3.1G       5.7M        56M       327M

MemTotal:        4016004 kB
MemFree:         3208460 kB
Active:           450792 kB
Mem:          3.8G       788M       3.1G       5.7M        56M       327M

MemTotal:        4016004 kB
MemFree:         3208832 kB
Active:           450796 kB
Mem:          3.8G       788M       3.1G       5.7M        56M       327M

MemTotal:        4016004 kB
MemFree:         3208568 kB
Active:           450812 kB
Mem:          3.8G       788M       3.1G       5.7M        56M       327M

MemTotal:        4016004 kB
MemFree:         3208676 kB
Active:           450792 kB
Mem:          3.8G       788M       3.1G       5.7M        56M       327M

MemTotal:        4016004 kB
MemFree:         3208676 kB
Active:           450772 kB
Mem:          3.8G       788M       3.1G       5.7M        56M       327M

MemTotal:        4016004 kB
MemFree:         3208304 kB
Active:           450832 kB
Mem:          3.8G       788M       3.1G       5.7M        56M       327M

MemTotal:        4016004 kB
MemFree:         3208520 kB
Active:           450832 kB
Mem:          3.8G       788M       3.1G       5.7M        56M       327M

MemTotal:        4016004 kB
MemFree:         3208536 kB
Active:           450804 kB
Mem:          3.8G       788M       3.1G       5.7M        56M       327M

MemTotal:        4016004 kB
MemFree:         3208616 kB
Active:           450828 kB
Mem:          3.8G       788M       3.1G       5.7M        56M       327M

MemTotal:        4016004 kB
MemFree:         3208584 kB
Active:           450780 kB
Mem:          3.8G       788M       3.1G       5.7M        56M       327M

MemTotal:        4016004 kB
MemFree:         3208616 kB
Active:           450836 kB
Mem:          3.8G       788M       3.1G       5.7M        56M       327M

MemTotal:        4016004 kB
MemFree:         3208600 kB
Active:           450804 kB
Mem:          3.8G       788M       3.1G       5.7M        56M       327M

MemTotal:        4016004 kB
MemFree:         3208584 kB
Active:           450840 kB
Mem:          3.8G       788M       3.1G       5.7M        56M       327M

MemTotal:        4016004 kB
MemFree:         3208368 kB
Active:           450844 kB
Mem:          3.8G       788M       3.1G       5.7M        56M       327M

MemTotal:        4016004 kB
MemFree:         3208616 kB
Active:           450804 kB
Mem:          3.8G       788M       3.1G       5.7M        56M       327M

MemTotal:        4016004 kB
MemFree:         3208604 kB
Active:           450840 kB
Mem:          3.8G       788M       3.1G       5.7M        56M       327M

MemTotal:        4016004 kB
MemFree:         3208620 kB
Active:           450808 kB
Mem:          3.8G       788M       3.1G       5.7M        56M       327M

MemTotal:        4016004 kB
MemFree:         3208124 kB
Active:           450860 kB
Mem:          3.8G       788M       3.1G       5.7M        56M       327M

MemTotal:        4016004 kB
MemFree:         3208572 kB
Active:           450812 kB
Mem:          3.8G       788M       3.1G       5.7M        56M       327M

MemTotal:        4016004 kB
MemFree:         3208480 kB
Active:           450964 kB
Mem:          3.8G       788M       3.1G       5.7M        56M       327M

MemTotal:        4016004 kB
MemFree:         3208372 kB
Active:           450844 kB
Mem:          3.8G       788M       3.1G       5.7M        56M       327M

MemTotal:        4016004 kB
MemFree:         3208744 kB
Active:           450828 kB
Mem:          3.8G       788M       3.1G       5.7M        56M       327M

MemTotal:        4016004 kB
MemFree:         3208744 kB
Active:           450856 kB
Mem:          3.8G       788M       3.1G       5.7M        56M       327M

MemTotal:        4016004 kB
MemFree:         3208744 kB
Active:           450836 kB
Mem:          3.8G       788M       3.1G       5.7M        56M       327M

MemTotal:        4016004 kB
MemFree:         3208448 kB
Active:           450988 kB
Mem:          3.8G       788M       3.1G       5.7M        56M       327M

MemTotal:        4016004 kB
MemFree:         3206260 kB
Active:           450952 kB
Mem:          3.8G       790M       3.1G       5.7M        56M       327M

MemTotal:        4016004 kB
MemFree:         3206672 kB
Active:           452932 kB
Mem:          3.8G       790M       3.1G       5.7M        56M       327M

MemTotal:        4016004 kB
MemFree:         3206268 kB
Active:           452916 kB
Mem:          3.8G       790M       3.1G       5.7M        56M       327M

MemTotal:        4016004 kB
MemFree:         3206460 kB
Active:           453000 kB
Mem:          3.8G       790M       3.1G       5.7M        56M       327M

MemTotal:        4016004 kB
MemFree:         3206460 kB
Active:           452876 kB
Mem:          3.8G       790M       3.1G       5.7M        56M       327M

MemTotal:        4016004 kB
MemFree:         3206568 kB
Active:           452884 kB
Mem:          3.8G       790M       3.1G       5.7M        56M       327M

MemTotal:        4016004 kB
MemFree:         3206816 kB
Active:           452864 kB
Mem:          3.8G       790M       3.1G       5.7M        56M       327M

MemTotal:        4016004 kB
MemFree:         3206924 kB
Active:           452884 kB
Mem:          3.8G       790M       3.1G       5.7M        56M       327M

MemTotal:        4016004 kB
MemFree:         3206164 kB
Active:           453004 kB
Mem:          3.8G       790M       3.1G       5.7M        56M       327M

MemTotal:        4016004 kB
MemFree:         3206396 kB
Active:           452896 kB
Mem:          3.8G       790M       3.1G       5.7M        56M       327M

MemTotal:        4016004 kB
MemFree:         3206112 kB
Active:           451008 kB
Mem:          3.8G       790M       3.1G       5.7M        56M       327M

MemTotal:        4016004 kB
MemFree:         3206784 kB
Active:           450764 kB
Mem:          3.8G       790M       3.1G       5.7M        56M       327M

MemTotal:        4016004 kB
MemFree:         3206660 kB
Active:           450744 kB
Mem:          3.8G       790M       3.1G       5.7M        56M       327M

MemTotal:        4016004 kB
MemFree:         3203080 kB
Active:           456160 kB
Mem:          3.8G       793M       3.1G       5.7M        58M       327M

MemTotal:        4016004 kB
MemFree:         3197704 kB
Active:           460632 kB
Mem:          3.8G       799M       3.0G       5.7M        63M       327M

MemTotal:        4016004 kB
MemFree:         3197964 kB
Active:           460808 kB
Mem:          3.8G       798M       3.0G       5.7M        63M       327M

MemTotal:        4016004 kB
MemFree:         3197608 kB
Active:           460720 kB
Mem:          3.8G       799M       3.0G       5.7M        63M       327M

MemTotal:        4016004 kB
MemFree:         3197748 kB
Active:           460708 kB
Mem:          3.8G       799M       3.0G       5.7M        63M       327M

MemTotal:        4016004 kB
MemFree:         3197980 kB
Active:           460676 kB
Mem:          3.8G       798M       3.0G       5.7M        63M       327M

MemTotal:        4016004 kB
MemFree:         3197664 kB
Active:           460740 kB
Mem:          3.8G       799M       3.0G       5.7M        63M       327M

MemTotal:        4016004 kB
MemFree:         3195064 kB
Active:           460800 kB
Mem:          3.8G       801M       3.0G       5.7M        63M       327M

MemTotal:        4016004 kB
MemFree:         3195352 kB
Active:           462908 kB
Mem:          3.8G       801M       3.0G       5.7M        63M       327M

MemTotal:        4016004 kB
MemFree:         3195244 kB
Active:           462780 kB
Mem:          3.8G       801M       3.0G       5.7M        63M       327M

MemTotal:        4016004 kB
MemFree:         3195120 kB
Active:           462776 kB
Mem:          3.8G       801M       3.0G       5.7M        63M       327M

MemTotal:        4016004 kB
MemFree:         3194980 kB
Active:           462772 kB
Mem:          3.8G       801M       3.0G       5.7M        63M       327M

MemTotal:        4016004 kB
MemFree:         3194980 kB
Active:           462744 kB
Mem:          3.8G       801M       3.0G       5.7M        63M       327M

MemTotal:        4016004 kB
MemFree:         3195088 kB
Active:           462732 kB
Mem:          3.8G       801M       3.0G       5.7M        63M       327M

MemTotal:        4016004 kB
MemFree:         3194964 kB
Active:           462728 kB
Mem:          3.8G       801M       3.0G       5.7M        63M       327M

MemTotal:        4016004 kB
MemFree:         3195196 kB
Active:           462628 kB
Mem:          3.8G       801M       3.0G       5.7M        63M       327M

MemTotal:        4016004 kB
MemFree:         3194576 kB
Active:           462992 kB
Mem:          3.8G       801M       3.0G       5.7M        63M       327M

MemTotal:        4016004 kB
MemFree:         3194976 kB
Active:           460716 kB
Mem:          3.8G       801M       3.0G       5.7M        63M       327M

MemTotal:        4016004 kB
MemFree:         3195456 kB
Active:           462680 kB
Mem:          3.8G       801M       3.0G       5.7M        63M       327M

MemTotal:        4016004 kB
MemFree:         3195300 kB
Active:           462924 kB
Mem:          3.8G       801M       3.0G       5.7M        63M       327M

MemTotal:        4016004 kB
MemFree:         3195580 kB
Active:           462756 kB
Mem:          3.8G       801M       3.0G       5.7M        63M       327M

MemTotal:        4016004 kB
MemFree:         3195564 kB
Active:           462684 kB
Mem:          3.8G       801M       3.0G       5.7M        63M       327M

MemTotal:        4016004 kB
MemFree:         3195440 kB
Active:           462740 kB
Mem:          3.8G       801M       3.0G       5.7M        63M       327M

MemTotal:        4016004 kB
MemFree:         3195192 kB
Active:           462744 kB
Mem:          3.8G       801M       3.0G       5.7M        63M       327M

MemTotal:        4016004 kB
MemFree:         3194804 kB
Active:           462796 kB
Mem:          3.8G       801M       3.0G       5.7M        63M       327M

MemTotal:        4016004 kB
MemFree:         3194912 kB
Active:           462740 kB
Mem:          3.8G       801M       3.0G       5.7M        63M       327M

MemTotal:        4016004 kB
MemFree:         3195516 kB
Active:           462764 kB
Mem:          3.8G       801M       3.0G       5.7M        63M       327M

MemTotal:        4016004 kB
MemFree:         3195624 kB
Active:           462784 kB
Mem:          3.8G       801M       3.0G       5.7M        63M       327M

MemTotal:        4016004 kB
MemFree:         3195300 kB
Active:           462808 kB
Mem:          3.8G       801M       3.0G       5.7M        63M       327M

MemTotal:        4016004 kB
MemFree:         3195300 kB
Active:           462764 kB
Mem:          3.8G       801M       3.0G       5.7M        63M       327M

MemTotal:        4016004 kB
MemFree:         3195052 kB
Active:           462808 kB
Mem:          3.8G       801M       3.0G       5.7M        63M       327M

MemTotal:        4016004 kB
MemFree:         3195300 kB
Active:           462776 kB
Mem:          3.8G       801M       3.0G       5.7M        63M       327M

MemTotal:        4016004 kB
MemFree:         3195424 kB
Active:           462756 kB
Mem:          3.8G       801M       3.0G       5.7M        63M       327M

MemTotal:        4016004 kB
MemFree:         3195176 kB
Active:           462776 kB
Mem:          3.8G       801M       3.0G       5.7M        63M       327M

MemTotal:        4016004 kB
MemFree:         3194804 kB
Active:           462816 kB
Mem:          3.8G       801M       3.0G       5.7M        63M       327M

MemTotal:        4016004 kB
MemFree:         3194680 kB
Active:           462812 kB
Mem:          3.8G       802M       3.0G       5.7M        63M       327M

MemTotal:        4016004 kB
MemFree:         3194680 kB
Active:           462788 kB
Mem:          3.8G       802M       3.0G       5.7M        63M       327M

MemTotal:        4016004 kB
MemFree:         3194804 kB
Active:           462768 kB
Mem:          3.8G       801M       3.0G       5.7M        63M       327M

MemTotal:        4016004 kB
MemFree:         3194540 kB
Active:           462788 kB
Mem:          3.8G       802M       3.0G       5.7M        63M       327M

MemTotal:        4016004 kB
MemFree:         3194524 kB
Active:           462796 kB
Mem:          3.8G       802M       3.0G       5.7M        63M       327M

MemTotal:        4016004 kB
MemFree:         3194756 kB
Active:           462768 kB
Mem:          3.8G       801M       3.0G       5.7M        63M       327M

MemTotal:        4016004 kB
MemFree:         3195332 kB
Active:           462784 kB
Mem:          3.8G       801M       3.0G       5.7M        63M       327M

MemTotal:        4016004 kB
MemFree:         3195332 kB
Active:           462824 kB
Mem:          3.8G       801M       3.0G       5.7M        63M       327M

MemTotal:        4016004 kB
MemFree:         3195456 kB
Active:           462800 kB
Mem:          3.8G       801M       3.0G       5.7M        63M       327M

MemTotal:        4016004 kB
MemFree:         3195704 kB
Active:           462824 kB
Mem:          3.8G       801M       3.0G       5.7M        63M       327M

MemTotal:        4016004 kB
MemFree:         3195084 kB
Active:           462804 kB
Mem:          3.8G       801M       3.0G       5.7M        63M       327M

MemTotal:        4016004 kB
MemFree:         3195084 kB
Active:           462840 kB
Mem:          3.8G       801M       3.0G       5.7M        63M       327M

MemTotal:        4016004 kB
MemFree:         3193036 kB
Active:           462804 kB
Mem:          3.8G       803M       3.0G       5.7M        63M       327M

MemTotal:        4016004 kB
MemFree:         3193284 kB
Active:           462796 kB
Mem:          3.8G       803M       3.0G       5.7M        63M       327M

MemTotal:        4016004 kB
MemFree:         3193036 kB
Active:           464816 kB
Mem:          3.8G       803M       3.0G       5.7M        63M       327M

MemTotal:        4016004 kB
MemFree:         3192400 kB
Active:           464868 kB
Mem:          3.8G       803M       3.0G       5.7M        63M       327M

MemTotal:        4016004 kB
MemFree:         3192276 kB
Active:           464868 kB
Mem:          3.8G       804M       3.0G       5.7M        63M       327M

MemTotal:        4016004 kB
MemFree:         3192632 kB
Active:           464844 kB
Mem:          3.8G       804M       3.0G       5.7M        63M       327M

MemTotal:        4016004 kB
MemFree:         3192572 kB
Active:           464872 kB
Mem:          3.8G       804M       3.0G       5.7M        63M       327M

MemTotal:        4016004 kB
MemFree:         3192696 kB
Active:           464844 kB
Mem:          3.8G       804M       3.0G       5.7M        63M       327M

MemTotal:        4016004 kB
MemFree:         3192820 kB
Active:           464840 kB
Mem:          3.8G       804M       3.0G       5.7M        63M       327M

MemTotal:        4016004 kB
MemFree:         3192696 kB
Active:           464820 kB
Mem:          3.8G       804M       3.0G       5.7M        63M       327M

MemTotal:        4016004 kB
MemFree:         3192820 kB
Active:           464860 kB
Mem:          3.8G       803M       3.0G       5.7M        63M       327M

MemTotal:        4016004 kB
MemFree:         3192572 kB
Active:           464876 kB
Mem:          3.8G       804M       3.0G       5.7M        63M       327M

MemTotal:        4016004 kB
MemFree:         3193176 kB
Active:           464868 kB
Mem:          3.8G       803M       3.0G       5.7M        63M       327M

MemTotal:        4016004 kB
MemFree:         3193408 kB
Active:           464840 kB
Mem:          3.8G       803M       3.0G       5.7M        63M       327M

MemTotal:        4016004 kB
MemFree:         3193144 kB
Active:           464888 kB
Mem:          3.8G       803M       3.0G       5.7M        63M       327M

MemTotal:        4016004 kB
MemFree:         3193128 kB
Active:           464860 kB
Mem:          3.8G       803M       3.0G       5.7M        63M       327M

MemTotal:        4016004 kB
MemFree:         3193128 kB
Active:           464884 kB
Mem:          3.8G       803M       3.0G       5.7M        63M       327M

MemTotal:        4016004 kB
MemFree:         3193128 kB
Active:           464868 kB
Mem:          3.8G       803M       3.0G       5.7M        63M       327M

MemTotal:        4016004 kB
MemFree:         3192864 kB
Active:           464856 kB
Mem:          3.8G       803M       3.0G       5.7M        63M       327M

MemTotal:        4016004 kB
MemFree:         3192988 kB
Active:           464868 kB
Mem:          3.8G       803M       3.0G       5.7M        63M       327M

MemTotal:        4016004 kB
MemFree:         3192784 kB
Active:           462864 kB
Mem:          3.8G       803M       3.0G       5.7M        63M       327M

MemTotal:        4016004 kB
MemFree:         3193140 kB
Active:           464884 kB
Mem:          3.8G       803M       3.0G       5.7M        63M       327M

MemTotal:        4016004 kB
MemFree:         3193000 kB
Active:           464920 kB
Mem:          3.8G       803M       3.0G       5.7M        63M       327M

MemTotal:        4016004 kB
MemFree:         3192752 kB
Active:           464928 kB
Mem:          3.8G       803M       3.0G       5.7M        63M       327M

MemTotal:        4016004 kB
MemFree:         3193068 kB
Active:           464932 kB
Mem:          3.8G       803M       3.0G       5.7M        63M       327M

MemTotal:        4016004 kB
MemFree:         3193192 kB
Active:           464892 kB
Mem:          3.8G       803M       3.0G       5.7M        63M       327M

MemTotal:        4016004 kB
MemFree:         3193068 kB
Active:           464912 kB
Mem:          3.8G       803M       3.0G       5.7M        63M       327M

MemTotal:        4016004 kB
MemFree:         3193192 kB
Active:           464896 kB
Mem:          3.8G       803M       3.0G       5.7M        63M       327M

MemTotal:        4016004 kB
MemFree:         3193192 kB
Active:           464912 kB
Mem:          3.8G       803M       3.0G       5.7M        63M       327M

MemTotal:        4016004 kB
MemFree:         3192944 kB
Active:           464940 kB
Mem:          3.8G       803M       3.0G       5.7M        63M       327M

MemTotal:        4016004 kB
MemFree:         3193068 kB
Active:           464920 kB
Mem:          3.8G       803M       3.0G       5.7M        63M       327M

MemTotal:        4016004 kB
MemFree:         3193240 kB
Active:           464888 kB
Mem:          3.8G       803M       3.0G       5.7M        63M       327M

MemTotal:        4016004 kB
MemFree:         3192992 kB
Active:           464908 kB
Mem:          3.8G       803M       3.0G       5.7M        63M       327M

MemTotal:        4016004 kB
MemFree:         3193116 kB
Active:           464904 kB
Mem:          3.8G       803M       3.0G       5.7M        63M       327M

MemTotal:        4016004 kB
MemFree:         3193116 kB
Active:           464944 kB
Mem:          3.8G       803M       3.0G       5.7M        63M       327M

MemTotal:        4016004 kB
MemFree:         3193116 kB
Active:           464920 kB
Mem:          3.8G       803M       3.0G       5.7M        63M       327M

MemTotal:        4016004 kB
MemFree:         3193116 kB
Active:           464956 kB
Mem:          3.8G       803M       3.0G       5.7M        63M       327M

MemTotal:        4016004 kB
MemFree:         3193368 kB
Active:           464948 kB
Mem:          3.8G       803M       3.0G       5.7M        63M       327M

MemTotal:        4016004 kB
MemFree:         3193540 kB
Active:           464936 kB
Mem:          3.8G       803M       3.0G       5.7M        63M       327M

MemTotal:        4016004 kB
MemFree:         3193540 kB
Active:           464920 kB
Mem:          3.8G       803M       3.0G       5.7M        63M       327M

MemTotal:        4016004 kB
MemFree:         3190996 kB
Active:           464940 kB
Mem:          3.8G       805M       3.0G       5.7M        63M       327M

MemTotal:        4016004 kB
MemFree:         3191260 kB
Active:           466952 kB
Mem:          3.8G       805M       3.0G       5.7M        63M       327M

MemTotal:        4016004 kB
MemFree:         3191136 kB
Active:           466976 kB
Mem:          3.8G       805M       3.0G       5.7M        63M       327M

MemTotal:        4016004 kB
MemFree:         3190888 kB
Active:           466996 kB
Mem:          3.8G       805M       3.0G       5.7M        63M       327M

MemTotal:        4016004 kB
MemFree:         3191260 kB
Active:           466972 kB
Mem:          3.8G       805M       3.0G       5.7M        63M       327M

MemTotal:        4016004 kB
MemFree:         3191384 kB
Active:           466968 kB
Mem:          3.8G       805M       3.0G       5.7M        63M       327M

MemTotal:        4016004 kB
MemFree:         3191136 kB
Active:           466996 kB
Mem:          3.8G       805M       3.0G       5.7M        63M       327M

MemTotal:        4016004 kB
MemFree:         3191400 kB
Active:           466952 kB
Mem:          3.8G       805M       3.0G       5.7M        63M       327M

MemTotal:        4016004 kB
MemFree:         3191400 kB
Active:           466980 kB
Mem:          3.8G       805M       3.0G       5.7M        63M       327M

MemTotal:        4016004 kB
MemFree:         3191400 kB
Active:           466952 kB
Mem:          3.8G       805M       3.0G       5.7M        63M       327M

MemTotal:        4016004 kB
MemFree:         3191020 kB
Active:           465044 kB
Mem:          3.8G       805M       3.0G       5.7M        63M       327M

MemTotal:        4016004 kB
MemFree:         3191020 kB
Active:           467056 kB
Mem:          3.8G       805M       3.0G       5.7M        63M       327M

MemTotal:        4016004 kB
MemFree:         3191268 kB
Active:           467052 kB
Mem:          3.8G       805M       3.0G       5.7M        63M       327M

MemTotal:        4016004 kB
MemFree:         3191516 kB
Active:           466896 kB
Mem:          3.8G       805M       3.0G       5.7M        63M       327M

MemTotal:        4016004 kB
MemFree:         3191036 kB
Active:           466932 kB
Mem:          3.8G       805M       3.0G       5.7M        63M       327M

MemTotal:        4016004 kB
MemFree:         3191672 kB
Active:           466908 kB
Mem:          3.8G       805M       3.0G       5.7M        63M       327M

MemTotal:        4016004 kB
MemFree:         3191548 kB
Active:           466892 kB
Mem:          3.8G       805M       3.0G       5.7M        63M       327M

MemTotal:        4016004 kB
MemFree:         3191316 kB
Active:           466944 kB
Mem:          3.8G       805M       3.0G       5.7M        63M       327M

MemTotal:        4016004 kB
MemFree:         3191440 kB
Active:           466920 kB
Mem:          3.8G       805M       3.0G       5.7M        63M       327M

MemTotal:        4016004 kB
MemFree:         3191688 kB
Active:           466944 kB
Mem:          3.8G       804M       3.0G       5.7M        63M       327M

MemTotal:        4016004 kB
MemFree:         3191616 kB
Active:           464872 kB
Mem:          3.8G       805M       3.0G       5.7M        63M       327M

MemTotal:        4016004 kB
MemFree:         3191988 kB
Active:           466928 kB
Mem:          3.8G       804M       3.0G       5.7M        63M       327M

MemTotal:        4016004 kB
MemFree:         3191864 kB
Active:           466920 kB
Mem:          3.8G       804M       3.0G       5.7M        63M       327M

MemTotal:        4016004 kB
MemFree:         3191740 kB
Active:           466928 kB
Mem:          3.8G       804M       3.0G       5.7M        63M       327M

MemTotal:        4016004 kB
MemFree:         3191988 kB
Active:           466956 kB
Mem:          3.8G       804M       3.0G       5.7M        63M       327M

MemTotal:        4016004 kB
MemFree:         3191864 kB
Active:           466940 kB
Mem:          3.8G       804M       3.0G       5.7M        63M       327M

MemTotal:        4016004 kB
MemFree:         3192004 kB
Active:           466932 kB
Mem:          3.8G       804M       3.0G       5.7M        63M       327M

MemTotal:        4016004 kB
MemFree:         3192004 kB
Active:           466944 kB
Mem:          3.8G       804M       3.0G       5.7M        63M       327M

MemTotal:        4016004 kB
MemFree:         3191632 kB
Active:           466956 kB
Mem:          3.8G       804M       3.0G       5.7M        63M       327M

MemTotal:        4016004 kB
MemFree:         3191880 kB
Active:           466940 kB
Mem:          3.8G       804M       3.0G       5.7M        63M       327M

MemTotal:        4016004 kB
MemFree:         3191632 kB
Active:           466964 kB
Mem:          3.8G       805M       3.0G       5.7M        63M       327M

MemTotal:        4016004 kB
MemFree:         3191624 kB
Active:           466972 kB
Mem:          3.8G       805M       3.0G       5.7M        63M       327M

MemTotal:        4016004 kB
MemFree:         3191996 kB
Active:           466944 kB
Mem:          3.8G       804M       3.0G       5.7M        63M       327M

MemTotal:        4016004 kB
MemFree:         3191872 kB
Active:           466972 kB
Mem:          3.8G       804M       3.0G       5.7M        63M       327M

MemTotal:        4016004 kB
MemFree:         3191500 kB
Active:           466972 kB
Mem:          3.8G       805M       3.0G       5.7M        63M       327M

MemTotal:        4016004 kB
MemFree:         3191376 kB
Active:           466976 kB
Mem:          3.8G       805M       3.0G       5.7M        63M       327M

MemTotal:        4016004 kB
MemFree:         3191252 kB
Active:           466940 kB
Mem:          3.8G       805M       3.0G       5.7M        63M       327M

MemTotal:        4016004 kB
MemFree:         3190880 kB
Active:           466984 kB
Mem:          3.8G       805M       3.0G       5.7M        63M       327M

MemTotal:        4016004 kB
MemFree:         3191500 kB
Active:           466972 kB
Mem:          3.8G       805M       3.0G       5.7M        63M       327M

MemTotal:        4016004 kB
MemFree:         3191500 kB
Active:           466932 kB
Mem:          3.8G       805M       3.0G       5.7M        63M       327M

MemTotal:        4016004 kB
MemFree:         3191252 kB
Active:           466984 kB
Mem:          3.8G       805M       3.0G       5.7M        63M       327M

MemTotal:        4016004 kB
MemFree:         3191376 kB
Active:           466988 kB
Mem:          3.8G       805M       3.0G       5.7M        63M       327M

MemTotal:        4016004 kB
MemFree:         3191376 kB
Active:           466988 kB
Mem:          3.8G       805M       3.0G       5.7M        63M       327M

MemTotal:        4016004 kB
MemFree:         3191624 kB
Active:           466948 kB
Mem:          3.8G       805M       3.0G       5.7M        63M       327M

MemTotal:        4016004 kB
MemFree:         3191500 kB
Active:           466972 kB
Mem:          3.8G       805M       3.0G       5.7M        63M       327M

MemTotal:        4016004 kB
MemFree:         3191500 kB
Active:           466968 kB
Mem:          3.8G       805M       3.0G       5.7M        63M       327M

MemTotal:        4016004 kB
MemFree:         3191624 kB
Active:           466956 kB
Mem:          3.8G       805M       3.0G       5.7M        63M       327M

MemTotal:        4016004 kB
MemFree:         3191624 kB
Active:           466948 kB
Mem:          3.8G       805M       3.0G       5.7M        63M       327M

MemTotal:        4016004 kB
MemFree:         3191128 kB
Active:           467008 kB
Mem:          3.8G       805M       3.0G       5.7M        63M       327M

MemTotal:        4016004 kB
MemFree:         3191128 kB
Active:           466956 kB
Mem:          3.8G       805M       3.0G       5.7M        63M       327M

MemTotal:        4016004 kB
MemFree:         3191312 kB
Active:           464968 kB
Mem:          3.8G       805M       3.0G       5.7M        63M       327M

MemTotal:        4016004 kB
MemFree:         3190948 kB
Active:           466980 kB
Mem:          3.8G       805M       3.0G       5.7M        63M       327M

MemTotal:        4016004 kB
MemFree:         3191072 kB
Active:           466980 kB
Mem:          3.8G       805M       3.0G       5.7M        63M       327M

MemTotal:        4016004 kB
MemFree:         3190948 kB
Active:           467016 kB
Mem:          3.8G       805M       3.0G       5.7M        63M       327M

MemTotal:        4016004 kB
MemFree:         3191072 kB
Active:           467000 kB
Mem:          3.8G       805M       3.0G       5.7M        63M       327M

MemTotal:        4016004 kB
MemFree:         3190824 kB
Active:           467000 kB
Mem:          3.8G       805M       3.0G       5.7M        63M       327M

MemTotal:        4016004 kB
MemFree:         3190824 kB
Active:           466992 kB
Mem:          3.8G       805M       3.0G       5.7M        63M       327M

MemTotal:        4016004 kB
MemFree:         3191568 kB
Active:           466980 kB
Mem:          3.8G       805M       3.0G       5.7M        63M       327M

MemTotal:        4016004 kB
MemFree:         3191320 kB
Active:           467024 kB
Mem:          3.8G       805M       3.0G       5.7M        63M       327M

MemTotal:        4016004 kB
MemFree:         3191072 kB
Active:           467044 kB
Mem:          3.8G       805M       3.0G       5.7M        63M       327M

MemTotal:        4016004 kB
MemFree:         3191444 kB
Active:           467004 kB
Mem:          3.8G       805M       3.0G       5.7M        63M       327M

MemTotal:        4016004 kB
MemFree:         3191444 kB
Active:           466988 kB
Mem:          3.8G       805M       3.0G       5.7M        63M       327M

MemTotal:        4016004 kB
MemFree:         3191320 kB
Active:           466996 kB
Mem:          3.8G       805M       3.0G       5.7M        63M       327M

MemTotal:        4016004 kB
MemFree:         3191196 kB
Active:           467012 kB
Mem:          3.8G       805M       3.0G       5.7M        63M       327M

MemTotal:        4016004 kB
MemFree:         3190948 kB
Active:           467044 kB
Mem:          3.8G       805M       3.0G       5.7M        63M       327M

MemTotal:        4016004 kB
MemFree:         3190824 kB
Active:           467044 kB
Mem:          3.8G       805M       3.0G       5.7M        63M       327M

MemTotal:        4016004 kB
MemFree:         3191196 kB
Active:           467024 kB
Mem:          3.8G       805M       3.0G       5.7M        63M       327M

MemTotal:        4016004 kB
MemFree:         3191196 kB
Active:           467012 kB
Mem:          3.8G       805M       3.0G       5.7M        63M       327M

MemTotal:        4016004 kB
MemFree:         3191196 kB
Active:           466996 kB
Mem:          3.8G       805M       3.0G       5.7M        63M       327M

MemTotal:        4016004 kB
MemFree:         3190948 kB
Active:           467020 kB
Mem:          3.8G       805M       3.0G       5.7M        63M       327M

MemTotal:        4016004 kB
MemFree:         3191056 kB
Active:           464952 kB
Mem:          3.8G       805M       3.0G       5.7M        63M       327M

MemTotal:        4016004 kB
MemFree:         3190436 kB
Active:           465008 kB
Mem:          3.8G       805M       3.0G       5.7M        63M       327M

MemTotal:        4016004 kB
MemFree:         3191304 kB
Active:           467028 kB
Mem:          3.8G       805M       3.0G       5.7M        63M       327M

MemTotal:        4016004 kB
MemFree:         3191428 kB
Active:           467016 kB
Mem:          3.8G       805M       3.0G       5.7M        63M       327M

MemTotal:        4016004 kB
MemFree:         3191428 kB
Active:           467028 kB
Mem:          3.8G       805M       3.0G       5.7M        63M       327M

MemTotal:        4016004 kB
MemFree:         3191428 kB
Active:           467060 kB
Mem:          3.8G       805M       3.0G       5.7M        63M       327M

MemTotal:        4016004 kB
MemFree:         3191180 kB
Active:           467016 kB
Mem:          3.8G       805M       3.0G       5.7M        63M       327M

MemTotal:        4016004 kB
MemFree:         3191180 kB
Active:           467008 kB
Mem:          3.8G       805M       3.0G       5.7M        63M       327M

MemTotal:        4016004 kB
MemFree:         3191180 kB
Active:           467036 kB
Mem:          3.8G       805M       3.0G       5.7M        63M       327M

MemTotal:        4016004 kB
MemFree:         3191180 kB
Active:           467068 kB
Mem:          3.8G       805M       3.0G       5.7M        63M       327M

MemTotal:        4016004 kB
MemFree:         3191288 kB
Active:           465016 kB
Mem:          3.8G       805M       3.0G       5.7M        63M       327M

MemTotal:        4016004 kB
MemFree:         3191412 kB
Active:           467040 kB
Mem:          3.8G       805M       3.0G       5.7M        63M       327M

MemTotal:        4016004 kB
MemFree:         3191536 kB
Active:           467076 kB
Mem:          3.8G       805M       3.0G       5.7M        63M       327M

MemTotal:        4016004 kB
MemFree:         3191164 kB
Active:           467080 kB
Mem:          3.8G       805M       3.0G       5.7M        63M       327M

MemTotal:        4016004 kB
MemFree:         3191536 kB
Active:           467060 kB
Mem:          3.8G       805M       3.0G       5.7M        63M       327M

MemTotal:        4016004 kB
MemFree:         3191660 kB
Active:           467044 kB
Mem:          3.8G       805M       3.0G       5.7M        63M       327M

MemTotal:        4016004 kB
MemFree:         3191288 kB
Active:           467088 kB
Mem:          3.8G       805M       3.0G       5.7M        63M       327M

MemTotal:        4016004 kB
MemFree:         3191536 kB
Active:           467064 kB
Mem:          3.8G       805M       3.0G       5.7M        63M       327M

MemTotal:        4016004 kB
MemFree:         3191784 kB
Active:           467032 kB
Mem:          3.8G       804M       3.0G       5.7M        63M       327M

MemTotal:        4016004 kB
MemFree:         3191412 kB
Active:           467096 kB
Mem:          3.8G       804M       3.0G       5.7M        63M       327M

MemTotal:        4016004 kB
MemFree:         3191412 kB
Active:           467096 kB
Mem:          3.8G       804M       3.0G       5.7M        63M       327M

MemTotal:        4016004 kB
MemFree:         3191660 kB
Active:           467076 kB
Mem:          3.8G       805M       3.0G       5.7M        63M       327M

MemTotal:        4016004 kB
MemFree:         3191164 kB
Active:           467100 kB
Mem:          3.8G       805M       3.0G       5.7M        63M       327M

MemTotal:        4016004 kB
MemFree:         3191536 kB
Active:           467108 kB
Mem:          3.8G       804M       3.0G       5.7M        63M       327M

MemTotal:        4016004 kB
MemFree:         3191908 kB
Active:           467076 kB
Mem:          3.8G       804M       3.0G       5.7M        63M       327M

MemTotal:        4016004 kB
MemFree:         3191412 kB
Active:           467108 kB
Mem:          3.8G       805M       3.0G       5.7M        63M       327M

MemTotal:        4016004 kB
MemFree:         3191412 kB
Active:           467064 kB
Mem:          3.8G       805M       3.0G       5.7M        63M       327M

MemTotal:        4016004 kB
MemFree:         3191040 kB
Active:           467112 kB
Mem:          3.8G       805M       3.0G       5.7M        63M       327M

MemTotal:        4016004 kB
MemFree:         3191412 kB
Active:           467076 kB
Mem:          3.8G       805M       3.0G       5.7M        63M       327M

MemTotal:        4016004 kB
MemFree:         3191288 kB
Active:           467108 kB
Mem:          3.8G       805M       3.0G       5.7M        63M       327M

MemTotal:        4016004 kB
MemFree:         3191536 kB
Active:           467080 kB
Mem:          3.8G       805M       3.0G       5.7M        63M       327M

MemTotal:        4016004 kB
MemFree:         3191660 kB
Active:           467104 kB
Mem:          3.8G       805M       3.0G       5.7M        63M       327M

MemTotal:        4016004 kB
MemFree:         3191660 kB
Active:           467120 kB
Mem:          3.8G       804M       3.0G       5.7M        63M       327M

MemTotal:        4016004 kB
MemFree:         3191660 kB
Active:           467108 kB
Mem:          3.8G       804M       3.0G       5.7M        63M       327M

MemTotal:        4016004 kB
MemFree:         3191660 kB
Active:           467076 kB
Mem:          3.8G       804M       3.0G       5.7M        63M       327M

MemTotal:        4016004 kB
MemFree:         3191660 kB
Active:           467124 kB
Mem:          3.8G       805M       3.0G       5.7M        63M       327M

MemTotal:        4016004 kB
MemFree:         3191784 kB
Active:           467112 kB
Mem:          3.8G       804M       3.0G       5.7M        63M       327M

MemTotal:        4016004 kB
MemFree:         3191412 kB
Active:           467128 kB
Mem:          3.8G       805M       3.0G       5.7M        63M       327M

MemTotal:        4016004 kB
MemFree:         3191784 kB
Active:           467116 kB
Mem:          3.8G       805M       3.0G       5.7M        63M       327M

MemTotal:        4016004 kB
MemFree:         3191412 kB
Active:           467124 kB
Mem:          3.8G       805M       3.0G       5.7M        63M       327M

MemTotal:        4016004 kB
MemFree:         3191288 kB
Active:           467092 kB
Mem:          3.8G       805M       3.0G       5.7M        63M       327M

MemTotal:        4016004 kB
MemFree:         3191536 kB
Active:           467124 kB
Mem:          3.8G       805M       3.0G       5.7M        63M       327M

MemTotal:        4016004 kB
MemFree:         3191412 kB
Active:           467096 kB
Mem:          3.8G       805M       3.0G       5.7M        63M       327M

MemTotal:        4016004 kB
MemFree:         3191040 kB
Active:           467140 kB
Mem:          3.8G       805M       3.0G       5.7M        63M       327M

MemTotal:        4016004 kB
MemFree:         3191380 kB
Active:           467136 kB
Mem:          3.8G       805M       3.0G       5.7M        63M       327M

MemTotal:        4016004 kB
MemFree:         3191380 kB
Active:           467084 kB
Mem:          3.8G       805M       3.0G       5.7M        63M       327M

MemTotal:        4016004 kB
MemFree:         3191380 kB
Active:           467140 kB
Mem:          3.8G       805M       3.0G       5.7M        63M       327M

MemTotal:        4016004 kB
MemFree:         3191876 kB
Active:           467128 kB
Mem:          3.8G       805M       3.0G       5.7M        63M       327M

MemTotal:        4016004 kB
MemFree:         3191644 kB
Active:           467108 kB
Mem:          3.8G       805M       3.0G       5.7M        63M       327M

MemTotal:        4016004 kB
MemFree:         3191768 kB
Active:           467104 kB
Mem:          3.8G       805M       3.0G       5.7M        63M       327M

MemTotal:        4016004 kB
MemFree:         3191268 kB
Active:           465100 kB
Mem:          3.8G       805M       3.0G       5.7M        63M       327M

MemTotal:        4016004 kB
MemFree:         3191144 kB
Active:           467124 kB
Mem:          3.8G       805M       3.0G       5.7M        63M       327M

MemTotal:        4016004 kB
MemFree:         3191144 kB
Active:           467120 kB
Mem:          3.8G       805M       3.0G       5.7M        63M       327M

MemTotal:        4016004 kB
MemFree:         3190896 kB
Active:           467152 kB
Mem:          3.8G       805M       3.0G       5.7M        63M       327M

MemTotal:        4016004 kB
MemFree:         3191392 kB
Active:           467144 kB
Mem:          3.8G       805M       3.0G       5.7M        63M       327M

MemTotal:        4016004 kB
MemFree:         3191392 kB
Active:           467132 kB
Mem:          3.8G       805M       3.0G       5.7M        63M       327M

MemTotal:        4016004 kB
MemFree:         3191144 kB
Active:           467168 kB
Mem:          3.8G       805M       3.0G       5.7M        63M       327M

MemTotal:        4016004 kB
MemFree:         3191640 kB
Active:           467116 kB
Mem:          3.8G       805M       3.0G       5.7M        63M       327M

MemTotal:        4016004 kB
MemFree:         3191516 kB
Active:           467160 kB
Mem:          3.8G       805M       3.0G       5.7M        63M       327M

MemTotal:        4016004 kB
MemFree:         3191392 kB
Active:           467140 kB
Mem:          3.8G       805M       3.0G       5.7M        63M       327M

MemTotal:        4016004 kB
MemFree:         3189732 kB
Active:           467120 kB
Mem:          3.8G       807M       3.0G       5.7M        63M       327M

MemTotal:        4016004 kB
MemFree:         3189980 kB
Active:           469212 kB
Mem:          3.8G       806M       3.0G       5.7M        63M       327M

MemTotal:        4016004 kB
MemFree:         3190104 kB
Active:           469180 kB
Mem:          3.8G       806M       3.0G       5.7M        63M       327M

MemTotal:        4016004 kB
MemFree:         3189856 kB
Active:           469172 kB
Mem:          3.8G       806M       3.0G       5.7M        63M       327M

MemTotal:        4016004 kB
MemFree:         3189964 kB
Active:           469200 kB
Mem:          3.8G       806M       3.0G       5.7M        63M       327M

MemTotal:        4016004 kB
MemFree:         3189840 kB
Active:           469180 kB
Mem:          3.8G       806M       3.0G       5.7M        63M       327M

MemTotal:        4016004 kB
MemFree:         3189716 kB
Active:           469160 kB
Mem:          3.8G       806M       3.0G       5.7M        63M       327M

MemTotal:        4016004 kB
MemFree:         3189840 kB
Active:           469192 kB
Mem:          3.8G       807M       3.0G       5.7M        63M       327M

MemTotal:        4016004 kB
MemFree:         3147364 kB
Active:           469544 kB
Mem:          3.8G       847M       3.0G       5.7M        63M       368M

MemTotal:        4016004 kB
MemFree:         3103000 kB
Active:           469548 kB
Mem:          3.8G       891M       3.0G       5.7M        63M       410M

MemTotal:        4016004 kB
MemFree:         3059644 kB
Active:           469548 kB
Mem:          3.8G       934M       2.9G       5.7M        63M       453M

MemTotal:        4016004 kB
MemFree:         3014536 kB
Active:           469496 kB
Mem:          3.8G       977M       2.9G       5.7M        63M       496M

MemTotal:        4016004 kB
MemFree:         2970528 kB
Active:           469512 kB
Mem:          3.8G       1.0G       2.8G       5.7M        63M       538M

MemTotal:        4016004 kB
MemFree:         2926552 kB
Active:           469544 kB
Mem:          3.8G       1.0G       2.8G       5.7M        63M       581M

MemTotal:        4016004 kB
MemFree:         2881304 kB
Active:           469564 kB
Mem:          3.8G       1.1G       2.7G       5.7M        63M       624M

MemTotal:        4016004 kB
MemFree:         2836276 kB
Active:           469564 kB
Mem:          3.8G       1.1G       2.7G       5.7M        63M       666M

MemTotal:        4016004 kB
MemFree:         2792988 kB
Active:           469532 kB
Mem:          3.8G       1.2G       2.7G       5.7M        63M       709M

MemTotal:        4016004 kB
MemFree:         2747740 kB
Active:           469572 kB
Mem:          3.8G       1.2G       2.6G       5.7M        63M       752M

MemTotal:        4016004 kB
MemFree:         2704972 kB
Active:           469572 kB
Mem:          3.8G       1.3G       2.6G       5.7M        63M       794M

MemTotal:        4016004 kB
MemFree:         2660068 kB
Active:           469540 kB
Mem:          3.8G       1.3G       2.5G       5.7M        63M       837M

MemTotal:        4016004 kB
MemFree:         2651116 kB
Active:           469548 kB
Mem:          3.8G       1.3G       2.5G       5.7M        63M       843M

MemTotal:        4016004 kB
MemFree:         2617340 kB
Active:           471632 kB
Mem:          3.8G       1.3G       2.5G       5.7M        63M       876M

MemTotal:        4016004 kB
MemFree:         2572604 kB
Active:           471636 kB
Mem:          3.8G       1.4G       2.5G       5.7M        63M       918M

MemTotal:        4016004 kB
MemFree:         2528556 kB
Active:           471640 kB
Mem:          3.8G       1.4G       2.4G       5.7M        63M       961M

MemTotal:        4016004 kB
MemFree:         2484320 kB
Active:           471600 kB
Mem:          3.8G       1.5G       2.4G       5.7M        63M       1.0G

MemTotal:        4016004 kB
MemFree:         2439692 kB
Active:           471648 kB
Mem:          3.8G       1.5G       2.3G       5.7M        63M       1.0G

MemTotal:        4016004 kB
MemFree:         2394832 kB
Active:           471648 kB
Mem:          3.8G       1.5G       2.3G       5.7M        63M       1.1G

MemTotal:        4016004 kB
MemFree:         2349980 kB
Active:           471648 kB
Mem:          3.8G       1.6G       2.2G       5.7M        63M       1.1G

MemTotal:        4016004 kB
MemFree:         2306236 kB
Active:           471624 kB
Mem:          3.8G       1.6G       2.2G       5.7M        63M       1.1G

MemTotal:        4016004 kB
MemFree:         2262708 kB
Active:           471648 kB
Mem:          3.8G       1.7G       2.2G       5.7M        63M       1.2G

MemTotal:        4016004 kB
MemFree:         2217568 kB
Active:           469668 kB
Mem:          3.8G       1.7G       2.1G       5.7M        63M       1.2G

MemTotal:        4016004 kB
MemFree:         2205832 kB
Active:           471716 kB
Mem:          3.8G       1.7G       2.1G       5.7M        63M       1.2G

MemTotal:        4016004 kB
MemFree:         2162588 kB
Active:           471720 kB
Mem:          3.8G       1.8G       2.1G       5.7M        63M       1.3G

MemTotal:        4016004 kB
MemFree:         2117700 kB
Active:           471720 kB
Mem:          3.8G       1.8G       2.0G       5.7M        63M       1.3G

MemTotal:        4016004 kB
MemFree:         2115280 kB
Active:           471728 kB
Mem:          3.8G       1.8G       2.0G       5.7M        63M       1.3G

MemTotal:        4016004 kB
MemFree:         2115344 kB
Active:           471736 kB
Mem:          3.8G       1.8G       2.0G       5.7M        63M       1.3G

MemTotal:        4016004 kB
MemFree:         2115504 kB
Active:           471716 kB
Mem:          3.8G       1.8G       2.0G       5.7M        63M       1.3G

MemTotal:        4016004 kB
MemFree:         2080800 kB
Active:           471772 kB
Mem:          3.8G       1.8G       2.0G       5.7M        63M       1.4G

MemTotal:        4016004 kB
MemFree:         2035788 kB
Active:           471724 kB
Mem:          3.8G       1.9G       1.9G       5.7M        63M       1.4G

MemTotal:        4016004 kB
MemFree:         1990928 kB
Active:           471780 kB
Mem:          3.8G       1.9G       1.9G       5.7M        63M       1.4G

MemTotal:        4016004 kB
MemFree:         1946284 kB
Active:           471780 kB
Mem:          3.8G       2.0G       1.9G       5.7M        63M       1.5G

MemTotal:        4016004 kB
MemFree:         1902912 kB
Active:           471772 kB
Mem:          3.8G       2.0G       1.8G       5.7M        63M       1.5G

MemTotal:        4016004 kB
MemFree:         1857788 kB
Active:           471740 kB
Mem:          3.8G       2.1G       1.8G       5.7M        63M       1.6G

MemTotal:        4016004 kB
MemFree:         1813656 kB
Active:           471792 kB
Mem:          3.8G       2.1G       1.7G       5.7M        63M       1.6G

MemTotal:        4016004 kB
MemFree:         1768796 kB
Active:           471748 kB
Mem:          3.8G       2.1G       1.7G       5.7M        63M       1.7G

MemTotal:        4016004 kB
MemFree:         1761680 kB
Active:           471792 kB
Mem:          3.8G       2.1G       1.7G       5.7M        63M       1.7G

MemTotal:        4016004 kB
MemFree:         1732820 kB
Active:           471784 kB
Mem:          3.8G       2.2G       1.7G       5.7M        63M       1.7G

MemTotal:        4016004 kB
MemFree:         1687836 kB
Active:           471760 kB
Mem:          3.8G       2.2G       1.6G       5.7M        63M       1.7G

MemTotal:        4016004 kB
MemFree:         1673616 kB
Active:           471796 kB
Mem:          3.8G       2.2G       1.6G       5.7M        63M       1.7G

MemTotal:        4016004 kB
MemFree:         1670164 kB
Active:           471804 kB
Mem:          3.8G       2.2G       1.6G       5.7M        63M       1.7G

MemTotal:        4016004 kB
MemFree:         1625832 kB
Active:           471796 kB
Mem:          3.8G       2.3G       1.6G       5.7M        63M       1.8G

MemTotal:        4016004 kB
MemFree:         1581224 kB
Active:           473848 kB
Mem:          3.8G       2.3G       1.5G       5.7M        63M       1.8G

MemTotal:        4016004 kB
MemFree:         1537024 kB
Active:           473856 kB
Mem:          3.8G       2.4G       1.5G       5.7M        63M       1.9G

MemTotal:        4016004 kB
MemFree:         1492660 kB
Active:           473820 kB
Mem:          3.8G       2.4G       1.4G       5.7M        63M       1.9G

MemTotal:        4016004 kB
MemFree:         1447892 kB
Active:           473828 kB
Mem:          3.8G       2.4G       1.4G       5.7M        63M       2.0G

MemTotal:        4016004 kB
MemFree:         1403652 kB
Active:           473860 kB
Mem:          3.8G       2.5G       1.3G       5.7M        63M       2.0G

MemTotal:        4016004 kB
MemFree:         1358792 kB
Active:           473876 kB
Mem:          3.8G       2.5G       1.3G       5.7M        63M       2.0G

MemTotal:        4016004 kB
MemFree:         1315896 kB
Active:           473876 kB
Mem:          3.8G       2.6G       1.3G       5.7M        63M       2.1G

MemTotal:        4016004 kB
MemFree:         1270820 kB
Active:           473876 kB
Mem:          3.8G       2.6G       1.2G       5.7M        63M       2.1G

MemTotal:        4016004 kB
MemFree:         1226392 kB
Active:           473852 kB
Mem:          3.8G       2.7G       1.2G       5.7M        63M       2.2G

MemTotal:        4016004 kB
MemFree:         1181704 kB
Active:           473876 kB
Mem:          3.8G       2.7G       1.1G       5.7M        63M       2.2G

MemTotal:        4016004 kB
MemFree:         1137744 kB
Active:           473832 kB
Mem:          3.8G       2.7G       1.1G       5.7M        63M       2.2G

MemTotal:        4016004 kB
MemFree:         1133564 kB
Active:           473884 kB
Mem:          3.8G       2.7G       1.1G       5.7M        63M       2.2G

MemTotal:        4016004 kB
MemFree:         1132972 kB
Active:           473856 kB
Mem:          3.8G       2.7G       1.1G       5.7M        63M       2.2G

MemTotal:        4016004 kB
MemFree:         1118500 kB
Active:           473908 kB
Mem:          3.8G       2.8G       1.1G       5.7M        63M       2.3G

MemTotal:        4016004 kB
MemFree:         1075440 kB
Active:           473868 kB
Mem:          3.8G       2.8G       1.0G       5.7M        63M       2.3G

MemTotal:        4016004 kB
MemFree:         1030464 kB
Active:           473872 kB
Mem:          3.8G       2.8G       1.0G       5.7M        63M       2.3G

MemTotal:        4016004 kB
MemFree:          986332 kB
Active:           473896 kB
Mem:          3.8G       2.9G       962M       5.7M        63M       2.4G

MemTotal:        4016004 kB
MemFree:          941844 kB
Active:           473892 kB
Mem:          3.8G       2.9G       918M       5.7M        63M       2.4G

MemTotal:        4016004 kB
MemFree:          896240 kB
Active:           473936 kB
Mem:          3.8G       3.0G       874M       5.7M        63M       2.5G

MemTotal:        4016004 kB
MemFree:          849456 kB
Active:           473912 kB
Mem:          3.8G       3.0G       829M       5.7M        63M       2.5G

MemTotal:        4016004 kB
MemFree:          804968 kB
Active:           475960 kB
Mem:          3.8G       3.1G       785M       5.7M        63M       2.6G

MemTotal:        4016004 kB
MemFree:          760748 kB
Active:           475968 kB
Mem:          3.8G       3.1G       742M       5.7M        63M       2.6G

MemTotal:        4016004 kB
MemFree:          715936 kB
Active:           475952 kB
Mem:          3.8G       3.1G       698M       5.7M        63M       2.6G

MemTotal:        4016004 kB
MemFree:          670832 kB
Active:           475944 kB
Mem:          3.8G       3.2G       654M       5.7M        63M       2.7G

MemTotal:        4016004 kB
MemFree:          626252 kB
Active:           475972 kB
Mem:          3.8G       3.2G       611M       5.7M        63M       2.7G

MemTotal:        4016004 kB
MemFree:          582492 kB
Active:           475980 kB
Mem:          3.8G       3.3G       568M       5.7M        63M       2.8G

MemTotal:        4016004 kB
MemFree:          579720 kB
Active:           475992 kB
Mem:          3.8G       3.3G       566M       5.7M        63M       2.8G

MemTotal:        4016004 kB
MemFree:          541852 kB
Active:           476004 kB
Mem:          3.8G       3.3G       529M       5.7M        63M       2.8G

MemTotal:        4016004 kB
MemFree:          498020 kB
Active:           475960 kB
Mem:          3.8G       3.4G       486M       5.7M        63M       2.8G

MemTotal:        4016004 kB
MemFree:          453476 kB
Active:           475948 kB
Mem:          3.8G       3.4G       442M       5.7M        63M       2.9G

MemTotal:        4016004 kB
MemFree:          409316 kB
Active:           475968 kB
Mem:          3.8G       3.4G       398M       5.7M        63M       2.9G

MemTotal:        4016004 kB
MemFree:          364580 kB
Active:           476008 kB
Mem:          3.8G       3.5G       356M       5.7M        63M       3.0G

MemTotal:        4016004 kB
MemFree:          319828 kB
Active:           475984 kB
Mem:          3.8G       3.5G       312M       5.7M        63M       3.0G

MemTotal:        4016004 kB
MemFree:          275712 kB
Active:           476012 kB
Mem:          3.8G       3.6G       268M       5.7M        63M       3.1G

MemTotal:        4016004 kB
MemFree:          233704 kB
Active:           476020 kB
Mem:          3.8G       3.6G       227M       5.7M        63M       3.1G

MemTotal:        4016004 kB
MemFree:          232844 kB
Active:           476008 kB
Mem:          3.8G       3.6G       227M       5.7M        63M       3.1G

MemTotal:        4016004 kB
MemFree:          187520 kB
Active:           475988 kB
Mem:          3.8G       3.7G       182M       5.7M        63M       3.1G

MemTotal:        4016004 kB
MemFree:          149204 kB
Active:           476028 kB
Mem:          3.8G       3.7G       145M       5.7M        63M       3.2G

MemTotal:        4016004 kB
MemFree:          130796 kB
Active:           476028 kB
Mem:          3.8G       3.7G       127M       5.7M        63M       3.2G

MemTotal:        4016004 kB
MemFree:          125456 kB
Active:           472680 kB
Mem:          3.8G       3.7G       122M       5.7M        32M       3.2G

MemTotal:        4016004 kB
MemFree:          125796 kB
Active:           472920 kB
Mem:          3.8G       3.7G       122M       5.7M        32M       3.2G

MemTotal:        4016004 kB
MemFree:          125812 kB
Active:           483448 kB
Mem:          3.8G       3.7G       122M       5.7M        30M       3.2G

MemTotal:        4016004 kB
MemFree:          127576 kB
Active:           513920 kB
Mem:          3.8G       3.7G       123M       5.7M        30M       3.2G

MemTotal:        4016004 kB
MemFree:          162308 kB
Active:           528568 kB
Mem:          3.8G       3.7G       155M       5.7M        30M       3.2G

MemTotal:        4016004 kB
MemFree:          118456 kB
Active:           528580 kB
Mem:          3.8G       3.7G       115M       5.7M        30M       3.2G

MemTotal:        4016004 kB
MemFree:          135704 kB
Active:           522412 kB
Mem:          3.8G       3.7G       132M       5.7M        30M       3.2G

MemTotal:        4016004 kB
MemFree:          127424 kB
Active:           518948 kB
Mem:          3.8G       3.7G       124M       5.7M        30M       3.2G

MemTotal:        4016004 kB
MemFree:          130908 kB
Active:           514780 kB
Mem:          3.8G       3.7G       127M       5.7M        30M       3.2G

MemTotal:        4016004 kB
MemFree:          116880 kB
Active:           512868 kB
Mem:          3.8G       3.7G       114M       5.7M        30M       3.2G

MemTotal:        4016004 kB
MemFree:          126216 kB
Active:           508008 kB
Mem:          3.8G       3.7G       123M       5.7M        30M       3.2G

MemTotal:        4016004 kB
MemFree:          129312 kB
Active:           506744 kB
Mem:          3.8G       3.7G       125M       5.7M        30M       3.2G

MemTotal:        4016004 kB
MemFree:          120332 kB
Active:           503300 kB
Mem:          3.8G       3.7G       116M       5.7M        30M       3.2G

MemTotal:        4016004 kB
MemFree:          111808 kB
Active:           499844 kB
Mem:          3.8G       3.7G       108M       5.7M        30M       3.2G

MemTotal:        4016004 kB
MemFree:          127388 kB
Active:           494468 kB
Mem:          3.8G       3.7G       123M       5.7M        30M       3.2G

MemTotal:        4016004 kB
MemFree:          107300 kB
Active:           492296 kB
Mem:          3.8G       3.7G       104M       5.7M        30M       3.2G

MemTotal:        4016004 kB
MemFree:          104816 kB
Active:           487700 kB
Mem:          3.8G       3.7G       106M       5.7M        30M       3.2G

MemTotal:        4016004 kB
MemFree:          125056 kB
Active:           481964 kB
Mem:          3.8G       3.7G       122M       5.7M        30M       3.2G

MemTotal:        4016004 kB
MemFree:          110328 kB
Active:           480940 kB
Mem:          3.8G       3.7G       108M       5.7M        30M       3.2G

MemTotal:        4016004 kB
MemFree:          132288 kB
Active:           478768 kB
Mem:          3.8G       3.7G       128M       5.7M        30M       3.2G

MemTotal:        4016004 kB
MemFree:          123248 kB
Active:           477624 kB
Mem:          3.8G       3.7G       120M       5.7M        30M       3.2G

MemTotal:        4016004 kB
MemFree:          114408 kB
Active:           476476 kB
Mem:          3.8G       3.7G       111M       5.7M        30M       3.2G

MemTotal:        4016004 kB
MemFree:          131132 kB
Active:           474668 kB
Mem:          3.8G       3.7G       127M       5.7M        30M       3.2G

MemTotal:        4016004 kB
MemFree:          121352 kB
Active:           474664 kB
Mem:          3.8G       3.7G       117M       5.7M        30M       3.2G

MemTotal:        4016004 kB
MemFree:          122388 kB
Active:           470824 kB
Mem:          3.8G       3.7G       119M       5.7M        30M       3.2G

MemTotal:        4016004 kB
MemFree:          113584 kB
Active:           469672 kB
Mem:          3.8G       3.7G       110M       5.7M        30M       3.2G

MemTotal:        4016004 kB
MemFree:          122112 kB
Active:           467628 kB
Mem:          3.8G       3.7G       119M       5.7M        30M       3.2G

MemTotal:        4016004 kB
MemFree:          113572 kB
Active:           466476 kB
Mem:          3.8G       3.7G       110M       5.7M        30M       3.2G

MemTotal:        4016004 kB
MemFree:          104920 kB
Active:           465328 kB
Mem:          3.8G       3.7G       106M       5.7M        30M       3.2G

MemTotal:        4016004 kB
MemFree:          110156 kB
Active:           463372 kB
Mem:          3.8G       3.7G       107M       5.7M        30M       3.2G

MemTotal:        4016004 kB
MemFree:          113036 kB
Active:           461480 kB
Mem:          3.8G       3.7G       109M       5.7M        30M       3.2G

MemTotal:        4016004 kB
MemFree:          114456 kB
Active:           459540 kB
Mem:          3.8G       3.7G       111M       5.7M        30M       3.2G

MemTotal:        4016004 kB
MemFree:          105420 kB
Active:           458432 kB
Mem:          3.8G       3.7G       103M       5.7M        30M       3.2G

MemTotal:        4016004 kB
MemFree:          109076 kB
Active:           454648 kB
Mem:          3.8G       3.7G       106M       5.7M        30M       3.2G

MemTotal:        4016004 kB
MemFree:          115120 kB
Active:           452728 kB
Mem:          3.8G       3.7G       112M       5.7M        30M       3.2G

MemTotal:        4016004 kB
MemFree:          109912 kB
Active:           452728 kB
Mem:          3.8G       3.7G       107M       5.7M        30M       3.2G

MemTotal:        4016004 kB
MemFree:          109108 kB
Active:           452744 kB
Mem:          3.8G       3.7G       106M       5.7M        30M       3.2G

MemTotal:        4016004 kB
MemFree:          109328 kB
Active:           452716 kB
Mem:          3.8G       3.7G       106M       5.7M        30M       3.2G

MemTotal:        4016004 kB
MemFree:          124572 kB
Active:           449640 kB
Mem:          3.8G       3.7G       121M       5.7M        30M       3.2G

MemTotal:        4016004 kB
MemFree:          130740 kB
Active:           447680 kB
Mem:          3.8G       3.7G       127M       5.7M        30M       3.2G

MemTotal:        4016004 kB
MemFree:          133468 kB
Active:           446060 kB
Mem:          3.8G       3.7G       130M       5.7M        30M       3.2G

MemTotal:        4016004 kB
MemFree:          139036 kB
Active:           444016 kB
Mem:          3.8G       3.7G       135M       5.7M        30M       3.2G

MemTotal:        4016004 kB
MemFree:          130492 kB
Active:           442868 kB
Mem:          3.8G       3.7G       127M       5.7M        30M       3.2G

MemTotal:        4016004 kB
MemFree:          121752 kB
Active:           441716 kB
Mem:          3.8G       3.7G       119M       5.7M        30M       3.2G

MemTotal:        4016004 kB
MemFree:          112976 kB
Active:           440564 kB
Mem:          3.8G       3.7G       110M       5.7M        30M       3.2G

MemTotal:        4016004 kB
MemFree:          109784 kB
Active:           439160 kB
Mem:          3.8G       3.7G       118M       5.7M        30M       3.2G

MemTotal:        4016004 kB
MemFree:          124912 kB
Active:           437380 kB
Mem:          3.8G       3.7G       121M       5.7M        30M       3.2G

MemTotal:        4016004 kB
MemFree:          116376 kB
Active:           436100 kB
Mem:          3.8G       3.7G       113M       5.7M        30M       3.2G

MemTotal:        4016004 kB
MemFree:          107488 kB
Active:           434952 kB
Mem:          3.8G       3.7G       105M       5.7M        30M       3.2G

MemTotal:        4016004 kB
MemFree:          109488 kB
Active:           433032 kB
Mem:          3.8G       3.7G       106M       5.7M        30M       3.2G

MemTotal:        4016004 kB
MemFree:          126664 kB
Active:           432404 kB
Mem:          3.8G       3.7G       123M       5.7M        30M       3.2G

MemTotal:        4016004 kB
MemFree:          126448 kB
Active:           432420 kB
Mem:          3.8G       3.7G       123M       5.7M        30M       3.2G

MemTotal:        4016004 kB
MemFree:          126916 kB
Active:           432396 kB
Mem:          3.8G       3.7G       123M       5.7M        30M       3.2G

MemTotal:        4016004 kB
MemFree:          115440 kB
Active:           432424 kB
Mem:          3.8G       3.7G       112M       5.7M        30M       3.2G

MemTotal:        4016004 kB
MemFree:          106788 kB
Active:           431248 kB
Mem:          3.8G       3.7G       104M       5.7M        30M       3.2G

MemTotal:        4016004 kB
MemFree:          109252 kB
Active:           429612 kB
Mem:          3.8G       3.7G       106M       5.7M        30M       3.2G

MemTotal:        4016004 kB
MemFree:          118148 kB
Active:           427824 kB
Mem:          3.8G       3.7G       115M       5.7M        30M       3.2G

MemTotal:        4016004 kB
MemFree:          109992 kB
Active:           426676 kB
Mem:          3.8G       3.7G       107M       5.7M        30M       3.2G

MemTotal:        4016004 kB
MemFree:          125264 kB
Active:           425016 kB
Mem:          3.8G       3.7G       122M       5.7M        30M       3.2G

MemTotal:        4016004 kB
MemFree:          109912 kB
Active:           423608 kB
Mem:          3.8G       3.7G       117M       5.7M        30M       3.2G

MemTotal:        4016004 kB
MemFree:          106572 kB
Active:           422204 kB
Mem:          3.8G       3.7G       104M       5.7M        30M       3.2G

MemTotal:        4016004 kB
MemFree:          115240 kB
Active:           420156 kB
Mem:          3.8G       3.7G       112M       5.7M        30M       3.2G

MemTotal:        4016004 kB
MemFree:          106464 kB
Active:           419012 kB
Mem:          3.8G       3.7G       103M       5.7M        30M       3.2G

MemTotal:        4016004 kB
MemFree:          134304 kB
Active:           416836 kB
Mem:          3.8G       3.7G       131M       5.7M        30M       3.2G

MemTotal:        4016004 kB
MemFree:          138920 kB
Active:           415164 kB
Mem:          3.8G       3.7G       135M       5.7M        30M       3.2G

MemTotal:        4016004 kB
MemFree:          135632 kB
Active:           415188 kB
Mem:          3.8G       3.7G       132M       5.7M        30M       3.2G

MemTotal:        4016004 kB
MemFree:          110972 kB
Active:           415200 kB
Mem:          3.8G       3.7G       107M       5.7M        30M       3.2G

MemTotal:        4016004 kB
MemFree:          125184 kB
Active:           413544 kB
Mem:          3.8G       3.7G       122M       5.7M        30M       3.2G

MemTotal:        4016004 kB
MemFree:          106512 kB
Active:           412136 kB
Mem:          3.8G       3.7G       104M       5.7M        30M       3.2G

MemTotal:        4016004 kB
MemFree:          133948 kB
Active:           409960 kB
Mem:          3.8G       3.7G       130M       5.7M        30M       3.2G

MemTotal:        4016004 kB
MemFree:          125652 kB
Active:           408620 kB
Mem:          3.8G       3.7G       122M       5.7M        30M       3.2G

MemTotal:        4016004 kB
MemFree:          133616 kB
Active:           406580 kB
Mem:          3.8G       3.7G       130M       5.7M        30M       3.2G

MemTotal:        4016004 kB
MemFree:          125088 kB
Active:           405436 kB
Mem:          3.8G       3.7G       122M       5.7M        30M       3.2G

MemTotal:        4016004 kB
MemFree:          116684 kB
Active:           404284 kB
Mem:          3.8G       3.7G       113M       5.7M        30M       3.2G

MemTotal:        4016004 kB
MemFree:          126060 kB
Active:           402760 kB
Mem:          3.8G       3.7G       123M       5.7M        30M       3.2G

MemTotal:        4016004 kB
MemFree:          123384 kB
Active:           400996 kB
Mem:          3.8G       3.7G       120M       5.7M        30M       3.2G

MemTotal:        4016004 kB
MemFree:          119064 kB
Active:           400356 kB
Mem:          3.8G       3.7G       115M       5.7M        30M       3.2G

MemTotal:        4016004 kB
MemFree:          108940 kB
Active:           397596 kB
Mem:          3.8G       3.7G       106M       5.7M        30M       3.2G

MemTotal:        4016004 kB
MemFree:          105656 kB
Active:           397584 kB
Mem:          3.8G       3.7G       102M       5.7M        30M       3.2G

MemTotal:        4016004 kB
MemFree:          129000 kB
Active:           397580 kB
Mem:          3.8G       3.7G       125M       5.7M        30M       3.2G

MemTotal:        4016004 kB
MemFree:          130708 kB
Active:           397592 kB
Mem:          3.8G       3.7G       127M       5.7M        30M       3.2G

MemTotal:        4016004 kB
MemFree:          115284 kB
Active:           397636 kB
Mem:          3.8G       3.7G       112M       5.7M        30M       3.2G

MemTotal:        4016004 kB
MemFree:          107120 kB
Active:           397640 kB
Mem:          3.8G       3.7G       104M       5.7M        30M       3.2G

MemTotal:        4016004 kB
MemFree:          128092 kB
Active:           397596 kB
Mem:          3.8G       3.7G       124M       5.7M        30M       3.2G

MemTotal:        4016004 kB
MemFree:          124428 kB
Active:           397556 kB
Mem:          3.8G       3.7G       122M       5.7M        30M       3.2G

MemTotal:        4016004 kB
MemFree:          137784 kB
Active:           397556 kB
Mem:          3.8G       3.7G       134M       5.7M        30M       3.2G

MemTotal:        4016004 kB
MemFree:          135240 kB
Active:           397560 kB
Mem:          3.8G       3.7G       131M       5.7M        30M       3.2G

MemTotal:        4016004 kB
MemFree:          125900 kB
Active:           397564 kB
Mem:          3.8G       3.7G       123M       5.7M        30M       3.2G

MemTotal:        4016004 kB
MemFree:          128696 kB
Active:           397564 kB
Mem:          3.8G       3.7G       131M       5.7M        30M       3.2G

MemTotal:        4016004 kB
MemFree:          143636 kB
Active:           397568 kB
Mem:          3.8G       3.7G       140M       5.7M        30M       3.2G

MemTotal:        4016004 kB
MemFree:          124800 kB
Active:           397528 kB
Mem:          3.8G       3.7G       121M       5.7M        30M       3.2G

MemTotal:        4016004 kB
MemFree:          125344 kB
Active:           397408 kB
Mem:          3.8G       3.7G       122M       5.7M        30M       3.2G

MemTotal:        4016004 kB
MemFree:          126812 kB
Active:           397400 kB
Mem:          3.8G       3.7G       123M       5.7M        30M       3.2G

MemTotal:        4016004 kB
MemFree:          135652 kB
Active:           397440 kB
Mem:          3.8G       3.7G       132M       5.7M        30M       3.2G

MemTotal:        4016004 kB
MemFree:          133084 kB
Active:           397440 kB
Mem:          3.8G       3.7G       129M       5.7M        30M       3.2G

MemTotal:        4016004 kB
MemFree:          130232 kB
Active:           397448 kB
Mem:          3.8G       3.7G       126M       5.7M        30M       3.2G

MemTotal:        4016004 kB
MemFree:          133032 kB
Active:           397528 kB
Mem:          3.8G       3.7G       129M       5.7M        30M       3.2G

MemTotal:        4016004 kB
MemFree:          124012 kB
Active:           397528 kB
Mem:          3.8G       3.7G       126M       5.7M        30M       3.2G

MemTotal:        4016004 kB
MemFree:          125800 kB
Active:           397528 kB
Mem:          3.8G       3.7G       122M       5.7M        30M       3.2G

MemTotal:        4016004 kB
MemFree:          134164 kB
Active:           397476 kB
Mem:          3.8G       3.7G       130M       5.7M        30M       3.2G

MemTotal:        4016004 kB
MemFree:          124424 kB
Active:           397488 kB
Mem:          3.8G       3.7G       121M       5.7M        30M       3.2G

MemTotal:        4016004 kB
MemFree:          132220 kB
Active:           397496 kB
Mem:          3.8G       3.7G       128M       5.7M        30M       3.2G

MemTotal:        4016004 kB
MemFree:          128972 kB
Active:           397500 kB
Mem:          3.8G       3.7G       125M       5.7M        30M       3.2G

MemTotal:        4016004 kB
MemFree:          122940 kB
Active:           397500 kB
Mem:          3.8G       3.7G       120M       5.7M        30M       3.2G

MemTotal:        4016004 kB
MemFree:          106624 kB
Active:           397464 kB
Mem:          3.8G       3.7G       103M       5.7M        30M       3.2G

MemTotal:        4016004 kB
MemFree:          133508 kB
Active:           397512 kB
Mem:          3.8G       3.7G       130M       5.7M        30M       3.2G

MemTotal:        4016004 kB
MemFree:          124648 kB
Active:           397516 kB
Mem:          3.8G       3.7G       121M       5.7M        30M       3.2G

MemTotal:        4016004 kB
MemFree:          128356 kB
Active:           391708 kB
Mem:          3.8G       3.7G       125M       5.7M        30M       3.2G

MemTotal:        4016004 kB
MemFree:          130692 kB
Active:           391712 kB
Mem:          3.8G       3.7G       127M       5.7M        30M       3.2G

MemTotal:        4016004 kB
MemFree:          121688 kB
Active:           391712 kB
Mem:          3.8G       3.7G       118M       5.7M        30M       3.2G

MemTotal:        4016004 kB
MemFree:          127420 kB
Active:           391712 kB
Mem:          3.8G       3.7G       124M       5.7M        30M       3.2G

MemTotal:        4016004 kB
MemFree:          119512 kB
Active:           391720 kB
Mem:          3.8G       3.7G       116M       5.7M        30M       3.2G

MemTotal:        4016004 kB
MemFree:          110720 kB
Active:           391712 kB
Mem:          3.8G       3.7G       107M       5.7M        30M       3.2G

MemTotal:        4016004 kB
MemFree:          122964 kB
Active:           391712 kB
Mem:          3.8G       3.7G       120M       5.7M        30M       3.2G

MemTotal:        4016004 kB
MemFree:          114144 kB
Active:           391728 kB
Mem:          3.8G       3.7G       111M       5.7M        30M       3.2G

MemTotal:        4016004 kB
MemFree:          130024 kB
Active:           391732 kB
Mem:          3.8G       3.7G       127M       5.7M        30M       3.2G

MemTotal:        4016004 kB
MemFree:          130832 kB
Active:           391716 kB
Mem:          3.8G       3.7G       127M       5.7M        30M       3.2G

MemTotal:        4016004 kB
MemFree:          131208 kB
Active:           391688 kB
Mem:          3.8G       3.7G       127M       5.7M        30M       3.2G

MemTotal:        4016004 kB
MemFree:          126852 kB
Active:           391204 kB
Mem:          3.8G       3.7G       123M       5.7M        30M       3.2G

MemTotal:        4016004 kB
MemFree:          120744 kB
Active:           391120 kB
Mem:          3.8G       3.7G       117M       5.7M        30M       3.2G

MemTotal:        4016004 kB
MemFree:          111644 kB
Active:           391120 kB
Mem:          3.8G       3.7G       109M       5.7M        30M       3.2G

MemTotal:        4016004 kB
MemFree:          132972 kB
Active:           391068 kB
Mem:          3.8G       3.7G       129M       5.7M        30M       3.2G

MemTotal:        4016004 kB
MemFree:          124208 kB
Active:           391112 kB
Mem:          3.8G       3.7G       120M       5.7M        30M       3.2G

MemTotal:        4016004 kB
MemFree:          108736 kB
Active:           391132 kB
Mem:          3.8G       3.7G       105M       5.7M        30M       3.2G

MemTotal:        4016004 kB
MemFree:          126800 kB
Active:           391104 kB
Mem:          3.8G       3.7G       123M       5.7M        30M       3.2G

MemTotal:        4016004 kB
MemFree:          118200 kB
Active:           391136 kB
Mem:          3.8G       3.7G       115M       5.7M        30M       3.2G

MemTotal:        4016004 kB
MemFree:          109724 kB
Active:           391140 kB
Mem:          3.8G       3.7G       106M       5.7M        30M       3.2G

MemTotal:        4016004 kB
MemFree:          120776 kB
Active:           389216 kB
Mem:          3.8G       3.7G       117M       5.7M        30M       3.2G

MemTotal:        4016004 kB
MemFree:          112652 kB
Active:           389216 kB
Mem:          3.8G       3.7G       109M       5.7M        30M       3.2G

MemTotal:        4016004 kB
MemFree:          105068 kB
Active:           389220 kB
Mem:          3.8G       3.7G       102M       5.7M        30M       3.2G

MemTotal:        4016004 kB
MemFree:          132076 kB
Active:           389232 kB
Mem:          3.8G       3.7G       128M       5.7M        30M       3.2G

MemTotal:        4016004 kB
MemFree:          122968 kB
Active:           389176 kB
Mem:          3.8G       3.7G       120M       5.7M        30M       3.2G

MemTotal:        4016004 kB
MemFree:          139368 kB
Active:           389204 kB
Mem:          3.8G       3.7G       136M       5.7M        30M       3.2G

MemTotal:        4016004 kB
MemFree:          131780 kB
Active:           389220 kB
Mem:          3.8G       3.7G       128M       5.7M        30M       3.2G

MemTotal:        4016004 kB
MemFree:          133984 kB
Active:           389244 kB
Mem:          3.8G       3.7G       130M       5.7M        30M       3.2G

MemTotal:        4016004 kB
MemFree:          125352 kB
Active:           389244 kB
Mem:          3.8G       3.7G       122M       5.7M        30M       3.2G

MemTotal:        4016004 kB
MemFree:          130380 kB
Active:           388356 kB
Mem:          3.8G       3.7G       126M       5.7M        30M       3.2G

MemTotal:        4016004 kB
MemFree:          110124 kB
Active:           388396 kB
Mem:          3.8G       3.7G       106M       5.7M        30M       3.2G

MemTotal:        4016004 kB
MemFree:          125660 kB
Active:           388404 kB
Mem:          3.8G       3.7G       121M       5.7M        30M       3.2G

MemTotal:        4016004 kB
MemFree:          109436 kB
Active:           388404 kB
Mem:          3.8G       3.7G       106M       5.7M        30M       3.2G

MemTotal:        4016004 kB
MemFree:          124764 kB
Active:           388404 kB
Mem:          3.8G       3.7G       122M       5.7M        30M       3.2G

MemTotal:        4016004 kB
MemFree:          134284 kB
Active:           388384 kB
Mem:          3.8G       3.7G       130M       5.7M        30M       3.2G

MemTotal:        4016004 kB
MemFree:          107320 kB
Active:           388436 kB
Mem:          3.8G       3.7G       104M       5.7M        30M       3.2G

MemTotal:        4016004 kB
MemFree:          108560 kB
Active:           388440 kB
Mem:          3.8G       3.7G       105M       5.7M        30M       3.2G

MemTotal:        4016004 kB
MemFree:          124472 kB
Active:           388428 kB
Mem:          3.8G       3.7G       121M       5.7M        30M       3.2G

MemTotal:        4016004 kB
MemFree:          105288 kB
Active:           388412 kB
Mem:          3.8G       3.7G       102M       5.7M        30M       3.2G

MemTotal:        4016004 kB
MemFree:          140088 kB
Active:           375260 kB
Mem:          3.8G       3.7G       136M       5.7M        30M       3.2G

MemTotal:        4016004 kB
MemFree:          131884 kB
Active:           375108 kB
Mem:          3.8G       3.7G       128M       5.7M        30M       3.2G

MemTotal:        4016004 kB
MemFree:          124332 kB
Active:           375128 kB
Mem:          3.8G       3.7G       121M       5.7M        30M       3.2G

MemTotal:        4016004 kB
MemFree:          129064 kB
Active:           375112 kB
Mem:          3.8G       3.7G       125M       5.7M        30M       3.2G

MemTotal:        4016004 kB
MemFree:          138216 kB
Active:           375136 kB
Mem:          3.8G       3.7G       134M       5.7M        30M       3.2G

MemTotal:        4016004 kB
MemFree:          129800 kB
Active:           375136 kB
Mem:          3.8G       3.7G       126M       5.7M        30M       3.2G

MemTotal:        4016004 kB
MemFree:          121440 kB
Active:           375140 kB
Mem:          3.8G       3.7G       117M       5.7M        30M       3.2G

MemTotal:        4016004 kB
MemFree:          109208 kB
Active:           375140 kB
Mem:          3.8G       3.7G       106M       5.7M        30M       3.2G

MemTotal:        4016004 kB
MemFree:          124904 kB
Active:           375148 kB
Mem:          3.8G       3.7G       122M       5.7M        30M       3.2G

MemTotal:        4016004 kB
MemFree:          122108 kB
Active:           375152 kB
Mem:          3.8G       3.7G       119M       5.7M        30M       3.2G

MemTotal:        4016004 kB
MemFree:          107916 kB
Active:           375104 kB
Mem:          3.8G       3.7G       105M       5.7M        30M       3.2G

MemTotal:        4016004 kB
MemFree:          126896 kB
Active:           372900 kB
Mem:          3.8G       3.7G       123M       5.7M        30M       3.2G

MemTotal:        4016004 kB
MemFree:          113920 kB
Active:           372900 kB
Mem:          3.8G       3.7G       111M       5.7M        30M       3.2G

MemTotal:        4016004 kB
MemFree:          105516 kB
Active:           372900 kB
Mem:          3.8G       3.7G       102M       5.7M        30M       3.2G

MemTotal:        4016004 kB
MemFree:          133432 kB
Active:           372900 kB
Mem:          3.8G       3.7G       130M       5.7M        30M       3.2G

MemTotal:        4016004 kB
MemFree:          135288 kB
Active:           372920 kB
Mem:          3.8G       3.7G       132M       5.7M        30M       3.2G

MemTotal:        4016004 kB
MemFree:          144352 kB
Active:           372920 kB
Mem:          3.8G       3.7G       140M       5.7M        30M       3.2G

MemTotal:        4016004 kB
MemFree:          124100 kB
Active:           372920 kB
Mem:          3.8G       3.7G       120M       5.7M        30M       3.2G

MemTotal:        4016004 kB
MemFree:          105440 kB
Active:           372908 kB
Mem:          3.8G       3.7G       102M       5.7M        30M       3.2G

MemTotal:        4016004 kB
MemFree:          127192 kB
Active:           372924 kB
Mem:          3.8G       3.7G       123M       5.7M        30M       3.2G

MemTotal:        4016004 kB
MemFree:          117812 kB
Active:           372928 kB
Mem:          3.8G       3.7G       115M       5.7M        30M       3.2G

MemTotal:        4016004 kB
MemFree:          117968 kB
Active:           372932 kB
Mem:          3.8G       3.7G       115M       5.7M        30M       3.2G

MemTotal:        4016004 kB
MemFree:          109260 kB
Active:           372936 kB
Mem:          3.8G       3.7G       106M       5.7M        30M       3.2G

MemTotal:        4016004 kB
MemFree:          116732 kB
Active:           369908 kB
Mem:          3.8G       3.7G       114M       5.7M        30M       3.2G

MemTotal:        4016004 kB
MemFree:          107832 kB
Active:           369908 kB
Mem:          3.8G       3.7G       105M       5.7M        30M       3.2G

MemTotal:        4016004 kB
MemFree:          129684 kB
Active:           369912 kB
Mem:          3.8G       3.7G       126M       5.7M        30M       3.2G

MemTotal:        4016004 kB
MemFree:          115436 kB
Active:           369880 kB
Mem:          3.8G       3.7G       112M       5.7M        30M       3.2G

MemTotal:        4016004 kB
MemFree:          111064 kB
Active:           369924 kB
Mem:          3.8G       3.7G       108M       5.7M        30M       3.2G

MemTotal:        4016004 kB
MemFree:          113140 kB
Active:           369940 kB
Mem:          3.8G       3.7G       109M       5.7M        30M       3.2G

MemTotal:        4016004 kB
MemFree:          116064 kB
Active:           369940 kB
Mem:          3.8G       3.7G       112M       5.7M        30M       3.2G

MemTotal:        4016004 kB
MemFree:          138900 kB
Active:           369948 kB
Mem:          3.8G       3.7G       135M       5.7M        30M       3.2G

MemTotal:        4016004 kB
MemFree:          113304 kB
Active:           369908 kB
Mem:          3.8G       3.7G       110M       5.7M        30M       3.2G

MemTotal:        4016004 kB
MemFree:          105180 kB
Active:           369960 kB
Mem:          3.8G       3.7G       107M       5.7M        30M       3.2G

MemTotal:        4016004 kB
MemFree:          125256 kB
Active:           369960 kB
Mem:          3.8G       3.7G       122M       5.7M        30M       3.2G

MemTotal:        4016004 kB
MemFree:          108316 kB
Active:           369960 kB
Mem:          3.8G       3.7G       105M       5.7M        30M       3.2G

MemTotal:        4016004 kB
MemFree:          134728 kB
Active:           369972 kB
Mem:          3.8G       3.7G       132M       5.7M        30M       3.2G

MemTotal:        4016004 kB
MemFree:          124320 kB
Active:           367096 kB
Mem:          3.8G       3.7G       121M       5.7M        30M       3.2G

MemTotal:        4016004 kB
MemFree:          135800 kB
Active:           367088 kB
Mem:          3.8G       3.7G       132M       5.7M        30M       3.2G

MemTotal:        4016004 kB
MemFree:          131584 kB
Active:           367044 kB
Mem:          3.8G       3.7G       128M       5.7M        30M       3.2G

MemTotal:        4016004 kB
MemFree:          123860 kB
Active:           367064 kB
Mem:          3.8G       3.7G       121M       5.7M        30M       3.2G

MemTotal:        4016004 kB
MemFree:          142964 kB
Active:           367108 kB
Mem:          3.8G       3.7G       139M       5.7M        30M       3.2G

MemTotal:        4016004 kB
MemFree:          125816 kB
Active:           367100 kB
Mem:          3.8G       3.7G       122M       5.7M        30M       3.2G

MemTotal:        4016004 kB
MemFree:          121296 kB
Active:           367120 kB
Mem:          3.8G       3.7G       118M       5.7M        30M       3.2G

MemTotal:        4016004 kB
MemFree:          117436 kB
Active:           367080 kB
Mem:          3.8G       3.7G       114M       5.7M        30M       3.2G

MemTotal:        4016004 kB
MemFree:          108584 kB
Active:           367140 kB
Mem:          3.8G       3.7G       105M       5.7M        30M       3.2G

MemTotal:        4016004 kB
MemFree:          130088 kB
Active:           367140 kB
Mem:          3.8G       3.7G       127M       5.7M        30M       3.2G

MemTotal:        4016004 kB
MemFree:          122400 kB
Active:           367148 kB
Mem:          3.8G       3.7G       119M       5.7M        30M       3.2G

MemTotal:        4016004 kB
MemFree:          137316 kB
Active:           367152 kB
Mem:          3.8G       3.7G       133M       5.7M        30M       3.2G

MemTotal:        4016004 kB
MemFree:          128904 kB
Active:           367152 kB
Mem:          3.8G       3.7G       125M       5.7M        30M       3.2G

MemTotal:        4016004 kB
MemFree:          114532 kB
Active:           367152 kB
Mem:          3.8G       3.7G       111M       5.7M        30M       3.2G

MemTotal:        4016004 kB
MemFree:          105864 kB
Active:           367152 kB
Mem:          3.8G       3.7G       102M       5.7M        30M       3.2G

MemTotal:        4016004 kB
MemFree:          114076 kB
Active:           367160 kB
Mem:          3.8G       3.7G       111M       5.7M        30M       3.2G

MemTotal:        4016004 kB
MemFree:          127396 kB
Active:           364832 kB
Mem:          3.8G       3.7G       124M       5.7M        30M       3.2G

MemTotal:        4016004 kB
MemFree:          124712 kB
Active:           364832 kB
Mem:          3.8G       3.7G       121M       5.7M        30M       3.2G

MemTotal:        4016004 kB
MemFree:          120816 kB
Active:           364872 kB
Mem:          3.8G       3.7G       117M       5.7M        30M       3.2G

MemTotal:        4016004 kB
MemFree:          120380 kB
Active:           364904 kB
Mem:          3.8G       3.7G       117M       5.7M        30M       3.2G

MemTotal:        4016004 kB
MemFree:          116156 kB
Active:           364912 kB
Mem:          3.8G       3.7G       112M       5.7M        30M       3.2G

MemTotal:        4016004 kB
MemFree:          126244 kB
Active:           364876 kB
Mem:          3.8G       3.7G       122M       5.7M        30M       3.2G

MemTotal:        4016004 kB
MemFree:          123180 kB
Active:           364908 kB
Mem:          3.8G       3.7G       120M       5.7M        30M       3.2G

MemTotal:        4016004 kB
MemFree:          105492 kB
Active:           364884 kB
Mem:          3.8G       3.7G       103M       5.7M        30M       3.2G

MemTotal:        4016004 kB
MemFree:          128100 kB
Active:           364864 kB
Mem:          3.8G       3.7G       124M       5.7M        30M       3.2G

MemTotal:        4016004 kB
MemFree:          119932 kB
Active:           364920 kB
Mem:          3.8G       3.7G       116M       5.7M        30M       3.2G

MemTotal:        4016004 kB
MemFree:          106188 kB
Active:           364920 kB
Mem:          3.8G       3.7G       112M       5.7M        30M       3.2G

MemTotal:        4016004 kB
MemFree:          125580 kB
Active:           364912 kB
Mem:          3.8G       3.7G       121M       5.7M        30M       3.2G

MemTotal:        4016004 kB
MemFree:          116544 kB
Active:           364932 kB
Mem:          3.8G       3.7G       113M       5.7M        30M       3.2G

MemTotal:        4016004 kB
MemFree:          130428 kB
Active:           364932 kB
Mem:          3.8G       3.7G       127M       5.7M        30M       3.2G

MemTotal:        4016004 kB
MemFree:          110448 kB
Active:           364936 kB
Mem:          3.8G       3.7G       107M       5.7M        30M       3.2G

MemTotal:        4016004 kB
MemFree:          125152 kB
Active:           364944 kB
Mem:          3.8G       3.7G       121M       5.7M        30M       3.2G

MemTotal:        4016004 kB
MemFree:          121604 kB
Active:           364956 kB
Mem:          3.8G       3.7G       118M       5.7M        30M       3.2G

MemTotal:        4016004 kB
MemFree:          124084 kB
Active:           364808 kB
Mem:          3.8G       3.7G       121M       5.7M        30M       3.2G

MemTotal:        4016004 kB
MemFree:          124432 kB
Active:           364648 kB
Mem:          3.8G       3.7G       121M       5.7M        30M       3.2G

MemTotal:        4016004 kB
MemFree:          124808 kB
Active:           364640 kB
Mem:          3.8G       3.7G       121M       5.7M        30M       3.2G

MemTotal:        4016004 kB
MemFree:          124684 kB
Active:           364624 kB
Mem:          3.8G       3.7G       121M       5.7M        30M       3.2G

MemTotal:        4016004 kB
MemFree:          124808 kB
Active:           364652 kB
Mem:          3.8G       3.7G       121M       5.7M        30M       3.2G

MemTotal:        4016004 kB
MemFree:          124808 kB
Active:           364648 kB
Mem:          3.8G       3.7G       122M       5.7M        30M       3.2G

MemTotal:        4016004 kB
MemFree:          125428 kB
Active:           364644 kB
Mem:          3.8G       3.7G       122M       5.7M        30M       3.2G

MemTotal:        4016004 kB
MemFree:          124684 kB
Active:           364632 kB
Mem:          3.8G       3.7G       121M       5.7M        30M       3.2G

MemTotal:        4016004 kB
MemFree:          124684 kB
Active:           364624 kB
Mem:          3.8G       3.7G       121M       5.7M        30M       3.2G

MemTotal:        4016004 kB
MemFree:          124808 kB
Active:           364660 kB
Mem:          3.8G       3.7G       121M       5.7M        30M       3.2G

MemTotal:        4016004 kB
MemFree:          124684 kB
Active:           364656 kB
Mem:          3.8G       3.7G       121M       5.7M        30M       3.2G

MemTotal:        4016004 kB
MemFree:          124808 kB
Active:           364656 kB
Mem:          3.8G       3.7G       121M       5.7M        30M       3.2G

MemTotal:        4016004 kB
MemFree:          124312 kB
Active:           364684 kB
Mem:          3.8G       3.7G       121M       5.7M        30M       3.2G

MemTotal:        4016004 kB
MemFree:          124684 kB
Active:           364668 kB
Mem:          3.8G       3.7G       121M       5.7M        30M       3.2G

MemTotal:        4016004 kB
MemFree:          125056 kB
Active:           364632 kB
Mem:          3.8G       3.7G       122M       5.7M        30M       3.2G

MemTotal:        4016004 kB
MemFree:          125180 kB
Active:           364680 kB
Mem:          3.8G       3.7G       122M       5.7M        30M       3.2G

MemTotal:        4016004 kB
MemFree:          125180 kB
Active:           364668 kB
Mem:          3.8G       3.7G       122M       5.7M        30M       3.2G

MemTotal:        4016004 kB
MemFree:          125056 kB
Active:           364652 kB
Mem:          3.8G       3.7G       122M       5.7M        30M       3.2G

MemTotal:        4016004 kB
MemFree:          125056 kB
Active:           364640 kB
Mem:          3.8G       3.7G       121M       5.7M        30M       3.2G

MemTotal:        4016004 kB
MemFree:          124684 kB
Active:           364692 kB
Mem:          3.8G       3.7G       122M       5.7M        30M       3.2G

MemTotal:        4016004 kB
MemFree:          125180 kB
Active:           364684 kB
Mem:          3.8G       3.7G       122M       5.7M        30M       3.2G

MemTotal:        4016004 kB
MemFree:          124808 kB
Active:           364688 kB
Mem:          3.8G       3.7G       122M       5.7M        30M       3.2G

MemTotal:        4016004 kB
MemFree:          124808 kB
Active:           364652 kB
Mem:          3.8G       3.7G       121M       5.7M        30M       3.2G

MemTotal:        4016004 kB
MemFree:          125056 kB
Active:           364692 kB
Mem:          3.8G       3.7G       121M       5.7M        30M       3.2G

MemTotal:        4016004 kB
MemFree:          124932 kB
Active:           364680 kB
Mem:          3.8G       3.7G       121M       5.7M        30M       3.2G

MemTotal:        4016004 kB
MemFree:          124932 kB
Active:           364652 kB
Mem:          3.8G       3.7G       122M       5.7M        30M       3.2G

MemTotal:        4016004 kB
MemFree:          124808 kB
Active:           364708 kB
Mem:          3.8G       3.7G       121M       5.7M        30M       3.2G

MemTotal:        4016004 kB
MemFree:          125180 kB
Active:           364668 kB
Mem:          3.8G       3.7G       122M       5.7M        30M       3.2G

MemTotal:        4016004 kB
MemFree:          125180 kB
Active:           364708 kB
Mem:          3.8G       3.7G       121M       5.7M        30M       3.2G

MemTotal:        4016004 kB
MemFree:          125024 kB
Active:           364676 kB
Mem:          3.8G       3.7G       122M       5.7M        30M       3.2G

MemTotal:        4016004 kB
MemFree:          125244 kB
Active:           364680 kB
