MemTotal:        4016004 kB
MemFree:         3239312 kB
Active:           418268 kB
Mem:          3.8G       758M       3.1G       5.7M        54M       315M

MemTotal:        4016004 kB
MemFree:         3240048 kB
Active:           418152 kB
Mem:          3.8G       757M       3.1G       5.7M        54M       316M

MemTotal:        4016004 kB
MemFree:         3240032 kB
Active:           418212 kB
Mem:          3.8G       757M       3.1G       5.7M        54M       316M

MemTotal:        4016004 kB
MemFree:         3239752 kB
Active:           418260 kB
Mem:          3.8G       757M       3.1G       5.7M        54M       316M

MemTotal:        4016004 kB
MemFree:         3240000 kB
Active:           418260 kB
Mem:          3.8G       757M       3.1G       5.7M        54M       316M

MemTotal:        4016004 kB
MemFree:         3240108 kB
Active:           418244 kB
Mem:          3.8G       757M       3.1G       5.7M        54M       316M

MemTotal:        4016004 kB
MemFree:         3240216 kB
Active:           418236 kB
Mem:          3.8G       757M       3.1G       5.7M        54M       316M

MemTotal:        4016004 kB
MemFree:         3238276 kB
Active:           418216 kB
Mem:          3.8G       759M       3.1G       5.7M        54M       316M

MemTotal:        4016004 kB
MemFree:         3238276 kB
Active:           420256 kB
Mem:          3.8G       759M       3.1G       5.7M        54M       316M

MemTotal:        4016004 kB
MemFree:         3238260 kB
Active:           420272 kB
Mem:          3.8G       759M       3.1G       5.7M        54M       316M

MemTotal:        4016004 kB
MemFree:         3237872 kB
Active:           420292 kB
Mem:          3.8G       759M       3.1G       5.7M        54M       316M

MemTotal:        4016004 kB
MemFree:         3237624 kB
Active:           420272 kB
Mem:          3.8G       759M       3.1G       5.7M        54M       316M

MemTotal:        4016004 kB
MemFree:         3237732 kB
Active:           420276 kB
Mem:          3.8G       760M       3.1G       5.7M        54M       316M

MemTotal:        4016004 kB
MemFree:         3237608 kB
Active:           420244 kB
Mem:          3.8G       760M       3.1G       5.7M        54M       316M

MemTotal:        4016004 kB
MemFree:         3237608 kB
Active:           420252 kB
Mem:          3.8G       760M       3.1G       5.7M        54M       316M

MemTotal:        4016004 kB
MemFree:         3237608 kB
Active:           420252 kB
Mem:          3.8G       760M       3.1G       5.7M        54M       316M

MemTotal:        4016004 kB
MemFree:         3237640 kB
Active:           420256 kB
Mem:          3.8G       760M       3.1G       5.7M        54M       316M

MemTotal:        4016004 kB
MemFree:         3237872 kB
Active:           420272 kB
Mem:          3.8G       759M       3.1G       5.7M        54M       316M

MemTotal:        4016004 kB
MemFree:         3238104 kB
Active:           420264 kB
Mem:          3.8G       759M       3.1G       5.7M        54M       316M

MemTotal:        4016004 kB
MemFree:         3238212 kB
Active:           420252 kB
Mem:          3.8G       760M       3.1G       5.7M        54M       316M

MemTotal:        4016004 kB
MemFree:         3237452 kB
Active:           420292 kB
Mem:          3.8G       760M       3.1G       5.7M        54M       316M

MemTotal:        4016004 kB
MemFree:         3237684 kB
Active:           420296 kB
Mem:          3.8G       760M       3.1G       5.7M        54M       316M

MemTotal:        4016004 kB
MemFree:         3237684 kB
Active:           420252 kB
Mem:          3.8G       760M       3.1G       5.7M        54M       316M

MemTotal:        4016004 kB
MemFree:         3237684 kB
Active:           420248 kB
Mem:          3.8G       760M       3.1G       5.7M        54M       316M

MemTotal:        4016004 kB
MemFree:         3237748 kB
Active:           420260 kB
Mem:          3.8G       759M       3.1G       5.7M        54M       316M

MemTotal:        4016004 kB
MemFree:         3237624 kB
Active:           420304 kB
Mem:          3.8G       760M       3.1G       5.7M        54M       316M

MemTotal:        4016004 kB
MemFree:         3237748 kB
Active:           420284 kB
Mem:          3.8G       760M       3.1G       5.7M        54M       316M

MemTotal:        4016004 kB
MemFree:         3235760 kB
Active:           420280 kB
Mem:          3.8G       761M       3.1G       5.7M        54M       316M

MemTotal:        4016004 kB
MemFree:         3236380 kB
Active:           422284 kB
Mem:          3.8G       761M       3.1G       5.7M        54M       316M

MemTotal:        4016004 kB
MemFree:         3236256 kB
Active:           422292 kB
Mem:          3.8G       761M       3.1G       5.7M        54M       316M

MemTotal:        4016004 kB
MemFree:         3236256 kB
Active:           422284 kB
Mem:          3.8G       761M       3.1G       5.7M        54M       316M

MemTotal:        4016004 kB
MemFree:         3236256 kB
Active:           422292 kB
Mem:          3.8G       761M       3.1G       5.7M        54M       316M

MemTotal:        4016004 kB
MemFree:         3236504 kB
Active:           422324 kB
Mem:          3.8G       761M       3.1G       5.7M        54M       316M

MemTotal:        4016004 kB
MemFree:         3236256 kB
Active:           422324 kB
Mem:          3.8G       761M       3.1G       5.7M        54M       316M

MemTotal:        4016004 kB
MemFree:         3236008 kB
Active:           422328 kB
Mem:          3.8G       761M       3.1G       5.7M        54M       316M

MemTotal:        4016004 kB
MemFree:         3236008 kB
Active:           422332 kB
Mem:          3.8G       761M       3.1G       5.7M        54M       316M

MemTotal:        4016004 kB
MemFree:         3235636 kB
Active:           422336 kB
Mem:          3.8G       762M       3.1G       5.7M        54M       316M

MemTotal:        4016004 kB
MemFree:         3235572 kB
Active:           420296 kB
Mem:          3.8G       761M       3.1G       5.7M        54M       316M

MemTotal:        4016004 kB
MemFree:         3235324 kB
Active:           420316 kB
Mem:          3.8G       762M       3.1G       5.7M        54M       316M

MemTotal:        4016004 kB
MemFree:         3235696 kB
Active:           422328 kB
Mem:          3.8G       762M       3.1G       5.7M        54M       316M

MemTotal:        4016004 kB
MemFree:         3236068 kB
Active:           422328 kB
Mem:          3.8G       761M       3.1G       5.7M        54M       316M

MemTotal:        4016004 kB
MemFree:         3236176 kB
Active:           422336 kB
Mem:          3.8G       761M       3.1G       5.7M        54M       316M

MemTotal:        4016004 kB
MemFree:         3235912 kB
Active:           422360 kB
Mem:          3.8G       761M       3.1G       5.7M        54M       316M

MemTotal:        4016004 kB
MemFree:         3235028 kB
Active:           422376 kB
Mem:          3.8G       762M       3.1G       5.7M        54M       316M

MemTotal:        4016004 kB
MemFree:         3235508 kB
Active:           422352 kB
Mem:          3.8G       762M       3.1G       5.7M        54M       316M

MemTotal:        4016004 kB
MemFree:         3235384 kB
Active:           422356 kB
Mem:          3.8G       762M       3.1G       5.7M        54M       316M

MemTotal:        4016004 kB
MemFree:         3235508 kB
Active:           422324 kB
Mem:          3.8G       762M       3.1G       5.7M        54M       316M

MemTotal:        4016004 kB
MemFree:         3235524 kB
Active:           420340 kB
Mem:          3.8G       761M       3.1G       5.7M        54M       316M

MemTotal:        4016004 kB
MemFree:         3236144 kB
Active:           422380 kB
Mem:          3.8G       761M       3.1G       5.7M        54M       316M

MemTotal:        4016004 kB
MemFree:         3235648 kB
Active:           422400 kB
Mem:          3.8G       761M       3.1G       5.7M        54M       316M

MemTotal:        4016004 kB
MemFree:         3236268 kB
Active:           422392 kB
Mem:          3.8G       761M       3.1G       5.7M        54M       316M

MemTotal:        4016004 kB
MemFree:         3236392 kB
Active:           422364 kB
Mem:          3.8G       761M       3.1G       5.7M        54M       316M

MemTotal:        4016004 kB
MemFree:         3236392 kB
Active:           422408 kB
Mem:          3.8G       761M       3.1G       5.7M        54M       316M

MemTotal:        4016004 kB
MemFree:         3236144 kB
Active:           422364 kB
Mem:          3.8G       761M       3.1G       5.7M        54M       316M

MemTotal:        4016004 kB
MemFree:         3236144 kB
Active:           422376 kB
Mem:          3.8G       761M       3.1G       5.7M        54M       316M

MemTotal:        4016004 kB
MemFree:         3235772 kB
Active:           422420 kB
Mem:          3.8G       761M       3.1G       5.7M        54M       316M

MemTotal:        4016004 kB
MemFree:         3235896 kB
Active:           422412 kB
Mem:          3.8G       761M       3.1G       5.7M        54M       316M

MemTotal:        4016004 kB
MemFree:         3235896 kB
Active:           422392 kB
Mem:          3.8G       762M       3.1G       5.7M        54M       316M

MemTotal:        4016004 kB
MemFree:         3236020 kB
Active:           422432 kB
Mem:          3.8G       761M       3.1G       5.7M        54M       316M

MemTotal:        4016004 kB
MemFree:         3236020 kB
Active:           422432 kB
Mem:          3.8G       761M       3.1G       5.7M        54M       316M

MemTotal:        4016004 kB
MemFree:         3235864 kB
Active:           422432 kB
Mem:          3.8G       761M       3.1G       5.7M        54M       316M

MemTotal:        4016004 kB
MemFree:         3121972 kB
Active:           423248 kB
Mem:          3.8G       874M       3.0G       5.7M        54M       427M

MemTotal:        4016004 kB
MemFree:         3008720 kB
Active:           423280 kB
Mem:          3.8G       984M       2.9G       5.7M        54M       535M

MemTotal:        4016004 kB
MemFree:         2891036 kB
Active:           423316 kB
Mem:          3.8G       1.1G       2.8G       5.7M        54M       650M

MemTotal:        4016004 kB
MemFree:         2858848 kB
Active:           423312 kB
Mem:          3.8G       1.1G       2.7G       5.7M        54M       679M

MemTotal:        4016004 kB
MemFree:         2781200 kB
Active:           423308 kB
Mem:          3.8G       1.2G       2.7G       5.7M        54M       752M

MemTotal:        4016004 kB
MemFree:         2780860 kB
Active:           423284 kB
Mem:          3.8G       1.2G       2.7G       5.7M        54M       753M

MemTotal:        4016004 kB
MemFree:         2738728 kB
Active:           421296 kB
Mem:          3.8G       1.2G       2.6G       5.7M        54M       793M

MemTotal:        4016004 kB
MemFree:         2682304 kB
Active:           423352 kB
Mem:          3.8G       1.3G       2.6G       5.7M        54M       848M

MemTotal:        4016004 kB
MemFree:         2680336 kB
Active:           423396 kB
Mem:          3.8G       1.3G       2.6G       5.7M        55M       849M

MemTotal:        4016004 kB
MemFree:         2679480 kB
Active:           423396 kB
Mem:          3.8G       1.3G       2.6G       5.7M        55M       850M

MemTotal:        4016004 kB
MemFree:         2677624 kB
Active:           423400 kB
Mem:          3.8G       1.3G       2.6G       5.7M        55M       852M

MemTotal:        4016004 kB
MemFree:         2640892 kB
Active:           423396 kB
Mem:          3.8G       1.3G       2.5G       5.7M        55M       888M

MemTotal:        4016004 kB
MemFree:         2557608 kB
Active:           423364 kB
Mem:          3.8G       1.4G       2.4G       5.7M        55M       971M

MemTotal:        4016004 kB
MemFree:         2423260 kB
Active:           423420 kB
Mem:          3.8G       1.5G       2.3G       5.7M        55M       1.1G

MemTotal:        4016004 kB
MemFree:         2326576 kB
Active:           423420 kB
Mem:          3.8G       1.6G       2.2G       5.7M        55M       1.2G

MemTotal:        4016004 kB
MemFree:         2325896 kB
Active:           423416 kB
Mem:          3.8G       1.6G       2.2G       5.7M        55M       1.2G

MemTotal:        4016004 kB
MemFree:         2227016 kB
Active:           421384 kB
Mem:          3.8G       1.7G       2.1G       5.7M        55M       1.3G

MemTotal:        4016004 kB
MemFree:         2227388 kB
Active:           423420 kB
Mem:          3.8G       1.7G       2.1G       5.7M        55M       1.3G

MemTotal:        4016004 kB
MemFree:         2149404 kB
Active:           423452 kB
Mem:          3.8G       1.8G       2.0G       5.7M        55M       1.3G

MemTotal:        4016004 kB
MemFree:         2126032 kB
Active:           423456 kB
Mem:          3.8G       1.8G       2.0G       5.7M        55M       1.3G

MemTotal:        4016004 kB
MemFree:         2124504 kB
Active:           423468 kB
Mem:          3.8G       1.8G       2.0G       5.7M        55M       1.4G

MemTotal:        4016004 kB
MemFree:         2123692 kB
Active:           423468 kB
Mem:          3.8G       1.8G       2.0G       5.7M        55M       1.4G

MemTotal:        4016004 kB
MemFree:         2123060 kB
Active:           423452 kB
Mem:          3.8G       1.8G       2.0G       5.7M        55M       1.4G

MemTotal:        4016004 kB
MemFree:         2088964 kB
Active:           423476 kB
Mem:          3.8G       1.8G       2.0G       5.7M        55M       1.4G

MemTotal:        4016004 kB
MemFree:         1976736 kB
Active:           423484 kB
Mem:          3.8G       1.9G       1.9G       5.7M        55M       1.5G

MemTotal:        4016004 kB
MemFree:         1840900 kB
Active:           423460 kB
Mem:          3.8G       2.1G       1.8G       5.7M        55M       1.6G

MemTotal:        4016004 kB
MemFree:         1775080 kB
Active:           423484 kB
Mem:          3.8G       2.1G       1.7G       5.7M        55M       1.7G

MemTotal:        4016004 kB
MemFree:         1764076 kB
Active:           423436 kB
Mem:          3.8G       2.1G       1.7G       5.7M        55M       1.7G

MemTotal:        4016004 kB
MemFree:         1673768 kB
Active:           423500 kB
Mem:          3.8G       2.2G       1.6G       5.7M        55M       1.8G

MemTotal:        4016004 kB
MemFree:         1595564 kB
Active:           423512 kB
Mem:          3.8G       2.3G       1.5G       5.7M        55M       1.9G

MemTotal:        4016004 kB
MemFree:         1573812 kB
Active:           423508 kB
Mem:          3.8G       2.3G       1.5G       5.7M        55M       1.9G

MemTotal:        4016004 kB
MemFree:         1570408 kB
Active:           423496 kB
Mem:          3.8G       2.3G       1.5G       5.7M        55M       1.9G

MemTotal:        4016004 kB
MemFree:         1473340 kB
Active:           423512 kB
Mem:          3.8G       2.4G       1.4G       5.7M        55M       2.0G

MemTotal:        4016004 kB
MemFree:         1472120 kB
Active:           423500 kB
Mem:          3.8G       2.4G       1.4G       5.7M        55M       2.0G

MemTotal:        4016004 kB
MemFree:         1470032 kB
Active:           423500 kB
Mem:          3.8G       2.4G       1.4G       5.7M        55M       2.0G

MemTotal:        4016004 kB
MemFree:         1468452 kB
Active:           423520 kB
Mem:          3.8G       2.4G       1.4G       5.7M        55M       2.0G

MemTotal:        4016004 kB
MemFree:         1466256 kB
Active:           423516 kB
Mem:          3.8G       2.4G       1.4G       5.7M        55M       2.0G

MemTotal:        4016004 kB
MemFree:         1413960 kB
Active:           423504 kB
Mem:          3.8G       2.5G       1.3G       5.7M        55M       2.0G

MemTotal:        4016004 kB
MemFree:         1282108 kB
Active:           423516 kB
Mem:          3.8G       2.6G       1.2G       5.7M        55M       2.1G

MemTotal:        4016004 kB
MemFree:         1152984 kB
Active:           423528 kB
Mem:          3.8G       2.7G       1.1G       5.7M        55M       2.3G

MemTotal:        4016004 kB
MemFree:         1089104 kB
Active:           423552 kB
Mem:          3.8G       2.8G       1.0G       5.7M        55M       2.3G

MemTotal:        4016004 kB
MemFree:         1029032 kB
Active:           423524 kB
Mem:          3.8G       2.8G       1.0G       5.7M        55M       2.4G

MemTotal:        4016004 kB
MemFree:         1027764 kB
Active:           423536 kB
Mem:          3.8G       2.9G       1.0G       5.7M        55M       2.4G

MemTotal:        4016004 kB
MemFree:          942976 kB
Active:           423572 kB
Mem:          3.8G       2.9G       917M       5.7M        55M       2.5G

MemTotal:        4016004 kB
MemFree:          933424 kB
Active:           423564 kB
Mem:          3.8G       2.9G       911M       5.7M        55M       2.5G

MemTotal:        4016004 kB
MemFree:          932312 kB
Active:           423548 kB
Mem:          3.8G       2.9G       909M       5.7M        55M       2.5G

MemTotal:        4016004 kB
MemFree:          827928 kB
Active:           423556 kB
Mem:          3.8G       3.0G       806M       5.7M        55M       2.6G

MemTotal:        4016004 kB
MemFree:          786748 kB
Active:           423556 kB
Mem:          3.8G       3.1G       767M       5.7M        55M       2.6G

MemTotal:        4016004 kB
MemFree:          786748 kB
Active:           423584 kB
Mem:          3.8G       3.1G       768M       5.7M        55M       2.6G

MemTotal:        4016004 kB
MemFree:          786784 kB
Active:           423608 kB
Mem:          3.8G       3.1G       768M       5.7M        55M       2.6G

MemTotal:        4016004 kB
MemFree:          674092 kB
Active:           423612 kB
Mem:          3.8G       3.2G       656M       5.7M        55M       2.7G

MemTotal:        4016004 kB
MemFree:          583052 kB
Active:           423576 kB
Mem:          3.8G       3.3G       569M       5.7M        55M       2.8G

MemTotal:        4016004 kB
MemFree:          559540 kB
Active:           423588 kB
Mem:          3.8G       3.3G       544M       5.7M        55M       2.8G

MemTotal:        4016004 kB
MemFree:          493012 kB
Active:           423624 kB
Mem:          3.8G       3.4G       481M       5.7M        55M       2.9G

MemTotal:        4016004 kB
MemFree:          491832 kB
Active:           423664 kB
Mem:          3.8G       3.4G       480M       5.7M        55M       2.9G

MemTotal:        4016004 kB
MemFree:          490608 kB
Active:           423676 kB
Mem:          3.8G       3.4G       478M       5.7M        55M       2.9G

MemTotal:        4016004 kB
MemFree:          487416 kB
Active:           423652 kB
Mem:          3.8G       3.4G       475M       5.7M        55M       2.9G

MemTotal:        4016004 kB
MemFree:          485348 kB
Active:           425700 kB
Mem:          3.8G       3.4G       473M       5.7M        55M       2.9G

MemTotal:        4016004 kB
MemFree:          371944 kB
Active:           425708 kB
Mem:          3.8G       3.5G       360M       5.7M        55M       3.0G

MemTotal:        4016004 kB
MemFree:          256120 kB
Active:           425712 kB
Mem:          3.8G       3.6G       246M       5.7M        55M       3.1G

MemTotal:        4016004 kB
MemFree:          140356 kB
Active:           425712 kB
Mem:          3.8G       3.7G       137M       5.7M        55M       3.2G

MemTotal:        4016004 kB
MemFree:          125544 kB
Active:           423920 kB
Mem:          3.8G       3.7G       135M       5.7M        20M       3.2G

MemTotal:        4016004 kB
MemFree:          137996 kB
Active:           437372 kB
Mem:          3.8G       3.7G       133M       5.7M        20M       3.2G

MemTotal:        4016004 kB
MemFree:          126440 kB
Active:           437644 kB
Mem:          3.8G       3.7G       119M       5.7M        20M       3.3G

MemTotal:        4016004 kB
MemFree:          172632 kB
Active:           485152 kB
Mem:          3.8G       3.7G       166M       5.7M        19M       3.2G

MemTotal:        4016004 kB
MemFree:          144616 kB
Active:           481448 kB
Mem:          3.8G       3.7G       141M       5.7M        19M       3.2G

MemTotal:        4016004 kB
MemFree:          134176 kB
Active:           481320 kB
Mem:          3.8G       3.7G       130M       5.7M        19M       3.3G

MemTotal:        4016004 kB
MemFree:          132716 kB
Active:           481316 kB
Mem:          3.8G       3.7G       129M       5.7M        19M       3.3G

MemTotal:        4016004 kB
MemFree:          132128 kB
Active:           481348 kB
Mem:          3.8G       3.7G       129M       5.7M        19M       3.3G

MemTotal:        4016004 kB
MemFree:          132628 kB
Active:           481352 kB
Mem:          3.8G       3.7G       129M       5.7M        19M       3.3G

MemTotal:        4016004 kB
MemFree:          132060 kB
Active:           475972 kB
Mem:          3.8G       3.7G       127M       5.7M        19M       3.3G

MemTotal:        4016004 kB
MemFree:          123928 kB
Active:           461132 kB
Mem:          3.8G       3.7G       117M       5.7M        19M       3.3G

MemTotal:        4016004 kB
MemFree:          129112 kB
Active:           446776 kB
Mem:          3.8G       3.7G       128M       5.7M        19M       3.3G

MemTotal:        4016004 kB
MemFree:          140732 kB
Active:           440748 kB
Mem:          3.8G       3.7G       137M       5.7M        19M       3.2G

MemTotal:        4016004 kB
MemFree:          139100 kB
Active:           438832 kB
Mem:          3.8G       3.7G       135M       5.7M        20M       3.2G

MemTotal:        4016004 kB
MemFree:          107412 kB
Active:           437372 kB
Mem:          3.8G       3.7G       103M       5.7M        20M       3.3G

MemTotal:        4016004 kB
MemFree:          135844 kB
Active:           436752 kB
Mem:          3.8G       3.7G       132M       5.7M        20M       3.3G

MemTotal:        4016004 kB
MemFree:          118488 kB
Active:           435148 kB
Mem:          3.8G       3.7G       115M       5.7M        20M       3.3G

MemTotal:        4016004 kB
MemFree:          112088 kB
Active:           435084 kB
Mem:          3.8G       3.7G       108M       5.7M        20M       3.3G

MemTotal:        4016004 kB
MemFree:          162172 kB
Active:           432404 kB
Mem:          3.8G       3.7G       158M       5.7M        20M       3.2G

MemTotal:        4016004 kB
MemFree:          160908 kB
Active:           432404 kB
Mem:          3.8G       3.7G       157M       5.7M        20M       3.2G

MemTotal:        4016004 kB
MemFree:          160064 kB
Active:           432424 kB
Mem:          3.8G       3.7G       156M       5.7M        20M       3.2G

MemTotal:        4016004 kB
MemFree:          159260 kB
Active:           432428 kB
Mem:          3.8G       3.7G       155M       5.7M        20M       3.2G

MemTotal:        4016004 kB
MemFree:          158400 kB
Active:           432416 kB
Mem:          3.8G       3.7G       154M       5.7M        20M       3.2G

MemTotal:        4016004 kB
MemFree:          148048 kB
Active:           428480 kB
Mem:          3.8G       3.7G       140M       5.7M        20M       3.2G

MemTotal:        4016004 kB
MemFree:          146088 kB
Active:           417796 kB
Mem:          3.8G       3.7G       140M       5.7M        20M       3.2G

MemTotal:        4016004 kB
MemFree:          112824 kB
Active:           414712 kB
Mem:          3.8G       3.7G       108M       5.7M        20M       3.3G

MemTotal:        4016004 kB
MemFree:          123768 kB
Active:           414212 kB
Mem:          3.8G       3.7G       118M       5.7M        20M       3.3G

MemTotal:        4016004 kB
MemFree:          141896 kB
Active:           411796 kB
Mem:          3.8G       3.7G       138M       5.7M        20M       3.2G

MemTotal:        4016004 kB
MemFree:          127756 kB
Active:           407916 kB
Mem:          3.8G       3.7G       135M       5.7M        20M       3.2G

MemTotal:        4016004 kB
MemFree:          128856 kB
Active:           407412 kB
Mem:          3.8G       3.7G       122M       5.7M        20M       3.3G

MemTotal:        4016004 kB
MemFree:          139432 kB
Active:           403320 kB
Mem:          3.8G       3.7G       136M       5.7M        20M       3.2G

MemTotal:        4016004 kB
MemFree:          136488 kB
Active:           403316 kB
Mem:          3.8G       3.7G       133M       5.7M        20M       3.2G

MemTotal:        4016004 kB
MemFree:          135404 kB
Active:           403320 kB
Mem:          3.8G       3.7G       131M       5.7M        20M       3.3G

MemTotal:        4016004 kB
MemFree:          135188 kB
Active:           403332 kB
Mem:          3.8G       3.7G       132M       5.7M        20M       3.3G

MemTotal:        4016004 kB
MemFree:          128180 kB
Active:           399504 kB
Mem:          3.8G       3.7G       122M       5.7M        20M       3.3G

MemTotal:        4016004 kB
MemFree:          113384 kB
Active:           396708 kB
Mem:          3.8G       3.7G       107M       5.7M        20M       3.3G

MemTotal:        4016004 kB
MemFree:          119312 kB
Active:           393412 kB
Mem:          3.8G       3.7G       116M       5.7M        20M       3.3G

MemTotal:        4016004 kB
MemFree:          136544 kB
Active:           390556 kB
Mem:          3.8G       3.7G       133M       5.7M        20M       3.2G

MemTotal:        4016004 kB
MemFree:          119896 kB
Active:           390452 kB
Mem:          3.8G       3.7G       114M       5.7M        20M       3.3G

MemTotal:        4016004 kB
MemFree:          119024 kB
Active:           389324 kB
Mem:          3.8G       3.7G       116M       5.7M        20M       3.3G

MemTotal:        4016004 kB
MemFree:          149684 kB
Active:           386380 kB
Mem:          3.8G       3.7G       146M       5.7M        20M       3.2G

MemTotal:        4016004 kB
MemFree:          121652 kB
Active:           385744 kB
Mem:          3.8G       3.7G       115M       5.7M        20M       3.3G

MemTotal:        4016004 kB
MemFree:          132568 kB
Active:           384920 kB
Mem:          3.8G       3.7G       129M       5.7M        20M       3.3G

MemTotal:        4016004 kB
MemFree:          130984 kB
Active:           384992 kB
Mem:          3.8G       3.7G       127M       5.7M        20M       3.3G

MemTotal:        4016004 kB
MemFree:          130136 kB
Active:           385080 kB
Mem:          3.8G       3.7G       126M       5.7M        20M       3.3G

MemTotal:        4016004 kB
MemFree:          131052 kB
Active:           382452 kB
Mem:          3.8G       3.7G       126M       5.7M        20M       3.3G

MemTotal:        4016004 kB
MemFree:          126052 kB
Active:           379252 kB
Mem:          3.8G       3.7G       125M       5.7M        20M       3.3G

MemTotal:        4016004 kB
MemFree:          137080 kB
Active:           372472 kB
Mem:          3.8G       3.7G       133M       5.7M        20M       3.2G

MemTotal:        4016004 kB
MemFree:          126480 kB
Active:           372312 kB
Mem:          3.8G       3.7G       120M       5.7M        20M       3.3G

MemTotal:        4016004 kB
MemFree:          140796 kB
Active:           370008 kB
Mem:          3.8G       3.7G       137M       5.7M        20M       3.2G

MemTotal:        4016004 kB
MemFree:          137132 kB
Active:           368372 kB
Mem:          3.8G       3.7G       133M       5.7M        20M       3.2G

MemTotal:        4016004 kB
MemFree:          118268 kB
Active:           367728 kB
Mem:          3.8G       3.7G       116M       5.7M        20M       3.3G

MemTotal:        4016004 kB
MemFree:          136748 kB
Active:           366084 kB
Mem:          3.8G       3.7G       133M       5.7M        20M       3.2G

MemTotal:        4016004 kB
MemFree:          137524 kB
Active:           366084 kB
Mem:          3.8G       3.7G       134M       5.7M        20M       3.2G

MemTotal:        4016004 kB
MemFree:          136784 kB
Active:           366108 kB
Mem:          3.8G       3.7G       133M       5.7M        20M       3.2G

MemTotal:        4016004 kB
MemFree:          135924 kB
Active:           366116 kB
Mem:          3.8G       3.7G       132M       5.7M        20M       3.2G

MemTotal:        4016004 kB
MemFree:          134008 kB
Active:           366124 kB
Mem:          3.8G       3.7G       128M       5.7M        20M       3.3G

MemTotal:        4016004 kB
MemFree:          138804 kB
Active:           365700 kB
Mem:          3.8G       3.7G       134M       5.7M        20M       3.2G

MemTotal:        4016004 kB
MemFree:          141572 kB
Active:           365628 kB
Mem:          3.8G       3.7G       136M       5.7M        20M       3.2G

MemTotal:        4016004 kB
MemFree:          135244 kB
Active:           365636 kB
Mem:          3.8G       3.7G       132M       5.7M        20M       3.2G

MemTotal:        4016004 kB
MemFree:          148104 kB
Active:           363940 kB
Mem:          3.8G       3.7G       144M       5.7M        20M       3.2G

MemTotal:        4016004 kB
MemFree:          114856 kB
Active:           363708 kB
Mem:          3.8G       3.7G       109M       5.7M        20M       3.3G

MemTotal:        4016004 kB
MemFree:          137668 kB
Active:           363756 kB
Mem:          3.8G       3.7G       134M       5.7M        20M       3.2G

MemTotal:        4016004 kB
MemFree:          144096 kB
Active:           363744 kB
Mem:          3.8G       3.7G       140M       5.7M        20M       3.2G

MemTotal:        4016004 kB
MemFree:          121076 kB
Active:           363740 kB
Mem:          3.8G       3.7G       116M       5.7M        20M       3.3G

MemTotal:        4016004 kB
MemFree:          133152 kB
Active:           363648 kB
Mem:          3.8G       3.7G       129M       5.7M        20M       3.3G

MemTotal:        4016004 kB
MemFree:          132656 kB
Active:           363604 kB
Mem:          3.8G       3.7G       129M       5.7M        20M       3.3G

MemTotal:        4016004 kB
MemFree:          131776 kB
Active:           363668 kB
Mem:          3.8G       3.7G       128M       5.7M        20M       3.3G

MemTotal:        4016004 kB
MemFree:          130848 kB
Active:           363664 kB
Mem:          3.8G       3.7G       127M       5.7M        20M       3.3G

MemTotal:        4016004 kB
MemFree:          126916 kB
Active:           363660 kB
Mem:          3.8G       3.7G       123M       5.7M        20M       3.3G

MemTotal:        4016004 kB
MemFree:          122292 kB
Active:           363672 kB
Mem:          3.8G       3.7G       118M       5.7M        20M       3.3G

MemTotal:        4016004 kB
MemFree:          137860 kB
Active:           363680 kB
Mem:          3.8G       3.7G       133M       5.7M        20M       3.2G

MemTotal:        4016004 kB
MemFree:          148736 kB
Active:           363684 kB
Mem:          3.8G       3.7G       145M       5.7M        20M       3.2G

MemTotal:        4016004 kB
MemFree:          144596 kB
Active:           362564 kB
Mem:          3.8G       3.7G       139M       5.7M        20M       3.2G

MemTotal:        4016004 kB
MemFree:          136772 kB
Active:           364060 kB
Mem:          3.8G       3.7G       133M       5.7M        20M       3.2G

MemTotal:        4016004 kB
MemFree:          116484 kB
Active:           363544 kB
Mem:          3.8G       3.7G       129M       5.7M        20M       3.3G

MemTotal:        4016004 kB
MemFree:          117612 kB
Active:           363308 kB
Mem:          3.8G       3.7G       112M       5.7M        20M       3.3G

MemTotal:        4016004 kB
MemFree:          135436 kB
Active:           363292 kB
Mem:          3.8G       3.7G       132M       5.7M        20M       3.2G

MemTotal:        4016004 kB
MemFree:          134816 kB
Active:           363324 kB
Mem:          3.8G       3.7G       131M       5.7M        20M       3.2G

MemTotal:        4016004 kB
MemFree:          133452 kB
Active:           363348 kB
Mem:          3.8G       3.7G       130M       5.7M        20M       3.2G

MemTotal:        4016004 kB
MemFree:          132712 kB
Active:           363344 kB
Mem:          3.8G       3.7G       129M       5.7M        20M       3.3G

MemTotal:        4016004 kB
MemFree:          130688 kB
Active:           363324 kB
Mem:          3.8G       3.7G       127M       5.7M        20M       3.3G

MemTotal:        4016004 kB
MemFree:          141080 kB
Active:           363352 kB
Mem:          3.8G       3.7G       135M       5.7M        20M       3.2G

MemTotal:        4016004 kB
MemFree:          132472 kB
Active:           362536 kB
Mem:          3.8G       3.7G       126M       5.7M        20M       3.3G

MemTotal:        4016004 kB
MemFree:          137564 kB
Active:           362544 kB
Mem:          3.8G       3.7G       134M       5.7M        20M       3.2G

MemTotal:        4016004 kB
MemFree:          133004 kB
Active:           362492 kB
Mem:          3.8G       3.7G       128M       5.7M        20M       3.3G

MemTotal:        4016004 kB
MemFree:          130984 kB
Active:           362524 kB
Mem:          3.8G       3.7G       127M       5.7M        20M       3.3G

MemTotal:        4016004 kB
MemFree:          138332 kB
Active:           360164 kB
Mem:          3.8G       3.7G       133M       5.7M        20M       3.2G

MemTotal:        4016004 kB
MemFree:          124256 kB
Active:           360040 kB
Mem:          3.8G       3.7G       120M       5.7M        20M       3.3G

MemTotal:        4016004 kB
MemFree:          141136 kB
Active:           360044 kB
Mem:          3.8G       3.7G       137M       5.7M        20M       3.2G

MemTotal:        4016004 kB
MemFree:          139988 kB
Active:           360052 kB
Mem:          3.8G       3.7G       136M       5.7M        20M       3.2G

MemTotal:        4016004 kB
MemFree:          137960 kB
Active:           360044 kB
Mem:          3.8G       3.7G       134M       5.7M        20M       3.2G

MemTotal:        4016004 kB
MemFree:          138120 kB
Active:           360024 kB
Mem:          3.8G       3.7G       134M       5.7M        20M       3.2G

MemTotal:        4016004 kB
MemFree:          117216 kB
Active:           360064 kB
Mem:          3.8G       3.7G       112M       5.7M        20M       3.3G

MemTotal:        4016004 kB
MemFree:          115424 kB
Active:           360012 kB
Mem:          3.8G       3.7G       109M       5.7M        20M       3.3G

MemTotal:        4016004 kB
MemFree:          135924 kB
Active:           358572 kB
Mem:          3.8G       3.7G       131M       5.7M        20M       3.2G

MemTotal:        4016004 kB
MemFree:          141384 kB
Active:           358464 kB
Mem:          3.8G       3.7G       137M       5.7M        20M       3.2G

MemTotal:        4016004 kB
MemFree:          140052 kB
Active:           358512 kB
Mem:          3.8G       3.7G       136M       5.7M        20M       3.2G

MemTotal:        4016004 kB
MemFree:          139848 kB
Active:           358524 kB
Mem:          3.8G       3.7G       136M       5.7M        20M       3.2G

MemTotal:        4016004 kB
MemFree:          126920 kB
Active:           358544 kB
Mem:          3.8G       3.7G       121M       5.7M        20M       3.3G

MemTotal:        4016004 kB
MemFree:          105660 kB
Active:           358548 kB
Mem:          3.8G       3.7G       103M       5.7M        20M       3.3G

MemTotal:        4016004 kB
MemFree:          114884 kB
Active:           358548 kB
Mem:          3.8G       3.7G       110M       5.7M        20M       3.3G

MemTotal:        4016004 kB
MemFree:          141364 kB
Active:           358536 kB
Mem:          3.8G       3.7G       138M       5.7M        20M       3.2G

MemTotal:        4016004 kB
MemFree:          138812 kB
Active:           358524 kB
Mem:          3.8G       3.7G       135M       5.7M        20M       3.2G

MemTotal:        4016004 kB
MemFree:          139372 kB
Active:           360572 kB
Mem:          3.8G       3.7G       135M       5.7M        20M       3.2G

MemTotal:        4016004 kB
MemFree:          139688 kB
Active:           360584 kB
Mem:          3.8G       3.7G       136M       5.7M        20M       3.2G

MemTotal:        4016004 kB
MemFree:          125840 kB
Active:           356924 kB
Mem:          3.8G       3.7G       119M       5.7M        20M       3.3G

MemTotal:        4016004 kB
MemFree:          130528 kB
Active:           356736 kB
Mem:          3.8G       3.7G       125M       5.7M        20M       3.3G

MemTotal:        4016004 kB
MemFree:          125808 kB
Active:           356736 kB
Mem:          3.8G       3.7G       119M       5.7M        20M       3.3G

MemTotal:        4016004 kB
MemFree:          118584 kB
Active:           356616 kB
Mem:          3.8G       3.7G       114M       5.7M        20M       3.3G

MemTotal:        4016004 kB
MemFree:          105200 kB
Active:           356612 kB
Mem:          3.8G       3.7G       123M       5.7M        20M       3.3G

MemTotal:        4016004 kB
MemFree:          134992 kB
Active:           353204 kB
Mem:          3.8G       3.7G       131M       5.7M        20M       3.2G

MemTotal:        4016004 kB
MemFree:          139052 kB
Active:           353208 kB
Mem:          3.8G       3.7G       133M       5.7M        20M       3.2G

MemTotal:        4016004 kB
MemFree:          152312 kB
Active:           352220 kB
Mem:          3.8G       3.7G       148M       5.7M        20M       3.2G

MemTotal:        4016004 kB
MemFree:          118720 kB
Active:           352140 kB
Mem:          3.8G       3.7G       115M       5.7M        20M       3.3G

MemTotal:        4016004 kB
MemFree:          117624 kB
Active:           352148 kB
Mem:          3.8G       3.7G       114M       5.7M        20M       3.3G

MemTotal:        4016004 kB
MemFree:          116508 kB
Active:           354180 kB
Mem:          3.8G       3.7G       112M       5.7M        20M       3.3G

MemTotal:        4016004 kB
MemFree:          114756 kB
Active:           354148 kB
Mem:          3.8G       3.7G       111M       5.7M        20M       3.3G

MemTotal:        4016004 kB
MemFree:          140820 kB
Active:           352896 kB
Mem:          3.8G       3.7G       136M       5.7M        20M       3.2G

MemTotal:        4016004 kB
MemFree:          116000 kB
Active:           352536 kB
Mem:          3.8G       3.7G       115M       5.7M        20M       3.3G

MemTotal:        4016004 kB
MemFree:          133268 kB
Active:           349616 kB
Mem:          3.8G       3.7G       126M       5.7M        20M       3.2G

MemTotal:        4016004 kB
MemFree:          136716 kB
Active:           349616 kB
Mem:          3.8G       3.7G       133M       5.7M        20M       3.2G

MemTotal:        4016004 kB
MemFree:          144384 kB
Active:           349628 kB
Mem:          3.8G       3.7G       141M       5.7M        20M       3.2G

MemTotal:        4016004 kB
MemFree:          132028 kB
Active:           349612 kB
Mem:          3.8G       3.7G       129M       5.7M        20M       3.2G

MemTotal:        4016004 kB
MemFree:          110808 kB
Active:           349628 kB
Mem:          3.8G       3.7G       106M       5.7M        20M       3.3G

MemTotal:        4016004 kB
MemFree:          127788 kB
Active:           349648 kB
Mem:          3.8G       3.7G       124M       5.7M        20M       3.2G

MemTotal:        4016004 kB
MemFree:          126404 kB
Active:           349660 kB
Mem:          3.8G       3.7G       123M       5.7M        20M       3.3G

MemTotal:        4016004 kB
MemFree:          124808 kB
Active:           349664 kB
Mem:          3.8G       3.7G       121M       5.7M        20M       3.3G

MemTotal:        4016004 kB
MemFree:          123976 kB
Active:           349664 kB
Mem:          3.8G       3.7G       120M       5.7M        20M       3.3G

MemTotal:        4016004 kB
MemFree:          122988 kB
Active:           349664 kB
Mem:          3.8G       3.7G       119M       5.7M        20M       3.3G

MemTotal:        4016004 kB
MemFree:          134732 kB
Active:           349672 kB
Mem:          3.8G       3.7G       133M       5.7M        20M       3.2G

MemTotal:        4016004 kB
MemFree:          138460 kB
Active:           348364 kB
Mem:          3.8G       3.7G       133M       5.7M        20M       3.2G

MemTotal:        4016004 kB
MemFree:          127616 kB
Active:           348264 kB
Mem:          3.8G       3.7G       122M       5.7M        20M       3.2G

MemTotal:        4016004 kB
MemFree:          125700 kB
Active:           348292 kB
Mem:          3.8G       3.7G       122M       5.7M        20M       3.2G

MemTotal:        4016004 kB
MemFree:          129916 kB
Active:           348300 kB
Mem:          3.8G       3.7G       126M       5.7M        20M       3.2G

MemTotal:        4016004 kB
MemFree:          136772 kB
Active:           348312 kB
Mem:          3.8G       3.7G       133M       5.7M        20M       3.2G

MemTotal:        4016004 kB
MemFree:          121788 kB
Active:           348300 kB
Mem:          3.8G       3.7G       117M       5.7M        20M       3.3G

MemTotal:        4016004 kB
MemFree:          132496 kB
Active:           348316 kB
Mem:          3.8G       3.7G       125M       5.7M        20M       3.2G

MemTotal:        4016004 kB
MemFree:          134180 kB
Active:           348324 kB
Mem:          3.8G       3.7G       131M       5.7M        20M       3.2G

MemTotal:        4016004 kB
MemFree:          132868 kB
Active:           348312 kB
Mem:          3.8G       3.7G       129M       5.7M        20M       3.2G

MemTotal:        4016004 kB
MemFree:          132436 kB
Active:           348280 kB
Mem:          3.8G       3.7G       129M       5.7M        20M       3.2G

MemTotal:        4016004 kB
MemFree:          132596 kB
Active:           348300 kB
Mem:          3.8G       3.7G       129M       5.7M        20M       3.2G

MemTotal:        4016004 kB
MemFree:          119984 kB
Active:           348324 kB
Mem:          3.8G       3.7G       124M       5.7M        20M       3.2G

MemTotal:        4016004 kB
MemFree:          136564 kB
Active:           345456 kB
Mem:          3.8G       3.7G       130M       5.7M        20M       3.2G

MemTotal:        4016004 kB
MemFree:          119024 kB
Active:           346412 kB
Mem:          3.8G       3.7G       114M       5.7M        20M       3.3G

MemTotal:        4016004 kB
MemFree:          124708 kB
Active:           346272 kB
Mem:          3.8G       3.7G       121M       5.7M        20M       3.2G

MemTotal:        4016004 kB
MemFree:          113484 kB
Active:           346304 kB
Mem:          3.8G       3.7G       109M       5.7M        20M       3.3G

MemTotal:        4016004 kB
MemFree:          130076 kB
Active:           346304 kB
Mem:          3.8G       3.7G       126M       5.7M        20M       3.2G

MemTotal:        4016004 kB
MemFree:          121792 kB
Active:           346304 kB
Mem:          3.8G       3.7G       117M       5.7M        20M       3.3G

MemTotal:        4016004 kB
MemFree:          137108 kB
Active:           346304 kB
Mem:          3.8G       3.7G       134M       5.7M        20M       3.2G

MemTotal:        4016004 kB
MemFree:          109764 kB
Active:           346304 kB
Mem:          3.8G       3.7G       107M       5.7M        20M       3.3G

MemTotal:        4016004 kB
MemFree:          106932 kB
Active:           346312 kB
Mem:          3.8G       3.7G       104M       5.7M        20M       3.3G

MemTotal:        4016004 kB
MemFree:          105352 kB
Active:           346340 kB
Mem:          3.8G       3.7G       102M       5.7M        20M       3.3G

MemTotal:        4016004 kB
MemFree:          129072 kB
Active:           346340 kB
Mem:          3.8G       3.7G       126M       5.7M        20M       3.2G

MemTotal:        4016004 kB
MemFree:          109160 kB
Active:           346340 kB
Mem:          3.8G       3.7G       102M       5.7M        20M       3.3G

MemTotal:        4016004 kB
MemFree:          126696 kB
Active:           345600 kB
Mem:          3.8G       3.7G       120M       5.7M        20M       3.2G

MemTotal:        4016004 kB
MemFree:          130480 kB
Active:           345456 kB
Mem:          3.8G       3.7G       139M       5.7M        20M       3.2G

MemTotal:        4016004 kB
MemFree:          143336 kB
Active:           345404 kB
Mem:          3.8G       3.7G       137M       5.7M        20M       3.2G

MemTotal:        4016004 kB
MemFree:          141240 kB
Active:           345456 kB
Mem:          3.8G       3.7G       137M       5.7M        20M       3.2G

MemTotal:        4016004 kB
MemFree:          135756 kB
Active:           345456 kB
Mem:          3.8G       3.7G       132M       5.7M        20M       3.2G

MemTotal:        4016004 kB
MemFree:          122292 kB
Active:           345456 kB
Mem:          3.8G       3.7G       118M       5.7M        20M       3.3G

MemTotal:        4016004 kB
MemFree:          111456 kB
Active:           345420 kB
Mem:          3.8G       3.7G       108M       5.7M        20M       3.3G

MemTotal:        4016004 kB
MemFree:          109456 kB
Active:           345460 kB
Mem:          3.8G       3.7G       106M       5.7M        20M       3.3G

MemTotal:        4016004 kB
MemFree:          106696 kB
Active:           345484 kB
Mem:          3.8G       3.7G       104M       5.7M        20M       3.3G

MemTotal:        4016004 kB
MemFree:          106048 kB
Active:           347492 kB
Mem:          3.8G       3.7G       103M       5.7M        20M       3.3G

MemTotal:        4016004 kB
MemFree:          127752 kB
Active:           346960 kB
Mem:          3.8G       3.7G       124M       5.7M        20M       3.2G

MemTotal:        4016004 kB
MemFree:          122936 kB
Active:           346872 kB
Mem:          3.8G       3.7G       117M       5.7M        20M       3.2G

MemTotal:        4016004 kB
MemFree:          108544 kB
Active:           346624 kB
Mem:          3.8G       3.7G       104M       5.7M        20M       3.3G

MemTotal:        4016004 kB
MemFree:          145908 kB
Active:           346468 kB
Mem:          3.8G       3.7G       141M       5.7M        20M       3.2G

MemTotal:        4016004 kB
MemFree:          126512 kB
Active:           346448 kB
Mem:          3.8G       3.7G       120M       5.7M        20M       3.2G

MemTotal:        4016004 kB
MemFree:          133856 kB
Active:           346492 kB
Mem:          3.8G       3.7G       128M       5.7M        20M       3.2G

MemTotal:        4016004 kB
MemFree:          137680 kB
Active:           346476 kB
Mem:          3.8G       3.7G       134M       5.7M        20M       3.2G

MemTotal:        4016004 kB
MemFree:          105888 kB
Active:           346492 kB
Mem:          3.8G       3.7G       103M       5.7M        20M       3.3G

MemTotal:        4016004 kB
MemFree:          127852 kB
Active:           344928 kB
Mem:          3.8G       3.7G       124M       5.7M        21M       3.2G

MemTotal:        4016004 kB
MemFree:          120256 kB
Active:           351732 kB
Mem:          3.8G       3.7G       116M       5.7M        27M       3.2G

MemTotal:        4016004 kB
MemFree:          119908 kB
Active:           351652 kB
Mem:          3.8G       3.7G       116M       5.7M        27M       3.2G

MemTotal:        4016004 kB
MemFree:          119908 kB
Active:           351652 kB
Mem:          3.8G       3.7G       117M       5.7M        27M       3.2G

MemTotal:        4016004 kB
MemFree:          119908 kB
Active:           351616 kB
Mem:          3.8G       3.7G       117M       5.7M        27M       3.2G

MemTotal:        4016004 kB
MemFree:          119556 kB
Active:           351664 kB
Mem:          3.8G       3.7G       116M       5.7M        27M       3.2G

MemTotal:        4016004 kB
MemFree:          119460 kB
Active:           351616 kB
Mem:          3.8G       3.7G       116M       5.7M        27M       3.2G

MemTotal:        4016004 kB
MemFree:          119528 kB
Active:           351672 kB
Mem:          3.8G       3.7G       116M       5.7M        27M       3.2G

MemTotal:        4016004 kB
MemFree:          119688 kB
Active:           351672 kB
Mem:          3.8G       3.7G       117M       5.7M        27M       3.2G

MemTotal:        4016004 kB
MemFree:          119784 kB
Active:           351672 kB
Mem:          3.8G       3.7G       117M       5.7M        27M       3.2G

MemTotal:        4016004 kB
MemFree:          119908 kB
Active:           351660 kB
Mem:          3.8G       3.7G       116M       5.7M        27M       3.2G

MemTotal:        4016004 kB
MemFree:          119908 kB
Active:           351644 kB
Mem:          3.8G       3.7G       117M       5.7M        27M       3.2G

MemTotal:        4016004 kB
MemFree:          119784 kB
Active:           351636 kB
Mem:          3.8G       3.7G       116M       5.7M        27M       3.2G

MemTotal:        4016004 kB
MemFree:          120804 kB
Active:           351524 kB
Mem:          3.8G       3.7G       117M       5.7M        27M       3.2G

MemTotal:        4016004 kB
MemFree:          120812 kB
Active:           351280 kB
Mem:          3.8G       3.7G       118M       5.7M        27M       3.2G

MemTotal:        4016004 kB
MemFree:          121184 kB
Active:           351272 kB
Mem:          3.8G       3.7G       118M       5.7M        27M       3.2G

MemTotal:        4016004 kB
MemFree:          121592 kB
Active:           351280 kB
Mem:          3.8G       3.7G       118M       5.7M        27M       3.2G

MemTotal:        4016004 kB
MemFree:          121468 kB
Active:           351292 kB
Mem:          3.8G       3.7G       118M       5.7M        27M       3.2G

MemTotal:        4016004 kB
MemFree:          121344 kB
Active:           351292 kB
Mem:          3.8G       3.7G       118M       5.7M        27M       3.2G

MemTotal:        4016004 kB
MemFree:          121964 kB
Active:           351292 kB
Mem:          3.8G       3.7G       118M       5.7M        27M       3.2G

MemTotal:        4016004 kB
MemFree:          122012 kB
Active:           351144 kB
Mem:          3.8G       3.7G       119M       5.7M        27M       3.2G

MemTotal:        4016004 kB
MemFree:          121796 kB
Active:           353072 kB
Mem:          3.8G       3.7G       119M       5.7M        27M       3.2G

MemTotal:        4016004 kB
MemFree:          121796 kB
Active:           353072 kB
Mem:          3.8G       3.7G       119M       5.7M        27M       3.2G

MemTotal:        4016004 kB
MemFree:          122044 kB
Active:           353040 kB
Mem:          3.8G       3.7G       118M       5.7M        27M       3.2G

MemTotal:        4016004 kB
MemFree:          122044 kB
Active:           353048 kB
Mem:          3.8G       3.7G       119M       5.7M        27M       3.2G

MemTotal:        4016004 kB
MemFree:          121920 kB
Active:           353028 kB
Mem:          3.8G       3.7G       119M       5.7M        27M       3.2G

MemTotal:        4016004 kB
MemFree:          121796 kB
Active:           353064 kB
Mem:          3.8G       3.7G       118M       5.7M        27M       3.2G

MemTotal:        4016004 kB
MemFree:          121920 kB
Active:           353056 kB
Mem:          3.8G       3.7G       119M       5.7M        27M       3.2G

MemTotal:        4016004 kB
MemFree:          121672 kB
Active:           353052 kB
Mem:          3.8G       3.7G       118M       5.7M        27M       3.2G

MemTotal:        4016004 kB
MemFree:          121672 kB
Active:           353076 kB
Mem:          3.8G       3.7G       118M       5.7M        27M       3.2G

MemTotal:        4016004 kB
MemFree:          121672 kB
Active:           353048 kB
Mem:          3.8G       3.7G       118M       5.7M        27M       3.2G

MemTotal:        4016004 kB
MemFree:          121796 kB
Active:           353036 kB
Mem:          3.8G       3.7G       118M       5.7M        27M       3.2G

MemTotal:        4016004 kB
MemFree:          121672 kB
Active:           353032 kB
Mem:          3.8G       3.7G       118M       5.7M        27M       3.2G

MemTotal:        4016004 kB
MemFree:          121672 kB
Active:           353080 kB
Mem:          3.8G       3.7G       118M       5.7M        27M       3.2G

MemTotal:        4016004 kB
MemFree:          121796 kB
Active:           353076 kB
Mem:          3.8G       3.7G       118M       5.7M        27M       3.2G

MemTotal:        4016004 kB
MemFree:          121548 kB
Active:           353036 kB
Mem:          3.8G       3.7G       118M       5.7M        27M       3.2G

MemTotal:        4016004 kB
MemFree:          121548 kB
Active:           353064 kB
Mem:          3.8G       3.7G       118M       5.7M        27M       3.2G

MemTotal:        4016004 kB
MemFree:          121672 kB
Active:           353100 kB
Mem:          3.8G       3.7G       118M       5.7M        27M       3.2G

MemTotal:        4016004 kB
MemFree:          121548 kB
Active:           353092 kB
Mem:          3.8G       3.7G       118M       5.7M        27M       3.2G

MemTotal:        4016004 kB
MemFree:          121300 kB
Active:           353072 kB
Mem:          3.8G       3.7G       118M       5.7M        27M       3.2G

MemTotal:        4016004 kB
MemFree:          121424 kB
Active:           353080 kB
Mem:          3.8G       3.7G       118M       5.7M        27M       3.2G

MemTotal:        4016004 kB
MemFree:          121424 kB
Active:           353064 kB
Mem:          3.8G       3.7G       118M       5.7M        27M       3.2G

MemTotal:        4016004 kB
MemFree:          120928 kB
Active:           353112 kB
Mem:          3.8G       3.7G       118M       5.7M        27M       3.2G

MemTotal:        4016004 kB
MemFree:          121300 kB
Active:           353084 kB
Mem:          3.8G       3.7G       118M       5.7M        27M       3.2G

MemTotal:        4016004 kB
MemFree:          121424 kB
Active:           353068 kB
Mem:          3.8G       3.7G       118M       5.7M        27M       3.2G

MemTotal:        4016004 kB
MemFree:          121052 kB
Active:           353120 kB
Mem:          3.8G       3.7G       118M       5.7M        27M       3.2G

MemTotal:        4016004 kB
MemFree:          121424 kB
Active:           353120 kB
Mem:          3.8G       3.7G       118M       5.7M        27M       3.2G

MemTotal:        4016004 kB
MemFree:          121424 kB
Active:           353072 kB
Mem:          3.8G       3.7G       118M       5.7M        27M       3.2G

MemTotal:        4016004 kB
MemFree:          121424 kB
Active:           353072 kB
Mem:          3.8G       3.7G       118M       5.7M        27M       3.2G

MemTotal:        4016004 kB
MemFree:          121052 kB
Active:           353128 kB
Mem:          3.8G       3.7G       118M       5.7M        27M       3.2G

MemTotal:        4016004 kB
MemFree:          121052 kB
Active:           353132 kB
Mem:          3.8G       3.7G       118M       5.7M        27M       3.2G

MemTotal:        4016004 kB
MemFree:          121672 kB
Active:           353104 kB
Mem:          3.8G       3.7G       118M       5.7M        27M       3.2G

MemTotal:        4016004 kB
MemFree:          121796 kB
Active:           353124 kB
Mem:          3.8G       3.7G       118M       5.7M        27M       3.2G

MemTotal:        4016004 kB
MemFree:          121796 kB
Active:           353076 kB
Mem:          3.8G       3.7G       118M       5.7M        27M       3.2G

MemTotal:        4016004 kB
MemFree:          121796 kB
Active:           353084 kB
Mem:          3.8G       3.7G       119M       5.7M        27M       3.2G

MemTotal:        4016004 kB
MemFree:          121796 kB
Active:           353132 kB
Mem:          3.8G       3.7G       118M       5.7M        27M       3.2G

MemTotal:        4016004 kB
MemFree:          121920 kB
Active:           353136 kB
Mem:          3.8G       3.7G       119M       5.7M        27M       3.2G

MemTotal:        4016004 kB
MemFree:          121796 kB
Active:           353140 kB
Mem:          3.8G       3.7G       118M       5.7M        27M       3.2G

MemTotal:        4016004 kB
MemFree:          121672 kB
Active:           353124 kB
Mem:          3.8G       3.7G       118M       5.7M        27M       3.2G

MemTotal:        4016004 kB
MemFree:          121688 kB
Active:           353116 kB
Mem:          3.8G       3.7G       118M       5.7M        27M       3.2G

MemTotal:        4016004 kB
MemFree:          119516 kB
Active:           353148 kB
Mem:          3.8G       3.7G       116M       5.7M        27M       3.2G

MemTotal:        4016004 kB
MemFree:          119764 kB
Active:           355156 kB
Mem:          3.8G       3.7G       117M       5.7M        27M       3.2G

MemTotal:        4016004 kB
MemFree:          120012 kB
Active:           355152 kB
Mem:          3.8G       3.7G       117M       5.7M        27M       3.2G

MemTotal:        4016004 kB
MemFree:          119640 kB
Active:           355124 kB
Mem:          3.8G       3.7G       116M       5.7M        27M       3.2G

MemTotal:        4016004 kB
MemFree:          119392 kB
Active:           355180 kB
Mem:          3.8G       3.7G       116M       5.7M        27M       3.2G

MemTotal:        4016004 kB
MemFree:          119268 kB
Active:           355168 kB
Mem:          3.8G       3.7G       116M       5.7M        27M       3.2G

MemTotal:        4016004 kB
MemFree:          119392 kB
Active:           355132 kB
Mem:          3.8G       3.7G       116M       5.7M        27M       3.2G

MemTotal:        4016004 kB
MemFree:          119764 kB
Active:           355136 kB
Mem:          3.8G       3.7G       116M       5.7M        27M       3.2G

MemTotal:        4016004 kB
MemFree:          119392 kB
Active:           355148 kB
Mem:          3.8G       3.7G       116M       5.7M        27M       3.2G

MemTotal:        4016004 kB
MemFree:          119392 kB
Active:           355164 kB
Mem:          3.8G       3.7G       116M       5.7M        27M       3.2G

MemTotal:        4016004 kB
MemFree:          119596 kB
Active:           355156 kB
Mem:          3.8G       3.7G       116M       5.7M        27M       3.2G

MemTotal:        4016004 kB
MemFree:          119596 kB
Active:           355144 kB
Mem:          3.8G       3.7G       116M       5.7M        27M       3.2G

MemTotal:        4016004 kB
MemFree:          119472 kB
Active:           355140 kB
Mem:          3.8G       3.7G       116M       5.7M        27M       3.2G

MemTotal:        4016004 kB
MemFree:          119472 kB
Active:           355156 kB
Mem:          3.8G       3.7G       116M       5.7M        27M       3.2G

MemTotal:        4016004 kB
MemFree:          119472 kB
Active:           355172 kB
Mem:          3.8G       3.7G       116M       5.7M        27M       3.2G

MemTotal:        4016004 kB
MemFree:          119472 kB
Active:           355192 kB
Mem:          3.8G       3.7G       116M       5.7M        27M       3.2G

MemTotal:        4016004 kB
MemFree:          119472 kB
Active:           355200 kB
Mem:          3.8G       3.7G       116M       5.7M        27M       3.2G

MemTotal:        4016004 kB
MemFree:          119596 kB
Active:           355188 kB
Mem:          3.8G       3.7G       116M       5.7M        27M       3.2G

MemTotal:        4016004 kB
MemFree:          119720 kB
Active:           355188 kB
Mem:          3.8G       3.7G       116M       5.7M        27M       3.2G

MemTotal:        4016004 kB
MemFree:          119720 kB
Active:           355172 kB
Mem:          3.8G       3.7G       116M       5.7M        27M       3.2G

MemTotal:        4016004 kB
MemFree:          119596 kB
Active:           355192 kB
Mem:          3.8G       3.7G       116M       5.7M        27M       3.2G

MemTotal:        4016004 kB
MemFree:          119472 kB
Active:           355192 kB
Mem:          3.8G       3.7G       116M       5.7M        27M       3.2G

MemTotal:        4016004 kB
MemFree:          119472 kB
Active:           355192 kB
Mem:          3.8G       3.7G       116M       5.7M        27M       3.2G

MemTotal:        4016004 kB
MemFree:          119472 kB
Active:           355184 kB
Mem:          3.8G       3.7G       116M       5.7M        27M       3.2G

MemTotal:        4016004 kB
MemFree:          119720 kB
Active:           355160 kB
Mem:          3.8G       3.7G       116M       5.7M        27M       3.2G

MemTotal:        4016004 kB
MemFree:          119596 kB
Active:           355156 kB
Mem:          3.8G       3.7G       116M       5.7M        27M       3.2G

MemTotal:        4016004 kB
MemFree:          119968 kB
Active:           355196 kB
Mem:          3.8G       3.7G       117M       5.7M        27M       3.2G

MemTotal:        4016004 kB
MemFree:          119720 kB
Active:           355212 kB
Mem:          3.8G       3.7G       116M       5.7M        27M       3.2G

MemTotal:        4016004 kB
MemFree:          119720 kB
Active:           355180 kB
Mem:          3.8G       3.7G       116M       5.7M        27M       3.2G

MemTotal:        4016004 kB
MemFree:          119844 kB
Active:           355164 kB
Mem:          3.8G       3.7G       116M       5.7M        27M       3.2G

MemTotal:        4016004 kB
MemFree:          119720 kB
Active:           355204 kB
Mem:          3.8G       3.7G       116M       5.7M        27M       3.2G

MemTotal:        4016004 kB
MemFree:          119224 kB
Active:           355212 kB
Mem:          3.8G       3.7G       116M       5.7M        27M       3.2G

MemTotal:        4016004 kB
MemFree:          119720 kB
Active:           355168 kB
Mem:          3.8G       3.7G       116M       5.7M        27M       3.2G

MemTotal:        4016004 kB
MemFree:          119720 kB
Active:           355184 kB
Mem:          3.8G       3.7G       116M       5.7M        27M       3.2G

MemTotal:        4016004 kB
MemFree:          119720 kB
Active:           355192 kB
Mem:          3.8G       3.7G       116M       5.7M        27M       3.2G

MemTotal:        4016004 kB
MemFree:          119472 kB
Active:           355204 kB
Mem:          3.8G       3.7G       116M       5.7M        27M       3.2G

MemTotal:        4016004 kB
MemFree:          119472 kB
Active:           355200 kB
Mem:          3.8G       3.7G       116M       5.7M        27M       3.2G

MemTotal:        4016004 kB
MemFree:          119472 kB
Active:           355200 kB
Mem:          3.8G       3.7G       116M       5.7M        27M       3.2G

MemTotal:        4016004 kB
MemFree:          119472 kB
Active:           355192 kB
Mem:          3.8G       3.7G       116M       5.7M        27M       3.2G

MemTotal:        4016004 kB
MemFree:          119472 kB
Active:           355184 kB
Mem:          3.8G       3.7G       116M       5.7M        27M       3.2G

MemTotal:        4016004 kB
MemFree:          118960 kB
Active:           353456 kB
Mem:          3.8G       3.7G       116M       5.7M        27M       3.2G

MemTotal:        4016004 kB
MemFree:          119160 kB
Active:           355428 kB
Mem:          3.8G       3.7G       116M       5.7M        27M       3.2G

MemTotal:        4016004 kB
MemFree:          119160 kB
Active:           355412 kB
Mem:          3.8G       3.7G       116M       5.7M        27M       3.2G

MemTotal:        4016004 kB
MemFree:          119408 kB
Active:           355392 kB
Mem:          3.8G       3.7G       116M       5.7M        27M       3.2G

MemTotal:        4016004 kB
MemFree:          119036 kB
Active:           355436 kB
Mem:          3.8G       3.7G       116M       5.7M        27M       3.2G

MemTotal:        4016004 kB
MemFree:          119284 kB
Active:           355436 kB
Mem:          3.8G       3.7G       116M       5.7M        27M       3.2G

MemTotal:        4016004 kB
MemFree:          119656 kB
Active:           355388 kB
Mem:          3.8G       3.7G       116M       5.7M        27M       3.2G

MemTotal:        4016004 kB
MemFree:          119780 kB
Active:           355388 kB
Mem:          3.8G       3.7G       116M       5.7M        27M       3.2G

MemTotal:        4016004 kB
MemFree:          119656 kB
Active:           355440 kB
Mem:          3.8G       3.7G       116M       5.7M        27M       3.2G

MemTotal:        4016004 kB
MemFree:          119780 kB
Active:           355436 kB
Mem:          3.8G       3.7G       116M       5.7M        27M       3.2G

MemTotal:        4016004 kB
MemFree:          118104 kB
Active:           355416 kB
Mem:          3.8G       3.7G       115M       5.7M        27M       3.2G

MemTotal:        4016004 kB
MemFree:          117608 kB
Active:           357468 kB
Mem:          3.8G       3.7G       114M       5.7M        27M       3.2G

MemTotal:        4016004 kB
MemFree:          117608 kB
Active:           357484 kB
Mem:          3.8G       3.7G       114M       5.7M        27M       3.2G

MemTotal:        4016004 kB
MemFree:          117732 kB
Active:           357492 kB
Mem:          3.8G       3.7G       114M       5.7M        27M       3.2G

MemTotal:        4016004 kB
MemFree:          117236 kB
Active:           357508 kB
Mem:          3.8G       3.7G       114M       5.7M        27M       3.2G

MemTotal:        4016004 kB
MemFree:          117484 kB
Active:           357508 kB
Mem:          3.8G       3.7G       114M       5.7M        27M       3.2G

MemTotal:        4016004 kB
MemFree:          117608 kB
Active:           357472 kB
Mem:          3.8G       3.7G       114M       5.7M        27M       3.2G

MemTotal:        4016004 kB
MemFree:          117484 kB
Active:           357476 kB
Mem:          3.8G       3.7G       115M       5.7M        27M       3.2G

MemTotal:        4016004 kB
MemFree:          117484 kB
Active:           357508 kB
Mem:          3.8G       3.7G       114M       5.7M        27M       3.2G

MemTotal:        4016004 kB
MemFree:          117492 kB
Active:           357472 kB
Mem:          3.8G       3.7G       114M       5.7M        27M       3.2G

MemTotal:        4016004 kB
MemFree:          117492 kB
Active:           357464 kB
Mem:          3.8G       3.7G       114M       5.7M        27M       3.2G

MemTotal:        4016004 kB
MemFree:          117368 kB
Active:           357476 kB
Mem:          3.8G       3.7G       114M       5.7M        27M       3.2G

MemTotal:        4016004 kB
MemFree:          117492 kB
Active:           357500 kB
Mem:          3.8G       3.7G       114M       5.7M        27M       3.2G

MemTotal:        4016004 kB
MemFree:          117616 kB
Active:           357512 kB
Mem:          3.8G       3.7G       114M       5.7M        27M       3.2G

MemTotal:        4016004 kB
MemFree:          117740 kB
Active:           357512 kB
Mem:          3.8G       3.7G       114M       5.7M        27M       3.2G

MemTotal:        4016004 kB
MemFree:          117120 kB
Active:           357520 kB
Mem:          3.8G       3.7G       114M       5.7M        27M       3.2G

MemTotal:        4016004 kB
MemFree:          117120 kB
Active:           357524 kB
Mem:          3.8G       3.7G       114M       5.7M        27M       3.2G

MemTotal:        4016004 kB
MemFree:          117492 kB
Active:           357472 kB
Mem:          3.8G       3.7G       114M       5.7M        27M       3.2G

MemTotal:        4016004 kB
MemFree:          117120 kB
Active:           357524 kB
Mem:          3.8G       3.7G       114M       5.7M        27M       3.2G

MemTotal:        4016004 kB
MemFree:          117368 kB
Active:           357508 kB
Mem:          3.8G       3.7G       114M       5.7M        27M       3.2G

MemTotal:        4016004 kB
MemFree:          117492 kB
Active:           357512 kB
Mem:          3.8G       3.7G       114M       5.7M        27M       3.2G

MemTotal:        4016004 kB
MemFree:          117492 kB
Active:           357472 kB
Mem:          3.8G       3.7G       114M       5.7M        27M       3.2G

MemTotal:        4016004 kB
MemFree:          117616 kB
Active:           357484 kB
Mem:          3.8G       3.7G       114M       5.7M        27M       3.2G

MemTotal:        4016004 kB
MemFree:          117244 kB
Active:           357536 kB
Mem:          3.8G       3.7G       114M       5.7M        27M       3.2G

MemTotal:        4016004 kB
MemFree:          117616 kB
Active:           357536 kB
Mem:          3.8G       3.7G       115M       5.7M        27M       3.2G

MemTotal:        4016004 kB
MemFree:          117616 kB
Active:           357540 kB
Mem:          3.8G       3.7G       114M       5.7M        27M       3.2G

MemTotal:        4016004 kB
MemFree:          117368 kB
Active:           357544 kB
Mem:          3.8G       3.7G       114M       5.7M        27M       3.2G

MemTotal:        4016004 kB
MemFree:          117616 kB
Active:           357520 kB
Mem:          3.8G       3.7G       114M       5.7M        27M       3.2G

MemTotal:        4016004 kB
MemFree:          117368 kB
Active:           357544 kB
Mem:          3.8G       3.7G       114M       5.7M        27M       3.2G

MemTotal:        4016004 kB
MemFree:          117492 kB
Active:           357500 kB
Mem:          3.8G       3.7G       114M       5.7M        27M       3.2G

MemTotal:        4016004 kB
MemFree:          116872 kB
Active:           357548 kB
Mem:          3.8G       3.7G       114M       5.7M        27M       3.2G

MemTotal:        4016004 kB
MemFree:          117244 kB
Active:           357532 kB
Mem:          3.8G       3.7G       114M       5.7M        27M       3.2G

MemTotal:        4016004 kB
MemFree:          116748 kB
Active:           357552 kB
Mem:          3.8G       3.7G       114M       5.7M        27M       3.2G

MemTotal:        4016004 kB
MemFree:          117244 kB
Active:           357548 kB
Mem:          3.8G       3.7G       114M       5.7M        27M       3.2G

MemTotal:        4016004 kB
MemFree:          117244 kB
Active:           357500 kB
Mem:          3.8G       3.7G       114M       5.7M        27M       3.2G

MemTotal:        4016004 kB
MemFree:          116996 kB
Active:           357552 kB
Mem:          3.8G       3.7G       114M       5.7M        27M       3.2G

MemTotal:        4016004 kB
MemFree:          117120 kB
Active:           357556 kB
Mem:          3.8G       3.7G       114M       5.7M        27M       3.2G

MemTotal:        4016004 kB
MemFree:          117492 kB
Active:           357528 kB
Mem:          3.8G       3.7G       114M       5.7M        27M       3.2G

MemTotal:        4016004 kB
MemFree:          117616 kB
Active:           357536 kB
Mem:          3.8G       3.7G       114M       5.7M        27M       3.2G

MemTotal:        4016004 kB
MemFree:          117120 kB
Active:           357568 kB
Mem:          3.8G       3.7G       114M       5.7M        27M       3.2G

MemTotal:        4016004 kB
MemFree:          117492 kB
Active:           357552 kB
Mem:          3.8G       3.7G       114M       5.7M        27M       3.2G

MemTotal:        4016004 kB
MemFree:          117616 kB
Active:           357560 kB
Mem:          3.8G       3.7G       114M       5.7M        27M       3.2G

MemTotal:        4016004 kB
MemFree:          117616 kB
Active:           357564 kB
Mem:          3.8G       3.7G       114M       5.7M        27M       3.2G

MemTotal:        4016004 kB
MemFree:          117120 kB
Active:           357572 kB
Mem:          3.8G       3.7G       114M       5.7M        27M       3.2G

MemTotal:        4016004 kB
MemFree:          117492 kB
Active:           357536 kB
Mem:          3.8G       3.7G       114M       5.7M        27M       3.2G

MemTotal:        4016004 kB
MemFree:          117492 kB
Active:           357548 kB
Mem:          3.8G       3.7G       114M       5.7M        27M       3.2G

MemTotal:        4016004 kB
MemFree:          117368 kB
Active:           357532 kB
Mem:          3.8G       3.7G       114M       5.7M        27M       3.2G

MemTotal:        4016004 kB
MemFree:          117260 kB
Active:           357572 kB
Mem:          3.8G       3.7G       114M       5.7M        27M       3.2G

MemTotal:        4016004 kB
MemFree:          117136 kB
Active:           357580 kB
Mem:          3.8G       3.7G       114M       5.7M        27M       3.2G

MemTotal:        4016004 kB
MemFree:          116888 kB
Active:           357588 kB
Mem:          3.8G       3.7G       114M       5.7M        27M       3.2G

MemTotal:        4016004 kB
MemFree:          117384 kB
Active:           357584 kB
Mem:          3.8G       3.7G       114M       5.7M        27M       3.2G

MemTotal:        4016004 kB
MemFree:          117508 kB
Active:           357564 kB
Mem:          3.8G       3.7G       114M       5.7M        27M       3.2G

MemTotal:        4016004 kB
MemFree:          117384 kB
Active:           357576 kB
Mem:          3.8G       3.7G       114M       5.7M        27M       3.2G

MemTotal:        4016004 kB
MemFree:          117260 kB
Active:           357548 kB
Mem:          3.8G       3.7G       114M       5.7M        27M       3.2G

MemTotal:        4016004 kB
MemFree:          116896 kB
Active:           357600 kB
Mem:          3.8G       3.7G       114M       5.7M        27M       3.2G

MemTotal:        4016004 kB
MemFree:          117268 kB
Active:           357568 kB
Mem:          3.8G       3.7G       114M       5.7M        27M       3.2G

MemTotal:        4016004 kB
MemFree:          117020 kB
Active:           357612 kB
Mem:          3.8G       3.7G       114M       5.7M        27M       3.2G

MemTotal:        4016004 kB
MemFree:          116896 kB
Active:           357612 kB
Mem:          3.8G       3.7G       114M       5.7M        27M       3.2G

MemTotal:        4016004 kB
MemFree:          117516 kB
Active:           357568 kB
Mem:          3.8G       3.7G       114M       5.7M        27M       3.2G

MemTotal:        4016004 kB
MemFree:          117516 kB
Active:           357580 kB
Mem:          3.8G       3.7G       114M       5.7M        27M       3.2G

MemTotal:        4016004 kB
MemFree:          117020 kB
Active:           357616 kB
Mem:          3.8G       3.7G       114M       5.7M        27M       3.2G

MemTotal:        4016004 kB
MemFree:          117392 kB
Active:           357580 kB
Mem:          3.8G       3.7G       114M       5.7M        27M       3.2G

MemTotal:        4016004 kB
MemFree:          117376 kB
Active:           357580 kB
Mem:          3.8G       3.7G       114M       5.7M        27M       3.2G

MemTotal:        4016004 kB
MemFree:          117376 kB
Active:           357592 kB
Mem:          3.8G       3.7G       114M       5.7M        27M       3.2G

MemTotal:        4016004 kB
MemFree:          117500 kB
Active:           357616 kB
Mem:          3.8G       3.7G       114M       5.7M        27M       3.2G

MemTotal:        4016004 kB
MemFree:          117376 kB
Active:           357616 kB
Mem:          3.8G       3.7G       114M       5.7M        27M       3.2G

MemTotal:        4016004 kB
MemFree:          117748 kB
Active:           357608 kB
Mem:          3.8G       3.7G       115M       5.7M        27M       3.2G

MemTotal:        4016004 kB
MemFree:          117996 kB
Active:           357616 kB
Mem:          3.8G       3.7G       115M       5.7M        27M       3.2G

MemTotal:        4016004 kB
MemFree:          118120 kB
Active:           357612 kB
Mem:          3.8G       3.7G       115M       5.7M        27M       3.2G

MemTotal:        4016004 kB
MemFree:          117872 kB
Active:           357580 kB
Mem:          3.8G       3.7G       115M       5.7M        27M       3.2G

MemTotal:        4016004 kB
MemFree:          117624 kB
Active:           357580 kB
Mem:          3.8G       3.7G       114M       5.7M        27M       3.2G

MemTotal:        4016004 kB
MemFree:          117748 kB
Active:           357588 kB
Mem:          3.8G       3.7G       114M       5.7M        27M       3.2G

MemTotal:        4016004 kB
MemFree:          117624 kB
Active:           357588 kB
Mem:          3.8G       3.7G       114M       5.7M        28M       3.2G

MemTotal:        4016004 kB
MemFree:          116888 kB
Active:           357740 kB
Mem:          3.8G       3.7G       114M       5.7M        28M       3.2G

MemTotal:        4016004 kB
MemFree:          116640 kB
Active:           357928 kB
Mem:          3.8G       3.7G       114M       5.7M        28M       3.2G

