MemTotal:        4016004 kB
MemFree:         3236264 kB
Active:           423404 kB
Mem:          3.8G       761M       3.1G       5.7M        55M       318M

MemTotal:        4016004 kB
MemFree:         3238832 kB
Active:           420336 kB
Mem:          3.8G       759M       3.1G       5.7M        55M       319M

MemTotal:        4016004 kB
MemFree:         3238708 kB
Active:           420340 kB
Mem:          3.8G       759M       3.1G       5.7M        55M       319M

MemTotal:        4016004 kB
MemFree:         3238692 kB
Active:           420376 kB
Mem:          3.8G       759M       3.1G       5.7M        55M       319M

MemTotal:        4016004 kB
MemFree:         3238444 kB
Active:           420372 kB
Mem:          3.8G       759M       3.1G       5.7M        55M       319M

MemTotal:        4016004 kB
MemFree:         3238428 kB
Active:           420380 kB
Mem:          3.8G       759M       3.1G       5.7M        55M       319M

MemTotal:        4016004 kB
MemFree:         3235992 kB
Active:           420396 kB
Mem:          3.8G       761M       3.1G       5.7M        55M       319M

MemTotal:        4016004 kB
MemFree:         3236364 kB
Active:           422396 kB
Mem:          3.8G       761M       3.1G       5.7M        55M       319M

MemTotal:        4016004 kB
MemFree:         3236348 kB
Active:           422436 kB
Mem:          3.8G       761M       3.1G       5.7M        55M       319M

MemTotal:        4016004 kB
MemFree:         3236688 kB
Active:           422388 kB
Mem:          3.8G       760M       3.1G       5.7M        55M       319M

MemTotal:        4016004 kB
MemFree:         3236688 kB
Active:           422424 kB
Mem:          3.8G       761M       3.1G       5.7M        55M       319M

MemTotal:        4016004 kB
MemFree:         3236564 kB
Active:           422420 kB
Mem:          3.8G       761M       3.1G       5.7M        55M       319M

MemTotal:        4016004 kB
MemFree:         3236564 kB
Active:           422396 kB
Mem:          3.8G       761M       3.1G       5.7M        55M       319M

MemTotal:        4016004 kB
MemFree:         3236672 kB
Active:           422412 kB
Mem:          3.8G       761M       3.1G       5.7M        55M       319M

MemTotal:        4016004 kB
MemFree:         3236036 kB
Active:           422392 kB
Mem:          3.8G       761M       3.1G       5.7M        55M       319M

MemTotal:        4016004 kB
MemFree:         3235664 kB
Active:           422444 kB
Mem:          3.8G       761M       3.1G       5.7M        55M       319M

MemTotal:        4016004 kB
MemFree:         3236492 kB
Active:           420472 kB
Mem:          3.8G       761M       3.1G       5.7M        55M       319M

MemTotal:        4016004 kB
MemFree:         3236280 kB
Active:           422424 kB
Mem:          3.8G       761M       3.1G       5.7M        55M       319M

MemTotal:        4016004 kB
MemFree:         3236528 kB
Active:           422392 kB
Mem:          3.8G       761M       3.1G       5.7M        55M       319M

MemTotal:        4016004 kB
MemFree:         3236652 kB
Active:           422428 kB
Mem:          3.8G       761M       3.1G       5.7M        55M       319M

MemTotal:        4016004 kB
MemFree:         3236652 kB
Active:           422396 kB
Mem:          3.8G       760M       3.1G       5.7M        55M       319M

MemTotal:        4016004 kB
MemFree:         3236652 kB
Active:           422448 kB
Mem:          3.8G       761M       3.1G       5.7M        55M       319M

MemTotal:        4016004 kB
MemFree:         3236652 kB
Active:           422428 kB
Mem:          3.8G       760M       3.1G       5.7M        55M       319M

MemTotal:        4016004 kB
MemFree:         3236900 kB
Active:           422444 kB
Mem:          3.8G       761M       3.1G       5.7M        55M       319M

MemTotal:        4016004 kB
MemFree:         3236776 kB
Active:           422400 kB
Mem:          3.8G       760M       3.1G       5.7M        55M       319M

MemTotal:        4016004 kB
MemFree:         3236716 kB
Active:           422412 kB
Mem:          3.8G       760M       3.1G       5.7M        55M       319M

MemTotal:        4016004 kB
MemFree:         3236716 kB
Active:           422448 kB
Mem:          3.8G       761M       3.1G       5.7M        55M       319M

MemTotal:        4016004 kB
MemFree:         3236964 kB
Active:           422424 kB
Mem:          3.8G       760M       3.1G       5.7M        55M       319M

MemTotal:        4016004 kB
MemFree:         3236716 kB
Active:           422400 kB
Mem:          3.8G       761M       3.1G       5.7M        55M       319M

MemTotal:        4016004 kB
MemFree:         3236824 kB
Active:           422428 kB
Mem:          3.8G       761M       3.1G       5.7M        55M       319M

MemTotal:        4016004 kB
MemFree:         3237056 kB
Active:           422408 kB
Mem:          3.8G       760M       3.1G       5.7M        55M       319M

MemTotal:        4016004 kB
MemFree:         3236684 kB
Active:           422432 kB
Mem:          3.8G       760M       3.1G       5.7M        55M       319M

MemTotal:        4016004 kB
MemFree:         3236808 kB
Active:           422404 kB
Mem:          3.8G       760M       3.1G       5.7M        55M       319M

MemTotal:        4016004 kB
MemFree:         3237040 kB
Active:           422432 kB
Mem:          3.8G       760M       3.1G       5.7M        55M       319M

MemTotal:        4016004 kB
MemFree:         3236900 kB
Active:           422408 kB
Mem:          3.8G       760M       3.1G       5.7M        55M       319M

MemTotal:        4016004 kB
MemFree:         3236652 kB
Active:           422464 kB
Mem:          3.8G       761M       3.1G       5.7M        55M       319M

MemTotal:        4016004 kB
MemFree:         3235820 kB
Active:           420620 kB
Mem:          3.8G       761M       3.1G       5.7M        55M       319M

MemTotal:        4016004 kB
MemFree:         3236432 kB
Active:           422428 kB
Mem:          3.8G       761M       3.1G       5.7M        55M       319M

MemTotal:        4016004 kB
MemFree:         3236416 kB
Active:           422468 kB
Mem:          3.8G       761M       3.1G       5.7M        55M       319M

MemTotal:        4016004 kB
MemFree:         3236604 kB
Active:           422448 kB
Mem:          3.8G       760M       3.1G       5.7M        55M       319M

MemTotal:        4016004 kB
MemFree:         3237100 kB
Active:           422484 kB
Mem:          3.8G       760M       3.1G       5.7M        55M       319M

MemTotal:        4016004 kB
MemFree:         3236852 kB
Active:           422492 kB
Mem:          3.8G       760M       3.1G       5.7M        55M       319M

MemTotal:        4016004 kB
MemFree:         3237100 kB
Active:           422440 kB
Mem:          3.8G       760M       3.1G       5.7M        55M       319M

MemTotal:        4016004 kB
MemFree:         3237100 kB
Active:           422488 kB
Mem:          3.8G       760M       3.1G       5.7M        55M       319M

MemTotal:        4016004 kB
MemFree:         3237100 kB
Active:           422488 kB
Mem:          3.8G       760M       3.1G       5.7M        55M       319M

MemTotal:        4016004 kB
MemFree:         3236604 kB
Active:           422500 kB
Mem:          3.8G       761M       3.1G       5.7M        55M       319M

MemTotal:        4016004 kB
MemFree:         3236728 kB
Active:           422452 kB
Mem:          3.8G       761M       3.1G       5.7M        55M       319M

MemTotal:        4016004 kB
MemFree:         3236604 kB
Active:           422476 kB
Mem:          3.8G       761M       3.1G       5.7M        55M       319M

MemTotal:        4016004 kB
MemFree:         3236852 kB
Active:           422456 kB
Mem:          3.8G       761M       3.1G       5.7M        55M       319M

MemTotal:        4016004 kB
MemFree:         3236836 kB
Active:           422496 kB
Mem:          3.8G       760M       3.1G       5.7M        55M       319M

MemTotal:        4016004 kB
MemFree:         3236944 kB
Active:           422468 kB
Mem:          3.8G       760M       3.1G       5.7M        55M       319M

MemTotal:        4016004 kB
MemFree:         3236928 kB
Active:           422456 kB
Mem:          3.8G       761M       3.1G       5.7M        55M       319M

MemTotal:        4016004 kB
MemFree:         3236416 kB
Active:           422532 kB
Mem:          3.8G       761M       3.1G       5.7M        55M       319M

MemTotal:        4016004 kB
MemFree:         3236788 kB
Active:           422524 kB
Mem:          3.8G       761M       3.1G       5.7M        55M       319M

MemTotal:        4016004 kB
MemFree:         3236928 kB
Active:           422512 kB
Mem:          3.8G       760M       3.1G       5.7M        55M       319M

MemTotal:        4016004 kB
MemFree:         3236556 kB
Active:           422540 kB
Mem:          3.8G       761M       3.1G       5.7M        55M       319M

MemTotal:        4016004 kB
MemFree:         3236212 kB
Active:           420596 kB
Mem:          3.8G       761M       3.1G       5.7M        55M       319M

MemTotal:        4016004 kB
MemFree:         3236740 kB
Active:           422524 kB
Mem:          3.8G       761M       3.1G       5.7M        55M       319M

MemTotal:        4016004 kB
MemFree:         3236988 kB
Active:           422516 kB
Mem:          3.8G       760M       3.1G       5.7M        55M       319M

MemTotal:        4016004 kB
MemFree:         3236492 kB
Active:           422544 kB
Mem:          3.8G       761M       3.1G       5.7M        55M       319M

MemTotal:        4016004 kB
MemFree:         3236120 kB
Active:           422544 kB
Mem:          3.8G       761M       3.1G       5.7M        55M       319M

MemTotal:        4016004 kB
MemFree:         3236740 kB
Active:           422520 kB
Mem:          3.8G       761M       3.1G       5.7M        55M       319M

MemTotal:        4016004 kB
MemFree:         3236740 kB
Active:           422492 kB
Mem:          3.8G       761M       3.1G       5.7M        55M       319M

MemTotal:        4016004 kB
MemFree:         3236680 kB
Active:           422520 kB
Mem:          3.8G       761M       3.1G       5.7M        55M       319M

MemTotal:        4016004 kB
MemFree:         3236556 kB
Active:           422552 kB
Mem:          3.8G       761M       3.1G       5.7M        55M       319M

MemTotal:        4016004 kB
MemFree:         3236680 kB
Active:           422504 kB
Mem:          3.8G       761M       3.1G       5.7M        55M       319M

MemTotal:        4016004 kB
MemFree:         3236112 kB
Active:           420600 kB
Mem:          3.8G       761M       3.1G       5.7M        55M       319M

MemTotal:        4016004 kB
MemFree:         3235748 kB
Active:           420624 kB
Mem:          3.8G       761M       3.1G       5.7M        55M       319M

MemTotal:        4016004 kB
MemFree:         3235996 kB
Active:           422672 kB
Mem:          3.8G       761M       3.1G       5.7M        55M       319M

MemTotal:        4016004 kB
MemFree:         3236492 kB
Active:           422620 kB
Mem:          3.8G       761M       3.1G       5.7M        55M       319M

MemTotal:        4016004 kB
MemFree:         3236244 kB
Active:           422636 kB
Mem:          3.8G       761M       3.1G       5.7M        55M       319M

MemTotal:        4016004 kB
MemFree:         3236244 kB
Active:           422664 kB
Mem:          3.8G       761M       3.1G       5.7M        55M       319M

MemTotal:        4016004 kB
MemFree:         3236244 kB
Active:           422648 kB
Mem:          3.8G       761M       3.1G       5.7M        55M       319M

MemTotal:        4016004 kB
MemFree:         3235872 kB
Active:           422676 kB
Mem:          3.8G       761M       3.1G       5.7M        55M       319M

MemTotal:        4016004 kB
MemFree:         3236228 kB
Active:           422648 kB
Mem:          3.8G       761M       3.1G       5.7M        55M       319M

MemTotal:        4016004 kB
MemFree:         3235796 kB
Active:           422676 kB
Mem:          3.8G       761M       3.1G       5.7M        55M       319M

MemTotal:        4016004 kB
MemFree:         3236292 kB
Active:           422664 kB
Mem:          3.8G       761M       3.1G       5.7M        55M       319M

MemTotal:        4016004 kB
MemFree:         3236168 kB
Active:           422684 kB
Mem:          3.8G       761M       3.1G       5.7M        55M       319M

MemTotal:        4016004 kB
MemFree:         3236044 kB
Active:           422684 kB
Mem:          3.8G       761M       3.1G       5.7M        55M       319M

MemTotal:        4016004 kB
MemFree:         3236416 kB
Active:           422652 kB
Mem:          3.8G       761M       3.1G       5.7M        55M       319M

MemTotal:        4016004 kB
MemFree:         3236416 kB
Active:           422676 kB
Mem:          3.8G       761M       3.1G       5.7M        55M       319M

MemTotal:        4016004 kB
MemFree:         3236168 kB
Active:           422644 kB
Mem:          3.8G       761M       3.1G       5.7M        55M       319M

MemTotal:        4016004 kB
MemFree:         3236168 kB
Active:           422676 kB
Mem:          3.8G       761M       3.1G       5.7M        55M       319M

MemTotal:        4016004 kB
MemFree:         3236168 kB
Active:           422656 kB
Mem:          3.8G       761M       3.1G       5.7M        55M       319M

MemTotal:        4016004 kB
MemFree:         3236028 kB
Active:           422676 kB
Mem:          3.8G       761M       3.1G       5.7M        55M       319M

MemTotal:        4016004 kB
MemFree:         3236152 kB
Active:           422652 kB
Mem:          3.8G       761M       3.1G       5.7M        55M       319M

MemTotal:        4016004 kB
MemFree:         3236260 kB
Active:           422688 kB
Mem:          3.8G       761M       3.1G       5.7M        55M       319M

MemTotal:        4016004 kB
MemFree:         3236244 kB
Active:           422680 kB
Mem:          3.8G       761M       3.1G       5.7M        55M       319M

MemTotal:        4016004 kB
MemFree:         3235996 kB
Active:           422656 kB
Mem:          3.8G       761M       3.1G       5.7M        55M       319M

MemTotal:        4016004 kB
MemFree:         3236104 kB
Active:           422656 kB
Mem:          3.8G       761M       3.1G       5.7M        55M       319M

MemTotal:        4016004 kB
MemFree:         3236212 kB
Active:           422684 kB
Mem:          3.8G       761M       3.1G       5.7M        55M       319M

MemTotal:        4016004 kB
MemFree:         3236072 kB
Active:           422708 kB
Mem:          3.8G       762M       3.1G       5.7M        55M       319M

MemTotal:        4016004 kB
MemFree:         3235808 kB
Active:           422680 kB
Mem:          3.8G       761M       3.1G       5.7M        55M       319M

MemTotal:        4016004 kB
MemFree:         3235684 kB
Active:           422660 kB
Mem:          3.8G       762M       3.1G       5.7M        55M       319M

MemTotal:        4016004 kB
MemFree:         3235808 kB
Active:           422660 kB
Mem:          3.8G       762M       3.1G       5.7M        55M       319M

MemTotal:        4016004 kB
MemFree:         3235684 kB
Active:           422692 kB
Mem:          3.8G       761M       3.1G       5.7M        55M       319M

MemTotal:        4016004 kB
MemFree:         3234912 kB
Active:           420760 kB
Mem:          3.8G       762M       3.1G       5.7M        55M       319M

MemTotal:        4016004 kB
MemFree:         3235812 kB
Active:           422760 kB
Mem:          3.8G       761M       3.1G       5.7M        55M       319M

MemTotal:        4016004 kB
MemFree:         3236184 kB
Active:           422736 kB
Mem:          3.8G       762M       3.1G       5.7M        55M       319M

MemTotal:        4016004 kB
MemFree:         3236060 kB
Active:           422736 kB
Mem:          3.8G       761M       3.1G       5.7M        55M       319M

MemTotal:        4016004 kB
MemFree:         3236136 kB
Active:           422920 kB
Mem:          3.8G       761M       3.1G       5.7M        55M       319M

MemTotal:        4016004 kB
MemFree:         3193596 kB
Active:           423896 kB
Mem:          3.8G       804M       3.0G       5.7M        55M       360M

MemTotal:        4016004 kB
MemFree:         3147248 kB
Active:           423928 kB
Mem:          3.8G       848M       3.0G       5.7M        55M       404M

MemTotal:        4016004 kB
MemFree:         3100760 kB
Active:           423952 kB
Mem:          3.8G       894M       3.0G       5.7M        55M       449M

MemTotal:        4016004 kB
MemFree:         3056148 kB
Active:           423972 kB
Mem:          3.8G       937M       2.9G       5.7M        55M       491M

MemTotal:        4016004 kB
MemFree:         3009696 kB
Active:           423996 kB
Mem:          3.8G       982M       2.9G       5.7M        55M       536M

MemTotal:        4016004 kB
MemFree:         2963140 kB
Active:           426100 kB
Mem:          3.8G       1.0G       2.8G       5.7M        55M       579M

MemTotal:        4016004 kB
MemFree:         2916776 kB
Active:           426076 kB
Mem:          3.8G       1.0G       2.8G       5.7M        55M       624M

MemTotal:        4016004 kB
MemFree:         2872624 kB
Active:           426100 kB
Mem:          3.8G       1.1G       2.7G       5.7M        55M       666M

MemTotal:        4016004 kB
MemFree:         2825152 kB
Active:           426144 kB
Mem:          3.8G       1.1G       2.7G       5.7M        55M       712M

MemTotal:        4016004 kB
MemFree:         2780316 kB
Active:           426172 kB
Mem:          3.8G       1.2G       2.7G       5.7M        55M       755M

MemTotal:        4016004 kB
MemFree:         2734460 kB
Active:           426196 kB
Mem:          3.8G       1.2G       2.6G       5.7M        55M       798M

MemTotal:        4016004 kB
MemFree:         2688588 kB
Active:           426236 kB
Mem:          3.8G       1.3G       2.6G       5.7M        55M       843M

MemTotal:        4016004 kB
MemFree:         2644584 kB
Active:           426260 kB
Mem:          3.8G       1.3G       2.5G       5.7M        55M       885M

MemTotal:        4016004 kB
MemFree:         2598104 kB
Active:           426296 kB
Mem:          3.8G       1.4G       2.5G       5.7M        55M       929M

MemTotal:        4016004 kB
MemFree:         2553108 kB
Active:           426336 kB
Mem:          3.8G       1.4G       2.4G       5.7M        55M       972M

MemTotal:        4016004 kB
MemFree:         2507340 kB
Active:           426364 kB
Mem:          3.8G       1.4G       2.4G       5.7M        55M       1.0G

MemTotal:        4016004 kB
MemFree:         2463088 kB
Active:           426448 kB
Mem:          3.8G       1.5G       2.3G       5.7M        55M       1.0G

MemTotal:        4016004 kB
MemFree:         2417164 kB
Active:           426472 kB
Mem:          3.8G       1.5G       2.3G       5.7M        55M       1.1G

MemTotal:        4016004 kB
MemFree:         2371436 kB
Active:           426492 kB
Mem:          3.8G       1.6G       2.3G       5.7M        55M       1.1G

MemTotal:        4016004 kB
MemFree:         2325708 kB
Active:           426516 kB
Mem:          3.8G       1.6G       2.2G       5.7M        55M       1.2G

MemTotal:        4016004 kB
MemFree:         2279592 kB
Active:           426540 kB
Mem:          3.8G       1.7G       2.2G       5.7M        55M       1.2G

MemTotal:        4016004 kB
MemFree:         2233228 kB
Active:           426568 kB
Mem:          3.8G       1.7G       2.1G       5.7M        55M       1.3G

MemTotal:        4016004 kB
MemFree:         2188492 kB
Active:           426592 kB
Mem:          3.8G       1.7G       2.1G       5.7M        55M       1.3G

MemTotal:        4016004 kB
MemFree:         2143104 kB
Active:           426612 kB
Mem:          3.8G       1.8G       2.0G       5.7M        55M       1.3G

MemTotal:        4016004 kB
MemFree:         2096612 kB
Active:           426668 kB
Mem:          3.8G       1.8G       2.0G       5.7M        55M       1.4G

MemTotal:        4016004 kB
MemFree:         2050296 kB
Active:           426692 kB
Mem:          3.8G       1.9G       2.0G       5.7M        55M       1.4G

MemTotal:        4016004 kB
MemFree:         2005796 kB
Active:           426712 kB
Mem:          3.8G       1.9G       1.9G       5.7M        55M       1.5G

MemTotal:        4016004 kB
MemFree:         1960060 kB
Active:           426736 kB
Mem:          3.8G       2.0G       1.9G       5.7M        56M       1.5G

MemTotal:        4016004 kB
MemFree:         1913520 kB
Active:           426764 kB
Mem:          3.8G       2.0G       1.8G       5.7M        56M       1.6G

MemTotal:        4016004 kB
MemFree:         1867356 kB
Active:           426800 kB
Mem:          3.8G       2.0G       1.8G       5.7M        56M       1.6G

MemTotal:        4016004 kB
MemFree:         1822576 kB
Active:           426820 kB
Mem:          3.8G       2.1G       1.7G       5.7M        56M       1.6G

MemTotal:        4016004 kB
MemFree:         1776904 kB
Active:           426844 kB
Mem:          3.8G       2.1G       1.7G       5.7M        56M       1.7G

MemTotal:        4016004 kB
MemFree:         1730512 kB
Active:           426868 kB
Mem:          3.8G       2.2G       1.7G       5.7M        56M       1.7G

MemTotal:        4016004 kB
MemFree:         1685824 kB
Active:           426888 kB
Mem:          3.8G       2.2G       1.6G       5.7M        56M       1.8G

MemTotal:        4016004 kB
MemFree:         1639608 kB
Active:           426916 kB
Mem:          3.8G       2.3G       1.6G       5.7M        56M       1.8G

MemTotal:        4016004 kB
MemFree:         1592948 kB
Active:           429000 kB
Mem:          3.8G       2.3G       1.5G       5.7M        56M       1.8G

MemTotal:        4016004 kB
MemFree:         1577268 kB
Active:           429000 kB
Mem:          3.8G       2.3G       1.5G       5.7M        56M       1.9G

MemTotal:        4016004 kB
MemFree:         1532144 kB
Active:           429028 kB
Mem:          3.8G       2.4G       1.5G       5.7M        56M       1.9G

MemTotal:        4016004 kB
MemFree:         1485816 kB
Active:           429048 kB
Mem:          3.8G       2.4G       1.4G       5.7M        56M       2.0G

MemTotal:        4016004 kB
MemFree:         1439672 kB
Active:           429076 kB
Mem:          3.8G       2.5G       1.4G       5.7M        56M       2.0G

MemTotal:        4016004 kB
MemFree:         1393336 kB
Active:           429112 kB
Mem:          3.8G       2.5G       1.3G       5.7M        56M       2.0G

MemTotal:        4016004 kB
MemFree:         1348884 kB
Active:           429128 kB
Mem:          3.8G       2.5G       1.3G       5.7M        56M       2.1G

MemTotal:        4016004 kB
MemFree:         1302888 kB
Active:           429156 kB
Mem:          3.8G       2.6G       1.2G       5.7M        56M       2.1G

MemTotal:        4016004 kB
MemFree:         1256628 kB
Active:           429180 kB
Mem:          3.8G       2.6G       1.2G       5.7M        56M       2.2G

MemTotal:        4016004 kB
MemFree:         1212264 kB
Active:           429200 kB
Mem:          3.8G       2.7G       1.2G       5.7M        56M       2.2G

MemTotal:        4016004 kB
MemFree:         1165884 kB
Active:           429232 kB
Mem:          3.8G       2.7G       1.1G       5.7M        56M       2.3G

MemTotal:        4016004 kB
MemFree:         1120652 kB
Active:           429216 kB
Mem:          3.8G       2.8G       1.1G       5.7M        56M       2.3G

MemTotal:        4016004 kB
MemFree:         1075668 kB
Active:           429272 kB
Mem:          3.8G       2.8G       1.0G       5.7M        56M       2.3G

MemTotal:        4016004 kB
MemFree:         1028216 kB
Active:           429320 kB
Mem:          3.8G       2.8G       1.0G       5.7M        56M       2.4G

MemTotal:        4016004 kB
MemFree:          984024 kB
Active:           429344 kB
Mem:          3.8G       2.9G       960M       5.7M        56M       2.4G

MemTotal:        4016004 kB
MemFree:          937924 kB
Active:           429380 kB
Mem:          3.8G       2.9G       915M       5.7M        56M       2.5G

MemTotal:        4016004 kB
MemFree:          892908 kB
Active:           429404 kB
Mem:          3.8G       3.0G       871M       5.7M        56M       2.5G

MemTotal:        4016004 kB
MemFree:          848784 kB
Active:           429472 kB
Mem:          3.8G       3.0G       828M       5.7M        56M       2.5G

MemTotal:        4016004 kB
MemFree:          801080 kB
Active:           429492 kB
Mem:          3.8G       3.1G       781M       5.7M        56M       2.6G

MemTotal:        4016004 kB
MemFree:          755924 kB
Active:           429540 kB
Mem:          3.8G       3.1G       737M       5.7M        56M       2.6G

MemTotal:        4016004 kB
MemFree:          709312 kB
Active:           429572 kB
Mem:          3.8G       3.2G       692M       5.7M        56M       2.7G

MemTotal:        4016004 kB
MemFree:          664752 kB
Active:           429596 kB
Mem:          3.8G       3.2G       648M       5.7M        56M       2.7G

MemTotal:        4016004 kB
MemFree:          618608 kB
Active:           429628 kB
Mem:          3.8G       3.2G       603M       5.7M        56M       2.8G

MemTotal:        4016004 kB
MemFree:          572508 kB
Active:           429648 kB
Mem:          3.8G       3.3G       559M       5.7M        56M       2.8G

MemTotal:        4016004 kB
MemFree:          528020 kB
Active:           429672 kB
Mem:          3.8G       3.3G       515M       5.7M        56M       2.9G

MemTotal:        4016004 kB
MemFree:          483144 kB
Active:           429692 kB
Mem:          3.8G       3.4G       470M       5.7M        56M       2.9G

MemTotal:        4016004 kB
MemFree:          465416 kB
Active:           429712 kB
Mem:          3.8G       3.4G       454M       5.7M        56M       2.9G

MemTotal:        4016004 kB
MemFree:          428132 kB
Active:           429740 kB
Mem:          3.8G       3.4G       418M       5.7M        56M       2.9G

MemTotal:        4016004 kB
MemFree:          384040 kB
Active:           429776 kB
Mem:          3.8G       3.5G       374M       5.7M        56M       3.0G

MemTotal:        4016004 kB
MemFree:          337848 kB
Active:           429812 kB
Mem:          3.8G       3.5G       329M       5.7M        56M       3.0G

MemTotal:        4016004 kB
MemFree:          293060 kB
Active:           429836 kB
Mem:          3.8G       3.6G       285M       5.7M        56M       3.1G

MemTotal:        4016004 kB
MemFree:          247296 kB
Active:           429872 kB
Mem:          3.8G       3.6G       241M       5.7M        56M       3.1G

MemTotal:        4016004 kB
MemFree:          211800 kB
Active:           429912 kB
Mem:          3.8G       3.6G       206M       5.7M        56M       3.1G

MemTotal:        4016004 kB
MemFree:          167088 kB
Active:           429896 kB
Mem:          3.8G       3.7G       162M       5.7M        56M       3.2G

MemTotal:        4016004 kB
MemFree:          121492 kB
Active:           429956 kB
Mem:          3.8G       3.7G       118M       5.7M        57M       3.2G

MemTotal:        4016004 kB
MemFree:          111524 kB
Active:           426980 kB
Mem:          3.8G       3.7G       124M       5.7M        21M       3.3G

MemTotal:        4016004 kB
MemFree:          109600 kB
Active:           441356 kB
Mem:          3.8G       3.7G       106M       5.7M        21M       3.3G

MemTotal:        4016004 kB
MemFree:          112404 kB
Active:           487268 kB
Mem:          3.8G       3.7G       109M       5.7M        21M       3.3G

MemTotal:        4016004 kB
MemFree:          111552 kB
Active:           488776 kB
Mem:          3.8G       3.7G       105M       5.7M        22M       3.3G

MemTotal:        4016004 kB
MemFree:          126576 kB
Active:           483920 kB
Mem:          3.8G       3.7G       123M       5.7M        22M       3.3G

MemTotal:        4016004 kB
MemFree:          111988 kB
Active:           478700 kB
Mem:          3.8G       3.7G       108M       5.7M        22M       3.3G

MemTotal:        4016004 kB
MemFree:          126720 kB
Active:           475140 kB
Mem:          3.8G       3.7G       123M       5.7M        22M       3.3G

MemTotal:        4016004 kB
MemFree:          128304 kB
Active:           471964 kB
Mem:          3.8G       3.7G       125M       5.7M        22M       3.3G

MemTotal:        4016004 kB
MemFree:          126440 kB
Active:           465032 kB
Mem:          3.8G       3.7G       123M       5.7M        22M       3.3G

MemTotal:        4016004 kB
MemFree:          127840 kB
Active:           460072 kB
Mem:          3.8G       3.7G       125M       5.7M        22M       3.3G

MemTotal:        4016004 kB
MemFree:          112808 kB
Active:           456856 kB
Mem:          3.8G       3.7G       110M       5.7M        22M       3.3G

MemTotal:        4016004 kB
MemFree:          116876 kB
Active:           450496 kB
Mem:          3.8G       3.7G       114M       5.7M        22M       3.3G

MemTotal:        4016004 kB
MemFree:          113308 kB
Active:           448600 kB
Mem:          3.8G       3.7G       110M       5.7M        22M       3.3G

MemTotal:        4016004 kB
MemFree:          129260 kB
Active:           444172 kB
Mem:          3.8G       3.7G       126M       5.7M        22M       3.3G

MemTotal:        4016004 kB
MemFree:          120816 kB
Active:           442536 kB
Mem:          3.8G       3.7G       118M       5.7M        22M       3.3G

MemTotal:        4016004 kB
MemFree:          127096 kB
Active:           439284 kB
Mem:          3.8G       3.7G       123M       5.7M        22M       3.3G

MemTotal:        4016004 kB
MemFree:          116996 kB
Active:           437932 kB
Mem:          3.8G       3.7G       114M       5.7M        22M       3.3G

MemTotal:        4016004 kB
MemFree:          104832 kB
Active:           436576 kB
Mem:          3.8G       3.7G       107M       5.7M        22M       3.3G

MemTotal:        4016004 kB
MemFree:          122456 kB
Active:           434684 kB
Mem:          3.8G       3.7G       119M       5.7M        22M       3.3G

MemTotal:        4016004 kB
MemFree:          106312 kB
Active:           433556 kB
Mem:          3.8G       3.7G       103M       5.7M        22M       3.3G

MemTotal:        4016004 kB
MemFree:          128308 kB
Active:           429400 kB
Mem:          3.8G       3.7G       125M       5.7M        22M       3.3G

MemTotal:        4016004 kB
MemFree:          120756 kB
Active:           428404 kB
Mem:          3.8G       3.7G       117M       5.7M        22M       3.3G

MemTotal:        4016004 kB
MemFree:          128708 kB
Active:           426768 kB
Mem:          3.8G       3.7G       125M       5.7M        22M       3.3G

MemTotal:        4016004 kB
MemFree:          125408 kB
Active:           425396 kB
Mem:          3.8G       3.7G       121M       5.7M        22M       3.3G

MemTotal:        4016004 kB
MemFree:          128932 kB
Active:           423836 kB
Mem:          3.8G       3.7G       125M       5.7M        22M       3.3G

MemTotal:        4016004 kB
MemFree:          125744 kB
Active:           422352 kB
Mem:          3.8G       3.7G       122M       5.7M        22M       3.3G

MemTotal:        4016004 kB
MemFree:          104804 kB
Active:           421628 kB
Mem:          3.8G       3.7G       110M       5.7M        22M       3.3G

MemTotal:        4016004 kB
MemFree:          121032 kB
Active:           419484 kB
Mem:          3.8G       3.7G       118M       5.7M        22M       3.3G

MemTotal:        4016004 kB
MemFree:          108776 kB
Active:           418360 kB
Mem:          3.8G       3.7G       105M       5.7M        22M       3.3G

MemTotal:        4016004 kB
MemFree:          128244 kB
Active:           416332 kB
Mem:          3.8G       3.7G       125M       5.7M        22M       3.3G

MemTotal:        4016004 kB
MemFree:          121100 kB
Active:           415180 kB
Mem:          3.8G       3.7G       118M       5.7M        22M       3.3G

MemTotal:        4016004 kB
MemFree:          112220 kB
Active:           414084 kB
Mem:          3.8G       3.7G       109M       5.7M        22M       3.3G

MemTotal:        4016004 kB
MemFree:          115580 kB
Active:           412444 kB
Mem:          3.8G       3.7G       111M       5.7M        22M       3.3G

MemTotal:        4016004 kB
MemFree:          122924 kB
Active:           408280 kB
Mem:          3.8G       3.7G       119M       5.7M        22M       3.3G

MemTotal:        4016004 kB
MemFree:          113324 kB
Active:           407280 kB
Mem:          3.8G       3.7G       110M       5.7M        22M       3.3G

MemTotal:        4016004 kB
MemFree:          105424 kB
Active:           406040 kB
Mem:          3.8G       3.7G       121M       5.7M        22M       3.3G

MemTotal:        4016004 kB
MemFree:          134228 kB
Active:           403396 kB
Mem:          3.8G       3.7G       142M       5.7M        22M       3.2G

MemTotal:        4016004 kB
MemFree:          105312 kB
Active:           403300 kB
Mem:          3.8G       3.7G       109M       5.7M        22M       3.3G

MemTotal:        4016004 kB
MemFree:          125172 kB
Active:           399216 kB
Mem:          3.8G       3.7G       122M       5.7M        22M       3.3G

MemTotal:        4016004 kB
MemFree:          108408 kB
Active:           398356 kB
Mem:          3.8G       3.7G       105M       5.7M        22M       3.3G

MemTotal:        4016004 kB
MemFree:          109056 kB
Active:           397224 kB
Mem:          3.8G       3.7G       106M       5.7M        22M       3.3G

MemTotal:        4016004 kB
MemFree:          108840 kB
Active:           397240 kB
Mem:          3.8G       3.7G       106M       5.7M        22M       3.3G

MemTotal:        4016004 kB
MemFree:          109376 kB
Active:           397236 kB
Mem:          3.8G       3.7G       106M       5.7M        22M       3.3G

MemTotal:        4016004 kB
MemFree:          104960 kB
Active:           396240 kB
Mem:          3.8G       3.7G       102M       5.7M        22M       3.3G

MemTotal:        4016004 kB
MemFree:          119992 kB
Active:           394216 kB
Mem:          3.8G       3.7G       116M       5.7M        22M       3.3G

MemTotal:        4016004 kB
MemFree:          111448 kB
Active:           393080 kB
Mem:          3.8G       3.7G       108M       5.7M        22M       3.3G

MemTotal:        4016004 kB
MemFree:          131520 kB
Active:           390936 kB
Mem:          3.8G       3.7G       128M       5.7M        22M       3.3G

MemTotal:        4016004 kB
MemFree:          116552 kB
Active:           389936 kB
Mem:          3.8G       3.7G       113M       5.7M        23M       3.3G

MemTotal:        4016004 kB
MemFree:          108072 kB
Active:           388808 kB
Mem:          3.8G       3.7G       105M       5.7M        23M       3.3G

MemTotal:        4016004 kB
MemFree:          128472 kB
Active:           386656 kB
Mem:          3.8G       3.7G       124M       5.7M        23M       3.3G

MemTotal:        4016004 kB
MemFree:          131336 kB
Active:           383000 kB
Mem:          3.8G       3.7G       128M       5.7M        23M       3.3G

MemTotal:        4016004 kB
MemFree:          119976 kB
Active:           383008 kB
Mem:          3.8G       3.7G       116M       5.7M        23M       3.3G

MemTotal:        4016004 kB
MemFree:          135092 kB
Active:           381368 kB
Mem:          3.8G       3.7G       132M       5.7M        23M       3.2G

MemTotal:        4016004 kB
MemFree:          115156 kB
Active:           380624 kB
Mem:          3.8G       3.7G       112M       5.7M        23M       3.3G

MemTotal:        4016004 kB
MemFree:          114628 kB
Active:           378852 kB
Mem:          3.8G       3.7G       111M       5.7M        23M       3.3G

MemTotal:        4016004 kB
MemFree:          107020 kB
Active:           377528 kB
Mem:          3.8G       3.7G       117M       5.7M        23M       3.3G

MemTotal:        4016004 kB
MemFree:          126280 kB
Active:           373656 kB
Mem:          3.8G       3.7G       122M       5.7M        23M       3.3G

MemTotal:        4016004 kB
MemFree:          110228 kB
Active:           372656 kB
Mem:          3.8G       3.7G       107M       5.7M        23M       3.3G

MemTotal:        4016004 kB
MemFree:          125948 kB
Active:           370756 kB
Mem:          3.8G       3.7G       122M       5.7M        23M       3.3G

MemTotal:        4016004 kB
MemFree:          130760 kB
Active:           370788 kB
Mem:          3.8G       3.7G       127M       5.7M        23M       3.3G

MemTotal:        4016004 kB
MemFree:          129376 kB
Active:           370680 kB
Mem:          3.8G       3.7G       125M       5.7M        23M       3.3G

MemTotal:        4016004 kB
MemFree:          132628 kB
Active:           370708 kB
Mem:          3.8G       3.7G       129M       5.7M        23M       3.3G

MemTotal:        4016004 kB
MemFree:          113932 kB
Active:           370732 kB
Mem:          3.8G       3.7G       110M       5.7M        23M       3.3G

MemTotal:        4016004 kB
MemFree:          128220 kB
Active:           370756 kB
Mem:          3.8G       3.7G       124M       5.7M        23M       3.3G

MemTotal:        4016004 kB
MemFree:          104752 kB
Active:           370788 kB
Mem:          3.8G       3.7G       102M       5.7M        23M       3.3G

MemTotal:        4016004 kB
MemFree:          123476 kB
Active:           370808 kB
Mem:          3.8G       3.7G       120M       5.7M        23M       3.3G

MemTotal:        4016004 kB
MemFree:          127628 kB
Active:           370844 kB
Mem:          3.8G       3.7G       124M       5.7M        23M       3.3G

MemTotal:        4016004 kB
MemFree:          131140 kB
Active:           367596 kB
Mem:          3.8G       3.7G       127M       5.7M        23M       3.3G

MemTotal:        4016004 kB
MemFree:          129516 kB
Active:           367628 kB
Mem:          3.8G       3.7G       126M       5.7M        23M       3.3G

MemTotal:        4016004 kB
MemFree:          116436 kB
Active:           367648 kB
Mem:          3.8G       3.7G       112M       5.7M        23M       3.3G

MemTotal:        4016004 kB
MemFree:          130100 kB
Active:           367672 kB
Mem:          3.8G       3.7G       127M       5.7M        23M       3.3G

MemTotal:        4016004 kB
MemFree:          122044 kB
Active:           367696 kB
Mem:          3.8G       3.7G       118M       5.7M        23M       3.3G

MemTotal:        4016004 kB
MemFree:          107432 kB
Active:           367720 kB
Mem:          3.8G       3.7G       104M       5.7M        23M       3.3G

MemTotal:        4016004 kB
MemFree:          135648 kB
Active:           367660 kB
Mem:          3.8G       3.7G       131M       5.7M        23M       3.2G

MemTotal:        4016004 kB
MemFree:          133924 kB
Active:           367680 kB
Mem:          3.8G       3.7G       130M       5.7M        23M       3.2G

MemTotal:        4016004 kB
MemFree:          137920 kB
Active:           367704 kB
Mem:          3.8G       3.7G       134M       5.7M        23M       3.2G

MemTotal:        4016004 kB
MemFree:          130844 kB
Active:           367720 kB
Mem:          3.8G       3.7G       127M       5.7M        23M       3.3G

MemTotal:        4016004 kB
MemFree:          115340 kB
Active:           367740 kB
Mem:          3.8G       3.7G       112M       5.7M        23M       3.3G

MemTotal:        4016004 kB
MemFree:          129580 kB
Active:           367768 kB
Mem:          3.8G       3.7G       126M       5.7M        23M       3.3G

MemTotal:        4016004 kB
MemFree:          127440 kB
Active:           367792 kB
Mem:          3.8G       3.7G       124M       5.7M        23M       3.3G

MemTotal:        4016004 kB
MemFree:          130352 kB
Active:           367804 kB
Mem:          3.8G       3.7G       126M       5.7M        23M       3.3G

MemTotal:        4016004 kB
MemFree:          127856 kB
Active:           367768 kB
Mem:          3.8G       3.7G       124M       5.7M        23M       3.3G

MemTotal:        4016004 kB
MemFree:          107368 kB
Active:           367652 kB
Mem:          3.8G       3.7G       104M       5.7M        23M       3.3G

MemTotal:        4016004 kB
MemFree:          127316 kB
Active:           367216 kB
Mem:          3.8G       3.7G       124M       5.7M        23M       3.3G

MemTotal:        4016004 kB
MemFree:          109812 kB
Active:           367236 kB
Mem:          3.8G       3.7G       107M       5.7M        23M       3.3G

MemTotal:        4016004 kB
MemFree:          131900 kB
Active:           367264 kB
Mem:          3.8G       3.7G       128M       5.7M        23M       3.3G

MemTotal:        4016004 kB
MemFree:          123444 kB
Active:           367288 kB
Mem:          3.8G       3.7G       120M       5.7M        23M       3.3G

MemTotal:        4016004 kB
MemFree:          108840 kB
Active:           367312 kB
Mem:          3.8G       3.7G       106M       5.7M        23M       3.3G

MemTotal:        4016004 kB
MemFree:          137996 kB
Active:           366556 kB
Mem:          3.8G       3.7G       134M       5.7M        23M       3.2G

MemTotal:        4016004 kB
MemFree:          111160 kB
Active:           366576 kB
Mem:          3.8G       3.7G       108M       5.7M        23M       3.3G

MemTotal:        4016004 kB
MemFree:          106876 kB
Active:           366600 kB
Mem:          3.8G       3.7G       108M       5.7M        23M       3.3G

MemTotal:        4016004 kB
MemFree:          114752 kB
Active:           366620 kB
Mem:          3.8G       3.7G       111M       5.7M        23M       3.3G

MemTotal:        4016004 kB
MemFree:          112044 kB
Active:           366652 kB
Mem:          3.8G       3.7G       109M       5.7M        23M       3.3G

MemTotal:        4016004 kB
MemFree:          129920 kB
Active:           366676 kB
Mem:          3.8G       3.7G       126M       5.7M        24M       3.3G

MemTotal:        4016004 kB
MemFree:          128232 kB
Active:           366696 kB
Mem:          3.8G       3.7G       125M       5.7M        24M       3.3G

MemTotal:        4016004 kB
MemFree:          128164 kB
Active:           366716 kB
Mem:          3.8G       3.7G       124M       5.7M        24M       3.3G

MemTotal:        4016004 kB
MemFree:          126584 kB
Active:           366736 kB
Mem:          3.8G       3.7G       123M       5.7M        24M       3.3G

MemTotal:        4016004 kB
MemFree:          107876 kB
Active:           364340 kB
Mem:          3.8G       3.7G       105M       5.7M        24M       3.3G

MemTotal:        4016004 kB
MemFree:          129780 kB
Active:           364368 kB
Mem:          3.8G       3.7G       126M       5.7M        24M       3.3G

MemTotal:        4016004 kB
MemFree:          114804 kB
Active:           364388 kB
Mem:          3.8G       3.7G       112M       5.7M        24M       3.3G

MemTotal:        4016004 kB
MemFree:          107996 kB
Active:           364408 kB
Mem:          3.8G       3.7G       105M       5.7M        24M       3.3G

MemTotal:        4016004 kB
MemFree:          128740 kB
Active:           364440 kB
Mem:          3.8G       3.7G       125M       5.7M        24M       3.3G

MemTotal:        4016004 kB
MemFree:          131852 kB
Active:           364460 kB
Mem:          3.8G       3.7G       128M       5.7M        24M       3.2G

MemTotal:        4016004 kB
MemFree:          123560 kB
Active:           364488 kB
Mem:          3.8G       3.7G       120M       5.7M        24M       3.3G

MemTotal:        4016004 kB
MemFree:          134796 kB
Active:           364168 kB
Mem:          3.8G       3.7G       131M       5.7M        24M       3.2G

MemTotal:        4016004 kB
MemFree:          129784 kB
Active:           364188 kB
Mem:          3.8G       3.7G       126M       5.7M        24M       3.2G

MemTotal:        4016004 kB
MemFree:          116528 kB
Active:           364220 kB
Mem:          3.8G       3.7G       113M       5.7M        24M       3.3G

MemTotal:        4016004 kB
MemFree:          119576 kB
Active:           364244 kB
Mem:          3.8G       3.7G       116M       5.7M        24M       3.3G

MemTotal:        4016004 kB
MemFree:          111424 kB
Active:           364264 kB
Mem:          3.8G       3.7G       107M       5.7M        24M       3.3G

MemTotal:        4016004 kB
MemFree:          126632 kB
Active:           364292 kB
Mem:          3.8G       3.7G       123M       5.7M        24M       3.3G

MemTotal:        4016004 kB
MemFree:          124096 kB
Active:           364312 kB
Mem:          3.8G       3.7G       120M       5.7M        24M       3.3G

MemTotal:        4016004 kB
MemFree:          109352 kB
Active:           364332 kB
Mem:          3.8G       3.7G       106M       5.7M        24M       3.3G

MemTotal:        4016004 kB
MemFree:          118572 kB
Active:           364364 kB
Mem:          3.8G       3.7G       115M       5.7M        24M       3.3G

MemTotal:        4016004 kB
MemFree:          137672 kB
Active:           361728 kB
Mem:          3.8G       3.7G       134M       5.7M        24M       3.2G

MemTotal:        4016004 kB
MemFree:          129528 kB
Active:           361752 kB
Mem:          3.8G       3.7G       126M       5.7M        24M       3.2G

MemTotal:        4016004 kB
MemFree:          138328 kB
Active:           363888 kB
Mem:          3.8G       3.7G       134M       5.7M        24M       3.2G

MemTotal:        4016004 kB
MemFree:          128200 kB
Active:           365596 kB
Mem:          3.8G       3.7G       125M       5.7M        25M       3.2G

MemTotal:        4016004 kB
MemFree:          118140 kB
Active:           368520 kB
Mem:          3.8G       3.7G       115M       5.7M        28M       3.3G

MemTotal:        4016004 kB
MemFree:          106788 kB
Active:           367684 kB
Mem:          3.8G       3.7G       108M       5.7M        28M       3.3G

MemTotal:        4016004 kB
MemFree:          113804 kB
Active:           367684 kB
Mem:          3.8G       3.7G       111M       5.7M        28M       3.3G

MemTotal:        4016004 kB
MemFree:          128424 kB
Active:           367688 kB
Mem:          3.8G       3.7G       124M       5.7M        28M       3.2G

MemTotal:        4016004 kB
MemFree:          124848 kB
Active:           367692 kB
Mem:          3.8G       3.7G       121M       5.7M        28M       3.2G

MemTotal:        4016004 kB
MemFree:          134676 kB
Active:           366936 kB
Mem:          3.8G       3.7G       131M       5.7M        28M       3.2G

MemTotal:        4016004 kB
MemFree:          125776 kB
Active:           366936 kB
Mem:          3.8G       3.7G       122M       5.7M        28M       3.2G

MemTotal:        4016004 kB
MemFree:          108692 kB
Active:           366936 kB
Mem:          3.8G       3.7G       105M       5.7M        28M       3.3G

MemTotal:        4016004 kB
MemFree:          123148 kB
Active:           368832 kB
Mem:          3.8G       3.7G       119M       5.7M        28M       3.2G

MemTotal:        4016004 kB
MemFree:          116148 kB
Active:           368832 kB
Mem:          3.8G       3.7G       113M       5.7M        28M       3.3G

MemTotal:        4016004 kB
MemFree:          108552 kB
Active:           368840 kB
Mem:          3.8G       3.7G       105M       5.7M        28M       3.3G

MemTotal:        4016004 kB
MemFree:          131036 kB
Active:           368840 kB
Mem:          3.8G       3.7G       127M       5.7M        28M       3.2G

MemTotal:        4016004 kB
MemFree:          115200 kB
Active:           368852 kB
Mem:          3.8G       3.7G       112M       5.7M        28M       3.3G

MemTotal:        4016004 kB
MemFree:          129520 kB
Active:           368852 kB
Mem:          3.8G       3.7G       125M       5.7M        28M       3.2G

MemTotal:        4016004 kB
MemFree:          122780 kB
Active:           368856 kB
Mem:          3.8G       3.7G       119M       5.7M        28M       3.2G

MemTotal:        4016004 kB
MemFree:          115112 kB
Active:           368860 kB
Mem:          3.8G       3.7G       112M       5.7M        28M       3.3G

MemTotal:        4016004 kB
MemFree:          128380 kB
Active:           362424 kB
Mem:          3.8G       3.7G       125M       5.7M        28M       3.2G

MemTotal:        4016004 kB
MemFree:          118752 kB
Active:           362420 kB
Mem:          3.8G       3.7G       115M       5.7M        28M       3.3G

MemTotal:        4016004 kB
MemFree:          115896 kB
Active:           362420 kB
Mem:          3.8G       3.7G       113M       5.7M        28M       3.3G

MemTotal:        4016004 kB
MemFree:          129896 kB
Active:           362420 kB
Mem:          3.8G       3.7G       126M       5.7M        28M       3.2G

MemTotal:        4016004 kB
MemFree:          130840 kB
Active:           362428 kB
Mem:          3.8G       3.7G       127M       5.7M        28M       3.2G

MemTotal:        4016004 kB
MemFree:          135860 kB
Active:           362440 kB
Mem:          3.8G       3.7G       132M       5.7M        28M       3.2G

MemTotal:        4016004 kB
MemFree:          136364 kB
Active:           362444 kB
Mem:          3.8G       3.7G       132M       5.7M        28M       3.2G

MemTotal:        4016004 kB
MemFree:          135992 kB
Active:           362440 kB
Mem:          3.8G       3.7G       132M       5.7M        28M       3.2G

MemTotal:        4016004 kB
MemFree:          122892 kB
Active:           362468 kB
Mem:          3.8G       3.7G       119M       5.7M        28M       3.2G

MemTotal:        4016004 kB
MemFree:          123572 kB
Active:           362480 kB
Mem:          3.8G       3.7G       120M       5.7M        28M       3.2G

MemTotal:        4016004 kB
MemFree:          131428 kB
Active:           360576 kB
Mem:          3.8G       3.7G       128M       5.7M        28M       3.2G

MemTotal:        4016004 kB
MemFree:          120660 kB
Active:           360376 kB
Mem:          3.8G       3.7G       117M       5.7M        28M       3.2G

MemTotal:        4016004 kB
MemFree:          108224 kB
Active:           362428 kB
Mem:          3.8G       3.7G       105M       5.7M        28M       3.3G

MemTotal:        4016004 kB
MemFree:          109848 kB
Active:           361792 kB
Mem:          3.8G       3.7G       107M       5.7M        28M       3.3G

MemTotal:        4016004 kB
MemFree:          118184 kB
Active:           361796 kB
Mem:          3.8G       3.7G       114M       5.7M        28M       3.2G

MemTotal:        4016004 kB
MemFree:          115676 kB
Active:           361800 kB
Mem:          3.8G       3.7G       124M       5.7M        28M       3.2G

MemTotal:        4016004 kB
MemFree:          122864 kB
Active:           361816 kB
Mem:          3.8G       3.7G       119M       5.7M        28M       3.2G

MemTotal:        4016004 kB
MemFree:          107812 kB
Active:           361816 kB
Mem:          3.8G       3.7G       104M       5.7M        28M       3.3G

MemTotal:        4016004 kB
MemFree:          126796 kB
Active:           361688 kB
Mem:          3.8G       3.7G       123M       5.7M        28M       3.2G

MemTotal:        4016004 kB
MemFree:          118348 kB
Active:           361708 kB
Mem:          3.8G       3.7G       115M       5.7M        28M       3.2G

MemTotal:        4016004 kB
MemFree:          129268 kB
Active:           361720 kB
Mem:          3.8G       3.7G       126M       5.7M        28M       3.2G

MemTotal:        4016004 kB
MemFree:          119104 kB
Active:           361720 kB
Mem:          3.8G       3.7G       116M       5.7M        28M       3.2G

MemTotal:        4016004 kB
MemFree:          137832 kB
Active:           358616 kB
Mem:          3.8G       3.7G       134M       5.7M        28M       3.2G

MemTotal:        4016004 kB
MemFree:          125844 kB
Active:           358620 kB
Mem:          3.8G       3.7G       122M       5.7M        28M       3.2G

MemTotal:        4016004 kB
MemFree:          127856 kB
Active:           358624 kB
Mem:          3.8G       3.7G       124M       5.7M        28M       3.2G

MemTotal:        4016004 kB
MemFree:          128796 kB
Active:           358628 kB
Mem:          3.8G       3.7G       125M       5.7M        28M       3.2G

MemTotal:        4016004 kB
MemFree:          118552 kB
Active:           358632 kB
Mem:          3.8G       3.7G       115M       5.7M        28M       3.2G

MemTotal:        4016004 kB
MemFree:          109372 kB
Active:           358632 kB
Mem:          3.8G       3.7G       106M       5.7M        28M       3.3G

MemTotal:        4016004 kB
MemFree:          110768 kB
Active:           358640 kB
Mem:          3.8G       3.7G       107M       5.7M        28M       3.3G

MemTotal:        4016004 kB
MemFree:          124032 kB
Active:           358644 kB
Mem:          3.8G       3.7G       121M       5.7M        28M       3.2G

MemTotal:        4016004 kB
MemFree:          114744 kB
Active:           358644 kB
Mem:          3.8G       3.7G       111M       5.7M        28M       3.3G

MemTotal:        4016004 kB
MemFree:          134372 kB
Active:           358656 kB
Mem:          3.8G       3.7G       130M       5.7M        28M       3.2G

MemTotal:        4016004 kB
MemFree:          118972 kB
Active:           358668 kB
Mem:          3.8G       3.7G       115M       5.7M        28M       3.2G

MemTotal:        4016004 kB
MemFree:          119052 kB
Active:           358668 kB
Mem:          3.8G       3.7G       116M       5.7M        28M       3.2G

MemTotal:        4016004 kB
MemFree:          119304 kB
Active:           358624 kB
Mem:          3.8G       3.7G       116M       5.7M        28M       3.2G

MemTotal:        4016004 kB
MemFree:          117700 kB
Active:           358680 kB
Mem:          3.8G       3.7G       114M       5.7M        28M       3.2G

MemTotal:        4016004 kB
MemFree:          110136 kB
Active:           355880 kB
Mem:          3.8G       3.7G       107M       5.7M        28M       3.3G

MemTotal:        4016004 kB
MemFree:          110520 kB
Active:           355880 kB
Mem:          3.8G       3.7G       107M       5.7M        28M       3.3G

MemTotal:        4016004 kB
MemFree:          113508 kB
Active:           355888 kB
Mem:          3.8G       3.7G       110M       5.7M        28M       3.3G

MemTotal:        4016004 kB
MemFree:          119224 kB
Active:           355892 kB
Mem:          3.8G       3.7G       116M       5.7M        28M       3.2G

MemTotal:        4016004 kB
MemFree:          109952 kB
Active:           355896 kB
Mem:          3.8G       3.7G       107M       5.7M        28M       3.3G

MemTotal:        4016004 kB
MemFree:          135416 kB
Active:           355912 kB
Mem:          3.8G       3.7G       131M       5.7M        28M       3.2G

MemTotal:        4016004 kB
MemFree:          130508 kB
Active:           355916 kB
Mem:          3.8G       3.7G       127M       5.7M        28M       3.2G

MemTotal:        4016004 kB
MemFree:          111848 kB
Active:           355916 kB
Mem:          3.8G       3.7G       109M       5.7M        28M       3.3G

MemTotal:        4016004 kB
MemFree:          112036 kB
Active:           355928 kB
Mem:          3.8G       3.7G       108M       5.7M        28M       3.3G

MemTotal:        4016004 kB
MemFree:          111440 kB
Active:           355936 kB
Mem:          3.8G       3.7G       108M       5.7M        28M       3.3G

MemTotal:        4016004 kB
MemFree:          127140 kB
Active:           355936 kB
Mem:          3.8G       3.7G       123M       5.7M        28M       3.2G

MemTotal:        4016004 kB
MemFree:          111872 kB
Active:           355936 kB
Mem:          3.8G       3.7G       108M       5.7M        28M       3.3G

MemTotal:        4016004 kB
MemFree:          124980 kB
Active:           355936 kB
Mem:          3.8G       3.7G       122M       5.7M        28M       3.2G

MemTotal:        4016004 kB
MemFree:          119440 kB
Active:           352224 kB
Mem:          3.8G       3.7G       116M       5.7M        28M       3.2G

MemTotal:        4016004 kB
MemFree:          110152 kB
Active:           352224 kB
Mem:          3.8G       3.7G       107M       5.7M        28M       3.3G

MemTotal:        4016004 kB
MemFree:          123200 kB
Active:           352224 kB
Mem:          3.8G       3.7G       120M       5.7M        28M       3.2G

MemTotal:        4016004 kB
MemFree:          124980 kB
Active:           352224 kB
Mem:          3.8G       3.7G       121M       5.7M        28M       3.2G

MemTotal:        4016004 kB
MemFree:          120764 kB
Active:           352236 kB
Mem:          3.8G       3.7G       117M       5.7M        28M       3.2G

MemTotal:        4016004 kB
MemFree:          109416 kB
Active:           352236 kB
Mem:          3.8G       3.7G       106M       5.7M        28M       3.3G

MemTotal:        4016004 kB
MemFree:          136840 kB
Active:           352244 kB
Mem:          3.8G       3.7G       132M       5.7M        28M       3.2G

MemTotal:        4016004 kB
MemFree:          131768 kB
Active:           352248 kB
Mem:          3.8G       3.7G       128M       5.7M        28M       3.2G

MemTotal:        4016004 kB
MemFree:          128712 kB
Active:           352260 kB
Mem:          3.8G       3.7G       125M       5.7M        28M       3.2G

MemTotal:        4016004 kB
MemFree:          129844 kB
Active:           352264 kB
Mem:          3.8G       3.7G       126M       5.7M        28M       3.2G

MemTotal:        4016004 kB
MemFree:          120220 kB
Active:           352264 kB
Mem:          3.8G       3.7G       117M       5.7M        28M       3.2G

MemTotal:        4016004 kB
MemFree:          121928 kB
Active:           352272 kB
Mem:          3.8G       3.7G       118M       5.7M        28M       3.2G

MemTotal:        4016004 kB
MemFree:          129428 kB
Active:           352272 kB
Mem:          3.8G       3.7G       126M       5.7M        28M       3.2G

MemTotal:        4016004 kB
MemFree:          121596 kB
Active:           352272 kB
Mem:          3.8G       3.7G       118M       5.7M        28M       3.2G

MemTotal:        4016004 kB
MemFree:          110092 kB
Active:           352272 kB
Mem:          3.8G       3.7G       107M       5.7M        28M       3.3G

MemTotal:        4016004 kB
MemFree:          110600 kB
Active:           352272 kB
Mem:          3.8G       3.7G       107M       5.7M        28M       3.3G

MemTotal:        4016004 kB
MemFree:          131172 kB
Active:           352148 kB
Mem:          3.8G       3.7G       127M       5.7M        28M       3.2G

MemTotal:        4016004 kB
MemFree:          109644 kB
Active:           352160 kB
Mem:          3.8G       3.7G       106M       5.7M        28M       3.3G

MemTotal:        4016004 kB
MemFree:          121752 kB
Active:           352160 kB
Mem:          3.8G       3.7G       118M       5.7M        28M       3.2G

MemTotal:        4016004 kB
MemFree:          115496 kB
Active:           351868 kB
Mem:          3.8G       3.7G       112M       5.7M        28M       3.2G

MemTotal:        4016004 kB
MemFree:          114592 kB
Active:           351824 kB
Mem:          3.8G       3.7G       111M       5.7M        28M       3.2G

MemTotal:        4016004 kB
MemFree:          114520 kB
Active:           352084 kB
Mem:          3.8G       3.7G       111M       5.7M        28M       3.2G

MemTotal:        4016004 kB
MemFree:          114664 kB
Active:           351872 kB
Mem:          3.8G       3.7G       111M       5.7M        28M       3.2G

MemTotal:        4016004 kB
MemFree:          114416 kB
Active:           351880 kB
Mem:          3.8G       3.7G       111M       5.7M        28M       3.2G

MemTotal:        4016004 kB
MemFree:          114664 kB
Active:           351840 kB
Mem:          3.8G       3.7G       112M       5.7M        28M       3.2G

MemTotal:        4016004 kB
MemFree:          114788 kB
Active:           351872 kB
Mem:          3.8G       3.7G       111M       5.7M        28M       3.2G

MemTotal:        4016004 kB
MemFree:          114788 kB
Active:           351824 kB
Mem:          3.8G       3.7G       111M       5.7M        28M       3.2G

MemTotal:        4016004 kB
MemFree:          114416 kB
Active:           351888 kB
Mem:          3.8G       3.7G       111M       5.7M        28M       3.2G

MemTotal:        4016004 kB
MemFree:          114540 kB
Active:           351840 kB
Mem:          3.8G       3.7G       111M       5.7M        28M       3.2G

MemTotal:        4016004 kB
MemFree:          114788 kB
Active:           351876 kB
Mem:          3.8G       3.7G       111M       5.7M        28M       3.2G

MemTotal:        4016004 kB
MemFree:          114788 kB
Active:           351864 kB
Mem:          3.8G       3.7G       111M       5.7M        28M       3.2G

MemTotal:        4016004 kB
MemFree:          114788 kB
Active:           351872 kB
Mem:          3.8G       3.7G       111M       5.7M        28M       3.2G

MemTotal:        4016004 kB
MemFree:          114788 kB
Active:           351880 kB
Mem:          3.8G       3.7G       111M       5.7M        28M       3.2G

MemTotal:        4016004 kB
MemFree:          114788 kB
Active:           351880 kB
Mem:          3.8G       3.7G       111M       5.7M        28M       3.2G

MemTotal:        4016004 kB
MemFree:          114664 kB
Active:           351884 kB
Mem:          3.8G       3.7G       111M       5.7M        28M       3.2G

MemTotal:        4016004 kB
MemFree:          114292 kB
Active:           351892 kB
Mem:          3.8G       3.7G       111M       5.7M        28M       3.2G

MemTotal:        4016004 kB
MemFree:          114292 kB
Active:           351892 kB
Mem:          3.8G       3.7G       111M       5.7M        28M       3.2G

MemTotal:        4016004 kB
MemFree:          114788 kB
Active:           351836 kB
Mem:          3.8G       3.7G       111M       5.7M        28M       3.2G

MemTotal:        4016004 kB
MemFree:          114788 kB
Active:           351844 kB
Mem:          3.8G       3.7G       111M       5.7M        28M       3.2G

MemTotal:        4016004 kB
MemFree:          114292 kB
Active:           351892 kB
Mem:          3.8G       3.7G       111M       5.7M        28M       3.2G

MemTotal:        4016004 kB
MemFree:          114664 kB
Active:           351840 kB
Mem:          3.8G       3.7G       111M       5.7M        28M       3.2G

MemTotal:        4016004 kB
MemFree:          114664 kB
Active:           351900 kB
Mem:          3.8G       3.7G       111M       5.7M        28M       3.2G

MemTotal:        4016004 kB
MemFree:          114664 kB
Active:           351896 kB
Mem:          3.8G       3.7G       111M       5.7M        28M       3.2G

MemTotal:        4016004 kB
MemFree:          114416 kB
Active:           351908 kB
Mem:          3.8G       3.7G       111M       5.7M        28M       3.2G

MemTotal:        4016004 kB
MemFree:          114540 kB
Active:           351860 kB
Mem:          3.8G       3.7G       111M       5.7M        28M       3.2G

MemTotal:        4016004 kB
MemFree:          114664 kB
Active:           351900 kB
Mem:          3.8G       3.7G       111M       5.7M        28M       3.2G

MemTotal:        4016004 kB
MemFree:          114292 kB
Active:           351916 kB
Mem:          3.8G       3.7G       111M       5.7M        28M       3.2G

MemTotal:        4016004 kB
MemFree:          114788 kB
Active:           351912 kB
Mem:          3.8G       3.7G       111M       5.7M        28M       3.2G

MemTotal:        4016004 kB
MemFree:          114664 kB
Active:           351876 kB
Mem:          3.8G       3.7G       111M       5.7M        28M       3.2G

MemTotal:        4016004 kB
MemFree:          114788 kB
Active:           351904 kB
Mem:          3.8G       3.7G       111M       5.7M        28M       3.2G

MemTotal:        4016004 kB
MemFree:          114664 kB
Active:           351872 kB
Mem:          3.8G       3.7G       111M       5.7M        28M       3.2G

MemTotal:        4016004 kB
MemFree:          114664 kB
Active:           351868 kB
Mem:          3.8G       3.7G       111M       5.7M        28M       3.2G

MemTotal:        4016004 kB
MemFree:          114672 kB
Active:           351868 kB
Mem:          3.8G       3.7G       111M       5.7M        28M       3.2G

MemTotal:        4016004 kB
MemFree:          112624 kB
Active:           353948 kB
Mem:          3.8G       3.7G       109M       5.7M        28M       3.2G

MemTotal:        4016004 kB
MemFree:          112500 kB
Active:           353944 kB
Mem:          3.8G       3.7G       109M       5.7M        28M       3.2G

MemTotal:        4016004 kB
MemFree:          112500 kB
Active:           353940 kB
Mem:          3.8G       3.7G       109M       5.7M        28M       3.2G

MemTotal:        4016004 kB
MemFree:          112624 kB
Active:           353952 kB
Mem:          3.8G       3.7G       109M       5.7M        28M       3.2G

MemTotal:        4016004 kB
MemFree:          112624 kB
Active:           353952 kB
Mem:          3.8G       3.7G       109M       5.7M        28M       3.2G

MemTotal:        4016004 kB
MemFree:          112500 kB
Active:           353940 kB
Mem:          3.8G       3.7G       109M       5.7M        28M       3.2G

MemTotal:        4016004 kB
MemFree:          112624 kB
Active:           353944 kB
Mem:          3.8G       3.7G       109M       5.7M        28M       3.2G

MemTotal:        4016004 kB
MemFree:          112624 kB
Active:           353908 kB
Mem:          3.8G       3.7G       109M       5.7M        28M       3.2G

MemTotal:        4016004 kB
MemFree:          112500 kB
Active:           353912 kB
Mem:          3.8G       3.7G       109M       5.7M        28M       3.2G

MemTotal:        4016004 kB
MemFree:          112128 kB
Active:           353972 kB
Mem:          3.8G       3.7G       109M       5.7M        28M       3.2G

MemTotal:        4016004 kB
MemFree:          112624 kB
Active:           353924 kB
Mem:          3.8G       3.7G       109M       5.7M        28M       3.2G

MemTotal:        4016004 kB
MemFree:          112500 kB
Active:           353944 kB
Mem:          3.8G       3.7G       109M       5.7M        28M       3.2G

MemTotal:        4016004 kB
MemFree:          112500 kB
Active:           353964 kB
Mem:          3.8G       3.7G       109M       5.7M        28M       3.2G

MemTotal:        4016004 kB
MemFree:          112252 kB
Active:           353972 kB
Mem:          3.8G       3.7G       109M       5.7M        28M       3.2G

MemTotal:        4016004 kB
MemFree:          112500 kB
Active:           353968 kB
Mem:          3.8G       3.7G       109M       5.7M        28M       3.2G

MemTotal:        4016004 kB
MemFree:          112500 kB
Active:           353972 kB
Mem:          3.8G       3.7G       109M       5.7M        28M       3.2G

MemTotal:        4016004 kB
MemFree:          112500 kB
Active:           353936 kB
Mem:          3.8G       3.7G       109M       5.7M        28M       3.2G

MemTotal:        4016004 kB
MemFree:          112500 kB
Active:           353968 kB
Mem:          3.8G       3.7G       109M       5.7M        28M       3.2G

MemTotal:        4016004 kB
MemFree:          112500 kB
Active:           353932 kB
Mem:          3.8G       3.7G       109M       5.7M        28M       3.2G

MemTotal:        4016004 kB
MemFree:          112500 kB
Active:           353976 kB
Mem:          3.8G       3.7G       109M       5.7M        28M       3.2G

MemTotal:        4016004 kB
MemFree:          112500 kB
Active:           353972 kB
Mem:          3.8G       3.7G       109M       5.7M        28M       3.2G

MemTotal:        4016004 kB
MemFree:          112004 kB
Active:           353980 kB
Mem:          3.8G       3.7G       109M       5.7M        28M       3.2G

MemTotal:        4016004 kB
MemFree:          112252 kB
Active:           353936 kB
Mem:          3.8G       3.7G       109M       5.7M        28M       3.2G

MemTotal:        4016004 kB
MemFree:          112128 kB
Active:           353992 kB
Mem:          3.8G       3.7G       109M       5.7M        28M       3.2G

MemTotal:        4016004 kB
MemFree:          112500 kB
Active:           353948 kB
Mem:          3.8G       3.7G       109M       5.7M        28M       3.2G

MemTotal:        4016004 kB
MemFree:          112128 kB
Active:           353992 kB
Mem:          3.8G       3.7G       109M       5.7M        28M       3.2G

MemTotal:        4016004 kB
MemFree:          112252 kB
Active:           353936 kB
Mem:          3.8G       3.7G       109M       5.7M        28M       3.2G

MemTotal:        4016004 kB
MemFree:          112500 kB
Active:           353984 kB
Mem:          3.8G       3.7G       109M       5.7M        28M       3.2G

MemTotal:        4016004 kB
MemFree:          112252 kB
Active:           353992 kB
Mem:          3.8G       3.7G       109M       5.7M        28M       3.2G

MemTotal:        4016004 kB
MemFree:          112376 kB
Active:           353972 kB
Mem:          3.8G       3.7G       109M       5.7M        28M       3.2G

MemTotal:        4016004 kB
MemFree:          112376 kB
Active:           353992 kB
Mem:          3.8G       3.7G       109M       5.7M        28M       3.2G

MemTotal:        4016004 kB
MemFree:          112500 kB
Active:           353960 kB
Mem:          3.8G       3.7G       109M       5.7M        28M       3.2G

MemTotal:        4016004 kB
MemFree:          112376 kB
Active:           353944 kB
Mem:          3.8G       3.7G       109M       5.7M        28M       3.2G

MemTotal:        4016004 kB
MemFree:          112500 kB
Active:           353992 kB
Mem:          3.8G       3.7G       109M       5.7M        28M       3.2G

MemTotal:        4016004 kB
MemFree:          112376 kB
Active:           353992 kB
Mem:          3.8G       3.7G       109M       5.7M        28M       3.2G

MemTotal:        4016004 kB
MemFree:          112128 kB
Active:           354004 kB
Mem:          3.8G       3.7G       109M       5.7M        28M       3.2G

MemTotal:        4016004 kB
MemFree:          112376 kB
Active:           353960 kB
Mem:          3.8G       3.7G       109M       5.7M        28M       3.2G

MemTotal:        4016004 kB
MemFree:          112128 kB
Active:           354016 kB
Mem:          3.8G       3.7G       109M       5.7M        28M       3.2G

MemTotal:        4016004 kB
MemFree:          112376 kB
Active:           353972 kB
Mem:          3.8G       3.7G       109M       5.7M        28M       3.2G

MemTotal:        4016004 kB
MemFree:          112376 kB
Active:           353972 kB
Mem:          3.8G       3.7G       109M       5.7M        28M       3.2G

MemTotal:        4016004 kB
MemFree:          112376 kB
Active:           354012 kB
Mem:          3.8G       3.7G       109M       5.7M        28M       3.2G

MemTotal:        4016004 kB
MemFree:          112128 kB
Active:           354016 kB
Mem:          3.8G       3.7G       109M       5.7M        28M       3.2G

MemTotal:        4016004 kB
MemFree:          112500 kB
Active:           353972 kB
Mem:          3.8G       3.7G       109M       5.7M        28M       3.2G

MemTotal:        4016004 kB
MemFree:          112004 kB
Active:           354028 kB
Mem:          3.8G       3.7G       109M       5.7M        28M       3.2G

MemTotal:        4016004 kB
MemFree:          112376 kB
Active:           353976 kB
Mem:          3.8G       3.7G       109M       5.7M        28M       3.2G

MemTotal:        4016004 kB
MemFree:          112376 kB
Active:           354020 kB
Mem:          3.8G       3.7G       109M       5.7M        28M       3.2G

MemTotal:        4016004 kB
MemFree:          112500 kB
Active:           354028 kB
Mem:          3.8G       3.7G       109M       5.7M        28M       3.2G

MemTotal:        4016004 kB
MemFree:          112376 kB
Active:           354012 kB
Mem:          3.8G       3.7G       109M       5.7M        28M       3.2G

MemTotal:        4016004 kB
MemFree:          112252 kB
Active:           354036 kB
Mem:          3.8G       3.7G       109M       5.7M        28M       3.2G

MemTotal:        4016004 kB
MemFree:          112128 kB
Active:           354044 kB
Mem:          3.8G       3.7G       109M       5.7M        28M       3.2G

MemTotal:        4016004 kB
MemFree:          112128 kB
Active:           354044 kB
Mem:          3.8G       3.7G       109M       5.7M        28M       3.2G

MemTotal:        4016004 kB
MemFree:          112376 kB
Active:           354000 kB
Mem:          3.8G       3.7G       109M       5.7M        28M       3.2G

MemTotal:        4016004 kB
MemFree:          112004 kB
Active:           354052 kB
Mem:          3.8G       3.7G       109M       5.7M        28M       3.2G

MemTotal:        4016004 kB
MemFree:          112004 kB
Active:           354052 kB
Mem:          3.8G       3.7G       109M       5.7M        28M       3.2G

MemTotal:        4016004 kB
MemFree:          112252 kB
Active:           354048 kB
Mem:          3.8G       3.7G       109M       5.7M        28M       3.2G

MemTotal:        4016004 kB
MemFree:          112128 kB
Active:           354032 kB
Mem:          3.8G       3.7G       109M       5.7M        28M       3.2G

MemTotal:        4016004 kB
MemFree:          112252 kB
Active:           354008 kB
Mem:          3.8G       3.7G       109M       5.7M        28M       3.2G

MemTotal:        4016004 kB
MemFree:          112004 kB
Active:           354064 kB
Mem:          3.8G       3.7G       109M       5.7M        28M       3.2G

MemTotal:        4016004 kB
MemFree:          112252 kB
Active:           354016 kB
Mem:          3.8G       3.7G       109M       5.7M        28M       3.2G

MemTotal:        4016004 kB
MemFree:          112004 kB
Active:           354076 kB
Mem:          3.8G       3.7G       109M       5.7M        28M       3.2G

MemTotal:        4016004 kB
MemFree:          112376 kB
Active:           354072 kB
Mem:          3.8G       3.7G       109M       5.7M        28M       3.2G

MemTotal:        4016004 kB
MemFree:          112004 kB
Active:           354080 kB
Mem:          3.8G       3.7G       109M       5.7M        28M       3.2G

MemTotal:        4016004 kB
MemFree:          112128 kB
Active:           354072 kB
Mem:          3.8G       3.7G       109M       5.7M        28M       3.2G

MemTotal:        4016004 kB
MemFree:          112004 kB
Active:           354080 kB
Mem:          3.8G       3.7G       109M       5.7M        28M       3.2G

MemTotal:        4016004 kB
MemFree:          112376 kB
Active:           354028 kB
Mem:          3.8G       3.7G       109M       5.7M        28M       3.2G

MemTotal:        4016004 kB
MemFree:          111864 kB
Active:           354092 kB
Mem:          3.8G       3.7G       109M       5.7M        28M       3.2G

MemTotal:        4016004 kB
MemFree:          112360 kB
Active:           354044 kB
Mem:          3.8G       3.7G       109M       5.7M        28M       3.2G

MemTotal:        4016004 kB
MemFree:          112376 kB
Active:           354056 kB
Mem:          3.8G       3.7G       109M       5.7M        28M       3.2G

MemTotal:        4016004 kB
MemFree:          112376 kB
Active:           354048 kB
Mem:          3.8G       3.7G       109M       5.7M        28M       3.2G

MemTotal:        4016004 kB
MemFree:          112252 kB
Active:           354072 kB
Mem:          3.8G       3.7G       109M       5.7M        28M       3.2G

MemTotal:        4016004 kB
MemFree:          112252 kB
Active:           354036 kB
Mem:          3.8G       3.7G       109M       5.7M        28M       3.2G

MemTotal:        4016004 kB
MemFree:          112252 kB
Active:           354052 kB
Mem:          3.8G       3.7G       109M       5.7M        28M       3.2G

MemTotal:        4016004 kB
MemFree:          112252 kB
Active:           354092 kB
Mem:          3.8G       3.7G       109M       5.7M        28M       3.2G

MemTotal:        4016004 kB
MemFree:          112004 kB
Active:           354080 kB
Mem:          3.8G       3.7G       109M       5.7M        28M       3.2G

MemTotal:        4016004 kB
MemFree:          111880 kB
Active:           354132 kB
Mem:          3.8G       3.7G       109M       5.7M        28M       3.2G

MemTotal:        4016004 kB
MemFree:          112128 kB
Active:           354228 kB
Mem:          3.8G       3.7G       109M       5.7M        28M       3.2G

MemTotal:        4016004 kB
MemFree:          111740 kB
Active:           354184 kB
Mem:          3.8G       3.7G       109M       5.7M        28M       3.2G

MemTotal:        4016004 kB
MemFree:          111740 kB
Active:           354184 kB
Mem:          3.8G       3.7G       109M       5.7M        28M       3.2G

MemTotal:        4016004 kB
MemFree:          111988 kB
Active:           354132 kB
Mem:          3.8G       3.7G       109M       5.7M        28M       3.2G

MemTotal:        4016004 kB
MemFree:          111740 kB
Active:           354188 kB
Mem:          3.8G       3.7G       109M       5.7M        28M       3.2G

MemTotal:        4016004 kB
MemFree:          111872 kB
Active:           354192 kB
Mem:          3.8G       3.7G       109M       5.7M        28M       3.2G

MemTotal:        4016004 kB
MemFree:          111748 kB
Active:           354196 kB
Mem:          3.8G       3.7G       109M       5.7M        28M       3.2G

MemTotal:        4016004 kB
MemFree:          112120 kB
Active:           354144 kB
Mem:          3.8G       3.7G       109M       5.7M        28M       3.2G

MemTotal:        4016004 kB
MemFree:          111996 kB
Active:           354168 kB
Mem:          3.8G       3.7G       109M       5.7M        28M       3.2G

MemTotal:        4016004 kB
MemFree:          111996 kB
Active:           354192 kB
Mem:          3.8G       3.7G       109M       5.7M        28M       3.2G

MemTotal:        4016004 kB
MemFree:          111624 kB
Active:           354204 kB
Mem:          3.8G       3.7G       109M       5.7M        28M       3.2G

MemTotal:        4016004 kB
MemFree:          111748 kB
Active:           354160 kB
Mem:          3.8G       3.7G       109M       5.7M        28M       3.2G

MemTotal:        4016004 kB
MemFree:          112120 kB
Active:           354152 kB
Mem:          3.8G       3.7G       108M       5.7M        28M       3.2G

MemTotal:        4016004 kB
MemFree:          111996 kB
Active:           354196 kB
Mem:          3.8G       3.7G       109M       5.7M        28M       3.2G

MemTotal:        4016004 kB
MemFree:          111872 kB
Active:           354192 kB
Mem:          3.8G       3.7G       108M       5.7M        28M       3.2G

MemTotal:        4016004 kB
MemFree:          111996 kB
Active:           354160 kB
Mem:          3.8G       3.7G       109M       5.7M        28M       3.2G

MemTotal:        4016004 kB
MemFree:          111996 kB
Active:           354200 kB
Mem:          3.8G       3.7G       109M       5.7M        28M       3.2G

MemTotal:        4016004 kB
MemFree:          112012 kB
Active:           354196 kB
Mem:          3.8G       3.7G       109M       5.7M        28M       3.2G

MemTotal:        4016004 kB
MemFree:          111640 kB
Active:           354204 kB
Mem:          3.8G       3.7G       109M       5.7M        28M       3.2G

MemTotal:        4016004 kB
MemFree:          112136 kB
Active:           354152 kB
Mem:          3.8G       3.7G       109M       5.7M        28M       3.2G

MemTotal:        4016004 kB
MemFree:          112012 kB
Active:           354172 kB
Mem:          3.8G       3.7G       109M       5.7M        28M       3.2G

MemTotal:        4016004 kB
MemFree:          112012 kB
Active:           354152 kB
Mem:          3.8G       3.7G       109M       5.7M        28M       3.2G

MemTotal:        4016004 kB
MemFree:          112012 kB
Active:           354200 kB
Mem:          3.8G       3.7G       109M       5.7M        28M       3.2G

MemTotal:        4016004 kB
MemFree:          111764 kB
Active:           354212 kB
Mem:          3.8G       3.7G       109M       5.7M        28M       3.2G

MemTotal:        4016004 kB
MemFree:          112012 kB
Active:           354172 kB
Mem:          3.8G       3.7G       109M       5.7M        28M       3.2G

MemTotal:        4016004 kB
MemFree:          112012 kB
Active:           354180 kB
Mem:          3.8G       3.7G       109M       5.7M        28M       3.2G

MemTotal:        4016004 kB
MemFree:          111888 kB
Active:           354208 kB
Mem:          3.8G       3.7G       109M       5.7M        28M       3.2G

MemTotal:        4016004 kB
MemFree:          111640 kB
Active:           354220 kB
Mem:          3.8G       3.7G       109M       5.7M        28M       3.2G

MemTotal:        4016004 kB
MemFree:          111640 kB
Active:           354220 kB
Mem:          3.8G       3.7G       109M       5.7M        28M       3.2G

MemTotal:        4016004 kB
MemFree:          111888 kB
Active:           354220 kB
Mem:          3.8G       3.7G       109M       5.7M        28M       3.2G

MemTotal:        4016004 kB
MemFree:          112012 kB
Active:           354216 kB
Mem:          3.8G       3.7G       109M       5.7M        28M       3.2G

MemTotal:        4016004 kB
MemFree:          112012 kB
Active:           354220 kB
Mem:          3.8G       3.7G       109M       5.7M        28M       3.2G

MemTotal:        4016004 kB
MemFree:          111640 kB
Active:           354236 kB
Mem:          3.8G       3.7G       109M       5.7M        28M       3.2G

MemTotal:        4016004 kB
MemFree:          112012 kB
Active:           354184 kB
Mem:          3.8G       3.7G       109M       5.7M        28M       3.2G

MemTotal:        4016004 kB
MemFree:          111640 kB
Active:           354236 kB
Mem:          3.8G       3.7G       109M       5.7M        28M       3.2G

MemTotal:        4016004 kB
MemFree:          112012 kB
Active:           354184 kB
Mem:          3.8G       3.7G       109M       5.7M        28M       3.2G

MemTotal:        4016004 kB
MemFree:          112012 kB
Active:           354196 kB
Mem:          3.8G       3.7G       109M       5.7M        28M       3.2G

MemTotal:        4016004 kB
MemFree:          112136 kB
Active:           354248 kB
Mem:          3.8G       3.7G       109M       5.7M        28M       3.2G

MemTotal:        4016004 kB
MemFree:          112136 kB
Active:           354204 kB
Mem:          3.8G       3.7G       109M       5.7M        28M       3.2G

MemTotal:        4016004 kB
MemFree:          112136 kB
Active:           354208 kB
Mem:          3.8G       3.7G       109M       5.7M        28M       3.2G

MemTotal:        4016004 kB
MemFree:          112012 kB
Active:           354248 kB
Mem:          3.8G       3.7G       109M       5.7M        28M       3.2G

MemTotal:        4016004 kB
MemFree:          111640 kB
Active:           354252 kB
Mem:          3.8G       3.7G       109M       5.7M        28M       3.2G

MemTotal:        4016004 kB
MemFree:          112136 kB
Active:           354208 kB
Mem:          3.8G       3.7G       109M       5.7M        28M       3.2G

MemTotal:        4016004 kB
MemFree:          111764 kB
Active:           354260 kB
Mem:          3.8G       3.7G       109M       5.7M        28M       3.2G

MemTotal:        4016004 kB
MemFree:          111996 kB
Active:           354220 kB
Mem:          3.8G       3.7G       109M       5.7M        28M       3.2G

MemTotal:        4016004 kB
MemFree:          111624 kB
Active:           354264 kB
Mem:          3.8G       3.7G       109M       5.7M        28M       3.2G

MemTotal:        4016004 kB
MemFree:          112120 kB
Active:           354212 kB
Mem:          3.8G       3.7G       108M       5.7M        28M       3.2G

MemTotal:        4016004 kB
MemFree:          111748 kB
Active:           354264 kB
Mem:          3.8G       3.7G       109M       5.7M        28M       3.2G

MemTotal:        4016004 kB
MemFree:          111996 kB
Active:           354212 kB
Mem:          3.8G       3.7G       109M       5.7M        28M       3.2G

MemTotal:        4016004 kB
MemFree:          111624 kB
Active:           354264 kB
Mem:          3.8G       3.7G       109M       5.7M        28M       3.2G

MemTotal:        4016004 kB
MemFree:          111996 kB
Active:           354260 kB
Mem:          3.8G       3.7G       109M       5.7M        28M       3.2G

MemTotal:        4016004 kB
MemFree:          111996 kB
Active:           354232 kB
Mem:          3.8G       3.7G       109M       5.7M        28M       3.2G

MemTotal:        4016004 kB
MemFree:          111996 kB
Active:           354260 kB
Mem:          3.8G       3.7G       109M       5.7M        28M       3.2G

MemTotal:        4016004 kB
MemFree:          111996 kB
Active:           354264 kB
Mem:          3.8G       3.7G       109M       5.7M        28M       3.2G

MemTotal:        4016004 kB
MemFree:          111996 kB
Active:           354256 kB
Mem:          3.8G       3.7G       109M       5.7M        28M       3.2G

MemTotal:        4016004 kB
MemFree:          111996 kB
Active:           354220 kB
Mem:          3.8G       3.7G       109M       5.7M        28M       3.2G

MemTotal:        4016004 kB
MemFree:          111996 kB
Active:           354232 kB
Mem:          3.8G       3.7G       109M       5.7M        28M       3.2G

MemTotal:        4016004 kB
MemFree:          111624 kB
Active:           354276 kB
Mem:          3.8G       3.7G       109M       5.7M        28M       3.2G

MemTotal:        4016004 kB
MemFree:          111996 kB
Active:           354220 kB
Mem:          3.8G       3.7G       109M       5.7M        28M       3.2G

MemTotal:        4016004 kB
MemFree:          111996 kB
Active:           354236 kB
Mem:          3.8G       3.7G       109M       5.7M        28M       3.2G

MemTotal:        4016004 kB
MemFree:          111996 kB
Active:           354276 kB
Mem:          3.8G       3.7G       109M       5.7M        28M       3.2G

MemTotal:        4016004 kB
MemFree:          111624 kB
Active:           354288 kB
Mem:          3.8G       3.7G       109M       5.7M        28M       3.2G

MemTotal:        4016004 kB
MemFree:          111996 kB
Active:           354284 kB
Mem:          3.8G       3.7G       108M       5.7M        28M       3.2G

MemTotal:        4016004 kB
MemFree:          111500 kB
Active:           354288 kB
Mem:          3.8G       3.7G       108M       5.7M        28M       3.2G

MemTotal:        4016004 kB
MemFree:          111748 kB
Active:           354244 kB
Mem:          3.8G       3.7G       109M       5.7M        28M       3.2G

MemTotal:        4016004 kB
MemFree:          111624 kB
Active:           354288 kB
Mem:          3.8G       3.7G       109M       5.7M        28M       3.2G

MemTotal:        4016004 kB
MemFree:          111996 kB
Active:           354292 kB
Mem:          3.8G       3.7G       109M       5.7M        28M       3.2G

MemTotal:        4016004 kB
MemFree:          111996 kB
Active:           354276 kB
Mem:          3.8G       3.7G       109M       5.7M        28M       3.2G

MemTotal:        4016004 kB
MemFree:          111872 kB
Active:           354252 kB
Mem:          3.8G       3.7G       108M       5.7M        28M       3.2G

MemTotal:        4016004 kB
MemFree:          111500 kB
Active:           354296 kB
Mem:          3.8G       3.7G       108M       5.7M        28M       3.2G

MemTotal:        4016004 kB
MemFree:          111996 kB
Active:           354304 kB
Mem:          3.8G       3.7G       109M       5.7M        28M       3.2G

MemTotal:        4016004 kB
MemFree:          111996 kB
Active:           354252 kB
Mem:          3.8G       3.7G       109M       5.7M        28M       3.2G

MemTotal:        4016004 kB
MemFree:          111872 kB
Active:           354304 kB
Mem:          3.8G       3.7G       108M       5.7M        28M       3.2G

MemTotal:        4016004 kB
MemFree:          111500 kB
Active:           354312 kB
Mem:          3.8G       3.7G       108M       5.7M        28M       3.2G

MemTotal:        4016004 kB
MemFree:          111872 kB
Active:           354260 kB
Mem:          3.8G       3.7G       108M       5.7M        28M       3.2G

MemTotal:        4016004 kB
MemFree:          111872 kB
Active:           354256 kB
Mem:          3.8G       3.7G       108M       5.7M        28M       3.2G

MemTotal:        4016004 kB
MemFree:          111872 kB
Active:           354268 kB
Mem:          3.8G       3.7G       108M       5.7M        28M       3.2G

MemTotal:        4016004 kB
MemFree:          111500 kB
Active:           354312 kB
Mem:          3.8G       3.7G       108M       5.7M        28M       3.2G

MemTotal:        4016004 kB
MemFree:          111872 kB
Active:           354264 kB
Mem:          3.8G       3.7G       109M       5.7M        28M       3.2G

MemTotal:        4016004 kB
MemFree:          111872 kB
Active:           354308 kB
Mem:          3.8G       3.7G       108M       5.7M        28M       3.2G

MemTotal:        4016004 kB
MemFree:          111748 kB
Active:           354316 kB
Mem:          3.8G       3.7G       108M       5.7M        28M       3.2G

MemTotal:        4016004 kB
MemFree:          111500 kB
Active:           354320 kB
Mem:          3.8G       3.7G       108M       5.7M        28M       3.2G

MemTotal:        4016004 kB
MemFree:          111996 kB
Active:           354312 kB
Mem:          3.8G       3.7G       109M       5.7M        28M       3.2G

MemTotal:        4016004 kB
MemFree:          111872 kB
Active:           354288 kB
Mem:          3.8G       3.7G       108M       5.7M        28M       3.2G

MemTotal:        4016004 kB
MemFree:          111872 kB
Active:           354272 kB
Mem:          3.8G       3.7G       108M       5.7M        28M       3.2G

MemTotal:        4016004 kB
MemFree:          111872 kB
Active:           354320 kB
Mem:          3.8G       3.7G       108M       5.7M        28M       3.2G

MemTotal:        4016004 kB
MemFree:          111872 kB
Active:           354320 kB
Mem:          3.8G       3.7G       108M       5.7M        28M       3.2G

MemTotal:        4016004 kB
MemFree:          111872 kB
Active:           354320 kB
Mem:          3.8G       3.7G       108M       5.7M        28M       3.2G

MemTotal:        4016004 kB
MemFree:          111872 kB
Active:           354280 kB
Mem:          3.8G       3.7G       108M       5.7M        28M       3.2G

MemTotal:        4016004 kB
MemFree:          111500 kB
Active:           354336 kB
Mem:          3.8G       3.7G       108M       5.7M        28M       3.2G

MemTotal:        4016004 kB
MemFree:          111872 kB
Active:           354332 kB
Mem:          3.8G       3.7G       109M       5.7M        28M       3.2G

MemTotal:        4016004 kB
MemFree:          111872 kB
Active:           354296 kB
Mem:          3.8G       3.7G       108M       5.7M        28M       3.2G

MemTotal:        4016004 kB
MemFree:          111872 kB
Active:           354324 kB
Mem:          3.8G       3.7G       108M       5.7M        28M       3.2G

MemTotal:        4016004 kB
MemFree:          111872 kB
Active:           354288 kB
Mem:          3.8G       3.7G       108M       5.7M        28M       3.2G

MemTotal:        4016004 kB
MemFree:          111872 kB
Active:           354332 kB
Mem:          3.8G       3.7G       109M       5.7M        28M       3.2G

MemTotal:        4016004 kB
MemFree:          111748 kB
Active:           354332 kB
Mem:          3.8G       3.7G       108M       5.7M        28M       3.2G

MemTotal:        4016004 kB
MemFree:          111872 kB
Active:           354316 kB
Mem:          3.8G       3.7G       108M       5.7M        28M       3.2G

MemTotal:        4016004 kB
MemFree:          111500 kB
Active:           354348 kB
Mem:          3.8G       3.7G       108M       5.7M        28M       3.2G

MemTotal:        4016004 kB
MemFree:          111872 kB
Active:           354316 kB
Mem:          3.8G       3.7G       108M       5.7M        28M       3.2G

MemTotal:        4016004 kB
MemFree:          111872 kB
Active:           354312 kB
Mem:          3.8G       3.7G       108M       5.7M        28M       3.2G

MemTotal:        4016004 kB
MemFree:          111872 kB
Active:           354348 kB
Mem:          3.8G       3.7G       108M       5.7M        28M       3.2G

MemTotal:        4016004 kB
MemFree:          111500 kB
Active:           354360 kB
Mem:          3.8G       3.7G       108M       5.7M        28M       3.2G

MemTotal:        4016004 kB
MemFree:          111996 kB
Active:           354316 kB
Mem:          3.8G       3.7G       109M       5.7M        28M       3.2G

MemTotal:        4016004 kB
MemFree:          111996 kB
Active:           354312 kB
Mem:          3.8G       3.7G       108M       5.7M        28M       3.2G

MemTotal:        4016004 kB
MemFree:          111872 kB
Active:           354316 kB
Mem:          3.8G       3.7G       108M       5.7M        28M       3.2G

MemTotal:        4016004 kB
MemFree:          111872 kB
Active:           354348 kB
Mem:          3.8G       3.7G       108M       5.7M        28M       3.2G

MemTotal:        4016004 kB
MemFree:          111872 kB
Active:           354352 kB
Mem:          3.8G       3.7G       109M       5.7M        28M       3.2G

MemTotal:        4016004 kB
MemFree:          111872 kB
Active:           354324 kB
Mem:          3.8G       3.7G       108M       5.7M        28M       3.2G

MemTotal:        4016004 kB
MemFree:          111872 kB
Active:           354324 kB
Mem:          3.8G       3.7G       108M       5.7M        28M       3.2G

MemTotal:        4016004 kB
MemFree:          111500 kB
Active:           354368 kB
Mem:          3.8G       3.7G       108M       5.7M        28M       3.2G

MemTotal:        4016004 kB
MemFree:          111872 kB
Active:           354332 kB
Mem:          3.8G       3.7G       108M       5.7M        28M       3.2G

MemTotal:        4016004 kB
MemFree:          111872 kB
Active:           354364 kB
Mem:          3.8G       3.7G       108M       5.7M        28M       3.2G

MemTotal:        4016004 kB
MemFree:          111872 kB
Active:           354364 kB
Mem:          3.8G       3.7G       108M       5.7M        28M       3.2G

MemTotal:        4016004 kB
MemFree:          111500 kB
Active:           354368 kB
Mem:          3.8G       3.7G       108M       5.7M        28M       3.2G

MemTotal:        4016004 kB
MemFree:          111624 kB
Active:           354352 kB
Mem:          3.8G       3.7G       109M       5.7M        28M       3.2G

MemTotal:        4016004 kB
MemFree:          111872 kB
Active:           354368 kB
Mem:          3.8G       3.7G       108M       5.7M        28M       3.2G

MemTotal:        4016004 kB
MemFree:          111748 kB
Active:           354360 kB
Mem:          3.8G       3.7G       108M       5.7M        28M       3.2G

MemTotal:        4016004 kB
MemFree:          111500 kB
Active:           354372 kB
Mem:          3.8G       3.7G       108M       5.7M        28M       3.2G

MemTotal:        4016004 kB
MemFree:          111624 kB
Active:           354332 kB
Mem:          3.8G       3.7G       109M       5.7M        28M       3.2G

MemTotal:        4016004 kB
MemFree:          112292 kB
Active:           354108 kB
Mem:          3.8G       3.7G       109M       5.7M        28M       3.2G

MemTotal:        4016004 kB
MemFree:          111796 kB
Active:           354168 kB
Mem:          3.8G       3.7G       108M       5.7M        28M       3.2G

MemTotal:        4016004 kB
MemFree:          111548 kB
Active:           354176 kB
Mem:          3.8G       3.7G       108M       5.7M        28M       3.2G

MemTotal:        4016004 kB
MemFree:          111796 kB
Active:           354168 kB
Mem:          3.8G       3.7G       109M       5.7M        28M       3.2G

MemTotal:        4016004 kB
MemFree:          111796 kB
Active:           354140 kB
Mem:          3.8G       3.7G       109M       5.7M        28M       3.2G

MemTotal:        4016004 kB
MemFree:          111424 kB
Active:           354180 kB
Mem:          3.8G       3.7G       109M       5.7M        28M       3.2G

MemTotal:        4016004 kB
MemFree:          111796 kB
Active:           354160 kB
Mem:          3.8G       3.7G       109M       5.7M        28M       3.2G

MemTotal:        4016004 kB
MemFree:          111920 kB
Active:           354136 kB
Mem:          3.8G       3.7G       109M       5.7M        28M       3.2G

MemTotal:        4016004 kB
MemFree:          111424 kB
Active:           354192 kB
Mem:          3.8G       3.7G       109M       5.7M        28M       3.2G

MemTotal:        4016004 kB
MemFree:          111176 kB
Active:           354200 kB
Mem:          3.8G       3.7G       108M       5.7M        28M       3.2G

MemTotal:        4016004 kB
MemFree:          111672 kB
Active:           354188 kB
Mem:          3.8G       3.7G       109M       5.7M        28M       3.2G

MemTotal:        4016004 kB
MemFree:          111920 kB
Active:           354164 kB
Mem:          3.8G       3.7G       108M       5.7M        28M       3.2G

MemTotal:        4016004 kB
MemFree:          111892 kB
Active:           354192 kB
Mem:          3.8G       3.7G       109M       5.7M        28M       3.2G

MemTotal:        4016004 kB
MemFree:          111892 kB
Active:           354164 kB
Mem:          3.8G       3.7G       109M       5.7M        28M       3.2G

MemTotal:        4016004 kB
MemFree:          111768 kB
Active:           354200 kB
Mem:          3.8G       3.7G       109M       5.7M        28M       3.2G

MemTotal:        4016004 kB
MemFree:          111396 kB
Active:           354208 kB
Mem:          3.8G       3.7G       109M       5.7M        28M       3.2G

MemTotal:        4016004 kB
MemFree:          111892 kB
Active:           354200 kB
Mem:          3.8G       3.7G       109M       5.7M        28M       3.2G

MemTotal:        4016004 kB
MemFree:          111892 kB
Active:           354196 kB
Mem:          3.8G       3.7G       109M       5.7M        28M       3.2G

MemTotal:        4016004 kB
MemFree:          112016 kB
Active:           354164 kB
Mem:          3.8G       3.7G       109M       5.7M        28M       3.2G

MemTotal:        4016004 kB
MemFree:          111768 kB
Active:           354176 kB
Mem:          3.8G       3.7G       108M       5.7M        28M       3.2G

MemTotal:        4016004 kB
MemFree:          111768 kB
Active:           354172 kB
Mem:          3.8G       3.7G       109M       5.7M        28M       3.2G

MemTotal:        4016004 kB
MemFree:          111768 kB
Active:           354212 kB
Mem:          3.8G       3.7G       109M       5.7M        28M       3.2G

MemTotal:        4016004 kB
MemFree:          111396 kB
Active:           354220 kB
Mem:          3.8G       3.7G       108M       5.7M        28M       3.2G

MemTotal:        4016004 kB
MemFree:          111892 kB
Active:           354164 kB
Mem:          3.8G       3.7G       109M       5.7M        28M       3.2G

MemTotal:        4016004 kB
MemFree:          111892 kB
Active:           354196 kB
Mem:          3.8G       3.7G       109M       5.7M        28M       3.2G

MemTotal:        4016004 kB
MemFree:          111892 kB
Active:           354200 kB
Mem:          3.8G       3.7G       109M       5.7M        28M       3.2G

MemTotal:        4016004 kB
MemFree:          111892 kB
Active:           354172 kB
Mem:          3.8G       3.7G       109M       5.7M        28M       3.2G

MemTotal:        4016004 kB
MemFree:          111396 kB
Active:           354232 kB
Mem:          3.8G       3.7G       109M       5.7M        28M       3.2G

MemTotal:        4016004 kB
MemFree:          111520 kB
Active:           354232 kB
