MemTotal:        4016004 kB
MemFree:         3215108 kB
Active:           448888 kB
Mem:          3.8G       782M       3.1G       5.7M        55M       326M

MemTotal:        4016004 kB
MemFree:         3215076 kB
Active:           449352 kB
Mem:          3.8G       782M       3.1G       5.7M        55M       326M

MemTotal:        4016004 kB
MemFree:         3214084 kB
Active:           449404 kB
Mem:          3.8G       783M       3.1G       5.7M        55M       326M

MemTotal:        4016004 kB
MemFree:         3214564 kB
Active:           449388 kB
Mem:          3.8G       782M       3.1G       5.7M        55M       326M

MemTotal:        4016004 kB
MemFree:         3214564 kB
Active:           449424 kB
Mem:          3.8G       782M       3.1G       5.7M        55M       326M

MemTotal:        4016004 kB
MemFree:         3213800 kB
Active:           447440 kB
Mem:          3.8G       783M       3.1G       5.7M        55M       326M

MemTotal:        4016004 kB
MemFree:         3214112 kB
Active:           449452 kB
Mem:          3.8G       782M       3.1G       5.7M        55M       326M

MemTotal:        4016004 kB
MemFree:         3214360 kB
Active:           449428 kB
Mem:          3.8G       782M       3.1G       5.7M        55M       326M

MemTotal:        4016004 kB
MemFree:         3213864 kB
Active:           449460 kB
Mem:          3.8G       783M       3.1G       5.7M        55M       326M

MemTotal:        4016004 kB
MemFree:         3213740 kB
Active:           449460 kB
Mem:          3.8G       783M       3.1G       5.7M        55M       326M

MemTotal:        4016004 kB
MemFree:         3214112 kB
Active:           449448 kB
Mem:          3.8G       783M       3.1G       5.7M        55M       326M

MemTotal:        4016004 kB
MemFree:         3214080 kB
Active:           449404 kB
Mem:          3.8G       783M       3.1G       5.7M        55M       326M

MemTotal:        4016004 kB
MemFree:         3214328 kB
Active:           449420 kB
Mem:          3.8G       783M       3.1G       5.7M        55M       326M

MemTotal:        4016004 kB
MemFree:         3214576 kB
Active:           449468 kB
Mem:          3.8G       783M       3.1G       5.7M        55M       326M

MemTotal:        4016004 kB
MemFree:         3214700 kB
Active:           449428 kB
Mem:          3.8G       782M       3.1G       5.7M        55M       326M

MemTotal:        4016004 kB
MemFree:         3213720 kB
Active:           447556 kB
Mem:          3.8G       783M       3.1G       5.7M        55M       326M

MemTotal:        4016004 kB
MemFree:         3213904 kB
Active:           449448 kB
Mem:          3.8G       783M       3.1G       5.7M        55M       326M

MemTotal:        4016004 kB
MemFree:         3213904 kB
Active:           449472 kB
Mem:          3.8G       783M       3.1G       5.7M        55M       326M

MemTotal:        4016004 kB
MemFree:         3213888 kB
Active:           449464 kB
Mem:          3.8G       783M       3.1G       5.7M        55M       326M

MemTotal:        4016004 kB
MemFree:         3213872 kB
Active:           449472 kB
Mem:          3.8G       783M       3.1G       5.7M        55M       326M

MemTotal:        4016004 kB
MemFree:         3214120 kB
Active:           449476 kB
Mem:          3.8G       782M       3.1G       5.7M        55M       326M

MemTotal:        4016004 kB
MemFree:         3214228 kB
Active:           449444 kB
Mem:          3.8G       783M       3.1G       5.7M        55M       326M

MemTotal:        4016004 kB
MemFree:         3214104 kB
Active:           449456 kB
Mem:          3.8G       783M       3.1G       5.7M        55M       326M

MemTotal:        4016004 kB
MemFree:         3214104 kB
Active:           449444 kB
Mem:          3.8G       783M       3.1G       5.7M        55M       326M

MemTotal:        4016004 kB
MemFree:         3213964 kB
Active:           449436 kB
Mem:          3.8G       783M       3.1G       5.7M        55M       326M

MemTotal:        4016004 kB
MemFree:         3214212 kB
Active:           449456 kB
Mem:          3.8G       782M       3.1G       5.7M        55M       326M

MemTotal:        4016004 kB
MemFree:         3214460 kB
Active:           449468 kB
Mem:          3.8G       782M       3.1G       5.7M        55M       326M

MemTotal:        4016004 kB
MemFree:         3214584 kB
Active:           449484 kB
Mem:          3.8G       782M       3.1G       5.7M        55M       326M

MemTotal:        4016004 kB
MemFree:         3214568 kB
Active:           449480 kB
Mem:          3.8G       782M       3.1G       5.7M        55M       326M

MemTotal:        4016004 kB
MemFree:         3214444 kB
Active:           449488 kB
Mem:          3.8G       782M       3.1G       5.7M        55M       326M

MemTotal:        4016004 kB
MemFree:         3214276 kB
Active:           449500 kB
Mem:          3.8G       782M       3.1G       5.7M        55M       326M

MemTotal:        4016004 kB
MemFree:         3214524 kB
Active:           449460 kB
Mem:          3.8G       782M       3.1G       5.7M        55M       326M

MemTotal:        4016004 kB
MemFree:         3214524 kB
Active:           449476 kB
Mem:          3.8G       782M       3.1G       5.7M        55M       326M

MemTotal:        4016004 kB
MemFree:         3214152 kB
Active:           449500 kB
Mem:          3.8G       782M       3.1G       5.7M        55M       326M

MemTotal:        4016004 kB
MemFree:         3214400 kB
Active:           449464 kB
Mem:          3.8G       782M       3.1G       5.7M        55M       326M

MemTotal:        4016004 kB
MemFree:         3214524 kB
Active:           449484 kB
Mem:          3.8G       782M       3.1G       5.7M        55M       326M

MemTotal:        4016004 kB
MemFree:         3214384 kB
Active:           449492 kB
Mem:          3.8G       782M       3.1G       5.7M        55M       326M

MemTotal:        4016004 kB
MemFree:         3214152 kB
Active:           449516 kB
Mem:          3.8G       782M       3.1G       5.7M        55M       326M

MemTotal:        4016004 kB
MemFree:         3214276 kB
Active:           449516 kB
Mem:          3.8G       782M       3.1G       5.7M        55M       326M

MemTotal:        4016004 kB
MemFree:         3214260 kB
Active:           449460 kB
Mem:          3.8G       782M       3.1G       5.7M        55M       326M

MemTotal:        4016004 kB
MemFree:         3214524 kB
Active:           449472 kB
Mem:          3.8G       783M       3.1G       5.7M        55M       326M

MemTotal:        4016004 kB
MemFree:         3214120 kB
Active:           449508 kB
Mem:          3.8G       783M       3.1G       5.7M        55M       326M

MemTotal:        4016004 kB
MemFree:         3214136 kB
Active:           449512 kB
Mem:          3.8G       783M       3.1G       5.7M        55M       326M

MemTotal:        4016004 kB
MemFree:         3214600 kB
Active:           449476 kB
Mem:          3.8G       782M       3.1G       5.7M        55M       326M

MemTotal:        4016004 kB
MemFree:         3214120 kB
Active:           449536 kB
Mem:          3.8G       783M       3.1G       5.7M        55M       326M

MemTotal:        4016004 kB
MemFree:         3211808 kB
Active:           449540 kB
Mem:          3.8G       785M       3.1G       5.7M        55M       326M

MemTotal:        4016004 kB
MemFree:         3211652 kB
Active:           451660 kB
Mem:          3.8G       785M       3.1G       5.7M        55M       326M

MemTotal:        4016004 kB
MemFree:         3211512 kB
Active:           451632 kB
Mem:          3.8G       785M       3.1G       5.7M        55M       326M

MemTotal:        4016004 kB
MemFree:         3211856 kB
Active:           451532 kB
Mem:          3.8G       785M       3.1G       5.7M        55M       326M

MemTotal:        4016004 kB
MemFree:         3211872 kB
Active:           451644 kB
Mem:          3.8G       785M       3.1G       5.7M        55M       326M

MemTotal:        4016004 kB
MemFree:         3211856 kB
Active:           451576 kB
Mem:          3.8G       785M       3.1G       5.7M        55M       326M

MemTotal:        4016004 kB
MemFree:         3212244 kB
Active:           451572 kB
Mem:          3.8G       784M       3.1G       5.7M        55M       326M

MemTotal:        4016004 kB
MemFree:         3212616 kB
Active:           451552 kB
Mem:          3.8G       784M       3.1G       5.7M        55M       326M

MemTotal:        4016004 kB
MemFree:         3212616 kB
Active:           451588 kB
Mem:          3.8G       784M       3.1G       5.7M        55M       326M

MemTotal:        4016004 kB
MemFree:         3211856 kB
Active:           451584 kB
Mem:          3.8G       784M       3.1G       5.7M        55M       326M

MemTotal:        4016004 kB
MemFree:         3211888 kB
Active:           451696 kB
Mem:          3.8G       784M       3.1G       5.7M        55M       326M

MemTotal:        4016004 kB
MemFree:         3212244 kB
Active:           451564 kB
Mem:          3.8G       784M       3.1G       5.7M        55M       326M

MemTotal:        4016004 kB
MemFree:         3212088 kB
Active:           451576 kB
Mem:          3.8G       785M       3.1G       5.7M        55M       326M

MemTotal:        4016004 kB
MemFree:         3212196 kB
Active:           451600 kB
Mem:          3.8G       785M       3.1G       5.7M        55M       326M

MemTotal:        4016004 kB
MemFree:         3212228 kB
Active:           451588 kB
Mem:          3.8G       784M       3.1G       5.7M        55M       326M

MemTotal:        4016004 kB
MemFree:         3212164 kB
Active:           451840 kB
Mem:          3.8G       784M       3.1G       5.7M        55M       326M

MemTotal:        4016004 kB
MemFree:         3095408 kB
Active:           451960 kB
Mem:          3.8G       899M       3.0G       5.7M        55M       438M

MemTotal:        4016004 kB
MemFree:         3092512 kB
Active:           452116 kB
Mem:          3.8G       902M       2.9G       5.7M        55M       440M

MemTotal:        4016004 kB
MemFree:         3036184 kB
Active:           452180 kB
Mem:          3.8G       957M       2.9G       5.7M        55M       495M

MemTotal:        4016004 kB
MemFree:         2922236 kB
Active:           452188 kB
Mem:          3.8G       1.0G       2.8G       5.7M        55M       605M

MemTotal:        4016004 kB
MemFree:         2803280 kB
Active:           452188 kB
Mem:          3.8G       1.2G       2.7G       5.7M        55M       719M

MemTotal:        4016004 kB
MemFree:         2741724 kB
Active:           452188 kB
Mem:          3.8G       1.2G       2.6G       5.7M        55M       778M

MemTotal:        4016004 kB
MemFree:         2669084 kB
Active:           452176 kB
Mem:          3.8G       1.3G       2.5G       5.7M        55M       848M

MemTotal:        4016004 kB
MemFree:         2649228 kB
Active:           452288 kB
Mem:          3.8G       1.3G       2.5G       5.7M        55M       867M

MemTotal:        4016004 kB
MemFree:         2648864 kB
Active:           452176 kB
Mem:          3.8G       1.3G       2.5G       5.7M        55M       867M

MemTotal:        4016004 kB
MemFree:         2648432 kB
Active:           452348 kB
Mem:          3.8G       1.3G       2.5G       5.7M        55M       867M

MemTotal:        4016004 kB
MemFree:         2645876 kB
Active:           452184 kB
Mem:          3.8G       1.3G       2.5G       5.7M        55M       870M

MemTotal:        4016004 kB
MemFree:         2645136 kB
Active:           452116 kB
Mem:          3.8G       1.3G       2.5G       5.7M        55M       871M

MemTotal:        4016004 kB
MemFree:         2536304 kB
Active:           452352 kB
Mem:          3.8G       1.4G       2.4G       5.7M        55M       976M

MemTotal:        4016004 kB
MemFree:         2413148 kB
Active:           452208 kB
Mem:          3.8G       1.5G       2.3G       5.7M        55M       1.1G

MemTotal:        4016004 kB
MemFree:         2296052 kB
Active:           452244 kB
Mem:          3.8G       1.6G       2.2G       5.7M        55M       1.2G

MemTotal:        4016004 kB
MemFree:         2295756 kB
Active:           452244 kB
Mem:          3.8G       1.6G       2.2G       5.7M        55M       1.2G

MemTotal:        4016004 kB
MemFree:         2204804 kB
Active:           452244 kB
Mem:          3.8G       1.7G       2.1G       5.7M        55M       1.3G

MemTotal:        4016004 kB
MemFree:         2190652 kB
Active:           452244 kB
Mem:          3.8G       1.7G       2.1G       5.7M        55M       1.3G

MemTotal:        4016004 kB
MemFree:         2113456 kB
Active:           452252 kB
Mem:          3.8G       1.8G       2.0G       5.7M        55M       1.4G

MemTotal:        4016004 kB
MemFree:         2096296 kB
Active:           452252 kB
Mem:          3.8G       1.8G       2.0G       5.7M        55M       1.4G

MemTotal:        4016004 kB
MemFree:         2023000 kB
Active:           452256 kB
Mem:          3.8G       1.9G       1.9G       5.7M        55M       1.4G

MemTotal:        4016004 kB
MemFree:         2021988 kB
Active:           452268 kB
Mem:          3.8G       1.9G       1.9G       5.7M        55M       1.4G

MemTotal:        4016004 kB
MemFree:         2020932 kB
Active:           452372 kB
Mem:          3.8G       1.9G       1.9G       5.7M        55M       1.4G

MemTotal:        4016004 kB
MemFree:         2019500 kB
Active:           452300 kB
Mem:          3.8G       1.9G       1.9G       5.7M        55M       1.4G

MemTotal:        4016004 kB
MemFree:         2017080 kB
Active:           452392 kB
Mem:          3.8G       1.9G       1.9G       5.7M        55M       1.4G

MemTotal:        4016004 kB
MemFree:         1925480 kB
Active:           454340 kB
Mem:          3.8G       2.0G       1.8G       5.7M        55M       1.5G

MemTotal:        4016004 kB
MemFree:         1791240 kB
Active:           454344 kB
Mem:          3.8G       2.1G       1.7G       5.7M        55M       1.7G

MemTotal:        4016004 kB
MemFree:         1666920 kB
Active:           454344 kB
Mem:          3.8G       2.2G       1.6G       5.7M        55M       1.8G

MemTotal:        4016004 kB
MemFree:         1667048 kB
Active:           454292 kB
Mem:          3.8G       2.2G       1.6G       5.7M        55M       1.8G

MemTotal:        4016004 kB
MemFree:         1576056 kB
Active:           454352 kB
Mem:          3.8G       2.3G       1.5G       5.7M        55M       1.9G

MemTotal:        4016004 kB
MemFree:         1537848 kB
Active:           454328 kB
Mem:          3.8G       2.4G       1.5G       5.7M        55M       1.9G

MemTotal:        4016004 kB
MemFree:         1485452 kB
Active:           454352 kB
Mem:          3.8G       2.4G       1.4G       5.7M        55M       1.9G

MemTotal:        4016004 kB
MemFree:         1473100 kB
Active:           454364 kB
Mem:          3.8G       2.4G       1.4G       5.7M        55M       2.0G

MemTotal:        4016004 kB
MemFree:         1392296 kB
Active:           454364 kB
Mem:          3.8G       2.5G       1.3G       5.7M        55M       2.0G

MemTotal:        4016004 kB
MemFree:         1391628 kB
Active:           454376 kB
Mem:          3.8G       2.5G       1.3G       5.7M        55M       2.0G

MemTotal:        4016004 kB
MemFree:         1391352 kB
Active:           454380 kB
Mem:          3.8G       2.5G       1.3G       5.7M        55M       2.0G

MemTotal:        4016004 kB
MemFree:         1389924 kB
Active:           454388 kB
Mem:          3.8G       2.5G       1.3G       5.7M        55M       2.0G

MemTotal:        4016004 kB
MemFree:         1388808 kB
Active:           454388 kB
Mem:          3.8G       2.5G       1.3G       5.7M        55M       2.0G

MemTotal:        4016004 kB
MemFree:         1275960 kB
Active:           454388 kB
Mem:          3.8G       2.6G       1.2G       5.7M        55M       2.1G

MemTotal:        4016004 kB
MemFree:         1159888 kB
Active:           454396 kB
Mem:          3.8G       2.7G       1.1G       5.7M        55M       2.2G

MemTotal:        4016004 kB
MemFree:         1040580 kB
Active:           454412 kB
Mem:          3.8G       2.8G       1.0G       5.7M        55M       2.4G

MemTotal:        4016004 kB
MemFree:         1040800 kB
Active:           454388 kB
Mem:          3.8G       2.8G       1.0G       5.7M        55M       2.4G

MemTotal:        4016004 kB
MemFree:          959200 kB
Active:           454416 kB
Mem:          3.8G       2.9G       936M       5.7M        55M       2.4G

MemTotal:        4016004 kB
MemFree:          904360 kB
Active:           454432 kB
Mem:          3.8G       3.0G       882M       5.7M        55M       2.5G

MemTotal:        4016004 kB
MemFree:          874976 kB
Active:           454432 kB
Mem:          3.8G       3.0G       854M       5.7M        55M       2.5G

MemTotal:        4016004 kB
MemFree:          821656 kB
Active:           454440 kB
Mem:          3.8G       3.0G       801M       5.7M        55M       2.6G

MemTotal:        4016004 kB
MemFree:          792652 kB
Active:           454440 kB
Mem:          3.8G       3.1G       773M       5.7M        55M       2.6G

MemTotal:        4016004 kB
MemFree:          791724 kB
Active:           454456 kB
Mem:          3.8G       3.1G       772M       5.7M        55M       2.6G

MemTotal:        4016004 kB
MemFree:          790444 kB
Active:           454476 kB
Mem:          3.8G       3.1G       771M       5.7M        55M       2.6G

MemTotal:        4016004 kB
MemFree:          789500 kB
Active:           454476 kB
Mem:          3.8G       3.1G       770M       5.7M        55M       2.6G

MemTotal:        4016004 kB
MemFree:          742552 kB
Active:           454488 kB
Mem:          3.8G       3.1G       724M       5.7M        55M       2.6G

MemTotal:        4016004 kB
MemFree:          605088 kB
Active:           454488 kB
Mem:          3.8G       3.3G       590M       5.7M        55M       2.8G

MemTotal:        4016004 kB
MemFree:          478320 kB
Active:           454488 kB
Mem:          3.8G       3.4G       466M       5.7M        55M       2.9G

MemTotal:        4016004 kB
MemFree:          442108 kB
Active:           454488 kB
Mem:          3.8G       3.4G       431M       5.7M        55M       2.9G

MemTotal:        4016004 kB
MemFree:          369688 kB
Active:           454508 kB
Mem:          3.8G       3.5G       360M       5.7M        55M       3.0G

MemTotal:        4016004 kB
MemFree:          359008 kB
Active:           454508 kB
Mem:          3.8G       3.5G       350M       5.7M        55M       3.0G

MemTotal:        4016004 kB
MemFree:          270048 kB
Active:           454528 kB
Mem:          3.8G       3.6G       262M       5.7M        55M       3.1G

MemTotal:        4016004 kB
MemFree:          217984 kB
Active:           454532 kB
Mem:          3.8G       3.6G       212M       5.7M        55M       3.1G

MemTotal:        4016004 kB
MemFree:          164584 kB
Active:           454540 kB
Mem:          3.8G       3.7G       160M       5.7M        55M       3.2G

MemTotal:        4016004 kB
MemFree:          149752 kB
Active:           454552 kB
Mem:          3.8G       3.7G       146M       5.7M        55M       3.2G

MemTotal:        4016004 kB
MemFree:          148140 kB
Active:           454552 kB
Mem:          3.8G       3.7G       144M       5.7M        55M       3.2G

MemTotal:        4016004 kB
MemFree:          148020 kB
Active:           454556 kB
Mem:          3.8G       3.7G       144M       5.7M        55M       3.2G

MemTotal:        4016004 kB
MemFree:          147992 kB
Active:           454556 kB
Mem:          3.8G       3.7G       144M       5.7M        55M       3.2G

MemTotal:        4016004 kB
MemFree:          138032 kB
Active:           454560 kB
Mem:          3.8G       3.7G       134M       5.7M        55M       3.2G

MemTotal:        4016004 kB
MemFree:          129792 kB
Active:           508192 kB
Mem:          3.8G       3.7G       120M       5.7M        22M       3.3G

MemTotal:        4016004 kB
MemFree:          121564 kB
Active:           495760 kB
Mem:          3.8G       3.7G       118M       5.7M        22M       3.3G

MemTotal:        4016004 kB
MemFree:          132220 kB
Active:           490420 kB
Mem:          3.8G       3.7G       128M       5.7M        22M       3.2G

MemTotal:        4016004 kB
MemFree:          142836 kB
Active:           483392 kB
Mem:          3.8G       3.7G       139M       5.7M        22M       3.2G

MemTotal:        4016004 kB
MemFree:          138044 kB
Active:           478016 kB
Mem:          3.8G       3.7G       134M       5.7M        22M       3.2G

MemTotal:        4016004 kB
MemFree:          109608 kB
Active:           478016 kB
Mem:          3.8G       3.7G       106M       5.7M        22M       3.3G

MemTotal:        4016004 kB
MemFree:          147880 kB
Active:           471352 kB
Mem:          3.8G       3.7G       144M       5.7M        22M       3.2G

MemTotal:        4016004 kB
MemFree:          146188 kB
Active:           471204 kB
Mem:          3.8G       3.7G       142M       5.7M        22M       3.2G

MemTotal:        4016004 kB
MemFree:          144976 kB
Active:           471212 kB
Mem:          3.8G       3.7G       141M       5.7M        22M       3.2G

MemTotal:        4016004 kB
MemFree:          143960 kB
Active:           469324 kB
Mem:          3.8G       3.7G       140M       5.7M        22M       3.2G

MemTotal:        4016004 kB
MemFree:          111548 kB
Active:           471300 kB
Mem:          3.8G       3.7G       107M       5.7M        22M       3.3G

MemTotal:        4016004 kB
MemFree:          117396 kB
Active:           467368 kB
Mem:          3.8G       3.7G       113M       5.7M        22M       3.3G

MemTotal:        4016004 kB
MemFree:          118692 kB
Active:           461708 kB
Mem:          3.8G       3.7G       115M       5.7M        22M       3.3G

MemTotal:        4016004 kB
MemFree:          132600 kB
Active:           459148 kB
Mem:          3.8G       3.7G       129M       5.7M        22M       3.2G

MemTotal:        4016004 kB
MemFree:          114556 kB
Active:           458004 kB
Mem:          3.8G       3.7G       111M       5.7M        22M       3.3G

MemTotal:        4016004 kB
MemFree:          139108 kB
Active:           456732 kB
Mem:          3.8G       3.7G       135M       5.7M        22M       3.2G

MemTotal:        4016004 kB
MemFree:          133556 kB
Active:           455452 kB
Mem:          3.8G       3.7G       129M       5.7M        22M       3.2G

MemTotal:        4016004 kB
MemFree:          138792 kB
Active:           451200 kB
Mem:          3.8G       3.7G       135M       5.7M        22M       3.2G

MemTotal:        4016004 kB
MemFree:          122496 kB
Active:           449920 kB
Mem:          3.8G       3.7G       119M       5.7M        22M       3.3G

MemTotal:        4016004 kB
MemFree:          121196 kB
Active:           449944 kB
Mem:          3.8G       3.7G       118M       5.7M        22M       3.3G

MemTotal:        4016004 kB
MemFree:          119980 kB
Active:           449948 kB
Mem:          3.8G       3.7G       116M       5.7M        22M       3.3G

MemTotal:        4016004 kB
MemFree:          118032 kB
Active:           449948 kB
Mem:          3.8G       3.7G       114M       5.7M        22M       3.3G

MemTotal:        4016004 kB
MemFree:          117608 kB
Active:           449920 kB
Mem:          3.8G       3.7G       114M       5.7M        22M       3.3G

MemTotal:        4016004 kB
MemFree:          122020 kB
Active:           446884 kB
Mem:          3.8G       3.7G       118M       5.7M        22M       3.3G

MemTotal:        4016004 kB
MemFree:          124104 kB
Active:           441092 kB
Mem:          3.8G       3.7G       121M       5.7M        22M       3.2G

MemTotal:        4016004 kB
MemFree:          136000 kB
Active:           435112 kB
Mem:          3.8G       3.7G       132M       5.7M        22M       3.2G

MemTotal:        4016004 kB
MemFree:          150052 kB
Active:           433576 kB
Mem:          3.8G       3.7G       146M       5.7M        22M       3.2G

MemTotal:        4016004 kB
MemFree:          149576 kB
Active:           433580 kB
Mem:          3.8G       3.7G       145M       5.7M        22M       3.2G

MemTotal:        4016004 kB
MemFree:          137412 kB
Active:           430776 kB
Mem:          3.8G       3.7G       133M       5.7M        22M       3.2G

MemTotal:        4016004 kB
MemFree:          133680 kB
Active:           430136 kB
Mem:          3.8G       3.7G       130M       5.7M        22M       3.2G

MemTotal:        4016004 kB
MemFree:          124696 kB
Active:           427720 kB
Mem:          3.8G       3.7G       121M       5.7M        22M       3.2G

MemTotal:        4016004 kB
MemFree:          128660 kB
Active:           426696 kB
Mem:          3.8G       3.7G       125M       5.7M        22M       3.2G

MemTotal:        4016004 kB
MemFree:          127952 kB
Active:           426712 kB
Mem:          3.8G       3.7G       124M       5.7M        22M       3.2G

MemTotal:        4016004 kB
MemFree:          127552 kB
Active:           426712 kB
Mem:          3.8G       3.7G       124M       5.7M        22M       3.2G

MemTotal:        4016004 kB
MemFree:          127620 kB
Active:           426716 kB
Mem:          3.8G       3.7G       124M       5.7M        22M       3.2G

MemTotal:        4016004 kB
MemFree:          128156 kB
Active:           426208 kB
Mem:          3.8G       3.7G       124M       5.7M        22M       3.2G

MemTotal:        4016004 kB
MemFree:          134428 kB
Active:           419060 kB
Mem:          3.8G       3.7G       131M       5.7M        22M       3.2G

MemTotal:        4016004 kB
MemFree:          122492 kB
Active:           415220 kB
Mem:          3.8G       3.7G       119M       5.7M        22M       3.3G

MemTotal:        4016004 kB
MemFree:          112212 kB
Active:           413436 kB
Mem:          3.8G       3.7G       109M       5.7M        22M       3.3G

MemTotal:        4016004 kB
MemFree:          126556 kB
Active:           411392 kB
Mem:          3.8G       3.7G       123M       5.7M        22M       3.2G

MemTotal:        4016004 kB
MemFree:          137228 kB
Active:           408332 kB
Mem:          3.8G       3.7G       133M       5.7M        22M       3.2G

MemTotal:        4016004 kB
MemFree:          122992 kB
Active:           407312 kB
Mem:          3.8G       3.7G       123M       5.7M        22M       3.2G

MemTotal:        4016004 kB
MemFree:          136440 kB
Active:           406544 kB
Mem:          3.8G       3.7G       133M       5.7M        22M       3.2G

MemTotal:        4016004 kB
MemFree:          136036 kB
Active:           406556 kB
Mem:          3.8G       3.7G       132M       5.7M        22M       3.2G

MemTotal:        4016004 kB
MemFree:          135728 kB
Active:           406556 kB
Mem:          3.8G       3.7G       132M       5.7M        22M       3.2G

MemTotal:        4016004 kB
MemFree:          136168 kB
Active:           406532 kB
Mem:          3.8G       3.7G       132M       5.7M        22M       3.2G

MemTotal:        4016004 kB
MemFree:          128156 kB
Active:           406048 kB
Mem:          3.8G       3.7G       124M       5.7M        22M       3.2G

MemTotal:        4016004 kB
MemFree:          135824 kB
Active:           401200 kB
Mem:          3.8G       3.7G       132M       5.7M        22M       3.2G

MemTotal:        4016004 kB
MemFree:          122612 kB
Active:           397620 kB
Mem:          3.8G       3.7G       119M       5.7M        22M       3.2G

MemTotal:        4016004 kB
MemFree:          121956 kB
Active:           394680 kB
Mem:          3.8G       3.7G       119M       5.7M        22M       3.2G

MemTotal:        4016004 kB
MemFree:          135544 kB
Active:           391480 kB
Mem:          3.8G       3.7G       132M       5.7M        22M       3.2G

MemTotal:        4016004 kB
MemFree:          137640 kB
Active:           387340 kB
Mem:          3.8G       3.7G       133M       5.7M        22M       3.2G

MemTotal:        4016004 kB
MemFree:          148284 kB
Active:           387212 kB
Mem:          3.8G       3.7G       144M       5.7M        22M       3.2G

MemTotal:        4016004 kB
MemFree:          147212 kB
Active:           387192 kB
Mem:          3.8G       3.7G       143M       5.7M        22M       3.2G

MemTotal:        4016004 kB
MemFree:          145512 kB
Active:           387224 kB
Mem:          3.8G       3.7G       141M       5.7M        22M       3.2G

MemTotal:        4016004 kB
MemFree:          144516 kB
Active:           387372 kB
Mem:          3.8G       3.7G       141M       5.7M        22M       3.2G

MemTotal:        4016004 kB
MemFree:          132428 kB
Active:           387248 kB
Mem:          3.8G       3.7G       129M       5.7M        22M       3.2G

MemTotal:        4016004 kB
MemFree:          131376 kB
Active:           387224 kB
Mem:          3.8G       3.7G       128M       5.7M        22M       3.2G

MemTotal:        4016004 kB
MemFree:          131472 kB
Active:           387252 kB
Mem:          3.8G       3.7G       128M       5.7M        22M       3.2G

MemTotal:        4016004 kB
MemFree:          131292 kB
Active:           387288 kB
Mem:          3.8G       3.7G       128M       5.7M        22M       3.2G

MemTotal:        4016004 kB
MemFree:          106372 kB
Active:           387292 kB
Mem:          3.8G       3.7G       103M       5.7M        22M       3.3G

MemTotal:        4016004 kB
MemFree:          138520 kB
Active:           387088 kB
Mem:          3.8G       3.7G       134M       5.7M        22M       3.2G

MemTotal:        4016004 kB
MemFree:          141212 kB
Active:           387088 kB
Mem:          3.8G       3.7G       137M       5.7M        22M       3.2G

MemTotal:        4016004 kB
MemFree:          137460 kB
Active:           387088 kB
Mem:          3.8G       3.7G       133M       5.7M        22M       3.2G

MemTotal:        4016004 kB
MemFree:          146048 kB
Active:           387092 kB
Mem:          3.8G       3.7G       142M       5.7M        22M       3.2G

MemTotal:        4016004 kB
MemFree:          135064 kB
Active:           386956 kB
Mem:          3.8G       3.7G       131M       5.7M        22M       3.2G

MemTotal:        4016004 kB
MemFree:          133432 kB
Active:           386956 kB
Mem:          3.8G       3.7G       130M       5.7M        22M       3.2G

MemTotal:        4016004 kB
MemFree:          126040 kB
Active:           387984 kB
Mem:          3.8G       3.7G       122M       5.7M        22M       3.2G

MemTotal:        4016004 kB
MemFree:          122560 kB
Active:           387088 kB
Mem:          3.8G       3.7G       119M       5.7M        22M       3.2G

MemTotal:        4016004 kB
MemFree:          114812 kB
Active:           387100 kB
Mem:          3.8G       3.7G       111M       5.7M        22M       3.3G

MemTotal:        4016004 kB
MemFree:          113584 kB
Active:           387112 kB
Mem:          3.8G       3.7G       110M       5.7M        22M       3.3G

MemTotal:        4016004 kB
MemFree:          111372 kB
Active:           387112 kB
Mem:          3.8G       3.7G       108M       5.7M        22M       3.3G

MemTotal:        4016004 kB
MemFree:          110292 kB
Active:           387112 kB
Mem:          3.8G       3.7G       107M       5.7M        22M       3.3G

MemTotal:        4016004 kB
MemFree:          132508 kB
Active:           386992 kB
Mem:          3.8G       3.7G       129M       5.7M        22M       3.2G

MemTotal:        4016004 kB
MemFree:          119504 kB
Active:           386964 kB
Mem:          3.8G       3.7G       116M       5.7M        22M       3.3G

MemTotal:        4016004 kB
MemFree:          125416 kB
Active:           386968 kB
Mem:          3.8G       3.7G       122M       5.7M        22M       3.2G

MemTotal:        4016004 kB
MemFree:          107308 kB
Active:           386968 kB
Mem:          3.8G       3.7G       104M       5.7M        22M       3.3G

MemTotal:        4016004 kB
MemFree:          121524 kB
Active:           381652 kB
Mem:          3.8G       3.7G       118M       5.7M        22M       3.2G

MemTotal:        4016004 kB
MemFree:          142680 kB
Active:           381656 kB
Mem:          3.8G       3.7G       138M       5.7M        22M       3.2G

MemTotal:        4016004 kB
MemFree:          106748 kB
Active:           381672 kB
Mem:          3.8G       3.7G       103M       5.7M        22M       3.3G

MemTotal:        4016004 kB
MemFree:          151364 kB
Active:           381684 kB
Mem:          3.8G       3.7G       147M       5.7M        22M       3.2G

MemTotal:        4016004 kB
MemFree:          150216 kB
Active:           381700 kB
Mem:          3.8G       3.7G       146M       5.7M        22M       3.2G

MemTotal:        4016004 kB
MemFree:          148576 kB
Active:           381704 kB
Mem:          3.8G       3.7G       144M       5.7M        22M       3.2G

MemTotal:        4016004 kB
MemFree:          148672 kB
Active:           381664 kB
Mem:          3.8G       3.7G       144M       5.7M        22M       3.2G

MemTotal:        4016004 kB
MemFree:          140652 kB
Active:           381712 kB
Mem:          3.8G       3.7G       137M       5.7M        22M       3.2G

MemTotal:        4016004 kB
MemFree:          138180 kB
Active:           381716 kB
Mem:          3.8G       3.7G       134M       5.7M        22M       3.2G

MemTotal:        4016004 kB
MemFree:          133508 kB
Active:           380012 kB
Mem:          3.8G       3.7G       129M       5.7M        22M       3.2G

MemTotal:        4016004 kB
MemFree:          130224 kB
Active:           381376 kB
Mem:          3.8G       3.7G       126M       5.7M        22M       3.2G

MemTotal:        4016004 kB
MemFree:          145628 kB
Active:           381100 kB
Mem:          3.8G       3.7G       141M       5.7M        22M       3.2G

MemTotal:        4016004 kB
MemFree:          135828 kB
Active:           381108 kB
Mem:          3.8G       3.7G       132M       5.7M        22M       3.2G

MemTotal:        4016004 kB
MemFree:          145128 kB
Active:           381088 kB
Mem:          3.8G       3.7G       141M       5.7M        22M       3.2G

MemTotal:        4016004 kB
MemFree:          110460 kB
Active:           381088 kB
Mem:          3.8G       3.7G       107M       5.7M        22M       3.3G

MemTotal:        4016004 kB
MemFree:          109396 kB
Active:           381092 kB
Mem:          3.8G       3.7G       106M       5.7M        22M       3.3G

MemTotal:        4016004 kB
MemFree:          108092 kB
Active:           381132 kB
Mem:          3.8G       3.7G       105M       5.7M        22M       3.3G

MemTotal:        4016004 kB
MemFree:          107972 kB
Active:           381108 kB
Mem:          3.8G       3.7G       105M       5.7M        22M       3.3G

MemTotal:        4016004 kB
MemFree:          108132 kB
Active:           381116 kB
Mem:          3.8G       3.7G       105M       5.7M        22M       3.3G

MemTotal:        4016004 kB
MemFree:          130940 kB
Active:           379252 kB
Mem:          3.8G       3.7G       127M       5.7M        22M       3.2G

MemTotal:        4016004 kB
MemFree:          139956 kB
Active:           379124 kB
Mem:          3.8G       3.7G       136M       5.7M        22M       3.2G

MemTotal:        4016004 kB
MemFree:          145180 kB
Active:           379128 kB
Mem:          3.8G       3.7G       140M       5.7M        22M       3.2G

MemTotal:        4016004 kB
MemFree:          137960 kB
Active:           377816 kB
Mem:          3.8G       3.7G       134M       5.7M        22M       3.2G

MemTotal:        4016004 kB
MemFree:          118404 kB
Active:           377820 kB
Mem:          3.8G       3.7G       115M       5.7M        22M       3.2G

MemTotal:        4016004 kB
MemFree:          123204 kB
Active:           377824 kB
Mem:          3.8G       3.7G       120M       5.7M        22M       3.2G

MemTotal:        4016004 kB
MemFree:          129816 kB
Active:           377836 kB
Mem:          3.8G       3.7G       126M       5.7M        22M       3.2G

MemTotal:        4016004 kB
MemFree:          129280 kB
Active:           377800 kB
Mem:          3.8G       3.7G       126M       5.7M        22M       3.2G

MemTotal:        4016004 kB
MemFree:          128100 kB
Active:           377848 kB
Mem:          3.8G       3.7G       125M       5.7M        22M       3.2G

MemTotal:        4016004 kB
MemFree:          127588 kB
Active:           377812 kB
Mem:          3.8G       3.7G       124M       5.7M        22M       3.2G

MemTotal:        4016004 kB
MemFree:          120452 kB
Active:           378280 kB
Mem:          3.8G       3.7G       116M       5.7M        22M       3.2G

MemTotal:        4016004 kB
MemFree:          139216 kB
Active:           366124 kB
Mem:          3.8G       3.7G       135M       5.7M        22M       3.2G

MemTotal:        4016004 kB
MemFree:          126216 kB
Active:           365988 kB
Mem:          3.8G       3.7G       123M       5.7M        22M       3.2G

MemTotal:        4016004 kB
MemFree:          142492 kB
Active:           365996 kB
Mem:          3.8G       3.7G       138M       5.7M        22M       3.2G

MemTotal:        4016004 kB
MemFree:          134432 kB
Active:           365968 kB
Mem:          3.8G       3.7G       130M       5.7M        22M       3.2G

MemTotal:        4016004 kB
MemFree:          127236 kB
Active:           365996 kB
Mem:          3.8G       3.7G       123M       5.7M        22M       3.2G

MemTotal:        4016004 kB
MemFree:          108152 kB
Active:           366012 kB
Mem:          3.8G       3.7G       105M       5.7M        22M       3.3G

MemTotal:        4016004 kB
MemFree:          107896 kB
Active:           365980 kB
Mem:          3.8G       3.7G       105M       5.7M        22M       3.3G

MemTotal:        4016004 kB
MemFree:          107712 kB
Active:           366028 kB
Mem:          3.8G       3.7G       105M       5.7M        22M       3.3G

MemTotal:        4016004 kB
MemFree:          107872 kB
Active:           366028 kB
Mem:          3.8G       3.7G       105M       5.7M        22M       3.3G

MemTotal:        4016004 kB
MemFree:          106292 kB
Active:           366076 kB
Mem:          3.8G       3.7G       103M       5.7M        22M       3.3G

MemTotal:        4016004 kB
MemFree:          133044 kB
Active:           365520 kB
Mem:          3.8G       3.7G       129M       5.7M        22M       3.2G

MemTotal:        4016004 kB
MemFree:          110356 kB
Active:           363316 kB
Mem:          3.8G       3.7G       107M       5.7M        22M       3.3G

MemTotal:        4016004 kB
MemFree:          143148 kB
Active:           363172 kB
Mem:          3.8G       3.7G       139M       5.7M        22M       3.2G

MemTotal:        4016004 kB
MemFree:          135376 kB
Active:           363172 kB
Mem:          3.8G       3.7G       131M       5.7M        22M       3.2G

MemTotal:        4016004 kB
MemFree:          136332 kB
Active:           363140 kB
Mem:          3.8G       3.7G       132M       5.7M        22M       3.2G

MemTotal:        4016004 kB
MemFree:          142420 kB
Active:           363176 kB
Mem:          3.8G       3.7G       139M       5.7M        22M       3.2G

MemTotal:        4016004 kB
MemFree:          131832 kB
Active:           363176 kB
Mem:          3.8G       3.7G       128M       5.7M        22M       3.2G

MemTotal:        4016004 kB
MemFree:          131588 kB
Active:           363196 kB
Mem:          3.8G       3.7G       128M       5.7M        22M       3.2G

MemTotal:        4016004 kB
MemFree:          134704 kB
Active:           363188 kB
Mem:          3.8G       3.7G       131M       5.7M        22M       3.2G

MemTotal:        4016004 kB
MemFree:          133916 kB
Active:           363204 kB
Mem:          3.8G       3.7G       130M       5.7M        22M       3.2G

MemTotal:        4016004 kB
MemFree:          133048 kB
Active:           363180 kB
Mem:          3.8G       3.7G       129M       5.7M        22M       3.2G

MemTotal:        4016004 kB
MemFree:          131720 kB
Active:           363212 kB
Mem:          3.8G       3.7G       128M       5.7M        22M       3.2G

MemTotal:        4016004 kB
MemFree:          137172 kB
Active:           360884 kB
Mem:          3.8G       3.7G       132M       5.7M        22M       3.2G

MemTotal:        4016004 kB
MemFree:          122252 kB
Active:           360820 kB
Mem:          3.8G       3.7G       118M       5.7M        22M       3.2G

MemTotal:        4016004 kB
MemFree:          127728 kB
Active:           360848 kB
Mem:          3.8G       3.7G       124M       5.7M        22M       3.2G

MemTotal:        4016004 kB
MemFree:          126216 kB
Active:           360848 kB
Mem:          3.8G       3.7G       123M       5.7M        22M       3.2G

MemTotal:        4016004 kB
MemFree:          129936 kB
Active:           360852 kB
Mem:          3.8G       3.7G       126M       5.7M        22M       3.2G

MemTotal:        4016004 kB
MemFree:          132740 kB
Active:           360856 kB
Mem:          3.8G       3.7G       129M       5.7M        22M       3.2G

MemTotal:        4016004 kB
MemFree:          127724 kB
Active:           360876 kB
Mem:          3.8G       3.7G       124M       5.7M        22M       3.2G

MemTotal:        4016004 kB
MemFree:          144880 kB
Active:           356964 kB
Mem:          3.8G       3.7G       141M       5.7M        22M       3.2G

MemTotal:        4016004 kB
MemFree:          144632 kB
Active:           356784 kB
Mem:          3.8G       3.7G       141M       5.7M        22M       3.2G

MemTotal:        4016004 kB
MemFree:          144380 kB
Active:           356760 kB
Mem:          3.8G       3.7G       140M       5.7M        22M       3.2G

MemTotal:        4016004 kB
MemFree:          142924 kB
Active:           356808 kB
Mem:          3.8G       3.7G       139M       5.7M        22M       3.2G

MemTotal:        4016004 kB
MemFree:          142984 kB
Active:           356776 kB
Mem:          3.8G       3.7G       139M       5.7M        22M       3.2G

MemTotal:        4016004 kB
MemFree:          116084 kB
Active:           356808 kB
Mem:          3.8G       3.7G       112M       5.7M        22M       3.2G

MemTotal:        4016004 kB
MemFree:          144040 kB
Active:           356816 kB
Mem:          3.8G       3.7G       139M       5.7M        22M       3.2G

MemTotal:        4016004 kB
MemFree:          154056 kB
Active:           356780 kB
Mem:          3.8G       3.7G       149M       5.7M        22M       3.2G

MemTotal:        4016004 kB
MemFree:          132760 kB
Active:           356816 kB
Mem:          3.8G       3.7G       129M       5.7M        22M       3.2G

MemTotal:        4016004 kB
MemFree:          141360 kB
Active:           356800 kB
Mem:          3.8G       3.7G       137M       5.7M        22M       3.2G

MemTotal:        4016004 kB
MemFree:          133948 kB
Active:           356836 kB
Mem:          3.8G       3.7G       130M       5.7M        22M       3.2G

MemTotal:        4016004 kB
MemFree:          129784 kB
Active:           356836 kB
Mem:          3.8G       3.7G       126M       5.7M        22M       3.2G

MemTotal:        4016004 kB
MemFree:          126300 kB
Active:           356796 kB
Mem:          3.8G       3.7G       123M       5.7M        22M       3.2G

MemTotal:        4016004 kB
MemFree:          125512 kB
Active:           356804 kB
Mem:          3.8G       3.7G       122M       5.7M        22M       3.2G

MemTotal:        4016004 kB
MemFree:          125128 kB
Active:           356844 kB
Mem:          3.8G       3.7G       122M       5.7M        22M       3.2G

MemTotal:        4016004 kB
MemFree:          124968 kB
Active:           356868 kB
Mem:          3.8G       3.7G       122M       5.7M        22M       3.2G

MemTotal:        4016004 kB
MemFree:          124624 kB
Active:           357016 kB
Mem:          3.8G       3.7G       121M       5.7M        22M       3.2G

MemTotal:        4016004 kB
MemFree:          117916 kB
Active:           310684 kB
Mem:          3.8G       3.7G       114M       5.7M        22M       3.2G

MemTotal:        4016004 kB
MemFree:          132292 kB
Active:           310684 kB
Mem:          3.8G       3.7G       128M       5.7M        22M       3.2G

MemTotal:        4016004 kB
MemFree:          139196 kB
Active:           310692 kB
Mem:          3.8G       3.7G       135M       5.7M        22M       3.2G

MemTotal:        4016004 kB
MemFree:          135376 kB
Active:           312740 kB
Mem:          3.8G       3.7G       131M       5.7M        22M       3.2G

MemTotal:        4016004 kB
MemFree:          133544 kB
Active:           312356 kB
Mem:          3.8G       3.7G       129M       5.7M        22M       3.2G

MemTotal:        4016004 kB
MemFree:          122320 kB
Active:           312356 kB
Mem:          3.8G       3.7G       118M       5.7M        22M       3.2G

MemTotal:        4016004 kB
MemFree:          141792 kB
Active:           312356 kB
Mem:          3.8G       3.7G       138M       5.7M        22M       3.2G

MemTotal:        4016004 kB
MemFree:          134932 kB
Active:           312376 kB
Mem:          3.8G       3.7G       131M       5.7M        22M       3.2G

MemTotal:        4016004 kB
MemFree:          135120 kB
Active:           312376 kB
Mem:          3.8G       3.7G       131M       5.7M        22M       3.2G

MemTotal:        4016004 kB
MemFree:          134848 kB
Active:           312388 kB
Mem:          3.8G       3.7G       131M       5.7M        22M       3.2G

MemTotal:        4016004 kB
MemFree:          132200 kB
Active:           312388 kB
Mem:          3.8G       3.7G       128M       5.7M        22M       3.2G

MemTotal:        4016004 kB
MemFree:          131400 kB
Active:           312392 kB
Mem:          3.8G       3.7G       128M       5.7M        22M       3.2G

MemTotal:        4016004 kB
MemFree:          131468 kB
Active:           312360 kB
Mem:          3.8G       3.7G       128M       5.7M        22M       3.2G

MemTotal:        4016004 kB
MemFree:          123224 kB
Active:           312508 kB
Mem:          3.8G       3.7G       120M       5.7M        22M       3.2G

MemTotal:        4016004 kB
MemFree:          129788 kB
Active:           309096 kB
Mem:          3.8G       3.7G       126M       5.7M        22M       3.2G

MemTotal:        4016004 kB
MemFree:          129416 kB
Active:           309096 kB
Mem:          3.8G       3.7G       126M       5.7M        22M       3.2G

MemTotal:        4016004 kB
MemFree:          129416 kB
Active:           309096 kB
Mem:          3.8G       3.7G       126M       5.7M        22M       3.2G

MemTotal:        4016004 kB
MemFree:          129664 kB
Active:           309072 kB
Mem:          3.8G       3.7G       126M       5.7M        22M       3.2G

MemTotal:        4016004 kB
MemFree:          129912 kB
Active:           309084 kB
Mem:          3.8G       3.7G       126M       5.7M        22M       3.2G

MemTotal:        4016004 kB
MemFree:          129416 kB
Active:           309104 kB
Mem:          3.8G       3.7G       126M       5.7M        22M       3.2G

MemTotal:        4016004 kB
MemFree:          129788 kB
Active:           309080 kB
Mem:          3.8G       3.7G       126M       5.7M        22M       3.2G

MemTotal:        4016004 kB
MemFree:          129540 kB
Active:           309104 kB
Mem:          3.8G       3.7G       126M       5.7M        22M       3.2G

MemTotal:        4016004 kB
MemFree:          129540 kB
Active:           309104 kB
Mem:          3.8G       3.7G       126M       5.7M        22M       3.2G

MemTotal:        4016004 kB
MemFree:          129224 kB
Active:           309716 kB
Mem:          3.8G       3.7G       126M       5.7M        22M       3.2G

MemTotal:        4016004 kB
MemFree:          129224 kB
Active:           311764 kB
Mem:          3.8G       3.7G       126M       5.7M        22M       3.2G

MemTotal:        4016004 kB
MemFree:          129224 kB
Active:           311764 kB
Mem:          3.8G       3.7G       126M       5.7M        22M       3.2G

MemTotal:        4016004 kB
MemFree:          129224 kB
Active:           311764 kB
Mem:          3.8G       3.7G       126M       5.7M        22M       3.2G

MemTotal:        4016004 kB
MemFree:          129224 kB
Active:           311768 kB
Mem:          3.8G       3.7G       126M       5.7M        22M       3.2G

MemTotal:        4016004 kB
MemFree:          129596 kB
Active:           311748 kB
Mem:          3.8G       3.7G       126M       5.7M        22M       3.2G

MemTotal:        4016004 kB
MemFree:          129536 kB
Active:           311532 kB
Mem:          3.8G       3.7G       126M       5.7M        22M       3.2G

MemTotal:        4016004 kB
MemFree:          129288 kB
Active:           311540 kB
Mem:          3.8G       3.7G       126M       5.7M        22M       3.2G

MemTotal:        4016004 kB
MemFree:          129660 kB
Active:           311492 kB
Mem:          3.8G       3.7G       126M       5.7M        22M       3.2G

MemTotal:        4016004 kB
MemFree:          129908 kB
Active:           311504 kB
Mem:          3.8G       3.7G       125M       5.7M        22M       3.2G

MemTotal:        4016004 kB
MemFree:          129520 kB
Active:           311832 kB
Mem:          3.8G       3.7G       126M       5.7M        22M       3.2G

MemTotal:        4016004 kB
MemFree:          129756 kB
Active:           313840 kB
Mem:          3.8G       3.7G       126M       5.7M        22M       3.2G

MemTotal:        4016004 kB
MemFree:          129632 kB
Active:           313840 kB
Mem:          3.8G       3.7G       126M       5.7M        22M       3.2G

MemTotal:        4016004 kB
MemFree:          129632 kB
Active:           313852 kB
Mem:          3.8G       3.7G       126M       5.7M        22M       3.2G

MemTotal:        4016004 kB
MemFree:          129756 kB
Active:           313868 kB
Mem:          3.8G       3.7G       126M       5.7M        22M       3.2G

MemTotal:        4016004 kB
MemFree:          129880 kB
Active:           313860 kB
Mem:          3.8G       3.7G       126M       5.7M        22M       3.2G

MemTotal:        4016004 kB
MemFree:          129508 kB
Active:           313908 kB
Mem:          3.8G       3.7G       126M       5.7M        22M       3.2G

MemTotal:        4016004 kB
MemFree:          130004 kB
Active:           313876 kB
Mem:          3.8G       3.7G       126M       5.7M        22M       3.2G

MemTotal:        4016004 kB
MemFree:          129880 kB
Active:           313868 kB
Mem:          3.8G       3.7G       127M       5.7M        22M       3.2G

MemTotal:        4016004 kB
MemFree:          130128 kB
Active:           313912 kB
Mem:          3.8G       3.7G       125M       5.7M        22M       3.2G

MemTotal:        4016004 kB
MemFree:          130304 kB
Active:           311832 kB
Mem:          3.8G       3.7G       127M       5.7M        22M       3.2G

MemTotal:        4016004 kB
MemFree:          130300 kB
Active:           313888 kB
Mem:          3.8G       3.7G       127M       5.7M        22M       3.2G

MemTotal:        4016004 kB
MemFree:          130300 kB
Active:           313920 kB
Mem:          3.8G       3.7G       127M       5.7M        22M       3.2G

MemTotal:        4016004 kB
MemFree:          130524 kB
Active:           313896 kB
Mem:          3.8G       3.7G       127M       5.7M        22M       3.2G

MemTotal:        4016004 kB
MemFree:          130276 kB
Active:           313896 kB
Mem:          3.8G       3.7G       127M       5.7M        22M       3.2G

MemTotal:        4016004 kB
MemFree:          130152 kB
Active:           313884 kB
Mem:          3.8G       3.7G       127M       5.7M        22M       3.2G

MemTotal:        4016004 kB
MemFree:          130276 kB
Active:           313904 kB
Mem:          3.8G       3.7G       127M       5.7M        22M       3.2G

MemTotal:        4016004 kB
MemFree:          130400 kB
Active:           313924 kB
Mem:          3.8G       3.7G       127M       5.7M        22M       3.2G

MemTotal:        4016004 kB
MemFree:          129904 kB
Active:           313948 kB
Mem:          3.8G       3.7G       127M       5.7M        22M       3.2G

MemTotal:        4016004 kB
MemFree:          130276 kB
Active:           313928 kB
Mem:          3.8G       3.7G       127M       5.7M        22M       3.2G

MemTotal:        4016004 kB
MemFree:          130276 kB
Active:           313944 kB
Mem:          3.8G       3.7G       127M       5.7M        22M       3.2G

MemTotal:        4016004 kB
MemFree:          130028 kB
Active:           313920 kB
Mem:          3.8G       3.7G       127M       5.7M        22M       3.2G

MemTotal:        4016004 kB
MemFree:          130276 kB
Active:           313944 kB
Mem:          3.8G       3.7G       127M       5.7M        22M       3.2G

MemTotal:        4016004 kB
MemFree:          130276 kB
Active:           313912 kB
Mem:          3.8G       3.7G       127M       5.7M        22M       3.2G

MemTotal:        4016004 kB
MemFree:          130524 kB
Active:           313916 kB
Mem:          3.8G       3.7G       127M       5.7M        22M       3.2G

MemTotal:        4016004 kB
MemFree:          130400 kB
Active:           313920 kB
Mem:          3.8G       3.7G       127M       5.7M        22M       3.2G

MemTotal:        4016004 kB
MemFree:          130400 kB
Active:           313920 kB
Mem:          3.8G       3.7G       127M       5.7M        22M       3.2G

MemTotal:        4016004 kB
MemFree:          130400 kB
Active:           313932 kB
Mem:          3.8G       3.7G       126M       5.7M        22M       3.2G

MemTotal:        4016004 kB
MemFree:          130152 kB
Active:           313944 kB
Mem:          3.8G       3.7G       127M       5.7M        22M       3.2G

MemTotal:        4016004 kB
MemFree:          130400 kB
Active:           313952 kB
Mem:          3.8G       3.7G       127M       5.7M        22M       3.2G

MemTotal:        4016004 kB
MemFree:          130028 kB
Active:           313972 kB
Mem:          3.8G       3.7G       127M       5.7M        22M       3.2G

MemTotal:        4016004 kB
MemFree:          129532 kB
Active:           313972 kB
Mem:          3.8G       3.7G       126M       5.7M        22M       3.2G

MemTotal:        4016004 kB
MemFree:          129780 kB
Active:           313928 kB
Mem:          3.8G       3.7G       126M       5.7M        22M       3.2G

MemTotal:        4016004 kB
MemFree:          129780 kB
Active:           313968 kB
Mem:          3.8G       3.7G       126M       5.7M        22M       3.2G

MemTotal:        4016004 kB
MemFree:          129780 kB
Active:           313984 kB
Mem:          3.8G       3.7G       126M       5.7M        22M       3.2G

MemTotal:        4016004 kB
MemFree:          129780 kB
Active:           313976 kB
Mem:          3.8G       3.7G       126M       5.7M        22M       3.2G

MemTotal:        4016004 kB
MemFree:          130152 kB
Active:           313984 kB
Mem:          3.8G       3.7G       126M       5.7M        22M       3.2G

MemTotal:        4016004 kB
MemFree:          130028 kB
Active:           313936 kB
Mem:          3.8G       3.7G       126M       5.7M        22M       3.2G

MemTotal:        4016004 kB
MemFree:          130028 kB
Active:           313960 kB
Mem:          3.8G       3.7G       126M       5.7M        22M       3.2G

MemTotal:        4016004 kB
MemFree:          130028 kB
Active:           313944 kB
Mem:          3.8G       3.7G       127M       5.7M        22M       3.2G

MemTotal:        4016004 kB
MemFree:          130152 kB
Active:           313964 kB
Mem:          3.8G       3.7G       127M       5.7M        22M       3.2G

MemTotal:        4016004 kB
MemFree:          129904 kB
Active:           314008 kB
Mem:          3.8G       3.7G       127M       5.7M        22M       3.2G

MemTotal:        4016004 kB
MemFree:          130156 kB
Active:           313972 kB
Mem:          3.8G       3.7G       126M       5.7M        22M       3.2G

MemTotal:        4016004 kB
MemFree:          130156 kB
Active:           313976 kB
Mem:          3.8G       3.7G       127M       5.7M        22M       3.2G

MemTotal:        4016004 kB
MemFree:          129908 kB
Active:           314008 kB
Mem:          3.8G       3.7G       127M       5.7M        22M       3.2G

MemTotal:        4016004 kB
MemFree:          130032 kB
Active:           313960 kB
Mem:          3.8G       3.7G       126M       5.7M        22M       3.2G

MemTotal:        4016004 kB
MemFree:          129908 kB
Active:           313968 kB
Mem:          3.8G       3.7G       126M       5.7M        22M       3.2G

MemTotal:        4016004 kB
MemFree:          130032 kB
Active:           313972 kB
Mem:          3.8G       3.7G       127M       5.7M        22M       3.2G

MemTotal:        4016004 kB
MemFree:          130404 kB
Active:           313972 kB
Mem:          3.8G       3.7G       127M       5.7M        22M       3.2G

MemTotal:        4016004 kB
MemFree:          127984 kB
Active:           314988 kB
Mem:          3.8G       3.7G       124M       5.7M        22M       3.2G

MemTotal:        4016004 kB
MemFree:          128044 kB
Active:           314924 kB
Mem:          3.8G       3.7G       125M       5.7M        22M       3.2G

MemTotal:        4016004 kB
MemFree:          128044 kB
Active:           317008 kB
Mem:          3.8G       3.7G       124M       5.7M        22M       3.2G

MemTotal:        4016004 kB
MemFree:          127920 kB
Active:           317012 kB
Mem:          3.8G       3.7G       124M       5.7M        22M       3.2G

MemTotal:        4016004 kB
MemFree:          127920 kB
Active:           317012 kB
Mem:          3.8G       3.7G       124M       5.7M        22M       3.2G

MemTotal:        4016004 kB
MemFree:          127920 kB
Active:           317024 kB
Mem:          3.8G       3.7G       124M       5.7M        22M       3.2G

MemTotal:        4016004 kB
MemFree:          127920 kB
Active:           316984 kB
Mem:          3.8G       3.7G       124M       5.7M        22M       3.2G

MemTotal:        4016004 kB
MemFree:          127548 kB
Active:           316992 kB
Mem:          3.8G       3.7G       124M       5.7M        22M       3.2G

MemTotal:        4016004 kB
MemFree:          127920 kB
Active:           316988 kB
Mem:          3.8G       3.7G       124M       5.7M        22M       3.2G

MemTotal:        4016004 kB
MemFree:          127796 kB
Active:           316996 kB
Mem:          3.8G       3.7G       124M       5.7M        22M       3.2G

MemTotal:        4016004 kB
MemFree:          126864 kB
Active:           316688 kB
Mem:          3.8G       3.7G       124M       5.7M        22M       3.2G

MemTotal:        4016004 kB
MemFree:          127544 kB
Active:           318568 kB
Mem:          3.8G       3.7G       124M       5.7M        22M       3.2G

MemTotal:        4016004 kB
MemFree:          127420 kB
Active:           318540 kB
Mem:          3.8G       3.7G       124M       5.7M        22M       3.2G

MemTotal:        4016004 kB
MemFree:          127420 kB
Active:           318552 kB
Mem:          3.8G       3.7G       124M       5.7M        22M       3.2G

MemTotal:        4016004 kB
MemFree:          127792 kB
Active:           318564 kB
Mem:          3.8G       3.7G       124M       5.7M        22M       3.2G

MemTotal:        4016004 kB
MemFree:          127792 kB
Active:           318536 kB
Mem:          3.8G       3.7G       124M       5.7M        22M       3.2G

MemTotal:        4016004 kB
MemFree:          127840 kB
Active:           318572 kB
Mem:          3.8G       3.7G       124M       5.7M        22M       3.2G

MemTotal:        4016004 kB
MemFree:          127840 kB
Active:           318552 kB
Mem:          3.8G       3.7G       125M       5.7M        22M       3.2G

MemTotal:        4016004 kB
MemFree:          128212 kB
Active:           318568 kB
Mem:          3.8G       3.7G       125M       5.7M        22M       3.2G

MemTotal:        4016004 kB
MemFree:          128584 kB
Active:           318568 kB
Mem:          3.8G       3.7G       125M       5.7M        22M       3.2G

MemTotal:        4016004 kB
MemFree:          126536 kB
Active:           318568 kB
Mem:          3.8G       3.7G       123M       5.7M        22M       3.2G

MemTotal:        4016004 kB
MemFree:          126040 kB
Active:           320608 kB
Mem:          3.8G       3.7G       123M       5.7M        22M       3.2G

MemTotal:        4016004 kB
MemFree:          126164 kB
Active:           320564 kB
Mem:          3.8G       3.7G       123M       5.7M        22M       3.2G

MemTotal:        4016004 kB
MemFree:          126040 kB
Active:           320564 kB
Mem:          3.8G       3.7G       123M       5.7M        22M       3.2G

MemTotal:        4016004 kB
MemFree:          126040 kB
Active:           320568 kB
Mem:          3.8G       3.7G       123M       5.7M        22M       3.2G

MemTotal:        4016004 kB
MemFree:          126040 kB
Active:           320588 kB
Mem:          3.8G       3.7G       123M       5.7M        22M       3.2G

MemTotal:        4016004 kB
MemFree:          126536 kB
Active:           320612 kB
Mem:          3.8G       3.7G       123M       5.7M        22M       3.2G

MemTotal:        4016004 kB
MemFree:          126412 kB
Active:           320564 kB
Mem:          3.8G       3.7G       123M       5.7M        22M       3.2G

MemTotal:        4016004 kB
MemFree:          126164 kB
Active:           320584 kB
Mem:          3.8G       3.7G       123M       5.7M        22M       3.2G

MemTotal:        4016004 kB
MemFree:          126536 kB
Active:           320596 kB
Mem:          3.8G       3.7G       123M       5.7M        22M       3.2G

MemTotal:        4016004 kB
MemFree:          126288 kB
Active:           320720 kB
Mem:          3.8G       3.7G       123M       5.7M        22M       3.2G

MemTotal:        4016004 kB
MemFree:          125156 kB
Active:           320764 kB
Mem:          3.8G       3.7G       122M       5.7M        22M       3.2G

MemTotal:        4016004 kB
MemFree:          125652 kB
Active:           320760 kB
Mem:          3.8G       3.7G       122M       5.7M        22M       3.2G

MemTotal:        4016004 kB
MemFree:          125652 kB
Active:           320712 kB
Mem:          3.8G       3.7G       122M       5.7M        22M       3.2G

MemTotal:        4016004 kB
MemFree:          125280 kB
Active:           320772 kB
Mem:          3.8G       3.7G       122M       5.7M        22M       3.2G

MemTotal:        4016004 kB
MemFree:          125404 kB
Active:           320720 kB
Mem:          3.8G       3.7G       122M       5.7M        22M       3.2G

MemTotal:        4016004 kB
MemFree:          125280 kB
Active:           320720 kB
Mem:          3.8G       3.7G       122M       5.7M        22M       3.2G

MemTotal:        4016004 kB
MemFree:          125280 kB
Active:           320748 kB
Mem:          3.8G       3.7G       122M       5.7M        22M       3.2G

MemTotal:        4016004 kB
MemFree:          125032 kB
Active:           320784 kB
Mem:          3.8G       3.7G       122M       5.7M        22M       3.2G

MemTotal:        4016004 kB
MemFree:          125404 kB
Active:           320788 kB
Mem:          3.8G       3.7G       122M       5.7M        22M       3.2G

MemTotal:        4016004 kB
MemFree:          125280 kB
Active:           320748 kB
Mem:          3.8G       3.7G       122M       5.7M        22M       3.2G

MemTotal:        4016004 kB
MemFree:          125652 kB
Active:           320776 kB
Mem:          3.8G       3.7G       122M       5.7M        22M       3.2G

MemTotal:        4016004 kB
MemFree:          125652 kB
Active:           320764 kB
Mem:          3.8G       3.7G       122M       5.7M        22M       3.2G

MemTotal:        4016004 kB
MemFree:          125652 kB
Active:           320756 kB
Mem:          3.8G       3.7G       122M       5.7M        22M       3.2G

MemTotal:        4016004 kB
MemFree:          125900 kB
Active:           320796 kB
Mem:          3.8G       3.7G       122M       5.7M        22M       3.2G

MemTotal:        4016004 kB
MemFree:          125528 kB
Active:           320764 kB
Mem:          3.8G       3.7G       122M       5.7M        22M       3.2G

MemTotal:        4016004 kB
MemFree:          125684 kB
Active:           320788 kB
Mem:          3.8G       3.7G       122M       5.7M        22M       3.2G

MemTotal:        4016004 kB
MemFree:          125684 kB
Active:           320764 kB
Mem:          3.8G       3.7G       122M       5.7M        22M       3.2G

MemTotal:        4016004 kB
MemFree:          125436 kB
Active:           320804 kB
Mem:          3.8G       3.7G       122M       5.7M        22M       3.2G

MemTotal:        4016004 kB
MemFree:          125188 kB
Active:           320804 kB
Mem:          3.8G       3.7G       122M       5.7M        22M       3.2G

MemTotal:        4016004 kB
MemFree:          123760 kB
Active:           320748 kB
Mem:          3.8G       3.7G       120M       5.7M        22M       3.2G

MemTotal:        4016004 kB
MemFree:          123884 kB
Active:           322772 kB
Mem:          3.8G       3.7G       120M       5.7M        22M       3.2G

MemTotal:        4016004 kB
MemFree:          123636 kB
Active:           322772 kB
Mem:          3.8G       3.7G       120M       5.7M        22M       3.2G

MemTotal:        4016004 kB
MemFree:          123636 kB
Active:           322812 kB
Mem:          3.8G       3.7G       120M       5.7M        22M       3.2G

MemTotal:        4016004 kB
MemFree:          123760 kB
Active:           322820 kB
Mem:          3.8G       3.7G       120M       5.7M        22M       3.2G

MemTotal:        4016004 kB
MemFree:          123636 kB
Active:           322816 kB
Mem:          3.8G       3.7G       120M       5.7M        22M       3.2G

MemTotal:        4016004 kB
MemFree:          123512 kB
Active:           322824 kB
Mem:          3.8G       3.7G       120M       5.7M        22M       3.2G

MemTotal:        4016004 kB
MemFree:          123636 kB
Active:           322832 kB
Mem:          3.8G       3.7G       120M       5.7M        22M       3.2G

MemTotal:        4016004 kB
MemFree:          123264 kB
Active:           322844 kB
Mem:          3.8G       3.7G       120M       5.7M        22M       3.2G

MemTotal:        4016004 kB
MemFree:          123512 kB
Active:           322816 kB
Mem:          3.8G       3.7G       120M       5.7M        22M       3.2G

MemTotal:        4016004 kB
MemFree:          123636 kB
Active:           322820 kB
Mem:          3.8G       3.7G       120M       5.7M        22M       3.2G

MemTotal:        4016004 kB
MemFree:          123760 kB
Active:           322820 kB
Mem:          3.8G       3.7G       120M       5.7M        22M       3.2G

MemTotal:        4016004 kB
MemFree:          123636 kB
Active:           322792 kB
Mem:          3.8G       3.7G       120M       5.7M        22M       3.2G

MemTotal:        4016004 kB
MemFree:          123388 kB
Active:           322836 kB
Mem:          3.8G       3.7G       120M       5.7M        22M       3.2G

MemTotal:        4016004 kB
MemFree:          123388 kB
Active:           322852 kB
Mem:          3.8G       3.7G       120M       5.7M        22M       3.2G

MemTotal:        4016004 kB
MemFree:          123528 kB
Active:           322828 kB
Mem:          3.8G       3.7G       120M       5.7M        22M       3.2G

MemTotal:        4016004 kB
MemFree:          123404 kB
Active:           322852 kB
Mem:          3.8G       3.7G       120M       5.7M        22M       3.2G

MemTotal:        4016004 kB
MemFree:          123032 kB
Active:           322852 kB
Mem:          3.8G       3.7G       120M       5.7M        22M       3.2G

MemTotal:        4016004 kB
MemFree:          123528 kB
Active:           322800 kB
Mem:          3.8G       3.7G       120M       5.7M        22M       3.2G

MemTotal:        4016004 kB
MemFree:          123528 kB
Active:           322816 kB
Mem:          3.8G       3.7G       120M       5.7M        22M       3.2G

MemTotal:        4016004 kB
MemFree:          123404 kB
Active:           322872 kB
Mem:          3.8G       3.7G       120M       5.7M        22M       3.2G

MemTotal:        4016004 kB
MemFree:          123652 kB
Active:           322848 kB
Mem:          3.8G       3.7G       120M       5.7M        22M       3.2G

MemTotal:        4016004 kB
MemFree:          123528 kB
Active:           322828 kB
Mem:          3.8G       3.7G       120M       5.7M        22M       3.2G

MemTotal:        4016004 kB
MemFree:          123280 kB
Active:           322840 kB
Mem:          3.8G       3.7G       120M       5.7M        22M       3.2G

MemTotal:        4016004 kB
MemFree:          123280 kB
Active:           322880 kB
Mem:          3.8G       3.7G       120M       5.7M        22M       3.2G

MemTotal:        4016004 kB
MemFree:          123776 kB
Active:           322836 kB
Mem:          3.8G       3.7G       120M       5.7M        22M       3.2G

MemTotal:        4016004 kB
MemFree:          123404 kB
Active:           322880 kB
Mem:          3.8G       3.7G       120M       5.7M        22M       3.2G

MemTotal:        4016004 kB
MemFree:          123404 kB
Active:           322856 kB
Mem:          3.8G       3.7G       120M       5.7M        22M       3.2G

MemTotal:        4016004 kB
MemFree:          123528 kB
Active:           322852 kB
Mem:          3.8G       3.7G       120M       5.7M        22M       3.2G

MemTotal:        4016004 kB
MemFree:          123404 kB
Active:           322852 kB
Mem:          3.8G       3.7G       120M       5.7M        22M       3.2G

MemTotal:        4016004 kB
MemFree:          123032 kB
Active:           322888 kB
Mem:          3.8G       3.7G       120M       5.7M        22M       3.2G

MemTotal:        4016004 kB
MemFree:          123280 kB
Active:           322864 kB
Mem:          3.8G       3.7G       120M       5.7M        22M       3.2G

MemTotal:        4016004 kB
MemFree:          123404 kB
Active:           322892 kB
Mem:          3.8G       3.7G       120M       5.7M        22M       3.2G

MemTotal:        4016004 kB
MemFree:          123404 kB
Active:           322840 kB
Mem:          3.8G       3.7G       120M       5.7M        22M       3.2G

MemTotal:        4016004 kB
MemFree:          123156 kB
Active:           322900 kB
Mem:          3.8G       3.7G       120M       5.7M        22M       3.2G

MemTotal:        4016004 kB
MemFree:          123156 kB
Active:           322900 kB
Mem:          3.8G       3.7G       120M       5.7M        22M       3.2G

MemTotal:        4016004 kB
MemFree:          123404 kB
Active:           322880 kB
Mem:          3.8G       3.7G       120M       5.7M        22M       3.2G

MemTotal:        4016004 kB
MemFree:          123404 kB
Active:           322896 kB
Mem:          3.8G       3.7G       120M       5.7M        22M       3.2G

MemTotal:        4016004 kB
MemFree:          123032 kB
Active:           322880 kB
Mem:          3.8G       3.7G       120M       5.7M        23M       3.2G

MemTotal:        4016004 kB
MemFree:          123032 kB
Active:           322864 kB
Mem:          3.8G       3.7G       120M       5.7M        23M       3.2G

MemTotal:        4016004 kB
MemFree:          123032 kB
Active:           322884 kB
Mem:          3.8G       3.7G       120M       5.7M        23M       3.2G

MemTotal:        4016004 kB
MemFree:          123280 kB
Active:           322864 kB
Mem:          3.8G       3.7G       120M       5.7M        23M       3.2G

MemTotal:        4016004 kB
MemFree:          123404 kB
Active:           322900 kB
Mem:          3.8G       3.7G       120M       5.7M        23M       3.2G

MemTotal:        4016004 kB
MemFree:          123652 kB
Active:           322864 kB
Mem:          3.8G       3.7G       120M       5.7M        23M       3.2G

MemTotal:        4016004 kB
MemFree:          123652 kB
Active:           322900 kB
Mem:          3.8G       3.7G       120M       5.7M        23M       3.2G

MemTotal:        4016004 kB
MemFree:          123156 kB
Active:           322932 kB
Mem:          3.8G       3.7G       120M       5.7M        23M       3.2G

MemTotal:        4016004 kB
MemFree:          123528 kB
Active:           322876 kB
Mem:          3.8G       3.7G       120M       5.7M        23M       3.2G

MemTotal:        4016004 kB
MemFree:          123404 kB
Active:           322940 kB
Mem:          3.8G       3.7G       120M       5.7M        23M       3.2G

MemTotal:        4016004 kB
MemFree:          123652 kB
Active:           322908 kB
Mem:          3.8G       3.7G       120M       5.7M        23M       3.2G

MemTotal:        4016004 kB
MemFree:          123528 kB
Active:           322936 kB
Mem:          3.8G       3.7G       120M       5.7M        23M       3.2G

MemTotal:        4016004 kB
MemFree:          123652 kB
Active:           322940 kB
Mem:          3.8G       3.7G       120M       5.7M        23M       3.2G

MemTotal:        4016004 kB
MemFree:          123156 kB
Active:           322944 kB
Mem:          3.8G       3.7G       120M       5.7M        23M       3.2G

MemTotal:        4016004 kB
MemFree:          123404 kB
Active:           322948 kB
Mem:          3.8G       3.7G       120M       5.7M        23M       3.2G

MemTotal:        4016004 kB
MemFree:          123404 kB
Active:           322896 kB
Mem:          3.8G       3.7G       120M       5.7M        23M       3.2G

MemTotal:        4016004 kB
MemFree:          123404 kB
Active:           322952 kB
Mem:          3.8G       3.7G       120M       5.7M        23M       3.2G

MemTotal:        4016004 kB
MemFree:          123528 kB
Active:           322932 kB
Mem:          3.8G       3.7G       120M       5.7M        23M       3.2G

MemTotal:        4016004 kB
MemFree:          123652 kB
Active:           322904 kB
Mem:          3.8G       3.7G       120M       5.7M        23M       3.2G

MemTotal:        4016004 kB
MemFree:          123776 kB
Active:           322924 kB
Mem:          3.8G       3.7G       120M       5.7M        23M       3.2G

MemTotal:        4016004 kB
MemFree:          123776 kB
Active:           322936 kB
Mem:          3.8G       3.7G       120M       5.7M        23M       3.2G

MemTotal:        4016004 kB
MemFree:          123652 kB
Active:           322912 kB
Mem:          3.8G       3.7G       120M       5.7M        23M       3.2G

MemTotal:        4016004 kB
MemFree:          123776 kB
Active:           322932 kB
Mem:          3.8G       3.7G       120M       5.7M        23M       3.2G

MemTotal:        4016004 kB
MemFree:          123156 kB
Active:           322968 kB
Mem:          3.8G       3.7G       120M       5.7M        23M       3.2G

MemTotal:        4016004 kB
MemFree:          123032 kB
Active:           322968 kB
Mem:          3.8G       3.7G       120M       5.7M        23M       3.2G

MemTotal:        4016004 kB
MemFree:          123280 kB
Active:           322992 kB
Mem:          3.8G       3.7G       120M       5.7M        23M       3.2G

MemTotal:        4016004 kB
MemFree:          123280 kB
Active:           322996 kB
Mem:          3.8G       3.7G       120M       5.7M        23M       3.2G

MemTotal:        4016004 kB
MemFree:          122908 kB
Active:           322956 kB
Mem:          3.8G       3.7G       120M       5.7M        23M       3.2G

MemTotal:        4016004 kB
MemFree:          123156 kB
Active:           322972 kB
Mem:          3.8G       3.7G       120M       5.7M        23M       3.2G

MemTotal:        4016004 kB
MemFree:          122892 kB
Active:           323012 kB
Mem:          3.8G       3.7G       120M       5.7M        23M       3.2G

MemTotal:        4016004 kB
MemFree:          122768 kB
Active:           323012 kB
Mem:          3.8G       3.7G       120M       5.7M        23M       3.2G

MemTotal:        4016004 kB
MemFree:          122768 kB
Active:           323016 kB
Mem:          3.8G       3.7G       120M       5.7M        23M       3.2G

