MemTotal:        4016004 kB
MemFree:         3238384 kB
Active:           421596 kB
Mem:          3.8G       759M       3.1G       5.7M        54M       315M

MemTotal:        4016004 kB
MemFree:         3238152 kB
Active:           421832 kB
Mem:          3.8G       759M       3.1G       5.7M        54M       316M

MemTotal:        4016004 kB
MemFree:         3238088 kB
Active:           421956 kB
Mem:          3.8G       759M       3.1G       5.7M        54M       316M

MemTotal:        4016004 kB
MemFree:         3238196 kB
Active:           421928 kB
Mem:          3.8G       759M       3.1G       5.7M        54M       316M

MemTotal:        4016004 kB
MemFree:         3237824 kB
Active:           421980 kB
Mem:          3.8G       759M       3.1G       5.7M        54M       316M

MemTotal:        4016004 kB
MemFree:         3237732 kB
Active:           421924 kB
Mem:          3.8G       760M       3.1G       5.7M        54M       316M

MemTotal:        4016004 kB
MemFree:         3238320 kB
Active:           421936 kB
Mem:          3.8G       759M       3.1G       5.7M        54M       316M

MemTotal:        4016004 kB
MemFree:         3237916 kB
Active:           421988 kB
Mem:          3.8G       759M       3.1G       5.7M        54M       316M

MemTotal:        4016004 kB
MemFree:         3238040 kB
Active:           421988 kB
Mem:          3.8G       759M       3.1G       5.7M        54M       316M

MemTotal:        4016004 kB
MemFree:         3237668 kB
Active:           421988 kB
Mem:          3.8G       759M       3.1G       5.7M        54M       316M

MemTotal:        4016004 kB
MemFree:         3237900 kB
Active:           422088 kB
Mem:          3.8G       759M       3.1G       5.7M        54M       316M

MemTotal:        4016004 kB
MemFree:         3238040 kB
Active:           421932 kB
Mem:          3.8G       759M       3.1G       5.7M        54M       316M

MemTotal:        4016004 kB
MemFree:         3237652 kB
Active:           421952 kB
Mem:          3.8G       759M       3.1G       5.7M        54M       316M

MemTotal:        4016004 kB
MemFree:         3237776 kB
Active:           422080 kB
Mem:          3.8G       759M       3.1G       5.7M        54M       316M

MemTotal:        4016004 kB
MemFree:         3237676 kB
Active:           422060 kB
Mem:          3.8G       759M       3.1G       5.7M        54M       316M

MemTotal:        4016004 kB
MemFree:         3237620 kB
Active:           422072 kB
Mem:          3.8G       759M       3.1G       5.7M        54M       316M

MemTotal:        4016004 kB
MemFree:         3237932 kB
Active:           421936 kB
Mem:          3.8G       759M       3.1G       5.7M        54M       316M

MemTotal:        4016004 kB
MemFree:         3238304 kB
Active:           421952 kB
Mem:          3.8G       759M       3.1G       5.7M        54M       316M

MemTotal:        4016004 kB
MemFree:         3238396 kB
Active:           421948 kB
Mem:          3.8G       759M       3.1G       5.7M        54M       316M

MemTotal:        4016004 kB
MemFree:         3237792 kB
Active:           421964 kB
Mem:          3.8G       759M       3.1G       5.7M        54M       316M

MemTotal:        4016004 kB
MemFree:         3238272 kB
Active:           421964 kB
Mem:          3.8G       759M       3.1G       5.7M        54M       316M

MemTotal:        4016004 kB
MemFree:         3238132 kB
Active:           421940 kB
Mem:          3.8G       759M       3.1G       5.7M        54M       316M

MemTotal:        4016004 kB
MemFree:         3238100 kB
Active:           421976 kB
Mem:          3.8G       759M       3.1G       5.7M        54M       316M

MemTotal:        4016004 kB
MemFree:         3238192 kB
Active:           422000 kB
Mem:          3.8G       759M       3.1G       5.7M        54M       316M

MemTotal:        4016004 kB
MemFree:         3238424 kB
Active:           421968 kB
Mem:          3.8G       759M       3.1G       5.7M        54M       316M

MemTotal:        4016004 kB
MemFree:         3238408 kB
Active:           421864 kB
Mem:          3.8G       759M       3.1G       5.7M        54M       316M

MemTotal:        4016004 kB
MemFree:         3237788 kB
Active:           422108 kB
Mem:          3.8G       759M       3.1G       5.7M        54M       316M

MemTotal:        4016004 kB
MemFree:         3238148 kB
Active:           421984 kB
Mem:          3.8G       759M       3.1G       5.7M        54M       316M

MemTotal:        4016004 kB
MemFree:         3238148 kB
Active:           421992 kB
Mem:          3.8G       759M       3.1G       5.7M        54M       316M

MemTotal:        4016004 kB
MemFree:         3238256 kB
Active:           421904 kB
Mem:          3.8G       759M       3.1G       5.7M        54M       316M

MemTotal:        4016004 kB
MemFree:         3238148 kB
Active:           421988 kB
Mem:          3.8G       759M       3.1G       5.7M        54M       316M

MemTotal:        4016004 kB
MemFree:         3238272 kB
Active:           422008 kB
Mem:          3.8G       759M       3.1G       5.7M        54M       316M

MemTotal:        4016004 kB
MemFree:         3238244 kB
Active:           422012 kB
Mem:          3.8G       759M       3.1G       5.7M        54M       316M

MemTotal:        4016004 kB
MemFree:         3238460 kB
Active:           422080 kB
Mem:          3.8G       759M       3.1G       5.7M        54M       316M

MemTotal:        4016004 kB
MemFree:         3238012 kB
Active:           422020 kB
Mem:          3.8G       759M       3.1G       5.7M        54M       316M

MemTotal:        4016004 kB
MemFree:         3238136 kB
Active:           422016 kB
Mem:          3.8G       759M       3.1G       5.7M        54M       316M

MemTotal:        4016004 kB
MemFree:         3237748 kB
Active:           422024 kB
Mem:          3.8G       759M       3.1G       5.7M        54M       316M

MemTotal:        4016004 kB
MemFree:         3237856 kB
Active:           421992 kB
Mem:          3.8G       759M       3.1G       5.7M        54M       316M

MemTotal:        4016004 kB
MemFree:         3237996 kB
Active:           422008 kB
Mem:          3.8G       759M       3.1G       5.7M        54M       316M

MemTotal:        4016004 kB
MemFree:         3237732 kB
Active:           422024 kB
Mem:          3.8G       759M       3.1G       5.7M        54M       316M

MemTotal:        4016004 kB
MemFree:         3238052 kB
Active:           422116 kB
Mem:          3.8G       759M       3.1G       5.7M        54M       316M

MemTotal:        4016004 kB
MemFree:         3238228 kB
Active:           422272 kB
Mem:          3.8G       759M       3.1G       5.7M        54M       316M

MemTotal:        4016004 kB
MemFree:         3238412 kB
Active:           421984 kB
Mem:          3.8G       759M       3.1G       5.7M        54M       316M

MemTotal:        4016004 kB
MemFree:         3237652 kB
Active:           422140 kB
Mem:          3.8G       759M       3.1G       5.7M        54M       316M

MemTotal:        4016004 kB
MemFree:         3237932 kB
Active:           421996 kB
Mem:          3.8G       760M       3.1G       5.7M        54M       316M

MemTotal:        4016004 kB
MemFree:         3237916 kB
Active:           422008 kB
Mem:          3.8G       759M       3.1G       5.7M        54M       316M

MemTotal:        4016004 kB
MemFree:         3237636 kB
Active:           422044 kB
Mem:          3.8G       759M       3.1G       5.7M        54M       316M

MemTotal:        4016004 kB
MemFree:         3235788 kB
Active:           421856 kB
Mem:          3.8G       762M       3.1G       5.7M        54M       316M

MemTotal:        4016004 kB
MemFree:         3235308 kB
Active:           422256 kB
Mem:          3.8G       762M       3.1G       5.7M        54M       316M

MemTotal:        4016004 kB
MemFree:         3235696 kB
Active:           424080 kB
Mem:          3.8G       762M       3.1G       5.7M        54M       316M

MemTotal:        4016004 kB
MemFree:         3235664 kB
Active:           423952 kB
Mem:          3.8G       762M       3.1G       5.7M        54M       316M

MemTotal:        4016004 kB
MemFree:         3236144 kB
Active:           424008 kB
Mem:          3.8G       761M       3.1G       5.7M        54M       316M

MemTotal:        4016004 kB
MemFree:         3236052 kB
Active:           424064 kB
Mem:          3.8G       761M       3.1G       5.7M        54M       316M

MemTotal:        4016004 kB
MemFree:         3236036 kB
Active:           424100 kB
Mem:          3.8G       761M       3.1G       5.7M        54M       316M

MemTotal:        4016004 kB
MemFree:         3235788 kB
Active:           424044 kB
Mem:          3.8G       761M       3.1G       5.7M        54M       316M

MemTotal:        4016004 kB
MemFree:         3235308 kB
Active:           424100 kB
Mem:          3.8G       761M       3.1G       5.7M        54M       316M

MemTotal:        4016004 kB
MemFree:         3235680 kB
Active:           424052 kB
Mem:          3.8G       762M       3.1G       5.7M        54M       316M

MemTotal:        4016004 kB
MemFree:         3235804 kB
Active:           424076 kB
Mem:          3.8G       761M       3.1G       5.7M        54M       316M

MemTotal:        4016004 kB
MemFree:         3235928 kB
Active:           424072 kB
Mem:          3.8G       762M       3.1G       5.7M        54M       316M

MemTotal:        4016004 kB
MemFree:         3236052 kB
Active:           424072 kB
Mem:          3.8G       761M       3.1G       5.7M        54M       316M

MemTotal:        4016004 kB
MemFree:         3235896 kB
Active:           424232 kB
Mem:          3.8G       761M       3.1G       5.7M        54M       316M

MemTotal:        4016004 kB
MemFree:         3128892 kB
Active:           424708 kB
Mem:          3.8G       866M       3.0G       5.7M        55M       419M

MemTotal:        4016004 kB
MemFree:         3014680 kB
Active:           424780 kB
Mem:          3.8G       978M       2.9G       5.7M        55M       529M

MemTotal:        4016004 kB
MemFree:         2998308 kB
Active:           424780 kB
Mem:          3.8G       994M       2.9G       5.7M        55M       544M

MemTotal:        4016004 kB
MemFree:         2937420 kB
Active:           424780 kB
Mem:          3.8G       1.0G       2.8G       5.7M        55M       603M

MemTotal:        4016004 kB
MemFree:         2825316 kB
Active:           424780 kB
Mem:          3.8G       1.1G       2.7G       5.7M        55M       710M

MemTotal:        4016004 kB
MemFree:         2779900 kB
Active:           424788 kB
Mem:          3.8G       1.2G       2.7G       5.7M        55M       755M

MemTotal:        4016004 kB
MemFree:         2750404 kB
Active:           424796 kB
Mem:          3.8G       1.2G       2.6G       5.7M        55M       783M

MemTotal:        4016004 kB
MemFree:         2681972 kB
Active:           424816 kB
Mem:          3.8G       1.3G       2.6G       5.7M        55M       849M

MemTotal:        4016004 kB
MemFree:         2675716 kB
Active:           424832 kB
Mem:          3.8G       1.3G       2.6G       5.7M        55M       855M

MemTotal:        4016004 kB
MemFree:         2674368 kB
Active:           424848 kB
Mem:          3.8G       1.3G       2.6G       5.7M        55M       856M

MemTotal:        4016004 kB
MemFree:         2673944 kB
Active:           424808 kB
Mem:          3.8G       1.3G       2.5G       5.7M        55M       856M

MemTotal:        4016004 kB
MemFree:         2674104 kB
Active:           424848 kB
Mem:          3.8G       1.3G       2.5G       5.7M        55M       856M

MemTotal:        4016004 kB
MemFree:         2576324 kB
Active:           424848 kB
Mem:          3.8G       1.4G       2.5G       5.7M        55M       951M

MemTotal:        4016004 kB
MemFree:         2440612 kB
Active:           424856 kB
Mem:          3.8G       1.5G       2.3G       5.7M        55M       1.1G

MemTotal:        4016004 kB
MemFree:         2318952 kB
Active:           424856 kB
Mem:          3.8G       1.6G       2.2G       5.7M        55M       1.2G

MemTotal:        4016004 kB
MemFree:         2318504 kB
Active:           424840 kB
Mem:          3.8G       1.6G       2.2G       5.7M        55M       1.2G

MemTotal:        4016004 kB
MemFree:         2238332 kB
Active:           424844 kB
Mem:          3.8G       1.7G       2.1G       5.7M        55M       1.2G

MemTotal:        4016004 kB
MemFree:         2220916 kB
Active:           424864 kB
Mem:          3.8G       1.7G       2.1G       5.7M        55M       1.3G

MemTotal:        4016004 kB
MemFree:         2121480 kB
Active:           424876 kB
Mem:          3.8G       1.8G       2.0G       5.7M        55M       1.4G

MemTotal:        4016004 kB
MemFree:         2120008 kB
Active:           424876 kB
Mem:          3.8G       1.8G       2.0G       5.7M        55M       1.4G

MemTotal:        4016004 kB
MemFree:         2083276 kB
Active:           424880 kB
Mem:          3.8G       1.8G       2.0G       5.7M        55M       1.4G

MemTotal:        4016004 kB
MemFree:         2021020 kB
Active:           424896 kB
Mem:          3.8G       1.9G       1.9G       5.7M        55M       1.4G

MemTotal:        4016004 kB
MemFree:         2019072 kB
Active:           424968 kB
Mem:          3.8G       1.9G       1.9G       5.7M        55M       1.5G

MemTotal:        4016004 kB
MemFree:         2017184 kB
Active:           424968 kB
Mem:          3.8G       1.9G       1.9G       5.7M        55M       1.5G

MemTotal:        4016004 kB
MemFree:         2016352 kB
Active:           424968 kB
Mem:          3.8G       1.9G       1.9G       5.7M        55M       1.5G

MemTotal:        4016004 kB
MemFree:         1965016 kB
Active:           424968 kB
Mem:          3.8G       2.0G       1.9G       5.7M        55M       1.5G

MemTotal:        4016004 kB
MemFree:         1883240 kB
Active:           423020 kB
Mem:          3.8G       2.0G       1.8G       5.7M        55M       1.6G

MemTotal:        4016004 kB
MemFree:         1754612 kB
Active:           425068 kB
Mem:          3.8G       2.2G       1.7G       5.7M        55M       1.7G

MemTotal:        4016004 kB
MemFree:         1668612 kB
Active:           425068 kB
Mem:          3.8G       2.2G       1.6G       5.7M        55M       1.8G

MemTotal:        4016004 kB
MemFree:         1589044 kB
Active:           425080 kB
Mem:          3.8G       2.3G       1.5G       5.7M        55M       1.9G

MemTotal:        4016004 kB
MemFree:         1567368 kB
Active:           425080 kB
Mem:          3.8G       2.3G       1.5G       5.7M        55M       1.9G

MemTotal:        4016004 kB
MemFree:         1566848 kB
Active:           425076 kB
Mem:          3.8G       2.3G       1.5G       5.7M        55M       1.9G

MemTotal:        4016004 kB
MemFree:         1467300 kB
Active:           425080 kB
Mem:          3.8G       2.4G       1.4G       5.7M        55M       2.0G

MemTotal:        4016004 kB
MemFree:         1465304 kB
Active:           425096 kB
Mem:          3.8G       2.4G       1.4G       5.7M        55M       2.0G

MemTotal:        4016004 kB
MemFree:         1465116 kB
Active:           425084 kB
Mem:          3.8G       2.4G       1.4G       5.7M        55M       2.0G

MemTotal:        4016004 kB
MemFree:         1463260 kB
Active:           425080 kB
Mem:          3.8G       2.4G       1.4G       5.7M        55M       2.0G

MemTotal:        4016004 kB
MemFree:         1461892 kB
Active:           423052 kB
Mem:          3.8G       2.4G       1.4G       5.7M        55M       2.0G

MemTotal:        4016004 kB
MemFree:         1419700 kB
Active:           425104 kB
Mem:          3.8G       2.5G       1.4G       5.7M        55M       2.0G

MemTotal:        4016004 kB
MemFree:         1288948 kB
Active:           425104 kB
Mem:          3.8G       2.6G       1.2G       5.7M        55M       2.1G

MemTotal:        4016004 kB
MemFree:         1158956 kB
Active:           425068 kB
Mem:          3.8G       2.7G       1.1G       5.7M        55M       2.3G

MemTotal:        4016004 kB
MemFree:         1113584 kB
Active:           425124 kB
Mem:          3.8G       2.8G       1.1G       5.7M        55M       2.3G

MemTotal:        4016004 kB
MemFree:         1056636 kB
Active:           425092 kB
Mem:          3.8G       2.8G       1.0G       5.7M        55M       2.4G

MemTotal:        4016004 kB
MemFree:          992568 kB
Active:           425152 kB
Mem:          3.8G       2.9G       969M       5.7M        55M       2.4G

MemTotal:        4016004 kB
MemFree:          958684 kB
Active:           425132 kB
Mem:          3.8G       2.9G       935M       5.7M        55M       2.4G

MemTotal:        4016004 kB
MemFree:          929632 kB
Active:           425156 kB
Mem:          3.8G       2.9G       907M       5.7M        55M       2.5G

MemTotal:        4016004 kB
MemFree:          924156 kB
Active:           425180 kB
Mem:          3.8G       2.9G       902M       5.7M        55M       2.5G

MemTotal:        4016004 kB
MemFree:          923352 kB
Active:           425176 kB
Mem:          3.8G       2.9G       901M       5.7M        55M       2.5G

MemTotal:        4016004 kB
MemFree:          923216 kB
Active:           425184 kB
Mem:          3.8G       3.0G       901M       5.7M        55M       2.5G

MemTotal:        4016004 kB
MemFree:          827900 kB
Active:           425180 kB
Mem:          3.8G       3.0G       808M       5.7M        55M       2.6G

MemTotal:        4016004 kB
MemFree:          702016 kB
Active:           425200 kB
Mem:          3.8G       3.2G       684M       5.7M        55M       2.7G

MemTotal:        4016004 kB
MemFree:          639576 kB
Active:           425200 kB
Mem:          3.8G       3.2G       624M       5.7M        55M       2.7G

MemTotal:        4016004 kB
MemFree:          557624 kB
Active:           425176 kB
Mem:          3.8G       3.3G       544M       5.7M        55M       2.8G

MemTotal:        4016004 kB
MemFree:          556848 kB
Active:           425172 kB
Mem:          3.8G       3.3G       543M       5.7M        55M       2.8G

MemTotal:        4016004 kB
MemFree:          478336 kB
Active:           425204 kB
Mem:          3.8G       3.4G       466M       5.7M        55M       2.9G

MemTotal:        4016004 kB
MemFree:          469788 kB
Active:           425228 kB
Mem:          3.8G       3.4G       458M       5.7M        55M       2.9G

MemTotal:        4016004 kB
MemFree:          399396 kB
Active:           425228 kB
Mem:          3.8G       3.4G       389M       5.7M        55M       3.0G

MemTotal:        4016004 kB
MemFree:          398036 kB
Active:           425240 kB
Mem:          3.8G       3.5G       388M       5.7M        55M       3.0G

MemTotal:        4016004 kB
MemFree:          395776 kB
Active:           425236 kB
Mem:          3.8G       3.5G       386M       5.7M        55M       3.0G

MemTotal:        4016004 kB
MemFree:          394848 kB
Active:           425220 kB
Mem:          3.8G       3.5G       385M       5.7M        55M       3.0G

MemTotal:        4016004 kB
MemFree:          391612 kB
Active:           425200 kB
Mem:          3.8G       3.5G       380M       5.7M        55M       3.0G

MemTotal:        4016004 kB
MemFree:          271820 kB
Active:           425248 kB
Mem:          3.8G       3.6G       264M       5.7M        55M       3.1G

MemTotal:        4016004 kB
MemFree:          150524 kB
Active:           425256 kB
Mem:          3.8G       3.7G       146M       5.7M        55M       3.2G

MemTotal:        4016004 kB
MemFree:          138972 kB
Active:           439732 kB
Mem:          3.8G       3.7G       107M       5.7M        20M       3.3G

MemTotal:        4016004 kB
MemFree:          110264 kB
Active:           439756 kB
Mem:          3.8G       3.7G       107M       5.7M        20M       3.3G

MemTotal:        4016004 kB
MemFree:          165412 kB
Active:           484012 kB
Mem:          3.8G       3.7G       137M       5.7M        20M       3.2G

MemTotal:        4016004 kB
MemFree:          137696 kB
Active:           478160 kB
Mem:          3.8G       3.7G       134M       5.7M        20M       3.3G

MemTotal:        4016004 kB
MemFree:          150504 kB
Active:           471380 kB
Mem:          3.8G       3.7G       146M       5.7M        20M       3.2G

MemTotal:        4016004 kB
MemFree:          150620 kB
Active:           471244 kB
Mem:          3.8G       3.7G       147M       5.7M        20M       3.2G

MemTotal:        4016004 kB
MemFree:          148488 kB
Active:           471232 kB
Mem:          3.8G       3.7G       144M       5.7M        20M       3.2G

MemTotal:        4016004 kB
MemFree:          147248 kB
Active:           471236 kB
Mem:          3.8G       3.7G       143M       5.7M        20M       3.2G

MemTotal:        4016004 kB
MemFree:          127180 kB
Active:           465900 kB
Mem:          3.8G       3.7G       123M       5.7M        20M       3.3G

MemTotal:        4016004 kB
MemFree:          134020 kB
Active:           449400 kB
Mem:          3.8G       3.7G       130M       5.7M        20M       3.3G

MemTotal:        4016004 kB
MemFree:          118228 kB
Active:           444664 kB
Mem:          3.8G       3.7G       114M       5.7M        20M       3.3G

MemTotal:        4016004 kB
MemFree:          147960 kB
Active:           434208 kB
Mem:          3.8G       3.7G       144M       5.7M        20M       3.2G

MemTotal:        4016004 kB
MemFree:          138892 kB
Active:           428712 kB
Mem:          3.8G       3.7G       135M       5.7M        20M       3.3G

MemTotal:        4016004 kB
MemFree:          133608 kB
Active:           426940 kB
Mem:          3.8G       3.7G       129M       5.7M        20M       3.3G

MemTotal:        4016004 kB
MemFree:          132820 kB
Active:           426780 kB
Mem:          3.8G       3.7G       129M       5.7M        20M       3.3G

MemTotal:        4016004 kB
MemFree:          114948 kB
Active:           425400 kB
Mem:          3.8G       3.7G       112M       5.7M        20M       3.3G

MemTotal:        4016004 kB
MemFree:          127984 kB
Active:           424380 kB
Mem:          3.8G       3.7G       124M       5.7M        20M       3.3G

MemTotal:        4016004 kB
MemFree:          109732 kB
Active:           423624 kB
Mem:          3.8G       3.7G       106M       5.7M        20M       3.3G

MemTotal:        4016004 kB
MemFree:          107880 kB
Active:           423624 kB
Mem:          3.8G       3.7G       104M       5.7M        20M       3.3G

MemTotal:        4016004 kB
MemFree:          106912 kB
Active:           423636 kB
Mem:          3.8G       3.7G       104M       5.7M        20M       3.3G

MemTotal:        4016004 kB
MemFree:          106048 kB
Active:           423636 kB
Mem:          3.8G       3.7G       103M       5.7M        20M       3.3G

MemTotal:        4016004 kB
MemFree:          129484 kB
Active:           422360 kB
Mem:          3.8G       3.7G       125M       5.7M        20M       3.3G

MemTotal:        4016004 kB
MemFree:          134628 kB
Active:           418020 kB
Mem:          3.8G       3.7G       135M       5.7M        20M       3.3G

MemTotal:        4016004 kB
MemFree:          123388 kB
Active:           412760 kB
Mem:          3.8G       3.7G       120M       5.7M        20M       3.3G

MemTotal:        4016004 kB
MemFree:          136396 kB
Active:           408508 kB
Mem:          3.8G       3.7G       133M       5.7M        20M       3.3G

MemTotal:        4016004 kB
MemFree:          119776 kB
Active:           407356 kB
Mem:          3.8G       3.7G       116M       5.7M        20M       3.3G

MemTotal:        4016004 kB
MemFree:          118124 kB
Active:           406716 kB
Mem:          3.8G       3.7G       115M       5.7M        20M       3.3G

MemTotal:        4016004 kB
MemFree:          138224 kB
Active:           404684 kB
Mem:          3.8G       3.7G       134M       5.7M        20M       3.3G

MemTotal:        4016004 kB
MemFree:          115464 kB
Active:           402508 kB
Mem:          3.8G       3.7G       111M       5.7M        20M       3.3G

MemTotal:        4016004 kB
MemFree:          113848 kB
Active:           401756 kB
Mem:          3.8G       3.7G       110M       5.7M        20M       3.3G

MemTotal:        4016004 kB
MemFree:          131644 kB
Active:           400096 kB
Mem:          3.8G       3.7G       128M       5.7M        20M       3.3G

MemTotal:        4016004 kB
MemFree:          130248 kB
Active:           400108 kB
Mem:          3.8G       3.7G       127M       5.7M        20M       3.3G

MemTotal:        4016004 kB
MemFree:          130404 kB
Active:           400104 kB
Mem:          3.8G       3.7G       126M       5.7M        20M       3.3G

MemTotal:        4016004 kB
MemFree:          130532 kB
Active:           400112 kB
Mem:          3.8G       3.7G       127M       5.7M        20M       3.3G

MemTotal:        4016004 kB
MemFree:          131064 kB
Active:           400104 kB
Mem:          3.8G       3.7G       127M       5.7M        20M       3.3G

MemTotal:        4016004 kB
MemFree:          126960 kB
Active:           396920 kB
Mem:          3.8G       3.7G       123M       5.7M        20M       3.3G

MemTotal:        4016004 kB
MemFree:          127828 kB
Active:           390832 kB
Mem:          3.8G       3.7G       124M       5.7M        20M       3.3G

MemTotal:        4016004 kB
MemFree:          122104 kB
Active:           387768 kB
Mem:          3.8G       3.7G       118M       5.7M        20M       3.3G

MemTotal:        4016004 kB
MemFree:          117328 kB
Active:           387260 kB
Mem:          3.8G       3.7G       113M       5.7M        20M       3.3G

MemTotal:        4016004 kB
MemFree:          141860 kB
Active:           385340 kB
Mem:          3.8G       3.7G       138M       5.7M        20M       3.2G

MemTotal:        4016004 kB
MemFree:          129860 kB
Active:           383800 kB
Mem:          3.8G       3.7G       126M       5.7M        20M       3.3G

MemTotal:        4016004 kB
MemFree:          118180 kB
Active:           383168 kB
Mem:          3.8G       3.7G       115M       5.7M        20M       3.3G

MemTotal:        4016004 kB
MemFree:          134544 kB
Active:           381400 kB
Mem:          3.8G       3.7G       131M       5.7M        20M       3.3G

MemTotal:        4016004 kB
MemFree:          133672 kB
Active:           381412 kB
Mem:          3.8G       3.7G       130M       5.7M        20M       3.3G

MemTotal:        4016004 kB
MemFree:          131688 kB
Active:           381412 kB
Mem:          3.8G       3.7G       128M       5.7M        20M       3.3G

MemTotal:        4016004 kB
MemFree:          130204 kB
Active:           381400 kB
Mem:          3.8G       3.7G       126M       5.7M        20M       3.3G

MemTotal:        4016004 kB
MemFree:          116580 kB
Active:           380892 kB
Mem:          3.8G       3.7G       118M       5.7M        20M       3.3G

MemTotal:        4016004 kB
MemFree:          126968 kB
Active:           376296 kB
Mem:          3.8G       3.7G       123M       5.7M        20M       3.3G

MemTotal:        4016004 kB
MemFree:          119344 kB
Active:           372100 kB
Mem:          3.8G       3.7G       115M       5.7M        20M       3.3G

MemTotal:        4016004 kB
MemFree:          134376 kB
Active:           367028 kB
Mem:          3.8G       3.7G       130M       5.7M        20M       3.3G

MemTotal:        4016004 kB
MemFree:          126016 kB
Active:           367024 kB
Mem:          3.8G       3.7G       122M       5.7M        20M       3.3G

MemTotal:        4016004 kB
MemFree:          118360 kB
Active:           366904 kB
Mem:          3.8G       3.7G       115M       5.7M        20M       3.3G

MemTotal:        4016004 kB
MemFree:          138700 kB
Active:           366796 kB
Mem:          3.8G       3.7G       135M       5.7M        20M       3.3G

MemTotal:        4016004 kB
MemFree:          131280 kB
Active:           366776 kB
Mem:          3.8G       3.7G       127M       5.7M        20M       3.3G

MemTotal:        4016004 kB
MemFree:          130852 kB
Active:           366784 kB
Mem:          3.8G       3.7G       127M       5.7M        20M       3.3G

MemTotal:        4016004 kB
MemFree:          130376 kB
Active:           366812 kB
Mem:          3.8G       3.7G       127M       5.7M        20M       3.3G

MemTotal:        4016004 kB
MemFree:          129656 kB
Active:           366812 kB
Mem:          3.8G       3.7G       126M       5.7M        20M       3.3G

MemTotal:        4016004 kB
MemFree:          127936 kB
Active:           366796 kB
Mem:          3.8G       3.7G       124M       5.7M        20M       3.3G

MemTotal:        4016004 kB
MemFree:          136928 kB
Active:           366804 kB
Mem:          3.8G       3.7G       133M       5.7M        20M       3.3G

MemTotal:        4016004 kB
MemFree:          134212 kB
Active:           363908 kB
Mem:          3.8G       3.7G       130M       5.7M        20M       3.3G

MemTotal:        4016004 kB
MemFree:          119260 kB
Active:           363676 kB
Mem:          3.8G       3.7G       115M       5.7M        20M       3.3G

MemTotal:        4016004 kB
MemFree:          136072 kB
Active:           363684 kB
Mem:          3.8G       3.7G       132M       5.7M        20M       3.3G

MemTotal:        4016004 kB
MemFree:          127316 kB
Active:           363636 kB
Mem:          3.8G       3.7G       123M       5.7M        20M       3.3G

MemTotal:        4016004 kB
MemFree:          148072 kB
Active:           363700 kB
Mem:          3.8G       3.7G       144M       5.7M        20M       3.2G

MemTotal:        4016004 kB
MemFree:          139228 kB
Active:           363692 kB
Mem:          3.8G       3.7G       135M       5.7M        20M       3.2G

MemTotal:        4016004 kB
MemFree:          142508 kB
Active:           363536 kB
Mem:          3.8G       3.7G       138M       5.7M        20M       3.2G

MemTotal:        4016004 kB
MemFree:          145176 kB
Active:           363576 kB
Mem:          3.8G       3.7G       141M       5.7M        20M       3.2G

MemTotal:        4016004 kB
MemFree:          145264 kB
Active:           363580 kB
Mem:          3.8G       3.7G       141M       5.7M        20M       3.2G

MemTotal:        4016004 kB
MemFree:          143716 kB
Active:           363580 kB
Mem:          3.8G       3.7G       140M       5.7M        20M       3.2G

MemTotal:        4016004 kB
MemFree:          142712 kB
Active:           363588 kB
Mem:          3.8G       3.7G       138M       5.7M        20M       3.2G

MemTotal:        4016004 kB
MemFree:          130160 kB
Active:           363580 kB
Mem:          3.8G       3.7G       127M       5.7M        20M       3.3G

MemTotal:        4016004 kB
MemFree:          129000 kB
Active:           363608 kB
Mem:          3.8G       3.7G       125M       5.7M        20M       3.3G

MemTotal:        4016004 kB
MemFree:          123544 kB
Active:           363608 kB
Mem:          3.8G       3.7G       119M       5.7M        20M       3.3G

MemTotal:        4016004 kB
MemFree:          110260 kB
Active:           362908 kB
Mem:          3.8G       3.7G       107M       5.7M        20M       3.3G

MemTotal:        4016004 kB
MemFree:          135804 kB
Active:           362856 kB
Mem:          3.8G       3.7G       132M       5.7M        20M       3.3G

MemTotal:        4016004 kB
MemFree:          126484 kB
Active:           362920 kB
Mem:          3.8G       3.7G       123M       5.7M        20M       3.3G

MemTotal:        4016004 kB
MemFree:          125320 kB
Active:           362932 kB
Mem:          3.8G       3.7G       122M       5.7M        20M       3.3G

MemTotal:        4016004 kB
MemFree:          140888 kB
Active:           362932 kB
Mem:          3.8G       3.7G       137M       5.7M        20M       3.2G

MemTotal:        4016004 kB
MemFree:          139176 kB
Active:           362928 kB
Mem:          3.8G       3.7G       135M       5.7M        20M       3.2G

MemTotal:        4016004 kB
MemFree:          138680 kB
Active:           362928 kB
Mem:          3.8G       3.7G       134M       5.7M        20M       3.2G

MemTotal:        4016004 kB
MemFree:          137364 kB
Active:           362924 kB
Mem:          3.8G       3.7G       134M       5.7M        20M       3.2G

MemTotal:        4016004 kB
MemFree:          136904 kB
Active:           362936 kB
Mem:          3.8G       3.7G       133M       5.7M        20M       3.2G

MemTotal:        4016004 kB
MemFree:          135932 kB
Active:           361300 kB
Mem:          3.8G       3.7G       132M       5.7M        20M       3.3G

MemTotal:        4016004 kB
MemFree:          125748 kB
Active:           361172 kB
Mem:          3.8G       3.7G       121M       5.7M        20M       3.3G

MemTotal:        4016004 kB
MemFree:          137444 kB
Active:           361176 kB
Mem:          3.8G       3.7G       134M       5.7M        20M       3.2G

MemTotal:        4016004 kB
MemFree:          105348 kB
Active:           361160 kB
Mem:          3.8G       3.7G       104M       5.7M        20M       3.3G

MemTotal:        4016004 kB
MemFree:          123892 kB
Active:           355556 kB
Mem:          3.8G       3.7G       128M       5.7M        20M       3.3G

MemTotal:        4016004 kB
MemFree:          107060 kB
Active:           355408 kB
Mem:          3.8G       3.7G       104M       5.7M        20M       3.3G

MemTotal:        4016004 kB
MemFree:          137904 kB
Active:           355408 kB
Mem:          3.8G       3.7G       134M       5.7M        20M       3.2G

MemTotal:        4016004 kB
MemFree:          136468 kB
Active:           355404 kB
Mem:          3.8G       3.7G       132M       5.7M        20M       3.2G

MemTotal:        4016004 kB
MemFree:          135176 kB
Active:           355408 kB
Mem:          3.8G       3.7G       131M       5.7M        20M       3.3G

MemTotal:        4016004 kB
MemFree:          133792 kB
Active:           355420 kB
Mem:          3.8G       3.7G       130M       5.7M        20M       3.3G

MemTotal:        4016004 kB
MemFree:          131320 kB
Active:           353380 kB
Mem:          3.8G       3.7G       128M       5.7M        20M       3.3G

MemTotal:        4016004 kB
MemFree:          130948 kB
Active:           355408 kB
Mem:          3.8G       3.7G       127M       5.7M        20M       3.3G

MemTotal:        4016004 kB
MemFree:          130276 kB
Active:           355420 kB
Mem:          3.8G       3.7G       127M       5.7M        20M       3.3G

MemTotal:        4016004 kB
MemFree:          126468 kB
Active:           353764 kB
Mem:          3.8G       3.7G       122M       5.7M        20M       3.3G

MemTotal:        4016004 kB
MemFree:          129660 kB
Active:           352220 kB
Mem:          3.8G       3.7G       125M       5.7M        20M       3.3G

MemTotal:        4016004 kB
MemFree:          122660 kB
Active:           352228 kB
Mem:          3.8G       3.7G       119M       5.7M        20M       3.3G

MemTotal:        4016004 kB
MemFree:          141164 kB
Active:           352244 kB
Mem:          3.8G       3.7G       137M       5.7M        20M       3.2G

MemTotal:        4016004 kB
MemFree:          115100 kB
Active:           352228 kB
Mem:          3.8G       3.7G       111M       5.7M        20M       3.3G

MemTotal:        4016004 kB
MemFree:          133956 kB
Active:           352244 kB
Mem:          3.8G       3.7G       130M       5.7M        20M       3.3G

MemTotal:        4016004 kB
MemFree:          127820 kB
Active:           304832 kB
Mem:          3.8G       3.7G       124M       5.7M        20M       3.3G

MemTotal:        4016004 kB
MemFree:          123508 kB
Active:           304664 kB
Mem:          3.8G       3.7G       120M       5.7M        20M       3.3G

MemTotal:        4016004 kB
MemFree:          135636 kB
Active:           304676 kB
Mem:          3.8G       3.7G       131M       5.7M        20M       3.2G

MemTotal:        4016004 kB
MemFree:          133952 kB
Active:           304656 kB
Mem:          3.8G       3.7G       130M       5.7M        20M       3.2G

MemTotal:        4016004 kB
MemFree:          132840 kB
Active:           304676 kB
Mem:          3.8G       3.7G       129M       5.7M        20M       3.3G

MemTotal:        4016004 kB
MemFree:          132064 kB
Active:           304656 kB
Mem:          3.8G       3.7G       128M       5.7M        20M       3.3G

MemTotal:        4016004 kB
MemFree:          112708 kB
Active:           304684 kB
Mem:          3.8G       3.7G       109M       5.7M        20M       3.3G

MemTotal:        4016004 kB
MemFree:          138176 kB
Active:           304692 kB
Mem:          3.8G       3.7G       133M       5.7M        20M       3.2G

MemTotal:        4016004 kB
MemFree:          136060 kB
Active:           304700 kB
Mem:          3.8G       3.7G       132M       5.7M        20M       3.2G

MemTotal:        4016004 kB
MemFree:          120840 kB
Active:           303268 kB
Mem:          3.8G       3.7G       117M       5.7M        20M       3.3G

MemTotal:        4016004 kB
MemFree:          125644 kB
Active:           303032 kB
Mem:          3.8G       3.7G       122M       5.7M        20M       3.3G

MemTotal:        4016004 kB
MemFree:          130640 kB
Active:           303044 kB
Mem:          3.8G       3.7G       127M       5.7M        20M       3.3G

MemTotal:        4016004 kB
MemFree:          129020 kB
Active:           303032 kB
Mem:          3.8G       3.7G       125M       5.7M        20M       3.3G

MemTotal:        4016004 kB
MemFree:          105656 kB
Active:           303036 kB
Mem:          3.8G       3.7G       102M       5.7M        20M       3.3G

MemTotal:        4016004 kB
MemFree:          136704 kB
Active:           302936 kB
Mem:          3.8G       3.7G       133M       5.7M        20M       3.2G

MemTotal:        4016004 kB
MemFree:          135340 kB
Active:           302944 kB
Mem:          3.8G       3.7G       131M       5.7M        20M       3.2G

MemTotal:        4016004 kB
MemFree:          135000 kB
Active:           302916 kB
Mem:          3.8G       3.7G       131M       5.7M        20M       3.2G

MemTotal:        4016004 kB
MemFree:          135160 kB
Active:           302920 kB
Mem:          3.8G       3.7G       131M       5.7M        20M       3.2G

MemTotal:        4016004 kB
MemFree:          127564 kB
Active:           302892 kB
Mem:          3.8G       3.7G       123M       5.7M        20M       3.3G

MemTotal:        4016004 kB
MemFree:          121864 kB
Active:           299956 kB
Mem:          3.8G       3.7G       118M       5.7M        20M       3.3G

MemTotal:        4016004 kB
MemFree:          127348 kB
Active:           299892 kB
Mem:          3.8G       3.7G       125M       5.7M        20M       3.3G

MemTotal:        4016004 kB
MemFree:          131072 kB
Active:           300348 kB
Mem:          3.8G       3.7G       127M       5.7M        20M       3.2G

MemTotal:        4016004 kB
MemFree:          137260 kB
Active:           300352 kB
Mem:          3.8G       3.7G       133M       5.7M        20M       3.2G

MemTotal:        4016004 kB
MemFree:          122888 kB
Active:           300332 kB
Mem:          3.8G       3.7G       119M       5.7M        20M       3.3G

MemTotal:        4016004 kB
MemFree:          148824 kB
Active:           300232 kB
Mem:          3.8G       3.7G       145M       5.7M        20M       3.2G

MemTotal:        4016004 kB
MemFree:          134380 kB
Active:           300224 kB
Mem:          3.8G       3.7G       131M       5.7M        20M       3.2G

MemTotal:        4016004 kB
MemFree:          134864 kB
Active:           300244 kB
Mem:          3.8G       3.7G       131M       5.7M        20M       3.2G

MemTotal:        4016004 kB
MemFree:          134960 kB
Active:           300248 kB
Mem:          3.8G       3.7G       131M       5.7M        20M       3.2G

MemTotal:        4016004 kB
MemFree:          135048 kB
Active:           300260 kB
Mem:          3.8G       3.7G       131M       5.7M        20M       3.2G

MemTotal:        4016004 kB
MemFree:          132712 kB
Active:           300292 kB
Mem:          3.8G       3.7G       129M       5.7M        20M       3.2G

MemTotal:        4016004 kB
MemFree:          116164 kB
Active:           300284 kB
Mem:          3.8G       3.7G       113M       5.7M        20M       3.3G

MemTotal:        4016004 kB
MemFree:          121480 kB
Active:           298980 kB
Mem:          3.8G       3.7G       117M       5.7M        20M       3.3G

MemTotal:        4016004 kB
MemFree:          120972 kB
Active:           298984 kB
Mem:          3.8G       3.7G       117M       5.7M        20M       3.3G

MemTotal:        4016004 kB
MemFree:          137816 kB
Active:           298992 kB
Mem:          3.8G       3.7G       133M       5.7M        20M       3.2G

MemTotal:        4016004 kB
MemFree:          115420 kB
Active:           298964 kB
Mem:          3.8G       3.7G       112M       5.7M        20M       3.3G

MemTotal:        4016004 kB
MemFree:          112736 kB
Active:           298996 kB
Mem:          3.8G       3.7G       109M       5.7M        20M       3.3G

MemTotal:        4016004 kB
MemFree:          126580 kB
Active:           298972 kB
Mem:          3.8G       3.7G       122M       5.7M        20M       3.3G

MemTotal:        4016004 kB
MemFree:          139624 kB
Active:           297092 kB
Mem:          3.8G       3.7G       136M       5.7M        20M       3.2G

MemTotal:        4016004 kB
MemFree:          138120 kB
Active:           297100 kB
Mem:          3.8G       3.7G       134M       5.7M        20M       3.2G

MemTotal:        4016004 kB
MemFree:          136652 kB
Active:           297084 kB
Mem:          3.8G       3.7G       133M       5.7M        20M       3.2G

MemTotal:        4016004 kB
MemFree:          135716 kB
Active:           297080 kB
Mem:          3.8G       3.7G       132M       5.7M        20M       3.2G

MemTotal:        4016004 kB
MemFree:          132420 kB
Active:           299140 kB
Mem:          3.8G       3.7G       129M       5.7M        20M       3.2G

MemTotal:        4016004 kB
MemFree:          121112 kB
Active:           298620 kB
Mem:          3.8G       3.7G       117M       5.7M        20M       3.3G

MemTotal:        4016004 kB
MemFree:          119532 kB
Active:           298248 kB
Mem:          3.8G       3.7G       116M       5.7M        20M       3.3G

MemTotal:        4016004 kB
MemFree:          127196 kB
Active:           298124 kB
Mem:          3.8G       3.7G       123M       5.7M        20M       3.3G

MemTotal:        4016004 kB
MemFree:          129644 kB
Active:           298124 kB
Mem:          3.8G       3.7G       125M       5.7M        20M       3.2G

MemTotal:        4016004 kB
MemFree:          140824 kB
Active:           298124 kB
Mem:          3.8G       3.7G       137M       5.7M        20M       3.2G

MemTotal:        4016004 kB
MemFree:          140996 kB
Active:           298104 kB
Mem:          3.8G       3.7G       137M       5.7M        20M       3.2G

MemTotal:        4016004 kB
MemFree:          139616 kB
Active:           298128 kB
Mem:          3.8G       3.7G       135M       5.7M        20M       3.2G

MemTotal:        4016004 kB
MemFree:          117324 kB
Active:           295576 kB
Mem:          3.8G       3.7G       114M       5.7M        20M       3.3G

MemTotal:        4016004 kB
MemFree:          116008 kB
Active:           295424 kB
Mem:          3.8G       3.7G       112M       5.7M        20M       3.3G

MemTotal:        4016004 kB
MemFree:          115016 kB
Active:           295480 kB
Mem:          3.8G       3.7G       111M       5.7M        20M       3.3G

MemTotal:        4016004 kB
MemFree:          113964 kB
Active:           295484 kB
Mem:          3.8G       3.7G       111M       5.7M        20M       3.3G

MemTotal:        4016004 kB
MemFree:          113000 kB
Active:           295448 kB
Mem:          3.8G       3.7G       110M       5.7M        20M       3.3G

MemTotal:        4016004 kB
MemFree:          109904 kB
Active:           295436 kB
Mem:          3.8G       3.7G       107M       5.7M        20M       3.3G

MemTotal:        4016004 kB
MemFree:          140224 kB
Active:           295496 kB
Mem:          3.8G       3.7G       136M       5.7M        20M       3.2G

MemTotal:        4016004 kB
MemFree:          117700 kB
Active:           295496 kB
Mem:          3.8G       3.7G       119M       5.7M        20M       3.3G

MemTotal:        4016004 kB
MemFree:          120896 kB
Active:           295368 kB
Mem:          3.8G       3.7G       117M       5.7M        20M       3.3G

MemTotal:        4016004 kB
MemFree:          128852 kB
Active:           295368 kB
Mem:          3.8G       3.7G       125M       5.7M        20M       3.2G

MemTotal:        4016004 kB
MemFree:          143704 kB
Active:           295376 kB
Mem:          3.8G       3.7G       140M       5.7M        20M       3.2G

MemTotal:        4016004 kB
MemFree:          130600 kB
Active:           295388 kB
Mem:          3.8G       3.7G       127M       5.7M        20M       3.2G

MemTotal:        4016004 kB
MemFree:          131120 kB
Active:           296192 kB
Mem:          3.8G       3.7G       127M       5.7M        20M       3.2G

MemTotal:        4016004 kB
MemFree:          110948 kB
Active:           296192 kB
Mem:          3.8G       3.7G       107M       5.7M        20M       3.3G

MemTotal:        4016004 kB
MemFree:          108632 kB
Active:           296204 kB
Mem:          3.8G       3.7G       105M       5.7M        20M       3.3G

MemTotal:        4016004 kB
MemFree:          107144 kB
Active:           296172 kB
Mem:          3.8G       3.7G       104M       5.7M        20M       3.3G

MemTotal:        4016004 kB
MemFree:          106156 kB
Active:           296160 kB
Mem:          3.8G       3.7G       103M       5.7M        20M       3.3G

MemTotal:        4016004 kB
MemFree:          138112 kB
Active:           295436 kB
Mem:          3.8G       3.7G       134M       5.7M        20M       3.2G

MemTotal:        4016004 kB
MemFree:          125372 kB
Active:           295032 kB
Mem:          3.8G       3.7G       121M       5.7M        20M       3.3G

MemTotal:        4016004 kB
MemFree:          118256 kB
Active:           294796 kB
Mem:          3.8G       3.7G       115M       5.7M        20M       3.3G

MemTotal:        4016004 kB
MemFree:          133300 kB
Active:           294656 kB
Mem:          3.8G       3.7G       130M       5.7M        20M       3.2G

MemTotal:        4016004 kB
MemFree:          133528 kB
Active:           294496 kB
Mem:          3.8G       3.7G       130M       5.7M        20M       3.2G

MemTotal:        4016004 kB
MemFree:          133404 kB
Active:           294496 kB
Mem:          3.8G       3.7G       130M       5.7M        20M       3.2G

MemTotal:        4016004 kB
MemFree:          133404 kB
Active:           294484 kB
Mem:          3.8G       3.7G       130M       5.7M        20M       3.2G

MemTotal:        4016004 kB
MemFree:          133652 kB
Active:           294480 kB
Mem:          3.8G       3.7G       130M       5.7M        20M       3.2G

MemTotal:        4016004 kB
MemFree:          133488 kB
Active:           294480 kB
Mem:          3.8G       3.7G       130M       5.7M        20M       3.2G

MemTotal:        4016004 kB
MemFree:          133044 kB
Active:           294484 kB
Mem:          3.8G       3.7G       129M       5.7M        20M       3.2G

MemTotal:        4016004 kB
MemFree:          133088 kB
Active:           294484 kB
Mem:          3.8G       3.7G       129M       5.7M        20M       3.2G

MemTotal:        4016004 kB
MemFree:          133460 kB
Active:           294516 kB
Mem:          3.8G       3.7G       130M       5.7M        20M       3.2G

MemTotal:        4016004 kB
MemFree:          133712 kB
Active:           294512 kB
Mem:          3.8G       3.7G       130M       5.7M        20M       3.2G

MemTotal:        4016004 kB
MemFree:          133684 kB
Active:           294520 kB
Mem:          3.8G       3.7G       130M       5.7M        20M       3.2G

MemTotal:        4016004 kB
MemFree:          133560 kB
Active:           294520 kB
Mem:          3.8G       3.7G       130M       5.7M        20M       3.2G

MemTotal:        4016004 kB
MemFree:          131636 kB
Active:           294464 kB
Mem:          3.8G       3.7G       128M       5.7M        20M       3.2G

MemTotal:        4016004 kB
MemFree:          129564 kB
Active:           297292 kB
Mem:          3.8G       3.7G       126M       5.7M        20M       3.2G

MemTotal:        4016004 kB
MemFree:          121948 kB
Active:           304376 kB
Mem:          3.8G       3.7G       119M       5.7M        27M       3.2G

MemTotal:        4016004 kB
MemFree:          122584 kB
Active:           304280 kB
Mem:          3.8G       3.7G       119M       5.7M        27M       3.2G

MemTotal:        4016004 kB
MemFree:          122748 kB
Active:           304012 kB
Mem:          3.8G       3.7G       119M       5.7M        27M       3.2G

MemTotal:        4016004 kB
MemFree:          122748 kB
Active:           304020 kB
Mem:          3.8G       3.7G       119M       5.7M        27M       3.2G

MemTotal:        4016004 kB
MemFree:          122500 kB
Active:           304048 kB
Mem:          3.8G       3.7G       119M       5.7M        27M       3.2G

MemTotal:        4016004 kB
MemFree:          122252 kB
Active:           304076 kB
Mem:          3.8G       3.7G       119M       5.7M        27M       3.2G

MemTotal:        4016004 kB
MemFree:          121756 kB
Active:           304076 kB
Mem:          3.8G       3.7G       118M       5.7M        27M       3.2G

MemTotal:        4016004 kB
MemFree:          121756 kB
Active:           304048 kB
Mem:          3.8G       3.7G       118M       5.7M        27M       3.2G

MemTotal:        4016004 kB
MemFree:          121632 kB
Active:           304032 kB
Mem:          3.8G       3.7G       118M       5.7M        27M       3.2G

MemTotal:        4016004 kB
MemFree:          121260 kB
Active:           304056 kB
Mem:          3.8G       3.7G       118M       5.7M        27M       3.2G

MemTotal:        4016004 kB
MemFree:          121508 kB
Active:           304060 kB
Mem:          3.8G       3.7G       118M       5.7M        27M       3.2G

MemTotal:        4016004 kB
MemFree:          121384 kB
Active:           304076 kB
Mem:          3.8G       3.7G       118M       5.7M        27M       3.2G

MemTotal:        4016004 kB
MemFree:          121012 kB
Active:           304076 kB
Mem:          3.8G       3.7G       118M       5.7M        27M       3.2G

MemTotal:        4016004 kB
MemFree:          121136 kB
Active:           304056 kB
Mem:          3.8G       3.7G       118M       5.7M        27M       3.2G

MemTotal:        4016004 kB
MemFree:          121384 kB
Active:           304084 kB
Mem:          3.8G       3.7G       118M       5.7M        27M       3.2G

MemTotal:        4016004 kB
MemFree:          121880 kB
Active:           304040 kB
Mem:          3.8G       3.7G       118M       5.7M        27M       3.2G

MemTotal:        4016004 kB
MemFree:          121508 kB
Active:           304040 kB
Mem:          3.8G       3.7G       118M       5.7M        27M       3.2G

MemTotal:        4016004 kB
MemFree:          121508 kB
Active:           304060 kB
Mem:          3.8G       3.7G       118M       5.7M        27M       3.2G

MemTotal:        4016004 kB
MemFree:          119460 kB
Active:           304052 kB
Mem:          3.8G       3.7G       116M       5.7M        27M       3.2G

MemTotal:        4016004 kB
MemFree:          119460 kB
Active:           304016 kB
Mem:          3.8G       3.7G       116M       5.7M        27M       3.2G

MemTotal:        4016004 kB
MemFree:          119492 kB
Active:           304036 kB
Mem:          3.8G       3.7G       116M       5.7M        27M       3.2G

MemTotal:        4016004 kB
MemFree:          119492 kB
Active:           306116 kB
Mem:          3.8G       3.7G       116M       5.7M        27M       3.2G

MemTotal:        4016004 kB
MemFree:          119120 kB
Active:           306128 kB
Mem:          3.8G       3.7G       116M       5.7M        27M       3.2G

MemTotal:        4016004 kB
MemFree:          119120 kB
Active:           306132 kB
Mem:          3.8G       3.7G       116M       5.7M        27M       3.2G

MemTotal:        4016004 kB
MemFree:          119120 kB
Active:           306124 kB
Mem:          3.8G       3.7G       116M       5.7M        27M       3.2G

MemTotal:        4016004 kB
MemFree:          119244 kB
Active:           306132 kB
Mem:          3.8G       3.7G       116M       5.7M        27M       3.2G

MemTotal:        4016004 kB
MemFree:          118748 kB
Active:           306144 kB
Mem:          3.8G       3.7G       116M       5.7M        27M       3.2G

MemTotal:        4016004 kB
MemFree:          119128 kB
Active:           306104 kB
Mem:          3.8G       3.7G       116M       5.7M        27M       3.2G

MemTotal:        4016004 kB
MemFree:          119376 kB
Active:           306108 kB
Mem:          3.8G       3.7G       116M       5.7M        27M       3.2G

MemTotal:        4016004 kB
MemFree:          119500 kB
Active:           306112 kB
Mem:          3.8G       3.7G       116M       5.7M        27M       3.2G

MemTotal:        4016004 kB
MemFree:          119252 kB
Active:           306144 kB
Mem:          3.8G       3.7G       116M       5.7M        27M       3.2G

MemTotal:        4016004 kB
MemFree:          119376 kB
Active:           306104 kB
Mem:          3.8G       3.7G       116M       5.7M        27M       3.2G

MemTotal:        4016004 kB
MemFree:          119376 kB
Active:           306108 kB
Mem:          3.8G       3.7G       116M       5.7M        27M       3.2G

MemTotal:        4016004 kB
MemFree:          119004 kB
Active:           306152 kB
Mem:          3.8G       3.7G       115M       5.7M        27M       3.2G

MemTotal:        4016004 kB
MemFree:          119252 kB
Active:           306140 kB
Mem:          3.8G       3.7G       116M       5.7M        27M       3.2G

MemTotal:        4016004 kB
MemFree:          119252 kB
Active:           306152 kB
Mem:          3.8G       3.7G       115M       5.7M        27M       3.2G

MemTotal:        4016004 kB
MemFree:          118880 kB
Active:           306156 kB
Mem:          3.8G       3.7G       116M       5.7M        27M       3.2G

MemTotal:        4016004 kB
MemFree:          119748 kB
Active:           306132 kB
Mem:          3.8G       3.7G       116M       5.7M        27M       3.2G

MemTotal:        4016004 kB
MemFree:          119624 kB
Active:           306140 kB
Mem:          3.8G       3.7G       116M       5.7M        27M       3.2G

MemTotal:        4016004 kB
MemFree:          119640 kB
Active:           306160 kB
Mem:          3.8G       3.7G       116M       5.7M        27M       3.2G

MemTotal:        4016004 kB
MemFree:          119516 kB
Active:           306132 kB
Mem:          3.8G       3.7G       116M       5.7M        27M       3.2G

MemTotal:        4016004 kB
MemFree:          119640 kB
Active:           306136 kB
Mem:          3.8G       3.7G       116M       5.7M        27M       3.2G

MemTotal:        4016004 kB
MemFree:          119764 kB
Active:           306172 kB
Mem:          3.8G       3.7G       116M       5.7M        27M       3.2G

MemTotal:        4016004 kB
MemFree:          119764 kB
Active:           306184 kB
Mem:          3.8G       3.7G       116M       5.7M        27M       3.2G

MemTotal:        4016004 kB
MemFree:          119640 kB
Active:           306160 kB
Mem:          3.8G       3.7G       116M       5.7M        27M       3.2G

MemTotal:        4016004 kB
MemFree:          119268 kB
Active:           306192 kB
Mem:          3.8G       3.7G       116M       5.7M        27M       3.2G

MemTotal:        4016004 kB
MemFree:          119020 kB
Active:           306160 kB
Mem:          3.8G       3.7G       116M       5.7M        27M       3.2G

MemTotal:        4016004 kB
MemFree:          119020 kB
Active:           306172 kB
Mem:          3.8G       3.7G       115M       5.7M        27M       3.2G

MemTotal:        4016004 kB
MemFree:          118896 kB
Active:           306168 kB
Mem:          3.8G       3.7G       116M       5.7M        27M       3.2G

MemTotal:        4016004 kB
MemFree:          119268 kB
Active:           306172 kB
Mem:          3.8G       3.7G       116M       5.7M        27M       3.2G

MemTotal:        4016004 kB
MemFree:          119020 kB
Active:           306176 kB
Mem:          3.8G       3.7G       116M       5.7M        27M       3.2G

MemTotal:        4016004 kB
MemFree:          118772 kB
Active:           306192 kB
Mem:          3.8G       3.7G       116M       5.7M        27M       3.2G

MemTotal:        4016004 kB
MemFree:          119020 kB
Active:           306140 kB
Mem:          3.8G       3.7G       116M       5.7M        27M       3.2G

MemTotal:        4016004 kB
MemFree:          119020 kB
Active:           306136 kB
Mem:          3.8G       3.7G       116M       5.7M        27M       3.2G

MemTotal:        4016004 kB
MemFree:          118896 kB
Active:           306196 kB
Mem:          3.8G       3.7G       116M       5.7M        27M       3.2G

MemTotal:        4016004 kB
MemFree:          119392 kB
Active:           306140 kB
Mem:          3.8G       3.7G       116M       5.7M        27M       3.2G

MemTotal:        4016004 kB
MemFree:          119392 kB
Active:           306140 kB
Mem:          3.8G       3.7G       116M       5.7M        27M       3.2G

MemTotal:        4016004 kB
MemFree:          119268 kB
Active:           306200 kB
Mem:          3.8G       3.7G       116M       5.7M        27M       3.2G

MemTotal:        4016004 kB
MemFree:          119268 kB
Active:           306164 kB
Mem:          3.8G       3.7G       116M       5.7M        27M       3.2G

MemTotal:        4016004 kB
MemFree:          119392 kB
Active:           306188 kB
Mem:          3.8G       3.7G       116M       5.7M        27M       3.2G

MemTotal:        4016004 kB
MemFree:          119516 kB
Active:           306196 kB
Mem:          3.8G       3.7G       116M       5.7M        27M       3.2G

MemTotal:        4016004 kB
MemFree:          119516 kB
Active:           306172 kB
Mem:          3.8G       3.7G       116M       5.7M        27M       3.2G

MemTotal:        4016004 kB
MemFree:          119144 kB
Active:           306192 kB
Mem:          3.8G       3.7G       116M       5.7M        27M       3.2G

MemTotal:        4016004 kB
MemFree:          119392 kB
Active:           306160 kB
Mem:          3.8G       3.7G       116M       5.7M        27M       3.2G

MemTotal:        4016004 kB
MemFree:          119392 kB
Active:           306176 kB
Mem:          3.8G       3.7G       116M       5.7M        27M       3.2G

MemTotal:        4016004 kB
MemFree:          118772 kB
Active:           306216 kB
Mem:          3.8G       3.7G       116M       5.7M        27M       3.2G

MemTotal:        4016004 kB
MemFree:          119268 kB
Active:           306176 kB
Mem:          3.8G       3.7G       116M       5.7M        27M       3.2G

MemTotal:        4016004 kB
MemFree:          119268 kB
Active:           306200 kB
Mem:          3.8G       3.7G       116M       5.7M        27M       3.2G

MemTotal:        4016004 kB
MemFree:          117344 kB
Active:           306180 kB
Mem:          3.8G       3.7G       114M       5.7M        27M       3.2G

MemTotal:        4016004 kB
MemFree:          116972 kB
Active:           308244 kB
Mem:          3.8G       3.7G       114M       5.7M        27M       3.2G

MemTotal:        4016004 kB
MemFree:          117220 kB
Active:           308224 kB
Mem:          3.8G       3.7G       114M       5.7M        27M       3.2G

MemTotal:        4016004 kB
MemFree:          117592 kB
Active:           308240 kB
Mem:          3.8G       3.7G       114M       5.7M        27M       3.2G

MemTotal:        4016004 kB
MemFree:          117344 kB
Active:           308236 kB
Mem:          3.8G       3.7G       114M       5.7M        27M       3.2G

MemTotal:        4016004 kB
MemFree:          117344 kB
Active:           308204 kB
Mem:          3.8G       3.7G       114M       5.7M        27M       3.2G

MemTotal:        4016004 kB
MemFree:          117220 kB
Active:           308248 kB
Mem:          3.8G       3.7G       114M       5.7M        27M       3.2G

MemTotal:        4016004 kB
MemFree:          117220 kB
Active:           308224 kB
Mem:          3.8G       3.7G       114M       5.7M        27M       3.2G

MemTotal:        4016004 kB
MemFree:          116972 kB
Active:           308252 kB
Mem:          3.8G       3.7G       114M       5.7M        27M       3.2G

MemTotal:        4016004 kB
MemFree:          117096 kB
Active:           308236 kB
Mem:          3.8G       3.7G       114M       5.7M        27M       3.2G

MemTotal:        4016004 kB
MemFree:          117344 kB
Active:           308244 kB
Mem:          3.8G       3.7G       114M       5.7M        27M       3.2G

MemTotal:        4016004 kB
MemFree:          117344 kB
Active:           308224 kB
Mem:          3.8G       3.7G       114M       5.7M        27M       3.2G

MemTotal:        4016004 kB
MemFree:          117344 kB
Active:           308220 kB
Mem:          3.8G       3.7G       114M       5.7M        27M       3.2G

MemTotal:        4016004 kB
MemFree:          117096 kB
Active:           308264 kB
Mem:          3.8G       3.7G       114M       5.7M        27M       3.2G

MemTotal:        4016004 kB
MemFree:          117344 kB
Active:           308236 kB
Mem:          3.8G       3.7G       114M       5.7M        27M       3.2G

MemTotal:        4016004 kB
MemFree:          117096 kB
Active:           308224 kB
Mem:          3.8G       3.7G       114M       5.7M        27M       3.2G

MemTotal:        4016004 kB
MemFree:          117096 kB
Active:           308220 kB
Mem:          3.8G       3.7G       114M       5.7M        27M       3.2G

MemTotal:        4016004 kB
MemFree:          116724 kB
Active:           308264 kB
Mem:          3.8G       3.7G       114M       5.7M        27M       3.2G

MemTotal:        4016004 kB
MemFree:          116724 kB
Active:           308224 kB
Mem:          3.8G       3.7G       114M       5.7M        27M       3.2G

MemTotal:        4016004 kB
MemFree:          116848 kB
Active:           308236 kB
Mem:          3.8G       3.7G       114M       5.7M        27M       3.2G

MemTotal:        4016004 kB
MemFree:          117344 kB
Active:           308252 kB
Mem:          3.8G       3.7G       114M       5.7M        27M       3.2G

MemTotal:        4016004 kB
MemFree:          117468 kB
Active:           308252 kB
Mem:          3.8G       3.7G       114M       5.7M        27M       3.2G

MemTotal:        4016004 kB
MemFree:          117220 kB
Active:           308256 kB
Mem:          3.8G       3.7G       114M       5.7M        27M       3.2G

MemTotal:        4016004 kB
MemFree:          116476 kB
Active:           308284 kB
Mem:          3.8G       3.7G       114M       5.7M        27M       3.2G

MemTotal:        4016004 kB
MemFree:          116600 kB
Active:           308288 kB
Mem:          3.8G       3.7G       113M       5.7M        27M       3.2G

MemTotal:        4016004 kB
MemFree:          116476 kB
Active:           308288 kB
Mem:          3.8G       3.7G       113M       5.7M        27M       3.2G

MemTotal:        4016004 kB
MemFree:          117096 kB
Active:           308236 kB
Mem:          3.8G       3.7G       114M       5.7M        27M       3.2G

MemTotal:        4016004 kB
MemFree:          116476 kB
Active:           308296 kB
Mem:          3.8G       3.7G       114M       5.7M        27M       3.2G

MemTotal:        4016004 kB
MemFree:          116724 kB
Active:           308268 kB
Mem:          3.8G       3.7G       114M       5.7M        27M       3.2G

MemTotal:        4016004 kB
MemFree:          116972 kB
Active:           308264 kB
Mem:          3.8G       3.7G       114M       5.7M        27M       3.2G

MemTotal:        4016004 kB
MemFree:          116972 kB
Active:           308272 kB
Mem:          3.8G       3.7G       114M       5.7M        27M       3.2G

MemTotal:        4016004 kB
MemFree:          117220 kB
Active:           308284 kB
Mem:          3.8G       3.7G       114M       5.7M        27M       3.2G

MemTotal:        4016004 kB
MemFree:          117220 kB
Active:           308288 kB
Mem:          3.8G       3.7G       114M       5.7M        28M       3.2G

MemTotal:        4016004 kB
MemFree:          117220 kB
Active:           308288 kB
Mem:          3.8G       3.7G       114M       5.7M        28M       3.2G

MemTotal:        4016004 kB
MemFree:          117220 kB
Active:           308296 kB
Mem:          3.8G       3.7G       114M       5.7M        28M       3.2G

MemTotal:        4016004 kB
MemFree:          117220 kB
Active:           308280 kB
Mem:          3.8G       3.7G       114M       5.7M        28M       3.2G

MemTotal:        4016004 kB
MemFree:          117220 kB
Active:           308292 kB
Mem:          3.8G       3.7G       114M       5.7M        28M       3.2G

MemTotal:        4016004 kB
MemFree:          117220 kB
Active:           308284 kB
Mem:          3.8G       3.7G       114M       5.7M        28M       3.2G

MemTotal:        4016004 kB
MemFree:          117220 kB
Active:           308296 kB
Mem:          3.8G       3.7G       114M       5.7M        28M       3.2G

MemTotal:        4016004 kB
MemFree:          114924 kB
Active:           308292 kB
Mem:          3.8G       3.7G       112M       5.7M        28M       3.2G

MemTotal:        4016004 kB
MemFree:          114800 kB
Active:           310324 kB
Mem:          3.8G       3.7G       111M       5.7M        28M       3.2G

MemTotal:        4016004 kB
MemFree:          114924 kB
Active:           310292 kB
Mem:          3.8G       3.7G       111M       5.7M        28M       3.2G

MemTotal:        4016004 kB
MemFree:          114924 kB
Active:           310292 kB
Mem:          3.8G       3.7G       112M       5.7M        28M       3.2G

MemTotal:        4016004 kB
MemFree:          114924 kB
Active:           310300 kB
Mem:          3.8G       3.7G       112M       5.7M        28M       3.2G

MemTotal:        4016004 kB
MemFree:          115048 kB
Active:           310312 kB
Mem:          3.8G       3.7G       112M       5.7M        28M       3.2G

MemTotal:        4016004 kB
MemFree:          114924 kB
Active:           310320 kB
Mem:          3.8G       3.7G       112M       5.7M        28M       3.2G

MemTotal:        4016004 kB
MemFree:          114924 kB
Active:           310296 kB
Mem:          3.8G       3.7G       111M       5.7M        28M       3.2G

MemTotal:        4016004 kB
MemFree:          115048 kB
Active:           310300 kB
Mem:          3.8G       3.7G       112M       5.7M        28M       3.2G

MemTotal:        4016004 kB
MemFree:          114924 kB
Active:           310316 kB
Mem:          3.8G       3.7G       112M       5.7M        28M       3.2G

MemTotal:        4016004 kB
MemFree:          114800 kB
Active:           310300 kB
Mem:          3.8G       3.7G       112M       5.7M        28M       3.2G

MemTotal:        4016004 kB
MemFree:          114924 kB
Active:           310316 kB
Mem:          3.8G       3.7G       111M       5.7M        28M       3.2G

MemTotal:        4016004 kB
MemFree:          114800 kB
Active:           310332 kB
Mem:          3.8G       3.7G       112M       5.7M        28M       3.2G

MemTotal:        4016004 kB
MemFree:          114924 kB
Active:           310344 kB
Mem:          3.8G       3.7G       112M       5.7M        28M       3.2G

MemTotal:        4016004 kB
MemFree:          115172 kB
Active:           310352 kB
Mem:          3.8G       3.7G       112M       5.7M        28M       3.2G

MemTotal:        4016004 kB
MemFree:          115048 kB
Active:           310324 kB
Mem:          3.8G       3.7G       112M       5.7M        28M       3.2G

MemTotal:        4016004 kB
MemFree:          115172 kB
Active:           310336 kB
Mem:          3.8G       3.7G       112M       5.7M        28M       3.2G

MemTotal:        4016004 kB
MemFree:          115048 kB
Active:           310372 kB
Mem:          3.8G       3.7G       112M       5.7M        28M       3.2G

MemTotal:        4016004 kB
MemFree:          115420 kB
Active:           310348 kB
Mem:          3.8G       3.7G       112M       5.7M        28M       3.2G

MemTotal:        4016004 kB
MemFree:          115420 kB
Active:           310364 kB
Mem:          3.8G       3.7G       112M       5.7M        28M       3.2G

MemTotal:        4016004 kB
MemFree:          115048 kB
Active:           310372 kB
Mem:          3.8G       3.7G       112M       5.7M        28M       3.2G

MemTotal:        4016004 kB
MemFree:          114924 kB
Active:           310380 kB
Mem:          3.8G       3.7G       112M       5.7M        28M       3.2G

MemTotal:        4016004 kB
MemFree:          115544 kB
Active:           310356 kB
Mem:          3.8G       3.7G       112M       5.7M        28M       3.2G

MemTotal:        4016004 kB
MemFree:          115420 kB
Active:           310380 kB
Mem:          3.8G       3.7G       112M       5.7M        28M       3.2G

MemTotal:        4016004 kB
MemFree:          115296 kB
Active:           310372 kB
Mem:          3.8G       3.7G       112M       5.7M        28M       3.2G

MemTotal:        4016004 kB
MemFree:          115544 kB
Active:           310332 kB
Mem:          3.8G       3.7G       112M       5.7M        28M       3.2G

MemTotal:        4016004 kB
MemFree:          115544 kB
Active:           310348 kB
Mem:          3.8G       3.7G       112M       5.7M        28M       3.2G

MemTotal:        4016004 kB
MemFree:          115544 kB
Active:           310364 kB
Mem:          3.8G       3.7G       112M       5.7M        28M       3.2G

MemTotal:        4016004 kB
MemFree:          115544 kB
Active:           310384 kB
Mem:          3.8G       3.7G       112M       5.7M        28M       3.2G

MemTotal:        4016004 kB
MemFree:          115420 kB
Active:           310344 kB
Mem:          3.8G       3.7G       112M       5.7M        28M       3.2G

MemTotal:        4016004 kB
MemFree:          115420 kB
Active:           310356 kB
Mem:          3.8G       3.7G       112M       5.7M        28M       3.2G

MemTotal:        4016004 kB
MemFree:          115792 kB
Active:           310340 kB
Mem:          3.8G       3.7G       112M       5.7M        28M       3.2G

MemTotal:        4016004 kB
MemFree:          115792 kB
Active:           310352 kB
Mem:          3.8G       3.7G       112M       5.7M        28M       3.2G

MemTotal:        4016004 kB
MemFree:          115916 kB
Active:           310376 kB
Mem:          3.8G       3.7G       113M       5.7M        28M       3.2G

MemTotal:        4016004 kB
MemFree:          115544 kB
Active:           310400 kB
Mem:          3.8G       3.7G       112M       5.7M        28M       3.2G

MemTotal:        4016004 kB
MemFree:          116040 kB
Active:           310356 kB
Mem:          3.8G       3.7G       112M       5.7M        28M       3.2G

MemTotal:        4016004 kB
MemFree:          115916 kB
Active:           310364 kB
Mem:          3.8G       3.7G       113M       5.7M        28M       3.2G

MemTotal:        4016004 kB
MemFree:          115792 kB
Active:           310380 kB
Mem:          3.8G       3.7G       113M       5.7M        28M       3.2G

MemTotal:        4016004 kB
MemFree:          115792 kB
Active:           310388 kB
Mem:          3.8G       3.7G       112M       5.7M        28M       3.2G

MemTotal:        4016004 kB
MemFree:          115916 kB
Active:           310396 kB
Mem:          3.8G       3.7G       113M       5.7M        28M       3.2G

MemTotal:        4016004 kB
MemFree:          116040 kB
Active:           310412 kB
Mem:          3.8G       3.7G       113M       5.7M        28M       3.2G

MemTotal:        4016004 kB
MemFree:          115668 kB
Active:           310388 kB
Mem:          3.8G       3.7G       112M       5.7M        28M       3.2G

MemTotal:        4016004 kB
MemFree:          115172 kB
Active:           310380 kB
Mem:          3.8G       3.7G       112M       5.7M        28M       3.2G

MemTotal:        4016004 kB
MemFree:          115048 kB
Active:           310392 kB
Mem:          3.8G       3.7G       112M       5.7M        28M       3.2G

MemTotal:        4016004 kB
MemFree:          115048 kB
Active:           310392 kB
Mem:          3.8G       3.7G       112M       5.7M        28M       3.2G

MemTotal:        4016004 kB
MemFree:          114800 kB
Active:           310428 kB
Mem:          3.8G       3.7G       112M       5.7M        28M       3.2G

MemTotal:        4016004 kB
MemFree:          114800 kB
Active:           310424 kB
Mem:          3.8G       3.7G       112M       5.7M        28M       3.2G

MemTotal:        4016004 kB
MemFree:          115172 kB
Active:           310412 kB
Mem:          3.8G       3.7G       112M       5.7M        28M       3.2G

MemTotal:        4016004 kB
MemFree:          115544 kB
Active:           310428 kB
Mem:          3.8G       3.7G       112M       5.7M        28M       3.2G

MemTotal:        4016004 kB
MemFree:          115296 kB
Active:           310428 kB
Mem:          3.8G       3.7G       112M       5.7M        28M       3.2G

MemTotal:        4016004 kB
MemFree:          115172 kB
Active:           310424 kB
Mem:          3.8G       3.7G       112M       5.7M        28M       3.2G

MemTotal:        4016004 kB
MemFree:          114924 kB
Active:           310452 kB
Mem:          3.8G       3.7G       112M       5.7M        28M       3.2G

MemTotal:        4016004 kB
MemFree:          114924 kB
Active:           310400 kB
Mem:          3.8G       3.7G       112M       5.7M        28M       3.2G

MemTotal:        4016004 kB
MemFree:          114924 kB
Active:           310408 kB
Mem:          3.8G       3.7G       112M       5.7M        28M       3.2G

MemTotal:        4016004 kB
MemFree:          114552 kB
Active:           310452 kB
Mem:          3.8G       3.7G       112M       5.7M        28M       3.2G

MemTotal:        4016004 kB
MemFree:          115048 kB
Active:           310448 kB
Mem:          3.8G       3.7G       112M       5.7M        28M       3.2G

MemTotal:        4016004 kB
MemFree:          114676 kB
Active:           310452 kB
Mem:          3.8G       3.7G       111M       5.7M        28M       3.2G

MemTotal:        4016004 kB
MemFree:          115048 kB
Active:           310404 kB
Mem:          3.8G       3.7G       111M       5.7M        28M       3.2G

MemTotal:        4016004 kB
MemFree:          114304 kB
Active:           310464 kB
Mem:          3.8G       3.7G       111M       5.7M        28M       3.2G

MemTotal:        4016004 kB
MemFree:          114056 kB
Active:           310464 kB
Mem:          3.8G       3.7G       111M       5.7M        28M       3.2G

MemTotal:        4016004 kB
MemFree:          114552 kB
Active:           310424 kB
Mem:          3.8G       3.7G       111M       5.7M        28M       3.2G

MemTotal:        4016004 kB
MemFree:          114552 kB
Active:           310424 kB
Mem:          3.8G       3.7G       111M       5.7M        28M       3.2G

MemTotal:        4016004 kB
MemFree:          114552 kB
Active:           310420 kB
Mem:          3.8G       3.7G       111M       5.7M        28M       3.2G

MemTotal:        4016004 kB
MemFree:          114676 kB
Active:           310444 kB
Mem:          3.8G       3.7G       111M       5.7M        28M       3.2G

MemTotal:        4016004 kB
MemFree:          114428 kB
Active:           310736 kB
Mem:          3.8G       3.7G       111M       5.7M        28M       3.2G

MemTotal:        4016004 kB
MemFree:          114660 kB
Active:           310536 kB
Mem:          3.8G       3.7G       111M       5.7M        28M       3.2G

