MemTotal:        4016004 kB
MemFree:         3233276 kB
Active:           429724 kB
Mem:          3.8G       764M       3.1G       5.7M        52M       321M

MemTotal:        4016004 kB
MemFree:         3232500 kB
Active:           430132 kB
Mem:          3.8G       765M       3.1G       5.7M        52M       322M

MemTotal:        4016004 kB
MemFree:         3232128 kB
Active:           430204 kB
Mem:          3.8G       765M       3.1G       5.7M        52M       322M

MemTotal:        4016004 kB
MemFree:         3231552 kB
Active:           430248 kB
Mem:          3.8G       766M       3.1G       5.7M        52M       322M

MemTotal:        4016004 kB
MemFree:         3230932 kB
Active:           430216 kB
Mem:          3.8G       766M       3.1G       5.7M        52M       322M

MemTotal:        4016004 kB
MemFree:         3230916 kB
Active:           430256 kB
Mem:          3.8G       766M       3.1G       5.7M        52M       322M

MemTotal:        4016004 kB
MemFree:         3231040 kB
Active:           430248 kB
Mem:          3.8G       766M       3.1G       5.7M        52M       322M

MemTotal:        4016004 kB
MemFree:         3231164 kB
Active:           430244 kB
Mem:          3.8G       766M       3.1G       5.7M        52M       322M

MemTotal:        4016004 kB
MemFree:         3231024 kB
Active:           430252 kB
Mem:          3.8G       766M       3.1G       5.7M        52M       322M

MemTotal:        4016004 kB
MemFree:         3231380 kB
Active:           430256 kB
Mem:          3.8G       766M       3.1G       5.7M        52M       322M

MemTotal:        4016004 kB
MemFree:         3232000 kB
Active:           430236 kB
Mem:          3.8G       765M       3.1G       5.7M        52M       322M

MemTotal:        4016004 kB
MemFree:         3232000 kB
Active:           430212 kB
Mem:          3.8G       765M       3.1G       5.7M        52M       322M

MemTotal:        4016004 kB
MemFree:         3231876 kB
Active:           430260 kB
Mem:          3.8G       765M       3.1G       5.7M        52M       322M

MemTotal:        4016004 kB
MemFree:         3231892 kB
Active:           430260 kB
Mem:          3.8G       766M       3.1G       5.7M        52M       322M

MemTotal:        4016004 kB
MemFree:         3231628 kB
Active:           430260 kB
Mem:          3.8G       765M       3.1G       5.7M        52M       322M

MemTotal:        4016004 kB
MemFree:         3231256 kB
Active:           430264 kB
Mem:          3.8G       765M       3.1G       5.7M        52M       322M

MemTotal:        4016004 kB
MemFree:         3231752 kB
Active:           430216 kB
Mem:          3.8G       765M       3.1G       5.7M        52M       322M

MemTotal:        4016004 kB
MemFree:         3231612 kB
Active:           430232 kB
Mem:          3.8G       766M       3.1G       5.7M        52M       322M

MemTotal:        4016004 kB
MemFree:         3231860 kB
Active:           430248 kB
Mem:          3.8G       765M       3.1G       5.7M        52M       322M

MemTotal:        4016004 kB
MemFree:         3231240 kB
Active:           430264 kB
Mem:          3.8G       766M       3.1G       5.7M        52M       322M

MemTotal:        4016004 kB
MemFree:         3231240 kB
Active:           430268 kB
Mem:          3.8G       766M       3.1G       5.7M        52M       322M

MemTotal:        4016004 kB
MemFree:         3231720 kB
Active:           430240 kB
Mem:          3.8G       766M       3.1G       5.7M        52M       322M

MemTotal:        4016004 kB
MemFree:         3231720 kB
Active:           430252 kB
Mem:          3.8G       766M       3.1G       5.7M        52M       322M

MemTotal:        4016004 kB
MemFree:         3231348 kB
Active:           430272 kB
Mem:          3.8G       765M       3.1G       5.7M        52M       322M

MemTotal:        4016004 kB
MemFree:         3231828 kB
Active:           430232 kB
Mem:          3.8G       765M       3.1G       5.7M        52M       322M

MemTotal:        4016004 kB
MemFree:         3231952 kB
Active:           430260 kB
Mem:          3.8G       765M       3.1G       5.7M        52M       322M

MemTotal:        4016004 kB
MemFree:         3231688 kB
Active:           430244 kB
Mem:          3.8G       766M       3.1G       5.7M        52M       322M

MemTotal:        4016004 kB
MemFree:         3231176 kB
Active:           430276 kB
Mem:          3.8G       766M       3.1G       5.7M        52M       322M

MemTotal:        4016004 kB
MemFree:         3231424 kB
Active:           430268 kB
Mem:          3.8G       766M       3.1G       5.7M        52M       322M

MemTotal:        4016004 kB
MemFree:         3231548 kB
Active:           430240 kB
Mem:          3.8G       766M       3.1G       5.7M        52M       322M

MemTotal:        4016004 kB
MemFree:         3231548 kB
Active:           430240 kB
Mem:          3.8G       766M       3.1G       5.7M        52M       322M

MemTotal:        4016004 kB
MemFree:         3231532 kB
Active:           430256 kB
Mem:          3.8G       766M       3.1G       5.7M        52M       322M

MemTotal:        4016004 kB
MemFree:         3231392 kB
Active:           430260 kB
Mem:          3.8G       766M       3.1G       5.7M        52M       322M

MemTotal:        4016004 kB
MemFree:         3231348 kB
Active:           430276 kB
Mem:          3.8G       766M       3.1G       5.7M        52M       322M

MemTotal:        4016004 kB
MemFree:         3231348 kB
Active:           430288 kB
Mem:          3.8G       766M       3.1G       5.7M        52M       322M

MemTotal:        4016004 kB
MemFree:         3231224 kB
Active:           430248 kB
Mem:          3.8G       766M       3.1G       5.7M        52M       322M

MemTotal:        4016004 kB
MemFree:         3231720 kB
Active:           430252 kB
Mem:          3.8G       765M       3.1G       5.7M        52M       322M

MemTotal:        4016004 kB
MemFree:         3231472 kB
Active:           430296 kB
Mem:          3.8G       765M       3.1G       5.7M        52M       322M

MemTotal:        4016004 kB
MemFree:         3231548 kB
Active:           430248 kB
Mem:          3.8G       766M       3.1G       5.7M        52M       322M

MemTotal:        4016004 kB
MemFree:         3231720 kB
Active:           430264 kB
Mem:          3.8G       765M       3.1G       5.7M        52M       322M

MemTotal:        4016004 kB
MemFree:         3231224 kB
Active:           430300 kB
Mem:          3.8G       766M       3.1G       5.7M        52M       322M

MemTotal:        4016004 kB
MemFree:         3231720 kB
Active:           430252 kB
Mem:          3.8G       766M       3.1G       5.7M        52M       322M

MemTotal:        4016004 kB
MemFree:         3230044 kB
Active:           430264 kB
Mem:          3.8G       767M       3.1G       5.7M        52M       322M

MemTotal:        4016004 kB
MemFree:         3229548 kB
Active:           432332 kB
Mem:          3.8G       767M       3.1G       5.7M        52M       322M

MemTotal:        4016004 kB
MemFree:         3229920 kB
Active:           432324 kB
Mem:          3.8G       767M       3.1G       5.7M        52M       322M

MemTotal:        4016004 kB
MemFree:         3229052 kB
Active:           432336 kB
Mem:          3.8G       768M       3.1G       5.7M        52M       322M

MemTotal:        4016004 kB
MemFree:         3229036 kB
Active:           432336 kB
Mem:          3.8G       768M       3.1G       5.7M        52M       322M

MemTotal:        4016004 kB
MemFree:         3229408 kB
Active:           432288 kB
Mem:          3.8G       767M       3.1G       5.7M        52M       322M

MemTotal:        4016004 kB
MemFree:         3229408 kB
Active:           432324 kB
Mem:          3.8G       768M       3.1G       5.7M        52M       322M

MemTotal:        4016004 kB
MemFree:         3229888 kB
Active:           432340 kB
Mem:          3.8G       767M       3.1G       5.7M        52M       322M

MemTotal:        4016004 kB
MemFree:         3229500 kB
Active:           432348 kB
Mem:          3.8G       768M       3.1G       5.7M        52M       322M

MemTotal:        4016004 kB
MemFree:         3229236 kB
Active:           432296 kB
Mem:          3.8G       768M       3.1G       5.7M        52M       322M

MemTotal:        4016004 kB
MemFree:         3229048 kB
Active:           430292 kB
Mem:          3.8G       768M       3.1G       5.7M        52M       322M

MemTotal:        4016004 kB
MemFree:         3228676 kB
Active:           432372 kB
Mem:          3.8G       768M       3.1G       5.7M        52M       322M

MemTotal:        4016004 kB
MemFree:         3228676 kB
Active:           432372 kB
Mem:          3.8G       768M       3.1G       5.7M        52M       322M

MemTotal:        4016004 kB
MemFree:         3229032 kB
Active:           432344 kB
Mem:          3.8G       768M       3.1G       5.7M        52M       322M

MemTotal:        4016004 kB
MemFree:         3229388 kB
Active:           432352 kB
Mem:          3.8G       768M       3.1G       5.7M        52M       322M

MemTotal:        4016004 kB
MemFree:         3228892 kB
Active:           432376 kB
Mem:          3.8G       768M       3.1G       5.7M        52M       322M

MemTotal:        4016004 kB
MemFree:         3229496 kB
Active:           432352 kB
Mem:          3.8G       767M       3.1G       5.7M        52M       322M

MemTotal:        4016004 kB
MemFree:         3229604 kB
Active:           432364 kB
Mem:          3.8G       767M       3.1G       5.7M        52M       322M

MemTotal:        4016004 kB
MemFree:         3229232 kB
Active:           432384 kB
Mem:          3.8G       768M       3.1G       5.7M        52M       322M

MemTotal:        4016004 kB
MemFree:         3229340 kB
Active:           432328 kB
Mem:          3.8G       768M       3.1G       5.7M        52M       322M

MemTotal:        4016004 kB
MemFree:         3226920 kB
Active:           432360 kB
Mem:          3.8G       770M       3.1G       5.7M        52M       322M

MemTotal:        4016004 kB
MemFree:         3226796 kB
Active:           434408 kB
Mem:          3.8G       770M       3.1G       5.7M        52M       322M

MemTotal:        4016004 kB
MemFree:         3226796 kB
Active:           434368 kB
Mem:          3.8G       770M       3.1G       5.7M        52M       322M

MemTotal:        4016004 kB
MemFree:         3226656 kB
Active:           434360 kB
Mem:          3.8G       770M       3.1G       5.7M        52M       322M

MemTotal:        4016004 kB
MemFree:         3227152 kB
Active:           434416 kB
Mem:          3.8G       770M       3.1G       5.7M        52M       322M

MemTotal:        4016004 kB
MemFree:         3226780 kB
Active:           434420 kB
Mem:          3.8G       770M       3.1G       5.7M        52M       322M

MemTotal:        4016004 kB
MemFree:         3227152 kB
Active:           434384 kB
Mem:          3.8G       770M       3.1G       5.7M        52M       322M

MemTotal:        4016004 kB
MemFree:         3227260 kB
Active:           434400 kB
Mem:          3.8G       770M       3.1G       5.7M        52M       322M

MemTotal:        4016004 kB
MemFree:         3227120 kB
Active:           434384 kB
Mem:          3.8G       770M       3.1G       5.7M        52M       322M

MemTotal:        4016004 kB
MemFree:         3226484 kB
Active:           434424 kB
Mem:          3.8G       770M       3.1G       5.7M        52M       322M

MemTotal:        4016004 kB
MemFree:         3226856 kB
Active:           434420 kB
Mem:          3.8G       771M       3.1G       5.7M        52M       322M

MemTotal:        4016004 kB
MemFree:         3226468 kB
Active:           434384 kB
Mem:          3.8G       771M       3.1G       5.7M        52M       322M

MemTotal:        4016004 kB
MemFree:         3226344 kB
Active:           434424 kB
Mem:          3.8G       770M       3.1G       5.7M        52M       322M

MemTotal:        4016004 kB
MemFree:         3226764 kB
Active:           434412 kB
Mem:          3.8G       770M       3.1G       5.7M        52M       322M

MemTotal:        4016004 kB
MemFree:         3226764 kB
Active:           434412 kB
Mem:          3.8G       770M       3.1G       5.7M        52M       322M

MemTotal:        4016004 kB
MemFree:         3226392 kB
Active:           434432 kB
Mem:          3.8G       770M       3.1G       5.7M        52M       322M

MemTotal:        4016004 kB
MemFree:         3226764 kB
Active:           434420 kB
Mem:          3.8G       770M       3.1G       5.7M        52M       322M

MemTotal:        4016004 kB
MemFree:         3226268 kB
Active:           434432 kB
Mem:          3.8G       770M       3.1G       5.7M        52M       322M

MemTotal:        4016004 kB
MemFree:         3226640 kB
Active:           434420 kB
Mem:          3.8G       771M       3.1G       5.7M        52M       322M

MemTotal:        4016004 kB
MemFree:         3226764 kB
Active:           434388 kB
Mem:          3.8G       771M       3.1G       5.7M        52M       322M

MemTotal:        4016004 kB
MemFree:         3225212 kB
Active:           434400 kB
Mem:          3.8G       772M       3.1G       5.7M        52M       322M

MemTotal:        4016004 kB
MemFree:         3225544 kB
Active:           436420 kB
Mem:          3.8G       771M       3.1G       5.7M        52M       322M

MemTotal:        4016004 kB
MemFree:         3225668 kB
Active:           436416 kB
Mem:          3.8G       772M       3.1G       5.7M        52M       322M

MemTotal:        4016004 kB
MemFree:         3225544 kB
Active:           436460 kB
Mem:          3.8G       771M       3.1G       5.7M        52M       322M

MemTotal:        4016004 kB
MemFree:         3225048 kB
Active:           436472 kB
Mem:          3.8G       772M       3.1G       5.7M        52M       322M

MemTotal:        4016004 kB
MemFree:         3225296 kB
Active:           436460 kB
Mem:          3.8G       772M       3.1G       5.7M        52M       322M

MemTotal:        4016004 kB
MemFree:         3225188 kB
Active:           436476 kB
Mem:          3.8G       772M       3.1G       5.7M        52M       322M

MemTotal:        4016004 kB
MemFree:         3225188 kB
Active:           436436 kB
Mem:          3.8G       772M       3.1G       5.7M        52M       322M

MemTotal:        4016004 kB
MemFree:         3224940 kB
Active:           436480 kB
Mem:          3.8G       772M       3.1G       5.7M        52M       322M

MemTotal:        4016004 kB
MemFree:         3225560 kB
Active:           436480 kB
Mem:          3.8G       772M       3.1G       5.7M        52M       322M

MemTotal:        4016004 kB
MemFree:         3222892 kB
Active:           436460 kB
Mem:          3.8G       774M       3.1G       5.7M        52M       322M

MemTotal:        4016004 kB
MemFree:         3223016 kB
Active:           438508 kB
Mem:          3.8G       774M       3.1G       5.7M        52M       322M

MemTotal:        4016004 kB
MemFree:         3223264 kB
Active:           438456 kB
Mem:          3.8G       774M       3.1G       5.7M        52M       322M

MemTotal:        4016004 kB
MemFree:         3223264 kB
Active:           438468 kB
Mem:          3.8G       774M       3.1G       5.7M        52M       322M

MemTotal:        4016004 kB
MemFree:         3223264 kB
Active:           438508 kB
Mem:          3.8G       773M       3.1G       5.7M        52M       322M

MemTotal:        4016004 kB
MemFree:         3223016 kB
Active:           438520 kB
Mem:          3.8G       774M       3.1G       5.7M        52M       322M

MemTotal:        4016004 kB
MemFree:         3223124 kB
Active:           438516 kB
Mem:          3.8G       774M       3.1G       5.7M        52M       322M

MemTotal:        4016004 kB
MemFree:         3223124 kB
Active:           438472 kB
Mem:          3.8G       774M       3.1G       5.7M        52M       322M

MemTotal:        4016004 kB
MemFree:         3223108 kB
Active:           438468 kB
Mem:          3.8G       774M       3.1G       5.7M        52M       322M

MemTotal:        4016004 kB
MemFree:         2814312 kB
Active:           445744 kB
Mem:          3.8G       1.1G       2.7G       5.7M        52M       703M

MemTotal:        4016004 kB
MemFree:         2765628 kB
Active:           448752 kB
Mem:          3.8G       1.2G       2.6G       5.7M        52M       749M

MemTotal:        4016004 kB
MemFree:         2719360 kB
Active:           449004 kB
Mem:          3.8G       1.2G       2.6G       5.7M        52M       794M

MemTotal:        4016004 kB
MemFree:         2670932 kB
Active:           449192 kB
Mem:          3.8G       1.3G       2.5G       5.7M        52M       840M

MemTotal:        4016004 kB
MemFree:         2627276 kB
Active:           449416 kB
Mem:          3.8G       1.3G       2.5G       5.7M        52M       881M

MemTotal:        4016004 kB
MemFree:         2588332 kB
Active:           449564 kB
Mem:          3.8G       1.4G       2.5G       5.7M        52M       918M

MemTotal:        4016004 kB
MemFree:         2550604 kB
Active:           449804 kB
Mem:          3.8G       1.4G       2.4G       5.7M        52M       954M

MemTotal:        4016004 kB
MemFree:         2506048 kB
Active:           449992 kB
Mem:          3.8G       1.4G       2.4G       5.7M        52M       996M

MemTotal:        4016004 kB
MemFree:         2462380 kB
Active:           450156 kB
Mem:          3.8G       1.5G       2.3G       5.7M        52M       1.0G

MemTotal:        4016004 kB
MemFree:         2415704 kB
Active:           450352 kB
Mem:          3.8G       1.5G       2.3G       5.7M        52M       1.1G

MemTotal:        4016004 kB
MemFree:         2373344 kB
Active:           450520 kB
Mem:          3.8G       1.6G       2.3G       5.7M        52M       1.1G

MemTotal:        4016004 kB
MemFree:         2349872 kB
Active:           450616 kB
Mem:          3.8G       1.6G       2.2G       5.7M        52M       1.1G

MemTotal:        4016004 kB
MemFree:         2348824 kB
Active:           450616 kB
Mem:          3.8G       1.6G       2.2G       5.7M        52M       1.1G

MemTotal:        4016004 kB
MemFree:         2265740 kB
Active:           450936 kB
Mem:          3.8G       1.7G       2.2G       5.7M        52M       1.2G

MemTotal:        4016004 kB
MemFree:         2211540 kB
Active:           451152 kB
Mem:          3.8G       1.7G       2.1G       5.7M        52M       1.2G

MemTotal:        4016004 kB
MemFree:         2170012 kB
Active:           451316 kB
Mem:          3.8G       1.8G       2.1G       5.7M        52M       1.3G

MemTotal:        4016004 kB
MemFree:         2125052 kB
Active:           451500 kB
Mem:          3.8G       1.8G       2.0G       5.7M        52M       1.3G

MemTotal:        4016004 kB
MemFree:         2082936 kB
Active:           451672 kB
Mem:          3.8G       1.8G       2.0G       5.7M        52M       1.4G

MemTotal:        4016004 kB
MemFree:         2066980 kB
Active:           451748 kB
Mem:          3.8G       1.9G       2.0G       5.7M        52M       1.4G

MemTotal:        4016004 kB
MemFree:         2042028 kB
Active:           451792 kB
Mem:          3.8G       1.9G       1.9G       5.7M        52M       1.4G

MemTotal:        4016004 kB
MemFree:         1975496 kB
Active:           452092 kB
Mem:          3.8G       1.9G       1.9G       5.7M        52M       1.5G

MemTotal:        4016004 kB
MemFree:         1915096 kB
Active:           452320 kB
Mem:          3.8G       2.0G       1.8G       5.7M        52M       1.5G

MemTotal:        4016004 kB
MemFree:         1864860 kB
Active:           452540 kB
Mem:          3.8G       2.1G       1.8G       5.7M        52M       1.6G

MemTotal:        4016004 kB
MemFree:         1863900 kB
Active:           452540 kB
Mem:          3.8G       2.1G       1.8G       5.7M        52M       1.6G

MemTotal:        4016004 kB
MemFree:         1710872 kB
Active:           453044 kB
Mem:          3.8G       2.2G       1.6G       5.7M        52M       1.7G

MemTotal:        4016004 kB
MemFree:         1649944 kB
Active:           453328 kB
Mem:          3.8G       2.3G       1.6G       5.7M        52M       1.8G

MemTotal:        4016004 kB
MemFree:         1589256 kB
Active:           453576 kB
Mem:          3.8G       2.3G       1.5G       5.7M        52M       1.8G

MemTotal:        4016004 kB
MemFree:         1543676 kB
Active:           453764 kB
Mem:          3.8G       2.4G       1.5G       5.7M        52M       1.9G

MemTotal:        4016004 kB
MemFree:         1505900 kB
Active:           453920 kB
Mem:          3.8G       2.4G       1.4G       5.7M        52M       1.9G

MemTotal:        4016004 kB
MemFree:         1463616 kB
Active:           454100 kB
Mem:          3.8G       2.4G       1.4G       5.7M        52M       1.9G

MemTotal:        4016004 kB
MemFree:         1424772 kB
Active:           454236 kB
Mem:          3.8G       2.5G       1.4G       5.7M        52M       2.0G

MemTotal:        4016004 kB
MemFree:         1378204 kB
Active:           454392 kB
Mem:          3.8G       2.5G       1.3G       5.7M        52M       2.0G

MemTotal:        4016004 kB
MemFree:         1329416 kB
Active:           454600 kB
Mem:          3.8G       2.6G       1.3G       5.7M        52M       2.1G

MemTotal:        4016004 kB
MemFree:         1282504 kB
Active:           454772 kB
Mem:          3.8G       2.6G       1.2G       5.7M        52M       2.1G

MemTotal:        4016004 kB
MemFree:         1244472 kB
Active:           454948 kB
Mem:          3.8G       2.6G       1.2G       5.7M        52M       2.1G

MemTotal:        4016004 kB
MemFree:         1209456 kB
Active:           455088 kB
Mem:          3.8G       2.7G       1.2G       5.7M        52M       2.2G

MemTotal:        4016004 kB
MemFree:         1174540 kB
Active:           455236 kB
Mem:          3.8G       2.7G       1.1G       5.7M        52M       2.2G

MemTotal:        4016004 kB
MemFree:         1135012 kB
Active:           455368 kB
Mem:          3.8G       2.7G       1.1G       5.7M        52M       2.2G

MemTotal:        4016004 kB
MemFree:         1078024 kB
Active:           455556 kB
Mem:          3.8G       2.8G       1.0G       5.7M        52M       2.3G

MemTotal:        4016004 kB
MemFree:         1029220 kB
Active:           455776 kB
Mem:          3.8G       2.8G       1.0G       5.7M        52M       2.3G

MemTotal:        4016004 kB
MemFree:          993500 kB
Active:           455940 kB
Mem:          3.8G       2.9G       969M       5.7M        52M       2.4G

MemTotal:        4016004 kB
MemFree:          957784 kB
Active:           456072 kB
Mem:          3.8G       2.9G       935M       5.7M        52M       2.4G

MemTotal:        4016004 kB
MemFree:          918556 kB
Active:           456204 kB
Mem:          3.8G       3.0G       896M       5.7M        52M       2.4G

MemTotal:        4016004 kB
MemFree:          868040 kB
Active:           456396 kB
Mem:          3.8G       3.0G       846M       5.7M        52M       2.5G

MemTotal:        4016004 kB
MemFree:          832520 kB
Active:           456588 kB
Mem:          3.8G       3.0G       812M       5.7M        52M       2.5G

MemTotal:        4016004 kB
MemFree:          784420 kB
Active:           456756 kB
Mem:          3.8G       3.1G       765M       5.7M        52M       2.6G

MemTotal:        4016004 kB
MemFree:          748568 kB
Active:           456860 kB
Mem:          3.8G       3.1G       730M       5.7M        52M       2.6G

MemTotal:        4016004 kB
MemFree:          694960 kB
Active:           456984 kB
Mem:          3.8G       3.2G       677M       5.7M        52M       2.7G

MemTotal:        4016004 kB
MemFree:          636356 kB
Active:           457280 kB
Mem:          3.8G       3.2G       620M       5.7M        52M       2.7G

MemTotal:        4016004 kB
MemFree:          584336 kB
Active:           457484 kB
Mem:          3.8G       3.3G       570M       5.7M        52M       2.8G

MemTotal:        4016004 kB
MemFree:          548624 kB
Active:           457624 kB
Mem:          3.8G       3.3G       534M       5.7M        52M       2.8G

MemTotal:        4016004 kB
MemFree:          512120 kB
Active:           457816 kB
Mem:          3.8G       3.3G       499M       5.7M        52M       2.8G

MemTotal:        4016004 kB
MemFree:          475532 kB
Active:           457956 kB
Mem:          3.8G       3.4G       463M       5.7M        52M       2.9G

MemTotal:        4016004 kB
MemFree:          420164 kB
Active:           458124 kB
Mem:          3.8G       3.4G       409M       5.7M        52M       2.9G

MemTotal:        4016004 kB
MemFree:          369768 kB
Active:           458332 kB
Mem:          3.8G       3.5G       360M       5.7M        52M       3.0G

MemTotal:        4016004 kB
MemFree:          353244 kB
Active:           458468 kB
Mem:          3.8G       3.5G       344M       5.7M        52M       3.0G

MemTotal:        4016004 kB
MemFree:          329504 kB
Active:           458560 kB
Mem:          3.8G       3.5G       321M       5.7M        52M       3.0G

MemTotal:        4016004 kB
MemFree:          283880 kB
Active:           458656 kB
Mem:          3.8G       3.6G       276M       5.7M        52M       3.0G

MemTotal:        4016004 kB
MemFree:          188212 kB
Active:           458816 kB
Mem:          3.8G       3.7G       183M       5.7M        52M       3.1G

MemTotal:        4016004 kB
MemFree:          157684 kB
Active:           424840 kB
Mem:          3.8G       3.7G       153M       5.7M        41M       3.2G

MemTotal:        4016004 kB
MemFree:          128436 kB
Active:           436044 kB
Mem:          3.8G       3.7G       125M       5.7M        41M       3.2G

MemTotal:        4016004 kB
MemFree:          124604 kB
Active:           436468 kB
Mem:          3.8G       3.7G       120M       5.7M        19M       3.2G

MemTotal:        4016004 kB
MemFree:          135652 kB
Active:           474588 kB
Mem:          3.8G       3.7G       126M       5.7M        19M       3.2G

MemTotal:        4016004 kB
MemFree:          131428 kB
Active:           471456 kB
Mem:          3.8G       3.7G       127M       5.7M        19M       3.2G

MemTotal:        4016004 kB
MemFree:          130996 kB
Active:           470616 kB
Mem:          3.8G       3.7G       127M       5.7M        19M       3.2G

MemTotal:        4016004 kB
MemFree:          127748 kB
Active:           469532 kB
Mem:          3.8G       3.7G       124M       5.7M        19M       3.2G

MemTotal:        4016004 kB
MemFree:          112992 kB
Active:           469352 kB
Mem:          3.8G       3.7G       109M       5.7M        19M       3.2G

MemTotal:        4016004 kB
MemFree:          113848 kB
Active:           468540 kB
Mem:          3.8G       3.7G       110M       5.7M        19M       3.2G

MemTotal:        4016004 kB
MemFree:          121808 kB
Active:           466108 kB
Mem:          3.8G       3.7G       118M       5.7M        19M       3.2G

MemTotal:        4016004 kB
MemFree:          139636 kB
Active:           464044 kB
Mem:          3.8G       3.7G       136M       5.7M        19M       3.2G

MemTotal:        4016004 kB
MemFree:          106904 kB
Active:           464260 kB
Mem:          3.8G       3.7G       103M       5.7M        19M       3.2G

MemTotal:        4016004 kB
MemFree:          134024 kB
Active:           463136 kB
Mem:          3.8G       3.7G       130M       5.7M        19M       3.2G

MemTotal:        4016004 kB
MemFree:          113060 kB
Active:           460736 kB
Mem:          3.8G       3.7G       110M       5.7M        19M       3.2G

MemTotal:        4016004 kB
MemFree:          128804 kB
Active:           456032 kB
Mem:          3.8G       3.7G       125M       5.7M        19M       3.2G

MemTotal:        4016004 kB
MemFree:          140676 kB
Active:           454692 kB
Mem:          3.8G       3.7G       137M       5.7M        19M       3.2G

MemTotal:        4016004 kB
MemFree:          123768 kB
Active:           453952 kB
Mem:          3.8G       3.7G       120M       5.7M        19M       3.2G

MemTotal:        4016004 kB
MemFree:          131368 kB
Active:           452828 kB
Mem:          3.8G       3.7G       127M       5.7M        19M       3.2G

MemTotal:        4016004 kB
MemFree:          127416 kB
Active:           451776 kB
Mem:          3.8G       3.7G       123M       5.7M        19M       3.2G

MemTotal:        4016004 kB
MemFree:          119272 kB
Active:           448872 kB
Mem:          3.8G       3.7G       115M       5.7M        19M       3.2G

MemTotal:        4016004 kB
MemFree:          143204 kB
Active:           446500 kB
Mem:          3.8G       3.7G       139M       5.7M        19M       3.2G

MemTotal:        4016004 kB
MemFree:          124940 kB
Active:           446040 kB
Mem:          3.8G       3.7G       121M       5.7M        19M       3.2G

MemTotal:        4016004 kB
MemFree:          107876 kB
Active:           446508 kB
Mem:          3.8G       3.7G       105M       5.7M        19M       3.2G

MemTotal:        4016004 kB
MemFree:          139352 kB
Active:           443580 kB
Mem:          3.8G       3.7G       135M       5.7M        19M       3.2G

MemTotal:        4016004 kB
MemFree:          148676 kB
Active:           440132 kB
Mem:          3.8G       3.7G       144M       5.7M        19M       3.2G

MemTotal:        4016004 kB
MemFree:          146444 kB
Active:           439588 kB
Mem:          3.8G       3.7G       142M       5.7M        19M       3.2G

MemTotal:        4016004 kB
MemFree:          127092 kB
Active:           439376 kB
Mem:          3.8G       3.7G       123M       5.7M        19M       3.2G

MemTotal:        4016004 kB
MemFree:          108152 kB
Active:           439060 kB
Mem:          3.8G       3.7G       104M       5.7M        19M       3.2G

MemTotal:        4016004 kB
MemFree:          109392 kB
Active:           438660 kB
Mem:          3.8G       3.7G       106M       5.7M        19M       3.2G

MemTotal:        4016004 kB
MemFree:          124260 kB
Active:           438816 kB
Mem:          3.8G       3.7G       121M       5.7M        19M       3.2G

MemTotal:        4016004 kB
MemFree:          126400 kB
Active:           435836 kB
Mem:          3.8G       3.7G       123M       5.7M        19M       3.2G

MemTotal:        4016004 kB
MemFree:          126700 kB
Active:           434512 kB
Mem:          3.8G       3.7G       123M       5.7M        19M       3.2G

MemTotal:        4016004 kB
MemFree:          124996 kB
Active:           434148 kB
Mem:          3.8G       3.7G       122M       5.7M        19M       3.2G

MemTotal:        4016004 kB
MemFree:          124980 kB
Active:           434168 kB
Mem:          3.8G       3.7G       121M       5.7M        19M       3.2G

MemTotal:        4016004 kB
MemFree:          126784 kB
Active:           438320 kB
Mem:          3.8G       3.7G       123M       5.7M        27M       3.2G

MemTotal:        4016004 kB
MemFree:          110864 kB
Active:           435960 kB
Mem:          3.8G       3.7G       107M       5.7M        27M       3.2G

MemTotal:        4016004 kB
MemFree:          117036 kB
Active:           434092 kB
Mem:          3.8G       3.7G       113M       5.7M        27M       3.2G

MemTotal:        4016004 kB
MemFree:          111052 kB
Active:           430816 kB
Mem:          3.8G       3.7G       108M       5.7M        27M       3.2G

MemTotal:        4016004 kB
MemFree:          108692 kB
Active:           429832 kB
Mem:          3.8G       3.7G       105M       5.7M        27M       3.2G

MemTotal:        4016004 kB
MemFree:          134188 kB
Active:           429164 kB
Mem:          3.8G       3.7G       130M       5.7M        27M       3.2G

MemTotal:        4016004 kB
MemFree:          110940 kB
Active:           429240 kB
Mem:          3.8G       3.7G       108M       5.7M        27M       3.2G

MemTotal:        4016004 kB
MemFree:          105956 kB
Active:           428708 kB
Mem:          3.8G       3.7G       103M       5.7M        27M       3.2G

MemTotal:        4016004 kB
MemFree:          136192 kB
Active:           425996 kB
Mem:          3.8G       3.7G       132M       5.7M        27M       3.2G

MemTotal:        4016004 kB
MemFree:          119852 kB
Active:           424736 kB
Mem:          3.8G       3.7G       116M       5.7M        27M       3.2G

MemTotal:        4016004 kB
MemFree:          113036 kB
Active:           424864 kB
Mem:          3.8G       3.7G       109M       5.7M        27M       3.2G

MemTotal:        4016004 kB
MemFree:          105252 kB
Active:           424088 kB
Mem:          3.8G       3.7G       102M       5.7M        27M       3.2G

MemTotal:        4016004 kB
MemFree:          124892 kB
Active:           421572 kB
Mem:          3.8G       3.7G       121M       5.7M        27M       3.2G

MemTotal:        4016004 kB
MemFree:          111048 kB
Active:           420196 kB
Mem:          3.8G       3.7G       108M       5.7M        27M       3.2G

MemTotal:        4016004 kB
MemFree:          146172 kB
Active:           418784 kB
Mem:          3.8G       3.7G       142M       5.7M        27M       3.2G

MemTotal:        4016004 kB
MemFree:          127472 kB
Active:           418452 kB
Mem:          3.8G       3.7G       124M       5.7M        27M       3.2G

MemTotal:        4016004 kB
MemFree:          124980 kB
Active:           417188 kB
Mem:          3.8G       3.7G       122M       5.7M        27M       3.2G

MemTotal:        4016004 kB
MemFree:          111676 kB
Active:           415912 kB
Mem:          3.8G       3.7G       119M       5.7M        27M       3.2G

MemTotal:        4016004 kB
MemFree:          110748 kB
Active:           414592 kB
Mem:          3.8G       3.7G       107M       5.7M        27M       3.2G

MemTotal:        4016004 kB
MemFree:          125048 kB
Active:           413108 kB
Mem:          3.8G       3.7G       121M       5.7M        27M       3.2G

MemTotal:        4016004 kB
MemFree:          142740 kB
Active:           411868 kB
Mem:          3.8G       3.7G       139M       5.7M        27M       3.2G

MemTotal:        4016004 kB
MemFree:          136172 kB
Active:           412016 kB
Mem:          3.8G       3.7G       132M       5.7M        27M       3.2G

MemTotal:        4016004 kB
MemFree:          111744 kB
Active:           412168 kB
Mem:          3.8G       3.7G       108M       5.7M        27M       3.2G

MemTotal:        4016004 kB
MemFree:          124740 kB
Active:           412160 kB
Mem:          3.8G       3.7G       121M       5.7M        27M       3.2G

MemTotal:        4016004 kB
MemFree:          128032 kB
Active:           413324 kB
Mem:          3.8G       3.7G       123M       5.7M        27M       3.2G

MemTotal:        4016004 kB
MemFree:          118296 kB
Active:           412764 kB
Mem:          3.8G       3.7G       115M       5.7M        27M       3.2G

MemTotal:        4016004 kB
MemFree:          111644 kB
Active:           412856 kB
Mem:          3.8G       3.7G       108M       5.7M        27M       3.2G

MemTotal:        4016004 kB
MemFree:          105484 kB
Active:           413076 kB
Mem:          3.8G       3.7G       102M       5.7M        27M       3.2G

MemTotal:        4016004 kB
MemFree:          105424 kB
Active:           413084 kB
Mem:          3.8G       3.7G       102M       5.7M        27M       3.2G

MemTotal:        4016004 kB
MemFree:          133348 kB
Active:           413220 kB
Mem:          3.8G       3.7G       129M       5.7M        27M       3.2G

MemTotal:        4016004 kB
MemFree:          130820 kB
Active:           413408 kB
Mem:          3.8G       3.7G       127M       5.7M        27M       3.2G

MemTotal:        4016004 kB
MemFree:          126956 kB
Active:           413616 kB
Mem:          3.8G       3.7G       124M       5.7M        27M       3.2G

MemTotal:        4016004 kB
MemFree:          125020 kB
Active:           413792 kB
Mem:          3.8G       3.7G       121M       5.7M        27M       3.2G

MemTotal:        4016004 kB
MemFree:          129860 kB
Active:           413880 kB
Mem:          3.8G       3.7G       126M       5.7M        27M       3.2G

MemTotal:        4016004 kB
MemFree:          113236 kB
Active:           414440 kB
Mem:          3.8G       3.7G       109M       5.7M        27M       3.2G

MemTotal:        4016004 kB
MemFree:          111256 kB
Active:           413580 kB
Mem:          3.8G       3.7G       108M       5.7M        27M       3.2G

MemTotal:        4016004 kB
MemFree:          107804 kB
Active:           413904 kB
Mem:          3.8G       3.7G       104M       5.7M        27M       3.2G

MemTotal:        4016004 kB
MemFree:          118400 kB
Active:           414144 kB
Mem:          3.8G       3.7G       115M       5.7M        27M       3.2G

MemTotal:        4016004 kB
MemFree:          117264 kB
Active:           414196 kB
Mem:          3.8G       3.7G       114M       5.7M        27M       3.2G

MemTotal:        4016004 kB
MemFree:          116428 kB
Active:           414216 kB
Mem:          3.8G       3.7G       112M       5.7M        27M       3.2G

MemTotal:        4016004 kB
MemFree:          123812 kB
Active:           414528 kB
Mem:          3.8G       3.7G       120M       5.7M        27M       3.2G

MemTotal:        4016004 kB
MemFree:          117288 kB
Active:           414812 kB
Mem:          3.8G       3.7G       114M       5.7M        27M       3.2G

MemTotal:        4016004 kB
MemFree:          108808 kB
Active:           415000 kB
Mem:          3.8G       3.7G       105M       5.7M        27M       3.2G

MemTotal:        4016004 kB
MemFree:          126620 kB
Active:           415208 kB
Mem:          3.8G       3.7G       123M       5.7M        27M       3.2G

MemTotal:        4016004 kB
MemFree:          132052 kB
Active:           417376 kB
Mem:          3.8G       3.7G       128M       5.7M        27M       3.2G

MemTotal:        4016004 kB
MemFree:          130132 kB
Active:           417420 kB
Mem:          3.8G       3.7G       126M       5.7M        27M       3.2G

MemTotal:        4016004 kB
MemFree:          130048 kB
Active:           417408 kB
Mem:          3.8G       3.7G       126M       5.7M        27M       3.2G

MemTotal:        4016004 kB
MemFree:          122780 kB
Active:           412800 kB
Mem:          3.8G       3.7G       119M       5.7M        27M       3.2G

MemTotal:        4016004 kB
MemFree:          123084 kB
Active:           413192 kB
Mem:          3.8G       3.7G       119M       5.7M        27M       3.2G

MemTotal:        4016004 kB
MemFree:          128688 kB
Active:           413440 kB
Mem:          3.8G       3.7G       125M       5.7M        27M       3.2G

MemTotal:        4016004 kB
MemFree:          149452 kB
Active:           413440 kB
Mem:          3.8G       3.7G       145M       5.7M        27M       3.2G

MemTotal:        4016004 kB
MemFree:          126472 kB
Active:           413836 kB
Mem:          3.8G       3.7G       122M       5.7M        27M       3.2G

MemTotal:        4016004 kB
MemFree:          127348 kB
Active:           410752 kB
Mem:          3.8G       3.7G       124M       5.7M        27M       3.2G

MemTotal:        4016004 kB
MemFree:          113016 kB
Active:           410752 kB
Mem:          3.8G       3.7G       108M       5.7M        27M       3.2G

MemTotal:        4016004 kB
MemFree:          104876 kB
Active:           410920 kB
Mem:          3.8G       3.7G       105M       5.7M        27M       3.2G

MemTotal:        4016004 kB
MemFree:          143664 kB
Active:           411452 kB
Mem:          3.8G       3.7G       139M       5.7M        27M       3.2G

MemTotal:        4016004 kB
MemFree:          140372 kB
Active:           411696 kB
Mem:          3.8G       3.7G       136M       5.7M        27M       3.2G

MemTotal:        4016004 kB
MemFree:          137140 kB
Active:           411904 kB
Mem:          3.8G       3.7G       133M       5.7M        27M       3.2G

MemTotal:        4016004 kB
MemFree:          121712 kB
Active:           412088 kB
Mem:          3.8G       3.7G       118M       5.7M        27M       3.2G

MemTotal:        4016004 kB
MemFree:          116628 kB
Active:           410500 kB
Mem:          3.8G       3.7G       113M       5.7M        27M       3.2G

MemTotal:        4016004 kB
MemFree:          115264 kB
Active:           410632 kB
Mem:          3.8G       3.7G       112M       5.7M        27M       3.2G

MemTotal:        4016004 kB
MemFree:          136532 kB
Active:           410732 kB
Mem:          3.8G       3.7G       132M       5.7M        27M       3.2G

MemTotal:        4016004 kB
MemFree:          126452 kB
Active:           410852 kB
Mem:          3.8G       3.7G       123M       5.7M        27M       3.2G

MemTotal:        4016004 kB
MemFree:          106984 kB
Active:           411056 kB
Mem:          3.8G       3.7G       103M       5.7M        27M       3.2G

MemTotal:        4016004 kB
MemFree:          121104 kB
Active:           411296 kB
Mem:          3.8G       3.7G       121M       5.7M        27M       3.2G

MemTotal:        4016004 kB
MemFree:          112992 kB
Active:           411344 kB
Mem:          3.8G       3.7G       109M       5.7M        27M       3.2G

MemTotal:        4016004 kB
MemFree:          135716 kB
Active:           411448 kB
Mem:          3.8G       3.7G       132M       5.7M        27M       3.2G

MemTotal:        4016004 kB
MemFree:          132952 kB
Active:           411580 kB
Mem:          3.8G       3.7G       128M       5.7M        27M       3.2G

MemTotal:        4016004 kB
MemFree:          117224 kB
Active:           410604 kB
Mem:          3.8G       3.7G       113M       5.7M        27M       3.2G

MemTotal:        4016004 kB
MemFree:          124532 kB
Active:           410780 kB
Mem:          3.8G       3.7G       121M       5.7M        27M       3.2G

MemTotal:        4016004 kB
MemFree:          127036 kB
Active:           411000 kB
Mem:          3.8G       3.7G       123M       5.7M        27M       3.2G

MemTotal:        4016004 kB
MemFree:          126772 kB
Active:           410956 kB
Mem:          3.8G       3.7G       123M       5.7M        27M       3.2G

MemTotal:        4016004 kB
MemFree:          126816 kB
Active:           410952 kB
Mem:          3.8G       3.7G       123M       5.7M        27M       3.2G

MemTotal:        4016004 kB
MemFree:          126668 kB
Active:           411320 kB
Mem:          3.8G       3.7G       123M       5.7M        27M       3.2G

MemTotal:        4016004 kB
MemFree:          106968 kB
Active:           411604 kB
Mem:          3.8G       3.7G       103M       5.7M        27M       3.2G

MemTotal:        4016004 kB
MemFree:          111128 kB
Active:           411824 kB
Mem:          3.8G       3.7G       107M       5.7M        27M       3.2G

MemTotal:        4016004 kB
MemFree:          130016 kB
Active:           412060 kB
Mem:          3.8G       3.7G       126M       5.7M        27M       3.2G

MemTotal:        4016004 kB
MemFree:          131320 kB
Active:           401864 kB
Mem:          3.8G       3.7G       127M       5.7M        27M       3.2G

MemTotal:        4016004 kB
MemFree:          123396 kB
Active:           401960 kB
Mem:          3.8G       3.7G       120M       5.7M        27M       3.2G

MemTotal:        4016004 kB
MemFree:          130516 kB
Active:           402196 kB
Mem:          3.8G       3.7G       127M       5.7M        27M       3.2G

MemTotal:        4016004 kB
MemFree:          128148 kB
Active:           402812 kB
Mem:          3.8G       3.7G       124M       5.7M        27M       3.2G

MemTotal:        4016004 kB
MemFree:          116144 kB
Active:           402788 kB
Mem:          3.8G       3.7G       111M       5.7M        27M       3.2G

MemTotal:        4016004 kB
MemFree:          120512 kB
Active:           402884 kB
Mem:          3.8G       3.7G       116M       5.7M        27M       3.2G

MemTotal:        4016004 kB
MemFree:          124760 kB
Active:           403004 kB
Mem:          3.8G       3.7G       121M       5.7M        27M       3.2G

MemTotal:        4016004 kB
MemFree:          131892 kB
Active:           402980 kB
Mem:          3.8G       3.7G       128M       5.7M        27M       3.2G

MemTotal:        4016004 kB
MemFree:          138604 kB
Active:           403208 kB
Mem:          3.8G       3.7G       134M       5.7M        27M       3.2G

MemTotal:        4016004 kB
MemFree:          135180 kB
Active:           403472 kB
Mem:          3.8G       3.7G       131M       5.7M        27M       3.2G

MemTotal:        4016004 kB
MemFree:          147436 kB
Active:           403696 kB
Mem:          3.8G       3.7G       143M       5.7M        27M       3.2G

MemTotal:        4016004 kB
MemFree:          120868 kB
Active:           403844 kB
Mem:          3.8G       3.7G       117M       5.7M        27M       3.2G

MemTotal:        4016004 kB
MemFree:          126828 kB
Active:           402972 kB
Mem:          3.8G       3.7G       123M       5.7M        27M       3.2G

MemTotal:        4016004 kB
MemFree:          144112 kB
Active:           402996 kB
Mem:          3.8G       3.7G       139M       5.7M        27M       3.2G

MemTotal:        4016004 kB
MemFree:          138152 kB
Active:           403148 kB
Mem:          3.8G       3.7G       134M       5.7M        27M       3.2G

MemTotal:        4016004 kB
MemFree:          146100 kB
Active:           403372 kB
Mem:          3.8G       3.7G       142M       5.7M        27M       3.2G

MemTotal:        4016004 kB
MemFree:          134428 kB
Active:           403572 kB
Mem:          3.8G       3.7G       130M       5.7M        27M       3.2G

MemTotal:        4016004 kB
MemFree:          122504 kB
Active:           404036 kB
Mem:          3.8G       3.7G       124M       5.7M        27M       3.2G

MemTotal:        4016004 kB
MemFree:          141224 kB
Active:           402144 kB
Mem:          3.8G       3.7G       137M       5.7M        27M       3.2G

MemTotal:        4016004 kB
MemFree:          119388 kB
Active:           402312 kB
Mem:          3.8G       3.7G       116M       5.7M        27M       3.2G

MemTotal:        4016004 kB
MemFree:          134056 kB
Active:           401756 kB
Mem:          3.8G       3.7G       130M       5.7M        27M       3.2G

MemTotal:        4016004 kB
MemFree:          115776 kB
Active:           402016 kB
Mem:          3.8G       3.7G       111M       5.7M        27M       3.2G

MemTotal:        4016004 kB
MemFree:          108984 kB
Active:           402184 kB
Mem:          3.8G       3.7G       106M       5.7M        27M       3.2G

MemTotal:        4016004 kB
MemFree:          109776 kB
Active:           402276 kB
Mem:          3.8G       3.7G       106M       5.7M        27M       3.2G

MemTotal:        4016004 kB
MemFree:          105360 kB
Active:           402468 kB
Mem:          3.8G       3.7G       102M       5.7M        27M       3.2G

MemTotal:        4016004 kB
MemFree:          121628 kB
Active:           402644 kB
Mem:          3.8G       3.7G       118M       5.7M        27M       3.2G

MemTotal:        4016004 kB
MemFree:          117904 kB
Active:           402852 kB
Mem:          3.8G       3.7G       114M       5.7M        27M       3.2G

MemTotal:        4016004 kB
MemFree:          130156 kB
Active:           403040 kB
Mem:          3.8G       3.7G       126M       5.7M        27M       3.2G

MemTotal:        4016004 kB
MemFree:          122596 kB
Active:           403200 kB
Mem:          3.8G       3.7G       119M       5.7M        27M       3.2G

MemTotal:        4016004 kB
MemFree:          111108 kB
Active:           403104 kB
Mem:          3.8G       3.7G       107M       5.7M        27M       3.2G

MemTotal:        4016004 kB
MemFree:          132928 kB
Active:           403304 kB
Mem:          3.8G       3.7G       129M       5.7M        27M       3.2G

MemTotal:        4016004 kB
MemFree:          142200 kB
Active:           403468 kB
Mem:          3.8G       3.7G       138M       5.7M        27M       3.2G

MemTotal:        4016004 kB
MemFree:          111952 kB
Active:           403592 kB
Mem:          3.8G       3.7G       109M       5.7M        27M       3.2G

MemTotal:        4016004 kB
MemFree:          114720 kB
Active:           403712 kB
Mem:          3.8G       3.7G       111M       5.7M        27M       3.2G

MemTotal:        4016004 kB
MemFree:          112856 kB
Active:           400684 kB
Mem:          3.8G       3.7G       109M       5.7M        27M       3.2G

MemTotal:        4016004 kB
MemFree:          109364 kB
Active:           400872 kB
Mem:          3.8G       3.7G       105M       5.7M        27M       3.2G

MemTotal:        4016004 kB
MemFree:          122028 kB
Active:           401060 kB
Mem:          3.8G       3.7G       118M       5.7M        27M       3.2G

MemTotal:        4016004 kB
MemFree:          132064 kB
Active:           401196 kB
Mem:          3.8G       3.7G       128M       5.7M        27M       3.2G

MemTotal:        4016004 kB
MemFree:          131444 kB
Active:           401332 kB
Mem:          3.8G       3.7G       127M       5.7M        27M       3.2G

MemTotal:        4016004 kB
MemFree:          136536 kB
Active:           401536 kB
Mem:          3.8G       3.7G       132M       5.7M        27M       3.2G

MemTotal:        4016004 kB
MemFree:          144648 kB
Active:           401748 kB
Mem:          3.8G       3.7G       140M       5.7M        27M       3.2G

MemTotal:        4016004 kB
MemFree:          127840 kB
Active:           401884 kB
Mem:          3.8G       3.7G       124M       5.7M        27M       3.2G

MemTotal:        4016004 kB
MemFree:          116684 kB
Active:           401940 kB
Mem:          3.8G       3.7G       114M       5.7M        27M       3.2G

MemTotal:        4016004 kB
MemFree:          137044 kB
Active:           402052 kB
Mem:          3.8G       3.7G       133M       5.7M        27M       3.2G

MemTotal:        4016004 kB
MemFree:          115940 kB
Active:           402408 kB
Mem:          3.8G       3.7G       112M       5.7M        27M       3.2G

MemTotal:        4016004 kB
MemFree:          117592 kB
Active:           402696 kB
Mem:          3.8G       3.7G       114M       5.7M        27M       3.2G

MemTotal:        4016004 kB
MemFree:          132920 kB
Active:           402860 kB
Mem:          3.8G       3.7G       129M       5.7M        27M       3.2G

MemTotal:        4016004 kB
MemFree:          130888 kB
Active:           403296 kB
Mem:          3.8G       3.7G       127M       5.7M        27M       3.2G

MemTotal:        4016004 kB
MemFree:          127192 kB
Active:           401484 kB
Mem:          3.8G       3.7G       123M       5.7M        27M       3.2G

MemTotal:        4016004 kB
MemFree:          122112 kB
Active:           401288 kB
Mem:          3.8G       3.7G       118M       5.7M        27M       3.2G

MemTotal:        4016004 kB
MemFree:          109936 kB
Active:           401492 kB
Mem:          3.8G       3.7G       106M       5.7M        27M       3.2G

MemTotal:        4016004 kB
MemFree:          124440 kB
Active:           401684 kB
Mem:          3.8G       3.7G       121M       5.7M        27M       3.2G

MemTotal:        4016004 kB
MemFree:          116876 kB
Active:           401808 kB
Mem:          3.8G       3.7G       113M       5.7M        27M       3.2G

MemTotal:        4016004 kB
MemFree:          116228 kB
Active:           401756 kB
Mem:          3.8G       3.7G       113M       5.7M        27M       3.2G

MemTotal:        4016004 kB
MemFree:          138072 kB
Active:           401816 kB
Mem:          3.8G       3.7G       134M       5.7M        27M       3.2G

MemTotal:        4016004 kB
MemFree:          126976 kB
Active:           402220 kB
Mem:          3.8G       3.7G       123M       5.7M        27M       3.2G

MemTotal:        4016004 kB
MemFree:          128244 kB
Active:           402476 kB
Mem:          3.8G       3.7G       125M       5.7M        27M       3.2G

MemTotal:        4016004 kB
MemFree:          126140 kB
Active:           402716 kB
Mem:          3.8G       3.7G       122M       5.7M        27M       3.2G

MemTotal:        4016004 kB
MemFree:          108436 kB
Active:           402892 kB
Mem:          3.8G       3.7G       105M       5.7M        27M       3.2G

MemTotal:        4016004 kB
MemFree:          116316 kB
Active:           403040 kB
Mem:          3.8G       3.7G       113M       5.7M        27M       3.2G

MemTotal:        4016004 kB
MemFree:          131004 kB
Active:           403144 kB
Mem:          3.8G       3.7G       127M       5.7M        27M       3.2G

MemTotal:        4016004 kB
MemFree:          126924 kB
Active:           403232 kB
Mem:          3.8G       3.7G       123M       5.7M        27M       3.2G

MemTotal:        4016004 kB
MemFree:          142668 kB
Active:           403352 kB
Mem:          3.8G       3.7G       138M       5.7M        27M       3.2G

MemTotal:        4016004 kB
MemFree:          126312 kB
Active:           403660 kB
Mem:          3.8G       3.7G       122M       5.7M        27M       3.2G

MemTotal:        4016004 kB
MemFree:          137080 kB
Active:           403880 kB
Mem:          3.8G       3.7G       133M       5.7M        27M       3.2G

MemTotal:        4016004 kB
MemFree:          136592 kB
Active:           403916 kB
Mem:          3.8G       3.7G       133M       5.7M        27M       3.2G

MemTotal:        4016004 kB
MemFree:          126704 kB
Active:           403964 kB
Mem:          3.8G       3.7G       122M       5.7M        27M       3.2G

MemTotal:        4016004 kB
MemFree:          128876 kB
Active:           405552 kB
Mem:          3.8G       3.7G       125M       5.7M        27M       3.2G

MemTotal:        4016004 kB
MemFree:          116424 kB
Active:           405448 kB
Mem:          3.8G       3.7G       113M       5.7M        27M       3.2G

MemTotal:        4016004 kB
MemFree:          116748 kB
Active:           405624 kB
Mem:          3.8G       3.7G       113M       5.7M        27M       3.2G

MemTotal:        4016004 kB
MemFree:          132576 kB
Active:           405720 kB
Mem:          3.8G       3.7G       128M       5.7M        27M       3.2G

MemTotal:        4016004 kB
MemFree:          104796 kB
Active:           405888 kB
Mem:          3.8G       3.7G       106M       5.7M        27M       3.2G

MemTotal:        4016004 kB
MemFree:          123520 kB
Active:           406020 kB
Mem:          3.8G       3.7G       119M       5.7M        27M       3.2G

MemTotal:        4016004 kB
MemFree:          138088 kB
Active:           406136 kB
Mem:          3.8G       3.7G       134M       5.7M        27M       3.2G

MemTotal:        4016004 kB
MemFree:          123032 kB
Active:           406500 kB
Mem:          3.8G       3.7G       119M       5.7M        27M       3.2G

MemTotal:        4016004 kB
MemFree:          117412 kB
Active:           406716 kB
Mem:          3.8G       3.7G       113M       5.7M        27M       3.2G

MemTotal:        4016004 kB
MemFree:          137956 kB
Active:           406500 kB
Mem:          3.8G       3.7G       135M       5.7M        27M       3.2G

MemTotal:        4016004 kB
MemFree:          138428 kB
Active:           408504 kB
Mem:          3.8G       3.7G       134M       5.7M        27M       3.2G

MemTotal:        4016004 kB
MemFree:          128264 kB
Active:           407792 kB
Mem:          3.8G       3.7G       124M       5.7M        27M       3.2G

MemTotal:        4016004 kB
MemFree:          124044 kB
Active:           407872 kB
Mem:          3.8G       3.7G       120M       5.7M        27M       3.2G

MemTotal:        4016004 kB
MemFree:          125064 kB
Active:           408088 kB
Mem:          3.8G       3.7G       121M       5.7M        27M       3.2G

MemTotal:        4016004 kB
MemFree:          108464 kB
Active:           408204 kB
Mem:          3.8G       3.7G       105M       5.7M        27M       3.2G

MemTotal:        4016004 kB
MemFree:          128416 kB
Active:           408400 kB
Mem:          3.8G       3.7G       125M       5.7M        27M       3.2G

MemTotal:        4016004 kB
MemFree:          127076 kB
Active:           408548 kB
Mem:          3.8G       3.7G       123M       5.7M        27M       3.2G

MemTotal:        4016004 kB
MemFree:          115932 kB
Active:           408592 kB
Mem:          3.8G       3.7G       113M       5.7M        27M       3.2G

MemTotal:        4016004 kB
MemFree:          122948 kB
Active:           408660 kB
Mem:          3.8G       3.7G       119M       5.7M        27M       3.2G

MemTotal:        4016004 kB
MemFree:          121352 kB
Active:           409016 kB
Mem:          3.8G       3.7G       117M       5.7M        27M       3.2G

MemTotal:        4016004 kB
MemFree:          110660 kB
Active:           409292 kB
Mem:          3.8G       3.7G       107M       5.7M        27M       3.2G

MemTotal:        4016004 kB
MemFree:          128212 kB
Active:           409480 kB
Mem:          3.8G       3.7G       124M       5.7M        27M       3.2G

MemTotal:        4016004 kB
MemFree:          106604 kB
Active:           409644 kB
Mem:          3.8G       3.7G       104M       5.7M        27M       3.2G

MemTotal:        4016004 kB
MemFree:          133584 kB
Active:           409800 kB
Mem:          3.8G       3.7G       130M       5.7M        27M       3.2G

MemTotal:        4016004 kB
MemFree:          133468 kB
Active:           409960 kB
Mem:          3.8G       3.7G       130M       5.7M        27M       3.2G

MemTotal:        4016004 kB
MemFree:          126980 kB
Active:           410180 kB
Mem:          3.8G       3.7G       123M       5.7M        27M       3.2G

MemTotal:        4016004 kB
MemFree:          120656 kB
Active:           410448 kB
Mem:          3.8G       3.7G       117M       5.7M        27M       3.2G

MemTotal:        4016004 kB
MemFree:          119652 kB
Active:           410452 kB
Mem:          3.8G       3.7G       116M       5.7M        27M       3.2G

MemTotal:        4016004 kB
MemFree:          137504 kB
Active:           410452 kB
Mem:          3.8G       3.7G       133M       5.7M        27M       3.2G

MemTotal:        4016004 kB
MemFree:          109584 kB
Active:           410820 kB
Mem:          3.8G       3.7G       106M       5.7M        27M       3.2G

MemTotal:        4016004 kB
MemFree:          132092 kB
Active:           411064 kB
Mem:          3.8G       3.7G       128M       5.7M        27M       3.2G

MemTotal:        4016004 kB
MemFree:          127860 kB
Active:           411312 kB
Mem:          3.8G       3.7G       124M       5.7M        27M       3.2G

MemTotal:        4016004 kB
MemFree:          129032 kB
Active:           411492 kB
Mem:          3.8G       3.7G       125M       5.7M        27M       3.2G

MemTotal:        4016004 kB
MemFree:          130208 kB
Active:           411672 kB
Mem:          3.8G       3.7G       126M       5.7M        27M       3.2G

MemTotal:        4016004 kB
MemFree:          115612 kB
Active:           411840 kB
Mem:          3.8G       3.7G       112M       5.7M        27M       3.2G

MemTotal:        4016004 kB
MemFree:          136992 kB
Active:           411992 kB
Mem:          3.8G       3.7G       133M       5.7M        27M       3.2G

MemTotal:        4016004 kB
MemFree:          137604 kB
Active:           412160 kB
Mem:          3.8G       3.7G       134M       5.7M        27M       3.2G

MemTotal:        4016004 kB
MemFree:          132180 kB
Active:           414404 kB
Mem:          3.8G       3.7G       128M       5.7M        27M       3.2G

MemTotal:        4016004 kB
MemFree:          129728 kB
Active:           413516 kB
Mem:          3.8G       3.7G       126M       5.7M        27M       3.2G

MemTotal:        4016004 kB
MemFree:          128472 kB
Active:           413660 kB
Mem:          3.8G       3.7G       125M       5.7M        27M       3.2G

MemTotal:        4016004 kB
MemFree:          146856 kB
Active:           413660 kB
Mem:          3.8G       3.7G       143M       5.7M        27M       3.2G

MemTotal:        4016004 kB
MemFree:          134404 kB
Active:           413844 kB
Mem:          3.8G       3.7G       130M       5.7M        27M       3.2G

MemTotal:        4016004 kB
MemFree:          121640 kB
Active:           414088 kB
Mem:          3.8G       3.7G       118M       5.7M        27M       3.2G

MemTotal:        4016004 kB
MemFree:          115344 kB
Active:           414332 kB
Mem:          3.8G       3.7G       111M       5.7M        27M       3.2G

MemTotal:        4016004 kB
MemFree:          125140 kB
Active:           414572 kB
Mem:          3.8G       3.7G       121M       5.7M        27M       3.2G

MemTotal:        4016004 kB
MemFree:          115556 kB
Active:           414788 kB
Mem:          3.8G       3.7G       112M       5.7M        27M       3.2G

MemTotal:        4016004 kB
MemFree:          114132 kB
Active:           414796 kB
Mem:          3.8G       3.7G       111M       5.7M        27M       3.2G

MemTotal:        4016004 kB
MemFree:          114124 kB
Active:           414800 kB
Mem:          3.8G       3.7G       110M       5.7M        27M       3.2G

MemTotal:        4016004 kB
MemFree:          129924 kB
Active:           415328 kB
Mem:          3.8G       3.7G       126M       5.7M        27M       3.2G

MemTotal:        4016004 kB
MemFree:          131104 kB
Active:           415544 kB
Mem:          3.8G       3.7G       127M       5.7M        27M       3.2G

MemTotal:        4016004 kB
MemFree:          128024 kB
Active:           415704 kB
Mem:          3.8G       3.7G       124M       5.7M        27M       3.2G

MemTotal:        4016004 kB
MemFree:          129568 kB
Active:           415808 kB
Mem:          3.8G       3.7G       126M       5.7M        27M       3.2G

MemTotal:        4016004 kB
MemFree:          124620 kB
Active:           415920 kB
Mem:          3.8G       3.7G       121M       5.7M        27M       3.2G

MemTotal:        4016004 kB
MemFree:          130080 kB
Active:           416156 kB
Mem:          3.8G       3.7G       125M       5.7M        27M       3.2G

MemTotal:        4016004 kB
MemFree:          125224 kB
Active:           416476 kB
Mem:          3.8G       3.7G       122M       5.7M        27M       3.2G

MemTotal:        4016004 kB
MemFree:          119876 kB
Active:           416680 kB
Mem:          3.8G       3.7G       116M       5.7M        27M       3.2G

MemTotal:        4016004 kB
MemFree:          117928 kB
Active:           416712 kB
Mem:          3.8G       3.7G       115M       5.7M        27M       3.2G

MemTotal:        4016004 kB
MemFree:          130920 kB
Active:           416932 kB
Mem:          3.8G       3.7G       127M       5.7M        27M       3.2G

MemTotal:        4016004 kB
MemFree:          127924 kB
Active:           417188 kB
Mem:          3.8G       3.7G       123M       5.7M        27M       3.2G

MemTotal:        4016004 kB
MemFree:          118364 kB
Active:           417368 kB
Mem:          3.8G       3.7G       115M       5.7M        27M       3.2G

MemTotal:        4016004 kB
MemFree:          108696 kB
Active:           417516 kB
Mem:          3.8G       3.7G       105M       5.7M        27M       3.2G

MemTotal:        4016004 kB
MemFree:          111604 kB
Active:           417716 kB
Mem:          3.8G       3.7G       108M       5.7M        27M       3.2G

MemTotal:        4016004 kB
MemFree:          123572 kB
Active:           417852 kB
Mem:          3.8G       3.7G       120M       5.7M        27M       3.2G

MemTotal:        4016004 kB
MemFree:          134484 kB
Active:           417996 kB
Mem:          3.8G       3.7G       130M       5.7M        27M       3.2G

MemTotal:        4016004 kB
MemFree:          134204 kB
Active:           418348 kB
Mem:          3.8G       3.7G       130M       5.7M        27M       3.2G

MemTotal:        4016004 kB
MemFree:          127584 kB
Active:           418580 kB
Mem:          3.8G       3.7G       124M       5.7M        27M       3.2G

MemTotal:        4016004 kB
MemFree:          129652 kB
Active:           418756 kB
Mem:          3.8G       3.7G       126M       5.7M        27M       3.2G

MemTotal:        4016004 kB
MemFree:          124664 kB
Active:           418900 kB
Mem:          3.8G       3.7G       121M       5.7M        27M       3.2G

MemTotal:        4016004 kB
MemFree:          120528 kB
Active:           419048 kB
Mem:          3.8G       3.7G       116M       5.7M        27M       3.2G

MemTotal:        4016004 kB
MemFree:          104892 kB
Active:           419248 kB
Mem:          3.8G       3.7G       107M       5.7M        27M       3.2G

MemTotal:        4016004 kB
MemFree:          130564 kB
Active:           419424 kB
Mem:          3.8G       3.7G       127M       5.7M        27M       3.2G

MemTotal:        4016004 kB
MemFree:          128088 kB
Active:           419500 kB
Mem:          3.8G       3.7G       124M       5.7M        27M       3.2G

MemTotal:        4016004 kB
MemFree:          127564 kB
Active:           419480 kB
Mem:          3.8G       3.7G       124M       5.7M        27M       3.2G

MemTotal:        4016004 kB
MemFree:          125388 kB
Active:           419688 kB
Mem:          3.8G       3.7G       121M       5.7M        27M       3.2G

MemTotal:        4016004 kB
MemFree:          110008 kB
Active:           419980 kB
Mem:          3.8G       3.7G       114M       5.7M        27M       3.2G

MemTotal:        4016004 kB
MemFree:          112496 kB
Active:           420216 kB
Mem:          3.8G       3.7G       109M       5.7M        27M       3.2G

MemTotal:        4016004 kB
MemFree:          127316 kB
Active:           422480 kB
Mem:          3.8G       3.7G       123M       5.7M        27M       3.2G

MemTotal:        4016004 kB
MemFree:          136692 kB
Active:           422656 kB
Mem:          3.8G       3.7G       132M       5.7M        27M       3.2G

MemTotal:        4016004 kB
MemFree:          105416 kB
Active:           422828 kB
Mem:          3.8G       3.7G       102M       5.7M        27M       3.2G

MemTotal:        4016004 kB
MemFree:          112548 kB
Active:           422808 kB
Mem:          3.8G       3.7G       109M       5.7M        27M       3.2G

MemTotal:        4016004 kB
MemFree:          114556 kB
Active:           422920 kB
Mem:          3.8G       3.7G       111M       5.7M        27M       3.2G

MemTotal:        4016004 kB
MemFree:          143332 kB
Active:           423064 kB
Mem:          3.8G       3.7G       139M       5.7M        27M       3.2G

MemTotal:        4016004 kB
MemFree:          140644 kB
Active:           423316 kB
Mem:          3.8G       3.7G       136M       5.7M        27M       3.2G

MemTotal:        4016004 kB
MemFree:          134676 kB
Active:           423468 kB
Mem:          3.8G       3.7G       131M       5.7M        27M       3.2G

MemTotal:        4016004 kB
MemFree:          140564 kB
Active:           423464 kB
Mem:          3.8G       3.7G       141M       5.7M        27M       3.1G

MemTotal:        4016004 kB
MemFree:          119624 kB
Active:           423744 kB
Mem:          3.8G       3.7G       116M       5.7M        27M       3.2G

MemTotal:        4016004 kB
MemFree:          113248 kB
Active:           424000 kB
Mem:          3.8G       3.7G       110M       5.7M        27M       3.2G

MemTotal:        4016004 kB
MemFree:          105680 kB
Active:           424224 kB
Mem:          3.8G       3.7G       102M       5.7M        27M       3.2G

MemTotal:        4016004 kB
MemFree:          113404 kB
Active:           424428 kB
Mem:          3.8G       3.7G       120M       5.7M        27M       3.2G

MemTotal:        4016004 kB
MemFree:          107480 kB
Active:           424600 kB
Mem:          3.8G       3.7G       104M       5.7M        27M       3.2G

MemTotal:        4016004 kB
MemFree:          110004 kB
Active:           424768 kB
Mem:          3.8G       3.7G       107M       5.7M        27M       3.2G

MemTotal:        4016004 kB
MemFree:          119516 kB
Active:           425176 kB
Mem:          3.8G       3.7G       116M       5.7M        27M       3.2G

MemTotal:        4016004 kB
MemFree:          117144 kB
Active:           425412 kB
Mem:          3.8G       3.7G       113M       5.7M        27M       3.2G

MemTotal:        4016004 kB
MemFree:          131744 kB
Active:           425600 kB
Mem:          3.8G       3.7G       128M       5.7M        27M       3.2G

MemTotal:        4016004 kB
MemFree:          134840 kB
Active:           425736 kB
Mem:          3.8G       3.7G       131M       5.7M        27M       3.2G

MemTotal:        4016004 kB
MemFree:          133364 kB
Active:           425832 kB
Mem:          3.8G       3.7G       129M       5.7M        27M       3.2G

MemTotal:        4016004 kB
MemFree:          132316 kB
Active:           426100 kB
Mem:          3.8G       3.7G       128M       5.7M        27M       3.2G

MemTotal:        4016004 kB
MemFree:          124512 kB
Active:           426300 kB
Mem:          3.8G       3.7G       120M       5.7M        27M       3.2G

MemTotal:        4016004 kB
MemFree:          174588 kB
Active:           426476 kB
Mem:          3.8G       3.7G       169M       5.7M        27M       3.1G

MemTotal:        4016004 kB
MemFree:          135972 kB
Active:           426684 kB
Mem:          3.8G       3.7G       132M       5.7M        27M       3.2G

MemTotal:        4016004 kB
MemFree:          132472 kB
Active:           426836 kB
Mem:          3.8G       3.7G       129M       5.7M        27M       3.2G

MemTotal:        4016004 kB
MemFree:          106784 kB
Active:           427008 kB
Mem:          3.8G       3.7G       104M       5.7M        27M       3.2G

MemTotal:        4016004 kB
MemFree:          107076 kB
Active:           427200 kB
Mem:          3.8G       3.7G       104M       5.7M        27M       3.2G

MemTotal:        4016004 kB
MemFree:          128548 kB
Active:           427392 kB
Mem:          3.8G       3.7G       124M       5.7M        27M       3.2G

MemTotal:        4016004 kB
MemFree:          111552 kB
Active:           427492 kB
Mem:          3.8G       3.7G       108M       5.7M        27M       3.2G

MemTotal:        4016004 kB
MemFree:          128844 kB
Active:           427560 kB
Mem:          3.8G       3.7G       125M       5.7M        27M       3.2G

MemTotal:        4016004 kB
MemFree:          134852 kB
Active:           427688 kB
Mem:          3.8G       3.7G       130M       5.7M        27M       3.2G

MemTotal:        4016004 kB
MemFree:          134808 kB
Active:           427988 kB
Mem:          3.8G       3.7G       138M       5.7M        27M       3.1G

MemTotal:        4016004 kB
MemFree:          131472 kB
Active:           428312 kB
Mem:          3.8G       3.7G       127M       5.7M        27M       3.2G

MemTotal:        4016004 kB
MemFree:          146760 kB
Active:           428440 kB
Mem:          3.8G       3.7G       143M       5.7M        27M       3.1G

MemTotal:        4016004 kB
MemFree:          146052 kB
Active:           428452 kB
Mem:          3.8G       3.7G       142M       5.7M        27M       3.1G

MemTotal:        4016004 kB
MemFree:          116820 kB
Active:           428448 kB
Mem:          3.8G       3.7G       113M       5.7M        28M       3.2G

MemTotal:        4016004 kB
MemFree:          124984 kB
Active:           428824 kB
Mem:          3.8G       3.7G       121M       5.7M        28M       3.2G

MemTotal:        4016004 kB
MemFree:          120844 kB
Active:           429104 kB
Mem:          3.8G       3.7G       117M       5.7M        28M       3.2G

MemTotal:        4016004 kB
MemFree:          135220 kB
Active:           429284 kB
Mem:          3.8G       3.7G       131M       5.7M        28M       3.2G

MemTotal:        4016004 kB
MemFree:          127112 kB
Active:           429708 kB
Mem:          3.8G       3.7G       123M       5.7M        28M       3.2G

MemTotal:        4016004 kB
MemFree:          126404 kB
Active:           429580 kB
Mem:          3.8G       3.7G       123M       5.7M        28M       3.2G

MemTotal:        4016004 kB
MemFree:          123748 kB
Active:           429580 kB
Mem:          3.8G       3.7G       120M       5.7M        28M       3.2G

MemTotal:        4016004 kB
MemFree:          122644 kB
Active:           430052 kB
Mem:          3.8G       3.7G       119M       5.7M        28M       3.2G

MemTotal:        4016004 kB
MemFree:          109556 kB
Active:           430292 kB
Mem:          3.8G       3.7G       106M       5.7M        28M       3.2G

MemTotal:        4016004 kB
MemFree:          108316 kB
Active:           430408 kB
Mem:          3.8G       3.7G       105M       5.7M        28M       3.2G

MemTotal:        4016004 kB
MemFree:          108072 kB
Active:           430376 kB
Mem:          3.8G       3.7G       105M       5.7M        28M       3.2G

MemTotal:        4016004 kB
MemFree:          128256 kB
Active:           430976 kB
Mem:          3.8G       3.7G       124M       5.7M        28M       3.2G

MemTotal:        4016004 kB
MemFree:          126048 kB
Active:           431328 kB
Mem:          3.8G       3.7G       122M       5.7M        28M       3.2G

MemTotal:        4016004 kB
MemFree:          115520 kB
Active:           431556 kB
Mem:          3.8G       3.7G       112M       5.7M        28M       3.2G

MemTotal:        4016004 kB
MemFree:          111528 kB
Active:           431712 kB
Mem:          3.8G       3.7G       108M       5.7M        28M       3.2G

MemTotal:        4016004 kB
MemFree:          105160 kB
Active:           431880 kB
Mem:          3.8G       3.7G       102M       5.7M        28M       3.2G

MemTotal:        4016004 kB
MemFree:          132260 kB
Active:           432048 kB
Mem:          3.8G       3.7G       128M       5.7M        28M       3.2G

MemTotal:        4016004 kB
MemFree:          104748 kB
Active:           432208 kB
Mem:          3.8G       3.7G       105M       5.7M        28M       3.2G

MemTotal:        4016004 kB
MemFree:          113072 kB
Active:           432384 kB
Mem:          3.8G       3.7G       109M       5.7M        28M       3.2G

MemTotal:        4016004 kB
MemFree:          115812 kB
Active:           432508 kB
Mem:          3.8G       3.7G       112M       5.7M        28M       3.2G

MemTotal:        4016004 kB
MemFree:          113992 kB
Active:           432632 kB
Mem:          3.8G       3.7G       111M       5.7M        28M       3.2G

MemTotal:        4016004 kB
MemFree:          130648 kB
Active:           432856 kB
Mem:          3.8G       3.7G       127M       5.7M        28M       3.2G

MemTotal:        4016004 kB
MemFree:          125924 kB
Active:           433020 kB
Mem:          3.8G       3.7G       122M       5.7M        28M       3.2G

MemTotal:        4016004 kB
MemFree:          118256 kB
Active:           433212 kB
Mem:          3.8G       3.7G       115M       5.7M        28M       3.2G

MemTotal:        4016004 kB
MemFree:          125188 kB
Active:           433324 kB
Mem:          3.8G       3.7G       121M       5.7M        28M       3.2G

MemTotal:        4016004 kB
MemFree:          120248 kB
Active:           433432 kB
Mem:          3.8G       3.7G       116M       5.7M        28M       3.2G

MemTotal:        4016004 kB
MemFree:          114644 kB
Active:           433560 kB
Mem:          3.8G       3.7G       111M       5.7M        28M       3.2G

MemTotal:        4016004 kB
MemFree:          115692 kB
Active:           433820 kB
Mem:          3.8G       3.7G       120M       5.7M        28M       3.2G

MemTotal:        4016004 kB
MemFree:          131808 kB
Active:           434036 kB
Mem:          3.8G       3.7G       128M       5.7M        28M       3.2G

MemTotal:        4016004 kB
MemFree:          125200 kB
Active:           434136 kB
Mem:          3.8G       3.7G       122M       5.7M        28M       3.2G

MemTotal:        4016004 kB
MemFree:          126724 kB
Active:           434216 kB
Mem:          3.8G       3.7G       123M       5.7M        28M       3.2G

MemTotal:        4016004 kB
MemFree:          121952 kB
Active:           434364 kB
Mem:          3.8G       3.7G       118M       5.7M        28M       3.2G

MemTotal:        4016004 kB
MemFree:          116900 kB
Active:           434768 kB
Mem:          3.8G       3.7G       114M       5.7M        28M       3.2G

MemTotal:        4016004 kB
MemFree:          124648 kB
Active:           434980 kB
Mem:          3.8G       3.7G       121M       5.7M        28M       3.2G

MemTotal:        4016004 kB
MemFree:          123744 kB
Active:           435032 kB
Mem:          3.8G       3.7G       120M       5.7M        28M       3.2G

MemTotal:        4016004 kB
MemFree:          125224 kB
Active:           435304 kB
Mem:          3.8G       3.7G       121M       5.7M        28M       3.2G

MemTotal:        4016004 kB
MemFree:          114036 kB
Active:           435496 kB
Mem:          3.8G       3.7G       110M       5.7M        28M       3.2G

MemTotal:        4016004 kB
MemFree:          126660 kB
Active:           435656 kB
Mem:          3.8G       3.7G       122M       5.7M        28M       3.2G

MemTotal:        4016004 kB
MemFree:          131420 kB
Active:           435836 kB
Mem:          3.8G       3.7G       128M       5.7M        28M       3.2G

MemTotal:        4016004 kB
MemFree:          126140 kB
Active:           435996 kB
Mem:          3.8G       3.7G       122M       5.7M        28M       3.2G

MemTotal:        4016004 kB
MemFree:          131916 kB
Active:           436088 kB
Mem:          3.8G       3.7G       128M       5.7M        28M       3.2G

MemTotal:        4016004 kB
MemFree:          107896 kB
Active:           436156 kB
Mem:          3.8G       3.7G       104M       5.7M        28M       3.2G

MemTotal:        4016004 kB
MemFree:          122068 kB
Active:           436276 kB
Mem:          3.8G       3.7G       118M       5.7M        28M       3.2G

MemTotal:        4016004 kB
MemFree:          139412 kB
Active:           436576 kB
Mem:          3.8G       3.7G       136M       5.7M        28M       3.1G

MemTotal:        4016004 kB
MemFree:          128492 kB
Active:           436832 kB
Mem:          3.8G       3.7G       124M       5.7M        28M       3.2G

MemTotal:        4016004 kB
MemFree:          124300 kB
Active:           436992 kB
Mem:          3.8G       3.7G       120M       5.7M        28M       3.2G

MemTotal:        4016004 kB
MemFree:          109500 kB
Active:           437092 kB
Mem:          3.8G       3.7G       106M       5.7M        28M       3.2G

MemTotal:        4016004 kB
MemFree:          128544 kB
Active:           437248 kB
Mem:          3.8G       3.7G       125M       5.7M        28M       3.2G

MemTotal:        4016004 kB
MemFree:          111840 kB
Active:           437500 kB
Mem:          3.8G       3.7G       107M       5.7M        28M       3.2G

MemTotal:        4016004 kB
MemFree:          150284 kB
Active:           437720 kB
Mem:          3.8G       3.7G       146M       5.7M        28M       3.1G

MemTotal:        4016004 kB
MemFree:          107548 kB
Active:           437820 kB
Mem:          3.8G       3.7G       104M       5.7M        28M       3.2G

MemTotal:        4016004 kB
MemFree:          122816 kB
Active:           438048 kB
Mem:          3.8G       3.7G       119M       5.7M        28M       3.2G

MemTotal:        4016004 kB
MemFree:          125860 kB
Active:           438200 kB
Mem:          3.8G       3.7G       121M       5.7M        28M       3.2G

MemTotal:        4016004 kB
MemFree:          121848 kB
Active:           438368 kB
Mem:          3.8G       3.7G       122M       5.7M        28M       3.2G

MemTotal:        4016004 kB
MemFree:          114832 kB
Active:           438576 kB
Mem:          3.8G       3.7G       111M       5.7M        28M       3.2G

MemTotal:        4016004 kB
MemFree:          118400 kB
Active:           438764 kB
Mem:          3.8G       3.7G       115M       5.7M        28M       3.2G

MemTotal:        4016004 kB
MemFree:          132036 kB
Active:           438832 kB
Mem:          3.8G       3.7G       128M       5.7M        28M       3.2G

MemTotal:        4016004 kB
MemFree:          134316 kB
Active:           439136 kB
Mem:          3.8G       3.7G       130M       5.7M        28M       3.1G

MemTotal:        4016004 kB
MemFree:          131728 kB
Active:           439296 kB
Mem:          3.8G       3.7G       127M       5.7M        28M       3.2G

MemTotal:        4016004 kB
MemFree:          127540 kB
Active:           439432 kB
Mem:          3.8G       3.7G       123M       5.7M        28M       3.2G

MemTotal:        4016004 kB
MemFree:          141132 kB
Active:           439596 kB
Mem:          3.8G       3.7G       137M       5.7M        28M       3.1G

MemTotal:        4016004 kB
MemFree:          125120 kB
Active:           439776 kB
Mem:          3.8G       3.7G       121M       5.7M        28M       3.2G

MemTotal:        4016004 kB
MemFree:          117088 kB
Active:           439864 kB
Mem:          3.8G       3.7G       114M       5.7M        28M       3.2G

MemTotal:        4016004 kB
MemFree:          130804 kB
Active:           440528 kB
Mem:          3.8G       3.7G       130M       5.7M        28M       3.1G

MemTotal:        4016004 kB
MemFree:          138828 kB
Active:           440684 kB
Mem:          3.8G       3.7G       134M       5.7M        28M       3.1G

MemTotal:        4016004 kB
MemFree:          134096 kB
Active:           440868 kB
Mem:          3.8G       3.7G       130M       5.7M        28M       3.1G

MemTotal:        4016004 kB
MemFree:          132120 kB
Active:           441024 kB
Mem:          3.8G       3.7G       128M       5.7M        28M       3.2G

MemTotal:        4016004 kB
MemFree:          123328 kB
Active:           441188 kB
Mem:          3.8G       3.7G       134M       5.7M        28M       3.1G

MemTotal:        4016004 kB
MemFree:          133672 kB
Active:           441392 kB
Mem:          3.8G       3.7G       129M       5.7M        28M       3.2G

MemTotal:        4016004 kB
MemFree:          130616 kB
Active:           441576 kB
Mem:          3.8G       3.7G       127M       5.7M        28M       3.2G

MemTotal:        4016004 kB
MemFree:          123928 kB
Active:           441724 kB
Mem:          3.8G       3.7G       120M       5.7M        28M       3.2G

MemTotal:        4016004 kB
MemFree:          123228 kB
Active:           441712 kB
Mem:          3.8G       3.7G       120M       5.7M        28M       3.2G

MemTotal:        4016004 kB
MemFree:          122804 kB
Active:           441732 kB
Mem:          3.8G       3.7G       119M       5.7M        28M       3.2G

MemTotal:        4016004 kB
MemFree:          136056 kB
Active:           441992 kB
Mem:          3.8G       3.7G       132M       5.7M        28M       3.1G

MemTotal:        4016004 kB
MemFree:          127548 kB
Active:           442316 kB
Mem:          3.8G       3.7G       124M       5.7M        28M       3.2G

MemTotal:        4016004 kB
MemFree:          120388 kB
Active:           442540 kB
Mem:          3.8G       3.7G       117M       5.7M        28M       3.2G

MemTotal:        4016004 kB
MemFree:          114344 kB
Active:           442708 kB
Mem:          3.8G       3.7G       111M       5.7M        28M       3.2G

MemTotal:        4016004 kB
MemFree:          126248 kB
Active:           443108 kB
Mem:          3.8G       3.7G       123M       5.7M        28M       3.2G

MemTotal:        4016004 kB
MemFree:          107056 kB
Active:           443296 kB
Mem:          3.8G       3.7G       104M       5.7M        28M       3.2G

MemTotal:        4016004 kB
MemFree:          111500 kB
Active:           443472 kB
Mem:          3.8G       3.7G       108M       5.7M        28M       3.2G

MemTotal:        4016004 kB
MemFree:          127728 kB
Active:           443568 kB
Mem:          3.8G       3.7G       124M       5.7M        28M       3.2G

MemTotal:        4016004 kB
MemFree:          105536 kB
Active:           443660 kB
Mem:          3.8G       3.7G       102M       5.7M        28M       3.2G

MemTotal:        4016004 kB
MemFree:          106932 kB
Active:           443760 kB
Mem:          3.8G       3.7G       103M       5.7M        28M       3.2G

MemTotal:        4016004 kB
MemFree:          134836 kB
Active:           443968 kB
Mem:          3.8G       3.7G       130M       5.7M        28M       3.1G

MemTotal:        4016004 kB
MemFree:          129488 kB
Active:           444244 kB
Mem:          3.8G       3.7G       126M       5.7M        28M       3.2G

MemTotal:        4016004 kB
MemFree:          123388 kB
Active:           444256 kB
Mem:          3.8G       3.7G       120M       5.7M        28M       3.2G

MemTotal:        4016004 kB
MemFree:          119884 kB
Active:           444504 kB
Mem:          3.8G       3.7G       116M       5.7M        28M       3.2G

MemTotal:        4016004 kB
MemFree:          134556 kB
Active:           444776 kB
Mem:          3.8G       3.7G       130M       5.7M        28M       3.1G

MemTotal:        4016004 kB
MemFree:          123236 kB
Active:           445008 kB
Mem:          3.8G       3.7G       119M       5.7M        28M       3.2G

MemTotal:        4016004 kB
MemFree:          118356 kB
Active:           445172 kB
Mem:          3.8G       3.7G       114M       5.7M        28M       3.2G

MemTotal:        4016004 kB
MemFree:          119532 kB
Active:           445312 kB
Mem:          3.8G       3.7G       116M       5.7M        28M       3.2G

MemTotal:        4016004 kB
MemFree:          117808 kB
Active:           445480 kB
Mem:          3.8G       3.7G       114M       5.7M        28M       3.2G

MemTotal:        4016004 kB
MemFree:          121708 kB
Active:           445596 kB
Mem:          3.8G       3.7G       118M       5.7M        28M       3.2G

MemTotal:        4016004 kB
MemFree:          121756 kB
Active:           445968 kB
Mem:          3.8G       3.7G       117M       5.7M        28M       3.2G

MemTotal:        4016004 kB
MemFree:          141924 kB
Active:           446212 kB
Mem:          3.8G       3.7G       137M       5.7M        28M       3.1G

MemTotal:        4016004 kB
MemFree:          144980 kB
Active:           446376 kB
Mem:          3.8G       3.7G       141M       5.7M        28M       3.1G

MemTotal:        4016004 kB
MemFree:          111832 kB
Active:           446508 kB
Mem:          3.8G       3.7G       108M       5.7M        28M       3.2G

MemTotal:        4016004 kB
MemFree:          119564 kB
Active:           446640 kB
Mem:          3.8G       3.7G       116M       5.7M        28M       3.2G

MemTotal:        4016004 kB
MemFree:          131780 kB
Active:           446784 kB
Mem:          3.8G       3.7G       128M       5.7M        28M       3.1G

MemTotal:        4016004 kB
MemFree:          120472 kB
Active:           447008 kB
Mem:          3.8G       3.7G       117M       5.7M        28M       3.2G

MemTotal:        4016004 kB
MemFree:          124112 kB
Active:           447216 kB
Mem:          3.8G       3.7G       120M       5.7M        28M       3.2G

MemTotal:        4016004 kB
MemFree:          126200 kB
Active:           447304 kB
Mem:          3.8G       3.7G       123M       5.7M        28M       3.2G

MemTotal:        4016004 kB
MemFree:          125656 kB
Active:           447404 kB
Mem:          3.8G       3.7G       123M       5.7M        28M       3.2G

MemTotal:        4016004 kB
MemFree:          129448 kB
Active:           447500 kB
Mem:          3.8G       3.7G       126M       5.7M        28M       3.2G

MemTotal:        4016004 kB
MemFree:          124224 kB
Active:           447800 kB
Mem:          3.8G       3.7G       121M       5.7M        28M       3.2G

MemTotal:        4016004 kB
MemFree:          124676 kB
Active:           448096 kB
Mem:          3.8G       3.7G       121M       5.7M        28M       3.2G

MemTotal:        4016004 kB
MemFree:          132500 kB
Active:           448284 kB
Mem:          3.8G       3.7G       129M       5.7M        28M       3.1G

MemTotal:        4016004 kB
MemFree:          123600 kB
Active:           448432 kB
Mem:          3.8G       3.7G       120M       5.7M        28M       3.2G

MemTotal:        4016004 kB
MemFree:          108636 kB
Active:           448596 kB
Mem:          3.8G       3.7G       105M       5.7M        28M       3.2G

MemTotal:        4016004 kB
MemFree:          105056 kB
Active:           448824 kB
Mem:          3.8G       3.7G       106M       5.7M        28M       3.2G

MemTotal:        4016004 kB
MemFree:          129280 kB
Active:           449004 kB
Mem:          3.8G       3.7G       125M       5.7M        28M       3.1G

MemTotal:        4016004 kB
MemFree:          121360 kB
Active:           449128 kB
Mem:          3.8G       3.7G       118M       5.7M        28M       3.2G

MemTotal:        4016004 kB
MemFree:          121116 kB
Active:           449160 kB
Mem:          3.8G       3.7G       118M       5.7M        28M       3.2G

MemTotal:        4016004 kB
MemFree:          138468 kB
Active:           449444 kB
Mem:          3.8G       3.7G       134M       5.7M        28M       3.1G

MemTotal:        4016004 kB
MemFree:          505564 kB
Active:           398168 kB
Mem:          3.8G       3.1G       715M       5.7M        28M       2.6G

MemTotal:        4016004 kB
MemFree:         3262440 kB
Active:           357708 kB
Mem:          3.8G       735M       3.1G       5.7M        28M       288M

MemTotal:        4016004 kB
MemFree:         3308112 kB
Active:           357536 kB
Mem:          3.8G       691M       3.2G       5.7M        28M       245M

MemTotal:        4016004 kB
MemFree:         3309052 kB
Active:           357504 kB
Mem:          3.8G       690M       3.2G       5.7M        28M       245M

MemTotal:        4016004 kB
MemFree:         3374944 kB
Active:           357100 kB
Mem:          3.8G       626M       3.2G       5.7M        28M       184M

MemTotal:        4016004 kB
MemFree:         3375224 kB
Active:           357108 kB
Mem:          3.8G       625M       3.2G       5.7M        28M       184M

MemTotal:        4016004 kB
MemFree:         3375844 kB
Active:           357092 kB
Mem:          3.8G       624M       3.2G       5.7M        28M       184M

MemTotal:        4016004 kB
MemFree:         3375720 kB
Active:           357124 kB
Mem:          3.8G       625M       3.2G       5.7M        28M       184M

MemTotal:        4016004 kB
MemFree:         3376216 kB
Active:           357108 kB
Mem:          3.8G       624M       3.2G       5.7M        28M       184M

MemTotal:        4016004 kB
MemFree:         3376464 kB
Active:           357072 kB
Mem:          3.8G       625M       3.2G       5.7M        28M       184M

MemTotal:        4016004 kB
MemFree:         3376216 kB
Active:           357084 kB
Mem:          3.8G       624M       3.2G       5.7M        28M       184M

MemTotal:        4016004 kB
MemFree:         3376216 kB
Active:           357080 kB
Mem:          3.8G       624M       3.2G       5.7M        28M       184M

MemTotal:        4016004 kB
MemFree:         3375720 kB
Active:           357132 kB
Mem:          3.8G       625M       3.2G       5.7M        28M       184M

MemTotal:        4016004 kB
MemFree:         3376216 kB
Active:           357116 kB
Mem:          3.8G       625M       3.2G       5.7M        28M       184M

MemTotal:        4016004 kB
MemFree:         3375844 kB
Active:           357124 kB
Mem:          3.8G       624M       3.2G       5.7M        28M       184M

MemTotal:        4016004 kB
MemFree:         3375844 kB
Active:           357136 kB
Mem:          3.8G       625M       3.2G       5.7M        28M       184M

MemTotal:        4016004 kB
MemFree:         3376216 kB
Active:           357100 kB
Mem:          3.8G       624M       3.2G       5.7M        28M       184M

MemTotal:        4016004 kB
MemFree:         3376092 kB
Active:           357096 kB
Mem:          3.8G       624M       3.2G       5.7M        28M       184M

MemTotal:        4016004 kB
MemFree:         3376092 kB
Active:           357100 kB
Mem:          3.8G       625M       3.2G       5.7M        28M       184M

MemTotal:        4016004 kB
MemFree:         3375596 kB
Active:           357148 kB
Mem:          3.8G       625M       3.2G       5.7M        28M       184M

MemTotal:        4016004 kB
MemFree:         3376464 kB
Active:           357092 kB
Mem:          3.8G       624M       3.2G       5.7M        28M       184M

MemTotal:        4016004 kB
MemFree:         3376216 kB
Active:           357132 kB
Mem:          3.8G       624M       3.2G       5.7M        28M       184M

MemTotal:        4016004 kB
MemFree:         3376092 kB
Active:           357112 kB
Mem:          3.8G       624M       3.2G       5.7M        28M       184M

MemTotal:        4016004 kB
MemFree:         3376216 kB
Active:           357104 kB
Mem:          3.8G       624M       3.2G       5.7M        28M       184M

MemTotal:        4016004 kB
MemFree:         3375844 kB
Active:           357152 kB
Mem:          3.8G       624M       3.2G       5.7M        28M       184M

MemTotal:        4016004 kB
MemFree:         3375844 kB
Active:           357156 kB
Mem:          3.8G       624M       3.2G       5.7M        28M       184M

MemTotal:        4016004 kB
MemFree:         3376092 kB
Active:           357152 kB
Mem:          3.8G       624M       3.2G       5.7M        28M       184M

MemTotal:        4016004 kB
MemFree:         3376092 kB
Active:           357144 kB
Mem:          3.8G       624M       3.2G       5.7M        28M       184M

MemTotal:        4016004 kB
MemFree:         3375968 kB
Active:           357100 kB
Mem:          3.8G       625M       3.2G       5.7M        28M       184M

MemTotal:        4016004 kB
MemFree:         3375596 kB
Active:           357156 kB
Mem:          3.8G       625M       3.2G       5.7M        28M       184M

MemTotal:        4016004 kB
MemFree:         3375844 kB
Active:           357112 kB
Mem:          3.8G       625M       3.2G       5.7M        28M       184M

MemTotal:        4016004 kB
MemFree:         3376208 kB
Active:           357152 kB
Mem:          3.8G       624M       3.2G       5.7M        28M       184M

MemTotal:        4016004 kB
MemFree:         3375464 kB
Active:           357160 kB
Mem:          3.8G       625M       3.2G       5.7M        28M       184M

MemTotal:        4016004 kB
MemFree:         3375960 kB
Active:           357152 kB
Mem:          3.8G       624M       3.2G       5.7M        28M       184M

MemTotal:        4016004 kB
MemFree:         3376332 kB
Active:           357108 kB
Mem:          3.8G       624M       3.2G       5.7M        28M       184M

MemTotal:        4016004 kB
MemFree:         3376332 kB
Active:           357132 kB
Mem:          3.8G       624M       3.2G       5.7M        28M       184M

MemTotal:        4016004 kB
MemFree:         3376332 kB
Active:           357108 kB
Mem:          3.8G       624M       3.2G       5.7M        28M       184M

MemTotal:        4016004 kB
MemFree:         3376208 kB
Active:           357160 kB
Mem:          3.8G       625M       3.2G       5.7M        28M       184M

MemTotal:        4016004 kB
MemFree:         3376208 kB
Active:           357168 kB
Mem:          3.8G       624M       3.2G       5.7M        28M       184M

MemTotal:        4016004 kB
MemFree:         3376084 kB
Active:           357160 kB
Mem:          3.8G       625M       3.2G       5.7M        28M       184M

MemTotal:        4016004 kB
MemFree:         3375588 kB
Active:           357176 kB
Mem:          3.8G       625M       3.2G       5.7M        28M       184M

MemTotal:        4016004 kB
MemFree:         3375852 kB
Active:           357160 kB
Mem:          3.8G       625M       3.2G       5.7M        28M       184M

MemTotal:        4016004 kB
MemFree:         3375356 kB
Active:           357176 kB
Mem:          3.8G       625M       3.2G       5.7M        28M       184M

MemTotal:        4016004 kB
MemFree:         3375604 kB
Active:           357172 kB
Mem:          3.8G       625M       3.2G       5.7M        28M       184M

MemTotal:        4016004 kB
MemFree:         3376224 kB
Active:           357132 kB
Mem:          3.8G       624M       3.2G       5.7M        28M       184M

MemTotal:        4016004 kB
MemFree:         3375852 kB
Active:           357192 kB
Mem:          3.8G       624M       3.2G       5.7M        28M       184M

MemTotal:        4016004 kB
MemFree:         3375852 kB
Active:           357196 kB
Mem:          3.8G       624M       3.2G       5.7M        28M       184M

MemTotal:        4016004 kB
MemFree:         3376720 kB
Active:           357188 kB
Mem:          3.8G       624M       3.2G       5.7M        28M       184M

MemTotal:        4016004 kB
MemFree:         3376348 kB
Active:           357196 kB
Mem:          3.8G       624M       3.2G       5.7M        28M       184M

MemTotal:        4016004 kB
MemFree:         3375976 kB
Active:           357196 kB
Mem:          3.8G       624M       3.2G       5.7M        28M       184M

MemTotal:        4016004 kB
MemFree:         3375852 kB
Active:           357196 kB
Mem:          3.8G       624M       3.2G       5.7M        28M       184M

MemTotal:        4016004 kB
MemFree:         3376224 kB
Active:           357176 kB
Mem:          3.8G       624M       3.2G       5.7M        28M       184M

MemTotal:        4016004 kB
MemFree:         3375728 kB
Active:           357168 kB
Mem:          3.8G       625M       3.2G       5.7M        28M       184M

MemTotal:        4016004 kB
MemFree:         3375356 kB
Active:           357176 kB
Mem:          3.8G       625M       3.2G       5.7M        28M       184M

MemTotal:        4016004 kB
MemFree:         3375232 kB
Active:           357168 kB
Mem:          3.8G       626M       3.2G       5.7M        28M       184M

MemTotal:        4016004 kB
MemFree:         3375232 kB
Active:           357204 kB
Mem:          3.8G       625M       3.2G       5.7M        28M       184M

MemTotal:        4016004 kB
MemFree:         3375852 kB
Active:           357164 kB
Mem:          3.8G       625M       3.2G       5.7M        28M       184M

MemTotal:        4016004 kB
MemFree:         3375852 kB
Active:           357164 kB
Mem:          3.8G       625M       3.2G       5.7M        28M       184M

MemTotal:        4016004 kB
MemFree:         3375852 kB
Active:           357168 kB
Mem:          3.8G       625M       3.2G       5.7M        28M       184M

MemTotal:        4016004 kB
MemFree:         3375604 kB
Active:           357220 kB
Mem:          3.8G       625M       3.2G       5.7M        28M       184M

MemTotal:        4016004 kB
MemFree:         3376100 kB
Active:           357188 kB
Mem:          3.8G       624M       3.2G       5.7M        28M       184M

MemTotal:        4016004 kB
MemFree:         3376224 kB
Active:           357188 kB
Mem:          3.8G       624M       3.2G       5.7M        28M       184M

MemTotal:        4016004 kB
MemFree:         3376316 kB
Active:           357196 kB
Mem:          3.8G       624M       3.2G       5.7M        28M       184M

MemTotal:        4016004 kB
MemFree:         3375852 kB
Active:           357232 kB
Mem:          3.8G       624M       3.2G       5.7M        28M       184M

MemTotal:        4016004 kB
MemFree:         3376224 kB
Active:           357192 kB
Mem:          3.8G       625M       3.2G       5.7M        28M       184M

MemTotal:        4016004 kB
MemFree:         3375480 kB
Active:           357232 kB
