MemTotal:        4016004 kB
MemFree:         3226472 kB
Active:           434012 kB
Mem:          3.8G       771M       3.1G       5.7M        55M       317M

MemTotal:        4016004 kB
MemFree:         3226616 kB
Active:           434160 kB
Mem:          3.8G       771M       3.1G       5.7M        55M       317M

MemTotal:        4016004 kB
MemFree:         3226352 kB
Active:           434268 kB
Mem:          3.8G       771M       3.1G       5.7M        55M       317M

MemTotal:        4016004 kB
MemFree:         3225592 kB
Active:           434240 kB
Mem:          3.8G       771M       3.1G       5.7M        55M       317M

MemTotal:        4016004 kB
MemFree:         3225840 kB
Active:           434284 kB
Mem:          3.8G       771M       3.1G       5.7M        55M       317M

MemTotal:        4016004 kB
MemFree:         3225452 kB
Active:           434284 kB
Mem:          3.8G       771M       3.1G       5.7M        55M       317M

MemTotal:        4016004 kB
MemFree:         3226304 kB
Active:           434252 kB
Mem:          3.8G       771M       3.1G       5.7M        55M       317M

MemTotal:        4016004 kB
MemFree:         3226288 kB
Active:           434256 kB
Mem:          3.8G       771M       3.1G       5.7M        55M       317M

MemTotal:        4016004 kB
MemFree:         3226396 kB
Active:           434252 kB
Mem:          3.8G       771M       3.1G       5.7M        55M       317M

MemTotal:        4016004 kB
MemFree:         3226396 kB
Active:           434272 kB
Mem:          3.8G       771M       3.1G       5.7M        55M       317M

MemTotal:        4016004 kB
MemFree:         3225760 kB
Active:           434292 kB
Mem:          3.8G       771M       3.1G       5.7M        55M       317M

MemTotal:        4016004 kB
MemFree:         3226364 kB
Active:           434288 kB
Mem:          3.8G       771M       3.1G       5.7M        55M       317M

MemTotal:        4016004 kB
MemFree:         3226100 kB
Active:           434292 kB
Mem:          3.8G       771M       3.1G       5.7M        55M       317M

MemTotal:        4016004 kB
MemFree:         3226456 kB
Active:           434236 kB
Mem:          3.8G       771M       3.1G       5.7M        55M       317M

MemTotal:        4016004 kB
MemFree:         3226564 kB
Active:           434280 kB
Mem:          3.8G       770M       3.1G       5.7M        55M       317M

MemTotal:        4016004 kB
MemFree:         3228424 kB
Active:           432256 kB
Mem:          3.8G       769M       3.1G       5.7M        55M       317M

MemTotal:        4016004 kB
MemFree:         3228192 kB
Active:           432272 kB
Mem:          3.8G       769M       3.1G       5.7M        55M       317M

MemTotal:        4016004 kB
MemFree:         3229184 kB
Active:           432224 kB
Mem:          3.8G       768M       3.1G       5.7M        55M       317M

MemTotal:        4016004 kB
MemFree:         3228920 kB
Active:           432236 kB
Mem:          3.8G       768M       3.1G       5.7M        55M       317M

MemTotal:        4016004 kB
MemFree:         3228672 kB
Active:           432248 kB
Mem:          3.8G       768M       3.1G       5.7M        55M       317M

MemTotal:        4016004 kB
MemFree:         3228796 kB
Active:           432252 kB
Mem:          3.8G       768M       3.1G       5.7M        55M       317M

MemTotal:        4016004 kB
MemFree:         3228796 kB
Active:           432260 kB
Mem:          3.8G       768M       3.1G       5.7M        55M       317M

MemTotal:        4016004 kB
MemFree:         3228548 kB
Active:           432228 kB
Mem:          3.8G       768M       3.1G       5.7M        55M       317M

MemTotal:        4016004 kB
MemFree:         3228300 kB
Active:           432284 kB
Mem:          3.8G       769M       3.1G       5.7M        55M       317M

MemTotal:        4016004 kB
MemFree:         3228284 kB
Active:           432284 kB
Mem:          3.8G       769M       3.1G       5.7M        55M       317M

MemTotal:        4016004 kB
MemFree:         3228580 kB
Active:           432240 kB
Mem:          3.8G       769M       3.1G       5.7M        55M       317M

MemTotal:        4016004 kB
MemFree:         3226408 kB
Active:           432228 kB
Mem:          3.8G       771M       3.1G       5.7M        55M       317M

MemTotal:        4016004 kB
MemFree:         3225912 kB
Active:           432260 kB
Mem:          3.8G       771M       3.1G       5.7M        55M       317M

MemTotal:        4016004 kB
MemFree:         3226036 kB
Active:           434280 kB
Mem:          3.8G       771M       3.1G       5.7M        55M       317M

MemTotal:        4016004 kB
MemFree:         3226160 kB
Active:           434268 kB
Mem:          3.8G       771M       3.1G       5.7M        55M       317M

MemTotal:        4016004 kB
MemFree:         3225912 kB
Active:           434316 kB
Mem:          3.8G       771M       3.1G       5.7M        55M       317M

MemTotal:        4016004 kB
MemFree:         3226160 kB
Active:           434296 kB
Mem:          3.8G       771M       3.1G       5.7M        55M       317M

MemTotal:        4016004 kB
MemFree:         3226160 kB
Active:           434280 kB
Mem:          3.8G       771M       3.1G       5.7M        55M       317M

MemTotal:        4016004 kB
MemFree:         3226160 kB
Active:           434312 kB
Mem:          3.8G       771M       3.1G       5.7M        55M       317M

MemTotal:        4016004 kB
MemFree:         3226408 kB
Active:           434264 kB
Mem:          3.8G       771M       3.1G       5.7M        55M       317M

MemTotal:        4016004 kB
MemFree:         3226408 kB
Active:           434272 kB
Mem:          3.8G       771M       3.1G       5.7M        55M       317M

MemTotal:        4016004 kB
MemFree:         3226160 kB
Active:           434328 kB
Mem:          3.8G       771M       3.1G       5.7M        55M       317M

MemTotal:        4016004 kB
MemFree:         3226456 kB
Active:           434276 kB
Mem:          3.8G       771M       3.1G       5.7M        55M       317M

MemTotal:        4016004 kB
MemFree:         3226332 kB
Active:           434280 kB
Mem:          3.8G       771M       3.1G       5.7M        55M       317M

MemTotal:        4016004 kB
MemFree:         3226580 kB
Active:           434324 kB
Mem:          3.8G       771M       3.1G       5.7M        55M       317M

MemTotal:        4016004 kB
MemFree:         3226332 kB
Active:           434288 kB
Mem:          3.8G       771M       3.1G       5.7M        55M       317M

MemTotal:        4016004 kB
MemFree:         3226332 kB
Active:           434280 kB
Mem:          3.8G       771M       3.1G       5.7M        55M       317M

MemTotal:        4016004 kB
MemFree:         3226332 kB
Active:           434328 kB
Mem:          3.8G       771M       3.1G       5.7M        55M       317M

MemTotal:        4016004 kB
MemFree:         3226332 kB
Active:           434344 kB
Mem:          3.8G       771M       3.1G       5.7M        55M       317M

MemTotal:        4016004 kB
MemFree:         3226084 kB
Active:           434324 kB
Mem:          3.8G       771M       3.1G       5.7M        55M       317M

MemTotal:        4016004 kB
MemFree:         3226176 kB
Active:           434316 kB
Mem:          3.8G       771M       3.1G       5.7M        55M       317M

MemTotal:        4016004 kB
MemFree:         3226020 kB
Active:           434300 kB
Mem:          3.8G       771M       3.1G       5.7M        55M       317M

MemTotal:        4016004 kB
MemFree:         3226112 kB
Active:           434296 kB
Mem:          3.8G       771M       3.1G       5.7M        55M       317M

MemTotal:        4016004 kB
MemFree:         3226236 kB
Active:           434348 kB
Mem:          3.8G       771M       3.1G       5.7M        55M       317M

MemTotal:        4016004 kB
MemFree:         3226220 kB
Active:           434336 kB
Mem:          3.8G       771M       3.1G       5.7M        55M       317M

MemTotal:        4016004 kB
MemFree:         3226204 kB
Active:           434352 kB
Mem:          3.8G       771M       3.1G       5.7M        55M       317M

MemTotal:        4016004 kB
MemFree:         3226160 kB
Active:           434316 kB
Mem:          3.8G       771M       3.1G       5.7M        55M       317M

MemTotal:        4016004 kB
MemFree:         3226284 kB
Active:           434364 kB
Mem:          3.8G       771M       3.1G       5.7M        55M       317M

MemTotal:        4016004 kB
MemFree:         3226284 kB
Active:           434372 kB
Mem:          3.8G       771M       3.1G       5.7M        55M       317M

MemTotal:        4016004 kB
MemFree:         3226284 kB
Active:           434368 kB
Mem:          3.8G       771M       3.1G       5.7M        55M       317M

MemTotal:        4016004 kB
MemFree:         3226160 kB
Active:           434356 kB
Mem:          3.8G       771M       3.1G       5.7M        55M       317M

MemTotal:        4016004 kB
MemFree:         3226408 kB
Active:           434344 kB
Mem:          3.8G       771M       3.1G       5.7M        55M       317M

MemTotal:        4016004 kB
MemFree:         3226532 kB
Active:           434348 kB
Mem:          3.8G       771M       3.1G       5.7M        55M       317M

MemTotal:        4016004 kB
MemFree:         3225912 kB
Active:           434364 kB
Mem:          3.8G       771M       3.1G       5.7M        55M       317M

MemTotal:        4016004 kB
MemFree:         3225664 kB
Active:           434352 kB
Mem:          3.8G       771M       3.1G       5.7M        55M       317M

MemTotal:        4016004 kB
MemFree:         3225788 kB
Active:           434340 kB
Mem:          3.8G       771M       3.1G       5.7M        55M       317M

MemTotal:        4016004 kB
MemFree:         3225788 kB
Active:           434332 kB
Mem:          3.8G       771M       3.1G       5.7M        55M       317M

MemTotal:        4016004 kB
MemFree:         3225744 kB
Active:           434356 kB
Mem:          3.8G       771M       3.1G       5.7M        55M       317M

MemTotal:        4016004 kB
MemFree:         3225744 kB
Active:           434352 kB
Mem:          3.8G       771M       3.1G       5.7M        55M       317M

MemTotal:        4016004 kB
MemFree:         3225744 kB
Active:           434372 kB
Mem:          3.8G       771M       3.1G       5.7M        55M       317M

MemTotal:        4016004 kB
MemFree:         3226116 kB
Active:           434368 kB
Mem:          3.8G       771M       3.1G       5.7M        55M       317M

MemTotal:        4016004 kB
MemFree:         3226116 kB
Active:           434360 kB
Mem:          3.8G       771M       3.1G       5.7M        55M       317M

MemTotal:        4016004 kB
MemFree:         3226364 kB
Active:           434364 kB
Mem:          3.8G       771M       3.1G       5.7M        55M       317M

MemTotal:        4016004 kB
MemFree:         3226240 kB
Active:           434360 kB
Mem:          3.8G       771M       3.1G       5.7M        55M       317M

MemTotal:        4016004 kB
MemFree:         3226224 kB
Active:           434360 kB
Mem:          3.8G       771M       3.1G       5.7M        55M       317M

MemTotal:        4016004 kB
MemFree:         3226428 kB
Active:           434384 kB
Mem:          3.8G       771M       3.1G       5.7M        55M       317M

MemTotal:        4016004 kB
MemFree:         3226180 kB
Active:           434352 kB
Mem:          3.8G       771M       3.1G       5.7M        55M       317M

MemTotal:        4016004 kB
MemFree:         3226180 kB
Active:           434392 kB
Mem:          3.8G       771M       3.1G       5.7M        55M       317M

MemTotal:        4016004 kB
MemFree:         3226164 kB
Active:           434344 kB
Mem:          3.8G       771M       3.1G       5.7M        55M       317M

MemTotal:        4016004 kB
MemFree:         3226040 kB
Active:           434400 kB
Mem:          3.8G       771M       3.1G       5.7M        55M       317M

MemTotal:        4016004 kB
MemFree:         3226272 kB
Active:           434388 kB
Mem:          3.8G       771M       3.1G       5.7M        55M       317M

MemTotal:        4016004 kB
MemFree:         3226256 kB
Active:           434372 kB
Mem:          3.8G       771M       3.1G       5.7M        55M       317M

MemTotal:        4016004 kB
MemFree:         3226504 kB
Active:           434404 kB
Mem:          3.8G       770M       3.1G       5.7M        55M       317M

MemTotal:        4016004 kB
MemFree:         3226008 kB
Active:           434408 kB
Mem:          3.8G       771M       3.1G       5.7M        55M       317M

MemTotal:        4016004 kB
MemFree:         3226380 kB
Active:           434380 kB
Mem:          3.8G       771M       3.1G       5.7M        55M       317M

MemTotal:        4016004 kB
MemFree:         3226364 kB
Active:           434364 kB
Mem:          3.8G       771M       3.1G       5.7M        55M       317M

MemTotal:        4016004 kB
MemFree:         3225728 kB
Active:           434412 kB
Mem:          3.8G       771M       3.1G       5.7M        55M       317M

MemTotal:        4016004 kB
MemFree:         3226100 kB
Active:           434412 kB
Mem:          3.8G       771M       3.1G       5.7M        55M       317M

MemTotal:        4016004 kB
MemFree:         3226100 kB
Active:           434408 kB
Mem:          3.8G       771M       3.1G       5.7M        55M       317M

MemTotal:        4016004 kB
MemFree:         3225760 kB
Active:           434424 kB
Mem:          3.8G       771M       3.1G       5.7M        55M       317M

MemTotal:        4016004 kB
MemFree:         3226132 kB
Active:           434392 kB
Mem:          3.8G       771M       3.1G       5.7M        55M       317M

MemTotal:        4016004 kB
MemFree:         3226132 kB
Active:           434408 kB
Mem:          3.8G       771M       3.1G       5.7M        55M       317M

MemTotal:        4016004 kB
MemFree:         3226008 kB
Active:           434424 kB
Mem:          3.8G       771M       3.1G       5.7M        55M       317M

MemTotal:        4016004 kB
MemFree:         3226256 kB
Active:           434380 kB
Mem:          3.8G       771M       3.1G       5.7M        55M       317M

MemTotal:        4016004 kB
MemFree:         3226380 kB
Active:           434380 kB
Mem:          3.8G       771M       3.1G       5.7M        55M       317M

MemTotal:        4016004 kB
MemFree:         3226380 kB
Active:           434384 kB
Mem:          3.8G       771M       3.1G       5.7M        55M       317M

MemTotal:        4016004 kB
MemFree:         3226876 kB
Active:           434432 kB
Mem:          3.8G       770M       3.1G       5.7M        55M       317M

MemTotal:        4016004 kB
MemFree:         3226256 kB
Active:           434436 kB
Mem:          3.8G       771M       3.1G       5.7M        55M       317M

MemTotal:        4016004 kB
MemFree:         3226472 kB
Active:           434404 kB
Mem:          3.8G       770M       3.1G       5.7M        55M       317M

MemTotal:        4016004 kB
MemFree:         3226224 kB
Active:           434444 kB
Mem:          3.8G       771M       3.1G       5.7M        55M       317M

MemTotal:        4016004 kB
MemFree:         3226100 kB
Active:           434412 kB
Mem:          3.8G       771M       3.1G       5.7M        55M       317M

MemTotal:        4016004 kB
MemFree:         3225476 kB
Active:           432512 kB
Mem:          3.8G       771M       3.1G       5.7M        55M       317M

MemTotal:        4016004 kB
MemFree:         3225740 kB
Active:           434448 kB
Mem:          3.8G       771M       3.1G       5.7M        55M       317M

MemTotal:        4016004 kB
MemFree:         3225864 kB
Active:           434448 kB
Mem:          3.8G       771M       3.1G       5.7M        55M       317M

MemTotal:        4016004 kB
MemFree:         3226228 kB
Active:           434400 kB
Mem:          3.8G       771M       3.1G       5.7M        55M       317M

MemTotal:        4016004 kB
MemFree:         3225916 kB
Active:           434652 kB
Mem:          3.8G       771M       3.1G       5.7M        55M       317M

MemTotal:        4016004 kB
MemFree:         3184640 kB
Active:           435604 kB
Mem:          3.8G       812M       3.0G       5.7M        55M       356M

MemTotal:        4016004 kB
MemFree:         3138580 kB
Active:           435628 kB
Mem:          3.8G       857M       3.0G       5.7M        55M       400M

MemTotal:        4016004 kB
MemFree:         3094060 kB
Active:           435648 kB
Mem:          3.8G       900M       3.0G       5.7M        55M       443M

MemTotal:        4016004 kB
MemFree:         3048704 kB
Active:           435676 kB
Mem:          3.8G       945M       2.9G       5.7M        55M       487M

MemTotal:        4016004 kB
MemFree:         3004092 kB
Active:           435704 kB
Mem:          3.8G       988M       2.9G       5.7M        55M       530M

MemTotal:        4016004 kB
MemFree:         2959960 kB
Active:           435728 kB
Mem:          3.8G       1.0G       2.8G       5.7M        55M       572M

MemTotal:        4016004 kB
MemFree:         2914656 kB
Active:           435752 kB
Mem:          3.8G       1.1G       2.8G       5.7M        55M       616M

MemTotal:        4016004 kB
MemFree:         2870060 kB
Active:           435792 kB
Mem:          3.8G       1.1G       2.7G       5.7M        55M       658M

MemTotal:        4016004 kB
MemFree:         2824332 kB
Active:           435824 kB
Mem:          3.8G       1.1G       2.7G       5.7M        55M       703M

MemTotal:        4016004 kB
MemFree:         2780128 kB
Active:           435848 kB
Mem:          3.8G       1.2G       2.7G       5.7M        55M       745M

MemTotal:        4016004 kB
MemFree:         2734356 kB
Active:           435880 kB
Mem:          3.8G       1.2G       2.6G       5.7M        55M       789M

MemTotal:        4016004 kB
MemFree:         2690116 kB
Active:           435904 kB
Mem:          3.8G       1.3G       2.6G       5.7M        55M       832M

MemTotal:        4016004 kB
MemFree:         2645752 kB
Active:           435924 kB
Mem:          3.8G       1.3G       2.5G       5.7M        55M       874M

MemTotal:        4016004 kB
MemFree:         2600148 kB
Active:           435944 kB
Mem:          3.8G       1.4G       2.5G       5.7M        55M       918M

MemTotal:        4016004 kB
MemFree:         2555752 kB
Active:           435968 kB
Mem:          3.8G       1.4G       2.4G       5.7M        55M       961M

MemTotal:        4016004 kB
MemFree:         2554056 kB
Active:           434128 kB
Mem:          3.8G       1.4G       2.4G       5.7M        55M       961M

MemTotal:        4016004 kB
MemFree:         2542704 kB
Active:           436024 kB
Mem:          3.8G       1.4G       2.4G       5.7M        55M       973M

MemTotal:        4016004 kB
MemFree:         2496232 kB
Active:           436052 kB
Mem:          3.8G       1.4G       2.4G       5.7M        55M       1.0G

MemTotal:        4016004 kB
MemFree:         2451992 kB
Active:           436076 kB
Mem:          3.8G       1.5G       2.3G       5.7M        55M       1.0G

MemTotal:        4016004 kB
MemFree:         2409116 kB
Active:           436104 kB
Mem:          3.8G       1.5G       2.3G       5.7M        55M       1.1G

MemTotal:        4016004 kB
MemFree:         2378936 kB
Active:           436124 kB
Mem:          3.8G       1.6G       2.3G       5.7M        55M       1.1G

MemTotal:        4016004 kB
MemFree:         2333720 kB
Active:           436172 kB
Mem:          3.8G       1.6G       2.2G       5.7M        55M       1.1G

MemTotal:        4016004 kB
MemFree:         2289060 kB
Active:           436208 kB
Mem:          3.8G       1.6G       2.2G       5.7M        55M       1.2G

MemTotal:        4016004 kB
MemFree:         2243780 kB
Active:           436228 kB
Mem:          3.8G       1.7G       2.1G       5.7M        55M       1.2G

MemTotal:        4016004 kB
MemFree:         2199204 kB
Active:           436248 kB
Mem:          3.8G       1.7G       2.1G       5.7M        55M       1.3G

MemTotal:        4016004 kB
MemFree:         2154372 kB
Active:           436276 kB
Mem:          3.8G       1.8G       2.1G       5.7M        55M       1.3G

MemTotal:        4016004 kB
MemFree:         2109636 kB
Active:           436308 kB
Mem:          3.8G       1.8G       2.0G       5.7M        55M       1.4G

MemTotal:        4016004 kB
MemFree:         2065256 kB
Active:           436328 kB
Mem:          3.8G       1.9G       2.0G       5.7M        55M       1.4G

MemTotal:        4016004 kB
MemFree:         2019528 kB
Active:           436348 kB
Mem:          3.8G       1.9G       1.9G       5.7M        55M       1.4G

MemTotal:        4016004 kB
MemFree:         1975276 kB
Active:           436376 kB
Mem:          3.8G       1.9G       1.9G       5.7M        55M       1.5G

MemTotal:        4016004 kB
MemFree:         1949172 kB
Active:           436400 kB
Mem:          3.8G       2.0G       1.9G       5.7M        55M       1.5G

MemTotal:        4016004 kB
MemFree:         1948480 kB
Active:           436372 kB
Mem:          3.8G       2.0G       1.9G       5.7M        55M       1.5G

MemTotal:        4016004 kB
MemFree:         1907004 kB
Active:           436436 kB
Mem:          3.8G       2.0G       1.8G       5.7M        56M       1.5G

MemTotal:        4016004 kB
MemFree:         1861152 kB
Active:           436456 kB
Mem:          3.8G       2.1G       1.8G       5.7M        56M       1.6G

MemTotal:        4016004 kB
MemFree:         1817020 kB
Active:           436488 kB
Mem:          3.8G       2.1G       1.7G       5.7M        56M       1.6G

MemTotal:        4016004 kB
MemFree:         1790416 kB
Active:           434612 kB
Mem:          3.8G       2.1G       1.7G       5.7M        56M       1.7G

MemTotal:        4016004 kB
MemFree:         1789456 kB
Active:           434468 kB
Mem:          3.8G       2.1G       1.7G       5.7M        56M       1.7G

MemTotal:        4016004 kB
MemFree:         1772652 kB
Active:           434496 kB
Mem:          3.8G       2.1G       1.7G       5.7M        56M       1.7G

MemTotal:        4016004 kB
MemFree:         1729128 kB
Active:           434516 kB
Mem:          3.8G       2.2G       1.6G       5.7M        56M       1.7G

MemTotal:        4016004 kB
MemFree:         1683328 kB
Active:           434536 kB
Mem:          3.8G       2.2G       1.6G       5.7M        56M       1.8G

MemTotal:        4016004 kB
MemFree:         1638592 kB
Active:           434560 kB
Mem:          3.8G       2.3G       1.6G       5.7M        56M       1.8G

MemTotal:        4016004 kB
MemFree:         1594600 kB
Active:           434596 kB
Mem:          3.8G       2.3G       1.5G       5.7M        56M       1.8G

MemTotal:        4016004 kB
MemFree:         1548484 kB
Active:           434616 kB
Mem:          3.8G       2.4G       1.5G       5.7M        56M       1.9G

MemTotal:        4016004 kB
MemFree:         1504616 kB
Active:           434636 kB
Mem:          3.8G       2.4G       1.4G       5.7M        56M       1.9G

MemTotal:        4016004 kB
MemFree:         1458888 kB
Active:           434660 kB
Mem:          3.8G       2.4G       1.4G       5.7M        56M       2.0G

MemTotal:        4016004 kB
MemFree:         1414180 kB
Active:           436832 kB
Mem:          3.8G       2.5G       1.3G       5.7M        56M       2.0G

MemTotal:        4016004 kB
MemFree:         1369380 kB
Active:           436768 kB
Mem:          3.8G       2.5G       1.3G       5.7M        56M       2.1G

MemTotal:        4016004 kB
MemFree:         1324580 kB
Active:           436796 kB
Mem:          3.8G       2.6G       1.3G       5.7M        56M       2.1G

MemTotal:        4016004 kB
MemFree:         1278932 kB
Active:           436816 kB
Mem:          3.8G       2.6G       1.2G       5.7M        56M       2.1G

MemTotal:        4016004 kB
MemFree:         1234500 kB
Active:           436852 kB
Mem:          3.8G       2.7G       1.2G       5.7M        56M       2.2G

MemTotal:        4016004 kB
MemFree:         1190516 kB
Active:           436872 kB
Mem:          3.8G       2.7G       1.1G       5.7M        56M       2.2G

MemTotal:        4016004 kB
MemFree:         1175920 kB
Active:           436904 kB
Mem:          3.8G       2.7G       1.1G       5.7M        56M       2.2G

MemTotal:        4016004 kB
MemFree:         1143916 kB
Active:           436912 kB
Mem:          3.8G       2.7G       1.1G       5.7M        56M       2.3G

MemTotal:        4016004 kB
MemFree:         1098420 kB
Active:           436936 kB
Mem:          3.8G       2.8G       1.0G       5.7M        56M       2.3G

MemTotal:        4016004 kB
MemFree:         1053808 kB
Active:           436960 kB
Mem:          3.8G       2.8G       1.0G       5.7M        56M       2.3G

MemTotal:        4016004 kB
MemFree:         1008080 kB
Active:           436980 kB
Mem:          3.8G       2.9G       984M       5.7M        56M       2.4G

MemTotal:        4016004 kB
MemFree:          964216 kB
Active:           437012 kB
Mem:          3.8G       2.9G       940M       5.7M        56M       2.4G

MemTotal:        4016004 kB
MemFree:          920344 kB
Active:           437032 kB
Mem:          3.8G       3.0G       898M       5.7M        56M       2.5G

MemTotal:        4016004 kB
MemFree:          875084 kB
Active:           437052 kB
Mem:          3.8G       3.0G       854M       5.7M        56M       2.5G

MemTotal:        4016004 kB
MemFree:          830504 kB
Active:           437104 kB
Mem:          3.8G       3.0G       810M       5.7M        56M       2.6G

MemTotal:        4016004 kB
MemFree:          784636 kB
Active:           437120 kB
Mem:          3.8G       3.1G       765M       5.7M        56M       2.6G

MemTotal:        4016004 kB
MemFree:          740664 kB
Active:           437148 kB
Mem:          3.8G       3.1G       722M       5.7M        56M       2.6G

MemTotal:        4016004 kB
MemFree:          696064 kB
Active:           437184 kB
Mem:          3.8G       3.2G       678M       5.7M        56M       2.7G

MemTotal:        4016004 kB
MemFree:          649500 kB
Active:           437224 kB
Mem:          3.8G       3.2G       634M       5.7M        56M       2.7G

MemTotal:        4016004 kB
MemFree:          605656 kB
Active:           437244 kB
Mem:          3.8G       3.3G       591M       5.7M        56M       2.8G

MemTotal:        4016004 kB
MemFree:          558536 kB
Active:           437264 kB
Mem:          3.8G       3.3G       544M       5.7M        56M       2.8G

MemTotal:        4016004 kB
MemFree:          513772 kB
Active:           437264 kB
Mem:          3.8G       3.3G       501M       5.7M        56M       2.9G

MemTotal:        4016004 kB
MemFree:          469300 kB
Active:           437296 kB
Mem:          3.8G       3.4G       457M       5.7M        56M       2.9G

MemTotal:        4016004 kB
MemFree:          423680 kB
Active:           437320 kB
Mem:          3.8G       3.4G       413M       5.7M        56M       2.9G

MemTotal:        4016004 kB
MemFree:          379316 kB
Active:           437340 kB
Mem:          3.8G       3.5G       370M       5.7M        56M       3.0G

MemTotal:        4016004 kB
MemFree:          334800 kB
Active:           439412 kB
Mem:          3.8G       3.5G       326M       5.7M        56M       3.0G

MemTotal:        4016004 kB
MemFree:          319068 kB
Active:           439444 kB
Mem:          3.8G       3.5G       311M       5.7M        56M       3.0G

MemTotal:        4016004 kB
MemFree:          289004 kB
Active:           439448 kB
Mem:          3.8G       3.6G       281M       5.7M        56M       3.1G

MemTotal:        4016004 kB
MemFree:          244020 kB
Active:           439480 kB
Mem:          3.8G       3.6G       237M       5.7M        56M       3.1G

MemTotal:        4016004 kB
MemFree:          199144 kB
Active:           439500 kB
Mem:          3.8G       3.6G       194M       5.7M        56M       3.1G

MemTotal:        4016004 kB
MemFree:          155092 kB
Active:           439516 kB
Mem:          3.8G       3.7G       150M       5.7M        56M       3.2G

MemTotal:        4016004 kB
MemFree:          111880 kB
Active:           439544 kB
Mem:          3.8G       3.7G       109M       5.7M        56M       3.2G

MemTotal:        4016004 kB
MemFree:          118312 kB
Active:           438404 kB
Mem:          3.8G       3.7G       128M       5.7M        22M       3.2G

MemTotal:        4016004 kB
MemFree:          108000 kB
Active:           448440 kB
Mem:          3.8G       3.7G       105M       5.7M        22M       3.3G

MemTotal:        4016004 kB
MemFree:          113676 kB
Active:           494444 kB
Mem:          3.8G       3.7G       119M       5.7M        21M       3.3G

MemTotal:        4016004 kB
MemFree:          116032 kB
Active:           492672 kB
Mem:          3.8G       3.7G       113M       5.7M        21M       3.3G

MemTotal:        4016004 kB
MemFree:          126856 kB
Active:           489468 kB
Mem:          3.8G       3.7G       123M       5.7M        24M       3.2G

MemTotal:        4016004 kB
MemFree:          117964 kB
Active:           486580 kB
Mem:          3.8G       3.7G       114M       5.7M        24M       3.3G

MemTotal:        4016004 kB
MemFree:          108916 kB
Active:           483192 kB
Mem:          3.8G       3.7G       106M       5.7M        25M       3.3G

MemTotal:        4016004 kB
MemFree:          116880 kB
Active:           475396 kB
Mem:          3.8G       3.7G       113M       5.7M        25M       3.3G

MemTotal:        4016004 kB
MemFree:          108336 kB
Active:           470144 kB
Mem:          3.8G       3.7G       105M       5.7M        25M       3.3G

MemTotal:        4016004 kB
MemFree:          116708 kB
Active:           461452 kB
Mem:          3.8G       3.7G       113M       5.7M        25M       3.3G

MemTotal:        4016004 kB
MemFree:          106096 kB
Active:           458364 kB
Mem:          3.8G       3.7G       103M       5.7M        26M       3.3G

MemTotal:        4016004 kB
MemFree:          134132 kB
Active:           455040 kB
Mem:          3.8G       3.7G       130M       5.7M        26M       3.2G

MemTotal:        4016004 kB
MemFree:          107120 kB
Active:           454140 kB
Mem:          3.8G       3.7G       104M       5.7M        26M       3.3G

MemTotal:        4016004 kB
MemFree:          134980 kB
Active:           452300 kB
Mem:          3.8G       3.7G       130M       5.7M        26M       3.2G

MemTotal:        4016004 kB
MemFree:          131352 kB
Active:           451880 kB
Mem:          3.8G       3.7G       127M       5.7M        27M       3.2G

MemTotal:        4016004 kB
MemFree:          127960 kB
Active:           449452 kB
Mem:          3.8G       3.7G       124M       5.7M        27M       3.2G

MemTotal:        4016004 kB
MemFree:          129120 kB
Active:           443664 kB
Mem:          3.8G       3.7G       126M       5.7M        27M       3.2G

MemTotal:        4016004 kB
MemFree:          134672 kB
Active:           441872 kB
Mem:          3.8G       3.7G       131M       5.7M        27M       3.2G

MemTotal:        4016004 kB
MemFree:          147860 kB
Active:           438084 kB
Mem:          3.8G       3.7G       144M       5.7M        27M       3.2G

MemTotal:        4016004 kB
MemFree:          127144 kB
Active:           437420 kB
Mem:          3.8G       3.7G       123M       5.7M        27M       3.2G

MemTotal:        4016004 kB
MemFree:          128164 kB
Active:           436556 kB
Mem:          3.8G       3.7G       124M       5.7M        27M       3.2G

MemTotal:        4016004 kB
MemFree:          123560 kB
Active:           434996 kB
Mem:          3.8G       3.7G       120M       5.7M        27M       3.2G

MemTotal:        4016004 kB
MemFree:          123180 kB
Active:           433332 kB
Mem:          3.8G       3.7G       119M       5.7M        27M       3.2G

MemTotal:        4016004 kB
MemFree:          106944 kB
Active:           432060 kB
Mem:          3.8G       3.7G       104M       5.7M        27M       3.3G

MemTotal:        4016004 kB
MemFree:          134092 kB
Active:           429900 kB
Mem:          3.8G       3.7G       130M       5.7M        27M       3.2G

MemTotal:        4016004 kB
MemFree:          133956 kB
Active:           426024 kB
Mem:          3.8G       3.7G       130M       5.7M        27M       3.2G

MemTotal:        4016004 kB
MemFree:          125060 kB
Active:           424872 kB
Mem:          3.8G       3.7G       121M       5.7M        27M       3.2G

MemTotal:        4016004 kB
MemFree:          127796 kB
Active:           423212 kB
Mem:          3.8G       3.7G       124M       5.7M        27M       3.2G

MemTotal:        4016004 kB
MemFree:          136220 kB
Active:           422064 kB
Mem:          3.8G       3.7G       132M       5.7M        27M       3.2G

MemTotal:        4016004 kB
MemFree:          135488 kB
Active:           421948 kB
Mem:          3.8G       3.7G       132M       5.7M        27M       3.2G

MemTotal:        4016004 kB
MemFree:          116220 kB
Active:           422044 kB
Mem:          3.8G       3.7G       112M       5.7M        27M       3.3G

MemTotal:        4016004 kB
MemFree:          105944 kB
Active:           420812 kB
Mem:          3.8G       3.7G       103M       5.7M        27M       3.3G

MemTotal:        4016004 kB
MemFree:          133972 kB
Active:           414656 kB
Mem:          3.8G       3.7G       130M       5.7M        27M       3.2G

MemTotal:        4016004 kB
MemFree:          131268 kB
Active:           412992 kB
Mem:          3.8G       3.7G       127M       5.7M        27M       3.2G

MemTotal:        4016004 kB
MemFree:          121516 kB
Active:           411848 kB
Mem:          3.8G       3.7G       117M       5.7M        27M       3.2G

MemTotal:        4016004 kB
MemFree:          122376 kB
Active:           410184 kB
Mem:          3.8G       3.7G       119M       5.7M        27M       3.2G

MemTotal:        4016004 kB
MemFree:          138388 kB
Active:           408264 kB
Mem:          3.8G       3.7G       134M       5.7M        27M       3.2G

MemTotal:        4016004 kB
MemFree:          140520 kB
Active:           404740 kB
Mem:          3.8G       3.7G       136M       5.7M        27M       3.2G

MemTotal:        4016004 kB
MemFree:          115700 kB
Active:           402260 kB
Mem:          3.8G       3.7G       112M       5.7M        27M       3.3G

MemTotal:        4016004 kB
MemFree:          125940 kB
Active:           401628 kB
Mem:          3.8G       3.7G       122M       5.7M        27M       3.2G

MemTotal:        4016004 kB
MemFree:          128600 kB
Active:           400024 kB
Mem:          3.8G       3.7G       125M       5.7M        27M       3.2G

MemTotal:        4016004 kB
MemFree:          120152 kB
Active:           398876 kB
Mem:          3.8G       3.7G       116M       5.7M        27M       3.2G

MemTotal:        4016004 kB
MemFree:          109968 kB
Active:           399772 kB
Mem:          3.8G       3.7G       106M       5.7M        27M       3.3G

MemTotal:        4016004 kB
MemFree:          111836 kB
Active:           395956 kB
Mem:          3.8G       3.7G       109M       5.7M        27M       3.3G

MemTotal:        4016004 kB
MemFree:          143868 kB
Active:           394304 kB
Mem:          3.8G       3.7G       140M       5.7M        27M       3.2G

MemTotal:        4016004 kB
MemFree:          143672 kB
Active:           394144 kB
Mem:          3.8G       3.7G       139M       5.7M        27M       3.2G

MemTotal:        4016004 kB
MemFree:          143624 kB
Active:           394132 kB
Mem:          3.8G       3.7G       140M       5.7M        27M       3.2G

MemTotal:        4016004 kB
MemFree:          104996 kB
Active:           394188 kB
Mem:          3.8G       3.7G       102M       5.7M        27M       3.3G

MemTotal:        4016004 kB
MemFree:          125432 kB
Active:           389284 kB
Mem:          3.8G       3.7G       122M       5.7M        27M       3.2G

MemTotal:        4016004 kB
MemFree:          128752 kB
Active:           387660 kB
Mem:          3.8G       3.7G       125M       5.7M        27M       3.2G

MemTotal:        4016004 kB
MemFree:          106956 kB
Active:           386772 kB
Mem:          3.8G       3.7G       103M       5.7M        27M       3.3G

MemTotal:        4016004 kB
MemFree:          132476 kB
Active:           384596 kB
Mem:          3.8G       3.7G       129M       5.7M        27M       3.2G

MemTotal:        4016004 kB
MemFree:          114808 kB
Active:           383572 kB
Mem:          3.8G       3.7G       111M       5.7M        27M       3.3G

MemTotal:        4016004 kB
MemFree:          104996 kB
Active:           384476 kB
Mem:          3.8G       3.7G       102M       5.7M        27M       3.3G

MemTotal:        4016004 kB
MemFree:          131084 kB
Active:           382424 kB
Mem:          3.8G       3.7G       127M       5.7M        27M       3.2G

MemTotal:        4016004 kB
MemFree:          128836 kB
Active:           382188 kB
Mem:          3.8G       3.7G       125M       5.7M        27M       3.2G

MemTotal:        4016004 kB
MemFree:          119580 kB
Active:           382060 kB
Mem:          3.8G       3.7G       116M       5.7M        27M       3.2G

MemTotal:        4016004 kB
MemFree:          110816 kB
Active:           381940 kB
Mem:          3.8G       3.7G       107M       5.7M        27M       3.3G

MemTotal:        4016004 kB
MemFree:          113524 kB
Active:           381980 kB
Mem:          3.8G       3.7G       110M       5.7M        27M       3.3G

MemTotal:        4016004 kB
MemFree:          121872 kB
Active:           381948 kB
Mem:          3.8G       3.7G       118M       5.7M        27M       3.2G

MemTotal:        4016004 kB
MemFree:          127116 kB
Active:           381964 kB
Mem:          3.8G       3.7G       123M       5.7M        27M       3.2G

MemTotal:        4016004 kB
MemFree:          130232 kB
Active:           381976 kB
Mem:          3.8G       3.7G       126M       5.7M        27M       3.2G

MemTotal:        4016004 kB
MemFree:          133700 kB
Active:           381984 kB
Mem:          3.8G       3.7G       130M       5.7M        27M       3.2G

MemTotal:        4016004 kB
MemFree:          135896 kB
Active:           381984 kB
Mem:          3.8G       3.7G       132M       5.7M        27M       3.2G

MemTotal:        4016004 kB
MemFree:          144432 kB
Active:           381984 kB
Mem:          3.8G       3.7G       140M       5.7M        27M       3.2G

MemTotal:        4016004 kB
MemFree:          134456 kB
Active:           381992 kB
Mem:          3.8G       3.7G       130M       5.7M        27M       3.2G

MemTotal:        4016004 kB
MemFree:          125680 kB
Active:           381996 kB
Mem:          3.8G       3.7G       122M       5.7M        27M       3.2G

MemTotal:        4016004 kB
MemFree:          140864 kB
Active:           381996 kB
Mem:          3.8G       3.7G       137M       5.7M        27M       3.2G

MemTotal:        4016004 kB
MemFree:          134384 kB
Active:           379060 kB
Mem:          3.8G       3.7G       131M       5.7M        27M       3.2G

MemTotal:        4016004 kB
MemFree:          125840 kB
Active:           378876 kB
Mem:          3.8G       3.7G       122M       5.7M        27M       3.2G

MemTotal:        4016004 kB
MemFree:          105824 kB
Active:           378888 kB
Mem:          3.8G       3.7G       114M       5.7M        27M       3.2G

MemTotal:        4016004 kB
MemFree:          114024 kB
Active:           378892 kB
Mem:          3.8G       3.7G       111M       5.7M        27M       3.3G

MemTotal:        4016004 kB
MemFree:          127616 kB
Active:           378896 kB
Mem:          3.8G       3.7G       124M       5.7M        27M       3.2G

MemTotal:        4016004 kB
MemFree:          125336 kB
Active:           378896 kB
Mem:          3.8G       3.7G       122M       5.7M        27M       3.2G

MemTotal:        4016004 kB
MemFree:          122648 kB
Active:           378900 kB
Mem:          3.8G       3.7G       119M       5.7M        27M       3.2G

MemTotal:        4016004 kB
MemFree:          107424 kB
Active:           378680 kB
Mem:          3.8G       3.7G       104M       5.7M        28M       3.3G

MemTotal:        4016004 kB
MemFree:          127836 kB
Active:           378528 kB
Mem:          3.8G       3.7G       124M       5.7M        28M       3.2G

MemTotal:        4016004 kB
MemFree:          118696 kB
Active:           378528 kB
Mem:          3.8G       3.7G       116M       5.7M        28M       3.2G

MemTotal:        4016004 kB
MemFree:          110872 kB
Active:           378536 kB
Mem:          3.8G       3.7G       107M       5.7M        28M       3.3G

MemTotal:        4016004 kB
MemFree:          112404 kB
Active:           378536 kB
Mem:          3.8G       3.7G       109M       5.7M        28M       3.3G

MemTotal:        4016004 kB
MemFree:          126780 kB
Active:           378544 kB
Mem:          3.8G       3.7G       123M       5.7M        28M       3.2G

MemTotal:        4016004 kB
MemFree:          116772 kB
Active:           378548 kB
Mem:          3.8G       3.7G       114M       5.7M        28M       3.2G

MemTotal:        4016004 kB
MemFree:          120888 kB
Active:           378512 kB
Mem:          3.8G       3.7G       117M       5.7M        28M       3.2G

MemTotal:        4016004 kB
MemFree:          112076 kB
Active:           378528 kB
Mem:          3.8G       3.7G       109M       5.7M        28M       3.3G

MemTotal:        4016004 kB
MemFree:          126476 kB
Active:           378532 kB
Mem:          3.8G       3.7G       123M       5.7M        28M       3.2G

MemTotal:        4016004 kB
MemFree:          118628 kB
Active:           378548 kB
Mem:          3.8G       3.7G       115M       5.7M        28M       3.2G

MemTotal:        4016004 kB
MemFree:          108648 kB
Active:           378528 kB
Mem:          3.8G       3.7G       105M       5.7M        28M       3.3G

MemTotal:        4016004 kB
MemFree:          115744 kB
Active:           378568 kB
Mem:          3.8G       3.7G       112M       5.7M        28M       3.3G

MemTotal:        4016004 kB
MemFree:          106232 kB
Active:           376448 kB
Mem:          3.8G       3.7G       103M       5.7M        28M       3.3G

MemTotal:        4016004 kB
MemFree:          133124 kB
Active:           377520 kB
Mem:          3.8G       3.7G       130M       5.7M        28M       3.2G

MemTotal:        4016004 kB
MemFree:          113692 kB
Active:           377368 kB
Mem:          3.8G       3.7G       110M       5.7M        28M       3.3G

MemTotal:        4016004 kB
MemFree:          116276 kB
Active:           377376 kB
Mem:          3.8G       3.7G       113M       5.7M        28M       3.2G

MemTotal:        4016004 kB
MemFree:          123392 kB
Active:           377376 kB
Mem:          3.8G       3.7G       120M       5.7M        28M       3.2G

MemTotal:        4016004 kB
MemFree:          113696 kB
Active:           377376 kB
Mem:          3.8G       3.7G       110M       5.7M        28M       3.3G

MemTotal:        4016004 kB
MemFree:          116164 kB
Active:           377376 kB
Mem:          3.8G       3.7G       113M       5.7M        28M       3.2G

MemTotal:        4016004 kB
MemFree:          112460 kB
Active:           377388 kB
Mem:          3.8G       3.7G       109M       5.7M        28M       3.3G

MemTotal:        4016004 kB
MemFree:          126276 kB
Active:           375220 kB
Mem:          3.8G       3.7G       122M       5.7M        28M       3.2G

MemTotal:        4016004 kB
MemFree:          125476 kB
Active:           375220 kB
Mem:          3.8G       3.7G       122M       5.7M        28M       3.2G

MemTotal:        4016004 kB
MemFree:          107020 kB
Active:           375292 kB
Mem:          3.8G       3.7G       104M       5.7M        28M       3.3G

MemTotal:        4016004 kB
MemFree:          126032 kB
Active:           373636 kB
Mem:          3.8G       3.7G       122M       5.7M        28M       3.2G

MemTotal:        4016004 kB
MemFree:          114396 kB
Active:           373512 kB
Mem:          3.8G       3.7G       111M       5.7M        28M       3.2G

MemTotal:        4016004 kB
MemFree:          109600 kB
Active:           373508 kB
Mem:          3.8G       3.7G       106M       5.7M        28M       3.3G

MemTotal:        4016004 kB
MemFree:          130140 kB
Active:           373392 kB
Mem:          3.8G       3.7G       126M       5.7M        28M       3.2G

MemTotal:        4016004 kB
MemFree:          120100 kB
Active:           373392 kB
Mem:          3.8G       3.7G       116M       5.7M        28M       3.2G

MemTotal:        4016004 kB
MemFree:          129656 kB
Active:           373392 kB
Mem:          3.8G       3.7G       126M       5.7M        28M       3.2G

MemTotal:        4016004 kB
MemFree:          120512 kB
Active:           373096 kB
Mem:          3.8G       3.7G       116M       5.7M        28M       3.2G

MemTotal:        4016004 kB
MemFree:          109804 kB
Active:           373036 kB
Mem:          3.8G       3.7G       107M       5.7M        28M       3.3G

MemTotal:        4016004 kB
MemFree:          117864 kB
Active:           373052 kB
Mem:          3.8G       3.7G       114M       5.7M        28M       3.2G

MemTotal:        4016004 kB
MemFree:          106696 kB
Active:           375100 kB
Mem:          3.8G       3.7G       103M       5.7M        28M       3.3G

MemTotal:        4016004 kB
MemFree:          119688 kB
Active:           375076 kB
Mem:          3.8G       3.7G       116M       5.7M        28M       3.2G

MemTotal:        4016004 kB
MemFree:          119468 kB
Active:           375044 kB
Mem:          3.8G       3.7G       116M       5.7M        28M       3.2G

MemTotal:        4016004 kB
MemFree:          119376 kB
Active:           375064 kB
Mem:          3.8G       3.7G       116M       5.7M        28M       3.2G

MemTotal:        4016004 kB
MemFree:          119132 kB
Active:           375108 kB
Mem:          3.8G       3.7G       116M       5.7M        28M       3.2G

MemTotal:        4016004 kB
MemFree:          120780 kB
Active:           375180 kB
Mem:          3.8G       3.7G       117M       5.7M        28M       3.2G

MemTotal:        4016004 kB
MemFree:          111936 kB
Active:           375088 kB
Mem:          3.8G       3.7G       109M       5.7M        28M       3.2G

MemTotal:        4016004 kB
MemFree:          114068 kB
Active:           375116 kB
Mem:          3.8G       3.7G       111M       5.7M        28M       3.2G

MemTotal:        4016004 kB
MemFree:          120928 kB
Active:           372804 kB
Mem:          3.8G       3.7G       118M       5.7M        28M       3.2G

MemTotal:        4016004 kB
MemFree:          112364 kB
Active:           372744 kB
Mem:          3.8G       3.7G       109M       5.7M        28M       3.2G

MemTotal:        4016004 kB
MemFree:          126672 kB
Active:           372744 kB
Mem:          3.8G       3.7G       123M       5.7M        28M       3.2G

MemTotal:        4016004 kB
MemFree:          107544 kB
Active:           372744 kB
Mem:          3.8G       3.7G       104M       5.7M        28M       3.3G

MemTotal:        4016004 kB
MemFree:          148624 kB
Active:           372744 kB
Mem:          3.8G       3.7G       144M       5.7M        28M       3.2G

MemTotal:        4016004 kB
MemFree:          127924 kB
Active:           372756 kB
Mem:          3.8G       3.7G       124M       5.7M        28M       3.2G

MemTotal:        4016004 kB
MemFree:          123156 kB
Active:           372756 kB
Mem:          3.8G       3.7G       120M       5.7M        28M       3.2G

MemTotal:        4016004 kB
MemFree:          107904 kB
Active:           372756 kB
Mem:          3.8G       3.7G       105M       5.7M        28M       3.3G

MemTotal:        4016004 kB
MemFree:          125264 kB
Active:           372764 kB
Mem:          3.8G       3.7G       122M       5.7M        28M       3.2G

MemTotal:        4016004 kB
MemFree:          125076 kB
Active:           372760 kB
Mem:          3.8G       3.7G       121M       5.7M        28M       3.2G

MemTotal:        4016004 kB
MemFree:          125140 kB
Active:           372792 kB
Mem:          3.8G       3.7G       122M       5.7M        28M       3.2G

MemTotal:        4016004 kB
MemFree:          124440 kB
Active:           372784 kB
Mem:          3.8G       3.7G       121M       5.7M        28M       3.2G

MemTotal:        4016004 kB
MemFree:          115680 kB
Active:           372380 kB
Mem:          3.8G       3.7G       112M       5.7M        28M       3.2G

MemTotal:        4016004 kB
MemFree:          130420 kB
Active:           372384 kB
Mem:          3.8G       3.7G       126M       5.7M        28M       3.2G

MemTotal:        4016004 kB
MemFree:          120556 kB
Active:           372136 kB
Mem:          3.8G       3.7G       117M       5.7M        28M       3.2G

MemTotal:        4016004 kB
MemFree:          128380 kB
Active:           372136 kB
Mem:          3.8G       3.7G       125M       5.7M        28M       3.2G

MemTotal:        4016004 kB
MemFree:          119312 kB
Active:           372136 kB
Mem:          3.8G       3.7G       116M       5.7M        28M       3.2G

MemTotal:        4016004 kB
MemFree:          134688 kB
Active:           372140 kB
Mem:          3.8G       3.7G       131M       5.7M        28M       3.2G

MemTotal:        4016004 kB
MemFree:          124628 kB
Active:           372140 kB
Mem:          3.8G       3.7G       121M       5.7M        28M       3.2G

MemTotal:        4016004 kB
MemFree:          129332 kB
Active:           372156 kB
Mem:          3.8G       3.7G       125M       5.7M        28M       3.2G

MemTotal:        4016004 kB
MemFree:          120012 kB
Active:           372160 kB
Mem:          3.8G       3.7G       116M       5.7M        28M       3.2G

MemTotal:        4016004 kB
MemFree:          134580 kB
Active:           367056 kB
Mem:          3.8G       3.7G       131M       5.7M        28M       3.2G

MemTotal:        4016004 kB
MemFree:          132284 kB
Active:           367060 kB
Mem:          3.8G       3.7G       128M       5.7M        28M       3.2G

MemTotal:        4016004 kB
MemFree:          113268 kB
Active:           367072 kB
Mem:          3.8G       3.7G       110M       5.7M        28M       3.2G

MemTotal:        4016004 kB
MemFree:          135912 kB
Active:           367072 kB
Mem:          3.8G       3.7G       132M       5.7M        28M       3.2G

MemTotal:        4016004 kB
MemFree:          135536 kB
Active:           367168 kB
Mem:          3.8G       3.7G       132M       5.7M        28M       3.2G

MemTotal:        4016004 kB
MemFree:          119616 kB
Active:           367080 kB
Mem:          3.8G       3.7G       116M       5.7M        28M       3.2G

MemTotal:        4016004 kB
MemFree:          110716 kB
Active:           367080 kB
Mem:          3.8G       3.7G       107M       5.7M        28M       3.2G

MemTotal:        4016004 kB
MemFree:          118556 kB
Active:           367092 kB
Mem:          3.8G       3.7G       115M       5.7M        28M       3.2G

MemTotal:        4016004 kB
MemFree:          109268 kB
Active:           367092 kB
Mem:          3.8G       3.7G       106M       5.7M        28M       3.2G

MemTotal:        4016004 kB
MemFree:          135572 kB
Active:           367092 kB
Mem:          3.8G       3.7G       132M       5.7M        28M       3.2G

MemTotal:        4016004 kB
MemFree:          146060 kB
Active:           365236 kB
Mem:          3.8G       3.7G       142M       5.7M        28M       3.2G

MemTotal:        4016004 kB
MemFree:          124684 kB
Active:           365048 kB
Mem:          3.8G       3.7G       121M       5.7M        28M       3.2G

MemTotal:        4016004 kB
MemFree:          114640 kB
Active:           365064 kB
Mem:          3.8G       3.7G       111M       5.7M        28M       3.2G

MemTotal:        4016004 kB
MemFree:          115720 kB
Active:           365068 kB
Mem:          3.8G       3.7G       112M       5.7M        28M       3.2G

MemTotal:        4016004 kB
MemFree:          105676 kB
Active:           365072 kB
Mem:          3.8G       3.7G       102M       5.7M        28M       3.3G

MemTotal:        4016004 kB
MemFree:          108740 kB
Active:           365076 kB
Mem:          3.8G       3.7G       105M       5.7M        28M       3.2G

MemTotal:        4016004 kB
MemFree:          107248 kB
Active:           365076 kB
Mem:          3.8G       3.7G       104M       5.7M        28M       3.2G

MemTotal:        4016004 kB
MemFree:          127820 kB
Active:           365092 kB
Mem:          3.8G       3.7G       124M       5.7M        28M       3.2G

MemTotal:        4016004 kB
MemFree:          126100 kB
Active:           365104 kB
Mem:          3.8G       3.7G       122M       5.7M        28M       3.2G

MemTotal:        4016004 kB
MemFree:          116492 kB
Active:           365124 kB
Mem:          3.8G       3.7G       113M       5.7M        28M       3.2G

MemTotal:        4016004 kB
MemFree:          107132 kB
Active:           365124 kB
Mem:          3.8G       3.7G       104M       5.7M        28M       3.2G

MemTotal:        4016004 kB
MemFree:          127880 kB
Active:           365124 kB
Mem:          3.8G       3.7G       124M       5.7M        28M       3.2G

MemTotal:        4016004 kB
MemFree:          130008 kB
Active:           365132 kB
Mem:          3.8G       3.7G       126M       5.7M        28M       3.2G

MemTotal:        4016004 kB
MemFree:          133368 kB
Active:           365132 kB
Mem:          3.8G       3.7G       130M       5.7M        28M       3.2G

MemTotal:        4016004 kB
MemFree:          144592 kB
Active:           362180 kB
Mem:          3.8G       3.7G       140M       5.7M        28M       3.2G

MemTotal:        4016004 kB
MemFree:          134944 kB
Active:           362180 kB
Mem:          3.8G       3.7G       131M       5.7M        28M       3.2G

MemTotal:        4016004 kB
MemFree:          152012 kB
Active:           362180 kB
Mem:          3.8G       3.7G       148M       5.7M        28M       3.2G

MemTotal:        4016004 kB
MemFree:          106896 kB
Active:           362184 kB
Mem:          3.8G       3.7G       104M       5.7M        28M       3.2G

MemTotal:        4016004 kB
MemFree:          114472 kB
Active:           362204 kB
Mem:          3.8G       3.7G       111M       5.7M        28M       3.2G

MemTotal:        4016004 kB
MemFree:          129620 kB
Active:           362208 kB
Mem:          3.8G       3.7G       126M       5.7M        28M       3.2G

MemTotal:        4016004 kB
MemFree:          130528 kB
Active:           362228 kB
Mem:          3.8G       3.7G       126M       5.7M        28M       3.2G

MemTotal:        4016004 kB
MemFree:          131468 kB
Active:           362228 kB
Mem:          3.8G       3.7G       128M       5.7M        28M       3.2G

MemTotal:        4016004 kB
MemFree:          136528 kB
Active:           362232 kB
Mem:          3.8G       3.7G       133M       5.7M        28M       3.2G

MemTotal:        4016004 kB
MemFree:          116864 kB
Active:           362240 kB
Mem:          3.8G       3.7G       113M       5.7M        28M       3.2G

MemTotal:        4016004 kB
MemFree:          107096 kB
Active:           362240 kB
Mem:          3.8G       3.7G       104M       5.7M        28M       3.2G

MemTotal:        4016004 kB
MemFree:          127548 kB
Active:           362240 kB
Mem:          3.8G       3.7G       124M       5.7M        28M       3.2G

MemTotal:        4016004 kB
MemFree:          137668 kB
Active:           359796 kB
Mem:          3.8G       3.7G       134M       5.7M        28M       3.2G

MemTotal:        4016004 kB
MemFree:          152864 kB
Active:           359660 kB
Mem:          3.8G       3.7G       148M       5.7M        28M       3.2G

MemTotal:        4016004 kB
MemFree:          107488 kB
Active:           359660 kB
Mem:          3.8G       3.7G       104M       5.7M        28M       3.2G

MemTotal:        4016004 kB
MemFree:          121916 kB
Active:           359660 kB
Mem:          3.8G       3.7G       118M       5.7M        28M       3.2G

MemTotal:        4016004 kB
MemFree:          131048 kB
Active:           359672 kB
Mem:          3.8G       3.7G       128M       5.7M        28M       3.2G

MemTotal:        4016004 kB
MemFree:          133036 kB
Active:           359672 kB
Mem:          3.8G       3.7G       129M       5.7M        28M       3.2G

MemTotal:        4016004 kB
MemFree:          133680 kB
Active:           359676 kB
Mem:          3.8G       3.7G       130M       5.7M        28M       3.2G

MemTotal:        4016004 kB
MemFree:          133932 kB
Active:           359684 kB
Mem:          3.8G       3.7G       130M       5.7M        28M       3.2G

MemTotal:        4016004 kB
MemFree:          134092 kB
Active:           359688 kB
Mem:          3.8G       3.7G       130M       5.7M        28M       3.2G

MemTotal:        4016004 kB
MemFree:          123432 kB
Active:           359696 kB
Mem:          3.8G       3.7G       120M       5.7M        28M       3.2G

MemTotal:        4016004 kB
MemFree:          113784 kB
Active:           359696 kB
Mem:          3.8G       3.7G       110M       5.7M        28M       3.2G

MemTotal:        4016004 kB
MemFree:          104884 kB
Active:           359700 kB
Mem:          3.8G       3.7G       109M       5.7M        28M       3.2G

MemTotal:        4016004 kB
MemFree:          120396 kB
Active:           359564 kB
Mem:          3.8G       3.7G       117M       5.7M        28M       3.2G

MemTotal:        4016004 kB
MemFree:          110380 kB
Active:           359576 kB
Mem:          3.8G       3.7G       107M       5.7M        28M       3.2G

MemTotal:        4016004 kB
MemFree:          130744 kB
Active:           359576 kB
Mem:          3.8G       3.7G       127M       5.7M        28M       3.2G

MemTotal:        4016004 kB
MemFree:          121704 kB
Active:           359532 kB
Mem:          3.8G       3.7G       118M       5.7M        28M       3.2G

MemTotal:        4016004 kB
MemFree:          121268 kB
Active:           355720 kB
Mem:          3.8G       3.7G       117M       5.7M        28M       3.2G

MemTotal:        4016004 kB
MemFree:          143432 kB
Active:           355732 kB
Mem:          3.8G       3.7G       139M       5.7M        28M       3.2G

MemTotal:        4016004 kB
MemFree:          134252 kB
Active:           355752 kB
Mem:          3.8G       3.7G       130M       5.7M        28M       3.2G

MemTotal:        4016004 kB
MemFree:          124640 kB
Active:           355756 kB
Mem:          3.8G       3.7G       121M       5.7M        28M       3.2G

MemTotal:        4016004 kB
MemFree:          120332 kB
Active:           355772 kB
Mem:          3.8G       3.7G       117M       5.7M        28M       3.2G

MemTotal:        4016004 kB
MemFree:          114532 kB
Active:           355784 kB
Mem:          3.8G       3.7G       111M       5.7M        28M       3.2G

MemTotal:        4016004 kB
MemFree:          125912 kB
Active:           355772 kB
Mem:          3.8G       3.7G       122M       5.7M        28M       3.2G

MemTotal:        4016004 kB
MemFree:          125576 kB
Active:           355768 kB
Mem:          3.8G       3.7G       122M       5.7M        28M       3.2G

MemTotal:        4016004 kB
MemFree:          124928 kB
Active:           355772 kB
Mem:          3.8G       3.7G       121M       5.7M        28M       3.2G

MemTotal:        4016004 kB
MemFree:          108464 kB
Active:           355768 kB
Mem:          3.8G       3.7G       105M       5.7M        28M       3.2G

MemTotal:        4016004 kB
MemFree:          128988 kB
Active:           355752 kB
Mem:          3.8G       3.7G       125M       5.7M        28M       3.2G

MemTotal:        4016004 kB
MemFree:          119060 kB
Active:           355800 kB
Mem:          3.8G       3.7G       116M       5.7M        28M       3.2G

MemTotal:        4016004 kB
MemFree:          108780 kB
Active:           355808 kB
Mem:          3.8G       3.7G       106M       5.7M        28M       3.2G

MemTotal:        4016004 kB
MemFree:          113768 kB
Active:           355808 kB
Mem:          3.8G       3.7G       110M       5.7M        28M       3.2G

MemTotal:        4016004 kB
MemFree:          128280 kB
Active:           355808 kB
Mem:          3.8G       3.7G       124M       5.7M        28M       3.2G

MemTotal:        4016004 kB
MemFree:          125056 kB
Active:           355808 kB
Mem:          3.8G       3.7G       122M       5.7M        28M       3.2G

MemTotal:        4016004 kB
MemFree:          124560 kB
Active:           355820 kB
Mem:          3.8G       3.7G       121M       5.7M        28M       3.2G

MemTotal:        4016004 kB
MemFree:          113232 kB
Active:           355828 kB
Mem:          3.8G       3.7G       109M       5.7M        28M       3.2G

MemTotal:        4016004 kB
MemFree:          127220 kB
Active:           355828 kB
Mem:          3.8G       3.7G       123M       5.7M        28M       3.2G

MemTotal:        4016004 kB
MemFree:          120004 kB
Active:           355828 kB
Mem:          3.8G       3.7G       117M       5.7M        28M       3.2G

MemTotal:        4016004 kB
MemFree:          126372 kB
Active:           355692 kB
Mem:          3.8G       3.7G       123M       5.7M        28M       3.2G

MemTotal:        4016004 kB
MemFree:          123332 kB
Active:           355696 kB
Mem:          3.8G       3.7G       120M       5.7M        28M       3.2G

MemTotal:        4016004 kB
MemFree:          128316 kB
Active:           355704 kB
Mem:          3.8G       3.7G       124M       5.7M        28M       3.2G

MemTotal:        4016004 kB
MemFree:          113336 kB
Active:           355400 kB
Mem:          3.8G       3.7G       110M       5.7M        28M       3.2G

MemTotal:        4016004 kB
MemFree:          113460 kB
Active:           355364 kB
Mem:          3.8G       3.7G       110M       5.7M        28M       3.2G

MemTotal:        4016004 kB
MemFree:          113088 kB
Active:           355400 kB
Mem:          3.8G       3.7G       110M       5.7M        28M       3.2G

MemTotal:        4016004 kB
MemFree:          113460 kB
Active:           355376 kB
Mem:          3.8G       3.7G       110M       5.7M        28M       3.2G

MemTotal:        4016004 kB
MemFree:          113212 kB
Active:           355360 kB
Mem:          3.8G       3.7G       110M       5.7M        28M       3.2G

MemTotal:        4016004 kB
MemFree:          112964 kB
Active:           355416 kB
Mem:          3.8G       3.7G       110M       5.7M        28M       3.2G

MemTotal:        4016004 kB
MemFree:          113212 kB
Active:           355380 kB
Mem:          3.8G       3.7G       110M       5.7M        28M       3.2G

MemTotal:        4016004 kB
MemFree:          113212 kB
Active:           355380 kB
Mem:          3.8G       3.7G       110M       5.7M        28M       3.2G

MemTotal:        4016004 kB
MemFree:          113212 kB
Active:           355388 kB
Mem:          3.8G       3.7G       110M       5.7M        28M       3.2G

MemTotal:        4016004 kB
MemFree:          113336 kB
Active:           355380 kB
Mem:          3.8G       3.7G       110M       5.7M        28M       3.2G

MemTotal:        4016004 kB
MemFree:          113212 kB
Active:           355380 kB
Mem:          3.8G       3.7G       110M       5.7M        28M       3.2G

MemTotal:        4016004 kB
MemFree:          113336 kB
Active:           355388 kB
Mem:          3.8G       3.7G       110M       5.7M        28M       3.2G

MemTotal:        4016004 kB
MemFree:          113336 kB
Active:           355412 kB
Mem:          3.8G       3.7G       110M       5.7M        28M       3.2G

MemTotal:        4016004 kB
MemFree:          112964 kB
Active:           355428 kB
Mem:          3.8G       3.7G       110M       5.7M        28M       3.2G

MemTotal:        4016004 kB
MemFree:          113212 kB
Active:           355428 kB
Mem:          3.8G       3.7G       110M       5.7M        28M       3.2G

MemTotal:        4016004 kB
MemFree:          113336 kB
Active:           355408 kB
Mem:          3.8G       3.7G       110M       5.7M        28M       3.2G

MemTotal:        4016004 kB
MemFree:          112964 kB
Active:           355432 kB
Mem:          3.8G       3.7G       110M       5.7M        28M       3.2G

MemTotal:        4016004 kB
MemFree:          113088 kB
Active:           355432 kB
Mem:          3.8G       3.7G       110M       5.7M        28M       3.2G

MemTotal:        4016004 kB
MemFree:          113336 kB
Active:           355396 kB
Mem:          3.8G       3.7G       110M       5.7M        28M       3.2G

MemTotal:        4016004 kB
MemFree:          112840 kB
Active:           355440 kB
Mem:          3.8G       3.7G       110M       5.7M        28M       3.2G

MemTotal:        4016004 kB
MemFree:          113212 kB
Active:           355392 kB
Mem:          3.8G       3.7G       110M       5.7M        28M       3.2G

MemTotal:        4016004 kB
MemFree:          113212 kB
Active:           355396 kB
Mem:          3.8G       3.7G       110M       5.7M        28M       3.2G

MemTotal:        4016004 kB
MemFree:          113088 kB
Active:           355404 kB
Mem:          3.8G       3.7G       110M       5.7M        28M       3.2G

MemTotal:        4016004 kB
MemFree:          112840 kB
Active:           355404 kB
Mem:          3.8G       3.7G       109M       5.7M        28M       3.2G

MemTotal:        4016004 kB
MemFree:          112592 kB
Active:           355444 kB
Mem:          3.8G       3.7G       109M       5.7M        28M       3.2G

MemTotal:        4016004 kB
MemFree:          112852 kB
Active:           355460 kB
Mem:          3.8G       3.7G       110M       5.7M        28M       3.2G

MemTotal:        4016004 kB
MemFree:          112668 kB
Active:           355460 kB
Mem:          3.8G       3.7G       110M       5.7M        28M       3.2G

MemTotal:        4016004 kB
MemFree:          113168 kB
Active:           355428 kB
Mem:          3.8G       3.7G       110M       5.7M        28M       3.2G

MemTotal:        4016004 kB
MemFree:          113232 kB
Active:           355436 kB
Mem:          3.8G       3.7G       110M       5.7M        28M       3.2G

MemTotal:        4016004 kB
MemFree:          113232 kB
Active:           355456 kB
Mem:          3.8G       3.7G       110M       5.7M        28M       3.2G

MemTotal:        4016004 kB
MemFree:          113232 kB
Active:           355468 kB
Mem:          3.8G       3.7G       110M       5.7M        28M       3.2G

MemTotal:        4016004 kB
MemFree:          113232 kB
Active:           355436 kB
Mem:          3.8G       3.7G       110M       5.7M        28M       3.2G

MemTotal:        4016004 kB
MemFree:          113356 kB
Active:           355468 kB
Mem:          3.8G       3.7G       110M       5.7M        28M       3.2G

MemTotal:        4016004 kB
MemFree:          112984 kB
Active:           355468 kB
Mem:          3.8G       3.7G       110M       5.7M        28M       3.2G

MemTotal:        4016004 kB
MemFree:          113480 kB
Active:           355432 kB
Mem:          3.8G       3.7G       110M       5.7M        28M       3.2G

MemTotal:        4016004 kB
MemFree:          113356 kB
Active:           355420 kB
Mem:          3.8G       3.7G       110M       5.7M        28M       3.2G

MemTotal:        4016004 kB
MemFree:          113356 kB
Active:           355420 kB
Mem:          3.8G       3.7G       110M       5.7M        28M       3.2G

MemTotal:        4016004 kB
MemFree:          113232 kB
Active:           355476 kB
Mem:          3.8G       3.7G       110M       5.7M        28M       3.2G

MemTotal:        4016004 kB
MemFree:          113480 kB
Active:           355440 kB
Mem:          3.8G       3.7G       110M       5.7M        28M       3.2G

MemTotal:        4016004 kB
MemFree:          113480 kB
Active:           355480 kB
Mem:          3.8G       3.7G       110M       5.7M        28M       3.2G

MemTotal:        4016004 kB
MemFree:          113108 kB
Active:           355432 kB
Mem:          3.8G       3.7G       110M       5.7M        28M       3.2G

MemTotal:        4016004 kB
MemFree:          112612 kB
Active:           355488 kB
Mem:          3.8G       3.7G       109M       5.7M        28M       3.2G

MemTotal:        4016004 kB
MemFree:          113108 kB
Active:           355460 kB
Mem:          3.8G       3.7G       110M       5.7M        28M       3.2G

MemTotal:        4016004 kB
MemFree:          113604 kB
Active:           355452 kB
Mem:          3.8G       3.7G       110M       5.7M        28M       3.2G

MemTotal:        4016004 kB
MemFree:          113480 kB
Active:           355480 kB
Mem:          3.8G       3.7G       110M       5.7M        28M       3.2G

MemTotal:        4016004 kB
MemFree:          113108 kB
Active:           355496 kB
Mem:          3.8G       3.7G       110M       5.7M        28M       3.2G

MemTotal:        4016004 kB
MemFree:          113232 kB
Active:           355492 kB
Mem:          3.8G       3.7G       110M       5.7M        28M       3.2G

MemTotal:        4016004 kB
MemFree:          113604 kB
Active:           355468 kB
Mem:          3.8G       3.7G       110M       5.7M        28M       3.2G

MemTotal:        4016004 kB
MemFree:          113232 kB
Active:           355496 kB
Mem:          3.8G       3.7G       110M       5.7M        28M       3.2G

MemTotal:        4016004 kB
MemFree:          113108 kB
Active:           355472 kB
Mem:          3.8G       3.7G       110M       5.7M        28M       3.2G

MemTotal:        4016004 kB
MemFree:          113232 kB
Active:           355480 kB
Mem:          3.8G       3.7G       110M       5.7M        28M       3.2G

MemTotal:        4016004 kB
MemFree:          113232 kB
Active:           355484 kB
Mem:          3.8G       3.7G       110M       5.7M        28M       3.2G

MemTotal:        4016004 kB
MemFree:          113232 kB
Active:           355476 kB
Mem:          3.8G       3.7G       110M       5.7M        28M       3.2G

MemTotal:        4016004 kB
MemFree:          112736 kB
Active:           355512 kB
Mem:          3.8G       3.7G       110M       5.7M        28M       3.2G

MemTotal:        4016004 kB
MemFree:          113108 kB
Active:           355500 kB
Mem:          3.8G       3.7G       110M       5.7M        28M       3.2G

MemTotal:        4016004 kB
MemFree:          112736 kB
Active:           355512 kB
Mem:          3.8G       3.7G       110M       5.7M        28M       3.2G

MemTotal:        4016004 kB
MemFree:          112860 kB
Active:           355460 kB
Mem:          3.8G       3.7G       110M       5.7M        28M       3.2G

MemTotal:        4016004 kB
MemFree:          112860 kB
Active:           355512 kB
Mem:          3.8G       3.7G       110M       5.7M        28M       3.2G

MemTotal:        4016004 kB
MemFree:          112984 kB
Active:           355504 kB
Mem:          3.8G       3.7G       109M       5.7M        28M       3.2G

MemTotal:        4016004 kB
MemFree:          112860 kB
Active:           355488 kB
Mem:          3.8G       3.7G       109M       5.7M        28M       3.2G

MemTotal:        4016004 kB
MemFree:          112860 kB
Active:           355492 kB
Mem:          3.8G       3.7G       110M       5.7M        28M       3.2G

MemTotal:        4016004 kB
MemFree:          113108 kB
Active:           355492 kB
Mem:          3.8G       3.7G       109M       5.7M        28M       3.2G

MemTotal:        4016004 kB
MemFree:          113108 kB
Active:           355492 kB
Mem:          3.8G       3.7G       110M       5.7M        28M       3.2G

MemTotal:        4016004 kB
MemFree:          112736 kB
Active:           355532 kB
Mem:          3.8G       3.7G       110M       5.7M        28M       3.2G

MemTotal:        4016004 kB
MemFree:          112736 kB
Active:           355532 kB
Mem:          3.8G       3.7G       110M       5.7M        28M       3.2G

MemTotal:        4016004 kB
MemFree:          110936 kB
Active:           355504 kB
Mem:          3.8G       3.7G       108M       5.7M        28M       3.2G

MemTotal:        4016004 kB
MemFree:          111060 kB
Active:           357524 kB
Mem:          3.8G       3.7G       108M       5.7M        28M       3.2G

MemTotal:        4016004 kB
MemFree:          110688 kB
Active:           357568 kB
Mem:          3.8G       3.7G       108M       5.7M        28M       3.2G

MemTotal:        4016004 kB
MemFree:          111060 kB
Active:           357548 kB
Mem:          3.8G       3.7G       108M       5.7M        28M       3.2G

MemTotal:        4016004 kB
MemFree:          111308 kB
Active:           357540 kB
Mem:          3.8G       3.7G       108M       5.7M        28M       3.2G

MemTotal:        4016004 kB
MemFree:          111308 kB
Active:           357572 kB
Mem:          3.8G       3.7G       108M       5.7M        28M       3.2G

MemTotal:        4016004 kB
MemFree:          110936 kB
Active:           357580 kB
Mem:          3.8G       3.7G       108M       5.7M        28M       3.2G

MemTotal:        4016004 kB
MemFree:          111060 kB
Active:           357524 kB
Mem:          3.8G       3.7G       108M       5.7M        28M       3.2G

MemTotal:        4016004 kB
MemFree:          111060 kB
Active:           357548 kB
Mem:          3.8G       3.7G       108M       5.7M        28M       3.2G

MemTotal:        4016004 kB
MemFree:          110936 kB
Active:           357552 kB
Mem:          3.8G       3.7G       108M       5.7M        28M       3.2G

MemTotal:        4016004 kB
MemFree:          110812 kB
Active:           357532 kB
Mem:          3.8G       3.7G       108M       5.7M        28M       3.2G

MemTotal:        4016004 kB
MemFree:          110936 kB
Active:           357584 kB
Mem:          3.8G       3.7G       108M       5.7M        28M       3.2G

MemTotal:        4016004 kB
MemFree:          111060 kB
Active:           357596 kB
Mem:          3.8G       3.7G       108M       5.7M        28M       3.2G

MemTotal:        4016004 kB
MemFree:          111308 kB
Active:           357556 kB
Mem:          3.8G       3.7G       108M       5.7M        28M       3.2G

MemTotal:        4016004 kB
MemFree:          111308 kB
Active:           357568 kB
Mem:          3.8G       3.7G       108M       5.7M        28M       3.2G

MemTotal:        4016004 kB
MemFree:          111556 kB
Active:           357556 kB
Mem:          3.8G       3.7G       108M       5.7M        28M       3.2G

MemTotal:        4016004 kB
MemFree:          111060 kB
Active:           357600 kB
Mem:          3.8G       3.7G       108M       5.7M        28M       3.2G

MemTotal:        4016004 kB
MemFree:          111432 kB
Active:           357556 kB
Mem:          3.8G       3.7G       108M       5.7M        28M       3.2G

MemTotal:        4016004 kB
MemFree:          111432 kB
Active:           357552 kB
Mem:          3.8G       3.7G       108M       5.7M        28M       3.2G

MemTotal:        4016004 kB
MemFree:          111308 kB
Active:           357588 kB
Mem:          3.8G       3.7G       108M       5.7M        28M       3.2G

MemTotal:        4016004 kB
MemFree:          110936 kB
Active:           357568 kB
Mem:          3.8G       3.7G       108M       5.7M        28M       3.2G

MemTotal:        4016004 kB
MemFree:          111060 kB
Active:           357552 kB
Mem:          3.8G       3.7G       108M       5.7M        28M       3.2G

MemTotal:        4016004 kB
MemFree:          110936 kB
Active:           357556 kB
Mem:          3.8G       3.7G       107M       5.7M        28M       3.2G

MemTotal:        4016004 kB
MemFree:          110192 kB
Active:           357716 kB
Mem:          3.8G       3.7G       107M       5.7M        28M       3.2G

MemTotal:        4016004 kB
MemFree:          110688 kB
Active:           357692 kB
Mem:          3.8G       3.7G       107M       5.7M        28M       3.2G

MemTotal:        4016004 kB
MemFree:          110564 kB
Active:           357676 kB
Mem:          3.8G       3.7G       107M       5.7M        28M       3.2G

MemTotal:        4016004 kB
MemFree:          110300 kB
Active:           357784 kB
Mem:          3.8G       3.7G       107M       5.7M        28M       3.2G

MemTotal:        4016004 kB
MemFree:          110548 kB
Active:           357740 kB
Mem:          3.8G       3.7G       107M       5.7M        28M       3.2G

MemTotal:        4016004 kB
MemFree:          110052 kB
Active:           357784 kB
Mem:          3.8G       3.7G       107M       5.7M        28M       3.2G

MemTotal:        4016004 kB
MemFree:          110548 kB
Active:           357768 kB
Mem:          3.8G       3.7G       107M       5.7M        28M       3.2G

MemTotal:        4016004 kB
MemFree:          110176 kB
Active:           357800 kB
Mem:          3.8G       3.7G       107M       5.7M        28M       3.2G

MemTotal:        4016004 kB
MemFree:          110176 kB
Active:           357800 kB
Mem:          3.8G       3.7G       107M       5.7M        28M       3.2G

MemTotal:        4016004 kB
MemFree:          110052 kB
Active:           357800 kB
Mem:          3.8G       3.7G       107M       5.7M        28M       3.2G

MemTotal:        4016004 kB
MemFree:          110548 kB
Active:           357768 kB
Mem:          3.8G       3.7G       107M       5.7M        28M       3.2G

MemTotal:        4016004 kB
MemFree:          110300 kB
Active:           357800 kB
Mem:          3.8G       3.7G       107M       5.7M        28M       3.2G

MemTotal:        4016004 kB
MemFree:          110548 kB
Active:           357800 kB
Mem:          3.8G       3.7G       108M       5.7M        28M       3.2G

MemTotal:        4016004 kB
MemFree:          111044 kB
Active:           357800 kB
Mem:          3.8G       3.7G       108M       5.7M        28M       3.2G

MemTotal:        4016004 kB
MemFree:          111044 kB
Active:           357772 kB
Mem:          3.8G       3.7G       108M       5.7M        28M       3.2G

MemTotal:        4016004 kB
MemFree:          110672 kB
Active:           357808 kB
Mem:          3.8G       3.7G       108M       5.7M        28M       3.2G

MemTotal:        4016004 kB
MemFree:          111044 kB
Active:           357764 kB
Mem:          3.8G       3.7G       108M       5.7M        28M       3.2G

MemTotal:        4016004 kB
MemFree:          110920 kB
Active:           357808 kB
Mem:          3.8G       3.7G       108M       5.7M        28M       3.2G

MemTotal:        4016004 kB
MemFree:          110920 kB
Active:           357780 kB
Mem:          3.8G       3.7G       108M       5.7M        28M       3.2G

MemTotal:        4016004 kB
MemFree:          110812 kB
Active:           357764 kB
Mem:          3.8G       3.7G       108M       5.7M        28M       3.2G

MemTotal:        4016004 kB
MemFree:          110316 kB
Active:           357816 kB
Mem:          3.8G       3.7G       107M       5.7M        28M       3.2G

MemTotal:        4016004 kB
MemFree:          110812 kB
Active:           357812 kB
Mem:          3.8G       3.7G       107M       5.7M        28M       3.2G

MemTotal:        4016004 kB
MemFree:          110812 kB
Active:           357772 kB
Mem:          3.8G       3.7G       107M       5.7M        28M       3.2G

MemTotal:        4016004 kB
MemFree:          110440 kB
Active:           357824 kB
Mem:          3.8G       3.7G       107M       5.7M        28M       3.2G

MemTotal:        4016004 kB
MemFree:          110812 kB
Active:           357808 kB
Mem:          3.8G       3.7G       107M       5.7M        28M       3.2G

MemTotal:        4016004 kB
MemFree:          110936 kB
Active:           357800 kB
Mem:          3.8G       3.7G       108M       5.7M        28M       3.2G

MemTotal:        4016004 kB
MemFree:          110812 kB
Active:           357792 kB
Mem:          3.8G       3.7G       107M       5.7M        28M       3.2G

MemTotal:        4016004 kB
MemFree:          110688 kB
Active:           357800 kB
Mem:          3.8G       3.7G       107M       5.7M        28M       3.2G

MemTotal:        4016004 kB
MemFree:          110812 kB
Active:           357828 kB
Mem:          3.8G       3.7G       107M       5.7M        28M       3.2G

MemTotal:        4016004 kB
MemFree:          110688 kB
Active:           357800 kB
Mem:          3.8G       3.7G       107M       5.7M        28M       3.2G

MemTotal:        4016004 kB
MemFree:          110440 kB
Active:           357788 kB
Mem:          3.8G       3.7G       107M       5.7M        28M       3.2G

MemTotal:        4016004 kB
MemFree:          110316 kB
Active:           357784 kB
Mem:          3.8G       3.7G       107M       5.7M        28M       3.2G

MemTotal:        4016004 kB
MemFree:          110316 kB
Active:           357812 kB
Mem:          3.8G       3.7G       107M       5.7M        28M       3.2G

MemTotal:        4016004 kB
MemFree:          110440 kB
Active:           357788 kB
Mem:          3.8G       3.7G       107M       5.7M        28M       3.2G

MemTotal:        4016004 kB
MemFree:          110068 kB
Active:           357848 kB
Mem:          3.8G       3.7G       107M       5.7M        28M       3.2G

MemTotal:        4016004 kB
MemFree:          110440 kB
Active:           357816 kB
Mem:          3.8G       3.7G       107M       5.7M        28M       3.2G

MemTotal:        4016004 kB
MemFree:          110688 kB
Active:           357816 kB
Mem:          3.8G       3.7G       107M       5.7M        28M       3.2G

MemTotal:        4016004 kB
MemFree:          110564 kB
Active:           357808 kB
Mem:          3.8G       3.7G       107M       5.7M        28M       3.2G

MemTotal:        4016004 kB
MemFree:          110688 kB
Active:           357840 kB
Mem:          3.8G       3.7G       108M       5.7M        28M       3.2G

MemTotal:        4016004 kB
MemFree:          110812 kB
Active:           357804 kB
Mem:          3.8G       3.7G       107M       5.7M        28M       3.2G

MemTotal:        4016004 kB
MemFree:          110812 kB
Active:           357860 kB
Mem:          3.8G       3.7G       108M       5.7M        28M       3.2G

MemTotal:        4016004 kB
MemFree:          110688 kB
Active:           357844 kB
Mem:          3.8G       3.7G       108M       5.7M        28M       3.2G

MemTotal:        4016004 kB
MemFree:          110688 kB
Active:           357836 kB
Mem:          3.8G       3.7G       107M       5.7M        28M       3.2G

MemTotal:        4016004 kB
MemFree:          110688 kB
Active:           357820 kB
Mem:          3.8G       3.7G       107M       5.7M        28M       3.2G

MemTotal:        4016004 kB
MemFree:          110316 kB
Active:           357864 kB
Mem:          3.8G       3.7G       107M       5.7M        28M       3.2G

MemTotal:        4016004 kB
MemFree:          110316 kB
Active:           357828 kB
Mem:          3.8G       3.7G       107M       5.7M        28M       3.2G

MemTotal:        4016004 kB
MemFree:          110316 kB
Active:           357848 kB
Mem:          3.8G       3.7G       107M       5.7M        28M       3.2G

MemTotal:        4016004 kB
MemFree:          110316 kB
Active:           357832 kB
Mem:          3.8G       3.7G       107M       5.7M        28M       3.2G

MemTotal:        4016004 kB
MemFree:          110068 kB
Active:           357876 kB
Mem:          3.8G       3.7G       107M       5.7M        28M       3.2G

MemTotal:        4016004 kB
MemFree:          110316 kB
Active:           357860 kB
Mem:          3.8G       3.7G       107M       5.7M        28M       3.2G

MemTotal:        4016004 kB
MemFree:          110316 kB
Active:           357848 kB
Mem:          3.8G       3.7G       107M       5.7M        28M       3.2G

MemTotal:        4016004 kB
MemFree:          110316 kB
Active:           357832 kB
Mem:          3.8G       3.7G       107M       5.7M        28M       3.2G

MemTotal:        4016004 kB
MemFree:          110440 kB
Active:           357832 kB
Mem:          3.8G       3.7G       107M       5.7M        28M       3.2G

MemTotal:        4016004 kB
MemFree:          110812 kB
Active:           357836 kB
Mem:          3.8G       3.7G       108M       5.7M        28M       3.2G

MemTotal:        4016004 kB
MemFree:          110936 kB
Active:           357832 kB
Mem:          3.8G       3.7G       107M       5.7M        28M       3.2G

MemTotal:        4016004 kB
MemFree:          110812 kB
Active:           357848 kB
Mem:          3.8G       3.7G       108M       5.7M        28M       3.2G

MemTotal:        4016004 kB
MemFree:          110688 kB
Active:           357884 kB
Mem:          3.8G       3.7G       107M       5.7M        28M       3.2G

MemTotal:        4016004 kB
MemFree:          110564 kB
Active:           357884 kB
Mem:          3.8G       3.7G       107M       5.7M        28M       3.2G

MemTotal:        4016004 kB
MemFree:          110564 kB
Active:           357836 kB
Mem:          3.8G       3.7G       107M       5.7M        28M       3.2G

MemTotal:        4016004 kB
MemFree:          110580 kB
Active:           357844 kB
Mem:          3.8G       3.7G       107M       5.7M        28M       3.2G

MemTotal:        4016004 kB
MemFree:          110580 kB
Active:           357832 kB
Mem:          3.8G       3.7G       107M       5.7M        28M       3.2G

MemTotal:        4016004 kB
MemFree:          110456 kB
Active:           357868 kB
Mem:          3.8G       3.7G       107M       5.7M        28M       3.2G

MemTotal:        4016004 kB
MemFree:          110704 kB
Active:           357852 kB
Mem:          3.8G       3.7G       107M       5.7M        28M       3.2G

MemTotal:        4016004 kB
MemFree:          110704 kB
Active:           357856 kB
Mem:          3.8G       3.7G       107M       5.7M        28M       3.2G

MemTotal:        4016004 kB
MemFree:          110828 kB
Active:           357860 kB
Mem:          3.8G       3.7G       108M       5.7M        28M       3.2G

MemTotal:        4016004 kB
MemFree:          110828 kB
Active:           357844 kB
Mem:          3.8G       3.7G       107M       5.7M        28M       3.2G

MemTotal:        4016004 kB
MemFree:          110828 kB
Active:           357852 kB
Mem:          3.8G       3.7G       107M       5.7M        28M       3.2G

MemTotal:        4016004 kB
MemFree:          110456 kB
Active:           357900 kB
Mem:          3.8G       3.7G       107M       5.7M        28M       3.2G

MemTotal:        4016004 kB
MemFree:          110952 kB
Active:           357900 kB
Mem:          3.8G       3.7G       108M       5.7M        28M       3.2G

MemTotal:        4016004 kB
MemFree:          110580 kB
Active:           357908 kB
Mem:          3.8G       3.7G       107M       5.7M        28M       3.2G

MemTotal:        4016004 kB
MemFree:          110456 kB
Active:           357876 kB
Mem:          3.8G       3.7G       107M       5.7M        28M       3.2G

MemTotal:        4016004 kB
MemFree:          110456 kB
Active:           357876 kB
Mem:          3.8G       3.7G       107M       5.7M        28M       3.2G

MemTotal:        4016004 kB
MemFree:          110704 kB
Active:           357876 kB
Mem:          3.8G       3.7G       108M       5.7M        28M       3.2G

MemTotal:        4016004 kB
MemFree:          110332 kB
Active:           357920 kB
Mem:          3.8G       3.7G       107M       5.7M        28M       3.2G

MemTotal:        4016004 kB
MemFree:          110704 kB
Active:           357880 kB
Mem:          3.8G       3.7G       107M       5.7M        28M       3.2G

MemTotal:        4016004 kB
MemFree:          110580 kB
Active:           357892 kB
Mem:          3.8G       3.7G       107M       5.7M        28M       3.2G

MemTotal:        4016004 kB
MemFree:          110208 kB
Active:           357924 kB
Mem:          3.8G       3.7G       107M       5.7M        28M       3.2G

MemTotal:        4016004 kB
MemFree:          110580 kB
Active:           357888 kB
Mem:          3.8G       3.7G       107M       5.7M        28M       3.2G

MemTotal:        4016004 kB
MemFree:          110084 kB
Active:           357924 kB
Mem:          3.8G       3.7G       107M       5.7M        28M       3.2G

MemTotal:        4016004 kB
MemFree:          110208 kB
Active:           357880 kB
Mem:          3.8G       3.7G       107M       5.7M        28M       3.2G

MemTotal:        4016004 kB
MemFree:          110084 kB
Active:           357924 kB
Mem:          3.8G       3.7G       107M       5.7M        28M       3.2G

MemTotal:        4016004 kB
MemFree:          110208 kB
Active:           357924 kB
Mem:          3.8G       3.7G       107M       5.7M        28M       3.2G

MemTotal:        4016004 kB
MemFree:          110456 kB
Active:           357904 kB
Mem:          3.8G       3.7G       107M       5.7M        28M       3.2G

MemTotal:        4016004 kB
MemFree:          110580 kB
Active:           357884 kB
Mem:          3.8G       3.7G       107M       5.7M        28M       3.2G

MemTotal:        4016004 kB
MemFree:          110208 kB
Active:           357932 kB
Mem:          3.8G       3.7G       107M       5.7M        28M       3.2G

MemTotal:        4016004 kB
MemFree:          110580 kB
Active:           357892 kB
Mem:          3.8G       3.7G       107M       5.7M        28M       3.2G

MemTotal:        4016004 kB
MemFree:          110456 kB
Active:           357888 kB
Mem:          3.8G       3.7G       107M       5.7M        28M       3.2G

MemTotal:        4016004 kB
MemFree:          110332 kB
Active:           357936 kB
Mem:          3.8G       3.7G       107M       5.7M        28M       3.2G

MemTotal:        4016004 kB
MemFree:          110332 kB
Active:           357896 kB
Mem:          3.8G       3.7G       107M       5.7M        28M       3.2G

MemTotal:        4016004 kB
MemFree:          109960 kB
Active:           357936 kB
Mem:          3.8G       3.7G       107M       5.7M        28M       3.2G

MemTotal:        4016004 kB
MemFree:          110208 kB
Active:           357904 kB
Mem:          3.8G       3.7G       107M       5.7M        28M       3.2G

MemTotal:        4016004 kB
MemFree:          110332 kB
Active:           357892 kB
Mem:          3.8G       3.7G       107M       5.7M        28M       3.2G

MemTotal:        4016004 kB
MemFree:          110456 kB
Active:           357900 kB
Mem:          3.8G       3.7G       107M       5.7M        28M       3.2G

MemTotal:        4016004 kB
MemFree:          110456 kB
Active:           357908 kB
Mem:          3.8G       3.7G       107M       5.7M        28M       3.2G

MemTotal:        4016004 kB
MemFree:          110332 kB
Active:           357940 kB
Mem:          3.8G       3.7G       107M       5.7M        28M       3.2G

MemTotal:        4016004 kB
MemFree:          110332 kB
Active:           357900 kB
Mem:          3.8G       3.7G       107M       5.7M        28M       3.2G

MemTotal:        4016004 kB
MemFree:          110456 kB
Active:           357904 kB
Mem:          3.8G       3.7G       107M       5.7M        28M       3.2G

MemTotal:        4016004 kB
MemFree:          110456 kB
Active:           357944 kB
Mem:          3.8G       3.7G       107M       5.7M        28M       3.2G

MemTotal:        4016004 kB
MemFree:          110580 kB
Active:           357928 kB
Mem:          3.8G       3.7G       107M       5.7M        28M       3.2G

MemTotal:        4016004 kB
MemFree:          110456 kB
Active:           357920 kB
Mem:          3.8G       3.7G       107M       5.7M        28M       3.2G

MemTotal:        4016004 kB
MemFree:          110084 kB
Active:           357960 kB
Mem:          3.8G       3.7G       107M       5.7M        28M       3.2G

MemTotal:        4016004 kB
MemFree:          110332 kB
Active:           357948 kB
Mem:          3.8G       3.7G       107M       5.7M        28M       3.2G

MemTotal:        4016004 kB
MemFree:          110332 kB
Active:           357964 kB
Mem:          3.8G       3.7G       107M       5.7M        28M       3.2G

MemTotal:        4016004 kB
MemFree:          110332 kB
Active:           357912 kB
Mem:          3.8G       3.7G       107M       5.7M        28M       3.2G

MemTotal:        4016004 kB
MemFree:          110332 kB
Active:           357944 kB
Mem:          3.8G       3.7G       107M       5.7M        28M       3.2G

MemTotal:        4016004 kB
MemFree:          110332 kB
Active:           357944 kB
Mem:          3.8G       3.7G       107M       5.7M        28M       3.2G

MemTotal:        4016004 kB
MemFree:          110332 kB
Active:           357944 kB
Mem:          3.8G       3.7G       107M       5.7M        28M       3.2G

MemTotal:        4016004 kB
MemFree:          110332 kB
Active:           357972 kB
Mem:          3.8G       3.7G       107M       5.7M        28M       3.2G

MemTotal:        4016004 kB
MemFree:          110332 kB
Active:           357940 kB
Mem:          3.8G       3.7G       107M       5.7M        28M       3.2G

MemTotal:        4016004 kB
MemFree:          110332 kB
Active:           357940 kB
Mem:          3.8G       3.7G       107M       5.7M        28M       3.2G

MemTotal:        4016004 kB
MemFree:          110332 kB
Active:           357944 kB
Mem:          3.8G       3.7G       107M       5.7M        28M       3.2G

MemTotal:        4016004 kB
MemFree:          110332 kB
Active:           357932 kB
Mem:          3.8G       3.7G       107M       5.7M        28M       3.2G

MemTotal:        4016004 kB
MemFree:          110456 kB
Active:           357932 kB
Mem:          3.8G       3.7G       107M       5.7M        28M       3.2G

MemTotal:        4016004 kB
MemFree:          110580 kB
Active:           357956 kB
Mem:          3.8G       3.7G       107M       5.7M        28M       3.2G

MemTotal:        4016004 kB
MemFree:          110580 kB
Active:           357952 kB
Mem:          3.8G       3.7G       107M       5.7M        28M       3.2G

MemTotal:        4016004 kB
MemFree:          110828 kB
Active:           357940 kB
Mem:          3.8G       3.7G       108M       5.7M        28M       3.2G

MemTotal:        4016004 kB
MemFree:          110828 kB
Active:           357944 kB
Mem:          3.8G       3.7G       107M       5.7M        28M       3.2G

MemTotal:        4016004 kB
MemFree:          110580 kB
Active:           357984 kB
Mem:          3.8G       3.7G       107M       5.7M        28M       3.2G

MemTotal:        4016004 kB
MemFree:          110828 kB
Active:           357956 kB
Mem:          3.8G       3.7G       108M       5.7M        28M       3.2G

MemTotal:        4016004 kB
MemFree:          110704 kB
Active:           357952 kB
Mem:          3.8G       3.7G       107M       5.7M        28M       3.2G

MemTotal:        4016004 kB
MemFree:          110828 kB
Active:           357964 kB
Mem:          3.8G       3.7G       107M       5.7M        28M       3.2G

MemTotal:        4016004 kB
MemFree:          110380 kB
Active:           357776 kB
Mem:          3.8G       3.7G       107M       5.7M        28M       3.2G

MemTotal:        4016004 kB
MemFree:          110504 kB
Active:           357776 kB
Mem:          3.8G       3.7G       107M       5.7M        28M       3.2G

MemTotal:        4016004 kB
MemFree:          110504 kB
Active:           357772 kB
Mem:          3.8G       3.7G       107M       5.7M        28M       3.2G

MemTotal:        4016004 kB
MemFree:          110660 kB
Active:           357792 kB
Mem:          3.8G       3.7G       107M       5.7M        28M       3.2G

MemTotal:        4016004 kB
MemFree:          110412 kB
Active:           357772 kB
Mem:          3.8G       3.7G       107M       5.7M        28M       3.2G

MemTotal:        4016004 kB
MemFree:          110412 kB
Active:           357768 kB
Mem:          3.8G       3.7G       107M       5.7M        28M       3.2G

MemTotal:        4016004 kB
MemFree:          109916 kB
Active:           357792 kB
Mem:          3.8G       3.7G       107M       5.7M        28M       3.2G

MemTotal:        4016004 kB
MemFree:          109668 kB
Active:           357792 kB
Mem:          3.8G       3.7G       107M       5.7M        28M       3.2G

MemTotal:        4016004 kB
MemFree:          110164 kB
Active:           357748 kB
Mem:          3.8G       3.7G       107M       5.7M        28M       3.2G

MemTotal:        4016004 kB
MemFree:          109916 kB
Active:           357760 kB
Mem:          3.8G       3.7G       107M       5.7M        28M       3.2G

MemTotal:        4016004 kB
MemFree:          109792 kB
Active:           357784 kB
Mem:          3.8G       3.7G       107M       5.7M        28M       3.2G

MemTotal:        4016004 kB
MemFree:          109792 kB
Active:           357796 kB
Mem:          3.8G       3.7G       107M       5.7M        28M       3.2G

MemTotal:        4016004 kB
MemFree:          109792 kB
Active:           357788 kB
Mem:          3.8G       3.7G       107M       5.7M        28M       3.2G

MemTotal:        4016004 kB
MemFree:          109544 kB
Active:           357772 kB
Mem:          3.8G       3.7G       106M       5.7M        28M       3.2G

MemTotal:        4016004 kB
MemFree:          109544 kB
Active:           357760 kB
Mem:          3.8G       3.7G       107M       5.7M        28M       3.2G

MemTotal:        4016004 kB
MemFree:          109668 kB
Active:           357764 kB
Mem:          3.8G       3.7G       106M       5.7M        28M       3.2G

MemTotal:        4016004 kB
MemFree:          109668 kB
Active:           357776 kB
Mem:          3.8G       3.7G       106M       5.7M        28M       3.2G

MemTotal:        4016004 kB
MemFree:          109544 kB
Active:           357784 kB
Mem:          3.8G       3.7G       106M       5.7M        28M       3.2G

MemTotal:        4016004 kB
MemFree:          109436 kB
Active:           357776 kB
Mem:          3.8G       3.7G       106M       5.7M        28M       3.2G

MemTotal:        4016004 kB
MemFree:          109560 kB
Active:           357792 kB
Mem:          3.8G       3.7G       107M       5.7M        28M       3.2G

MemTotal:        4016004 kB
MemFree:          109188 kB
Active:           357820 kB
Mem:          3.8G       3.7G       106M       5.7M        28M       3.2G

MemTotal:        4016004 kB
MemFree:          109684 kB
Active:           357816 kB
Mem:          3.8G       3.7G       107M       5.7M        28M       3.2G

MemTotal:        4016004 kB
MemFree:          109560 kB
Active:           357816 kB
Mem:          3.8G       3.7G       107M       5.7M        28M       3.2G

MemTotal:        4016004 kB
MemFree:          109560 kB
Active:           357824 kB
Mem:          3.8G       3.7G       107M       5.7M        28M       3.2G

MemTotal:        4016004 kB
MemFree:          109188 kB
Active:           357836 kB
Mem:          3.8G       3.7G       106M       5.7M        28M       3.2G

MemTotal:        4016004 kB
MemFree:          109560 kB
Active:           357828 kB
Mem:          3.8G       3.7G       107M       5.7M        28M       3.2G

MemTotal:        4016004 kB
MemFree:          109560 kB
Active:           357836 kB
Mem:          3.8G       3.7G       107M       5.7M        28M       3.2G

MemTotal:        4016004 kB
MemFree:          109684 kB
Active:           357788 kB
Mem:          3.8G       3.7G       106M       5.7M        28M       3.2G

MemTotal:        4016004 kB
MemFree:          109188 kB
Active:           357844 kB
Mem:          3.8G       3.7G       106M       5.7M        28M       3.2G

MemTotal:        4016004 kB
MemFree:          109560 kB
Active:           357816 kB
