MemTotal:        4016004 kB
MemFree:         3202768 kB
Active:           460432 kB
Mem:          3.8G       793M       3.1G       5.7M        55M       326M

MemTotal:        4016004 kB
MemFree:         3203260 kB
Active:           460404 kB
Mem:          3.8G       793M       3.1G       5.7M        55M       327M

MemTotal:        4016004 kB
MemFree:         3203492 kB
Active:           460448 kB
Mem:          3.8G       793M       3.1G       5.7M        55M       327M

MemTotal:        4016004 kB
MemFree:         3203352 kB
Active:           460448 kB
Mem:          3.8G       793M       3.1G       5.7M        55M       327M

MemTotal:        4016004 kB
MemFree:         3203584 kB
Active:           460484 kB
Mem:          3.8G       793M       3.1G       5.7M        55M       327M

MemTotal:        4016004 kB
MemFree:         3203708 kB
Active:           460440 kB
Mem:          3.8G       793M       3.1G       5.7M        55M       327M

MemTotal:        4016004 kB
MemFree:         3203708 kB
Active:           460476 kB
Mem:          3.8G       793M       3.1G       5.7M        55M       327M

MemTotal:        4016004 kB
MemFree:         3203692 kB
Active:           460468 kB
Mem:          3.8G       793M       3.1G       5.7M        55M       327M

MemTotal:        4016004 kB
MemFree:         3203568 kB
Active:           460464 kB
Mem:          3.8G       793M       3.1G       5.7M        55M       327M

MemTotal:        4016004 kB
MemFree:         3203800 kB
Active:           460456 kB
Mem:          3.8G       793M       3.1G       5.7M        55M       327M

MemTotal:        4016004 kB
MemFree:         3203908 kB
Active:           460460 kB
Mem:          3.8G       792M       3.1G       5.7M        55M       327M

MemTotal:        4016004 kB
MemFree:         3204140 kB
Active:           460440 kB
Mem:          3.8G       792M       3.1G       5.7M        55M       327M

MemTotal:        4016004 kB
MemFree:         3204016 kB
Active:           460464 kB
Mem:          3.8G       792M       3.1G       5.7M        55M       327M

MemTotal:        4016004 kB
MemFree:         3204124 kB
Active:           460448 kB
Mem:          3.8G       792M       3.1G       5.7M        55M       327M

MemTotal:        4016004 kB
MemFree:         3203876 kB
Active:           460488 kB
Mem:          3.8G       792M       3.1G       5.7M        55M       327M

MemTotal:        4016004 kB
MemFree:         3203784 kB
Active:           460500 kB
Mem:          3.8G       793M       3.1G       5.7M        55M       327M

MemTotal:        4016004 kB
MemFree:         3203784 kB
Active:           460480 kB
Mem:          3.8G       793M       3.1G       5.7M        55M       327M

MemTotal:        4016004 kB
MemFree:         3203784 kB
Active:           460492 kB
Mem:          3.8G       793M       3.1G       5.7M        55M       327M

MemTotal:        4016004 kB
MemFree:         3203660 kB
Active:           460476 kB
Mem:          3.8G       793M       3.1G       5.7M        55M       327M

MemTotal:        4016004 kB
MemFree:         3203536 kB
Active:           460452 kB
Mem:          3.8G       793M       3.1G       5.7M        55M       327M

MemTotal:        4016004 kB
MemFree:         3203660 kB
Active:           460456 kB
Mem:          3.8G       793M       3.1G       5.7M        55M       327M

MemTotal:        4016004 kB
MemFree:         3203288 kB
Active:           460508 kB
Mem:          3.8G       793M       3.1G       5.7M        55M       327M

MemTotal:        4016004 kB
MemFree:         3203164 kB
Active:           460508 kB
Mem:          3.8G       793M       3.1G       5.7M        55M       327M

MemTotal:        4016004 kB
MemFree:         3200888 kB
Active:           460524 kB
Mem:          3.8G       795M       3.1G       5.7M        55M       327M

MemTotal:        4016004 kB
MemFree:         3201484 kB
Active:           462508 kB
Mem:          3.8G       795M       3.1G       5.7M        55M       327M

MemTotal:        4016004 kB
MemFree:         3201112 kB
Active:           462536 kB
Mem:          3.8G       795M       3.1G       5.7M        55M       327M

MemTotal:        4016004 kB
MemFree:         3201360 kB
Active:           462520 kB
Mem:          3.8G       795M       3.1G       5.7M        55M       327M

MemTotal:        4016004 kB
MemFree:         3201856 kB
Active:           462512 kB
Mem:          3.8G       795M       3.1G       5.7M        55M       327M

MemTotal:        4016004 kB
MemFree:         3201408 kB
Active:           462544 kB
Mem:          3.8G       795M       3.1G       5.7M        55M       327M

MemTotal:        4016004 kB
MemFree:         3201656 kB
Active:           462544 kB
Mem:          3.8G       795M       3.1G       5.7M        55M       327M

MemTotal:        4016004 kB
MemFree:         3201532 kB
Active:           462516 kB
Mem:          3.8G       795M       3.1G       5.7M        55M       327M

MemTotal:        4016004 kB
MemFree:         3201532 kB
Active:           462512 kB
Mem:          3.8G       795M       3.1G       5.7M        55M       327M

MemTotal:        4016004 kB
MemFree:         3201392 kB
Active:           462500 kB
Mem:          3.8G       795M       3.1G       5.7M        55M       327M

MemTotal:        4016004 kB
MemFree:         3200452 kB
Active:           460508 kB
Mem:          3.8G       796M       3.1G       5.7M        55M       327M

MemTotal:        4016004 kB
MemFree:         3200984 kB
Active:           462516 kB
Mem:          3.8G       796M       3.1G       5.7M        55M       327M

MemTotal:        4016004 kB
MemFree:         3201108 kB
Active:           462508 kB
Mem:          3.8G       796M       3.1G       5.7M        55M       327M

MemTotal:        4016004 kB
MemFree:         3200844 kB
Active:           462516 kB
Mem:          3.8G       795M       3.1G       5.7M        55M       327M

MemTotal:        4016004 kB
MemFree:         3201340 kB
Active:           462524 kB
Mem:          3.8G       795M       3.1G       5.7M        55M       327M

MemTotal:        4016004 kB
MemFree:         3201216 kB
Active:           462528 kB
Mem:          3.8G       795M       3.1G       5.7M        55M       327M

MemTotal:        4016004 kB
MemFree:         3201464 kB
Active:           462536 kB
Mem:          3.8G       795M       3.1G       5.7M        55M       327M

MemTotal:        4016004 kB
MemFree:         3201340 kB
Active:           462548 kB
Mem:          3.8G       795M       3.1G       5.7M        55M       327M

MemTotal:        4016004 kB
MemFree:         3201464 kB
Active:           462560 kB
Mem:          3.8G       795M       3.1G       5.7M        55M       327M

MemTotal:        4016004 kB
MemFree:         3201340 kB
Active:           462540 kB
Mem:          3.8G       795M       3.1G       5.7M        55M       327M

MemTotal:        4016004 kB
MemFree:         3201192 kB
Active:           460620 kB
Mem:          3.8G       795M       3.1G       5.7M        55M       327M

MemTotal:        4016004 kB
MemFree:         3201896 kB
Active:           462564 kB
Mem:          3.8G       794M       3.1G       5.7M        55M       327M

MemTotal:        4016004 kB
MemFree:         3201648 kB
Active:           462556 kB
Mem:          3.8G       795M       3.1G       5.7M        55M       327M

MemTotal:        4016004 kB
MemFree:         3201524 kB
Active:           462540 kB
Mem:          3.8G       795M       3.1G       5.7M        55M       327M

MemTotal:        4016004 kB
MemFree:         3201648 kB
Active:           462572 kB
Mem:          3.8G       795M       3.1G       5.7M        55M       327M

MemTotal:        4016004 kB
MemFree:         3201648 kB
Active:           462568 kB
Mem:          3.8G       795M       3.1G       5.7M        55M       327M

MemTotal:        4016004 kB
MemFree:         3201632 kB
Active:           462532 kB
Mem:          3.8G       795M       3.1G       5.7M        55M       327M

MemTotal:        4016004 kB
MemFree:         3201616 kB
Active:           462532 kB
Mem:          3.8G       795M       3.1G       5.7M        55M       327M

MemTotal:        4016004 kB
MemFree:         3201600 kB
Active:           462572 kB
Mem:          3.8G       795M       3.1G       5.7M        55M       327M

MemTotal:        4016004 kB
MemFree:         3201212 kB
Active:           462608 kB
Mem:          3.8G       795M       3.1G       5.7M        55M       327M

MemTotal:        4016004 kB
MemFree:         3201460 kB
Active:           462592 kB
Mem:          3.8G       795M       3.1G       5.7M        55M       327M

MemTotal:        4016004 kB
MemFree:         3201460 kB
Active:           462596 kB
Mem:          3.8G       795M       3.1G       5.7M        55M       327M

MemTotal:        4016004 kB
MemFree:         3201028 kB
Active:           462608 kB
Mem:          3.8G       795M       3.1G       5.7M        55M       327M

MemTotal:        4016004 kB
MemFree:         3201152 kB
Active:           462572 kB
Mem:          3.8G       795M       3.1G       5.7M        55M       327M

MemTotal:        4016004 kB
MemFree:         3201152 kB
Active:           462596 kB
Mem:          3.8G       795M       3.1G       5.7M        55M       327M

MemTotal:        4016004 kB
MemFree:         3201276 kB
Active:           462596 kB
Mem:          3.8G       795M       3.1G       5.7M        55M       327M

MemTotal:        4016004 kB
MemFree:         3201524 kB
Active:           462580 kB
Mem:          3.8G       795M       3.1G       5.7M        55M       327M

MemTotal:        4016004 kB
MemFree:         3201244 kB
Active:           462840 kB
Mem:          3.8G       795M       3.1G       5.7M        55M       327M

MemTotal:        4016004 kB
MemFree:         3084612 kB
Active:           463016 kB
Mem:          3.8G       909M       2.9G       5.7M        55M       439M

MemTotal:        4016004 kB
MemFree:         2972756 kB
Active:           463132 kB
Mem:          3.8G       1.0G       2.8G       5.7M        55M       547M

MemTotal:        4016004 kB
MemFree:         2852868 kB
Active:           463224 kB
Mem:          3.8G       1.1G       2.7G       5.7M        55M       663M

MemTotal:        4016004 kB
MemFree:         2848300 kB
Active:           463208 kB
Mem:          3.8G       1.1G       2.7G       5.7M        55M       666M

MemTotal:        4016004 kB
MemFree:         2840844 kB
Active:           463208 kB
Mem:          3.8G       1.1G       2.7G       5.7M        55M       674M

MemTotal:        4016004 kB
MemFree:         2729160 kB
Active:           463216 kB
Mem:          3.8G       1.2G       2.6G       5.7M        55M       782M

MemTotal:        4016004 kB
MemFree:         2666080 kB
Active:           463160 kB
Mem:          3.8G       1.3G       2.5G       5.7M        55M       842M

MemTotal:        4016004 kB
MemFree:         2665564 kB
Active:           463196 kB
Mem:          3.8G       1.3G       2.5G       5.7M        55M       842M

MemTotal:        4016004 kB
MemFree:         2665288 kB
Active:           463248 kB
Mem:          3.8G       1.3G       2.5G       5.7M        55M       842M

MemTotal:        4016004 kB
MemFree:         2665328 kB
Active:           463420 kB
Mem:          3.8G       1.3G       2.5G       5.7M        55M       842M

MemTotal:        4016004 kB
MemFree:         2655196 kB
Active:           463256 kB
Mem:          3.8G       1.3G       2.5G       5.7M        55M       852M

MemTotal:        4016004 kB
MemFree:         2549528 kB
Active:           463256 kB
Mem:          3.8G       1.4G       2.4G       5.7M        55M       954M

MemTotal:        4016004 kB
MemFree:         2414496 kB
Active:           465244 kB
Mem:          3.8G       1.5G       2.3G       5.7M        55M       1.1G

MemTotal:        4016004 kB
MemFree:         2311972 kB
Active:           465248 kB
Mem:          3.8G       1.6G       2.2G       5.7M        55M       1.2G

MemTotal:        4016004 kB
MemFree:         2297344 kB
Active:           465288 kB
Mem:          3.8G       1.6G       2.2G       5.7M        55M       1.2G

MemTotal:        4016004 kB
MemFree:         2221376 kB
Active:           465288 kB
Mem:          3.8G       1.7G       2.1G       5.7M        55M       1.2G

MemTotal:        4016004 kB
MemFree:         2194716 kB
Active:           465300 kB
Mem:          3.8G       1.7G       2.1G       5.7M        55M       1.3G

MemTotal:        4016004 kB
MemFree:         2128912 kB
Active:           465268 kB
Mem:          3.8G       1.8G       2.0G       5.7M        55M       1.3G

MemTotal:        4016004 kB
MemFree:         2092628 kB
Active:           465308 kB
Mem:          3.8G       1.8G       2.0G       5.7M        55M       1.4G

MemTotal:        4016004 kB
MemFree:         2037636 kB
Active:           465308 kB
Mem:          3.8G       1.9G       1.9G       5.7M        55M       1.4G

MemTotal:        4016004 kB
MemFree:         2036612 kB
Active:           465276 kB
Mem:          3.8G       1.9G       1.9G       5.7M        55M       1.4G

MemTotal:        4016004 kB
MemFree:         2033944 kB
Active:           465344 kB
Mem:          3.8G       1.9G       1.9G       5.7M        55M       1.4G

MemTotal:        4016004 kB
MemFree:         2033084 kB
Active:           465352 kB
Mem:          3.8G       1.9G       1.9G       5.7M        55M       1.4G

MemTotal:        4016004 kB
MemFree:         1928096 kB
Active:           465328 kB
Mem:          3.8G       2.0G       1.8G       5.7M        55M       1.5G

MemTotal:        4016004 kB
MemFree:         1792880 kB
Active:           465324 kB
Mem:          3.8G       2.1G       1.7G       5.7M        55M       1.6G

MemTotal:        4016004 kB
MemFree:         1686608 kB
Active:           465336 kB
Mem:          3.8G       2.2G       1.6G       5.7M        55M       1.7G

MemTotal:        4016004 kB
MemFree:         1685184 kB
Active:           465328 kB
Mem:          3.8G       2.2G       1.6G       5.7M        55M       1.7G

MemTotal:        4016004 kB
MemFree:         1594488 kB
Active:           465384 kB
Mem:          3.8G       2.3G       1.5G       5.7M        55M       1.8G

MemTotal:        4016004 kB
MemFree:         1573104 kB
Active:           465364 kB
Mem:          3.8G       2.3G       1.5G       5.7M        55M       1.8G

MemTotal:        4016004 kB
MemFree:         1511532 kB
Active:           465404 kB
Mem:          3.8G       2.4G       1.4G       5.7M        55M       1.9G

MemTotal:        4016004 kB
MemFree:         1453964 kB
Active:           465404 kB
Mem:          3.8G       2.4G       1.4G       5.7M        55M       2.0G

MemTotal:        4016004 kB
MemFree:         1429336 kB
Active:           465404 kB
Mem:          3.8G       2.5G       1.4G       5.7M        55M       2.0G

MemTotal:        4016004 kB
MemFree:         1427212 kB
Active:           465424 kB
Mem:          3.8G       2.5G       1.4G       5.7M        55M       2.0G

MemTotal:        4016004 kB
MemFree:         1425600 kB
Active:           465424 kB
Mem:          3.8G       2.5G       1.4G       5.7M        55M       2.0G

MemTotal:        4016004 kB
MemFree:         1424720 kB
Active:           465424 kB
Mem:          3.8G       2.5G       1.4G       5.7M        55M       2.0G

MemTotal:        4016004 kB
MemFree:         1313024 kB
Active:           465424 kB
Mem:          3.8G       2.6G       1.3G       5.7M        55M       2.1G

MemTotal:        4016004 kB
MemFree:         1177684 kB
Active:           465428 kB
Mem:          3.8G       2.7G       1.1G       5.7M        55M       2.2G

MemTotal:        4016004 kB
MemFree:         1122348 kB
Active:           465388 kB
Mem:          3.8G       2.8G       1.1G       5.7M        55M       2.3G

MemTotal:        4016004 kB
MemFree:         1078996 kB
Active:           465448 kB
Mem:          3.8G       2.8G       1.0G       5.7M        55M       2.3G

MemTotal:        4016004 kB
MemFree:         1003244 kB
Active:           465448 kB
Mem:          3.8G       2.9G       979M       5.7M        55M       2.4G

MemTotal:        4016004 kB
MemFree:          995272 kB
Active:           463544 kB
Mem:          3.8G       2.9G       971M       5.7M        55M       2.4G

MemTotal:        4016004 kB
MemFree:          922224 kB
Active:           465460 kB
Mem:          3.8G       3.0G       900M       5.7M        55M       2.5G

MemTotal:        4016004 kB
MemFree:          921512 kB
Active:           465472 kB
Mem:          3.8G       3.0G       898M       5.7M        55M       2.5G

MemTotal:        4016004 kB
MemFree:          841576 kB
Active:           465504 kB
Mem:          3.8G       3.0G       821M       5.7M        55M       2.5G

MemTotal:        4016004 kB
MemFree:          813308 kB
Active:           465504 kB
Mem:          3.8G       3.1G       794M       5.7M        55M       2.6G

MemTotal:        4016004 kB
MemFree:          811048 kB
Active:           465464 kB
Mem:          3.8G       3.1G       791M       5.7M        55M       2.6G

MemTotal:        4016004 kB
MemFree:          779632 kB
Active:           465472 kB
Mem:          3.8G       3.1G       760M       5.7M        55M       2.6G

MemTotal:        4016004 kB
MemFree:          696764 kB
Active:           465504 kB
Mem:          3.8G       3.2G       679M       5.7M        55M       2.7G

MemTotal:        4016004 kB
MemFree:          594676 kB
Active:           465464 kB
Mem:          3.8G       3.3G       580M       5.7M        55M       2.8G

MemTotal:        4016004 kB
MemFree:          573508 kB
Active:           465524 kB
Mem:          3.8G       3.3G       559M       5.7M        55M       2.8G

MemTotal:        4016004 kB
MemFree:          498128 kB
Active:           463580 kB
Mem:          3.8G       3.4G       485M       5.7M        55M       2.9G

MemTotal:        4016004 kB
MemFree:          496828 kB
Active:           465492 kB
Mem:          3.8G       3.4G       484M       5.7M        55M       2.9G

MemTotal:        4016004 kB
MemFree:          495584 kB
Active:           465540 kB
Mem:          3.8G       3.4G       483M       5.7M        55M       2.9G

MemTotal:        4016004 kB
MemFree:          495156 kB
Active:           465540 kB
Mem:          3.8G       3.4G       483M       5.7M        55M       2.9G

MemTotal:        4016004 kB
MemFree:          492896 kB
Active:           465540 kB
Mem:          3.8G       3.4G       480M       5.7M        55M       2.9G

MemTotal:        4016004 kB
MemFree:          379556 kB
Active:           465752 kB
Mem:          3.8G       3.5G       370M       5.7M        55M       3.0G

MemTotal:        4016004 kB
MemFree:          255780 kB
Active:           465764 kB
Mem:          3.8G       3.6G       249M       5.7M        55M       3.1G

MemTotal:        4016004 kB
MemFree:          139568 kB
Active:           465768 kB
Mem:          3.8G       3.7G       136M       5.7M        55M       3.2G

MemTotal:        4016004 kB
MemFree:          125384 kB
Active:           465800 kB
Mem:          3.8G       3.7G       122M       5.7M        55M       3.2G

MemTotal:        4016004 kB
MemFree:          132728 kB
Active:           473264 kB
Mem:          3.8G       3.7G       131M       5.7M        22M       3.2G

MemTotal:        4016004 kB
MemFree:          134456 kB
Active:           522212 kB
Mem:          3.8G       3.7G       131M       5.7M        22M       3.2G

MemTotal:        4016004 kB
MemFree:          130700 kB
Active:           515048 kB
Mem:          3.8G       3.7G       127M       5.7M        22M       3.2G

MemTotal:        4016004 kB
MemFree:          129628 kB
Active:           515088 kB
Mem:          3.8G       3.7G       126M       5.7M        22M       3.2G

MemTotal:        4016004 kB
MemFree:          127580 kB
Active:           515092 kB
Mem:          3.8G       3.7G       124M       5.7M        22M       3.2G

MemTotal:        4016004 kB
MemFree:          121424 kB
Active:           507316 kB
Mem:          3.8G       3.7G       118M       5.7M        22M       3.2G

MemTotal:        4016004 kB
MemFree:          128176 kB
Active:           493088 kB
Mem:          3.8G       3.7G       124M       5.7M        22M       3.2G

MemTotal:        4016004 kB
MemFree:          130660 kB
Active:           476416 kB
Mem:          3.8G       3.7G       126M       5.7M        22M       3.2G

MemTotal:        4016004 kB
MemFree:          141744 kB
Active:           470660 kB
Mem:          3.8G       3.7G       138M       5.7M        22M       3.2G

MemTotal:        4016004 kB
MemFree:          118152 kB
Active:           470660 kB
Mem:          3.8G       3.7G       115M       5.7M        22M       3.2G

MemTotal:        4016004 kB
MemFree:          114192 kB
Active:           459780 kB
Mem:          3.8G       3.7G       111M       5.7M        22M       3.3G

MemTotal:        4016004 kB
MemFree:          149152 kB
Active:           457092 kB
Mem:          3.8G       3.7G       145M       5.7M        22M       3.2G

MemTotal:        4016004 kB
MemFree:          139964 kB
Active:           457100 kB
Mem:          3.8G       3.7G       136M       5.7M        22M       3.2G

MemTotal:        4016004 kB
MemFree:          151920 kB
Active:           454796 kB
Mem:          3.8G       3.7G       148M       5.7M        22M       3.2G

MemTotal:        4016004 kB
MemFree:          150912 kB
Active:           454812 kB
Mem:          3.8G       3.7G       147M       5.7M        22M       3.2G

MemTotal:        4016004 kB
MemFree:          149428 kB
Active:           454816 kB
Mem:          3.8G       3.7G       145M       5.7M        22M       3.2G

MemTotal:        4016004 kB
MemFree:          148628 kB
Active:           454820 kB
Mem:          3.8G       3.7G       144M       5.7M        22M       3.2G

MemTotal:        4016004 kB
MemFree:          127076 kB
Active:           454312 kB
Mem:          3.8G       3.7G       123M       5.7M        22M       3.2G

MemTotal:        4016004 kB
MemFree:          143856 kB
Active:           450344 kB
Mem:          3.8G       3.7G       140M       5.7M        22M       3.2G

MemTotal:        4016004 kB
MemFree:          133876 kB
Active:           445180 kB
Mem:          3.8G       3.7G       130M       5.7M        22M       3.2G

MemTotal:        4016004 kB
MemFree:          139236 kB
Active:           442844 kB
Mem:          3.8G       3.7G       135M       5.7M        22M       3.2G

MemTotal:        4016004 kB
MemFree:          111584 kB
Active:           442896 kB
Mem:          3.8G       3.7G       108M       5.7M        22M       3.3G

MemTotal:        4016004 kB
MemFree:          142888 kB
Active:           440592 kB
Mem:          3.8G       3.7G       139M       5.7M        22M       3.2G

MemTotal:        4016004 kB
MemFree:          149656 kB
Active:           438680 kB
Mem:          3.8G       3.7G       145M       5.7M        22M       3.2G

MemTotal:        4016004 kB
MemFree:          117384 kB
Active:           438168 kB
Mem:          3.8G       3.7G       114M       5.7M        22M       3.2G

MemTotal:        4016004 kB
MemFree:          131844 kB
Active:           437416 kB
Mem:          3.8G       3.7G       128M       5.7M        22M       3.2G

MemTotal:        4016004 kB
MemFree:          130512 kB
Active:           437416 kB
Mem:          3.8G       3.7G       127M       5.7M        22M       3.2G

MemTotal:        4016004 kB
MemFree:          129368 kB
Active:           437416 kB
Mem:          3.8G       3.7G       126M       5.7M        22M       3.2G

MemTotal:        4016004 kB
MemFree:          111672 kB
Active:           437420 kB
Mem:          3.8G       3.7G       108M       5.7M        22M       3.3G

MemTotal:        4016004 kB
MemFree:          138916 kB
Active:           434864 kB
Mem:          3.8G       3.7G       135M       5.7M        22M       3.2G

MemTotal:        4016004 kB
MemFree:          126188 kB
Active:           432952 kB
Mem:          3.8G       3.7G       122M       5.7M        22M       3.2G

MemTotal:        4016004 kB
MemFree:          132644 kB
Active:           429496 kB
Mem:          3.8G       3.7G       129M       5.7M        22M       3.2G

MemTotal:        4016004 kB
MemFree:          136308 kB
Active:           424984 kB
Mem:          3.8G       3.7G       133M       5.7M        22M       3.2G

MemTotal:        4016004 kB
MemFree:          136352 kB
Active:           424404 kB
Mem:          3.8G       3.7G       133M       5.7M        22M       3.2G

MemTotal:        4016004 kB
MemFree:          115504 kB
Active:           424404 kB
Mem:          3.8G       3.7G       112M       5.7M        22M       3.2G

MemTotal:        4016004 kB
MemFree:          139464 kB
Active:           423128 kB
Mem:          3.8G       3.7G       135M       5.7M        22M       3.2G

MemTotal:        4016004 kB
MemFree:          137324 kB
Active:           421464 kB
Mem:          3.8G       3.7G       133M       5.7M        22M       3.2G

MemTotal:        4016004 kB
MemFree:          139400 kB
Active:           417984 kB
Mem:          3.8G       3.7G       136M       5.7M        22M       3.2G

MemTotal:        4016004 kB
MemFree:          137176 kB
Active:           418016 kB
Mem:          3.8G       3.7G       133M       5.7M        22M       3.2G

MemTotal:        4016004 kB
MemFree:          135212 kB
Active:           418016 kB
Mem:          3.8G       3.7G       132M       5.7M        22M       3.2G

MemTotal:        4016004 kB
MemFree:          134644 kB
Active:           418016 kB
Mem:          3.8G       3.7G       131M       5.7M        22M       3.2G

MemTotal:        4016004 kB
MemFree:          127948 kB
Active:           416224 kB
Mem:          3.8G       3.7G       124M       5.7M        22M       3.2G

MemTotal:        4016004 kB
MemFree:          115912 kB
Active:           412256 kB
Mem:          3.8G       3.7G       113M       5.7M        22M       3.2G

MemTotal:        4016004 kB
MemFree:          132756 kB
Active:           408680 kB
Mem:          3.8G       3.7G       129M       5.7M        22M       3.2G

MemTotal:        4016004 kB
MemFree:          140212 kB
Active:           406124 kB
Mem:          3.8G       3.7G       136M       5.7M        22M       3.2G

MemTotal:        4016004 kB
MemFree:          145392 kB
Active:           403820 kB
Mem:          3.8G       3.7G       141M       5.7M        22M       3.2G

MemTotal:        4016004 kB
MemFree:          138812 kB
Active:           402672 kB
Mem:          3.8G       3.7G       135M       5.7M        22M       3.2G

MemTotal:        4016004 kB
MemFree:          137516 kB
Active:           401904 kB
Mem:          3.8G       3.7G       134M       5.7M        22M       3.2G

MemTotal:        4016004 kB
MemFree:          138356 kB
Active:           400260 kB
Mem:          3.8G       3.7G       135M       5.7M        22M       3.2G

MemTotal:        4016004 kB
MemFree:          137368 kB
Active:           402920 kB
Mem:          3.8G       3.7G       133M       5.7M        22M       3.2G

MemTotal:        4016004 kB
MemFree:          136128 kB
Active:           402920 kB
Mem:          3.8G       3.7G       132M       5.7M        22M       3.2G

MemTotal:        4016004 kB
MemFree:          135636 kB
Active:           402928 kB
Mem:          3.8G       3.7G       132M       5.7M        22M       3.2G

MemTotal:        4016004 kB
MemFree:          134660 kB
Active:           401808 kB
Mem:          3.8G       3.7G       131M       5.7M        22M       3.2G

MemTotal:        4016004 kB
MemFree:          140952 kB
Active:           399260 kB
Mem:          3.8G       3.7G       137M       5.7M        22M       3.2G

MemTotal:        4016004 kB
MemFree:          127192 kB
Active:           396224 kB
Mem:          3.8G       3.7G       124M       5.7M        22M       3.2G

MemTotal:        4016004 kB
MemFree:          141636 kB
Active:           392512 kB
Mem:          3.8G       3.7G       138M       5.7M        22M       3.2G

MemTotal:        4016004 kB
MemFree:          116916 kB
Active:           392384 kB
Mem:          3.8G       3.7G       113M       5.7M        22M       3.2G

MemTotal:        4016004 kB
MemFree:          129784 kB
Active:           392120 kB
Mem:          3.8G       3.7G       126M       5.7M        22M       3.2G

MemTotal:        4016004 kB
MemFree:          141668 kB
Active:           392128 kB
Mem:          3.8G       3.7G       138M       5.7M        22M       3.2G

MemTotal:        4016004 kB
MemFree:          137144 kB
Active:           390848 kB
Mem:          3.8G       3.7G       133M       5.7M        22M       3.2G

MemTotal:        4016004 kB
MemFree:          131072 kB
Active:           390808 kB
Mem:          3.8G       3.7G       127M       5.7M        22M       3.2G

MemTotal:        4016004 kB
MemFree:          134724 kB
Active:           390868 kB
Mem:          3.8G       3.7G       131M       5.7M        22M       3.2G

MemTotal:        4016004 kB
MemFree:          134040 kB
Active:           390888 kB
Mem:          3.8G       3.7G       130M       5.7M        22M       3.2G

MemTotal:        4016004 kB
MemFree:          133700 kB
Active:           390852 kB
Mem:          3.8G       3.7G       130M       5.7M        22M       3.2G

MemTotal:        4016004 kB
MemFree:          133520 kB
Active:           390892 kB
Mem:          3.8G       3.7G       130M       5.7M        22M       3.2G

MemTotal:        4016004 kB
MemFree:          130808 kB
Active:           390896 kB
Mem:          3.8G       3.7G       126M       5.7M        22M       3.2G

MemTotal:        4016004 kB
MemFree:          118988 kB
Active:           390888 kB
Mem:          3.8G       3.7G       115M       5.7M        22M       3.2G

MemTotal:        4016004 kB
MemFree:          122816 kB
Active:           390888 kB
Mem:          3.8G       3.7G       119M       5.7M        22M       3.2G

MemTotal:        4016004 kB
MemFree:          155180 kB
Active:           390532 kB
Mem:          3.8G       3.7G       151M       5.7M        22M       3.2G

MemTotal:        4016004 kB
MemFree:          135904 kB
Active:           390540 kB
Mem:          3.8G       3.7G       132M       5.7M        22M       3.2G

MemTotal:        4016004 kB
MemFree:          126584 kB
Active:           390540 kB
Mem:          3.8G       3.7G       123M       5.7M        22M       3.2G

MemTotal:        4016004 kB
MemFree:          123412 kB
Active:           390424 kB
Mem:          3.8G       3.7G       119M       5.7M        22M       3.2G

MemTotal:        4016004 kB
MemFree:          124092 kB
Active:           390428 kB
Mem:          3.8G       3.7G       120M       5.7M        22M       3.2G

MemTotal:        4016004 kB
MemFree:          114284 kB
Active:           390428 kB
Mem:          3.8G       3.7G       111M       5.7M        22M       3.2G

MemTotal:        4016004 kB
MemFree:          112944 kB
Active:           390440 kB
Mem:          3.8G       3.7G       109M       5.7M        22M       3.2G

MemTotal:        4016004 kB
MemFree:          112388 kB
Active:           390448 kB
Mem:          3.8G       3.7G       109M       5.7M        22M       3.2G

MemTotal:        4016004 kB
MemFree:          112548 kB
Active:           390412 kB
Mem:          3.8G       3.7G       109M       5.7M        22M       3.2G

MemTotal:        4016004 kB
MemFree:          109764 kB
Active:           390452 kB
Mem:          3.8G       3.7G       106M       5.7M        22M       3.2G

MemTotal:        4016004 kB
MemFree:          128092 kB
Active:           389880 kB
Mem:          3.8G       3.7G       124M       5.7M        22M       3.2G

MemTotal:        4016004 kB
MemFree:          125044 kB
Active:           391904 kB
Mem:          3.8G       3.7G       122M       5.7M        22M       3.2G

MemTotal:        4016004 kB
MemFree:          138748 kB
Active:           391904 kB
Mem:          3.8G       3.7G       135M       5.7M        22M       3.2G

MemTotal:        4016004 kB
MemFree:          142536 kB
Active:           386372 kB
Mem:          3.8G       3.7G       139M       5.7M        22M       3.2G

MemTotal:        4016004 kB
MemFree:          116604 kB
Active:           386152 kB
Mem:          3.8G       3.7G       113M       5.7M        22M       3.2G

MemTotal:        4016004 kB
MemFree:          131672 kB
Active:           386192 kB
Mem:          3.8G       3.7G       128M       5.7M        22M       3.2G

MemTotal:        4016004 kB
MemFree:          144456 kB
Active:           386192 kB
Mem:          3.8G       3.7G       141M       5.7M        22M       3.2G

MemTotal:        4016004 kB
MemFree:          143716 kB
Active:           386208 kB
Mem:          3.8G       3.7G       140M       5.7M        22M       3.2G

MemTotal:        4016004 kB
MemFree:          141624 kB
Active:           386212 kB
Mem:          3.8G       3.7G       138M       5.7M        22M       3.2G

MemTotal:        4016004 kB
MemFree:          140668 kB
Active:           386216 kB
Mem:          3.8G       3.7G       137M       5.7M        22M       3.2G

MemTotal:        4016004 kB
MemFree:          139356 kB
Active:           386340 kB
Mem:          3.8G       3.7G       136M       5.7M        22M       3.2G

MemTotal:        4016004 kB
MemFree:          114984 kB
Active:           386232 kB
Mem:          3.8G       3.7G       112M       5.7M        22M       3.2G

MemTotal:        4016004 kB
MemFree:          142988 kB
Active:           384244 kB
Mem:          3.8G       3.7G       139M       5.7M        22M       3.2G

MemTotal:        4016004 kB
MemFree:          142248 kB
Active:           384244 kB
Mem:          3.8G       3.7G       138M       5.7M        22M       3.2G

MemTotal:        4016004 kB
MemFree:          116768 kB
Active:           384244 kB
Mem:          3.8G       3.7G       113M       5.7M        22M       3.2G

MemTotal:        4016004 kB
MemFree:          128612 kB
Active:           384272 kB
Mem:          3.8G       3.7G       124M       5.7M        22M       3.2G

MemTotal:        4016004 kB
MemFree:          131760 kB
Active:           384272 kB
Mem:          3.8G       3.7G       128M       5.7M        22M       3.2G

MemTotal:        4016004 kB
MemFree:          130736 kB
Active:           384272 kB
Mem:          3.8G       3.7G       126M       5.7M        22M       3.2G

MemTotal:        4016004 kB
MemFree:          145268 kB
Active:           379676 kB
Mem:          3.8G       3.7G       141M       5.7M        22M       3.2G

MemTotal:        4016004 kB
MemFree:          143952 kB
Active:           379676 kB
Mem:          3.8G       3.7G       140M       5.7M        22M       3.2G

MemTotal:        4016004 kB
MemFree:          144204 kB
Active:           379640 kB
Mem:          3.8G       3.7G       140M       5.7M        22M       3.2G

MemTotal:        4016004 kB
MemFree:          143564 kB
Active:           379684 kB
Mem:          3.8G       3.7G       140M       5.7M        22M       3.2G

MemTotal:        4016004 kB
MemFree:          144004 kB
Active:           381700 kB
Mem:          3.8G       3.7G       140M       5.7M        22M       3.2G

MemTotal:        4016004 kB
MemFree:          147032 kB
Active:           380844 kB
Mem:          3.8G       3.7G       143M       5.7M        22M       3.2G

MemTotal:        4016004 kB
MemFree:          129084 kB
Active:           380720 kB
Mem:          3.8G       3.7G       125M       5.7M        22M       3.2G

MemTotal:        4016004 kB
MemFree:          131872 kB
Active:           378560 kB
Mem:          3.8G       3.7G       128M       5.7M        22M       3.2G

MemTotal:        4016004 kB
MemFree:          135520 kB
Active:           378536 kB
Mem:          3.8G       3.7G       131M       5.7M        22M       3.2G

MemTotal:        4016004 kB
MemFree:          126788 kB
Active:           378572 kB
Mem:          3.8G       3.7G       123M       5.7M        22M       3.2G

MemTotal:        4016004 kB
MemFree:          133008 kB
Active:           378576 kB
Mem:          3.8G       3.7G       129M       5.7M        22M       3.2G

MemTotal:        4016004 kB
MemFree:          108328 kB
Active:           378576 kB
Mem:          3.8G       3.7G       105M       5.7M        22M       3.2G

MemTotal:        4016004 kB
MemFree:          151928 kB
Active:           378584 kB
Mem:          3.8G       3.7G       148M       5.7M        22M       3.2G

MemTotal:        4016004 kB
MemFree:          150600 kB
Active:           378940 kB
Mem:          3.8G       3.7G       146M       5.7M        22M       3.2G

MemTotal:        4016004 kB
MemFree:          149424 kB
Active:           378952 kB
Mem:          3.8G       3.7G       145M       5.7M        22M       3.2G

MemTotal:        4016004 kB
MemFree:          149180 kB
Active:           378928 kB
Mem:          3.8G       3.7G       145M       5.7M        22M       3.2G

MemTotal:        4016004 kB
MemFree:          135576 kB
Active:           378956 kB
Mem:          3.8G       3.7G       132M       5.7M        22M       3.2G

MemTotal:        4016004 kB
MemFree:          117796 kB
Active:           377296 kB
Mem:          3.8G       3.7G       114M       5.7M        22M       3.2G

MemTotal:        4016004 kB
MemFree:          121156 kB
Active:           365100 kB
Mem:          3.8G       3.7G       117M       5.7M        22M       3.2G

MemTotal:        4016004 kB
MemFree:          146800 kB
Active:           365068 kB
Mem:          3.8G       3.7G       142M       5.7M        22M       3.2G

MemTotal:        4016004 kB
MemFree:          143040 kB
Active:           365100 kB
Mem:          3.8G       3.7G       139M       5.7M        22M       3.2G

MemTotal:        4016004 kB
MemFree:          117976 kB
Active:           365060 kB
Mem:          3.8G       3.7G       114M       5.7M        22M       3.2G

MemTotal:        4016004 kB
MemFree:          133780 kB
Active:           365104 kB
Mem:          3.8G       3.7G       130M       5.7M        22M       3.2G

MemTotal:        4016004 kB
MemFree:          137836 kB
Active:           362808 kB
Mem:          3.8G       3.7G       134M       5.7M        22M       3.2G

MemTotal:        4016004 kB
MemFree:          137248 kB
Active:           362616 kB
Mem:          3.8G       3.7G       133M       5.7M        22M       3.2G

MemTotal:        4016004 kB
MemFree:          130520 kB
Active:           362284 kB
Mem:          3.8G       3.7G       127M       5.7M        22M       3.2G

MemTotal:        4016004 kB
MemFree:          129868 kB
Active:           362292 kB
Mem:          3.8G       3.7G       126M       5.7M        22M       3.2G

MemTotal:        4016004 kB
MemFree:          128816 kB
Active:           362252 kB
Mem:          3.8G       3.7G       125M       5.7M        22M       3.2G

MemTotal:        4016004 kB
MemFree:          128852 kB
Active:           362260 kB
Mem:          3.8G       3.7G       125M       5.7M        22M       3.2G

MemTotal:        4016004 kB
MemFree:          123092 kB
Active:           362304 kB
Mem:          3.8G       3.7G       120M       5.7M        22M       3.2G

MemTotal:        4016004 kB
MemFree:          107044 kB
Active:           362176 kB
Mem:          3.8G       3.7G       103M       5.7M        22M       3.2G

MemTotal:        4016004 kB
MemFree:          126768 kB
Active:           362180 kB
Mem:          3.8G       3.7G       123M       5.7M        22M       3.2G

MemTotal:        4016004 kB
MemFree:          138148 kB
Active:           362180 kB
Mem:          3.8G       3.7G       134M       5.7M        22M       3.2G

MemTotal:        4016004 kB
MemFree:          105364 kB
Active:           362936 kB
Mem:          3.8G       3.7G       102M       5.7M        22M       3.2G

MemTotal:        4016004 kB
MemFree:          130052 kB
Active:           360916 kB
Mem:          3.8G       3.7G       127M       5.7M        22M       3.2G

MemTotal:        4016004 kB
MemFree:          126824 kB
Active:           360928 kB
Mem:          3.8G       3.7G       123M       5.7M        22M       3.2G

MemTotal:        4016004 kB
MemFree:          128968 kB
Active:           360928 kB
Mem:          3.8G       3.7G       125M       5.7M        22M       3.2G

MemTotal:        4016004 kB
MemFree:          128044 kB
Active:           360940 kB
Mem:          3.8G       3.7G       124M       5.7M        22M       3.2G

MemTotal:        4016004 kB
MemFree:          127988 kB
Active:           360940 kB
Mem:          3.8G       3.7G       124M       5.7M        22M       3.2G

MemTotal:        4016004 kB
MemFree:          127588 kB
Active:           360944 kB
Mem:          3.8G       3.7G       124M       5.7M        22M       3.2G

MemTotal:        4016004 kB
MemFree:          127812 kB
Active:           360948 kB
Mem:          3.8G       3.7G       124M       5.7M        22M       3.2G

MemTotal:        4016004 kB
MemFree:          120676 kB
Active:           360788 kB
Mem:          3.8G       3.7G       117M       5.7M        22M       3.2G

MemTotal:        4016004 kB
MemFree:          113212 kB
Active:           360824 kB
Mem:          3.8G       3.7G       110M       5.7M        22M       3.2G

MemTotal:        4016004 kB
MemFree:          125968 kB
Active:           361836 kB
Mem:          3.8G       3.7G       122M       5.7M        22M       3.2G

MemTotal:        4016004 kB
MemFree:          126432 kB
Active:           357240 kB
Mem:          3.8G       3.7G       123M       5.7M        22M       3.2G

MemTotal:        4016004 kB
MemFree:          132064 kB
Active:           357244 kB
Mem:          3.8G       3.7G       133M       5.7M        22M       3.2G

MemTotal:        4016004 kB
MemFree:          150564 kB
Active:           357244 kB
Mem:          3.8G       3.7G       146M       5.7M        22M       3.2G

MemTotal:        4016004 kB
MemFree:          149660 kB
Active:           357252 kB
Mem:          3.8G       3.7G       145M       5.7M        22M       3.2G

MemTotal:        4016004 kB
MemFree:          147012 kB
Active:           357264 kB
Mem:          3.8G       3.7G       143M       5.7M        22M       3.2G

MemTotal:        4016004 kB
MemFree:          146644 kB
Active:           357268 kB
Mem:          3.8G       3.7G       142M       5.7M        22M       3.2G

MemTotal:        4016004 kB
MemFree:          146648 kB
Active:           357268 kB
Mem:          3.8G       3.7G       142M       5.7M        22M       3.2G

MemTotal:        4016004 kB
MemFree:          146872 kB
Active:           357240 kB
Mem:          3.8G       3.7G       143M       5.7M        22M       3.2G

MemTotal:        4016004 kB
MemFree:          122876 kB
Active:           357296 kB
Mem:          3.8G       3.7G       119M       5.7M        22M       3.2G

MemTotal:        4016004 kB
MemFree:          120332 kB
Active:           357308 kB
Mem:          3.8G       3.7G       117M       5.7M        22M       3.2G

MemTotal:        4016004 kB
MemFree:          120180 kB
Active:           357308 kB
Mem:          3.8G       3.7G       117M       5.7M        22M       3.2G

MemTotal:        4016004 kB
MemFree:          120404 kB
Active:           357280 kB
Mem:          3.8G       3.7G       117M       5.7M        22M       3.2G

MemTotal:        4016004 kB
MemFree:          156380 kB
Active:           357316 kB
Mem:          3.8G       3.7G       151M       5.7M        22M       3.2G

MemTotal:        4016004 kB
MemFree:          119192 kB
Active:           311224 kB
Mem:          3.8G       3.7G       116M       5.7M        22M       3.2G

MemTotal:        4016004 kB
MemFree:          126228 kB
Active:           311096 kB
Mem:          3.8G       3.7G       122M       5.7M        22M       3.2G

MemTotal:        4016004 kB
MemFree:          135660 kB
Active:           311120 kB
Mem:          3.8G       3.7G       132M       5.7M        22M       3.2G

MemTotal:        4016004 kB
MemFree:          137472 kB
Active:           311120 kB
Mem:          3.8G       3.7G       133M       5.7M        22M       3.2G

MemTotal:        4016004 kB
MemFree:          133820 kB
Active:           311784 kB
Mem:          3.8G       3.7G       130M       5.7M        22M       3.2G

MemTotal:        4016004 kB
MemFree:          149416 kB
Active:           311784 kB
Mem:          3.8G       3.7G       145M       5.7M        22M       3.2G

MemTotal:        4016004 kB
MemFree:          147640 kB
Active:           311796 kB
Mem:          3.8G       3.7G       144M       5.7M        22M       3.2G

MemTotal:        4016004 kB
MemFree:          146848 kB
Active:           311776 kB
Mem:          3.8G       3.7G       143M       5.7M        22M       3.2G

MemTotal:        4016004 kB
MemFree:          145392 kB
Active:           311792 kB
Mem:          3.8G       3.7G       141M       5.7M        22M       3.2G

MemTotal:        4016004 kB
MemFree:          144672 kB
Active:           311780 kB
Mem:          3.8G       3.7G       141M       5.7M        22M       3.2G

MemTotal:        4016004 kB
MemFree:          119700 kB
Active:           311816 kB
Mem:          3.8G       3.7G       116M       5.7M        22M       3.2G

MemTotal:        4016004 kB
MemFree:          134596 kB
Active:           311816 kB
Mem:          3.8G       3.7G       131M       5.7M        22M       3.2G

MemTotal:        4016004 kB
MemFree:          118940 kB
Active:           311380 kB
Mem:          3.8G       3.7G       115M       5.7M        22M       3.2G

MemTotal:        4016004 kB
MemFree:          142048 kB
Active:           311296 kB
Mem:          3.8G       3.7G       138M       5.7M        22M       3.2G

MemTotal:        4016004 kB
MemFree:          127512 kB
Active:           313344 kB
Mem:          3.8G       3.7G       124M       5.7M        22M       3.2G

MemTotal:        4016004 kB
MemFree:          134136 kB
Active:           313320 kB
Mem:          3.8G       3.7G       130M       5.7M        22M       3.2G

MemTotal:        4016004 kB
MemFree:          127024 kB
Active:           313016 kB
Mem:          3.8G       3.7G       123M       5.7M        22M       3.2G

MemTotal:        4016004 kB
MemFree:          126404 kB
Active:           312996 kB
Mem:          3.8G       3.7G       123M       5.7M        22M       3.2G

MemTotal:        4016004 kB
MemFree:          126280 kB
Active:           313032 kB
Mem:          3.8G       3.7G       123M       5.7M        22M       3.2G

MemTotal:        4016004 kB
MemFree:          126404 kB
Active:           312996 kB
Mem:          3.8G       3.7G       123M       5.7M        22M       3.2G

MemTotal:        4016004 kB
MemFree:          125600 kB
Active:           313036 kB
Mem:          3.8G       3.7G       122M       5.7M        22M       3.2G

MemTotal:        4016004 kB
MemFree:          125972 kB
Active:           313008 kB
Mem:          3.8G       3.7G       122M       5.7M        22M       3.2G

MemTotal:        4016004 kB
MemFree:          125728 kB
Active:           313048 kB
Mem:          3.8G       3.7G       122M       5.7M        22M       3.2G

MemTotal:        4016004 kB
MemFree:          126420 kB
Active:           313008 kB
Mem:          3.8G       3.7G       123M       5.7M        22M       3.2G

MemTotal:        4016004 kB
MemFree:          126452 kB
Active:           313016 kB
Mem:          3.8G       3.7G       122M       5.7M        22M       3.2G

MemTotal:        4016004 kB
MemFree:          125956 kB
Active:           313056 kB
Mem:          3.8G       3.7G       123M       5.7M        22M       3.2G

MemTotal:        4016004 kB
MemFree:          125956 kB
Active:           313056 kB
Mem:          3.8G       3.7G       123M       5.7M        22M       3.2G

MemTotal:        4016004 kB
MemFree:          125956 kB
Active:           313056 kB
Mem:          3.8G       3.7G       123M       5.7M        22M       3.2G

MemTotal:        4016004 kB
MemFree:          125956 kB
Active:           313056 kB
Mem:          3.8G       3.7G       123M       5.7M        22M       3.2G

MemTotal:        4016004 kB
MemFree:          125956 kB
Active:           313056 kB
Mem:          3.8G       3.7G       123M       5.7M        22M       3.2G

MemTotal:        4016004 kB
MemFree:          126328 kB
Active:           313012 kB
Mem:          3.8G       3.7G       123M       5.7M        22M       3.2G

MemTotal:        4016004 kB
MemFree:          125956 kB
Active:           313056 kB
Mem:          3.8G       3.7G       123M       5.7M        22M       3.2G

MemTotal:        4016004 kB
MemFree:          126524 kB
Active:           312808 kB
Mem:          3.8G       3.7G       123M       5.7M        22M       3.2G

MemTotal:        4016004 kB
MemFree:          126648 kB
Active:           312768 kB
Mem:          3.8G       3.7G       123M       5.7M        22M       3.2G

MemTotal:        4016004 kB
MemFree:          126136 kB
Active:           312520 kB
Mem:          3.8G       3.7G       123M       5.7M        22M       3.2G

MemTotal:        4016004 kB
MemFree:          126664 kB
Active:           314464 kB
Mem:          3.8G       3.7G       123M       5.7M        22M       3.2G

MemTotal:        4016004 kB
MemFree:          126416 kB
Active:           314516 kB
Mem:          3.8G       3.7G       123M       5.7M        22M       3.2G

MemTotal:        4016004 kB
MemFree:          126664 kB
Active:           314520 kB
Mem:          3.8G       3.7G       123M       5.7M        22M       3.2G

MemTotal:        4016004 kB
MemFree:          126664 kB
Active:           314484 kB
Mem:          3.8G       3.7G       123M       5.7M        22M       3.2G

MemTotal:        4016004 kB
MemFree:          126788 kB
Active:           314496 kB
Mem:          3.8G       3.7G       123M       5.7M        22M       3.2G

MemTotal:        4016004 kB
MemFree:          126540 kB
Active:           314504 kB
Mem:          3.8G       3.7G       123M       5.7M        22M       3.2G

MemTotal:        4016004 kB
MemFree:          126416 kB
Active:           314496 kB
Mem:          3.8G       3.7G       123M       5.7M        22M       3.2G

MemTotal:        4016004 kB
MemFree:          126540 kB
Active:           314512 kB
Mem:          3.8G       3.7G       123M       5.7M        22M       3.2G

MemTotal:        4016004 kB
MemFree:          126168 kB
Active:           314544 kB
Mem:          3.8G       3.7G       123M       5.7M        22M       3.2G

MemTotal:        4016004 kB
MemFree:          125920 kB
Active:           314544 kB
Mem:          3.8G       3.7G       123M       5.7M        22M       3.2G

MemTotal:        4016004 kB
MemFree:          126292 kB
Active:           314496 kB
Mem:          3.8G       3.7G       123M       5.7M        22M       3.2G

MemTotal:        4016004 kB
MemFree:          126292 kB
Active:           314540 kB
Mem:          3.8G       3.7G       123M       5.7M        22M       3.2G

MemTotal:        4016004 kB
MemFree:          126168 kB
Active:           314504 kB
Mem:          3.8G       3.7G       123M       5.7M        22M       3.2G

MemTotal:        4016004 kB
MemFree:          126168 kB
Active:           314504 kB
Mem:          3.8G       3.7G       123M       5.7M        22M       3.2G

MemTotal:        4016004 kB
MemFree:          126540 kB
Active:           314552 kB
Mem:          3.8G       3.7G       123M       5.7M        22M       3.2G

MemTotal:        4016004 kB
MemFree:          126416 kB
Active:           314556 kB
Mem:          3.8G       3.7G       123M       5.7M        22M       3.2G

MemTotal:        4016004 kB
MemFree:          126664 kB
Active:           314500 kB
Mem:          3.8G       3.7G       123M       5.7M        22M       3.2G

MemTotal:        4016004 kB
MemFree:          126788 kB
Active:           314544 kB
Mem:          3.8G       3.7G       123M       5.7M        22M       3.2G

MemTotal:        4016004 kB
MemFree:          126912 kB
Active:           314532 kB
Mem:          3.8G       3.7G       123M       5.7M        22M       3.2G

MemTotal:        4016004 kB
MemFree:          126540 kB
Active:           314564 kB
Mem:          3.8G       3.7G       123M       5.7M        22M       3.2G

MemTotal:        4016004 kB
MemFree:          126788 kB
Active:           314528 kB
Mem:          3.8G       3.7G       123M       5.7M        22M       3.2G

MemTotal:        4016004 kB
MemFree:          126788 kB
Active:           314528 kB
Mem:          3.8G       3.7G       123M       5.7M        22M       3.2G

MemTotal:        4016004 kB
MemFree:          126912 kB
Active:           314564 kB
Mem:          3.8G       3.7G       124M       5.7M        22M       3.2G

MemTotal:        4016004 kB
MemFree:          126788 kB
Active:           314568 kB
Mem:          3.8G       3.7G       123M       5.7M        22M       3.2G

MemTotal:        4016004 kB
MemFree:          126664 kB
Active:           314540 kB
Mem:          3.8G       3.7G       123M       5.7M        22M       3.2G

MemTotal:        4016004 kB
MemFree:          127160 kB
Active:           314552 kB
Mem:          3.8G       3.7G       124M       5.7M        22M       3.2G

MemTotal:        4016004 kB
MemFree:          126664 kB
Active:           314580 kB
Mem:          3.8G       3.7G       123M       5.7M        22M       3.2G

MemTotal:        4016004 kB
MemFree:          126540 kB
Active:           314556 kB
Mem:          3.8G       3.7G       123M       5.7M        22M       3.2G

MemTotal:        4016004 kB
MemFree:          126788 kB
Active:           314572 kB
Mem:          3.8G       3.7G       123M       5.7M        22M       3.2G

MemTotal:        4016004 kB
MemFree:          126788 kB
Active:           314560 kB
Mem:          3.8G       3.7G       123M       5.7M        22M       3.2G

MemTotal:        4016004 kB
MemFree:          126664 kB
Active:           314572 kB
Mem:          3.8G       3.7G       123M       5.7M        22M       3.2G

MemTotal:        4016004 kB
MemFree:          127160 kB
Active:           314568 kB
Mem:          3.8G       3.7G       123M       5.7M        22M       3.2G

MemTotal:        4016004 kB
MemFree:          126292 kB
Active:           314600 kB
Mem:          3.8G       3.7G       123M       5.7M        22M       3.2G

MemTotal:        4016004 kB
MemFree:          126664 kB
Active:           314552 kB
Mem:          3.8G       3.7G       123M       5.7M        22M       3.2G

MemTotal:        4016004 kB
MemFree:          127160 kB
Active:           314596 kB
Mem:          3.8G       3.7G       124M       5.7M        22M       3.2G

MemTotal:        4016004 kB
MemFree:          127272 kB
Active:           314596 kB
Mem:          3.8G       3.7G       124M       5.7M        22M       3.2G

MemTotal:        4016004 kB
MemFree:          127272 kB
Active:           314564 kB
Mem:          3.8G       3.7G       124M       5.7M        22M       3.2G

MemTotal:        4016004 kB
MemFree:          127272 kB
Active:           314596 kB
Mem:          3.8G       3.7G       124M       5.7M        22M       3.2G

MemTotal:        4016004 kB
MemFree:          127148 kB
Active:           314592 kB
Mem:          3.8G       3.7G       124M       5.7M        22M       3.2G

MemTotal:        4016004 kB
MemFree:          127272 kB
Active:           314584 kB
Mem:          3.8G       3.7G       124M       5.7M        22M       3.2G

MemTotal:        4016004 kB
MemFree:          126652 kB
Active:           314628 kB
Mem:          3.8G       3.7G       123M       5.7M        22M       3.2G

MemTotal:        4016004 kB
MemFree:          127024 kB
Active:           314580 kB
Mem:          3.8G       3.7G       123M       5.7M        22M       3.2G

MemTotal:        4016004 kB
MemFree:          127024 kB
Active:           314576 kB
Mem:          3.8G       3.7G       124M       5.7M        22M       3.2G

MemTotal:        4016004 kB
MemFree:          127148 kB
Active:           314628 kB
Mem:          3.8G       3.7G       124M       5.7M        22M       3.2G

MemTotal:        4016004 kB
MemFree:          126652 kB
Active:           314608 kB
Mem:          3.8G       3.7G       123M       5.7M        22M       3.2G

MemTotal:        4016004 kB
MemFree:          126652 kB
Active:           314604 kB
Mem:          3.8G       3.7G       123M       5.7M        22M       3.2G

MemTotal:        4016004 kB
MemFree:          126900 kB
Active:           314596 kB
Mem:          3.8G       3.7G       123M       5.7M        22M       3.2G

MemTotal:        4016004 kB
MemFree:          126404 kB
Active:           314636 kB
Mem:          3.8G       3.7G       123M       5.7M        22M       3.2G

MemTotal:        4016004 kB
MemFree:          126900 kB
Active:           314584 kB
Mem:          3.8G       3.7G       124M       5.7M        22M       3.2G

MemTotal:        4016004 kB
MemFree:          127148 kB
Active:           314620 kB
Mem:          3.8G       3.7G       124M       5.7M        22M       3.2G

MemTotal:        4016004 kB
MemFree:          127148 kB
Active:           314608 kB
Mem:          3.8G       3.7G       123M       5.7M        22M       3.2G

MemTotal:        4016004 kB
MemFree:          126404 kB
Active:           314600 kB
Mem:          3.8G       3.7G       123M       5.7M        22M       3.2G

MemTotal:        4016004 kB
MemFree:          126528 kB
Active:           314628 kB
Mem:          3.8G       3.7G       123M       5.7M        22M       3.2G

MemTotal:        4016004 kB
MemFree:          126528 kB
Active:           314600 kB
Mem:          3.8G       3.7G       123M       5.7M        22M       3.2G

MemTotal:        4016004 kB
MemFree:          126404 kB
Active:           314596 kB
Mem:          3.8G       3.7G       123M       5.7M        22M       3.2G

MemTotal:        4016004 kB
MemFree:          126048 kB
Active:           314652 kB
Mem:          3.8G       3.7G       123M       5.7M        22M       3.2G

MemTotal:        4016004 kB
MemFree:          126544 kB
Active:           314616 kB
Mem:          3.8G       3.7G       123M       5.7M        22M       3.2G

MemTotal:        4016004 kB
MemFree:          126544 kB
Active:           314620 kB
Mem:          3.8G       3.7G       123M       5.7M        22M       3.2G

MemTotal:        4016004 kB
MemFree:          126668 kB
Active:           314612 kB
Mem:          3.8G       3.7G       123M       5.7M        22M       3.2G

MemTotal:        4016004 kB
MemFree:          126544 kB
Active:           314600 kB
Mem:          3.8G       3.7G       123M       5.7M        22M       3.2G

MemTotal:        4016004 kB
MemFree:          126668 kB
Active:           314644 kB
Mem:          3.8G       3.7G       123M       5.7M        22M       3.2G

MemTotal:        4016004 kB
MemFree:          126668 kB
Active:           314652 kB
Mem:          3.8G       3.7G       123M       5.7M        22M       3.2G

MemTotal:        4016004 kB
MemFree:          126668 kB
Active:           314644 kB
Mem:          3.8G       3.7G       123M       5.7M        22M       3.2G

MemTotal:        4016004 kB
MemFree:          126544 kB
Active:           314628 kB
Mem:          3.8G       3.7G       123M       5.7M        22M       3.2G

MemTotal:        4016004 kB
MemFree:          126544 kB
Active:           314628 kB
Mem:          3.8G       3.7G       123M       5.7M        22M       3.2G

MemTotal:        4016004 kB
MemFree:          126544 kB
Active:           314644 kB
Mem:          3.8G       3.7G       123M       5.7M        22M       3.2G

MemTotal:        4016004 kB
MemFree:          127164 kB
Active:           314628 kB
Mem:          3.8G       3.7G       124M       5.7M        22M       3.2G

MemTotal:        4016004 kB
MemFree:          126792 kB
Active:           314624 kB
Mem:          3.8G       3.7G       123M       5.7M        22M       3.2G

MemTotal:        4016004 kB
MemFree:          126296 kB
Active:           314624 kB
Mem:          3.8G       3.7G       123M       5.7M        22M       3.2G

MemTotal:        4016004 kB
MemFree:          126420 kB
Active:           314636 kB
Mem:          3.8G       3.7G       123M       5.7M        22M       3.2G

MemTotal:        4016004 kB
MemFree:          126048 kB
Active:           314676 kB
Mem:          3.8G       3.7G       123M       5.7M        22M       3.2G

MemTotal:        4016004 kB
MemFree:          126048 kB
Active:           314680 kB
Mem:          3.8G       3.7G       123M       5.7M        22M       3.2G

MemTotal:        4016004 kB
MemFree:          126172 kB
Active:           314628 kB
Mem:          3.8G       3.7G       123M       5.7M        22M       3.2G

MemTotal:        4016004 kB
MemFree:          126544 kB
Active:           314676 kB
Mem:          3.8G       3.7G       123M       5.7M        22M       3.2G

MemTotal:        4016004 kB
MemFree:          126668 kB
Active:           314672 kB
Mem:          3.8G       3.7G       123M       5.7M        22M       3.2G

MemTotal:        4016004 kB
MemFree:          126668 kB
Active:           314656 kB
Mem:          3.8G       3.7G       123M       5.7M        22M       3.2G

MemTotal:        4016004 kB
MemFree:          126668 kB
Active:           314660 kB
Mem:          3.8G       3.7G       123M       5.7M        22M       3.2G

MemTotal:        4016004 kB
MemFree:          127040 kB
Active:           314672 kB
Mem:          3.8G       3.7G       123M       5.7M        22M       3.2G

MemTotal:        4016004 kB
MemFree:          126668 kB
Active:           314692 kB
Mem:          3.8G       3.7G       123M       5.7M        22M       3.2G

MemTotal:        4016004 kB
MemFree:          126668 kB
Active:           314672 kB
Mem:          3.8G       3.7G       123M       5.7M        22M       3.2G

MemTotal:        4016004 kB
MemFree:          126668 kB
Active:           314664 kB
Mem:          3.8G       3.7G       123M       5.7M        22M       3.2G

MemTotal:        4016004 kB
MemFree:          126668 kB
Active:           314660 kB
Mem:          3.8G       3.7G       123M       5.7M        22M       3.2G

MemTotal:        4016004 kB
MemFree:          126296 kB
Active:           314700 kB
Mem:          3.8G       3.7G       123M       5.7M        22M       3.2G

MemTotal:        4016004 kB
MemFree:          126296 kB
Active:           314644 kB
Mem:          3.8G       3.7G       123M       5.7M        22M       3.2G

MemTotal:        4016004 kB
MemFree:          126420 kB
Active:           314664 kB
Mem:          3.8G       3.7G       123M       5.7M        22M       3.2G

MemTotal:        4016004 kB
MemFree:          126048 kB
Active:           314652 kB
Mem:          3.8G       3.7G       123M       5.7M        22M       3.2G

MemTotal:        4016004 kB
MemFree:          126048 kB
Active:           314676 kB
Mem:          3.8G       3.7G       122M       5.7M        22M       3.2G

MemTotal:        4016004 kB
MemFree:          125924 kB
Active:           314672 kB
Mem:          3.8G       3.7G       123M       5.7M        22M       3.2G

MemTotal:        4016004 kB
MemFree:          125924 kB
Active:           314664 kB
Mem:          3.8G       3.7G       123M       5.7M        22M       3.2G

MemTotal:        4016004 kB
MemFree:          125552 kB
Active:           314716 kB
Mem:          3.8G       3.7G       122M       5.7M        22M       3.2G

MemTotal:        4016004 kB
MemFree:          126048 kB
Active:           314700 kB
Mem:          3.8G       3.7G       122M       5.7M        22M       3.2G

MemTotal:        4016004 kB
MemFree:          125676 kB
Active:           314728 kB
Mem:          3.8G       3.7G       122M       5.7M        22M       3.2G

MemTotal:        4016004 kB
MemFree:          126172 kB
Active:           314672 kB
Mem:          3.8G       3.7G       122M       5.7M        22M       3.2G

MemTotal:        4016004 kB
MemFree:          126204 kB
Active:           314716 kB
Mem:          3.8G       3.7G       123M       5.7M        22M       3.2G

MemTotal:        4016004 kB
MemFree:          126452 kB
Active:           314676 kB
Mem:          3.8G       3.7G       123M       5.7M        22M       3.2G

MemTotal:        4016004 kB
MemFree:          126204 kB
Active:           314736 kB
Mem:          3.8G       3.7G       123M       5.7M        22M       3.2G

MemTotal:        4016004 kB
MemFree:          126452 kB
Active:           314728 kB
Mem:          3.8G       3.7G       123M       5.7M        22M       3.2G

MemTotal:        4016004 kB
MemFree:          126328 kB
Active:           314724 kB
Mem:          3.8G       3.7G       123M       5.7M        22M       3.2G

MemTotal:        4016004 kB
MemFree:          126576 kB
Active:           314704 kB
Mem:          3.8G       3.7G       123M       5.7M        22M       3.2G

MemTotal:        4016004 kB
MemFree:          126112 kB
Active:           314748 kB
Mem:          3.8G       3.7G       123M       5.7M        22M       3.2G

MemTotal:        4016004 kB
MemFree:          126484 kB
Active:           314740 kB
Mem:          3.8G       3.7G       123M       5.7M        22M       3.2G

MemTotal:        4016004 kB
MemFree:          126484 kB
Active:           314712 kB
Mem:          3.8G       3.7G       123M       5.7M        22M       3.2G

MemTotal:        4016004 kB
MemFree:          126484 kB
Active:           314704 kB
Mem:          3.8G       3.7G       123M       5.7M        22M       3.2G

MemTotal:        4016004 kB
MemFree:          126112 kB
Active:           314748 kB
Mem:          3.8G       3.7G       123M       5.7M        22M       3.2G

MemTotal:        4016004 kB
MemFree:          126732 kB
Active:           314700 kB
Mem:          3.8G       3.7G       123M       5.7M        22M       3.2G

MemTotal:        4016004 kB
MemFree:          126856 kB
Active:           314740 kB
Mem:          3.8G       3.7G       123M       5.7M        23M       3.2G

MemTotal:        4016004 kB
MemFree:          126732 kB
Active:           314724 kB
Mem:          3.8G       3.7G       123M       5.7M        23M       3.2G

MemTotal:        4016004 kB
MemFree:          126856 kB
Active:           314712 kB
Mem:          3.8G       3.7G       123M       5.7M        23M       3.2G

MemTotal:        4016004 kB
MemFree:          126732 kB
Active:           314712 kB
Mem:          3.8G       3.7G       123M       5.7M        23M       3.2G

MemTotal:        4016004 kB
MemFree:          126732 kB
Active:           314732 kB
Mem:          3.8G       3.7G       123M       5.7M        23M       3.2G

MemTotal:        4016004 kB
MemFree:          126856 kB
Active:           314712 kB
Mem:          3.8G       3.7G       123M       5.7M        23M       3.2G

MemTotal:        4016004 kB
MemFree:          127104 kB
Active:           314756 kB
Mem:          3.8G       3.7G       124M       5.7M        23M       3.2G

MemTotal:        4016004 kB
MemFree:          126732 kB
Active:           314768 kB
Mem:          3.8G       3.7G       123M       5.7M        23M       3.2G

MemTotal:        4016004 kB
MemFree:          126732 kB
Active:           314740 kB
Mem:          3.8G       3.7G       123M       5.7M        23M       3.2G

MemTotal:        4016004 kB
MemFree:          126236 kB
Active:           314772 kB
Mem:          3.8G       3.7G       123M       5.7M        23M       3.2G

MemTotal:        4016004 kB
MemFree:          126608 kB
Active:           314744 kB
Mem:          3.8G       3.7G       123M       5.7M        23M       3.2G

MemTotal:        4016004 kB
MemFree:          126608 kB
Active:           314736 kB
Mem:          3.8G       3.7G       123M       5.7M        23M       3.2G

MemTotal:        4016004 kB
MemFree:          126484 kB
Active:           314772 kB
Mem:          3.8G       3.7G       123M       5.7M        23M       3.2G

MemTotal:        4016004 kB
MemFree:          126484 kB
Active:           314732 kB
Mem:          3.8G       3.7G       123M       5.7M        23M       3.2G

MemTotal:        4016004 kB
MemFree:          126624 kB
Active:           314720 kB
Mem:          3.8G       3.7G       123M       5.7M        23M       3.2G

MemTotal:        4016004 kB
MemFree:          126996 kB
Active:           314772 kB
Mem:          3.8G       3.7G       123M       5.7M        23M       3.2G

MemTotal:        4016004 kB
MemFree:          126996 kB
Active:           314764 kB
Mem:          3.8G       3.7G       124M       5.7M        23M       3.2G

MemTotal:        4016004 kB
MemFree:          127120 kB
Active:           314736 kB
Mem:          3.8G       3.7G       123M       5.7M        23M       3.2G

MemTotal:        4016004 kB
MemFree:          126624 kB
Active:           314792 kB
Mem:          3.8G       3.7G       123M       5.7M        23M       3.2G

MemTotal:        4016004 kB
MemFree:          127120 kB
Active:           314776 kB
Mem:          3.8G       3.7G       124M       5.7M        23M       3.2G

MemTotal:        4016004 kB
MemFree:          126996 kB
Active:           314752 kB
Mem:          3.8G       3.7G       124M       5.7M        23M       3.2G

MemTotal:        4016004 kB
MemFree:          127120 kB
Active:           314780 kB
Mem:          3.8G       3.7G       124M       5.7M        23M       3.2G

MemTotal:        4016004 kB
MemFree:          126748 kB
Active:           314800 kB
Mem:          3.8G       3.7G       123M       5.7M        23M       3.2G

MemTotal:        4016004 kB
MemFree:          127120 kB
Active:           314768 kB
Mem:          3.8G       3.7G       124M       5.7M        23M       3.2G

MemTotal:        4016004 kB
MemFree:          127368 kB
Active:           314752 kB
Mem:          3.8G       3.7G       124M       5.7M        23M       3.2G

MemTotal:        4016004 kB
MemFree:          126996 kB
Active:           314792 kB
Mem:          3.8G       3.7G       124M       5.7M        23M       3.2G

MemTotal:        4016004 kB
MemFree:          126996 kB
Active:           314764 kB
Mem:          3.8G       3.7G       124M       5.7M        23M       3.2G

MemTotal:        4016004 kB
MemFree:          126996 kB
Active:           314756 kB
Mem:          3.8G       3.7G       123M       5.7M        23M       3.2G

MemTotal:        4016004 kB
MemFree:          126872 kB
Active:           314800 kB
Mem:          3.8G       3.7G       123M       5.7M        23M       3.2G

MemTotal:        4016004 kB
MemFree:          126748 kB
Active:           314776 kB
Mem:          3.8G       3.7G       123M       5.7M        23M       3.2G

MemTotal:        4016004 kB
MemFree:          126748 kB
Active:           314808 kB
Mem:          3.8G       3.7G       123M       5.7M        23M       3.2G

MemTotal:        4016004 kB
MemFree:          126624 kB
Active:           314784 kB
Mem:          3.8G       3.7G       123M       5.7M        23M       3.2G

MemTotal:        4016004 kB
MemFree:          126376 kB
Active:           314792 kB
Mem:          3.8G       3.7G       123M       5.7M        23M       3.2G

MemTotal:        4016004 kB
MemFree:          126376 kB
Active:           314776 kB
Mem:          3.8G       3.7G       123M       5.7M        23M       3.2G

MemTotal:        4016004 kB
MemFree:          126376 kB
Active:           314772 kB
Mem:          3.8G       3.7G       123M       5.7M        23M       3.2G

MemTotal:        4016004 kB
MemFree:          126004 kB
Active:           314828 kB
Mem:          3.8G       3.7G       123M       5.7M        23M       3.2G

MemTotal:        4016004 kB
MemFree:          126128 kB
Active:           314792 kB
Mem:          3.8G       3.7G       123M       5.7M        23M       3.2G

MemTotal:        4016004 kB
MemFree:          126128 kB
Active:           314784 kB
Mem:          3.8G       3.7G       123M       5.7M        23M       3.2G

MemTotal:        4016004 kB
MemFree:          126500 kB
Active:           314776 kB
Mem:          3.8G       3.7G       123M       5.7M        23M       3.2G

MemTotal:        4016004 kB
MemFree:          126252 kB
Active:           314832 kB
Mem:          3.8G       3.7G       123M       5.7M        23M       3.2G

MemTotal:        4016004 kB
MemFree:          126500 kB
Active:           314828 kB
Mem:          3.8G       3.7G       123M       5.7M        23M       3.2G

MemTotal:        4016004 kB
MemFree:          126376 kB
Active:           314828 kB
Mem:          3.8G       3.7G       123M       5.7M        23M       3.2G

MemTotal:        4016004 kB
MemFree:          126624 kB
Active:           314812 kB
Mem:          3.8G       3.7G       123M       5.7M        23M       3.2G

MemTotal:        4016004 kB
MemFree:          126252 kB
Active:           314852 kB
Mem:          3.8G       3.7G       123M       5.7M        23M       3.2G

MemTotal:        4016004 kB
MemFree:          126624 kB
Active:           314800 kB
Mem:          3.8G       3.7G       123M       5.7M        23M       3.2G

MemTotal:        4016004 kB
MemFree:          126624 kB
Active:           314836 kB
Mem:          3.8G       3.7G       123M       5.7M        23M       3.2G

MemTotal:        4016004 kB
MemFree:          126624 kB
Active:           314820 kB
Mem:          3.8G       3.7G       124M       5.7M        23M       3.2G

MemTotal:        4016004 kB
MemFree:          127244 kB
Active:           314804 kB
Mem:          3.8G       3.7G       124M       5.7M        23M       3.2G

MemTotal:        4016004 kB
MemFree:          127120 kB
Active:           314844 kB
Mem:          3.8G       3.7G       124M       5.7M        23M       3.2G

MemTotal:        4016004 kB
MemFree:          126624 kB
Active:           314828 kB
Mem:          3.8G       3.7G       123M       5.7M        23M       3.2G

MemTotal:        4016004 kB
MemFree:          126748 kB
Active:           314836 kB
Mem:          3.8G       3.7G       123M       5.7M        23M       3.2G

MemTotal:        4016004 kB
MemFree:          126748 kB
Active:           314828 kB
Mem:          3.8G       3.7G       123M       5.7M        23M       3.2G

MemTotal:        4016004 kB
MemFree:          126748 kB
Active:           314852 kB
Mem:          3.8G       3.7G       123M       5.7M        23M       3.2G

MemTotal:        4016004 kB
MemFree:          126624 kB
Active:           314856 kB
Mem:          3.8G       3.7G       123M       5.7M        23M       3.2G

MemTotal:        4016004 kB
MemFree:          126624 kB
Active:           314852 kB
Mem:          3.8G       3.7G       123M       5.7M        23M       3.2G

MemTotal:        4016004 kB
MemFree:          126996 kB
Active:           314848 kB
Mem:          3.8G       3.7G       123M       5.7M        23M       3.2G

MemTotal:        4016004 kB
MemFree:          126748 kB
Active:           314868 kB
Mem:          3.8G       3.7G       123M       5.7M        23M       3.2G

MemTotal:        4016004 kB
MemFree:          126500 kB
Active:           314836 kB
Mem:          3.8G       3.7G       123M       5.7M        23M       3.2G

MemTotal:        4016004 kB
MemFree:          126748 kB
Active:           314880 kB
Mem:          3.8G       3.7G       123M       5.7M        23M       3.2G

MemTotal:        4016004 kB
MemFree:          126252 kB
Active:           314920 kB
Mem:          3.8G       3.7G       123M       5.7M        23M       3.2G

MemTotal:        4016004 kB
MemFree:          126128 kB
Active:           314920 kB
Mem:          3.8G       3.7G       123M       5.7M        23M       3.2G

MemTotal:        4016004 kB
MemFree:          126376 kB
Active:           315012 kB
Mem:          3.8G       3.7G       123M       5.7M        23M       3.2G

MemTotal:        4016004 kB
MemFree:          126608 kB
Active:           314904 kB
Mem:          3.8G       3.7G       123M       5.7M        23M       3.2G

MemTotal:        4016004 kB
MemFree:          126236 kB
Active:           314892 kB
Mem:          3.8G       3.7G       123M       5.7M        23M       3.2G

MemTotal:        4016004 kB
MemFree:          126484 kB
Active:           314920 kB
Mem:          3.8G       3.7G       123M       5.7M        23M       3.2G

MemTotal:        4016004 kB
MemFree:          126484 kB
Active:           314936 kB
Mem:          3.8G       3.7G       123M       5.7M        23M       3.2G

MemTotal:        4016004 kB
MemFree:          126484 kB
Active:           314944 kB
Mem:          3.8G       3.7G       123M       5.7M        23M       3.2G

