MemTotal:        4016004 kB
MemFree:         3246056 kB
Active:           412604 kB
Mem:          3.8G       752M       3.1G       5.7M        55M       315M

MemTotal:        4016004 kB
MemFree:         3242776 kB
Active:           415600 kB
Mem:          3.8G       754M       3.1G       5.7M        55M       316M

MemTotal:        4016004 kB
MemFree:         3243040 kB
Active:           415676 kB
Mem:          3.8G       755M       3.1G       5.7M        55M       316M

MemTotal:        4016004 kB
MemFree:         3242528 kB
Active:           415700 kB
Mem:          3.8G       755M       3.1G       5.7M        55M       316M

MemTotal:        4016004 kB
MemFree:         3242652 kB
Active:           415668 kB
Mem:          3.8G       755M       3.1G       5.7M        55M       316M

MemTotal:        4016004 kB
MemFree:         3242512 kB
Active:           415708 kB
Mem:          3.8G       755M       3.1G       5.7M        55M       316M

MemTotal:        4016004 kB
MemFree:         3240588 kB
Active:           415648 kB
Mem:          3.8G       757M       3.1G       5.7M        55M       316M

MemTotal:        4016004 kB
MemFree:         3240200 kB
Active:           417740 kB
Mem:          3.8G       757M       3.1G       5.7M        55M       316M

MemTotal:        4016004 kB
MemFree:         3240432 kB
Active:           417704 kB
Mem:          3.8G       757M       3.1G       5.7M        55M       316M

MemTotal:        4016004 kB
MemFree:         3240416 kB
Active:           417716 kB
Mem:          3.8G       757M       3.1G       5.7M        55M       316M

MemTotal:        4016004 kB
MemFree:         3240524 kB
Active:           417716 kB
Mem:          3.8G       757M       3.1G       5.7M        55M       316M

MemTotal:        4016004 kB
MemFree:         3240508 kB
Active:           417736 kB
Mem:          3.8G       757M       3.1G       5.7M        55M       316M

MemTotal:        4016004 kB
MemFree:         3240508 kB
Active:           417704 kB
Mem:          3.8G       757M       3.1G       5.7M        55M       316M

MemTotal:        4016004 kB
MemFree:         3240244 kB
Active:           417740 kB
Mem:          3.8G       757M       3.1G       5.7M        55M       316M

MemTotal:        4016004 kB
MemFree:         3240616 kB
Active:           417732 kB
Mem:          3.8G       757M       3.1G       5.7M        55M       316M

MemTotal:        4016004 kB
MemFree:         3240600 kB
Active:           417712 kB
Mem:          3.8G       757M       3.1G       5.7M        55M       316M

MemTotal:        4016004 kB
MemFree:         3240848 kB
Active:           417728 kB
Mem:          3.8G       757M       3.1G       5.7M        55M       316M

MemTotal:        4016004 kB
MemFree:         3240492 kB
Active:           417708 kB
Mem:          3.8G       757M       3.1G       5.7M        55M       316M

MemTotal:        4016004 kB
MemFree:         3240384 kB
Active:           417728 kB
Mem:          3.8G       757M       3.1G       5.7M        55M       316M

MemTotal:        4016004 kB
MemFree:         3240508 kB
Active:           417700 kB
Mem:          3.8G       757M       3.1G       5.7M        55M       316M

MemTotal:        4016004 kB
MemFree:         3240400 kB
Active:           417748 kB
Mem:          3.8G       757M       3.1G       5.7M        55M       316M

MemTotal:        4016004 kB
MemFree:         3240648 kB
Active:           417716 kB
Mem:          3.8G       757M       3.1G       5.7M        55M       316M

MemTotal:        4016004 kB
MemFree:         3240648 kB
Active:           417736 kB
Mem:          3.8G       757M       3.1G       5.7M        55M       316M

MemTotal:        4016004 kB
MemFree:         3240648 kB
Active:           417704 kB
Mem:          3.8G       757M       3.1G       5.7M        55M       316M

MemTotal:        4016004 kB
MemFree:         3240896 kB
Active:           417712 kB
Mem:          3.8G       757M       3.1G       5.7M        55M       316M

MemTotal:        4016004 kB
MemFree:         3240896 kB
Active:           417736 kB
Mem:          3.8G       756M       3.1G       5.7M        55M       316M

MemTotal:        4016004 kB
MemFree:         3240708 kB
Active:           415680 kB
Mem:          3.8G       757M       3.1G       5.7M        55M       316M

MemTotal:        4016004 kB
MemFree:         3240708 kB
Active:           417748 kB
Mem:          3.8G       757M       3.1G       5.7M        55M       316M

MemTotal:        4016004 kB
MemFree:         3240832 kB
Active:           417768 kB
Mem:          3.8G       756M       3.1G       5.7M        55M       316M

MemTotal:        4016004 kB
MemFree:         3240956 kB
Active:           417732 kB
Mem:          3.8G       757M       3.1G       5.7M        55M       316M

MemTotal:        4016004 kB
MemFree:         3240584 kB
Active:           417756 kB
Mem:          3.8G       757M       3.1G       5.7M        55M       316M

MemTotal:        4016004 kB
MemFree:         3240584 kB
Active:           417732 kB
Mem:          3.8G       757M       3.1G       5.7M        55M       316M

MemTotal:        4016004 kB
MemFree:         3240696 kB
Active:           417760 kB
Mem:          3.8G       757M       3.1G       5.7M        55M       316M

MemTotal:        4016004 kB
MemFree:         3240324 kB
Active:           417780 kB
Mem:          3.8G       757M       3.1G       5.7M        55M       316M

MemTotal:        4016004 kB
MemFree:         3240324 kB
Active:           417784 kB
Mem:          3.8G       757M       3.1G       5.7M        55M       316M

MemTotal:        4016004 kB
MemFree:         3240448 kB
Active:           417732 kB
Mem:          3.8G       757M       3.1G       5.7M        55M       316M

MemTotal:        4016004 kB
MemFree:         3240448 kB
Active:           417752 kB
Mem:          3.8G       757M       3.1G       5.7M        55M       316M

MemTotal:        4016004 kB
MemFree:         3240200 kB
Active:           417792 kB
Mem:          3.8G       757M       3.1G       5.7M        55M       316M

MemTotal:        4016004 kB
MemFree:         3240448 kB
Active:           417764 kB
Mem:          3.8G       757M       3.1G       5.7M        55M       316M

MemTotal:        4016004 kB
MemFree:         3240432 kB
Active:           417776 kB
Mem:          3.8G       757M       3.1G       5.7M        55M       316M

MemTotal:        4016004 kB
MemFree:         3239796 kB
Active:           417796 kB
Mem:          3.8G       757M       3.1G       5.7M        55M       316M

MemTotal:        4016004 kB
MemFree:         3239780 kB
Active:           417800 kB
Mem:          3.8G       757M       3.1G       5.7M        55M       316M

MemTotal:        4016004 kB
MemFree:         3239888 kB
Active:           417752 kB
Mem:          3.8G       757M       3.1G       5.7M        55M       316M

MemTotal:        4016004 kB
MemFree:         3240012 kB
Active:           417760 kB
Mem:          3.8G       757M       3.1G       5.7M        55M       316M

MemTotal:        4016004 kB
MemFree:         3240012 kB
Active:           417748 kB
Mem:          3.8G       758M       3.1G       5.7M        55M       316M

MemTotal:        4016004 kB
MemFree:         3240136 kB
Active:           417772 kB
Mem:          3.8G       757M       3.1G       5.7M        55M       316M

MemTotal:        4016004 kB
MemFree:         3240072 kB
Active:           415740 kB
Mem:          3.8G       757M       3.1G       5.7M        55M       316M

MemTotal:        4016004 kB
MemFree:         3240180 kB
Active:           417804 kB
Mem:          3.8G       757M       3.1G       5.7M        55M       316M

MemTotal:        4016004 kB
MemFree:         3240676 kB
Active:           417792 kB
Mem:          3.8G       757M       3.1G       5.7M        55M       316M

MemTotal:        4016004 kB
MemFree:         3240924 kB
Active:           417760 kB
Mem:          3.8G       756M       3.1G       5.7M        55M       316M

MemTotal:        4016004 kB
MemFree:         3240552 kB
Active:           417776 kB
Mem:          3.8G       757M       3.1G       5.7M        55M       316M

MemTotal:        4016004 kB
MemFree:         3240164 kB
Active:           417820 kB
Mem:          3.8G       757M       3.1G       5.7M        55M       316M

MemTotal:        4016004 kB
MemFree:         3240288 kB
Active:           417788 kB
Mem:          3.8G       757M       3.1G       5.7M        55M       316M

MemTotal:        4016004 kB
MemFree:         3240520 kB
Active:           417796 kB
Mem:          3.8G       757M       3.1G       5.7M        55M       316M

MemTotal:        4016004 kB
MemFree:         3240412 kB
Active:           417804 kB
Mem:          3.8G       757M       3.1G       5.7M        55M       316M

MemTotal:        4016004 kB
MemFree:         3239792 kB
Active:           417836 kB
Mem:          3.8G       757M       3.1G       5.7M        55M       316M

MemTotal:        4016004 kB
MemFree:         3240224 kB
Active:           415764 kB
Mem:          3.8G       757M       3.1G       5.7M        55M       316M

MemTotal:        4016004 kB
MemFree:         3239852 kB
Active:           417852 kB
Mem:          3.8G       757M       3.1G       5.7M        55M       316M

MemTotal:        4016004 kB
MemFree:         3240100 kB
Active:           417824 kB
Mem:          3.8G       757M       3.1G       5.7M        55M       316M

MemTotal:        4016004 kB
MemFree:         3240224 kB
Active:           417828 kB
Mem:          3.8G       757M       3.1G       5.7M        55M       316M

MemTotal:        4016004 kB
MemFree:         3240224 kB
Active:           417844 kB
Mem:          3.8G       757M       3.1G       5.7M        55M       316M

MemTotal:        4016004 kB
MemFree:         3126476 kB
Active:           418304 kB
Mem:          3.8G       869M       3.0G       5.7M        55M       425M

MemTotal:        4016004 kB
MemFree:         3014000 kB
Active:           418304 kB
Mem:          3.8G       979M       2.9G       5.7M        55M       534M

MemTotal:        4016004 kB
MemFree:         2894440 kB
Active:           418264 kB
Mem:          3.8G       1.1G       2.8G       5.7M        55M       649M

MemTotal:        4016004 kB
MemFree:         2883092 kB
Active:           418320 kB
Mem:          3.8G       1.1G       2.7G       5.7M        55M       659M

MemTotal:        4016004 kB
MemFree:         2829188 kB
Active:           418284 kB
Mem:          3.8G       1.1G       2.7G       5.7M        55M       711M

MemTotal:        4016004 kB
MemFree:         2782984 kB
Active:           418268 kB
Mem:          3.8G       1.2G       2.7G       5.7M        55M       755M

MemTotal:        4016004 kB
MemFree:         2744112 kB
Active:           418268 kB
Mem:          3.8G       1.2G       2.6G       5.7M        55M       793M

MemTotal:        4016004 kB
MemFree:         2686324 kB
Active:           418292 kB
Mem:          3.8G       1.3G       2.6G       5.7M        55M       849M

MemTotal:        4016004 kB
MemFree:         2684192 kB
Active:           418360 kB
Mem:          3.8G       1.3G       2.6G       5.7M        55M       850M

MemTotal:        4016004 kB
MemFree:         2682828 kB
Active:           418372 kB
Mem:          3.8G       1.3G       2.6G       5.7M        55M       851M

MemTotal:        4016004 kB
MemFree:         2682084 kB
Active:           418364 kB
Mem:          3.8G       1.3G       2.6G       5.7M        55M       852M

MemTotal:        4016004 kB
MemFree:         2680508 kB
Active:           418348 kB
Mem:          3.8G       1.3G       2.6G       5.7M        55M       854M

MemTotal:        4016004 kB
MemFree:         2579956 kB
Active:           418368 kB
Mem:          3.8G       1.4G       2.5G       5.7M        55M       951M

MemTotal:        4016004 kB
MemFree:         2444584 kB
Active:           418376 kB
Mem:          3.8G       1.5G       2.3G       5.7M        55M       1.1G

MemTotal:        4016004 kB
MemFree:         2326636 kB
Active:           418352 kB
Mem:          3.8G       1.6G       2.2G       5.7M        55M       1.2G

MemTotal:        4016004 kB
MemFree:         2326352 kB
Active:           418360 kB
Mem:          3.8G       1.6G       2.2G       5.7M        55M       1.2G

MemTotal:        4016004 kB
MemFree:         2235612 kB
Active:           418328 kB
Mem:          3.8G       1.7G       2.1G       5.7M        55M       1.3G

MemTotal:        4016004 kB
MemFree:         2230076 kB
Active:           418332 kB
Mem:          3.8G       1.7G       2.1G       5.7M        55M       1.3G

MemTotal:        4016004 kB
MemFree:         2170292 kB
Active:           418392 kB
Mem:          3.8G       1.8G       2.1G       5.7M        55M       1.3G

MemTotal:        4016004 kB
MemFree:         2129916 kB
Active:           418380 kB
Mem:          3.8G       1.8G       2.0G       5.7M        55M       1.4G

MemTotal:        4016004 kB
MemFree:         2088220 kB
Active:           418408 kB
Mem:          3.8G       1.8G       2.0G       5.7M        55M       1.4G

MemTotal:        4016004 kB
MemFree:         2030016 kB
Active:           418372 kB
Mem:          3.8G       1.9G       1.9G       5.7M        55M       1.4G

MemTotal:        4016004 kB
MemFree:         2028628 kB
Active:           418432 kB
Mem:          3.8G       1.9G       1.9G       5.7M        55M       1.4G

MemTotal:        4016004 kB
MemFree:         2026784 kB
Active:           418428 kB
Mem:          3.8G       1.9G       1.9G       5.7M        55M       1.4G

MemTotal:        4016004 kB
MemFree:         2025764 kB
Active:           418392 kB
Mem:          3.8G       1.9G       1.9G       5.7M        55M       1.4G

MemTotal:        4016004 kB
MemFree:         2020996 kB
Active:           418400 kB
Mem:          3.8G       1.9G       1.9G       5.7M        55M       1.5G

MemTotal:        4016004 kB
MemFree:         1888200 kB
Active:           420468 kB
Mem:          3.8G       2.0G       1.8G       5.7M        55M       1.6G

MemTotal:        4016004 kB
MemFree:         1759324 kB
Active:           420444 kB
Mem:          3.8G       2.2G       1.7G       5.7M        55M       1.7G

MemTotal:        4016004 kB
MemFree:         1675000 kB
Active:           420472 kB
Mem:          3.8G       2.2G       1.6G       5.7M        55M       1.8G

MemTotal:        4016004 kB
MemFree:         1597252 kB
Active:           420488 kB
Mem:          3.8G       2.3G       1.5G       5.7M        55M       1.8G

MemTotal:        4016004 kB
MemFree:         1580432 kB
Active:           420488 kB
Mem:          3.8G       2.3G       1.5G       5.7M        55M       1.9G

MemTotal:        4016004 kB
MemFree:         1540136 kB
Active:           420448 kB
Mem:          3.8G       2.4G       1.5G       5.7M        55M       1.9G

MemTotal:        4016004 kB
MemFree:         1492000 kB
Active:           420484 kB
Mem:          3.8G       2.4G       1.4G       5.7M        55M       1.9G

MemTotal:        4016004 kB
MemFree:         1469108 kB
Active:           420452 kB
Mem:          3.8G       2.4G       1.4G       5.7M        55M       2.0G

MemTotal:        4016004 kB
MemFree:         1401392 kB
Active:           420480 kB
Mem:          3.8G       2.5G       1.3G       5.7M        55M       2.0G

MemTotal:        4016004 kB
MemFree:         1400236 kB
Active:           420528 kB
Mem:          3.8G       2.5G       1.3G       5.7M        55M       2.0G

MemTotal:        4016004 kB
MemFree:         1398224 kB
Active:           420472 kB
Mem:          3.8G       2.5G       1.3G       5.7M        55M       2.0G

MemTotal:        4016004 kB
MemFree:         1397248 kB
Active:           420480 kB
Mem:          3.8G       2.5G       1.3G       5.7M        55M       2.0G

MemTotal:        4016004 kB
MemFree:         1396560 kB
Active:           420516 kB
Mem:          3.8G       2.5G       1.3G       5.7M        55M       2.0G

MemTotal:        4016004 kB
MemFree:         1271452 kB
Active:           420516 kB
Mem:          3.8G       2.6G       1.2G       5.7M        55M       2.2G

MemTotal:        4016004 kB
MemFree:         1143072 kB
Active:           420540 kB
Mem:          3.8G       2.7G       1.1G       5.7M        55M       2.3G

MemTotal:        4016004 kB
MemFree:         1046764 kB
Active:           420540 kB
Mem:          3.8G       2.8G       1.0G       5.7M        55M       2.4G

MemTotal:        4016004 kB
MemFree:         1027984 kB
Active:           420496 kB
Mem:          3.8G       2.9G       1.0G       5.7M        55M       2.4G

MemTotal:        4016004 kB
MemFree:          965360 kB
Active:           420512 kB
Mem:          3.8G       2.9G       942M       5.7M        55M       2.4G

MemTotal:        4016004 kB
MemFree:          956600 kB
Active:           420556 kB
Mem:          3.8G       2.9G       933M       5.7M        55M       2.5G

MemTotal:        4016004 kB
MemFree:          847984 kB
Active:           420532 kB
Mem:          3.8G       3.0G       827M       5.7M        55M       2.6G

MemTotal:        4016004 kB
MemFree:          727664 kB
Active:           420532 kB
Mem:          3.8G       3.1G       710M       5.7M        55M       2.7G

MemTotal:        4016004 kB
MemFree:          593068 kB
Active:           420560 kB
Mem:          3.8G       3.3G       578M       5.7M        55M       2.8G

MemTotal:        4016004 kB
MemFree:          528940 kB
Active:           420560 kB
Mem:          3.8G       3.3G       516M       5.7M        55M       2.9G

MemTotal:        4016004 kB
MemFree:          525800 kB
Active:           420540 kB
Mem:          3.8G       3.3G       513M       5.7M        55M       2.9G

MemTotal:        4016004 kB
MemFree:          522392 kB
Active:           420488 kB
Mem:          3.8G       3.3G       509M       5.7M        55M       2.9G

MemTotal:        4016004 kB
MemFree:          498464 kB
Active:           420564 kB
Mem:          3.8G       3.4G       486M       5.7M        55M       2.9G

MemTotal:        4016004 kB
MemFree:          497456 kB
Active:           420620 kB
Mem:          3.8G       3.4G       485M       5.7M        55M       2.9G

MemTotal:        4016004 kB
MemFree:          496884 kB
Active:           418528 kB
Mem:          3.8G       3.4G       485M       5.7M        55M       2.9G

MemTotal:        4016004 kB
MemFree:          497684 kB
Active:           418568 kB
Mem:          3.8G       3.4G       485M       5.7M        55M       2.9G

MemTotal:        4016004 kB
MemFree:          432488 kB
Active:           420624 kB
Mem:          3.8G       3.4G       421M       5.7M        55M       2.9G

MemTotal:        4016004 kB
MemFree:          313532 kB
Active:           420632 kB
Mem:          3.8G       3.5G       305M       5.7M        55M       3.1G

MemTotal:        4016004 kB
MemFree:          199800 kB
Active:           420648 kB
Mem:          3.8G       3.6G       194M       5.7M        55M       3.2G

MemTotal:        4016004 kB
MemFree:          132132 kB
Active:           422580 kB
Mem:          3.8G       3.7G       154M       5.7M        20M       3.2G

MemTotal:        4016004 kB
MemFree:          157972 kB
Active:           478672 kB
Mem:          3.8G       3.7G       149M       5.7M        20M       3.2G

MemTotal:        4016004 kB
MemFree:          132476 kB
Active:           477392 kB
Mem:          3.8G       3.7G       129M       5.7M        20M       3.3G

MemTotal:        4016004 kB
MemFree:          132000 kB
Active:           477232 kB
Mem:          3.8G       3.7G       128M       5.7M        20M       3.3G

MemTotal:        4016004 kB
MemFree:          130764 kB
Active:           477244 kB
Mem:          3.8G       3.7G       127M       5.7M        20M       3.3G

MemTotal:        4016004 kB
MemFree:          130560 kB
Active:           477260 kB
Mem:          3.8G       3.7G       127M       5.7M        20M       3.3G

MemTotal:        4016004 kB
MemFree:          129264 kB
Active:           477284 kB
Mem:          3.8G       3.7G       126M       5.7M        20M       3.3G

MemTotal:        4016004 kB
MemFree:          120364 kB
Active:           471892 kB
Mem:          3.8G       3.7G       117M       5.7M        20M       3.3G

MemTotal:        4016004 kB
MemFree:          131220 kB
Active:           455320 kB
Mem:          3.8G       3.7G       127M       5.7M        20M       3.3G

MemTotal:        4016004 kB
MemFree:          126668 kB
Active:           439224 kB
Mem:          3.8G       3.7G       123M       5.7M        20M       3.3G

MemTotal:        4016004 kB
MemFree:          132448 kB
Active:           433464 kB
Mem:          3.8G       3.7G       129M       5.7M        20M       3.3G

MemTotal:        4016004 kB
MemFree:          131640 kB
Active:           433296 kB
Mem:          3.8G       3.7G       128M       5.7M        20M       3.3G

MemTotal:        4016004 kB
MemFree:          135164 kB
Active:           425196 kB
Mem:          3.8G       3.7G       132M       5.7M        20M       3.3G

MemTotal:        4016004 kB
MemFree:          137240 kB
Active:           422356 kB
Mem:          3.8G       3.7G       134M       5.7M        20M       3.3G

MemTotal:        4016004 kB
MemFree:          128512 kB
Active:           421040 kB
Mem:          3.8G       3.7G       125M       5.7M        20M       3.3G

MemTotal:        4016004 kB
MemFree:          127444 kB
Active:           421048 kB
Mem:          3.8G       3.7G       124M       5.7M        20M       3.3G

MemTotal:        4016004 kB
MemFree:          126348 kB
Active:           421080 kB
Mem:          3.8G       3.7G       123M       5.7M        20M       3.3G

MemTotal:        4016004 kB
MemFree:          125992 kB
Active:           421092 kB
Mem:          3.8G       3.7G       123M       5.7M        20M       3.3G

MemTotal:        4016004 kB
MemFree:          126244 kB
Active:           421084 kB
Mem:          3.8G       3.7G       123M       5.7M        20M       3.3G

MemTotal:        4016004 kB
MemFree:          132824 kB
Active:           419560 kB
Mem:          3.8G       3.7G       129M       5.7M        20M       3.3G

MemTotal:        4016004 kB
MemFree:          127376 kB
Active:           415600 kB
Mem:          3.8G       3.7G       124M       5.7M        20M       3.3G

MemTotal:        4016004 kB
MemFree:          133600 kB
Active:           409148 kB
Mem:          3.8G       3.7G       130M       5.7M        20M       3.3G

MemTotal:        4016004 kB
MemFree:          132856 kB
Active:           402664 kB
Mem:          3.8G       3.7G       129M       5.7M        20M       3.3G

MemTotal:        4016004 kB
MemFree:          128708 kB
Active:           404668 kB
Mem:          3.8G       3.7G       125M       5.7M        20M       3.3G

MemTotal:        4016004 kB
MemFree:          104768 kB
Active:           400872 kB
Mem:          3.8G       3.7G       111M       5.7M        20M       3.3G

MemTotal:        4016004 kB
MemFree:          128152 kB
Active:           400184 kB
Mem:          3.8G       3.7G       125M       5.7M        20M       3.3G

MemTotal:        4016004 kB
MemFree:          140828 kB
Active:           398572 kB
Mem:          3.8G       3.7G       137M       5.7M        20M       3.2G

MemTotal:        4016004 kB
MemFree:          140028 kB
Active:           398456 kB
Mem:          3.8G       3.7G       136M       5.7M        20M       3.2G

MemTotal:        4016004 kB
MemFree:          138172 kB
Active:           398428 kB
Mem:          3.8G       3.7G       134M       5.7M        20M       3.3G

MemTotal:        4016004 kB
MemFree:          137416 kB
Active:           398440 kB
Mem:          3.8G       3.7G       133M       5.7M        20M       3.3G

MemTotal:        4016004 kB
MemFree:          136832 kB
Active:           398420 kB
Mem:          3.8G       3.7G       133M       5.7M        20M       3.3G

MemTotal:        4016004 kB
MemFree:          122148 kB
Active:           395272 kB
Mem:          3.8G       3.7G       119M       5.7M        20M       3.3G

MemTotal:        4016004 kB
MemFree:          123108 kB
Active:           391560 kB
Mem:          3.8G       3.7G       119M       5.7M        20M       3.3G

MemTotal:        4016004 kB
MemFree:          136452 kB
Active:           384620 kB
Mem:          3.8G       3.7G       133M       5.7M        20M       3.3G

MemTotal:        4016004 kB
MemFree:          149756 kB
Active:           380408 kB
Mem:          3.8G       3.7G       146M       5.7M        20M       3.2G

MemTotal:        4016004 kB
MemFree:          142236 kB
Active:           376440 kB
Mem:          3.8G       3.7G       138M       5.7M        20M       3.2G

MemTotal:        4016004 kB
MemFree:          149840 kB
Active:           371960 kB
Mem:          3.8G       3.7G       146M       5.7M        20M       3.2G

MemTotal:        4016004 kB
MemFree:          149520 kB
Active:           371976 kB
Mem:          3.8G       3.7G       145M       5.7M        20M       3.2G

MemTotal:        4016004 kB
MemFree:          147552 kB
Active:           371988 kB
Mem:          3.8G       3.7G       143M       5.7M        20M       3.2G

MemTotal:        4016004 kB
MemFree:          147280 kB
Active:           371956 kB
Mem:          3.8G       3.7G       143M       5.7M        20M       3.2G

MemTotal:        4016004 kB
MemFree:          147332 kB
Active:           371968 kB
Mem:          3.8G       3.7G       143M       5.7M        20M       3.2G

MemTotal:        4016004 kB
MemFree:          147088 kB
Active:           371992 kB
Mem:          3.8G       3.7G       143M       5.7M        20M       3.2G

MemTotal:        4016004 kB
MemFree:          145932 kB
Active:           371952 kB
Mem:          3.8G       3.7G       142M       5.7M        20M       3.2G

MemTotal:        4016004 kB
MemFree:          144768 kB
Active:           371996 kB
Mem:          3.8G       3.7G       141M       5.7M        20M       3.2G

MemTotal:        4016004 kB
MemFree:          143748 kB
Active:           371952 kB
Mem:          3.8G       3.7G       140M       5.7M        20M       3.2G

MemTotal:        4016004 kB
MemFree:          142324 kB
Active:           372000 kB
Mem:          3.8G       3.7G       139M       5.7M        20M       3.2G

MemTotal:        4016004 kB
MemFree:          125980 kB
Active:           370480 kB
Mem:          3.8G       3.7G       122M       5.7M        20M       3.3G

MemTotal:        4016004 kB
MemFree:          153468 kB
Active:           364956 kB
Mem:          3.8G       3.7G       149M       5.7M        20M       3.2G

MemTotal:        4016004 kB
MemFree:          146708 kB
Active:           364208 kB
Mem:          3.8G       3.7G       143M       5.7M        20M       3.2G

MemTotal:        4016004 kB
MemFree:          124780 kB
Active:           364216 kB
Mem:          3.8G       3.7G       121M       5.7M        20M       3.3G

MemTotal:        4016004 kB
MemFree:          137892 kB
Active:           364220 kB
Mem:          3.8G       3.7G       134M       5.7M        20M       3.3G

MemTotal:        4016004 kB
MemFree:          126448 kB
Active:           364204 kB
Mem:          3.8G       3.7G       123M       5.7M        20M       3.3G

MemTotal:        4016004 kB
MemFree:          138404 kB
Active:           362228 kB
Mem:          3.8G       3.7G       135M       5.7M        20M       3.2G

MemTotal:        4016004 kB
MemFree:          150560 kB
Active:           364276 kB
Mem:          3.8G       3.7G       147M       5.7M        20M       3.2G

MemTotal:        4016004 kB
MemFree:          151072 kB
Active:           364092 kB
Mem:          3.8G       3.7G       147M       5.7M        20M       3.2G

MemTotal:        4016004 kB
MemFree:          150920 kB
Active:           364152 kB
Mem:          3.8G       3.7G       147M       5.7M        20M       3.2G

MemTotal:        4016004 kB
MemFree:          149260 kB
Active:           364156 kB
Mem:          3.8G       3.7G       145M       5.7M        20M       3.2G

MemTotal:        4016004 kB
MemFree:          148860 kB
Active:           364124 kB
Mem:          3.8G       3.7G       145M       5.7M        20M       3.2G

MemTotal:        4016004 kB
MemFree:          122700 kB
Active:           364132 kB
Mem:          3.8G       3.7G       119M       5.7M        20M       3.3G

MemTotal:        4016004 kB
MemFree:          143984 kB
Active:           364164 kB
Mem:          3.8G       3.7G       140M       5.7M        20M       3.2G

MemTotal:        4016004 kB
MemFree:          133596 kB
Active:           361200 kB
Mem:          3.8G       3.7G       129M       5.7M        20M       3.3G

MemTotal:        4016004 kB
MemFree:          128120 kB
Active:           360916 kB
Mem:          3.8G       3.7G       125M       5.7M        20M       3.3G

MemTotal:        4016004 kB
MemFree:          126652 kB
Active:           360916 kB
Mem:          3.8G       3.7G       122M       5.7M        20M       3.3G

MemTotal:        4016004 kB
MemFree:          142080 kB
Active:           360908 kB
Mem:          3.8G       3.7G       138M       5.7M        20M       3.2G

MemTotal:        4016004 kB
MemFree:          132760 kB
Active:           360916 kB
Mem:          3.8G       3.7G       129M       5.7M        20M       3.3G

MemTotal:        4016004 kB
MemFree:          129096 kB
Active:           360932 kB
Mem:          3.8G       3.7G       125M       5.7M        20M       3.3G

MemTotal:        4016004 kB
MemFree:          143048 kB
Active:           360936 kB
Mem:          3.8G       3.7G       139M       5.7M        20M       3.2G

MemTotal:        4016004 kB
MemFree:          142032 kB
Active:           360936 kB
Mem:          3.8G       3.7G       138M       5.7M        20M       3.2G

MemTotal:        4016004 kB
MemFree:          140020 kB
Active:           360940 kB
Mem:          3.8G       3.7G       136M       5.7M        20M       3.2G

MemTotal:        4016004 kB
MemFree:          139344 kB
Active:           360892 kB
Mem:          3.8G       3.7G       136M       5.7M        20M       3.2G

MemTotal:        4016004 kB
MemFree:          128872 kB
Active:           360920 kB
Mem:          3.8G       3.7G       125M       5.7M        20M       3.3G

MemTotal:        4016004 kB
MemFree:          125604 kB
Active:           360948 kB
Mem:          3.8G       3.7G       123M       5.7M        20M       3.3G

MemTotal:        4016004 kB
MemFree:          135920 kB
Active:           359836 kB
Mem:          3.8G       3.7G       132M       5.7M        20M       3.3G

MemTotal:        4016004 kB
MemFree:          108544 kB
Active:           361020 kB
Mem:          3.8G       3.7G       116M       5.7M        20M       3.3G

MemTotal:        4016004 kB
MemFree:          113580 kB
Active:           360768 kB
Mem:          3.8G       3.7G       110M       5.7M        20M       3.3G

MemTotal:        4016004 kB
MemFree:          135980 kB
Active:           360820 kB
Mem:          3.8G       3.7G       132M       5.7M        20M       3.3G

MemTotal:        4016004 kB
MemFree:          144732 kB
Active:           360820 kB
Mem:          3.8G       3.7G       141M       5.7M        20M       3.2G

MemTotal:        4016004 kB
MemFree:          108984 kB
Active:           360792 kB
Mem:          3.8G       3.7G       106M       5.7M        20M       3.3G

MemTotal:        4016004 kB
MemFree:          107644 kB
Active:           360812 kB
Mem:          3.8G       3.7G       105M       5.7M        20M       3.3G

MemTotal:        4016004 kB
MemFree:          106060 kB
Active:           360860 kB
Mem:          3.8G       3.7G       103M       5.7M        20M       3.3G

MemTotal:        4016004 kB
MemFree:          106216 kB
Active:           360860 kB
Mem:          3.8G       3.7G       103M       5.7M        20M       3.3G

MemTotal:        4016004 kB
MemFree:          106408 kB
Active:           360808 kB
Mem:          3.8G       3.7G       104M       5.7M        20M       3.3G

MemTotal:        4016004 kB
MemFree:          119660 kB
Active:           358264 kB
Mem:          3.8G       3.7G       116M       5.7M        20M       3.3G

MemTotal:        4016004 kB
MemFree:          111304 kB
Active:           359644 kB
Mem:          3.8G       3.7G       108M       5.7M        20M       3.3G

MemTotal:        4016004 kB
MemFree:          149604 kB
Active:           359596 kB
Mem:          3.8G       3.7G       146M       5.7M        20M       3.2G

MemTotal:        4016004 kB
MemFree:          122824 kB
Active:           359644 kB
Mem:          3.8G       3.7G       120M       5.7M        20M       3.3G

MemTotal:        4016004 kB
MemFree:          143024 kB
Active:           357276 kB
Mem:          3.8G       3.7G       139M       5.7M        20M       3.2G

MemTotal:        4016004 kB
MemFree:          125516 kB
Active:           357132 kB
Mem:          3.8G       3.7G       122M       5.7M        20M       3.3G

MemTotal:        4016004 kB
MemFree:          127584 kB
Active:           357088 kB
Mem:          3.8G       3.7G       123M       5.7M        20M       3.3G

MemTotal:        4016004 kB
MemFree:          124960 kB
Active:           357012 kB
Mem:          3.8G       3.7G       122M       5.7M        20M       3.3G

MemTotal:        4016004 kB
MemFree:          123900 kB
Active:           357024 kB
Mem:          3.8G       3.7G       120M       5.7M        20M       3.3G

MemTotal:        4016004 kB
MemFree:          122632 kB
Active:           356980 kB
Mem:          3.8G       3.7G       119M       5.7M        20M       3.3G

MemTotal:        4016004 kB
MemFree:          121240 kB
Active:           357028 kB
Mem:          3.8G       3.7G       118M       5.7M        20M       3.3G

MemTotal:        4016004 kB
MemFree:          119124 kB
Active:           356980 kB
Mem:          3.8G       3.7G       116M       5.7M        20M       3.3G

MemTotal:        4016004 kB
MemFree:          132220 kB
Active:           357032 kB
Mem:          3.8G       3.7G       128M       5.7M        20M       3.3G

MemTotal:        4016004 kB
MemFree:          128948 kB
Active:           356228 kB
Mem:          3.8G       3.7G       125M       5.7M        20M       3.3G

MemTotal:        4016004 kB
MemFree:          144400 kB
Active:           356236 kB
Mem:          3.8G       3.7G       141M       5.7M        20M       3.2G

MemTotal:        4016004 kB
MemFree:          105228 kB
Active:           356236 kB
Mem:          3.8G       3.7G       102M       5.7M        20M       3.3G

MemTotal:        4016004 kB
MemFree:          121344 kB
Active:           356236 kB
Mem:          3.8G       3.7G       118M       5.7M        20M       3.3G

MemTotal:        4016004 kB
MemFree:          146168 kB
Active:           356248 kB
Mem:          3.8G       3.7G       142M       5.7M        20M       3.2G

MemTotal:        4016004 kB
MemFree:          111860 kB
Active:           356228 kB
Mem:          3.8G       3.7G       109M       5.7M        20M       3.3G

MemTotal:        4016004 kB
MemFree:          111876 kB
Active:           356256 kB
Mem:          3.8G       3.7G       109M       5.7M        20M       3.3G

MemTotal:        4016004 kB
MemFree:          111940 kB
Active:           356228 kB
Mem:          3.8G       3.7G       109M       5.7M        20M       3.3G

MemTotal:        4016004 kB
MemFree:          109832 kB
Active:           356236 kB
Mem:          3.8G       3.7G       107M       5.7M        20M       3.3G

MemTotal:        4016004 kB
MemFree:          108008 kB
Active:           356228 kB
Mem:          3.8G       3.7G       105M       5.7M        20M       3.3G

MemTotal:        4016004 kB
MemFree:          142260 kB
Active:           353992 kB
Mem:          3.8G       3.7G       138M       5.7M        20M       3.2G

MemTotal:        4016004 kB
MemFree:          108644 kB
Active:           353992 kB
Mem:          3.8G       3.7G       105M       5.7M        20M       3.3G

MemTotal:        4016004 kB
MemFree:          128752 kB
Active:           354000 kB
Mem:          3.8G       3.7G       125M       5.7M        20M       3.3G

MemTotal:        4016004 kB
MemFree:          115208 kB
Active:           354000 kB
Mem:          3.8G       3.7G       112M       5.7M        20M       3.3G

MemTotal:        4016004 kB
MemFree:          115088 kB
Active:           350800 kB
Mem:          3.8G       3.7G       111M       5.7M        20M       3.3G

MemTotal:        4016004 kB
MemFree:          132688 kB
Active:           350788 kB
Mem:          3.8G       3.7G       129M       5.7M        20M       3.3G

MemTotal:        4016004 kB
MemFree:          142412 kB
Active:           350808 kB
Mem:          3.8G       3.7G       138M       5.7M        20M       3.2G

MemTotal:        4016004 kB
MemFree:          128824 kB
Active:           350848 kB
Mem:          3.8G       3.7G       125M       5.7M        20M       3.3G

MemTotal:        4016004 kB
MemFree:          107332 kB
Active:           350820 kB
Mem:          3.8G       3.7G       104M       5.7M        20M       3.3G

MemTotal:        4016004 kB
MemFree:          105028 kB
Active:           350784 kB
Mem:          3.8G       3.7G       102M       5.7M        20M       3.3G

MemTotal:        4016004 kB
MemFree:          127348 kB
Active:           350832 kB
Mem:          3.8G       3.7G       124M       5.7M        20M       3.3G

MemTotal:        4016004 kB
MemFree:          126500 kB
Active:           350832 kB
Mem:          3.8G       3.7G       123M       5.7M        20M       3.3G

MemTotal:        4016004 kB
MemFree:          122652 kB
Active:           350812 kB
Mem:          3.8G       3.7G       119M       5.7M        20M       3.3G

MemTotal:        4016004 kB
MemFree:          127816 kB
Active:           350840 kB
Mem:          3.8G       3.7G       123M       5.7M        20M       3.3G

MemTotal:        4016004 kB
MemFree:          139540 kB
Active:           347516 kB
Mem:          3.8G       3.7G       135M       5.7M        20M       3.2G

MemTotal:        4016004 kB
MemFree:          128952 kB
Active:           347516 kB
Mem:          3.8G       3.7G       125M       5.7M        20M       3.3G

MemTotal:        4016004 kB
MemFree:          136036 kB
Active:           347464 kB
Mem:          3.8G       3.7G       133M       5.7M        20M       3.2G

MemTotal:        4016004 kB
MemFree:          126504 kB
Active:           347488 kB
Mem:          3.8G       3.7G       122M       5.7M        20M       3.3G

MemTotal:        4016004 kB
MemFree:          128324 kB
Active:           347536 kB
Mem:          3.8G       3.7G       125M       5.7M        20M       3.3G

MemTotal:        4016004 kB
MemFree:          146112 kB
Active:           347536 kB
Mem:          3.8G       3.7G       142M       5.7M        20M       3.2G

MemTotal:        4016004 kB
MemFree:          143660 kB
Active:           347524 kB
Mem:          3.8G       3.7G       140M       5.7M        20M       3.2G

MemTotal:        4016004 kB
MemFree:          142016 kB
Active:           347552 kB
Mem:          3.8G       3.7G       138M       5.7M        20M       3.2G

MemTotal:        4016004 kB
MemFree:          141244 kB
Active:           347548 kB
Mem:          3.8G       3.7G       138M       5.7M        20M       3.2G

MemTotal:        4016004 kB
MemFree:          140304 kB
Active:           347520 kB
Mem:          3.8G       3.7G       137M       5.7M        20M       3.2G

MemTotal:        4016004 kB
MemFree:          143028 kB
Active:           347536 kB
Mem:          3.8G       3.7G       139M       5.7M        20M       3.2G

MemTotal:        4016004 kB
MemFree:          144992 kB
Active:           346088 kB
Mem:          3.8G       3.7G       140M       5.7M        20M       3.2G

MemTotal:        4016004 kB
MemFree:          133708 kB
Active:           346012 kB
Mem:          3.8G       3.7G       139M       5.7M        20M       3.2G

MemTotal:        4016004 kB
MemFree:          132224 kB
Active:           347652 kB
Mem:          3.8G       3.7G       128M       5.7M        20M       3.2G

MemTotal:        4016004 kB
MemFree:          147364 kB
Active:           347668 kB
Mem:          3.8G       3.7G       143M       5.7M        20M       3.2G

MemTotal:        4016004 kB
MemFree:          139764 kB
Active:           347676 kB
Mem:          3.8G       3.7G       136M       5.7M        20M       3.2G

MemTotal:        4016004 kB
MemFree:          136348 kB
Active:           347688 kB
Mem:          3.8G       3.7G       133M       5.7M        20M       3.2G

MemTotal:        4016004 kB
MemFree:          140572 kB
Active:           345804 kB
Mem:          3.8G       3.7G       137M       5.7M        20M       3.2G

MemTotal:        4016004 kB
MemFree:          113920 kB
Active:           345652 kB
Mem:          3.8G       3.7G       111M       5.7M        20M       3.3G

MemTotal:        4016004 kB
MemFree:          111056 kB
Active:           345636 kB
Mem:          3.8G       3.7G       108M       5.7M        20M       3.3G

MemTotal:        4016004 kB
MemFree:          110312 kB
Active:           345664 kB
Mem:          3.8G       3.7G       107M       5.7M        20M       3.3G

MemTotal:        4016004 kB
MemFree:          110940 kB
Active:           345632 kB
Mem:          3.8G       3.7G       108M       5.7M        20M       3.3G

MemTotal:        4016004 kB
MemFree:          108964 kB
Active:           345648 kB
Mem:          3.8G       3.7G       106M       5.7M        20M       3.3G

MemTotal:        4016004 kB
MemFree:          133768 kB
Active:           345880 kB
Mem:          3.8G       3.7G       129M       5.7M        20M       3.2G

MemTotal:        4016004 kB
MemFree:          125712 kB
Active:           345728 kB
Mem:          3.8G       3.7G       122M       5.7M        20M       3.3G

MemTotal:        4016004 kB
MemFree:          126728 kB
Active:           345724 kB
Mem:          3.8G       3.7G       133M       5.7M        20M       3.2G

MemTotal:        4016004 kB
MemFree:          128816 kB
Active:           345780 kB
Mem:          3.8G       3.7G       125M       5.7M        20M       3.2G

MemTotal:        4016004 kB
MemFree:          134684 kB
Active:           343232 kB
Mem:          3.8G       3.7G       130M       5.7M        20M       3.2G

MemTotal:        4016004 kB
MemFree:          150240 kB
Active:           343236 kB
Mem:          3.8G       3.7G       147M       5.7M        20M       3.2G

MemTotal:        4016004 kB
MemFree:          145904 kB
Active:           343260 kB
Mem:          3.8G       3.7G       141M       5.7M        20M       3.2G

MemTotal:        4016004 kB
MemFree:          144816 kB
Active:           343248 kB
Mem:          3.8G       3.7G       141M       5.7M        20M       3.2G

MemTotal:        4016004 kB
MemFree:          144508 kB
Active:           343224 kB
Mem:          3.8G       3.7G       141M       5.7M        20M       3.2G

MemTotal:        4016004 kB
MemFree:          144636 kB
Active:           343264 kB
Mem:          3.8G       3.7G       141M       5.7M        20M       3.2G

MemTotal:        4016004 kB
MemFree:          144384 kB
Active:           345848 kB
Mem:          3.8G       3.7G       141M       5.7M        20M       3.2G

MemTotal:        4016004 kB
MemFree:          119680 kB
Active:           347896 kB
Mem:          3.8G       3.7G       116M       5.7M        20M       3.3G

MemTotal:        4016004 kB
MemFree:          117700 kB
Active:           347892 kB
Mem:          3.8G       3.7G       115M       5.7M        20M       3.3G

MemTotal:        4016004 kB
MemFree:          118288 kB
Active:           347908 kB
Mem:          3.8G       3.7G       115M       5.7M        20M       3.3G

MemTotal:        4016004 kB
MemFree:          118044 kB
Active:           347920 kB
Mem:          3.8G       3.7G       115M       5.7M        20M       3.3G

MemTotal:        4016004 kB
MemFree:          118204 kB
Active:           347908 kB
Mem:          3.8G       3.7G       115M       5.7M        20M       3.3G

MemTotal:        4016004 kB
MemFree:          120572 kB
Active:           342656 kB
Mem:          3.8G       3.7G       117M       5.7M        20M       3.3G

MemTotal:        4016004 kB
MemFree:          144940 kB
Active:           342680 kB
Mem:          3.8G       3.7G       141M       5.7M        20M       3.2G

MemTotal:        4016004 kB
MemFree:          128740 kB
Active:           342660 kB
Mem:          3.8G       3.7G       124M       5.7M        20M       3.2G

MemTotal:        4016004 kB
MemFree:          129204 kB
Active:           342428 kB
Mem:          3.8G       3.7G       126M       5.7M        20M       3.2G

MemTotal:        4016004 kB
MemFree:          140100 kB
Active:           342436 kB
Mem:          3.8G       3.7G       136M       5.7M        20M       3.2G

MemTotal:        4016004 kB
MemFree:          129428 kB
Active:           342424 kB
Mem:          3.8G       3.7G       125M       5.7M        20M       3.2G

MemTotal:        4016004 kB
MemFree:          132324 kB
Active:           342436 kB
Mem:          3.8G       3.7G       129M       5.7M        20M       3.2G

MemTotal:        4016004 kB
MemFree:          128448 kB
Active:           342388 kB
Mem:          3.8G       3.7G       125M       5.7M        20M       3.2G

MemTotal:        4016004 kB
MemFree:          127380 kB
Active:           342444 kB
Mem:          3.8G       3.7G       124M       5.7M        20M       3.2G

MemTotal:        4016004 kB
MemFree:          126512 kB
Active:           342444 kB
Mem:          3.8G       3.7G       123M       5.7M        20M       3.2G

MemTotal:        4016004 kB
MemFree:          124548 kB
Active:           342444 kB
Mem:          3.8G       3.7G       121M       5.7M        20M       3.3G

MemTotal:        4016004 kB
MemFree:          105708 kB
Active:           342420 kB
Mem:          3.8G       3.7G       103M       5.7M        20M       3.3G

MemTotal:        4016004 kB
MemFree:          112932 kB
Active:           342432 kB
Mem:          3.8G       3.7G       109M       5.7M        20M       3.3G

MemTotal:        4016004 kB
MemFree:          114704 kB
Active:           342400 kB
Mem:          3.8G       3.7G       112M       5.7M        20M       3.3G

MemTotal:        4016004 kB
MemFree:          144244 kB
Active:           342152 kB
Mem:          3.8G       3.7G       141M       5.7M        20M       3.2G

MemTotal:        4016004 kB
MemFree:          145088 kB
Active:           344156 kB
Mem:          3.8G       3.7G       141M       5.7M        20M       3.2G

MemTotal:        4016004 kB
MemFree:          145212 kB
Active:           344172 kB
Mem:          3.8G       3.7G       141M       5.7M        20M       3.2G

MemTotal:        4016004 kB
MemFree:          144716 kB
Active:           344204 kB
Mem:          3.8G       3.7G       141M       5.7M        20M       3.2G

MemTotal:        4016004 kB
MemFree:          144840 kB
Active:           344212 kB
Mem:          3.8G       3.7G       141M       5.7M        20M       3.2G

MemTotal:        4016004 kB
MemFree:          144964 kB
Active:           344196 kB
Mem:          3.8G       3.7G       141M       5.7M        20M       3.2G

MemTotal:        4016004 kB
MemFree:          144468 kB
Active:           344156 kB
Mem:          3.8G       3.7G       141M       5.7M        20M       3.2G

MemTotal:        4016004 kB
MemFree:          144716 kB
Active:           344176 kB
Mem:          3.8G       3.7G       141M       5.7M        20M       3.2G

MemTotal:        4016004 kB
MemFree:          144592 kB
Active:           344160 kB
Mem:          3.8G       3.7G       141M       5.7M        20M       3.2G

MemTotal:        4016004 kB
MemFree:          144468 kB
Active:           344212 kB
Mem:          3.8G       3.7G       141M       5.7M        20M       3.2G

MemTotal:        4016004 kB
MemFree:          144592 kB
Active:           344208 kB
Mem:          3.8G       3.7G       141M       5.7M        20M       3.2G

MemTotal:        4016004 kB
MemFree:          144592 kB
Active:           344196 kB
Mem:          3.8G       3.7G       141M       5.7M        20M       3.2G

MemTotal:        4016004 kB
MemFree:          144096 kB
Active:           344212 kB
Mem:          3.8G       3.7G       141M       5.7M        20M       3.2G

MemTotal:        4016004 kB
MemFree:          144344 kB
Active:           344212 kB
Mem:          3.8G       3.7G       140M       5.7M        20M       3.2G

MemTotal:        4016004 kB
MemFree:          144592 kB
Active:           344188 kB
Mem:          3.8G       3.7G       141M       5.7M        20M       3.2G

MemTotal:        4016004 kB
MemFree:          145088 kB
Active:           344188 kB
Mem:          3.8G       3.7G       141M       5.7M        20M       3.2G

MemTotal:        4016004 kB
MemFree:          144716 kB
Active:           344212 kB
Mem:          3.8G       3.7G       141M       5.7M        20M       3.2G

MemTotal:        4016004 kB
MemFree:          144468 kB
Active:           344172 kB
Mem:          3.8G       3.7G       140M       5.7M        20M       3.2G

MemTotal:        4016004 kB
MemFree:          144592 kB
Active:           344184 kB
Mem:          3.8G       3.7G       141M       5.7M        20M       3.2G

MemTotal:        4016004 kB
MemFree:          144468 kB
Active:           344184 kB
Mem:          3.8G       3.7G       140M       5.7M        20M       3.2G

MemTotal:        4016004 kB
MemFree:          144220 kB
Active:           344204 kB
Mem:          3.8G       3.7G       141M       5.7M        20M       3.2G

MemTotal:        4016004 kB
MemFree:          144220 kB
Active:           344228 kB
Mem:          3.8G       3.7G       141M       5.7M        20M       3.2G

MemTotal:        4016004 kB
MemFree:          144468 kB
Active:           344220 kB
Mem:          3.8G       3.7G       141M       5.7M        20M       3.2G

MemTotal:        4016004 kB
MemFree:          144840 kB
Active:           344224 kB
Mem:          3.8G       3.7G       141M       5.7M        20M       3.2G

MemTotal:        4016004 kB
MemFree:          144468 kB
Active:           344228 kB
Mem:          3.8G       3.7G       141M       5.7M        20M       3.2G

MemTotal:        4016004 kB
MemFree:          144964 kB
Active:           344188 kB
Mem:          3.8G       3.7G       141M       5.7M        20M       3.2G

MemTotal:        4016004 kB
MemFree:          144840 kB
Active:           344244 kB
Mem:          3.8G       3.7G       141M       5.7M        20M       3.2G

MemTotal:        4016004 kB
MemFree:          144468 kB
Active:           344248 kB
Mem:          3.8G       3.7G       141M       5.7M        20M       3.2G

MemTotal:        4016004 kB
MemFree:          144468 kB
Active:           344240 kB
Mem:          3.8G       3.7G       141M       5.7M        20M       3.2G

MemTotal:        4016004 kB
MemFree:          144180 kB
Active:           344200 kB
Mem:          3.8G       3.7G       140M       5.7M        20M       3.2G

MemTotal:        4016004 kB
MemFree:          142096 kB
Active:           345460 kB
Mem:          3.8G       3.7G       138M       5.7M        20M       3.2G

MemTotal:        4016004 kB
MemFree:          142160 kB
Active:           347488 kB
Mem:          3.8G       3.7G       139M       5.7M        20M       3.2G

MemTotal:        4016004 kB
MemFree:          142788 kB
Active:           347500 kB
Mem:          3.8G       3.7G       139M       5.7M        20M       3.2G

MemTotal:        4016004 kB
MemFree:          142576 kB
Active:           347520 kB
Mem:          3.8G       3.7G       139M       5.7M        20M       3.2G

MemTotal:        4016004 kB
MemFree:          142700 kB
Active:           347476 kB
Mem:          3.8G       3.7G       139M       5.7M        20M       3.2G

MemTotal:        4016004 kB
MemFree:          142700 kB
Active:           347484 kB
Mem:          3.8G       3.7G       139M       5.7M        20M       3.2G

MemTotal:        4016004 kB
MemFree:          142700 kB
Active:           347500 kB
Mem:          3.8G       3.7G       139M       5.7M        20M       3.2G

MemTotal:        4016004 kB
MemFree:          142824 kB
Active:           347488 kB
Mem:          3.8G       3.7G       139M       5.7M        20M       3.2G

MemTotal:        4016004 kB
MemFree:          142576 kB
Active:           347520 kB
Mem:          3.8G       3.7G       139M       5.7M        20M       3.2G

MemTotal:        4016004 kB
MemFree:          142576 kB
Active:           347500 kB
Mem:          3.8G       3.7G       139M       5.7M        20M       3.2G

MemTotal:        4016004 kB
MemFree:          142700 kB
Active:           347504 kB
Mem:          3.8G       3.7G       139M       5.7M        20M       3.2G

MemTotal:        4016004 kB
MemFree:          142576 kB
Active:           347528 kB
Mem:          3.8G       3.7G       139M       5.7M        20M       3.2G

MemTotal:        4016004 kB
MemFree:          142700 kB
Active:           347492 kB
Mem:          3.8G       3.7G       139M       5.7M        20M       3.2G

MemTotal:        4016004 kB
MemFree:          142700 kB
Active:           347496 kB
Mem:          3.8G       3.7G       139M       5.7M        20M       3.2G

MemTotal:        4016004 kB
MemFree:          142452 kB
Active:           347512 kB
Mem:          3.8G       3.7G       139M       5.7M        20M       3.2G

MemTotal:        4016004 kB
MemFree:          142204 kB
Active:           347544 kB
Mem:          3.8G       3.7G       139M       5.7M        20M       3.2G

MemTotal:        4016004 kB
MemFree:          142452 kB
Active:           347500 kB
Mem:          3.8G       3.7G       139M       5.7M        20M       3.2G

MemTotal:        4016004 kB
MemFree:          142824 kB
Active:           347512 kB
Mem:          3.8G       3.7G       139M       5.7M        20M       3.2G

MemTotal:        4016004 kB
MemFree:          142824 kB
Active:           347544 kB
Mem:          3.8G       3.7G       139M       5.7M        20M       3.2G

MemTotal:        4016004 kB
MemFree:          142948 kB
Active:           347540 kB
Mem:          3.8G       3.7G       139M       5.7M        20M       3.2G

MemTotal:        4016004 kB
MemFree:          140900 kB
Active:           347476 kB
Mem:          3.8G       3.7G       137M       5.7M        20M       3.2G

MemTotal:        4016004 kB
MemFree:          140776 kB
Active:           349528 kB
Mem:          3.8G       3.7G       137M       5.7M        20M       3.2G

MemTotal:        4016004 kB
MemFree:          140404 kB
Active:           349580 kB
Mem:          3.8G       3.7G       137M       5.7M        20M       3.2G

MemTotal:        4016004 kB
MemFree:          140776 kB
Active:           349576 kB
Mem:          3.8G       3.7G       137M       5.7M        20M       3.2G

MemTotal:        4016004 kB
MemFree:          140404 kB
Active:           349588 kB
Mem:          3.8G       3.7G       137M       5.7M        20M       3.2G

MemTotal:        4016004 kB
MemFree:          140900 kB
Active:           349552 kB
Mem:          3.8G       3.7G       137M       5.7M        20M       3.2G

MemTotal:        4016004 kB
MemFree:          140900 kB
Active:           349556 kB
Mem:          3.8G       3.7G       137M       5.7M        20M       3.2G

MemTotal:        4016004 kB
MemFree:          140776 kB
Active:           349572 kB
Mem:          3.8G       3.7G       137M       5.7M        20M       3.2G

MemTotal:        4016004 kB
MemFree:          140528 kB
Active:           349596 kB
Mem:          3.8G       3.7G       137M       5.7M        20M       3.2G

MemTotal:        4016004 kB
MemFree:          140652 kB
Active:           349596 kB
Mem:          3.8G       3.7G       137M       5.7M        20M       3.2G

MemTotal:        4016004 kB
MemFree:          140900 kB
Active:           349568 kB
Mem:          3.8G       3.7G       137M       5.7M        20M       3.2G

MemTotal:        4016004 kB
MemFree:          140652 kB
Active:           349604 kB
Mem:          3.8G       3.7G       137M       5.7M        20M       3.2G

MemTotal:        4016004 kB
MemFree:          140652 kB
Active:           349592 kB
Mem:          3.8G       3.7G       137M       5.7M        20M       3.2G

MemTotal:        4016004 kB
MemFree:          140776 kB
Active:           349600 kB
Mem:          3.8G       3.7G       137M       5.7M        20M       3.2G

MemTotal:        4016004 kB
MemFree:          140652 kB
Active:           349564 kB
Mem:          3.8G       3.7G       137M       5.7M        20M       3.2G

MemTotal:        4016004 kB
MemFree:          140280 kB
Active:           349604 kB
Mem:          3.8G       3.7G       136M       5.7M        20M       3.2G

MemTotal:        4016004 kB
MemFree:          139908 kB
Active:           349604 kB
Mem:          3.8G       3.7G       136M       5.7M        20M       3.2G

MemTotal:        4016004 kB
MemFree:          140404 kB
Active:           349548 kB
Mem:          3.8G       3.7G       136M       5.7M        20M       3.2G

MemTotal:        4016004 kB
MemFree:          140652 kB
Active:           349572 kB
Mem:          3.8G       3.7G       137M       5.7M        20M       3.2G

MemTotal:        4016004 kB
MemFree:          140528 kB
Active:           349608 kB
Mem:          3.8G       3.7G       137M       5.7M        20M       3.2G

MemTotal:        4016004 kB
MemFree:          140900 kB
Active:           349592 kB
Mem:          3.8G       3.7G       137M       5.7M        20M       3.2G

MemTotal:        4016004 kB
MemFree:          141148 kB
Active:           349588 kB
Mem:          3.8G       3.7G       137M       5.7M        20M       3.2G

MemTotal:        4016004 kB
MemFree:          140900 kB
Active:           349580 kB
Mem:          3.8G       3.7G       137M       5.7M        20M       3.2G

MemTotal:        4016004 kB
MemFree:          141024 kB
Active:           349604 kB
Mem:          3.8G       3.7G       137M       5.7M        20M       3.2G

MemTotal:        4016004 kB
MemFree:          141272 kB
Active:           349556 kB
Mem:          3.8G       3.7G       137M       5.7M        20M       3.2G

MemTotal:        4016004 kB
MemFree:          141024 kB
Active:           349584 kB
Mem:          3.8G       3.7G       137M       5.7M        20M       3.2G

MemTotal:        4016004 kB
MemFree:          140776 kB
Active:           349596 kB
Mem:          3.8G       3.7G       137M       5.7M        20M       3.2G

MemTotal:        4016004 kB
MemFree:          141024 kB
Active:           349620 kB
Mem:          3.8G       3.7G       137M       5.7M        20M       3.2G

MemTotal:        4016004 kB
MemFree:          141024 kB
Active:           349588 kB
Mem:          3.8G       3.7G       137M       5.7M        20M       3.2G

MemTotal:        4016004 kB
MemFree:          140652 kB
Active:           349624 kB
Mem:          3.8G       3.7G       137M       5.7M        20M       3.2G

MemTotal:        4016004 kB
MemFree:          140528 kB
Active:           349624 kB
Mem:          3.8G       3.7G       137M       5.7M        20M       3.2G

MemTotal:        4016004 kB
MemFree:          140900 kB
Active:           349616 kB
Mem:          3.8G       3.7G       137M       5.7M        20M       3.2G

MemTotal:        4016004 kB
MemFree:          140528 kB
Active:           349632 kB
Mem:          3.8G       3.7G       137M       5.7M        20M       3.2G

MemTotal:        4016004 kB
MemFree:          141148 kB
Active:           349588 kB
Mem:          3.8G       3.7G       137M       5.7M        20M       3.2G

MemTotal:        4016004 kB
MemFree:          141148 kB
Active:           349596 kB
Mem:          3.8G       3.7G       137M       5.7M        20M       3.2G

MemTotal:        4016004 kB
MemFree:          141148 kB
Active:           349604 kB
Mem:          3.8G       3.7G       137M       5.7M        20M       3.2G

MemTotal:        4016004 kB
MemFree:          141148 kB
Active:           349608 kB
Mem:          3.8G       3.7G       137M       5.7M        20M       3.2G

MemTotal:        4016004 kB
MemFree:          141024 kB
Active:           349636 kB
Mem:          3.8G       3.7G       138M       5.7M        20M       3.2G

MemTotal:        4016004 kB
MemFree:          141272 kB
Active:           349632 kB
Mem:          3.8G       3.7G       137M       5.7M        20M       3.2G

MemTotal:        4016004 kB
MemFree:          141148 kB
Active:           349640 kB
Mem:          3.8G       3.7G       137M       5.7M        20M       3.2G

MemTotal:        4016004 kB
MemFree:          141396 kB
Active:           349612 kB
Mem:          3.8G       3.7G       138M       5.7M        20M       3.2G

MemTotal:        4016004 kB
MemFree:          141396 kB
Active:           349616 kB
Mem:          3.8G       3.7G       137M       5.7M        20M       3.2G

MemTotal:        4016004 kB
MemFree:          141272 kB
Active:           349624 kB
Mem:          3.8G       3.7G       137M       5.7M        20M       3.2G

MemTotal:        4016004 kB
MemFree:          140776 kB
Active:           349596 kB
Mem:          3.8G       3.7G       137M       5.7M        20M       3.2G

MemTotal:        4016004 kB
MemFree:          140776 kB
Active:           349604 kB
Mem:          3.8G       3.7G       137M       5.7M        20M       3.2G

MemTotal:        4016004 kB
MemFree:          141148 kB
Active:           349608 kB
Mem:          3.8G       3.7G       137M       5.7M        20M       3.2G

MemTotal:        4016004 kB
MemFree:          140900 kB
Active:           349640 kB
Mem:          3.8G       3.7G       137M       5.7M        20M       3.2G

MemTotal:        4016004 kB
MemFree:          140652 kB
Active:           349592 kB
Mem:          3.8G       3.7G       137M       5.7M        20M       3.2G

MemTotal:        4016004 kB
MemFree:          140652 kB
Active:           349592 kB
Mem:          3.8G       3.7G       137M       5.7M        20M       3.2G

MemTotal:        4016004 kB
MemFree:          140776 kB
Active:           349596 kB
Mem:          3.8G       3.7G       137M       5.7M        20M       3.2G

MemTotal:        4016004 kB
MemFree:          136604 kB
Active:           352348 kB
Mem:          3.8G       3.7G       133M       5.7M        23M       3.2G

MemTotal:        4016004 kB
MemFree:          131536 kB
Active:           357396 kB
Mem:          3.8G       3.7G       128M       5.7M        28M       3.2G

MemTotal:        4016004 kB
MemFree:          131336 kB
Active:           357312 kB
Mem:          3.8G       3.7G       128M       5.7M        28M       3.2G

MemTotal:        4016004 kB
MemFree:          131832 kB
Active:           357372 kB
Mem:          3.8G       3.7G       128M       5.7M        28M       3.2G

MemTotal:        4016004 kB
MemFree:          131212 kB
Active:           357416 kB
Mem:          3.8G       3.7G       128M       5.7M        28M       3.2G

MemTotal:        4016004 kB
MemFree:          131584 kB
Active:           357360 kB
Mem:          3.8G       3.7G       128M       5.7M        28M       3.2G

MemTotal:        4016004 kB
MemFree:          131708 kB
Active:           357368 kB
Mem:          3.8G       3.7G       128M       5.7M        28M       3.2G

MemTotal:        4016004 kB
MemFree:          131840 kB
Active:           357372 kB
Mem:          3.8G       3.7G       128M       5.7M        28M       3.2G

MemTotal:        4016004 kB
MemFree:          131096 kB
Active:           357380 kB
Mem:          3.8G       3.7G       127M       5.7M        28M       3.2G

MemTotal:        4016004 kB
MemFree:          130848 kB
Active:           357412 kB
Mem:          3.8G       3.7G       127M       5.7M        28M       3.2G

MemTotal:        4016004 kB
MemFree:          130972 kB
Active:           357416 kB
Mem:          3.8G       3.7G       127M       5.7M        28M       3.2G

MemTotal:        4016004 kB
MemFree:          130972 kB
Active:           357376 kB
Mem:          3.8G       3.7G       127M       5.7M        28M       3.2G

MemTotal:        4016004 kB
MemFree:          130972 kB
Active:           357384 kB
Mem:          3.8G       3.7G       127M       5.7M        28M       3.2G

MemTotal:        4016004 kB
MemFree:          131096 kB
Active:           357392 kB
Mem:          3.8G       3.7G       127M       5.7M        28M       3.2G

MemTotal:        4016004 kB
MemFree:          130600 kB
Active:           357440 kB
Mem:          3.8G       3.7G       127M       5.7M        28M       3.2G

MemTotal:        4016004 kB
MemFree:          130352 kB
Active:           357440 kB
Mem:          3.8G       3.7G       127M       5.7M        28M       3.2G

MemTotal:        4016004 kB
MemFree:          130724 kB
Active:           357388 kB
Mem:          3.8G       3.7G       127M       5.7M        28M       3.2G

MemTotal:        4016004 kB
MemFree:          130352 kB
Active:           357448 kB
Mem:          3.8G       3.7G       127M       5.7M        28M       3.2G

MemTotal:        4016004 kB
MemFree:          130724 kB
Active:           357392 kB
Mem:          3.8G       3.7G       127M       5.7M        28M       3.2G

MemTotal:        4016004 kB
MemFree:          130724 kB
Active:           357412 kB
Mem:          3.8G       3.7G       127M       5.7M        28M       3.2G

MemTotal:        4016004 kB
MemFree:          130600 kB
Active:           357416 kB
Mem:          3.8G       3.7G       127M       5.7M        28M       3.2G

MemTotal:        4016004 kB
MemFree:          130600 kB
Active:           357416 kB
Mem:          3.8G       3.7G       127M       5.7M        28M       3.2G

MemTotal:        4016004 kB
MemFree:          130600 kB
Active:           357424 kB
Mem:          3.8G       3.7G       127M       5.7M        28M       3.2G

MemTotal:        4016004 kB
MemFree:          131096 kB
Active:           357432 kB
Mem:          3.8G       3.7G       127M       5.7M        28M       3.2G

MemTotal:        4016004 kB
MemFree:          130972 kB
Active:           357408 kB
Mem:          3.8G       3.7G       127M       5.7M        28M       3.2G

MemTotal:        4016004 kB
MemFree:          131096 kB
Active:           357448 kB
Mem:          3.8G       3.7G       127M       5.7M        28M       3.2G

MemTotal:        4016004 kB
MemFree:          131096 kB
Active:           357400 kB
Mem:          3.8G       3.7G       127M       5.7M        28M       3.2G

MemTotal:        4016004 kB
MemFree:          130600 kB
Active:           357456 kB
Mem:          3.8G       3.7G       127M       5.7M        28M       3.2G

MemTotal:        4016004 kB
MemFree:          130972 kB
Active:           357416 kB
Mem:          3.8G       3.7G       127M       5.7M        28M       3.2G

MemTotal:        4016004 kB
MemFree:          131096 kB
Active:           357412 kB
Mem:          3.8G       3.7G       128M       5.7M        28M       3.2G

MemTotal:        4016004 kB
MemFree:          131344 kB
Active:           357444 kB
Mem:          3.8G       3.7G       127M       5.7M        28M       3.2G

MemTotal:        4016004 kB
MemFree:          130848 kB
Active:           357424 kB
Mem:          3.8G       3.7G       127M       5.7M        28M       3.2G

MemTotal:        4016004 kB
MemFree:          130724 kB
Active:           357444 kB
Mem:          3.8G       3.7G       127M       5.7M        28M       3.2G

MemTotal:        4016004 kB
MemFree:          130848 kB
Active:           357432 kB
Mem:          3.8G       3.7G       127M       5.7M        28M       3.2G

MemTotal:        4016004 kB
MemFree:          130848 kB
Active:           357456 kB
Mem:          3.8G       3.7G       127M       5.7M        28M       3.2G

MemTotal:        4016004 kB
MemFree:          130476 kB
Active:           357460 kB
Mem:          3.8G       3.7G       127M       5.7M        28M       3.2G

MemTotal:        4016004 kB
MemFree:          130600 kB
Active:           357420 kB
Mem:          3.8G       3.7G       127M       5.7M        28M       3.2G

MemTotal:        4016004 kB
MemFree:          130600 kB
Active:           357436 kB
Mem:          3.8G       3.7G       127M       5.7M        28M       3.2G

MemTotal:        4016004 kB
MemFree:          130600 kB
Active:           357488 kB
Mem:          3.8G       3.7G       127M       5.7M        28M       3.2G

MemTotal:        4016004 kB
MemFree:          130724 kB
Active:           357488 kB
Mem:          3.8G       3.7G       127M       5.7M        28M       3.2G

MemTotal:        4016004 kB
MemFree:          131096 kB
Active:           357484 kB
Mem:          3.8G       3.7G       127M       5.7M        28M       3.2G

MemTotal:        4016004 kB
MemFree:          131096 kB
Active:           357432 kB
Mem:          3.8G       3.7G       128M       5.7M        28M       3.2G

MemTotal:        4016004 kB
MemFree:          130724 kB
Active:           357496 kB
Mem:          3.8G       3.7G       127M       5.7M        28M       3.2G

MemTotal:        4016004 kB
MemFree:          130972 kB
Active:           357488 kB
Mem:          3.8G       3.7G       127M       5.7M        28M       3.2G

MemTotal:        4016004 kB
MemFree:          130972 kB
Active:           357448 kB
Mem:          3.8G       3.7G       127M       5.7M        28M       3.2G

MemTotal:        4016004 kB
MemFree:          131096 kB
Active:           357488 kB
Mem:          3.8G       3.7G       127M       5.7M        28M       3.2G

MemTotal:        4016004 kB
MemFree:          131096 kB
Active:           357464 kB
Mem:          3.8G       3.7G       128M       5.7M        28M       3.2G

MemTotal:        4016004 kB
MemFree:          131344 kB
Active:           357440 kB
Mem:          3.8G       3.7G       127M       5.7M        28M       3.2G

MemTotal:        4016004 kB
MemFree:          131220 kB
Active:           357484 kB
Mem:          3.8G       3.7G       127M       5.7M        28M       3.2G

MemTotal:        4016004 kB
MemFree:          131344 kB
Active:           357488 kB
Mem:          3.8G       3.7G       128M       5.7M        28M       3.2G

MemTotal:        4016004 kB
MemFree:          131344 kB
Active:           357492 kB
Mem:          3.8G       3.7G       128M       5.7M        28M       3.2G

MemTotal:        4016004 kB
MemFree:          131344 kB
Active:           357460 kB
Mem:          3.8G       3.7G       128M       5.7M        28M       3.2G

MemTotal:        4016004 kB
MemFree:          131344 kB
Active:           357452 kB
Mem:          3.8G       3.7G       128M       5.7M        28M       3.2G

MemTotal:        4016004 kB
MemFree:          131344 kB
Active:           357472 kB
Mem:          3.8G       3.7G       128M       5.7M        28M       3.2G

MemTotal:        4016004 kB
MemFree:          131344 kB
Active:           357484 kB
Mem:          3.8G       3.7G       128M       5.7M        28M       3.2G

MemTotal:        4016004 kB
MemFree:          131592 kB
Active:           357488 kB
Mem:          3.8G       3.7G       128M       5.7M        28M       3.2G

MemTotal:        4016004 kB
MemFree:          131344 kB
Active:           357516 kB
Mem:          3.8G       3.7G       128M       5.7M        28M       3.2G

MemTotal:        4016004 kB
MemFree:          131344 kB
Active:           357496 kB
Mem:          3.8G       3.7G       128M       5.7M        28M       3.2G

MemTotal:        4016004 kB
MemFree:          131716 kB
Active:           357516 kB
Mem:          3.8G       3.7G       128M       5.7M        28M       3.2G

MemTotal:        4016004 kB
MemFree:          131716 kB
Active:           357496 kB
Mem:          3.8G       3.7G       128M       5.7M        28M       3.2G

MemTotal:        4016004 kB
MemFree:          131716 kB
Active:           357520 kB
Mem:          3.8G       3.7G       128M       5.7M        28M       3.2G

MemTotal:        4016004 kB
MemFree:          131592 kB
Active:           357480 kB
Mem:          3.8G       3.7G       128M       5.7M        28M       3.2G

MemTotal:        4016004 kB
MemFree:          131220 kB
Active:           357532 kB
Mem:          3.8G       3.7G       128M       5.7M        28M       3.2G

MemTotal:        4016004 kB
MemFree:          131344 kB
Active:           357496 kB
Mem:          3.8G       3.7G       128M       5.7M        28M       3.2G

MemTotal:        4016004 kB
MemFree:          131468 kB
Active:           357504 kB
Mem:          3.8G       3.7G       128M       5.7M        28M       3.2G

MemTotal:        4016004 kB
MemFree:          130972 kB
Active:           357540 kB
Mem:          3.8G       3.7G       128M       5.7M        28M       3.2G

MemTotal:        4016004 kB
MemFree:          131096 kB
Active:           357512 kB
Mem:          3.8G       3.7G       128M       5.7M        28M       3.2G

MemTotal:        4016004 kB
MemFree:          131344 kB
Active:           357532 kB
Mem:          3.8G       3.7G       128M       5.7M        28M       3.2G

MemTotal:        4016004 kB
MemFree:          131468 kB
Active:           357492 kB
Mem:          3.8G       3.7G       128M       5.7M        28M       3.2G

MemTotal:        4016004 kB
MemFree:          131096 kB
Active:           357544 kB
Mem:          3.8G       3.7G       128M       5.7M        28M       3.2G

MemTotal:        4016004 kB
MemFree:          131468 kB
Active:           357512 kB
Mem:          3.8G       3.7G       128M       5.7M        28M       3.2G

MemTotal:        4016004 kB
MemFree:          131344 kB
Active:           357504 kB
Mem:          3.8G       3.7G       128M       5.7M        28M       3.2G

MemTotal:        4016004 kB
MemFree:          131096 kB
Active:           357556 kB
Mem:          3.8G       3.7G       128M       5.7M        28M       3.2G

MemTotal:        4016004 kB
MemFree:          130972 kB
Active:           357516 kB
Mem:          3.8G       3.7G       127M       5.7M        28M       3.2G

MemTotal:        4016004 kB
MemFree:          130972 kB
Active:           357528 kB
Mem:          3.8G       3.7G       127M       5.7M        28M       3.2G

MemTotal:        4016004 kB
MemFree:          130972 kB
Active:           357504 kB
Mem:          3.8G       3.7G       128M       5.7M        28M       3.2G

MemTotal:        4016004 kB
MemFree:          130972 kB
Active:           357564 kB
Mem:          3.8G       3.7G       128M       5.7M        28M       3.2G

MemTotal:        4016004 kB
MemFree:          131096 kB
Active:           357540 kB
Mem:          3.8G       3.7G       128M       5.7M        28M       3.2G

MemTotal:        4016004 kB
MemFree:          131344 kB
Active:           357544 kB
Mem:          3.8G       3.7G       128M       5.7M        28M       3.2G

MemTotal:        4016004 kB
MemFree:          131220 kB
Active:           357524 kB
Mem:          3.8G       3.7G       127M       5.7M        28M       3.2G

MemTotal:        4016004 kB
MemFree:          130848 kB
Active:           357572 kB
Mem:          3.8G       3.7G       127M       5.7M        28M       3.2G

MemTotal:        4016004 kB
MemFree:          131220 kB
Active:           357556 kB
Mem:          3.8G       3.7G       127M       5.7M        28M       3.2G

MemTotal:        4016004 kB
MemFree:          131220 kB
Active:           357536 kB
Mem:          3.8G       3.7G       128M       5.7M        28M       3.2G

MemTotal:        4016004 kB
MemFree:          130600 kB
Active:           357576 kB
Mem:          3.8G       3.7G       127M       5.7M        28M       3.2G

MemTotal:        4016004 kB
MemFree:          130476 kB
Active:           357600 kB
Mem:          3.8G       3.7G       127M       5.7M        28M       3.2G

MemTotal:        4016004 kB
MemFree:          130600 kB
Active:           357616 kB
Mem:          3.8G       3.7G       127M       5.7M        28M       3.2G

MemTotal:        4016004 kB
MemFree:          130352 kB
Active:           357596 kB
Mem:          3.8G       3.7G       127M       5.7M        28M       3.2G

MemTotal:        4016004 kB
MemFree:          130352 kB
Active:           357884 kB
Mem:          3.8G       3.7G       127M       5.7M        28M       3.2G

MemTotal:        4016004 kB
MemFree:          130088 kB
Active:           357700 kB
Mem:          3.8G       3.7G       126M       5.7M        28M       3.2G

