MemTotal:        4016004 kB
MemFree:         3207444 kB
Active:           453380 kB
Mem:          3.8G       789M       3.1G       5.7M        59M       322M

MemTotal:        4016004 kB
MemFree:         3206948 kB
Active:           453568 kB
Mem:          3.8G       790M       3.1G       5.7M        59M       322M

MemTotal:        4016004 kB
MemFree:         3207024 kB
Active:           453628 kB
Mem:          3.8G       790M       3.1G       5.7M        59M       322M

MemTotal:        4016004 kB
MemFree:         3207008 kB
Active:           453644 kB
Mem:          3.8G       790M       3.1G       5.7M        59M       322M

MemTotal:        4016004 kB
MemFree:         3206372 kB
Active:           453688 kB
Mem:          3.8G       791M       3.1G       5.7M        59M       322M

MemTotal:        4016004 kB
MemFree:         3206000 kB
Active:           453688 kB
Mem:          3.8G       791M       3.1G       5.7M        59M       322M

MemTotal:        4016004 kB
MemFree:         3206000 kB
Active:           453652 kB
Mem:          3.8G       791M       3.1G       5.7M        59M       322M

MemTotal:        4016004 kB
MemFree:         3206380 kB
Active:           453644 kB
Mem:          3.8G       790M       3.1G       5.7M        59M       322M

MemTotal:        4016004 kB
MemFree:         3205992 kB
Active:           453700 kB
Mem:          3.8G       790M       3.1G       5.7M        59M       322M

MemTotal:        4016004 kB
MemFree:         3206488 kB
Active:           453660 kB
Mem:          3.8G       790M       3.1G       5.7M        59M       322M

MemTotal:        4016004 kB
MemFree:         3206348 kB
Active:           453656 kB
Mem:          3.8G       790M       3.1G       5.7M        59M       322M

MemTotal:        4016004 kB
MemFree:         3206456 kB
Active:           453660 kB
Mem:          3.8G       790M       3.1G       5.7M        59M       322M

MemTotal:        4016004 kB
MemFree:         3206316 kB
Active:           453656 kB
Mem:          3.8G       790M       3.1G       5.7M        59M       322M

MemTotal:        4016004 kB
MemFree:         3206456 kB
Active:           453644 kB
Mem:          3.8G       790M       3.1G       5.7M        59M       322M

MemTotal:        4016004 kB
MemFree:         3206332 kB
Active:           453684 kB
Mem:          3.8G       790M       3.1G       5.7M        59M       322M

MemTotal:        4016004 kB
MemFree:         3206332 kB
Active:           453700 kB
Mem:          3.8G       790M       3.1G       5.7M        59M       322M

MemTotal:        4016004 kB
MemFree:         3205696 kB
Active:           453704 kB
Mem:          3.8G       791M       3.1G       5.7M        59M       322M

MemTotal:        4016004 kB
MemFree:         3206176 kB
Active:           453696 kB
Mem:          3.8G       790M       3.1G       5.7M        59M       322M

MemTotal:        4016004 kB
MemFree:         3206052 kB
Active:           453652 kB
Mem:          3.8G       791M       3.1G       5.7M        59M       322M

MemTotal:        4016004 kB
MemFree:         3206052 kB
Active:           453704 kB
Mem:          3.8G       790M       3.1G       5.7M        59M       322M

MemTotal:        4016004 kB
MemFree:         3206052 kB
Active:           453684 kB
Mem:          3.8G       790M       3.1G       5.7M        59M       322M

MemTotal:        4016004 kB
MemFree:         3205788 kB
Active:           453712 kB
Mem:          3.8G       790M       3.1G       5.7M        59M       322M

MemTotal:        4016004 kB
MemFree:         3206020 kB
Active:           453704 kB
Mem:          3.8G       791M       3.1G       5.7M        59M       322M

MemTotal:        4016004 kB
MemFree:         3206004 kB
Active:           453708 kB
Mem:          3.8G       791M       3.1G       5.7M        59M       322M

MemTotal:        4016004 kB
MemFree:         3205508 kB
Active:           453712 kB
Mem:          3.8G       791M       3.1G       5.7M        59M       322M

MemTotal:        4016004 kB
MemFree:         3205740 kB
Active:           453664 kB
Mem:          3.8G       791M       3.1G       5.7M        59M       322M

MemTotal:        4016004 kB
MemFree:         3205740 kB
Active:           453668 kB
Mem:          3.8G       791M       3.1G       5.7M        59M       322M

MemTotal:        4016004 kB
MemFree:         3205864 kB
Active:           453684 kB
Mem:          3.8G       791M       3.1G       5.7M        59M       322M

MemTotal:        4016004 kB
MemFree:         3205616 kB
Active:           453668 kB
Mem:          3.8G       791M       3.1G       5.7M        59M       322M

MemTotal:        4016004 kB
MemFree:         3205120 kB
Active:           453720 kB
Mem:          3.8G       791M       3.1G       5.7M        59M       322M

MemTotal:        4016004 kB
MemFree:         3205740 kB
Active:           453696 kB
Mem:          3.8G       791M       3.1G       5.7M        59M       322M

MemTotal:        4016004 kB
MemFree:         3205740 kB
Active:           453684 kB
Mem:          3.8G       791M       3.1G       5.7M        59M       322M

MemTotal:        4016004 kB
MemFree:         3205864 kB
Active:           453700 kB
Mem:          3.8G       791M       3.1G       5.7M        59M       322M

MemTotal:        4016004 kB
MemFree:         3203692 kB
Active:           453684 kB
Mem:          3.8G       793M       3.1G       5.7M        59M       322M

MemTotal:        4016004 kB
MemFree:         3204116 kB
Active:           455736 kB
Mem:          3.8G       792M       3.1G       5.7M        59M       322M

MemTotal:        4016004 kB
MemFree:         3204240 kB
Active:           455716 kB
Mem:          3.8G       792M       3.1G       5.7M        59M       322M

MemTotal:        4016004 kB
MemFree:         3203868 kB
Active:           455732 kB
Mem:          3.8G       793M       3.1G       5.7M        59M       322M

MemTotal:        4016004 kB
MemFree:         3203496 kB
Active:           455756 kB
Mem:          3.8G       793M       3.1G       5.7M        59M       322M

MemTotal:        4016004 kB
MemFree:         3204100 kB
Active:           455732 kB
Mem:          3.8G       793M       3.1G       5.7M        59M       322M

MemTotal:        4016004 kB
MemFree:         3204208 kB
Active:           455724 kB
Mem:          3.8G       792M       3.1G       5.7M        59M       322M

MemTotal:        4016004 kB
MemFree:         3204208 kB
Active:           455756 kB
Mem:          3.8G       792M       3.1G       5.7M        59M       322M

MemTotal:        4016004 kB
MemFree:         3203448 kB
Active:           455764 kB
Mem:          3.8G       793M       3.1G       5.7M        59M       322M

MemTotal:        4016004 kB
MemFree:         3204316 kB
Active:           455724 kB
Mem:          3.8G       792M       3.1G       5.7M        59M       322M

MemTotal:        4016004 kB
MemFree:         3204036 kB
Active:           455744 kB
Mem:          3.8G       792M       3.1G       5.7M        59M       322M

MemTotal:        4016004 kB
MemFree:         3204284 kB
Active:           455716 kB
Mem:          3.8G       792M       3.1G       5.7M        59M       322M

MemTotal:        4016004 kB
MemFree:         3204036 kB
Active:           455708 kB
Mem:          3.8G       792M       3.1G       5.7M        59M       322M

MemTotal:        4016004 kB
MemFree:         3204160 kB
Active:           455728 kB
Mem:          3.8G       792M       3.1G       5.7M        59M       322M

MemTotal:        4016004 kB
MemFree:         3204036 kB
Active:           455740 kB
Mem:          3.8G       793M       3.1G       5.7M        59M       322M

MemTotal:        4016004 kB
MemFree:         3203788 kB
Active:           455776 kB
Mem:          3.8G       792M       3.1G       5.7M        59M       322M

MemTotal:        4016004 kB
MemFree:         3204408 kB
Active:           455764 kB
Mem:          3.8G       792M       3.1G       5.7M        59M       322M

MemTotal:        4016004 kB
MemFree:         3204284 kB
Active:           455728 kB
Mem:          3.8G       792M       3.1G       5.7M        59M       322M

MemTotal:        4016004 kB
MemFree:         3204160 kB
Active:           455740 kB
Mem:          3.8G       793M       3.1G       5.7M        59M       322M

MemTotal:        4016004 kB
MemFree:         3204036 kB
Active:           455756 kB
Mem:          3.8G       792M       3.1G       5.7M        59M       323M

MemTotal:        4016004 kB
MemFree:         3204096 kB
Active:           453720 kB
Mem:          3.8G       792M       3.1G       5.7M        59M       323M

MemTotal:        4016004 kB
MemFree:         3204220 kB
Active:           455772 kB
Mem:          3.8G       793M       3.1G       5.7M        59M       323M

MemTotal:        4016004 kB
MemFree:         3203972 kB
Active:           455752 kB
Mem:          3.8G       793M       3.1G       5.7M        59M       323M

MemTotal:        4016004 kB
MemFree:         3203848 kB
Active:           455804 kB
Mem:          3.8G       792M       3.1G       5.7M        59M       323M

MemTotal:        4016004 kB
MemFree:         3203972 kB
Active:           455784 kB
Mem:          3.8G       793M       3.1G       5.7M        59M       323M

MemTotal:        4016004 kB
MemFree:         3204208 kB
Active:           455816 kB
Mem:          3.8G       792M       3.1G       5.7M        59M       323M

MemTotal:        4016004 kB
MemFree:         3204208 kB
Active:           455816 kB
Mem:          3.8G       792M       3.1G       5.7M        59M       323M

MemTotal:        4016004 kB
MemFree:         3203712 kB
Active:           455820 kB
Mem:          3.8G       792M       3.1G       5.7M        59M       323M

MemTotal:        4016004 kB
MemFree:         3204084 kB
Active:           455820 kB
Mem:          3.8G       793M       3.1G       5.7M        59M       323M

MemTotal:        4016004 kB
MemFree:         3203960 kB
Active:           455764 kB
Mem:          3.8G       792M       3.1G       5.7M        59M       323M

MemTotal:        4016004 kB
MemFree:         3204348 kB
Active:           455768 kB
Mem:          3.8G       792M       3.1G       5.7M        59M       323M

MemTotal:        4016004 kB
MemFree:         3203852 kB
Active:           455828 kB
Mem:          3.8G       793M       3.1G       5.7M        59M       323M

MemTotal:        4016004 kB
MemFree:         3203852 kB
Active:           455796 kB
Mem:          3.8G       792M       3.1G       5.7M        59M       323M

MemTotal:        4016004 kB
MemFree:         3203852 kB
Active:           455828 kB
Mem:          3.8G       792M       3.1G       5.7M        59M       323M

MemTotal:        4016004 kB
MemFree:         3203976 kB
Active:           455816 kB
Mem:          3.8G       793M       3.1G       5.7M        59M       323M

MemTotal:        4016004 kB
MemFree:         3203944 kB
Active:           455780 kB
Mem:          3.8G       792M       3.1G       5.7M        59M       323M

MemTotal:        4016004 kB
MemFree:         3204068 kB
Active:           455788 kB
Mem:          3.8G       793M       3.1G       5.7M        59M       323M

MemTotal:        4016004 kB
MemFree:         3204052 kB
Active:           455808 kB
Mem:          3.8G       792M       3.1G       5.7M        59M       323M

MemTotal:        4016004 kB
MemFree:         3203912 kB
Active:           455784 kB
Mem:          3.8G       793M       3.1G       5.7M        59M       323M

MemTotal:        4016004 kB
MemFree:         3203524 kB
Active:           455832 kB
Mem:          3.8G       793M       3.1G       5.7M        59M       323M

MemTotal:        4016004 kB
MemFree:         3203896 kB
Active:           455796 kB
Mem:          3.8G       792M       3.1G       5.7M        59M       323M

MemTotal:        4016004 kB
MemFree:         3204392 kB
Active:           455816 kB
Mem:          3.8G       792M       3.1G       5.7M        59M       323M

MemTotal:        4016004 kB
MemFree:         3204392 kB
Active:           455792 kB
Mem:          3.8G       792M       3.1G       5.7M        59M       323M

MemTotal:        4016004 kB
MemFree:         3204500 kB
Active:           455836 kB
Mem:          3.8G       792M       3.1G       5.7M        59M       323M

MemTotal:        4016004 kB
MemFree:         3203988 kB
Active:           455840 kB
Mem:          3.8G       792M       3.1G       5.7M        59M       323M

MemTotal:        4016004 kB
MemFree:         3203972 kB
Active:           455840 kB
Mem:          3.8G       792M       3.1G       5.7M        59M       323M

MemTotal:        4016004 kB
MemFree:         3203584 kB
Active:           455840 kB
Mem:          3.8G       793M       3.1G       5.7M        59M       323M

MemTotal:        4016004 kB
MemFree:         3203444 kB
Active:           455816 kB
Mem:          3.8G       793M       3.1G       5.7M        59M       323M

MemTotal:        4016004 kB
MemFree:         3203568 kB
Active:           455792 kB
Mem:          3.8G       793M       3.1G       5.7M        59M       323M

MemTotal:        4016004 kB
MemFree:         3201628 kB
Active:           455796 kB
Mem:          3.8G       795M       3.1G       5.7M        59M       323M

MemTotal:        4016004 kB
MemFree:         3201736 kB
Active:           457856 kB
Mem:          3.8G       795M       3.1G       5.7M        59M       323M

MemTotal:        4016004 kB
MemFree:         3201720 kB
Active:           457864 kB
Mem:          3.8G       795M       3.1G       5.7M        59M       323M

MemTotal:        4016004 kB
MemFree:         3201720 kB
Active:           457844 kB
Mem:          3.8G       795M       3.1G       5.7M        59M       323M

MemTotal:        4016004 kB
MemFree:         3201736 kB
Active:           457880 kB
Mem:          3.8G       795M       3.1G       5.7M        59M       323M

MemTotal:        4016004 kB
MemFree:         3201860 kB
Active:           457884 kB
Mem:          3.8G       795M       3.1G       5.7M        59M       323M

MemTotal:        4016004 kB
MemFree:         3201984 kB
Active:           457868 kB
Mem:          3.8G       794M       3.1G       5.7M        59M       323M

MemTotal:        4016004 kB
MemFree:         3202108 kB
Active:           457860 kB
Mem:          3.8G       794M       3.1G       5.7M        59M       323M

MemTotal:        4016004 kB
MemFree:         3202108 kB
Active:           457856 kB
Mem:          3.8G       794M       3.1G       5.7M        59M       323M

MemTotal:        4016004 kB
MemFree:         3202108 kB
Active:           457888 kB
Mem:          3.8G       794M       3.1G       5.7M        59M       323M

MemTotal:        4016004 kB
MemFree:         3202232 kB
Active:           457848 kB
Mem:          3.8G       794M       3.1G       5.7M        59M       323M

MemTotal:        4016004 kB
MemFree:         3202108 kB
Active:           457888 kB
Mem:          3.8G       794M       3.1G       5.7M        59M       323M

MemTotal:        4016004 kB
MemFree:         3202108 kB
Active:           457888 kB
Mem:          3.8G       794M       3.1G       5.7M        59M       323M

MemTotal:        4016004 kB
MemFree:         3202108 kB
Active:           457836 kB
Mem:          3.8G       794M       3.1G       5.7M        59M       323M

MemTotal:        4016004 kB
MemFree:         3202108 kB
Active:           457876 kB
Mem:          3.8G       794M       3.1G       5.7M        59M       323M

MemTotal:        4016004 kB
MemFree:         3202232 kB
Active:           457852 kB
Mem:          3.8G       794M       3.1G       5.7M        59M       323M

MemTotal:        4016004 kB
MemFree:         3202232 kB
Active:           457844 kB
Mem:          3.8G       794M       3.1G       5.7M        59M       323M

MemTotal:        4016004 kB
MemFree:         3201912 kB
Active:           457904 kB
Mem:          3.8G       794M       3.1G       5.7M        59M       323M

MemTotal:        4016004 kB
MemFree:         3202284 kB
Active:           457876 kB
Mem:          3.8G       795M       3.1G       5.7M        59M       323M

MemTotal:        4016004 kB
MemFree:         2790524 kB
Active:           468092 kB
Mem:          3.8G       1.2G       2.7G       5.7M        59M       706M

MemTotal:        4016004 kB
MemFree:         2745828 kB
Active:           468272 kB
Mem:          3.8G       1.2G       2.6G       5.7M        59M       749M

MemTotal:        4016004 kB
MemFree:         2698768 kB
Active:           468444 kB
Mem:          3.8G       1.3G       2.6G       5.7M        59M       794M

MemTotal:        4016004 kB
MemFree:         2657912 kB
Active:           468628 kB
Mem:          3.8G       1.3G       2.5G       5.7M        59M       832M

MemTotal:        4016004 kB
MemFree:         2615608 kB
Active:           468772 kB
Mem:          3.8G       1.3G       2.5G       5.7M        59M       872M

MemTotal:        4016004 kB
MemFree:         2573600 kB
Active:           468948 kB
Mem:          3.8G       1.4G       2.5G       5.7M        59M       913M

MemTotal:        4016004 kB
MemFree:         2535732 kB
Active:           469104 kB
Mem:          3.8G       1.4G       2.4G       5.7M        59M       947M

MemTotal:        4016004 kB
MemFree:         2491112 kB
Active:           469244 kB
Mem:          3.8G       1.5G       2.4G       5.7M        59M       989M

MemTotal:        4016004 kB
MemFree:         2439572 kB
Active:           469488 kB
Mem:          3.8G       1.5G       2.3G       5.7M        59M       1.0G

MemTotal:        4016004 kB
MemFree:         2397144 kB
Active:           469652 kB
Mem:          3.8G       1.5G       2.3G       5.7M        59M       1.1G

MemTotal:        4016004 kB
MemFree:         2361100 kB
Active:           469840 kB
Mem:          3.8G       1.6G       2.3G       5.7M        59M       1.1G

MemTotal:        4016004 kB
MemFree:         2334528 kB
Active:           469972 kB
Mem:          3.8G       1.6G       2.2G       5.7M        59M       1.1G

MemTotal:        4016004 kB
MemFree:         2301796 kB
Active:           470100 kB
Mem:          3.8G       1.6G       2.2G       5.7M        59M       1.1G

MemTotal:        4016004 kB
MemFree:         2248548 kB
Active:           470232 kB
Mem:          3.8G       1.7G       2.1G       5.7M        59M       1.2G

MemTotal:        4016004 kB
MemFree:         2197472 kB
Active:           470464 kB
Mem:          3.8G       1.7G       2.1G       5.7M        59M       1.2G

MemTotal:        4016004 kB
MemFree:         2151064 kB
Active:           470656 kB
Mem:          3.8G       1.8G       2.1G       5.7M        59M       1.3G

MemTotal:        4016004 kB
MemFree:         2103284 kB
Active:           470856 kB
Mem:          3.8G       1.8G       2.0G       5.7M        59M       1.3G

MemTotal:        4016004 kB
MemFree:         2065924 kB
Active:           471060 kB
Mem:          3.8G       1.9G       2.0G       5.7M        59M       1.4G

MemTotal:        4016004 kB
MemFree:         2024468 kB
Active:           471232 kB
Mem:          3.8G       1.9G       1.9G       5.7M        59M       1.4G

MemTotal:        4016004 kB
MemFree:         1980380 kB
Active:           471416 kB
Mem:          3.8G       1.9G       1.9G       5.7M        59M       1.4G

MemTotal:        4016004 kB
MemFree:         1938944 kB
Active:           471612 kB
Mem:          3.8G       2.0G       1.8G       5.7M        59M       1.5G

MemTotal:        4016004 kB
MemFree:         1916404 kB
Active:           471772 kB
Mem:          3.8G       2.0G       1.8G       5.7M        59M       1.5G

MemTotal:        4016004 kB
MemFree:         1856464 kB
Active:           471836 kB
Mem:          3.8G       2.1G       1.8G       5.7M        59M       1.6G

MemTotal:        4016004 kB
MemFree:         1809232 kB
Active:           472144 kB
Mem:          3.8G       2.1G       1.7G       5.7M        59M       1.6G

MemTotal:        4016004 kB
MemFree:         1765092 kB
Active:           472324 kB
Mem:          3.8G       2.1G       1.7G       5.7M        59M       1.6G

MemTotal:        4016004 kB
MemFree:         1723848 kB
Active:           472500 kB
Mem:          3.8G       2.2G       1.6G       5.7M        59M       1.7G

MemTotal:        4016004 kB
MemFree:         1677120 kB
Active:           472684 kB
Mem:          3.8G       2.2G       1.6G       5.7M        59M       1.7G

MemTotal:        4016004 kB
MemFree:         1648180 kB
Active:           472836 kB
Mem:          3.8G       2.3G       1.6G       5.7M        59M       1.7G

MemTotal:        4016004 kB
MemFree:         1620020 kB
Active:           472904 kB
Mem:          3.8G       2.3G       1.5G       5.7M        59M       1.8G

MemTotal:        4016004 kB
MemFree:         1588380 kB
Active:           473056 kB
Mem:          3.8G       2.3G       1.5G       5.7M        59M       1.8G

MemTotal:        4016004 kB
MemFree:         1535872 kB
Active:           473220 kB
Mem:          3.8G       2.4G       1.5G       5.7M        59M       1.9G

MemTotal:        4016004 kB
MemFree:         1481964 kB
Active:           473508 kB
Mem:          3.8G       2.4G       1.4G       5.7M        60M       1.9G

MemTotal:        4016004 kB
MemFree:         1445504 kB
Active:           473672 kB
Mem:          3.8G       2.5G       1.4G       5.7M        60M       1.9G

MemTotal:        4016004 kB
MemFree:         1426756 kB
Active:           473812 kB
Mem:          3.8G       2.5G       1.4G       5.7M        60M       2.0G

MemTotal:        4016004 kB
MemFree:         1384644 kB
Active:           473976 kB
Mem:          3.8G       2.5G       1.3G       5.7M        60M       2.0G

MemTotal:        4016004 kB
MemFree:         1305492 kB
Active:           474284 kB
Mem:          3.8G       2.6G       1.2G       5.7M        60M       2.1G

MemTotal:        4016004 kB
MemFree:         1218896 kB
Active:           474616 kB
Mem:          3.8G       2.7G       1.2G       5.7M        60M       2.1G

MemTotal:        4016004 kB
MemFree:         1181832 kB
Active:           474788 kB
Mem:          3.8G       2.7G       1.1G       5.7M        60M       2.2G

MemTotal:        4016004 kB
MemFree:         1159992 kB
Active:           474868 kB
Mem:          3.8G       2.7G       1.1G       5.7M        60M       2.2G

MemTotal:        4016004 kB
MemFree:         1135088 kB
Active:           474964 kB
Mem:          3.8G       2.7G       1.1G       5.7M        60M       2.2G

MemTotal:        4016004 kB
MemFree:         1066284 kB
Active:           475208 kB
Mem:          3.8G       2.8G       1.0G       5.7M        60M       2.3G

MemTotal:        4016004 kB
MemFree:          997656 kB
Active:           475492 kB
Mem:          3.8G       2.9G       973M       5.7M        60M       2.4G

MemTotal:        4016004 kB
MemFree:          958436 kB
Active:           475676 kB
Mem:          3.8G       2.9G       935M       5.7M        60M       2.4G

MemTotal:        4016004 kB
MemFree:          924124 kB
Active:           475796 kB
Mem:          3.8G       2.9G       902M       5.7M        60M       2.4G

MemTotal:        4016004 kB
MemFree:          893708 kB
Active:           475908 kB
Mem:          3.8G       3.0G       872M       5.7M        60M       2.4G

MemTotal:        4016004 kB
MemFree:          860116 kB
Active:           476032 kB
Mem:          3.8G       3.0G       839M       5.7M        60M       2.5G

MemTotal:        4016004 kB
MemFree:          785808 kB
Active:           476328 kB
Mem:          3.8G       3.1G       766M       5.7M        60M       2.5G

MemTotal:        4016004 kB
MemFree:          734684 kB
Active:           476528 kB
Mem:          3.8G       3.1G       717M       5.7M        60M       2.6G

MemTotal:        4016004 kB
MemFree:          711788 kB
Active:           476648 kB
Mem:          3.8G       3.2G       694M       5.7M        60M       2.6G

MemTotal:        4016004 kB
MemFree:          664636 kB
Active:           476812 kB
Mem:          3.8G       3.2G       648M       5.7M        60M       2.7G

MemTotal:        4016004 kB
MemFree:          630136 kB
Active:           476952 kB
Mem:          3.8G       3.2G       614M       5.7M        60M       2.7G

MemTotal:        4016004 kB
MemFree:          589904 kB
Active:           477088 kB
Mem:          3.8G       3.3G       575M       5.7M        60M       2.7G

MemTotal:        4016004 kB
MemFree:          522216 kB
Active:           477344 kB
Mem:          3.8G       3.3G       509M       5.7M        60M       2.8G

MemTotal:        4016004 kB
MemFree:          468172 kB
Active:           477564 kB
Mem:          3.8G       3.4G       456M       5.7M        60M       2.8G

MemTotal:        4016004 kB
MemFree:          442816 kB
Active:           477692 kB
Mem:          3.8G       3.4G       432M       5.7M        60M       2.9G

MemTotal:        4016004 kB
MemFree:          417816 kB
Active:           477760 kB
Mem:          3.8G       3.4G       407M       5.7M        60M       2.9G

MemTotal:        4016004 kB
MemFree:          388520 kB
Active:           477884 kB
Mem:          3.8G       3.5G       378M       5.7M        60M       2.9G

MemTotal:        4016004 kB
MemFree:          327136 kB
Active:           478104 kB
Mem:          3.8G       3.5G       319M       5.7M        60M       3.0G

MemTotal:        4016004 kB
MemFree:          254512 kB
Active:           478388 kB
Mem:          3.8G       3.6G       248M       5.7M        60M       3.0G

MemTotal:        4016004 kB
MemFree:          220420 kB
Active:           478592 kB
Mem:          3.8G       3.6G       214M       5.7M        60M       3.1G

MemTotal:        4016004 kB
MemFree:          181996 kB
Active:           478716 kB
Mem:          3.8G       3.7G       176M       5.7M        60M       3.1G

MemTotal:        4016004 kB
MemFree:          153212 kB
Active:           478820 kB
Mem:          3.8G       3.7G       149M       5.7M        60M       3.1G

MemTotal:        4016004 kB
MemFree:          126052 kB
Active:           477152 kB
Mem:          3.8G       3.7G       146M       5.7M        27M       3.2G

MemTotal:        4016004 kB
MemFree:          135360 kB
Active:           500032 kB
Mem:          3.8G       3.7G       107M       5.7M        27M       3.2G

MemTotal:        4016004 kB
MemFree:          110324 kB
Active:           501164 kB
Mem:          3.8G       3.7G       116M       5.7M        27M       3.2G

MemTotal:        4016004 kB
MemFree:          123968 kB
Active:           489776 kB
Mem:          3.8G       3.7G       120M       5.7M        27M       3.2G

MemTotal:        4016004 kB
MemFree:          127748 kB
Active:           487588 kB
Mem:          3.8G       3.7G       124M       5.7M        27M       3.2G

MemTotal:        4016004 kB
MemFree:          127132 kB
Active:           487588 kB
Mem:          3.8G       3.7G       124M       5.7M        27M       3.2G

MemTotal:        4016004 kB
MemFree:          145160 kB
Active:           487276 kB
Mem:          3.8G       3.7G       141M       5.7M        27M       3.2G

MemTotal:        4016004 kB
MemFree:          114996 kB
Active:           486388 kB
Mem:          3.8G       3.7G       111M       5.7M        27M       3.2G

MemTotal:        4016004 kB
MemFree:          106684 kB
Active:           485176 kB
Mem:          3.8G       3.7G       103M       5.7M        27M       3.2G

MemTotal:        4016004 kB
MemFree:          132312 kB
Active:           483040 kB
Mem:          3.8G       3.7G       129M       5.7M        27M       3.2G

MemTotal:        4016004 kB
MemFree:          128272 kB
Active:           476440 kB
Mem:          3.8G       3.7G       125M       5.7M        27M       3.2G

MemTotal:        4016004 kB
MemFree:          112812 kB
Active:           474184 kB
Mem:          3.8G       3.7G       109M       5.7M        27M       3.2G

MemTotal:        4016004 kB
MemFree:          124104 kB
Active:           472568 kB
Mem:          3.8G       3.7G       120M       5.7M        27M       3.2G

MemTotal:        4016004 kB
MemFree:          134040 kB
Active:           470696 kB
Mem:          3.8G       3.7G       130M       5.7M        27M       3.2G

MemTotal:        4016004 kB
MemFree:          127456 kB
Active:           467704 kB
Mem:          3.8G       3.7G       124M       5.7M        27M       3.2G

MemTotal:        4016004 kB
MemFree:          126640 kB
Active:           467160 kB
Mem:          3.8G       3.7G       123M       5.7M        27M       3.2G

MemTotal:        4016004 kB
MemFree:          107080 kB
Active:           466752 kB
Mem:          3.8G       3.7G       104M       5.7M        27M       3.2G

MemTotal:        4016004 kB
MemFree:          131352 kB
Active:           461580 kB
Mem:          3.8G       3.7G       127M       5.7M        27M       3.2G

MemTotal:        4016004 kB
MemFree:          132468 kB
Active:           460036 kB
Mem:          3.8G       3.7G       128M       5.7M        27M       3.2G

MemTotal:        4016004 kB
MemFree:          115356 kB
Active:           458844 kB
Mem:          3.8G       3.7G       111M       5.7M        27M       3.2G

MemTotal:        4016004 kB
MemFree:          108652 kB
Active:           458988 kB
Mem:          3.8G       3.7G       105M       5.7M        27M       3.2G

MemTotal:        4016004 kB
MemFree:          106700 kB
Active:           457824 kB
Mem:          3.8G       3.7G       103M       5.7M        27M       3.2G

MemTotal:        4016004 kB
MemFree:          126984 kB
Active:           453152 kB
Mem:          3.8G       3.7G       123M       5.7M        27M       3.2G

MemTotal:        4016004 kB
MemFree:          118032 kB
Active:           451752 kB
Mem:          3.8G       3.7G       114M       5.7M        27M       3.2G

MemTotal:        4016004 kB
MemFree:          109944 kB
Active:           450840 kB
Mem:          3.8G       3.7G       106M       5.7M        27M       3.2G

MemTotal:        4016004 kB
MemFree:          110956 kB
Active:           448428 kB
Mem:          3.8G       3.7G       107M       5.7M        27M       3.2G

MemTotal:        4016004 kB
MemFree:          124584 kB
Active:           447004 kB
Mem:          3.8G       3.7G       121M       5.7M        27M       3.2G

MemTotal:        4016004 kB
MemFree:          118988 kB
Active:           446476 kB
Mem:          3.8G       3.7G       115M       5.7M        27M       3.2G

MemTotal:        4016004 kB
MemFree:          123448 kB
Active:           444800 kB
Mem:          3.8G       3.7G       119M       5.7M        27M       3.2G

MemTotal:        4016004 kB
MemFree:          139676 kB
Active:           441916 kB
Mem:          3.8G       3.7G       136M       5.7M        27M       3.2G

MemTotal:        4016004 kB
MemFree:          125100 kB
Active:           441436 kB
Mem:          3.8G       3.7G       121M       5.7M        27M       3.2G

MemTotal:        4016004 kB
MemFree:          114992 kB
Active:           434236 kB
Mem:          3.8G       3.7G       111M       5.7M        27M       3.2G

MemTotal:        4016004 kB
MemFree:          107316 kB
Active:           433088 kB
Mem:          3.8G       3.7G       104M       5.7M        27M       3.2G

MemTotal:        4016004 kB
MemFree:          149480 kB
Active:           429824 kB
Mem:          3.8G       3.7G       145M       5.7M        27M       3.2G

MemTotal:        4016004 kB
MemFree:          133096 kB
Active:           429888 kB
Mem:          3.8G       3.7G       129M       5.7M        27M       3.2G

MemTotal:        4016004 kB
MemFree:          112284 kB
Active:           429952 kB
Mem:          3.8G       3.7G       109M       5.7M        27M       3.2G

MemTotal:        4016004 kB
MemFree:          139032 kB
Active:           427120 kB
Mem:          3.8G       3.7G       137M       5.7M        27M       3.2G

MemTotal:        4016004 kB
MemFree:          131596 kB
Active:           425072 kB
Mem:          3.8G       3.7G       128M       5.7M        27M       3.2G

MemTotal:        4016004 kB
MemFree:          132288 kB
Active:           424152 kB
Mem:          3.8G       3.7G       129M       5.7M        27M       3.2G

MemTotal:        4016004 kB
MemFree:          126856 kB
Active:           423620 kB
Mem:          3.8G       3.7G       123M       5.7M        27M       3.2G

MemTotal:        4016004 kB
MemFree:          119936 kB
Active:           421192 kB
Mem:          3.8G       3.7G       116M       5.7M        27M       3.2G

MemTotal:        4016004 kB
MemFree:          123900 kB
Active:           419420 kB
Mem:          3.8G       3.7G       120M       5.7M        27M       3.2G

MemTotal:        4016004 kB
MemFree:          130276 kB
Active:           418072 kB
Mem:          3.8G       3.7G       126M       5.7M        27M       3.2G

MemTotal:        4016004 kB
MemFree:          135488 kB
Active:           417072 kB
Mem:          3.8G       3.7G       130M       5.7M        27M       3.2G

MemTotal:        4016004 kB
MemFree:          125904 kB
Active:           417048 kB
Mem:          3.8G       3.7G       122M       5.7M        27M       3.2G

MemTotal:        4016004 kB
MemFree:          111252 kB
Active:           416824 kB
Mem:          3.8G       3.7G       119M       5.7M        27M       3.2G

MemTotal:        4016004 kB
MemFree:          117464 kB
Active:           414876 kB
Mem:          3.8G       3.7G       113M       5.7M        27M       3.2G

MemTotal:        4016004 kB
MemFree:          137908 kB
Active:           414740 kB
Mem:          3.8G       3.7G       134M       5.7M        27M       3.2G

MemTotal:        4016004 kB
MemFree:          107996 kB
Active:           415028 kB
Mem:          3.8G       3.7G       105M       5.7M        27M       3.2G

MemTotal:        4016004 kB
MemFree:          110556 kB
Active:           415176 kB
Mem:          3.8G       3.7G       107M       5.7M        27M       3.2G

MemTotal:        4016004 kB
MemFree:          114776 kB
Active:           415260 kB
Mem:          3.8G       3.7G       112M       5.7M        27M       3.2G

MemTotal:        4016004 kB
MemFree:          142720 kB
Active:           415228 kB
Mem:          3.8G       3.7G       137M       5.7M        27M       3.2G

MemTotal:        4016004 kB
MemFree:          142492 kB
Active:           415444 kB
Mem:          3.8G       3.7G       138M       5.7M        27M       3.2G

MemTotal:        4016004 kB
MemFree:          133956 kB
Active:           415680 kB
Mem:          3.8G       3.7G       130M       5.7M        27M       3.2G

MemTotal:        4016004 kB
MemFree:          125664 kB
Active:           415872 kB
Mem:          3.8G       3.7G       122M       5.7M        27M       3.2G

MemTotal:        4016004 kB
MemFree:          105084 kB
Active:           415904 kB
Mem:          3.8G       3.7G       102M       5.7M        27M       3.2G

MemTotal:        4016004 kB
MemFree:          108416 kB
Active:           416008 kB
Mem:          3.8G       3.7G       105M       5.7M        27M       3.2G

MemTotal:        4016004 kB
MemFree:          122140 kB
Active:           416096 kB
Mem:          3.8G       3.7G       118M       5.7M        27M       3.2G

MemTotal:        4016004 kB
MemFree:          116788 kB
Active:           416504 kB
Mem:          3.8G       3.7G       113M       5.7M        27M       3.2G

MemTotal:        4016004 kB
MemFree:          123436 kB
Active:           416712 kB
Mem:          3.8G       3.7G       119M       5.7M        27M       3.2G

MemTotal:        4016004 kB
MemFree:          124172 kB
Active:           416852 kB
Mem:          3.8G       3.7G       120M       5.7M        27M       3.2G

MemTotal:        4016004 kB
MemFree:          123748 kB
Active:           417132 kB
Mem:          3.8G       3.7G       120M       5.7M        27M       3.2G

MemTotal:        4016004 kB
MemFree:          108496 kB
Active:           417316 kB
Mem:          3.8G       3.7G       105M       5.7M        27M       3.2G

MemTotal:        4016004 kB
MemFree:          126732 kB
Active:           417472 kB
Mem:          3.8G       3.7G       123M       5.7M        27M       3.2G

MemTotal:        4016004 kB
MemFree:          122616 kB
Active:           417532 kB
Mem:          3.8G       3.7G       119M       5.7M        27M       3.2G

MemTotal:        4016004 kB
MemFree:          126012 kB
Active:           417584 kB
Mem:          3.8G       3.7G       122M       5.7M        27M       3.2G

MemTotal:        4016004 kB
MemFree:          112952 kB
Active:           417732 kB
Mem:          3.8G       3.7G       109M       5.7M        27M       3.2G

MemTotal:        4016004 kB
MemFree:          116980 kB
Active:           418076 kB
Mem:          3.8G       3.7G       113M       5.7M        27M       3.2G

MemTotal:        4016004 kB
MemFree:          131036 kB
Active:           418344 kB
Mem:          3.8G       3.7G       127M       5.7M        27M       3.2G

MemTotal:        4016004 kB
MemFree:          130336 kB
Active:           418516 kB
Mem:          3.8G       3.7G       126M       5.7M        27M       3.2G

MemTotal:        4016004 kB
MemFree:          147140 kB
Active:           418676 kB
Mem:          3.8G       3.7G       143M       5.7M        27M       3.2G

MemTotal:        4016004 kB
MemFree:          126660 kB
Active:           418812 kB
Mem:          3.8G       3.7G       123M       5.7M        27M       3.2G

MemTotal:        4016004 kB
MemFree:          131700 kB
Active:           418996 kB
Mem:          3.8G       3.7G       128M       5.7M        27M       3.2G

MemTotal:        4016004 kB
MemFree:          107440 kB
Active:           419164 kB
Mem:          3.8G       3.7G       104M       5.7M        27M       3.2G

MemTotal:        4016004 kB
MemFree:          127436 kB
Active:           419220 kB
Mem:          3.8G       3.7G       124M       5.7M        27M       3.2G

MemTotal:        4016004 kB
MemFree:          105532 kB
Active:           419316 kB
Mem:          3.8G       3.7G       102M       5.7M        27M       3.2G

MemTotal:        4016004 kB
MemFree:          124484 kB
Active:           419500 kB
Mem:          3.8G       3.7G       120M       5.7M        27M       3.2G

MemTotal:        4016004 kB
MemFree:          145040 kB
Active:           421156 kB
Mem:          3.8G       3.7G       141M       5.7M        27M       3.2G

MemTotal:        4016004 kB
MemFree:          128768 kB
Active:           421260 kB
Mem:          3.8G       3.7G       125M       5.7M        27M       3.2G

MemTotal:        4016004 kB
MemFree:          113628 kB
Active:           417460 kB
Mem:          3.8G       3.7G       110M       5.7M        27M       3.2G

MemTotal:        4016004 kB
MemFree:          124080 kB
Active:           417560 kB
Mem:          3.8G       3.7G       120M       5.7M        27M       3.2G

MemTotal:        4016004 kB
MemFree:          125884 kB
Active:           417680 kB
Mem:          3.8G       3.7G       122M       5.7M        27M       3.2G

MemTotal:        4016004 kB
MemFree:          125440 kB
Active:           417944 kB
Mem:          3.8G       3.7G       122M       5.7M        27M       3.2G

MemTotal:        4016004 kB
MemFree:          120608 kB
Active:           418216 kB
Mem:          3.8G       3.7G       117M       5.7M        27M       3.2G

MemTotal:        4016004 kB
MemFree:          134420 kB
Active:           418380 kB
Mem:          3.8G       3.7G       131M       5.7M        27M       3.2G

MemTotal:        4016004 kB
MemFree:          133276 kB
Active:           418500 kB
Mem:          3.8G       3.7G       130M       5.7M        27M       3.2G

MemTotal:        4016004 kB
MemFree:          134892 kB
Active:           418648 kB
Mem:          3.8G       3.7G       131M       5.7M        27M       3.2G

MemTotal:        4016004 kB
MemFree:          122384 kB
Active:           416028 kB
Mem:          3.8G       3.7G       118M       5.7M        27M       3.2G

MemTotal:        4016004 kB
MemFree:          126304 kB
Active:           415736 kB
Mem:          3.8G       3.7G       122M       5.7M        27M       3.2G

MemTotal:        4016004 kB
MemFree:          133748 kB
Active:           415880 kB
Mem:          3.8G       3.7G       129M       5.7M        27M       3.2G

MemTotal:        4016004 kB
MemFree:          135448 kB
Active:           416000 kB
Mem:          3.8G       3.7G       131M       5.7M        27M       3.2G

MemTotal:        4016004 kB
MemFree:          125008 kB
Active:           415992 kB
Mem:          3.8G       3.7G       121M       5.7M        27M       3.2G

MemTotal:        4016004 kB
MemFree:          124332 kB
Active:           416156 kB
Mem:          3.8G       3.7G       120M       5.7M        27M       3.2G

MemTotal:        4016004 kB
MemFree:          112956 kB
Active:           416408 kB
Mem:          3.8G       3.7G       109M       5.7M        27M       3.2G

MemTotal:        4016004 kB
MemFree:          120776 kB
Active:           416644 kB
Mem:          3.8G       3.7G       117M       5.7M        27M       3.2G

MemTotal:        4016004 kB
MemFree:          128332 kB
Active:           416684 kB
Mem:          3.8G       3.7G       120M       5.7M        27M       3.2G

MemTotal:        4016004 kB
MemFree:          115524 kB
Active:           417616 kB
Mem:          3.8G       3.7G       112M       5.7M        27M       3.2G

MemTotal:        4016004 kB
MemFree:          129952 kB
Active:           415568 kB
Mem:          3.8G       3.7G       126M       5.7M        27M       3.2G

MemTotal:        4016004 kB
MemFree:          140476 kB
Active:           415792 kB
Mem:          3.8G       3.7G       136M       5.7M        27M       3.2G

MemTotal:        4016004 kB
MemFree:          133844 kB
Active:           413828 kB
Mem:          3.8G       3.7G       129M       5.7M        27M       3.2G

MemTotal:        4016004 kB
MemFree:          131728 kB
Active:           414356 kB
Mem:          3.8G       3.7G       128M       5.7M        27M       3.2G

MemTotal:        4016004 kB
MemFree:          126356 kB
Active:           413316 kB
Mem:          3.8G       3.7G       122M       5.7M        27M       3.2G

MemTotal:        4016004 kB
MemFree:          120804 kB
Active:           413488 kB
Mem:          3.8G       3.7G       117M       5.7M        27M       3.2G

MemTotal:        4016004 kB
MemFree:          115076 kB
Active:           413600 kB
Mem:          3.8G       3.7G       112M       5.7M        27M       3.2G

MemTotal:        4016004 kB
MemFree:          118720 kB
Active:           413728 kB
Mem:          3.8G       3.7G       115M       5.7M        27M       3.2G

MemTotal:        4016004 kB
MemFree:          133240 kB
Active:           413876 kB
Mem:          3.8G       3.7G       129M       5.7M        27M       3.2G

MemTotal:        4016004 kB
MemFree:          108220 kB
Active:           414124 kB
Mem:          3.8G       3.7G       104M       5.7M        27M       3.2G

MemTotal:        4016004 kB
MemFree:          120752 kB
Active:           414316 kB
Mem:          3.8G       3.7G       117M       5.7M        27M       3.2G

MemTotal:        4016004 kB
MemFree:          136064 kB
Active:           414416 kB
Mem:          3.8G       3.7G       132M       5.7M        27M       3.2G

MemTotal:        4016004 kB
MemFree:          119716 kB
Active:           414492 kB
Mem:          3.8G       3.7G       116M       5.7M        27M       3.2G

MemTotal:        4016004 kB
MemFree:          135928 kB
Active:           415004 kB
Mem:          3.8G       3.7G       132M       5.7M        27M       3.2G

MemTotal:        4016004 kB
MemFree:          125076 kB
Active:           404232 kB
Mem:          3.8G       3.7G       121M       5.7M        27M       3.2G

MemTotal:        4016004 kB
MemFree:          121836 kB
Active:           404364 kB
Mem:          3.8G       3.7G       118M       5.7M        27M       3.2G

MemTotal:        4016004 kB
MemFree:          114816 kB
Active:           404484 kB
Mem:          3.8G       3.7G       111M       5.7M        27M       3.2G

MemTotal:        4016004 kB
MemFree:          106488 kB
Active:           404624 kB
Mem:          3.8G       3.7G       103M       5.7M        27M       3.2G

MemTotal:        4016004 kB
MemFree:          117912 kB
Active:           404860 kB
Mem:          3.8G       3.7G       114M       5.7M        27M       3.2G

MemTotal:        4016004 kB
MemFree:          109632 kB
Active:           405096 kB
Mem:          3.8G       3.7G       106M       5.7M        27M       3.2G

MemTotal:        4016004 kB
MemFree:          123224 kB
Active:           405204 kB
Mem:          3.8G       3.7G       120M       5.7M        27M       3.2G

MemTotal:        4016004 kB
MemFree:          130356 kB
Active:           405356 kB
Mem:          3.8G       3.7G       127M       5.7M        27M       3.2G

MemTotal:        4016004 kB
MemFree:          134164 kB
Active:           405476 kB
Mem:          3.8G       3.7G       130M       5.7M        27M       3.2G

MemTotal:        4016004 kB
MemFree:          112068 kB
Active:           405612 kB
Mem:          3.8G       3.7G       108M       5.7M        27M       3.2G

MemTotal:        4016004 kB
MemFree:          120416 kB
Active:           405848 kB
Mem:          3.8G       3.7G       117M       5.7M        27M       3.2G

MemTotal:        4016004 kB
MemFree:          134040 kB
Active:           406060 kB
Mem:          3.8G       3.7G       130M       5.7M        27M       3.2G

MemTotal:        4016004 kB
MemFree:          110128 kB
Active:           405268 kB
Mem:          3.8G       3.7G       107M       5.7M        27M       3.2G

MemTotal:        4016004 kB
MemFree:          140800 kB
Active:           405432 kB
Mem:          3.8G       3.7G       136M       5.7M        27M       3.2G

MemTotal:        4016004 kB
MemFree:          106388 kB
Active:           405592 kB
Mem:          3.8G       3.7G       103M       5.7M        27M       3.2G

MemTotal:        4016004 kB
MemFree:          133648 kB
Active:           405788 kB
Mem:          3.8G       3.7G       129M       5.7M        27M       3.2G

MemTotal:        4016004 kB
MemFree:          128996 kB
Active:           405956 kB
Mem:          3.8G       3.7G       125M       5.7M        27M       3.2G

MemTotal:        4016004 kB
MemFree:          107584 kB
Active:           406536 kB
Mem:          3.8G       3.7G       104M       5.7M        27M       3.2G

MemTotal:        4016004 kB
MemFree:          108852 kB
Active:           406852 kB
Mem:          3.8G       3.7G       105M       5.7M        27M       3.2G

MemTotal:        4016004 kB
MemFree:          133108 kB
Active:           407012 kB
Mem:          3.8G       3.7G       129M       5.7M        27M       3.2G

MemTotal:        4016004 kB
MemFree:          128360 kB
Active:           405420 kB
Mem:          3.8G       3.7G       124M       5.7M        27M       3.2G

MemTotal:        4016004 kB
MemFree:          119020 kB
Active:           405420 kB
Mem:          3.8G       3.7G       115M       5.7M        27M       3.2G

MemTotal:        4016004 kB
MemFree:          131720 kB
Active:           405700 kB
Mem:          3.8G       3.7G       128M       5.7M        27M       3.2G

MemTotal:        4016004 kB
MemFree:          123564 kB
Active:           405864 kB
Mem:          3.8G       3.7G       119M       5.7M        27M       3.2G

MemTotal:        4016004 kB
MemFree:          119996 kB
Active:           406044 kB
Mem:          3.8G       3.7G       116M       5.7M        27M       3.2G

MemTotal:        4016004 kB
MemFree:          119160 kB
Active:           406152 kB
Mem:          3.8G       3.7G       116M       5.7M        27M       3.2G

MemTotal:        4016004 kB
MemFree:          119352 kB
Active:           406116 kB
Mem:          3.8G       3.7G       116M       5.7M        27M       3.2G

MemTotal:        4016004 kB
MemFree:          136320 kB
Active:           406280 kB
Mem:          3.8G       3.7G       137M       5.7M        27M       3.2G

MemTotal:        4016004 kB
MemFree:          134200 kB
Active:           406532 kB
Mem:          3.8G       3.7G       130M       5.7M        27M       3.2G

MemTotal:        4016004 kB
MemFree:          132056 kB
Active:           406732 kB
Mem:          3.8G       3.7G       128M       5.7M        27M       3.2G

MemTotal:        4016004 kB
MemFree:          123208 kB
Active:           406992 kB
Mem:          3.8G       3.7G       119M       5.7M        27M       3.2G

MemTotal:        4016004 kB
MemFree:          114096 kB
Active:           407188 kB
Mem:          3.8G       3.7G       110M       5.7M        27M       3.2G

MemTotal:        4016004 kB
MemFree:          126208 kB
Active:           407344 kB
Mem:          3.8G       3.7G       122M       5.7M        27M       3.2G

MemTotal:        4016004 kB
MemFree:          136136 kB
Active:           407464 kB
Mem:          3.8G       3.7G       132M       5.7M        27M       3.2G

MemTotal:        4016004 kB
MemFree:          120792 kB
Active:           407580 kB
Mem:          3.8G       3.7G       117M       5.7M        27M       3.2G

MemTotal:        4016004 kB
MemFree:          111004 kB
Active:           403592 kB
Mem:          3.8G       3.7G       107M       5.7M        27M       3.2G

MemTotal:        4016004 kB
MemFree:          119636 kB
Active:           403640 kB
Mem:          3.8G       3.7G       116M       5.7M        27M       3.2G

MemTotal:        4016004 kB
MemFree:          124468 kB
Active:           403840 kB
Mem:          3.8G       3.7G       120M       5.7M        27M       3.2G

MemTotal:        4016004 kB
MemFree:          129832 kB
Active:           403976 kB
Mem:          3.8G       3.7G       126M       5.7M        27M       3.2G

MemTotal:        4016004 kB
MemFree:          124384 kB
Active:           404084 kB
Mem:          3.8G       3.7G       120M       5.7M        27M       3.2G

MemTotal:        4016004 kB
MemFree:          122568 kB
Active:           404352 kB
Mem:          3.8G       3.7G       119M       5.7M        27M       3.2G

MemTotal:        4016004 kB
MemFree:          138584 kB
Active:           404712 kB
Mem:          3.8G       3.7G       135M       5.7M        27M       3.2G

MemTotal:        4016004 kB
MemFree:          137160 kB
Active:           404736 kB
Mem:          3.8G       3.7G       133M       5.7M        27M       3.2G

MemTotal:        4016004 kB
MemFree:          136916 kB
Active:           404724 kB
Mem:          3.8G       3.7G       133M       5.7M        27M       3.2G

MemTotal:        4016004 kB
MemFree:          123788 kB
Active:           404744 kB
Mem:          3.8G       3.7G       120M       5.7M        27M       3.2G

MemTotal:        4016004 kB
MemFree:          123256 kB
Active:           405300 kB
Mem:          3.8G       3.7G       120M       5.7M        27M       3.2G

MemTotal:        4016004 kB
MemFree:          105816 kB
Active:           405556 kB
Mem:          3.8G       3.7G       102M       5.7M        27M       3.2G

MemTotal:        4016004 kB
MemFree:          128572 kB
Active:           405620 kB
Mem:          3.8G       3.7G       125M       5.7M        27M       3.2G

MemTotal:        4016004 kB
MemFree:          128172 kB
Active:           405620 kB
Mem:          3.8G       3.7G       124M       5.7M        27M       3.2G

MemTotal:        4016004 kB
MemFree:          127960 kB
Active:           405616 kB
Mem:          3.8G       3.7G       124M       5.7M        27M       3.2G

MemTotal:        4016004 kB
MemFree:          137608 kB
Active:           404320 kB
Mem:          3.8G       3.7G       134M       5.7M        27M       3.2G

MemTotal:        4016004 kB
MemFree:          125696 kB
Active:           404452 kB
Mem:          3.8G       3.7G       122M       5.7M        27M       3.2G

MemTotal:        4016004 kB
MemFree:          109916 kB
Active:           404540 kB
Mem:          3.8G       3.7G       107M       5.7M        27M       3.2G

MemTotal:        4016004 kB
MemFree:          123040 kB
Active:           404592 kB
Mem:          3.8G       3.7G       119M       5.7M        27M       3.2G

MemTotal:        4016004 kB
MemFree:          121848 kB
Active:           404688 kB
Mem:          3.8G       3.7G       118M       5.7M        27M       3.2G

MemTotal:        4016004 kB
MemFree:          133200 kB
Active:           405176 kB
Mem:          3.8G       3.7G       129M       5.7M        27M       3.2G

MemTotal:        4016004 kB
MemFree:          125988 kB
Active:           405348 kB
Mem:          3.8G       3.7G       122M       5.7M        27M       3.2G

MemTotal:        4016004 kB
MemFree:          109392 kB
Active:           405476 kB
Mem:          3.8G       3.7G       106M       5.7M        27M       3.2G

MemTotal:        4016004 kB
MemFree:          110192 kB
Active:           407232 kB
Mem:          3.8G       3.7G       107M       5.7M        27M       3.2G

MemTotal:        4016004 kB
MemFree:          107764 kB
Active:           406924 kB
Mem:          3.8G       3.7G       104M       5.7M        27M       3.2G

MemTotal:        4016004 kB
MemFree:          152468 kB
Active:           407260 kB
Mem:          3.8G       3.7G       148M       5.7M        27M       3.1G

MemTotal:        4016004 kB
MemFree:          108400 kB
Active:           407448 kB
Mem:          3.8G       3.7G       105M       5.7M        27M       3.2G

MemTotal:        4016004 kB
MemFree:          107596 kB
Active:           407464 kB
Mem:          3.8G       3.7G       105M       5.7M        27M       3.2G

MemTotal:        4016004 kB
MemFree:          107604 kB
Active:           407476 kB
Mem:          3.8G       3.7G       104M       5.7M        27M       3.2G

MemTotal:        4016004 kB
MemFree:          119544 kB
Active:           407748 kB
Mem:          3.8G       3.7G       116M       5.7M        27M       3.2G

MemTotal:        4016004 kB
MemFree:          138232 kB
Active:           407932 kB
Mem:          3.8G       3.7G       134M       5.7M        27M       3.2G

MemTotal:        4016004 kB
MemFree:          131836 kB
Active:           408172 kB
Mem:          3.8G       3.7G       128M       5.7M        27M       3.2G

MemTotal:        4016004 kB
MemFree:          142824 kB
Active:           408204 kB
Mem:          3.8G       3.7G       139M       5.7M        27M       3.2G

MemTotal:        4016004 kB
MemFree:          131656 kB
Active:           410132 kB
Mem:          3.8G       3.7G       128M       5.7M        27M       3.2G

MemTotal:        4016004 kB
MemFree:          131344 kB
Active:           410288 kB
Mem:          3.8G       3.7G       131M       5.7M        27M       3.2G

MemTotal:        4016004 kB
MemFree:          106280 kB
Active:           410392 kB
Mem:          3.8G       3.7G       103M       5.7M        27M       3.2G

MemTotal:        4016004 kB
MemFree:          109664 kB
Active:           410528 kB
Mem:          3.8G       3.7G       106M       5.7M        27M       3.2G

MemTotal:        4016004 kB
MemFree:          130288 kB
Active:           410692 kB
Mem:          3.8G       3.7G       126M       5.7M        27M       3.2G

MemTotal:        4016004 kB
MemFree:          128080 kB
Active:           410948 kB
Mem:          3.8G       3.7G       124M       5.7M        27M       3.2G

MemTotal:        4016004 kB
MemFree:          126904 kB
Active:           411124 kB
Mem:          3.8G       3.7G       123M       5.7M        27M       3.2G

MemTotal:        4016004 kB
MemFree:          126816 kB
Active:           411104 kB
Mem:          3.8G       3.7G       123M       5.7M        27M       3.2G

MemTotal:        4016004 kB
MemFree:          121636 kB
Active:           411084 kB
Mem:          3.8G       3.7G       118M       5.7M        27M       3.2G

MemTotal:        4016004 kB
MemFree:          126824 kB
Active:           411536 kB
Mem:          3.8G       3.7G       122M       5.7M        27M       3.2G

MemTotal:        4016004 kB
MemFree:          149952 kB
Active:           412032 kB
Mem:          3.8G       3.7G       146M       5.7M        27M       3.1G

MemTotal:        4016004 kB
MemFree:          143212 kB
Active:           412192 kB
Mem:          3.8G       3.7G       139M       5.7M        27M       3.2G

MemTotal:        4016004 kB
MemFree:          132532 kB
Active:           412236 kB
Mem:          3.8G       3.7G       128M       5.7M        27M       3.2G

MemTotal:        4016004 kB
MemFree:          117156 kB
Active:           412416 kB
Mem:          3.8G       3.7G       113M       5.7M        27M       3.2G

MemTotal:        4016004 kB
MemFree:          111916 kB
Active:           412548 kB
Mem:          3.8G       3.7G       108M       5.7M        27M       3.2G

MemTotal:        4016004 kB
MemFree:          117340 kB
Active:           412656 kB
Mem:          3.8G       3.7G       114M       5.7M        27M       3.2G

MemTotal:        4016004 kB
MemFree:          124184 kB
Active:           412848 kB
Mem:          3.8G       3.7G       119M       5.7M        27M       3.2G

MemTotal:        4016004 kB
MemFree:          130536 kB
Active:           413088 kB
Mem:          3.8G       3.7G       126M       5.7M        27M       3.2G

MemTotal:        4016004 kB
MemFree:          127968 kB
Active:           413288 kB
Mem:          3.8G       3.7G       124M       5.7M        27M       3.2G

MemTotal:        4016004 kB
MemFree:          113120 kB
Active:           413376 kB
Mem:          3.8G       3.7G       125M       5.7M        27M       3.2G

MemTotal:        4016004 kB
MemFree:          116008 kB
Active:           414932 kB
Mem:          3.8G       3.7G       112M       5.7M        27M       3.2G

MemTotal:        4016004 kB
MemFree:          109832 kB
Active:           415188 kB
Mem:          3.8G       3.7G       106M       5.7M        27M       3.2G

MemTotal:        4016004 kB
MemFree:          145680 kB
Active:           415432 kB
Mem:          3.8G       3.7G       141M       5.7M        27M       3.2G

MemTotal:        4016004 kB
MemFree:          140692 kB
Active:           415572 kB
Mem:          3.8G       3.7G       136M       5.7M        27M       3.2G

MemTotal:        4016004 kB
MemFree:          107628 kB
Active:           415740 kB
Mem:          3.8G       3.7G       104M       5.7M        27M       3.2G

MemTotal:        4016004 kB
MemFree:          106764 kB
Active:           415884 kB
Mem:          3.8G       3.7G       103M       5.7M        27M       3.2G

MemTotal:        4016004 kB
MemFree:          134388 kB
Active:           416044 kB
Mem:          3.8G       3.7G       130M       5.7M        27M       3.2G

MemTotal:        4016004 kB
MemFree:          113548 kB
Active:           416216 kB
Mem:          3.8G       3.7G       110M       5.7M        27M       3.2G

MemTotal:        4016004 kB
MemFree:          122076 kB
Active:           416356 kB
Mem:          3.8G       3.7G       118M       5.7M        27M       3.2G

MemTotal:        4016004 kB
MemFree:          141100 kB
Active:           416508 kB
Mem:          3.8G       3.7G       136M       5.7M        27M       3.2G

MemTotal:        4016004 kB
MemFree:          128416 kB
Active:           416732 kB
Mem:          3.8G       3.7G       133M       5.7M        27M       3.2G

MemTotal:        4016004 kB
MemFree:          129408 kB
Active:           416924 kB
Mem:          3.8G       3.7G       126M       5.7M        27M       3.2G

MemTotal:        4016004 kB
MemFree:          128572 kB
Active:           417036 kB
Mem:          3.8G       3.7G       125M       5.7M        27M       3.2G

MemTotal:        4016004 kB
MemFree:          128104 kB
Active:           417048 kB
Mem:          3.8G       3.7G       125M       5.7M        27M       3.2G

MemTotal:        4016004 kB
MemFree:          147256 kB
Active:           417040 kB
Mem:          3.8G       3.7G       143M       5.7M        27M       3.1G

MemTotal:        4016004 kB
MemFree:          127188 kB
Active:           417460 kB
Mem:          3.8G       3.7G       123M       5.7M        27M       3.2G

MemTotal:        4016004 kB
MemFree:          130100 kB
Active:           417692 kB
Mem:          3.8G       3.7G       126M       5.7M        27M       3.2G

MemTotal:        4016004 kB
MemFree:          129144 kB
Active:           417816 kB
Mem:          3.8G       3.7G       125M       5.7M        27M       3.2G

MemTotal:        4016004 kB
MemFree:          142096 kB
Active:           417760 kB
Mem:          3.8G       3.7G       138M       5.7M        27M       3.2G

MemTotal:        4016004 kB
MemFree:          104892 kB
Active:           418144 kB
Mem:          3.8G       3.7G       108M       5.7M        27M       3.2G

MemTotal:        4016004 kB
MemFree:          115120 kB
Active:           418444 kB
Mem:          3.8G       3.7G       112M       5.7M        27M       3.2G

MemTotal:        4016004 kB
MemFree:          118068 kB
Active:           418668 kB
Mem:          3.8G       3.7G       114M       5.7M        27M       3.2G

MemTotal:        4016004 kB
MemFree:          111424 kB
Active:           418848 kB
Mem:          3.8G       3.7G       108M       5.7M        27M       3.2G

MemTotal:        4016004 kB
MemFree:          111884 kB
Active:           419000 kB
Mem:          3.8G       3.7G       109M       5.7M        27M       3.2G

MemTotal:        4016004 kB
MemFree:          126548 kB
Active:           419096 kB
Mem:          3.8G       3.7G       123M       5.7M        27M       3.2G

MemTotal:        4016004 kB
MemFree:          134316 kB
Active:           419172 kB
Mem:          3.8G       3.7G       130M       5.7M        27M       3.2G

MemTotal:        4016004 kB
MemFree:          138548 kB
Active:           419540 kB
Mem:          3.8G       3.7G       134M       5.7M        27M       3.2G

MemTotal:        4016004 kB
MemFree:          114868 kB
Active:           419816 kB
Mem:          3.8G       3.7G       111M       5.7M        27M       3.2G

MemTotal:        4016004 kB
MemFree:          133204 kB
Active:           419968 kB
Mem:          3.8G       3.7G       129M       5.7M        27M       3.2G

MemTotal:        4016004 kB
MemFree:          108012 kB
Active:           420064 kB
Mem:          3.8G       3.7G       105M       5.7M        27M       3.2G

MemTotal:        4016004 kB
MemFree:          126932 kB
Active:           420176 kB
Mem:          3.8G       3.7G       123M       5.7M        27M       3.2G

MemTotal:        4016004 kB
MemFree:          111592 kB
Active:           420496 kB
Mem:          3.8G       3.7G       108M       5.7M        27M       3.2G

MemTotal:        4016004 kB
MemFree:          142964 kB
Active:           420732 kB
Mem:          3.8G       3.7G       139M       5.7M        27M       3.1G

MemTotal:        4016004 kB
MemFree:          109708 kB
Active:           420912 kB
Mem:          3.8G       3.7G       106M       5.7M        27M       3.2G

MemTotal:        4016004 kB
MemFree:          123628 kB
Active:           421012 kB
Mem:          3.8G       3.7G       120M       5.7M        27M       3.2G

MemTotal:        4016004 kB
MemFree:          129068 kB
Active:           421148 kB
Mem:          3.8G       3.7G       125M       5.7M        27M       3.2G

MemTotal:        4016004 kB
MemFree:          106428 kB
Active:           421416 kB
Mem:          3.8G       3.7G       103M       5.7M        27M       3.2G

MemTotal:        4016004 kB
MemFree:          125944 kB
Active:           421636 kB
Mem:          3.8G       3.7G       122M       5.7M        27M       3.2G

MemTotal:        4016004 kB
MemFree:          109416 kB
Active:           421808 kB
Mem:          3.8G       3.7G       106M       5.7M        27M       3.2G

MemTotal:        4016004 kB
MemFree:          116764 kB
Active:           421872 kB
Mem:          3.8G       3.7G       113M       5.7M        27M       3.2G

MemTotal:        4016004 kB
MemFree:          125228 kB
Active:           421944 kB
Mem:          3.8G       3.7G       122M       5.7M        27M       3.2G

MemTotal:        4016004 kB
MemFree:          131196 kB
Active:           422188 kB
Mem:          3.8G       3.7G       128M       5.7M        27M       3.2G

MemTotal:        4016004 kB
MemFree:          129928 kB
Active:           422532 kB
Mem:          3.8G       3.7G       126M       5.7M        27M       3.2G

MemTotal:        4016004 kB
MemFree:          118476 kB
Active:           422708 kB
Mem:          3.8G       3.7G       115M       5.7M        27M       3.2G

MemTotal:        4016004 kB
MemFree:          120276 kB
Active:           422812 kB
Mem:          3.8G       3.7G       116M       5.7M        27M       3.2G

MemTotal:        4016004 kB
MemFree:          120824 kB
Active:           422940 kB
Mem:          3.8G       3.7G       117M       5.7M        27M       3.2G

MemTotal:        4016004 kB
MemFree:          138344 kB
Active:           423108 kB
Mem:          3.8G       3.7G       134M       5.7M        27M       3.2G

MemTotal:        4016004 kB
MemFree:          135948 kB
Active:           423364 kB
Mem:          3.8G       3.7G       132M       5.7M        27M       3.2G

MemTotal:        4016004 kB
MemFree:          141464 kB
Active:           423532 kB
Mem:          3.8G       3.7G       137M       5.7M        27M       3.1G

MemTotal:        4016004 kB
MemFree:          124664 kB
Active:           423708 kB
Mem:          3.8G       3.7G       121M       5.7M        27M       3.2G

MemTotal:        4016004 kB
MemFree:          117960 kB
Active:           423864 kB
Mem:          3.8G       3.7G       114M       5.7M        27M       3.2G

MemTotal:        4016004 kB
MemFree:          110764 kB
Active:           424048 kB
Mem:          3.8G       3.7G       107M       5.7M        27M       3.2G

MemTotal:        4016004 kB
MemFree:          125860 kB
Active:           424224 kB
Mem:          3.8G       3.7G       122M       5.7M        27M       3.2G

MemTotal:        4016004 kB
MemFree:          131344 kB
Active:           424388 kB
Mem:          3.8G       3.7G       128M       5.7M        27M       3.2G

MemTotal:        4016004 kB
MemFree:          114048 kB
Active:           424544 kB
Mem:          3.8G       3.7G       110M       5.7M        28M       3.2G

MemTotal:        4016004 kB
MemFree:          112852 kB
Active:           424676 kB
Mem:          3.8G       3.7G       110M       5.7M        28M       3.2G

MemTotal:        4016004 kB
MemFree:          112068 kB
Active:           424812 kB
Mem:          3.8G       3.7G       109M       5.7M        28M       3.2G

MemTotal:        4016004 kB
MemFree:          131320 kB
Active:           424980 kB
Mem:          3.8G       3.7G       128M       5.7M        28M       3.2G

MemTotal:        4016004 kB
MemFree:          128936 kB
Active:           425212 kB
Mem:          3.8G       3.7G       125M       5.7M        28M       3.2G

MemTotal:        4016004 kB
MemFree:          127380 kB
Active:           425332 kB
Mem:          3.8G       3.7G       123M       5.7M        28M       3.2G

MemTotal:        4016004 kB
MemFree:          127132 kB
Active:           425480 kB
Mem:          3.8G       3.7G       124M       5.7M        28M       3.2G

MemTotal:        4016004 kB
MemFree:          125608 kB
Active:           425624 kB
Mem:          3.8G       3.7G       121M       5.7M        28M       3.2G

MemTotal:        4016004 kB
MemFree:          114984 kB
Active:           425872 kB
Mem:          3.8G       3.7G       111M       5.7M        28M       3.2G

MemTotal:        4016004 kB
MemFree:          113068 kB
Active:           426084 kB
Mem:          3.8G       3.7G       109M       5.7M        28M       3.2G

MemTotal:        4016004 kB
MemFree:          140320 kB
Active:           426264 kB
Mem:          3.8G       3.7G       136M       5.7M        28M       3.1G

MemTotal:        4016004 kB
MemFree:          139548 kB
Active:           426256 kB
Mem:          3.8G       3.7G       136M       5.7M        28M       3.1G

MemTotal:        4016004 kB
MemFree:          114192 kB
Active:           426236 kB
Mem:          3.8G       3.7G       111M       5.7M        28M       3.2G

MemTotal:        4016004 kB
MemFree:          106856 kB
Active:           426656 kB
Mem:          3.8G       3.7G       103M       5.7M        28M       3.2G

MemTotal:        4016004 kB
MemFree:          124564 kB
Active:           426892 kB
Mem:          3.8G       3.7G       121M       5.7M        28M       3.2G

MemTotal:        4016004 kB
MemFree:          125252 kB
Active:           427104 kB
Mem:          3.8G       3.7G       121M       5.7M        28M       3.2G

MemTotal:        4016004 kB
MemFree:          123464 kB
Active:           427276 kB
Mem:          3.8G       3.7G       119M       5.7M        28M       3.2G

MemTotal:        4016004 kB
MemFree:          137424 kB
Active:           427480 kB
Mem:          3.8G       3.7G       133M       5.7M        28M       3.2G

MemTotal:        4016004 kB
MemFree:          114656 kB
Active:           427572 kB
Mem:          3.8G       3.7G       111M       5.7M        28M       3.2G

MemTotal:        4016004 kB
MemFree:          118056 kB
Active:           427652 kB
Mem:          3.8G       3.7G       115M       5.7M        28M       3.2G

MemTotal:        4016004 kB
MemFree:          140848 kB
Active:           427764 kB
Mem:          3.8G       3.7G       137M       5.7M        28M       3.1G

MemTotal:        4016004 kB
MemFree:          146652 kB
Active:           428108 kB
Mem:          3.8G       3.7G       141M       5.7M        28M       3.1G

MemTotal:        4016004 kB
MemFree:          128672 kB
Active:           428356 kB
Mem:          3.8G       3.7G       125M       5.7M        28M       3.2G

MemTotal:        4016004 kB
MemFree:          126888 kB
Active:           428480 kB
Mem:          3.8G       3.7G       123M       5.7M        28M       3.2G

MemTotal:        4016004 kB
MemFree:          123640 kB
Active:           428564 kB
Mem:          3.8G       3.7G       119M       5.7M        28M       3.2G

MemTotal:        4016004 kB
MemFree:          108492 kB
Active:           428804 kB
Mem:          3.8G       3.7G       105M       5.7M        28M       3.2G

MemTotal:        4016004 kB
MemFree:          125744 kB
Active:           429044 kB
Mem:          3.8G       3.7G       121M       5.7M        28M       3.2G

MemTotal:        4016004 kB
MemFree:          125124 kB
Active:           429252 kB
Mem:          3.8G       3.7G       121M       5.7M        28M       3.2G

MemTotal:        4016004 kB
MemFree:          125736 kB
Active:           429412 kB
Mem:          3.8G       3.7G       121M       5.7M        28M       3.2G

MemTotal:        4016004 kB
MemFree:          107300 kB
Active:           429632 kB
Mem:          3.8G       3.7G       103M       5.7M        28M       3.2G

MemTotal:        4016004 kB
MemFree:          109040 kB
Active:           429792 kB
Mem:          3.8G       3.7G       105M       5.7M        28M       3.2G

MemTotal:        4016004 kB
MemFree:          120344 kB
Active:           429968 kB
Mem:          3.8G       3.7G       117M       5.7M        28M       3.2G

MemTotal:        4016004 kB
MemFree:          111840 kB
Active:           430132 kB
Mem:          3.8G       3.7G       108M       5.7M        28M       3.2G

MemTotal:        4016004 kB
MemFree:          142856 kB
Active:           430300 kB
Mem:          3.8G       3.7G       139M       5.7M        28M       3.1G

MemTotal:        4016004 kB
MemFree:          142256 kB
Active:           430336 kB
Mem:          3.8G       3.7G       138M       5.7M        28M       3.1G

MemTotal:        4016004 kB
MemFree:          141784 kB
Active:           430360 kB
Mem:          3.8G       3.7G       137M       5.7M        28M       3.1G

MemTotal:        4016004 kB
MemFree:          110528 kB
Active:           430684 kB
Mem:          3.8G       3.7G       107M       5.7M        28M       3.2G

MemTotal:        4016004 kB
MemFree:          107448 kB
Active:           430844 kB
Mem:          3.8G       3.7G       104M       5.7M        28M       3.2G

MemTotal:        4016004 kB
MemFree:          107400 kB
Active:           430820 kB
Mem:          3.8G       3.7G       104M       5.7M        28M       3.2G

MemTotal:        4016004 kB
MemFree:          127908 kB
Active:           431220 kB
Mem:          3.8G       3.7G       123M       5.7M        28M       3.2G

MemTotal:        4016004 kB
MemFree:          120248 kB
Active:           431676 kB
Mem:          3.8G       3.7G       117M       5.7M        28M       3.2G

MemTotal:        4016004 kB
MemFree:          117956 kB
Active:           431772 kB
Mem:          3.8G       3.7G       114M       5.7M        28M       3.2G

MemTotal:        4016004 kB
MemFree:          116720 kB
Active:           431772 kB
Mem:          3.8G       3.7G       113M       5.7M        28M       3.2G

MemTotal:        4016004 kB
MemFree:          116668 kB
Active:           431756 kB
Mem:          3.8G       3.7G       113M       5.7M        28M       3.2G

MemTotal:        4016004 kB
MemFree:          122236 kB
Active:           432396 kB
Mem:          3.8G       3.7G       118M       5.7M        28M       3.2G

MemTotal:        4016004 kB
MemFree:          139776 kB
Active:           432612 kB
Mem:          3.8G       3.7G       136M       5.7M        28M       3.1G

MemTotal:        4016004 kB
MemFree:          132472 kB
Active:           432832 kB
Mem:          3.8G       3.7G       128M       5.7M        28M       3.2G

MemTotal:        4016004 kB
MemFree:          133820 kB
Active:           433040 kB
Mem:          3.8G       3.7G       130M       5.7M        28M       3.2G

MemTotal:        4016004 kB
MemFree:          120900 kB
Active:           433144 kB
Mem:          3.8G       3.7G       118M       5.7M        28M       3.2G

MemTotal:        4016004 kB
MemFree:          130912 kB
Active:           433588 kB
Mem:          3.8G       3.7G       127M       5.7M        28M       3.2G

MemTotal:        4016004 kB
MemFree:          111732 kB
Active:           433804 kB
Mem:          3.8G       3.7G       108M       5.7M        28M       3.2G

MemTotal:        4016004 kB
MemFree:          133772 kB
Active:           433916 kB
Mem:          3.8G       3.7G       130M       5.7M        28M       3.2G

MemTotal:        4016004 kB
MemFree:          133556 kB
Active:           433896 kB
Mem:          3.8G       3.7G       130M       5.7M        28M       3.2G

MemTotal:        4016004 kB
MemFree:          109864 kB
Active:           433872 kB
Mem:          3.8G       3.7G       108M       5.7M        28M       3.2G

MemTotal:        4016004 kB
MemFree:          137956 kB
Active:           434380 kB
Mem:          3.8G       3.7G       134M       5.7M        28M       3.1G

MemTotal:        4016004 kB
MemFree:          124580 kB
Active:           434744 kB
Mem:          3.8G       3.7G       120M       5.7M        28M       3.2G

MemTotal:        4016004 kB
MemFree:          127176 kB
Active:           434960 kB
Mem:          3.8G       3.7G       123M       5.7M        28M       3.2G

MemTotal:        4016004 kB
MemFree:          122076 kB
Active:           435148 kB
Mem:          3.8G       3.7G       118M       5.7M        28M       3.2G

MemTotal:        4016004 kB
MemFree:          114828 kB
Active:           435308 kB
Mem:          3.8G       3.7G       111M       5.7M        28M       3.2G

MemTotal:        4016004 kB
MemFree:          121696 kB
Active:           435408 kB
Mem:          3.8G       3.7G       118M       5.7M        28M       3.2G

MemTotal:        4016004 kB
MemFree:          124412 kB
Active:           435712 kB
Mem:          3.8G       3.7G       120M       5.7M        28M       3.2G

MemTotal:        4016004 kB
MemFree:          130312 kB
Active:           435872 kB
Mem:          3.8G       3.7G       126M       5.7M        28M       3.2G

MemTotal:        4016004 kB
MemFree:          130484 kB
Active:           436080 kB
Mem:          3.8G       3.7G       126M       5.7M        28M       3.2G

MemTotal:        4016004 kB
MemFree:          123092 kB
Active:           436244 kB
Mem:          3.8G       3.7G       119M       5.7M        28M       3.2G

MemTotal:        4016004 kB
MemFree:          114564 kB
Active:           436416 kB
Mem:          3.8G       3.7G       111M       5.7M        28M       3.2G

MemTotal:        4016004 kB
MemFree:          126280 kB
Active:           436544 kB
Mem:          3.8G       3.7G       123M       5.7M        28M       3.2G

MemTotal:        4016004 kB
MemFree:          125720 kB
Active:           436632 kB
Mem:          3.8G       3.7G       122M       5.7M        28M       3.2G

MemTotal:        4016004 kB
MemFree:          124320 kB
Active:           436748 kB
Mem:          3.8G       3.7G       121M       5.7M        28M       3.2G

MemTotal:        4016004 kB
MemFree:          136956 kB
Active:           436904 kB
Mem:          3.8G       3.7G       133M       5.7M        28M       3.1G

MemTotal:        4016004 kB
MemFree:          112908 kB
Active:           437288 kB
Mem:          3.8G       3.7G       109M       5.7M        28M       3.2G

MemTotal:        4016004 kB
MemFree:          144388 kB
Active:           437488 kB
Mem:          3.8G       3.7G       140M       5.7M        28M       3.1G

MemTotal:        4016004 kB
MemFree:          144176 kB
Active:           437492 kB
Mem:          3.8G       3.7G       140M       5.7M        28M       3.1G

MemTotal:        4016004 kB
MemFree:          122744 kB
Active:           435404 kB
Mem:          3.8G       3.7G       119M       5.7M        28M       3.2G

MemTotal:        4016004 kB
MemFree:          124036 kB
Active:           435804 kB
Mem:          3.8G       3.7G       120M       5.7M        28M       3.2G

MemTotal:        4016004 kB
MemFree:          131332 kB
Active:           436064 kB
Mem:          3.8G       3.7G       128M       5.7M        28M       3.2G

MemTotal:        4016004 kB
MemFree:          106340 kB
Active:           436244 kB
Mem:          3.8G       3.7G       103M       5.7M        28M       3.2G

MemTotal:        4016004 kB
MemFree:          118072 kB
Active:           436400 kB
Mem:          3.8G       3.7G       114M       5.7M        28M       3.2G

MemTotal:        4016004 kB
MemFree:          138124 kB
Active:           436672 kB
Mem:          3.8G       3.7G       134M       5.7M        28M       3.1G

MemTotal:        4016004 kB
MemFree:          126704 kB
Active:           436740 kB
Mem:          3.8G       3.7G       123M       5.7M        28M       3.2G

MemTotal:        4016004 kB
MemFree:          137164 kB
Active:           436788 kB
Mem:          3.8G       3.7G       133M       5.7M        28M       3.1G

MemTotal:        4016004 kB
MemFree:          134232 kB
Active:           437028 kB
Mem:          3.8G       3.7G       131M       5.7M        28M       3.1G

MemTotal:        4016004 kB
MemFree:          114912 kB
Active:           437440 kB
Mem:          3.8G       3.7G       111M       5.7M        28M       3.2G

MemTotal:        4016004 kB
MemFree:          111524 kB
Active:           437756 kB
Mem:          3.8G       3.7G       108M       5.7M        28M       3.2G

MemTotal:        4016004 kB
MemFree:          129136 kB
Active:           437852 kB
Mem:          3.8G       3.7G       125M       5.7M        28M       3.2G

MemTotal:        4016004 kB
MemFree:          126352 kB
Active:           438036 kB
Mem:          3.8G       3.7G       130M       5.7M        28M       3.1G

MemTotal:        4016004 kB
MemFree:          124560 kB
Active:           438164 kB
Mem:          3.8G       3.7G       121M       5.7M        28M       3.2G

MemTotal:        4016004 kB
MemFree:          136664 kB
Active:           438204 kB
Mem:          3.8G       3.7G       132M       5.7M        28M       3.1G

MemTotal:        4016004 kB
MemFree:          130808 kB
Active:           438504 kB
Mem:          3.8G       3.7G       127M       5.7M        28M       3.2G

MemTotal:        4016004 kB
MemFree:          127416 kB
Active:           439012 kB
Mem:          3.8G       3.7G       124M       5.7M        28M       3.2G

MemTotal:        4016004 kB
MemFree:          127900 kB
Active:           439168 kB
Mem:          3.8G       3.7G       124M       5.7M        28M       3.2G

MemTotal:        4016004 kB
MemFree:          129688 kB
Active:           438752 kB
Mem:          3.8G       3.7G       126M       5.7M        28M       3.2G

MemTotal:        4016004 kB
MemFree:          135488 kB
Active:           438632 kB
Mem:          3.8G       3.7G       131M       5.7M        28M       3.1G

MemTotal:        4016004 kB
MemFree:          131284 kB
Active:           438864 kB
Mem:          3.8G       3.7G       127M       5.7M        28M       3.2G

MemTotal:        4016004 kB
MemFree:          106792 kB
Active:           439052 kB
Mem:          3.8G       3.7G       103M       5.7M        28M       3.2G

MemTotal:        4016004 kB
MemFree:          105740 kB
Active:           439068 kB
Mem:          3.8G       3.7G       103M       5.7M        28M       3.2G

MemTotal:        4016004 kB
MemFree:          163040 kB
Active:           439096 kB
Mem:          3.8G       3.7G       159M       5.7M        28M       3.1G

MemTotal:        4016004 kB
MemFree:          109136 kB
Active:           439264 kB
Mem:          3.8G       3.7G       106M       5.7M        28M       3.2G

MemTotal:        4016004 kB
MemFree:          135544 kB
Active:           439624 kB
Mem:          3.8G       3.7G       131M       5.7M        28M       3.1G

MemTotal:        4016004 kB
MemFree:          128536 kB
Active:           439872 kB
Mem:          3.8G       3.7G       125M       5.7M        28M       3.2G

MemTotal:        4016004 kB
MemFree:          130504 kB
Active:           440080 kB
Mem:          3.8G       3.7G       126M       5.7M        28M       3.2G

MemTotal:        4016004 kB
MemFree:          130672 kB
Active:           440252 kB
Mem:          3.8G       3.7G       124M       5.7M        28M       3.2G

MemTotal:        4016004 kB
MemFree:          134292 kB
Active:           440496 kB
Mem:          3.8G       3.7G       130M       5.7M        28M       3.1G

MemTotal:        4016004 kB
MemFree:          139064 kB
Active:           440688 kB
Mem:          3.8G       3.7G       135M       5.7M        28M       3.1G

MemTotal:        4016004 kB
MemFree:          131292 kB
Active:           440896 kB
Mem:          3.8G       3.7G       127M       5.7M        28M       3.1G

MemTotal:        4016004 kB
MemFree:          133920 kB
Active:           441064 kB
Mem:          3.8G       3.7G       130M       5.7M        28M       3.1G

MemTotal:        4016004 kB
MemFree:          127192 kB
Active:           441236 kB
Mem:          3.8G       3.7G       123M       5.7M        28M       3.2G

MemTotal:        4016004 kB
MemFree:          125644 kB
Active:           441444 kB
Mem:          3.8G       3.7G       122M       5.7M        28M       3.2G

MemTotal:        4016004 kB
MemFree:          130220 kB
Active:           441596 kB
Mem:          3.8G       3.7G       126M       5.7M        28M       3.1G

MemTotal:        4016004 kB
MemFree:          130880 kB
Active:           441740 kB
Mem:          3.8G       3.7G       127M       5.7M        28M       3.1G

MemTotal:        4016004 kB
MemFree:          131092 kB
Active:           441956 kB
Mem:          3.8G       3.7G       127M       5.7M        28M       3.1G

MemTotal:        4016004 kB
MemFree:          124104 kB
Active:           442120 kB
Mem:          3.8G       3.7G       120M       5.7M        28M       3.2G

MemTotal:        4016004 kB
MemFree:          119732 kB
Active:           442272 kB
Mem:          3.8G       3.7G       116M       5.7M        28M       3.2G

MemTotal:        4016004 kB
MemFree:          137680 kB
Active:           442344 kB
Mem:          3.8G       3.7G       134M       5.7M        28M       3.1G

MemTotal:        4016004 kB
MemFree:          113336 kB
Active:           442456 kB
Mem:          3.8G       3.7G       110M       5.7M        28M       3.2G

MemTotal:        4016004 kB
MemFree:          125048 kB
Active:           442604 kB
Mem:          3.8G       3.7G       121M       5.7M        28M       3.2G

MemTotal:        4016004 kB
MemFree:          116736 kB
Active:           442920 kB
Mem:          3.8G       3.7G       113M       5.7M        28M       3.2G

MemTotal:        4016004 kB
MemFree:          107572 kB
Active:           443188 kB
Mem:          3.8G       3.7G       104M       5.7M        28M       3.2G

MemTotal:        4016004 kB
MemFree:          126560 kB
Active:           443320 kB
Mem:          3.8G       3.7G       123M       5.7M        28M       3.2G

MemTotal:        4016004 kB
MemFree:          148216 kB
Active:           443460 kB
Mem:          3.8G       3.7G       144M       5.7M        28M       3.1G

MemTotal:        4016004 kB
MemFree:          126292 kB
Active:           443636 kB
Mem:          3.8G       3.7G       122M       5.7M        28M       3.2G

MemTotal:        4016004 kB
MemFree:          144740 kB
Active:           443872 kB
Mem:          3.8G       3.7G       140M       5.7M        28M       3.1G

MemTotal:        4016004 kB
MemFree:          125996 kB
Active:           444068 kB
Mem:          3.8G       3.7G       122M       5.7M        28M       3.2G

MemTotal:        4016004 kB
MemFree:          126844 kB
Active:           444136 kB
Mem:          3.8G       3.7G       122M       5.7M        28M       3.2G

MemTotal:        4016004 kB
MemFree:          134364 kB
Active:           444412 kB
Mem:          3.8G       3.7G       130M       5.7M        28M       3.1G

MemTotal:        4016004 kB
MemFree:          144368 kB
Active:           444600 kB
Mem:          3.8G       3.7G       140M       5.7M        28M       3.1G

MemTotal:        4016004 kB
MemFree:          125696 kB
Active:           444760 kB
Mem:          3.8G       3.7G       122M       5.7M        28M       3.2G

MemTotal:        4016004 kB
MemFree:          111308 kB
Active:           444912 kB
Mem:          3.8G       3.7G       107M       5.7M        28M       3.2G

MemTotal:        4016004 kB
MemFree:          129788 kB
Active:           445080 kB
Mem:          3.8G       3.7G       126M       5.7M        28M       3.1G

MemTotal:        4016004 kB
MemFree:          113796 kB
Active:           445140 kB
Mem:          3.8G       3.7G       110M       5.7M        28M       3.2G

MemTotal:        4016004 kB
MemFree:          134148 kB
Active:           445212 kB
Mem:          3.8G       3.7G       131M       5.7M        28M       3.1G

MemTotal:        4016004 kB
MemFree:          110076 kB
Active:           445796 kB
Mem:          3.8G       3.7G       106M       5.7M        28M       3.2G

MemTotal:        4016004 kB
MemFree:          110392 kB
Active:           445988 kB
Mem:          3.8G       3.7G       107M       5.7M        28M       3.2G

MemTotal:        4016004 kB
MemFree:          120012 kB
Active:           446072 kB
Mem:          3.8G       3.7G       116M       5.7M        28M       3.2G

MemTotal:        4016004 kB
MemFree:          107632 kB
Active:           446112 kB
Mem:          3.8G       3.7G       105M       5.7M        28M       3.2G

MemTotal:        4016004 kB
MemFree:          145132 kB
Active:           446224 kB
Mem:          3.8G       3.7G       141M       5.7M        28M       3.1G

MemTotal:        4016004 kB
MemFree:          129608 kB
Active:           446684 kB
Mem:          3.8G       3.7G       126M       5.7M        28M       3.1G

MemTotal:        4016004 kB
MemFree:          120612 kB
Active:           446848 kB
Mem:          3.8G       3.7G       117M       5.7M        28M       3.2G

MemTotal:        4016004 kB
MemFree:          128900 kB
Active:           447012 kB
Mem:          3.8G       3.7G       125M       5.7M        28M       3.1G

MemTotal:        4016004 kB
MemFree:          108964 kB
Active:           447564 kB
Mem:          3.8G       3.7G       106M       5.7M        28M       3.2G

MemTotal:        4016004 kB
MemFree:          110296 kB
Active:           447736 kB
Mem:          3.8G       3.7G       107M       5.7M        28M       3.2G

MemTotal:        4016004 kB
MemFree:          129668 kB
Active:           447876 kB
Mem:          3.8G       3.7G       125M       5.7M        28M       3.1G

MemTotal:        4016004 kB
MemFree:          111704 kB
Active:           447948 kB
Mem:          3.8G       3.7G       108M       5.7M        28M       3.2G

MemTotal:        4016004 kB
MemFree:          119496 kB
Active:           448020 kB
Mem:          3.8G       3.7G       116M       5.7M        28M       3.2G

MemTotal:        4016004 kB
MemFree:          140620 kB
Active:           448252 kB
Mem:          3.8G       3.7G       136M       5.7M        28M       3.1G

MemTotal:        4016004 kB
MemFree:          128792 kB
Active:           448536 kB
Mem:          3.8G       3.7G       125M       5.7M        28M       3.1G

MemTotal:        4016004 kB
MemFree:          146456 kB
Active:           448740 kB
Mem:          3.8G       3.7G       142M       5.7M        28M       3.1G

MemTotal:        4016004 kB
MemFree:          126868 kB
Active:           448824 kB
Mem:          3.8G       3.7G       123M       5.7M        28M       3.1G

MemTotal:        4016004 kB
MemFree:          105184 kB
Active:           448900 kB
Mem:          3.8G       3.7G       102M       5.7M        28M       3.2G

MemTotal:        4016004 kB
MemFree:          127512 kB
Active:           449012 kB
Mem:          3.8G       3.7G       124M       5.7M        28M       3.1G

MemTotal:        4016004 kB
MemFree:          127256 kB
Active:           449388 kB
Mem:          3.8G       3.7G       123M       5.7M        28M       3.1G

MemTotal:        4016004 kB
MemFree:          133780 kB
Active:           449608 kB
Mem:          3.8G       3.7G       130M       5.7M        28M       3.1G

MemTotal:        4016004 kB
MemFree:          110872 kB
Active:           449768 kB
Mem:          3.8G       3.7G       107M       5.7M        28M       3.2G

MemTotal:        4016004 kB
MemFree:          125392 kB
Active:           449840 kB
Mem:          3.8G       3.7G       122M       5.7M        28M       3.1G

MemTotal:        4016004 kB
MemFree:         2625172 kB
Active:           361580 kB
Mem:          3.8G       1.2G       2.6G       5.7M        28M       737M

MemTotal:        4016004 kB
MemFree:         3369596 kB
Active:           357604 kB
Mem:          3.8G       630M       3.2G       5.7M        28M       184M

MemTotal:        4016004 kB
MemFree:         3370800 kB
Active:           357300 kB
Mem:          3.8G       630M       3.2G       5.7M        28M       184M

MemTotal:        4016004 kB
MemFree:         3370800 kB
Active:           357280 kB
Mem:          3.8G       630M       3.2G       5.7M        28M       184M

MemTotal:        4016004 kB
MemFree:         3370676 kB
Active:           357280 kB
Mem:          3.8G       630M       3.2G       5.7M        28M       184M

MemTotal:        4016004 kB
MemFree:         3370924 kB
Active:           357320 kB
Mem:          3.8G       629M       3.2G       5.7M        28M       184M

MemTotal:        4016004 kB
MemFree:         3371172 kB
Active:           357292 kB
Mem:          3.8G       629M       3.2G       5.7M        28M       184M

MemTotal:        4016004 kB
MemFree:         3371420 kB
Active:           357288 kB
Mem:          3.8G       629M       3.2G       5.7M        28M       184M

MemTotal:        4016004 kB
MemFree:         3371420 kB
Active:           357332 kB
Mem:          3.8G       629M       3.2G       5.7M        28M       184M

MemTotal:        4016004 kB
MemFree:         3371172 kB
Active:           357332 kB
Mem:          3.8G       629M       3.2G       5.7M        28M       184M

MemTotal:        4016004 kB
MemFree:         3371544 kB
Active:           357316 kB
Mem:          3.8G       629M       3.2G       5.7M        28M       184M

MemTotal:        4016004 kB
MemFree:         3371420 kB
Active:           357316 kB
Mem:          3.8G       629M       3.2G       5.7M        28M       184M

MemTotal:        4016004 kB
MemFree:         3371296 kB
Active:           357324 kB
Mem:          3.8G       629M       3.2G       5.7M        28M       184M

MemTotal:        4016004 kB
MemFree:         3370800 kB
Active:           357344 kB
Mem:          3.8G       629M       3.2G       5.7M        28M       184M

MemTotal:        4016004 kB
MemFree:         3371296 kB
Active:           357328 kB
Mem:          3.8G       629M       3.2G       5.7M        28M       184M

MemTotal:        4016004 kB
MemFree:         3371172 kB
Active:           357304 kB
Mem:          3.8G       629M       3.2G       5.7M        28M       184M

MemTotal:        4016004 kB
MemFree:         3371668 kB
Active:           357316 kB
Mem:          3.8G       629M       3.2G       5.7M        28M       184M

MemTotal:        4016004 kB
MemFree:         3371668 kB
Active:           357324 kB
Mem:          3.8G       629M       3.2G       5.7M        28M       184M

MemTotal:        4016004 kB
MemFree:         3371544 kB
Active:           357296 kB
Mem:          3.8G       629M       3.2G       5.7M        28M       184M

MemTotal:        4016004 kB
MemFree:         3371668 kB
Active:           357344 kB
Mem:          3.8G       629M       3.2G       5.7M        28M       184M

MemTotal:        4016004 kB
MemFree:         3371668 kB
Active:           357328 kB
Mem:          3.8G       629M       3.2G       5.7M        28M       184M

MemTotal:        4016004 kB
MemFree:         3371792 kB
Active:           357308 kB
Mem:          3.8G       629M       3.2G       5.7M        28M       184M

MemTotal:        4016004 kB
MemFree:         3371420 kB
Active:           357352 kB
Mem:          3.8G       629M       3.2G       5.7M        28M       184M

MemTotal:        4016004 kB
MemFree:         3371668 kB
Active:           357348 kB
Mem:          3.8G       629M       3.2G       5.7M        28M       184M

MemTotal:        4016004 kB
MemFree:         3371544 kB
Active:           357324 kB
Mem:          3.8G       629M       3.2G       5.7M        28M       184M

MemTotal:        4016004 kB
MemFree:         3371652 kB
Active:           357304 kB
Mem:          3.8G       629M       3.2G       5.7M        28M       184M

MemTotal:        4016004 kB
MemFree:         3371636 kB
Active:           357316 kB
Mem:          3.8G       629M       3.2G       5.7M        28M       184M

MemTotal:        4016004 kB
MemFree:         3371620 kB
Active:           357296 kB
Mem:          3.8G       629M       3.2G       5.7M        28M       184M

MemTotal:        4016004 kB
MemFree:         3371544 kB
Active:           357348 kB
Mem:          3.8G       629M       3.2G       5.7M        28M       184M

MemTotal:        4016004 kB
MemFree:         3371172 kB
Active:           357356 kB
Mem:          3.8G       629M       3.2G       5.7M        28M       184M

MemTotal:        4016004 kB
MemFree:         3371536 kB
Active:           357356 kB
Mem:          3.8G       629M       3.2G       5.7M        28M       184M

MemTotal:        4016004 kB
MemFree:         3371412 kB
Active:           357356 kB
Mem:          3.8G       629M       3.2G       5.7M        28M       184M

MemTotal:        4016004 kB
MemFree:         3371412 kB
Active:           357340 kB
Mem:          3.8G       629M       3.2G       5.7M        28M       184M

MemTotal:        4016004 kB
MemFree:         3371040 kB
Active:           357368 kB
Mem:          3.8G       629M       3.2G       5.7M        28M       184M

MemTotal:        4016004 kB
MemFree:         3371288 kB
Active:           357324 kB
Mem:          3.8G       629M       3.2G       5.7M        28M       184M

MemTotal:        4016004 kB
MemFree:         3371288 kB
Active:           357352 kB
Mem:          3.8G       629M       3.2G       5.7M        28M       184M

MemTotal:        4016004 kB
MemFree:         3371288 kB
Active:           357328 kB
Mem:          3.8G       629M       3.2G       5.7M        28M       184M

MemTotal:        4016004 kB
MemFree:         3371164 kB
Active:           357368 kB
Mem:          3.8G       629M       3.2G       5.7M        28M       184M

MemTotal:        4016004 kB
MemFree:         3371412 kB
Active:           357348 kB
Mem:          3.8G       629M       3.2G       5.7M        28M       184M

MemTotal:        4016004 kB
MemFree:         3371660 kB
Active:           357372 kB
Mem:          3.8G       629M       3.2G       5.7M        28M       184M

MemTotal:        4016004 kB
MemFree:         3371288 kB
Active:           357384 kB
Mem:          3.8G       629M       3.2G       5.7M        28M       184M

MemTotal:        4016004 kB
MemFree:         3370916 kB
Active:           357392 kB
Mem:          3.8G       629M       3.2G       5.7M        28M       184M

MemTotal:        4016004 kB
MemFree:         3370792 kB
Active:           357392 kB
Mem:          3.8G       630M       3.2G       5.7M        28M       184M

MemTotal:        4016004 kB
MemFree:         3370668 kB
Active:           357348 kB
Mem:          3.8G       630M       3.2G       5.7M        28M       184M

MemTotal:        4016004 kB
MemFree:         3370792 kB
Active:           357380 kB
Mem:          3.8G       630M       3.2G       5.7M        28M       184M

MemTotal:        4016004 kB
MemFree:         3370792 kB
Active:           357392 kB
Mem:          3.8G       630M       3.2G       5.7M        28M       184M

MemTotal:        4016004 kB
MemFree:         3370792 kB
Active:           357384 kB
Mem:          3.8G       630M       3.2G       5.7M        28M       184M

MemTotal:        4016004 kB
MemFree:         3370792 kB
Active:           357360 kB
Mem:          3.8G       629M       3.2G       5.7M        28M       184M

MemTotal:        4016004 kB
MemFree:         3371164 kB
Active:           357376 kB
Mem:          3.8G       629M       3.2G       5.7M        28M       184M

MemTotal:        4016004 kB
MemFree:         3371288 kB
Active:           357384 kB
Mem:          3.8G       629M       3.2G       5.7M        28M       184M

MemTotal:        4016004 kB
MemFree:         3371412 kB
Active:           357400 kB
Mem:          3.8G       629M       3.2G       5.7M        28M       184M

MemTotal:        4016004 kB
MemFree:         3371412 kB
Active:           357376 kB
Mem:          3.8G       629M       3.2G       5.7M        28M       184M

MemTotal:        4016004 kB
MemFree:         3371412 kB
Active:           357356 kB
Mem:          3.8G       629M       3.2G       5.7M        28M       184M

MemTotal:        4016004 kB
MemFree:         3371412 kB
Active:           357388 kB
Mem:          3.8G       629M       3.2G       5.7M        28M       184M

MemTotal:        4016004 kB
MemFree:         3371412 kB
Active:           357364 kB
Mem:          3.8G       629M       3.2G       5.7M        28M       184M

MemTotal:        4016004 kB
MemFree:         3371412 kB
Active:           357352 kB
Mem:          3.8G       629M       3.2G       5.7M        28M       184M

MemTotal:        4016004 kB
MemFree:         3371412 kB
Active:           357392 kB
Mem:          3.8G       629M       3.2G       5.7M        28M       184M

MemTotal:        4016004 kB
MemFree:         3371536 kB
Active:           357368 kB
Mem:          3.8G       629M       3.2G       5.7M        28M       184M

MemTotal:        4016004 kB
MemFree:         3371536 kB
Active:           357412 kB
Mem:          3.8G       629M       3.2G       5.7M        28M       184M

MemTotal:        4016004 kB
MemFree:         3371164 kB
Active:           357424 kB
