MemTotal:        4016004 kB
MemFree:         3242608 kB
Active:           416868 kB
Mem:          3.8G       755M       3.1G       5.7M        50M       319M

MemTotal:        4016004 kB
MemFree:         3242976 kB
Active:           416720 kB
Mem:          3.8G       754M       3.1G       5.7M        50M       319M

MemTotal:        4016004 kB
MemFree:         3242960 kB
Active:           416780 kB
Mem:          3.8G       754M       3.1G       5.7M        50M       319M

MemTotal:        4016004 kB
MemFree:         3242588 kB
Active:           416776 kB
Mem:          3.8G       755M       3.1G       5.7M        50M       319M

MemTotal:        4016004 kB
MemFree:         3242448 kB
Active:           416812 kB
Mem:          3.8G       755M       3.1G       5.7M        50M       319M

MemTotal:        4016004 kB
MemFree:         3242820 kB
Active:           416772 kB
Mem:          3.8G       755M       3.1G       5.7M        50M       319M

MemTotal:        4016004 kB
MemFree:         3243192 kB
Active:           416772 kB
Mem:          3.8G       754M       3.1G       5.7M        50M       319M

MemTotal:        4016004 kB
MemFree:         3243440 kB
Active:           416764 kB
Mem:          3.8G       754M       3.1G       5.7M        50M       319M

MemTotal:        4016004 kB
MemFree:         3243440 kB
Active:           416768 kB
Mem:          3.8G       754M       3.1G       5.7M        50M       319M

MemTotal:        4016004 kB
MemFree:         3243440 kB
Active:           416812 kB
Mem:          3.8G       754M       3.1G       5.7M        50M       319M

MemTotal:        4016004 kB
MemFree:         3243440 kB
Active:           416800 kB
Mem:          3.8G       754M       3.1G       5.7M        50M       319M

MemTotal:        4016004 kB
MemFree:         3243440 kB
Active:           416800 kB
Mem:          3.8G       754M       3.1G       5.7M        50M       319M

MemTotal:        4016004 kB
MemFree:         3243440 kB
Active:           416808 kB
Mem:          3.8G       754M       3.1G       5.7M        50M       319M

MemTotal:        4016004 kB
MemFree:         3243440 kB
Active:           416808 kB
Mem:          3.8G       754M       3.1G       5.7M        50M       319M

MemTotal:        4016004 kB
MemFree:         3243456 kB
Active:           416768 kB
Mem:          3.8G       754M       3.1G       5.7M        50M       319M

MemTotal:        4016004 kB
MemFree:         3243720 kB
Active:           416800 kB
Mem:          3.8G       754M       3.1G       5.7M        50M       319M

MemTotal:        4016004 kB
MemFree:         3243968 kB
Active:           416772 kB
Mem:          3.8G       754M       3.1G       5.7M        50M       319M

MemTotal:        4016004 kB
MemFree:         3243844 kB
Active:           416816 kB
Mem:          3.8G       754M       3.1G       5.7M        50M       319M

MemTotal:        4016004 kB
MemFree:         3243348 kB
Active:           416780 kB
Mem:          3.8G       754M       3.1G       5.7M        50M       319M

MemTotal:        4016004 kB
MemFree:         3243348 kB
Active:           416768 kB
Mem:          3.8G       754M       3.1G       5.7M        50M       319M

MemTotal:        4016004 kB
MemFree:         3243472 kB
Active:           416792 kB
Mem:          3.8G       754M       3.1G       5.7M        50M       319M

MemTotal:        4016004 kB
MemFree:         3243084 kB
Active:           416808 kB
Mem:          3.8G       754M       3.1G       5.7M        50M       319M

MemTotal:        4016004 kB
MemFree:         3243068 kB
Active:           416780 kB
Mem:          3.8G       754M       3.1G       5.7M        50M       319M

MemTotal:        4016004 kB
MemFree:         3242944 kB
Active:           416776 kB
Mem:          3.8G       754M       3.1G       5.7M        50M       319M

MemTotal:        4016004 kB
MemFree:         3243176 kB
Active:           416776 kB
Mem:          3.8G       754M       3.1G       5.7M        50M       319M

MemTotal:        4016004 kB
MemFree:         3243544 kB
Active:           414736 kB
Mem:          3.8G       754M       3.1G       5.7M        50M       319M

MemTotal:        4016004 kB
MemFree:         3243544 kB
Active:           414784 kB
Mem:          3.8G       754M       3.1G       5.7M        50M       319M

MemTotal:        4016004 kB
MemFree:         3243156 kB
Active:           416836 kB
Mem:          3.8G       754M       3.1G       5.7M        50M       319M

MemTotal:        4016004 kB
MemFree:         3243280 kB
Active:           416844 kB
Mem:          3.8G       754M       3.1G       5.7M        50M       319M

MemTotal:        4016004 kB
MemFree:         3243140 kB
Active:           416844 kB
Mem:          3.8G       754M       3.1G       5.7M        50M       319M

MemTotal:        4016004 kB
MemFree:         3243000 kB
Active:           416844 kB
Mem:          3.8G       754M       3.1G       5.7M        50M       319M

MemTotal:        4016004 kB
MemFree:         3243404 kB
Active:           416792 kB
Mem:          3.8G       754M       3.1G       5.7M        50M       319M

MemTotal:        4016004 kB
MemFree:         3243404 kB
Active:           416824 kB
Mem:          3.8G       754M       3.1G       5.7M        50M       319M

MemTotal:        4016004 kB
MemFree:         3243404 kB
Active:           416836 kB
Mem:          3.8G       754M       3.1G       5.7M        50M       319M

MemTotal:        4016004 kB
MemFree:         3242908 kB
Active:           416848 kB
Mem:          3.8G       754M       3.1G       5.7M        50M       319M

MemTotal:        4016004 kB
MemFree:         3243032 kB
Active:           416852 kB
Mem:          3.8G       754M       3.1G       5.7M        50M       319M

MemTotal:        4016004 kB
MemFree:         3243280 kB
Active:           416832 kB
Mem:          3.8G       754M       3.1G       5.7M        50M       319M

MemTotal:        4016004 kB
MemFree:         3243156 kB
Active:           416812 kB
Mem:          3.8G       754M       3.1G       5.7M        50M       319M

MemTotal:        4016004 kB
MemFree:         3243140 kB
Active:           416828 kB
Mem:          3.8G       754M       3.1G       5.7M        50M       319M

MemTotal:        4016004 kB
MemFree:         3242628 kB
Active:           416864 kB
Mem:          3.8G       755M       3.1G       5.7M        50M       319M

MemTotal:        4016004 kB
MemFree:         3243108 kB
Active:           416840 kB
Mem:          3.8G       754M       3.1G       5.7M        50M       319M

MemTotal:        4016004 kB
MemFree:         3242860 kB
Active:           416880 kB
Mem:          3.8G       755M       3.1G       5.7M        50M       319M

MemTotal:        4016004 kB
MemFree:         3243232 kB
Active:           416836 kB
Mem:          3.8G       754M       3.1G       5.7M        50M       319M

MemTotal:        4016004 kB
MemFree:         3243684 kB
Active:           416848 kB
Mem:          3.8G       754M       3.1G       5.7M        50M       319M

MemTotal:        4016004 kB
MemFree:         3243412 kB
Active:           414960 kB
Mem:          3.8G       754M       3.1G       5.7M        50M       319M

MemTotal:        4016004 kB
MemFree:         3243248 kB
Active:           416896 kB
Mem:          3.8G       754M       3.1G       5.7M        50M       319M

MemTotal:        4016004 kB
MemFree:         3243248 kB
Active:           416852 kB
Mem:          3.8G       754M       3.1G       5.7M        50M       319M

MemTotal:        4016004 kB
MemFree:         3243248 kB
Active:           416868 kB
Mem:          3.8G       754M       3.1G       5.7M        50M       319M

MemTotal:        4016004 kB
MemFree:         3243868 kB
Active:           416848 kB
Mem:          3.8G       754M       3.1G       5.7M        50M       319M

MemTotal:        4016004 kB
MemFree:         3243480 kB
Active:           416900 kB
Mem:          3.8G       754M       3.1G       5.7M        50M       319M

MemTotal:        4016004 kB
MemFree:         3243464 kB
Active:           416872 kB
Mem:          3.8G       754M       3.1G       5.7M        50M       319M

MemTotal:        4016004 kB
MemFree:         3243588 kB
Active:           416896 kB
Mem:          3.8G       754M       3.1G       5.7M        50M       319M

MemTotal:        4016004 kB
MemFree:         3243340 kB
Active:           416884 kB
Mem:          3.8G       754M       3.1G       5.7M        50M       319M

MemTotal:        4016004 kB
MemFree:         3243076 kB
Active:           416924 kB
Mem:          3.8G       754M       3.1G       5.7M        50M       319M

MemTotal:        4016004 kB
MemFree:         3241088 kB
Active:           416892 kB
Mem:          3.8G       756M       3.1G       5.7M        50M       319M

MemTotal:        4016004 kB
MemFree:         3241520 kB
Active:           418940 kB
Mem:          3.8G       756M       3.1G       5.7M        50M       319M

MemTotal:        4016004 kB
MemFree:         3241288 kB
Active:           418932 kB
Mem:          3.8G       756M       3.1G       5.7M        50M       319M

MemTotal:        4016004 kB
MemFree:         3241428 kB
Active:           418908 kB
Mem:          3.8G       756M       3.1G       5.7M        50M       319M

MemTotal:        4016004 kB
MemFree:         3241444 kB
Active:           418952 kB
Mem:          3.8G       756M       3.1G       5.7M        50M       319M

MemTotal:        4016004 kB
MemFree:         3241196 kB
Active:           418900 kB
Mem:          3.8G       756M       3.1G       5.7M        50M       319M

MemTotal:        4016004 kB
MemFree:         3241196 kB
Active:           418948 kB
Mem:          3.8G       756M       3.1G       5.7M        50M       319M

MemTotal:        4016004 kB
MemFree:         3241444 kB
Active:           418924 kB
Mem:          3.8G       756M       3.1G       5.7M        50M       319M

MemTotal:        4016004 kB
MemFree:         3241320 kB
Active:           418948 kB
Mem:          3.8G       756M       3.1G       5.7M        50M       319M

MemTotal:        4016004 kB
MemFree:         3241320 kB
Active:           418928 kB
Mem:          3.8G       756M       3.1G       5.7M        50M       319M

MemTotal:        4016004 kB
MemFree:         3241056 kB
Active:           418916 kB
Mem:          3.8G       756M       3.1G       5.7M        50M       319M

MemTotal:        4016004 kB
MemFree:         3240932 kB
Active:           418932 kB
Mem:          3.8G       757M       3.1G       5.7M        50M       319M

MemTotal:        4016004 kB
MemFree:         3241040 kB
Active:           418952 kB
Mem:          3.8G       756M       3.1G       5.7M        50M       319M

MemTotal:        4016004 kB
MemFree:         3241040 kB
Active:           418936 kB
Mem:          3.8G       756M       3.1G       5.7M        50M       319M

MemTotal:        4016004 kB
MemFree:         3240792 kB
Active:           418968 kB
Mem:          3.8G       756M       3.1G       5.7M        50M       319M

MemTotal:        4016004 kB
MemFree:         3241040 kB
Active:           418952 kB
Mem:          3.8G       756M       3.1G       5.7M        50M       319M

MemTotal:        4016004 kB
MemFree:         3241164 kB
Active:           418944 kB
Mem:          3.8G       756M       3.1G       5.7M        50M       319M

MemTotal:        4016004 kB
MemFree:         3240900 kB
Active:           418944 kB
Mem:          3.8G       757M       3.1G       5.7M        50M       319M

MemTotal:        4016004 kB
MemFree:         3240700 kB
Active:           418972 kB
Mem:          3.8G       757M       3.1G       5.7M        50M       319M

MemTotal:        4016004 kB
MemFree:         3240824 kB
Active:           418960 kB
Mem:          3.8G       757M       3.1G       5.7M        50M       319M

MemTotal:        4016004 kB
MemFree:         3238776 kB
Active:           418904 kB
Mem:          3.8G       758M       3.1G       5.7M        50M       319M

MemTotal:        4016004 kB
MemFree:         3239272 kB
Active:           420960 kB
Mem:          3.8G       758M       3.1G       5.7M        50M       319M

MemTotal:        4016004 kB
MemFree:         3239148 kB
Active:           420972 kB
Mem:          3.8G       758M       3.1G       5.7M        50M       319M

MemTotal:        4016004 kB
MemFree:         3239148 kB
Active:           420996 kB
Mem:          3.8G       758M       3.1G       5.7M        50M       319M

MemTotal:        4016004 kB
MemFree:         3239272 kB
Active:           420964 kB
Mem:          3.8G       758M       3.1G       5.7M        50M       319M

MemTotal:        4016004 kB
MemFree:         3238900 kB
Active:           420964 kB
Mem:          3.8G       758M       3.1G       5.7M        50M       319M

MemTotal:        4016004 kB
MemFree:         3238776 kB
Active:           421004 kB
Mem:          3.8G       759M       3.1G       5.7M        50M       319M

MemTotal:        4016004 kB
MemFree:         3239024 kB
Active:           421004 kB
Mem:          3.8G       758M       3.1G       5.7M        50M       319M

MemTotal:        4016004 kB
MemFree:         3238404 kB
Active:           420956 kB
Mem:          3.8G       759M       3.1G       5.7M        50M       319M

MemTotal:        4016004 kB
MemFree:         3238652 kB
Active:           420996 kB
Mem:          3.8G       759M       3.1G       5.7M        50M       319M

MemTotal:        4016004 kB
MemFree:         3238856 kB
Active:           419004 kB
Mem:          3.8G       758M       3.1G       5.7M        50M       319M

MemTotal:        4016004 kB
MemFree:         3238856 kB
Active:           421076 kB
Mem:          3.8G       758M       3.1G       5.7M        50M       319M

MemTotal:        4016004 kB
MemFree:         3238484 kB
Active:           421108 kB
Mem:          3.8G       759M       3.1G       5.7M        50M       319M

MemTotal:        4016004 kB
MemFree:         3238608 kB
Active:           421080 kB
Mem:          3.8G       758M       3.1G       5.7M        50M       319M

MemTotal:        4016004 kB
MemFree:         3238840 kB
Active:           421068 kB
Mem:          3.8G       758M       3.1G       5.7M        50M       319M

MemTotal:        4016004 kB
MemFree:         3238964 kB
Active:           421112 kB
Mem:          3.8G       758M       3.1G       5.7M        50M       319M

MemTotal:        4016004 kB
MemFree:         3238592 kB
Active:           421120 kB
Mem:          3.8G       759M       3.1G       5.7M        50M       319M

MemTotal:        4016004 kB
MemFree:         3238684 kB
Active:           421084 kB
Mem:          3.8G       759M       3.1G       5.7M        50M       319M

MemTotal:        4016004 kB
MemFree:         3238808 kB
Active:           421100 kB
Mem:          3.8G       759M       3.1G       5.7M        50M       319M

MemTotal:        4016004 kB
MemFree:         3238916 kB
Active:           421076 kB
Mem:          3.8G       758M       3.1G       5.7M        50M       319M

MemTotal:        4016004 kB
MemFree:         3236664 kB
Active:           421104 kB
Mem:          3.8G       760M       3.1G       5.7M        50M       319M

MemTotal:        4016004 kB
MemFree:         3237176 kB
Active:           423116 kB
Mem:          3.8G       760M       3.1G       5.7M        50M       319M

MemTotal:        4016004 kB
MemFree:         3237300 kB
Active:           423140 kB
Mem:          3.8G       760M       3.1G       5.7M        50M       319M

MemTotal:        4016004 kB
MemFree:         3237052 kB
Active:           423124 kB
Mem:          3.8G       760M       3.1G       5.7M        50M       319M

MemTotal:        4016004 kB
MemFree:         3236680 kB
Active:           423160 kB
Mem:          3.8G       761M       3.1G       5.7M        50M       319M

MemTotal:        4016004 kB
MemFree:         3236680 kB
Active:           423108 kB
Mem:          3.8G       761M       3.1G       5.7M        50M       319M

MemTotal:        4016004 kB
MemFree:         3236804 kB
Active:           423148 kB
Mem:          3.8G       761M       3.1G       5.7M        50M       319M

MemTotal:        4016004 kB
MemFree:         3236884 kB
Active:           423128 kB
Mem:          3.8G       760M       3.1G       5.7M        50M       319M

MemTotal:        4016004 kB
MemFree:         3237008 kB
Active:           423164 kB
Mem:          3.8G       760M       3.1G       5.7M        50M       319M

MemTotal:        4016004 kB
MemFree:         3237008 kB
Active:           423152 kB
Mem:          3.8G       760M       3.1G       5.7M        50M       319M

MemTotal:        4016004 kB
MemFree:         3236636 kB
Active:           423136 kB
Mem:          3.8G       761M       3.1G       5.7M        50M       319M

MemTotal:        4016004 kB
MemFree:         3236760 kB
Active:           423160 kB
Mem:          3.8G       761M       3.1G       5.7M        50M       319M

MemTotal:        4016004 kB
MemFree:         3237132 kB
Active:           423140 kB
Mem:          3.8G       760M       3.1G       5.7M        50M       319M

MemTotal:        4016004 kB
MemFree:         3237132 kB
Active:           423168 kB
Mem:          3.8G       760M       3.1G       5.7M        50M       319M

MemTotal:        4016004 kB
MemFree:         3236760 kB
Active:           423176 kB
Mem:          3.8G       760M       3.1G       5.7M        50M       319M

MemTotal:        4016004 kB
MemFree:         3236760 kB
Active:           423176 kB
Mem:          3.8G       760M       3.1G       5.7M        50M       319M

MemTotal:        4016004 kB
MemFree:         3236760 kB
Active:           423168 kB
Mem:          3.8G       760M       3.1G       5.7M        50M       319M

MemTotal:        4016004 kB
MemFree:         3236868 kB
Active:           423156 kB
Mem:          3.8G       760M       3.1G       5.7M        50M       319M

MemTotal:        4016004 kB
MemFree:         3236868 kB
Active:           423132 kB
Mem:          3.8G       760M       3.1G       5.7M        50M       319M

MemTotal:        4016004 kB
MemFree:         3236776 kB
Active:           423148 kB
Mem:          3.8G       761M       3.1G       5.7M        50M       319M

MemTotal:        4016004 kB
MemFree:         3236900 kB
Active:           423136 kB
Mem:          3.8G       760M       3.1G       5.7M        50M       319M

MemTotal:        4016004 kB
MemFree:         3237148 kB
Active:           423148 kB
Mem:          3.8G       760M       3.1G       5.7M        50M       319M

MemTotal:        4016004 kB
MemFree:         3237024 kB
Active:           423148 kB
Mem:          3.8G       760M       3.1G       5.7M        50M       319M

MemTotal:        4016004 kB
MemFree:         3236776 kB
Active:           423156 kB
Mem:          3.8G       761M       3.1G       5.7M        50M       319M

MemTotal:        4016004 kB
MemFree:         3236776 kB
Active:           423168 kB
Mem:          3.8G       760M       3.1G       5.7M        50M       319M

MemTotal:        4016004 kB
MemFree:         3236512 kB
Active:           423168 kB
Mem:          3.8G       761M       3.1G       5.7M        50M       319M

MemTotal:        4016004 kB
MemFree:         3236620 kB
Active:           423200 kB
Mem:          3.8G       761M       3.1G       5.7M        50M       319M

MemTotal:        4016004 kB
MemFree:         3236728 kB
Active:           423192 kB
Mem:          3.8G       760M       3.1G       5.7M        50M       319M

MemTotal:        4016004 kB
MemFree:         3236836 kB
Active:           423156 kB
Mem:          3.8G       760M       3.1G       5.7M        50M       319M

MemTotal:        4016004 kB
MemFree:         3236248 kB
Active:           423204 kB
Mem:          3.8G       761M       3.1G       5.7M        50M       319M

MemTotal:        4016004 kB
MemFree:         3236496 kB
Active:           423156 kB
Mem:          3.8G       761M       3.1G       5.7M        50M       319M

MemTotal:        4016004 kB
MemFree:         3236760 kB
Active:           423152 kB
Mem:          3.8G       761M       3.1G       5.7M        50M       319M

MemTotal:        4016004 kB
MemFree:         3236396 kB
Active:           423188 kB
Mem:          3.8G       761M       3.1G       5.7M        50M       319M

MemTotal:        4016004 kB
MemFree:         3236396 kB
Active:           423168 kB
Mem:          3.8G       761M       3.1G       5.7M        50M       319M

MemTotal:        4016004 kB
MemFree:         3236364 kB
Active:           423200 kB
Mem:          3.8G       761M       3.1G       5.7M        50M       319M

MemTotal:        4016004 kB
MemFree:         3236240 kB
Active:           423200 kB
Mem:          3.8G       761M       3.1G       5.7M        50M       319M

MemTotal:        4016004 kB
MemFree:         3236224 kB
Active:           423184 kB
Mem:          3.8G       761M       3.1G       5.7M        50M       319M

MemTotal:        4016004 kB
MemFree:         3236100 kB
Active:           423184 kB
Mem:          3.8G       761M       3.1G       5.7M        50M       319M

MemTotal:        4016004 kB
MemFree:         3236224 kB
Active:           423160 kB
Mem:          3.8G       761M       3.1G       5.7M        50M       319M

MemTotal:        4016004 kB
MemFree:         3236148 kB
Active:           421144 kB
Mem:          3.8G       761M       3.1G       5.7M        50M       319M

MemTotal:        4016004 kB
MemFree:         3236628 kB
Active:           423196 kB
Mem:          3.8G       761M       3.1G       5.7M        50M       319M

MemTotal:        4016004 kB
MemFree:         3236752 kB
Active:           423216 kB
Mem:          3.8G       761M       3.1G       5.7M        50M       319M

MemTotal:        4016004 kB
MemFree:         3236736 kB
Active:           423192 kB
Mem:          3.8G       761M       3.1G       5.7M        50M       319M

MemTotal:        4016004 kB
MemFree:         3236968 kB
Active:           423228 kB
Mem:          3.8G       760M       3.1G       5.7M        50M       319M

MemTotal:        4016004 kB
MemFree:         3237076 kB
Active:           423212 kB
Mem:          3.8G       760M       3.1G       5.7M        50M       319M

MemTotal:        4016004 kB
MemFree:         3236456 kB
Active:           423200 kB
Mem:          3.8G       761M       3.1G       5.7M        50M       319M

MemTotal:        4016004 kB
MemFree:         3236316 kB
Active:           423228 kB
Mem:          3.8G       761M       3.1G       5.7M        50M       319M

MemTotal:        4016004 kB
MemFree:         3236300 kB
Active:           423208 kB
Mem:          3.8G       761M       3.1G       5.7M        50M       319M

MemTotal:        4016004 kB
MemFree:         3236548 kB
Active:           423224 kB
Mem:          3.8G       761M       3.1G       5.7M        50M       319M

MemTotal:        4016004 kB
MemFree:         3236284 kB
Active:           421152 kB
Mem:          3.8G       761M       3.1G       5.7M        50M       319M

MemTotal:        4016004 kB
MemFree:         3236036 kB
Active:           421200 kB
Mem:          3.8G       761M       3.1G       5.7M        50M       319M

MemTotal:        4016004 kB
MemFree:         3236284 kB
Active:           423220 kB
Mem:          3.8G       761M       3.1G       5.7M        50M       319M

MemTotal:        4016004 kB
MemFree:         3236392 kB
Active:           423240 kB
Mem:          3.8G       761M       3.1G       5.7M        50M       319M

MemTotal:        4016004 kB
MemFree:         3236516 kB
Active:           423232 kB
Mem:          3.8G       761M       3.1G       5.7M        50M       319M

MemTotal:        4016004 kB
MemFree:         3236696 kB
Active:           423212 kB
Mem:          3.8G       761M       3.1G       5.7M        50M       319M

MemTotal:        4016004 kB
MemFree:         3236820 kB
Active:           423232 kB
Mem:          3.8G       760M       3.1G       5.7M        50M       319M

MemTotal:        4016004 kB
MemFree:         3236820 kB
Active:           423196 kB
Mem:          3.8G       760M       3.1G       5.7M        50M       319M

MemTotal:        4016004 kB
MemFree:         3236820 kB
Active:           423220 kB
Mem:          3.8G       761M       3.1G       5.7M        50M       319M

MemTotal:        4016004 kB
MemFree:         3236448 kB
Active:           423268 kB
Mem:          3.8G       761M       3.1G       5.7M        50M       319M

MemTotal:        4016004 kB
MemFree:         3234708 kB
Active:           423228 kB
Mem:          3.8G       762M       3.1G       5.7M        50M       319M

MemTotal:        4016004 kB
MemFree:         3235020 kB
Active:           425276 kB
Mem:          3.8G       762M       3.1G       5.7M        50M       319M

MemTotal:        4016004 kB
MemFree:         3235144 kB
Active:           425260 kB
Mem:          3.8G       762M       3.1G       5.7M        50M       319M

MemTotal:        4016004 kB
MemFree:         3234772 kB
Active:           425300 kB
Mem:          3.8G       762M       3.1G       5.7M        50M       319M

MemTotal:        4016004 kB
MemFree:         3235144 kB
Active:           425248 kB
Mem:          3.8G       762M       3.1G       5.7M        50M       319M

MemTotal:        4016004 kB
MemFree:         3235144 kB
Active:           425264 kB
Mem:          3.8G       762M       3.1G       5.7M        50M       319M

MemTotal:        4016004 kB
MemFree:         3235144 kB
Active:           425248 kB
Mem:          3.8G       762M       3.1G       5.7M        50M       319M

MemTotal:        4016004 kB
MemFree:         3234540 kB
Active:           425280 kB
Mem:          3.8G       763M       3.1G       5.7M        50M       319M

MemTotal:        4016004 kB
MemFree:         3234664 kB
Active:           425256 kB
Mem:          3.8G       763M       3.1G       5.7M        50M       319M

MemTotal:        4016004 kB
MemFree:         3234912 kB
Active:           425292 kB
Mem:          3.8G       762M       3.1G       5.7M        50M       319M

MemTotal:        4016004 kB
MemFree:         3234788 kB
Active:           425264 kB
Mem:          3.8G       763M       3.1G       5.7M        50M       319M

MemTotal:        4016004 kB
MemFree:         3234928 kB
Active:           425296 kB
Mem:          3.8G       762M       3.1G       5.7M        50M       319M

MemTotal:        4016004 kB
MemFree:         3234820 kB
Active:           425276 kB
Mem:          3.8G       762M       3.1G       5.7M        50M       319M

MemTotal:        4016004 kB
MemFree:         3234820 kB
Active:           425264 kB
Mem:          3.8G       763M       3.1G       5.7M        50M       319M

MemTotal:        4016004 kB
MemFree:         3235068 kB
Active:           425304 kB
Mem:          3.8G       762M       3.1G       5.7M        50M       319M

MemTotal:        4016004 kB
MemFree:         3235192 kB
Active:           425264 kB
Mem:          3.8G       762M       3.1G       5.7M        50M       319M

MemTotal:        4016004 kB
MemFree:         3234944 kB
Active:           425284 kB
Mem:          3.8G       763M       3.1G       5.7M        50M       319M

MemTotal:        4016004 kB
MemFree:         3234696 kB
Active:           425268 kB
Mem:          3.8G       763M       3.1G       5.7M        50M       319M

MemTotal:        4016004 kB
MemFree:         3234820 kB
Active:           425280 kB
Mem:          3.8G       762M       3.1G       5.7M        50M       319M

MemTotal:        4016004 kB
MemFree:         3234820 kB
Active:           425304 kB
Mem:          3.8G       762M       3.1G       5.7M        50M       319M

MemTotal:        4016004 kB
MemFree:         3234696 kB
Active:           425316 kB
Mem:          3.8G       762M       3.1G       5.7M        50M       319M

MemTotal:        4016004 kB
MemFree:         3234944 kB
Active:           425272 kB
Mem:          3.8G       762M       3.1G       5.7M        50M       319M

MemTotal:        4016004 kB
MemFree:         3234820 kB
Active:           425284 kB
Mem:          3.8G       762M       3.1G       5.7M        50M       319M

MemTotal:        4016004 kB
MemFree:         3235092 kB
Active:           425144 kB
Mem:          3.8G       762M       3.1G       5.7M        50M       319M

MemTotal:        4016004 kB
MemFree:         3234480 kB
Active:           425152 kB
Mem:          3.8G       763M       3.1G       5.7M        50M       319M

MemTotal:        4016004 kB
MemFree:         3234728 kB
Active:           425104 kB
Mem:          3.8G       763M       3.1G       5.7M        50M       319M

MemTotal:        4016004 kB
MemFree:         3234728 kB
Active:           425160 kB
Mem:          3.8G       762M       3.1G       5.7M        50M       319M

MemTotal:        4016004 kB
MemFree:         3234604 kB
Active:           425168 kB
Mem:          3.8G       762M       3.1G       5.7M        50M       319M

MemTotal:        4016004 kB
MemFree:         3234976 kB
Active:           425148 kB
Mem:          3.8G       762M       3.1G       5.7M        50M       319M

MemTotal:        4016004 kB
MemFree:         3234880 kB
Active:           423216 kB
Mem:          3.8G       762M       3.1G       5.7M        50M       319M

MemTotal:        4016004 kB
MemFree:         3235532 kB
Active:           425164 kB
Mem:          3.8G       762M       3.1G       5.7M        50M       319M

MemTotal:        4016004 kB
MemFree:         3234788 kB
Active:           425188 kB
Mem:          3.8G       763M       3.1G       5.7M        50M       319M

MemTotal:        4016004 kB
MemFree:         3234416 kB
Active:           425188 kB
Mem:          3.8G       763M       3.1G       5.7M        50M       319M

MemTotal:        4016004 kB
MemFree:         3234540 kB
Active:           425192 kB
Mem:          3.8G       762M       3.1G       5.7M        50M       319M

MemTotal:        4016004 kB
MemFree:         3235036 kB
Active:           425192 kB
Mem:          3.8G       762M       3.1G       5.7M        50M       319M

MemTotal:        4016004 kB
MemFree:         3235284 kB
Active:           425168 kB
Mem:          3.8G       762M       3.1G       5.7M        50M       319M

MemTotal:        4016004 kB
MemFree:         3235036 kB
Active:           425188 kB
Mem:          3.8G       762M       3.1G       5.7M        50M       319M

MemTotal:        4016004 kB
MemFree:         3235036 kB
Active:           425176 kB
Mem:          3.8G       762M       3.1G       5.7M        50M       319M

MemTotal:        4016004 kB
MemFree:         3235036 kB
Active:           425176 kB
Mem:          3.8G       762M       3.1G       5.7M        50M       319M

MemTotal:        4016004 kB
MemFree:         3234288 kB
Active:           423148 kB
Mem:          3.8G       763M       3.1G       5.7M        50M       319M

MemTotal:        4016004 kB
MemFree:         3234908 kB
Active:           425168 kB
Mem:          3.8G       763M       3.1G       5.7M        50M       319M

MemTotal:        4016004 kB
MemFree:         3235032 kB
Active:           425212 kB
Mem:          3.8G       762M       3.1G       5.7M        50M       319M

MemTotal:        4016004 kB
MemFree:         3235032 kB
Active:           425160 kB
Mem:          3.8G       762M       3.1G       5.7M        50M       319M

MemTotal:        4016004 kB
MemFree:         3235156 kB
Active:           425188 kB
Mem:          3.8G       762M       3.1G       5.7M        50M       319M

MemTotal:        4016004 kB
MemFree:         3235404 kB
Active:           425160 kB
Mem:          3.8G       762M       3.1G       5.7M        50M       319M

MemTotal:        4016004 kB
MemFree:         3235032 kB
Active:           425200 kB
Mem:          3.8G       762M       3.1G       5.7M        50M       319M

MemTotal:        4016004 kB
MemFree:         3235512 kB
Active:           425184 kB
Mem:          3.8G       762M       3.1G       5.7M        50M       319M

MemTotal:        4016004 kB
MemFree:         3234876 kB
Active:           425164 kB
Mem:          3.8G       762M       3.1G       5.7M        50M       319M

MemTotal:        4016004 kB
MemFree:         3234576 kB
Active:           425452 kB
Mem:          3.8G       763M       3.1G       5.7M        50M       319M

MemTotal:        4016004 kB
MemFree:         3234576 kB
Active:           425484 kB
Mem:          3.8G       762M       3.1G       5.7M        50M       319M

MemTotal:        4016004 kB
MemFree:         3234584 kB
Active:           425512 kB
Mem:          3.8G       763M       3.1G       5.7M        50M       319M

MemTotal:        4016004 kB
MemFree:         3234584 kB
Active:           425540 kB
Mem:          3.8G       763M       3.1G       5.7M        50M       319M

MemTotal:        4016004 kB
MemFree:         3234708 kB
Active:           425560 kB
Mem:          3.8G       763M       3.1G       5.7M        50M       319M

MemTotal:        4016004 kB
MemFree:         3234460 kB
Active:           425564 kB
Mem:          3.8G       762M       3.1G       5.7M        50M       319M

MemTotal:        4016004 kB
MemFree:         3234708 kB
Active:           425580 kB
Mem:          3.8G       763M       3.1G       5.7M        50M       319M

MemTotal:        4016004 kB
MemFree:         3234584 kB
Active:           425536 kB
Mem:          3.8G       763M       3.1G       5.7M        50M       319M

MemTotal:        4016004 kB
MemFree:         3234460 kB
Active:           425580 kB
Mem:          3.8G       763M       3.1G       5.7M        50M       319M

MemTotal:        4016004 kB
MemFree:         3234088 kB
Active:           425572 kB
Mem:          3.8G       763M       3.1G       5.7M        50M       319M

MemTotal:        4016004 kB
MemFree:         3234088 kB
Active:           425564 kB
Mem:          3.8G       763M       3.1G       5.7M        50M       319M

MemTotal:        4016004 kB
MemFree:         3233716 kB
Active:           425584 kB
Mem:          3.8G       763M       3.1G       5.7M        50M       319M

MemTotal:        4016004 kB
MemFree:         3234088 kB
Active:           425564 kB
Mem:          3.8G       763M       3.1G       5.7M        50M       319M

MemTotal:        4016004 kB
MemFree:         3234088 kB
Active:           425540 kB
Mem:          3.8G       763M       3.1G       5.7M        50M       319M

MemTotal:        4016004 kB
MemFree:         3233964 kB
Active:           425564 kB
Mem:          3.8G       763M       3.1G       5.7M        50M       319M

MemTotal:        4016004 kB
MemFree:         3234040 kB
Active:           425580 kB
Mem:          3.8G       763M       3.1G       5.7M        50M       319M

MemTotal:        4016004 kB
MemFree:         3233964 kB
Active:           425580 kB
Mem:          3.8G       763M       3.1G       5.7M        50M       319M

MemTotal:        4016004 kB
MemFree:         3234212 kB
Active:           425588 kB
Mem:          3.8G       763M       3.1G       5.7M        50M       319M

MemTotal:        4016004 kB
MemFree:         3234088 kB
Active:           425584 kB
Mem:          3.8G       763M       3.1G       5.7M        50M       319M

MemTotal:        4016004 kB
MemFree:         3234088 kB
Active:           425600 kB
Mem:          3.8G       763M       3.1G       5.7M        50M       319M

MemTotal:        4016004 kB
MemFree:         3234024 kB
Active:           423564 kB
Mem:          3.8G       763M       3.1G       5.7M        50M       319M

MemTotal:        4016004 kB
MemFree:         3234148 kB
Active:           425600 kB
Mem:          3.8G       763M       3.1G       5.7M        50M       319M

MemTotal:        4016004 kB
MemFree:         3234024 kB
Active:           425612 kB
Mem:          3.8G       763M       3.1G       5.7M        50M       319M

MemTotal:        4016004 kB
MemFree:         3234148 kB
Active:           425620 kB
Mem:          3.8G       763M       3.1G       5.7M        50M       319M

MemTotal:        4016004 kB
MemFree:         3234024 kB
Active:           425616 kB
Mem:          3.8G       763M       3.1G       5.7M        50M       319M

MemTotal:        4016004 kB
MemFree:         3234024 kB
Active:           425580 kB
Mem:          3.8G       763M       3.1G       5.7M        50M       319M

MemTotal:        4016004 kB
MemFree:         3234148 kB
Active:           425588 kB
Mem:          3.8G       763M       3.1G       5.7M        50M       319M

MemTotal:        4016004 kB
MemFree:         3233776 kB
Active:           425608 kB
Mem:          3.8G       763M       3.1G       5.7M        50M       319M

MemTotal:        4016004 kB
MemFree:         3233900 kB
Active:           425608 kB
Mem:          3.8G       763M       3.1G       5.7M        50M       319M

MemTotal:        4016004 kB
MemFree:         3233776 kB
Active:           425624 kB
Mem:          3.8G       766M       3.1G       5.7M        50M       319M

MemTotal:        4016004 kB
MemFree:         3231728 kB
Active:           427652 kB
Mem:          3.8G       765M       3.1G       5.7M        50M       319M

MemTotal:        4016004 kB
MemFree:         3231604 kB
Active:           427644 kB
Mem:          3.8G       766M       3.1G       5.7M        50M       319M

MemTotal:        4016004 kB
MemFree:         3231728 kB
Active:           427640 kB
Mem:          3.8G       765M       3.1G       5.7M        50M       319M

MemTotal:        4016004 kB
MemFree:         3231960 kB
Active:           427624 kB
Mem:          3.8G       765M       3.1G       5.7M        50M       319M

MemTotal:        4016004 kB
MemFree:         3231976 kB
Active:           427628 kB
Mem:          3.8G       765M       3.1G       5.7M        50M       319M

MemTotal:        4016004 kB
MemFree:         3232100 kB
Active:           427672 kB
Mem:          3.8G       765M       3.1G       5.7M        50M       319M

MemTotal:        4016004 kB
MemFree:         3232224 kB
Active:           427644 kB
Mem:          3.8G       765M       3.1G       5.7M        50M       319M

MemTotal:        4016004 kB
MemFree:         3231976 kB
Active:           427652 kB
Mem:          3.8G       765M       3.1G       5.7M        50M       319M

MemTotal:        4016004 kB
MemFree:         3231976 kB
Active:           427636 kB
Mem:          3.8G       765M       3.1G       5.7M        50M       319M

MemTotal:        4016004 kB
MemFree:         3232100 kB
Active:           427616 kB
Mem:          3.8G       765M       3.1G       5.7M        50M       319M

MemTotal:        4016004 kB
MemFree:         3232100 kB
Active:           427640 kB
Mem:          3.8G       765M       3.1G       5.7M        50M       319M

MemTotal:        4016004 kB
MemFree:         3232224 kB
Active:           427640 kB
Mem:          3.8G       765M       3.1G       5.7M        50M       319M

MemTotal:        4016004 kB
MemFree:         3232100 kB
Active:           427648 kB
Mem:          3.8G       765M       3.1G       5.7M        50M       319M

MemTotal:        4016004 kB
MemFree:         3232100 kB
Active:           427640 kB
Mem:          3.8G       765M       3.1G       5.7M        50M       319M

MemTotal:        4016004 kB
MemFree:         3231976 kB
Active:           427676 kB
Mem:          3.8G       765M       3.1G       5.7M        50M       319M

MemTotal:        4016004 kB
MemFree:         3232100 kB
Active:           427684 kB
Mem:          3.8G       765M       3.1G       5.7M        50M       319M

MemTotal:        4016004 kB
MemFree:         3232100 kB
Active:           427676 kB
Mem:          3.8G       765M       3.1G       5.7M        50M       319M

MemTotal:        4016004 kB
MemFree:         3232100 kB
Active:           427640 kB
Mem:          3.8G       765M       3.1G       5.7M        50M       319M

MemTotal:        4016004 kB
MemFree:         3229928 kB
Active:           427688 kB
Mem:          3.8G       767M       3.1G       5.7M        50M       319M

MemTotal:        4016004 kB
MemFree:         3229804 kB
Active:           427632 kB
Mem:          3.8G       767M       3.1G       5.7M        50M       319M

MemTotal:        4016004 kB
MemFree:         3229928 kB
Active:           429680 kB
Mem:          3.8G       767M       3.1G       5.7M        50M       319M

MemTotal:        4016004 kB
MemFree:         3229680 kB
Active:           429688 kB
Mem:          3.8G       767M       3.1G       5.7M        50M       319M

MemTotal:        4016004 kB
MemFree:         3229804 kB
Active:           429712 kB
Mem:          3.8G       767M       3.1G       5.7M        50M       319M

MemTotal:        4016004 kB
MemFree:         3230052 kB
Active:           429720 kB
Mem:          3.8G       767M       3.1G       5.7M        50M       319M

MemTotal:        4016004 kB
MemFree:         3229928 kB
Active:           429716 kB
Mem:          3.8G       767M       3.1G       5.7M        50M       319M

MemTotal:        4016004 kB
MemFree:         3229680 kB
Active:           429700 kB
Mem:          3.8G       767M       3.1G       5.7M        50M       319M

MemTotal:        4016004 kB
MemFree:         3229804 kB
Active:           429684 kB
Mem:          3.8G       767M       3.1G       5.7M        50M       319M

MemTotal:        4016004 kB
MemFree:         3229804 kB
Active:           429692 kB
Mem:          3.8G       767M       3.1G       5.7M        50M       319M

MemTotal:        4016004 kB
MemFree:         3229804 kB
Active:           429680 kB
Mem:          3.8G       768M       3.1G       5.7M        50M       319M

MemTotal:        4016004 kB
MemFree:         3229928 kB
Active:           429688 kB
Mem:          3.8G       768M       3.1G       5.7M        50M       319M

MemTotal:        4016004 kB
MemFree:         3229804 kB
Active:           429676 kB
Mem:          3.8G       767M       3.1G       5.7M        50M       319M

MemTotal:        4016004 kB
MemFree:         3229804 kB
Active:           429696 kB
Mem:          3.8G       768M       3.1G       5.7M        50M       319M

MemTotal:        4016004 kB
MemFree:         3229680 kB
Active:           429732 kB
Mem:          3.8G       767M       3.1G       5.7M        50M       319M

MemTotal:        4016004 kB
MemFree:         3229804 kB
Active:           429712 kB
Mem:          3.8G       767M       3.1G       5.7M        50M       319M

MemTotal:        4016004 kB
MemFree:         3229804 kB
Active:           429700 kB
Mem:          3.8G       767M       3.1G       5.7M        50M       319M

MemTotal:        4016004 kB
MemFree:         3229556 kB
Active:           429748 kB
Mem:          3.8G       767M       3.1G       5.7M        50M       319M

MemTotal:        4016004 kB
MemFree:         3229928 kB
Active:           429708 kB
Mem:          3.8G       767M       3.1G       5.7M        50M       319M

MemTotal:        4016004 kB
MemFree:         3229804 kB
Active:           429704 kB
Mem:          3.8G       767M       3.1G       5.7M        50M       319M

MemTotal:        4016004 kB
MemFree:         3229804 kB
Active:           429712 kB
Mem:          3.8G       768M       3.1G       5.7M        50M       319M

MemTotal:        4016004 kB
MemFree:         3229680 kB
Active:           429712 kB
Mem:          3.8G       768M       3.1G       5.7M        50M       319M

MemTotal:        4016004 kB
MemFree:         3229648 kB
Active:           429700 kB
Mem:          3.8G       768M       3.1G       5.7M        50M       319M

MemTotal:        4016004 kB
MemFree:         3229556 kB
Active:           429748 kB
Mem:          3.8G       767M       3.1G       5.7M        50M       319M

MemTotal:        4016004 kB
MemFree:         3229680 kB
Active:           429728 kB
Mem:          3.8G       767M       3.1G       5.7M        50M       319M

MemTotal:        4016004 kB
MemFree:         3229804 kB
Active:           429736 kB
Mem:          3.8G       767M       3.1G       5.7M        50M       319M

MemTotal:        4016004 kB
MemFree:         3229804 kB
Active:           429744 kB
Mem:          3.8G       767M       3.1G       5.7M        50M       319M

MemTotal:        4016004 kB
MemFree:         3229680 kB
Active:           429744 kB
Mem:          3.8G       768M       3.1G       5.7M        50M       319M

MemTotal:        4016004 kB
MemFree:         3229680 kB
Active:           429708 kB
Mem:          3.8G       768M       3.1G       5.7M        50M       319M

MemTotal:        4016004 kB
MemFree:         3229680 kB
Active:           429760 kB
Mem:          3.8G       767M       3.1G       5.7M        50M       319M

MemTotal:        4016004 kB
MemFree:         3229680 kB
Active:           429752 kB
Mem:          3.8G       767M       3.1G       5.7M        50M       319M

MemTotal:        4016004 kB
MemFree:         3229928 kB
Active:           429760 kB
Mem:          3.8G       768M       3.1G       5.7M        50M       319M

MemTotal:        4016004 kB
MemFree:         3229804 kB
Active:           429732 kB
Mem:          3.8G       767M       3.1G       5.7M        50M       319M

MemTotal:        4016004 kB
MemFree:         3229804 kB
Active:           429764 kB
Mem:          3.8G       767M       3.1G       5.7M        50M       319M

MemTotal:        4016004 kB
MemFree:         3229928 kB
Active:           429736 kB
Mem:          3.8G       767M       3.1G       5.7M        50M       319M

MemTotal:        4016004 kB
MemFree:         3229680 kB
Active:           429732 kB
Mem:          3.8G       768M       3.1G       5.7M        50M       319M

MemTotal:        4016004 kB
MemFree:         3229680 kB
Active:           429736 kB
Mem:          3.8G       768M       3.1G       5.7M        50M       319M

MemTotal:        4016004 kB
MemFree:         3229308 kB
Active:           429792 kB
Mem:          3.8G       768M       3.1G       5.7M        50M       319M

MemTotal:        4016004 kB
MemFree:         3229680 kB
Active:           429752 kB
Mem:          3.8G       767M       3.1G       5.7M        50M       319M

MemTotal:        4016004 kB
MemFree:         3230052 kB
Active:           429792 kB
Mem:          3.8G       767M       3.1G       5.7M        50M       319M

MemTotal:        4016004 kB
MemFree:         3230052 kB
Active:           429772 kB
Mem:          3.8G       767M       3.1G       5.7M        50M       319M

MemTotal:        4016004 kB
MemFree:         3229804 kB
Active:           429812 kB
Mem:          3.8G       767M       3.1G       5.7M        50M       319M

MemTotal:        4016004 kB
MemFree:         3229804 kB
Active:           429764 kB
Mem:          3.8G       767M       3.1G       5.7M        50M       319M

MemTotal:        4016004 kB
MemFree:         3229680 kB
Active:           429808 kB
Mem:          3.8G       767M       3.1G       5.7M        50M       319M

MemTotal:        4016004 kB
MemFree:         3229804 kB
Active:           429816 kB
Mem:          3.8G       767M       3.1G       5.7M        50M       319M

MemTotal:        4016004 kB
MemFree:         3229928 kB
Active:           429820 kB
Mem:          3.8G       767M       3.1G       5.7M        50M       319M

MemTotal:        4016004 kB
MemFree:         3229680 kB
Active:           429824 kB
Mem:          3.8G       768M       3.1G       5.7M        50M       319M

MemTotal:        4016004 kB
MemFree:         3229556 kB
Active:           429812 kB
Mem:          3.8G       767M       3.1G       5.7M        50M       319M

MemTotal:        4016004 kB
MemFree:         3229556 kB
Active:           429796 kB
Mem:          3.8G       768M       3.1G       5.7M        50M       319M

MemTotal:        4016004 kB
MemFree:         3229556 kB
Active:           429788 kB
Mem:          3.8G       767M       3.1G       5.7M        50M       319M

MemTotal:        4016004 kB
MemFree:         3229680 kB
Active:           429816 kB
Mem:          3.8G       768M       3.1G       5.7M        50M       319M

MemTotal:        4016004 kB
MemFree:         3229680 kB
Active:           429824 kB
Mem:          3.8G       767M       3.1G       5.7M        50M       319M

MemTotal:        4016004 kB
MemFree:         3229804 kB
Active:           429820 kB
Mem:          3.8G       767M       3.1G       5.7M        50M       319M

MemTotal:        4016004 kB
MemFree:         3229680 kB
Active:           429820 kB
Mem:          3.8G       768M       3.1G       5.7M        50M       319M

MemTotal:        4016004 kB
MemFree:         3230052 kB
Active:           429816 kB
Mem:          3.8G       767M       3.1G       5.7M        50M       319M

MemTotal:        4016004 kB
MemFree:         3229928 kB
Active:           429824 kB
Mem:          3.8G       767M       3.1G       5.7M        50M       319M

MemTotal:        4016004 kB
MemFree:         3229680 kB
Active:           429808 kB
Mem:          3.8G       768M       3.1G       5.7M        50M       319M

MemTotal:        4016004 kB
MemFree:         3229680 kB
Active:           429812 kB
Mem:          3.8G       768M       3.1G       5.7M        50M       319M

MemTotal:        4016004 kB
MemFree:         3229556 kB
Active:           429828 kB
Mem:          3.8G       767M       3.1G       5.7M        51M       319M

MemTotal:        4016004 kB
MemFree:         3229680 kB
Active:           429800 kB
Mem:          3.8G       768M       3.1G       5.7M        51M       319M

MemTotal:        4016004 kB
MemFree:         3229432 kB
Active:           429804 kB
Mem:          3.8G       768M       3.1G       5.7M        51M       319M

MemTotal:        4016004 kB
MemFree:         3229540 kB
Active:           429800 kB
Mem:          3.8G       768M       3.1G       5.7M        51M       319M

MemTotal:        4016004 kB
MemFree:         3229788 kB
Active:           429828 kB
Mem:          3.8G       767M       3.1G       5.7M        51M       319M

MemTotal:        4016004 kB
MemFree:         3229912 kB
Active:           429840 kB
Mem:          3.8G       767M       3.1G       5.7M        51M       319M

MemTotal:        4016004 kB
MemFree:         3229912 kB
Active:           429836 kB
Mem:          3.8G       767M       3.1G       5.7M        51M       319M

MemTotal:        4016004 kB
MemFree:         3230144 kB
Active:           429804 kB
Mem:          3.8G       767M       3.1G       5.7M        51M       319M

MemTotal:        4016004 kB
MemFree:         3229896 kB
Active:           429852 kB
Mem:          3.8G       767M       3.1G       5.7M        51M       319M

MemTotal:        4016004 kB
MemFree:         3229896 kB
Active:           429852 kB
Mem:          3.8G       767M       3.1G       5.7M        51M       319M

MemTotal:        4016004 kB
MemFree:         3229896 kB
Active:           429860 kB
Mem:          3.8G       767M       3.1G       5.7M        51M       319M

MemTotal:        4016004 kB
MemFree:         3230020 kB
Active:           429852 kB
Mem:          3.8G       767M       3.1G       5.7M        51M       319M

MemTotal:        4016004 kB
MemFree:         3229772 kB
Active:           429832 kB
Mem:          3.8G       767M       3.1G       5.7M        51M       319M

MemTotal:        4016004 kB
MemFree:         3229524 kB
Active:           429864 kB
Mem:          3.8G       768M       3.1G       5.7M        51M       319M

MemTotal:        4016004 kB
MemFree:         3229524 kB
Active:           429836 kB
Mem:          3.8G       768M       3.1G       5.7M        51M       319M

MemTotal:        4016004 kB
MemFree:         3229524 kB
Active:           429812 kB
Mem:          3.8G       768M       3.1G       5.7M        51M       319M

MemTotal:        4016004 kB
MemFree:         3229524 kB
Active:           429868 kB
Mem:          3.8G       768M       3.1G       5.7M        51M       319M

MemTotal:        4016004 kB
MemFree:         3229400 kB
Active:           429864 kB
Mem:          3.8G       768M       3.1G       5.7M        51M       319M

MemTotal:        4016004 kB
MemFree:         3229276 kB
Active:           429840 kB
Mem:          3.8G       768M       3.1G       5.7M        51M       319M

MemTotal:        4016004 kB
MemFree:         3229400 kB
Active:           429864 kB
Mem:          3.8G       768M       3.1G       5.7M        51M       319M

MemTotal:        4016004 kB
MemFree:         3229276 kB
Active:           429876 kB
Mem:          3.8G       768M       3.1G       5.7M        51M       319M

MemTotal:        4016004 kB
MemFree:         3229276 kB
Active:           429848 kB
Mem:          3.8G       768M       3.1G       5.7M        51M       319M

MemTotal:        4016004 kB
MemFree:         3220120 kB
Active:           437680 kB
Mem:          3.8G       777M       3.1G       5.7M        58M       319M

MemTotal:        4016004 kB
MemFree:         3220104 kB
Active:           437680 kB
Mem:          3.8G       777M       3.1G       5.7M        58M       319M

MemTotal:        4016004 kB
MemFree:         3220708 kB
Active:           437640 kB
Mem:          3.8G       776M       3.1G       5.7M        58M       319M

MemTotal:        4016004 kB
MemFree:         3220956 kB
Active:           437664 kB
Mem:          3.8G       776M       3.1G       5.7M        58M       319M

MemTotal:        4016004 kB
MemFree:         3220832 kB
Active:           437676 kB
Mem:          3.8G       776M       3.1G       5.7M        58M       319M

MemTotal:        4016004 kB
MemFree:         3221204 kB
Active:           437676 kB
Mem:          3.8G       776M       3.1G       5.7M        58M       319M

MemTotal:        4016004 kB
MemFree:         3220832 kB
Active:           437688 kB
Mem:          3.8G       776M       3.1G       5.7M        58M       319M

MemTotal:        4016004 kB
MemFree:         3220708 kB
Active:           437656 kB
Mem:          3.8G       776M       3.1G       5.7M        58M       319M

MemTotal:        4016004 kB
MemFree:         3220584 kB
Active:           437668 kB
Mem:          3.8G       776M       3.1G       5.7M        58M       319M

MemTotal:        4016004 kB
MemFree:         3220584 kB
Active:           437676 kB
Mem:          3.8G       776M       3.1G       5.7M        58M       319M

MemTotal:        4016004 kB
MemFree:         3220584 kB
Active:           437684 kB
Mem:          3.8G       777M       3.1G       5.7M        58M       319M

MemTotal:        4016004 kB
MemFree:         3220088 kB
Active:           437688 kB
Mem:          3.8G       777M       3.1G       5.7M        58M       319M

MemTotal:        4016004 kB
MemFree:         3220088 kB
Active:           437676 kB
Mem:          3.8G       777M       3.1G       5.7M        58M       319M

MemTotal:        4016004 kB
MemFree:         3220088 kB
Active:           437708 kB
Mem:          3.8G       777M       3.1G       5.7M        58M       319M

MemTotal:        4016004 kB
MemFree:         3220088 kB
Active:           437664 kB
Mem:          3.8G       777M       3.1G       5.7M        58M       319M

MemTotal:        4016004 kB
MemFree:         3220088 kB
Active:           437720 kB
Mem:          3.8G       777M       3.1G       5.7M        58M       319M

MemTotal:        4016004 kB
MemFree:         3220212 kB
Active:           437720 kB
Mem:          3.8G       777M       3.1G       5.7M        58M       319M

MemTotal:        4016004 kB
MemFree:         3219840 kB
Active:           437704 kB
Mem:          3.8G       777M       3.1G       5.7M        58M       319M

MemTotal:        4016004 kB
MemFree:         3220072 kB
Active:           437696 kB
Mem:          3.8G       777M       3.1G       5.7M        58M       319M

MemTotal:        4016004 kB
MemFree:         3220088 kB
Active:           437704 kB
Mem:          3.8G       777M       3.1G       5.7M        58M       319M

MemTotal:        4016004 kB
MemFree:         3220088 kB
Active:           437704 kB
Mem:          3.8G       777M       3.1G       5.7M        58M       319M

MemTotal:        4016004 kB
MemFree:         3219964 kB
Active:           437728 kB
Mem:          3.8G       777M       3.1G       5.7M        58M       319M

MemTotal:        4016004 kB
MemFree:         3220088 kB
Active:           437716 kB
Mem:          3.8G       777M       3.1G       5.7M        58M       319M

MemTotal:        4016004 kB
MemFree:         3220088 kB
Active:           437692 kB
Mem:          3.8G       777M       3.1G       5.7M        58M       319M

MemTotal:        4016004 kB
MemFree:         3220088 kB
Active:           437732 kB
Mem:          3.8G       777M       3.1G       5.7M        58M       319M

MemTotal:        4016004 kB
MemFree:         3220088 kB
Active:           437732 kB
Mem:          3.8G       777M       3.1G       5.7M        58M       319M

MemTotal:        4016004 kB
MemFree:         3219964 kB
Active:           437732 kB
Mem:          3.8G       777M       3.1G       5.7M        58M       319M

MemTotal:        4016004 kB
MemFree:         3219840 kB
Active:           437736 kB
Mem:          3.8G       777M       3.1G       5.7M        58M       319M

MemTotal:        4016004 kB
MemFree:         3219840 kB
Active:           437732 kB
Mem:          3.8G       777M       3.1G       5.7M        58M       319M

MemTotal:        4016004 kB
MemFree:         3219840 kB
Active:           437744 kB
Mem:          3.8G       777M       3.1G       5.7M        58M       319M

MemTotal:        4016004 kB
MemFree:         3220368 kB
Active:           437704 kB
Mem:          3.8G       776M       3.1G       5.7M        58M       319M

MemTotal:        4016004 kB
MemFree:         3220368 kB
Active:           437744 kB
Mem:          3.8G       777M       3.1G       5.7M        58M       319M

MemTotal:        4016004 kB
MemFree:         3220244 kB
Active:           437704 kB
Mem:          3.8G       777M       3.1G       5.7M        58M       319M

MemTotal:        4016004 kB
MemFree:         3220244 kB
Active:           437692 kB
Mem:          3.8G       777M       3.1G       5.7M        58M       319M

MemTotal:        4016004 kB
MemFree:         3220244 kB
Active:           437712 kB
Mem:          3.8G       777M       3.1G       5.7M        58M       319M

MemTotal:        4016004 kB
MemFree:         3220244 kB
Active:           437748 kB
Mem:          3.8G       777M       3.1G       5.7M        58M       319M

MemTotal:        4016004 kB
MemFree:         3220600 kB
Active:           437736 kB
Mem:          3.8G       777M       3.1G       5.7M        58M       319M

MemTotal:        4016004 kB
MemFree:         3219872 kB
Active:           437728 kB
Mem:          3.8G       777M       3.1G       5.7M        58M       319M

MemTotal:        4016004 kB
MemFree:         3219608 kB
Active:           437768 kB
Mem:          3.8G       777M       3.1G       5.7M        58M       319M

MemTotal:        4016004 kB
MemFree:         3219980 kB
Active:           437728 kB
Mem:          3.8G       777M       3.1G       5.7M        58M       319M

MemTotal:        4016004 kB
MemFree:         3219904 kB
Active:           437760 kB
Mem:          3.8G       777M       3.1G       5.7M        58M       319M

MemTotal:        4016004 kB
MemFree:         3219532 kB
Active:           437768 kB
Mem:          3.8G       777M       3.1G       5.7M        58M       319M

MemTotal:        4016004 kB
MemFree:         3219780 kB
Active:           437776 kB
Mem:          3.8G       777M       3.1G       5.7M        58M       319M

MemTotal:        4016004 kB
MemFree:         3219904 kB
Active:           437748 kB
Mem:          3.8G       777M       3.1G       5.7M        58M       319M

MemTotal:        4016004 kB
MemFree:         3219904 kB
Active:           437752 kB
Mem:          3.8G       777M       3.1G       5.7M        58M       319M

MemTotal:        4016004 kB
MemFree:         3219904 kB
Active:           437780 kB
Mem:          3.8G       777M       3.1G       5.7M        58M       319M

MemTotal:        4016004 kB
MemFree:         3220028 kB
Active:           437776 kB
Mem:          3.8G       777M       3.1G       5.7M        58M       319M

MemTotal:        4016004 kB
MemFree:         3220276 kB
Active:           437784 kB
Mem:          3.8G       777M       3.1G       5.7M        58M       319M

MemTotal:        4016004 kB
MemFree:         3220276 kB
Active:           437780 kB
Mem:          3.8G       777M       3.1G       5.7M        58M       319M

MemTotal:        4016004 kB
MemFree:         3220152 kB
Active:           437784 kB
Mem:          3.8G       777M       3.1G       5.7M        58M       319M

MemTotal:        4016004 kB
MemFree:         3220276 kB
Active:           437776 kB
Mem:          3.8G       777M       3.1G       5.7M        58M       319M

MemTotal:        4016004 kB
MemFree:         3220152 kB
Active:           437768 kB
Mem:          3.8G       777M       3.1G       5.7M        58M       319M

MemTotal:        4016004 kB
MemFree:         3220152 kB
Active:           437780 kB
Mem:          3.8G       777M       3.1G       5.7M        58M       319M

MemTotal:        4016004 kB
MemFree:         3220276 kB
Active:           437796 kB
Mem:          3.8G       777M       3.1G       5.7M        58M       319M

MemTotal:        4016004 kB
MemFree:         3220152 kB
Active:           437796 kB
Mem:          3.8G       777M       3.1G       5.7M        58M       319M

MemTotal:        4016004 kB
MemFree:         3220152 kB
Active:           437796 kB
Mem:          3.8G       777M       3.1G       5.7M        58M       319M

MemTotal:        4016004 kB
MemFree:         3220276 kB
Active:           437796 kB
Mem:          3.8G       777M       3.1G       5.7M        58M       319M

MemTotal:        4016004 kB
MemFree:         3219780 kB
Active:           437800 kB
Mem:          3.8G       777M       3.1G       5.7M        58M       319M

MemTotal:        4016004 kB
MemFree:         3220152 kB
Active:           437752 kB
Mem:          3.8G       777M       3.1G       5.7M        58M       319M

MemTotal:        4016004 kB
MemFree:         3220308 kB
Active:           437768 kB
Mem:          3.8G       777M       3.1G       5.7M        58M       319M

MemTotal:        4016004 kB
MemFree:         3220308 kB
Active:           437768 kB
Mem:          3.8G       777M       3.1G       5.7M        58M       319M

MemTotal:        4016004 kB
MemFree:         3220432 kB
Active:           437800 kB
Mem:          3.8G       777M       3.1G       5.7M        58M       319M

MemTotal:        4016004 kB
MemFree:         3220060 kB
Active:           437784 kB
Mem:          3.8G       777M       3.1G       5.7M        58M       319M

MemTotal:        4016004 kB
MemFree:         3220060 kB
Active:           437768 kB
Mem:          3.8G       777M       3.1G       5.7M        58M       319M

MemTotal:        4016004 kB
MemFree:         3220184 kB
Active:           437776 kB
Mem:          3.8G       777M       3.1G       5.7M        58M       319M

MemTotal:        4016004 kB
MemFree:         3220184 kB
Active:           437816 kB
Mem:          3.8G       777M       3.1G       5.7M        58M       319M

MemTotal:        4016004 kB
MemFree:         3219688 kB
Active:           437820 kB
Mem:          3.8G       777M       3.1G       5.7M        58M       319M

MemTotal:        4016004 kB
MemFree:         3220060 kB
Active:           437808 kB
Mem:          3.8G       777M       3.1G       5.7M        58M       319M

MemTotal:        4016004 kB
MemFree:         3220060 kB
Active:           437788 kB
Mem:          3.8G       777M       3.1G       5.7M        58M       319M

MemTotal:        4016004 kB
MemFree:         3220060 kB
Active:           437812 kB
Mem:          3.8G       777M       3.1G       5.7M        58M       319M

MemTotal:        4016004 kB
MemFree:         3220184 kB
Active:           437776 kB
Mem:          3.8G       777M       3.1G       5.7M        58M       319M

MemTotal:        4016004 kB
MemFree:         3219904 kB
Active:           437832 kB
Mem:          3.8G       777M       3.1G       5.7M        58M       319M

MemTotal:        4016004 kB
MemFree:         3220184 kB
Active:           437808 kB
Mem:          3.8G       777M       3.1G       5.7M        58M       319M

MemTotal:        4016004 kB
MemFree:         3220060 kB
Active:           437820 kB
Mem:          3.8G       777M       3.1G       5.7M        58M       319M

MemTotal:        4016004 kB
MemFree:         3220060 kB
Active:           437800 kB
Mem:          3.8G       777M       3.1G       5.7M        58M       319M

MemTotal:        4016004 kB
MemFree:         3220184 kB
Active:           437812 kB
Mem:          3.8G       777M       3.1G       5.7M        58M       319M

MemTotal:        4016004 kB
MemFree:         3220184 kB
Active:           437824 kB
Mem:          3.8G       777M       3.1G       5.7M        58M       319M

MemTotal:        4016004 kB
MemFree:         3220060 kB
Active:           437840 kB
Mem:          3.8G       777M       3.1G       5.7M        58M       319M

MemTotal:        4016004 kB
MemFree:         3220060 kB
Active:           437840 kB
Mem:          3.8G       777M       3.1G       5.7M        58M       319M

MemTotal:        4016004 kB
MemFree:         3220060 kB
Active:           437820 kB
Mem:          3.8G       777M       3.1G       5.7M        58M       319M

MemTotal:        4016004 kB
MemFree:         3220060 kB
Active:           437832 kB
Mem:          3.8G       777M       3.1G       5.7M        58M       319M

MemTotal:        4016004 kB
MemFree:         3220060 kB
Active:           437848 kB
Mem:          3.8G       777M       3.1G       5.7M        58M       319M

MemTotal:        4016004 kB
MemFree:         3220184 kB
Active:           437848 kB
Mem:          3.8G       777M       3.1G       5.7M        58M       319M

MemTotal:        4016004 kB
MemFree:         3220308 kB
Active:           437824 kB
Mem:          3.8G       777M       3.1G       5.7M        58M       319M

MemTotal:        4016004 kB
MemFree:         3220308 kB
Active:           437852 kB
Mem:          3.8G       776M       3.1G       5.7M        58M       319M

MemTotal:        4016004 kB
MemFree:         3220432 kB
Active:           437860 kB
Mem:          3.8G       776M       3.1G       5.7M        58M       319M

MemTotal:        4016004 kB
MemFree:         3220308 kB
Active:           437872 kB
Mem:          3.8G       777M       3.1G       5.7M        58M       320M

MemTotal:        4016004 kB
MemFree:         3220308 kB
Active:           437844 kB
Mem:          3.8G       777M       3.1G       5.7M        58M       320M

MemTotal:        4016004 kB
MemFree:         3220168 kB
Active:           437872 kB
Mem:          3.8G       777M       3.1G       5.7M        58M       320M

MemTotal:        4016004 kB
MemFree:         3220184 kB
Active:           437876 kB
Mem:          3.8G       777M       3.1G       5.7M        58M       319M

MemTotal:        4016004 kB
MemFree:         3220060 kB
Active:           437880 kB
Mem:          3.8G       777M       3.1G       5.7M        58M       320M

MemTotal:        4016004 kB
MemFree:         3220060 kB
Active:           437856 kB
Mem:          3.8G       777M       3.1G       5.7M        58M       320M

MemTotal:        4016004 kB
MemFree:         3219936 kB
Active:           437868 kB
Mem:          3.8G       777M       3.1G       5.7M        58M       320M

MemTotal:        4016004 kB
MemFree:         3220184 kB
Active:           437852 kB
Mem:          3.8G       777M       3.1G       5.7M        58M       320M

MemTotal:        4016004 kB
MemFree:         3220060 kB
Active:           437860 kB
Mem:          3.8G       777M       3.1G       5.7M        58M       320M

MemTotal:        4016004 kB
MemFree:         3219936 kB
Active:           437860 kB
Mem:          3.8G       777M       3.1G       5.7M        58M       320M

MemTotal:        4016004 kB
MemFree:         3219936 kB
Active:           437860 kB
Mem:          3.8G       777M       3.1G       5.7M        58M       319M

MemTotal:        4016004 kB
MemFree:         3219936 kB
Active:           437868 kB
Mem:          3.8G       777M       3.1G       5.7M        58M       320M

MemTotal:        4016004 kB
MemFree:         3220060 kB
Active:           437868 kB
Mem:          3.8G       777M       3.1G       5.7M        58M       320M

MemTotal:        4016004 kB
MemFree:         3219936 kB
Active:           437840 kB
Mem:          3.8G       777M       3.1G       5.7M        58M       320M

MemTotal:        4016004 kB
MemFree:         3220060 kB
Active:           437896 kB
Mem:          3.8G       777M       3.1G       5.7M        58M       320M

MemTotal:        4016004 kB
MemFree:         3219936 kB
Active:           437880 kB
Mem:          3.8G       777M       3.1G       5.7M        58M       320M

MemTotal:        4016004 kB
MemFree:         3219936 kB
Active:           437872 kB
Mem:          3.8G       777M       3.1G       5.7M        58M       320M

MemTotal:        4016004 kB
MemFree:         3220060 kB
Active:           437884 kB
Mem:          3.8G       777M       3.1G       5.7M        58M       320M

MemTotal:        4016004 kB
MemFree:         3220184 kB
Active:           437900 kB
Mem:          3.8G       777M       3.1G       5.7M        58M       320M

MemTotal:        4016004 kB
MemFree:         3220060 kB
Active:           437880 kB
Mem:          3.8G       777M       3.1G       5.7M        58M       320M

MemTotal:        4016004 kB
MemFree:         3219936 kB
Active:           437880 kB
Mem:          3.8G       777M       3.1G       5.7M        58M       320M

MemTotal:        4016004 kB
MemFree:         3219812 kB
Active:           437884 kB
Mem:          3.8G       777M       3.1G       5.7M        58M       320M

MemTotal:        4016004 kB
MemFree:         3219780 kB
Active:           437908 kB
Mem:          3.8G       777M       3.1G       5.7M        58M       320M

MemTotal:        4016004 kB
MemFree:         3219812 kB
Active:           437884 kB
Mem:          3.8G       777M       3.1G       5.7M        58M       320M

MemTotal:        4016004 kB
MemFree:         3219936 kB
Active:           437904 kB
Mem:          3.8G       777M       3.1G       5.7M        58M       320M

MemTotal:        4016004 kB
MemFree:         3219936 kB
Active:           437904 kB
Mem:          3.8G       777M       3.1G       5.7M        58M       320M

MemTotal:        4016004 kB
MemFree:         3219936 kB
Active:           437880 kB
Mem:          3.8G       777M       3.1G       5.7M        58M       320M

MemTotal:        4016004 kB
MemFree:         3219812 kB
Active:           437892 kB
Mem:          3.8G       777M       3.1G       5.7M        58M       320M

MemTotal:        4016004 kB
MemFree:         3219936 kB
Active:           437900 kB
Mem:          3.8G       777M       3.1G       5.7M        58M       320M

MemTotal:        4016004 kB
MemFree:         3219688 kB
Active:           437904 kB
Mem:          3.8G       777M       3.1G       5.7M        58M       320M

MemTotal:        4016004 kB
MemFree:         3219688 kB
Active:           437916 kB
Mem:          3.8G       777M       3.1G       5.7M        58M       320M

MemTotal:        4016004 kB
MemFree:         3219936 kB
Active:           437924 kB
Mem:          3.8G       777M       3.1G       5.7M        58M       320M

MemTotal:        4016004 kB
MemFree:         3219812 kB
Active:           437928 kB
Mem:          3.8G       777M       3.1G       5.7M        58M       320M

MemTotal:        4016004 kB
MemFree:         3219936 kB
Active:           437928 kB
Mem:          3.8G       777M       3.1G       5.7M        58M       320M

MemTotal:        4016004 kB
MemFree:         3219936 kB
Active:           437896 kB
Mem:          3.8G       777M       3.1G       5.7M        58M       320M

MemTotal:        4016004 kB
MemFree:         3220060 kB
Active:           437920 kB
Mem:          3.8G       777M       3.1G       5.7M        58M       320M

MemTotal:        4016004 kB
MemFree:         3219564 kB
Active:           437944 kB
Mem:          3.8G       777M       3.1G       5.7M        58M       320M

MemTotal:        4016004 kB
MemFree:         3219936 kB
Active:           437892 kB
Mem:          3.8G       777M       3.1G       5.7M        58M       320M

MemTotal:        4016004 kB
MemFree:         3220060 kB
Active:           437928 kB
Mem:          3.8G       777M       3.1G       5.7M        58M       320M

MemTotal:        4016004 kB
MemFree:         3219936 kB
Active:           437936 kB
Mem:          3.8G       777M       3.1G       5.7M        58M       320M

MemTotal:        4016004 kB
MemFree:         3220060 kB
Active:           437948 kB
Mem:          3.8G       777M       3.1G       5.7M        58M       320M

MemTotal:        4016004 kB
MemFree:         3219936 kB
Active:           437916 kB
Mem:          3.8G       777M       3.1G       5.7M        58M       320M

MemTotal:        4016004 kB
MemFree:         3219936 kB
Active:           437960 kB
Mem:          3.8G       777M       3.1G       5.7M        58M       320M

MemTotal:        4016004 kB
MemFree:         3220432 kB
Active:           437936 kB
Mem:          3.8G       776M       3.1G       5.7M        58M       320M

MemTotal:        4016004 kB
MemFree:         3220060 kB
Active:           437920 kB
Mem:          3.8G       777M       3.1G       5.7M        58M       320M

MemTotal:        4016004 kB
MemFree:         3220184 kB
Active:           437956 kB
Mem:          3.8G       777M       3.1G       5.7M        58M       320M

MemTotal:        4016004 kB
MemFree:         3219812 kB
Active:           438004 kB
Mem:          3.8G       777M       3.1G       5.7M        58M       320M

MemTotal:        4016004 kB
MemFree:         3219688 kB
Active:           437960 kB
Mem:          3.8G       777M       3.1G       5.7M        58M       320M

MemTotal:        4016004 kB
MemFree:         3219548 kB
Active:           438068 kB
Mem:          3.8G       777M       3.1G       5.7M        58M       320M

MemTotal:        4016004 kB
MemFree:         3220044 kB
Active:           438036 kB
Mem:          3.8G       777M       3.1G       5.7M        58M       320M

MemTotal:        4016004 kB
MemFree:         3220168 kB
Active:           438036 kB
Mem:          3.8G       777M       3.1G       5.7M        58M       320M

MemTotal:        4016004 kB
MemFree:         3220044 kB
Active:           438064 kB
Mem:          3.8G       777M       3.1G       5.7M        58M       320M

MemTotal:        4016004 kB
MemFree:         3219796 kB
Active:           438072 kB
Mem:          3.8G       777M       3.1G       5.7M        58M       320M

MemTotal:        4016004 kB
MemFree:         3219672 kB
Active:           438024 kB
Mem:          3.8G       777M       3.1G       5.7M        58M       320M

MemTotal:        4016004 kB
MemFree:         3219920 kB
Active:           438072 kB
Mem:          3.8G       777M       3.1G       5.7M        58M       320M

MemTotal:        4016004 kB
MemFree:         3219920 kB
Active:           438064 kB
Mem:          3.8G       777M       3.1G       5.7M        58M       320M

MemTotal:        4016004 kB
MemFree:         3219796 kB
Active:           438072 kB
Mem:          3.8G       777M       3.1G       5.7M        58M       320M

MemTotal:        4016004 kB
MemFree:         3219796 kB
Active:           438076 kB
Mem:          3.8G       777M       3.1G       5.7M        58M       320M

MemTotal:        4016004 kB
MemFree:         3220044 kB
Active:           438036 kB
Mem:          3.8G       777M       3.1G       5.7M        58M       320M

MemTotal:        4016004 kB
MemFree:         3220416 kB
Active:           438072 kB
Mem:          3.8G       776M       3.1G       5.7M        58M       320M

MemTotal:        4016004 kB
MemFree:         3220540 kB
Active:           438048 kB
Mem:          3.8G       777M       3.1G       5.7M        58M       320M

MemTotal:        4016004 kB
MemFree:         3220136 kB
Active:           438084 kB
Mem:          3.8G       777M       3.1G       5.7M        58M       320M

MemTotal:        4016004 kB
MemFree:         3220044 kB
Active:           438088 kB
Mem:          3.8G       777M       3.1G       5.7M        58M       320M

MemTotal:        4016004 kB
MemFree:         3220308 kB
Active:           438056 kB
Mem:          3.8G       776M       3.1G       5.7M        58M       320M

MemTotal:        4016004 kB
MemFree:         3220308 kB
Active:           438016 kB
Mem:          3.8G       776M       3.1G       5.7M        58M       320M

MemTotal:        4016004 kB
MemFree:         3220680 kB
Active:           438080 kB
Mem:          3.8G       776M       3.1G       5.7M        58M       320M

MemTotal:        4016004 kB
MemFree:         3220184 kB
Active:           438084 kB
Mem:          3.8G       777M       3.1G       5.7M        58M       320M

MemTotal:        4016004 kB
MemFree:         3219936 kB
Active:           438084 kB
Mem:          3.8G       777M       3.1G       5.7M        58M       320M

MemTotal:        4016004 kB
MemFree:         3220308 kB
Active:           438068 kB
Mem:          3.8G       777M       3.1G       5.7M        58M       320M

MemTotal:        4016004 kB
MemFree:         3220184 kB
Active:           438080 kB
Mem:          3.8G       777M       3.1G       5.7M        58M       320M

MemTotal:        4016004 kB
MemFree:         3220452 kB
Active:           437924 kB
Mem:          3.8G       777M       3.1G       5.7M        58M       320M

MemTotal:        4016004 kB
MemFree:         3220716 kB
Active:           437772 kB
Mem:          3.8G       776M       3.1G       5.7M        58M       320M

MemTotal:        4016004 kB
MemFree:         3220840 kB
Active:           437796 kB
Mem:          3.8G       776M       3.1G       5.7M        58M       320M

MemTotal:        4016004 kB
MemFree:         3220592 kB
Active:           437768 kB
Mem:          3.8G       776M       3.1G       5.7M        58M       320M

MemTotal:        4016004 kB
MemFree:         3221088 kB
Active:           437748 kB
Mem:          3.8G       776M       3.1G       5.7M        58M       320M

MemTotal:        4016004 kB
MemFree:         3220840 kB
Active:           437776 kB
Mem:          3.8G       776M       3.1G       5.7M        58M       320M

MemTotal:        4016004 kB
MemFree:         3220964 kB
Active:           437780 kB
Mem:          3.8G       776M       3.1G       5.7M        58M       320M

MemTotal:        4016004 kB
MemFree:         3220964 kB
Active:           437768 kB
Mem:          3.8G       776M       3.1G       5.7M        58M       320M

MemTotal:        4016004 kB
MemFree:         3221088 kB
Active:           437780 kB
Mem:          3.8G       776M       3.1G       5.7M        58M       320M

MemTotal:        4016004 kB
MemFree:         3221088 kB
Active:           437804 kB
Mem:          3.8G       776M       3.1G       5.7M        58M       320M

MemTotal:        4016004 kB
MemFree:         3221460 kB
Active:           437792 kB
Mem:          3.8G       776M       3.1G       5.7M        58M       320M

MemTotal:        4016004 kB
MemFree:         3221584 kB
Active:           437780 kB
Mem:          3.8G       776M       3.1G       5.7M        58M       320M

MemTotal:        4016004 kB
MemFree:         3221336 kB
Active:           437788 kB
Mem:          3.8G       775M       3.1G       5.7M        58M       320M

MemTotal:        4016004 kB
MemFree:         3221460 kB
Active:           437760 kB
Mem:          3.8G       775M       3.1G       5.7M        58M       320M

MemTotal:        4016004 kB
MemFree:         3221336 kB
Active:           437820 kB
Mem:          3.8G       776M       3.1G       5.7M        58M       320M

MemTotal:        4016004 kB
MemFree:         3221460 kB
Active:           437792 kB
Mem:          3.8G       775M       3.1G       5.7M        58M       320M

MemTotal:        4016004 kB
MemFree:         3221336 kB
Active:           437768 kB
Mem:          3.8G       776M       3.1G       5.7M        58M       320M

MemTotal:        4016004 kB
MemFree:         3221460 kB
Active:           437764 kB
Mem:          3.8G       775M       3.1G       5.7M        58M       320M

MemTotal:        4016004 kB
MemFree:         3220964 kB
Active:           437820 kB
Mem:          3.8G       776M       3.1G       5.7M        58M       320M

MemTotal:        4016004 kB
MemFree:         3220716 kB
Active:           437776 kB
Mem:          3.8G       776M       3.1G       5.7M        58M       320M

MemTotal:        4016004 kB
MemFree:         3220840 kB
Active:           437812 kB
Mem:          3.8G       776M       3.1G       5.7M        58M       320M

MemTotal:        4016004 kB
MemFree:         3220840 kB
Active:           437824 kB
Mem:          3.8G       776M       3.1G       5.7M        58M       320M

MemTotal:        4016004 kB
MemFree:         3220468 kB
Active:           437836 kB
Mem:          3.8G       776M       3.1G       5.7M        58M       320M

MemTotal:        4016004 kB
MemFree:         3220468 kB
Active:           437840 kB
Mem:          3.8G       776M       3.1G       5.7M        58M       320M

MemTotal:        4016004 kB
MemFree:         3220592 kB
Active:           437840 kB
Mem:          3.8G       776M       3.1G       5.7M        58M       320M

MemTotal:        4016004 kB
MemFree:         3220840 kB
Active:           437808 kB
Mem:          3.8G       776M       3.1G       5.7M        58M       320M

MemTotal:        4016004 kB
MemFree:         3220964 kB
Active:           437828 kB
Mem:          3.8G       776M       3.1G       5.7M        58M       320M

MemTotal:        4016004 kB
MemFree:         3220344 kB
Active:           437848 kB
Mem:          3.8G       777M       3.1G       5.7M        58M       320M

MemTotal:        4016004 kB
MemFree:         3220468 kB
Active:           437836 kB
Mem:          3.8G       776M       3.1G       5.7M        58M       320M

MemTotal:        4016004 kB
MemFree:         3220592 kB
Active:           437816 kB
Mem:          3.8G       776M       3.1G       5.7M        58M       320M

MemTotal:        4016004 kB
MemFree:         3220592 kB
Active:           437832 kB
Mem:          3.8G       776M       3.1G       5.7M        58M       320M

MemTotal:        4016004 kB
MemFree:         3220592 kB
Active:           437824 kB
Mem:          3.8G       776M       3.1G       5.7M        58M       320M

MemTotal:        4016004 kB
MemFree:         3220328 kB
Active:           437860 kB
Mem:          3.8G       776M       3.1G       5.7M        58M       320M

MemTotal:        4016004 kB
MemFree:         3220840 kB
Active:           437820 kB
Mem:          3.8G       776M       3.1G       5.7M        58M       320M

MemTotal:        4016004 kB
MemFree:         3220840 kB
Active:           437856 kB
Mem:          3.8G       776M       3.1G       5.7M        58M       320M

MemTotal:        4016004 kB
MemFree:         3220716 kB
Active:           437804 kB
Mem:          3.8G       776M       3.1G       5.7M        58M       320M

MemTotal:        4016004 kB
MemFree:         3221460 kB
Active:           437836 kB
Mem:          3.8G       776M       3.1G       5.7M        58M       320M

MemTotal:        4016004 kB
MemFree:         3221460 kB
Active:           437840 kB
Mem:          3.8G       776M       3.1G       5.7M        58M       320M

MemTotal:        4016004 kB
MemFree:         3220716 kB
Active:           437872 kB
Mem:          3.8G       776M       3.1G       5.7M        58M       320M

MemTotal:        4016004 kB
MemFree:         3220716 kB
Active:           437832 kB
Mem:          3.8G       776M       3.1G       5.7M        58M       320M

MemTotal:        4016004 kB
MemFree:         3220716 kB
Active:           437832 kB
Mem:          3.8G       776M       3.1G       5.7M        58M       320M

MemTotal:        4016004 kB
MemFree:         3220344 kB
Active:           437876 kB
Mem:          3.8G       776M       3.1G       5.7M        58M       320M

MemTotal:        4016004 kB
MemFree:         3220840 kB
Active:           437868 kB
Mem:          3.8G       776M       3.1G       5.7M        58M       320M

MemTotal:        4016004 kB
MemFree:         3220840 kB
Active:           437852 kB
Mem:          3.8G       776M       3.1G       5.7M        58M       320M

MemTotal:        4016004 kB
MemFree:         3220964 kB
Active:           437824 kB
Mem:          3.8G       776M       3.1G       5.7M        58M       320M

MemTotal:        4016004 kB
MemFree:         3221088 kB
Active:           437844 kB
Mem:          3.8G       776M       3.1G       5.7M        58M       320M

MemTotal:        4016004 kB
MemFree:         3220716 kB
Active:           437884 kB
Mem:          3.8G       776M       3.1G       5.7M        58M       320M

MemTotal:        4016004 kB
MemFree:         3221584 kB
Active:           437856 kB
Mem:          3.8G       775M       3.1G       5.7M        58M       320M

MemTotal:        4016004 kB
MemFree:         3221708 kB
Active:           437860 kB
Mem:          3.8G       775M       3.1G       5.7M        58M       320M

MemTotal:        4016004 kB
MemFree:         3221336 kB
Active:           437884 kB
Mem:          3.8G       776M       3.1G       5.7M        58M       320M

MemTotal:        4016004 kB
MemFree:         3221336 kB
Active:           437860 kB
Mem:          3.8G       776M       3.1G       5.7M        58M       320M

MemTotal:        4016004 kB
MemFree:         3221336 kB
Active:           437868 kB
Mem:          3.8G       776M       3.1G       5.7M        58M       320M

MemTotal:        4016004 kB
MemFree:         3220840 kB
Active:           437884 kB
Mem:          3.8G       776M       3.1G       5.7M        58M       320M

MemTotal:        4016004 kB
MemFree:         3221584 kB
Active:           437836 kB
Mem:          3.8G       775M       3.1G       5.7M        58M       320M

MemTotal:        4016004 kB
MemFree:         3221584 kB
Active:           437880 kB
Mem:          3.8G       775M       3.1G       5.7M        58M       320M

MemTotal:        4016004 kB
MemFree:         3221584 kB
Active:           437840 kB
Mem:          3.8G       775M       3.1G       5.7M        58M       320M

MemTotal:        4016004 kB
MemFree:         3221212 kB
Active:           437844 kB
Mem:          3.8G       776M       3.1G       5.7M        58M       320M

MemTotal:        4016004 kB
MemFree:         3221212 kB
Active:           437888 kB
Mem:          3.8G       776M       3.1G       5.7M        58M       320M

MemTotal:        4016004 kB
MemFree:         3221212 kB
Active:           437856 kB
Mem:          3.8G       776M       3.1G       5.7M        58M       320M

MemTotal:        4016004 kB
MemFree:         3221336 kB
Active:           437900 kB
Mem:          3.8G       776M       3.1G       5.7M        58M       320M

MemTotal:        4016004 kB
MemFree:         3221088 kB
Active:           437872 kB
Mem:          3.8G       776M       3.1G       5.7M        58M       320M

MemTotal:        4016004 kB
MemFree:         3221088 kB
Active:           437868 kB
Mem:          3.8G       775M       3.1G       5.7M        58M       320M

MemTotal:        4016004 kB
MemFree:         3221460 kB
Active:           437888 kB
Mem:          3.8G       776M       3.1G       5.7M        58M       320M

MemTotal:        4016004 kB
MemFree:         3221460 kB
Active:           437856 kB
Mem:          3.8G       776M       3.1G       5.7M        58M       320M

MemTotal:        4016004 kB
MemFree:         3220964 kB
Active:           437880 kB
Mem:          3.8G       776M       3.1G       5.7M        58M       320M

MemTotal:        4016004 kB
MemFree:         3220716 kB
Active:           437920 kB
Mem:          3.8G       776M       3.1G       5.7M        58M       320M

MemTotal:        4016004 kB
MemFree:         3220964 kB
Active:           437896 kB
Mem:          3.8G       776M       3.1G       5.7M        58M       320M

MemTotal:        4016004 kB
MemFree:         3221212 kB
Active:           437920 kB
Mem:          3.8G       776M       3.1G       5.7M        58M       320M

MemTotal:        4016004 kB
MemFree:         3221212 kB
Active:           437884 kB
Mem:          3.8G       776M       3.1G       5.7M        58M       320M

MemTotal:        4016004 kB
MemFree:         3220840 kB
Active:           437932 kB
Mem:          3.8G       776M       3.1G       5.7M        58M       320M

MemTotal:        4016004 kB
MemFree:         3220964 kB
Active:           437928 kB
Mem:          3.8G       776M       3.1G       5.7M        58M       320M

MemTotal:        4016004 kB
MemFree:         3221212 kB
Active:           437892 kB
Mem:          3.8G       776M       3.1G       5.7M        58M       320M

MemTotal:        4016004 kB
MemFree:         3221088 kB
Active:           437884 kB
Mem:          3.8G       776M       3.1G       5.7M        58M       320M

MemTotal:        4016004 kB
MemFree:         3220716 kB
Active:           437932 kB
Mem:          3.8G       776M       3.1G       5.7M        58M       320M

MemTotal:        4016004 kB
MemFree:         3220592 kB
Active:           437904 kB
Mem:          3.8G       776M       3.1G       5.7M        58M       320M

MemTotal:        4016004 kB
MemFree:         3220716 kB
Active:           437904 kB
Mem:          3.8G       776M       3.1G       5.7M        58M       320M

MemTotal:        4016004 kB
MemFree:         3220592 kB
Active:           437928 kB
Mem:          3.8G       776M       3.1G       5.7M        58M       320M

MemTotal:        4016004 kB
MemFree:         3220716 kB
Active:           437892 kB
Mem:          3.8G       776M       3.1G       5.7M        58M       320M

MemTotal:        4016004 kB
MemFree:         3220716 kB
Active:           437892 kB
Mem:          3.8G       776M       3.1G       5.7M        58M       320M

MemTotal:        4016004 kB
MemFree:         3220592 kB
Active:           437940 kB
Mem:          3.8G       776M       3.1G       5.7M        58M       320M

MemTotal:        4016004 kB
MemFree:         3220964 kB
Active:           437884 kB
Mem:          3.8G       776M       3.1G       5.7M        58M       320M

MemTotal:        4016004 kB
MemFree:         3220592 kB
Active:           437940 kB
Mem:          3.8G       776M       3.1G       5.7M        58M       320M

MemTotal:        4016004 kB
MemFree:         3220964 kB
Active:           437904 kB
Mem:          3.8G       776M       3.1G       5.7M        58M       320M

MemTotal:        4016004 kB
MemFree:         3220840 kB
Active:           437912 kB
Mem:          3.8G       776M       3.1G       5.7M        58M       320M

MemTotal:        4016004 kB
MemFree:         3220840 kB
Active:           437916 kB
Mem:          3.8G       776M       3.1G       5.7M        58M       320M

MemTotal:        4016004 kB
MemFree:         3220592 kB
Active:           437964 kB
Mem:          3.8G       776M       3.1G       5.7M        58M       320M

MemTotal:        4016004 kB
MemFree:         3220824 kB
Active:           437924 kB
Mem:          3.8G       776M       3.1G       5.7M        58M       320M

MemTotal:        4016004 kB
MemFree:         3220824 kB
Active:           437916 kB
Mem:          3.8G       776M       3.1G       5.7M        58M       320M

MemTotal:        4016004 kB
MemFree:         3220700 kB
Active:           437964 kB
Mem:          3.8G       776M       3.1G       5.7M        58M       320M

MemTotal:        4016004 kB
MemFree:         3220700 kB
Active:           437940 kB
Mem:          3.8G       776M       3.1G       5.7M        58M       320M

MemTotal:        4016004 kB
MemFree:         3220328 kB
Active:           437972 kB
Mem:          3.8G       776M       3.1G       5.7M        58M       320M

MemTotal:        4016004 kB
MemFree:         3220328 kB
Active:           437940 kB
Mem:          3.8G       776M       3.1G       5.7M        58M       320M

MemTotal:        4016004 kB
MemFree:         3220452 kB
Active:           437972 kB
Mem:          3.8G       777M       3.1G       5.7M        58M       320M

MemTotal:        4016004 kB
MemFree:         3220328 kB
Active:           437952 kB
Mem:          3.8G       776M       3.1G       5.7M        58M       320M

MemTotal:        4016004 kB
MemFree:         3220328 kB
Active:           437932 kB
Mem:          3.8G       776M       3.1G       5.7M        58M       320M

MemTotal:        4016004 kB
MemFree:         3220452 kB
Active:           437956 kB
Mem:          3.8G       776M       3.1G       5.7M        58M       320M

MemTotal:        4016004 kB
MemFree:         3220452 kB
Active:           437976 kB
Mem:          3.8G       776M       3.1G       5.7M        58M       320M

MemTotal:        4016004 kB
MemFree:         3220948 kB
Active:           437964 kB
Mem:          3.8G       776M       3.1G       5.7M        58M       320M

MemTotal:        4016004 kB
MemFree:         3220700 kB
Active:           437956 kB
Mem:          3.8G       776M       3.1G       5.7M        58M       320M

MemTotal:        4016004 kB
MemFree:         3221040 kB
Active:           437940 kB
Mem:          3.8G       776M       3.1G       5.7M        58M       320M

MemTotal:        4016004 kB
MemFree:         3221072 kB
Active:           437976 kB
Mem:          3.8G       776M       3.1G       5.7M        58M       320M

MemTotal:        4016004 kB
MemFree:         3220528 kB
Active:           437976 kB
Mem:          3.8G       776M       3.1G       5.7M        58M       320M

MemTotal:        4016004 kB
MemFree:         3220204 kB
Active:           438000 kB
Mem:          3.8G       776M       3.1G       5.7M        58M       320M

MemTotal:        4016004 kB
MemFree:         3220576 kB
Active:           437996 kB
Mem:          3.8G       776M       3.1G       5.7M        58M       320M

MemTotal:        4016004 kB
MemFree:         3220328 kB
Active:           438000 kB
Mem:          3.8G       776M       3.1G       5.7M        58M       320M

MemTotal:        4016004 kB
MemFree:         3220700 kB
Active:           437964 kB
Mem:          3.8G       776M       3.1G       5.7M        58M       320M

MemTotal:        4016004 kB
MemFree:         3220700 kB
Active:           437944 kB
Mem:          3.8G       776M       3.1G       5.7M        58M       320M

MemTotal:        4016004 kB
MemFree:         3220576 kB
Active:           437972 kB
Mem:          3.8G       776M       3.1G       5.7M        58M       320M

MemTotal:        4016004 kB
MemFree:         3220824 kB
Active:           437960 kB
Mem:          3.8G       776M       3.1G       5.7M        58M       320M

MemTotal:        4016004 kB
MemFree:         3220700 kB
Active:           437992 kB
Mem:          3.8G       776M       3.1G       5.7M        58M       320M

MemTotal:        4016004 kB
MemFree:         3220824 kB
Active:           438000 kB
Mem:          3.8G       776M       3.1G       5.7M        58M       320M

MemTotal:        4016004 kB
MemFree:         3220700 kB
Active:           437984 kB
Mem:          3.8G       776M       3.1G       5.7M        58M       320M

MemTotal:        4016004 kB
MemFree:         3220700 kB
Active:           437996 kB
Mem:          3.8G       776M       3.1G       5.7M        58M       320M

MemTotal:        4016004 kB
MemFree:         3220824 kB
Active:           438012 kB
Mem:          3.8G       776M       3.1G       5.7M        58M       320M

MemTotal:        4016004 kB
MemFree:         3220576 kB
Active:           438012 kB
Mem:          3.8G       776M       3.1G       5.7M        58M       320M

MemTotal:        4016004 kB
MemFree:         3220948 kB
Active:           437960 kB
Mem:          3.8G       776M       3.1G       5.7M        58M       320M

MemTotal:        4016004 kB
MemFree:         3220824 kB
Active:           438004 kB
Mem:          3.8G       776M       3.1G       5.7M        58M       320M

MemTotal:        4016004 kB
MemFree:         3221072 kB
Active:           438000 kB
Mem:          3.8G       776M       3.1G       5.7M        58M       320M

MemTotal:        4016004 kB
MemFree:         3220824 kB
Active:           438024 kB
Mem:          3.8G       776M       3.1G       5.7M        58M       320M

MemTotal:        4016004 kB
MemFree:         3221072 kB
Active:           438000 kB
Mem:          3.8G       776M       3.1G       5.7M        58M       320M

MemTotal:        4016004 kB
MemFree:         3220824 kB
Active:           438008 kB
Mem:          3.8G       776M       3.1G       5.7M        58M       320M

MemTotal:        4016004 kB
MemFree:         3220700 kB
Active:           437984 kB
Mem:          3.8G       776M       3.1G       5.7M        58M       320M

MemTotal:        4016004 kB
MemFree:         3220576 kB
Active:           438032 kB
Mem:          3.8G       776M       3.1G       5.7M        58M       320M

MemTotal:        4016004 kB
MemFree:         3220824 kB
Active:           438016 kB
Mem:          3.8G       776M       3.1G       5.7M        58M       320M

MemTotal:        4016004 kB
MemFree:         3220700 kB
Active:           438036 kB
Mem:          3.8G       776M       3.1G       5.7M        58M       320M

MemTotal:        4016004 kB
MemFree:         3220452 kB
Active:           438048 kB
Mem:          3.8G       776M       3.1G       5.7M        58M       320M

MemTotal:        4016004 kB
MemFree:         3221072 kB
Active:           438020 kB
Mem:          3.8G       776M       3.1G       5.7M        58M       320M

MemTotal:        4016004 kB
MemFree:         3220948 kB
Active:           438028 kB
Mem:          3.8G       776M       3.1G       5.7M        58M       320M

MemTotal:        4016004 kB
MemFree:         3220824 kB
Active:           438016 kB
Mem:          3.8G       776M       3.1G       5.7M        58M       320M

MemTotal:        4016004 kB
MemFree:         3220824 kB
Active:           438024 kB
Mem:          3.8G       776M       3.1G       5.7M        58M       320M

MemTotal:        4016004 kB
MemFree:         3220948 kB
Active:           438032 kB
Mem:          3.8G       776M       3.1G       5.7M        58M       320M

MemTotal:        4016004 kB
MemFree:         3220948 kB
Active:           438016 kB
Mem:          3.8G       776M       3.1G       5.7M        58M       320M

MemTotal:        4016004 kB
MemFree:         3221072 kB
Active:           438052 kB
Mem:          3.8G       776M       3.1G       5.7M        58M       320M

MemTotal:        4016004 kB
MemFree:         3220948 kB
Active:           438004 kB
Mem:          3.8G       776M       3.1G       5.7M        58M       320M

MemTotal:        4016004 kB
MemFree:         3221072 kB
Active:           438016 kB
Mem:          3.8G       776M       3.1G       5.7M        58M       320M

MemTotal:        4016004 kB
MemFree:         3220948 kB
Active:           438024 kB
Mem:          3.8G       776M       3.1G       5.7M        58M       320M

MemTotal:        4016004 kB
MemFree:         3220948 kB
Active:           438048 kB
Mem:          3.8G       776M       3.1G       5.7M        58M       320M

MemTotal:        4016004 kB
MemFree:         3220452 kB
Active:           438076 kB
Mem:          3.8G       776M       3.1G       5.7M        58M       320M

MemTotal:        4016004 kB
MemFree:         3220824 kB
Active:           438072 kB
Mem:          3.8G       776M       3.1G       5.7M        58M       320M

MemTotal:        4016004 kB
MemFree:         3220700 kB
Active:           438036 kB
Mem:          3.8G       776M       3.1G       5.7M        58M       320M

MemTotal:        4016004 kB
MemFree:         3220700 kB
Active:           438036 kB
Mem:          3.8G       776M       3.1G       5.7M        58M       320M

MemTotal:        4016004 kB
MemFree:         3220452 kB
Active:           438080 kB
Mem:          3.8G       776M       3.1G       5.7M        58M       320M

MemTotal:        4016004 kB
MemFree:         3220700 kB
Active:           438048 kB
Mem:          3.8G       776M       3.1G       5.7M        58M       320M

MemTotal:        4016004 kB
MemFree:         3220948 kB
Active:           438064 kB
