MemTotal:        4016004 kB
MemFree:         3204996 kB
Active:           458604 kB
Mem:          3.8G       792M       3.1G       5.7M        55M       326M

MemTotal:        4016004 kB
MemFree:         3205204 kB
Active:           458832 kB
Mem:          3.8G       791M       3.1G       5.7M        55M       327M

MemTotal:        4016004 kB
MemFree:         3205204 kB
Active:           458884 kB
Mem:          3.8G       791M       3.1G       5.7M        55M       327M

MemTotal:        4016004 kB
MemFree:         3203460 kB
Active:           458876 kB
Mem:          3.8G       793M       3.1G       5.7M        55M       327M

MemTotal:        4016004 kB
MemFree:         3202824 kB
Active:           460952 kB
Mem:          3.8G       794M       3.1G       5.7M        55M       327M

MemTotal:        4016004 kB
MemFree:         3203056 kB
Active:           460928 kB
Mem:          3.8G       794M       3.1G       5.7M        55M       327M

MemTotal:        4016004 kB
MemFree:         3202916 kB
Active:           460952 kB
Mem:          3.8G       794M       3.1G       5.7M        55M       327M

MemTotal:        4016004 kB
MemFree:         3203396 kB
Active:           460912 kB
Mem:          3.8G       793M       3.1G       5.7M        55M       327M

MemTotal:        4016004 kB
MemFree:         3203396 kB
Active:           460932 kB
Mem:          3.8G       793M       3.1G       5.7M        55M       327M

MemTotal:        4016004 kB
MemFree:         3203504 kB
Active:           460936 kB
Mem:          3.8G       793M       3.1G       5.7M        55M       327M

MemTotal:        4016004 kB
MemFree:         3203364 kB
Active:           460916 kB
Mem:          3.8G       793M       3.1G       5.7M        55M       327M

MemTotal:        4016004 kB
MemFree:         3203100 kB
Active:           460960 kB
Mem:          3.8G       793M       3.1G       5.7M        55M       327M

MemTotal:        4016004 kB
MemFree:         3203456 kB
Active:           460908 kB
Mem:          3.8G       793M       3.1G       5.7M        55M       327M

MemTotal:        4016004 kB
MemFree:         3203688 kB
Active:           460916 kB
Mem:          3.8G       793M       3.1G       5.7M        55M       327M

MemTotal:        4016004 kB
MemFree:         3203208 kB
Active:           460964 kB
Mem:          3.8G       793M       3.1G       5.7M        55M       327M

MemTotal:        4016004 kB
MemFree:         3203564 kB
Active:           460952 kB
Mem:          3.8G       793M       3.1G       5.7M        55M       327M

MemTotal:        4016004 kB
MemFree:         3203424 kB
Active:           460924 kB
Mem:          3.8G       793M       3.1G       5.7M        55M       327M

MemTotal:        4016004 kB
MemFree:         3203408 kB
Active:           460916 kB
Mem:          3.8G       793M       3.1G       5.7M        55M       327M

MemTotal:        4016004 kB
MemFree:         3203160 kB
Active:           460936 kB
Mem:          3.8G       794M       3.1G       5.7M        55M       327M

MemTotal:        4016004 kB
MemFree:         3203160 kB
Active:           460924 kB
Mem:          3.8G       793M       3.1G       5.7M        55M       327M

MemTotal:        4016004 kB
MemFree:         3203160 kB
Active:           460944 kB
Mem:          3.8G       793M       3.1G       5.7M        55M       327M

MemTotal:        4016004 kB
MemFree:         3202896 kB
Active:           460972 kB
Mem:          3.8G       793M       3.1G       5.7M        55M       327M

MemTotal:        4016004 kB
MemFree:         3202772 kB
Active:           460972 kB
Mem:          3.8G       794M       3.1G       5.7M        55M       327M

MemTotal:        4016004 kB
MemFree:         3200520 kB
Active:           461004 kB
Mem:          3.8G       796M       3.1G       5.7M        55M       327M

MemTotal:        4016004 kB
MemFree:         3200892 kB
Active:           460964 kB
Mem:          3.8G       795M       3.1G       5.7M        55M       327M

MemTotal:        4016004 kB
MemFree:         3200644 kB
Active:           463052 kB
Mem:          3.8G       795M       3.1G       5.7M        55M       327M

MemTotal:        4016004 kB
MemFree:         3201016 kB
Active:           463028 kB
Mem:          3.8G       796M       3.1G       5.7M        55M       327M

MemTotal:        4016004 kB
MemFree:         3200892 kB
Active:           463036 kB
Mem:          3.8G       795M       3.1G       5.7M        55M       327M

MemTotal:        4016004 kB
MemFree:         3200644 kB
Active:           463028 kB
Mem:          3.8G       796M       3.1G       5.7M        55M       327M

MemTotal:        4016004 kB
MemFree:         3200892 kB
Active:           463032 kB
Mem:          3.8G       796M       3.1G       5.7M        55M       327M

MemTotal:        4016004 kB
MemFree:         3201016 kB
Active:           463052 kB
Mem:          3.8G       796M       3.1G       5.7M        55M       327M

MemTotal:        4016004 kB
MemFree:         3201176 kB
Active:           463052 kB
Mem:          3.8G       795M       3.1G       5.7M        55M       327M

MemTotal:        4016004 kB
MemFree:         3201052 kB
Active:           463044 kB
Mem:          3.8G       795M       3.1G       5.7M        55M       327M

MemTotal:        4016004 kB
MemFree:         3201112 kB
Active:           461004 kB
Mem:          3.8G       796M       3.1G       5.7M        55M       327M

MemTotal:        4016004 kB
MemFree:         3201236 kB
Active:           463028 kB
Mem:          3.8G       795M       3.1G       5.7M        55M       327M

MemTotal:        4016004 kB
MemFree:         3201236 kB
Active:           463036 kB
Mem:          3.8G       795M       3.1G       5.7M        55M       327M

MemTotal:        4016004 kB
MemFree:         3201236 kB
Active:           463040 kB
Mem:          3.8G       795M       3.1G       5.7M        55M       327M

MemTotal:        4016004 kB
MemFree:         3201236 kB
Active:           463048 kB
Mem:          3.8G       795M       3.1G       5.7M        55M       327M

MemTotal:        4016004 kB
MemFree:         3201484 kB
Active:           463044 kB
Mem:          3.8G       795M       3.1G       5.7M        55M       327M

MemTotal:        4016004 kB
MemFree:         3201360 kB
Active:           463060 kB
Mem:          3.8G       795M       3.1G       5.7M        55M       327M

MemTotal:        4016004 kB
MemFree:         3201236 kB
Active:           463068 kB
Mem:          3.8G       795M       3.1G       5.7M        55M       327M

MemTotal:        4016004 kB
MemFree:         3201344 kB
Active:           463064 kB
Mem:          3.8G       795M       3.1G       5.7M        55M       327M

MemTotal:        4016004 kB
MemFree:         3201220 kB
Active:           463104 kB
Mem:          3.8G       796M       3.1G       5.7M        55M       327M

MemTotal:        4016004 kB
MemFree:         3201268 kB
Active:           463104 kB
Mem:          3.8G       795M       3.1G       5.7M        55M       327M

MemTotal:        4016004 kB
MemFree:         3201516 kB
Active:           463096 kB
Mem:          3.8G       795M       3.1G       5.7M        55M       327M

MemTotal:        4016004 kB
MemFree:         3201268 kB
Active:           463100 kB
Mem:          3.8G       795M       3.1G       5.7M        55M       327M

MemTotal:        4016004 kB
MemFree:         3201268 kB
Active:           463068 kB
Mem:          3.8G       795M       3.1G       5.7M        55M       327M

MemTotal:        4016004 kB
MemFree:         3200896 kB
Active:           463064 kB
Mem:          3.8G       795M       3.1G       5.7M        55M       327M

MemTotal:        4016004 kB
MemFree:         3201020 kB
Active:           463108 kB
Mem:          3.8G       795M       3.1G       5.7M        55M       327M

MemTotal:        4016004 kB
MemFree:         3201268 kB
Active:           463096 kB
Mem:          3.8G       795M       3.1G       5.7M        55M       327M

MemTotal:        4016004 kB
MemFree:         3200772 kB
Active:           463124 kB
Mem:          3.8G       795M       3.1G       5.7M        55M       327M

MemTotal:        4016004 kB
MemFree:         3200896 kB
Active:           463072 kB
Mem:          3.8G       795M       3.1G       5.7M        55M       327M

MemTotal:        4016004 kB
MemFree:         3200524 kB
Active:           463140 kB
Mem:          3.8G       796M       3.1G       5.7M        55M       327M

MemTotal:        4016004 kB
MemFree:         3200772 kB
Active:           463132 kB
Mem:          3.8G       796M       3.1G       5.7M        55M       327M

MemTotal:        4016004 kB
MemFree:         3200648 kB
Active:           463092 kB
Mem:          3.8G       796M       3.1G       5.7M        55M       327M

MemTotal:        4016004 kB
MemFree:         3200864 kB
Active:           463104 kB
Mem:          3.8G       795M       3.1G       5.7M        55M       327M

MemTotal:        4016004 kB
MemFree:         3200864 kB
Active:           463116 kB
Mem:          3.8G       796M       3.1G       5.7M        55M       327M

MemTotal:        4016004 kB
MemFree:         3200972 kB
Active:           463128 kB
Mem:          3.8G       796M       3.1G       5.7M        55M       327M

MemTotal:        4016004 kB
MemFree:         3200832 kB
Active:           463148 kB
Mem:          3.8G       796M       3.1G       5.7M        55M       327M

MemTotal:        4016004 kB
MemFree:         3200568 kB
Active:           463128 kB
Mem:          3.8G       796M       3.1G       5.7M        55M       327M

MemTotal:        4016004 kB
MemFree:         3200396 kB
Active:           463368 kB
Mem:          3.8G       796M       3.1G       5.7M        55M       327M

MemTotal:        4016004 kB
MemFree:         3090460 kB
Active:           463852 kB
Mem:          3.8G       904M       2.9G       5.7M        55M       433M

MemTotal:        4016004 kB
MemFree:         2976000 kB
Active:           463852 kB
Mem:          3.8G       1.0G       2.8G       5.7M        55M       542M

MemTotal:        4016004 kB
MemFree:         2849672 kB
Active:           461856 kB
Mem:          3.8G       1.1G       2.7G       5.7M        55M       664M

MemTotal:        4016004 kB
MemFree:         2846052 kB
Active:           463896 kB
Mem:          3.8G       1.1G       2.7G       5.7M        55M       668M

MemTotal:        4016004 kB
MemFree:         2788688 kB
Active:           463884 kB
Mem:          3.8G       1.2G       2.7G       5.7M        55M       723M

MemTotal:        4016004 kB
MemFree:         2749904 kB
Active:           463884 kB
Mem:          3.8G       1.2G       2.6G       5.7M        55M       761M

MemTotal:        4016004 kB
MemFree:         2685208 kB
Active:           463920 kB
Mem:          3.8G       1.3G       2.6G       5.7M        55M       823M

MemTotal:        4016004 kB
MemFree:         2648808 kB
Active:           463920 kB
Mem:          3.8G       1.3G       2.5G       5.7M        55M       858M

MemTotal:        4016004 kB
MemFree:         2635384 kB
Active:           463892 kB
Mem:          3.8G       1.3G       2.5G       5.7M        55M       872M

MemTotal:        4016004 kB
MemFree:         2549792 kB
Active:           463920 kB
Mem:          3.8G       1.4G       2.4G       5.7M        55M       953M

MemTotal:        4016004 kB
MemFree:         2549596 kB
Active:           463908 kB
Mem:          3.8G       1.4G       2.4G       5.7M        55M       953M

MemTotal:        4016004 kB
MemFree:         2547648 kB
Active:           463928 kB
Mem:          3.8G       1.4G       2.4G       5.7M        55M       955M

MemTotal:        4016004 kB
MemFree:         2547580 kB
Active:           463932 kB
Mem:          3.8G       1.4G       2.4G       5.7M        55M       956M

MemTotal:        4016004 kB
MemFree:         2480904 kB
Active:           463928 kB
Mem:          3.8G       1.5G       2.4G       5.7M        55M       1.0G

MemTotal:        4016004 kB
MemFree:         2350696 kB
Active:           463944 kB
Mem:          3.8G       1.6G       2.2G       5.7M        55M       1.1G

MemTotal:        4016004 kB
MemFree:         2263332 kB
Active:           463944 kB
Mem:          3.8G       1.7G       2.2G       5.7M        55M       1.2G

MemTotal:        4016004 kB
MemFree:         2199144 kB
Active:           463948 kB
Mem:          3.8G       1.7G       2.1G       5.7M        55M       1.3G

MemTotal:        4016004 kB
MemFree:         2160224 kB
Active:           463940 kB
Mem:          3.8G       1.8G       2.1G       5.7M        55M       1.3G

MemTotal:        4016004 kB
MemFree:         2095844 kB
Active:           463964 kB
Mem:          3.8G       1.8G       2.0G       5.7M        55M       1.4G

MemTotal:        4016004 kB
MemFree:         2095760 kB
Active:           463940 kB
Mem:          3.8G       1.8G       2.0G       5.7M        55M       1.4G

MemTotal:        4016004 kB
MemFree:         2020344 kB
Active:           463968 kB
Mem:          3.8G       1.9G       1.9G       5.7M        55M       1.4G

MemTotal:        4016004 kB
MemFree:         1998288 kB
Active:           463952 kB
Mem:          3.8G       1.9G       1.9G       5.7M        55M       1.4G

MemTotal:        4016004 kB
MemFree:         1927124 kB
Active:           464004 kB
Mem:          3.8G       2.0G       1.8G       5.7M        55M       1.5G

MemTotal:        4016004 kB
MemFree:         1899428 kB
Active:           464016 kB
Mem:          3.8G       2.0G       1.8G       5.7M        55M       1.5G

MemTotal:        4016004 kB
MemFree:         1897708 kB
Active:           463976 kB
Mem:          3.8G       2.0G       1.8G       5.7M        55M       1.5G

MemTotal:        4016004 kB
MemFree:         1896460 kB
Active:           464048 kB
Mem:          3.8G       2.0G       1.8G       5.7M        55M       1.5G

MemTotal:        4016004 kB
MemFree:         1895036 kB
Active:           463996 kB
Mem:          3.8G       2.0G       1.8G       5.7M        55M       1.5G

MemTotal:        4016004 kB
MemFree:         1891304 kB
Active:           464000 kB
Mem:          3.8G       2.0G       1.8G       5.7M        55M       1.6G

MemTotal:        4016004 kB
MemFree:         1759564 kB
Active:           464048 kB
Mem:          3.8G       2.2G       1.7G       5.7M        55M       1.7G

MemTotal:        4016004 kB
MemFree:         1632192 kB
Active:           464000 kB
Mem:          3.8G       2.3G       1.6G       5.7M        55M       1.8G

MemTotal:        4016004 kB
MemFree:         1547680 kB
Active:           464056 kB
Mem:          3.8G       2.4G       1.5G       5.7M        55M       1.9G

MemTotal:        4016004 kB
MemFree:         1521148 kB
Active:           464036 kB
Mem:          3.8G       2.4G       1.5G       5.7M        55M       1.9G

MemTotal:        4016004 kB
MemFree:         1462956 kB
Active:           466088 kB
Mem:          3.8G       2.4G       1.4G       5.7M        55M       2.0G

MemTotal:        4016004 kB
MemFree:         1387716 kB
Active:           466088 kB
Mem:          3.8G       2.5G       1.3G       5.7M        55M       2.0G

MemTotal:        4016004 kB
MemFree:         1367672 kB
Active:           466100 kB
Mem:          3.8G       2.5G       1.3G       5.7M        55M       2.0G

MemTotal:        4016004 kB
MemFree:         1296436 kB
Active:           466100 kB
Mem:          3.8G       2.6G       1.2G       5.7M        55M       2.1G

MemTotal:        4016004 kB
MemFree:         1295356 kB
Active:           466056 kB
Mem:          3.8G       2.6G       1.2G       5.7M        55M       2.1G

MemTotal:        4016004 kB
MemFree:         1293012 kB
Active:           466116 kB
Mem:          3.8G       2.6G       1.2G       5.7M        55M       2.1G

MemTotal:        4016004 kB
MemFree:         1292396 kB
Active:           466092 kB
Mem:          3.8G       2.6G       1.2G       5.7M        55M       2.1G

MemTotal:        4016004 kB
MemFree:         1242936 kB
Active:           466092 kB
Mem:          3.8G       2.6G       1.2G       5.7M        55M       2.2G

MemTotal:        4016004 kB
MemFree:         1113720 kB
Active:           466120 kB
Mem:          3.8G       2.8G       1.1G       5.7M        55M       2.3G

MemTotal:        4016004 kB
MemFree:          984720 kB
Active:           466120 kB
Mem:          3.8G       2.9G       961M       5.7M        55M       2.4G

MemTotal:        4016004 kB
MemFree:          954772 kB
Active:           466124 kB
Mem:          3.8G       2.9G       932M       5.7M        55M       2.4G

MemTotal:        4016004 kB
MemFree:          862372 kB
Active:           466136 kB
Mem:          3.8G       3.0G       841M       5.7M        55M       2.5G

MemTotal:        4016004 kB
MemFree:          757616 kB
Active:           466112 kB
Mem:          3.8G       3.1G       739M       5.7M        55M       2.6G

MemTotal:        4016004 kB
MemFree:          621764 kB
Active:           466136 kB
Mem:          3.8G       3.2G       607M       5.7M        55M       2.7G

MemTotal:        4016004 kB
MemFree:          564360 kB
Active:           466120 kB
Mem:          3.8G       3.3G       550M       5.7M        55M       2.8G

MemTotal:        4016004 kB
MemFree:          563888 kB
Active:           466124 kB
Mem:          3.8G       3.3G       550M       5.7M        55M       2.8G

MemTotal:        4016004 kB
MemFree:          563392 kB
Active:           466160 kB
Mem:          3.8G       3.3G       549M       5.7M        55M       2.8G

MemTotal:        4016004 kB
MemFree:          563488 kB
Active:           466176 kB
Mem:          3.8G       3.3G       550M       5.7M        55M       2.8G

MemTotal:        4016004 kB
MemFree:          562536 kB
Active:           466320 kB
Mem:          3.8G       3.3G       549M       5.7M        55M       2.8G

MemTotal:        4016004 kB
MemFree:          548392 kB
Active:           466188 kB
Mem:          3.8G       3.3G       535M       5.7M        55M       2.8G

MemTotal:        4016004 kB
MemFree:          546252 kB
Active:           466180 kB
Mem:          3.8G       3.3G       533M       5.7M        55M       2.8G

MemTotal:        4016004 kB
MemFree:          545432 kB
Active:           466204 kB
Mem:          3.8G       3.3G       532M       5.7M        55M       2.8G

MemTotal:        4016004 kB
MemFree:          543672 kB
Active:           466224 kB
Mem:          3.8G       3.3G       530M       5.7M        55M       2.8G

MemTotal:        4016004 kB
MemFree:          431044 kB
Active:           466232 kB
Mem:          3.8G       3.4G       420M       5.7M        55M       2.9G

MemTotal:        4016004 kB
MemFree:          301672 kB
Active:           466176 kB
Mem:          3.8G       3.5G       294M       5.7M        55M       3.0G

MemTotal:        4016004 kB
MemFree:          190576 kB
Active:           466240 kB
Mem:          3.8G       3.6G       186M       5.7M        55M       3.1G

MemTotal:        4016004 kB
MemFree:          150792 kB
Active:           466244 kB
Mem:          3.8G       3.7G       147M       5.7M        55M       3.2G

MemTotal:        4016004 kB
MemFree:          108540 kB
Active:           466248 kB
Mem:          3.8G       3.7G       105M       5.7M        55M       3.2G

MemTotal:        4016004 kB
MemFree:          138628 kB
Active:           479100 kB
Mem:          3.8G       3.7G       131M       5.7M        22M       3.2G

MemTotal:        4016004 kB
MemFree:          139248 kB
Active:           517984 kB
Mem:          3.8G       3.7G       135M       5.7M        22M       3.2G

MemTotal:        4016004 kB
MemFree:          137504 kB
Active:           518120 kB
Mem:          3.8G       3.7G       133M       5.7M        22M       3.2G

MemTotal:        4016004 kB
MemFree:          135612 kB
Active:           517988 kB
Mem:          3.8G       3.7G       132M       5.7M        22M       3.2G

MemTotal:        4016004 kB
MemFree:          125880 kB
Active:           509288 kB
Mem:          3.8G       3.7G       122M       5.7M        22M       3.2G

MemTotal:        4016004 kB
MemFree:          127976 kB
Active:           497260 kB
Mem:          3.8G       3.7G       125M       5.7M        22M       3.2G

MemTotal:        4016004 kB
MemFree:          125152 kB
Active:           486216 kB
Mem:          3.8G       3.7G       121M       5.7M        22M       3.2G

MemTotal:        4016004 kB
MemFree:          106016 kB
Active:           486068 kB
Mem:          3.8G       3.7G       103M       5.7M        22M       3.3G

MemTotal:        4016004 kB
MemFree:          137468 kB
Active:           479180 kB
Mem:          3.8G       3.7G       133M       5.7M        22M       3.2G

MemTotal:        4016004 kB
MemFree:          136800 kB
Active:           473680 kB
Mem:          3.8G       3.7G       133M       5.7M        22M       3.2G

MemTotal:        4016004 kB
MemFree:          129248 kB
Active:           473632 kB
Mem:          3.8G       3.7G       125M       5.7M        22M       3.2G

MemTotal:        4016004 kB
MemFree:          139556 kB
Active:           468936 kB
Mem:          3.8G       3.7G       136M       5.7M        22M       3.2G

MemTotal:        4016004 kB
MemFree:          133992 kB
Active:           468808 kB
Mem:          3.8G       3.7G       130M       5.7M        22M       3.2G

MemTotal:        4016004 kB
MemFree:          138304 kB
Active:           467532 kB
Mem:          3.8G       3.7G       135M       5.7M        22M       3.2G

MemTotal:        4016004 kB
MemFree:          136580 kB
Active:           467412 kB
Mem:          3.8G       3.7G       133M       5.7M        22M       3.2G

MemTotal:        4016004 kB
MemFree:          135692 kB
Active:           467428 kB
Mem:          3.8G       3.7G       132M       5.7M        22M       3.2G

MemTotal:        4016004 kB
MemFree:          134424 kB
Active:           467428 kB
Mem:          3.8G       3.7G       131M       5.7M        22M       3.2G

MemTotal:        4016004 kB
MemFree:          133700 kB
Active:           467400 kB
Mem:          3.8G       3.7G       130M       5.7M        22M       3.2G

MemTotal:        4016004 kB
MemFree:          134352 kB
Active:           464352 kB
Mem:          3.8G       3.7G       130M       5.7M        22M       3.2G

MemTotal:        4016004 kB
MemFree:          117060 kB
Active:           460920 kB
Mem:          3.8G       3.7G       113M       5.7M        22M       3.2G

MemTotal:        4016004 kB
MemFree:          127528 kB
Active:           454960 kB
Mem:          3.8G       3.7G       124M       5.7M        22M       3.2G

MemTotal:        4016004 kB
MemFree:          124572 kB
Active:           453560 kB
Mem:          3.8G       3.7G       121M       5.7M        22M       3.2G

MemTotal:        4016004 kB
MemFree:          130140 kB
Active:           451228 kB
Mem:          3.8G       3.7G       126M       5.7M        22M       3.2G

MemTotal:        4016004 kB
MemFree:          114932 kB
Active:           451072 kB
Mem:          3.8G       3.7G       111M       5.7M        22M       3.2G

MemTotal:        4016004 kB
MemFree:          107708 kB
Active:           449468 kB
Mem:          3.8G       3.7G       104M       5.7M        22M       3.3G

MemTotal:        4016004 kB
MemFree:          124256 kB
Active:           448064 kB
Mem:          3.8G       3.7G       120M       5.7M        22M       3.2G

MemTotal:        4016004 kB
MemFree:          112092 kB
Active:           448084 kB
Mem:          3.8G       3.7G       108M       5.7M        22M       3.2G

MemTotal:        4016004 kB
MemFree:          111596 kB
Active:           448084 kB
Mem:          3.8G       3.7G       108M       5.7M        22M       3.2G

MemTotal:        4016004 kB
MemFree:          109948 kB
Active:           448068 kB
Mem:          3.8G       3.7G       106M       5.7M        22M       3.3G

MemTotal:        4016004 kB
MemFree:          109704 kB
Active:           448084 kB
Mem:          3.8G       3.7G       106M       5.7M        22M       3.3G

MemTotal:        4016004 kB
MemFree:          127140 kB
Active:           445248 kB
Mem:          3.8G       3.7G       123M       5.7M        22M       3.2G

MemTotal:        4016004 kB
MemFree:          133636 kB
Active:           441712 kB
Mem:          3.8G       3.7G       130M       5.7M        22M       3.2G

MemTotal:        4016004 kB
MemFree:          138548 kB
Active:           437236 kB
Mem:          3.8G       3.7G       135M       5.7M        22M       3.2G

MemTotal:        4016004 kB
MemFree:          129392 kB
Active:           435700 kB
Mem:          3.8G       3.7G       126M       5.7M        22M       3.2G

MemTotal:        4016004 kB
MemFree:          136792 kB
Active:           434292 kB
Mem:          3.8G       3.7G       133M       5.7M        22M       3.2G

MemTotal:        4016004 kB
MemFree:          128272 kB
Active:           431012 kB
Mem:          3.8G       3.7G       125M       5.7M        22M       3.2G

MemTotal:        4016004 kB
MemFree:          128460 kB
Active:           429720 kB
Mem:          3.8G       3.7G       125M       5.7M        22M       3.2G

MemTotal:        4016004 kB
MemFree:          134740 kB
Active:           428344 kB
Mem:          3.8G       3.7G       131M       5.7M        22M       3.2G

MemTotal:        4016004 kB
MemFree:          133776 kB
Active:           428308 kB
Mem:          3.8G       3.7G       130M       5.7M        22M       3.2G

MemTotal:        4016004 kB
MemFree:          133232 kB
Active:           428332 kB
Mem:          3.8G       3.7G       129M       5.7M        22M       3.2G

MemTotal:        4016004 kB
MemFree:          130768 kB
Active:           428356 kB
Mem:          3.8G       3.7G       127M       5.7M        22M       3.2G

MemTotal:        4016004 kB
MemFree:          128120 kB
Active:           428348 kB
Mem:          3.8G       3.7G       125M       5.7M        22M       3.2G

MemTotal:        4016004 kB
MemFree:          125920 kB
Active:           425036 kB
Mem:          3.8G       3.7G       122M       5.7M        22M       3.2G

MemTotal:        4016004 kB
MemFree:          117940 kB
Active:           421200 kB
Mem:          3.8G       3.7G       115M       5.7M        22M       3.2G

MemTotal:        4016004 kB
MemFree:          109148 kB
Active:           415116 kB
Mem:          3.8G       3.7G       106M       5.7M        22M       3.2G

MemTotal:        4016004 kB
MemFree:          119092 kB
Active:           414096 kB
Mem:          3.8G       3.7G       116M       5.7M        22M       3.2G

MemTotal:        4016004 kB
MemFree:          126624 kB
Active:           412440 kB
Mem:          3.8G       3.7G       123M       5.7M        22M       3.2G

MemTotal:        4016004 kB
MemFree:          118484 kB
Active:           411288 kB
Mem:          3.8G       3.7G       115M       5.7M        22M       3.2G

MemTotal:        4016004 kB
MemFree:          121980 kB
Active:           409552 kB
Mem:          3.8G       3.7G       118M       5.7M        22M       3.2G

MemTotal:        4016004 kB
MemFree:          134612 kB
Active:           407836 kB
Mem:          3.8G       3.7G       131M       5.7M        22M       3.2G

MemTotal:        4016004 kB
MemFree:          133644 kB
Active:           407764 kB
Mem:          3.8G       3.7G       130M       5.7M        22M       3.2G

MemTotal:        4016004 kB
MemFree:          133736 kB
Active:           407752 kB
Mem:          3.8G       3.7G       130M       5.7M        22M       3.2G

MemTotal:        4016004 kB
MemFree:          134112 kB
Active:           407760 kB
Mem:          3.8G       3.7G       130M       5.7M        22M       3.2G

MemTotal:        4016004 kB
MemFree:          133532 kB
Active:           407784 kB
Mem:          3.8G       3.7G       129M       5.7M        22M       3.2G

MemTotal:        4016004 kB
MemFree:          124488 kB
Active:           404952 kB
Mem:          3.8G       3.7G       121M       5.7M        22M       3.2G

MemTotal:        4016004 kB
MemFree:          128108 kB
Active:           401900 kB
Mem:          3.8G       3.7G       125M       5.7M        22M       3.2G

MemTotal:        4016004 kB
MemFree:          127912 kB
Active:           397808 kB
Mem:          3.8G       3.7G       124M       5.7M        22M       3.2G

MemTotal:        4016004 kB
MemFree:          130932 kB
Active:           396232 kB
Mem:          3.8G       3.7G       128M       5.7M        22M       3.2G

MemTotal:        4016004 kB
MemFree:          133652 kB
Active:           395348 kB
Mem:          3.8G       3.7G       130M       5.7M        22M       3.2G

MemTotal:        4016004 kB
MemFree:          131964 kB
Active:           395308 kB
Mem:          3.8G       3.7G       129M       5.7M        22M       3.2G

MemTotal:        4016004 kB
MemFree:          108536 kB
Active:           395220 kB
Mem:          3.8G       3.7G       105M       5.7M        22M       3.2G

MemTotal:        4016004 kB
MemFree:          135840 kB
Active:           395240 kB
Mem:          3.8G       3.7G       132M       5.7M        22M       3.2G

MemTotal:        4016004 kB
MemFree:          135876 kB
Active:           395220 kB
Mem:          3.8G       3.7G       132M       5.7M        22M       3.2G

MemTotal:        4016004 kB
MemFree:          133796 kB
Active:           395268 kB
Mem:          3.8G       3.7G       130M       5.7M        22M       3.2G

MemTotal:        4016004 kB
MemFree:          109632 kB
Active:           395268 kB
Mem:          3.8G       3.7G       106M       5.7M        22M       3.2G

MemTotal:        4016004 kB
MemFree:          131940 kB
Active:           395164 kB
Mem:          3.8G       3.7G       128M       5.7M        22M       3.2G

MemTotal:        4016004 kB
MemFree:          104768 kB
Active:           395164 kB
Mem:          3.8G       3.7G       109M       5.7M        22M       3.2G

MemTotal:        4016004 kB
MemFree:          127612 kB
Active:           395036 kB
Mem:          3.8G       3.7G       124M       5.7M        22M       3.2G

MemTotal:        4016004 kB
MemFree:          132804 kB
Active:           396144 kB
Mem:          3.8G       3.7G       129M       5.7M        22M       3.2G

MemTotal:        4016004 kB
MemFree:          148356 kB
Active:           396028 kB
Mem:          3.8G       3.7G       148M       5.7M        22M       3.2G

MemTotal:        4016004 kB
MemFree:          147244 kB
Active:           396000 kB
Mem:          3.8G       3.7G       143M       5.7M        22M       3.2G

MemTotal:        4016004 kB
MemFree:          146224 kB
Active:           395980 kB
Mem:          3.8G       3.7G       142M       5.7M        22M       3.2G

MemTotal:        4016004 kB
MemFree:          145628 kB
Active:           396004 kB
Mem:          3.8G       3.7G       141M       5.7M        22M       3.2G

MemTotal:        4016004 kB
MemFree:          145108 kB
Active:           396016 kB
Mem:          3.8G       3.7G       141M       5.7M        22M       3.2G

MemTotal:        4016004 kB
MemFree:          145384 kB
Active:           396040 kB
Mem:          3.8G       3.7G       141M       5.7M        22M       3.2G

MemTotal:        4016004 kB
MemFree:          129408 kB
Active:           396040 kB
Mem:          3.8G       3.7G       125M       5.7M        22M       3.2G

MemTotal:        4016004 kB
MemFree:          127780 kB
Active:           396060 kB
Mem:          3.8G       3.7G       124M       5.7M        22M       3.2G

MemTotal:        4016004 kB
MemFree:          126036 kB
Active:           396024 kB
Mem:          3.8G       3.7G       122M       5.7M        22M       3.2G

MemTotal:        4016004 kB
MemFree:          125016 kB
Active:           396052 kB
Mem:          3.8G       3.7G       121M       5.7M        22M       3.2G

MemTotal:        4016004 kB
MemFree:          125700 kB
Active:           396072 kB
Mem:          3.8G       3.7G       122M       5.7M        22M       3.2G

MemTotal:        4016004 kB
MemFree:          125992 kB
Active:           391208 kB
Mem:          3.8G       3.7G       122M       5.7M        22M       3.2G

MemTotal:        4016004 kB
MemFree:          118264 kB
Active:           391080 kB
Mem:          3.8G       3.7G       115M       5.7M        22M       3.2G

MemTotal:        4016004 kB
MemFree:          120000 kB
Active:           391080 kB
Mem:          3.8G       3.7G       117M       5.7M        22M       3.2G

MemTotal:        4016004 kB
MemFree:          127300 kB
Active:           389224 kB
Mem:          3.8G       3.7G       123M       5.7M        22M       3.2G

MemTotal:        4016004 kB
MemFree:          149680 kB
Active:           389052 kB
Mem:          3.8G       3.7G       145M       5.7M        22M       3.2G

MemTotal:        4016004 kB
MemFree:          147756 kB
Active:           389060 kB
Mem:          3.8G       3.7G       144M       5.7M        22M       3.2G

MemTotal:        4016004 kB
MemFree:          147364 kB
Active:           389076 kB
Mem:          3.8G       3.7G       143M       5.7M        22M       3.2G

MemTotal:        4016004 kB
MemFree:          147140 kB
Active:           389220 kB
Mem:          3.8G       3.7G       143M       5.7M        22M       3.2G

MemTotal:        4016004 kB
MemFree:          144692 kB
Active:           389108 kB
Mem:          3.8G       3.7G       141M       5.7M        22M       3.2G

MemTotal:        4016004 kB
MemFree:          143568 kB
Active:           389068 kB
Mem:          3.8G       3.7G       139M       5.7M        22M       3.2G

MemTotal:        4016004 kB
MemFree:          142856 kB
Active:           389084 kB
Mem:          3.8G       3.7G       139M       5.7M        22M       3.2G

MemTotal:        4016004 kB
MemFree:          141780 kB
Active:           389088 kB
Mem:          3.8G       3.7G       137M       5.7M        22M       3.2G

MemTotal:        4016004 kB
MemFree:          132660 kB
Active:           389112 kB
Mem:          3.8G       3.7G       129M       5.7M        22M       3.2G

MemTotal:        4016004 kB
MemFree:          124004 kB
Active:           387260 kB
Mem:          3.8G       3.7G       121M       5.7M        22M       3.2G

MemTotal:        4016004 kB
MemFree:          136336 kB
Active:           387216 kB
Mem:          3.8G       3.7G       132M       5.7M        22M       3.2G

MemTotal:        4016004 kB
MemFree:          110408 kB
Active:           387196 kB
Mem:          3.8G       3.7G       107M       5.7M        22M       3.2G

MemTotal:        4016004 kB
MemFree:          126684 kB
Active:           386276 kB
Mem:          3.8G       3.7G       123M       5.7M        22M       3.2G

MemTotal:        4016004 kB
MemFree:          149776 kB
Active:           386056 kB
Mem:          3.8G       3.7G       146M       5.7M        22M       3.2G

MemTotal:        4016004 kB
MemFree:          148500 kB
Active:           386076 kB
Mem:          3.8G       3.7G       144M       5.7M        22M       3.2G

MemTotal:        4016004 kB
MemFree:          148716 kB
Active:           386060 kB
Mem:          3.8G       3.7G       144M       5.7M        22M       3.2G

MemTotal:        4016004 kB
MemFree:          147948 kB
Active:           386064 kB
Mem:          3.8G       3.7G       143M       5.7M        22M       3.2G

MemTotal:        4016004 kB
MemFree:          146836 kB
Active:           386064 kB
Mem:          3.8G       3.7G       143M       5.7M        22M       3.2G

MemTotal:        4016004 kB
MemFree:          141328 kB
Active:           386064 kB
Mem:          3.8G       3.7G       137M       5.7M        22M       3.2G

MemTotal:        4016004 kB
MemFree:          140916 kB
Active:           386084 kB
Mem:          3.8G       3.7G       137M       5.7M        22M       3.2G

MemTotal:        4016004 kB
MemFree:          138404 kB
Active:           386084 kB
Mem:          3.8G       3.7G       134M       5.7M        22M       3.2G

MemTotal:        4016004 kB
MemFree:          137680 kB
Active:           386092 kB
Mem:          3.8G       3.7G       134M       5.7M        22M       3.2G

MemTotal:        4016004 kB
MemFree:          110824 kB
Active:           386100 kB
Mem:          3.8G       3.7G       108M       5.7M        22M       3.2G

MemTotal:        4016004 kB
MemFree:          143644 kB
Active:           386112 kB
Mem:          3.8G       3.7G       139M       5.7M        22M       3.2G

MemTotal:        4016004 kB
MemFree:          130204 kB
Active:           373688 kB
Mem:          3.8G       3.7G       127M       5.7M        22M       3.2G

MemTotal:        4016004 kB
MemFree:          142164 kB
Active:           373556 kB
Mem:          3.8G       3.7G       138M       5.7M        22M       3.2G

MemTotal:        4016004 kB
MemFree:          140236 kB
Active:           373544 kB
Mem:          3.8G       3.7G       136M       5.7M        22M       3.2G

MemTotal:        4016004 kB
MemFree:          139292 kB
Active:           373412 kB
Mem:          3.8G       3.7G       136M       5.7M        22M       3.2G

MemTotal:        4016004 kB
MemFree:          138036 kB
Active:           373388 kB
Mem:          3.8G       3.7G       134M       5.7M        22M       3.2G

MemTotal:        4016004 kB
MemFree:          112580 kB
Active:           373416 kB
Mem:          3.8G       3.7G       109M       5.7M        22M       3.2G

MemTotal:        4016004 kB
MemFree:          111960 kB
Active:           373436 kB
Mem:          3.8G       3.7G       109M       5.7M        22M       3.2G

MemTotal:        4016004 kB
MemFree:          110668 kB
Active:           373560 kB
Mem:          3.8G       3.7G       108M       5.7M        22M       3.2G

MemTotal:        4016004 kB
MemFree:          108740 kB
Active:           373464 kB
Mem:          3.8G       3.7G       105M       5.7M        22M       3.2G

MemTotal:        4016004 kB
MemFree:          108032 kB
Active:           373460 kB
Mem:          3.8G       3.7G       105M       5.7M        22M       3.2G

MemTotal:        4016004 kB
MemFree:          122960 kB
Active:           373464 kB
Mem:          3.8G       3.7G       119M       5.7M        22M       3.2G

MemTotal:        4016004 kB
MemFree:          125104 kB
Active:           371392 kB
Mem:          3.8G       3.7G       122M       5.7M        22M       3.2G

MemTotal:        4016004 kB
MemFree:          107328 kB
Active:           371392 kB
Mem:          3.8G       3.7G       104M       5.7M        22M       3.2G

MemTotal:        4016004 kB
MemFree:          134100 kB
Active:           371392 kB
Mem:          3.8G       3.7G       130M       5.7M        22M       3.2G

MemTotal:        4016004 kB
MemFree:          129928 kB
Active:           371392 kB
Mem:          3.8G       3.7G       126M       5.7M        22M       3.2G

MemTotal:        4016004 kB
MemFree:          140224 kB
Active:           371408 kB
Mem:          3.8G       3.7G       137M       5.7M        22M       3.2G

MemTotal:        4016004 kB
MemFree:          125768 kB
Active:           371416 kB
Mem:          3.8G       3.7G       122M       5.7M        22M       3.2G

MemTotal:        4016004 kB
MemFree:          140660 kB
Active:           371416 kB
Mem:          3.8G       3.7G       136M       5.7M        22M       3.2G

MemTotal:        4016004 kB
MemFree:          117684 kB
Active:           373412 kB
Mem:          3.8G       3.7G       114M       5.7M        22M       3.2G

MemTotal:        4016004 kB
MemFree:          117000 kB
Active:           373364 kB
Mem:          3.8G       3.7G       114M       5.7M        22M       3.2G

MemTotal:        4016004 kB
MemFree:          116072 kB
Active:           373416 kB
Mem:          3.8G       3.7G       113M       5.7M        22M       3.2G

MemTotal:        4016004 kB
MemFree:          115564 kB
Active:           373408 kB
Mem:          3.8G       3.7G       112M       5.7M        22M       3.2G

MemTotal:        4016004 kB
MemFree:          134516 kB
Active:           369216 kB
Mem:          3.8G       3.7G       130M       5.7M        22M       3.2G

MemTotal:        4016004 kB
MemFree:          117288 kB
Active:           369088 kB
Mem:          3.8G       3.7G       114M       5.7M        22M       3.2G

MemTotal:        4016004 kB
MemFree:          131760 kB
Active:           369088 kB
Mem:          3.8G       3.7G       128M       5.7M        22M       3.2G

MemTotal:        4016004 kB
MemFree:          127824 kB
Active:           369100 kB
Mem:          3.8G       3.7G       124M       5.7M        22M       3.2G

MemTotal:        4016004 kB
MemFree:          131404 kB
Active:           369100 kB
Mem:          3.8G       3.7G       128M       5.7M        22M       3.2G

MemTotal:        4016004 kB
MemFree:          121640 kB
Active:           369084 kB
Mem:          3.8G       3.7G       118M       5.7M        22M       3.2G

MemTotal:        4016004 kB
MemFree:          147212 kB
Active:           371160 kB
Mem:          3.8G       3.7G       143M       5.7M        22M       3.2G

MemTotal:        4016004 kB
MemFree:          126592 kB
Active:           371136 kB
Mem:          3.8G       3.7G       123M       5.7M        22M       3.2G

MemTotal:        4016004 kB
MemFree:          124704 kB
Active:           371152 kB
Mem:          3.8G       3.7G       121M       5.7M        22M       3.2G

MemTotal:        4016004 kB
MemFree:          122920 kB
Active:           371152 kB
Mem:          3.8G       3.7G       119M       5.7M        22M       3.2G

MemTotal:        4016004 kB
MemFree:          122396 kB
Active:           371152 kB
Mem:          3.8G       3.7G       119M       5.7M        22M       3.2G

MemTotal:        4016004 kB
MemFree:          121132 kB
Active:           371160 kB
Mem:          3.8G       3.7G       117M       5.7M        22M       3.2G

MemTotal:        4016004 kB
MemFree:          111456 kB
Active:           364508 kB
Mem:          3.8G       3.7G       108M       5.7M        22M       3.2G

MemTotal:        4016004 kB
MemFree:          128268 kB
Active:           364508 kB
Mem:          3.8G       3.7G       125M       5.7M        22M       3.2G

MemTotal:        4016004 kB
MemFree:          131732 kB
Active:           364508 kB
Mem:          3.8G       3.7G       128M       5.7M        22M       3.2G

MemTotal:        4016004 kB
MemFree:          143660 kB
Active:           364528 kB
Mem:          3.8G       3.7G       139M       5.7M        22M       3.2G

MemTotal:        4016004 kB
MemFree:          115680 kB
Active:           364480 kB
Mem:          3.8G       3.7G       112M       5.7M        22M       3.2G

MemTotal:        4016004 kB
MemFree:          123020 kB
Active:           365800 kB
Mem:          3.8G       3.7G       120M       5.7M        22M       3.2G

MemTotal:        4016004 kB
MemFree:          126216 kB
Active:           365672 kB
Mem:          3.8G       3.7G       123M       5.7M        22M       3.2G

MemTotal:        4016004 kB
MemFree:          125360 kB
Active:           365672 kB
Mem:          3.8G       3.7G       122M       5.7M        22M       3.2G

MemTotal:        4016004 kB
MemFree:          124028 kB
Active:           365648 kB
Mem:          3.8G       3.7G       120M       5.7M        22M       3.2G

MemTotal:        4016004 kB
MemFree:          124188 kB
Active:           365668 kB
Mem:          3.8G       3.7G       121M       5.7M        22M       3.2G

MemTotal:        4016004 kB
MemFree:          117576 kB
Active:           365672 kB
Mem:          3.8G       3.7G       114M       5.7M        22M       3.2G

MemTotal:        4016004 kB
MemFree:          133264 kB
Active:           320672 kB
Mem:          3.8G       3.7G       129M       5.7M        22M       3.2G

MemTotal:        4016004 kB
MemFree:          127428 kB
Active:           320672 kB
Mem:          3.8G       3.7G       123M       5.7M        22M       3.2G

MemTotal:        4016004 kB
MemFree:          126924 kB
Active:           320672 kB
Mem:          3.8G       3.7G       123M       5.7M        22M       3.2G

MemTotal:        4016004 kB
MemFree:          124692 kB
Active:           320684 kB
Mem:          3.8G       3.7G       121M       5.7M        22M       3.2G

MemTotal:        4016004 kB
MemFree:          125360 kB
Active:           320696 kB
Mem:          3.8G       3.7G       122M       5.7M        22M       3.2G

MemTotal:        4016004 kB
MemFree:          124432 kB
Active:           320696 kB
Mem:          3.8G       3.7G       121M       5.7M        22M       3.2G

MemTotal:        4016004 kB
MemFree:          124448 kB
Active:           320656 kB
Mem:          3.8G       3.7G       121M       5.7M        22M       3.2G

MemTotal:        4016004 kB
MemFree:          135316 kB
Active:           320696 kB
Mem:          3.8G       3.7G       132M       5.7M        22M       3.2G

MemTotal:        4016004 kB
MemFree:          135704 kB
Active:           320688 kB
Mem:          3.8G       3.7G       132M       5.7M        22M       3.2G

MemTotal:        4016004 kB
MemFree:          134056 kB
Active:           320716 kB
Mem:          3.8G       3.7G       130M       5.7M        22M       3.2G

MemTotal:        4016004 kB
MemFree:          132852 kB
Active:           320716 kB
Mem:          3.8G       3.7G       129M       5.7M        22M       3.2G

MemTotal:        4016004 kB
MemFree:          124664 kB
Active:           320716 kB
Mem:          3.8G       3.7G       121M       5.7M        22M       3.2G

MemTotal:        4016004 kB
MemFree:          133652 kB
Active:           320716 kB
Mem:          3.8G       3.7G       130M       5.7M        22M       3.2G

MemTotal:        4016004 kB
MemFree:          122852 kB
Active:           317976 kB
Mem:          3.8G       3.7G       119M       5.7M        22M       3.2G

MemTotal:        4016004 kB
MemFree:          111272 kB
Active:           316904 kB
Mem:          3.8G       3.7G       108M       5.7M        22M       3.2G

MemTotal:        4016004 kB
MemFree:          111644 kB
Active:           316904 kB
Mem:          3.8G       3.7G       108M       5.7M        22M       3.2G

MemTotal:        4016004 kB
MemFree:          111644 kB
Active:           316892 kB
Mem:          3.8G       3.7G       108M       5.7M        22M       3.2G

MemTotal:        4016004 kB
MemFree:          111644 kB
Active:           316860 kB
Mem:          3.8G       3.7G       109M       5.7M        22M       3.2G

MemTotal:        4016004 kB
MemFree:          111768 kB
Active:           316884 kB
Mem:          3.8G       3.7G       108M       5.7M        22M       3.2G

MemTotal:        4016004 kB
MemFree:          111644 kB
Active:           316908 kB
Mem:          3.8G       3.7G       108M       5.7M        22M       3.2G

MemTotal:        4016004 kB
MemFree:          111520 kB
Active:           316916 kB
Mem:          3.8G       3.7G       108M       5.7M        22M       3.2G

MemTotal:        4016004 kB
MemFree:          111768 kB
Active:           316916 kB
Mem:          3.8G       3.7G       109M       5.7M        22M       3.2G

MemTotal:        4016004 kB
MemFree:          111644 kB
Active:           316860 kB
Mem:          3.8G       3.7G       108M       5.7M        22M       3.2G

MemTotal:        4016004 kB
MemFree:          111644 kB
Active:           316860 kB
Mem:          3.8G       3.7G       108M       5.7M        22M       3.2G

MemTotal:        4016004 kB
MemFree:          111644 kB
Active:           316896 kB
Mem:          3.8G       3.7G       109M       5.7M        22M       3.2G

MemTotal:        4016004 kB
MemFree:          111644 kB
Active:           316904 kB
Mem:          3.8G       3.7G       108M       5.7M        22M       3.2G

MemTotal:        4016004 kB
MemFree:          111644 kB
Active:           316904 kB
Mem:          3.8G       3.7G       108M       5.7M        22M       3.2G

MemTotal:        4016004 kB
MemFree:          111768 kB
Active:           316920 kB
Mem:          3.8G       3.7G       108M       5.7M        22M       3.2G

MemTotal:        4016004 kB
MemFree:          111644 kB
Active:           316908 kB
Mem:          3.8G       3.7G       108M       5.7M        22M       3.2G

MemTotal:        4016004 kB
MemFree:          111644 kB
Active:           316908 kB
Mem:          3.8G       3.7G       108M       5.7M        22M       3.2G

MemTotal:        4016004 kB
MemFree:          111768 kB
Active:           316868 kB
Mem:          3.8G       3.7G       108M       5.7M        22M       3.2G

MemTotal:        4016004 kB
MemFree:          111940 kB
Active:           316656 kB
Mem:          3.8G       3.7G       109M       5.7M        22M       3.2G

MemTotal:        4016004 kB
MemFree:          111568 kB
Active:           316664 kB
Mem:          3.8G       3.7G       108M       5.7M        22M       3.2G

MemTotal:        4016004 kB
MemFree:          110572 kB
Active:           314948 kB
Mem:          3.8G       3.7G       107M       5.7M        22M       3.2G

MemTotal:        4016004 kB
MemFree:          109580 kB
Active:           314956 kB
Mem:          3.8G       3.7G       107M       5.7M        22M       3.2G

MemTotal:        4016004 kB
MemFree:          109704 kB
Active:           317004 kB
Mem:          3.8G       3.7G       107M       5.7M        22M       3.2G

MemTotal:        4016004 kB
MemFree:          110076 kB
Active:           316984 kB
Mem:          3.8G       3.7G       107M       5.7M        22M       3.2G

MemTotal:        4016004 kB
MemFree:          109828 kB
Active:           317008 kB
Mem:          3.8G       3.7G       107M       5.7M        22M       3.2G

MemTotal:        4016004 kB
MemFree:          110324 kB
Active:           316956 kB
Mem:          3.8G       3.7G       107M       5.7M        22M       3.2G

MemTotal:        4016004 kB
MemFree:          110696 kB
Active:           316976 kB
Mem:          3.8G       3.7G       108M       5.7M        22M       3.2G

MemTotal:        4016004 kB
MemFree:          110160 kB
Active:           316980 kB
Mem:          3.8G       3.7G       107M       5.7M        22M       3.2G

MemTotal:        4016004 kB
MemFree:          110192 kB
Active:           317012 kB
Mem:          3.8G       3.7G       107M       5.7M        22M       3.2G

MemTotal:        4016004 kB
MemFree:          110412 kB
Active:           317032 kB
Mem:          3.8G       3.7G       107M       5.7M        22M       3.2G

MemTotal:        4016004 kB
MemFree:          110792 kB
Active:           316992 kB
Mem:          3.8G       3.7G       108M       5.7M        22M       3.2G

MemTotal:        4016004 kB
MemFree:          110668 kB
Active:           317008 kB
Mem:          3.8G       3.7G       108M       5.7M        22M       3.2G

MemTotal:        4016004 kB
MemFree:          110792 kB
Active:           317052 kB
Mem:          3.8G       3.7G       108M       5.7M        22M       3.2G

MemTotal:        4016004 kB
MemFree:          110916 kB
Active:           317048 kB
Mem:          3.8G       3.7G       108M       5.7M        22M       3.2G

MemTotal:        4016004 kB
MemFree:          111572 kB
Active:           317008 kB
Mem:          3.8G       3.7G       108M       5.7M        22M       3.2G

MemTotal:        4016004 kB
MemFree:          111448 kB
Active:           317024 kB
Mem:          3.8G       3.7G       108M       5.7M        22M       3.2G

MemTotal:        4016004 kB
MemFree:          110828 kB
Active:           317052 kB
Mem:          3.8G       3.7G       108M       5.7M        22M       3.2G

MemTotal:        4016004 kB
MemFree:          110828 kB
Active:           317044 kB
Mem:          3.8G       3.7G       108M       5.7M        22M       3.2G

MemTotal:        4016004 kB
MemFree:          110828 kB
Active:           317048 kB
Mem:          3.8G       3.7G       108M       5.7M        22M       3.2G

MemTotal:        4016004 kB
MemFree:          110952 kB
Active:           317056 kB
Mem:          3.8G       3.7G       108M       5.7M        22M       3.2G

MemTotal:        4016004 kB
MemFree:          111324 kB
Active:           317008 kB
Mem:          3.8G       3.7G       108M       5.7M        22M       3.2G

MemTotal:        4016004 kB
MemFree:          111076 kB
Active:           317016 kB
Mem:          3.8G       3.7G       108M       5.7M        22M       3.2G

MemTotal:        4016004 kB
MemFree:          111200 kB
Active:           317028 kB
Mem:          3.8G       3.7G       108M       5.7M        22M       3.2G

MemTotal:        4016004 kB
MemFree:          111324 kB
Active:           317032 kB
Mem:          3.8G       3.7G       108M       5.7M        22M       3.2G

MemTotal:        4016004 kB
MemFree:          111200 kB
Active:           317040 kB
Mem:          3.8G       3.7G       108M       5.7M        22M       3.2G

MemTotal:        4016004 kB
MemFree:          111076 kB
Active:           317052 kB
Mem:          3.8G       3.7G       108M       5.7M        22M       3.2G

MemTotal:        4016004 kB
MemFree:          111200 kB
Active:           317068 kB
Mem:          3.8G       3.7G       108M       5.7M        22M       3.2G

MemTotal:        4016004 kB
MemFree:          111280 kB
Active:           317024 kB
Mem:          3.8G       3.7G       108M       5.7M        22M       3.2G

MemTotal:        4016004 kB
MemFree:          111404 kB
Active:           317028 kB
Mem:          3.8G       3.7G       108M       5.7M        22M       3.2G

MemTotal:        4016004 kB
MemFree:          110784 kB
Active:           317048 kB
Mem:          3.8G       3.7G       108M       5.7M        22M       3.2G

MemTotal:        4016004 kB
MemFree:          110720 kB
Active:           316824 kB
Mem:          3.8G       3.7G       108M       5.7M        22M       3.2G

MemTotal:        4016004 kB
MemFree:          111092 kB
Active:           318868 kB
Mem:          3.8G       3.7G       108M       5.7M        22M       3.2G

MemTotal:        4016004 kB
MemFree:          110596 kB
Active:           318872 kB
Mem:          3.8G       3.7G       108M       5.7M        22M       3.2G

MemTotal:        4016004 kB
MemFree:          110720 kB
Active:           318872 kB
Mem:          3.8G       3.7G       108M       5.7M        22M       3.2G

MemTotal:        4016004 kB
MemFree:          111092 kB
Active:           318844 kB
Mem:          3.8G       3.7G       108M       5.7M        22M       3.2G

MemTotal:        4016004 kB
MemFree:          111092 kB
Active:           318844 kB
Mem:          3.8G       3.7G       108M       5.7M        22M       3.2G

MemTotal:        4016004 kB
MemFree:          111216 kB
Active:           318840 kB
Mem:          3.8G       3.7G       108M       5.7M        22M       3.2G

MemTotal:        4016004 kB
MemFree:          111216 kB
Active:           318832 kB
Mem:          3.8G       3.7G       108M       5.7M        22M       3.2G

MemTotal:        4016004 kB
MemFree:          110844 kB
Active:           318872 kB
Mem:          3.8G       3.7G       108M       5.7M        22M       3.2G

MemTotal:        4016004 kB
MemFree:          110720 kB
Active:           318896 kB
Mem:          3.8G       3.7G       108M       5.7M        22M       3.2G

MemTotal:        4016004 kB
MemFree:          111092 kB
Active:           318876 kB
Mem:          3.8G       3.7G       108M       5.7M        22M       3.2G

MemTotal:        4016004 kB
MemFree:          110844 kB
Active:           318880 kB
Mem:          3.8G       3.7G       108M       5.7M        22M       3.2G

MemTotal:        4016004 kB
MemFree:          110844 kB
Active:           318888 kB
Mem:          3.8G       3.7G       108M       5.7M        22M       3.2G

MemTotal:        4016004 kB
MemFree:          110596 kB
Active:           318904 kB
Mem:          3.8G       3.7G       108M       5.7M        22M       3.2G

MemTotal:        4016004 kB
MemFree:          110968 kB
Active:           318872 kB
Mem:          3.8G       3.7G       108M       5.7M        22M       3.2G

MemTotal:        4016004 kB
MemFree:          110968 kB
Active:           318880 kB
Mem:          3.8G       3.7G       108M       5.7M        22M       3.2G

MemTotal:        4016004 kB
MemFree:          110720 kB
Active:           318876 kB
Mem:          3.8G       3.7G       108M       5.7M        22M       3.2G

MemTotal:        4016004 kB
MemFree:          111216 kB
Active:           318864 kB
Mem:          3.8G       3.7G       108M       5.7M        22M       3.2G

MemTotal:        4016004 kB
MemFree:          111092 kB
Active:           318868 kB
Mem:          3.8G       3.7G       108M       5.7M        22M       3.2G

MemTotal:        4016004 kB
MemFree:          111092 kB
Active:           318860 kB
Mem:          3.8G       3.7G       108M       5.7M        22M       3.2G

MemTotal:        4016004 kB
MemFree:          110720 kB
Active:           318904 kB
Mem:          3.8G       3.7G       108M       5.7M        22M       3.2G

MemTotal:        4016004 kB
MemFree:          110844 kB
Active:           318880 kB
Mem:          3.8G       3.7G       108M       5.7M        22M       3.2G

MemTotal:        4016004 kB
MemFree:          111092 kB
Active:           318864 kB
Mem:          3.8G       3.7G       108M       5.7M        22M       3.2G

MemTotal:        4016004 kB
MemFree:          110720 kB
Active:           318908 kB
Mem:          3.8G       3.7G       108M       5.7M        22M       3.2G

MemTotal:        4016004 kB
MemFree:          110720 kB
Active:           318908 kB
Mem:          3.8G       3.7G       108M       5.7M        22M       3.2G

MemTotal:        4016004 kB
MemFree:          110844 kB
Active:           318888 kB
Mem:          3.8G       3.7G       108M       5.7M        22M       3.2G

MemTotal:        4016004 kB
MemFree:          110968 kB
Active:           318860 kB
Mem:          3.8G       3.7G       108M       5.7M        22M       3.2G

MemTotal:        4016004 kB
MemFree:          111092 kB
Active:           318868 kB
Mem:          3.8G       3.7G       108M       5.7M        22M       3.2G

MemTotal:        4016004 kB
MemFree:          110968 kB
Active:           318880 kB
Mem:          3.8G       3.7G       108M       5.7M        22M       3.2G

MemTotal:        4016004 kB
MemFree:          110968 kB
Active:           318904 kB
Mem:          3.8G       3.7G       108M       5.7M        22M       3.2G

MemTotal:        4016004 kB
MemFree:          110472 kB
Active:           318924 kB
Mem:          3.8G       3.7G       108M       5.7M        22M       3.2G

MemTotal:        4016004 kB
MemFree:          110844 kB
Active:           318872 kB
Mem:          3.8G       3.7G       108M       5.7M        22M       3.2G

MemTotal:        4016004 kB
MemFree:          111092 kB
Active:           318896 kB
Mem:          3.8G       3.7G       108M       5.7M        22M       3.2G

MemTotal:        4016004 kB
MemFree:          111108 kB
Active:           318908 kB
Mem:          3.8G       3.7G       108M       5.7M        22M       3.2G

MemTotal:        4016004 kB
MemFree:          111232 kB
Active:           318884 kB
Mem:          3.8G       3.7G       108M       5.7M        22M       3.2G

MemTotal:        4016004 kB
MemFree:          111232 kB
Active:           318904 kB
Mem:          3.8G       3.7G       108M       5.7M        22M       3.2G

MemTotal:        4016004 kB
MemFree:          111420 kB
Active:           318876 kB
Mem:          3.8G       3.7G       108M       5.7M        22M       3.2G

MemTotal:        4016004 kB
MemFree:          111296 kB
Active:           318884 kB
Mem:          3.8G       3.7G       108M       5.7M        22M       3.2G

MemTotal:        4016004 kB
MemFree:          111296 kB
Active:           318888 kB
Mem:          3.8G       3.7G       108M       5.7M        22M       3.2G

MemTotal:        4016004 kB
MemFree:          111296 kB
Active:           318888 kB
Mem:          3.8G       3.7G       108M       5.7M        22M       3.2G

MemTotal:        4016004 kB
MemFree:          110924 kB
Active:           318928 kB
Mem:          3.8G       3.7G       108M       5.7M        22M       3.2G

MemTotal:        4016004 kB
MemFree:          111296 kB
Active:           318900 kB
Mem:          3.8G       3.7G       108M       5.7M        22M       3.2G

MemTotal:        4016004 kB
MemFree:          111172 kB
Active:           318928 kB
Mem:          3.8G       3.7G       108M       5.7M        22M       3.2G

MemTotal:        4016004 kB
MemFree:          111048 kB
Active:           318912 kB
Mem:          3.8G       3.7G       108M       5.7M        22M       3.2G

MemTotal:        4016004 kB
MemFree:          110676 kB
Active:           318936 kB
Mem:          3.8G       3.7G       108M       5.7M        22M       3.2G

MemTotal:        4016004 kB
MemFree:          110924 kB
Active:           318900 kB
Mem:          3.8G       3.7G       108M       5.7M        22M       3.2G

MemTotal:        4016004 kB
MemFree:          110924 kB
Active:           318892 kB
Mem:          3.8G       3.7G       108M       5.7M        22M       3.2G

MemTotal:        4016004 kB
MemFree:          110428 kB
Active:           318936 kB
Mem:          3.8G       3.7G       108M       5.7M        22M       3.2G

MemTotal:        4016004 kB
MemFree:          110800 kB
Active:           318920 kB
Mem:          3.8G       3.7G       108M       5.7M        22M       3.2G

MemTotal:        4016004 kB
MemFree:          110428 kB
Active:           318936 kB
Mem:          3.8G       3.7G       108M       5.7M        22M       3.2G

MemTotal:        4016004 kB
MemFree:          111420 kB
Active:           318896 kB
Mem:          3.8G       3.7G       108M       5.7M        22M       3.2G

MemTotal:        4016004 kB
MemFree:          110924 kB
Active:           318940 kB
Mem:          3.8G       3.7G       108M       5.7M        22M       3.2G

MemTotal:        4016004 kB
MemFree:          111048 kB
Active:           318936 kB
Mem:          3.8G       3.7G       108M       5.7M        22M       3.2G

MemTotal:        4016004 kB
MemFree:          111048 kB
Active:           318936 kB
Mem:          3.8G       3.7G       108M       5.7M        22M       3.2G

MemTotal:        4016004 kB
MemFree:          111172 kB
Active:           318884 kB
Mem:          3.8G       3.7G       108M       5.7M        22M       3.2G

MemTotal:        4016004 kB
MemFree:          111172 kB
Active:           318892 kB
Mem:          3.8G       3.7G       108M       5.7M        22M       3.2G

MemTotal:        4016004 kB
MemFree:          111668 kB
Active:           318896 kB
Mem:          3.8G       3.7G       108M       5.7M        22M       3.2G

MemTotal:        4016004 kB
MemFree:          111172 kB
Active:           318932 kB
Mem:          3.8G       3.7G       108M       5.7M        22M       3.2G

MemTotal:        4016004 kB
MemFree:          110924 kB
Active:           318904 kB
Mem:          3.8G       3.7G       108M       5.7M        22M       3.2G

MemTotal:        4016004 kB
MemFree:          110924 kB
Active:           318908 kB
Mem:          3.8G       3.7G       107M       5.7M        22M       3.2G

MemTotal:        4016004 kB
MemFree:          108256 kB
Active:           318956 kB
Mem:          3.8G       3.7G       106M       5.7M        22M       3.2G

MemTotal:        4016004 kB
MemFree:          108256 kB
Active:           320984 kB
Mem:          3.8G       3.7G       106M       5.7M        22M       3.2G

MemTotal:        4016004 kB
MemFree:          108752 kB
Active:           320932 kB
Mem:          3.8G       3.7G       106M       5.7M        22M       3.2G

MemTotal:        4016004 kB
MemFree:          108256 kB
Active:           320996 kB
Mem:          3.8G       3.7G       105M       5.7M        22M       3.2G

MemTotal:        4016004 kB
MemFree:          108752 kB
Active:           320968 kB
Mem:          3.8G       3.7G       106M       5.7M        22M       3.2G

MemTotal:        4016004 kB
MemFree:          108380 kB
Active:           321000 kB
Mem:          3.8G       3.7G       106M       5.7M        22M       3.2G

MemTotal:        4016004 kB
MemFree:          109124 kB
Active:           320960 kB
Mem:          3.8G       3.7G       106M       5.7M        22M       3.2G

MemTotal:        4016004 kB
MemFree:          109124 kB
Active:           320956 kB
Mem:          3.8G       3.7G       106M       5.7M        22M       3.2G

MemTotal:        4016004 kB
MemFree:          108628 kB
Active:           321004 kB
Mem:          3.8G       3.7G       106M       5.7M        22M       3.2G

MemTotal:        4016004 kB
MemFree:          108628 kB
Active:           321004 kB
Mem:          3.8G       3.7G       106M       5.7M        22M       3.2G

MemTotal:        4016004 kB
MemFree:          109124 kB
Active:           320976 kB
Mem:          3.8G       3.7G       106M       5.7M        22M       3.2G

MemTotal:        4016004 kB
MemFree:          109000 kB
Active:           320964 kB
Mem:          3.8G       3.7G       106M       5.7M        22M       3.2G

MemTotal:        4016004 kB
MemFree:          108628 kB
Active:           321012 kB
Mem:          3.8G       3.7G       106M       5.7M        22M       3.2G

MemTotal:        4016004 kB
MemFree:          109124 kB
Active:           321004 kB
Mem:          3.8G       3.7G       106M       5.7M        22M       3.2G

MemTotal:        4016004 kB
MemFree:          109248 kB
Active:           320996 kB
Mem:          3.8G       3.7G       106M       5.7M        22M       3.2G

MemTotal:        4016004 kB
MemFree:          108628 kB
Active:           321012 kB
Mem:          3.8G       3.7G       106M       5.7M        22M       3.2G

MemTotal:        4016004 kB
MemFree:          108752 kB
Active:           321004 kB
Mem:          3.8G       3.7G       106M       5.7M        22M       3.2G

MemTotal:        4016004 kB
MemFree:          109000 kB
Active:           321016 kB
Mem:          3.8G       3.7G       106M       5.7M        22M       3.2G

MemTotal:        4016004 kB
MemFree:          108876 kB
Active:           321012 kB
Mem:          3.8G       3.7G       106M       5.7M        22M       3.2G

MemTotal:        4016004 kB
MemFree:          109000 kB
Active:           320972 kB
Mem:          3.8G       3.7G       106M       5.7M        22M       3.2G

MemTotal:        4016004 kB
MemFree:          109124 kB
Active:           321004 kB
Mem:          3.8G       3.7G       106M       5.7M        22M       3.2G

MemTotal:        4016004 kB
MemFree:          109000 kB
Active:           321016 kB
Mem:          3.8G       3.7G       106M       5.7M        22M       3.2G

MemTotal:        4016004 kB
MemFree:          109124 kB
Active:           320996 kB
Mem:          3.8G       3.7G       106M       5.7M        22M       3.2G

MemTotal:        4016004 kB
MemFree:          108876 kB
Active:           321008 kB
Mem:          3.8G       3.7G       106M       5.7M        22M       3.2G

MemTotal:        4016004 kB
MemFree:          108752 kB
Active:           320972 kB
Mem:          3.8G       3.7G       106M       5.7M        22M       3.2G

MemTotal:        4016004 kB
MemFree:          109000 kB
Active:           321024 kB
Mem:          3.8G       3.7G       106M       5.7M        22M       3.2G

MemTotal:        4016004 kB
MemFree:          108628 kB
Active:           321028 kB
Mem:          3.8G       3.7G       106M       5.7M        22M       3.2G

MemTotal:        4016004 kB
MemFree:          109248 kB
Active:           320972 kB
Mem:          3.8G       3.7G       106M       5.7M        22M       3.2G

MemTotal:        4016004 kB
MemFree:          109248 kB
Active:           320996 kB
Mem:          3.8G       3.7G       106M       5.7M        22M       3.2G

MemTotal:        4016004 kB
MemFree:          108628 kB
Active:           321028 kB
Mem:          3.8G       3.7G       106M       5.7M        22M       3.2G

MemTotal:        4016004 kB
MemFree:          107936 kB
Active:           319104 kB
Mem:          3.8G       3.7G       105M       5.7M        22M       3.2G

MemTotal:        4016004 kB
MemFree:          109184 kB
Active:           321036 kB
Mem:          3.8G       3.7G       106M       5.7M        22M       3.2G

MemTotal:        4016004 kB
MemFree:          109060 kB
Active:           321052 kB
Mem:          3.8G       3.7G       106M       5.7M        22M       3.2G

MemTotal:        4016004 kB
MemFree:          108812 kB
Active:           321052 kB
Mem:          3.8G       3.7G       106M       5.7M        22M       3.2G

MemTotal:        4016004 kB
MemFree:          109060 kB
Active:           321040 kB
Mem:          3.8G       3.7G       106M       5.7M        22M       3.2G

MemTotal:        4016004 kB
MemFree:          109060 kB
Active:           321044 kB
Mem:          3.8G       3.7G       106M       5.7M        22M       3.2G

MemTotal:        4016004 kB
MemFree:          109060 kB
Active:           321052 kB
Mem:          3.8G       3.7G       106M       5.7M        22M       3.2G

MemTotal:        4016004 kB
MemFree:          108688 kB
Active:           321056 kB
Mem:          3.8G       3.7G       106M       5.7M        22M       3.2G

MemTotal:        4016004 kB
MemFree:          109184 kB
Active:           321056 kB
Mem:          3.8G       3.7G       106M       5.7M        22M       3.2G

MemTotal:        4016004 kB
MemFree:          109060 kB
Active:           321044 kB
Mem:          3.8G       3.7G       106M       5.7M        22M       3.2G

MemTotal:        4016004 kB
MemFree:          106888 kB
Active:           321060 kB
Mem:          3.8G       3.7G       104M       5.7M        22M       3.2G

MemTotal:        4016004 kB
MemFree:          107136 kB
Active:           323060 kB
Mem:          3.8G       3.7G       104M       5.7M        22M       3.2G

MemTotal:        4016004 kB
MemFree:          107136 kB
Active:           323084 kB
Mem:          3.8G       3.7G       104M       5.7M        22M       3.2G

MemTotal:        4016004 kB
MemFree:          107384 kB
Active:           323040 kB
Mem:          3.8G       3.7G       104M       5.7M        22M       3.2G

MemTotal:        4016004 kB
MemFree:          107384 kB
Active:           323052 kB
Mem:          3.8G       3.7G       104M       5.7M        22M       3.2G

MemTotal:        4016004 kB
MemFree:          107508 kB
Active:           323060 kB
Mem:          3.8G       3.7G       104M       5.7M        22M       3.2G

MemTotal:        4016004 kB
MemFree:          107508 kB
Active:           323064 kB
Mem:          3.8G       3.7G       105M       5.7M        22M       3.2G

MemTotal:        4016004 kB
MemFree:          107260 kB
Active:           323068 kB
Mem:          3.8G       3.7G       104M       5.7M        22M       3.2G

MemTotal:        4016004 kB
MemFree:          107136 kB
Active:           323092 kB
Mem:          3.8G       3.7G       104M       5.7M        22M       3.2G

MemTotal:        4016004 kB
MemFree:          107260 kB
Active:           323060 kB
Mem:          3.8G       3.7G       104M       5.7M        22M       3.2G

MemTotal:        4016004 kB
MemFree:          107384 kB
Active:           323092 kB
Mem:          3.8G       3.7G       104M       5.7M        22M       3.2G

MemTotal:        4016004 kB
MemFree:          106888 kB
Active:           323104 kB
Mem:          3.8G       3.7G       104M       5.7M        22M       3.2G

MemTotal:        4016004 kB
MemFree:          107260 kB
Active:           323064 kB
Mem:          3.8G       3.7G       104M       5.7M        22M       3.2G

MemTotal:        4016004 kB
MemFree:          107384 kB
Active:           323072 kB
Mem:          3.8G       3.7G       104M       5.7M        22M       3.2G

MemTotal:        4016004 kB
MemFree:          107384 kB
Active:           323080 kB
Mem:          3.8G       3.7G       104M       5.7M        22M       3.2G

MemTotal:        4016004 kB
MemFree:          107384 kB
Active:           323096 kB
Mem:          3.8G       3.7G       104M       5.7M        22M       3.2G

MemTotal:        4016004 kB
MemFree:          107012 kB
Active:           323120 kB
Mem:          3.8G       3.7G       104M       5.7M        22M       3.2G

MemTotal:        4016004 kB
MemFree:          107260 kB
Active:           323072 kB
Mem:          3.8G       3.7G       104M       5.7M        23M       3.2G

MemTotal:        4016004 kB
MemFree:          107384 kB
Active:           323088 kB
Mem:          3.8G       3.7G       104M       5.7M        23M       3.2G

MemTotal:        4016004 kB
MemFree:          107508 kB
Active:           323092 kB
Mem:          3.8G       3.7G       104M       5.7M        23M       3.2G

MemTotal:        4016004 kB
MemFree:          105460 kB
Active:           323104 kB
Mem:          3.8G       3.7G       103M       5.7M        23M       3.2G

MemTotal:        4016004 kB
MemFree:          105336 kB
Active:           325104 kB
Mem:          3.8G       3.7G       102M       5.7M        23M       3.2G

MemTotal:        4016004 kB
MemFree:          105336 kB
Active:           325116 kB
Mem:          3.8G       3.7G       102M       5.7M        23M       3.2G

MemTotal:        4016004 kB
MemFree:          129392 kB
Active:           324488 kB
Mem:          3.8G       3.7G       126M       5.7M        23M       3.2G

MemTotal:        4016004 kB
MemFree:          129392 kB
Active:           324504 kB
Mem:          3.8G       3.7G       125M       5.7M        23M       3.2G

MemTotal:        4016004 kB
MemFree:          129392 kB
Active:           324500 kB
Mem:          3.8G       3.7G       126M       5.7M        23M       3.2G

MemTotal:        4016004 kB
MemFree:          129516 kB
Active:           324516 kB
Mem:          3.8G       3.7G       126M       5.7M        23M       3.2G

MemTotal:        4016004 kB
MemFree:          129020 kB
Active:           324540 kB
Mem:          3.8G       3.7G       125M       5.7M        23M       3.2G

MemTotal:        4016004 kB
MemFree:          129268 kB
Active:           324512 kB
Mem:          3.8G       3.7G       125M       5.7M        23M       3.2G

MemTotal:        4016004 kB
MemFree:          129392 kB
Active:           324528 kB
Mem:          3.8G       3.7G       126M       5.7M        23M       3.2G

MemTotal:        4016004 kB
MemFree:          129020 kB
Active:           324548 kB
Mem:          3.8G       3.7G       125M       5.7M        23M       3.2G

MemTotal:        4016004 kB
MemFree:          129020 kB
Active:           324528 kB
Mem:          3.8G       3.7G       126M       5.7M        23M       3.2G

MemTotal:        4016004 kB
MemFree:          129144 kB
Active:           324524 kB
Mem:          3.8G       3.7G       125M       5.7M        23M       3.2G

MemTotal:        4016004 kB
MemFree:          129028 kB
Active:           324576 kB
Mem:          3.8G       3.7G       125M       5.7M        23M       3.2G

MemTotal:        4016004 kB
MemFree:          128904 kB
Active:           324564 kB
Mem:          3.8G       3.7G       125M       5.7M        23M       3.2G

MemTotal:        4016004 kB
MemFree:          129152 kB
Active:           324540 kB
Mem:          3.8G       3.7G       125M       5.7M        23M       3.2G

MemTotal:        4016004 kB
MemFree:          129524 kB
Active:           324584 kB
Mem:          3.8G       3.7G       126M       5.7M        23M       3.2G

MemTotal:        4016004 kB
MemFree:          129508 kB
Active:           324564 kB
Mem:          3.8G       3.7G       126M       5.7M        23M       3.2G

MemTotal:        4016004 kB
MemFree:          129756 kB
Active:           324556 kB
Mem:          3.8G       3.7G       126M       5.7M        23M       3.2G

MemTotal:        4016004 kB
MemFree:          129880 kB
Active:           324564 kB
Mem:          3.8G       3.7G       126M       5.7M        23M       3.2G

MemTotal:        4016004 kB
MemFree:          129136 kB
Active:           324620 kB
Mem:          3.8G       3.7G       126M       5.7M        23M       3.2G

MemTotal:        4016004 kB
MemFree:          129508 kB
Active:           324608 kB
Mem:          3.8G       3.7G       126M       5.7M        23M       3.2G

MemTotal:        4016004 kB
MemFree:          129136 kB
Active:           324620 kB
Mem:          3.8G       3.7G       126M       5.7M        23M       3.2G

